06-22 07:25:42.543  3437  3437 E McDaemon:   *****************************
06-22 07:25:42.543  3437  3437 E McDaemon:   *** ERROR: Could not initialize <t-base!
06-22 07:25:42.543  3437  3437 E McDaemon:   *** Detected in run/129()
06-22 07:25:42.543  3437  3437 E McDaemon:   *****************************
06-22 07:25:42.544  3437  3437 E McDaemon:   *****************************
06-22 07:25:42.544  3437  3437 E McDaemon:   *** ERROR: Exiting <t-base Daemon
06-22 07:25:42.544  3437  3437 E McDaemon:   *** Detected in main/1432()
06-22 07:25:42.544  3437  3437 E McDaemon:   *****************************
06-22 07:25:42.567  2919  2919 W display : release fence dup failed: Bad file descriptor
06-22 07:25:42.618  2919  2919 W display : release fence dup failed: Bad file descriptor
06-22 07:25:42.635  2919  2919 W display : release fence dup failed: Bad file descriptor
06-22 07:25:42.664  3392  3392 W Zygote  : Got error connecting to zygote, retrying. msg= No such file or directory
06-22 07:25:42.685  2919  2919 W display : release fence dup failed: Bad file descriptor
06-22 07:25:42.702  2919  2919 W display : release fence dup failed: Bad file descriptor
06-22 07:25:42.736  2919  2919 W display : release fence dup failed: Bad file descriptor
06-22 07:25:42.770  2919  2919 W display : release fence dup failed: Bad file descriptor
06-22 07:25:42.821  2919  2919 W display : release fence dup failed: Bad file descriptor
06-22 07:25:42.838  2919  2919 W display : release fence dup failed: Bad file descriptor
06-22 07:25:42.872  2919  2919 W display : release fence dup failed: Bad file descriptor
06-22 07:25:42.906  2919  2919 W display : release fence dup failed: Bad file descriptor
06-22 07:25:42.940  2919  2919 W display : release fence dup failed: Bad file descriptor
06-22 07:25:42.974  2919  2919 W display : release fence dup failed: Bad file descriptor
06-22 07:25:43.026  2919  2919 W display : release fence dup failed: Bad file descriptor
06-22 07:25:43.060  2919  2919 W display : release fence dup failed: Bad file descriptor
06-22 07:25:43.075  2919  2919 W display : release fence dup failed: Bad file descriptor
06-22 07:25:43.109  2919  2919 W display : release fence dup failed: Bad file descriptor
06-22 07:25:43.144  2919  2919 W display : release fence dup failed: Bad file descriptor
06-22 07:25:43.177  2919  2919 W display : release fence dup failed: Bad file descriptor
06-22 07:25:43.211  2919  2919 W display : release fence dup failed: Bad file descriptor
06-22 07:25:43.245  2919  2919 W display : release fence dup failed: Bad file descriptor
06-22 07:25:43.279  2919  2919 W display : release fence dup failed: Bad file descriptor
06-22 07:25:43.312  2919  2919 W display : release fence dup failed: Bad file descriptor
06-22 07:25:43.347  2919  2919 W display : release fence dup failed: Bad file descriptor
06-22 07:25:43.380  2919  2919 W display : release fence dup failed: Bad file descriptor
06-22 07:25:43.414  2919  2919 W display : release fence dup failed: Bad file descriptor
06-22 07:25:43.448  2919  2919 W display : release fence dup failed: Bad file descriptor
06-22 07:25:43.482  2919  2919 W display : release fence dup failed: Bad file descriptor
06-22 07:25:43.517  2919  2919 W display : release fence dup failed: Bad file descriptor
06-22 07:25:43.550  2919  2919 W display : release fence dup failed: Bad file descriptor
06-22 07:25:43.584  2919  2919 W display : release fence dup failed: Bad file descriptor
06-22 07:25:43.618  2919  2919 W display : release fence dup failed: Bad file descriptor
06-22 07:25:43.635  2919  2919 W display : release fence dup failed: Bad file descriptor
06-22 07:25:43.666  3392  3392 W Zygote  : Got error connecting to zygote, retrying. msg= No such file or directory
06-22 07:25:43.687  2919  2919 W display : release fence dup failed: Bad file descriptor
06-22 07:25:43.720  2919  2919 W display : release fence dup failed: Bad file descriptor
06-22 07:25:43.736  2919  2919 W display : release fence dup failed: Bad file descriptor
06-22 07:25:43.789  2919  2919 W display : release fence dup failed: Bad file descriptor
06-22 07:25:43.821  2919  2919 W display : release fence dup failed: Bad file descriptor
06-22 07:25:43.838  2919  2919 W display : release fence dup failed: Bad file descriptor
06-22 07:25:43.872  2919  2919 W display : release fence dup failed: Bad file descriptor
06-22 07:25:43.924  2919  2919 W display : release fence dup failed: Bad file descriptor
06-22 07:25:43.958  2919  2919 W display : release fence dup failed: Bad file descriptor
06-22 07:25:43.992  2919  2919 W display : release fence dup failed: Bad file descriptor
06-22 07:25:44.025  2919  2919 W display : release fence dup failed: Bad file descriptor
06-22 07:25:44.041  2919  2919 W display : release fence dup failed: Bad file descriptor
06-22 07:25:44.075  2919  2919 W display : release fence dup failed: Bad file descriptor
06-22 07:25:44.109  2919  2919 W display : release fence dup failed: Bad file descriptor
06-22 07:25:44.144  2919  2919 W display : release fence dup failed: Bad file descriptor
06-22 07:25:44.195  2919  2919 W display : release fence dup failed: Bad file descriptor
06-22 07:25:44.229  2919  2919 W display : release fence dup failed: Bad file descriptor
06-22 07:25:44.245  2919  2919 W display : release fence dup failed: Bad file descriptor
06-22 07:25:44.297  2919  2919 W display : release fence dup failed: Bad file descriptor
06-22 07:25:44.312  2919  2919 W display : release fence dup failed: Bad file descriptor
06-22 07:25:44.346  2919  2919 W display : release fence dup failed: Bad file descriptor
06-22 07:25:44.381  2919  2919 W display : release fence dup failed: Bad file descriptor
06-22 07:25:44.415  2919  2919 W display : release fence dup failed: Bad file descriptor
06-22 07:25:44.448  2919  2919 W display : release fence dup failed: Bad file descriptor
06-22 07:25:44.483  2919  2919 W display : release fence dup failed: Bad file descriptor
06-22 07:25:44.517  2919  2919 W display : release fence dup failed: Bad file descriptor
06-22 07:25:44.550  2919  2919 W display : release fence dup failed: Bad file descriptor
06-22 07:25:44.584  2919  2919 W display : release fence dup failed: Bad file descriptor
06-22 07:25:44.618  2919  2919 W display : release fence dup failed: Bad file descriptor
06-22 07:25:44.651  2919  2919 W display : release fence dup failed: Bad file descriptor
06-22 07:25:44.668  3392  3392 W Zygote  : Got error connecting to zygote, retrying. msg= No such file or directory
06-22 07:25:44.685  2919  2919 W display : release fence dup failed: Bad file descriptor
06-22 07:25:44.720  2919  2919 W display : release fence dup failed: Bad file descriptor
06-22 07:25:44.754  2919  2919 W display : release fence dup failed: Bad file descriptor
06-22 07:25:44.787  2919  2919 W display : release fence dup failed: Bad file descriptor
06-22 07:25:44.821  2919  2919 W display : release fence dup failed: Bad file descriptor
06-22 07:25:44.856  2919  2919 W display : release fence dup failed: Bad file descriptor
06-22 07:25:44.890  2919  2919 W display : release fence dup failed: Bad file descriptor
06-22 07:25:44.924  2919  2919 W display : release fence dup failed: Bad file descriptor
06-22 07:25:44.957  2919  2919 W display : release fence dup failed: Bad file descriptor
06-22 07:25:44.991  2919  2919 W display : release fence dup failed: Bad file descriptor
06-22 07:25:45.026  2919  2919 W display : release fence dup failed: Bad file descriptor
06-22 07:25:45.058  2919  2919 W display : release fence dup failed: Bad file descriptor
06-22 07:25:45.092  2919  2919 W display : release fence dup failed: Bad file descriptor
06-22 07:25:45.127  2919  2919 W display : release fence dup failed: Bad file descriptor
06-22 07:25:45.161  2919  2919 W display : release fence dup failed: Bad file descriptor
06-22 07:25:45.195  2919  2919 W display : release fence dup failed: Bad file descriptor
06-22 07:25:45.228  2919  2919 W display : release fence dup failed: Bad file descriptor
06-22 07:25:45.245  2919  2919 W display : release fence dup failed: Bad file descriptor
06-22 07:25:45.297  2919  2919 W display : release fence dup failed: Bad file descriptor
06-22 07:25:45.330  2919  2919 W display : release fence dup failed: Bad file descriptor
06-22 07:25:45.346  2919  2919 W display : release fence dup failed: Bad file descriptor
06-22 07:25:45.398  2919  2919 W display : release fence dup failed: Bad file descriptor
06-22 07:25:45.431  2919  2919 W display : release fence dup failed: Bad file descriptor
06-22 07:25:45.448  2919  2919 W display : release fence dup failed: Bad file descriptor
06-22 07:25:45.482  2919  2919 W display : release fence dup failed: Bad file descriptor
06-22 07:25:45.533  2919  2919 W display : release fence dup failed: Bad file descriptor
06-22 07:25:45.550  2919  2919 W display : release fence dup failed: Bad file descriptor
06-22 07:25:45.584  2919  2919 W display : release fence dup failed: Bad file descriptor
06-22 07:25:45.636  2919  2919 W display : release fence dup failed: Bad file descriptor
06-22 07:25:45.669  2919  2919 W display : release fence dup failed: Bad file descriptor
06-22 07:25:45.669  3392  3392 W Zygote  : Got error connecting to zygote, retrying. msg= No such file or directory
06-22 07:25:45.685  2919  2919 W display : release fence dup failed: Bad file descriptor
06-22 07:25:45.720  2919  2919 W display : release fence dup failed: Bad file descriptor
06-22 07:25:45.753  2919  2919 W display : release fence dup failed: Bad file descriptor
06-22 07:25:45.788  2919  2919 W display : release fence dup failed: Bad file descriptor
06-22 07:25:45.839  2919  2919 W display : release fence dup failed: Bad file descriptor
06-22 07:25:45.856  2919  2919 W display : release fence dup failed: Bad file descriptor
06-22 07:25:45.889  2919  2919 W display : release fence dup failed: Bad file descriptor
06-22 07:25:45.923  2919  2919 W display : release fence dup failed: Bad file descriptor
06-22 07:25:45.957  2919  2919 W display : release fence dup failed: Bad file descriptor
06-22 07:25:45.991  2919  2919 W display : release fence dup failed: Bad file descriptor
06-22 07:25:46.026  2919  2919 W display : release fence dup failed: Bad file descriptor
06-22 07:25:46.079  2919  2919 W display : release fence dup failed: Bad file descriptor
06-22 07:25:46.092  2919  2919 W display : release fence dup failed: Bad file descriptor
06-22 07:25:46.127  2919  2919 W display : release fence dup failed: Bad file descriptor
06-22 07:25:46.160  2919  2919 W display : release fence dup failed: Bad file descriptor
06-22 07:25:46.195  2919  2919 W display : release fence dup failed: Bad file descriptor
06-22 07:25:46.228  2919  2919 W display : release fence dup failed: Bad file descriptor
06-22 07:25:46.262  2919  2919 W display : release fence dup failed: Bad file descriptor
06-22 07:25:46.296  2919  2919 W display : release fence dup failed: Bad file descriptor
06-22 07:25:46.330  2919  2919 W display : release fence dup failed: Bad file descriptor
06-22 07:25:46.364  2919  2919 W display : release fence dup failed: Bad file descriptor
06-22 07:25:46.398  2919  2919 W display : release fence dup failed: Bad file descriptor
06-22 07:25:46.431  2919  2919 W display : release fence dup failed: Bad file descriptor
06-22 07:25:46.466  2919  2919 W display : release fence dup failed: Bad file descriptor
06-22 07:25:46.499  2919  2919 W display : release fence dup failed: Bad file descriptor
06-22 07:25:46.534  2919  2919 W display : release fence dup failed: Bad file descriptor
06-22 07:25:46.567  2919  2919 W display : release fence dup failed: Bad file descriptor
06-22 07:25:46.601  2919  2919 W display : release fence dup failed: Bad file descriptor
06-22 07:25:46.635  2919  2919 W display : release fence dup failed: Bad file descriptor
06-22 07:25:46.670  2919  2919 W display : release fence dup failed: Bad file descriptor
06-22 07:25:46.671  3392  3392 W Zygote  : Got error connecting to zygote, retrying. msg= No such file or directory
06-22 07:25:46.704  2919  2919 W display : release fence dup failed: Bad file descriptor
06-22 07:25:46.736  2919  2919 W display : release fence dup failed: Bad file descriptor
06-22 07:25:46.771  2919  2919 W display : release fence dup failed: Bad file descriptor
06-22 07:25:46.805  2919  2919 W display : release fence dup failed: Bad file descriptor
06-22 07:25:46.839  2919  2919 W display : release fence dup failed: Bad file descriptor
06-22 07:25:46.872  2919  2919 W display : release fence dup failed: Bad file descriptor
06-22 07:25:46.889  2919  2919 W display : release fence dup failed: Bad file descriptor
06-22 07:25:46.922  2919  2919 W display : release fence dup failed: Bad file descriptor
06-22 07:25:46.974  2919  2919 W display : release fence dup failed: Bad file descriptor
06-22 07:25:46.991  2919  2919 W display : release fence dup failed: Bad file descriptor
06-22 07:25:47.042  2919  2919 W display : release fence dup failed: Bad file descriptor
06-22 07:25:47.076  2919  2919 W display : release fence dup failed: Bad file descriptor
06-22 07:25:47.109  2919  2919 W display : release fence dup failed: Bad file descriptor
06-22 07:25:47.126  2919  2919 W display : release fence dup failed: Bad file descriptor
06-22 07:25:47.177  2919  2919 W display : release fence dup failed: Bad file descriptor
06-22 07:25:47.194  2919  2919 W display : release fence dup failed: Bad file descriptor
06-22 07:25:47.228  2919  2919 W display : release fence dup failed: Bad file descriptor
06-22 07:25:47.262  2919  2919 W display : release fence dup failed: Bad file descriptor
06-22 07:25:47.296  2919  2919 W display : release fence dup failed: Bad file descriptor
06-22 07:25:47.347  2919  2919 W display : release fence dup failed: Bad file descriptor
06-22 07:25:47.364  2919  2919 W display : release fence dup failed: Bad file descriptor
06-22 07:25:47.415  2919  2919 W display : release fence dup failed: Bad file descriptor
06-22 07:25:47.431  2919  2919 W display : release fence dup failed: Bad file descriptor
06-22 07:25:47.465  2919  2919 W display : release fence dup failed: Bad file descriptor
06-22 07:25:47.499  2919  2919 W display : release fence dup failed: Bad file descriptor
06-22 07:25:47.533  2919  2919 W display : release fence dup failed: Bad file descriptor
06-22 07:25:47.568  2919  2919 W display : release fence dup failed: Bad file descriptor
06-22 07:25:47.577  3439  3439 I McDaemon: Daemon starting up...
06-22 07:25:47.577  3439  3439 I McDaemon: Socket interface version is 0.2
06-22 07:25:47.578  3439  3439 I McDaemon: Build by artcas01@artcas01-PC 11/30/15 10:06:36
06-22 07:25:47.578  3439  3439 I McDaemon: Build timestamp is Jun 22 2016 03:17:52
06-22 07:25:47.578  3439  3439 E McDaemon:   *****************************
06-22 07:25:47.578  3439  3439 E McDaemon:   *** ERROR: ioctl MC_IO_VERSION failed with "Not a typewriter"(errno 25)
06-22 07:25:47.578  3439  3439 E McDaemon:   *** Detected in checkVersion/540()
06-22 07:25:47.578  3439  3439 E McDaemon:   *****************************
06-22 07:25:47.578  3439  3439 E McDaemon:   *****************************
06-22 07:25:47.578  3439  3439 E McDaemon:   *** ERROR: ret = -1
06-22 07:25:47.578  3439  3439 E McDaemon:   *** Detected in checkVersion/541()
06-22 07:25:47.578  3439  3439 E McDaemon:   *****************************
06-22 07:25:47.578  3439  3439 E McDaemon:   *****************************
06-22 07:25:47.578  3439  3439 E McDaemon:   *** ERROR: kernel module version mismatch
06-22 07:25:47.578  3439  3439 E McDaemon:   *** Detected in initDevice/115()
06-22 07:25:47.578  3439  3439 E McDaemon:   *****************************
06-22 07:25:47.578  3439  3439 E McDaemon:   *****************************
06-22 07:25:47.578  3439  3439 E McDaemon:   *** ERROR: Could not initialize <t-base!
06-22 07:25:47.578  3439  3439 E McDaemon:   *** Detected in run/129()
06-22 07:25:47.578  3439  3439 E McDaemon:   *****************************
06-22 07:25:47.578  3439  3439 E McDaemon:   *****************************
06-22 07:25:47.578  3439  3439 E McDaemon:   *** ERROR: Exiting <t-base Daemon
06-22 07:25:47.578  3439  3439 E McDaemon:   *** Detected in main/1432()
06-22 07:25:47.578  3439  3439 E McDaemon:   *****************************
06-22 07:25:47.618  2919  2919 W display : release fence dup failed: Bad file descriptor
06-22 07:25:47.635  2919  2919 W display : release fence dup failed: Bad file descriptor
06-22 07:25:47.669  2919  2919 W display : release fence dup failed: Bad file descriptor
06-22 07:25:47.672  3392  3392 W Zygote  : Got error connecting to zygote, retrying. msg= No such file or directory
06-22 07:25:47.719  2919  2919 W display : release fence dup failed: Bad file descriptor
06-22 07:25:47.736  2919  2919 W display : release fence dup failed: Bad file descriptor
06-22 07:25:47.770  2919  2919 W display : release fence dup failed: Bad file descriptor
06-22 07:25:47.804  2919  2919 W display : release fence dup failed: Bad file descriptor
06-22 07:25:47.838  2919  2919 W display : release fence dup failed: Bad file descriptor
06-22 07:25:47.872  2919  2919 W display : release fence dup failed: Bad file descriptor
06-22 07:25:47.906  2919  2919 W display : release fence dup failed: Bad file descriptor
06-22 07:25:47.940  2919  2919 W display : release fence dup failed: Bad file descriptor
06-22 07:25:47.973  2919  2919 W display : release fence dup failed: Bad file descriptor
06-22 07:25:48.008  2919  2919 W display : release fence dup failed: Bad file descriptor
06-22 07:25:48.041  2919  2919 W display : release fence dup failed: Bad file descriptor
06-22 07:25:48.076  2919  2919 W display : release fence dup failed: Bad file descriptor
06-22 07:25:48.110  2919  2919 W display : release fence dup failed: Bad file descriptor
06-22 07:25:48.143  2919  2919 W display : release fence dup failed: Bad file descriptor
06-22 07:25:48.177  2919  2919 W display : release fence dup failed: Bad file descriptor
06-22 07:25:48.211  2919  2919 W display : release fence dup failed: Bad file descriptor
06-22 07:25:48.246  2919  2919 W display : release fence dup failed: Bad file descriptor
06-22 07:25:48.297  2919  2919 W display : release fence dup failed: Bad file descriptor
06-22 07:25:48.313  2919  2919 W display : release fence dup failed: Bad file descriptor
06-22 07:25:48.347  2919  2919 W display : release fence dup failed: Bad file descriptor
06-22 07:25:48.380  2919  2919 W display : release fence dup failed: Bad file descriptor
06-22 07:25:48.397  2919  2919 W display : release fence dup failed: Bad file descriptor
06-22 07:25:48.448  2919  2919 W display : release fence dup failed: Bad file descriptor
06-22 07:25:48.465  2919  2919 W display : release fence dup failed: Bad file descriptor
06-22 07:25:48.517  2919  2919 W display : release fence dup failed: Bad file descriptor
06-22 07:25:48.551  2919  2919 W display : release fence dup failed: Bad file descriptor
06-22 07:25:48.585  2919  2919 W display : release fence dup failed: Bad file descriptor
06-22 07:25:48.618  2919  2919 W display : release fence dup failed: Bad file descriptor
06-22 07:25:48.635  2919  2919 W display : release fence dup failed: Bad file descriptor
06-22 07:25:48.669  2919  2919 W display : release fence dup failed: Bad file descriptor
06-22 07:25:48.674  3392  3392 W Zygote  : Got error connecting to zygote, retrying. msg= No such file or directory
06-22 07:25:48.719  2919  2919 W display : release fence dup failed: Bad file descriptor
06-22 07:25:48.736  2919  2919 W display : release fence dup failed: Bad file descriptor
06-22 07:25:48.789  2919  2919 W display : release fence dup failed: Bad file descriptor
06-22 07:25:48.821  2919  2919 W display : release fence dup failed: Bad file descriptor
06-22 07:25:48.838  2919  2919 W display : release fence dup failed: Bad file descriptor
06-22 07:25:48.889  2919  2919 W display : release fence dup failed: Bad file descriptor
06-22 07:25:48.906  2919  2919 W display : release fence dup failed: Bad file descriptor
06-22 07:25:48.958  2919  2919 W display : release fence dup failed: Bad file descriptor
06-22 07:25:48.991  2919  2919 W display : release fence dup failed: Bad file descriptor
06-22 07:25:49.008  2919  2919 W display : release fence dup failed: Bad file descriptor
06-22 07:25:49.059  2919  2919 W display : release fence dup failed: Bad file descriptor
06-22 07:25:49.075  2919  2919 W display : release fence dup failed: Bad file descriptor
06-22 07:25:49.109  2919  2919 W display : release fence dup failed: Bad file descriptor
06-22 07:25:49.143  2919  2919 W display : release fence dup failed: Bad file descriptor
06-22 07:25:49.196  2919  2919 W display : release fence dup failed: Bad file descriptor
06-22 07:25:49.229  2919  2919 W display : release fence dup failed: Bad file descriptor
06-22 07:25:49.245  2919  2919 W display : release fence dup failed: Bad file descriptor
06-22 07:25:49.279  2919  2919 W display : release fence dup failed: Bad file descriptor
06-22 07:25:49.312  2919  2919 W display : release fence dup failed: Bad file descriptor
06-22 07:25:49.347  2919  2919 W display : release fence dup failed: Bad file descriptor
06-22 07:25:49.381  2919  2919 W display : release fence dup failed: Bad file descriptor
06-22 07:25:49.432  2919  2919 W display : release fence dup failed: Bad file descriptor
06-22 07:25:49.449  2919  2919 W display : release fence dup failed: Bad file descriptor
06-22 07:25:49.482  2919  2919 W display : release fence dup failed: Bad file descriptor
06-22 07:25:49.516  2919  2919 W display : release fence dup failed: Bad file descriptor
06-22 07:25:49.568  2919  2919 W display : release fence dup failed: Bad file descriptor
06-22 07:25:49.602  2919  2919 W display : release fence dup failed: Bad file descriptor
06-22 07:25:49.618  2919  2919 W display : release fence dup failed: Bad file descriptor
06-22 07:25:49.652  2919  2919 W display : release fence dup failed: Bad file descriptor
06-22 07:25:49.675  3392  3392 W Zygote  : Got error connecting to zygote, retrying. msg= No such file or directory
06-22 07:25:49.685  2919  2919 W display : release fence dup failed: Bad file descriptor
06-22 07:25:49.719  2919  2919 W display : release fence dup failed: Bad file descriptor
06-22 07:25:49.753  2919  2919 W display : release fence dup failed: Bad file descriptor
06-22 07:25:49.787  2919  2919 W display : release fence dup failed: Bad file descriptor
06-22 07:25:49.821  2919  2919 W display : release fence dup failed: Bad file descriptor
06-22 07:25:49.856  2919  2919 W display : release fence dup failed: Bad file descriptor
06-22 07:25:49.906  2919  2919 W display : release fence dup failed: Bad file descriptor
06-22 07:25:49.923  2919  2919 W display : release fence dup failed: Bad file descriptor
06-22 07:25:49.957  2919  2919 W display : release fence dup failed: Bad file descriptor
06-22 07:25:49.991  2919  2919 W display : release fence dup failed: Bad file descriptor
06-22 07:25:50.024  2919  2919 W display : release fence dup failed: Bad file descriptor
06-22 07:25:50.059  2919  2919 W display : release fence dup failed: Bad file descriptor
06-22 07:25:50.093  2919  2919 W display : release fence dup failed: Bad file descriptor
06-22 07:25:50.126  2919  2919 W display : release fence dup failed: Bad file descriptor
06-22 07:25:50.143  2919  2919 W display : release fence dup failed: Bad file descriptor
06-22 07:25:50.195  2919  2919 W display : release fence dup failed: Bad file descriptor
06-22 07:25:50.228  2919  2919 W display : release fence dup failed: Bad file descriptor
06-22 07:25:50.245  2919  2919 W display : release fence dup failed: Bad file descriptor
06-22 07:25:50.279  2919  2919 W display : release fence dup failed: Bad file descriptor
06-22 07:25:50.312  2919  2919 W display : release fence dup failed: Bad file descriptor
06-22 07:25:50.365  2919  2919 W display : release fence dup failed: Bad file descriptor
06-22 07:25:50.398  2919  2919 W display : release fence dup failed: Bad file descriptor
06-22 07:25:50.414  2919  2919 W display : release fence dup failed: Bad file descriptor
06-22 07:25:50.466  2919  2919 W display : release fence dup failed: Bad file descriptor
06-22 07:25:50.499  2919  2919 W display : release fence dup failed: Bad file descriptor
06-22 07:25:50.516  2919  2919 W display : release fence dup failed: Bad file descriptor
06-22 07:25:50.568  2919  2919 W display : release fence dup failed: Bad file descriptor
06-22 07:25:50.601  2919  2919 W display : release fence dup failed: Bad file descriptor
06-22 07:25:50.618  2919  2919 W display : release fence dup failed: Bad file descriptor
06-22 07:25:50.670  2919  2919 W display : release fence dup failed: Bad file descriptor
06-22 07:25:50.677  3392  3392 W Zygote  : Got error connecting to zygote, retrying. msg= No such file or directory
06-22 07:25:50.704  2919  2919 W display : release fence dup failed: Bad file descriptor
06-22 07:25:50.736  2919  2919 W display : release fence dup failed: Bad file descriptor
06-22 07:25:50.753  2919  2919 W display : release fence dup failed: Bad file descriptor
06-22 07:25:50.804  2919  2919 W display : release fence dup failed: Bad file descriptor
06-22 07:25:50.821  2919  2919 W display : release fence dup failed: Bad file descriptor
06-22 07:25:50.855  2919  2919 W display : release fence dup failed: Bad file descriptor
06-22 07:25:50.889  2919  2919 W display : release fence dup failed: Bad file descriptor
06-22 07:25:50.941  2919  2919 W display : release fence dup failed: Bad file descriptor
06-22 07:25:50.975  2919  2919 W display : release fence dup failed: Bad file descriptor
06-22 07:25:51.008  2919  2919 W display : release fence dup failed: Bad file descriptor
06-22 07:25:51.025  2919  2919 W display : release fence dup failed: Bad file descriptor
06-22 07:25:51.059  2919  2919 W display : release fence dup failed: Bad file descriptor
06-22 07:25:51.092  2919  2919 W display : release fence dup failed: Bad file descriptor
06-22 07:25:51.127  2919  2919 W display : release fence dup failed: Bad file descriptor
06-22 07:25:51.161  2919  2919 W display : release fence dup failed: Bad file descriptor
06-22 07:25:51.211  2919  2919 W display : release fence dup failed: Bad file descriptor
06-22 07:25:51.228  2919  2919 W display : release fence dup failed: Bad file descriptor
06-22 07:25:51.262  2919  2919 W display : release fence dup failed: Bad file descriptor
06-22 07:25:51.296  2919  2919 W display : release fence dup failed: Bad file descriptor
06-22 07:25:51.330  2919  2919 W display : release fence dup failed: Bad file descriptor
06-22 07:25:51.364  2919  2919 W display : release fence dup failed: Bad file descriptor
06-22 07:25:51.398  2919  2919 W display : release fence dup failed: Bad file descriptor
06-22 07:25:51.432  2919  2919 W display : release fence dup failed: Bad file descriptor
06-22 07:25:51.466  2919  2919 W display : release fence dup failed: Bad file descriptor
06-22 07:25:51.500  2919  2919 W display : release fence dup failed: Bad file descriptor
06-22 07:25:51.533  2919  2919 W display : release fence dup failed: Bad file descriptor
06-22 07:25:51.567  2919  2919 W display : release fence dup failed: Bad file descriptor
06-22 07:25:51.601  2919  2919 W display : release fence dup failed: Bad file descriptor
06-22 07:25:51.635  2919  2919 W display : release fence dup failed: Bad file descriptor
06-22 07:25:51.669  2919  2919 W display : release fence dup failed: Bad file descriptor
06-22 07:25:51.679  3392  3392 W Zygote  : Got error connecting to zygote, retrying. msg= No such file or directory
06-22 07:25:51.703  2919  2919 W display : release fence dup failed: Bad file descriptor
06-22 07:25:51.736  2919  2919 W display : release fence dup failed: Bad file descriptor
06-22 07:25:51.753  2919  2919 W display : release fence dup failed: Bad file descriptor
06-22 07:25:51.804  2919  2919 W display : release fence dup failed: Bad file descriptor
06-22 07:25:51.821  2919  2919 W display : release fence dup failed: Bad file descriptor
06-22 07:25:51.872  2919  2919 W display : release fence dup failed: Bad file descriptor
06-22 07:25:51.889  2919  2919 W display : release fence dup failed: Bad file descriptor
06-22 07:25:51.923  2919  2919 W display : release fence dup failed: Bad file descriptor
06-22 07:25:51.974  2919  2919 W display : release fence dup failed: Bad file descriptor
06-22 07:25:52.008  2919  2919 W display : release fence dup failed: Bad file descriptor
06-22 07:25:52.042  2919  2919 W display : release fence dup failed: Bad file descriptor
06-22 07:25:52.058  2919  2919 W display : release fence dup failed: Bad file descriptor
06-22 07:25:52.092  2919  2919 W display : release fence dup failed: Bad file descriptor
06-22 07:25:52.144  2919  2919 W display : release fence dup failed: Bad file descriptor
06-22 07:25:52.178  2919  2919 W display : release fence dup failed: Bad file descriptor
06-22 07:25:52.211  2919  2919 W display : release fence dup failed: Bad file descriptor
06-22 07:25:52.228  2919  2919 W display : release fence dup failed: Bad file descriptor
06-22 07:25:52.279  2919  2919 W display : release fence dup failed: Bad file descriptor
06-22 07:25:52.296  2919  2919 W display : release fence dup failed: Bad file descriptor
06-22 07:25:52.348  2919  2919 W display : release fence dup failed: Bad file descriptor
06-22 07:25:52.382  2919  2919 W display : release fence dup failed: Bad file descriptor
06-22 07:25:52.415  2919  2919 W display : release fence dup failed: Bad file descriptor
06-22 07:25:52.432  2919  2919 W display : release fence dup failed: Bad file descriptor
06-22 07:25:52.466  2919  2919 W display : release fence dup failed: Bad file descriptor
06-22 07:25:52.500  2919  2919 W display : release fence dup failed: Bad file descriptor
06-22 07:25:52.551  2919  2919 W display : release fence dup failed: Bad file descriptor
06-22 07:25:52.567  2919  2919 W display : release fence dup failed: Bad file descriptor
06-22 07:25:52.601  2919  2919 W display : release fence dup failed: Bad file descriptor
06-22 07:25:52.609  3442  3442 I McDaemon: Daemon starting up...
06-22 07:25:52.609  3442  3442 I McDaemon: Socket interface version is 0.2
06-22 07:25:52.609  3442  3442 I McDaemon: Build by artcas01@artcas01-PC 11/30/15 10:06:36
06-22 07:25:52.609  3442  3442 I McDaemon: Build timestamp is Jun 22 2016 03:17:52
06-22 07:25:52.609  3442  3442 E McDaemon:   *****************************
06-22 07:25:52.609  3442  3442 E McDaemon:   *** ERROR: ioctl MC_IO_VERSION failed with "Not a typewriter"(errno 25)
06-22 07:25:52.609  3442  3442 E McDaemon:   *** Detected in checkVersion/540()
06-22 07:25:52.609  3442  3442 E McDaemon:   *****************************
06-22 07:25:52.609  3442  3442 E McDaemon:   *****************************
06-22 07:25:52.609  3442  3442 E McDaemon:   *** ERROR: ret = -1
06-22 07:25:52.609  3442  3442 E McDaemon:   *** Detected in checkVersion/541()
06-22 07:25:52.609  3442  3442 E McDaemon:   *****************************
06-22 07:25:52.609  3442  3442 E McDaemon:   *****************************
06-22 07:25:52.609  3442  3442 E McDaemon:   *** ERROR: kernel module version mismatch
06-22 07:25:52.609  3442  3442 E McDaemon:   *** Detected in initDevice/115()
06-22 07:25:52.609  3442  3442 E McDaemon:   *****************************
06-22 07:25:52.609  3442  3442 E McDaemon:   *****************************
06-22 07:25:52.609  3442  3442 E McDaemon:   *** ERROR: Could not initialize <t-base!
06-22 07:25:52.609  3442  3442 E McDaemon:   *** Detected in run/129()
06-22 07:25:52.609  3442  3442 E McDaemon:   *****************************
06-22 07:25:52.609  3442  3442 E McDaemon:   *****************************
06-22 07:25:52.609  3442  3442 E McDaemon:   *** ERROR: Exiting <t-base Daemon
06-22 07:25:52.609  3442  3442 E McDaemon:   *** Detected in main/1432()
06-22 07:25:52.609  3442  3442 E McDaemon:   *****************************
06-22 07:25:52.635  2919  2919 W display : release fence dup failed: Bad file descriptor
06-22 07:25:52.669  2919  2919 W display : release fence dup failed: Bad file descriptor
06-22 07:25:52.681  3392  3392 W Zygote  : Got error connecting to zygote, retrying. msg= No such file or directory
06-22 07:25:52.703  2919  2919 W display : release fence dup failed: Bad file descriptor
06-22 07:25:52.737  2919  2919 W display : release fence dup failed: Bad file descriptor
06-22 07:25:52.770  2919  2919 W display : release fence dup failed: Bad file descriptor
06-22 07:25:52.804  2919  2919 W display : release fence dup failed: Bad file descriptor
06-22 07:25:52.838  2919  2919 W display : release fence dup failed: Bad file descriptor
06-22 07:25:52.872  2919  2919 W display : release fence dup failed: Bad file descriptor
06-22 07:25:52.906  2919  2919 W display : release fence dup failed: Bad file descriptor
06-22 07:25:52.940  2919  2919 W display : release fence dup failed: Bad file descriptor
06-22 07:25:52.975  2919  2919 W display : release fence dup failed: Bad file descriptor
06-22 07:25:53.008  2919  2919 W display : release fence dup failed: Bad file descriptor
06-22 07:25:53.042  2919  2919 W display : release fence dup failed: Bad file descriptor
06-22 07:25:53.076  2919  2919 W display : release fence dup failed: Bad file descriptor
06-22 07:25:53.110  2919  2919 W display : release fence dup failed: Bad file descriptor
06-22 07:25:53.144  2919  2919 W display : release fence dup failed: Bad file descriptor
06-22 07:25:53.178  2919  2919 W display : release fence dup failed: Bad file descriptor
06-22 07:25:53.212  2919  2919 W display : release fence dup failed: Bad file descriptor
06-22 07:25:53.246  2919  2919 W display : release fence dup failed: Bad file descriptor
06-22 07:25:53.279  2919  2919 W display : release fence dup failed: Bad file descriptor
06-22 07:25:53.313  2919  2919 W display : release fence dup failed: Bad file descriptor
06-22 07:25:53.330  2919  2919 W display : release fence dup failed: Bad file descriptor
06-22 07:25:53.381  2919  2919 W display : release fence dup failed: Bad file descriptor
06-22 07:25:53.415  2919  2919 W display : release fence dup failed: Bad file descriptor
06-22 07:25:53.450  2919  2919 W display : release fence dup failed: Bad file descriptor
06-22 07:25:53.483  2919  2919 W display : release fence dup failed: Bad file descriptor
06-22 07:25:53.517  2919  2919 W display : release fence dup failed: Bad file descriptor
06-22 07:25:53.550  2919  2919 W display : release fence dup failed: Bad file descriptor
06-22 07:25:53.567  2919  2919 W display : release fence dup failed: Bad file descriptor
06-22 07:25:53.618  2919  2919 W display : release fence dup failed: Bad file descriptor
06-22 07:25:53.652  2919  2919 W display : release fence dup failed: Bad file descriptor
06-22 07:25:53.682  3392  3392 W Zygote  : Got error connecting to zygote, retrying. msg= No such file or directory
06-22 07:25:53.687  2919  2919 W display : release fence dup failed: Bad file descriptor
06-22 07:25:53.720  2919  2919 W display : release fence dup failed: Bad file descriptor
06-22 07:25:53.736  2919  2919 W display : release fence dup failed: Bad file descriptor
06-22 07:25:53.787  2919  2919 W display : release fence dup failed: Bad file descriptor
06-22 07:25:53.804  2919  2919 W display : release fence dup failed: Bad file descriptor
06-22 07:25:53.856  2919  2919 W display : release fence dup failed: Bad file descriptor
06-22 07:25:53.890  2919  2919 W display : release fence dup failed: Bad file descriptor
06-22 07:25:53.924  2919  2919 W display : release fence dup failed: Bad file descriptor
06-22 07:25:53.958  2919  2919 W display : release fence dup failed: Bad file descriptor
06-22 07:25:53.991  2919  2919 W display : release fence dup failed: Bad file descriptor
06-22 07:25:54.008  2919  2919 W display : release fence dup failed: Bad file descriptor
06-22 07:25:54.059  2919  2919 W display : release fence dup failed: Bad file descriptor
06-22 07:25:54.075  2919  2919 W display : release fence dup failed: Bad file descriptor
06-22 07:25:54.128  2919  2919 W display : release fence dup failed: Bad file descriptor
06-22 07:25:54.160  2919  2919 W display : release fence dup failed: Bad file descriptor
06-22 07:25:54.177  2919  2919 W display : release fence dup failed: Bad file descriptor
06-22 07:25:54.211  2919  2919 W display : release fence dup failed: Bad file descriptor
06-22 07:25:54.245  2919  2919 W display : release fence dup failed: Bad file descriptor
06-22 07:25:54.296  2919  2919 W display : release fence dup failed: Bad file descriptor
06-22 07:25:54.313  2919  2919 W display : release fence dup failed: Bad file descriptor
06-22 07:25:54.347  2919  2919 W display : release fence dup failed: Bad file descriptor
06-22 07:25:54.381  2919  2919 W display : release fence dup failed: Bad file descriptor
06-22 07:25:54.415  2919  2919 W display : release fence dup failed: Bad file descriptor
06-22 07:25:54.448  2919  2919 W display : release fence dup failed: Bad file descriptor
06-22 07:25:54.482  2919  2919 W display : release fence dup failed: Bad file descriptor
06-22 07:25:54.517  2919  2919 W display : release fence dup failed: Bad file descriptor
06-22 07:25:54.550  2919  2919 W display : release fence dup failed: Bad file descriptor
06-22 07:25:54.584  2919  2919 W display : release fence dup failed: Bad file descriptor
06-22 07:25:54.641  2919  2919 W display : release fence dup failed: Bad file descriptor
06-22 07:25:54.651  2919  2919 W display : release fence dup failed: Bad file descriptor
06-22 07:25:54.684  3392  3392 W Zygote  : Got error connecting to zygote, retrying. msg= No such file or directory
06-22 07:25:54.685  2919  2919 W display : release fence dup failed: Bad file descriptor
06-22 07:25:54.719  2919  2919 W display : release fence dup failed: Bad file descriptor
06-22 07:25:54.753  2919  2919 W display : release fence dup failed: Bad file descriptor
06-22 07:25:54.787  2919  2919 W display : release fence dup failed: Bad file descriptor
06-22 07:25:54.821  2919  2919 W display : release fence dup failed: Bad file descriptor
06-22 07:25:54.855  2919  2919 W display : release fence dup failed: Bad file descriptor
06-22 07:25:54.889  2919  2919 W display : release fence dup failed: Bad file descriptor
06-22 07:25:54.923  2919  2919 W display : release fence dup failed: Bad file descriptor
06-22 07:25:54.957  2919  2919 W display : release fence dup failed: Bad file descriptor
06-22 07:25:54.991  2919  2919 W display : release fence dup failed: Bad file descriptor
06-22 07:25:55.024  2919  2919 W display : release fence dup failed: Bad file descriptor
06-22 07:25:55.041  2919  2919 W display : release fence dup failed: Bad file descriptor
06-22 07:25:55.109  2919  2919 W display : release fence dup failed: Bad file descriptor
06-22 07:25:55.126  2919  2919 W display : release fence dup failed: Bad file descriptor
06-22 07:25:55.143  2919  2919 W display : release fence dup failed: Bad file descriptor
06-22 07:25:55.178  2919  2919 W display : release fence dup failed: Bad file descriptor
06-22 07:25:55.211  2919  2919 W display : release fence dup failed: Bad file descriptor
06-22 07:25:55.246  2919  2919 W display : release fence dup failed: Bad file descriptor
06-22 07:25:55.297  2919  2919 W display : release fence dup failed: Bad file descriptor
06-22 07:25:55.330  2919  2919 W display : release fence dup failed: Bad file descriptor
06-22 07:25:55.346  2919  2919 W display : release fence dup failed: Bad file descriptor
06-22 07:25:55.399  2919  2919 W display : release fence dup failed: Bad file descriptor
06-22 07:25:55.433  2919  2919 W display : release fence dup failed: Bad file descriptor
06-22 07:25:55.466  2919  2919 W display : release fence dup failed: Bad file descriptor
06-22 07:25:55.500  2919  2919 W display : release fence dup failed: Bad file descriptor
06-22 07:25:55.534  2919  2919 W display : release fence dup failed: Bad file descriptor
06-22 07:25:55.568  2919  2919 W display : release fence dup failed: Bad file descriptor
06-22 07:25:55.584  2919  2919 W display : release fence dup failed: Bad file descriptor
06-22 07:25:55.618  2919  2919 W display : release fence dup failed: Bad file descriptor
06-22 07:25:55.652  2919  2919 W display : release fence dup failed: Bad file descriptor
06-22 07:25:55.686  3392  3392 W Zygote  : Got error connecting to zygote, retrying. msg= No such file or directory
06-22 07:25:55.687  2919  2919 W display : release fence dup failed: Bad file descriptor
06-22 07:25:55.737  2919  2919 W display : release fence dup failed: Bad file descriptor
06-22 07:25:55.753  2919  2919 W display : release fence dup failed: Bad file descriptor
06-22 07:25:55.788  2919  2919 W display : release fence dup failed: Bad file descriptor
06-22 07:25:55.839  2919  2919 W display : release fence dup failed: Bad file descriptor
06-22 07:25:55.856  2919  2919 W display : release fence dup failed: Bad file descriptor
06-22 07:25:55.906  2919  2919 W display : release fence dup failed: Bad file descriptor
06-22 07:25:55.923  2919  2919 W display : release fence dup failed: Bad file descriptor
06-22 07:25:55.957  2919  2919 W display : release fence dup failed: Bad file descriptor
06-22 07:25:55.991  2919  2919 W display : release fence dup failed: Bad file descriptor
06-22 07:25:56.025  2919  2919 W display : release fence dup failed: Bad file descriptor
06-22 07:25:56.059  2919  2919 W display : release fence dup failed: Bad file descriptor
06-22 07:25:56.110  2919  2919 W display : release fence dup failed: Bad file descriptor
06-22 07:25:56.127  2919  2919 W display : release fence dup failed: Bad file descriptor
06-22 07:25:56.160  2919  2919 W display : release fence dup failed: Bad file descriptor
06-22 07:25:56.194  2919  2919 W display : release fence dup failed: Bad file descriptor
06-22 07:25:56.246  2919  2919 W display : release fence dup failed: Bad file descriptor
06-22 07:25:56.262  2919  2919 W display : release fence dup failed: Bad file descriptor
06-22 07:25:56.297  2919  2919 W display : release fence dup failed: Bad file descriptor
06-22 07:25:56.330  2919  2919 W display : release fence dup failed: Bad file descriptor
06-22 07:25:56.363  2919  2919 W display : release fence dup failed: Bad file descriptor
06-22 07:25:56.398  2919  2919 W display : release fence dup failed: Bad file descriptor
06-22 07:25:56.432  2919  2919 W display : release fence dup failed: Bad file descriptor
06-22 07:25:56.466  2919  2919 W display : release fence dup failed: Bad file descriptor
06-22 07:25:56.499  2919  2919 W display : release fence dup failed: Bad file descriptor
06-22 07:25:56.533  2919  2919 W display : release fence dup failed: Bad file descriptor
06-22 07:25:56.567  2919  2919 W display : release fence dup failed: Bad file descriptor
06-22 07:25:56.601  2919  2919 W display : release fence dup failed: Bad file descriptor
06-22 07:25:56.635  2919  2919 W display : release fence dup failed: Bad file descriptor
06-22 07:25:56.670  2919  2919 W display : release fence dup failed: Bad file descriptor
06-22 07:25:56.688  3392  3392 W Zygote  : Got error connecting to zygote, retrying. msg= No such file or directory
06-22 07:25:56.702  2919  2919 W display : release fence dup failed: Bad file descriptor
06-22 07:25:56.719  2919  2919 W display : release fence dup failed: Bad file descriptor
06-22 07:25:56.771  2919  2919 W display : release fence dup failed: Bad file descriptor
06-22 07:25:56.804  2919  2919 W display : release fence dup failed: Bad file descriptor
06-22 07:25:56.821  2919  2919 W display : release fence dup failed: Bad file descriptor
06-22 07:25:56.856  2919  2919 W display : release fence dup failed: Bad file descriptor
06-22 07:25:56.906  2919  2919 W display : release fence dup failed: Bad file descriptor
06-22 07:25:56.923  2919  2919 W display : release fence dup failed: Bad file descriptor
06-22 07:25:56.974  2919  2919 W display : release fence dup failed: Bad file descriptor
06-22 07:25:56.990  2919  2919 W display : release fence dup failed: Bad file descriptor
06-22 07:25:57.043  2919  2919 W display : release fence dup failed: Bad file descriptor
06-22 07:25:57.077  2919  2919 W display : release fence dup failed: Bad file descriptor
06-22 07:25:57.109  2919  2919 W display : release fence dup failed: Bad file descriptor
06-22 07:25:57.126  2919  2919 W display : release fence dup failed: Bad file descriptor
06-22 07:25:57.177  2919  2919 W display : release fence dup failed: Bad file descriptor
06-22 07:25:57.194  2919  2919 W display : release fence dup failed: Bad file descriptor
06-22 07:25:57.245  2919  2919 W display : release fence dup failed: Bad file descriptor
06-22 07:25:57.262  2919  2919 W display : release fence dup failed: Bad file descriptor
06-22 07:25:57.296  2919  2919 W display : release fence dup failed: Bad file descriptor
06-22 07:25:57.347  2919  2919 W display : release fence dup failed: Bad file descriptor
06-22 07:25:57.364  2919  2919 W display : release fence dup failed: Bad file descriptor
06-22 07:25:57.397  2919  2919 W display : release fence dup failed: Bad file descriptor
06-22 07:25:57.431  2919  2919 W display : release fence dup failed: Bad file descriptor
06-22 07:25:57.466  2919  2919 W display : release fence dup failed: Bad file descriptor
06-22 07:25:57.500  2919  2919 W display : release fence dup failed: Bad file descriptor
06-22 07:25:57.550  2919  2919 W display : release fence dup failed: Bad file descriptor
06-22 07:25:57.567  2919  2919 W display : release fence dup failed: Bad file descriptor
06-22 07:25:57.618  2919  2919 W display : release fence dup failed: Bad file descriptor
06-22 07:25:57.635  2919  2919 W display : release fence dup failed: Bad file descriptor
06-22 07:25:57.639  3444  3444 I McDaemon: Daemon starting up...
06-22 07:25:57.639  3444  3444 I McDaemon: Socket interface version is 0.2
06-22 07:25:57.639  3444  3444 I McDaemon: Build by artcas01@artcas01-PC 11/30/15 10:06:36
06-22 07:25:57.639  3444  3444 I McDaemon: Build timestamp is Jun 22 2016 03:17:52
06-22 07:25:57.639  3444  3444 E McDaemon:   *****************************
06-22 07:25:57.639  3444  3444 E McDaemon:   *** ERROR: ioctl MC_IO_VERSION failed with "Not a typewriter"(errno 25)
06-22 07:25:57.639  3444  3444 E McDaemon:   *** Detected in checkVersion/540()
06-22 07:25:57.639  3444  3444 E McDaemon:   *****************************
06-22 07:25:57.639  3444  3444 E McDaemon:   *****************************
06-22 07:25:57.639  3444  3444 E McDaemon:   *** ERROR: ret = -1
06-22 07:25:57.639  3444  3444 E McDaemon:   *** Detected in checkVersion/541()
06-22 07:25:57.639  3444  3444 E McDaemon:   *****************************
06-22 07:25:57.639  3444  3444 E McDaemon:   *****************************
06-22 07:25:57.639  3444  3444 E McDaemon:   *** ERROR: kernel module version mismatch
06-22 07:25:57.639  3444  3444 E McDaemon:   *** Detected in initDevice/115()
06-22 07:25:57.639  3444  3444 E McDaemon:   *****************************
06-22 07:25:57.639  3444  3444 E McDaemon:   *****************************
06-22 07:25:57.639  3444  3444 E McDaemon:   *** ERROR: Could not initialize <t-base!
06-22 07:25:57.639  3444  3444 E McDaemon:   *** Detected in run/129()
06-22 07:25:57.639  3444  3444 E McDaemon:   *****************************
06-22 07:25:57.639  3444  3444 E McDaemon:   *****************************
06-22 07:25:57.639  3444  3444 E McDaemon:   *** ERROR: Exiting <t-base Daemon
06-22 07:25:57.639  3444  3444 E McDaemon:   *** Detected in main/1432()
06-22 07:25:57.639  3444  3444 E McDaemon:   *****************************
06-22 07:25:57.669  2919  2919 W display : release fence dup failed: Bad file descriptor
06-22 07:25:57.689  3392  3392 W Zygote  : Got error connecting to zygote, retrying. msg= No such file or directory
06-22 07:25:57.702  2919  2919 W display : release fence dup failed: Bad file descriptor
06-22 07:25:57.737  2919  2919 W display : release fence dup failed: Bad file descriptor
06-22 07:25:57.770  2919  2919 W display : release fence dup failed: Bad file descriptor
06-22 07:25:57.804  2919  2919 W display : release fence dup failed: Bad file descriptor
06-22 07:25:57.838  2919  2919 W display : release fence dup failed: Bad file descriptor
06-22 07:25:57.873  2919  2919 W display : release fence dup failed: Bad file descriptor
06-22 07:25:57.906  2919  2919 W display : release fence dup failed: Bad file descriptor
06-22 07:25:57.940  2919  2919 W display : release fence dup failed: Bad file descriptor
06-22 07:25:57.974  2919  2919 W display : release fence dup failed: Bad file descriptor
06-22 07:25:58.008  2919  2919 W display : release fence dup failed: Bad file descriptor
06-22 07:25:58.042  2919  2919 W display : release fence dup failed: Bad file descriptor
06-22 07:25:58.075  2919  2919 W display : release fence dup failed: Bad file descriptor
06-22 07:25:58.109  2919  2919 W display : release fence dup failed: Bad file descriptor
06-22 07:25:58.144  2919  2919 W display : release fence dup failed: Bad file descriptor
06-22 07:25:58.177  2919  2919 W display : release fence dup failed: Bad file descriptor
06-22 07:25:58.212  2919  2919 W display : release fence dup failed: Bad file descriptor
06-22 07:25:58.246  2919  2919 W display : release fence dup failed: Bad file descriptor
06-22 07:25:58.279  2919  2919 W display : release fence dup failed: Bad file descriptor
06-22 07:25:58.296  2919  2919 W display : release fence dup failed: Bad file descriptor
