06-02 02:11:08.237  2920  2920 W display : release fence dup failed: Bad file descriptor
06-02 02:11:08.271  2920  2920 W display : release fence dup failed: Bad file descriptor
06-02 02:11:08.305  2920  2920 W display : release fence dup failed: Bad file descriptor
06-02 02:11:08.339  2920  2920 W display : release fence dup failed: Bad file descriptor
06-02 02:11:08.373  2920  2920 W display : release fence dup failed: Bad file descriptor
06-02 02:11:08.407  2920  2920 W display : release fence dup failed: Bad file descriptor
06-02 02:11:08.441  2920  2920 W display : release fence dup failed: Bad file descriptor
06-02 02:11:08.475  2920  2920 W display : release fence dup failed: Bad file descriptor
06-02 02:11:08.509  2920  2920 W display : release fence dup failed: Bad file descriptor
06-02 02:11:08.543  2920  2920 W display : release fence dup failed: Bad file descriptor
06-02 02:11:08.577  2920  2920 W display : release fence dup failed: Bad file descriptor
06-02 02:11:08.578  3318  3318 W Zygote  : Got error connecting to zygote, retrying. msg= No such file or directory
06-02 02:11:08.610  2920  2920 W display : release fence dup failed: Bad file descriptor
06-02 02:11:08.645  2920  2920 W display : release fence dup failed: Bad file descriptor
06-02 02:11:08.679  2920  2920 W display : release fence dup failed: Bad file descriptor
06-02 02:11:08.712  2920  2920 W display : release fence dup failed: Bad file descriptor
06-02 02:11:08.746  2920  2920 W display : release fence dup failed: Bad file descriptor
06-02 02:11:08.780  2920  2920 W display : release fence dup failed: Bad file descriptor
06-02 02:11:08.814  2920  2920 W display : release fence dup failed: Bad file descriptor
06-02 02:11:08.848  2920  2920 W display : release fence dup failed: Bad file descriptor
06-02 02:11:08.882  2920  2920 W display : release fence dup failed: Bad file descriptor
06-02 02:11:08.916  2920  2920 W display : release fence dup failed: Bad file descriptor
06-02 02:11:08.950  2920  2920 W display : release fence dup failed: Bad file descriptor
06-02 02:11:08.983  2920  2920 W display : release fence dup failed: Bad file descriptor
06-02 02:11:09.017  2920  2920 W display : release fence dup failed: Bad file descriptor
06-02 02:11:09.051  2920  2920 W display : release fence dup failed: Bad file descriptor
06-02 02:11:09.085  2920  2920 W display : release fence dup failed: Bad file descriptor
06-02 02:11:09.119  2920  2920 W display : release fence dup failed: Bad file descriptor
06-02 02:11:09.153  2920  2920 W display : release fence dup failed: Bad file descriptor
06-02 02:11:09.187  2920  2920 W display : release fence dup failed: Bad file descriptor
06-02 02:11:09.221  2920  2920 W display : release fence dup failed: Bad file descriptor
06-02 02:11:09.255  2920  2920 W display : release fence dup failed: Bad file descriptor
06-02 02:11:09.289  2920  2920 W display : release fence dup failed: Bad file descriptor
06-02 02:11:09.323  2920  2920 W display : release fence dup failed: Bad file descriptor
06-02 02:11:09.356  2920  2920 W display : release fence dup failed: Bad file descriptor
06-02 02:11:09.390  2920  2920 W display : release fence dup failed: Bad file descriptor
06-02 02:11:09.424  2920  2920 W display : release fence dup failed: Bad file descriptor
06-02 02:11:09.441  2920  2920 W display : release fence dup failed: Bad file descriptor
06-02 02:11:09.475  2920  2920 W display : release fence dup failed: Bad file descriptor
06-02 02:11:09.509  2920  2920 W display : release fence dup failed: Bad file descriptor
06-02 02:11:09.543  2920  2920 W display : release fence dup failed: Bad file descriptor
06-02 02:11:09.576  2920  2920 W display : release fence dup failed: Bad file descriptor
06-02 02:11:09.578  3318  3318 W Zygote  : Got error connecting to zygote, retrying. msg= No such file or directory
06-02 02:11:09.611  2920  2920 W display : release fence dup failed: Bad file descriptor
06-02 02:11:09.644  2920  2920 W display : release fence dup failed: Bad file descriptor
06-02 02:11:09.678  2920  2920 W display : release fence dup failed: Bad file descriptor
06-02 02:11:09.712  2920  2920 W display : release fence dup failed: Bad file descriptor
06-02 02:11:09.746  2920  2920 W display : release fence dup failed: Bad file descriptor
06-02 02:11:09.780  2920  2920 W display : release fence dup failed: Bad file descriptor
06-02 02:11:09.814  2920  2920 W display : release fence dup failed: Bad file descriptor
06-02 02:11:09.848  2920  2920 W display : release fence dup failed: Bad file descriptor
06-02 02:11:09.882  2920  2920 W display : release fence dup failed: Bad file descriptor
06-02 02:11:09.916  2920  2920 W display : release fence dup failed: Bad file descriptor
06-02 02:11:09.949  2920  2920 W display : release fence dup failed: Bad file descriptor
06-02 02:11:09.983  2920  2920 W display : release fence dup failed: Bad file descriptor
06-02 02:11:10.017  2920  2920 W display : release fence dup failed: Bad file descriptor
06-02 02:11:10.051  2920  2920 W display : release fence dup failed: Bad file descriptor
06-02 02:11:10.085  2920  2920 W display : release fence dup failed: Bad file descriptor
06-02 02:11:10.119  2920  2920 W display : release fence dup failed: Bad file descriptor
06-02 02:11:10.153  2920  2920 W display : release fence dup failed: Bad file descriptor
06-02 02:11:10.187  2920  2920 W display : release fence dup failed: Bad file descriptor
06-02 02:11:10.221  2920  2920 W display : release fence dup failed: Bad file descriptor
06-02 02:11:10.255  2920  2920 W display : release fence dup failed: Bad file descriptor
06-02 02:11:10.288  2920  2920 W display : release fence dup failed: Bad file descriptor
06-02 02:11:10.322  2920  2920 W display : release fence dup failed: Bad file descriptor
06-02 02:11:10.356  2920  2920 W display : release fence dup failed: Bad file descriptor
06-02 02:11:10.390  2920  2920 W display : release fence dup failed: Bad file descriptor
06-02 02:11:10.424  2920  2920 W display : release fence dup failed: Bad file descriptor
06-02 02:11:10.458  2920  2920 W display : release fence dup failed: Bad file descriptor
06-02 02:11:10.492  2920  2920 W display : release fence dup failed: Bad file descriptor
06-02 02:11:10.526  2920  2920 W display : release fence dup failed: Bad file descriptor
06-02 02:11:10.560  2920  2920 W display : release fence dup failed: Bad file descriptor
06-02 02:11:10.579  3318  3318 W Zygote  : Got error connecting to zygote, retrying. msg= No such file or directory
06-02 02:11:10.594  2920  2920 W display : release fence dup failed: Bad file descriptor
06-02 02:11:10.627  2920  2920 W display : release fence dup failed: Bad file descriptor
06-02 02:11:10.661  2920  2920 W display : release fence dup failed: Bad file descriptor
06-02 02:11:10.695  2920  2920 W display : release fence dup failed: Bad file descriptor
06-02 02:11:10.729  2920  2920 W display : release fence dup failed: Bad file descriptor
06-02 02:11:10.763  2920  2920 W display : release fence dup failed: Bad file descriptor
06-02 02:11:10.797  2920  2920 W display : release fence dup failed: Bad file descriptor
06-02 02:11:10.814  2920  2920 W display : release fence dup failed: Bad file descriptor
06-02 02:11:10.837  3410  3410 I mediaserver: ServiceManager: 0xf60ce260
06-02 02:11:10.837  3410  3410 I AudioFlinger: Using default 3000 mSec as standby time.
06-02 02:11:10.838  3410  3410 E BatteryNotifier: batterystats service unavailable!
06-02 02:11:10.838  3410  3410 E BatteryNotifier: batterystats service unavailable!
06-02 02:11:10.838  3410  3410 I CameraService: CameraService started (pid=3410)
06-02 02:11:10.838  3410  3410 I CameraService: CameraService process starting
06-02 02:11:10.838  3410  3410 E BatteryNotifier: batterystats service unavailable!
06-02 02:11:10.838  3410  3410 E BatteryNotifier: batterystats service unavailable!
06-02 02:11:10.838  3410  3410 E CameraService: Could not load camera HAL module: -2 (No such file or directory)
06-02 02:11:10.839  3410  3410 I AudioPolicyService: AudioPolicyService CSTOR in new mode
06-02 02:11:10.839  3410  3410 W APM::HwModule: loadOutput() invalid supported devices
06-02 02:11:10.839  3410  3410 W APM::HwModule: loadOutput() invalid supported devices
06-02 02:11:10.839  3410  3410 W APM::HwModule: loadInput() invalid supported devices
06-02 02:11:10.839  3410  3410 W APM::HwModule: loadInput() invalid supported devices
06-02 02:11:10.839  3410  3410 I APM::ConfigParsingUtils: loadAudioPolicyConfig() loaded /system/etc/audio_policy.conf
06-02 02:11:10.848  2920  2920 W display : release fence dup failed: Bad file descriptor
06-02 02:11:10.882  2920  2920 W display : release fence dup failed: Bad file descriptor
06-02 02:11:10.916  2920  2920 W display : release fence dup failed: Bad file descriptor
06-02 02:11:10.949  2920  2920 W display : release fence dup failed: Bad file descriptor
06-02 02:11:10.983  2920  2920 W display : release fence dup failed: Bad file descriptor
06-02 02:11:11.017  2920  2920 W display : release fence dup failed: Bad file descriptor
06-02 02:11:11.051  2920  2920 W display : release fence dup failed: Bad file descriptor
06-02 02:11:11.085  2920  2920 W display : release fence dup failed: Bad file descriptor
06-02 02:11:11.119  2920  2920 W display : release fence dup failed: Bad file descriptor
06-02 02:11:11.153  2920  2920 W display : release fence dup failed: Bad file descriptor
06-02 02:11:11.187  2920  2920 W display : release fence dup failed: Bad file descriptor
06-02 02:11:11.221  2920  2920 W display : release fence dup failed: Bad file descriptor
06-02 02:11:11.254  2920  2920 W display : release fence dup failed: Bad file descriptor
06-02 02:11:11.289  2920  2920 W display : release fence dup failed: Bad file descriptor
06-02 02:11:11.322  2920  2920 W display : release fence dup failed: Bad file descriptor
06-02 02:11:11.356  2920  2920 W display : release fence dup failed: Bad file descriptor
06-02 02:11:11.373  3410  3410 I AudioFlinger: loadHwModule() Loaded primary audio interface from Samsung audio HW HAL (audio) handle 1
06-02 02:11:11.373  3410  3410 I AudioFlinger: openOutput(), module 1 Device 2, SamplingRate 48000, Format 0x000001, Channels 3, flags a
06-02 02:11:11.373  3410  3410 I AudioFlinger: AudioStreamOut::open(), mHalFormatIsLinearPcm = 1
06-02 02:11:11.373  3410  3410 I AudioFlinger: HAL output buffer size 1024 frames, normal sink buffer size 1024 frames
06-02 02:11:11.374  3410  3410 W EffectsFactory: loadLibrary() failed to open /system/lib/soundfx/libaudioeffectoffload.so
06-02 02:11:11.375  3410  3410 W EffectsFactory: loadLibrary() failed to open /system/lib/soundfx/libexynosvisualizer.so
06-02 02:11:11.376  3410  3410 W EffectsFactory: loadLibrary() failed to open /system/lib/libmysound.so
06-02 02:11:11.376  3410  3410 W EffectsFactory: loadLibrary() failed to open /system/lib/soundfx/libmyspace.so
06-02 02:11:11.376  3410  3410 W EffectsFactory: loadLibrary() failed to open /system/lib/libaudiosa.so
06-02 02:11:11.376  3410  3410 W EffectsFactory: loadLibrary() failed to open /system/lib/soundfx/libaudiosaplus_sec.so
06-02 02:11:11.377  3410  3410 W EffectsFactory: loadLibrary() failed to open /system/lib/libsamsungSoundbooster_plus.so
06-02 02:11:11.377  3410  3410 W EffectsFactory: loadEffect() could not get library soundbooster_plus
06-02 02:11:11.377  3410  3410 W EffectsFactory: addSubEffect() could not get library soundalive_sec
06-02 02:11:11.377  3410  3410 W EffectsFactory: loadEffect() could not add subEffect 
06-02 02:11:11.377  3410  3410 W EffectsFactory: loadEffect() could not get library soundalive
06-02 02:11:11.377  3410  3410 W EffectsFactory: loadEffect() could not get library soundalive
06-02 02:11:11.377  3410  3410 W EffectsFactory: loadEffect() could not get library soundalive
06-02 02:11:11.377  3410  3410 W EffectsFactory: addSubEffect() could not get library visualizer_hw
06-02 02:11:11.377  3410  3410 W EffectsFactory: loadEffect() could not add subEffect 
06-02 02:11:11.377  3410  3410 W EffectsFactory: addSubEffect() could not get library mysound
06-02 02:11:11.377  3410  3410 W EffectsFactory: loadEffect() could not add subEffect 
06-02 02:11:11.377  3410  3410 W EffectsFactory: addSubEffect() could not get library myspace
06-02 02:11:11.377  3410  3410 W EffectsFactory: loadEffect() could not add subEffect 
06-02 02:11:11.377  3410  3410 I BufferProvider: found effect "Multichannel Downmix To Stereo" from The Android Open Source Project
06-02 02:11:11.377  3410  3410 I AudioFlinger: Using module 1 has the primary audio interface
06-02 02:11:11.377  3410  3415 I AudioFlinger: AudioFlinger's thread 0xf44c0000 ready to run
06-02 02:11:11.377  3410  3415 V audio_hw_primary: out_set_parameters: key value pairs: routing=2
06-02 02:11:11.377  3410  3415 V audio_hw_primary: do_out_standby: output standby: 1
06-02 02:11:11.377  3410  3415 E AudioFlinger: no wake lock to update!
06-02 02:11:11.378  3410  3410 I AudioFlinger: openOutput(), module 1 Device 2, SamplingRate 48000, Format 0x000001, Channels 3, flags 4
06-02 02:11:11.378  3410  3410 I AudioFlinger: AudioStreamOut::open(), mHalFormatIsLinearPcm = 1
06-02 02:11:11.378  3410  3410 I AudioFlinger: HAL output buffer size 256 frames, normal sink buffer size 960 frames
06-02 02:11:11.378  3410  3410 E MonoPipe: Failed to fetch local time frequency when constructing a MonoPipe (res = -32).  getNextWriteTimestamp calls will be non-functional
06-02 02:11:11.378  3410  3417 I AudioFlinger: AudioFlinger's thread 0xf4180000 ready to run
06-02 02:11:11.378  3410  3417 V audio_hw_primary: out_set_parameters: key value pairs: routing=2
06-02 02:11:11.378  3410  3417 V audio_hw_primary: do_out_standby: output standby: 1
06-02 02:11:11.379  3410  3417 E AudioFlinger: no wake lock to update!
06-02 02:11:11.379  3410  3410 V audio_hw_primary: adev_open_input_stream: Requesting input stream with rate: 48000, channels: 0xc
06-02 02:11:11.379  3410  3418 I AudioFlinger: AudioFlinger's thread 0xf3e80000 ready to run
06-02 02:11:11.380  3410  3410 I bt_a2dp_hw: adev_open:  adev_open in A2dp_hw module
06-02 02:11:11.380  3410  3410 I AudioFlinger: loadHwModule() Loaded a2dp audio interface from A2DP Audio HW HAL (audio) handle 5
06-02 02:11:11.380  3410  3410 I AudioFlinger: loadHwModule() Loaded usb audio interface from USB audio HW HAL (audio) handle 6
06-02 02:11:11.381  3410  3410 I r_submix: adev_open(name=audio_hw_if)
06-02 02:11:11.381  3410  3410 I r_submix: adev_init_check()
06-02 02:11:11.381  3410  3410 I AudioFlinger: loadHwModule() Loaded r_submix audio interface from Wifi Display audio HAL (audio) handle 7
06-02 02:11:11.381  3410  3410 D r_submix: adev_open_input_stream(addr=0)
06-02 02:11:11.381  3410  3410 D r_submix: submix_audio_device_create_pipe_l(addr=0, idx=9)
06-02 02:11:11.381  3410  3410 D r_submix:   now using address 0 for route 9
06-02 02:11:11.381  3410  3419 I AudioFlinger: AudioFlinger's thread 0xf3dc0000 ready to run
06-02 02:11:11.381  3410  3410 D r_submix: adev_close_input_stream()
06-02 02:11:11.381  3410  3410 D r_submix: submix_audio_device_release_pipe_l(idx=9) addr=0
06-02 02:11:11.381  3410  3410 D r_submix: submix_audio_device_destroy_pipe_l(): pipe destroyed
06-02 02:11:11.381  3410  3410 F libc    : Fatal signal 11 (SIGSEGV), code 1, fault addr 0x0 in tid 3410 (mediaserver)
06-02 02:11:11.381  2936  2936 I DEBUG   : property debug.db.uid not set; NOT waiting for gdb.
06-02 02:11:11.381  2936  2936 I DEBUG   : HINT: adb shell setprop debug.db.uid 100000
06-02 02:11:11.381  2936  2936 I DEBUG   : HINT: adb forward tcp:5039 tcp:5039
06-02 02:11:11.390  2920  2920 W display : release fence dup failed: Bad file descriptor
06-02 02:11:11.424  2920  2920 W display : release fence dup failed: Bad file descriptor
06-02 02:11:11.432  2936  2936 F DEBUG   : *** *** *** *** *** *** *** *** *** *** *** *** *** *** *** ***
06-02 02:11:11.432  2936  2936 F DEBUG   : Build fingerprint: 'samsung/cm_hero2ltexx/hero2ltexx:6.0.1/MOB30J/cf2c88de62:eng/test-keys'
06-02 02:11:11.432  2936  2936 F DEBUG   : Revision: '0'
06-02 02:11:11.432  2936  2936 F DEBUG   : ABI: 'arm'
06-02 02:11:11.432  2936  2936 F DEBUG   : pid: 3410, tid: 3410, name: mediaserver  >>> /system/bin/mediaserver <<<
06-02 02:11:11.432  2936  2936 F DEBUG   : signal 11 (SIGSEGV), code 1 (SEGV_MAPERR), fault addr 0x0
06-02 02:11:11.435  2936  2936 F DEBUG   :     r0 f45618f4  r1 00000000  r2 65732020  r3 00000007
06-02 02:11:11.435  2936  2936 F DEBUG   :     r4 00000008  r5 f45618f2  r6 f6fd9be0  r7 ffd58954
06-02 02:11:11.435  2936  2936 F DEBUG   :     r8 f60eb08c  r9 f6fd7431  sl f6fd7635  fp f45618f2
06-02 02:11:11.435  2936  2936 F DEBUG   :     ip 00000000  sp ffd58910  lr f6fd24f7  pc f6b253c8  cpsr 600f0010
06-02 02:11:11.436  2936  2936 F DEBUG   : 
06-02 02:11:11.436  2936  2936 F DEBUG   : backtrace:
06-02 02:11:11.436  2936  2936 F DEBUG   :     #00 pc 000183c8  /system/lib/libc.so (strcmp+152)
06-02 02:11:11.436  2936  2936 F DEBUG   :     #01 pc 000084f3  /system/lib/libaudiopolicyservice.so
06-02 02:11:11.436  2936  2936 F DEBUG   :     #02 pc 0001f950  [stack]
06-02 02:11:11.458  2920  2920 W display : release fence dup failed: Bad file descriptor
06-02 02:11:11.478  2936  2936 F DEBUG   : 
06-02 02:11:11.478  2936  2936 F DEBUG   : Tombstone written to: /data/tombstones/tombstone_02
06-02 02:11:11.469  3410  3410 W mediaserver: type=1701 audit(0.0:143): auid=4294967295 uid=1013 gid=1005 ses=4294967295 exe="/system/bin/mediaserver" sig=11
06-02 02:11:11.481  2919  2919 I ServiceManager: service 'media.audio_flinger' died
06-02 02:11:11.481  2919  2919 I ServiceManager: service 'media.player' died
06-02 02:11:11.481  2919  2919 I ServiceManager: service 'media.resource_manager' died
06-02 02:11:11.481  2919  2919 I ServiceManager: service 'media.camera' died
06-02 02:11:11.492  2920  2920 W display : release fence dup failed: Bad file descriptor
06-02 02:11:11.526  2920  2920 W display : release fence dup failed: Bad file descriptor
06-02 02:11:11.560  2920  2920 W display : release fence dup failed: Bad file descriptor
06-02 02:11:11.579  3318  3318 W Zygote  : Got error connecting to zygote, retrying. msg= No such file or directory
06-02 02:11:11.593  2920  2920 W display : release fence dup failed: Bad file descriptor
06-02 02:11:11.628  2920  2920 W display : release fence dup failed: Bad file descriptor
06-02 02:11:11.661  2920  2920 W display : release fence dup failed: Bad file descriptor
06-02 02:11:11.695  2920  2920 W display : release fence dup failed: Bad file descriptor
06-02 02:11:11.729  2920  2920 W display : release fence dup failed: Bad file descriptor
06-02 02:11:11.763  2920  2920 W display : release fence dup failed: Bad file descriptor
06-02 02:11:11.797  2920  2920 W display : release fence dup failed: Bad file descriptor
06-02 02:11:11.831  2920  2920 W display : release fence dup failed: Bad file descriptor
06-02 02:11:11.865  2920  2920 W display : release fence dup failed: Bad file descriptor
06-02 02:11:11.898  2920  2920 W display : release fence dup failed: Bad file descriptor
06-02 02:11:11.933  2920  2920 W display : release fence dup failed: Bad file descriptor
06-02 02:11:11.967  2920  2920 W display : release fence dup failed: Bad file descriptor
06-02 02:11:12.001  2920  2920 W display : release fence dup failed: Bad file descriptor
06-02 02:11:12.034  2920  2920 W display : release fence dup failed: Bad file descriptor
06-02 02:11:12.068  2920  2920 W display : release fence dup failed: Bad file descriptor
06-02 02:11:12.085  2920  2920 W display : release fence dup failed: Bad file descriptor
06-02 02:11:12.119  2920  2920 W display : release fence dup failed: Bad file descriptor
06-02 02:11:12.153  2920  2920 W display : release fence dup failed: Bad file descriptor
06-02 02:11:12.187  2920  2920 W display : release fence dup failed: Bad file descriptor
06-02 02:11:12.220  2920  2920 W display : release fence dup failed: Bad file descriptor
06-02 02:11:12.254  2920  2920 W display : release fence dup failed: Bad file descriptor
06-02 02:11:12.288  2920  2920 W display : release fence dup failed: Bad file descriptor
06-02 02:11:12.322  2920  2920 W display : release fence dup failed: Bad file descriptor
06-02 02:11:12.356  2920  2920 W display : release fence dup failed: Bad file descriptor
06-02 02:11:12.390  2920  2920 W display : release fence dup failed: Bad file descriptor
06-02 02:11:12.424  2920  2920 W display : release fence dup failed: Bad file descriptor
06-02 02:11:12.458  2920  2920 W display : release fence dup failed: Bad file descriptor
06-02 02:11:12.492  2920  2920 W display : release fence dup failed: Bad file descriptor
06-02 02:11:12.526  2920  2920 W display : release fence dup failed: Bad file descriptor
06-02 02:11:12.560  2920  2920 W display : release fence dup failed: Bad file descriptor
06-02 02:11:12.580  3318  3318 W Zygote  : Got error connecting to zygote, retrying. msg= No such file or directory
06-02 02:11:12.593  2920  2920 W display : release fence dup failed: Bad file descriptor
06-02 02:11:12.627  2920  2920 W display : release fence dup failed: Bad file descriptor
06-02 02:11:12.661  2920  2920 W display : release fence dup failed: Bad file descriptor
06-02 02:11:12.695  2920  2920 W display : release fence dup failed: Bad file descriptor
06-02 02:11:12.729  2920  2920 W display : release fence dup failed: Bad file descriptor
06-02 02:11:12.763  2920  2920 W display : release fence dup failed: Bad file descriptor
06-02 02:11:12.797  2920  2920 W display : release fence dup failed: Bad file descriptor
06-02 02:11:12.831  2920  2920 W display : release fence dup failed: Bad file descriptor
06-02 02:11:12.865  2920  2920 W display : release fence dup failed: Bad file descriptor
06-02 02:11:12.899  2920  2920 W display : release fence dup failed: Bad file descriptor
06-02 02:11:12.933  2920  2920 W display : release fence dup failed: Bad file descriptor
06-02 02:11:12.966  2920  2920 W display : release fence dup failed: Bad file descriptor
06-02 02:11:13.000  2920  2920 W display : release fence dup failed: Bad file descriptor
06-02 02:11:13.034  2920  2920 W display : release fence dup failed: Bad file descriptor
06-02 02:11:13.068  2920  2920 W display : release fence dup failed: Bad file descriptor
06-02 02:11:13.102  2920  2920 W display : release fence dup failed: Bad file descriptor
06-02 02:11:13.136  2920  2920 W display : release fence dup failed: Bad file descriptor
06-02 02:11:13.170  2920  2920 W display : release fence dup failed: Bad file descriptor
06-02 02:11:13.204  2920  2920 W display : release fence dup failed: Bad file descriptor
06-02 02:11:13.238  2920  2920 W display : release fence dup failed: Bad file descriptor
06-02 02:11:13.272  2920  2920 W display : release fence dup failed: Bad file descriptor
06-02 02:11:13.306  2920  2920 W display : release fence dup failed: Bad file descriptor
06-02 02:11:13.340  2920  2920 W display : release fence dup failed: Bad file descriptor
06-02 02:11:13.373  2920  2920 W display : release fence dup failed: Bad file descriptor
06-02 02:11:13.407  2920  2920 W display : release fence dup failed: Bad file descriptor
06-02 02:11:13.441  2920  2920 W display : release fence dup failed: Bad file descriptor
06-02 02:11:13.475  2920  2920 W display : release fence dup failed: Bad file descriptor
06-02 02:11:13.492  2920  2920 W display : release fence dup failed: Bad file descriptor
06-02 02:11:13.526  2920  2920 W display : release fence dup failed: Bad file descriptor
06-02 02:11:13.560  2920  2920 W display : release fence dup failed: Bad file descriptor
06-02 02:11:13.580  3318  3318 W Zygote  : Got error connecting to zygote, retrying. msg= No such file or directory
06-02 02:11:13.593  2920  2920 W display : release fence dup failed: Bad file descriptor
06-02 02:11:13.627  2920  2920 W display : release fence dup failed: Bad file descriptor
06-02 02:11:13.661  2920  2920 W display : release fence dup failed: Bad file descriptor
06-02 02:11:13.695  2920  2920 W display : release fence dup failed: Bad file descriptor
06-02 02:11:13.729  2920  2920 W display : release fence dup failed: Bad file descriptor
06-02 02:11:13.763  2920  2920 W display : release fence dup failed: Bad file descriptor
06-02 02:11:13.797  2920  2920 W display : release fence dup failed: Bad file descriptor
06-02 02:11:13.831  2920  2920 W display : release fence dup failed: Bad file descriptor
06-02 02:11:13.865  2920  2920 W display : release fence dup failed: Bad file descriptor
06-02 02:11:13.899  2920  2920 W display : release fence dup failed: Bad file descriptor
06-02 02:11:13.933  2920  2920 W display : release fence dup failed: Bad file descriptor
06-02 02:11:13.966  2920  2920 W display : release fence dup failed: Bad file descriptor
06-02 02:11:14.000  2920  2920 W display : release fence dup failed: Bad file descriptor
06-02 02:11:14.034  2920  2920 W display : release fence dup failed: Bad file descriptor
06-02 02:11:14.068  2920  2920 W display : release fence dup failed: Bad file descriptor
06-02 02:11:14.102  2920  2920 W display : release fence dup failed: Bad file descriptor
06-02 02:11:14.136  2920  2920 W display : release fence dup failed: Bad file descriptor
06-02 02:11:14.170  2920  2920 W display : release fence dup failed: Bad file descriptor
06-02 02:11:14.204  2920  2920 W display : release fence dup failed: Bad file descriptor
06-02 02:11:14.238  2920  2920 W display : release fence dup failed: Bad file descriptor
06-02 02:11:14.272  2920  2920 W display : release fence dup failed: Bad file descriptor
06-02 02:11:14.305  2920  2920 W display : release fence dup failed: Bad file descriptor
06-02 02:11:14.340  2920  2920 W display : release fence dup failed: Bad file descriptor
06-02 02:11:14.373  2920  2920 W display : release fence dup failed: Bad file descriptor
06-02 02:11:14.407  2920  2920 W display : release fence dup failed: Bad file descriptor
06-02 02:11:14.441  2920  2920 W display : release fence dup failed: Bad file descriptor
06-02 02:11:14.475  2920  2920 W display : release fence dup failed: Bad file descriptor
06-02 02:11:14.509  2920  2920 W display : release fence dup failed: Bad file descriptor
06-02 02:11:14.543  2920  2920 W display : release fence dup failed: Bad file descriptor
06-02 02:11:14.577  2920  2920 W display : release fence dup failed: Bad file descriptor
06-02 02:11:14.580  3318  3318 W Zygote  : Got error connecting to zygote, retrying. msg= No such file or directory
06-02 02:11:14.611  2920  2920 W display : release fence dup failed: Bad file descriptor
06-02 02:11:14.644  2920  2920 W display : release fence dup failed: Bad file descriptor
06-02 02:11:14.682  2920  2920 W display : release fence dup failed: Bad file descriptor
06-02 02:11:14.712  2920  2920 W display : release fence dup failed: Bad file descriptor
06-02 02:11:14.746  2920  2920 W display : release fence dup failed: Bad file descriptor
06-02 02:11:14.763  2920  2920 W display : release fence dup failed: Bad file descriptor
06-02 02:11:14.814  2920  2920 W display : release fence dup failed: Bad file descriptor
06-02 02:11:14.831  2920  2920 W display : release fence dup failed: Bad file descriptor
06-02 02:11:14.865  2920  2920 W display : release fence dup failed: Bad file descriptor
06-02 02:11:14.899  2920  2920 W display : release fence dup failed: Bad file descriptor
06-02 02:11:14.932  2920  2920 W display : release fence dup failed: Bad file descriptor
06-02 02:11:14.966  2920  2920 W display : release fence dup failed: Bad file descriptor
06-02 02:11:15.000  2920  2920 W display : release fence dup failed: Bad file descriptor
06-02 02:11:15.034  2920  2920 W display : release fence dup failed: Bad file descriptor
06-02 02:11:15.068  2920  2920 W display : release fence dup failed: Bad file descriptor
06-02 02:11:15.102  2920  2920 W display : release fence dup failed: Bad file descriptor
06-02 02:11:15.136  2920  2920 W display : release fence dup failed: Bad file descriptor
06-02 02:11:15.170  2920  2920 W display : release fence dup failed: Bad file descriptor
06-02 02:11:15.204  2920  2920 W display : release fence dup failed: Bad file descriptor
06-02 02:11:15.238  2920  2920 W display : release fence dup failed: Bad file descriptor
06-02 02:11:15.271  2920  2920 W display : release fence dup failed: Bad file descriptor
06-02 02:11:15.305  2920  2920 W display : release fence dup failed: Bad file descriptor
06-02 02:11:15.339  2920  2920 W display : release fence dup failed: Bad file descriptor
06-02 02:11:15.373  2920  2920 W display : release fence dup failed: Bad file descriptor
06-02 02:11:15.407  2920  2920 W display : release fence dup failed: Bad file descriptor
06-02 02:11:15.441  2920  2920 W display : release fence dup failed: Bad file descriptor
06-02 02:11:15.475  2920  2920 W display : release fence dup failed: Bad file descriptor
06-02 02:11:15.509  2920  2920 W display : release fence dup failed: Bad file descriptor
06-02 02:11:15.543  2920  2920 W display : release fence dup failed: Bad file descriptor
06-02 02:11:15.577  2920  2920 W display : release fence dup failed: Bad file descriptor
06-02 02:11:15.581  3318  3318 W Zygote  : Got error connecting to zygote, retrying. msg= No such file or directory
06-02 02:11:15.610  2920  2920 W display : release fence dup failed: Bad file descriptor
06-02 02:11:15.617  3425  3425 I mediaserver: ServiceManager: 0xf678e260
06-02 02:11:15.617  3425  3425 I AudioFlinger: Using default 3000 mSec as standby time.
06-02 02:11:15.617  3425  3425 E BatteryNotifier: batterystats service unavailable!
06-02 02:11:15.617  3425  3425 E BatteryNotifier: batterystats service unavailable!
06-02 02:11:15.618  3425  3425 I CameraService: CameraService started (pid=3425)
06-02 02:11:15.618  3425  3425 I CameraService: CameraService process starting
06-02 02:11:15.618  3425  3425 E BatteryNotifier: batterystats service unavailable!
06-02 02:11:15.618  3425  3425 E BatteryNotifier: batterystats service unavailable!
06-02 02:11:15.618  3425  3425 E CameraService: Could not load camera HAL module: -2 (No such file or directory)
06-02 02:11:15.618  3425  3425 I AudioPolicyService: AudioPolicyService CSTOR in new mode
06-02 02:11:15.618  3425  3425 W APM::HwModule: loadOutput() invalid supported devices
06-02 02:11:15.619  3425  3425 W APM::HwModule: loadOutput() invalid supported devices
06-02 02:11:15.619  3425  3425 W APM::HwModule: loadInput() invalid supported devices
06-02 02:11:15.619  3425  3425 W APM::HwModule: loadInput() invalid supported devices
06-02 02:11:15.619  3425  3425 I APM::ConfigParsingUtils: loadAudioPolicyConfig() loaded /system/etc/audio_policy.conf
06-02 02:11:15.644  2920  2920 W display : release fence dup failed: Bad file descriptor
06-02 02:11:15.678  2920  2920 W display : release fence dup failed: Bad file descriptor
06-02 02:11:15.712  2920  2920 W display : release fence dup failed: Bad file descriptor
06-02 02:11:15.746  2920  2920 W display : release fence dup failed: Bad file descriptor
06-02 02:11:15.780  2920  2920 W display : release fence dup failed: Bad file descriptor
06-02 02:11:15.814  2920  2920 W display : release fence dup failed: Bad file descriptor
06-02 02:11:15.848  2920  2920 W display : release fence dup failed: Bad file descriptor
06-02 02:11:15.882  2920  2920 W display : release fence dup failed: Bad file descriptor
06-02 02:11:15.916  2920  2920 W display : release fence dup failed: Bad file descriptor
06-02 02:11:15.950  2920  2920 W display : release fence dup failed: Bad file descriptor
06-02 02:11:15.983  2920  2920 W display : release fence dup failed: Bad file descriptor
06-02 02:11:16.017  2920  2920 W display : release fence dup failed: Bad file descriptor
06-02 02:11:16.051  2920  2920 W display : release fence dup failed: Bad file descriptor
06-02 02:11:16.085  2920  2920 W display : release fence dup failed: Bad file descriptor
06-02 02:11:16.102  2920  2920 W display : release fence dup failed: Bad file descriptor
06-02 02:11:16.136  2920  2920 W display : release fence dup failed: Bad file descriptor
06-02 02:11:16.150  3425  3425 I AudioFlinger: loadHwModule() Loaded primary audio interface from Samsung audio HW HAL (audio) handle 1
06-02 02:11:16.150  3425  3425 I AudioFlinger: openOutput(), module 1 Device 2, SamplingRate 48000, Format 0x000001, Channels 3, flags a
06-02 02:11:16.150  3425  3425 I AudioFlinger: AudioStreamOut::open(), mHalFormatIsLinearPcm = 1
06-02 02:11:16.150  3425  3425 I AudioFlinger: HAL output buffer size 1024 frames, normal sink buffer size 1024 frames
06-02 02:11:16.151  3425  3425 W EffectsFactory: loadLibrary() failed to open /system/lib/soundfx/libaudioeffectoffload.so
06-02 02:11:16.151  3425  3425 W EffectsFactory: loadLibrary() failed to open /system/lib/soundfx/libexynosvisualizer.so
06-02 02:11:16.153  3425  3425 W EffectsFactory: loadLibrary() failed to open /system/lib/libmysound.so
06-02 02:11:16.153  3425  3425 W EffectsFactory: loadLibrary() failed to open /system/lib/soundfx/libmyspace.so
06-02 02:11:16.153  3425  3425 W EffectsFactory: loadLibrary() failed to open /system/lib/libaudiosa.so
06-02 02:11:16.153  3425  3425 W EffectsFactory: loadLibrary() failed to open /system/lib/soundfx/libaudiosaplus_sec.so
06-02 02:11:16.153  3425  3425 W EffectsFactory: loadLibrary() failed to open /system/lib/libsamsungSoundbooster_plus.so
06-02 02:11:16.153  3425  3425 W EffectsFactory: loadEffect() could not get library soundbooster_plus
06-02 02:11:16.153  3425  3425 W EffectsFactory: addSubEffect() could not get library soundalive_sec
06-02 02:11:16.153  3425  3425 W EffectsFactory: loadEffect() could not add subEffect 
06-02 02:11:16.153  3425  3425 W EffectsFactory: loadEffect() could not get library soundalive
06-02 02:11:16.153  3425  3425 W EffectsFactory: loadEffect() could not get library soundalive
06-02 02:11:16.153  3425  3425 W EffectsFactory: loadEffect() could not get library soundalive
06-02 02:11:16.153  3425  3425 W EffectsFactory: addSubEffect() could not get library visualizer_hw
06-02 02:11:16.153  3425  3425 W EffectsFactory: loadEffect() could not add subEffect 
06-02 02:11:16.153  3425  3425 W EffectsFactory: addSubEffect() could not get library mysound
06-02 02:11:16.153  3425  3425 W EffectsFactory: loadEffect() could not add subEffect 
06-02 02:11:16.153  3425  3425 W EffectsFactory: addSubEffect() could not get library myspace
06-02 02:11:16.153  3425  3425 W EffectsFactory: loadEffect() could not add subEffect 
06-02 02:11:16.153  3425  3425 I BufferProvider: found effect "Multichannel Downmix To Stereo" from The Android Open Source Project
06-02 02:11:16.154  3425  3425 I AudioFlinger: Using module 1 has the primary audio interface
06-02 02:11:16.154  3425  3429 I AudioFlinger: AudioFlinger's thread 0xf4b40000 ready to run
06-02 02:11:16.154  3425  3429 V audio_hw_primary: do_out_standby: output standby: 1
06-02 02:11:16.154  3425  3429 V audio_hw_primary: out_set_parameters: key value pairs: routing=2
06-02 02:11:16.154  3425  3429 E AudioFlinger: no wake lock to update!
06-02 02:11:16.154  3425  3425 I AudioFlinger: openOutput(), module 1 Device 2, SamplingRate 48000, Format 0x000001, Channels 3, flags 4
06-02 02:11:16.154  3425  3425 I AudioFlinger: AudioStreamOut::open(), mHalFormatIsLinearPcm = 1
06-02 02:11:16.154  3425  3425 I AudioFlinger: HAL output buffer size 256 frames, normal sink buffer size 960 frames
06-02 02:11:16.154  3425  3425 E MonoPipe: Failed to fetch local time frequency when constructing a MonoPipe (res = -32).  getNextWriteTimestamp calls will be non-functional
06-02 02:11:16.155  3425  3431 I AudioFlinger: AudioFlinger's thread 0xf47c0000 ready to run
06-02 02:11:16.155  3425  3431 V audio_hw_primary: out_set_parameters: key value pairs: routing=2
06-02 02:11:16.155  3425  3431 V audio_hw_primary: do_out_standby: output standby: 1
06-02 02:11:16.155  3425  3431 E AudioFlinger: no wake lock to update!
06-02 02:11:16.155  3425  3425 V audio_hw_primary: adev_open_input_stream: Requesting input stream with rate: 48000, channels: 0xc
06-02 02:11:16.155  3425  3432 I AudioFlinger: AudioFlinger's thread 0xf44c0000 ready to run
06-02 02:11:16.156  3425  3425 I bt_a2dp_hw: adev_open:  adev_open in A2dp_hw module
06-02 02:11:16.156  3425  3425 I AudioFlinger: loadHwModule() Loaded a2dp audio interface from A2DP Audio HW HAL (audio) handle 5
06-02 02:11:16.156  3425  3425 I AudioFlinger: loadHwModule() Loaded usb audio interface from USB audio HW HAL (audio) handle 6
06-02 02:11:16.157  3425  3425 I r_submix: adev_open(name=audio_hw_if)
06-02 02:11:16.157  3425  3425 I r_submix: adev_init_check()
06-02 02:11:16.157  3425  3425 I AudioFlinger: loadHwModule() Loaded r_submix audio interface from Wifi Display audio HAL (audio) handle 7
06-02 02:11:16.157  3425  3425 D r_submix: adev_open_input_stream(addr=0)
06-02 02:11:16.157  3425  3425 D r_submix: submix_audio_device_create_pipe_l(addr=0, idx=9)
06-02 02:11:16.157  3425  3425 D r_submix:   now using address 0 for route 9
06-02 02:11:16.157  3425  3433 I AudioFlinger: AudioFlinger's thread 0xf4440000 ready to run
06-02 02:11:16.157  3425  3425 D r_submix: adev_close_input_stream()
06-02 02:11:16.157  3425  3425 D r_submix: submix_audio_device_release_pipe_l(idx=9) addr=0
06-02 02:11:16.157  3425  3425 D r_submix: submix_audio_device_destroy_pipe_l(): pipe destroyed
06-02 02:11:16.157  3425  3425 F libc    : Fatal signal 11 (SIGSEGV), code 1, fault addr 0x0 in tid 3425 (mediaserver)
06-02 02:11:16.157  2936  2936 I DEBUG   : property debug.db.uid not set; NOT waiting for gdb.
06-02 02:11:16.157  2936  2936 I DEBUG   : HINT: adb shell setprop debug.db.uid 100000
06-02 02:11:16.157  2936  2936 I DEBUG   : HINT: adb forward tcp:5039 tcp:5039
06-02 02:11:16.170  2920  2920 W display : release fence dup failed: Bad file descriptor
06-02 02:11:16.204  2920  2920 W display : release fence dup failed: Bad file descriptor
06-02 02:11:16.208  2936  2936 F DEBUG   : *** *** *** *** *** *** *** *** *** *** *** *** *** *** *** ***
06-02 02:11:16.208  2936  2936 F DEBUG   : Build fingerprint: 'samsung/cm_hero2ltexx/hero2ltexx:6.0.1/MOB30J/cf2c88de62:eng/test-keys'
06-02 02:11:16.208  2936  2936 F DEBUG   : Revision: '0'
06-02 02:11:16.208  2936  2936 F DEBUG   : ABI: 'arm'
06-02 02:11:16.208  2936  2936 F DEBUG   : pid: 3425, tid: 3425, name: mediaserver  >>> /system/bin/mediaserver <<<
06-02 02:11:16.208  2936  2936 F DEBUG   : signal 11 (SIGSEGV), code 1 (SEGV_MAPERR), fault addr 0x0
06-02 02:11:16.211  2936  2936 F DEBUG   :     r0 f4be18f4  r1 00000000  r2 65732020  r3 00000007
06-02 02:11:16.211  2936  2936 F DEBUG   :     r4 00000008  r5 f4be18f2  r6 f7667be0  r7 ffa1f104
06-02 02:11:16.211  2936  2936 F DEBUG   :     r8 f67ab08c  r9 f7665431  sl f7665635  fp f4be18f2
06-02 02:11:16.211  2936  2936 F DEBUG   :     ip 00000000  sp ffa1f0c0  lr f76604f7  pc f71b33c8  cpsr 600f0010
06-02 02:11:16.212  2936  2936 F DEBUG   : 
06-02 02:11:16.212  2936  2936 F DEBUG   : backtrace:
06-02 02:11:16.212  2936  2936 F DEBUG   :     #00 pc 000183c8  /system/lib/libc.so (strcmp+152)
06-02 02:11:16.212  2936  2936 F DEBUG   :     #01 pc 000084f3  /system/lib/libaudiopolicyservice.so
06-02 02:11:16.212  2936  2936 F DEBUG   :     #02 pc 00020100  [stack]
06-02 02:11:16.238  2920  2920 W display : release fence dup failed: Bad file descriptor
06-02 02:11:16.255  2936  2936 F DEBUG   : 
06-02 02:11:16.255  2936  2936 F DEBUG   : Tombstone written to: /data/tombstones/tombstone_03
06-02 02:11:16.249  3425  3425 W mediaserver: type=1701 audit(0.0:144): auid=4294967295 uid=1013 gid=1005 ses=4294967295 exe="/system/bin/mediaserver" sig=11
06-02 02:11:16.257  2919  2919 I ServiceManager: service 'media.audio_flinger' died
06-02 02:11:16.257  2919  2919 I ServiceManager: service 'media.player' died
06-02 02:11:16.257  2919  2919 I ServiceManager: service 'media.resource_manager' died
06-02 02:11:16.257  2919  2919 I ServiceManager: service 'media.camera' died
06-02 02:11:16.271  2920  2920 W display : release fence dup failed: Bad file descriptor
06-02 02:11:16.306  2920  2920 W display : release fence dup failed: Bad file descriptor
06-02 02:11:16.339  2920  2920 W display : release fence dup failed: Bad file descriptor
06-02 02:11:16.373  2920  2920 W display : release fence dup failed: Bad file descriptor
06-02 02:11:16.407  2920  2920 W display : release fence dup failed: Bad file descriptor
06-02 02:11:16.441  2920  2920 W display : release fence dup failed: Bad file descriptor
06-02 02:11:16.475  2920  2920 W display : release fence dup failed: Bad file descriptor
06-02 02:11:16.509  2920  2920 W display : release fence dup failed: Bad file descriptor
06-02 02:11:16.543  2920  2920 W display : release fence dup failed: Bad file descriptor
06-02 02:11:16.577  2920  2920 W display : release fence dup failed: Bad file descriptor
06-02 02:11:16.581  3318  3318 W Zygote  : Got error connecting to zygote, retrying. msg= No such file or directory
06-02 02:11:16.611  2920  2920 W display : release fence dup failed: Bad file descriptor
06-02 02:11:16.645  2920  2920 W display : release fence dup failed: Bad file descriptor
06-02 02:11:16.679  2920  2920 W display : release fence dup failed: Bad file descriptor
06-02 02:11:16.712  2920  2920 W display : release fence dup failed: Bad file descriptor
06-02 02:11:16.746  2920  2920 W display : release fence dup failed: Bad file descriptor
06-02 02:11:16.780  2920  2920 W display : release fence dup failed: Bad file descriptor
06-02 02:11:16.814  2920  2920 W display : release fence dup failed: Bad file descriptor
06-02 02:11:16.848  2920  2920 W display : release fence dup failed: Bad file descriptor
06-02 02:11:16.882  2920  2920 W display : release fence dup failed: Bad file descriptor
06-02 02:11:16.916  2920  2920 W display : release fence dup failed: Bad file descriptor
06-02 02:11:16.949  2920  2920 W display : release fence dup failed: Bad file descriptor
06-02 02:11:16.983  2920  2920 W display : release fence dup failed: Bad file descriptor
06-02 02:11:17.017  2920  2920 W display : release fence dup failed: Bad file descriptor
06-02 02:11:17.051  2920  2920 W display : release fence dup failed: Bad file descriptor
06-02 02:11:17.085  2920  2920 W display : release fence dup failed: Bad file descriptor
06-02 02:11:17.119  2920  2920 W display : release fence dup failed: Bad file descriptor
06-02 02:11:17.153  2920  2920 W display : release fence dup failed: Bad file descriptor
06-02 02:11:17.187  2920  2920 W display : release fence dup failed: Bad file descriptor
06-02 02:11:17.221  2920  2920 W display : release fence dup failed: Bad file descriptor
06-02 02:11:17.255  2920  2920 W display : release fence dup failed: Bad file descriptor
06-02 02:11:17.288  2920  2920 W display : release fence dup failed: Bad file descriptor
06-02 02:11:17.322  2920  2920 W display : release fence dup failed: Bad file descriptor
06-02 02:11:17.356  2920  2920 W display : release fence dup failed: Bad file descriptor
06-02 02:11:17.390  2920  2920 W display : release fence dup failed: Bad file descriptor
06-02 02:11:17.424  2920  2920 W display : release fence dup failed: Bad file descriptor
06-02 02:11:17.441  2920  2920 W display : release fence dup failed: Bad file descriptor
06-02 02:11:17.475  2920  2920 W display : release fence dup failed: Bad file descriptor
06-02 02:11:17.509  2920  2920 W display : release fence dup failed: Bad file descriptor
06-02 02:11:17.543  2920  2920 W display : release fence dup failed: Bad file descriptor
06-02 02:11:17.577  2920  2920 W display : release fence dup failed: Bad file descriptor
06-02 02:11:17.582  3318  3318 W Zygote  : Got error connecting to zygote, retrying. msg= No such file or directory
06-02 02:11:17.610  2920  2920 W display : release fence dup failed: Bad file descriptor
06-02 02:11:17.644  2920  2920 W display : release fence dup failed: Bad file descriptor
06-02 02:11:17.678  2920  2920 W display : release fence dup failed: Bad file descriptor
06-02 02:11:17.712  2920  2920 W display : release fence dup failed: Bad file descriptor
06-02 02:11:17.746  2920  2920 W display : release fence dup failed: Bad file descriptor
06-02 02:11:17.780  2920  2920 W display : release fence dup failed: Bad file descriptor
06-02 02:11:17.814  2920  2920 W display : release fence dup failed: Bad file descriptor
06-02 02:11:17.848  2920  2920 W display : release fence dup failed: Bad file descriptor
06-02 02:11:17.882  2920  2920 W display : release fence dup failed: Bad file descriptor
06-02 02:11:17.916  2920  2920 W display : release fence dup failed: Bad file descriptor
06-02 02:11:17.949  2920  2920 W display : release fence dup failed: Bad file descriptor
06-02 02:11:17.983  2920  2920 W display : release fence dup failed: Bad file descriptor
06-02 02:11:18.017  2920  2920 W display : release fence dup failed: Bad file descriptor
06-02 02:11:18.051  2920  2920 W display : release fence dup failed: Bad file descriptor
06-02 02:11:18.085  2920  2920 W display : release fence dup failed: Bad file descriptor
06-02 02:11:18.119  2920  2920 W display : release fence dup failed: Bad file descriptor
06-02 02:11:18.153  2920  2920 W display : release fence dup failed: Bad file descriptor
06-02 02:11:18.187  2920  2920 W display : release fence dup failed: Bad file descriptor
06-02 02:11:18.221  2920  2920 W display : release fence dup failed: Bad file descriptor
06-02 02:11:18.255  2920  2920 W display : release fence dup failed: Bad file descriptor
06-02 02:11:18.288  2920  2920 W display : release fence dup failed: Bad file descriptor
06-02 02:11:18.323  2920  2920 W display : release fence dup failed: Bad file descriptor
06-02 02:11:18.356  2920  2920 W display : release fence dup failed: Bad file descriptor
06-02 02:11:18.390  2920  2920 W display : release fence dup failed: Bad file descriptor
06-02 02:11:18.424  2920  2920 W display : release fence dup failed: Bad file descriptor
06-02 02:11:18.458  2920  2920 W display : release fence dup failed: Bad file descriptor
06-02 02:11:18.492  2920  2920 W display : release fence dup failed: Bad file descriptor
06-02 02:11:18.526  2920  2920 W display : release fence dup failed: Bad file descriptor
06-02 02:11:18.560  2920  2920 W display : release fence dup failed: Bad file descriptor
06-02 02:11:18.582  3318  3318 W Zygote  : Got error connecting to zygote, retrying. msg= No such file or directory
06-02 02:11:18.594  2920  2920 W display : release fence dup failed: Bad file descriptor
06-02 02:11:18.627  2920  2920 W display : release fence dup failed: Bad file descriptor
06-02 02:11:18.662  2920  2920 W display : release fence dup failed: Bad file descriptor
06-02 02:11:18.696  2920  2920 W display : release fence dup failed: Bad file descriptor
06-02 02:11:18.730  2920  2920 W display : release fence dup failed: Bad file descriptor
06-02 02:11:18.746  2920  2920 W display : release fence dup failed: Bad file descriptor
06-02 02:11:18.780  2920  2920 W display : release fence dup failed: Bad file descriptor
06-02 02:11:18.814  2920  2920 W display : release fence dup failed: Bad file descriptor
06-02 02:11:18.848  2920  2920 W display : release fence dup failed: Bad file descriptor
06-02 02:11:18.882  2920  2920 W display : release fence dup failed: Bad file descriptor
06-02 02:11:18.933  2920  2920 W display : release fence dup failed: Bad file descriptor
06-02 02:11:18.967  2920  2920 W display : release fence dup failed: Bad file descriptor
06-02 02:11:18.984  2920  2920 W display : release fence dup failed: Bad file descriptor
06-02 02:11:19.018  2920  2920 W display : release fence dup failed: Bad file descriptor
06-02 02:11:19.052  2920  2920 W display : release fence dup failed: Bad file descriptor
06-02 02:11:19.085  2920  2920 W display : release fence dup failed: Bad file descriptor
06-02 02:11:19.119  2920  2920 W display : release fence dup failed: Bad file descriptor
06-02 02:11:19.153  2920  2920 W display : release fence dup failed: Bad file descriptor
06-02 02:11:19.187  2920  2920 W display : release fence dup failed: Bad file descriptor
06-02 02:11:19.221  2920  2920 W display : release fence dup failed: Bad file descriptor
06-02 02:11:19.255  2920  2920 W display : release fence dup failed: Bad file descriptor
06-02 02:11:19.289  2920  2920 W display : release fence dup failed: Bad file descriptor
06-02 02:11:19.323  2920  2920 W display : release fence dup failed: Bad file descriptor
06-02 02:11:19.357  2920  2920 W display : release fence dup failed: Bad file descriptor
06-02 02:11:19.391  2920  2920 W display : release fence dup failed: Bad file descriptor
06-02 02:11:19.424  2920  2920 W display : release fence dup failed: Bad file descriptor
06-02 02:11:19.458  2920  2920 W display : release fence dup failed: Bad file descriptor
06-02 02:11:19.492  2920  2920 W display : release fence dup failed: Bad file descriptor
06-02 02:11:19.526  2920  2920 W display : release fence dup failed: Bad file descriptor
06-02 02:11:19.560  2920  2920 W display : release fence dup failed: Bad file descriptor
06-02 02:11:19.583  3318  3318 W Zygote  : Got error connecting to zygote, retrying. msg= No such file or directory
06-02 02:11:19.594  2920  2920 W display : release fence dup failed: Bad file descriptor
06-02 02:11:19.628  2920  2920 W display : release fence dup failed: Bad file descriptor
06-02 02:11:19.662  2920  2920 W display : release fence dup failed: Bad file descriptor
06-02 02:11:19.696  2920  2920 W display : release fence dup failed: Bad file descriptor
06-02 02:11:19.730  2920  2920 W display : release fence dup failed: Bad file descriptor
