06-15 19:12:56.047  2921  2921 E         : Runtime and build version of gralloc private structure does not match. Errors will likely follow.
06-15 19:12:56.051  2921  2921 E gralloc : invalid gralloc handle (at 0x7f9f2965b0)
06-15 19:12:56.051  2921  2921 E SurfaceFlinger: error posting framebuffer: -22
06-15 19:12:56.064  2921  2921 E         : invalid gralloc handle (at 0x7f9f296540)
06-15 19:12:56.064  2921  2921 E         : Runtime and build version of gralloc private structure does not match. Errors will likely follow.
06-15 19:12:56.068  2921  2921 E gralloc : invalid gralloc handle (at 0x7f9f296540)
06-15 19:12:56.068  2921  2921 E SurfaceFlinger: error posting framebuffer: -22
06-15 19:12:56.148  2921  2921 E         : invalid gralloc handle (at 0x7f9f296690)
06-15 19:12:56.148  2921  2921 E         : Runtime and build version of gralloc private structure does not match. Errors will likely follow.
06-15 19:12:56.152  2921  2921 E gralloc : invalid gralloc handle (at 0x7f9f296690)
06-15 19:12:56.152  2921  2921 E SurfaceFlinger: error posting framebuffer: -22
06-15 19:12:56.165  2921  2921 E         : invalid gralloc handle (at 0x7f9f296620)
06-15 19:12:56.165  2921  2921 E         : Runtime and build version of gralloc private structure does not match. Errors will likely follow.
06-15 19:12:56.169  2921  2921 E gralloc : invalid gralloc handle (at 0x7f9f296620)
06-15 19:12:56.169  2921  2921 E SurfaceFlinger: error posting framebuffer: -22
06-15 19:12:56.198  2921  2921 E         : invalid gralloc handle (at 0x7f9f2965b0)
06-15 19:12:56.198  2921  2921 E         : Runtime and build version of gralloc private structure does not match. Errors will likely follow.
06-15 19:12:56.202  2921  2921 E gralloc : invalid gralloc handle (at 0x7f9f2965b0)
06-15 19:12:56.202  2921  2921 E SurfaceFlinger: error posting framebuffer: -22
06-15 19:12:56.232  2921  2921 E         : invalid gralloc handle (at 0x7f9f296540)
06-15 19:12:56.232  2921  2921 E         : Runtime and build version of gralloc private structure does not match. Errors will likely follow.
06-15 19:12:56.236  2921  2921 E gralloc : invalid gralloc handle (at 0x7f9f296540)
06-15 19:12:56.236  2921  2921 E SurfaceFlinger: error posting framebuffer: -22
06-15 19:12:56.300  2921  2921 E         : invalid gralloc handle (at 0x7f9f296690)
06-15 19:12:56.300  2921  2921 E         : Runtime and build version of gralloc private structure does not match. Errors will likely follow.
06-15 19:12:56.304  2921  2921 E gralloc : invalid gralloc handle (at 0x7f9f296690)
06-15 19:12:56.304  2921  2921 E SurfaceFlinger: error posting framebuffer: -22
06-15 19:12:56.333  2921  2921 E         : invalid gralloc handle (at 0x7f9f296620)
06-15 19:12:56.333  2921  2921 E         : Runtime and build version of gralloc private structure does not match. Errors will likely follow.
06-15 19:12:56.337  2921  2921 E gralloc : invalid gralloc handle (at 0x7f9f296620)
06-15 19:12:56.337  2921  2921 E SurfaceFlinger: error posting framebuffer: -22
06-15 19:12:56.365  2936  2936 I Zygote  : ...preloaded 342 resources in 409ms.
06-15 19:12:56.367  2921  2921 E         : invalid gralloc handle (at 0x7f9f2965b0)
06-15 19:12:56.367  2921  2921 E         : Runtime and build version of gralloc private structure does not match. Errors will likely follow.
06-15 19:12:56.371  2921  2921 E gralloc : invalid gralloc handle (at 0x7f9f2965b0)
06-15 19:12:56.371  2921  2921 E SurfaceFlinger: error posting framebuffer: -22
06-15 19:12:56.375  2936  2936 I Zygote  : ...preloaded 41 resources in 9ms.
06-15 19:12:56.382  2936  2936 D libEGL  : loaded /vendor/lib64/egl/libGLES_mali.so
06-15 19:12:56.388  2936  2936 I Zygote  : Preloading shared libraries...
06-15 19:12:56.401  2921  2921 E         : invalid gralloc handle (at 0x7f9f296540)
06-15 19:12:56.401  2921  2921 E         : Runtime and build version of gralloc private structure does not match. Errors will likely follow.
06-15 19:12:56.401  2936  2936 D Zygote  : end preload
06-15 19:12:56.401  2936  2936 I art     : Starting a blocking GC Explicit
06-15 19:12:56.405  2921  2921 E gralloc : invalid gralloc handle (at 0x7f9f296540)
06-15 19:12:56.405  2921  2921 E SurfaceFlinger: error posting framebuffer: -22
06-15 19:12:56.412  2936  2936 I art     : Explicit concurrent mark sweep GC freed 11418(461KB) AllocSpace objects, 0(0B) LOS objects, 35% free, 29MB/45MB, paused 49us total 10.729ms
06-15 19:12:56.422  2936  2936 I art     : Starting a blocking GC Explicit
06-15 19:12:56.430  2936  2936 I art     : Explicit concurrent mark sweep GC freed 2696(126KB) AllocSpace objects, 0(0B) LOS objects, 35% free, 28MB/44MB, paused 44us total 8.674ms
06-15 19:12:56.431  2936  3228 I art     : Starting a blocking GC HeapTrim
06-15 19:12:56.432  2936  2936 I art     : Starting a blocking GC Background
06-15 19:12:56.468  2921  2921 E         : invalid gralloc handle (at 0x7f9f296690)
06-15 19:12:56.468  2921  2921 E         : Runtime and build version of gralloc private structure does not match. Errors will likely follow.
06-15 19:12:56.472  2921  2921 E gralloc : invalid gralloc handle (at 0x7f9f296690)
06-15 19:12:56.472  2921  2921 E SurfaceFlinger: error posting framebuffer: -22
06-15 19:12:56.479  2936  2936 I Zygote  : System server process 3383 has been created
06-15 19:12:56.480  2936  2936 I Zygote  : Accepting command socket connections
06-15 19:12:56.484  3383  3383 W Zygote  : Got error connecting to zygote, retrying. msg= No such file or directory
06-15 19:12:56.502  2921  2921 E         : invalid gralloc handle (at 0x7f9f296620)
06-15 19:12:56.502  2921  2921 E         : Runtime and build version of gralloc private structure does not match. Errors will likely follow.
06-15 19:12:56.506  2921  2921 E gralloc : invalid gralloc handle (at 0x7f9f296620)
06-15 19:12:56.506  2921  2921 E SurfaceFlinger: error posting framebuffer: -22
06-15 19:12:56.536  2921  2921 E         : invalid gralloc handle (at 0x7f9f2965b0)
06-15 19:12:56.536  2921  2921 E         : Runtime and build version of gralloc private structure does not match. Errors will likely follow.
06-15 19:12:56.540  2921  2921 E gralloc : invalid gralloc handle (at 0x7f9f2965b0)
06-15 19:12:56.540  2921  2921 E SurfaceFlinger: error posting framebuffer: -22
06-15 19:12:56.569  2921  2921 E         : invalid gralloc handle (at 0x7f9f296540)
06-15 19:12:56.569  2921  2921 E         : Runtime and build version of gralloc private structure does not match. Errors will likely follow.
06-15 19:12:56.573  2921  2921 E gralloc : invalid gralloc handle (at 0x7f9f296540)
06-15 19:12:56.573  2921  2921 E SurfaceFlinger: error posting framebuffer: -22
06-15 19:12:56.637  2921  2921 E         : invalid gralloc handle (at 0x7f9f296690)
06-15 19:12:56.637  2921  2921 E         : Runtime and build version of gralloc private structure does not match. Errors will likely follow.
06-15 19:12:56.641  2921  2921 E gralloc : invalid gralloc handle (at 0x7f9f296690)
06-15 19:12:56.641  2921  2921 E SurfaceFlinger: error posting framebuffer: -22
06-15 19:12:56.671  2921  2921 E         : invalid gralloc handle (at 0x7f9f296620)
06-15 19:12:56.671  2921  2921 E         : Runtime and build version of gralloc private structure does not match. Errors will likely follow.
06-15 19:12:56.675  2921  2921 E gralloc : invalid gralloc handle (at 0x7f9f296620)
06-15 19:12:56.675  2921  2921 E SurfaceFlinger: error posting framebuffer: -22
06-15 19:12:56.704  2921  2921 E         : invalid gralloc handle (at 0x7f9f2965b0)
06-15 19:12:56.704  2921  2921 E         : Runtime and build version of gralloc private structure does not match. Errors will likely follow.
06-15 19:12:56.708  2921  2921 E gralloc : invalid gralloc handle (at 0x7f9f2965b0)
06-15 19:12:56.708  2921  2921 E SurfaceFlinger: error posting framebuffer: -22
06-15 19:12:56.738  2921  2921 E         : invalid gralloc handle (at 0x7f9f296540)
06-15 19:12:56.738  2921  2921 E         : Runtime and build version of gralloc private structure does not match. Errors will likely follow.
06-15 19:12:56.742  2921  2921 E gralloc : invalid gralloc handle (at 0x7f9f296540)
06-15 19:12:56.742  2921  2921 E SurfaceFlinger: error posting framebuffer: -22
06-15 19:12:56.805  2921  2921 E         : invalid gralloc handle (at 0x7f9f296690)
06-15 19:12:56.805  2921  2921 E         : Runtime and build version of gralloc private structure does not match. Errors will likely follow.
06-15 19:12:56.810  2921  2921 E gralloc : invalid gralloc handle (at 0x7f9f296690)
06-15 19:12:56.810  2921  2921 E SurfaceFlinger: error posting framebuffer: -22
06-15 19:12:56.839  2921  2921 E         : invalid gralloc handle (at 0x7f9f296620)
06-15 19:12:56.839  2921  2921 E         : Runtime and build version of gralloc private structure does not match. Errors will likely follow.
06-15 19:12:56.843  2921  2921 E gralloc : invalid gralloc handle (at 0x7f9f296620)
06-15 19:12:56.843  2921  2921 E SurfaceFlinger: error posting framebuffer: -22
06-15 19:12:56.873  2921  2921 E         : invalid gralloc handle (at 0x7f9f2965b0)
06-15 19:12:56.873  2921  2921 E         : Runtime and build version of gralloc private structure does not match. Errors will likely follow.
06-15 19:12:56.877  2921  2921 E gralloc : invalid gralloc handle (at 0x7f9f2965b0)
06-15 19:12:56.877  2921  2921 E SurfaceFlinger: error posting framebuffer: -22
06-15 19:12:56.907  2921  2921 E         : invalid gralloc handle (at 0x7f9f296540)
06-15 19:12:56.907  2921  2921 E         : Runtime and build version of gralloc private structure does not match. Errors will likely follow.
06-15 19:12:56.911  2921  2921 E gralloc : invalid gralloc handle (at 0x7f9f296540)
06-15 19:12:56.911  2921  2921 E SurfaceFlinger: error posting framebuffer: -22
06-15 19:12:56.974  2921  2921 E         : invalid gralloc handle (at 0x7f9f296690)
06-15 19:12:56.974  2921  2921 E         : Runtime and build version of gralloc private structure does not match. Errors will likely follow.
06-15 19:12:56.978  2921  2921 E gralloc : invalid gralloc handle (at 0x7f9f296690)
06-15 19:12:56.978  2921  2921 E SurfaceFlinger: error posting framebuffer: -22
06-15 19:12:57.008  2921  2921 E         : invalid gralloc handle (at 0x7f9f296620)
06-15 19:12:57.008  2921  2921 E         : Runtime and build version of gralloc private structure does not match. Errors will likely follow.
06-15 19:12:57.012  2921  2921 E gralloc : invalid gralloc handle (at 0x7f9f296620)
06-15 19:12:57.012  2921  2921 E SurfaceFlinger: error posting framebuffer: -22
06-15 19:12:57.042  2921  2921 E         : invalid gralloc handle (at 0x7f9f2965b0)
06-15 19:12:57.042  2921  2921 E         : Runtime and build version of gralloc private structure does not match. Errors will likely follow.
06-15 19:12:57.046  2921  2921 E gralloc : invalid gralloc handle (at 0x7f9f2965b0)
06-15 19:12:57.046  2921  2921 E SurfaceFlinger: error posting framebuffer: -22
06-15 19:12:57.075  2921  2921 E         : invalid gralloc handle (at 0x7f9f296540)
06-15 19:12:57.075  2921  2921 E         : Runtime and build version of gralloc private structure does not match. Errors will likely follow.
06-15 19:12:57.079  2921  2921 E gralloc : invalid gralloc handle (at 0x7f9f296540)
06-15 19:12:57.079  2921  2921 E SurfaceFlinger: error posting framebuffer: -22
06-15 19:12:57.143  2921  2921 E         : invalid gralloc handle (at 0x7f9f296690)
06-15 19:12:57.143  2921  2921 E         : Runtime and build version of gralloc private structure does not match. Errors will likely follow.
06-15 19:12:57.147  2921  2921 E gralloc : invalid gralloc handle (at 0x7f9f296690)
06-15 19:12:57.147  2921  2921 E SurfaceFlinger: error posting framebuffer: -22
06-15 19:12:57.176  2921  2921 E         : invalid gralloc handle (at 0x7f9f296620)
06-15 19:12:57.176  2921  2921 E         : Runtime and build version of gralloc private structure does not match. Errors will likely follow.
06-15 19:12:57.180  2921  2921 E gralloc : invalid gralloc handle (at 0x7f9f296620)
06-15 19:12:57.181  2921  2921 E SurfaceFlinger: error posting framebuffer: -22
06-15 19:12:57.210  2921  2921 E         : invalid gralloc handle (at 0x7f9f2965b0)
06-15 19:12:57.210  2921  2921 E         : Runtime and build version of gralloc private structure does not match. Errors will likely follow.
06-15 19:12:57.214  2921  2921 E gralloc : invalid gralloc handle (at 0x7f9f2965b0)
06-15 19:12:57.214  2921  2921 E SurfaceFlinger: error posting framebuffer: -22
06-15 19:12:57.244  2921  2921 E         : invalid gralloc handle (at 0x7f9f296540)
06-15 19:12:57.244  2921  2921 E         : Runtime and build version of gralloc private structure does not match. Errors will likely follow.
06-15 19:12:57.248  2921  2921 E gralloc : invalid gralloc handle (at 0x7f9f296540)
06-15 19:12:57.248  2921  2921 E SurfaceFlinger: error posting framebuffer: -22
06-15 19:12:57.311  2921  2921 E         : invalid gralloc handle (at 0x7f9f296690)
06-15 19:12:57.311  2921  2921 E         : Runtime and build version of gralloc private structure does not match. Errors will likely follow.
06-15 19:12:57.315  2921  2921 E gralloc : invalid gralloc handle (at 0x7f9f296690)
06-15 19:12:57.315  2921  2921 E SurfaceFlinger: error posting framebuffer: -22
06-15 19:12:57.345  2921  2921 E         : invalid gralloc handle (at 0x7f9f296620)
06-15 19:12:57.345  2921  2921 E         : Runtime and build version of gralloc private structure does not match. Errors will likely follow.
06-15 19:12:57.349  2921  2921 E gralloc : invalid gralloc handle (at 0x7f9f296620)
06-15 19:12:57.349  2921  2921 E SurfaceFlinger: error posting framebuffer: -22
06-15 19:12:57.379  2921  2921 E         : invalid gralloc handle (at 0x7f9f2965b0)
06-15 19:12:57.379  2921  2921 E         : Runtime and build version of gralloc private structure does not match. Errors will likely follow.
06-15 19:12:57.383  2921  2921 E gralloc : invalid gralloc handle (at 0x7f9f2965b0)
06-15 19:12:57.383  2921  2921 E SurfaceFlinger: error posting framebuffer: -22
06-15 19:12:57.412  2921  2921 E         : invalid gralloc handle (at 0x7f9f296540)
06-15 19:12:57.412  2921  2921 E         : Runtime and build version of gralloc private structure does not match. Errors will likely follow.
06-15 19:12:57.417  2921  2921 E gralloc : invalid gralloc handle (at 0x7f9f296540)
06-15 19:12:57.417  2921  2921 E SurfaceFlinger: error posting framebuffer: -22
06-15 19:12:57.480  2921  2921 E         : invalid gralloc handle (at 0x7f9f296690)
06-15 19:12:57.480  2921  2921 E         : Runtime and build version of gralloc private structure does not match. Errors will likely follow.
06-15 19:12:57.484  2921  2921 E gralloc : invalid gralloc handle (at 0x7f9f296690)
06-15 19:12:57.484  2921  2921 E SurfaceFlinger: error posting framebuffer: -22
06-15 19:12:57.485  3383  3383 W Zygote  : Got error connecting to zygote, retrying. msg= No such file or directory
06-15 19:12:57.514  2921  2921 E         : invalid gralloc handle (at 0x7f9f296620)
06-15 19:12:57.514  2921  2921 E         : Runtime and build version of gralloc private structure does not match. Errors will likely follow.
06-15 19:12:57.518  2921  2921 E gralloc : invalid gralloc handle (at 0x7f9f296620)
06-15 19:12:57.518  2921  2921 E SurfaceFlinger: error posting framebuffer: -22
06-15 19:12:57.547  2921  2921 E         : invalid gralloc handle (at 0x7f9f2965b0)
06-15 19:12:57.547  2921  2921 E         : Runtime and build version of gralloc private structure does not match. Errors will likely follow.
06-15 19:12:57.552  2921  2921 E gralloc : invalid gralloc handle (at 0x7f9f2965b0)
06-15 19:12:57.552  2921  2921 E SurfaceFlinger: error posting framebuffer: -22
06-15 19:12:57.581  2921  2921 E         : invalid gralloc handle (at 0x7f9f296540)
06-15 19:12:57.581  2921  2921 E         : Runtime and build version of gralloc private structure does not match. Errors will likely follow.
06-15 19:12:57.585  2921  2921 E gralloc : invalid gralloc handle (at 0x7f9f296540)
06-15 19:12:57.585  2921  2921 E SurfaceFlinger: error posting framebuffer: -22
06-15 19:12:57.649  2921  2921 E         : invalid gralloc handle (at 0x7f9f296690)
06-15 19:12:57.649  2921  2921 E         : Runtime and build version of gralloc private structure does not match. Errors will likely follow.
06-15 19:12:57.653  2921  2921 E gralloc : invalid gralloc handle (at 0x7f9f296690)
06-15 19:12:57.653  2921  2921 E SurfaceFlinger: error posting framebuffer: -22
06-15 19:12:57.682  2921  2921 E         : invalid gralloc handle (at 0x7f9f296620)
06-15 19:12:57.682  2921  2921 E         : Runtime and build version of gralloc private structure does not match. Errors will likely follow.
06-15 19:12:57.686  2921  2921 E gralloc : invalid gralloc handle (at 0x7f9f296620)
06-15 19:12:57.686  2921  2921 E SurfaceFlinger: error posting framebuffer: -22
06-15 19:12:57.716  2921  2921 E         : invalid gralloc handle (at 0x7f9f2965b0)
06-15 19:12:57.716  2921  2921 E         : Runtime and build version of gralloc private structure does not match. Errors will likely follow.
06-15 19:12:57.720  2921  2921 E gralloc : invalid gralloc handle (at 0x7f9f2965b0)
06-15 19:12:57.720  2921  2921 E SurfaceFlinger: error posting framebuffer: -22
06-15 19:12:57.750  2921  2921 E         : invalid gralloc handle (at 0x7f9f296540)
06-15 19:12:57.750  2921  2921 E         : Runtime and build version of gralloc private structure does not match. Errors will likely follow.
06-15 19:12:57.754  2921  2921 E gralloc : invalid gralloc handle (at 0x7f9f296540)
06-15 19:12:57.754  2921  2921 E SurfaceFlinger: error posting framebuffer: -22
06-15 19:12:57.817  2921  2921 E         : invalid gralloc handle (at 0x7f9f296690)
06-15 19:12:57.817  2921  2921 E         : Runtime and build version of gralloc private structure does not match. Errors will likely follow.
06-15 19:12:57.821  2921  2921 E gralloc : invalid gralloc handle (at 0x7f9f296690)
06-15 19:12:57.821  2921  2921 E SurfaceFlinger: error posting framebuffer: -22
06-15 19:12:57.851  2921  2921 E         : invalid gralloc handle (at 0x7f9f296620)
06-15 19:12:57.851  2921  2921 E         : Runtime and build version of gralloc private structure does not match. Errors will likely follow.
06-15 19:12:57.855  2921  2921 E gralloc : invalid gralloc handle (at 0x7f9f296620)
06-15 19:12:57.855  2921  2921 E SurfaceFlinger: error posting framebuffer: -22
06-15 19:12:57.884  2921  2921 E         : invalid gralloc handle (at 0x7f9f2965b0)
06-15 19:12:57.885  2921  2921 E         : Runtime and build version of gralloc private structure does not match. Errors will likely follow.
06-15 19:12:57.889  2921  2921 E gralloc : invalid gralloc handle (at 0x7f9f2965b0)
06-15 19:12:57.889  2921  2921 E SurfaceFlinger: error posting framebuffer: -22
06-15 19:12:57.918  2921  2921 E         : invalid gralloc handle (at 0x7f9f296540)
06-15 19:12:57.918  2921  2921 E         : Runtime and build version of gralloc private structure does not match. Errors will likely follow.
06-15 19:12:57.922  2921  2921 E gralloc : invalid gralloc handle (at 0x7f9f296540)
06-15 19:12:57.922  2921  2921 E SurfaceFlinger: error posting framebuffer: -22
06-15 19:12:57.986  2921  2921 E         : invalid gralloc handle (at 0x7f9f296690)
06-15 19:12:57.986  2921  2921 E         : Runtime and build version of gralloc private structure does not match. Errors will likely follow.
06-15 19:12:57.990  2921  2921 E gralloc : invalid gralloc handle (at 0x7f9f296690)
06-15 19:12:57.990  2921  2921 E SurfaceFlinger: error posting framebuffer: -22
06-15 19:12:58.019  2921  2921 E         : invalid gralloc handle (at 0x7f9f296620)
06-15 19:12:58.019  2921  2921 E         : Runtime and build version of gralloc private structure does not match. Errors will likely follow.
06-15 19:12:58.023  2921  2921 E gralloc : invalid gralloc handle (at 0x7f9f296620)
06-15 19:12:58.023  2921  2921 E SurfaceFlinger: error posting framebuffer: -22
06-15 19:12:58.053  2921  2921 E         : invalid gralloc handle (at 0x7f9f2965b0)
06-15 19:12:58.053  2921  2921 E         : Runtime and build version of gralloc private structure does not match. Errors will likely follow.
06-15 19:12:58.057  2921  2921 E gralloc : invalid gralloc handle (at 0x7f9f2965b0)
06-15 19:12:58.057  2921  2921 E SurfaceFlinger: error posting framebuffer: -22
06-15 19:12:58.087  2921  2921 E         : invalid gralloc handle (at 0x7f9f296540)
06-15 19:12:58.087  2921  2921 E         : Runtime and build version of gralloc private structure does not match. Errors will likely follow.
06-15 19:12:58.091  2921  2921 E gralloc : invalid gralloc handle (at 0x7f9f296540)
06-15 19:12:58.091  2921  2921 E SurfaceFlinger: error posting framebuffer: -22
06-15 19:12:58.154  2921  2921 E         : invalid gralloc handle (at 0x7f9f296690)
06-15 19:12:58.154  2921  2921 E         : Runtime and build version of gralloc private structure does not match. Errors will likely follow.
06-15 19:12:58.158  2921  2921 E gralloc : invalid gralloc handle (at 0x7f9f296690)
06-15 19:12:58.158  2921  2921 E SurfaceFlinger: error posting framebuffer: -22
06-15 19:12:58.188  2921  2921 E         : invalid gralloc handle (at 0x7f9f296620)
06-15 19:12:58.188  2921  2921 E         : Runtime and build version of gralloc private structure does not match. Errors will likely follow.
06-15 19:12:58.192  2921  2921 E gralloc : invalid gralloc handle (at 0x7f9f296620)
06-15 19:12:58.192  2921  2921 E SurfaceFlinger: error posting framebuffer: -22
06-15 19:12:58.222  2921  2921 E         : invalid gralloc handle (at 0x7f9f2965b0)
06-15 19:12:58.222  2921  2921 E         : Runtime and build version of gralloc private structure does not match. Errors will likely follow.
06-15 19:12:58.226  2921  2921 E gralloc : invalid gralloc handle (at 0x7f9f2965b0)
06-15 19:12:58.226  2921  2921 E SurfaceFlinger: error posting framebuffer: -22
06-15 19:12:58.255  2921  2921 E         : invalid gralloc handle (at 0x7f9f296540)
06-15 19:12:58.255  2921  2921 E         : Runtime and build version of gralloc private structure does not match. Errors will likely follow.
06-15 19:12:58.259  2921  2921 E gralloc : invalid gralloc handle (at 0x7f9f296540)
06-15 19:12:58.260  2921  2921 E SurfaceFlinger: error posting framebuffer: -22
06-15 19:12:58.323  2921  2921 E         : invalid gralloc handle (at 0x7f9f296690)
06-15 19:12:58.323  2921  2921 E         : Runtime and build version of gralloc private structure does not match. Errors will likely follow.
06-15 19:12:58.327  2921  2921 E gralloc : invalid gralloc handle (at 0x7f9f296690)
06-15 19:12:58.327  2921  2921 E SurfaceFlinger: error posting framebuffer: -22
06-15 19:12:58.357  2921  2921 E         : invalid gralloc handle (at 0x7f9f296620)
06-15 19:12:58.357  2921  2921 E         : Runtime and build version of gralloc private structure does not match. Errors will likely follow.
06-15 19:12:58.361  2921  2921 E gralloc : invalid gralloc handle (at 0x7f9f296620)
06-15 19:12:58.361  2921  2921 E SurfaceFlinger: error posting framebuffer: -22
06-15 19:12:58.390  2921  2921 E         : invalid gralloc handle (at 0x7f9f2965b0)
06-15 19:12:58.390  2921  2921 E         : Runtime and build version of gralloc private structure does not match. Errors will likely follow.
06-15 19:12:58.394  2921  2921 E gralloc : invalid gralloc handle (at 0x7f9f2965b0)
06-15 19:12:58.394  2921  2921 E SurfaceFlinger: error posting framebuffer: -22
06-15 19:12:58.424  2921  2921 E         : invalid gralloc handle (at 0x7f9f296540)
06-15 19:12:58.424  2921  2921 E         : Runtime and build version of gralloc private structure does not match. Errors will likely follow.
06-15 19:12:58.428  2921  2921 E gralloc : invalid gralloc handle (at 0x7f9f296540)
06-15 19:12:58.428  2921  2921 E SurfaceFlinger: error posting framebuffer: -22
06-15 19:12:58.475  2921  2921 E         : invalid gralloc handle (at 0x7f9f296690)
06-15 19:12:58.475  2921  2921 E         : Runtime and build version of gralloc private structure does not match. Errors will likely follow.
06-15 19:12:58.479  2921  2921 E gralloc : invalid gralloc handle (at 0x7f9f296690)
06-15 19:12:58.479  2921  2921 E SurfaceFlinger: error posting framebuffer: -22
06-15 19:12:58.486  3383  3383 W Zygote  : Got error connecting to zygote, retrying. msg= No such file or directory
06-15 19:12:58.525  2921  2921 E         : invalid gralloc handle (at 0x7f9f296620)
06-15 19:12:58.525  2921  2921 E         : Runtime and build version of gralloc private structure does not match. Errors will likely follow.
06-15 19:12:58.529  2921  2921 E gralloc : invalid gralloc handle (at 0x7f9f296620)
06-15 19:12:58.529  2921  2921 E SurfaceFlinger: error posting framebuffer: -22
06-15 19:12:58.542  2921  2921 E         : invalid gralloc handle (at 0x7f9f2965b0)
06-15 19:12:58.542  2921  2921 E         : Runtime and build version of gralloc private structure does not match. Errors will likely follow.
06-15 19:12:58.546  2921  2921 E gralloc : invalid gralloc handle (at 0x7f9f2965b0)
06-15 19:12:58.546  2921  2921 E SurfaceFlinger: error posting framebuffer: -22
06-15 19:12:58.576  2921  2921 E         : invalid gralloc handle (at 0x7f9f296540)
06-15 19:12:58.576  2921  2921 E         : Runtime and build version of gralloc private structure does not match. Errors will likely follow.
06-15 19:12:58.580  2921  2921 E gralloc : invalid gralloc handle (at 0x7f9f296540)
06-15 19:12:58.580  2921  2921 E SurfaceFlinger: error posting framebuffer: -22
06-15 19:12:58.643  2921  2921 E         : invalid gralloc handle (at 0x7f9f296690)
06-15 19:12:58.643  2921  2921 E         : Runtime and build version of gralloc private structure does not match. Errors will likely follow.
06-15 19:12:58.647  2921  2921 E gralloc : invalid gralloc handle (at 0x7f9f296690)
06-15 19:12:58.647  2921  2921 E SurfaceFlinger: error posting framebuffer: -22
06-15 19:12:58.677  2921  2921 E         : invalid gralloc handle (at 0x7f9f296620)
06-15 19:12:58.677  2921  2921 E         : Runtime and build version of gralloc private structure does not match. Errors will likely follow.
06-15 19:12:58.681  2921  2921 E gralloc : invalid gralloc handle (at 0x7f9f296620)
06-15 19:12:58.681  2921  2921 E SurfaceFlinger: error posting framebuffer: -22
06-15 19:12:58.710  2921  2921 E         : invalid gralloc handle (at 0x7f9f2965b0)
06-15 19:12:58.710  2921  2921 E         : Runtime and build version of gralloc private structure does not match. Errors will likely follow.
06-15 19:12:58.714  2921  2921 E gralloc : invalid gralloc handle (at 0x7f9f2965b0)
06-15 19:12:58.714  2921  2921 E SurfaceFlinger: error posting framebuffer: -22
06-15 19:12:58.744  2921  2921 E         : invalid gralloc handle (at 0x7f9f296540)
06-15 19:12:58.744  2921  2921 E         : Runtime and build version of gralloc private structure does not match. Errors will likely follow.
06-15 19:12:58.748  2921  2921 E gralloc : invalid gralloc handle (at 0x7f9f296540)
06-15 19:12:58.748  2921  2921 E SurfaceFlinger: error posting framebuffer: -22
06-15 19:12:58.812  2921  2921 E         : invalid gralloc handle (at 0x7f9f296690)
06-15 19:12:58.812  2921  2921 E         : Runtime and build version of gralloc private structure does not match. Errors will likely follow.
06-15 19:12:58.816  2921  2921 E gralloc : invalid gralloc handle (at 0x7f9f296690)
06-15 19:12:58.816  2921  2921 E SurfaceFlinger: error posting framebuffer: -22
06-15 19:12:58.845  2921  2921 E         : invalid gralloc handle (at 0x7f9f296620)
06-15 19:12:58.845  2921  2921 E         : Runtime and build version of gralloc private structure does not match. Errors will likely follow.
06-15 19:12:58.850  2921  2921 E gralloc : invalid gralloc handle (at 0x7f9f296620)
06-15 19:12:58.850  2921  2921 E SurfaceFlinger: error posting framebuffer: -22
06-15 19:12:58.879  2921  2921 E         : invalid gralloc handle (at 0x7f9f2965b0)
06-15 19:12:58.879  2921  2921 E         : Runtime and build version of gralloc private structure does not match. Errors will likely follow.
06-15 19:12:58.883  2921  2921 E gralloc : invalid gralloc handle (at 0x7f9f2965b0)
06-15 19:12:58.883  2921  2921 E SurfaceFlinger: error posting framebuffer: -22
06-15 19:12:58.913  2921  2921 E         : invalid gralloc handle (at 0x7f9f296540)
06-15 19:12:58.913  2921  2921 E         : Runtime and build version of gralloc private structure does not match. Errors will likely follow.
06-15 19:12:58.917  2921  2921 E gralloc : invalid gralloc handle (at 0x7f9f296540)
06-15 19:12:58.917  2921  2921 E SurfaceFlinger: error posting framebuffer: -22
06-15 19:12:58.980  2921  2921 E         : invalid gralloc handle (at 0x7f9f296690)
06-15 19:12:58.980  2921  2921 E         : Runtime and build version of gralloc private structure does not match. Errors will likely follow.
06-15 19:12:58.984  2921  2921 E gralloc : invalid gralloc handle (at 0x7f9f296690)
06-15 19:12:58.984  2921  2921 E SurfaceFlinger: error posting framebuffer: -22
06-15 19:12:59.014  2921  2921 E         : invalid gralloc handle (at 0x7f9f296620)
06-15 19:12:59.014  2921  2921 E         : Runtime and build version of gralloc private structure does not match. Errors will likely follow.
06-15 19:12:59.018  2921  2921 E gralloc : invalid gralloc handle (at 0x7f9f296620)
06-15 19:12:59.018  2921  2921 E SurfaceFlinger: error posting framebuffer: -22
06-15 19:12:59.048  2921  2921 E         : invalid gralloc handle (at 0x7f9f2965b0)
06-15 19:12:59.048  2921  2921 E         : Runtime and build version of gralloc private structure does not match. Errors will likely follow.
06-15 19:12:59.052  2921  2921 E gralloc : invalid gralloc handle (at 0x7f9f2965b0)
06-15 19:12:59.052  2921  2921 E SurfaceFlinger: error posting framebuffer: -22
06-15 19:12:59.082  2921  2921 E         : invalid gralloc handle (at 0x7f9f296540)
06-15 19:12:59.082  2921  2921 E         : Runtime and build version of gralloc private structure does not match. Errors will likely follow.
06-15 19:12:59.086  2921  2921 E gralloc : invalid gralloc handle (at 0x7f9f296540)
06-15 19:12:59.086  2921  2921 E SurfaceFlinger: error posting framebuffer: -22
06-15 19:12:59.149  2921  2921 E         : invalid gralloc handle (at 0x7f9f296690)
06-15 19:12:59.149  2921  2921 E         : Runtime and build version of gralloc private structure does not match. Errors will likely follow.
06-15 19:12:59.153  2921  2921 E gralloc : invalid gralloc handle (at 0x7f9f296690)
06-15 19:12:59.153  2921  2921 E SurfaceFlinger: error posting framebuffer: -22
06-15 19:12:59.183  2921  2921 E         : invalid gralloc handle (at 0x7f9f296620)
06-15 19:12:59.183  2921  2921 E         : Runtime and build version of gralloc private structure does not match. Errors will likely follow.
06-15 19:12:59.187  2921  2921 E gralloc : invalid gralloc handle (at 0x7f9f296620)
06-15 19:12:59.187  2921  2921 E SurfaceFlinger: error posting framebuffer: -22
06-15 19:12:59.216  2921  2921 E         : invalid gralloc handle (at 0x7f9f2965b0)
06-15 19:12:59.217  2921  2921 E         : Runtime and build version of gralloc private structure does not match. Errors will likely follow.
06-15 19:12:59.221  2921  2921 E gralloc : invalid gralloc handle (at 0x7f9f2965b0)
06-15 19:12:59.221  2921  2921 E SurfaceFlinger: error posting framebuffer: -22
06-15 19:12:59.250  2921  2921 E         : invalid gralloc handle (at 0x7f9f296540)
06-15 19:12:59.250  2921  2921 E         : Runtime and build version of gralloc private structure does not match. Errors will likely follow.
06-15 19:12:59.254  2921  2921 E gralloc : invalid gralloc handle (at 0x7f9f296540)
06-15 19:12:59.254  2921  2921 E SurfaceFlinger: error posting framebuffer: -22
06-15 19:12:59.318  2921  2921 E         : invalid gralloc handle (at 0x7f9f296690)
06-15 19:12:59.318  2921  2921 E         : Runtime and build version of gralloc private structure does not match. Errors will likely follow.
06-15 19:12:59.322  2921  2921 E gralloc : invalid gralloc handle (at 0x7f9f296690)
06-15 19:12:59.322  2921  2921 E SurfaceFlinger: error posting framebuffer: -22
06-15 19:12:59.351  2921  2921 E         : invalid gralloc handle (at 0x7f9f296620)
06-15 19:12:59.351  2921  2921 E         : Runtime and build version of gralloc private structure does not match. Errors will likely follow.
06-15 19:12:59.355  2921  2921 E gralloc : invalid gralloc handle (at 0x7f9f296620)
06-15 19:12:59.356  2921  2921 E SurfaceFlinger: error posting framebuffer: -22
06-15 19:12:59.385  2921  2921 E         : invalid gralloc handle (at 0x7f9f2965b0)
06-15 19:12:59.385  2921  2921 E         : Runtime and build version of gralloc private structure does not match. Errors will likely follow.
06-15 19:12:59.389  2921  2921 E gralloc : invalid gralloc handle (at 0x7f9f2965b0)
06-15 19:12:59.389  2921  2921 E SurfaceFlinger: error posting framebuffer: -22
06-15 19:12:59.419  2921  2921 E         : invalid gralloc handle (at 0x7f9f296540)
06-15 19:12:59.419  2921  2921 E         : Runtime and build version of gralloc private structure does not match. Errors will likely follow.
06-15 19:12:59.423  2921  2921 E gralloc : invalid gralloc handle (at 0x7f9f296540)
06-15 19:12:59.423  2921  2921 E SurfaceFlinger: error posting framebuffer: -22
06-15 19:12:59.486  3383  3383 W Zygote  : Got error connecting to zygote, retrying. msg= No such file or directory
06-15 19:12:59.486  2921  2921 E         : invalid gralloc handle (at 0x7f9f296690)
06-15 19:12:59.486  2921  2921 E         : Runtime and build version of gralloc private structure does not match. Errors will likely follow.
06-15 19:12:59.490  2921  2921 E gralloc : invalid gralloc handle (at 0x7f9f296690)
06-15 19:12:59.490  2921  2921 E SurfaceFlinger: error posting framebuffer: -22
06-15 19:12:59.520  2921  2921 E         : invalid gralloc handle (at 0x7f9f296620)
06-15 19:12:59.520  2921  2921 E         : Runtime and build version of gralloc private structure does not match. Errors will likely follow.
06-15 19:12:59.524  2921  2921 E gralloc : invalid gralloc handle (at 0x7f9f296620)
06-15 19:12:59.524  2921  2921 E SurfaceFlinger: error posting framebuffer: -22
06-15 19:12:59.554  2921  2921 E         : invalid gralloc handle (at 0x7f9f2965b0)
06-15 19:12:59.554  2921  2921 E         : Runtime and build version of gralloc private structure does not match. Errors will likely follow.
06-15 19:12:59.558  2921  2921 E gralloc : invalid gralloc handle (at 0x7f9f2965b0)
06-15 19:12:59.558  2921  2921 E SurfaceFlinger: error posting framebuffer: -22
06-15 19:12:59.587  2921  2921 E         : invalid gralloc handle (at 0x7f9f296540)
06-15 19:12:59.587  2921  2921 E         : Runtime and build version of gralloc private structure does not match. Errors will likely follow.
06-15 19:12:59.592  2921  2921 E gralloc : invalid gralloc handle (at 0x7f9f296540)
06-15 19:12:59.592  2921  2921 E SurfaceFlinger: error posting framebuffer: -22
06-15 19:12:59.655  2921  2921 E         : invalid gralloc handle (at 0x7f9f296690)
06-15 19:12:59.655  2921  2921 E         : Runtime and build version of gralloc private structure does not match. Errors will likely follow.
06-15 19:12:59.659  2921  2921 E gralloc : invalid gralloc handle (at 0x7f9f296690)
06-15 19:12:59.659  2921  2921 E SurfaceFlinger: error posting framebuffer: -22
06-15 19:12:59.689  2921  2921 E         : invalid gralloc handle (at 0x7f9f296620)
06-15 19:12:59.689  2921  2921 E         : Runtime and build version of gralloc private structure does not match. Errors will likely follow.
06-15 19:12:59.693  2921  2921 E gralloc : invalid gralloc handle (at 0x7f9f296620)
06-15 19:12:59.693  2921  2921 E SurfaceFlinger: error posting framebuffer: -22
06-15 19:12:59.722  2921  2921 E         : invalid gralloc handle (at 0x7f9f2965b0)
06-15 19:12:59.722  2921  2921 E         : Runtime and build version of gralloc private structure does not match. Errors will likely follow.
06-15 19:12:59.726  2921  2921 E gralloc : invalid gralloc handle (at 0x7f9f2965b0)
06-15 19:12:59.726  2921  2921 E SurfaceFlinger: error posting framebuffer: -22
06-15 19:12:59.756  2921  2921 E         : invalid gralloc handle (at 0x7f9f296540)
06-15 19:12:59.756  2921  2921 E         : Runtime and build version of gralloc private structure does not match. Errors will likely follow.
06-15 19:12:59.760  2921  2921 E gralloc : invalid gralloc handle (at 0x7f9f296540)
06-15 19:12:59.760  2921  2921 E SurfaceFlinger: error posting framebuffer: -22
06-15 19:12:59.823  2921  2921 E         : invalid gralloc handle (at 0x7f9f296690)
06-15 19:12:59.823  2921  2921 E         : Runtime and build version of gralloc private structure does not match. Errors will likely follow.
06-15 19:12:59.827  2921  2921 E gralloc : invalid gralloc handle (at 0x7f9f296690)
06-15 19:12:59.828  2921  2921 E SurfaceFlinger: error posting framebuffer: -22
06-15 19:12:59.857  2921  2921 E         : invalid gralloc handle (at 0x7f9f296620)
06-15 19:12:59.857  2921  2921 E         : Runtime and build version of gralloc private structure does not match. Errors will likely follow.
06-15 19:12:59.861  2921  2921 E gralloc : invalid gralloc handle (at 0x7f9f296620)
06-15 19:12:59.861  2921  2921 E SurfaceFlinger: error posting framebuffer: -22
06-15 19:12:59.891  2921  2921 E         : invalid gralloc handle (at 0x7f9f2965b0)
06-15 19:12:59.891  2921  2921 E         : Runtime and build version of gralloc private structure does not match. Errors will likely follow.
06-15 19:12:59.895  2921  2921 E gralloc : invalid gralloc handle (at 0x7f9f2965b0)
06-15 19:12:59.895  2921  2921 E SurfaceFlinger: error posting framebuffer: -22
06-15 19:12:59.925  2921  2921 E         : invalid gralloc handle (at 0x7f9f296540)
06-15 19:12:59.925  2921  2921 E         : Runtime and build version of gralloc private structure does not match. Errors will likely follow.
06-15 19:12:59.929  2921  2921 E gralloc : invalid gralloc handle (at 0x7f9f296540)
06-15 19:12:59.929  2921  2921 E SurfaceFlinger: error posting framebuffer: -22
06-15 19:12:59.992  2921  2921 E         : invalid gralloc handle (at 0x7f9f296690)
06-15 19:12:59.992  2921  2921 E         : Runtime and build version of gralloc private structure does not match. Errors will likely follow.
06-15 19:12:59.996  2921  2921 E gralloc : invalid gralloc handle (at 0x7f9f296690)
06-15 19:12:59.996  2921  2921 E SurfaceFlinger: error posting framebuffer: -22
06-15 19:13:00.026  2921  2921 E         : invalid gralloc handle (at 0x7f9f296620)
06-15 19:13:00.026  2921  2921 E         : Runtime and build version of gralloc private structure does not match. Errors will likely follow.
06-15 19:13:00.030  2921  2921 E gralloc : invalid gralloc handle (at 0x7f9f296620)
06-15 19:13:00.030  2921  2921 E SurfaceFlinger: error posting framebuffer: -22
06-15 19:13:00.060  2921  2921 E         : invalid gralloc handle (at 0x7f9f2965b0)
06-15 19:13:00.060  2921  2921 E         : Runtime and build version of gralloc private structure does not match. Errors will likely follow.
06-15 19:13:00.064  2921  2921 E gralloc : invalid gralloc handle (at 0x7f9f2965b0)
06-15 19:13:00.064  2921  2921 E SurfaceFlinger: error posting framebuffer: -22
06-15 19:13:00.093  2921  2921 E         : invalid gralloc handle (at 0x7f9f296540)
06-15 19:13:00.093  2921  2921 E         : Runtime and build version of gralloc private structure does not match. Errors will likely follow.
06-15 19:13:00.097  2921  2921 E gralloc : invalid gralloc handle (at 0x7f9f296540)
06-15 19:13:00.097  2921  2921 E SurfaceFlinger: error posting framebuffer: -22
06-15 19:13:00.161  2921  2921 E         : invalid gralloc handle (at 0x7f9f296690)
06-15 19:13:00.161  2921  2921 E         : Runtime and build version of gralloc private structure does not match. Errors will likely follow.
06-15 19:13:00.165  2921  2921 E gralloc : invalid gralloc handle (at 0x7f9f296690)
06-15 19:13:00.165  2921  2921 E SurfaceFlinger: error posting framebuffer: -22
06-15 19:13:00.194  2921  2921 E         : invalid gralloc handle (at 0x7f9f296620)
06-15 19:13:00.194  2921  2921 E         : Runtime and build version of gralloc private structure does not match. Errors will likely follow.
06-15 19:13:00.198  2921  2921 E gralloc : invalid gralloc handle (at 0x7f9f296620)
06-15 19:13:00.199  2921  2921 E SurfaceFlinger: error posting framebuffer: -22
06-15 19:13:00.228  2921  2921 E         : invalid gralloc handle (at 0x7f9f2965b0)
06-15 19:13:00.228  2921  2921 E         : Runtime and build version of gralloc private structure does not match. Errors will likely follow.
06-15 19:13:00.232  2921  2921 E gralloc : invalid gralloc handle (at 0x7f9f2965b0)
06-15 19:13:00.232  2921  2921 E SurfaceFlinger: error posting framebuffer: -22
06-15 19:13:00.262  2921  2921 E         : invalid gralloc handle (at 0x7f9f296540)
06-15 19:13:00.262  2921  2921 E         : Runtime and build version of gralloc private structure does not match. Errors will likely follow.
06-15 19:13:00.266  2921  2921 E gralloc : invalid gralloc handle (at 0x7f9f296540)
06-15 19:13:00.266  2921  2921 E SurfaceFlinger: error posting framebuffer: -22
06-15 19:13:00.329  2921  2921 E         : invalid gralloc handle (at 0x7f9f296690)
06-15 19:13:00.329  2921  2921 E         : Runtime and build version of gralloc private structure does not match. Errors will likely follow.
06-15 19:13:00.333  2921  2921 E gralloc : invalid gralloc handle (at 0x7f9f296690)
06-15 19:13:00.333  2921  2921 E SurfaceFlinger: error posting framebuffer: -22
06-15 19:13:00.363  2921  2921 E         : invalid gralloc handle (at 0x7f9f296620)
06-15 19:13:00.363  2921  2921 E         : Runtime and build version of gralloc private structure does not match. Errors will likely follow.
06-15 19:13:00.367  2921  2921 E gralloc : invalid gralloc handle (at 0x7f9f296620)
06-15 19:13:00.367  2921  2921 E SurfaceFlinger: error posting framebuffer: -22
06-15 19:13:00.397  2921  2921 E         : invalid gralloc handle (at 0x7f9f2965b0)
06-15 19:13:00.397  2921  2921 E         : Runtime and build version of gralloc private structure does not match. Errors will likely follow.
06-15 19:13:00.401  2921  2921 E gralloc : invalid gralloc handle (at 0x7f9f2965b0)
06-15 19:13:00.401  2921  2921 E SurfaceFlinger: error posting framebuffer: -22
06-15 19:13:00.430  2921  2921 E         : invalid gralloc handle (at 0x7f9f296540)
06-15 19:13:00.430  2921  2921 E         : Runtime and build version of gralloc private structure does not match. Errors will likely follow.
06-15 19:13:00.434  2921  2921 E gralloc : invalid gralloc handle (at 0x7f9f296540)
06-15 19:13:00.434  2921  2921 E SurfaceFlinger: error posting framebuffer: -22
06-15 19:13:00.487  3383  3383 W Zygote  : Got error connecting to zygote, retrying. msg= No such file or directory
06-15 19:13:00.498  2921  2921 E         : invalid gralloc handle (at 0x7f9f296690)
06-15 19:13:00.498  2921  2921 E         : Runtime and build version of gralloc private structure does not match. Errors will likely follow.
06-15 19:13:00.502  2921  2921 E gralloc : invalid gralloc handle (at 0x7f9f296690)
06-15 19:13:00.502  2921  2921 E SurfaceFlinger: error posting framebuffer: -22
06-15 19:13:00.531  2921  2921 E         : invalid gralloc handle (at 0x7f9f296620)
06-15 19:13:00.532  2921  2921 E         : Runtime and build version of gralloc private structure does not match. Errors will likely follow.
06-15 19:13:00.536  2921  2921 E gralloc : invalid gralloc handle (at 0x7f9f296620)
06-15 19:13:00.536  2921  2921 E SurfaceFlinger: error posting framebuffer: -22
06-15 19:13:00.565  2921  2921 E         : invalid gralloc handle (at 0x7f9f2965b0)
06-15 19:13:00.565  2921  2921 E         : Runtime and build version of gralloc private structure does not match. Errors will likely follow.
06-15 19:13:00.569  2921  2921 E gralloc : invalid gralloc handle (at 0x7f9f2965b0)
06-15 19:13:00.569  2921  2921 E SurfaceFlinger: error posting framebuffer: -22
06-15 19:13:00.599  2921  2921 E         : invalid gralloc handle (at 0x7f9f296540)
06-15 19:13:00.599  2921  2921 E         : Runtime and build version of gralloc private structure does not match. Errors will likely follow.
06-15 19:13:00.603  2921  2921 E gralloc : invalid gralloc handle (at 0x7f9f296540)
06-15 19:13:00.603  2921  2921 E SurfaceFlinger: error posting framebuffer: -22
06-15 19:13:00.666  2921  2921 E         : invalid gralloc handle (at 0x7f9f296690)
06-15 19:13:00.666  2921  2921 E         : Runtime and build version of gralloc private structure does not match. Errors will likely follow.
06-15 19:13:00.671  2921  2921 E gralloc : invalid gralloc handle (at 0x7f9f296690)
06-15 19:13:00.671  2921  2921 E SurfaceFlinger: error posting framebuffer: -22
06-15 19:13:00.700  2921  2921 E         : invalid gralloc handle (at 0x7f9f296620)
06-15 19:13:00.700  2921  2921 E         : Runtime and build version of gralloc private structure does not match. Errors will likely follow.
06-15 19:13:00.704  2921  2921 E gralloc : invalid gralloc handle (at 0x7f9f296620)
06-15 19:13:00.704  2921  2921 E SurfaceFlinger: error posting framebuffer: -22
06-15 19:13:00.734  2921  2921 E         : invalid gralloc handle (at 0x7f9f2965b0)
06-15 19:13:00.734  2921  2921 E         : Runtime and build version of gralloc private structure does not match. Errors will likely follow.
06-15 19:13:00.738  2921  2921 E gralloc : invalid gralloc handle (at 0x7f9f2965b0)
06-15 19:13:00.738  2921  2921 E SurfaceFlinger: error posting framebuffer: -22
06-15 19:13:00.768  2921  2921 E         : invalid gralloc handle (at 0x7f9f296540)
06-15 19:13:00.768  2921  2921 E         : Runtime and build version of gralloc private structure does not match. Errors will likely follow.
06-15 19:13:00.772  2921  2921 E gralloc : invalid gralloc handle (at 0x7f9f296540)
06-15 19:13:00.772  2921  2921 E SurfaceFlinger: error posting framebuffer: -22
06-15 19:13:00.835  2921  2921 E         : invalid gralloc handle (at 0x7f9f296690)
06-15 19:13:00.835  2921  2921 E         : Runtime and build version of gralloc private structure does not match. Errors will likely follow.
06-15 19:13:00.839  2921  2921 E gralloc : invalid gralloc handle (at 0x7f9f296690)
06-15 19:13:00.839  2921  2921 E SurfaceFlinger: error posting framebuffer: -22
06-15 19:13:00.869  2921  2921 E         : invalid gralloc handle (at 0x7f9f296620)
06-15 19:13:00.869  2921  2921 E         : Runtime and build version of gralloc private structure does not match. Errors will likely follow.
06-15 19:13:00.873  2921  2921 E gralloc : invalid gralloc handle (at 0x7f9f296620)
06-15 19:13:00.873  2921  2921 E SurfaceFlinger: error posting framebuffer: -22
06-15 19:13:00.902  2921  2921 E         : invalid gralloc handle (at 0x7f9f2965b0)
06-15 19:13:00.902  2921  2921 E         : Runtime and build version of gralloc private structure does not match. Errors will likely follow.
06-15 19:13:00.907  2921  2921 E gralloc : invalid gralloc handle (at 0x7f9f2965b0)
06-15 19:13:00.907  2921  2921 E SurfaceFlinger: error posting framebuffer: -22
06-15 19:13:00.936  2921  2921 E         : invalid gralloc handle (at 0x7f9f296540)
06-15 19:13:00.936  2921  2921 E         : Runtime and build version of gralloc private structure does not match. Errors will likely follow.
06-15 19:13:00.940  2921  2921 E gralloc : invalid gralloc handle (at 0x7f9f296540)
06-15 19:13:00.940  2921  2921 E SurfaceFlinger: error posting framebuffer: -22
06-15 19:13:01.004  2921  2921 E         : invalid gralloc handle (at 0x7f9f296690)
06-15 19:13:01.004  2921  2921 E         : Runtime and build version of gralloc private structure does not match. Errors will likely follow.
06-15 19:13:01.008  2921  2921 E gralloc : invalid gralloc handle (at 0x7f9f296690)
06-15 19:13:01.008  2921  2921 E SurfaceFlinger: error posting framebuffer: -22
06-15 19:13:01.020  2921  2921 E         : invalid gralloc handle (at 0x7f9f296620)
06-15 19:13:01.020  2921  2921 E         : Runtime and build version of gralloc private structure does not match. Errors will likely follow.
06-15 19:13:01.024  2921  2921 E gralloc : invalid gralloc handle (at 0x7f9f296620)
06-15 19:13:01.024  2921  2921 E SurfaceFlinger: error posting framebuffer: -22
06-15 19:13:01.054  2921  2921 E         : invalid gralloc handle (at 0x7f9f2965b0)
06-15 19:13:01.054  2921  2921 E         : Runtime and build version of gralloc private structure does not match. Errors will likely follow.
06-15 19:13:01.058  2921  2921 E gralloc : invalid gralloc handle (at 0x7f9f2965b0)
06-15 19:13:01.058  2921  2921 E SurfaceFlinger: error posting framebuffer: -22
06-15 19:13:01.088  2921  2921 E         : invalid gralloc handle (at 0x7f9f296540)
06-15 19:13:01.088  2921  2921 E         : Runtime and build version of gralloc private structure does not match. Errors will likely follow.
06-15 19:13:01.092  2921  2921 E gralloc : invalid gralloc handle (at 0x7f9f296540)
06-15 19:13:01.092  2921  2921 E SurfaceFlinger: error posting framebuffer: -22
06-15 19:13:01.155  2921  2921 E         : invalid gralloc handle (at 0x7f9f296690)
06-15 19:13:01.155  2921  2921 E         : Runtime and build version of gralloc private structure does not match. Errors will likely follow.
06-15 19:13:01.159  2921  2921 E gralloc : invalid gralloc handle (at 0x7f9f296690)
06-15 19:13:01.159  2921  2921 E SurfaceFlinger: error posting framebuffer: -22
06-15 19:13:01.189  2921  2921 E         : invalid gralloc handle (at 0x7f9f296620)
06-15 19:13:01.189  2921  2921 E         : Runtime and build version of gralloc private structure does not match. Errors will likely follow.
06-15 19:13:01.193  2921  2921 E gralloc : invalid gralloc handle (at 0x7f9f296620)
06-15 19:13:01.193  2921  2921 E SurfaceFlinger: error posting framebuffer: -22
