06-06 23:58:57.791  3768  3768 I AudioFlinger: AudioStreamOut::open(), mHalFormatIsLinearPcm = 1
06-06 23:58:57.791  3768  3768 I AudioFlinger: HAL output buffer size 256 frames, normal sink buffer size 960 frames
06-06 23:58:57.791  3768  3768 E MonoPipe: Failed to fetch local time frequency when constructing a MonoPipe (res = -32).  getNextWriteTimestamp calls will be non-functional
06-06 23:58:57.791  3768  3775 I AudioFlinger: AudioFlinger's thread 0xf4440000 ready to run
06-06 23:58:57.792  3768  3775 V audio_hw_primary: do_out_standby: output standby: 1
06-06 23:58:57.792  3768  3775 V audio_hw_primary: out_set_parameters: key value pairs: routing=2
06-06 23:58:57.792  3768  3775 E AudioFlinger: no wake lock to update!
06-06 23:58:57.792  3768  3768 V audio_hw_primary: adev_open_input_stream: Requesting input stream with rate: 48000, channels: 0xc
06-06 23:58:57.792  3768  3776 I AudioFlinger: AudioFlinger's thread 0xf4140000 ready to run
06-06 23:58:57.793  3768  3768 I bt_a2dp_hw: adev_open:  adev_open in A2dp_hw module
06-06 23:58:57.793  3768  3768 I AudioFlinger: loadHwModule() Loaded a2dp audio interface from A2DP Audio HW HAL (audio) handle 5
06-06 23:58:57.793  3768  3768 I AudioFlinger: loadHwModule() Loaded usb audio interface from USB audio HW HAL (audio) handle 6
06-06 23:58:57.794  3768  3768 I r_submix: adev_open(name=audio_hw_if)
06-06 23:58:57.794  3768  3768 I r_submix: adev_init_check()
06-06 23:58:57.794  3768  3768 I AudioFlinger: loadHwModule() Loaded r_submix audio interface from Wifi Display audio HAL (audio) handle 7
06-06 23:58:57.794  3768  3768 D r_submix: adev_open_input_stream(addr=0)
06-06 23:58:57.794  3768  3768 D r_submix: submix_audio_device_create_pipe_l(addr=0, idx=9)
06-06 23:58:57.794  3768  3768 D r_submix:   now using address 0 for route 9
06-06 23:58:57.794  3768  3777 I AudioFlinger: AudioFlinger's thread 0xf40c0000 ready to run
06-06 23:58:57.794  3768  3768 D r_submix: adev_close_input_stream()
06-06 23:58:57.794  3768  3768 D r_submix: submix_audio_device_release_pipe_l(idx=9) addr=0
06-06 23:58:57.794  3768  3768 D r_submix: submix_audio_device_destroy_pipe_l(): pipe destroyed
06-06 23:58:57.795  3768  3768 F libc    : Fatal signal 11 (SIGSEGV), code 1, fault addr 0x0 in tid 3768 (mediaserver)
06-06 23:58:57.795  2921  2921 I DEBUG   : property debug.db.uid not set; NOT waiting for gdb.
06-06 23:58:57.795  2921  2921 I DEBUG   : HINT: adb shell setprop debug.db.uid 100000
06-06 23:58:57.795  2921  2921 I DEBUG   : HINT: adb forward tcp:5039 tcp:5039
06-06 23:58:57.814  3451  3451 E display : VPP should be assigned to FramebufferTarget but it was failed ret(0)
06-06 23:58:57.815  3451  3451 E display : [PrimaryDisplay] framebuffer target expected, but not provided
06-06 23:58:57.845  2921  2921 F DEBUG   : *** *** *** *** *** *** *** *** *** *** *** *** *** *** *** ***
06-06 23:58:57.845  2921  2921 F DEBUG   : CM Version: '13.0-20160603-UNOFFICIAL-hero2ltexx'
06-06 23:58:57.845  2921  2921 F DEBUG   : Build fingerprint: 'samsung/cm_hero2ltexx/hero2ltexx:6.0.1/MOB30J/2de5d89ed7:eng/test-keys'
06-06 23:58:57.845  2921  2921 F DEBUG   : Revision: '0'
06-06 23:58:57.845  2921  2921 F DEBUG   : ABI: 'arm'
06-06 23:58:57.845  2921  2921 F DEBUG   : pid: 3768, tid: 3768, name: mediaserver  >>> /system/bin/mediaserver <<<
06-06 23:58:57.845  2921  2921 F DEBUG   : signal 11 (SIGSEGV), code 1 (SEGV_MAPERR), fault addr 0x0
06-06 23:58:57.847  3451  3451 E display : VPP should be assigned to FramebufferTarget but it was failed ret(0)
06-06 23:58:57.848  2921  2921 F DEBUG   :     r0 f481e8f4  r1 00000000  r2 65732020  r3 00000007
06-06 23:58:57.848  2921  2921 F DEBUG   :     r4 00000008  r5 f481e8f2  r6 f723dbe0  r7 fff1d774
06-06 23:58:57.849  2921  2921 F DEBUG   :     r8 f487e00c  r9 f723b431  sl f723b635  fp f481e8f2
06-06 23:58:57.849  2921  2921 F DEBUG   :     ip 00000000  sp fff1d730  lr f72364f7  pc f6d893c8  cpsr 600f0010
06-06 23:58:57.849  3451  3451 E display : [PrimaryDisplay] framebuffer target expected, but not provided
06-06 23:58:57.849  2921  2921 F DEBUG   : 
06-06 23:58:57.849  2921  2921 F DEBUG   : backtrace:
06-06 23:58:57.849  2921  2921 F DEBUG   :     #00 pc 000183c8  /system/lib/libc.so (strcmp+152)
06-06 23:58:57.849  2921  2921 F DEBUG   :     #01 pc 000084f3  /system/lib/libaudiopolicyservice.so
06-06 23:58:57.849  2921  2921 F DEBUG   :     #02 pc 00020770  [stack]
06-06 23:58:57.881  3451  3451 E display : VPP should be assigned to FramebufferTarget but it was failed ret(0)
06-06 23:58:57.883  3451  3451 E display : [PrimaryDisplay] framebuffer target expected, but not provided
06-06 23:58:57.893  2921  2921 F DEBUG   : 
06-06 23:58:57.893  2921  2921 F DEBUG   : Tombstone written to: /data/tombstones/tombstone_07
06-06 23:58:57.889  3768  3768 W mediaserver: type=1701 audit(0.0:383): auid=4294967295 uid=1013 gid=1005 ses=4294967295 exe="/system/bin/mediaserver" sig=11
06-06 23:58:57.895  2917  2917 I ServiceManager: service 'media.audio_flinger' died
06-06 23:58:57.895  2917  2917 I ServiceManager: service 'media.player' died
06-06 23:58:57.895  2917  2917 I ServiceManager: service 'media.resource_manager' died
06-06 23:58:57.895  2917  2917 I ServiceManager: service 'media.camera' died
06-06 23:58:57.915  3451  3451 E display : VPP should be assigned to FramebufferTarget but it was failed ret(0)
06-06 23:58:57.916  3451  3451 E display : [PrimaryDisplay] framebuffer target expected, but not provided
06-06 23:58:57.949  3451  3451 E display : VPP should be assigned to FramebufferTarget but it was failed ret(0)
06-06 23:58:57.950  3451  3451 E display : [PrimaryDisplay] framebuffer target expected, but not provided
06-06 23:58:57.970  3452  3452 I Zygote  : ...preloaded 342 resources in 396ms.
06-06 23:58:57.980  3452  3452 I Zygote  : ...preloaded 41 resources in 10ms.
06-06 23:58:57.983  3451  3451 E display : VPP should be assigned to FramebufferTarget but it was failed ret(0)
06-06 23:58:57.984  3451  3451 E display : [PrimaryDisplay] framebuffer target expected, but not provided
06-06 23:58:57.987  3452  3452 D libEGL  : loaded /vendor/lib64/egl/libGLES_mali.so
06-06 23:58:57.993  3452  3452 I Zygote  : Preloading shared libraries...
06-06 23:58:58.000  3452  3452 D Zygote  : end preload
06-06 23:58:58.000  3452  3452 I art     : Starting a blocking GC Explicit
06-06 23:58:58.011  3452  3452 I art     : Explicit concurrent mark sweep GC freed 11414(460KB) AllocSpace objects, 0(0B) LOS objects, 35% free, 29MB/45MB, paused 50us total 10.850ms
06-06 23:58:58.017  3451  3451 E display : VPP should be assigned to FramebufferTarget but it was failed ret(0)
06-06 23:58:58.018  3451  3451 E display : [PrimaryDisplay] framebuffer target expected, but not provided
06-06 23:58:58.021  3452  3452 I art     : Starting a blocking GC Explicit
06-06 23:58:58.030  3452  3452 I art     : Explicit concurrent mark sweep GC freed 2696(126KB) AllocSpace objects, 0(0B) LOS objects, 35% free, 28MB/44MB, paused 46us total 8.887ms
06-06 23:58:58.030  3452  3541 I art     : Starting a blocking GC HeapTrim
06-06 23:58:58.031  3452  3452 I art     : Starting a blocking GC Background
06-06 23:58:58.051  3451  3451 E display : VPP should be assigned to FramebufferTarget but it was failed ret(0)
06-06 23:58:58.052  3451  3451 E display : [PrimaryDisplay] framebuffer target expected, but not provided
06-06 23:58:58.079  3452  3452 I Zygote  : System server process 3782 has been created
06-06 23:58:58.081  3452  3452 I Zygote  : Accepting command socket connections
06-06 23:58:58.084  3782  3782 W Zygote  : Got error connecting to zygote, retrying. msg= No such file or directory
06-06 23:58:58.085  3451  3451 E display : VPP should be assigned to FramebufferTarget but it was failed ret(0)
06-06 23:58:58.086  3451  3451 E display : [PrimaryDisplay] framebuffer target expected, but not provided
06-06 23:58:58.118  3451  3451 E display : VPP should be assigned to FramebufferTarget but it was failed ret(0)
06-06 23:58:58.120  3451  3451 E display : [PrimaryDisplay] framebuffer target expected, but not provided
06-06 23:58:58.152  3451  3451 E display : VPP should be assigned to FramebufferTarget but it was failed ret(0)
06-06 23:58:58.154  3451  3451 E display : [PrimaryDisplay] framebuffer target expected, but not provided
06-06 23:58:58.186  3451  3451 E display : VPP should be assigned to FramebufferTarget but it was failed ret(0)
06-06 23:58:58.187  3451  3451 E display : [PrimaryDisplay] framebuffer target expected, but not provided
06-06 23:58:58.220  3451  3451 E display : VPP should be assigned to FramebufferTarget but it was failed ret(0)
06-06 23:58:58.221  3451  3451 E display : [PrimaryDisplay] framebuffer target expected, but not provided
06-06 23:58:58.254  3451  3451 E display : VPP should be assigned to FramebufferTarget but it was failed ret(0)
06-06 23:58:58.255  3451  3451 E display : [PrimaryDisplay] framebuffer target expected, but not provided
06-06 23:58:58.288  3451  3451 E display : VPP should be assigned to FramebufferTarget but it was failed ret(0)
06-06 23:58:58.289  3451  3451 E display : [PrimaryDisplay] framebuffer target expected, but not provided
06-06 23:58:58.322  3451  3451 E display : VPP should be assigned to FramebufferTarget but it was failed ret(0)
06-06 23:58:58.323  3451  3451 E display : [PrimaryDisplay] framebuffer target expected, but not provided
06-06 23:58:58.356  3451  3451 E display : VPP should be assigned to FramebufferTarget but it was failed ret(0)
06-06 23:58:58.357  3451  3451 E display : [PrimaryDisplay] framebuffer target expected, but not provided
06-06 23:58:58.373  3451  3451 E display : VPP should be assigned to FramebufferTarget but it was failed ret(0)
06-06 23:58:58.373  3451  3451 E display : [PrimaryDisplay] framebuffer target expected, but not provided
06-06 23:58:58.407  3451  3451 E display : VPP should be assigned to FramebufferTarget but it was failed ret(0)
06-06 23:58:58.408  3451  3451 E display : [PrimaryDisplay] framebuffer target expected, but not provided
06-06 23:58:58.440  3451  3451 E display : VPP should be assigned to FramebufferTarget but it was failed ret(0)
06-06 23:58:58.441  3451  3451 E display : [PrimaryDisplay] framebuffer target expected, but not provided
06-06 23:58:58.474  3451  3451 E display : VPP should be assigned to FramebufferTarget but it was failed ret(0)
06-06 23:58:58.476  3451  3451 E display : [PrimaryDisplay] framebuffer target expected, but not provided
06-06 23:58:58.508  3451  3451 E display : VPP should be assigned to FramebufferTarget but it was failed ret(0)
06-06 23:58:58.509  3451  3451 E display : [PrimaryDisplay] framebuffer target expected, but not provided
06-06 23:58:58.542  3451  3451 E display : VPP should be assigned to FramebufferTarget but it was failed ret(0)
06-06 23:58:58.543  3451  3451 E display : [PrimaryDisplay] framebuffer target expected, but not provided
06-06 23:58:58.576  3451  3451 E display : VPP should be assigned to FramebufferTarget but it was failed ret(0)
06-06 23:58:58.577  3451  3451 E display : [PrimaryDisplay] framebuffer target expected, but not provided
06-06 23:58:58.610  3451  3451 E display : VPP should be assigned to FramebufferTarget but it was failed ret(0)
06-06 23:58:58.611  3451  3451 E display : [PrimaryDisplay] framebuffer target expected, but not provided
06-06 23:58:58.644  3451  3451 E display : VPP should be assigned to FramebufferTarget but it was failed ret(0)
06-06 23:58:58.645  3451  3451 E display : [PrimaryDisplay] framebuffer target expected, but not provided
06-06 23:58:58.678  3451  3451 E display : VPP should be assigned to FramebufferTarget but it was failed ret(0)
06-06 23:58:58.679  3451  3451 E display : [PrimaryDisplay] framebuffer target expected, but not provided
06-06 23:58:58.712  3451  3451 E display : VPP should be assigned to FramebufferTarget but it was failed ret(0)
06-06 23:58:58.713  3451  3451 E display : [PrimaryDisplay] framebuffer target expected, but not provided
06-06 23:58:58.746  3451  3451 E display : VPP should be assigned to FramebufferTarget but it was failed ret(0)
06-06 23:58:58.747  3451  3451 E display : [PrimaryDisplay] framebuffer target expected, but not provided
06-06 23:58:58.779  3451  3451 E display : VPP should be assigned to FramebufferTarget but it was failed ret(0)
06-06 23:58:58.781  3451  3451 E display : [PrimaryDisplay] framebuffer target expected, but not provided
06-06 23:58:58.813  3451  3451 E display : VPP should be assigned to FramebufferTarget but it was failed ret(0)
06-06 23:58:58.815  3451  3451 E display : [PrimaryDisplay] framebuffer target expected, but not provided
06-06 23:58:58.847  3451  3451 E display : VPP should be assigned to FramebufferTarget but it was failed ret(0)
06-06 23:58:58.848  3451  3451 E display : [PrimaryDisplay] framebuffer target expected, but not provided
06-06 23:58:58.881  3451  3451 E display : VPP should be assigned to FramebufferTarget but it was failed ret(0)
06-06 23:58:58.882  3451  3451 E display : [PrimaryDisplay] framebuffer target expected, but not provided
06-06 23:58:58.915  3451  3451 E display : VPP should be assigned to FramebufferTarget but it was failed ret(0)
06-06 23:58:58.916  3451  3451 E display : [PrimaryDisplay] framebuffer target expected, but not provided
06-06 23:58:58.949  3451  3451 E display : VPP should be assigned to FramebufferTarget but it was failed ret(0)
06-06 23:58:58.950  3451  3451 E display : [PrimaryDisplay] framebuffer target expected, but not provided
06-06 23:58:58.983  3451  3451 E display : VPP should be assigned to FramebufferTarget but it was failed ret(0)
06-06 23:58:58.984  3451  3451 E display : [PrimaryDisplay] framebuffer target expected, but not provided
06-06 23:58:59.017  3451  3451 E display : VPP should be assigned to FramebufferTarget but it was failed ret(0)
06-06 23:58:59.018  3451  3451 E display : [PrimaryDisplay] framebuffer target expected, but not provided
06-06 23:58:59.051  3451  3451 E display : VPP should be assigned to FramebufferTarget but it was failed ret(0)
06-06 23:58:59.052  3451  3451 E display : [PrimaryDisplay] framebuffer target expected, but not provided
06-06 23:58:59.085  3451  3451 E display : VPP should be assigned to FramebufferTarget but it was failed ret(0)
06-06 23:58:59.085  3782  3782 W Zygote  : Got error connecting to zygote, retrying. msg= No such file or directory
06-06 23:58:59.086  3451  3451 E display : [PrimaryDisplay] framebuffer target expected, but not provided
06-06 23:58:59.118  3451  3451 E display : VPP should be assigned to FramebufferTarget but it was failed ret(0)
06-06 23:58:59.120  3451  3451 E display : [PrimaryDisplay] framebuffer target expected, but not provided
06-06 23:58:59.153  3451  3451 E display : VPP should be assigned to FramebufferTarget but it was failed ret(0)
06-06 23:58:59.154  3451  3451 E display : [PrimaryDisplay] framebuffer target expected, but not provided
06-06 23:58:59.187  3451  3451 E display : VPP should be assigned to FramebufferTarget but it was failed ret(0)
06-06 23:58:59.188  3451  3451 E display : [PrimaryDisplay] framebuffer target expected, but not provided
06-06 23:58:59.220  3451  3451 E display : VPP should be assigned to FramebufferTarget but it was failed ret(0)
06-06 23:58:59.221  3451  3451 E display : [PrimaryDisplay] framebuffer target expected, but not provided
06-06 23:58:59.254  3451  3451 E display : VPP should be assigned to FramebufferTarget but it was failed ret(0)
06-06 23:58:59.256  3451  3451 E display : [PrimaryDisplay] framebuffer target expected, but not provided
06-06 23:58:59.288  3451  3451 E display : VPP should be assigned to FramebufferTarget but it was failed ret(0)
06-06 23:58:59.289  3451  3451 E display : [PrimaryDisplay] framebuffer target expected, but not provided
06-06 23:58:59.322  3451  3451 E display : VPP should be assigned to FramebufferTarget but it was failed ret(0)
06-06 23:58:59.323  3451  3451 E display : [PrimaryDisplay] framebuffer target expected, but not provided
06-06 23:58:59.356  3451  3451 E display : VPP should be assigned to FramebufferTarget but it was failed ret(0)
06-06 23:58:59.357  3451  3451 E display : [PrimaryDisplay] framebuffer target expected, but not provided
06-06 23:58:59.390  3451  3451 E display : VPP should be assigned to FramebufferTarget but it was failed ret(0)
06-06 23:58:59.391  3451  3451 E display : [PrimaryDisplay] framebuffer target expected, but not provided
06-06 23:58:59.424  3451  3451 E display : VPP should be assigned to FramebufferTarget but it was failed ret(0)
06-06 23:58:59.425  3451  3451 E display : [PrimaryDisplay] framebuffer target expected, but not provided
06-06 23:58:59.458  3451  3451 E display : VPP should be assigned to FramebufferTarget but it was failed ret(0)
06-06 23:58:59.459  3451  3451 E display : [PrimaryDisplay] framebuffer target expected, but not provided
06-06 23:58:59.491  3451  3451 E display : VPP should be assigned to FramebufferTarget but it was failed ret(0)
06-06 23:58:59.493  3451  3451 E display : [PrimaryDisplay] framebuffer target expected, but not provided
06-06 23:58:59.525  3451  3451 E display : VPP should be assigned to FramebufferTarget but it was failed ret(0)
06-06 23:58:59.526  3451  3451 E display : [PrimaryDisplay] framebuffer target expected, but not provided
06-06 23:58:59.559  3451  3451 E display : VPP should be assigned to FramebufferTarget but it was failed ret(0)
06-06 23:58:59.560  3451  3451 E display : [PrimaryDisplay] framebuffer target expected, but not provided
06-06 23:58:59.593  3451  3451 E display : VPP should be assigned to FramebufferTarget but it was failed ret(0)
06-06 23:58:59.594  3451  3451 E display : [PrimaryDisplay] framebuffer target expected, but not provided
06-06 23:58:59.610  3451  3451 E display : VPP should be assigned to FramebufferTarget but it was failed ret(0)
06-06 23:58:59.611  3451  3451 E display : [PrimaryDisplay] framebuffer target expected, but not provided
06-06 23:58:59.644  3451  3451 E display : VPP should be assigned to FramebufferTarget but it was failed ret(0)
06-06 23:58:59.645  3451  3451 E display : [PrimaryDisplay] framebuffer target expected, but not provided
06-06 23:58:59.695  3451  3451 E display : VPP should be assigned to FramebufferTarget but it was failed ret(0)
06-06 23:58:59.698  3451  3451 E display : [PrimaryDisplay] framebuffer target expected, but not provided
06-06 23:58:59.712  3451  3451 E display : VPP should be assigned to FramebufferTarget but it was failed ret(0)
06-06 23:58:59.715  3451  3451 E display : [PrimaryDisplay] framebuffer target expected, but not provided
06-06 23:58:59.746  3451  3451 E display : VPP should be assigned to FramebufferTarget but it was failed ret(0)
06-06 23:58:59.748  3451  3451 E display : [PrimaryDisplay] framebuffer target expected, but not provided
06-06 23:58:59.780  3451  3451 E display : VPP should be assigned to FramebufferTarget but it was failed ret(0)
06-06 23:58:59.782  3451  3451 E display : [PrimaryDisplay] framebuffer target expected, but not provided
06-06 23:58:59.814  3451  3451 E display : VPP should be assigned to FramebufferTarget but it was failed ret(0)
06-06 23:58:59.816  3451  3451 E display : [PrimaryDisplay] framebuffer target expected, but not provided
06-06 23:58:59.848  3451  3451 E display : VPP should be assigned to FramebufferTarget but it was failed ret(0)
06-06 23:58:59.850  3451  3451 E display : [PrimaryDisplay] framebuffer target expected, but not provided
06-06 23:58:59.882  3451  3451 E display : VPP should be assigned to FramebufferTarget but it was failed ret(0)
06-06 23:58:59.884  3451  3451 E display : [PrimaryDisplay] framebuffer target expected, but not provided
06-06 23:58:59.915  3451  3451 E display : VPP should be assigned to FramebufferTarget but it was failed ret(0)
06-06 23:58:59.917  3451  3451 E display : [PrimaryDisplay] framebuffer target expected, but not provided
06-06 23:58:59.949  3451  3451 E display : VPP should be assigned to FramebufferTarget but it was failed ret(0)
06-06 23:58:59.951  3451  3451 E display : [PrimaryDisplay] framebuffer target expected, but not provided
06-06 23:58:59.983  3451  3451 E display : VPP should be assigned to FramebufferTarget but it was failed ret(0)
06-06 23:58:59.985  3451  3451 E display : [PrimaryDisplay] framebuffer target expected, but not provided
06-06 23:59:00.017  3451  3451 E display : VPP should be assigned to FramebufferTarget but it was failed ret(0)
06-06 23:59:00.019  3451  3451 E display : [PrimaryDisplay] framebuffer target expected, but not provided
06-06 23:59:00.051  3451  3451 E display : VPP should be assigned to FramebufferTarget but it was failed ret(0)
06-06 23:59:00.053  3451  3451 E display : [PrimaryDisplay] framebuffer target expected, but not provided
06-06 23:59:00.085  3451  3451 E display : VPP should be assigned to FramebufferTarget but it was failed ret(0)
06-06 23:59:00.086  3782  3782 W Zygote  : Got error connecting to zygote, retrying. msg= No such file or directory
06-06 23:59:00.087  3451  3451 E display : [PrimaryDisplay] framebuffer target expected, but not provided
06-06 23:59:00.119  3451  3451 E display : VPP should be assigned to FramebufferTarget but it was failed ret(0)
06-06 23:59:00.121  3451  3451 E display : [PrimaryDisplay] framebuffer target expected, but not provided
06-06 23:59:00.153  3451  3451 E display : VPP should be assigned to FramebufferTarget but it was failed ret(0)
06-06 23:59:00.155  3451  3451 E display : [PrimaryDisplay] framebuffer target expected, but not provided
06-06 23:59:00.187  3451  3451 E display : VPP should be assigned to FramebufferTarget but it was failed ret(0)
06-06 23:59:00.189  3451  3451 E display : [PrimaryDisplay] framebuffer target expected, but not provided
06-06 23:59:00.221  3451  3451 E display : VPP should be assigned to FramebufferTarget but it was failed ret(0)
06-06 23:59:00.223  3451  3451 E display : [PrimaryDisplay] framebuffer target expected, but not provided
06-06 23:59:00.255  3451  3451 E display : VPP should be assigned to FramebufferTarget but it was failed ret(0)
06-06 23:59:00.257  3451  3451 E display : [PrimaryDisplay] framebuffer target expected, but not provided
06-06 23:59:00.289  3451  3451 E display : VPP should be assigned to FramebufferTarget but it was failed ret(0)
06-06 23:59:00.291  3451  3451 E display : [PrimaryDisplay] framebuffer target expected, but not provided
06-06 23:59:00.322  3451  3451 E display : VPP should be assigned to FramebufferTarget but it was failed ret(0)
06-06 23:59:00.324  3451  3451 E display : [PrimaryDisplay] framebuffer target expected, but not provided
06-06 23:59:00.356  3451  3451 E display : VPP should be assigned to FramebufferTarget but it was failed ret(0)
06-06 23:59:00.358  3451  3451 E display : [PrimaryDisplay] framebuffer target expected, but not provided
06-06 23:59:00.390  3451  3451 E display : VPP should be assigned to FramebufferTarget but it was failed ret(0)
06-06 23:59:00.392  3451  3451 E display : [PrimaryDisplay] framebuffer target expected, but not provided
06-06 23:59:00.424  3451  3451 E display : VPP should be assigned to FramebufferTarget but it was failed ret(0)
06-06 23:59:00.427  3451  3451 E display : [PrimaryDisplay] framebuffer target expected, but not provided
06-06 23:59:00.458  3451  3451 E display : VPP should be assigned to FramebufferTarget but it was failed ret(0)
06-06 23:59:00.460  3451  3451 E display : [PrimaryDisplay] framebuffer target expected, but not provided
06-06 23:59:00.492  3451  3451 E display : VPP should be assigned to FramebufferTarget but it was failed ret(0)
06-06 23:59:00.494  3451  3451 E display : [PrimaryDisplay] framebuffer target expected, but not provided
06-06 23:59:00.526  3451  3451 E display : VPP should be assigned to FramebufferTarget but it was failed ret(0)
06-06 23:59:00.528  3451  3451 E display : [PrimaryDisplay] framebuffer target expected, but not provided
06-06 23:59:00.560  3451  3451 E display : VPP should be assigned to FramebufferTarget but it was failed ret(0)
06-06 23:59:00.562  3451  3451 E display : [PrimaryDisplay] framebuffer target expected, but not provided
06-06 23:59:00.594  3451  3451 E display : VPP should be assigned to FramebufferTarget but it was failed ret(0)
06-06 23:59:00.596  3451  3451 E display : [PrimaryDisplay] framebuffer target expected, but not provided
06-06 23:59:00.628  3451  3451 E display : VPP should be assigned to FramebufferTarget but it was failed ret(0)
06-06 23:59:00.630  3451  3451 E display : [PrimaryDisplay] framebuffer target expected, but not provided
06-06 23:59:00.661  3451  3451 E display : VPP should be assigned to FramebufferTarget but it was failed ret(0)
06-06 23:59:00.664  3451  3451 E display : [PrimaryDisplay] framebuffer target expected, but not provided
06-06 23:59:00.695  3451  3451 E display : VPP should be assigned to FramebufferTarget but it was failed ret(0)
06-06 23:59:00.698  3451  3451 E display : [PrimaryDisplay] framebuffer target expected, but not provided
06-06 23:59:00.729  3451  3451 E display : VPP should be assigned to FramebufferTarget but it was failed ret(0)
06-06 23:59:00.731  3451  3451 E display : [PrimaryDisplay] framebuffer target expected, but not provided
06-06 23:59:00.763  3451  3451 E display : VPP should be assigned to FramebufferTarget but it was failed ret(0)
06-06 23:59:00.765  3451  3451 E display : [PrimaryDisplay] framebuffer target expected, but not provided
06-06 23:59:00.797  3451  3451 E display : VPP should be assigned to FramebufferTarget but it was failed ret(0)
06-06 23:59:00.799  3451  3451 E display : [PrimaryDisplay] framebuffer target expected, but not provided
06-06 23:59:00.831  3451  3451 E display : VPP should be assigned to FramebufferTarget but it was failed ret(0)
06-06 23:59:00.833  3451  3451 E display : [PrimaryDisplay] framebuffer target expected, but not provided
06-06 23:59:00.865  3451  3451 E display : VPP should be assigned to FramebufferTarget but it was failed ret(0)
06-06 23:59:00.867  3451  3451 E display : [PrimaryDisplay] framebuffer target expected, but not provided
06-06 23:59:00.899  3451  3451 E display : VPP should be assigned to FramebufferTarget but it was failed ret(0)
06-06 23:59:00.901  3451  3451 E display : [PrimaryDisplay] framebuffer target expected, but not provided
06-06 23:59:00.932  3451  3451 E display : VPP should be assigned to FramebufferTarget but it was failed ret(0)
06-06 23:59:00.935  3451  3451 E display : [PrimaryDisplay] framebuffer target expected, but not provided
06-06 23:59:00.967  3451  3451 E display : VPP should be assigned to FramebufferTarget but it was failed ret(0)
06-06 23:59:00.969  3451  3451 E display : [PrimaryDisplay] framebuffer target expected, but not provided
06-06 23:59:01.000  3451  3451 E display : VPP should be assigned to FramebufferTarget but it was failed ret(0)
06-06 23:59:01.002  3451  3451 E display : [PrimaryDisplay] framebuffer target expected, but not provided
06-06 23:59:01.034  3451  3451 E display : VPP should be assigned to FramebufferTarget but it was failed ret(0)
06-06 23:59:01.036  3451  3451 E display : [PrimaryDisplay] framebuffer target expected, but not provided
06-06 23:59:01.068  3451  3451 E display : VPP should be assigned to FramebufferTarget but it was failed ret(0)
06-06 23:59:01.070  3451  3451 E display : [PrimaryDisplay] framebuffer target expected, but not provided
06-06 23:59:01.086  3782  3782 W Zygote  : Got error connecting to zygote, retrying. msg= No such file or directory
06-06 23:59:01.102  3451  3451 E display : VPP should be assigned to FramebufferTarget but it was failed ret(0)
06-06 23:59:01.104  3451  3451 E display : [PrimaryDisplay] framebuffer target expected, but not provided
06-06 23:59:01.119  3451  3451 E display : VPP should be assigned to FramebufferTarget but it was failed ret(0)
06-06 23:59:01.121  3451  3451 E display : [PrimaryDisplay] framebuffer target expected, but not provided
06-06 23:59:01.153  3451  3451 E display : VPP should be assigned to FramebufferTarget but it was failed ret(0)
06-06 23:59:01.155  3451  3451 E display : [PrimaryDisplay] framebuffer target expected, but not provided
06-06 23:59:01.206  3451  3451 E display : VPP should be assigned to FramebufferTarget but it was failed ret(0)
06-06 23:59:01.212  3451  3451 E display : [PrimaryDisplay] framebuffer target expected, but not provided
06-06 23:59:01.257  3451  3451 E display : VPP should be assigned to FramebufferTarget but it was failed ret(0)
06-06 23:59:01.263  3451  3451 E display : [PrimaryDisplay] framebuffer target expected, but not provided
06-06 23:59:01.289  3451  3451 E display : VPP should be assigned to FramebufferTarget but it was failed ret(0)
06-06 23:59:01.291  3451  3451 E display : [PrimaryDisplay] framebuffer target expected, but not provided
06-06 23:59:01.306  3451  3451 E display : VPP should be assigned to FramebufferTarget but it was failed ret(0)
06-06 23:59:01.308  3451  3451 E display : [PrimaryDisplay] framebuffer target expected, but not provided
06-06 23:59:01.322  3451  3451 E display : VPP should be assigned to FramebufferTarget but it was failed ret(0)
06-06 23:59:01.325  3451  3451 E display : [PrimaryDisplay] framebuffer target expected, but not provided
06-06 23:59:01.357  3451  3451 E display : VPP should be assigned to FramebufferTarget but it was failed ret(0)
06-06 23:59:01.359  3451  3451 E display : [PrimaryDisplay] framebuffer target expected, but not provided
06-06 23:59:01.390  3451  3451 E display : VPP should be assigned to FramebufferTarget but it was failed ret(0)
06-06 23:59:01.393  3451  3451 E display : [PrimaryDisplay] framebuffer target expected, but not provided
06-06 23:59:01.441  3451  3451 E display : VPP should be assigned to FramebufferTarget but it was failed ret(0)
06-06 23:59:01.444  3451  3451 E display : [PrimaryDisplay] framebuffer target expected, but not provided
06-06 23:59:01.458  3451  3451 E display : VPP should be assigned to FramebufferTarget but it was failed ret(0)
06-06 23:59:01.461  3451  3451 E display : [PrimaryDisplay] framebuffer target expected, but not provided
06-06 23:59:01.492  3451  3451 E display : VPP should be assigned to FramebufferTarget but it was failed ret(0)
06-06 23:59:01.494  3451  3451 E display : [PrimaryDisplay] framebuffer target expected, but not provided
06-06 23:59:01.527  3451  3451 E display : VPP should be assigned to FramebufferTarget but it was failed ret(0)
06-06 23:59:01.532  3451  3451 E display : [PrimaryDisplay] framebuffer target expected, but not provided
06-06 23:59:01.578  3451  3451 E display : VPP should be assigned to FramebufferTarget but it was failed ret(0)
06-06 23:59:01.583  3451  3451 E display : [PrimaryDisplay] framebuffer target expected, but not provided
06-06 23:59:01.612  3451  3451 E display : VPP should be assigned to FramebufferTarget but it was failed ret(0)
06-06 23:59:01.617  3451  3451 E display : [PrimaryDisplay] framebuffer target expected, but not provided
06-06 23:59:01.646  3451  3451 E display : VPP should be assigned to FramebufferTarget but it was failed ret(0)
06-06 23:59:01.651  3451  3451 E display : [PrimaryDisplay] framebuffer target expected, but not provided
06-06 23:59:01.680  3451  3451 E display : VPP should be assigned to FramebufferTarget but it was failed ret(0)
06-06 23:59:01.685  3451  3451 E display : [PrimaryDisplay] framebuffer target expected, but not provided
06-06 23:59:01.714  3451  3451 E display : VPP should be assigned to FramebufferTarget but it was failed ret(0)
06-06 23:59:01.719  3451  3451 E display : [PrimaryDisplay] framebuffer target expected, but not provided
06-06 23:59:01.747  3451  3451 E display : VPP should be assigned to FramebufferTarget but it was failed ret(0)
06-06 23:59:01.751  3451  3451 E display : [PrimaryDisplay] framebuffer target expected, but not provided
06-06 23:59:01.781  3451  3451 E display : VPP should be assigned to FramebufferTarget but it was failed ret(0)
06-06 23:59:01.786  3451  3451 E display : [PrimaryDisplay] framebuffer target expected, but not provided
06-06 23:59:01.815  3451  3451 E display : VPP should be assigned to FramebufferTarget but it was failed ret(0)
06-06 23:59:01.819  3451  3451 E display : [PrimaryDisplay] framebuffer target expected, but not provided
06-06 23:59:01.849  3451  3451 E display : VPP should be assigned to FramebufferTarget but it was failed ret(0)
06-06 23:59:01.853  3451  3451 E display : [PrimaryDisplay] framebuffer target expected, but not provided
06-06 23:59:01.883  3451  3451 E display : VPP should be assigned to FramebufferTarget but it was failed ret(0)
06-06 23:59:01.887  3451  3451 E display : [PrimaryDisplay] framebuffer target expected, but not provided
06-06 23:59:01.918  3451  3451 E display : VPP should be assigned to FramebufferTarget but it was failed ret(0)
06-06 23:59:01.924  3451  3451 E display : [PrimaryDisplay] framebuffer target expected, but not provided
06-06 23:59:01.951  3451  3451 E display : VPP should be assigned to FramebufferTarget but it was failed ret(0)
06-06 23:59:01.955  3451  3451 E display : [PrimaryDisplay] framebuffer target expected, but not provided
06-06 23:59:01.985  3451  3451 E display : VPP should be assigned to FramebufferTarget but it was failed ret(0)
06-06 23:59:01.989  3451  3451 E display : [PrimaryDisplay] framebuffer target expected, but not provided
06-06 23:59:02.019  3451  3451 E display : VPP should be assigned to FramebufferTarget but it was failed ret(0)
06-06 23:59:02.022  3451  3451 E display : [PrimaryDisplay] framebuffer target expected, but not provided
06-06 23:59:02.033  3795  3795 I mediaserver: ServiceManager: 0xf684e120
06-06 23:59:02.033  3795  3795 I AudioFlinger: Using default 3000 mSec as standby time.
06-06 23:59:02.033  3795  3795 E BatteryNotifier: batterystats service unavailable!
06-06 23:59:02.034  3795  3795 E BatteryNotifier: batterystats service unavailable!
06-06 23:59:02.035  3795  3795 I CameraService: CameraService started (pid=3795)
06-06 23:59:02.035  3795  3795 I CameraService: CameraService process starting
06-06 23:59:02.035  3795  3795 E BatteryNotifier: batterystats service unavailable!
06-06 23:59:02.035  3795  3795 E BatteryNotifier: batterystats service unavailable!
06-06 23:59:02.036  3795  3795 E CameraService: Could not load camera HAL module: -2 (No such file or directory)
06-06 23:59:02.036  3795  3795 I AudioPolicyService: AudioPolicyService CSTOR in new mode
06-06 23:59:02.037  3795  3795 W APM::HwModule: loadOutput() invalid supported devices
06-06 23:59:02.037  3795  3795 W APM::HwModule: loadOutput() invalid supported devices
06-06 23:59:02.037  3795  3795 W APM::HwModule: loadInput() invalid supported devices
06-06 23:59:02.037  3795  3795 W APM::HwModule: loadInput() invalid supported devices
06-06 23:59:02.037  3795  3795 I APM::ConfigParsingUtils: loadAudioPolicyConfig() loaded /system/etc/audio_policy.conf
06-06 23:59:02.053  3451  3451 E display : VPP should be assigned to FramebufferTarget but it was failed ret(0)
06-06 23:59:02.058  3451  3451 E display : [PrimaryDisplay] framebuffer target expected, but not provided
06-06 23:59:02.085  3451  3451 E display : VPP should be assigned to FramebufferTarget but it was failed ret(0)
06-06 23:59:02.087  3782  3782 W Zygote  : Got error connecting to zygote, retrying. msg= No such file or directory
06-06 23:59:02.087  3451  3451 E display : [PrimaryDisplay] framebuffer target expected, but not provided
06-06 23:59:02.102  3451  3451 E display : VPP should be assigned to FramebufferTarget but it was failed ret(0)
06-06 23:59:02.104  3451  3451 E display : [PrimaryDisplay] framebuffer target expected, but not provided
06-06 23:59:02.136  3451  3451 E display : VPP should be assigned to FramebufferTarget but it was failed ret(0)
06-06 23:59:02.138  3451  3451 E display : [PrimaryDisplay] framebuffer target expected, but not provided
06-06 23:59:02.171  3451  3451 E display : VPP should be assigned to FramebufferTarget but it was failed ret(0)
06-06 23:59:02.174  3451  3451 E display : [PrimaryDisplay] framebuffer target expected, but not provided
06-06 23:59:02.204  3451  3451 E display : VPP should be assigned to FramebufferTarget but it was failed ret(0)
06-06 23:59:02.208  3451  3451 E display : [PrimaryDisplay] framebuffer target expected, but not provided
06-06 23:59:02.238  3451  3451 E display : VPP should be assigned to FramebufferTarget but it was failed ret(0)
06-06 23:59:02.239  3451  3451 E display : [PrimaryDisplay] framebuffer target expected, but not provided
06-06 23:59:02.271  3451  3451 E display : VPP should be assigned to FramebufferTarget but it was failed ret(0)
06-06 23:59:02.272  3451  3451 E display : [PrimaryDisplay] framebuffer target expected, but not provided
06-06 23:59:02.305  3451  3451 E display : VPP should be assigned to FramebufferTarget but it was failed ret(0)
06-06 23:59:02.306  3451  3451 E display : [PrimaryDisplay] framebuffer target expected, but not provided
06-06 23:59:02.339  3451  3451 E display : VPP should be assigned to FramebufferTarget but it was failed ret(0)
06-06 23:59:02.340  3451  3451 E display : [PrimaryDisplay] framebuffer target expected, but not provided
06-06 23:59:02.375  3451  3451 E display : VPP should be assigned to FramebufferTarget but it was failed ret(0)
06-06 23:59:02.380  3451  3451 E display : [PrimaryDisplay] framebuffer target expected, but not provided
06-06 23:59:02.409  3451  3451 E display : VPP should be assigned to FramebufferTarget but it was failed ret(0)
06-06 23:59:02.414  3451  3451 E display : [PrimaryDisplay] framebuffer target expected, but not provided
06-06 23:59:02.443  3451  3451 E display : VPP should be assigned to FramebufferTarget but it was failed ret(0)
06-06 23:59:02.448  3451  3451 E display : [PrimaryDisplay] framebuffer target expected, but not provided
06-06 23:59:02.460  3451  3451 E display : VPP should be assigned to FramebufferTarget but it was failed ret(0)
06-06 23:59:02.464  3451  3451 E display : [PrimaryDisplay] framebuffer target expected, but not provided
06-06 23:59:02.523  3795  3795 I AudioFlinger: loadHwModule() Loaded primary audio interface from Samsung audio HW HAL (audio) handle 1
06-06 23:59:02.523  3795  3795 I AudioFlinger: openOutput(), module 1 Device 2, SamplingRate 48000, Format 0x000001, Channels 3, flags a
06-06 23:59:02.523  3795  3795 I AudioFlinger: AudioStreamOut::open(), mHalFormatIsLinearPcm = 1
06-06 23:59:02.523  3795  3795 I AudioFlinger: HAL output buffer size 1024 frames, normal sink buffer size 1024 frames
06-06 23:59:02.524  3795  3795 W EffectsFactory: loadLibrary() failed to open /system/lib/soundfx/libaudioeffectoffload.so
06-06 23:59:02.525  3795  3795 W EffectsFactory: loadLibrary() failed to open /system/lib/soundfx/libexynosvisualizer.so
06-06 23:59:02.526  3795  3795 W EffectsFactory: loadLibrary() failed to open /system/lib/libmysound.so
06-06 23:59:02.526  3795  3795 W EffectsFactory: loadLibrary() failed to open /system/lib/soundfx/libmyspace.so
06-06 23:59:02.526  3795  3795 W EffectsFactory: loadLibrary() failed to open /system/lib/libaudiosa.so
06-06 23:59:02.526  3795  3795 W EffectsFactory: loadLibrary() failed to open /system/lib/soundfx/libaudiosaplus_sec.so
06-06 23:59:02.526  3795  3795 W EffectsFactory: loadLibrary() failed to open /system/lib/libsamsungSoundbooster_plus.so
06-06 23:59:02.526  3795  3795 W EffectsFactory: loadEffect() could not get library soundbooster_plus
06-06 23:59:02.526  3795  3795 W EffectsFactory: addSubEffect() could not get library soundalive_sec
06-06 23:59:02.526  3795  3795 W EffectsFactory: loadEffect() could not add subEffect 
06-06 23:59:02.526  3795  3795 W EffectsFactory: loadEffect() could not get library soundalive
06-06 23:59:02.526  3795  3795 W EffectsFactory: loadEffect() could not get library soundalive
06-06 23:59:02.526  3795  3795 W EffectsFactory: loadEffect() could not get library soundalive
06-06 23:59:02.527  3795  3795 W EffectsFactory: addSubEffect() could not get library visualizer_hw
06-06 23:59:02.527  3795  3795 W EffectsFactory: loadEffect() could not add subEffect 
06-06 23:59:02.527  3795  3795 W EffectsFactory: addSubEffect() could not get library mysound
06-06 23:59:02.527  3795  3795 W EffectsFactory: loadEffect() could not add subEffect 
06-06 23:59:02.527  3795  3795 W EffectsFactory: addSubEffect() could not get library myspace
06-06 23:59:02.527  3795  3795 W EffectsFactory: loadEffect() could not add subEffect 
06-06 23:59:02.527  3795  3795 I BufferProvider: found effect "Multichannel Downmix To Stereo" from The Android Open Source Project
06-06 23:59:02.527  3795  3795 I AudioFlinger: Using module 1 has the primary audio interface
06-06 23:59:02.527  3795  3799 I AudioFlinger: AudioFlinger's thread 0xf4c40000 ready to run
06-06 23:59:02.527  3795  3799 V audio_hw_primary: do_out_standby: output standby: 1
06-06 23:59:02.527  3795  3799 V audio_hw_primary: out_set_parameters: key value pairs: routing=2
06-06 23:59:02.527  3795  3799 E AudioFlinger: no wake lock to update!
06-06 23:59:02.528  3451  3451 E display : VPP should be assigned to FramebufferTarget but it was failed ret(0)
06-06 23:59:02.528  3795  3795 I AudioFlinger: openOutput(), module 1 Device 2, SamplingRate 48000, Format 0x000001, Channels 3, flags 4
06-06 23:59:02.528  3795  3795 I AudioFlinger: AudioStreamOut::open(), mHalFormatIsLinearPcm = 1
06-06 23:59:02.528  3795  3795 I AudioFlinger: HAL output buffer size 256 frames, normal sink buffer size 960 frames
06-06 23:59:02.529  3795  3795 E MonoPipe: Failed to fetch local time frequency when constructing a MonoPipe (res = -32).  getNextWriteTimestamp calls will be non-functional
06-06 23:59:02.529  3795  3801 I AudioFlinger: AudioFlinger's thread 0xf48c0000 ready to run
06-06 23:59:02.529  3795  3801 V audio_hw_primary: do_out_standby: output standby: 1
06-06 23:59:02.529  3795  3801 V audio_hw_primary: out_set_parameters: key value pairs: routing=2
06-06 23:59:02.529  3795  3801 E AudioFlinger: no wake lock to update!
06-06 23:59:02.530  3795  3795 V audio_hw_primary: adev_open_input_stream: Requesting input stream with rate: 48000, channels: 0xc
06-06 23:59:02.531  3795  3802 I AudioFlinger: AudioFlinger's thread 0xf45c0000 ready to run
06-06 23:59:02.531  3795  3795 I bt_a2dp_hw: adev_open:  adev_open in A2dp_hw module
06-06 23:59:02.531  3795  3795 I AudioFlinger: loadHwModule() Loaded a2dp audio interface from A2DP Audio HW HAL (audio) handle 5
06-06 23:59:02.532  3795  3795 I AudioFlinger: loadHwModule() Loaded usb audio interface from USB audio HW HAL (audio) handle 6
06-06 23:59:02.532  3795  3795 I r_submix: adev_open(name=audio_hw_if)
06-06 23:59:02.532  3795  3795 I r_submix: adev_init_check()
06-06 23:59:02.532  3795  3795 I AudioFlinger: loadHwModule() Loaded r_submix audio interface from Wifi Display audio HAL (audio) handle 7
06-06 23:59:02.532  3795  3795 D r_submix: adev_open_input_stream(addr=0)
06-06 23:59:02.532  3795  3795 D r_submix: submix_audio_device_create_pipe_l(addr=0, idx=9)
06-06 23:59:02.532  3795  3795 D r_submix:   now using address 0 for route 9
06-06 23:59:02.532  3451  3451 E display : [PrimaryDisplay] framebuffer target expected, but not provided
06-06 23:59:02.532  3795  3803 I AudioFlinger: AudioFlinger's thread 0xf4540000 ready to run
06-06 23:59:02.532  3795  3795 D r_submix: adev_close_input_stream()
06-06 23:59:02.532  3795  3795 D r_submix: submix_audio_device_release_pipe_l(idx=9) addr=0
06-06 23:59:02.532  3795  3795 D r_submix: submix_audio_device_destroy_pipe_l(): pipe destroyed
06-06 23:59:02.533  3795  3795 F libc    : Fatal signal 11 (SIGSEGV), code 1, fault addr 0x0 in tid 3795 (mediaserver)
06-06 23:59:02.533  2921  2921 I DEBUG   : property debug.db.uid not set; NOT waiting for gdb.
06-06 23:59:02.533  2921  2921 I DEBUG   : HINT: adb shell setprop debug.db.uid 100000
06-06 23:59:02.533  2921  2921 I DEBUG   : HINT: adb forward tcp:5039 tcp:5039
06-06 23:59:02.560  3451  3451 E display : VPP should be assigned to FramebufferTarget but it was failed ret(0)
06-06 23:59:02.562  3451  3451 E display : [PrimaryDisplay] framebuffer target expected, but not provided
06-06 23:59:02.577  3451  3451 E display : VPP should be assigned to FramebufferTarget but it was failed ret(0)
06-06 23:59:02.579  3451  3451 E display : [PrimaryDisplay] framebuffer target expected, but not provided
06-06 23:59:02.583  2921  2921 F DEBUG   : *** *** *** *** *** *** *** *** *** *** *** *** *** *** *** ***
06-06 23:59:02.583  2921  2921 F DEBUG   : CM Version: '13.0-20160603-UNOFFICIAL-hero2ltexx'
06-06 23:59:02.583  2921  2921 F DEBUG   : Build fingerprint: 'samsung/cm_hero2ltexx/hero2ltexx:6.0.1/MOB30J/2de5d89ed7:eng/test-keys'
06-06 23:59:02.583  2921  2921 F DEBUG   : Revision: '0'
06-06 23:59:02.583  2921  2921 F DEBUG   : ABI: 'arm'
06-06 23:59:02.584  2921  2921 F DEBUG   : pid: 3795, tid: 3795, name: mediaserver  >>> /system/bin/mediaserver <<<
06-06 23:59:02.584  2921  2921 F DEBUG   : signal 11 (SIGSEGV), code 1 (SEGV_MAPERR), fault addr 0x0
06-06 23:59:02.590  2921  2921 F DEBUG   :     r0 f4cde8f4  r1 00000000  r2 65732020  r3 00000007
06-06 23:59:02.590  2921  2921 F DEBUG   :     r4 00000008  r5 f4cde8f2  r6 f76cfbe0  r7 ffcca094
06-06 23:59:02.590  2921  2921 F DEBUG   :     r8 f4d3e00c  r9 f76cd431  sl f76cd635  fp f4cde8f2
06-06 23:59:02.590  2921  2921 F DEBUG   :     ip 00000000  sp ffcca050  lr f76c84f7  pc f721b3c8  cpsr 600f0010
06-06 23:59:02.591  2921  2921 F DEBUG   : 
06-06 23:59:02.591  2921  2921 F DEBUG   : backtrace:
06-06 23:59:02.591  2921  2921 F DEBUG   :     #00 pc 000183c8  /system/lib/libc.so (strcmp+152)
06-06 23:59:02.591  2921  2921 F DEBUG   :     #01 pc 000084f3  /system/lib/libaudiopolicyservice.so
06-06 23:59:02.591  2921  2921 F DEBUG   :     #02 pc 00020090  [stack]
06-06 23:59:02.594  3451  3451 E display : VPP should be assigned to FramebufferTarget but it was failed ret(0)
06-06 23:59:02.596  3451  3451 E display : [PrimaryDisplay] framebuffer target expected, but not provided
06-06 23:59:02.628  3451  3451 E display : VPP should be assigned to FramebufferTarget but it was failed ret(0)
06-06 23:59:02.630  3451  3451 E display : [PrimaryDisplay] framebuffer target expected, but not provided
06-06 23:59:02.668  2921  2921 F DEBUG   : 
06-06 23:59:02.668  2921  2921 F DEBUG   : Tombstone written to: /data/tombstones/tombstone_08
06-06 23:59:02.671  2917  2917 I ServiceManager: service 'media.audio_flinger' died
06-06 23:59:02.671  2917  2917 I ServiceManager: service 'media.player' died
06-06 23:59:02.671  2917  2917 I ServiceManager: service 'media.resource_manager' died
06-06 23:59:02.671  2917  2917 I ServiceManager: service 'media.camera' died
06-06 23:59:02.659  3795  3795 W mediaserver: type=1701 audit(0.0:384): auid=4294967295 uid=1013 gid=1005 ses=4294967295 exe="/system/bin/mediaserver" sig=11
06-06 23:59:02.678  3451  3451 E display : VPP should be assigned to FramebufferTarget but it was failed ret(0)
06-06 23:59:02.680  3451  3451 E display : [PrimaryDisplay] framebuffer target expected, but not provided
06-06 23:59:02.695  3451  3451 E display : VPP should be assigned to FramebufferTarget but it was failed ret(0)
06-06 23:59:02.697  3451  3451 E display : [PrimaryDisplay] framebuffer target expected, but not provided
06-06 23:59:02.729  3451  3451 E display : VPP should be assigned to FramebufferTarget but it was failed ret(0)
06-06 23:59:02.731  3451  3451 E display : [PrimaryDisplay] framebuffer target expected, but not provided
06-06 23:59:02.763  3451  3451 E display : VPP should be assigned to FramebufferTarget but it was failed ret(0)
06-06 23:59:02.765  3451  3451 E display : [PrimaryDisplay] framebuffer target expected, but not provided
06-06 23:59:02.798  3451  3451 E display : VPP should be assigned to FramebufferTarget but it was failed ret(0)
06-06 23:59:02.802  3451  3451 E display : [PrimaryDisplay] framebuffer target expected, but not provided
06-06 23:59:02.850  3451  3451 E display : VPP should be assigned to FramebufferTarget but it was failed ret(0)
06-06 23:59:02.856  3451  3451 E display : [PrimaryDisplay] framebuffer target expected, but not provided
06-06 23:59:02.882  3451  3451 E display : VPP should be assigned to FramebufferTarget but it was failed ret(0)
06-06 23:59:02.884  3451  3451 E display : [PrimaryDisplay] framebuffer target expected, but not provided
06-06 23:59:02.899  3451  3451 E display : VPP should be assigned to FramebufferTarget but it was failed ret(0)
06-06 23:59:02.901  3451  3451 E display : [PrimaryDisplay] framebuffer target expected, but not provided
06-06 23:59:02.933  3451  3451 E display : VPP should be assigned to FramebufferTarget but it was failed ret(0)
06-06 23:59:02.935  3451  3451 E display : [PrimaryDisplay] framebuffer target expected, but not provided
06-06 23:59:02.967  3451  3451 E display : VPP should be assigned to FramebufferTarget but it was failed ret(0)
06-06 23:59:02.969  3451  3451 E display : [PrimaryDisplay] framebuffer target expected, but not provided
06-06 23:59:03.001  3451  3451 E display : VPP should be assigned to FramebufferTarget but it was failed ret(0)
06-06 23:59:03.003  3451  3451 E display : [PrimaryDisplay] framebuffer target expected, but not provided
06-06 23:59:03.034  3451  3451 E display : VPP should be assigned to FramebufferTarget but it was failed ret(0)
06-06 23:59:03.037  3451  3451 E display : [PrimaryDisplay] framebuffer target expected, but not provided
06-06 23:59:03.069  3451  3451 E display : VPP should be assigned to FramebufferTarget but it was failed ret(0)
06-06 23:59:03.071  3451  3451 E display : [PrimaryDisplay] framebuffer target expected, but not provided
