05-25 09:25:05.818  2895  2895 E gralloc : invalid gralloc handle (at 0x7f81a165b0)
05-25 09:25:05.818  2895  2895 E SurfaceFlinger: error posting framebuffer: -22
05-25 09:25:05.849  2895  2895 E         : invalid gralloc handle (at 0x7f81a16540)
05-25 09:25:05.849  2895  2895 E         : Runtime and build version of gralloc private structure does not match. Errors will likely follow.
05-25 09:25:05.853  2895  2895 E gralloc : invalid gralloc handle (at 0x7f81a16540)
05-25 09:25:05.853  2895  2895 E SurfaceFlinger: error posting framebuffer: -22
05-25 09:25:05.916  2895  2895 E         : invalid gralloc handle (at 0x7f81a16690)
05-25 09:25:05.916  2895  2895 E         : Runtime and build version of gralloc private structure does not match. Errors will likely follow.
05-25 09:25:05.920  2895  2895 E gralloc : invalid gralloc handle (at 0x7f81a16690)
05-25 09:25:05.920  2895  2895 E SurfaceFlinger: error posting framebuffer: -22
05-25 09:25:05.950  2895  2895 E         : invalid gralloc handle (at 0x7f81a16620)
05-25 09:25:05.950  2895  2895 E         : Runtime and build version of gralloc private structure does not match. Errors will likely follow.
05-25 09:25:05.954  2895  2895 E gralloc : invalid gralloc handle (at 0x7f81a16620)
05-25 09:25:05.954  2895  2895 E SurfaceFlinger: error posting framebuffer: -22
05-25 09:25:05.984  2895  2895 E         : invalid gralloc handle (at 0x7f81a165b0)
05-25 09:25:05.984  2895  2895 E         : Runtime and build version of gralloc private structure does not match. Errors will likely follow.
05-25 09:25:05.987  2895  2895 E gralloc : invalid gralloc handle (at 0x7f81a165b0)
05-25 09:25:05.987  2895  2895 E SurfaceFlinger: error posting framebuffer: -22
05-25 09:25:06.017  2895  2895 E         : invalid gralloc handle (at 0x7f81a16540)
05-25 09:25:06.017  2895  2895 E         : Runtime and build version of gralloc private structure does not match. Errors will likely follow.
05-25 09:25:06.021  2895  2895 E gralloc : invalid gralloc handle (at 0x7f81a16540)
05-25 09:25:06.021  2895  2895 E SurfaceFlinger: error posting framebuffer: -22
05-25 09:25:06.085  2895  2895 E         : invalid gralloc handle (at 0x7f81a16690)
05-25 09:25:06.085  2895  2895 E         : Runtime and build version of gralloc private structure does not match. Errors will likely follow.
05-25 09:25:06.088  2895  2895 E gralloc : invalid gralloc handle (at 0x7f81a16690)
05-25 09:25:06.088  2895  2895 E SurfaceFlinger: error posting framebuffer: -22
05-25 09:25:06.118  2895  2895 E         : invalid gralloc handle (at 0x7f81a16620)
05-25 09:25:06.118  2895  2895 E         : Runtime and build version of gralloc private structure does not match. Errors will likely follow.
05-25 09:25:06.122  2895  2895 E gralloc : invalid gralloc handle (at 0x7f81a16620)
05-25 09:25:06.122  2895  2895 E SurfaceFlinger: error posting framebuffer: -22
05-25 09:25:06.152  2895  2895 E         : invalid gralloc handle (at 0x7f81a165b0)
05-25 09:25:06.152  2895  2895 E         : Runtime and build version of gralloc private structure does not match. Errors will likely follow.
05-25 09:25:06.156  2895  2895 E gralloc : invalid gralloc handle (at 0x7f81a165b0)
05-25 09:25:06.156  2895  2895 E SurfaceFlinger: error posting framebuffer: -22
05-25 09:25:06.186  2895  2895 E         : invalid gralloc handle (at 0x7f81a16540)
05-25 09:25:06.186  2895  2895 E         : Runtime and build version of gralloc private structure does not match. Errors will likely follow.
05-25 09:25:06.190  2895  2895 E gralloc : invalid gralloc handle (at 0x7f81a16540)
05-25 09:25:06.190  2895  2895 E SurfaceFlinger: error posting framebuffer: -22
05-25 09:25:06.253  2895  2895 E         : invalid gralloc handle (at 0x7f81a16690)
05-25 09:25:06.253  2895  2895 E         : Runtime and build version of gralloc private structure does not match. Errors will likely follow.
05-25 09:25:06.257  2895  2895 E gralloc : invalid gralloc handle (at 0x7f81a16690)
05-25 09:25:06.257  2895  2895 E SurfaceFlinger: error posting framebuffer: -22
05-25 09:25:06.287  2895  2895 E         : invalid gralloc handle (at 0x7f81a16620)
05-25 09:25:06.287  2895  2895 E         : Runtime and build version of gralloc private structure does not match. Errors will likely follow.
05-25 09:25:06.291  2895  2895 E gralloc : invalid gralloc handle (at 0x7f81a16620)
05-25 09:25:06.291  2895  2895 E SurfaceFlinger: error posting framebuffer: -22
05-25 09:25:06.321  2895  2895 E         : invalid gralloc handle (at 0x7f81a165b0)
05-25 09:25:06.321  2895  2895 E         : Runtime and build version of gralloc private structure does not match. Errors will likely follow.
05-25 09:25:06.324  2895  2895 E gralloc : invalid gralloc handle (at 0x7f81a165b0)
05-25 09:25:06.324  2895  2895 E SurfaceFlinger: error posting framebuffer: -22
05-25 09:25:06.354  2895  2895 E         : invalid gralloc handle (at 0x7f81a16540)
05-25 09:25:06.354  2895  2895 E         : Runtime and build version of gralloc private structure does not match. Errors will likely follow.
05-25 09:25:06.358  2895  2895 E gralloc : invalid gralloc handle (at 0x7f81a16540)
05-25 09:25:06.358  2895  2895 E SurfaceFlinger: error posting framebuffer: -22
05-25 09:25:06.422  2895  2895 E         : invalid gralloc handle (at 0x7f81a16690)
05-25 09:25:06.422  2895  2895 E         : Runtime and build version of gralloc private structure does not match. Errors will likely follow.
05-25 09:25:06.425  2895  2895 E gralloc : invalid gralloc handle (at 0x7f81a16690)
05-25 09:25:06.425  2895  2895 E SurfaceFlinger: error posting framebuffer: -22
05-25 09:25:06.456  2895  2895 E         : invalid gralloc handle (at 0x7f81a16620)
05-25 09:25:06.456  2895  2895 E         : Runtime and build version of gralloc private structure does not match. Errors will likely follow.
05-25 09:25:06.460  2895  2895 E gralloc : invalid gralloc handle (at 0x7f81a16620)
05-25 09:25:06.460  2895  2895 E SurfaceFlinger: error posting framebuffer: -22
05-25 09:25:06.489  2895  2895 E         : invalid gralloc handle (at 0x7f81a165b0)
05-25 09:25:06.489  2895  2895 E         : Runtime and build version of gralloc private structure does not match. Errors will likely follow.
05-25 09:25:06.493  2895  2895 E gralloc : invalid gralloc handle (at 0x7f81a165b0)
05-25 09:25:06.493  2895  2895 E SurfaceFlinger: error posting framebuffer: -22
05-25 09:25:06.517  3331  3331 W Zygote  : Got error connecting to zygote, retrying. msg= No such file or directory
05-25 09:25:06.523  2895  2895 E         : invalid gralloc handle (at 0x7f81a16540)
05-25 09:25:06.523  2895  2895 E         : Runtime and build version of gralloc private structure does not match. Errors will likely follow.
05-25 09:25:06.527  2895  2895 E gralloc : invalid gralloc handle (at 0x7f81a16540)
05-25 09:25:06.527  2895  2895 E SurfaceFlinger: error posting framebuffer: -22
05-25 09:25:06.590  2895  2895 E         : invalid gralloc handle (at 0x7f81a16690)
05-25 09:25:06.590  2895  2895 E         : Runtime and build version of gralloc private structure does not match. Errors will likely follow.
05-25 09:25:06.594  2895  2895 E gralloc : invalid gralloc handle (at 0x7f81a16690)
05-25 09:25:06.594  2895  2895 E SurfaceFlinger: error posting framebuffer: -22
05-25 09:25:06.624  2895  2895 E         : invalid gralloc handle (at 0x7f81a16620)
05-25 09:25:06.624  2895  2895 E         : Runtime and build version of gralloc private structure does not match. Errors will likely follow.
05-25 09:25:06.628  2895  2895 E gralloc : invalid gralloc handle (at 0x7f81a16620)
05-25 09:25:06.628  2895  2895 E SurfaceFlinger: error posting framebuffer: -22
05-25 09:25:06.641  2895  2895 E         : invalid gralloc handle (at 0x7f81a165b0)
05-25 09:25:06.641  2895  2895 E         : Runtime and build version of gralloc private structure does not match. Errors will likely follow.
05-25 09:25:06.645  2895  2895 E gralloc : invalid gralloc handle (at 0x7f81a165b0)
05-25 09:25:06.645  2895  2895 E SurfaceFlinger: error posting framebuffer: -22
05-25 09:25:06.675  2895  2895 E         : invalid gralloc handle (at 0x7f81a16540)
05-25 09:25:06.675  2895  2895 E         : Runtime and build version of gralloc private structure does not match. Errors will likely follow.
05-25 09:25:06.679  2895  2895 E gralloc : invalid gralloc handle (at 0x7f81a16540)
05-25 09:25:06.679  2895  2895 E SurfaceFlinger: error posting framebuffer: -22
05-25 09:25:06.742  2895  2895 E         : invalid gralloc handle (at 0x7f81a16690)
05-25 09:25:06.742  2895  2895 E         : Runtime and build version of gralloc private structure does not match. Errors will likely follow.
05-25 09:25:06.746  2895  2895 E gralloc : invalid gralloc handle (at 0x7f81a16690)
05-25 09:25:06.746  2895  2895 E SurfaceFlinger: error posting framebuffer: -22
05-25 09:25:06.776  2895  2895 E         : invalid gralloc handle (at 0x7f81a16620)
05-25 09:25:06.776  2895  2895 E         : Runtime and build version of gralloc private structure does not match. Errors will likely follow.
05-25 09:25:06.779  2895  2895 E gralloc : invalid gralloc handle (at 0x7f81a16620)
05-25 09:25:06.780  2895  2895 E SurfaceFlinger: error posting framebuffer: -22
05-25 09:25:06.809  2895  2895 E         : invalid gralloc handle (at 0x7f81a165b0)
05-25 09:25:06.809  2895  2895 E         : Runtime and build version of gralloc private structure does not match. Errors will likely follow.
05-25 09:25:06.813  2895  2895 E gralloc : invalid gralloc handle (at 0x7f81a165b0)
05-25 09:25:06.813  2895  2895 E SurfaceFlinger: error posting framebuffer: -22
05-25 09:25:06.843  2895  2895 E         : invalid gralloc handle (at 0x7f81a16540)
05-25 09:25:06.843  2895  2895 E         : Runtime and build version of gralloc private structure does not match. Errors will likely follow.
05-25 09:25:06.847  2895  2895 E gralloc : invalid gralloc handle (at 0x7f81a16540)
05-25 09:25:06.847  2895  2895 E SurfaceFlinger: error posting framebuffer: -22
05-25 09:25:06.911  2895  2895 E         : invalid gralloc handle (at 0x7f81a16690)
05-25 09:25:06.911  2895  2895 E         : Runtime and build version of gralloc private structure does not match. Errors will likely follow.
05-25 09:25:06.914  2895  2895 E gralloc : invalid gralloc handle (at 0x7f81a16690)
05-25 09:25:06.914  2895  2895 E SurfaceFlinger: error posting framebuffer: -22
05-25 09:25:06.945  2895  2895 E         : invalid gralloc handle (at 0x7f81a16620)
05-25 09:25:06.945  2895  2895 E         : Runtime and build version of gralloc private structure does not match. Errors will likely follow.
05-25 09:25:06.948  2895  2895 E gralloc : invalid gralloc handle (at 0x7f81a16620)
05-25 09:25:06.948  2895  2895 E SurfaceFlinger: error posting framebuffer: -22
05-25 09:25:06.978  2895  2895 E         : invalid gralloc handle (at 0x7f81a165b0)
05-25 09:25:06.978  2895  2895 E         : Runtime and build version of gralloc private structure does not match. Errors will likely follow.
05-25 09:25:06.982  2895  2895 E gralloc : invalid gralloc handle (at 0x7f81a165b0)
05-25 09:25:06.982  2895  2895 E SurfaceFlinger: error posting framebuffer: -22
05-25 09:25:07.012  2895  2895 E         : invalid gralloc handle (at 0x7f81a16540)
05-25 09:25:07.012  2895  2895 E         : Runtime and build version of gralloc private structure does not match. Errors will likely follow.
05-25 09:25:07.016  2895  2895 E gralloc : invalid gralloc handle (at 0x7f81a16540)
05-25 09:25:07.016  2895  2895 E SurfaceFlinger: error posting framebuffer: -22
05-25 09:25:07.079  2895  2895 E         : invalid gralloc handle (at 0x7f81a16690)
05-25 09:25:07.079  2895  2895 E         : Runtime and build version of gralloc private structure does not match. Errors will likely follow.
05-25 09:25:07.083  2895  2895 E gralloc : invalid gralloc handle (at 0x7f81a16690)
05-25 09:25:07.083  2895  2895 E SurfaceFlinger: error posting framebuffer: -22
05-25 09:25:07.113  2895  2895 E         : invalid gralloc handle (at 0x7f81a16620)
05-25 09:25:07.113  2895  2895 E         : Runtime and build version of gralloc private structure does not match. Errors will likely follow.
05-25 09:25:07.117  2895  2895 E gralloc : invalid gralloc handle (at 0x7f81a16620)
05-25 09:25:07.117  2895  2895 E SurfaceFlinger: error posting framebuffer: -22
05-25 09:25:07.147  2895  2895 E         : invalid gralloc handle (at 0x7f81a165b0)
05-25 09:25:07.147  2895  2895 E         : Runtime and build version of gralloc private structure does not match. Errors will likely follow.
05-25 09:25:07.151  2895  2895 E gralloc : invalid gralloc handle (at 0x7f81a165b0)
05-25 09:25:07.151  2895  2895 E SurfaceFlinger: error posting framebuffer: -22
05-25 09:25:07.180  2895  2895 E         : invalid gralloc handle (at 0x7f81a16540)
05-25 09:25:07.180  2895  2895 E         : Runtime and build version of gralloc private structure does not match. Errors will likely follow.
05-25 09:25:07.184  2895  2895 E gralloc : invalid gralloc handle (at 0x7f81a16540)
05-25 09:25:07.184  2895  2895 E SurfaceFlinger: error posting framebuffer: -22
05-25 09:25:07.248  2895  2895 E         : invalid gralloc handle (at 0x7f81a16690)
05-25 09:25:07.248  2895  2895 E         : Runtime and build version of gralloc private structure does not match. Errors will likely follow.
05-25 09:25:07.252  2895  2895 E gralloc : invalid gralloc handle (at 0x7f81a16690)
05-25 09:25:07.252  2895  2895 E SurfaceFlinger: error posting framebuffer: -22
05-25 09:25:07.282  2895  2895 E         : invalid gralloc handle (at 0x7f81a16620)
05-25 09:25:07.282  2895  2895 E         : Runtime and build version of gralloc private structure does not match. Errors will likely follow.
05-25 09:25:07.285  2895  2895 E gralloc : invalid gralloc handle (at 0x7f81a16620)
05-25 09:25:07.285  2895  2895 E SurfaceFlinger: error posting framebuffer: -22
05-25 09:25:07.316  2895  2895 E         : invalid gralloc handle (at 0x7f81a165b0)
05-25 09:25:07.316  2895  2895 E         : Runtime and build version of gralloc private structure does not match. Errors will likely follow.
05-25 09:25:07.319  2895  2895 E gralloc : invalid gralloc handle (at 0x7f81a165b0)
05-25 09:25:07.319  2895  2895 E SurfaceFlinger: error posting framebuffer: -22
05-25 09:25:07.347  3391  3391 V lhd     : GlLhdInterface::Init(/system/etc/lhd.conf)
05-25 09:25:07.347  3391  3391 E lhd     : Failed to read config file "/system/etc/lhd.conf"
05-25 09:25:07.347  3391  3391 E lhd     : ASSERT in GlLhdInterface.cpp:141: Failed to parse config file.
05-25 09:25:07.347  3391  3391 F libc    : Fatal signal 6 (SIGABRT), code -6 in tid 3391 (lhd)
05-25 09:25:07.347  3036  3036 I DEBUG   : property debug.db.uid not set; NOT waiting for gdb.
05-25 09:25:07.347  3036  3036 I DEBUG   : HINT: adb shell setprop debug.db.uid 100000
05-25 09:25:07.347  3036  3036 I DEBUG   : HINT: adb forward tcp:5039 tcp:5039
05-25 09:25:07.349  2895  2895 E         : invalid gralloc handle (at 0x7f81a16540)
05-25 09:25:07.349  2895  2895 E         : Runtime and build version of gralloc private structure does not match. Errors will likely follow.
05-25 09:25:07.353  2895  2895 E gralloc : invalid gralloc handle (at 0x7f81a16540)
05-25 09:25:07.353  2895  2895 E SurfaceFlinger: error posting framebuffer: -22
05-25 09:25:07.398  3036  3036 F DEBUG   : *** *** *** *** *** *** *** *** *** *** *** *** *** *** *** ***
05-25 09:25:07.398  3036  3036 F DEBUG   : Build fingerprint: 'samsung/cm_hero2ltexx/hero2ltexx:6.0.1/MOB30J/5d66e77688:eng/test-keys'
05-25 09:25:07.398  3036  3036 F DEBUG   : Revision: '0'
05-25 09:25:07.398  3036  3036 F DEBUG   : ABI: 'arm64'
05-25 09:25:07.398  3036  3036 F DEBUG   : pid: 3391, tid: 3391, name: lhd  >>> /system/bin/lhd <<<
05-25 09:25:07.398  3036  3036 F DEBUG   : signal 6 (SIGABRT), code -6 (SI_TKILL), fault addr --------
05-25 09:25:07.399  3036  3036 F DEBUG   :     x0   0000000000000000  x1   0000000000000d3f  x2   0000000000000006  x3   0000000000000000
05-25 09:25:07.399  3036  3036 F DEBUG   :     x4   0000000000000000  x5   0000000000000001  x6   0000000000000000  x7   0000000000000000
05-25 09:25:07.399  3036  3036 F DEBUG   :     x8   0000000000000083  x9   0000007fd084d2c0  x10  00000000ffffffd8  x11  00000000ffffff80
05-25 09:25:07.399  3036  3036 F DEBUG   :     x12  0000007fa76c6e10  x13  69318cb227cec9eb  x14  0000007fa766a658  x15  0000000000000001
05-25 09:25:07.399  3036  3036 F DEBUG   :     x16  0000007fa7256580  x17  0000007fa71e8fcc  x18  00000000ffffffff  x19  0000007fa76740d8
05-25 09:25:07.399  3036  3036 F DEBUG   :     x20  0000007fa7674018  x21  0000000000000002  x22  0000000000000006  x23  0000007fa76a4000
05-25 09:25:07.399  3036  3036 F DEBUG   :     x24  0000007fd084d8b8  x25  0000007fa76c93d0  x26  0000000000000000  x27  0000000000000000
05-25 09:25:07.399  3036  3036 F DEBUG   :     x28  0000000000000000  x29  0000007fd084d390  x30  0000007fa71e6768
05-25 09:25:07.399  3036  3036 F DEBUG   :     sp   0000007fd084d390  pc   0000007fa71e8fd4  pstate 0000000020000000
05-25 09:25:07.401  3036  3036 F DEBUG   : 
05-25 09:25:07.401  3036  3036 F DEBUG   : backtrace:
05-25 09:25:07.401  3036  3036 F DEBUG   :     #00 pc 0000000000068fd4  /system/lib64/libc.so (tgkill+8)
05-25 09:25:07.401  3036  3036 F DEBUG   :     #01 pc 0000000000066764  /system/lib64/libc.so (pthread_kill+68)
05-25 09:25:07.401  3036  3036 F DEBUG   :     #02 pc 0000000000023448  /system/lib64/libc.so (raise+28)
05-25 09:25:07.401  3036  3036 F DEBUG   :     #03 pc 000000000001dbe8  /system/lib64/libc.so (abort+60)
05-25 09:25:07.401  3036  3036 F DEBUG   :     #04 pc 000000000000b5a0  /system/bin/lhd
05-25 09:25:07.401  3036  3036 F DEBUG   :     #05 pc 000000000000b640  /system/bin/lhd
05-25 09:25:07.401  3036  3036 F DEBUG   :     #06 pc 000000000000bec4  /system/bin/lhd
05-25 09:25:07.401  3036  3036 F DEBUG   :     #07 pc 000000000000c2b0  /system/bin/lhd
05-25 09:25:07.401  3036  3036 F DEBUG   :     #08 pc 000000000000965c  /system/bin/lhd (main+64)
05-25 09:25:07.401  3036  3036 F DEBUG   :     #09 pc 000000000001bcd8  /system/lib64/libc.so (__libc_init+100)
05-25 09:25:07.401  3036  3036 F DEBUG   :     #10 pc 00000000000099e8  /system/bin/lhd
05-25 09:25:07.414  3036  3036 F DEBUG   : 
05-25 09:25:07.414  3036  3036 F DEBUG   : Tombstone written to: /data/tombstones/tombstone_06
05-25 09:25:07.409  3391  3391 W lhd     : type=1701 audit(0.0:143): auid=4294967295 uid=1021 gid=1000 ses=4294967295 exe="/system/bin/lhd" sig=6
05-25 09:25:07.417  2895  2895 E         : invalid gralloc handle (at 0x7f81a16690)
05-25 09:25:07.417  2895  2895 E         : Runtime and build version of gralloc private structure does not match. Errors will likely follow.
05-25 09:25:07.420  2895  2895 E gralloc : invalid gralloc handle (at 0x7f81a16690)
05-25 09:25:07.420  2895  2895 E SurfaceFlinger: error posting framebuffer: -22
05-25 09:25:07.450  2895  2895 E         : invalid gralloc handle (at 0x7f81a16620)
05-25 09:25:07.450  2895  2895 E         : Runtime and build version of gralloc private structure does not match. Errors will likely follow.
05-25 09:25:07.454  2895  2895 E gralloc : invalid gralloc handle (at 0x7f81a16620)
05-25 09:25:07.454  2895  2895 E SurfaceFlinger: error posting framebuffer: -22
05-25 09:25:07.457  3390  3390 I mediaserver: ServiceManager: 0xf61ce120
05-25 09:25:07.457  3390  3390 I AudioFlinger: Using default 3000 mSec as standby time.
05-25 09:25:07.458  3390  3390 E BatteryNotifier: batterystats service unavailable!
05-25 09:25:07.458  3390  3390 E BatteryNotifier: batterystats service unavailable!
05-25 09:25:07.458  3390  3390 I CameraService: CameraService started (pid=3390)
05-25 09:25:07.458  3390  3390 I CameraService: CameraService process starting
05-25 09:25:07.458  3390  3390 E BatteryNotifier: batterystats service unavailable!
05-25 09:25:07.458  3390  3390 E BatteryNotifier: batterystats service unavailable!
05-25 09:25:07.458  3390  3390 E CameraService: Could not load camera HAL module: -2 (No such file or directory)
05-25 09:25:07.458  3390  3390 I AudioPolicyService: AudioPolicyService CSTOR in new mode
05-25 09:25:07.459  3390  3390 W APM::HwModule: loadOutput() invalid supported devices
05-25 09:25:07.459  3390  3390 W APM::HwModule: loadOutput() invalid supported devices
05-25 09:25:07.459  3390  3390 W APM::HwModule: loadInput() invalid supported devices
05-25 09:25:07.459  3390  3390 W APM::HwModule: loadInput() invalid supported devices
05-25 09:25:07.459  3390  3390 I APM::ConfigParsingUtils: loadAudioPolicyConfig() loaded /system/etc/audio_policy.conf
05-25 09:25:07.484  2895  2895 E         : invalid gralloc handle (at 0x7f81a165b0)
05-25 09:25:07.484  2895  2895 E         : Runtime and build version of gralloc private structure does not match. Errors will likely follow.
05-25 09:25:07.488  2895  2895 E gralloc : invalid gralloc handle (at 0x7f81a165b0)
05-25 09:25:07.488  2895  2895 E SurfaceFlinger: error posting framebuffer: -22
05-25 09:25:07.518  3331  3331 W Zygote  : Got error connecting to zygote, retrying. msg= No such file or directory
05-25 09:25:07.518  2895  2895 E         : invalid gralloc handle (at 0x7f81a16540)
05-25 09:25:07.518  2895  2895 E         : Runtime and build version of gralloc private structure does not match. Errors will likely follow.
05-25 09:25:07.522  2895  2895 E gralloc : invalid gralloc handle (at 0x7f81a16540)
05-25 09:25:07.522  2895  2895 E SurfaceFlinger: error posting framebuffer: -22
05-25 09:25:07.585  2895  2895 E         : invalid gralloc handle (at 0x7f81a16690)
05-25 09:25:07.585  2895  2895 E         : Runtime and build version of gralloc private structure does not match. Errors will likely follow.
05-25 09:25:07.589  2895  2895 E gralloc : invalid gralloc handle (at 0x7f81a16690)
05-25 09:25:07.589  2895  2895 E SurfaceFlinger: error posting framebuffer: -22
05-25 09:25:07.619  2895  2895 E         : invalid gralloc handle (at 0x7f81a16620)
05-25 09:25:07.619  2895  2895 E         : Runtime and build version of gralloc private structure does not match. Errors will likely follow.
05-25 09:25:07.623  2895  2895 E gralloc : invalid gralloc handle (at 0x7f81a16620)
05-25 09:25:07.623  2895  2895 E SurfaceFlinger: error posting framebuffer: -22
05-25 09:25:07.653  2895  2895 E         : invalid gralloc handle (at 0x7f81a165b0)
05-25 09:25:07.653  2895  2895 E         : Runtime and build version of gralloc private structure does not match. Errors will likely follow.
05-25 09:25:07.656  2895  2895 E gralloc : invalid gralloc handle (at 0x7f81a165b0)
05-25 09:25:07.656  2895  2895 E SurfaceFlinger: error posting framebuffer: -22
05-25 09:25:07.686  2895  2895 E         : invalid gralloc handle (at 0x7f81a16540)
05-25 09:25:07.686  2895  2895 E         : Runtime and build version of gralloc private structure does not match. Errors will likely follow.
05-25 09:25:07.690  2895  2895 E gralloc : invalid gralloc handle (at 0x7f81a16540)
05-25 09:25:07.690  2895  2895 E SurfaceFlinger: error posting framebuffer: -22
05-25 09:25:07.754  2895  2895 E         : invalid gralloc handle (at 0x7f81a16690)
05-25 09:25:07.754  2895  2895 E         : Runtime and build version of gralloc private structure does not match. Errors will likely follow.
05-25 09:25:07.758  2895  2895 E gralloc : invalid gralloc handle (at 0x7f81a16690)
05-25 09:25:07.758  2895  2895 E SurfaceFlinger: error posting framebuffer: -22
05-25 09:25:07.788  2895  2895 E         : invalid gralloc handle (at 0x7f81a16620)
05-25 09:25:07.788  2895  2895 E         : Runtime and build version of gralloc private structure does not match. Errors will likely follow.
05-25 09:25:07.791  2895  2895 E gralloc : invalid gralloc handle (at 0x7f81a16620)
05-25 09:25:07.791  2895  2895 E SurfaceFlinger: error posting framebuffer: -22
05-25 09:25:07.821  2895  2895 E         : invalid gralloc handle (at 0x7f81a165b0)
05-25 09:25:07.821  2895  2895 E         : Runtime and build version of gralloc private structure does not match. Errors will likely follow.
05-25 09:25:07.825  2895  2895 E gralloc : invalid gralloc handle (at 0x7f81a165b0)
05-25 09:25:07.825  2895  2895 E SurfaceFlinger: error posting framebuffer: -22
05-25 09:25:07.855  2895  2895 E         : invalid gralloc handle (at 0x7f81a16540)
05-25 09:25:07.855  2895  2895 E         : Runtime and build version of gralloc private structure does not match. Errors will likely follow.
05-25 09:25:07.859  2895  2895 E gralloc : invalid gralloc handle (at 0x7f81a16540)
05-25 09:25:07.859  2895  2895 E SurfaceFlinger: error posting framebuffer: -22
05-25 09:25:07.922  2895  2895 E         : invalid gralloc handle (at 0x7f81a16690)
05-25 09:25:07.923  2895  2895 E         : Runtime and build version of gralloc private structure does not match. Errors will likely follow.
05-25 09:25:07.926  2895  2895 E gralloc : invalid gralloc handle (at 0x7f81a16690)
05-25 09:25:07.926  2895  2895 E SurfaceFlinger: error posting framebuffer: -22
05-25 09:25:07.956  2895  2895 E         : invalid gralloc handle (at 0x7f81a16620)
05-25 09:25:07.956  2895  2895 E         : Runtime and build version of gralloc private structure does not match. Errors will likely follow.
05-25 09:25:07.960  2895  2895 E gralloc : invalid gralloc handle (at 0x7f81a16620)
05-25 09:25:07.960  2895  2895 E SurfaceFlinger: error posting framebuffer: -22
05-25 09:25:07.990  2895  2895 E         : invalid gralloc handle (at 0x7f81a165b0)
05-25 09:25:07.990  2895  2895 E         : Runtime and build version of gralloc private structure does not match. Errors will likely follow.
05-25 09:25:07.990  3390  3390 I AudioFlinger: loadHwModule() Loaded primary audio interface from Samsung audio HW HAL (audio) handle 1
05-25 09:25:07.990  3390  3390 I AudioFlinger: openOutput(), module 1 Device 2, SamplingRate 48000, Format 0x000001, Channels 3, flags a
05-25 09:25:07.990  3390  3390 I AudioFlinger: AudioStreamOut::open(), mHalFormatIsLinearPcm = 1
05-25 09:25:07.990  3390  3390 I AudioFlinger: HAL output buffer size 1024 frames, normal sink buffer size 1024 frames
05-25 09:25:07.991  3390  3390 W EffectsFactory: loadLibrary() failed to open /system/lib/soundfx/libaudioeffectoffload.so
05-25 09:25:07.992  3390  3390 W EffectsFactory: loadLibrary() failed to open /system/lib/soundfx/libexynosvisualizer.so
05-25 09:25:07.993  3390  3390 W EffectsFactory: loadLibrary() failed to open /system/lib/libmysound.so
05-25 09:25:07.993  3390  3390 W EffectsFactory: loadLibrary() failed to open /system/lib/soundfx/libmyspace.so
05-25 09:25:07.993  3390  3390 W EffectsFactory: loadLibrary() failed to open /system/lib/libaudiosa.so
05-25 09:25:07.993  3390  3390 W EffectsFactory: loadLibrary() failed to open /system/lib/soundfx/libaudiosaplus_sec.so
05-25 09:25:07.994  2895  2895 E gralloc : invalid gralloc handle (at 0x7f81a165b0)
05-25 09:25:07.994  2895  2895 E SurfaceFlinger: error posting framebuffer: -22
05-25 09:25:07.994  3390  3390 W EffectsFactory: loadLibrary() failed to open /system/lib/libsamsungSoundbooster_plus.so
05-25 09:25:07.994  3390  3390 W EffectsFactory: loadEffect() could not get library soundbooster_plus
05-25 09:25:07.994  3390  3390 W EffectsFactory: addSubEffect() could not get library soundalive_sec
05-25 09:25:07.994  3390  3390 W EffectsFactory: loadEffect() could not add subEffect 
05-25 09:25:07.994  3390  3390 W EffectsFactory: loadEffect() could not get library soundalive
05-25 09:25:07.994  3390  3390 W EffectsFactory: loadEffect() could not get library soundalive
05-25 09:25:07.994  3390  3390 W EffectsFactory: loadEffect() could not get library soundalive
05-25 09:25:07.994  3390  3390 W EffectsFactory: addSubEffect() could not get library visualizer_hw
05-25 09:25:07.994  3390  3390 W EffectsFactory: loadEffect() could not add subEffect 
05-25 09:25:07.994  3390  3390 W EffectsFactory: addSubEffect() could not get library mysound
05-25 09:25:07.994  3390  3390 W EffectsFactory: loadEffect() could not add subEffect 
05-25 09:25:07.994  3390  3390 W EffectsFactory: addSubEffect() could not get library myspace
05-25 09:25:07.994  3390  3390 W EffectsFactory: loadEffect() could not add subEffect 
05-25 09:25:07.994  3390  3390 I BufferProvider: found effect "Multichannel Downmix To Stereo" from The Android Open Source Project
05-25 09:25:07.994  3390  3390 I AudioFlinger: Using module 1 has the primary audio interface
05-25 09:25:07.994  3390  3399 I AudioFlinger: AudioFlinger's thread 0xf4580000 ready to run
05-25 09:25:07.994  3390  3399 V audio_hw_primary: do_out_standby: output standby: 1
05-25 09:25:07.994  3390  3399 V audio_hw_primary: out_set_parameters: key value pairs: routing=2
05-25 09:25:07.994  3390  3399 E AudioFlinger: no wake lock to update!
05-25 09:25:07.995  3390  3390 I AudioFlinger: openOutput(), module 1 Device 2, SamplingRate 48000, Format 0x000001, Channels 3, flags 4
05-25 09:25:07.995  3390  3390 I AudioFlinger: AudioStreamOut::open(), mHalFormatIsLinearPcm = 1
05-25 09:25:07.995  3390  3390 I AudioFlinger: HAL output buffer size 256 frames, normal sink buffer size 960 frames
05-25 09:25:07.995  3390  3390 E MonoPipe: Failed to fetch local time frequency when constructing a MonoPipe (res = -32).  getNextWriteTimestamp calls will be non-functional
05-25 09:25:07.995  3390  3401 I AudioFlinger: AudioFlinger's thread 0xf4240000 ready to run
05-25 09:25:07.995  3390  3401 V audio_hw_primary: out_set_parameters: key value pairs: routing=2
05-25 09:25:07.995  3390  3401 V audio_hw_primary: do_out_standby: output standby: 1
05-25 09:25:07.995  3390  3401 E AudioFlinger: no wake lock to update!
05-25 09:25:07.996  3390  3390 V audio_hw_primary: adev_open_input_stream: Requesting input stream with rate: 48000, channels: 0xc
05-25 09:25:07.996  3390  3402 I AudioFlinger: AudioFlinger's thread 0xf3f40000 ready to run
05-25 09:25:07.996  3390  3390 I bt_a2dp_hw: adev_open:  adev_open in A2dp_hw module
05-25 09:25:07.996  3390  3390 I AudioFlinger: loadHwModule() Loaded a2dp audio interface from A2DP Audio HW HAL (audio) handle 5
05-25 09:25:07.997  3390  3390 I AudioFlinger: loadHwModule() Loaded usb audio interface from USB audio HW HAL (audio) handle 6
05-25 09:25:07.997  3390  3390 I r_submix: adev_open(name=audio_hw_if)
05-25 09:25:07.997  3390  3390 I r_submix: adev_init_check()
05-25 09:25:07.997  3390  3390 I AudioFlinger: loadHwModule() Loaded r_submix audio interface from Wifi Display audio HAL (audio) handle 7
05-25 09:25:07.997  3390  3390 D r_submix: adev_open_input_stream(addr=0)
05-25 09:25:07.997  3390  3390 D r_submix: submix_audio_device_create_pipe_l(addr=0, idx=9)
05-25 09:25:07.997  3390  3390 D r_submix:   now using address 0 for route 9
05-25 09:25:07.997  3390  3403 I AudioFlinger: AudioFlinger's thread 0xf3ec0000 ready to run
05-25 09:25:07.997  3390  3390 D r_submix: adev_close_input_stream()
05-25 09:25:07.997  3390  3390 D r_submix: submix_audio_device_release_pipe_l(idx=9) addr=0
05-25 09:25:07.997  3390  3390 D r_submix: submix_audio_device_destroy_pipe_l(): pipe destroyed
05-25 09:25:07.998  3390  3390 F libc    : Fatal signal 11 (SIGSEGV), code 1, fault addr 0x0 in tid 3390 (mediaserver)
05-25 09:25:07.998  3035  3035 I DEBUG   : property debug.db.uid not set; NOT waiting for gdb.
05-25 09:25:07.998  3035  3035 I DEBUG   : HINT: adb shell setprop debug.db.uid 100000
05-25 09:25:07.998  3035  3035 I DEBUG   : HINT: adb forward tcp:5039 tcp:5039
05-25 09:25:08.024  2895  2895 E         : invalid gralloc handle (at 0x7f81a16540)
05-25 09:25:08.024  2895  2895 E         : Runtime and build version of gralloc private structure does not match. Errors will likely follow.
05-25 09:25:08.027  2895  2895 E gralloc : invalid gralloc handle (at 0x7f81a16540)
05-25 09:25:08.027  2895  2895 E SurfaceFlinger: error posting framebuffer: -22
05-25 09:25:08.048  3035  3035 F DEBUG   : *** *** *** *** *** *** *** *** *** *** *** *** *** *** *** ***
05-25 09:25:08.048  3035  3035 F DEBUG   : Build fingerprint: 'samsung/cm_hero2ltexx/hero2ltexx:6.0.1/MOB30J/5d66e77688:eng/test-keys'
05-25 09:25:08.048  3035  3035 F DEBUG   : Revision: '0'
05-25 09:25:08.048  3035  3035 F DEBUG   : ABI: 'arm'
05-25 09:25:08.048  3035  3035 F DEBUG   : pid: 3390, tid: 3390, name: mediaserver  >>> /system/bin/mediaserver <<<
05-25 09:25:08.048  3035  3035 F DEBUG   : signal 11 (SIGSEGV), code 1 (SEGV_MAPERR), fault addr 0x0
05-25 09:25:08.051  3035  3035 F DEBUG   :     r0 f461e8f4  r1 00000000  r2 65732020  r3 00000007
05-25 09:25:08.051  3035  3035 F DEBUG   :     r4 00000008  r5 f461e8f2  r6 f703bbe0  r7 ff95dcc4
05-25 09:25:08.051  3035  3035 F DEBUG   :     r8 f467e00c  r9 f7039431  sl f7039635  fp f461e8f2
05-25 09:25:08.051  3035  3035 F DEBUG   :     ip 00000000  sp ff95dc80  lr f70344f7  pc f6b873c8  cpsr 600f0010
05-25 09:25:08.052  3035  3035 F DEBUG   : 
05-25 09:25:08.052  3035  3035 F DEBUG   : backtrace:
05-25 09:25:08.052  3035  3035 F DEBUG   :     #00 pc 000183c8  /system/lib/libc.so (strcmp+152)
05-25 09:25:08.052  3035  3035 F DEBUG   :     #01 pc 000084f3  /system/lib/libaudiopolicyservice.so
05-25 09:25:08.052  3035  3035 F DEBUG   :     #02 pc 0001fcc0  [stack]
05-25 09:25:08.091  2895  2895 E         : invalid gralloc handle (at 0x7f81a16690)
05-25 09:25:08.091  2895  2895 E         : Runtime and build version of gralloc private structure does not match. Errors will likely follow.
05-25 09:25:08.092  3035  3035 F DEBUG   : 
05-25 09:25:08.092  3035  3035 F DEBUG   : Tombstone written to: /data/tombstones/tombstone_07
05-25 09:25:08.079  3390  3390 W mediaserver: type=1701 audit(0.0:144): auid=4294967295 uid=1013 gid=1005 ses=4294967295 exe="/system/bin/mediaserver" sig=11
05-25 09:25:08.094  2894  2894 I ServiceManager: service 'media.audio_flinger' died
05-25 09:25:08.094  2894  2894 I ServiceManager: service 'media.player' died
05-25 09:25:08.094  2894  2894 I ServiceManager: service 'media.resource_manager' died
05-25 09:25:08.094  2894  2894 I ServiceManager: service 'media.camera' died
05-25 09:25:08.095  2895  2895 E gralloc : invalid gralloc handle (at 0x7f81a16690)
05-25 09:25:08.095  2895  2895 E SurfaceFlinger: error posting framebuffer: -22
05-25 09:25:08.125  2895  2895 E         : invalid gralloc handle (at 0x7f81a16620)
05-25 09:25:08.125  2895  2895 E         : Runtime and build version of gralloc private structure does not match. Errors will likely follow.
05-25 09:25:08.128  2895  2895 E gralloc : invalid gralloc handle (at 0x7f81a16620)
05-25 09:25:08.128  2895  2895 E SurfaceFlinger: error posting framebuffer: -22
05-25 09:25:08.159  2895  2895 E         : invalid gralloc handle (at 0x7f81a165b0)
05-25 09:25:08.159  2895  2895 E         : Runtime and build version of gralloc private structure does not match. Errors will likely follow.
05-25 09:25:08.163  2895  2895 E gralloc : invalid gralloc handle (at 0x7f81a165b0)
05-25 09:25:08.163  2895  2895 E SurfaceFlinger: error posting framebuffer: -22
05-25 09:25:08.192  2895  2895 E         : invalid gralloc handle (at 0x7f81a16540)
05-25 09:25:08.192  2895  2895 E         : Runtime and build version of gralloc private structure does not match. Errors will likely follow.
05-25 09:25:08.196  2895  2895 E gralloc : invalid gralloc handle (at 0x7f81a16540)
05-25 09:25:08.196  2895  2895 E SurfaceFlinger: error posting framebuffer: -22
05-25 09:25:08.260  2895  2895 E         : invalid gralloc handle (at 0x7f81a16690)
05-25 09:25:08.260  2895  2895 E         : Runtime and build version of gralloc private structure does not match. Errors will likely follow.
05-25 09:25:08.263  2895  2895 E gralloc : invalid gralloc handle (at 0x7f81a16690)
05-25 09:25:08.263  2895  2895 E SurfaceFlinger: error posting framebuffer: -22
05-25 09:25:08.293  2895  2895 E         : invalid gralloc handle (at 0x7f81a16620)
05-25 09:25:08.293  2895  2895 E         : Runtime and build version of gralloc private structure does not match. Errors will likely follow.
05-25 09:25:08.297  2895  2895 E gralloc : invalid gralloc handle (at 0x7f81a16620)
05-25 09:25:08.297  2895  2895 E SurfaceFlinger: error posting framebuffer: -22
05-25 09:25:08.327  2895  2895 E         : invalid gralloc handle (at 0x7f81a165b0)
05-25 09:25:08.327  2895  2895 E         : Runtime and build version of gralloc private structure does not match. Errors will likely follow.
05-25 09:25:08.331  2895  2895 E gralloc : invalid gralloc handle (at 0x7f81a165b0)
05-25 09:25:08.331  2895  2895 E SurfaceFlinger: error posting framebuffer: -22
05-25 09:25:08.361  2895  2895 E         : invalid gralloc handle (at 0x7f81a16540)
05-25 09:25:08.361  2895  2895 E         : Runtime and build version of gralloc private structure does not match. Errors will likely follow.
05-25 09:25:08.364  2895  2895 E gralloc : invalid gralloc handle (at 0x7f81a16540)
05-25 09:25:08.364  2895  2895 E SurfaceFlinger: error posting framebuffer: -22
05-25 09:25:08.428  2895  2895 E         : invalid gralloc handle (at 0x7f81a16690)
05-25 09:25:08.428  2895  2895 E         : Runtime and build version of gralloc private structure does not match. Errors will likely follow.
05-25 09:25:08.432  2895  2895 E gralloc : invalid gralloc handle (at 0x7f81a16690)
05-25 09:25:08.432  2895  2895 E SurfaceFlinger: error posting framebuffer: -22
05-25 09:25:08.462  2895  2895 E         : invalid gralloc handle (at 0x7f81a16620)
05-25 09:25:08.462  2895  2895 E         : Runtime and build version of gralloc private structure does not match. Errors will likely follow.
05-25 09:25:08.466  2895  2895 E gralloc : invalid gralloc handle (at 0x7f81a16620)
05-25 09:25:08.466  2895  2895 E SurfaceFlinger: error posting framebuffer: -22
05-25 09:25:08.496  2895  2895 E         : invalid gralloc handle (at 0x7f81a165b0)
05-25 09:25:08.496  2895  2895 E         : Runtime and build version of gralloc private structure does not match. Errors will likely follow.
05-25 09:25:08.499  2895  2895 E gralloc : invalid gralloc handle (at 0x7f81a165b0)
05-25 09:25:08.499  2895  2895 E SurfaceFlinger: error posting framebuffer: -22
05-25 09:25:08.518  3331  3331 W Zygote  : Got error connecting to zygote, retrying. msg= No such file or directory
05-25 09:25:08.529  2895  2895 E         : invalid gralloc handle (at 0x7f81a16540)
05-25 09:25:08.529  2895  2895 E         : Runtime and build version of gralloc private structure does not match. Errors will likely follow.
05-25 09:25:08.533  2895  2895 E gralloc : invalid gralloc handle (at 0x7f81a16540)
05-25 09:25:08.533  2895  2895 E SurfaceFlinger: error posting framebuffer: -22
05-25 09:25:08.597  2895  2895 E         : invalid gralloc handle (at 0x7f81a16690)
05-25 09:25:08.597  2895  2895 E         : Runtime and build version of gralloc private structure does not match. Errors will likely follow.
05-25 09:25:08.601  2895  2895 E gralloc : invalid gralloc handle (at 0x7f81a16690)
05-25 09:25:08.601  2895  2895 E SurfaceFlinger: error posting framebuffer: -22
05-25 09:25:08.630  2895  2895 E         : invalid gralloc handle (at 0x7f81a16620)
05-25 09:25:08.630  2895  2895 E         : Runtime and build version of gralloc private structure does not match. Errors will likely follow.
05-25 09:25:08.634  2895  2895 E gralloc : invalid gralloc handle (at 0x7f81a16620)
05-25 09:25:08.634  2895  2895 E SurfaceFlinger: error posting framebuffer: -22
05-25 09:25:08.647  2895  2895 E         : invalid gralloc handle (at 0x7f81a165b0)
05-25 09:25:08.647  2895  2895 E         : Runtime and build version of gralloc private structure does not match. Errors will likely follow.
05-25 09:25:08.651  2895  2895 E gralloc : invalid gralloc handle (at 0x7f81a165b0)
05-25 09:25:08.651  2895  2895 E SurfaceFlinger: error posting framebuffer: -22
05-25 09:25:08.681  2895  2895 E         : invalid gralloc handle (at 0x7f81a16540)
05-25 09:25:08.681  2895  2895 E         : Runtime and build version of gralloc private structure does not match. Errors will likely follow.
05-25 09:25:08.685  2895  2895 E gralloc : invalid gralloc handle (at 0x7f81a16540)
05-25 09:25:08.685  2895  2895 E SurfaceFlinger: error posting framebuffer: -22
05-25 09:25:08.748  2895  2895 E         : invalid gralloc handle (at 0x7f81a16690)
05-25 09:25:08.748  2895  2895 E         : Runtime and build version of gralloc private structure does not match. Errors will likely follow.
05-25 09:25:08.752  2895  2895 E gralloc : invalid gralloc handle (at 0x7f81a16690)
05-25 09:25:08.752  2895  2895 E SurfaceFlinger: error posting framebuffer: -22
05-25 09:25:08.782  2895  2895 E         : invalid gralloc handle (at 0x7f81a16620)
05-25 09:25:08.782  2895  2895 E         : Runtime and build version of gralloc private structure does not match. Errors will likely follow.
05-25 09:25:08.786  2895  2895 E gralloc : invalid gralloc handle (at 0x7f81a16620)
05-25 09:25:08.786  2895  2895 E SurfaceFlinger: error posting framebuffer: -22
05-25 09:25:08.816  2895  2895 E         : invalid gralloc handle (at 0x7f81a165b0)
05-25 09:25:08.816  2895  2895 E         : Runtime and build version of gralloc private structure does not match. Errors will likely follow.
05-25 09:25:08.820  2895  2895 E gralloc : invalid gralloc handle (at 0x7f81a165b0)
05-25 09:25:08.820  2895  2895 E SurfaceFlinger: error posting framebuffer: -22
05-25 09:25:08.850  2895  2895 E         : invalid gralloc handle (at 0x7f81a16540)
05-25 09:25:08.850  2895  2895 E         : Runtime and build version of gralloc private structure does not match. Errors will likely follow.
05-25 09:25:08.853  2895  2895 E gralloc : invalid gralloc handle (at 0x7f81a16540)
05-25 09:25:08.853  2895  2895 E SurfaceFlinger: error posting framebuffer: -22
05-25 09:25:08.917  2895  2895 E         : invalid gralloc handle (at 0x7f81a16690)
05-25 09:25:08.917  2895  2895 E         : Runtime and build version of gralloc private structure does not match. Errors will likely follow.
05-25 09:25:08.921  2895  2895 E gralloc : invalid gralloc handle (at 0x7f81a16690)
05-25 09:25:08.921  2895  2895 E SurfaceFlinger: error posting framebuffer: -22
05-25 09:25:08.951  2895  2895 E         : invalid gralloc handle (at 0x7f81a16620)
05-25 09:25:08.951  2895  2895 E         : Runtime and build version of gralloc private structure does not match. Errors will likely follow.
05-25 09:25:08.954  2895  2895 E gralloc : invalid gralloc handle (at 0x7f81a16620)
05-25 09:25:08.954  2895  2895 E SurfaceFlinger: error posting framebuffer: -22
05-25 09:25:08.985  2895  2895 E         : invalid gralloc handle (at 0x7f81a165b0)
05-25 09:25:08.985  2895  2895 E         : Runtime and build version of gralloc private structure does not match. Errors will likely follow.
05-25 09:25:08.988  2895  2895 E gralloc : invalid gralloc handle (at 0x7f81a165b0)
05-25 09:25:08.988  2895  2895 E SurfaceFlinger: error posting framebuffer: -22
05-25 09:25:09.018  2895  2895 E         : invalid gralloc handle (at 0x7f81a16540)
05-25 09:25:09.018  2895  2895 E         : Runtime and build version of gralloc private structure does not match. Errors will likely follow.
05-25 09:25:09.022  2895  2895 E gralloc : invalid gralloc handle (at 0x7f81a16540)
05-25 09:25:09.022  2895  2895 E SurfaceFlinger: error posting framebuffer: -22
05-25 09:25:09.086  2895  2895 E         : invalid gralloc handle (at 0x7f81a16690)
05-25 09:25:09.086  2895  2895 E         : Runtime and build version of gralloc private structure does not match. Errors will likely follow.
05-25 09:25:09.089  2895  2895 E gralloc : invalid gralloc handle (at 0x7f81a16690)
05-25 09:25:09.089  2895  2895 E SurfaceFlinger: error posting framebuffer: -22
05-25 09:25:09.119  2895  2895 E         : invalid gralloc handle (at 0x7f81a16620)
05-25 09:25:09.119  2895  2895 E         : Runtime and build version of gralloc private structure does not match. Errors will likely follow.
05-25 09:25:09.123  2895  2895 E gralloc : invalid gralloc handle (at 0x7f81a16620)
05-25 09:25:09.123  2895  2895 E SurfaceFlinger: error posting framebuffer: -22
05-25 09:25:09.153  2895  2895 E         : invalid gralloc handle (at 0x7f81a165b0)
05-25 09:25:09.153  2895  2895 E         : Runtime and build version of gralloc private structure does not match. Errors will likely follow.
05-25 09:25:09.157  2895  2895 E gralloc : invalid gralloc handle (at 0x7f81a165b0)
05-25 09:25:09.157  2895  2895 E SurfaceFlinger: error posting framebuffer: -22
05-25 09:25:09.187  2895  2895 E         : invalid gralloc handle (at 0x7f81a16540)
05-25 09:25:09.187  2895  2895 E         : Runtime and build version of gralloc private structure does not match. Errors will likely follow.
05-25 09:25:09.191  2895  2895 E gralloc : invalid gralloc handle (at 0x7f81a16540)
05-25 09:25:09.191  2895  2895 E SurfaceFlinger: error posting framebuffer: -22
05-25 09:25:09.254  2895  2895 E         : invalid gralloc handle (at 0x7f81a16690)
05-25 09:25:09.254  2895  2895 E         : Runtime and build version of gralloc private structure does not match. Errors will likely follow.
05-25 09:25:09.258  2895  2895 E gralloc : invalid gralloc handle (at 0x7f81a16690)
05-25 09:25:09.258  2895  2895 E SurfaceFlinger: error posting framebuffer: -22
05-25 09:25:09.288  2895  2895 E         : invalid gralloc handle (at 0x7f81a16620)
05-25 09:25:09.288  2895  2895 E         : Runtime and build version of gralloc private structure does not match. Errors will likely follow.
05-25 09:25:09.292  2895  2895 E gralloc : invalid gralloc handle (at 0x7f81a16620)
05-25 09:25:09.292  2895  2895 E SurfaceFlinger: error posting framebuffer: -22
05-25 09:25:09.322  2895  2895 E         : invalid gralloc handle (at 0x7f81a165b0)
05-25 09:25:09.322  2895  2895 E         : Runtime and build version of gralloc private structure does not match. Errors will likely follow.
05-25 09:25:09.325  2895  2895 E gralloc : invalid gralloc handle (at 0x7f81a165b0)
05-25 09:25:09.325  2895  2895 E SurfaceFlinger: error posting framebuffer: -22
05-25 09:25:09.356  2895  2895 E         : invalid gralloc handle (at 0x7f81a16540)
05-25 09:25:09.356  2895  2895 E         : Runtime and build version of gralloc private structure does not match. Errors will likely follow.
05-25 09:25:09.359  2895  2895 E gralloc : invalid gralloc handle (at 0x7f81a16540)
05-25 09:25:09.360  2895  2895 E SurfaceFlinger: error posting framebuffer: -22
05-25 09:25:09.423  2895  2895 E         : invalid gralloc handle (at 0x7f81a16690)
05-25 09:25:09.423  2895  2895 E         : Runtime and build version of gralloc private structure does not match. Errors will likely follow.
05-25 09:25:09.427  2895  2895 E gralloc : invalid gralloc handle (at 0x7f81a16690)
05-25 09:25:09.427  2895  2895 E SurfaceFlinger: error posting framebuffer: -22
05-25 09:25:09.457  2895  2895 E         : invalid gralloc handle (at 0x7f81a16620)
05-25 09:25:09.457  2895  2895 E         : Runtime and build version of gralloc private structure does not match. Errors will likely follow.
05-25 09:25:09.460  2895  2895 E gralloc : invalid gralloc handle (at 0x7f81a16620)
05-25 09:25:09.460  2895  2895 E SurfaceFlinger: error posting framebuffer: -22
05-25 09:25:09.490  2895  2895 E         : invalid gralloc handle (at 0x7f81a165b0)
05-25 09:25:09.490  2895  2895 E         : Runtime and build version of gralloc private structure does not match. Errors will likely follow.
05-25 09:25:09.494  2895  2895 E gralloc : invalid gralloc handle (at 0x7f81a165b0)
05-25 09:25:09.494  2895  2895 E SurfaceFlinger: error posting framebuffer: -22
05-25 09:25:09.519  3331  3331 W Zygote  : Got error connecting to zygote, retrying. msg= No such file or directory
05-25 09:25:09.524  2895  2895 E         : invalid gralloc handle (at 0x7f81a16540)
05-25 09:25:09.524  2895  2895 E         : Runtime and build version of gralloc private structure does not match. Errors will likely follow.
05-25 09:25:09.528  2895  2895 E gralloc : invalid gralloc handle (at 0x7f81a16540)
05-25 09:25:09.528  2895  2895 E SurfaceFlinger: error posting framebuffer: -22
05-25 09:25:09.591  2895  2895 E         : invalid gralloc handle (at 0x7f81a16690)
05-25 09:25:09.591  2895  2895 E         : Runtime and build version of gralloc private structure does not match. Errors will likely follow.
05-25 09:25:09.595  2895  2895 E gralloc : invalid gralloc handle (at 0x7f81a16690)
05-25 09:25:09.595  2895  2895 E SurfaceFlinger: error posting framebuffer: -22
05-25 09:25:09.625  2895  2895 E         : invalid gralloc handle (at 0x7f81a16620)
05-25 09:25:09.625  2895  2895 E         : Runtime and build version of gralloc private structure does not match. Errors will likely follow.
05-25 09:25:09.629  2895  2895 E gralloc : invalid gralloc handle (at 0x7f81a16620)
05-25 09:25:09.629  2895  2895 E SurfaceFlinger: error posting framebuffer: -22
05-25 09:25:09.659  2895  2895 E         : invalid gralloc handle (at 0x7f81a165b0)
05-25 09:25:09.659  2895  2895 E         : Runtime and build version of gralloc private structure does not match. Errors will likely follow.
05-25 09:25:09.663  2895  2895 E gralloc : invalid gralloc handle (at 0x7f81a165b0)
05-25 09:25:09.663  2895  2895 E SurfaceFlinger: error posting framebuffer: -22
05-25 09:25:09.693  2895  2895 E         : invalid gralloc handle (at 0x7f81a16540)
05-25 09:25:09.693  2895  2895 E         : Runtime and build version of gralloc private structure does not match. Errors will likely follow.
05-25 09:25:09.697  2895  2895 E gralloc : invalid gralloc handle (at 0x7f81a16540)
05-25 09:25:09.697  2895  2895 E SurfaceFlinger: error posting framebuffer: -22
05-25 09:25:09.760  2895  2895 E         : invalid gralloc handle (at 0x7f81a16690)
05-25 09:25:09.760  2895  2895 E         : Runtime and build version of gralloc private structure does not match. Errors will likely follow.
05-25 09:25:09.764  2895  2895 E gralloc : invalid gralloc handle (at 0x7f81a16690)
