06-30 17:41:16.532  2920  2920 I lowmemorykiller: ActivityManager connected
06-30 17:41:16.537  4726  4726 I SystemServiceManager: Starting com.android.server.BatteryService
06-30 17:41:16.537  4726  4756 I         : System server: starting sensor init.
06-30 17:41:16.537  4726  4756 D SensorService: nuSensorService starting...
06-30 17:41:16.538  4726  4756 I Sensors : getName:gyro_sensor name = K6DS3TR.
06-30 17:41:16.539  4726  4756 I Sensors : Proximity old sensor_state 0, new sensor_state : 128 en : 1
06-30 17:41:16.548  4726  4726 I SystemServiceManager: Starting com.android.server.usage.UsageStatsService
06-30 17:41:16.549  4726  4756 I Sensors : Light old sensor_state 128, new sensor_state : 640 en : 1
06-30 17:41:16.551  2922  2922 W display : release fence dup failed: Bad file descriptor
06-30 17:41:16.554  4726  4756 I Sensors : Light_IR old sensor_state 640, new sensor_state : 16777856 en : 1
06-30 17:41:16.554  4726  4756 E Sensors : Light_IR_Sensor write failed. ret = -1, sensor_state = 16777856
06-30 17:41:16.555  4726  4756 I Sensors : SigMotionSensor old sensor_state 640, new sensor_state : 17024 en : 1
06-30 17:41:16.560  4726  4756 I Sensors : getName:gyro_sensor name = K6DS3TR.
06-30 17:41:16.561  4726  4756 I Sensors : StepCounterSensor old sensor_state 17024, new sensor_state : 279168 en : 1
06-30 17:41:16.561  4726  4756 E Sensors : StepCounterSensor write failed. ret = -1, sensor_state = 279168
06-30 17:41:16.561  4726  4756 I Sensors : Int.Gyro old sensor_state 17024, new sensor_state : 33571456 en : 1
06-30 17:41:16.561  4726  4756 E Sensors : Int.GyroSensor write failed. ret = -1, sensor_state = 33571456
06-30 17:41:16.561  4726  4756 I Sensors : getName:gyro_sensor name = K6DS3TR.
06-30 17:41:16.561  4726  4756 I Sensors : HrmSpO2Sensor:: part type = 12.
06-30 17:41:16.561  4726  4756 D Sensors : HrmSpO2Sensor::type:12, prox threshold:10000
06-30 17:41:16.561  4726  4756 D Sensors : HrmSpO2Sensor::handle:0 ,en:1
06-30 17:41:16.561  4726  4756 E Sensors : HrmSpO2Sensor::Error MAXIM Flicker Library...handle=0x0
06-30 17:41:16.561  4726  4756 D Sensors : HrmSpO2Sensor::HrmSpO2Sensor: Shared version Registered
06-30 17:41:16.561  4726  4756 D Sensors : HrmLedSensor enable: mEnabled 0, handle 20, en 1
06-30 17:41:16.561  4726  4756 D Sensors : HRMSensor led enabled:1, en:1
06-30 17:41:16.566  4726  4756 I Sensors : getVendor:hrm_sensor vendor = MAXIM.
06-30 17:41:16.566  4726  4756 I Sensors : HrmLedSensor: HrmLedSensor vendor = MAXIM.
06-30 17:41:16.566  4726  4756 D Sensors : HRMSensor_LED::libhr open start!! 
06-30 17:41:16.566  4726  4756 E Sensors : HRMSensor_LED::libhr open failed 
06-30 17:41:16.566  4726  4756 E Sensors : GripSensor: enable
06-30 17:41:16.585  2922  2922 W display : release fence dup failed: Bad file descriptor
06-30 17:41:16.592  4726  4756 I Sensors : Proximity old sensor_state 17024, new sensor_state : 16896 en : 0
06-30 17:41:16.592  4726  4756 I Sensors : Light old sensor_state 16896, new sensor_state : 16384 en : 0
06-30 17:41:16.592  4726  4756 I Sensors : SigMotionSensor old sensor_state 16384, new sensor_state : 0 en : 0
06-30 17:41:16.592  4726  4756 E Sensors : GripSensor: enable
06-30 17:41:16.592  4726  4756 D Sensors : HrmSpO2Sensor::handle:19 ,en:0
06-30 17:41:16.592  4726  4756 D Sensors : HrmSpO2Sensor::isEnabled:0 ,en:0, mEn:0
06-30 17:41:16.592  4726  4756 D Sensors : HrmSpO2Sensor::handle:28 ,en:0
06-30 17:41:16.592  4726  4756 D Sensors : HrmSpO2Sensor::isEnabled:0 ,en:0, mEn:0
06-30 17:41:16.592  4726  4756 D Sensors : HrmLedSensor enable: mEnabled 1, handle 20, en 0
06-30 17:41:16.592  4726  4756 D Sensors : HRMSensor_LED::enable 
06-30 17:41:16.592  4726  4756 D Sensors : HRMSensor led enabled:0, en:0
06-30 17:41:16.594  4726  4756 D Sensors : HrmLedSensor enable: mEnabled 0, handle 21, en 0
06-30 17:41:16.594  4726  4756 D Sensors : HrmLedSensor isEnabled:0 ,en:0
06-30 17:41:16.594  4726  4756 D Sensors : HrmSpO2Sensor::handle:18 ,en:0
06-30 17:41:16.594  4726  4756 D Sensors : HrmSpO2Sensor::isEnabled:0 ,en:0, mEn:0
06-30 17:41:16.594  4726  4756 I         : System server: sensor init done.
06-30 17:41:16.594  4726  4757 D SensorService: new thread SensorEventAckReceiver
06-30 17:41:16.602  4726  4758 D SensorService: nuSensorService thread starting...
06-30 17:41:16.619  2922  2922 W display : release fence dup failed: Bad file descriptor
06-30 17:41:16.652  4726  4726 I UsageStatsService: User[0] Rollover scheduled @ 2016-07-01 00:00:00(1467331200000)
06-30 17:41:16.653  2922  2922 W display : release fence dup failed: Bad file descriptor
06-30 17:41:16.655  4726  4726 I SystemServiceManager: Starting com.android.server.webkit.WebViewUpdateService
06-30 17:41:16.656  4726  4726 I SystemServer: Reading configuration...
06-30 17:41:16.656  4726  4726 I SystemServer: Scheduling Policy
06-30 17:41:16.657  4726  4726 I SystemServiceManager: Starting com.android.server.telecom.TelecomLoaderService
06-30 17:41:16.658  4726  4726 I SystemServer: Telephony Registry
06-30 17:41:16.666  4726  4726 I SystemServer: Entropy Mixer
06-30 17:41:16.687  2922  2922 W display : release fence dup failed: Bad file descriptor
06-30 17:41:16.692  4726  4726 I EntropyMixer: Added HW RNG output to entropy pool
06-30 17:41:16.692  4726  4726 I EntropyMixer: Writing entropy...
06-30 17:41:16.705  4726  4726 I SystemServer: Camera Service
06-30 17:41:16.705  4726  4726 I SystemServiceManager: Starting com.android.server.camera.CameraService
06-30 17:41:16.707  4726  4759 I ServiceThread: Enabled StrictMode logging for CameraService_proxy looper.
06-30 17:41:16.708  4726  4726 I SystemServer: Account Manager
06-30 17:41:16.727  4726  4726 I SystemServer: Content Manager
06-30 17:41:16.732  4726  4726 I SystemServer: System Content Providers
06-30 17:41:16.737  4726  4726 W System  : ClassLoader referenced unknown path: /system/priv-app/CMSettingsProvider/lib/arm64
06-30 17:41:16.738  2922  2922 W display : release fence dup failed: Bad file descriptor
06-30 17:41:16.752  4726  4726 W System  : ClassLoader referenced unknown path: /system/priv-app/SettingsProvider/lib/arm64
06-30 17:41:16.755  2922  2922 W display : release fence dup failed: Bad file descriptor
06-30 17:41:16.789  2922  2922 W display : release fence dup failed: Bad file descriptor
06-30 17:41:16.789  4726  4726 I SystemServer: Vibrator Service
06-30 17:41:16.794  4726  4726 I SystemServer: Consumer IR Service
06-30 17:41:16.795  4726  4726 E ConsumerIrService: Can't open consumer IR HW Module, error: -2
06-30 17:41:16.795  4726  4726 E System  : ******************************************
06-30 17:41:16.795  4726  4726 E System  : ************ Failure starting core service
06-30 17:41:16.795  4726  4726 E System  : java.lang.RuntimeException: FEATURE_CONSUMER_IR present, but no IR HAL loaded!
06-30 17:41:16.795  4726  4726 E System  : 	at com.android.server.ConsumerIrService.<init>(ConsumerIrService.java:51)
06-30 17:41:16.795  4726  4726 E System  : 	at com.android.server.SystemServer.startOtherServices(SystemServer.java:508)
06-30 17:41:16.795  4726  4726 E System  : 	at com.android.server.SystemServer.run(SystemServer.java:290)
06-30 17:41:16.795  4726  4726 E System  : 	at com.android.server.SystemServer.main(SystemServer.java:175)
06-30 17:41:16.795  4726  4726 E System  : 	at java.lang.reflect.Method.invoke(Native Method)
06-30 17:41:16.795  4726  4726 E System  : 	at com.android.internal.os.ZygoteInit$MethodAndArgsCaller.run(ZygoteInit.java:726)
06-30 17:41:16.795  4726  4726 E System  : 	at com.android.internal.os.ZygoteInit.main(ZygoteInit.java:616)
06-30 17:41:16.795  4726  4726 I SystemServer: Input Method Service
06-30 17:41:16.822  2922  2922 W display : release fence dup failed: Bad file descriptor
06-30 17:41:16.831  4726  4726 W InputMethodManagerService: No IME selected. Choose the most applicable IME.
06-30 17:41:16.831  4726  4726 I InputMethodManagerService: Default found, using com.android.inputmethod.latin/.LatinIME
06-30 17:41:16.835  4726  4726 I SystemServer: Accessibility Manager
06-30 17:41:16.846  4726  4726 W SystemServer: ***********************************************
06-30 17:41:16.846  4726  4726 E SystemServer: BOOT FAILURE making display ready
06-30 17:41:16.846  4726  4726 E SystemServer: java.lang.NullPointerException: Attempt to invoke virtual method 'void com.android.server.wm.WindowManagerService.displayReady()' on a null object reference
06-30 17:41:16.846  4726  4726 E SystemServer: 	at com.android.server.SystemServer.startOtherServices(SystemServer.java:590)
06-30 17:41:16.846  4726  4726 E SystemServer: 	at com.android.server.SystemServer.run(SystemServer.java:290)
06-30 17:41:16.846  4726  4726 E SystemServer: 	at com.android.server.SystemServer.main(SystemServer.java:175)
06-30 17:41:16.846  4726  4726 E SystemServer: 	at java.lang.reflect.Method.invoke(Native Method)
06-30 17:41:16.846  4726  4726 E SystemServer: 	at com.android.internal.os.ZygoteInit$MethodAndArgsCaller.run(ZygoteInit.java:726)
06-30 17:41:16.846  4726  4726 E SystemServer: 	at com.android.internal.os.ZygoteInit.main(ZygoteInit.java:616)
06-30 17:41:16.848  4726  4726 I SystemServiceManager: Starting com.android.server.MountService$Lifecycle
06-30 17:41:16.856  2922  2922 W display : release fence dup failed: Bad file descriptor
06-30 17:41:16.862  4726  4763 D MountService: Thinking about reset, mSystemReady=false, mDaemonConnected=true
06-30 17:41:16.863  4726  4763 D MountService: Thinking about reset, mSystemReady=false, mDaemonConnected=true
06-30 17:41:16.863  4726  4763 D CryptdConnector: SND -> {1 cryptfs getfield SystemLocale}
06-30 17:41:16.863  4726  4726 I SystemServiceManager: Starting com.android.server.UiModeManagerService
06-30 17:41:16.864  2908  2949 I Ext4Crypt: ext4 crypto complete called on /data
06-30 17:41:16.864  2908  2949 I Ext4Crypt: No master key, so not ext4enc
06-30 17:41:16.866  4726  4726 I ActivityManager: Config changes=200 {1.0 ?mcc?mnc en_US ldltr ?swdp ?wdp ?hdp ?density ?lsize ?long ?orien ?touch ?keyb/?/? ?nav/? s.2 themeResource=null}
06-30 17:41:16.867  4726  4765 D CryptdConnector: RCV <- {200 1 -1}
06-30 17:41:16.869  4726  4763 W MountService: No primary storage mounted!
06-30 17:41:16.869  4726  4763 D VoldConnector: SND -> {1 asec list}
06-30 17:41:16.870  4726  4764 D VoldConnector: RCV <- {200 1 asec operation succeeded}
06-30 17:41:16.871  4726  4763 I PackageManager: No secure containers found
06-30 17:41:16.872  4726  4726 E System  : ******************************************
06-30 17:41:16.872  4726  4726 E System  : ************ Failure starting system services
06-30 17:41:16.872  4726  4726 E System  : java.lang.NullPointerException: Attempt to invoke virtual method 'void com.android.server.wm.WindowManagerService.showBootMessage(java.lang.CharSequence, boolean)' on a null object reference
06-30 17:41:16.872  4726  4726 E System  : 	at com.android.server.am.ActivityManagerService.showBootMessage(ActivityManagerService.java:6565)
06-30 17:41:16.872  4726  4726 E System  : 	at com.android.server.SystemServer.startOtherServices(SystemServer.java:623)
06-30 17:41:16.872  4726  4726 E System  : 	at com.android.server.SystemServer.run(SystemServer.java:290)
06-30 17:41:16.872  4726  4726 E System  : 	at com.android.server.SystemServer.main(SystemServer.java:175)
06-30 17:41:16.872  4726  4726 E System  : 	at java.lang.reflect.Method.invoke(Native Method)
06-30 17:41:16.872  4726  4726 E System  : 	at com.android.internal.os.ZygoteInit$MethodAndArgsCaller.run(ZygoteInit.java:726)
06-30 17:41:16.872  4726  4726 E System  : 	at com.android.internal.os.ZygoteInit.main(ZygoteInit.java:616)
06-30 17:41:16.872  4726  4726 D AndroidRuntime: Shutting down VM
06-30 17:41:16.873  4726  4726 E AndroidRuntime: *** FATAL EXCEPTION IN SYSTEM PROCESS: main
06-30 17:41:16.873  4726  4726 E AndroidRuntime: java.lang.NullPointerException: Attempt to invoke virtual method 'void com.android.server.wm.WindowManagerService.showBootMessage(java.lang.CharSequence, boolean)' on a null object reference
06-30 17:41:16.873  4726  4726 E AndroidRuntime: 	at com.android.server.am.ActivityManagerService.showBootMessage(ActivityManagerService.java:6565)
06-30 17:41:16.873  4726  4726 E AndroidRuntime: 	at com.android.server.SystemServer.startOtherServices(SystemServer.java:623)
06-30 17:41:16.873  4726  4726 E AndroidRuntime: 	at com.android.server.SystemServer.run(SystemServer.java:290)
06-30 17:41:16.873  4726  4726 E AndroidRuntime: 	at com.android.server.SystemServer.main(SystemServer.java:175)
06-30 17:41:16.873  4726  4726 E AndroidRuntime: 	at java.lang.reflect.Method.invoke(Native Method)
06-30 17:41:16.873  4726  4726 E AndroidRuntime: 	at com.android.internal.os.ZygoteInit$MethodAndArgsCaller.run(ZygoteInit.java:726)
06-30 17:41:16.873  4726  4726 E AndroidRuntime: 	at com.android.internal.os.ZygoteInit.main(ZygoteInit.java:616)
06-30 17:41:16.874  4726  4726 I Process : Sending signal. PID: 4726 SIG: 9
06-30 17:41:16.890  2922  2922 W display : release fence dup failed: Bad file descriptor
06-30 17:41:16.898  2937  2937 E installd: eof
06-30 17:41:16.898  2937  2937 E installd: failed to read size
06-30 17:41:16.898  2937  2937 I installd: closing connection
06-30 17:41:16.898  2921  2921 I ServiceManager: service 'usagestats' died
06-30 17:41:16.898  2920  2920 I lowmemorykiller: ActivityManager disconnected
06-30 17:41:16.898  2920  2920 I lowmemorykiller: Closing Activity Manager data connection
06-30 17:41:16.899  2921  2921 I ServiceManager: service 'permission' died
06-30 17:41:16.899  2921  2921 I ServiceManager: service 'batterymanager' died
06-30 17:41:16.899  2921  2921 I ServiceManager: service 'processinfo' died
06-30 17:41:16.899  2921  2921 I ServiceManager: service 'webviewupdate' died
06-30 17:41:16.899  2921  2921 I ServiceManager: service 'scheduling_policy' died
06-30 17:41:16.899  2921  2921 I ServiceManager: service 'telephony.registry' died
06-30 17:41:16.899  2921  2921 I ServiceManager: service 'media.camera.proxy' died
06-30 17:41:16.899  2921  2921 I ServiceManager: service 'account' died
06-30 17:41:16.899  2921  2921 I ServiceManager: service 'content' died
06-30 17:41:16.899  2921  2921 I ServiceManager: service 'gfxinfo' died
06-30 17:41:16.899  2921  2921 I ServiceManager: service 'cpuinfo' died
06-30 17:41:16.899  2921  2921 I ServiceManager: service 'dbinfo' died
06-30 17:41:16.899  2921  2921 I ServiceManager: service 'vibrator' died
06-30 17:41:16.899  2921  2921 I ServiceManager: service 'input_method' died
06-30 17:41:16.899  2921  2921 I ServiceManager: service 'accessibility' died
06-30 17:41:16.899  2921  2921 I ServiceManager: service 'uimode' died
06-30 17:41:16.899  2921  2921 I ServiceManager: service 'mount' died
06-30 17:41:16.899  2921  2921 I ServiceManager: service 'user' died
06-30 17:41:16.899  2921  2921 I ServiceManager: service 'procstats' died
06-30 17:41:16.899  2921  2921 I ServiceManager: service 'package' died
06-30 17:41:16.899  2921  2921 I ServiceManager: service 'activity' died
06-30 17:41:16.899  2921  2921 I ServiceManager: service 'meminfo' died
06-30 17:41:16.899  2921  2921 I ServiceManager: service 'appops' died
06-30 17:41:16.899  2921  2921 I ServiceManager: service 'batterystats' died
06-30 17:41:16.899  2921  2921 I ServiceManager: service 'power' died
06-30 17:41:16.899  2921  2921 I ServiceManager: service 'display' died
06-30 17:41:16.899  2921  2921 I ServiceManager: service 'sensorservice' died
06-30 17:41:16.925  2922  2922 W display : release fence dup failed: Bad file descriptor
06-30 17:41:16.959  2922  2922 W display : release fence dup failed: Bad file descriptor
06-30 17:41:16.993  2922  2922 W display : release fence dup failed: Bad file descriptor
06-30 17:41:17.027  2922  2922 W display : release fence dup failed: Bad file descriptor
06-30 17:41:17.060  2922  2922 W display : release fence dup failed: Bad file descriptor
06-30 17:41:17.094  2922  2922 W display : release fence dup failed: Bad file descriptor
06-30 17:41:17.128  2922  2922 W display : release fence dup failed: Bad file descriptor
06-30 17:41:17.162  2922  2922 W display : release fence dup failed: Bad file descriptor
06-30 17:41:17.196  2922  2922 W display : release fence dup failed: Bad file descriptor
06-30 17:41:17.230  2922  2922 W display : release fence dup failed: Bad file descriptor
06-30 17:41:17.282  2922  2922 W display : release fence dup failed: Bad file descriptor
06-30 17:41:17.297  2922  2922 W display : release fence dup failed: Bad file descriptor
06-30 17:41:17.331  2922  2922 W display : release fence dup failed: Bad file descriptor
06-30 17:41:17.365  2922  2922 W display : release fence dup failed: Bad file descriptor
06-30 17:41:17.399  2922  2922 W display : release fence dup failed: Bad file descriptor
06-30 17:41:17.433  2922  2922 W display : release fence dup failed: Bad file descriptor
06-30 17:41:17.467  2922  2922 W display : release fence dup failed: Bad file descriptor
06-30 17:41:17.501  2922  2922 W display : release fence dup failed: Bad file descriptor
06-30 17:41:17.536  2922  2922 W display : release fence dup failed: Bad file descriptor
06-30 17:41:17.585  2922  2922 W display : release fence dup failed: Bad file descriptor
06-30 17:41:17.602  2922  2922 W display : release fence dup failed: Bad file descriptor
06-30 17:41:17.636  2922  2922 W display : release fence dup failed: Bad file descriptor
06-30 17:41:17.671  2922  2922 W display : release fence dup failed: Bad file descriptor
06-30 17:41:17.721  2922  2922 W display : release fence dup failed: Bad file descriptor
06-30 17:41:17.738  2922  2922 W display : release fence dup failed: Bad file descriptor
06-30 17:41:17.773  2922  2922 W display : release fence dup failed: Bad file descriptor
06-30 17:41:17.806  2922  2922 W display : release fence dup failed: Bad file descriptor
06-30 17:41:17.823  2922  2922 W display : release fence dup failed: Bad file descriptor
06-30 17:41:17.875  2922  2922 W display : release fence dup failed: Bad file descriptor
06-30 17:41:17.908  2922  2922 W display : release fence dup failed: Bad file descriptor
06-30 17:41:17.942  2922  2922 W display : release fence dup failed: Bad file descriptor
06-30 17:41:17.976  2922  2922 W display : release fence dup failed: Bad file descriptor
06-30 17:41:17.992  4454  4454 E Zygote  : Exit zygote because system server (4726) has terminated
06-30 17:41:18.009  2922  2922 W display : release fence dup failed: Bad file descriptor
06-30 17:41:18.025  2921  2921 I ServiceManager: service 'media.radio' died
06-30 17:41:18.025  2921  2921 I ServiceManager: service 'media.sound_trigger_hw' died
06-30 17:41:18.025  2921  2921 I ServiceManager: service 'media.audio_flinger' died
06-30 17:41:18.025  2921  2921 I ServiceManager: service 'media.player' died
06-30 17:41:18.025  2921  2921 I ServiceManager: service 'media.resource_manager' died
06-30 17:41:18.025  2921  2921 I ServiceManager: service 'media.camera' died
06-30 17:41:18.025  2921  2921 I ServiceManager: service 'media.audio_policy' died
06-30 17:41:18.026  2922  2922 W display : release fence dup failed: Bad file descriptor
06-30 17:41:18.060  2922  2922 W display : release fence dup failed: Bad file descriptor
06-30 17:41:18.111  2922  2922 W display : release fence dup failed: Bad file descriptor
06-30 17:41:18.145  2922  2922 W display : release fence dup failed: Bad file descriptor
06-30 17:41:18.179  2922  2922 W display : release fence dup failed: Bad file descriptor
06-30 17:41:18.195  4768  4768 I Netd    : Netd 1.0 starting
06-30 17:41:18.195  4768  4768 I QtiConnectivityAdapter: Failed to open libconnctrl, some features may not be present.
06-30 17:41:18.195  4768  4768 D TetherController: Setting IP forward enable = 0
06-30 17:41:18.195  2922  2922 W display : release fence dup failed: Bad file descriptor
06-30 17:41:18.199  3057  3057 W auditd  : type=1325 audit(0.0:851): table=filter family=2 entries=52
06-30 17:41:18.199  3057  3057 W auditd  : type=1320 audit(0.0:851): 
06-30 17:41:18.199  3057  3057 W auditd  : type=1325 audit(0.0:852): table=filter family=10 entries=55
06-30 17:41:18.199  3057  3057 W auditd  : type=1320 audit(0.0:852): 
06-30 17:41:18.211  4767  4767 I mediaserver: ServiceManager: 0xf678e120
06-30 17:41:18.211  4767  4767 I AudioFlinger: Using default 3000 mSec as standby time.
06-30 17:41:18.211  4767  4767 E BatteryNotifier: batterystats service unavailable!
06-30 17:41:18.211  4767  4767 E BatteryNotifier: batterystats service unavailable!
06-30 17:41:18.211  4767  4767 I CameraService: CameraService started (pid=4767)
06-30 17:41:18.211  4767  4767 I CameraService: CameraService process starting
06-30 17:41:18.211  4767  4767 E BatteryNotifier: batterystats service unavailable!
06-30 17:41:18.212  4767  4767 E BatteryNotifier: batterystats service unavailable!
06-30 17:41:18.212  4767  4767 E CameraService: Could not load camera HAL module: -2 (No such file or directory)
06-30 17:41:18.212  4767  4767 I AudioPolicyService: AudioPolicyService CSTOR in new mode
06-30 17:41:18.209  3057  3057 W auditd  : type=1325 audit(0.0:853): table=filter family=2 entries=51
06-30 17:41:18.213  4767  4767 I APM::ConfigParsingUtils: loadAudioPolicyConfig() loaded /system/etc/audio_policy.conf
06-30 17:41:18.209  3057  3057 W auditd  : type=1320 audit(0.0:853): 
06-30 17:41:18.209  3057  3057 W auditd  : type=1325 audit(0.0:854): table=filter family=10 entries=54
06-30 17:41:18.209  3057  3057 W auditd  : type=1320 audit(0.0:854): 
06-30 17:41:18.219  3057  3057 W auditd  : type=1325 audit(0.0:855): table=filter family=2 entries=50
06-30 17:41:18.219  3057  3057 W auditd  : type=1320 audit(0.0:855): 
06-30 17:41:18.219  3057  3057 W auditd  : type=1325 audit(0.0:856): table=filter family=10 entries=53
06-30 17:41:18.219  3057  3057 W auditd  : type=1320 audit(0.0:856): 
06-30 17:41:18.229  2922  2922 W display : release fence dup failed: Bad file descriptor
06-30 17:41:18.219  3057  3057 W auditd  : type=1325 audit(0.0:857): table=filter family=2 entries=48
06-30 17:41:18.219  3057  3057 W auditd  : type=1320 audit(0.0:857): 
06-30 17:41:18.229  3057  3057 W auditd  : type=1325 audit(0.0:858): table=filter family=10 entries=51
06-30 17:41:18.229  3057  3057 W auditd  : type=1320 audit(0.0:858): 
06-30 17:41:18.229  3057  3057 W auditd  : type=1325 audit(0.0:859): table=filter family=2 entries=50
06-30 17:41:18.229  3057  3057 W auditd  : type=1320 audit(0.0:859): 
06-30 17:41:18.239  3057  3057 W auditd  : type=1325 audit(0.0:860): table=filter family=10 entries=53
06-30 17:41:18.239  3057  3057 W auditd  : type=1320 audit(0.0:860): 
06-30 17:41:18.263  2922  2922 W display : release fence dup failed: Bad file descriptor
06-30 17:41:18.282  4766  4766 D AndroidRuntime: >>>>>> START com.android.internal.os.ZygoteInit uid 0 <<<<<<
06-30 17:41:18.284  4766  4766 D AndroidRuntime: CheckJNI is ON
06-30 17:41:18.284  4766  4766 I art     : option[0]=-Xzygote
06-30 17:41:18.285  4766  4766 I art     : option[1]=-Xcheck:jni
06-30 17:41:18.285  4766  4766 I art     : option[2]=-Xstacktracefile:/data/anr/traces.txt
06-30 17:41:18.285  4766  4766 I art     : option[3]=exit
06-30 17:41:18.285  4766  4766 I art     : option[4]=vfprintf
06-30 17:41:18.285  4766  4766 I art     : option[5]=sensitiveThread
06-30 17:41:18.285  4766  4766 I art     : option[6]=-verbose:gc
06-30 17:41:18.285  4766  4766 I art     : option[7]=-Xms8m
06-30 17:41:18.285  4766  4766 I art     : option[8]=-Xmx512m
06-30 17:41:18.285  4766  4766 I art     : option[9]=-XX:HeapGrowthLimit=256m
06-30 17:41:18.285  4766  4766 I art     : option[10]=-XX:HeapMinFree=2m
06-30 17:41:18.285  4766  4766 I art     : option[11]=-XX:HeapMaxFree=8m
06-30 17:41:18.285  4766  4766 I art     : option[12]=-XX:HeapTargetUtilization=0.75
06-30 17:41:18.285  4766  4766 I art     : option[13]=-Xusejit:true
06-30 17:41:18.285  4766  4766 I art     : option[14]=-agentlib:jdwp=transport=dt_android_adb,suspend=n,server=y
06-30 17:41:18.285  4766  4766 I art     : option[15]=-Xlockprofthreshold:500
06-30 17:41:18.285  4766  4766 I art     : option[16]=-Ximage-compiler-option
06-30 17:41:18.285  4766  4766 I art     : option[17]=--runtime-arg
06-30 17:41:18.285  4766  4766 I art     : option[18]=-Ximage-compiler-option
06-30 17:41:18.285  4766  4766 I art     : option[19]=-Xms64m
06-30 17:41:18.285  4766  4766 I art     : option[20]=-Ximage-compiler-option
06-30 17:41:18.285  4766  4766 I art     : option[21]=--runtime-arg
06-30 17:41:18.285  4766  4766 I art     : option[22]=-Ximage-compiler-option
06-30 17:41:18.285  4766  4766 I art     : option[23]=-Xmx64m
06-30 17:41:18.285  4766  4766 I art     : option[24]=-Ximage-compiler-option
06-30 17:41:18.285  4766  4766 I art     : option[25]=--compiler-filter=verify-at-runtime
06-30 17:41:18.285  4766  4766 I art     : option[26]=-Ximage-compiler-option
06-30 17:41:18.285  4766  4766 I art     : option[27]=--image-classes=/system/etc/preloaded-classes
06-30 17:41:18.285  4766  4766 I art     : option[28]=-Xcompiler-option
06-30 17:41:18.285  4766  4766 I art     : option[29]=--runtime-arg
06-30 17:41:18.285  4766  4766 I art     : option[30]=-Xcompiler-option
06-30 17:41:18.285  4766  4766 I art     : option[31]=-Xms64m
06-30 17:41:18.285  4766  4766 I art     : option[32]=-Xcompiler-option
06-30 17:41:18.285  4766  4766 I art     : option[33]=--runtime-arg
06-30 17:41:18.285  4766  4766 I art     : option[34]=-Xcompiler-option
06-30 17:41:18.285  4766  4766 I art     : option[35]=-Xmx512m
06-30 17:41:18.285  4766  4766 I art     : option[36]=-Xcompiler-option
06-30 17:41:18.285  4766  4766 I art     : option[37]=--compiler-filter=verify-at-runtime
06-30 17:41:18.285  4766  4766 I art     : option[38]=-Ximage-compiler-option
06-30 17:41:18.285  4766  4766 I art     : option[39]=--instruction-set-variant=generic
06-30 17:41:18.285  4766  4766 I art     : option[40]=-Xcompiler-option
06-30 17:41:18.285  4766  4766 I art     : option[41]=--instruction-set-variant=generic
06-30 17:41:18.285  4766  4766 I art     : option[42]=-Ximage-compiler-option
06-30 17:41:18.285  4766  4766 I art     : option[43]=--instruction-set-features=default
06-30 17:41:18.285  4766  4766 I art     : option[44]=-Xcompiler-option
06-30 17:41:18.285  4766  4766 I art     : option[45]=--instruction-set-features=default
06-30 17:41:18.285  4766  4766 I art     : option[46]=-Duser.locale=en-US
06-30 17:41:18.285  4766  4766 I art     : option[47]=--cpu-abilist=arm64-v8a,armeabi
06-30 17:41:18.285  4766  4766 I art     : option[48]=-Xfingerprint:samsung/cm_hero2ltexx/hero2ltexx:6.0.1/MOB30M/37c7bd59b5:eng/test-keys
06-30 17:41:18.297  2922  2922 W display : release fence dup failed: Bad file descriptor
06-30 17:41:18.311  4766  4766 D ICU     : No timezone override file found: /data/misc/zoneinfo/current/icu/icu_tzdata.dat
06-30 17:41:18.331  2922  2922 W display : release fence dup failed: Bad file descriptor
06-30 17:41:18.365  2922  2922 W display : release fence dup failed: Bad file descriptor
06-30 17:41:18.399  2922  2922 W display : release fence dup failed: Bad file descriptor
06-30 17:41:18.441  4766  4766 I Radio-JNI: register_android_hardware_Radio DONE
06-30 17:41:18.449  2922  2922 W display : release fence dup failed: Bad file descriptor
06-30 17:41:18.466  2922  2922 W display : release fence dup failed: Bad file descriptor
06-30 17:41:18.485  4766  4766 I SamplingProfilerIntegration: Profiling disabled.
06-30 17:41:18.486  4766  4766 D Zygote  : begin preload
06-30 17:41:18.487  4766  4766 I Zygote  : Preloading classes...
06-30 17:41:18.518  2922  2922 W display : release fence dup failed: Bad file descriptor
06-30 17:41:18.551  2922  2922 W display : release fence dup failed: Bad file descriptor
06-30 17:41:18.568  2922  2922 W display : release fence dup failed: Bad file descriptor
06-30 17:41:18.620  2922  2922 W display : release fence dup failed: Bad file descriptor
06-30 17:41:18.653  2922  2922 W display : release fence dup failed: Bad file descriptor
06-30 17:41:18.670  2922  2922 W display : release fence dup failed: Bad file descriptor
06-30 17:41:18.704  2922  2922 W display : release fence dup failed: Bad file descriptor
06-30 17:41:18.742  4767  4767 E audio_route: Failed to open /system/etc/mixer_paths.xml
06-30 17:41:18.748  4767  4767 I AudioFlinger: loadHwModule() Loaded primary audio interface from Samsung audio HW HAL (audio) handle 1
06-30 17:41:18.748  4767  4767 I AudioFlinger: openOutput(), module 1 Device 2, SamplingRate 44100, Format 0x000001, Channels 3, flags 2
06-30 17:41:18.748  4767  4767 I AudioFlinger: AudioStreamOut::open(), mHalFormatIsLinearPcm = 1
06-30 17:41:18.748  4767  4767 I AudioFlinger: HAL output buffer size 256 frames, normal sink buffer size 960 frames
06-30 17:41:18.750  4767  4767 I BufferProvider: found effect "Multichannel Downmix To Stereo" from The Android Open Source Project
06-30 17:41:18.750  4767  4767 E MonoPipe: Failed to fetch local time frequency when constructing a MonoPipe (res = -32).  getNextWriteTimestamp calls will be non-functional
06-30 17:41:18.750  4767  4767 I AudioFlinger: Using module 1 has the primary audio interface
06-30 17:41:18.750  4767  4898 I AudioFlinger: AudioFlinger's thread 0xf4c40000 ready to run
06-30 17:41:18.750  4767  4898 V audio_hw_primary: do_out_standby: output standby: 1
06-30 17:41:18.751  4767  4898 V audio_hw_primary: out_set_parameters: key value pairs: routing=2
06-30 17:41:18.751  4767  4898 E AudioFlinger: no wake lock to update!
06-30 17:41:18.752  4767  4767 V audio_hw_primary: adev_open_input_stream: Created resampler converting 48000 -> 16000
06-30 17:41:18.752  4767  4767 V audio_hw_primary: adev_open_input_stream: Requesting input stream with rate: 16000, channels: 0xc
06-30 17:41:18.752  4767  4899 I AudioFlinger: AudioFlinger's thread 0xf4880000 ready to run
06-30 17:41:18.753  4767  4767 I r_submix: adev_open(name=audio_hw_if)
06-30 17:41:18.753  4767  4767 I r_submix: adev_init_check()
06-30 17:41:18.753  4767  4767 I AudioFlinger: loadHwModule() Loaded r_submix audio interface from Wifi Display audio HAL (audio) handle 4
06-30 17:41:18.753  4767  4767 D r_submix: adev_open_input_stream(addr=0)
06-30 17:41:18.753  4767  4767 D r_submix: submix_audio_device_create_pipe_l(addr=0, idx=9)
06-30 17:41:18.753  4767  4767 D r_submix:   now using address 0 for route 9
06-30 17:41:18.753  4767  4901 I AudioFlinger: AudioFlinger's thread 0xf4880000 ready to run
06-30 17:41:18.753  4767  4767 D r_submix: adev_close_input_stream()
06-30 17:41:18.753  4767  4767 D r_submix: submix_audio_device_release_pipe_l(idx=9) addr=0
06-30 17:41:18.753  4767  4767 D r_submix: submix_audio_device_destroy_pipe_l(): pipe destroyed
06-30 17:41:18.753  4767  4767 E SoundTriggerHwService: couldn't load sound trigger module sound_trigger.primary (No such file or directory)
06-30 17:41:18.754  4767  4767 I RadioService: RadioService
06-30 17:41:18.754  4767  4767 I RadioService: onFirstRef
06-30 17:41:18.754  4767  4767 E RadioService: couldn't load radio module radio.primary (No such file or directory)
06-30 17:41:18.754  2922  2922 W display : release fence dup failed: Bad file descriptor
06-30 17:41:18.771  2922  2922 W display : release fence dup failed: Bad file descriptor
06-30 17:41:18.823  2922  2922 W display : release fence dup failed: Bad file descriptor
06-30 17:41:18.839  2922  2922 W display : release fence dup failed: Bad file descriptor
06-30 17:41:18.840  4766  4766 E Minikin : addFont failed to create font /system/fonts/NanumGothic.ttf
06-30 17:41:18.841  4766  4766 E Minikin : addFont failed to create font /system/fonts/DroidSansFallback.ttf
06-30 17:41:18.841  4766  4766 E Minikin : addFont failed to create font /system/fonts/MTLmr3m.ttf
06-30 17:41:18.873  2922  2922 W display : release fence dup failed: Bad file descriptor
06-30 17:41:18.907  2922  2922 W display : release fence dup failed: Bad file descriptor
06-30 17:41:18.924  4766  4766 V DngCreator_JNI: DngCreator_nativeClassInit:
06-30 17:41:18.941  2922  2922 W display : release fence dup failed: Bad file descriptor
06-30 17:41:18.975  2922  2922 W display : release fence dup failed: Bad file descriptor
06-30 17:41:19.010  2922  2922 W display : release fence dup failed: Bad file descriptor
06-30 17:41:19.042  2922  2922 W display : release fence dup failed: Bad file descriptor
06-30 17:41:19.062  4768  4768 V NatController: runCmd(/system/bin/iptables -w -F natctrl_FORWARD) res=0
06-30 17:41:19.067  4768  4768 V NatController: runCmd(/system/bin/iptables -w -A natctrl_FORWARD -j DROP) res=0
06-30 17:41:19.072  4768  4768 V NatController: runCmd(/system/bin/iptables -w -t nat -F natctrl_nat_POSTROUTING) res=0
06-30 17:41:19.077  2922  2922 W display : release fence dup failed: Bad file descriptor
06-30 17:41:19.078  4768  4768 V NatController: runCmd(/system/bin/iptables -w -F natctrl_tether_counters) res=0
06-30 17:41:19.084  4768  4768 V NatController: runCmd(/system/bin/iptables -w -X natctrl_tether_counters) res=0
06-30 17:41:19.089  4768  4768 V NatController: runCmd(/system/bin/iptables -w -N natctrl_tether_counters) res=0
06-30 17:41:19.095  4768  4768 V NatController: runCmd(/system/bin/iptables -w -t mangle -A natctrl_mangle_FORWARD -p tcp --tcp-flags SYN SYN -j TCPMSS --clamp-mss-to-pmtu) res=0
06-30 17:41:19.111  2922  2922 W display : release fence dup failed: Bad file descriptor
06-30 17:41:19.145  2922  2922 W display : release fence dup failed: Bad file descriptor
06-30 17:41:19.178  2922  2922 W display : release fence dup failed: Bad file descriptor
06-30 17:41:19.212  2922  2922 W display : release fence dup failed: Bad file descriptor
06-30 17:41:19.209  3057  3057 W auditd  : type=1325 audit(0.0:1056): table=filter family=10 entries=48
06-30 17:41:19.209  3057  3057 W auditd  : type=1320 audit(0.0:1056): 
06-30 17:41:19.209  3057  3057 W auditd  : type=1325 audit(0.0:1057): table=filter family=2 entries=43
06-30 17:41:19.209  3057  3057 W auditd  : type=1320 audit(0.0:1057): 
06-30 17:41:19.219  3057  3057 W auditd  : type=1325 audit(0.0:1058): table=filter family=10 entries=46
06-30 17:41:19.219  3057  3057 W auditd  : type=1320 audit(0.0:1058): 
06-30 17:41:19.219  3057  3057 W auditd  : type=1325 audit(0.0:1059): table=filter family=2 entries=45
06-30 17:41:19.219  3057  3057 W auditd  : type=1320 audit(0.0:1059): 
06-30 17:41:19.229  3057  3057 W auditd  : type=1325 audit(0.0:1060): table=filter family=10 entries=48
06-30 17:41:19.229  3057  3057 W auditd  : type=1320 audit(0.0:1060): 
06-30 17:41:19.229  3057  3057 W auditd  : type=1325 audit(0.0:1061): table=filter family=2 entries=47
06-30 17:41:19.229  3057  3057 W auditd  : type=1320 audit(0.0:1061): 
06-30 17:41:19.239  3057  3057 W auditd  : type=1325 audit(0.0:1062): table=filter family=10 entries=50
06-30 17:41:19.239  3057  3057 W auditd  : type=1320 audit(0.0:1062): 
06-30 17:41:19.246  2922  2922 W display : release fence dup failed: Bad file descriptor
06-30 17:41:19.249  3057  3057 W auditd  : type=1325 audit(0.0:1063): table=filter family=2 entries=49
06-30 17:41:19.249  3057  3057 W auditd  : type=1320 audit(0.0:1063): 
06-30 17:41:19.259  3057  3057 W auditd  : type=1325 audit(0.0:1064): table=filter family=10 entries=52
06-30 17:41:19.259  3057  3057 W auditd  : type=1320 audit(0.0:1064): 
06-30 17:41:19.263  2922  2922 W display : release fence dup failed: Bad file descriptor
06-30 17:41:19.259  3057  3057 W auditd  : type=1325 audit(0.0:1065): table=filter family=2 entries=49
06-30 17:41:19.259  3057  3057 W auditd  : type=1320 audit(0.0:1065): 
06-30 17:41:19.297  2922  2922 W display : release fence dup failed: Bad file descriptor
06-30 17:41:19.331  2922  2922 W display : release fence dup failed: Bad file descriptor
06-30 17:41:19.382  2922  2922 W display : release fence dup failed: Bad file descriptor
06-30 17:41:19.398  4768  4768 E Netd    : cannot find interface dummy0
06-30 17:41:19.400  4768  4768 D MDnsDS  : MDnsSdListener::Hander starting up
06-30 17:41:19.400  4768  5032 D MDnsDS  : MDnsSdListener starting to monitor
06-30 17:41:19.400  4768  5032 D MDnsDS  : Going to poll with pollCount 1
06-30 17:41:19.415  2922  2922 W display : release fence dup failed: Bad file descriptor
06-30 17:41:19.432  2922  2922 W display : release fence dup failed: Bad file descriptor
06-30 17:41:19.466  2922  2922 W display : release fence dup failed: Bad file descriptor
06-30 17:41:19.518  2922  2922 W display : release fence dup failed: Bad file descriptor
06-30 17:41:19.542  4766  4766 I art     : Thread[1,tid=4766,Native,Thread*=0x7f901bba00,peer=0x12c532e0,"main"] recursive attempt to load library "/system/lib64/libmedia_jni.so"
06-30 17:41:19.542  4766  4766 D MtpDeviceJNI: register_android_mtp_MtpDevice
06-30 17:41:19.542  4766  4766 I art     : Thread[1,tid=4766,Native,Thread*=0x7f901bba00,peer=0x12c532e0,"main"] recursive attempt to load library "/system/lib64/libmedia_jni.so"
06-30 17:41:19.543  4766  4766 I art     : Thread[1,tid=4766,Native,Thread*=0x7f901bba00,peer=0x12c532e0,"main"] recursive attempt to load library "/system/lib64/libmedia_jni.so"
06-30 17:41:19.551  2922  2922 W display : release fence dup failed: Bad file descriptor
06-30 17:41:19.585  2922  2922 W display : release fence dup failed: Bad file descriptor
06-30 17:41:19.619  2922  2922 W display : release fence dup failed: Bad file descriptor
06-30 17:41:19.653  2922  2922 W display : release fence dup failed: Bad file descriptor
06-30 17:41:19.687  2922  2922 W display : release fence dup failed: Bad file descriptor
06-30 17:41:19.721  2922  2922 W display : release fence dup failed: Bad file descriptor
06-30 17:41:19.755  2922  2922 W display : release fence dup failed: Bad file descriptor
06-30 17:41:19.789  2922  2922 W display : release fence dup failed: Bad file descriptor
06-30 17:41:19.822  2922  2922 W display : release fence dup failed: Bad file descriptor
06-30 17:41:19.839  2922  2922 W display : release fence dup failed: Bad file descriptor
06-30 17:41:19.890  2922  2922 W display : release fence dup failed: Bad file descriptor
06-30 17:41:19.907  2922  2922 W display : release fence dup failed: Bad file descriptor
06-30 17:41:19.959  2922  2922 W display : release fence dup failed: Bad file descriptor
06-30 17:41:19.988  4766  4766 W System  : ClassLoader referenced unknown path: /system/framework/tcmclient.jar
06-30 17:41:19.992  2922  2922 W display : release fence dup failed: Bad file descriptor
06-30 17:41:20.009  2922  2922 W display : release fence dup failed: Bad file descriptor
06-30 17:41:20.043  2922  2922 W display : release fence dup failed: Bad file descriptor
06-30 17:41:20.077  2922  2922 W display : release fence dup failed: Bad file descriptor
06-30 17:41:20.111  2922  2922 W display : release fence dup failed: Bad file descriptor
06-30 17:41:20.145  2922  2922 W display : release fence dup failed: Bad file descriptor
06-30 17:41:20.179  2922  2922 W display : release fence dup failed: Bad file descriptor
06-30 17:41:20.213  2922  2922 W display : release fence dup failed: Bad file descriptor
06-30 17:41:20.246  2922  2922 W display : release fence dup failed: Bad file descriptor
06-30 17:41:20.280  2922  2922 W display : release fence dup failed: Bad file descriptor
06-30 17:41:20.289  4766  4766 I System  : Loaded time zone names for "" in 18ms (17ms in ICU)
06-30 17:41:20.314  2922  2922 W display : release fence dup failed: Bad file descriptor
06-30 17:41:20.321  4766  4766 I System  : Loaded time zone names for "en_US" in 32ms (11ms in ICU)
06-30 17:41:20.348  2922  2922 W display : release fence dup failed: Bad file descriptor
06-30 17:41:20.382  2922  2922 W display : release fence dup failed: Bad file descriptor
06-30 17:41:20.415  2922  2922 W display : release fence dup failed: Bad file descriptor
06-30 17:41:20.449  2922  2922 W display : release fence dup failed: Bad file descriptor
06-30 17:41:20.473  4766  4766 I Zygote  : ...preloaded 3831 classes in 1986ms.
06-30 17:41:20.473  4766  4766 I art     : VMRuntime.preloadDexCaches starting
06-30 17:41:20.483  2922  2922 W display : release fence dup failed: Bad file descriptor
06-30 17:41:20.503  4766  4766 I art     : VMRuntime.preloadDexCaches strings total=248969 before=10083 after=10083
06-30 17:41:20.503  4766  4766 I art     : VMRuntime.preloadDexCaches types total=20332 before=8245 after=9836
06-30 17:41:20.503  4766  4766 I art     : VMRuntime.preloadDexCaches fields total=100378 before=35761 after=47726
06-30 17:41:20.503  4766  4766 I art     : VMRuntime.preloadDexCaches methods total=172817 before=67604 after=83308
06-30 17:41:20.503  4766  4766 I art     : VMRuntime.preloadDexCaches finished
06-30 17:41:20.514  5036  5036 D idmap   : error: no read access to /vendor/overlay: No such file or directory
06-30 17:41:20.517  4766  4766 I Zygote  : Preloading resources...
06-30 17:41:20.517  2922  2922 W display : release fence dup failed: Bad file descriptor
06-30 17:41:20.551  2922  2922 W display : release fence dup failed: Bad file descriptor
06-30 17:41:20.585  2922  2922 W display : release fence dup failed: Bad file descriptor
06-30 17:41:20.602  2922  2922 W display : release fence dup failed: Bad file descriptor
06-30 17:41:20.653  2922  2922 W display : release fence dup failed: Bad file descriptor
06-30 17:41:20.670  2922  2922 W display : release fence dup failed: Bad file descriptor
06-30 17:41:20.703  2922  2922 W display : release fence dup failed: Bad file descriptor
06-30 17:41:20.754  2922  2922 W display : release fence dup failed: Bad file descriptor
06-30 17:41:20.771  2922  2922 W display : release fence dup failed: Bad file descriptor
06-30 17:41:20.805  2922  2922 W display : release fence dup failed: Bad file descriptor
06-30 17:41:20.839  2922  2922 W display : release fence dup failed: Bad file descriptor
06-30 17:41:20.855  4766  4766 I Zygote  : ...preloaded 342 resources in 338ms.
06-30 17:41:20.863  4766  4766 I Zygote  : ...preloaded 41 resources in 9ms.
06-30 17:41:20.869  4766  4766 D libEGL  : loaded /vendor/lib64/egl/libGLES_mali.so
06-30 17:41:20.873  2922  2922 W display : release fence dup failed: Bad file descriptor
06-30 17:41:20.875  4766  4766 I Zygote  : Preloading shared libraries...
06-30 17:41:20.881  4766  4766 D Zygote  : end preload
06-30 17:41:20.881  4766  4766 I art     : Starting a blocking GC Explicit
06-30 17:41:20.892  4766  4766 I art     : Explicit concurrent mark sweep GC freed 11514(465KB) AllocSpace objects, 0(0B) LOS objects, 35% free, 29MB/45MB, paused 43us total 9.969ms
06-30 17:41:20.897  4766  4766 I art     : Starting a blocking GC Explicit
06-30 17:41:20.905  4766  4766 I art     : Explicit concurrent mark sweep GC freed 2441(115KB) AllocSpace objects, 0(0B) LOS objects, 35% free, 28MB/44MB, paused 49us total 8.862ms
06-30 17:41:20.906  4766  4808 I art     : Starting a blocking GC HeapTrim
06-30 17:41:20.907  2922  2922 W display : release fence dup failed: Bad file descriptor
06-30 17:41:20.907  4766  4766 I art     : Starting a blocking GC Background
06-30 17:41:20.941  2922  2922 W display : release fence dup failed: Bad file descriptor
06-30 17:41:20.955  4766  4766 I Zygote  : System server process 5038 has been created
06-30 17:41:20.957  4766  4766 I Zygote  : Accepting command socket connections
06-30 17:41:20.971  5038  5038 I Zygote  : Process: zygote socket opened, supported ABIS: armeabi-v7a,armeabi
06-30 17:41:20.972  5038  5038 I InstallerConnection: connecting...
06-30 17:41:20.972  2937  2937 I installd: new connection
06-30 17:41:20.974  5038  5038 I InstallerConnection: disconnecting...
06-30 17:41:20.974  2937  2937 E installd: eof
06-30 17:41:20.974  2937  2937 E installd: failed to read size
06-30 17:41:20.974  2937  2937 I installd: closing connection
06-30 17:41:20.975  2922  2922 W display : release fence dup failed: Bad file descriptor
06-30 17:41:21.009  5038  5038 I SystemServer: Entered the Android system server!
06-30 17:41:21.026  2922  2922 W display : release fence dup failed: Bad file descriptor
06-30 17:41:21.052  5038  5038 I SystemServiceManager: Starting com.android.server.pm.Installer
06-30 17:41:21.053  5038  5038 I Installer: Waiting for installd to be ready.
06-30 17:41:21.053  5038  5038 I InstallerConnection: connecting...
06-30 17:41:21.053  2937  2937 I installd: new connection
06-30 17:41:21.054  5038  5038 I SystemServiceManager: Starting com.android.server.am.ActivityManagerService$Lifecycle
06-30 17:41:21.060  2922  2922 W display : release fence dup failed: Bad file descriptor
06-30 17:41:21.094  2922  2922 W display : release fence dup failed: Bad file descriptor
06-30 17:41:21.110  2922  2922 W display : release fence dup failed: Bad file descriptor
06-30 17:41:21.126  5038  5038 I XXXXXX  : choosing minFree values for 64 Bit
06-30 17:41:21.127  5038  5038 I XXXXXX  : choosing minFree values for 64 Bit
06-30 17:41:21.127  5038  5038 I XXXXXX  : choosing minFree values for 64 Bit
06-30 17:41:21.127  5038  5038 I XXXXXX  : choosing minFree values for 64 Bit
06-30 17:41:21.127  5038  5038 I XXXXXX  : choosing minFree values for 64 Bit
06-30 17:41:21.127  5038  5038 I XXXXXX  : choosing minFree values for 64 Bit
06-30 17:41:21.132  5038  5038 I ActivityManager: Memory class: 256
06-30 17:41:21.134  5038  5053 I ServiceThread: Enabled StrictMode logging for ActivityManager looper.
06-3