05-26 00:56:29.690  2903  2903 F DEBUG   : Tombstone written to: /data/tombstones/tombstone_05
05-26 00:56:29.679  3404  3404 W mediaserver: type=1701 audit(0.0:142): auid=4294967295 uid=1013 gid=1005 ses=4294967295 exe="/system/bin/mediaserver" sig=11
05-26 00:56:29.692  2899  2899 I ServiceManager: service 'media.audio_flinger' died
05-26 00:56:29.693  2899  2899 I ServiceManager: service 'media.player' died
05-26 00:56:29.693  2899  2899 I ServiceManager: service 'media.resource_manager' died
05-26 00:56:29.693  2899  2899 I ServiceManager: service 'media.camera' died
05-26 00:56:29.702  2900  2900 E display : VPP should be assigned to FramebufferTarget but it was failed ret(0)
05-26 00:56:29.704  2900  2900 E display : [PrimaryDisplay] framebuffer target expected, but not provided
05-26 00:56:29.713  3339  3339 W Zygote  : Got error connecting to zygote, retrying. msg= No such file or directory
05-26 00:56:29.737  2900  2900 E display : VPP should be assigned to FramebufferTarget but it was failed ret(0)
05-26 00:56:29.738  2900  2900 E display : [PrimaryDisplay] framebuffer target expected, but not provided
05-26 00:56:29.771  2900  2900 E display : VPP should be assigned to FramebufferTarget but it was failed ret(0)
05-26 00:56:29.772  2900  2900 E display : [PrimaryDisplay] framebuffer target expected, but not provided
05-26 00:56:29.804  2900  2900 E display : VPP should be assigned to FramebufferTarget but it was failed ret(0)
05-26 00:56:29.805  2900  2900 E display : [PrimaryDisplay] framebuffer target expected, but not provided
05-26 00:56:29.838  2900  2900 E display : VPP should be assigned to FramebufferTarget but it was failed ret(0)
05-26 00:56:29.840  2900  2900 E display : [PrimaryDisplay] framebuffer target expected, but not provided
05-26 00:56:29.872  2900  2900 E display : VPP should be assigned to FramebufferTarget but it was failed ret(0)
05-26 00:56:29.873  2900  2900 E display : [PrimaryDisplay] framebuffer target expected, but not provided
05-26 00:56:29.906  2900  2900 E display : VPP should be assigned to FramebufferTarget but it was failed ret(0)
05-26 00:56:29.907  2900  2900 E display : [PrimaryDisplay] framebuffer target expected, but not provided
05-26 00:56:29.940  2900  2900 E display : VPP should be assigned to FramebufferTarget but it was failed ret(0)
05-26 00:56:29.941  2900  2900 E display : [PrimaryDisplay] framebuffer target expected, but not provided
05-26 00:56:29.974  2900  2900 E display : VPP should be assigned to FramebufferTarget but it was failed ret(0)
05-26 00:56:29.975  2900  2900 E display : [PrimaryDisplay] framebuffer target expected, but not provided
05-26 00:56:30.008  2900  2900 E display : VPP should be assigned to FramebufferTarget but it was failed ret(0)
05-26 00:56:30.009  2900  2900 E display : [PrimaryDisplay] framebuffer target expected, but not provided
05-26 00:56:30.042  2900  2900 E display : VPP should be assigned to FramebufferTarget but it was failed ret(0)
05-26 00:56:30.043  2900  2900 E display : [PrimaryDisplay] framebuffer target expected, but not provided
05-26 00:56:30.076  2900  2900 E display : VPP should be assigned to FramebufferTarget but it was failed ret(0)
05-26 00:56:30.077  2900  2900 E display : [PrimaryDisplay] framebuffer target expected, but not provided
05-26 00:56:30.109  2900  2900 E display : VPP should be assigned to FramebufferTarget but it was failed ret(0)
05-26 00:56:30.110  2900  2900 E display : [PrimaryDisplay] framebuffer target expected, but not provided
05-26 00:56:30.143  2900  2900 E display : VPP should be assigned to FramebufferTarget but it was failed ret(0)
05-26 00:56:30.144  2900  2900 E display : [PrimaryDisplay] framebuffer target expected, but not provided
05-26 00:56:30.177  2900  2900 E display : VPP should be assigned to FramebufferTarget but it was failed ret(0)
05-26 00:56:30.178  2900  2900 E display : [PrimaryDisplay] framebuffer target expected, but not provided
05-26 00:56:30.211  2900  2900 E display : VPP should be assigned to FramebufferTarget but it was failed ret(0)
05-26 00:56:30.212  2900  2900 E display : [PrimaryDisplay] framebuffer target expected, but not provided
05-26 00:56:30.245  2900  2900 E display : VPP should be assigned to FramebufferTarget but it was failed ret(0)
05-26 00:56:30.246  2900  2900 E display : [PrimaryDisplay] framebuffer target expected, but not provided
05-26 00:56:30.279  2900  2900 E display : VPP should be assigned to FramebufferTarget but it was failed ret(0)
05-26 00:56:30.280  2900  2900 E display : [PrimaryDisplay] framebuffer target expected, but not provided
05-26 00:56:30.313  2900  2900 E display : VPP should be assigned to FramebufferTarget but it was failed ret(0)
05-26 00:56:30.314  2900  2900 E display : [PrimaryDisplay] framebuffer target expected, but not provided
05-26 00:56:30.347  2900  2900 E display : VPP should be assigned to FramebufferTarget but it was failed ret(0)
05-26 00:56:30.348  2900  2900 E display : [PrimaryDisplay] framebuffer target expected, but not provided
05-26 00:56:30.381  2900  2900 E display : VPP should be assigned to FramebufferTarget but it was failed ret(0)
05-26 00:56:30.382  2900  2900 E display : [PrimaryDisplay] framebuffer target expected, but not provided
05-26 00:56:30.415  2900  2900 E display : VPP should be assigned to FramebufferTarget but it was failed ret(0)
05-26 00:56:30.416  2900  2900 E display : [PrimaryDisplay] framebuffer target expected, but not provided
05-26 00:56:30.448  2900  2900 E display : VPP should be assigned to FramebufferTarget but it was failed ret(0)
05-26 00:56:30.450  2900  2900 E display : [PrimaryDisplay] framebuffer target expected, but not provided
05-26 00:56:30.482  2900  2900 E display : VPP should be assigned to FramebufferTarget but it was failed ret(0)
05-26 00:56:30.483  2900  2900 E display : [PrimaryDisplay] framebuffer target expected, but not provided
05-26 00:56:30.516  2900  2900 E display : VPP should be assigned to FramebufferTarget but it was failed ret(0)
05-26 00:56:30.517  2900  2900 E display : [PrimaryDisplay] framebuffer target expected, but not provided
05-26 00:56:30.533  2900  2900 E display : VPP should be assigned to FramebufferTarget but it was failed ret(0)
05-26 00:56:30.534  2900  2900 E display : [PrimaryDisplay] framebuffer target expected, but not provided
05-26 00:56:30.567  2900  2900 E display : VPP should be assigned to FramebufferTarget but it was failed ret(0)
05-26 00:56:30.568  2900  2900 E display : [PrimaryDisplay] framebuffer target expected, but not provided
05-26 00:56:30.601  2900  2900 E display : VPP should be assigned to FramebufferTarget but it was failed ret(0)
05-26 00:56:30.602  2900  2900 E display : [PrimaryDisplay] framebuffer target expected, but not provided
05-26 00:56:30.635  2900  2900 E display : VPP should be assigned to FramebufferTarget but it was failed ret(0)
05-26 00:56:30.636  2900  2900 E display : [PrimaryDisplay] framebuffer target expected, but not provided
05-26 00:56:30.669  2900  2900 E display : VPP should be assigned to FramebufferTarget but it was failed ret(0)
05-26 00:56:30.670  2900  2900 E display : [PrimaryDisplay] framebuffer target expected, but not provided
05-26 00:56:30.702  2900  2900 E display : VPP should be assigned to FramebufferTarget but it was failed ret(0)
05-26 00:56:30.704  2900  2900 E display : [PrimaryDisplay] framebuffer target expected, but not provided
05-26 00:56:30.713  3339  3339 W Zygote  : Got error connecting to zygote, retrying. msg= No such file or directory
05-26 00:56:30.737  2900  2900 E display : VPP should be assigned to FramebufferTarget but it was failed ret(0)
05-26 00:56:30.738  2900  2900 E display : [PrimaryDisplay] framebuffer target expected, but not provided
05-26 00:56:30.770  2900  2900 E display : VPP should be assigned to FramebufferTarget but it was failed ret(0)
05-26 00:56:30.772  2900  2900 E display : [PrimaryDisplay] framebuffer target expected, but not provided
05-26 00:56:30.804  2900  2900 E display : VPP should be assigned to FramebufferTarget but it was failed ret(0)
05-26 00:56:30.806  2900  2900 E display : [PrimaryDisplay] framebuffer target expected, but not provided
05-26 00:56:30.838  2900  2900 E display : VPP should be assigned to FramebufferTarget but it was failed ret(0)
05-26 00:56:30.839  2900  2900 E display : [PrimaryDisplay] framebuffer target expected, but not provided
05-26 00:56:30.872  2900  2900 E display : VPP should be assigned to FramebufferTarget but it was failed ret(0)
05-26 00:56:30.873  2900  2900 E display : [PrimaryDisplay] framebuffer target expected, but not provided
05-26 00:56:30.906  2900  2900 E display : VPP should be assigned to FramebufferTarget but it was failed ret(0)
05-26 00:56:30.907  2900  2900 E display : [PrimaryDisplay] framebuffer target expected, but not provided
05-26 00:56:30.940  2900  2900 E display : VPP should be assigned to FramebufferTarget but it was failed ret(0)
05-26 00:56:30.941  2900  2900 E display : [PrimaryDisplay] framebuffer target expected, but not provided
05-26 00:56:30.974  2900  2900 E display : VPP should be assigned to FramebufferTarget but it was failed ret(0)
05-26 00:56:30.975  2900  2900 E display : [PrimaryDisplay] framebuffer target expected, but not provided
05-26 00:56:31.008  2900  2900 E display : VPP should be assigned to FramebufferTarget but it was failed ret(0)
05-26 00:56:31.009  2900  2900 E display : [PrimaryDisplay] framebuffer target expected, but not provided
05-26 00:56:31.042  2900  2900 E display : VPP should be assigned to FramebufferTarget but it was failed ret(0)
05-26 00:56:31.043  2900  2900 E display : [PrimaryDisplay] framebuffer target expected, but not provided
05-26 00:56:31.075  2900  2900 E display : VPP should be assigned to FramebufferTarget but it was failed ret(0)
05-26 00:56:31.077  2900  2900 E display : [PrimaryDisplay] framebuffer target expected, but not provided
05-26 00:56:31.109  2900  2900 E display : VPP should be assigned to FramebufferTarget but it was failed ret(0)
05-26 00:56:31.111  2900  2900 E display : [PrimaryDisplay] framebuffer target expected, but not provided
05-26 00:56:31.143  2900  2900 E display : VPP should be assigned to FramebufferTarget but it was failed ret(0)
05-26 00:56:31.144  2900  2900 E display : [PrimaryDisplay] framebuffer target expected, but not provided
05-26 00:56:31.177  2900  2900 E display : VPP should be assigned to FramebufferTarget but it was failed ret(0)
05-26 00:56:31.178  2900  2900 E display : [PrimaryDisplay] framebuffer target expected, but not provided
05-26 00:56:31.211  2900  2900 E display : VPP should be assigned to FramebufferTarget but it was failed ret(0)
05-26 00:56:31.213  2900  2900 E display : [PrimaryDisplay] framebuffer target expected, but not provided
05-26 00:56:31.245  2900  2900 E display : VPP should be assigned to FramebufferTarget but it was failed ret(0)
05-26 00:56:31.246  2900  2900 E display : [PrimaryDisplay] framebuffer target expected, but not provided
05-26 00:56:31.279  2900  2900 E display : VPP should be assigned to FramebufferTarget but it was failed ret(0)
05-26 00:56:31.280  2900  2900 E display : [PrimaryDisplay] framebuffer target expected, but not provided
05-26 00:56:31.313  2900  2900 E display : VPP should be assigned to FramebufferTarget but it was failed ret(0)
05-26 00:56:31.314  2900  2900 E display : [PrimaryDisplay] framebuffer target expected, but not provided
05-26 00:56:31.347  2900  2900 E display : VPP should be assigned to FramebufferTarget but it was failed ret(0)
05-26 00:56:31.348  2900  2900 E display : [PrimaryDisplay] framebuffer target expected, but not provided
05-26 00:56:31.381  2900  2900 E display : VPP should be assigned to FramebufferTarget but it was failed ret(0)
05-26 00:56:31.382  2900  2900 E display : [PrimaryDisplay] framebuffer target expected, but not provided
05-26 00:56:31.415  2900  2900 E display : VPP should be assigned to FramebufferTarget but it was failed ret(0)
05-26 00:56:31.416  2900  2900 E display : [PrimaryDisplay] framebuffer target expected, but not provided
05-26 00:56:31.448  2900  2900 E display : VPP should be assigned to FramebufferTarget but it was failed ret(0)
05-26 00:56:31.450  2900  2900 E display : [PrimaryDisplay] framebuffer target expected, but not provided
05-26 00:56:31.482  2900  2900 E display : VPP should be assigned to FramebufferTarget but it was failed ret(0)
05-26 00:56:31.484  2900  2900 E display : [PrimaryDisplay] framebuffer target expected, but not provided
05-26 00:56:31.516  2900  2900 E display : VPP should be assigned to FramebufferTarget but it was failed ret(0)
05-26 00:56:31.517  2900  2900 E display : [PrimaryDisplay] framebuffer target expected, but not provided
05-26 00:56:31.550  2900  2900 E display : VPP should be assigned to FramebufferTarget but it was failed ret(0)
05-26 00:56:31.551  2900  2900 E display : [PrimaryDisplay] framebuffer target expected, but not provided
05-26 00:56:31.584  2900  2900 E display : VPP should be assigned to FramebufferTarget but it was failed ret(0)
05-26 00:56:31.585  2900  2900 E display : [PrimaryDisplay] framebuffer target expected, but not provided
05-26 00:56:31.618  2900  2900 E display : VPP should be assigned to FramebufferTarget but it was failed ret(0)
05-26 00:56:31.619  2900  2900 E display : [PrimaryDisplay] framebuffer target expected, but not provided
05-26 00:56:31.652  2900  2900 E display : VPP should be assigned to FramebufferTarget but it was failed ret(0)
05-26 00:56:31.653  2900  2900 E display : [PrimaryDisplay] framebuffer target expected, but not provided
05-26 00:56:31.686  2900  2900 E display : VPP should be assigned to FramebufferTarget but it was failed ret(0)
05-26 00:56:31.687  2900  2900 E display : [PrimaryDisplay] framebuffer target expected, but not provided
05-26 00:56:31.714  3339  3339 W Zygote  : Got error connecting to zygote, retrying. msg= No such file or directory
05-26 00:56:31.720  2900  2900 E display : VPP should be assigned to FramebufferTarget but it was failed ret(0)
05-26 00:56:31.721  2900  2900 E display : [PrimaryDisplay] framebuffer target expected, but not provided
05-26 00:56:31.754  2900  2900 E display : VPP should be assigned to FramebufferTarget but it was failed ret(0)
05-26 00:56:31.755  2900  2900 E display : [PrimaryDisplay] framebuffer target expected, but not provided
05-26 00:56:31.787  2900  2900 E display : VPP should be assigned to FramebufferTarget but it was failed ret(0)
05-26 00:56:31.789  2900  2900 E display : [PrimaryDisplay] framebuffer target expected, but not provided
05-26 00:56:31.821  2900  2900 E display : VPP should be assigned to FramebufferTarget but it was failed ret(0)
05-26 00:56:31.822  2900  2900 E display : [PrimaryDisplay] framebuffer target expected, but not provided
05-26 00:56:31.838  2900  2900 E display : VPP should be assigned to FramebufferTarget but it was failed ret(0)
05-26 00:56:31.839  2900  2900 E display : [PrimaryDisplay] framebuffer target expected, but not provided
05-26 00:56:31.872  2900  2900 E display : VPP should be assigned to FramebufferTarget but it was failed ret(0)
05-26 00:56:31.873  2900  2900 E display : [PrimaryDisplay] framebuffer target expected, but not provided
05-26 00:56:31.906  2900  2900 E display : VPP should be assigned to FramebufferTarget but it was failed ret(0)
05-26 00:56:31.907  2900  2900 E display : [PrimaryDisplay] framebuffer target expected, but not provided
05-26 00:56:31.940  2900  2900 E display : VPP should be assigned to FramebufferTarget but it was failed ret(0)
05-26 00:56:31.941  2900  2900 E display : [PrimaryDisplay] framebuffer target expected, but not provided
05-26 00:56:31.974  2900  2900 E display : VPP should be assigned to FramebufferTarget but it was failed ret(0)
05-26 00:56:31.975  2900  2900 E display : [PrimaryDisplay] framebuffer target expected, but not provided
05-26 00:56:32.008  2900  2900 E display : VPP should be assigned to FramebufferTarget but it was failed ret(0)
05-26 00:56:32.009  2900  2900 E display : [PrimaryDisplay] framebuffer target expected, but not provided
05-26 00:56:32.041  2900  2900 E display : VPP should be assigned to FramebufferTarget but it was failed ret(0)
05-26 00:56:32.043  2900  2900 E display : [PrimaryDisplay] framebuffer target expected, but not provided
05-26 00:56:32.076  2900  2900 E display : VPP should be assigned to FramebufferTarget but it was failed ret(0)
05-26 00:56:32.077  2900  2900 E display : [PrimaryDisplay] framebuffer target expected, but not provided
05-26 00:56:32.109  2900  2900 E display : VPP should be assigned to FramebufferTarget but it was failed ret(0)
05-26 00:56:32.110  2900  2900 E display : [PrimaryDisplay] framebuffer target expected, but not provided
05-26 00:56:32.143  2900  2900 E display : VPP should be assigned to FramebufferTarget but it was failed ret(0)
05-26 00:56:32.144  2900  2900 E display : [PrimaryDisplay] framebuffer target expected, but not provided
05-26 00:56:32.177  2900  2900 E display : VPP should be assigned to FramebufferTarget but it was failed ret(0)
05-26 00:56:32.179  2900  2900 E display : [PrimaryDisplay] framebuffer target expected, but not provided
05-26 00:56:32.211  2900  2900 E display : VPP should be assigned to FramebufferTarget but it was failed ret(0)
05-26 00:56:32.212  2900  2900 E display : [PrimaryDisplay] framebuffer target expected, but not provided
05-26 00:56:32.245  2900  2900 E display : VPP should be assigned to FramebufferTarget but it was failed ret(0)
05-26 00:56:32.246  2900  2900 E display : [PrimaryDisplay] framebuffer target expected, but not provided
05-26 00:56:32.279  2900  2900 E display : VPP should be assigned to FramebufferTarget but it was failed ret(0)
05-26 00:56:32.280  2900  2900 E display : [PrimaryDisplay] framebuffer target expected, but not provided
05-26 00:56:32.313  2900  2900 E display : VPP should be assigned to FramebufferTarget but it was failed ret(0)
05-26 00:56:32.314  2900  2900 E display : [PrimaryDisplay] framebuffer target expected, but not provided
05-26 00:56:32.347  2900  2900 E display : VPP should be assigned to FramebufferTarget but it was failed ret(0)
05-26 00:56:32.348  2900  2900 E display : [PrimaryDisplay] framebuffer target expected, but not provided
05-26 00:56:32.381  2900  2900 E display : VPP should be assigned to FramebufferTarget but it was failed ret(0)
05-26 00:56:32.382  2900  2900 E display : [PrimaryDisplay] framebuffer target expected, but not provided
05-26 00:56:32.414  2900  2900 E display : VPP should be assigned to FramebufferTarget but it was failed ret(0)
05-26 00:56:32.416  2900  2900 E display : [PrimaryDisplay] framebuffer target expected, but not provided
05-26 00:56:32.449  2900  2900 E display : VPP should be assigned to FramebufferTarget but it was failed ret(0)
05-26 00:56:32.450  2900  2900 E display : [PrimaryDisplay] framebuffer target expected, but not provided
05-26 00:56:32.482  2900  2900 E display : VPP should be assigned to FramebufferTarget but it was failed ret(0)
05-26 00:56:32.483  2900  2900 E display : [PrimaryDisplay] framebuffer target expected, but not provided
05-26 00:56:32.516  2900  2900 E display : VPP should be assigned to FramebufferTarget but it was failed ret(0)
05-26 00:56:32.517  2900  2900 E display : [PrimaryDisplay] framebuffer target expected, but not provided
05-26 00:56:32.550  2900  2900 E display : VPP should be assigned to FramebufferTarget but it was failed ret(0)
05-26 00:56:32.551  2900  2900 E display : [PrimaryDisplay] framebuffer target expected, but not provided
05-26 00:56:32.584  2900  2900 E display : VPP should be assigned to FramebufferTarget but it was failed ret(0)
05-26 00:56:32.585  2900  2900 E display : [PrimaryDisplay] framebuffer target expected, but not provided
05-26 00:56:32.618  2900  2900 E display : VPP should be assigned to FramebufferTarget but it was failed ret(0)
05-26 00:56:32.619  2900  2900 E display : [PrimaryDisplay] framebuffer target expected, but not provided
05-26 00:56:32.652  2900  2900 E display : VPP should be assigned to FramebufferTarget but it was failed ret(0)
05-26 00:56:32.653  2900  2900 E display : [PrimaryDisplay] framebuffer target expected, but not provided
05-26 00:56:32.686  2900  2900 E display : VPP should be assigned to FramebufferTarget but it was failed ret(0)
05-26 00:56:32.687  2900  2900 E display : [PrimaryDisplay] framebuffer target expected, but not provided
05-26 00:56:32.714  3339  3339 W Zygote  : Got error connecting to zygote, retrying. msg= No such file or directory
05-26 00:56:32.720  2900  2900 E display : VPP should be assigned to FramebufferTarget but it was failed ret(0)
05-26 00:56:32.721  2900  2900 E display : [PrimaryDisplay] framebuffer target expected, but not provided
05-26 00:56:32.754  2900  2900 E display : VPP should be assigned to FramebufferTarget but it was failed ret(0)
05-26 00:56:32.755  2900  2900 E display : [PrimaryDisplay] framebuffer target expected, but not provided
05-26 00:56:32.787  2900  2900 E display : VPP should be assigned to FramebufferTarget but it was failed ret(0)
05-26 00:56:32.789  2900  2900 E display : [PrimaryDisplay] framebuffer target expected, but not provided
05-26 00:56:32.821  2900  2900 E display : VPP should be assigned to FramebufferTarget but it was failed ret(0)
05-26 00:56:32.822  2900  2900 E display : [PrimaryDisplay] framebuffer target expected, but not provided
05-26 00:56:32.855  2900  2900 E display : VPP should be assigned to FramebufferTarget but it was failed ret(0)
05-26 00:56:32.857  2900  2900 E display : [PrimaryDisplay] framebuffer target expected, but not provided
05-26 00:56:32.889  2900  2900 E display : VPP should be assigned to FramebufferTarget but it was failed ret(0)
05-26 00:56:32.890  2900  2900 E display : [PrimaryDisplay] framebuffer target expected, but not provided
05-26 00:56:32.923  2900  2900 E display : VPP should be assigned to FramebufferTarget but it was failed ret(0)
05-26 00:56:32.924  2900  2900 E display : [PrimaryDisplay] framebuffer target expected, but not provided
05-26 00:56:32.957  2900  2900 E display : VPP should be assigned to FramebufferTarget but it was failed ret(0)
05-26 00:56:32.958  2900  2900 E display : [PrimaryDisplay] framebuffer target expected, but not provided
05-26 00:56:32.991  2900  2900 E display : VPP should be assigned to FramebufferTarget but it was failed ret(0)
05-26 00:56:32.992  2900  2900 E display : [PrimaryDisplay] framebuffer target expected, but not provided
05-26 00:56:33.025  2900  2900 E display : VPP should be assigned to FramebufferTarget but it was failed ret(0)
05-26 00:56:33.026  2900  2900 E display : [PrimaryDisplay] framebuffer target expected, but not provided
05-26 00:56:33.059  2900  2900 E display : VPP should be assigned to FramebufferTarget but it was failed ret(0)
05-26 00:56:33.060  2900  2900 E display : [PrimaryDisplay] framebuffer target expected, but not provided
05-26 00:56:33.075  2900  2900 E display : VPP should be assigned to FramebufferTarget but it was failed ret(0)
05-26 00:56:33.076  2900  2900 E display : [PrimaryDisplay] framebuffer target expected, but not provided
05-26 00:56:33.109  2900  2900 E display : VPP should be assigned to FramebufferTarget but it was failed ret(0)
05-26 00:56:33.110  2900  2900 E display : [PrimaryDisplay] framebuffer target expected, but not provided
05-26 00:56:33.143  2900  2900 E display : VPP should be assigned to FramebufferTarget but it was failed ret(0)
05-26 00:56:33.144  2900  2900 E display : [PrimaryDisplay] framebuffer target expected, but not provided
05-26 00:56:33.177  2900  2900 E display : VPP should be assigned to FramebufferTarget but it was failed ret(0)
05-26 00:56:33.179  2900  2900 E display : [PrimaryDisplay] framebuffer target expected, but not provided
05-26 00:56:33.211  2900  2900 E display : VPP should be assigned to FramebufferTarget but it was failed ret(0)
05-26 00:56:33.212  2900  2900 E display : [PrimaryDisplay] framebuffer target expected, but not provided
05-26 00:56:33.245  2900  2900 E display : VPP should be assigned to FramebufferTarget but it was failed ret(0)
05-26 00:56:33.246  2900  2900 E display : [PrimaryDisplay] framebuffer target expected, but not provided
05-26 00:56:33.279  2900  2900 E display : VPP should be assigned to FramebufferTarget but it was failed ret(0)
05-26 00:56:33.280  2900  2900 E display : [PrimaryDisplay] framebuffer target expected, but not provided
05-26 00:56:33.313  2900  2900 E display : VPP should be assigned to FramebufferTarget but it was failed ret(0)
05-26 00:56:33.314  2900  2900 E display : [PrimaryDisplay] framebuffer target expected, but not provided
05-26 00:56:33.347  2900  2900 E display : VPP should be assigned to FramebufferTarget but it was failed ret(0)
05-26 00:56:33.348  2900  2900 E display : [PrimaryDisplay] framebuffer target expected, but not provided
05-26 00:56:33.381  2900  2900 E display : VPP should be assigned to FramebufferTarget but it was failed ret(0)
05-26 00:56:33.382  2900  2900 E display : [PrimaryDisplay] framebuffer target expected, but not provided
05-26 00:56:33.414  2900  2900 E display : VPP should be assigned to FramebufferTarget but it was failed ret(0)
05-26 00:56:33.416  2900  2900 E display : [PrimaryDisplay] framebuffer target expected, but not provided
05-26 00:56:33.448  2900  2900 E display : VPP should be assigned to FramebufferTarget but it was failed ret(0)
05-26 00:56:33.450  2900  2900 E display : [PrimaryDisplay] framebuffer target expected, but not provided
05-26 00:56:33.482  2900  2900 E display : VPP should be assigned to FramebufferTarget but it was failed ret(0)
05-26 00:56:33.483  2900  2900 E display : [PrimaryDisplay] framebuffer target expected, but not provided
05-26 00:56:33.516  2900  2900 E display : VPP should be assigned to FramebufferTarget but it was failed ret(0)
05-26 00:56:33.517  2900  2900 E display : [PrimaryDisplay] framebuffer target expected, but not provided
05-26 00:56:33.550  2900  2900 E display : VPP should be assigned to FramebufferTarget but it was failed ret(0)
05-26 00:56:33.551  2900  2900 E display : [PrimaryDisplay] framebuffer target expected, but not provided
05-26 00:56:33.584  2900  2900 E display : VPP should be assigned to FramebufferTarget but it was failed ret(0)
05-26 00:56:33.585  2900  2900 E display : [PrimaryDisplay] framebuffer target expected, but not provided
05-26 00:56:33.618  2900  2900 E display : VPP should be assigned to FramebufferTarget but it was failed ret(0)
05-26 00:56:33.619  2900  2900 E display : [PrimaryDisplay] framebuffer target expected, but not provided
05-26 00:56:33.652  2900  2900 E display : VPP should be assigned to FramebufferTarget but it was failed ret(0)
05-26 00:56:33.653  2900  2900 E display : [PrimaryDisplay] framebuffer target expected, but not provided
05-26 00:56:33.686  2900  2900 E display : VPP should be assigned to FramebufferTarget but it was failed ret(0)
05-26 00:56:33.687  2900  2900 E display : [PrimaryDisplay] framebuffer target expected, but not provided
05-26 00:56:33.715  3339  3339 W Zygote  : Got error connecting to zygote, retrying. msg= No such file or directory
05-26 00:56:33.720  2900  2900 E display : VPP should be assigned to FramebufferTarget but it was failed ret(0)
05-26 00:56:33.721  2900  2900 E display : [PrimaryDisplay] framebuffer target expected, but not provided
05-26 00:56:33.754  2900  2900 E display : VPP should be assigned to FramebufferTarget but it was failed ret(0)
05-26 00:56:33.755  2900  2900 E display : [PrimaryDisplay] framebuffer target expected, but not provided
05-26 00:56:33.788  2900  2900 E display : VPP should be assigned to FramebufferTarget but it was failed ret(0)
05-26 00:56:33.789  2900  2900 E display : [PrimaryDisplay] framebuffer target expected, but not provided
05-26 00:56:33.821  2900  2900 E display : VPP should be assigned to FramebufferTarget but it was failed ret(0)
05-26 00:56:33.822  3419  3419 I mediaserver: ServiceManager: 0xf688e120
05-26 00:56:33.823  3419  3419 I AudioFlinger: Using default 3000 mSec as standby time.
05-26 00:56:33.823  2900  2900 E display : [PrimaryDisplay] framebuffer target expected, but not provided
05-26 00:56:33.823  3419  3419 E BatteryNotifier: batterystats service unavailable!
05-26 00:56:33.823  3419  3419 E BatteryNotifier: batterystats service unavailable!
05-26 00:56:33.823  3419  3419 I CameraService: CameraService started (pid=3419)
05-26 00:56:33.823  3419  3419 I CameraService: CameraService process starting
05-26 00:56:33.823  3419  3419 E BatteryNotifier: batterystats service unavailable!
05-26 00:56:33.823  3419  3419 E BatteryNotifier: batterystats service unavailable!
05-26 00:56:33.823  3419  3419 E CameraService: Could not load camera HAL module: -2 (No such file or directory)
05-26 00:56:33.824  3419  3419 I AudioPolicyService: AudioPolicyService CSTOR in new mode
05-26 00:56:33.824  3419  3419 W APM::HwModule: loadOutput() invalid supported devices
05-26 00:56:33.824  3419  3419 W APM::HwModule: loadOutput() invalid supported devices
05-26 00:56:33.824  3419  3419 W APM::HwModule: loadInput() invalid supported devices
05-26 00:56:33.824  3419  3419 W APM::HwModule: loadInput() invalid supported devices
05-26 00:56:33.824  3419  3419 I APM::ConfigParsingUtils: loadAudioPolicyConfig() loaded /system/etc/audio_policy.conf
05-26 00:56:33.855  2900  2900 E display : VPP should be assigned to FramebufferTarget but it was failed ret(0)
05-26 00:56:33.857  2900  2900 E display : [PrimaryDisplay] framebuffer target expected, but not provided
05-26 00:56:33.889  2900  2900 E display : VPP should be assigned to FramebufferTarget but it was failed ret(0)
05-26 00:56:33.890  2900  2900 E display : [PrimaryDisplay] framebuffer target expected, but not provided
05-26 00:56:33.923  2900  2900 E display : VPP should be assigned to FramebufferTarget but it was failed ret(0)
05-26 00:56:33.924  2900  2900 E display : [PrimaryDisplay] framebuffer target expected, but not provided
05-26 00:56:33.957  2900  2900 E display : VPP should be assigned to FramebufferTarget but it was failed ret(0)
05-26 00:56:33.958  2900  2900 E display : [PrimaryDisplay] framebuffer target expected, but not provided
05-26 00:56:33.991  2900  2900 E display : VPP should be assigned to FramebufferTarget but it was failed ret(0)
05-26 00:56:33.992  2900  2900 E display : [PrimaryDisplay] framebuffer target expected, but not provided
05-26 00:56:34.025  2900  2900 E display : VPP should be assigned to FramebufferTarget but it was failed ret(0)
05-26 00:56:34.026  2900  2900 E display : [PrimaryDisplay] framebuffer target expected, but not provided
05-26 00:56:34.059  2900  2900 E display : VPP should be assigned to FramebufferTarget but it was failed ret(0)
05-26 00:56:34.060  2900  2900 E display : [PrimaryDisplay] framebuffer target expected, but not provided
05-26 00:56:34.092  2900  2900 E display : VPP should be assigned to FramebufferTarget but it was failed ret(0)
05-26 00:56:34.094  2900  2900 E display : [PrimaryDisplay] framebuffer target expected, but not provided
05-26 00:56:34.126  2900  2900 E display : VPP should be assigned to FramebufferTarget but it was failed ret(0)
05-26 00:56:34.128  2900  2900 E display : [PrimaryDisplay] framebuffer target expected, but not provided
05-26 00:56:34.160  2900  2900 E display : VPP should be assigned to FramebufferTarget but it was failed ret(0)
05-26 00:56:34.161  2900  2900 E display : [PrimaryDisplay] framebuffer target expected, but not provided
05-26 00:56:34.194  2900  2900 E display : VPP should be assigned to FramebufferTarget but it was failed ret(0)
05-26 00:56:34.195  2900  2900 E display : [PrimaryDisplay] framebuffer target expected, but not provided
05-26 00:56:34.228  2900  2900 E display : VPP should be assigned to FramebufferTarget but it was failed ret(0)
05-26 00:56:34.229  2900  2900 E display : [PrimaryDisplay] framebuffer target expected, but not provided
05-26 00:56:34.262  2900  2900 E display : VPP should be assigned to FramebufferTarget but it was failed ret(0)
05-26 00:56:34.263  2900  2900 E display : [PrimaryDisplay] framebuffer target expected, but not provided
05-26 00:56:34.296  2900  2900 E display : VPP should be assigned to FramebufferTarget but it was failed ret(0)
05-26 00:56:34.297  2900  2900 E display : [PrimaryDisplay] framebuffer target expected, but not provided
05-26 00:56:34.313  2900  2900 E display : VPP should be assigned to FramebufferTarget but it was failed ret(0)
05-26 00:56:34.314  2900  2900 E display : [PrimaryDisplay] framebuffer target expected, but not provided
05-26 00:56:34.347  2900  2900 E display : VPP should be assigned to FramebufferTarget but it was failed ret(0)
05-26 00:56:34.348  2900  2900 E display : [PrimaryDisplay] framebuffer target expected, but not provided
05-26 00:56:34.357  3419  3419 I AudioFlinger: loadHwModule() Loaded primary audio interface from Samsung audio HW HAL (audio) handle 1
05-26 00:56:34.357  3419  3419 I AudioFlinger: openOutput(), module 1 Device 2, SamplingRate 48000, Format 0x000001, Channels 3, flags a
05-26 00:56:34.357  3419  3419 I AudioFlinger: AudioStreamOut::open(), mHalFormatIsLinearPcm = 1
05-26 00:56:34.357  3419  3419 I AudioFlinger: HAL output buffer size 1024 frames, normal sink buffer size 1024 frames
05-26 00:56:34.358  3419  3419 W EffectsFactory: loadLibrary() failed to open /system/lib/soundfx/libaudioeffectoffload.so
05-26 00:56:34.359  3419  3419 W EffectsFactory: loadLibrary() failed to open /system/lib/soundfx/libexynosvisualizer.so
05-26 00:56:34.360  3419  3419 W EffectsFactory: loadLibrary() failed to open /system/lib/libmysound.so
05-26 00:56:34.360  3419  3419 W EffectsFactory: loadLibrary() failed to open /system/lib/soundfx/libmyspace.so
05-26 00:56:34.360  3419  3419 W EffectsFactory: loadLibrary() failed to open /system/lib/libaudiosa.so
05-26 00:56:34.360  3419  3419 W EffectsFactory: loadLibrary() failed to open /system/lib/soundfx/libaudiosaplus_sec.so
05-26 00:56:34.360  3419  3419 W EffectsFactory: loadLibrary() failed to open /system/lib/libsamsungSoundbooster_plus.so
05-26 00:56:34.360  3419  3419 W EffectsFactory: loadEffect() could not get library soundbooster_plus
05-26 00:56:34.361  3419  3419 W EffectsFactory: addSubEffect() could not get library soundalive_sec
05-26 00:56:34.361  3419  3419 W EffectsFactory: loadEffect() could not add subEffect 
05-26 00:56:34.361  3419  3419 W EffectsFactory: loadEffect() could not get library soundalive
05-26 00:56:34.361  3419  3419 W EffectsFactory: loadEffect() could not get library soundalive
05-26 00:56:34.361  3419  3419 W EffectsFactory: loadEffect() could not get library soundalive
05-26 00:56:34.361  3419  3419 W EffectsFactory: addSubEffect() could not get library visualizer_hw
05-26 00:56:34.361  3419  3419 W EffectsFactory: loadEffect() could not add subEffect 
05-26 00:56:34.361  3419  3419 W EffectsFactory: addSubEffect() could not get library mysound
05-26 00:56:34.361  3419  3419 W EffectsFactory: loadEffect() could not add subEffect 
05-26 00:56:34.361  3419  3419 W EffectsFactory: addSubEffect() could not get library myspace
05-26 00:56:34.361  3419  3419 W EffectsFactory: loadEffect() could not add subEffect 
05-26 00:56:34.361  3419  3419 I BufferProvider: found effect "Multichannel Downmix To Stereo" from The Android Open Source Project
05-26 00:56:34.361  3419  3419 I AudioFlinger: Using module 1 has the primary audio interface
05-26 00:56:34.361  3419  3423 I AudioFlinger: AudioFlinger's thread 0xf4c80000 ready to run
05-26 00:56:34.361  3419  3423 V audio_hw_primary: do_out_standby: output standby: 1
05-26 00:56:34.361  3419  3423 V audio_hw_primary: out_set_parameters: key value pairs: routing=2
05-26 00:56:34.361  3419  3423 E AudioFlinger: no wake lock to update!
05-26 00:56:34.362  3419  3419 I AudioFlinger: openOutput(), module 1 Device 2, SamplingRate 48000, Format 0x000001, Channels 3, flags 4
05-26 00:56:34.362  3419  3419 I AudioFlinger: AudioStreamOut::open(), mHalFormatIsLinearPcm = 1
05-26 00:56:34.362  3419  3419 I AudioFlinger: HAL output buffer size 256 frames, normal sink buffer size 960 frames
05-26 00:56:34.362  3419  3419 E MonoPipe: Failed to fetch local time frequency when constructing a MonoPipe (res = -32).  getNextWriteTimestamp calls will be non-functional
05-26 00:56:34.362  3419  3425 I AudioFlinger: AudioFlinger's thread 0xf4900000 ready to run
05-26 00:56:34.362  3419  3425 V audio_hw_primary: do_out_standby: output standby: 1
05-26 00:56:34.362  3419  3425 V audio_hw_primary: out_set_parameters: key value pairs: routing=2
05-26 00:56:34.362  3419  3425 E AudioFlinger: no wake lock to update!
05-26 00:56:34.362  3419  3419 V audio_hw_primary: adev_open_input_stream: Requesting input stream with rate: 48000, channels: 0xc
05-26 00:56:34.363  3419  3426 I AudioFlinger: AudioFlinger's thread 0xf4600000 ready to run
05-26 00:56:34.363  3419  3419 I bt_a2dp_hw: adev_open:  adev_open in A2dp_hw module
05-26 00:56:34.363  3419  3419 I AudioFlinger: loadHwModule() Loaded a2dp audio interface from A2DP Audio HW HAL (audio) handle 5
05-26 00:56:34.364  3419  3419 I AudioFlinger: loadHwModule() Loaded usb audio interface from USB audio HW HAL (audio) handle 6
05-26 00:56:34.364  3419  3419 I r_submix: adev_open(name=audio_hw_if)
05-26 00:56:34.364  3419  3419 I r_submix: adev_init_check()
05-26 00:56:34.364  3419  3419 I AudioFlinger: loadHwModule() Loaded r_submix audio interface from Wifi Display audio HAL (audio) handle 7
05-26 00:56:34.364  3419  3419 D r_submix: adev_open_input_stream(addr=0)
05-26 00:56:34.364  3419  3419 D r_submix: submix_audio_device_create_pipe_l(addr=0, idx=9)
05-26 00:56:34.364  3419  3419 D r_submix:   now using address 0 for route 9
05-26 00:56:34.364  3419  3427 I AudioFlinger: AudioFlinger's thread 0xf4580000 ready to run
05-26 00:56:34.364  3419  3419 D r_submix: adev_close_input_stream()
05-26 00:56:34.364  3419  3419 D r_submix: submix_audio_device_release_pipe_l(idx=9) addr=0
05-26 00:56:34.364  3419  3419 D r_submix: submix_audio_device_destroy_pipe_l(): pipe destroyed
05-26 00:56:34.365  3419  3419 F libc    : Fatal signal 11 (SIGSEGV), code 1, fault addr 0x0 in tid 3419 (mediaserver)
05-26 00:56:34.365  2903  2903 I DEBUG   : property debug.db.uid not set; NOT waiting for gdb.
05-26 00:56:34.365  2903  2903 I DEBUG   : HINT: adb shell setprop debug.db.uid 100000
05-26 00:56:34.365  2903  2903 I DEBUG   : HINT: adb forward tcp:5039 tcp:5039
05-26 00:56:34.380  2900  2900 E display : VPP should be assigned to FramebufferTarget but it was failed ret(0)
05-26 00:56:34.382  2900  2900 E display : [PrimaryDisplay] framebuffer target expected, but not provided
05-26 00:56:34.414  2900  2900 E display : VPP should be assigned to FramebufferTarget but it was failed ret(0)
05-26 00:56:34.416  2900  2900 E display : [PrimaryDisplay] framebuffer target expected, but not provided
05-26 00:56:34.448  2900  2900 E display : VPP should be assigned to FramebufferTarget but it was failed ret(0)
05-26 00:56:34.450  2900  2900 E display : [PrimaryDisplay] framebuffer target expected, but not provided
05-26 00:56:34.465  2903  2903 F DEBUG   : *** *** *** *** *** *** *** *** *** *** *** *** *** *** *** ***
05-26 00:56:34.465  2903  2903 F DEBUG   : Build fingerprint: 'samsung/cm_hero2ltexx/hero2ltexx:6.0.1/MOB30J/e2cda30d7b:eng/test-keys'
05-26 00:56:34.465  2903  2903 F DEBUG   : Revision: '0'
05-26 00:56:34.465  2903  2903 F DEBUG   : ABI: 'arm'
05-26 00:56:34.465  2903  2903 F DEBUG   : pid: 3419, tid: 3419, name: mediaserver  >>> /system/bin/mediaserver <<<
05-26 00:56:34.465  2903  2903 F DEBUG   : signal 11 (SIGSEGV), code 1 (SEGV_MAPERR), fault addr 0x0
05-26 00:56:34.468  2903  2903 F DEBUG   :     r0 f4d1e8f4  r1 00000000  r2 65732020  r3 00000007
05-26 00:56:34.468  2903  2903 F DEBUG   :     r4 00000008  r5 f4d1e8f2  r6 f770dbe0  r7 ffd56854
05-26 00:56:34.468  2903  2903 F DEBUG   :     r8 f4d7e00c  r9 f770b431  sl f770b635  fp f4d1e8f2
05-26 00:56:34.468  2903  2903 F DEBUG   :     ip 00000000  sp ffd56810  lr f77064f7  pc f72593c8  cpsr 600f0010
05-26 00:56:34.469  2903  2903 F DEBUG   : 
05-26 00:56:34.469  2903  2903 F DEBUG   : backtrace:
05-26 00:56:34.469  2903  2903 F DEBUG   :     #00 pc 000183c8  /system/lib/libc.so (strcmp+152)
05-26 00:56:34.469  2903  2903 F DEBUG   :     #01 pc 000084f3  /system/lib/libaudiopolicyservice.so
05-26 00:56:34.469  2903  2903 F DEBUG   :     #02 pc 0001f850  [stack]
05-26 00:56:34.482  2900  2900 E display : VPP should be assigned to FramebufferTarget but it was failed ret(0)
05-26 00:56:34.483  2900  2900 E display : [PrimaryDisplay] framebuffer target expected, but not provided
05-26 00:56:34.509  2903  2903 F DEBUG   : 
05-26 00:56:34.509  2903  2903 F DEBUG   : Tombstone written to: /data/tombstones/tombstone_06
05-26 00:56:34.499  3419  3419 W mediaserver: type=1701 audit(0.0:143): auid=4294967295 uid=1013 gid=1005 ses=4294967295 exe="/system/bin/mediaserver" sig=11
05-26 00:56:34.512  2899  2899 I ServiceManager: service 'media.audio_flinger' died
05-26 00:56:34.512  2899  2899 I ServiceManager: service 'media.player' died
05-26 00:56:34.512  2899  2899 I ServiceManager: service 'media.resource_manager' died
05-26 00:56:34.512  2899  2899 I ServiceManager: service 'media.camera' died
05-26 00:56:34.516  2900  2900 E display : VPP should be assigned to FramebufferTarget but it was failed ret(0)
05-26 00:56:34.517  2900  2900 E display : [PrimaryDisplay] framebuffer target expected, but not provided
05-26 00:56:34.550  2900  2900 E display : VPP should be assigned to FramebufferTarget but it was failed ret(0)
05-26 00:56:34.551  2900  2900 E display : [PrimaryDisplay] framebuffer target expected, but not provided
05-26 00:56:34.584  2900  2900 E display : VPP should be assigned to FramebufferTarget but it was failed ret(0)
05-26 00:56:34.585  2900  2900 E display : [PrimaryDisplay] framebuffer target expected, but not provided
05-26 00:56:34.618  2900  2900 E display : VPP should be assigned to FramebufferTarget but it was failed ret(0)
05-26 00:56:34.619  2900  2900 E display : [PrimaryDisplay] framebuffer target expected, but not provided
05-26 00:56:34.652  2900  2900 E display : VPP should be assigned to FramebufferTarget but it was failed ret(0)
05-26 00:56:34.653  2900  2900 E display : [PrimaryDisplay] framebuffer target expected, but not provided
05-26 00:56:34.686  2900  2900 E display : VPP should be assigned to FramebufferTarget but it was failed ret(0)
05-26 00:56:34.687  2900  2900 E display : [PrimaryDisplay] framebuffer target expected, but not provided
05-26 00:56:34.715  3339  3339 W Zygote  : Got error connecting to zygote, retrying. msg= No such file or directory
05-26 00:56:34.720  2900  2900 E display : VPP should be assigned to FramebufferTarget but it was failed ret(0)
05-26 00:56:34.721  2900  2900 E display : [PrimaryDisplay] framebuffer target expected, but not provided
05-26 00:56:34.753  2900  2900 E display : VPP should be assigned to FramebufferTarget but it was failed ret(0)
05-26 00:56:34.755  2900  2900 E display : [PrimaryDisplay] framebuffer target expected, but not provided
05-26 00:56:34.787  2900  2900 E display : VPP should be assigned to FramebufferTarget but it was failed ret(0)
05-26 00:56:34.789  2900  2900 E display : [PrimaryDisplay] framebuffer target expected, but not provided
05-26 00:56:34.821  2900  2900 E display : VPP should be assigned to FramebufferTarget but it was failed ret(0)
05-26 00:56:34.822  2900  2900 E display : [PrimaryDisplay] framebuffer target expected, but not provided
05-26 00:56:34.855  2900  2900 E display : VPP should be assigned to FramebufferTarget but it was failed ret(0)
05-26 00:56:34.856  2900  2900 E display : [PrimaryDisplay] framebuffer target expected, but not provided
05-26 00:56:34.889  2900  2900 E display : VPP should be assigned to FramebufferTarget but it was failed ret(0)
05-26 00:56:34.890  2900  2900 E display : [PrimaryDisplay] framebuffer target expected, but not provided
05-26 00:56:34.923  2900  2900 E display : VPP should be assigned to FramebufferTarget but it was failed ret(0)
05-26 00:56:34.924  2900  2900 E display : [PrimaryDisplay] framebuffer target expected, but not provided
05-26 00:56:34.957  2900  2900 E display : VPP should be assigned to FramebufferTarget but it was failed ret(0)
05-26 00:56:34.958  2900  2900 E display : [PrimaryDisplay] framebuffer target expected, but not provided
05-26 00:56:34.991  2900  2900 E display : VPP should be assigned to FramebufferTarget but it was failed ret(0)
05-26 00:56:34.992  2900  2900 E display : [PrimaryDisplay] framebuffer target expected, but not provided
05-26 00:56:35.025  2900  2900 E display : VPP should be assigned to FramebufferTarget but it was failed ret(0)
05-26 00:56:35.026  2900  2900 E display : [PrimaryDisplay] framebuffer target expected, but not provided
05-26 00:56:35.059  2900  2900 E display : VPP should be assigned to FramebufferTarget but it was failed ret(0)
05-26 00:56:35.060  2900  2900 E display : [PrimaryDisplay] framebuffer target expected, but not provided
05-26 00:56:35.093  2900  2900 E display : VPP should be assigned to FramebufferTarget but it was failed ret(0)
05-26 00:56:35.094  2900  2900 E display : [PrimaryDisplay] framebuffer target expected, but not provided
05-26 00:56:35.126  2900  2900 E display : VPP should be assigned to FramebufferTarget but it was failed ret(0)
05-26 00:56:35.128  2900  2900 E display : [PrimaryDisplay] framebuffer target expected, but not provided
05-26 00:56:35.160  2900  2900 E display : VPP should be assigned to FramebufferTarget but it was failed ret(0)
05-26 00:56:35.162  2900  2900 E display : [PrimaryDisplay] framebuffer target expected, but not provided
05-26 00:56:35.194  2900  2900 E display : VPP should be assigned to FramebufferTarget but it was failed ret(0)
05-26 00:56:35.195  2900  2900 E display : [PrimaryDisplay] framebuffer target expected, but not provided
05-26 00:56:35.228  2900  2900 E display : VPP should be assigned to FramebufferTarget but it was failed ret(0)
05-26 00:56:35.229  2900  2900 E display : [PrimaryDisplay] framebuffer target expected, but not provided
05-26 00:56:35.262  2900  2900 E display : VPP should be assigned to FramebufferTarget but it was failed ret(0)
05-26 00:56:35.263  2900  2900 E display : [PrimaryDisplay] framebuffer target expected, but not provided
05-26 00:56:35.296  2900  2900 E display : VPP should be assigned to FramebufferTarget but it was failed ret(0)
05-26 00:56:35.297  2900  2900 E display : [PrimaryDisplay] framebuffer target expected, but not provided
05-26 00:56:35.330  2900  2900 E display : VPP should be assigned to FramebufferTarget but it was failed ret(0)
05-26 00:56:35.331  2900  2900 E display : [PrimaryDisplay] framebuffer target expected, but not provided
05-26 00:56:35.364  2900  2900 E display : VPP should be assigned to FramebufferTarget but it was failed ret(0)
05-26 00:56:35.365  2900  2900 E display : [PrimaryDisplay] framebuffer target expected, but not provided
05-26 00:56:35.398  2900  2900 E display : VPP should be assigned to FramebufferTarget but it was failed ret(0)
05-26 00:56:35.399  2900  2900 E display : [PrimaryDisplay] framebuffer target expected, but not provided
05-26 00:56:35.431  2900  2900 E display : VPP should be assigned to FramebufferTarget but it was failed ret(0)
05-26 00:56:35.432  2900  2900 E display : [PrimaryDisplay] framebuffer target expected, but not provided
05-26 00:56:35.465  2900  2900 E display : VPP should be assigned to FramebufferTarget but it was failed ret(0)
05-26 00:56:35.467  2900  2900 E display : [PrimaryDisplay] framebuffer target expected, but not provided
05-26 00:56:35.499  2900  2900 E display : VPP should be assigned to FramebufferTarget but it was failed ret(0)
05-26 00:56:35.500  2900  2900 E display : [PrimaryDisplay] framebuffer target expected, but not provided
05-26 00:56:35.533  2900  2900 E display : VPP should be assigned to FramebufferTarget but it was failed ret(0)
05-26 00:56:35.535  2900  2900 E display : [PrimaryDisplay] framebuffer target expected, but not provided
05-26 00:56:35.550  2900  2900 E display : VPP should be assigned to FramebufferTarget but it was failed ret(0)
05-26 00:56:35.551  2900  2900 E display : [PrimaryDisplay] framebuffer target expected, but not provided
05-26 00:56:35.584  2900  2900 E display : VPP should be assigned to FramebufferTarget but it was failed ret(0)
05-26 00:56:35.585  2900  2900 E display : [PrimaryDisplay] framebuffer target expected, but not provided
05-26 00:56:35.618  2900  2900 E display : VPP should be assigned to FramebufferTarget but it was failed ret(0)
05-26 00:56:35.619  2900  2900 E display : [PrimaryDisplay] framebuffer target expected, but not provided
05-26 00:56:35.652  2900  2900 E display : VPP should be assigned to FramebufferTarget but it was failed ret(0)
05-26 00:56:35.653  2900  2900 E display : [PrimaryDisplay] framebuffer target expected, but not provided
05-26 00:56:35.686  2900  2900 E display : VPP should be assigned to FramebufferTarget but it was failed ret(0)
05-26 00:56:35.687  2900  2900 E display : [PrimaryDisplay] framebuffer target expected, but not provided
05-26 00:56:35.716  3339  3339 W Zygote  : Got error connecting to zygote, retrying. msg= No such file or directory
05-26 00:56:35.719  2900  2900 E display : VPP should be assigned to FramebufferTarget but it was failed ret(0)
05-26 00:56:35.721  2900  2900 E display : [PrimaryDisplay] framebuffer target expected, but not provided
05-26 00:56:35.753  2900  2900 E display : VPP should be assigned to FramebufferTarget but it was failed ret(0)
