--------- beginning of main
06-22 07:24:47.462  3057  3057 W auditd  : type=1325 audit(0.0:2): table=filter family=2 entries=0
06-22 07:24:47.462  3057  3057 W auditd  : type=1325 audit(0.0:3): table=mangle family=2 entries=0
06-22 07:24:47.462  3057  3057 W auditd  : type=1325 audit(0.0:4): table=nat family=2 entries=0
06-22 07:24:47.462  3057  3057 W auditd  : type=1325 audit(0.0:5): table=raw family=2 entries=0
06-22 07:24:47.462  3057  3057 W auditd  : type=1325 audit(0.0:6): table=security family=2 entries=0
06-22 07:24:47.462  3057  3057 W auditd  : type=1325 audit(0.0:7): table=filter family=3 entries=0
06-22 07:24:47.462  3057  3057 W auditd  : type=1325 audit(0.0:8): table=filter family=10 entries=0
06-22 07:24:47.462  3057  3057 W auditd  : type=1325 audit(0.0:9): table=mangle family=10 entries=0
06-22 07:24:47.462  3057  3057 W auditd  : type=1325 audit(0.0:10): table=raw family=10 entries=0
06-22 07:24:47.462  3057  3057 W auditd  : type=1325 audit(0.0:11): table=nat family=10 entries=0
06-22 07:24:47.849  3057  3057 W auditd  : type=1305 audit(0.0:12): audit_pid=2905 old=0 auid=4294967295 ses=4294967295 res=1
06-22 07:24:47.849  3057  3057 W auditd  : type=1305 audit(0.0:13): audit_rate_limit=20 old=0 auid=4294967295 ses=4294967295 res=1
--------- beginning of system
06-22 07:24:47.876  2906  2906 I vold    : Vold 3.0 (the awakening) firing up
06-22 07:24:47.876  2906  2906 V vold    : Detected support for: exfat ext4 ntfs vfat
06-22 07:24:47.880  2920  2920 I McDaemon: Daemon starting up...
06-22 07:24:47.880  2920  2920 I McDaemon: Socket interface version is 0.2
06-22 07:24:47.880  2920  2920 I McDaemon: Build by artcas01@artcas01-PC 11/30/15 10:06:36
06-22 07:24:47.880  2920  2920 I McDaemon: Build timestamp is Jun 22 2016 03:17:52
06-22 07:24:47.881  2920  2920 E McDaemon:   *****************************
06-22 07:24:47.881  2920  2920 E McDaemon:   *** ERROR: ioctl MC_IO_VERSION failed with "Not a typewriter"(errno 25)
06-22 07:24:47.881  2920  2920 E McDaemon:   *** Detected in checkVersion/540()
06-22 07:24:47.881  2920  2920 E McDaemon:   *****************************
06-22 07:24:47.881  2920  2920 E McDaemon:   *****************************
06-22 07:24:47.881  2920  2920 E McDaemon:   *** ERROR: ret = -1
06-22 07:24:47.881  2920  2920 E McDaemon:   *** Detected in checkVersion/541()
06-22 07:24:47.881  2920  2920 E McDaemon:   *****************************
06-22 07:24:47.881  2920  2920 E McDaemon:   *****************************
06-22 07:24:47.881  2920  2920 E McDaemon:   *** ERROR: kernel module version mismatch
06-22 07:24:47.881  2920  2920 E McDaemon:   *** Detected in initDevice/115()
06-22 07:24:47.881  2920  2920 E McDaemon:   *****************************
06-22 07:24:47.881  2920  2920 E McDaemon:   *****************************
06-22 07:24:47.881  2920  2920 E McDaemon:   *** ERROR: Could not initialize <t-base!
06-22 07:24:47.881  2920  2920 E McDaemon:   *** Detected in run/129()
06-22 07:24:47.881  2920  2920 E McDaemon:   *****************************
06-22 07:24:47.881  2920  2920 E McDaemon:   *****************************
06-22 07:24:47.881  2920  2920 E McDaemon:   *** ERROR: Exiting <t-base Daemon
06-22 07:24:47.881  2920  2920 E McDaemon:   *** Detected in main/1432()
06-22 07:24:47.881  2920  2920 E McDaemon:   *****************************
06-22 07:24:47.882  2921  2921 I sysinit : Running /system/etc/init.d/00banner 
06-22 07:24:47.887  2917  2917 I lowmemorykiller: Using in-kernel low memory killer interface
06-22 07:24:47.892  2953  2953 I installd: installd firing up
06-22 07:24:47.898  2947  2947 I Netd    : Netd 1.0 starting
06-22 07:24:47.898  2947  2947 I QtiConnectivityAdapter: Failed to open libconnctrl, some features may not be present.
06-22 07:24:47.898  2947  2947 D TetherController: Setting IP forward enable = 0
06-22 07:24:47.899  2962  2962 I perfprofd: starting Android Wide Profiling daemon
06-22 07:24:47.899  2962  2962 E perfprofd: unable to open configuration file /data/data/com.google.android.gms/files/perfprofd.conf
06-22 07:24:47.899  2949  2949 I DEBUG   : debuggerd: starting
06-22 07:24:47.899  2962  2962 I perfprofd: random seed set to 1093531733
06-22 07:24:47.909  2961  2961 I cm      : ____ _   _ ____ _  _ ____ ____ ____ _  _ _  _ ____ ___ 
06-22 07:24:47.910  2919  2919 I SurfaceFlinger: SurfaceFlinger is starting
06-22 07:24:47.911  2919  2919 I SurfaceFlinger: SurfaceFlinger's main thread ready to run. Initializing graphics H/W...
06-22 07:24:47.912  2964  2964 I fingerprintd: Starting fingerprintd
06-22 07:24:47.917  3028  3028 I cm      : |     \_/  |__| |\ | |  | | __ |___ |\ | |\/| |  | |  \ 
06-22 07:24:47.917  2954  2954 I keystore: Found keymaster0 module Keymaster OpenSSL HAL, version 2
06-22 07:24:47.917  2954  2954 I SoftKeymaster: system/keymaster/soft_keymaster_device.cpp, Line 122: Creating device
06-22 07:24:47.917  2954  2954 D SoftKeymaster: system/keymaster/soft_keymaster_device.cpp, Line 123: Device address: 0x7f960a3000
06-22 07:24:47.918  2954  2954 I keystore: Keymaster0 module is software-only.  Using SoftKeymasterDevice instead.
06-22 07:24:47.918  2954  2954 I SoftKeymaster: system/keymaster/soft_keymaster_device.cpp, Line 122: Creating device
06-22 07:24:47.918  2954  2954 D SoftKeymaster: system/keymaster/soft_keymaster_device.cpp, Line 123: Device address: 0x7f960a3300
06-22 07:24:47.918  2954  2954 I keystore: SELinux: Keystore SELinux is disabled.
06-22 07:24:47.928  2959  2959 I gatekeeperd: Starting gatekeeperd...
06-22 07:24:47.928  2959  2959 W gatekeeperd: falling back to software GateKeeper
06-22 07:24:47.928  2959  2959 I gatekeeperd: cold boot: clearing state
06-22 07:24:47.929  3039  3039 I cm      : |___   |   |  | | \| |__| |__] |___ | \| |  | |__| |__/ 
06-22 07:24:47.931  2948  2948 I DEBUG   : debuggerd: starting
06-22 07:24:47.939  3057  3057 W auditd  : type=1325 audit(0.0:14): table=filter family=2 entries=4
06-22 07:24:47.939  3057  3057 W auditd  : type=1320 audit(0.0:14): 
06-22 07:24:47.949  3057  3057 W auditd  : type=1325 audit(0.0:15): table=filter family=10 entries=4
06-22 07:24:47.949  3057  3057 W auditd  : type=1320 audit(0.0:15): 
06-22 07:24:47.949  3057  3057 W auditd  : type=1325 audit(0.0:16): table=filter family=2 entries=6
06-22 07:24:47.949  3057  3057 W auditd  : type=1320 audit(0.0:16): 
06-22 07:24:47.949  3047  3047 I cm      : Welcome to Android 6.0.1 / CyanogenMod-13.0-20160622-UNOFFICIAL-hero2ltexx 
06-22 07:24:47.958  3049  3049 I sysinit : Running /system/etc/init.d/90userinit 
06-22 07:24:47.959  3057  3057 W auditd  : type=1325 audit(0.0:17): table=filter family=10 entries=6
06-22 07:24:47.959  3057  3057 W auditd  : type=1320 audit(0.0:17): 
06-22 07:24:47.966  2919  2919 D libEGL  : loaded /vendor/lib64/egl/libGLES_mali.so
06-22 07:24:47.991  2919  2919 I gralloc : using (id=)
06-22 07:24:47.991  2919  2919 I gralloc : xres         = 1440 px
06-22 07:24:47.991  2919  2919 I gralloc : yres         = 2560 px
06-22 07:24:47.991  2919  2919 I gralloc : width        = 68 mm (537.882324 dpi)
06-22 07:24:47.991  2919  2919 I gralloc : height       = 122 mm (532.983582 dpi)
06-22 07:24:47.991  2919  2919 I gralloc : refresh rate = 59.31 Hz
06-22 07:24:47.999  3057  3057 W auditd  : type=1325 audit(0.0:18): table=filter family=2 entries=7
06-22 07:24:47.999  3057  3057 W auditd  : type=1320 audit(0.0:18): 
06-22 07:24:47.999  3057  3057 W auditd  : type=1325 audit(0.0:19): table=filter family=10 entries=7
06-22 07:24:47.999  3057  3057 W auditd  : type=1320 audit(0.0:19): 
06-22 07:24:48.009  3057  3057 W auditd  : type=1325 audit(0.0:20): table=filter family=2 entries=9
06-22 07:24:48.009  3057  3057 W auditd  : type=1320 audit(0.0:20): 
06-22 07:24:48.009  3057  3057 W auditd  : type=1325 audit(0.0:21): table=filter family=10 entries=9
06-22 07:24:48.009  3057  3057 W auditd  : type=1320 audit(0.0:21): 
06-22 07:24:48.017  2919  2919 D hwcomposer: using
06-22 07:24:48.017  2919  2919 D hwcomposer: xres         = 1440 px
06-22 07:24:48.017  2919  2919 D hwcomposer: yres         = 2560 px
06-22 07:24:48.017  2919  2919 D hwcomposer: width        = 68 mm (537.882000 dpi)
06-22 07:24:48.017  2919  2919 D hwcomposer: height       = 122 mm (532.983000 dpi)
06-22 07:24:48.017  2919  2919 D hwcomposer: refresh rate = 59 Hz
06-22 07:24:48.018  2919  2919 I hwcomposer: PSR info devname = /sys/devices/13960000.decon_f/psr_info
06-22 07:24:48.018  2919  2919 I hwcomposer: PSR mode is 6(0: video mode, 1: DP PSR mode, 2: MIPI-DSI command mode)
06-22 07:24:48.018  2919  2919 I SurfaceFlinger: Using composer version 1.3
06-22 07:24:48.018  2919  2919 E display : unknown display attribute 6
06-22 07:24:48.018  2919  2919 I SurfaceFlinger: EGL information:
06-22 07:24:48.018  2919  2919 I SurfaceFlinger: vendor    : Android
06-22 07:24:48.018  2919  2919 I SurfaceFlinger: version   : 1.4 Android META-EGL
06-22 07:24:48.018  2919  2919 I SurfaceFlinger: extensions: EGL_KHR_get_all_proc_addresses EGL_ANDROID_presentation_time EGL_KHR_swap_buffers_with_damage EGL_KHR_image EGL_KHR_image_base EGL_KHR_gl_texture_2D_image EGL_KHR_gl_texture_cubemap_image EGL_KHR_gl_renderbuffer_image EGL_KHR_fence_sync EGL_KHR_create_context EGL_KHR_config_attribs EGL_KHR_surfaceless_context EGL_EXT_create_context_robustness EGL_ANDROID_image_native_buffer EGL_KHR_wait_sync EGL_ANDROID_recordable EGL_KHR_partial_update 
06-22 07:24:48.018  2919  2919 I SurfaceFlinger: Client API: OpenGL_ES
06-22 07:24:48.018  2919  2919 I SurfaceFlinger: EGLSurface: 8-8-8-8, config=0x7f7af50128
06-22 07:24:48.019  2919  2919 D         : ro.exynos.dss isEnabled: 0
06-22 07:24:48.025  2919  2919 I SurfaceFlinger: OpenGL ES informations:
06-22 07:24:48.025  2919  2919 I SurfaceFlinger: vendor    : ARM
06-22 07:24:48.025  2919  2919 I SurfaceFlinger: renderer  : Mali-T880
06-22 07:24:48.025  2919  2919 I SurfaceFlinger: version   : OpenGL ES 3.1 v1.r9p0-12dev0.c2bae768d87bf40047e1f310c8de7f16
06-22 07:24:48.025  2919  2919 I SurfaceFlinger: extensions: GL_EXT_debug_marker GL_ARM_rgba8 GL_ARM_mali_shader_binary GL_OES_depth24 GL_OES_depth_texture GL_OES_depth_texture_cube_map GL_OES_packed_depth_stencil GL_OES_rgb8_rgba8 GL_EXT_read_format_bgra GL_OES_compressed_paletted_texture GL_OES_compressed_ETC1_RGB8_texture GL_OES_standard_derivatives GL_OES_EGL_image GL_OES_EGL_image_external GL_OES_EGL_sync GL_OES_texture_npot GL_OES_vertex_half_float GL_OES_required_internalformat GL_OES_vertex_array_object GL_OES_mapbuffer GL_EXT_texture_format_BGRA8888 GL_EXT_texture_rg GL_EXT_texture_type_2_10_10_10_REV GL_OES_fbo_render_mipmap GL_OES_element_index_uint GL_EXT_shadow_samplers GL_OES_texture_compression_astc GL_KHR_texture_compression_astc_ldr GL_KHR_texture_compression_astc_hdr GL_KHR_debug GL_EXT_occlusion_query_boolean GL_EXT_disjoint_timer_query GL_EXT_blend_minmax GL_EXT_discard_framebuffer GL_OES_get_program_binary GL_OES_texture_3D GL_EXT_texture_storage GL_EXT_multisampled_render_to_texture GL_OES_surfaceless_context GL_OES_texture_stencil8 G
06-22 07:24:48.025  2919  2919 I SurfaceFlinger: GL_MAX_TEXTURE_SIZE = 8192
06-22 07:24:48.025  2919  2919 I SurfaceFlinger: GL_MAX_VIEWPORT_DIMS = 8192
06-22 07:24:48.026  2919  2919 D mali_winsys: new_window_surface returns 0x3000,  [1440x2560]-format:1
06-22 07:24:48.039  3057  3057 W auditd  : type=1325 audit(0.0:22): table=filter family=2 entries=10
06-22 07:24:48.039  3057  3057 W auditd  : type=1320 audit(0.0:22): 
06-22 07:24:48.049  3057  3057 W auditd  : type=1325 audit(0.0:23): table=filter family=10 entries=10
06-22 07:24:48.049  3057  3057 W auditd  : type=1320 audit(0.0:23): 
06-22 07:24:48.049  3057  3057 W auditd  : type=1325 audit(0.0:24): table=filter family=2 entries=12
06-22 07:24:48.049  3057  3057 W auditd  : type=1320 audit(0.0:24): 
06-22 07:24:48.052  2919  2919 D SurfaceFlinger: Set power mode=2, type=0 flinger=0x7f7b403c00
06-22 07:24:48.059  3057  3057 W auditd  : type=1325 audit(0.0:25): table=filter family=10 entries=12
06-22 07:24:48.059  3057  3057 W auditd  : type=1320 audit(0.0:25): 
06-22 07:24:48.099  3057  3057 W auditd  : type=1325 audit(0.0:26): table=filter family=2 entries=13
06-22 07:24:48.099  3057  3057 W auditd  : type=1320 audit(0.0:26): 
06-22 07:24:48.108  2952  2952 I mediaserver: ServiceManager: 0xf618e120
06-22 07:24:48.108  2952  2952 I AudioFlinger: Using default 3000 mSec as standby time.
06-22 07:24:48.108  2952  2952 E BatteryNotifier: batterystats service unavailable!
06-22 07:24:48.108  2952  2952 E BatteryNotifier: batterystats service unavailable!
06-22 07:24:48.108  2952  2952 I CameraService: CameraService started (pid=2952)
06-22 07:24:48.108  2952  2952 I CameraService: CameraService process starting
06-22 07:24:48.108  2952  2952 E BatteryNotifier: batterystats service unavailable!
06-22 07:24:48.109  3057  3057 W auditd  : type=1325 audit(0.0:27): table=filter family=10 entries=13
06-22 07:24:48.109  3057  3057 W auditd  : type=1320 audit(0.0:27): 
06-22 07:24:48.109  3057  3057 W auditd  : type=1325 audit(0.0:28): table=filter family=2 entries=15
06-22 07:24:48.109  3057  3057 W auditd  : type=1320 audit(0.0:28): 
06-22 07:24:48.109  2952  2952 E BatteryNotifier: batterystats service unavailable!
06-22 07:24:48.109  2952  2952 E CameraService: Could not load camera HAL module: -2 (No such file or directory)
06-22 07:24:48.110  2952  2952 I AudioPolicyService: AudioPolicyService CSTOR in new mode
06-22 07:24:48.110  2952  2952 I APM::ConfigParsingUtils: loadAudioPolicyConfig() loaded /system/etc/audio_policy.conf
06-22 07:24:48.119  3057  3057 W auditd  : type=1325 audit(0.0:29): table=filter family=10 entries=15
06-22 07:24:48.119  3057  3057 W auditd  : type=1320 audit(0.0:29): 
06-22 07:24:48.149  3057  3057 W auditd  : type=1325 audit(0.0:30): table=filter family=2 entries=16
06-22 07:24:48.149  3057  3057 W auditd  : type=1320 audit(0.0:30): 
06-22 07:24:48.149  3057  3057 W auditd  : type=1325 audit(0.0:31): table=filter family=10 entries=16
06-22 07:24:48.149  3057  3057 W auditd  : type=1320 audit(0.0:31): 
06-22 07:24:48.159  3057  3057 W auditd  : type=1325 audit(0.0:32): table=filter family=2 entries=18
06-22 07:24:48.159  3057  3057 W auditd  : type=1320 audit(0.0:32): 
06-22 07:24:48.169  3057  3057 W auditd  : type=1325 audit(0.0:33): table=filter family=10 entries=18
06-22 07:24:48.232  3095  3122 D libEGL  : loaded /vendor/lib64/egl/libGLES_mali.so
06-22 07:24:48.251  3095  3122 D mali_winsys: new_window_surface returns 0x3000,  [1440x2560]-format:2
06-22 07:24:48.252  3095  3122 D         : ro.exynos.dss isEnabled: 0
06-22 07:24:48.256  3095  3122 E BootAnimation: couldn't find audio_conf.txt
06-22 07:24:48.265  2958  2958 D AndroidRuntime: >>>>>> START com.android.internal.os.ZygoteInit uid 0 <<<<<<
06-22 07:24:48.278  2958  2958 D AndroidRuntime: CheckJNI is ON
06-22 07:24:48.282  2958  2958 I art     : option[0]=-Xzygote
06-22 07:24:48.282  2958  2958 I art     : option[1]=-Xcheck:jni
06-22 07:24:48.282  2958  2958 I art     : option[2]=-Xstacktracefile:/data/anr/traces.txt
06-22 07:24:48.282  2958  2958 I art     : option[3]=exit
06-22 07:24:48.282  2958  2958 I art     : option[4]=vfprintf
06-22 07:24:48.282  2958  2958 I art     : option[5]=sensitiveThread
06-22 07:24:48.282  2958  2958 I art     : option[6]=-verbose:gc
06-22 07:24:48.282  2958  2958 I art     : option[7]=-Xms8m
06-22 07:24:48.282  2958  2958 I art     : option[8]=-Xmx512m
06-22 07:24:48.282  2958  2958 I art     : option[9]=-XX:HeapGrowthLimit=256m
06-22 07:24:48.282  2958  2958 I art     : option[10]=-XX:HeapMinFree=2m
06-22 07:24:48.282  2958  2958 I art     : option[11]=-XX:HeapMaxFree=8m
06-22 07:24:48.282  2958  2958 I art     : option[12]=-XX:HeapTargetUtilization=0.75
06-22 07:24:48.282  2958  2958 I art     : option[13]=-Xusejit:true
06-22 07:24:48.282  2958  2958 I art     : option[14]=-agentlib:jdwp=transport=dt_android_adb,suspend=n,server=y
06-22 07:24:48.282  2958  2958 I art     : option[15]=-Xlockprofthreshold:500
06-22 07:24:48.282  2958  2958 I art     : option[16]=-Ximage-compiler-option
06-22 07:24:48.282  2958  2958 I art     : option[17]=--runtime-arg
06-22 07:24:48.282  2958  2958 I art     : option[18]=-Ximage-compiler-option
06-22 07:24:48.282  2958  2958 I art     : option[19]=-Xms64m
06-22 07:24:48.282  2958  2958 I art     : option[20]=-Ximage-compiler-option
06-22 07:24:48.282  2958  2958 I art     : option[21]=--runtime-arg
06-22 07:24:48.282  2958  2958 I art     : option[22]=-Ximage-compiler-option
06-22 07:24:48.282  2958  2958 I art     : option[23]=-Xmx64m
06-22 07:24:48.282  2958  2958 I art     : option[24]=-Ximage-compiler-option
06-22 07:24:48.282  2958  2958 I art     : option[25]=--compiler-filter=verify-at-runtime
06-22 07:24:48.282  2958  2958 I art     : option[26]=-Ximage-compiler-option
06-22 07:24:48.282  2958  2958 I art     : option[27]=--image-classes=/system/etc/preloaded-classes
06-22 07:24:48.282  2958  2958 I art     : option[28]=-Xcompiler-option
06-22 07:24:48.282  2958  2958 I art     : option[29]=--runtime-arg
06-22 07:24:48.282  2958  2958 I art     : option[30]=-Xcompiler-option
06-22 07:24:48.282  2958  2958 I art     : option[31]=-Xms64m
06-22 07:24:48.282  2958  2958 I art     : option[32]=-Xcompiler-option
06-22 07:24:48.282  2958  2958 I art     : option[33]=--runtime-arg
06-22 07:24:48.282  2958  2958 I art     : option[34]=-Xcompiler-option
06-22 07:24:48.282  2958  2958 I art     : option[35]=-Xmx512m
06-22 07:24:48.282  2958  2958 I art     : option[36]=-Xcompiler-option
06-22 07:24:48.282  2958  2958 I art     : option[37]=--compiler-filter=verify-at-runtime
06-22 07:24:48.282  2958  2958 I art     : option[38]=-Ximage-compiler-option
06-22 07:24:48.282  2958  2958 I art     : option[39]=--instruction-set-variant=generic
06-22 07:24:48.282  2958  2958 I art     : option[40]=-Xcompiler-option
06-22 07:24:48.282  2958  2958 I art     : option[41]=--instruction-set-variant=generic
06-22 07:24:48.282  2958  2958 I art     : option[42]=-Ximage-compiler-option
06-22 07:24:48.282  2958  2958 I art     : option[43]=--instruction-set-features=default
06-22 07:24:48.282  2958  2958 I art     : option[44]=-Xcompiler-option
06-22 07:24:48.282  2958  2958 I art     : option[45]=--instruction-set-features=default
06-22 07:24:48.282  2958  2958 I art     : option[46]=-Duser.locale=en-US
06-22 07:24:48.282  2958  2958 I art     : option[47]=--cpu-abilist=arm64-v8a,armeabi
06-22 07:24:48.282  2958  2958 I art     : option[48]=-Xfingerprint:samsung/cm_hero2ltexx/hero2ltexx:6.0.1/MOB30M/b26aa368b2:eng/test-keys
06-22 07:24:48.287  3095  3122 D BootAnimation: Use save memory method, maybe small fps in actual.
06-22 07:24:48.299  2958  2958 I art     : Pruning dalvik-cache since we are generating an image and will need to recompile
06-22 07:24:48.300  2958  2958 I art     : Using an offset of 0xff9a8000 from default art base address of 0x70000000
06-22 07:24:48.300  2958  2958 I art     : GenerateImage: /system/bin/dex2oat --image=/data/dalvik-cache/arm64/system@framework@boot.art --dex-file=/system/framework/core-libart.jar --dex-file=/system/framework/conscrypt.jar --dex-file=/system/framework/okhttp.jar --dex-file=/system/framework/core-junit.jar --dex-file=/system/framework/bouncycastle.jar --dex-file=/system/framework/ext.jar --dex-file=/system/framework/framework.jar --dex-file=/system/framework/telephony-common.jar --dex-file=/system/framework/voip-common.jar --dex-file=/system/framework/ims-common.jar --dex-file=/system/framework/apache-xml.jar --dex-file=/system/framework/org.apache.http.legacy.boot.jar --oat-file=/data/dalvik-cache/arm64/system@framework@boot.oat --instruction-set=arm64 --instruction-set-features=smp,a53 --base=0x6f9a8000 --runtime-arg -Xms64m --runtime-arg -Xmx64m --compiler-filter=verify-at-runtime --image-classes=/system/etc/preloaded-classes --instruction-set-variant=generic --instruction-set-features=default
06-22 07:24:48.336  3187  3187 I dex2oat : /system/bin/dex2oat --image=/data/dalvik-cache/arm64/system@framework@boot.art --dex-file=/system/framework/core-libart.jar --dex-file=/system/framework/conscrypt.jar --dex-file=/system/framework/okhttp.jar --dex-file=/system/framework/core-junit.jar --dex-file=/system/framework/bouncycastle.jar --dex-file=/system/framework/ext.jar --dex-file=/system/framework/framework.jar --dex-file=/system/framework/telephony-common.jar --dex-file=/system/framework/voip-common.jar --dex-file=/system/framework/ims-common.jar --dex-file=/system/framework/apache-xml.jar --dex-file=/system/framework/org.apache.http.legacy.boot.jar --oat-file=/data/dalvik-cache/arm64/system@framework@boot.oat --instruction-set=arm64 --instruction-set-features=smp,a53 --base=0x6f9a8000 --runtime-arg -Xms64m --runtime-arg -Xmx64m --compiler-filter=verify-at-runtime --image-classes=/system/etc/preloaded-classes --instruction-set-variant=generic --instruction-set-features=default
06-22 07:24:48.342  3187  3187 I dex2oat : setting boot class path to /system/framework/core-libart.jar:/system/framework/conscrypt.jar:/system/framework/okhttp.jar:/system/framework/core-junit.jar:/system/framework/bouncycastle.jar:/system/framework/ext.jar:/system/framework/framework.jar:/system/framework/telephony-common.jar:/system/framework/voip-common.jar:/system/framework/ims-common.jar:/system/framework/apache-xml.jar:/system/framework/org.apache.http.legacy.boot.jar
06-22 07:24:48.448  2919  2919 D SurfaceFlinger: SF. shader cache generated - 26 shaders in 230.960220 ms
06-22 07:24:48.455  2919  2919 W display : release fence dup failed: Bad file descriptor
06-22 07:24:48.465  2919  2919 W display : release fence dup failed: Bad file descriptor
06-22 07:24:48.482  2919  2919 W display : release fence dup failed: Bad file descriptor
06-22 07:24:48.499  2919  2919 W display : release fence dup failed: Bad file descriptor
06-22 07:24:48.515  2919  2919 W display : release fence dup failed: Bad file descriptor
06-22 07:24:48.532  2919  2919 W display : release fence dup failed: Bad file descriptor
06-22 07:24:48.549  2919  2919 W display : release fence dup failed: Bad file descriptor
06-22 07:24:48.583  2919  2919 W display : release fence dup failed: Bad file descriptor
06-22 07:24:48.617  2919  2919 W display : release fence dup failed: Bad file descriptor
06-22 07:24:48.651  2919  2919 W display : release fence dup failed: Bad file descriptor
06-22 07:24:48.674  2952  2952 E audio_route: Failed to open /system/etc/mixer_paths.xml
06-22 07:24:48.679  2952  2952 I AudioFlinger: loadHwModule() Loaded primary audio interface from Samsung audio HW HAL (audio) handle 1
06-22 07:24:48.679  2952  2952 I AudioFlinger: openOutput(), module 1 Device 2, SamplingRate 44100, Format 0x000001, Channels 3, flags 2
06-22 07:24:48.679  2952  2952 I AudioFlinger: AudioStreamOut::open(), mHalFormatIsLinearPcm = 1
06-22 07:24:48.679  2952  2952 I AudioFlinger: HAL output buffer size 256 frames, normal sink buffer size 960 frames
06-22 07:24:48.685  2919  2919 W display : release fence dup failed: Bad file descriptor
06-22 07:24:48.685  2952  2952 I BufferProvider: found effect "Multichannel Downmix To Stereo" from The Android Open Source Project
06-22 07:24:48.685  2952  2952 E MonoPipe: Failed to fetch local time frequency when constructing a MonoPipe (res = -32).  getNextWriteTimestamp calls will be non-functional
06-22 07:24:48.685  2952  2952 I AudioFlinger: Using module 1 has the primary audio interface
06-22 07:24:48.685  2952  3285 I AudioFlinger: AudioFlinger's thread 0xf4680000 ready to run
06-22 07:24:48.686  2952  3285 V audio_hw_primary: do_out_standby: output standby: 1
06-22 07:24:48.686  2952  3285 V audio_hw_primary: out_set_parameters: key value pairs: routing=2
06-22 07:24:48.686  2952  3285 E AudioFlinger: no wake lock to update!
06-22 07:24:48.686  2952  2952 V audio_hw_primary: adev_open_input_stream: Created resampler converting 48000 -> 16000
06-22 07:24:48.686  2952  2952 V audio_hw_primary: adev_open_input_stream: Requesting input stream with rate: 16000, channels: 0xc
06-22 07:24:48.686  2952  3286 I AudioFlinger: AudioFlinger's thread 0xf42c0000 ready to run
06-22 07:24:48.688  2952  2952 I r_submix: adev_open(name=audio_hw_if)
06-22 07:24:48.688  2952  2952 I r_submix: adev_init_check()
06-22 07:24:48.688  2952  2952 I AudioFlinger: loadHwModule() Loaded r_submix audio interface from Wifi Display audio HAL (audio) handle 4
06-22 07:24:48.688  2952  2952 D r_submix: adev_open_input_stream(addr=0)
06-22 07:24:48.688  2952  2952 D r_submix: submix_audio_device_create_pipe_l(addr=0, idx=9)
06-22 07:24:48.688  2952  2952 D r_submix:   now using address 0 for route 9
06-22 07:24:48.688  2952  3287 I AudioFlinger: AudioFlinger's thread 0xf42c0000 ready to run
06-22 07:24:48.688  2952  2952 D r_submix: adev_close_input_stream()
06-22 07:24:48.688  2952  2952 D r_submix: submix_audio_device_release_pipe_l(idx=9) addr=0
06-22 07:24:48.688  2952  2952 D r_submix: submix_audio_device_destroy_pipe_l(): pipe destroyed
06-22 07:24:48.689  2952  2952 E SoundTriggerHwService: couldn't load sound trigger module sound_trigger.primary (No such file or directory)
06-22 07:24:48.689  2952  2952 I RadioService: RadioService
06-22 07:24:48.689  2952  2952 I RadioService: onFirstRef
06-22 07:24:48.689  2952  2952 E RadioService: couldn't load radio module radio.primary (No such file or directory)
06-22 07:24:48.719  2919  2919 W display : release fence dup failed: Bad file descriptor
06-22 07:24:48.750  2947  2947 V NatController: runCmd(/system/bin/iptables -w -F natctrl_FORWARD) res=0
06-22 07:24:48.753  2919  2919 W display : release fence dup failed: Bad file descriptor
06-22 07:24:48.754  2947  2947 V NatController: runCmd(/system/bin/iptables -w -A natctrl_FORWARD -j DROP) res=0
06-22 07:24:48.758  2947  2947 V NatController: runCmd(/system/bin/iptables -w -t nat -F natctrl_nat_POSTROUTING) res=0
06-22 07:24:48.762  2947  2947 V NatController: runCmd(/system/bin/iptables -w -F natctrl_tether_counters) res=1
06-22 07:24:48.766  2947  2947 V NatController: runCmd(/system/bin/iptables -w -X natctrl_tether_counters) res=1
06-22 07:24:48.770  2947  2947 V NatController: runCmd(/system/bin/iptables -w -N natctrl_tether_counters) res=0
06-22 07:24:48.774  2947  2947 V NatController: runCmd(/system/bin/iptables -w -t mangle -A natctrl_mangle_FORWARD -p tcp --tcp-flags SYN SYN -j TCPMSS --clamp-mss-to-pmtu) res=0
06-22 07:24:48.787  2919  2919 W display : release fence dup failed: Bad file descriptor
06-22 07:24:48.821  2919  2919 W display : release fence dup failed: Bad file descriptor
06-22 07:24:48.854  2919  2919 W display : release fence dup failed: Bad file descriptor
06-22 07:24:48.888  2919  2919 W display : release fence dup failed: Bad file descriptor
06-22 07:24:48.922  2919  2919 W display : release fence dup failed: Bad file descriptor
06-22 07:24:48.956  2919  2919 W display : release fence dup failed: Bad file descriptor
06-22 07:24:48.990  2919  2919 W display : release fence dup failed: Bad file descriptor
06-22 07:24:49.024  2919  2919 W display : release fence dup failed: Bad file descriptor
06-22 07:24:49.058  2919  2919 W display : release fence dup failed: Bad file descriptor
06-22 07:24:49.092  2919  2919 W display : release fence dup failed: Bad file descriptor
06-22 07:24:49.126  2919  2919 W display : release fence dup failed: Bad file descriptor
06-22 07:24:49.160  2919  2919 W display : release fence dup failed: Bad file descriptor
06-22 07:24:49.193  2919  2919 W display : release fence dup failed: Bad file descriptor
06-22 07:24:49.213  2947  2947 E Netd    : cannot find interface dummy0
06-22 07:24:49.215  2947  2947 D MDnsDS  : MDnsSdListener::Hander starting up
06-22 07:24:49.215  2947  3372 D MDnsDS  : MDnsSdListener starting to monitor
06-22 07:24:49.215  2947  3372 D MDnsDS  : Going to poll with pollCount 1
06-22 07:24:49.227  2919  2919 W display : release fence dup failed: Bad file descriptor
06-22 07:24:49.261  2919  2919 W display : release fence dup failed: Bad file descriptor
06-22 07:24:49.295  2919  2919 W display : release fence dup failed: Bad file descriptor
06-22 07:24:49.329  2919  2919 W display : release fence dup failed: Bad file descriptor
06-22 07:24:49.363  2919  2919 W display : release fence dup failed: Bad file descriptor
06-22 07:24:49.397  2919  2919 W display : release fence dup failed: Bad file descriptor
06-22 07:24:49.414  2919  2919 W display : release fence dup failed: Bad file descriptor
06-22 07:24:49.448  2919  2919 W display : release fence dup failed: Bad file descriptor
06-22 07:24:49.482  2919  2919 W display : release fence dup failed: Bad file descriptor
06-22 07:24:49.515  2919  2919 W display : release fence dup failed: Bad file descriptor
06-22 07:24:49.549  2919  2919 W display : release fence dup failed: Bad file descriptor
06-22 07:24:49.583  2919  2919 W display : release fence dup failed: Bad file descriptor
06-22 07:24:49.617  2919  2919 W display : release fence dup failed: Bad file descriptor
06-22 07:24:49.651  2919  2919 W display : release fence dup failed: Bad file descriptor
06-22 07:24:49.685  2919  2919 W display : release fence dup failed: Bad file descriptor
06-22 07:24:49.719  2919  2919 W display : release fence dup failed: Bad file descriptor
06-22 07:24:49.753  2919  2919 W display : release fence dup failed: Bad file descriptor
06-22 07:24:49.787  2919  2919 W display : release fence dup failed: Bad file descriptor
06-22 07:24:49.791  3187  3187 W dex2oat : Skipping class com.quicinc.tcmiface.DpmTcmIface from /system/framework/org.apache.http.legacy.boot.jar previously found in /system/framework/okhttp.jar
06-22 07:24:49.820  2919  2919 W display : release fence dup failed: Bad file descriptor
06-22 07:24:49.854  2919  2919 W display : release fence dup failed: Bad file descriptor
06-22 07:24:49.888  2919  2919 W display : release fence dup failed: Bad file descriptor
06-22 07:24:49.922  2919  2919 W display : release fence dup failed: Bad file descriptor
06-22 07:24:49.956  2919  2919 W display : release fence dup failed: Bad file descriptor
06-22 07:24:49.990  2919  2919 W display : release fence dup failed: Bad file descriptor
06-22 07:24:50.024  2919  2919 W display : release fence dup failed: Bad file descriptor
06-22 07:24:50.058  2919  2919 W display : release fence dup failed: Bad file descriptor
06-22 07:24:50.092  2919  2919 W display : release fence dup failed: Bad file descriptor
06-22 07:24:50.126  2919  2919 W display : release fence dup failed: Bad file descriptor
06-22 07:24:50.130  3187  3187 I dex2oat : Explicit concurrent mark sweep GC freed 58612(21MB) AllocSpace objects, 0(0B) LOS objects, 34% free, 7MB/11MB, paused 81us total 9.958ms
06-22 07:24:50.160  2919  2919 W display : release fence dup failed: Bad file descriptor
06-22 07:24:50.194  2919  2919 W display : release fence dup failed: Bad file descriptor
06-22 07:24:50.227  2919  2919 W display : release fence dup failed: Bad file descriptor
06-22 07:24:50.261  2919  2919 W display : release fence dup failed: Bad file descriptor
06-22 07:24:50.295  2919  2919 W display : release fence dup failed: Bad file descriptor
06-22 07:24:50.329  2919  2919 W display : release fence dup failed: Bad file descriptor
06-22 07:24:50.363  2919  2919 W display : release fence dup failed: Bad file descriptor
06-22 07:24:50.375  3095  3122 D BootAnimation: Use save memory method, maybe small fps in actual.
06-22 07:24:50.397  2919  2919 W display : release fence dup failed: Bad file descriptor
06-22 07:24:50.431  2919  2919 W display : release fence dup failed: Bad file descriptor
06-22 07:24:50.465  2919  2919 W display : release fence dup failed: Bad file descriptor
06-22 07:24:50.499  2919  2919 W display : release fence dup failed: Bad file descriptor
06-22 07:24:50.532  2919  2919 W display : release fence dup failed: Bad file descriptor
06-22 07:24:50.566  2919  2919 W display : release fence dup failed: Bad file descriptor
06-22 07:24:50.600  2919  2919 W display : release fence dup failed: Bad file descriptor
06-22 07:24:50.614  3187  3187 I dex2oat : dex2oat took 2.279s (threads: 8) arena alloc=784B java alloc=7MB native alloc=10MB free=10MB
06-22 07:24:50.634  2919  2919 W display : release fence dup failed: Bad file descriptor
06-22 07:24:50.646  2958  2958 D ICU     : No timezone override file found: /data/misc/zoneinfo/current/icu/icu_tzdata.dat
06-22 07:24:50.668  2919  2919 W display : release fence dup failed: Bad file descriptor
06-22 07:24:50.702  2919  2919 W display : release fence dup failed: Bad file descriptor
06-22 07:24:50.736  2919  2919 W display : release fence dup failed: Bad file descriptor
06-22 07:24:50.770  2919  2919 W display : release fence dup failed: Bad file descriptor
06-22 07:24:50.781  2958  2958 I Radio-JNI: register_android_hardware_Radio DONE
06-22 07:24:50.804  2919  2919 W display : release fence dup failed: Bad file descriptor
06-22 07:24:50.821  2919  2919 W display : release fence dup failed: Bad file descriptor
06-22 07:24:50.821  2958  2958 I SamplingProfilerIntegration: Profiling disabled.
06-22 07:24:50.822  2958  2958 D Zygote  : begin preload
06-22 07:24:50.823  2958  2958 I Zygote  : Preloading classes...
06-22 07:24:50.854  2919  2919 W display : release fence dup failed: Bad file descriptor
06-22 07:24:50.888  2919  2919 W display : release fence dup failed: Bad file descriptor
06-22 07:24:50.922  2919  2919 W display : release fence dup failed: Bad file descriptor
06-22 07:24:50.956  2919  2919 W display : release fence dup failed: Bad file descriptor
06-22 07:24:50.990  2919  2919 W display : release fence dup failed: Bad file descriptor
06-22 07:24:51.024  2919  2919 W display : release fence dup failed: Bad file descriptor
06-22 07:24:51.058  2919  2919 W display : release fence dup failed: Bad file descriptor
06-22 07:24:51.092  2919  2919 W display : release fence dup failed: Bad file descriptor
06-22 07:24:51.126  2919  2919 W display : release fence dup failed: Bad file descriptor
06-22 07:24:51.159  2919  2919 W display : release fence dup failed: Bad file descriptor
06-22 07:24:51.194  2919  2919 W display : release fence dup failed: Bad file descriptor
06-22 07:24:51.227  2919  2919 W display : release fence dup failed: Bad file descriptor
06-22 07:24:51.239  2958  2958 E Minikin : addFont failed to create font /system/fonts/NanumGothic.ttf
06-22 07:24:51.239  2958  2958 E Minikin : addFont failed to create font /system/fonts/DroidSansFallback.ttf
06-22 07:24:51.239  2958  2958 E Minikin : addFont failed to create font /system/fonts/MTLmr3m.ttf
06-22 07:24:51.261  2919  2919 W display : release fence dup failed: Bad file descriptor
06-22 07:24:51.295  2919  2919 W display : release fence dup failed: Bad file descriptor
06-22 07:24:51.329  2919  2919 W display : release fence dup failed: Bad file descriptor
06-22 07:24:51.332  2958  2958 V DngCreator_JNI: DngCreator_nativeClassInit:
06-22 07:24:51.363  2919  2919 W display : release fence dup failed: Bad file descriptor
06-22 07:24:51.397  2919  2919 W display : release fence dup failed: Bad file descriptor
06-22 07:24:51.431  2919  2919 W display : release fence dup failed: Bad file descriptor
06-22 07:24:51.465  2919  2919 W display : release fence dup failed: Bad file descriptor
06-22 07:24:51.498  2919  2919 W display : release fence dup failed: Bad file descriptor
06-22 07:24:51.532  2919  2919 W display : release fence dup failed: Bad file descriptor
06-22 07:24:51.566  2919  2919 W display : release fence dup failed: Bad file descriptor
06-22 07:24:51.600  2919  2919 W display : release fence dup failed: Bad file descriptor
06-22 07:24:51.634  2919  2919 W display : release fence dup failed: Bad file descriptor
06-22 07:24:51.668  2919  2919 W display : release fence dup failed: Bad file descriptor
06-22 07:24:51.702  2919  2919 W display : release fence dup failed: Bad file descriptor
06-22 07:24:51.736  2919  2919 W display : release fence dup failed: Bad file descriptor
06-22 07:24:51.770  2919  2919 W display : release fence dup failed: Bad file descriptor
06-22 07:24:51.804  2919  2919 W display : release fence dup failed: Bad file descriptor
06-22 07:24:51.837  2919  2919 W display : release fence dup failed: Bad file descriptor
06-22 07:24:51.871  2919  2919 W display : release fence dup failed: Bad file descriptor
06-22 07:24:51.905  2919  2919 W display : release fence dup failed: Bad file descriptor
06-22 07:24:51.939  2919  2919 W display : release fence dup failed: Bad file descriptor
06-22 07:24:51.973  2919  2919 W display : release fence dup failed: Bad file descriptor
06-22 07:24:51.976  2958  2958 I art     : Thread[1,tid=2958,Native,Thread*=0x7f85bbba00,peer=0x12c532e0,"main"] recursive attempt to load library "/system/lib64/libmedia_jni.so"
06-22 07:24:51.976  2958  2958 D MtpDeviceJNI: register_android_mtp_MtpDevice
06-22 07:24:51.977  2958  2958 I art     : Thread[1,tid=2958,Native,Thread*=0x7f85bbba00,peer=0x12c532e0,"main"] recursive attempt to load library "/system/lib64/libmedia_jni.so"
06-22 07:24:51.977  2958  2958 I art     : Thread[1,tid=2958,Native,Thread*=0x7f85bbba00,peer=0x12c532e0,"main"] recursive attempt to load library "/system/lib64/libmedia_jni.so"
06-22 07:24:52.007  2919  2919 W display : release fence dup failed: Bad file descriptor
06-22 07:24:52.041  2919  2919 W display : release fence dup failed: Bad file descriptor
06-22 07:24:52.075  2919  2919 W display : release fence dup failed: Bad file descriptor
06-22 07:24:52.109  2919  2919 W display : release fence dup failed: Bad file descriptor
06-22 07:24:52.142  2919  2919 W display : release fence dup failed: Bad file descriptor
06-22 07:24:52.176  2919  2919 W display : release fence dup failed: Bad file descriptor
06-22 07:24:52.193  2919  2919 W display : release fence dup failed: Bad file descriptor
06-22 07:24:52.227  2919  2919 W display : release fence dup failed: Bad file descriptor
06-22 07:24:52.261  2919  2919 W display : release fence dup failed: Bad file descriptor
06-22 07:24:52.295  2919  2919 W display : release fence dup failed: Bad file descriptor
06-22 07:24:52.329  2919  2919 W display : release fence dup failed: Bad file descriptor
06-22 07:24:52.363  2919  2919 W display : release fence dup failed: Bad file descriptor
06-22 07:24:52.397  2919  2919 W display : release fence dup failed: Bad file descriptor
06-22 07:24:52.431  2919  2919 W display : release fence dup failed: Bad file descriptor
06-22 07:24:52.465  2919  2919 W display : release fence dup failed: Bad file descriptor
06-22 07:24:52.490  2958  2958 W System  : ClassLoader referenced unknown path: /system/framework/tcmclient.jar
06-22 07:24:52.499  2919  2919 W display : release fence dup failed: Bad file descriptor
06-22 07:24:52.532  2919  2919 W display : release fence dup failed: Bad file descriptor
06-22 07:24:52.566  2919  2919 W display : release fence dup failed: Bad file descriptor
06-22 07:24:52.600  2919  2919 W display : release fence dup failed: Bad file descriptor
06-22 07:24:52.634  2919  2919 W display : release fence dup failed: Bad file descriptor
06-22 07:24:52.668  2919  2919 W display : release fence dup failed: Bad file descriptor
06-22 07:24:52.702  2919  2919 W display : release fence dup failed: Bad file descriptor
06-22 07:24:52.736  2919  2919 W display : release fence dup failed: Bad file descriptor
06-22 07:24:52.770  2919  2919 W display : release fence dup failed: Bad file descriptor
06-22 07:24:52.804  2919  2919 W display : release fence dup failed: Bad file descriptor
06-22 07:24:52.823  2958  2958 I System  : Loaded time zone names for "" in 25ms (22ms in ICU)
06-22 07:24:52.838  2919  2919 W display : release fence dup failed: Bad file descriptor
06-22 07:24:52.857  2958  2958 I System  : Loaded time zone names for "en_US" in 34ms (12ms in ICU)
06-22 07:24:52.871  2919  2919 W display : release fence dup failed: Bad file descriptor
06-22 07:24:52.905  2919  2919 W display : release fence dup failed: Bad file descriptor
06-22 07:24:52.939  2919  2919 W display : release fence dup failed: Bad file descriptor
06-22 07:24:52.973  2919  2919 W display : release fence dup failed: Bad file descriptor
06-22 07:24:53.007  2919  2919 W display : release fence dup failed: Bad file descriptor
06-22 07:24:53.025  2958  2958 I Zygote  : ...preloaded 3831 classes in 2202ms.
06-22 07:24:53.025  2958  2958 I art     : VMRuntime.preloadDexCaches starting
06-22 07:24:53.041  2919  2919 W display : release fence dup failed: Bad file descriptor
06-22 07:24:53.057  2958  2958 I art     : VMRuntime.preloadDexCaches strings total=248934 before=10083 after=10083
06-22 07:24:53.057  2958  2958 I art     : VMRuntime.preloadDexCaches types total=20331 before=8245 after=9836
06-22 07:24:53.057  2958  2958 I art     : VMRuntime.preloadDexCaches fields total=100362 before=35761 after=47726
06-22 07:24:53.057  2958  2958 I art     : VMRuntime.preloadDexCaches methods total=172791 before=67604 after=83308
06-22 07:24:53.057  2958  2958 I art     : VMRuntime.preloadDexCaches finished
06-22 07:24:53.074  3389  3389 D idmap   : error: no read access to /vendor/overlay: No such file or directory
06-22 07:24:53.075  2919  2919 W display : release fence dup failed: Bad file descriptor
06-22 07:24:53.098  2958  2958 I Zygote  : Preloading resources...
06-22 07:24:53.109  2919  2919 W display : release fence dup failed: Bad file descriptor
06-22 07:24:53.142  2919  2919 W display : release fence dup failed: Bad file descriptor
06-22 07:24:53.176  2919  2919 W display : release fence dup failed: Bad file descriptor
06-22 07:24:53.210  2919  2919 W display : release fence dup failed: Bad file descriptor
06-22 07:24:53.244  2919  2919 W display : release fence dup failed: Bad file descriptor
06-22 07:24:53.278  2919  2919 W display : release fence dup failed: Bad file descriptor
06-22 07:24:53.312  2919  2919 W display : release fence dup failed: Bad file descriptor
06-22 07:24:53.336  3391  3391 I McDaemon: Daemon starting up...
06-22 07:24:53.336  3391  3391 I McDaemon: Socket interface version is 0.2
06-22 07:24:53.336  3391  3391 I McDaemon: Build by artcas01@artcas01-PC 11/30/15 10:06:36
06-22 07:24:53.336  3391  3391 I McDaemon: Build timestamp is Jun 22 2016 03:17:52
06-22 07:24:53.336  3391  3391 E McDaemon:   *****************************
06-22 07:24:53.336  3391  3391 E McDaemon:   *** ERROR: ioctl MC_IO_VERSION failed with "Not a typewriter"(errno 25)
06-22 07:24:53.336  3391  3391 E McDaemon:   *** Detected in checkVersion/540()
06-22 07:24:53.336  3391  3391 E McDaemon:   *****************************
06-22 07:24:53.336  3391  3391 E McDaemon:   *****************************
06-22 07:24:53.336  3391  3391 E McDaemon:   *** ERROR: ret = -1
06-22 07:24:53.336  3391  3391 E McDaemon:   *** Detected in checkVersion/541()
06-22 07:24:53.336  3391  3391 E McDaemon:   *****************************
06-22 07:24:53.336  3391  3391 E McDaemon:   *****************************
06-22 07:24:53.336  3391  3391 E McDaemon:   *** ERROR: kernel module version mismatch
06-22 07:24:53.336  3391  3391 E McDaemon:   *** Detected in initDevice/115()
06-22 07:24:53.336  3391  3391 E McDaemon:   *****************************
06-22 07:24:53.336  3391  3391 E McDaemon:   *****************************
06-22 07:24:53.336  3391  3391 E McDaemon:   *** ERROR: Could not initialize <t-base!
06-22 07:24:53.336  3391  3391 E McDaemon:   *** Detected in run/129()
06-22 07:24:53.336  3391  3391 E McDaemon:   *****************************
06-22 07:24:53.336  3391  3391 E McDaemon:   *****************************
06-22 07:24:53.336  3391  3391 E McDaemon:   *** ERROR: Exiting <t-base Daemon
06-22 07:24:53.336  3391  3391 E McDaemon:   *** Detected in main/1432()
06-22 07:24:53.336  3391  3391 E McDaemon:   *****************************
06-22 07:24:53.346  2919  2919 W display : release fence dup failed: Bad file descriptor
06-22 07:24:53.380  2919  2919 W display : release fence dup failed: Bad file descriptor
06-22 07:24:53.414  2919  2919 W display : release fence dup failed: Bad file descriptor
06-22 07:24:53.448  2919  2919 W display : release fence dup failed: Bad file descriptor
06-22 07:24:53.482  2919  2919 W display : release fence dup failed: Bad file descriptor
06-22 07:24:53.503  2958  2958 I Zygote  : ...preloaded 342 resources in 405ms.
06-22 07:24:53.512  2958  2958 I Zygote  : ...preloaded 41 resources in 9ms.
06-22 07:24:53.515  2919  2919 W display : release fence dup failed: Bad file descriptor
06-22 07:24:53.519  2958  2958 D libEGL  : loaded /vendor/lib64/egl/libGLES_mali.so
06-22 07:24:53.526  2958  2958 I Zygote  : Preloading shared libraries...
06-22 07:24:53.538  2958  2958 D Zygote  : end preload
06-22 07:24:53.538  2958  2958 I art     : Starting a blocking GC Explicit
06-22 07:24:53.549  2958  2958 I art     : Explicit concurrent mark sweep GC freed 11418(461KB) AllocSpace objects, 0(0B) LOS objects, 35% free, 29MB/45MB, paused 47us total 10.705ms
06-22 07:24:53.550  2919  2919 W display : release fence dup failed: Bad file descriptor
06-22 07:24:53.560  2958  2958 I art     : Starting a blocking GC Explicit
06-22 07:24:53.566  2919  2919 W display : release fence dup failed: Bad file descriptor
06-22 07:24:53.569  2958  2958 I art     : Explicit concurrent mark sweep GC freed 2696(126KB) AllocSpace objects, 0(0B) LOS objects, 35% free, 28MB/44MB, paused 43us total 8.731ms
06-22 07:24:53.569  2958  3387 I art     : Starting a blocking GC HeapTrim
06-22 07:24:53.570  2958  2958 I art     : Starting a blocking GC Background
06-22 07:24:53.600  2919  2919 W display : release fence dup failed: Bad file descriptor
06-22 07:24:53.617  2958  2958 I Zygote  : System server process 3392 has been created
06-22 07:24:53.619  2958  2958 I Zygote  : Accepting command socket connections
06-22 07:24:53.622  3392  3392 W Zygote  : Got error connecting to zygote, retrying. msg= No such file or directory
06-22 07:24:53.634  2919  2919 W display : release fence dup failed: Bad file descriptor
06-22 07:24:53.668  2919  2919 W display : release fence dup failed: Bad file descriptor
06-22 07:24:53.702  2919  2919 W display : release fence dup failed: Bad file descriptor
06-22 07:24:53.736  2919  2919 W display : release fence dup failed: Bad file descriptor
06-22 07:24:53.770  2919  2919 W display : release fence dup failed: Bad file descriptor
06-22 07:24:53.804  2919  2919 W display : release fence dup failed: Bad file descriptor
06-22 07:24:53.837  2919  2919 W display : release fence dup failed: Bad file descriptor
06-22 07:24:53.871  2919  2919 W display : release fence dup failed: Bad file descriptor
06-22 07:24:53.905  2919  2919 W display : release fence dup failed: Bad file descriptor
06-22 07:24:53.939  2919  2919 W display : release fence dup failed: Bad file descriptor
06-22 07:24:53.973  2919  2919 W display : release fence dup failed: Bad file descriptor
06-22 07:24:54.007  2919  2919 W display : release fence dup failed: Bad file descriptor
06-22 07:24:54.041  2919  2919 W display : release fence dup failed: Bad file descriptor
06-22 07:24:54.075  2919  2919 W display : release fence dup failed: Bad file descriptor
06-22 07:24:54.109  2919  2919 W display : release fence dup failed: Bad file descriptor
06-22 07:24:54.143  2919  2919 W display : release fence dup failed: Bad file descriptor
06-22 07:24:54.177  2919  2919 W display : release fence dup failed: Bad file descriptor
06-22 07:24:54.210  2919  2919 W display : release fence dup failed: Bad file descriptor
06-22 07:24:54.244  2919  2919 W display : release fence dup failed: Bad file descriptor
06-22 07:24:54.278  2919  2919 W display : release fence dup failed: Bad file descriptor
06-22 07:24:54.312  2919  2919 W display : release fence dup failed: Bad file descriptor
06-22 07:24:54.346  2919  2919 W display : release fence dup failed: Bad file descriptor
06-22 07:24:54.380  2919  2919 W display : release fence dup failed: Bad file descriptor
06-22 07:24:54.414  2919  2919 W display : release fence dup failed: Bad file descriptor
06-22 07:24:54.448  2919  2919 W display : release fence dup failed: Bad file descriptor
06-22 07:24:54.482  2919  2919 W display : release fence dup failed: Bad file descriptor
06-22 07:24:54.515  2919  2919 W display : release fence dup failed: Bad file descriptor
06-22 07:24:54.549  2919  2919 W display : release fence dup failed: Bad file descriptor
06-22 07:24:54.583  2919  2919 W display : release fence dup failed: Bad file descriptor
06-22 07:24:54.617  2919  2919 W display : release fence dup failed: Bad file descriptor
06-22 07:24:54.623  3392  3392 W Zygote  : Got error connecting to zygote, retrying. msg= No such file or directory
06-22 07:24:54.651  2919  2919 W display : release fence dup failed: Bad file descriptor
06-22 07:24:54.685  2919  2919 W display : release fence dup failed: Bad file descriptor
06-22 07:24:54.719  2919  2919 W display : release fence dup failed: Bad file descriptor
06-22 07:24:54.753  2919  2919 W display : release fence dup failed: Bad file descriptor
06-22 07:24:54.787  2919  2919 W display : release fence dup failed: Bad file descriptor
06-22 07:24:54.821  2919  2919 W display : release fence dup failed: Bad file descriptor
06-22 07:24:54.854  2919  2919 W display : release fence dup failed: Bad file descriptor
06-22 07:24:54.888  2919  2919 W display : release fence dup failed: Bad file descriptor
06-22 07:24:54.922  2919  2919 W display : release fence dup failed: Bad file descriptor
06-22 07:24:54.956  2919  2919 W display : release fence dup failed: Bad file descriptor
06-22 07:24:54.973  2919  2919 W display : release fence dup failed: Bad file descriptor
06-22 07:24:55.007  2919  2919 W display : release fence dup failed: Bad file descriptor
