06-02 16:35:03.616  3042  3051 E         : invalid gralloc handle (at 0x7fad1eb300)
06-02 16:35:03.616  3042  3051 E         : Runtime and build version of gralloc private structure does not match. Errors will likely follow.
06-02 16:35:03.634  2917  2917 W display : release fence dup failed: Bad file descriptor
06-02 16:35:03.650  3042  3051 E         : invalid gralloc handle (at 0x7fad1eb380)
06-02 16:35:03.650  3042  3051 E         : Runtime and build version of gralloc private structure does not match. Errors will likely follow.
06-02 16:35:03.668  2917  2917 W display : release fence dup failed: Bad file descriptor
06-02 16:35:03.683  3042  3051 E         : invalid gralloc handle (at 0x7fad1eb400)
06-02 16:35:03.683  3042  3051 E         : Runtime and build version of gralloc private structure does not match. Errors will likely follow.
06-02 16:35:03.685  2917  2917 W display : release fence dup failed: Bad file descriptor
06-02 16:35:03.717  3042  3051 E         : invalid gralloc handle (at 0x7fad1eb300)
06-02 16:35:03.717  3042  3051 E         : Runtime and build version of gralloc private structure does not match. Errors will likely follow.
06-02 16:35:03.719  2917  2917 W display : release fence dup failed: Bad file descriptor
06-02 16:35:03.744  3343  3343 W Zygote  : Got error connecting to zygote, retrying. msg= No such file or directory
06-02 16:35:03.750  3042  3051 E         : invalid gralloc handle (at 0x7fad1eb380)
06-02 16:35:03.750  3042  3051 E         : Runtime and build version of gralloc private structure does not match. Errors will likely follow.
06-02 16:35:03.753  2917  2917 W display : release fence dup failed: Bad file descriptor
06-02 16:35:03.784  3042  3051 E         : invalid gralloc handle (at 0x7fad1eb400)
06-02 16:35:03.784  3042  3051 E         : Runtime and build version of gralloc private structure does not match. Errors will likely follow.
06-02 16:35:03.786  2917  2917 W display : release fence dup failed: Bad file descriptor
06-02 16:35:03.817  3042  3051 E         : invalid gralloc handle (at 0x7fad1eb300)
06-02 16:35:03.817  3042  3051 E         : Runtime and build version of gralloc private structure does not match. Errors will likely follow.
06-02 16:35:03.820  2917  2917 W display : release fence dup failed: Bad file descriptor
06-02 16:35:03.850  3042  3051 E         : invalid gralloc handle (at 0x7fad1eb380)
06-02 16:35:03.850  3042  3051 E         : Runtime and build version of gralloc private structure does not match. Errors will likely follow.
06-02 16:35:03.854  2917  2917 W display : release fence dup failed: Bad file descriptor
06-02 16:35:03.884  3042  3051 E         : invalid gralloc handle (at 0x7fad1eb400)
06-02 16:35:03.884  3042  3051 E         : Runtime and build version of gralloc private structure does not match. Errors will likely follow.
06-02 16:35:03.888  2917  2917 W display : release fence dup failed: Bad file descriptor
06-02 16:35:03.917  3042  3051 E         : invalid gralloc handle (at 0x7fad1eb300)
06-02 16:35:03.917  3042  3051 E         : Runtime and build version of gralloc private structure does not match. Errors will likely follow.
06-02 16:35:03.922  2917  2917 W display : release fence dup failed: Bad file descriptor
06-02 16:35:03.951  3042  3051 E         : invalid gralloc handle (at 0x7fad1eb380)
06-02 16:35:03.951  3042  3051 E         : Runtime and build version of gralloc private structure does not match. Errors will likely follow.
06-02 16:35:03.956  2917  2917 W display : release fence dup failed: Bad file descriptor
06-02 16:35:03.984  3042  3051 E         : invalid gralloc handle (at 0x7fad1eb400)
06-02 16:35:03.984  3042  3051 E         : Runtime and build version of gralloc private structure does not match. Errors will likely follow.
06-02 16:35:03.990  2917  2917 W display : release fence dup failed: Bad file descriptor
06-02 16:35:04.017  3042  3051 E         : invalid gralloc handle (at 0x7fad1eb300)
06-02 16:35:04.018  3042  3051 E         : Runtime and build version of gralloc private structure does not match. Errors will likely follow.
06-02 16:35:04.024  2917  2917 W display : release fence dup failed: Bad file descriptor
06-02 16:35:04.051  3042  3051 E         : invalid gralloc handle (at 0x7fad1eb380)
06-02 16:35:04.051  3042  3051 E         : Runtime and build version of gralloc private structure does not match. Errors will likely follow.
06-02 16:35:04.058  2917  2917 W display : release fence dup failed: Bad file descriptor
06-02 16:35:04.084  3042  3051 E         : invalid gralloc handle (at 0x7fad1eb400)
06-02 16:35:04.084  3042  3051 E         : Runtime and build version of gralloc private structure does not match. Errors will likely follow.
06-02 16:35:04.092  2917  2917 W display : release fence dup failed: Bad file descriptor
06-02 16:35:04.118  3042  3051 E         : invalid gralloc handle (at 0x7fad1eb300)
06-02 16:35:04.118  3042  3051 E         : Runtime and build version of gralloc private structure does not match. Errors will likely follow.
06-02 16:35:04.126  2917  2917 W display : release fence dup failed: Bad file descriptor
06-02 16:35:04.152  3042  3051 E         : invalid gralloc handle (at 0x7fad1eb380)
06-02 16:35:04.152  3042  3051 E         : Runtime and build version of gralloc private structure does not match. Errors will likely follow.
06-02 16:35:04.159  2917  2917 W display : release fence dup failed: Bad file descriptor
06-02 16:35:04.185  3042  3051 E         : invalid gralloc handle (at 0x7fad1eb400)
06-02 16:35:04.185  3042  3051 E         : Runtime and build version of gralloc private structure does not match. Errors will likely follow.
06-02 16:35:04.193  2917  2917 W display : release fence dup failed: Bad file descriptor
06-02 16:35:04.219  3042  3051 E         : invalid gralloc handle (at 0x7fad1eb300)
06-02 16:35:04.219  3042  3051 E         : Runtime and build version of gralloc private structure does not match. Errors will likely follow.
06-02 16:35:04.227  2917  2917 W display : release fence dup failed: Bad file descriptor
06-02 16:35:04.252  3042  3051 E         : invalid gralloc handle (at 0x7fad1eb380)
06-02 16:35:04.252  3042  3051 E         : Runtime and build version of gralloc private structure does not match. Errors will likely follow.
06-02 16:35:04.261  2917  2917 W display : release fence dup failed: Bad file descriptor
06-02 16:35:04.285  3042  3051 E         : invalid gralloc handle (at 0x7fad1eb400)
06-02 16:35:04.285  3042  3051 E         : Runtime and build version of gralloc private structure does not match. Errors will likely follow.
06-02 16:35:04.295  2917  2917 W display : release fence dup failed: Bad file descriptor
06-02 16:35:04.319  3042  3051 E         : invalid gralloc handle (at 0x7fad1eb300)
06-02 16:35:04.319  3042  3051 E         : Runtime and build version of gralloc private structure does not match. Errors will likely follow.
06-02 16:35:04.329  2917  2917 W display : release fence dup failed: Bad file descriptor
06-02 16:35:04.353  3042  3051 E         : invalid gralloc handle (at 0x7fad1eb380)
06-02 16:35:04.353  3042  3051 E         : Runtime and build version of gralloc private structure does not match. Errors will likely follow.
06-02 16:35:04.363  2917  2917 W display : release fence dup failed: Bad file descriptor
06-02 16:35:04.386  3042  3051 E         : invalid gralloc handle (at 0x7fad1eb400)
06-02 16:35:04.386  3042  3051 E         : Runtime and build version of gralloc private structure does not match. Errors will likely follow.
06-02 16:35:04.397  2917  2917 W display : release fence dup failed: Bad file descriptor
06-02 16:35:04.419  3042  3051 E         : invalid gralloc handle (at 0x7fad1eb300)
06-02 16:35:04.419  3042  3051 E         : Runtime and build version of gralloc private structure does not match. Errors will likely follow.
06-02 16:35:04.431  2917  2917 W display : release fence dup failed: Bad file descriptor
06-02 16:35:04.453  3042  3051 E         : invalid gralloc handle (at 0x7fad1eb380)
06-02 16:35:04.453  3042  3051 E         : Runtime and build version of gralloc private structure does not match. Errors will likely follow.
06-02 16:35:04.464  2917  2917 W display : release fence dup failed: Bad file descriptor
06-02 16:35:04.486  3042  3051 E         : invalid gralloc handle (at 0x7fad1eb400)
06-02 16:35:04.486  3042  3051 E         : Runtime and build version of gralloc private structure does not match. Errors will likely follow.
06-02 16:35:04.498  2917  2917 W display : release fence dup failed: Bad file descriptor
06-02 16:35:04.519  3042  3051 E         : invalid gralloc handle (at 0x7fad1eb300)
06-02 16:35:04.519  3042  3051 E         : Runtime and build version of gralloc private structure does not match. Errors will likely follow.
06-02 16:35:04.532  2917  2917 W display : release fence dup failed: Bad file descriptor
06-02 16:35:04.553  3042  3051 E         : invalid gralloc handle (at 0x7fad1eb380)
06-02 16:35:04.553  3042  3051 E         : Runtime and build version of gralloc private structure does not match. Errors will likely follow.
06-02 16:35:04.566  2917  2917 W display : release fence dup failed: Bad file descriptor
06-02 16:35:04.586  3042  3051 E         : invalid gralloc handle (at 0x7fad1eb400)
06-02 16:35:04.586  3042  3051 E         : Runtime and build version of gralloc private structure does not match. Errors will likely follow.
06-02 16:35:04.600  2917  2917 W display : release fence dup failed: Bad file descriptor
06-02 16:35:04.620  3042  3051 E         : invalid gralloc handle (at 0x7fad1eb300)
06-02 16:35:04.620  3042  3051 E         : Runtime and build version of gralloc private structure does not match. Errors will likely follow.
06-02 16:35:04.634  2917  2917 W display : release fence dup failed: Bad file descriptor
06-02 16:35:04.653  3042  3051 E         : invalid gralloc handle (at 0x7fad1eb380)
06-02 16:35:04.653  3042  3051 E         : Runtime and build version of gralloc private structure does not match. Errors will likely follow.
06-02 16:35:04.668  2917  2917 W display : release fence dup failed: Bad file descriptor
06-02 16:35:04.687  3042  3051 E         : invalid gralloc handle (at 0x7fad1eb400)
06-02 16:35:04.687  3042  3051 E         : Runtime and build version of gralloc private structure does not match. Errors will likely follow.
06-02 16:35:04.702  2917  2917 W display : release fence dup failed: Bad file descriptor
06-02 16:35:04.720  3042  3051 E         : invalid gralloc handle (at 0x7fad1eb300)
06-02 16:35:04.720  3042  3051 E         : Runtime and build version of gralloc private structure does not match. Errors will likely follow.
06-02 16:35:04.736  2917  2917 W display : release fence dup failed: Bad file descriptor
06-02 16:35:04.744  3343  3343 W Zygote  : Got error connecting to zygote, retrying. msg= No such file or directory
06-02 16:35:04.754  3042  3051 E         : invalid gralloc handle (at 0x7fad1eb380)
06-02 16:35:04.754  3042  3051 E         : Runtime and build version of gralloc private structure does not match. Errors will likely follow.
06-02 16:35:04.770  2917  2917 W display : release fence dup failed: Bad file descriptor
06-02 16:35:04.787  3042  3051 E         : invalid gralloc handle (at 0x7fad1eb400)
06-02 16:35:04.787  3042  3051 E         : Runtime and build version of gralloc private structure does not match. Errors will likely follow.
06-02 16:35:04.804  2917  2917 W display : release fence dup failed: Bad file descriptor
06-02 16:35:04.821  3042  3051 E         : invalid gralloc handle (at 0x7fad1eb300)
06-02 16:35:04.821  3042  3051 E         : Runtime and build version of gralloc private structure does not match. Errors will likely follow.
06-02 16:35:04.837  2917  2917 W display : release fence dup failed: Bad file descriptor
06-02 16:35:04.854  3042  3051 E         : invalid gralloc handle (at 0x7fad1eb380)
06-02 16:35:04.854  3042  3051 E         : Runtime and build version of gralloc private structure does not match. Errors will likely follow.
06-02 16:35:04.871  2917  2917 W display : release fence dup failed: Bad file descriptor
06-02 16:35:04.887  3042  3051 E         : invalid gralloc handle (at 0x7fad1eb400)
06-02 16:35:04.887  3042  3051 E         : Runtime and build version of gralloc private structure does not match. Errors will likely follow.
06-02 16:35:04.905  2917  2917 W display : release fence dup failed: Bad file descriptor
06-02 16:35:04.921  3042  3051 E         : invalid gralloc handle (at 0x7fad1eb300)
06-02 16:35:04.921  3042  3051 E         : Runtime and build version of gralloc private structure does not match. Errors will likely follow.
06-02 16:35:04.939  2917  2917 W display : release fence dup failed: Bad file descriptor
06-02 16:35:04.954  3042  3051 E         : invalid gralloc handle (at 0x7fad1eb380)
06-02 16:35:04.954  3042  3051 E         : Runtime and build version of gralloc private structure does not match. Errors will likely follow.
06-02 16:35:04.956  2917  2917 W display : release fence dup failed: Bad file descriptor
06-02 16:35:04.988  3042  3051 E         : invalid gralloc handle (at 0x7fad1eb400)
06-02 16:35:04.988  3042  3051 E         : Runtime and build version of gralloc private structure does not match. Errors will likely follow.
06-02 16:35:04.990  2917  2917 W display : release fence dup failed: Bad file descriptor
06-02 16:35:05.021  3042  3051 E         : invalid gralloc handle (at 0x7fad1eb300)
06-02 16:35:05.021  3042  3051 E         : Runtime and build version of gralloc private structure does not match. Errors will likely follow.
06-02 16:35:05.024  2917  2917 W display : release fence dup failed: Bad file descriptor
06-02 16:35:05.055  3042  3051 E         : invalid gralloc handle (at 0x7fad1eb380)
06-02 16:35:05.055  3042  3051 E         : Runtime and build version of gralloc private structure does not match. Errors will likely follow.
06-02 16:35:05.058  2917  2917 W display : release fence dup failed: Bad file descriptor
06-02 16:35:05.088  3042  3051 E         : invalid gralloc handle (at 0x7fad1eb400)
06-02 16:35:05.088  3042  3051 E         : Runtime and build version of gralloc private structure does not match. Errors will likely follow.
06-02 16:35:05.092  2917  2917 W display : release fence dup failed: Bad file descriptor
06-02 16:35:05.121  3042  3051 E         : invalid gralloc handle (at 0x7fad1eb300)
06-02 16:35:05.121  3042  3051 E         : Runtime and build version of gralloc private structure does not match. Errors will likely follow.
06-02 16:35:05.125  2917  2917 W display : release fence dup failed: Bad file descriptor
06-02 16:35:05.155  3042  3051 E         : invalid gralloc handle (at 0x7fad1eb380)
06-02 16:35:05.155  3042  3051 E         : Runtime and build version of gralloc private structure does not match. Errors will likely follow.
06-02 16:35:05.159  2917  2917 W display : release fence dup failed: Bad file descriptor
06-02 16:35:05.188  3042  3051 E         : invalid gralloc handle (at 0x7fad1eb400)
06-02 16:35:05.188  3042  3051 E         : Runtime and build version of gralloc private structure does not match. Errors will likely follow.
06-02 16:35:05.193  2917  2917 W display : release fence dup failed: Bad file descriptor
06-02 16:35:05.221  3042  3051 E         : invalid gralloc handle (at 0x7fad1eb300)
06-02 16:35:05.221  3042  3051 E         : Runtime and build version of gralloc private structure does not match. Errors will likely follow.
06-02 16:35:05.227  2917  2917 W display : release fence dup failed: Bad file descriptor
06-02 16:35:05.255  3042  3051 E         : invalid gralloc handle (at 0x7fad1eb380)
06-02 16:35:05.255  3042  3051 E         : Runtime and build version of gralloc private structure does not match. Errors will likely follow.
06-02 16:35:05.261  2917  2917 W display : release fence dup failed: Bad file descriptor
06-02 16:35:05.288  3042  3051 E         : invalid gralloc handle (at 0x7fad1eb400)
06-02 16:35:05.288  3042  3051 E         : Runtime and build version of gralloc private structure does not match. Errors will likely follow.
06-02 16:35:05.295  2917  2917 W display : release fence dup failed: Bad file descriptor
06-02 16:35:05.322  3042  3051 E         : invalid gralloc handle (at 0x7fad1eb300)
06-02 16:35:05.322  3042  3051 E         : Runtime and build version of gralloc private structure does not match. Errors will likely follow.
06-02 16:35:05.329  2917  2917 W display : release fence dup failed: Bad file descriptor
06-02 16:35:05.356  3042  3051 E         : invalid gralloc handle (at 0x7fad1eb380)
06-02 16:35:05.356  3042  3051 E         : Runtime and build version of gralloc private structure does not match. Errors will likely follow.
06-02 16:35:05.363  2917  2917 W display : release fence dup failed: Bad file descriptor
06-02 16:35:05.389  3042  3051 E         : invalid gralloc handle (at 0x7fad1eb400)
06-02 16:35:05.389  3042  3051 E         : Runtime and build version of gralloc private structure does not match. Errors will likely follow.
06-02 16:35:05.397  2917  2917 W display : release fence dup failed: Bad file descriptor
06-02 16:35:05.423  3042  3051 E         : invalid gralloc handle (at 0x7fad1eb300)
06-02 16:35:05.423  3042  3051 E         : Runtime and build version of gralloc private structure does not match. Errors will likely follow.
06-02 16:35:05.431  2917  2917 W display : release fence dup failed: Bad file descriptor
06-02 16:35:05.456  3042  3051 E         : invalid gralloc handle (at 0x7fad1eb380)
06-02 16:35:05.456  3042  3051 E         : Runtime and build version of gralloc private structure does not match. Errors will likely follow.
06-02 16:35:05.465  2917  2917 W display : release fence dup failed: Bad file descriptor
06-02 16:35:05.489  3042  3051 E         : invalid gralloc handle (at 0x7fad1eb400)
06-02 16:35:05.489  3042  3051 E         : Runtime and build version of gralloc private structure does not match. Errors will likely follow.
06-02 16:35:05.498  2917  2917 W display : release fence dup failed: Bad file descriptor
06-02 16:35:05.523  3042  3051 E         : invalid gralloc handle (at 0x7fad1eb300)
06-02 16:35:05.523  3042  3051 E         : Runtime and build version of gralloc private structure does not match. Errors will likely follow.
06-02 16:35:05.532  2917  2917 W display : release fence dup failed: Bad file descriptor
06-02 16:35:05.556  3042  3051 E         : invalid gralloc handle (at 0x7fad1eb380)
06-02 16:35:05.556  3042  3051 E         : Runtime and build version of gralloc private structure does not match. Errors will likely follow.
06-02 16:35:05.566  2917  2917 W display : release fence dup failed: Bad file descriptor
06-02 16:35:05.590  3042  3051 E         : invalid gralloc handle (at 0x7fad1eb400)
06-02 16:35:05.590  3042  3051 E         : Runtime and build version of gralloc private structure does not match. Errors will likely follow.
06-02 16:35:05.600  2917  2917 W display : release fence dup failed: Bad file descriptor
06-02 16:35:05.623  3042  3051 E         : invalid gralloc handle (at 0x7fad1eb300)
06-02 16:35:05.623  3042  3051 E         : Runtime and build version of gralloc private structure does not match. Errors will likely follow.
06-02 16:35:05.634  2917  2917 W display : release fence dup failed: Bad file descriptor
06-02 16:35:05.657  3042  3051 E         : invalid gralloc handle (at 0x7fad1eb380)
06-02 16:35:05.657  3042  3051 E         : Runtime and build version of gralloc private structure does not match. Errors will likely follow.
06-02 16:35:05.668  2917  2917 W display : release fence dup failed: Bad file descriptor
06-02 16:35:05.690  3042  3051 E         : invalid gralloc handle (at 0x7fad1eb400)
06-02 16:35:05.690  3042  3051 E         : Runtime and build version of gralloc private structure does not match. Errors will likely follow.
06-02 16:35:05.695  3440  3440 I mediaserver: ServiceManager: 0xf61ce120
06-02 16:35:05.695  3440  3440 I AudioFlinger: Using default 3000 mSec as standby time.
06-02 16:35:05.695  3440  3440 E BatteryNotifier: batterystats service unavailable!
06-02 16:35:05.695  3440  3440 E BatteryNotifier: batterystats service unavailable!
06-02 16:35:05.695  3440  3440 I CameraService: CameraService started (pid=3440)
06-02 16:35:05.695  3440  3440 I CameraService: CameraService process starting
06-02 16:35:05.695  3440  3440 E BatteryNotifier: batterystats service unavailable!
06-02 16:35:05.695  3440  3440 E BatteryNotifier: batterystats service unavailable!
06-02 16:35:05.695  3440  3440 E CameraService: Could not load camera HAL module: -2 (No such file or directory)
06-02 16:35:05.696  3440  3440 I AudioPolicyService: AudioPolicyService CSTOR in new mode
06-02 16:35:05.696  3440  3440 W APM::HwModule: loadOutput() invalid supported devices
06-02 16:35:05.696  3440  3440 W APM::HwModule: loadOutput() invalid supported devices
06-02 16:35:05.696  3440  3440 W APM::HwModule: loadInput() invalid supported devices
06-02 16:35:05.696  3440  3440 W APM::HwModule: loadInput() invalid supported devices
06-02 16:35:05.696  3440  3440 I APM::ConfigParsingUtils: loadAudioPolicyConfig() loaded /system/etc/audio_policy.conf
06-02 16:35:05.702  2917  2917 W display : release fence dup failed: Bad file descriptor
06-02 16:35:05.724  3042  3051 E         : invalid gralloc handle (at 0x7fad1eb300)
06-02 16:35:05.724  3042  3051 E         : Runtime and build version of gralloc private structure does not match. Errors will likely follow.
06-02 16:35:05.736  2917  2917 W display : release fence dup failed: Bad file descriptor
06-02 16:35:05.745  3343  3343 W Zygote  : Got error connecting to zygote, retrying. msg= No such file or directory
06-02 16:35:05.757  3042  3051 E         : invalid gralloc handle (at 0x7fad1eb380)
06-02 16:35:05.757  3042  3051 E         : Runtime and build version of gralloc private structure does not match. Errors will likely follow.
06-02 16:35:05.770  2917  2917 W display : release fence dup failed: Bad file descriptor
06-02 16:35:05.791  3042  3051 E         : invalid gralloc handle (at 0x7fad1eb400)
06-02 16:35:05.791  3042  3051 E         : Runtime and build version of gralloc private structure does not match. Errors will likely follow.
06-02 16:35:05.804  2917  2917 W display : release fence dup failed: Bad file descriptor
06-02 16:35:05.824  3042  3051 E         : invalid gralloc handle (at 0x7fad1eb300)
06-02 16:35:05.824  3042  3051 E         : Runtime and build version of gralloc private structure does not match. Errors will likely follow.
06-02 16:35:05.837  2917  2917 W display : release fence dup failed: Bad file descriptor
06-02 16:35:05.857  3042  3051 E         : invalid gralloc handle (at 0x7fad1eb380)
06-02 16:35:05.857  3042  3051 E         : Runtime and build version of gralloc private structure does not match. Errors will likely follow.
06-02 16:35:05.871  2917  2917 W display : release fence dup failed: Bad file descriptor
06-02 16:35:05.891  3042  3051 E         : invalid gralloc handle (at 0x7fad1eb400)
06-02 16:35:05.891  3042  3051 E         : Runtime and build version of gralloc private structure does not match. Errors will likely follow.
06-02 16:35:05.905  2917  2917 W display : release fence dup failed: Bad file descriptor
06-02 16:35:05.924  3042  3051 E         : invalid gralloc handle (at 0x7fad1eb300)
06-02 16:35:05.924  3042  3051 E         : Runtime and build version of gralloc private structure does not match. Errors will likely follow.
06-02 16:35:05.939  2917  2917 W display : release fence dup failed: Bad file descriptor
06-02 16:35:05.958  3042  3051 E         : invalid gralloc handle (at 0x7fad1eb380)
06-02 16:35:05.958  3042  3051 E         : Runtime and build version of gralloc private structure does not match. Errors will likely follow.
06-02 16:35:05.973  2917  2917 W display : release fence dup failed: Bad file descriptor
06-02 16:35:05.991  3042  3051 E         : invalid gralloc handle (at 0x7fad1eb400)
06-02 16:35:05.991  3042  3051 E         : Runtime and build version of gralloc private structure does not match. Errors will likely follow.
06-02 16:35:06.007  2917  2917 W display : release fence dup failed: Bad file descriptor
06-02 16:35:06.025  3042  3051 E         : invalid gralloc handle (at 0x7fad1eb300)
06-02 16:35:06.025  3042  3051 E         : Runtime and build version of gralloc private structure does not match. Errors will likely follow.
06-02 16:35:06.041  2917  2917 W display : release fence dup failed: Bad file descriptor
06-02 16:35:06.058  3042  3051 E         : invalid gralloc handle (at 0x7fad1eb380)
06-02 16:35:06.058  3042  3051 E         : Runtime and build version of gralloc private structure does not match. Errors will likely follow.
06-02 16:35:06.075  2917  2917 W display : release fence dup failed: Bad file descriptor
06-02 16:35:06.092  3042  3051 E         : invalid gralloc handle (at 0x7fad1eb400)
06-02 16:35:06.092  3042  3051 E         : Runtime and build version of gralloc private structure does not match. Errors will likely follow.
06-02 16:35:06.109  2917  2917 W display : release fence dup failed: Bad file descriptor
06-02 16:35:06.125  3042  3051 E         : invalid gralloc handle (at 0x7fad1eb300)
06-02 16:35:06.125  3042  3051 E         : Runtime and build version of gralloc private structure does not match. Errors will likely follow.
06-02 16:35:06.143  2917  2917 W display : release fence dup failed: Bad file descriptor
06-02 16:35:06.158  3042  3051 E         : invalid gralloc handle (at 0x7fad1eb380)
06-02 16:35:06.158  3042  3051 E         : Runtime and build version of gralloc private structure does not match. Errors will likely follow.
06-02 16:35:06.176  2917  2917 W display : release fence dup failed: Bad file descriptor
06-02 16:35:06.192  3042  3051 E         : invalid gralloc handle (at 0x7fad1eb400)
06-02 16:35:06.192  3042  3051 E         : Runtime and build version of gralloc private structure does not match. Errors will likely follow.
06-02 16:35:06.210  2917  2917 W display : release fence dup failed: Bad file descriptor
06-02 16:35:06.225  3042  3051 E         : invalid gralloc handle (at 0x7fad1eb300)
06-02 16:35:06.225  3042  3051 E         : Runtime and build version of gralloc private structure does not match. Errors will likely follow.
06-02 16:35:06.227  2917  2917 W display : release fence dup failed: Bad file descriptor
06-02 16:35:06.239  3440  3440 I AudioFlinger: loadHwModule() Loaded primary audio interface from Samsung audio HW HAL (audio) handle 1
06-02 16:35:06.239  3440  3440 I AudioFlinger: openOutput(), module 1 Device 2, SamplingRate 48000, Format 0x000001, Channels 3, flags a
06-02 16:35:06.239  3440  3440 I AudioFlinger: AudioStreamOut::open(), mHalFormatIsLinearPcm = 1
06-02 16:35:06.239  3440  3440 I AudioFlinger: HAL output buffer size 1024 frames, normal sink buffer size 1024 frames
06-02 16:35:06.240  3440  3440 W EffectsFactory: loadLibrary() failed to open /system/lib/soundfx/libaudioeffectoffload.so
06-02 16:35:06.241  3440  3440 W EffectsFactory: loadLibrary() failed to open /system/lib/soundfx/libexynosvisualizer.so
06-02 16:35:06.242  3440  3440 W EffectsFactory: loadLibrary() failed to open /system/lib/libmysound.so
06-02 16:35:06.242  3440  3440 W EffectsFactory: loadLibrary() failed to open /system/lib/soundfx/libmyspace.so
06-02 16:35:06.242  3440  3440 W EffectsFactory: loadLibrary() failed to open /system/lib/libaudiosa.so
06-02 16:35:06.242  3440  3440 W EffectsFactory: loadLibrary() failed to open /system/lib/soundfx/libaudiosaplus_sec.so
06-02 16:35:06.243  3440  3440 W EffectsFactory: loadLibrary() failed to open /system/lib/libsamsungSoundbooster_plus.so
06-02 16:35:06.243  3440  3440 W EffectsFactory: loadEffect() could not get library soundbooster_plus
06-02 16:35:06.243  3440  3440 W EffectsFactory: addSubEffect() could not get library soundalive_sec
06-02 16:35:06.243  3440  3440 W EffectsFactory: loadEffect() could not add subEffect 
06-02 16:35:06.243  3440  3440 W EffectsFactory: loadEffect() could not get library soundalive
06-02 16:35:06.243  3440  3440 W EffectsFactory: loadEffect() could not get library soundalive
06-02 16:35:06.243  3440  3440 W EffectsFactory: loadEffect() could not get library soundalive
06-02 16:35:06.243  3440  3440 W EffectsFactory: addSubEffect() could not get library visualizer_hw
06-02 16:35:06.243  3440  3440 W EffectsFactory: loadEffect() could not add subEffect 
06-02 16:35:06.243  3440  3440 W EffectsFactory: addSubEffect() could not get library mysound
06-02 16:35:06.243  3440  3440 W EffectsFactory: loadEffect() could not add subEffect 
06-02 16:35:06.243  3440  3440 W EffectsFactory: addSubEffect() could not get library myspace
06-02 16:35:06.243  3440  3440 W EffectsFactory: loadEffect() could not add subEffect 
06-02 16:35:06.243  3440  3440 I BufferProvider: found effect "Multichannel Downmix To Stereo" from The Android Open Source Project
06-02 16:35:06.243  3440  3440 I AudioFlinger: Using module 1 has the primary audio interface
06-02 16:35:06.243  3440  3444 I AudioFlinger: AudioFlinger's thread 0xf4580000 ready to run
06-02 16:35:06.243  3440  3444 V audio_hw_primary: do_out_standby: output standby: 1
06-02 16:35:06.243  3440  3444 V audio_hw_primary: out_set_parameters: key value pairs: routing=2
06-02 16:35:06.243  3440  3444 E AudioFlinger: no wake lock to update!
06-02 16:35:06.244  3440  3440 I AudioFlinger: openOutput(), module 1 Device 2, SamplingRate 48000, Format 0x000001, Channels 3, flags 4
06-02 16:35:06.244  3440  3440 I AudioFlinger: AudioStreamOut::open(), mHalFormatIsLinearPcm = 1
06-02 16:35:06.244  3440  3440 I AudioFlinger: HAL output buffer size 256 frames, normal sink buffer size 960 frames
06-02 16:35:06.244  3440  3440 E MonoPipe: Failed to fetch local time frequency when constructing a MonoPipe (res = -32).  getNextWriteTimestamp calls will be non-functional
06-02 16:35:06.244  3440  3446 I AudioFlinger: AudioFlinger's thread 0xf4240000 ready to run
06-02 16:35:06.244  3440  3446 V audio_hw_primary: out_set_parameters: key value pairs: routing=2
06-02 16:35:06.244  3440  3446 V audio_hw_primary: do_out_standby: output standby: 1
06-02 16:35:06.244  3440  3446 E AudioFlinger: no wake lock to update!
06-02 16:35:06.245  3440  3440 V audio_hw_primary: adev_open_input_stream: Requesting input stream with rate: 48000, channels: 0xc
06-02 16:35:06.245  3440  3447 I AudioFlinger: AudioFlinger's thread 0xf3f40000 ready to run
06-02 16:35:06.245  3440  3440 I bt_a2dp_hw: adev_open:  adev_open in A2dp_hw module
06-02 16:35:06.245  3440  3440 I AudioFlinger: loadHwModule() Loaded a2dp audio interface from A2DP Audio HW HAL (audio) handle 5
06-02 16:35:06.246  3440  3440 I AudioFlinger: loadHwModule() Loaded usb audio interface from USB audio HW HAL (audio) handle 6
06-02 16:35:06.246  3440  3440 I r_submix: adev_open(name=audio_hw_if)
06-02 16:35:06.246  3440  3440 I r_submix: adev_init_check()
06-02 16:35:06.246  3440  3440 I AudioFlinger: loadHwModule() Loaded r_submix audio interface from Wifi Display audio HAL (audio) handle 7
06-02 16:35:06.246  3440  3440 D r_submix: adev_open_input_stream(addr=0)
06-02 16:35:06.246  3440  3440 D r_submix: submix_audio_device_create_pipe_l(addr=0, idx=9)
06-02 16:35:06.246  3440  3440 D r_submix:   now using address 0 for route 9
06-02 16:35:06.247  3440  3448 I AudioFlinger: AudioFlinger's thread 0xf3e80000 ready to run
06-02 16:35:06.247  3440  3440 D r_submix: adev_close_input_stream()
06-02 16:35:06.247  3440  3440 D r_submix: submix_audio_device_release_pipe_l(idx=9) addr=0
06-02 16:35:06.247  3440  3440 D r_submix: submix_audio_device_destroy_pipe_l(): pipe destroyed
06-02 16:35:06.247  3440  3440 F libc    : Fatal signal 11 (SIGSEGV), code 1, fault addr 0x0 in tid 3440 (mediaserver)
06-02 16:35:06.247  2920  2920 I DEBUG   : property debug.db.uid not set; NOT waiting for gdb.
06-02 16:35:06.247  2920  2920 I DEBUG   : HINT: adb shell setprop debug.db.uid 100000
06-02 16:35:06.247  2920  2920 I DEBUG   : HINT: adb forward tcp:5039 tcp:5039
06-02 16:35:06.259  3042  3051 E         : invalid gralloc handle (at 0x7fad1eb380)
06-02 16:35:06.259  3042  3051 E         : Runtime and build version of gralloc private structure does not match. Errors will likely follow.
06-02 16:35:06.261  2917  2917 W display : release fence dup failed: Bad file descriptor
06-02 16:35:06.292  3042  3051 E         : invalid gralloc handle (at 0x7fad1eb400)
06-02 16:35:06.292  3042  3051 E         : Runtime and build version of gralloc private structure does not match. Errors will likely follow.
06-02 16:35:06.295  2917  2917 W display : release fence dup failed: Bad file descriptor
06-02 16:35:06.297  2920  2920 F DEBUG   : *** *** *** *** *** *** *** *** *** *** *** *** *** *** *** ***
06-02 16:35:06.297  2920  2920 F DEBUG   : Build fingerprint: 'samsung/cm_hero2ltexx/hero2ltexx:6.0.1/MOB30J/b9e0e27e2e:eng/test-keys'
06-02 16:35:06.297  2920  2920 F DEBUG   : Revision: '0'
06-02 16:35:06.297  2920  2920 F DEBUG   : ABI: 'arm'
06-02 16:35:06.297  2920  2920 F DEBUG   : pid: 3440, tid: 3440, name: mediaserver  >>> /system/bin/mediaserver <<<
06-02 16:35:06.297  2920  2920 F DEBUG   : signal 11 (SIGSEGV), code 1 (SEGV_MAPERR), fault addr 0x0
06-02 16:35:06.300  2920  2920 F DEBUG   :     r0 f461e8f4  r1 00000000  r2 65732020  r3 00000007
06-02 16:35:06.300  2920  2920 F DEBUG   :     r4 00000008  r5 f461e8f2  r6 f7035be0  r7 ff991694
06-02 16:35:06.300  2920  2920 F DEBUG   :     r8 f467e00c  r9 f7033431  sl f7033635  fp f461e8f2
06-02 16:35:06.300  2920  2920 F DEBUG   :     ip 00000000  sp ff991650  lr f702e4f7  pc f6b813c8  cpsr 600f0010
06-02 16:35:06.301  2920  2920 F DEBUG   : 
06-02 16:35:06.301  2920  2920 F DEBUG   : backtrace:
06-02 16:35:06.301  2920  2920 F DEBUG   :     #00 pc 000183c8  /system/lib/libc.so (strcmp+152)
06-02 16:35:06.301  2920  2920 F DEBUG   :     #01 pc 000084f3  /system/lib/libaudiopolicyservice.so
06-02 16:35:06.301  2920  2920 F DEBUG   :     #02 pc 00020690  [stack]
06-02 16:35:06.326  3042  3051 E         : invalid gralloc handle (at 0x7fad1eb300)
06-02 16:35:06.326  3042  3051 E         : Runtime and build version of gralloc private structure does not match. Errors will likely follow.
06-02 16:35:06.329  2917  2917 W display : release fence dup failed: Bad file descriptor
06-02 16:35:06.344  2920  2920 F DEBUG   : 
06-02 16:35:06.344  2920  2920 F DEBUG   : Tombstone written to: /data/tombstones/tombstone_07
06-02 16:35:06.339  3440  3440 W mediaserver: type=1701 audit(0.0:144): auid=4294967295 uid=1013 gid=1005 ses=4294967295 exe="/system/bin/mediaserver" sig=11
06-02 16:35:06.346  2916  2916 I ServiceManager: service 'media.audio_flinger' died
06-02 16:35:06.346  2916  2916 I ServiceManager: service 'media.player' died
06-02 16:35:06.346  2916  2916 I ServiceManager: service 'media.resource_manager' died
06-02 16:35:06.346  2916  2916 I ServiceManager: service 'media.camera' died
06-02 16:35:06.359  3042  3051 E         : invalid gralloc handle (at 0x7fad1eb380)
06-02 16:35:06.359  3042  3051 E         : Runtime and build version of gralloc private structure does not match. Errors will likely follow.
06-02 16:35:06.363  2917  2917 W display : release fence dup failed: Bad file descriptor
06-02 16:35:06.392  3042  3051 E         : invalid gralloc handle (at 0x7fad1eb400)
06-02 16:35:06.392  3042  3051 E         : Runtime and build version of gralloc private structure does not match. Errors will likely follow.
06-02 16:35:06.397  2917  2917 W display : release fence dup failed: Bad file descriptor
06-02 16:35:06.426  3042  3051 E         : invalid gralloc handle (at 0x7fad1eb300)
06-02 16:35:06.426  3042  3051 E         : Runtime and build version of gralloc private structure does not match. Errors will likely follow.
06-02 16:35:06.430  2917  2917 W display : release fence dup failed: Bad file descriptor
06-02 16:35:06.459  3042  3051 E         : invalid gralloc handle (at 0x7fad1eb380)
06-02 16:35:06.459  3042  3051 E         : Runtime and build version of gralloc private structure does not match. Errors will likely follow.
06-02 16:35:06.465  2917  2917 W display : release fence dup failed: Bad file descriptor
06-02 16:35:06.493  3042  3051 E         : invalid gralloc handle (at 0x7fad1eb400)
06-02 16:35:06.493  3042  3051 E         : Runtime and build version of gralloc private structure does not match. Errors will likely follow.
06-02 16:35:06.498  2917  2917 W display : release fence dup failed: Bad file descriptor
06-02 16:35:06.527  3042  3051 E         : invalid gralloc handle (at 0x7fad1eb300)
06-02 16:35:06.527  3042  3051 E         : Runtime and build version of gralloc private structure does not match. Errors will likely follow.
06-02 16:35:06.532  2917  2917 W display : release fence dup failed: Bad file descriptor
06-02 16:35:06.560  3042  3051 E         : invalid gralloc handle (at 0x7fad1eb380)
06-02 16:35:06.560  3042  3051 E         : Runtime and build version of gralloc private structure does not match. Errors will likely follow.
06-02 16:35:06.566  2917  2917 W display : release fence dup failed: Bad file descriptor
06-02 16:35:06.594  3042  3051 E         : invalid gralloc handle (at 0x7fad1eb400)
06-02 16:35:06.594  3042  3051 E         : Runtime and build version of gralloc private structure does not match. Errors will likely follow.
06-02 16:35:06.600  2917  2917 W display : release fence dup failed: Bad file descriptor
06-02 16:35:06.627  3042  3051 E         : invalid gralloc handle (at 0x7fad1eb300)
06-02 16:35:06.627  3042  3051 E         : Runtime and build version of gralloc private structure does not match. Errors will likely follow.
06-02 16:35:06.634  2917  2917 W display : release fence dup failed: Bad file descriptor
06-02 16:35:06.660  3042  3051 E         : invalid gralloc handle (at 0x7fad1eb380)
06-02 16:35:06.660  3042  3051 E         : Runtime and build version of gralloc private structure does not match. Errors will likely follow.
06-02 16:35:06.668  2917  2917 W display : release fence dup failed: Bad file descriptor
06-02 16:35:06.694  3042  3051 E         : invalid gralloc handle (at 0x7fad1eb400)
06-02 16:35:06.694  3042  3051 E         : Runtime and build version of gralloc private structure does not match. Errors will likely follow.
06-02 16:35:06.702  2917  2917 W display : release fence dup failed: Bad file descriptor
06-02 16:35:06.727  3042  3051 E         : invalid gralloc handle (at 0x7fad1eb300)
06-02 16:35:06.727  3042  3051 E         : Runtime and build version of gralloc private structure does not match. Errors will likely follow.
06-02 16:35:06.736  2917  2917 W display : release fence dup failed: Bad file descriptor
06-02 16:35:06.745  3343  3343 W Zygote  : Got error connecting to zygote, retrying. msg= No such file or directory
06-02 16:35:06.761  3042  3051 E         : invalid gralloc handle (at 0x7fad1eb380)
06-02 16:35:06.761  3042  3051 E         : Runtime and build version of gralloc private structure does not match. Errors will likely follow.
06-02 16:35:06.769  2917  2917 W display : release fence dup failed: Bad file descriptor
06-02 16:35:06.794  3042  3051 E         : invalid gralloc handle (at 0x7fad1eb400)
06-02 16:35:06.794  3042  3051 E         : Runtime and build version of gralloc private structure does not match. Errors will likely follow.
06-02 16:35:06.804  2917  2917 W display : release fence dup failed: Bad file descriptor
06-02 16:35:06.827  3042  3051 E         : invalid gralloc handle (at 0x7fad1eb300)
06-02 16:35:06.827  3042  3051 E         : Runtime and build version of gralloc private structure does not match. Errors will likely follow.
06-02 16:35:06.837  2917  2917 W display : release fence dup failed: Bad file descriptor
06-02 16:35:06.861  3042  3051 E         : invalid gralloc handle (at 0x7fad1eb380)
06-02 16:35:06.861  3042  3051 E         : Runtime and build version of gralloc private structure does not match. Errors will likely follow.
06-02 16:35:06.871  2917  2917 W display : release fence dup failed: Bad file descriptor
06-02 16:35:06.894  3042  3051 E         : invalid gralloc handle (at 0x7fad1eb400)
06-02 16:35:06.894  3042  3051 E         : Runtime and build version of gralloc private structure does not match. Errors will likely follow.
06-02 16:35:06.905  2917  2917 W display : release fence dup failed: Bad file descriptor
06-02 16:35:06.928  3042  3051 E         : invalid gralloc handle (at 0x7fad1eb300)
06-02 16:35:06.928  3042  3051 E         : Runtime and build version of gralloc private structure does not match. Errors will likely follow.
06-02 16:35:06.939  2917  2917 W display : release fence dup failed: Bad file descriptor
06-02 16:35:06.961  3042  3051 E         : invalid gralloc handle (at 0x7fad1eb380)
06-02 16:35:06.961  3042  3051 E         : Runtime and build version of gralloc private structure does not match. Errors will likely follow.
06-02 16:35:06.973  2917  2917 W display : release fence dup failed: Bad file descriptor
06-02 16:35:06.995  3042  3051 E         : invalid gralloc handle (at 0x7fad1eb400)
06-02 16:35:06.995  3042  3051 E         : Runtime and build version of gralloc private structure does not match. Errors will likely follow.
06-02 16:35:07.007  2917  2917 W display : release fence dup failed: Bad file descriptor
06-02 16:35:07.028  3042  3051 E         : invalid gralloc handle (at 0x7fad1eb300)
06-02 16:35:07.028  3042  3051 E         : Runtime and build version of gralloc private structure does not match. Errors will likely follow.
06-02 16:35:07.041  2917  2917 W display : release fence dup failed: Bad file descriptor
06-02 16:35:07.062  3042  3051 E         : invalid gralloc handle (at 0x7fad1eb380)
06-02 16:35:07.062  3042  3051 E         : Runtime and build version of gralloc private structure does not match. Errors will likely follow.
06-02 16:35:07.075  2917  2917 W display : release fence dup failed: Bad file descriptor
06-02 16:35:07.095  3042  3051 E         : invalid gralloc handle (at 0x7fad1eb400)
06-02 16:35:07.095  3042  3051 E         : Runtime and build version of gralloc private structure does not match. Errors will likely follow.
06-02 16:35:07.109  2917  2917 W display : release fence dup failed: Bad file descriptor
06-02 16:35:07.129  3042  3051 E         : invalid gralloc handle (at 0x7fad1eb300)
06-02 16:35:07.129  3042  3051 E         : Runtime and build version of gralloc private structure does not match. Errors will likely follow.
06-02 16:35:07.142  2917  2917 W display : release fence dup failed: Bad file descriptor
06-02 16:35:07.162  3042  3051 E         : invalid gralloc handle (at 0x7fad1eb380)
06-02 16:35:07.162  3042  3051 E         : Runtime and build version of gralloc private structure does not match. Errors will likely follow.
06-02 16:35:07.176  2917  2917 W display : release fence dup failed: Bad file descriptor
06-02 16:35:07.196  3042  3051 E         : invalid gralloc handle (at 0x7fad1eb400)
06-02 16:35:07.196  3042  3051 E         : Runtime and build version of gralloc private structure does not match. Errors will likely follow.
06-02 16:35:07.210  2917  2917 W display : release fence dup failed: Bad file descriptor
06-02 16:35:07.229  3042  3051 E         : invalid gralloc handle (at 0x7fad1eb300)
06-02 16:35:07.229  3042  3051 E         : Runtime and build version of gralloc private structure does not match. Errors will likely follow.
06-02 16:35:07.245  2917  2917 W display : release fence dup failed: Bad file descriptor
06-02 16:35:07.263  3042  3051 E         : invalid gralloc handle (at 0x7fad1eb380)
06-02 16:35:07.263  3042  3051 E         : Runtime and build version of gralloc private structure does not match. Errors will likely follow.
06-02 16:35:07.278  2917  2917 W display : release fence dup failed: Bad file descriptor
06-02 16:35:07.296  3042  3051 E         : invalid gralloc handle (at 0x7fad1eb400)
06-02 16:35:07.296  3042  3051 E         : Runtime and build version of gralloc private structure does not match. Errors will likely follow.
06-02 16:35:07.312  2917  2917 W display : release fence dup failed: Bad file descriptor
06-02 16:35:07.329  3042  3051 E         : invalid gralloc handle (at 0x7fad1eb300)
06-02 16:35:07.329  3042  3051 E         : Runtime and build version of gralloc private structure does not match. Errors will likely follow.
06-02 16:35:07.346  2917  2917 W display : release fence dup failed: Bad file descriptor
06-02 16:35:07.363  3042  3051 E         : invalid gralloc handle (at 0x7fad1eb380)
06-02 16:35:07.363  3042  3051 E         : Runtime and build version of gralloc private structure does not match. Errors will likely follow.
06-02 16:35:07.380  2917  2917 W display : release fence dup failed: Bad file descriptor
06-02 16:35:07.396  3042  3051 E         : invalid gralloc handle (at 0x7fad1eb400)
06-02 16:35:07.396  3042  3051 E         : Runtime and build version of gralloc private structure does not match. Errors will likely follow.
06-02 16:35:07.414  2917  2917 W display : release fence dup failed: Bad file descriptor
06-02 16:35:07.430  3042  3051 E         : invalid gralloc handle (at 0x7fad1eb300)
06-02 16:35:07.430  3042  3051 E         : Runtime and build version of gralloc private structure does not match. Errors will likely follow.
06-02 16:35:07.448  2917  2917 W display : release fence dup failed: Bad file descriptor
06-02 16:35:07.463  3042  3051 E         : invalid gralloc handle (at 0x7fad1eb380)
06-02 16:35:07.463  3042  3051 E         : Runtime and build version of gralloc private structure does not match. Errors will likely follow.
06-02 16:35:07.482  2917  2917 W display : release fence dup failed: Bad file descriptor
06-02 16:35:07.496  3042  3051 E         : invalid gralloc handle (at 0x7fad1eb400)
06-02 16:35:07.496  3042  3051 E         : Runtime and build version of gralloc private structure does not match. Errors will likely follow.
06-02 16:35:07.498  2917  2917 W display : release fence dup failed: Bad file descriptor
06-02 16:35:07.530  3042  3051 E         : invalid gralloc handle (at 0x7fad1eb300)
06-02 16:35:07.530  3042  3051 E         : Runtime and build version of gralloc private structure does not match. Errors will likely follow.
06-02 16:35:07.532  2917  2917 W display : release fence dup failed: Bad file descriptor
06-02 16:35:07.563  3042  3051 E         : invalid gralloc handle (at 0x7fad1eb380)
06-02 16:35:07.563  3042  3051 E         : Runtime and build version of gralloc private structure does not match. Errors will likely follow.
06-02 16:35:07.566  2917  2917 W display : release fence dup failed: Bad file descriptor
06-02 16:35:07.597  3042  3051 E         : invalid gralloc handle (at 0x7fad1eb400)
06-02 16:35:07.597  3042  3051 E         : Runtime and build version of gralloc private structure does not match. Errors will likely follow.
06-02 16:35:07.600  2917  2917 W display : release fence dup failed: Bad file descriptor
06-02 16:35:07.630  3042  3051 E         : invalid gralloc handle (at 0x7fad1eb300)
06-02 16:35:07.630  3042  3051 E         : Runtime and build version of gralloc private structure does not match. Errors will likely follow.
06-02 16:35:07.634  2917  2917 W display : release fence dup failed: Bad file descriptor
06-02 16:35:07.664  3042  3051 E         : invalid gralloc handle (at 0x7fad1eb380)
06-02 16:35:07.664  3042  3051 E         : Runtime and build version of gralloc private structure does not match. Errors will likely follow.
06-02 16:35:07.668  2917  2917 W display : release fence dup failed: Bad file descriptor
06-02 16:35:07.698  3042  3051 E         : invalid gralloc handle (at 0x7fad1eb400)
06-02 16:35:07.698  3042  3051 E         : Runtime and build version of gralloc private structure does not match. Errors will likely follow.
06-02 16:35:07.702  2917  2917 W display : release fence dup failed: Bad file descriptor
06-02 16:35:07.731  3042  3051 E         : invalid gralloc handle (at 0x7fad1eb300)
06-02 16:35:07.731  3042  3051 E         : Runtime and build version of gralloc private structure does not match. Errors will likely follow.
06-02 16:35:07.736  2917  2917 W display : release fence dup failed: Bad file descriptor
06-02 16:35:07.746  3343  3343 W Zygote  : Got error connecting to zygote, retrying. msg= No such file or directory
06-02 16:35:07.765  3042  3051 E         : invalid gralloc handle (at 0x7fad1eb380)
06-02 16:35:07.765  3042  3051 E         : Runtime and build version of gralloc private structure does not match. Errors will likely follow.
06-02 16:35:07.769  2917  2917 W display : release fence dup failed: Bad file descriptor
06-02 16:35:07.798  3042  3051 E         : invalid gralloc handle (at 0x7fad1eb400)
06-02 16:35:07.798  3042  3051 E         : Runtime and build version of gralloc private structure does not match. Errors will likely follow.
06-02 16:35:07.803  2917  2917 W display : release fence dup failed: Bad file descriptor
06-02 16:35:07.831  3042  3051 E         : invalid gralloc handle (at 0x7fad1eb300)
06-02 16:35:07.832  3042  3051 E         : Runtime and build version of gralloc private structure does not match. Errors will likely follow.
06-02 16:35:07.837  2917  2917 W display : release fence dup failed: Bad file descriptor
06-02 16:35:07.865  3042  3051 E         : invalid gralloc handle (at 0x7fad1eb380)
06-02 16:35:07.865  3042  3051 E         : Runtime and build version of gralloc private structure does not match. Errors will likely follow.
06-02 16:35:07.871  2917  2917 W display : release fence dup failed: Bad file descriptor
06-02 16:35:07.898  3042  3051 E         : invalid gralloc handle (at 0x7fad1eb400)
06-02 16:35:07.898  3042  3051 E         : Runtime and build version of gralloc private structure does not match. Errors will likely follow.
