07-01 19:52:34.114  3414  3414 W PackageManager: Unable to disable com.google.android.gms/com.google.android.gms.update.SystemUpdateActivity
07-01 19:52:34.114  3414  3414 V PackageManager: Disabling com.google.android.gms/com.google.android.gms.update.SystemUpdateService$Receiver
07-01 19:52:34.114  3414  3414 W PackageManager: Unable to disable com.google.android.gms/com.google.android.gms.update.SystemUpdateService$Receiver
07-01 19:52:34.114  3414  3414 V PackageManager: Disabling com.google.android.gms/com.google.android.gms.update.SystemUpdateService$ActiveReceiver
07-01 19:52:34.114  3414  3414 W PackageManager: Unable to disable com.google.android.gms/com.google.android.gms.update.SystemUpdateService$ActiveReceiver
07-01 19:52:34.114  3414  3414 V PackageManager: Disabling com.google.android.gms/com.google.android.gms.update.SystemUpdateService$SecretCodeReceiver
07-01 19:52:34.115  3414  3414 W PackageManager: Unable to disable com.google.android.gms/com.google.android.gms.update.SystemUpdateService$SecretCodeReceiver
07-01 19:52:34.115  3414  3414 V PackageManager: Enabling com.google.android.gsf/com.google.android.gsf.update.SystemUpdateService
07-01 19:52:34.115  3414  3414 W PackageManager: Unable to enable com.google.android.gsf/com.google.android.gsf.update.SystemUpdateService
07-01 19:52:34.115  3414  3414 V PackageManager: Enabling com.google.android.gms/com.google.android.gms.update.SystemUpdateService
07-01 19:52:34.115  3414  3414 W PackageManager: Unable to enable com.google.android.gms/com.google.android.gms.update.SystemUpdateService
07-01 19:52:34.332  3414  3414 I art     : Starting a blocking GC Explicit
07-01 19:52:34.357  3414  3414 I art     : Explicit concurrent mark sweep GC freed 212255(10MB) AllocSpace objects, 37(3MB) LOS objects, 33% free, 27MB/41MB, paused 93us total 25.168ms
07-01 19:52:34.358  3414  3414 I SystemServer: User Service
07-01 19:52:34.367  2917  2917 I lowmemorykiller: ActivityManager connected
07-01 19:52:34.373  3414  3414 I SystemServiceManager: Starting com.android.server.BatteryService
07-01 19:52:34.373  3414  4094 I         : System server: starting sensor init.
07-01 19:52:34.373  3414  4094 D SensorService: nuSensorService starting...
07-01 19:52:34.378  3414  4094 I Sensors : getName:gyro_sensor name = K6DS3TR.
07-01 19:52:34.378  3414  4094 I Sensors : Proximity old sensor_state 0, new sensor_state : 128 en : 1
07-01 19:52:34.382  3414  3414 I SystemServiceManager: Starting com.android.server.usage.UsageStatsService
07-01 19:52:34.394  3414  4094 I Sensors : Light old sensor_state 128, new sensor_state : 640 en : 1
07-01 19:52:34.399  3414  4094 I Sensors : Light_IR old sensor_state 640, new sensor_state : 16777856 en : 1
07-01 19:52:34.399  3414  4094 E Sensors : Light_IR_Sensor write failed. ret = -1, sensor_state = 16777856
07-01 19:52:34.400  3414  4094 I Sensors : SigMotionSensor old sensor_state 640, new sensor_state : 17024 en : 1
07-01 19:52:34.400  3414  3414 I UsageStatsDatabase: Upgrading from version 0 to 3
07-01 19:52:34.400  3414  3414 I UsageStatsDatabase: Deleting all usage stats files
07-01 19:52:34.402  3414  3414 I UsageStatsService: User[0] Rollover scheduled @ 2016-07-02 00:00:00(1467417600000)
07-01 19:52:34.405  3414  4094 I Sensors : getName:gyro_sensor name = K6DS3TR.
07-01 19:52:34.406  3414  4094 I Sensors : StepCounterSensor old sensor_state 17024, new sensor_state : 279168 en : 1
07-01 19:52:34.406  3414  4094 E Sensors : StepCounterSensor write failed. ret = -1, sensor_state = 279168
07-01 19:52:34.406  3414  4094 I Sensors : Int.Gyro old sensor_state 17024, new sensor_state : 33571456 en : 1
07-01 19:52:34.406  3414  4094 E Sensors : Int.GyroSensor write failed. ret = -1, sensor_state = 33571456
07-01 19:52:34.406  3414  4094 I Sensors : getName:gyro_sensor name = K6DS3TR.
07-01 19:52:34.406  3414  4094 I Sensors : HrmSpO2Sensor:: part type = 12.
07-01 19:52:34.406  3414  4094 D Sensors : HrmSpO2Sensor::type:12, prox threshold:10000
07-01 19:52:34.406  3414  4094 D Sensors : HrmSpO2Sensor::handle:0 ,en:1
07-01 19:52:34.406  3414  4094 E Sensors : HrmSpO2Sensor::Error MAXIM Flicker Library...handle=0x0
07-01 19:52:34.406  3414  4094 D Sensors : HrmSpO2Sensor::HrmSpO2Sensor: Shared version Registered
07-01 19:52:34.406  3414  4094 D Sensors : HrmLedSensor enable: mEnabled 0, handle 20, en 1
07-01 19:52:34.406  3414  4094 D Sensors : HRMSensor led enabled:1, en:1
07-01 19:52:34.410  3414  4094 I Sensors : getVendor:hrm_sensor vendor = MAXIM.
07-01 19:52:34.410  3414  4094 I Sensors : HrmLedSensor: HrmLedSensor vendor = MAXIM.
07-01 19:52:34.411  3414  4094 D Sensors : HRMSensor_LED::libhr open start!! 
07-01 19:52:34.411  3414  4094 E Sensors : HRMSensor_LED::libhr open failed 
07-01 19:52:34.411  3414  4094 E Sensors : GripSensor: enable
07-01 19:52:34.442  3414  4094 I Sensors : Proximity old sensor_state 17024, new sensor_state : 16896 en : 0
07-01 19:52:34.442  3414  4094 I Sensors : Light old sensor_state 16896, new sensor_state : 16384 en : 0
07-01 19:52:34.442  3414  4094 I Sensors : SigMotionSensor old sensor_state 16384, new sensor_state : 0 en : 0
07-01 19:52:34.442  3414  4094 E Sensors : GripSensor: enable
07-01 19:52:34.442  3414  4094 D Sensors : HrmSpO2Sensor::handle:19 ,en:0
07-01 19:52:34.442  3414  4094 D Sensors : HrmSpO2Sensor::isEnabled:0 ,en:0, mEn:0
07-01 19:52:34.442  3414  4094 D Sensors : HrmSpO2Sensor::handle:28 ,en:0
07-01 19:52:34.442  3414  4094 D Sensors : HrmSpO2Sensor::isEnabled:0 ,en:0, mEn:0
07-01 19:52:34.442  3414  4094 D Sensors : HrmLedSensor enable: mEnabled 1, handle 20, en 0
07-01 19:52:34.442  3414  4094 D Sensors : HRMSensor_LED::enable 
07-01 19:52:34.442  3414  4094 D Sensors : HRMSensor led enabled:0, en:0
07-01 19:52:34.443  3414  4094 D Sensors : HrmLedSensor enable: mEnabled 0, handle 21, en 0
07-01 19:52:34.443  3414  4094 D Sensors : HrmLedSensor isEnabled:0 ,en:0
07-01 19:52:34.443  3414  4094 D Sensors : HrmSpO2Sensor::handle:18 ,en:0
07-01 19:52:34.443  3414  4094 D Sensors : HrmSpO2Sensor::isEnabled:0 ,en:0, mEn:0
07-01 19:52:34.444  3414  4094 I         : System server: sensor init done.
07-01 19:52:34.444  3414  4095 D SensorService: new thread SensorEventAckReceiver
07-01 19:52:34.444  3414  4096 D SensorService: nuSensorService thread starting...
07-01 19:52:34.453  3414  3414 I UsageStatsService: User[0] Flushing usage stats to disk
07-01 19:52:34.496  3414  3414 I SystemServiceManager: Starting com.android.server.webkit.WebViewUpdateService
07-01 19:52:34.497  3414  3414 I SystemServer: Reading configuration...
07-01 19:52:34.497  3414  3414 I SystemServer: Scheduling Policy
07-01 19:52:34.497  3414  3414 I SystemServiceManager: Starting com.android.server.telecom.TelecomLoaderService
07-01 19:52:34.499  3414  3414 I SystemServer: Telephony Registry
07-01 19:52:34.508  3414  3414 I SystemServer: Entropy Mixer
07-01 19:52:34.509  3414  3414 W EntropyMixer: No existing entropy file -- first boot?
07-01 19:52:34.529  3414  3414 I EntropyMixer: Added HW RNG output to entropy pool
07-01 19:52:34.529  3414  3414 I EntropyMixer: Writing entropy...
07-01 19:52:34.540  3414  3414 I SystemServer: Camera Service
07-01 19:52:34.540  3414  3414 I SystemServiceManager: Starting com.android.server.camera.CameraService
07-01 19:52:34.542  3414  4097 I ServiceThread: Enabled StrictMode logging for CameraService_proxy looper.
07-01 19:52:34.542  3414  3414 I SystemServer: Account Manager
07-01 19:52:34.557  3414  3414 I SystemServer: Content Manager
07-01 19:52:34.560  3414  3414 I SystemServer: System Content Providers
07-01 19:52:34.564  3414  3414 W System  : ClassLoader referenced unknown path: /system/priv-app/CMSettingsProvider/lib/arm64
07-01 19:52:34.596  3414  3414 D ActivityThread: Loading provider settings: com.android.providers.settings.SettingsProvider
07-01 19:52:34.598  3414  3414 W System  : ClassLoader referenced unknown path: /system/priv-app/SettingsProvider/lib/arm64
07-01 19:52:34.652  3414  3414 W SettingsProvider: Invalid ro.telephony.default_network: 
07-01 19:52:34.702  3414  3414 D SettingsProvider: Generated and saved new ANDROID_ID [315e196a1b9ba60c] for user 0
07-01 19:52:34.737  3414  3414 I SystemServer: Vibrator Service
07-01 19:52:34.742  3414  3414 I SystemServer: Consumer IR Service
07-01 19:52:34.743  3414  3414 E ConsumerIrService: Can't open consumer IR HW Module, error: -2
07-01 19:52:34.743  3414  3414 E System  : ******************************************
07-01 19:52:34.743  3414  3414 E System  : ************ Failure starting core service
07-01 19:52:34.743  3414  3414 E System  : java.lang.RuntimeException: FEATURE_CONSUMER_IR present, but no IR HAL loaded!
07-01 19:52:34.743  3414  3414 E System  : 	at com.android.server.ConsumerIrService.<init>(ConsumerIrService.java:51)
07-01 19:52:34.743  3414  3414 E System  : 	at com.android.server.SystemServer.startOtherServices(SystemServer.java:508)
07-01 19:52:34.743  3414  3414 E System  : 	at com.android.server.SystemServer.run(SystemServer.java:290)
07-01 19:52:34.743  3414  3414 E System  : 	at com.android.server.SystemServer.main(SystemServer.java:175)
07-01 19:52:34.743  3414  3414 E System  : 	at java.lang.reflect.Method.invoke(Native Method)
07-01 19:52:34.743  3414  3414 E System  : 	at com.android.internal.os.ZygoteInit$MethodAndArgsCaller.run(ZygoteInit.java:726)
07-01 19:52:34.743  3414  3414 E System  : 	at com.android.internal.os.ZygoteInit.main(ZygoteInit.java:616)
07-01 19:52:34.743  3414  3414 I SystemServer: Input Method Service
07-01 19:52:34.750  3414  3473 I SyncManager: No initial accounts
07-01 19:52:34.750  3414  3473 I SyncManager: No initial status
07-01 19:52:34.751  3414  3473 I SyncManager: No initial statistics
07-01 19:52:34.791  3414  3414 W InputMethodManagerService: No IME selected. Choose the most applicable IME.
07-01 19:52:34.791  3414  3414 I InputMethodManagerService: Default found, using com.android.inputmethod.latin/.LatinIME
07-01 19:52:34.796  3414  3414 I SystemServer: Accessibility Manager
07-01 19:52:34.808  3414  3414 W SystemServer: ***********************************************
07-01 19:52:34.808  3414  3414 E SystemServer: BOOT FAILURE making display ready
07-01 19:52:34.808  3414  3414 E SystemServer: java.lang.NullPointerException: Attempt to invoke virtual method 'void com.android.server.wm.WindowManagerService.displayReady()' on a null object reference
07-01 19:52:34.808  3414  3414 E SystemServer: 	at com.android.server.SystemServer.startOtherServices(SystemServer.java:590)
07-01 19:52:34.808  3414  3414 E SystemServer: 	at com.android.server.SystemServer.run(SystemServer.java:290)
07-01 19:52:34.808  3414  3414 E SystemServer: 	at com.android.server.SystemServer.main(SystemServer.java:175)
07-01 19:52:34.808  3414  3414 E SystemServer: 	at java.lang.reflect.Method.invoke(Native Method)
07-01 19:52:34.808  3414  3414 E SystemServer: 	at com.android.internal.os.ZygoteInit$MethodAndArgsCaller.run(ZygoteInit.java:726)
07-01 19:52:34.808  3414  3414 E SystemServer: 	at com.android.internal.os.ZygoteInit.main(ZygoteInit.java:616)
07-01 19:52:34.810  3414  3414 I SystemServiceManager: Starting com.android.server.MountService$Lifecycle
07-01 19:52:34.829  3414  4103 D MountService: Thinking about reset, mSystemReady=false, mDaemonConnected=true
07-01 19:52:34.829  3414  4103 D MountService: Thinking about reset, mSystemReady=false, mDaemonConnected=true
07-01 19:52:34.829  3414  4103 D CryptdConnector: SND -> {1 cryptfs getfield SystemLocale}
07-01 19:52:34.830  2906  2944 I Ext4Crypt: ext4 crypto complete called on /data
07-01 19:52:34.830  2906  2944 I Ext4Crypt: No master key, so not ext4enc
07-01 19:52:34.830  3414  3414 I SystemServiceManager: Starting com.android.server.UiModeManagerService
07-01 19:52:34.832  3414  4105 D CryptdConnector: RCV <- {200 1 -1}
07-01 19:52:34.834  3414  3414 I ActivityManager: Config changes=200 {1.0 ?mcc?mnc en_US ldltr ?swdp ?wdp ?hdp ?density ?lsize ?long ?orien ?touch ?keyb/?/? ?nav/? s.2 themeResource=null}
07-01 19:52:34.834  3414  4103 W MountService: No primary storage mounted!
07-01 19:52:34.834  3414  4103 D VoldConnector: SND -> {1 asec list}
07-01 19:52:34.835  3414  4104 D VoldConnector: RCV <- {200 1 asec operation succeeded}
07-01 19:52:34.835  3414  4103 I PackageManager: No secure containers found
07-01 19:52:34.835  3414  3414 W PackageManager: No disk maintenance in 1467402754835; running immediately
07-01 19:52:34.836  3414  4103 W PackageManager: Unknown permission com.google.android.googleapps.permission.GOOGLE_AUTH in package com.android.providers.calendar
07-01 19:52:34.836  3414  4103 W PackageManager: Unknown permission com.google.android.googleapps.permission.GOOGLE_AUTH.cl in package com.android.providers.calendar
07-01 19:52:34.837  3414  4103 W PackageManager: Not granting permission android.permission.REAL_GET_TASKS to package org.cyanogenmod.wallpapers.photophase (protectionLevel=18 flags=0x3898be45)
07-01 19:52:34.838  3414  4103 W PackageManager: Unknown permission com.cyanogen.ambient.permission.BIND_CALLER_INFO in package com.android.messaging
07-01 19:52:34.839  3414  4103 W PackageManager: Not granting permission android.permission.ACCESS_DOWNLOAD_MANAGER to package com.android.browser (protectionLevel=18 flags=0x38c9be45)
07-01 19:52:34.839  3414  4103 W PackageManager: Not granting permission android.permission.SEND_DOWNLOAD_COMPLETED_INTENTS to package com.android.browser (protectionLevel=2 flags=0x38c9be45)
07-01 19:52:34.841  3414  4103 W PackageManager: Unknown permission com.cyngn.stats.SEND_ANALYTICS in package com.cyanogenmod.setupwizard
07-01 19:52:34.841  3414  4103 W PackageManager: Unknown permission com.cyanogen.permission.REQUEST_KILL_SWITCH_OP in package com.cyanogenmod.setupwizard
07-01 19:52:34.842  3414  4103 W PackageManager: Unknown permission com.cyanogen.ambient.permission.BIND_INCALL_SERVICE in package com.android.contacts
07-01 19:52:34.842  3414  4103 W PackageManager: Unknown permission com.cyanogen.ambient.permission.PLUGIN_STATUS_CHANGED in package com.android.contacts
07-01 19:52:34.842  3414  4103 W PackageManager: Unknown permission com.cyanogen.ambient.permission.BIND_CALLER_INFO in package com.android.contacts
07-01 19:52:34.844  3414  4103 W PackageManager: Unknown permission com.google.android.googleapps.permission.GOOGLE_AUTH.mail in package com.android.calendar
07-01 19:52:34.845  3414  4103 W PackageManager: Unknown permission com.android.launcher.permission.READ_SETTINGS in package com.android.onetimeinitializer
07-01 19:52:34.846  3414  4103 W PackageManager: Unknown permission com.android.launcher.permission.WRITE_SETTINGS in package com.android.onetimeinitializer
07-01 19:52:34.847  3414  4103 W PackageManager: Unknown permission com.cyanogen.ambient.permission.BIND_INCALL_SERVICE in package com.android.dialer
07-01 19:52:34.847  3414  4103 W PackageManager: Unknown permission com.cyanogen.ambient.permission.PLUGIN_STATUS_CHANGED in package com.android.dialer
07-01 19:52:34.847  3414  4103 W PackageManager: Unknown permission com.cyanogen.ambient.permission.PUBLISH_DISCOVERY_NUDGE in package com.android.dialer
07-01 19:52:34.847  3414  4103 W PackageManager: Unknown permission com.cyanogen.ambient.permission.BIND_DEEPLINK_SERVICE in package com.android.dialer
07-01 19:52:34.847  3414  4103 W PackageManager: Unknown permission com.cyanogen.ambient.permission.READ_DEEPLINK_DATABASE in package com.android.dialer
07-01 19:52:34.847  3414  4103 W PackageManager: Unknown permission com.cyanogen.ambient.permission.BIND_CALLER_INFO in package com.android.dialer
07-01 19:52:34.848  3414  4103 W PackageManager: Unknown permission com.android.launcher.permission.READ_SETTINGS in package com.cyanogenmod.trebuchet
07-01 19:52:34.848  3414  4103 W PackageManager: Unknown permission com.android.launcher.permission.WRITE_SETTINGS in package com.cyanogenmod.trebuchet
07-01 19:52:34.848  3414  4103 W PackageManager: Unknown permission com.cyngn.stats.SEND_ANALYTICS in package com.cyanogenmod.trebuchet
07-01 19:52:34.849  3414  4103 W PackageManager: Unknown permission android.permission.CANCEL_NOTIFICATIONS in package org.cyanogenmod.theme.chooser
07-01 19:52:34.850  3414  4103 W PackageManager: Unknown permission com.google.android.permission.INSTALL_WEARABLE_PACKAGES in package com.android.packageinstaller
07-01 19:52:34.850  3414  4103 W PackageManager: Not granting permission android.permission.DELETE_PACKAGES to package com.svox.pico (protectionLevel=18 flags=0x3888be45)
07-01 19:52:34.850  3414  4103 W PackageManager: Unknown permission android.permission.ACCESS_SUPERUSER in package com.cyanogenmod.filemanager
07-01 19:52:34.850  3414  4103 W PackageManager: Unknown permission com.cyanogenmod.filemanager.permissions.READ_THEME in package com.cyanogenmod.filemanager
07-01 19:52:34.852  3414  4103 W PackageManager: Unknown permission com.google.android.gallery3d.permission.PICASA_STORE in package com.android.dreams.phototable
07-01 19:52:34.853  3414  4103 W PackageManager: Unknown permission com.google.android.googleapps.permission.GOOGLE_AUTH in package com.android.settings
07-01 19:52:34.855  3414  4103 W PackageManager: Unknown permission com.android.launcher.permission.READ_SETTINGS in package com.android.settings
07-01 19:52:34.855  3414  4103 W PackageManager: Unknown permission com.android.launcher.permission.WRITE_SETTINGS in package com.android.settings
07-01 19:52:34.857  3414  4103 W PackageManager: Not granting permission android.permission.REAL_GET_TASKS to package com.cyanogenmod.eleven (protectionLevel=18 flags=0x3898be65)
07-01 19:52:34.873  3414  4103 W PackageManager: Unknown permission com.google.android.gallery3d.permission.GALLERY_PROVIDER in package com.android.bluetooth
07-01 19:52:34.875  3414  4103 W PackageManager: Unknown permission com.google.android.googleapps.permission.ACCESS_GOOGLE_PASSWORD in package com.android.development
07-01 19:52:34.875  3414  4103 W PackageManager: Unknown permission com.google.android.googleapps.permission.GOOGLE_AUTH in package com.android.development
07-01 19:52:34.875  3414  4103 W PackageManager: Unknown permission com.google.android.googleapps.permission.GOOGLE_AUTH.ALL_SERVICES in package com.android.development
07-01 19:52:34.875  3414  4103 W PackageManager: Unknown permission com.google.android.googleapps.permission.GOOGLE_AUTH.YouTubeUser in package com.android.development
07-01 19:52:35.089  3414  4103 W MountService: No primary storage defined yet; hacking together a stub
07-01 19:52:35.090  3414  4103 W MountService: No primary storage defined yet; hacking together a stub
07-01 19:52:35.090  3414  4103 W MountService: No primary storage mounted!
07-01 19:52:35.090  3414  4103 D VoldConnector: SND -> {2 asec list}
07-01 19:52:35.091  3414  4104 D VoldConnector: RCV <- {200 2 asec operation succeeded}
07-01 19:52:35.091  3414  3414 W SystemServer: ***********************************************
07-01 19:52:35.092  3414  3414 E SystemServer: BOOT FAILURE performing boot dexopt
07-01 19:52:35.092  3414  3414 E SystemServer: java.lang.NullPointerException: Attempt to invoke virtual method 'void com.android.server.wm.WindowManagerService.showBootMessage(java.lang.CharSequence, boolean)' on a null object reference
07-01 19:52:35.092  3414  3414 E SystemServer: 	at com.android.server.am.ActivityManagerService.showBootMessage(ActivityManagerService.java:6565)
07-01 19:52:35.092  3414  3414 E SystemServer: 	at com.android.server.pm.PackageManagerService.performBootDexOpt(PackageManagerService.java:6452)
07-01 19:52:35.092  3414  3414 E SystemServer: 	at com.android.server.pm.PackageManagerService.performBootDexOpt(PackageManagerService.java:6399)
07-01 19:52:35.092  3414  3414 E SystemServer: 	at com.android.server.SystemServer.startOtherServices(SystemServer.java:617)
07-01 19:52:35.092  3414  3414 E SystemServer: 	at com.android.server.SystemServer.run(SystemServer.java:290)
07-01 19:52:35.092  3414  3414 E SystemServer: 	at com.android.server.SystemServer.main(SystemServer.java:175)
07-01 19:52:35.092  3414  3414 E SystemServer: 	at java.lang.reflect.Method.invoke(Native Method)
07-01 19:52:35.092  3414  3414 E SystemServer: 	at com.android.internal.os.ZygoteInit$MethodAndArgsCaller.run(ZygoteInit.java:726)
07-01 19:52:35.092  3414  3414 E SystemServer: 	at com.android.internal.os.ZygoteInit.main(ZygoteInit.java:616)
07-01 19:52:35.094  3414  3414 E System  : ******************************************
07-01 19:52:35.094  3414  3414 E System  : ************ Failure starting system services
07-01 19:52:35.094  3414  3414 E System  : java.lang.NullPointerException: Attempt to invoke virtual method 'void com.android.server.wm.WindowManagerService.showBootMessage(java.lang.CharSequence, boolean)' on a null object reference
07-01 19:52:35.094  3414  3414 E System  : 	at com.android.server.am.ActivityManagerService.showBootMessage(ActivityManagerService.java:6565)
07-01 19:52:35.094  3414  3414 E System  : 	at com.android.server.SystemServer.startOtherServices(SystemServer.java:623)
07-01 19:52:35.094  3414  3414 E System  : 	at com.android.server.SystemServer.run(SystemServer.java:290)
07-01 19:52:35.094  3414  3414 E System  : 	at com.android.server.SystemServer.main(SystemServer.java:175)
07-01 19:52:35.094  3414  3414 E System  : 	at java.lang.reflect.Method.invoke(Native Method)
07-01 19:52:35.094  3414  3414 E System  : 	at com.android.internal.os.ZygoteInit$MethodAndArgsCaller.run(ZygoteInit.java:726)
07-01 19:52:35.094  3414  3414 E System  : 	at com.android.internal.os.ZygoteInit.main(ZygoteInit.java:616)
07-01 19:52:35.094  3414  3414 D AndroidRuntime: Shutting down VM
07-01 19:52:35.095  3414  3414 E AndroidRuntime: *** FATAL EXCEPTION IN SYSTEM PROCESS: main
07-01 19:52:35.095  3414  3414 E AndroidRuntime: java.lang.NullPointerException: Attempt to invoke virtual method 'void com.android.server.wm.WindowManagerService.showBootMessage(java.lang.CharSequence, boolean)' on a null object reference
07-01 19:52:35.095  3414  3414 E AndroidRuntime: 	at com.android.server.am.ActivityManagerService.showBootMessage(ActivityManagerService.java:6565)
07-01 19:52:35.095  3414  3414 E AndroidRuntime: 	at com.android.server.SystemServer.startOtherServices(SystemServer.java:623)
07-01 19:52:35.095  3414  3414 E AndroidRuntime: 	at com.android.server.SystemServer.run(SystemServer.java:290)
07-01 19:52:35.095  3414  3414 E AndroidRuntime: 	at com.android.server.SystemServer.main(SystemServer.java:175)
07-01 19:52:35.095  3414  3414 E AndroidRuntime: 	at java.lang.reflect.Method.invoke(Native Method)
07-01 19:52:35.095  3414  3414 E AndroidRuntime: 	at com.android.internal.os.ZygoteInit$MethodAndArgsCaller.run(ZygoteInit.java:726)
07-01 19:52:35.095  3414  3414 E AndroidRuntime: 	at com.android.internal.os.ZygoteInit.main(ZygoteInit.java:616)
07-01 19:52:35.096  3414  3414 I Process : Sending signal. PID: 3414 SIG: 9
07-01 19:52:35.109  2937  2937 E installd: eof
07-01 19:52:35.109  2937  2937 E installd: failed to read size
07-01 19:52:35.109  2937  2937 I installd: closing connection
07-01 19:52:35.109  2918  2918 I ServiceManager: service 'dbinfo' died
07-01 19:52:35.109  2917  2917 I lowmemorykiller: ActivityManager disconnected
07-01 19:52:35.109  2917  2917 I lowmemorykiller: Closing Activity Manager data connection
07-01 19:52:35.109  2918  2918 I ServiceManager: service 'permission' died
07-01 19:52:35.109  2918  2918 I ServiceManager: service 'processinfo' died
07-01 19:52:35.109  2918  2918 I ServiceManager: service 'telephony.registry' died
07-01 19:52:35.109  2918  2918 I ServiceManager: service 'batterymanager' died
07-01 19:52:35.109  2918  2918 I ServiceManager: service 'scheduling_policy' died
07-01 19:52:35.109  2918  2918 I ServiceManager: service 'webviewupdate' died
07-01 19:52:35.109  2918  2918 I ServiceManager: service 'usagestats' died
07-01 19:52:35.109  2918  2918 I ServiceManager: service 'media.camera.proxy' died
07-01 19:52:35.109  2918  2918 I ServiceManager: service 'account' died
07-01 19:52:35.109  2918  2918 I ServiceManager: service 'content' died
07-01 19:52:35.109  2918  2918 I ServiceManager: service 'vibrator' died
07-01 19:52:35.109  2918  2918 I ServiceManager: service 'input_method' died
07-01 19:52:35.109  2918  2918 I ServiceManager: service 'accessibility' died
07-01 19:52:35.109  2918  2918 I ServiceManager: service 'uimode' died
07-01 19:52:35.109  2918  2918 I ServiceManager: service 'mount' died
07-01 19:52:35.109  2918  2918 I ServiceManager: service 'meminfo' died
07-01 19:52:35.109  2918  2918 I ServiceManager: service 'gfxinfo' died
07-01 19:52:35.109  2918  2918 I ServiceManager: service 'cpuinfo' died
07-01 19:52:35.109  2918  2918 I ServiceManager: service 'user' died
07-01 19:52:35.109  2918  2918 I ServiceManager: service 'procstats' died
07-01 19:52:35.109  2918  2918 I ServiceManager: service 'package' died
07-01 19:52:35.109  2918  2918 I ServiceManager: service 'activity' died
07-01 19:52:35.109  2918  2918 I ServiceManager: service 'appops' died
07-01 19:52:35.109  2918  2918 I ServiceManager: service 'batterystats' died
07-01 19:52:35.109  2918  2918 I ServiceManager: service 'power' died
07-01 19:52:35.109  2918  2918 I ServiceManager: service 'display' died
07-01 19:52:35.109  2918  2918 I ServiceManager: service 'sensorservice' died
07-01 19:52:35.761  2940  2940 E Zygote  : Exit zygote because system server (3414) has terminated
07-01 19:52:35.781  2918  2918 I ServiceManager: service 'media.radio' died
07-01 19:52:35.781  2918  2918 I ServiceManager: service 'media.sound_trigger_hw' died
07-01 19:52:35.781  2918  2918 I ServiceManager: service 'media.audio_flinger' died
07-01 19:52:35.781  2918  2918 I ServiceManager: service 'media.player' died
07-01 19:52:35.781  2918  2918 I ServiceManager: service 'media.resource_manager' died
07-01 19:52:35.781  2918  2918 I ServiceManager: service 'media.camera' died
07-01 19:52:35.781  2918  2918 I ServiceManager: service 'media.audio_policy' died
07-01 19:52:35.899  4107  4107 I mediaserver: ServiceManager: 0xf680e120
07-01 19:52:35.900  4107  4107 I AudioFlinger: Using default 3000 mSec as standby time.
07-01 19:52:35.900  4107  4107 E BatteryNotifier: batterystats service unavailable!
07-01 19:52:35.900  4107  4107 E BatteryNotifier: batterystats service unavailable!
07-01 19:52:35.900  4107  4107 I CameraService: CameraService started (pid=4107)
07-01 19:52:35.900  4107  4107 I CameraService: CameraService process starting
07-01 19:52:35.900  4107  4107 E BatteryNotifier: batterystats service unavailable!
07-01 19:52:35.900  4107  4107 E BatteryNotifier: batterystats service unavailable!
07-01 19:52:35.900  4107  4107 E CameraService: Could not load camera HAL module: -2 (No such file or directory)
07-01 19:52:35.900  4107  4107 I AudioPolicyService: AudioPolicyService CSTOR in new mode
07-01 19:52:35.901  4107  4107 I APM::ConfigParsingUtils: loadAudioPolicyConfig() loaded /system/etc/audio_policy.conf
07-01 19:52:35.931  4111  4111 I Netd    : Netd 1.0 starting
07-01 19:52:35.932  4111  4111 I QtiConnectivityAdapter: Failed to open libconnctrl, some features may not be present.
07-01 19:52:35.932  4111  4111 D TetherController: Setting IP forward enable = 0
07-01 19:52:35.929  3063  3063 W auditd  : type=1325 audit(0.0:138): table=filter family=2 entries=52
07-01 19:52:35.929  3063  3063 W auditd  : type=1320 audit(0.0:138): 
07-01 19:52:35.939  3063  3063 W auditd  : type=1325 audit(0.0:139): table=filter family=10 entries=55
07-01 19:52:35.939  3063  3063 W auditd  : type=1320 audit(0.0:139): 
07-01 19:52:35.949  3063  3063 W auditd  : type=1325 audit(0.0:140): table=filter family=2 entries=51
07-01 19:52:35.949  3063  3063 W auditd  : type=1320 audit(0.0:140): 
07-01 19:52:35.949  3063  3063 W auditd  : type=1325 audit(0.0:141): table=filter family=10 entries=54
07-01 19:52:35.949  3063  3063 W auditd  : type=1320 audit(0.0:141): 
07-01 19:52:35.959  3063  3063 W auditd  : type=1325 audit(0.0:142): table=filter family=2 entries=50
07-01 19:52:35.959  3063  3063 W auditd  : type=1320 audit(0.0:142): 
07-01 19:52:35.959  3063  3063 W auditd  : type=1325 audit(0.0:143): table=filter family=10 entries=53
07-01 19:52:35.959  3063  3063 W auditd  : type=1320 audit(0.0:143): 
07-01 19:52:35.969  3063  3063 W auditd  : type=1325 audit(0.0:144): table=filter family=2 entries=48
07-01 19:52:35.969  3063  3063 W auditd  : type=1320 audit(0.0:144): 
07-01 19:52:35.975  4106  4106 D AndroidRuntime: >>>>>> START com.android.internal.os.ZygoteInit uid 0 <<<<<<
07-01 19:52:35.978  4106  4106 D AndroidRuntime: CheckJNI is ON
07-01 19:52:35.978  4106  4106 I art     : option[0]=-Xzygote
07-01 19:52:35.978  4106  4106 I art     : option[1]=-Xcheck:jni
07-01 19:52:35.978  4106  4106 I art     : option[2]=-Xstacktracefile:/data/anr/traces.txt
07-01 19:52:35.978  4106  4106 I art     : option[3]=exit
07-01 19:52:35.978  4106  4106 I art     : option[4]=vfprintf
07-01 19:52:35.978  4106  4106 I art     : option[5]=sensitiveThread
07-01 19:52:35.978  4106  4106 I art     : option[6]=-verbose:gc
07-01 19:52:35.978  4106  4106 I art     : option[7]=-Xms8m
07-01 19:52:35.978  4106  4106 I art     : option[8]=-Xmx512m
07-01 19:52:35.978  4106  4106 I art     : option[9]=-XX:HeapGrowthLimit=256m
07-01 19:52:35.978  4106  4106 I art     : option[10]=-XX:HeapMinFree=2m
07-01 19:52:35.978  4106  4106 I art     : option[11]=-XX:HeapMaxFree=8m
07-01 19:52:35.978  4106  4106 I art     : option[12]=-XX:HeapTargetUtilization=0.75
07-01 19:52:35.978  4106  4106 I art     : option[13]=-Xusejit:true
07-01 19:52:35.978  4106  4106 I art     : option[14]=-agentlib:jdwp=transport=dt_android_adb,suspend=n,server=y
07-01 19:52:35.978  4106  4106 I art     : option[15]=-Xlockprofthreshold:500
07-01 19:52:35.978  4106  4106 I art     : option[16]=-Ximage-compiler-option
07-01 19:52:35.978  4106  4106 I art     : option[17]=--runtime-arg
07-01 19:52:35.978  4106  4106 I art     : option[18]=-Ximage-compiler-option
07-01 19:52:35.978  4106  4106 I art     : option[19]=-Xms64m
07-01 19:52:35.978  4106  4106 I art     : option[20]=-Ximage-compiler-option
07-01 19:52:35.978  4106  4106 I art     : option[21]=--runtime-arg
07-01 19:52:35.978  4106  4106 I art     : option[22]=-Ximage-compiler-option
07-01 19:52:35.978  4106  4106 I art     : option[23]=-Xmx64m
07-01 19:52:35.969  3063  3063 W auditd  : type=1325 audit(0.0:145): table=filter family=10 entries=51
07-01 19:52:35.978  4106  4106 I art     : option[24]=-Ximage-compiler-option
07-01 19:52:35.978  4106  4106 I art     : option[25]=--compiler-filter=verify-at-runtime
07-01 19:52:35.978  4106  4106 I art     : option[26]=-Ximage-compiler-option
07-01 19:52:35.969  3063  3063 W auditd  : type=1320 audit(0.0:145): 
07-01 19:52:35.978  4106  4106 I art     : option[27]=--image-classes=/system/etc/preloaded-classes
07-01 19:52:35.978  4106  4106 I art     : option[28]=-Xcompiler-option
07-01 19:52:35.978  4106  4106 I art     : option[29]=--runtime-arg
07-01 19:52:35.978  4106  4106 I art     : option[30]=-Xcompiler-option
07-01 19:52:35.978  4106  4106 I art     : option[31]=-Xms64m
07-01 19:52:35.978  4106  4106 I art     : option[32]=-Xcompiler-option
07-01 19:52:35.978  4106  4106 I art     : option[33]=--runtime-arg
07-01 19:52:35.978  4106  4106 I art     : option[34]=-Xcompiler-option
07-01 19:52:35.978  4106  4106 I art     : option[35]=-Xmx512m
07-01 19:52:35.978  4106  4106 I art     : option[36]=-Xcompiler-option
07-01 19:52:35.978  4106  4106 I art     : option[37]=--compiler-filter=verify-at-runtime
07-01 19:52:35.978  4106  4106 I art     : option[38]=-Ximage-compiler-option
07-01 19:52:35.978  4106  4106 I art     : option[39]=--instruction-set-variant=generic
07-01 19:52:35.978  4106  4106 I art     : option[40]=-Xcompiler-option
07-01 19:52:35.978  4106  4106 I art     : option[41]=--instruction-set-variant=generic
07-01 19:52:35.978  4106  4106 I art     : option[42]=-Ximage-compiler-option
07-01 19:52:35.978  4106  4106 I art     : option[43]=--instruction-set-features=default
07-01 19:52:35.978  4106  4106 I art     : option[44]=-Xcompiler-option
07-01 19:52:35.978  4106  4106 I art     : option[45]=--instruction-set-features=default
07-01 19:52:35.978  4106  4106 I art     : option[46]=-Duser.locale=en-US
07-01 19:52:35.978  4106  4106 I art     : option[47]=--cpu-abilist=arm64-v8a,armeabi
07-01 19:52:35.978  4106  4106 I art     : option[48]=-Xfingerprint:samsung/cm_hero2ltexx/hero2ltexx:6.0.1/MOB30M/ab79815e0b:eng/test-keys
07-01 19:52:35.979  3063  3063 W auditd  : type=1325 audit(0.0:146): table=filter family=2 entries=50
07-01 19:52:35.979  3063  3063 W auditd  : type=1320 audit(0.0:146): 
07-01 19:52:35.979  3063  3063 W auditd  : type=1325 audit(0.0:147): table=filter family=10 entries=53
07-01 19:52:35.979  3063  3063 W auditd  : type=1320 audit(0.0:147): 
07-01 19:52:36.009  4106  4106 D ICU     : No timezone override file found: /data/misc/zoneinfo/current/icu/icu_tzdata.dat
07-01 19:52:36.138  4106  4106 I Radio-JNI: register_android_hardware_Radio DONE
07-01 19:52:36.181  4106  4106 I SamplingProfilerIntegration: Profiling disabled.
07-01 19:52:36.182  4106  4106 D Zygote  : begin preload
07-01 19:52:36.184  4106  4106 I Zygote  : Preloading classes...
07-01 19:52:36.427  4107  4107 E audio_route: Failed to open /system/etc/mixer_paths.xml
07-01 19:52:36.433  4107  4107 I AudioFlinger: loadHwModule() Loaded primary audio interface from Samsung audio HW HAL (audio) handle 1
07-01 19:52:36.433  4107  4107 I AudioFlinger: openOutput(), module 1 Device 2, SamplingRate 44100, Format 0x000001, Channels 3, flags 2
07-01 19:52:36.433  4107  4107 I AudioFlinger: AudioStreamOut::open(), mHalFormatIsLinearPcm = 1
07-01 19:52:36.433  4107  4107 I AudioFlinger: HAL output buffer size 256 frames, normal sink buffer size 960 frames
07-01 19:52:36.435  4107  4107 I BufferProvider: found effect "Multichannel Downmix To Stereo" from The Android Open Source Project
07-01 19:52:36.435  4107  4107 E MonoPipe: Failed to fetch local time frequency when constructing a MonoPipe (res = -32).  getNextWriteTimestamp calls will be non-functional
07-01 19:52:36.435  4107  4107 I AudioFlinger: Using module 1 has the primary audio interface
07-01 19:52:36.435  4107  4224 I AudioFlinger: AudioFlinger's thread 0xf4cc0000 ready to run
07-01 19:52:36.435  4107  4224 V audio_hw_primary: do_out_standby: output standby: 1
07-01 19:52:36.435  4107  4224 V audio_hw_primary: out_set_parameters: key value pairs: routing=2
07-01 19:52:36.435  4107  4224 E AudioFlinger: no wake lock to update!
07-01 19:52:36.436  4107  4107 V audio_hw_primary: adev_open_input_stream: Created resampler converting 48000 -> 16000
07-01 19:52:36.436  4107  4107 V audio_hw_primary: adev_open_input_stream: Requesting input stream with rate: 16000, channels: 0xc
07-01 19:52:36.436  4107  4225 I AudioFlinger: AudioFlinger's thread 0xf4900000 ready to run
07-01 19:52:36.436  4107  4107 I r_submix: adev_open(name=audio_hw_if)
07-01 19:52:36.437  4107  4107 I r_submix: adev_init_check()
07-01 19:52:36.437  4107  4107 I AudioFlinger: loadHwModule() Loaded r_submix audio interface from Wifi Display audio HAL (audio) handle 4
07-01 19:52:36.437  4107  4107 D r_submix: adev_open_input_stream(addr=0)
07-01 19:52:36.437  4107  4107 D r_submix: submix_audio_device_create_pipe_l(addr=0, idx=9)
07-01 19:52:36.437  4107  4107 D r_submix:   now using address 0 for route 9
07-01 19:52:36.437  4107  4226 I AudioFlinger: AudioFlinger's thread 0xf4900000 ready to run
07-01 19:52:36.437  4107  4107 D r_submix: adev_close_input_stream()
07-01 19:52:36.437  4107  4107 D r_submix: submix_audio_device_release_pipe_l(idx=9) addr=0
07-01 19:52:36.437  4107  4107 D r_submix: submix_audio_device_destroy_pipe_l(): pipe destroyed
07-01 19:52:36.437  4107  4107 E SoundTriggerHwService: couldn't load sound trigger module sound_trigger.primary (No such file or directory)
07-01 19:52:36.437  4107  4107 I RadioService: RadioService
07-01 19:52:36.437  4107  4107 I RadioService: onFirstRef
07-01 19:52:36.437  4107  4107 E RadioService: couldn't load radio module radio.primary (No such file or directory)
07-01 19:52:36.533  4106  4106 E Minikin : addFont failed to create font /system/fonts/NanumGothic.ttf
07-01 19:52:36.533  4106  4106 E Minikin : addFont failed to create font /system/fonts/DroidSansFallback.ttf
07-01 19:52:36.533  4106  4106 E Minikin : addFont failed to create font /system/fonts/MTLmr3m.ttf
07-01 19:52:36.618  4106  4106 V DngCreator_JNI: DngCreator_nativeClassInit:
07-01 19:52:36.757  4111  4111 V NatController: runCmd(/system/bin/iptables -w -F natctrl_FORWARD) res=0
07-01 19:52:36.762  4111  4111 V NatController: runCmd(/system/bin/iptables -w -A natctrl_FORWARD -j DROP) res=0
07-01 19:52:36.766  4111  4111 V NatController: runCmd(/system/bin/iptables -w -t nat -F natctrl_nat_POSTROUTING) res=0
07-01 19:52:36.770  4111  4111 V NatController: runCmd(/system/bin/iptables -w -F natctrl_tether_counters) res=0
07-01 19:52:36.775  4111  4111 V NatController: runCmd(/system/bin/iptables -w -X natctrl_tether_counters) res=0
07-01 19:52:36.780  4111  4111 V NatController: runCmd(/system/bin/iptables -w -N natctrl_tether_counters) res=0
07-01 19:52:36.784  4111  4111 V NatController: runCmd(/system/bin/iptables -w -t mangle -A natctrl_mangle_FORWARD -p tcp --tcp-flags SYN SYN -j TCPMSS --clamp-mss-to-pmtu) res=0
07-01 19:52:36.939  3063  3063 W auditd  : type=1325 audit(0.0:356): table=filter family=2 entries=49
07-01 19:52:36.939  3063  3063 W auditd  : type=1320 audit(0.0:356): 
07-01 19:52:36.939  3063  3063 W auditd  : type=1325 audit(0.0:357): table=filter family=10 entries=52
07-01 19:52:36.939  3063  3063 W auditd  : type=1320 audit(0.0:357): 
07-01 19:52:36.939  3063  3063 W auditd  : type=1325 audit(0.0:358): table=filter family=2 entries=49
07-01 19:52:36.939  3063  3063 W auditd  : type=1320 audit(0.0:358): 
07-01 19:52:36.949  3063  3063 W auditd  : type=1325 audit(0.0:359): table=filter family=10 entries=52
07-01 19:52:36.949  3063  3063 W auditd  : type=1320 audit(0.0:359): 
07-01 19:52:36.949  3063  3063 W auditd  : type=1325 audit(0.0:360): table=filter family=2 entries=49
07-01 19:52:36.949  3063  3063 W auditd  : type=1320 audit(0.0:360): 
07-01 19:52:36.959  3063  3063 W auditd  : type=1325 audit(0.0:361): table=filter family=10 entries=52
07-01 19:52:36.959  3063  3063 W auditd  : type=1320 audit(0.0:361): 
07-01 19:52:36.959  3063  3063 W auditd  : type=1325 audit(0.0:362): table=raw family=2 entries=9
07-01 19:52:36.959  3063  3063 W auditd  : type=1320 audit(0.0:362): 
07-01 19:52:36.969  3063  3063 W auditd  : type=1325 audit(0.0:363): table=raw family=10 entries=9
07-01 19:52:36.969  3063  3063 W auditd  : type=1320 audit(0.0:363): 
07-01 19:52:36.969  3063  3063 W auditd  : type=1325 audit(0.0:364): table=mangle family=2 entries=16
07-01 19:52:36.969  3063  3063 W auditd  : type=1320 audit(0.0:364): 
07-01 19:52:36.969  3063  3063 W auditd  : type=1325 audit(0.0:365): table=mangle family=10 entries=12
07-01 19:52:36.969  3063  3063 W auditd  : type=1320 audit(0.0:365): 
07-01 19:52:37.032  4111  4111 E Netd    : cannot find interface dummy0
07-01 19:52:37.033  4111  4111 D MDnsDS  : MDnsSdListener::Hander starting up
07-01 19:52:37.033  4111  4372 D MDnsDS  : MDnsSdListener starting to monitor
07-01 19:52:37.033  4111  4372 D MDnsDS  : Going to poll with pollCount 1
07-01 19:52:37.247  4106  4106 I art     : Thread[1,tid=4106,Native,Thread*=0x7f8757ba00,peer=0x12c532e0,"main"] recursive attempt to load library "/system/lib64/libmedia_jni.so"
07-01 19:52:37.247  4106  4106 D MtpDeviceJNI: register_android_mtp_MtpDevice
07-01 19:52:37.247  4106  4106 I art     : Thread[1,tid=4106,Native,Thread*=0x7f8757ba00,peer=0x12c532e0,"main"] recursive attempt to load library "/system/lib64/libmedia_jni.so"
07-01 19:52:37.248  4106  4106 I art     : Thread[1,tid=4106,Native,Thread*=0x7f8757ba00,peer=0x12c532e0,"main"] recursive attempt to load library "/system/lib64/libmedia_jni.so"
07-01 19:52:37.751  4106  4106 W System  : ClassLoader referenced unknown path: /system/framework/tcmclient.jar
07-01 19:52:38.077  4106  4106 I System  : Loaded time zone names for "" in 18ms (17ms in ICU)
07-01 19:52:38.109  4106  4106 I System  : Loaded time zone names for "en_US" in 32ms (11ms in ICU)
07-01 19:52:38.276  4106  4106 I Zygote  : ...preloaded 3831 classes in 2093ms.
07-01 19:52:38.277  4106  4106 I art     : VMRuntime.preloadDexCaches starting
07-01 19:52:38.309  4106  4106 I art     : VMRuntime.preloadDexCaches strings total=248969 before=10083 after=10083
07-01 19:52:38.309  4106  4106 I art     : VMRuntime.preloadDexCaches types total=20332 before=8245 after=9836
07-01 19:52:38.309  4106  4106 I art     : VMRuntime.preloadDexCaches fields total=100378 before=35761 after=47726
07-01 19:52:38.309  4106  4106 I art     : VMRuntime.preloadDexCaches methods total=172817 before=67604 after=83308
07-01 19:52:38.309  4106  4106 I art     : VMRuntime.preloadDexCaches finished
07-01 19:52:38.322  4376  4376 D idmap   : error: no read access to /vendor/overlay: No such file or directory
07-01 19:52:38.325  4106  4106 I Zygote  : Preloading resources...
07-01 19:52:38.702  4106  4106 I Zygote  : ...preloaded 342 resources in 376ms.
07-01 19:52:38.711  4106  4106 I Zygote  : ...preloaded 41 resources in 9ms.
07-01 19:52:38.718  4106  4106 D libEGL  : loaded /vendor/lib64/egl/libGLES_mali.so
07-01 19:52:38.725  4106  4106 I Zygote  : Preloading shared libraries...
07-01 19:52:38.732  4106  4106 D Zygote  : end preload
07-01 19:52:38.732  4106  4106 I art     : Starting a blocking GC Explicit
07-01 19:52:38.743  4106  4106 I art     : Explicit concurrent mark sweep GC freed 11399(460KB) AllocSpace objects, 0(0B) LOS objects, 35% free, 29MB/45MB, paused 46us total 10.723ms
07-01 19:52:38.752  4106  4106 I art     : Starting a blocking GC Explicit
07-01 19:52:38.761  4106  4106 I art     : Explicit concurrent mark sweep GC freed 2657(124KB) AllocSpace objects, 0(0B) LOS objects, 35% free, 28MB/44MB, paused 48us total 8.726ms
07-01 19:52:38.762  4106  4137 I art     : Starting a blocking GC HeapTrim
07-01 19:52:38.763  4106  4106 I art     : Starting a blocking GC Background
07-01 19:52:38.810  4106  4106 I Zygote  : System server process 4377 has been created
07-01 19:52:38.812  4106  4106 I Zygote  : Accepting command socket connections
07-01 19:52:38.826  4377  4377 I Zygote  : Process: zygote socket opened, supported ABIS: armeabi-v7a,armeabi
07-01 19:52:38.827  4377  4377 I InstallerConnection: connecting...
07-01 19:52:38.827  2937  2937 I installd: new connection
07-01 19:52:38.829  4377  4377 I InstallerConnection: disconnecting...
07-01 19:52:38.829  2937  2937 E installd: eof
07-01 19:52:38.829  2937  2937 E installd: failed to read size
07-01 19:52:38.829  2937  2937 I installd: closing connection
07-01 19:52:38.863  4377  4377 I SystemServer: Entered the Android system server!
07-01 19:52:38.901  4377  4377 I SystemServiceManager: Starting com.android.server.pm.Installer
07-01 19:52:38.902  4377  4377 I Installer: Waiting for installd to be ready.
07-01 19:52:38.902  4377  4377 I InstallerConnection: connecting...
07-01 19:52:38.902  2937  2937 I installd: new connection
07-01 19:52:38.903  4377  4377 I SystemServiceManager: Starting com.android.server.am.ActivityManagerService$Lifecycle
07-01 19:52:38.981  4377  4377 I XXXXXX  : choosing minFree values for 64 Bit
07-01 19:52:38.981  4377  4377 I XXXXXX  : choosing minFree values for 64 Bit
07-01 19:52:38.981  4377  4377 I XXXXXX  : choosing minFree values for 64 Bit
07-01 19:52:38.981  4377  4377 I XXXXXX  : choosing minFree values for 64 Bit
07-01 19:52:38.981  4377  4377 I XXXXXX  : choosing minFree values for 64 Bit
07-01 19:52:38.981  4377  4377 I XXXXXX  : choosing minFree values for 64 Bit
07-01 19:52:38.988  4377  4377 I ActivityManager: Memory class: 256
07-01 19:52:38.989  4377  4391 I ServiceThread: Enabled StrictMode logging for ActivityManager looper.
07-01 19:52:38.994  4377  4392 I ServiceThread: Enabled StrictMode logging for android.ui looper.
07-01 19:52:39.063  4377  4377 D BatteryStatsImpl: Reading daily items from /data/system/batterystats-daily.xml
07-01 19:52:39.096  4377  4377 I AppOps  : No existing app ops /data/system/appops.xml; starting empty
07-01 19:52:39.158  4377  4377 I IntentFirewall: Read new rules (A:0 B:0 S:0)
07-01 19:52:39.180  4377  4396 I ServiceThread: Enabled StrictMode logging for android.display looper.
07-01 19:52:39.185  4377  4377 D AppOps  : AppOpsService published
07-01 19:52:39.185  4377  4377 I SystemServiceManager: Starting com.android.server.power.PowerManagerService
07-01 19:52:39.187  4377  4398 I ServiceThread: Enabled StrictMode logging for PowerManagerService looper.
07-01 19:52:39.188  4377  4377 W libsuspend: Error writing 'on' to /sys/power/state: Invalid argument
07-01 19:52:39.188  4377  4377 I libsuspend: Selected wakeup count
07-01 19:52:39.191  4377  4377 I SystemServiceManager: Starting com.android.server.lights.LightsService
07-01 19:52:39.192  4377  4377 I SystemServiceManager: Starting com.android.server.display.DisplayManagerService
07-01 19:52:39.199  4377  4377 I SystemServiceManager: Starting phase 100
07-01 19:52:39.201  2919  3241 E SurfaceFlinger: getDefaultDisplay: id=2 is not a valid default display id
07-01 19:52:39.203  4377  4396 I DisplayManagerService: Display device added: DisplayDeviceInfo{"Built-in Screen": uniqueId="local:0", 1440 x 2560, modeId 1, defaultModeId 1, supportedModes [{id=1, width=1440, height=2560, fps=59.0}], colorTransformId 1, defaultColorTransformId 1, supportedColorTransforms [{id=1, colorTransform=-22}], density 640, 537.882 x 532.983 dpi, appVsyncOff 0, presDeadline 17949152, touch INTERNAL, rotation 0, type BUILT_IN, state UNKNOWN, FLAG_DEFAULT_DISPLAY, FLAG_ROTATES_WITH_CONTENT, FLAG_SECURE, FLAG_SUPPORTS_PROTECTED_BUFFERS}
07-01 19:52:39.204  2919  2919 D SurfaceFlinger: Set power mode=2, type=0 flinger=0x7f880c3c00
07-01 19:52:39.204  2919  2919 D SurfaceFlinger: Screen type=0 is already mode=2
07-01 19:52:39.208  4377  4377 I SystemServer: Package Manager
07-01 19:52:39.208  4377  4396 I DisplayManagerService: Display device changed state: "Built-in Screen", ON
07-01 19:52:39.275  4377  4377 W SELinuxMMAC: Error opening /data/system/seapp_hash. Assuming first boot.
07-01 19:52:39.306  4377  4377 W SystemConfig: No directory /system/etc/sysconfig, skipping
07-01 19:52:39.388  4377  4377 D SELinuxMMAC: Using policy file /system/etc/security/mac_permissions.xml
07-01 19:52:40.184  4377  4377 E art     : DexFile_getDexOptNeeded file '/system/framework/org.apache.http.legacy.jar' does not exist
07-01 19:52:40.184  4377  4377 W PackageManager: Library not found: /system/framework/org.apache.http.legacy.jar
07-01 19:52:40.184  4377  4377 E art     : DexFile_getDexOptNeeded file '/system/framework/com.android.nfc_extras.jar' does not exist
07-01 19:52:40.184  4377  4377 W PackageManager: Library not found: /system/framework/com.android.nfc_extras.jar
07-01 19:52:40.186  4377  4377 E art     : DexFile_getDexOptNeeded file '/system/framework/org.apache.http.legacy.jar' does not exist
07-01 19:52:40.186  4377  4377 W PackageManager: Library not found: /system/framework/org.apache.http.legacy.jar
07-01 19:52:40.186  4377  4377 E art     : DexFile_getDexOptNeeded file '/system/framework/com.android.nfc_extras.jar' does not exist
07-01 19:52:40.186  4377  4377 W PackageManager: Library not found: /system/framework/com.android.nfc_extras.jar
07-01 19:52:40.204  4377  4377 D PackageManager: No files in app dir /vendor/overlay
07-01 19:52:41.298  4377  4377 W PackageManager: Permission android.permission.SET_KEYGUARD_WALLPAPER from package android in an unknown group android.permission-group.WALLPAPER
07-01 19:52:41.301  4377  4377 W PackageManager: Permission android.permission.MODIFY_PROTECTED_SMS_LIST from package android in an unknown group android.permission-group.MESSAGES
07-01 19:52:41.301  4377  4377 W PackageManager: Permission android.permission.RECEIVE_PROTECTED_SMS from package android in an unknown group android.permission-group.MESSAGES
07-01 19:52:41.301  4377  4377 W PackageManager: Permission android.permission.RESET_BATTERY_STATS from package android in an unknown group android.permission-group.SYSTEM_TOOLS
07-01 19:52:41.326  4377  4377 I PackageManager: SELinux relabeling of cyanogenmod.platform issued.
07-01 19:52:41.329  4377  4377 W PackageManager: Permission cyanogenmod.permission.WRITE_ALARMS from package cyanogenmod.platform in an unknown group android.permission-group.SYSTEM_CLOCK
07-01 19:52:41.329  4377  4377 W PackageManager: Permission cyanogenmod.permission.MANAGE_ALARMS from package cyanogenmod.platform in an unknown group android.permission-group.SYSTEM_CLOCK
07-01 19:52:41.329  4377  4377 W PackageManager: Permission cyanogenmod.permission.READ_ALARMS from package cyanogenmod.platform in an unknown group android.permission-group.SYSTEM_CLOCK
07-01 19:52:41.365  4377  4377 I PackageManager: SELinux relabeling of org.cyanogenmod.audiofx issued.
07-01 19:52:41.385  4377  4377 I PackageManager: SELinux relabeling of com.android.backupconfirm issued.
07-01 19:52:41.406  4377  4377 I PackageManager: SELinux relabeling of org.cyanogenmod.cmsettings issued.
07-01 19:52:41.483  4377  4377 I PackageManager: SELinux relabeling of com.cyanogenmod.updater issued.
07-01 19:52:41.509  4377  4377 I PackageManager: SELinux relabeling of com.android.providers.calendar issued.
07-01 19:52:41.529  4377  4377 I PackageManager: SELinux relabeling of com.android.calllogbackup issued.
07-01 19:52:41.643  4377  4377 I PackageManager: SELinux relabeling of com.android.carrierconfig issued.
