--------- beginning of main
07-01 07:02:12.461  3073  3073 W auditd  : type=1325 audit(0.0:2): table=filter family=2 entries=0
07-01 07:02:12.461  3073  3073 W auditd  : type=1325 audit(0.0:3): table=mangle family=2 entries=0
07-01 07:02:12.461  3073  3073 W auditd  : type=1325 audit(0.0:4): table=nat family=2 entries=0
07-01 07:02:12.461  3073  3073 W auditd  : type=1325 audit(0.0:5): table=raw family=2 entries=0
07-01 07:02:12.461  3073  3073 W auditd  : type=1325 audit(0.0:6): table=security family=2 entries=0
07-01 07:02:12.461  3073  3073 W auditd  : type=1325 audit(0.0:7): table=filter family=3 entries=0
07-01 07:02:12.461  3073  3073 W auditd  : type=1325 audit(0.0:8): table=filter family=10 entries=0
07-01 07:02:12.461  3073  3073 W auditd  : type=1325 audit(0.0:9): table=mangle family=10 entries=0
07-01 07:02:12.461  3073  3073 W auditd  : type=1325 audit(0.0:10): table=raw family=10 entries=0
07-01 07:02:12.461  3073  3073 W auditd  : type=1325 audit(0.0:11): table=nat family=10 entries=0
07-01 07:02:12.849  3073  3073 W auditd  : type=1305 audit(0.0:12): audit_pid=2905 old=0 auid=4294967295 ses=4294967295 res=1
07-01 07:02:12.849  3073  3073 W auditd  : type=1305 audit(0.0:13): audit_rate_limit=20 old=0 auid=4294967295 ses=4294967295 res=1
07-01 07:02:12.879  2921  2921 I sysinit : Running /system/etc/init.d/00banner 
--------- beginning of system
07-01 07:02:12.885  2906  2906 I vold    : Vold 3.0 (the awakening) firing up
07-01 07:02:12.886  2906  2906 V vold    : Detected support for: exfat ext4 ntfs vfat
07-01 07:02:12.886  2917  2917 I lowmemorykiller: Using in-kernel low memory killer interface
07-01 07:02:12.889  2938  2938 I cm      : ____ _   _ ____ _  _ ____ ____ ____ _  _ _  _ ____ ___ 
07-01 07:02:12.897  2942  2942 I cm      : |     \_/  |__| |\ | |  | | __ |___ |\ | |\/| |  | |  \ 
07-01 07:02:12.900  2928  2928 I DEBUG   : debuggerd: starting
07-01 07:02:12.901  2933  2933 I installd: installd firing up
07-01 07:02:12.906  2948  2948 I cm      : |___   |   |  | | \| |__| |__] |___ | \| |  | |__| |__/ 
07-01 07:02:12.906  2919  2919 I SurfaceFlinger: SurfaceFlinger is starting
07-01 07:02:12.907  2939  2939 I gatekeeperd: Starting gatekeeperd...
07-01 07:02:12.909  2939  2939 W gatekeeperd: falling back to software GateKeeper
07-01 07:02:12.909  2939  2939 I gatekeeperd: cold boot: clearing state
07-01 07:02:12.911  2940  2940 I perfprofd: starting Android Wide Profiling daemon
07-01 07:02:12.911  2940  2940 E perfprofd: unable to open configuration file /data/data/com.google.android.gms/files/perfprofd.conf
07-01 07:02:12.911  2940  2940 I perfprofd: random seed set to 3156263288
07-01 07:02:12.911  2941  2941 I fingerprintd: Starting fingerprintd
07-01 07:02:12.912  2919  2919 I SurfaceFlinger: SurfaceFlinger's main thread ready to run. Initializing graphics H/W...
07-01 07:02:12.918  2934  2934 I keystore: Found keymaster0 module Keymaster OpenSSL HAL, version 2
07-01 07:02:12.918  2934  2934 I SoftKeymaster: system/keymaster/soft_keymaster_device.cpp, Line 122: Creating device
07-01 07:02:12.918  2934  2934 D SoftKeymaster: system/keymaster/soft_keymaster_device.cpp, Line 123: Device address: 0x7f82223000
07-01 07:02:12.919  2934  2934 I keystore: Keymaster0 module is software-only.  Using SoftKeymasterDevice instead.
07-01 07:02:12.920  2934  2934 I SoftKeymaster: system/keymaster/soft_keymaster_device.cpp, Line 122: Creating device
07-01 07:02:12.920  2934  2934 D SoftKeymaster: system/keymaster/soft_keymaster_device.cpp, Line 123: Device address: 0x7f82223300
07-01 07:02:12.920  2934  2934 I keystore: SELinux: Keystore SELinux is disabled.
07-01 07:02:12.921  2926  2926 I Netd    : Netd 1.0 starting
07-01 07:02:12.922  2926  2926 I QtiConnectivityAdapter: Failed to open libconnctrl, some features may not be present.
07-01 07:02:12.922  2926  2926 D TetherController: Setting IP forward enable = 0
07-01 07:02:12.925  3008  3008 I cm      : Welcome to Android 6.0.1 / CyanogenMod-13.0-20160630-UNOFFICIAL-hero2ltexx 
07-01 07:02:12.931  3018  3018 I sysinit : Running /system/etc/init.d/90userinit 
07-01 07:02:12.932  2927  2927 I DEBUG   : debuggerd: starting
07-01 07:02:12.967  2919  2919 D libEGL  : loaded /vendor/lib64/egl/libGLES_mali.so
07-01 07:02:12.969  3073  3073 W auditd  : type=1325 audit(0.0:14): table=filter family=2 entries=4
07-01 07:02:12.969  3073  3073 W auditd  : type=1320 audit(0.0:14): 
07-01 07:02:12.979  3073  3073 W auditd  : type=1325 audit(0.0:15): table=filter family=10 entries=4
07-01 07:02:12.979  3073  3073 W auditd  : type=1320 audit(0.0:15): 
07-01 07:02:12.989  3073  3073 W auditd  : type=1325 audit(0.0:16): table=filter family=2 entries=6
07-01 07:02:12.989  3073  3073 W auditd  : type=1320 audit(0.0:16): 
07-01 07:02:12.993  2919  2919 I gralloc : using (id=)
07-01 07:02:12.993  2919  2919 I gralloc : xres         = 1440 px
07-01 07:02:12.993  2919  2919 I gralloc : yres         = 2560 px
07-01 07:02:12.993  2919  2919 I gralloc : width        = 68 mm (537.882324 dpi)
07-01 07:02:12.993  2919  2919 I gralloc : height       = 122 mm (532.983582 dpi)
07-01 07:02:12.993  2919  2919 I gralloc : refresh rate = 59.31 Hz
07-01 07:02:12.999  3073  3073 W auditd  : type=1325 audit(0.0:17): table=filter family=10 entries=6
07-01 07:02:12.999  3073  3073 W auditd  : type=1320 audit(0.0:17): 
07-01 07:02:13.013  2919  2919 D hwcomposer: using
07-01 07:02:13.013  2919  2919 D hwcomposer: xres         = 1440 px
07-01 07:02:13.013  2919  2919 D hwcomposer: yres         = 2560 px
07-01 07:02:13.013  2919  2919 D hwcomposer: width        = 68 mm (537.882000 dpi)
07-01 07:02:13.013  2919  2919 D hwcomposer: height       = 122 mm (532.983000 dpi)
07-01 07:02:13.013  2919  2919 D hwcomposer: refresh rate = 59 Hz
07-01 07:02:13.013  2919  2919 I hwcomposer: PSR info devname = /sys/devices/13960000.decon_f/psr_info
07-01 07:02:13.014  2919  2919 I hwcomposer: PSR mode is 6(0: video mode, 1: DP PSR mode, 2: MIPI-DSI command mode)
07-01 07:02:13.014  2919  2919 I SurfaceFlinger: Using composer version 1.3
07-01 07:02:13.014  2919  2919 E display : unknown display attribute 6
07-01 07:02:13.014  2919  2919 I SurfaceFlinger: EGL information:
07-01 07:02:13.014  2919  2919 I SurfaceFlinger: vendor    : Android
07-01 07:02:13.014  2919  2919 I SurfaceFlinger: version   : 1.4 Android META-EGL
07-01 07:02:13.014  2919  2919 I SurfaceFlinger: extensions: EGL_KHR_get_all_proc_addresses EGL_ANDROID_presentation_time EGL_KHR_swap_buffers_with_damage EGL_KHR_image EGL_KHR_image_base EGL_KHR_gl_texture_2D_image EGL_KHR_gl_texture_cubemap_image EGL_KHR_gl_renderbuffer_image EGL_KHR_fence_sync EGL_KHR_create_context EGL_KHR_config_attribs EGL_KHR_surfaceless_context EGL_EXT_create_context_robustness EGL_ANDROID_image_native_buffer EGL_KHR_wait_sync EGL_ANDROID_recordable EGL_KHR_partial_update 
07-01 07:02:13.014  2919  2919 I SurfaceFlinger: Client API: OpenGL_ES
07-01 07:02:13.014  2919  2919 I SurfaceFlinger: EGLSurface: 8-8-8-8, config=0x7f8a950128
07-01 07:02:13.015  2919  2919 D         : ro.exynos.dss isEnabled: 0
07-01 07:02:13.021  2919  2919 I SurfaceFlinger: OpenGL ES informations:
07-01 07:02:13.021  2919  2919 I SurfaceFlinger: vendor    : ARM
07-01 07:02:13.021  2919  2919 I SurfaceFlinger: renderer  : Mali-T880
07-01 07:02:13.021  2919  2919 I SurfaceFlinger: version   : OpenGL ES 3.1 v1.r9p0-12dev0.c2bae768d87bf40047e1f310c8de7f16
07-01 07:02:13.021  2919  2919 I SurfaceFlinger: extensions: GL_EXT_debug_marker GL_ARM_rgba8 GL_ARM_mali_shader_binary GL_OES_depth24 GL_OES_depth_texture GL_OES_depth_texture_cube_map GL_OES_packed_depth_stencil GL_OES_rgb8_rgba8 GL_EXT_read_format_bgra GL_OES_compressed_paletted_texture GL_OES_compressed_ETC1_RGB8_texture GL_OES_standard_derivatives GL_OES_EGL_image GL_OES_EGL_image_external GL_OES_EGL_sync GL_OES_texture_npot GL_OES_vertex_half_float GL_OES_required_internalformat GL_OES_vertex_array_object GL_OES_mapbuffer GL_EXT_texture_format_BGRA8888 GL_EXT_texture_rg GL_EXT_texture_type_2_10_10_10_REV GL_OES_fbo_render_mipmap GL_OES_element_index_uint GL_EXT_shadow_samplers GL_OES_texture_compression_astc GL_KHR_texture_compression_astc_ldr GL_KHR_texture_compression_astc_hdr GL_KHR_debug GL_EXT_occlusion_query_boolean GL_EXT_disjoint_timer_query GL_EXT_blend_minmax GL_EXT_discard_framebuffer GL_OES_get_program_binary GL_OES_texture_3D GL_EXT_texture_storage GL_EXT_multisampled_render_to_texture GL_OES_surfaceless_context GL_OES_texture_stencil8 G
07-01 07:02:13.021  2919  2919 I SurfaceFlinger: GL_MAX_TEXTURE_SIZE = 8192
07-01 07:02:13.021  2919  2919 I SurfaceFlinger: GL_MAX_VIEWPORT_DIMS = 8192
07-01 07:02:13.022  2919  2919 D mali_winsys: new_window_surface returns 0x3000,  [1440x2560]-format:1
07-01 07:02:13.049  3073  3073 W auditd  : type=1325 audit(0.0:18): table=filter family=2 entries=7
07-01 07:02:13.049  3073  3073 W auditd  : type=1320 audit(0.0:18): 
07-01 07:02:13.053  2919  2919 D SurfaceFlinger: Set power mode=2, type=0 flinger=0x7f8ae03c00
07-01 07:02:13.059  3073  3073 W auditd  : type=1325 audit(0.0:19): table=filter family=10 entries=7
07-01 07:02:13.059  3073  3073 W auditd  : type=1320 audit(0.0:19): 
07-01 07:02:13.069  3073  3073 W auditd  : type=1325 audit(0.0:20): table=filter family=2 entries=9
07-01 07:02:13.069  3073  3073 W auditd  : type=1320 audit(0.0:20): 
07-01 07:02:13.079  3073  3073 W auditd  : type=1325 audit(0.0:21): table=filter family=10 entries=9
07-01 07:02:13.079  3073  3073 W auditd  : type=1320 audit(0.0:21): 
07-01 07:02:13.129  3073  3073 W auditd  : type=1325 audit(0.0:22): table=filter family=2 entries=10
07-01 07:02:13.129  3073  3073 W auditd  : type=1320 audit(0.0:22): 
07-01 07:02:13.129  3073  3073 W auditd  : type=1325 audit(0.0:23): table=filter family=10 entries=10
07-01 07:02:13.129  3073  3073 W auditd  : type=1320 audit(0.0:23): 
07-01 07:02:13.134  2932  2932 I mediaserver: ServiceManager: 0xf624e120
07-01 07:02:13.134  2932  2932 I AudioFlinger: Using default 3000 mSec as standby time.
07-01 07:02:13.134  2932  2932 E BatteryNotifier: batterystats service unavailable!
07-01 07:02:13.135  2932  2932 E BatteryNotifier: batterystats service unavailable!
07-01 07:02:13.135  2932  2932 I CameraService: CameraService started (pid=2932)
07-01 07:02:13.135  2932  2932 I CameraService: CameraService process starting
07-01 07:02:13.135  2932  2932 E BatteryNotifier: batterystats service unavailable!
07-01 07:02:13.135  2932  2932 E BatteryNotifier: batterystats service unavailable!
07-01 07:02:13.136  2932  2932 E CameraService: Could not load camera HAL module: -2 (No such file or directory)
07-01 07:02:13.136  2932  2932 I AudioPolicyService: AudioPolicyService CSTOR in new mode
07-01 07:02:13.137  2932  2932 I APM::ConfigParsingUtils: loadAudioPolicyConfig() loaded /system/etc/audio_policy.conf
07-01 07:02:13.138  2920  2920 W McDaemon: mcRegistry read So.Soc failed: 16 [hardware/samsung_slsi/exynos8890/mobicore/Daemon/src/PrivateRegistry.cpp:374]
07-01 07:02:13.138  2920  2920 W McDaemon: mcRegistry read So.Soc failed: 16 [hardware/samsung_slsi/exynos8890/mobicore/Daemon/src/PrivateRegistry.cpp:429]
07-01 07:02:13.138  2920  2920 W McDaemon: mcRegistry read So.Root failed: 16 [hardware/samsung_slsi/exynos8890/mobicore/Daemon/src/PrivateRegistry.cpp:533]
07-01 07:02:13.138  2920  2920 W McDaemon: Device endorsements not supported! [hardware/samsung_slsi/exynos8890/mobicore/Daemon/src/MobiCoreDriverDaemon.cpp:588]
07-01 07:02:13.138  2920  2920 I McDaemon: Daemon starting up... [hardware/samsung_slsi/exynos8890/mobicore/Daemon/src/MobiCoreDriverDaemon.cpp:548]
07-01 07:02:13.138  2920  2920 I McDaemon: Interface version is 0.4 [hardware/samsung_slsi/exynos8890/mobicore/Daemon/src/MobiCoreDriverDaemon.cpp:550]
07-01 07:02:13.138  2920  2920 I McDaemon: t-base-EXYNOS64-Android-310B-V005-20151221_084810_68 [hardware/samsung_slsi/exynos8890/mobicore/Daemon/src/MobiCoreDriverDaemon.cpp:552]
07-01 07:02:13.138  2920  2920 I McDaemon: Build timestamp is Apr  1 2016 21:03:15 [hardware/samsung_slsi/exynos8890/mobicore/Daemon/src/MobiCoreDriverDaemon.cpp:553]
07-01 07:02:13.139  3073  3073 W auditd  : type=1325 audit(0.0:24): table=filter family=2 entries=12
07-01 07:02:13.139  3073  3073 W auditd  : type=1320 audit(0.0:24): 
07-01 07:02:13.139  2920  3100 I TeeDriverClient: driver client open [hardware/samsung_slsi/exynos8890/mobicore/ClientLib/src/driver_client.cpp:103]
07-01 07:02:13.139  2920  2920 W McDaemon: Cannot open trustlet /data/app/mcRegistry/07050501000000000000000000000020.tlbin (2) [hardware/samsung_slsi/exynos8890/mobicore/Daemon/src/SecureWorld.cpp:178]
07-01 07:02:13.143  2920  3100 I TeeFilesystem: void FileSystem::Impl::run(): Start listening for request from STH2 [hardware/samsung_slsi/exynos8890/mobicore/Daemon/src/FSD2.cpp:376]
07-01 07:02:13.146  3102  3102 I CSTORAGE: ============================================================
07-01 07:02:13.146  3102  3102 I CSTORAGE:  CSTORAGE, v1.0.43, OS = android, ChipId = ex8890
07-01 07:02:13.146  3102  3102 I CSTORAGE: ============================================================
07-01 07:02:13.146  3102  3102 I CSTORAGE: ============================================================
07-01 07:02:13.146  3102  3102 I CSTORAGE:  CSTORAGE_SKM_LIB, v1.0.43, OS = android, ChipId = ex8890
07-01 07:02:13.146  3102  3102 I CSTORAGE: ============================================================
07-01 07:02:13.149  3073  3073 W auditd  : type=1325 audit(0.0:25): table=filter family=10 entries=12
07-01 07:02:13.149  3073  3073 W auditd  : type=1320 audit(0.0:25): 
07-01 07:02:13.189  3073  3073 W auditd  : type=1325 audit(0.0:26): table=filter family=2 entries=13
07-01 07:02:13.189  3073  3073 W auditd  : type=1320 audit(0.0:26): 
07-01 07:02:13.199  3073  3073 W auditd  : type=1325 audit(0.0:27): table=filter family=10 entries=13
07-01 07:02:13.199  3073  3073 W auditd  : type=1320 audit(0.0:27): 
07-01 07:02:13.209  3073  3073 W auditd  : type=1325 audit(0.0:28): table=filter family=2 entries=15
07-01 07:02:13.209  3073  3073 W auditd  : type=1320 audit(0.0:28): 
07-01 07:02:13.219  3073  3073 W auditd  : type=1325 audit(0.0:29): table=filter family=10 entries=15
07-01 07:02:13.219  3073  3073 W auditd  : type=1320 audit(0.0:29): 
07-01 07:02:13.220  3084  3109 D libEGL  : loaded /vendor/lib64/egl/libGLES_mali.so
07-01 07:02:13.238  3084  3109 D mali_winsys: new_window_surface returns 0x3000,  [1440x2560]-format:2
07-01 07:02:13.239  3084  3109 D         : ro.exynos.dss isEnabled: 0
07-01 07:02:13.243  3084  3109 E BootAnimation: couldn't find audio_conf.txt
07-01 07:02:13.262  3084  3109 D BootAnimation: Use save memory method, maybe small fps in actual.
07-01 07:02:13.289  3073  3073 W auditd  : type=1325 audit(0.0:30): table=filter family=2 entries=16
07-01 07:02:13.289  3073  3073 W auditd  : type=1320 audit(0.0:30): 
07-01 07:02:13.289  3073  3073 W auditd  : type=1325 audit(0.0:31): table=filter family=10 entries=16
07-01 07:02:13.289  3073  3073 W auditd  : type=1320 audit(0.0:31): 
07-01 07:02:13.299  3073  3073 W auditd  : type=1325 audit(0.0:32): table=filter family=2 entries=18
07-01 07:02:13.299  3073  3073 W auditd  : type=1320 audit(0.0:32): 
07-01 07:02:13.299  3073  3073 W auditd  : type=1325 audit(0.0:33): table=filter family=10 entries=18
07-01 07:02:13.310  2936  2936 D AndroidRuntime: >>>>>> START com.android.internal.os.ZygoteInit uid 0 <<<<<<
07-01 07:02:13.324  2936  2936 D AndroidRuntime: CheckJNI is ON
07-01 07:02:13.327  2937  2937 D AndroidRuntime: >>>>>> START com.android.internal.os.ZygoteInit uid 0 <<<<<<
07-01 07:02:13.328  2936  2936 I art     : option[0]=-Xzygote
07-01 07:02:13.328  2936  2936 I art     : option[1]=-Xcheck:jni
07-01 07:02:13.328  2936  2936 I art     : option[2]=-Xstacktracefile:/data/anr/traces.txt
07-01 07:02:13.328  2936  2936 I art     : option[3]=exit
07-01 07:02:13.328  2936  2936 I art     : option[4]=vfprintf
07-01 07:02:13.328  2936  2936 I art     : option[5]=sensitiveThread
07-01 07:02:13.328  2936  2936 I art     : option[6]=-verbose:gc
07-01 07:02:13.328  2936  2936 I art     : option[7]=-Xms8m
07-01 07:02:13.328  2936  2936 I art     : option[8]=-Xmx512m
07-01 07:02:13.328  2936  2936 I art     : option[9]=-XX:HeapGrowthLimit=256m
07-01 07:02:13.328  2936  2936 I art     : option[10]=-XX:HeapMinFree=2m
07-01 07:02:13.328  2936  2936 I art     : option[11]=-XX:HeapMaxFree=8m
07-01 07:02:13.328  2936  2936 I art     : option[12]=-XX:HeapTargetUtilization=0.75
07-01 07:02:13.328  2936  2936 I art     : option[13]=-Xusejit:true
07-01 07:02:13.328  2936  2936 I art     : option[14]=-agentlib:jdwp=transport=dt_android_adb,suspend=n,server=y
07-01 07:02:13.328  2936  2936 I art     : option[15]=-Xlockprofthreshold:500
07-01 07:02:13.328  2936  2936 I art     : option[16]=-Ximage-compiler-option
07-01 07:02:13.328  2936  2936 I art     : option[17]=--runtime-arg
07-01 07:02:13.328  2936  2936 I art     : option[18]=-Ximage-compiler-option
07-01 07:02:13.328  2936  2936 I art     : option[19]=-Xms64m
07-01 07:02:13.328  2936  2936 I art     : option[20]=-Ximage-compiler-option
07-01 07:02:13.328  2936  2936 I art     : option[21]=--runtime-arg
07-01 07:02:13.328  2936  2936 I art     : option[22]=-Ximage-compiler-option
07-01 07:02:13.328  2936  2936 I art     : option[23]=-Xmx64m
07-01 07:02:13.328  2936  2936 I art     : option[24]=-Ximage-compiler-option
07-01 07:02:13.328  2936  2936 I art     : option[25]=--compiler-filter=verify-at-runtime
07-01 07:02:13.328  2936  2936 I art     : option[26]=-Ximage-compiler-option
07-01 07:02:13.328  2936  2936 I art     : option[27]=--image-classes=/system/etc/preloaded-classes
07-01 07:02:13.328  2936  2936 I art     : option[28]=-Xcompiler-option
07-01 07:02:13.329  2936  2936 I art     : option[29]=--runtime-arg
07-01 07:02:13.329  2936  2936 I art     : option[30]=-Xcompiler-option
07-01 07:02:13.329  2936  2936 I art     : option[31]=-Xms64m
07-01 07:02:13.329  2936  2936 I art     : option[32]=-Xcompiler-option
07-01 07:02:13.329  2936  2936 I art     : option[33]=--runtime-arg
07-01 07:02:13.329  2936  2936 I art     : option[34]=-Xcompiler-option
07-01 07:02:13.329  2936  2936 I art     : option[35]=-Xmx512m
07-01 07:02:13.329  2936  2936 I art     : option[36]=-Xcompiler-option
07-01 07:02:13.329  2936  2936 I art     : option[37]=--compiler-filter=verify-at-runtime
07-01 07:02:13.329  2936  2936 I art     : option[38]=-Ximage-compiler-option
07-01 07:02:13.329  2936  2936 I art     : option[39]=--instruction-set-variant=generic
07-01 07:02:13.329  2936  2936 I art     : option[40]=-Xcompiler-option
07-01 07:02:13.329  2936  2936 I art     : option[41]=--instruction-set-variant=generic
07-01 07:02:13.329  2936  2936 I art     : option[42]=-Ximage-compiler-option
07-01 07:02:13.329  2936  2936 I art     : option[43]=--instruction-set-features=default
07-01 07:02:13.329  2936  2936 I art     : option[44]=-Xcompiler-option
07-01 07:02:13.329  2936  2936 I art     : option[45]=--instruction-set-features=default
07-01 07:02:13.329  2936  2936 I art     : option[46]=-Duser.locale=en-US
07-01 07:02:13.329  2936  2936 I art     : option[47]=--cpu-abilist=arm64-v8a,armeabi
07-01 07:02:13.329  2936  2936 I art     : option[48]=-Xfingerprint:samsung/cm_hero2ltexx/hero2ltexx:6.0.1/MOB30M/37c7bd59b5:eng/test-keys
07-01 07:02:13.347  2936  2936 I art     : Pruning dalvik-cache since we are generating an image and will need to recompile
07-01 07:02:13.347  2937  2937 D AndroidRuntime: CheckJNI is ON
07-01 07:02:13.347  2936  2936 I art     : Using an offset of 0xfd6000 from default art base address of 0x70000000
07-01 07:02:13.347  2936  2936 I art     : GenerateImage: /system/bin/dex2oat --image=/data/dalvik-cache/arm64/system@framework@boot.art --dex-file=/system/framework/core-libart.jar --dex-file=/system/framework/conscrypt.jar --dex-file=/system/framework/okhttp.jar --dex-file=/system/framework/core-junit.jar --dex-file=/system/framework/bouncycastle.jar --dex-file=/system/framework/ext.jar --dex-file=/system/framework/framework.jar --dex-file=/system/framework/telephony-common.jar --dex-file=/system/framework/voip-common.jar --dex-file=/system/framework/ims-common.jar --dex-file=/system/framework/apache-xml.jar --dex-file=/system/framework/org.apache.http.legacy.boot.jar --oat-file=/data/dalvik-cache/arm64/system@framework@boot.oat --instruction-set=arm64 --instruction-set-features=smp,a53 --base=0x70fd6000 --runtime-arg -Xms64m --runtime-arg -Xmx64m --compiler-filter=verify-at-runtime --image-classes=/system/etc/preloaded-classes --instruction-set-variant=generic --instruction-set-features=default
07-01 07:02:13.351  2937  2937 I art     : option[0]=-Xzygote
07-01 07:02:13.351  2937  2937 I art     : option[1]=-Xcheck:jni
07-01 07:02:13.351  2937  2937 I art     : option[2]=-Xstacktracefile:/data/anr/traces.txt
07-01 07:02:13.351  2937  2937 I art     : option[3]=exit
07-01 07:02:13.351  2937  2937 I art     : option[4]=vfprintf
07-01 07:02:13.351  2937  2937 I art     : option[5]=sensitiveThread
07-01 07:02:13.351  2937  2937 I art     : option[6]=-verbose:gc
07-01 07:02:13.351  2937  2937 I art     : option[7]=-Xms8m
07-01 07:02:13.351  2937  2937 I art     : option[8]=-Xmx512m
07-01 07:02:13.351  2937  2937 I art     : option[9]=-XX:HeapGrowthLimit=256m
07-01 07:02:13.351  2937  2937 I art     : option[10]=-XX:HeapMinFree=2m
07-01 07:02:13.351  2937  2937 I art     : option[11]=-XX:HeapMaxFree=8m
07-01 07:02:13.351  2937  2937 I art     : option[12]=-XX:HeapTargetUtilization=0.75
07-01 07:02:13.351  2937  2937 I art     : option[13]=-Xusejit:true
07-01 07:02:13.351  2937  2937 I art     : option[14]=-agentlib:jdwp=transport=dt_android_adb,suspend=n,server=y
07-01 07:02:13.351  2937  2937 I art     : option[15]=-Xlockprofthreshold:500
07-01 07:02:13.351  2937  2937 I art     : option[16]=-Ximage-compiler-option
07-01 07:02:13.351  2937  2937 I art     : option[17]=--runtime-arg
07-01 07:02:13.351  2937  2937 I art     : option[18]=-Ximage-compiler-option
07-01 07:02:13.351  2937  2937 I art     : option[19]=-Xms64m
07-01 07:02:13.351  2937  2937 I art     : option[20]=-Ximage-compiler-option
07-01 07:02:13.351  2937  2937 I art     : option[21]=--runtime-arg
07-01 07:02:13.351  2937  2937 I art     : option[22]=-Ximage-compiler-option
07-01 07:02:13.351  2937  2937 I art     : option[23]=-Xmx64m
07-01 07:02:13.351  2937  2937 I art     : option[24]=-Ximage-compiler-option
07-01 07:02:13.351  2937  2937 I art     : option[25]=--compiler-filter=verify-at-runtime
07-01 07:02:13.351  2937  2937 I art     : option[26]=-Ximage-compiler-option
07-01 07:02:13.351  2937  2937 I art     : option[27]=--image-classes=/system/etc/preloaded-classes
07-01 07:02:13.351  2937  2937 I art     : option[28]=-Xcompiler-option
07-01 07:02:13.351  2937  2937 I art     : option[29]=--runtime-arg
07-01 07:02:13.351  2937  2937 I art     : option[30]=-Xcompiler-option
07-01 07:02:13.351  2937  2937 I art     : option[31]=-Xms64m
07-01 07:02:13.351  2937  2937 I art     : option[32]=-Xcompiler-option
07-01 07:02:13.351  2937  2937 I art     : option[33]=--runtime-arg
07-01 07:02:13.351  2937  2937 I art     : option[34]=-Xcompiler-option
07-01 07:02:13.351  2937  2937 I art     : option[35]=-Xmx512m
07-01 07:02:13.351  2937  2937 I art     : option[36]=-Xcompiler-option
07-01 07:02:13.351  2937  2937 I art     : option[37]=--compiler-filter=verify-at-runtime
07-01 07:02:13.351  2937  2937 I art     : option[38]=-Ximage-compiler-option
07-01 07:02:13.351  2937  2937 I art     : option[39]=--instruction-set-variant=cortex-a53
07-01 07:02:13.351  2937  2937 I art     : option[40]=-Xcompiler-option
07-01 07:02:13.351  2937  2937 I art     : option[41]=--instruction-set-variant=cortex-a53
07-01 07:02:13.351  2937  2937 I art     : option[42]=-Ximage-compiler-option
07-01 07:02:13.351  2937  2937 I art     : option[43]=--instruction-set-features=default
07-01 07:02:13.351  2937  2937 I art     : option[44]=-Xcompiler-option
07-01 07:02:13.351  2937  2937 I art     : option[45]=--instruction-set-features=default
07-01 07:02:13.351  2937  2937 I art     : option[46]=-Duser.locale=en-US
07-01 07:02:13.351  2937  2937 I art     : option[47]=--cpu-abilist=armeabi-v7a,armeabi
07-01 07:02:13.351  2937  2937 I art     : option[48]=-Xfingerprint:samsung/cm_hero2ltexx/hero2ltexx:6.0.1/MOB30M/37c7bd59b5:eng/test-keys
07-01 07:02:13.361  2937  2937 I art     : Pruning dalvik-cache since we are generating an image and will need to recompile
07-01 07:02:13.361  2937  2937 I art     : Using an offset of 0x68c000 from default art base address of 0x70000000
07-01 07:02:13.361  2937  2937 I art     : GenerateImage: /system/bin/dex2oat --image=/data/dalvik-cache/arm/system@framework@boot.art --dex-file=/system/framework/core-libart.jar --dex-file=/system/framework/conscrypt.jar --dex-file=/system/framework/okhttp.jar --dex-file=/system/framework/core-junit.jar --dex-file=/system/framework/bouncycastle.jar --dex-file=/system/framework/ext.jar --dex-file=/system/framework/framework.jar --dex-file=/system/framework/telephony-common.jar --dex-file=/system/framework/voip-common.jar --dex-file=/system/framework/ims-common.jar --dex-file=/system/framework/apache-xml.jar --dex-file=/system/framework/org.apache.http.legacy.boot.jar --oat-file=/data/dalvik-cache/arm/system@framework@boot.oat --instruction-set=arm --instruction-set-features=smp,div,-atomic_ldrd_strd --base=0x7068c000 --runtime-arg -Xms64m --runtime-arg -Xmx64m --compiler-filter=verify-at-runtime --image-classes=/system/etc/preloaded-classes --instruction-set-variant=cortex-a53 --instruction-set-features=default
07-01 07:02:13.380  3170  3170 I dex2oat : /system/bin/dex2oat --image=/data/dalvik-cache/arm64/system@framework@boot.art --dex-file=/system/framework/core-libart.jar --dex-file=/system/framework/conscrypt.jar --dex-file=/system/framework/okhttp.jar --dex-file=/system/framework/core-junit.jar --dex-file=/system/framework/bouncycastle.jar --dex-file=/system/framework/ext.jar --dex-file=/system/framework/framework.jar --dex-file=/system/framework/telephony-common.jar --dex-file=/system/framework/voip-common.jar --dex-file=/system/framework/ims-common.jar --dex-file=/system/framework/apache-xml.jar --dex-file=/system/framework/org.apache.http.legacy.boot.jar --oat-file=/data/dalvik-cache/arm64/system@framework@boot.oat --instruction-set=arm64 --instruction-set-features=smp,a53 --base=0x70fd6000 --runtime-arg -Xms64m --runtime-arg -Xmx64m --compiler-filter=verify-at-runtime --image-classes=/system/etc/preloaded-classes --instruction-set-variant=generic --instruction-set-features=default
07-01 07:02:13.381  3175  3175 I dex2oat : /system/bin/dex2oat --image=/data/dalvik-cache/arm/system@framework@boot.art --dex-file=/system/framework/core-libart.jar --dex-file=/system/framework/conscrypt.jar --dex-file=/system/framework/okhttp.jar --dex-file=/system/framework/core-junit.jar --dex-file=/system/framework/bouncycastle.jar --dex-file=/system/framework/ext.jar --dex-file=/system/framework/framework.jar --dex-file=/system/framework/telephony-common.jar --dex-file=/system/framework/voip-common.jar --dex-file=/system/framework/ims-common.jar --dex-file=/system/framework/apache-xml.jar --dex-file=/system/framework/org.apache.http.legacy.boot.jar --oat-file=/data/dalvik-cache/arm/system@framework@boot.oat --instruction-set=arm --instruction-set-features=smp,div,-atomic_ldrd_strd --base=0x7068c000 --runtime-arg -Xms64m --runtime-arg -Xmx64m --compiler-filter=verify-at-runtime --image-classes=/system/etc/preloaded-classes --instruction-set-variant=cortex-a53 --instruction-set-features=default
07-01 07:02:13.383  3175  3175 I dex2oat : setting boot class path to /system/framework/core-libart.jar:/system/framework/conscrypt.jar:/system/framework/okhttp.jar:/system/framework/core-junit.jar:/system/framework/bouncycastle.jar:/system/framework/ext.jar:/system/framework/framework.jar:/system/framework/telephony-common.jar:/system/framework/voip-common.jar:/system/framework/ims-common.jar:/system/framework/apache-xml.jar:/system/framework/org.apache.http.legacy.boot.jar
07-01 07:02:13.383  3170  3170 I dex2oat : setting boot class path to /system/framework/core-libart.jar:/system/framework/conscrypt.jar:/system/framework/okhttp.jar:/system/framework/core-junit.jar:/system/framework/bouncycastle.jar:/system/framework/ext.jar:/system/framework/framework.jar:/system/framework/telephony-common.jar:/system/framework/voip-common.jar:/system/framework/ims-common.jar:/system/framework/apache-xml.jar:/system/framework/org.apache.http.legacy.boot.jar
07-01 07:02:13.434  2919  2919 D SurfaceFlinger: SF. shader cache generated - 26 shaders in 228.102692 ms
07-01 07:02:13.441  2919  2919 W display : release fence dup failed: Bad file descriptor
07-01 07:02:13.455  2919  2919 W display : release fence dup failed: Bad file descriptor
07-01 07:02:13.471  2919  2919 W display : release fence dup failed: Bad file descriptor
07-01 07:02:13.488  2919  2919 W display : release fence dup failed: Bad file descriptor
07-01 07:02:13.505  2919  2919 W display : release fence dup failed: Bad file descriptor
07-01 07:02:13.522  2919  2919 W display : release fence dup failed: Bad file descriptor
07-01 07:02:13.539  2919  2919 W display : release fence dup failed: Bad file descriptor
07-01 07:02:13.573  2919  2919 W display : release fence dup failed: Bad file descriptor
07-01 07:02:13.607  2919  2919 W display : release fence dup failed: Bad file descriptor
07-01 07:02:13.641  2919  2919 W display : release fence dup failed: Bad file descriptor
07-01 07:02:13.674  2919  2919 W display : release fence dup failed: Bad file descriptor
07-01 07:02:13.683  2932  2932 E audio_route: Failed to open /system/etc/mixer_paths.xml
07-01 07:02:13.688  2932  2932 I AudioFlinger: loadHwModule() Loaded primary audio interface from Samsung audio HW HAL (audio) handle 1
07-01 07:02:13.688  2932  2932 I AudioFlinger: openOutput(), module 1 Device 2, SamplingRate 44100, Format 0x000001, Channels 3, flags 2
07-01 07:02:13.688  2932  2932 I AudioFlinger: AudioStreamOut::open(), mHalFormatIsLinearPcm = 1
07-01 07:02:13.689  2932  2932 I AudioFlinger: HAL output buffer size 256 frames, normal sink buffer size 960 frames
07-01 07:02:13.695  2932  2932 I BufferProvider: found effect "Multichannel Downmix To Stereo" from The Android Open Source Project
07-01 07:02:13.695  2932  2932 E MonoPipe: Failed to fetch local time frequency when constructing a MonoPipe (res = -32).  getNextWriteTimestamp calls will be non-functional
07-01 07:02:13.696  2932  2932 I AudioFlinger: Using module 1 has the primary audio interface
07-01 07:02:13.696  2932  3226 I AudioFlinger: AudioFlinger's thread 0xf4700000 ready to run
07-01 07:02:13.696  2932  3226 V audio_hw_primary: do_out_standby: output standby: 1
07-01 07:02:13.696  2932  3226 V audio_hw_primary: out_set_parameters: key value pairs: routing=2
07-01 07:02:13.696  2932  3226 E AudioFlinger: no wake lock to update!
07-01 07:02:13.697  2932  2932 V audio_hw_primary: adev_open_input_stream: Created resampler converting 48000 -> 16000
07-01 07:02:13.697  2932  2932 V audio_hw_primary: adev_open_input_stream: Requesting input stream with rate: 16000, channels: 0xc
07-01 07:02:13.697  2932  3227 I AudioFlinger: AudioFlinger's thread 0xf4340000 ready to run
07-01 07:02:13.698  2932  2932 I r_submix: adev_open(name=audio_hw_if)
07-01 07:02:13.698  2932  2932 I r_submix: adev_init_check()
07-01 07:02:13.698  2932  2932 I AudioFlinger: loadHwModule() Loaded r_submix audio interface from Wifi Display audio HAL (audio) handle 4
07-01 07:02:13.698  2932  2932 D r_submix: adev_open_input_stream(addr=0)
07-01 07:02:13.698  2932  2932 D r_submix: submix_audio_device_create_pipe_l(addr=0, idx=9)
07-01 07:02:13.698  2932  2932 D r_submix:   now using address 0 for route 9
07-01 07:02:13.698  2932  3228 I AudioFlinger: AudioFlinger's thread 0xf4340000 ready to run
07-01 07:02:13.698  2932  2932 D r_submix: adev_close_input_stream()
07-01 07:02:13.698  2932  2932 D r_submix: submix_audio_device_release_pipe_l(idx=9) addr=0
07-01 07:02:13.698  2932  2932 D r_submix: submix_audio_device_destroy_pipe_l(): pipe destroyed
07-01 07:02:13.699  2932  2932 E SoundTriggerHwService: couldn't load sound trigger module sound_trigger.primary (No such file or directory)
07-01 07:02:13.699  2932  2932 I RadioService: RadioService
07-01 07:02:13.699  2932  2932 I RadioService: onFirstRef
07-01 07:02:13.699  2932  2932 E RadioService: couldn't load radio module radio.primary (No such file or directory)
07-01 07:02:13.708  2919  2919 W display : release fence dup failed: Bad file descriptor
07-01 07:02:13.742  2919  2919 W display : release fence dup failed: Bad file descriptor
07-01 07:02:13.776  2919  2919 W display : release fence dup failed: Bad file descriptor
07-01 07:02:13.810  2919  2919 W display : release fence dup failed: Bad file descriptor
07-01 07:02:13.844  2919  2919 W display : release fence dup failed: Bad file descriptor
07-01 07:02:13.878  2919  2919 W display : release fence dup failed: Bad file descriptor
07-01 07:02:13.912  2919  2919 W display : release fence dup failed: Bad file descriptor
07-01 07:02:13.946  2919  2919 W display : release fence dup failed: Bad file descriptor
07-01 07:02:13.980  2919  2919 W display : release fence dup failed: Bad file descriptor
07-01 07:02:14.014  2919  2919 W display : release fence dup failed: Bad file descriptor
07-01 07:02:14.022  2926  2926 V NatController: runCmd(/system/bin/iptables -w -F natctrl_FORWARD) res=0
07-01 07:02:14.026  2926  2926 V NatController: runCmd(/system/bin/iptables -w -A natctrl_FORWARD -j DROP) res=0
07-01 07:02:14.030  2926  2926 V NatController: runCmd(/system/bin/iptables -w -t nat -F natctrl_nat_POSTROUTING) res=0
07-01 07:02:14.034  2926  2926 V NatController: runCmd(/system/bin/iptables -w -F natctrl_tether_counters) res=1
07-01 07:02:14.038  2926  2926 V NatController: runCmd(/system/bin/iptables -w -X natctrl_tether_counters) res=1
07-01 07:02:14.043  2926  2926 V NatController: runCmd(/system/bin/iptables -w -N natctrl_tether_counters) res=0
07-01 07:02:14.047  2926  2926 V NatController: runCmd(/system/bin/iptables -w -t mangle -A natctrl_mangle_FORWARD -p tcp --tcp-flags SYN SYN -j TCPMSS --clamp-mss-to-pmtu) res=0
07-01 07:02:14.048  2919  2919 W display : release fence dup failed: Bad file descriptor
07-01 07:02:14.081  2919  2919 W display : release fence dup failed: Bad file descriptor
07-01 07:02:14.115  2919  2919 W display : release fence dup failed: Bad file descriptor
07-01 07:02:14.149  3073  3073 W auditd  : type=1325 audit(0.0:105): table=filter family=2 entries=43
07-01 07:02:14.149  3073  3073 W auditd  : type=1320 audit(0.0:105): 
07-01 07:02:14.149  2919  2919 W display : release fence dup failed: Bad file descriptor
07-01 07:02:14.159  3073  3073 W auditd  : type=1325 audit(0.0:106): table=filter family=10 entries=46
07-01 07:02:14.159  3073  3073 W auditd  : type=1320 audit(0.0:106): 
07-01 07:02:14.159  3073  3073 W auditd  : type=1325 audit(0.0:107): table=filter family=2 entries=45
07-01 07:02:14.159  3073  3073 W auditd  : type=1320 audit(0.0:107): 
07-01 07:02:14.169  3073  3073 W auditd  : type=1325 audit(0.0:108): table=filter family=10 entries=48
07-01 07:02:14.169  3073  3073 W auditd  : type=1320 audit(0.0:108): 
07-01 07:02:14.169  3073  3073 W auditd  : type=1325 audit(0.0:109): table=filter family=2 entries=47
07-01 07:02:14.169  3073  3073 W auditd  : type=1320 audit(0.0:109): 
07-01 07:02:14.179  3073  3073 W auditd  : type=1325 audit(0.0:110): table=filter family=10 entries=50
07-01 07:02:14.179  3073  3073 W auditd  : type=1320 audit(0.0:110): 
07-01 07:02:14.183  2919  2919 W display : release fence dup failed: Bad file descriptor
07-01 07:02:14.189  3073  3073 W auditd  : type=1325 audit(0.0:111): table=filter family=2 entries=49
07-01 07:02:14.189  3073  3073 W auditd  : type=1320 audit(0.0:111): 
07-01 07:02:14.199  3073  3073 W auditd  : type=1325 audit(0.0:112): table=filter family=10 entries=52
07-01 07:02:14.199  3073  3073 W auditd  : type=1320 audit(0.0:112): 
07-01 07:02:14.199  3073  3073 W auditd  : type=1325 audit(0.0:113): table=filter family=2 entries=49
07-01 07:02:14.199  3073  3073 W auditd  : type=1320 audit(0.0:113): 
07-01 07:02:14.209  3073  3073 W auditd  : type=1325 audit(0.0:114): table=filter family=10 entries=52
07-01 07:02:14.209  3073  3073 W auditd  : type=1320 audit(0.0:114): 
07-01 07:02:14.217  2919  2919 W display : release fence dup failed: Bad file descriptor
07-01 07:02:14.251  2919  2919 W display : release fence dup failed: Bad file descriptor
07-01 07:02:14.285  2919  2919 W display : release fence dup failed: Bad file descriptor
07-01 07:02:14.319  2919  2919 W display : release fence dup failed: Bad file descriptor
07-01 07:02:14.353  2919  2919 W display : release fence dup failed: Bad file descriptor
07-01 07:02:14.386  2919  2919 W display : release fence dup failed: Bad file descriptor
07-01 07:02:14.403  2919  2919 W display : release fence dup failed: Bad file descriptor
07-01 07:02:14.437  2919  2919 W display : release fence dup failed: Bad file descriptor
07-01 07:02:14.471  2919  2919 W display : release fence dup failed: Bad file descriptor
07-01 07:02:14.505  2919  2919 W display : release fence dup failed: Bad file descriptor
07-01 07:02:14.539  2919  2919 W display : release fence dup failed: Bad file descriptor
07-01 07:02:14.573  2919  2919 W display : release fence dup failed: Bad file descriptor
07-01 07:02:14.583  2926  2926 E Netd    : cannot find interface dummy0
07-01 07:02:14.583  2926  2926 D MDnsDS  : MDnsSdListener::Hander starting up
07-01 07:02:14.587  2926  3391 D MDnsDS  : MDnsSdListener starting to monitor
07-01 07:02:14.587  2926  3391 D MDnsDS  : Going to poll with pollCount 1
07-01 07:02:14.607  2919  2919 W display : release fence dup failed: Bad file descriptor
07-01 07:02:14.640  2919  2919 W display : release fence dup failed: Bad file descriptor
07-01 07:02:14.675  2919  2919 W display : release fence dup failed: Bad file descriptor
07-01 07:02:14.708  2919  2919 W display : release fence dup failed: Bad file descriptor
07-01 07:02:14.742  2919  2919 W display : release fence dup failed: Bad file descriptor
07-01 07:02:14.776  2919  2919 W display : release fence dup failed: Bad file descriptor
07-01 07:02:14.810  2919  2919 W display : release fence dup failed: Bad file descriptor
07-01 07:02:14.844  2919  2919 W display : release fence dup failed: Bad file descriptor
07-01 07:02:14.878  2919  2919 W display : release fence dup failed: Bad file descriptor
07-01 07:02:14.912  2919  2919 W display : release fence dup failed: Bad file descriptor
07-01 07:02:14.946  2919  2919 W display : release fence dup failed: Bad file descriptor
07-01 07:02:14.962  3175  3382 W dex2oat : Skipping class com.quicinc.tcmiface.DpmTcmIface from /system/framework/org.apache.http.legacy.boot.jar previously found in /system/framework/okhttp.jar
07-01 07:02:14.980  2919  2919 W display : release fence dup failed: Bad file descriptor
07-01 07:02:15.014  2919  2919 W display : release fence dup failed: Bad file descriptor
07-01 07:02:15.020  3170  3371 W dex2oat : Skipping class com.quicinc.tcmiface.DpmTcmIface from /system/framework/org.apache.http.legacy.boot.jar previously found in /system/framework/okhttp.jar
07-01 07:02:15.047  2919  2919 W display : release fence dup failed: Bad file descriptor
07-01 07:02:15.081  2919  2919 W display : release fence dup failed: Bad file descriptor
07-01 07:02:15.115  2919  2919 W display : release fence dup failed: Bad file descriptor
07-01 07:02:15.149  2919  2919 W display : release fence dup failed: Bad file descriptor
07-01 07:02:15.183  2919  2919 W display : release fence dup failed: Bad file descriptor
07-01 07:02:15.217  2919  2919 W display : release fence dup failed: Bad file descriptor
07-01 07:02:15.251  2919  2919 W display : release fence dup failed: Bad file descriptor
07-01 07:02:15.285  2919  2919 W display : release fence dup failed: Bad file descriptor
07-01 07:02:15.311  3175  3175 I dex2oat : Explicit concurrent mark sweep GC freed 58614(12MB) AllocSpace objects, 0(0B) LOS objects, 45% free, 4MB/8MB, paused 59us total 8.842ms
07-01 07:02:15.319  2919  2919 W display : release fence dup failed: Bad file descriptor
07-01 07:02:15.353  2919  2919 W display : release fence dup failed: Bad file descriptor
07-01 07:02:15.358  3170  3170 I dex2oat : Explicit concurrent mark sweep GC freed 58620(21MB) AllocSpace objects, 0(0B) LOS objects, 34% free, 7MB/11MB, paused 80us total 10.664ms
07-01 07:02:15.364  3084  3109 D BootAnimation: Use save memory method, maybe small fps in actual.
07-01 07:02:15.386  2919  2919 W display : release fence dup failed: Bad file descriptor
07-01 07:02:15.420  2919  2919 W display : release fence dup failed: Bad file descriptor
07-01 07:02:15.454  2919  2919 W display : release fence dup failed: Bad file descriptor
07-01 07:02:15.488  2919  2919 W display : release fence dup failed: Bad file descriptor
07-01 07:02:15.522  2919  2919 W display : release fence dup failed: Bad file descriptor
07-01 07:02:15.556  2919  2919 W display : release fence dup failed: Bad file descriptor
07-01 07:02:15.590  2919  2919 W display : release fence dup failed: Bad file descriptor
07-01 07:02:15.624  2919  2919 W display : release fence dup failed: Bad file descriptor
07-01 07:02:15.658  2919  2919 W display : release fence dup failed: Bad file descriptor
07-01 07:02:15.691  2919  2919 W display : release fence dup failed: Bad file descriptor
07-01 07:02:15.725  2919  2919 W display : release fence dup failed: Bad file descriptor
07-01 07:02:15.742  2919  2919 W display : release fence dup failed: Bad file descriptor
07-01 07:02:15.776  2919  2919 W display : release fence dup failed: Bad file descriptor
07-01 07:02:15.810  2919  2919 W display : release fence dup failed: Bad file descriptor
07-01 07:02:15.844  2919  2919 W display : release fence dup failed: Bad file descriptor
07-01 07:02:15.878  2919  2919 W display : release fence dup failed: Bad file descriptor
07-01 07:02:15.912  2919  2919 W display : release fence dup failed: Bad file descriptor
07-01 07:02:15.946  2919  2919 W display : release fence dup failed: Bad file descriptor
07-01 07:02:15.980  2919  2919 W display : release fence dup failed: Bad file descriptor
07-01 07:02:15.981  3175  3175 I dex2oat : dex2oat took 2.600s (threads: 8) arena alloc=0B java alloc=4MB native alloc=8MB free=8MB
07-01 07:02:15.999  3170  3170 I dex2oat : dex2oat took 2.618s (threads: 8) arena alloc=640B java alloc=7MB native alloc=10MB free=10MB
07-01 07:02:16.008  2937  2937 D ICU     : No timezone override file found: /data/misc/zoneinfo/current/icu/icu_tzdata.dat
07-01 07:02:16.014  2919  2919 W display : release fence dup failed: Bad file descriptor
07-01 07:02:16.033  2936  2936 D ICU     : No timezone override file found: /data/misc/zoneinfo/current/icu/icu_tzdata.dat
07-01 07:02:16.047  2919  2919 W display : release fence dup failed: Bad file descriptor
07-01 07:02:16.081  2919  2919 W display : release fence dup failed: Bad file descriptor
07-01 07:02:16.115  2919  2919 W display : release fence dup failed: Bad file descriptor
07-01 07:02:16.149  2919  2919 W display : release fence dup failed: Bad file descriptor
07-01 07:02:16.149  2937  2937 I Radio-JNI: register_android_hardware_Radio DONE
07-01 07:02:16.165  2936  2936 I Radio-JNI: register_android_hardware_Radio DONE
07-01 07:02:16.183  2919  2919 W display : release fence dup failed: Bad file descriptor
07-01 07:02:16.193  2937  2937 I SamplingProfilerIntegration: Profiling disabled.
07-01 07:02:16.194  2937  2937 D Zygote  : begin preload
07-01 07:02:16.196  2937  2937 I Zygote  : Preloading classes...
07-01 07:02:16.207  2936  2936 I SamplingProfilerIntegration: Profiling disabled.
07-01 07:02:16.208  2936  2936 D Zygote  : begin preload
07-01 07:02:16.209  2936  2936 I Zygote  : Preloading classes...
07-01 07:02:16.217  2919  2919 W display : release fence dup failed: Bad file descriptor
07-01 07:02:16.251  2919  2919 W display : release fence dup failed: Bad file descriptor
07-01 07:02:16.285  2919  2919 W display : release fence dup failed: Bad file descriptor
07-01 07:02:16.319  2919  2919 W display : release fence dup failed: Bad file descriptor
07-01 07:02:16.352  2919  2919 W display : release fence dup failed: Bad file descriptor
07-01 07:02:16.386  2919  2919 W display : release fence dup failed: Bad file descriptor
07-01 07:02:16.420  2919  2919 W display : release fence dup failed: Bad file descriptor
07-01 07:02:16.454  2919  2919 W display : release fence dup failed: Bad file descriptor
07-01 07:02:16.488  2919  2919 W display : release fence dup failed: Bad file descriptor
07-01 07:02:16.522  2919  2919 W display : release fence dup failed: Bad file descriptor
07-01 07:02:16.556  2919  2919 W display : release fence dup failed: Bad file descriptor
07-01 07:02:16.590  2919  2919 W display : release fence dup failed: Bad file descriptor
07-01 07:02:16.624  2919  2919 W display : release fence dup failed: Bad file descriptor
07-01 07:02:16.629  2937  2937 E Minikin : addFont failed to create font /system/fonts/NanumGothic.ttf
07-01 07:02:16.629  2937  2937 E Minikin : addFont failed to create font /system/fonts/DroidSansFallback.ttf
07-01 07:02:16.629  2937  2937 E Minikin : addFont failed to create font /system/fonts/MTLmr3m.ttf
07-01 07:02:16.629  2936  2936 E Minikin : addFont failed to create font /system/fonts/NanumGothic.ttf
07-01 07:02:16.629  2936  2936 E Minikin : addFont failed to create font /system/fonts/DroidSansFallback.ttf
07-01 07:02:16.630  2936  2936 E Minikin : addFont failed to create font /system/fonts/MTLmr3m.ttf
07-01 07:02:16.658  2919  2919 W display : release fence dup failed: Bad file descriptor
07-01 07:02:16.691  2919  2919 W display : release fence dup failed: Bad file descriptor
07-01 07:02:16.725  2919  2919 W display : release fence dup failed: Bad file descriptor
07-01 07:02:16.726  2936  2936 V DngCreator_JNI: DngCreator_nativeClassInit:
07-01 07:02:16.727  2937  2937 V DngCreator_JNI: DngCreator_nativeClassInit:
07-01 07:02:16.759  2919  2919 W display : release fence dup failed: Bad file descriptor
07-01 07:02:16.793  2919  2919 W display : release fence dup failed: Bad file descriptor
07-01 07:02:16.827  2919  2919 W display : release fence dup failed: Bad file descriptor
07-01 07:02:16.861  2919  2919 W display : release fence dup failed: Bad file descriptor
07-01 07:02:16.895  2919  2919 W display : release fence dup failed: Bad file descriptor
07-01 07:02:16.929  2919  2919 W display : release fence dup failed: Bad file descriptor
07-01 07:02:16.963  2919  2919 W display : release fence dup failed: Bad file descriptor
07-01 07:02:16.997  2919  2919 W display : release fence dup failed: Bad file descriptor
07-01 07:02:17.013  2919  2919 W display : release fence dup failed: Bad file descriptor
07-01 07:02:17.064  2919  2919 W display : release fence dup failed: Bad file descriptor
07-01 07:02:17.082  2919  2919 W display : release fence dup failed: Bad file descriptor
07-01 07:02:17.115  2919  2919 W display : release fence dup failed: Bad file descriptor
07-01 07:02:17.149  2919  2919 W display : release fence dup failed: Bad file descriptor
07-01 07:02:17.183  2919  2919 W display : release fence dup failed: Bad file descriptor
07-01 07:02:17.217  2919  2919 W display : release fence dup failed: Bad file descriptor
07-01 07:02:17.251  2919  2919 W display : release fence dup failed: Bad file descriptor
07-01 07:02:17.285  2919  2919 W display : release fence dup failed: Bad file descriptor
07-01 07:02:17.319  2919  2919 W display : release fence dup failed: Bad file descriptor
07-01 07:02:17.352  2919  2919 W display : release fence dup failed: Bad file descriptor
07-01 07:02:17.370  2936  2936 I art     : Thread[1,tid=2936,Native,Thread*=0x7f948bba00,peer=0x12c532e0,"main"] recursive attempt to load library "/system/lib64/libmedia_jni.so"
07-01 07:02:17.370  2936  2936 D MtpDeviceJNI: register_android_mtp_MtpDevice
07-01 07:02:17.371  2936  2936 I art     : Thread[1,tid=2936,Native,Thread*=0x7f948bba00,peer=0x12c532e0,"main"] recursive attempt to load library "/system/lib64/libmedia_jni.so"
07-01 07:02:17.371  2936  2936 I art     : Thread[1,tid=2936,Native,Thread*=0x7f948bba00,peer=0x12c532e0,"main"] recursive attempt to load library "/system/lib64/libmedia_jni.so"
07-01 07:02:17.386  2919  2919 W display : release fence dup failed: Bad file descriptor
07-01 07:02:17.420  2919  2919 W display : release fence dup failed: Bad file descriptor
07-01 07:02:17.454  2919  2919 W display : release fence dup failed: Bad file descriptor
07-01 07:02:17.488  2919  2919 W display : release fence dup failed: Bad file descriptor
07-01 07:02:17.498  2937  2937 I art     : Thread[1,tid=2937,Native,Thread*=0xf4f36500,peer=0x12c21340,"main"] recursive attempt to load library "/system/lib/libmedia_jni.so"
07-01 07:02:17.498  2937  2937 D MtpDeviceJNI: register_android_mtp_MtpDevice
07-01 07:02:17.499  2937  2937 I art     : Thread[1,tid=2937,Native,Thread*=0xf4f36500,peer=0x12c21340,"main"] recursive attempt to load library "/system/lib/libmedia_jni.so"
07-01 07:02:17.499  2937  2937 I art     : Thread[1,tid=2937,Native,Thread*=0xf4f36500,peer=0x12c21340,"main"] recursive attempt to load library "/system/lib/libmedia_jni.so"
07-01 07:02:17.522  2919  2919 W display : release fence dup failed: Bad file descriptor
07-01 07:02:17.556  2919  2919 W display : release fence dup failed: Bad file descriptor
07-01 07:02:17.590  2919  2919 W display : release fence dup failed: Bad file descriptor
07-01 07:02:17.624  2919  2919 W display : release fence dup failed: Bad file descriptor
