05-25 01:25:19.619  2967  2967 W auditd  : type=1320 audit(0.0:2214): 
05-25 01:25:19.619  2967  2967 W auditd  : type=1325 audit(0.0:2215): table=filter family=2 entries=46
05-25 01:25:19.619  2967  2967 W auditd  : type=1320 audit(0.0:2215): 
05-25 01:25:19.629  2967  2967 W auditd  : type=1325 audit(0.0:2216): table=filter family=10 entries=50
05-25 01:25:19.629  2967  2967 W auditd  : type=1320 audit(0.0:2216): 
05-25 01:25:19.629  2967  2967 W auditd  : type=1325 audit(0.0:2217): table=filter family=2 entries=48
05-25 01:25:19.629  2967  2967 W auditd  : type=1320 audit(0.0:2217): 
05-25 01:25:19.646  5810  5810 V NatController: runCmd(/system/bin/iptables -w -F natctrl_FORWARD) res=0
05-25 01:25:19.639  2967  2967 W auditd  : type=1325 audit(0.0:2218): table=filter family=2 entries=48
05-25 01:25:19.639  2967  2967 W auditd  : type=1320 audit(0.0:2218): 
05-25 01:25:19.652  5810  5810 V NatController: runCmd(/system/bin/iptables -w -A natctrl_FORWARD -j DROP) res=0
05-25 01:25:19.649  2967  2967 W auditd  : type=1325 audit(0.0:2219): table=nat family=2 entries=11
05-25 01:25:19.649  2967  2967 W auditd  : type=1320 audit(0.0:2219): 
05-25 01:25:19.658  5810  5810 V NatController: runCmd(/system/bin/iptables -w -t nat -F natctrl_nat_POSTROUTING) res=0
05-25 01:25:19.649  2967  2967 W auditd  : type=1325 audit(0.0:2220): table=filter family=2 entries=49
05-25 01:25:19.649  2967  2967 W auditd  : type=1320 audit(0.0:2220): 
05-25 01:25:19.664  5810  5810 V NatController: runCmd(/system/bin/iptables -w -F natctrl_tether_counters) res=0
05-25 01:25:19.659  2967  2967 W auditd  : type=1325 audit(0.0:2221): table=filter family=2 entries=49
05-25 01:25:19.659  2967  2967 W auditd  : type=1320 audit(0.0:2221): 
05-25 01:25:19.670  5810  5810 V NatController: runCmd(/system/bin/iptables -w -X natctrl_tether_counters) res=0
05-25 01:25:19.659  2967  2967 W auditd  : type=1325 audit(0.0:2222): table=filter family=2 entries=47
05-25 01:25:19.659  2967  2967 W auditd  : type=1320 audit(0.0:2222): 
05-25 01:25:19.676  5810  5810 V NatController: runCmd(/system/bin/iptables -w -N natctrl_tether_counters) res=0
05-25 01:25:19.669  2967  2967 W auditd  : type=1325 audit(0.0:2223): table=mangle family=2 entries=15
05-25 01:25:19.669  2967  2967 W auditd  : type=1320 audit(0.0:2223): 
05-25 01:25:19.682  5810  5810 V NatController: runCmd(/system/bin/iptables -w -t mangle -A natctrl_mangle_FORWARD -p tcp --tcp-flags SYN SYN -j TCPMSS --clamp-mss-to-pmtu) res=0
05-25 01:25:19.973  5810  5810 E Netd    : cannot find interface dummy0
05-25 01:25:19.974  5810  5810 D MDnsDS  : MDnsSdListener::Hander starting up
05-25 01:25:19.974  5810  6087 D MDnsDS  : MDnsSdListener starting to monitor
05-25 01:25:19.974  5810  6087 D MDnsDS  : Going to poll with pollCount 1
05-25 01:25:20.064  5814  5814 I art     : Thread[1,tid=5814,Native,Thread*=0x7fac1bba00,peer=0x12c532e0,"main"] recursive attempt to load library "/system/lib64/libmedia_jni.so"
05-25 01:25:20.065  5814  5814 D MtpDeviceJNI: register_android_mtp_MtpDevice
05-25 01:25:20.065  5814  5814 I art     : Thread[1,tid=5814,Native,Thread*=0x7fac1bba00,peer=0x12c532e0,"main"] recursive attempt to load library "/system/lib64/libmedia_jni.so"
05-25 01:25:20.065  5814  5814 I art     : Thread[1,tid=5814,Native,Thread*=0x7fac1bba00,peer=0x12c532e0,"main"] recursive attempt to load library "/system/lib64/libmedia_jni.so"
05-25 01:25:20.460  6091  6091 I SurfaceFlinger: SurfaceFlinger is starting
05-25 01:25:20.460  6091  6091 E SchedPolicy: /system/bin/surfaceflinger add_tid_to_cgroup failed; fd=-1
05-25 01:25:20.460  6091  6091 I SurfaceFlinger: SurfaceFlinger's main thread ready to run. Initializing graphics H/W...
05-25 01:25:20.467  6091  6091 D libEGL  : loaded /vendor/lib64/egl/libGLES_mali.so
05-25 01:25:20.474  6091  6091 I gralloc : using (id=)
05-25 01:25:20.474  6091  6091 I gralloc : xres         = 1440 px
05-25 01:25:20.474  6091  6091 I gralloc : yres         = 2560 px
05-25 01:25:20.474  6091  6091 I gralloc : width        = 68 mm (537.882324 dpi)
05-25 01:25:20.474  6091  6091 I gralloc : height       = 122 mm (532.983582 dpi)
05-25 01:25:20.474  6091  6091 I gralloc : refresh rate = 59.42 Hz
05-25 01:25:20.479  6091  6091 D hwcomposer: using
05-25 01:25:20.479  6091  6091 D hwcomposer: xres         = 1440 px
05-25 01:25:20.479  6091  6091 D hwcomposer: yres         = 2560 px
05-25 01:25:20.479  6091  6091 D hwcomposer: width        = 68 mm (537.882000 dpi)
05-25 01:25:20.479  6091  6091 D hwcomposer: height       = 122 mm (532.983000 dpi)
05-25 01:25:20.479  6091  6091 D hwcomposer: refresh rate = 59 Hz
05-25 01:25:20.479  6091  6091 I hwcomposer: PSR info devname = /sys/devices/13960000.decon_f/psr_info
05-25 01:25:20.479  6091  6091 I hwcomposer: PSR mode is 6(0: video mode, 1: DP PSR mode, 2: MIPI-DSI command mode)
05-25 01:25:20.479  6091  6091 I SurfaceFlinger: Using composer version 1.3
05-25 01:25:20.480  6091  6091 E display : unknown display attribute 6
05-25 01:25:20.480  6091  6091 I SurfaceFlinger: EGL information:
05-25 01:25:20.480  6091  6091 I SurfaceFlinger: vendor    : Android
05-25 01:25:20.480  6091  6091 I SurfaceFlinger: version   : 1.4 Android META-EGL
05-25 01:25:20.480  6091  6091 I SurfaceFlinger: extensions: EGL_KHR_get_all_proc_addresses EGL_ANDROID_presentation_time EGL_KHR_swap_buffers_with_damage EGL_KHR_image EGL_KHR_image_base EGL_KHR_gl_texture_2D_image EGL_KHR_gl_texture_cubemap_image EGL_KHR_gl_renderbuffer_image EGL_KHR_fence_sync EGL_KHR_create_context EGL_KHR_config_attribs EGL_KHR_surfaceless_context EGL_EXT_create_context_robustness EGL_ANDROID_image_native_buffer EGL_KHR_wait_sync EGL_ANDROID_recordable EGL_KHR_partial_update 
05-25 01:25:20.480  6091  6091 I SurfaceFlinger: Client API: OpenGL_ES
05-25 01:25:20.480  6091  6091 I SurfaceFlinger: EGLSurface: 8-8-8-8, config=0x7f829bb128
05-25 01:25:20.480  6091  6091 D         : ro.exynos.dss isEnabled: 0
05-25 01:25:20.482  6091  6091 I SurfaceFlinger: OpenGL ES informations:
05-25 01:25:20.482  6091  6091 I SurfaceFlinger: vendor    : ARM
05-25 01:25:20.482  6091  6091 I SurfaceFlinger: renderer  : Mali-T880
05-25 01:25:20.482  6091  6091 I SurfaceFlinger: version   : OpenGL ES 3.1 v1.r9p0-12dev0.c2bae768d87bf40047e1f310c8de7f16
05-25 01:25:20.482  6091  6091 I SurfaceFlinger: extensions: GL_EXT_debug_marker GL_ARM_rgba8 GL_ARM_mali_shader_binary GL_OES_depth24 GL_OES_depth_texture GL_OES_depth_texture_cube_map GL_OES_packed_depth_stencil GL_OES_rgb8_rgba8 GL_EXT_read_format_bgra GL_OES_compressed_paletted_texture GL_OES_compressed_ETC1_RGB8_texture GL_OES_standard_derivatives GL_OES_EGL_image GL_OES_EGL_image_external GL_OES_EGL_sync GL_OES_texture_npot GL_OES_vertex_half_float GL_OES_required_internalformat GL_OES_vertex_array_object GL_OES_mapbuffer GL_EXT_texture_format_BGRA8888 GL_EXT_texture_rg GL_EXT_texture_type_2_10_10_10_REV GL_OES_fbo_render_mipmap GL_OES_element_index_uint GL_EXT_shadow_samplers GL_OES_texture_compression_astc GL_KHR_texture_compression_astc_ldr GL_KHR_texture_compression_astc_hdr GL_KHR_debug GL_EXT_occlusion_query_boolean GL_EXT_disjoint_timer_query GL_EXT_blend_minmax GL_EXT_discard_framebuffer GL_OES_get_program_binary GL_OES_texture_3D GL_EXT_texture_storage GL_EXT_multisampled_render_to_texture GL_OES_surfaceless_context GL_OES_texture_stencil8 G
05-25 01:25:20.482  6091  6091 I SurfaceFlinger: GL_MAX_TEXTURE_SIZE = 8192
05-25 01:25:20.482  6091  6091 I SurfaceFlinger: GL_MAX_VIEWPORT_DIMS = 8192
05-25 01:25:20.483  6091  6091 D mali_winsys: new_window_surface returns 0x3000,  [1440x2560]-format:1
05-25 01:25:20.483  6091  6091 D SurfaceFlinger: Set power mode=2, type=0 flinger=0x7f82983c00
05-25 01:25:20.524  5814  5814 W System  : ClassLoader referenced unknown path: /system/framework/tcmclient.jar
05-25 01:25:20.630  6091  6091 D SurfaceFlinger: SF. shader cache generated - 26 shaders in 111.059578 ms
05-25 01:25:20.636  6091  6091 E display : ioctl S3CFB_WIN_CONFIG failed: Not a typewriter
05-25 01:25:20.636  6091  6091 F display : ioctl S3CFB_WIN_CONFIG failed to clear screen: Not a typewriter
05-25 01:25:20.636  6091  6091 F libc    : Fatal signal 6 (SIGABRT), code -6 in tid 6091 (surfaceflinger)
05-25 01:25:20.636  3967  3967 I DEBUG   : property debug.db.uid not set; NOT waiting for gdb.
05-25 01:25:20.637  3967  3967 I DEBUG   : HINT: adb shell setprop debug.db.uid 100000
05-25 01:25:20.637  3967  3967 I DEBUG   : HINT: adb forward tcp:5039 tcp:5039
05-25 01:25:20.688  3967  3967 F DEBUG   : *** *** *** *** *** *** *** *** *** *** *** *** *** *** *** ***
05-25 01:25:20.688  3967  3967 F DEBUG   : Build fingerprint: 'samsung/cm_hero2ltexx/hero2ltexx:6.0.1/MOB30J/7f0153f6f8:eng/test-keys'
05-25 01:25:20.688  3967  3967 F DEBUG   : Revision: '0'
05-25 01:25:20.688  3967  3967 F DEBUG   : ABI: 'arm64'
05-25 01:25:20.689  3967  3967 F DEBUG   : pid: 6091, tid: 6091, name: surfaceflinger  >>> /system/bin/surfaceflinger <<<
05-25 01:25:20.689  3967  3967 F DEBUG   : signal 6 (SIGABRT), code -6 (SI_TKILL), fault addr --------
05-25 01:25:20.705  3967  3967 F DEBUG   : Abort message: 'ioctl S3CFB_WIN_CONFIG failed to clear screen: Not a typewriter'
05-25 01:25:20.705  3967  3967 F DEBUG   :     x0   0000000000000000  x1   00000000000017cb  x2   0000000000000006  x3   0000000000000000
05-25 01:25:20.705  3967  3967 F DEBUG   :     x4   0000000000000000  x5   0000000000000001  x6   0000000000000000  x7   0000000000000000
05-25 01:25:20.706  3967  3967 F DEBUG   :     x8   0000000000000083  x9   0000000000000049  x10  0000007fdcf3548c  x11  0000007fdcf354c8
05-25 01:25:20.706  3967  3967 F DEBUG   :     x12  0000007fdcf353a0  x13  0000000000000040  x14  0000007fdcf35578  x15  0000000000000000
05-25 01:25:20.706  3967  3967 F DEBUG   :     x16  0000007f82f42580  x17  0000007f82ed4fcc  x18  0000007f830f4f00  x19  0000007f831e90d8
05-25 01:25:20.706  3967  3967 F DEBUG   :     x20  0000007f831e9018  x21  0000000000000019  x22  0000000000000006  x23  00000000ffffffff
05-25 01:25:20.706  3967  3967 F DEBUG   :     x24  0000007f7fe8b000  x25  0000007f8299dbe0  x26  0000007f8310f040  x27  0000007f8316f000
05-25 01:25:20.706  3967  3967 F DEBUG   :     x28  0000000000000001  x29  0000007fdcf35430  x30  0000007f82ed2768
05-25 01:25:20.706  3967  3967 F DEBUG   :     sp   0000007fdcf35430  pc   0000007f82ed4fd4  pstate 0000000020000000
05-25 01:25:20.718  3967  3967 F DEBUG   : 
05-25 01:25:20.718  3967  3967 F DEBUG   : backtrace:
05-25 01:25:20.718  3967  3967 F DEBUG   :     #00 pc 0000000000068fd4  /system/lib64/libc.so (tgkill+8)
05-25 01:25:20.718  3967  3967 F DEBUG   :     #01 pc 0000000000066764  /system/lib64/libc.so (pthread_kill+68)
05-25 01:25:20.718  3967  3967 F DEBUG   :     #02 pc 0000000000023448  /system/lib64/libc.so (raise+28)
05-25 01:25:20.718  3967  3967 F DEBUG   :     #03 pc 000000000001dbe8  /system/lib64/libc.so (abort+60)
05-25 01:25:20.718  3967  3967 F DEBUG   :     #04 pc 0000000000003a7c  /system/lib64/liblog.so (__android_log_assert+236)
05-25 01:25:20.718  3967  3967 F DEBUG   :     #05 pc 00000000000036c4  /system/lib64/libdisplay.so (_ZN20ExynosOverlayDisplay12clearDisplayEv+124)
05-25 01:25:20.718  3967  3967 F DEBUG   :     #06 pc 0000000000003758  /system/lib64/libdisplay.so (_ZN20ExynosOverlayDisplay3setEP22hwc_display_contents_1+144)
05-25 01:25:20.718  3967  3967 F DEBUG   :     #07 pc 0000000000002318  /system/lib64/hw/hwcomposer.exynos5.so (_Z11exynos5_setP21hwc_composer_device_1mPP22hwc_display_contents_1+68)
05-25 01:25:20.718  3967  3967 F DEBUG   :     #08 pc 000000000003cf5c  /system/lib64/libsurfaceflinger.so
05-25 01:25:20.718  3967  3967 F DEBUG   :     #09 pc 000000000002fc74  /system/lib64/libsurfaceflinger.so
05-25 01:25:20.718  3967  3967 F DEBUG   :     #10 pc 000000000002f300  /system/lib64/libsurfaceflinger.so
05-25 01:25:20.718  3967  3967 F DEBUG   :     #11 pc 000000000002e1a0  /system/lib64/libsurfaceflinger.so
05-25 01:25:20.718  3967  3967 F DEBUG   :     #12 pc 000000000002df08  /system/lib64/libsurfaceflinger.so
05-25 01:25:20.718  3967  3967 F DEBUG   :     #13 pc 000000000001aed4  /system/lib64/libutils.so (_ZN7android6Looper9pollInnerEi+312)
05-25 01:25:20.718  3967  3967 F DEBUG   :     #14 pc 000000000001b20c  /system/lib64/libutils.so (_ZN7android6Looper8pollOnceEiPiS1_PPv+80)
05-25 01:25:20.718  3967  3967 F DEBUG   :     #15 pc 000000000002a344  /system/lib64/libsurfaceflinger.so
05-25 01:25:20.718  3967  3967 F DEBUG   :     #16 pc 000000000002d9fc  /system/lib64/libsurfaceflinger.so (_ZN7android14SurfaceFlinger3runEv+20)
05-25 01:25:20.718  3967  3967 F DEBUG   :     #17 pc 00000000000011ec  /system/bin/surfaceflinger
05-25 01:25:20.719  3967  3967 F DEBUG   :     #18 pc 000000000001bcd8  /system/lib64/libc.so (__libc_init+100)
05-25 01:25:20.719  3967  3967 F DEBUG   :     #19 pc 000000000000101c  /system/bin/surfaceflinger
05-25 01:25:20.804  3967  3967 F DEBUG   : 
05-25 01:25:20.804  3967  3967 F DEBUG   : Tombstone written to: /data/tombstones/tombstone_06
05-25 01:25:20.789  6091  6091 W surfaceflinger: type=1701 audit(0.0:2278): auid=4294967295 uid=1000 gid=1003 ses=4294967295 exe="/system/bin/surfaceflinger" sig=6
05-25 01:25:20.832  5814  5814 I System  : Loaded time zone names for "" in 19ms (16ms in ICU)
05-25 01:25:20.864  5814  5814 I System  : Loaded time zone names for "en_US" in 32ms (11ms in ICU)
05-25 01:25:20.866  6113  6115 W SurfaceComposerClient: ComposerService remote (surfaceflinger) died [0x7fa4fe3320]
05-25 01:25:20.866  6113  6117 E SurfaceControl: invalid handle (0x0) or client (0x7fa4fdc640)
05-25 01:25:20.866  6113  6115 D BootAnimation: SurfaceFlinger died, exiting...
05-25 01:25:20.866  2895  2895 I ServiceManager: service 'SurfaceFlinger' died
