--------- beginning of main
06-02 02:55:30.461  2996  2996 W auditd  : type=1325 audit(0.0:2): table=filter family=2 entries=0
06-02 02:55:30.461  2996  2996 W auditd  : type=1325 audit(0.0:3): table=mangle family=2 entries=0
06-02 02:55:30.461  2996  2996 W auditd  : type=1325 audit(0.0:4): table=nat family=2 entries=0
06-02 02:55:30.461  2996  2996 W auditd  : type=1325 audit(0.0:5): table=raw family=2 entries=0
06-02 02:55:30.461  2996  2996 W auditd  : type=1325 audit(0.0:6): table=security family=2 entries=0
06-02 02:55:30.461  2996  2996 W auditd  : type=1325 audit(0.0:7): table=filter family=3 entries=0
06-02 02:55:30.461  2996  2996 W auditd  : type=1325 audit(0.0:8): table=filter family=10 entries=0
06-02 02:55:30.461  2996  2996 W auditd  : type=1325 audit(0.0:9): table=mangle family=10 entries=0
06-02 02:55:30.461  2996  2996 W auditd  : type=1325 audit(0.0:10): table=raw family=10 entries=0
06-02 02:55:30.461  2996  2996 W auditd  : type=1325 audit(0.0:11): table=nat family=10 entries=0
06-02 02:55:30.839  2996  2996 W auditd  : type=1305 audit(0.0:12): audit_pid=2906 old=0 auid=4294967295 ses=4294967295 res=1
06-02 02:55:30.839  2996  2996 W auditd  : type=1305 audit(0.0:13): audit_rate_limit=20 old=0 auid=4294967295 ses=4294967295 res=1
06-02 02:55:30.878  2917  2917 I sysinit : Running /system/etc/init.d/00banner 
--------- beginning of system
06-02 02:55:30.881  2907  2907 I vold    : Vold 3.0 (the awakening) firing up
06-02 02:55:30.881  2907  2907 V vold    : Detected support for: exfat ext4 ntfs vfat
06-02 02:55:30.882  2919  2919 I lowmemorykiller: Using in-kernel low memory killer interface
06-02 02:55:30.891  2923  2923 I cm      : ____ _   _ ____ _  _ ____ ____ ____ _  _ _  _ ____ ___ 
06-02 02:55:30.897  2967  2967 I perfprofd: starting Android Wide Profiling daemon
06-02 02:55:30.897  2986  2986 I cm      : |     \_/  |__| |\ | |  | | __ |___ |\ | |\/| |  | |  \ 
06-02 02:55:30.900  2967  2967 E perfprofd: unable to open configuration file /data/data/com.google.android.gms/files/perfprofd.conf
06-02 02:55:30.900  2967  2967 I perfprofd: random seed set to 2495395962
06-02 02:55:30.901  2942  2942 I DEBUG   : debuggerd: starting
06-02 02:55:30.904  2989  2989 I cm      : |___   |   |  | | \| |__| |__] |___ | \| |  | |__| |__/ 
06-02 02:55:30.906  2952  2952 I installd: installd firing up
06-02 02:55:30.913  2937  2937 I Netd    : Netd 1.0 starting
06-02 02:55:30.915  2937  2937 I QtiConnectivityAdapter: Failed to open libconnctrl, some features may not be present.
06-02 02:55:30.915  2937  2937 D TetherController: Setting IP forward enable = 0
06-02 02:55:30.925  2940  2940 I DEBUG   : debuggerd: starting
06-02 02:55:30.926  2970  2970 I fingerprintd: Starting fingerprintd
06-02 02:55:30.926  2953  2953 I keystore: Found keymaster0 module Keymaster OpenSSL HAL, version 2
06-02 02:55:30.927  2953  2953 I SoftKeymaster: system/keymaster/soft_keymaster_device.cpp, Line 122: Creating device
06-02 02:55:30.927  2953  2953 D SoftKeymaster: system/keymaster/soft_keymaster_device.cpp, Line 123: Device address: 0x7fb36a3000
06-02 02:55:30.927  2959  2959 I gatekeeperd: Starting gatekeeperd...
06-02 02:55:30.927  2959  2959 W gatekeeperd: falling back to software GateKeeper
06-02 02:55:30.927  2953  2953 I keystore: Keymaster0 module is software-only.  Using SoftKeymasterDevice instead.
06-02 02:55:30.927  2953  2953 I SoftKeymaster: system/keymaster/soft_keymaster_device.cpp, Line 122: Creating device
06-02 02:55:30.927  2953  2953 D SoftKeymaster: system/keymaster/soft_keymaster_device.cpp, Line 123: Device address: 0x7fb36a3300
06-02 02:55:30.927  2953  2953 I keystore: SELinux: Keystore SELinux is disabled.
06-02 02:55:30.931  2998  2998 I cm      : Welcome to Android 6.0.1 / CyanogenMod-13.0-20160602-UNOFFICIAL-hero2ltexx 
06-02 02:55:30.938  2921  2921 I SurfaceFlinger: SurfaceFlinger is starting
06-02 02:55:30.939  2921  2921 E SchedPolicy: /system/bin/surfaceflinger add_tid_to_cgroup failed; fd=-1
06-02 02:55:30.939  2921  2921 I SurfaceFlinger: SurfaceFlinger's main thread ready to run. Initializing graphics H/W...
06-02 02:55:30.940  3002  3002 I sysinit : Running /system/etc/init.d/90userinit 
06-02 02:55:30.949  2996  2996 W auditd  : type=1325 audit(0.0:14): table=filter family=2 entries=4
06-02 02:55:30.949  2996  2996 W auditd  : type=1320 audit(0.0:14): 
06-02 02:55:30.959  2996  2996 W auditd  : type=1325 audit(0.0:15): table=filter family=10 entries=4
06-02 02:55:30.959  2996  2996 W auditd  : type=1320 audit(0.0:15): 
06-02 02:55:30.959  2996  2996 W auditd  : type=1325 audit(0.0:16): table=filter family=2 entries=6
06-02 02:55:30.959  2996  2996 W auditd  : type=1320 audit(0.0:16): 
06-02 02:55:30.969  2996  2996 W auditd  : type=1325 audit(0.0:17): table=filter family=10 entries=6
06-02 02:55:30.969  2996  2996 W auditd  : type=1320 audit(0.0:17): 
06-02 02:55:30.981  2921  2921 D libEGL  : loaded /vendor/lib64/egl/libGLES_mali.so
06-02 02:55:30.995  2921  2921 I gralloc : using (id=)
06-02 02:55:30.995  2921  2921 I gralloc : xres         = 1440 px
06-02 02:55:30.995  2921  2921 I gralloc : yres         = 2560 px
06-02 02:55:30.995  2921  2921 I gralloc : width        = 68 mm (537.882324 dpi)
06-02 02:55:30.995  2921  2921 I gralloc : height       = 122 mm (532.983582 dpi)
06-02 02:55:30.995  2921  2921 I gralloc : refresh rate = 59.31 Hz
06-02 02:55:31.009  2996  2996 W auditd  : type=1325 audit(0.0:18): table=filter family=2 entries=7
06-02 02:55:31.009  2996  2996 W auditd  : type=1320 audit(0.0:18): 
06-02 02:55:31.009  2996  2996 W auditd  : type=1325 audit(0.0:19): table=filter family=10 entries=7
06-02 02:55:31.009  2996  2996 W auditd  : type=1320 audit(0.0:19): 
06-02 02:55:31.011  2921  2921 D hwcomposer: using
06-02 02:55:31.011  2921  2921 D hwcomposer: xres         = 1440 px
06-02 02:55:31.011  2921  2921 D hwcomposer: yres         = 2560 px
06-02 02:55:31.011  2921  2921 D hwcomposer: width        = 68 mm (537.882000 dpi)
06-02 02:55:31.011  2921  2921 D hwcomposer: height       = 122 mm (532.983000 dpi)
06-02 02:55:31.011  2921  2921 D hwcomposer: refresh rate = 59 Hz
06-02 02:55:31.011  2921  2921 I hwcomposer: PSR info devname = /sys/devices/13960000.decon_f/psr_info
06-02 02:55:31.011  2921  2921 I hwcomposer: PSR mode is 6(0: video mode, 1: DP PSR mode, 2: MIPI-DSI command mode)
06-02 02:55:31.012  2921  2921 I SurfaceFlinger: Using composer version 1.3
06-02 02:55:31.012  2921  2921 E display : unknown display attribute 6
06-02 02:55:31.012  2921  2921 I SurfaceFlinger: EGL information:
06-02 02:55:31.012  2921  2921 I SurfaceFlinger: vendor    : Android
06-02 02:55:31.012  2921  2921 I SurfaceFlinger: version   : 1.4 Android META-EGL
06-02 02:55:31.012  2921  2921 I SurfaceFlinger: extensions: EGL_KHR_get_all_proc_addresses EGL_ANDROID_presentation_time EGL_KHR_swap_buffers_with_damage EGL_KHR_image EGL_KHR_image_base EGL_KHR_gl_texture_2D_image EGL_KHR_gl_texture_cubemap_image EGL_KHR_gl_renderbuffer_image EGL_KHR_fence_sync EGL_KHR_create_context EGL_KHR_config_attribs EGL_KHR_surfaceless_context EGL_EXT_create_context_robustness EGL_ANDROID_image_native_buffer EGL_KHR_wait_sync EGL_ANDROID_recordable EGL_KHR_partial_update 
06-02 02:55:31.012  2921  2921 I SurfaceFlinger: Client API: OpenGL_ES
06-02 02:55:31.012  2921  2921 I SurfaceFlinger: EGLSurface: 8-8-8-8, config=0x7fb0990128
06-02 02:55:31.012  2921  2921 D         : ro.exynos.dss isEnabled: 0
06-02 02:55:31.017  2921  2921 I SurfaceFlinger: OpenGL ES informations:
06-02 02:55:31.017  2921  2921 I SurfaceFlinger: vendor    : ARM
06-02 02:55:31.017  2921  2921 I SurfaceFlinger: renderer  : Mali-T880
06-02 02:55:31.017  2921  2921 I SurfaceFlinger: version   : OpenGL ES 3.1 v1.r9p0-12dev0.c2bae768d87bf40047e1f310c8de7f16
06-02 02:55:31.017  2921  2921 I SurfaceFlinger: extensions: GL_EXT_debug_marker GL_ARM_rgba8 GL_ARM_mali_shader_binary GL_OES_depth24 GL_OES_depth_texture GL_OES_depth_texture_cube_map GL_OES_packed_depth_stencil GL_OES_rgb8_rgba8 GL_EXT_read_format_bgra GL_OES_compressed_paletted_texture GL_OES_compressed_ETC1_RGB8_texture GL_OES_standard_derivatives GL_OES_EGL_image GL_OES_EGL_image_external GL_OES_EGL_sync GL_OES_texture_npot GL_OES_vertex_half_float GL_OES_required_internalformat GL_OES_vertex_array_object GL_OES_mapbuffer GL_EXT_texture_format_BGRA8888 GL_EXT_texture_rg GL_EXT_texture_type_2_10_10_10_REV GL_OES_fbo_render_mipmap GL_OES_element_index_uint GL_EXT_shadow_samplers GL_OES_texture_compression_astc GL_KHR_texture_compression_astc_ldr GL_KHR_texture_compression_astc_hdr GL_KHR_debug GL_EXT_occlusion_query_boolean GL_EXT_disjoint_timer_query GL_EXT_blend_minmax GL_EXT_discard_framebuffer GL_OES_get_program_binary GL_OES_texture_3D GL_EXT_texture_storage GL_EXT_multisampled_render_to_texture GL_OES_surfaceless_context GL_OES_texture_stencil8 G
06-02 02:55:31.017  2921  2921 I SurfaceFlinger: GL_MAX_TEXTURE_SIZE = 8192
06-02 02:55:31.017  2921  2921 I SurfaceFlinger: GL_MAX_VIEWPORT_DIMS = 8192
06-02 02:55:31.018  2921  2921 D mali_winsys: new_window_surface returns 0x3000,  [1440x2560]-format:1
06-02 02:55:31.019  2996  2996 W auditd  : type=1325 audit(0.0:20): table=filter family=2 entries=9
06-02 02:55:31.019  2996  2996 W auditd  : type=1320 audit(0.0:20): 
06-02 02:55:31.029  2996  2996 W auditd  : type=1325 audit(0.0:21): table=filter family=10 entries=9
06-02 02:55:31.029  2996  2996 W auditd  : type=1320 audit(0.0:21): 
06-02 02:55:31.035  2921  2921 D SurfaceFlinger: Set power mode=2, type=0 flinger=0x7fb0e83c00
06-02 02:55:31.089  2996  2996 W auditd  : type=1325 audit(0.0:22): table=filter family=2 entries=10
06-02 02:55:31.089  2996  2996 W auditd  : type=1320 audit(0.0:22): 
06-02 02:55:31.099  2996  2996 W auditd  : type=1325 audit(0.0:23): table=filter family=10 entries=10
06-02 02:55:31.099  2996  2996 W auditd  : type=1320 audit(0.0:23): 
06-02 02:55:31.099  2996  2996 W auditd  : type=1325 audit(0.0:24): table=filter family=2 entries=12
06-02 02:55:31.099  2996  2996 W auditd  : type=1320 audit(0.0:24): 
06-02 02:55:31.109  2996  2996 W auditd  : type=1325 audit(0.0:25): table=filter family=10 entries=12
06-02 02:55:31.109  2996  2996 W auditd  : type=1320 audit(0.0:25): 
06-02 02:55:31.124  2951  2951 I mediaserver: ServiceManager: 0xf678e260
06-02 02:55:31.124  2951  2951 I AudioFlinger: Using default 3000 mSec as standby time.
06-02 02:55:31.124  2951  2951 E BatteryNotifier: batterystats service unavailable!
06-02 02:55:31.124  2951  2951 E BatteryNotifier: batterystats service unavailable!
06-02 02:55:31.125  2951  2951 I CameraService: CameraService started (pid=2951)
06-02 02:55:31.125  2951  2951 I CameraService: CameraService process starting
06-02 02:55:31.125  2951  2951 E BatteryNotifier: batterystats service unavailable!
06-02 02:55:31.125  2951  2951 E BatteryNotifier: batterystats service unavailable!
06-02 02:55:31.125  2951  2951 E CameraService: Could not load camera HAL module: -2 (No such file or directory)
06-02 02:55:31.126  2951  2951 I AudioPolicyService: AudioPolicyService CSTOR in new mode
06-02 02:55:31.127  2951  2951 W APM::HwModule: loadOutput() invalid supported devices
06-02 02:55:31.127  2951  2951 W APM::HwModule: loadOutput() invalid supported devices
06-02 02:55:31.127  2951  2951 W APM::HwModule: loadInput() invalid supported devices
06-02 02:55:31.127  2951  2951 W APM::HwModule: loadInput() invalid supported devices
06-02 02:55:31.127  2951  2951 I APM::ConfigParsingUtils: loadAudioPolicyConfig() loaded /system/etc/audio_policy.conf
06-02 02:55:31.139  2996  2996 W auditd  : type=1325 audit(0.0:26): table=filter family=2 entries=13
06-02 02:55:31.139  2996  2996 W auditd  : type=1320 audit(0.0:26): 
06-02 02:55:31.139  2996  2996 W auditd  : type=1325 audit(0.0:27): table=filter family=10 entries=13
06-02 02:55:31.139  2996  2996 W auditd  : type=1320 audit(0.0:27): 
06-02 02:55:31.149  2996  2996 W auditd  : type=1325 audit(0.0:28): table=filter family=2 entries=15
06-02 02:55:31.149  2996  2996 W auditd  : type=1320 audit(0.0:28): 
06-02 02:55:31.149  2996  2996 W auditd  : type=1325 audit(0.0:29): table=filter family=10 entries=15
06-02 02:55:31.149  2996  2996 W auditd  : type=1320 audit(0.0:29): 
06-02 02:55:31.165  3044  3052 D libEGL  : loaded /vendor/lib64/egl/libGLES_mali.so
06-02 02:55:31.173  3044  3052 D mali_winsys: new_window_surface returns 0x3000,  [1440x2560]-format:2
06-02 02:55:31.173  3044  3052 D         : ro.exynos.dss isEnabled: 0
06-02 02:55:31.176  3044  3052 E BootAnimation: couldn't find audio_conf.txt
06-02 02:55:31.190  3044  3052 D BootAnimation: Use save memory method, maybe small fps in actual.
06-02 02:55:31.229  2996  2996 W auditd  : type=1325 audit(0.0:30): table=filter family=2 entries=16
06-02 02:55:31.229  2996  2996 W auditd  : type=1320 audit(0.0:30): 
06-02 02:55:31.229  2996  2996 W auditd  : type=1325 audit(0.0:31): table=filter family=10 entries=16
06-02 02:55:31.229  2996  2996 W auditd  : type=1320 audit(0.0:31): 
06-02 02:55:31.239  2996  2996 W auditd  : type=1325 audit(0.0:32): table=filter family=2 entries=18
06-02 02:55:31.239  2996  2996 W auditd  : type=1320 audit(0.0:32): 
06-02 02:55:31.239  2996  2996 W auditd  : type=1325 audit(0.0:33): table=filter family=10 entries=18
06-02 02:55:31.285  2921  2921 D SurfaceFlinger: SF. shader cache generated - 26 shaders in 127.703156 ms
06-02 02:55:31.289  2955  2955 D AndroidRuntime: >>>>>> START com.android.internal.os.ZygoteInit uid 0 <<<<<<
06-02 02:55:31.290  2921  2921 W display : release fence dup failed: Bad file descriptor
06-02 02:55:31.298  2921  2921 W display : release fence dup failed: Bad file descriptor
06-02 02:55:31.302  2955  2955 D AndroidRuntime: CheckJNI is ON
06-02 02:55:31.306  2955  2955 I art     : option[0]=-Xzygote
06-02 02:55:31.306  2955  2955 I art     : option[1]=-Xcheck:jni
06-02 02:55:31.306  2955  2955 I art     : option[2]=-Xstacktracefile:/data/anr/traces.txt
06-02 02:55:31.306  2955  2955 I art     : option[3]=exit
06-02 02:55:31.306  2955  2955 I art     : option[4]=vfprintf
06-02 02:55:31.306  2955  2955 I art     : option[5]=sensitiveThread
06-02 02:55:31.306  2955  2955 I art     : option[6]=-verbose:gc
06-02 02:55:31.306  2955  2955 I art     : option[7]=-Xms8m
06-02 02:55:31.306  2955  2955 I art     : option[8]=-Xmx512m
06-02 02:55:31.306  2955  2955 I art     : option[9]=-XX:HeapGrowthLimit=256m
06-02 02:55:31.306  2955  2955 I art     : option[10]=-XX:HeapMinFree=2m
06-02 02:55:31.306  2955  2955 I art     : option[11]=-XX:HeapMaxFree=8m
06-02 02:55:31.306  2955  2955 I art     : option[12]=-XX:HeapTargetUtilization=0.75
06-02 02:55:31.306  2955  2955 I art     : option[13]=-Xusejit:true
06-02 02:55:31.306  2955  2955 I art     : option[14]=-agentlib:jdwp=transport=dt_android_adb,suspend=n,server=y
06-02 02:55:31.306  2955  2955 I art     : option[15]=-Xlockprofthreshold:500
06-02 02:55:31.306  2955  2955 I art     : option[16]=-Ximage-compiler-option
06-02 02:55:31.306  2955  2955 I art     : option[17]=--runtime-arg
06-02 02:55:31.306  2955  2955 I art     : option[18]=-Ximage-compiler-option
06-02 02:55:31.306  2955  2955 I art     : option[19]=-Xms64m
06-02 02:55:31.306  2955  2955 I art     : option[20]=-Ximage-compiler-option
06-02 02:55:31.306  2955  2955 I art     : option[21]=--runtime-arg
06-02 02:55:31.306  2955  2955 I art     : option[22]=-Ximage-compiler-option
06-02 02:55:31.306  2955  2955 I art     : option[23]=-Xmx64m
06-02 02:55:31.306  2955  2955 I art     : option[24]=-Ximage-compiler-option
06-02 02:55:31.306  2955  2955 I art     : option[25]=--compiler-filter=verify-at-runtime
06-02 02:55:31.306  2955  2955 I art     : option[26]=-Ximage-compiler-option
06-02 02:55:31.306  2955  2955 I art     : option[27]=--image-classes=/system/etc/preloaded-classes
06-02 02:55:31.306  2955  2955 I art     : option[28]=-Xcompiler-option
06-02 02:55:31.306  2955  2955 I art     : option[29]=--runtime-arg
06-02 02:55:31.306  2955  2955 I art     : option[30]=-Xcompiler-option
06-02 02:55:31.306  2955  2955 I art     : option[31]=-Xms64m
06-02 02:55:31.306  2955  2955 I art     : option[32]=-Xcompiler-option
06-02 02:55:31.306  2955  2955 I art     : option[33]=--runtime-arg
06-02 02:55:31.306  2955  2955 I art     : option[34]=-Xcompiler-option
06-02 02:55:31.306  2955  2955 I art     : option[35]=-Xmx512m
06-02 02:55:31.307  2955  2955 I art     : option[36]=-Xcompiler-option
06-02 02:55:31.307  2955  2955 I art     : option[37]=--compiler-filter=verify-at-runtime
06-02 02:55:31.307  2955  2955 I art     : option[38]=-Ximage-compiler-option
06-02 02:55:31.307  2955  2955 I art     : option[39]=--instruction-set-variant=generic
06-02 02:55:31.307  2955  2955 I art     : option[40]=-Xcompiler-option
06-02 02:55:31.307  2955  2955 I art     : option[41]=--instruction-set-variant=generic
06-02 02:55:31.307  2955  2955 I art     : option[42]=-Ximage-compiler-option
06-02 02:55:31.307  2955  2955 I art     : option[43]=--instruction-set-features=default
06-02 02:55:31.307  2955  2955 I art     : option[44]=-Xcompiler-option
06-02 02:55:31.307  2955  2955 I art     : option[45]=--instruction-set-features=default
06-02 02:55:31.307  2955  2955 I art     : option[46]=-Duser.locale=en-US
06-02 02:55:31.307  2955  2955 I art     : option[47]=--cpu-abilist=arm64-v8a,armeabi
06-02 02:55:31.307  2955  2955 I art     : option[48]=-Xfingerprint:samsung/cm_hero2ltexx/hero2ltexx:6.0.1/MOB30J/cf2c88de62:eng/test-keys
06-02 02:55:31.315  2921  2921 W display : release fence dup failed: Bad file descriptor
06-02 02:55:31.332  2921  2921 W display : release fence dup failed: Bad file descriptor
06-02 02:55:31.348  2921  2921 W display : release fence dup failed: Bad file descriptor
06-02 02:55:31.383  2921  2921 W display : release fence dup failed: Bad file descriptor
06-02 02:55:31.399  2921  2921 W display : release fence dup failed: Bad file descriptor
06-02 02:55:31.404  2955  2955 D ICU     : No timezone override file found: /data/misc/zoneinfo/current/icu/icu_tzdata.dat
06-02 02:55:31.433  2921  2921 W display : release fence dup failed: Bad file descriptor
06-02 02:55:31.467  2921  2921 W display : release fence dup failed: Bad file descriptor
06-02 02:55:31.501  2921  2921 W display : release fence dup failed: Bad file descriptor
06-02 02:55:31.535  2921  2921 W display : release fence dup failed: Bad file descriptor
06-02 02:55:31.569  2921  2921 W display : release fence dup failed: Bad file descriptor
06-02 02:55:31.593  2955  2955 I Radio-JNI: register_android_hardware_Radio DONE
06-02 02:55:31.603  2921  2921 W display : release fence dup failed: Bad file descriptor
06-02 02:55:31.637  2921  2921 W display : release fence dup failed: Bad file descriptor
06-02 02:55:31.640  2955  2955 I SamplingProfilerIntegration: Profiling disabled.
06-02 02:55:31.641  2955  2955 D Zygote  : begin preload
06-02 02:55:31.642  2955  2955 I Zygote  : Preloading classes...
06-02 02:55:31.671  2921  2921 W display : release fence dup failed: Bad file descriptor
06-02 02:55:31.697  2951  2951 I AudioFlinger: loadHwModule() Loaded primary audio interface from Samsung audio HW HAL (audio) handle 1
06-02 02:55:31.697  2951  2951 I AudioFlinger: openOutput(), module 1 Device 2, SamplingRate 48000, Format 0x000001, Channels 3, flags a
06-02 02:55:31.697  2951  2951 I AudioFlinger: AudioStreamOut::open(), mHalFormatIsLinearPcm = 1
06-02 02:55:31.697  2951  2951 I AudioFlinger: HAL output buffer size 1024 frames, normal sink buffer size 1024 frames
06-02 02:55:31.702  2951  2951 W EffectsFactory: loadLibrary() failed to open /system/lib/soundfx/libaudioeffectoffload.so
06-02 02:55:31.704  2921  2921 W display : release fence dup failed: Bad file descriptor
06-02 02:55:31.705  2951  2951 W EffectsFactory: loadLibrary() failed to open /system/lib/soundfx/libexynosvisualizer.so
06-02 02:55:31.711  2951  2951 W EffectsFactory: loadLibrary() failed to open /system/lib/libmysound.so
06-02 02:55:31.711  2951  2951 W EffectsFactory: loadLibrary() failed to open /system/lib/soundfx/libmyspace.so
06-02 02:55:31.711  2951  2951 W EffectsFactory: loadLibrary() failed to open /system/lib/libaudiosa.so
06-02 02:55:31.711  2951  2951 W EffectsFactory: loadLibrary() failed to open /system/lib/soundfx/libaudiosaplus_sec.so
06-02 02:55:31.712  2951  2951 W EffectsFactory: loadLibrary() failed to open /system/lib/libsamsungSoundbooster_plus.so
06-02 02:55:31.712  2951  2951 W EffectsFactory: loadEffect() could not get library soundbooster_plus
06-02 02:55:31.712  2951  2951 W EffectsFactory: addSubEffect() could not get library soundalive_sec
06-02 02:55:31.712  2951  2951 W EffectsFactory: loadEffect() could not add subEffect 
06-02 02:55:31.712  2951  2951 W EffectsFactory: loadEffect() could not get library soundalive
06-02 02:55:31.712  2951  2951 W EffectsFactory: loadEffect() could not get library soundalive
06-02 02:55:31.712  2951  2951 W EffectsFactory: loadEffect() could not get library soundalive
06-02 02:55:31.712  2951  2951 W EffectsFactory: addSubEffect() could not get library visualizer_hw
06-02 02:55:31.712  2951  2951 W EffectsFactory: loadEffect() could not add subEffect 
06-02 02:55:31.712  2951  2951 W EffectsFactory: addSubEffect() could not get library mysound
06-02 02:55:31.712  2951  2951 W EffectsFactory: loadEffect() could not add subEffect 
06-02 02:55:31.712  2951  2951 W EffectsFactory: addSubEffect() could not get library myspace
06-02 02:55:31.712  2951  2951 W EffectsFactory: loadEffect() could not add subEffect 
06-02 02:55:31.712  2951  2951 I BufferProvider: found effect "Multichannel Downmix To Stereo" from The Android Open Source Project
06-02 02:55:31.712  2951  2951 I AudioFlinger: Using module 1 has the primary audio interface
06-02 02:55:31.712  2951  3201 I AudioFlinger: AudioFlinger's thread 0xf4b80000 ready to run
06-02 02:55:31.712  2951  3201 V audio_hw_primary: do_out_standby: output standby: 1
06-02 02:55:31.713  2951  3201 V audio_hw_primary: out_set_parameters: key value pairs: routing=2
06-02 02:55:31.713  2951  3201 E AudioFlinger: no wake lock to update!
06-02 02:55:31.713  2951  2951 I AudioFlinger: openOutput(), module 1 Device 2, SamplingRate 48000, Format 0x000001, Channels 3, flags 4
06-02 02:55:31.714  2951  2951 I AudioFlinger: AudioStreamOut::open(), mHalFormatIsLinearPcm = 1
06-02 02:55:31.714  2951  2951 I AudioFlinger: HAL output buffer size 256 frames, normal sink buffer size 960 frames
06-02 02:55:31.714  2951  2951 E MonoPipe: Failed to fetch local time frequency when constructing a MonoPipe (res = -32).  getNextWriteTimestamp calls will be non-functional
06-02 02:55:31.714  2951  3204 I AudioFlinger: AudioFlinger's thread 0xf47c0000 ready to run
06-02 02:55:31.714  2951  3204 V audio_hw_primary: do_out_standby: output standby: 1
06-02 02:55:31.714  2951  3204 V audio_hw_primary: out_set_parameters: key value pairs: routing=2
06-02 02:55:31.714  2951  3204 E AudioFlinger: no wake lock to update!
06-02 02:55:31.715  2951  2951 V audio_hw_primary: adev_open_input_stream: Requesting input stream with rate: 48000, channels: 0xc
06-02 02:55:31.715  2951  3205 I AudioFlinger: AudioFlinger's thread 0xf44c0000 ready to run
06-02 02:55:31.716  2951  2951 I bt_a2dp_hw: adev_open:  adev_open in A2dp_hw module
06-02 02:55:31.716  2951  2951 I AudioFlinger: loadHwModule() Loaded a2dp audio interface from A2DP Audio HW HAL (audio) handle 5
06-02 02:55:31.717  2951  2951 I AudioFlinger: loadHwModule() Loaded usb audio interface from USB audio HW HAL (audio) handle 6
06-02 02:55:31.719  2951  2951 I r_submix: adev_open(name=audio_hw_if)
06-02 02:55:31.719  2951  2951 I r_submix: adev_init_check()
06-02 02:55:31.719  2951  2951 I AudioFlinger: loadHwModule() Loaded r_submix audio interface from Wifi Display audio HAL (audio) handle 7
06-02 02:55:31.719  2951  2951 D r_submix: adev_open_input_stream(addr=0)
06-02 02:55:31.719  2951  2951 D r_submix: submix_audio_device_create_pipe_l(addr=0, idx=9)
06-02 02:55:31.719  2951  2951 D r_submix:   now using address 0 for route 9
06-02 02:55:31.719  2951  3207 I AudioFlinger: AudioFlinger's thread 0xf4440000 ready to run
06-02 02:55:31.719  2951  2951 D r_submix: adev_close_input_stream()
06-02 02:55:31.719  2951  2951 D r_submix: submix_audio_device_release_pipe_l(idx=9) addr=0
06-02 02:55:31.719  2951  2951 D r_submix: submix_audio_device_destroy_pipe_l(): pipe destroyed
--------- beginning of crash
06-02 02:55:31.719  2951  2951 F libc    : Fatal signal 11 (SIGSEGV), code 1, fault addr 0x0 in tid 2951 (mediaserver)
06-02 02:55:31.720  2940  2940 I DEBUG   : property debug.db.uid not set; NOT waiting for gdb.
06-02 02:55:31.720  2940  2940 I DEBUG   : HINT: adb shell setprop debug.db.uid 100000
06-02 02:55:31.720  2940  2940 I DEBUG   : HINT: adb forward tcp:5039 tcp:5039
06-02 02:55:31.738  2921  2921 W display : release fence dup failed: Bad file descriptor
06-02 02:55:31.772  2921  2921 W display : release fence dup failed: Bad file descriptor
06-02 02:55:31.773  2940  2940 F DEBUG   : *** *** *** *** *** *** *** *** *** *** *** *** *** *** *** ***
06-02 02:55:31.773  2940  2940 F DEBUG   : Build fingerprint: 'samsung/cm_hero2ltexx/hero2ltexx:6.0.1/MOB30J/cf2c88de62:eng/test-keys'
06-02 02:55:31.773  2940  2940 F DEBUG   : Revision: '0'
06-02 02:55:31.773  2940  2940 F DEBUG   : ABI: 'arm'
06-02 02:55:31.773  2940  2940 F DEBUG   : pid: 2951, tid: 2951, name: mediaserver  >>> /system/bin/mediaserver <<<
06-02 02:55:31.773  2940  2940 F DEBUG   : signal 11 (SIGSEGV), code 1 (SEGV_MAPERR), fault addr 0x0
06-02 02:55:31.777  2940  2940 F DEBUG   :     r0 f4c218f4  r1 00000000  r2 65732020  r3 00000007
06-02 02:55:31.777  2940  2940 F DEBUG   :     r4 00000008  r5 f4c218f2  r6 f7685be0  r7 ffe862b4
06-02 02:55:31.777  2940  2940 F DEBUG   :     r8 f67ab08c  r9 f7683431  sl f7683635  fp f4c218f2
06-02 02:55:31.777  2940  2940 F DEBUG   :     ip 00000000  sp ffe86270  lr f767e4f7  pc f71d13c8  cpsr 600f0010
06-02 02:55:31.778  2940  2940 F DEBUG   : 
06-02 02:55:31.778  2940  2940 F DEBUG   : backtrace:
06-02 02:55:31.778  2940  2940 F DEBUG   :     #00 pc 000183c8  /system/lib/libc.so (strcmp+152)
06-02 02:55:31.778  2940  2940 F DEBUG   :     #01 pc 000084f3  /system/lib/libaudiopolicyservice.so
06-02 02:55:31.778  2940  2940 F DEBUG   :     #02 pc 000202b0  [stack]
06-02 02:55:31.806  2921  2921 W display : release fence dup failed: Bad file descriptor
06-02 02:55:31.822  2940  2940 F DEBUG   : 
06-02 02:55:31.822  2940  2940 F DEBUG   : Tombstone written to: /data/tombstones/tombstone_05
06-02 02:55:31.825  2920  2920 I ServiceManager: service 'media.audio_flinger' died
06-02 02:55:31.825  2920  2920 I ServiceManager: service 'media.player' died
06-02 02:55:31.825  2920  2920 I ServiceManager: service 'media.resource_manager' died
06-02 02:55:31.825  2920  2920 I ServiceManager: service 'media.camera' died
06-02 02:55:31.840  2921  2921 W display : release fence dup failed: Bad file descriptor
06-02 02:55:31.874  2921  2921 W display : release fence dup failed: Bad file descriptor
06-02 02:55:31.876  2937  2937 V NatController: runCmd(/system/bin/iptables -w -F natctrl_FORWARD) res=0
06-02 02:55:31.881  2937  2937 V NatController: runCmd(/system/bin/iptables -w -A natctrl_FORWARD -j DROP) res=0
06-02 02:55:31.885  2937  2937 V NatController: runCmd(/system/bin/iptables -w -t nat -F natctrl_nat_POSTROUTING) res=0
06-02 02:55:31.889  2937  2937 V NatController: runCmd(/system/bin/iptables -w -F natctrl_tether_counters) res=1
06-02 02:55:31.894  2937  2937 V NatController: runCmd(/system/bin/iptables -w -X natctrl_tether_counters) res=1
06-02 02:55:31.898  2937  2937 V NatController: runCmd(/system/bin/iptables -w -N natctrl_tether_counters) res=0
06-02 02:55:31.903  2937  2937 V NatController: runCmd(/system/bin/iptables -w -t mangle -A natctrl_mangle_FORWARD -p tcp --tcp-flags SYN SYN -j TCPMSS --clamp-mss-to-pmtu) res=0
06-02 02:55:31.908  2921  2921 W display : release fence dup failed: Bad file descriptor
06-02 02:55:31.942  2921  2921 W display : release fence dup failed: Bad file descriptor
06-02 02:55:31.976  2921  2921 W display : release fence dup failed: Bad file descriptor
06-02 02:55:32.009  2921  2921 W display : release fence dup failed: Bad file descriptor
06-02 02:55:32.043  2921  2921 W display : release fence dup failed: Bad file descriptor
06-02 02:55:32.077  2921  2921 W display : release fence dup failed: Bad file descriptor
06-02 02:55:32.095  2955  2955 E Minikin : addFont failed to create font /system/fonts/NanumGothic.ttf
06-02 02:55:32.096  2955  2955 E Minikin : addFont failed to create font /system/fonts/DroidSansFallback.ttf
06-02 02:55:32.096  2955  2955 E Minikin : addFont failed to create font /system/fonts/MTLmr3m.ttf
06-02 02:55:32.109  2996  2996 W auditd  : type=1325 audit(0.0:129): table=filter family=10 entries=52
06-02 02:55:32.109  2996  2996 W auditd  : type=1320 audit(0.0:129): 
06-02 02:55:32.109  2996  2996 W auditd  : type=1325 audit(0.0:130): table=filter family=2 entries=50
06-02 02:55:32.109  2996  2996 W auditd  : type=1320 audit(0.0:130): 
06-02 02:55:32.111  2921  2921 W display : release fence dup failed: Bad file descriptor
06-02 02:55:32.119  2996  2996 W auditd  : type=1325 audit(0.0:131): table=filter family=10 entries=53
06-02 02:55:32.119  2996  2996 W auditd  : type=1320 audit(0.0:131): 
06-02 02:55:32.119  2996  2996 W auditd  : type=1325 audit(0.0:132): table=filter family=2 entries=51
06-02 02:55:32.119  2996  2996 W auditd  : type=1320 audit(0.0:132): 
06-02 02:55:32.129  2996  2996 W auditd  : type=1325 audit(0.0:133): table=filter family=10 entries=54
06-02 02:55:32.129  2996  2996 W auditd  : type=1320 audit(0.0:133): 
06-02 02:55:32.129  2996  2996 W auditd  : type=1325 audit(0.0:134): table=raw family=2 entries=9
06-02 02:55:32.129  2996  2996 W auditd  : type=1320 audit(0.0:134): 
06-02 02:55:32.129  2996  2996 W auditd  : type=1325 audit(0.0:135): table=raw family=10 entries=9
06-02 02:55:32.129  2996  2996 W auditd  : type=1320 audit(0.0:135): 
06-02 02:55:32.139  2996  2996 W auditd  : type=1325 audit(0.0:136): table=mangle family=2 entries=16
06-02 02:55:32.139  2996  2996 W auditd  : type=1320 audit(0.0:136): 
06-02 02:55:32.139  2996  2996 W auditd  : type=1325 audit(0.0:137): table=mangle family=10 entries=12
06-02 02:55:32.139  2996  2996 W auditd  : type=1320 audit(0.0:137): 
06-02 02:55:32.145  2921  2921 W display : release fence dup failed: Bad file descriptor
06-02 02:55:32.179  2921  2921 W display : release fence dup failed: Bad file descriptor
06-02 02:55:32.199  2955  2955 V DngCreator_JNI: DngCreator_nativeClassInit:
06-02 02:55:32.213  2921  2921 W display : release fence dup failed: Bad file descriptor
06-02 02:55:32.247  2921  2921 W display : release fence dup failed: Bad file descriptor
06-02 02:55:32.281  2921  2921 W display : release fence dup failed: Bad file descriptor
06-02 02:55:32.315  2921  2921 W display : release fence dup failed: Bad file descriptor
06-02 02:55:32.348  2921  2921 W display : release fence dup failed: Bad file descriptor
06-02 02:55:32.353  2937  2937 E Netd    : cannot find interface dummy0
06-02 02:55:32.354  2937  2937 D MDnsDS  : MDnsSdListener::Hander starting up
06-02 02:55:32.354  2937  3314 D MDnsDS  : MDnsSdListener starting to monitor
06-02 02:55:32.354  2937  3314 D MDnsDS  : Going to poll with pollCount 1
06-02 02:55:32.382  2921  2921 W display : release fence dup failed: Bad file descriptor
06-02 02:55:32.416  2921  2921 W display : release fence dup failed: Bad file descriptor
06-02 02:55:32.450  2921  2921 W display : release fence dup failed: Bad file descriptor
06-02 02:55:32.484  2921  2921 W display : release fence dup failed: Bad file descriptor
06-02 02:55:32.518  2921  2921 W display : release fence dup failed: Bad file descriptor
06-02 02:55:32.552  2921  2921 W display : release fence dup failed: Bad file descriptor
06-02 02:55:32.586  2921  2921 W display : release fence dup failed: Bad file descriptor
06-02 02:55:32.602  2921  2921 W display : release fence dup failed: Bad file descriptor
06-02 02:55:32.637  2921  2921 W display : release fence dup failed: Bad file descriptor
06-02 02:55:32.670  2921  2921 W display : release fence dup failed: Bad file descriptor
06-02 02:55:32.704  2921  2921 W display : release fence dup failed: Bad file descriptor
06-02 02:55:32.738  2921  2921 W display : release fence dup failed: Bad file descriptor
06-02 02:55:32.772  2921  2921 W display : release fence dup failed: Bad file descriptor
06-02 02:55:32.806  2921  2921 W display : release fence dup failed: Bad file descriptor
06-02 02:55:32.840  2921  2921 W display : release fence dup failed: Bad file descriptor
06-02 02:55:32.858  2955  2955 I art     : Thread[1,tid=2955,Native,Thread*=0x7f929fba00,peer=0x12c532e0,"main"] recursive attempt to load library "/system/lib64/libmedia_jni.so"
06-02 02:55:32.858  2955  2955 D MtpDeviceJNI: register_android_mtp_MtpDevice
06-02 02:55:32.858  2955  2955 I art     : Thread[1,tid=2955,Native,Thread*=0x7f929fba00,peer=0x12c532e0,"main"] recursive attempt to load library "/system/lib64/libmedia_jni.so"
06-02 02:55:32.859  2955  2955 I art     : Thread[1,tid=2955,Native,Thread*=0x7f929fba00,peer=0x12c532e0,"main"] recursive attempt to load library "/system/lib64/libmedia_jni.so"
06-02 02:55:32.874  2921  2921 W display : release fence dup failed: Bad file descriptor
06-02 02:55:32.908  2921  2921 W display : release fence dup failed: Bad file descriptor
06-02 02:55:32.941  2921  2921 W display : release fence dup failed: Bad file descriptor
06-02 02:55:32.976  2921  2921 W display : release fence dup failed: Bad file descriptor
06-02 02:55:33.009  2921  2921 W display : release fence dup failed: Bad file descriptor
06-02 02:55:33.043  2921  2921 W display : release fence dup failed: Bad file descriptor
06-02 02:55:33.077  2921  2921 W display : release fence dup failed: Bad file descriptor
06-02 02:55:33.111  2921  2921 W display : release fence dup failed: Bad file descriptor
06-02 02:55:33.145  2921  2921 W display : release fence dup failed: Bad file descriptor
06-02 02:55:33.179  2921  2921 W display : release fence dup failed: Bad file descriptor
06-02 02:55:33.213  2921  2921 W display : release fence dup failed: Bad file descriptor
06-02 02:55:33.231  3044  3052 D BootAnimation: Use save memory method, maybe small fps in actual.
06-02 02:55:33.247  2921  2921 W display : release fence dup failed: Bad file descriptor
06-02 02:55:33.281  2921  2921 W display : release fence dup failed: Bad file descriptor
06-02 02:55:33.315  2921  2921 W display : release fence dup failed: Bad file descriptor
06-02 02:55:33.348  2921  2921 W display : release fence dup failed: Bad file descriptor
06-02 02:55:33.382  2921  2921 W display : release fence dup failed: Bad file descriptor
06-02 02:55:33.394  2955  2955 W System  : ClassLoader referenced unknown path: /system/framework/tcmclient.jar
06-02 02:55:33.416  2921  2921 W display : release fence dup failed: Bad file descriptor
06-02 02:55:33.450  2921  2921 W display : release fence dup failed: Bad file descriptor
06-02 02:55:33.484  2921  2921 W display : release fence dup failed: Bad file descriptor
06-02 02:55:33.518  2921  2921 W display : release fence dup failed: Bad file descriptor
06-02 02:55:33.552  2921  2921 W display : release fence dup failed: Bad file descriptor
06-02 02:55:33.586  2921  2921 W display : release fence dup failed: Bad file descriptor
06-02 02:55:33.620  2921  2921 W display : release fence dup failed: Bad file descriptor
06-02 02:55:33.654  2921  2921 W display : release fence dup failed: Bad file descriptor
06-02 02:55:33.688  2921  2921 W display : release fence dup failed: Bad file descriptor
06-02 02:55:33.721  2921  2921 W display : release fence dup failed: Bad file descriptor
06-02 02:55:33.735  2955  2955 I System  : Loaded time zone names for "" in 25ms (23ms in ICU)
06-02 02:55:33.755  2921  2921 W display : release fence dup failed: Bad file descriptor
06-02 02:55:33.770  2955  2955 I System  : Loaded time zone names for "en_US" in 34ms (14ms in ICU)
06-02 02:55:33.789  2921  2921 W display : release fence dup failed: Bad file descriptor
06-02 02:55:33.823  2921  2921 W display : release fence dup failed: Bad file descriptor
06-02 02:55:33.857  2921  2921 W display : release fence dup failed: Bad file descriptor
06-02 02:55:33.874  2921  2921 W display : release fence dup failed: Bad file descriptor
06-02 02:55:33.908  2921  2921 W display : release fence dup failed: Bad file descriptor
06-02 02:55:33.941  2921  2921 W display : release fence dup failed: Bad file descriptor
06-02 02:55:33.943  2955  2955 I Zygote  : ...preloaded 3831 classes in 2301ms.
06-02 02:55:33.944  2955  2955 I art     : VMRuntime.preloadDexCaches starting
06-02 02:55:33.976  2921  2921 W display : release fence dup failed: Bad file descriptor
06-02 02:55:33.980  2955  2955 I art     : VMRuntime.preloadDexCaches strings total=248908 before=10083 after=10083
06-02 02:55:33.980  2955  2955 I art     : VMRuntime.preloadDexCaches types total=20329 before=8245 after=9836
06-02 02:55:33.980  2955  2955 I art     : VMRuntime.preloadDexCaches fields total=100349 before=35755 after=47720
06-02 02:55:33.980  2955  2955 I art     : VMRuntime.preloadDexCaches methods total=172744 before=67597 after=83301
06-02 02:55:33.980  2955  2955 I art     : VMRuntime.preloadDexCaches finished
06-02 02:55:33.994  3318  3318 D idmap   : error: no read access to /vendor/overlay: No such file or directory
06-02 02:55:34.009  2921  2921 W display : release fence dup failed: Bad file descriptor
06-02 02:55:34.014  2955  2955 I Zygote  : Preloading resources...
06-02 02:55:34.043  2921  2921 W display : release fence dup failed: Bad file descriptor
06-02 02:55:34.077  2921  2921 W display : release fence dup failed: Bad file descriptor
06-02 02:55:34.111  2921  2921 W display : release fence dup failed: Bad file descriptor
06-02 02:55:34.145  2921  2921 W display : release fence dup failed: Bad file descriptor
06-02 02:55:34.179  2921  2921 W display : release fence dup failed: Bad file descriptor
06-02 02:55:34.213  2921  2921 W display : release fence dup failed: Bad file descriptor
06-02 02:55:34.247  2921  2921 W display : release fence dup failed: Bad file descriptor
06-02 02:55:34.280  2921  2921 W display : release fence dup failed: Bad file descriptor
06-02 02:55:34.314  2921  2921 W display : release fence dup failed: Bad file descriptor
06-02 02:55:34.348  2921  2921 W display : release fence dup failed: Bad file descriptor
06-02 02:55:34.382  2921  2921 W display : release fence dup failed: Bad file descriptor
06-02 02:55:34.416  2921  2921 W display : release fence dup failed: Bad file descriptor
06-02 02:55:34.431  2955  2955 I Zygote  : ...preloaded 342 resources in 417ms.
06-02 02:55:34.441  2955  2955 I Zygote  : ...preloaded 41 resources in 10ms.
06-02 02:55:34.448  2955  2955 D libEGL  : loaded /vendor/lib64/egl/libGLES_mali.so
06-02 02:55:34.450  2921  2921 W display : release fence dup failed: Bad file descriptor
06-02 02:55:34.454  2955  2955 I Zygote  : Preloading shared libraries...
06-02 02:55:34.466  2955  2955 D Zygote  : end preload
06-02 02:55:34.466  2955  2955 I art     : Starting a blocking GC Explicit
06-02 02:55:34.478  2955  2955 I art     : Explicit concurrent mark sweep GC freed 11401(460KB) AllocSpace objects, 0(0B) LOS objects, 35% free, 29MB/45MB, paused 49us total 10.940ms
06-02 02:55:34.484  2921  2921 W display : release fence dup failed: Bad file descriptor
06-02 02:55:34.487  2955  2955 I art     : Starting a blocking GC Explicit
06-02 02:55:34.496  2955  2955 I art     : Explicit concurrent mark sweep GC freed 2657(124KB) AllocSpace objects, 0(0B) LOS objects, 35% free, 28MB/44MB, paused 44us total 8.800ms
06-02 02:55:34.496  2955  3146 I art     : Starting a blocking GC HeapTrim
06-02 02:55:34.497  2955  2955 I art     : Starting a blocking GC Background
06-02 02:55:34.518  2921  2921 W display : release fence dup failed: Bad file descriptor
06-02 02:55:34.544  2955  2955 I Zygote  : System server process 3319 has been created
06-02 02:55:34.546  2955  2955 I Zygote  : Accepting command socket connections
06-02 02:55:34.550  3319  3319 W Zygote  : Got error connecting to zygote, retrying. msg= No such file or directory
06-02 02:55:34.552  2921  2921 W display : release fence dup failed: Bad file descriptor
06-02 02:55:34.586  2921  2921 W display : release fence dup failed: Bad file descriptor
06-02 02:55:34.620  2921  2921 W display : release fence dup failed: Bad file descriptor
06-02 02:55:34.653  2921  2921 W display : release fence dup failed: Bad file descriptor
06-02 02:55:34.687  2921  2921 W display : release fence dup failed: Bad file descriptor
06-02 02:55:34.721  2921  2921 W display : release fence dup failed: Bad file descriptor
06-02 02:55:34.755  2921  2921 W display : release fence dup failed: Bad file descriptor
06-02 02:55:34.789  2921  2921 W display : release fence dup failed: Bad file descriptor
06-02 02:55:34.823  2921  2921 W display : release fence dup failed: Bad file descriptor
06-02 02:55:34.857  2921  2921 W display : release fence dup failed: Bad file descriptor
06-02 02:55:34.891  2921  2921 W display : release fence dup failed: Bad file descriptor
06-02 02:55:34.925  2921  2921 W display : release fence dup failed: Bad file descriptor
06-02 02:55:34.958  2921  2921 W display : release fence dup failed: Bad file descriptor
06-02 02:55:34.992  2921  2921 W display : release fence dup failed: Bad file descriptor
06-02 02:55:35.026  2921  2921 W display : release fence dup failed: Bad file descriptor
06-02 02:55:35.060  2921  2921 W display : release fence dup failed: Bad file descriptor
06-02 02:55:35.094  2921  2921 W display : release fence dup failed: Bad file descriptor
06-02 02:55:35.128  2921  2921 W display : release fence dup failed: Bad file descriptor
06-02 02:55:35.162  2921  2921 W display : release fence dup failed: Bad file descriptor
06-02 02:55:35.179  2921  2921 W display : release fence dup failed: Bad file descriptor
06-02 02:55:35.213  2921  2921 W display : release fence dup failed: Bad file descriptor
06-02 02:55:35.247  2921  2921 W display : release fence dup failed: Bad file descriptor
06-02 02:55:35.280  2921  2921 W display : release fence dup failed: Bad file descriptor
06-02 02:55:35.314  2921  2921 W display : release fence dup failed: Bad file descriptor
06-02 02:55:35.348  2921  2921 W display : release fence dup failed: Bad file descriptor
06-02 02:55:35.382  2921  2921 W display : release fence dup failed: Bad file descriptor
06-02 02:55:35.416  2921  2921 W display : release fence dup failed: Bad file descriptor
06-02 02:55:35.450  2921  2921 W display : release fence dup failed: Bad file descriptor
06-02 02:55:35.484  2921  2921 W display : release fence dup failed: Bad file descriptor
06-02 02:55:35.518  2921  2921 W display : release fence dup failed: Bad file descriptor
06-02 02:55:35.550  3319  3319 W Zygote  : Got error connecting to zygote, retrying. msg= No such file or directory
06-02 02:55:35.552  2921  2921 W display : release fence dup failed: Bad file descriptor
06-02 02:55:35.586  2921  2921 W display : release fence dup failed: Bad file descriptor
06-02 02:55:35.620  2921  2921 W display : release fence dup failed: Bad file descriptor
06-02 02:55:35.653  2921  2921 W display : release fence dup failed: Bad file descriptor
06-02 02:55:35.687  2921  2921 W display : release fence dup failed: Bad file descriptor
06-02 02:55:35.721  2921  2921 W display : release fence dup failed: Bad file descriptor
06-02 02:55:35.755  2921  2921 W display : release fence dup failed: Bad file descriptor
06-02 02:55:35.789  2921  2921 W display : release fence dup failed: Bad file descriptor
06-02 02:55:35.823  2921  2921 W display : release fence dup failed: Bad file descriptor
06-02 02:55:35.857  2921  2921 W display : release fence dup failed: Bad file descriptor
06-02 02:55:35.891  2921  2921 W display : release fence dup failed: Bad file descriptor
06-02 02:55:35.925  2921  2921 W display : release fence dup failed: Bad file descriptor
06-02 02:55:35.959  2921  2921 W display : release fence dup failed: Bad file descriptor
06-02 02:55:35.963  3331  3331 I mediaserver: ServiceManager: 0xf634e260
06-02 02:55:35.963  3331  3331 I AudioFlinger: Using default 3000 mSec as standby time.
06-02 02:55:35.963  3331  3331 E BatteryNotifier: batterystats service unavailable!
06-02 02:55:35.963  3331  3331 E BatteryNotifier: batterystats service unavailable!
06-02 02:55:35.963  3331  3331 I CameraService: CameraService started (pid=3331)
06-02 02:55:35.963  3331  3331 I CameraService: CameraService process starting
06-02 02:55:35.963  3331  3331 E BatteryNotifier: batterystats service unavailable!
06-02 02:55:35.963  3331  3331 E BatteryNotifier: batterystats service unavailable!
06-02 02:55:35.963  3331  3331 E CameraService: Could not load camera HAL module: -2 (No such file or directory)
06-02 02:55:35.964  3331  3331 I AudioPolicyService: AudioPolicyService CSTOR in new mode
06-02 02:55:35.964  3331  3331 W APM::HwModule: loadOutput() invalid supported devices
06-02 02:55:35.964  3331  3331 W APM::HwModule: loadOutput() invalid supported devices
06-02 02:55:35.964  3331  3331 W APM::HwModule: loadInput() invalid supported devices
06-02 02:55:35.964  3331  3331 W APM::HwModule: loadInput() invalid supported devices
06-02 02:55:35.964  3331  3331 I APM::ConfigParsingUtils: loadAudioPolicyConfig() loaded /system/etc/audio_policy.conf
06-02 02:55:35.992  2921  2921 W display : release fence dup failed: Bad file descriptor
06-02 02:55:36.027  2921  2921 W display : release fence dup failed: Bad file descriptor
06-02 02:55:36.060  2921  2921 W display : release fence dup failed: Bad file descriptor
06-02 02:55:36.094  2921  2921 W display : release fence dup failed: Bad file descriptor
06-02 02:55:36.128  2921  2921 W display : release fence dup failed: Bad file descriptor
06-02 02:55:36.162  2921  2921 W display : release fence dup failed: Bad file descriptor
06-02 02:55:36.196  2921  2921 W display : release fence dup failed: Bad file descriptor
06-02 02:55:36.230  2921  2921 W display : release fence dup failed: Bad file descriptor
06-02 02:55:36.264  2921  2921 W display : release fence dup failed: Bad file descriptor
06-02 02:55:36.298  2921  2921 W display : release fence dup failed: Bad file descriptor
06-02 02:55:36.331  2921  2921 W display : release fence dup failed: Bad file descriptor
06-02 02:55:36.365  2921  2921 W display : release fence dup failed: Bad file descriptor
06-02 02:55:36.399  2921  2921 W display : release fence dup failed: Bad file descriptor
06-02 02:55:36.433  2921  2921 W display : release fence dup failed: Bad file descriptor
06-02 02:55:36.467  2921  2921 W display : release fence dup failed: Bad file descriptor
06-02 02:55:36.496  3331  3331 I AudioFlinger: loadHwModule() Loaded primary audio interface from Samsung audio HW HAL (audio) handle 1
06-02 02:55:36.496  3331  3331 I AudioFlinger: openOutput(), module 1 Device 2, SamplingRate 48000, Format 0x000001, Channels 3, flags a
06-02 02:55:36.496  3331  3331 I AudioFlinger: AudioStreamOut::open(), mHalFormatIsLinearPcm = 1
06-02 02:55:36.496  3331  3331 I AudioFlinger: HAL output buffer size 1024 frames, normal sink buffer size 1024 frames
06-02 02:55:36.497  3331  3331 W EffectsFactory: loadLibrary() failed to open /system/lib/soundfx/libaudioeffectoffload.so
06-02 02:55:36.497  3331  3331 W EffectsFactory: loadLibrary() failed to open /system/lib/soundfx/libexynosvisualizer.so
06-02 02:55:36.499  3331  3331 W EffectsFactory: loadLibrary() failed to open /system/lib/libmysound.so
06-02 02:55:36.499  3331  3331 W EffectsFactory: loadLibrary() failed to open /system/lib/soundfx/libmyspace.so
06-02 02:55:36.499  3331  3331 W EffectsFactory: loadLibrary() failed to open /system/lib/libaudiosa.so
06-02 02:55:36.499  3331  3331 W EffectsFactory: loadLibrary() failed to open /system/lib/soundfx/libaudiosaplus_sec.so
06-02 02:55:36.499  3331  3331 W EffectsFactory: loadLibrary() failed to open /system/lib/libsamsungSoundbooster_plus.so
06-02 02:55:36.499  3331  3331 W EffectsFactory: loadEffect() could not get library soundbooster_plus
06-02 02:55:36.499  3331  3331 W EffectsFactory: addSubEffect() could not get library soundalive_sec
06-02 02:55:36.499  3331  3331 W EffectsFactory: loadEffect() could not add subEffect 
06-02 02:55:36.499  3331  3331 W EffectsFactory: loadEffect() could not get library soundalive
06-02 02:55:36.499  3331  3331 W EffectsFactory: loadEffect() could not get library soundalive
06-02 02:55:36.499  3331  3331 W EffectsFactory: loadEffect() could not get library soundalive
06-02 02:55:36.499  3331  3331 W EffectsFactory: addSubEffect() could not get library visualizer_hw
06-02 02:55:36.499  3331  3331 W EffectsFactory: loadEffect() could not add subEffect 
06-02 02:55:36.499  3331  3331 W EffectsFactory: addSubEffect() could not get library mysound
06-02 02:55:36.499  3331  3331 W EffectsFactory: loadEffect() could not add subEffect 
06-02 02:55:36.499  3331  3331 W EffectsFactory: addSubEffect() could not get library myspace
06-02 02:55:36.499  3331  3331 W EffectsFactory: loadEffect() could not add subEffect 
06-02 02:55:36.499  3331  3331 I BufferProvider: found effect "Multichannel Downmix To Stereo" from The Android Open Source Project
06-02 02:55:36.500  3331  3331 I AudioFlinger: Using module 1 has the primary audio interface
06-02 02:55:36.500  3331  3337 I AudioFlinger: AudioFlinger's thread 0xf4740000 ready to run
06-02 02:55:36.500  3331  3337 V audio_hw_primary: do_out_standby: output standby: 1
06-02 02:55:36.500  3331  3337 V audio_hw_primary: out_set_parameters: key value pairs: routing=2
