07-01 07:03:11.743  2918  2918 I ServiceManager: service 'cpuinfo' died
07-01 07:03:11.743  2918  2918 I ServiceManager: service 'dbinfo' died
07-01 07:03:11.743  2918  2918 I ServiceManager: service 'permission' died
07-01 07:03:11.743  2918  2918 I ServiceManager: service 'processinfo' died
07-01 07:03:11.743  2918  2918 I ServiceManager: service 'vibrator' died
07-01 07:03:11.743  2918  2918 I ServiceManager: service 'input_method' died
07-01 07:03:11.743  2918  2918 I ServiceManager: service 'accessibility' died
07-01 07:03:11.743  2918  2918 I ServiceManager: service 'uimode' died
07-01 07:03:11.743  2918  2918 I ServiceManager: service 'mount' died
07-01 07:03:11.743  2918  2918 I ServiceManager: service 'appops' died
07-01 07:03:11.743  2918  2918 I ServiceManager: service 'batterystats' died
07-01 07:03:11.743  2918  2918 I ServiceManager: service 'power' died
07-01 07:03:11.743  2918  2918 I ServiceManager: service 'display' died
07-01 07:03:11.776  2919  2919 W display : release fence dup failed: Bad file descriptor
07-01 07:03:11.810  2919  2919 W display : release fence dup failed: Bad file descriptor
07-01 07:03:11.863  2919  2919 W display : release fence dup failed: Bad file descriptor
07-01 07:03:11.897  2919  2919 W display : release fence dup failed: Bad file descriptor
07-01 07:03:11.931  2919  2919 W display : release fence dup failed: Bad file descriptor
07-01 07:03:11.964  2919  2919 W display : release fence dup failed: Bad file descriptor
07-01 07:03:11.981  2919  2919 W display : release fence dup failed: Bad file descriptor
07-01 07:03:12.014  2919  2919 W display : release fence dup failed: Bad file descriptor
07-01 07:03:12.066  2919  2919 W display : release fence dup failed: Bad file descriptor
07-01 07:03:12.082  2919  2919 W display : release fence dup failed: Bad file descriptor
07-01 07:03:12.116  2919  2919 W display : release fence dup failed: Bad file descriptor
07-01 07:03:12.167  2919  2919 W display : release fence dup failed: Bad file descriptor
07-01 07:03:12.184  2919  2919 W display : release fence dup failed: Bad file descriptor
07-01 07:03:12.218  2919  2919 W display : release fence dup failed: Bad file descriptor
07-01 07:03:12.251  2919  2919 W display : release fence dup failed: Bad file descriptor
07-01 07:03:12.286  2919  2919 W display : release fence dup failed: Bad file descriptor
07-01 07:03:12.320  2919  2919 W display : release fence dup failed: Bad file descriptor
07-01 07:03:12.354  2919  2919 W display : release fence dup failed: Bad file descriptor
07-01 07:03:12.388  2919  2919 W display : release fence dup failed: Bad file descriptor
07-01 07:03:12.421  2919  2919 W display : release fence dup failed: Bad file descriptor
07-01 07:03:12.455  2919  2919 W display : release fence dup failed: Bad file descriptor
07-01 07:03:12.489  2919  2919 W display : release fence dup failed: Bad file descriptor
07-01 07:03:12.522  2919  2919 W display : release fence dup failed: Bad file descriptor
07-01 07:03:12.557  2919  2919 W display : release fence dup failed: Bad file descriptor
07-01 07:03:12.591  2919  2919 W display : release fence dup failed: Bad file descriptor
07-01 07:03:12.624  2919  2919 W display : release fence dup failed: Bad file descriptor
07-01 07:03:12.659  2919  2919 W display : release fence dup failed: Bad file descriptor
07-01 07:03:12.692  2919  2919 W display : release fence dup failed: Bad file descriptor
07-01 07:03:12.726  2919  2919 W display : release fence dup failed: Bad file descriptor
07-01 07:03:12.733  4420  4420 E Zygote  : Exit zygote because system server (4691) has terminated
07-01 07:03:12.760  2919  2919 W display : release fence dup failed: Bad file descriptor
07-01 07:03:12.767  2918  2918 I ServiceManager: service 'media.radio' died
07-01 07:03:12.767  2918  2918 I ServiceManager: service 'media.sound_trigger_hw' died
07-01 07:03:12.767  2918  2918 I ServiceManager: service 'media.audio_flinger' died
07-01 07:03:12.767  2918  2918 I ServiceManager: service 'media.player' died
07-01 07:03:12.767  2918  2918 I ServiceManager: service 'media.resource_manager' died
07-01 07:03:12.767  2918  2918 I ServiceManager: service 'media.camera' died
07-01 07:03:12.767  2918  2918 I ServiceManager: service 'media.audio_policy' died
07-01 07:03:12.793  2919  2919 W display : release fence dup failed: Bad file descriptor
07-01 07:03:12.810  2919  2919 W display : release fence dup failed: Bad file descriptor
07-01 07:03:12.844  2919  2919 W display : release fence dup failed: Bad file descriptor
07-01 07:03:12.878  2919  2919 W display : release fence dup failed: Bad file descriptor
07-01 07:03:12.912  2919  2919 W display : release fence dup failed: Bad file descriptor
07-01 07:03:12.937  4735  4735 I Netd    : Netd 1.0 starting
07-01 07:03:12.937  4735  4735 I QtiConnectivityAdapter: Failed to open libconnctrl, some features may not be present.
07-01 07:03:12.937  4735  4735 D TetherController: Setting IP forward enable = 0
07-01 07:03:12.939  4733  4733 I mediaserver: ServiceManager: 0xf618e120
07-01 07:03:12.939  4733  4733 I AudioFlinger: Using default 3000 mSec as standby time.
07-01 07:03:12.939  3073  3073 W auditd  : type=1325 audit(0.0:613): table=filter family=2 entries=52
07-01 07:03:12.943  4733  4733 E BatteryNotifier: batterystats service unavailable!
07-01 07:03:12.943  4733  4733 E BatteryNotifier: batterystats service unavailable!
07-01 07:03:12.939  3073  3073 W auditd  : type=1320 audit(0.0:613): 
07-01 07:03:12.944  4733  4733 I CameraService: CameraService started (pid=4733)
07-01 07:03:12.944  4733  4733 I CameraService: CameraService process starting
07-01 07:03:12.944  4733  4733 E BatteryNotifier: batterystats service unavailable!
07-01 07:03:12.944  4733  4733 E BatteryNotifier: batterystats service unavailable!
07-01 07:03:12.944  4733  4733 E CameraService: Could not load camera HAL module: -2 (No such file or directory)
07-01 07:03:12.944  4733  4733 I AudioPolicyService: AudioPolicyService CSTOR in new mode
07-01 07:03:12.945  4733  4733 I APM::ConfigParsingUtils: loadAudioPolicyConfig() loaded /system/etc/audio_policy.conf
07-01 07:03:12.946  2919  2919 W display : release fence dup failed: Bad file descriptor
07-01 07:03:12.949  3073  3073 W auditd  : type=1325 audit(0.0:614): table=filter family=10 entries=55
07-01 07:03:12.949  3073  3073 W auditd  : type=1320 audit(0.0:614): 
07-01 07:03:12.980  2919  2919 W display : release fence dup failed: Bad file descriptor
07-01 07:03:12.979  3073  3073 W auditd  : type=1325 audit(0.0:615): table=filter family=2 entries=51
07-01 07:03:12.979  3073  3073 W auditd  : type=1320 audit(0.0:615): 
07-01 07:03:12.996  4732  4732 D AndroidRuntime: >>>>>> START com.android.internal.os.ZygoteInit uid 0 <<<<<<
07-01 07:03:12.998  4732  4732 D AndroidRuntime: CheckJNI is ON
07-01 07:03:12.998  4732  4732 I art     : option[0]=-Xzygote
07-01 07:03:12.998  4732  4732 I art     : option[1]=-Xcheck:jni
07-01 07:03:12.998  4732  4732 I art     : option[2]=-Xstacktracefile:/data/anr/traces.txt
07-01 07:03:12.998  4732  4732 I art     : option[3]=exit
07-01 07:03:12.998  4732  4732 I art     : option[4]=vfprintf
07-01 07:03:12.989  3073  3073 W auditd  : type=1325 audit(0.0:616): table=filter family=10 entries=54
07-01 07:03:12.998  4732  4732 I art     : option[5]=sensitiveThread
07-01 07:03:12.998  4732  4732 I art     : option[6]=-verbose:gc
07-01 07:03:12.989  3073  3073 W auditd  : type=1320 audit(0.0:616): 
07-01 07:03:12.998  4732  4732 I art     : option[7]=-Xms8m
07-01 07:03:12.998  4732  4732 I art     : option[8]=-Xmx512m
07-01 07:03:12.998  4732  4732 I art     : option[9]=-XX:HeapGrowthLimit=256m
07-01 07:03:12.998  4732  4732 I art     : option[10]=-XX:HeapMinFree=2m
07-01 07:03:12.998  4732  4732 I art     : option[11]=-XX:HeapMaxFree=8m
07-01 07:03:12.998  4732  4732 I art     : option[12]=-XX:HeapTargetUtilization=0.75
07-01 07:03:12.998  4732  4732 I art     : option[13]=-Xusejit:true
07-01 07:03:12.998  4732  4732 I art     : option[14]=-agentlib:jdwp=transport=dt_android_adb,suspend=n,server=y
07-01 07:03:12.998  4732  4732 I art     : option[15]=-Xlockprofthreshold:500
07-01 07:03:12.998  4732  4732 I art     : option[16]=-Ximage-compiler-option
07-01 07:03:12.998  4732  4732 I art     : option[17]=--runtime-arg
07-01 07:03:12.998  4732  4732 I art     : option[18]=-Ximage-compiler-option
07-01 07:03:12.998  4732  4732 I art     : option[19]=-Xms64m
07-01 07:03:12.998  4732  4732 I art     : option[20]=-Ximage-compiler-option
07-01 07:03:12.998  4732  4732 I art     : option[21]=--runtime-arg
07-01 07:03:12.998  4732  4732 I art     : option[22]=-Ximage-compiler-option
07-01 07:03:12.998  4732  4732 I art     : option[23]=-Xmx64m
07-01 07:03:12.998  4732  4732 I art     : option[24]=-Ximage-compiler-option
07-01 07:03:12.998  4732  4732 I art     : option[25]=--compiler-filter=verify-at-runtime
07-01 07:03:12.998  4732  4732 I art     : option[26]=-Ximage-compiler-option
07-01 07:03:12.998  4732  4732 I art     : option[27]=--image-classes=/system/etc/preloaded-classes
07-01 07:03:12.998  4732  4732 I art     : option[28]=-Xcompiler-option
07-01 07:03:12.998  4732  4732 I art     : option[29]=--runtime-arg
07-01 07:03:12.999  4732  4732 I art     : option[30]=-Xcompiler-option
07-01 07:03:12.999  4732  4732 I art     : option[31]=-Xms64m
07-01 07:03:12.999  4732  4732 I art     : option[32]=-Xcompiler-option
07-01 07:03:12.999  4732  4732 I art     : option[33]=--runtime-arg
07-01 07:03:12.999  4732  4732 I art     : option[34]=-Xcompiler-option
07-01 07:03:12.999  4732  4732 I art     : option[35]=-Xmx512m
07-01 07:03:12.999  4732  4732 I art     : option[36]=-Xcompiler-option
07-01 07:03:12.999  4732  4732 I art     : option[37]=--compiler-filter=verify-at-runtime
07-01 07:03:12.999  4732  4732 I art     : option[38]=-Ximage-compiler-option
07-01 07:03:12.999  4732  4732 I art     : option[39]=--instruction-set-variant=generic
07-01 07:03:12.999  4732  4732 I art     : option[40]=-Xcompiler-option
07-01 07:03:12.999  4732  4732 I art     : option[41]=--instruction-set-variant=generic
07-01 07:03:12.999  4732  4732 I art     : option[42]=-Ximage-compiler-option
07-01 07:03:12.999  3073  3073 W auditd  : type=1325 audit(0.0:617): table=filter family=2 entries=50
07-01 07:03:12.999  4732  4732 I art     : option[43]=--instruction-set-features=default
07-01 07:03:12.999  4732  4732 I art     : option[44]=-Xcompiler-option
07-01 07:03:12.999  3073  3073 W auditd  : type=1320 audit(0.0:617): 
07-01 07:03:12.999  4732  4732 I art     : option[45]=--instruction-set-features=default
07-01 07:03:12.999  4732  4732 I art     : option[46]=-Duser.locale=en-US
07-01 07:03:12.999  4732  4732 I art     : option[47]=--cpu-abilist=arm64-v8a,armeabi
07-01 07:03:12.999  4732  4732 I art     : option[48]=-Xfingerprint:samsung/cm_hero2ltexx/hero2ltexx:6.0.1/MOB30M/37c7bd59b5:eng/test-keys
07-01 07:03:12.999  3073  3073 W auditd  : type=1325 audit(0.0:618): table=filter family=10 entries=53
07-01 07:03:12.999  3073  3073 W auditd  : type=1320 audit(0.0:618): 
07-01 07:03:12.999  3073  3073 W auditd  : type=1325 audit(0.0:619): table=filter family=2 entries=48
07-01 07:03:13.014  2919  2919 W display : release fence dup failed: Bad file descriptor
07-01 07:03:12.999  3073  3073 W auditd  : type=1320 audit(0.0:619): 
07-01 07:03:13.009  3073  3073 W auditd  : type=1325 audit(0.0:620): table=filter family=10 entries=51
07-01 07:03:13.009  3073  3073 W auditd  : type=1320 audit(0.0:620): 
07-01 07:03:13.009  3073  3073 W auditd  : type=1325 audit(0.0:621): table=filter family=2 entries=50
07-01 07:03:13.009  3073  3073 W auditd  : type=1320 audit(0.0:621): 
07-01 07:03:13.025  4732  4732 D ICU     : No timezone override file found: /data/misc/zoneinfo/current/icu/icu_tzdata.dat
07-01 07:03:13.019  3073  3073 W auditd  : type=1325 audit(0.0:622): table=filter family=10 entries=53
07-01 07:03:13.019  3073  3073 W auditd  : type=1320 audit(0.0:622): 
07-01 07:03:13.048  2919  2919 W display : release fence dup failed: Bad file descriptor
07-01 07:03:13.081  2919  2919 W display : release fence dup failed: Bad file descriptor
07-01 07:03:13.115  2919  2919 W display : release fence dup failed: Bad file descriptor
07-01 07:03:13.149  2919  2919 W display : release fence dup failed: Bad file descriptor
07-01 07:03:13.155  4732  4732 I Radio-JNI: register_android_hardware_Radio DONE
07-01 07:03:13.183  2919  2919 W display : release fence dup failed: Bad file descriptor
07-01 07:03:13.199  4732  4732 I SamplingProfilerIntegration: Profiling disabled.
07-01 07:03:13.199  4732  4732 D Zygote  : begin preload
07-01 07:03:13.201  4732  4732 I Zygote  : Preloading classes...
07-01 07:03:13.217  2919  2919 W display : release fence dup failed: Bad file descriptor
07-01 07:03:13.251  2919  2919 W display : release fence dup failed: Bad file descriptor
07-01 07:03:13.285  2919  2919 W display : release fence dup failed: Bad file descriptor
07-01 07:03:13.319  2919  2919 W display : release fence dup failed: Bad file descriptor
07-01 07:03:13.353  2919  2919 W display : release fence dup failed: Bad file descriptor
07-01 07:03:13.387  2919  2919 W display : release fence dup failed: Bad file descriptor
07-01 07:03:13.421  2919  2919 W display : release fence dup failed: Bad file descriptor
07-01 07:03:13.454  2919  2919 W display : release fence dup failed: Bad file descriptor
07-01 07:03:13.488  2919  2919 W display : release fence dup failed: Bad file descriptor
07-01 07:03:13.491  4733  4733 E audio_route: Failed to open /system/etc/mixer_paths.xml
07-01 07:03:13.496  4733  4733 I AudioFlinger: loadHwModule() Loaded primary audio interface from Samsung audio HW HAL (audio) handle 1
07-01 07:03:13.496  4733  4733 I AudioFlinger: openOutput(), module 1 Device 2, SamplingRate 44100, Format 0x000001, Channels 3, flags 2
07-01 07:03:13.496  4733  4733 I AudioFlinger: AudioStreamOut::open(), mHalFormatIsLinearPcm = 1
07-01 07:03:13.496  4733  4733 I AudioFlinger: HAL output buffer size 256 frames, normal sink buffer size 960 frames
07-01 07:03:13.498  4733  4733 I BufferProvider: found effect "Multichannel Downmix To Stereo" from The Android Open Source Project
07-01 07:03:13.498  4733  4733 E MonoPipe: Failed to fetch local time frequency when constructing a MonoPipe (res = -32).  getNextWriteTimestamp calls will be non-functional
07-01 07:03:13.499  4733  4733 I AudioFlinger: Using module 1 has the primary audio interface
07-01 07:03:13.499  4733  4858 I AudioFlinger: AudioFlinger's thread 0xf4680000 ready to run
07-01 07:03:13.499  4733  4858 V audio_hw_primary: do_out_standby: output standby: 1
07-01 07:03:13.499  4733  4858 V audio_hw_primary: out_set_parameters: key value pairs: routing=2
07-01 07:03:13.499  4733  4858 E AudioFlinger: no wake lock to update!
07-01 07:03:13.500  4733  4733 V audio_hw_primary: adev_open_input_stream: Created resampler converting 48000 -> 16000
07-01 07:03:13.500  4733  4733 V audio_hw_primary: adev_open_input_stream: Requesting input stream with rate: 16000, channels: 0xc
07-01 07:03:13.501  4733  4859 I AudioFlinger: AudioFlinger's thread 0xf42c0000 ready to run
07-01 07:03:13.501  4733  4733 I r_submix: adev_open(name=audio_hw_if)
07-01 07:03:13.501  4733  4733 I r_submix: adev_init_check()
07-01 07:03:13.501  4733  4733 I AudioFlinger: loadHwModule() Loaded r_submix audio interface from Wifi Display audio HAL (audio) handle 4
07-01 07:03:13.501  4733  4733 D r_submix: adev_open_input_stream(addr=0)
07-01 07:03:13.501  4733  4733 D r_submix: submix_audio_device_create_pipe_l(addr=0, idx=9)
07-01 07:03:13.501  4733  4733 D r_submix:   now using address 0 for route 9
07-01 07:03:13.502  4733  4861 I AudioFlinger: AudioFlinger's thread 0xf42c0000 ready to run
07-01 07:03:13.502  4733  4733 D r_submix: adev_close_input_stream()
07-01 07:03:13.502  4733  4733 D r_submix: submix_audio_device_release_pipe_l(idx=9) addr=0
07-01 07:03:13.502  4733  4733 D r_submix: submix_audio_device_destroy_pipe_l(): pipe destroyed
07-01 07:03:13.502  4733  4733 E SoundTriggerHwService: couldn't load sound trigger module sound_trigger.primary (No such file or directory)
07-01 07:03:13.502  4733  4733 I RadioService: RadioService
07-01 07:03:13.503  4733  4733 I RadioService: onFirstRef
07-01 07:03:13.503  4733  4733 E RadioService: couldn't load radio module radio.primary (No such file or directory)
07-01 07:03:13.522  2919  2919 W display : release fence dup failed: Bad file descriptor
07-01 07:03:13.554  4732  4732 E Minikin : addFont failed to create font /system/fonts/NanumGothic.ttf
07-01 07:03:13.554  4732  4732 E Minikin : addFont failed to create font /system/fonts/DroidSansFallback.ttf
07-01 07:03:13.554  4732  4732 E Minikin : addFont failed to create font /system/fonts/MTLmr3m.ttf
07-01 07:03:13.556  2919  2919 W display : release fence dup failed: Bad file descriptor
07-01 07:03:13.590  2919  2919 W display : release fence dup failed: Bad file descriptor
07-01 07:03:13.624  2919  2919 W display : release fence dup failed: Bad file descriptor
07-01 07:03:13.638  4732  4732 V DngCreator_JNI: DngCreator_nativeClassInit:
07-01 07:03:13.678  2919  2919 W display : release fence dup failed: Bad file descriptor
07-01 07:03:13.691  2919  2919 W display : release fence dup failed: Bad file descriptor
07-01 07:03:13.726  2919  2919 W display : release fence dup failed: Bad file descriptor
07-01 07:03:13.760  2919  2919 W display : release fence dup failed: Bad file descriptor
07-01 07:03:13.794  2919  2919 W display : release fence dup failed: Bad file descriptor
07-01 07:03:13.828  2919  2919 W display : release fence dup failed: Bad file descriptor
07-01 07:03:13.850  4735  4735 V NatController: runCmd(/system/bin/iptables -w -F natctrl_FORWARD) res=0
07-01 07:03:13.856  4735  4735 V NatController: runCmd(/system/bin/iptables -w -A natctrl_FORWARD -j DROP) res=0
07-01 07:03:13.861  4735  4735 V NatController: runCmd(/system/bin/iptables -w -t nat -F natctrl_nat_POSTROUTING) res=0
07-01 07:03:13.861  2919  2919 W display : release fence dup failed: Bad file descriptor
07-01 07:03:13.867  4735  4735 V NatController: runCmd(/system/bin/iptables -w -F natctrl_tether_counters) res=0
07-01 07:03:13.872  4735  4735 V NatController: runCmd(/system/bin/iptables -w -X natctrl_tether_counters) res=0
07-01 07:03:13.877  4735  4735 V NatController: runCmd(/system/bin/iptables -w -N natctrl_tether_counters) res=0
07-01 07:03:13.882  4735  4735 V NatController: runCmd(/system/bin/iptables -w -t mangle -A natctrl_mangle_FORWARD -p tcp --tcp-flags SYN SYN -j TCPMSS --clamp-mss-to-pmtu) res=0
07-01 07:03:13.895  2919  2919 W display : release fence dup failed: Bad file descriptor
07-01 07:03:13.929  2919  2919 W display : release fence dup failed: Bad file descriptor
07-01 07:03:13.949  3073  3073 W auditd  : type=1325 audit(0.0:808): table=filter family=10 entries=53
07-01 07:03:13.949  3073  3073 W auditd  : type=1320 audit(0.0:808): 
07-01 07:03:13.949  3073  3073 W auditd  : type=1325 audit(0.0:809): table=raw family=2 entries=9
07-01 07:03:13.949  3073  3073 W auditd  : type=1320 audit(0.0:809): 
07-01 07:03:13.963  2919  2919 W display : release fence dup failed: Bad file descriptor
07-01 07:03:13.959  3073  3073 W auditd  : type=1325 audit(0.0:810): table=raw family=10 entries=9
07-01 07:03:13.959  3073  3073 W auditd  : type=1320 audit(0.0:810): 
07-01 07:03:13.959  3073  3073 W auditd  : type=1325 audit(0.0:811): table=mangle family=2 entries=16
07-01 07:03:13.959  3073  3073 W auditd  : type=1320 audit(0.0:811): 
07-01 07:03:13.969  3073  3073 W auditd  : type=1325 audit(0.0:812): table=mangle family=10 entries=12
07-01 07:03:13.969  3073  3073 W auditd  : type=1320 audit(0.0:812): 
07-01 07:03:13.969  3073  3073 W auditd  : type=1325 audit(0.0:813): table=filter family=2 entries=49
07-01 07:03:13.969  3073  3073 W auditd  : type=1320 audit(0.0:813): 
07-01 07:03:13.979  3073  3073 W auditd  : type=1325 audit(0.0:814): table=filter family=10 entries=52
07-01 07:03:13.979  3073  3073 W auditd  : type=1320 audit(0.0:814): 
07-01 07:03:13.979  3073  3073 W auditd  : type=1325 audit(0.0:815): table=filter family=2 entries=47
07-01 07:03:13.979  3073  3073 W auditd  : type=1320 audit(0.0:815): 
07-01 07:03:13.989  3073  3073 W auditd  : type=1325 audit(0.0:816): table=filter family=10 entries=50
07-01 07:03:13.989  3073  3073 W auditd  : type=1320 audit(0.0:816): 
07-01 07:03:13.997  2919  2919 W display : release fence dup failed: Bad file descriptor
07-01 07:03:13.989  3073  3073 W auditd  : type=1325 audit(0.0:817): table=filter family=2 entries=45
07-01 07:03:13.989  3073  3073 W auditd  : type=1320 audit(0.0:817): 
07-01 07:03:14.031  2919  2919 W display : release fence dup failed: Bad file descriptor
07-01 07:03:14.065  2919  2919 W display : release fence dup failed: Bad file descriptor
07-01 07:03:14.099  2919  2919 W display : release fence dup failed: Bad file descriptor
07-01 07:03:14.133  2919  2919 W display : release fence dup failed: Bad file descriptor
07-01 07:03:14.166  2919  2919 W display : release fence dup failed: Bad file descriptor
07-01 07:03:14.183  2919  2919 W display : release fence dup failed: Bad file descriptor
07-01 07:03:14.192  4735  4735 E Netd    : cannot find interface dummy0
07-01 07:03:14.195  4735  4735 D MDnsDS  : MDnsSdListener::Hander starting up
07-01 07:03:14.196  4735  4999 D MDnsDS  : MDnsSdListener starting to monitor
07-01 07:03:14.196  4735  4999 D MDnsDS  : Going to poll with pollCount 1
07-01 07:03:14.217  2919  2919 W display : release fence dup failed: Bad file descriptor
07-01 07:03:14.251  2919  2919 W display : release fence dup failed: Bad file descriptor
07-01 07:03:14.268  4732  4732 I art     : Thread[1,tid=4732,Native,Thread*=0x7f8c13ba00,peer=0x12c532e0,"main"] recursive attempt to load library "/system/lib64/libmedia_jni.so"
07-01 07:03:14.268  4732  4732 D MtpDeviceJNI: register_android_mtp_MtpDevice
07-01 07:03:14.269  4732  4732 I art     : Thread[1,tid=4732,Native,Thread*=0x7f8c13ba00,peer=0x12c532e0,"main"] recursive attempt to load library "/system/lib64/libmedia_jni.so"
07-01 07:03:14.269  4732  4732 I art     : Thread[1,tid=4732,Native,Thread*=0x7f8c13ba00,peer=0x12c532e0,"main"] recursive attempt to load library "/system/lib64/libmedia_jni.so"
07-01 07:03:14.302  2919  2919 W display : release fence dup failed: Bad file descriptor
07-01 07:03:14.336  2919  2919 W display : release fence dup failed: Bad file descriptor
07-01 07:03:14.370  2919  2919 W display : release fence dup failed: Bad file descriptor
07-01 07:03:14.387  2919  2919 W display : release fence dup failed: Bad file descriptor
07-01 07:03:14.438  2919  2919 W display : release fence dup failed: Bad file descriptor
07-01 07:03:14.472  2919  2919 W display : release fence dup failed: Bad file descriptor
07-01 07:03:14.505  2919  2919 W display : release fence dup failed: Bad file descriptor
07-01 07:03:14.522  2919  2919 W display : release fence dup failed: Bad file descriptor
07-01 07:03:14.556  2919  2919 W display : release fence dup failed: Bad file descriptor
07-01 07:03:14.590  2919  2919 W display : release fence dup failed: Bad file descriptor
07-01 07:03:14.624  2919  2919 W display : release fence dup failed: Bad file descriptor
07-01 07:03:14.675  2919  2919 W display : release fence dup failed: Bad file descriptor
07-01 07:03:14.692  2919  2919 W display : release fence dup failed: Bad file descriptor
07-01 07:03:14.713  4732  4732 W System  : ClassLoader referenced unknown path: /system/framework/tcmclient.jar
07-01 07:03:14.726  2919  2919 W display : release fence dup failed: Bad file descriptor
07-01 07:03:14.777  2919  2919 W display : release fence dup failed: Bad file descriptor
07-01 07:03:14.794  2919  2919 W display : release fence dup failed: Bad file descriptor
07-01 07:03:14.845  2919  2919 W display : release fence dup failed: Bad file descriptor
07-01 07:03:14.878  2919  2919 W display : release fence dup failed: Bad file descriptor
07-01 07:03:14.895  2919  2919 W display : release fence dup failed: Bad file descriptor
07-01 07:03:14.946  2919  2919 W display : release fence dup failed: Bad file descriptor
07-01 07:03:14.963  2919  2919 W display : release fence dup failed: Bad file descriptor
07-01 07:03:14.997  2919  2919 W display : release fence dup failed: Bad file descriptor
07-01 07:03:15.008  4732  4732 I System  : Loaded time zone names for "" in 19ms (17ms in ICU)
07-01 07:03:15.031  2919  2919 W display : release fence dup failed: Bad file descriptor
07-01 07:03:15.039  4732  4732 I System  : Loaded time zone names for "en_US" in 31ms (11ms in ICU)
07-01 07:03:15.065  2919  2919 W display : release fence dup failed: Bad file descriptor
07-01 07:03:15.098  2919  2919 W display : release fence dup failed: Bad file descriptor
07-01 07:03:15.132  2919  2919 W display : release fence dup failed: Bad file descriptor
07-01 07:03:15.166  2919  2919 W display : release fence dup failed: Bad file descriptor
07-01 07:03:15.187  4732  4732 I Zygote  : ...preloaded 3831 classes in 1986ms.
07-01 07:03:15.187  4732  4732 I art     : VMRuntime.preloadDexCaches starting
07-01 07:03:15.200  2919  2919 W display : release fence dup failed: Bad file descriptor
07-01 07:03:15.217  4732  4732 I art     : VMRuntime.preloadDexCaches strings total=248969 before=10083 after=10083
07-01 07:03:15.217  4732  4732 I art     : VMRuntime.preloadDexCaches types total=20332 before=8245 after=9836
07-01 07:03:15.217  4732  4732 I art     : VMRuntime.preloadDexCaches fields total=100378 before=35761 after=47726
07-01 07:03:15.217  4732  4732 I art     : VMRuntime.preloadDexCaches methods total=172817 before=67604 after=83308
07-01 07:03:15.217  4732  4732 I art     : VMRuntime.preloadDexCaches finished
07-01 07:03:15.229  5003  5003 D idmap   : error: no read access to /vendor/overlay: No such file or directory
07-01 07:03:15.232  4732  4732 I Zygote  : Preloading resources...
07-01 07:03:15.235  2919  2919 W display : release fence dup failed: Bad file descriptor
07-01 07:03:15.285  2919  2919 W display : release fence dup failed: Bad file descriptor
07-01 07:03:15.302  2919  2919 W display : release fence dup failed: Bad file descriptor
07-01 07:03:15.337  2919  2919 W display : release fence dup failed: Bad file descriptor
07-01 07:03:15.370  2919  2919 W display : release fence dup failed: Bad file descriptor
07-01 07:03:15.404  2919  2919 W display : release fence dup failed: Bad file descriptor
07-01 07:03:15.437  2919  2919 W display : release fence dup failed: Bad file descriptor
07-01 07:03:15.471  2919  2919 W display : release fence dup failed: Bad file descriptor
07-01 07:03:15.488  2919  2919 W display : release fence dup failed: Bad file descriptor
07-01 07:03:15.522  2919  2919 W display : release fence dup failed: Bad file descriptor
07-01 07:03:15.556  2919  2919 W display : release fence dup failed: Bad file descriptor
07-01 07:03:15.587  4732  4732 I Zygote  : ...preloaded 342 resources in 355ms.
07-01 07:03:15.595  4732  4732 I Zygote  : ...preloaded 41 resources in 9ms.
07-01 07:03:15.601  4732  4732 D libEGL  : loaded /vendor/lib64/egl/libGLES_mali.so
07-01 07:03:15.607  2919  2919 W display : release fence dup failed: Bad file descriptor
07-01 07:03:15.607  4732  4732 I Zygote  : Preloading shared libraries...
07-01 07:03:15.613  4732  4732 D Zygote  : end preload
07-01 07:03:15.614  4732  4732 I art     : Starting a blocking GC Explicit
07-01 07:03:15.623  4732  4732 I art     : Explicit concurrent mark sweep GC freed 7725(301KB) AllocSpace objects, 0(0B) LOS objects, 35% free, 29MB/45MB, paused 82us total 9.633ms
07-01 07:03:15.624  2919  2919 W display : release fence dup failed: Bad file descriptor
07-01 07:03:15.630  4732  4732 I art     : Starting a blocking GC Explicit
07-01 07:03:15.639  4732  4732 I art     : Explicit concurrent mark sweep GC freed 1917(92KB) AllocSpace objects, 0(0B) LOS objects, 35% free, 28MB/44MB, paused 44us total 8.865ms
07-01 07:03:15.640  4732  4760 I art     : Starting a blocking GC HeapTrim
07-01 07:03:15.642  4732  4732 I art     : Starting a blocking GC Background
07-01 07:03:15.658  2919  2919 W display : release fence dup failed: Bad file descriptor
07-01 07:03:15.689  4732  4732 I Zygote  : System server process 5004 has been created
07-01 07:03:15.691  4732  4732 I Zygote  : Accepting command socket connections
07-01 07:03:15.692  2919  2919 W display : release fence dup failed: Bad file descriptor
07-01 07:03:15.706  5004  5004 I Zygote  : Process: zygote socket opened, supported ABIS: armeabi-v7a,armeabi
07-01 07:03:15.707  5004  5004 I InstallerConnection: connecting...
07-01 07:03:15.707  2933  2933 I installd: new connection
07-01 07:03:15.709  5004  5004 I InstallerConnection: disconnecting...
07-01 07:03:15.709  2933  2933 E installd: eof
07-01 07:03:15.709  2933  2933 E installd: failed to read size
07-01 07:03:15.709  2933  2933 I installd: closing connection
07-01 07:03:15.725  2919  2919 W display : release fence dup failed: Bad file descriptor
07-01 07:03:15.743  5004  5004 I SystemServer: Entered the Android system server!
07-01 07:03:15.760  2919  2919 W display : release fence dup failed: Bad file descriptor
07-01 07:03:15.782  5004  5004 I SystemServiceManager: Starting com.android.server.pm.Installer
07-01 07:03:15.783  5004  5004 I Installer: Waiting for installd to be ready.
07-01 07:03:15.784  5004  5004 I InstallerConnection: connecting...
07-01 07:03:15.784  2933  2933 I installd: new connection
07-01 07:03:15.784  5004  5004 I SystemServiceManager: Starting com.android.server.am.ActivityManagerService$Lifecycle
07-01 07:03:15.793  2919  2919 W display : release fence dup failed: Bad file descriptor
07-01 07:03:15.827  2919  2919 W display : release fence dup failed: Bad file descriptor
07-01 07:03:15.854  5004  5004 I XXXXXX  : choosing minFree values for 64 Bit
07-01 07:03:15.854  5004  5004 I XXXXXX  : choosing minFree values for 64 Bit
07-01 07:03:15.854  5004  5004 I XXXXXX  : choosing minFree values for 64 Bit
07-01 07:03:15.854  5004  5004 I XXXXXX  : choosing minFree values for 64 Bit
07-01 07:03:15.854  5004  5004 I XXXXXX  : choosing minFree values for 64 Bit
07-01 07:03:15.854  5004  5004 I XXXXXX  : choosing minFree values for 64 Bit
07-01 07:03:15.860  5004  5004 I ActivityManager: Memory class: 256
07-01 07:03:15.861  5004  5018 I ServiceThread: Enabled StrictMode logging for ActivityManager looper.
07-01 07:03:15.861  2919  2919 W display : release fence dup failed: Bad file descriptor
07-01 07:03:15.865  5004  5019 I ServiceThread: Enabled StrictMode logging for android.ui looper.
07-01 07:03:15.895  2919  2919 W display : release fence dup failed: Bad file descriptor
07-01 07:03:15.925  5004  5004 D BatteryStatsImpl: Reading daily items from /data/system/batterystats-daily.xml
07-01 07:03:15.929  2919  2919 W display : release fence dup failed: Bad file descriptor
07-01 07:03:15.955  5004  5004 I AppOps  : No existing app ops /data/system/appops.xml; starting empty
07-01 07:03:15.963  2919  2919 W display : release fence dup failed: Bad file descriptor
07-01 07:03:15.997  2919  2919 W display : release fence dup failed: Bad file descriptor
07-01 07:03:16.011  5004  5004 I IntentFirewall: Read new rules (A:0 B:0 S:0)
07-01 07:03:16.030  5004  5023 I ServiceThread: Enabled StrictMode logging for android.display looper.
07-01 07:03:16.035  5004  5004 D AppOps  : AppOpsService published
07-01 07:03:16.035  5004  5004 I SystemServiceManager: Starting com.android.server.power.PowerManagerService
07-01 07:03:16.038  5004  5025 I ServiceThread: Enabled StrictMode logging for PowerManagerService looper.
07-01 07:03:16.038  5004  5004 W libsuspend: Error writing 'on' to /sys/power/state: Invalid argument
07-01 07:03:16.038  5004  5004 I libsuspend: Selected wakeup count
07-01 07:03:16.041  5004  5004 I SystemServiceManager: Starting com.android.server.lights.LightsService
07-01 07:03:16.043  5004  5004 I SystemServiceManager: Starting com.android.server.display.DisplayManagerService
07-01 07:03:16.048  2919  2919 W display : release fence dup failed: Bad file descriptor
07-01 07:03:16.049  5004  5004 I SystemServiceManager: Starting phase 100
07-01 07:03:16.052  2919  2964 E SurfaceFlinger: getDefaultDisplay: id=2 is not a valid default display id
07-01 07:03:16.053  5004  5023 I DisplayManagerService: Display device added: DisplayDeviceInfo{"Built-in Screen": uniqueId="local:0", 1440 x 2560, modeId 1, defaultModeId 1, supportedModes [{id=1, width=1440, height=2560, fps=59.0}], colorTransformId 1, defaultColorTransformId 1, supportedColorTransforms [{id=1, colorTransform=-22}], density 640, 537.882 x 532.983 dpi, appVsyncOff 0, presDeadline 17949152, touch INTERNAL, rotation 0, type BUILT_IN, state UNKNOWN, FLAG_DEFAULT_DISPLAY, FLAG_ROTATES_WITH_CONTENT, FLAG_SECURE, FLAG_SUPPORTS_PROTECTED_BUFFERS}
07-01 07:03:16.055  2919  2919 D SurfaceFlinger: Set power mode=2, type=0 flinger=0x7f8ae03c00
07-01 07:03:16.055  2919  2919 D SurfaceFlinger: Screen type=0 is already mode=2
07-01 07:03:16.056  5004  5023 I DisplayManagerService: Display device changed state: "Built-in Screen", ON
07-01 07:03:16.056  5004  5004 I SystemServer: Package Manager
07-01 07:03:16.082  2919  2919 W display : release fence dup failed: Bad file descriptor
07-01 07:03:16.116  2919  2919 W display : release fence dup failed: Bad file descriptor
07-01 07:03:16.123  5004  5004 W SELinuxMMAC: Error opening /data/system/seapp_hash. Assuming first boot.
07-01 07:03:16.150  2919  2919 W display : release fence dup failed: Bad file descriptor
07-01 07:03:16.154  5004  5004 W SystemConfig: No directory /system/etc/sysconfig, skipping
07-01 07:03:16.184  2919  2919 W display : release fence dup failed: Bad file descriptor
07-01 07:03:16.200  2919  2919 W display : release fence dup failed: Bad file descriptor
07-01 07:03:16.230  5004  5004 D SELinuxMMAC: Using policy file /system/etc/security/mac_permissions.xml
07-01 07:03:16.234  2919  2919 W display : release fence dup failed: Bad file descriptor
07-01 07:03:16.268  2919  2919 W display : release fence dup failed: Bad file descriptor
07-01 07:03:16.302  2919  2919 W display : release fence dup failed: Bad file descriptor
07-01 07:03:16.336  2919  2919 W display : release fence dup failed: Bad file descriptor
07-01 07:03:16.370  2919  2919 W display : release fence dup failed: Bad file descriptor
07-01 07:03:16.404  2919  2919 W display : release fence dup failed: Bad file descriptor
07-01 07:03:16.438  2919  2919 W display : release fence dup failed: Bad file descriptor
07-01 07:03:16.472  2919  2919 W display : release fence dup failed: Bad file descriptor
07-01 07:03:16.506  2919  2919 W display : release fence dup failed: Bad file descriptor
07-01 07:03:16.539  2919  2919 W display : release fence dup failed: Bad file descriptor
07-01 07:03:16.573  2919  2919 W display : release fence dup failed: Bad file descriptor
07-01 07:03:16.608  2919  2919 W display : release fence dup failed: Bad file descriptor
07-01 07:03:16.641  2919  2919 W display : release fence dup failed: Bad file descriptor
07-01 07:03:16.675  2919  2919 W display : release fence dup failed: Bad file descriptor
07-01 07:03:16.709  2919  2919 W display : release fence dup failed: Bad file descriptor
07-01 07:03:16.743  2919  2919 W display : release fence dup failed: Bad file descriptor
07-01 07:03:16.777  2919  2919 W display : release fence dup failed: Bad file descriptor
07-01 07:03:16.810  2919  2919 W display : release fence dup failed: Bad file descriptor
07-01 07:03:16.844  2919  2919 W display : release fence dup failed: Bad file descriptor
07-01 07:03:16.879  2919  2919 W display : release fence dup failed: Bad file descriptor
07-01 07:03:16.913  2919  2919 W display : release fence dup failed: Bad file descriptor
07-01 07:03:16.927  5004  5004 E art     : DexFile_getDexOptNeeded file '/system/framework/org.apache.http.legacy.jar' does not exist
07-01 07:03:16.928  5004  5004 W PackageManager: Library not found: /system/framework/org.apache.http.legacy.jar
07-01 07:03:16.928  5004  5004 E art     : DexFile_getDexOptNeeded file '/system/framework/com.android.nfc_extras.jar' does not exist
07-01 07:03:16.928  5004  5004 W PackageManager: Library not found: /system/framework/com.android.nfc_extras.jar
07-01 07:03:16.929  5004  5004 E art     : DexFile_getDexOptNeeded file '/system/framework/org.apache.http.legacy.jar' does not exist
07-01 07:03:16.929  5004  5004 W PackageManager: Library not found: /system/framework/org.apache.http.legacy.jar
07-01 07:03:16.929  5004  5004 E art     : DexFile_getDexOptNeeded file '/system/framework/com.android.nfc_extras.jar' does not exist
07-01 07:03:16.929  5004  5004 W PackageManager: Library not found: /system/framework/com.android.nfc_extras.jar
07-01 07:03:16.945  5004  5004 D PackageManager: No files in app dir /vendor/overlay
07-01 07:03:16.946  2919  2919 W display : release fence dup failed: Bad file descriptor
07-01 07:03:16.963  2919  2919 W display : release fence dup failed: Bad file descriptor
07-01 07:03:17.014  2919  2919 W display : release fence dup failed: Bad file descriptor
07-01 07:03:17.048  2919  2919 W display : release fence dup failed: Bad file descriptor
07-01 07:03:17.082  2919  2919 W display : release fence dup failed: Bad file descriptor
07-01 07:03:17.115  2919  2919 W display : release fence dup failed: Bad file descriptor
07-01 07:03:17.132  2919  2919 W display : release fence dup failed: Bad file descriptor
07-01 07:03:17.183  2919  2919 W display : release fence dup failed: Bad file descriptor
07-01 07:03:17.200  2919  2919 W display : release fence dup failed: Bad file descriptor
07-01 07:03:17.252  2919  2919 W display : release fence dup failed: Bad file descriptor
07-01 07:03:17.285  2919  2919 W display : release fence dup failed: Bad file descriptor
07-01 07:03:17.319  2919  2919 W display : release fence dup failed: Bad file descriptor
07-01 07:03:17.353  2919  2919 W display : release fence dup failed: Bad file descriptor
07-01 07:03:17.387  2919  2919 W display : release fence dup failed: Bad file descriptor
07-01 07:03:17.421  2919  2919 W display : release fence dup failed: Bad file descriptor
07-01 07:03:17.455  2919  2919 W display : release fence dup failed: Bad file descriptor
07-01 07:03:17.489  2919  2919 W display : release fence dup failed: Bad file descriptor
07-01 07:03:17.523  2919  2919 W display : release fence dup failed: Bad file descriptor
07-01 07:03:17.557  2919  2919 W display : release fence dup failed: Bad file descriptor
07-01 07:03:17.590  2919  2919 W display : release fence dup failed: Bad file descriptor
07-01 07:03:17.607  2919  2919 W display : release fence dup failed: Bad file descriptor
07-01 07:03:17.658  2919  2919 W display : release fence dup failed: Bad file descriptor
07-01 07:03:17.692  2919  2919 W display : release fence dup failed: Bad file descriptor
07-01 07:03:17.709  2919  2919 W display : release fence dup failed: Bad file descriptor
07-01 07:03:17.760  2919  2919 W display : release fence dup failed: Bad file descriptor
07-01 07:03:17.776  2919  2919 W display : release fence dup failed: Bad file descriptor
07-01 07:03:17.811  2919  2919 W display : release fence dup failed: Bad file descriptor
07-01 07:03:17.862  2919  2919 W display : release fence dup failed: Bad file descriptor
07-01 07:03:17.878  2919  2919 W display : release fence dup failed: Bad file descriptor
07-01 07:03:17.902  5004  5004 W PackageManager: Permission android.permission.SET_KEYGUARD_WALLPAPER from package android in an unknown group android.permission-group.WALLPAPER
07-01 07:03:17.904  5004  5004 W PackageManager: Permission android.permission.MODIFY_PROTECTED_SMS_LIST from package android in an unknown group android.permission-group.MESSAGES
07-01 07:03:17.905  5004  5004 W PackageManager: Permission android.permission.RECEIVE_PROTECTED_SMS from package android in an unknown group android.permission-group.MESSAGES
07-01 07:03:17.905  5004  5004 W PackageManager: Permission android.permission.RESET_BATTERY_STATS from package android in an unknown group android.permission-group.SYSTEM_TOOLS
07-01 07:03:17.912  2919  2919 W display : release fence dup failed: Bad file descriptor
07-01 07:03:17.926  5004  5004 I PackageManager: SELinux relabeling of cyanogenmod.platform issued.
07-01 07:03:17.929  5004  5004 W PackageManager: Permission cyanogenmod.permission.WRITE_ALARMS from package cyanogenmod.platform in an unknown group android.permission-group.SYSTEM_CLOCK
07-01 07:03:17.929  5004  5004 W PackageManager: Permission cyanogenmod.permission.MANAGE_ALARMS from package cyanogenmod.platform in an unknown group android.permission-group.SYSTEM_CLOCK
07-01 07:03:17.929  5004  5004 W PackageManager: Permission cyanogenmod.permission.READ_ALARMS from package cyanogenmod.platform in an unknown group android.permission-group.SYSTEM_CLOCK
07-01 07:03:17.946  2919  2919 W display : release fence dup failed: Bad file descriptor
07-01 07:03:17.960  5004  5004 I PackageManager: SELinux relabeling of org.cyanogenmod.audiofx issued.
07-01 07:03:17.978  5004  5004 I PackageManager: SELinux relabeling of com.android.backupconfirm issued.
07-01 07:03:17.980  2919  2919 W display : release fence dup failed: Bad file descriptor
07-01 07:03:17.996  5004  5004 I PackageManager: SELinux relabeling of org.cyanogenmod.cmsettings issued.
07-01 07:03:18.014  2919  2919 W display : release fence dup failed: Bad file descriptor
07-01 07:03:18.048  2919  2919 W display : release fence dup failed: Bad file descriptor
07-01 07:03:18.063  5004  5004 I PackageManager: SELinux relabeling of com.cyanogenmod.updater issued.
07-01 07:03:18.082  2919  2919 W display : release fence dup failed: Bad file descriptor
07-01 07:03:18.085  5004  5004 I PackageManager: SELinux relabeling of com.android.providers.calendar issued.
07-01 07:03:18.103  5004  5004 I PackageManager: SELinux relabeling of com.android.calllogbackup issued.
07-01 07:03:18.116  2919  2919 W display : release fence dup failed: Bad file descriptor
07-01 07:03:18.149  2919  2919 W display : release fence dup failed: Bad file descriptor
07-01 07:03:18.183  2919  2919 W display : release fence dup failed: Bad file descriptor
07-01 07:03:18.200  5004  5004 I PackageManager: SELinux relabeling of com.android.carrierconfig issued.
07-01 07:03:18.217  2919  2919 W display : release fence dup failed: Bad file descriptor
07-01 07:03:18.227  5004  5004 I PackageManager: SELinux relabeling of com.android.cellbroadcastreceiver issued.
07-01 07:03:18.245  5004  5004 W PackageParser: No actions in intent filter at /system/priv-app/Contacts/Contacts.apk Binary XML file line #301
07-01 07:03:18.251  2919  2919 W display : release fence dup failed: Bad file descriptor
07-01 07:03:18.285  2919  2919 W display : release fence dup failed: Bad file descriptor
07-01 07:03:18.319  2919  2919 W display : release fence dup failed: Bad file descriptor
07-01 07:03:18.353  2919  2919 W display : release fence dup failed: Bad file descriptor
07-01 07:03:18.387  2919  2919 W display : release fence dup failed: Bad file descriptor
07-01 07:03:18.421  2919  2919 W display : release fence dup failed: Bad file descriptor
07-01 07:03:18.455  2919  2919 W display : release fence dup failed: Bad file descriptor
07-01 07:03:18.488  2919  2919 W display : release fence dup failed: Bad file descriptor
07-01 07:03:18.505  2919  2919 W display : release fence dup failed: Bad file descriptor
07-01 07:03:18.556  2919  2919 W display : release fence dup failed: Bad file descriptor
07-01 07:03:18.573  2919  2919 W display : release fence dup failed: Bad file descriptor
07-01 07:03:18.624  2919  2919 W display : release fence dup failed: Bad file descriptor
07-01 07:03:18.659  2919  2919 W display : release fence dup failed: Bad file descriptor
07-01 07:03:18.692  2919  2919 W display : release fence dup failed: Bad file descriptor
07-01 07:03:18.709  2919  2919 W display : release fence dup failed: Bad file descriptor
07-01 07:03:18.743  2919  2919 W display : release fence dup failed: Bad file descriptor
07-01 07:03:18.794  2919  2919 W display : release fence dup failed: Bad file descriptor
07-01 07:03:18.794  5004  5004 I PackageManager: SELinux relabeling of com.android.contacts issued.
07-01 07:03:18.822  5004  5004 I PackageManager: SELinux relabeling of com.android.providers.contacts issued.
07-01 07:03:18.827  2919  2919 W display : release fence dup failed: Bad file descriptor
07-01 07:03:18.844  2919  2919 W display : release fence dup failed: Bad file descriptor
07-01 07:03:18.896  2919  2919 W display : release fence dup failed: Bad file descriptor
07-01 07:03:18.929  2919  2919 W display : release fence dup failed: Bad file descriptor
07-01 07:03:18.946  2919  2919 W display : release fence dup failed: Bad file descriptor
07-01 07:03:18.997  2919  2919 W display : release fence dup failed: Bad file descriptor
07-01 07:03:19.031  2919  2919 W display : release fence dup failed: Bad file descriptor
07-01 07:03:19.048  2919  2919 W display : release fence dup failed: Bad file descriptor
07-01 07:03:19.099  2919  2919 W display : release fence dup failed: Bad file descriptor
07-01 07:03:19.115  2919  2919 W display : release fence dup failed: Bad file descriptor
07-01 07:03:19.150  2919  2919 W display : release fence dup failed: Bad file descriptor
07-01 07:03:19.200  2919  2919 W display : release fence dup failed: Bad file descriptor
07-01 07:03:19.217  2919  2919 W display : release fence dup failed: Bad file descriptor
07-01 07:03:19.251  2919  2919 W display : release fence dup failed: Bad file descriptor
07-01 07:03:19.285  2919  2919 W display : release fence dup failed: Bad file descriptor
07-01 07:03:19.288  5004  5004 I PackageManager: SELinux relabeling of com.cyanogenmod.setupwizard issued.
07-01 07:03:19.309  5004  5004 I PackageManager: SELinux relabeling of org.cyanogenmod.providers.datausage issued.
07-01 07:03:19.319  2919  2919 W display : release fence dup failed: Bad file descriptor
07-01 07:03:19.326  5004  5004 I PackageManager: SELinux relabeling of com.android.defcontainer issued.
07-01 07:03:19.338  5004  5004 W PackageParser: No actions in intent filter at /system/priv-app/Dialer/Dialer.apk Binary XML file line #151
07-01 07:03:19.353  2919  2919 W display : release fence dup failed: Bad file descriptor
07-01 07:03:19.387  2919  2919 W display : release fence dup failed: Bad file descriptor
07-01 07:03:19.420  2919  2919 W display : release fence dup failed: Bad file descriptor
07-01 07:03:19.455  2919  2919 W display : release fence dup failed: Bad file descriptor
07-01 07:03:19.489  2919  2919 W display : release fence dup failed: Bad file descriptor
07-01 07:03:19.522  2919  2919 W display : release fence dup failed: Bad file descriptor
07-01 07:03:19.556  2919  2919 W display : release fence dup failed: Bad file descriptor
07-01 07:03:19.590  2919  2919 W display : release fence dup failed: Bad file descriptor
07-01 07:03:19.625  2919  2919 W display : release fence dup failed: Bad file descriptor
07-01 07:03:19.658  2919  2919 W display : release fence dup failed: Bad file descriptor
07-01 07:03:19.692  2919  2919 W display : release fence dup failed: Bad file descriptor
07-01 07:03:19.726  2919  2919 W display : release fence dup failed: Bad file descriptor
07-01 07:03:19.759  2919  2919 W display : release fence dup failed: Bad file descriptor
07-01 07:03:19.794  2919  2919 W display : release fence dup failed: Bad file descriptor
07-01 07:03:19.827  2919  2919 W display : release fence dup failed: Bad file descriptor
07-01 07:03:19.861  2919  2919 W display : release fence dup failed: Bad file descriptor
07-01 07:03:19.895  2919  2919 W display : release fence dup failed: Bad file descriptor
07-01 07:03:19.912  2919  2919 W display : release fence dup failed: Bad file descriptor
07-01 07:03:19.942  5004  5004 I PackageManager: SELinux relabeling of com.android.dialer issued.
07-01 07:03:19.963  2919  2919 W display : release fence dup failed: Bad file descriptor
07-01 07:03:19.969  5004  5004 I PackageManager: SELinux relabeling of com.android.providers.downloads issued.
07-01 07:03:19.972  5004  5004 W PackageManager: Permission android.permission.DOWNLOAD_WITHOUT_NOTIFICATION from package com.android.providers.downloads in an unknown group android.permission-group.NETWORK
07-01 07:03:19.987  5004  5004 I PackageManager: SELinux relabeling of com.android.externalstorage issued.
07-01 07:03:19.997  2919  2919 W display : release fence dup failed: Bad file descriptor
07-01 07:03:20.003  5004  5004 I PackageManager: SELinux relabeling of com.android.location.fused issued.
07-01 07:03:20.031  2919  2919 W display : release fence dup failed: Bad file descriptor
07-01 07:03:20.032  5004  5004 I PackageManager: SELinux relabeling of com.android.inputdevices issued.
07-01 07:03:20.049  5004  5004 I PackageManager: SELinux relabeling of org.cyanogenmod.livelockscreen.service issued.
07-01 07:03:20.064  2919  2919 W display : release fence dup failed: Bad file descriptor
07-01 07:03:20.081  2919  2919 W display : release fence dup failed: Bad file descriptor
07-01 07:03:20.086  5004  5004 I PackageManager: SELinux relabeling of com.android.managedprovisioning issued.
07-01 07:03:20.109  5004  5004 I PackageManager: SELinux relabeling of com.android.providers.media issued.
07-01 07:03:20.116  2919  2919 W display : release fence dup failed: Bad file descriptor
07-01 07:03:20.128  5004  5004 I PackageManager: SELinux relabeling of com.android.mms.service issued.
07-01 07:03:20.144  5004  5004 I PackageManager: SELinux relabeling of com.android.onetimeinitializer issued.
07-01 07:03:20.149  2919  2919 W display : release fence dup failed: Bad file descriptor
