06-01 08:57:05.577  3620  3620 D hwcomposer: xres         = 1440 px
06-01 08:57:05.577  3620  3620 D hwcomposer: yres         = 2560 px
06-01 08:57:05.577  3620  3620 D hwcomposer: width        = 68 mm (537.882000 dpi)
06-01 08:57:05.577  3620  3620 D hwcomposer: height       = 122 mm (532.983000 dpi)
06-01 08:57:05.577  3620  3620 D hwcomposer: refresh rate = 59 Hz
06-01 08:57:05.577  3620  3620 I hwcomposer: PSR info devname = /sys/devices/13960000.decon_f/psr_info
06-01 08:57:05.577  3620  3620 I hwcomposer: PSR mode is 6(0: video mode, 1: DP PSR mode, 2: MIPI-DSI command mode)
06-01 08:57:05.577  3620  3620 I SurfaceFlinger: Using composer version 1.3
06-01 08:57:05.577  3620  3620 E display : unknown display attribute 6
06-01 08:57:05.578  3620  3620 I SurfaceFlinger: EGL information:
06-01 08:57:05.578  3620  3620 I SurfaceFlinger: vendor    : Android
06-01 08:57:05.578  3620  3620 I SurfaceFlinger: version   : 1.4 Android META-EGL
06-01 08:57:05.578  3620  3620 I SurfaceFlinger: extensions: EGL_KHR_get_all_proc_addresses EGL_ANDROID_presentation_time EGL_KHR_swap_buffers_with_damage EGL_KHR_image EGL_KHR_image_base EGL_KHR_gl_texture_2D_image EGL_KHR_gl_texture_cubemap_image EGL_KHR_gl_renderbuffer_image EGL_KHR_fence_sync EGL_KHR_create_context EGL_KHR_config_attribs EGL_KHR_surfaceless_context EGL_EXT_create_context_robustness EGL_ANDROID_image_native_buffer EGL_KHR_wait_sync EGL_ANDROID_recordable EGL_KHR_partial_update 
06-01 08:57:05.578  3620  3620 I SurfaceFlinger: Client API: OpenGL_ES
06-01 08:57:05.578  3620  3620 I SurfaceFlinger: EGLSurface: 8-8-8-8, config=0x7f8a2d0128
06-01 08:57:05.578  3620  3620 D         : ro.exynos.dss isEnabled: 0
06-01 08:57:05.580  3620  3620 I SurfaceFlinger: OpenGL ES informations:
06-01 08:57:05.580  3620  3620 I SurfaceFlinger: vendor    : ARM
06-01 08:57:05.580  3620  3620 I SurfaceFlinger: renderer  : Mali-T880
06-01 08:57:05.580  3620  3620 I SurfaceFlinger: version   : OpenGL ES 3.1 v1.r9p0-12dev0.c2bae768d87bf40047e1f310c8de7f16
06-01 08:57:05.580  3620  3620 I SurfaceFlinger: extensions: GL_EXT_debug_marker GL_ARM_rgba8 GL_ARM_mali_shader_binary GL_OES_depth24 GL_OES_depth_texture GL_OES_depth_texture_cube_map GL_OES_packed_depth_stencil GL_OES_rgb8_rgba8 GL_EXT_read_format_bgra GL_OES_compressed_paletted_texture GL_OES_compressed_ETC1_RGB8_texture GL_OES_standard_derivatives GL_OES_EGL_image GL_OES_EGL_image_external GL_OES_EGL_sync GL_OES_texture_npot GL_OES_vertex_half_float GL_OES_required_internalformat GL_OES_vertex_array_object GL_OES_mapbuffer GL_EXT_texture_format_BGRA8888 GL_EXT_texture_rg GL_EXT_texture_type_2_10_10_10_REV GL_OES_fbo_render_mipmap GL_OES_element_index_uint GL_EXT_shadow_samplers GL_OES_texture_compression_astc GL_KHR_texture_compression_astc_ldr GL_KHR_texture_compression_astc_hdr GL_KHR_debug GL_EXT_occlusion_query_boolean GL_EXT_disjoint_timer_query GL_EXT_blend_minmax GL_EXT_discard_framebuffer GL_OES_get_program_binary GL_OES_texture_3D GL_EXT_texture_storage GL_EXT_multisampled_render_to_texture GL_OES_surfaceless_context GL_OES_texture_stencil8 G
06-01 08:57:05.580  3620  3620 I SurfaceFlinger: GL_MAX_TEXTURE_SIZE = 8192
06-01 08:57:05.580  3620  3620 I SurfaceFlinger: GL_MAX_VIEWPORT_DIMS = 8192
06-01 08:57:05.581  3620  3620 D mali_winsys: new_window_surface returns 0x3000,  [1440x2560]-format:1
06-01 08:57:05.579  2993  2993 W auditd  : type=1325 audit(0.0:331): table=filter family=2 entries=29
06-01 08:57:05.579  2993  2993 W auditd  : type=1320 audit(0.0:331): 
06-01 08:57:05.586  3620  3620 D SurfaceFlinger: Set power mode=2, type=0 flinger=0x7f8a783c00
06-01 08:57:05.579  2993  2993 W auditd  : type=1325 audit(0.0:332): table=filter family=10 entries=29
06-01 08:57:05.579  2993  2993 W auditd  : type=1320 audit(0.0:332): 
06-01 08:57:05.589  2993  2993 W auditd  : type=1325 audit(0.0:333): table=filter family=2 entries=27
06-01 08:57:05.589  2993  2993 W auditd  : type=1320 audit(0.0:333): 
06-01 08:57:05.599  2993  2993 W auditd  : type=1325 audit(0.0:334): table=filter family=10 entries=27
06-01 08:57:05.599  2993  2993 W auditd  : type=1320 audit(0.0:334): 
06-01 08:57:05.609  2993  2993 W auditd  : type=1325 audit(0.0:335): table=filter family=2 entries=29
06-01 08:57:05.609  2993  2993 W auditd  : type=1320 audit(0.0:335): 
06-01 08:57:05.619  2993  2993 W auditd  : type=1325 audit(0.0:336): table=filter family=10 entries=29
06-01 08:57:05.619  2993  2993 W auditd  : type=1320 audit(0.0:336): 
06-01 08:57:05.664  3650  3658 D libEGL  : loaded /vendor/lib64/egl/libGLES_mali.so
06-01 08:57:05.680  3621  3621 I mediaserver: ServiceManager: 0xf630e260
06-01 08:57:05.680  3621  3621 I AudioFlinger: Using default 3000 mSec as standby time.
06-01 08:57:05.680  3650  3658 D mali_winsys: new_window_surface returns 0x3000,  [1440x2560]-format:2
06-01 08:57:05.680  3650  3658 D         : ro.exynos.dss isEnabled: 0
06-01 08:57:05.682  3650  3658 E BootAnimation: couldn't find audio_conf.txt
06-01 08:57:05.684  3650  3658 D BootAnimation: Use save memory method, maybe small fps in actual.
06-01 08:57:05.690  3621  3621 E BatteryNotifier: batterystats service unavailable!
06-01 08:57:05.691  3621  3621 E BatteryNotifier: batterystats service unavailable!
06-01 08:57:05.691  3621  3621 I CameraService: CameraService started (pid=3621)
06-01 08:57:05.691  3621  3621 I CameraService: CameraService process starting
06-01 08:57:05.691  3621  3621 E BatteryNotifier: batterystats service unavailable!
06-01 08:57:05.691  3621  3621 E BatteryNotifier: batterystats service unavailable!
06-01 08:57:05.691  3621  3621 E CameraService: Could not load camera HAL module: -2 (No such file or directory)
06-01 08:57:05.692  3621  3621 I AudioPolicyService: AudioPolicyService CSTOR in new mode
06-01 08:57:05.692  3621  3621 W APM::HwModule: loadOutput() invalid supported devices
06-01 08:57:05.692  3621  3621 W APM::HwModule: loadOutput() invalid supported devices
06-01 08:57:05.692  3621  3621 W APM::HwModule: loadInput() invalid supported devices
06-01 08:57:05.692  3621  3621 W APM::HwModule: loadInput() invalid supported devices
06-01 08:57:05.692  3621  3621 I APM::ConfigParsingUtils: loadAudioPolicyConfig() loaded /system/etc/audio_policy.conf
06-01 08:57:05.762  3622  3622 D AndroidRuntime: >>>>>> START com.android.internal.os.ZygoteInit uid 0 <<<<<<
06-01 08:57:05.764  3620  3620 D SurfaceFlinger: SF. shader cache generated - 26 shaders in 120.921577 ms
06-01 08:57:05.765  3622  3622 D AndroidRuntime: CheckJNI is ON
06-01 08:57:05.765  3622  3622 I art     : option[0]=-Xzygote
06-01 08:57:05.765  3622  3622 I art     : option[1]=-Xcheck:jni
06-01 08:57:05.765  3622  3622 I art     : option[2]=-Xstacktracefile:/data/anr/traces.txt
06-01 08:57:05.765  3622  3622 I art     : option[3]=exit
06-01 08:57:05.765  3622  3622 I art     : option[4]=vfprintf
06-01 08:57:05.765  3622  3622 I art     : option[5]=sensitiveThread
06-01 08:57:05.765  3622  3622 I art     : option[6]=-verbose:gc
06-01 08:57:05.765  3622  3622 I art     : option[7]=-Xms8m
06-01 08:57:05.765  3622  3622 I art     : option[8]=-Xmx512m
06-01 08:57:05.765  3622  3622 I art     : option[9]=-XX:HeapGrowthLimit=256m
06-01 08:57:05.765  3622  3622 I art     : option[10]=-XX:HeapMinFree=2m
06-01 08:57:05.765  3622  3622 I art     : option[11]=-XX:HeapMaxFree=8m
06-01 08:57:05.765  3622  3622 I art     : option[12]=-XX:HeapTargetUtilization=0.75
06-01 08:57:05.765  3622  3622 I art     : option[13]=-Xusejit:true
06-01 08:57:05.765  3622  3622 I art     : option[14]=-agentlib:jdwp=transport=dt_android_adb,suspend=n,server=y
06-01 08:57:05.765  3622  3622 I art     : option[15]=-Xlockprofthreshold:500
06-01 08:57:05.765  3622  3622 I art     : option[16]=-Ximage-compiler-option
06-01 08:57:05.765  3622  3622 I art     : option[17]=--runtime-arg
06-01 08:57:05.765  3622  3622 I art     : option[18]=-Ximage-compiler-option
06-01 08:57:05.765  3622  3622 I art     : option[19]=-Xms64m
06-01 08:57:05.765  3622  3622 I art     : option[20]=-Ximage-compiler-option
06-01 08:57:05.765  3622  3622 I art     : option[21]=--runtime-arg
06-01 08:57:05.765  3622  3622 I art     : option[22]=-Ximage-compiler-option
06-01 08:57:05.765  3622  3622 I art     : option[23]=-Xmx64m
06-01 08:57:05.765  3622  3622 I art     : option[24]=-Ximage-compiler-option
06-01 08:57:05.765  3622  3622 I art     : option[25]=--compiler-filter=verify-at-runtime
06-01 08:57:05.765  3622  3622 I art     : option[26]=-Ximage-compiler-option
06-01 08:57:05.765  3622  3622 I art     : option[27]=--image-classes=/system/etc/preloaded-classes
06-01 08:57:05.765  3622  3622 I art     : option[28]=-Xcompiler-option
06-01 08:57:05.766  3622  3622 I art     : option[29]=--runtime-arg
06-01 08:57:05.766  3622  3622 I art     : option[30]=-Xcompiler-option
06-01 08:57:05.766  3622  3622 I art     : option[31]=-Xms64m
06-01 08:57:05.766  3622  3622 I art     : option[32]=-Xcompiler-option
06-01 08:57:05.766  3622  3622 I art     : option[33]=--runtime-arg
06-01 08:57:05.766  3622  3622 I art     : option[34]=-Xcompiler-option
06-01 08:57:05.766  3622  3622 I art     : option[35]=-Xmx512m
06-01 08:57:05.766  3622  3622 I art     : option[36]=-Xcompiler-option
06-01 08:57:05.766  3622  3622 I art     : option[37]=--compiler-filter=verify-at-runtime
06-01 08:57:05.766  3622  3622 I art     : option[38]=-Ximage-compiler-option
06-01 08:57:05.766  3622  3622 I art     : option[39]=--instruction-set-variant=generic
06-01 08:57:05.766  3622  3622 I art     : option[40]=-Xcompiler-option
06-01 08:57:05.766  3622  3622 I art     : option[41]=--instruction-set-variant=generic
06-01 08:57:05.766  3622  3622 I art     : option[42]=-Ximage-compiler-option
06-01 08:57:05.766  3622  3622 I art     : option[43]=--instruction-set-features=default
06-01 08:57:05.766  3622  3622 I art     : option[44]=-Xcompiler-option
06-01 08:57:05.766  3622  3622 I art     : option[45]=--instruction-set-features=default
06-01 08:57:05.766  3622  3622 I art     : option[46]=-Duser.locale=en-US
06-01 08:57:05.766  3622  3622 I art     : option[47]=--cpu-abilist=arm64-v8a,armeabi
06-01 08:57:05.766  3622  3622 I art     : option[48]=-Xfingerprint:samsung/cm_hero2ltexx/hero2ltexx:6.0.1/MOB30J/4f0fbab6f5:eng/test-keys
06-01 08:57:05.768  3620  3620 E display : ioctl DECON_WIN_CONFIG failed: Not a typewriter
06-01 08:57:05.768  3620  3620 F display : ioctl DECON_WIN_CONFIG failed to clear screen: Not a typewriter
06-01 08:57:05.768  3620  3620 F libc    : Fatal signal 6 (SIGABRT), code -6 in tid 3620 (surfaceflinger)
06-01 08:57:05.768  2978  2978 I DEBUG   : property debug.db.uid not set; NOT waiting for gdb.
06-01 08:57:05.768  2978  2978 I DEBUG   : HINT: adb shell setprop debug.db.uid 100000
06-01 08:57:05.768  2978  2978 I DEBUG   : HINT: adb forward tcp:5039 tcp:5039
06-01 08:57:05.791  3622  3622 D ICU     : No timezone override file found: /data/misc/zoneinfo/current/icu/icu_tzdata.dat
06-01 08:57:05.869  2978  2978 F DEBUG   : *** *** *** *** *** *** *** *** *** *** *** *** *** *** *** ***
06-01 08:57:05.869  2978  2978 F DEBUG   : Build fingerprint: 'samsung/cm_hero2ltexx/hero2ltexx:6.0.1/MOB30J/4f0fbab6f5:eng/test-keys'
06-01 08:57:05.869  2978  2978 F DEBUG   : Revision: '0'
06-01 08:57:05.869  2978  2978 F DEBUG   : ABI: 'arm64'
06-01 08:57:05.869  2978  2978 F DEBUG   : pid: 3620, tid: 3620, name: surfaceflinger  >>> /system/bin/surfaceflinger <<<
06-01 08:57:05.869  2978  2978 F DEBUG   : signal 6 (SIGABRT), code -6 (SI_TKILL), fault addr --------
06-01 08:57:05.872  2978  2978 F DEBUG   : Abort message: 'ioctl DECON_WIN_CONFIG failed to clear screen: Not a typewriter'
06-01 08:57:05.872  2978  2978 F DEBUG   :     x0   0000000000000000  x1   0000000000000e24  x2   0000000000000006  x3   0000000000000000
06-01 08:57:05.872  2978  2978 F DEBUG   :     x4   0000000000000000  x5   0000000000000001  x6   0000000000000000  x7   0000000000000000
06-01 08:57:05.872  2978  2978 F DEBUG   :     x8   0000000000000083  x9   0000000000000049  x10  0000007fe42b789c  x11  0000007fe42b78d8
06-01 08:57:05.872  2978  2978 F DEBUG   :     x12  0000007fe42b77b0  x13  0000000000000040  x14  0000007fe42b7988  x15  0000000000000000
06-01 08:57:05.872  2978  2978 F DEBUG   :     x16  0000007f8ad34580  x17  0000007f8acc6fcc  x18  0000007f8aee6f00  x19  0000007f8afdb0d8
06-01 08:57:05.872  2978  2978 F DEBUG   :     x20  0000007f8afdb018  x21  0000000000000019  x22  0000000000000006  x23  00000000ffffffff
06-01 08:57:05.872  2978  2978 F DEBUG   :     x24  0000007f87c8b000  x25  0000000000000018  x26  0000007f8a79d8c0  x27  0000000000000001
06-01 08:57:05.872  2978  2978 F DEBUG   :     x28  0000000000000001  x29  0000007fe42b7840  x30  0000007f8acc4768
06-01 08:57:05.872  2978  2978 F DEBUG   :     sp   0000007fe42b7840  pc   0000007f8acc6fd4  pstate 0000000020000000
06-01 08:57:05.876  2978  2978 F DEBUG   : 
06-01 08:57:05.876  2978  2978 F DEBUG   : backtrace:
06-01 08:57:05.876  2978  2978 F DEBUG   :     #00 pc 0000000000068fd4  /system/lib64/libc.so (tgkill+8)
06-01 08:57:05.876  2978  2978 F DEBUG   :     #01 pc 0000000000066764  /system/lib64/libc.so (pthread_kill+68)
06-01 08:57:05.876  2978  2978 F DEBUG   :     #02 pc 0000000000023448  /system/lib64/libc.so (raise+28)
06-01 08:57:05.876  2978  2978 F DEBUG   :     #03 pc 000000000001dbe8  /system/lib64/libc.so (abort+60)
06-01 08:57:05.876  2978  2978 F DEBUG   :     #04 pc 0000000000003a7c  /system/lib64/liblog.so (__android_log_assert+236)
06-01 08:57:05.876  2978  2978 F DEBUG   :     #05 pc 00000000000036c8  /system/lib64/libdisplay.so (_ZN20ExynosOverlayDisplay12clearDisplayEv+124)
06-01 08:57:05.876  2978  2978 F DEBUG   :     #06 pc 000000000000375c  /system/lib64/libdisplay.so (_ZN20ExynosOverlayDisplay3setEP22hwc_display_contents_1+144)
06-01 08:57:05.876  2978  2978 F DEBUG   :     #07 pc 00000000000025cc  /system/lib64/hw/hwcomposer.exynos5.so (_Z11exynos5_setP21hwc_composer_device_1mPP22hwc_display_contents_1+88)
06-01 08:57:05.876  2978  2978 F DEBUG   :     #08 pc 000000000003cf5c  /system/lib64/libsurfaceflinger.so
06-01 08:57:05.876  2978  2978 F DEBUG   :     #09 pc 000000000002fc74  /system/lib64/libsurfaceflinger.so
06-01 08:57:05.876  2978  2978 F DEBUG   :     #10 pc 000000000002f300  /system/lib64/libsurfaceflinger.so
06-01 08:57:05.876  2978  2978 F DEBUG   :     #11 pc 000000000002e1a0  /system/lib64/libsurfaceflinger.so
06-01 08:57:05.876  2978  2978 F DEBUG   :     #12 pc 000000000002df08  /system/lib64/libsurfaceflinger.so
06-01 08:57:05.876  2978  2978 F DEBUG   :     #13 pc 000000000001aed4  /system/lib64/libutils.so (_ZN7android6Looper9pollInnerEi+312)
06-01 08:57:05.876  2978  2978 F DEBUG   :     #14 pc 000000000001b20c  /system/lib64/libutils.so (_ZN7android6Looper8pollOnceEiPiS1_PPv+80)
06-01 08:57:05.876  2978  2978 F DEBUG   :     #15 pc 000000000002a344  /system/lib64/libsurfaceflinger.so
06-01 08:57:05.876  2978  2978 F DEBUG   :     #16 pc 000000000002d9fc  /system/lib64/libsurfaceflinger.so (_ZN7android14SurfaceFlinger3runEv+20)
06-01 08:57:05.876  2978  2978 F DEBUG   :     #17 pc 00000000000011ec  /system/bin/surfaceflinger
06-01 08:57:05.876  2978  2978 F DEBUG   :     #18 pc 000000000001bcd8  /system/lib64/libc.so (__libc_init+100)
06-01 08:57:05.876  2978  2978 F DEBUG   :     #19 pc 000000000000101c  /system/bin/surfaceflinger
06-01 08:57:05.921  3622  3622 I Radio-JNI: register_android_hardware_Radio DONE
06-01 08:57:05.967  3622  3622 I SamplingProfilerIntegration: Profiling disabled.
06-01 08:57:05.968  3622  3622 D Zygote  : begin preload
06-01 08:57:05.969  3622  3622 I Zygote  : Preloading classes...
06-01 08:57:05.970  2978  2978 F DEBUG   : 
06-01 08:57:05.970  2978  2978 F DEBUG   : Tombstone written to: /data/tombstones/tombstone_08
06-01 08:57:06.051  3650  3658 D         : NULL == surf->write_back_color_buffer
06-01 08:57:06.051  3650  3658 W         : GLES-MALI OOM error: failed to allocate CPU memory (gles_fb_first_drawcall_cb at hardware/samsung_slsi/MaliT880_r9p0_12dev0_JF/product/gles/src/fb/mali_gles_fb_module_api.c:1291)
06-01 08:57:06.051  3650  3650 W SurfaceComposerClient: ComposerService remote (surfaceflinger) died [0x7fa3aa3320]
06-01 08:57:06.051  3650  3650 D BootAnimation: SurfaceFlinger died, exiting...
06-01 08:57:06.051  3650  3658 D         : NULL == surf->write_back_color_buffer
06-01 08:57:06.051  2921  2921 I ServiceManager: service 'SurfaceFlinger' died
06-01 08:57:06.051  2921  2921 I ServiceManager: service 'Exynos.HWCService' died
06-01 08:57:06.081  2921  2921 I ServiceManager: service 'media.audio_flinger' died
06-01 08:57:06.081  2921  2921 I ServiceManager: service 'media.player' died
06-01 08:57:06.081  2921  2921 I ServiceManager: service 'media.resource_manager' died
06-01 08:57:06.081  2921  2921 I ServiceManager: service 'media.camera' died
06-01 08:57:11.130  3751  3751 I Netd    : Netd 1.0 starting
06-01 08:57:11.130  3751  3751 I QtiConnectivityAdapter: Failed to open libconnctrl, some features may not be present.
06-01 08:57:11.130  3751  3751 D TetherController: Setting IP forward enable = 0
06-01 08:57:11.137  3753  3753 I SurfaceFlinger: SurfaceFlinger is starting
06-01 08:57:11.137  3753  3753 E SchedPolicy: /system/bin/surfaceflinger add_tid_to_cgroup failed; fd=-1
06-01 08:57:11.137  3753  3753 I SurfaceFlinger: SurfaceFlinger's main thread ready to run. Initializing graphics H/W...
06-01 08:57:11.129  2993  2993 W auditd  : type=1325 audit(0.0:401): table=filter family=2 entries=28
06-01 08:57:11.129  2993  2993 W auditd  : type=1320 audit(0.0:401): 
06-01 08:57:11.144  3753  3753 D libEGL  : loaded /vendor/lib64/egl/libGLES_mali.so
06-01 08:57:11.139  2993  2993 W auditd  : type=1325 audit(0.0:402): table=filter family=10 entries=30
06-01 08:57:11.139  2993  2993 W auditd  : type=1320 audit(0.0:402): 
06-01 08:57:11.152  3753  3753 I gralloc : using (id=)
06-01 08:57:11.152  3753  3753 I gralloc : xres         = 1440 px
06-01 08:57:11.152  3753  3753 I gralloc : yres         = 2560 px
06-01 08:57:11.152  3753  3753 I gralloc : width        = 68 mm (537.882324 dpi)
06-01 08:57:11.152  3753  3753 I gralloc : height       = 122 mm (532.983582 dpi)
06-01 08:57:11.152  3753  3753 I gralloc : refresh rate = 59.31 Hz
06-01 08:57:11.149  2993  2993 W auditd  : type=1325 audit(0.0:403): table=filter family=2 entries=27
06-01 08:57:11.149  2993  2993 W auditd  : type=1320 audit(0.0:403): 
06-01 08:57:11.159  3753  3753 D hwcomposer: using
06-01 08:57:11.159  3753  3753 D hwcomposer: xres         = 1440 px
06-01 08:57:11.159  3753  3753 D hwcomposer: yres         = 2560 px
06-01 08:57:11.159  3753  3753 D hwcomposer: width        = 68 mm (537.882000 dpi)
06-01 08:57:11.159  3753  3753 D hwcomposer: height       = 122 mm (532.983000 dpi)
06-01 08:57:11.159  3753  3753 D hwcomposer: refresh rate = 59 Hz
06-01 08:57:11.159  3753  3753 I hwcomposer: PSR info devname = /sys/devices/13960000.decon_f/psr_info
06-01 08:57:11.159  3753  3753 I hwcomposer: PSR mode is 6(0: video mode, 1: DP PSR mode, 2: MIPI-DSI command mode)
06-01 08:57:11.159  3753  3753 I SurfaceFlinger: Using composer version 1.3
06-01 08:57:11.159  3753  3753 E display : unknown display attribute 6
06-01 08:57:11.159  3753  3753 I SurfaceFlinger: EGL information:
06-01 08:57:11.159  3753  3753 I SurfaceFlinger: vendor    : Android
06-01 08:57:11.159  3753  3753 I SurfaceFlinger: version   : 1.4 Android META-EGL
06-01 08:57:11.159  3753  3753 I SurfaceFlinger: extensions: EGL_KHR_get_all_proc_addresses EGL_ANDROID_presentation_time EGL_KHR_swap_buffers_with_damage EGL_KHR_image EGL_KHR_image_base EGL_KHR_gl_texture_2D_image EGL_KHR_gl_texture_cubemap_image EGL_KHR_gl_renderbuffer_image EGL_KHR_fence_sync EGL_KHR_create_context EGL_KHR_config_attribs EGL_KHR_surfaceless_context EGL_EXT_create_context_robustness EGL_ANDROID_image_native_buffer EGL_KHR_wait_sync EGL_ANDROID_recordable EGL_KHR_partial_update 
06-01 08:57:11.159  3753  3753 I SurfaceFlinger: Client API: OpenGL_ES
06-01 08:57:11.159  3753  3753 I SurfaceFlinger: EGLSurface: 8-8-8-8, config=0x7f8417b128
06-01 08:57:11.160  3753  3753 D         : ro.exynos.dss isEnabled: 0
06-01 08:57:11.162  3753  3753 I SurfaceFlinger: OpenGL ES informations:
06-01 08:57:11.162  3753  3753 I SurfaceFlinger: vendor    : ARM
06-01 08:57:11.162  3753  3753 I SurfaceFlinger: renderer  : Mali-T880
06-01 08:57:11.162  3753  3753 I SurfaceFlinger: version   : OpenGL ES 3.1 v1.r9p0-12dev0.c2bae768d87bf40047e1f310c8de7f16
06-01 08:57:11.162  3753  3753 I SurfaceFlinger: extensions: GL_EXT_debug_marker GL_ARM_rgba8 GL_ARM_mali_shader_binary GL_OES_depth24 GL_OES_depth_texture GL_OES_depth_texture_cube_map GL_OES_packed_depth_stencil GL_OES_rgb8_rgba8 GL_EXT_read_format_bgra GL_OES_compressed_paletted_texture GL_OES_compressed_ETC1_RGB8_texture GL_OES_standard_derivatives GL_OES_EGL_image GL_OES_EGL_image_external GL_OES_EGL_sync GL_OES_texture_npot GL_OES_vertex_half_float GL_OES_required_internalformat GL_OES_vertex_array_object GL_OES_mapbuffer GL_EXT_texture_format_BGRA8888 GL_EXT_texture_rg GL_EXT_texture_type_2_10_10_10_REV GL_OES_fbo_render_mipmap GL_OES_element_index_uint GL_EXT_shadow_samplers GL_OES_texture_compression_astc GL_KHR_texture_compression_astc_ldr GL_KHR_texture_compression_astc_hdr GL_KHR_debug GL_EXT_occlusion_query_boolean GL_EXT_disjoint_timer_query GL_EXT_blend_minmax GL_EXT_discard_framebuffer GL_OES_get_program_binary GL_OES_texture_3D GL_EXT_texture_storage GL_EXT_multisampled_render_to_texture GL_OES_surfaceless_context GL_OES_texture_stencil8 G
06-01 08:57:11.162  3753  3753 I SurfaceFlinger: GL_MAX_TEXTURE_SIZE = 8192
06-01 08:57:11.162  3753  3753 I SurfaceFlinger: GL_MAX_VIEWPORT_DIMS = 8192
06-01 08:57:11.163  3753  3753 D mali_winsys: new_window_surface returns 0x3000,  [1440x2560]-format:1
06-01 08:57:11.164  3753  3753 D SurfaceFlinger: Set power mode=2, type=0 flinger=0x7f84143c00
06-01 08:57:11.159  2993  2993 W auditd  : type=1325 audit(0.0:404): table=filter family=10 entries=29
06-01 08:57:11.159  2993  2993 W auditd  : type=1320 audit(0.0:404): 
06-01 08:57:11.169  2993  2993 W auditd  : type=1325 audit(0.0:405): table=filter family=2 entries=27
06-01 08:57:11.169  2993  2993 W auditd  : type=1320 audit(0.0:405): 
06-01 08:57:11.179  2993  2993 W auditd  : type=1325 audit(0.0:406): table=filter family=10 entries=29
06-01 08:57:11.179  2993  2993 W auditd  : type=1320 audit(0.0:406): 
06-01 08:57:11.189  2993  2993 W auditd  : type=1325 audit(0.0:407): table=filter family=2 entries=25
06-01 08:57:11.189  2993  2993 W auditd  : type=1320 audit(0.0:407): 
06-01 08:57:11.199  2993  2993 W auditd  : type=1325 audit(0.0:408): table=filter family=10 entries=27
06-01 08:57:11.199  2993  2993 W auditd  : type=1320 audit(0.0:408): 
06-01 08:57:11.209  2993  2993 W auditd  : type=1325 audit(0.0:409): table=filter family=2 entries=27
06-01 08:57:11.209  2993  2993 W auditd  : type=1320 audit(0.0:409): 
06-01 08:57:11.219  2993  2993 W auditd  : type=1325 audit(0.0:410): table=filter family=10 entries=29
06-01 08:57:11.219  2993  2993 W auditd  : type=1320 audit(0.0:410): 
06-01 08:57:11.256  3754  3754 I mediaserver: ServiceManager: 0xf680e260
06-01 08:57:11.256  3754  3754 I AudioFlinger: Using default 3000 mSec as standby time.
06-01 08:57:11.257  3754  3754 E BatteryNotifier: batterystats service unavailable!
06-01 08:57:11.257  3754  3754 E BatteryNotifier: batterystats service unavailable!
06-01 08:57:11.257  3754  3754 I CameraService: CameraService started (pid=3754)
06-01 08:57:11.257  3754  3754 I CameraService: CameraService process starting
06-01 08:57:11.258  3754  3754 E BatteryNotifier: batterystats service unavailable!
06-01 08:57:11.258  3754  3754 E BatteryNotifier: batterystats service unavailable!
06-01 08:57:11.258  3754  3754 E CameraService: Could not load camera HAL module: -2 (No such file or directory)
06-01 08:57:11.258  3754  3754 I AudioPolicyService: AudioPolicyService CSTOR in new mode
06-01 08:57:11.259  3754  3754 W APM::HwModule: loadOutput() invalid supported devices
06-01 08:57:11.259  3754  3754 W APM::HwModule: loadOutput() invalid supported devices
06-01 08:57:11.259  3754  3754 W APM::HwModule: loadInput() invalid supported devices
06-01 08:57:11.259  3754  3754 W APM::HwModule: loadInput() invalid supported devices
06-01 08:57:11.259  3754  3754 I APM::ConfigParsingUtils: loadAudioPolicyConfig() loaded /system/etc/audio_policy.conf
06-01 08:57:11.335  3753  3753 D SurfaceFlinger: SF. shader cache generated - 26 shaders in 118.725464 ms
06-01 08:57:11.340  3753  3753 E display : ioctl DECON_WIN_CONFIG failed: Not a typewriter
06-01 08:57:11.340  3753  3753 F display : ioctl DECON_WIN_CONFIG failed to clear screen: Not a typewriter
06-01 08:57:11.340  3753  3753 F libc    : Fatal signal 6 (SIGABRT), code -6 in tid 3753 (surfaceflinger)
06-01 08:57:11.340  2978  2978 I DEBUG   : property debug.db.uid not set; NOT waiting for gdb.
06-01 08:57:11.340  2978  2978 I DEBUG   : HINT: adb shell setprop debug.db.uid 100000
06-01 08:57:11.340  2978  2978 I DEBUG   : HINT: adb forward tcp:5039 tcp:5039
06-01 08:57:11.341  3755  3755 D AndroidRuntime: >>>>>> START com.android.internal.os.ZygoteInit uid 0 <<<<<<
06-01 08:57:11.344  3755  3755 D AndroidRuntime: CheckJNI is ON
06-01 08:57:11.344  3755  3755 I art     : option[0]=-Xzygote
06-01 08:57:11.344  3755  3755 I art     : option[1]=-Xcheck:jni
06-01 08:57:11.344  3755  3755 I art     : option[2]=-Xstacktracefile:/data/anr/traces.txt
06-01 08:57:11.344  3755  3755 I art     : option[3]=exit
06-01 08:57:11.344  3755  3755 I art     : option[4]=vfprintf
06-01 08:57:11.344  3755  3755 I art     : option[5]=sensitiveThread
06-01 08:57:11.344  3755  3755 I art     : option[6]=-verbose:gc
06-01 08:57:11.344  3755  3755 I art     : option[7]=-Xms8m
06-01 08:57:11.344  3755  3755 I art     : option[8]=-Xmx512m
06-01 08:57:11.344  3755  3755 I art     : option[9]=-XX:HeapGrowthLimit=256m
06-01 08:57:11.344  3755  3755 I art     : option[10]=-XX:HeapMinFree=2m
06-01 08:57:11.344  3755  3755 I art     : option[11]=-XX:HeapMaxFree=8m
06-01 08:57:11.344  3755  3755 I art     : option[12]=-XX:HeapTargetUtilization=0.75
06-01 08:57:11.344  3755  3755 I art     : option[13]=-Xusejit:true
06-01 08:57:11.344  3755  3755 I art     : option[14]=-agentlib:jdwp=transport=dt_android_adb,suspend=n,server=y
06-01 08:57:11.344  3755  3755 I art     : option[15]=-Xlockprofthreshold:500
06-01 08:57:11.344  3755  3755 I art     : option[16]=-Ximage-compiler-option
06-01 08:57:11.344  3755  3755 I art     : option[17]=--runtime-arg
06-01 08:57:11.344  3755  3755 I art     : option[18]=-Ximage-compiler-option
06-01 08:57:11.344  3755  3755 I art     : option[19]=-Xms64m
06-01 08:57:11.344  3755  3755 I art     : option[20]=-Ximage-compiler-option
06-01 08:57:11.344  3755  3755 I art     : option[21]=--runtime-arg
06-01 08:57:11.344  3755  3755 I art     : option[22]=-Ximage-compiler-option
06-01 08:57:11.344  3755  3755 I art     : option[23]=-Xmx64m
06-01 08:57:11.344  3755  3755 I art     : option[24]=-Ximage-compiler-option
06-01 08:57:11.344  3755  3755 I art     : option[25]=--compiler-filter=verify-at-runtime
06-01 08:57:11.344  3755  3755 I art     : option[26]=-Ximage-compiler-option
06-01 08:57:11.344  3755  3755 I art     : option[27]=--image-classes=/system/etc/preloaded-classes
06-01 08:57:11.344  3755  3755 I art     : option[28]=-Xcompiler-option
06-01 08:57:11.344  3755  3755 I art     : option[29]=--runtime-arg
06-01 08:57:11.344  3755  3755 I art     : option[30]=-Xcompiler-option
06-01 08:57:11.344  3755  3755 I art     : option[31]=-Xms64m
06-01 08:57:11.344  3755  3755 I art     : option[32]=-Xcompiler-option
06-01 08:57:11.344  3755  3755 I art     : option[33]=--runtime-arg
06-01 08:57:11.344  3755  3755 I art     : option[34]=-Xcompiler-option
06-01 08:57:11.344  3755  3755 I art     : option[35]=-Xmx512m
06-01 08:57:11.344  3755  3755 I art     : option[36]=-Xcompiler-option
06-01 08:57:11.344  3755  3755 I art     : option[37]=--compiler-filter=verify-at-runtime
06-01 08:57:11.344  3755  3755 I art     : option[38]=-Ximage-compiler-option
06-01 08:57:11.344  3755  3755 I art     : option[39]=--instruction-set-variant=generic
06-01 08:57:11.344  3755  3755 I art     : option[40]=-Xcompiler-option
06-01 08:57:11.344  3755  3755 I art     : option[41]=--instruction-set-variant=generic
06-01 08:57:11.344  3755  3755 I art     : option[42]=-Ximage-compiler-option
06-01 08:57:11.344  3755  3755 I art     : option[43]=--instruction-set-features=default
06-01 08:57:11.344  3755  3755 I art     : option[44]=-Xcompiler-option
06-01 08:57:11.344  3755  3755 I art     : option[45]=--instruction-set-features=default
06-01 08:57:11.344  3755  3755 I art     : option[46]=-Duser.locale=en-US
06-01 08:57:11.344  3755  3755 I art     : option[47]=--cpu-abilist=arm64-v8a,armeabi
06-01 08:57:11.344  3755  3755 I art     : option[48]=-Xfingerprint:samsung/cm_hero2ltexx/hero2ltexx:6.0.1/MOB30J/4f0fbab6f5:eng/test-keys
06-01 08:57:11.370  3755  3755 D ICU     : No timezone override file found: /data/misc/zoneinfo/current/icu/icu_tzdata.dat
06-01 08:57:11.391  2978  2978 F DEBUG   : *** *** *** *** *** *** *** *** *** *** *** *** *** *** *** ***
06-01 08:57:11.391  2978  2978 F DEBUG   : Build fingerprint: 'samsung/cm_hero2ltexx/hero2ltexx:6.0.1/MOB30J/4f0fbab6f5:eng/test-keys'
06-01 08:57:11.391  2978  2978 F DEBUG   : Revision: '0'
06-01 08:57:11.391  2978  2978 F DEBUG   : ABI: 'arm64'
06-01 08:57:11.391  2978  2978 F DEBUG   : pid: 3753, tid: 3753, name: surfaceflinger  >>> /system/bin/surfaceflinger <<<
06-01 08:57:11.391  2978  2978 F DEBUG   : signal 6 (SIGABRT), code -6 (SI_TKILL), fault addr --------
06-01 08:57:11.394  2978  2978 F DEBUG   : Abort message: 'ioctl DECON_WIN_CONFIG failed to clear screen: Not a typewriter'
06-01 08:57:11.394  2978  2978 F DEBUG   :     x0   0000000000000000  x1   0000000000000ea9  x2   0000000000000006  x3   0000000000000000
06-01 08:57:11.394  2978  2978 F DEBUG   :     x4   0000000000000000  x5   0000000000000001  x6   0000000000000000  x7   0000000000000000
06-01 08:57:11.394  2978  2978 F DEBUG   :     x8   0000000000000083  x9   0000000000000049  x10  0000007ff90657ec  x11  0000007ff9065828
06-01 08:57:11.394  2978  2978 F DEBUG   :     x12  0000007ff9065700  x13  0000000000000040  x14  0000007ff90658d8  x15  0000000000000000
06-01 08:57:11.394  2978  2978 F DEBUG   :     x16  0000007f84706580  x17  0000007f84698fcc  x18  0000007f848b8f00  x19  0000007f849ad0d8
06-01 08:57:11.394  2978  2978 F DEBUG   :     x20  0000007f849ad018  x21  0000000000000019  x22  0000000000000006  x23  00000000ffffffff
06-01 08:57:11.394  2978  2978 F DEBUG   :     x24  0000007f8164b000  x25  0000000000000018  x26  0000007f8415d820  x27  0000007f84933000
06-01 08:57:11.394  2978  2978 F DEBUG   :     x28  0000000000000001  x29  0000007ff9065790  x30  0000007f84696768
06-01 08:57:11.394  2978  2978 F DEBUG   :     sp   0000007ff9065790  pc   0000007f84698fd4  pstate 0000000020000000
06-01 08:57:11.399  2978  2978 F DEBUG   : 
06-01 08:57:11.399  2978  2978 F DEBUG   : backtrace:
06-01 08:57:11.399  2978  2978 F DEBUG   :     #00 pc 0000000000068fd4  /system/lib64/libc.so (tgkill+8)
06-01 08:57:11.399  2978  2978 F DEBUG   :     #01 pc 0000000000066764  /system/lib64/libc.so (pthread_kill+68)
06-01 08:57:11.399  2978  2978 F DEBUG   :     #02 pc 0000000000023448  /system/lib64/libc.so (raise+28)
06-01 08:57:11.399  2978  2978 F DEBUG   :     #03 pc 000000000001dbe8  /system/lib64/libc.so (abort+60)
06-01 08:57:11.399  2978  2978 F DEBUG   :     #04 pc 0000000000003a7c  /system/lib64/liblog.so (__android_log_assert+236)
06-01 08:57:11.399  2978  2978 F DEBUG   :     #05 pc 00000000000036c8  /system/lib64/libdisplay.so (_ZN20ExynosOverlayDisplay12clearDisplayEv+124)
06-01 08:57:11.399  2978  2978 F DEBUG   :     #06 pc 000000000000375c  /system/lib64/libdisplay.so (_ZN20ExynosOverlayDisplay3setEP22hwc_display_contents_1+144)
06-01 08:57:11.399  2978  2978 F DEBUG   :     #07 pc 00000000000025cc  /system/lib64/hw/hwcomposer.exynos5.so (_Z11exynos5_setP21hwc_composer_device_1mPP22hwc_display_contents_1+88)
06-01 08:57:11.399  2978  2978 F DEBUG   :     #08 pc 000000000003cf5c  /system/lib64/libsurfaceflinger.so
06-01 08:57:11.399  2978  2978 F DEBUG   :     #09 pc 000000000002fc74  /system/lib64/libsurfaceflinger.so
06-01 08:57:11.399  2978  2978 F DEBUG   :     #10 pc 000000000002f300  /system/lib64/libsurfaceflinger.so
06-01 08:57:11.399  2978  2978 F DEBUG   :     #11 pc 000000000002e1a0  /system/lib64/libsurfaceflinger.so
06-01 08:57:11.399  2978  2978 F DEBUG   :     #12 pc 000000000002df08  /system/lib64/libsurfaceflinger.so
06-01 08:57:11.399  2978  2978 F DEBUG   :     #13 pc 000000000001aed4  /system/lib64/libutils.so (_ZN7android6Looper9pollInnerEi+312)
06-01 08:57:11.399  2978  2978 F DEBUG   :     #14 pc 000000000001b20c  /system/lib64/libutils.so (_ZN7android6Looper8pollOnceEiPiS1_PPv+80)
06-01 08:57:11.399  2978  2978 F DEBUG   :     #15 pc 000000000002a344  /system/lib64/libsurfaceflinger.so
06-01 08:57:11.399  2978  2978 F DEBUG   :     #16 pc 000000000002d9fc  /system/lib64/libsurfaceflinger.so (_ZN7android14SurfaceFlinger3runEv+20)
06-01 08:57:11.399  2978  2978 F DEBUG   :     #17 pc 00000000000011ec  /system/bin/surfaceflinger
06-01 08:57:11.399  2978  2978 F DEBUG   :     #18 pc 000000000001bcd8  /system/lib64/libc.so (__libc_init+100)
06-01 08:57:11.399  2978  2978 F DEBUG   :     #19 pc 000000000000101c  /system/bin/surfaceflinger
06-01 08:57:11.491  2978  2978 F DEBUG   : 
06-01 08:57:11.491  2978  2978 F DEBUG   : Tombstone written to: /data/tombstones/tombstone_09
06-01 08:57:11.507  3755  3755 I Radio-JNI: register_android_hardware_Radio DONE
06-01 08:57:11.541  3781  3790 E SurfaceControl: invalid handle (0x0) or client (0x7fb2e1c640)
06-01 08:57:11.541  3781  3787 W SurfaceComposerClient: ComposerService remote (surfaceflinger) died [0x7fb2e23320]
06-01 08:57:11.541  3781  3787 D BootAnimation: SurfaceFlinger died, exiting...
06-01 08:57:11.541  2921  2921 I ServiceManager: service 'SurfaceFlinger' died
06-01 08:57:11.541  2921  2921 I ServiceManager: service 'Exynos.HWCService' died
06-01 08:57:11.551  2921  2921 I ServiceManager: service 'media.audio_flinger' died
06-01 08:57:11.551  2921  2921 I ServiceManager: service 'media.player' died
06-01 08:57:11.551  2921  2921 I ServiceManager: service 'media.resource_manager' died
06-01 08:57:11.551  2921  2921 I ServiceManager: service 'media.camera' died
06-01 08:57:15.569  3847  3847 I Netd    : Netd 1.0 starting
06-01 08:57:15.570  3847  3847 I QtiConnectivityAdapter: Failed to open libconnctrl, some features may not be present.
06-01 08:57:15.570  3847  3847 D TetherController: Setting IP forward enable = 0
06-01 08:57:15.573  3849  3849 I SurfaceFlinger: SurfaceFlinger is starting
06-01 08:57:15.573  3849  3849 E SchedPolicy: /system/bin/surfaceflinger add_tid_to_cgroup failed; fd=-1
06-01 08:57:15.573  3849  3849 I SurfaceFlinger: SurfaceFlinger's main thread ready to run. Initializing graphics H/W...
06-01 08:57:15.569  2993  2993 W auditd  : type=1325 audit(0.0:454): table=filter family=2 entries=27
06-01 08:57:15.569  2993  2993 W auditd  : type=1320 audit(0.0:454): 
06-01 08:57:15.580  3849  3849 D libEGL  : loaded /vendor/lib64/egl/libGLES_mali.so
06-01 08:57:15.579  2993  2993 W auditd  : type=1325 audit(0.0:455): table=filter family=10 entries=29
06-01 08:57:15.579  2993  2993 W auditd  : type=1320 audit(0.0:455): 
06-01 08:57:15.587  3849  3849 I gralloc : using (id=)
06-01 08:57:15.587  3849  3849 I gralloc : xres         = 1440 px
06-01 08:57:15.587  3849  3849 I gralloc : yres         = 2560 px
06-01 08:57:15.587  3849  3849 I gralloc : width        = 68 mm (537.882324 dpi)
06-01 08:57:15.587  3849  3849 I gralloc : height       = 122 mm (532.983582 dpi)
06-01 08:57:15.587  3849  3849 I gralloc : refresh rate = 59.31 Hz
06-01 08:57:15.594  3849  3849 D hwcomposer: using
06-01 08:57:15.594  3849  3849 D hwcomposer: xres         = 1440 px
06-01 08:57:15.594  3849  3849 D hwcomposer: yres         = 2560 px
06-01 08:57:15.594  3849  3849 D hwcomposer: width        = 68 mm (537.882000 dpi)
06-01 08:57:15.594  3849  3849 D hwcomposer: height       = 122 mm (532.983000 dpi)
06-01 08:57:15.594  3849  3849 D hwcomposer: refresh rate = 59 Hz
06-01 08:57:15.594  3849  3849 I hwcomposer: PSR info devname = /sys/devices/13960000.decon_f/psr_info
06-01 08:57:15.594  3849  3849 I hwcomposer: PSR mode is 6(0: video mode, 1: DP PSR mode, 2: MIPI-DSI command mode)
06-01 08:57:15.595  3849  3849 I SurfaceFlinger: Using composer version 1.3
06-01 08:57:15.595  3849  3849 E display : unknown display attribute 6
06-01 08:57:15.595  3849  3849 I SurfaceFlinger: EGL information:
06-01 08:57:15.595  3849  3849 I SurfaceFlinger: vendor    : Android
06-01 08:57:15.595  3849  3849 I SurfaceFlinger: version   : 1.4 Android META-EGL
06-01 08:57:15.595  3849  3849 I SurfaceFlinger: extensions: EGL_KHR_get_all_proc_addresses EGL_ANDROID_presentation_time EGL_KHR_swap_buffers_with_damage EGL_KHR_image EGL_KHR_image_base EGL_KHR_gl_texture_2D_image EGL_KHR_gl_texture_cubemap_image EGL_KHR_gl_renderbuffer_image EGL_KHR_fence_sync EGL_KHR_create_context EGL_KHR_config_attribs EGL_KHR_surfaceless_context EGL_EXT_create_context_robustness EGL_ANDROID_image_native_buffer EGL_KHR_wait_sync EGL_ANDROID_recordable EGL_KHR_partial_update 
06-01 08:57:15.595  3849  3849 I SurfaceFlinger: Client API: OpenGL_ES
06-01 08:57:15.595  3849  3849 I SurfaceFlinger: EGLSurface: 8-8-8-8, config=0x7f8763b128
06-01 08:57:15.589  2993  2993 W auditd  : type=1325 audit(0.0:456): table=filter family=2 entries=26
06-01 08:57:15.589  2993  2993 W auditd  : type=1320 audit(0.0:456): 
06-01 08:57:15.596  3849  3849 D         : ro.exynos.dss isEnabled: 0
06-01 08:57:15.598  3849  3849 I SurfaceFlinger: OpenGL ES informations:
06-01 08:57:15.598  3849  3849 I SurfaceFlinger: vendor    : ARM
06-01 08:57:15.598  3849  3849 I SurfaceFlinger: renderer  : Mali-T880
06-01 08:57:15.598  3849  3849 I SurfaceFlinger: version   : OpenGL ES 3.1 v1.r9p0-12dev0.c2bae768d87bf40047e1f310c8de7f16
06-01 08:57:15.598  3849  3849 I SurfaceFlinger: extensions: GL_EXT_debug_marker GL_ARM_rgba8 GL_ARM_mali_shader_binary GL_OES_depth24 GL_OES_depth_texture GL_OES_depth_texture_cube_map GL_OES_packed_depth_stencil GL_OES_rgb8_rgba8 GL_EXT_read_format_bgra GL_OES_compressed_paletted_texture GL_OES_compressed_ETC1_RGB8_texture GL_OES_standard_derivatives GL_OES_EGL_image GL_OES_EGL_image_external GL_OES_EGL_sync GL_OES_texture_npot GL_OES_vertex_half_float GL_OES_required_internalformat GL_OES_vertex_array_object GL_OES_mapbuffer GL_EXT_texture_format_BGRA8888 GL_EXT_texture_rg GL_EXT_texture_type_2_10_10_10_REV GL_OES_fbo_render_mipmap GL_OES_element_index_uint GL_EXT_shadow_samplers GL_OES_texture_compression_astc GL_KHR_texture_compression_astc_ldr GL_KHR_texture_compression_astc_hdr GL_KHR_debug GL_EXT_occlusion_query_boolean GL_EXT_disjoint_timer_query GL_EXT_blend_minmax GL_EXT_discard_framebuffer GL_OES_get_program_binary GL_OES_texture_3D GL_EXT_texture_storage GL_EXT_multisampled_render_to_texture GL_OES_surfaceless_context GL_OES_texture_stencil8 G
06-01 08:57:15.598  3849  3849 I SurfaceFlinger: GL_MAX_TEXTURE_SIZE = 8192
06-01 08:57:15.598  3849  3849 I SurfaceFlinger: GL_MAX_VIEWPORT_DIMS = 8192
06-01 08:57:15.598  3849  3849 D mali_winsys: new_window_surface returns 0x3000,  [1440x2560]-format:1
06-01 08:57:15.599  3849  3849 D SurfaceFlinger: Set power mode=2, type=0 flinger=0x7f87603c00
06-01 08:57:15.599  2993  2993 W auditd  : type=1325 audit(0.0:457): table=filter family=10 entries=28
06-01 08:57:15.599  2993  2993 W auditd  : type=1320 audit(0.0:457): 
06-01 08:57:15.599  2993  2993 W auditd  : type=1325 audit(0.0:458): table=filter family=2 entries=26
06-01 08:57:15.599  2993  2993 W auditd  : type=1320 audit(0.0:458): 
06-01 08:57:15.609  2993  2993 W auditd  : type=1325 audit(0.0:459): table=filter family=10 entries=28
06-01 08:57:15.609  2993  2993 W auditd  : type=1320 audit(0.0:459): 
06-01 08:57:15.609  2993  2993 W auditd  : type=1325 audit(0.0:460): table=filter family=2 entries=24
06-01 08:57:15.609  2993  2993 W auditd  : type=1320 audit(0.0:460): 
06-01 08:57:15.619  2993  2993 W auditd  : type=1325 audit(0.0:461): table=filter family=10 entries=26
06-01 08:57:15.619  2993  2993 W auditd  : type=1320 audit(0.0:461): 
06-01 08:57:15.619  2993  2993 W auditd  : type=1325 audit(0.0:462): table=filter family=2 entries=26
06-01 08:57:15.619  2993  2993 W auditd  : type=1320 audit(0.0:462): 
06-01 08:57:15.639  2993  2993 W auditd  : type=1325 audit(0.0:463): table=filter family=10 entries=28
06-01 08:57:15.639  2993  2993 W auditd  : type=1320 audit(0.0:463): 
06-01 08:57:15.697  3850  3850 I mediaserver: ServiceManager: 0xf670e260
06-01 08:57:15.697  3850  3850 I AudioFlinger: Using default 3000 mSec as standby time.
06-01 08:57:15.697  3850  3850 E BatteryNotifier: batterystats service unavailable!
06-01 08:57:15.697  3850  3850 E BatteryNotifier: batterystats service unavailable!
06-01 08:57:15.698  3850  3850 I CameraService: CameraService started (pid=3850)
06-01 08:57:15.698  3850  3850 I CameraService: CameraService process starting
06-01 08:57:15.698  3850  3850 E BatteryNotifier: batterystats service unavailable!
06-01 08:57:15.698  3850  3850 E BatteryNotifier: batterystats service unavailable!
06-01 08:57:15.698  3850  3850 E CameraService: Could not load camera HAL module: -2 (No such file or directory)
06-01 08:57:15.699  3850  3850 I AudioPolicyService: AudioPolicyService CSTOR in new mode
06-01 08:57:15.699  3850  3850 W APM::HwModule: loadOutput() invalid supported devices
06-01 08:57:15.699  3850  3850 W APM::HwModule: loadOutput() invalid supported devices
06-01 08:57:15.699  3850  3850 W APM::HwModule: loadInput() invalid supported devices
06-01 08:57:15.699  3850  3850 W APM::HwModule: loadInput() invalid supported devices
06-01 08:57:15.699  3850  3850 I APM::ConfigParsingUtils: loadAudioPolicyConfig() loaded /system/etc/audio_policy.conf
06-01 08:57:15.751  3849  3849 D SurfaceFlinger: SF. shader cache generated - 26 shaders in 119.373276 ms
06-01 08:57:15.756  3849  3849 E display : ioctl DECON_WIN_CONFIG failed: Not a typewriter
06-01 08:57:15.756  3849  3849 F display : ioctl DECON_WIN_CONFIG failed to clear screen: Not a typewriter
06-01 08:57:15.756  3849  3849 F libc    : Fatal signal 6 (SIGABRT), code -6 in tid 3849 (surfaceflinger)
06-01 08:57:15.756  2978  2978 I DEBUG   : property debug.db.uid not set; NOT waiting for gdb.
06-01 08:57:15.756  2978  2978 I DEBUG   : HINT: adb shell setprop debug.db.uid 100000
06-01 08:57:15.756  2978  2978 I DEBUG   : HINT: adb forward tcp:5039 tcp:5039
06-01 08:57:15.775  3851  3851 D AndroidRuntime: >>>>>> START com.android.internal.os.ZygoteInit uid 0 <<<<<<
06-01 08:57:15.777  3851  3851 D AndroidRuntime: CheckJNI is ON
06-01 08:57:15.778  3851  3851 I art     : option[0]=-Xzygote
06-01 08:57:15.778  3851  3851 I art     : option[1]=-Xcheck:jni
06-01 08:57:15.778  3851  3851 I art     : option[2]=-Xstacktracefile:/data/anr/traces.txt
06-01 08:57:15.778  3851  3851 I art     : option[3]=exit
06-01 08:57:15.778  3851  3851 I art     : option[4]=vfprintf
06-01 08:57:15.778  3851  3851 I art     : option[5]=sensitiveThread
06-01 08:57:15.778  3851  3851 I art     : option[6]=-verbose:gc
06-01 08:57:15.778  3851  3851 I art     : option[7]=-Xms8m
06-01 08:57:15.778  3851  3851 I art     : option[8]=-Xmx512m
06-01 08:57:15.778  3851  3851 I art     : option[9]=-XX:HeapGrowthLimit=256m
06-01 08:57:15.778  3851  3851 I art     : option[10]=-XX:HeapMinFree=2m
06-01 08:57:15.778  3851  3851 I art     : option[11]=-XX:HeapMaxFree=8m
06-01 08:57:15.778  3851  3851 I art     : option[12]=-XX:HeapTargetUtilization=0.75
06-01 08:57:15.778  3851  3851 I art     : option[13]=-Xusejit:true
06-01 08:57:15.778  3851  3851 I art     : option[14]=-agentlib:jdwp=transport=dt_android_adb,suspend=n,server=y
06-01 08:57:15.778  3851  3851 I art     : option[15]=-Xlockprofthreshold:500
06-01 08:57:15.778  3851  3851 I art     : option[16]=-Ximage-compiler-option
06-01 08:57:15.778  3851  3851 I art     : option[17]=--runtime-arg
06-01 08:57:15.778  3851  3851 I art     : option[18]=-Ximage-compiler-option
06-01 08:57:15.778  3851  3851 I art     : option[19]=-Xms64m
06-01 08:57:15.778  3851  3851 I art     : option[20]=-Ximage-compiler-option
06-01 08:57:15.778  3851  3851 I art     : option[21]=--runtime-arg
06-01 08:57:15.778  3851  3851 I art     : option[22]=-Ximage-compiler-option
06-01 08:57:15.778  3851  3851 I art     : option[23]=-Xmx64m
06-01 08:57:15.778  3851  3851 I art     : option[24]=-Ximage-compiler-option
06-01 08:57:15.778  3851  3851 I art     : option[25]=--compiler-filter=verify-at-runtime
06-01 08:57:15.778  3851  3851 I art     : option[26]=-Ximage-compiler-option
06-01 08:57:15.778  3851  3851 I art     : option[27]=--image-classes=/system/etc/preloaded-classes
06-01 08:57:15.778  3851  3851 I art     : option[28]=-Xcompiler-option
06-01 08:57:15.778  3851  3851 I art     : option[29]=--runtime-arg
06-01 08:57:15.778  3851  3851 I art     : option[30]=-Xcompiler-option
06-01 08:57:15.778  3851  3851 I art     : option[31]=-Xms64m
06-01 08:57:15.778  3851  3851 I art     : option[32]=-Xcompiler-option
06-01 08:57:15.778  3851  3851 I art     : option[33]=--runtime-arg
06-01 08:57:15.778  3851  3851 I art     : option[34]=-Xcompiler-option
06-01 08:57:15.778  3851  3851 I art     : option[35]=-Xmx512m
06-01 08:57:15.778  3851  3851 I art     : option[36]=-Xcompiler-option
06-01 08:57:15.778  3851  3851 I art     : option[37]=--compiler-filter=verify-at-runtime
06-01 08:57:15.778  3851  3851 I art     : option[38]=-Ximage-compiler-option
06-01 08:57:15.778  3851  3851 I art     : option[39]=--instruction-set-variant=generic
06-01 08:57:15.778  3851  3851 I art     : option[40]=-Xcompiler-option
06-01 08:57:15.778  3851  3851 I art     : option[41]=--instruction-set-variant=generic
06-01 08:57:15.778  3851  3851 I art     : option[42]=-Ximage-compiler-option
06-01 08:57:15.778  3851  3851 I art     : option[43]=--instruction-set-features=default
06-01 08:57:15.778  3851  3851 I art     : option[44]=-Xcompiler-option
06-01 08:57:15.778  3851  3851 I art     : option[45]=--instruction-set-features=default
06-01 08:57:15.778  3851  3851 I art     : option[46]=-Duser.locale=en-US
06-01 08:57:15.778  3851  3851 I art     : option[47]=--cpu-abilist=arm64-v8a,armeabi
06-01 08:57:15.778  3851  3851 I art     : option[48]=-Xfingerprint:samsung/cm_hero2ltexx/hero2ltexx:6.0.1/MOB30J/4f0fbab6f5:eng/test-keys
06-01 08:57:15.803  3851  3851 D ICU     : No timezone override file found: /data/misc/zoneinfo/current/icu/icu_tzdata.dat
06-01 08:57:15.810  2978  2978 F DEBUG   : *** *** *** *** *** *** *** *** *** *** *** *** *** *** *** ***
06-01 08:57:15.810  2978  2978 F DEBUG   : Build fingerprint: 'samsung/cm_hero2ltexx/hero2ltexx:6.0.1/MOB30J/4f0fbab6f5:eng/test-keys'
06-01 08:57:15.810  2978  2978 F DEBUG   : Revision: '0'
06-01 08:57:15.810  2978  2978 F DEBUG   : ABI: 'arm64'
06-01 08:57:15.810  2978  2978 F DEBUG   : pid: 3849, tid: 3849, name: surfaceflinger  >>> /system/bin/surfaceflinger <<<
06-01 08:57:15.810  2978  2978 F DEBUG   : signal 6 (SIGABRT), code -6 (SI_TKILL), fault addr --------
06-01 08:57:15.813  2978  2978 F DEBUG   : Abort message: 'ioctl DECON_WIN_CONFIG failed to clear screen: Not a typewriter'
06-01 08:57:15.813  2978  2978 F DEBUG   :     x0   0000000000000000  x1   0000000000000f09  x2   0000000000000006  x3   0000000000000000
06-01 08:57:15.813  2978  2978 F DEBUG   :     x4   0000000000000000  x5   0000000000000001  x6   0000000000000000  x7   0000000000000000
06-01 08:57:15.813  2978  2978 F DEBUG   :     x8   0000000000000083  x9   0000000000000049  x10  0000007fe74245fc  x11  0000007fe7424638
06-01 08:57:15.813  2978  2978 F DEBUG   :     x12  0000007fe7424510  x13  0000000000000040  x14  0000007fe74246e8  x15  0000000000000000
06-01 08:57:15.813  2978  2978 F DEBUG   :     x16  0000007f87bdc580  x17  0000007f87b6efcc  x18  0000007f87d8ef00  x19  0000007f87e830d8
06-01 08:57:15.813  2978  2978 F DEBUG   :     x20  0000007f87e83018  x21  0000000000000019  x22  0000000000000006  x23  00000000ffffffff
06-01 08:57:15.813  2978  2978 F DEBUG   :     x24  0000007f84b4b000  x25  0000000000000018  x26  0000007f8761d820  x27  0000007f87e09000
06-01 08:57:15.813  2978  2978 F DEBUG   :     x28  0000000000000001  x29  0000007fe74245a0  x30  0000007f87b6c768
06-01 08:57:15.813  2978  2978 F DEBUG   :     sp   0000007fe74245a0  pc   0000007f87b6efd4  pstate 0000000020000000
06-01 08:57:15.818  2978  2978 F DEBUG   : 
06-01 08:57:15.818  2978  2978 F DEBUG   : backtrace:
06-01 08:57:15.818  2978  2978 F DEBUG   :     #00 pc 0000000000068fd4  /system/lib64/libc.so (tgkill+8)
06-01 08:57:15.818  2978  2978 F DEBUG   :     #01 pc 0000000000066764  /system/lib64/libc.so (pthread_kill+68)
06-01 08:57:15.818  2978  2978 F DEBUG   :     #02 pc 0000000000023448  /system/lib64/libc.so (raise+28)
06-01 08:57:15.818  2978  2978 F DEBUG   :     #03 pc 000000000001dbe8  /system/lib64/libc.so (abort+60)
06-01 08:57:15.818  2978  2978 F DEBUG   :     #04 pc 0000000000003a7c  /system/lib64/liblog.so (__android_log_assert+236)
06-01 08:57:15.818  2978  2978 F DEBUG   :     #05 pc 00000000000036c8  /system/lib64/libdisplay.so (_ZN20ExynosOverlayDisplay12clearDisplayEv+124)
06-01 08:57:15.818  2978  2978 F DEBUG   :     #06 pc 000000000000375c  /system/lib64/libdisplay.so (_ZN20ExynosOverlayDisplay3setEP22hwc_display_contents_1+144)
06-01 08:57:15.818  2978  2978 F DEBUG   :     #07 pc 00000000000025cc  /system/lib64/hw/hwcomposer.exynos5.so (_Z11exynos5_setP21hwc_composer_device_1mPP22hwc_display_contents_1+88)
