06-15 17:32:49.124  2921  2921 E display : [PrimaryDisplay] framebuffer target expected, but not provided
06-15 17:32:49.156  2921  2921 E display : VPP should be assigned to FramebufferTarget but it was failed ret(0)
06-15 17:32:49.158  2921  2921 E display : [PrimaryDisplay] framebuffer target expected, but not provided
06-15 17:32:49.190  2921  2921 E display : VPP should be assigned to FramebufferTarget but it was failed ret(0)
06-15 17:32:49.192  2921  2921 E display : [PrimaryDisplay] framebuffer target expected, but not provided
06-15 17:32:49.224  2921  2921 E display : VPP should be assigned to FramebufferTarget but it was failed ret(0)
06-15 17:32:49.226  2921  2921 E display : [PrimaryDisplay] framebuffer target expected, but not provided
06-15 17:32:49.258  2921  2921 E display : VPP should be assigned to FramebufferTarget but it was failed ret(0)
06-15 17:32:49.260  2921  2921 E display : [PrimaryDisplay] framebuffer target expected, but not provided
06-15 17:32:49.292  2921  2921 E display : VPP should be assigned to FramebufferTarget but it was failed ret(0)
06-15 17:32:49.294  2921  2921 E display : [PrimaryDisplay] framebuffer target expected, but not provided
06-15 17:32:49.326  2921  2921 E display : VPP should be assigned to FramebufferTarget but it was failed ret(0)
06-15 17:32:49.328  2921  2921 E display : [PrimaryDisplay] framebuffer target expected, but not provided
06-15 17:32:49.360  2921  2921 E display : VPP should be assigned to FramebufferTarget but it was failed ret(0)
06-15 17:32:49.362  2921  2921 E display : [PrimaryDisplay] framebuffer target expected, but not provided
06-15 17:32:49.394  2921  2921 E display : VPP should be assigned to FramebufferTarget but it was failed ret(0)
06-15 17:32:49.396  2921  2921 E display : [PrimaryDisplay] framebuffer target expected, but not provided
06-15 17:32:49.428  2921  2921 E display : VPP should be assigned to FramebufferTarget but it was failed ret(0)
06-15 17:32:49.430  2921  2921 E display : [PrimaryDisplay] framebuffer target expected, but not provided
06-15 17:32:49.461  2921  2921 E display : VPP should be assigned to FramebufferTarget but it was failed ret(0)
06-15 17:32:49.463  2921  2921 E display : [PrimaryDisplay] framebuffer target expected, but not provided
06-15 17:32:49.495  2921  2921 E display : VPP should be assigned to FramebufferTarget but it was failed ret(0)
06-15 17:32:49.497  2921  2921 E display : [PrimaryDisplay] framebuffer target expected, but not provided
06-15 17:32:49.514  3399  3399 W Zygote  : Got error connecting to zygote, retrying. msg= No such file or directory
06-15 17:32:49.529  2921  2921 E display : VPP should be assigned to FramebufferTarget but it was failed ret(0)
06-15 17:32:49.531  2921  2921 E display : [PrimaryDisplay] framebuffer target expected, but not provided
06-15 17:32:49.563  2921  2921 E display : VPP should be assigned to FramebufferTarget but it was failed ret(0)
06-15 17:32:49.565  2921  2921 E display : [PrimaryDisplay] framebuffer target expected, but not provided
06-15 17:32:49.597  2921  2921 E display : VPP should be assigned to FramebufferTarget but it was failed ret(0)
06-15 17:32:49.599  2921  2921 E display : [PrimaryDisplay] framebuffer target expected, but not provided
06-15 17:32:49.631  2921  2921 E display : VPP should be assigned to FramebufferTarget but it was failed ret(0)
06-15 17:32:49.633  2921  2921 E display : [PrimaryDisplay] framebuffer target expected, but not provided
06-15 17:32:49.665  2921  2921 E display : VPP should be assigned to FramebufferTarget but it was failed ret(0)
06-15 17:32:49.667  2921  2921 E display : [PrimaryDisplay] framebuffer target expected, but not provided
06-15 17:32:49.699  2921  2921 E display : VPP should be assigned to FramebufferTarget but it was failed ret(0)
06-15 17:32:49.701  2921  2921 E display : [PrimaryDisplay] framebuffer target expected, but not provided
06-15 17:32:49.733  2921  2921 E display : VPP should be assigned to FramebufferTarget but it was failed ret(0)
06-15 17:32:49.735  2921  2921 E display : [PrimaryDisplay] framebuffer target expected, but not provided
06-15 17:32:49.766  2921  2921 E display : VPP should be assigned to FramebufferTarget but it was failed ret(0)
06-15 17:32:49.768  2921  2921 E display : [PrimaryDisplay] framebuffer target expected, but not provided
06-15 17:32:49.800  2921  2921 E display : VPP should be assigned to FramebufferTarget but it was failed ret(0)
06-15 17:32:49.802  2921  2921 E display : [PrimaryDisplay] framebuffer target expected, but not provided
06-15 17:32:49.834  2921  2921 E display : VPP should be assigned to FramebufferTarget but it was failed ret(0)
06-15 17:32:49.836  2921  2921 E display : [PrimaryDisplay] framebuffer target expected, but not provided
06-15 17:32:49.868  2921  2921 E display : VPP should be assigned to FramebufferTarget but it was failed ret(0)
06-15 17:32:49.871  2921  2921 E display : [PrimaryDisplay] framebuffer target expected, but not provided
06-15 17:32:49.902  2921  2921 E display : VPP should be assigned to FramebufferTarget but it was failed ret(0)
06-15 17:32:49.904  2921  2921 E display : [PrimaryDisplay] framebuffer target expected, but not provided
06-15 17:32:49.936  2921  2921 E display : VPP should be assigned to FramebufferTarget but it was failed ret(0)
06-15 17:32:49.938  2921  2921 E display : [PrimaryDisplay] framebuffer target expected, but not provided
06-15 17:32:49.970  2921  2921 E display : VPP should be assigned to FramebufferTarget but it was failed ret(0)
06-15 17:32:49.972  2921  2921 E display : [PrimaryDisplay] framebuffer target expected, but not provided
06-15 17:32:50.004  2921  2921 E display : VPP should be assigned to FramebufferTarget but it was failed ret(0)
06-15 17:32:50.006  2921  2921 E display : [PrimaryDisplay] framebuffer target expected, but not provided
06-15 17:32:50.038  2921  2921 E display : VPP should be assigned to FramebufferTarget but it was failed ret(0)
06-15 17:32:50.040  2921  2921 E display : [PrimaryDisplay] framebuffer target expected, but not provided
06-15 17:32:50.071  2921  2921 E display : VPP should be assigned to FramebufferTarget but it was failed ret(0)
06-15 17:32:50.074  2921  2921 E display : [PrimaryDisplay] framebuffer target expected, but not provided
06-15 17:32:50.105  2921  2921 E display : VPP should be assigned to FramebufferTarget but it was failed ret(0)
06-15 17:32:50.108  2921  2921 E display : [PrimaryDisplay] framebuffer target expected, but not provided
06-15 17:32:50.139  2921  2921 E display : VPP should be assigned to FramebufferTarget but it was failed ret(0)
06-15 17:32:50.142  2921  2921 E display : [PrimaryDisplay] framebuffer target expected, but not provided
06-15 17:32:50.173  2921  2921 E display : VPP should be assigned to FramebufferTarget but it was failed ret(0)
06-15 17:32:50.176  2921  2921 E display : [PrimaryDisplay] framebuffer target expected, but not provided
06-15 17:32:50.207  2921  2921 E display : VPP should be assigned to FramebufferTarget but it was failed ret(0)
06-15 17:32:50.209  2921  2921 E display : [PrimaryDisplay] framebuffer target expected, but not provided
06-15 17:32:50.241  2921  2921 E display : VPP should be assigned to FramebufferTarget but it was failed ret(0)
06-15 17:32:50.243  2921  2921 E display : [PrimaryDisplay] framebuffer target expected, but not provided
06-15 17:32:50.275  2921  2921 E display : VPP should be assigned to FramebufferTarget but it was failed ret(0)
06-15 17:32:50.277  2921  2921 E display : [PrimaryDisplay] framebuffer target expected, but not provided
06-15 17:32:50.309  2921  2921 E display : VPP should be assigned to FramebufferTarget but it was failed ret(0)
06-15 17:32:50.311  2921  2921 E display : [PrimaryDisplay] framebuffer target expected, but not provided
06-15 17:32:50.326  2921  2921 E display : VPP should be assigned to FramebufferTarget but it was failed ret(0)
06-15 17:32:50.328  2921  2921 E display : [PrimaryDisplay] framebuffer target expected, but not provided
06-15 17:32:50.360  2921  2921 E display : VPP should be assigned to FramebufferTarget but it was failed ret(0)
06-15 17:32:50.362  2921  2921 E display : [PrimaryDisplay] framebuffer target expected, but not provided
06-15 17:32:50.393  2921  2921 E display : VPP should be assigned to FramebufferTarget but it was failed ret(0)
06-15 17:32:50.396  2921  2921 E display : [PrimaryDisplay] framebuffer target expected, but not provided
06-15 17:32:50.427  2921  2921 E display : VPP should be assigned to FramebufferTarget but it was failed ret(0)
06-15 17:32:50.429  2921  2921 E display : [PrimaryDisplay] framebuffer target expected, but not provided
06-15 17:32:50.461  2921  2921 E display : VPP should be assigned to FramebufferTarget but it was failed ret(0)
06-15 17:32:50.463  2921  2921 E display : [PrimaryDisplay] framebuffer target expected, but not provided
06-15 17:32:50.495  2921  2921 E display : VPP should be assigned to FramebufferTarget but it was failed ret(0)
06-15 17:32:50.497  2921  2921 E display : [PrimaryDisplay] framebuffer target expected, but not provided
06-15 17:32:50.515  3399  3399 W Zygote  : Got error connecting to zygote, retrying. msg= No such file or directory
06-15 17:32:50.529  2921  2921 E display : VPP should be assigned to FramebufferTarget but it was failed ret(0)
06-15 17:32:50.531  2921  2921 E display : [PrimaryDisplay] framebuffer target expected, but not provided
06-15 17:32:50.563  2921  2921 E display : VPP should be assigned to FramebufferTarget but it was failed ret(0)
06-15 17:32:50.565  2921  2921 E display : [PrimaryDisplay] framebuffer target expected, but not provided
06-15 17:32:50.597  2921  2921 E display : VPP should be assigned to FramebufferTarget but it was failed ret(0)
06-15 17:32:50.599  2921  2921 E display : [PrimaryDisplay] framebuffer target expected, but not provided
06-15 17:32:50.631  2921  2921 E display : VPP should be assigned to FramebufferTarget but it was failed ret(0)
06-15 17:32:50.633  2921  2921 E display : [PrimaryDisplay] framebuffer target expected, but not provided
06-15 17:32:50.665  2921  2921 E display : VPP should be assigned to FramebufferTarget but it was failed ret(0)
06-15 17:32:50.667  2921  2921 E display : [PrimaryDisplay] framebuffer target expected, but not provided
06-15 17:32:50.699  2921  2921 E display : VPP should be assigned to FramebufferTarget but it was failed ret(0)
06-15 17:32:50.701  2921  2921 E display : [PrimaryDisplay] framebuffer target expected, but not provided
06-15 17:32:50.733  2921  2921 E display : VPP should be assigned to FramebufferTarget but it was failed ret(0)
06-15 17:32:50.735  2921  2921 E display : [PrimaryDisplay] framebuffer target expected, but not provided
06-15 17:32:50.766  2921  2921 E display : VPP should be assigned to FramebufferTarget but it was failed ret(0)
06-15 17:32:50.768  2921  2921 E display : [PrimaryDisplay] framebuffer target expected, but not provided
06-15 17:32:50.800  2921  2921 E display : VPP should be assigned to FramebufferTarget but it was failed ret(0)
06-15 17:32:50.802  2921  2921 E display : [PrimaryDisplay] framebuffer target expected, but not provided
06-15 17:32:50.834  2921  2921 E display : VPP should be assigned to FramebufferTarget but it was failed ret(0)
06-15 17:32:50.836  2921  2921 E display : [PrimaryDisplay] framebuffer target expected, but not provided
06-15 17:32:50.868  2921  2921 E display : VPP should be assigned to FramebufferTarget but it was failed ret(0)
06-15 17:32:50.870  2921  2921 E display : [PrimaryDisplay] framebuffer target expected, but not provided
06-15 17:32:50.902  2921  2921 E display : VPP should be assigned to FramebufferTarget but it was failed ret(0)
06-15 17:32:50.904  2921  2921 E display : [PrimaryDisplay] framebuffer target expected, but not provided
06-15 17:32:50.936  2921  2921 E display : VPP should be assigned to FramebufferTarget but it was failed ret(0)
06-15 17:32:50.938  2921  2921 E display : [PrimaryDisplay] framebuffer target expected, but not provided
06-15 17:32:50.970  2921  2921 E display : VPP should be assigned to FramebufferTarget but it was failed ret(0)
06-15 17:32:50.972  2921  2921 E display : [PrimaryDisplay] framebuffer target expected, but not provided
06-15 17:32:51.004  2921  2921 E display : VPP should be assigned to FramebufferTarget but it was failed ret(0)
06-15 17:32:51.006  2921  2921 E display : [PrimaryDisplay] framebuffer target expected, but not provided
06-15 17:32:51.038  2921  2921 E display : VPP should be assigned to FramebufferTarget but it was failed ret(0)
06-15 17:32:51.040  2921  2921 E display : [PrimaryDisplay] framebuffer target expected, but not provided
06-15 17:32:51.072  2921  2921 E display : VPP should be assigned to FramebufferTarget but it was failed ret(0)
06-15 17:32:51.074  2921  2921 E display : [PrimaryDisplay] framebuffer target expected, but not provided
06-15 17:32:51.105  2921  2921 E display : VPP should be assigned to FramebufferTarget but it was failed ret(0)
06-15 17:32:51.108  2921  2921 E display : [PrimaryDisplay] framebuffer target expected, but not provided
06-15 17:32:51.139  2921  2921 E display : VPP should be assigned to FramebufferTarget but it was failed ret(0)
06-15 17:32:51.141  2921  2921 E display : [PrimaryDisplay] framebuffer target expected, but not provided
06-15 17:32:51.173  2921  2921 E display : VPP should be assigned to FramebufferTarget but it was failed ret(0)
06-15 17:32:51.175  2921  2921 E display : [PrimaryDisplay] framebuffer target expected, but not provided
06-15 17:32:51.207  2921  2921 E display : VPP should be assigned to FramebufferTarget but it was failed ret(0)
06-15 17:32:51.209  2921  2921 E display : [PrimaryDisplay] framebuffer target expected, but not provided
06-15 17:32:51.241  2921  2921 E display : VPP should be assigned to FramebufferTarget but it was failed ret(0)
06-15 17:32:51.243  2921  2921 E display : [PrimaryDisplay] framebuffer target expected, but not provided
06-15 17:32:51.275  2921  2921 E display : VPP should be assigned to FramebufferTarget but it was failed ret(0)
06-15 17:32:51.277  2921  2921 E display : [PrimaryDisplay] framebuffer target expected, but not provided
06-15 17:32:51.309  2921  2921 E display : VPP should be assigned to FramebufferTarget but it was failed ret(0)
06-15 17:32:51.311  2921  2921 E display : [PrimaryDisplay] framebuffer target expected, but not provided
06-15 17:32:51.343  2921  2921 E display : VPP should be assigned to FramebufferTarget but it was failed ret(0)
06-15 17:32:51.345  2921  2921 E display : [PrimaryDisplay] framebuffer target expected, but not provided
06-15 17:32:51.377  2921  2921 E display : VPP should be assigned to FramebufferTarget but it was failed ret(0)
06-15 17:32:51.379  2921  2921 E display : [PrimaryDisplay] framebuffer target expected, but not provided
06-15 17:32:51.411  2921  2921 E display : VPP should be assigned to FramebufferTarget but it was failed ret(0)
06-15 17:32:51.413  2921  2921 E display : [PrimaryDisplay] framebuffer target expected, but not provided
06-15 17:32:51.444  2921  2921 E display : VPP should be assigned to FramebufferTarget but it was failed ret(0)
06-15 17:32:51.447  2921  2921 E display : [PrimaryDisplay] framebuffer target expected, but not provided
06-15 17:32:51.478  2921  2921 E display : VPP should be assigned to FramebufferTarget but it was failed ret(0)
06-15 17:32:51.481  2921  2921 E display : [PrimaryDisplay] framebuffer target expected, but not provided
06-15 17:32:51.512  2921  2921 E display : VPP should be assigned to FramebufferTarget but it was failed ret(0)
06-15 17:32:51.514  2921  2921 E display : [PrimaryDisplay] framebuffer target expected, but not provided
06-15 17:32:51.515  3399  3399 W Zygote  : Got error connecting to zygote, retrying. msg= No such file or directory
06-15 17:32:51.546  2921  2921 E display : VPP should be assigned to FramebufferTarget but it was failed ret(0)
06-15 17:32:51.548  2921  2921 E display : [PrimaryDisplay] framebuffer target expected, but not provided
06-15 17:32:51.580  2921  2921 E display : VPP should be assigned to FramebufferTarget but it was failed ret(0)
06-15 17:32:51.582  2921  2921 E display : [PrimaryDisplay] framebuffer target expected, but not provided
06-15 17:32:51.614  2921  2921 E display : VPP should be assigned to FramebufferTarget but it was failed ret(0)
06-15 17:32:51.616  2921  2921 E display : [PrimaryDisplay] framebuffer target expected, but not provided
06-15 17:32:51.648  2921  2921 E display : VPP should be assigned to FramebufferTarget but it was failed ret(0)
06-15 17:32:51.650  2921  2921 E display : [PrimaryDisplay] framebuffer target expected, but not provided
06-15 17:32:51.665  2921  2921 E display : VPP should be assigned to FramebufferTarget but it was failed ret(0)
06-15 17:32:51.667  2921  2921 E display : [PrimaryDisplay] framebuffer target expected, but not provided
06-15 17:32:51.698  2921  2921 E display : VPP should be assigned to FramebufferTarget but it was failed ret(0)
06-15 17:32:51.701  2921  2921 E display : [PrimaryDisplay] framebuffer target expected, but not provided
06-15 17:32:51.732  2921  2921 E display : VPP should be assigned to FramebufferTarget but it was failed ret(0)
06-15 17:32:51.735  2921  2921 E display : [PrimaryDisplay] framebuffer target expected, but not provided
06-15 17:32:51.766  2921  2921 E display : VPP should be assigned to FramebufferTarget but it was failed ret(0)
06-15 17:32:51.769  2921  2921 E display : [PrimaryDisplay] framebuffer target expected, but not provided
06-15 17:32:51.800  2921  2921 E display : VPP should be assigned to FramebufferTarget but it was failed ret(0)
06-15 17:32:51.802  2921  2921 E display : [PrimaryDisplay] framebuffer target expected, but not provided
06-15 17:32:51.834  2921  2921 E display : VPP should be assigned to FramebufferTarget but it was failed ret(0)
06-15 17:32:51.836  2921  2921 E display : [PrimaryDisplay] framebuffer target expected, but not provided
06-15 17:32:51.868  2921  2921 E display : VPP should be assigned to FramebufferTarget but it was failed ret(0)
06-15 17:32:51.870  2921  2921 E display : [PrimaryDisplay] framebuffer target expected, but not provided
06-15 17:32:51.902  2921  2921 E display : VPP should be assigned to FramebufferTarget but it was failed ret(0)
06-15 17:32:51.904  2921  2921 E display : [PrimaryDisplay] framebuffer target expected, but not provided
06-15 17:32:51.936  2921  2921 E display : VPP should be assigned to FramebufferTarget but it was failed ret(0)
06-15 17:32:51.938  2921  2921 E display : [PrimaryDisplay] framebuffer target expected, but not provided
06-15 17:32:51.970  2921  2921 E display : VPP should be assigned to FramebufferTarget but it was failed ret(0)
06-15 17:32:51.972  2921  2921 E display : [PrimaryDisplay] framebuffer target expected, but not provided
06-15 17:32:52.004  2921  2921 E display : VPP should be assigned to FramebufferTarget but it was failed ret(0)
06-15 17:32:52.006  2921  2921 E display : [PrimaryDisplay] framebuffer target expected, but not provided
06-15 17:32:52.038  2921  2921 E display : VPP should be assigned to FramebufferTarget but it was failed ret(0)
06-15 17:32:52.040  2921  2921 E display : [PrimaryDisplay] framebuffer target expected, but not provided
06-15 17:32:52.072  2921  2921 E display : VPP should be assigned to FramebufferTarget but it was failed ret(0)
06-15 17:32:52.074  2921  2921 E display : [PrimaryDisplay] framebuffer target expected, but not provided
06-15 17:32:52.105  2921  2921 E display : VPP should be assigned to FramebufferTarget but it was failed ret(0)
06-15 17:32:52.108  2921  2921 E display : [PrimaryDisplay] framebuffer target expected, but not provided
06-15 17:32:52.139  2921  2921 E display : VPP should be assigned to FramebufferTarget but it was failed ret(0)
06-15 17:32:52.141  2921  2921 E display : [PrimaryDisplay] framebuffer target expected, but not provided
06-15 17:32:52.173  2921  2921 E display : VPP should be assigned to FramebufferTarget but it was failed ret(0)
06-15 17:32:52.175  2921  2921 E display : [PrimaryDisplay] framebuffer target expected, but not provided
06-15 17:32:52.207  2921  2921 E display : VPP should be assigned to FramebufferTarget but it was failed ret(0)
06-15 17:32:52.209  2921  2921 E display : [PrimaryDisplay] framebuffer target expected, but not provided
06-15 17:32:52.241  2921  2921 E display : VPP should be assigned to FramebufferTarget but it was failed ret(0)
06-15 17:32:52.243  2921  2921 E display : [PrimaryDisplay] framebuffer target expected, but not provided
06-15 17:32:52.275  2921  2921 E display : VPP should be assigned to FramebufferTarget but it was failed ret(0)
06-15 17:32:52.277  2921  2921 E display : [PrimaryDisplay] framebuffer target expected, but not provided
06-15 17:32:52.309  2921  2921 E display : VPP should be assigned to FramebufferTarget but it was failed ret(0)
06-15 17:32:52.311  2921  2921 E display : [PrimaryDisplay] framebuffer target expected, but not provided
06-15 17:32:52.343  2921  2921 E display : VPP should be assigned to FramebufferTarget but it was failed ret(0)
06-15 17:32:52.345  2921  2921 E display : [PrimaryDisplay] framebuffer target expected, but not provided
06-15 17:32:52.377  2921  2921 E display : VPP should be assigned to FramebufferTarget but it was failed ret(0)
06-15 17:32:52.379  2921  2921 E display : [PrimaryDisplay] framebuffer target expected, but not provided
06-15 17:32:52.411  2921  2921 E display : VPP should be assigned to FramebufferTarget but it was failed ret(0)
06-15 17:32:52.413  2921  2921 E display : [PrimaryDisplay] framebuffer target expected, but not provided
06-15 17:32:52.444  2921  2921 E display : VPP should be assigned to FramebufferTarget but it was failed ret(0)
06-15 17:32:52.447  2921  2921 E display : [PrimaryDisplay] framebuffer target expected, but not provided
06-15 17:32:52.478  2921  2921 E display : VPP should be assigned to FramebufferTarget but it was failed ret(0)
06-15 17:32:52.480  2921  2921 E display : [PrimaryDisplay] framebuffer target expected, but not provided
06-15 17:32:52.512  2921  2921 E display : VPP should be assigned to FramebufferTarget but it was failed ret(0)
06-15 17:32:52.514  2921  2921 E display : [PrimaryDisplay] framebuffer target expected, but not provided
06-15 17:32:52.516  3399  3399 W Zygote  : Got error connecting to zygote, retrying. msg= No such file or directory
06-15 17:32:52.546  2921  2921 E display : VPP should be assigned to FramebufferTarget but it was failed ret(0)
06-15 17:32:52.548  2921  2921 E display : [PrimaryDisplay] framebuffer target expected, but not provided
06-15 17:32:52.580  2921  2921 E display : VPP should be assigned to FramebufferTarget but it was failed ret(0)
06-15 17:32:52.582  2921  2921 E display : [PrimaryDisplay] framebuffer target expected, but not provided
06-15 17:32:52.614  2921  2921 E display : VPP should be assigned to FramebufferTarget but it was failed ret(0)
06-15 17:32:52.616  2921  2921 E display : [PrimaryDisplay] framebuffer target expected, but not provided
06-15 17:32:52.648  2921  2921 E display : VPP should be assigned to FramebufferTarget but it was failed ret(0)
06-15 17:32:52.650  2921  2921 E display : [PrimaryDisplay] framebuffer target expected, but not provided
06-15 17:32:52.682  2921  2921 E display : VPP should be assigned to FramebufferTarget but it was failed ret(0)
06-15 17:32:52.684  2921  2921 E display : [PrimaryDisplay] framebuffer target expected, but not provided
06-15 17:32:52.716  2921  2921 E display : VPP should be assigned to FramebufferTarget but it was failed ret(0)
06-15 17:32:52.718  2921  2921 E display : [PrimaryDisplay] framebuffer target expected, but not provided
06-15 17:32:52.750  2921  2921 E display : VPP should be assigned to FramebufferTarget but it was failed ret(0)
06-15 17:32:52.752  2921  2921 E display : [PrimaryDisplay] framebuffer target expected, but not provided
06-15 17:32:52.783  2921  2921 E display : VPP should be assigned to FramebufferTarget but it was failed ret(0)
06-15 17:32:52.786  2921  2921 E display : [PrimaryDisplay] framebuffer target expected, but not provided
06-15 17:32:52.817  2921  2921 E display : VPP should be assigned to FramebufferTarget but it was failed ret(0)
06-15 17:32:52.819  2921  2921 E display : [PrimaryDisplay] framebuffer target expected, but not provided
06-15 17:32:52.851  2921  2921 E display : VPP should be assigned to FramebufferTarget but it was failed ret(0)
06-15 17:32:52.853  2921  2921 E display : [PrimaryDisplay] framebuffer target expected, but not provided
06-15 17:32:52.885  2921  2921 E display : VPP should be assigned to FramebufferTarget but it was failed ret(0)
06-15 17:32:52.887  2921  2921 E display : [PrimaryDisplay] framebuffer target expected, but not provided
06-15 17:32:52.919  2921  2921 E display : VPP should be assigned to FramebufferTarget but it was failed ret(0)
06-15 17:32:52.921  2921  2921 E display : [PrimaryDisplay] framebuffer target expected, but not provided
06-15 17:32:52.953  2921  2921 E display : VPP should be assigned to FramebufferTarget but it was failed ret(0)
06-15 17:32:52.955  2921  2921 E display : [PrimaryDisplay] framebuffer target expected, but not provided
06-15 17:32:52.987  2921  2921 E display : VPP should be assigned to FramebufferTarget but it was failed ret(0)
06-15 17:32:52.989  2921  2921 E display : [PrimaryDisplay] framebuffer target expected, but not provided
06-15 17:32:53.004  2921  2921 E display : VPP should be assigned to FramebufferTarget but it was failed ret(0)
06-15 17:32:53.006  2921  2921 E display : [PrimaryDisplay] framebuffer target expected, but not provided
06-15 17:32:53.055  2921  2921 E display : VPP should be assigned to FramebufferTarget but it was failed ret(0)
06-15 17:32:53.057  2921  2921 E display : [PrimaryDisplay] framebuffer target expected, but not provided
06-15 17:32:53.071  2921  2921 E display : VPP should be assigned to FramebufferTarget but it was failed ret(0)
06-15 17:32:53.073  2921  2921 E display : [PrimaryDisplay] framebuffer target expected, but not provided
06-15 17:32:53.105  2921  2921 E display : VPP should be assigned to FramebufferTarget but it was failed ret(0)
06-15 17:32:53.108  2921  2921 E display : [PrimaryDisplay] framebuffer target expected, but not provided
06-15 17:32:53.139  2921  2921 E display : VPP should be assigned to FramebufferTarget but it was failed ret(0)
06-15 17:32:53.141  2921  2921 E display : [PrimaryDisplay] framebuffer target expected, but not provided
06-15 17:32:53.173  2921  2921 E display : VPP should be assigned to FramebufferTarget but it was failed ret(0)
06-15 17:32:53.175  2921  2921 E display : [PrimaryDisplay] framebuffer target expected, but not provided
06-15 17:32:53.207  2921  2921 E display : VPP should be assigned to FramebufferTarget but it was failed ret(0)
06-15 17:32:53.209  2921  2921 E display : [PrimaryDisplay] framebuffer target expected, but not provided
06-15 17:32:53.241  2921  2921 E display : VPP should be assigned to FramebufferTarget but it was failed ret(0)
06-15 17:32:53.243  2921  2921 E display : [PrimaryDisplay] framebuffer target expected, but not provided
06-15 17:32:53.275  2921  2921 E display : VPP should be assigned to FramebufferTarget but it was failed ret(0)
06-15 17:32:53.277  2921  2921 E display : [PrimaryDisplay] framebuffer target expected, but not provided
06-15 17:32:53.309  2921  2921 E display : VPP should be assigned to FramebufferTarget but it was failed ret(0)
06-15 17:32:53.311  2921  2921 E display : [PrimaryDisplay] framebuffer target expected, but not provided
06-15 17:32:53.343  2921  2921 E display : VPP should be assigned to FramebufferTarget but it was failed ret(0)
06-15 17:32:53.345  2921  2921 E display : [PrimaryDisplay] framebuffer target expected, but not provided
06-15 17:32:53.376  2921  2921 E display : VPP should be assigned to FramebufferTarget but it was failed ret(0)
06-15 17:32:53.379  2921  2921 E display : [PrimaryDisplay] framebuffer target expected, but not provided
06-15 17:32:53.410  2921  2921 E display : VPP should be assigned to FramebufferTarget but it was failed ret(0)
06-15 17:32:53.412  2921  2921 E display : [PrimaryDisplay] framebuffer target expected, but not provided
06-15 17:32:53.444  2921  2921 E display : VPP should be assigned to FramebufferTarget but it was failed ret(0)
06-15 17:32:53.446  2921  2921 E display : [PrimaryDisplay] framebuffer target expected, but not provided
06-15 17:32:53.478  2921  2921 E display : VPP should be assigned to FramebufferTarget but it was failed ret(0)
06-15 17:32:53.480  2921  2921 E display : [PrimaryDisplay] framebuffer target expected, but not provided
06-15 17:32:53.512  2921  2921 E display : VPP should be assigned to FramebufferTarget but it was failed ret(0)
06-15 17:32:53.514  2921  2921 E display : [PrimaryDisplay] framebuffer target expected, but not provided
06-15 17:32:53.516  3399  3399 W Zygote  : Got error connecting to zygote, retrying. msg= No such file or directory
06-15 17:32:53.546  2921  2921 E display : VPP should be assigned to FramebufferTarget but it was failed ret(0)
06-15 17:32:53.548  2921  2921 E display : [PrimaryDisplay] framebuffer target expected, but not provided
06-15 17:32:53.580  2921  2921 E display : VPP should be assigned to FramebufferTarget but it was failed ret(0)
06-15 17:32:53.582  2921  2921 E display : [PrimaryDisplay] framebuffer target expected, but not provided
06-15 17:32:53.614  2921  2921 E display : VPP should be assigned to FramebufferTarget but it was failed ret(0)
06-15 17:32:53.616  2921  2921 E display : [PrimaryDisplay] framebuffer target expected, but not provided
06-15 17:32:53.648  2921  2921 E display : VPP should be assigned to FramebufferTarget but it was failed ret(0)
06-15 17:32:53.650  2921  2921 E display : [PrimaryDisplay] framebuffer target expected, but not provided
06-15 17:32:53.682  2921  2921 E display : VPP should be assigned to FramebufferTarget but it was failed ret(0)
06-15 17:32:53.684  2921  2921 E display : [PrimaryDisplay] framebuffer target expected, but not provided
06-15 17:32:53.716  2921  2921 E display : VPP should be assigned to FramebufferTarget but it was failed ret(0)
06-15 17:32:53.718  2921  2921 E display : [PrimaryDisplay] framebuffer target expected, but not provided
06-15 17:32:53.750  2921  2921 E display : VPP should be assigned to FramebufferTarget but it was failed ret(0)
06-15 17:32:53.752  2921  2921 E display : [PrimaryDisplay] framebuffer target expected, but not provided
06-15 17:32:53.783  2921  2921 E display : VPP should be assigned to FramebufferTarget but it was failed ret(0)
06-15 17:32:53.785  2921  2921 E display : [PrimaryDisplay] framebuffer target expected, but not provided
06-15 17:32:53.817  2921  2921 E display : VPP should be assigned to FramebufferTarget but it was failed ret(0)
06-15 17:32:53.819  2921  2921 E display : [PrimaryDisplay] framebuffer target expected, but not provided
06-15 17:32:53.851  2921  2921 E display : VPP should be assigned to FramebufferTarget but it was failed ret(0)
06-15 17:32:53.853  2921  2921 E display : [PrimaryDisplay] framebuffer target expected, but not provided
06-15 17:32:53.885  2921  2921 E display : VPP should be assigned to FramebufferTarget but it was failed ret(0)
06-15 17:32:53.887  2921  2921 E display : [PrimaryDisplay] framebuffer target expected, but not provided
06-15 17:32:53.919  2921  2921 E display : VPP should be assigned to FramebufferTarget but it was failed ret(0)
06-15 17:32:53.921  2921  2921 E display : [PrimaryDisplay] framebuffer target expected, but not provided
06-15 17:32:53.953  2921  2921 E display : VPP should be assigned to FramebufferTarget but it was failed ret(0)
06-15 17:32:53.955  2921  2921 E display : [PrimaryDisplay] framebuffer target expected, but not provided
06-15 17:32:53.987  2921  2921 E display : VPP should be assigned to FramebufferTarget but it was failed ret(0)
06-15 17:32:53.989  2921  2921 E display : [PrimaryDisplay] framebuffer target expected, but not provided
06-15 17:32:54.021  2921  2921 E display : VPP should be assigned to FramebufferTarget but it was failed ret(0)
06-15 17:32:54.023  2921  2921 E display : [PrimaryDisplay] framebuffer target expected, but not provided
06-15 17:32:54.055  2921  2921 E display : VPP should be assigned to FramebufferTarget but it was failed ret(0)
06-15 17:32:54.057  2921  2921 E display : [PrimaryDisplay] framebuffer target expected, but not provided
06-15 17:32:54.089  2921  2921 E display : VPP should be assigned to FramebufferTarget but it was failed ret(0)
06-15 17:32:54.091  2921  2921 E display : [PrimaryDisplay] framebuffer target expected, but not provided
06-15 17:32:54.122  2921  2921 E display : VPP should be assigned to FramebufferTarget but it was failed ret(0)
06-15 17:32:54.124  2921  2921 E display : [PrimaryDisplay] framebuffer target expected, but not provided
06-15 17:32:54.156  2921  2921 E display : VPP should be assigned to FramebufferTarget but it was failed ret(0)
06-15 17:32:54.158  2921  2921 E display : [PrimaryDisplay] framebuffer target expected, but not provided
06-15 17:32:54.190  2921  2921 E display : VPP should be assigned to FramebufferTarget but it was failed ret(0)
06-15 17:32:54.192  2921  2921 E display : [PrimaryDisplay] framebuffer target expected, but not provided
06-15 17:32:54.224  2921  2921 E display : VPP should be assigned to FramebufferTarget but it was failed ret(0)
06-15 17:32:54.226  2921  2921 E display : [PrimaryDisplay] framebuffer target expected, but not provided
06-15 17:32:54.258  2921  2921 E display : VPP should be assigned to FramebufferTarget but it was failed ret(0)
06-15 17:32:54.260  2921  2921 E display : [PrimaryDisplay] framebuffer target expected, but not provided
06-15 17:32:54.292  2921  2921 E display : VPP should be assigned to FramebufferTarget but it was failed ret(0)
06-15 17:32:54.294  2921  2921 E display : [PrimaryDisplay] framebuffer target expected, but not provided
06-15 17:32:54.326  2921  2921 E display : VPP should be assigned to FramebufferTarget but it was failed ret(0)
06-15 17:32:54.328  2921  2921 E display : [PrimaryDisplay] framebuffer target expected, but not provided
06-15 17:32:54.360  2921  2921 E display : VPP should be assigned to FramebufferTarget but it was failed ret(0)
06-15 17:32:54.362  2921  2921 E display : [PrimaryDisplay] framebuffer target expected, but not provided
06-15 17:32:54.394  2921  2921 E display : VPP should be assigned to FramebufferTarget but it was failed ret(0)
06-15 17:32:54.396  2921  2921 E display : [PrimaryDisplay] framebuffer target expected, but not provided
06-15 17:32:54.428  2921  2921 E display : VPP should be assigned to FramebufferTarget but it was failed ret(0)
06-15 17:32:54.430  2921  2921 E display : [PrimaryDisplay] framebuffer target expected, but not provided
06-15 17:32:54.444  2921  2921 E display : VPP should be assigned to FramebufferTarget but it was failed ret(0)
06-15 17:32:54.446  2921  2921 E display : [PrimaryDisplay] framebuffer target expected, but not provided
06-15 17:32:54.478  2921  2921 E display : VPP should be assigned to FramebufferTarget but it was failed ret(0)
06-15 17:32:54.480  2921  2921 E display : [PrimaryDisplay] framebuffer target expected, but not provided
06-15 17:32:54.512  2921  2921 E display : VPP should be assigned to FramebufferTarget but it was failed ret(0)
06-15 17:32:54.514  2921  2921 E display : [PrimaryDisplay] framebuffer target expected, but not provided
06-15 17:32:54.517  3399  3399 W Zygote  : Got error connecting to zygote, retrying. msg= No such file or directory
06-15 17:32:54.546  2921  2921 E display : VPP should be assigned to FramebufferTarget but it was failed ret(0)
06-15 17:32:54.548  2921  2921 E display : [PrimaryDisplay] framebuffer target expected, but not provided
06-15 17:32:54.580  2921  2921 E display : VPP should be assigned to FramebufferTarget but it was failed ret(0)
06-15 17:32:54.582  2921  2921 E display : [PrimaryDisplay] framebuffer target expected, but not provided
06-15 17:32:54.614  2921  2921 E display : VPP should be assigned to FramebufferTarget but it was failed ret(0)
06-15 17:32:54.616  2921  2921 E display : [PrimaryDisplay] framebuffer target expected, but not provided
06-15 17:32:54.648  2921  2921 E display : VPP should be assigned to FramebufferTarget but it was failed ret(0)
06-15 17:32:54.650  2921  2921 E display : [PrimaryDisplay] framebuffer target expected, but not provided
06-15 17:32:54.682  2921  2921 E display : VPP should be assigned to FramebufferTarget but it was failed ret(0)
06-15 17:32:54.684  2921  2921 E display : [PrimaryDisplay] framebuffer target expected, but not provided
06-15 17:32:54.716  2921  2921 E display : VPP should be assigned to FramebufferTarget but it was failed ret(0)
06-15 17:32:54.718  2921  2921 E display : [PrimaryDisplay] framebuffer target expected, but not provided
06-15 17:32:54.750  2921  2921 E display : VPP should be assigned to FramebufferTarget but it was failed ret(0)
06-15 17:32:54.752  2921  2921 E display : [PrimaryDisplay] framebuffer target expected, but not provided
06-15 17:32:54.783  2921  2921 E display : VPP should be assigned to FramebufferTarget but it was failed ret(0)
06-15 17:32:54.786  2921  2921 E display : [PrimaryDisplay] framebuffer target expected, but not provided
06-15 17:32:54.817  2921  2921 E display : VPP should be assigned to FramebufferTarget but it was failed ret(0)
06-15 17:32:54.819  2921  2921 E display : [PrimaryDisplay] framebuffer target expected, but not provided
06-15 17:32:54.851  2921  2921 E display : VPP should be assigned to FramebufferTarget but it was failed ret(0)
06-15 17:32:54.853  2921  2921 E display : [PrimaryDisplay] framebuffer target expected, but not provided
06-15 17:32:54.885  2921  2921 E display : VPP should be assigned to FramebufferTarget but it was failed ret(0)
06-15 17:32:54.887  2921  2921 E display : [PrimaryDisplay] framebuffer target expected, but not provided
06-15 17:32:54.919  2921  2921 E display : VPP should be assigned to FramebufferTarget but it was failed ret(0)
06-15 17:32:54.921  2921  2921 E display : [PrimaryDisplay] framebuffer target expected, but not provided
06-15 17:32:54.953  2921  2921 E display : VPP should be assigned to FramebufferTarget but it was failed ret(0)
06-15 17:32:54.955  2921  2921 E display : [PrimaryDisplay] framebuffer target expected, but not provided
06-15 17:32:54.987  2921  2921 E display : VPP should be assigned to FramebufferTarget but it was failed ret(0)
06-15 17:32:54.989  2921  2921 E display : [PrimaryDisplay] framebuffer target expected, but not provided
06-15 17:32:55.021  2921  2921 E display : VPP should be assigned to FramebufferTarget but it was failed ret(0)
06-15 17:32:55.023  2921  2921 E display : [PrimaryDisplay] framebuffer target expected, but not provided
06-15 17:32:55.054  2921  2921 E display : VPP should be assigned to FramebufferTarget but it was failed ret(0)
06-15 17:32:55.057  2921  2921 E display : [PrimaryDisplay] framebuffer target expected, but not provided
06-15 17:32:55.088  2921  2921 E display : VPP should be assigned to FramebufferTarget but it was failed ret(0)
06-15 17:32:55.091  2921  2921 E display : [PrimaryDisplay] framebuffer target expected, but not provided
06-15 17:32:55.122  2921  2921 E display : VPP should be assigned to FramebufferTarget but it was failed ret(0)
06-15 17:32:55.124  2921  2921 E display : [PrimaryDisplay] framebuffer target expected, but not provided
06-15 17:32:55.156  2921  2921 E display : VPP should be assigned to FramebufferTarget but it was failed ret(0)
06-15 17:32:55.158  2921  2921 E display : [PrimaryDisplay] framebuffer target expected, but not provided
06-15 17:32:55.190  2921  2921 E display : VPP should be assigned to FramebufferTarget but it was failed ret(0)
06-15 17:32:55.192  2921  2921 E display : [PrimaryDisplay] framebuffer target expected, but not provided
06-15 17:32:55.224  2921  2921 E display : VPP should be assigned to FramebufferTarget but it was failed ret(0)
06-15 17:32:55.226  2921  2921 E display : [PrimaryDisplay] framebuffer target expected, but not provided
06-15 17:32:55.258  2921  2921 E display : VPP should be assigned to FramebufferTarget but it was failed ret(0)
06-15 17:32:55.260  2921  2921 E display : [PrimaryDisplay] framebuffer target expected, but not provided
06-15 17:32:55.292  2921  2921 E display : VPP should be assigned to FramebufferTarget but it was failed ret(0)
06-15 17:32:55.294  2921  2921 E display : [PrimaryDisplay] framebuffer target expected, but not provided
06-15 17:32:55.326  2921  2921 E display : VPP should be assigned to FramebufferTarget but it was failed ret(0)
06-15 17:32:55.328  2921  2921 E display : [PrimaryDisplay] framebuffer target expected, but not provided
06-15 17:32:55.360  2921  2921 E display : VPP should be assigned to FramebufferTarget but it was failed ret(0)
06-15 17:32:55.362  2921  2921 E display : [PrimaryDisplay] framebuffer target expected, but not provided
06-15 17:32:55.394  2921  2921 E display : VPP should be assigned to FramebufferTarget but it was failed ret(0)
06-15 17:32:55.396  2921  2921 E display : [PrimaryDisplay] framebuffer target expected, but not provided
06-15 17:32:55.427  2921  2921 E display : VPP should be assigned to FramebufferTarget but it was failed ret(0)
06-15 17:32:55.430  2921  2921 E display : [PrimaryDisplay] framebuffer target expected, but not provided
06-15 17:32:55.461  2921  2921 E display : VPP should be assigned to FramebufferTarget but it was failed ret(0)
06-15 17:32:55.463  2921  2921 E display : [PrimaryDisplay] framebuffer target expected, but not provided
06-15 17:32:55.495  2921  2921 E display : VPP should be assigned to FramebufferTarget but it was failed ret(0)
06-15 17:32:55.497  2921  2921 E display : [PrimaryDisplay] framebuffer target expected, but not provided
06-15 17:32:55.517  3399  3399 W Zygote  : Got error connecting to zygote, retrying. msg= No such file or directory
06-15 17:32:55.529  2921  2921 E display : VPP should be assigned to FramebufferTarget but it was failed ret(0)
06-15 17:32:55.531  2921  2921 E display : [PrimaryDisplay] framebuffer target expected, but not provided
06-15 17:32:55.563  2921  2921 E display : VPP should be assigned to FramebufferTarget but it was failed ret(0)
06-15 17:32:55.565  2921  2921 E display : [PrimaryDisplay] framebuffer target expected, but not provided
06-15 17:32:55.597  2921  2921 E display : VPP should be assigned to FramebufferTarget but it was failed ret(0)
06-15 17:32:55.599  2921  2921 E display : [PrimaryDisplay] framebuffer target expected, but not provided
06-15 17:32:55.631  2921  2921 E display : VPP should be assigned to FramebufferTarget but it was failed ret(0)
06-15 17:32:55.633  2921  2921 E display : [PrimaryDisplay] framebuffer target expected, but not provided
06-15 17:32:55.665  2921  2921 E display : VPP should be assigned to FramebufferTarget but it was failed ret(0)
06-15 17:32:55.667  2921  2921 E display : [PrimaryDisplay] framebuffer target expected, but not provided
06-15 17:32:55.699  2921  2921 E display : VPP should be assigned to FramebufferTarget but it was failed ret(0)
06-15 17:32:55.701  2921  2921 E display : [PrimaryDisplay] framebuffer target expected, but not provided
06-15 17:32:55.733  2921  2921 E display : VPP should be assigned to FramebufferTarget but it was failed ret(0)
06-15 17:32:55.735  2921  2921 E display : [PrimaryDisplay] framebuffer target expected, but not provided
06-15 17:32:55.766  2921  2921 E display : VPP should be assigned to FramebufferTarget but it was failed ret(0)
06-15 17:32:55.769  2921  2921 E display : [PrimaryDisplay] framebuffer target expected, but not provided
06-15 17:32:55.784  2921  2921 E display : VPP should be assigned to FramebufferTarget but it was failed ret(0)
06-15 17:32:55.786  2921  2921 E display : [PrimaryDisplay] framebuffer target expected, but not provided
06-15 17:32:55.817  2921  2921 E display : VPP should be assigned to FramebufferTarget but it was failed ret(0)
06-15 17:32:55.820  2921  2921 E display : [PrimaryDisplay] framebuffer target expected, but not provided
06-15 17:32:55.851  2921  2921 E display : VPP should be assigned to FramebufferTarget but it was failed ret(0)
06-15 17:32:55.853  2921  2921 E display : [PrimaryDisplay] framebuffer target expected, but not provided
06-15 17:32:55.885  2921  2921 E display : VPP should be assigned to FramebufferTarget but it was failed ret(0)
06-15 17:32:55.887  2921  2921 E display : [PrimaryDisplay] framebuffer target expected, but not provided
06-15 17:32:55.919  2921  2921 E display : VPP should be assigned to FramebufferTarget but it was failed ret(0)
06-15 17:32:55.921  2921  2921 E display : [PrimaryDisplay] framebuffer target expected, but not provided
06-15 17:32:55.953  2921  2921 E display : VPP should be assigned to FramebufferTarget but it was failed ret(0)
06-15 17:32:55.955  2921  2921 E display : [PrimaryDisplay] framebuffer target expected, but not provided
06-15 17:32:55.986  2921  2921 E Fence   : merge: sync_merge("BootAnimation:2", 1020, 1022) returned an error: Too many open files (-24)
06-15 17:32:55.987  2921  2921 E display : VPP should be assigned to FramebufferTarget but it was failed ret(0)
06-15 17:32:55.989  2921  2921 E display : [PrimaryDisplay] framebuffer target expected, but not provided
06-15 17:32:56.020  2921  2921 E Fence   : merge: sync_merge("BootAnimation:0", 1021, 1023) returned an error: Too many open files (-24)
06-15 17:32:56.021  2921  2921 E display : VPP should be assigned to FramebufferTarget but it was failed ret(0)
06-15 17:32:56.023  2921  2921 E display : [PrimaryDisplay] framebuffer target expected, but not provided
06-15 17:32:56.054  2921  2921 E GLConsumer: [BootAnimation] syncForReleaseLocked: error dup'ing native fence fd: 0x3000
06-15 17:32:56.055  2921  2921 E display : VPP should be assigned to FramebufferTarget but it was failed ret(0)
06-15 17:32:56.055  2921  2921 E GLConsumer: [BootAnimation] doGLFenceWait: error creating EGL fence: 0x3000
06-15 17:32:56.055  2921  2921 W SurfaceFlinger: onDraw: bindTextureImage failed (err=-2147483648)
06-15 17:32:56.057  2921  2921 E display : [PrimaryDisplay] framebuffer target expected, but not provided
06-15 17:32:56.060  2921  2921 F display : PrimaryDisplay ioctl S3CFB_WIN_CONFIG failed to clear screen: Too many open files
06-15 17:32:56.049  2921  2921 W surfaceflinger: type=1701 audit(0.0:137): auid=4294967295 uid=1000 gid=1003 ses=4294967295 exe="/system/bin/surfaceflinger" sig=6
06-15 17:32:56.082  3106  3138 D         : NULL == surf->write_back_color_buffer
06-15 17:32:56.082  3106  3138 W         : GLES-MALI OOM error: failed to allocate CPU memory (gles_fb_first_drawcall_cb at hardware/samsung_slsi/MaliT880_r9p0_12dev0_JF/product/gles/src/fb/mali_gles_fb_module_api.c:1291)
06-15 17:32:56.082  3106  3138 D         : NULL == surf->write_back_color_buffer
06-15 17:32:56.104  2920  2920 I ServiceManager: service 'SurfaceFlinger' died
06-15 17:32:56.104  2920  2920 I ServiceManager: service 'Exynos.HWCService' died
06-15 17:32:56.104  3106  3137 W SurfaceComposerClient: ComposerService remote (surfaceflinger) died [0x7f98de3320]
06-15 17:32:56.104  3106  3137 D BootAnimation: SurfaceFlinger died, exiting...
06-15 17:32:56.189  2920  2920 I ServiceManager: service 'media.radio' died
06-15 17:32:56.189  2920  2920 I ServiceManager: service 'media.sound_trigger_hw' died
06-15 17:32:56.189  2920  2920 I ServiceManager: service 'media.audio_flinger' died
06-15 17:32:56.189  2920  2920 I ServiceManager: service 'media.player' died
06-15 17:32:56.189  2920  2920 I ServiceManager: service 'media.resource_manager' died
06-15 17:32:56.189  2920  2920 I ServiceManager: service 'media.camera' died
06-15 17:32:56.189  2920  2920 I ServiceManager: service 'media.audio_policy' died
06-15 17:32:56.199  3429  3429 I SurfaceFlinger: SurfaceFlinger is starting
06-15 17:32:56.199  3429  3429 I SurfaceFlinger: SurfaceFlinger's main thread ready to run. Initializing graphics H/W...
06-15 17:32:56.213  3429  3429 D libEGL  : loaded /vendor/lib64/egl/libGLES_mali.so
06-15 17:32:56.228  3429  3429 I gralloc : using (id=)
06-15 17:32:56.228  3429  3429 I gralloc : xres         = 1440 px
06-15 17:32:56.228  3429  3429 I gralloc : yres         = 2560 px
06-15 17:32:56.228  3429  3429 I gralloc : width        = 68 mm (537.882324 dpi)
06-15 17:32:56.228  3429  3429 I gralloc : height       = 122 mm (532.983582 dpi)
06-15 17:32:56.228  3429  3429 I gralloc : refresh rate = 59.42 Hz
06-15 17:32:56.228  3429  3429 E gralloc : Error mapping the framebuffer (Invalid argument)
06-15 17:32:56.228  3429  3429 E gralloc : Fail to init framebuffer
06-15 17:32:56.236  3429  3429 D hwcomposer: using
06-15 17:32:56.236  3429  3429 D hwcomposer: xres         = 1440 px
06-15 17:32:56.236  3429  3429 D hwcomposer: yres         = 2560 px
06-15 17:32:56.236  3429  3429 D hwcomposer: width        = 68 mm (537.882000 dpi)
06-15 17:32:56.236  3429  3429 D hwcomposer: height       = 122 mm (532.983000 dpi)
06-15 17:32:56.236  3429  3429 D hwcomposer: refresh rate = 59 Hz
06-15 17:32:56.236  3429  3429 I DisplayResourceManagerModule: internalMPP type(10), index(1)
06-15 17:32:56.236  3429  3429 I DisplayResourceManagerModule: internalMPP type(10), index(2)
06-15 17:32:56.236  3429  3429 I DisplayResourceManagerModule: internalMPP type(10), index(3)
06-15 17:32:56.236  3429  3429 I DisplayResourceManagerModule: internalMPP type(0), index(0)
06-15 17:32:56.237  3429  3429 I DisplayResourceManagerModule: internalMPP type(0), index(1)
