* daemon not running. starting it now on port 5037 *
* daemon started successfully *
--------- beginning of main
05-25 21:36:44.465  2980  2980 W auditd  : type=1325 audit(0.0:2): table=filter family=2 entries=0
05-25 21:36:44.465  2980  2980 W auditd  : type=1325 audit(0.0:3): table=mangle family=2 entries=0
05-25 21:36:44.465  2980  2980 W auditd  : type=1325 audit(0.0:4): table=nat family=2 entries=0
05-25 21:36:44.465  2980  2980 W auditd  : type=1325 audit(0.0:5): table=raw family=2 entries=0
05-25 21:36:44.465  2980  2980 W auditd  : type=1325 audit(0.0:6): table=security family=2 entries=0
05-25 21:36:44.465  2980  2980 W auditd  : type=1325 audit(0.0:7): table=filter family=3 entries=0
05-25 21:36:44.465  2980  2980 W auditd  : type=1325 audit(0.0:8): table=filter family=10 entries=0
05-25 21:36:44.465  2980  2980 W auditd  : type=1325 audit(0.0:9): table=mangle family=10 entries=0
05-25 21:36:44.465  2980  2980 W auditd  : type=1325 audit(0.0:10): table=raw family=10 entries=0
05-25 21:36:44.465  2980  2980 W auditd  : type=1325 audit(0.0:11): table=nat family=10 entries=0
05-25 21:36:44.789  2980  2980 W auditd  : type=1305 audit(0.0:12): audit_pid=2887 old=0 auid=4294967295 ses=4294967295 res=1
05-25 21:36:44.789  2980  2980 W auditd  : type=1305 audit(0.0:13): audit_rate_limit=20 old=0 auid=4294967295 ses=4294967295 res=1
05-25 21:36:44.825  2899  2899 I lowmemorykiller: Using in-kernel low memory killer interface
05-25 21:36:44.830  2904  2904 I DEBUG   : debuggerd: starting
--------- beginning of system
05-25 21:36:44.831  2888  2888 I vold    : Vold 3.0 (the awakening) firing up
05-25 21:36:44.832  2908  2908 I installd: installd firing up
05-25 21:36:44.832  2908  2908 E cutils  : Failed to read /data/.layout_version: No such file or directory
05-25 21:36:44.832  2888  2888 V vold    : Detected support for: exfat ext4 f2fs ntfs vfat
05-25 21:36:44.832  2908  2908 D installd: Upgrading /data/media for multi-user
05-25 21:36:44.840  2914  2914 I sysinit : Running /system/etc/init.d/00banner 
05-25 21:36:44.847  2908  2908 D installd: Upgrading to shared /data/media/obb
05-25 21:36:44.847  2902  2902 I Netd    : Netd 1.0 starting
05-25 21:36:44.847  2908  2908 D installd: Upgrading to /data/misc/user directories
05-25 21:36:44.847  2902  2902 I QtiConnectivityAdapter: Failed to open libconnctrl, some features may not be present.
05-25 21:36:44.847  2902  2902 D TetherController: Setting IP forward enable = 0
05-25 21:36:44.848  2912  2912 I perfprofd: starting Android Wide Profiling daemon
05-25 21:36:44.848  2912  2912 E perfprofd: unable to open configuration file /data/data/com.google.android.gms/files/perfprofd.conf
05-25 21:36:44.848  2912  2912 I perfprofd: random seed set to 3754065025
05-25 21:36:44.850  2946  2946 I cm      : ____ _   _ ____ _  _ ____ ____ ____ _  _ _  _ ____ ___ 
05-25 21:36:44.852  2913  2913 I fingerprintd: Starting fingerprintd
05-25 21:36:44.853  2911  2911 I gatekeeperd: Starting gatekeeperd...
05-25 21:36:44.854  2911  2911 W gatekeeperd: falling back to software GateKeeper
05-25 21:36:44.854  2911  2911 I gatekeeperd: cold boot: clearing state
05-25 21:36:44.859  2909  2909 I keystore: Found keymaster0 module Keymaster OpenSSL HAL, version 2
05-25 21:36:44.859  2909  2909 I SoftKeymaster: system/keymaster/soft_keymaster_device.cpp, Line 122: Creating device
05-25 21:36:44.859  2909  2909 D SoftKeymaster: system/keymaster/soft_keymaster_device.cpp, Line 123: Device address: 0x7fa08e3000
05-25 21:36:44.859  2909  2909 I keystore: Keymaster0 module is software-only.  Using SoftKeymasterDevice instead.
05-25 21:36:44.859  2909  2909 I SoftKeymaster: system/keymaster/soft_keymaster_device.cpp, Line 122: Creating device
05-25 21:36:44.859  2909  2909 D SoftKeymaster: system/keymaster/soft_keymaster_device.cpp, Line 123: Device address: 0x7fa08e3300
05-25 21:36:44.859  2909  2909 I keystore: SELinux: Keystore SELinux is disabled.
05-25 21:36:44.865  2972  2972 I cm      : |     \_/  |__| |\ | |  | | __ |___ |\ | |\/| |  | |  \ 
05-25 21:36:44.867  2901  2901 I SurfaceFlinger: SurfaceFlinger is starting
05-25 21:36:44.867  2901  2901 E SchedPolicy: /system/bin/surfaceflinger add_tid_to_cgroup failed; fd=-1
05-25 21:36:44.867  2901  2901 I SurfaceFlinger: SurfaceFlinger's main thread ready to run. Initializing graphics H/W...
05-25 21:36:44.873  2974  2974 I cm      : |___   |   |  | | \| |__| |__] |___ | \| |  | |__| |__/ 
05-25 21:36:44.874  2903  2903 I DEBUG   : debuggerd: starting
05-25 21:36:44.889  2980  2980 W auditd  : type=1325 audit(0.0:14): table=filter family=2 entries=4
05-25 21:36:44.889  2980  2980 W auditd  : type=1320 audit(0.0:14): 
05-25 21:36:44.894  2986  2986 I cm      : Welcome to Android 6.0.1 / CyanogenMod-13.0-20160525-UNOFFICIAL-hero2ltexx 
05-25 21:36:44.899  2980  2980 W auditd  : type=1325 audit(0.0:15): table=filter family=10 entries=4
05-25 21:36:44.899  2980  2980 W auditd  : type=1320 audit(0.0:15): 
05-25 21:36:44.901  2988  2988 I sysinit : Running /system/etc/init.d/90userinit 
05-25 21:36:44.909  2980  2980 W auditd  : type=1325 audit(0.0:16): table=filter family=2 entries=6
05-25 21:36:44.909  2980  2980 W auditd  : type=1320 audit(0.0:16): 
05-25 21:36:44.909  2980  2980 W auditd  : type=1325 audit(0.0:17): table=filter family=10 entries=6
05-25 21:36:44.909  2980  2980 W auditd  : type=1320 audit(0.0:17): 
05-25 21:36:44.910  2901  2901 D libEGL  : loaded /vendor/lib64/egl/libGLES_mali.so
05-25 21:36:44.925  2901  2901 I gralloc : using (id=)
05-25 21:36:44.925  2901  2901 I gralloc : xres         = 1440 px
05-25 21:36:44.925  2901  2901 I gralloc : yres         = 2560 px
05-25 21:36:44.925  2901  2901 I gralloc : width        = 68 mm (537.882324 dpi)
05-25 21:36:44.925  2901  2901 I gralloc : height       = 122 mm (532.983582 dpi)
05-25 21:36:44.925  2901  2901 I gralloc : refresh rate = 59.42 Hz
05-25 21:36:44.937  2901  2901 E HAL     : load: module=/system/lib64/hw/hwcomposer.exynos5.so
05-25 21:36:44.937  2901  2901 E HAL     : dlopen failed: cannot locate symbol "_ZN13ExynosDisplay17getCompModeSwitchEv" referenced by "/system/lib64/hw/hwcomposer.exynos5.so"...
05-25 21:36:44.937  2901  2901 E SurfaceFlinger: hwcomposer module not found
05-25 21:36:44.937  2901  2901 I SurfaceFlinger: EGL information:
05-25 21:36:44.937  2901  2901 I SurfaceFlinger: vendor    : Android
05-25 21:36:44.937  2901  2901 I SurfaceFlinger: version   : 1.4 Android META-EGL
05-25 21:36:44.937  2901  2901 I SurfaceFlinger: extensions: EGL_KHR_get_all_proc_addresses EGL_ANDROID_presentation_time EGL_KHR_swap_buffers_with_damage EGL_KHR_image EGL_KHR_image_base EGL_KHR_gl_texture_2D_image EGL_KHR_gl_texture_cubemap_image EGL_KHR_gl_renderbuffer_image EGL_KHR_fence_sync EGL_KHR_create_context EGL_KHR_config_attribs EGL_KHR_surfaceless_context EGL_EXT_create_context_robustness EGL_ANDROID_image_native_buffer EGL_KHR_wait_sync EGL_ANDROID_recordable EGL_KHR_partial_update 
05-25 21:36:44.937  2901  2901 I SurfaceFlinger: Client API: OpenGL_ES
05-25 21:36:44.937  2901  2901 I SurfaceFlinger: EGLSurface: 8-8-8-8, config=0x7f9fe50128
05-25 21:36:44.938  2901  2901 D         : ro.exynos.dss isEnabled: 0
05-25 21:36:44.942  2901  2901 I SurfaceFlinger: OpenGL ES informations:
05-25 21:36:44.942  2901  2901 I SurfaceFlinger: vendor    : ARM
05-25 21:36:44.942  2901  2901 I SurfaceFlinger: renderer  : Mali-T880
05-25 21:36:44.942  2901  2901 I SurfaceFlinger: version   : OpenGL ES 3.1 v1.r9p0-12dev0.c2bae768d87bf40047e1f310c8de7f16
05-25 21:36:44.942  2901  2901 I SurfaceFlinger: extensions: GL_EXT_debug_marker GL_ARM_rgba8 GL_ARM_mali_shader_binary GL_OES_depth24 GL_OES_depth_texture GL_OES_depth_texture_cube_map GL_OES_packed_depth_stencil GL_OES_rgb8_rgba8 GL_EXT_read_format_bgra GL_OES_compressed_paletted_texture GL_OES_compressed_ETC1_RGB8_texture GL_OES_standard_derivatives GL_OES_EGL_image GL_OES_EGL_image_external GL_OES_EGL_sync GL_OES_texture_npot GL_OES_vertex_half_float GL_OES_required_internalformat GL_OES_vertex_array_object GL_OES_mapbuffer GL_EXT_texture_format_BGRA8888 GL_EXT_texture_rg GL_EXT_texture_type_2_10_10_10_REV GL_OES_fbo_render_mipmap GL_OES_element_index_uint GL_EXT_shadow_samplers GL_OES_texture_compression_astc GL_KHR_texture_compression_astc_ldr GL_KHR_texture_compression_astc_hdr GL_KHR_debug GL_EXT_occlusion_query_boolean GL_EXT_disjoint_timer_query GL_EXT_blend_minmax GL_EXT_discard_framebuffer GL_OES_get_program_binary GL_OES_texture_3D GL_EXT_texture_storage GL_EXT_multisampled_render_to_texture GL_OES_surfaceless_context GL_OES_texture_stencil8 G
05-25 21:36:44.942  2901  2901 I SurfaceFlinger: GL_MAX_TEXTURE_SIZE = 8192
05-25 21:36:44.942  2901  2901 I SurfaceFlinger: GL_MAX_VIEWPORT_DIMS = 8192
05-25 21:36:44.943  2901  2901 D mali_winsys: new_window_surface returns 0x3000,  [1440x2560]-format:1
05-25 21:36:44.960  2901  2901 D SurfaceFlinger: Set power mode=2, type=0 flinger=0x7fa0343c00
05-25 21:36:44.969  2980  2980 W auditd  : type=1325 audit(0.0:18): table=filter family=2 entries=7
05-25 21:36:44.969  2980  2980 W auditd  : type=1320 audit(0.0:18): 
05-25 21:36:44.979  2980  2980 W auditd  : type=1325 audit(0.0:19): table=filter family=10 entries=7
05-25 21:36:44.979  2980  2980 W auditd  : type=1320 audit(0.0:19): 
05-25 21:36:44.989  2980  2980 W auditd  : type=1325 audit(0.0:20): table=filter family=2 entries=9
05-25 21:36:44.989  2980  2980 W auditd  : type=1320 audit(0.0:20): 
05-25 21:36:44.989  2980  2980 W auditd  : type=1325 audit(0.0:21): table=filter family=10 entries=9
05-25 21:36:44.989  2980  2980 W auditd  : type=1320 audit(0.0:21): 
05-25 21:36:45.039  2980  2980 W auditd  : type=1325 audit(0.0:22): table=filter family=2 entries=10
05-25 21:36:45.039  2980  2980 W auditd  : type=1320 audit(0.0:22): 
05-25 21:36:45.039  2980  2980 W auditd  : type=1325 audit(0.0:23): table=filter family=10 entries=10
05-25 21:36:45.039  2980  2980 W auditd  : type=1320 audit(0.0:23): 
05-25 21:36:45.049  2980  2980 W auditd  : type=1325 audit(0.0:24): table=filter family=2 entries=12
05-25 21:36:45.049  2980  2980 W auditd  : type=1320 audit(0.0:24): 
05-25 21:36:45.049  2980  2980 W auditd  : type=1325 audit(0.0:25): table=filter family=10 entries=12
05-25 21:36:45.049  2980  2980 W auditd  : type=1320 audit(0.0:25): 
05-25 21:36:45.069  2907  2907 I mediaserver: ServiceManager: 0xf620e120
05-25 21:36:45.069  2907  2907 I AudioFlinger: Using default 3000 mSec as standby time.
05-25 21:36:45.069  2907  2907 E BatteryNotifier: batterystats service unavailable!
05-25 21:36:45.069  2907  2907 E BatteryNotifier: batterystats service unavailable!
05-25 21:36:45.069  2907  2907 I CameraService: CameraService started (pid=2907)
05-25 21:36:45.070  2907  2907 I CameraService: CameraService process starting
05-25 21:36:45.070  2907  2907 E BatteryNotifier: batterystats service unavailable!
05-25 21:36:45.070  2907  2907 E BatteryNotifier: batterystats service unavailable!
05-25 21:36:45.071  2907  2907 E CameraService: Could not load camera HAL module: -2 (No such file or directory)
05-25 21:36:45.071  2907  2907 I AudioPolicyService: AudioPolicyService CSTOR in new mode
05-25 21:36:45.072  2907  2907 W APM::HwModule: loadOutput() invalid supported devices
05-25 21:36:45.072  2907  2907 W APM::HwModule: loadOutput() invalid supported devices
05-25 21:36:45.072  2907  2907 W APM::HwModule: loadInput() invalid supported devices
05-25 21:36:45.072  2907  2907 W APM::HwModule: loadInput() invalid supported devices
05-25 21:36:45.072  2907  2907 I APM::ConfigParsingUtils: loadAudioPolicyConfig() loaded /system/etc/audio_policy.conf
05-25 21:36:45.088  2901  2901 D SurfaceFlinger: SF. shader cache generated - 26 shaders in 121.522423 ms
05-25 21:36:45.089  2980  2980 W auditd  : type=1325 audit(0.0:26): table=filter family=2 entries=13
05-25 21:36:45.089  2980  2980 W auditd  : type=1320 audit(0.0:26): 
05-25 21:36:45.089  2980  2980 W auditd  : type=1325 audit(0.0:27): table=filter family=10 entries=13
05-25 21:36:45.089  2980  2980 W auditd  : type=1320 audit(0.0:27): 
05-25 21:36:45.099  2980  2980 W auditd  : type=1325 audit(0.0:28): table=filter family=2 entries=15
05-25 21:36:45.099  2980  2980 W auditd  : type=1320 audit(0.0:28): 
05-25 21:36:45.099  2980  2980 W auditd  : type=1325 audit(0.0:29): table=filter family=10 entries=15
05-25 21:36:45.099  2980  2980 W auditd  : type=1320 audit(0.0:29): 
05-25 21:36:45.139  2980  2980 W auditd  : type=1325 audit(0.0:30): table=filter family=2 entries=16
05-25 21:36:45.139  2980  2980 W auditd  : type=1320 audit(0.0:30): 
05-25 21:36:45.139  2980  2980 W auditd  : type=1325 audit(0.0:31): table=filter family=10 entries=16
05-25 21:36:45.139  2980  2980 W auditd  : type=1320 audit(0.0:31): 
05-25 21:36:45.149  2980  2980 W auditd  : type=1325 audit(0.0:32): table=filter family=2 entries=18
05-25 21:36:45.149  2980  2980 W auditd  : type=1320 audit(0.0:32): 
05-25 21:36:45.149  2980  2980 W auditd  : type=1325 audit(0.0:33): table=filter family=10 entries=18
05-25 21:36:45.241  2910  2910 D AndroidRuntime: >>>>>> START com.android.internal.os.ZygoteInit uid 0 <<<<<<
05-25 21:36:45.255  2910  2910 D AndroidRuntime: CheckJNI is ON
05-25 21:36:45.259  2910  2910 I art     : option[0]=-Xzygote
05-25 21:36:45.259  2910  2910 I art     : option[1]=-Xcheck:jni
05-25 21:36:45.259  2910  2910 I art     : option[2]=-Xstacktracefile:/data/anr/traces.txt
05-25 21:36:45.259  2910  2910 I art     : option[3]=exit
05-25 21:36:45.259  2910  2910 I art     : option[4]=vfprintf
05-25 21:36:45.259  2910  2910 I art     : option[5]=sensitiveThread
05-25 21:36:45.259  2910  2910 I art     : option[6]=-verbose:gc
05-25 21:36:45.259  2910  2910 I art     : option[7]=-Xms8m
05-25 21:36:45.260  2910  2910 I art     : option[8]=-Xmx512m
05-25 21:36:45.260  2910  2910 I art     : option[9]=-XX:HeapGrowthLimit=256m
05-25 21:36:45.260  2910  2910 I art     : option[10]=-XX:HeapMinFree=2m
05-25 21:36:45.260  2910  2910 I art     : option[11]=-XX:HeapMaxFree=8m
05-25 21:36:45.260  2910  2910 I art     : option[12]=-XX:HeapTargetUtilization=0.75
05-25 21:36:45.260  2910  2910 I art     : option[13]=-Xusejit:true
05-25 21:36:45.260  2910  2910 I art     : option[14]=-agentlib:jdwp=transport=dt_android_adb,suspend=n,server=y
05-25 21:36:45.260  2910  2910 I art     : option[15]=-Xlockprofthreshold:500
05-25 21:36:45.260  2910  2910 I art     : option[16]=-Ximage-compiler-option
05-25 21:36:45.260  2910  2910 I art     : option[17]=--runtime-arg
05-25 21:36:45.260  2910  2910 I art     : option[18]=-Ximage-compiler-option
05-25 21:36:45.260  2910  2910 I art     : option[19]=-Xms64m
05-25 21:36:45.260  2910  2910 I art     : option[20]=-Ximage-compiler-option
05-25 21:36:45.260  2910  2910 I art     : option[21]=--runtime-arg
05-25 21:36:45.260  2910  2910 I art     : option[22]=-Ximage-compiler-option
05-25 21:36:45.260  2910  2910 I art     : option[23]=-Xmx64m
05-25 21:36:45.260  2910  2910 I art     : option[24]=-Ximage-compiler-option
05-25 21:36:45.260  2910  2910 I art     : option[25]=--compiler-filter=verify-at-runtime
05-25 21:36:45.260  2910  2910 I art     : option[26]=-Ximage-compiler-option
05-25 21:36:45.260  2910  2910 I art     : option[27]=--image-classes=/system/etc/preloaded-classes
05-25 21:36:45.260  2910  2910 I art     : option[28]=-Xcompiler-option
05-25 21:36:45.260  2910  2910 I art     : option[29]=--runtime-arg
05-25 21:36:45.260  2910  2910 I art     : option[30]=-Xcompiler-option
05-25 21:36:45.260  2910  2910 I art     : option[31]=-Xms64m
05-25 21:36:45.260  2910  2910 I art     : option[32]=-Xcompiler-option
05-25 21:36:45.260  2910  2910 I art     : option[33]=--runtime-arg
05-25 21:36:45.260  2910  2910 I art     : option[34]=-Xcompiler-option
05-25 21:36:45.260  2910  2910 I art     : option[35]=-Xmx512m
05-25 21:36:45.260  2910  2910 I art     : option[36]=-Xcompiler-option
05-25 21:36:45.260  2910  2910 I art     : option[37]=--compiler-filter=verify-at-runtime
05-25 21:36:45.260  2910  2910 I art     : option[38]=-Ximage-compiler-option
05-25 21:36:45.260  2910  2910 I art     : option[39]=--instruction-set-variant=generic
05-25 21:36:45.260  2910  2910 I art     : option[40]=-Xcompiler-option
05-25 21:36:45.260  2910  2910 I art     : option[41]=--instruction-set-variant=generic
05-25 21:36:45.260  2910  2910 I art     : option[42]=-Ximage-compiler-option
05-25 21:36:45.260  2910  2910 I art     : option[43]=--instruction-set-features=default
05-25 21:36:45.260  2910  2910 I art     : option[44]=-Xcompiler-option
05-25 21:36:45.260  2910  2910 I art     : option[45]=--instruction-set-features=default
05-25 21:36:45.260  2910  2910 I art     : option[46]=-Duser.locale=en-US
05-25 21:36:45.260  2910  2910 I art     : option[47]=--cpu-abilist=arm64-v8a,armeabi
05-25 21:36:45.260  2910  2910 I art     : option[48]=-Xfingerprint:samsung/cm_hero2ltexx/hero2ltexx:6.0.1/MOB30J/e2cda30d7b:eng/test-keys
05-25 21:36:45.271  2910  2910 I art     : Pruning dalvik-cache since we are generating an image and will need to recompile
05-25 21:36:45.272  2910  2910 I art     : Using an offset of 0xff748000 from default art base address of 0x70000000
05-25 21:36:45.272  2910  2910 I art     : GenerateImage: /system/bin/dex2oat --image=/data/dalvik-cache/arm64/system@framework@boot.art --dex-file=/system/framework/core-libart.jar --dex-file=/system/framework/conscrypt.jar --dex-file=/system/framework/okhttp.jar --dex-file=/system/framework/core-junit.jar --dex-file=/system/framework/bouncycastle.jar --dex-file=/system/framework/ext.jar --dex-file=/system/framework/framework.jar --dex-file=/system/framework/telephony-common.jar --dex-file=/system/framework/voip-common.jar --dex-file=/system/framework/ims-common.jar --dex-file=/system/framework/apache-xml.jar --dex-file=/system/framework/org.apache.http.legacy.boot.jar --oat-file=/data/dalvik-cache/arm64/system@framework@boot.oat --instruction-set=arm64 --instruction-set-features=smp,a53 --base=0x6f748000 --runtime-arg -Xms64m --runtime-arg -Xmx64m --compiler-filter=verify-at-runtime --image-classes=/system/etc/preloaded-classes --instruction-set-variant=generic --instruction-set-features=default
05-25 21:36:45.310  3082  3082 I dex2oat : /system/bin/dex2oat --image=/data/dalvik-cache/arm64/system@framework@boot.art --dex-file=/system/framework/core-libart.jar --dex-file=/system/framework/conscrypt.jar --dex-file=/system/framework/okhttp.jar --dex-file=/system/framework/core-junit.jar --dex-file=/system/framework/bouncycastle.jar --dex-file=/system/framework/ext.jar --dex-file=/system/framework/framework.jar --dex-file=/system/framework/telephony-common.jar --dex-file=/system/framework/voip-common.jar --dex-file=/system/framework/ims-common.jar --dex-file=/system/framework/apache-xml.jar --dex-file=/system/framework/org.apache.http.legacy.boot.jar --oat-file=/data/dalvik-cache/arm64/system@framework@boot.oat --instruction-set=arm64 --instruction-set-features=smp,a53 --base=0x6f748000 --runtime-arg -Xms64m --runtime-arg -Xmx64m --compiler-filter=verify-at-runtime --image-classes=/system/etc/preloaded-classes --instruction-set-variant=generic --instruction-set-features=default
05-25 21:36:45.317  3082  3082 I dex2oat : setting boot class path to /system/framework/core-libart.jar:/system/framework/conscrypt.jar:/system/framework/okhttp.jar:/system/framework/core-junit.jar:/system/framework/bouncycastle.jar:/system/framework/ext.jar:/system/framework/framework.jar:/system/framework/telephony-common.jar:/system/framework/voip-common.jar:/system/framework/ims-common.jar:/system/framework/apache-xml.jar:/system/framework/org.apache.http.legacy.boot.jar
05-25 21:36:45.411  3016  3028 D libEGL  : loaded /vendor/lib64/egl/libGLES_mali.so
05-25 21:36:45.443  3016  3028 D mali_winsys: new_window_surface returns 0x3000,  [1440x2560]-format:2
05-25 21:36:45.444  3016  3028 D         : ro.exynos.dss isEnabled: 0
05-25 21:36:45.450  3016  3028 E BootAnimation: couldn't find audio_conf.txt
05-25 21:36:45.465  3016  3028 D BootAnimation: Use save memory method, maybe small fps in actual.
05-25 21:36:45.690  2907  2907 I AudioFlinger: loadHwModule() Loaded primary audio interface from Samsung audio HW HAL (audio) handle 1
05-25 21:36:45.691  2907  2907 I AudioFlinger: openOutput(), module 1 Device 2, SamplingRate 48000, Format 0x000001, Channels 3, flags a
05-25 21:36:45.691  2907  2907 I AudioFlinger: AudioStreamOut::open(), mHalFormatIsLinearPcm = 1
05-25 21:36:45.691  2907  2907 I AudioFlinger: HAL output buffer size 1024 frames, normal sink buffer size 1024 frames
05-25 21:36:45.693  2907  2907 W EffectsFactory: loadLibrary() failed to open /system/lib/soundfx/libaudioeffectoffload.so
05-25 21:36:45.697  2907  2907 W EffectsFactory: loadLibrary() failed to open /system/lib/soundfx/libexynosvisualizer.so
05-25 21:36:45.703  2907  2907 W EffectsFactory: loadLibrary() failed to open /system/lib/libmysound.so
05-25 21:36:45.703  2907  2907 W EffectsFactory: loadLibrary() failed to open /system/lib/soundfx/libmyspace.so
05-25 21:36:45.703  2907  2907 W EffectsFactory: loadLibrary() failed to open /system/lib/libaudiosa.so
05-25 21:36:45.703  2907  2907 W EffectsFactory: loadLibrary() failed to open /system/lib/soundfx/libaudiosaplus_sec.so
05-25 21:36:45.704  2907  2907 W EffectsFactory: loadLibrary() failed to open /system/lib/libsamsungSoundbooster_plus.so
05-25 21:36:45.704  2907  2907 W EffectsFactory: loadEffect() could not get library soundbooster_plus
05-25 21:36:45.704  2907  2907 W EffectsFactory: addSubEffect() could not get library soundalive_sec
05-25 21:36:45.704  2907  2907 W EffectsFactory: loadEffect() could not add subEffect 
05-25 21:36:45.704  2907  2907 W EffectsFactory: loadEffect() could not get library soundalive
05-25 21:36:45.704  2907  2907 W EffectsFactory: loadEffect() could not get library soundalive
05-25 21:36:45.704  2907  2907 W EffectsFactory: loadEffect() could not get library soundalive
05-25 21:36:45.704  2907  2907 W EffectsFactory: addSubEffect() could not get library visualizer_hw
05-25 21:36:45.704  2907  2907 W EffectsFactory: loadEffect() could not add subEffect 
05-25 21:36:45.705  2907  2907 W EffectsFactory: addSubEffect() could not get library mysound
05-25 21:36:45.705  2907  2907 W EffectsFactory: loadEffect() could not add subEffect 
05-25 21:36:45.705  2907  2907 W EffectsFactory: addSubEffect() could not get library myspace
05-25 21:36:45.705  2907  2907 W EffectsFactory: loadEffect() could not add subEffect 
05-25 21:36:45.705  2907  2907 I BufferProvider: found effect "Multichannel Downmix To Stereo" from The Android Open Source Project
05-25 21:36:45.705  2907  2907 I AudioFlinger: Using module 1 has the primary audio interface
05-25 21:36:45.705  2907  3150 I AudioFlinger: AudioFlinger's thread 0xf4600000 ready to run
05-25 21:36:45.705  2907  3150 V audio_hw_primary: do_out_standby: output standby: 1
05-25 21:36:45.705  2907  3150 V audio_hw_primary: out_set_parameters: key value pairs: routing=2
05-25 21:36:45.705  2907  3150 E AudioFlinger: no wake lock to update!
05-25 21:36:45.707  2907  2907 I AudioFlinger: openOutput(), module 1 Device 2, SamplingRate 48000, Format 0x000001, Channels 3, flags 4
05-25 21:36:45.707  2907  2907 I AudioFlinger: AudioStreamOut::open(), mHalFormatIsLinearPcm = 1
05-25 21:36:45.707  2907  2907 I AudioFlinger: HAL output buffer size 256 frames, normal sink buffer size 960 frames
05-25 21:36:45.707  2907  2907 E MonoPipe: Failed to fetch local time frequency when constructing a MonoPipe (res = -32).  getNextWriteTimestamp calls will be non-functional
05-25 21:36:45.710  2907  3153 I AudioFlinger: AudioFlinger's thread 0xf42c0000 ready to run
05-25 21:36:45.710  2907  3153 V audio_hw_primary: out_set_parameters: key value pairs: routing=2
05-25 21:36:45.710  2907  3153 V audio_hw_primary: do_out_standby: output standby: 1
05-25 21:36:45.710  2907  3153 E AudioFlinger: no wake lock to update!
05-25 21:36:45.711  2907  2907 V audio_hw_primary: adev_open_input_stream: Requesting input stream with rate: 48000, channels: 0xc
05-25 21:36:45.711  2907  3154 I AudioFlinger: AudioFlinger's thread 0xf3f80000 ready to run
05-25 21:36:45.712  2907  2907 I bt_a2dp_hw: adev_open:  adev_open in A2dp_hw module
05-25 21:36:45.712  2907  2907 I AudioFlinger: loadHwModule() Loaded a2dp audio interface from A2DP Audio HW HAL (audio) handle 5
05-25 21:36:45.714  2907  2907 I AudioFlinger: loadHwModule() Loaded usb audio interface from USB audio HW HAL (audio) handle 6
05-25 21:36:45.715  2907  2907 I r_submix: adev_open(name=audio_hw_if)
05-25 21:36:45.715  2907  2907 I r_submix: adev_init_check()
05-25 21:36:45.715  2907  2907 I AudioFlinger: loadHwModule() Loaded r_submix audio interface from Wifi Display audio HAL (audio) handle 7
05-25 21:36:45.715  2907  2907 D r_submix: adev_open_input_stream(addr=0)
05-25 21:36:45.715  2907  2907 D r_submix: submix_audio_device_create_pipe_l(addr=0, idx=9)
05-25 21:36:45.715  2907  2907 D r_submix:   now using address 0 for route 9
05-25 21:36:45.716  2907  3155 I AudioFlinger: AudioFlinger's thread 0xf3f00000 ready to run
05-25 21:36:45.716  2907  2907 D r_submix: adev_close_input_stream()
05-25 21:36:45.716  2907  2907 D r_submix: submix_audio_device_release_pipe_l(idx=9) addr=0
05-25 21:36:45.716  2907  2907 D r_submix: submix_audio_device_destroy_pipe_l(): pipe destroyed
--------- beginning of crash
05-25 21:36:45.716  2907  2907 F libc    : Fatal signal 11 (SIGSEGV), code 1, fault addr 0x0 in tid 2907 (mediaserver)
05-25 21:36:45.716  2903  2903 I DEBUG   : property debug.db.uid not set; NOT waiting for gdb.
05-25 21:36:45.716  2903  2903 I DEBUG   : HINT: adb shell setprop debug.db.uid 100000
05-25 21:36:45.716  2903  2903 I DEBUG   : HINT: adb forward tcp:5039 tcp:5039
05-25 21:36:45.817  2903  2903 F DEBUG   : *** *** *** *** *** *** *** *** *** *** *** *** *** *** *** ***
05-25 21:36:45.817  2903  2903 F DEBUG   : Build fingerprint: 'samsung/cm_hero2ltexx/hero2ltexx:6.0.1/MOB30J/e2cda30d7b:eng/test-keys'
05-25 21:36:45.817  2903  2903 F DEBUG   : Revision: '0'
05-25 21:36:45.817  2903  2903 F DEBUG   : ABI: 'arm'
05-25 21:36:45.817  2903  2903 F DEBUG   : pid: 2907, tid: 2907, name: mediaserver  >>> /system/bin/mediaserver <<<
05-25 21:36:45.817  2903  2903 F DEBUG   : signal 11 (SIGSEGV), code 1 (SEGV_MAPERR), fault addr 0x0
05-25 21:36:45.821  2903  2903 F DEBUG   :     r0 f469e8f4  r1 00000000  r2 65732020  r3 00000007
05-25 21:36:45.821  2903  2903 F DEBUG   :     r4 00000008  r5 f469e8f2  r6 f7099be0  r7 ff895dc4
05-25 21:36:45.821  2903  2903 F DEBUG   :     r8 f46fe00c  r9 f7097431  sl f7097635  fp f469e8f2
05-25 21:36:45.821  2903  2903 F DEBUG   :     ip 00000000  sp ff895d80  lr f70924f7  pc f6be53c8  cpsr 600f0010
05-25 21:36:45.822  2903  2903 F DEBUG   : 
05-25 21:36:45.822  2903  2903 F DEBUG   : backtrace:
05-25 21:36:45.822  2903  2903 F DEBUG   :     #00 pc 000183c8  /system/lib/libc.so (strcmp+152)
05-25 21:36:45.822  2903  2903 F DEBUG   :     #01 pc 000084f3  /system/lib/libaudiopolicyservice.so
05-25 21:36:45.822  2903  2903 F DEBUG   :     #02 pc 0001fdc0  [stack]
05-25 21:36:45.877  2903  2903 F DEBUG   : 
05-25 21:36:45.877  2903  2903 F DEBUG   : Tombstone written to: /data/tombstones/tombstone_00
05-25 21:36:45.880  2900  2900 I ServiceManager: service 'media.audio_flinger' died
05-25 21:36:45.880  2900  2900 I ServiceManager: service 'media.player' died
05-25 21:36:45.880  2900  2900 I ServiceManager: service 'media.resource_manager' died
05-25 21:36:45.880  2900  2900 I ServiceManager: service 'media.camera' died
05-25 21:36:46.030  2902  2902 V NatController: runCmd(/system/bin/iptables -w -F natctrl_FORWARD) res=0
05-25 21:36:46.035  2902  2902 V NatController: runCmd(/system/bin/iptables -w -A natctrl_FORWARD -j DROP) res=0
05-25 21:36:46.039  2902  2902 V NatController: runCmd(/system/bin/iptables -w -t nat -F natctrl_nat_POSTROUTING) res=0
05-25 21:36:46.043  2902  2902 V NatController: runCmd(/system/bin/iptables -w -F natctrl_tether_counters) res=1
05-25 21:36:46.048  2902  2902 V NatController: runCmd(/system/bin/iptables -w -X natctrl_tether_counters) res=1
05-25 21:36:46.049  2980  2980 W auditd  : type=1325 audit(0.0:95): table=mangle family=2 entries=15
05-25 21:36:46.049  2980  2980 W auditd  : type=1320 audit(0.0:95): 
05-25 21:36:46.052  2902  2902 V NatController: runCmd(/system/bin/iptables -w -N natctrl_tether_counters) res=0
05-25 21:36:46.066  2902  2902 V NatController: runCmd(/system/bin/iptables -w -t mangle -A natctrl_mangle_FORWARD -p tcp --tcp-flags SYN SYN -j TCPMSS --clamp-mss-to-pmtu) res=0
05-25 21:36:46.069  2980  2980 W auditd  : type=1325 audit(0.0:96): table=filter family=2 entries=43
05-25 21:36:46.069  2980  2980 W auditd  : type=1320 audit(0.0:96): 
05-25 21:36:46.079  2980  2980 W auditd  : type=1325 audit(0.0:97): table=filter family=10 entries=46
05-25 21:36:46.079  2980  2980 W auditd  : type=1320 audit(0.0:97): 
05-25 21:36:46.079  2980  2980 W auditd  : type=1325 audit(0.0:98): table=filter family=2 entries=43
05-25 21:36:46.079  2980  2980 W auditd  : type=1320 audit(0.0:98): 
05-25 21:36:46.089  2980  2980 W auditd  : type=1325 audit(0.0:99): table=filter family=10 entries=46
05-25 21:36:46.089  2980  2980 W auditd  : type=1320 audit(0.0:99): 
05-25 21:36:46.089  2980  2980 W auditd  : type=1325 audit(0.0:100): table=filter family=2 entries=43
05-25 21:36:46.089  2980  2980 W auditd  : type=1320 audit(0.0:100): 
05-25 21:36:46.099  2980  2980 W auditd  : type=1325 audit(0.0:101): table=filter family=10 entries=46
05-25 21:36:46.099  2980  2980 W auditd  : type=1320 audit(0.0:101): 
05-25 21:36:46.129  2980  2980 W auditd  : type=1325 audit(0.0:102): table=raw family=2 entries=9
05-25 21:36:46.129  2980  2980 W auditd  : type=1320 audit(0.0:102): 
05-25 21:36:46.129  2980  2980 W auditd  : type=1325 audit(0.0:103): table=raw family=10 entries=9
05-25 21:36:46.129  2980  2980 W auditd  : type=1320 audit(0.0:103): 
05-25 21:36:46.139  2980  2980 W auditd  : type=1325 audit(0.0:104): table=mangle family=2 entries=16
05-25 21:36:46.139  2980  2980 W auditd  : type=1320 audit(0.0:104): 
05-25 21:36:46.506  2902  2902 E Netd    : cannot find interface dummy0
05-25 21:36:46.507  2902  2902 D MDnsDS  : MDnsSdListener::Hander starting up
05-25 21:36:46.508  2902  3301 D MDnsDS  : MDnsSdListener starting to monitor
05-25 21:36:46.508  2902  3301 D MDnsDS  : Going to poll with pollCount 1
05-25 21:36:46.963  3082  3289 W dex2oat : Skipping class com.quicinc.tcmiface.DpmTcmIface from /system/framework/org.apache.http.legacy.boot.jar previously found in /system/framework/okhttp.jar
05-25 21:36:47.293  3082  3082 I dex2oat : Explicit concurrent mark sweep GC freed 58565(21MB) AllocSpace objects, 0(0B) LOS objects, 34% free, 7MB/11MB, paused 91us total 10.872ms
05-25 21:36:47.815  3082  3082 I dex2oat : dex2oat took 2.506s (threads: 8) arena alloc=720B java alloc=7MB native alloc=10MB free=10MB
05-25 21:36:47.851  2910  2910 D ICU     : No timezone override file found: /data/misc/zoneinfo/current/icu/icu_tzdata.dat
05-25 21:36:47.986  2910  2910 I Radio-JNI: register_android_hardware_Radio DONE
05-25 21:36:48.026  2910  2910 I SamplingProfilerIntegration: Profiling disabled.
05-25 21:36:48.027  2910  2910 D Zygote  : begin preload
05-25 21:36:48.028  2910  2910 I Zygote  : Preloading classes...
05-25 21:36:48.451  2910  2910 E Minikin : addFont failed to create font /system/fonts/NanumGothic.ttf
05-25 21:36:48.451  2910  2910 E Minikin : addFont failed to create font /system/fonts/DroidSansFallback.ttf
05-25 21:36:48.451  2910  2910 E Minikin : addFont failed to create font /system/fonts/MTLmr3m.ttf
05-25 21:36:48.547  2910  2910 V DngCreator_JNI: DngCreator_nativeClassInit:
05-25 21:36:49.170  2910  2910 I art     : Thread[1,tid=2910,Native,Thread*=0x7f9d77ba00,peer=0x12c532e0,"main"] recursive attempt to load library "/system/lib64/libmedia_jni.so"
05-25 21:36:49.170  2910  2910 D MtpDeviceJNI: register_android_mtp_MtpDevice
05-25 21:36:49.170  2910  2910 I art     : Thread[1,tid=2910,Native,Thread*=0x7f9d77ba00,peer=0x12c532e0,"main"] recursive attempt to load library "/system/lib64/libmedia_jni.so"
05-25 21:36:49.171  2910  2910 I art     : Thread[1,tid=2910,Native,Thread*=0x7f9d77ba00,peer=0x12c532e0,"main"] recursive attempt to load library "/system/lib64/libmedia_jni.so"
05-25 21:36:49.681  2910  2910 W System  : ClassLoader referenced unknown path: /system/framework/tcmclient.jar
05-25 21:36:50.006  3312  3312 I mediaserver: ServiceManager: 0xf630e120
05-25 21:36:50.007  3312  3312 I AudioFlinger: Using default 3000 mSec as standby time.
05-25 21:36:50.007  3312  3312 E BatteryNotifier: batterystats service unavailable!
05-25 21:36:50.007  3312  3312 E BatteryNotifier: batterystats service unavailable!
05-25 21:36:50.007  3312  3312 I CameraService: CameraService started (pid=3312)
05-25 21:36:50.007  3312  3312 I CameraService: CameraService process starting
05-25 21:36:50.007  3312  3312 E BatteryNotifier: batterystats service unavailable!
05-25 21:36:50.007  3312  3312 E BatteryNotifier: batterystats service unavailable!
05-25 21:36:50.008  3312  3312 E CameraService: Could not load camera HAL module: -2 (No such file or directory)
05-25 21:36:50.008  3312  3312 I AudioPolicyService: AudioPolicyService CSTOR in new mode
05-25 21:36:50.008  3312  3312 W APM::HwModule: loadOutput() invalid supported devices
05-25 21:36:50.008  3312  3312 W APM::HwModule: loadOutput() invalid supported devices
05-25 21:36:50.008  3312  3312 W APM::HwModule: loadInput() invalid supported devices
05-25 21:36:50.008  3312  3312 W APM::HwModule: loadInput() invalid supported devices
05-25 21:36:50.009  3312  3312 I APM::ConfigParsingUtils: loadAudioPolicyConfig() loaded /system/etc/audio_policy.conf
05-25 21:36:50.026  2910  2910 I System  : Loaded time zone names for "" in 25ms (24ms in ICU)
05-25 21:36:50.059  2910  2910 I System  : Loaded time zone names for "en_US" in 33ms (13ms in ICU)
05-25 21:36:50.229  2910  2910 I Zygote  : ...preloaded 3831 classes in 2201ms.
05-25 21:36:50.229  2910  2910 I art     : VMRuntime.preloadDexCaches starting
05-25 21:36:50.262  2910  2910 I art     : VMRuntime.preloadDexCaches strings total=248908 before=10083 after=10083
05-25 21:36:50.262  2910  2910 I art     : VMRuntime.preloadDexCaches types total=20329 before=8245 after=9836
05-25 21:36:50.262  2910  2910 I art     : VMRuntime.preloadDexCaches fields total=100349 before=35755 after=47720
05-25 21:36:50.262  2910  2910 I art     : VMRuntime.preloadDexCaches methods total=172744 before=67597 after=83301
05-25 21:36:50.262  2910  2910 I art     : VMRuntime.preloadDexCaches finished
05-25 21:36:50.282  3317  3317 D idmap   : error: no read access to /vendor/overlay: No such file or directory
05-25 21:36:50.302  2910  2910 I Zygote  : Preloading resources...
05-25 21:36:50.578  3312  3312 I AudioFlinger: loadHwModule() Loaded primary audio interface from Samsung audio HW HAL (audio) handle 1
05-25 21:36:50.578  3312  3312 I AudioFlinger: openOutput(), module 1 Device 2, SamplingRate 48000, Format 0x000001, Channels 3, flags a
05-25 21:36:50.578  3312  3312 I AudioFlinger: AudioStreamOut::open(), mHalFormatIsLinearPcm = 1
05-25 21:36:50.578  3312  3312 I AudioFlinger: HAL output buffer size 1024 frames, normal sink buffer size 1024 frames
05-25 21:36:50.579  3312  3312 W EffectsFactory: loadLibrary() failed to open /system/lib/soundfx/libaudioeffectoffload.so
05-25 21:36:50.580  3312  3312 W EffectsFactory: loadLibrary() failed to open /system/lib/soundfx/libexynosvisualizer.so
05-25 21:36:50.582  3312  3312 W EffectsFactory: loadLibrary() failed to open /system/lib/libmysound.so
05-25 21:36:50.582  3312  3312 W EffectsFactory: loadLibrary() failed to open /system/lib/soundfx/libmyspace.so
05-25 21:36:50.582  3312  3312 W EffectsFactory: loadLibrary() failed to open /system/lib/libaudiosa.so
05-25 21:36:50.582  3312  3312 W EffectsFactory: loadLibrary() failed to open /system/lib/soundfx/libaudiosaplus_sec.so
05-25 21:36:50.582  3312  3312 W EffectsFactory: loadLibrary() failed to open /system/lib/libsamsungSoundbooster_plus.so
05-25 21:36:50.582  3312  3312 W EffectsFactory: loadEffect() could not get library soundbooster_plus
05-25 21:36:50.582  3312  3312 W EffectsFactory: addSubEffect() could not get library soundalive_sec
05-25 21:36:50.582  3312  3312 W EffectsFactory: loadEffect() could not add subEffect 
05-25 21:36:50.582  3312  3312 W EffectsFactory: loadEffect() could not get library soundalive
05-25 21:36:50.582  3312  3312 W EffectsFactory: loadEffect() could not get library soundalive
05-25 21:36:50.582  3312  3312 W EffectsFactory: loadEffect() could not get library soundalive
05-25 21:36:50.582  3312  3312 W EffectsFactory: addSubEffect() could not get library visualizer_hw
05-25 21:36:50.582  3312  3312 W EffectsFactory: loadEffect() could not add subEffect 
05-25 21:36:50.582  3312  3312 W EffectsFactory: addSubEffect() could not get library mysound
05-25 21:36:50.582  3312  3312 W EffectsFactory: loadEffect() could not add subEffect 
05-25 21:36:50.582  3312  3312 W EffectsFactory: addSubEffect() could not get library myspace
05-25 21:36:50.582  3312  3312 W EffectsFactory: loadEffect() could not add subEffect 
05-25 21:36:50.582  3312  3312 I BufferProvider: found effect "Multichannel Downmix To Stereo" from The Android Open Source Project
05-25 21:36:50.583  3312  3312 I AudioFlinger: Using module 1 has the primary audio interface
05-25 21:36:50.583  3312  3318 I AudioFlinger: AudioFlinger's thread 0xf46c0000 ready to run
05-25 21:36:50.583  3312  3318 V audio_hw_primary: do_out_standby: output standby: 1
05-25 21:36:50.583  3312  3318 V audio_hw_primary: out_set_parameters: key value pairs: routing=2
05-25 21:36:50.583  3312  3318 E AudioFlinger: no wake lock to update!
05-25 21:36:50.583  3312  3312 I AudioFlinger: openOutput(), module 1 Device 2, SamplingRate 48000, Format 0x000001, Channels 3, flags 4
05-25 21:36:50.583  3312  3312 I AudioFlinger: AudioStreamOut::open(), mHalFormatIsLinearPcm = 1
05-25 21:36:50.583  3312  3312 I AudioFlinger: HAL output buffer size 256 frames, normal sink buffer size 960 frames
05-25 21:36:50.583  3312  3312 E MonoPipe: Failed to fetch local time frequency when constructing a MonoPipe (res = -32).  getNextWriteTimestamp calls will be non-functional
05-25 21:36:50.584  3312  3320 I AudioFlinger: AudioFlinger's thread 0xf4380000 ready to run
05-25 21:36:50.584  3312  3320 V audio_hw_primary: out_set_parameters: key value pairs: routing=2
05-25 21:36:50.584  3312  3320 V audio_hw_primary: do_out_standby: output standby: 1
05-25 21:36:50.584  3312  3320 E AudioFlinger: no wake lock to update!
05-25 21:36:50.584  3312  3312 V audio_hw_primary: adev_open_input_stream: Requesting input stream with rate: 48000, channels: 0xc
05-25 21:36:50.584  3312  3321 I AudioFlinger: AudioFlinger's thread 0xf4080000 ready to run
05-25 21:36:50.585  3312  3312 I bt_a2dp_hw: adev_open:  adev_open in A2dp_hw module
05-25 21:36:50.585  3312  3312 I AudioFlinger: loadHwModule() Loaded a2dp audio interface from A2DP Audio HW HAL (audio) handle 5
05-25 21:36:50.586  3312  3312 I AudioFlinger: loadHwModule() Loaded usb audio interface from USB audio HW HAL (audio) handle 6
05-25 21:36:50.586  3312  3312 I r_submix: adev_open(name=audio_hw_if)
05-25 21:36:50.586  3312  3312 I r_submix: adev_init_check()
05-25 21:36:50.586  3312  3312 I AudioFlinger: loadHwModule() Loaded r_submix audio interface from Wifi Display audio HAL (audio) handle 7
05-25 21:36:50.586  3312  3312 D r_submix: adev_open_input_stream(addr=0)
05-25 21:36:50.586  3312  3312 D r_submix: submix_audio_device_create_pipe_l(addr=0, idx=9)
05-25 21:36:50.586  3312  3312 D r_submix:   now using address 0 for route 9
05-25 21:36:50.586  3312  3322 I AudioFlinger: AudioFlinger's thread 0xf3fc0000 ready to run
05-25 21:36:50.587  3312  3312 D r_submix: adev_close_input_stream()
05-25 21:36:50.587  3312  3312 D r_submix: submix_audio_device_release_pipe_l(idx=9) addr=0
05-25 21:36:50.587  3312  3312 D r_submix: submix_audio_device_destroy_pipe_l(): pipe destroyed
05-25 21:36:50.587  3312  3312 F libc    : Fatal signal 11 (SIGSEGV), code 1, fault addr 0x0 in tid 3312 (mediaserver)
05-25 21:36:50.587  2903  2903 I DEBUG   : property debug.db.uid not set; NOT waiting for gdb.
05-25 21:36:50.587  2903  2903 I DEBUG   : HINT: adb shell setprop debug.db.uid 100000
05-25 21:36:50.587  2903  2903 I DEBUG   : HINT: adb forward tcp:5039 tcp:5039
05-25 21:36:50.637  2903  2903 F DEBUG   : *** *** *** *** *** *** *** *** *** *** *** *** *** *** *** ***
05-25 21:36:50.637  2903  2903 F DEBUG   : Build fingerprint: 'samsung/cm_hero2ltexx/hero2ltexx:6.0.1/MOB30J/e2cda30d7b:eng/test-keys'
05-25 21:36:50.637  2903  2903 F DEBUG   : Revision: '0'
05-25 21:36:50.638  2903  2903 F DEBUG   : ABI: 'arm'
05-25 21:36:50.638  2903  2903 F DEBUG   : pid: 3312, tid: 3312, name: mediaserver  >>> /system/bin/mediaserver <<<
05-25 21:36:50.638  2903  2903 F DEBUG   : signal 11 (SIGSEGV), code 1 (SEGV_MAPERR), fault addr 0x0
05-25 21:36:50.641  2903  2903 F DEBUG   :     r0 f475e8f4  r1 00000000  r2 65732020  r3 00000007
05-25 21:36:50.641  2903  2903 F DEBUG   :     r4 00000008  r5 f475e8f2  r6 f716bbe0  r7 ffe92fb4
05-25 21:36:50.641  2903  2903 F DEBUG   :     r8 f47be00c  r9 f7169431  sl f7169635  fp f475e8f2
05-25 21:36:50.641  2903  2903 F DEBUG   :     ip 00000000  sp ffe92f70  lr f71644f7  pc f6cb73c8  cpsr 600f0010
05-25 21:36:50.642  2903  2903 F DEBUG   : 
05-25 21:36:50.642  2903  2903 F DEBUG   : backtrace:
05-25 21:36:50.642  2903  2903 F DEBUG   :     #00 pc 000183c8  /system/lib/libc.so (strcmp+152)
05-25 21:36:50.642  2903  2903 F DEBUG   :     #01 pc 000084f3  /system/lib/libaudiopolicyservice.so
05-25 21:36:50.642  2903  2903 F DEBUG   :     #02 pc 0001ffb0  [stack]
05-25 21:36:50.679  3312  3312 W mediaserver: type=1701 audit(0.0:138): auid=4294967295 uid=1013 gid=1005 ses=4294967295 exe="/system/bin/mediaserver" sig=11
05-25 21:36:50.690  2903  2903 F DEBUG   : 
05-25 21:36:50.690  2903  2903 F DEBUG   : Tombstone written to: /data/tombstones/tombstone_01
05-25 21:36:50.692  2900  2900 I ServiceManager: service 'media.audio_flinger' died
05-25 21:36:50.692  2900  2900 I ServiceManager: service 'media.player' died
05-25 21:36:50.692  2900  2900 I ServiceManager: service 'media.resource_manager' died
05-25 21:36:50.692  2900  2900 I ServiceManager: service 'media.camera' died
05-25 21:36:50.758  2910  2910 I Zygote  : ...preloaded 342 resources in 456ms.
05-25 21:36:50.768  2910  2910 I Zygote  : ...preloaded 41 resources in 10ms.
05-25 21:36:50.775  2910  2910 D libEGL  : loaded /vendor/lib64/egl/libGLES_mali.so
05-25 21:36:50.781  2910  2910 I Zygote  : Preloading shared libraries...
05-25 21:36:50.791  2910  2910 D Zygote  : end preload
05-25 21:36:50.792  2910  2910 I art     : Starting a blocking GC Explicit
05-25 21:36:50.802  2910  2910 I art     : Explicit concurrent mark sweep GC freed 11569(467KB) AllocSpace objects, 0(0B) LOS objects, 35% free, 29MB/45MB, paused 48us total 10.703ms
05-25 21:36:50.808  2910  2910 I art     : Starting a blocking GC Explicit
05-25 21:36:50.817  2910  2910 I art     : Explicit concurrent mark sweep GC freed 2698(126KB) AllocSpace objects, 0(0B) LOS objects, 35% free, 28MB/44MB, paused 40us total 8.673ms
05-25 21:36:50.818  2910  3309 I art     : Starting a blocking GC HeapTrim
05-25 21:36:50.819  2910  2910 I art     : Starting a blocking GC Background
05-25 21:36:50.869  2910  2910 I Zygote  : System server process 3327 has been created
05-25 21:36:50.871  2910  2910 I Zygote  : Accepting command socket connections
05-25 21:36:50.877  3327  3327 W Zygote  : Got error connecting to zygote, retrying. msg= No such file or directory
05-25 21:36:51.877  3327  3327 W Zygote  : Got error connecting to zygote, retrying. msg= No such file or directory
05-25 21:36:52.878  3327  3327 W Zygote  : Got error connecting to zygote, retrying. msg= No such file or directory
05-25 21:36:53.878  3327  3327 W Zygote  : Got error connecting to zygote, retrying. msg= No such file or directory
05-25 21:36:54.819  3341  3341 I mediaserver: ServiceManager: 0xf68ce120
05-25 21:36:54.819  3341  3341 I AudioFlinger: Using default 3000 mSec as standby time.
05-25 21:36:54.820  3341  3341 E BatteryNotifier: batterystats service unavailable!
05-25 21:36:54.820  3341  3341 E BatteryNotifier: batterystats service unavailable!
05-25 21:36:54.820  3341  3341 I CameraService: CameraService started (pid=3341)
05-25 21:36:54.820  3341  3341 I CameraService: CameraService process starting
05-25 21:36:54.820  3341  3341 E BatteryNotifier: batterystats service unavailable!
05-25 21:36:54.820  3341  3341 E BatteryNotifier: batterystats service unavailable!
05-25 21:36:54.820  3341  3341 E CameraService: Could not load camera HAL module: -2 (No such file or directory)
05-25 21:36:54.821  3341  3341 I AudioPolicyService: AudioPolicyService CSTOR in new mode
05-25 21:36:54.821  3341  3341 W APM::HwModule: loadOutput() invalid supported devices
05-25 21:36:54.821  3341  3341 W APM::HwModule: loadOutput() invalid supported devices
05-25 21:36:54.821  3341  3341 W APM::HwModule: loadInput() invalid supported devices
05-25 21:36:54.821  3341  3341 W APM::HwModule: loadInput() invalid supported devices
05-25 21:36:54.821  3341  3341 I APM::ConfigParsingUtils: loadAudioPolicyConfig() loaded /system/etc/audio_policy.conf
05-25 21:36:54.879  3327  3327 W Zygote  : Got error connecting to zygote, retrying. msg= No such file or directory
05-25 21:36:55.378  3341  3341 I AudioFlinger: loadHwModule() Loaded primary audio interface from Samsung audio HW HAL (audio) handle 1
05-25 21:36:55.378  3341  3341 I AudioFlinger: openOutput(), module 1 Device 2, SamplingRate 48000, Format 0x000001, Channels 3, flags a
05-25 21:36:55.378  3341  3341 I AudioFlinger: AudioStreamOut::open(), mHalFormatIsLinearPcm = 1
05-25 21:36:55.378  3341  3341 I AudioFlinger: HAL output buffer size 1024 frames, normal sink buffer size 1024 frames
05-25 21:36:55.379  3341  3341 W EffectsFactory: loadLibrary() failed to open /system/lib/soundfx/libaudioeffectoffload.so
05-25 21:36:55.380  3341  3341 W EffectsFactory: loadLibrary() failed to open /system/lib/soundfx/libexynosvisualizer.so
05-25 21:36:55.381  3341  3341 W EffectsFactory: loadLibrary() failed to open /system/lib/libmysound.so
05-25 21:36:55.381  3341  3341 W EffectsFactory: loadLibrary() failed to open /system/lib/soundfx/libmyspace.so
05-25 21:36:55.382  3341  3341 W EffectsFactory: loadLibrary() failed to open /system/lib/libaudiosa.so
05-25 21:36:55.382  3341  3341 W EffectsFactory: loadLibrary() failed to open /system/lib/soundfx/libaudiosaplus_sec.so
05-25 21:36:55.382  3341  3341 W EffectsFactory: loadLibrary() failed to open /system/lib/libsamsungSoundbooster_plus.so
05-25 21:36:55.382  3341  3341 W EffectsFactory: loadEffect() could not get library soundbooster_plus
05-25 21:36:55.382  3341  3341 W EffectsFactory: addSubEffect() could not get library soundalive_sec
05-25 21:36:55.382  3341  3341 W EffectsFactory: loadEffect() could not add subEffect 
05-25 21:36:55.382  3341  3341 W EffectsFactory: loadEffect() could not get library soundalive
05-25 21:36:55.382  3341  3341 W EffectsFactory: loadEffect() could not get library soundalive
05-25 21:36:55.382  3341  3341 W EffectsFactory: loadEffect() could not get library soundalive
05-25 21:36:55.382  3341  3341 W EffectsFactory: addSubEffect() could not get library visualizer_hw
05-25 21:36:55.382  3341  3341 W EffectsFactory: loadEffect() could not add subEffect 
05-25 21:36:55.382  3341  3341 W EffectsFactory: addSubEffect() could not get library mysound
05-25 21:36:55.382  3341  3341 W EffectsFactory: loadEffect() could not add subEffect 
05-25 21:36:55.382  3341  3341 W EffectsFactory: addSubEffect() could not get library myspace
05-25 21:36:55.382  3341  3341 W EffectsFactory: loadEffect() could not add subEffect 
05-25 21:36:55.382  3341  3341 I BufferProvider: found effect "Multichannel Downmix To Stereo" from The Android Open Source Project
05-25 21:36:55.382  3341  3341 I AudioFlinger: Using module 1 has the primary audio interface
05-25 21:36:55.383  3341  3349 I AudioFlinger: AudioFlinger's thread 0xf4c80000 ready to run
05-25 21:36:55.383  3341  3349 V audio_hw_primary: out_set_parameters: key value pairs: routing=2
05-25 21:36:55.383  3341  3349 V audio_hw_primary: do_out_standby: output standby: 1
05-25 21:36:55.383  3341  3349 E AudioFlinger: no wake lock to update!
05-25 21:36:55.383  3341  3341 I AudioFlinger: openOutput(), module 1 Device 2, SamplingRate 48000, Format 0x000001, Channels 3, flags 4
05-25 21:36:55.383  3341  3341 I AudioFlinger: AudioStreamOut::open(), mHalFormatIsLinearPcm = 1
05-25 21:36:55.383  3341  3341 I AudioFlinger: HAL output buffer size 256 frames, normal sink buffer size 960 frames
05-25 21:36:55.384  3341  3341 E MonoPipe: Failed to fetch local time frequency when constructing a MonoPipe (res = -32).  getNextWriteTimestamp calls will be non-functional
05-25 21:36:55.384  3341  3351 I AudioFlinger: AudioFlinger's thread 0xf4940000 ready to run
05-25 21:36:55.384  3341  3351 V audio_hw_primary: out_set_parameters: key value pairs: routing=2
05-25 21:36:55.384  3341  3351 V audio_hw_primary: do_out_standby: output standby: 1
05-25 21:36:55.384  3341  3351 E AudioFlinger: no wake lock to update!
05-25 21:36:55.384  3341  3341 V audio_hw_primary: adev_open_input_stream: Requesting input stream with rate: 48000, channels: 0xc
05-25 21:36:55.384  3341  3352 I AudioFlinger: AudioFlinger's thread 0xf4640000 ready to run
05-25 21:36:55.385  3341  3341 I bt_a2dp_hw: adev_open:  adev_open in A2dp_hw module
05-25 21:36:55.385  3341  3341 I AudioFlinger: loadHwModule() Loaded a2dp audio interface from A2DP Audio HW HAL (audio) handle 5
