06-15 17:23:36.139  3428  3428 I hwcomposer: PSR info devname = /sys/devices/13960000.decon_f/psr_info
06-15 17:23:36.139  3428  3428 I hwcomposer: PSR mode   = 2 (0: video mode, 1: DP PSR mode, 2: MIPI-DSI command mode)
06-15 17:23:36.139  3428  3428 I hwcomposer: Panel type = 1 (0: Legacy, 1: DSC)
06-15 17:23:36.140  3428  3428 I SurfaceFlinger: Using composer version 1.5
06-15 17:23:36.140  3428  3428 E display : [PrimaryDisplay] unknown display attribute 6
06-15 17:23:36.140  3428  3428 I SurfaceFlinger: EGL information:
06-15 17:23:36.140  3428  3428 I SurfaceFlinger: vendor    : Android
06-15 17:23:36.140  3428  3428 I SurfaceFlinger: version   : 1.4 Android META-EGL
06-15 17:23:36.140  3428  3428 I SurfaceFlinger: extensions: EGL_KHR_get_all_proc_addresses EGL_ANDROID_presentation_time EGL_KHR_swap_buffers_with_damage EGL_KHR_image EGL_KHR_image_base EGL_KHR_gl_texture_2D_image EGL_KHR_gl_texture_cubemap_image EGL_KHR_gl_renderbuffer_image EGL_KHR_fence_sync EGL_KHR_create_context EGL_KHR_config_attribs EGL_KHR_surfaceless_context EGL_EXT_create_context_robustness EGL_ANDROID_image_native_buffer EGL_KHR_wait_sync EGL_ANDROID_recordable EGL_KHR_partial_update 
06-15 17:23:36.140  3428  3428 I SurfaceFlinger: Client API: OpenGL_ES
06-15 17:23:36.140  3428  3428 I SurfaceFlinger: EGLSurface: 8-8-8-8, config=0x7f8a410128
06-15 17:23:36.141  3428  3428 D         : ro.exynos.dss isEnabled: 0
06-15 17:23:36.143  3428  3428 I SurfaceFlinger: OpenGL ES informations:
06-15 17:23:36.143  3428  3428 I SurfaceFlinger: vendor    : ARM
06-15 17:23:36.143  3428  3428 I SurfaceFlinger: renderer  : Mali-T880
06-15 17:23:36.143  3428  3428 I SurfaceFlinger: version   : OpenGL ES 3.1 v1.r9p0-12dev0.c2bae768d87bf40047e1f310c8de7f16
06-15 17:23:36.143  3428  3428 I SurfaceFlinger: extensions: GL_EXT_debug_marker GL_ARM_rgba8 GL_ARM_mali_shader_binary GL_OES_depth24 GL_OES_depth_texture GL_OES_depth_texture_cube_map GL_OES_packed_depth_stencil GL_OES_rgb8_rgba8 GL_EXT_read_format_bgra GL_OES_compressed_paletted_texture GL_OES_compressed_ETC1_RGB8_texture GL_OES_standard_derivatives GL_OES_EGL_image GL_OES_EGL_image_external GL_OES_EGL_sync GL_OES_texture_npot GL_OES_vertex_half_float GL_OES_required_internalformat GL_OES_vertex_array_object GL_OES_mapbuffer GL_EXT_texture_format_BGRA8888 GL_EXT_texture_rg GL_EXT_texture_type_2_10_10_10_REV GL_OES_fbo_render_mipmap GL_OES_element_index_uint GL_EXT_shadow_samplers GL_OES_texture_compression_astc GL_KHR_texture_compression_astc_ldr GL_KHR_texture_compression_astc_hdr GL_KHR_debug GL_EXT_occlusion_query_boolean GL_EXT_disjoint_timer_query GL_EXT_blend_minmax GL_EXT_discard_framebuffer GL_OES_get_program_binary GL_OES_texture_3D GL_EXT_texture_storage GL_EXT_multisampled_render_to_texture GL_OES_surfaceless_context GL_OES_texture_stencil8 G
06-15 17:23:36.143  3428  3428 I SurfaceFlinger: GL_MAX_TEXTURE_SIZE = 8192
06-15 17:23:36.143  3428  3428 I SurfaceFlinger: GL_MAX_VIEWPORT_DIMS = 8192
06-15 17:23:36.144  3428  3428 D mali_winsys: new_window_surface returns 0x3000,  [1440x2560]-format:1
06-15 17:23:36.146  3428  3428 D SurfaceFlinger: Set power mode=2, type=0 flinger=0x7f8a8c3c00
06-15 17:23:36.146  3428  3428 I hwcomposer: int exynos_setPowerMode(hwc_composer_device_1*, int, int):: disp(0), mode(2)
06-15 17:23:36.230  3433  3433 I mediaserver: ServiceManager: 0xf610e120
06-15 17:23:36.230  3433  3433 I AudioFlinger: Using default 3000 mSec as standby time.
06-15 17:23:36.230  3433  3433 E BatteryNotifier: batterystats service unavailable!
06-15 17:23:36.230  3433  3433 E BatteryNotifier: batterystats service unavailable!
06-15 17:23:36.230  3433  3433 I CameraService: CameraService started (pid=3433)
06-15 17:23:36.230  3433  3433 I CameraService: CameraService process starting
06-15 17:23:36.230  3433  3433 E BatteryNotifier: batterystats service unavailable!
06-15 17:23:36.230  3433  3433 E BatteryNotifier: batterystats service unavailable!
06-15 17:23:36.230  3433  3433 E CameraService: Could not load camera HAL module: -2 (No such file or directory)
06-15 17:23:36.231  3433  3433 I AudioPolicyService: AudioPolicyService CSTOR in new mode
06-15 17:23:36.231  3433  3433 I APM::ConfigParsingUtils: loadAudioPolicyConfig() loaded /system/etc/audio_policy.conf
06-15 17:23:36.291  3475  3475 I Netd    : Netd 1.0 starting
06-15 17:23:36.291  3475  3475 I QtiConnectivityAdapter: Failed to open libconnctrl, some features may not be present.
06-15 17:23:36.291  3475  3475 D TetherController: Setting IP forward enable = 0
06-15 17:23:36.292  3432  3432 D AndroidRuntime: >>>>>> START com.android.internal.os.ZygoteInit uid 0 <<<<<<
06-15 17:23:36.295  3432  3432 D AndroidRuntime: CheckJNI is ON
06-15 17:23:36.295  3432  3432 I art     : option[0]=-Xzygote
06-15 17:23:36.295  3432  3432 I art     : option[1]=-Xcheck:jni
06-15 17:23:36.295  3432  3432 I art     : option[2]=-Xstacktracefile:/data/anr/traces.txt
06-15 17:23:36.295  3432  3432 I art     : option[3]=exit
06-15 17:23:36.295  3432  3432 I art     : option[4]=vfprintf
06-15 17:23:36.295  3432  3432 I art     : option[5]=sensitiveThread
06-15 17:23:36.295  3432  3432 I art     : option[6]=-verbose:gc
06-15 17:23:36.295  3432  3432 I art     : option[7]=-Xms8m
06-15 17:23:36.295  3432  3432 I art     : option[8]=-Xmx512m
06-15 17:23:36.295  3432  3432 I art     : option[9]=-XX:HeapGrowthLimit=256m
06-15 17:23:36.295  3432  3432 I art     : option[10]=-XX:HeapMinFree=2m
06-15 17:23:36.295  3432  3432 I art     : option[11]=-XX:HeapMaxFree=8m
06-15 17:23:36.295  3432  3432 I art     : option[12]=-XX:HeapTargetUtilization=0.75
06-15 17:23:36.295  3432  3432 I art     : option[13]=-Xusejit:true
06-15 17:23:36.295  3432  3432 I art     : option[14]=-agentlib:jdwp=transport=dt_android_adb,suspend=n,server=y
06-15 17:23:36.295  3432  3432 I art     : option[15]=-Xlockprofthreshold:500
06-15 17:23:36.295  3432  3432 I art     : option[16]=-Ximage-compiler-option
06-15 17:23:36.295  3432  3432 I art     : option[17]=--runtime-arg
06-15 17:23:36.295  3432  3432 I art     : option[18]=-Ximage-compiler-option
06-15 17:23:36.295  3432  3432 I art     : option[19]=-Xms64m
06-15 17:23:36.295  3432  3432 I art     : option[20]=-Ximage-compiler-option
06-15 17:23:36.295  3432  3432 I art     : option[21]=--runtime-arg
06-15 17:23:36.295  3432  3432 I art     : option[22]=-Ximage-compiler-option
06-15 17:23:36.295  3432  3432 I art     : option[23]=-Xmx64m
06-15 17:23:36.295  3432  3432 I art     : option[24]=-Ximage-compiler-option
06-15 17:23:36.295  3432  3432 I art     : option[25]=--compiler-filter=verify-at-runtime
06-15 17:23:36.295  3432  3432 I art     : option[26]=-Ximage-compiler-option
06-15 17:23:36.295  3432  3432 I art     : option[27]=--image-classes=/system/etc/preloaded-classes
06-15 17:23:36.295  3432  3432 I art     : option[28]=-Xcompiler-option
06-15 17:23:36.295  3432  3432 I art     : option[29]=--runtime-arg
06-15 17:23:36.295  3432  3432 I art     : option[30]=-Xcompiler-option
06-15 17:23:36.295  3432  3432 I art     : option[31]=-Xms64m
06-15 17:23:36.295  3432  3432 I art     : option[32]=-Xcompiler-option
06-15 17:23:36.295  3432  3432 I art     : option[33]=--runtime-arg
06-15 17:23:36.295  3432  3432 I art     : option[34]=-Xcompiler-option
06-15 17:23:36.295  3432  3432 I art     : option[35]=-Xmx512m
06-15 17:23:36.295  3432  3432 I art     : option[36]=-Xcompiler-option
06-15 17:23:36.295  3432  3432 I art     : option[37]=--compiler-filter=verify-at-runtime
06-15 17:23:36.295  3432  3432 I art     : option[38]=-Ximage-compiler-option
06-15 17:23:36.295  3432  3432 I art     : option[39]=--instruction-set-variant=generic
06-15 17:23:36.295  3432  3432 I art     : option[40]=-Xcompiler-option
06-15 17:23:36.295  3432  3432 I art     : option[41]=--instruction-set-variant=generic
06-15 17:23:36.295  3432  3432 I art     : option[42]=-Ximage-compiler-option
06-15 17:23:36.295  3432  3432 I art     : option[43]=--instruction-set-features=default
06-15 17:23:36.295  3432  3432 I art     : option[44]=-Xcompiler-option
06-15 17:23:36.295  3432  3432 I art     : option[45]=--instruction-set-features=default
06-15 17:23:36.295  3432  3432 I art     : option[46]=-Duser.locale=en-US
06-15 17:23:36.295  3432  3432 I art     : option[47]=--cpu-abilist=arm64-v8a,armeabi
06-15 17:23:36.295  3432  3432 I art     : option[48]=-Xfingerprint:samsung/cm_hero2ltexx/hero2ltexx:6.0.1/MOB30J/431281ecd7:eng/test-keys
06-15 17:23:36.289  3055  3055 W auditd  : type=1325 audit(0.0:138): table=filter family=2 entries=52
06-15 17:23:36.289  3055  3055 W auditd  : type=1320 audit(0.0:138): 
06-15 17:23:36.299  3055  3055 W auditd  : type=1325 audit(0.0:139): table=filter family=10 entries=55
06-15 17:23:36.299  3055  3055 W auditd  : type=1320 audit(0.0:139): 
06-15 17:23:36.299  3055  3055 W auditd  : type=1325 audit(0.0:140): table=filter family=2 entries=51
06-15 17:23:36.299  3055  3055 W auditd  : type=1320 audit(0.0:140): 
06-15 17:23:36.309  3055  3055 W auditd  : type=1325 audit(0.0:141): table=filter family=10 entries=54
06-15 17:23:36.309  3055  3055 W auditd  : type=1320 audit(0.0:141): 
06-15 17:23:36.309  3055  3055 W auditd  : type=1325 audit(0.0:142): table=filter family=2 entries=50
06-15 17:23:36.309  3055  3055 W auditd  : type=1320 audit(0.0:142): 
06-15 17:23:36.320  3432  3432 D ICU     : No timezone override file found: /data/misc/zoneinfo/current/icu/icu_tzdata.dat
06-15 17:23:36.319  3055  3055 W auditd  : type=1325 audit(0.0:143): table=filter family=10 entries=53
06-15 17:23:36.319  3055  3055 W auditd  : type=1320 audit(0.0:143): 
06-15 17:23:36.319  3055  3055 W auditd  : type=1325 audit(0.0:144): table=filter family=2 entries=48
06-15 17:23:36.319  3055  3055 W auditd  : type=1320 audit(0.0:144): 
06-15 17:23:36.329  3055  3055 W auditd  : type=1325 audit(0.0:145): table=filter family=10 entries=51
06-15 17:23:36.329  3055  3055 W auditd  : type=1320 audit(0.0:145): 
06-15 17:23:36.329  3055  3055 W auditd  : type=1325 audit(0.0:146): table=filter family=2 entries=50
06-15 17:23:36.329  3055  3055 W auditd  : type=1320 audit(0.0:146): 
06-15 17:23:36.339  3055  3055 W auditd  : type=1325 audit(0.0:147): table=filter family=10 entries=53
06-15 17:23:36.408  3428  3428 D SurfaceFlinger: SF. shader cache generated - 26 shaders in 199.308929 ms
06-15 17:23:36.411  3428  3428 E display : WIN_CONFIG is skipped, but mLastRetireFenceFd is not valid
06-15 17:23:36.415  3428  3428 E display : WIN_CONFIG is skipped, but mLastRetireFenceFd is not valid
06-15 17:23:36.427  3467  3474 D libEGL  : loaded /vendor/lib64/egl/libGLES_mali.so
06-15 17:23:36.442  3467  3474 D mali_winsys: new_window_surface returns 0x3000,  [1440x2560]-format:2
06-15 17:23:36.443  3467  3474 D         : ro.exynos.dss isEnabled: 0
06-15 17:23:36.445  3467  3474 E BootAnimation: couldn't find audio_conf.txt
06-15 17:23:36.447  3467  3474 D BootAnimation: Use save memory method, maybe small fps in actual.
06-15 17:23:36.449  3432  3432 I Radio-JNI: register_android_hardware_Radio DONE
06-15 17:23:36.482  3428  3428 E display : VPP should be assigned to FramebufferTarget but it was failed ret(0)
06-15 17:23:36.484  3428  3428 E display : [PrimaryDisplay] framebuffer target expected, but not provided
06-15 17:23:36.493  3432  3432 I SamplingProfilerIntegration: Profiling disabled.
06-15 17:23:36.494  3432  3432 D Zygote  : begin preload
06-15 17:23:36.496  3432  3432 I Zygote  : Preloading classes...
06-15 17:23:36.499  3428  3428 E display : VPP should be assigned to FramebufferTarget but it was failed ret(0)
06-15 17:23:36.501  3428  3428 E display : [PrimaryDisplay] framebuffer target expected, but not provided
06-15 17:23:36.532  3428  3428 E display : VPP should be assigned to FramebufferTarget but it was failed ret(0)
06-15 17:23:36.535  3428  3428 E display : [PrimaryDisplay] framebuffer target expected, but not provided
06-15 17:23:36.566  3428  3428 E display : VPP should be assigned to FramebufferTarget but it was failed ret(0)
06-15 17:23:36.568  3428  3428 E display : [PrimaryDisplay] framebuffer target expected, but not provided
06-15 17:23:36.600  3428  3428 E display : VPP should be assigned to FramebufferTarget but it was failed ret(0)
06-15 17:23:36.603  3428  3428 E display : [PrimaryDisplay] framebuffer target expected, but not provided
06-15 17:23:36.634  3428  3428 E display : VPP should be assigned to FramebufferTarget but it was failed ret(0)
06-15 17:23:36.636  3428  3428 E display : [PrimaryDisplay] framebuffer target expected, but not provided
06-15 17:23:36.668  3428  3428 E display : VPP should be assigned to FramebufferTarget but it was failed ret(0)
06-15 17:23:36.670  3428  3428 E display : [PrimaryDisplay] framebuffer target expected, but not provided
06-15 17:23:36.702  3428  3428 E display : VPP should be assigned to FramebufferTarget but it was failed ret(0)
06-15 17:23:36.704  3428  3428 E display : [PrimaryDisplay] framebuffer target expected, but not provided
06-15 17:23:36.736  3428  3428 E display : VPP should be assigned to FramebufferTarget but it was failed ret(0)
06-15 17:23:36.738  3428  3428 E display : [PrimaryDisplay] framebuffer target expected, but not provided
06-15 17:23:36.760  3433  3433 E audio_route: Failed to open /system/etc/mixer_paths.xml
06-15 17:23:36.765  3433  3433 I AudioFlinger: loadHwModule() Loaded primary audio interface from Samsung audio HW HAL (audio) handle 1
06-15 17:23:36.765  3433  3433 I AudioFlinger: openOutput(), module 1 Device 2, SamplingRate 44100, Format 0x000001, Channels 3, flags 2
06-15 17:23:36.765  3433  3433 I AudioFlinger: AudioStreamOut::open(), mHalFormatIsLinearPcm = 1
06-15 17:23:36.765  3433  3433 I AudioFlinger: HAL output buffer size 256 frames, normal sink buffer size 960 frames
06-15 17:23:36.767  3433  3433 I BufferProvider: found effect "Multichannel Downmix To Stereo" from The Android Open Source Project
06-15 17:23:36.767  3433  3433 E MonoPipe: Failed to fetch local time frequency when constructing a MonoPipe (res = -32).  getNextWriteTimestamp calls will be non-functional
06-15 17:23:36.768  3433  3433 I AudioFlinger: Using module 1 has the primary audio interface
06-15 17:23:36.768  3433  3594 I AudioFlinger: AudioFlinger's thread 0xf45c0000 ready to run
06-15 17:23:36.768  3433  3594 V audio_hw_primary: do_out_standby: output standby: 1
06-15 17:23:36.768  3433  3594 V audio_hw_primary: out_set_parameters: key value pairs: routing=2
06-15 17:23:36.768  3433  3594 E AudioFlinger: no wake lock to update!
06-15 17:23:36.769  3433  3433 V audio_hw_primary: adev_open_input_stream: Created resampler converting 48000 -> 16000
06-15 17:23:36.769  3433  3433 V audio_hw_primary: adev_open_input_stream: Requesting input stream with rate: 16000, channels: 0xc
06-15 17:23:36.769  3433  3596 I AudioFlinger: AudioFlinger's thread 0xf4200000 ready to run
06-15 17:23:36.770  3433  3433 I r_submix: adev_open(name=audio_hw_if)
06-15 17:23:36.770  3428  3428 E display : VPP should be assigned to FramebufferTarget but it was failed ret(0)
06-15 17:23:36.770  3433  3433 I r_submix: adev_init_check()
06-15 17:23:36.770  3433  3433 I AudioFlinger: loadHwModule() Loaded r_submix audio interface from Wifi Display audio HAL (audio) handle 4
06-15 17:23:36.770  3433  3433 D r_submix: adev_open_input_stream(addr=0)
06-15 17:23:36.770  3433  3433 D r_submix: submix_audio_device_create_pipe_l(addr=0, idx=9)
06-15 17:23:36.770  3433  3433 D r_submix:   now using address 0 for route 9
06-15 17:23:36.770  3433  3597 I AudioFlinger: AudioFlinger's thread 0xf4200000 ready to run
06-15 17:23:36.770  3433  3433 D r_submix: adev_close_input_stream()
06-15 17:23:36.770  3433  3433 D r_submix: submix_audio_device_release_pipe_l(idx=9) addr=0
06-15 17:23:36.770  3433  3433 D r_submix: submix_audio_device_destroy_pipe_l(): pipe destroyed
06-15 17:23:36.770  3433  3433 E SoundTriggerHwService: couldn't load sound trigger module sound_trigger.primary (No such file or directory)
06-15 17:23:36.771  3433  3433 I RadioService: RadioService
06-15 17:23:36.771  3433  3433 I RadioService: onFirstRef
06-15 17:23:36.771  3433  3433 E RadioService: couldn't load radio module radio.primary (No such file or directory)
06-15 17:23:36.772  3428  3428 E display : [PrimaryDisplay] framebuffer target expected, but not provided
06-15 17:23:36.804  3428  3428 E display : VPP should be assigned to FramebufferTarget but it was failed ret(0)
06-15 17:23:36.806  3428  3428 E display : [PrimaryDisplay] framebuffer target expected, but not provided
06-15 17:23:36.837  3428  3428 E display : VPP should be assigned to FramebufferTarget but it was failed ret(0)
06-15 17:23:36.840  3428  3428 E display : [PrimaryDisplay] framebuffer target expected, but not provided
06-15 17:23:36.851  3432  3432 E Minikin : addFont failed to create font /system/fonts/NanumGothic.ttf
06-15 17:23:36.851  3432  3432 E Minikin : addFont failed to create font /system/fonts/DroidSansFallback.ttf
06-15 17:23:36.851  3432  3432 E Minikin : addFont failed to create font /system/fonts/MTLmr3m.ttf
06-15 17:23:36.871  3428  3428 E display : VPP should be assigned to FramebufferTarget but it was failed ret(0)
06-15 17:23:36.874  3428  3428 E display : [PrimaryDisplay] framebuffer target expected, but not provided
06-15 17:23:36.905  3428  3428 E display : VPP should be assigned to FramebufferTarget but it was failed ret(0)
06-15 17:23:36.908  3428  3428 E display : [PrimaryDisplay] framebuffer target expected, but not provided
06-15 17:23:36.939  3428  3428 E display : VPP should be assigned to FramebufferTarget but it was failed ret(0)
06-15 17:23:36.941  3432  3432 V DngCreator_JNI: DngCreator_nativeClassInit:
06-15 17:23:36.942  3428  3428 E display : [PrimaryDisplay] framebuffer target expected, but not provided
06-15 17:23:36.973  3428  3428 E display : VPP should be assigned to FramebufferTarget but it was failed ret(0)
06-15 17:23:36.975  3428  3428 E display : [PrimaryDisplay] framebuffer target expected, but not provided
06-15 17:23:37.007  3428  3428 E display : VPP should be assigned to FramebufferTarget but it was failed ret(0)
06-15 17:23:37.009  3428  3428 E display : [PrimaryDisplay] framebuffer target expected, but not provided
06-15 17:23:37.009  3055  3055 W auditd  : type=1325 audit(0.0:293): table=filter family=2 entries=49
06-15 17:23:37.009  3055  3055 W auditd  : type=1320 audit(0.0:293): 
06-15 17:23:37.009  3055  3055 W auditd  : type=1325 audit(0.0:294): table=filter family=10 entries=53
06-15 17:23:37.009  3055  3055 W auditd  : type=1320 audit(0.0:294): 
06-15 17:23:37.019  3055  3055 W auditd  : type=1325 audit(0.0:295): table=filter family=2 entries=47
06-15 17:23:37.019  3055  3055 W auditd  : type=1320 audit(0.0:295): 
06-15 17:23:37.019  3055  3055 W auditd  : type=1325 audit(0.0:296): table=filter family=10 entries=45
06-15 17:23:37.019  3055  3055 W auditd  : type=1320 audit(0.0:296): 
06-15 17:23:37.029  3055  3055 W auditd  : type=1325 audit(0.0:297): table=filter family=2 entries=45
06-15 17:23:37.029  3055  3055 W auditd  : type=1320 audit(0.0:297): 
06-15 17:23:37.029  3055  3055 W auditd  : type=1325 audit(0.0:298): table=filter family=10 entries=43
06-15 17:23:37.029  3055  3055 W auditd  : type=1320 audit(0.0:298): 
06-15 17:23:37.029  3055  3055 W auditd  : type=1325 audit(0.0:299): table=filter family=10 entries=45
06-15 17:23:37.029  3055  3055 W auditd  : type=1320 audit(0.0:299): 
06-15 17:23:37.041  3428  3428 E display : VPP should be assigned to FramebufferTarget but it was failed ret(0)
06-15 17:23:37.043  3428  3428 E display : [PrimaryDisplay] framebuffer target expected, but not provided
06-15 17:23:37.039  3055  3055 W auditd  : type=1325 audit(0.0:300): table=filter family=10 entries=46
06-15 17:23:37.039  3055  3055 W auditd  : type=1320 audit(0.0:300): 
06-15 17:23:37.039  3055  3055 W auditd  : type=1325 audit(0.0:301): table=filter family=10 entries=47
06-15 17:23:37.039  3055  3055 W auditd  : type=1320 audit(0.0:301): 
06-15 17:23:37.049  3055  3055 W auditd  : type=1325 audit(0.0:302): table=filter family=10 entries=48
06-15 17:23:37.049  3055  3055 W auditd  : type=1320 audit(0.0:302): 
06-15 17:23:37.075  3428  3428 E display : VPP should be assigned to FramebufferTarget but it was failed ret(0)
06-15 17:23:37.077  3428  3428 E display : [PrimaryDisplay] framebuffer target expected, but not provided
06-15 17:23:37.109  3428  3428 E display : VPP should be assigned to FramebufferTarget but it was failed ret(0)
06-15 17:23:37.111  3428  3428 E display : [PrimaryDisplay] framebuffer target expected, but not provided
06-15 17:23:37.119  3475  3475 V NatController: runCmd(/system/bin/iptables -w -F natctrl_FORWARD) res=0
06-15 17:23:37.123  3475  3475 V NatController: runCmd(/system/bin/iptables -w -A natctrl_FORWARD -j DROP) res=0
06-15 17:23:37.127  3475  3475 V NatController: runCmd(/system/bin/iptables -w -t nat -F natctrl_nat_POSTROUTING) res=0
06-15 17:23:37.132  3475  3475 V NatController: runCmd(/system/bin/iptables -w -F natctrl_tether_counters) res=0
06-15 17:23:37.136  3475  3475 V NatController: runCmd(/system/bin/iptables -w -X natctrl_tether_counters) res=0
06-15 17:23:37.140  3475  3475 V NatController: runCmd(/system/bin/iptables -w -N natctrl_tether_counters) res=0
06-15 17:23:37.143  3428  3428 E display : VPP should be assigned to FramebufferTarget but it was failed ret(0)
06-15 17:23:37.144  3475  3475 V NatController: runCmd(/system/bin/iptables -w -t mangle -A natctrl_mangle_FORWARD -p tcp --tcp-flags SYN SYN -j TCPMSS --clamp-mss-to-pmtu) res=0
06-15 17:23:37.145  3428  3428 E display : [PrimaryDisplay] framebuffer target expected, but not provided
06-15 17:23:37.177  3428  3428 E display : VPP should be assigned to FramebufferTarget but it was failed ret(0)
06-15 17:23:37.179  3428  3428 E display : [PrimaryDisplay] framebuffer target expected, but not provided
06-15 17:23:37.210  3428  3428 E display : VPP should be assigned to FramebufferTarget but it was failed ret(0)
06-15 17:23:37.213  3428  3428 E display : [PrimaryDisplay] framebuffer target expected, but not provided
06-15 17:23:37.227  3428  3428 E display : VPP should be assigned to FramebufferTarget but it was failed ret(0)
06-15 17:23:37.229  3428  3428 E display : [PrimaryDisplay] framebuffer target expected, but not provided
06-15 17:23:37.261  3428  3428 E display : VPP should be assigned to FramebufferTarget but it was failed ret(0)
06-15 17:23:37.263  3428  3428 E display : [PrimaryDisplay] framebuffer target expected, but not provided
06-15 17:23:37.295  3428  3428 E display : VPP should be assigned to FramebufferTarget but it was failed ret(0)
06-15 17:23:37.297  3428  3428 E display : [PrimaryDisplay] framebuffer target expected, but not provided
06-15 17:23:37.329  3428  3428 E display : VPP should be assigned to FramebufferTarget but it was failed ret(0)
06-15 17:23:37.331  3428  3428 E display : [PrimaryDisplay] framebuffer target expected, but not provided
06-15 17:23:37.363  3428  3428 E display : VPP should be assigned to FramebufferTarget but it was failed ret(0)
06-15 17:23:37.365  3428  3428 E display : [PrimaryDisplay] framebuffer target expected, but not provided
06-15 17:23:37.389  3475  3475 E Netd    : cannot find interface dummy0
06-15 17:23:37.390  3475  3475 D MDnsDS  : MDnsSdListener::Hander starting up
06-15 17:23:37.390  3475  3749 D MDnsDS  : MDnsSdListener starting to monitor
06-15 17:23:37.390  3475  3749 D MDnsDS  : Going to poll with pollCount 1
06-15 17:23:37.397  3428  3428 E display : VPP should be assigned to FramebufferTarget but it was failed ret(0)
06-15 17:23:37.399  3428  3428 E display : [PrimaryDisplay] framebuffer target expected, but not provided
06-15 17:23:37.431  3428  3428 E display : VPP should be assigned to FramebufferTarget but it was failed ret(0)
06-15 17:23:37.433  3428  3428 E display : [PrimaryDisplay] framebuffer target expected, but not provided
06-15 17:23:37.465  3428  3428 E display : VPP should be assigned to FramebufferTarget but it was failed ret(0)
06-15 17:23:37.467  3428  3428 E display : [PrimaryDisplay] framebuffer target expected, but not provided
06-15 17:23:37.499  3428  3428 E display : VPP should be assigned to FramebufferTarget but it was failed ret(0)
06-15 17:23:37.501  3428  3428 E display : [PrimaryDisplay] framebuffer target expected, but not provided
06-15 17:23:37.533  3428  3428 E display : VPP should be assigned to FramebufferTarget but it was failed ret(0)
06-15 17:23:37.535  3428  3428 E display : [PrimaryDisplay] framebuffer target expected, but not provided
06-15 17:23:37.566  3428  3428 E display : VPP should be assigned to FramebufferTarget but it was failed ret(0)
06-15 17:23:37.569  3428  3428 E display : [PrimaryDisplay] framebuffer target expected, but not provided
06-15 17:23:37.571  3432  3432 I art     : Thread[1,tid=3432,Native,Thread*=0x7fa6abba00,peer=0x12c532e0,"main"] recursive attempt to load library "/system/lib64/libmedia_jni.so"
06-15 17:23:37.571  3432  3432 D MtpDeviceJNI: register_android_mtp_MtpDevice
06-15 17:23:37.572  3432  3432 I art     : Thread[1,tid=3432,Native,Thread*=0x7fa6abba00,peer=0x12c532e0,"main"] recursive attempt to load library "/system/lib64/libmedia_jni.so"
06-15 17:23:37.572  3432  3432 I art     : Thread[1,tid=3432,Native,Thread*=0x7fa6abba00,peer=0x12c532e0,"main"] recursive attempt to load library "/system/lib64/libmedia_jni.so"
06-15 17:23:37.600  3428  3428 E display : VPP should be assigned to FramebufferTarget but it was failed ret(0)
06-15 17:23:37.602  3428  3428 E display : [PrimaryDisplay] framebuffer target expected, but not provided
06-15 17:23:37.634  3428  3428 E display : VPP should be assigned to FramebufferTarget but it was failed ret(0)
06-15 17:23:37.636  3428  3428 E display : [PrimaryDisplay] framebuffer target expected, but not provided
06-15 17:23:37.668  3428  3428 E display : VPP should be assigned to FramebufferTarget but it was failed ret(0)
06-15 17:23:37.670  3428  3428 E display : [PrimaryDisplay] framebuffer target expected, but not provided
06-15 17:23:37.702  3428  3428 E display : VPP should be assigned to FramebufferTarget but it was failed ret(0)
06-15 17:23:37.704  3428  3428 E display : [PrimaryDisplay] framebuffer target expected, but not provided
06-15 17:23:37.736  3428  3428 E display : VPP should be assigned to FramebufferTarget but it was failed ret(0)
06-15 17:23:37.738  3428  3428 E display : [PrimaryDisplay] framebuffer target expected, but not provided
06-15 17:23:37.770  3428  3428 E display : VPP should be assigned to FramebufferTarget but it was failed ret(0)
06-15 17:23:37.772  3428  3428 E display : [PrimaryDisplay] framebuffer target expected, but not provided
06-15 17:23:37.804  3428  3428 E display : VPP should be assigned to FramebufferTarget but it was failed ret(0)
06-15 17:23:37.806  3428  3428 E display : [PrimaryDisplay] framebuffer target expected, but not provided
06-15 17:23:37.838  3428  3428 E display : VPP should be assigned to FramebufferTarget but it was failed ret(0)
06-15 17:23:37.840  3428  3428 E display : [PrimaryDisplay] framebuffer target expected, but not provided
06-15 17:23:37.872  3428  3428 E display : VPP should be assigned to FramebufferTarget but it was failed ret(0)
06-15 17:23:37.874  3428  3428 E display : [PrimaryDisplay] framebuffer target expected, but not provided
06-15 17:23:37.905  3428  3428 E display : VPP should be assigned to FramebufferTarget but it was failed ret(0)
06-15 17:23:37.907  3428  3428 E display : [PrimaryDisplay] framebuffer target expected, but not provided
06-15 17:23:37.939  3428  3428 E display : VPP should be assigned to FramebufferTarget but it was failed ret(0)
06-15 17:23:37.941  3428  3428 E display : [PrimaryDisplay] framebuffer target expected, but not provided
06-15 17:23:37.973  3428  3428 E display : VPP should be assigned to FramebufferTarget but it was failed ret(0)
06-15 17:23:37.975  3428  3428 E display : [PrimaryDisplay] framebuffer target expected, but not provided
06-15 17:23:38.007  3428  3428 E display : VPP should be assigned to FramebufferTarget but it was failed ret(0)
06-15 17:23:38.009  3428  3428 E display : [PrimaryDisplay] framebuffer target expected, but not provided
06-15 17:23:38.041  3428  3428 E display : VPP should be assigned to FramebufferTarget but it was failed ret(0)
06-15 17:23:38.043  3428  3428 E display : [PrimaryDisplay] framebuffer target expected, but not provided
06-15 17:23:38.075  3428  3428 E display : VPP should be assigned to FramebufferTarget but it was failed ret(0)
06-15 17:23:38.076  3432  3432 W System  : ClassLoader referenced unknown path: /system/framework/tcmclient.jar
06-15 17:23:38.077  3428  3428 E display : [PrimaryDisplay] framebuffer target expected, but not provided
06-15 17:23:38.109  3428  3428 E display : VPP should be assigned to FramebufferTarget but it was failed ret(0)
06-15 17:23:38.111  3428  3428 E display : [PrimaryDisplay] framebuffer target expected, but not provided
06-15 17:23:38.143  3428  3428 E display : VPP should be assigned to FramebufferTarget but it was failed ret(0)
06-15 17:23:38.145  3428  3428 E display : [PrimaryDisplay] framebuffer target expected, but not provided
06-15 17:23:38.176  3428  3428 E display : VPP should be assigned to FramebufferTarget but it was failed ret(0)
06-15 17:23:38.179  3428  3428 E display : [PrimaryDisplay] framebuffer target expected, but not provided
06-15 17:23:38.210  3428  3428 E display : VPP should be assigned to FramebufferTarget but it was failed ret(0)
06-15 17:23:38.213  3428  3428 E display : [PrimaryDisplay] framebuffer target expected, but not provided
06-15 17:23:38.244  3428  3428 E display : VPP should be assigned to FramebufferTarget but it was failed ret(0)
06-15 17:23:38.247  3428  3428 E display : [PrimaryDisplay] framebuffer target expected, but not provided
06-15 17:23:38.278  3428  3428 E display : VPP should be assigned to FramebufferTarget but it was failed ret(0)
06-15 17:23:38.281  3428  3428 E display : [PrimaryDisplay] framebuffer target expected, but not provided
06-15 17:23:38.312  3428  3428 E display : VPP should be assigned to FramebufferTarget but it was failed ret(0)
06-15 17:23:38.314  3428  3428 E display : [PrimaryDisplay] framebuffer target expected, but not provided
06-15 17:23:38.346  3428  3428 E display : VPP should be assigned to FramebufferTarget but it was failed ret(0)
06-15 17:23:38.348  3428  3428 E display : [PrimaryDisplay] framebuffer target expected, but not provided
06-15 17:23:38.380  3428  3428 E display : VPP should be assigned to FramebufferTarget but it was failed ret(0)
06-15 17:23:38.382  3428  3428 E display : [PrimaryDisplay] framebuffer target expected, but not provided
06-15 17:23:38.399  3432  3432 I System  : Loaded time zone names for "" in 19ms (16ms in ICU)
06-15 17:23:38.414  3428  3428 E display : VPP should be assigned to FramebufferTarget but it was failed ret(0)
06-15 17:23:38.416  3428  3428 E display : [PrimaryDisplay] framebuffer target expected, but not provided
06-15 17:23:38.431  3432  3432 I System  : Loaded time zone names for "en_US" in 32ms (11ms in ICU)
06-15 17:23:38.448  3428  3428 E display : VPP should be assigned to FramebufferTarget but it was failed ret(0)
06-15 17:23:38.450  3428  3428 E display : [PrimaryDisplay] framebuffer target expected, but not provided
06-15 17:23:38.482  3428  3428 E display : VPP should be assigned to FramebufferTarget but it was failed ret(0)
06-15 17:23:38.484  3428  3428 E display : [PrimaryDisplay] framebuffer target expected, but not provided
06-15 17:23:38.489  3467  3474 D BootAnimation: Use save memory method, maybe small fps in actual.
06-15 17:23:38.515  3428  3428 E display : VPP should be assigned to FramebufferTarget but it was failed ret(0)
06-15 17:23:38.518  3428  3428 E display : [PrimaryDisplay] framebuffer target expected, but not provided
06-15 17:23:38.549  3428  3428 E display : VPP should be assigned to FramebufferTarget but it was failed ret(0)
06-15 17:23:38.551  3428  3428 E display : [PrimaryDisplay] framebuffer target expected, but not provided
06-15 17:23:38.583  3428  3428 E display : VPP should be assigned to FramebufferTarget but it was failed ret(0)
06-15 17:23:38.585  3428  3428 E display : [PrimaryDisplay] framebuffer target expected, but not provided
06-15 17:23:38.599  3432  3432 I Zygote  : ...preloaded 3831 classes in 2103ms.
06-15 17:23:38.599  3432  3432 I art     : VMRuntime.preloadDexCaches starting
06-15 17:23:38.600  3428  3428 E display : VPP should be assigned to FramebufferTarget but it was failed ret(0)
06-15 17:23:38.602  3428  3428 E display : [PrimaryDisplay] framebuffer target expected, but not provided
06-15 17:23:38.631  3432  3432 I art     : VMRuntime.preloadDexCaches strings total=248922 before=10083 after=10083
06-15 17:23:38.631  3432  3432 I art     : VMRuntime.preloadDexCaches types total=20329 before=8245 after=9836
06-15 17:23:38.631  3432  3432 I art     : VMRuntime.preloadDexCaches fields total=100355 before=35760 after=47725
06-15 17:23:38.631  3432  3432 I art     : VMRuntime.preloadDexCaches methods total=172751 before=67604 after=83308
06-15 17:23:38.631  3432  3432 I art     : VMRuntime.preloadDexCaches finished
06-15 17:23:38.634  3428  3428 E display : VPP should be assigned to FramebufferTarget but it was failed ret(0)
06-15 17:23:38.636  3428  3428 E display : [PrimaryDisplay] framebuffer target expected, but not provided
06-15 17:23:38.643  3754  3754 D idmap   : error: no read access to /vendor/overlay: No such file or directory
06-15 17:23:38.647  3432  3432 I Zygote  : Preloading resources...
06-15 17:23:38.668  3428  3428 E display : VPP should be assigned to FramebufferTarget but it was failed ret(0)
06-15 17:23:38.670  3428  3428 E display : [PrimaryDisplay] framebuffer target expected, but not provided
06-15 17:23:38.702  3428  3428 E display : VPP should be assigned to FramebufferTarget but it was failed ret(0)
06-15 17:23:38.704  3428  3428 E display : [PrimaryDisplay] framebuffer target expected, but not provided
06-15 17:23:38.736  3428  3428 E display : VPP should be assigned to FramebufferTarget but it was failed ret(0)
06-15 17:23:38.738  3428  3428 E display : [PrimaryDisplay] framebuffer target expected, but not provided
06-15 17:23:38.770  3428  3428 E display : VPP should be assigned to FramebufferTarget but it was failed ret(0)
06-15 17:23:38.772  3428  3428 E display : [PrimaryDisplay] framebuffer target expected, but not provided
06-15 17:23:38.804  3428  3428 E display : VPP should be assigned to FramebufferTarget but it was failed ret(0)
06-15 17:23:38.806  3428  3428 E display : [PrimaryDisplay] framebuffer target expected, but not provided
06-15 17:23:38.838  3428  3428 E display : VPP should be assigned to FramebufferTarget but it was failed ret(0)
06-15 17:23:38.840  3428  3428 E display : [PrimaryDisplay] framebuffer target expected, but not provided
06-15 17:23:38.872  3428  3428 E display : VPP should be assigned to FramebufferTarget but it was failed ret(0)
06-15 17:23:38.874  3428  3428 E display : [PrimaryDisplay] framebuffer target expected, but not provided
06-15 17:23:38.905  3428  3428 E display : VPP should be assigned to FramebufferTarget but it was failed ret(0)
06-15 17:23:38.907  3428  3428 E display : [PrimaryDisplay] framebuffer target expected, but not provided
06-15 17:23:38.939  3428  3428 E display : VPP should be assigned to FramebufferTarget but it was failed ret(0)
06-15 17:23:38.941  3428  3428 E display : [PrimaryDisplay] framebuffer target expected, but not provided
06-15 17:23:38.973  3428  3428 E display : VPP should be assigned to FramebufferTarget but it was failed ret(0)
06-15 17:23:38.975  3428  3428 E display : [PrimaryDisplay] framebuffer target expected, but not provided
06-15 17:23:39.007  3428  3428 E display : VPP should be assigned to FramebufferTarget but it was failed ret(0)
06-15 17:23:39.009  3428  3428 E display : [PrimaryDisplay] framebuffer target expected, but not provided
06-15 17:23:39.027  3432  3432 I Zygote  : ...preloaded 342 resources in 380ms.
06-15 17:23:39.037  3432  3432 I Zygote  : ...preloaded 41 resources in 10ms.
06-15 17:23:39.041  3428  3428 E display : VPP should be assigned to FramebufferTarget but it was failed ret(0)
06-15 17:23:39.043  3428  3428 E display : [PrimaryDisplay] framebuffer target expected, but not provided
06-15 17:23:39.043  3432  3432 D libEGL  : loaded /vendor/lib64/egl/libGLES_mali.so
06-15 17:23:39.049  3432  3432 I Zygote  : Preloading shared libraries...
06-15 17:23:39.056  3432  3432 D Zygote  : end preload
06-15 17:23:39.056  3432  3432 I art     : Starting a blocking GC Explicit
06-15 17:23:39.067  3432  3432 I art     : Explicit concurrent mark sweep GC freed 11415(460KB) AllocSpace objects, 0(0B) LOS objects, 35% free, 29MB/45MB, paused 49us total 10.754ms
06-15 17:23:39.075  3428  3428 E display : VPP should be assigned to FramebufferTarget but it was failed ret(0)
06-15 17:23:39.077  3428  3428 E display : [PrimaryDisplay] framebuffer target expected, but not provided
06-15 17:23:39.077  3432  3432 I art     : Starting a blocking GC Explicit
06-15 17:23:39.086  3432  3432 I art     : Explicit concurrent mark sweep GC freed 2696(126KB) AllocSpace objects, 0(0B) LOS objects, 35% free, 28MB/44MB, paused 45us total 8.882ms
06-15 17:23:39.087  3432  3492 I art     : Starting a blocking GC HeapTrim
06-15 17:23:39.087  3432  3432 I art     : Starting a blocking GC Background
06-15 17:23:39.109  3428  3428 E display : VPP should be assigned to FramebufferTarget but it was failed ret(0)
06-15 17:23:39.111  3428  3428 E display : [PrimaryDisplay] framebuffer target expected, but not provided
06-15 17:23:39.135  3432  3432 I Zygote  : System server process 3755 has been created
06-15 17:23:39.137  3432  3432 I Zygote  : Accepting command socket connections
06-15 17:23:39.140  3755  3755 W Zygote  : Got error connecting to zygote, retrying. msg= No such file or directory
06-15 17:23:39.143  3428  3428 E display : VPP should be assigned to FramebufferTarget but it was failed ret(0)
06-15 17:23:39.145  3428  3428 E display : [PrimaryDisplay] framebuffer target expected, but not provided
06-15 17:23:39.177  3428  3428 E display : VPP should be assigned to FramebufferTarget but it was failed ret(0)
06-15 17:23:39.179  3428  3428 E display : [PrimaryDisplay] framebuffer target expected, but not provided
06-15 17:23:39.211  3428  3428 E display : VPP should be assigned to FramebufferTarget but it was failed ret(0)
06-15 17:23:39.213  3428  3428 E display : [PrimaryDisplay] framebuffer target expected, but not provided
06-15 17:23:39.244  3428  3428 E display : VPP should be assigned to FramebufferTarget but it was failed ret(0)
06-15 17:23:39.246  3428  3428 E display : [PrimaryDisplay] framebuffer target expected, but not provided
06-15 17:23:39.278  3428  3428 E display : VPP should be assigned to FramebufferTarget but it was failed ret(0)
06-15 17:23:39.280  3428  3428 E display : [PrimaryDisplay] framebuffer target expected, but not provided
06-15 17:23:39.312  3428  3428 E display : VPP should be assigned to FramebufferTarget but it was failed ret(0)
06-15 17:23:39.314  3428  3428 E display : [PrimaryDisplay] framebuffer target expected, but not provided
06-15 17:23:39.346  3428  3428 E display : VPP should be assigned to FramebufferTarget but it was failed ret(0)
06-15 17:23:39.348  3428  3428 E display : [PrimaryDisplay] framebuffer target expected, but not provided
06-15 17:23:39.380  3428  3428 E display : VPP should be assigned to FramebufferTarget but it was failed ret(0)
06-15 17:23:39.382  3428  3428 E display : [PrimaryDisplay] framebuffer target expected, but not provided
06-15 17:23:39.414  3428  3428 E display : VPP should be assigned to FramebufferTarget but it was failed ret(0)
06-15 17:23:39.416  3428  3428 E display : [PrimaryDisplay] framebuffer target expected, but not provided
06-15 17:23:39.448  3428  3428 E display : VPP should be assigned to FramebufferTarget but it was failed ret(0)
06-15 17:23:39.450  3428  3428 E display : [PrimaryDisplay] framebuffer target expected, but not provided
06-15 17:23:39.482  3428  3428 E display : VPP should be assigned to FramebufferTarget but it was failed ret(0)
06-15 17:23:39.484  3428  3428 E display : [PrimaryDisplay] framebuffer target expected, but not provided
06-15 17:23:39.516  3428  3428 E display : VPP should be assigned to FramebufferTarget but it was failed ret(0)
06-15 17:23:39.518  3428  3428 E display : [PrimaryDisplay] framebuffer target expected, but not provided
06-15 17:23:39.550  3428  3428 E display : VPP should be assigned to FramebufferTarget but it was failed ret(0)
06-15 17:23:39.552  3428  3428 E display : [PrimaryDisplay] framebuffer target expected, but not provided
06-15 17:23:39.583  3428  3428 E display : VPP should be assigned to FramebufferTarget but it was failed ret(0)
06-15 17:23:39.585  3428  3428 E display : [PrimaryDisplay] framebuffer target expected, but not provided
06-15 17:23:39.617  3428  3428 E display : VPP should be assigned to FramebufferTarget but it was failed ret(0)
06-15 17:23:39.619  3428  3428 E display : [PrimaryDisplay] framebuffer target expected, but not provided
06-15 17:23:39.651  3428  3428 E display : VPP should be assigned to FramebufferTarget but it was failed ret(0)
06-15 17:23:39.653  3428  3428 E display : [PrimaryDisplay] framebuffer target expected, but not provided
06-15 17:23:39.685  3428  3428 E display : VPP should be assigned to FramebufferTarget but it was failed ret(0)
06-15 17:23:39.687  3428  3428 E display : [PrimaryDisplay] framebuffer target expected, but not provided
06-15 17:23:39.719  3428  3428 E display : VPP should be assigned to FramebufferTarget but it was failed ret(0)
06-15 17:23:39.721  3428  3428 E display : [PrimaryDisplay] framebuffer target expected, but not provided
06-15 17:23:39.753  3428  3428 E display : VPP should be assigned to FramebufferTarget but it was failed ret(0)
06-15 17:23:39.755  3428  3428 E display : [PrimaryDisplay] framebuffer target expected, but not provided
06-15 17:23:39.787  3428  3428 E display : VPP should be assigned to FramebufferTarget but it was failed ret(0)
06-15 17:23:39.789  3428  3428 E display : [PrimaryDisplay] framebuffer target expected, but not provided
06-15 17:23:39.821  3428  3428 E display : VPP should be assigned to FramebufferTarget but it was failed ret(0)
06-15 17:23:39.823  3428  3428 E display : [PrimaryDisplay] framebuffer target expected, but not provided
06-15 17:23:39.854  3428  3428 E display : VPP should be assigned to FramebufferTarget but it was failed ret(0)
06-15 17:23:39.857  3428  3428 E display : [PrimaryDisplay] framebuffer target expected, but not provided
06-15 17:23:39.871  3428  3428 E display : VPP should be assigned to FramebufferTarget but it was failed ret(0)
06-15 17:23:39.874  3428  3428 E display : [PrimaryDisplay] framebuffer target expected, but not provided
06-15 17:23:39.905  3428  3428 E display : VPP should be assigned to FramebufferTarget but it was failed ret(0)
06-15 17:23:39.907  3428  3428 E display : [PrimaryDisplay] framebuffer target expected, but not provided
06-15 17:23:39.939  3428  3428 E display : VPP should be assigned to FramebufferTarget but it was failed ret(0)
06-15 17:23:39.941  3428  3428 E display : [PrimaryDisplay] framebuffer target expected, but not provided
06-15 17:23:39.973  3428  3428 E display : VPP should be assigned to FramebufferTarget but it was failed ret(0)
06-15 17:23:39.975  3428  3428 E display : [PrimaryDisplay] framebuffer target expected, but not provided
06-15 17:23:40.007  3428  3428 E display : VPP should be assigned to FramebufferTarget but it was failed ret(0)
06-15 17:23:40.009  3428  3428 E display : [PrimaryDisplay] framebuffer target expected, but not provided
06-15 17:23:40.041  3428  3428 E display : VPP should be assigned to FramebufferTarget but it was failed ret(0)
06-15 17:23:40.043  3428  3428 E display : [PrimaryDisplay] framebuffer target expected, but not provided
06-15 17:23:40.075  3428  3428 E display : VPP should be assigned to FramebufferTarget but it was failed ret(0)
06-15 17:23:40.077  3428  3428 E display : [PrimaryDisplay] framebuffer target expected, but not provided
06-15 17:23:40.109  3428  3428 E display : VPP should be assigned to FramebufferTarget but it was failed ret(0)
06-15 17:23:40.111  3428  3428 E display : [PrimaryDisplay] framebuffer target expected, but not provided
06-15 17:23:40.141  3755  3755 W Zygote  : Got error connecting to zygote, retrying. msg= No such file or directory
06-15 17:23:40.143  3428  3428 E display : VPP should be assigned to FramebufferTarget but it was failed ret(0)
06-15 17:23:40.145  3428  3428 E display : [PrimaryDisplay] framebuffer target expected, but not provided
06-15 17:23:40.176  3428  3428 E display : VPP should be assigned to FramebufferTarget but it was failed ret(0)
06-15 17:23:40.179  3428  3428 E display : [PrimaryDisplay] framebuffer target expected, but not provided
06-15 17:23:40.211  3428  3428 E display : VPP should be assigned to FramebufferTarget but it was failed ret(0)
06-15 17:23:40.213  3428  3428 E display : [PrimaryDisplay] framebuffer target expected, but not provided
06-15 17:23:40.244  3428  3428 E display : VPP should be assigned to FramebufferTarget but it was failed ret(0)
06-15 17:23:40.247  3428  3428 E display : [PrimaryDisplay] framebuffer target expected, but not provided
06-15 17:23:40.278  3428  3428 E display : VPP should be assigned to FramebufferTarget but it was failed ret(0)
06-15 17:23:40.281  3428  3428 E display : [PrimaryDisplay] framebuffer target expected, but not provided
06-15 17:23:40.312  3428  3428 E display : VPP should be assigned to FramebufferTarget but it was failed ret(0)
06-15 17:23:40.314  3428  3428 E display : [PrimaryDisplay] framebuffer target expected, but not provided
06-15 17:23:40.346  3428  3428 E display : VPP should be assigned to FramebufferTarget but it was failed ret(0)
06-15 17:23:40.348  3428  3428 E display : [PrimaryDisplay] framebuffer target expected, but not provided
06-15 17:23:40.380  3428  3428 E display : VPP should be assigned to FramebufferTarget but it was failed ret(0)
06-15 17:23:40.382  3428  3428 E display : [PrimaryDisplay] framebuffer target expected, but not provided
06-15 17:23:40.414  3428  3428 E display : VPP should be assigned to FramebufferTarget but it was failed ret(0)
06-15 17:23:40.416  3428  3428 E display : [PrimaryDisplay] framebuffer target expected, but not provided
06-15 17:23:40.448  3428  3428 E display : VPP should be assigned to FramebufferTarget but it was failed ret(0)
06-15 17:23:40.450  3428  3428 E display : [PrimaryDisplay] framebuffer target expected, but not provided
06-15 17:23:40.482  3428  3428 E display : VPP should be assigned to FramebufferTarget but it was failed ret(0)
06-15 17:23:40.484  3428  3428 E display : [PrimaryDisplay] framebuffer target expected, but not provided
06-15 17:23:40.516  3428  3428 E display : VPP should be assigned to FramebufferTarget but it was failed ret(0)
06-15 17:23:40.518  3428  3428 E display : [PrimaryDisplay] framebuffer target expected, but not provided
06-15 17:23:40.549  3428  3428 E display : VPP should be assigned to FramebufferTarget but it was failed ret(0)
06-15 17:23:40.552  3428  3428 E display : [PrimaryDisplay] framebuffer target expected, but not provided
06-15 17:23:40.583  3428  3428 E display : VPP should be assigned to FramebufferTarget but it was failed ret(0)
06-15 17:23:40.586  3428  3428 E display : [PrimaryDisplay] framebuffer target expected, but not provided
06-15 17:23:40.617  3428  3428 E display : VPP should be assigned to FramebufferTarget but it was failed ret(0)
06-15 17:23:40.619  3428  3428 E display : [PrimaryDisplay] framebuffer target expected, but not provided
06-15 17:23:40.651  3428  3428 E display : VPP should be assigned to FramebufferTarget but it was failed ret(0)
06-15 17:23:40.653  3428  3428 E display : [PrimaryDisplay] framebuffer target expected, but not provided
06-15 17:23:40.685  3428  3428 E display : VPP should be assigned to FramebufferTarget but it was failed ret(0)
06-15 17:23:40.687  3428  3428 E display : [PrimaryDisplay] framebuffer target expected, but not provided
06-15 17:23:40.719  3428  3428 E display : VPP should be assigned to FramebufferTarget but it was failed ret(0)
06-15 17:23:40.721  3428  3428 E display : [PrimaryDisplay] framebuffer target expected, but not provided
06-15 17:23:40.753  3428  3428 E display : VPP should be assigned to FramebufferTarget but it was failed ret(0)
06-15 17:23:40.755  3428  3428 E display : [PrimaryDisplay] framebuffer target expected, but not provided
06-15 17:23:40.787  3428  3428 E display : VPP should be assigned to FramebufferTarget but it was failed ret(0)
06-15 17:23:40.789  3428  3428 E display : [PrimaryDisplay] framebuffer target expected, but not provided
06-15 17:23:40.821  3428  3428 E display : VPP should be assigned to FramebufferTarget but it was failed ret(0)
06-15 17:23:40.823  3428  3428 E display : [PrimaryDisplay] framebuffer target expected, but not provided
06-15 17:23:40.855  3428  3428 E display : VPP should be assigned to FramebufferTarget but it was failed ret(0)
06-15 17:23:40.857  3428  3428 E display : [PrimaryDisplay] framebuffer target expected, but not provided
06-15 17:23:40.888  3428  3428 E display : VPP should be assigned to FramebufferTarget but it was failed ret(0)
06-15 17:23:40.890  3428  3428 E display : [PrimaryDisplay] framebuffer target expected, but not provided
06-15 17:23:40.922  3428  3428 E display : VPP should be assigned to FramebufferTarget but it was failed ret(0)
06-15 17:23:40.924  3428  3428 E display : [PrimaryDisplay] framebuffer target expected, but not provided
