05-25 09:25:09.764  2895  2895 E SurfaceFlinger: error posting framebuffer: -22
05-25 09:25:09.794  2895  2895 E         : invalid gralloc handle (at 0x7f81a16620)
05-25 09:25:09.794  2895  2895 E         : Runtime and build version of gralloc private structure does not match. Errors will likely follow.
05-25 09:25:09.798  2895  2895 E gralloc : invalid gralloc handle (at 0x7f81a16620)
05-25 09:25:09.798  2895  2895 E SurfaceFlinger: error posting framebuffer: -22
05-25 09:25:09.828  2895  2895 E         : invalid gralloc handle (at 0x7f81a165b0)
05-25 09:25:09.828  2895  2895 E         : Runtime and build version of gralloc private structure does not match. Errors will likely follow.
05-25 09:25:09.831  2895  2895 E gralloc : invalid gralloc handle (at 0x7f81a165b0)
05-25 09:25:09.831  2895  2895 E SurfaceFlinger: error posting framebuffer: -22
05-25 09:25:09.862  2895  2895 E         : invalid gralloc handle (at 0x7f81a16540)
05-25 09:25:09.862  2895  2895 E         : Runtime and build version of gralloc private structure does not match. Errors will likely follow.
05-25 09:25:09.865  2895  2895 E gralloc : invalid gralloc handle (at 0x7f81a16540)
05-25 09:25:09.865  2895  2895 E SurfaceFlinger: error posting framebuffer: -22
05-25 09:25:09.929  2895  2895 E         : invalid gralloc handle (at 0x7f81a16690)
05-25 09:25:09.929  2895  2895 E         : Runtime and build version of gralloc private structure does not match. Errors will likely follow.
05-25 09:25:09.932  2895  2895 E gralloc : invalid gralloc handle (at 0x7f81a16690)
05-25 09:25:09.932  2895  2895 E SurfaceFlinger: error posting framebuffer: -22
05-25 09:25:09.963  2895  2895 E         : invalid gralloc handle (at 0x7f81a16620)
05-25 09:25:09.963  2895  2895 E         : Runtime and build version of gralloc private structure does not match. Errors will likely follow.
05-25 09:25:09.967  2895  2895 E gralloc : invalid gralloc handle (at 0x7f81a16620)
05-25 09:25:09.967  2895  2895 E SurfaceFlinger: error posting framebuffer: -22
05-25 09:25:09.996  2895  2895 E         : invalid gralloc handle (at 0x7f81a165b0)
05-25 09:25:09.996  2895  2895 E         : Runtime and build version of gralloc private structure does not match. Errors will likely follow.
05-25 09:25:10.000  2895  2895 E gralloc : invalid gralloc handle (at 0x7f81a165b0)
05-25 09:25:10.000  2895  2895 E SurfaceFlinger: error posting framebuffer: -22
05-25 09:25:10.030  2895  2895 E         : invalid gralloc handle (at 0x7f81a16540)
05-25 09:25:10.030  2895  2895 E         : Runtime and build version of gralloc private structure does not match. Errors will likely follow.
05-25 09:25:10.034  2895  2895 E gralloc : invalid gralloc handle (at 0x7f81a16540)
05-25 09:25:10.034  2895  2895 E SurfaceFlinger: error posting framebuffer: -22
05-25 09:25:10.098  2895  2895 E         : invalid gralloc handle (at 0x7f81a16690)
05-25 09:25:10.098  2895  2895 E         : Runtime and build version of gralloc private structure does not match. Errors will likely follow.
05-25 09:25:10.101  2895  2895 E gralloc : invalid gralloc handle (at 0x7f81a16690)
05-25 09:25:10.101  2895  2895 E SurfaceFlinger: error posting framebuffer: -22
05-25 09:25:10.131  2895  2895 E         : invalid gralloc handle (at 0x7f81a16620)
05-25 09:25:10.131  2895  2895 E         : Runtime and build version of gralloc private structure does not match. Errors will likely follow.
05-25 09:25:10.135  2895  2895 E gralloc : invalid gralloc handle (at 0x7f81a16620)
05-25 09:25:10.135  2895  2895 E SurfaceFlinger: error posting framebuffer: -22
05-25 09:25:10.165  2895  2895 E         : invalid gralloc handle (at 0x7f81a165b0)
05-25 09:25:10.165  2895  2895 E         : Runtime and build version of gralloc private structure does not match. Errors will likely follow.
05-25 09:25:10.168  2895  2895 E gralloc : invalid gralloc handle (at 0x7f81a165b0)
05-25 09:25:10.168  2895  2895 E SurfaceFlinger: error posting framebuffer: -22
05-25 09:25:10.198  2895  2895 E         : invalid gralloc handle (at 0x7f81a16540)
05-25 09:25:10.199  2895  2895 E         : Runtime and build version of gralloc private structure does not match. Errors will likely follow.
05-25 09:25:10.202  2895  2895 E gralloc : invalid gralloc handle (at 0x7f81a16540)
05-25 09:25:10.202  2895  2895 E SurfaceFlinger: error posting framebuffer: -22
05-25 09:25:10.266  2895  2895 E         : invalid gralloc handle (at 0x7f81a16690)
05-25 09:25:10.266  2895  2895 E         : Runtime and build version of gralloc private structure does not match. Errors will likely follow.
05-25 09:25:10.270  2895  2895 E gralloc : invalid gralloc handle (at 0x7f81a16690)
05-25 09:25:10.270  2895  2895 E SurfaceFlinger: error posting framebuffer: -22
05-25 09:25:10.300  2895  2895 E         : invalid gralloc handle (at 0x7f81a16620)
05-25 09:25:10.300  2895  2895 E         : Runtime and build version of gralloc private structure does not match. Errors will likely follow.
05-25 09:25:10.304  2895  2895 E gralloc : invalid gralloc handle (at 0x7f81a16620)
05-25 09:25:10.304  2895  2895 E SurfaceFlinger: error posting framebuffer: -22
05-25 09:25:10.334  2895  2895 E         : invalid gralloc handle (at 0x7f81a165b0)
05-25 09:25:10.334  2895  2895 E         : Runtime and build version of gralloc private structure does not match. Errors will likely follow.
05-25 09:25:10.337  2895  2895 E gralloc : invalid gralloc handle (at 0x7f81a165b0)
05-25 09:25:10.337  2895  2895 E SurfaceFlinger: error posting framebuffer: -22
05-25 09:25:10.367  2895  2895 E         : invalid gralloc handle (at 0x7f81a16540)
05-25 09:25:10.367  2895  2895 E         : Runtime and build version of gralloc private structure does not match. Errors will likely follow.
05-25 09:25:10.371  2895  2895 E gralloc : invalid gralloc handle (at 0x7f81a16540)
05-25 09:25:10.371  2895  2895 E SurfaceFlinger: error posting framebuffer: -22
05-25 09:25:10.435  2895  2895 E         : invalid gralloc handle (at 0x7f81a16690)
05-25 09:25:10.435  2895  2895 E         : Runtime and build version of gralloc private structure does not match. Errors will likely follow.
05-25 09:25:10.438  2895  2895 E gralloc : invalid gralloc handle (at 0x7f81a16690)
05-25 09:25:10.438  2895  2895 E SurfaceFlinger: error posting framebuffer: -22
05-25 09:25:10.468  2895  2895 E         : invalid gralloc handle (at 0x7f81a16620)
05-25 09:25:10.468  2895  2895 E         : Runtime and build version of gralloc private structure does not match. Errors will likely follow.
05-25 09:25:10.472  2895  2895 E gralloc : invalid gralloc handle (at 0x7f81a16620)
05-25 09:25:10.472  2895  2895 E SurfaceFlinger: error posting framebuffer: -22
05-25 09:25:10.502  2895  2895 E         : invalid gralloc handle (at 0x7f81a165b0)
05-25 09:25:10.502  2895  2895 E         : Runtime and build version of gralloc private structure does not match. Errors will likely follow.
05-25 09:25:10.506  2895  2895 E gralloc : invalid gralloc handle (at 0x7f81a165b0)
05-25 09:25:10.506  2895  2895 E SurfaceFlinger: error posting framebuffer: -22
05-25 09:25:10.519  3331  3331 W Zygote  : Got error connecting to zygote, retrying. msg= No such file or directory
05-25 09:25:10.536  2895  2895 E         : invalid gralloc handle (at 0x7f81a16540)
05-25 09:25:10.536  2895  2895 E         : Runtime and build version of gralloc private structure does not match. Errors will likely follow.
05-25 09:25:10.539  2895  2895 E gralloc : invalid gralloc handle (at 0x7f81a16540)
05-25 09:25:10.540  2895  2895 E SurfaceFlinger: error posting framebuffer: -22
05-25 09:25:10.603  2895  2895 E         : invalid gralloc handle (at 0x7f81a16690)
05-25 09:25:10.603  2895  2895 E         : Runtime and build version of gralloc private structure does not match. Errors will likely follow.
05-25 09:25:10.607  2895  2895 E gralloc : invalid gralloc handle (at 0x7f81a16690)
05-25 09:25:10.607  2895  2895 E SurfaceFlinger: error posting framebuffer: -22
05-25 09:25:10.637  2895  2895 E         : invalid gralloc handle (at 0x7f81a16620)
05-25 09:25:10.637  2895  2895 E         : Runtime and build version of gralloc private structure does not match. Errors will likely follow.
05-25 09:25:10.641  2895  2895 E gralloc : invalid gralloc handle (at 0x7f81a16620)
05-25 09:25:10.641  2895  2895 E SurfaceFlinger: error posting framebuffer: -22
05-25 09:25:10.671  2895  2895 E         : invalid gralloc handle (at 0x7f81a165b0)
05-25 09:25:10.671  2895  2895 E         : Runtime and build version of gralloc private structure does not match. Errors will likely follow.
05-25 09:25:10.674  2895  2895 E gralloc : invalid gralloc handle (at 0x7f81a165b0)
05-25 09:25:10.674  2895  2895 E SurfaceFlinger: error posting framebuffer: -22
05-25 09:25:10.687  2895  2895 E         : invalid gralloc handle (at 0x7f81a16540)
05-25 09:25:10.687  2895  2895 E         : Runtime and build version of gralloc private structure does not match. Errors will likely follow.
05-25 09:25:10.692  2895  2895 E gralloc : invalid gralloc handle (at 0x7f81a16540)
05-25 09:25:10.692  2895  2895 E SurfaceFlinger: error posting framebuffer: -22
05-25 09:25:10.755  2895  2895 E         : invalid gralloc handle (at 0x7f81a16690)
05-25 09:25:10.755  2895  2895 E         : Runtime and build version of gralloc private structure does not match. Errors will likely follow.
05-25 09:25:10.759  2895  2895 E gralloc : invalid gralloc handle (at 0x7f81a16690)
05-25 09:25:10.759  2895  2895 E SurfaceFlinger: error posting framebuffer: -22
05-25 09:25:10.789  2895  2895 E         : invalid gralloc handle (at 0x7f81a16620)
05-25 09:25:10.789  2895  2895 E         : Runtime and build version of gralloc private structure does not match. Errors will likely follow.
05-25 09:25:10.792  2895  2895 E gralloc : invalid gralloc handle (at 0x7f81a16620)
05-25 09:25:10.792  2895  2895 E SurfaceFlinger: error posting framebuffer: -22
05-25 09:25:10.822  2895  2895 E         : invalid gralloc handle (at 0x7f81a165b0)
05-25 09:25:10.822  2895  2895 E         : Runtime and build version of gralloc private structure does not match. Errors will likely follow.
05-25 09:25:10.826  2895  2895 E gralloc : invalid gralloc handle (at 0x7f81a165b0)
05-25 09:25:10.826  2895  2895 E SurfaceFlinger: error posting framebuffer: -22
05-25 09:25:10.856  2895  2895 E         : invalid gralloc handle (at 0x7f81a16540)
05-25 09:25:10.856  2895  2895 E         : Runtime and build version of gralloc private structure does not match. Errors will likely follow.
05-25 09:25:10.860  2895  2895 E gralloc : invalid gralloc handle (at 0x7f81a16540)
05-25 09:25:10.860  2895  2895 E SurfaceFlinger: error posting framebuffer: -22
05-25 09:25:10.924  2895  2895 E         : invalid gralloc handle (at 0x7f81a16690)
05-25 09:25:10.924  2895  2895 E         : Runtime and build version of gralloc private structure does not match. Errors will likely follow.
05-25 09:25:10.927  2895  2895 E gralloc : invalid gralloc handle (at 0x7f81a16690)
05-25 09:25:10.927  2895  2895 E SurfaceFlinger: error posting framebuffer: -22
05-25 09:25:10.957  2895  2895 E         : invalid gralloc handle (at 0x7f81a16620)
05-25 09:25:10.957  2895  2895 E         : Runtime and build version of gralloc private structure does not match. Errors will likely follow.
05-25 09:25:10.961  2895  2895 E gralloc : invalid gralloc handle (at 0x7f81a16620)
05-25 09:25:10.961  2895  2895 E SurfaceFlinger: error posting framebuffer: -22
05-25 09:25:10.991  2895  2895 E         : invalid gralloc handle (at 0x7f81a165b0)
05-25 09:25:10.991  2895  2895 E         : Runtime and build version of gralloc private structure does not match. Errors will likely follow.
05-25 09:25:10.995  2895  2895 E gralloc : invalid gralloc handle (at 0x7f81a165b0)
05-25 09:25:10.995  2895  2895 E SurfaceFlinger: error posting framebuffer: -22
05-25 09:25:11.025  2895  2895 E         : invalid gralloc handle (at 0x7f81a16540)
05-25 09:25:11.025  2895  2895 E         : Runtime and build version of gralloc private structure does not match. Errors will likely follow.
05-25 09:25:11.028  2895  2895 E gralloc : invalid gralloc handle (at 0x7f81a16540)
05-25 09:25:11.028  2895  2895 E SurfaceFlinger: error posting framebuffer: -22
05-25 09:25:11.092  2895  2895 E         : invalid gralloc handle (at 0x7f81a16690)
05-25 09:25:11.092  2895  2895 E         : Runtime and build version of gralloc private structure does not match. Errors will likely follow.
05-25 09:25:11.096  2895  2895 E gralloc : invalid gralloc handle (at 0x7f81a16690)
05-25 09:25:11.096  2895  2895 E SurfaceFlinger: error posting framebuffer: -22
05-25 09:25:11.126  2895  2895 E         : invalid gralloc handle (at 0x7f81a16620)
05-25 09:25:11.126  2895  2895 E         : Runtime and build version of gralloc private structure does not match. Errors will likely follow.
05-25 09:25:11.130  2895  2895 E gralloc : invalid gralloc handle (at 0x7f81a16620)
05-25 09:25:11.130  2895  2895 E SurfaceFlinger: error posting framebuffer: -22
05-25 09:25:11.159  2895  2895 E         : invalid gralloc handle (at 0x7f81a165b0)
05-25 09:25:11.159  2895  2895 E         : Runtime and build version of gralloc private structure does not match. Errors will likely follow.
05-25 09:25:11.163  2895  2895 E gralloc : invalid gralloc handle (at 0x7f81a165b0)
05-25 09:25:11.163  2895  2895 E SurfaceFlinger: error posting framebuffer: -22
05-25 09:25:11.193  2895  2895 E         : invalid gralloc handle (at 0x7f81a16540)
05-25 09:25:11.193  2895  2895 E         : Runtime and build version of gralloc private structure does not match. Errors will likely follow.
05-25 09:25:11.197  2895  2895 E gralloc : invalid gralloc handle (at 0x7f81a16540)
05-25 09:25:11.197  2895  2895 E SurfaceFlinger: error posting framebuffer: -22
05-25 09:25:11.261  2895  2895 E         : invalid gralloc handle (at 0x7f81a16690)
05-25 09:25:11.261  2895  2895 E         : Runtime and build version of gralloc private structure does not match. Errors will likely follow.
05-25 09:25:11.264  2895  2895 E gralloc : invalid gralloc handle (at 0x7f81a16690)
05-25 09:25:11.264  2895  2895 E SurfaceFlinger: error posting framebuffer: -22
05-25 09:25:11.294  2895  2895 E         : invalid gralloc handle (at 0x7f81a16620)
05-25 09:25:11.294  2895  2895 E         : Runtime and build version of gralloc private structure does not match. Errors will likely follow.
05-25 09:25:11.298  2895  2895 E gralloc : invalid gralloc handle (at 0x7f81a16620)
05-25 09:25:11.298  2895  2895 E SurfaceFlinger: error posting framebuffer: -22
05-25 09:25:11.328  2895  2895 E         : invalid gralloc handle (at 0x7f81a165b0)
05-25 09:25:11.328  2895  2895 E         : Runtime and build version of gralloc private structure does not match. Errors will likely follow.
05-25 09:25:11.332  2895  2895 E gralloc : invalid gralloc handle (at 0x7f81a165b0)
05-25 09:25:11.332  2895  2895 E SurfaceFlinger: error posting framebuffer: -22
05-25 09:25:11.362  2895  2895 E         : invalid gralloc handle (at 0x7f81a16540)
05-25 09:25:11.362  2895  2895 E         : Runtime and build version of gralloc private structure does not match. Errors will likely follow.
05-25 09:25:11.366  2895  2895 E gralloc : invalid gralloc handle (at 0x7f81a16540)
05-25 09:25:11.366  2895  2895 E SurfaceFlinger: error posting framebuffer: -22
05-25 09:25:11.429  2895  2895 E         : invalid gralloc handle (at 0x7f81a16690)
05-25 09:25:11.429  2895  2895 E         : Runtime and build version of gralloc private structure does not match. Errors will likely follow.
05-25 09:25:11.433  2895  2895 E gralloc : invalid gralloc handle (at 0x7f81a16690)
05-25 09:25:11.433  2895  2895 E SurfaceFlinger: error posting framebuffer: -22
05-25 09:25:11.463  2895  2895 E         : invalid gralloc handle (at 0x7f81a16620)
05-25 09:25:11.463  2895  2895 E         : Runtime and build version of gralloc private structure does not match. Errors will likely follow.
05-25 09:25:11.467  2895  2895 E gralloc : invalid gralloc handle (at 0x7f81a16620)
05-25 09:25:11.467  2895  2895 E SurfaceFlinger: error posting framebuffer: -22
05-25 09:25:11.497  2895  2895 E         : invalid gralloc handle (at 0x7f81a165b0)
05-25 09:25:11.497  2895  2895 E         : Runtime and build version of gralloc private structure does not match. Errors will likely follow.
05-25 09:25:11.500  2895  2895 E gralloc : invalid gralloc handle (at 0x7f81a165b0)
05-25 09:25:11.500  2895  2895 E SurfaceFlinger: error posting framebuffer: -22
05-25 09:25:11.519  3331  3331 W Zygote  : Got error connecting to zygote, retrying. msg= No such file or directory
05-25 09:25:11.530  2895  2895 E         : invalid gralloc handle (at 0x7f81a16540)
05-25 09:25:11.530  2895  2895 E         : Runtime and build version of gralloc private structure does not match. Errors will likely follow.
05-25 09:25:11.534  2895  2895 E gralloc : invalid gralloc handle (at 0x7f81a16540)
05-25 09:25:11.534  2895  2895 E SurfaceFlinger: error posting framebuffer: -22
05-25 09:25:11.598  2895  2895 E         : invalid gralloc handle (at 0x7f81a16690)
05-25 09:25:11.598  2895  2895 E         : Runtime and build version of gralloc private structure does not match. Errors will likely follow.
05-25 09:25:11.602  2895  2895 E gralloc : invalid gralloc handle (at 0x7f81a16690)
05-25 09:25:11.602  2895  2895 E SurfaceFlinger: error posting framebuffer: -22
05-25 09:25:11.632  2895  2895 E         : invalid gralloc handle (at 0x7f81a16620)
05-25 09:25:11.632  2895  2895 E         : Runtime and build version of gralloc private structure does not match. Errors will likely follow.
05-25 09:25:11.635  2895  2895 E gralloc : invalid gralloc handle (at 0x7f81a16620)
05-25 09:25:11.635  2895  2895 E SurfaceFlinger: error posting framebuffer: -22
05-25 09:25:11.665  2895  2895 E         : invalid gralloc handle (at 0x7f81a165b0)
05-25 09:25:11.665  2895  2895 E         : Runtime and build version of gralloc private structure does not match. Errors will likely follow.
05-25 09:25:11.669  2895  2895 E gralloc : invalid gralloc handle (at 0x7f81a165b0)
05-25 09:25:11.669  2895  2895 E SurfaceFlinger: error posting framebuffer: -22
05-25 09:25:11.699  2895  2895 E         : invalid gralloc handle (at 0x7f81a16540)
05-25 09:25:11.699  2895  2895 E         : Runtime and build version of gralloc private structure does not match. Errors will likely follow.
05-25 09:25:11.703  2895  2895 E gralloc : invalid gralloc handle (at 0x7f81a16540)
05-25 09:25:11.703  2895  2895 E SurfaceFlinger: error posting framebuffer: -22
05-25 09:25:11.766  2895  2895 E         : invalid gralloc handle (at 0x7f81a16690)
05-25 09:25:11.766  2895  2895 E         : Runtime and build version of gralloc private structure does not match. Errors will likely follow.
05-25 09:25:11.770  2895  2895 E gralloc : invalid gralloc handle (at 0x7f81a16690)
05-25 09:25:11.770  2895  2895 E SurfaceFlinger: error posting framebuffer: -22
05-25 09:25:11.800  2895  2895 E         : invalid gralloc handle (at 0x7f81a16620)
05-25 09:25:11.800  2895  2895 E         : Runtime and build version of gralloc private structure does not match. Errors will likely follow.
05-25 09:25:11.804  2895  2895 E gralloc : invalid gralloc handle (at 0x7f81a16620)
05-25 09:25:11.804  2895  2895 E SurfaceFlinger: error posting framebuffer: -22
05-25 09:25:11.834  2895  2895 E         : invalid gralloc handle (at 0x7f81a165b0)
05-25 09:25:11.834  2895  2895 E         : Runtime and build version of gralloc private structure does not match. Errors will likely follow.
05-25 09:25:11.838  2895  2895 E gralloc : invalid gralloc handle (at 0x7f81a165b0)
05-25 09:25:11.838  2895  2895 E SurfaceFlinger: error posting framebuffer: -22
05-25 09:25:11.868  2895  2895 E         : invalid gralloc handle (at 0x7f81a16540)
05-25 09:25:11.868  2895  2895 E         : Runtime and build version of gralloc private structure does not match. Errors will likely follow.
05-25 09:25:11.871  2895  2895 E gralloc : invalid gralloc handle (at 0x7f81a16540)
05-25 09:25:11.871  2895  2895 E SurfaceFlinger: error posting framebuffer: -22
05-25 09:25:11.935  2895  2895 E         : invalid gralloc handle (at 0x7f81a16690)
05-25 09:25:11.935  2895  2895 E         : Runtime and build version of gralloc private structure does not match. Errors will likely follow.
05-25 09:25:11.939  2895  2895 E gralloc : invalid gralloc handle (at 0x7f81a16690)
05-25 09:25:11.939  2895  2895 E SurfaceFlinger: error posting framebuffer: -22
05-25 09:25:11.969  2895  2895 E         : invalid gralloc handle (at 0x7f81a16620)
05-25 09:25:11.969  2895  2895 E         : Runtime and build version of gralloc private structure does not match. Errors will likely follow.
05-25 09:25:11.973  2895  2895 E gralloc : invalid gralloc handle (at 0x7f81a16620)
05-25 09:25:11.973  2895  2895 E SurfaceFlinger: error posting framebuffer: -22
05-25 09:25:12.002  2895  2895 E         : invalid gralloc handle (at 0x7f81a165b0)
05-25 09:25:12.002  2895  2895 E         : Runtime and build version of gralloc private structure does not match. Errors will likely follow.
05-25 09:25:12.006  2895  2895 E gralloc : invalid gralloc handle (at 0x7f81a165b0)
05-25 09:25:12.006  2895  2895 E SurfaceFlinger: error posting framebuffer: -22
05-25 09:25:12.036  2895  2895 E         : invalid gralloc handle (at 0x7f81a16540)
05-25 09:25:12.036  2895  2895 E         : Runtime and build version of gralloc private structure does not match. Errors will likely follow.
05-25 09:25:12.040  2895  2895 E gralloc : invalid gralloc handle (at 0x7f81a16540)
05-25 09:25:12.040  2895  2895 E SurfaceFlinger: error posting framebuffer: -22
05-25 09:25:12.104  2895  2895 E         : invalid gralloc handle (at 0x7f81a16690)
05-25 09:25:12.104  2895  2895 E         : Runtime and build version of gralloc private structure does not match. Errors will likely follow.
05-25 09:25:12.108  2895  2895 E gralloc : invalid gralloc handle (at 0x7f81a16690)
05-25 09:25:12.108  2895  2895 E SurfaceFlinger: error posting framebuffer: -22
05-25 09:25:12.116  3411  3411 V lhd     : GlLhdInterface::Init(/system/etc/lhd.conf)
05-25 09:25:12.116  3411  3411 E lhd     : Failed to read config file "/system/etc/lhd.conf"
05-25 09:25:12.116  3411  3411 E lhd     : ASSERT in GlLhdInterface.cpp:141: Failed to parse config file.
05-25 09:25:12.116  3411  3411 F libc    : Fatal signal 6 (SIGABRT), code -6 in tid 3411 (lhd)
05-25 09:25:12.116  3036  3036 I DEBUG   : property debug.db.uid not set; NOT waiting for gdb.
05-25 09:25:12.116  3036  3036 I DEBUG   : HINT: adb shell setprop debug.db.uid 100000
05-25 09:25:12.116  3036  3036 I DEBUG   : HINT: adb forward tcp:5039 tcp:5039
05-25 09:25:12.137  2895  2895 E         : invalid gralloc handle (at 0x7f81a16620)
05-25 09:25:12.137  2895  2895 E         : Runtime and build version of gralloc private structure does not match. Errors will likely follow.
05-25 09:25:12.141  2895  2895 E gralloc : invalid gralloc handle (at 0x7f81a16620)
05-25 09:25:12.141  2895  2895 E SurfaceFlinger: error posting framebuffer: -22
05-25 09:25:12.167  3036  3036 F DEBUG   : *** *** *** *** *** *** *** *** *** *** *** *** *** *** *** ***
05-25 09:25:12.167  3036  3036 F DEBUG   : Build fingerprint: 'samsung/cm_hero2ltexx/hero2ltexx:6.0.1/MOB30J/5d66e77688:eng/test-keys'
05-25 09:25:12.167  3036  3036 F DEBUG   : Revision: '0'
05-25 09:25:12.167  3036  3036 F DEBUG   : ABI: 'arm64'
05-25 09:25:12.167  3036  3036 F DEBUG   : pid: 3411, tid: 3411, name: lhd  >>> /system/bin/lhd <<<
05-25 09:25:12.167  3036  3036 F DEBUG   : signal 6 (SIGABRT), code -6 (SI_TKILL), fault addr --------
05-25 09:25:12.168  3036  3036 F DEBUG   :     x0   0000000000000000  x1   0000000000000d53  x2   0000000000000006  x3   0000000000000000
05-25 09:25:12.168  3036  3036 F DEBUG   :     x4   0000000000000000  x5   0000000000000001  x6   0000000000000000  x7   0000000000000000
05-25 09:25:12.168  3036  3036 F DEBUG   :     x8   0000000000000083  x9   0000007fdcb16a40  x10  00000000ffffffd8  x11  00000000ffffff80
05-25 09:25:12.168  3036  3036 F DEBUG   :     x12  0000007f8cf56e10  x13  d7bba63444fd3c6d  x14  0000007f8cefa658  x15  0000000000000001
05-25 09:25:12.168  3036  3036 F DEBUG   :     x16  0000007f8cae6580  x17  0000007f8ca78fcc  x18  00000000ffffffff  x19  0000007f8cf040d8
05-25 09:25:12.168  3036  3036 F DEBUG   :     x20  0000007f8cf04018  x21  0000000000000002  x22  0000000000000006  x23  0000007f8cf34000
05-25 09:25:12.168  3036  3036 F DEBUG   :     x24  0000007fdcb17038  x25  0000007f8cf593d0  x26  0000000000000000  x27  0000000000000000
05-25 09:25:12.168  3036  3036 F DEBUG   :     x28  0000000000000000  x29  0000007fdcb16b10  x30  0000007f8ca76768
05-25 09:25:12.168  3036  3036 F DEBUG   :     sp   0000007fdcb16b10  pc   0000007f8ca78fd4  pstate 0000000020000000
05-25 09:25:12.170  3036  3036 F DEBUG   : 
05-25 09:25:12.170  3036  3036 F DEBUG   : backtrace:
05-25 09:25:12.170  3036  3036 F DEBUG   :     #00 pc 0000000000068fd4  /system/lib64/libc.so (tgkill+8)
05-25 09:25:12.170  3036  3036 F DEBUG   :     #01 pc 0000000000066764  /system/lib64/libc.so (pthread_kill+68)
05-25 09:25:12.170  3036  3036 F DEBUG   :     #02 pc 0000000000023448  /system/lib64/libc.so (raise+28)
05-25 09:25:12.170  3036  3036 F DEBUG   :     #03 pc 000000000001dbe8  /system/lib64/libc.so (abort+60)
05-25 09:25:12.170  3036  3036 F DEBUG   :     #04 pc 000000000000b5a0  /system/bin/lhd
05-25 09:25:12.170  3036  3036 F DEBUG   :     #05 pc 000000000000b640  /system/bin/lhd
05-25 09:25:12.170  3036  3036 F DEBUG   :     #06 pc 000000000000bec4  /system/bin/lhd
05-25 09:25:12.170  3036  3036 F DEBUG   :     #07 pc 000000000000c2b0  /system/bin/lhd
05-25 09:25:12.170  3036  3036 F DEBUG   :     #08 pc 000000000000965c  /system/bin/lhd (main+64)
05-25 09:25:12.170  3036  3036 F DEBUG   :     #09 pc 000000000001bcd8  /system/lib64/libc.so (__libc_init+100)
05-25 09:25:12.170  3036  3036 F DEBUG   :     #10 pc 00000000000099e8  /system/bin/lhd
05-25 09:25:12.171  2895  2895 E         : invalid gralloc handle (at 0x7f81a165b0)
05-25 09:25:12.171  2895  2895 E         : Runtime and build version of gralloc private structure does not match. Errors will likely follow.
05-25 09:25:12.175  2895  2895 E gralloc : invalid gralloc handle (at 0x7f81a165b0)
05-25 09:25:12.175  2895  2895 E SurfaceFlinger: error posting framebuffer: -22
05-25 09:25:12.184  3036  3036 F DEBUG   : 
05-25 09:25:12.184  3036  3036 F DEBUG   : Tombstone written to: /data/tombstones/tombstone_08
05-25 09:25:12.179  3411  3411 W lhd     : type=1701 audit(0.0:145): auid=4294967295 uid=1021 gid=1000 ses=4294967295 exe="/system/bin/lhd" sig=6
05-25 09:25:12.205  2895  2895 E         : invalid gralloc handle (at 0x7f81a16540)
05-25 09:25:12.205  2895  2895 E         : Runtime and build version of gralloc private structure does not match. Errors will likely follow.
05-25 09:25:12.209  2895  2895 E gralloc : invalid gralloc handle (at 0x7f81a16540)
05-25 09:25:12.209  2895  2895 E SurfaceFlinger: error posting framebuffer: -22
05-25 09:25:12.221  3410  3410 I mediaserver: ServiceManager: 0xf688e120
05-25 09:25:12.221  3410  3410 I AudioFlinger: Using default 3000 mSec as standby time.
05-25 09:25:12.221  3410  3410 E BatteryNotifier: batterystats service unavailable!
05-25 09:25:12.221  3410  3410 E BatteryNotifier: batterystats service unavailable!
05-25 09:25:12.221  3410  3410 I CameraService: CameraService started (pid=3410)
05-25 09:25:12.221  3410  3410 I CameraService: CameraService process starting
05-25 09:25:12.221  3410  3410 E BatteryNotifier: batterystats service unavailable!
05-25 09:25:12.222  3410  3410 E BatteryNotifier: batterystats service unavailable!
05-25 09:25:12.222  3410  3410 E CameraService: Could not load camera HAL module: -2 (No such file or directory)
05-25 09:25:12.222  3410  3410 I AudioPolicyService: AudioPolicyService CSTOR in new mode
05-25 09:25:12.223  3410  3410 W APM::HwModule: loadOutput() invalid supported devices
05-25 09:25:12.223  3410  3410 W APM::HwModule: loadOutput() invalid supported devices
05-25 09:25:12.223  3410  3410 W APM::HwModule: loadInput() invalid supported devices
05-25 09:25:12.223  3410  3410 W APM::HwModule: loadInput() invalid supported devices
05-25 09:25:12.223  3410  3410 I APM::ConfigParsingUtils: loadAudioPolicyConfig() loaded /system/etc/audio_policy.conf
05-25 09:25:12.272  2895  2895 E         : invalid gralloc handle (at 0x7f81a16690)
05-25 09:25:12.272  2895  2895 E         : Runtime and build version of gralloc private structure does not match. Errors will likely follow.
05-25 09:25:12.276  2895  2895 E gralloc : invalid gralloc handle (at 0x7f81a16690)
05-25 09:25:12.276  2895  2895 E SurfaceFlinger: error posting framebuffer: -22
05-25 09:25:12.306  2895  2895 E         : invalid gralloc handle (at 0x7f81a16620)
05-25 09:25:12.306  2895  2895 E         : Runtime and build version of gralloc private structure does not match. Errors will likely follow.
05-25 09:25:12.310  2895  2895 E gralloc : invalid gralloc handle (at 0x7f81a16620)
05-25 09:25:12.310  2895  2895 E SurfaceFlinger: error posting framebuffer: -22
05-25 09:25:12.340  2895  2895 E         : invalid gralloc handle (at 0x7f81a165b0)
05-25 09:25:12.340  2895  2895 E         : Runtime and build version of gralloc private structure does not match. Errors will likely follow.
05-25 09:25:12.344  2895  2895 E gralloc : invalid gralloc handle (at 0x7f81a165b0)
05-25 09:25:12.344  2895  2895 E SurfaceFlinger: error posting framebuffer: -22
05-25 09:25:12.374  2895  2895 E         : invalid gralloc handle (at 0x7f81a16540)
05-25 09:25:12.374  2895  2895 E         : Runtime and build version of gralloc private structure does not match. Errors will likely follow.
05-25 09:25:12.377  2895  2895 E gralloc : invalid gralloc handle (at 0x7f81a16540)
05-25 09:25:12.377  2895  2895 E SurfaceFlinger: error posting framebuffer: -22
05-25 09:25:12.441  2895  2895 E         : invalid gralloc handle (at 0x7f81a16690)
05-25 09:25:12.441  2895  2895 E         : Runtime and build version of gralloc private structure does not match. Errors will likely follow.
05-25 09:25:12.445  2895  2895 E gralloc : invalid gralloc handle (at 0x7f81a16690)
05-25 09:25:12.445  2895  2895 E SurfaceFlinger: error posting framebuffer: -22
05-25 09:25:12.475  2895  2895 E         : invalid gralloc handle (at 0x7f81a16620)
05-25 09:25:12.475  2895  2895 E         : Runtime and build version of gralloc private structure does not match. Errors will likely follow.
05-25 09:25:12.478  2895  2895 E gralloc : invalid gralloc handle (at 0x7f81a16620)
05-25 09:25:12.478  2895  2895 E SurfaceFlinger: error posting framebuffer: -22
05-25 09:25:12.508  2895  2895 E         : invalid gralloc handle (at 0x7f81a165b0)
05-25 09:25:12.508  2895  2895 E         : Runtime and build version of gralloc private structure does not match. Errors will likely follow.
05-25 09:25:12.512  2895  2895 E gralloc : invalid gralloc handle (at 0x7f81a165b0)
05-25 09:25:12.512  2895  2895 E SurfaceFlinger: error posting framebuffer: -22
05-25 09:25:12.520  3331  3331 W Zygote  : Got error connecting to zygote, retrying. msg= No such file or directory
05-25 09:25:12.542  2895  2895 E         : invalid gralloc handle (at 0x7f81a16540)
05-25 09:25:12.542  2895  2895 E         : Runtime and build version of gralloc private structure does not match. Errors will likely follow.
05-25 09:25:12.546  2895  2895 E gralloc : invalid gralloc handle (at 0x7f81a16540)
05-25 09:25:12.546  2895  2895 E SurfaceFlinger: error posting framebuffer: -22
05-25 09:25:12.609  2895  2895 E         : invalid gralloc handle (at 0x7f81a16690)
05-25 09:25:12.610  2895  2895 E         : Runtime and build version of gralloc private structure does not match. Errors will likely follow.
05-25 09:25:12.613  2895  2895 E gralloc : invalid gralloc handle (at 0x7f81a16690)
05-25 09:25:12.613  2895  2895 E SurfaceFlinger: error posting framebuffer: -22
05-25 09:25:12.643  2895  2895 E         : invalid gralloc handle (at 0x7f81a16620)
05-25 09:25:12.643  2895  2895 E         : Runtime and build version of gralloc private structure does not match. Errors will likely follow.
05-25 09:25:12.647  2895  2895 E gralloc : invalid gralloc handle (at 0x7f81a16620)
05-25 09:25:12.647  2895  2895 E SurfaceFlinger: error posting framebuffer: -22
05-25 09:25:12.660  2895  2895 E         : invalid gralloc handle (at 0x7f81a165b0)
05-25 09:25:12.660  2895  2895 E         : Runtime and build version of gralloc private structure does not match. Errors will likely follow.
05-25 09:25:12.664  2895  2895 E gralloc : invalid gralloc handle (at 0x7f81a165b0)
05-25 09:25:12.664  2895  2895 E SurfaceFlinger: error posting framebuffer: -22
05-25 09:25:12.694  2895  2895 E         : invalid gralloc handle (at 0x7f81a16540)
05-25 09:25:12.694  2895  2895 E         : Runtime and build version of gralloc private structure does not match. Errors will likely follow.
05-25 09:25:12.698  2895  2895 E gralloc : invalid gralloc handle (at 0x7f81a16540)
05-25 09:25:12.698  2895  2895 E SurfaceFlinger: error posting framebuffer: -22
05-25 09:25:12.757  3410  3410 I AudioFlinger: loadHwModule() Loaded primary audio interface from Samsung audio HW HAL (audio) handle 1
05-25 09:25:12.757  3410  3410 I AudioFlinger: openOutput(), module 1 Device 2, SamplingRate 48000, Format 0x000001, Channels 3, flags a
05-25 09:25:12.757  3410  3410 I AudioFlinger: AudioStreamOut::open(), mHalFormatIsLinearPcm = 1
05-25 09:25:12.757  3410  3410 I AudioFlinger: HAL output buffer size 1024 frames, normal sink buffer size 1024 frames
05-25 09:25:12.758  3410  3410 W EffectsFactory: loadLibrary() failed to open /system/lib/soundfx/libaudioeffectoffload.so
05-25 09:25:12.759  3410  3410 W EffectsFactory: loadLibrary() failed to open /system/lib/soundfx/libexynosvisualizer.so
05-25 09:25:12.761  3410  3410 W EffectsFactory: loadLibrary() failed to open /system/lib/libmysound.so
05-25 09:25:12.761  3410  3410 W EffectsFactory: loadLibrary() failed to open /system/lib/soundfx/libmyspace.so
05-25 09:25:12.761  3410  3410 W EffectsFactory: loadLibrary() failed to open /system/lib/libaudiosa.so
05-25 09:25:12.761  3410  3410 W EffectsFactory: loadLibrary() failed to open /system/lib/soundfx/libaudiosaplus_sec.so
05-25 09:25:12.761  3410  3410 W EffectsFactory: loadLibrary() failed to open /system/lib/libsamsungSoundbooster_plus.so
05-25 09:25:12.761  3410  3410 W EffectsFactory: loadEffect() could not get library soundbooster_plus
05-25 09:25:12.761  3410  3410 W EffectsFactory: addSubEffect() could not get library soundalive_sec
05-25 09:25:12.761  3410  3410 W EffectsFactory: loadEffect() could not add subEffect 
05-25 09:25:12.761  3410  3410 W EffectsFactory: loadEffect() could not get library soundalive
05-25 09:25:12.761  3410  3410 W EffectsFactory: loadEffect() could not get library soundalive
05-25 09:25:12.761  3410  3410 W EffectsFactory: loadEffect() could not get library soundalive
05-25 09:25:12.761  3410  3410 W EffectsFactory: addSubEffect() could not get library visualizer_hw
05-25 09:25:12.761  3410  3410 W EffectsFactory: loadEffect() could not add subEffect 
05-25 09:25:12.761  3410  3410 W EffectsFactory: addSubEffect() could not get library mysound
05-25 09:25:12.761  3410  3410 W EffectsFactory: loadEffect() could not add subEffect 
05-25 09:25:12.761  3410  3410 W EffectsFactory: addSubEffect() could not get library myspace
05-25 09:25:12.761  3410  3410 W EffectsFactory: loadEffect() could not add subEffect 
05-25 09:25:12.761  3410  3410 I BufferProvider: found effect "Multichannel Downmix To Stereo" from The Android Open Source Project
05-25 09:25:12.761  3410  3419 I AudioFlinger: AudioFlinger's thread 0xf4c40000 ready to run
05-25 09:25:12.761  3410  3410 I AudioFlinger: Using module 1 has the primary audio interface
05-25 09:25:12.762  2895  2895 E         : invalid gralloc handle (at 0x7f81a16690)
05-25 09:25:12.762  3410  3419 V audio_hw_primary: do_out_standby: output standby: 1
05-25 09:25:12.762  2895  2895 E         : Runtime and build version of gralloc private structure does not match. Errors will likely follow.
05-25 09:25:12.762  3410  3419 V audio_hw_primary: out_set_parameters: key value pairs: routing=2
05-25 09:25:12.762  3410  3419 E AudioFlinger: no wake lock to update!
05-25 09:25:12.762  3410  3410 I AudioFlinger: openOutput(), module 1 Device 2, SamplingRate 48000, Format 0x000001, Channels 3, flags 4
05-25 09:25:12.762  3410  3410 I AudioFlinger: AudioStreamOut::open(), mHalFormatIsLinearPcm = 1
05-25 09:25:12.763  3410  3410 I AudioFlinger: HAL output buffer size 256 frames, normal sink buffer size 960 frames
05-25 09:25:12.763  3410  3410 E MonoPipe: Failed to fetch local time frequency when constructing a MonoPipe (res = -32).  getNextWriteTimestamp calls will be non-functional
05-25 09:25:12.763  3410  3421 I AudioFlinger: AudioFlinger's thread 0xf4900000 ready to run
05-25 09:25:12.763  3410  3421 V audio_hw_primary: out_set_parameters: key value pairs: routing=2
05-25 09:25:12.763  3410  3421 V audio_hw_primary: do_out_standby: output standby: 1
05-25 09:25:12.763  3410  3421 E AudioFlinger: no wake lock to update!
05-25 09:25:12.763  3410  3410 V audio_hw_primary: adev_open_input_stream: Requesting input stream with rate: 48000, channels: 0xc
05-25 09:25:12.764  3410  3422 I AudioFlinger: AudioFlinger's thread 0xf4600000 ready to run
05-25 09:25:12.764  3410  3410 I bt_a2dp_hw: adev_open:  adev_open in A2dp_hw module
05-25 09:25:12.764  3410  3410 I AudioFlinger: loadHwModule() Loaded a2dp audio interface from A2DP Audio HW HAL (audio) handle 5
05-25 09:25:12.765  3410  3410 I AudioFlinger: loadHwModule() Loaded usb audio interface from USB audio HW HAL (audio) handle 6
05-25 09:25:12.765  3410  3410 I r_submix: adev_open(name=audio_hw_if)
05-25 09:25:12.765  3410  3410 I r_submix: adev_init_check()
05-25 09:25:12.765  3410  3410 I AudioFlinger: loadHwModule() Loaded r_submix audio interface from Wifi Display audio HAL (audio) handle 7
05-25 09:25:12.765  3410  3410 D r_submix: adev_open_input_stream(addr=0)
05-25 09:25:12.765  3410  3410 D r_submix: submix_audio_device_create_pipe_l(addr=0, idx=9)
05-25 09:25:12.765  3410  3410 D r_submix:   now using address 0 for route 9
05-25 09:25:12.765  3410  3423 I AudioFlinger: AudioFlinger's thread 0xf4540000 ready to run
05-25 09:25:12.765  3410  3410 D r_submix: adev_close_input_stream()
05-25 09:25:12.765  3410  3410 D r_submix: submix_audio_device_release_pipe_l(idx=9) addr=0
05-25 09:25:12.765  3410  3410 D r_submix: submix_audio_device_destroy_pipe_l(): pipe destroyed
05-25 09:25:12.766  2895  2895 E gralloc : invalid gralloc handle (at 0x7f81a16690)
05-25 09:25:12.766  2895  2895 E SurfaceFlinger: error posting framebuffer: -22
05-25 09:25:12.766  3410  3410 F libc    : Fatal signal 11 (SIGSEGV), code 1, fault addr 0x0 in tid 3410 (mediaserver)
05-25 09:25:12.766  3035  3035 I DEBUG   : property debug.db.uid not set; NOT waiting for gdb.
05-25 09:25:12.766  3035  3035 I DEBUG   : HINT: adb shell setprop debug.db.uid 100000
05-25 09:25:12.766  3035  3035 I DEBUG   : HINT: adb forward tcp:5039 tcp:5039
05-25 09:25:12.795  2895  2895 E         : invalid gralloc handle (at 0x7f81a16620)
05-25 09:25:12.795  2895  2895 E         : Runtime and build version of gralloc private structure does not match. Errors will likely follow.
05-25 09:25:12.799  2895  2895 E gralloc : invalid gralloc handle (at 0x7f81a16620)
05-25 09:25:12.799  2895  2895 E SurfaceFlinger: error posting framebuffer: -22
05-25 09:25:12.816  3035  3035 F DEBUG   : *** *** *** *** *** *** *** *** *** *** *** *** *** *** *** ***
05-25 09:25:12.816  3035  3035 F DEBUG   : Build fingerprint: 'samsung/cm_hero2ltexx/hero2ltexx:6.0.1/MOB30J/5d66e77688:eng/test-keys'
05-25 09:25:12.816  3035  3035 F DEBUG   : Revision: '0'
05-25 09:25:12.816  3035  3035 F DEBUG   : ABI: 'arm'
05-25 09:25:12.816  3035  3035 F DEBUG   : pid: 3410, tid: 3410, name: mediaserver  >>> /system/bin/mediaserver <<<
05-25 09:25:12.816  3035  3035 F DEBUG   : signal 11 (SIGSEGV), code 1 (SEGV_MAPERR), fault addr 0x0
05-25 09:25:12.819  3035  3035 F DEBUG   :     r0 f4cde8f4  r1 00000000  r2 65732020  r3 00000007
05-25 09:25:12.819  3035  3035 F DEBUG   :     r4 00000008  r5 f4cde8f2  r6 f76e3be0  r7 ffd00174
05-25 09:25:12.819  3035  3035 F DEBUG   :     r8 f4d3e00c  r9 f76e1431  sl f76e1635  fp f4cde8f2
05-25 09:25:12.819  3035  3035 F DEBUG   :     ip 00000000  sp ffd00130  lr f76dc4f7  pc f722f3c8  cpsr 600f0010
05-25 09:25:12.820  3035  3035 F DEBUG   : 
05-25 09:25:12.820  3035  3035 F DEBUG   : backtrace:
05-25 09:25:12.820  3035  3035 F DEBUG   :     #00 pc 000183c8  /system/lib/libc.so (strcmp+152)
05-25 09:25:12.820  3035  3035 F DEBUG   :     #01 pc 000084f3  /system/lib/libaudiopolicyservice.so
05-25 09:25:12.820  3035  3035 F DEBUG   :     #02 pc 00020170  [stack]
05-25 09:25:12.829  2895  2895 E         : invalid gralloc handle (at 0x7f81a165b0)
05-25 09:25:12.829  2895  2895 E         : Runtime and build version of gralloc private structure does not match. Errors will likely follow.
05-25 09:25:12.832  2895  2895 E gralloc : invalid gralloc handle (at 0x7f81a165b0)
05-25 09:25:12.832  2895  2895 E SurfaceFlinger: error posting framebuffer: -22
05-25 09:25:12.861  3035  3035 F DEBUG   : 
05-25 09:25:12.861  3035  3035 F DEBUG   : Tombstone written to: /data/tombstones/tombstone_09
05-25 09:25:12.849  3410  3410 W mediaserver: type=1701 audit(0.0:146): auid=4294967295 uid=1013 gid=1005 ses=4294967295 exe="/system/bin/mediaserver" sig=11
05-25 09:25:12.862  2895  2895 E         : invalid gralloc handle (at 0x7f81a16540)
05-25 09:25:12.862  2895  2895 E         : Runtime and build version of gralloc private structure does not match. Errors will likely follow.
05-25 09:25:12.863  2894  2894 I ServiceManager: service 'media.audio_flinger' died
05-25 09:25:12.863  2894  2894 I ServiceManager: service 'media.player' died
05-25 09:25:12.863  2894  2894 I ServiceManager: service 'media.resource_manager' died
05-25 09:25:12.863  2894  2894 I ServiceManager: service 'media.camera' died
05-25 09:25:12.866  2895  2895 E gralloc : invalid gralloc handle (at 0x7f81a16540)
05-25 09:25:12.866  2895  2895 E SurfaceFlinger: error posting framebuffer: -22
05-25 09:25:12.930  2895  2895 E         : invalid gralloc handle (at 0x7f81a16690)
05-25 09:25:12.930  2895  2895 E         : Runtime and build version of gralloc private structure does not match. Errors will likely follow.
05-25 09:25:12.933  2895  2895 E gralloc : invalid gralloc handle (at 0x7f81a16690)
05-25 09:25:12.933  2895  2895 E SurfaceFlinger: error posting framebuffer: -22
05-25 09:25:12.964  2895  2895 E         : invalid gralloc handle (at 0x7f81a16620)
05-25 09:25:12.964  2895  2895 E         : Runtime and build version of gralloc private structure does not match. Errors will likely follow.
05-25 09:25:12.967  2895  2895 E gralloc : invalid gralloc handle (at 0x7f81a16620)
05-25 09:25:12.967  2895  2895 E SurfaceFlinger: error posting framebuffer: -22
05-25 09:25:12.997  2895  2895 E         : invalid gralloc handle (at 0x7f81a165b0)
05-25 09:25:12.997  2895  2895 E         : Runtime and build version of gralloc private structure does not match. Errors will likely follow.
05-25 09:25:13.001  2895  2895 E gralloc : invalid gralloc handle (at 0x7f81a165b0)
05-25 09:25:13.001  2895  2895 E SurfaceFlinger: error posting framebuffer: -22
05-25 09:25:13.031  2895  2895 E         : invalid gralloc handle (at 0x7f81a16540)
05-25 09:25:13.031  2895  2895 E         : Runtime and build version of gralloc private structure does not match. Errors will likely follow.
05-25 09:25:13.035  2895  2895 E gralloc : invalid gralloc handle (at 0x7f81a16540)
05-25 09:25:13.035  2895  2895 E SurfaceFlinger: error posting framebuffer: -22
05-25 09:25:13.098  2895  2895 E         : invalid gralloc handle (at 0x7f81a16690)
05-25 09:25:13.098  2895  2895 E         : Runtime and build version of gralloc private structure does not match. Errors will likely follow.
05-25 09:25:13.102  2895  2895 E gralloc : invalid gralloc handle (at 0x7f81a16690)
05-25 09:25:13.102  2895  2895 E SurfaceFlinger: error posting framebuffer: -22
05-25 09:25:13.132  2895  2895 E         : invalid gralloc handle (at 0x7f81a16620)
05-25 09:25:13.132  2895  2895 E         : Runtime and build version of gralloc private structure does not match. Errors will likely follow.
05-25 09:25:13.136  2895  2895 E gralloc : invalid gralloc handle (at 0x7f81a16620)
05-25 09:25:13.136  2895  2895 E SurfaceFlinger: error posting framebuffer: -22
05-25 09:25:13.166  2895  2895 E         : invalid gralloc handle (at 0x7f81a165b0)
05-25 09:25:13.166  2895  2895 E         : Runtime and build version of gralloc private structure does not match. Errors will likely follow.
05-25 09:25:13.170  2895  2895 E gralloc : invalid gralloc handle (at 0x7f81a165b0)
05-25 09:25:13.170  2895  2895 E SurfaceFlinger: error posting framebuffer: -22
05-25 09:25:13.200  2895  2895 E         : invalid gralloc handle (at 0x7f81a16540)
05-25 09:25:13.200  2895  2895 E         : Runtime and build version of gralloc private structure does not match. Errors will likely follow.
05-25 09:25:13.203  2895  2895 E gralloc : invalid gralloc handle (at 0x7f81a16540)
05-25 09:25:13.203  2895  2895 E SurfaceFlinger: error posting framebuffer: -22
05-25 09:25:13.267  2895  2895 E         : invalid gralloc handle (at 0x7f81a16690)
05-25 09:25:13.267  2895  2895 E         : Runtime and build version of gralloc private structure does not match. Errors will likely follow.
05-25 09:25:13.271  2895  2895 E gralloc : invalid gralloc handle (at 0x7f81a16690)
05-25 09:25:13.271  2895  2895 E SurfaceFlinger: error posting framebuffer: -22
05-25 09:25:13.301  2895  2895 E         : invalid gralloc handle (at 0x7f81a16620)
05-25 09:25:13.301  2895  2895 E         : Runtime and build version of gralloc private structure does not match. Errors will likely follow.
05-25 09:25:13.304  2895  2895 E gralloc : invalid gralloc handle (at 0x7f81a16620)
05-25 09:25:13.305  2895  2895 E SurfaceFlinger: error posting framebuffer: -22
05-25 09:25:13.334  2895  2895 E         : invalid gralloc handle (at 0x7f81a165b0)
05-25 09:25:13.334  2895  2895 E         : Runtime and build version of gralloc private structure does not match. Errors will likely follow.
05-25 09:25:13.338  2895  2895 E gralloc : invalid gralloc handle (at 0x7f81a165b0)
05-25 09:25:13.338  2895  2895 E SurfaceFlinger: error posting framebuffer: -22
05-25 09:25:13.368  2895  2895 E         : invalid gralloc handle (at 0x7f81a16540)
05-25 09:25:13.368  2895  2895 E         : Runtime and build version of gralloc private structure does not match. Errors will likely follow.
05-25 09:25:13.372  2895  2895 E gralloc : invalid gralloc handle (at 0x7f81a16540)
05-25 09:25:13.372  2895  2895 E SurfaceFlinger: error posting framebuffer: -22
05-25 09:25:13.436  2895  2895 E         : invalid gralloc handle (at 0x7f81a16690)
05-25 09:25:13.436  2895  2895 E         : Runtime and build version of gralloc private structure does not match. Errors will likely follow.
05-25 09:25:13.439  2895  2895 E gralloc : invalid gralloc handle (at 0x7f81a16690)
05-25 09:25:13.439  2895  2895 E SurfaceFlinger: error posting framebuffer: -22
05-25 09:25:13.469  2895  2895 E         : invalid gralloc handle (at 0x7f81a16620)
05-25 09:25:13.469  2895  2895 E         : Runtime and build version of gralloc private structure does not match. Errors will likely follow.
05-25 09:25:13.473  2895  2895 E gralloc : invalid gralloc handle (at 0x7f81a16620)
05-25 09:25:13.473  2895  2895 E SurfaceFlinger: error posting framebuffer: -22
05-25 09:25:13.503  2895  2895 E         : invalid gralloc handle (at 0x7f81a165b0)
05-25 09:25:13.503  2895  2895 E         : Runtime and build version of gralloc private structure does not match. Errors will likely follow.
05-25 09:25:13.507  2895  2895 E gralloc : invalid gralloc handle (at 0x7f81a165b0)
05-25 09:25:13.507  2895  2895 E SurfaceFlinger: error posting framebuffer: -22
05-25 09:25:13.520  3331  3331 W Zygote  : Got error connecting to zygote, retrying. msg= No such file or directory
05-25 09:25:13.537  2895  2895 E         : invalid gralloc handle (at 0x7f81a16540)
05-25 09:25:13.537  2895  2895 E         : Runtime and build version of gralloc private structure does not match. Errors will likely follow.
05-25 09:25:13.541  2895  2895 E gralloc : invalid gralloc handle (at 0x7f81a16540)
05-25 09:25:13.541  2895  2895 E SurfaceFlinger: error posting framebuffer: -22
05-25 09:25:13.604  2895  2895 E         : invalid gralloc handle (at 0x7f81a16690)
05-25 09:25:13.604  2895  2895 E         : Runtime and build version of gralloc private structure does not match. Errors will likely follow.
05-25 09:25:13.608  2895  2895 E gralloc : invalid gralloc handle (at 0x7f81a16690)
05-25 09:25:13.608  2895  2895 E SurfaceFlinger: error posting framebuffer: -22
05-25 09:25:13.638  2895  2895 E         : invalid gralloc handle (at 0x7f81a16620)
05-25 09:25:13.638  2895  2895 E         : Runtime and build version of gralloc private structure does not match. Errors will likely follow.
05-25 09:25:13.642  2895  2895 E gralloc : invalid gralloc handle (at 0x7f81a16620)
05-25 09:25:13.642  2895  2895 E SurfaceFlinger: error posting framebuffer: -22
05-25 09:25:13.672  2895  2895 E         : invalid gralloc handle (at 0x7f81a165b0)
05-25 09:25:13.672  2895  2895 E         : Runtime and build version of gralloc private structure does not match. Errors will likely follow.
05-25 09:25:13.675  2895  2895 E gralloc : invalid gralloc handle (at 0x7f81a165b0)
05-25 09:25:13.675  2895  2895 E SurfaceFlinger: error posting framebuffer: -22
