--------- beginning of main
06-16 02:59:24.462  3058  3058 W auditd  : type=1325 audit(0.0:2): table=filter family=2 entries=0
06-16 02:59:24.462  3058  3058 W auditd  : type=1325 audit(0.0:3): table=mangle family=2 entries=0
06-16 02:59:24.462  3058  3058 W auditd  : type=1325 audit(0.0:4): table=nat family=2 entries=0
06-16 02:59:24.462  3058  3058 W auditd  : type=1325 audit(0.0:5): table=raw family=2 entries=0
06-16 02:59:24.462  3058  3058 W auditd  : type=1325 audit(0.0:6): table=security family=2 entries=0
06-16 02:59:24.462  3058  3058 W auditd  : type=1325 audit(0.0:7): table=filter family=3 entries=0
06-16 02:59:24.462  3058  3058 W auditd  : type=1325 audit(0.0:8): table=filter family=10 entries=0
06-16 02:59:24.462  3058  3058 W auditd  : type=1325 audit(0.0:9): table=mangle family=10 entries=0
06-16 02:59:24.462  3058  3058 W auditd  : type=1325 audit(0.0:10): table=raw family=10 entries=0
06-16 02:59:24.462  3058  3058 W auditd  : type=1325 audit(0.0:11): table=nat family=10 entries=0
06-16 02:59:24.849  3058  3058 W auditd  : type=1305 audit(0.0:12): audit_pid=2907 old=0 auid=4294967295 ses=4294967295 res=1
06-16 02:59:24.849  3058  3058 W auditd  : type=1305 audit(0.0:13): audit_rate_limit=20 old=0 auid=4294967295 ses=4294967295 res=1
--------- beginning of system
06-16 02:59:24.879  2908  2908 I vold    : Vold 3.0 (the awakening) firing up
06-16 02:59:24.879  2908  2908 V vold    : Detected support for: exfat ext4 ntfs vfat
06-16 02:59:24.887  2923  2923 I sysinit : Running /system/etc/init.d/00banner 
06-16 02:59:24.891  2919  2919 I lowmemorykiller: Using in-kernel low memory killer interface
06-16 02:59:24.897  2930  2930 I installd: installd firing up
06-16 02:59:24.899  2934  2934 I gatekeeperd: Starting gatekeeperd...
06-16 02:59:24.900  2934  2934 W gatekeeperd: falling back to software GateKeeper
06-16 02:59:24.900  2926  2926 I DEBUG   : debuggerd: starting
06-16 02:59:24.900  2934  2934 I gatekeeperd: cold boot: clearing state
06-16 02:59:24.904  2935  2935 I perfprofd: starting Android Wide Profiling daemon
06-16 02:59:24.904  2935  2935 E perfprofd: unable to open configuration file /data/data/com.google.android.gms/files/perfprofd.conf
06-16 02:59:24.904  2935  2935 I perfprofd: random seed set to 2281580365
06-16 02:59:24.910  2936  2936 I fingerprintd: Starting fingerprintd
06-16 02:59:24.913  3006  3006 I cm      : ____ _   _ ____ _  _ ____ ____ ____ _  _ _  _ ____ ___ 
06-16 02:59:24.914  2924  2924 I Netd    : Netd 1.0 starting
06-16 02:59:24.914  2924  2924 I QtiConnectivityAdapter: Failed to open libconnctrl, some features may not be present.
06-16 02:59:24.914  2924  2924 D TetherController: Setting IP forward enable = 0
06-16 02:59:24.916  2931  2931 I keystore: Found keymaster0 module Keymaster OpenSSL HAL, version 2
06-16 02:59:24.917  2931  2931 I SoftKeymaster: system/keymaster/soft_keymaster_device.cpp, Line 122: Creating device
06-16 02:59:24.917  2931  2931 D SoftKeymaster: system/keymaster/soft_keymaster_device.cpp, Line 123: Device address: 0x7f86863000
06-16 02:59:24.917  2931  2931 I keystore: Keymaster0 module is software-only.  Using SoftKeymasterDevice instead.
06-16 02:59:24.917  2931  2931 I SoftKeymaster: system/keymaster/soft_keymaster_device.cpp, Line 122: Creating device
06-16 02:59:24.917  2931  2931 D SoftKeymaster: system/keymaster/soft_keymaster_device.cpp, Line 123: Device address: 0x7f86863300
06-16 02:59:24.917  2931  2931 I keystore: SELinux: Keystore SELinux is disabled.
06-16 02:59:24.920  3031  3031 I cm      : |     \_/  |__| |\ | |  | | __ |___ |\ | |\/| |  | |  \ 
06-16 02:59:24.926  3037  3037 I cm      : |___   |   |  | | \| |__| |__] |___ | \| |  | |__| |__/ 
06-16 02:59:24.927  2925  2925 I DEBUG   : debuggerd: starting
06-16 02:59:24.928  2921  2921 I SurfaceFlinger: SurfaceFlinger is starting
06-16 02:59:24.928  2921  2921 I SurfaceFlinger: SurfaceFlinger's main thread ready to run. Initializing graphics H/W...
06-16 02:59:24.944  3044  3044 I cm      : Welcome to Android 6.0.1 / CyanogenMod-13.0-20160616-UNOFFICIAL-hero2ltexx 
06-16 02:59:24.950  3046  3046 I sysinit : Running /system/etc/init.d/90userinit 
06-16 02:59:24.969  3058  3058 W auditd  : type=1325 audit(0.0:14): table=filter family=2 entries=4
06-16 02:59:24.969  3058  3058 W auditd  : type=1320 audit(0.0:14): 
06-16 02:59:24.979  3058  3058 W auditd  : type=1325 audit(0.0:15): table=filter family=10 entries=4
06-16 02:59:24.979  3058  3058 W auditd  : type=1320 audit(0.0:15): 
06-16 02:59:24.979  3058  3058 W auditd  : type=1325 audit(0.0:16): table=filter family=2 entries=6
06-16 02:59:24.979  3058  3058 W auditd  : type=1320 audit(0.0:16): 
06-16 02:59:24.981  2921  2921 D libEGL  : loaded /vendor/lib64/egl/libGLES_mali.so
06-16 02:59:24.989  3058  3058 W auditd  : type=1325 audit(0.0:17): table=filter family=10 entries=6
06-16 02:59:24.989  3058  3058 W auditd  : type=1320 audit(0.0:17): 
06-16 02:59:25.005  2922  2922 W McDaemon: Cannot open trustlet /system/app/FFFFFFFF000000000000000000000001.drbin (2) [hardware/samsung_slsi/exynos8890/mobicore/Daemon/src/SecureWorld.cpp:178]
06-16 02:59:25.006  2921  2921 I gralloc : using (id=)
06-16 02:59:25.006  2921  2921 I gralloc : xres         = 1440 px
06-16 02:59:25.006  2921  2921 I gralloc : yres         = 2560 px
06-16 02:59:25.006  2921  2921 I gralloc : width        = 68 mm (537.882324 dpi)
06-16 02:59:25.006  2921  2921 I gralloc : height       = 122 mm (532.983582 dpi)
06-16 02:59:25.006  2921  2921 I gralloc : refresh rate = 59.31 Hz
06-16 02:59:25.019  3058  3058 W auditd  : type=1325 audit(0.0:18): table=filter family=2 entries=7
06-16 02:59:25.019  3058  3058 W auditd  : type=1320 audit(0.0:18): 
06-16 02:59:25.019  3058  3058 W auditd  : type=1325 audit(0.0:19): table=filter family=10 entries=7
06-16 02:59:25.019  3058  3058 W auditd  : type=1320 audit(0.0:19): 
06-16 02:59:25.029  3058  3058 W auditd  : type=1325 audit(0.0:20): table=filter family=2 entries=9
06-16 02:59:25.029  3058  3058 W auditd  : type=1320 audit(0.0:20): 
06-16 02:59:25.029  3058  3058 W auditd  : type=1325 audit(0.0:21): table=filter family=10 entries=9
06-16 02:59:25.029  3058  3058 W auditd  : type=1320 audit(0.0:21): 
06-16 02:59:25.031  2921  2921 D hwcomposer: using
06-16 02:59:25.031  2921  2921 D hwcomposer: xres         = 1440 px
06-16 02:59:25.031  2921  2921 D hwcomposer: yres         = 2560 px
06-16 02:59:25.031  2921  2921 D hwcomposer: width        = 68 mm (537.882000 dpi)
06-16 02:59:25.031  2921  2921 D hwcomposer: height       = 122 mm (532.983000 dpi)
06-16 02:59:25.031  2921  2921 D hwcomposer: refresh rate = 59 Hz
06-16 02:59:25.031  2921  2921 I hwcomposer: PSR info devname = /sys/devices/13960000.decon_f/psr_info
06-16 02:59:25.031  2921  2921 I hwcomposer: PSR mode is 6(0: video mode, 1: DP PSR mode, 2: MIPI-DSI command mode)
06-16 02:59:25.031  2921  2921 I SurfaceFlinger: Using composer version 1.3
06-16 02:59:25.031  2921  2921 E display : unknown display attribute 6
06-16 02:59:25.031  2921  2921 I SurfaceFlinger: EGL information:
06-16 02:59:25.031  2921  2921 I SurfaceFlinger: vendor    : Android
06-16 02:59:25.031  2921  2921 I SurfaceFlinger: version   : 1.4 Android META-EGL
06-16 02:59:25.031  2921  2921 I SurfaceFlinger: extensions: EGL_KHR_get_all_proc_addresses EGL_ANDROID_presentation_time EGL_KHR_swap_buffers_with_damage EGL_KHR_image EGL_KHR_image_base EGL_KHR_gl_texture_2D_image EGL_KHR_gl_texture_cubemap_image EGL_KHR_gl_renderbuffer_image EGL_KHR_fence_sync EGL_KHR_create_context EGL_KHR_config_attribs EGL_KHR_surfaceless_context EGL_EXT_create_context_robustness EGL_ANDROID_image_native_buffer EGL_KHR_wait_sync EGL_ANDROID_recordable EGL_KHR_partial_update 
06-16 02:59:25.031  2921  2921 I SurfaceFlinger: Client API: OpenGL_ES
06-16 02:59:25.031  2921  2921 I SurfaceFlinger: EGLSurface: 8-8-8-8, config=0x7f97490128
06-16 02:59:25.032  2921  2921 D         : ro.exynos.dss isEnabled: 0
06-16 02:59:25.039  2921  2921 I SurfaceFlinger: OpenGL ES informations:
06-16 02:59:25.039  2921  2921 I SurfaceFlinger: vendor    : ARM
06-16 02:59:25.039  2921  2921 I SurfaceFlinger: renderer  : Mali-T880
06-16 02:59:25.039  2921  2921 I SurfaceFlinger: version   : OpenGL ES 3.1 v1.r9p0-12dev0.c2bae768d87bf40047e1f310c8de7f16
06-16 02:59:25.039  2921  2921 I SurfaceFlinger: extensions: GL_EXT_debug_marker GL_ARM_rgba8 GL_ARM_mali_shader_binary GL_OES_depth24 GL_OES_depth_texture GL_OES_depth_texture_cube_map GL_OES_packed_depth_stencil GL_OES_rgb8_rgba8 GL_EXT_read_format_bgra GL_OES_compressed_paletted_texture GL_OES_compressed_ETC1_RGB8_texture GL_OES_standard_derivatives GL_OES_EGL_image GL_OES_EGL_image_external GL_OES_EGL_sync GL_OES_texture_npot GL_OES_vertex_half_float GL_OES_required_internalformat GL_OES_vertex_array_object GL_OES_mapbuffer GL_EXT_texture_format_BGRA8888 GL_EXT_texture_rg GL_EXT_texture_type_2_10_10_10_REV GL_OES_fbo_render_mipmap GL_OES_element_index_uint GL_EXT_shadow_samplers GL_OES_texture_compression_astc GL_KHR_texture_compression_astc_ldr GL_KHR_texture_compression_astc_hdr GL_KHR_debug GL_EXT_occlusion_query_boolean GL_EXT_disjoint_timer_query GL_EXT_blend_minmax GL_EXT_discard_framebuffer GL_OES_get_program_binary GL_OES_texture_3D GL_EXT_texture_storage GL_EXT_multisampled_render_to_texture GL_OES_surfaceless_context GL_OES_texture_stencil8 G
06-16 02:59:25.039  2921  2921 I SurfaceFlinger: GL_MAX_TEXTURE_SIZE = 8192
06-16 02:59:25.039  2921  2921 I SurfaceFlinger: GL_MAX_VIEWPORT_DIMS = 8192
06-16 02:59:25.040  2921  2921 D mali_winsys: new_window_surface returns 0x3000,  [1440x2560]-format:1
06-16 02:59:25.059  3058  3058 W auditd  : type=1325 audit(0.0:22): table=filter family=2 entries=10
06-16 02:59:25.059  3058  3058 W auditd  : type=1320 audit(0.0:22): 
06-16 02:59:25.066  2921  2921 D SurfaceFlinger: Set power mode=2, type=0 flinger=0x7f97943c00
06-16 02:59:25.069  3058  3058 W auditd  : type=1325 audit(0.0:23): table=filter family=10 entries=10
06-16 02:59:25.069  3058  3058 W auditd  : type=1320 audit(0.0:23): 
06-16 02:59:25.069  3058  3058 W auditd  : type=1325 audit(0.0:24): table=filter family=2 entries=12
06-16 02:59:25.069  3058  3058 W auditd  : type=1320 audit(0.0:24): 
06-16 02:59:25.079  3058  3058 W auditd  : type=1325 audit(0.0:25): table=filter family=10 entries=12
06-16 02:59:25.079  3058  3058 W auditd  : type=1320 audit(0.0:25): 
06-16 02:59:25.102  2929  2929 I mediaserver: ServiceManager: 0xf60ce120
06-16 02:59:25.102  2929  2929 I AudioFlinger: Using default 3000 mSec as standby time.
06-16 02:59:25.102  2929  2929 E BatteryNotifier: batterystats service unavailable!
06-16 02:59:25.102  2929  2929 E BatteryNotifier: batterystats service unavailable!
06-16 02:59:25.102  2929  2929 I CameraService: CameraService started (pid=2929)
06-16 02:59:25.102  2929  2929 I CameraService: CameraService process starting
06-16 02:59:25.102  2929  2929 E BatteryNotifier: batterystats service unavailable!
06-16 02:59:25.102  2929  2929 E BatteryNotifier: batterystats service unavailable!
06-16 02:59:25.103  2929  2929 E CameraService: Could not load camera HAL module: -2 (No such file or directory)
06-16 02:59:25.104  2929  2929 I AudioPolicyService: AudioPolicyService CSTOR in new mode
06-16 02:59:25.104  2929  2929 I APM::ConfigParsingUtils: loadAudioPolicyConfig() loaded /system/etc/audio_policy.conf
06-16 02:59:25.119  3058  3058 W auditd  : type=1325 audit(0.0:26): table=filter family=2 entries=13
06-16 02:59:25.119  3058  3058 W auditd  : type=1320 audit(0.0:26): 
06-16 02:59:25.126  2922  2922 W McDaemon: mcRegistry read So.Soc failed: 16 [hardware/samsung_slsi/exynos8890/mobicore/Daemon/src/PrivateRegistry.cpp:374]
06-16 02:59:25.126  2922  2922 W McDaemon: mcRegistry read So.Soc failed: 16 [hardware/samsung_slsi/exynos8890/mobicore/Daemon/src/PrivateRegistry.cpp:429]
06-16 02:59:25.126  2922  2922 W McDaemon: mcRegistry read So.Root failed: 16 [hardware/samsung_slsi/exynos8890/mobicore/Daemon/src/PrivateRegistry.cpp:533]
06-16 02:59:25.126  2922  2922 W McDaemon: Device endorsements not supported! [hardware/samsung_slsi/exynos8890/mobicore/Daemon/src/MobiCoreDriverDaemon.cpp:588]
06-16 02:59:25.126  2922  2922 I McDaemon: Daemon starting up... [hardware/samsung_slsi/exynos8890/mobicore/Daemon/src/MobiCoreDriverDaemon.cpp:548]
06-16 02:59:25.126  2922  2922 I McDaemon: Interface version is 0.4 [hardware/samsung_slsi/exynos8890/mobicore/Daemon/src/MobiCoreDriverDaemon.cpp:550]
06-16 02:59:25.126  2922  2922 I McDaemon: t-base-EXYNOS64-Android-310B-V005-20151221_084810_68 [hardware/samsung_slsi/exynos8890/mobicore/Daemon/src/MobiCoreDriverDaemon.cpp:552]
06-16 02:59:25.126  2922  2922 I McDaemon: Build timestamp is Apr  1 2016 21:03:15 [hardware/samsung_slsi/exynos8890/mobicore/Daemon/src/MobiCoreDriverDaemon.cpp:553]
06-16 02:59:25.127  2922  3109 I TeeDriverClient: driver client open [hardware/samsung_slsi/exynos8890/mobicore/ClientLib/src/driver_client.cpp:103]
06-16 02:59:25.127  2922  2922 W McDaemon: Cannot open trustlet /data/app/mcRegistry/07050501000000000000000000000020.tlbin (2) [hardware/samsung_slsi/exynos8890/mobicore/Daemon/src/SecureWorld.cpp:178]
06-16 02:59:25.128  2922  3109 I TeeFilesystem: void FileSystem::Impl::run(): Start listening for request from STH2 [hardware/samsung_slsi/exynos8890/mobicore/Daemon/src/FSD2.cpp:376]
06-16 02:59:25.129  3058  3058 W auditd  : type=1325 audit(0.0:27): table=filter family=10 entries=13
06-16 02:59:25.129  3058  3058 W auditd  : type=1320 audit(0.0:27): 
06-16 02:59:25.129  3058  3058 W auditd  : type=1325 audit(0.0:28): table=filter family=2 entries=15
06-16 02:59:25.129  3058  3058 W auditd  : type=1320 audit(0.0:28): 
06-16 02:59:25.133  3111  3111 I CSTORAGE: ============================================================
06-16 02:59:25.133  3111  3111 I CSTORAGE:  CSTORAGE, v1.0.43, OS = android, ChipId = ex8890
06-16 02:59:25.133  3111  3111 I CSTORAGE: ============================================================
06-16 02:59:25.133  3111  3111 I CSTORAGE: ============================================================
06-16 02:59:25.133  3111  3111 I CSTORAGE:  CSTORAGE_SKM_LIB, v1.0.43, OS = android, ChipId = ex8890
06-16 02:59:25.134  3111  3111 I CSTORAGE: ============================================================
06-16 02:59:25.139  3058  3058 W auditd  : type=1325 audit(0.0:29): table=filter family=10 entries=15
06-16 02:59:25.139  3058  3058 W auditd  : type=1320 audit(0.0:29): 
06-16 02:59:25.159  3058  3058 W auditd  : type=1325 audit(0.0:30): table=filter family=2 entries=16
06-16 02:59:25.159  3058  3058 W auditd  : type=1320 audit(0.0:30): 
06-16 02:59:25.169  3058  3058 W auditd  : type=1325 audit(0.0:31): table=filter family=10 entries=16
06-16 02:59:25.169  3058  3058 W auditd  : type=1320 audit(0.0:31): 
06-16 02:59:25.169  3058  3058 W auditd  : type=1325 audit(0.0:32): table=filter family=2 entries=18
06-16 02:59:25.169  3058  3058 W auditd  : type=1320 audit(0.0:32): 
06-16 02:59:25.179  3058  3058 W auditd  : type=1325 audit(0.0:33): table=filter family=10 entries=18
06-16 02:59:25.240  3095  3127 D libEGL  : loaded /vendor/lib64/egl/libGLES_mali.so
06-16 02:59:25.260  3095  3127 D mali_winsys: new_window_surface returns 0x3000,  [1440x2560]-format:2
06-16 02:59:25.261  3095  3127 D         : ro.exynos.dss isEnabled: 0
06-16 02:59:25.265  3095  3127 E BootAnimation: couldn't find audio_conf.txt
06-16 02:59:25.267  2933  2933 D AndroidRuntime: >>>>>> START com.android.internal.os.ZygoteInit uid 0 <<<<<<
06-16 02:59:25.279  2933  2933 D AndroidRuntime: CheckJNI is ON
06-16 02:59:25.283  2933  2933 I art     : option[0]=-Xzygote
06-16 02:59:25.283  2933  2933 I art     : option[1]=-Xcheck:jni
06-16 02:59:25.283  2933  2933 I art     : option[2]=-Xstacktracefile:/data/anr/traces.txt
06-16 02:59:25.283  2933  2933 I art     : option[3]=exit
06-16 02:59:25.283  2933  2933 I art     : option[4]=vfprintf
06-16 02:59:25.283  2933  2933 I art     : option[5]=sensitiveThread
06-16 02:59:25.283  2933  2933 I art     : option[6]=-verbose:gc
06-16 02:59:25.283  2933  2933 I art     : option[7]=-Xms8m
06-16 02:59:25.283  2933  2933 I art     : option[8]=-Xmx512m
06-16 02:59:25.283  2933  2933 I art     : option[9]=-XX:HeapGrowthLimit=256m
06-16 02:59:25.283  2933  2933 I art     : option[10]=-XX:HeapMinFree=2m
06-16 02:59:25.283  2933  2933 I art     : option[11]=-XX:HeapMaxFree=8m
06-16 02:59:25.283  2933  2933 I art     : option[12]=-XX:HeapTargetUtilization=0.75
06-16 02:59:25.283  2933  2933 I art     : option[13]=-Xusejit:true
06-16 02:59:25.283  2933  2933 I art     : option[14]=-agentlib:jdwp=transport=dt_android_adb,suspend=n,server=y
06-16 02:59:25.283  2933  2933 I art     : option[15]=-Xlockprofthreshold:500
06-16 02:59:25.283  2933  2933 I art     : option[16]=-Ximage-compiler-option
06-16 02:59:25.283  2933  2933 I art     : option[17]=--runtime-arg
06-16 02:59:25.283  2933  2933 I art     : option[18]=-Ximage-compiler-option
06-16 02:59:25.283  2933  2933 I art     : option[19]=-Xms64m
06-16 02:59:25.283  2933  2933 I art     : option[20]=-Ximage-compiler-option
06-16 02:59:25.283  2933  2933 I art     : option[21]=--runtime-arg
06-16 02:59:25.283  2933  2933 I art     : option[22]=-Ximage-compiler-option
06-16 02:59:25.283  2933  2933 I art     : option[23]=-Xmx64m
06-16 02:59:25.283  2933  2933 I art     : option[24]=-Ximage-compiler-option
06-16 02:59:25.283  2933  2933 I art     : option[25]=--compiler-filter=verify-at-runtime
06-16 02:59:25.283  2933  2933 I art     : option[26]=-Ximage-compiler-option
06-16 02:59:25.283  2933  2933 I art     : option[27]=--image-classes=/system/etc/preloaded-classes
06-16 02:59:25.283  2933  2933 I art     : option[28]=-Xcompiler-option
06-16 02:59:25.283  2933  2933 I art     : option[29]=--runtime-arg
06-16 02:59:25.283  2933  2933 I art     : option[30]=-Xcompiler-option
06-16 02:59:25.283  2933  2933 I art     : option[31]=-Xms64m
06-16 02:59:25.283  2933  2933 I art     : option[32]=-Xcompiler-option
06-16 02:59:25.283  2933  2933 I art     : option[33]=--runtime-arg
06-16 02:59:25.283  2933  2933 I art     : option[34]=-Xcompiler-option
06-16 02:59:25.283  2933  2933 I art     : option[35]=-Xmx512m
06-16 02:59:25.283  2933  2933 I art     : option[36]=-Xcompiler-option
06-16 02:59:25.283  2933  2933 I art     : option[37]=--compiler-filter=verify-at-runtime
06-16 02:59:25.283  2933  2933 I art     : option[38]=-Ximage-compiler-option
06-16 02:59:25.283  2933  2933 I art     : option[39]=--instruction-set-variant=generic
06-16 02:59:25.283  2933  2933 I art     : option[40]=-Xcompiler-option
06-16 02:59:25.283  2933  2933 I art     : option[41]=--instruction-set-variant=generic
06-16 02:59:25.283  2933  2933 I art     : option[42]=-Ximage-compiler-option
06-16 02:59:25.283  2933  2933 I art     : option[43]=--instruction-set-features=default
06-16 02:59:25.283  2933  2933 I art     : option[44]=-Xcompiler-option
06-16 02:59:25.283  2933  2933 I art     : option[45]=--instruction-set-features=default
06-16 02:59:25.283  2933  2933 I art     : option[46]=-Duser.locale=en-US
06-16 02:59:25.283  2933  2933 I art     : option[47]=--cpu-abilist=arm64-v8a,armeabi
06-16 02:59:25.283  2933  2933 I art     : option[48]=-Xfingerprint:samsung/cm_hero2ltexx/hero2ltexx:6.0.1/MOB30J/22c4074f0e:eng/test-keys
06-16 02:59:25.302  2933  2933 I art     : Pruning dalvik-cache since we are generating an image and will need to recompile
06-16 02:59:25.302  2933  2933 I art     : Using an offset of 0x72e000 from default art base address of 0x70000000
06-16 02:59:25.302  2933  2933 I art     : GenerateImage: /system/bin/dex2oat --image=/data/dalvik-cache/arm64/system@framework@boot.art --dex-file=/system/framework/core-libart.jar --dex-file=/system/framework/conscrypt.jar --dex-file=/system/framework/okhttp.jar --dex-file=/system/framework/core-junit.jar --dex-file=/system/framework/bouncycastle.jar --dex-file=/system/framework/ext.jar --dex-file=/system/framework/framework.jar --dex-file=/system/framework/telephony-common.jar --dex-file=/system/framework/voip-common.jar --dex-file=/system/framework/ims-common.jar --dex-file=/system/framework/apache-xml.jar --dex-file=/system/framework/org.apache.http.legacy.boot.jar --oat-file=/data/dalvik-cache/arm64/system@framework@boot.oat --instruction-set=arm64 --instruction-set-features=smp,a53 --base=0x7072e000 --runtime-arg -Xms64m --runtime-arg -Xmx64m --compiler-filter=verify-at-runtime --image-classes=/system/etc/preloaded-classes --instruction-set-variant=generic --instruction-set-features=default
06-16 02:59:25.306  3095  3127 D BootAnimation: Use save memory method, maybe small fps in actual.
06-16 02:59:25.339  3189  3189 I dex2oat : /system/bin/dex2oat --image=/data/dalvik-cache/arm64/system@framework@boot.art --dex-file=/system/framework/core-libart.jar --dex-file=/system/framework/conscrypt.jar --dex-file=/system/framework/okhttp.jar --dex-file=/system/framework/core-junit.jar --dex-file=/system/framework/bouncycastle.jar --dex-file=/system/framework/ext.jar --dex-file=/system/framework/framework.jar --dex-file=/system/framework/telephony-common.jar --dex-file=/system/framework/voip-common.jar --dex-file=/system/framework/ims-common.jar --dex-file=/system/framework/apache-xml.jar --dex-file=/system/framework/org.apache.http.legacy.boot.jar --oat-file=/data/dalvik-cache/arm64/system@framework@boot.oat --instruction-set=arm64 --instruction-set-features=smp,a53 --base=0x7072e000 --runtime-arg -Xms64m --runtime-arg -Xmx64m --compiler-filter=verify-at-runtime --image-classes=/system/etc/preloaded-classes --instruction-set-variant=generic --instruction-set-features=default
06-16 02:59:25.346  3189  3189 I dex2oat : setting boot class path to /system/framework/core-libart.jar:/system/framework/conscrypt.jar:/system/framework/okhttp.jar:/system/framework/core-junit.jar:/system/framework/bouncycastle.jar:/system/framework/ext.jar:/system/framework/framework.jar:/system/framework/telephony-common.jar:/system/framework/voip-common.jar:/system/framework/ims-common.jar:/system/framework/apache-xml.jar:/system/framework/org.apache.http.legacy.boot.jar
06-16 02:59:25.438  2921  2921 D SurfaceFlinger: SF. shader cache generated - 26 shaders in 213.715591 ms
06-16 02:59:25.445  2921  2921 W display : release fence dup failed: Bad file descriptor
06-16 02:59:25.459  2921  2921 W display : release fence dup failed: Bad file descriptor
06-16 02:59:25.476  2921  2921 W display : release fence dup failed: Bad file descriptor
06-16 02:59:25.492  2921  2921 W display : release fence dup failed: Bad file descriptor
06-16 02:59:25.509  2921  2921 W display : release fence dup failed: Bad file descriptor
06-16 02:59:25.526  2921  2921 W display : release fence dup failed: Bad file descriptor
06-16 02:59:25.543  2921  2921 W display : release fence dup failed: Bad file descriptor
06-16 02:59:25.577  2921  2921 W display : release fence dup failed: Bad file descriptor
06-16 02:59:25.611  2921  2921 W display : release fence dup failed: Bad file descriptor
06-16 02:59:25.642  2929  2929 E audio_route: Failed to open /system/etc/mixer_paths.xml
06-16 02:59:25.645  2921  2921 W display : release fence dup failed: Bad file descriptor
06-16 02:59:25.648  2929  2929 I AudioFlinger: loadHwModule() Loaded primary audio interface from Samsung audio HW HAL (audio) handle 1
06-16 02:59:25.648  2929  2929 I AudioFlinger: openOutput(), module 1 Device 2, SamplingRate 44100, Format 0x000001, Channels 3, flags 2
06-16 02:59:25.648  2929  2929 I AudioFlinger: AudioStreamOut::open(), mHalFormatIsLinearPcm = 1
06-16 02:59:25.648  2929  2929 I AudioFlinger: HAL output buffer size 256 frames, normal sink buffer size 960 frames
06-16 02:59:25.654  2929  2929 I BufferProvider: found effect "Multichannel Downmix To Stereo" from The Android Open Source Project
06-16 02:59:25.654  2929  2929 E MonoPipe: Failed to fetch local time frequency when constructing a MonoPipe (res = -32).  getNextWriteTimestamp calls will be non-functional
06-16 02:59:25.655  2929  2929 I AudioFlinger: Using module 1 has the primary audio interface
06-16 02:59:25.655  2929  3280 I AudioFlinger: AudioFlinger's thread 0xf45c0000 ready to run
06-16 02:59:25.655  2929  3280 V audio_hw_primary: do_out_standby: output standby: 1
06-16 02:59:25.655  2929  3280 V audio_hw_primary: out_set_parameters: key value pairs: routing=2
06-16 02:59:25.655  2929  3280 E AudioFlinger: no wake lock to update!
06-16 02:59:25.656  2929  2929 V audio_hw_primary: adev_open_input_stream: Created resampler converting 48000 -> 16000
06-16 02:59:25.656  2929  2929 V audio_hw_primary: adev_open_input_stream: Requesting input stream with rate: 16000, channels: 0xc
06-16 02:59:25.656  2929  3282 I AudioFlinger: AudioFlinger's thread 0xf4200000 ready to run
06-16 02:59:25.657  2929  2929 I r_submix: adev_open(name=audio_hw_if)
06-16 02:59:25.657  2929  2929 I r_submix: adev_init_check()
06-16 02:59:25.657  2929  2929 I AudioFlinger: loadHwModule() Loaded r_submix audio interface from Wifi Display audio HAL (audio) handle 4
06-16 02:59:25.657  2929  2929 D r_submix: adev_open_input_stream(addr=0)
06-16 02:59:25.657  2929  2929 D r_submix: submix_audio_device_create_pipe_l(addr=0, idx=9)
06-16 02:59:25.657  2929  2929 D r_submix:   now using address 0 for route 9
06-16 02:59:25.657  2929  3283 I AudioFlinger: AudioFlinger's thread 0xf4200000 ready to run
06-16 02:59:25.657  2929  2929 D r_submix: adev_close_input_stream()
06-16 02:59:25.657  2929  2929 D r_submix: submix_audio_device_release_pipe_l(idx=9) addr=0
06-16 02:59:25.657  2929  2929 D r_submix: submix_audio_device_destroy_pipe_l(): pipe destroyed
06-16 02:59:25.658  2929  2929 E SoundTriggerHwService: couldn't load sound trigger module sound_trigger.primary (No such file or directory)
06-16 02:59:25.658  2929  2929 I RadioService: RadioService
06-16 02:59:25.658  2929  2929 I RadioService: onFirstRef
06-16 02:59:25.658  2929  2929 E RadioService: couldn't load radio module radio.primary (No such file or directory)
06-16 02:59:25.678  2921  2921 W display : release fence dup failed: Bad file descriptor
06-16 02:59:25.712  2921  2921 W display : release fence dup failed: Bad file descriptor
06-16 02:59:25.746  2921  2921 W display : release fence dup failed: Bad file descriptor
06-16 02:59:25.750  2924  2924 V NatController: runCmd(/system/bin/iptables -w -F natctrl_FORWARD) res=0
06-16 02:59:25.754  2924  2924 V NatController: runCmd(/system/bin/iptables -w -A natctrl_FORWARD -j DROP) res=0
06-16 02:59:25.758  2924  2924 V NatController: runCmd(/system/bin/iptables -w -t nat -F natctrl_nat_POSTROUTING) res=0
06-16 02:59:25.762  2924  2924 V NatController: runCmd(/system/bin/iptables -w -F natctrl_tether_counters) res=1
06-16 02:59:25.766  2924  2924 V NatController: runCmd(/system/bin/iptables -w -X natctrl_tether_counters) res=1
06-16 02:59:25.770  2924  2924 V NatController: runCmd(/system/bin/iptables -w -N natctrl_tether_counters) res=0
06-16 02:59:25.774  2924  2924 V NatController: runCmd(/system/bin/iptables -w -t mangle -A natctrl_mangle_FORWARD -p tcp --tcp-flags SYN SYN -j TCPMSS --clamp-mss-to-pmtu) res=0
06-16 02:59:25.780  2921  2921 W display : release fence dup failed: Bad file descriptor
06-16 02:59:25.814  2921  2921 W display : release fence dup failed: Bad file descriptor
06-16 02:59:25.848  2921  2921 W display : release fence dup failed: Bad file descriptor
06-16 02:59:25.882  2921  2921 W display : release fence dup failed: Bad file descriptor
06-16 02:59:25.916  2921  2921 W display : release fence dup failed: Bad file descriptor
06-16 02:59:25.950  2921  2921 W display : release fence dup failed: Bad file descriptor
06-16 02:59:25.984  2921  2921 W display : release fence dup failed: Bad file descriptor
06-16 02:59:26.017  2921  2921 W display : release fence dup failed: Bad file descriptor
06-16 02:59:26.051  2921  2921 W display : release fence dup failed: Bad file descriptor
06-16 02:59:26.085  2921  2921 W display : release fence dup failed: Bad file descriptor
06-16 02:59:26.119  2921  2921 W display : release fence dup failed: Bad file descriptor
06-16 02:59:26.153  2921  2921 W display : release fence dup failed: Bad file descriptor
06-16 02:59:26.187  2921  2921 W display : release fence dup failed: Bad file descriptor
06-16 02:59:26.221  2921  2921 W display : release fence dup failed: Bad file descriptor
06-16 02:59:26.234  2924  2924 E Netd    : cannot find interface dummy0
06-16 02:59:26.235  2924  2924 D MDnsDS  : MDnsSdListener::Hander starting up
06-16 02:59:26.235  2924  3376 D MDnsDS  : MDnsSdListener starting to monitor
06-16 02:59:26.235  2924  3376 D MDnsDS  : Going to poll with pollCount 1
06-16 02:59:26.255  2921  2921 W display : release fence dup failed: Bad file descriptor
06-16 02:59:26.289  2921  2921 W display : release fence dup failed: Bad file descriptor
06-16 02:59:26.322  2921  2921 W display : release fence dup failed: Bad file descriptor
06-16 02:59:26.356  2921  2921 W display : release fence dup failed: Bad file descriptor
06-16 02:59:26.373  2921  2921 W display : release fence dup failed: Bad file descriptor
06-16 02:59:26.424  2921  2921 W display : release fence dup failed: Bad file descriptor
06-16 02:59:26.441  2921  2921 W display : release fence dup failed: Bad file descriptor
06-16 02:59:26.475  2921  2921 W display : release fence dup failed: Bad file descriptor
06-16 02:59:26.509  2921  2921 W display : release fence dup failed: Bad file descriptor
06-16 02:59:26.543  2921  2921 W display : release fence dup failed: Bad file descriptor
06-16 02:59:26.577  2921  2921 W display : release fence dup failed: Bad file descriptor
06-16 02:59:26.611  2921  2921 W display : release fence dup failed: Bad file descriptor
06-16 02:59:26.645  2921  2921 W display : release fence dup failed: Bad file descriptor
06-16 02:59:26.678  2921  2921 W display : release fence dup failed: Bad file descriptor
06-16 02:59:26.712  2921  2921 W display : release fence dup failed: Bad file descriptor
06-16 02:59:26.746  2921  2921 W display : release fence dup failed: Bad file descriptor
06-16 02:59:26.780  2921  2921 W display : release fence dup failed: Bad file descriptor
06-16 02:59:26.798  3189  3383 W dex2oat : Skipping class com.quicinc.tcmiface.DpmTcmIface from /system/framework/org.apache.http.legacy.boot.jar previously found in /system/framework/okhttp.jar
06-16 02:59:26.814  2921  2921 W display : release fence dup failed: Bad file descriptor
06-16 02:59:26.848  2921  2921 W display : release fence dup failed: Bad file descriptor
06-16 02:59:26.882  2921  2921 W display : release fence dup failed: Bad file descriptor
06-16 02:59:26.916  2921  2921 W display : release fence dup failed: Bad file descriptor
06-16 02:59:26.950  2921  2921 W display : release fence dup failed: Bad file descriptor
06-16 02:59:26.984  2921  2921 W display : release fence dup failed: Bad file descriptor
06-16 02:59:27.017  2921  2921 W display : release fence dup failed: Bad file descriptor
06-16 02:59:27.051  2921  2921 W display : release fence dup failed: Bad file descriptor
06-16 02:59:27.085  2921  2921 W display : release fence dup failed: Bad file descriptor
06-16 02:59:27.119  2921  2921 W display : release fence dup failed: Bad file descriptor
06-16 02:59:27.128  3189  3189 I dex2oat : Explicit concurrent mark sweep GC freed 58618(21MB) AllocSpace objects, 0(0B) LOS objects, 34% free, 7MB/11MB, paused 81us total 10.229ms
06-16 02:59:27.153  2921  2921 W display : release fence dup failed: Bad file descriptor
06-16 02:59:27.187  2921  2921 W display : release fence dup failed: Bad file descriptor
06-16 02:59:27.221  2921  2921 W display : release fence dup failed: Bad file descriptor
06-16 02:59:27.255  2921  2921 W display : release fence dup failed: Bad file descriptor
06-16 02:59:27.289  2921  2921 W display : release fence dup failed: Bad file descriptor
06-16 02:59:27.323  2921  2921 W display : release fence dup failed: Bad file descriptor
06-16 02:59:27.356  2921  2921 W display : release fence dup failed: Bad file descriptor
06-16 02:59:27.368  3095  3127 D BootAnimation: Use save memory method, maybe small fps in actual.
06-16 02:59:27.390  2921  2921 W display : release fence dup failed: Bad file descriptor
06-16 02:59:27.424  2921  2921 W display : release fence dup failed: Bad file descriptor
06-16 02:59:27.458  2921  2921 W display : release fence dup failed: Bad file descriptor
06-16 02:59:27.492  2921  2921 W display : release fence dup failed: Bad file descriptor
06-16 02:59:27.526  2921  2921 W display : release fence dup failed: Bad file descriptor
06-16 02:59:27.560  2921  2921 W display : release fence dup failed: Bad file descriptor
06-16 02:59:27.594  2921  2921 W display : release fence dup failed: Bad file descriptor
06-16 02:59:27.626  3189  3189 I dex2oat : dex2oat took 2.288s (threads: 8) arena alloc=720B java alloc=7MB native alloc=10MB free=10MB
06-16 02:59:27.628  2921  2921 W display : release fence dup failed: Bad file descriptor
06-16 02:59:27.659  2933  2933 D ICU     : No timezone override file found: /data/misc/zoneinfo/current/icu/icu_tzdata.dat
06-16 02:59:27.662  2921  2921 W display : release fence dup failed: Bad file descriptor
06-16 02:59:27.695  2921  2921 W display : release fence dup failed: Bad file descriptor
06-16 02:59:27.729  2921  2921 W display : release fence dup failed: Bad file descriptor
06-16 02:59:27.763  2921  2921 W display : release fence dup failed: Bad file descriptor
06-16 02:59:27.780  2921  2921 W display : release fence dup failed: Bad file descriptor
06-16 02:59:27.794  2933  2933 I Radio-JNI: register_android_hardware_Radio DONE
06-16 02:59:27.814  2921  2921 W display : release fence dup failed: Bad file descriptor
06-16 02:59:27.835  2933  2933 I SamplingProfilerIntegration: Profiling disabled.
06-16 02:59:27.835  2933  2933 D Zygote  : begin preload
06-16 02:59:27.837  2933  2933 I Zygote  : Preloading classes...
06-16 02:59:27.848  2921  2921 W display : release fence dup failed: Bad file descriptor
06-16 02:59:27.882  2921  2921 W display : release fence dup failed: Bad file descriptor
06-16 02:59:27.916  2921  2921 W display : release fence dup failed: Bad file descriptor
06-16 02:59:27.950  2921  2921 W display : release fence dup failed: Bad file descriptor
06-16 02:59:27.983  2921  2921 W display : release fence dup failed: Bad file descriptor
06-16 02:59:28.017  2921  2921 W display : release fence dup failed: Bad file descriptor
06-16 02:59:28.051  2921  2921 W display : release fence dup failed: Bad file descriptor
06-16 02:59:28.085  2921  2921 W display : release fence dup failed: Bad file descriptor
06-16 02:59:28.119  2921  2921 W display : release fence dup failed: Bad file descriptor
06-16 02:59:28.153  2921  2921 W display : release fence dup failed: Bad file descriptor
06-16 02:59:28.187  2921  2921 W display : release fence dup failed: Bad file descriptor
06-16 02:59:28.221  2921  2921 W display : release fence dup failed: Bad file descriptor
06-16 02:59:28.254  2933  2933 E Minikin : addFont failed to create font /system/fonts/NanumGothic.ttf
06-16 02:59:28.254  2933  2933 E Minikin : addFont failed to create font /system/fonts/DroidSansFallback.ttf
06-16 02:59:28.254  2933  2933 E Minikin : addFont failed to create font /system/fonts/MTLmr3m.ttf
06-16 02:59:28.255  2921  2921 W display : release fence dup failed: Bad file descriptor
06-16 02:59:28.289  2921  2921 W display : release fence dup failed: Bad file descriptor
06-16 02:59:28.323  2921  2921 W display : release fence dup failed: Bad file descriptor
06-16 02:59:28.350  2933  2933 V DngCreator_JNI: DngCreator_nativeClassInit:
06-16 02:59:28.356  2921  2921 W display : release fence dup failed: Bad file descriptor
06-16 02:59:28.390  2921  2921 W display : release fence dup failed: Bad file descriptor
06-16 02:59:28.424  2921  2921 W display : release fence dup failed: Bad file descriptor
06-16 02:59:28.458  2921  2921 W display : release fence dup failed: Bad file descriptor
06-16 02:59:28.492  2921  2921 W display : release fence dup failed: Bad file descriptor
06-16 02:59:28.526  2921  2921 W display : release fence dup failed: Bad file descriptor
06-16 02:59:28.560  2921  2921 W display : release fence dup failed: Bad file descriptor
06-16 02:59:28.594  2921  2921 W display : release fence dup failed: Bad file descriptor
06-16 02:59:28.628  2921  2921 W display : release fence dup failed: Bad file descriptor
06-16 02:59:28.662  2921  2921 W display : release fence dup failed: Bad file descriptor
06-16 02:59:28.695  2921  2921 W display : release fence dup failed: Bad file descriptor
06-16 02:59:28.729  2921  2921 W display : release fence dup failed: Bad file descriptor
06-16 02:59:28.763  2921  2921 W display : release fence dup failed: Bad file descriptor
06-16 02:59:28.797  2921  2921 W display : release fence dup failed: Bad file descriptor
06-16 02:59:28.831  2921  2921 W display : release fence dup failed: Bad file descriptor
06-16 02:59:28.865  2921  2921 W display : release fence dup failed: Bad file descriptor
06-16 02:59:28.899  2921  2921 W display : release fence dup failed: Bad file descriptor
06-16 02:59:28.933  2921  2921 W display : release fence dup failed: Bad file descriptor
06-16 02:59:28.967  2921  2921 W display : release fence dup failed: Bad file descriptor
06-16 02:59:28.986  2933  2933 I art     : Thread[1,tid=2933,Native,Thread*=0x7faf2fba00,peer=0x12c532e0,"main"] recursive attempt to load library "/system/lib64/libmedia_jni.so"
06-16 02:59:28.987  2933  2933 D MtpDeviceJNI: register_android_mtp_MtpDevice
06-16 02:59:28.987  2933  2933 I art     : Thread[1,tid=2933,Native,Thread*=0x7faf2fba00,peer=0x12c532e0,"main"] recursive attempt to load library "/system/lib64/libmedia_jni.so"
06-16 02:59:28.987  2933  2933 I art     : Thread[1,tid=2933,Native,Thread*=0x7faf2fba00,peer=0x12c532e0,"main"] recursive attempt to load library "/system/lib64/libmedia_jni.so"
06-16 02:59:29.000  2921  2921 W display : release fence dup failed: Bad file descriptor
06-16 02:59:29.034  2921  2921 W display : release fence dup failed: Bad file descriptor
06-16 02:59:29.068  2921  2921 W display : release fence dup failed: Bad file descriptor
06-16 02:59:29.085  2921  2921 W display : release fence dup failed: Bad file descriptor
06-16 02:59:29.119  2921  2921 W display : release fence dup failed: Bad file descriptor
06-16 02:59:29.153  2921  2921 W display : release fence dup failed: Bad file descriptor
06-16 02:59:29.187  2921  2921 W display : release fence dup failed: Bad file descriptor
06-16 02:59:29.221  2921  2921 W display : release fence dup failed: Bad file descriptor
06-16 02:59:29.255  2921  2921 W display : release fence dup failed: Bad file descriptor
06-16 02:59:29.289  2921  2921 W display : release fence dup failed: Bad file descriptor
06-16 02:59:29.322  2921  2921 W display : release fence dup failed: Bad file descriptor
06-16 02:59:29.356  2921  2921 W display : release fence dup failed: Bad file descriptor
06-16 02:59:29.390  2921  2921 W display : release fence dup failed: Bad file descriptor
06-16 02:59:29.424  2921  2921 W display : release fence dup failed: Bad file descriptor
06-16 02:59:29.458  2921  2921 W display : release fence dup failed: Bad file descriptor
06-16 02:59:29.492  2921  2921 W display : release fence dup failed: Bad file descriptor
06-16 02:59:29.504  2933  2933 W System  : ClassLoader referenced unknown path: /system/framework/tcmclient.jar
06-16 02:59:29.526  2921  2921 W display : release fence dup failed: Bad file descriptor
06-16 02:59:29.560  2921  2921 W display : release fence dup failed: Bad file descriptor
06-16 02:59:29.594  2921  2921 W display : release fence dup failed: Bad file descriptor
06-16 02:59:29.628  2921  2921 W display : release fence dup failed: Bad file descriptor
06-16 02:59:29.662  2921  2921 W display : release fence dup failed: Bad file descriptor
06-16 02:59:29.695  2921  2921 W display : release fence dup failed: Bad file descriptor
06-16 02:59:29.729  2921  2921 W display : release fence dup failed: Bad file descriptor
06-16 02:59:29.763  2921  2921 W display : release fence dup failed: Bad file descriptor
06-16 02:59:29.797  2921  2921 W display : release fence dup failed: Bad file descriptor
06-16 02:59:29.831  2921  2921 W display : release fence dup failed: Bad file descriptor
06-16 02:59:29.840  2933  2933 I System  : Loaded time zone names for "" in 25ms (22ms in ICU)
06-16 02:59:29.865  2921  2921 W display : release fence dup failed: Bad file descriptor
06-16 02:59:29.873  2933  2933 I System  : Loaded time zone names for "en_US" in 33ms (12ms in ICU)
06-16 02:59:29.899  2921  2921 W display : release fence dup failed: Bad file descriptor
06-16 02:59:29.933  2921  2921 W display : release fence dup failed: Bad file descriptor
06-16 02:59:29.967  2921  2921 W display : release fence dup failed: Bad file descriptor
06-16 02:59:30.001  2921  2921 W display : release fence dup failed: Bad file descriptor
06-16 02:59:30.034  2921  2921 W display : release fence dup failed: Bad file descriptor
06-16 02:59:30.041  2933  2933 I Zygote  : ...preloaded 3831 classes in 2205ms.
06-16 02:59:30.041  2933  2933 I art     : VMRuntime.preloadDexCaches starting
06-16 02:59:30.068  2921  2921 W display : release fence dup failed: Bad file descriptor
06-16 02:59:30.074  2933  2933 I art     : VMRuntime.preloadDexCaches strings total=248922 before=10083 after=10083
06-16 02:59:30.074  2933  2933 I art     : VMRuntime.preloadDexCaches types total=20329 before=8245 after=9836
06-16 02:59:30.074  2933  2933 I art     : VMRuntime.preloadDexCaches fields total=100355 before=35760 after=47725
06-16 02:59:30.074  2933  2933 I art     : VMRuntime.preloadDexCaches methods total=172751 before=67604 after=83308
06-16 02:59:30.074  2933  2933 I art     : VMRuntime.preloadDexCaches finished
06-16 02:59:30.090  3391  3391 D idmap   : error: no read access to /vendor/overlay: No such file or directory
06-16 02:59:30.102  2921  2921 W display : release fence dup failed: Bad file descriptor
06-16 02:59:30.111  2933  2933 I Zygote  : Preloading resources...
06-16 02:59:30.136  2921  2921 W display : release fence dup failed: Bad file descriptor
06-16 02:59:30.170  2921  2921 W display : release fence dup failed: Bad file descriptor
06-16 02:59:30.204  2921  2921 W display : release fence dup failed: Bad file descriptor
06-16 02:59:30.238  2921  2921 W display : release fence dup failed: Bad file descriptor
06-16 02:59:30.272  2921  2921 W display : release fence dup failed: Bad file descriptor
06-16 02:59:30.306  2921  2921 W display : release fence dup failed: Bad file descriptor
06-16 02:59:30.340  2921  2921 W display : release fence dup failed: Bad file descriptor
06-16 02:59:30.373  2921  2921 W display : release fence dup failed: Bad file descriptor
06-16 02:59:30.407  2921  2921 W display : release fence dup failed: Bad file descriptor
06-16 02:59:30.441  2921  2921 W display : release fence dup failed: Bad file descriptor
06-16 02:59:30.458  2921  2921 W display : release fence dup failed: Bad file descriptor
06-16 02:59:30.492  2921  2921 W display : release fence dup failed: Bad file descriptor
06-16 02:59:30.520  2933  2933 I Zygote  : ...preloaded 342 resources in 409ms.
06-16 02:59:30.526  2921  2921 W display : release fence dup failed: Bad file descriptor
06-16 02:59:30.529  2933  2933 I Zygote  : ...preloaded 41 resources in 10ms.
06-16 02:59:30.536  2933  2933 D libEGL  : loaded /vendor/lib64/egl/libGLES_mali.so
06-16 02:59:30.543  2933  2933 I Zygote  : Preloading shared libraries...
06-16 02:59:30.555  2933  2933 D Zygote  : end preload
06-16 02:59:30.555  2933  2933 I art     : Starting a blocking GC Explicit
06-16 02:59:30.560  2921  2921 W display : release fence dup failed: Bad file descriptor
06-16 02:59:30.566  2933  2933 I art     : Explicit concurrent mark sweep GC freed 11415(460KB) AllocSpace objects, 0(0B) LOS objects, 35% free, 29MB/45MB, paused 51us total 10.743ms
06-16 02:59:30.578  2933  2933 I art     : Starting a blocking GC Explicit
06-16 02:59:30.586  2933  2933 I art     : Explicit concurrent mark sweep GC freed 2696(126KB) AllocSpace objects, 0(0B) LOS objects, 35% free, 28MB/44MB, paused 43us total 8.652ms
06-16 02:59:30.587  2933  3390 I art     : Starting a blocking GC HeapTrim
06-16 02:59:30.588  2933  2933 I art     : Starting a blocking GC Background
06-16 02:59:30.594  2921  2921 W display : release fence dup failed: Bad file descriptor
06-16 02:59:30.628  2921  2921 W display : release fence dup failed: Bad file descriptor
06-16 02:59:30.635  2933  2933 I Zygote  : System server process 3393 has been created
06-16 02:59:30.637  2933  2933 I Zygote  : Accepting command socket connections
06-16 02:59:30.640  3393  3393 W Zygote  : Got error connecting to zygote, retrying. msg= No such file or directory
06-16 02:59:30.662  2921  2921 W display : release fence dup failed: Bad file descriptor
06-16 02:59:30.695  2921  2921 W display : release fence dup failed: Bad file descriptor
06-16 02:59:30.729  2921  2921 W display : release fence dup failed: Bad file descriptor
06-16 02:59:30.763  2921  2921 W display : release fence dup failed: Bad file descriptor
06-16 02:59:30.797  2921  2921 W display : release fence dup failed: Bad file descriptor
06-16 02:59:30.831  2921  2921 W display : release fence dup failed: Bad file descriptor
06-16 02:59:30.865  2921  2921 W display : release fence dup failed: Bad file descriptor
06-16 02:59:30.899  2921  2921 W display : release fence dup failed: Bad file descriptor
06-16 02:59:30.933  2921  2921 W display : release fence dup failed: Bad file descriptor
06-16 02:59:30.967  2921  2921 W display : release fence dup failed: Bad file descriptor
06-16 02:59:31.001  2921  2921 W display : release fence dup failed: Bad file descriptor
06-16 02:59:31.034  2921  2921 W display : release fence dup failed: Bad file descriptor
06-16 02:59:31.068  2921  2921 W display : release fence dup failed: Bad file descriptor
06-16 02:59:31.102  2921  2921 W display : release fence dup failed: Bad file descriptor
06-16 02:59:31.136  2921  2921 W display : release fence dup failed: Bad file descriptor
06-16 02:59:31.170  2921  2921 W display : release fence dup failed: Bad file descriptor
06-16 02:59:31.204  2921  2921 W display : release fence dup failed: Bad file descriptor
06-16 02:59:31.238  2921  2921 W display : release fence dup failed: Bad file descriptor
06-16 02:59:31.272  2921  2921 W display : release fence dup failed: Bad file descriptor
06-16 02:59:31.306  2921  2921 W display : release fence dup failed: Bad file descriptor
06-16 02:59:31.340  2921  2921 W display : release fence dup failed: Bad file descriptor
06-16 02:59:31.374  2921  2921 W display : release fence dup failed: Bad file descriptor
06-16 02:59:31.407  2921  2921 W display : release fence dup failed: Bad file descriptor
06-16 02:59:31.441  2921  2921 W display : release fence dup failed: Bad file descriptor
06-16 02:59:31.475  2921  2921 W display : release fence dup failed: Bad file descriptor
06-16 02:59:31.509  2921  2921 W display : release fence dup failed: Bad file descriptor
06-16 02:59:31.543  2921  2921 W display : release fence dup failed: Bad file descriptor
06-16 02:59:31.577  2921  2921 W display : release fence dup failed: Bad file descriptor
06-16 02:59:31.611  2921  2921 W display : release fence dup failed: Bad file descriptor
06-16 02:59:31.641  3393  3393 W Zygote  : Got error connecting to zygote, retrying. msg= No such file or directory
06-16 02:59:31.645  2921  2921 W display : release fence dup failed: Bad file descriptor
06-16 02:59:31.679  2921  2921 W display : release fence dup failed: Bad file descriptor
06-16 02:59:31.712  2921  2921 W display : release fence dup failed: Bad file descriptor
06-16 02:59:31.746  2921  2921 W display : release fence dup failed: Bad file descriptor
06-16 02:59:31.780  2921  2921 W display : release fence dup failed: Bad file descriptor
06-16 02:59:31.814  2921  2921 W display : release fence dup failed: Bad file descriptor
06-16 02:59:31.848  2921  2921 W display : release fence dup failed: Bad file descriptor
06-16 02:59:31.865  2921  2921 W display : release fence dup failed: Bad file descriptor
06-16 02:59:31.899  2921  2921 W display : release fence dup failed: Bad file descriptor
06-16 02:59:31.933  2921  2921 W display : release fence dup failed: Bad file descriptor
06-16 02:59:31.967  2921  2921 W display : release fence dup failed: Bad file descriptor
06-16 02:59:32.000  2921  2921 W display : release fence dup failed: Bad file descriptor
06-16 02:59:32.034  2921  2921 W display : release fence dup failed: Bad file descriptor
06-16 02:59:32.068  2921  2921 W display : release fence dup failed: Bad file descriptor
06-16 02:59:32.102  2921  2921 W display : release fence dup failed: Bad file descriptor
06-16 02:59:32.136  2921  2921 W display : release fence dup failed: Bad file descriptor
06-16 02:59:32.170  2921  2921 W display : release fence dup failed: Bad file descriptor
06-16 02:59:32.204  2921  2921 W display : release fence dup failed: Bad file descriptor
06-16 02:59:32.238  2921  2921 W display : release fence dup failed: Bad file descriptor
06-16 02:59:32.272  2921  2921 W display : release fence dup failed: Bad file descriptor
06-16 02:59:32.306  2921  2921 W display : release fence dup failed: Bad file descriptor
06-16 02:59:32.340  2921  2921 W display : release fence dup failed: Bad file descriptor
06-16 02:59:32.373  2921  2921 W display : release fence dup failed: Bad file descriptor
06-16 02:59:32.407  2921  2921 W display : release fence dup failed: Bad file descriptor
06-16 02:59:32.441  2921  2921 W display : release fence dup failed: Bad file descriptor
