07-01 08:44:06.790  4094  4094 E display : VPP should be assigned to FramebufferTarget but it was failed ret(0)
07-01 08:44:06.792  4094  4094 E display : [PrimaryDisplay] framebuffer target expected, but not provided
07-01 08:44:06.824  4094  4094 E display : VPP should be assigned to FramebufferTarget but it was failed ret(0)
07-01 08:44:06.826  4094  4094 E display : [PrimaryDisplay] framebuffer target expected, but not provided
07-01 08:44:06.858  4094  4094 E display : VPP should be assigned to FramebufferTarget but it was failed ret(0)
07-01 08:44:06.860  4094  4094 E display : [PrimaryDisplay] framebuffer target expected, but not provided
07-01 08:44:06.892  4094  4094 E display : VPP should be assigned to FramebufferTarget but it was failed ret(0)
07-01 08:44:06.894  4094  4094 E display : [PrimaryDisplay] framebuffer target expected, but not provided
07-01 08:44:06.926  4094  4094 E display : VPP should be assigned to FramebufferTarget but it was failed ret(0)
07-01 08:44:06.928  4094  4094 E display : [PrimaryDisplay] framebuffer target expected, but not provided
07-01 08:44:06.959  4094  4094 E display : VPP should be assigned to FramebufferTarget but it was failed ret(0)
07-01 08:44:06.961  4094  4094 E display : [PrimaryDisplay] framebuffer target expected, but not provided
07-01 08:44:06.993  4094  4094 E display : VPP should be assigned to FramebufferTarget but it was failed ret(0)
07-01 08:44:06.996  4094  4094 E display : [PrimaryDisplay] framebuffer target expected, but not provided
07-01 08:44:07.000  4205  4419 W dex2oat : Skipping class com.quicinc.tcmiface.DpmTcmIface from /system/framework/org.apache.http.legacy.boot.jar previously found in /system/framework/okhttp.jar
07-01 08:44:07.027  4094  4094 E display : VPP should be assigned to FramebufferTarget but it was failed ret(0)
07-01 08:44:07.029  4094  4094 E display : [PrimaryDisplay] framebuffer target expected, but not provided
07-01 08:44:07.061  4094  4094 E display : VPP should be assigned to FramebufferTarget but it was failed ret(0)
07-01 08:44:07.063  4094  4094 E display : [PrimaryDisplay] framebuffer target expected, but not provided
07-01 08:44:07.095  4094  4094 E display : VPP should be assigned to FramebufferTarget but it was failed ret(0)
07-01 08:44:07.097  4094  4094 E display : [PrimaryDisplay] framebuffer target expected, but not provided
07-01 08:44:07.129  4094  4094 E display : VPP should be assigned to FramebufferTarget but it was failed ret(0)
07-01 08:44:07.131  4094  4094 E display : [PrimaryDisplay] framebuffer target expected, but not provided
07-01 08:44:07.163  4094  4094 E display : VPP should be assigned to FramebufferTarget but it was failed ret(0)
07-01 08:44:07.165  4094  4094 E display : [PrimaryDisplay] framebuffer target expected, but not provided
07-01 08:44:07.197  4094  4094 E display : VPP should be assigned to FramebufferTarget but it was failed ret(0)
07-01 08:44:07.199  4094  4094 E display : [PrimaryDisplay] framebuffer target expected, but not provided
07-01 08:44:07.231  4094  4094 E display : VPP should be assigned to FramebufferTarget but it was failed ret(0)
07-01 08:44:07.233  4094  4094 E display : [PrimaryDisplay] framebuffer target expected, but not provided
07-01 08:44:07.265  4094  4094 E display : VPP should be assigned to FramebufferTarget but it was failed ret(0)
07-01 08:44:07.267  4094  4094 E display : [PrimaryDisplay] framebuffer target expected, but not provided
07-01 08:44:07.299  4094  4094 E display : VPP should be assigned to FramebufferTarget but it was failed ret(0)
07-01 08:44:07.301  4094  4094 E display : [PrimaryDisplay] framebuffer target expected, but not provided
07-01 08:44:07.326  4205  4205 I dex2oat : Explicit concurrent mark sweep GC freed 58630(21MB) AllocSpace objects, 0(0B) LOS objects, 34% free, 7MB/11MB, paused 79us total 10.338ms
07-01 08:44:07.332  4094  4094 E display : VPP should be assigned to FramebufferTarget but it was failed ret(0)
07-01 08:44:07.335  4094  4094 E display : [PrimaryDisplay] framebuffer target expected, but not provided
07-01 08:44:07.366  4094  4094 E display : VPP should be assigned to FramebufferTarget but it was failed ret(0)
07-01 08:44:07.369  4094  4094 E display : [PrimaryDisplay] framebuffer target expected, but not provided
07-01 08:44:07.400  4094  4094 E display : VPP should be assigned to FramebufferTarget but it was failed ret(0)
07-01 08:44:07.402  4094  4094 E display : [PrimaryDisplay] framebuffer target expected, but not provided
07-01 08:44:07.434  4094  4094 E display : VPP should be assigned to FramebufferTarget but it was failed ret(0)
07-01 08:44:07.436  4094  4094 E display : [PrimaryDisplay] framebuffer target expected, but not provided
07-01 08:44:07.468  4094  4094 E display : VPP should be assigned to FramebufferTarget but it was failed ret(0)
07-01 08:44:07.470  4094  4094 E display : [PrimaryDisplay] framebuffer target expected, but not provided
07-01 08:44:07.502  4094  4094 E display : VPP should be assigned to FramebufferTarget but it was failed ret(0)
07-01 08:44:07.504  4094  4094 E display : [PrimaryDisplay] framebuffer target expected, but not provided
07-01 08:44:07.536  4094  4094 E display : VPP should be assigned to FramebufferTarget but it was failed ret(0)
07-01 08:44:07.538  4094  4094 E display : [PrimaryDisplay] framebuffer target expected, but not provided
07-01 08:44:07.570  4094  4094 E display : VPP should be assigned to FramebufferTarget but it was failed ret(0)
07-01 08:44:07.572  4094  4094 E display : [PrimaryDisplay] framebuffer target expected, but not provided
07-01 08:44:07.580  4133  4144 D BootAnimation: Use save memory method, maybe small fps in actual.
07-01 08:44:07.604  4094  4094 E display : VPP should be assigned to FramebufferTarget but it was failed ret(0)
07-01 08:44:07.606  4094  4094 E display : [PrimaryDisplay] framebuffer target expected, but not provided
07-01 08:44:07.638  4094  4094 E display : VPP should be assigned to FramebufferTarget but it was failed ret(0)
07-01 08:44:07.640  4094  4094 E display : [PrimaryDisplay] framebuffer target expected, but not provided
07-01 08:44:07.671  4094  4094 E display : VPP should be assigned to FramebufferTarget but it was failed ret(0)
07-01 08:44:07.674  4094  4094 E display : [PrimaryDisplay] framebuffer target expected, but not provided
07-01 08:44:07.705  4094  4094 E display : VPP should be assigned to FramebufferTarget but it was failed ret(0)
07-01 08:44:07.708  4094  4094 E display : [PrimaryDisplay] framebuffer target expected, but not provided
07-01 08:44:07.739  4094  4094 E display : VPP should be assigned to FramebufferTarget but it was failed ret(0)
07-01 08:44:07.741  4094  4094 E display : [PrimaryDisplay] framebuffer target expected, but not provided
07-01 08:44:07.773  4094  4094 E display : VPP should be assigned to FramebufferTarget but it was failed ret(0)
07-01 08:44:07.775  4094  4094 E display : [PrimaryDisplay] framebuffer target expected, but not provided
07-01 08:44:07.807  4094  4094 E display : VPP should be assigned to FramebufferTarget but it was failed ret(0)
07-01 08:44:07.809  4094  4094 E display : [PrimaryDisplay] framebuffer target expected, but not provided
07-01 08:44:07.815  4205  4205 I dex2oat : dex2oat took 2.261s (threads: 8) arena alloc=144B java alloc=7MB native alloc=10MB free=10MB
07-01 08:44:07.841  4094  4094 E display : VPP should be assigned to FramebufferTarget but it was failed ret(0)
07-01 08:44:07.841  4098  4098 D ICU     : No timezone override file found: /data/misc/zoneinfo/current/icu/icu_tzdata.dat
07-01 08:44:07.843  4094  4094 E display : [PrimaryDisplay] framebuffer target expected, but not provided
07-01 08:44:07.858  4094  4094 E display : VPP should be assigned to FramebufferTarget but it was failed ret(0)
07-01 08:44:07.860  4094  4094 E display : [PrimaryDisplay] framebuffer target expected, but not provided
07-01 08:44:07.892  4094  4094 E display : VPP should be assigned to FramebufferTarget but it was failed ret(0)
07-01 08:44:07.894  4094  4094 E display : [PrimaryDisplay] framebuffer target expected, but not provided
07-01 08:44:07.926  4094  4094 E display : VPP should be assigned to FramebufferTarget but it was failed ret(0)
07-01 08:44:07.928  4094  4094 E display : [PrimaryDisplay] framebuffer target expected, but not provided
07-01 08:44:07.959  4094  4094 E display : VPP should be assigned to FramebufferTarget but it was failed ret(0)
07-01 08:44:07.962  4094  4094 E display : [PrimaryDisplay] framebuffer target expected, but not provided
07-01 08:44:07.962  4098  4098 I Radio-JNI: register_android_hardware_Radio DONE
07-01 08:44:07.993  4094  4094 E display : VPP should be assigned to FramebufferTarget but it was failed ret(0)
07-01 08:44:07.996  4094  4094 E display : [PrimaryDisplay] framebuffer target expected, but not provided
07-01 08:44:08.003  4098  4098 I SamplingProfilerIntegration: Profiling disabled.
07-01 08:44:08.004  4098  4098 D Zygote  : begin preload
07-01 08:44:08.005  4098  4098 I Zygote  : Preloading classes...
07-01 08:44:08.027  4094  4094 E display : VPP should be assigned to FramebufferTarget but it was failed ret(0)
07-01 08:44:08.030  4094  4094 E display : [PrimaryDisplay] framebuffer target expected, but not provided
07-01 08:44:08.061  4094  4094 E display : VPP should be assigned to FramebufferTarget but it was failed ret(0)
07-01 08:44:08.063  4094  4094 E display : [PrimaryDisplay] framebuffer target expected, but not provided
07-01 08:44:08.095  4094  4094 E display : VPP should be assigned to FramebufferTarget but it was failed ret(0)
07-01 08:44:08.097  4094  4094 E display : [PrimaryDisplay] framebuffer target expected, but not provided
07-01 08:44:08.129  4094  4094 E display : VPP should be assigned to FramebufferTarget but it was failed ret(0)
07-01 08:44:08.131  4094  4094 E display : [PrimaryDisplay] framebuffer target expected, but not provided
07-01 08:44:08.163  4094  4094 E display : VPP should be assigned to FramebufferTarget but it was failed ret(0)
07-01 08:44:08.165  4094  4094 E display : [PrimaryDisplay] framebuffer target expected, but not provided
07-01 08:44:08.197  4094  4094 E display : VPP should be assigned to FramebufferTarget but it was failed ret(0)
07-01 08:44:08.199  4094  4094 E display : [PrimaryDisplay] framebuffer target expected, but not provided
07-01 08:44:08.231  4094  4094 E display : VPP should be assigned to FramebufferTarget but it was failed ret(0)
07-01 08:44:08.233  4094  4094 E display : [PrimaryDisplay] framebuffer target expected, but not provided
07-01 08:44:08.265  4094  4094 E display : VPP should be assigned to FramebufferTarget but it was failed ret(0)
07-01 08:44:08.267  4094  4094 E display : [PrimaryDisplay] framebuffer target expected, but not provided
07-01 08:44:08.299  4094  4094 E display : VPP should be assigned to FramebufferTarget but it was failed ret(0)
07-01 08:44:08.301  4094  4094 E display : [PrimaryDisplay] framebuffer target expected, but not provided
07-01 08:44:08.332  4094  4094 E display : VPP should be assigned to FramebufferTarget but it was failed ret(0)
07-01 08:44:08.335  4094  4094 E display : [PrimaryDisplay] framebuffer target expected, but not provided
07-01 08:44:08.336  4098  4098 E Minikin : addFont failed to create font /system/fonts/NanumGothic.ttf
07-01 08:44:08.336  4098  4098 E Minikin : addFont failed to create font /system/fonts/DroidSansFallback.ttf
07-01 08:44:08.337  4098  4098 E Minikin : addFont failed to create font /system/fonts/MTLmr3m.ttf
07-01 08:44:08.366  4094  4094 E display : VPP should be assigned to FramebufferTarget but it was failed ret(0)
07-01 08:44:08.369  4094  4094 E display : [PrimaryDisplay] framebuffer target expected, but not provided
07-01 08:44:08.400  4094  4094 E display : VPP should be assigned to FramebufferTarget but it was failed ret(0)
07-01 08:44:08.402  4094  4094 E display : [PrimaryDisplay] framebuffer target expected, but not provided
07-01 08:44:08.418  4098  4098 V DngCreator_JNI: DngCreator_nativeClassInit:
07-01 08:44:08.434  4094  4094 E display : VPP should be assigned to FramebufferTarget but it was failed ret(0)
07-01 08:44:08.436  4094  4094 E display : [PrimaryDisplay] framebuffer target expected, but not provided
07-01 08:44:08.468  4094  4094 E display : VPP should be assigned to FramebufferTarget but it was failed ret(0)
07-01 08:44:08.470  4094  4094 E display : [PrimaryDisplay] framebuffer target expected, but not provided
07-01 08:44:08.502  4094  4094 E display : VPP should be assigned to FramebufferTarget but it was failed ret(0)
07-01 08:44:08.504  4094  4094 E display : [PrimaryDisplay] framebuffer target expected, but not provided
07-01 08:44:08.536  4094  4094 E display : VPP should be assigned to FramebufferTarget but it was failed ret(0)
07-01 08:44:08.538  4094  4094 E display : [PrimaryDisplay] framebuffer target expected, but not provided
07-01 08:44:08.570  4094  4094 E display : VPP should be assigned to FramebufferTarget but it was failed ret(0)
07-01 08:44:08.572  4094  4094 E display : [PrimaryDisplay] framebuffer target expected, but not provided
07-01 08:44:08.604  4094  4094 E display : VPP should be assigned to FramebufferTarget but it was failed ret(0)
07-01 08:44:08.606  4094  4094 E display : [PrimaryDisplay] framebuffer target expected, but not provided
07-01 08:44:08.638  4094  4094 E display : VPP should be assigned to FramebufferTarget but it was failed ret(0)
07-01 08:44:08.640  4094  4094 E display : [PrimaryDisplay] framebuffer target expected, but not provided
07-01 08:44:08.671  4094  4094 E display : VPP should be assigned to FramebufferTarget but it was failed ret(0)
07-01 08:44:08.674  4094  4094 E display : [PrimaryDisplay] framebuffer target expected, but not provided
07-01 08:44:08.705  4094  4094 E display : VPP should be assigned to FramebufferTarget but it was failed ret(0)
07-01 08:44:08.708  4094  4094 E display : [PrimaryDisplay] framebuffer target expected, but not provided
07-01 08:44:08.739  4094  4094 E display : VPP should be assigned to FramebufferTarget but it was failed ret(0)
07-01 08:44:08.741  4094  4094 E display : [PrimaryDisplay] framebuffer target expected, but not provided
07-01 08:44:08.773  4094  4094 E display : VPP should be assigned to FramebufferTarget but it was failed ret(0)
07-01 08:44:08.775  4094  4094 E display : [PrimaryDisplay] framebuffer target expected, but not provided
07-01 08:44:08.807  4094  4094 E display : VPP should be assigned to FramebufferTarget but it was failed ret(0)
07-01 08:44:08.809  4094  4094 E display : [PrimaryDisplay] framebuffer target expected, but not provided
07-01 08:44:08.841  4094  4094 E display : VPP should be assigned to FramebufferTarget but it was failed ret(0)
07-01 08:44:08.843  4094  4094 E display : [PrimaryDisplay] framebuffer target expected, but not provided
07-01 08:44:08.875  4094  4094 E display : VPP should be assigned to FramebufferTarget but it was failed ret(0)
07-01 08:44:08.877  4094  4094 E display : [PrimaryDisplay] framebuffer target expected, but not provided
07-01 08:44:08.909  4094  4094 E display : VPP should be assigned to FramebufferTarget but it was failed ret(0)
07-01 08:44:08.911  4094  4094 E display : [PrimaryDisplay] framebuffer target expected, but not provided
07-01 08:44:08.943  4094  4094 E display : VPP should be assigned to FramebufferTarget but it was failed ret(0)
07-01 08:44:08.945  4094  4094 E display : [PrimaryDisplay] framebuffer target expected, but not provided
07-01 08:44:08.976  4094  4094 E display : VPP should be assigned to FramebufferTarget but it was failed ret(0)
07-01 08:44:08.979  4094  4094 E display : [PrimaryDisplay] framebuffer target expected, but not provided
07-01 08:44:09.010  4094  4094 E display : VPP should be assigned to FramebufferTarget but it was failed ret(0)
07-01 08:44:09.012  4094  4094 E display : [PrimaryDisplay] framebuffer target expected, but not provided
07-01 08:44:09.044  4094  4094 E display : VPP should be assigned to FramebufferTarget but it was failed ret(0)
07-01 08:44:09.046  4094  4094 E display : [PrimaryDisplay] framebuffer target expected, but not provided
07-01 08:44:09.051  4098  4098 I art     : Thread[1,tid=4098,Native,Thread*=0x7fa62bba00,peer=0x12c532e0,"main"] recursive attempt to load library "/system/lib64/libmedia_jni.so"
07-01 08:44:09.051  4098  4098 D MtpDeviceJNI: register_android_mtp_MtpDevice
07-01 08:44:09.052  4098  4098 I art     : Thread[1,tid=4098,Native,Thread*=0x7fa62bba00,peer=0x12c532e0,"main"] recursive attempt to load library "/system/lib64/libmedia_jni.so"
07-01 08:44:09.052  4098  4098 I art     : Thread[1,tid=4098,Native,Thread*=0x7fa62bba00,peer=0x12c532e0,"main"] recursive attempt to load library "/system/lib64/libmedia_jni.so"
07-01 08:44:09.078  4094  4094 E display : VPP should be assigned to FramebufferTarget but it was failed ret(0)
07-01 08:44:09.080  4094  4094 E display : [PrimaryDisplay] framebuffer target expected, but not provided
07-01 08:44:09.112  4094  4094 E display : VPP should be assigned to FramebufferTarget but it was failed ret(0)
07-01 08:44:09.114  4094  4094 E display : [PrimaryDisplay] framebuffer target expected, but not provided
07-01 08:44:09.129  4094  4094 E display : VPP should be assigned to FramebufferTarget but it was failed ret(0)
07-01 08:44:09.131  4094  4094 E display : [PrimaryDisplay] framebuffer target expected, but not provided
07-01 08:44:09.163  4094  4094 E display : VPP should be assigned to FramebufferTarget but it was failed ret(0)
07-01 08:44:09.165  4094  4094 E display : [PrimaryDisplay] framebuffer target expected, but not provided
07-01 08:44:09.197  4094  4094 E display : VPP should be assigned to FramebufferTarget but it was failed ret(0)
07-01 08:44:09.199  4094  4094 E display : [PrimaryDisplay] framebuffer target expected, but not provided
07-01 08:44:09.231  4094  4094 E display : VPP should be assigned to FramebufferTarget but it was failed ret(0)
07-01 08:44:09.233  4094  4094 E display : [PrimaryDisplay] framebuffer target expected, but not provided
07-01 08:44:09.265  4094  4094 E display : VPP should be assigned to FramebufferTarget but it was failed ret(0)
07-01 08:44:09.267  4094  4094 E display : [PrimaryDisplay] framebuffer target expected, but not provided
07-01 08:44:09.298  4094  4094 E display : VPP should be assigned to FramebufferTarget but it was failed ret(0)
07-01 08:44:09.301  4094  4094 E display : [PrimaryDisplay] framebuffer target expected, but not provided
07-01 08:44:09.332  4094  4094 E display : VPP should be assigned to FramebufferTarget but it was failed ret(0)
07-01 08:44:09.335  4094  4094 E display : [PrimaryDisplay] framebuffer target expected, but not provided
07-01 08:44:09.366  4094  4094 E display : VPP should be assigned to FramebufferTarget but it was failed ret(0)
07-01 08:44:09.368  4094  4094 E display : [PrimaryDisplay] framebuffer target expected, but not provided
07-01 08:44:09.400  4094  4094 E display : VPP should be assigned to FramebufferTarget but it was failed ret(0)
07-01 08:44:09.402  4094  4094 E display : [PrimaryDisplay] framebuffer target expected, but not provided
07-01 08:44:09.434  4094  4094 E display : VPP should be assigned to FramebufferTarget but it was failed ret(0)
07-01 08:44:09.436  4094  4094 E display : [PrimaryDisplay] framebuffer target expected, but not provided
07-01 08:44:09.468  4094  4094 E display : VPP should be assigned to FramebufferTarget but it was failed ret(0)
07-01 08:44:09.470  4094  4094 E display : [PrimaryDisplay] framebuffer target expected, but not provided
07-01 08:44:09.502  4094  4094 E display : VPP should be assigned to FramebufferTarget but it was failed ret(0)
07-01 08:44:09.504  4094  4094 E display : [PrimaryDisplay] framebuffer target expected, but not provided
07-01 08:44:09.536  4094  4094 E display : VPP should be assigned to FramebufferTarget but it was failed ret(0)
07-01 08:44:09.538  4094  4094 E display : [PrimaryDisplay] framebuffer target expected, but not provided
07-01 08:44:09.555  4098  4098 W System  : ClassLoader referenced unknown path: /system/framework/tcmclient.jar
07-01 08:44:09.570  4094  4094 E display : VPP should be assigned to FramebufferTarget but it was failed ret(0)
07-01 08:44:09.572  4094  4094 E display : [PrimaryDisplay] framebuffer target expected, but not provided
07-01 08:44:09.604  4094  4094 E display : VPP should be assigned to FramebufferTarget but it was failed ret(0)
07-01 08:44:09.606  4094  4094 E display : [PrimaryDisplay] framebuffer target expected, but not provided
07-01 08:44:09.637  4094  4094 E display : VPP should be assigned to FramebufferTarget but it was failed ret(0)
07-01 08:44:09.640  4094  4094 E display : [PrimaryDisplay] framebuffer target expected, but not provided
07-01 08:44:09.671  4094  4094 E display : VPP should be assigned to FramebufferTarget but it was failed ret(0)
07-01 08:44:09.673  4094  4094 E display : [PrimaryDisplay] framebuffer target expected, but not provided
07-01 08:44:09.705  4094  4094 E display : VPP should be assigned to FramebufferTarget but it was failed ret(0)
07-01 08:44:09.707  4094  4094 E display : [PrimaryDisplay] framebuffer target expected, but not provided
07-01 08:44:09.739  4094  4094 E display : VPP should be assigned to FramebufferTarget but it was failed ret(0)
07-01 08:44:09.741  4094  4094 E display : [PrimaryDisplay] framebuffer target expected, but not provided
07-01 08:44:09.773  4094  4094 E display : VPP should be assigned to FramebufferTarget but it was failed ret(0)
07-01 08:44:09.775  4094  4094 E display : [PrimaryDisplay] framebuffer target expected, but not provided
07-01 08:44:09.807  4094  4094 E display : VPP should be assigned to FramebufferTarget but it was failed ret(0)
07-01 08:44:09.809  4094  4094 E display : [PrimaryDisplay] framebuffer target expected, but not provided
07-01 08:44:09.841  4094  4094 E display : VPP should be assigned to FramebufferTarget but it was failed ret(0)
07-01 08:44:09.843  4094  4094 E display : [PrimaryDisplay] framebuffer target expected, but not provided
07-01 08:44:09.875  4094  4094 E display : VPP should be assigned to FramebufferTarget but it was failed ret(0)
07-01 08:44:09.877  4094  4094 E display : [PrimaryDisplay] framebuffer target expected, but not provided
07-01 08:44:09.878  4098  4098 I System  : Loaded time zone names for "" in 19ms (17ms in ICU)
07-01 08:44:09.909  4094  4094 E display : VPP should be assigned to FramebufferTarget but it was failed ret(0)
07-01 08:44:09.909  4098  4098 I System  : Loaded time zone names for "en_US" in 31ms (11ms in ICU)
07-01 08:44:09.911  4094  4094 E display : [PrimaryDisplay] framebuffer target expected, but not provided
07-01 08:44:09.942  4094  4094 E display : VPP should be assigned to FramebufferTarget but it was failed ret(0)
07-01 08:44:09.945  4094  4094 E display : [PrimaryDisplay] framebuffer target expected, but not provided
07-01 08:44:09.977  4094  4094 E display : VPP should be assigned to FramebufferTarget but it was failed ret(0)
07-01 08:44:09.979  4094  4094 E display : [PrimaryDisplay] framebuffer target expected, but not provided
07-01 08:44:10.010  4094  4094 E display : VPP should be assigned to FramebufferTarget but it was failed ret(0)
07-01 08:44:10.012  4094  4094 E display : [PrimaryDisplay] framebuffer target expected, but not provided
07-01 08:44:10.044  4094  4094 E display : VPP should be assigned to FramebufferTarget but it was failed ret(0)
07-01 08:44:10.046  4094  4094 E display : [PrimaryDisplay] framebuffer target expected, but not provided
07-01 08:44:10.078  4094  4094 E display : VPP should be assigned to FramebufferTarget but it was failed ret(0)
07-01 08:44:10.079  4098  4098 I Zygote  : ...preloaded 3831 classes in 2074ms.
07-01 08:44:10.079  4098  4098 I art     : VMRuntime.preloadDexCaches starting
07-01 08:44:10.080  4094  4094 E display : [PrimaryDisplay] framebuffer target expected, but not provided
07-01 08:44:10.111  4098  4098 I art     : VMRuntime.preloadDexCaches strings total=248969 before=10083 after=10083
07-01 08:44:10.111  4098  4098 I art     : VMRuntime.preloadDexCaches types total=20332 before=8245 after=9836
07-01 08:44:10.111  4098  4098 I art     : VMRuntime.preloadDexCaches fields total=100378 before=35761 after=47726
07-01 08:44:10.111  4098  4098 I art     : VMRuntime.preloadDexCaches methods total=172817 before=67604 after=83308
07-01 08:44:10.111  4098  4098 I art     : VMRuntime.preloadDexCaches finished
07-01 08:44:10.112  4094  4094 E display : VPP should be assigned to FramebufferTarget but it was failed ret(0)
07-01 08:44:10.114  4094  4094 E display : [PrimaryDisplay] framebuffer target expected, but not provided
07-01 08:44:10.124  4430  4430 D idmap   : error: no read access to /vendor/overlay: No such file or directory
07-01 08:44:10.127  4098  4098 I Zygote  : Preloading resources...
07-01 08:44:10.146  4094  4094 E display : VPP should be assigned to FramebufferTarget but it was failed ret(0)
07-01 08:44:10.148  4094  4094 E display : [PrimaryDisplay] framebuffer target expected, but not provided
07-01 08:44:10.180  4094  4094 E display : VPP should be assigned to FramebufferTarget but it was failed ret(0)
07-01 08:44:10.182  4094  4094 E display : [PrimaryDisplay] framebuffer target expected, but not provided
07-01 08:44:10.214  4094  4094 E display : VPP should be assigned to FramebufferTarget but it was failed ret(0)
07-01 08:44:10.216  4094  4094 E display : [PrimaryDisplay] framebuffer target expected, but not provided
07-01 08:44:10.248  4094  4094 E display : VPP should be assigned to FramebufferTarget but it was failed ret(0)
07-01 08:44:10.250  4094  4094 E display : [PrimaryDisplay] framebuffer target expected, but not provided
07-01 08:44:10.282  4094  4094 E display : VPP should be assigned to FramebufferTarget but it was failed ret(0)
07-01 08:44:10.284  4094  4094 E display : [PrimaryDisplay] framebuffer target expected, but not provided
07-01 08:44:10.315  4094  4094 E display : VPP should be assigned to FramebufferTarget but it was failed ret(0)
07-01 08:44:10.317  4094  4094 E display : [PrimaryDisplay] framebuffer target expected, but not provided
07-01 08:44:10.349  4094  4094 E display : VPP should be assigned to FramebufferTarget but it was failed ret(0)
07-01 08:44:10.351  4094  4094 E display : [PrimaryDisplay] framebuffer target expected, but not provided
07-01 08:44:10.383  4094  4094 E display : VPP should be assigned to FramebufferTarget but it was failed ret(0)
07-01 08:44:10.386  4094  4094 E display : [PrimaryDisplay] framebuffer target expected, but not provided
07-01 08:44:10.417  4094  4094 E display : VPP should be assigned to FramebufferTarget but it was failed ret(0)
07-01 08:44:10.419  4094  4094 E display : [PrimaryDisplay] framebuffer target expected, but not provided
07-01 08:44:10.451  4094  4094 E display : VPP should be assigned to FramebufferTarget but it was failed ret(0)
07-01 08:44:10.453  4094  4094 E display : [PrimaryDisplay] framebuffer target expected, but not provided
07-01 08:44:10.485  4094  4094 E display : VPP should be assigned to FramebufferTarget but it was failed ret(0)
07-01 08:44:10.487  4094  4094 E display : [PrimaryDisplay] framebuffer target expected, but not provided
07-01 08:44:10.502  4094  4094 E display : VPP should be assigned to FramebufferTarget but it was failed ret(0)
07-01 08:44:10.504  4094  4094 E display : [PrimaryDisplay] framebuffer target expected, but not provided
07-01 08:44:10.505  4098  4098 I Zygote  : ...preloaded 342 resources in 378ms.
07-01 08:44:10.515  4098  4098 I Zygote  : ...preloaded 41 resources in 10ms.
07-01 08:44:10.522  4098  4098 D libEGL  : loaded /vendor/lib64/egl/libGLES_mali.so
07-01 08:44:10.528  4098  4098 I Zygote  : Preloading shared libraries...
07-01 08:44:10.535  4098  4098 D Zygote  : end preload
07-01 08:44:10.535  4098  4098 I art     : Starting a blocking GC Explicit
07-01 08:44:10.536  4094  4094 E display : VPP should be assigned to FramebufferTarget but it was failed ret(0)
07-01 08:44:10.538  4094  4094 E display : [PrimaryDisplay] framebuffer target expected, but not provided
07-01 08:44:10.546  4098  4098 I art     : Explicit concurrent mark sweep GC freed 7391(289KB) AllocSpace objects, 0(0B) LOS objects, 35% free, 28MB/44MB, paused 50us total 10.388ms
07-01 08:44:10.557  4098  4098 I art     : Starting a blocking GC Explicit
07-01 08:44:10.566  4098  4098 I art     : Explicit concurrent mark sweep GC freed 1734(78KB) AllocSpace objects, 0(0B) LOS objects, 35% free, 28MB/44MB, paused 42us total 8.830ms
07-01 08:44:10.567  4098  4428 I art     : Starting a blocking GC HeapTrim
07-01 08:44:10.569  4098  4098 I art     : Starting a blocking GC Background
07-01 08:44:10.570  4094  4094 E display : VPP should be assigned to FramebufferTarget but it was failed ret(0)
07-01 08:44:10.572  4094  4094 E display : [PrimaryDisplay] framebuffer target expected, but not provided
07-01 08:44:10.604  4094  4094 E display : VPP should be assigned to FramebufferTarget but it was failed ret(0)
07-01 08:44:10.606  4094  4094 E display : [PrimaryDisplay] framebuffer target expected, but not provided
07-01 08:44:10.616  4098  4098 I Zygote  : System server process 4431 has been created
07-01 08:44:10.617  4098  4098 I Zygote  : Accepting command socket connections
07-01 08:44:10.632  4431  4431 I Zygote  : Process: zygote socket opened, supported ABIS: armeabi-v7a,armeabi
07-01 08:44:10.634  4431  4431 I InstallerConnection: connecting...
07-01 08:44:10.634  2935  2935 I installd: new connection
07-01 08:44:10.637  4094  4094 E display : VPP should be assigned to FramebufferTarget but it was failed ret(0)
07-01 08:44:10.639  4094  4094 E display : [PrimaryDisplay] framebuffer target expected, but not provided
07-01 08:44:10.650  4442  4442 I dex2oat : /system/bin/dex2oat --compiler-filter=verify-at-runtime
07-01 08:44:10.671  4094  4094 E display : VPP should be assigned to FramebufferTarget but it was failed ret(0)
07-01 08:44:10.673  4094  4094 E display : [PrimaryDisplay] framebuffer target expected, but not provided
07-01 08:44:10.705  4094  4094 E display : VPP should be assigned to FramebufferTarget but it was failed ret(0)
07-01 08:44:10.707  4094  4094 E display : [PrimaryDisplay] framebuffer target expected, but not provided
07-01 08:44:10.710  4442  4442 I dex2oat : dex2oat took 60.093ms (threads: 8) arena alloc=680B java alloc=832KB native alloc=1063KB free=1752KB
07-01 08:44:10.731  4451  4451 I dex2oat : /system/bin/dex2oat --compiler-filter=verify-at-runtime
07-01 08:44:10.739  4094  4094 E display : VPP should be assigned to FramebufferTarget but it was failed ret(0)
07-01 08:44:10.741  4094  4094 E display : [PrimaryDisplay] framebuffer target expected, but not provided
07-01 08:44:10.746  4451  4451 I dex2oat : dex2oat took 15.890ms (threads: 8) arena alloc=0B java alloc=52KB native alloc=784KB free=751KB
07-01 08:44:10.765  4460  4460 I dex2oat : /system/bin/dex2oat --compiler-filter=verify-at-runtime
07-01 08:44:10.773  4094  4094 E display : VPP should be assigned to FramebufferTarget but it was failed ret(0)
07-01 08:44:10.775  4094  4094 E display : [PrimaryDisplay] framebuffer target expected, but not provided
07-01 08:44:10.807  4094  4094 E display : VPP should be assigned to FramebufferTarget but it was failed ret(0)
07-01 08:44:10.809  4094  4094 E display : [PrimaryDisplay] framebuffer target expected, but not provided
07-01 08:44:10.841  4094  4094 E display : VPP should be assigned to FramebufferTarget but it was failed ret(0)
07-01 08:44:10.843  4094  4094 E display : [PrimaryDisplay] framebuffer target expected, but not provided
07-01 08:44:10.875  4094  4094 E display : VPP should be assigned to FramebufferTarget but it was failed ret(0)
07-01 08:44:10.877  4094  4094 E display : [PrimaryDisplay] framebuffer target expected, but not provided
07-01 08:44:10.909  4094  4094 E display : VPP should be assigned to FramebufferTarget but it was failed ret(0)
07-01 08:44:10.911  4094  4094 E display : [PrimaryDisplay] framebuffer target expected, but not provided
07-01 08:44:10.942  4094  4094 E display : VPP should be assigned to FramebufferTarget but it was failed ret(0)
07-01 08:44:10.945  4094  4094 E display : [PrimaryDisplay] framebuffer target expected, but not provided
07-01 08:44:10.977  4094  4094 E display : VPP should be assigned to FramebufferTarget but it was failed ret(0)
07-01 08:44:10.979  4094  4094 E display : [PrimaryDisplay] framebuffer target expected, but not provided
07-01 08:44:11.010  4094  4094 E display : VPP should be assigned to FramebufferTarget but it was failed ret(0)
07-01 08:44:11.012  4094  4094 E display : [PrimaryDisplay] framebuffer target expected, but not provided
07-01 08:44:11.044  4094  4094 E display : VPP should be assigned to FramebufferTarget but it was failed ret(0)
07-01 08:44:11.047  4094  4094 E display : [PrimaryDisplay] framebuffer target expected, but not provided
07-01 08:44:11.078  4094  4094 E display : VPP should be assigned to FramebufferTarget but it was failed ret(0)
07-01 08:44:11.080  4094  4094 E display : [PrimaryDisplay] framebuffer target expected, but not provided
07-01 08:44:11.083  4460  4460 I dex2oat : dex2oat took 317.372ms (threads: 8) arena alloc=2000B java alloc=4MB native alloc=2MB free=3MB
07-01 08:44:11.103  4469  4469 I dex2oat : /system/bin/dex2oat --compiler-filter=verify-at-runtime
07-01 08:44:11.112  4094  4094 E display : VPP should be assigned to FramebufferTarget but it was failed ret(0)
07-01 08:44:11.114  4094  4094 E display : [PrimaryDisplay] framebuffer target expected, but not provided
07-01 08:44:11.119  4469  4469 I dex2oat : dex2oat took 16.446ms (threads: 8) arena alloc=536B java alloc=66KB native alloc=912KB free=879KB
07-01 08:44:11.138  4478  4478 I dex2oat : /system/bin/dex2oat --compiler-filter=verify-at-runtime
07-01 08:44:11.146  4094  4094 E display : VPP should be assigned to FramebufferTarget but it was failed ret(0)
07-01 08:44:11.148  4094  4094 E display : [PrimaryDisplay] framebuffer target expected, but not provided
07-01 08:44:11.180  4094  4094 E display : VPP should be assigned to FramebufferTarget but it was failed ret(0)
07-01 08:44:11.182  4094  4094 E display : [PrimaryDisplay] framebuffer target expected, but not provided
07-01 08:44:11.215  4094  4094 E display : VPP should be assigned to FramebufferTarget but it was failed ret(0)
07-01 08:44:11.219  4094  4094 E display : [PrimaryDisplay] framebuffer target expected, but not provided
07-01 08:44:11.265  4094  4094 E display : VPP should be assigned to FramebufferTarget but it was failed ret(0)
07-01 08:44:11.268  4094  4094 E display : [PrimaryDisplay] framebuffer target expected, but not provided
07-01 08:44:11.282  4094  4094 E display : VPP should be assigned to FramebufferTarget but it was failed ret(0)
07-01 08:44:11.286  4094  4094 E display : [PrimaryDisplay] framebuffer target expected, but not provided
07-01 08:44:11.292  4478  4478 I dex2oat : dex2oat took 154.743ms (threads: 8) arena alloc=312B java alloc=2MB native alloc=1445KB free=1882KB
07-01 08:44:11.296  4431  4431 I InstallerConnection: disconnecting...
07-01 08:44:11.296  2935  2935 E installd: eof
07-01 08:44:11.297  2935  2935 E installd: failed to read size
07-01 08:44:11.297  2935  2935 I installd: closing connection
07-01 08:44:11.316  4094  4094 E display : VPP should be assigned to FramebufferTarget but it was failed ret(0)
07-01 08:44:11.319  4094  4094 E display : [PrimaryDisplay] framebuffer target expected, but not provided
07-01 08:44:11.350  4094  4094 E display : VPP should be assigned to FramebufferTarget but it was failed ret(0)
07-01 08:44:11.353  4094  4094 E display : [PrimaryDisplay] framebuffer target expected, but not provided
07-01 08:44:11.383  4094  4094 E display : VPP should be assigned to FramebufferTarget but it was failed ret(0)
07-01 08:44:11.384  4431  4431 I SystemServer: Entered the Android system server!
07-01 08:44:11.386  4094  4094 E display : [PrimaryDisplay] framebuffer target expected, but not provided
07-01 08:44:11.418  4094  4094 E display : VPP should be assigned to FramebufferTarget but it was failed ret(0)
07-01 08:44:11.421  4094  4094 E display : [PrimaryDisplay] framebuffer target expected, but not provided
07-01 08:44:11.441  4431  4431 I SystemServiceManager: Starting com.android.server.pm.Installer
07-01 08:44:11.444  4431  4431 I Installer: Waiting for installd to be ready.
07-01 08:44:11.444  4431  4431 I InstallerConnection: connecting...
07-01 08:44:11.444  2935  2935 I installd: new connection
07-01 08:44:11.444  4431  4431 I SystemServiceManager: Starting com.android.server.am.ActivityManagerService$Lifecycle
07-01 08:44:11.451  4094  4094 E display : VPP should be assigned to FramebufferTarget but it was failed ret(0)
07-01 08:44:11.455  4094  4094 E display : [PrimaryDisplay] framebuffer target expected, but not provided
07-01 08:44:11.503  4094  4094 E display : VPP should be assigned to FramebufferTarget but it was failed ret(0)
07-01 08:44:11.506  4094  4094 E display : [PrimaryDisplay] framebuffer target expected, but not provided
07-01 08:44:11.519  4094  4094 E display : VPP should be assigned to FramebufferTarget but it was failed ret(0)
07-01 08:44:11.522  4094  4094 E display : [PrimaryDisplay] framebuffer target expected, but not provided
07-01 08:44:11.541  4431  4431 I XXXXXX  : choosing minFree values for 64 Bit
07-01 08:44:11.541  4431  4431 I XXXXXX  : choosing minFree values for 64 Bit
07-01 08:44:11.541  4431  4431 I XXXXXX  : choosing minFree values for 64 Bit
07-01 08:44:11.541  4431  4431 I XXXXXX  : choosing minFree values for 64 Bit
07-01 08:44:11.541  4431  4431 I XXXXXX  : choosing minFree values for 64 Bit
07-01 08:44:11.541  4431  4431 I XXXXXX  : choosing minFree values for 64 Bit
07-01 08:44:11.547  4431  4431 I ActivityManager: Memory class: 256
07-01 08:44:11.548  4431  4492 I ServiceThread: Enabled StrictMode logging for ActivityManager looper.
07-01 08:44:11.553  4431  4493 I ServiceThread: Enabled StrictMode logging for android.ui looper.
07-01 08:44:11.553  4094  4094 E display : VPP should be assigned to FramebufferTarget but it was failed ret(0)
07-01 08:44:11.556  4094  4094 E display : [PrimaryDisplay] framebuffer target expected, but not provided
07-01 08:44:11.587  4094  4094 E display : VPP should be assigned to FramebufferTarget but it was failed ret(0)
07-01 08:44:11.590  4094  4094 E display : [PrimaryDisplay] framebuffer target expected, but not provided
07-01 08:44:11.613  4431  4431 D BatteryStatsImpl: Reading daily items from /data/system/batterystats-daily.xml
07-01 08:44:11.621  4094  4094 E display : VPP should be assigned to FramebufferTarget but it was failed ret(0)
07-01 08:44:11.624  4094  4094 E display : [PrimaryDisplay] framebuffer target expected, but not provided
07-01 08:44:11.642  4431  4431 I AppOps  : No existing app ops /data/system/appops.xml; starting empty
07-01 08:44:11.655  4094  4094 E display : VPP should be assigned to FramebufferTarget but it was failed ret(0)
07-01 08:44:11.658  4094  4094 E display : [PrimaryDisplay] framebuffer target expected, but not provided
07-01 08:44:11.689  4094  4094 E display : VPP should be assigned to FramebufferTarget but it was failed ret(0)
07-01 08:44:11.692  4094  4094 E display : [PrimaryDisplay] framebuffer target expected, but not provided
07-01 08:44:11.699  4431  4431 I IntentFirewall: Read new rules (A:0 B:0 S:0)
07-01 08:44:11.718  4431  4497 I ServiceThread: Enabled StrictMode logging for android.display looper.
07-01 08:44:11.723  4431  4431 D AppOps  : AppOpsService published
07-01 08:44:11.723  4431  4431 I SystemServiceManager: Starting com.android.server.power.PowerManagerService
07-01 08:44:11.724  4094  4094 E display : VPP should be assigned to FramebufferTarget but it was failed ret(0)
07-01 08:44:11.724  4431  4499 I ServiceThread: Enabled StrictMode logging for PowerManagerService looper.
07-01 08:44:11.725  4431  4431 W libsuspend: Error writing 'on' to /sys/power/state: Invalid argument
07-01 08:44:11.725  4431  4431 I libsuspend: Selected wakeup count
07-01 08:44:11.728  4431  4431 I SystemServiceManager: Starting com.android.server.lights.LightsService
07-01 08:44:11.728  4094  4094 E display : [PrimaryDisplay] framebuffer target expected, but not provided
07-01 08:44:11.729  4431  4431 I SystemServiceManager: Starting com.android.server.display.DisplayManagerService
07-01 08:44:11.735  4431  4431 I SystemServiceManager: Starting phase 100
07-01 08:44:11.738  4094  4097 E SurfaceFlinger: getDefaultDisplay: id=2 is not a valid default display id
07-01 08:44:11.739  4431  4497 I DisplayManagerService: Display device added: DisplayDeviceInfo{"Built-in Screen": uniqueId="local:0", 1440 x 2560, modeId 1, defaultModeId 1, supportedModes [{id=1, width=1440, height=2560, fps=59.0}], colorTransformId 1, defaultColorTransformId 1, supportedColorTransforms [{id=1, colorTransform=-22}], density 640, 537.882 x 532.983 dpi, appVsyncOff 0, presDeadline 17949152, touch INTERNAL, rotation 0, type BUILT_IN, state UNKNOWN, FLAG_DEFAULT_DISPLAY, FLAG_ROTATES_WITH_CONTENT, FLAG_SECURE, FLAG_SUPPORTS_PROTECTED_BUFFERS}
07-01 08:44:11.740  4094  4094 D SurfaceFlinger: Set power mode=2, type=0 flinger=0x7f8bb03c00
07-01 08:44:11.740  4094  4094 D SurfaceFlinger: Screen type=0 is already mode=2
07-01 08:44:11.741  4431  4431 I SystemServer: Package Manager
07-01 08:44:11.741  4431  4497 I DisplayManagerService: Display device changed state: "Built-in Screen", ON
07-01 08:44:11.757  4094  4094 E display : VPP should be assigned to FramebufferTarget but it was failed ret(0)
07-01 08:44:11.761  4094  4094 E display : [PrimaryDisplay] framebuffer target expected, but not provided
07-01 08:44:11.791  4094  4094 E display : VPP should be assigned to FramebufferTarget but it was failed ret(0)
07-01 08:44:11.795  4094  4094 E display : [PrimaryDisplay] framebuffer target expected, but not provided
07-01 08:44:11.808  4431  4431 W SELinuxMMAC: Error opening /data/system/seapp_hash. Assuming first boot.
07-01 08:44:11.825  4094  4094 E display : VPP should be assigned to FramebufferTarget but it was failed ret(0)
07-01 08:44:11.829  4094  4094 E display : [PrimaryDisplay] framebuffer target expected, but not provided
07-01 08:44:11.840  4431  4431 W SystemConfig: No directory /system/etc/sysconfig, skipping
07-01 08:44:11.859  4094  4094 E display : VPP should be assigned to FramebufferTarget but it was failed ret(0)
07-01 08:44:11.862  4094  4094 E display : [PrimaryDisplay] framebuffer target expected, but not provided
07-01 08:44:11.893  4094  4094 E display : VPP should be assigned to FramebufferTarget but it was failed ret(0)
07-01 08:44:11.896  4094  4094 E display : [PrimaryDisplay] framebuffer target expected, but not provided
07-01 08:44:11.916  4431  4431 D SELinuxMMAC: Using policy file /system/etc/security/mac_permissions.xml
07-01 08:44:11.926  4094  4094 E display : VPP should be assigned to FramebufferTarget but it was failed ret(0)
07-01 08:44:11.930  4094  4094 E display : [PrimaryDisplay] framebuffer target expected, but not provided
07-01 08:44:11.960  4094  4094 E display : VPP should be assigned to FramebufferTarget but it was failed ret(0)
07-01 08:44:11.963  4094  4094 E display : [PrimaryDisplay] framebuffer target expected, but not provided
07-01 08:44:11.994  4094  4094 E display : VPP should be assigned to FramebufferTarget but it was failed ret(0)
07-01 08:44:11.997  4094  4094 E display : [PrimaryDisplay] framebuffer target expected, but not provided
07-01 08:44:12.029  4094  4094 E display : VPP should be assigned to FramebufferTarget but it was failed ret(0)
07-01 08:44:12.032  4094  4094 E display : [PrimaryDisplay] framebuffer target expected, but not provided
07-01 08:44:12.062  4094  4094 E display : VPP should be assigned to FramebufferTarget but it was failed ret(0)
07-01 08:44:12.064  4094  4094 E display : [PrimaryDisplay] framebuffer target expected, but not provided
07-01 08:44:12.096  4094  4094 E display : VPP should be assigned to FramebufferTarget but it was failed ret(0)
07-01 08:44:12.099  4094  4094 E display : [PrimaryDisplay] framebuffer target expected, but not provided
07-01 08:44:12.130  4094  4094 E display : VPP should be assigned to FramebufferTarget but it was failed ret(0)
07-01 08:44:12.132  4094  4094 E display : [PrimaryDisplay] framebuffer target expected, but not provided
07-01 08:44:12.164  4094  4094 E display : VPP should be assigned to FramebufferTarget but it was failed ret(0)
07-01 08:44:12.167  4094  4094 E display : [PrimaryDisplay] framebuffer target expected, but not provided
07-01 08:44:12.198  4094  4094 E display : VPP should be assigned to FramebufferTarget but it was failed ret(0)
07-01 08:44:12.201  4094  4094 E display : [PrimaryDisplay] framebuffer target expected, but not provided
07-01 08:44:12.232  4094  4094 E display : VPP should be assigned to FramebufferTarget but it was failed ret(0)
07-01 08:44:12.236  4094  4094 E display : [PrimaryDisplay] framebuffer target expected, but not provided
07-01 08:44:12.266  4094  4094 E display : VPP should be assigned to FramebufferTarget but it was failed ret(0)
07-01 08:44:12.270  4094  4094 E display : [PrimaryDisplay] framebuffer target expected, but not provided
07-01 08:44:12.300  4094  4094 E display : VPP should be assigned to FramebufferTarget but it was failed ret(0)
07-01 08:44:12.305  4094  4094 E display : [PrimaryDisplay] framebuffer target expected, but not provided
07-01 08:44:12.333  4094  4094 E display : VPP should be assigned to FramebufferTarget but it was failed ret(0)
07-01 08:44:12.336  4094  4094 E display : [PrimaryDisplay] framebuffer target expected, but not provided
07-01 08:44:12.350  4094  4094 E display : VPP should be assigned to FramebufferTarget but it was failed ret(0)
07-01 08:44:12.352  4094  4094 E display : [PrimaryDisplay] framebuffer target expected, but not provided
07-01 08:44:12.384  4094  4094 E display : VPP should be assigned to FramebufferTarget but it was failed ret(0)
07-01 08:44:12.386  4094  4094 E display : [PrimaryDisplay] framebuffer target expected, but not provided
07-01 08:44:12.435  4094  4094 E display : VPP should be assigned to FramebufferTarget but it was failed ret(0)
07-01 08:44:12.439  4094  4094 E display : [PrimaryDisplay] framebuffer target expected, but not provided
07-01 08:44:12.469  4094  4094 E display : VPP should be assigned to FramebufferTarget but it was failed ret(0)
07-01 08:44:12.471  4094  4094 E display : [PrimaryDisplay] framebuffer target expected, but not provided
07-01 08:44:12.485  4094  4094 E display : VPP should be assigned to FramebufferTarget but it was failed ret(0)
07-01 08:44:12.488  4094  4094 E display : [PrimaryDisplay] framebuffer target expected, but not provided
07-01 08:44:12.520  4094  4094 E display : VPP should be assigned to FramebufferTarget but it was failed ret(0)
07-01 08:44:12.522  4094  4094 E display : [PrimaryDisplay] framebuffer target expected, but not provided
07-01 08:44:12.553  4094  4094 E display : VPP should be assigned to FramebufferTarget but it was failed ret(0)
07-01 08:44:12.557  4094  4094 E display : [PrimaryDisplay] framebuffer target expected, but not provided
07-01 08:44:12.605  4094  4094 E display : VPP should be assigned to FramebufferTarget but it was failed ret(0)
07-01 08:44:12.609  4094  4094 E display : [PrimaryDisplay] framebuffer target expected, but not provided
07-01 08:44:12.634  4431  4431 E art     : DexFile_getDexOptNeeded file '/system/framework/org.apache.http.legacy.jar' does not exist
07-01 08:44:12.634  4431  4431 W PackageManager: Library not found: /system/framework/org.apache.http.legacy.jar
07-01 08:44:12.634  4431  4431 E art     : DexFile_getDexOptNeeded file '/system/framework/com.android.nfc_extras.jar' does not exist
07-01 08:44:12.634  4431  4431 W PackageManager: Library not found: /system/framework/com.android.nfc_extras.jar
07-01 08:44:12.639  4094  4094 E display : VPP should be assigned to FramebufferTarget but it was failed ret(0)
07-01 08:44:12.643  4094  4094 E display : [PrimaryDisplay] framebuffer target expected, but not provided
07-01 08:44:12.650  4507  4507 I dex2oat : /system/bin/dex2oat --compiler-filter=verify-at-runtime
07-01 08:44:12.673  4094  4094 E display : VPP should be assigned to FramebufferTarget but it was failed ret(0)
07-01 08:44:12.674  4507  4507 I dex2oat : dex2oat took 24.211ms (threads: 8) arena alloc=144B java alloc=109KB native alloc=1052KB free=995KB
07-01 08:44:12.677  4094  4094 E display : [PrimaryDisplay] framebuffer target expected, but not provided
07-01 08:44:12.693  4516  4516 I dex2oat : /system/bin/dex2oat --compiler-filter=verify-at-runtime
07-01 08:44:12.706  4094  4094 E display : VPP should be assigned to FramebufferTarget but it was failed ret(0)
07-01 08:44:12.709  4094  4094 E display : [PrimaryDisplay] framebuffer target expected, but not provided
07-01 08:44:12.710  4516  4516 I dex2oat : dex2oat took 17.891ms (threads: 8) arena alloc=0B java alloc=23KB native alloc=814KB free=977KB
07-01 08:44:12.722  4094  4094 E display : VPP should be assigned to FramebufferTarget but it was failed ret(0)
07-01 08:44:12.725  4094  4094 E display : [PrimaryDisplay] framebuffer target expected, but not provided
07-01 08:44:12.727  4525  4525 I dex2oat : /system/bin/dex2oat --compiler-filter=verify-at-runtime
07-01 08:44:12.753  4525  4525 I dex2oat : dex2oat took 25.723ms (threads: 8) arena alloc=0B java alloc=87KB native alloc=784KB free=1007KB
07-01 08:44:12.757  4094  4094 E display : VPP should be assigned to FramebufferTarget but it was failed ret(0)
