06-02 16:35:07.905  2917  2917 W display : release fence dup failed: Bad file descriptor
06-02 16:35:07.932  3042  3051 E         : invalid gralloc handle (at 0x7fad1eb300)
06-02 16:35:07.932  3042  3051 E         : Runtime and build version of gralloc private structure does not match. Errors will likely follow.
06-02 16:35:07.939  2917  2917 W display : release fence dup failed: Bad file descriptor
06-02 16:35:07.965  3042  3051 E         : invalid gralloc handle (at 0x7fad1eb380)
06-02 16:35:07.965  3042  3051 E         : Runtime and build version of gralloc private structure does not match. Errors will likely follow.
06-02 16:35:07.973  2917  2917 W display : release fence dup failed: Bad file descriptor
06-02 16:35:07.999  3042  3051 E         : invalid gralloc handle (at 0x7fad1eb400)
06-02 16:35:07.999  3042  3051 E         : Runtime and build version of gralloc private structure does not match. Errors will likely follow.
06-02 16:35:08.007  2917  2917 W display : release fence dup failed: Bad file descriptor
06-02 16:35:08.032  3042  3051 E         : invalid gralloc handle (at 0x7fad1eb300)
06-02 16:35:08.032  3042  3051 E         : Runtime and build version of gralloc private structure does not match. Errors will likely follow.
06-02 16:35:08.041  2917  2917 W display : release fence dup failed: Bad file descriptor
06-02 16:35:08.065  3042  3051 E         : invalid gralloc handle (at 0x7fad1eb380)
06-02 16:35:08.065  3042  3051 E         : Runtime and build version of gralloc private structure does not match. Errors will likely follow.
06-02 16:35:08.075  2917  2917 W display : release fence dup failed: Bad file descriptor
06-02 16:35:08.099  3042  3051 E         : invalid gralloc handle (at 0x7fad1eb400)
06-02 16:35:08.099  3042  3051 E         : Runtime and build version of gralloc private structure does not match. Errors will likely follow.
06-02 16:35:08.109  2917  2917 W display : release fence dup failed: Bad file descriptor
06-02 16:35:08.133  3042  3051 E         : invalid gralloc handle (at 0x7fad1eb300)
06-02 16:35:08.133  3042  3051 E         : Runtime and build version of gralloc private structure does not match. Errors will likely follow.
06-02 16:35:08.142  2917  2917 W display : release fence dup failed: Bad file descriptor
06-02 16:35:08.166  3042  3051 E         : invalid gralloc handle (at 0x7fad1eb380)
06-02 16:35:08.166  3042  3051 E         : Runtime and build version of gralloc private structure does not match. Errors will likely follow.
06-02 16:35:08.177  2917  2917 W display : release fence dup failed: Bad file descriptor
06-02 16:35:08.199  3042  3051 E         : invalid gralloc handle (at 0x7fad1eb400)
06-02 16:35:08.199  3042  3051 E         : Runtime and build version of gralloc private structure does not match. Errors will likely follow.
06-02 16:35:08.211  2917  2917 W display : release fence dup failed: Bad file descriptor
06-02 16:35:08.233  3042  3051 E         : invalid gralloc handle (at 0x7fad1eb300)
06-02 16:35:08.233  3042  3051 E         : Runtime and build version of gralloc private structure does not match. Errors will likely follow.
06-02 16:35:08.244  2917  2917 W display : release fence dup failed: Bad file descriptor
06-02 16:35:08.266  3042  3051 E         : invalid gralloc handle (at 0x7fad1eb380)
06-02 16:35:08.266  3042  3051 E         : Runtime and build version of gralloc private structure does not match. Errors will likely follow.
06-02 16:35:08.278  2917  2917 W display : release fence dup failed: Bad file descriptor
06-02 16:35:08.300  3042  3051 E         : invalid gralloc handle (at 0x7fad1eb400)
06-02 16:35:08.300  3042  3051 E         : Runtime and build version of gralloc private structure does not match. Errors will likely follow.
06-02 16:35:08.312  2917  2917 W display : release fence dup failed: Bad file descriptor
06-02 16:35:08.334  3042  3051 E         : invalid gralloc handle (at 0x7fad1eb300)
06-02 16:35:08.334  3042  3051 E         : Runtime and build version of gralloc private structure does not match. Errors will likely follow.
06-02 16:35:08.346  2917  2917 W display : release fence dup failed: Bad file descriptor
06-02 16:35:08.367  3042  3051 E         : invalid gralloc handle (at 0x7fad1eb380)
06-02 16:35:08.367  3042  3051 E         : Runtime and build version of gralloc private structure does not match. Errors will likely follow.
06-02 16:35:08.380  2917  2917 W display : release fence dup failed: Bad file descriptor
06-02 16:35:08.401  3042  3051 E         : invalid gralloc handle (at 0x7fad1eb400)
06-02 16:35:08.401  3042  3051 E         : Runtime and build version of gralloc private structure does not match. Errors will likely follow.
06-02 16:35:08.414  2917  2917 W display : release fence dup failed: Bad file descriptor
06-02 16:35:08.434  3042  3051 E         : invalid gralloc handle (at 0x7fad1eb300)
06-02 16:35:08.434  3042  3051 E         : Runtime and build version of gralloc private structure does not match. Errors will likely follow.
06-02 16:35:08.448  2917  2917 W display : release fence dup failed: Bad file descriptor
06-02 16:35:08.468  3042  3051 E         : invalid gralloc handle (at 0x7fad1eb380)
06-02 16:35:08.468  3042  3051 E         : Runtime and build version of gralloc private structure does not match. Errors will likely follow.
06-02 16:35:08.482  2917  2917 W display : release fence dup failed: Bad file descriptor
06-02 16:35:08.501  3042  3051 E         : invalid gralloc handle (at 0x7fad1eb400)
06-02 16:35:08.501  3042  3051 E         : Runtime and build version of gralloc private structure does not match. Errors will likely follow.
06-02 16:35:08.515  2917  2917 W display : release fence dup failed: Bad file descriptor
06-02 16:35:08.535  3042  3051 E         : invalid gralloc handle (at 0x7fad1eb300)
06-02 16:35:08.535  3042  3051 E         : Runtime and build version of gralloc private structure does not match. Errors will likely follow.
06-02 16:35:08.549  2917  2917 W display : release fence dup failed: Bad file descriptor
06-02 16:35:08.568  3042  3051 E         : invalid gralloc handle (at 0x7fad1eb380)
06-02 16:35:08.568  3042  3051 E         : Runtime and build version of gralloc private structure does not match. Errors will likely follow.
06-02 16:35:08.583  2917  2917 W display : release fence dup failed: Bad file descriptor
06-02 16:35:08.601  3042  3051 E         : invalid gralloc handle (at 0x7fad1eb400)
06-02 16:35:08.601  3042  3051 E         : Runtime and build version of gralloc private structure does not match. Errors will likely follow.
06-02 16:35:08.617  2917  2917 W display : release fence dup failed: Bad file descriptor
06-02 16:35:08.635  3042  3051 E         : invalid gralloc handle (at 0x7fad1eb300)
06-02 16:35:08.635  3042  3051 E         : Runtime and build version of gralloc private structure does not match. Errors will likely follow.
06-02 16:35:08.651  2917  2917 W display : release fence dup failed: Bad file descriptor
06-02 16:35:08.668  3042  3051 E         : invalid gralloc handle (at 0x7fad1eb380)
06-02 16:35:08.668  3042  3051 E         : Runtime and build version of gralloc private structure does not match. Errors will likely follow.
06-02 16:35:08.685  2917  2917 W display : release fence dup failed: Bad file descriptor
06-02 16:35:08.702  3042  3051 E         : invalid gralloc handle (at 0x7fad1eb400)
06-02 16:35:08.702  3042  3051 E         : Runtime and build version of gralloc private structure does not match. Errors will likely follow.
06-02 16:35:08.719  2917  2917 W display : release fence dup failed: Bad file descriptor
06-02 16:35:08.735  3042  3051 E         : invalid gralloc handle (at 0x7fad1eb300)
06-02 16:35:08.735  3042  3051 E         : Runtime and build version of gralloc private structure does not match. Errors will likely follow.
06-02 16:35:08.746  3343  3343 W Zygote  : Got error connecting to zygote, retrying. msg= No such file or directory
06-02 16:35:08.753  2917  2917 W display : release fence dup failed: Bad file descriptor
06-02 16:35:08.769  3042  3051 E         : invalid gralloc handle (at 0x7fad1eb380)
06-02 16:35:08.769  3042  3051 E         : Runtime and build version of gralloc private structure does not match. Errors will likely follow.
06-02 16:35:08.787  2917  2917 W display : release fence dup failed: Bad file descriptor
06-02 16:35:08.802  3042  3051 E         : invalid gralloc handle (at 0x7fad1eb400)
06-02 16:35:08.802  3042  3051 E         : Runtime and build version of gralloc private structure does not match. Errors will likely follow.
06-02 16:35:08.821  2917  2917 W display : release fence dup failed: Bad file descriptor
06-02 16:35:08.837  3042  3051 E         : invalid gralloc handle (at 0x7fad1eb300)
06-02 16:35:08.837  3042  3051 E         : Runtime and build version of gralloc private structure does not match. Errors will likely follow.
06-02 16:35:08.855  2917  2917 W display : release fence dup failed: Bad file descriptor
06-02 16:35:08.870  3042  3051 E         : invalid gralloc handle (at 0x7fad1eb380)
06-02 16:35:08.870  3042  3051 E         : Runtime and build version of gralloc private structure does not match. Errors will likely follow.
06-02 16:35:08.889  2917  2917 W display : release fence dup failed: Bad file descriptor
06-02 16:35:08.904  3042  3051 E         : invalid gralloc handle (at 0x7fad1eb400)
06-02 16:35:08.904  3042  3051 E         : Runtime and build version of gralloc private structure does not match. Errors will likely follow.
06-02 16:35:08.923  2917  2917 W display : release fence dup failed: Bad file descriptor
06-02 16:35:08.937  3042  3051 E         : invalid gralloc handle (at 0x7fad1eb300)
06-02 16:35:08.937  3042  3051 E         : Runtime and build version of gralloc private structure does not match. Errors will likely follow.
06-02 16:35:08.939  2917  2917 W display : release fence dup failed: Bad file descriptor
06-02 16:35:08.971  3042  3051 E         : invalid gralloc handle (at 0x7fad1eb380)
06-02 16:35:08.971  3042  3051 E         : Runtime and build version of gralloc private structure does not match. Errors will likely follow.
06-02 16:35:08.973  2917  2917 W display : release fence dup failed: Bad file descriptor
06-02 16:35:09.004  3042  3051 E         : invalid gralloc handle (at 0x7fad1eb400)
06-02 16:35:09.004  3042  3051 E         : Runtime and build version of gralloc private structure does not match. Errors will likely follow.
06-02 16:35:09.007  2917  2917 W display : release fence dup failed: Bad file descriptor
06-02 16:35:09.038  3042  3051 E         : invalid gralloc handle (at 0x7fad1eb300)
06-02 16:35:09.038  3042  3051 E         : Runtime and build version of gralloc private structure does not match. Errors will likely follow.
06-02 16:35:09.041  2917  2917 W display : release fence dup failed: Bad file descriptor
06-02 16:35:09.072  3042  3051 E         : invalid gralloc handle (at 0x7fad1eb380)
06-02 16:35:09.072  3042  3051 E         : Runtime and build version of gralloc private structure does not match. Errors will likely follow.
06-02 16:35:09.075  2917  2917 W display : release fence dup failed: Bad file descriptor
06-02 16:35:09.105  3042  3051 E         : invalid gralloc handle (at 0x7fad1eb400)
06-02 16:35:09.105  3042  3051 E         : Runtime and build version of gralloc private structure does not match. Errors will likely follow.
06-02 16:35:09.109  2917  2917 W display : release fence dup failed: Bad file descriptor
06-02 16:35:09.139  3042  3051 E         : invalid gralloc handle (at 0x7fad1eb300)
06-02 16:35:09.139  3042  3051 E         : Runtime and build version of gralloc private structure does not match. Errors will likely follow.
06-02 16:35:09.143  2917  2917 W display : release fence dup failed: Bad file descriptor
06-02 16:35:09.172  3042  3051 E         : invalid gralloc handle (at 0x7fad1eb380)
06-02 16:35:09.172  3042  3051 E         : Runtime and build version of gralloc private structure does not match. Errors will likely follow.
06-02 16:35:09.177  2917  2917 W display : release fence dup failed: Bad file descriptor
06-02 16:35:09.206  3042  3051 E         : invalid gralloc handle (at 0x7fad1eb400)
06-02 16:35:09.206  3042  3051 E         : Runtime and build version of gralloc private structure does not match. Errors will likely follow.
06-02 16:35:09.211  2917  2917 W display : release fence dup failed: Bad file descriptor
06-02 16:35:09.239  3042  3051 E         : invalid gralloc handle (at 0x7fad1eb300)
06-02 16:35:09.239  3042  3051 E         : Runtime and build version of gralloc private structure does not match. Errors will likely follow.
06-02 16:35:09.245  2917  2917 W display : release fence dup failed: Bad file descriptor
06-02 16:35:09.273  3042  3051 E         : invalid gralloc handle (at 0x7fad1eb380)
06-02 16:35:09.273  3042  3051 E         : Runtime and build version of gralloc private structure does not match. Errors will likely follow.
06-02 16:35:09.278  2917  2917 W display : release fence dup failed: Bad file descriptor
06-02 16:35:09.306  3042  3051 E         : invalid gralloc handle (at 0x7fad1eb400)
06-02 16:35:09.306  3042  3051 E         : Runtime and build version of gralloc private structure does not match. Errors will likely follow.
06-02 16:35:09.312  2917  2917 W display : release fence dup failed: Bad file descriptor
06-02 16:35:09.340  3042  3051 E         : invalid gralloc handle (at 0x7fad1eb300)
06-02 16:35:09.340  3042  3051 E         : Runtime and build version of gralloc private structure does not match. Errors will likely follow.
06-02 16:35:09.346  2917  2917 W display : release fence dup failed: Bad file descriptor
06-02 16:35:09.375  3042  3051 E         : invalid gralloc handle (at 0x7fad1eb380)
06-02 16:35:09.375  3042  3051 E         : Runtime and build version of gralloc private structure does not match. Errors will likely follow.
06-02 16:35:09.380  2917  2917 W display : release fence dup failed: Bad file descriptor
06-02 16:35:09.408  3042  3051 E         : invalid gralloc handle (at 0x7fad1eb400)
06-02 16:35:09.408  3042  3051 E         : Runtime and build version of gralloc private structure does not match. Errors will likely follow.
06-02 16:35:09.414  2917  2917 W display : release fence dup failed: Bad file descriptor
06-02 16:35:09.442  3042  3051 E         : invalid gralloc handle (at 0x7fad1eb300)
06-02 16:35:09.442  3042  3051 E         : Runtime and build version of gralloc private structure does not match. Errors will likely follow.
06-02 16:35:09.448  2917  2917 W display : release fence dup failed: Bad file descriptor
06-02 16:35:09.475  3042  3051 E         : invalid gralloc handle (at 0x7fad1eb380)
06-02 16:35:09.475  3042  3051 E         : Runtime and build version of gralloc private structure does not match. Errors will likely follow.
06-02 16:35:09.482  2917  2917 W display : release fence dup failed: Bad file descriptor
06-02 16:35:09.509  3042  3051 E         : invalid gralloc handle (at 0x7fad1eb400)
06-02 16:35:09.509  3042  3051 E         : Runtime and build version of gralloc private structure does not match. Errors will likely follow.
06-02 16:35:09.516  2917  2917 W display : release fence dup failed: Bad file descriptor
06-02 16:35:09.542  3042  3051 E         : invalid gralloc handle (at 0x7fad1eb300)
06-02 16:35:09.542  3042  3051 E         : Runtime and build version of gralloc private structure does not match. Errors will likely follow.
06-02 16:35:09.550  2917  2917 W display : release fence dup failed: Bad file descriptor
06-02 16:35:09.576  3042  3051 E         : invalid gralloc handle (at 0x7fad1eb380)
06-02 16:35:09.576  3042  3051 E         : Runtime and build version of gralloc private structure does not match. Errors will likely follow.
06-02 16:35:09.584  2917  2917 W display : release fence dup failed: Bad file descriptor
06-02 16:35:09.609  3042  3051 E         : invalid gralloc handle (at 0x7fad1eb400)
06-02 16:35:09.609  3042  3051 E         : Runtime and build version of gralloc private structure does not match. Errors will likely follow.
06-02 16:35:09.617  2917  2917 W display : release fence dup failed: Bad file descriptor
06-02 16:35:09.643  3042  3051 E         : invalid gralloc handle (at 0x7fad1eb300)
06-02 16:35:09.643  3042  3051 E         : Runtime and build version of gralloc private structure does not match. Errors will likely follow.
06-02 16:35:09.651  2917  2917 W display : release fence dup failed: Bad file descriptor
06-02 16:35:09.676  3042  3051 E         : invalid gralloc handle (at 0x7fad1eb380)
06-02 16:35:09.676  3042  3051 E         : Runtime and build version of gralloc private structure does not match. Errors will likely follow.
06-02 16:35:09.685  2917  2917 W display : release fence dup failed: Bad file descriptor
06-02 16:35:09.710  3042  3051 E         : invalid gralloc handle (at 0x7fad1eb400)
06-02 16:35:09.710  3042  3051 E         : Runtime and build version of gralloc private structure does not match. Errors will likely follow.
06-02 16:35:09.719  2917  2917 W display : release fence dup failed: Bad file descriptor
06-02 16:35:09.743  3042  3051 E         : invalid gralloc handle (at 0x7fad1eb300)
06-02 16:35:09.743  3042  3051 E         : Runtime and build version of gralloc private structure does not match. Errors will likely follow.
06-02 16:35:09.747  3343  3343 W Zygote  : Got error connecting to zygote, retrying. msg= No such file or directory
06-02 16:35:09.753  2917  2917 W display : release fence dup failed: Bad file descriptor
06-02 16:35:09.777  3042  3051 E         : invalid gralloc handle (at 0x7fad1eb380)
06-02 16:35:09.777  3042  3051 E         : Runtime and build version of gralloc private structure does not match. Errors will likely follow.
06-02 16:35:09.787  2917  2917 W display : release fence dup failed: Bad file descriptor
06-02 16:35:09.810  3042  3051 E         : invalid gralloc handle (at 0x7fad1eb400)
06-02 16:35:09.810  3042  3051 E         : Runtime and build version of gralloc private structure does not match. Errors will likely follow.
06-02 16:35:09.821  2917  2917 W display : release fence dup failed: Bad file descriptor
06-02 16:35:09.844  3042  3051 E         : invalid gralloc handle (at 0x7fad1eb300)
06-02 16:35:09.844  3042  3051 E         : Runtime and build version of gralloc private structure does not match. Errors will likely follow.
06-02 16:35:09.855  2917  2917 W display : release fence dup failed: Bad file descriptor
06-02 16:35:09.877  3042  3051 E         : invalid gralloc handle (at 0x7fad1eb380)
06-02 16:35:09.877  3042  3051 E         : Runtime and build version of gralloc private structure does not match. Errors will likely follow.
06-02 16:35:09.889  2917  2917 W display : release fence dup failed: Bad file descriptor
06-02 16:35:09.911  3042  3051 E         : invalid gralloc handle (at 0x7fad1eb400)
06-02 16:35:09.911  3042  3051 E         : Runtime and build version of gralloc private structure does not match. Errors will likely follow.
06-02 16:35:09.923  2917  2917 W display : release fence dup failed: Bad file descriptor
06-02 16:35:09.944  3042  3051 E         : invalid gralloc handle (at 0x7fad1eb300)
06-02 16:35:09.944  3042  3051 E         : Runtime and build version of gralloc private structure does not match. Errors will likely follow.
06-02 16:35:09.960  2917  2917 W display : release fence dup failed: Bad file descriptor
06-02 16:35:09.978  3042  3051 E         : invalid gralloc handle (at 0x7fad1eb380)
06-02 16:35:09.978  3042  3051 E         : Runtime and build version of gralloc private structure does not match. Errors will likely follow.
06-02 16:35:09.990  2917  2917 W display : release fence dup failed: Bad file descriptor
06-02 16:35:10.011  3042  3051 E         : invalid gralloc handle (at 0x7fad1eb400)
06-02 16:35:10.011  3042  3051 E         : Runtime and build version of gralloc private structure does not match. Errors will likely follow.
06-02 16:35:10.024  2917  2917 W display : release fence dup failed: Bad file descriptor
06-02 16:35:10.045  3042  3051 E         : invalid gralloc handle (at 0x7fad1eb300)
06-02 16:35:10.045  3042  3051 E         : Runtime and build version of gralloc private structure does not match. Errors will likely follow.
06-02 16:35:10.058  2917  2917 W display : release fence dup failed: Bad file descriptor
06-02 16:35:10.078  3042  3051 E         : invalid gralloc handle (at 0x7fad1eb380)
06-02 16:35:10.078  3042  3051 E         : Runtime and build version of gralloc private structure does not match. Errors will likely follow.
06-02 16:35:10.092  2917  2917 W display : release fence dup failed: Bad file descriptor
06-02 16:35:10.112  3042  3051 E         : invalid gralloc handle (at 0x7fad1eb400)
06-02 16:35:10.112  3042  3051 E         : Runtime and build version of gralloc private structure does not match. Errors will likely follow.
06-02 16:35:10.126  2917  2917 W display : release fence dup failed: Bad file descriptor
06-02 16:35:10.145  3042  3051 E         : invalid gralloc handle (at 0x7fad1eb300)
06-02 16:35:10.145  3042  3051 E         : Runtime and build version of gralloc private structure does not match. Errors will likely follow.
06-02 16:35:10.160  2917  2917 W display : release fence dup failed: Bad file descriptor
06-02 16:35:10.179  3042  3051 E         : invalid gralloc handle (at 0x7fad1eb380)
06-02 16:35:10.179  3042  3051 E         : Runtime and build version of gralloc private structure does not match. Errors will likely follow.
06-02 16:35:10.196  2917  2917 W display : release fence dup failed: Bad file descriptor
06-02 16:35:10.232  3042  3051 E         : invalid gralloc handle (at 0x7fad1eb400)
06-02 16:35:10.232  3042  3051 E         : Runtime and build version of gralloc private structure does not match. Errors will likely follow.
06-02 16:35:10.247  2917  2917 W display : release fence dup failed: Bad file descriptor
06-02 16:35:10.265  3042  3051 E         : invalid gralloc handle (at 0x7fad1eb300)
06-02 16:35:10.266  3042  3051 E         : Runtime and build version of gralloc private structure does not match. Errors will likely follow.
06-02 16:35:10.280  2917  2917 W display : release fence dup failed: Bad file descriptor
06-02 16:35:10.294  3042  3051 E         : invalid gralloc handle (at 0x7fad1eb380)
06-02 16:35:10.294  3042  3051 E         : Runtime and build version of gralloc private structure does not match. Errors will likely follow.
06-02 16:35:10.314  2917  2917 W display : release fence dup failed: Bad file descriptor
06-02 16:35:10.324  3042  3051 E         : invalid gralloc handle (at 0x7fad1eb400)
06-02 16:35:10.324  3042  3051 E         : Runtime and build version of gralloc private structure does not match. Errors will likely follow.
06-02 16:35:10.330  2917  2917 W display : release fence dup failed: Bad file descriptor
06-02 16:35:10.358  3042  3051 E         : invalid gralloc handle (at 0x7fad1eb300)
06-02 16:35:10.358  3042  3051 E         : Runtime and build version of gralloc private structure does not match. Errors will likely follow.
06-02 16:35:10.364  2917  2917 W display : release fence dup failed: Bad file descriptor
06-02 16:35:10.394  3042  3051 E         : invalid gralloc handle (at 0x7fad1eb380)
06-02 16:35:10.394  3042  3051 E         : Runtime and build version of gralloc private structure does not match. Errors will likely follow.
06-02 16:35:10.416  2917  2917 W display : release fence dup failed: Bad file descriptor
06-02 16:35:10.429  3042  3051 E         : invalid gralloc handle (at 0x7fad1eb400)
06-02 16:35:10.429  3042  3051 E         : Runtime and build version of gralloc private structure does not match. Errors will likely follow.
06-02 16:35:10.449  2917  2917 W display : release fence dup failed: Bad file descriptor
06-02 16:35:10.459  3042  3051 E         : invalid gralloc handle (at 0x7fad1eb300)
06-02 16:35:10.459  3042  3051 E         : Runtime and build version of gralloc private structure does not match. Errors will likely follow.
06-02 16:35:10.466  2917  2917 W display : release fence dup failed: Bad file descriptor
06-02 16:35:10.492  3042  3051 E         : invalid gralloc handle (at 0x7fad1eb380)
06-02 16:35:10.492  3042  3051 E         : Runtime and build version of gralloc private structure does not match. Errors will likely follow.
06-02 16:35:10.499  2917  2917 W display : release fence dup failed: Bad file descriptor
06-02 16:35:10.533  3042  3051 E         : invalid gralloc handle (at 0x7fad1eb400)
06-02 16:35:10.533  3042  3051 E         : Runtime and build version of gralloc private structure does not match. Errors will likely follow.
06-02 16:35:10.552  2917  2917 W display : release fence dup failed: Bad file descriptor
06-02 16:35:10.568  3042  3051 E         : invalid gralloc handle (at 0x7fad1eb300)
06-02 16:35:10.568  3042  3051 E         : Runtime and build version of gralloc private structure does not match. Errors will likely follow.
06-02 16:35:10.585  2917  2917 W display : release fence dup failed: Bad file descriptor
06-02 16:35:10.597  3042  3051 E         : invalid gralloc handle (at 0x7fad1eb380)
06-02 16:35:10.597  3042  3051 E         : Runtime and build version of gralloc private structure does not match. Errors will likely follow.
06-02 16:35:10.619  2917  2917 W display : release fence dup failed: Bad file descriptor
06-02 16:35:10.626  3042  3051 E         : invalid gralloc handle (at 0x7fad1eb400)
06-02 16:35:10.626  3042  3051 E         : Runtime and build version of gralloc private structure does not match. Errors will likely follow.
06-02 16:35:10.635  2917  2917 W display : release fence dup failed: Bad file descriptor
06-02 16:35:10.649  3042  3051 E         : invalid gralloc handle (at 0x7fad1eb300)
06-02 16:35:10.649  3042  3051 E         : Runtime and build version of gralloc private structure does not match. Errors will likely follow.
06-02 16:35:10.669  2917  2917 W display : release fence dup failed: Bad file descriptor
06-02 16:35:10.683  3042  3051 E         : invalid gralloc handle (at 0x7fad1eb380)
06-02 16:35:10.683  3042  3051 E         : Runtime and build version of gralloc private structure does not match. Errors will likely follow.
06-02 16:35:10.702  2917  2917 W display : release fence dup failed: Bad file descriptor
06-02 16:35:10.731  3042  3051 E         : invalid gralloc handle (at 0x7fad1eb400)
06-02 16:35:10.731  3042  3051 E         : Runtime and build version of gralloc private structure does not match. Errors will likely follow.
06-02 16:35:10.736  2917  2917 W display : release fence dup failed: Bad file descriptor
06-02 16:35:10.748  3343  3343 W Zygote  : Got error connecting to zygote, retrying. msg= No such file or directory
06-02 16:35:10.750  3042  3051 E         : invalid gralloc handle (at 0x7fad1eb300)
06-02 16:35:10.750  3042  3051 E         : Runtime and build version of gralloc private structure does not match. Errors will likely follow.
06-02 16:35:10.753  2917  2917 W display : release fence dup failed: Bad file descriptor
06-02 16:35:10.784  3042  3051 E         : invalid gralloc handle (at 0x7fad1eb380)
06-02 16:35:10.784  3042  3051 E         : Runtime and build version of gralloc private structure does not match. Errors will likely follow.
06-02 16:35:10.787  2917  2917 W display : release fence dup failed: Bad file descriptor
06-02 16:35:10.817  3042  3051 E         : invalid gralloc handle (at 0x7fad1eb400)
06-02 16:35:10.817  3042  3051 E         : Runtime and build version of gralloc private structure does not match. Errors will likely follow.
06-02 16:35:10.821  2917  2917 W display : release fence dup failed: Bad file descriptor
06-02 16:35:10.861  3042  3051 E         : invalid gralloc handle (at 0x7fad1eb300)
06-02 16:35:10.862  3042  3051 E         : Runtime and build version of gralloc private structure does not match. Errors will likely follow.
06-02 16:35:10.873  2917  2917 W display : release fence dup failed: Bad file descriptor
06-02 16:35:10.895  3042  3051 E         : invalid gralloc handle (at 0x7fad1eb380)
06-02 16:35:10.895  3042  3051 E         : Runtime and build version of gralloc private structure does not match. Errors will likely follow.
06-02 16:35:10.907  2917  2917 W display : release fence dup failed: Bad file descriptor
06-02 16:35:10.934  3042  3051 E         : invalid gralloc handle (at 0x7fad1eb400)
06-02 16:35:10.934  3042  3051 E         : Runtime and build version of gralloc private structure does not match. Errors will likely follow.
06-02 16:35:10.939  2917  2917 W display : release fence dup failed: Bad file descriptor
06-02 16:35:10.952  3042  3051 E         : invalid gralloc handle (at 0x7fad1eb300)
06-02 16:35:10.952  3042  3051 E         : Runtime and build version of gralloc private structure does not match. Errors will likely follow.
06-02 16:35:10.957  2917  2917 W display : release fence dup failed: Bad file descriptor
06-02 16:35:10.985  3042  3051 E         : invalid gralloc handle (at 0x7fad1eb380)
06-02 16:35:10.985  3042  3051 E         : Runtime and build version of gralloc private structure does not match. Errors will likely follow.
06-02 16:35:10.990  2917  2917 W display : release fence dup failed: Bad file descriptor
06-02 16:35:11.018  3042  3051 E         : invalid gralloc handle (at 0x7fad1eb400)
06-02 16:35:11.019  3042  3051 E         : Runtime and build version of gralloc private structure does not match. Errors will likely follow.
06-02 16:35:11.024  2917  2917 W display : release fence dup failed: Bad file descriptor
06-02 16:35:11.054  3042  3051 E         : invalid gralloc handle (at 0x7fad1eb300)
06-02 16:35:11.054  3042  3051 E         : Runtime and build version of gralloc private structure does not match. Errors will likely follow.
06-02 16:35:11.077  2917  2917 W display : release fence dup failed: Bad file descriptor
06-02 16:35:11.096  3042  3051 E         : invalid gralloc handle (at 0x7fad1eb380)
06-02 16:35:11.096  3042  3051 E         : Runtime and build version of gralloc private structure does not match. Errors will likely follow.
06-02 16:35:11.109  2917  2917 W display : release fence dup failed: Bad file descriptor
06-02 16:35:11.119  3042  3051 E         : invalid gralloc handle (at 0x7fad1eb400)
06-02 16:35:11.119  3042  3051 E         : Runtime and build version of gralloc private structure does not match. Errors will likely follow.
06-02 16:35:11.126  2917  2917 W display : release fence dup failed: Bad file descriptor
06-02 16:35:11.152  3042  3051 E         : invalid gralloc handle (at 0x7fad1eb300)
06-02 16:35:11.153  3042  3051 E         : Runtime and build version of gralloc private structure does not match. Errors will likely follow.
06-02 16:35:11.160  2917  2917 W display : release fence dup failed: Bad file descriptor
06-02 16:35:11.186  3042  3051 E         : invalid gralloc handle (at 0x7fad1eb380)
06-02 16:35:11.186  3042  3051 E         : Runtime and build version of gralloc private structure does not match. Errors will likely follow.
06-02 16:35:11.194  2917  2917 W display : release fence dup failed: Bad file descriptor
06-02 16:35:11.226  3042  3051 E         : invalid gralloc handle (at 0x7fad1eb400)
06-02 16:35:11.226  3042  3051 E         : Runtime and build version of gralloc private structure does not match. Errors will likely follow.
06-02 16:35:11.245  2917  2917 W display : release fence dup failed: Bad file descriptor
06-02 16:35:11.259  3042  3051 E         : invalid gralloc handle (at 0x7fad1eb300)
06-02 16:35:11.259  3042  3051 E         : Runtime and build version of gralloc private structure does not match. Errors will likely follow.
06-02 16:35:11.279  2917  2917 W display : release fence dup failed: Bad file descriptor
06-02 16:35:11.293  3042  3051 E         : invalid gralloc handle (at 0x7fad1eb380)
06-02 16:35:11.293  3042  3051 E         : Runtime and build version of gralloc private structure does not match. Errors will likely follow.
06-02 16:35:11.313  2917  2917 W display : release fence dup failed: Bad file descriptor
06-02 16:35:11.335  3042  3051 E         : invalid gralloc handle (at 0x7fad1eb400)
06-02 16:35:11.335  3042  3051 E         : Runtime and build version of gralloc private structure does not match. Errors will likely follow.
06-02 16:35:11.348  2917  2917 W display : release fence dup failed: Bad file descriptor
06-02 16:35:11.373  3042  3051 E         : invalid gralloc handle (at 0x7fad1eb300)
06-02 16:35:11.373  3042  3051 E         : Runtime and build version of gralloc private structure does not match. Errors will likely follow.
06-02 16:35:11.382  2917  2917 W display : release fence dup failed: Bad file descriptor
06-02 16:35:11.405  3042  3051 E         : invalid gralloc handle (at 0x7fad1eb380)
06-02 16:35:11.405  3042  3051 E         : Runtime and build version of gralloc private structure does not match. Errors will likely follow.
06-02 16:35:11.415  2917  2917 W display : release fence dup failed: Bad file descriptor
06-02 16:35:11.438  3042  3051 E         : invalid gralloc handle (at 0x7fad1eb400)
06-02 16:35:11.438  3042  3051 E         : Runtime and build version of gralloc private structure does not match. Errors will likely follow.
06-02 16:35:11.449  2917  2917 W display : release fence dup failed: Bad file descriptor
06-02 16:35:11.467  3042  3051 E         : invalid gralloc handle (at 0x7fad1eb300)
06-02 16:35:11.467  3042  3051 E         : Runtime and build version of gralloc private structure does not match. Errors will likely follow.
06-02 16:35:11.482  2917  2917 W display : release fence dup failed: Bad file descriptor
06-02 16:35:11.492  3456  3456 I mediaserver: ServiceManager: 0xf664e120
06-02 16:35:11.492  3456  3456 I AudioFlinger: Using default 3000 mSec as standby time.
06-02 16:35:11.493  3456  3456 E BatteryNotifier: batterystats service unavailable!
06-02 16:35:11.493  3456  3456 E BatteryNotifier: batterystats service unavailable!
06-02 16:35:11.493  3456  3456 I CameraService: CameraService started (pid=3456)
06-02 16:35:11.493  3456  3456 I CameraService: CameraService process starting
06-02 16:35:11.493  3456  3456 E BatteryNotifier: batterystats service unavailable!
06-02 16:35:11.494  3456  3456 E BatteryNotifier: batterystats service unavailable!
06-02 16:35:11.494  3456  3456 E CameraService: Could not load camera HAL module: -2 (No such file or directory)
06-02 16:35:11.494  3456  3456 I AudioPolicyService: AudioPolicyService CSTOR in new mode
06-02 16:35:11.495  3456  3456 W APM::HwModule: loadOutput() invalid supported devices
06-02 16:35:11.495  3456  3456 W APM::HwModule: loadOutput() invalid supported devices
06-02 16:35:11.495  3456  3456 W APM::HwModule: loadInput() invalid supported devices
06-02 16:35:11.495  3456  3456 W APM::HwModule: loadInput() invalid supported devices
06-02 16:35:11.495  3456  3456 I APM::ConfigParsingUtils: loadAudioPolicyConfig() loaded /system/etc/audio_policy.conf
06-02 16:35:11.501  3042  3051 E         : invalid gralloc handle (at 0x7fad1eb380)
06-02 16:35:11.501  3042  3051 E         : Runtime and build version of gralloc private structure does not match. Errors will likely follow.
06-02 16:35:11.516  2917  2917 W display : release fence dup failed: Bad file descriptor
06-02 16:35:11.521  3042  3051 E         : invalid gralloc handle (at 0x7fad1eb400)
06-02 16:35:11.521  3042  3051 E         : Runtime and build version of gralloc private structure does not match. Errors will likely follow.
06-02 16:35:11.533  2917  2917 W display : release fence dup failed: Bad file descriptor
06-02 16:35:11.554  3042  3051 E         : invalid gralloc handle (at 0x7fad1eb300)
06-02 16:35:11.555  3042  3051 E         : Runtime and build version of gralloc private structure does not match. Errors will likely follow.
06-02 16:35:11.567  2917  2917 W display : release fence dup failed: Bad file descriptor
06-02 16:35:11.588  3042  3051 E         : invalid gralloc handle (at 0x7fad1eb380)
06-02 16:35:11.588  3042  3051 E         : Runtime and build version of gralloc private structure does not match. Errors will likely follow.
06-02 16:35:11.601  2917  2917 W display : release fence dup failed: Bad file descriptor
06-02 16:35:11.619  3042  3051 E         : invalid gralloc handle (at 0x7fad1eb400)
06-02 16:35:11.619  3042  3051 E         : Runtime and build version of gralloc private structure does not match. Errors will likely follow.
06-02 16:35:11.634  2917  2917 W display : release fence dup failed: Bad file descriptor
06-02 16:35:11.653  3042  3051 E         : invalid gralloc handle (at 0x7fad1eb300)
06-02 16:35:11.653  3042  3051 E         : Runtime and build version of gralloc private structure does not match. Errors will likely follow.
06-02 16:35:11.668  2917  2917 W display : release fence dup failed: Bad file descriptor
06-02 16:35:11.686  3042  3051 E         : invalid gralloc handle (at 0x7fad1eb380)
06-02 16:35:11.686  3042  3051 E         : Runtime and build version of gralloc private structure does not match. Errors will likely follow.
06-02 16:35:11.703  2917  2917 W display : release fence dup failed: Bad file descriptor
06-02 16:35:11.720  3042  3051 E         : invalid gralloc handle (at 0x7fad1eb400)
06-02 16:35:11.721  3042  3051 E         : Runtime and build version of gralloc private structure does not match. Errors will likely follow.
06-02 16:35:11.737  2917  2917 W display : release fence dup failed: Bad file descriptor
06-02 16:35:11.749  3343  3343 W Zygote  : Got error connecting to zygote, retrying. msg= No such file or directory
06-02 16:35:11.774  3042  3051 E         : invalid gralloc handle (at 0x7fad1eb300)
06-02 16:35:11.775  3042  3051 E         : Runtime and build version of gralloc private structure does not match. Errors will likely follow.
06-02 16:35:11.788  2917  2917 W display : release fence dup failed: Bad file descriptor
06-02 16:35:11.806  3042  3051 E         : invalid gralloc handle (at 0x7fad1eb380)
06-02 16:35:11.807  3042  3051 E         : Runtime and build version of gralloc private structure does not match. Errors will likely follow.
06-02 16:35:11.822  2917  2917 W display : release fence dup failed: Bad file descriptor
06-02 16:35:11.840  3042  3051 E         : invalid gralloc handle (at 0x7fad1eb400)
06-02 16:35:11.840  3042  3051 E         : Runtime and build version of gralloc private structure does not match. Errors will likely follow.
06-02 16:35:11.855  2917  2917 W display : release fence dup failed: Bad file descriptor
06-02 16:35:11.869  3042  3051 E         : invalid gralloc handle (at 0x7fad1eb300)
06-02 16:35:11.869  3042  3051 E         : Runtime and build version of gralloc private structure does not match. Errors will likely follow.
06-02 16:35:11.889  2917  2917 W display : release fence dup failed: Bad file descriptor
06-02 16:35:11.902  3042  3051 E         : invalid gralloc handle (at 0x7fad1eb380)
06-02 16:35:11.902  3042  3051 E         : Runtime and build version of gralloc private structure does not match. Errors will likely follow.
06-02 16:35:11.906  2917  2917 W display : release fence dup failed: Bad file descriptor
06-02 16:35:11.933  3042  3051 E         : invalid gralloc handle (at 0x7fad1eb400)
06-02 16:35:11.933  3042  3051 E         : Runtime and build version of gralloc private structure does not match. Errors will likely follow.
06-02 16:35:11.940  2917  2917 W display : release fence dup failed: Bad file descriptor
06-02 16:35:11.955  3042  3051 E         : invalid gralloc handle (at 0x7fad1eb300)
06-02 16:35:11.955  3042  3051 E         : Runtime and build version of gralloc private structure does not match. Errors will likely follow.
06-02 16:35:11.973  2917  2917 W display : release fence dup failed: Bad file descriptor
06-02 16:35:11.981  3456  3456 I AudioFlinger: loadHwModule() Loaded primary audio interface from Samsung audio HW HAL (audio) handle 1
06-02 16:35:11.981  3456  3456 I AudioFlinger: openOutput(), module 1 Device 2, SamplingRate 48000, Format 0x000001, Channels 3, flags a
06-02 16:35:11.981  3456  3456 I AudioFlinger: AudioStreamOut::open(), mHalFormatIsLinearPcm = 1
06-02 16:35:11.981  3456  3456 I AudioFlinger: HAL output buffer size 1024 frames, normal sink buffer size 1024 frames
06-02 16:35:11.982  3456  3456 W EffectsFactory: loadLibrary() failed to open /system/lib/soundfx/libaudioeffectoffload.so
06-02 16:35:11.983  3456  3456 W EffectsFactory: loadLibrary() failed to open /system/lib/soundfx/libexynosvisualizer.so
06-02 16:35:11.984  3456  3456 W EffectsFactory: loadLibrary() failed to open /system/lib/libmysound.so
06-02 16:35:11.984  3456  3456 W EffectsFactory: loadLibrary() failed to open /system/lib/soundfx/libmyspace.so
06-02 16:35:11.984  3456  3456 W EffectsFactory: loadLibrary() failed to open /system/lib/libaudiosa.so
06-02 16:35:11.984  3456  3456 W EffectsFactory: loadLibrary() failed to open /system/lib/soundfx/libaudiosaplus_sec.so
06-02 16:35:11.985  3456  3456 W EffectsFactory: loadLibrary() failed to open /system/lib/libsamsungSoundbooster_plus.so
06-02 16:35:11.985  3456  3456 W EffectsFactory: loadEffect() could not get library soundbooster_plus
06-02 16:35:11.985  3456  3456 W EffectsFactory: addSubEffect() could not get library soundalive_sec
06-02 16:35:11.985  3456  3456 W EffectsFactory: loadEffect() could not add subEffect 
06-02 16:35:11.985  3456  3456 W EffectsFactory: loadEffect() could not get library soundalive
06-02 16:35:11.985  3456  3456 W EffectsFactory: loadEffect() could not get library soundalive
06-02 16:35:11.985  3456  3456 W EffectsFactory: loadEffect() could not get library soundalive
06-02 16:35:11.985  3456  3456 W EffectsFactory: addSubEffect() could not get library visualizer_hw
06-02 16:35:11.985  3456  3456 W EffectsFactory: loadEffect() could not add subEffect 
06-02 16:35:11.985  3456  3456 W EffectsFactory: addSubEffect() could not get library mysound
06-02 16:35:11.985  3456  3456 W EffectsFactory: loadEffect() could not add subEffect 
06-02 16:35:11.985  3456  3456 W EffectsFactory: addSubEffect() could not get library myspace
06-02 16:35:11.985  3456  3456 W EffectsFactory: loadEffect() could not add subEffect 
06-02 16:35:11.985  3456  3456 I BufferProvider: found effect "Multichannel Downmix To Stereo" from The Android Open Source Project
06-02 16:35:11.985  3456  3456 I AudioFlinger: Using module 1 has the primary audio interface
06-02 16:35:11.985  3456  3460 I AudioFlinger: AudioFlinger's thread 0xf4a00000 ready to run
06-02 16:35:11.985  3456  3460 V audio_hw_primary: do_out_standby: output standby: 1
06-02 16:35:11.986  3456  3460 V audio_hw_primary: out_set_parameters: key value pairs: routing=2
06-02 16:35:11.986  3456  3460 E AudioFlinger: no wake lock to update!
06-02 16:35:11.986  3456  3456 I AudioFlinger: openOutput(), module 1 Device 2, SamplingRate 48000, Format 0x000001, Channels 3, flags 4
06-02 16:35:11.986  3456  3456 I AudioFlinger: AudioStreamOut::open(), mHalFormatIsLinearPcm = 1
06-02 16:35:11.986  3456  3456 I AudioFlinger: HAL output buffer size 256 frames, normal sink buffer size 960 frames
06-02 16:35:11.986  3456  3456 E MonoPipe: Failed to fetch local time frequency when constructing a MonoPipe (res = -32).  getNextWriteTimestamp calls will be non-functional
06-02 16:35:11.986  3456  3462 I AudioFlinger: AudioFlinger's thread 0xf46c0000 ready to run
06-02 16:35:11.986  3456  3462 V audio_hw_primary: out_set_parameters: key value pairs: routing=2
06-02 16:35:11.986  3456  3462 V audio_hw_primary: do_out_standby: output standby: 1
06-02 16:35:11.986  3456  3462 E AudioFlinger: no wake lock to update!
06-02 16:35:11.987  3456  3456 V audio_hw_primary: adev_open_input_stream: Requesting input stream with rate: 48000, channels: 0xc
06-02 16:35:11.987  3456  3463 I AudioFlinger: AudioFlinger's thread 0xf43c0000 ready to run
06-02 16:35:11.988  3456  3456 I bt_a2dp_hw: adev_open:  adev_open in A2dp_hw module
06-02 16:35:11.988  3456  3456 I AudioFlinger: loadHwModule() Loaded a2dp audio interface from A2DP Audio HW HAL (audio) handle 5
06-02 16:35:11.988  3456  3456 I AudioFlinger: loadHwModule() Loaded usb audio interface from USB audio HW HAL (audio) handle 6
06-02 16:35:11.988  3042  3051 E         : invalid gralloc handle (at 0x7fad1eb380)
06-02 16:35:11.988  3042  3051 E         : Runtime and build version of gralloc private structure does not match. Errors will likely follow.
06-02 16:35:11.989  3456  3456 I r_submix: adev_open(name=audio_hw_if)
06-02 16:35:11.989  3456  3456 I r_submix: adev_init_check()
06-02 16:35:11.989  3456  3456 I AudioFlinger: loadHwModule() Loaded r_submix audio interface from Wifi Display audio HAL (audio) handle 7
06-02 16:35:11.989  3456  3456 D r_submix: adev_open_input_stream(addr=0)
06-02 16:35:11.989  3456  3456 D r_submix: submix_audio_device_create_pipe_l(addr=0, idx=9)
06-02 16:35:11.989  3456  3456 D r_submix:   now using address 0 for route 9
06-02 16:35:11.989  3456  3464 I AudioFlinger: AudioFlinger's thread 0xf4340000 ready to run
06-02 16:35:11.989  3456  3456 D r_submix: adev_close_input_stream()
06-02 16:35:11.989  3456  3456 D r_submix: submix_audio_device_release_pipe_l(idx=9) addr=0
06-02 16:35:11.989  3456  3456 D r_submix: submix_audio_device_destroy_pipe_l(): pipe destroyed
06-02 16:35:11.990  3456  3456 F libc    : Fatal signal 11 (SIGSEGV), code 1, fault addr 0x0 in tid 3456 (mediaserver)
06-02 16:35:11.990  2920  2920 I DEBUG   : property debug.db.uid not set; NOT waiting for gdb.
06-02 16:35:11.990  2920  2920 I DEBUG   : HINT: adb shell setprop debug.db.uid 100000
06-02 16:35:11.990  2920  2920 I DEBUG   : HINT: adb 