06-02 17:18:34.562  3330  3336 V audio_hw_primary: out_set_parameters: key value pairs: routing=2
06-02 17:18:34.562  3330  3336 V audio_hw_primary: do_out_standby: output standby: 1
06-02 17:18:34.562  3330  3336 E AudioFlinger: no wake lock to update!
06-02 17:18:34.563  3330  3330 V audio_hw_primary: adev_open_input_stream: Requesting input stream with rate: 48000, channels: 0xc
06-02 17:18:34.563  3330  3337 I AudioFlinger: AudioFlinger's thread 0xf4280000 ready to run
06-02 17:18:34.563  3330  3330 I bt_a2dp_hw: adev_open:  adev_open in A2dp_hw module
06-02 17:18:34.563  3330  3330 I AudioFlinger: loadHwModule() Loaded a2dp audio interface from A2DP Audio HW HAL (audio) handle 5
06-02 17:18:34.564  3330  3330 I AudioFlinger: loadHwModule() Loaded usb audio interface from USB audio HW HAL (audio) handle 6
06-02 17:18:34.564  3330  3330 I r_submix: adev_open(name=audio_hw_if)
06-02 17:18:34.564  3330  3330 I r_submix: adev_init_check()
06-02 17:18:34.564  3330  3330 I AudioFlinger: loadHwModule() Loaded r_submix audio interface from Wifi Display audio HAL (audio) handle 7
06-02 17:18:34.564  3330  3330 D r_submix: adev_open_input_stream(addr=0)
06-02 17:18:34.564  3330  3330 D r_submix: submix_audio_device_create_pipe_l(addr=0, idx=9)
06-02 17:18:34.564  3330  3330 D r_submix:   now using address 0 for route 9
06-02 17:18:34.564  3330  3338 I AudioFlinger: AudioFlinger's thread 0xf4200000 ready to run
06-02 17:18:34.564  3330  3330 D r_submix: adev_close_input_stream()
06-02 17:18:34.564  3330  3330 D r_submix: submix_audio_device_release_pipe_l(idx=9) addr=0
06-02 17:18:34.564  3330  3330 D r_submix: submix_audio_device_destroy_pipe_l(): pipe destroyed
06-02 17:18:34.565  3330  3330 F libc    : Fatal signal 11 (SIGSEGV), code 1, fault addr 0x0 in tid 3330 (mediaserver)
06-02 17:18:34.565  2933  2933 I DEBUG   : property debug.db.uid not set; NOT waiting for gdb.
06-02 17:18:34.565  2933  2933 I DEBUG   : HINT: adb shell setprop debug.db.uid 100000
06-02 17:18:34.565  2933  2933 I DEBUG   : HINT: adb forward tcp:5039 tcp:5039
06-02 17:18:34.571  2920  2920 W display : release fence dup failed: Bad file descriptor
06-02 17:18:34.588  2920  2920 W display : release fence dup failed: Bad file descriptor
06-02 17:18:34.615  2933  2933 F DEBUG   : *** *** *** *** *** *** *** *** *** *** *** *** *** *** *** ***
06-02 17:18:34.615  2933  2933 F DEBUG   : Build fingerprint: 'samsung/cm_hero2ltexx/hero2ltexx:6.0.1/MOB30J/b9e0e27e2e:eng/test-keys'
06-02 17:18:34.615  2933  2933 F DEBUG   : Revision: '0'
06-02 17:18:34.615  2933  2933 F DEBUG   : ABI: 'arm'
06-02 17:18:34.615  2933  2933 F DEBUG   : pid: 3330, tid: 3330, name: mediaserver  >>> /system/bin/mediaserver <<<
06-02 17:18:34.615  2933  2933 F DEBUG   : signal 11 (SIGSEGV), code 1 (SEGV_MAPERR), fault addr 0x0
06-02 17:18:34.618  2933  2933 F DEBUG   :     r0 f495e8f4  r1 00000000  r2 65732020  r3 00000007
06-02 17:18:34.618  2933  2933 F DEBUG   :     r4 00000008  r5 f495e8f2  r6 f7385be0  r7 ff957374
06-02 17:18:34.618  2933  2933 F DEBUG   :     r8 f49be00c  r9 f7383431  sl f7383635  fp f495e8f2
06-02 17:18:34.618  2933  2933 F DEBUG   :     ip 00000000  sp ff957330  lr f737e4f7  pc f6ed13c8  cpsr 600f0010
06-02 17:18:34.619  2933  2933 F DEBUG   : 
06-02 17:18:34.619  2933  2933 F DEBUG   : backtrace:
06-02 17:18:34.619  2933  2933 F DEBUG   :     #00 pc 000183c8  /system/lib/libc.so (strcmp+152)
06-02 17:18:34.619  2933  2933 F DEBUG   :     #01 pc 000084f3  /system/lib/libaudiopolicyservice.so
06-02 17:18:34.619  2933  2933 F DEBUG   :     #02 pc 00020370  [stack]
06-02 17:18:34.622  2920  2920 W display : release fence dup failed: Bad file descriptor
06-02 17:18:34.649  3330  3330 W mediaserver: type=1701 audit(0.0:138): auid=4294967295 uid=1013 gid=1005 ses=4294967295 exe="/system/bin/mediaserver" sig=11
06-02 17:18:34.656  2920  2920 W display : release fence dup failed: Bad file descriptor
06-02 17:18:34.658  2933  2933 F DEBUG   : 
06-02 17:18:34.658  2933  2933 F DEBUG   : Tombstone written to: /data/tombstones/tombstone_02
06-02 17:18:34.661  2919  2919 I ServiceManager: service 'media.audio_flinger' died
06-02 17:18:34.661  2919  2919 I ServiceManager: service 'media.player' died
06-02 17:18:34.661  2919  2919 I ServiceManager: service 'media.resource_manager' died
06-02 17:18:34.661  2919  2919 I ServiceManager: service 'media.camera' died
06-02 17:18:34.690  2920  2920 W display : release fence dup failed: Bad file descriptor
06-02 17:18:34.724  2920  2920 W display : release fence dup failed: Bad file descriptor
06-02 17:18:34.758  2920  2920 W display : release fence dup failed: Bad file descriptor
06-02 17:18:34.792  2920  2920 W display : release fence dup failed: Bad file descriptor
06-02 17:18:34.826  2920  2920 W display : release fence dup failed: Bad file descriptor
06-02 17:18:34.859  2920  2920 W display : release fence dup failed: Bad file descriptor
06-02 17:18:34.893  2920  2920 W display : release fence dup failed: Bad file descriptor
06-02 17:18:34.927  2920  2920 W display : release fence dup failed: Bad file descriptor
06-02 17:18:34.961  2920  2920 W display : release fence dup failed: Bad file descriptor
06-02 17:18:34.995  2920  2920 W display : release fence dup failed: Bad file descriptor
06-02 17:18:35.029  2920  2920 W display : release fence dup failed: Bad file descriptor
06-02 17:18:35.063  2920  2920 W display : release fence dup failed: Bad file descriptor
06-02 17:18:35.097  2920  2920 W display : release fence dup failed: Bad file descriptor
06-02 17:18:35.131  2920  2920 W display : release fence dup failed: Bad file descriptor
06-02 17:18:35.164  2920  2920 W display : release fence dup failed: Bad file descriptor
06-02 17:18:35.199  2920  2920 W display : release fence dup failed: Bad file descriptor
06-02 17:18:35.232  2920  2920 W display : release fence dup failed: Bad file descriptor
06-02 17:18:35.266  2920  2920 W display : release fence dup failed: Bad file descriptor
06-02 17:18:35.300  2920  2920 W display : release fence dup failed: Bad file descriptor
06-02 17:18:35.334  2920  2920 W display : release fence dup failed: Bad file descriptor
06-02 17:18:35.368  2920  2920 W display : release fence dup failed: Bad file descriptor
06-02 17:18:35.402  2920  2920 W display : release fence dup failed: Bad file descriptor
06-02 17:18:35.436  2920  2920 W display : release fence dup failed: Bad file descriptor
06-02 17:18:35.470  2920  2920 W display : release fence dup failed: Bad file descriptor
06-02 17:18:35.504  2920  2920 W display : release fence dup failed: Bad file descriptor
06-02 17:18:35.537  2920  2920 W display : release fence dup failed: Bad file descriptor
06-02 17:18:35.540  3318  3318 W Zygote  : Got error connecting to zygote, retrying. msg= No such file or directory
06-02 17:18:35.571  2920  2920 W display : release fence dup failed: Bad file descriptor
06-02 17:18:35.605  2920  2920 W display : release fence dup failed: Bad file descriptor
06-02 17:18:35.639  2920  2920 W display : release fence dup failed: Bad file descriptor
06-02 17:18:35.673  2920  2920 W display : release fence dup failed: Bad file descriptor
06-02 17:18:35.707  2920  2920 W display : release fence dup failed: Bad file descriptor
06-02 17:18:35.741  2920  2920 W display : release fence dup failed: Bad file descriptor
06-02 17:18:35.775  2920  2920 W display : release fence dup failed: Bad file descriptor
06-02 17:18:35.808  2920  2920 W display : release fence dup failed: Bad file descriptor
06-02 17:18:35.843  2920  2920 W display : release fence dup failed: Bad file descriptor
06-02 17:18:35.876  2920  2920 W display : release fence dup failed: Bad file descriptor
06-02 17:18:35.893  2920  2920 W display : release fence dup failed: Bad file descriptor
06-02 17:18:35.927  2920  2920 W display : release fence dup failed: Bad file descriptor
06-02 17:18:35.961  2920  2920 W display : release fence dup failed: Bad file descriptor
06-02 17:18:35.995  2920  2920 W display : release fence dup failed: Bad file descriptor
06-02 17:18:36.029  2920  2920 W display : release fence dup failed: Bad file descriptor
06-02 17:18:36.063  2920  2920 W display : release fence dup failed: Bad file descriptor
06-02 17:18:36.097  2920  2920 W display : release fence dup failed: Bad file descriptor
06-02 17:18:36.130  2920  2920 W display : release fence dup failed: Bad file descriptor
06-02 17:18:36.164  2920  2920 W display : release fence dup failed: Bad file descriptor
06-02 17:18:36.198  2920  2920 W display : release fence dup failed: Bad file descriptor
06-02 17:18:36.232  2920  2920 W display : release fence dup failed: Bad file descriptor
06-02 17:18:36.266  2920  2920 W display : release fence dup failed: Bad file descriptor
06-02 17:18:36.300  2920  2920 W display : release fence dup failed: Bad file descriptor
06-02 17:18:36.334  2920  2920 W display : release fence dup failed: Bad file descriptor
06-02 17:18:36.368  2920  2920 W display : release fence dup failed: Bad file descriptor
06-02 17:18:36.402  2920  2920 W display : release fence dup failed: Bad file descriptor
06-02 17:18:36.436  2920  2920 W display : release fence dup failed: Bad file descriptor
06-02 17:18:36.470  2920  2920 W display : release fence dup failed: Bad file descriptor
06-02 17:18:36.503  2920  2920 W display : release fence dup failed: Bad file descriptor
06-02 17:18:36.538  2920  2920 W display : release fence dup failed: Bad file descriptor
06-02 17:18:36.540  3318  3318 W Zygote  : Got error connecting to zygote, retrying. msg= No such file or directory
06-02 17:18:36.571  2920  2920 W display : release fence dup failed: Bad file descriptor
06-02 17:18:36.605  2920  2920 W display : release fence dup failed: Bad file descriptor
06-02 17:18:36.639  2920  2920 W display : release fence dup failed: Bad file descriptor
06-02 17:18:36.673  2920  2920 W display : release fence dup failed: Bad file descriptor
06-02 17:18:36.707  2920  2920 W display : release fence dup failed: Bad file descriptor
06-02 17:18:36.741  2920  2920 W display : release fence dup failed: Bad file descriptor
06-02 17:18:36.775  2920  2920 W display : release fence dup failed: Bad file descriptor
06-02 17:18:36.808  2920  2920 W display : release fence dup failed: Bad file descriptor
06-02 17:18:36.842  2920  2920 W display : release fence dup failed: Bad file descriptor
06-02 17:18:36.876  2920  2920 W display : release fence dup failed: Bad file descriptor
06-02 17:18:36.910  2920  2920 W display : release fence dup failed: Bad file descriptor
06-02 17:18:36.944  2920  2920 W display : release fence dup failed: Bad file descriptor
06-02 17:18:36.978  2920  2920 W display : release fence dup failed: Bad file descriptor
06-02 17:18:37.012  2920  2920 W display : release fence dup failed: Bad file descriptor
06-02 17:18:37.046  2920  2920 W display : release fence dup failed: Bad file descriptor
06-02 17:18:37.080  2920  2920 W display : release fence dup failed: Bad file descriptor
06-02 17:18:37.114  2920  2920 W display : release fence dup failed: Bad file descriptor
06-02 17:18:37.148  2920  2920 W display : release fence dup failed: Bad file descriptor
06-02 17:18:37.182  2920  2920 W display : release fence dup failed: Bad file descriptor
06-02 17:18:37.198  2920  2920 W display : release fence dup failed: Bad file descriptor
06-02 17:18:37.232  2920  2920 W display : release fence dup failed: Bad file descriptor
06-02 17:18:37.266  2920  2920 W display : release fence dup failed: Bad file descriptor
06-02 17:18:37.300  2920  2920 W display : release fence dup failed: Bad file descriptor
06-02 17:18:37.334  2920  2920 W display : release fence dup failed: Bad file descriptor
06-02 17:18:37.368  2920  2920 W display : release fence dup failed: Bad file descriptor
06-02 17:18:37.402  2920  2920 W display : release fence dup failed: Bad file descriptor
06-02 17:18:37.436  2920  2920 W display : release fence dup failed: Bad file descriptor
06-02 17:18:37.469  2920  2920 W display : release fence dup failed: Bad file descriptor
06-02 17:18:37.504  2920  2920 W display : release fence dup failed: Bad file descriptor
06-02 17:18:37.537  2920  2920 W display : release fence dup failed: Bad file descriptor
06-02 17:18:37.541  3318  3318 W Zygote  : Got error connecting to zygote, retrying. msg= No such file or directory
06-02 17:18:37.571  2920  2920 W display : release fence dup failed: Bad file descriptor
06-02 17:18:37.605  2920  2920 W display : release fence dup failed: Bad file descriptor
06-02 17:18:37.639  2920  2920 W display : release fence dup failed: Bad file descriptor
06-02 17:18:37.673  2920  2920 W display : release fence dup failed: Bad file descriptor
06-02 17:18:37.707  2920  2920 W display : release fence dup failed: Bad file descriptor
06-02 17:18:37.741  2920  2920 W display : release fence dup failed: Bad file descriptor
06-02 17:18:37.775  2920  2920 W display : release fence dup failed: Bad file descriptor
06-02 17:18:37.809  2920  2920 W display : release fence dup failed: Bad file descriptor
06-02 17:18:37.842  2920  2920 W display : release fence dup failed: Bad file descriptor
06-02 17:18:37.876  2920  2920 W display : release fence dup failed: Bad file descriptor
06-02 17:18:37.910  2920  2920 W display : release fence dup failed: Bad file descriptor
06-02 17:18:37.944  2920  2920 W display : release fence dup failed: Bad file descriptor
06-02 17:18:37.978  2920  2920 W display : release fence dup failed: Bad file descriptor
06-02 17:18:38.012  2920  2920 W display : release fence dup failed: Bad file descriptor
06-02 17:18:38.046  2920  2920 W display : release fence dup failed: Bad file descriptor
06-02 17:18:38.080  2920  2920 W display : release fence dup failed: Bad file descriptor
06-02 17:18:38.114  2920  2920 W display : release fence dup failed: Bad file descriptor
06-02 17:18:38.148  2920  2920 W display : release fence dup failed: Bad file descriptor
06-02 17:18:38.182  2920  2920 W display : release fence dup failed: Bad file descriptor
06-02 17:18:38.215  2920  2920 W display : release fence dup failed: Bad file descriptor
06-02 17:18:38.249  2920  2920 W display : release fence dup failed: Bad file descriptor
06-02 17:18:38.283  2920  2920 W display : release fence dup failed: Bad file descriptor
06-02 17:18:38.317  2920  2920 W display : release fence dup failed: Bad file descriptor
06-02 17:18:38.351  2920  2920 W display : release fence dup failed: Bad file descriptor
06-02 17:18:38.385  2920  2920 W display : release fence dup failed: Bad file descriptor
06-02 17:18:38.419  2920  2920 W display : release fence dup failed: Bad file descriptor
06-02 17:18:38.453  2920  2920 W display : release fence dup failed: Bad file descriptor
06-02 17:18:38.487  2920  2920 W display : release fence dup failed: Bad file descriptor
06-02 17:18:38.521  2920  2920 W display : release fence dup failed: Bad file descriptor
06-02 17:18:38.541  3318  3318 W Zygote  : Got error connecting to zygote, retrying. msg= No such file or directory
06-02 17:18:38.554  2920  2920 W display : release fence dup failed: Bad file descriptor
06-02 17:18:38.571  2920  2920 W display : release fence dup failed: Bad file descriptor
06-02 17:18:38.605  2920  2920 W display : release fence dup failed: Bad file descriptor
06-02 17:18:38.639  2920  2920 W display : release fence dup failed: Bad file descriptor
06-02 17:18:38.673  2920  2920 W display : release fence dup failed: Bad file descriptor
06-02 17:18:38.707  2920  2920 W display : release fence dup failed: Bad file descriptor
06-02 17:18:38.741  2920  2920 W display : release fence dup failed: Bad file descriptor
06-02 17:18:38.775  2920  2920 W display : release fence dup failed: Bad file descriptor
06-02 17:18:38.791  3347  3347 I mediaserver: ServiceManager: 0xf678e120
06-02 17:18:38.791  3347  3347 I AudioFlinger: Using default 3000 mSec as standby time.
06-02 17:18:38.791  3347  3347 E BatteryNotifier: batterystats service unavailable!
06-02 17:18:38.791  3347  3347 E BatteryNotifier: batterystats service unavailable!
06-02 17:18:38.791  3347  3347 I CameraService: CameraService started (pid=3347)
06-02 17:18:38.791  3347  3347 I CameraService: CameraService process starting
06-02 17:18:38.791  3347  3347 E BatteryNotifier: batterystats service unavailable!
06-02 17:18:38.791  3347  3347 E BatteryNotifier: batterystats service unavailable!
06-02 17:18:38.792  3347  3347 E CameraService: Could not load camera HAL module: -2 (No such file or directory)
06-02 17:18:38.792  3347  3347 I AudioPolicyService: AudioPolicyService CSTOR in new mode
06-02 17:18:38.793  3347  3347 W APM::HwModule: loadOutput() invalid supported devices
06-02 17:18:38.793  3347  3347 W APM::HwModule: loadOutput() invalid supported devices
06-02 17:18:38.793  3347  3347 W APM::HwModule: loadInput() invalid supported devices
06-02 17:18:38.793  3347  3347 W APM::HwModule: loadInput() invalid supported devices
06-02 17:18:38.793  3347  3347 I APM::ConfigParsingUtils: loadAudioPolicyConfig() loaded /system/etc/audio_policy.conf
06-02 17:18:38.809  2920  2920 W display : release fence dup failed: Bad file descriptor
06-02 17:18:38.843  2920  2920 W display : release fence dup failed: Bad file descriptor
06-02 17:18:38.876  2920  2920 W display : release fence dup failed: Bad file descriptor
06-02 17:18:38.910  2920  2920 W display : release fence dup failed: Bad file descriptor
06-02 17:18:38.944  2920  2920 W display : release fence dup failed: Bad file descriptor
06-02 17:18:38.978  2920  2920 W display : release fence dup failed: Bad file descriptor
06-02 17:18:39.012  2920  2920 W display : release fence dup failed: Bad file descriptor
06-02 17:18:39.046  2920  2920 W display : release fence dup failed: Bad file descriptor
06-02 17:18:39.080  2920  2920 W display : release fence dup failed: Bad file descriptor
06-02 17:18:39.114  2920  2920 W display : release fence dup failed: Bad file descriptor
06-02 17:18:39.148  2920  2920 W display : release fence dup failed: Bad file descriptor
06-02 17:18:39.181  2920  2920 W display : release fence dup failed: Bad file descriptor
06-02 17:18:39.215  2920  2920 W display : release fence dup failed: Bad file descriptor
06-02 17:18:39.249  2920  2920 W display : release fence dup failed: Bad file descriptor
06-02 17:18:39.283  2920  2920 W display : release fence dup failed: Bad file descriptor
06-02 17:18:39.317  2920  2920 W display : release fence dup failed: Bad file descriptor
06-02 17:18:39.324  3347  3347 I AudioFlinger: loadHwModule() Loaded primary audio interface from Samsung audio HW HAL (audio) handle 1
06-02 17:18:39.324  3347  3347 I AudioFlinger: openOutput(), module 1 Device 2, SamplingRate 48000, Format 0x000001, Channels 3, flags a
06-02 17:18:39.324  3347  3347 I AudioFlinger: AudioStreamOut::open(), mHalFormatIsLinearPcm = 1
06-02 17:18:39.324  3347  3347 I AudioFlinger: HAL output buffer size 1024 frames, normal sink buffer size 1024 frames
06-02 17:18:39.325  3347  3347 W EffectsFactory: loadLibrary() failed to open /system/lib/soundfx/libaudioeffectoffload.so
06-02 17:18:39.326  3347  3347 W EffectsFactory: loadLibrary() failed to open /system/lib/soundfx/libexynosvisualizer.so
06-02 17:18:39.327  3347  3347 W EffectsFactory: loadLibrary() failed to open /system/lib/libmysound.so
06-02 17:18:39.327  3347  3347 W EffectsFactory: loadLibrary() failed to open /system/lib/soundfx/libmyspace.so
06-02 17:18:39.327  3347  3347 W EffectsFactory: loadLibrary() failed to open /system/lib/libaudiosa.so
06-02 17:18:39.327  3347  3347 W EffectsFactory: loadLibrary() failed to open /system/lib/soundfx/libaudiosaplus_sec.so
06-02 17:18:39.327  3347  3347 W EffectsFactory: loadLibrary() failed to open /system/lib/libsamsungSoundbooster_plus.so
06-02 17:18:39.327  3347  3347 W EffectsFactory: loadEffect() could not get library soundbooster_plus
06-02 17:18:39.327  3347  3347 W EffectsFactory: addSubEffect() could not get library soundalive_sec
06-02 17:18:39.327  3347  3347 W EffectsFactory: loadEffect() could not add subEffect 
06-02 17:18:39.328  3347  3347 W EffectsFactory: loadEffect() could not get library soundalive
06-02 17:18:39.328  3347  3347 W EffectsFactory: loadEffect() could not get library soundalive
06-02 17:18:39.328  3347  3347 W EffectsFactory: loadEffect() could not get library soundalive
06-02 17:18:39.328  3347  3347 W EffectsFactory: addSubEffect() could not get library visualizer_hw
06-02 17:18:39.328  3347  3347 W EffectsFactory: loadEffect() could not add subEffect 
06-02 17:18:39.328  3347  3347 W EffectsFactory: addSubEffect() could not get library mysound
06-02 17:18:39.328  3347  3347 W EffectsFactory: loadEffect() could not add subEffect 
06-02 17:18:39.328  3347  3347 W EffectsFactory: addSubEffect() could not get library myspace
06-02 17:18:39.328  3347  3347 W EffectsFactory: loadEffect() could not add subEffect 
06-02 17:18:39.328  3347  3347 I BufferProvider: found effect "Multichannel Downmix To Stereo" from The Android Open Source Project
06-02 17:18:39.328  3347  3347 I AudioFlinger: Using module 1 has the primary audio interface
06-02 17:18:39.328  3347  3355 I AudioFlinger: AudioFlinger's thread 0xf4b40000 ready to run
06-02 17:18:39.328  3347  3355 V audio_hw_primary: do_out_standby: output standby: 1
06-02 17:18:39.328  3347  3355 V audio_hw_primary: out_set_parameters: key value pairs: routing=2
06-02 17:18:39.328  3347  3355 E AudioFlinger: no wake lock to update!
06-02 17:18:39.329  3347  3347 I AudioFlinger: openOutput(), module 1 Device 2, SamplingRate 48000, Format 0x000001, Channels 3, flags 4
06-02 17:18:39.329  3347  3347 I AudioFlinger: AudioStreamOut::open(), mHalFormatIsLinearPcm = 1
06-02 17:18:39.329  3347  3347 I AudioFlinger: HAL output buffer size 256 frames, normal sink buffer size 960 frames
06-02 17:18:39.329  3347  3347 E MonoPipe: Failed to fetch local time frequency when constructing a MonoPipe (res = -32).  getNextWriteTimestamp calls will be non-functional
06-02 17:18:39.329  3347  3357 I AudioFlinger: AudioFlinger's thread 0xf4800000 ready to run
06-02 17:18:39.329  3347  3357 V audio_hw_primary: out_set_parameters: key value pairs: routing=2
06-02 17:18:39.329  3347  3357 V audio_hw_primary: do_out_standby: output standby: 1
06-02 17:18:39.329  3347  3357 E AudioFlinger: no wake lock to update!
06-02 17:18:39.329  3347  3347 V audio_hw_primary: adev_open_input_stream: Requesting input stream with rate: 48000, channels: 0xc
06-02 17:18:39.329  3347  3358 I AudioFlinger: AudioFlinger's thread 0xf4500000 ready to run
06-02 17:18:39.330  3347  3347 I bt_a2dp_hw: adev_open:  adev_open in A2dp_hw module
06-02 17:18:39.330  3347  3347 I AudioFlinger: loadHwModule() Loaded a2dp audio interface from A2DP Audio HW HAL (audio) handle 5
06-02 17:18:39.330  3347  3347 I AudioFlinger: loadHwModule() Loaded usb audio interface from USB audio HW HAL (audio) handle 6
06-02 17:18:39.331  3347  3347 I r_submix: adev_open(name=audio_hw_if)
06-02 17:18:39.331  3347  3347 I r_submix: adev_init_check()
06-02 17:18:39.331  3347  3347 I AudioFlinger: loadHwModule() Loaded r_submix audio interface from Wifi Display audio HAL (audio) handle 7
06-02 17:18:39.331  3347  3347 D r_submix: adev_open_input_stream(addr=0)
06-02 17:18:39.331  3347  3347 D r_submix: submix_audio_device_create_pipe_l(addr=0, idx=9)
06-02 17:18:39.331  3347  3347 D r_submix:   now using address 0 for route 9
06-02 17:18:39.331  3347  3359 I AudioFlinger: AudioFlinger's thread 0xf4440000 ready to run
06-02 17:18:39.331  3347  3347 D r_submix: adev_close_input_stream()
06-02 17:18:39.331  3347  3347 D r_submix: submix_audio_device_release_pipe_l(idx=9) addr=0
06-02 17:18:39.331  3347  3347 D r_submix: submix_audio_device_destroy_pipe_l(): pipe destroyed
06-02 17:18:39.332  3347  3347 F libc    : Fatal signal 11 (SIGSEGV), code 1, fault addr 0x0 in tid 3347 (mediaserver)
06-02 17:18:39.332  2933  2933 I DEBUG   : property debug.db.uid not set; NOT waiting for gdb.
06-02 17:18:39.332  2933  2933 I DEBUG   : HINT: adb shell setprop debug.db.uid 100000
06-02 17:18:39.332  2933  2933 I DEBUG   : HINT: adb forward tcp:5039 tcp:5039
06-02 17:18:39.351  2920  2920 W display : release fence dup failed: Bad file descriptor
06-02 17:18:39.382  2933  2933 F DEBUG   : *** *** *** *** *** *** *** *** *** *** *** *** *** *** *** ***
06-02 17:18:39.382  2933  2933 F DEBUG   : Build fingerprint: 'samsung/cm_hero2ltexx/hero2ltexx:6.0.1/MOB30J/b9e0e27e2e:eng/test-keys'
06-02 17:18:39.382  2933  2933 F DEBUG   : Revision: '0'
06-02 17:18:39.382  2933  2933 F DEBUG   : ABI: 'arm'
06-02 17:18:39.382  2933  2933 F DEBUG   : pid: 3347, tid: 3347, name: mediaserver  >>> /system/bin/mediaserver <<<
06-02 17:18:39.382  2933  2933 F DEBUG   : signal 11 (SIGSEGV), code 1 (SEGV_MAPERR), fault addr 0x0
06-02 17:18:39.385  2920  2920 W display : release fence dup failed: Bad file descriptor
06-02 17:18:39.385  2933  2933 F DEBUG   :     r0 f4bde8f4  r1 00000000  r2 65732020  r3 00000007
06-02 17:18:39.385  2933  2933 F DEBUG   :     r4 00000008  r5 f4bde8f2  r6 f75edbe0  r7 ffdad124
06-02 17:18:39.385  2933  2933 F DEBUG   :     r8 f4c3e00c  r9 f75eb431  sl f75eb635  fp f4bde8f2
06-02 17:18:39.385  2933  2933 F DEBUG   :     ip 00000000  sp ffdad0e0  lr f75e64f7  pc f71393c8  cpsr 600f0010
06-02 17:18:39.386  2933  2933 F DEBUG   : 
06-02 17:18:39.386  2933  2933 F DEBUG   : backtrace:
06-02 17:18:39.386  2933  2933 F DEBUG   :     #00 pc 000183c8  /system/lib/libc.so (strcmp+152)
06-02 17:18:39.386  2933  2933 F DEBUG   :     #01 pc 000084f3  /system/lib/libaudiopolicyservice.so
06-02 17:18:39.386  2933  2933 F DEBUG   :     #02 pc 00020120  [stack]
06-02 17:18:39.419  3347  3347 W mediaserver: type=1701 audit(0.0:139): auid=4294967295 uid=1013 gid=1005 ses=4294967295 exe="/system/bin/mediaserver" sig=11
06-02 17:18:39.419  2920  2920 W display : release fence dup failed: Bad file descriptor
06-02 17:18:39.424  2933  2933 F DEBUG   : 
06-02 17:18:39.424  2933  2933 F DEBUG   : Tombstone written to: /data/tombstones/tombstone_03
06-02 17:18:39.426  2919  2919 I ServiceManager: service 'media.audio_flinger' died
06-02 17:18:39.426  2919  2919 I ServiceManager: service 'media.player' died
06-02 17:18:39.426  2919  2919 I ServiceManager: service 'media.resource_manager' died
06-02 17:18:39.426  2919  2919 I ServiceManager: service 'media.camera' died
06-02 17:18:39.453  2920  2920 W display : release fence dup failed: Bad file descriptor
06-02 17:18:39.486  2920  2920 W display : release fence dup failed: Bad file descriptor
06-02 17:18:39.520  2920  2920 W display : release fence dup failed: Bad file descriptor
06-02 17:18:39.541  3318  3318 W Zygote  : Got error connecting to zygote, retrying. msg= No such file or directory
06-02 17:18:39.554  2920  2920 W display : release fence dup failed: Bad file descriptor
06-02 17:18:39.588  2920  2920 W display : release fence dup failed: Bad file descriptor
06-02 17:18:39.622  2920  2920 W display : release fence dup failed: Bad file descriptor
06-02 17:18:39.656  2920  2920 W display : release fence dup failed: Bad file descriptor
06-02 17:18:39.690  2920  2920 W display : release fence dup failed: Bad file descriptor
06-02 17:18:39.724  2920  2920 W display : release fence dup failed: Bad file descriptor
06-02 17:18:39.758  2920  2920 W display : release fence dup failed: Bad file descriptor
06-02 17:18:39.792  2920  2920 W display : release fence dup failed: Bad file descriptor
06-02 17:18:39.826  2920  2920 W display : release fence dup failed: Bad file descriptor
06-02 17:18:39.860  2920  2920 W display : release fence dup failed: Bad file descriptor
06-02 17:18:39.893  2920  2920 W display : release fence dup failed: Bad file descriptor
06-02 17:18:39.910  2920  2920 W display : release fence dup failed: Bad file descriptor
06-02 17:18:39.944  2920  2920 W display : release fence dup failed: Bad file descriptor
06-02 17:18:39.978  2920  2920 W display : release fence dup failed: Bad file descriptor
06-02 17:18:40.012  2920  2920 W display : release fence dup failed: Bad file descriptor
06-02 17:18:40.046  2920  2920 W display : release fence dup failed: Bad file descriptor
06-02 17:18:40.080  2920  2920 W display : release fence dup failed: Bad file descriptor
06-02 17:18:40.114  2920  2920 W display : release fence dup failed: Bad file descriptor
06-02 17:18:40.147  2920  2920 W display : release fence dup failed: Bad file descriptor
06-02 17:18:40.181  2920  2920 W display : release fence dup failed: Bad file descriptor
06-02 17:18:40.215  2920  2920 W display : release fence dup failed: Bad file descriptor
06-02 17:18:40.249  2920  2920 W display : release fence dup failed: Bad file descriptor
06-02 17:18:40.283  2920  2920 W display : release fence dup failed: Bad file descriptor
06-02 17:18:40.317  2920  2920 W display : release fence dup failed: Bad file descriptor
06-02 17:18:40.351  2920  2920 W display : release fence dup failed: Bad file descriptor
06-02 17:18:40.385  2920  2920 W display : release fence dup failed: Bad file descriptor
06-02 17:18:40.419  2920  2920 W display : release fence dup failed: Bad file descriptor
06-02 17:18:40.453  2920  2920 W display : release fence dup failed: Bad file descriptor
06-02 17:18:40.487  2920  2920 W display : release fence dup failed: Bad file descriptor
06-02 17:18:40.520  2920  2920 W display : release fence dup failed: Bad file descriptor
06-02 17:18:40.542  3318  3318 W Zygote  : Got error connecting to zygote, retrying. msg= No such file or directory
06-02 17:18:40.554  2920  2920 W display : release fence dup failed: Bad file descriptor
06-02 17:18:40.588  2920  2920 W display : release fence dup failed: Bad file descriptor
06-02 17:18:40.622  2920  2920 W display : release fence dup failed: Bad file descriptor
06-02 17:18:40.656  2920  2920 W display : release fence dup failed: Bad file descriptor
06-02 17:18:40.690  2920  2920 W display : release fence dup failed: Bad file descriptor
06-02 17:18:40.724  2920  2920 W display : release fence dup failed: Bad file descriptor
06-02 17:18:40.758  2920  2920 W display : release fence dup failed: Bad file descriptor
06-02 17:18:40.792  2920  2920 W display : release fence dup failed: Bad file descriptor
06-02 17:18:40.826  2920  2920 W display : release fence dup failed: Bad file descriptor
06-02 17:18:40.860  2920  2920 W display : release fence dup failed: Bad file descriptor
06-02 17:18:40.893  2920  2920 W display : release fence dup failed: Bad file descriptor
06-02 17:18:40.927  2920  2920 W display : release fence dup failed: Bad file descriptor
06-02 17:18:40.961  2920  2920 W display : release fence dup failed: Bad file descriptor
06-02 17:18:40.995  2920  2920 W display : release fence dup failed: Bad file descriptor
06-02 17:18:41.029  2920  2920 W display : release fence dup failed: Bad file descriptor
06-02 17:18:41.063  2920  2920 W display : release fence dup failed: Bad file descriptor
06-02 17:18:41.097  2920  2920 W display : release fence dup failed: Bad file descriptor
06-02 17:18:41.131  2920  2920 W display : release fence dup failed: Bad file descriptor
06-02 17:18:41.165  2920  2920 W display : release fence dup failed: Bad file descriptor
06-02 17:18:41.198  2920  2920 W display : release fence dup failed: Bad file descriptor
06-02 17:18:41.232  2920  2920 W display : release fence dup failed: Bad file descriptor
06-02 17:18:41.266  2920  2920 W display : release fence dup failed: Bad file descriptor
06-02 17:18:41.283  2920  2920 W display : release fence dup failed: Bad file descriptor
06-02 17:18:41.317  2920  2920 W display : release fence dup failed: Bad file descriptor
06-02 17:18:41.351  2920  2920 W display : release fence dup failed: Bad file descriptor
06-02 17:18:41.385  2920  2920 W display : release fence dup failed: Bad file descriptor
06-02 17:18:41.419  2920  2920 W display : release fence dup failed: Bad file descriptor
06-02 17:18:41.453  2920  2920 W display : release fence dup failed: Bad file descriptor
06-02 17:18:41.486  2920  2920 W display : release fence dup failed: Bad file descriptor
06-02 17:18:41.520  2920  2920 W display : release fence dup failed: Bad file descriptor
06-02 17:18:41.542  3318  3318 W Zygote  : Got error connecting to zygote, retrying. msg= No such file or directory
06-02 17:18:41.554  2920  2920 W display : release fence dup failed: Bad file descriptor
06-02 17:18:41.588  2920  2920 W display : release fence dup failed: Bad file descriptor
06-02 17:18:41.622  2920  2920 W display : release fence dup failed: Bad file descriptor
06-02 17:18:41.656  2920  2920 W display : release fence dup failed: Bad file descriptor
06-02 17:18:41.690  2920  2920 W display : release fence dup failed: Bad file descriptor
06-02 17:18:41.724  2920  2920 W display : release fence dup failed: Bad file descriptor
06-02 17:18:41.758  2920  2920 W display : release fence dup failed: Bad file descriptor
06-02 17:18:41.792  2920  2920 W display : release fence dup failed: Bad file descriptor
06-02 17:18:41.826  2920  2920 W display : release fence dup failed: Bad file descriptor
06-02 17:18:41.859  2920  2920 W display : release fence dup failed: Bad file descriptor
06-02 17:18:41.893  2920  2920 W display : release fence dup failed: Bad file descriptor
06-02 17:18:41.927  2920  2920 W display : release fence dup failed: Bad file descriptor
06-02 17:18:41.961  2920  2920 W display : release fence dup failed: Bad file descriptor
06-02 17:18:41.995  2920  2920 W display : release fence dup failed: Bad file descriptor
06-02 17:18:42.029  2920  2920 W display : release fence dup failed: Bad file descriptor
06-02 17:18:42.063  2920  2920 W display : release fence dup failed: Bad file descriptor
06-02 17:18:42.097  2920  2920 W display : release fence dup failed: Bad file descriptor
06-02 17:18:42.131  2920  2920 W display : release fence dup failed: Bad file descriptor
06-02 17:18:42.164  2920  2920 W display : release fence dup failed: Bad file descriptor
06-02 17:18:42.198  2920  2920 W display : release fence dup failed: Bad file descriptor
06-02 17:18:42.232  2920  2920 W display : release fence dup failed: Bad file descriptor
06-02 17:18:42.266  2920  2920 W display : release fence dup failed: Bad file descriptor
06-02 17:18:42.300  2920  2920 W display : release fence dup failed: Bad file descriptor
06-02 17:18:42.334  2920  2920 W display : release fence dup failed: Bad file descriptor
06-02 17:18:42.368  2920  2920 W display : release fence dup failed: Bad file descriptor
06-02 17:18:42.402  2920  2920 W display : release fence dup failed: Bad file descriptor
06-02 17:18:42.436  2920  2920 W display : release fence dup failed: Bad file descriptor
06-02 17:18:42.470  2920  2920 W display : release fence dup failed: Bad file descriptor
06-02 17:18:42.504  2920  2920 W display : release fence dup failed: Bad file descriptor
06-02 17:18:42.538  2920  2920 W display : release fence dup failed: Bad file descriptor
06-02 17:18:42.543  3318  3318 W Zygote  : Got error connecting to zygote, retrying. msg= No such file or directory
06-02 17:18:42.571  2920  2920 W display : release fence dup failed: Bad file descriptor
06-02 17:18:42.588  2920  2920 W display : release fence dup failed: Bad file descriptor
06-02 17:18:42.622  2920  2920 W display : release fence dup failed: Bad file descriptor
06-02 17:18:42.656  2920  2920 W display : release fence dup failed: Bad file descriptor
06-02 17:18:42.690  2920  2920 W display : release fence dup failed: Bad file descriptor
06-02 17:18:42.724  2920  2920 W display : release fence dup failed: Bad file descriptor
06-02 17:18:42.758  2920  2920 W display : release fence dup failed: Bad file descriptor
06-02 17:18:42.792  2920  2920 W display : release fence dup failed: Bad file descriptor
06-02 17:18:42.826  2920  2920 W display : release fence dup failed: Bad file descriptor
06-02 17:18:42.859  2920  2920 W display : release fence dup failed: Bad file descriptor
06-02 17:18:42.893  2920  2920 W display : release fence dup failed: Bad file descriptor
06-02 17:18:42.927  2920  2920 W display : release fence dup failed: Bad file descriptor
06-02 17:18:42.961  2920  2920 W display : release fence dup failed: Bad file descriptor
06-02 17:18:42.995  2920  2920 W display : release fence dup failed: Bad file descriptor
06-02 17:18:43.029  2920  2920 W display : release fence dup failed: Bad file descriptor
06-02 17:18:43.063  2920  2920 W display : release fence dup failed: Bad file descriptor
06-02 17:18:43.097  2920  2920 W display : release fence dup failed: Bad file descriptor
06-02 17:18:43.131  2920  2920 W display : release fence dup failed: Bad file descriptor
06-02 17:18:43.165  2920  2920 W display : release fence dup failed: Bad file descriptor
06-02 17:18:43.198  2920  2920 W display : release fence dup failed: Bad file descriptor
06-02 17:18:43.232  2920  2920 W display : release fence dup failed: Bad file descriptor
06-02 17:18:43.266  2920  2920 W display : release fence dup failed: Bad file descriptor
06-02 17:18:43.300  2920  2920 W display : release fence dup failed: Bad file descriptor
06-02 17:18:43.334  2920  2920 W display : release fence dup failed: Bad file descriptor
06-02 17:18:43.368  2920  2920 W display : release fence dup failed: Bad file descriptor
06-02 17:18:43.402  2920  2920 W display : release fence dup failed: Bad file descriptor
06-02 17:18:43.436  2920  2920 W display : release fence dup failed: Bad file descriptor
06-02 17:18:43.469  2920  2920 W display : release fence dup failed: Bad file descriptor
06-02 17:18:43.504  2920  2920 W display : release fence dup failed: Bad file descriptor
06-02 17:18:43.537  2920  2920 W display : release fence dup failed: Bad file descriptor
06-02 17:18:43.543  3318  3318 W Zygote  : Got error connecting to zygote, retrying. msg= No such file or directory
06-02 17:18:43.558  3368  3368 I mediaserver: ServiceManager: 0xf654e120
06-02 17:18:43.558  3368  3368 I AudioFlinger: Using default 3000 mSec as standby time.
06-02 17:18:43.558  3368  3368 E BatteryNotifier: batterystats service unavailable!
06-02 17:18:43.558  3368  3368 E BatteryNotifier: batterystats service unavailable!
06-02 17:18:43.558  3368  3368 I CameraService: CameraService started (pid=3368)
06-02 17:18:43.558  3368  3368 I CameraService: CameraService process starting
06-02 17:18:43.558  3368  3368 E BatteryNotifier: batterystats service unavailable!
06-02 17:18:43.558  3368  3368 E BatteryNotifier: batterystats service unavailable!
06-02 17:18:43.559  3368  3368 E CameraService: Could not load camera HAL module: -2 (No such file or directory)
06-02 17:18:43.559  3368  3368 I AudioPolicyService: AudioPolicyService CSTOR in new mode
06-02 17:18:43.559  3368  3368 W APM::HwModule: loadOutput() invalid supported devices
06-02 17:18:43.560  3368  3368 W APM::HwModule: loadOutput() invalid supported devices
06-02 17:18:43.560  3368  3368 W APM::HwModule: loadInput() invalid supported devices
06-02 17:18:43.560  3368  3368 W APM::HwModule: loadInput() invalid supported devices
06-02 17:18:43.560  3368  3368 I APM::ConfigParsingUtils: loadAudioPolicyConfig() loaded /system/etc/audio_policy.conf
06-02 17:18:43.571  2920  2920 W display : release fence dup failed: Bad file descriptor
06-02 17:18:43.605  2920  2920 W display : release fence dup failed: Bad file descriptor
06-02 17:18:43.639  2920  2920 W display : release fence dup failed: Bad file descriptor
06-02 17:18:43.673  2920  2920 W display : release fence dup failed: Bad file descriptor
06-02 17:18:43.707  2920  2920 W display : release fence dup failed: Bad file descriptor
06-02 17:18:43.741  2920  2920 W display : release fence dup failed: Bad file descriptor
06-02 17:18:43.775  2920  2920 W display : release fence dup failed: Bad file descriptor
06-02 17:18:43.809  2920  2920 W display : release fence dup failed: Bad file descriptor
06-02 17:18:43.843  2920  2920 W display : release fence dup failed: Bad file descriptor
06-02 17:18:43.876  2920  2920 W display : release fence dup failed: Bad file descriptor
06-02 17:18:43.910  2920  2920 W display : release fence dup failed: Bad file descriptor
06-02 17:18:43.927  2920  2920 W display : release fence dup failed: Bad file descriptor
06-02 17:18:43.961  2920  2920 W display : release fence dup failed: Bad file descriptor
06-02 17:18:43.995  2920  2920 W display : release fence dup failed: Bad file descriptor
06-02 17:18:44.029  2920  2920 W display : release fence dup failed: Bad file descriptor
06-02 17:18:44.063  2920  2920 W display : release fence dup failed: Bad file descriptor
06-02 17:18:44.091  3368  3368 I AudioFlinger: loadHwModule() Loaded primary audio interface from Samsung audio HW HAL (audio) handle 1
06-02 17:18:44.091  3368  3368 I AudioFlinger: openOutput(), module 1 Device 2, SamplingRate 48000, Format 0x000001, Channels 3, flags a
06-02 17:18:44.091  3368  3368 I AudioFlinger: AudioStreamOut::open(), mHalFormatIsLinearPcm = 1
06-02 17:18:44.091  3368  3368 I AudioFlinger: HAL output buffer size 1024 frames, normal sink buffer size 1024 frames
06-02 17:18:44.092  3368  3368 W EffectsFactory: loadLibrary() failed to open /system/lib/soundfx/libaudioeffectoffload.so
06-02 17:18:44.093  3368  3368 W EffectsFactory: loadLibrary() failed to open /system/lib/soundfx/libexynosvisualizer.so
06-02 17:18:44.094  3368  3368 W EffectsFactory: loadLibrary() failed to open /system/lib/libmysound.so
06-02 17:18:44.094  3368  3368 W EffectsFactory: loadLibrary() failed to open /system/lib/soundfx/libmyspace.so
06-02 17:18:44.094  3368  3368 W EffectsFactory: loadLibrary() failed to open /system/lib/libaudiosa.so
06-02 17:18:44.094  3368  3368 W EffectsFactory: loadLibrary() failed to open /system/lib/soundfx/libaudiosaplus_sec.so
06-02 17:18:44.095  3368  3368 W EffectsFactory: loadLibrary() failed to open /system/lib/libsamsungSoundbooster_plus.so
06-02 17:18:44.095  3368  3368 W EffectsFactory: loadEffect() could not get library soundbooster_plus
06-02 17:18:44.095  3368  3368 W EffectsFactory: addSubEffect() could not get library soundalive_sec
06-02 17:18:44.095  3368  3368 W EffectsFactory: loadEffect() could not add subEffect 
06-02 17:18:44.095  3368  3368 W EffectsFactory: loadEffect() could not get library soundalive
06-02 17:18:44.095  3368  3368 W EffectsFactory: loadEffect() could not get library soundalive
06-02 17:18:44.095  3368  3368 W EffectsFactory: loadEffect() could not get library soundalive
06-02 17:18:44.095  3368  3368 W EffectsFactory: addSubEffect() could not get library visualizer_hw
06-02 17:18:44.095  3368  3368 W EffectsFactory: loadEffect() could not add subEffect 
06-02 17:18:44.095  3368  3368 W EffectsFactory: addSubEffect() could not get library mysound
06-02 17:18:44.095  3368  3368 W EffectsFactory: loadEffect() could not add subEffect 
06-02 17:18:44.095  3368  3368 W EffectsFactory: addSubEffect() could not get library myspace
06-02 17:18:44.095  3368  3368 W EffectsFactory: loadEffect() could not add subEffect 
06-02 17:18:44.095  3368  3368 I BufferProvider: found effect "Multichannel Downmix To Stereo" from The Android Open Source Project
06-02 17:18:44.095  3368  3372 I AudioFlinger: AudioFlinger's thread 0xf4940000 ready to run
06-02 17:18:44.095  3368  3368 I AudioFlinger: Using module 1 has the primary audio interface
06-02 17:18:44.095  3368  3372 V audio_hw_primary: do_out_standby: output standby: 1
06-02 17:18:44.095  3368  3372 V audio_hw_primary: out_set_parameters: key value pairs: routing=2
06-02 17:18:44.095  3368  3372 E AudioFlinger: no wake lock to update!
06-02 17:18:44.096  3368  3368 I AudioFlinger: openOutput(), module 1 Device 2, SamplingRate 48000, Format 0x000001, Channels 3, flags 4
06-02 17:18:44.096  3368  3368 I AudioFlinger: AudioStreamOut::open(), mHalFormatIsLinearPcm = 1
06-02 17:18:44.096  3368  3368 I AudioFlinger: HAL output buffer size 256 frames, normal sink buffer size 960 frames
06-02 17:18:44.096  3368  3368 E MonoPipe: Failed to fetch local time frequency when constructing a MonoPipe (res = -32).  getNextWriteTimestamp calls will be non-functional
06-02 17:18:44.096  3368  3374 I AudioFlinger: AudioFlinger's thread 0xf4600000 ready to run
06-02 17:18:44.096  3368  3374 V audio_hw_primary: out_set_parameters: key value pairs: routing=2
06-02 17:18:44.096  3368  3374 V audio_hw_primary: do_out_standby: output standby: 1
06-02 17:18:44.096  3368  3374 E AudioFlinger: no wake lock to update!
06-02 17:18:44.097  3368  3368 V audio_hw_primary: adev_open_input_stream: Requesting input stream with rate: 48000, channels: 0xc
06-02 17:18:44.097  2920  2920 W display : release fence dup failed: Bad file descriptor
06-02 17:18:44.097  3368  3375 I AudioFlinger: AudioFlinger's thread 0xf4300000 ready to run
06-02 17:18:44.098  3368  3368 I bt_a2dp_hw: adev_open:  adev_open in A2dp_hw module
06-02 17:18:44.098  3368  3368 I AudioFlinger: loadHwModule() Loaded a2dp audio interface from A2DP Audio HW HAL (audio) handle 5
06-02 17:18:44.098  3368  3368 I AudioFlinger: loadHwModule() Loaded usb audio interface from USB audio HW HAL (audio) handle 6
06-02 17:18:44.099  3368  3368 I r_submix: adev_open(name=audio_hw_if)
06-02 17:18:44.099  3368  3368 I r_submix: adev_init_check()
06-02 17:18:44.099  3368  3368 I AudioFlinger: loadHwModule() Loaded r_submix audio interface from Wifi Display audio HAL (audio) handle 7
06-02 17:18:44.099  3368  3368 D r_submix: adev_open_input_stream(addr=0)
06-02 17:18:44.099  3368  3368 D r_submix: submix_audio_device_create_pipe_l(addr=0, idx=9)
06-02 17:18:44.099  3368  3368 D r_submix:   now using address 0 for route 9
06-02 17:18:44.099  3368  3376 I AudioFlinger: AudioFlinger's thread 0xf4240000 ready to run
06-02 17:18:44.099  3368  3368 D r_submix: adev_close_input_stream()
06-02 17:18:44.099  3368  3368 D r_submix: submix_audio_device_release_pipe_l(idx=9) addr=0
06-02 17:18:44.099  3368  3368 D r_submix: submix_audio_device_destroy_pipe_l(): pipe destroyed
06-02 17:18:44.099  3368  3368 F libc    : Fatal signal 11 (SIGSEGV), code 1, fault addr 0x0 in tid 3368 (mediaserver)
06-02 17:18:44.099  2933  2933 I DEBUG   : property debug.db.uid not set; NOT waiting for gdb.
06-02 17:18:44.099  2933  2933 I DEBUG   : HINT: adb shell setprop debug.db.uid 100000
06-02 17:18:44.099  2933  2933 I DEBUG   : HINT: adb forward tcp:5039 tcp:5039
06-02 17:18:44.130  2920  2920 W display : release fence dup failed: Bad file descriptor
06-02 17:18:44.154  2933  2933 F DEBUG   : *** *** *** *** *** *** *** *** *** *** *** *** *** *** *** ***
06-02 17:18:44.154  2933  2933 F DEBUG   : Build fingerprint: 'samsung/cm_hero2ltexx/hero2ltexx:6.0.1/MOB30J/b9e0e27e2e:eng/test-keys'
06-02 17:18:44.154  2933  2933 F DEBUG   : Revision: '0'
06-02 17:18:44.155  2933  2933 F DEBUG   : ABI: 'arm'
06-02 17:18:44.155  2933  2933 F DEBUG   : pid: 3368, tid: 3368, name: mediaserver  >>> /system/bin/mediaserver <<<
06-02 17:18:44.155  2933  2933 F DEBUG   : signal 11 (SIGSEGV), code 1 (SEGV_MAPERR), fault addr 0x0
06-02 17:18:44.158  2933  2933 F DEBUG   :     r0 f49de8f4  r1 00000000  r2 65732020  r3 00000007
06-02 17:18:44.158  2933  2933 F DEBUG   :     r4 00000008  r5 f49de8f2  r6 f73ddbe0  r7 fff3e6e4
06-02 17:18:44.158  2933  2933 F DEBUG   :     r8 f4a3e00c  r9 f73db431  sl f73db635  fp f49de8f2
06-02 17:18:44.158  2933  2933 F DEBUG   :     ip 00000000  sp fff3e6a0  lr f73d64f7  pc f6f293c8  cpsr 600f0010
06-02 17:18:44.158  2933  2933 F DEBUG   : 
06-02 17:18:44.158  2933  2933 F DEBUG   : backtrace:
06-02 17:18:44.158  2933  2933 F DEBUG   :     #00 pc 000183c8  /system/lib/libc.so (strcmp+152)
06-02 17:18:44.158  2933  2933 F DEBUG   :     #01 pc 000084f3  /system/lib/libaudiopolicyservice.so
06-02 17:18:44.158  2933  2933 F DEBUG   :     #02 pc 000206e0  [stack]
06-02 17:18:44.164  2920  2920 W display : release fence dup failed: Bad file descriptor
06-02 17:18:44.197  2933  2933 F DEBUG   : 
06-02 17:18:44.197  2933  2933 F DEBUG   : Tombstone written to: /data/tombstones/tombstone_04
06-02 17:18:44.189  3368  3368 W mediaserver: type=1701 audit(0.0:140): auid=4294967295 uid=1013 gid=1005 ses=4294967295 exe="/system/bin/mediaserver" sig=11
06-02 17:18:44.198  2920  2920 W display : release fence dup failed: Bad file descriptor
06-02 17:18:44.200  2919  2919 I ServiceManager: service 'media.audio_flinger' died
06-02 17:18:44.200  2919  2919 I ServiceManager: service 'media.player' died
06-02 17:18:44.200  2919  2919 I ServiceManager: service 'media.resource_manager' died
06-02 17:18:44.200  2919  2919 I ServiceManager: service 'media.camera' died
06-02 17:18:44.232  2920  2920 W display : release fence dup failed: Bad file descriptor
06-02 17:18:44.266  2920  2920 W display : release fence dup failed: Bad file descriptor
06-02 17:18:44.300  2920  2920 W display : release fence dup failed: Bad file descriptor
06-02 17:18:44.334  2920  2920 W display : release fence dup failed: Bad file descriptor
06-02 17:18:44.368  2920  2920 W display : release fence dup failed: Bad file descriptor
06-02 17:18:44.402  2920  2920 W display : release fence dup failed: Bad file descriptor
06-02 17:18:44.436  2920  2920 W display : release fence dup failed: Bad file descriptor
06-02 17:18:44.469  2920  2920 W display : release fence dup failed: Bad file descriptor
06-02 17:18:44.504  2920  2920 W display : release fence dup failed: Bad file descriptor
06-02 17:18:44.537  2920  2920 W display : release fence dup failed: Bad file descriptor
06-02 17:18:44.543  3318  3318 W Zygote  : Got error connecting to zygote, retrying. msg= No such file or directory
06-02 17:18:44.571  2920  2920 W display : release fence dup failed: Bad file descriptor
06-02 17:18:44.605  2920  2920 W display : release fence dup failed: Bad file descriptor
