--------- beginning of main
06-03 05:30:42.462  3000  3000 W auditd  : type=1325 audit(0.0:2): table=filter family=2 entries=0
06-03 05:30:42.462  3000  3000 W auditd  : type=1325 audit(0.0:3): table=mangle family=2 entries=0
06-03 05:30:42.462  3000  3000 W auditd  : type=1325 audit(0.0:4): table=nat family=2 entries=0
06-03 05:30:42.462  3000  3000 W auditd  : type=1325 audit(0.0:5): table=raw family=2 entries=0
06-03 05:30:42.462  3000  3000 W auditd  : type=1325 audit(0.0:6): table=security family=2 entries=0
06-03 05:30:42.462  3000  3000 W auditd  : type=1325 audit(0.0:7): table=filter family=3 entries=0
06-03 05:30:42.462  3000  3000 W auditd  : type=1325 audit(0.0:8): table=filter family=10 entries=0
06-03 05:30:42.462  3000  3000 W auditd  : type=1325 audit(0.0:9): table=mangle family=10 entries=0
06-03 05:30:42.462  3000  3000 W auditd  : type=1325 audit(0.0:10): table=raw family=10 entries=0
06-03 05:30:42.462  3000  3000 W auditd  : type=1325 audit(0.0:11): table=nat family=10 entries=0
06-03 05:30:42.839  3000  3000 W auditd  : type=1305 audit(0.0:12): audit_pid=2905 old=0 auid=4294967295 ses=4294967295 res=1
06-03 05:30:42.839  3000  3000 W auditd  : type=1305 audit(0.0:13): audit_rate_limit=20 old=0 auid=4294967295 ses=4294967295 res=1
06-03 05:30:42.873  2917  2917 I sysinit : Running /system/etc/init.d/00banner 
06-03 05:30:42.879  2919  2919 I lowmemorykiller: Using in-kernel low memory killer interface
06-03 05:30:42.882  2923  2923 I cm      : ____ _   _ ____ _  _ ____ ____ ____ _  _ _  _ ____ ___ 
--------- beginning of system
06-03 05:30:42.883  2906  2906 I vold    : Vold 3.0 (the awakening) firing up
06-03 05:30:42.884  2906  2906 V vold    : Detected support for: exfat ext4 ntfs vfat
06-03 05:30:42.888  2924  2924 I cm      : |     \_/  |__| |\ | |  | | __ |___ |\ | |\/| |  | |  \ 
06-03 05:30:42.893  2931  2931 I installd: installd firing up
06-03 05:30:42.900  2944  2944 I perfprofd: starting Android Wide Profiling daemon
06-03 05:30:42.901  2927  2927 I DEBUG   : debuggerd: starting
06-03 05:30:42.903  2944  2944 E perfprofd: unable to open configuration file /data/data/com.google.android.gms/files/perfprofd.conf
06-03 05:30:42.904  2944  2944 I perfprofd: random seed set to 2370319567
06-03 05:30:42.905  2946  2946 I fingerprintd: Starting fingerprintd
06-03 05:30:42.912  2925  2925 I Netd    : Netd 1.0 starting
06-03 05:30:42.914  2935  2935 I gatekeeperd: Starting gatekeeperd...
06-03 05:30:42.914  2921  2921 I SurfaceFlinger: SurfaceFlinger is starting
06-03 05:30:42.914  2952  2952 I cm      : |___   |   |  | | \| |__| |__] |___ | \| |  | |__| |__/ 
06-03 05:30:42.914  2921  2921 E SchedPolicy: /system/bin/surfaceflinger add_tid_to_cgroup failed; fd=-1
06-03 05:30:42.914  2921  2921 I SurfaceFlinger: SurfaceFlinger's main thread ready to run. Initializing graphics H/W...
06-03 05:30:42.916  2925  2925 I QtiConnectivityAdapter: Failed to open libconnctrl, some features may not be present.
06-03 05:30:42.916  2925  2925 D TetherController: Setting IP forward enable = 0
06-03 05:30:42.917  2935  2935 W gatekeeperd: falling back to software GateKeeper
06-03 05:30:42.919  2932  2932 I keystore: Found keymaster0 module Keymaster OpenSSL HAL, version 2
06-03 05:30:42.919  2932  2932 I SoftKeymaster: system/keymaster/soft_keymaster_device.cpp, Line 122: Creating device
06-03 05:30:42.919  2932  2932 D SoftKeymaster: system/keymaster/soft_keymaster_device.cpp, Line 123: Device address: 0x7f9f263000
06-03 05:30:42.920  2932  2932 I keystore: Keymaster0 module is software-only.  Using SoftKeymasterDevice instead.
06-03 05:30:42.920  2932  2932 I SoftKeymaster: system/keymaster/soft_keymaster_device.cpp, Line 122: Creating device
06-03 05:30:42.920  2932  2932 D SoftKeymaster: system/keymaster/soft_keymaster_device.cpp, Line 123: Device address: 0x7f9f263300
06-03 05:30:42.920  2932  2932 I keystore: SELinux: Keystore SELinux is disabled.
06-03 05:30:42.925  2926  2926 I DEBUG   : debuggerd: starting
06-03 05:30:42.940  3003  3003 I cm      : Welcome to Android 6.0.1 / CyanogenMod-13.0-20160602-UNOFFICIAL-hero2ltexx 
06-03 05:30:42.946  3005  3005 I sysinit : Running /system/etc/init.d/90userinit 
06-03 05:30:42.949  3000  3000 W auditd  : type=1325 audit(0.0:14): table=filter family=2 entries=4
06-03 05:30:42.949  3000  3000 W auditd  : type=1320 audit(0.0:14): 
06-03 05:30:42.959  3000  3000 W auditd  : type=1325 audit(0.0:15): table=filter family=10 entries=4
06-03 05:30:42.959  3000  3000 W auditd  : type=1320 audit(0.0:15): 
06-03 05:30:42.959  3000  3000 W auditd  : type=1325 audit(0.0:16): table=filter family=2 entries=6
06-03 05:30:42.959  3000  3000 W auditd  : type=1320 audit(0.0:16): 
06-03 05:30:42.963  2921  2921 D libEGL  : loaded /vendor/lib64/egl/libGLES_mali.so
06-03 05:30:42.969  3000  3000 W auditd  : type=1325 audit(0.0:17): table=filter family=10 entries=6
06-03 05:30:42.969  3000  3000 W auditd  : type=1320 audit(0.0:17): 
06-03 05:30:42.979  2921  2921 I gralloc : using (id=)
06-03 05:30:42.979  2921  2921 I gralloc : xres         = 1440 px
06-03 05:30:42.979  2921  2921 I gralloc : yres         = 2560 px
06-03 05:30:42.979  2921  2921 I gralloc : width        = 68 mm (537.882324 dpi)
06-03 05:30:42.979  2921  2921 I gralloc : height       = 122 mm (532.983582 dpi)
06-03 05:30:42.979  2921  2921 I gralloc : refresh rate = 59.31 Hz
06-03 05:30:42.992  2921  2921 E HAL     : load: module=/system/lib64/hw/hwcomposer.exynos5.so
06-03 05:30:42.992  2921  2921 E HAL     : dlopen failed: cannot locate symbol "_ZN20ExynosOverlayDisplay20getDisplayAttributesEj" referenced by "/system/lib64/hw/hwcomposer.exynos5.so"...
06-03 05:30:42.992  2921  2921 E SurfaceFlinger: hwcomposer module not found
06-03 05:30:42.992  2921  2921 I SurfaceFlinger: EGL information:
06-03 05:30:42.992  2921  2921 I SurfaceFlinger: vendor    : Android
06-03 05:30:42.992  2921  2921 I SurfaceFlinger: version   : 1.4 Android META-EGL
06-03 05:30:42.992  2921  2921 I SurfaceFlinger: extensions: EGL_KHR_get_all_proc_addresses EGL_ANDROID_presentation_time EGL_KHR_swap_buffers_with_damage EGL_KHR_image EGL_KHR_image_base EGL_KHR_gl_texture_2D_image EGL_KHR_gl_texture_cubemap_image EGL_KHR_gl_renderbuffer_image EGL_KHR_fence_sync EGL_KHR_create_context EGL_KHR_config_attribs EGL_KHR_surfaceless_context EGL_EXT_create_context_robustness EGL_ANDROID_image_native_buffer EGL_KHR_wait_sync EGL_ANDROID_recordable EGL_KHR_partial_update 
06-03 05:30:42.992  2921  2921 I SurfaceFlinger: Client API: OpenGL_ES
06-03 05:30:42.992  2921  2921 I SurfaceFlinger: EGLSurface: 8-8-8-8, config=0x7fad190128
06-03 05:30:42.992  2921  2921 D         : ro.exynos.dss isEnabled: 0
06-03 05:30:42.997  2921  2921 I SurfaceFlinger: OpenGL ES informations:
06-03 05:30:42.997  2921  2921 I SurfaceFlinger: vendor    : ARM
06-03 05:30:42.997  2921  2921 I SurfaceFlinger: renderer  : Mali-T880
06-03 05:30:42.997  2921  2921 I SurfaceFlinger: version   : OpenGL ES 3.1 v1.r9p0-12dev0.c2bae768d87bf40047e1f310c8de7f16
06-03 05:30:42.997  2921  2921 I SurfaceFlinger: extensions: GL_EXT_debug_marker GL_ARM_rgba8 GL_ARM_mali_shader_binary GL_OES_depth24 GL_OES_depth_texture GL_OES_depth_texture_cube_map GL_OES_packed_depth_stencil GL_OES_rgb8_rgba8 GL_EXT_read_format_bgra GL_OES_compressed_paletted_texture GL_OES_compressed_ETC1_RGB8_texture GL_OES_standard_derivatives GL_OES_EGL_image GL_OES_EGL_image_external GL_OES_EGL_sync GL_OES_texture_npot GL_OES_vertex_half_float GL_OES_required_internalformat GL_OES_vertex_array_object GL_OES_mapbuffer GL_EXT_texture_format_BGRA8888 GL_EXT_texture_rg GL_EXT_texture_type_2_10_10_10_REV GL_OES_fbo_render_mipmap GL_OES_element_index_uint GL_EXT_shadow_samplers GL_OES_texture_compression_astc GL_KHR_texture_compression_astc_ldr GL_KHR_texture_compression_astc_hdr GL_KHR_debug GL_EXT_occlusion_query_boolean GL_EXT_disjoint_timer_query GL_EXT_blend_minmax GL_EXT_discard_framebuffer GL_OES_get_program_binary GL_OES_texture_3D GL_EXT_texture_storage GL_EXT_multisampled_render_to_texture GL_OES_surfaceless_context GL_OES_texture_stencil8 G
06-03 05:30:42.997  2921  2921 I SurfaceFlinger: GL_MAX_TEXTURE_SIZE = 8192
06-03 05:30:42.997  2921  2921 I SurfaceFlinger: GL_MAX_VIEWPORT_DIMS = 8192
06-03 05:30:42.998  2921  2921 D mali_winsys: new_window_surface returns 0x3000,  [1440x2560]-format:1
06-03 05:30:43.015  2921  2921 D SurfaceFlinger: Set power mode=2, type=0 flinger=0x7fad643c00
06-03 05:30:43.019  3000  3000 W auditd  : type=1325 audit(0.0:18): table=filter family=2 entries=7
06-03 05:30:43.019  3000  3000 W auditd  : type=1320 audit(0.0:18): 
06-03 05:30:43.039  3000  3000 W auditd  : type=1325 audit(0.0:19): table=filter family=10 entries=7
06-03 05:30:43.039  3000  3000 W auditd  : type=1320 audit(0.0:19): 
06-03 05:30:43.049  3000  3000 W auditd  : type=1325 audit(0.0:20): table=filter family=2 entries=9
06-03 05:30:43.049  3000  3000 W auditd  : type=1320 audit(0.0:20): 
06-03 05:30:43.059  3000  3000 W auditd  : type=1325 audit(0.0:21): table=filter family=10 entries=9
06-03 05:30:43.059  3000  3000 W auditd  : type=1320 audit(0.0:21): 
06-03 05:30:43.099  3000  3000 W auditd  : type=1325 audit(0.0:22): table=filter family=2 entries=10
06-03 05:30:43.099  3000  3000 W auditd  : type=1320 audit(0.0:22): 
06-03 05:30:43.099  3000  3000 W auditd  : type=1325 audit(0.0:23): table=filter family=10 entries=10
06-03 05:30:43.099  3000  3000 W auditd  : type=1320 audit(0.0:23): 
06-03 05:30:43.109  3000  3000 W auditd  : type=1325 audit(0.0:24): table=filter family=2 entries=12
06-03 05:30:43.109  3000  3000 W auditd  : type=1320 audit(0.0:24): 
06-03 05:30:43.109  3000  3000 W auditd  : type=1325 audit(0.0:25): table=filter family=10 entries=12
06-03 05:30:43.109  3000  3000 W auditd  : type=1320 audit(0.0:25): 
06-03 05:30:43.122  2930  2930 I mediaserver: ServiceManager: 0xf660e120
06-03 05:30:43.122  2930  2930 I AudioFlinger: Using default 3000 mSec as standby time.
06-03 05:30:43.123  2930  2930 E BatteryNotifier: batterystats service unavailable!
06-03 05:30:43.123  2930  2930 E BatteryNotifier: batterystats service unavailable!
06-03 05:30:43.123  2930  2930 I CameraService: CameraService started (pid=2930)
06-03 05:30:43.123  2930  2930 I CameraService: CameraService process starting
06-03 05:30:43.123  2930  2930 E BatteryNotifier: batterystats service unavailable!
06-03 05:30:43.123  2930  2930 E BatteryNotifier: batterystats service unavailable!
06-03 05:30:43.124  2930  2930 E CameraService: Could not load camera HAL module: -2 (No such file or directory)
06-03 05:30:43.125  2930  2930 I AudioPolicyService: AudioPolicyService CSTOR in new mode
06-03 05:30:43.125  2930  2930 E APM::AudioPolicyManager: could not load audio policy configuration file, setting defaults
06-03 05:30:43.140  2921  2921 D SurfaceFlinger: SF. shader cache generated - 26 shaders in 123.849579 ms
06-03 05:30:43.158  3037  3046 D libEGL  : loaded /vendor/lib64/egl/libGLES_mali.so
06-03 05:30:43.159  3000  3000 W auditd  : type=1325 audit(0.0:26): table=filter family=2 entries=13
06-03 05:30:43.159  3000  3000 W auditd  : type=1320 audit(0.0:26): 
06-03 05:30:43.159  3000  3000 W auditd  : type=1325 audit(0.0:27): table=filter family=10 entries=13
06-03 05:30:43.159  3000  3000 W auditd  : type=1320 audit(0.0:27): 
06-03 05:30:43.166  3037  3046 D mali_winsys: new_window_surface returns 0x3000,  [1440x2560]-format:2
06-03 05:30:43.167  3037  3046 D         : ro.exynos.dss isEnabled: 0
06-03 05:30:43.169  3000  3000 W auditd  : type=1325 audit(0.0:28): table=filter family=2 entries=15
06-03 05:30:43.169  3000  3000 W auditd  : type=1320 audit(0.0:28): 
06-03 05:30:43.170  3037  3046 E BootAnimation: couldn't find audio_conf.txt
06-03 05:30:43.179  3000  3000 W auditd  : type=1325 audit(0.0:29): table=filter family=10 entries=15
06-03 05:30:43.179  3000  3000 W auditd  : type=1320 audit(0.0:29): 
06-03 05:30:43.184  3037  3046 D BootAnimation: Use save memory method, maybe small fps in actual.
06-03 05:30:43.209  3000  3000 W auditd  : type=1325 audit(0.0:30): table=filter family=2 entries=16
06-03 05:30:43.209  3000  3000 W auditd  : type=1320 audit(0.0:30): 
06-03 05:30:43.209  3000  3000 W auditd  : type=1325 audit(0.0:31): table=filter family=10 entries=16
06-03 05:30:43.209  3000  3000 W auditd  : type=1320 audit(0.0:31): 
06-03 05:30:43.219  3000  3000 W auditd  : type=1325 audit(0.0:32): table=filter family=2 entries=18
06-03 05:30:43.219  3000  3000 W auditd  : type=1320 audit(0.0:32): 
06-03 05:30:43.229  3000  3000 W auditd  : type=1325 audit(0.0:33): table=filter family=10 entries=18
06-03 05:30:43.294  2933  2933 D AndroidRuntime: >>>>>> START com.android.internal.os.ZygoteInit uid 0 <<<<<<
06-03 05:30:43.304  2921  2921 E         : invalid gralloc handle (at 0x7fad656690)
06-03 05:30:43.304  2921  2921 E         : Runtime and build version of gralloc private structure does not match. Errors will likely follow.
06-03 05:30:43.306  2933  2933 D AndroidRuntime: CheckJNI is ON
06-03 05:30:43.308  2921  2921 E gralloc : invalid gralloc handle (at 0x7fad656690)
06-03 05:30:43.308  2921  2921 E SurfaceFlinger: error posting framebuffer: -22
06-03 05:30:43.310  2933  2933 I art     : option[0]=-Xzygote
06-03 05:30:43.310  2933  2933 I art     : option[1]=-Xcheck:jni
06-03 05:30:43.310  2933  2933 I art     : option[2]=-Xstacktracefile:/data/anr/traces.txt
06-03 05:30:43.310  2933  2933 I art     : option[3]=exit
06-03 05:30:43.310  2933  2933 I art     : option[4]=vfprintf
06-03 05:30:43.310  2933  2933 I art     : option[5]=sensitiveThread
06-03 05:30:43.310  2933  2933 I art     : option[6]=-verbose:gc
06-03 05:30:43.310  2933  2933 I art     : option[7]=-Xms8m
06-03 05:30:43.311  2933  2933 I art     : option[8]=-Xmx512m
06-03 05:30:43.311  2933  2933 I art     : option[9]=-XX:HeapGrowthLimit=256m
06-03 05:30:43.311  2933  2933 I art     : option[10]=-XX:HeapMinFree=2m
06-03 05:30:43.311  2933  2933 I art     : option[11]=-XX:HeapMaxFree=8m
06-03 05:30:43.311  2933  2933 I art     : option[12]=-XX:HeapTargetUtilization=0.75
06-03 05:30:43.311  2933  2933 I art     : option[13]=-Xusejit:true
06-03 05:30:43.311  2933  2933 I art     : option[14]=-agentlib:jdwp=transport=dt_android_adb,suspend=n,server=y
06-03 05:30:43.311  2933  2933 I art     : option[15]=-Xlockprofthreshold:500
06-03 05:30:43.311  2933  2933 I art     : option[16]=-Ximage-compiler-option
06-03 05:30:43.311  2933  2933 I art     : option[17]=--runtime-arg
06-03 05:30:43.311  2933  2933 I art     : option[18]=-Ximage-compiler-option
06-03 05:30:43.311  2933  2933 I art     : option[19]=-Xms64m
06-03 05:30:43.311  2933  2933 I art     : option[20]=-Ximage-compiler-option
06-03 05:30:43.311  2933  2933 I art     : option[21]=--runtime-arg
06-03 05:30:43.311  2933  2933 I art     : option[22]=-Ximage-compiler-option
06-03 05:30:43.311  2933  2933 I art     : option[23]=-Xmx64m
06-03 05:30:43.311  2933  2933 I art     : option[24]=-Ximage-compiler-option
06-03 05:30:43.311  2933  2933 I art     : option[25]=--compiler-filter=verify-at-runtime
06-03 05:30:43.311  2933  2933 I art     : option[26]=-Ximage-compiler-option
06-03 05:30:43.311  2933  2933 I art     : option[27]=--image-classes=/system/etc/preloaded-classes
06-03 05:30:43.311  2933  2933 I art     : option[28]=-Xcompiler-option
06-03 05:30:43.311  2933  2933 I art     : option[29]=--runtime-arg
06-03 05:30:43.311  2933  2933 I art     : option[30]=-Xcompiler-option
06-03 05:30:43.311  2933  2933 I art     : option[31]=-Xms64m
06-03 05:30:43.311  2933  2933 I art     : option[32]=-Xcompiler-option
06-03 05:30:43.311  2933  2933 I art     : option[33]=--runtime-arg
06-03 05:30:43.311  2933  2933 I art     : option[34]=-Xcompiler-option
06-03 05:30:43.311  2933  2933 I art     : option[35]=-Xmx512m
06-03 05:30:43.311  2933  2933 I art     : option[36]=-Xcompiler-option
06-03 05:30:43.311  2933  2933 I art     : option[37]=--compiler-filter=verify-at-runtime
06-03 05:30:43.311  2933  2933 I art     : option[38]=-Ximage-compiler-option
06-03 05:30:43.311  2933  2933 I art     : option[39]=--instruction-set-variant=generic
06-03 05:30:43.311  2933  2933 I art     : option[40]=-Xcompiler-option
06-03 05:30:43.311  2933  2933 I art     : option[41]=--instruction-set-variant=generic
06-03 05:30:43.311  2933  2933 I art     : option[42]=-Ximage-compiler-option
06-03 05:30:43.311  2933  2933 I art     : option[43]=--instruction-set-features=default
06-03 05:30:43.311  2933  2933 I art     : option[44]=-Xcompiler-option
06-03 05:30:43.311  2933  2933 I art     : option[45]=--instruction-set-features=default
06-03 05:30:43.311  2933  2933 I art     : option[46]=-Duser.locale=en-US
06-03 05:30:43.311  2933  2933 I art     : option[47]=--cpu-abilist=arm64-v8a,armeabi
06-03 05:30:43.311  2933  2933 I art     : option[48]=-Xfingerprint:samsung/cm_hero2ltexx/hero2ltexx:6.0.1/MOB30J/b9e0e27e2e:eng/test-keys
06-03 05:30:43.337  2921  2921 E         : invalid gralloc handle (at 0x7fad656620)
06-03 05:30:43.338  2921  2921 E         : Runtime and build version of gralloc private structure does not match. Errors will likely follow.
06-03 05:30:43.342  2921  2921 E gralloc : invalid gralloc handle (at 0x7fad656620)
06-03 05:30:43.342  2921  2921 E SurfaceFlinger: error posting framebuffer: -22
06-03 05:30:43.371  2921  2921 E         : invalid gralloc handle (at 0x7fad6565b0)
06-03 05:30:43.371  2921  2921 E         : Runtime and build version of gralloc private structure does not match. Errors will likely follow.
06-03 05:30:43.375  2921  2921 E gralloc : invalid gralloc handle (at 0x7fad6565b0)
06-03 05:30:43.375  2921  2921 E SurfaceFlinger: error posting framebuffer: -22
06-03 05:30:43.405  2921  2921 E         : invalid gralloc handle (at 0x7fad656540)
06-03 05:30:43.405  2921  2921 E         : Runtime and build version of gralloc private structure does not match. Errors will likely follow.
06-03 05:30:43.407  2933  2933 D ICU     : No timezone override file found: /data/misc/zoneinfo/current/icu/icu_tzdata.dat
06-03 05:30:43.409  2921  2921 E gralloc : invalid gralloc handle (at 0x7fad656540)
06-03 05:30:43.409  2921  2921 E SurfaceFlinger: error posting framebuffer: -22
06-03 05:30:43.472  2921  2921 E         : invalid gralloc handle (at 0x7fad656690)
06-03 05:30:43.472  2921  2921 E         : Runtime and build version of gralloc private structure does not match. Errors will likely follow.
06-03 05:30:43.476  2921  2921 E gralloc : invalid gralloc handle (at 0x7fad656690)
06-03 05:30:43.476  2921  2921 E SurfaceFlinger: error posting framebuffer: -22
06-03 05:30:43.506  2921  2921 E         : invalid gralloc handle (at 0x7fad656620)
06-03 05:30:43.506  2921  2921 E         : Runtime and build version of gralloc private structure does not match. Errors will likely follow.
06-03 05:30:43.510  2921  2921 E gralloc : invalid gralloc handle (at 0x7fad656620)
06-03 05:30:43.510  2921  2921 E SurfaceFlinger: error posting framebuffer: -22
06-03 05:30:43.540  2921  2921 E         : invalid gralloc handle (at 0x7fad6565b0)
06-03 05:30:43.540  2921  2921 E         : Runtime and build version of gralloc private structure does not match. Errors will likely follow.
06-03 05:30:43.544  2921  2921 E gralloc : invalid gralloc handle (at 0x7fad6565b0)
06-03 05:30:43.544  2921  2921 E SurfaceFlinger: error posting framebuffer: -22
06-03 05:30:43.574  2921  2921 E         : invalid gralloc handle (at 0x7fad656540)
06-03 05:30:43.574  2921  2921 E         : Runtime and build version of gralloc private structure does not match. Errors will likely follow.
06-03 05:30:43.578  2921  2921 E gralloc : invalid gralloc handle (at 0x7fad656540)
06-03 05:30:43.578  2921  2921 E SurfaceFlinger: error posting framebuffer: -22
06-03 05:30:43.597  2933  2933 I Radio-JNI: register_android_hardware_Radio DONE
06-03 05:30:43.641  2921  2921 E         : invalid gralloc handle (at 0x7fad656690)
06-03 05:30:43.641  2921  2921 E         : Runtime and build version of gralloc private structure does not match. Errors will likely follow.
06-03 05:30:43.643  2933  2933 I SamplingProfilerIntegration: Profiling disabled.
06-03 05:30:43.644  2933  2933 D Zygote  : begin preload
06-03 05:30:43.645  2921  2921 E gralloc : invalid gralloc handle (at 0x7fad656690)
06-03 05:30:43.645  2921  2921 E SurfaceFlinger: error posting framebuffer: -22
06-03 05:30:43.645  2933  2933 I Zygote  : Preloading classes...
06-03 05:30:43.665  2930  2930 E audio_route: Failed to open /system/etc/mixer_paths.xml
06-03 05:30:43.670  2930  2930 I AudioFlinger: loadHwModule() Loaded primary audio interface from Samsung audio HW HAL (audio) handle 1
06-03 05:30:43.671  2930  2930 I AudioFlinger: openOutput(), module 1 Device 2, SamplingRate 44100, Format 0x000001, Channels 3, flags 2
06-03 05:30:43.671  2930  2930 I AudioFlinger: AudioStreamOut::open(), mHalFormatIsLinearPcm = 1
06-03 05:30:43.671  2930  2930 I AudioFlinger: HAL output buffer size 256 frames, normal sink buffer size 960 frames
06-03 05:30:43.672  2930  2930 W BufferProvider: unable to find downmix effect
06-03 05:30:43.672  2930  2930 E MonoPipe: Failed to fetch local time frequency when constructing a MonoPipe (res = -32).  getNextWriteTimestamp calls will be non-functional
06-03 05:30:43.672  2930  2930 I AudioFlinger: Using module 1 has the primary audio interface
06-03 05:30:43.672  2930  3195 I AudioFlinger: AudioFlinger's thread 0xf4ac0000 ready to run
06-03 05:30:43.673  2930  3195 V audio_hw_primary: do_out_standby: output standby: 1
06-03 05:30:43.673  2930  3195 V audio_hw_primary: out_set_parameters: key value pairs: routing=2
06-03 05:30:43.673  2930  3195 E AudioFlinger: no wake lock to update!
06-03 05:30:43.673  2930  2930 V audio_hw_primary: adev_open_input_stream: Created resampler converting 48000 -> 8000
06-03 05:30:43.673  2930  2930 V audio_hw_primary: adev_open_input_stream: Requesting input stream with rate: 8000, channels: 0xc
06-03 05:30:43.674  2930  3196 I AudioFlinger: AudioFlinger's thread 0xf4740000 ready to run
06-03 05:30:43.674  2930  2930 E SoundTriggerHwService: couldn't load sound trigger module sound_trigger.primary (No such file or directory)
06-03 05:30:43.674  2921  2921 E         : invalid gralloc handle (at 0x7fad656620)
06-03 05:30:43.674  2921  2921 E         : Runtime and build version of gralloc private structure does not match. Errors will likely follow.
06-03 05:30:43.675  2930  2930 I RadioService: RadioService
06-03 05:30:43.675  2930  2930 I RadioService: onFirstRef
06-03 05:30:43.675  2930  2930 E RadioService: couldn't load radio module radio.primary (No such file or directory)
06-03 05:30:43.678  2921  2921 E gralloc : invalid gralloc handle (at 0x7fad656620)
06-03 05:30:43.678  2921  2921 E SurfaceFlinger: error posting framebuffer: -22
06-03 05:30:43.708  2921  2921 E         : invalid gralloc handle (at 0x7fad6565b0)
06-03 05:30:43.708  2921  2921 E         : Runtime and build version of gralloc private structure does not match. Errors will likely follow.
06-03 05:30:43.712  2921  2921 E gralloc : invalid gralloc handle (at 0x7fad6565b0)
06-03 05:30:43.712  2921  2921 E SurfaceFlinger: error posting framebuffer: -22
06-03 05:30:43.742  2921  2921 E         : invalid gralloc handle (at 0x7fad656540)
06-03 05:30:43.742  2921  2921 E         : Runtime and build version of gralloc private structure does not match. Errors will likely follow.
06-03 05:30:43.746  2921  2921 E gralloc : invalid gralloc handle (at 0x7fad656540)
06-03 05:30:43.746  2921  2921 E SurfaceFlinger: error posting framebuffer: -22
06-03 05:30:43.810  2921  2921 E         : invalid gralloc handle (at 0x7fad656690)
06-03 05:30:43.810  2921  2921 E         : Runtime and build version of gralloc private structure does not match. Errors will likely follow.
06-03 05:30:43.813  2921  2921 E gralloc : invalid gralloc handle (at 0x7fad656690)
06-03 05:30:43.813  2921  2921 E SurfaceFlinger: error posting framebuffer: -22
06-03 05:30:43.839  2925  2925 V NatController: runCmd(/system/bin/iptables -w -F natctrl_FORWARD) res=0
06-03 05:30:43.843  2921  2921 E         : invalid gralloc handle (at 0x7fad656620)
06-03 05:30:43.843  2921  2921 E         : Runtime and build version of gralloc private structure does not match. Errors will likely follow.
06-03 05:30:43.844  2925  2925 V NatController: runCmd(/system/bin/iptables -w -A natctrl_FORWARD -j DROP) res=0
06-03 05:30:43.847  2921  2921 E gralloc : invalid gralloc handle (at 0x7fad656620)
06-03 05:30:43.847  2921  2921 E SurfaceFlinger: error posting framebuffer: -22
06-03 05:30:43.848  2925  2925 V NatController: runCmd(/system/bin/iptables -w -t nat -F natctrl_nat_POSTROUTING) res=0
06-03 05:30:43.852  2925  2925 V NatController: runCmd(/system/bin/iptables -w -F natctrl_tether_counters) res=1
06-03 05:30:43.857  2925  2925 V NatController: runCmd(/system/bin/iptables -w -X natctrl_tether_counters) res=1
06-03 05:30:43.861  2925  2925 V NatController: runCmd(/system/bin/iptables -w -N natctrl_tether_counters) res=0
06-03 05:30:43.866  2925  2925 V NatController: runCmd(/system/bin/iptables -w -t mangle -A natctrl_mangle_FORWARD -p tcp --tcp-flags SYN SYN -j TCPMSS --clamp-mss-to-pmtu) res=0
06-03 05:30:43.877  2921  2921 E         : invalid gralloc handle (at 0x7fad6565b0)
06-03 05:30:43.877  2921  2921 E         : Runtime and build version of gralloc private structure does not match. Errors will likely follow.
06-03 05:30:43.881  2921  2921 E gralloc : invalid gralloc handle (at 0x7fad6565b0)
06-03 05:30:43.881  2921  2921 E SurfaceFlinger: error posting framebuffer: -22
06-03 05:30:43.911  2921  2921 E         : invalid gralloc handle (at 0x7fad656540)
06-03 05:30:43.911  2921  2921 E         : Runtime and build version of gralloc private structure does not match. Errors will likely follow.
06-03 05:30:43.914  2921  2921 E gralloc : invalid gralloc handle (at 0x7fad656540)
06-03 05:30:43.914  2921  2921 E SurfaceFlinger: error posting framebuffer: -22
06-03 05:30:43.961  2921  2921 E         : invalid gralloc handle (at 0x7fad656690)
06-03 05:30:43.961  2921  2921 E         : Runtime and build version of gralloc private structure does not match. Errors will likely follow.
06-03 05:30:43.965  2921  2921 E gralloc : invalid gralloc handle (at 0x7fad656690)
06-03 05:30:43.965  2921  2921 E SurfaceFlinger: error posting framebuffer: -22
06-03 05:30:43.995  2921  2921 E         : invalid gralloc handle (at 0x7fad656620)
06-03 05:30:43.995  2921  2921 E         : Runtime and build version of gralloc private structure does not match. Errors will likely follow.
06-03 05:30:43.999  2921  2921 E gralloc : invalid gralloc handle (at 0x7fad656620)
06-03 05:30:43.999  2921  2921 E SurfaceFlinger: error posting framebuffer: -22
06-03 05:30:44.028  2921  2921 E         : invalid gralloc handle (at 0x7fad6565b0)
06-03 05:30:44.028  2921  2921 E         : Runtime and build version of gralloc private structure does not match. Errors will likely follow.
06-03 05:30:44.032  2921  2921 E gralloc : invalid gralloc handle (at 0x7fad6565b0)
06-03 05:30:44.032  2921  2921 E SurfaceFlinger: error posting framebuffer: -22
06-03 05:30:44.062  2921  2921 E         : invalid gralloc handle (at 0x7fad656540)
06-03 05:30:44.062  2921  2921 E         : Runtime and build version of gralloc private structure does not match. Errors will likely follow.
06-03 05:30:44.066  2921  2921 E gralloc : invalid gralloc handle (at 0x7fad656540)
06-03 05:30:44.066  2921  2921 E SurfaceFlinger: error posting framebuffer: -22
06-03 05:30:44.095  2933  2933 E Minikin : addFont failed to create font /system/fonts/NanumGothic.ttf
06-03 05:30:44.095  2933  2933 E Minikin : addFont failed to create font /system/fonts/DroidSansFallback.ttf
06-03 05:30:44.095  2933  2933 E Minikin : addFont failed to create font /system/fonts/MTLmr3m.ttf
06-03 05:30:44.109  3000  3000 W auditd  : type=1325 audit(0.0:136): table=mangle family=10 entries=12
06-03 05:30:44.109  3000  3000 W auditd  : type=1320 audit(0.0:136): 
06-03 05:30:44.130  2921  2921 E         : invalid gralloc handle (at 0x7fad656690)
06-03 05:30:44.130  2921  2921 E         : Runtime and build version of gralloc private structure does not match. Errors will likely follow.
06-03 05:30:44.133  2921  2921 E gralloc : invalid gralloc handle (at 0x7fad656690)
06-03 05:30:44.133  2921  2921 E SurfaceFlinger: error posting framebuffer: -22
06-03 05:30:44.163  2921  2921 E         : invalid gralloc handle (at 0x7fad656620)
06-03 05:30:44.163  2921  2921 E         : Runtime and build version of gralloc private structure does not match. Errors will likely follow.
06-03 05:30:44.167  2921  2921 E gralloc : invalid gralloc handle (at 0x7fad656620)
06-03 05:30:44.167  2921  2921 E SurfaceFlinger: error posting framebuffer: -22
06-03 05:30:44.193  2933  2933 V DngCreator_JNI: DngCreator_nativeClassInit:
06-03 05:30:44.197  2921  2921 E         : invalid gralloc handle (at 0x7fad6565b0)
06-03 05:30:44.197  2921  2921 E         : Runtime and build version of gralloc private structure does not match. Errors will likely follow.
06-03 05:30:44.201  2921  2921 E gralloc : invalid gralloc handle (at 0x7fad6565b0)
06-03 05:30:44.201  2921  2921 E SurfaceFlinger: error posting framebuffer: -22
06-03 05:30:44.231  2921  2921 E         : invalid gralloc handle (at 0x7fad656540)
06-03 05:30:44.231  2921  2921 E         : Runtime and build version of gralloc private structure does not match. Errors will likely follow.
06-03 05:30:44.235  2921  2921 E gralloc : invalid gralloc handle (at 0x7fad656540)
06-03 05:30:44.235  2921  2921 E SurfaceFlinger: error posting framebuffer: -22
06-03 05:30:44.298  2921  2921 E         : invalid gralloc handle (at 0x7fad656690)
06-03 05:30:44.298  2921  2921 E         : Runtime and build version of gralloc private structure does not match. Errors will likely follow.
06-03 05:30:44.302  2921  2921 E gralloc : invalid gralloc handle (at 0x7fad656690)
06-03 05:30:44.302  2921  2921 E SurfaceFlinger: error posting framebuffer: -22
06-03 05:30:44.303  2925  2925 E Netd    : cannot find interface dummy0
06-03 05:30:44.304  2925  2925 D MDnsDS  : MDnsSdListener::Hander starting up
06-03 05:30:44.304  2925  3306 D MDnsDS  : MDnsSdListener starting to monitor
06-03 05:30:44.304  2925  3306 D MDnsDS  : Going to poll with pollCount 1
06-03 05:30:44.332  2921  2921 E         : invalid gralloc handle (at 0x7fad656620)
06-03 05:30:44.332  2921  2921 E         : Runtime and build version of gralloc private structure does not match. Errors will likely follow.
06-03 05:30:44.335  2921  2921 E gralloc : invalid gralloc handle (at 0x7fad656620)
06-03 05:30:44.335  2921  2921 E SurfaceFlinger: error posting framebuffer: -22
06-03 05:30:44.366  2921  2921 E         : invalid gralloc handle (at 0x7fad6565b0)
06-03 05:30:44.366  2921  2921 E         : Runtime and build version of gralloc private structure does not match. Errors will likely follow.
06-03 05:30:44.369  2921  2921 E gralloc : invalid gralloc handle (at 0x7fad6565b0)
06-03 05:30:44.369  2921  2921 E SurfaceFlinger: error posting framebuffer: -22
06-03 05:30:44.399  2921  2921 E         : invalid gralloc handle (at 0x7fad656540)
06-03 05:30:44.399  2921  2921 E         : Runtime and build version of gralloc private structure does not match. Errors will likely follow.
06-03 05:30:44.403  2921  2921 E gralloc : invalid gralloc handle (at 0x7fad656540)
06-03 05:30:44.403  2921  2921 E SurfaceFlinger: error posting framebuffer: -22
06-03 05:30:44.467  2921  2921 E         : invalid gralloc handle (at 0x7fad656690)
06-03 05:30:44.467  2921  2921 E         : Runtime and build version of gralloc private structure does not match. Errors will likely follow.
06-03 05:30:44.470  2921  2921 E gralloc : invalid gralloc handle (at 0x7fad656690)
06-03 05:30:44.470  2921  2921 E SurfaceFlinger: error posting framebuffer: -22
06-03 05:30:44.501  2921  2921 E         : invalid gralloc handle (at 0x7fad656620)
06-03 05:30:44.501  2921  2921 E         : Runtime and build version of gralloc private structure does not match. Errors will likely follow.
06-03 05:30:44.504  2921  2921 E gralloc : invalid gralloc handle (at 0x7fad656620)
06-03 05:30:44.504  2921  2921 E SurfaceFlinger: error posting framebuffer: -22
06-03 05:30:44.534  2921  2921 E         : invalid gralloc handle (at 0x7fad6565b0)
06-03 05:30:44.534  2921  2921 E         : Runtime and build version of gralloc private structure does not match. Errors will likely follow.
06-03 05:30:44.538  2921  2921 E gralloc : invalid gralloc handle (at 0x7fad6565b0)
06-03 05:30:44.538  2921  2921 E SurfaceFlinger: error posting framebuffer: -22
06-03 05:30:44.568  2921  2921 E         : invalid gralloc handle (at 0x7fad656540)
06-03 05:30:44.568  2921  2921 E         : Runtime and build version of gralloc private structure does not match. Errors will likely follow.
06-03 05:30:44.572  2921  2921 E gralloc : invalid gralloc handle (at 0x7fad656540)
06-03 05:30:44.572  2921  2921 E SurfaceFlinger: error posting framebuffer: -22
06-03 05:30:44.636  2921  2921 E         : invalid gralloc handle (at 0x7fad656690)
06-03 05:30:44.636  2921  2921 E         : Runtime and build version of gralloc private structure does not match. Errors will likely follow.
06-03 05:30:44.639  2921  2921 E gralloc : invalid gralloc handle (at 0x7fad656690)
06-03 05:30:44.639  2921  2921 E SurfaceFlinger: error posting framebuffer: -22
06-03 05:30:44.669  2921  2921 E         : invalid gralloc handle (at 0x7fad656620)
06-03 05:30:44.669  2921  2921 E         : Runtime and build version of gralloc private structure does not match. Errors will likely follow.
06-03 05:30:44.673  2921  2921 E gralloc : invalid gralloc handle (at 0x7fad656620)
06-03 05:30:44.673  2921  2921 E SurfaceFlinger: error posting framebuffer: -22
06-03 05:30:44.703  2921  2921 E         : invalid gralloc handle (at 0x7fad6565b0)
06-03 05:30:44.703  2921  2921 E         : Runtime and build version of gralloc private structure does not match. Errors will likely follow.
06-03 05:30:44.707  2921  2921 E gralloc : invalid gralloc handle (at 0x7fad6565b0)
06-03 05:30:44.707  2921  2921 E SurfaceFlinger: error posting framebuffer: -22
06-03 05:30:44.737  2921  2921 E         : invalid gralloc handle (at 0x7fad656540)
06-03 05:30:44.737  2921  2921 E         : Runtime and build version of gralloc private structure does not match. Errors will likely follow.
06-03 05:30:44.740  2921  2921 E gralloc : invalid gralloc handle (at 0x7fad656540)
06-03 05:30:44.740  2921  2921 E SurfaceFlinger: error posting framebuffer: -22
06-03 05:30:44.804  2921  2921 E         : invalid gralloc handle (at 0x7fad656690)
06-03 05:30:44.804  2921  2921 E         : Runtime and build version of gralloc private structure does not match. Errors will likely follow.
06-03 05:30:44.808  2921  2921 E gralloc : invalid gralloc handle (at 0x7fad656690)
06-03 05:30:44.808  2921  2921 E SurfaceFlinger: error posting framebuffer: -22
06-03 05:30:44.838  2921  2921 E         : invalid gralloc handle (at 0x7fad656620)
06-03 05:30:44.838  2921  2921 E         : Runtime and build version of gralloc private structure does not match. Errors will likely follow.
06-03 05:30:44.842  2921  2921 E gralloc : invalid gralloc handle (at 0x7fad656620)
06-03 05:30:44.842  2921  2921 E SurfaceFlinger: error posting framebuffer: -22
06-03 05:30:44.859  2933  2933 I art     : Thread[1,tid=2933,Native,Thread*=0x7faf4fba00,peer=0x12c532e0,"main"] recursive attempt to load library "/system/lib64/libmedia_jni.so"
06-03 05:30:44.859  2933  2933 D MtpDeviceJNI: register_android_mtp_MtpDevice
06-03 05:30:44.859  2933  2933 I art     : Thread[1,tid=2933,Native,Thread*=0x7faf4fba00,peer=0x12c532e0,"main"] recursive attempt to load library "/system/lib64/libmedia_jni.so"
06-03 05:30:44.860  2933  2933 I art     : Thread[1,tid=2933,Native,Thread*=0x7faf4fba00,peer=0x12c532e0,"main"] recursive attempt to load library "/system/lib64/libmedia_jni.so"
06-03 05:30:44.872  2921  2921 E         : invalid gralloc handle (at 0x7fad6565b0)
06-03 05:30:44.872  2921  2921 E         : Runtime and build version of gralloc private structure does not match. Errors will likely follow.
06-03 05:30:44.875  2921  2921 E gralloc : invalid gralloc handle (at 0x7fad6565b0)
06-03 05:30:44.875  2921  2921 E SurfaceFlinger: error posting framebuffer: -22
06-03 05:30:44.905  2921  2921 E         : invalid gralloc handle (at 0x7fad656540)
06-03 05:30:44.905  2921  2921 E         : Runtime and build version of gralloc private structure does not match. Errors will likely follow.
06-03 05:30:44.909  2921  2921 E gralloc : invalid gralloc handle (at 0x7fad656540)
06-03 05:30:44.909  2921  2921 E SurfaceFlinger: error posting framebuffer: -22
06-03 05:30:44.973  2921  2921 E         : invalid gralloc handle (at 0x7fad656690)
06-03 05:30:44.973  2921  2921 E         : Runtime and build version of gralloc private structure does not match. Errors will likely follow.
06-03 05:30:44.976  2921  2921 E gralloc : invalid gralloc handle (at 0x7fad656690)
06-03 05:30:44.976  2921  2921 E SurfaceFlinger: error posting framebuffer: -22
06-03 05:30:45.007  2921  2921 E         : invalid gralloc handle (at 0x7fad656620)
06-03 05:30:45.007  2921  2921 E         : Runtime and build version of gralloc private structure does not match. Errors will likely follow.
06-03 05:30:45.010  2921  2921 E gralloc : invalid gralloc handle (at 0x7fad656620)
06-03 05:30:45.010  2921  2921 E SurfaceFlinger: error posting framebuffer: -22
06-03 05:30:45.040  2921  2921 E         : invalid gralloc handle (at 0x7fad6565b0)
06-03 05:30:45.040  2921  2921 E         : Runtime and build version of gralloc private structure does not match. Errors will likely follow.
06-03 05:30:45.044  2921  2921 E gralloc : invalid gralloc handle (at 0x7fad6565b0)
06-03 05:30:45.044  2921  2921 E SurfaceFlinger: error posting framebuffer: -22
06-03 05:30:45.074  2921  2921 E         : invalid gralloc handle (at 0x7fad656540)
06-03 05:30:45.074  2921  2921 E         : Runtime and build version of gralloc private structure does not match. Errors will likely follow.
06-03 05:30:45.078  2921  2921 E gralloc : invalid gralloc handle (at 0x7fad656540)
06-03 05:30:45.078  2921  2921 E SurfaceFlinger: error posting framebuffer: -22
06-03 05:30:45.141  2921  2921 E         : invalid gralloc handle (at 0x7fad656690)
06-03 05:30:45.141  2921  2921 E         : Runtime and build version of gralloc private structure does not match. Errors will likely follow.
06-03 05:30:45.145  2921  2921 E gralloc : invalid gralloc handle (at 0x7fad656690)
06-03 05:30:45.145  2921  2921 E SurfaceFlinger: error posting framebuffer: -22
06-03 05:30:45.175  2921  2921 E         : invalid gralloc handle (at 0x7fad656620)
06-03 05:30:45.175  2921  2921 E         : Runtime and build version of gralloc private structure does not match. Errors will likely follow.
06-03 05:30:45.179  2921  2921 E gralloc : invalid gralloc handle (at 0x7fad656620)
06-03 05:30:45.179  2921  2921 E SurfaceFlinger: error posting framebuffer: -22
06-03 05:30:45.209  2921  2921 E         : invalid gralloc handle (at 0x7fad6565b0)
06-03 05:30:45.209  2921  2921 E         : Runtime and build version of gralloc private structure does not match. Errors will likely follow.
06-03 05:30:45.212  2921  2921 E gralloc : invalid gralloc handle (at 0x7fad6565b0)
06-03 05:30:45.212  2921  2921 E SurfaceFlinger: error posting framebuffer: -22
06-03 05:30:45.224  3037  3046 D BootAnimation: Use save memory method, maybe small fps in actual.
06-03 05:30:45.242  2921  2921 E         : invalid gralloc handle (at 0x7fad656540)
06-03 05:30:45.242  2921  2921 E         : Runtime and build version of gralloc private structure does not match. Errors will likely follow.
06-03 05:30:45.246  2921  2921 E gralloc : invalid gralloc handle (at 0x7fad656540)
06-03 05:30:45.246  2921  2921 E SurfaceFlinger: error posting framebuffer: -22
06-03 05:30:45.310  2921  2921 E         : invalid gralloc handle (at 0x7fad656690)
06-03 05:30:45.310  2921  2921 E         : Runtime and build version of gralloc private structure does not match. Errors will likely follow.
06-03 05:30:45.314  2921  2921 E gralloc : invalid gralloc handle (at 0x7fad656690)
06-03 05:30:45.314  2921  2921 E SurfaceFlinger: error posting framebuffer: -22
06-03 05:30:45.344  2921  2921 E         : invalid gralloc handle (at 0x7fad656620)
06-03 05:30:45.344  2921  2921 E         : Runtime and build version of gralloc private structure does not match. Errors will likely follow.
06-03 05:30:45.348  2921  2921 E gralloc : invalid gralloc handle (at 0x7fad656620)
06-03 05:30:45.348  2921  2921 E SurfaceFlinger: error posting framebuffer: -22
06-03 05:30:45.377  2921  2921 E         : invalid gralloc handle (at 0x7fad6565b0)
06-03 05:30:45.377  2921  2921 E         : Runtime and build version of gralloc private structure does not match. Errors will likely follow.
06-03 05:30:45.381  2921  2921 E gralloc : invalid gralloc handle (at 0x7fad6565b0)
06-03 05:30:45.381  2921  2921 E SurfaceFlinger: error posting framebuffer: -22
06-03 05:30:45.394  2933  2933 W System  : ClassLoader referenced unknown path: /system/framework/tcmclient.jar
06-03 05:30:45.411  2921  2921 E         : invalid gralloc handle (at 0x7fad656540)
06-03 05:30:45.411  2921  2921 E         : Runtime and build version of gralloc private structure does not match. Errors will likely follow.
06-03 05:30:45.415  2921  2921 E gralloc : invalid gralloc handle (at 0x7fad656540)
06-03 05:30:45.415  2921  2921 E SurfaceFlinger: error posting framebuffer: -22
06-03 05:30:45.478  2921  2921 E         : invalid gralloc handle (at 0x7fad656690)
06-03 05:30:45.478  2921  2921 E         : Runtime and build version of gralloc private structure does not match. Errors will likely follow.
06-03 05:30:45.482  2921  2921 E gralloc : invalid gralloc handle (at 0x7fad656690)
06-03 05:30:45.482  2921  2921 E SurfaceFlinger: error posting framebuffer: -22
06-03 05:30:45.512  2921  2921 E         : invalid gralloc handle (at 0x7fad656620)
06-03 05:30:45.512  2921  2921 E         : Runtime and build version of gralloc private structure does not match. Errors will likely follow.
06-03 05:30:45.516  2921  2921 E gralloc : invalid gralloc handle (at 0x7fad656620)
06-03 05:30:45.516  2921  2921 E SurfaceFlinger: error posting framebuffer: -22
06-03 05:30:45.546  2921  2921 E         : invalid gralloc handle (at 0x7fad6565b0)
06-03 05:30:45.546  2921  2921 E         : Runtime and build version of gralloc private structure does not match. Errors will likely follow.
06-03 05:30:45.550  2921  2921 E gralloc : invalid gralloc handle (at 0x7fad6565b0)
06-03 05:30:45.550  2921  2921 E SurfaceFlinger: error posting framebuffer: -22
06-03 05:30:45.579  2921  2921 E         : invalid gralloc handle (at 0x7fad656540)
06-03 05:30:45.579  2921  2921 E         : Runtime and build version of gralloc private structure does not match. Errors will likely follow.
06-03 05:30:45.583  2921  2921 E gralloc : invalid gralloc handle (at 0x7fad656540)
06-03 05:30:45.583  2921  2921 E SurfaceFlinger: error posting framebuffer: -22
06-03 05:30:45.647  2921  2921 E         : invalid gralloc handle (at 0x7fad656690)
06-03 05:30:45.647  2921  2921 E         : Runtime and build version of gralloc private structure does not match. Errors will likely follow.
06-03 05:30:45.651  2921  2921 E gralloc : invalid gralloc handle (at 0x7fad656690)
06-03 05:30:45.651  2921  2921 E SurfaceFlinger: error posting framebuffer: -22
06-03 05:30:45.681  2921  2921 E         : invalid gralloc handle (at 0x7fad656620)
06-03 05:30:45.681  2921  2921 E         : Runtime and build version of gralloc private structure does not match. Errors will likely follow.
06-03 05:30:45.684  2921  2921 E gralloc : invalid gralloc handle (at 0x7fad656620)
06-03 05:30:45.684  2921  2921 E SurfaceFlinger: error posting framebuffer: -22
06-03 05:30:45.715  2921  2921 E         : invalid gralloc handle (at 0x7fad6565b0)
06-03 05:30:45.715  2921  2921 E         : Runtime and build version of gralloc private structure does not match. Errors will likely follow.
06-03 05:30:45.718  2921  2921 E gralloc : invalid gralloc handle (at 0x7fad6565b0)
06-03 05:30:45.718  2921  2921 E SurfaceFlinger: error posting framebuffer: -22
06-03 05:30:45.732  2933  2933 I System  : Loaded time zone names for "" in 25ms (22ms in ICU)
06-03 05:30:45.748  2921  2921 E         : invalid gralloc handle (at 0x7fad656540)
06-03 05:30:45.748  2921  2921 E         : Runtime and build version of gralloc private structure does not match. Errors will likely follow.
06-03 05:30:45.752  2921  2921 E gralloc : invalid gralloc handle (at 0x7fad656540)
06-03 05:30:45.752  2921  2921 E SurfaceFlinger: error posting framebuffer: -22
06-03 05:30:45.768  2933  2933 I System  : Loaded time zone names for "en_US" in 36ms (15ms in ICU)
06-03 05:30:45.816  2921  2921 E         : invalid gralloc handle (at 0x7fad656690)
06-03 05:30:45.816  2921  2921 E         : Runtime and build version of gralloc private structure does not match. Errors will likely follow.
06-03 05:30:45.820  2921  2921 E gralloc : invalid gralloc handle (at 0x7fad656690)
06-03 05:30:45.820  2921  2921 E SurfaceFlinger: error posting framebuffer: -22
06-03 05:30:45.849  2921  2921 E         : invalid gralloc handle (at 0x7fad656620)
06-03 05:30:45.849  2921  2921 E         : Runtime and build version of gralloc private structure does not match. Errors will likely follow.
06-03 05:30:45.853  2921  2921 E gralloc : invalid gralloc handle (at 0x7fad656620)
06-03 05:30:45.853  2921  2921 E SurfaceFlinger: error posting framebuffer: -22
06-03 05:30:45.883  2921  2921 E         : invalid gralloc handle (at 0x7fad6565b0)
06-03 05:30:45.883  2921  2921 E         : Runtime and build version of gralloc private structure does not match. Errors will likely follow.
06-03 05:30:45.887  2921  2921 E gralloc : invalid gralloc handle (at 0x7fad6565b0)
06-03 05:30:45.887  2921  2921 E SurfaceFlinger: error posting framebuffer: -22
06-03 05:30:45.917  2921  2921 E         : invalid gralloc handle (at 0x7fad656540)
06-03 05:30:45.917  2921  2921 E         : Runtime and build version of gralloc private structure does not match. Errors will likely follow.
06-03 05:30:45.921  2921  2921 E gralloc : invalid gralloc handle (at 0x7fad656540)
06-03 05:30:45.921  2921  2921 E SurfaceFlinger: error posting framebuffer: -22
06-03 05:30:45.941  2933  2933 I Zygote  : ...preloaded 3831 classes in 2296ms.
06-03 05:30:45.941  2933  2933 I art     : VMRuntime.preloadDexCaches starting
06-03 05:30:45.978  2933  2933 I art     : VMRuntime.preloadDexCaches strings total=248908 before=10083 after=10083
06-03 05:30:45.978  2933  2933 I art     : VMRuntime.preloadDexCaches types total=20329 before=8245 after=9836
06-03 05:30:45.978  2933  2933 I art     : VMRuntime.preloadDexCaches fields total=100349 before=35755 after=47720
06-03 05:30:45.978  2933  2933 I art     : VMRuntime.preloadDexCaches methods total=172744 before=67597 after=83301
06-03 05:30:45.978  2933  2933 I art     : VMRuntime.preloadDexCaches finished
06-03 05:30:45.984  2921  2921 E         : invalid gralloc handle (at 0x7fad656690)
06-03 05:30:45.984  2921  2921 E         : Runtime and build version of gralloc private structure does not match. Errors will likely follow.
06-03 05:30:45.988  2921  2921 E gralloc : invalid gralloc handle (at 0x7fad656690)
06-03 05:30:45.988  2921  2921 E SurfaceFlinger: error posting framebuffer: -22
06-03 05:30:45.991  3310  3310 D idmap   : error: no read access to /vendor/overlay: No such file or directory
06-03 05:30:46.001  2921  2921 E         : invalid gralloc handle (at 0x7fad656620)
06-03 05:30:46.001  2921  2921 E         : Runtime and build version of gralloc private structure does not match. Errors will likely follow.
06-03 05:30:46.005  2921  2921 E gralloc : invalid gralloc handle (at 0x7fad656620)
06-03 05:30:46.005  2921  2921 E SurfaceFlinger: error posting framebuffer: -22
06-03 05:30:46.012  2933  2933 I Zygote  : Preloading resources...
06-03 05:30:46.035  2921  2921 E         : invalid gralloc handle (at 0x7fad6565b0)
06-03 05:30:46.035  2921  2921 E         : Runtime and build version of gralloc private structure does not match. Errors will likely follow.
06-03 05:30:46.039  2921  2921 E gralloc : invalid gralloc handle (at 0x7fad6565b0)
06-03 05:30:46.039  2921  2921 E SurfaceFlinger: error posting framebuffer: -22
06-03 05:30:46.068  2921  2921 E         : invalid gralloc handle (at 0x7fad656540)
06-03 05:30:46.068  2921  2921 E         : Runtime and build version of gralloc private structure does not match. Errors will likely follow.
06-03 05:30:46.072  2921  2921 E gralloc : invalid gralloc handle (at 0x7fad656540)
06-03 05:30:46.072  2921  2921 E SurfaceFlinger: error posting framebuffer: -22
06-03 05:30:46.136  2921  2921 E         : invalid gralloc handle (at 0x7fad656690)
06-03 05:30:46.136  2921  2921 E         : Runtime and build version of gralloc private structure does not match. Errors will likely follow.
06-03 05:30:46.140  2921  2921 E gralloc : invalid gralloc handle (at 0x7fad656690)
06-03 05:30:46.140  2921  2921 E SurfaceFlinger: error posting framebuffer: -22
06-03 05:30:46.170  2921  2921 E         : invalid gralloc handle (at 0x7fad656620)
06-03 05:30:46.170  2921  2921 E         : Runtime and build version of gralloc private structure does not match. Errors will likely follow.
06-03 05:30:46.173  2921  2921 E gralloc : invalid gralloc handle (at 0x7fad656620)
06-03 05:30:46.173  2921  2921 E SurfaceFlinger: error posting framebuffer: -22
06-03 05:30:46.203  2921  2921 E         : invalid gralloc handle (at 0x7fad6565b0)
