05-24 04:20:06.547  5465  5465 E HAL     : dlopen failed: library "libExynosHWCService.so" not found
05-24 04:20:06.547  5465  5465 E SurfaceFlinger: hwcomposer module not found
05-24 04:20:06.547  5465  5465 W SurfaceFlinger: no suitable EGLConfig found, trying a simpler query
05-24 04:20:06.547  5465  5465 F SurfaceFlinger: no suitable EGLConfig found, giving up
05-24 04:20:06.547  5465  5465 F libc    : Fatal signal 6 (SIGABRT), code -6 in tid 5465 (surfaceflinger)
05-24 04:20:06.547  5465  5465 F libc    : Unable to open connection to debuggerd: Connection refused
05-24 04:20:06.539  5465  5465 W surfaceflinger: type=1701 audit(0.0:2095): auid=4294967295 uid=1000 gid=1003 ses=4294967295 subj=u:r:surfaceflinger:s0 exe="/system/bin/surfaceflinger" sig=6
05-24 04:20:07.587  5473  5473 I Netd    : Netd 1.0 starting
05-24 04:20:07.587  5473  5473 I QtiConnectivityAdapter: Failed to open libconnctrl, some features may not be present.
05-24 04:20:07.587  5473  5473 D TetherController: Setting IP forward enable = 0
05-24 04:20:07.589  2989  2989 W auditd  : type=1325 audit(0.0:2096): table=filter family=2 entries=52
05-24 04:20:07.589  2989  2989 W auditd  : type=1320 audit(0.0:2096): 
05-24 04:20:07.589  2989  2989 W auditd  : type=1325 audit(0.0:2097): table=filter family=10 entries=55
05-24 04:20:07.589  2989  2989 W auditd  : type=1320 audit(0.0:2097): 
05-24 04:20:07.589  2989  2989 W auditd  : type=1325 audit(0.0:2098): table=filter family=2 entries=51
05-24 04:20:07.589  2989  2989 W auditd  : type=1320 audit(0.0:2098): 
05-24 04:20:07.599  2989  2989 W auditd  : type=1325 audit(0.0:2099): table=filter family=10 entries=54
05-24 04:20:07.599  2989  2989 W auditd  : type=1320 audit(0.0:2099): 
05-24 04:20:07.599  2989  2989 W auditd  : type=1325 audit(0.0:2100): table=filter family=2 entries=50
05-24 04:20:07.599  2989  2989 W auditd  : type=1320 audit(0.0:2100): 
05-24 04:20:07.609  2989  2989 W auditd  : type=1325 audit(0.0:2101): table=filter family=10 entries=53
05-24 04:20:07.609  2989  2989 W auditd  : type=1320 audit(0.0:2101): 
05-24 04:20:07.609  2989  2989 W auditd  : type=1325 audit(0.0:2102): table=filter family=2 entries=48
05-24 04:20:07.609  2989  2989 W auditd  : type=1320 audit(0.0:2102): 
05-24 04:20:07.609  2989  2989 W auditd  : type=1325 audit(0.0:2103): table=filter family=10 entries=51
05-24 04:20:07.609  2989  2989 W auditd  : type=1320 audit(0.0:2103): 
05-24 04:20:07.619  2989  2989 W auditd  : type=1325 audit(0.0:2104): table=filter family=2 entries=50
05-24 04:20:07.619  2989  2989 W auditd  : type=1320 audit(0.0:2104): 
05-24 04:20:07.619  2989  2989 W auditd  : type=1325 audit(0.0:2105): table=filter family=10 entries=53
05-24 04:20:07.619  2989  2989 W auditd  : type=1320 audit(0.0:2105): 
05-24 04:20:07.619  2989  2989 W auditd  : type=1325 audit(0.0:2106): table=filter family=2 entries=51
05-24 04:20:07.619  2989  2989 W auditd  : type=1320 audit(0.0:2106): 
05-24 04:20:07.629  2989  2989 W auditd  : type=1325 audit(0.0:2107): table=filter family=10 entries=54
05-24 04:20:07.629  2989  2989 W auditd  : type=1320 audit(0.0:2107): 
05-24 04:20:07.629  2989  2989 W auditd  : type=1325 audit(0.0:2108): table=filter family=2 entries=50
05-24 04:20:07.629  2989  2989 W auditd  : type=1320 audit(0.0:2108): 
05-24 04:20:07.639  2989  2989 W auditd  : type=1325 audit(0.0:2109): table=filter family=10 entries=53
05-24 04:20:07.639  2989  2989 W auditd  : type=1320 audit(0.0:2109): 
05-24 04:20:07.639  2989  2989 W auditd  : type=1325 audit(0.0:2110): table=filter family=2 entries=50
05-24 04:20:07.639  2989  2989 W auditd  : type=1320 audit(0.0:2110): 
05-24 04:20:07.649  2989  2989 W auditd  : type=1325 audit(0.0:2111): table=filter family=10 entries=53
05-24 04:20:07.697  5474  5474 I mediaserver: ServiceManager: 0xf628e120
05-24 04:20:07.697  5474  5474 I AudioFlinger: Using default 3000 mSec as standby time.
05-24 04:20:07.697  5474  5474 E BatteryNotifier: batterystats service unavailable!
05-24 04:20:07.698  5474  5474 E BatteryNotifier: batterystats service unavailable!
05-24 04:20:07.699  5474  5474 I CameraService: CameraService started (pid=5474)
05-24 04:20:07.699  5474  5474 I CameraService: CameraService process starting
05-24 04:20:07.699  5474  5474 E BatteryNotifier: batterystats service unavailable!
05-24 04:20:07.699  5474  5474 E BatteryNotifier: batterystats service unavailable!
05-24 04:20:07.699  5474  5474 E CameraService: Could not load camera HAL module: -2 (No such file or directory)
05-24 04:20:07.700  5474  5474 I AudioPolicyService: AudioPolicyService CSTOR in new mode
05-24 04:20:07.700  5474  5474 W APM::HwModule: loadOutput() invalid supported devices
05-24 04:20:07.700  5474  5474 W APM::HwModule: loadOutput() invalid supported devices
05-24 04:20:07.700  5474  5474 W APM::HwModule: loadInput() invalid supported devices
05-24 04:20:07.700  5474  5474 W APM::HwModule: loadInput() invalid supported devices
05-24 04:20:07.700  5474  5474 I APM::ConfigParsingUtils: loadAudioPolicyConfig() loaded /system/etc/audio_policy.conf
05-24 04:20:08.223  5474  5474 I AudioFlinger: loadHwModule() Loaded primary audio interface from Samsung audio HW HAL (audio) handle 1
05-24 04:20:08.223  5474  5474 I AudioFlinger: openOutput(), module 1 Device 2, SamplingRate 48000, Format 0x000001, Channels 3, flags a
05-24 04:20:08.223  5474  5474 I AudioFlinger: AudioStreamOut::open(), mHalFormatIsLinearPcm = 1
05-24 04:20:08.223  5474  5474 I AudioFlinger: HAL output buffer size 1024 frames, normal sink buffer size 1024 frames
05-24 04:20:08.224  5474  5474 W EffectsFactory: loadLibrary() failed to open /system/lib/soundfx/libaudioeffectoffload.so
05-24 04:20:08.225  5474  5474 W EffectsFactory: loadLibrary() failed to open /system/lib/soundfx/libexynosvisualizer.so
05-24 04:20:08.226  5474  5474 W EffectsFactory: loadLibrary() failed to open /system/lib/libmysound.so
05-24 04:20:08.226  5474  5474 W EffectsFactory: loadLibrary() failed to open /system/lib/soundfx/libmyspace.so
05-24 04:20:08.226  5474  5474 W EffectsFactory: loadLibrary() failed to open /system/lib/libaudiosa.so
05-24 04:20:08.226  5474  5474 W EffectsFactory: loadLibrary() failed to open /system/lib/soundfx/libaudiosaplus_sec.so
05-24 04:20:08.227  5474  5474 W EffectsFactory: loadLibrary() failed to open /system/lib/libsamsungSoundbooster_plus.so
05-24 04:20:08.227  5474  5474 W EffectsFactory: loadEffect() could not get library soundbooster_plus
05-24 04:20:08.227  5474  5474 W EffectsFactory: addSubEffect() could not get library soundalive_sec
05-24 04:20:08.227  5474  5474 W EffectsFactory: loadEffect() could not add subEffect 
05-24 04:20:08.227  5474  5474 W EffectsFactory: loadEffect() could not get library soundalive
05-24 04:20:08.227  5474  5474 W EffectsFactory: loadEffect() could not get library soundalive
05-24 04:20:08.227  5474  5474 W EffectsFactory: loadEffect() could not get library soundalive
05-24 04:20:08.227  5474  5474 W EffectsFactory: addSubEffect() could not get library visualizer_hw
05-24 04:20:08.227  5474  5474 W EffectsFactory: loadEffect() could not add subEffect 
05-24 04:20:08.227  5474  5474 W EffectsFactory: addSubEffect() could not get library mysound
05-24 04:20:08.227  5474  5474 W EffectsFactory: loadEffect() could not add subEffect 
05-24 04:20:08.227  5474  5474 W EffectsFactory: addSubEffect() could not get library myspace
05-24 04:20:08.227  5474  5474 W EffectsFactory: loadEffect() could not add subEffect 
05-24 04:20:08.227  5474  5474 I BufferProvider: found effect "Multichannel Downmix To Stereo" from The Android Open Source Project
05-24 04:20:08.227  5474  5474 I AudioFlinger: Using module 1 has the primary audio interface
05-24 04:20:08.227  5474  5609 I AudioFlinger: AudioFlinger's thread 0xf4640000 ready to run
05-24 04:20:08.227  5474  5609 V audio_hw_primary: do_out_standby: output standby: 1
05-24 04:20:08.228  5474  5609 V audio_hw_primary: out_set_parameters: key value pairs: routing=2
05-24 04:20:08.228  5474  5609 E AudioFlinger: no wake lock to update!
05-24 04:20:08.230  5474  5474 I AudioFlinger: openOutput(), module 1 Device 2, SamplingRate 48000, Format 0x000001, Channels 3, flags 4
05-24 04:20:08.230  5474  5474 I AudioFlinger: AudioStreamOut::open(), mHalFormatIsLinearPcm = 1
05-24 04:20:08.230  5474  5474 I AudioFlinger: HAL output buffer size 256 frames, normal sink buffer size 960 frames
05-24 04:20:08.230  5474  5474 E MonoPipe: Failed to fetch local time frequency when constructing a MonoPipe (res = -32).  getNextWriteTimestamp calls will be non-functional
05-24 04:20:08.231  5474  5612 I AudioFlinger: AudioFlinger's thread 0xf4300000 ready to run
05-24 04:20:08.231  5474  5612 V audio_hw_primary: out_set_parameters: key value pairs: routing=2
05-24 04:20:08.231  5474  5612 V audio_hw_primary: do_out_standby: output standby: 1
05-24 04:20:08.231  5474  5612 E AudioFlinger: no wake lock to update!
05-24 04:20:08.232  5474  5474 V audio_hw_primary: adev_open_input_stream: Requesting input stream with rate: 48000, channels: 0xc
05-24 04:20:08.232  5474  5613 I AudioFlinger: AudioFlinger's thread 0xf4000000 ready to run
05-24 04:20:08.232  5474  5474 I bt_a2dp_hw: adev_open:  adev_open in A2dp_hw module
05-24 04:20:08.232  5474  5474 I AudioFlinger: loadHwModule() Loaded a2dp audio interface from A2DP Audio HW HAL (audio) handle 5
05-24 04:20:08.233  5474  5474 I AudioFlinger: loadHwModule() Loaded usb audio interface from USB audio HW HAL (audio) handle 6
05-24 04:20:08.234  5474  5474 I r_submix: adev_open(name=audio_hw_if)
05-24 04:20:08.234  5474  5474 I r_submix: adev_init_check()
05-24 04:20:08.234  5474  5474 I AudioFlinger: loadHwModule() Loaded r_submix audio interface from Wifi Display audio HAL (audio) handle 7
05-24 04:20:08.234  5474  5474 D r_submix: adev_open_input_stream(addr=0)
05-24 04:20:08.234  5474  5474 D r_submix: submix_audio_device_create_pipe_l(addr=0, idx=9)
05-24 04:20:08.234  5474  5474 D r_submix:   now using address 0 for route 9
05-24 04:20:08.234  5474  5615 I AudioFlinger: AudioFlinger's thread 0xf3f80000 ready to run
05-24 04:20:08.234  5474  5474 D r_submix: adev_close_input_stream()
05-24 04:20:08.234  5474  5474 D r_submix: submix_audio_device_release_pipe_l(idx=9) addr=0
05-24 04:20:08.234  5474  5474 D r_submix: submix_audio_device_destroy_pipe_l(): pipe destroyed
05-24 04:20:08.234  5474  5474 F libc    : Fatal signal 11 (SIGSEGV), code 1, fault addr 0x0 in tid 5474 (mediaserver)
05-24 04:20:08.234  5474  5474 F libc    : Unable to open connection to debuggerd: Connection refused
05-24 04:20:08.240  2921  2921 I ServiceManager: service 'media.audio_flinger' died
05-24 04:20:08.241  2921  2921 I ServiceManager: service 'media.player' died
05-24 04:20:08.241  2921  2921 I ServiceManager: service 'media.resource_manager' died
05-24 04:20:08.241  2921  2921 I ServiceManager: service 'media.camera' died
05-24 04:20:08.609  2989  2989 W auditd  : type=1325 audit(0.0:2269): table=filter family=10 entries=53
05-24 04:20:08.609  2989  2989 W auditd  : type=1320 audit(0.0:2269): 
05-24 04:20:08.629  2989  2989 W auditd  : type=1325 audit(0.0:2270): table=filter family=2 entries=49
05-24 04:20:08.629  2989  2989 W auditd  : type=1320 audit(0.0:2270): 
05-24 04:20:08.639  2989  2989 W auditd  : type=1325 audit(0.0:2271): table=filter family=10 entries=53
05-24 04:20:08.639  2989  2989 W auditd  : type=1320 audit(0.0:2271): 
05-24 04:20:08.659  2989  2989 W auditd  : type=1325 audit(0.0:2272): table=filter family=2 entries=47
05-24 04:20:08.659  2989  2989 W auditd  : type=1320 audit(0.0:2272): 
05-24 04:20:08.679  2989  2989 W auditd  : type=1325 audit(0.0:2273): table=filter family=10 entries=51
05-24 04:20:08.679  2989  2989 W auditd  : type=1320 audit(0.0:2273): 
05-24 04:20:08.689  2989  2989 W auditd  : type=1325 audit(0.0:2274): table=filter family=2 entries=49
05-24 04:20:08.689  2989  2989 W auditd  : type=1320 audit(0.0:2274): 
05-24 04:20:08.702  5473  5473 V NatController: runCmd(/system/bin/iptables -w -F natctrl_FORWARD) res=0
05-24 04:20:08.709  2989  2989 W auditd  : type=1325 audit(0.0:2275): table=filter family=2 entries=49
05-24 04:20:08.709  2989  2989 W auditd  : type=1320 audit(0.0:2275): 
05-24 04:20:08.718  5473  5473 V NatController: runCmd(/system/bin/iptables -w -A natctrl_FORWARD -j DROP) res=0
05-24 04:20:08.719  2989  2989 W auditd  : type=1325 audit(0.0:2276): table=nat family=2 entries=11
05-24 04:20:08.719  2989  2989 W auditd  : type=1320 audit(0.0:2276): 
05-24 04:20:08.733  5473  5473 V NatController: runCmd(/system/bin/iptables -w -t nat -F natctrl_nat_POSTROUTING) res=0
05-24 04:20:08.739  2989  2989 W auditd  : type=1325 audit(0.0:2277): table=filter family=2 entries=50
05-24 04:20:08.739  2989  2989 W auditd  : type=1320 audit(0.0:2277): 
05-24 04:20:08.749  5473  5473 V NatController: runCmd(/system/bin/iptables -w -F natctrl_tether_counters) res=0
05-24 04:20:08.759  2989  2989 W auditd  : type=1325 audit(0.0:2278): table=filter family=2 entries=50
05-24 04:20:08.759  2989  2989 W auditd  : type=1320 audit(0.0:2278): 
05-24 04:20:08.765  5473  5473 V NatController: runCmd(/system/bin/iptables -w -X natctrl_tether_counters) res=0
05-24 04:20:08.780  5473  5473 V NatController: runCmd(/system/bin/iptables -w -N natctrl_tether_counters) res=0
05-24 04:20:08.795  5473  5473 V NatController: runCmd(/system/bin/iptables -w -t mangle -A natctrl_mangle_FORWARD -p tcp --tcp-flags SYN SYN -j TCPMSS --clamp-mss-to-pmtu) res=0
05-24 04:20:09.629  2989  2989 W auditd  : type=1325 audit(0.0:2332): table=raw family=10 entries=9
05-24 04:20:09.629  2989  2989 W auditd  : type=1320 audit(0.0:2332): 
05-24 04:20:09.649  2989  2989 W auditd  : type=1325 audit(0.0:2333): table=mangle family=2 entries=16
05-24 04:20:09.649  2989  2989 W auditd  : type=1320 audit(0.0:2333): 
05-24 04:20:09.669  2989  2989 W auditd  : type=1325 audit(0.0:2334): table=mangle family=10 entries=12
05-24 04:20:09.669  2989  2989 W auditd  : type=1320 audit(0.0:2334): 
05-24 04:20:09.712  5473  5473 E Netd    : cannot find interface dummy0
05-24 04:20:09.713  5473  5473 E base.file: android::WriteStringToFile open failed: No such file or directory
05-24 04:20:09.713  5473  5473 E Netd    : failed to write to /data/misc/net/rt_tables (No such file or directory)
05-24 04:20:09.719  5473  5473 D MDnsDS  : MDnsSdListener::Hander starting up
05-24 04:20:09.719  5473  5734 D MDnsDS  : MDnsSdListener starting to monitor
05-24 04:20:09.719  5473  5734 D MDnsDS  : Going to poll with pollCount 1
05-24 04:20:09.720  5473  5473 E Netd    : Unable to create pid file (No such file or directory)
05-24 04:20:12.307  5738  5738 I SurfaceFlinger: SurfaceFlinger is starting
05-24 04:20:12.307  5738  5738 E SchedPolicy: /system/bin/surfaceflinger add_tid_to_cgroup failed; fd=-1
05-24 04:20:12.307  5738  5738 I SurfaceFlinger: SurfaceFlinger's main thread ready to run. Initializing graphics H/W...
05-24 04:20:12.314  5738  5738 D libEGL  : loaded /vendor/lib64/egl/libGLES_mali.so
05-24 04:20:12.318  5738  5738 W libEGL  : eglInitialize(0x7f9afa1000) failed (EGL_NOT_INITIALIZED)
05-24 04:20:12.309  5738  5738 W surfaceflinger: type=1400 audit(0.0:2335): avc: denied { read write } for name="mali0" dev="tmpfs" ino=8896 scontext=u:r:surfaceflinger:s0 tcontext=u:object_r:device:s0 tclass=chr_file permissive=0
05-24 04:20:12.309  5738  5738 W surfaceflinger: type=1300 audit(0.0:2335): arch=c00000b7 syscall=56 success=no exit=-13 a0=ffffff9c a1=7fcd22ea48 a2=80002 a3=0 items=0 ppid=1 auid=4294967295 uid=1000 gid=1003 euid=1000 suid=1000 fsuid=1000 egid=1003 sgid=1003 fsgid=1003 tty=(none) ses=4294967295 exe="/system/bin/surfaceflinger" subj=u:r:surfaceflinger:s0 key=(null)
05-24 04:20:12.309  2989  2989 W auditd  : type=1327 audit(0.0:2335): proctitle="/system/bin/surfaceflinger"
05-24 04:20:12.309  2989  2989 W auditd  : type=1320 audit(0.0:2335): 
05-24 04:20:12.309  5738  5738 W surfaceflinger: type=1400 audit(0.0:2336): avc: denied { read write } for name="mali0" dev="tmpfs" ino=8896 scontext=u:r:surfaceflinger:s0 tcontext=u:object_r:device:s0 tclass=chr_file permissive=0
05-24 04:20:12.319  5738  5738 I gralloc : using (id=)
05-24 04:20:12.319  5738  5738 I gralloc : xres         = 1440 px
05-24 04:20:12.319  5738  5738 I gralloc : yres         = 2560 px
05-24 04:20:12.319  5738  5738 I gralloc : width        = 68 mm (537.882324 dpi)
05-24 04:20:12.319  5738  5738 I gralloc : height       = 122 mm (532.983582 dpi)
05-24 04:20:12.319  5738  5738 I gralloc : refresh rate = 59.42 Hz
05-24 04:20:12.309  5738  5738 W surfaceflinger: type=1300 audit(0.0:2336): arch=c00000b7 syscall=56 success=no exit=-13 a0=ffffff9c a1=7fcd22ea48 a2=80002 a3=0 items=0 ppid=1 auid=4294967295 uid=1000 gid=1003 euid=1000 suid=1000 fsuid=1000 egid=1003 sgid=1003 fsgid=1003 tty=(none) ses=4294967295 exe="/system/bin/surfaceflinger" subj=u:r:surfaceflinger:s0 key=(null)
05-24 04:20:12.309  2989  2989 W auditd  : type=1327 audit(0.0:2336): proctitle="/system/bin/surfaceflinger"
05-24 04:20:12.309  2989  2989 W auditd  : type=1320 audit(0.0:2336): 
05-24 04:20:12.321  5738  5738 E HAL     : load: module=/system/lib64/hw/hwcomposer.exynos5.so
05-24 04:20:12.321  5738  5738 E HAL     : dlopen failed: library "libExynosHWCService.so" not found
05-24 04:20:12.321  5738  5738 E SurfaceFlinger: hwcomposer module not found
05-24 04:20:12.321  5738  5738 W SurfaceFlinger: no suitable EGLConfig found, trying a simpler query
05-24 04:20:12.321  5738  5738 F SurfaceFlinger: no suitable EGLConfig found, giving up
05-24 04:20:12.321  5738  5738 F libc    : Fatal signal 6 (SIGABRT), code -6 in tid 5738 (surfaceflinger)
05-24 04:20:12.321  5738  5738 F libc    : Unable to open connection to debuggerd: Connection refused
05-24 04:20:12.309  5738  5738 W surfaceflinger: type=1701 audit(0.0:2337): auid=4294967295 uid=1000 gid=1003 ses=4294967295 subj=u:r:surfaceflinger:s0 exe="/system/bin/surfaceflinger" sig=6
05-24 04:20:13.358  5745  5745 I Netd    : Netd 1.0 starting
05-24 04:20:13.358  5745  5745 I QtiConnectivityAdapter: Failed to open libconnctrl, some features may not be present.
05-24 04:20:13.358  5745  5745 D TetherController: Setting IP forward enable = 0
05-24 04:20:13.359  2989  2989 W auditd  : type=1325 audit(0.0:2338): table=filter family=2 entries=52
05-24 04:20:13.359  2989  2989 W auditd  : type=1320 audit(0.0:2338): 
05-24 04:20:13.359  2989  2989 W auditd  : type=1325 audit(0.0:2339): table=filter family=10 entries=55
05-24 04:20:13.359  2989  2989 W auditd  : type=1320 audit(0.0:2339): 
05-24 04:20:13.359  2989  2989 W auditd  : type=1325 audit(0.0:2340): table=filter family=2 entries=51
05-24 04:20:13.359  2989  2989 W auditd  : type=1320 audit(0.0:2340): 
05-24 04:20:13.369  2989  2989 W auditd  : type=1325 audit(0.0:2341): table=filter family=10 entries=54
05-24 04:20:13.369  2989  2989 W auditd  : type=1320 audit(0.0:2341): 
05-24 04:20:13.369  2989  2989 W auditd  : type=1325 audit(0.0:2342): table=filter family=2 entries=50
05-24 04:20:13.369  2989  2989 W auditd  : type=1320 audit(0.0:2342): 
05-24 04:20:13.379  2989  2989 W auditd  : type=1325 audit(0.0:2343): table=filter family=10 entries=53
05-24 04:20:13.379  2989  2989 W auditd  : type=1320 audit(0.0:2343): 
05-24 04:20:13.379  2989  2989 W auditd  : type=1325 audit(0.0:2344): table=filter family=2 entries=48
05-24 04:20:13.379  2989  2989 W auditd  : type=1320 audit(0.0:2344): 
05-24 04:20:13.379  2989  2989 W auditd  : type=1325 audit(0.0:2345): table=filter family=10 entries=51
05-24 04:20:13.379  2989  2989 W auditd  : type=1320 audit(0.0:2345): 
05-24 04:20:13.389  2989  2989 W auditd  : type=1325 audit(0.0:2346): table=filter family=2 entries=50
05-24 04:20:13.389  2989  2989 W auditd  : type=1320 audit(0.0:2346): 
05-24 04:20:13.389  2989  2989 W auditd  : type=1325 audit(0.0:2347): table=filter family=10 entries=53
05-24 04:20:13.389  2989  2989 W auditd  : type=1320 audit(0.0:2347): 
05-24 04:20:13.389  2989  2989 W auditd  : type=1325 audit(0.0:2348): table=filter family=2 entries=51
05-24 04:20:13.389  2989  2989 W auditd  : type=1320 audit(0.0:2348): 
05-24 04:20:13.399  2989  2989 W auditd  : type=1325 audit(0.0:2349): table=filter family=10 entries=54
05-24 04:20:13.399  2989  2989 W auditd  : type=1320 audit(0.0:2349): 
05-24 04:20:13.399  2989  2989 W auditd  : type=1325 audit(0.0:2350): table=filter family=2 entries=50
05-24 04:20:13.467  5746  5746 I mediaserver: ServiceManager: 0xf67ce120
05-24 04:20:13.467  5746  5746 I AudioFlinger: Using default 3000 mSec as standby time.
05-24 04:20:13.468  5746  5746 E BatteryNotifier: batterystats service unavailable!
05-24 04:20:13.469  5746  5746 E BatteryNotifier: batterystats service unavailable!
05-24 04:20:13.469  5746  5746 I CameraService: CameraService started (pid=5746)
05-24 04:20:13.469  5746  5746 I CameraService: CameraService process starting
05-24 04:20:13.470  5746  5746 E BatteryNotifier: batterystats service unavailable!
05-24 04:20:13.470  5746  5746 E BatteryNotifier: batterystats service unavailable!
05-24 04:20:13.470  5746  5746 E CameraService: Could not load camera HAL module: -2 (No such file or directory)
05-24 04:20:13.471  5746  5746 I AudioPolicyService: AudioPolicyService CSTOR in new mode
05-24 04:20:13.471  5746  5746 W APM::HwModule: loadOutput() invalid supported devices
05-24 04:20:13.471  5746  5746 W APM::HwModule: loadOutput() invalid supported devices
05-24 04:20:13.471  5746  5746 W APM::HwModule: loadInput() invalid supported devices
05-24 04:20:13.471  5746  5746 W APM::HwModule: loadInput() invalid supported devices
05-24 04:20:13.471  5746  5746 I APM::ConfigParsingUtils: loadAudioPolicyConfig() loaded /system/etc/audio_policy.conf
05-24 04:20:14.006  5746  5746 I AudioFlinger: loadHwModule() Loaded primary audio interface from Samsung audio HW HAL (audio) handle 1
05-24 04:20:14.006  5746  5746 I AudioFlinger: openOutput(), module 1 Device 2, SamplingRate 48000, Format 0x000001, Channels 3, flags a
05-24 04:20:14.006  5746  5746 I AudioFlinger: AudioStreamOut::open(), mHalFormatIsLinearPcm = 1
05-24 04:20:14.006  5746  5746 I AudioFlinger: HAL output buffer size 1024 frames, normal sink buffer size 1024 frames
05-24 04:20:14.007  5746  5746 W EffectsFactory: loadLibrary() failed to open /system/lib/soundfx/libaudioeffectoffload.so
05-24 04:20:14.008  5746  5746 W EffectsFactory: loadLibrary() failed to open /system/lib/soundfx/libexynosvisualizer.so
05-24 04:20:14.009  5746  5746 W EffectsFactory: loadLibrary() failed to open /system/lib/libmysound.so
05-24 04:20:14.009  5746  5746 W EffectsFactory: loadLibrary() failed to open /system/lib/soundfx/libmyspace.so
05-24 04:20:14.010  5746  5746 W EffectsFactory: loadLibrary() failed to open /system/lib/libaudiosa.so
05-24 04:20:14.010  5746  5746 W EffectsFactory: loadLibrary() failed to open /system/lib/soundfx/libaudiosaplus_sec.so
05-24 04:20:14.010  5746  5746 W EffectsFactory: loadLibrary() failed to open /system/lib/libsamsungSoundbooster_plus.so
05-24 04:20:14.010  5746  5746 W EffectsFactory: loadEffect() could not get library soundbooster_plus
05-24 04:20:14.010  5746  5746 W EffectsFactory: addSubEffect() could not get library soundalive_sec
05-24 04:20:14.010  5746  5746 W EffectsFactory: loadEffect() could not add subEffect 
05-24 04:20:14.010  5746  5746 W EffectsFactory: loadEffect() could not get library soundalive
05-24 04:20:14.010  5746  5746 W EffectsFactory: loadEffect() could not get library soundalive
05-24 04:20:14.010  5746  5746 W EffectsFactory: loadEffect() could not get library soundalive
05-24 04:20:14.010  5746  5746 W EffectsFactory: addSubEffect() could not get library visualizer_hw
05-24 04:20:14.010  5746  5746 W EffectsFactory: loadEffect() could not add subEffect 
05-24 04:20:14.010  5746  5746 W EffectsFactory: addSubEffect() could not get library mysound
05-24 04:20:14.010  5746  5746 W EffectsFactory: loadEffect() could not add subEffect 
05-24 04:20:14.010  5746  5746 W EffectsFactory: addSubEffect() could not get library myspace
05-24 04:20:14.010  5746  5746 W EffectsFactory: loadEffect() could not add subEffect 
05-24 04:20:14.010  5746  5746 I BufferProvider: found effect "Multichannel Downmix To Stereo" from The Android Open Source Project
05-24 04:20:14.010  5746  5746 I AudioFlinger: Using module 1 has the primary audio interface
05-24 04:20:14.010  5746  5884 I AudioFlinger: AudioFlinger's thread 0xf4bc0000 ready to run
05-24 04:20:14.010  5746  5884 V audio_hw_primary: do_out_standby: output standby: 1
05-24 04:20:14.011  5746  5884 V audio_hw_primary: out_set_parameters: key value pairs: routing=2
05-24 04:20:14.011  5746  5884 E AudioFlinger: no wake lock to update!
05-24 04:20:14.012  5746  5746 I AudioFlinger: openOutput(), module 1 Device 2, SamplingRate 48000, Format 0x000001, Channels 3, flags 4
05-24 04:20:14.012  5746  5746 I AudioFlinger: AudioStreamOut::open(), mHalFormatIsLinearPcm = 1
05-24 04:20:14.012  5746  5746 I AudioFlinger: HAL output buffer size 256 frames, normal sink buffer size 960 frames
05-24 04:20:14.016  5746  5746 E MonoPipe: Failed to fetch local time frequency when constructing a MonoPipe (res = -32).  getNextWriteTimestamp calls will be non-functional
05-24 04:20:14.017  5746  5887 I AudioFlinger: AudioFlinger's thread 0xf4880000 ready to run
05-24 04:20:14.017  5746  5887 V audio_hw_primary: out_set_parameters: key value pairs: routing=2
05-24 04:20:14.017  5746  5887 V audio_hw_primary: do_out_standby: output standby: 1
05-24 04:20:14.018  5746  5887 E AudioFlinger: no wake lock to update!
05-24 04:20:14.019  5746  5746 V audio_hw_primary: adev_open_input_stream: Requesting input stream with rate: 48000, channels: 0xc
05-24 04:20:14.019  5746  5889 I AudioFlinger: AudioFlinger's thread 0xf4580000 ready to run
05-24 04:20:14.019  5746  5746 I bt_a2dp_hw: adev_open:  adev_open in A2dp_hw module
05-24 04:20:14.019  5746  5746 I AudioFlinger: loadHwModule() Loaded a2dp audio interface from A2DP Audio HW HAL (audio) handle 5
05-24 04:20:14.020  5746  5746 I AudioFlinger: loadHwModule() Loaded usb audio interface from USB audio HW HAL (audio) handle 6
05-24 04:20:14.020  5746  5746 I r_submix: adev_open(name=audio_hw_if)
05-24 04:20:14.021  5746  5746 I r_submix: adev_init_check()
05-24 04:20:14.021  5746  5746 I AudioFlinger: loadHwModule() Loaded r_submix audio interface from Wifi Display audio HAL (audio) handle 7
05-24 04:20:14.021  5746  5746 D r_submix: adev_open_input_stream(addr=0)
05-24 04:20:14.021  5746  5746 D r_submix: submix_audio_device_create_pipe_l(addr=0, idx=9)
05-24 04:20:14.021  5746  5746 D r_submix:   now using address 0 for route 9
05-24 04:20:14.022  5746  5890 I AudioFlinger: AudioFlinger's thread 0xf4380000 ready to run
05-24 04:20:14.022  5746  5746 D r_submix: adev_close_input_stream()
05-24 04:20:14.022  5746  5746 D r_submix: submix_audio_device_release_pipe_l(idx=9) addr=0
05-24 04:20:14.022  5746  5746 D r_submix: submix_audio_device_destroy_pipe_l(): pipe destroyed
05-24 04:20:14.023  5746  5746 F libc    : Fatal signal 11 (SIGSEGV), code 1, fault addr 0x0 in tid 5746 (mediaserver)
05-24 04:20:14.023  5746  5746 F libc    : Unable to open connection to debuggerd: Connection refused
05-24 04:20:14.029  2921  2921 I ServiceManager: service 'media.audio_flinger' died
05-24 04:20:14.029  2921  2921 I ServiceManager: service 'media.player' died
05-24 04:20:14.029  2921  2921 I ServiceManager: service 'media.resource_manager' died
05-24 04:20:14.029  2921  2921 I ServiceManager: service 'media.camera' died
05-24 04:20:14.369  2989  2989 W auditd  : type=1325 audit(0.0:2507): table=filter family=10 entries=51
05-24 04:20:14.369  2989  2989 W auditd  : type=1320 audit(0.0:2507): 
05-24 04:20:14.379  2989  2989 W auditd  : type=1325 audit(0.0:2508): table=filter family=2 entries=48
05-24 04:20:14.379  2989  2989 W auditd  : type=1320 audit(0.0:2508): 
05-24 04:20:14.399  2989  2989 W auditd  : type=1325 audit(0.0:2509): table=filter family=10 entries=52
05-24 04:20:14.399  2989  2989 W auditd  : type=1320 audit(0.0:2509): 
05-24 04:20:14.449  2989  2989 W auditd  : type=1325 audit(0.0:2510): table=filter family=2 entries=49
05-24 04:20:14.449  2989  2989 W auditd  : type=1320 audit(0.0:2510): 
05-24 04:20:14.459  2989  2989 W auditd  : type=1325 audit(0.0:2511): table=filter family=10 entries=53
05-24 04:20:14.459  2989  2989 W auditd  : type=1320 audit(0.0:2511): 
05-24 04:20:14.469  2989  2989 W auditd  : type=1325 audit(0.0:2512): table=filter family=2 entries=49
05-24 04:20:14.469  2989  2989 W auditd  : type=1320 audit(0.0:2512): 
05-24 04:20:14.489  2989  2989 W auditd  : type=1325 audit(0.0:2513): table=filter family=10 entries=53
05-24 04:20:14.489  2989  2989 W auditd  : type=1320 audit(0.0:2513): 
05-24 04:20:14.509  2989  2989 W auditd  : type=1325 audit(0.0:2514): table=filter family=2 entries=47
05-24 04:20:14.509  2989  2989 W auditd  : type=1320 audit(0.0:2514): 
05-24 04:20:14.519  2989  2989 W auditd  : type=1325 audit(0.0:2515): table=filter family=10 entries=51
05-24 04:20:14.519  2989  2989 W auditd  : type=1320 audit(0.0:2515): 
05-24 04:20:14.539  2989  2989 W auditd  : type=1325 audit(0.0:2516): table=filter family=2 entries=49
05-24 04:20:14.539  2989  2989 W auditd  : type=1320 audit(0.0:2516): 
05-24 04:20:14.548  5745  5745 V NatController: runCmd(/system/bin/iptables -w -F natctrl_FORWARD) res=0
05-24 04:20:14.563  5745  5745 V NatController: runCmd(/system/bin/iptables -w -A natctrl_FORWARD -j DROP) res=0
05-24 04:20:14.579  5745  5745 V NatController: runCmd(/system/bin/iptables -w -t nat -F natctrl_nat_POSTROUTING) res=0
05-24 04:20:14.594  5745  5745 V NatController: runCmd(/system/bin/iptables -w -F natctrl_tether_counters) res=0
05-24 04:20:14.610  5745  5745 V NatController: runCmd(/system/bin/iptables -w -X natctrl_tether_counters) res=0
05-24 04:20:14.626  5745  5745 V NatController: runCmd(/system/bin/iptables -w -N natctrl_tether_counters) res=0
05-24 04:20:14.641  5745  5745 V NatController: runCmd(/system/bin/iptables -w -t mangle -A natctrl_mangle_FORWARD -p tcp --tcp-flags SYN SYN -j TCPMSS --clamp-mss-to-pmtu) res=0
05-24 04:20:15.389  2989  2989 W auditd  : type=1325 audit(0.0:2569): table=filter family=2 entries=50
05-24 04:20:15.389  2989  2989 W auditd  : type=1320 audit(0.0:2569): 
05-24 04:20:15.409  2989  2989 W auditd  : type=1325 audit(0.0:2570): table=filter family=10 entries=53
05-24 04:20:15.409  2989  2989 W auditd  : type=1320 audit(0.0:2570): 
05-24 04:20:15.419  2989  2989 W auditd  : type=1325 audit(0.0:2571): table=filter family=2 entries=51
05-24 04:20:15.419  2989  2989 W auditd  : type=1320 audit(0.0:2571): 
05-24 04:20:15.429  2989  2989 W auditd  : type=1325 audit(0.0:2572): table=filter family=10 entries=54
05-24 04:20:15.429  2989  2989 W auditd  : type=1320 audit(0.0:2572): 
05-24 04:20:15.449  2989  2989 W auditd  : type=1325 audit(0.0:2573): table=raw family=2 entries=9
05-24 04:20:15.449  2989  2989 W auditd  : type=1320 audit(0.0:2573): 
05-24 04:20:15.469  2989  2989 W auditd  : type=1325 audit(0.0:2574): table=raw family=10 entries=9
05-24 04:20:15.469  2989  2989 W auditd  : type=1320 audit(0.0:2574): 
05-24 04:20:15.479  2989  2989 W auditd  : type=1325 audit(0.0:2575): table=mangle family=2 entries=16
05-24 04:20:15.479  2989  2989 W auditd  : type=1320 audit(0.0:2575): 
05-24 04:20:15.499  2989  2989 W auditd  : type=1325 audit(0.0:2576): table=mangle family=10 entries=12
05-24 04:20:15.499  2989  2989 W auditd  : type=1320 audit(0.0:2576): 
05-24 04:20:15.542  5745  5745 E Netd    : cannot find interface dummy0
05-24 04:20:15.542  5745  5745 E base.file: android::WriteStringToFile open failed: No such file or directory
05-24 04:20:15.542  5745  5745 E Netd    : failed to write to /data/misc/net/rt_tables (No such file or directory)
05-24 04:20:15.550  5745  5745 D MDnsDS  : MDnsSdListener::Hander starting up
05-24 04:20:15.550  5745  6007 D MDnsDS  : MDnsSdListener starting to monitor
05-24 04:20:15.550  5745  6007 D MDnsDS  : Going to poll with pollCount 1
05-24 04:20:15.551  5745  5745 E Netd    : Unable to create pid file (No such file or directory)
05-24 04:20:17.072  6011  6011 I SurfaceFlinger: SurfaceFlinger is starting
05-24 04:20:17.072  6011  6011 E SchedPolicy: /system/bin/surfaceflinger add_tid_to_cgroup failed; fd=-1
05-24 04:20:17.072  6011  6011 I SurfaceFlinger: SurfaceFlinger's main thread ready to run. Initializing graphics H/W...
05-24 04:20:17.078  6011  6011 D libEGL  : loaded /vendor/lib64/egl/libGLES_mali.so
05-24 04:20:17.084  6011  6011 W libEGL  : eglInitialize(0x7fa39a1000) failed (EGL_NOT_INITIALIZED)
05-24 04:20:17.079  6011  6011 W surfaceflinger: type=1400 audit(0.0:2577): avc: denied { read write } for name="mali0" dev="tmpfs" ino=8896 scontext=u:r:surfaceflinger:s0 tcontext=u:object_r:device:s0 tclass=chr_file permissive=0
05-24 04:20:17.079  6011  6011 W surfaceflinger: type=1300 audit(0.0:2577): arch=c00000b7 syscall=56 success=no exit=-13 a0=ffffff9c a1=7fcd8c56f8 a2=80002 a3=0 items=0 ppid=1 auid=4294967295 uid=1000 gid=1003 euid=1000 suid=1000 fsuid=1000 egid=1003 sgid=1003 fsgid=1003 tty=(none) ses=4294967295 exe="/system/bin/surfaceflinger" subj=u:r:surfaceflinger:s0 key=(null)
05-24 04:20:17.084  6011  6011 I gralloc : using (id=)
05-24 04:20:17.084  6011  6011 I gralloc : xres         = 1440 px
05-24 04:20:17.084  6011  6011 I gralloc : yres         = 2560 px
05-24 04:20:17.084  6011  6011 I gralloc : width        = 68 mm (537.882324 dpi)
05-24 04:20:17.084  6011  6011 I gralloc : height       = 122 mm (532.983582 dpi)
05-24 04:20:17.084  6011  6011 I gralloc : refresh rate = 59.42 Hz
05-24 04:20:17.079  2989  2989 W auditd  : type=1327 audit(0.0:2577): proctitle="/system/bin/surfaceflinger"
05-24 04:20:17.079  2989  2989 W auditd  : type=1320 audit(0.0:2577): 
05-24 04:20:17.079  6011  6011 W surfaceflinger: type=1400 audit(0.0:2578): avc: denied { read write } for name="mali0" dev="tmpfs" ino=8896 scontext=u:r:surfaceflinger:s0 tcontext=u:object_r:device:s0 tclass=chr_file permissive=0
05-24 04:20:17.079  6011  6011 W surfaceflinger: type=1300 audit(0.0:2578): arch=c00000b7 syscall=56 success=no exit=-13 a0=ffffff9c a1=7fcd8c56f8 a2=80002 a3=0 items=0 ppid=1 auid=4294967295 uid=1000 gid=1003 euid=1000 suid=1000 fsuid=1000 egid=1003 sgid=1003 fsgid=1003 tty=(none) ses=4294967295 exe="/system/bin/surfaceflinger" subj=u:r:surfaceflinger:s0 key=(null)
05-24 04:20:17.079  2989  2989 W auditd  : type=1327 audit(0.0:2578): proctitle="/system/bin/surfaceflinger"
05-24 04:20:17.079  2989  2989 W auditd  : type=1320 audit(0.0:2578): 
05-24 04:20:17.087  6011  6011 E HAL     : load: module=/system/lib64/hw/hwcomposer.exynos5.so
05-24 04:20:17.087  6011  6011 E HAL     : dlopen failed: library "libExynosHWCService.so" not found
05-24 04:20:17.087  6011  6011 E SurfaceFlinger: hwcomposer module not found
05-24 04:20:17.087  6011  6011 W SurfaceFlinger: no suitable EGLConfig found, trying a simpler query
05-24 04:20:17.087  6011  6011 F SurfaceFlinger: no suitable EGLConfig found, giving up
05-24 04:20:17.087  6011  6011 F libc    : Fatal signal 6 (SIGABRT), code -6 in tid 6011 (surfaceflinger)
05-24 04:20:17.087  6011  6011 F libc    : Unable to open connection to debuggerd: Connection refused
05-24 04:20:17.079  6011  6011 W surfaceflinger: type=1701 audit(0.0:2579): auid=4294967295 uid=1000 gid=1003 ses=4294967295 subj=u:r:surfaceflinger:s0 exe="/system/bin/surfaceflinger" sig=6
05-24 04:20:18.127  6018  6018 I Netd    : Netd 1.0 starting
05-24 04:20:18.127  6018  6018 I QtiConnectivityAdapter: Failed to open libconnctrl, some features may not be present.
05-24 04:20:18.127  6018  6018 D TetherController: Setting IP forward enable = 0
05-24 04:20:18.129  2989  2989 W auditd  : type=1325 audit(0.0:2580): table=filter family=2 entries=52
05-24 04:20:18.129  2989  2989 W auditd  : type=1320 audit(0.0:2580): 
05-24 04:20:18.129  2989  2989 W auditd  : type=1325 audit(0.0:2581): table=filter family=10 entries=55
05-24 04:20:18.129  2989  2989 W auditd  : type=1320 audit(0.0:2581): 
05-24 04:20:18.129  2989  2989 W auditd  : type=1325 audit(0.0:2582): table=filter family=2 entries=51
05-24 04:20:18.129  2989  2989 W auditd  : type=1320 audit(0.0:2582): 
05-24 04:20:18.139  2989  2989 W auditd  : type=1325 audit(0.0:2583): table=filter family=10 entries=54
05-24 04:20:18.139  2989  2989 W auditd  : type=1320 audit(0.0:2583): 
05-24 04:20:18.139  2989  2989 W auditd  : type=1325 audit(0.0:2584): table=filter family=2 entries=50
05-24 04:20:18.139  2989  2989 W auditd  : type=1320 audit(0.0:2584): 
05-24 04:20:18.149  2989  2989 W auditd  : type=1325 audit(0.0:2585): table=filter family=10 entries=53
05-24 04:20:18.149  2989  2989 W auditd  : type=1320 audit(0.0:2585): 
05-24 04:20:18.149  2989  2989 W auditd  : type=1325 audit(0.0:2586): table=filter family=2 entries=48
05-24 04:20:18.149  2989  2989 W auditd  : type=1320 audit(0.0:2586): 
05-24 04:20:18.149  2989  2989 W auditd  : type=1325 audit(0.0:2587): table=filter family=10 entries=51
05-24 04:20:18.149  2989  2989 W auditd  : type=1320 audit(0.0:2587): 
05-24 04:20:18.159  2989  2989 W auditd  : type=1325 audit(0.0:2588): table=filter family=2 entries=50
05-24 04:20:18.159  2989  2989 W auditd  : type=1320 audit(0.0:2588): 
05-24 04:20:18.159  2989  2989 W auditd  : type=1325 audit(0.0:2589): table=filter family=10 entries=53
05-24 04:20:18.159  2989  2989 W auditd  : type=1320 audit(0.0:2589): 
05-24 04:20:18.159  2989  2989 W auditd  : type=1325 audit(0.0:2590): table=filter family=2 entries=51
05-24 04:20:18.159  2989  2989 W auditd  : type=1320 audit(0.0:2590): 
05-24 04:20:18.169  2989  2989 W auditd  : type=1325 audit(0.0:2591): table=filter family=10 entries=54
05-24 04:20:18.169  2989  2989 W auditd  : type=1320 audit(0.0:2591): 
05-24 04:20:18.169  2989  2989 W auditd  : type=1325 audit(0.0:2592): table=filter family=2 entries=50
05-24 04:20:18.169  2989  2989 W auditd  : type=1320 audit(0.0:2592): 
05-24 04:20:18.189  2989  2989 W auditd  : type=1325 audit(0.0:2593): table=filter family=10 entries=53
05-24 04:20:18.189  2989  2989 W auditd  : type=1320 audit(0.0:2593): 
05-24 04:20:18.189  2989  2989 W auditd  : type=1325 audit(0.0:2594): table=filter family=2 entries=50
05-24 04:20:18.189  2989  2989 W auditd  : type=1320 audit(0.0:2594): 
05-24 04:20:18.199  2989  2989 W auditd  : type=1325 audit(0.0:2595): table=filter family=10 entries=53
05-24 04:20:18.199  2989  2989 W auditd  : type=1320 audit(0.0:2595): 
05-24 04:20:18.199  2989  2989 W auditd  : type=1325 audit(0.0:2596): table=filter family=2 entries=48
05-24 04:20:18.199  2989  2989 W auditd  : type=1320 audit(0.0:2596): 
05-24 04:20:18.209  2989  2989 W auditd  : type=1325 audit(0.0:2597): table=filter family=10 entries=51
05-24 04:20:18.236  6019  6019 I mediaserver: ServiceManager: 0xf680e120
05-24 04:20:18.236  6019  6019 I AudioFlinger: Using default 3000 mSec as standby time.
05-24 04:20:18.237  6019  6019 E BatteryNotifier: batterystats service unavailable!
05-24 04:20:18.237  6019  6019 E BatteryNotifier: batterystats service unavailable!
05-24 04:20:18.238  6019  6019 I CameraService: CameraService started (pid=6019)
05-24 04:20:18.238  6019  6019 I CameraService: CameraService process starting
05-24 04:20:18.238  6019  6019 E BatteryNotifier: batterystats service unavailable!
05-24 04:20:18.238  6019  6019 E BatteryNotifier: batterystats service unavailable!
05-24 04:20:18.238  6019  6019 E CameraService: Could not load camera HAL module: -2 (No such file or directory)
05-24 04:20:18.239  6019  6019 I AudioPolicyService: AudioPolicyService CSTOR in new mode
05-24 04:20:18.239  6019  6019 W APM::HwModule: loadOutput() invalid supported devices
05-24 04:20:18.240  6019  6019 W APM::HwModule: loadOutput() invalid supported devices
05-24 04:20:18.240  6019  6019 W APM::HwModule: loadInput() invalid supported devices
05-24 04:20:18.240  6019  6019 W APM::HwModule: loadInput() invalid supported devices
05-24 04:20:18.240  6019  6019 I APM::ConfigParsingUtils: loadAudioPolicyConfig() loaded /system/etc/audio_policy.conf
05-24 04:20:18.772  6019  6019 I AudioFlinger: loadHwModule() Loaded primary audio interface from Samsung audio HW HAL (audio) handle 1
05-24 04:20:18.772  6019  6019 I AudioFlinger: openOutput(), module 1 Device 2, SamplingRate 48000, Format 0x000001, Channels 3, flags a
05-24 04:20:18.772  6019  6019 I AudioFlinger: AudioStreamOut::open(), mHalFormatIsLinearPcm = 1
05-24 04:20:18.772  6019  6019 I AudioFlinger: HAL output buffer size 1024 frames, normal sink buffer size 1024 frames
05-24 04:20:18.773  6019  6019 W EffectsFactory: loadLibrary() failed to open /system/lib/soundfx/libaudioeffectoffload.so
05-24 04:20:18.774  6019  6019 W EffectsFactory: loadLibrary() failed to open /system/lib/soundfx/libexynosvisualizer.so
05-24 04:20:18.775  6019  6019 W EffectsFactory: loadLibrary() failed to open /system/lib/libmysound.so
05-24 04:20:18.775  6019  6019 W EffectsFactory: loadLibrary() failed to open /system/lib/soundfx/libmyspace.so
05-24 04:20:18.775  6019  6019 W EffectsFactory: loadLibrary() failed to open /system/lib/libaudiosa.so
05-24 04:20:18.775  6019  6019 W EffectsFactory: loadLibrary() failed to open /system/lib/soundfx/libaudiosaplus_sec.so
05-24 04:20:18.776  6019  6019 W EffectsFactory: loadLibrary() failed to open /system/lib/libsamsungSoundbooster_plus.so
05-24 04:20:18.776  6019  6019 W EffectsFactory: loadEffect() could not get library soundbooster_plus
05-24 04:20:18.776  6019  6019 W EffectsFactory: addSubEffect() could not get library soundalive_sec
05-24 04:20:18.776  6019  6019 W EffectsFactory: loadEffect() could not add subEffect 
05-24 04:20:18.776  6019  6019 W EffectsFactory: loadEffect() could not get library soundalive
05-24 04:20:18.776  6019  6019 W EffectsFactory: loadEffect() could not get library soundalive
05-24 04:20:18.776  6019  6019 W EffectsFactory: loadEffect() could not get library soundalive
05-24 04:20:18.776  6019  6019 W EffectsFactory: addSubEffect() could not get library visualizer_hw
05-24 04:20:18.776  6019  6019 W EffectsFactory: loadEffect() could not add subEffect 
05-24 04:20:18.776  6019  6019 W EffectsFactory: addSubEffect() could not get library mysound
05-24 04:20:18.776  6019  6019 W EffectsFactory: loadEffect() could not add subEffect 
05-24 04:20:18.776  6019  6019 W EffectsFactory: addSubEffect() could not get library myspace
05-24 04:20:18.776  6019  6019 W EffectsFactory: loadEffect() could not add subEffect 
05-24 04:20:18.776  6019  6019 I BufferProvider: found effect "Multichannel Downmix To Stereo" from The Android Open Source Project
05-24 04:20:18.776  6019  6019 I AudioFlinger: Using module 1 has the primary audio interface
05-24 04:20:18.776  6019  6153 I AudioFlinger: AudioFlinger's thread 0xf4bc0000 ready to run
05-24 04:20:18.776  6019  6153 V audio_hw_primary: do_out_standby: output standby: 1
05-24 04:20:18.777  6019  6153 V audio_hw_primary: out_set_parameters: key value pairs: routing=2
05-24 04:20:18.777  6019  6153 E AudioFlinger: no wake lock to update!
05-24 04:20:18.778  6019  6019 I AudioFlinger: openOutput(), module 1 Device 2, SamplingRate 48000, Format 0x000001, Channels 3, flags 4
05-24 04:20:18.778  6019  6019 I AudioFlinger: AudioStreamOut::open(), mHalFormatIsLinearPcm = 1
05-24 04:20:18.778  6019  6019 I AudioFlinger: HAL output buffer size 256 frames, normal sink buffer size 960 frames
05-24 04:20:18.779  6019  6019 E MonoPipe: Failed to fetch local time frequency when constructing a MonoPipe (res = -32).  getNextWriteTimestamp calls will be non-functional
05-24 04:20:18.779  6019  6156 I AudioFlinger: AudioFlinger's thread 0xf4880000 ready to run
05-24 04:20:18.779  6019  6156 V audio_hw_primary: do_out_standby: output standby: 1
05-24 04:20:18.783  6019  6156 V audio_hw_primary: out_set_parameters: key value pairs: routing=2
05-24 04:20:18.783  6019  6156 E AudioFlinger: no wake lock to update!
05-24 04:20:18.784  6019  6019 V audio_hw_primary: adev_open_input_stream: Requesting input stream with rate: 48000, channels: 0xc
05-24 04:20:18.784  6019  6158 I AudioFlinger: AudioFlinger's thread 0xf4580000 ready to run
05-24 04:20:18.785  6019  6019 I bt_a2dp_hw: adev_open:  adev_open in A2dp_hw module
05-24 04:20:18.785  6019  6019 I AudioFlinger: loadHwModule() Loaded a2dp audio interface from A2DP Audio HW HAL (audio) handle 5
05-24 04:20:18.786  6019  6019 I AudioFlinger: loadHwModule() Loaded usb audio interface from USB audio HW HAL (audio) handle 6
05-24 04:20:18.786  6019  6019 I r_submix: adev_open(name=audio_hw_if)
05-24 04:20:18.786  6019  6019 I r_submix: adev_init_check()
05-24 04:20:18.786  6019  6019 I AudioFlinger: loadHwModule() Loaded r_submix audio interface from Wifi Display audio HAL (audio) handle 7
05-24 04:20:18.786  6019  6019 D r_submix: adev_open_input_stream(addr=0)
05-24 04:20:18.786  6019  6019 D r_submix: submix_audio_device_create_pipe_l(addr=0, idx=9)
05-24 04:20:18.786  6019  6019 D r_submix:   now using address 0 for route 9
05-24 04:20:18.786  6019  6159 I AudioFlinger: AudioFlinger's thread 0xf44c0000 ready to run
05-24 04:20:18.786  6019  6019 D r_submix: adev_close_input_stream()
05-24 04:20:18.786  6019  6019 D r_submix: submix_audio_device_release_pipe_l(idx=9) addr=0
05-24 04:20:18.786  6019  6019 D r_submix: submix_audio_device_destroy_pipe_l(): pipe destroyed
05-24 04:20:18.787  6019  6019 F libc    : Fatal signal 11 (SIGSEGV), code 1, fault addr 0x0 in tid 6019 (mediaserver)
05-24 04:20:18.787  6019  6019 F libc    : Unable to open connection to debuggerd: Connection refused
05-24 04:20:18.793  2921  2921 I ServiceManager: service 'media.audio_flinger' died
05-24 04:20:18.793  2921  2921 I ServiceManager: service 'media.player' died
05-24 04:20:18.793  2921  2921 I ServiceManager: service 'media.resource_manager' died
05-24 04:20:18.793  2921  2921 I ServiceManager: service 'media.camera' died
05-24 04:20:19.161  6018  6018 V NatController: runCmd(/system/bin/iptables -w -F natctrl_FORWARD) res=0
05-24 04:20:19.159  2989  2989 W auditd  : type=1325 audit(0.0:2759): table=filter family=2 entries=49
05-24 04:20:19.159  2989  2989 W auditd  : type=1320 audit(0.0:2759): 
05-24 04:20:19.174  6018  6018 V NatController: runCmd(/system/bin/iptables -w -A natctrl_FORWARD -j DROP) res=0
05-24 04:20:19.179  2989  2989 W auditd  : type=1325 audit(0.0:2760): table=nat family=2 entries=11
05-24 04:20:19.179  2989  2989 W auditd  : type=1320 audit(0.0:2760): 
05-24 04:20:19.189  6018  6018 V NatController: runCmd(/system/bin/iptables -w -t nat -F natctrl_nat_POSTROUTING) res=0
05-24 04:20:19.199  2989  2989 W auditd  : type=1325 audit(0.0:2761): table=filter family=2 entries=50
05-24 04:20:19.199  2989  2989 W auditd  : type=1320 audit(0.0:2761): 
05-24 04:20:19.205  6018  6018 V NatController: runCmd(/system/bin/iptables -w -F natctrl_tether_counters) res=0
05-24 04:20:19.209  2989  2989 W auditd  : type=1325 audit(0.0:2762): table=filter family=2 entries=50
05-24 04:20:19.209  2989  2989 W auditd  : type=1320 audit(0.0:2762): 
05-24 04:20:19.221  6018  6018 V NatController: runCmd(/system/bin/iptables -w -X natctrl_tether_counters) res=0
05-24 04:20:19.219  2989  2989 W auditd  : type=1325 audit(0.0:2763): table=filter family=2 entries=48
05-24 04:20:19.219  2989  2989 W auditd  : type=1320 audit(0.0:2763): 
05-24 04:20:19.235  6018  6018 V NatController: runCmd(/system/bin/iptables -w -N natctrl_tether_counters) res=0
05-24 04:20:19.239  2989  2989 W auditd  : type=1325 audit(0.0:2764): table=mangle family=2 entries=15
05-24 04:20:19.239  2989  2989 W auditd  : type=1320 audit(0.0:2764): 
05-24 04:20:19.250  6018  6018 V NatController: runCmd(/system/bin/iptables -w -t mangle -A natctrl_mangle_FORWARD -p tcp --tcp-flags SYN SYN -j TCPMSS --clamp-mss-to-pmtu) res=0
05-24 04:20:19.279  2989  2989 W auditd  : type=1325 audit(0.0:2765): table=filter family=2 entries=50
05-24 04:20:19.279  2989  2989 W auditd  : type=1320 audit(0.0:2765): 
05-24 04:20:19.289  2989  2989 W auditd  : type=1325 audit(0.0:2766): table=filter family=10 entries=53
05-24 04:20:19.289  2989  2989 W auditd  : type=1320 audit(0.0:2766): 
05-24 04:20:19.309  2989  2989 W auditd  : type=1325 audit(0.0:2767): table=filter family=2 entries=50
05-24 04:20:19.309  2989  2989 W auditd  : type=1320 audit(0.0:2767): 
05-24 04:20:19.319  2989  2989 W auditd  : type=1325 audit(0.0:2768): table=filter family=10 entries=53
05-24 04:20:19.319  2989  2989 W auditd  : type=1320 audit(0.0:2768): 
05-24 04:20:20.166  6018  6018 E Netd    : cannot find interface dummy0
05-24 04:20:20.166  6018  6018 E base.file: android::WriteStringToFile open failed: No such file or directory
05-24 04:20:20.166  6018  6018 E Netd    : failed to write to /data/misc/net/rt_tables (No such file or directory)
05-24 04:20:20.172  6018  6018 D MDnsDS  : MDnsSdListener::Hander starting up
05-24 04:20:20.173  6018  6279 D MDnsDS  : MDnsSdListener starting to monitor
05-24 04:20:20.173  6018  6279 D MDnsDS  : Going to poll with pollCount 1
05-24 04:20:20.173  6018  6018 E Netd    : Unable to create pid file (No such file or directory)
05-24 04:20:21.833  6283  6283 I SurfaceFlinger: SurfaceFlinger is starting
05-24 04:20:21.833  6283  6283 E SchedPolicy: /system/bin/surfaceflinger add_tid_to_cgroup failed; fd=-1
05-24 04:20:21.834  6283  6283 I SurfaceFlinger: SurfaceFlinger's main thread ready to run. Initializing graphics H/W...
05-24 04:20:21.840  6283  6283 D libEGL  : loaded /vendor/lib64/egl/libGLES_mali.so
05-24 04:20:21.845  6283  6283 W libEGL  : eglInitialize(0x7fac769000) failed (EGL_NOT_INITIALIZED)
05-24 04:20:21.839  6283  6283 W surfaceflinger: type=1400 audit(0.0:2819): avc: denied { read write } for name="mali0" dev="tmpfs" ino=8896 scontext=u:r:surfaceflinger:s0 tcontext=u:object_r:device:s0 tclass=chr_file permissive=0
