--------- beginning of main
06-03 02:43:56.400  3000  3000 W auditd  : type=2000 audit(0.0:1): initialized
06-03 02:43:57.460  3000  3000 W auditd  : type=1325 audit(0.0:2): table=filter family=2 entries=0
06-03 02:43:57.460  3000  3000 W auditd  : type=1325 audit(0.0:3): table=mangle family=2 entries=0
06-03 02:43:57.460  3000  3000 W auditd  : type=1325 audit(0.0:4): table=nat family=2 entries=0
06-03 02:43:57.460  3000  3000 W auditd  : type=1325 audit(0.0:5): table=raw family=2 entries=0
06-03 02:43:57.460  3000  3000 W auditd  : type=1325 audit(0.0:6): table=security family=2 entries=0
06-03 02:43:57.460  3000  3000 W auditd  : type=1325 audit(0.0:7): table=filter family=3 entries=0
06-03 02:43:57.460  3000  3000 W auditd  : type=1325 audit(0.0:8): table=filter family=10 entries=0
06-03 02:43:57.460  3000  3000 W auditd  : type=1325 audit(0.0:9): table=mangle family=10 entries=0
06-03 02:43:57.460  3000  3000 W auditd  : type=1325 audit(0.0:10): table=raw family=10 entries=0
06-03 02:43:57.460  3000  3000 W auditd  : type=1325 audit(0.0:11): table=nat family=10 entries=0
06-03 02:43:57.849  3000  3000 W auditd  : type=1305 audit(0.0:12): audit_pid=2907 old=0 auid=4294967295 ses=4294967295 res=1
06-03 02:43:57.849  3000  3000 W auditd  : type=1305 audit(0.0:13): audit_rate_limit=20 old=0 auid=4294967295 ses=4294967295 res=1
06-03 02:43:57.871  2915  2915 I /system/bin/tzdatacheck: tzdata file /data/misc/zoneinfo/current/tzdata does not exist. No action required.
--------- beginning of system
06-03 02:43:57.883  2908  2908 I vold    : Vold 3.0 (the awakening) firing up
06-03 02:43:57.883  2908  2908 V vold    : Detected support for: exfat ext4 ntfs vfat
06-03 02:43:57.885  2919  2919 I lowmemorykiller: Using in-kernel low memory killer interface
06-03 02:43:57.887  2922  2922 I sysinit : Running /system/etc/init.d/00banner 
06-03 02:43:57.897  2937  2937 I cm      : ____ _   _ ____ _  _ ____ ____ ____ _  _ _  _ ____ ___ 
06-03 02:43:57.902  2934  2934 I installd: installd firing up
06-03 02:43:57.907  2966  2966 I cm      : |     \_/  |__| |\ | |  | | __ |___ |\ | |\/| |  | |  \ 
06-03 02:43:57.909  2949  2949 I fingerprintd: Starting fingerprintd
06-03 02:43:57.910  2929  2929 I DEBUG   : debuggerd: starting
06-03 02:43:57.911  2927  2927 I Netd    : Netd 1.0 starting
06-03 02:43:57.911  2927  2927 I QtiConnectivityAdapter: Failed to open libconnctrl, some features may not be present.
06-03 02:43:57.911  2927  2927 D TetherController: Setting IP forward enable = 0
06-03 02:43:57.917  2946  2946 I perfprofd: starting Android Wide Profiling daemon
06-03 02:43:57.919  2946  2946 E perfprofd: unable to open configuration file /data/data/com.google.android.gms/files/perfprofd.conf
06-03 02:43:57.919  2946  2946 I perfprofd: random seed set to 2862704823
06-03 02:43:57.920  2942  2942 I gatekeeperd: Starting gatekeeperd...
06-03 02:43:57.921  2994  2994 I cm      : |___   |   |  | | \| |__| |__] |___ | \| |  | |__| |__/ 
06-03 02:43:57.922  2942  2942 W gatekeeperd: falling back to software GateKeeper
06-03 02:43:57.922  2942  2942 I gatekeeperd: cold boot: clearing state
06-03 02:43:57.923  2936  2936 I keystore: Found keymaster0 module Keymaster OpenSSL HAL, version 2
06-03 02:43:57.923  2936  2936 I SoftKeymaster: system/keymaster/soft_keymaster_device.cpp, Line 122: Creating device
06-03 02:43:57.923  2936  2936 D SoftKeymaster: system/keymaster/soft_keymaster_device.cpp, Line 123: Device address: 0x7f80523000
06-03 02:43:57.924  2936  2936 I keystore: Keymaster0 module is software-only.  Using SoftKeymasterDevice instead.
06-03 02:43:57.924  2936  2936 I SoftKeymaster: system/keymaster/soft_keymaster_device.cpp, Line 122: Creating device
06-03 02:43:57.924  2936  2936 D SoftKeymaster: system/keymaster/soft_keymaster_device.cpp, Line 123: Device address: 0x7f80523300
06-03 02:43:57.924  2936  2936 I keystore: SELinux: Keystore SELinux is disabled.
06-03 02:43:57.933  2921  2921 I SurfaceFlinger: SurfaceFlinger is starting
06-03 02:43:57.934  2921  2921 E SchedPolicy: /system/bin/surfaceflinger add_tid_to_cgroup failed; fd=-1
06-03 02:43:57.934  2921  2921 I SurfaceFlinger: SurfaceFlinger's main thread ready to run. Initializing graphics H/W...
06-03 02:43:57.935  2928  2928 I DEBUG   : debuggerd: starting
06-03 02:43:57.948  3006  3006 I cm      : Welcome to Android 6.0.1 / CyanogenMod-13.0-20160602-UNOFFICIAL-hero2ltexx 
06-03 02:43:57.956  3008  3008 I sysinit : Running /system/etc/init.d/90userinit 
06-03 02:43:57.959  3000  3000 W auditd  : type=1325 audit(0.0:14): table=filter family=2 entries=4
06-03 02:43:57.959  3000  3000 W auditd  : type=1320 audit(0.0:14): 
06-03 02:43:57.959  3000  3000 W auditd  : type=1325 audit(0.0:15): table=filter family=10 entries=4
06-03 02:43:57.959  3000  3000 W auditd  : type=1320 audit(0.0:15): 
06-03 02:43:57.969  3000  3000 W auditd  : type=1325 audit(0.0:16): table=filter family=2 entries=6
06-03 02:43:57.969  3000  3000 W auditd  : type=1320 audit(0.0:16): 
06-03 02:43:57.969  3000  3000 W auditd  : type=1325 audit(0.0:17): table=filter family=10 entries=6
06-03 02:43:57.969  3000  3000 W auditd  : type=1320 audit(0.0:17): 
06-03 02:43:57.976  2921  2921 D libEGL  : loaded /vendor/lib64/egl/libGLES_mali.so
06-03 02:43:57.992  2921  2921 I gralloc : using (id=)
06-03 02:43:57.992  2921  2921 I gralloc : xres         = 1440 px
06-03 02:43:57.992  2921  2921 I gralloc : yres         = 2560 px
06-03 02:43:57.992  2921  2921 I gralloc : width        = 68 mm (537.882324 dpi)
06-03 02:43:57.992  2921  2921 I gralloc : height       = 122 mm (532.983582 dpi)
06-03 02:43:57.992  2921  2921 I gralloc : refresh rate = 59.31 Hz
06-03 02:43:58.006  2921  2921 D hwcomposer: using
06-03 02:43:58.006  2921  2921 D hwcomposer: xres         = 1440 px
06-03 02:43:58.006  2921  2921 D hwcomposer: yres         = 2560 px
06-03 02:43:58.006  2921  2921 D hwcomposer: width        = 68 mm (537.882000 dpi)
06-03 02:43:58.006  2921  2921 D hwcomposer: height       = 122 mm (532.983000 dpi)
06-03 02:43:58.006  2921  2921 D hwcomposer: refresh rate = 59 Hz
06-03 02:43:58.006  2921  2921 I hwcomposer: PSR info devname = /sys/devices/13960000.decon_f/psr_info
06-03 02:43:58.006  2921  2921 I hwcomposer: PSR mode is 6(0: video mode, 1: DP PSR mode, 2: MIPI-DSI command mode)
06-03 02:43:58.006  2921  2921 I SurfaceFlinger: Using composer version 1.3
06-03 02:43:58.006  2921  2921 E display : unknown display attribute 6
06-03 02:43:58.006  2921  2921 I SurfaceFlinger: EGL information:
06-03 02:43:58.006  2921  2921 I SurfaceFlinger: vendor    : Android
06-03 02:43:58.006  2921  2921 I SurfaceFlinger: version   : 1.4 Android META-EGL
06-03 02:43:58.006  2921  2921 I SurfaceFlinger: extensions: EGL_KHR_get_all_proc_addresses EGL_ANDROID_presentation_time EGL_KHR_swap_buffers_with_damage EGL_KHR_image EGL_KHR_image_base EGL_KHR_gl_texture_2D_image EGL_KHR_gl_texture_cubemap_image EGL_KHR_gl_renderbuffer_image EGL_KHR_fence_sync EGL_KHR_create_context EGL_KHR_config_attribs EGL_KHR_surfaceless_context EGL_EXT_create_context_robustness EGL_ANDROID_image_native_buffer EGL_KHR_wait_sync EGL_ANDROID_recordable EGL_KHR_partial_update 
06-03 02:43:58.006  2921  2921 I SurfaceFlinger: Client API: OpenGL_ES
06-03 02:43:58.006  2921  2921 I SurfaceFlinger: EGLSurface: 8-8-8-8, config=0x7f94650128
06-03 02:43:58.006  2921  2921 D         : ro.exynos.dss isEnabled: 0
06-03 02:43:58.012  2921  2921 I SurfaceFlinger: OpenGL ES informations:
06-03 02:43:58.012  2921  2921 I SurfaceFlinger: vendor    : ARM
06-03 02:43:58.012  2921  2921 I SurfaceFlinger: renderer  : Mali-T880
06-03 02:43:58.012  2921  2921 I SurfaceFlinger: version   : OpenGL ES 3.1 v1.r9p0-12dev0.c2bae768d87bf40047e1f310c8de7f16
06-03 02:43:58.012  2921  2921 I SurfaceFlinger: extensions: GL_EXT_debug_marker GL_ARM_rgba8 GL_ARM_mali_shader_binary GL_OES_depth24 GL_OES_depth_texture GL_OES_depth_texture_cube_map GL_OES_packed_depth_stencil GL_OES_rgb8_rgba8 GL_EXT_read_format_bgra GL_OES_compressed_paletted_texture GL_OES_compressed_ETC1_RGB8_texture GL_OES_standard_derivatives GL_OES_EGL_image GL_OES_EGL_image_external GL_OES_EGL_sync GL_OES_texture_npot GL_OES_vertex_half_float GL_OES_required_internalformat GL_OES_vertex_array_object GL_OES_mapbuffer GL_EXT_texture_format_BGRA8888 GL_EXT_texture_rg GL_EXT_texture_type_2_10_10_10_REV GL_OES_fbo_render_mipmap GL_OES_element_index_uint GL_EXT_shadow_samplers GL_OES_texture_compression_astc GL_KHR_texture_compression_astc_ldr GL_KHR_texture_compression_astc_hdr GL_KHR_debug GL_EXT_occlusion_query_boolean GL_EXT_disjoint_timer_query GL_EXT_blend_minmax GL_EXT_discard_framebuffer GL_OES_get_program_binary GL_OES_texture_3D GL_EXT_texture_storage GL_EXT_multisampled_render_to_texture GL_OES_surfaceless_context GL_OES_texture_stencil8 G
06-03 02:43:58.012  2921  2921 I SurfaceFlinger: GL_MAX_TEXTURE_SIZE = 8192
06-03 02:43:58.012  2921  2921 I SurfaceFlinger: GL_MAX_VIEWPORT_DIMS = 8192
06-03 02:43:58.012  2921  2921 D mali_winsys: new_window_surface returns 0x3000,  [1440x2560]-format:1
06-03 02:43:58.019  3000  3000 W auditd  : type=1325 audit(0.0:18): table=filter family=2 entries=7
06-03 02:43:58.019  3000  3000 W auditd  : type=1320 audit(0.0:18): 
06-03 02:43:58.029  3000  3000 W auditd  : type=1325 audit(0.0:19): table=filter family=10 entries=7
06-03 02:43:58.029  3000  3000 W auditd  : type=1320 audit(0.0:19): 
06-03 02:43:58.030  2921  2921 D SurfaceFlinger: Set power mode=2, type=0 flinger=0x7f94b03c00
06-03 02:43:58.039  3000  3000 W auditd  : type=1325 audit(0.0:20): table=filter family=2 entries=9
06-03 02:43:58.039  3000  3000 W auditd  : type=1320 audit(0.0:20): 
06-03 02:43:58.049  3000  3000 W auditd  : type=1325 audit(0.0:21): table=filter family=10 entries=9
06-03 02:43:58.049  3000  3000 W auditd  : type=1320 audit(0.0:21): 
06-03 02:43:58.099  3000  3000 W auditd  : type=1325 audit(0.0:22): table=filter family=2 entries=10
06-03 02:43:58.099  3000  3000 W auditd  : type=1320 audit(0.0:22): 
06-03 02:43:58.099  3000  3000 W auditd  : type=1325 audit(0.0:23): table=filter family=10 entries=10
06-03 02:43:58.099  3000  3000 W auditd  : type=1320 audit(0.0:23): 
06-03 02:43:58.109  3000  3000 W auditd  : type=1325 audit(0.0:24): table=filter family=2 entries=12
06-03 02:43:58.109  3000  3000 W auditd  : type=1320 audit(0.0:24): 
06-03 02:43:58.119  3000  3000 W auditd  : type=1325 audit(0.0:25): table=filter family=10 entries=12
06-03 02:43:58.119  3000  3000 W auditd  : type=1320 audit(0.0:25): 
06-03 02:43:58.129  2932  2932 I mediaserver: ServiceManager: 0xf634e120
06-03 02:43:58.129  2932  2932 I AudioFlinger: Using default 3000 mSec as standby time.
06-03 02:43:58.129  2932  2932 E BatteryNotifier: batterystats service unavailable!
06-03 02:43:58.129  2932  2932 E BatteryNotifier: batterystats service unavailable!
06-03 02:43:58.129  2932  2932 I CameraService: CameraService started (pid=2932)
06-03 02:43:58.129  2932  2932 I CameraService: CameraService process starting
06-03 02:43:58.129  2932  2932 E BatteryNotifier: batterystats service unavailable!
06-03 02:43:58.130  2932  2932 E BatteryNotifier: batterystats service unavailable!
06-03 02:43:58.130  2932  2932 E CameraService: Could not load camera HAL module: -2 (No such file or directory)
06-03 02:43:58.131  2932  2932 I AudioPolicyService: AudioPolicyService CSTOR in new mode
06-03 02:43:58.132  2932  2932 W APM::HwModule: loadOutput() invalid supported devices
06-03 02:43:58.132  2932  2932 W APM::HwModule: loadOutput() invalid supported devices
06-03 02:43:58.132  2932  2932 W APM::HwModule: loadInput() invalid supported devices
06-03 02:43:58.132  2932  2932 W APM::HwModule: loadInput() invalid supported devices
06-03 02:43:58.132  2932  2932 I APM::ConfigParsingUtils: loadAudioPolicyConfig() loaded /system/etc/audio_policy.conf
06-03 02:43:58.141  3042  3052 D libEGL  : loaded /vendor/lib64/egl/libGLES_mali.so
06-03 02:43:58.150  3042  3052 D mali_winsys: new_window_surface returns 0x3000,  [1440x2560]-format:2
06-03 02:43:58.150  3042  3052 D         : ro.exynos.dss isEnabled: 0
06-03 02:43:58.154  3042  3052 E BootAnimation: couldn't find audio_conf.txt
06-03 02:43:58.170  3042  3052 D BootAnimation: Use save memory method, maybe small fps in actual.
06-03 02:43:58.179  3000  3000 W auditd  : type=1325 audit(0.0:26): table=filter family=2 entries=13
06-03 02:43:58.179  3000  3000 W auditd  : type=1320 audit(0.0:26): 
06-03 02:43:58.189  3000  3000 W auditd  : type=1325 audit(0.0:27): table=filter family=10 entries=13
06-03 02:43:58.189  3000  3000 W auditd  : type=1320 audit(0.0:27): 
06-03 02:43:58.199  3000  3000 W auditd  : type=1325 audit(0.0:28): table=filter family=2 entries=15
06-03 02:43:58.199  3000  3000 W auditd  : type=1320 audit(0.0:28): 
06-03 02:43:58.209  3000  3000 W auditd  : type=1325 audit(0.0:29): table=filter family=10 entries=15
06-03 02:43:58.209  3000  3000 W auditd  : type=1320 audit(0.0:29): 
06-03 02:43:58.259  3000  3000 W auditd  : type=1325 audit(0.0:30): table=filter family=2 entries=16
06-03 02:43:58.259  3000  3000 W auditd  : type=1320 audit(0.0:30): 
06-03 02:43:58.260  2921  2921 D SurfaceFlinger: SF. shader cache generated - 26 shaders in 125.900078 ms
06-03 02:43:58.269  3000  3000 W auditd  : type=1325 audit(0.0:31): table=filter family=10 entries=16
06-03 02:43:58.269  3000  3000 W auditd  : type=1320 audit(0.0:31): 
06-03 02:43:58.279  3000  3000 W auditd  : type=1325 audit(0.0:32): table=filter family=2 entries=18
06-03 02:43:58.279  3000  3000 W auditd  : type=1320 audit(0.0:32): 
06-03 02:43:58.279  3000  3000 W auditd  : type=1325 audit(0.0:33): table=filter family=10 entries=18
06-03 02:43:58.310  3042  3078 W         : g2d fimg library does not exist
06-03 02:43:58.321  2939  2939 D AndroidRuntime: >>>>>> START com.android.internal.os.ZygoteInit uid 0 <<<<<<
06-03 02:43:58.334  2939  2939 D AndroidRuntime: CheckJNI is ON
06-03 02:43:58.338  2939  2939 I art     : option[0]=-Xzygote
06-03 02:43:58.338  2939  2939 I art     : option[1]=-Xcheck:jni
06-03 02:43:58.338  2939  2939 I art     : option[2]=-Xstacktracefile:/data/anr/traces.txt
06-03 02:43:58.338  2939  2939 I art     : option[3]=exit
06-03 02:43:58.338  2939  2939 I art     : option[4]=vfprintf
06-03 02:43:58.338  2939  2939 I art     : option[5]=sensitiveThread
06-03 02:43:58.338  2939  2939 I art     : option[6]=-verbose:gc
06-03 02:43:58.338  2939  2939 I art     : option[7]=-Xms8m
06-03 02:43:58.338  2939  2939 I art     : option[8]=-Xmx512m
06-03 02:43:58.338  2939  2939 I art     : option[9]=-XX:HeapGrowthLimit=256m
06-03 02:43:58.338  2939  2939 I art     : option[10]=-XX:HeapMinFree=2m
06-03 02:43:58.338  2939  2939 I art     : option[11]=-XX:HeapMaxFree=8m
06-03 02:43:58.338  2939  2939 I art     : option[12]=-XX:HeapTargetUtilization=0.75
06-03 02:43:58.338  2939  2939 I art     : option[13]=-Xusejit:true
06-03 02:43:58.338  2939  2939 I art     : option[14]=-agentlib:jdwp=transport=dt_android_adb,suspend=n,server=y
06-03 02:43:58.338  2939  2939 I art     : option[15]=-Xlockprofthreshold:500
06-03 02:43:58.338  2939  2939 I art     : option[16]=-Ximage-compiler-option
06-03 02:43:58.338  2939  2939 I art     : option[17]=--runtime-arg
06-03 02:43:58.338  2939  2939 I art     : option[18]=-Ximage-compiler-option
06-03 02:43:58.338  2939  2939 I art     : option[19]=-Xms64m
06-03 02:43:58.339  2939  2939 I art     : option[20]=-Ximage-compiler-option
06-03 02:43:58.339  2939  2939 I art     : option[21]=--runtime-arg
06-03 02:43:58.339  2939  2939 I art     : option[22]=-Ximage-compiler-option
06-03 02:43:58.339  2939  2939 I art     : option[23]=-Xmx64m
06-03 02:43:58.339  2939  2939 I art     : option[24]=-Ximage-compiler-option
06-03 02:43:58.339  2939  2939 I art     : option[25]=--compiler-filter=verify-at-runtime
06-03 02:43:58.339  2939  2939 I art     : option[26]=-Ximage-compiler-option
06-03 02:43:58.339  2939  2939 I art     : option[27]=--image-classes=/system/etc/preloaded-classes
06-03 02:43:58.339  2939  2939 I art     : option[28]=-Xcompiler-option
06-03 02:43:58.339  2939  2939 I art     : option[29]=--runtime-arg
06-03 02:43:58.339  2939  2939 I art     : option[30]=-Xcompiler-option
06-03 02:43:58.339  2939  2939 I art     : option[31]=-Xms64m
06-03 02:43:58.339  2939  2939 I art     : option[32]=-Xcompiler-option
06-03 02:43:58.339  2939  2939 I art     : option[33]=--runtime-arg
06-03 02:43:58.339  2939  2939 I art     : option[34]=-Xcompiler-option
06-03 02:43:58.339  2939  2939 I art     : option[35]=-Xmx512m
06-03 02:43:58.339  2939  2939 I art     : option[36]=-Xcompiler-option
06-03 02:43:58.339  2939  2939 I art     : option[37]=--compiler-filter=verify-at-runtime
06-03 02:43:58.339  2939  2939 I art     : option[38]=-Ximage-compiler-option
06-03 02:43:58.339  2939  2939 I art     : option[39]=--instruction-set-variant=generic
06-03 02:43:58.339  2939  2939 I art     : option[40]=-Xcompiler-option
06-03 02:43:58.339  2939  2939 I art     : option[41]=--instruction-set-variant=generic
06-03 02:43:58.339  2939  2939 I art     : option[42]=-Ximage-compiler-option
06-03 02:43:58.339  2939  2939 I art     : option[43]=--instruction-set-features=default
06-03 02:43:58.339  2939  2939 I art     : option[44]=-Xcompiler-option
06-03 02:43:58.339  2939  2939 I art     : option[45]=--instruction-set-features=default
06-03 02:43:58.339  2939  2939 I art     : option[46]=-Duser.locale=en-US
06-03 02:43:58.339  2939  2939 I art     : option[47]=--cpu-abilist=arm64-v8a,armeabi
06-03 02:43:58.339  2939  2939 I art     : option[48]=-Xfingerprint:samsung/cm_hero2ltexx/hero2ltexx:6.0.1/MOB30J/b9e0e27e2e:eng/test-keys
06-03 02:43:58.350  2939  2939 I art     : Pruning dalvik-cache since we are generating an image and will need to recompile
06-03 02:43:58.350  2939  2939 I art     : Using an offset of 0xaac000 from default art base address of 0x70000000
06-03 02:43:58.350  2939  2939 I art     : GenerateImage: /system/bin/dex2oat --image=/data/dalvik-cache/arm64/system@framework@boot.art --dex-file=/system/framework/core-libart.jar --dex-file=/system/framework/conscrypt.jar --dex-file=/system/framework/okhttp.jar --dex-file=/system/framework/core-junit.jar --dex-file=/system/framework/bouncycastle.jar --dex-file=/system/framework/ext.jar --dex-file=/system/framework/framework.jar --dex-file=/system/framework/telephony-common.jar --dex-file=/system/framework/voip-common.jar --dex-file=/system/framework/ims-common.jar --dex-file=/system/framework/apache-xml.jar --dex-file=/system/framework/org.apache.http.legacy.boot.jar --oat-file=/data/dalvik-cache/arm64/system@framework@boot.oat --instruction-set=arm64 --instruction-set-features=smp,a53 --base=0x70aac000 --runtime-arg -Xms64m --runtime-arg -Xmx64m --compiler-filter=verify-at-runtime --image-classes=/system/etc/preloaded-classes --instruction-set-variant=generic --instruction-set-features=default
06-03 02:43:58.387  3112  3112 I dex2oat : /system/bin/dex2oat --image=/data/dalvik-cache/arm64/system@framework@boot.art --dex-file=/system/framework/core-libart.jar --dex-file=/system/framework/conscrypt.jar --dex-file=/system/framework/okhttp.jar --dex-file=/system/framework/core-junit.jar --dex-file=/system/framework/bouncycastle.jar --dex-file=/system/framework/ext.jar --dex-file=/system/framework/framework.jar --dex-file=/system/framework/telephony-common.jar --dex-file=/system/framework/voip-common.jar --dex-file=/system/framework/ims-common.jar --dex-file=/system/framework/apache-xml.jar --dex-file=/system/framework/org.apache.http.legacy.boot.jar --oat-file=/data/dalvik-cache/arm64/system@framework@boot.oat --instruction-set=arm64 --instruction-set-features=smp,a53 --base=0x70aac000 --runtime-arg -Xms64m --runtime-arg -Xmx64m --compiler-filter=verify-at-runtime --image-classes=/system/etc/preloaded-classes --instruction-set-variant=generic --instruction-set-features=default
06-03 02:43:58.393  3112  3112 I dex2oat : setting boot class path to /system/framework/core-libart.jar:/system/framework/conscrypt.jar:/system/framework/okhttp.jar:/system/framework/core-junit.jar:/system/framework/bouncycastle.jar:/system/framework/ext.jar:/system/framework/framework.jar:/system/framework/telephony-common.jar:/system/framework/voip-common.jar:/system/framework/ims-common.jar:/system/framework/apache-xml.jar:/system/framework/org.apache.http.legacy.boot.jar
06-03 02:43:58.719  2932  2932 I AudioFlinger: loadHwModule() Loaded primary audio interface from Samsung audio HW HAL (audio) handle 1
06-03 02:43:58.719  2932  2932 I AudioFlinger: openOutput(), module 1 Device 2, SamplingRate 48000, Format 0x000001, Channels 3, flags a
06-03 02:43:58.719  2932  2932 I AudioFlinger: AudioStreamOut::open(), mHalFormatIsLinearPcm = 1
06-03 02:43:58.719  2932  2932 I AudioFlinger: HAL output buffer size 1024 frames, normal sink buffer size 1024 frames
06-03 02:43:58.721  2932  2932 W EffectsFactory: loadLibrary() failed to open /system/lib/soundfx/libaudioeffectoffload.so
06-03 02:43:58.724  2932  2932 W EffectsFactory: loadLibrary() failed to open /system/lib/soundfx/libexynosvisualizer.so
06-03 02:43:58.730  2932  2932 W EffectsFactory: loadLibrary() failed to open /system/lib/libmysound.so
06-03 02:43:58.730  2932  2932 W EffectsFactory: loadLibrary() failed to open /system/lib/soundfx/libmyspace.so
06-03 02:43:58.730  2932  2932 W EffectsFactory: loadLibrary() failed to open /system/lib/libaudiosa.so
06-03 02:43:58.730  2932  2932 W EffectsFactory: loadLibrary() failed to open /system/lib/soundfx/libaudiosaplus_sec.so
06-03 02:43:58.731  2932  2932 W EffectsFactory: loadLibrary() failed to open /system/lib/libsamsungSoundbooster_plus.so
06-03 02:43:58.731  2932  2932 W EffectsFactory: loadEffect() could not get library soundbooster_plus
06-03 02:43:58.731  2932  2932 W EffectsFactory: addSubEffect() could not get library soundalive_sec
06-03 02:43:58.731  2932  2932 W EffectsFactory: loadEffect() could not add subEffect 
06-03 02:43:58.731  2932  2932 W EffectsFactory: loadEffect() could not get library soundalive
06-03 02:43:58.731  2932  2932 W EffectsFactory: loadEffect() could not get library soundalive
06-03 02:43:58.731  2932  2932 W EffectsFactory: loadEffect() could not get library soundalive
06-03 02:43:58.731  2932  2932 W EffectsFactory: addSubEffect() could not get library visualizer_hw
06-03 02:43:58.731  2932  2932 W EffectsFactory: loadEffect() could not add subEffect 
06-03 02:43:58.731  2932  2932 W EffectsFactory: addSubEffect() could not get library mysound
06-03 02:43:58.731  2932  2932 W EffectsFactory: loadEffect() could not add subEffect 
06-03 02:43:58.731  2932  2932 W EffectsFactory: addSubEffect() could not get library myspace
06-03 02:43:58.731  2932  2932 W EffectsFactory: loadEffect() could not add subEffect 
06-03 02:43:58.731  2932  2932 I BufferProvider: found effect "Multichannel Downmix To Stereo" from The Android Open Source Project
06-03 02:43:58.731  2932  2932 I AudioFlinger: Using module 1 has the primary audio interface
06-03 02:43:58.731  2932  3196 I AudioFlinger: AudioFlinger's thread 0xf4700000 ready to run
06-03 02:43:58.731  2932  3196 V audio_hw_primary: do_out_standby: output standby: 1
06-03 02:43:58.732  2932  3196 V audio_hw_primary: out_set_parameters: key value pairs: routing=2
06-03 02:43:58.732  2932  3196 E AudioFlinger: no wake lock to update!
06-03 02:43:58.732  2932  2932 I AudioFlinger: openOutput(), module 1 Device 2, SamplingRate 48000, Format 0x000001, Channels 3, flags 4
06-03 02:43:58.732  2932  2932 I AudioFlinger: AudioStreamOut::open(), mHalFormatIsLinearPcm = 1
06-03 02:43:58.732  2932  2932 I AudioFlinger: HAL output buffer size 256 frames, normal sink buffer size 960 frames
06-03 02:43:58.732  2932  2932 E MonoPipe: Failed to fetch local time frequency when constructing a MonoPipe (res = -32).  getNextWriteTimestamp calls will be non-functional
06-03 02:43:58.732  2932  3198 I AudioFlinger: AudioFlinger's thread 0xf43c0000 ready to run
06-03 02:43:58.732  2932  3198 V audio_hw_primary: out_set_parameters: key value pairs: routing=2
06-03 02:43:58.733  2932  3198 V audio_hw_primary: do_out_standby: output standby: 1
06-03 02:43:58.733  2932  3198 E AudioFlinger: no wake lock to update!
06-03 02:43:58.733  2932  2932 V audio_hw_primary: adev_open_input_stream: Requesting input stream with rate: 48000, channels: 0xc
06-03 02:43:58.733  2932  3199 I AudioFlinger: AudioFlinger's thread 0xf40c0000 ready to run
06-03 02:43:58.735  2932  2932 I bt_a2dp_hw: adev_open:  adev_open in A2dp_hw module
06-03 02:43:58.735  2932  2932 I AudioFlinger: loadHwModule() Loaded a2dp audio interface from A2DP Audio HW HAL (audio) handle 5
06-03 02:43:58.736  2932  2932 I AudioFlinger: loadHwModule() Loaded usb audio interface from USB audio HW HAL (audio) handle 6
06-03 02:43:58.738  2932  2932 I r_submix: adev_open(name=audio_hw_if)
06-03 02:43:58.738  2932  2932 I r_submix: adev_init_check()
06-03 02:43:58.738  2932  2932 I AudioFlinger: loadHwModule() Loaded r_submix audio interface from Wifi Display audio HAL (audio) handle 7
06-03 02:43:58.738  2932  2932 D r_submix: adev_open_input_stream(addr=0)
06-03 02:43:58.738  2932  2932 D r_submix: submix_audio_device_create_pipe_l(addr=0, idx=9)
06-03 02:43:58.738  2932  2932 D r_submix:   now using address 0 for route 9
06-03 02:43:58.738  2932  3201 I AudioFlinger: AudioFlinger's thread 0xf4040000 ready to run
06-03 02:43:58.738  2932  2932 D r_submix: adev_close_input_stream()
06-03 02:43:58.738  2932  2932 D r_submix: submix_audio_device_release_pipe_l(idx=9) addr=0
06-03 02:43:58.738  2932  2932 D r_submix: submix_audio_device_destroy_pipe_l(): pipe destroyed
--------- beginning of crash
06-03 02:43:58.739  2932  2932 F libc    : Fatal signal 11 (SIGSEGV), code 1, fault addr 0x0 in tid 2932 (mediaserver)
06-03 02:43:58.739  2928  2928 I DEBUG   : property debug.db.uid not set; NOT waiting for gdb.
06-03 02:43:58.739  2928  2928 I DEBUG   : HINT: adb shell setprop debug.db.uid 100000
06-03 02:43:58.739  2928  2928 I DEBUG   : HINT: adb forward tcp:5039 tcp:5039
06-03 02:43:58.839  2928  2928 F DEBUG   : *** *** *** *** *** *** *** *** *** *** *** *** *** *** *** ***
06-03 02:43:58.839  2928  2928 F DEBUG   : Build fingerprint: 'samsung/cm_hero2ltexx/hero2ltexx:6.0.1/MOB30J/b9e0e27e2e:eng/test-keys'
06-03 02:43:58.839  2928  2928 F DEBUG   : Revision: '0'
06-03 02:43:58.839  2928  2928 F DEBUG   : ABI: 'arm'
06-03 02:43:58.839  2928  2928 F DEBUG   : pid: 2932, tid: 2932, name: mediaserver  >>> /system/bin/mediaserver <<<
06-03 02:43:58.839  2928  2928 F DEBUG   : signal 11 (SIGSEGV), code 1 (SEGV_MAPERR), fault addr 0x0
06-03 02:43:58.843  2928  2928 F DEBUG   :     r0 f479e8f4  r1 00000000  r2 65732020  r3 00000007
06-03 02:43:58.843  2928  2928 F DEBUG   :     r4 00000008  r5 f479e8f2  r6 f71bfbe0  r7 ffc0e884
06-03 02:43:58.843  2928  2928 F DEBUG   :     r8 f47fe00c  r9 f71bd431  sl f71bd635  fp f479e8f2
06-03 02:43:58.843  2928  2928 F DEBUG   :     ip 00000000  sp ffc0e840  lr f71b84f7  pc f6d0b3c8  cpsr 600f0010
06-03 02:43:58.844  2928  2928 F DEBUG   : 
06-03 02:43:58.844  2928  2928 F DEBUG   : backtrace:
06-03 02:43:58.844  2928  2928 F DEBUG   :     #00 pc 000183c8  /system/lib/libc.so (strcmp+152)
06-03 02:43:58.844  2928  2928 F DEBUG   :     #01 pc 000084f3  /system/lib/libaudiopolicyservice.so
06-03 02:43:58.844  2928  2928 F DEBUG   :     #02 pc 0001f880  [stack]
06-03 02:43:58.888  2928  2928 F DEBUG   : 
06-03 02:43:58.888  2928  2928 F DEBUG   : Tombstone written to: /data/tombstones/tombstone_00
06-03 02:43:58.892  2920  2920 I ServiceManager: service 'media.audio_flinger' died
06-03 02:43:58.892  2920  2920 I ServiceManager: service 'media.player' died
06-03 02:43:58.892  2920  2920 I ServiceManager: service 'media.resource_manager' died
06-03 02:43:58.892  2920  2920 I ServiceManager: service 'media.camera' died
06-03 02:43:58.896  2927  2927 V NatController: runCmd(/system/bin/iptables -w -F natctrl_FORWARD) res=0
06-03 02:43:58.901  2927  2927 V NatController: runCmd(/system/bin/iptables -w -A natctrl_FORWARD -j DROP) res=0
06-03 02:43:58.905  2927  2927 V NatController: runCmd(/system/bin/iptables -w -t nat -F natctrl_nat_POSTROUTING) res=0
06-03 02:43:58.909  2927  2927 V NatController: runCmd(/system/bin/iptables -w -F natctrl_tether_counters) res=1
06-03 02:43:58.913  2927  2927 V NatController: runCmd(/system/bin/iptables -w -X natctrl_tether_counters) res=1
06-03 02:43:58.917  2927  2927 V NatController: runCmd(/system/bin/iptables -w -N natctrl_tether_counters) res=0
06-03 02:43:58.921  2927  2927 V NatController: runCmd(/system/bin/iptables -w -t mangle -A natctrl_mangle_FORWARD -p tcp --tcp-flags SYN SYN -j TCPMSS --clamp-mss-to-pmtu) res=0
06-03 02:43:59.109  3000  3000 W auditd  : type=1325 audit(0.0:126): table=mangle family=2 entries=16
06-03 02:43:59.109  3000  3000 W auditd  : type=1320 audit(0.0:126): 
06-03 02:43:59.109  3000  3000 W auditd  : type=1325 audit(0.0:127): table=mangle family=10 entries=12
06-03 02:43:59.109  3000  3000 W auditd  : type=1320 audit(0.0:127): 
06-03 02:43:59.119  3000  3000 W auditd  : type=1325 audit(0.0:128): table=filter family=2 entries=49
06-03 02:43:59.119  3000  3000 W auditd  : type=1320 audit(0.0:128): 
06-03 02:43:59.119  3000  3000 W auditd  : type=1325 audit(0.0:129): table=filter family=10 entries=52
06-03 02:43:59.119  3000  3000 W auditd  : type=1320 audit(0.0:129): 
06-03 02:43:59.129  3000  3000 W auditd  : type=1325 audit(0.0:130): table=filter family=2 entries=50
06-03 02:43:59.129  3000  3000 W auditd  : type=1320 audit(0.0:130): 
06-03 02:43:59.129  3000  3000 W auditd  : type=1325 audit(0.0:131): table=filter family=10 entries=53
06-03 02:43:59.129  3000  3000 W auditd  : type=1320 audit(0.0:131): 
06-03 02:43:59.139  3000  3000 W auditd  : type=1325 audit(0.0:132): table=filter family=2 entries=51
06-03 02:43:59.139  3000  3000 W auditd  : type=1320 audit(0.0:132): 
06-03 02:43:59.139  3000  3000 W auditd  : type=1325 audit(0.0:133): table=filter family=10 entries=54
06-03 02:43:59.139  3000  3000 W auditd  : type=1320 audit(0.0:133): 
06-03 02:43:59.149  3000  3000 W auditd  : type=1325 audit(0.0:134): table=raw family=2 entries=9
06-03 02:43:59.149  3000  3000 W auditd  : type=1320 audit(0.0:134): 
06-03 02:43:59.149  3000  3000 W auditd  : type=1325 audit(0.0:135): table=raw family=10 entries=9
06-03 02:43:59.149  3000  3000 W auditd  : type=1320 audit(0.0:135): 
06-03 02:43:59.382  2927  2927 E Netd    : cannot find interface dummy0
06-03 02:43:59.383  2927  2927 D MDnsDS  : MDnsSdListener::Hander starting up
06-03 02:43:59.383  2927  3312 D MDnsDS  : MDnsSdListener starting to monitor
06-03 02:43:59.383  2927  3312 D MDnsDS  : Going to poll with pollCount 1
06-03 02:43:59.873  3112  3112 W dex2oat : Skipping class com.quicinc.tcmiface.DpmTcmIface from /system/framework/org.apache.http.legacy.boot.jar previously found in /system/framework/okhttp.jar
06-03 02:44:00.211  3042  3052 D BootAnimation: Use save memory method, maybe small fps in actual.
06-03 02:44:00.223  3112  3112 I dex2oat : Explicit concurrent mark sweep GC freed 58599(21MB) AllocSpace objects, 0(0B) LOS objects, 34% free, 7MB/11MB, paused 80us total 10.441ms
06-03 02:44:00.712  3112  3112 I dex2oat : dex2oat took 2.327s (threads: 8) arena alloc=576B java alloc=7MB native alloc=10MB free=10MB
06-03 02:44:00.745  2939  2939 D ICU     : No timezone override file found: /data/misc/zoneinfo/current/icu/icu_tzdata.dat
06-03 02:44:00.882  2939  2939 I Radio-JNI: register_android_hardware_Radio DONE
06-03 02:44:00.923  2939  2939 I SamplingProfilerIntegration: Profiling disabled.
06-03 02:44:00.924  2939  2939 D Zygote  : begin preload
06-03 02:44:00.925  2939  2939 I Zygote  : Preloading classes...
06-03 02:44:01.349  2939  2939 E Minikin : addFont failed to create font /system/fonts/NanumGothic.ttf
06-03 02:44:01.349  2939  2939 E Minikin : addFont failed to create font /system/fonts/DroidSansFallback.ttf
06-03 02:44:01.349  2939  2939 E Minikin : addFont failed to create font /system/fonts/MTLmr3m.ttf
06-03 02:44:01.446  2939  2939 V DngCreator_JNI: DngCreator_nativeClassInit:
06-03 02:44:02.099  2939  2939 I art     : Thread[1,tid=2939,Native,Thread*=0x7f79bbba00,peer=0x12c532e0,"main"] recursive attempt to load library "/system/lib64/libmedia_jni.so"
06-03 02:44:02.099  2939  2939 D MtpDeviceJNI: register_android_mtp_MtpDevice
06-03 02:44:02.100  2939  2939 I art     : Thread[1,tid=2939,Native,Thread*=0x7f79bbba00,peer=0x12c532e0,"main"] recursive attempt to load library "/system/lib64/libmedia_jni.so"
06-03 02:44:02.100  2939  2939 I art     : Thread[1,tid=2939,Native,Thread*=0x7f79bbba00,peer=0x12c532e0,"main"] recursive attempt to load library "/system/lib64/libmedia_jni.so"
06-03 02:44:02.626  2939  2939 W System  : ClassLoader referenced unknown path: /system/framework/tcmclient.jar
06-03 02:44:02.972  2939  2939 I System  : Loaded time zone names for "" in 28ms (25ms in ICU)
06-03 02:44:03.006  2939  2939 I System  : Loaded time zone names for "en_US" in 34ms (13ms in ICU)
06-03 02:44:03.017  3328  3328 I mediaserver: ServiceManager: 0xf618e120
06-03 02:44:03.017  3328  3328 I AudioFlinger: Using default 3000 mSec as standby time.
06-03 02:44:03.017  3328  3328 E BatteryNotifier: batterystats service unavailable!
06-03 02:44:03.017  3328  3328 E BatteryNotifier: batterystats service unavailable!
06-03 02:44:03.017  3328  3328 I CameraService: CameraService started (pid=3328)
06-03 02:44:03.017  3328  3328 I CameraService: CameraService process starting
06-03 02:44:03.017  3328  3328 E BatteryNotifier: batterystats service unavailable!
06-03 02:44:03.017  3328  3328 E BatteryNotifier: batterystats service unavailable!
06-03 02:44:03.017  3328  3328 E CameraService: Could not load camera HAL module: -2 (No such file or directory)
06-03 02:44:03.018  3328  3328 I AudioPolicyService: AudioPolicyService CSTOR in new mode
06-03 02:44:03.018  3328  3328 W APM::HwModule: loadOutput() invalid supported devices
06-03 02:44:03.018  3328  3328 W APM::HwModule: loadOutput() invalid supported devices
06-03 02:44:03.018  3328  3328 W APM::HwModule: loadInput() invalid supported devices
06-03 02:44:03.018  3328  3328 W APM::HwModule: loadInput() invalid supported devices
06-03 02:44:03.018  3328  3328 I APM::ConfigParsingUtils: loadAudioPolicyConfig() loaded /system/etc/audio_policy.conf
06-03 02:44:03.177  2939  2939 I Zygote  : ...preloaded 3831 classes in 2252ms.
06-03 02:44:03.177  2939  2939 I art     : VMRuntime.preloadDexCaches starting
06-03 02:44:03.211  2939  2939 I art     : VMRuntime.preloadDexCaches strings total=248908 before=10083 after=10083
06-03 02:44:03.211  2939  2939 I art     : VMRuntime.preloadDexCaches types total=20329 before=8245 after=9836
06-03 02:44:03.211  2939  2939 I art     : VMRuntime.preloadDexCaches fields total=100349 before=35755 after=47720
06-03 02:44:03.211  2939  2939 I art     : VMRuntime.preloadDexCaches methods total=172744 before=67597 after=83301
06-03 02:44:03.211  2939  2939 I art     : VMRuntime.preloadDexCaches finished
06-03 02:44:03.230  3332  3332 D idmap   : error: no read access to /vendor/overlay: No such file or directory
06-03 02:44:03.252  2939  2939 I Zygote  : Preloading resources...
06-03 02:44:03.561  3328  3328 I AudioFlinger: loadHwModule() Loaded primary audio interface from Samsung audio HW HAL (audio) handle 1
06-03 02:44:03.561  3328  3328 I AudioFlinger: openOutput(), module 1 Device 2, SamplingRate 48000, Format 0x000001, Channels 3, flags a
06-03 02:44:03.561  3328  3328 I AudioFlinger: AudioStreamOut::open(), mHalFormatIsLinearPcm = 1
06-03 02:44:03.561  3328  3328 I AudioFlinger: HAL output buffer size 1024 frames, normal sink buffer size 1024 frames
06-03 02:44:03.562  3328  3328 W EffectsFactory: loadLibrary() failed to open /system/lib/soundfx/libaudioeffectoffload.so
06-03 02:44:03.563  3328  3328 W EffectsFactory: loadLibrary() failed to open /system/lib/soundfx/libexynosvisualizer.so
06-03 02:44:03.565  3328  3328 W EffectsFactory: loadLibrary() failed to open /system/lib/libmysound.so
06-03 02:44:03.565  3328  3328 W EffectsFactory: loadLibrary() failed to open /system/lib/soundfx/libmyspace.so
06-03 02:44:03.565  3328  3328 W EffectsFactory: loadLibrary() failed to open /system/lib/libaudiosa.so
06-03 02:44:03.565  3328  3328 W EffectsFactory: loadLibrary() failed to open /system/lib/soundfx/libaudiosaplus_sec.so
06-03 02:44:03.565  3328  3328 W EffectsFactory: loadLibrary() failed to open /system/lib/libsamsungSoundbooster_plus.so
06-03 02:44:03.565  3328  3328 W EffectsFactory: loadEffect() could not get library soundbooster_plus
06-03 02:44:03.565  3328  3328 W EffectsFactory: addSubEffect() could not get library soundalive_sec
06-03 02:44:03.565  3328  3328 W EffectsFactory: loadEffect() could not add subEffect 
06-03 02:44:03.565  3328  3328 W EffectsFactory: loadEffect() could not get library soundalive
06-03 02:44:03.565  3328  3328 W EffectsFactory: loadEffect() could not get library soundalive
06-03 02:44:03.565  3328  3328 W EffectsFactory: loadEffect() could not get library soundalive
06-03 02:44:03.565  3328  3328 W EffectsFactory: addSubEffect() could not get library visualizer_hw
06-03 02:44:03.565  3328  3328 W EffectsFactory: loadEffect() could not add subEffect 
06-03 02:44:03.565  3328  3328 W EffectsFactory: addSubEffect() could not get library mysound
06-03 02:44:03.565  3328  3328 W EffectsFactory: loadEffect() could not add subEffect 
06-03 02:44:03.565  3328  3328 W EffectsFactory: addSubEffect() could not get library myspace
06-03 02:44:03.565  3328  3328 W EffectsFactory: loadEffect() could not add subEffect 
06-03 02:44:03.565  3328  3328 I BufferProvider: found effect "Multichannel Downmix To Stereo" from The Android Open Source Project
06-03 02:44:03.565  3328  3328 I AudioFlinger: Using module 1 has the primary audio interface
06-03 02:44:03.565  3328  3333 I AudioFlinger: AudioFlinger's thread 0xf4540000 ready to run
06-03 02:44:03.566  3328  3333 V audio_hw_primary: do_out_standby: output standby: 1
06-03 02:44:03.566  3328  3333 V audio_hw_primary: out_set_parameters: key value pairs: routing=2
06-03 02:44:03.566  3328  3333 E AudioFlinger: no wake lock to update!
06-03 02:44:03.566  3328  3328 I AudioFlinger: openOutput(), module 1 Device 2, SamplingRate 48000, Format 0x000001, Channels 3, flags 4
06-03 02:44:03.566  3328  3328 I AudioFlinger: AudioStreamOut::open(), mHalFormatIsLinearPcm = 1
06-03 02:44:03.566  3328  3328 I AudioFlinger: HAL output buffer size 256 frames, normal sink buffer size 960 frames
06-03 02:44:03.566  3328  3328 E MonoPipe: Failed to fetch local time frequency when constructing a MonoPipe (res = -32).  getNextWriteTimestamp calls will be non-functional
06-03 02:44:03.566  3328  3335 I AudioFlinger: AudioFlinger's thread 0xf4200000 ready to run
06-03 02:44:03.567  3328  3335 V audio_hw_primary: out_set_parameters: key value pairs: routing=2
06-03 02:44:03.567  3328  3335 V audio_hw_primary: do_out_standby: output standby: 1
06-03 02:44:03.567  3328  3335 E AudioFlinger: no wake lock to update!
06-03 02:44:03.567  3328  3328 V audio_hw_primary: adev_open_input_stream: Requesting input stream with rate: 48000, channels: 0xc
06-03 02:44:03.567  3328  3336 I AudioFlinger: AudioFlinger's thread 0xf3f00000 ready to run
06-03 02:44:03.568  3328  3328 I bt_a2dp_hw: adev_open:  adev_open in A2dp_hw module
06-03 02:44:03.568  3328  3328 I AudioFlinger: loadHwModule() Loaded a2dp audio interface from A2DP Audio HW HAL (audio) handle 5
06-03 02:44:03.568  3328  3328 I AudioFlinger: loadHwModule() Loaded usb audio interface from USB audio HW HAL (audio) handle 6
06-03 02:44:03.569  3328  3328 I r_submix: adev_open(name=audio_hw_if)
06-03 02:44:03.569  3328  3328 I r_submix: adev_init_check()
06-03 02:44:03.569  3328  3328 I AudioFlinger: loadHwModule() Loaded r_submix audio interface from Wifi Display audio HAL (audio) handle 7
06-03 02:44:03.569  3328  3328 D r_submix: adev_open_input_stream(addr=0)
06-03 02:44:03.569  3328  3328 D r_submix: submix_audio_device_create_pipe_l(addr=0, idx=9)
06-03 02:44:03.569  3328  3328 D r_submix:   now using address 0 for route 9
06-03 02:44:03.569  3328  3337 I AudioFlinger: AudioFlinger's thread 0xf3e80000 ready to run
06-03 02:44:03.569  3328  3328 D r_submix: adev_close_input_stream()
06-03 02:44:03.569  3328  3328 D r_submix: submix_audio_device_release_pipe_l(idx=9) addr=0
06-03 02:44:03.569  3328  3328 D r_submix: submix_audio_device_destroy_pipe_l(): pipe destroyed
06-03 02:44:03.569  3328  3328 F libc    : Fatal signal 11 (SIGSEGV), code 1, fault addr 0x0 in tid 3328 (mediaserver)
06-03 02:44:03.569  2928  2928 I DEBUG   : property debug.db.uid not set; NOT waiting for gdb.
06-03 02:44:03.569  2928  2928 I DEBUG   : HINT: adb shell setprop debug.db.uid 100000
06-03 02:44:03.569  2928  2928 I DEBUG   : HINT: adb forward tcp:5039 tcp:5039
06-03 02:44:03.620  2928  2928 F DEBUG   : *** *** *** *** *** *** *** *** *** *** *** *** *** *** *** ***
06-03 02:44:03.620  2928  2928 F DEBUG   : Build fingerprint: 'samsung/cm_hero2ltexx/hero2ltexx:6.0.1/MOB30J/b9e0e27e2e:eng/test-keys'
06-03 02:44:03.620  2928  2928 F DEBUG   : Revision: '0'
06-03 02:44:03.620  2928  2928 F DEBUG   : ABI: 'arm'
06-03 02:44:03.620  2928  2928 F DEBUG   : pid: 3328, tid: 3328, name: mediaserver  >>> /system/bin/mediaserver <<<
06-03 02:44:03.620  2928  2928 F DEBUG   : signal 11 (SIGSEGV), code 1 (SEGV_MAPERR), fault addr 0x0
06-03 02:44:03.623  2928  2928 F DEBUG   :     r0 f45de8f4  r1 00000000  r2 65732020  r3 00000007
06-03 02:44:03.623  2928  2928 F DEBUG   :     r4 00000008  r5 f45de8f2  r6 f6fffbe0  r7 ffa1e3b4
06-03 02:44:03.623  2928  2928 F DEBUG   :     r8 f463e00c  r9 f6ffd431  sl f6ffd635  fp f45de8f2
06-03 02:44:03.623  2928  2928 F DEBUG   :     ip 00000000  sp ffa1e370  lr f6ff84f7  pc f6b4b3c8  cpsr 600f0010
06-03 02:44:03.624  2928  2928 F DEBUG   : 
06-03 02:44:03.624  2928  2928 F DEBUG   : backtrace:
06-03 02:44:03.624  2928  2928 F DEBUG   :     #00 pc 000183c8  /system/lib/libc.so (strcmp+152)
06-03 02:44:03.624  2928  2928 F DEBUG   :     #01 pc 000084f3  /system/lib/libaudiopolicyservice.so
06-03 02:44:03.624  2928  2928 F DEBUG   :     #02 pc 000203b0  [stack]
06-03 02:44:03.659  3328  3328 W mediaserver: type=1701 audit(0.0:138): auid=4294967295 uid=1013 gid=1005 ses=4294967295 exe="/system/bin/mediaserver" sig=11
06-03 02:44:03.665  2928  2928 F DEBUG   : 
06-03 02:44:03.665  2928  2928 F DEBUG   : Tombstone written to: /data/tombstones/tombstone_01
06-03 02:44:03.668  2920  2920 I ServiceManager: service 'media.audio_flinger' died
06-03 02:44:03.668  2920  2920 I ServiceManager: service 'media.player' died
06-03 02:44:03.668  2920  2920 I ServiceManager: service 'media.resource_manager' died
06-03 02:44:03.668  2920  2920 I ServiceManager: service 'media.camera' died
06-03 02:44:03.678  2939  2939 I Zygote  : ...preloaded 342 resources in 426ms.
06-03 02:44:03.688  2939  2939 I Zygote  : ...preloaded 41 resources in 10ms.
06-03 02:44:03.694  2939  2939 D libEGL  : loaded /vendor/lib64/egl/libGLES_mali.so
06-03 02:44:03.700  2939  2939 I Zygote  : Preloading shared libraries...
06-03 02:44:03.713  2939  2939 D Zygote  : end preload
06-03 02:44:03.713  2939  2939 I art     : Starting a blocking GC Explicit
06-03 02:44:03.724  2939  2939 I art     : Explicit concurrent mark sweep GC freed 11413(460KB) AllocSpace objects, 0(0B) LOS objects, 35% free, 29MB/45MB, paused 47us total 10.822ms
06-03 02:44:03.730  2939  2939 I art     : Starting a blocking GC Explicit
06-03 02:44:03.739  2939  2939 I art     : Explicit concurrent mark sweep GC freed 2661(125KB) AllocSpace objects, 0(0B) LOS objects, 35% free, 28MB/44MB, paused 46us total 8.976ms
06-03 02:44:03.740  2939  3326 I art     : Starting a blocking GC HeapTrim
06-03 02:44:03.740  2939  2939 I art     : Starting a blocking GC Background
06-03 02:44:03.788  2939  2939 I Zygote  : System server process 3342 has been created
06-03 02:44:03.790  2939  2939 I Zygote  : Accepting command socket connections
06-03 02:44:03.793  3342  3342 W Zygote  : Got error connecting to zygote, retrying. msg= No such file or directory
06-03 02:44:04.794  3342  3342 W Zygote  : Got error connecting to zygote, retrying. msg= No such file or directory
06-03 02:44:05.794  3342  3342 W Zygote  : Got error connecting to zygote, retrying. msg= No such file or directory
06-03 02:44:06.795  3342  3342 W Zygote  : Got error connecting to zygote, retrying. msg= No such file or directory
06-03 02:44:07.795  3342  3342 W Zygote  : Got error connecting to zygote, retrying. msg= No such file or directory
06-03 02:44:07.799  3356  3356 I mediaserver: ServiceManager: 0xf654e120
06-03 02:44:07.799  3356  3356 I AudioFlinger: Using default 3000 mSec as standby time.
06-03 02:44:07.799  3356  3356 E BatteryNotifier: batterystats service unavailable!
06-03 02:44:07.799  3356  3356 E BatteryNotifier: batterystats service unavailable!
06-03 02:44:07.799  3356  3356 I CameraService: CameraService started (pid=3356)
06-03 02:44:07.799  3356  3356 I CameraService: CameraService process starting
06-03 02:44:07.799  3356  3356 E BatteryNotifier: batterystats service unavailable!
06-03 02:44:07.799  3356  3356 E BatteryNotifier: batterystats service unavailable!
06-03 02:44:07.799  3356  3356 E CameraService: Could not load camera HAL module: -2 (No such file or directory)
06-03 02:44:07.800  3356  3356 I AudioPolicyService: AudioPolicyService CSTOR in new mode
06-03 02:44:07.800  3356  3356 W APM::HwModule: loadOutput() invalid supported devices
06-03 02:44:07.800  3356  3356 W APM::HwModule: loadOutput() invalid supported devices
06-03 02:44:07.800  3356  3356 W APM::HwModule: loadInput() invalid supported devices
06-03 02:44:07.800  3356  3356 W APM::HwModule: loadInput() invalid supported devices
06-03 02:44:07.800  3356  3356 I APM::ConfigParsingUtils: loadAudioPolicyConfig() loaded /system/etc/audio_policy.conf
06-03 02:44:08.332  3356  3356 I AudioFlinger: loadHwModule() Loaded primary audio interface from Samsung audio HW HAL (audio) handle 1
06-03 02:44:08.332  3356  3356 I AudioFlinger: openOutput(), module 1 Device 2, SamplingRate 48000, Format 0x000001, Channels 3, flags a
06-03 02:44:08.332  3356  3356 I AudioFlinger: AudioStreamOut::open(), mHalFormatIsLinearPcm = 1
06-03 02:44:08.332  3356  3356 I AudioFlinger: HAL output buffer size 1024 frames, normal sink buffer size 1024 frames
06-03 02:44:08.333  3356  3356 W EffectsFactory: loadLibrary() failed to open /system/lib/soundfx/libaudioeffectoffload.so
06-03 02:44:08.333  3356  3356 W EffectsFactory: loadLibrary() failed to open /system/lib/soundfx/libexynosvisualizer.so
06-03 02:44:08.335  3356  3356 W EffectsFactory: loadLibrary() failed to open /system/lib/libmysound.so
06-03 02:44:08.335  3356  3356 W EffectsFactory: loadLibrary() failed to open /system/lib/soundfx/libmyspace.so
06-03 02:44:08.335  3356  3356 W EffectsFactory: loadLibrary() failed to open /system/lib/libaudiosa.so
06-03 02:44:08.335  3356  3356 W EffectsFactory: loadLibrary() failed to open /system/lib/soundfx/libaudiosaplus_sec.so
06-03 02:44:08.335  3356  3356 W EffectsFactory: loadLibrary() failed to open /system/lib/libsamsungSoundbooster_plus.so
06-03 02:44:08.335  3356  3356 W EffectsFactory: loadEffect() could not get library soundbooster_plus
06-03 02:44:08.335  3356  3356 W EffectsFactory: addSubEffect() could not get library soundalive_sec
06-03 02:44:08.335  3356  3356 W EffectsFactory: loadEffect() could not add subEffect 
06-03 02:44:08.335  3356  3356 W EffectsFactory: loadEffect() could not get library soundalive
06-03 02:44:08.335  3356  3356 W EffectsFactory: loadEffect() could not get library soundalive
06-03 02:44:08.335  3356  3356 W EffectsFactory: loadEffect() could not get library soundalive
06-03 02:44:08.335  3356  3356 W EffectsFactory: addSubEffect() could not get library visualizer_hw
06-03 02:44:08.335  3356  3356 W EffectsFactory: loadEffect() could not add subEffect 
06-03 02:44:08.335  3356  3356 W EffectsFactory: addSubEffect() could not get library mysound
06-03 02:44:08.335  3356  3356 W EffectsFactory: loadEffect() could not add subEffect 
06-03 02:44:08.335  3356  3356 W EffectsFactory: addSubEffect() could not get library myspace
06-03 02:44:08.335  3356  3356 W EffectsFactory: loadEffect() could not add subEffect 
06-03 02:44:08.335  3356  3356 I BufferProvider: found effect "Multichannel Downmix To Stereo" from The Android Open Source Project
06-03 02:44:08.335  3356  3356 I AudioFlinger: Using module 1 has the primary audio interface
06-03 02:44:08.335  3356  3364 I AudioFlinger: AudioFlinger's thread 0xf4900000 ready to run
06-03 02:44:08.336  3356  3364 V audio_hw_primary: do_out_standby: output standby: 1
06-03 02:44:08.336  3356  3364 V audio_hw_primary: out_set_parameters: key value pairs: routing=2
06-03 02:44:08.336  3356  3364 E AudioFlinger: no wake lock to update!
06-03 02:44:08.336  3356  3356 I AudioFlinger: openOutput(), module 1 Device 2, SamplingRate 48000, Format 0x000001, Channels 3, flags 4
06-03 02:44:08.336  3356  3356 I AudioFlinger: AudioStreamOut::open(), mHalFormatIsLinearPcm = 1
06-03 02:44:08.336  3356  3356 I AudioFlinger: HAL output buffer size 256 frames, normal sink buffer size 960 frames
06-03 02:44:08.336  3356  3356 E MonoPipe: Failed to fetch local time frequency when constructing a MonoPipe (res = -32).  getNextWriteTimestamp calls will be non-functional
06-03 02:44:08.336  3356  3366 I AudioFlinger: AudioFlinger's thread 0xf45c0000 ready to run
06-03 02:44:08.336  3356  3366 V audio_hw_primary: out_set_parameters: key value pairs: routing=2
06-03 02:44:08.337  3356  3366 V audio_hw_primary: do_out_standby: output standby: 1
06-03 02:44:08.337  3356  3366 E AudioFlinger: no wake lock to update!
