* daemon not running. starting it now on port 5037 *
* daemon started successfully *
--------- beginning of main
06-01 04:53:39.461  3001  3001 W auditd  : type=1325 audit(0.0:2): table=filter family=2 entries=0
06-01 04:53:39.461  3001  3001 W auditd  : type=1325 audit(0.0:3): table=mangle family=2 entries=0
06-01 04:53:39.461  3001  3001 W auditd  : type=1325 audit(0.0:4): table=nat family=2 entries=0
06-01 04:53:39.461  3001  3001 W auditd  : type=1325 audit(0.0:5): table=raw family=2 entries=0
06-01 04:53:39.461  3001  3001 W auditd  : type=1325 audit(0.0:6): table=security family=2 entries=0
06-01 04:53:39.461  3001  3001 W auditd  : type=1325 audit(0.0:7): table=filter family=3 entries=0
06-01 04:53:39.461  3001  3001 W auditd  : type=1325 audit(0.0:8): table=filter family=10 entries=0
06-01 04:53:39.461  3001  3001 W auditd  : type=1325 audit(0.0:9): table=mangle family=10 entries=0
06-01 04:53:39.461  3001  3001 W auditd  : type=1325 audit(0.0:10): table=raw family=10 entries=0
06-01 04:53:39.461  3001  3001 W auditd  : type=1325 audit(0.0:11): table=nat family=10 entries=0
06-01 04:53:39.829  3001  3001 W auditd  : type=1305 audit(0.0:12): audit_pid=2906 old=0 auid=4294967295 ses=4294967295 res=1
06-01 04:53:39.829  3001  3001 W auditd  : type=1305 audit(0.0:13): audit_rate_limit=20 old=0 auid=4294967295 ses=4294967295 res=1
06-01 04:53:39.852  2913  2913 I /system/bin/tzdatacheck: tzdata file /data/misc/zoneinfo/current/tzdata does not exist. No action required.
06-01 04:53:39.871  2918  2918 I lowmemorykiller: Using in-kernel low memory killer interface
06-01 04:53:39.874  2921  2921 I sysinit : Running /system/etc/init.d/00banner 
--------- beginning of system
06-01 04:53:39.875  2907  2907 I vold    : Vold 3.0 (the awakening) firing up
06-01 04:53:39.875  2907  2907 V vold    : Detected support for: exfat ext4 ntfs vfat
06-01 04:53:39.887  2957  2957 I installd: installd firing up
06-01 04:53:39.888  2941  2941 I DEBUG   : debuggerd: starting
06-01 04:53:39.892  2953  2953 I cm      : ____ _   _ ____ _  _ ____ ____ ____ _  _ _  _ ____ ___ 
06-01 04:53:39.894  2975  2975 I fingerprintd: Starting fingerprintd
06-01 04:53:39.897  2988  2988 I cm      : |     \_/  |__| |\ | |  | | __ |___ |\ | |\/| |  | |  \ 
06-01 04:53:39.902  2993  2993 I cm      : |___   |   |  | | \| |__| |__] |___ | \| |  | |__| |__/ 
06-01 04:53:39.903  2972  2972 I perfprofd: starting Android Wide Profiling daemon
06-01 04:53:39.903  2972  2972 E perfprofd: unable to open configuration file /data/data/com.google.android.gms/files/perfprofd.conf
06-01 04:53:39.904  2972  2972 I perfprofd: random seed set to 3783789665
06-01 04:53:39.908  2920  2920 I SurfaceFlinger: SurfaceFlinger is starting
06-01 04:53:39.908  2920  2920 E SchedPolicy: /system/bin/surfaceflinger add_tid_to_cgroup failed; fd=-1
06-01 04:53:39.908  2920  2920 I SurfaceFlinger: SurfaceFlinger's main thread ready to run. Initializing graphics H/W...
06-01 04:53:39.909  2965  2965 I gatekeeperd: Starting gatekeeperd...
06-01 04:53:39.911  2934  2934 I Netd    : Netd 1.0 starting
06-01 04:53:39.912  2934  2934 I QtiConnectivityAdapter: Failed to open libconnctrl, some features may not be present.
06-01 04:53:39.912  2934  2934 D TetherController: Setting IP forward enable = 0
06-01 04:53:39.913  2965  2965 W gatekeeperd: falling back to software GateKeeper
06-01 04:53:39.913  2965  2965 I gatekeeperd: cold boot: clearing state
06-01 04:53:39.916  2959  2959 I keystore: Found keymaster0 module Keymaster OpenSSL HAL, version 2
06-01 04:53:39.916  2959  2959 I SoftKeymaster: system/keymaster/soft_keymaster_device.cpp, Line 122: Creating device
06-01 04:53:39.916  2959  2959 D SoftKeymaster: system/keymaster/soft_keymaster_device.cpp, Line 123: Device address: 0x7fad4e3000
06-01 04:53:39.917  2959  2959 I keystore: Keymaster0 module is software-only.  Using SoftKeymasterDevice instead.
06-01 04:53:39.917  2959  2959 I SoftKeymaster: system/keymaster/soft_keymaster_device.cpp, Line 122: Creating device
06-01 04:53:39.917  2959  2959 D SoftKeymaster: system/keymaster/soft_keymaster_device.cpp, Line 123: Device address: 0x7fad4e3300
06-01 04:53:39.917  2959  2959 I keystore: SELinux: Keystore SELinux is disabled.
06-01 04:53:39.925  2937  2937 I DEBUG   : debuggerd: starting
06-01 04:53:39.932  3002  3002 I cm      : Welcome to Android 6.0.1 / CyanogenMod-13.0-20160601-UNOFFICIAL-hero2ltexx 
06-01 04:53:39.942  3004  3004 I sysinit : Running /system/etc/init.d/90userinit 
06-01 04:53:39.959  3001  3001 W auditd  : type=1325 audit(0.0:14): table=filter family=2 entries=4
06-01 04:53:39.959  3001  3001 W auditd  : type=1320 audit(0.0:14): 
06-01 04:53:39.959  3001  3001 W auditd  : type=1325 audit(0.0:15): table=filter family=10 entries=4
06-01 04:53:39.959  3001  3001 W auditd  : type=1320 audit(0.0:15): 
06-01 04:53:39.963  2920  2920 D libEGL  : loaded /vendor/lib64/egl/libGLES_mali.so
06-01 04:53:39.969  3001  3001 W auditd  : type=1325 audit(0.0:16): table=filter family=2 entries=6
06-01 04:53:39.969  3001  3001 W auditd  : type=1320 audit(0.0:16): 
06-01 04:53:39.979  3001  3001 W auditd  : type=1325 audit(0.0:17): table=filter family=10 entries=6
06-01 04:53:39.979  3001  3001 W auditd  : type=1320 audit(0.0:17): 
06-01 04:53:39.979  2920  2920 I gralloc : using (id=)
06-01 04:53:39.979  2920  2920 I gralloc : xres         = 1440 px
06-01 04:53:39.979  2920  2920 I gralloc : yres         = 2560 px
06-01 04:53:39.979  2920  2920 I gralloc : width        = 68 mm (537.882324 dpi)
06-01 04:53:39.979  2920  2920 I gralloc : height       = 122 mm (532.983582 dpi)
06-01 04:53:39.979  2920  2920 I gralloc : refresh rate = 59.42 Hz
06-01 04:53:39.993  2920  2920 D hwcomposer: using
06-01 04:53:39.993  2920  2920 D hwcomposer: xres         = 1440 px
06-01 04:53:39.993  2920  2920 D hwcomposer: yres         = 2560 px
06-01 04:53:39.993  2920  2920 D hwcomposer: width        = 68 mm (537.882000 dpi)
06-01 04:53:39.993  2920  2920 D hwcomposer: height       = 122 mm (532.983000 dpi)
06-01 04:53:39.993  2920  2920 D hwcomposer: refresh rate = 59 Hz
06-01 04:53:39.993  2920  2920 I DisplayResourceManagerModule: internalMPP type(10), index(1)
06-01 04:53:39.993  2920  2920 I DisplayResourceManagerModule: internalMPP type(10), index(2)
06-01 04:53:39.993  2920  2920 I DisplayResourceManagerModule: internalMPP type(10), index(3)
06-01 04:53:39.993  2920  2920 I DisplayResourceManagerModule: internalMPP type(0), index(0)
06-01 04:53:39.993  2920  2920 I DisplayResourceManagerModule: internalMPP type(0), index(1)
06-01 04:53:39.993  2920  2920 I DisplayResourceManagerModule: internalMPP type(2), index(0)
06-01 04:53:39.993  2920  2920 I DisplayResourceManagerModule: internalMPP type(2), index(1)
06-01 04:53:39.993  2920  2920 I DisplayResourceManagerModule: externalMPP type(4), index(0)
06-01 04:53:39.993  2920  2920 I hwcutils: Open /dev/s5p-smem
06-01 04:53:39.993  2920  2920 I DisplayResourceManagerModule: externalMPP type(4), index(0)
06-01 04:53:39.993  2920  2920 I hwcutils: Open /dev/s5p-smem
06-01 04:53:39.993  2920  2920 I DisplayResourceManagerModule: externalMPP type(4), index(0)
06-01 04:53:39.993  2920  2920 I hwcutils: Open /dev/s5p-smem
06-01 04:53:39.993  2920  2920 I DisplayResourceManagerModule: externalMPP type(4), index(0)
06-01 04:53:39.993  2920  2920 I hwcutils: Open /dev/s5p-smem
06-01 04:53:39.993  2920  2920 I DisplayResourceManagerModule: externalMPP type(4), index(0)
06-01 04:53:39.993  2920  2920 I hwcutils: Open /dev/s5p-smem
06-01 04:53:39.993  2920  2920 I hwcomposer: PSR info devname = /sys/devices/13960000.decon_f/psr_info
06-01 04:53:39.994  2920  2920 I hwcomposer: PSR mode   = 2 (0: video mode, 1: DP PSR mode, 2: MIPI-DSI command mode)
06-01 04:53:39.994  2920  2920 I hwcomposer: Panel type = 1 (0: Legacy, 1: DSC)
06-01 04:53:39.994  2920  2920 I SurfaceFlinger: Using composer version 1.5
06-01 04:53:39.994  2920  2920 E display : [PrimaryDisplay] unknown display attribute 6
06-01 04:53:39.994  2920  2920 I SurfaceFlinger: EGL information:
06-01 04:53:39.994  2920  2920 I SurfaceFlinger: vendor    : Android
06-01 04:53:39.994  2920  2920 I SurfaceFlinger: version   : 1.4 Android META-EGL
06-01 04:53:39.994  2920  2920 I SurfaceFlinger: extensions: EGL_KHR_get_all_proc_addresses EGL_ANDROID_presentation_time EGL_KHR_swap_buffers_with_damage EGL_KHR_image EGL_KHR_image_base EGL_KHR_gl_texture_2D_image EGL_KHR_gl_texture_cubemap_image EGL_KHR_gl_renderbuffer_image EGL_KHR_fence_sync EGL_KHR_create_context EGL_KHR_config_attribs EGL_KHR_surfaceless_context EGL_EXT_create_context_robustness EGL_ANDROID_image_native_buffer EGL_KHR_wait_sync EGL_ANDROID_recordable EGL_KHR_partial_update 
06-01 04:53:39.994  2920  2920 I SurfaceFlinger: Client API: OpenGL_ES
06-01 04:53:39.994  2920  2920 I SurfaceFlinger: EGLSurface: 8-8-8-8, config=0x7f82d7b128
06-01 04:53:39.995  2920  2920 D         : ro.exynos.dss isEnabled: 0
06-01 04:53:39.999  2920  2920 I SurfaceFlinger: OpenGL ES informations:
06-01 04:53:39.999  2920  2920 I SurfaceFlinger: vendor    : ARM
06-01 04:53:39.999  2920  2920 I SurfaceFlinger: renderer  : Mali-T880
06-01 04:53:39.999  2920  2920 I SurfaceFlinger: version   : OpenGL ES 3.1 v1.r9p0-12dev0.c2bae768d87bf40047e1f310c8de7f16
06-01 04:53:39.999  2920  2920 I SurfaceFlinger: extensions: GL_EXT_debug_marker GL_ARM_rgba8 GL_ARM_mali_shader_binary GL_OES_depth24 GL_OES_depth_texture GL_OES_depth_texture_cube_map GL_OES_packed_depth_stencil GL_OES_rgb8_rgba8 GL_EXT_read_format_bgra GL_OES_compressed_paletted_texture GL_OES_compressed_ETC1_RGB8_texture GL_OES_standard_derivatives GL_OES_EGL_image GL_OES_EGL_image_external GL_OES_EGL_sync GL_OES_texture_npot GL_OES_vertex_half_float GL_OES_required_internalformat GL_OES_vertex_array_object GL_OES_mapbuffer GL_EXT_texture_format_BGRA8888 GL_EXT_texture_rg GL_EXT_texture_type_2_10_10_10_REV GL_OES_fbo_render_mipmap GL_OES_element_index_uint GL_EXT_shadow_samplers GL_OES_texture_compression_astc GL_KHR_texture_compression_astc_ldr GL_KHR_texture_compression_astc_hdr GL_KHR_debug GL_EXT_occlusion_query_boolean GL_EXT_disjoint_timer_query GL_EXT_blend_minmax GL_EXT_discard_framebuffer GL_OES_get_program_binary GL_OES_texture_3D GL_EXT_texture_storage GL_EXT_multisampled_render_to_texture GL_OES_surfaceless_context GL_OES_texture_stencil8 G
06-01 04:53:39.999  2920  2920 I SurfaceFlinger: GL_MAX_TEXTURE_SIZE = 8192
06-01 04:53:39.999  2920  2920 I SurfaceFlinger: GL_MAX_VIEWPORT_DIMS = 8192
06-01 04:53:40.000  2920  2920 D mali_winsys: new_window_surface returns 0x3000,  [1440x2560]-format:1
06-01 04:53:40.017  2920  2920 D SurfaceFlinger: Set power mode=2, type=0 flinger=0x7f82d43c00
06-01 04:53:40.017  2920  2920 I hwcomposer: int exynos_setPowerMode(hwc_composer_device_1*, int, int):: disp(0), mode(2)
06-01 04:53:40.049  3001  3001 W auditd  : type=1325 audit(0.0:18): table=filter family=2 entries=7
06-01 04:53:40.049  3001  3001 W auditd  : type=1320 audit(0.0:18): 
06-01 04:53:40.059  3001  3001 W auditd  : type=1325 audit(0.0:19): table=filter family=10 entries=7
06-01 04:53:40.059  3001  3001 W auditd  : type=1320 audit(0.0:19): 
06-01 04:53:40.069  3001  3001 W auditd  : type=1325 audit(0.0:20): table=filter family=2 entries=9
06-01 04:53:40.069  3001  3001 W auditd  : type=1320 audit(0.0:20): 
06-01 04:53:40.079  3001  3001 W auditd  : type=1325 audit(0.0:21): table=filter family=10 entries=9
06-01 04:53:40.079  3001  3001 W auditd  : type=1320 audit(0.0:21): 
06-01 04:53:40.107  2955  2955 I mediaserver: ServiceManager: 0xf668e120
06-01 04:53:40.107  2955  2955 I AudioFlinger: Using default 3000 mSec as standby time.
06-01 04:53:40.107  2955  2955 E BatteryNotifier: batterystats service unavailable!
06-01 04:53:40.108  2955  2955 E BatteryNotifier: batterystats service unavailable!
06-01 04:53:40.108  2955  2955 I CameraService: CameraService started (pid=2955)
06-01 04:53:40.108  2955  2955 I CameraService: CameraService process starting
06-01 04:53:40.108  2955  2955 E BatteryNotifier: batterystats service unavailable!
06-01 04:53:40.108  2955  2955 E BatteryNotifier: batterystats service unavailable!
06-01 04:53:40.108  2955  2955 E CameraService: Could not load camera HAL module: -2 (No such file or directory)
06-01 04:53:40.109  3001  3001 W auditd  : type=1325 audit(0.0:22): table=filter family=2 entries=10
06-01 04:53:40.109  3001  3001 W auditd  : type=1320 audit(0.0:22): 
06-01 04:53:40.109  3001  3001 W auditd  : type=1325 audit(0.0:23): table=filter family=10 entries=10
06-01 04:53:40.109  3001  3001 W auditd  : type=1320 audit(0.0:23): 
06-01 04:53:40.109  3001  3001 W auditd  : type=1325 audit(0.0:24): table=filter family=2 entries=12
06-01 04:53:40.109  3001  3001 W auditd  : type=1320 audit(0.0:24): 
06-01 04:53:40.109  2955  2955 I AudioPolicyService: AudioPolicyService CSTOR in new mode
06-01 04:53:40.110  2955  2955 W APM::HwModule: loadOutput() invalid supported devices
06-01 04:53:40.110  2955  2955 W APM::HwModule: loadOutput() invalid supported devices
06-01 04:53:40.110  2955  2955 W APM::HwModule: loadInput() invalid supported devices
06-01 04:53:40.110  2955  2955 W APM::HwModule: loadInput() invalid supported devices
06-01 04:53:40.110  2955  2955 I APM::ConfigParsingUtils: loadAudioPolicyConfig() loaded /system/etc/audio_policy.conf
06-01 04:53:40.119  3001  3001 W auditd  : type=1325 audit(0.0:25): table=filter family=10 entries=12
06-01 04:53:40.119  3001  3001 W auditd  : type=1320 audit(0.0:25): 
06-01 04:53:40.142  3052  3059 D libEGL  : loaded /vendor/lib64/egl/libGLES_mali.so
06-01 04:53:40.155  3052  3059 D mali_winsys: new_window_surface returns 0x3000,  [1440x2560]-format:2
06-01 04:53:40.156  3052  3059 D         : ro.exynos.dss isEnabled: 0
06-01 04:53:40.159  3052  3059 E BootAnimation: couldn't find audio_conf.txt
06-01 04:53:40.173  3052  3059 D BootAnimation: Use save memory method, maybe small fps in actual.
06-01 04:53:40.189  3001  3001 W auditd  : type=1325 audit(0.0:26): table=filter family=2 entries=13
06-01 04:53:40.189  3001  3001 W auditd  : type=1320 audit(0.0:26): 
06-01 04:53:40.199  3001  3001 W auditd  : type=1325 audit(0.0:27): table=filter family=10 entries=13
06-01 04:53:40.199  3001  3001 W auditd  : type=1320 audit(0.0:27): 
06-01 04:53:40.209  3001  3001 W auditd  : type=1325 audit(0.0:28): table=filter family=2 entries=15
06-01 04:53:40.209  3001  3001 W auditd  : type=1320 audit(0.0:28): 
06-01 04:53:40.219  3001  3001 W auditd  : type=1325 audit(0.0:29): table=filter family=10 entries=15
06-01 04:53:40.219  3001  3001 W auditd  : type=1320 audit(0.0:29): 
06-01 04:53:40.259  3001  3001 W auditd  : type=1325 audit(0.0:30): table=filter family=2 entries=16
06-01 04:53:40.259  3001  3001 W auditd  : type=1320 audit(0.0:30): 
06-01 04:53:40.259  3001  3001 W auditd  : type=1325 audit(0.0:31): table=filter family=10 entries=16
06-01 04:53:40.259  3001  3001 W auditd  : type=1320 audit(0.0:31): 
06-01 04:53:40.263  2920  2920 D SurfaceFlinger: SF. shader cache generated - 26 shaders in 128.458267 ms
06-01 04:53:40.264  2920  2920 E display : WIN_CONFIG is skipped, but mLastRetireFenceFd is not valid
06-01 04:53:40.265  2920  2920 E display : VPP should be assigned to FramebufferTarget but it was failed ret(0)
06-01 04:53:40.267  2920  2920 E display : [PrimaryDisplay] framebuffer target expected, but not provided
06-01 04:53:40.271  2920  2920 E display : VPP should be assigned to FramebufferTarget but it was failed ret(0)
06-01 04:53:40.273  2920  2920 E display : [PrimaryDisplay] framebuffer target expected, but not provided
06-01 04:53:40.277  2963  2963 D AndroidRuntime: >>>>>> START com.android.internal.os.ZygoteInit uid 0 <<<<<<
06-01 04:53:40.279  3001  3001 W auditd  : type=1325 audit(0.0:32): table=filter family=2 entries=18
06-01 04:53:40.279  3001  3001 W auditd  : type=1320 audit(0.0:32): 
06-01 04:53:40.279  3001  3001 W auditd  : type=1325 audit(0.0:33): table=filter family=10 entries=18
06-01 04:53:40.284  2920  2920 E display : VPP should be assigned to FramebufferTarget but it was failed ret(0)
06-01 04:53:40.285  2920  2920 E display : [PrimaryDisplay] framebuffer target expected, but not provided
06-01 04:53:40.290  2963  2963 D AndroidRuntime: CheckJNI is ON
06-01 04:53:40.294  2963  2963 I art     : option[0]=-Xzygote
06-01 04:53:40.294  2963  2963 I art     : option[1]=-Xcheck:jni
06-01 04:53:40.294  2963  2963 I art     : option[2]=-Xstacktracefile:/data/anr/traces.txt
06-01 04:53:40.294  2963  2963 I art     : option[3]=exit
06-01 04:53:40.294  2963  2963 I art     : option[4]=vfprintf
06-01 04:53:40.294  2963  2963 I art     : option[5]=sensitiveThread
06-01 04:53:40.294  2963  2963 I art     : option[6]=-verbose:gc
06-01 04:53:40.294  2963  2963 I art     : option[7]=-Xms8m
06-01 04:53:40.294  2963  2963 I art     : option[8]=-Xmx512m
06-01 04:53:40.294  2963  2963 I art     : option[9]=-XX:HeapGrowthLimit=256m
06-01 04:53:40.294  2963  2963 I art     : option[10]=-XX:HeapMinFree=2m
06-01 04:53:40.294  2963  2963 I art     : option[11]=-XX:HeapMaxFree=8m
06-01 04:53:40.294  2963  2963 I art     : option[12]=-XX:HeapTargetUtilization=0.75
06-01 04:53:40.294  2963  2963 I art     : option[13]=-Xusejit:true
06-01 04:53:40.294  2963  2963 I art     : option[14]=-agentlib:jdwp=transport=dt_android_adb,suspend=n,server=y
06-01 04:53:40.294  2963  2963 I art     : option[15]=-Xlockprofthreshold:500
06-01 04:53:40.294  2963  2963 I art     : option[16]=-Ximage-compiler-option
06-01 04:53:40.294  2963  2963 I art     : option[17]=--runtime-arg
06-01 04:53:40.294  2963  2963 I art     : option[18]=-Ximage-compiler-option
06-01 04:53:40.294  2963  2963 I art     : option[19]=-Xms64m
06-01 04:53:40.294  2963  2963 I art     : option[20]=-Ximage-compiler-option
06-01 04:53:40.294  2963  2963 I art     : option[21]=--runtime-arg
06-01 04:53:40.294  2963  2963 I art     : option[22]=-Ximage-compiler-option
06-01 04:53:40.294  2963  2963 I art     : option[23]=-Xmx64m
06-01 04:53:40.294  2963  2963 I art     : option[24]=-Ximage-compiler-option
06-01 04:53:40.294  2963  2963 I art     : option[25]=--compiler-filter=verify-at-runtime
06-01 04:53:40.294  2963  2963 I art     : option[26]=-Ximage-compiler-option
06-01 04:53:40.294  2963  2963 I art     : option[27]=--image-classes=/system/etc/preloaded-classes
06-01 04:53:40.294  2963  2963 I art     : option[28]=-Xcompiler-option
06-01 04:53:40.294  2963  2963 I art     : option[29]=--runtime-arg
06-01 04:53:40.294  2963  2963 I art     : option[30]=-Xcompiler-option
06-01 04:53:40.294  2963  2963 I art     : option[31]=-Xms64m
06-01 04:53:40.294  2963  2963 I art     : option[32]=-Xcompiler-option
06-01 04:53:40.294  2963  2963 I art     : option[33]=--runtime-arg
06-01 04:53:40.294  2963  2963 I art     : option[34]=-Xcompiler-option
06-01 04:53:40.294  2963  2963 I art     : option[35]=-Xmx512m
06-01 04:53:40.294  2963  2963 I art     : option[36]=-Xcompiler-option
06-01 04:53:40.295  2963  2963 I art     : option[37]=--compiler-filter=verify-at-runtime
06-01 04:53:40.295  2963  2963 I art     : option[38]=-Ximage-compiler-option
06-01 04:53:40.295  2963  2963 I art     : option[39]=--instruction-set-variant=generic
06-01 04:53:40.295  2963  2963 I art     : option[40]=-Xcompiler-option
06-01 04:53:40.295  2963  2963 I art     : option[41]=--instruction-set-variant=generic
06-01 04:53:40.295  2963  2963 I art     : option[42]=-Ximage-compiler-option
06-01 04:53:40.295  2963  2963 I art     : option[43]=--instruction-set-features=default
06-01 04:53:40.295  2963  2963 I art     : option[44]=-Xcompiler-option
06-01 04:53:40.295  2963  2963 I art     : option[45]=--instruction-set-features=default
06-01 04:53:40.295  2963  2963 I art     : option[46]=-Duser.locale=en-US
06-01 04:53:40.295  2963  2963 I art     : option[47]=--cpu-abilist=arm64-v8a,armeabi
06-01 04:53:40.295  2963  2963 I art     : option[48]=-Xfingerprint:samsung/cm_hero2ltexx/hero2ltexx:6.0.1/MOB30J/20306b7bd5:eng/test-keys
06-01 04:53:40.300  2920  2920 E display : VPP should be assigned to FramebufferTarget but it was failed ret(0)
06-01 04:53:40.302  2920  2920 E display : [PrimaryDisplay] framebuffer target expected, but not provided
06-01 04:53:40.305  2963  2963 I art     : Pruning dalvik-cache since we are generating an image and will need to recompile
06-01 04:53:40.305  2963  2963 I art     : Using an offset of 0xffa26000 from default art base address of 0x70000000
06-01 04:53:40.305  2963  2963 I art     : GenerateImage: /system/bin/dex2oat --image=/data/dalvik-cache/arm64/system@framework@boot.art --dex-file=/system/framework/core-libart.jar --dex-file=/system/framework/conscrypt.jar --dex-file=/system/framework/okhttp.jar --dex-file=/system/framework/core-junit.jar --dex-file=/system/framework/bouncycastle.jar --dex-file=/system/framework/ext.jar --dex-file=/system/framework/framework.jar --dex-file=/system/framework/telephony-common.jar --dex-file=/system/framework/voip-common.jar --dex-file=/system/framework/ims-common.jar --dex-file=/system/framework/apache-xml.jar --dex-file=/system/framework/org.apache.http.legacy.boot.jar --oat-file=/data/dalvik-cache/arm64/system@framework@boot.oat --instruction-set=arm64 --instruction-set-features=smp,a53 --base=0x6fa26000 --runtime-arg -Xms64m --runtime-arg -Xmx64m --compiler-filter=verify-at-runtime --image-classes=/system/etc/preloaded-classes --instruction-set-variant=generic --instruction-set-features=default
06-01 04:53:40.317  2920  2920 E display : VPP should be assigned to FramebufferTarget but it was failed ret(0)
06-01 04:53:40.318  2920  2920 E display : [PrimaryDisplay] framebuffer target expected, but not provided
06-01 04:53:40.342  3115  3115 I dex2oat : /system/bin/dex2oat --image=/data/dalvik-cache/arm64/system@framework@boot.art --dex-file=/system/framework/core-libart.jar --dex-file=/system/framework/conscrypt.jar --dex-file=/system/framework/okhttp.jar --dex-file=/system/framework/core-junit.jar --dex-file=/system/framework/bouncycastle.jar --dex-file=/system/framework/ext.jar --dex-file=/system/framework/framework.jar --dex-file=/system/framework/telephony-common.jar --dex-file=/system/framework/voip-common.jar --dex-file=/system/framework/ims-common.jar --dex-file=/system/framework/apache-xml.jar --dex-file=/system/framework/org.apache.http.legacy.boot.jar --oat-file=/data/dalvik-cache/arm64/system@framework@boot.oat --instruction-set=arm64 --instruction-set-features=smp,a53 --base=0x6fa26000 --runtime-arg -Xms64m --runtime-arg -Xmx64m --compiler-filter=verify-at-runtime --image-classes=/system/etc/preloaded-classes --instruction-set-variant=generic --instruction-set-features=default
06-01 04:53:40.348  3115  3115 I dex2oat : setting boot class path to /system/framework/core-libart.jar:/system/framework/conscrypt.jar:/system/framework/okhttp.jar:/system/framework/core-junit.jar:/system/framework/bouncycastle.jar:/system/framework/ext.jar:/system/framework/framework.jar:/system/framework/telephony-common.jar:/system/framework/voip-common.jar:/system/framework/ims-common.jar:/system/framework/apache-xml.jar:/system/framework/org.apache.http.legacy.boot.jar
06-01 04:53:40.352  2920  2920 E display : VPP should be assigned to FramebufferTarget but it was failed ret(0)
06-01 04:53:40.353  2920  2920 E display : [PrimaryDisplay] framebuffer target expected, but not provided
06-01 04:53:40.385  2920  2920 E display : VPP should be assigned to FramebufferTarget but it was failed ret(0)
06-01 04:53:40.387  2920  2920 E display : [PrimaryDisplay] framebuffer target expected, but not provided
06-01 04:53:40.419  2920  2920 E display : VPP should be assigned to FramebufferTarget but it was failed ret(0)
06-01 04:53:40.421  2920  2920 E display : [PrimaryDisplay] framebuffer target expected, but not provided
06-01 04:53:40.453  2920  2920 E display : VPP should be assigned to FramebufferTarget but it was failed ret(0)
06-01 04:53:40.455  2920  2920 E display : [PrimaryDisplay] framebuffer target expected, but not provided
06-01 04:53:40.487  2920  2920 E display : VPP should be assigned to FramebufferTarget but it was failed ret(0)
06-01 04:53:40.489  2920  2920 E display : [PrimaryDisplay] framebuffer target expected, but not provided
06-01 04:53:40.521  2920  2920 E display : VPP should be assigned to FramebufferTarget but it was failed ret(0)
06-01 04:53:40.522  2920  2920 E display : [PrimaryDisplay] framebuffer target expected, but not provided
06-01 04:53:40.555  2920  2920 E display : VPP should be assigned to FramebufferTarget but it was failed ret(0)
06-01 04:53:40.557  2920  2920 E display : [PrimaryDisplay] framebuffer target expected, but not provided
06-01 04:53:40.589  2920  2920 E display : VPP should be assigned to FramebufferTarget but it was failed ret(0)
06-01 04:53:40.590  2920  2920 E display : [PrimaryDisplay] framebuffer target expected, but not provided
06-01 04:53:40.623  2920  2920 E display : VPP should be assigned to FramebufferTarget but it was failed ret(0)
06-01 04:53:40.624  2920  2920 E display : [PrimaryDisplay] framebuffer target expected, but not provided
06-01 04:53:40.656  2920  2920 E display : VPP should be assigned to FramebufferTarget but it was failed ret(0)
06-01 04:53:40.658  2920  2920 E display : [PrimaryDisplay] framebuffer target expected, but not provided
06-01 04:53:40.688  2955  2955 I AudioFlinger: loadHwModule() Loaded primary audio interface from Samsung audio HW HAL (audio) handle 1
06-01 04:53:40.688  2955  2955 I AudioFlinger: openOutput(), module 1 Device 2, SamplingRate 48000, Format 0x000001, Channels 3, flags a
06-01 04:53:40.688  2955  2955 I AudioFlinger: AudioStreamOut::open(), mHalFormatIsLinearPcm = 1
06-01 04:53:40.688  2955  2955 I AudioFlinger: HAL output buffer size 1024 frames, normal sink buffer size 1024 frames
06-01 04:53:40.690  2955  2955 W EffectsFactory: loadLibrary() failed to open /system/lib/soundfx/libaudioeffectoffload.so
06-01 04:53:40.690  2920  2920 E display : VPP should be assigned to FramebufferTarget but it was failed ret(0)
06-01 04:53:40.692  2920  2920 E display : [PrimaryDisplay] framebuffer target expected, but not provided
06-01 04:53:40.693  2955  2955 W EffectsFactory: loadLibrary() failed to open /system/lib/soundfx/libexynosvisualizer.so
06-01 04:53:40.698  2955  2955 W EffectsFactory: loadLibrary() failed to open /system/lib/libmysound.so
06-01 04:53:40.698  2955  2955 W EffectsFactory: loadLibrary() failed to open /system/lib/soundfx/libmyspace.so
06-01 04:53:40.698  2955  2955 W EffectsFactory: loadLibrary() failed to open /system/lib/libaudiosa.so
06-01 04:53:40.698  2955  2955 W EffectsFactory: loadLibrary() failed to open /system/lib/soundfx/libaudiosaplus_sec.so
06-01 04:53:40.699  2955  2955 W EffectsFactory: loadLibrary() failed to open /system/lib/libsamsungSoundbooster_plus.so
06-01 04:53:40.699  2955  2955 W EffectsFactory: loadEffect() could not get library soundbooster_plus
06-01 04:53:40.699  2955  2955 W EffectsFactory: addSubEffect() could not get library soundalive_sec
06-01 04:53:40.699  2955  2955 W EffectsFactory: loadEffect() could not add subEffect 
06-01 04:53:40.699  2955  2955 W EffectsFactory: loadEffect() could not get library soundalive
06-01 04:53:40.699  2955  2955 W EffectsFactory: loadEffect() could not get library soundalive
06-01 04:53:40.699  2955  2955 W EffectsFactory: loadEffect() could not get library soundalive
06-01 04:53:40.699  2955  2955 W EffectsFactory: addSubEffect() could not get library visualizer_hw
06-01 04:53:40.699  2955  2955 W EffectsFactory: loadEffect() could not add subEffect 
06-01 04:53:40.699  2955  2955 W EffectsFactory: addSubEffect() could not get library mysound
06-01 04:53:40.699  2955  2955 W EffectsFactory: loadEffect() could not add subEffect 
06-01 04:53:40.699  2955  2955 W EffectsFactory: addSubEffect() could not get library myspace
06-01 04:53:40.699  2955  2955 W EffectsFactory: loadEffect() could not add subEffect 
06-01 04:53:40.699  2955  2955 I BufferProvider: found effect "Multichannel Downmix To Stereo" from The Android Open Source Project
06-01 04:53:40.699  2955  2955 I AudioFlinger: Using module 1 has the primary audio interface
06-01 04:53:40.699  2955  3189 I AudioFlinger: AudioFlinger's thread 0xf4a80000 ready to run
06-01 04:53:40.699  2955  3189 V audio_hw_primary: do_out_standby: output standby: 1
06-01 04:53:40.700  2955  3189 V audio_hw_primary: out_set_parameters: key value pairs: routing=2
06-01 04:53:40.700  2955  3189 E AudioFlinger: no wake lock to update!
06-01 04:53:40.700  2955  2955 I AudioFlinger: openOutput(), module 1 Device 2, SamplingRate 48000, Format 0x000001, Channels 3, flags 4
06-01 04:53:40.700  2955  2955 I AudioFlinger: AudioStreamOut::open(), mHalFormatIsLinearPcm = 1
06-01 04:53:40.700  2955  2955 I AudioFlinger: HAL output buffer size 256 frames, normal sink buffer size 960 frames
06-01 04:53:40.700  2955  2955 E MonoPipe: Failed to fetch local time frequency when constructing a MonoPipe (res = -32).  getNextWriteTimestamp calls will be non-functional
06-01 04:53:40.701  2955  3192 I AudioFlinger: AudioFlinger's thread 0xf4740000 ready to run
06-01 04:53:40.701  2955  3192 V audio_hw_primary: out_set_parameters: key value pairs: routing=2
06-01 04:53:40.701  2955  3192 V audio_hw_primary: do_out_standby: output standby: 1
06-01 04:53:40.701  2955  3192 E AudioFlinger: no wake lock to update!
06-01 04:53:40.701  2955  2955 V audio_hw_primary: adev_open_input_stream: Requesting input stream with rate: 48000, channels: 0xc
06-01 04:53:40.701  2955  3193 I AudioFlinger: AudioFlinger's thread 0xf4440000 ready to run
06-01 04:53:40.702  2955  2955 I bt_a2dp_hw: adev_open:  adev_open in A2dp_hw module
06-01 04:53:40.703  2955  2955 I AudioFlinger: loadHwModule() Loaded a2dp audio interface from A2DP Audio HW HAL (audio) handle 5
06-01 04:53:40.704  2955  2955 I AudioFlinger: loadHwModule() Loaded usb audio interface from USB audio HW HAL (audio) handle 6
06-01 04:53:40.706  2955  2955 I r_submix: adev_open(name=audio_hw_if)
06-01 04:53:40.706  2955  2955 I r_submix: adev_init_check()
06-01 04:53:40.706  2955  2955 I AudioFlinger: loadHwModule() Loaded r_submix audio interface from Wifi Display audio HAL (audio) handle 7
06-01 04:53:40.706  2955  2955 D r_submix: adev_open_input_stream(addr=0)
06-01 04:53:40.706  2955  2955 D r_submix: submix_audio_device_create_pipe_l(addr=0, idx=9)
06-01 04:53:40.706  2955  2955 D r_submix:   now using address 0 for route 9
06-01 04:53:40.706  2955  3195 I AudioFlinger: AudioFlinger's thread 0xf4380000 ready to run
06-01 04:53:40.706  2955  2955 D r_submix: adev_close_input_stream()
06-01 04:53:40.706  2955  2955 D r_submix: submix_audio_device_release_pipe_l(idx=9) addr=0
06-01 04:53:40.706  2955  2955 D r_submix: submix_audio_device_destroy_pipe_l(): pipe destroyed
--------- beginning of crash
06-01 04:53:40.707  2955  2955 F libc    : Fatal signal 11 (SIGSEGV), code 1, fault addr 0x0 in tid 2955 (mediaserver)
06-01 04:53:40.707  2937  2937 I DEBUG   : property debug.db.uid not set; NOT waiting for gdb.
06-01 04:53:40.707  2937  2937 I DEBUG   : HINT: adb shell setprop debug.db.uid 100000
06-01 04:53:40.707  2937  2937 I DEBUG   : HINT: adb forward tcp:5039 tcp:5039
06-01 04:53:40.724  2920  2920 E display : VPP should be assigned to FramebufferTarget but it was failed ret(0)
06-01 04:53:40.725  2920  2920 E display : [PrimaryDisplay] framebuffer target expected, but not provided
06-01 04:53:40.757  2937  2937 F DEBUG   : *** *** *** *** *** *** *** *** *** *** *** *** *** *** *** ***
06-01 04:53:40.757  2937  2937 F DEBUG   : Build fingerprint: 'samsung/cm_hero2ltexx/hero2ltexx:6.0.1/MOB30J/20306b7bd5:eng/test-keys'
06-01 04:53:40.757  2937  2937 F DEBUG   : Revision: '0'
06-01 04:53:40.757  2937  2937 F DEBUG   : ABI: 'arm'
06-01 04:53:40.757  2937  2937 F DEBUG   : pid: 2955, tid: 2955, name: mediaserver  >>> /system/bin/mediaserver <<<
06-01 04:53:40.757  2937  2937 F DEBUG   : signal 11 (SIGSEGV), code 1 (SEGV_MAPERR), fault addr 0x0
06-01 04:53:40.758  2920  2920 E display : VPP should be assigned to FramebufferTarget but it was failed ret(0)
06-01 04:53:40.760  2920  2920 E display : [PrimaryDisplay] framebuffer target expected, but not provided
06-01 04:53:40.761  2937  2937 F DEBUG   :     r0 f4b1e8f4  r1 00000000  r2 65732020  r3 00000007
06-01 04:53:40.761  2937  2937 F DEBUG   :     r4 00000008  r5 f4b1e8f2  r6 f751fbe0  r7 ff997b34
06-01 04:53:40.761  2937  2937 F DEBUG   :     r8 f4b7e00c  r9 f751d431  sl f751d635  fp f4b1e8f2
06-01 04:53:40.761  2937  2937 F DEBUG   :     ip 00000000  sp ff997af0  lr f75184f7  pc f706b3c8  cpsr 600f0010
06-01 04:53:40.761  2937  2937 F DEBUG   : 
06-01 04:53:40.761  2937  2937 F DEBUG   : backtrace:
06-01 04:53:40.761  2937  2937 F DEBUG   :     #00 pc 000183c8  /system/lib/libc.so (strcmp+152)
06-01 04:53:40.762  2937  2937 F DEBUG   :     #01 pc 000084f3  /system/lib/libaudiopolicyservice.so
06-01 04:53:40.762  2937  2937 F DEBUG   :     #02 pc 0001fb30  [stack]
06-01 04:53:40.792  2920  2920 E display : VPP should be assigned to FramebufferTarget but it was failed ret(0)
06-01 04:53:40.794  2920  2920 E display : [PrimaryDisplay] framebuffer target expected, but not provided
06-01 04:53:40.803  2937  2937 F DEBUG   : 
06-01 04:53:40.803  2937  2937 F DEBUG   : Tombstone written to: /data/tombstones/tombstone_00
06-01 04:53:40.806  2919  2919 I ServiceManager: service 'media.audio_flinger' died
06-01 04:53:40.806  2919  2919 I ServiceManager: service 'media.player' died
06-01 04:53:40.806  2919  2919 I ServiceManager: service 'media.resource_manager' died
06-01 04:53:40.806  2919  2919 I ServiceManager: service 'media.camera' died
06-01 04:53:40.826  2920  2920 E display : VPP should be assigned to FramebufferTarget but it was failed ret(0)
06-01 04:53:40.827  2920  2920 E display : [PrimaryDisplay] framebuffer target expected, but not provided
06-01 04:53:40.860  2920  2920 E display : VPP should be assigned to FramebufferTarget but it was failed ret(0)
06-01 04:53:40.861  2920  2920 E display : [PrimaryDisplay] framebuffer target expected, but not provided
06-01 04:53:40.894  2920  2920 E display : VPP should be assigned to FramebufferTarget but it was failed ret(0)
06-01 04:53:40.895  2920  2920 E display : [PrimaryDisplay] framebuffer target expected, but not provided
06-01 04:53:40.928  2920  2920 E display : VPP should be assigned to FramebufferTarget but it was failed ret(0)
06-01 04:53:40.929  2920  2920 E display : [PrimaryDisplay] framebuffer target expected, but not provided
06-01 04:53:40.943  2934  2934 V NatController: runCmd(/system/bin/iptables -w -F natctrl_FORWARD) res=0
06-01 04:53:40.947  2934  2934 V NatController: runCmd(/system/bin/iptables -w -A natctrl_FORWARD -j DROP) res=0
06-01 04:53:40.951  2934  2934 V NatController: runCmd(/system/bin/iptables -w -t nat -F natctrl_nat_POSTROUTING) res=0
06-01 04:53:40.956  2934  2934 V NatController: runCmd(/system/bin/iptables -w -F natctrl_tether_counters) res=1
06-01 04:53:40.960  2934  2934 V NatController: runCmd(/system/bin/iptables -w -X natctrl_tether_counters) res=1
06-01 04:53:40.962  2920  2920 E display : VPP should be assigned to FramebufferTarget but it was failed ret(0)
06-01 04:53:40.963  2920  2920 E display : [PrimaryDisplay] framebuffer target expected, but not provided
06-01 04:53:40.964  2934  2934 V NatController: runCmd(/system/bin/iptables -w -N natctrl_tether_counters) res=0
06-01 04:53:40.968  2934  2934 V NatController: runCmd(/system/bin/iptables -w -t mangle -A natctrl_mangle_FORWARD -p tcp --tcp-flags SYN SYN -j TCPMSS --clamp-mss-to-pmtu) res=0
06-01 04:53:40.995  2920  2920 E display : VPP should be assigned to FramebufferTarget but it was failed ret(0)
06-01 04:53:40.997  2920  2920 E display : [PrimaryDisplay] framebuffer target expected, but not provided
06-01 04:53:41.029  2920  2920 E display : VPP should be assigned to FramebufferTarget but it was failed ret(0)
06-01 04:53:41.030  2920  2920 E display : [PrimaryDisplay] framebuffer target expected, but not provided
06-01 04:53:41.063  2920  2920 E display : VPP should be assigned to FramebufferTarget but it was failed ret(0)
06-01 04:53:41.065  2920  2920 E display : [PrimaryDisplay] framebuffer target expected, but not provided
06-01 04:53:41.097  2920  2920 E display : VPP should be assigned to FramebufferTarget but it was failed ret(0)
06-01 04:53:41.098  2920  2920 E display : [PrimaryDisplay] framebuffer target expected, but not provided
06-01 04:53:41.119  3001  3001 W auditd  : type=1325 audit(0.0:116): table=filter family=2 entries=49
06-01 04:53:41.119  3001  3001 W auditd  : type=1320 audit(0.0:116): 
06-01 04:53:41.119  3001  3001 W auditd  : type=1325 audit(0.0:117): table=filter family=10 entries=52
06-01 04:53:41.119  3001  3001 W auditd  : type=1320 audit(0.0:117): 
06-01 04:53:41.119  3001  3001 W auditd  : type=1325 audit(0.0:118): table=filter family=2 entries=49
06-01 04:53:41.119  3001  3001 W auditd  : type=1320 audit(0.0:118): 
06-01 04:53:41.129  3001  3001 W auditd  : type=1325 audit(0.0:119): table=filter family=10 entries=52
06-01 04:53:41.129  3001  3001 W auditd  : type=1320 audit(0.0:119): 
06-01 04:53:41.129  3001  3001 W auditd  : type=1325 audit(0.0:120): table=filter family=2 entries=49
06-01 04:53:41.129  3001  3001 W auditd  : type=1320 audit(0.0:120): 
06-01 04:53:41.131  2920  2920 E display : VPP should be assigned to FramebufferTarget but it was failed ret(0)
06-01 04:53:41.132  2920  2920 E display : [PrimaryDisplay] framebuffer target expected, but not provided
06-01 04:53:41.139  3001  3001 W auditd  : type=1325 audit(0.0:121): table=filter family=10 entries=52
06-01 04:53:41.139  3001  3001 W auditd  : type=1320 audit(0.0:121): 
06-01 04:53:41.139  3001  3001 W auditd  : type=1325 audit(0.0:122): table=filter family=2 entries=49
06-01 04:53:41.139  3001  3001 W auditd  : type=1320 audit(0.0:122): 
06-01 04:53:41.149  3001  3001 W auditd  : type=1325 audit(0.0:123): table=filter family=10 entries=52
06-01 04:53:41.149  3001  3001 W auditd  : type=1320 audit(0.0:123): 
06-01 04:53:41.149  3001  3001 W auditd  : type=1325 audit(0.0:124): table=raw family=2 entries=9
06-01 04:53:41.149  3001  3001 W auditd  : type=1320 audit(0.0:124): 
06-01 04:53:41.149  3001  3001 W auditd  : type=1325 audit(0.0:125): table=raw family=10 entries=9
06-01 04:53:41.149  3001  3001 W auditd  : type=1320 audit(0.0:125): 
06-01 04:53:41.165  2920  2920 E display : VPP should be assigned to FramebufferTarget but it was failed ret(0)
06-01 04:53:41.166  2920  2920 E display : [PrimaryDisplay] framebuffer target expected, but not provided
06-01 04:53:41.199  2920  2920 E display : VPP should be assigned to FramebufferTarget but it was failed ret(0)
06-01 04:53:41.200  2920  2920 E display : [PrimaryDisplay] framebuffer target expected, but not provided
06-01 04:53:41.233  2920  2920 E display : VPP should be assigned to FramebufferTarget but it was failed ret(0)
06-01 04:53:41.234  2920  2920 E display : [PrimaryDisplay] framebuffer target expected, but not provided
06-01 04:53:41.266  2920  2920 E display : VPP should be assigned to FramebufferTarget but it was failed ret(0)
06-01 04:53:41.268  2920  2920 E display : [PrimaryDisplay] framebuffer target expected, but not provided
06-01 04:53:41.300  2920  2920 E display : VPP should be assigned to FramebufferTarget but it was failed ret(0)
06-01 04:53:41.301  2920  2920 E display : [PrimaryDisplay] framebuffer target expected, but not provided
06-01 04:53:41.334  2920  2920 E display : VPP should be assigned to FramebufferTarget but it was failed ret(0)
06-01 04:53:41.336  2920  2920 E display : [PrimaryDisplay] framebuffer target expected, but not provided
06-01 04:53:41.368  2920  2920 E display : VPP should be assigned to FramebufferTarget but it was failed ret(0)
06-01 04:53:41.370  2920  2920 E display : [PrimaryDisplay] framebuffer target expected, but not provided
06-01 04:53:41.392  2934  2934 E Netd    : cannot find interface dummy0
06-01 04:53:41.393  2934  2934 D MDnsDS  : MDnsSdListener::Hander starting up
06-01 04:53:41.393  2934  3324 D MDnsDS  : MDnsSdListener starting to monitor
06-01 04:53:41.393  2934  3324 D MDnsDS  : Going to poll with pollCount 1
06-01 04:53:41.402  2920  2920 E display : VPP should be assigned to FramebufferTarget but it was failed ret(0)
06-01 04:53:41.403  2920  2920 E display : [PrimaryDisplay] framebuffer target expected, but not provided
06-01 04:53:41.419  2920  2920 E display : VPP should be assigned to FramebufferTarget but it was failed ret(0)
06-01 04:53:41.420  2920  2920 E display : [PrimaryDisplay] framebuffer target expected, but not provided
06-01 04:53:41.453  2920  2920 E display : VPP should be assigned to FramebufferTarget but it was failed ret(0)
06-01 04:53:41.454  2920  2920 E display : [PrimaryDisplay] framebuffer target expected, but not provided
06-01 04:53:41.487  2920  2920 E display : VPP should be assigned to FramebufferTarget but it was failed ret(0)
06-01 04:53:41.488  2920  2920 E display : [PrimaryDisplay] framebuffer target expected, but not provided
06-01 04:53:41.520  2920  2920 E display : VPP should be assigned to FramebufferTarget but it was failed ret(0)
06-01 04:53:41.522  2920  2920 E display : [PrimaryDisplay] framebuffer target expected, but not provided
06-01 04:53:41.555  2920  2920 E display : VPP should be assigned to FramebufferTarget but it was failed ret(0)
06-01 04:53:41.557  2920  2920 E display : [PrimaryDisplay] framebuffer target expected, but not provided
06-01 04:53:41.589  2920  2920 E display : VPP should be assigned to FramebufferTarget but it was failed ret(0)
06-01 04:53:41.591  2920  2920 E display : [PrimaryDisplay] framebuffer target expected, but not provided
06-01 04:53:41.623  2920  2920 E display : VPP should be assigned to FramebufferTarget but it was failed ret(0)
06-01 04:53:41.625  2920  2920 E display : [PrimaryDisplay] framebuffer target expected, but not provided
06-01 04:53:41.657  2920  2920 E display : VPP should be assigned to FramebufferTarget but it was failed ret(0)
06-01 04:53:41.659  2920  2920 E display : [PrimaryDisplay] framebuffer target expected, but not provided
06-01 04:53:41.690  2920  2920 E display : VPP should be assigned to FramebufferTarget but it was failed ret(0)
06-01 04:53:41.692  2920  2920 E display : [PrimaryDisplay] framebuffer target expected, but not provided
06-01 04:53:41.724  2920  2920 E display : VPP should be assigned to FramebufferTarget but it was failed ret(0)
06-01 04:53:41.726  2920  2920 E display : [PrimaryDisplay] framebuffer target expected, but not provided
06-01 04:53:41.758  2920  2920 E display : VPP should be assigned to FramebufferTarget but it was failed ret(0)
06-01 04:53:41.760  2920  2920 E display : [PrimaryDisplay] framebuffer target expected, but not provided
06-01 04:53:41.792  2920  2920 E display : VPP should be assigned to FramebufferTarget but it was failed ret(0)
06-01 04:53:41.794  2920  2920 E display : [PrimaryDisplay] framebuffer target expected, but not provided
06-01 04:53:41.826  2920  2920 E display : VPP should be assigned to FramebufferTarget but it was failed ret(0)
06-01 04:53:41.828  2920  2920 E display : [PrimaryDisplay] framebuffer target expected, but not provided
06-01 04:53:41.838  3115  3329 W dex2oat : Skipping class com.quicinc.tcmiface.DpmTcmIface from /system/framework/org.apache.http.legacy.boot.jar previously found in /system/framework/okhttp.jar
06-01 04:53:41.859  2920  2920 E display : VPP should be assigned to FramebufferTarget but it was failed ret(0)
06-01 04:53:41.861  2920  2920 E display : [PrimaryDisplay] framebuffer target expected, but not provided
06-01 04:53:41.894  2920  2920 E display : VPP should be assigned to FramebufferTarget but it was failed ret(0)
06-01 04:53:41.895  2920  2920 E display : [PrimaryDisplay] framebuffer target expected, but not provided
06-01 04:53:41.927  2920  2920 E display : VPP should be assigned to FramebufferTarget but it was failed ret(0)
06-01 04:53:41.929  2920  2920 E display : [PrimaryDisplay] framebuffer target expected, but not provided
06-01 04:53:41.961  2920  2920 E display : VPP should be assigned to FramebufferTarget but it was failed ret(0)
06-01 04:53:41.962  2920  2920 E display : [PrimaryDisplay] framebuffer target expected, but not provided
06-01 04:53:41.995  2920  2920 E display : VPP should be assigned to FramebufferTarget but it was failed ret(0)
06-01 04:53:41.996  2920  2920 E display : [PrimaryDisplay] framebuffer target expected, but not provided
06-01 04:53:42.029  2920  2920 E display : VPP should be assigned to FramebufferTarget but it was failed ret(0)
06-01 04:53:42.030  2920  2920 E display : [PrimaryDisplay] framebuffer target expected, but not provided
06-01 04:53:42.063  2920  2920 E display : VPP should be assigned to FramebufferTarget but it was failed ret(0)
06-01 04:53:42.064  2920  2920 E display : [PrimaryDisplay] framebuffer target expected, but not provided
06-01 04:53:42.097  2920  2920 E display : VPP should be assigned to FramebufferTarget but it was failed ret(0)
06-01 04:53:42.098  2920  2920 E display : [PrimaryDisplay] framebuffer target expected, but not provided
06-01 04:53:42.131  2920  2920 E display : VPP should be assigned to FramebufferTarget but it was failed ret(0)
06-01 04:53:42.132  2920  2920 E display : [PrimaryDisplay] framebuffer target expected, but not provided
06-01 04:53:42.165  2920  2920 E display : VPP should be assigned to FramebufferTarget but it was failed ret(0)
06-01 04:53:42.166  2920  2920 E display : [PrimaryDisplay] framebuffer target expected, but not provided
06-01 04:53:42.176  3115  3115 I dex2oat : Explicit concurrent mark sweep GC freed 58614(21MB) AllocSpace objects, 0(0B) LOS objects, 34% free, 7MB/11MB, paused 81us total 10.538ms
06-01 04:53:42.199  2920  2920 E display : VPP should be assigned to FramebufferTarget but it was failed ret(0)
06-01 04:53:42.200  2920  2920 E display : [PrimaryDisplay] framebuffer target expected, but not provided
06-01 04:53:42.214  3052  3059 D BootAnimation: Use save memory method, maybe small fps in actual.
06-01 04:53:42.233  2920  2920 E display : VPP should be assigned to FramebufferTarget but it was failed ret(0)
06-01 04:53:42.234  2920  2920 E display : [PrimaryDisplay] framebuffer target expected, but not provided
06-01 04:53:42.266  2920  2920 E display : VPP should be assigned to FramebufferTarget but it was failed ret(0)
06-01 04:53:42.268  2920  2920 E display : [PrimaryDisplay] framebuffer target expected, but not provided
06-01 04:53:42.300  2920  2920 E display : VPP should be assigned to FramebufferTarget but it was failed ret(0)
06-01 04:53:42.301  2920  2920 E display : [PrimaryDisplay] framebuffer target expected, but not provided
06-01 04:53:42.334  2920  2920 E display : VPP should be assigned to FramebufferTarget but it was failed ret(0)
06-01 04:53:42.335  2920  2920 E display : [PrimaryDisplay] framebuffer target expected, but not provided
06-01 04:53:42.368  2920  2920 E display : VPP should be assigned to FramebufferTarget but it was failed ret(0)
06-01 04:53:42.369  2920  2920 E display : [PrimaryDisplay] framebuffer target expected, but not provided
06-01 04:53:42.402  2920  2920 E display : VPP should be assigned to FramebufferTarget but it was failed ret(0)
06-01 04:53:42.403  2920  2920 E display : [PrimaryDisplay] framebuffer target expected, but not provided
06-01 04:53:42.436  2920  2920 E display : VPP should be assigned to FramebufferTarget but it was failed ret(0)
06-01 04:53:42.437  2920  2920 E display : [PrimaryDisplay] framebuffer target expected, but not provided
06-01 04:53:42.470  2920  2920 E display : VPP should be assigned to FramebufferTarget but it was failed ret(0)
06-01 04:53:42.471  2920  2920 E display : [PrimaryDisplay] framebuffer target expected, but not provided
06-01 04:53:42.504  2920  2920 E display : VPP should be assigned to FramebufferTarget but it was failed ret(0)
06-01 04:53:42.505  2920  2920 E display : [PrimaryDisplay] framebuffer target expected, but not provided
06-01 04:53:42.538  2920  2920 E display : VPP should be assigned to FramebufferTarget but it was failed ret(0)
06-01 04:53:42.539  2920  2920 E display : [PrimaryDisplay] framebuffer target expected, but not provided
06-01 04:53:42.571  2920  2920 E display : VPP should be assigned to FramebufferTarget but it was failed ret(0)
06-01 04:53:42.572  2920  2920 E display : [PrimaryDisplay] framebuffer target expected, but not provided
06-01 04:53:42.605  2920  2920 E display : VPP should be assigned to FramebufferTarget but it was failed ret(0)
06-01 04:53:42.606  2920  2920 E display : [PrimaryDisplay] framebuffer target expected, but not provided
06-01 04:53:42.639  2920  2920 E display : VPP should be assigned to FramebufferTarget but it was failed ret(0)
06-01 04:53:42.640  2920  2920 E display : [PrimaryDisplay] framebuffer target expected, but not provided
06-01 04:53:42.656  2920  2920 E display : VPP should be assigned to FramebufferTarget but it was failed ret(0)
06-01 04:53:42.657  2920  2920 E display : [PrimaryDisplay] framebuffer target expected, but not provided
06-01 04:53:42.665  3115  3115 I dex2oat : dex2oat took 2.324s (threads: 8) arena alloc=640B java alloc=7MB native alloc=10MB free=10MB
06-01 04:53:42.690  2920  2920 E display : VPP should be assigned to FramebufferTarget but it was failed ret(0)
06-01 04:53:42.691  2920  2920 E display : [PrimaryDisplay] framebuffer target expected, but not provided
06-01 04:53:42.698  2963  2963 D ICU     : No timezone override file found: /data/misc/zoneinfo/current/icu/icu_tzdata.dat
06-01 04:53:42.724  2920  2920 E display : VPP should be assigned to FramebufferTarget but it was failed ret(0)
06-01 04:53:42.725  2920  2920 E display : [PrimaryDisplay] framebuffer target expected, but not provided
