05-25 06:40:18.160  3996  3996 F DEBUG   :     #12 pc 000000000002df08  /system/lib64/libsurfaceflinger.so
05-25 06:40:18.160  3996  3996 F DEBUG   :     #13 pc 000000000001aed4  /system/lib64/libutils.so (_ZN7android6Looper9pollInnerEi+312)
05-25 06:40:18.160  3996  3996 F DEBUG   :     #14 pc 000000000001b20c  /system/lib64/libutils.so (_ZN7android6Looper8pollOnceEiPiS1_PPv+80)
05-25 06:40:18.160  3996  3996 F DEBUG   :     #15 pc 000000000002a344  /system/lib64/libsurfaceflinger.so
05-25 06:40:18.160  3996  3996 F DEBUG   :     #16 pc 000000000002d9fc  /system/lib64/libsurfaceflinger.so (_ZN7android14SurfaceFlinger3runEv+20)
05-25 06:40:18.160  3996  3996 F DEBUG   :     #17 pc 00000000000011ec  /system/bin/surfaceflinger
05-25 06:40:18.160  3996  3996 F DEBUG   :     #18 pc 000000000001bcd8  /system/lib64/libc.so (__libc_init+100)
05-25 06:40:18.160  3996  3996 F DEBUG   :     #19 pc 000000000000101c  /system/bin/surfaceflinger
05-25 06:40:18.259  3996  3996 F DEBUG   : 
05-25 06:40:18.259  3996  3996 F DEBUG   : Tombstone written to: /data/tombstones/tombstone_04
05-25 06:40:18.279  5260  5260 E Netd    : cannot find interface dummy0
05-25 06:40:18.282  5260  5260 D MDnsDS  : MDnsSdListener::Hander starting up
05-25 06:40:18.283  5260  5583 D MDnsDS  : MDnsSdListener starting to monitor
05-25 06:40:18.283  5260  5583 D MDnsDS  : Going to poll with pollCount 1
05-25 06:40:18.318  5490  5502 D         : NULL == surf->write_back_color_buffer
05-25 06:40:18.318  2895  2895 I ServiceManager: service 'SurfaceFlinger' died
05-25 06:40:18.318  5490  5501 W SurfaceComposerClient: ComposerService remote (surfaceflinger) died [0x7f87063320]
05-25 06:40:18.318  5490  5502 W         : GLES-MALI OOM error: failed to allocate CPU memory (gles_fb_first_drawcall_cb at hardware/samsung_slsi/MaliT880_r9p0_12dev0_JF/product/gles/src/fb/mali_gles_fb_module_api.c:1291)
05-25 06:40:18.318  5490  5501 D BootAnimation: SurfaceFlinger died, exiting...
05-25 06:40:22.409  5588  5588 I Netd    : Netd 1.0 starting
05-25 06:40:22.409  5588  5588 I QtiConnectivityAdapter: Failed to open libconnctrl, some features may not be present.
05-25 06:40:22.409  5588  5588 D TetherController: Setting IP forward enable = 0
05-25 06:40:22.409  2968  2968 W auditd  : type=1325 audit(0.0:1823): table=filter family=2 entries=52
05-25 06:40:22.409  2968  2968 W auditd  : type=1320 audit(0.0:1823): 
05-25 06:40:22.409  2968  2968 W auditd  : type=1325 audit(0.0:1824): table=filter family=10 entries=55
05-25 06:40:22.409  2968  2968 W auditd  : type=1320 audit(0.0:1824): 
05-25 06:40:22.419  2968  2968 W auditd  : type=1325 audit(0.0:1825): table=filter family=2 entries=51
05-25 06:40:22.419  2968  2968 W auditd  : type=1320 audit(0.0:1825): 
05-25 06:40:22.419  2968  2968 W auditd  : type=1325 audit(0.0:1826): table=filter family=10 entries=54
05-25 06:40:22.419  2968  2968 W auditd  : type=1320 audit(0.0:1826): 
05-25 06:40:22.419  2968  2968 W auditd  : type=1325 audit(0.0:1827): table=filter family=2 entries=50
05-25 06:40:22.419  2968  2968 W auditd  : type=1320 audit(0.0:1827): 
05-25 06:40:22.429  2968  2968 W auditd  : type=1325 audit(0.0:1828): table=filter family=10 entries=53
05-25 06:40:22.429  2968  2968 W auditd  : type=1320 audit(0.0:1828): 
05-25 06:40:22.429  2968  2968 W auditd  : type=1325 audit(0.0:1829): table=filter family=2 entries=48
05-25 06:40:22.429  2968  2968 W auditd  : type=1320 audit(0.0:1829): 
05-25 06:40:22.439  2968  2968 W auditd  : type=1325 audit(0.0:1830): table=filter family=10 entries=51
05-25 06:40:22.439  2968  2968 W auditd  : type=1320 audit(0.0:1830): 
05-25 06:40:22.439  2968  2968 W auditd  : type=1325 audit(0.0:1831): table=filter family=2 entries=50
05-25 06:40:22.439  2968  2968 W auditd  : type=1320 audit(0.0:1831): 
05-25 06:40:22.439  2968  2968 W auditd  : type=1325 audit(0.0:1832): table=filter family=10 entries=53
05-25 06:40:22.439  2968  2968 W auditd  : type=1320 audit(0.0:1832): 
05-25 06:40:22.465  5591  5591 V lhd     : GlLhdInterface::Init(/system/etc/lhd.conf)
05-25 06:40:22.465  5591  5591 E lhd     : Failed to read config file "/system/etc/lhd.conf"
05-25 06:40:22.465  5591  5591 E lhd     : ASSERT in GlLhdInterface.cpp:141: Failed to parse config file.
05-25 06:40:22.466  5591  5591 F libc    : Fatal signal 6 (SIGABRT), code -6 in tid 5591 (lhd)
05-25 06:40:22.466  3996  3996 I DEBUG   : property debug.db.uid not set; NOT waiting for gdb.
05-25 06:40:22.466  3996  3996 I DEBUG   : HINT: adb shell setprop debug.db.uid 100000
05-25 06:40:22.466  3996  3996 I DEBUG   : HINT: adb forward tcp:5039 tcp:5039
05-25 06:40:22.567  3996  3996 F DEBUG   : *** *** *** *** *** *** *** *** *** *** *** *** *** *** *** ***
05-25 06:40:22.567  3996  3996 F DEBUG   : Build fingerprint: 'samsung/cm_hero2ltexx/hero2ltexx:6.0.1/MOB30J/04779abd84:eng/test-keys'
05-25 06:40:22.567  3996  3996 F DEBUG   : Revision: '0'
05-25 06:40:22.567  3996  3996 F DEBUG   : ABI: 'arm64'
05-25 06:40:22.567  3996  3996 F DEBUG   : pid: 5591, tid: 5591, name: lhd  >>> /system/bin/lhd <<<
05-25 06:40:22.567  3996  3996 F DEBUG   : signal 6 (SIGABRT), code -6 (SI_TKILL), fault addr --------
05-25 06:40:22.570  3996  3996 F DEBUG   :     x0   0000000000000000  x1   00000000000015d7  x2   0000000000000006  x3   0000000000000000
05-25 06:40:22.570  3996  3996 F DEBUG   :     x4   0000000000000000  x5   0000000000000001  x6   0000000000000000  x7   0000000000000000
05-25 06:40:22.570  3996  3996 F DEBUG   :     x8   0000000000000083  x9   0000007ff6ccf410  x10  00000000ffffffd8  x11  00000000ffffff80
05-25 06:40:22.570  3996  3996 F DEBUG   :     x12  0000007f840c2e10  x13  7772ac4c669f1789  x14  0000007f84066658  x15  0000000000000001
05-25 06:40:22.570  3996  3996 F DEBUG   :     x16  0000007f83c52580  x17  0000007f83be4fcc  x18  00000000ffffffff  x19  0000007f840700d8
05-25 06:40:22.570  3996  3996 F DEBUG   :     x20  0000007f84070018  x21  0000000000000002  x22  0000000000000006  x23  0000007f840a0000
05-25 06:40:22.570  3996  3996 F DEBUG   :     x24  0000007ff6ccfa08  x25  0000007f840c53d0  x26  0000000000000000  x27  0000000000000000
05-25 06:40:22.570  3996  3996 F DEBUG   :     x28  0000000000000000  x29  0000007ff6ccf4e0  x30  0000007f83be2768
05-25 06:40:22.570  3996  3996 F DEBUG   :     sp   0000007ff6ccf4e0  pc   0000007f83be4fd4  pstate 0000000020000000
05-25 06:40:22.573  3996  3996 F DEBUG   : 
05-25 06:40:22.573  3996  3996 F DEBUG   : backtrace:
05-25 06:40:22.573  3996  3996 F DEBUG   :     #00 pc 0000000000068fd4  /system/lib64/libc.so (tgkill+8)
05-25 06:40:22.573  3996  3996 F DEBUG   :     #01 pc 0000000000066764  /system/lib64/libc.so (pthread_kill+68)
05-25 06:40:22.573  3996  3996 F DEBUG   :     #02 pc 0000000000023448  /system/lib64/libc.so (raise+28)
05-25 06:40:22.573  3996  3996 F DEBUG   :     #03 pc 000000000001dbe8  /system/lib64/libc.so (abort+60)
05-25 06:40:22.573  3996  3996 F DEBUG   :     #04 pc 000000000000b5a0  /system/bin/lhd
05-25 06:40:22.574  3996  3996 F DEBUG   :     #05 pc 000000000000b640  /system/bin/lhd
05-25 06:40:22.574  3996  3996 F DEBUG   :     #06 pc 000000000000bec4  /system/bin/lhd
05-25 06:40:22.574  3996  3996 F DEBUG   :     #07 pc 000000000000c2b0  /system/bin/lhd
05-25 06:40:22.574  3996  3996 F DEBUG   :     #08 pc 000000000000965c  /system/bin/lhd (main+64)
05-25 06:40:22.574  3996  3996 F DEBUG   :     #09 pc 000000000001bcd8  /system/lib64/libc.so (__libc_init+100)
05-25 06:40:22.574  3996  3996 F DEBUG   :     #10 pc 00000000000099e8  /system/bin/lhd
05-25 06:40:22.591  5590  5590 I mediaserver: ServiceManager: 0xf684e120
05-25 06:40:22.591  5590  5590 I AudioFlinger: Using default 3000 mSec as standby time.
05-25 06:40:22.591  5590  5590 E BatteryNotifier: batterystats service unavailable!
05-25 06:40:22.591  5590  5590 E BatteryNotifier: batterystats service unavailable!
05-25 06:40:22.592  5590  5590 I CameraService: CameraService started (pid=5590)
05-25 06:40:22.592  5590  5590 I CameraService: CameraService process starting
05-25 06:40:22.592  5590  5590 E BatteryNotifier: batterystats service unavailable!
05-25 06:40:22.592  5590  5590 E BatteryNotifier: batterystats service unavailable!
05-25 06:40:22.592  5590  5590 E CameraService: Could not load camera HAL module: -2 (No such file or directory)
05-25 06:40:22.592  5590  5590 I AudioPolicyService: AudioPolicyService CSTOR in new mode
05-25 06:40:22.593  5590  5590 W APM::HwModule: loadOutput() invalid supported devices
05-25 06:40:22.593  5590  5590 W APM::HwModule: loadOutput() invalid supported devices
05-25 06:40:22.593  5590  5590 W APM::HwModule: loadInput() invalid supported devices
05-25 06:40:22.593  5590  5590 W APM::HwModule: loadInput() invalid supported devices
05-25 06:40:22.593  5590  5590 I APM::ConfigParsingUtils: loadAudioPolicyConfig() loaded /system/etc/audio_policy.conf
05-25 06:40:22.597  3996  3996 F DEBUG   : 
05-25 06:40:22.597  3996  3996 F DEBUG   : Tombstone written to: /data/tombstones/tombstone_05
05-25 06:40:22.616  5637  5637 I SurfaceFlinger: SurfaceFlinger is starting
05-25 06:40:22.616  5637  5637 E SchedPolicy: /system/bin/surfaceflinger add_tid_to_cgroup failed; fd=-1
05-25 06:40:22.616  5637  5637 I SurfaceFlinger: SurfaceFlinger's main thread ready to run. Initializing graphics H/W...
05-25 06:40:22.623  5637  5637 D libEGL  : loaded /vendor/lib64/egl/libGLES_mali.so
05-25 06:40:22.630  5637  5637 I gralloc : using (id=)
05-25 06:40:22.630  5637  5637 I gralloc : xres         = 1440 px
05-25 06:40:22.630  5637  5637 I gralloc : yres         = 2560 px
05-25 06:40:22.630  5637  5637 I gralloc : width        = 68 mm (537.882324 dpi)
05-25 06:40:22.630  5637  5637 I gralloc : height       = 122 mm (532.983582 dpi)
05-25 06:40:22.630  5637  5637 I gralloc : refresh rate = 59.31 Hz
05-25 06:40:22.636  5637  5637 D hwcomposer: using
05-25 06:40:22.636  5637  5637 D hwcomposer: xres         = 1440 px
05-25 06:40:22.636  5637  5637 D hwcomposer: yres         = 2560 px
05-25 06:40:22.636  5637  5637 D hwcomposer: width        = 68 mm (537.882000 dpi)
05-25 06:40:22.636  5637  5637 D hwcomposer: height       = 122 mm (532.983000 dpi)
05-25 06:40:22.636  5637  5637 D hwcomposer: refresh rate = 59 Hz
05-25 06:40:22.636  5637  5637 I hwcomposer: PSR info devname = /sys/devices/13960000.decon_f/psr_info
05-25 06:40:22.636  5637  5637 I hwcomposer: PSR mode is 6(0: video mode, 1: DP PSR mode, 2: MIPI-DSI command mode)
05-25 06:40:22.636  5637  5637 I SurfaceFlinger: Using composer version 1.3
05-25 06:40:22.636  5637  5637 E display : unknown display attribute 6
05-25 06:40:22.636  5637  5637 I SurfaceFlinger: EGL information:
05-25 06:40:22.636  5637  5637 I SurfaceFlinger: vendor    : Android
05-25 06:40:22.636  5637  5637 I SurfaceFlinger: version   : 1.4 Android META-EGL
05-25 06:40:22.636  5637  5637 I SurfaceFlinger: extensions: EGL_KHR_get_all_proc_addresses EGL_ANDROID_presentation_time EGL_KHR_swap_buffers_with_damage EGL_KHR_image EGL_KHR_image_base EGL_KHR_gl_texture_2D_image EGL_KHR_gl_texture_cubemap_image EGL_KHR_gl_renderbuffer_image EGL_KHR_fence_sync EGL_KHR_create_context EGL_KHR_config_attribs EGL_KHR_surfaceless_context EGL_EXT_create_context_robustness EGL_ANDROID_image_native_buffer EGL_KHR_wait_sync EGL_ANDROID_recordable EGL_KHR_partial_update 
05-25 06:40:22.636  5637  5637 I SurfaceFlinger: Client API: OpenGL_ES
05-25 06:40:22.636  5637  5637 I SurfaceFlinger: EGLSurface: 8-8-8-8, config=0x7f8f4bb128
05-25 06:40:22.636  5637  5637 D         : ro.exynos.dss isEnabled: 0
05-25 06:40:22.639  5637  5637 I SurfaceFlinger: OpenGL ES informations:
05-25 06:40:22.639  5637  5637 I SurfaceFlinger: vendor    : ARM
05-25 06:40:22.639  5637  5637 I SurfaceFlinger: renderer  : Mali-T880
05-25 06:40:22.639  5637  5637 I SurfaceFlinger: version   : OpenGL ES 3.1 v1.r9p0-12dev0.c2bae768d87bf40047e1f310c8de7f16
05-25 06:40:22.639  5637  5637 I SurfaceFlinger: extensions: GL_EXT_debug_marker GL_ARM_rgba8 GL_ARM_mali_shader_binary GL_OES_depth24 GL_OES_depth_texture GL_OES_depth_texture_cube_map GL_OES_packed_depth_stencil GL_OES_rgb8_rgba8 GL_EXT_read_format_bgra GL_OES_compressed_paletted_texture GL_OES_compressed_ETC1_RGB8_texture GL_OES_standard_derivatives GL_OES_EGL_image GL_OES_EGL_image_external GL_OES_EGL_sync GL_OES_texture_npot GL_OES_vertex_half_float GL_OES_required_internalformat GL_OES_vertex_array_object GL_OES_mapbuffer GL_EXT_texture_format_BGRA8888 GL_EXT_texture_rg GL_EXT_texture_type_2_10_10_10_REV GL_OES_fbo_render_mipmap GL_OES_element_index_uint GL_EXT_shadow_samplers GL_OES_texture_compression_astc GL_KHR_texture_compression_astc_ldr GL_KHR_texture_compression_astc_hdr GL_KHR_debug GL_EXT_occlusion_query_boolean GL_EXT_disjoint_timer_query GL_EXT_blend_minmax GL_EXT_discard_framebuffer GL_OES_get_program_binary GL_OES_texture_3D GL_EXT_texture_storage GL_EXT_multisampled_render_to_texture GL_OES_surfaceless_context GL_OES_texture_stencil8 G
05-25 06:40:22.639  5637  5637 I SurfaceFlinger: GL_MAX_TEXTURE_SIZE = 8192
05-25 06:40:22.639  5637  5637 I SurfaceFlinger: GL_MAX_VIEWPORT_DIMS = 8192
05-25 06:40:22.639  5637  5637 D mali_winsys: new_window_surface returns 0x3000,  [1440x2560]-format:1
05-25 06:40:22.641  5637  5637 D SurfaceFlinger: Set power mode=2, type=0 flinger=0x7f8f483c00
05-25 06:40:22.661  5592  5592 D AndroidRuntime: >>>>>> START com.android.internal.os.ZygoteInit uid 0 <<<<<<
05-25 06:40:22.663  5592  5592 D AndroidRuntime: CheckJNI is ON
05-25 06:40:22.664  5592  5592 I art     : option[0]=-Xzygote
05-25 06:40:22.664  5592  5592 I art     : option[1]=-Xcheck:jni
05-25 06:40:22.664  5592  5592 I art     : option[2]=-Xstacktracefile:/data/anr/traces.txt
05-25 06:40:22.664  5592  5592 I art     : option[3]=exit
05-25 06:40:22.664  5592  5592 I art     : option[4]=vfprintf
05-25 06:40:22.664  5592  5592 I art     : option[5]=sensitiveThread
05-25 06:40:22.664  5592  5592 I art     : option[6]=-verbose:gc
05-25 06:40:22.664  5592  5592 I art     : option[7]=-Xms8m
05-25 06:40:22.664  5592  5592 I art     : option[8]=-Xmx512m
05-25 06:40:22.664  5592  5592 I art     : option[9]=-XX:HeapGrowthLimit=256m
05-25 06:40:22.664  5592  5592 I art     : option[10]=-XX:HeapMinFree=2m
05-25 06:40:22.664  5592  5592 I art     : option[11]=-XX:HeapMaxFree=8m
05-25 06:40:22.664  5592  5592 I art     : option[12]=-XX:HeapTargetUtilization=0.75
05-25 06:40:22.664  5592  5592 I art     : option[13]=-Xusejit:true
05-25 06:40:22.664  5592  5592 I art     : option[14]=-agentlib:jdwp=transport=dt_android_adb,suspend=n,server=y
05-25 06:40:22.664  5592  5592 I art     : option[15]=-Xlockprofthreshold:500
05-25 06:40:22.664  5592  5592 I art     : option[16]=-Ximage-compiler-option
05-25 06:40:22.664  5592  5592 I art     : option[17]=--runtime-arg
05-25 06:40:22.664  5592  5592 I art     : option[18]=-Ximage-compiler-option
05-25 06:40:22.664  5592  5592 I art     : option[19]=-Xms64m
05-25 06:40:22.664  5592  5592 I art     : option[20]=-Ximage-compiler-option
05-25 06:40:22.664  5592  5592 I art     : option[21]=--runtime-arg
05-25 06:40:22.664  5592  5592 I art     : option[22]=-Ximage-compiler-option
05-25 06:40:22.664  5592  5592 I art     : option[23]=-Xmx64m
05-25 06:40:22.664  5592  5592 I art     : option[24]=-Ximage-compiler-option
05-25 06:40:22.664  5592  5592 I art     : option[25]=--compiler-filter=verify-at-runtime
05-25 06:40:22.664  5592  5592 I art     : option[26]=-Ximage-compiler-option
05-25 06:40:22.664  5592  5592 I art     : option[27]=--image-classes=/system/etc/preloaded-classes
05-25 06:40:22.664  5592  5592 I art     : option[28]=-Xcompiler-option
05-25 06:40:22.664  5592  5592 I art     : option[29]=--runtime-arg
05-25 06:40:22.664  5592  5592 I art     : option[30]=-Xcompiler-option
05-25 06:40:22.664  5592  5592 I art     : option[31]=-Xms64m
05-25 06:40:22.664  5592  5592 I art     : option[32]=-Xcompiler-option
05-25 06:40:22.664  5592  5592 I art     : option[33]=--runtime-arg
05-25 06:40:22.664  5592  5592 I art     : option[34]=-Xcompiler-option
05-25 06:40:22.664  5592  5592 I art     : option[35]=-Xmx512m
05-25 06:40:22.664  5592  5592 I art     : option[36]=-Xcompiler-option
05-25 06:40:22.664  5592  5592 I art     : option[37]=--compiler-filter=verify-at-runtime
05-25 06:40:22.664  5592  5592 I art     : option[38]=-Ximage-compiler-option
05-25 06:40:22.664  5592  5592 I art     : option[39]=--instruction-set-variant=generic
05-25 06:40:22.664  5592  5592 I art     : option[40]=-Xcompiler-option
05-25 06:40:22.664  5592  5592 I art     : option[41]=--instruction-set-variant=generic
05-25 06:40:22.664  5592  5592 I art     : option[42]=-Ximage-compiler-option
05-25 06:40:22.664  5592  5592 I art     : option[43]=--instruction-set-features=default
05-25 06:40:22.664  5592  5592 I art     : option[44]=-Xcompiler-option
05-25 06:40:22.664  5592  5592 I art     : option[45]=--instruction-set-features=default
05-25 06:40:22.664  5592  5592 I art     : option[46]=-Duser.locale=en-US
05-25 06:40:22.664  5592  5592 I art     : option[47]=--cpu-abilist=arm64-v8a,armeabi
05-25 06:40:22.664  5592  5592 I art     : option[48]=-Xfingerprint:samsung/cm_hero2ltexx/hero2ltexx:6.0.1/MOB30J/04779abd84:eng/test-keys
05-25 06:40:22.689  5592  5592 D ICU     : No timezone override file found: /data/misc/zoneinfo/current/icu/icu_tzdata.dat
05-25 06:40:22.804  5637  5637 D SurfaceFlinger: SF. shader cache generated - 26 shaders in 120.024078 ms
05-25 06:40:22.810  5637  5637 E display : ioctl S3CFB_WIN_CONFIG failed: Not a typewriter
05-25 06:40:22.810  5637  5637 F display : ioctl S3CFB_WIN_CONFIG failed to clear screen: Not a typewriter
05-25 06:40:22.810  5637  5637 F libc    : Fatal signal 6 (SIGABRT), code -6 in tid 5637 (surfaceflinger)
05-25 06:40:22.811  3996  3996 I DEBUG   : property debug.db.uid not set; NOT waiting for gdb.
05-25 06:40:22.811  3996  3996 I DEBUG   : HINT: adb shell setprop debug.db.uid 100000
05-25 06:40:22.811  3996  3996 I DEBUG   : HINT: adb forward tcp:5039 tcp:5039
05-25 06:40:22.829  5592  5592 I Radio-JNI: register_android_hardware_Radio DONE
05-25 06:40:22.862  3996  3996 F DEBUG   : *** *** *** *** *** *** *** *** *** *** *** *** *** *** *** ***
05-25 06:40:22.862  3996  3996 F DEBUG   : Build fingerprint: 'samsung/cm_hero2ltexx/hero2ltexx:6.0.1/MOB30J/04779abd84:eng/test-keys'
05-25 06:40:22.862  3996  3996 F DEBUG   : Revision: '0'
05-25 06:40:22.862  3996  3996 F DEBUG   : ABI: 'arm64'
05-25 06:40:22.862  3996  3996 F DEBUG   : pid: 5637, tid: 5637, name: surfaceflinger  >>> /system/bin/surfaceflinger <<<
05-25 06:40:22.863  3996  3996 F DEBUG   : signal 6 (SIGABRT), code -6 (SI_TKILL), fault addr --------
05-25 06:40:22.872  5592  5592 I SamplingProfilerIntegration: Profiling disabled.
05-25 06:40:22.873  5592  5592 D Zygote  : begin preload
05-25 06:40:22.875  5592  5592 I Zygote  : Preloading classes...
05-25 06:40:22.880  3996  3996 F DEBUG   : Abort message: 'ioctl S3CFB_WIN_CONFIG failed to clear screen: Not a typewriter'
05-25 06:40:22.880  3996  3996 F DEBUG   :     x0   0000000000000000  x1   0000000000001605  x2   0000000000000006  x3   0000000000000000
05-25 06:40:22.880  3996  3996 F DEBUG   :     x4   0000000000000000  x5   0000000000000001  x6   0000000000000000  x7   0000000000000000
05-25 06:40:22.880  3996  3996 F DEBUG   :     x8   0000000000000083  x9   0000000000000049  x10  0000007fc70f522c  x11  0000007fc70f5268
05-25 06:40:22.880  3996  3996 F DEBUG   :     x12  0000007fc70f5140  x13  0000000000000040  x14  0000007fc70f5318  x15  0000000000000000
05-25 06:40:22.880  3996  3996 F DEBUG   :     x16  0000007f8fa2a580  x17  0000007f8f9bcfcc  x18  0000007f8fbdcf00  x19  0000007f8fcd10d8
05-25 06:40:22.880  3996  3996 F DEBUG   :     x20  0000007f8fcd1018  x21  0000000000000019  x22  0000000000000006  x23  00000000ffffffff
05-25 06:40:22.880  3996  3996 F DEBUG   :     x24  0000007f8c98b000  x25  0000000000000018  x26  0000007f8f49d820  x27  0000007f8fc57000
05-25 06:40:22.880  3996  3996 F DEBUG   :     x28  0000000000000001  x29  0000007fc70f51d0  x30  0000007f8f9ba768
05-25 06:40:22.880  3996  3996 F DEBUG   :     sp   0000007fc70f51d0  pc   0000007f8f9bcfd4  pstate 0000000020000000
05-25 06:40:22.897  3996  3996 F DEBUG   : 
05-25 06:40:22.897  3996  3996 F DEBUG   : backtrace:
05-25 06:40:22.897  3996  3996 F DEBUG   :     #00 pc 0000000000068fd4  /system/lib64/libc.so (tgkill+8)
05-25 06:40:22.898  3996  3996 F DEBUG   :     #01 pc 0000000000066764  /system/lib64/libc.so (pthread_kill+68)
05-25 06:40:22.898  3996  3996 F DEBUG   :     #02 pc 0000000000023448  /system/lib64/libc.so (raise+28)
05-25 06:40:22.898  3996  3996 F DEBUG   :     #03 pc 000000000001dbe8  /system/lib64/libc.so (abort+60)
05-25 06:40:22.898  3996  3996 F DEBUG   :     #04 pc 0000000000003a7c  /system/lib64/liblog.so (__android_log_assert+236)
05-25 06:40:22.898  3996  3996 F DEBUG   :     #05 pc 00000000000036c4  /system/lib64/libdisplay.so (_ZN20ExynosOverlayDisplay12clearDisplayEv+124)
05-25 06:40:22.898  3996  3996 F DEBUG   :     #06 pc 0000000000003758  /system/lib64/libdisplay.so (_ZN20ExynosOverlayDisplay3setEP22hwc_display_contents_1+144)
05-25 06:40:22.898  3996  3996 F DEBUG   :     #07 pc 0000000000002318  /system/lib64/hw/hwcomposer.exynos5.so (_Z11exynos5_setP21hwc_composer_device_1mPP22hwc_display_contents_1+68)
05-25 06:40:22.898  3996  3996 F DEBUG   :     #08 pc 000000000003cf5c  /system/lib64/libsurfaceflinger.so
05-25 06:40:22.898  3996  3996 F DEBUG   :     #09 pc 000000000002fc74  /system/lib64/libsurfaceflinger.so
05-25 06:40:22.898  3996  3996 F DEBUG   :     #10 pc 000000000002f300  /system/lib64/libsurfaceflinger.so
05-25 06:40:22.898  3996  3996 F DEBUG   :     #11 pc 000000000002e1a0  /system/lib64/libsurfaceflinger.so
05-25 06:40:22.898  3996  3996 F DEBUG   :     #12 pc 000000000002df08  /system/lib64/libsurfaceflinger.so
05-25 06:40:22.898  3996  3996 F DEBUG   :     #13 pc 000000000001aed4  /system/lib64/libutils.so (_ZN7android6Looper9pollInnerEi+312)
05-25 06:40:22.898  3996  3996 F DEBUG   :     #14 pc 000000000001b20c  /system/lib64/libutils.so (_ZN7android6Looper8pollOnceEiPiS1_PPv+80)
05-25 06:40:22.898  3996  3996 F DEBUG   :     #15 pc 000000000002a344  /system/lib64/libsurfaceflinger.so
05-25 06:40:22.898  3996  3996 F DEBUG   :     #16 pc 000000000002d9fc  /system/lib64/libsurfaceflinger.so (_ZN7android14SurfaceFlinger3runEv+20)
05-25 06:40:22.898  3996  3996 F DEBUG   :     #17 pc 00000000000011ec  /system/bin/surfaceflinger
05-25 06:40:22.898  3996  3996 F DEBUG   :     #18 pc 000000000001bcd8  /system/lib64/libc.so (__libc_init+100)
05-25 06:40:22.898  3996  3996 F DEBUG   :     #19 pc 000000000000101c  /system/bin/surfaceflinger
05-25 06:40:22.996  3996  3996 F DEBUG   : 
05-25 06:40:22.996  3996  3996 F DEBUG   : Tombstone written to: /data/tombstones/tombstone_06
05-25 06:40:23.068  2895  2895 I ServiceManager: service 'SurfaceFlinger' died
05-25 06:40:23.068  5663  5671 E SurfaceControl: invalid handle (0x0) or client (0x7face9c640)
05-25 06:40:23.068  5663  5669 W SurfaceComposerClient: ComposerService remote (surfaceflinger) died [0x7facea3320]
05-25 06:40:23.068  5663  5669 D BootAnimation: SurfaceFlinger died, exiting...
05-25 06:40:23.088  2895  2895 I ServiceManager: service 'media.audio_flinger' died
05-25 06:40:23.088  2895  2895 I ServiceManager: service 'media.player' died
05-25 06:40:23.088  2895  2895 I ServiceManager: service 'media.resource_manager' died
05-25 06:40:23.088  2895  2895 I ServiceManager: service 'media.camera' died
05-25 06:40:27.120  5746  5746 I Netd    : Netd 1.0 starting
05-25 06:40:27.120  5746  5746 I QtiConnectivityAdapter: Failed to open libconnctrl, some features may not be present.
05-25 06:40:27.120  5746  5746 D TetherController: Setting IP forward enable = 0
05-25 06:40:27.119  2968  2968 W auditd  : type=1325 audit(0.0:1934): table=filter family=2 entries=49
05-25 06:40:27.119  2968  2968 W auditd  : type=1320 audit(0.0:1934): 
05-25 06:40:27.129  2968  2968 W auditd  : type=1325 audit(0.0:1935): table=filter family=10 entries=53
05-25 06:40:27.129  2968  2968 W auditd  : type=1320 audit(0.0:1935): 
05-25 06:40:27.147  5749  5749 V lhd     : GlLhdInterface::Init(/system/etc/lhd.conf)
05-25 06:40:27.147  5749  5749 E lhd     : Failed to read config file "/system/etc/lhd.conf"
05-25 06:40:27.147  5749  5749 E lhd     : ASSERT in GlLhdInterface.cpp:141: Failed to parse config file.
05-25 06:40:27.147  5749  5749 F libc    : Fatal signal 6 (SIGABRT), code -6 in tid 5749 (lhd)
05-25 06:40:27.148  3996  3996 I DEBUG   : property debug.db.uid not set; NOT waiting for gdb.
05-25 06:40:27.148  3996  3996 I DEBUG   : HINT: adb shell setprop debug.db.uid 100000
05-25 06:40:27.148  3996  3996 I DEBUG   : HINT: adb forward tcp:5039 tcp:5039
05-25 06:40:27.139  2968  2968 W auditd  : type=1325 audit(0.0:1936): table=filter family=2 entries=48
05-25 06:40:27.139  2968  2968 W auditd  : type=1320 audit(0.0:1936): 
05-25 06:40:27.139  2968  2968 W auditd  : type=1325 audit(0.0:1937): table=filter family=10 entries=52
05-25 06:40:27.139  2968  2968 W auditd  : type=1320 audit(0.0:1937): 
05-25 06:40:27.149  2968  2968 W auditd  : type=1325 audit(0.0:1938): table=filter family=2 entries=48
05-25 06:40:27.149  2968  2968 W auditd  : type=1320 audit(0.0:1938): 
05-25 06:40:27.149  2968  2968 W auditd  : type=1325 audit(0.0:1939): table=filter family=10 entries=52
05-25 06:40:27.149  2968  2968 W auditd  : type=1320 audit(0.0:1939): 
05-25 06:40:27.159  2968  2968 W auditd  : type=1325 audit(0.0:1940): table=filter family=2 entries=46
05-25 06:40:27.159  2968  2968 W auditd  : type=1320 audit(0.0:1940): 
05-25 06:40:27.159  2968  2968 W auditd  : type=1325 audit(0.0:1941): table=filter family=10 entries=50
05-25 06:40:27.159  2968  2968 W auditd  : type=1320 audit(0.0:1941): 
05-25 06:40:27.169  2968  2968 W auditd  : type=1325 audit(0.0:1942): table=filter family=2 entries=48
05-25 06:40:27.169  2968  2968 W auditd  : type=1320 audit(0.0:1942): 
05-25 06:40:27.169  2968  2968 W auditd  : type=1325 audit(0.0:1943): table=filter family=10 entries=52
05-25 06:40:27.169  2968  2968 W auditd  : type=1320 audit(0.0:1943): 
05-25 06:40:27.198  3996  3996 F DEBUG   : *** *** *** *** *** *** *** *** *** *** *** *** *** *** *** ***
05-25 06:40:27.198  3996  3996 F DEBUG   : Build fingerprint: 'samsung/cm_hero2ltexx/hero2ltexx:6.0.1/MOB30J/04779abd84:eng/test-keys'
05-25 06:40:27.198  3996  3996 F DEBUG   : Revision: '0'
05-25 06:40:27.198  3996  3996 F DEBUG   : ABI: 'arm64'
05-25 06:40:27.198  3996  3996 F DEBUG   : pid: 5749, tid: 5749, name: lhd  >>> /system/bin/lhd <<<
05-25 06:40:27.198  3996  3996 F DEBUG   : signal 6 (SIGABRT), code -6 (SI_TKILL), fault addr --------
05-25 06:40:27.200  3996  3996 F DEBUG   :     x0   0000000000000000  x1   0000000000001675  x2   0000000000000006  x3   0000000000000000
05-25 06:40:27.200  3996  3996 F DEBUG   :     x4   0000000000000000  x5   0000000000000001  x6   0000000000000000  x7   0000000000000000
05-25 06:40:27.200  3996  3996 F DEBUG   :     x8   0000000000000083  x9   0000007ff6282190  x10  00000000ffffffd8  x11  00000000ffffff80
05-25 06:40:27.200  3996  3996 F DEBUG   :     x12  0000007f8eed6e10  x13  2cefe97db40c1eb1  x14  0000007f8ee7a658  x15  0000000000000001
05-25 06:40:27.200  3996  3996 F DEBUG   :     x16  0000007f8ea66580  x17  0000007f8e9f8fcc  x18  00000000ffffffff  x19  0000007f8ee840d8
05-25 06:40:27.200  3996  3996 F DEBUG   :     x20  0000007f8ee84018  x21  0000000000000002  x22  0000000000000006  x23  0000007f8eeb4000
05-25 06:40:27.200  3996  3996 F DEBUG   :     x24  0000007ff6282788  x25  0000007f8eed93d0  x26  0000000000000000  x27  0000000000000000
05-25 06:40:27.200  3996  3996 F DEBUG   :     x28  0000000000000000  x29  0000007ff6282260  x30  0000007f8e9f6768
05-25 06:40:27.200  3996  3996 F DEBUG   :     sp   0000007ff6282260  pc   0000007f8e9f8fd4  pstate 0000000020000000
05-25 06:40:27.203  3996  3996 F DEBUG   : 
05-25 06:40:27.203  3996  3996 F DEBUG   : backtrace:
05-25 06:40:27.203  3996  3996 F DEBUG   :     #00 pc 0000000000068fd4  /system/lib64/libc.so (tgkill+8)
05-25 06:40:27.203  3996  3996 F DEBUG   :     #01 pc 0000000000066764  /system/lib64/libc.so (pthread_kill+68)
05-25 06:40:27.203  3996  3996 F DEBUG   :     #02 pc 0000000000023448  /system/lib64/libc.so (raise+28)
05-25 06:40:27.203  3996  3996 F DEBUG   :     #03 pc 000000000001dbe8  /system/lib64/libc.so (abort+60)
05-25 06:40:27.203  3996  3996 F DEBUG   :     #04 pc 000000000000b5a0  /system/bin/lhd
05-25 06:40:27.203  3996  3996 F DEBUG   :     #05 pc 000000000000b640  /system/bin/lhd
05-25 06:40:27.203  3996  3996 F DEBUG   :     #06 pc 000000000000bec4  /system/bin/lhd
05-25 06:40:27.203  3996  3996 F DEBUG   :     #07 pc 000000000000c2b0  /system/bin/lhd
05-25 06:40:27.203  3996  3996 F DEBUG   :     #08 pc 000000000000965c  /system/bin/lhd (main+64)
05-25 06:40:27.203  3996  3996 F DEBUG   :     #09 pc 000000000001bcd8  /system/lib64/libc.so (__libc_init+100)
05-25 06:40:27.203  3996  3996 F DEBUG   :     #10 pc 00000000000099e8  /system/bin/lhd
05-25 06:40:27.223  3996  3996 F DEBUG   : 
05-25 06:40:27.223  3996  3996 F DEBUG   : Tombstone written to: /data/tombstones/tombstone_07
05-25 06:40:27.240  5748  5748 I mediaserver: ServiceManager: 0xf624e120
05-25 06:40:27.240  5748  5748 I AudioFlinger: Using default 3000 mSec as standby time.
05-25 06:40:27.241  5748  5748 E BatteryNotifier: batterystats service unavailable!
05-25 06:40:27.241  5748  5748 E BatteryNotifier: batterystats service unavailable!
05-25 06:40:27.241  5748  5748 I CameraService: CameraService started (pid=5748)
05-25 06:40:27.241  5748  5748 I CameraService: CameraService process starting
05-25 06:40:27.241  5748  5748 E BatteryNotifier: batterystats service unavailable!
05-25 06:40:27.242  5748  5748 E BatteryNotifier: batterystats service unavailable!
05-25 06:40:27.242  5748  5748 E CameraService: Could not load camera HAL module: -2 (No such file or directory)
05-25 06:40:27.242  5748  5748 I AudioPolicyService: AudioPolicyService CSTOR in new mode
05-25 06:40:27.242  5748  5748 W APM::HwModule: loadOutput() invalid supported devices
05-25 06:40:27.242  5748  5748 W APM::HwModule: loadOutput() invalid supported devices
05-25 06:40:27.242  5748  5748 W APM::HwModule: loadInput() invalid supported devices
05-25 06:40:27.243  5748  5748 W APM::HwModule: loadInput() invalid supported devices
05-25 06:40:27.243  5748  5748 I APM::ConfigParsingUtils: loadAudioPolicyConfig() loaded /system/etc/audio_policy.conf
05-25 06:40:27.332  5750  5750 D AndroidRuntime: >>>>>> START com.android.internal.os.ZygoteInit uid 0 <<<<<<
05-25 06:40:27.334  5750  5750 D AndroidRuntime: CheckJNI is ON
05-25 06:40:27.335  5750  5750 I art     : option[0]=-Xzygote
05-25 06:40:27.335  5750  5750 I art     : option[1]=-Xcheck:jni
05-25 06:40:27.335  5750  5750 I art     : option[2]=-Xstacktracefile:/data/anr/traces.txt
05-25 06:40:27.335  5750  5750 I art     : option[3]=exit
05-25 06:40:27.335  5750  5750 I art     : option[4]=vfprintf
05-25 06:40:27.335  5750  5750 I art     : option[5]=sensitiveThread
05-25 06:40:27.335  5750  5750 I art     : option[6]=-verbose:gc
05-25 06:40:27.335  5750  5750 I art     : option[7]=-Xms8m
05-25 06:40:27.335  5750  5750 I art     : option[8]=-Xmx512m
05-25 06:40:27.335  5750  5750 I art     : option[9]=-XX:HeapGrowthLimit=256m
05-25 06:40:27.335  5750  5750 I art     : option[10]=-XX:HeapMinFree=2m
05-25 06:40:27.335  5750  5750 I art     : option[11]=-XX:HeapMaxFree=8m
05-25 06:40:27.335  5750  5750 I art     : option[12]=-XX:HeapTargetUtilization=0.75
05-25 06:40:27.335  5750  5750 I art     : option[13]=-Xusejit:true
05-25 06:40:27.335  5750  5750 I art     : option[14]=-agentlib:jdwp=transport=dt_android_adb,suspend=n,server=y
05-25 06:40:27.335  5750  5750 I art     : option[15]=-Xlockprofthreshold:500
05-25 06:40:27.335  5750  5750 I art     : option[16]=-Ximage-compiler-option
05-25 06:40:27.335  5750  5750 I art     : option[17]=--runtime-arg
05-25 06:40:27.335  5750  5750 I art     : option[18]=-Ximage-compiler-option
05-25 06:40:27.335  5750  5750 I art     : option[19]=-Xms64m
05-25 06:40:27.335  5750  5750 I art     : option[20]=-Ximage-compiler-option
05-25 06:40:27.335  5750  5750 I art     : option[21]=--runtime-arg
05-25 06:40:27.335  5750  5750 I art     : option[22]=-Ximage-compiler-option
05-25 06:40:27.335  5750  5750 I art     : option[23]=-Xmx64m
05-25 06:40:27.335  5750  5750 I art     : option[24]=-Ximage-compiler-option
05-25 06:40:27.335  5750  5750 I art     : option[25]=--compiler-filter=verify-at-runtime
05-25 06:40:27.335  5750  5750 I art     : option[26]=-Ximage-compiler-option
05-25 06:40:27.335  5750  5750 I art     : option[27]=--image-classes=/system/etc/preloaded-classes
05-25 06:40:27.335  5750  5750 I art     : option[28]=-Xcompiler-option
05-25 06:40:27.335  5750  5750 I art     : option[29]=--runtime-arg
05-25 06:40:27.335  5750  5750 I art     : option[30]=-Xcompiler-option
05-25 06:40:27.335  5750  5750 I art     : option[31]=-Xms64m
05-25 06:40:27.335  5750  5750 I art     : option[32]=-Xcompiler-option
05-25 06:40:27.335  5750  5750 I art     : option[33]=--runtime-arg
05-25 06:40:27.335  5750  5750 I art     : option[34]=-Xcompiler-option
05-25 06:40:27.335  5750  5750 I art     : option[35]=-Xmx512m
05-25 06:40:27.335  5750  5750 I art     : option[36]=-Xcompiler-option
05-25 06:40:27.335  5750  5750 I art     : option[37]=--compiler-filter=verify-at-runtime
05-25 06:40:27.335  5750  5750 I art     : option[38]=-Ximage-compiler-option
05-25 06:40:27.335  5750  5750 I art     : option[39]=--instruction-set-variant=generic
05-25 06:40:27.335  5750  5750 I art     : option[40]=-Xcompiler-option
05-25 06:40:27.335  5750  5750 I art     : option[41]=--instruction-set-variant=generic
05-25 06:40:27.335  5750  5750 I art     : option[42]=-Ximage-compiler-option
05-25 06:40:27.335  5750  5750 I art     : option[43]=--instruction-set-features=default
05-25 06:40:27.335  5750  5750 I art     : option[44]=-Xcompiler-option
05-25 06:40:27.335  5750  5750 I art     : option[45]=--instruction-set-features=default
05-25 06:40:27.335  5750  5750 I art     : option[46]=-Duser.locale=en-US
05-25 06:40:27.335  5750  5750 I art     : option[47]=--cpu-abilist=arm64-v8a,armeabi
05-25 06:40:27.335  5750  5750 I art     : option[48]=-Xfingerprint:samsung/cm_hero2ltexx/hero2ltexx:6.0.1/MOB30J/04779abd84:eng/test-keys
05-25 06:40:27.360  5750  5750 D ICU     : No timezone override file found: /data/misc/zoneinfo/current/icu/icu_tzdata.dat
05-25 06:40:27.489  5750  5750 I Radio-JNI: register_android_hardware_Radio DONE
05-25 06:40:27.532  5750  5750 I SamplingProfilerIntegration: Profiling disabled.
05-25 06:40:27.533  5750  5750 D Zygote  : begin preload
05-25 06:40:27.534  5750  5750 I Zygote  : Preloading classes...
05-25 06:40:27.786  5748  5748 I AudioFlinger: loadHwModule() Loaded primary audio interface from Samsung audio HW HAL (audio) handle 1
05-25 06:40:27.787  5748  5748 I AudioFlinger: openOutput(), module 1 Device 2, SamplingRate 48000, Format 0x000001, Channels 3, flags a
05-25 06:40:27.787  5748  5748 I AudioFlinger: AudioStreamOut::open(), mHalFormatIsLinearPcm = 1
05-25 06:40:27.787  5748  5748 I AudioFlinger: HAL output buffer size 1024 frames, normal sink buffer size 1024 frames
05-25 06:40:27.788  5748  5748 W EffectsFactory: loadLibrary() failed to open /system/lib/soundfx/libaudioeffectoffload.so
05-25 06:40:27.788  5748  5748 W EffectsFactory: loadLibrary() failed to open /system/lib/soundfx/libexynosvisualizer.so
05-25 06:40:27.790  5748  5748 W EffectsFactory: loadLibrary() failed to open /system/lib/libmysound.so
05-25 06:40:27.790  5748  5748 W EffectsFactory: loadLibrary() failed to open /system/lib/soundfx/libmyspace.so
05-25 06:40:27.790  5748  5748 W EffectsFactory: loadLibrary() failed to open /system/lib/libaudiosa.so
05-25 06:40:27.790  5748  5748 W EffectsFactory: loadLibrary() failed to open /system/lib/soundfx/libaudiosaplus_sec.so
05-25 06:40:27.790  5748  5748 W EffectsFactory: loadLibrary() failed to open /system/lib/libsamsungSoundbooster_plus.so
05-25 06:40:27.790  5748  5748 W EffectsFactory: loadEffect() could not get library soundbooster_plus
05-25 06:40:27.790  5748  5748 W EffectsFactory: addSubEffect() could not get library soundalive_sec
05-25 06:40:27.790  5748  5748 W EffectsFactory: loadEffect() could not add subEffect 
05-25 06:40:27.791  5748  5748 W EffectsFactory: loadEffect() could not get library soundalive
05-25 06:40:27.791  5748  5748 W EffectsFactory: loadEffect() could not get library soundalive
05-25 06:40:27.791  5748  5748 W EffectsFactory: loadEffect() could not get library soundalive
05-25 06:40:27.791  5748  5748 W EffectsFactory: addSubEffect() could not get library visualizer_hw
05-25 06:40:27.791  5748  5748 W EffectsFactory: loadEffect() could not add subEffect 
05-25 06:40:27.791  5748  5748 W EffectsFactory: addSubEffect() could not get library mysound
05-25 06:40:27.791  5748  5748 W EffectsFactory: loadEffect() could not add subEffect 
05-25 06:40:27.791  5748  5748 W EffectsFactory: addSubEffect() could not get library myspace
05-25 06:40:27.791  5748  5748 W EffectsFactory: loadEffect() could not add subEffect 
05-25 06:40:27.791  5748  5748 I BufferProvider: found effect "Multichannel Downmix To Stereo" from The Android Open Source Project
05-25 06:40:27.791  5748  5748 I AudioFlinger: Using module 1 has the primary audio interface
05-25 06:40:27.791  5748  5906 I AudioFlinger: AudioFlinger's thread 0xf4600000 ready to run
05-25 06:40:27.791  5748  5906 V audio_hw_primary: out_set_parameters: key value pairs: routing=2
05-25 06:40:27.791  5748  5906 V audio_hw_primary: do_out_standby: output standby: 1
05-25 06:40:27.792  5748  5906 E AudioFlinger: no wake lock to update!
05-25 06:40:27.793  5748  5748 I AudioFlinger: openOutput(), module 1 Device 2, SamplingRate 48000, Format 0x000001, Channels 3, flags 4
05-25 06:40:27.793  5748  5748 I AudioFlinger: AudioStreamOut::open(), mHalFormatIsLinearPcm = 1
05-25 06:40:27.793  5748  5748 I AudioFlinger: HAL output buffer size 256 frames, normal sink buffer size 960 frames
05-25 06:40:27.793  5748  5748 E MonoPipe: Failed to fetch local time frequency when constructing a MonoPipe (res = -32).  getNextWriteTimestamp calls will be non-functional
05-25 06:40:27.793  5748  5908 I AudioFlinger: AudioFlinger's thread 0xf4280000 ready to run
05-25 06:40:27.793  5748  5908 V audio_hw_primary: do_out_standby: output standby: 1
05-25 06:40:27.793  5748  5908 V audio_hw_primary: out_set_parameters: key value pairs: routing=2
05-25 06:40:27.793  5748  5908 E AudioFlinger: no wake lock to update!
05-25 06:40:27.795  5748  5748 V audio_hw_primary: adev_open_input_stream: Requesting input stream with rate: 48000, channels: 0xc
05-25 06:40:27.795  5748  5911 I AudioFlinger: AudioFlinger's thread 0xf3f80000 ready to run
05-25 06:40:27.796  5748  5748 I bt_a2dp_hw: adev_open:  adev_open in A2dp_hw module
05-25 06:40:27.796  5748  5748 I AudioFlinger: loadHwModule() Loaded a2dp audio interface from A2DP Audio HW HAL (audio) handle 5
05-25 06:40:27.796  5748  5748 I AudioFlinger: loadHwModule() Loaded usb audio interface from USB audio HW HAL (audio) handle 6
05-25 06:40:27.797  5748  5748 I r_submix: adev_open(name=audio_hw_if)
05-25 06:40:27.797  5748  5748 I r_submix: adev_init_check()
05-25 06:40:27.797  5748  5748 I AudioFlinger: loadHwModule() Loaded r_submix audio interface from Wifi Display audio HAL (audio) handle 7
05-25 06:40:27.797  5748  5748 D r_submix: adev_open_input_stream(addr=0)
05-25 06:40:27.797  5748  5748 D r_submix: submix_audio_device_create_pipe_l(addr=0, idx=9)
05-25 06:40:27.797  5748  5748 D r_submix:   now using address 0 for route 9
05-25 06:40:27.797  5748  5912 I AudioFlinger: AudioFlinger's thread 0xf3f00000 ready to run
05-25 06:40:27.797  5748  5748 D r_submix: adev_close_input_stream()
05-25 06:40:27.797  5748  5748 D r_submix: submix_audio_device_release_pipe_l(idx=9) addr=0
05-25 06:40:27.797  5748  5748 D r_submix: submix_audio_device_destroy_pipe_l(): pipe destroyed
05-25 06:40:27.797  5748  5748 F libc    : Fatal signal 11 (SIGSEGV), code 1, fault addr 0x0 in tid 5748 (mediaserver)
05-25 06:40:27.798  3995  3995 I DEBUG   : property debug.db.uid not set; NOT waiting for gdb.
05-25 06:40:27.798  3995  3995 I DEBUG   : HINT: adb shell setprop debug.db.uid 100000
05-25 06:40:27.798  3995  3995 I DEBUG   : HINT: adb forward tcp:5039 tcp:5039
05-25 06:40:27.849  3995  3995 F DEBUG   : *** *** *** *** *** *** *** *** *** *** *** *** *** *** *** ***
05-25 06:40:27.849  3995  3995 F DEBUG   : Build fingerprint: 'samsung/cm_hero2ltexx/hero2ltexx:6.0.1/MOB30J/04779abd84:eng/test-keys'
05-25 06:40:27.849  3995  3995 F DEBUG   : Revision: '0'
05-25 06:40:27.849  3995  3995 F DEBUG   : ABI: 'arm'
05-25 06:40:27.850  3995  3995 F DEBUG   : pid: 5748, tid: 5748, name: mediaserver  >>> /system/bin/mediaserver <<<
05-25 06:40:27.850  3995  3995 F DEBUG   : signal 11 (SIGSEGV), code 1 (SEGV_MAPERR), fault addr 0x0
05-25 06:40:27.866  3995  3995 F DEBUG   :     r0 f469e8f4  r1 00000000  r2 65732020  r3 00000007
05-25 06:40:27.866  3995  3995 F DEBUG   :     r4 00000008  r5 f469e8f2  r6 f70b1be0  r7 ffddeeb4
05-25 06:40:27.866  3995  3995 F DEBUG   :     r8 f46fe00c  r9 f70af431  sl f70af635  fp f469e8f2
05-25 06:40:27.866  3995  3995 F DEBUG   :     ip 00000000  sp ffddee70  lr f70aa4f7  pc f6bfd3c8  cpsr 600f0010
05-25 06:40:27.869  3995  3995 F DEBUG   : 
05-25 06:40:27.869  3995  3995 F DEBUG   : backtrace:
05-25 06:40:27.869  3995  3995 F DEBUG   :     #00 pc 000183c8  /system/lib/libc.so (strcmp+152)
05-25 06:40:27.869  3995  3995 F DEBUG   :     #01 pc 000084f3  /system/lib/libaudiopolicyservice.so
05-25 06:40:27.869  3995  3995 F DEBUG   :     #02 pc 0001feb0  [stack]
05-25 06:40:27.883  5750  5750 E Minikin : addFont failed to create font /system/fonts/NanumGothic.ttf
05-25 06:40:27.883  5750  5750 E Minikin : addFont failed to create font /system/fonts/DroidSansFallback.ttf
05-25 06:40:27.883  5750  5750 E Minikin : addFont failed to create font /system/fonts/MTLmr3m.ttf
05-25 06:40:27.938  3995  3995 F DEBUG   : 
05-25 06:40:27.938  3995  3995 F DEBUG   : Tombstone written to: /data/tombstones/tombstone_08
05-25 06:40:27.941  2895  2895 I ServiceManager: service 'media.audio_flinger' died
05-25 06:40:27.941  2895  2895 I ServiceManager: service 'media.player' died
05-25 06:40:27.941  2895  2895 I ServiceManager: service 'media.resource_manager' died
05-25 06:40:27.941  2895  2895 I ServiceManager: service 'media.camera' died
05-25 06:40:27.958  5945  5945 I SurfaceFlinger: SurfaceFlinger is starting
05-25 06:40:27.958  5945  5945 E SchedPolicy: /system/bin/surfaceflinger add_tid_to_cgroup failed; fd=-1
05-25 06:40:27.958  5945  5945 I SurfaceFlinger: SurfaceFlinger's main thread ready to run. Initializing graphics H/W...
05-25 06:40:27.965  5945  5945 D libEGL  : loaded /vendor/lib64/egl/libGLES_mali.so
05-25 06:40:27.970  5750  5750 V DngCreator_JNI: DngCreator_nativeClassInit:
05-25 06:40:27.972  5945  5945 I gralloc : using (id=)
05-25 06:40:27.972  5945  5945 I gralloc : xres         = 1440 px
05-25 06:40:27.972  5945  5945 I gralloc : yres         = 2560 px
05-25 06:40:27.972  5945  5945 I gralloc : width        = 68 mm (537.882324 dpi)
05-25 06:40:27.972  5945  5945 I gralloc : height       = 122 mm (532.983582 dpi)
05-25 06:40:27.972  5945  5945 I gralloc : refresh rate = 59.31 Hz
05-25 06:40:27.978  5945  5945 D hwcomposer: using
05-25 06:40:27.978  5945  5945 D hwcomposer: xres         = 1440 px
05-25 06:40:27.978  5945  5945 D hwcomposer: yres         = 2560 px
05-25 06:40:27.978  5945  5945 D hwcomposer: width        = 68 mm (537.882000 dpi)
05-25 06:40:27.978  5945  5945 D hwcomposer: height       = 122 mm (532.983000 dpi)
05-25 06:40:27.978  5945  5945 D hwcomposer: refresh rate = 59 Hz
05-25 06:40:27.978  5945  5945 I hwcomposer: PSR info devname = /sys/devices/13960000.decon_f/psr_info
05-25 06:40:27.978  5945  5945 I hwcomposer: PSR mode is 6(0: video mode, 1: DP PSR mode, 2: MIPI-DSI command mode)
05-25 06:40:27.978  5945  5945 I SurfaceFlinger: Using composer version 1.3
05-25 06:40:27.978  5945  5945 E display : unknown display attribute 6
05-25 06:40:27.978  5945  5945 I SurfaceFlinger: EGL information:
05-25 06:40:27.978  5945  5945 I SurfaceFlinger: vendor    : Android
05-25 06:40:27.978  5945  5945 I SurfaceFlinger: version   : 1.4 Android META-EGL
05-25 06:40:27.978  5945  5945 I SurfaceFlinger: extensions: EGL_KHR_get_all_proc_addresses EGL_ANDROID_presentation_time EGL_KHR_swap_buffers_with_damage EGL_KHR_image EGL_KHR_image_base EGL_KHR_gl_texture_2D_image EGL_KHR_gl_texture_cubemap_image EGL_KHR_gl_renderbuffer_image EGL_KHR_fence_sync EGL_KHR_create_context EGL_KHR_config_attribs EGL_KHR_surfaceless_context EGL_EXT_create_context_robustness EGL_ANDROID_image_native_buffer EGL_KHR_wait_sync EGL_ANDROID_recordable EGL_KHR_partial_update 
05-25 06:40:27.978  5945  5945 I SurfaceFlinger: Client API: OpenGL_ES
05-25 06:40:27.978  5945  5945 I SurfaceFlinger: EGLSurface: 8-8-8-8, config=0x7f7f23b128
05-25 06:40:27.978  5945  5945 D         : ro.exynos.dss isEnabled: 0
05-25 06:40:27.980  5945  5945 I SurfaceFlinger: OpenGL ES informations:
05-25 06:40:27.980  5945  5945 I SurfaceFlinger: vendor    : ARM
05-25 06:40:27.980  5945  5945 I SurfaceFlinger: renderer  : Mali-T880
05-25 06:40:27.980  5945  5945 I SurfaceFlinger: version   : OpenGL ES 3.1 v1.r9p0-12dev0.c2bae768d87bf40047e1f310c8de7f16
05-25 06:40:27.980  5945  5945 I SurfaceFlinger: extensions: GL_EXT_debug_marker GL_ARM_rgba8 GL_ARM_mali_shader_binary GL_OES_depth24 GL_OES_depth_texture GL_OES_depth_texture_cube_map GL_OES_packed_depth_stencil GL_OES_rgb8_rgba8 GL_EXT_read_format_bgra GL_OES_compressed_paletted_texture GL_OES_compressed_ETC1_RGB8_texture GL_OES_standard_derivatives GL_OES_EGL_image GL_OES_EGL_image_external GL_OES_EGL_sync GL_OES_texture_npot GL_OES_vertex_half_float GL_OES_required_internalformat GL_OES_vertex_array_object GL_OES_mapbuffer GL_EXT_texture_format_BGRA8888 GL_EXT_texture_rg GL_EXT_texture_type_2_10_10_10_REV GL_OES_fbo_render_mipmap GL_OES_element_index_uint GL_EXT_shadow_samplers GL_OES_texture_compression_astc GL_KHR_texture_compression_astc_ldr GL_KHR_texture_compression_astc_hdr GL_KHR_debug GL_EXT_occlusion_query_boolean GL_EXT_disjoint_timer_query GL_EXT_blend_minmax GL_EXT_discard_framebuffer GL_OES_get_program_binary GL_OES_texture_3D GL_EXT_texture_storage GL_EXT_multisampled_render_to_texture GL_OES_surfaceless_context GL_OES_texture_stencil8 G
05-25 06:40:27.980  5945  5945 I SurfaceFlinger: GL_MAX_TEXTURE_SIZE = 8192
05-25 06:40:27.980  5945  5945 I SurfaceFlinger: GL_MAX_VIEWPORT_DIMS = 8192
05-25 06:40:27.981  5945  5945 D mali_winsys: new_window_surface returns 0x3000,  [1440x2560]-format:1
05-25 06:40:27.982  5945  5945 D SurfaceFlinger: Set power mode=2, type=0 flinger=0x7f7f203c00
05-25 06:40:27.994  5746  5746 V NatController: runCmd(/system/bin/iptables -w -F natctrl_FORWARD) res=0
05-25 06:40:27.999  5746  5746 V NatController: runCmd(/system/bin/iptables -w -A natctrl_FORWARD -j DROP) res=0
05-25 06:40:28.004  5746  5746 V NatController: runCmd(/system/bin/iptables -w -t nat -F natctrl_nat_POSTROUTING) res=0
05-25 06:40:28.009  5746  5746 V NatController: runCmd(/system/bin/iptables -w -F natctrl_tether_counters) res=0
05-25 06:40:28.015  5746  5746 V NatController: runCmd(/system/bin/iptables -w -X natctrl_tether_counters) res=0
05-25 06:40:28.021  5746  5746 V NatController: runCmd(/system/bin/iptables -w -N natctrl_tether_counters) res=0
05-25 06:40:28.028  5746  5746 V NatController: runCmd(/system/bin/iptables -w -t mangle -A natctrl_mangle_FORWARD -p tcp --tcp-flags SYN SYN -j TCPMSS --clamp-mss-to-pmtu) res=0
05-25 06:40:28.137  5945  5945 D SurfaceFlinger: SF. shader cache generated - 26 shaders in 113.744728 ms
05-25 06:40:28.142  5945  5945 E display : ioctl S3CFB_WIN_CONFIG failed: Not a typewriter
05-25 06:40:28.142  5945  5945 F display : ioctl S3CFB_WIN_CONFIG failed to clear screen: Not a typewriter
05-25 06:40:28.142  5945  5945 F libc    : Fatal signal 6 (SIGABRT), code -6 in tid 5945 (surfaceflinger)
05-25 06:40:28.143  3996  3996 I DEBUG   : property debug.db.uid not set; NOT waiting for gdb.
05-25 06:40:28.143  3996  3996 I DEBUG   : HINT: adb shell setprop debug.db.uid 100000
05-25 06:40:28.143  3996  3996 I DEBUG   : HINT: adb forward tcp:5039 tcp:5039
05-25 06:40:28.129  2968  2968 W auditd  : type=1325 audit(0.0:2135): table=filter family=2 entries=49
05-25 06:40:28.129  2968  2968 W auditd  : type=1320 audit(0.0:2135): 
05-25 06:40:28.139  2968  2968 W auditd  : type=1325 audit(0.0:2136): table=filter family=10 entries=52
05-25 06:40:28.139  2968  2968 W auditd  : type=1320 audit(0.0:2136): 
05-25 06:40:28.139  2968  2968 W auditd  : type=1325 audit(0.0:2137): table=filter family=2 entries=47
05-25 06:40:28.139  2968  2968 W auditd  : type=1320 audit(0.0:2137): 
05-25 06:40:28.149  2968  2968 W auditd  : type=1325 audit(0.0:2138): table=filter family=10 entries=50
05-25 06:40:28.149  2968  2968 W auditd  : type=1320 audit(0.0:2138): 
05-25 06:40:28.149  2968  2968 W auditd  : type=1325 audit(0.0:2139): table=filter family=2 entries=45
05-25 06:40:28.149  2968  2968 W auditd  : type=1320 audit(0.0:2139): 
05-25 06:40:28.159  2968  2968 W auditd  : type=1325 audit(0.0:2140): table=filter family=10 entries=48
05-25 06:40:28.159  2968  2968 W auditd  : type=1320 audit(0.0:2140): 
05-25 06:40:28.169  2968  2968 W auditd  : type=1325 audit(0.0:2141): table=filter family=2 entries=43
05-25 06:40:28.169  2968  2968 W auditd  : type=1320 audit(0.0:2141): 
05-25 06:40:28.169  2968  2968 W auditd  : type=1325 audit(0.0:2142): table=filter family=10 entries=46
