06-02 16:34:32.860  3042  3051 E         : Runtime and build version of gralloc private structure does not match. Errors will likely follow.
06-02 16:34:32.871  2917  2917 W display : release fence dup failed: Bad file descriptor
06-02 16:34:32.894  3042  3051 E         : invalid gralloc handle (at 0x7fad1eb300)
06-02 16:34:32.894  3042  3051 E         : Runtime and build version of gralloc private structure does not match. Errors will likely follow.
06-02 16:34:32.905  2917  2917 W display : release fence dup failed: Bad file descriptor
06-02 16:34:32.927  3042  3051 E         : invalid gralloc handle (at 0x7fad1eb380)
06-02 16:34:32.927  3042  3051 E         : Runtime and build version of gralloc private structure does not match. Errors will likely follow.
06-02 16:34:32.939  2917  2917 W display : release fence dup failed: Bad file descriptor
06-02 16:34:32.961  3042  3051 E         : invalid gralloc handle (at 0x7fad1eb400)
06-02 16:34:32.961  3042  3051 E         : Runtime and build version of gralloc private structure does not match. Errors will likely follow.
06-02 16:34:32.973  2917  2917 W display : release fence dup failed: Bad file descriptor
06-02 16:34:32.994  3042  3051 E         : invalid gralloc handle (at 0x7fad1eb300)
06-02 16:34:32.994  3042  3051 E         : Runtime and build version of gralloc private structure does not match. Errors will likely follow.
06-02 16:34:33.007  2917  2917 W display : release fence dup failed: Bad file descriptor
06-02 16:34:33.028  3042  3051 E         : invalid gralloc handle (at 0x7fad1eb380)
06-02 16:34:33.028  3042  3051 E         : Runtime and build version of gralloc private structure does not match. Errors will likely follow.
06-02 16:34:33.041  2917  2917 W display : release fence dup failed: Bad file descriptor
06-02 16:34:33.061  3042  3051 E         : invalid gralloc handle (at 0x7fad1eb400)
06-02 16:34:33.061  3042  3051 E         : Runtime and build version of gralloc private structure does not match. Errors will likely follow.
06-02 16:34:33.075  2917  2917 W display : release fence dup failed: Bad file descriptor
06-02 16:34:33.095  3042  3051 E         : invalid gralloc handle (at 0x7fad1eb300)
06-02 16:34:33.095  3042  3051 E         : Runtime and build version of gralloc private structure does not match. Errors will likely follow.
06-02 16:34:33.109  2917  2917 W display : release fence dup failed: Bad file descriptor
06-02 16:34:33.128  3042  3051 E         : invalid gralloc handle (at 0x7fad1eb380)
06-02 16:34:33.128  3042  3051 E         : Runtime and build version of gralloc private structure does not match. Errors will likely follow.
06-02 16:34:33.143  2917  2917 W display : release fence dup failed: Bad file descriptor
06-02 16:34:33.161  3042  3051 E         : invalid gralloc handle (at 0x7fad1eb400)
06-02 16:34:33.161  3042  3051 E         : Runtime and build version of gralloc private structure does not match. Errors will likely follow.
06-02 16:34:33.177  2917  2917 W display : release fence dup failed: Bad file descriptor
06-02 16:34:33.184  3115  3115 I dex2oat : Explicit concurrent mark sweep GC freed 58579(21MB) AllocSpace objects, 0(0B) LOS objects, 34% free, 7MB/11MB, paused 81us total 10.192ms
06-02 16:34:33.195  3042  3051 E         : invalid gralloc handle (at 0x7fad1eb300)
06-02 16:34:33.195  3042  3051 E         : Runtime and build version of gralloc private structure does not match. Errors will likely follow.
06-02 16:34:33.211  2917  2917 W display : release fence dup failed: Bad file descriptor
06-02 16:34:33.223  3042  3051 D BootAnimation: Use save memory method, maybe small fps in actual.
06-02 16:34:33.229  3042  3051 E         : invalid gralloc handle (at 0x7fad1eb380)
06-02 16:34:33.229  3042  3051 E         : Runtime and build version of gralloc private structure does not match. Errors will likely follow.
06-02 16:34:33.244  2917  2917 W display : release fence dup failed: Bad file descriptor
06-02 16:34:33.265  3042  3051 E         : invalid gralloc handle (at 0x7fad1eb400)
06-02 16:34:33.265  3042  3051 E         : Runtime and build version of gralloc private structure does not match. Errors will likely follow.
06-02 16:34:33.278  2917  2917 W display : release fence dup failed: Bad file descriptor
06-02 16:34:33.296  3042  3051 E         : invalid gralloc handle (at 0x7fad1eb300)
06-02 16:34:33.296  3042  3051 E         : Runtime and build version of gralloc private structure does not match. Errors will likely follow.
06-02 16:34:33.312  2917  2917 W display : release fence dup failed: Bad file descriptor
06-02 16:34:33.329  3042  3051 E         : invalid gralloc handle (at 0x7fad1eb380)
06-02 16:34:33.329  3042  3051 E         : Runtime and build version of gralloc private structure does not match. Errors will likely follow.
06-02 16:34:33.346  2917  2917 W display : release fence dup failed: Bad file descriptor
06-02 16:34:33.363  3042  3051 E         : invalid gralloc handle (at 0x7fad1eb400)
06-02 16:34:33.363  3042  3051 E         : Runtime and build version of gralloc private structure does not match. Errors will likely follow.
06-02 16:34:33.380  2917  2917 W display : release fence dup failed: Bad file descriptor
06-02 16:34:33.396  3042  3051 E         : invalid gralloc handle (at 0x7fad1eb300)
06-02 16:34:33.396  3042  3051 E         : Runtime and build version of gralloc private structure does not match. Errors will likely follow.
06-02 16:34:33.414  2917  2917 W display : release fence dup failed: Bad file descriptor
06-02 16:34:33.429  3042  3051 E         : invalid gralloc handle (at 0x7fad1eb380)
06-02 16:34:33.429  3042  3051 E         : Runtime and build version of gralloc private structure does not match. Errors will likely follow.
06-02 16:34:33.448  2917  2917 W display : release fence dup failed: Bad file descriptor
06-02 16:34:33.463  3042  3051 E         : invalid gralloc handle (at 0x7fad1eb400)
06-02 16:34:33.463  3042  3051 E         : Runtime and build version of gralloc private structure does not match. Errors will likely follow.
06-02 16:34:33.482  2917  2917 W display : release fence dup failed: Bad file descriptor
06-02 16:34:33.496  3042  3051 E         : invalid gralloc handle (at 0x7fad1eb300)
06-02 16:34:33.496  3042  3051 E         : Runtime and build version of gralloc private structure does not match. Errors will likely follow.
06-02 16:34:33.498  2917  2917 W display : release fence dup failed: Bad file descriptor
06-02 16:34:33.530  3042  3051 E         : invalid gralloc handle (at 0x7fad1eb380)
06-02 16:34:33.530  3042  3051 E         : Runtime and build version of gralloc private structure does not match. Errors will likely follow.
06-02 16:34:33.532  2917  2917 W display : release fence dup failed: Bad file descriptor
06-02 16:34:33.563  3042  3051 E         : invalid gralloc handle (at 0x7fad1eb400)
06-02 16:34:33.563  3042  3051 E         : Runtime and build version of gralloc private structure does not match. Errors will likely follow.
06-02 16:34:33.566  2917  2917 W display : release fence dup failed: Bad file descriptor
06-02 16:34:33.596  3042  3051 E         : invalid gralloc handle (at 0x7fad1eb300)
06-02 16:34:33.596  3042  3051 E         : Runtime and build version of gralloc private structure does not match. Errors will likely follow.
06-02 16:34:33.600  2917  2917 W display : release fence dup failed: Bad file descriptor
06-02 16:34:33.630  3042  3051 E         : invalid gralloc handle (at 0x7fad1eb380)
06-02 16:34:33.630  3042  3051 E         : Runtime and build version of gralloc private structure does not match. Errors will likely follow.
06-02 16:34:33.634  2917  2917 W display : release fence dup failed: Bad file descriptor
06-02 16:34:33.663  3115  3115 I dex2oat : dex2oat took 2.286s (threads: 8) arena alloc=144B java alloc=7MB native alloc=10MB free=10MB
06-02 16:34:33.663  3042  3051 E         : invalid gralloc handle (at 0x7fad1eb400)
06-02 16:34:33.663  3042  3051 E         : Runtime and build version of gralloc private structure does not match. Errors will likely follow.
06-02 16:34:33.668  2917  2917 W display : release fence dup failed: Bad file descriptor
06-02 16:34:33.697  2927  2927 D ICU     : No timezone override file found: /data/misc/zoneinfo/current/icu/icu_tzdata.dat
06-02 16:34:33.697  3042  3051 E         : invalid gralloc handle (at 0x7fad1eb300)
06-02 16:34:33.697  3042  3051 E         : Runtime and build version of gralloc private structure does not match. Errors will likely follow.
06-02 16:34:33.702  2917  2917 W display : release fence dup failed: Bad file descriptor
06-02 16:34:33.731  3042  3051 E         : invalid gralloc handle (at 0x7fad1eb380)
06-02 16:34:33.731  3042  3051 E         : Runtime and build version of gralloc private structure does not match. Errors will likely follow.
06-02 16:34:33.736  2917  2917 W display : release fence dup failed: Bad file descriptor
06-02 16:34:33.764  3042  3051 E         : invalid gralloc handle (at 0x7fad1eb400)
06-02 16:34:33.764  3042  3051 E         : Runtime and build version of gralloc private structure does not match. Errors will likely follow.
06-02 16:34:33.769  2917  2917 W display : release fence dup failed: Bad file descriptor
06-02 16:34:33.798  3042  3051 E         : invalid gralloc handle (at 0x7fad1eb300)
06-02 16:34:33.798  3042  3051 E         : Runtime and build version of gralloc private structure does not match. Errors will likely follow.
06-02 16:34:33.803  2917  2917 W display : release fence dup failed: Bad file descriptor
06-02 16:34:33.831  3042  3051 E         : invalid gralloc handle (at 0x7fad1eb380)
06-02 16:34:33.831  3042  3051 E         : Runtime and build version of gralloc private structure does not match. Errors will likely follow.
06-02 16:34:33.832  2927  2927 I Radio-JNI: register_android_hardware_Radio DONE
06-02 16:34:33.837  2917  2917 W display : release fence dup failed: Bad file descriptor
06-02 16:34:33.865  3042  3051 E         : invalid gralloc handle (at 0x7fad1eb400)
06-02 16:34:33.865  3042  3051 E         : Runtime and build version of gralloc private structure does not match. Errors will likely follow.
06-02 16:34:33.872  2917  2917 W display : release fence dup failed: Bad file descriptor
06-02 16:34:33.873  2927  2927 I SamplingProfilerIntegration: Profiling disabled.
06-02 16:34:33.873  2927  2927 D Zygote  : begin preload
06-02 16:34:33.875  2927  2927 I Zygote  : Preloading classes...
06-02 16:34:33.898  3042  3051 E         : invalid gralloc handle (at 0x7fad1eb300)
06-02 16:34:33.898  3042  3051 E         : Runtime and build version of gralloc private structure does not match. Errors will likely follow.
06-02 16:34:33.905  2917  2917 W display : release fence dup failed: Bad file descriptor
06-02 16:34:33.932  3042  3051 E         : invalid gralloc handle (at 0x7fad1eb380)
06-02 16:34:33.932  3042  3051 E         : Runtime and build version of gralloc private structure does not match. Errors will likely follow.
06-02 16:34:33.939  2917  2917 W display : release fence dup failed: Bad file descriptor
06-02 16:34:33.965  3042  3051 E         : invalid gralloc handle (at 0x7fad1eb400)
06-02 16:34:33.965  3042  3051 E         : Runtime and build version of gralloc private structure does not match. Errors will likely follow.
06-02 16:34:33.973  2917  2917 W display : release fence dup failed: Bad file descriptor
06-02 16:34:33.999  3042  3051 E         : invalid gralloc handle (at 0x7fad1eb300)
06-02 16:34:33.999  3042  3051 E         : Runtime and build version of gralloc private structure does not match. Errors will likely follow.
06-02 16:34:34.007  2917  2917 W display : release fence dup failed: Bad file descriptor
06-02 16:34:34.032  3042  3051 E         : invalid gralloc handle (at 0x7fad1eb380)
06-02 16:34:34.032  3042  3051 E         : Runtime and build version of gralloc private structure does not match. Errors will likely follow.
06-02 16:34:34.041  2917  2917 W display : release fence dup failed: Bad file descriptor
06-02 16:34:34.066  3042  3051 E         : invalid gralloc handle (at 0x7fad1eb400)
06-02 16:34:34.066  3042  3051 E         : Runtime and build version of gralloc private structure does not match. Errors will likely follow.
06-02 16:34:34.075  2917  2917 W display : release fence dup failed: Bad file descriptor
06-02 16:34:34.099  3042  3051 E         : invalid gralloc handle (at 0x7fad1eb300)
06-02 16:34:34.099  3042  3051 E         : Runtime and build version of gralloc private structure does not match. Errors will likely follow.
06-02 16:34:34.109  2917  2917 W display : release fence dup failed: Bad file descriptor
06-02 16:34:34.133  3042  3051 E         : invalid gralloc handle (at 0x7fad1eb380)
06-02 16:34:34.133  3042  3051 E         : Runtime and build version of gralloc private structure does not match. Errors will likely follow.
06-02 16:34:34.143  2917  2917 W display : release fence dup failed: Bad file descriptor
06-02 16:34:34.166  3042  3051 E         : invalid gralloc handle (at 0x7fad1eb400)
06-02 16:34:34.166  3042  3051 E         : Runtime and build version of gralloc private structure does not match. Errors will likely follow.
06-02 16:34:34.176  2917  2917 W display : release fence dup failed: Bad file descriptor
06-02 16:34:34.199  3042  3051 E         : invalid gralloc handle (at 0x7fad1eb300)
06-02 16:34:34.199  3042  3051 E         : Runtime and build version of gralloc private structure does not match. Errors will likely follow.
06-02 16:34:34.210  2917  2917 W display : release fence dup failed: Bad file descriptor
06-02 16:34:34.233  3042  3051 E         : invalid gralloc handle (at 0x7fad1eb380)
06-02 16:34:34.233  3042  3051 E         : Runtime and build version of gralloc private structure does not match. Errors will likely follow.
06-02 16:34:34.244  2917  2917 W display : release fence dup failed: Bad file descriptor
06-02 16:34:34.266  3042  3051 E         : invalid gralloc handle (at 0x7fad1eb400)
06-02 16:34:34.266  3042  3051 E         : Runtime and build version of gralloc private structure does not match. Errors will likely follow.
06-02 16:34:34.278  2917  2917 W display : release fence dup failed: Bad file descriptor
06-02 16:34:34.293  2927  2927 E Minikin : addFont failed to create font /system/fonts/NanumGothic.ttf
06-02 16:34:34.293  2927  2927 E Minikin : addFont failed to create font /system/fonts/DroidSansFallback.ttf
06-02 16:34:34.293  2927  2927 E Minikin : addFont failed to create font /system/fonts/MTLmr3m.ttf
06-02 16:34:34.300  3042  3051 E         : invalid gralloc handle (at 0x7fad1eb300)
06-02 16:34:34.300  3042  3051 E         : Runtime and build version of gralloc private structure does not match. Errors will likely follow.
06-02 16:34:34.312  2917  2917 W display : release fence dup failed: Bad file descriptor
06-02 16:34:34.333  3042  3051 E         : invalid gralloc handle (at 0x7fad1eb380)
06-02 16:34:34.333  3042  3051 E         : Runtime and build version of gralloc private structure does not match. Errors will likely follow.
06-02 16:34:34.346  2917  2917 W display : release fence dup failed: Bad file descriptor
06-02 16:34:34.366  3042  3051 E         : invalid gralloc handle (at 0x7fad1eb400)
06-02 16:34:34.366  3042  3051 E         : Runtime and build version of gralloc private structure does not match. Errors will likely follow.
06-02 16:34:34.380  2917  2917 W display : release fence dup failed: Bad file descriptor
06-02 16:34:34.391  2927  2927 V DngCreator_JNI: DngCreator_nativeClassInit:
06-02 16:34:34.400  3042  3051 E         : invalid gralloc handle (at 0x7fad1eb300)
06-02 16:34:34.400  3042  3051 E         : Runtime and build version of gralloc private structure does not match. Errors will likely follow.
06-02 16:34:34.414  2917  2917 W display : release fence dup failed: Bad file descriptor
06-02 16:34:34.433  3042  3051 E         : invalid gralloc handle (at 0x7fad1eb380)
06-02 16:34:34.433  3042  3051 E         : Runtime and build version of gralloc private structure does not match. Errors will likely follow.
06-02 16:34:34.448  2917  2917 W display : release fence dup failed: Bad file descriptor
06-02 16:34:34.467  3042  3051 E         : invalid gralloc handle (at 0x7fad1eb400)
06-02 16:34:34.467  3042  3051 E         : Runtime and build version of gralloc private structure does not match. Errors will likely follow.
06-02 16:34:34.482  2917  2917 W display : release fence dup failed: Bad file descriptor
06-02 16:34:34.500  3042  3051 E         : invalid gralloc handle (at 0x7fad1eb300)
06-02 16:34:34.500  3042  3051 E         : Runtime and build version of gralloc private structure does not match. Errors will likely follow.
06-02 16:34:34.516  2917  2917 W display : release fence dup failed: Bad file descriptor
06-02 16:34:34.534  3042  3051 E         : invalid gralloc handle (at 0x7fad1eb380)
06-02 16:34:34.534  3042  3051 E         : Runtime and build version of gralloc private structure does not match. Errors will likely follow.
06-02 16:34:34.549  2917  2917 W display : release fence dup failed: Bad file descriptor
06-02 16:34:34.567  3042  3051 E         : invalid gralloc handle (at 0x7fad1eb400)
06-02 16:34:34.567  3042  3051 E         : Runtime and build version of gralloc private structure does not match. Errors will likely follow.
06-02 16:34:34.583  2917  2917 W display : release fence dup failed: Bad file descriptor
06-02 16:34:34.600  3042  3051 E         : invalid gralloc handle (at 0x7fad1eb300)
06-02 16:34:34.600  3042  3051 E         : Runtime and build version of gralloc private structure does not match. Errors will likely follow.
06-02 16:34:34.617  2917  2917 W display : release fence dup failed: Bad file descriptor
06-02 16:34:34.634  3042  3051 E         : invalid gralloc handle (at 0x7fad1eb380)
06-02 16:34:34.634  3042  3051 E         : Runtime and build version of gralloc private structure does not match. Errors will likely follow.
06-02 16:34:34.651  2917  2917 W display : release fence dup failed: Bad file descriptor
06-02 16:34:34.667  3042  3051 E         : invalid gralloc handle (at 0x7fad1eb400)
06-02 16:34:34.667  3042  3051 E         : Runtime and build version of gralloc private structure does not match. Errors will likely follow.
06-02 16:34:34.685  2917  2917 W display : release fence dup failed: Bad file descriptor
06-02 16:34:34.700  3042  3051 E         : invalid gralloc handle (at 0x7fad1eb300)
06-02 16:34:34.700  3042  3051 E         : Runtime and build version of gralloc private structure does not match. Errors will likely follow.
06-02 16:34:34.702  2917  2917 W display : release fence dup failed: Bad file descriptor
06-02 16:34:34.734  3042  3051 E         : invalid gralloc handle (at 0x7fad1eb380)
06-02 16:34:34.734  3042  3051 E         : Runtime and build version of gralloc private structure does not match. Errors will likely follow.
06-02 16:34:34.736  2917  2917 W display : release fence dup failed: Bad file descriptor
06-02 16:34:34.767  3042  3051 E         : invalid gralloc handle (at 0x7fad1eb400)
06-02 16:34:34.767  3042  3051 E         : Runtime and build version of gralloc private structure does not match. Errors will likely follow.
06-02 16:34:34.769  2917  2917 W display : release fence dup failed: Bad file descriptor
06-02 16:34:34.801  3042  3051 E         : invalid gralloc handle (at 0x7fad1eb300)
06-02 16:34:34.801  3042  3051 E         : Runtime and build version of gralloc private structure does not match. Errors will likely follow.
06-02 16:34:34.804  2917  2917 W display : release fence dup failed: Bad file descriptor
06-02 16:34:34.834  3042  3051 E         : invalid gralloc handle (at 0x7fad1eb380)
06-02 16:34:34.834  3042  3051 E         : Runtime and build version of gralloc private structure does not match. Errors will likely follow.
06-02 16:34:34.837  2917  2917 W display : release fence dup failed: Bad file descriptor
06-02 16:34:34.868  3042  3051 E         : invalid gralloc handle (at 0x7fad1eb400)
06-02 16:34:34.868  3042  3051 E         : Runtime and build version of gralloc private structure does not match. Errors will likely follow.
06-02 16:34:34.871  2917  2917 W display : release fence dup failed: Bad file descriptor
06-02 16:34:34.902  3042  3051 E         : invalid gralloc handle (at 0x7fad1eb300)
06-02 16:34:34.902  3042  3051 E         : Runtime and build version of gralloc private structure does not match. Errors will likely follow.
06-02 16:34:34.905  2917  2917 W display : release fence dup failed: Bad file descriptor
06-02 16:34:34.935  3042  3051 E         : invalid gralloc handle (at 0x7fad1eb380)
06-02 16:34:34.935  3042  3051 E         : Runtime and build version of gralloc private structure does not match. Errors will likely follow.
06-02 16:34:34.939  2917  2917 W display : release fence dup failed: Bad file descriptor
06-02 16:34:34.968  3042  3051 E         : invalid gralloc handle (at 0x7fad1eb400)
06-02 16:34:34.968  3042  3051 E         : Runtime and build version of gralloc private structure does not match. Errors will likely follow.
06-02 16:34:34.973  2917  2917 W display : release fence dup failed: Bad file descriptor
06-02 16:34:35.002  3042  3051 E         : invalid gralloc handle (at 0x7fad1eb300)
06-02 16:34:35.002  3042  3051 E         : Runtime and build version of gralloc private structure does not match. Errors will likely follow.
06-02 16:34:35.007  2917  2917 W display : release fence dup failed: Bad file descriptor
06-02 16:34:35.035  3042  3051 E         : invalid gralloc handle (at 0x7fad1eb380)
06-02 16:34:35.035  3042  3051 E         : Runtime and build version of gralloc private structure does not match. Errors will likely follow.
06-02 16:34:35.041  2917  2917 W display : release fence dup failed: Bad file descriptor
06-02 16:34:35.045  2927  2927 I art     : Thread[1,tid=2927,Native,Thread*=0x7f94cfba00,peer=0x12c532e0,"main"] recursive attempt to load library "/system/lib64/libmedia_jni.so"
06-02 16:34:35.045  2927  2927 D MtpDeviceJNI: register_android_mtp_MtpDevice
06-02 16:34:35.045  2927  2927 I art     : Thread[1,tid=2927,Native,Thread*=0x7f94cfba00,peer=0x12c532e0,"main"] recursive attempt to load library "/system/lib64/libmedia_jni.so"
06-02 16:34:35.046  2927  2927 I art     : Thread[1,tid=2927,Native,Thread*=0x7f94cfba00,peer=0x12c532e0,"main"] recursive attempt to load library "/system/lib64/libmedia_jni.so"
06-02 16:34:35.069  3042  3051 E         : invalid gralloc handle (at 0x7fad1eb400)
06-02 16:34:35.069  3042  3051 E         : Runtime and build version of gralloc private structure does not match. Errors will likely follow.
06-02 16:34:35.075  2917  2917 W display : release fence dup failed: Bad file descriptor
06-02 16:34:35.102  3042  3051 E         : invalid gralloc handle (at 0x7fad1eb300)
06-02 16:34:35.102  3042  3051 E         : Runtime and build version of gralloc private structure does not match. Errors will likely follow.
06-02 16:34:35.108  2917  2917 W display : release fence dup failed: Bad file descriptor
06-02 16:34:35.136  3042  3051 E         : invalid gralloc handle (at 0x7fad1eb380)
06-02 16:34:35.136  3042  3051 E         : Runtime and build version of gralloc private structure does not match. Errors will likely follow.
06-02 16:34:35.143  2917  2917 W display : release fence dup failed: Bad file descriptor
06-02 16:34:35.169  3042  3051 E         : invalid gralloc handle (at 0x7fad1eb400)
06-02 16:34:35.169  3042  3051 E         : Runtime and build version of gralloc private structure does not match. Errors will likely follow.
06-02 16:34:35.176  2917  2917 W display : release fence dup failed: Bad file descriptor
06-02 16:34:35.203  3042  3051 E         : invalid gralloc handle (at 0x7fad1eb300)
06-02 16:34:35.203  3042  3051 E         : Runtime and build version of gralloc private structure does not match. Errors will likely follow.
06-02 16:34:35.210  2917  2917 W display : release fence dup failed: Bad file descriptor
06-02 16:34:35.236  3042  3051 E         : invalid gralloc handle (at 0x7fad1eb380)
06-02 16:34:35.236  3042  3051 E         : Runtime and build version of gralloc private structure does not match. Errors will likely follow.
06-02 16:34:35.244  2917  2917 W display : release fence dup failed: Bad file descriptor
06-02 16:34:35.269  3042  3051 E         : invalid gralloc handle (at 0x7fad1eb400)
06-02 16:34:35.269  3042  3051 E         : Runtime and build version of gralloc private structure does not match. Errors will likely follow.
06-02 16:34:35.278  2917  2917 W display : release fence dup failed: Bad file descriptor
06-02 16:34:35.303  3042  3051 E         : invalid gralloc handle (at 0x7fad1eb300)
06-02 16:34:35.303  3042  3051 E         : Runtime and build version of gralloc private structure does not match. Errors will likely follow.
06-02 16:34:35.312  2917  2917 W display : release fence dup failed: Bad file descriptor
06-02 16:34:35.336  3042  3051 E         : invalid gralloc handle (at 0x7fad1eb380)
06-02 16:34:35.336  3042  3051 E         : Runtime and build version of gralloc private structure does not match. Errors will likely follow.
06-02 16:34:35.346  2917  2917 W display : release fence dup failed: Bad file descriptor
06-02 16:34:35.370  3042  3051 E         : invalid gralloc handle (at 0x7fad1eb400)
06-02 16:34:35.370  3042  3051 E         : Runtime and build version of gralloc private structure does not match. Errors will likely follow.
06-02 16:34:35.380  2917  2917 W display : release fence dup failed: Bad file descriptor
06-02 16:34:35.403  3042  3051 E         : invalid gralloc handle (at 0x7fad1eb300)
06-02 16:34:35.403  3042  3051 E         : Runtime and build version of gralloc private structure does not match. Errors will likely follow.
06-02 16:34:35.414  2917  2917 W display : release fence dup failed: Bad file descriptor
06-02 16:34:35.437  3042  3051 E         : invalid gralloc handle (at 0x7fad1eb380)
06-02 16:34:35.437  3042  3051 E         : Runtime and build version of gralloc private structure does not match. Errors will likely follow.
06-02 16:34:35.448  2917  2917 W display : release fence dup failed: Bad file descriptor
06-02 16:34:35.470  3042  3051 E         : invalid gralloc handle (at 0x7fad1eb400)
06-02 16:34:35.470  3042  3051 E         : Runtime and build version of gralloc private structure does not match. Errors will likely follow.
06-02 16:34:35.482  2917  2917 W display : release fence dup failed: Bad file descriptor
06-02 16:34:35.504  3042  3051 E         : invalid gralloc handle (at 0x7fad1eb300)
06-02 16:34:35.504  3042  3051 E         : Runtime and build version of gralloc private structure does not match. Errors will likely follow.
06-02 16:34:35.516  2917  2917 W display : release fence dup failed: Bad file descriptor
06-02 16:34:35.537  3042  3051 E         : invalid gralloc handle (at 0x7fad1eb380)
06-02 16:34:35.537  3042  3051 E         : Runtime and build version of gralloc private structure does not match. Errors will likely follow.
06-02 16:34:35.549  2917  2917 W display : release fence dup failed: Bad file descriptor
06-02 16:34:35.569  2927  2927 W System  : ClassLoader referenced unknown path: /system/framework/tcmclient.jar
06-02 16:34:35.571  3042  3051 E         : invalid gralloc handle (at 0x7fad1eb400)
06-02 16:34:35.571  3042  3051 E         : Runtime and build version of gralloc private structure does not match. Errors will likely follow.
06-02 16:34:35.583  2917  2917 W display : release fence dup failed: Bad file descriptor
06-02 16:34:35.604  3042  3051 E         : invalid gralloc handle (at 0x7fad1eb300)
06-02 16:34:35.604  3042  3051 E         : Runtime and build version of gralloc private structure does not match. Errors will likely follow.
06-02 16:34:35.617  2917  2917 W display : release fence dup failed: Bad file descriptor
06-02 16:34:35.638  3042  3051 E         : invalid gralloc handle (at 0x7fad1eb380)
06-02 16:34:35.638  3042  3051 E         : Runtime and build version of gralloc private structure does not match. Errors will likely follow.
06-02 16:34:35.651  2917  2917 W display : release fence dup failed: Bad file descriptor
06-02 16:34:35.671  3042  3051 E         : invalid gralloc handle (at 0x7fad1eb400)
06-02 16:34:35.671  3042  3051 E         : Runtime and build version of gralloc private structure does not match. Errors will likely follow.
06-02 16:34:35.685  2917  2917 W display : release fence dup failed: Bad file descriptor
06-02 16:34:35.705  3042  3051 E         : invalid gralloc handle (at 0x7fad1eb300)
06-02 16:34:35.705  3042  3051 E         : Runtime and build version of gralloc private structure does not match. Errors will likely follow.
06-02 16:34:35.719  2917  2917 W display : release fence dup failed: Bad file descriptor
06-02 16:34:35.738  3042  3051 E         : invalid gralloc handle (at 0x7fad1eb380)
06-02 16:34:35.738  3042  3051 E         : Runtime and build version of gralloc private structure does not match. Errors will likely follow.
06-02 16:34:35.753  2917  2917 W display : release fence dup failed: Bad file descriptor
06-02 16:34:35.771  3042  3051 E         : invalid gralloc handle (at 0x7fad1eb400)
06-02 16:34:35.771  3042  3051 E         : Runtime and build version of gralloc private structure does not match. Errors will likely follow.
06-02 16:34:35.787  2917  2917 W display : release fence dup failed: Bad file descriptor
06-02 16:34:35.805  3042  3051 E         : invalid gralloc handle (at 0x7fad1eb300)
06-02 16:34:35.805  3042  3051 E         : Runtime and build version of gralloc private structure does not match. Errors will likely follow.
06-02 16:34:35.821  2917  2917 W display : release fence dup failed: Bad file descriptor
06-02 16:34:35.839  3042  3051 E         : invalid gralloc handle (at 0x7fad1eb380)
06-02 16:34:35.839  3042  3051 E         : Runtime and build version of gralloc private structure does not match. Errors will likely follow.
06-02 16:34:35.855  2917  2917 W display : release fence dup failed: Bad file descriptor
06-02 16:34:35.872  3042  3051 E         : invalid gralloc handle (at 0x7fad1eb400)
06-02 16:34:35.872  3042  3051 E         : Runtime and build version of gralloc private structure does not match. Errors will likely follow.
06-02 16:34:35.888  2917  2917 W display : release fence dup failed: Bad file descriptor
06-02 16:34:35.905  3042  3051 E         : invalid gralloc handle (at 0x7fad1eb300)
06-02 16:34:35.905  3042  3051 E         : Runtime and build version of gralloc private structure does not match. Errors will likely follow.
06-02 16:34:35.908  2927  2927 I System  : Loaded time zone names for "" in 24ms (21ms in ICU)
06-02 16:34:35.922  2917  2917 W display : release fence dup failed: Bad file descriptor
06-02 16:34:35.938  3042  3051 E         : invalid gralloc handle (at 0x7fad1eb380)
06-02 16:34:35.938  3042  3051 E         : Runtime and build version of gralloc private structure does not match. Errors will likely follow.
06-02 16:34:35.942  2927  2927 I System  : Loaded time zone names for "en_US" in 34ms (13ms in ICU)
06-02 16:34:35.956  2917  2917 W display : release fence dup failed: Bad file descriptor
06-02 16:34:35.962  3327  3327 I mediaserver: ServiceManager: 0xf64ce120
06-02 16:34:35.962  3327  3327 I AudioFlinger: Using default 3000 mSec as standby time.
06-02 16:34:35.962  3327  3327 E BatteryNotifier: batterystats service unavailable!
06-02 16:34:35.962  3327  3327 E BatteryNotifier: batterystats service unavailable!
06-02 16:34:35.962  3327  3327 I CameraService: CameraService started (pid=3327)
06-02 16:34:35.962  3327  3327 I CameraService: CameraService process starting
06-02 16:34:35.962  3327  3327 E BatteryNotifier: batterystats service unavailable!
06-02 16:34:35.962  3327  3327 E BatteryNotifier: batterystats service unavailable!
06-02 16:34:35.962  3327  3327 E CameraService: Could not load camera HAL module: -2 (No such file or directory)
06-02 16:34:35.963  3327  3327 I AudioPolicyService: AudioPolicyService CSTOR in new mode
06-02 16:34:35.963  3327  3327 W APM::HwModule: loadOutput() invalid supported devices
06-02 16:34:35.963  3327  3327 W APM::HwModule: loadOutput() invalid supported devices
06-02 16:34:35.963  3327  3327 W APM::HwModule: loadInput() invalid supported devices
06-02 16:34:35.963  3327  3327 W APM::HwModule: loadInput() invalid supported devices
06-02 16:34:35.963  3327  3327 I APM::ConfigParsingUtils: loadAudioPolicyConfig() loaded /system/etc/audio_policy.conf
06-02 16:34:35.972  3042  3051 E         : invalid gralloc handle (at 0x7fad1eb400)
06-02 16:34:35.972  3042  3051 E         : Runtime and build version of gralloc private structure does not match. Errors will likely follow.
06-02 16:34:35.990  2917  2917 W display : release fence dup failed: Bad file descriptor
06-02 16:34:36.005  3042  3051 E         : invalid gralloc handle (at 0x7fad1eb300)
06-02 16:34:36.005  3042  3051 E         : Runtime and build version of gralloc private structure does not match. Errors will likely follow.
06-02 16:34:36.007  2917  2917 W display : release fence dup failed: Bad file descriptor
06-02 16:34:36.039  3042  3051 E         : invalid gralloc handle (at 0x7fad1eb380)
06-02 16:34:36.039  3042  3051 E         : Runtime and build version of gralloc private structure does not match. Errors will likely follow.
06-02 16:34:36.041  2917  2917 W display : release fence dup failed: Bad file descriptor
06-02 16:34:36.072  3042  3051 E         : invalid gralloc handle (at 0x7fad1eb400)
06-02 16:34:36.072  3042  3051 E         : Runtime and build version of gralloc private structure does not match. Errors will likely follow.
06-02 16:34:36.075  2917  2917 W display : release fence dup failed: Bad file descriptor
06-02 16:34:36.106  3042  3051 E         : invalid gralloc handle (at 0x7fad1eb300)
06-02 16:34:36.106  3042  3051 E         : Runtime and build version of gralloc private structure does not match. Errors will likely follow.
06-02 16:34:36.108  2917  2917 W display : release fence dup failed: Bad file descriptor
06-02 16:34:36.113  2927  2927 I Zygote  : ...preloaded 3831 classes in 2238ms.
06-02 16:34:36.113  2927  2927 I art     : VMRuntime.preloadDexCaches starting
06-02 16:34:36.139  3042  3051 E         : invalid gralloc handle (at 0x7fad1eb380)
06-02 16:34:36.139  3042  3051 E         : Runtime and build version of gralloc private structure does not match. Errors will likely follow.
06-02 16:34:36.143  2917  2917 W display : release fence dup failed: Bad file descriptor
06-02 16:34:36.146  2927  2927 I art     : VMRuntime.preloadDexCaches strings total=248908 before=10083 after=10083
06-02 16:34:36.146  2927  2927 I art     : VMRuntime.preloadDexCaches types total=20329 before=8245 after=9836
06-02 16:34:36.146  2927  2927 I art     : VMRuntime.preloadDexCaches fields total=100349 before=35755 after=47720
06-02 16:34:36.146  2927  2927 I art     : VMRuntime.preloadDexCaches methods total=172744 before=67597 after=83301
06-02 16:34:36.146  2927  2927 I art     : VMRuntime.preloadDexCaches finished
06-02 16:34:36.162  3331  3331 D idmap   : error: no read access to /vendor/overlay: No such file or directory
06-02 16:34:36.173  3042  3051 E         : invalid gralloc handle (at 0x7fad1eb400)
06-02 16:34:36.173  3042  3051 E         : Runtime and build version of gralloc private structure does not match. Errors will likely follow.
06-02 16:34:36.176  2917  2917 W display : release fence dup failed: Bad file descriptor
06-02 16:34:36.183  2927  2927 I Zygote  : Preloading resources...
06-02 16:34:36.206  3042  3051 E         : invalid gralloc handle (at 0x7fad1eb300)
06-02 16:34:36.206  3042  3051 E         : Runtime and build version of gralloc private structure does not match. Errors will likely follow.
06-02 16:34:36.210  2917  2917 W display : release fence dup failed: Bad file descriptor
06-02 16:34:36.240  3042  3051 E         : invalid gralloc handle (at 0x7fad1eb380)
06-02 16:34:36.240  3042  3051 E         : Runtime and build version of gralloc private structure does not match. Errors will likely follow.
06-02 16:34:36.244  2917  2917 W display : release fence dup failed: Bad file descriptor
06-02 16:34:36.273  3042  3051 E         : invalid gralloc handle (at 0x7fad1eb400)
06-02 16:34:36.273  3042  3051 E         : Runtime and build version of gralloc private structure does not match. Errors will likely follow.
06-02 16:34:36.278  2917  2917 W display : release fence dup failed: Bad file descriptor
06-02 16:34:36.306  3042  3051 E         : invalid gralloc handle (at 0x7fad1eb300)
06-02 16:34:36.307  3042  3051 E         : Runtime and build version of gralloc private structure does not match. Errors will likely follow.
06-02 16:34:36.312  2917  2917 W display : release fence dup failed: Bad file descriptor
06-02 16:34:36.340  3042  3051 E         : invalid gralloc handle (at 0x7fad1eb380)
06-02 16:34:36.340  3042  3051 E         : Runtime and build version of gralloc private structure does not match. Errors will likely follow.
06-02 16:34:36.346  2917  2917 W display : release fence dup failed: Bad file descriptor
06-02 16:34:36.374  3042  3051 E         : invalid gralloc handle (at 0x7fad1eb400)
06-02 16:34:36.374  3042  3051 E         : Runtime and build version of gralloc private structure does not match. Errors will likely follow.
06-02 16:34:36.380  2917  2917 W display : release fence dup failed: Bad file descriptor
06-02 16:34:36.407  3042  3051 E         : invalid gralloc handle (at 0x7fad1eb300)
06-02 16:34:36.407  3042  3051 E         : Runtime and build version of gralloc private structure does not match. Errors will likely follow.
06-02 16:34:36.414  2917  2917 W display : release fence dup failed: Bad file descriptor
06-02 16:34:36.440  3042  3051 E         : invalid gralloc handle (at 0x7fad1eb380)
06-02 16:34:36.440  3042  3051 E         : Runtime and build version of gralloc private structure does not match. Errors will likely follow.
06-02 16:34:36.448  2917  2917 W display : release fence dup failed: Bad file descriptor
06-02 16:34:36.474  3042  3051 E         : invalid gralloc handle (at 0x7fad1eb400)
06-02 16:34:36.474  3042  3051 E         : Runtime and build version of gralloc private structure does not match. Errors will likely follow.
06-02 16:34:36.482  2917  2917 W display : release fence dup failed: Bad file descriptor
06-02 16:34:36.503  3327  3327 I AudioFlinger: loadHwModule() Loaded primary audio interface from Samsung audio HW HAL (audio) handle 1
06-02 16:34:36.503  3327  3327 I AudioFlinger: openOutput(), module 1 Device 2, SamplingRate 48000, Format 0x000001, Channels 3, flags a
06-02 16:34:36.503  3327  3327 I AudioFlinger: AudioStreamOut::open(), mHalFormatIsLinearPcm = 1
06-02 16:34:36.503  3327  3327 I AudioFlinger: HAL output buffer size 1024 frames, normal sink buffer size 1024 frames
06-02 16:34:36.504  3327  3327 W EffectsFactory: loadLibrary() failed to open /system/lib/soundfx/libaudioeffectoffload.so
06-02 16:34:36.504  3327  3327 W EffectsFactory: loadLibrary() failed to open /system/lib/soundfx/libexynosvisualizer.so
06-02 16:34:36.506  3327  3327 W EffectsFactory: loadLibrary() failed to open /system/lib/libmysound.so
06-02 16:34:36.506  3327  3327 W EffectsFactory: loadLibrary() failed to open /system/lib/soundfx/libmyspace.so
06-02 16:34:36.506  3327  3327 W EffectsFactory: loadLibrary() failed to open /system/lib/libaudiosa.so
06-02 16:34:36.506  3327  3327 W EffectsFactory: loadLibrary() failed to open /system/lib/soundfx/libaudiosaplus_sec.so
06-02 16:34:36.506  3327  3327 W EffectsFactory: loadLibrary() failed to open /system/lib/libsamsungSoundbooster_plus.so
06-02 16:34:36.506  3327  3327 W EffectsFactory: loadEffect() could not get library soundbooster_plus
06-02 16:34:36.506  3327  3327 W EffectsFactory: addSubEffect() could not get library soundalive_sec
06-02 16:34:36.506  3327  3327 W EffectsFactory: loadEffect() could not add subEffect 
06-02 16:34:36.506  3327  3327 W EffectsFactory: loadEffect() could not get library soundalive
06-02 16:34:36.506  3327  3327 W EffectsFactory: loadEffect() could not get library soundalive
06-02 16:34:36.506  3327  3327 W EffectsFactory: loadEffect() could not get library soundalive
06-02 16:34:36.506  3327  3327 W EffectsFactory: addSubEffect() could not get library visualizer_hw
06-02 16:34:36.506  3327  3327 W EffectsFactory: loadEffect() could not add subEffect 
06-02 16:34:36.507  3327  3327 W EffectsFactory: addSubEffect() could not get library mysound
06-02 16:34:36.507  3327  3327 W EffectsFactory: loadEffect() could not add subEffect 
06-02 16:34:36.507  3327  3327 W EffectsFactory: addSubEffect() could not get library myspace
06-02 16:34:36.507  3327  3327 W EffectsFactory: loadEffect() could not add subEffect 
06-02 16:34:36.507  3327  3327 I BufferProvider: found effect "Multichannel Downmix To Stereo" from The Android Open Source Project
06-02 16:34:36.507  3327  3334 I AudioFlinger: AudioFlinger's thread 0xf48c0000 ready to run
06-02 16:34:36.507  3327  3327 I AudioFlinger: Using module 1 has the primary audio interface
06-02 16:34:36.507  3327  3334 V audio_hw_primary: do_out_standby: output standby: 1
06-02 16:34:36.507  3327  3334 V audio_hw_primary: out_set_parameters: key value pairs: routing=2
06-02 16:34:36.507  3327  3334 E AudioFlinger: no wake lock to update!
06-02 16:34:36.507  3042  3051 E         : invalid gralloc handle (at 0x7fad1eb300)
06-02 16:34:36.507  3042  3051 E         : Runtime and build version of gralloc private structure does not match. Errors will likely follow.
06-02 16:34:36.508  3327  3327 I AudioFlinger: openOutput(), module 1 Device 2, SamplingRate 48000, Format 0x000001, Channels 3, flags 4
06-02 16:34:36.508  3327  3327 I AudioFlinger: AudioStreamOut::open(), mHalFormatIsLinearPcm = 1
06-02 16:34:36.508  3327  3327 I AudioFlinger: HAL output buffer size 256 frames, normal sink buffer size 960 frames
06-02 16:34:36.508  3327  3327 E MonoPipe: Failed to fetch local time frequency when constructing a MonoPipe (res = -32).  getNextWriteTimestamp calls will be non-functional
06-02 16:34:36.508  3327  3336 I AudioFlinger: AudioFlinger's thread 0xf4540000 ready to run
06-02 16:34:36.508  3327  3336 V audio_hw_primary: out_set_parameters: key value pairs: routing=2
06-02 16:34:36.509  3327  3336 V audio_hw_primary: do_out_standby: output standby: 1
06-02 16:34:36.509  3327  3336 E AudioFlinger: no wake lock to update!
06-02 16:34:36.509  3327  3327 V audio_hw_primary: adev_open_input_stream: Requesting input stream with rate: 48000, channels: 0xc
06-02 16:34:36.509  3327  3337 I AudioFlinger: AudioFlinger's thread 0xf4240000 ready to run
06-02 16:34:36.510  3327  3327 I bt_a2dp_hw: adev_open:  adev_open in A2dp_hw module
06-02 16:34:36.510  3327  3327 I AudioFlinger: loadHwModule() Loaded a2dp audio interface from A2DP Audio HW HAL (audio) handle 5
06-02 16:34:36.510  3327  3327 I AudioFlinger: loadHwModule() Loaded usb audio interface from USB audio HW HAL (audio) handle 6
06-02 16:34:36.511  3327  3327 I r_submix: adev_open(name=audio_hw_if)
06-02 16:34:36.511  3327  3327 I r_submix: adev_init_check()
06-02 16:34:36.511  3327  3327 I AudioFlinger: loadHwModule() Loaded r_submix audio interface from Wifi Display audio HAL (audio) handle 7
06-02 16:34:36.511  3327  3327 D r_submix: adev_open_input_stream(addr=0)
06-02 16:34:36.511  3327  3327 D r_submix: submix_audio_device_create_pipe_l(addr=0, idx=9)
06-02 16:34:36.511  3327  3327 D r_submix:   now using address 0 for route 9
06-02 16:34:36.511  3327  3338 I AudioFlinger: AudioFlinger's thread 0xf41c0000 ready to run
06-02 16:34:36.511  3327  3327 D r_submix: adev_close_input_stream()
06-02 16:34:36.511  3327  3327 D r_submix: submix_audio_device_release_pipe_l(idx=9) addr=0
06-02 16:34:36.511  3327  3327 D r_submix: submix_audio_device_destroy_pipe_l(): pipe destroyed
06-02 16:34:36.511  3327  3327 F libc    : Fatal signal 11 (SIGSEGV), code 1, fault addr 0x0 in tid 3327 (mediaserver)
06-02 16:34:36.511  2920  2920 I DEBUG   : property debug.db.uid not set; NOT waiting for gdb.
06-02 16:34:36.511  2920  2920 I DEBUG   : HINT: adb shell setprop debug.db.uid 100000
06-02 16:34:36.511  2920  2920 I DEBUG   : HINT: adb forward tcp:5039 tcp:5039
06-02 16:34:36.515  2917  2917 W display : release fence dup failed: Bad file descriptor
06-02 16:34:36.541  3042  3051 E         : invalid gralloc handle (at 0x7fad1eb380)
06-02 16:34:36.541  3042  3051 E         : Runtime and build version of gralloc private structure does not match. Errors will likely follow.
06-02 16:34:36.549  2917  2917 W display : release fence dup failed: Bad file descriptor
06-02 16:34:36.562  2920  2920 F DEBUG   : *** *** *** *** *** *** *** *** *** *** *** *** *** *** *** ***
06-02 16:34:36.562  2920  2920 F DEBUG   : Build fingerprint: 'samsung/cm_hero2ltexx/hero2ltexx:6.0.1/MOB30J/b9e0e27e2e:eng/test-keys'
06-02 16:34:36.562  2920  2920 F DEBUG   : Revision: '0'
06-02 16:34:36.562  2920  2920 F DEBUG   : ABI: 'arm'
06-02 16:34:36.562  2920  2920 F DEBUG   : pid: 3327, tid: 3327, name: mediaserver  >>> /system/bin/mediaserver <<<
06-02 16:34:36.562  2920  2920 F DEBUG   : signal 11 (SIGSEGV), code 1 (SEGV_MAPERR), fault addr 0x0
06-02 16:34:36.565  2920  2920 F DEBUG   :     r0 f495e8f4  r1 00000000  r2 65732020  r3 00000007
06-02 16:34:36.565  2920  2920 F DEBUG   :     r4 00000008  r5 f495e8f2  r6 f734bbe0  r7 ffc6c184
06-02 16:34:36.565  2920  2920 F DEBUG   :     r8 f49be00c  r9 f7349431  sl f7349635  fp f495e8f2
06-02 16:34:36.565  2920  2920 F DEBUG   :     ip 00000000  sp ffc6c140  lr f73444f7  pc f6e973c8  cpsr 600f0010
06-02 16:34:36.565  2920  2920 F DEBUG   : 
06-02 16:34:36.565  2920  2920 F DEBUG   : backtrace:
06-02 16:34:36.565  2920  2920 F DEBUG   :     #00 pc 000183c8  /system/lib/libc.so (strcmp+152)
06-02 16:34:36.565  2920  2920 F DEBUG   :     #01 pc 000084f3  /system/lib/libaudiopolicyservice.so
06-02 16:34:36.565  2920  2920 F DEBUG   :     #02 pc 00020180  [stack]
06-02 16:34:36.574  3042  3051 E         : invalid gralloc handle (at 0x7fad1eb400)
06-02 16:34:36.574  3042  3051 E         : Runtime and build version of gralloc private structure does not match. Errors will likely follow.
06-02 16:34:36.583  2917  2917 W display : release fence dup failed: Bad file descriptor
06-02 16:34:36.599  3327  3327 W mediaserver: type=1701 audit(0.0:138): auid=4294967295 uid=1013 gid=1005 ses=4294967295 exe="/system/bin/mediaserver" sig=11
06-02 16:34:36.607  2920  2920 F DEBUG   : 
06-02 16:34:36.607  2920  2920 F DEBUG   : Tombstone written to: /data/tombstones/tombstone_01
06-02 16:34:36.608  3042  3051 E         : invalid gralloc handle (at 0x7fad1eb300)
06-02 16:34:36.608  3042  3051 E         : Runtime and build version of gralloc private structure does not match. Errors will likely follow.
06-02 16:34:36.610  2916  2916 I ServiceManager: service 'media.audio_flinger' died
06-02 16:34:36.610  2916  2916 I ServiceManager: service 'media.player' died
06-02 16:34:36.610  2916  2916 I ServiceManager: service 'media.resource_manager' died
06-02 16:34:36.610  2916  2916 I ServiceManager: service 'media.camera' died
06-02 16:34:36.615  2927  2927 I Zygote  : ...preloaded 342 resources in 432ms.
06-02 16:34:36.617  2917  2917 W display : release fence dup failed: Bad file descriptor
06-02 16:34:36.624  2927  2927 I Zygote  : ...preloaded 41 resources in 10ms.
06-02 16:34:36.631  2927  2927 D libEGL  : loaded /vendor/lib64/egl/libGLES_mali.so
06-02 16:34:36.637  2927  2927 I Zygote  : Preloading shared libraries...
06-02 16:34:36.641  3042  3051 E         : invalid gralloc handle (at 0x7fad1eb380)
06-02 16:34:36.641  3042  3051 E         : Runtime and build version of gralloc private structure does not match. Errors will likely follow.
06-02 16:34:36.650  2927  2927 D Zygote  : end preload
06-02 16:34:36.650  2927  2927 I art     : Starting a blocking GC Explicit
06-02 16:34:36.651  2917  2917 W display : release fence dup failed: Bad file descriptor
06-02 16:34:36.661  2927  2927 I art     : Explicit concurrent mark sweep GC freed 11424(461KB) AllocSpace objects, 0(0B) LOS objects, 35% free, 29MB/45MB, paused 50us total 10.705ms
06-02 16:34:36.669  2927  2927 I art     : Starting a blocking GC Explicit
06-02 16:34:36.674  3042  3051 E         : invalid gralloc handle (at 0x7fad1eb400)
06-02 16:34:36.674  3042  3051 E         : Runtime and build version of gralloc private structure does not match. Errors will likely follow.
06-02 16:34:36.678  2927  2927 I art     : Explicit concurrent mark sweep GC freed 2696(126KB) AllocSpace objects, 0(0B) LOS objects, 35% free, 28MB/44MB, paused 50us total 9.018ms
06-02 16:34:36.679  2927  3325 I art     : Starting a blocking GC HeapTrim
06-02 16:34:36.679  2927  2927 I art     : Starting a blocking GC Background
06-02 16:34:36.685  2917  2917 W display : release fence dup failed: Bad file descriptor
06-02 16:34:36.708  3042  3051 E         : invalid gralloc handle (at 0x7fad1eb300)
06-02 16:34:36.708  3042  3051 E         : Runtime and build version of gralloc private structure does not match. Errors will likely follow.
06-02 16:34:36.719  2917  2917 W display : release fence dup failed: Bad file descriptor
06-02 16:34:36.727  2927  2927 I Zygote  : System server process 3343 has been created
06-02 16:34:36.728  2927  2927 I Zygote  : Accepting command socket connections
06-02 16:34:36.732  3343  3343 W Zygote  : Got error connecting to zygote, retrying. msg= No such file or directory
06-02 16:34:36.741  3042  3051 E         : invalid gralloc handle (at 0x7fad1eb380)
06-02 16:34:36.741  3042  3051 E         : Runtime and build version of gralloc private structure does not match. Errors will likely follow.
06-02 16:34:36.753  2917  2917 W display : release fence dup failed: Bad file descriptor
