--------- beginning of main
06-15 19:12:52.460  3062  3062 W auditd  : type=1325 audit(0.0:2): table=filter family=2 entries=0
06-15 19:12:52.460  3062  3062 W auditd  : type=1325 audit(0.0:3): table=mangle family=2 entries=0
06-15 19:12:52.460  3062  3062 W auditd  : type=1325 audit(0.0:4): table=nat family=2 entries=0
06-15 19:12:52.460  3062  3062 W auditd  : type=1325 audit(0.0:5): table=raw family=2 entries=0
06-15 19:12:52.460  3062  3062 W auditd  : type=1325 audit(0.0:6): table=security family=2 entries=0
06-15 19:12:52.460  3062  3062 W auditd  : type=1325 audit(0.0:7): table=filter family=3 entries=0
06-15 19:12:52.460  3062  3062 W auditd  : type=1325 audit(0.0:8): table=filter family=10 entries=0
06-15 19:12:52.460  3062  3062 W auditd  : type=1325 audit(0.0:9): table=mangle family=10 entries=0
06-15 19:12:52.460  3062  3062 W auditd  : type=1325 audit(0.0:10): table=raw family=10 entries=0
06-15 19:12:52.460  3062  3062 W auditd  : type=1325 audit(0.0:11): table=nat family=10 entries=0
06-15 19:12:52.849  3062  3062 W auditd  : type=1305 audit(0.0:12): audit_pid=2907 old=0 auid=4294967295 ses=4294967295 res=1
06-15 19:12:52.849  3062  3062 W auditd  : type=1305 audit(0.0:13): audit_rate_limit=20 old=0 auid=4294967295 ses=4294967295 res=1
--------- beginning of system
06-15 19:12:52.877  2908  2908 I vold    : Vold 3.0 (the awakening) firing up
06-15 19:12:52.878  2908  2908 V vold    : Detected support for: exfat ext4 ntfs vfat
06-15 19:12:52.890  2919  2919 I lowmemorykiller: Using in-kernel low memory killer interface
06-15 19:12:52.890  2923  2923 I sysinit : Running /system/etc/init.d/00banner 
06-15 19:12:52.892  2929  2929 I DEBUG   : debuggerd: starting
06-15 19:12:52.897  2927  2927 I Netd    : Netd 1.0 starting
06-15 19:12:52.903  2933  2933 I installd: installd firing up
06-15 19:12:52.903  2927  2927 I QtiConnectivityAdapter: Failed to open libconnctrl, some features may not be present.
06-15 19:12:52.903  2927  2927 D TetherController: Setting IP forward enable = 0
06-15 19:12:52.907  3017  3017 I cm      : ____ _   _ ____ _  _ ____ ____ ____ _  _ _  _ ____ ___ 
06-15 19:12:52.910  2937  2937 I gatekeeperd: Starting gatekeeperd...
06-15 19:12:52.910  2937  2937 W gatekeeperd: falling back to software GateKeeper
06-15 19:12:52.910  2934  2934 I keystore: Found keymaster0 module Keymaster OpenSSL HAL, version 2
06-15 19:12:52.910  2934  2934 I SoftKeymaster: system/keymaster/soft_keymaster_device.cpp, Line 122: Creating device
06-15 19:12:52.910  2934  2934 D SoftKeymaster: system/keymaster/soft_keymaster_device.cpp, Line 123: Device address: 0x7f8ede3000
06-15 19:12:52.911  2934  2934 I keystore: Keymaster0 module is software-only.  Using SoftKeymasterDevice instead.
06-15 19:12:52.911  2934  2934 I SoftKeymaster: system/keymaster/soft_keymaster_device.cpp, Line 122: Creating device
06-15 19:12:52.911  2934  2934 D SoftKeymaster: system/keymaster/soft_keymaster_device.cpp, Line 123: Device address: 0x7f8ede3300
06-15 19:12:52.911  2934  2934 I keystore: SELinux: Keystore SELinux is disabled.
06-15 19:12:52.918  3020  3020 I cm      : |     \_/  |__| |\ | |  | | __ |___ |\ | |\/| |  | |  \ 
06-15 19:12:52.918  2940  2940 I fingerprintd: Starting fingerprintd
06-15 19:12:52.919  2928  2928 I DEBUG   : debuggerd: starting
06-15 19:12:52.919  2939  2939 I perfprofd: starting Android Wide Profiling daemon
06-15 19:12:52.920  2939  2939 E perfprofd: unable to open configuration file /data/data/com.google.android.gms/files/perfprofd.conf
06-15 19:12:52.920  2939  2939 I perfprofd: random seed set to 4227333245
06-15 19:12:52.923  3034  3034 I cm      : |___   |   |  | | \| |__| |__] |___ | \| |  | |__| |__/ 
06-15 19:12:52.925  2921  2921 I SurfaceFlinger: SurfaceFlinger is starting
06-15 19:12:52.925  2921  2921 I SurfaceFlinger: SurfaceFlinger's main thread ready to run. Initializing graphics H/W...
06-15 19:12:52.939  3062  3062 W auditd  : type=1325 audit(0.0:14): table=filter family=2 entries=4
06-15 19:12:52.939  3062  3062 W auditd  : type=1320 audit(0.0:14): 
06-15 19:12:52.939  3062  3062 W auditd  : type=1325 audit(0.0:15): table=filter family=10 entries=4
06-15 19:12:52.939  3062  3062 W auditd  : type=1320 audit(0.0:15): 
06-15 19:12:52.942  3047  3047 I cm      : Welcome to Android 6.0.1 / CyanogenMod-13.0-20160615-UNOFFICIAL-hero2ltexx 
06-15 19:12:52.947  3049  3049 I sysinit : Running /system/etc/init.d/90userinit 
06-15 19:12:52.949  3062  3062 W auditd  : type=1325 audit(0.0:16): table=filter family=2 entries=6
06-15 19:12:52.949  3062  3062 W auditd  : type=1320 audit(0.0:16): 
06-15 19:12:52.949  3062  3062 W auditd  : type=1325 audit(0.0:17): table=filter family=10 entries=6
06-15 19:12:52.949  3062  3062 W auditd  : type=1320 audit(0.0:17): 
06-15 19:12:52.976  2921  2921 D libEGL  : loaded /vendor/lib64/egl/libGLES_mali.so
06-15 19:12:52.978  2922  2922 W McDaemon: Cannot open trustlet /system/app/FFFFFFFF000000000000000000000001.drbin (2) [hardware/samsung_slsi/exynos8890/mobicore/Daemon/src/SecureWorld.cpp:178]
06-15 19:12:52.999  3062  3062 W auditd  : type=1325 audit(0.0:18): table=filter family=2 entries=7
06-15 19:12:52.999  3062  3062 W auditd  : type=1320 audit(0.0:18): 
06-15 19:12:53.009  3062  3062 W auditd  : type=1325 audit(0.0:19): table=filter family=10 entries=7
06-15 19:12:53.009  3062  3062 W auditd  : type=1320 audit(0.0:19): 
06-15 19:12:53.015  2921  2921 I gralloc : using (id=)
06-15 19:12:53.015  2921  2921 I gralloc : xres         = 1440 px
06-15 19:12:53.015  2921  2921 I gralloc : yres         = 2560 px
06-15 19:12:53.015  2921  2921 I gralloc : width        = 68 mm (537.882324 dpi)
06-15 19:12:53.015  2921  2921 I gralloc : height       = 122 mm (532.983582 dpi)
06-15 19:12:53.015  2921  2921 I gralloc : refresh rate = 59.31 Hz
06-15 19:12:53.019  3062  3062 W auditd  : type=1325 audit(0.0:20): table=filter family=2 entries=9
06-15 19:12:53.019  3062  3062 W auditd  : type=1320 audit(0.0:20): 
06-15 19:12:53.019  3062  3062 W auditd  : type=1325 audit(0.0:21): table=filter family=10 entries=9
06-15 19:12:53.019  3062  3062 W auditd  : type=1320 audit(0.0:21): 
06-15 19:12:53.024  2921  2921 E HAL     : load: module=/system/lib64/hw/hwcomposer.exynos5.so
06-15 19:12:53.024  2921  2921 E HAL     : dlopen failed: library "libExynosHWCService.so" not found
06-15 19:12:53.024  2921  2921 E SurfaceFlinger: hwcomposer module not found
06-15 19:12:53.024  2921  2921 I SurfaceFlinger: EGL information:
06-15 19:12:53.024  2921  2921 I SurfaceFlinger: vendor    : Android
06-15 19:12:53.024  2921  2921 I SurfaceFlinger: version   : 1.4 Android META-EGL
06-15 19:12:53.024  2921  2921 I SurfaceFlinger: extensions: EGL_KHR_get_all_proc_addresses EGL_ANDROID_presentation_time EGL_KHR_swap_buffers_with_damage EGL_KHR_image EGL_KHR_image_base EGL_KHR_gl_texture_2D_image EGL_KHR_gl_texture_cubemap_image EGL_KHR_gl_renderbuffer_image EGL_KHR_fence_sync EGL_KHR_create_context EGL_KHR_config_attribs EGL_KHR_surfaceless_context EGL_EXT_create_context_robustness EGL_ANDROID_image_native_buffer EGL_KHR_wait_sync EGL_ANDROID_recordable EGL_KHR_partial_update 
06-15 19:12:53.024  2921  2921 I SurfaceFlinger: Client API: OpenGL_ES
06-15 19:12:53.024  2921  2921 I SurfaceFlinger: EGLSurface: 8-8-8-8, config=0x7f9edd0128
06-15 19:12:53.025  2921  2921 D         : ro.exynos.dss isEnabled: 0
06-15 19:12:53.031  2921  2921 I SurfaceFlinger: OpenGL ES informations:
06-15 19:12:53.031  2921  2921 I SurfaceFlinger: vendor    : ARM
06-15 19:12:53.031  2921  2921 I SurfaceFlinger: renderer  : Mali-T880
06-15 19:12:53.031  2921  2921 I SurfaceFlinger: version   : OpenGL ES 3.1 v1.r9p0-12dev0.c2bae768d87bf40047e1f310c8de7f16
06-15 19:12:53.031  2921  2921 I SurfaceFlinger: extensions: GL_EXT_debug_marker GL_ARM_rgba8 GL_ARM_mali_shader_binary GL_OES_depth24 GL_OES_depth_texture GL_OES_depth_texture_cube_map GL_OES_packed_depth_stencil GL_OES_rgb8_rgba8 GL_EXT_read_format_bgra GL_OES_compressed_paletted_texture GL_OES_compressed_ETC1_RGB8_texture GL_OES_standard_derivatives GL_OES_EGL_image GL_OES_EGL_image_external GL_OES_EGL_sync GL_OES_texture_npot GL_OES_vertex_half_float GL_OES_required_internalformat GL_OES_vertex_array_object GL_OES_mapbuffer GL_EXT_texture_format_BGRA8888 GL_EXT_texture_rg GL_EXT_texture_type_2_10_10_10_REV GL_OES_fbo_render_mipmap GL_OES_element_index_uint GL_EXT_shadow_samplers GL_OES_texture_compression_astc GL_KHR_texture_compression_astc_ldr GL_KHR_texture_compression_astc_hdr GL_KHR_debug GL_EXT_occlusion_query_boolean GL_EXT_disjoint_timer_query GL_EXT_blend_minmax GL_EXT_discard_framebuffer GL_OES_get_program_binary GL_OES_texture_3D GL_EXT_texture_storage GL_EXT_multisampled_render_to_texture GL_OES_surfaceless_context GL_OES_texture_stencil8 G
06-15 19:12:53.031  2921  2921 I SurfaceFlinger: GL_MAX_TEXTURE_SIZE = 8192
06-15 19:12:53.031  2921  2921 I SurfaceFlinger: GL_MAX_VIEWPORT_DIMS = 8192
06-15 19:12:53.032  2921  2921 D mali_winsys: new_window_surface returns 0x3000,  [1440x2560]-format:1
06-15 19:12:53.058  2921  2921 D SurfaceFlinger: Set power mode=2, type=0 flinger=0x7f9f283c00
06-15 19:12:53.059  3062  3062 W auditd  : type=1325 audit(0.0:22): table=filter family=2 entries=10
06-15 19:12:53.059  3062  3062 W auditd  : type=1320 audit(0.0:22): 
06-15 19:12:53.059  3062  3062 W auditd  : type=1325 audit(0.0:23): table=filter family=10 entries=10
06-15 19:12:53.059  3062  3062 W auditd  : type=1320 audit(0.0:23): 
06-15 19:12:53.069  3062  3062 W auditd  : type=1325 audit(0.0:24): table=filter family=2 entries=12
06-15 19:12:53.069  3062  3062 W auditd  : type=1320 audit(0.0:24): 
06-15 19:12:53.069  3062  3062 W auditd  : type=1325 audit(0.0:25): table=filter family=10 entries=12
06-15 19:12:53.069  3062  3062 W auditd  : type=1320 audit(0.0:25): 
06-15 19:12:53.097  2922  2922 W McDaemon: mcRegistry read So.Soc failed: 16 [hardware/samsung_slsi/exynos8890/mobicore/Daemon/src/PrivateRegistry.cpp:374]
06-15 19:12:53.097  2922  2922 W McDaemon: mcRegistry read So.Soc failed: 16 [hardware/samsung_slsi/exynos8890/mobicore/Daemon/src/PrivateRegistry.cpp:429]
06-15 19:12:53.097  2922  2922 W McDaemon: mcRegistry read So.Root failed: 16 [hardware/samsung_slsi/exynos8890/mobicore/Daemon/src/PrivateRegistry.cpp:533]
06-15 19:12:53.097  2922  2922 W McDaemon: Device endorsements not supported! [hardware/samsung_slsi/exynos8890/mobicore/Daemon/src/MobiCoreDriverDaemon.cpp:588]
06-15 19:12:53.097  2922  2922 I McDaemon: Daemon starting up... [hardware/samsung_slsi/exynos8890/mobicore/Daemon/src/MobiCoreDriverDaemon.cpp:548]
06-15 19:12:53.097  2922  2922 I McDaemon: Interface version is 0.4 [hardware/samsung_slsi/exynos8890/mobicore/Daemon/src/MobiCoreDriverDaemon.cpp:550]
06-15 19:12:53.097  2922  2922 I McDaemon: t-base-EXYNOS64-Android-310B-V005-20151221_084810_68 [hardware/samsung_slsi/exynos8890/mobicore/Daemon/src/MobiCoreDriverDaemon.cpp:552]
06-15 19:12:53.097  2922  2922 I McDaemon: Build timestamp is Apr  1 2016 21:03:15 [hardware/samsung_slsi/exynos8890/mobicore/Daemon/src/MobiCoreDriverDaemon.cpp:553]
06-15 19:12:53.098  2922  3103 I TeeDriverClient: driver client open [hardware/samsung_slsi/exynos8890/mobicore/ClientLib/src/driver_client.cpp:103]
06-15 19:12:53.098  2922  2922 W McDaemon: Cannot open trustlet /data/app/mcRegistry/07050501000000000000000000000020.tlbin (2) [hardware/samsung_slsi/exynos8890/mobicore/Daemon/src/SecureWorld.cpp:178]
06-15 19:12:53.099  3062  3062 W auditd  : type=1325 audit(0.0:26): table=filter family=2 entries=13
06-15 19:12:53.099  3062  3062 W auditd  : type=1320 audit(0.0:26): 
06-15 19:12:53.099  2922  3103 I TeeFilesystem: void FileSystem::Impl::run(): Start listening for request from STH2 [hardware/samsung_slsi/exynos8890/mobicore/Daemon/src/FSD2.cpp:376]
06-15 19:12:53.104  2932  2932 I mediaserver: ServiceManager: 0xf670e120
06-15 19:12:53.104  2932  2932 I AudioFlinger: Using default 3000 mSec as standby time.
06-15 19:12:53.104  2932  2932 E BatteryNotifier: batterystats service unavailable!
06-15 19:12:53.104  2932  2932 E BatteryNotifier: batterystats service unavailable!
06-15 19:12:53.104  2932  2932 I CameraService: CameraService started (pid=2932)
06-15 19:12:53.104  2932  2932 I CameraService: CameraService process starting
06-15 19:12:53.105  2932  2932 E BatteryNotifier: batterystats service unavailable!
06-15 19:12:53.105  2932  2932 E BatteryNotifier: batterystats service unavailable!
06-15 19:12:53.105  2932  2932 E CameraService: Could not load camera HAL module: -2 (No such file or directory)
06-15 19:12:53.106  2932  2932 I AudioPolicyService: AudioPolicyService CSTOR in new mode
06-15 19:12:53.106  3106  3106 I CSTORAGE: ============================================================
06-15 19:12:53.106  3106  3106 I CSTORAGE:  CSTORAGE, v1.0.43, OS = android, ChipId = ex8890
06-15 19:12:53.106  3106  3106 I CSTORAGE: ============================================================
06-15 19:12:53.106  3106  3106 I CSTORAGE: ============================================================
06-15 19:12:53.106  3106  3106 I CSTORAGE:  CSTORAGE_SKM_LIB, v1.0.43, OS = android, ChipId = ex8890
06-15 19:12:53.106  3106  3106 I CSTORAGE: ============================================================
06-15 19:12:53.106  2932  2932 I APM::ConfigParsingUtils: loadAudioPolicyConfig() loaded /system/etc/audio_policy.conf
06-15 19:12:53.109  3062  3062 W auditd  : type=1325 audit(0.0:27): table=filter family=10 entries=13
06-15 19:12:53.109  3062  3062 W auditd  : type=1320 audit(0.0:27): 
06-15 19:12:53.109  3062  3062 W auditd  : type=1325 audit(0.0:28): table=filter family=2 entries=15
06-15 19:12:53.109  3062  3062 W auditd  : type=1320 audit(0.0:28): 
06-15 19:12:53.119  3062  3062 W auditd  : type=1325 audit(0.0:29): table=filter family=10 entries=15
06-15 19:12:53.119  3062  3062 W auditd  : type=1320 audit(0.0:29): 
06-15 19:12:53.149  3062  3062 W auditd  : type=1325 audit(0.0:30): table=filter family=2 entries=16
06-15 19:12:53.149  3062  3062 W auditd  : type=1320 audit(0.0:30): 
06-15 19:12:53.159  3062  3062 W auditd  : type=1325 audit(0.0:31): table=filter family=10 entries=16
06-15 19:12:53.159  3062  3062 W auditd  : type=1320 audit(0.0:31): 
06-15 19:12:53.159  3062  3062 W auditd  : type=1325 audit(0.0:32): table=filter family=2 entries=18
06-15 19:12:53.159  3062  3062 W auditd  : type=1320 audit(0.0:32): 
06-15 19:12:53.169  3062  3062 W auditd  : type=1325 audit(0.0:33): table=filter family=10 entries=18
06-15 19:12:53.264  2936  2936 D AndroidRuntime: >>>>>> START com.android.internal.os.ZygoteInit uid 0 <<<<<<
06-15 19:12:53.271  2921  2921 D SurfaceFlinger: SF. shader cache generated - 26 shaders in 208.942581 ms
06-15 19:12:53.277  2936  2936 D AndroidRuntime: CheckJNI is ON
06-15 19:12:53.281  2936  2936 I art     : option[0]=-Xzygote
06-15 19:12:53.281  2936  2936 I art     : option[1]=-Xcheck:jni
06-15 19:12:53.281  2936  2936 I art     : option[2]=-Xstacktracefile:/data/anr/traces.txt
06-15 19:12:53.281  2936  2936 I art     : option[3]=exit
06-15 19:12:53.281  2936  2936 I art     : option[4]=vfprintf
06-15 19:12:53.281  2936  2936 I art     : option[5]=sensitiveThread
06-15 19:12:53.281  2936  2936 I art     : option[6]=-verbose:gc
06-15 19:12:53.281  2936  2936 I art     : option[7]=-Xms8m
06-15 19:12:53.281  2936  2936 I art     : option[8]=-Xmx512m
06-15 19:12:53.282  2936  2936 I art     : option[9]=-XX:HeapGrowthLimit=256m
06-15 19:12:53.282  2936  2936 I art     : option[10]=-XX:HeapMinFree=2m
06-15 19:12:53.282  2936  2936 I art     : option[11]=-XX:HeapMaxFree=8m
06-15 19:12:53.282  2936  2936 I art     : option[12]=-XX:HeapTargetUtilization=0.75
06-15 19:12:53.282  2936  2936 I art     : option[13]=-Xusejit:true
06-15 19:12:53.282  2936  2936 I art     : option[14]=-agentlib:jdwp=transport=dt_android_adb,suspend=n,server=y
06-15 19:12:53.282  2936  2936 I art     : option[15]=-Xlockprofthreshold:500
06-15 19:12:53.282  2936  2936 I art     : option[16]=-Ximage-compiler-option
06-15 19:12:53.282  2936  2936 I art     : option[17]=--runtime-arg
06-15 19:12:53.282  2936  2936 I art     : option[18]=-Ximage-compiler-option
06-15 19:12:53.282  2936  2936 I art     : option[19]=-Xms64m
06-15 19:12:53.282  2936  2936 I art     : option[20]=-Ximage-compiler-option
06-15 19:12:53.282  2936  2936 I art     : option[21]=--runtime-arg
06-15 19:12:53.282  2936  2936 I art     : option[22]=-Ximage-compiler-option
06-15 19:12:53.282  2936  2936 I art     : option[23]=-Xmx64m
06-15 19:12:53.282  2936  2936 I art     : option[24]=-Ximage-compiler-option
06-15 19:12:53.282  2936  2936 I art     : option[25]=--compiler-filter=verify-at-runtime
06-15 19:12:53.282  2936  2936 I art     : option[26]=-Ximage-compiler-option
06-15 19:12:53.282  2936  2936 I art     : option[27]=--image-classes=/system/etc/preloaded-classes
06-15 19:12:53.282  2936  2936 I art     : option[28]=-Xcompiler-option
06-15 19:12:53.282  2936  2936 I art     : option[29]=--runtime-arg
06-15 19:12:53.282  2936  2936 I art     : option[30]=-Xcompiler-option
06-15 19:12:53.282  2936  2936 I art     : option[31]=-Xms64m
06-15 19:12:53.282  2936  2936 I art     : option[32]=-Xcompiler-option
06-15 19:12:53.282  2936  2936 I art     : option[33]=--runtime-arg
06-15 19:12:53.282  2936  2936 I art     : option[34]=-Xcompiler-option
06-15 19:12:53.282  2936  2936 I art     : option[35]=-Xmx512m
06-15 19:12:53.282  2936  2936 I art     : option[36]=-Xcompiler-option
06-15 19:12:53.282  2936  2936 I art     : option[37]=--compiler-filter=verify-at-runtime
06-15 19:12:53.282  2936  2936 I art     : option[38]=-Ximage-compiler-option
06-15 19:12:53.282  2936  2936 I art     : option[39]=--instruction-set-variant=generic
06-15 19:12:53.282  2936  2936 I art     : option[40]=-Xcompiler-option
06-15 19:12:53.282  2936  2936 I art     : option[41]=--instruction-set-variant=generic
06-15 19:12:53.282  2936  2936 I art     : option[42]=-Ximage-compiler-option
06-15 19:12:53.282  2936  2936 I art     : option[43]=--instruction-set-features=default
06-15 19:12:53.282  2936  2936 I art     : option[44]=-Xcompiler-option
06-15 19:12:53.282  2936  2936 I art     : option[45]=--instruction-set-features=default
06-15 19:12:53.282  2936  2936 I art     : option[46]=-Duser.locale=en-US
06-15 19:12:53.282  2936  2936 I art     : option[47]=--cpu-abilist=arm64-v8a,armeabi
06-15 19:12:53.282  2936  2936 I art     : option[48]=-Xfingerprint:samsung/cm_hero2ltexx/hero2ltexx:6.0.1/MOB30J/ded5f772e0:eng/test-keys
06-15 19:12:53.295  3093  3130 D libEGL  : loaded /vendor/lib64/egl/libGLES_mali.so
06-15 19:12:53.313  3093  3130 D mali_winsys: new_window_surface returns 0x3000,  [1440x2560]-format:2
06-15 19:12:53.313  3093  3130 D         : ro.exynos.dss isEnabled: 0
06-15 19:12:53.317  3093  3130 E BootAnimation: couldn't find audio_conf.txt
06-15 19:12:53.342  3093  3130 D BootAnimation: Use save memory method, maybe small fps in actual.
06-15 19:12:53.377  2936  2936 D ICU     : No timezone override file found: /data/misc/zoneinfo/current/icu/icu_tzdata.dat
06-15 19:12:53.467  2921  2921 E         : invalid gralloc handle (at 0x7f9f296690)
06-15 19:12:53.467  2921  2921 E         : Runtime and build version of gralloc private structure does not match. Errors will likely follow.
06-15 19:12:53.472  2921  2921 E gralloc : invalid gralloc handle (at 0x7f9f296690)
06-15 19:12:53.472  2921  2921 E SurfaceFlinger: error posting framebuffer: -22
06-15 19:12:53.501  2921  2921 E         : invalid gralloc handle (at 0x7f9f296620)
06-15 19:12:53.501  2921  2921 E         : Runtime and build version of gralloc private structure does not match. Errors will likely follow.
06-15 19:12:53.506  2921  2921 E gralloc : invalid gralloc handle (at 0x7f9f296620)
06-15 19:12:53.506  2921  2921 E SurfaceFlinger: error posting framebuffer: -22
06-15 19:12:53.535  2921  2921 E         : invalid gralloc handle (at 0x7f9f2965b0)
06-15 19:12:53.535  2921  2921 E         : Runtime and build version of gralloc private structure does not match. Errors will likely follow.
06-15 19:12:53.539  2921  2921 E gralloc : invalid gralloc handle (at 0x7f9f2965b0)
06-15 19:12:53.539  2921  2921 E SurfaceFlinger: error posting framebuffer: -22
06-15 19:12:53.565  2936  2936 I Radio-JNI: register_android_hardware_Radio DONE
06-15 19:12:53.568  2921  2921 E         : invalid gralloc handle (at 0x7f9f296540)
06-15 19:12:53.568  2921  2921 E         : Runtime and build version of gralloc private structure does not match. Errors will likely follow.
06-15 19:12:53.572  2921  2921 E gralloc : invalid gralloc handle (at 0x7f9f296540)
06-15 19:12:53.572  2921  2921 E SurfaceFlinger: error posting framebuffer: -22
06-15 19:12:53.612  2936  2936 I SamplingProfilerIntegration: Profiling disabled.
06-15 19:12:53.613  2936  2936 D Zygote  : begin preload
06-15 19:12:53.615  2936  2936 I Zygote  : Preloading classes...
06-15 19:12:53.636  2921  2921 E         : invalid gralloc handle (at 0x7f9f296690)
06-15 19:12:53.636  2921  2921 E         : Runtime and build version of gralloc private structure does not match. Errors will likely follow.
06-15 19:12:53.640  2921  2921 E gralloc : invalid gralloc handle (at 0x7f9f296690)
06-15 19:12:53.640  2921  2921 E SurfaceFlinger: error posting framebuffer: -22
06-15 19:12:53.649  2932  2932 E audio_route: Failed to open /system/etc/mixer_paths.xml
06-15 19:12:53.653  2921  2921 E         : invalid gralloc handle (at 0x7f9f296620)
06-15 19:12:53.653  2921  2921 E         : Runtime and build version of gralloc private structure does not match. Errors will likely follow.
06-15 19:12:53.654  2932  2932 I AudioFlinger: loadHwModule() Loaded primary audio interface from Samsung audio HW HAL (audio) handle 1
06-15 19:12:53.655  2932  2932 I AudioFlinger: openOutput(), module 1 Device 2, SamplingRate 44100, Format 0x000001, Channels 3, flags 2
06-15 19:12:53.655  2932  2932 I AudioFlinger: AudioStreamOut::open(), mHalFormatIsLinearPcm = 1
06-15 19:12:53.655  2932  2932 I AudioFlinger: HAL output buffer size 256 frames, normal sink buffer size 960 frames
06-15 19:12:53.657  2921  2921 E gralloc : invalid gralloc handle (at 0x7f9f296620)
06-15 19:12:53.657  2921  2921 E SurfaceFlinger: error posting framebuffer: -22
06-15 19:12:53.660  2932  2932 I BufferProvider: found effect "Multichannel Downmix To Stereo" from The Android Open Source Project
06-15 19:12:53.660  2932  2932 E MonoPipe: Failed to fetch local time frequency when constructing a MonoPipe (res = -32).  getNextWriteTimestamp calls will be non-functional
06-15 19:12:53.660  2932  2932 I AudioFlinger: Using module 1 has the primary audio interface
06-15 19:12:53.660  2932  3283 I AudioFlinger: AudioFlinger's thread 0xf4c00000 ready to run
06-15 19:12:53.661  2932  3283 V audio_hw_primary: do_out_standby: output standby: 1
06-15 19:12:53.661  2932  3283 V audio_hw_primary: out_set_parameters: key value pairs: routing=2
06-15 19:12:53.661  2932  3283 E AudioFlinger: no wake lock to update!
06-15 19:12:53.661  2932  2932 V audio_hw_primary: adev_open_input_stream: Created resampler converting 48000 -> 16000
06-15 19:12:53.661  2932  2932 V audio_hw_primary: adev_open_input_stream: Requesting input stream with rate: 16000, channels: 0xc
06-15 19:12:53.661  2932  3284 I AudioFlinger: AudioFlinger's thread 0xf4840000 ready to run
06-15 19:12:53.663  2932  2932 I r_submix: adev_open(name=audio_hw_if)
06-15 19:12:53.663  2932  2932 I r_submix: adev_init_check()
06-15 19:12:53.663  2932  2932 I AudioFlinger: loadHwModule() Loaded r_submix audio interface from Wifi Display audio HAL (audio) handle 4
06-15 19:12:53.663  2932  2932 D r_submix: adev_open_input_stream(addr=0)
06-15 19:12:53.663  2932  2932 D r_submix: submix_audio_device_create_pipe_l(addr=0, idx=9)
06-15 19:12:53.663  2932  2932 D r_submix:   now using address 0 for route 9
06-15 19:12:53.663  2932  3285 I AudioFlinger: AudioFlinger's thread 0xf4840000 ready to run
06-15 19:12:53.663  2932  2932 D r_submix: adev_close_input_stream()
06-15 19:12:53.663  2932  2932 D r_submix: submix_audio_device_release_pipe_l(idx=9) addr=0
06-15 19:12:53.663  2932  2932 D r_submix: submix_audio_device_destroy_pipe_l(): pipe destroyed
06-15 19:12:53.663  2932  2932 E SoundTriggerHwService: couldn't load sound trigger module sound_trigger.primary (No such file or directory)
06-15 19:12:53.664  2932  2932 I RadioService: RadioService
06-15 19:12:53.664  2932  2932 I RadioService: onFirstRef
06-15 19:12:53.664  2932  2932 E RadioService: couldn't load radio module radio.primary (No such file or directory)
06-15 19:12:53.703  2921  2921 E         : invalid gralloc handle (at 0x7f9f2965b0)
06-15 19:12:53.703  2921  2921 E         : Runtime and build version of gralloc private structure does not match. Errors will likely follow.
06-15 19:12:53.707  2921  2921 E gralloc : invalid gralloc handle (at 0x7f9f2965b0)
06-15 19:12:53.707  2921  2921 E SurfaceFlinger: error posting framebuffer: -22
06-15 19:12:53.720  2921  2921 E         : invalid gralloc handle (at 0x7f9f296540)
06-15 19:12:53.720  2921  2921 E         : Runtime and build version of gralloc private structure does not match. Errors will likely follow.
06-15 19:12:53.724  2921  2921 E gralloc : invalid gralloc handle (at 0x7f9f296540)
06-15 19:12:53.724  2921  2921 E SurfaceFlinger: error posting framebuffer: -22
06-15 19:12:53.751  2927  2927 V NatController: runCmd(/system/bin/iptables -w -F natctrl_FORWARD) res=0
06-15 19:12:53.756  2927  2927 V NatController: runCmd(/system/bin/iptables -w -A natctrl_FORWARD -j DROP) res=0
06-15 19:12:53.760  2927  2927 V NatController: runCmd(/system/bin/iptables -w -t nat -F natctrl_nat_POSTROUTING) res=0
06-15 19:12:53.765  2927  2927 V NatController: runCmd(/system/bin/iptables -w -F natctrl_tether_counters) res=1
06-15 19:12:53.769  2927  2927 V NatController: runCmd(/system/bin/iptables -w -X natctrl_tether_counters) res=1
06-15 19:12:53.773  2927  2927 V NatController: runCmd(/system/bin/iptables -w -N natctrl_tether_counters) res=0
06-15 19:12:53.778  2927  2927 V NatController: runCmd(/system/bin/iptables -w -t mangle -A natctrl_mangle_FORWARD -p tcp --tcp-flags SYN SYN -j TCPMSS --clamp-mss-to-pmtu) res=0
06-15 19:12:53.787  2921  2921 E         : invalid gralloc handle (at 0x7f9f296690)
06-15 19:12:53.787  2921  2921 E         : Runtime and build version of gralloc private structure does not match. Errors will likely follow.
06-15 19:12:53.792  2921  2921 E gralloc : invalid gralloc handle (at 0x7f9f296690)
06-15 19:12:53.792  2921  2921 E SurfaceFlinger: error posting framebuffer: -22
06-15 19:12:53.821  2921  2921 E         : invalid gralloc handle (at 0x7f9f296620)
06-15 19:12:53.821  2921  2921 E         : Runtime and build version of gralloc private structure does not match. Errors will likely follow.
06-15 19:12:53.825  2921  2921 E gralloc : invalid gralloc handle (at 0x7f9f296620)
06-15 19:12:53.826  2921  2921 E SurfaceFlinger: error posting framebuffer: -22
06-15 19:12:53.855  2921  2921 E         : invalid gralloc handle (at 0x7f9f2965b0)
06-15 19:12:53.855  2921  2921 E         : Runtime and build version of gralloc private structure does not match. Errors will likely follow.
06-15 19:12:53.859  2921  2921 E gralloc : invalid gralloc handle (at 0x7f9f2965b0)
06-15 19:12:53.859  2921  2921 E SurfaceFlinger: error posting framebuffer: -22
06-15 19:12:53.889  2921  2921 E         : invalid gralloc handle (at 0x7f9f296540)
06-15 19:12:53.889  2921  2921 E         : Runtime and build version of gralloc private structure does not match. Errors will likely follow.
06-15 19:12:53.893  2921  2921 E gralloc : invalid gralloc handle (at 0x7f9f296540)
06-15 19:12:53.893  2921  2921 E SurfaceFlinger: error posting framebuffer: -22
06-15 19:12:53.956  2921  2921 E         : invalid gralloc handle (at 0x7f9f296690)
06-15 19:12:53.956  2921  2921 E         : Runtime and build version of gralloc private structure does not match. Errors will likely follow.
06-15 19:12:53.960  2921  2921 E gralloc : invalid gralloc handle (at 0x7f9f296690)
06-15 19:12:53.960  2921  2921 E SurfaceFlinger: error posting framebuffer: -22
06-15 19:12:53.990  2921  2921 E         : invalid gralloc handle (at 0x7f9f296620)
06-15 19:12:53.990  2921  2921 E         : Runtime and build version of gralloc private structure does not match. Errors will likely follow.
06-15 19:12:53.994  2921  2921 E gralloc : invalid gralloc handle (at 0x7f9f296620)
06-15 19:12:53.994  2921  2921 E SurfaceFlinger: error posting framebuffer: -22
06-15 19:12:54.024  2921  2921 E         : invalid gralloc handle (at 0x7f9f2965b0)
06-15 19:12:54.024  2921  2921 E         : Runtime and build version of gralloc private structure does not match. Errors will likely follow.
06-15 19:12:54.028  2921  2921 E gralloc : invalid gralloc handle (at 0x7f9f2965b0)
06-15 19:12:54.028  2921  2921 E SurfaceFlinger: error posting framebuffer: -22
06-15 19:12:54.057  2921  2921 E         : invalid gralloc handle (at 0x7f9f296540)
06-15 19:12:54.057  2921  2921 E         : Runtime and build version of gralloc private structure does not match. Errors will likely follow.
06-15 19:12:54.060  2936  2936 E Minikin : addFont failed to create font /system/fonts/NanumGothic.ttf
06-15 19:12:54.060  2936  2936 E Minikin : addFont failed to create font /system/fonts/DroidSansFallback.ttf
06-15 19:12:54.060  2936  2936 E Minikin : addFont failed to create font /system/fonts/MTLmr3m.ttf
06-15 19:12:54.061  2921  2921 E gralloc : invalid gralloc handle (at 0x7f9f296540)
06-15 19:12:54.061  2921  2921 E SurfaceFlinger: error posting framebuffer: -22
06-15 19:12:54.125  2921  2921 E         : invalid gralloc handle (at 0x7f9f296690)
06-15 19:12:54.125  2921  2921 E         : Runtime and build version of gralloc private structure does not match. Errors will likely follow.
06-15 19:12:54.129  2921  2921 E gralloc : invalid gralloc handle (at 0x7f9f296690)
06-15 19:12:54.129  2921  2921 E SurfaceFlinger: error posting framebuffer: -22
06-15 19:12:54.158  2921  2921 E         : invalid gralloc handle (at 0x7f9f296620)
06-15 19:12:54.158  2921  2921 E         : Runtime and build version of gralloc private structure does not match. Errors will likely follow.
06-15 19:12:54.160  2936  2936 V DngCreator_JNI: DngCreator_nativeClassInit:
06-15 19:12:54.162  2921  2921 E gralloc : invalid gralloc handle (at 0x7f9f296620)
06-15 19:12:54.162  2921  2921 E SurfaceFlinger: error posting framebuffer: -22
06-15 19:12:54.192  2921  2921 E         : invalid gralloc handle (at 0x7f9f2965b0)
06-15 19:12:54.192  2921  2921 E         : Runtime and build version of gralloc private structure does not match. Errors will likely follow.
06-15 19:12:54.196  2921  2921 E gralloc : invalid gralloc handle (at 0x7f9f2965b0)
06-15 19:12:54.196  2921  2921 E SurfaceFlinger: error posting framebuffer: -22
06-15 19:12:54.222  2927  2927 E Netd    : cannot find interface dummy0
06-15 19:12:54.223  2927  2927 D MDnsDS  : MDnsSdListener::Hander starting up
06-15 19:12:54.223  2927  3376 D MDnsDS  : MDnsSdListener starting to monitor
06-15 19:12:54.223  2927  3376 D MDnsDS  : Going to poll with pollCount 1
06-15 19:12:54.226  2921  2921 E         : invalid gralloc handle (at 0x7f9f296540)
06-15 19:12:54.226  2921  2921 E         : Runtime and build version of gralloc private structure does not match. Errors will likely follow.
06-15 19:12:54.230  2921  2921 E gralloc : invalid gralloc handle (at 0x7f9f296540)
06-15 19:12:54.230  2921  2921 E SurfaceFlinger: error posting framebuffer: -22
06-15 19:12:54.293  2921  2921 E         : invalid gralloc handle (at 0x7f9f296690)
06-15 19:12:54.293  2921  2921 E         : Runtime and build version of gralloc private structure does not match. Errors will likely follow.
06-15 19:12:54.297  2921  2921 E gralloc : invalid gralloc handle (at 0x7f9f296690)
06-15 19:12:54.297  2921  2921 E SurfaceFlinger: error posting framebuffer: -22
06-15 19:12:54.327  2921  2921 E         : invalid gralloc handle (at 0x7f9f296620)
06-15 19:12:54.327  2921  2921 E         : Runtime and build version of gralloc private structure does not match. Errors will likely follow.
06-15 19:12:54.331  2921  2921 E gralloc : invalid gralloc handle (at 0x7f9f296620)
06-15 19:12:54.331  2921  2921 E SurfaceFlinger: error posting framebuffer: -22
06-15 19:12:54.361  2921  2921 E         : invalid gralloc handle (at 0x7f9f2965b0)
06-15 19:12:54.361  2921  2921 E         : Runtime and build version of gralloc private structure does not match. Errors will likely follow.
06-15 19:12:54.365  2921  2921 E gralloc : invalid gralloc handle (at 0x7f9f2965b0)
06-15 19:12:54.365  2921  2921 E SurfaceFlinger: error posting framebuffer: -22
06-15 19:12:54.394  2921  2921 E         : invalid gralloc handle (at 0x7f9f296540)
06-15 19:12:54.395  2921  2921 E         : Runtime and build version of gralloc private structure does not match. Errors will likely follow.
06-15 19:12:54.399  2921  2921 E gralloc : invalid gralloc handle (at 0x7f9f296540)
06-15 19:12:54.399  2921  2921 E SurfaceFlinger: error posting framebuffer: -22
06-15 19:12:54.462  2921  2921 E         : invalid gralloc handle (at 0x7f9f296690)
06-15 19:12:54.462  2921  2921 E         : Runtime and build version of gralloc private structure does not match. Errors will likely follow.
06-15 19:12:54.466  2921  2921 E gralloc : invalid gralloc handle (at 0x7f9f296690)
06-15 19:12:54.466  2921  2921 E SurfaceFlinger: error posting framebuffer: -22
06-15 19:12:54.496  2921  2921 E         : invalid gralloc handle (at 0x7f9f296620)
06-15 19:12:54.496  2921  2921 E         : Runtime and build version of gralloc private structure does not match. Errors will likely follow.
06-15 19:12:54.500  2921  2921 E gralloc : invalid gralloc handle (at 0x7f9f296620)
06-15 19:12:54.500  2921  2921 E SurfaceFlinger: error posting framebuffer: -22
06-15 19:12:54.529  2921  2921 E         : invalid gralloc handle (at 0x7f9f2965b0)
06-15 19:12:54.529  2921  2921 E         : Runtime and build version of gralloc private structure does not match. Errors will likely follow.
06-15 19:12:54.533  2921  2921 E gralloc : invalid gralloc handle (at 0x7f9f2965b0)
06-15 19:12:54.533  2921  2921 E SurfaceFlinger: error posting framebuffer: -22
06-15 19:12:54.563  2921  2921 E         : invalid gralloc handle (at 0x7f9f296540)
06-15 19:12:54.563  2921  2921 E         : Runtime and build version of gralloc private structure does not match. Errors will likely follow.
06-15 19:12:54.567  2921  2921 E gralloc : invalid gralloc handle (at 0x7f9f296540)
06-15 19:12:54.567  2921  2921 E SurfaceFlinger: error posting framebuffer: -22
06-15 19:12:54.630  2921  2921 E         : invalid gralloc handle (at 0x7f9f296690)
06-15 19:12:54.630  2921  2921 E         : Runtime and build version of gralloc private structure does not match. Errors will likely follow.
06-15 19:12:54.634  2921  2921 E gralloc : invalid gralloc handle (at 0x7f9f296690)
06-15 19:12:54.634  2921  2921 E SurfaceFlinger: error posting framebuffer: -22
06-15 19:12:54.664  2921  2921 E         : invalid gralloc handle (at 0x7f9f296620)
06-15 19:12:54.664  2921  2921 E         : Runtime and build version of gralloc private structure does not match. Errors will likely follow.
06-15 19:12:54.668  2921  2921 E gralloc : invalid gralloc handle (at 0x7f9f296620)
06-15 19:12:54.668  2921  2921 E SurfaceFlinger: error posting framebuffer: -22
06-15 19:12:54.698  2921  2921 E         : invalid gralloc handle (at 0x7f9f2965b0)
06-15 19:12:54.698  2921  2921 E         : Runtime and build version of gralloc private structure does not match. Errors will likely follow.
06-15 19:12:54.702  2921  2921 E gralloc : invalid gralloc handle (at 0x7f9f2965b0)
06-15 19:12:54.702  2921  2921 E SurfaceFlinger: error posting framebuffer: -22
06-15 19:12:54.732  2921  2921 E         : invalid gralloc handle (at 0x7f9f296540)
06-15 19:12:54.732  2921  2921 E         : Runtime and build version of gralloc private structure does not match. Errors will likely follow.
06-15 19:12:54.736  2921  2921 E gralloc : invalid gralloc handle (at 0x7f9f296540)
06-15 19:12:54.736  2921  2921 E SurfaceFlinger: error posting framebuffer: -22
06-15 19:12:54.799  2921  2921 E         : invalid gralloc handle (at 0x7f9f296690)
06-15 19:12:54.799  2921  2921 E         : Runtime and build version of gralloc private structure does not match. Errors will likely follow.
06-15 19:12:54.803  2921  2921 E gralloc : invalid gralloc handle (at 0x7f9f296690)
06-15 19:12:54.803  2921  2921 E SurfaceFlinger: error posting framebuffer: -22
06-15 19:12:54.811  2936  2936 I art     : Thread[1,tid=2936,Native,Thread*=0x7fab0fba00,peer=0x12c532e0,"main"] recursive attempt to load library "/system/lib64/libmedia_jni.so"
06-15 19:12:54.811  2936  2936 D MtpDeviceJNI: register_android_mtp_MtpDevice
06-15 19:12:54.812  2936  2936 I art     : Thread[1,tid=2936,Native,Thread*=0x7fab0fba00,peer=0x12c532e0,"main"] recursive attempt to load library "/system/lib64/libmedia_jni.so"
06-15 19:12:54.812  2936  2936 I art     : Thread[1,tid=2936,Native,Thread*=0x7fab0fba00,peer=0x12c532e0,"main"] recursive attempt to load library "/system/lib64/libmedia_jni.so"
06-15 19:12:54.833  2921  2921 E         : invalid gralloc handle (at 0x7f9f296620)
06-15 19:12:54.833  2921  2921 E         : Runtime and build version of gralloc private structure does not match. Errors will likely follow.
06-15 19:12:54.837  2921  2921 E gralloc : invalid gralloc handle (at 0x7f9f296620)
06-15 19:12:54.837  2921  2921 E SurfaceFlinger: error posting framebuffer: -22
06-15 19:12:54.867  2921  2921 E         : invalid gralloc handle (at 0x7f9f2965b0)
06-15 19:12:54.867  2921  2921 E         : Runtime and build version of gralloc private structure does not match. Errors will likely follow.
06-15 19:12:54.871  2921  2921 E gralloc : invalid gralloc handle (at 0x7f9f2965b0)
06-15 19:12:54.871  2921  2921 E SurfaceFlinger: error posting framebuffer: -22
06-15 19:12:54.900  2921  2921 E         : invalid gralloc handle (at 0x7f9f296540)
06-15 19:12:54.900  2921  2921 E         : Runtime and build version of gralloc private structure does not match. Errors will likely follow.
06-15 19:12:54.904  2921  2921 E gralloc : invalid gralloc handle (at 0x7f9f296540)
06-15 19:12:54.904  2921  2921 E SurfaceFlinger: error posting framebuffer: -22
06-15 19:12:54.968  2921  2921 E         : invalid gralloc handle (at 0x7f9f296690)
06-15 19:12:54.968  2921  2921 E         : Runtime and build version of gralloc private structure does not match. Errors will likely follow.
06-15 19:12:54.972  2921  2921 E gralloc : invalid gralloc handle (at 0x7f9f296690)
06-15 19:12:54.972  2921  2921 E SurfaceFlinger: error posting framebuffer: -22
06-15 19:12:55.001  2921  2921 E         : invalid gralloc handle (at 0x7f9f296620)
06-15 19:12:55.001  2921  2921 E         : Runtime and build version of gralloc private structure does not match. Errors will likely follow.
06-15 19:12:55.005  2921  2921 E gralloc : invalid gralloc handle (at 0x7f9f296620)
06-15 19:12:55.005  2921  2921 E SurfaceFlinger: error posting framebuffer: -22
06-15 19:12:55.035  2921  2921 E         : invalid gralloc handle (at 0x7f9f2965b0)
06-15 19:12:55.035  2921  2921 E         : Runtime and build version of gralloc private structure does not match. Errors will likely follow.
06-15 19:12:55.039  2921  2921 E gralloc : invalid gralloc handle (at 0x7f9f2965b0)
06-15 19:12:55.039  2921  2921 E SurfaceFlinger: error posting framebuffer: -22
06-15 19:12:55.069  2921  2921 E         : invalid gralloc handle (at 0x7f9f296540)
06-15 19:12:55.069  2921  2921 E         : Runtime and build version of gralloc private structure does not match. Errors will likely follow.
06-15 19:12:55.073  2921  2921 E gralloc : invalid gralloc handle (at 0x7f9f296540)
06-15 19:12:55.073  2921  2921 E SurfaceFlinger: error posting framebuffer: -22
06-15 19:12:55.136  2921  2921 E         : invalid gralloc handle (at 0x7f9f296690)
06-15 19:12:55.136  2921  2921 E         : Runtime and build version of gralloc private structure does not match. Errors will likely follow.
06-15 19:12:55.140  2921  2921 E gralloc : invalid gralloc handle (at 0x7f9f296690)
06-15 19:12:55.140  2921  2921 E SurfaceFlinger: error posting framebuffer: -22
06-15 19:12:55.170  2921  2921 E         : invalid gralloc handle (at 0x7f9f296620)
06-15 19:12:55.170  2921  2921 E         : Runtime and build version of gralloc private structure does not match. Errors will likely follow.
06-15 19:12:55.174  2921  2921 E gralloc : invalid gralloc handle (at 0x7f9f296620)
06-15 19:12:55.174  2921  2921 E SurfaceFlinger: error posting framebuffer: -22
06-15 19:12:55.204  2921  2921 E         : invalid gralloc handle (at 0x7f9f2965b0)
06-15 19:12:55.204  2921  2921 E         : Runtime and build version of gralloc private structure does not match. Errors will likely follow.
06-15 19:12:55.208  2921  2921 E gralloc : invalid gralloc handle (at 0x7f9f2965b0)
06-15 19:12:55.208  2921  2921 E SurfaceFlinger: error posting framebuffer: -22
06-15 19:12:55.237  2921  2921 E         : invalid gralloc handle (at 0x7f9f296540)
06-15 19:12:55.238  2921  2921 E         : Runtime and build version of gralloc private structure does not match. Errors will likely follow.
06-15 19:12:55.242  2921  2921 E gralloc : invalid gralloc handle (at 0x7f9f296540)
06-15 19:12:55.242  2921  2921 E SurfaceFlinger: error posting framebuffer: -22
06-15 19:12:55.305  2921  2921 E         : invalid gralloc handle (at 0x7f9f296690)
06-15 19:12:55.305  2921  2921 E         : Runtime and build version of gralloc private structure does not match. Errors will likely follow.
06-15 19:12:55.309  2921  2921 E gralloc : invalid gralloc handle (at 0x7f9f296690)
06-15 19:12:55.309  2921  2921 E SurfaceFlinger: error posting framebuffer: -22
06-15 19:12:55.339  2921  2921 E         : invalid gralloc handle (at 0x7f9f296620)
06-15 19:12:55.339  2921  2921 E         : Runtime and build version of gralloc private structure does not match. Errors will likely follow.
06-15 19:12:55.343  2921  2921 E gralloc : invalid gralloc handle (at 0x7f9f296620)
06-15 19:12:55.343  2921  2921 E SurfaceFlinger: error posting framebuffer: -22
06-15 19:12:55.343  2936  2936 W System  : ClassLoader referenced unknown path: /system/framework/tcmclient.jar
06-15 19:12:55.372  2921  2921 E         : invalid gralloc handle (at 0x7f9f2965b0)
06-15 19:12:55.372  2921  2921 E         : Runtime and build version of gralloc private structure does not match. Errors will likely follow.
06-15 19:12:55.376  2921  2921 E gralloc : invalid gralloc handle (at 0x7f9f2965b0)
06-15 19:12:55.377  2921  2921 E SurfaceFlinger: error posting framebuffer: -22
06-15 19:12:55.384  3093  3130 D BootAnimation: Use save memory method, maybe small fps in actual.
06-15 19:12:55.406  2921  2921 E         : invalid gralloc handle (at 0x7f9f296540)
06-15 19:12:55.406  2921  2921 E         : Runtime and build version of gralloc private structure does not match. Errors will likely follow.
06-15 19:12:55.410  2921  2921 E gralloc : invalid gralloc handle (at 0x7f9f296540)
06-15 19:12:55.410  2921  2921 E SurfaceFlinger: error posting framebuffer: -22
06-15 19:12:55.474  2921  2921 E         : invalid gralloc handle (at 0x7f9f296690)
06-15 19:12:55.474  2921  2921 E         : Runtime and build version of gralloc private structure does not match. Errors will likely follow.
06-15 19:12:55.478  2921  2921 E gralloc : invalid gralloc handle (at 0x7f9f296690)
06-15 19:12:55.478  2921  2921 E SurfaceFlinger: error posting framebuffer: -22
06-15 19:12:55.507  2921  2921 E         : invalid gralloc handle (at 0x7f9f296620)
06-15 19:12:55.507  2921  2921 E         : Runtime and build version of gralloc private structure does not match. Errors will likely follow.
06-15 19:12:55.511  2921  2921 E gralloc : invalid gralloc handle (at 0x7f9f296620)
06-15 19:12:55.511  2921  2921 E SurfaceFlinger: error posting framebuffer: -22
06-15 19:12:55.541  2921  2921 E         : invalid gralloc handle (at 0x7f9f2965b0)
06-15 19:12:55.541  2921  2921 E         : Runtime and build version of gralloc private structure does not match. Errors will likely follow.
06-15 19:12:55.545  2921  2921 E gralloc : invalid gralloc handle (at 0x7f9f2965b0)
06-15 19:12:55.545  2921  2921 E SurfaceFlinger: error posting framebuffer: -22
06-15 19:12:55.575  2921  2921 E         : invalid gralloc handle (at 0x7f9f296540)
06-15 19:12:55.575  2921  2921 E         : Runtime and build version of gralloc private structure does not match. Errors will likely follow.
06-15 19:12:55.579  2921  2921 E gralloc : invalid gralloc handle (at 0x7f9f296540)
06-15 19:12:55.579  2921  2921 E SurfaceFlinger: error posting framebuffer: -22
06-15 19:12:55.642  2921  2921 E         : invalid gralloc handle (at 0x7f9f296690)
06-15 19:12:55.642  2921  2921 E         : Runtime and build version of gralloc private structure does not match. Errors will likely follow.
06-15 19:12:55.646  2921  2921 E gralloc : invalid gralloc handle (at 0x7f9f296690)
06-15 19:12:55.646  2921  2921 E SurfaceFlinger: error posting framebuffer: -22
06-15 19:12:55.676  2921  2921 E         : invalid gralloc handle (at 0x7f9f296620)
06-15 19:12:55.676  2921  2921 E         : Runtime and build version of gralloc private structure does not match. Errors will likely follow.
06-15 19:12:55.680  2921  2921 E gralloc : invalid gralloc handle (at 0x7f9f296620)
06-15 19:12:55.680  2921  2921 E SurfaceFlinger: error posting framebuffer: -22
06-15 19:12:55.680  2936  2936 I System  : Loaded time zone names for "" in 24ms (22ms in ICU)
06-15 19:12:55.709  2921  2921 E         : invalid gralloc handle (at 0x7f9f2965b0)
06-15 19:12:55.709  2921  2921 E         : Runtime and build version of gralloc private structure does not match. Errors will likely follow.
06-15 19:12:55.713  2921  2921 E gralloc : invalid gralloc handle (at 0x7f9f2965b0)
06-15 19:12:55.713  2921  2921 E SurfaceFlinger: error posting framebuffer: -22
06-15 19:12:55.715  2936  2936 I System  : Loaded time zone names for "en_US" in 34ms (14ms in ICU)
06-15 19:12:55.743  2921  2921 E         : invalid gralloc handle (at 0x7f9f296540)
06-15 19:12:55.743  2921  2921 E         : Runtime and build version of gralloc private structure does not match. Errors will likely follow.
06-15 19:12:55.747  2921  2921 E gralloc : invalid gralloc handle (at 0x7f9f296540)
06-15 19:12:55.747  2921  2921 E SurfaceFlinger: error posting framebuffer: -22
06-15 19:12:55.811  2921  2921 E         : invalid gralloc handle (at 0x7f9f296690)
06-15 19:12:55.811  2921  2921 E         : Runtime and build version of gralloc private structure does not match. Errors will likely follow.
06-15 19:12:55.815  2921  2921 E gralloc : invalid gralloc handle (at 0x7f9f296690)
06-15 19:12:55.815  2921  2921 E SurfaceFlinger: error posting framebuffer: -22
06-15 19:12:55.844  2921  2921 E         : invalid gralloc handle (at 0x7f9f296620)
06-15 19:12:55.844  2921  2921 E         : Runtime and build version of gralloc private structure does not match. Errors will likely follow.
06-15 19:12:55.849  2921  2921 E gralloc : invalid gralloc handle (at 0x7f9f296620)
06-15 19:12:55.849  2921  2921 E SurfaceFlinger: error posting framebuffer: -22
06-15 19:12:55.878  2921  2921 E         : invalid gralloc handle (at 0x7f9f2965b0)
06-15 19:12:55.878  2921  2921 E         : Runtime and build version of gralloc private structure does not match. Errors will likely follow.
06-15 19:12:55.882  2921  2921 E gralloc : invalid gralloc handle (at 0x7f9f2965b0)
06-15 19:12:55.882  2921  2921 E SurfaceFlinger: error posting framebuffer: -22
06-15 19:12:55.887  2936  2936 I Zygote  : ...preloaded 3831 classes in 2272ms.
06-15 19:12:55.887  2936  2936 I art     : VMRuntime.preloadDexCaches starting
06-15 19:12:55.912  2921  2921 E         : invalid gralloc handle (at 0x7f9f296540)
06-15 19:12:55.912  2921  2921 E         : Runtime and build version of gralloc private structure does not match. Errors will likely follow.
06-15 19:12:55.916  2921  2921 E gralloc : invalid gralloc handle (at 0x7f9f296540)
06-15 19:12:55.916  2921  2921 E SurfaceFlinger: error posting framebuffer: -22
06-15 19:12:55.923  2936  2936 I art     : VMRuntime.preloadDexCaches strings total=248922 before=10083 after=10083
06-15 19:12:55.923  2936  2936 I art     : VMRuntime.preloadDexCaches types total=20329 before=8245 after=9836
06-15 19:12:55.923  2936  2936 I art     : VMRuntime.preloadDexCaches fields total=100355 before=35760 after=47725
06-15 19:12:55.923  2936  2936 I art     : VMRuntime.preloadDexCaches methods total=172751 before=67604 after=83308
06-15 19:12:55.923  2936  2936 I art     : VMRuntime.preloadDexCaches finished
06-15 19:12:55.937  3381  3381 D idmap   : error: no read access to /vendor/overlay: No such file or directory
06-15 19:12:55.957  2936  2936 I Zygote  : Preloading resources...
06-15 19:12:55.979  2921  2921 E         : invalid gralloc handle (at 0x7f9f296690)
06-15 19:12:55.979  2921  2921 E         : Runtime and build version of gralloc private structure does not match. Errors will likely follow.
06-15 19:12:55.983  2921  2921 E gralloc : invalid gralloc handle (at 0x7f9f296690)
06-15 19:12:55.983  2921  2921 E SurfaceFlinger: error posting framebuffer: -22
06-15 19:12:56.013  2921  2921 E         : invalid gralloc handle (at 0x7f9f296620)
06-15 19:12:56.013  2921  2921 E         : Runtime and build version of gralloc private structure does not match. Errors will likely follow.
06-15 19:12:56.017  2921  2921 E gralloc : invalid gralloc handle (at 0x7f9f296620)
06-15 19:12:56.017  2921  2921 E SurfaceFlinger: error posting framebuffer: -22
06-15 19:12:56.047  2921  2921 E         : invalid gralloc handle (at 0x7f9f2965b0)
