--------- beginning of main
06-15 17:16:40.458  3070  3070 W auditd  : type=1325 audit(0.0:2): table=filter family=2 entries=0
06-15 17:16:40.458  3070  3070 W auditd  : type=1325 audit(0.0:3): table=mangle family=2 entries=0
06-15 17:16:40.458  3070  3070 W auditd  : type=1325 audit(0.0:4): table=nat family=2 entries=0
06-15 17:16:40.458  3070  3070 W auditd  : type=1325 audit(0.0:5): table=raw family=2 entries=0
06-15 17:16:40.458  3070  3070 W auditd  : type=1325 audit(0.0:6): table=security family=2 entries=0
06-15 17:16:40.458  3070  3070 W auditd  : type=1325 audit(0.0:7): table=filter family=3 entries=0
06-15 17:16:40.458  3070  3070 W auditd  : type=1325 audit(0.0:8): table=filter family=10 entries=0
06-15 17:16:40.458  3070  3070 W auditd  : type=1325 audit(0.0:9): table=mangle family=10 entries=0
06-15 17:16:40.458  3070  3070 W auditd  : type=1325 audit(0.0:10): table=raw family=10 entries=0
06-15 17:16:40.458  3070  3070 W auditd  : type=1325 audit(0.0:11): table=nat family=10 entries=0
06-15 17:16:40.839  3070  3070 W auditd  : type=1305 audit(0.0:12): audit_pid=2906 old=0 auid=4294967295 ses=4294967295 res=1
06-15 17:16:40.839  3070  3070 W auditd  : type=1305 audit(0.0:13): audit_rate_limit=20 old=0 auid=4294967295 ses=4294967295 res=1
--------- beginning of system
06-15 17:16:40.873  2907  2907 I vold    : Vold 3.0 (the awakening) firing up
06-15 17:16:40.874  2907  2907 V vold    : Detected support for: exfat ext4 ntfs vfat
06-15 17:16:40.878  2922  2922 I sysinit : Running /system/etc/init.d/00banner 
06-15 17:16:40.883  2918  2918 I lowmemorykiller: Using in-kernel low memory killer interface
06-15 17:16:40.889  2943  2943 I cm      : ____ _   _ ____ _  _ ____ ____ ____ _  _ _  _ ____ ___ 
06-15 17:16:40.896  2936  2936 I installd: installd firing up
06-15 17:16:40.897  2941  2941 I perfprofd: starting Android Wide Profiling daemon
06-15 17:16:40.897  2932  2932 I DEBUG   : debuggerd: starting
06-15 17:16:40.897  2941  2941 E perfprofd: unable to open configuration file /data/data/com.google.android.gms/files/perfprofd.conf
06-15 17:16:40.897  2920  2920 I SurfaceFlinger: SurfaceFlinger is starting
06-15 17:16:40.897  2941  2941 I perfprofd: random seed set to 1589110653
06-15 17:16:40.898  2920  2920 I SurfaceFlinger: SurfaceFlinger's main thread ready to run. Initializing graphics H/W...
06-15 17:16:40.905  2962  2962 I cm      : |     \_/  |__| |\ | |  | | __ |___ |\ | |\/| |  | |  \ 
06-15 17:16:40.906  2940  2940 I gatekeeperd: Starting gatekeeperd...
06-15 17:16:40.908  2940  2940 W gatekeeperd: falling back to software GateKeeper
06-15 17:16:40.908  2940  2940 I gatekeeperd: cold boot: clearing state
06-15 17:16:40.909  2930  2930 I Netd    : Netd 1.0 starting
06-15 17:16:40.910  2930  2930 I QtiConnectivityAdapter: Failed to open libconnctrl, some features may not be present.
06-15 17:16:40.910  2930  2930 D TetherController: Setting IP forward enable = 0
06-15 17:16:40.910  2937  2937 I keystore: Found keymaster0 module Keymaster OpenSSL HAL, version 2
06-15 17:16:40.910  2942  2942 I fingerprintd: Starting fingerprintd
06-15 17:16:40.910  2937  2937 I SoftKeymaster: system/keymaster/soft_keymaster_device.cpp, Line 122: Creating device
06-15 17:16:40.910  2937  2937 D SoftKeymaster: system/keymaster/soft_keymaster_device.cpp, Line 123: Device address: 0x7f8c763000
06-15 17:16:40.911  2937  2937 I keystore: Keymaster0 module is software-only.  Using SoftKeymasterDevice instead.
06-15 17:16:40.911  2937  2937 I SoftKeymaster: system/keymaster/soft_keymaster_device.cpp, Line 122: Creating device
06-15 17:16:40.911  2937  2937 D SoftKeymaster: system/keymaster/soft_keymaster_device.cpp, Line 123: Device address: 0x7f8c763300
06-15 17:16:40.911  2937  2937 I keystore: SELinux: Keystore SELinux is disabled.
06-15 17:16:40.913  3008  3008 I cm      : |___   |   |  | | \| |__| |__] |___ | \| |  | |__| |__/ 
06-15 17:16:40.921  2931  2931 I DEBUG   : debuggerd: starting
06-15 17:16:40.934  3043  3043 I cm      : Welcome to Android 6.0.1 / CyanogenMod-13.0-20160615-UNOFFICIAL-hero2ltexx 
06-15 17:16:40.941  3046  3046 I sysinit : Running /system/etc/init.d/90userinit 
06-15 17:16:40.949  3070  3070 W auditd  : type=1325 audit(0.0:14): table=filter family=2 entries=4
06-15 17:16:40.949  3070  3070 W auditd  : type=1320 audit(0.0:14): 
06-15 17:16:40.949  3070  3070 W auditd  : type=1325 audit(0.0:15): table=filter family=10 entries=4
06-15 17:16:40.949  3070  3070 W auditd  : type=1320 audit(0.0:15): 
06-15 17:16:40.954  2920  2920 D libEGL  : loaded /vendor/lib64/egl/libGLES_mali.so
06-15 17:16:40.959  3070  3070 W auditd  : type=1325 audit(0.0:16): table=filter family=2 entries=6
06-15 17:16:40.959  3070  3070 W auditd  : type=1320 audit(0.0:16): 
06-15 17:16:40.969  3070  3070 W auditd  : type=1325 audit(0.0:17): table=filter family=10 entries=6
06-15 17:16:40.969  3070  3070 W auditd  : type=1320 audit(0.0:17): 
06-15 17:16:40.979  2920  2920 I gralloc : using (id=)
06-15 17:16:40.979  2920  2920 I gralloc : xres         = 1440 px
06-15 17:16:40.979  2920  2920 I gralloc : yres         = 2560 px
06-15 17:16:40.979  2920  2920 I gralloc : width        = 68 mm (537.882324 dpi)
06-15 17:16:40.979  2920  2920 I gralloc : height       = 122 mm (532.983582 dpi)
06-15 17:16:40.979  2920  2920 I gralloc : refresh rate = 59.42 Hz
06-15 17:16:40.980  2921  2921 W McDaemon: Cannot open trustlet /system/app/FFFFFFFF000000000000000000000001.drbin (2) [hardware/samsung_slsi/exynos8890/mobicore/Daemon/src/SecureWorld.cpp:178]
06-15 17:16:41.003  2920  2920 D hwcomposer: using
06-15 17:16:41.003  2920  2920 D hwcomposer: xres         = 1440 px
06-15 17:16:41.003  2920  2920 D hwcomposer: yres         = 2560 px
06-15 17:16:41.003  2920  2920 D hwcomposer: width        = 68 mm (537.882000 dpi)
06-15 17:16:41.003  2920  2920 D hwcomposer: height       = 122 mm (532.983000 dpi)
06-15 17:16:41.003  2920  2920 D hwcomposer: refresh rate = 59 Hz
06-15 17:16:41.003  2920  2920 I DisplayResourceManagerModule: internalMPP type(10), index(1)
06-15 17:16:41.004  2920  2920 I DisplayResourceManagerModule: internalMPP type(10), index(2)
06-15 17:16:41.004  2920  2920 I DisplayResourceManagerModule: internalMPP type(10), index(3)
06-15 17:16:41.004  2920  2920 I DisplayResourceManagerModule: internalMPP type(0), index(0)
06-15 17:16:41.004  2920  2920 I DisplayResourceManagerModule: internalMPP type(0), index(1)
06-15 17:16:41.004  2920  2920 I DisplayResourceManagerModule: internalMPP type(2), index(0)
06-15 17:16:41.004  2920  2920 I DisplayResourceManagerModule: internalMPP type(2), index(1)
06-15 17:16:41.004  2920  2920 I DisplayResourceManagerModule: externalMPP type(4), index(0)
06-15 17:16:41.004  2920  2920 I hwcutils: Open /dev/s5p-smem
06-15 17:16:41.004  2920  2920 I DisplayResourceManagerModule: externalMPP type(4), index(0)
06-15 17:16:41.004  2920  2920 I hwcutils: Open /dev/s5p-smem
06-15 17:16:41.004  2920  2920 I DisplayResourceManagerModule: externalMPP type(4), index(0)
06-15 17:16:41.004  2920  2920 I hwcutils: Open /dev/s5p-smem
06-15 17:16:41.004  2920  2920 I DisplayResourceManagerModule: externalMPP type(4), index(0)
06-15 17:16:41.004  2920  2920 I hwcutils: Open /dev/s5p-smem
06-15 17:16:41.004  2920  2920 I DisplayResourceManagerModule: externalMPP type(4), index(0)
06-15 17:16:41.004  2920  2920 I hwcutils: Open /dev/s5p-smem
06-15 17:16:41.005  2920  2920 I hwcomposer: PSR info devname = /sys/devices/13960000.decon_f/psr_info
06-15 17:16:41.005  2920  2920 I hwcomposer: PSR mode   = 2 (0: video mode, 1: DP PSR mode, 2: MIPI-DSI command mode)
06-15 17:16:41.005  2920  2920 I hwcomposer: Panel type = 1 (0: Legacy, 1: DSC)
06-15 17:16:41.005  2920  2920 I SurfaceFlinger: Using composer version 1.5
06-15 17:16:41.005  2920  2920 E display : [PrimaryDisplay] unknown display attribute 6
06-15 17:16:41.005  2920  2920 I SurfaceFlinger: EGL information:
06-15 17:16:41.005  2920  2920 I SurfaceFlinger: vendor    : Android
06-15 17:16:41.005  2920  2920 I SurfaceFlinger: version   : 1.4 Android META-EGL
06-15 17:16:41.005  2920  2920 I SurfaceFlinger: extensions: EGL_KHR_get_all_proc_addresses EGL_ANDROID_presentation_time EGL_KHR_swap_buffers_with_damage EGL_KHR_image EGL_KHR_image_base EGL_KHR_gl_texture_2D_image EGL_KHR_gl_texture_cubemap_image EGL_KHR_gl_renderbuffer_image EGL_KHR_fence_sync EGL_KHR_create_context EGL_KHR_config_attribs EGL_KHR_surfaceless_context EGL_EXT_create_context_robustness EGL_ANDROID_image_native_buffer EGL_KHR_wait_sync EGL_ANDROID_recordable EGL_KHR_partial_update 
06-15 17:16:41.005  2920  2920 I SurfaceFlinger: Client API: OpenGL_ES
06-15 17:16:41.005  2920  2920 I SurfaceFlinger: EGLSurface: 8-8-8-8, config=0x7f94350128
06-15 17:16:41.006  2920  2920 D         : ro.exynos.dss isEnabled: 0
06-15 17:16:41.013  2920  2920 I SurfaceFlinger: OpenGL ES informations:
06-15 17:16:41.013  2920  2920 I SurfaceFlinger: vendor    : ARM
06-15 17:16:41.013  2920  2920 I SurfaceFlinger: renderer  : Mali-T880
06-15 17:16:41.013  2920  2920 I SurfaceFlinger: version   : OpenGL ES 3.1 v1.r9p0-12dev0.c2bae768d87bf40047e1f310c8de7f16
06-15 17:16:41.013  2920  2920 I SurfaceFlinger: extensions: GL_EXT_debug_marker GL_ARM_rgba8 GL_ARM_mali_shader_binary GL_OES_depth24 GL_OES_depth_texture GL_OES_depth_texture_cube_map GL_OES_packed_depth_stencil GL_OES_rgb8_rgba8 GL_EXT_read_format_bgra GL_OES_compressed_paletted_texture GL_OES_compressed_ETC1_RGB8_texture GL_OES_standard_derivatives GL_OES_EGL_image GL_OES_EGL_image_external GL_OES_EGL_sync GL_OES_texture_npot GL_OES_vertex_half_float GL_OES_required_internalformat GL_OES_vertex_array_object GL_OES_mapbuffer GL_EXT_texture_format_BGRA8888 GL_EXT_texture_rg GL_EXT_texture_type_2_10_10_10_REV GL_OES_fbo_render_mipmap GL_OES_element_index_uint GL_EXT_shadow_samplers GL_OES_texture_compression_astc GL_KHR_texture_compression_astc_ldr GL_KHR_texture_compression_astc_hdr GL_KHR_debug GL_EXT_occlusion_query_boolean GL_EXT_disjoint_timer_query GL_EXT_blend_minmax GL_EXT_discard_framebuffer GL_OES_get_program_binary GL_OES_texture_3D GL_EXT_texture_storage GL_EXT_multisampled_render_to_texture GL_OES_surfaceless_context GL_OES_texture_stencil8 G
06-15 17:16:41.013  2920  2920 I SurfaceFlinger: GL_MAX_TEXTURE_SIZE = 8192
06-15 17:16:41.013  2920  2920 I SurfaceFlinger: GL_MAX_VIEWPORT_DIMS = 8192
06-15 17:16:41.014  2920  2920 D mali_winsys: new_window_surface returns 0x3000,  [1440x2560]-format:1
06-15 17:16:41.019  3070  3070 W auditd  : type=1325 audit(0.0:18): table=filter family=2 entries=7
06-15 17:16:41.019  3070  3070 W auditd  : type=1320 audit(0.0:18): 
06-15 17:16:41.019  3070  3070 W auditd  : type=1325 audit(0.0:19): table=filter family=10 entries=7
06-15 17:16:41.019  3070  3070 W auditd  : type=1320 audit(0.0:19): 
06-15 17:16:41.029  3070  3070 W auditd  : type=1325 audit(0.0:20): table=filter family=2 entries=9
06-15 17:16:41.029  3070  3070 W auditd  : type=1320 audit(0.0:20): 
06-15 17:16:41.039  3070  3070 W auditd  : type=1325 audit(0.0:21): table=filter family=10 entries=9
06-15 17:16:41.039  3070  3070 W auditd  : type=1320 audit(0.0:21): 
06-15 17:16:41.041  2920  2920 D SurfaceFlinger: Set power mode=2, type=0 flinger=0x7f94803c00
06-15 17:16:41.041  2920  2920 I hwcomposer: int exynos_setPowerMode(hwc_composer_device_1*, int, int):: disp(0), mode(2)
06-15 17:16:41.069  3070  3070 W auditd  : type=1325 audit(0.0:22): table=filter family=2 entries=10
06-15 17:16:41.069  3070  3070 W auditd  : type=1320 audit(0.0:22): 
06-15 17:16:41.069  3070  3070 W auditd  : type=1325 audit(0.0:23): table=filter family=10 entries=10
06-15 17:16:41.069  3070  3070 W auditd  : type=1320 audit(0.0:23): 
06-15 17:16:41.079  3070  3070 W auditd  : type=1325 audit(0.0:24): table=filter family=2 entries=12
06-15 17:16:41.079  3070  3070 W auditd  : type=1320 audit(0.0:24): 
06-15 17:16:41.079  3070  3070 W auditd  : type=1325 audit(0.0:25): table=filter family=10 entries=12
06-15 17:16:41.079  3070  3070 W auditd  : type=1320 audit(0.0:25): 
06-15 17:16:41.101  2921  2921 W McDaemon: mcRegistry read So.Soc failed: 16 [hardware/samsung_slsi/exynos8890/mobicore/Daemon/src/PrivateRegistry.cpp:374]
06-15 17:16:41.101  2921  2921 W McDaemon: mcRegistry read So.Soc failed: 16 [hardware/samsung_slsi/exynos8890/mobicore/Daemon/src/PrivateRegistry.cpp:429]
06-15 17:16:41.101  2921  2921 W McDaemon: mcRegistry read So.Root failed: 16 [hardware/samsung_slsi/exynos8890/mobicore/Daemon/src/PrivateRegistry.cpp:533]
06-15 17:16:41.101  2921  2921 W McDaemon: Device endorsements not supported! [hardware/samsung_slsi/exynos8890/mobicore/Daemon/src/MobiCoreDriverDaemon.cpp:588]
06-15 17:16:41.101  2921  2921 I McDaemon: Daemon starting up... [hardware/samsung_slsi/exynos8890/mobicore/Daemon/src/MobiCoreDriverDaemon.cpp:548]
06-15 17:16:41.101  2921  2921 I McDaemon: Interface version is 0.4 [hardware/samsung_slsi/exynos8890/mobicore/Daemon/src/MobiCoreDriverDaemon.cpp:550]
06-15 17:16:41.101  2921  2921 I McDaemon: t-base-EXYNOS64-Android-310B-V005-20151221_084810_68 [hardware/samsung_slsi/exynos8890/mobicore/Daemon/src/MobiCoreDriverDaemon.cpp:552]
06-15 17:16:41.101  2921  2921 I McDaemon: Build timestamp is Apr  1 2016 21:03:15 [hardware/samsung_slsi/exynos8890/mobicore/Daemon/src/MobiCoreDriverDaemon.cpp:553]
06-15 17:16:41.101  2921  3115 I TeeDriverClient: driver client open [hardware/samsung_slsi/exynos8890/mobicore/ClientLib/src/driver_client.cpp:103]
06-15 17:16:41.101  2921  2921 W McDaemon: Cannot open trustlet /data/app/mcRegistry/07050501000000000000000000000020.tlbin (2) [hardware/samsung_slsi/exynos8890/mobicore/Daemon/src/SecureWorld.cpp:178]
06-15 17:16:41.103  2921  3115 I TeeFilesystem: void FileSystem::Impl::run(): Start listening for request from STH2 [hardware/samsung_slsi/exynos8890/mobicore/Daemon/src/FSD2.cpp:376]
06-15 17:16:41.113  3117  3117 I CSTORAGE: ============================================================
06-15 17:16:41.114  3117  3117 I CSTORAGE:  CSTORAGE, v1.0.43, OS = android, ChipId = ex8890
06-15 17:16:41.114  3117  3117 I CSTORAGE: ============================================================
06-15 17:16:41.114  3117  3117 I CSTORAGE: ============================================================
06-15 17:16:41.114  3117  3117 I CSTORAGE:  CSTORAGE_SKM_LIB, v1.0.43, OS = android, ChipId = ex8890
06-15 17:16:41.114  3117  3117 I CSTORAGE: ============================================================
06-15 17:16:41.115  2935  2935 I mediaserver: ServiceManager: 0xf618e120
06-15 17:16:41.115  2935  2935 I AudioFlinger: Using default 3000 mSec as standby time.
06-15 17:16:41.116  2935  2935 E BatteryNotifier: batterystats service unavailable!
06-15 17:16:41.116  2935  2935 E BatteryNotifier: batterystats service unavailable!
06-15 17:16:41.116  2935  2935 I CameraService: CameraService started (pid=2935)
06-15 17:16:41.116  2935  2935 I CameraService: CameraService process starting
06-15 17:16:41.116  2935  2935 E BatteryNotifier: batterystats service unavailable!
06-15 17:16:41.116  2935  2935 E BatteryNotifier: batterystats service unavailable!
06-15 17:16:41.116  2935  2935 E CameraService: Could not load camera HAL module: -2 (No such file or directory)
06-15 17:16:41.117  2935  2935 I AudioPolicyService: AudioPolicyService CSTOR in new mode
06-15 17:16:41.118  2935  2935 I APM::ConfigParsingUtils: loadAudioPolicyConfig() loaded /system/etc/audio_policy.conf
06-15 17:16:41.119  3070  3070 W auditd  : type=1325 audit(0.0:26): table=filter family=2 entries=13
06-15 17:16:41.119  3070  3070 W auditd  : type=1320 audit(0.0:26): 
06-15 17:16:41.129  3070  3070 W auditd  : type=1325 audit(0.0:27): table=filter family=10 entries=13
06-15 17:16:41.129  3070  3070 W auditd  : type=1320 audit(0.0:27): 
06-15 17:16:41.129  3070  3070 W auditd  : type=1325 audit(0.0:28): table=filter family=2 entries=15
06-15 17:16:41.129  3070  3070 W auditd  : type=1320 audit(0.0:28): 
06-15 17:16:41.139  3070  3070 W auditd  : type=1325 audit(0.0:29): table=filter family=10 entries=15
06-15 17:16:41.139  3070  3070 W auditd  : type=1320 audit(0.0:29): 
06-15 17:16:41.169  3070  3070 W auditd  : type=1325 audit(0.0:30): table=filter family=2 entries=16
06-15 17:16:41.169  3070  3070 W auditd  : type=1320 audit(0.0:30): 
06-15 17:16:41.169  3070  3070 W auditd  : type=1325 audit(0.0:31): table=filter family=10 entries=16
06-15 17:16:41.169  3070  3070 W auditd  : type=1320 audit(0.0:31): 
06-15 17:16:41.179  3070  3070 W auditd  : type=1325 audit(0.0:32): table=filter family=2 entries=18
06-15 17:16:41.179  3070  3070 W auditd  : type=1320 audit(0.0:32): 
06-15 17:16:41.189  3070  3070 W auditd  : type=1325 audit(0.0:33): table=filter family=10 entries=18
06-15 17:16:41.220  3101  3132 D libEGL  : loaded /vendor/lib64/egl/libGLES_mali.so
06-15 17:16:41.237  3101  3132 D mali_winsys: new_window_surface returns 0x3000,  [1440x2560]-format:2
06-15 17:16:41.238  3101  3132 D         : ro.exynos.dss isEnabled: 0
06-15 17:16:41.242  3101  3132 E BootAnimation: couldn't find audio_conf.txt
06-15 17:16:41.256  2939  2939 D AndroidRuntime: >>>>>> START com.android.internal.os.ZygoteInit uid 0 <<<<<<
06-15 17:16:41.268  2939  2939 D AndroidRuntime: CheckJNI is ON
06-15 17:16:41.273  2939  2939 I art     : option[0]=-Xzygote
06-15 17:16:41.273  2939  2939 I art     : option[1]=-Xcheck:jni
06-15 17:16:41.273  2939  2939 I art     : option[2]=-Xstacktracefile:/data/anr/traces.txt
06-15 17:16:41.273  2939  2939 I art     : option[3]=exit
06-15 17:16:41.273  2939  2939 I art     : option[4]=vfprintf
06-15 17:16:41.273  2939  2939 I art     : option[5]=sensitiveThread
06-15 17:16:41.273  2939  2939 I art     : option[6]=-verbose:gc
06-15 17:16:41.273  2939  2939 I art     : option[7]=-Xms8m
06-15 17:16:41.273  2939  2939 I art     : option[8]=-Xmx512m
06-15 17:16:41.273  2939  2939 I art     : option[9]=-XX:HeapGrowthLimit=256m
06-15 17:16:41.273  2939  2939 I art     : option[10]=-XX:HeapMinFree=2m
06-15 17:16:41.273  2939  2939 I art     : option[11]=-XX:HeapMaxFree=8m
06-15 17:16:41.273  2939  2939 I art     : option[12]=-XX:HeapTargetUtilization=0.75
06-15 17:16:41.273  2939  2939 I art     : option[13]=-Xusejit:true
06-15 17:16:41.273  2939  2939 I art     : option[14]=-agentlib:jdwp=transport=dt_android_adb,suspend=n,server=y
06-15 17:16:41.273  2939  2939 I art     : option[15]=-Xlockprofthreshold:500
06-15 17:16:41.273  2939  2939 I art     : option[16]=-Ximage-compiler-option
06-15 17:16:41.273  2939  2939 I art     : option[17]=--runtime-arg
06-15 17:16:41.273  2939  2939 I art     : option[18]=-Ximage-compiler-option
06-15 17:16:41.273  2939  2939 I art     : option[19]=-Xms64m
06-15 17:16:41.273  2939  2939 I art     : option[20]=-Ximage-compiler-option
06-15 17:16:41.273  2939  2939 I art     : option[21]=--runtime-arg
06-15 17:16:41.273  2939  2939 I art     : option[22]=-Ximage-compiler-option
06-15 17:16:41.273  2939  2939 I art     : option[23]=-Xmx64m
06-15 17:16:41.273  2939  2939 I art     : option[24]=-Ximage-compiler-option
06-15 17:16:41.273  2939  2939 I art     : option[25]=--compiler-filter=verify-at-runtime
06-15 17:16:41.273  2939  2939 I art     : option[26]=-Ximage-compiler-option
06-15 17:16:41.273  2939  2939 I art     : option[27]=--image-classes=/system/etc/preloaded-classes
06-15 17:16:41.273  2939  2939 I art     : option[28]=-Xcompiler-option
06-15 17:16:41.273  2939  2939 I art     : option[29]=--runtime-arg
06-15 17:16:41.273  2939  2939 I art     : option[30]=-Xcompiler-option
06-15 17:16:41.273  2939  2939 I art     : option[31]=-Xms64m
06-15 17:16:41.273  2939  2939 I art     : option[32]=-Xcompiler-option
06-15 17:16:41.273  2939  2939 I art     : option[33]=--runtime-arg
06-15 17:16:41.273  2939  2939 I art     : option[34]=-Xcompiler-option
06-15 17:16:41.273  2939  2939 I art     : option[35]=-Xmx512m
06-15 17:16:41.273  2939  2939 I art     : option[36]=-Xcompiler-option
06-15 17:16:41.273  2939  2939 I art     : option[37]=--compiler-filter=verify-at-runtime
06-15 17:16:41.273  2939  2939 I art     : option[38]=-Ximage-compiler-option
06-15 17:16:41.273  2939  2939 I art     : option[39]=--instruction-set-variant=generic
06-15 17:16:41.273  2939  2939 I art     : option[40]=-Xcompiler-option
06-15 17:16:41.273  2939  2939 I art     : option[41]=--instruction-set-variant=generic
06-15 17:16:41.273  2939  2939 I art     : option[42]=-Ximage-compiler-option
06-15 17:16:41.273  2939  2939 I art     : option[43]=--instruction-set-features=default
06-15 17:16:41.273  2939  2939 I art     : option[44]=-Xcompiler-option
06-15 17:16:41.273  2939  2939 I art     : option[45]=--instruction-set-features=default
06-15 17:16:41.273  2939  2939 I art     : option[46]=-Duser.locale=en-US
06-15 17:16:41.273  2939  2939 I art     : option[47]=--cpu-abilist=arm64-v8a,armeabi
06-15 17:16:41.273  2939  2939 I art     : option[48]=-Xfingerprint:samsung/cm_hero2ltexx/hero2ltexx:6.0.1/MOB30J/431281ecd7:eng/test-keys
06-15 17:16:41.280  3101  3132 D BootAnimation: Use save memory method, maybe small fps in actual.
06-15 17:16:41.292  2939  2939 I art     : Pruning dalvik-cache since we are generating an image and will need to recompile
06-15 17:16:41.293  2939  2939 I art     : Using an offset of 0xc1000 from default art base address of 0x70000000
06-15 17:16:41.293  2939  2939 I art     : GenerateImage: /system/bin/dex2oat --image=/data/dalvik-cache/arm64/system@framework@boot.art --dex-file=/system/framework/core-libart.jar --dex-file=/system/framework/conscrypt.jar --dex-file=/system/framework/okhttp.jar --dex-file=/system/framework/core-junit.jar --dex-file=/system/framework/bouncycastle.jar --dex-file=/system/framework/ext.jar --dex-file=/system/framework/framework.jar --dex-file=/system/framework/telephony-common.jar --dex-file=/system/framework/voip-common.jar --dex-file=/system/framework/ims-common.jar --dex-file=/system/framework/apache-xml.jar --dex-file=/system/framework/org.apache.http.legacy.boot.jar --oat-file=/data/dalvik-cache/arm64/system@framework@boot.oat --instruction-set=arm64 --instruction-set-features=smp,a53 --base=0x700c1000 --runtime-arg -Xms64m --runtime-arg -Xmx64m --compiler-filter=verify-at-runtime --image-classes=/system/etc/preloaded-classes --instruction-set-variant=generic --instruction-set-features=default
06-15 17:16:41.330  3197  3197 I dex2oat : /system/bin/dex2oat --image=/data/dalvik-cache/arm64/system@framework@boot.art --dex-file=/system/framework/core-libart.jar --dex-file=/system/framework/conscrypt.jar --dex-file=/system/framework/okhttp.jar --dex-file=/system/framework/core-junit.jar --dex-file=/system/framework/bouncycastle.jar --dex-file=/system/framework/ext.jar --dex-file=/system/framework/framework.jar --dex-file=/system/framework/telephony-common.jar --dex-file=/system/framework/voip-common.jar --dex-file=/system/framework/ims-common.jar --dex-file=/system/framework/apache-xml.jar --dex-file=/system/framework/org.apache.http.legacy.boot.jar --oat-file=/data/dalvik-cache/arm64/system@framework@boot.oat --instruction-set=arm64 --instruction-set-features=smp,a53 --base=0x700c1000 --runtime-arg -Xms64m --runtime-arg -Xmx64m --compiler-filter=verify-at-runtime --image-classes=/system/etc/preloaded-classes --instruction-set-variant=generic --instruction-set-features=default
06-15 17:16:41.336  3197  3197 I dex2oat : setting boot class path to /system/framework/core-libart.jar:/system/framework/conscrypt.jar:/system/framework/okhttp.jar:/system/framework/core-junit.jar:/system/framework/bouncycastle.jar:/system/framework/ext.jar:/system/framework/framework.jar:/system/framework/telephony-common.jar:/system/framework/voip-common.jar:/system/framework/ims-common.jar:/system/framework/apache-xml.jar:/system/framework/org.apache.http.legacy.boot.jar
06-15 17:16:41.425  2920  2920 D SurfaceFlinger: SF. shader cache generated - 26 shaders in 219.430695 ms
06-15 17:16:41.428  2920  2920 E display : WIN_CONFIG is skipped, but mLastRetireFenceFd is not valid
06-15 17:16:41.430  2920  2920 E display : VPP should be assigned to FramebufferTarget but it was failed ret(0)
06-15 17:16:41.433  2920  2920 E display : [PrimaryDisplay] framebuffer target expected, but not provided
06-15 17:16:41.437  2920  2920 E display : VPP should be assigned to FramebufferTarget but it was failed ret(0)
06-15 17:16:41.440  2920  2920 E display : [PrimaryDisplay] framebuffer target expected, but not provided
06-15 17:16:41.452  2920  2920 E display : VPP should be assigned to FramebufferTarget but it was failed ret(0)
06-15 17:16:41.454  2920  2920 E display : [PrimaryDisplay] framebuffer target expected, but not provided
06-15 17:16:41.468  2920  2920 E display : VPP should be assigned to FramebufferTarget but it was failed ret(0)
06-15 17:16:41.471  2920  2920 E display : [PrimaryDisplay] framebuffer target expected, but not provided
06-15 17:16:41.485  2920  2920 E display : VPP should be assigned to FramebufferTarget but it was failed ret(0)
06-15 17:16:41.487  2920  2920 E display : [PrimaryDisplay] framebuffer target expected, but not provided
06-15 17:16:41.502  2920  2920 E display : VPP should be assigned to FramebufferTarget but it was failed ret(0)
06-15 17:16:41.504  2920  2920 E display : [PrimaryDisplay] framebuffer target expected, but not provided
06-15 17:16:41.519  2920  2920 E display : VPP should be assigned to FramebufferTarget but it was failed ret(0)
06-15 17:16:41.521  2920  2920 E display : [PrimaryDisplay] framebuffer target expected, but not provided
06-15 17:16:41.553  2920  2920 E display : VPP should be assigned to FramebufferTarget but it was failed ret(0)
06-15 17:16:41.555  2920  2920 E display : [PrimaryDisplay] framebuffer target expected, but not provided
06-15 17:16:41.587  2920  2920 E display : VPP should be assigned to FramebufferTarget but it was failed ret(0)
06-15 17:16:41.589  2920  2920 E display : [PrimaryDisplay] framebuffer target expected, but not provided
06-15 17:16:41.621  2920  2920 E display : VPP should be assigned to FramebufferTarget but it was failed ret(0)
06-15 17:16:41.623  2920  2920 E display : [PrimaryDisplay] framebuffer target expected, but not provided
06-15 17:16:41.654  2935  2935 E audio_route: Failed to open /system/etc/mixer_paths.xml
06-15 17:16:41.655  2920  2920 E display : VPP should be assigned to FramebufferTarget but it was failed ret(0)
06-15 17:16:41.657  2920  2920 E display : [PrimaryDisplay] framebuffer target expected, but not provided
06-15 17:16:41.659  2935  2935 I AudioFlinger: loadHwModule() Loaded primary audio interface from Samsung audio HW HAL (audio) handle 1
06-15 17:16:41.659  2935  2935 I AudioFlinger: openOutput(), module 1 Device 2, SamplingRate 44100, Format 0x000001, Channels 3, flags 2
06-15 17:16:41.659  2935  2935 I AudioFlinger: AudioStreamOut::open(), mHalFormatIsLinearPcm = 1
06-15 17:16:41.659  2935  2935 I AudioFlinger: HAL output buffer size 256 frames, normal sink buffer size 960 frames
06-15 17:16:41.665  2935  2935 I BufferProvider: found effect "Multichannel Downmix To Stereo" from The Android Open Source Project
06-15 17:16:41.665  2935  2935 E MonoPipe: Failed to fetch local time frequency when constructing a MonoPipe (res = -32).  getNextWriteTimestamp calls will be non-functional
06-15 17:16:41.666  2935  2935 I AudioFlinger: Using module 1 has the primary audio interface
06-15 17:16:41.666  2935  3293 I AudioFlinger: AudioFlinger's thread 0xf4680000 ready to run
06-15 17:16:41.666  2935  3293 V audio_hw_primary: do_out_standby: output standby: 1
06-15 17:16:41.666  2935  3293 V audio_hw_primary: out_set_parameters: key value pairs: routing=2
06-15 17:16:41.666  2935  3293 E AudioFlinger: no wake lock to update!
06-15 17:16:41.667  2935  2935 V audio_hw_primary: adev_open_input_stream: Created resampler converting 48000 -> 16000
06-15 17:16:41.667  2935  2935 V audio_hw_primary: adev_open_input_stream: Requesting input stream with rate: 16000, channels: 0xc
06-15 17:16:41.667  2935  3295 I AudioFlinger: AudioFlinger's thread 0xf42c0000 ready to run
06-15 17:16:41.668  2935  2935 I r_submix: adev_open(name=audio_hw_if)
06-15 17:16:41.668  2935  2935 I r_submix: adev_init_check()
06-15 17:16:41.668  2935  2935 I AudioFlinger: loadHwModule() Loaded r_submix audio interface from Wifi Display audio HAL (audio) handle 4
06-15 17:16:41.668  2935  2935 D r_submix: adev_open_input_stream(addr=0)
06-15 17:16:41.668  2935  2935 D r_submix: submix_audio_device_create_pipe_l(addr=0, idx=9)
06-15 17:16:41.668  2935  2935 D r_submix:   now using address 0 for route 9
06-15 17:16:41.668  2935  3296 I AudioFlinger: AudioFlinger's thread 0xf42c0000 ready to run
06-15 17:16:41.668  2935  2935 D r_submix: adev_close_input_stream()
06-15 17:16:41.668  2935  2935 D r_submix: submix_audio_device_release_pipe_l(idx=9) addr=0
06-15 17:16:41.668  2935  2935 D r_submix: submix_audio_device_destroy_pipe_l(): pipe destroyed
06-15 17:16:41.669  2935  2935 E SoundTriggerHwService: couldn't load sound trigger module sound_trigger.primary (No such file or directory)
06-15 17:16:41.669  2935  2935 I RadioService: RadioService
06-15 17:16:41.669  2935  2935 I RadioService: onFirstRef
06-15 17:16:41.669  2935  2935 E RadioService: couldn't load radio module radio.primary (No such file or directory)
06-15 17:16:41.689  2920  2920 E display : VPP should be assigned to FramebufferTarget but it was failed ret(0)
06-15 17:16:41.691  2920  2920 E display : [PrimaryDisplay] framebuffer target expected, but not provided
06-15 17:16:41.723  2920  2920 E display : VPP should be assigned to FramebufferTarget but it was failed ret(0)
06-15 17:16:41.725  2920  2920 E display : [PrimaryDisplay] framebuffer target expected, but not provided
06-15 17:16:41.757  2920  2920 E display : VPP should be assigned to FramebufferTarget but it was failed ret(0)
06-15 17:16:41.759  2920  2920 E display : [PrimaryDisplay] framebuffer target expected, but not provided
06-15 17:16:41.769  2930  2930 V NatController: runCmd(/system/bin/iptables -w -F natctrl_FORWARD) res=0
06-15 17:16:41.773  2930  2930 V NatController: runCmd(/system/bin/iptables -w -A natctrl_FORWARD -j DROP) res=0
06-15 17:16:41.777  2930  2930 V NatController: runCmd(/system/bin/iptables -w -t nat -F natctrl_nat_POSTROUTING) res=0
06-15 17:16:41.781  2930  2930 V NatController: runCmd(/system/bin/iptables -w -F natctrl_tether_counters) res=1
06-15 17:16:41.785  2930  2930 V NatController: runCmd(/system/bin/iptables -w -X natctrl_tether_counters) res=1
06-15 17:16:41.789  2930  2930 V NatController: runCmd(/system/bin/iptables -w -N natctrl_tether_counters) res=0
06-15 17:16:41.790  2920  2920 E display : VPP should be assigned to FramebufferTarget but it was failed ret(0)
06-15 17:16:41.792  2920  2920 E display : [PrimaryDisplay] framebuffer target expected, but not provided
06-15 17:16:41.793  2930  2930 V NatController: runCmd(/system/bin/iptables -w -t mangle -A natctrl_mangle_FORWARD -p tcp --tcp-flags SYN SYN -j TCPMSS --clamp-mss-to-pmtu) res=0
06-15 17:16:41.824  2920  2920 E display : VPP should be assigned to FramebufferTarget but it was failed ret(0)
06-15 17:16:41.827  2920  2920 E display : [PrimaryDisplay] framebuffer target expected, but not provided
06-15 17:16:41.858  2920  2920 E display : VPP should be assigned to FramebufferTarget but it was failed ret(0)
06-15 17:16:41.860  2920  2920 E display : [PrimaryDisplay] framebuffer target expected, but not provided
06-15 17:16:41.892  2920  2920 E display : VPP should be assigned to FramebufferTarget but it was failed ret(0)
06-15 17:16:41.894  2920  2920 E display : [PrimaryDisplay] framebuffer target expected, but not provided
06-15 17:16:41.926  2920  2920 E display : VPP should be assigned to FramebufferTarget but it was failed ret(0)
06-15 17:16:41.928  2920  2920 E display : [PrimaryDisplay] framebuffer target expected, but not provided
06-15 17:16:41.960  2920  2920 E display : VPP should be assigned to FramebufferTarget but it was failed ret(0)
06-15 17:16:41.962  2920  2920 E display : [PrimaryDisplay] framebuffer target expected, but not provided
06-15 17:16:41.994  2920  2920 E display : VPP should be assigned to FramebufferTarget but it was failed ret(0)
06-15 17:16:41.996  2920  2920 E display : [PrimaryDisplay] framebuffer target expected, but not provided
06-15 17:16:42.028  2920  2920 E display : VPP should be assigned to FramebufferTarget but it was failed ret(0)
06-15 17:16:42.030  2920  2920 E display : [PrimaryDisplay] framebuffer target expected, but not provided
06-15 17:16:42.062  2920  2920 E display : VPP should be assigned to FramebufferTarget but it was failed ret(0)
06-15 17:16:42.064  2920  2920 E display : [PrimaryDisplay] framebuffer target expected, but not provided
06-15 17:16:42.095  2920  2920 E display : VPP should be assigned to FramebufferTarget but it was failed ret(0)
06-15 17:16:42.098  2920  2920 E display : [PrimaryDisplay] framebuffer target expected, but not provided
06-15 17:16:42.129  2920  2920 E display : VPP should be assigned to FramebufferTarget but it was failed ret(0)
06-15 17:16:42.132  2920  2920 E display : [PrimaryDisplay] framebuffer target expected, but not provided
06-15 17:16:42.163  2920  2920 E display : VPP should be assigned to FramebufferTarget but it was failed ret(0)
06-15 17:16:42.165  2920  2920 E display : [PrimaryDisplay] framebuffer target expected, but not provided
06-15 17:16:42.197  2920  2920 E display : VPP should be assigned to FramebufferTarget but it was failed ret(0)
06-15 17:16:42.199  2920  2920 E display : [PrimaryDisplay] framebuffer target expected, but not provided
06-15 17:16:42.210  2930  2930 E Netd    : cannot find interface dummy0
06-15 17:16:42.210  2930  2930 D MDnsDS  : MDnsSdListener::Hander starting up
06-15 17:16:42.210  2930  3391 D MDnsDS  : MDnsSdListener starting to monitor
06-15 17:16:42.211  2930  3391 D MDnsDS  : Going to poll with pollCount 1
06-15 17:16:42.231  2920  2920 E display : VPP should be assigned to FramebufferTarget but it was failed ret(0)
06-15 17:16:42.233  2920  2920 E display : [PrimaryDisplay] framebuffer target expected, but not provided
06-15 17:16:42.265  2920  2920 E display : VPP should be assigned to FramebufferTarget but it was failed ret(0)
06-15 17:16:42.267  2920  2920 E display : [PrimaryDisplay] framebuffer target expected, but not provided
06-15 17:16:42.299  2920  2920 E display : VPP should be assigned to FramebufferTarget but it was failed ret(0)
06-15 17:16:42.301  2920  2920 E display : [PrimaryDisplay] framebuffer target expected, but not provided
06-15 17:16:42.333  2920  2920 E display : VPP should be assigned to FramebufferTarget but it was failed ret(0)
06-15 17:16:42.335  2920  2920 E display : [PrimaryDisplay] framebuffer target expected, but not provided
06-15 17:16:42.367  2920  2920 E display : VPP should be assigned to FramebufferTarget but it was failed ret(0)
06-15 17:16:42.369  2920  2920 E display : [PrimaryDisplay] framebuffer target expected, but not provided
06-15 17:16:42.401  2920  2920 E display : VPP should be assigned to FramebufferTarget but it was failed ret(0)
06-15 17:16:42.403  2920  2920 E display : [PrimaryDisplay] framebuffer target expected, but not provided
06-15 17:16:42.434  2920  2920 E display : VPP should be assigned to FramebufferTarget but it was failed ret(0)
06-15 17:16:42.436  2920  2920 E display : [PrimaryDisplay] framebuffer target expected, but not provided
06-15 17:16:42.468  2920  2920 E display : VPP should be assigned to FramebufferTarget but it was failed ret(0)
06-15 17:16:42.470  2920  2920 E display : [PrimaryDisplay] framebuffer target expected, but not provided
06-15 17:16:42.485  2920  2920 E display : VPP should be assigned to FramebufferTarget but it was failed ret(0)
06-15 17:16:42.487  2920  2920 E display : [PrimaryDisplay] framebuffer target expected, but not provided
06-15 17:16:42.536  2920  2920 E display : VPP should be assigned to FramebufferTarget but it was failed ret(0)
06-15 17:16:42.538  2920  2920 E display : [PrimaryDisplay] framebuffer target expected, but not provided
06-15 17:16:42.553  2920  2920 E display : VPP should be assigned to FramebufferTarget but it was failed ret(0)
06-15 17:16:42.555  2920  2920 E display : [PrimaryDisplay] framebuffer target expected, but not provided
06-15 17:16:42.587  2920  2920 E display : VPP should be assigned to FramebufferTarget but it was failed ret(0)
06-15 17:16:42.589  2920  2920 E display : [PrimaryDisplay] framebuffer target expected, but not provided
06-15 17:16:42.621  2920  2920 E display : VPP should be assigned to FramebufferTarget but it was failed ret(0)
06-15 17:16:42.623  2920  2920 E display : [PrimaryDisplay] framebuffer target expected, but not provided
06-15 17:16:42.655  2920  2920 E display : VPP should be assigned to FramebufferTarget but it was failed ret(0)
06-15 17:16:42.657  2920  2920 E display : [PrimaryDisplay] framebuffer target expected, but not provided
06-15 17:16:42.688  2920  2920 E display : VPP should be assigned to FramebufferTarget but it was failed ret(0)
06-15 17:16:42.691  2920  2920 E display : [PrimaryDisplay] framebuffer target expected, but not provided
06-15 17:16:42.723  2920  2920 E display : VPP should be assigned to FramebufferTarget but it was failed ret(0)
06-15 17:16:42.725  2920  2920 E display : [PrimaryDisplay] framebuffer target expected, but not provided
06-15 17:16:42.756  2920  2920 E display : VPP should be assigned to FramebufferTarget but it was failed ret(0)
06-15 17:16:42.758  2920  2920 E display : [PrimaryDisplay] framebuffer target expected, but not provided
06-15 17:16:42.781  3197  3397 W dex2oat : Skipping class com.quicinc.tcmiface.DpmTcmIface from /system/framework/org.apache.http.legacy.boot.jar previously found in /system/framework/okhttp.jar
06-15 17:16:42.790  2920  2920 E display : VPP should be assigned to FramebufferTarget but it was failed ret(0)
06-15 17:16:42.793  2920  2920 E display : [PrimaryDisplay] framebuffer target expected, but not provided
06-15 17:16:42.824  2920  2920 E display : VPP should be assigned to FramebufferTarget but it was failed ret(0)
06-15 17:16:42.826  2920  2920 E display : [PrimaryDisplay] framebuffer target expected, but not provided
06-15 17:16:42.858  2920  2920 E display : VPP should be assigned to FramebufferTarget but it was failed ret(0)
06-15 17:16:42.860  2920  2920 E display : [PrimaryDisplay] framebuffer target expected, but not provided
06-15 17:16:42.892  2920  2920 E display : VPP should be assigned to FramebufferTarget but it was failed ret(0)
06-15 17:16:42.894  2920  2920 E display : [PrimaryDisplay] framebuffer target expected, but not provided
06-15 17:16:42.926  2920  2920 E display : VPP should be assigned to FramebufferTarget but it was failed ret(0)
06-15 17:16:42.928  2920  2920 E display : [PrimaryDisplay] framebuffer target expected, but not provided
06-15 17:16:42.960  2920  2920 E display : VPP should be assigned to FramebufferTarget but it was failed ret(0)
06-15 17:16:42.962  2920  2920 E display : [PrimaryDisplay] framebuffer target expected, but not provided
06-15 17:16:42.994  2920  2920 E display : VPP should be assigned to FramebufferTarget but it was failed ret(0)
06-15 17:16:42.996  2920  2920 E display : [PrimaryDisplay] framebuffer target expected, but not provided
06-15 17:16:43.028  2920  2920 E display : VPP should be assigned to FramebufferTarget but it was failed ret(0)
06-15 17:16:43.030  2920  2920 E display : [PrimaryDisplay] framebuffer target expected, but not provided
06-15 17:16:43.062  2920  2920 E display : VPP should be assigned to FramebufferTarget but it was failed ret(0)
06-15 17:16:43.064  2920  2920 E display : [PrimaryDisplay] framebuffer target expected, but not provided
06-15 17:16:43.095  2920  2920 E display : VPP should be assigned to FramebufferTarget but it was failed ret(0)
06-15 17:16:43.097  2920  2920 E display : [PrimaryDisplay] framebuffer target expected, but not provided
06-15 17:16:43.113  3197  3197 I dex2oat : Explicit concurrent mark sweep GC freed 58630(21MB) AllocSpace objects, 0(0B) LOS objects, 34% free, 7MB/11MB, paused 82us total 10.344ms
06-15 17:16:43.129  2920  2920 E display : VPP should be assigned to FramebufferTarget but it was failed ret(0)
06-15 17:16:43.131  2920  2920 E display : [PrimaryDisplay] framebuffer target expected, but not provided
06-15 17:16:43.163  2920  2920 E display : VPP should be assigned to FramebufferTarget but it was failed ret(0)
06-15 17:16:43.165  2920  2920 E display : [PrimaryDisplay] framebuffer target expected, but not provided
06-15 17:16:43.197  2920  2920 E display : VPP should be assigned to FramebufferTarget but it was failed ret(0)
06-15 17:16:43.199  2920  2920 E display : [PrimaryDisplay] framebuffer target expected, but not provided
06-15 17:16:43.231  2920  2920 E display : VPP should be assigned to FramebufferTarget but it was failed ret(0)
06-15 17:16:43.233  2920  2920 E display : [PrimaryDisplay] framebuffer target expected, but not provided
06-15 17:16:43.265  2920  2920 E display : VPP should be assigned to FramebufferTarget but it was failed ret(0)
06-15 17:16:43.267  2920  2920 E display : [PrimaryDisplay] framebuffer target expected, but not provided
06-15 17:16:43.299  2920  2920 E display : VPP should be assigned to FramebufferTarget but it was failed ret(0)
06-15 17:16:43.301  2920  2920 E display : [PrimaryDisplay] framebuffer target expected, but not provided
06-15 17:16:43.333  2920  2920 E display : VPP should be assigned to FramebufferTarget but it was failed ret(0)
06-15 17:16:43.335  2920  2920 E display : [PrimaryDisplay] framebuffer target expected, but not provided
06-15 17:16:43.346  3101  3132 D BootAnimation: Use save memory method, maybe small fps in actual.
06-15 17:16:43.367  2920  2920 E display : VPP should be assigned to FramebufferTarget but it was failed ret(0)
06-15 17:16:43.369  2920  2920 E display : [PrimaryDisplay] framebuffer target expected, but not provided
06-15 17:16:43.401  2920  2920 E display : VPP should be assigned to FramebufferTarget but it was failed ret(0)
06-15 17:16:43.403  2920  2920 E display : [PrimaryDisplay] framebuffer target expected, but not provided
06-15 17:16:43.435  2920  2920 E display : VPP should be assigned to FramebufferTarget but it was failed ret(0)
06-15 17:16:43.437  2920  2920 E display : [PrimaryDisplay] framebuffer target expected, but not provided
06-15 17:16:43.468  2920  2920 E display : VPP should be assigned to FramebufferTarget but it was failed ret(0)
06-15 17:16:43.471  2920  2920 E display : [PrimaryDisplay] framebuffer target expected, but not provided
06-15 17:16:43.502  2920  2920 E display : VPP should be assigned to FramebufferTarget but it was failed ret(0)
06-15 17:16:43.504  2920  2920 E display : [PrimaryDisplay] framebuffer target expected, but not provided
06-15 17:16:43.536  2920  2920 E display : VPP should be assigned to FramebufferTarget but it was failed ret(0)
06-15 17:16:43.538  2920  2920 E display : [PrimaryDisplay] framebuffer target expected, but not provided
06-15 17:16:43.570  2920  2920 E display : VPP should be assigned to FramebufferTarget but it was failed ret(0)
06-15 17:16:43.572  2920  2920 E display : [PrimaryDisplay] framebuffer target expected, but not provided
06-15 17:16:43.596  3197  3197 I dex2oat : dex2oat took 2.267s (threads: 8) arena alloc=640B java alloc=7MB native alloc=10MB free=10MB
06-15 17:16:43.604  2920  2920 E display : VPP should be assigned to FramebufferTarget but it was failed ret(0)
06-15 17:16:43.606  2920  2920 E display : [PrimaryDisplay] framebuffer target expected, but not provided
06-15 17:16:43.628  2939  2939 D ICU     : No timezone override file found: /data/misc/zoneinfo/current/icu/icu_tzdata.dat
06-15 17:16:43.638  2920  2920 E display : VPP should be assigned to FramebufferTarget but it was failed ret(0)
06-15 17:16:43.640  2920  2920 E display : [PrimaryDisplay] framebuffer target expected, but not provided
06-15 17:16:43.672  2920  2920 E display : VPP should be assigned to FramebufferTarget but it was failed ret(0)
06-15 17:16:43.674  2920  2920 E display : [PrimaryDisplay] framebuffer target expected, but not provided
06-15 17:16:43.706  2920  2920 E display : VPP should be assigned to FramebufferTarget but it was failed ret(0)
06-15 17:16:43.708  2920  2920 E display : [PrimaryDisplay] framebuffer target expected, but not provided
06-15 17:16:43.740  2920  2920 E display : VPP should be assigned to FramebufferTarget but it was failed ret(0)
06-15 17:16:43.742  2920  2920 E display : [PrimaryDisplay] framebuffer target expected, but not provided
06-15 17:16:43.763  2939  2939 I Radio-JNI: register_android_hardware_Radio DONE
06-15 17:16:43.773  2920  2920 E display : VPP should be assigned to FramebufferTarget but it was failed ret(0)
06-15 17:16:43.775  2920  2920 E display : [PrimaryDisplay] framebuffer target expected, but not provided
06-15 17:16:43.804  2939  2939 I SamplingProfilerIntegration: Profiling disabled.
06-15 17:16:43.804  2939  2939 D Zygote  : begin preload
06-15 17:16:43.806  2939  2939 I Zygote  : Preloading classes...
06-15 17:16:43.807  2920  2920 E display : VPP should be assigned to FramebufferTarget but it was failed ret(0)
06-15 17:16:43.809  2920  2920 E display : [PrimaryDisplay] framebuffer target expected, but not provided
06-15 17:16:43.841  2920  2920 E display : VPP should be assigned to FramebufferTarget but it was failed ret(0)
06-15 17:16:43.843  2920  2920 E display : [PrimaryDisplay] framebuffer target expected, but not provided
06-15 17:16:43.875  2920  2920 E display : VPP should be assigned to FramebufferTarget but it was failed ret(0)
06-15 17:16:43.877  2920  2920 E display : [PrimaryDisplay] framebuffer target expected, but not provided
06-15 17:16:43.892  2920  2920 E display : VPP should be assigned to FramebufferTarget but it was failed ret(0)
06-15 17:16:43.894  2920  2920 E display : [PrimaryDisplay] framebuffer target expected, but not provided
06-15 17:16:43.926  2920  2920 E display : VPP should be assigned to FramebufferTarget but it was failed ret(0)
06-15 17:16:43.928  2920  2920 E display : [PrimaryDisplay] framebuffer target expected, but not provided
06-15 17:16:43.960  2920  2920 E display : VPP should be assigned to FramebufferTarget but it was failed ret(0)
06-15 17:16:43.962  2920  2920 E display : [PrimaryDisplay] framebuffer target expected, but not provided
06-15 17:16:43.994  2920  2920 E display : VPP should be assigned to FramebufferTarget but it was failed ret(0)
06-15 17:16:43.996  2920  2920 E display : [PrimaryDisplay] framebuffer target expected, but not provided
06-15 17:16:44.028  2920  2920 E display : VPP should be assigned to FramebufferTarget but it was failed ret(0)
06-15 17:16:44.030  2920  2920 E display : [PrimaryDisplay] framebuffer target expected, but not provided
06-15 17:16:44.062  2920  2920 E display : VPP should be assigned to FramebufferTarget but it was failed ret(0)
06-15 17:16:44.064  2920  2920 E display : [PrimaryDisplay] framebuffer target expected, but not provided
06-15 17:16:44.095  2920  2920 E display : VPP should be assigned to FramebufferTarget but it was failed ret(0)
06-15 17:16:44.098  2920  2920 E display : [PrimaryDisplay] framebuffer target expected, but not provided
06-15 17:16:44.129  2920  2920 E display : VPP should be assigned to FramebufferTarget but it was failed ret(0)
06-15 17:16:44.132  2920  2920 E display : [PrimaryDisplay] framebuffer target expected, but not provided
06-15 17:16:44.163  2920  2920 E display : VPP should be assigned to FramebufferTarget but it was failed ret(0)
06-15 17:16:44.165  2920  2920 E display : [PrimaryDisplay] framebuffer target expected, but not provided
06-15 17:16:44.197  2920  2920 E display : VPP should be assigned to FramebufferTarget but it was failed ret(0)
06-15 17:16:44.199  2920  2920 E display : [PrimaryDisplay] framebuffer target expected, but not provided
06-15 17:16:44.223  2939  2939 E Minikin : addFont failed to create font /system/fonts/NanumGothic.ttf
06-15 17:16:44.223  2939  2939 E Minikin : addFont failed to create font /system/fonts/DroidSansFallback.ttf
06-15 17:16:44.223  2939  2939 E Minikin : addFont failed to create font /system/fonts/MTLmr3m.ttf
06-15 17:16:44.231  2920  2920 E display : VPP should be assigned to FramebufferTarget but it was failed ret(0)
06-15 17:16:44.233  2920  2920 E display : [PrimaryDisplay] framebuffer target expected, but not provided
06-15 17:16:44.265  2920  2920 E display : VPP should be assigned to FramebufferTarget but it was failed ret(0)
06-15 17:16:44.267  2920  2920 E display : [PrimaryDisplay] framebuffer target expected, but not provided
06-15 17:16:44.299  2920  2920 E display : VPP should be assigned to FramebufferTarget but it was failed ret(0)
06-15 17:16:44.301  2920  2920 E display : [PrimaryDisplay] framebuffer target expected, but not provided
06-15 17:16:44.319  2939  2939 V DngCreator_JNI: DngCreator_nativeClassInit:
06-15 17:16:44.333  2920  2920 E display : VPP should be assigned to FramebufferTarget but it was failed ret(0)
06-15 17:16:44.335  2920  2920 E display : [PrimaryDisplay] framebuffer target expected, but not provided
06-15 17:16:44.367  2920  2920 E display : VPP should be assigned to FramebufferTarget but it was failed ret(0)
06-15 17:16:44.369  2920  2920 E display : [PrimaryDisplay] framebuffer target expected, but not provided
06-15 17:16:44.400  2920  2920 E display : VPP should be assigned to FramebufferTarget but it was failed ret(0)
06-15 17:16:44.403  2920  2920 E display : [PrimaryDisplay] framebuffer target expected, but not provided
06-15 17:16:44.434  2920  2920 E display : VPP should be assigned to FramebufferTarget but it was failed ret(0)
06-15 17:16:44.436  2920  2920 E display : [PrimaryDisplay] framebuffer target expected, but not provided
