05-24 23:30:25.515  3970  3970 I bt_a2dp_hw: adev_open:  adev_open in A2dp_hw module
05-24 23:30:25.515  3970  3970 I AudioFlinger: loadHwModule() Loaded a2dp audio interface from A2DP Audio HW HAL (audio) handle 5
05-24 23:30:25.516  3970  3970 I AudioFlinger: loadHwModule() Loaded usb audio interface from USB audio HW HAL (audio) handle 6
05-24 23:30:25.516  3970  3970 I r_submix: adev_open(name=audio_hw_if)
05-24 23:30:25.516  3970  3970 I r_submix: adev_init_check()
05-24 23:30:25.516  3970  3970 I AudioFlinger: loadHwModule() Loaded r_submix audio interface from Wifi Display audio HAL (audio) handle 7
05-24 23:30:25.516  3970  3970 D r_submix: adev_open_input_stream(addr=0)
05-24 23:30:25.516  3970  3970 D r_submix: submix_audio_device_create_pipe_l(addr=0, idx=9)
05-24 23:30:25.517  3970  3970 D r_submix:   now using address 0 for route 9
05-24 23:30:25.517  3970  4136 I AudioFlinger: AudioFlinger's thread 0xf3f40000 ready to run
05-24 23:30:25.517  3970  3970 D r_submix: adev_close_input_stream()
05-24 23:30:25.517  3970  3970 D r_submix: submix_audio_device_release_pipe_l(idx=9) addr=0
05-24 23:30:25.517  3970  3970 D r_submix: submix_audio_device_destroy_pipe_l(): pipe destroyed
05-24 23:30:25.517  3970  3970 F libc    : Fatal signal 11 (SIGSEGV), code 1, fault addr 0x0 in tid 3970 (mediaserver)
05-24 23:30:25.517  3966  3966 I DEBUG   : property debug.db.uid not set; NOT waiting for gdb.
05-24 23:30:25.517  3966  3966 I DEBUG   : HINT: adb shell setprop debug.db.uid 100000
05-24 23:30:25.517  3966  3966 I DEBUG   : HINT: adb forward tcp:5039 tcp:5039
05-24 23:30:25.568  3966  3966 F DEBUG   : *** *** *** *** *** *** *** *** *** *** *** *** *** *** *** ***
05-24 23:30:25.568  3966  3966 F DEBUG   : Build fingerprint: 'samsung/cm_hero2ltexx/hero2ltexx:6.0.1/MOB30J/7f0153f6f8:eng/test-keys'
05-24 23:30:25.568  3966  3966 F DEBUG   : Revision: '0'
05-24 23:30:25.568  3966  3966 F DEBUG   : ABI: 'arm'
05-24 23:30:25.568  3966  3966 F DEBUG   : pid: 3970, tid: 3970, name: mediaserver  >>> /system/bin/mediaserver <<<
05-24 23:30:25.568  3966  3966 F DEBUG   : signal 11 (SIGSEGV), code 1 (SEGV_MAPERR), fault addr 0x0
05-24 23:30:25.571  3966  3966 F DEBUG   :     r0 f46de8f4  r1 00000000  r2 65732020  r3 00000007
05-24 23:30:25.571  3966  3966 F DEBUG   :     r4 00000008  r5 f46de8f2  r6 f70dfbe0  r7 ff992e14
05-24 23:30:25.571  3966  3966 F DEBUG   :     r8 f473e00c  r9 f70dd431  sl f70dd635  fp f46de8f2
05-24 23:30:25.571  3966  3966 F DEBUG   :     ip 00000000  sp ff992dd0  lr f70d84f7  pc f6c2b3c8  cpsr 600f0010
05-24 23:30:25.572  3966  3966 F DEBUG   : 
05-24 23:30:25.572  3966  3966 F DEBUG   : backtrace:
05-24 23:30:25.572  3966  3966 F DEBUG   :     #00 pc 000183c8  /system/lib/libc.so (strcmp+152)
05-24 23:30:25.572  3966  3966 F DEBUG   :     #01 pc 000084f3  /system/lib/libaudiopolicyservice.so
05-24 23:30:25.572  3966  3966 F DEBUG   :     #02 pc 0001fe10  [stack]
05-24 23:30:25.612  3966  3966 F DEBUG   : 
05-24 23:30:25.612  3966  3966 F DEBUG   : Tombstone written to: /data/tombstones/tombstone_01
05-24 23:30:25.615  2895  2895 I ServiceManager: service 'media.audio_flinger' died
05-24 23:30:25.615  2895  2895 I ServiceManager: service 'media.player' died
05-24 23:30:25.615  2895  2895 I ServiceManager: service 'media.resource_manager' died
05-24 23:30:25.615  2895  2895 I ServiceManager: service 'media.camera' died
05-24 23:30:25.632  4163  4163 I SurfaceFlinger: SurfaceFlinger is starting
05-24 23:30:25.633  4163  4163 E SchedPolicy: /system/bin/surfaceflinger add_tid_to_cgroup failed; fd=-1
05-24 23:30:25.633  4163  4163 I SurfaceFlinger: SurfaceFlinger's main thread ready to run. Initializing graphics H/W...
05-24 23:30:25.639  4163  4163 D libEGL  : loaded /vendor/lib64/egl/libGLES_mali.so
05-24 23:30:25.646  4163  4163 I gralloc : using (id=)
05-24 23:30:25.646  4163  4163 I gralloc : xres         = 1440 px
05-24 23:30:25.646  4163  4163 I gralloc : yres         = 2560 px
05-24 23:30:25.646  4163  4163 I gralloc : width        = 68 mm (537.882324 dpi)
05-24 23:30:25.646  4163  4163 I gralloc : height       = 122 mm (532.983582 dpi)
05-24 23:30:25.646  4163  4163 I gralloc : refresh rate = 59.42 Hz
05-24 23:30:25.652  4163  4163 D hwcomposer: using
05-24 23:30:25.652  4163  4163 D hwcomposer: xres         = 1440 px
05-24 23:30:25.652  4163  4163 D hwcomposer: yres         = 2560 px
05-24 23:30:25.652  4163  4163 D hwcomposer: width        = 68 mm (537.882000 dpi)
05-24 23:30:25.652  4163  4163 D hwcomposer: height       = 122 mm (532.983000 dpi)
05-24 23:30:25.652  4163  4163 D hwcomposer: refresh rate = 59 Hz
05-24 23:30:25.652  4163  4163 I hwcomposer: PSR info devname = /sys/devices/13960000.decon_f/psr_info
05-24 23:30:25.652  4163  4163 I hwcomposer: PSR mode is 6(0: video mode, 1: DP PSR mode, 2: MIPI-DSI command mode)
05-24 23:30:25.652  4163  4163 I SurfaceFlinger: Using composer version 1.3
05-24 23:30:25.652  4163  4163 E display : unknown display attribute 6
05-24 23:30:25.652  4163  4163 I SurfaceFlinger: EGL information:
05-24 23:30:25.652  4163  4163 I SurfaceFlinger: vendor    : Android
05-24 23:30:25.652  4163  4163 I SurfaceFlinger: version   : 1.4 Android META-EGL
05-24 23:30:25.652  4163  4163 I SurfaceFlinger: extensions: EGL_KHR_get_all_proc_addresses EGL_ANDROID_presentation_time EGL_KHR_swap_buffers_with_damage EGL_KHR_image EGL_KHR_image_base EGL_KHR_gl_texture_2D_image EGL_KHR_gl_texture_cubemap_image EGL_KHR_gl_renderbuffer_image EGL_KHR_fence_sync EGL_KHR_create_context EGL_KHR_config_attribs EGL_KHR_surfaceless_context EGL_EXT_create_context_robustness EGL_ANDROID_image_native_buffer EGL_KHR_wait_sync EGL_ANDROID_recordable EGL_KHR_partial_update 
05-24 23:30:25.652  4163  4163 I SurfaceFlinger: Client API: OpenGL_ES
05-24 23:30:25.652  4163  4163 I SurfaceFlinger: EGLSurface: 8-8-8-8, config=0x7f7d9bb128
05-24 23:30:25.652  4163  4163 D         : ro.exynos.dss isEnabled: 0
05-24 23:30:25.654  4163  4163 I SurfaceFlinger: OpenGL ES informations:
05-24 23:30:25.654  4163  4163 I SurfaceFlinger: vendor    : ARM
05-24 23:30:25.654  4163  4163 I SurfaceFlinger: renderer  : Mali-T880
05-24 23:30:25.654  4163  4163 I SurfaceFlinger: version   : OpenGL ES 3.1 v1.r9p0-12dev0.c2bae768d87bf40047e1f310c8de7f16
05-24 23:30:25.654  4163  4163 I SurfaceFlinger: extensions: GL_EXT_debug_marker GL_ARM_rgba8 GL_ARM_mali_shader_binary GL_OES_depth24 GL_OES_depth_texture GL_OES_depth_texture_cube_map GL_OES_packed_depth_stencil GL_OES_rgb8_rgba8 GL_EXT_read_format_bgra GL_OES_compressed_paletted_texture GL_OES_compressed_ETC1_RGB8_texture GL_OES_standard_derivatives GL_OES_EGL_image GL_OES_EGL_image_external GL_OES_EGL_sync GL_OES_texture_npot GL_OES_vertex_half_float GL_OES_required_internalformat GL_OES_vertex_array_object GL_OES_mapbuffer GL_EXT_texture_format_BGRA8888 GL_EXT_texture_rg GL_EXT_texture_type_2_10_10_10_REV GL_OES_fbo_render_mipmap GL_OES_element_index_uint GL_EXT_shadow_samplers GL_OES_texture_compression_astc GL_KHR_texture_compression_astc_ldr GL_KHR_texture_compression_astc_hdr GL_KHR_debug GL_EXT_occlusion_query_boolean GL_EXT_disjoint_timer_query GL_EXT_blend_minmax GL_EXT_discard_framebuffer GL_OES_get_program_binary GL_OES_texture_3D GL_EXT_texture_storage GL_EXT_multisampled_render_to_texture GL_OES_surfaceless_context GL_OES_texture_stencil8 G
05-24 23:30:25.654  4163  4163 I SurfaceFlinger: GL_MAX_TEXTURE_SIZE = 8192
05-24 23:30:25.654  4163  4163 I SurfaceFlinger: GL_MAX_VIEWPORT_DIMS = 8192
05-24 23:30:25.655  4163  4163 D mali_winsys: new_window_surface returns 0x3000,  [1440x2560]-format:1
05-24 23:30:25.656  4163  4163 D SurfaceFlinger: Set power mode=2, type=0 flinger=0x7f7d983c00
05-24 23:30:25.736  3965  3965 V NatController: runCmd(/system/bin/iptables -w -F natctrl_FORWARD) res=0
05-24 23:30:25.740  3965  3965 V NatController: runCmd(/system/bin/iptables -w -A natctrl_FORWARD -j DROP) res=0
05-24 23:30:25.745  3965  3965 V NatController: runCmd(/system/bin/iptables -w -t nat -F natctrl_nat_POSTROUTING) res=0
05-24 23:30:25.750  3965  3965 V NatController: runCmd(/system/bin/iptables -w -F natctrl_tether_counters) res=0
05-24 23:30:25.755  3965  3965 V NatController: runCmd(/system/bin/iptables -w -X natctrl_tether_counters) res=0
05-24 23:30:25.760  3965  3965 V NatController: runCmd(/system/bin/iptables -w -N natctrl_tether_counters) res=0
05-24 23:30:25.765  3965  3965 V NatController: runCmd(/system/bin/iptables -w -t mangle -A natctrl_mangle_FORWARD -p tcp --tcp-flags SYN SYN -j TCPMSS --clamp-mss-to-pmtu) res=0
05-24 23:30:25.809  4163  4163 D SurfaceFlinger: SF. shader cache generated - 26 shaders in 116.271957 ms
05-24 23:30:25.813  3974  3974 E Minikin : addFont failed to create font /system/fonts/NanumGothic.ttf
05-24 23:30:25.814  3974  3974 E Minikin : addFont failed to create font /system/fonts/DroidSansFallback.ttf
05-24 23:30:25.814  4163  4163 E display : ioctl S3CFB_WIN_CONFIG failed: Not a typewriter
05-24 23:30:25.814  4163  4163 F display : ioctl S3CFB_WIN_CONFIG failed to clear screen: Not a typewriter
05-24 23:30:25.814  3974  3974 E Minikin : addFont failed to create font /system/fonts/MTLmr3m.ttf
05-24 23:30:25.814  4163  4163 F libc    : Fatal signal 6 (SIGABRT), code -6 in tid 4163 (surfaceflinger)
05-24 23:30:25.814  3967  3967 I DEBUG   : property debug.db.uid not set; NOT waiting for gdb.
05-24 23:30:25.814  3967  3967 I DEBUG   : HINT: adb shell setprop debug.db.uid 100000
05-24 23:30:25.814  3967  3967 I DEBUG   : HINT: adb forward tcp:5039 tcp:5039
05-24 23:30:25.839  2965  2965 W auditd  : type=1325 audit(0.0:821): table=filter family=10 entries=52
05-24 23:30:25.839  2965  2965 W auditd  : type=1320 audit(0.0:821): 
05-24 23:30:25.849  2965  2965 W auditd  : type=1325 audit(0.0:822): table=filter family=2 entries=47
05-24 23:30:25.849  2965  2965 W auditd  : type=1320 audit(0.0:822): 
05-24 23:30:25.864  3967  3967 F DEBUG   : *** *** *** *** *** *** *** *** *** *** *** *** *** *** *** ***
05-24 23:30:25.865  3967  3967 F DEBUG   : Build fingerprint: 'samsung/cm_hero2ltexx/hero2ltexx:6.0.1/MOB30J/7f0153f6f8:eng/test-keys'
05-24 23:30:25.865  3967  3967 F DEBUG   : Revision: '0'
05-24 23:30:25.865  3967  3967 F DEBUG   : ABI: 'arm64'
05-24 23:30:25.865  3967  3967 F DEBUG   : pid: 4163, tid: 4163, name: surfaceflinger  >>> /system/bin/surfaceflinger <<<
05-24 23:30:25.865  3967  3967 F DEBUG   : signal 6 (SIGABRT), code -6 (SI_TKILL), fault addr --------
05-24 23:30:25.849  2965  2965 W auditd  : type=1325 audit(0.0:823): table=filter family=10 entries=50
05-24 23:30:25.849  2965  2965 W auditd  : type=1320 audit(0.0:823): 
05-24 23:30:25.867  3967  3967 F DEBUG   : Abort message: 'ioctl S3CFB_WIN_CONFIG failed to clear screen: Not a typewriter'
05-24 23:30:25.867  3967  3967 F DEBUG   :     x0   0000000000000000  x1   0000000000001043  x2   0000000000000006  x3   0000000000000000
05-24 23:30:25.867  3967  3967 F DEBUG   :     x4   0000000000000000  x5   0000000000000001  x6   0000000000000000  x7   0000000000000000
05-24 23:30:25.867  3967  3967 F DEBUG   :     x8   0000000000000083  x9   0000000000000049  x10  0000007fc4a4f99c  x11  0000007fc4a4f9d8
05-24 23:30:25.867  3967  3967 F DEBUG   :     x12  0000007fc4a4f8b0  x13  0000000000000040  x14  0000007fc4a4fa88  x15  0000000000000000
05-24 23:30:25.867  3967  3967 F DEBUG   :     x16  0000007f7df5e580  x17  0000007f7def0fcc  x18  0000007f7e110f00  x19  0000007f7e2050d8
05-24 23:30:25.867  3967  3967 F DEBUG   :     x20  0000007f7e205018  x21  0000000000000019  x22  0000000000000006  x23  00000000ffffffff
05-24 23:30:25.867  3967  3967 F DEBUG   :     x24  0000007f7ae8b000  x25  0000007f7d99dbe0  x26  0000007f7e12b040  x27  0000007f7e18b000
05-24 23:30:25.867  3967  3967 F DEBUG   :     x28  0000000000000001  x29  0000007fc4a4f940  x30  0000007f7deee768
05-24 23:30:25.867  3967  3967 F DEBUG   :     sp   0000007fc4a4f940  pc   0000007f7def0fd4  pstate 0000000020000000
05-24 23:30:25.859  2965  2965 W auditd  : type=1325 audit(0.0:824): table=filter family=2 entries=45
05-24 23:30:25.859  2965  2965 W auditd  : type=1320 audit(0.0:824): 
05-24 23:30:25.872  3967  3967 F DEBUG   : 
05-24 23:30:25.872  3967  3967 F DEBUG   : backtrace:
05-24 23:30:25.872  3967  3967 F DEBUG   :     #00 pc 0000000000068fd4  /system/lib64/libc.so (tgkill+8)
05-24 23:30:25.872  3967  3967 F DEBUG   :     #01 pc 0000000000066764  /system/lib64/libc.so (pthread_kill+68)
05-24 23:30:25.872  3967  3967 F DEBUG   :     #02 pc 0000000000023448  /system/lib64/libc.so (raise+28)
05-24 23:30:25.872  3967  3967 F DEBUG   :     #03 pc 000000000001dbe8  /system/lib64/libc.so (abort+60)
05-24 23:30:25.872  3967  3967 F DEBUG   :     #04 pc 0000000000003a7c  /system/lib64/liblog.so (__android_log_assert+236)
05-24 23:30:25.872  3967  3967 F DEBUG   :     #05 pc 00000000000036c4  /system/lib64/libdisplay.so (_ZN20ExynosOverlayDisplay12clearDisplayEv+124)
05-24 23:30:25.872  3967  3967 F DEBUG   :     #06 pc 0000000000003758  /system/lib64/libdisplay.so (_ZN20ExynosOverlayDisplay3setEP22hwc_display_contents_1+144)
05-24 23:30:25.872  3967  3967 F DEBUG   :     #07 pc 0000000000002318  /system/lib64/hw/hwcomposer.exynos5.so (_Z11exynos5_setP21hwc_composer_device_1mPP22hwc_display_contents_1+68)
05-24 23:30:25.872  3967  3967 F DEBUG   :     #08 pc 000000000003cf5c  /system/lib64/libsurfaceflinger.so
05-24 23:30:25.872  3967  3967 F DEBUG   :     #09 pc 000000000002fc74  /system/lib64/libsurfaceflinger.so
05-24 23:30:25.872  3967  3967 F DEBUG   :     #10 pc 000000000002f300  /system/lib64/libsurfaceflinger.so
05-24 23:30:25.872  3967  3967 F DEBUG   :     #11 pc 000000000002e1a0  /system/lib64/libsurfaceflinger.so
05-24 23:30:25.872  3967  3967 F DEBUG   :     #12 pc 000000000002df08  /system/lib64/libsurfaceflinger.so
05-24 23:30:25.872  3967  3967 F DEBUG   :     #13 pc 000000000001aed4  /system/lib64/libutils.so (_ZN7android6Looper9pollInnerEi+312)
05-24 23:30:25.872  3967  3967 F DEBUG   :     #14 pc 000000000001b20c  /system/lib64/libutils.so (_ZN7android6Looper8pollOnceEiPiS1_PPv+80)
05-24 23:30:25.872  3967  3967 F DEBUG   :     #15 pc 000000000002a344  /system/lib64/libsurfaceflinger.so
05-24 23:30:25.872  3967  3967 F DEBUG   :     #16 pc 000000000002d9fc  /system/lib64/libsurfaceflinger.so (_ZN7android14SurfaceFlinger3runEv+20)
05-24 23:30:25.872  3967  3967 F DEBUG   :     #17 pc 00000000000011ec  /system/bin/surfaceflinger
05-24 23:30:25.872  3967  3967 F DEBUG   :     #18 pc 000000000001bcd8  /system/lib64/libc.so (__libc_init+100)
05-24 23:30:25.872  3967  3967 F DEBUG   :     #19 pc 000000000000101c  /system/bin/surfaceflinger
05-24 23:30:25.859  2965  2965 W auditd  : type=1325 audit(0.0:825): table=filter family=10 entries=48
05-24 23:30:25.859  2965  2965 W auditd  : type=1320 audit(0.0:825): 
05-24 23:30:25.869  2965  2965 W auditd  : type=1325 audit(0.0:826): table=filter family=2 entries=43
05-24 23:30:25.869  2965  2965 W auditd  : type=1320 audit(0.0:826): 
05-24 23:30:25.879  2965  2965 W auditd  : type=1325 audit(0.0:827): table=filter family=10 entries=46
05-24 23:30:25.879  2965  2965 W auditd  : type=1320 audit(0.0:827): 
05-24 23:30:25.889  2965  2965 W auditd  : type=1325 audit(0.0:828): table=filter family=2 entries=45
05-24 23:30:25.889  2965  2965 W auditd  : type=1320 audit(0.0:828): 
05-24 23:30:25.889  2965  2965 W auditd  : type=1325 audit(0.0:829): table=filter family=10 entries=48
05-24 23:30:25.889  2965  2965 W auditd  : type=1320 audit(0.0:829): 
05-24 23:30:25.906  3974  3974 V DngCreator_JNI: DngCreator_nativeClassInit:
05-24 23:30:25.899  2965  2965 W auditd  : type=1325 audit(0.0:830): table=filter family=2 entries=47
05-24 23:30:25.899  2965  2965 W auditd  : type=1320 audit(0.0:830): 
05-24 23:30:25.963  3967  3967 F DEBUG   : 
05-24 23:30:25.963  3967  3967 F DEBUG   : Tombstone written to: /data/tombstones/tombstone_02
05-24 23:30:26.016  4194  4207 E SurfaceControl: invalid handle (0x0) or client (0x7fa9a9c640)
05-24 23:30:26.016  4194  4194 W SurfaceComposerClient: ComposerService remote (surfaceflinger) died [0x7fa9aa3320]
05-24 23:30:26.016  4194  4194 D BootAnimation: SurfaceFlinger died, exiting...
05-24 23:30:26.016  2895  2895 I ServiceManager: service 'SurfaceFlinger' died
05-24 23:30:30.047  4277  4277 I Netd    : Netd 1.0 starting
05-24 23:30:30.047  4277  4277 I QtiConnectivityAdapter: Failed to open libconnctrl, some features may not be present.
05-24 23:30:30.048  4277  4277 D TetherController: Setting IP forward enable = 0
05-24 23:30:30.053  4280  4280 V lhd     : GlLhdInterface::Init(/system/etc/lhd.conf)
05-24 23:30:30.053  4280  4280 E lhd     : Failed to read config file "/system/etc/lhd.conf"
05-24 23:30:30.053  4280  4280 E lhd     : ASSERT in GlLhdInterface.cpp:141: Failed to parse config file.
05-24 23:30:30.053  4280  4280 F libc    : Fatal signal 6 (SIGABRT), code -6 in tid 4280 (lhd)
05-24 23:30:30.054  3967  3967 I DEBUG   : property debug.db.uid not set; NOT waiting for gdb.
05-24 23:30:30.054  3967  3967 I DEBUG   : HINT: adb shell setprop debug.db.uid 100000
05-24 23:30:30.054  3967  3967 I DEBUG   : HINT: adb forward tcp:5039 tcp:5039
05-24 23:30:30.039  2965  2965 W auditd  : type=1325 audit(0.0:855): table=filter family=2 entries=52
05-24 23:30:30.039  2965  2965 W auditd  : type=1320 audit(0.0:855): 
05-24 23:30:30.049  2965  2965 W auditd  : type=1325 audit(0.0:856): table=filter family=10 entries=55
05-24 23:30:30.049  2965  2965 W auditd  : type=1320 audit(0.0:856): 
05-24 23:30:30.059  2965  2965 W auditd  : type=1325 audit(0.0:857): table=filter family=2 entries=51
05-24 23:30:30.059  2965  2965 W auditd  : type=1320 audit(0.0:857): 
05-24 23:30:30.059  2965  2965 W auditd  : type=1325 audit(0.0:858): table=filter family=10 entries=54
05-24 23:30:30.059  2965  2965 W auditd  : type=1320 audit(0.0:858): 
05-24 23:30:30.069  2965  2965 W auditd  : type=1325 audit(0.0:859): table=filter family=2 entries=50
05-24 23:30:30.069  2965  2965 W auditd  : type=1320 audit(0.0:859): 
05-24 23:30:30.079  2965  2965 W auditd  : type=1325 audit(0.0:860): table=filter family=10 entries=53
05-24 23:30:30.079  2965  2965 W auditd  : type=1320 audit(0.0:860): 
05-24 23:30:30.089  2965  2965 W auditd  : type=1325 audit(0.0:861): table=filter family=2 entries=48
05-24 23:30:30.089  2965  2965 W auditd  : type=1320 audit(0.0:861): 
05-24 23:30:30.089  2965  2965 W auditd  : type=1325 audit(0.0:862): table=filter family=10 entries=51
05-24 23:30:30.089  2965  2965 W auditd  : type=1320 audit(0.0:862): 
05-24 23:30:30.099  2965  2965 W auditd  : type=1325 audit(0.0:863): table=filter family=2 entries=50
05-24 23:30:30.099  2965  2965 W auditd  : type=1320 audit(0.0:863): 
05-24 23:30:30.099  2965  2965 W auditd  : type=1325 audit(0.0:864): table=filter family=10 entries=53
05-24 23:30:30.099  2965  2965 W auditd  : type=1320 audit(0.0:864): 
05-24 23:30:30.154  3967  3967 F DEBUG   : *** *** *** *** *** *** *** *** *** *** *** *** *** *** *** ***
05-24 23:30:30.154  3967  3967 F DEBUG   : Build fingerprint: 'samsung/cm_hero2ltexx/hero2ltexx:6.0.1/MOB30J/7f0153f6f8:eng/test-keys'
05-24 23:30:30.154  3967  3967 F DEBUG   : Revision: '0'
05-24 23:30:30.154  3967  3967 F DEBUG   : ABI: 'arm64'
05-24 23:30:30.154  3967  3967 F DEBUG   : pid: 4280, tid: 4280, name: lhd  >>> /system/bin/lhd <<<
05-24 23:30:30.154  3967  3967 F DEBUG   : signal 6 (SIGABRT), code -6 (SI_TKILL), fault addr --------
05-24 23:30:30.155  3967  3967 F DEBUG   :     x0   0000000000000000  x1   00000000000010b8  x2   0000000000000006  x3   0000000000000000
05-24 23:30:30.155  3967  3967 F DEBUG   :     x4   0000000000000000  x5   0000000000000001  x6   0000000000000000  x7   0000000000000000
05-24 23:30:30.155  3967  3967 F DEBUG   :     x8   0000000000000083  x9   0000007ff2060820  x10  00000000ffffffd8  x11  00000000ffffff80
05-24 23:30:30.155  3967  3967 F DEBUG   :     x12  0000007faabeae10  x13  50d69f3909cf1e96  x14  0000007faab8e658  x15  0000000000000001
05-24 23:30:30.155  3967  3967 F DEBUG   :     x16  0000007faa77a580  x17  0000007faa70cfcc  x18  00000000ffffffff  x19  0000007faab980d8
05-24 23:30:30.155  3967  3967 F DEBUG   :     x20  0000007faab98018  x21  0000000000000002  x22  0000000000000006  x23  0000007faabc8000
05-24 23:30:30.155  3967  3967 F DEBUG   :     x24  0000007ff2060e18  x25  0000007faabed3d0  x26  0000000000000000  x27  0000000000000000
05-24 23:30:30.155  3967  3967 F DEBUG   :     x28  0000000000000000  x29  0000007ff20608f0  x30  0000007faa70a768
05-24 23:30:30.155  3967  3967 F DEBUG   :     sp   0000007ff20608f0  pc   0000007faa70cfd4  pstate 0000000020000000
05-24 23:30:30.158  3967  3967 F DEBUG   : 
05-24 23:30:30.158  3967  3967 F DEBUG   : backtrace:
05-24 23:30:30.158  3967  3967 F DEBUG   :     #00 pc 0000000000068fd4  /system/lib64/libc.so (tgkill+8)
05-24 23:30:30.158  3967  3967 F DEBUG   :     #01 pc 0000000000066764  /system/lib64/libc.so (pthread_kill+68)
05-24 23:30:30.158  3967  3967 F DEBUG   :     #02 pc 0000000000023448  /system/lib64/libc.so (raise+28)
05-24 23:30:30.158  3967  3967 F DEBUG   :     #03 pc 000000000001dbe8  /system/lib64/libc.so (abort+60)
05-24 23:30:30.158  3967  3967 F DEBUG   :     #04 pc 000000000000b5a0  /system/bin/lhd
05-24 23:30:30.158  3967  3967 F DEBUG   :     #05 pc 000000000000b640  /system/bin/lhd
05-24 23:30:30.158  3967  3967 F DEBUG   :     #06 pc 000000000000bec4  /system/bin/lhd
05-24 23:30:30.158  3967  3967 F DEBUG   :     #07 pc 000000000000c2b0  /system/bin/lhd
05-24 23:30:30.158  3967  3967 F DEBUG   :     #08 pc 000000000000965c  /system/bin/lhd (main+64)
05-24 23:30:30.158  3967  3967 F DEBUG   :     #09 pc 000000000001bcd8  /system/lib64/libc.so (__libc_init+100)
05-24 23:30:30.158  3967  3967 F DEBUG   :     #10 pc 00000000000099e8  /system/bin/lhd
05-24 23:30:30.167  4279  4279 I mediaserver: ServiceManager: 0xf610e120
05-24 23:30:30.167  4279  4279 I AudioFlinger: Using default 3000 mSec as standby time.
05-24 23:30:30.167  4279  4279 E BatteryNotifier: batterystats service unavailable!
05-24 23:30:30.167  4279  4279 E BatteryNotifier: batterystats service unavailable!
05-24 23:30:30.168  4279  4279 I CameraService: CameraService started (pid=4279)
05-24 23:30:30.168  4279  4279 I CameraService: CameraService process starting
05-24 23:30:30.168  4279  4279 E BatteryNotifier: batterystats service unavailable!
05-24 23:30:30.168  4279  4279 E BatteryNotifier: batterystats service unavailable!
05-24 23:30:30.168  4279  4279 E CameraService: Could not load camera HAL module: -2 (No such file or directory)
05-24 23:30:30.169  4279  4279 I AudioPolicyService: AudioPolicyService CSTOR in new mode
05-24 23:30:30.169  4279  4279 W APM::HwModule: loadOutput() invalid supported devices
05-24 23:30:30.169  4279  4279 W APM::HwModule: loadOutput() invalid supported devices
05-24 23:30:30.169  4279  4279 W APM::HwModule: loadInput() invalid supported devices
05-24 23:30:30.169  4279  4279 W APM::HwModule: loadInput() invalid supported devices
05-24 23:30:30.169  4279  4279 I APM::ConfigParsingUtils: loadAudioPolicyConfig() loaded /system/etc/audio_policy.conf
05-24 23:30:30.173  3967  3967 F DEBUG   : 
05-24 23:30:30.173  3967  3967 F DEBUG   : Tombstone written to: /data/tombstones/tombstone_03
05-24 23:30:30.251  4281  4281 D AndroidRuntime: >>>>>> START com.android.internal.os.ZygoteInit uid 0 <<<<<<
05-24 23:30:30.253  4281  4281 D AndroidRuntime: CheckJNI is ON
05-24 23:30:30.254  4281  4281 I art     : option[0]=-Xzygote
05-24 23:30:30.254  4281  4281 I art     : option[1]=-Xcheck:jni
05-24 23:30:30.254  4281  4281 I art     : option[2]=-Xstacktracefile:/data/anr/traces.txt
05-24 23:30:30.254  4281  4281 I art     : option[3]=exit
05-24 23:30:30.254  4281  4281 I art     : option[4]=vfprintf
05-24 23:30:30.254  4281  4281 I art     : option[5]=sensitiveThread
05-24 23:30:30.254  4281  4281 I art     : option[6]=-verbose:gc
05-24 23:30:30.254  4281  4281 I art     : option[7]=-Xms8m
05-24 23:30:30.254  4281  4281 I art     : option[8]=-Xmx512m
05-24 23:30:30.254  4281  4281 I art     : option[9]=-XX:HeapGrowthLimit=256m
05-24 23:30:30.254  4281  4281 I art     : option[10]=-XX:HeapMinFree=2m
05-24 23:30:30.254  4281  4281 I art     : option[11]=-XX:HeapMaxFree=8m
05-24 23:30:30.254  4281  4281 I art     : option[12]=-XX:HeapTargetUtilization=0.75
05-24 23:30:30.254  4281  4281 I art     : option[13]=-Xusejit:true
05-24 23:30:30.254  4281  4281 I art     : option[14]=-agentlib:jdwp=transport=dt_android_adb,suspend=n,server=y
05-24 23:30:30.254  4281  4281 I art     : option[15]=-Xlockprofthreshold:500
05-24 23:30:30.254  4281  4281 I art     : option[16]=-Ximage-compiler-option
05-24 23:30:30.254  4281  4281 I art     : option[17]=--runtime-arg
05-24 23:30:30.254  4281  4281 I art     : option[18]=-Ximage-compiler-option
05-24 23:30:30.254  4281  4281 I art     : option[19]=-Xms64m
05-24 23:30:30.254  4281  4281 I art     : option[20]=-Ximage-compiler-option
05-24 23:30:30.254  4281  4281 I art     : option[21]=--runtime-arg
05-24 23:30:30.254  4281  4281 I art     : option[22]=-Ximage-compiler-option
05-24 23:30:30.254  4281  4281 I art     : option[23]=-Xmx64m
05-24 23:30:30.254  4281  4281 I art     : option[24]=-Ximage-compiler-option
05-24 23:30:30.254  4281  4281 I art     : option[25]=--compiler-filter=verify-at-runtime
05-24 23:30:30.254  4281  4281 I art     : option[26]=-Ximage-compiler-option
05-24 23:30:30.254  4281  4281 I art     : option[27]=--image-classes=/system/etc/preloaded-classes
05-24 23:30:30.254  4281  4281 I art     : option[28]=-Xcompiler-option
05-24 23:30:30.254  4281  4281 I art     : option[29]=--runtime-arg
05-24 23:30:30.254  4281  4281 I art     : option[30]=-Xcompiler-option
05-24 23:30:30.254  4281  4281 I art     : option[31]=-Xms64m
05-24 23:30:30.254  4281  4281 I art     : option[32]=-Xcompiler-option
05-24 23:30:30.254  4281  4281 I art     : option[33]=--runtime-arg
05-24 23:30:30.254  4281  4281 I art     : option[34]=-Xcompiler-option
05-24 23:30:30.254  4281  4281 I art     : option[35]=-Xmx512m
05-24 23:30:30.254  4281  4281 I art     : option[36]=-Xcompiler-option
05-24 23:30:30.254  4281  4281 I art     : option[37]=--compiler-filter=verify-at-runtime
05-24 23:30:30.254  4281  4281 I art     : option[38]=-Ximage-compiler-option
05-24 23:30:30.254  4281  4281 I art     : option[39]=--instruction-set-variant=generic
05-24 23:30:30.254  4281  4281 I art     : option[40]=-Xcompiler-option
05-24 23:30:30.254  4281  4281 I art     : option[41]=--instruction-set-variant=generic
05-24 23:30:30.254  4281  4281 I art     : option[42]=-Ximage-compiler-option
05-24 23:30:30.254  4281  4281 I art     : option[43]=--instruction-set-features=default
05-24 23:30:30.254  4281  4281 I art     : option[44]=-Xcompiler-option
05-24 23:30:30.254  4281  4281 I art     : option[45]=--instruction-set-features=default
05-24 23:30:30.254  4281  4281 I art     : option[46]=-Duser.locale=en-US
05-24 23:30:30.254  4281  4281 I art     : option[47]=--cpu-abilist=arm64-v8a,armeabi
05-24 23:30:30.254  4281  4281 I art     : option[48]=-Xfingerprint:samsung/cm_hero2ltexx/hero2ltexx:6.0.1/MOB30J/7f0153f6f8:eng/test-keys
05-24 23:30:30.279  4281  4281 D ICU     : No timezone override file found: /data/misc/zoneinfo/current/icu/icu_tzdata.dat
05-24 23:30:30.407  4281  4281 I Radio-JNI: register_android_hardware_Radio DONE
05-24 23:30:30.450  4281  4281 I SamplingProfilerIntegration: Profiling disabled.
05-24 23:30:30.451  4281  4281 D Zygote  : begin preload
05-24 23:30:30.453  4281  4281 I Zygote  : Preloading classes...
05-24 23:30:30.715  4279  4279 I AudioFlinger: loadHwModule() Loaded primary audio interface from Samsung audio HW HAL (audio) handle 1
05-24 23:30:30.715  4279  4279 I AudioFlinger: openOutput(), module 1 Device 2, SamplingRate 48000, Format 0x000001, Channels 3, flags a
05-24 23:30:30.715  4279  4279 I AudioFlinger: AudioStreamOut::open(), mHalFormatIsLinearPcm = 1
05-24 23:30:30.715  4279  4279 I AudioFlinger: HAL output buffer size 1024 frames, normal sink buffer size 1024 frames
05-24 23:30:30.716  4279  4279 W EffectsFactory: loadLibrary() failed to open /system/lib/soundfx/libaudioeffectoffload.so
05-24 23:30:30.717  4279  4279 W EffectsFactory: loadLibrary() failed to open /system/lib/soundfx/libexynosvisualizer.so
05-24 23:30:30.719  4279  4279 W EffectsFactory: loadLibrary() failed to open /system/lib/libmysound.so
05-24 23:30:30.719  4279  4279 W EffectsFactory: loadLibrary() failed to open /system/lib/soundfx/libmyspace.so
05-24 23:30:30.719  4279  4279 W EffectsFactory: loadLibrary() failed to open /system/lib/libaudiosa.so
05-24 23:30:30.719  4279  4279 W EffectsFactory: loadLibrary() failed to open /system/lib/soundfx/libaudiosaplus_sec.so
05-24 23:30:30.719  4279  4279 W EffectsFactory: loadLibrary() failed to open /system/lib/libsamsungSoundbooster_plus.so
05-24 23:30:30.719  4279  4279 W EffectsFactory: loadEffect() could not get library soundbooster_plus
05-24 23:30:30.719  4279  4279 W EffectsFactory: addSubEffect() could not get library soundalive_sec
05-24 23:30:30.719  4279  4279 W EffectsFactory: loadEffect() could not add subEffect 
05-24 23:30:30.719  4279  4279 W EffectsFactory: loadEffect() could not get library soundalive
05-24 23:30:30.719  4279  4279 W EffectsFactory: loadEffect() could not get library soundalive
05-24 23:30:30.719  4279  4279 W EffectsFactory: loadEffect() could not get library soundalive
05-24 23:30:30.719  4279  4279 W EffectsFactory: addSubEffect() could not get library visualizer_hw
05-24 23:30:30.719  4279  4279 W EffectsFactory: loadEffect() could not add subEffect 
05-24 23:30:30.719  4279  4279 W EffectsFactory: addSubEffect() could not get library mysound
05-24 23:30:30.719  4279  4279 W EffectsFactory: loadEffect() could not add subEffect 
05-24 23:30:30.719  4279  4279 W EffectsFactory: addSubEffect() could not get library myspace
05-24 23:30:30.719  4279  4279 W EffectsFactory: loadEffect() could not add subEffect 
05-24 23:30:30.719  4279  4279 I BufferProvider: found effect "Multichannel Downmix To Stereo" from The Android Open Source Project
05-24 23:30:30.719  4279  4279 I AudioFlinger: Using module 1 has the primary audio interface
05-24 23:30:30.719  4279  4435 I AudioFlinger: AudioFlinger's thread 0xf44c0000 ready to run
05-24 23:30:30.720  4279  4435 V audio_hw_primary: do_out_standby: output standby: 1
05-24 23:30:30.720  4279  4435 V audio_hw_primary: out_set_parameters: key value pairs: routing=2
05-24 23:30:30.720  4279  4435 E AudioFlinger: no wake lock to update!
05-24 23:30:30.720  4279  4279 I AudioFlinger: openOutput(), module 1 Device 2, SamplingRate 48000, Format 0x000001, Channels 3, flags 4
05-24 23:30:30.720  4279  4279 I AudioFlinger: AudioStreamOut::open(), mHalFormatIsLinearPcm = 1
05-24 23:30:30.720  4279  4279 I AudioFlinger: HAL output buffer size 256 frames, normal sink buffer size 960 frames
05-24 23:30:30.721  4279  4279 E MonoPipe: Failed to fetch local time frequency when constructing a MonoPipe (res = -32).  getNextWriteTimestamp calls will be non-functional
05-24 23:30:30.721  4279  4437 I AudioFlinger: AudioFlinger's thread 0xf4180000 ready to run
05-24 23:30:30.721  4279  4437 V audio_hw_primary: do_out_standby: output standby: 1
05-24 23:30:30.721  4279  4437 V audio_hw_primary: out_set_parameters: key value pairs: routing=2
05-24 23:30:30.721  4279  4437 E AudioFlinger: no wake lock to update!
05-24 23:30:30.722  4279  4279 V audio_hw_primary: adev_open_input_stream: Requesting input stream with rate: 48000, channels: 0xc
05-24 23:30:30.722  4279  4439 I AudioFlinger: AudioFlinger's thread 0xf3e80000 ready to run
05-24 23:30:30.722  4279  4279 I bt_a2dp_hw: adev_open:  adev_open in A2dp_hw module
05-24 23:30:30.722  4279  4279 I AudioFlinger: loadHwModule() Loaded a2dp audio interface from A2DP Audio HW HAL (audio) handle 5
05-24 23:30:30.723  4279  4279 I AudioFlinger: loadHwModule() Loaded usb audio interface from USB audio HW HAL (audio) handle 6
05-24 23:30:30.723  4279  4279 I r_submix: adev_open(name=audio_hw_if)
05-24 23:30:30.723  4279  4279 I r_submix: adev_init_check()
05-24 23:30:30.723  4279  4279 I AudioFlinger: loadHwModule() Loaded r_submix audio interface from Wifi Display audio HAL (audio) handle 7
05-24 23:30:30.723  4279  4279 D r_submix: adev_open_input_stream(addr=0)
05-24 23:30:30.723  4279  4279 D r_submix: submix_audio_device_create_pipe_l(addr=0, idx=9)
05-24 23:30:30.723  4279  4279 D r_submix:   now using address 0 for route 9
05-24 23:30:30.724  4279  4440 I AudioFlinger: AudioFlinger's thread 0xf3dc0000 ready to run
05-24 23:30:30.724  4279  4279 D r_submix: adev_close_input_stream()
05-24 23:30:30.724  4279  4279 D r_submix: submix_audio_device_release_pipe_l(idx=9) addr=0
05-24 23:30:30.724  4279  4279 D r_submix: submix_audio_device_destroy_pipe_l(): pipe destroyed
05-24 23:30:30.724  4279  4279 F libc    : Fatal signal 11 (SIGSEGV), code 1, fault addr 0x0 in tid 4279 (mediaserver)
05-24 23:30:30.724  3966  3966 I DEBUG   : property debug.db.uid not set; NOT waiting for gdb.
05-24 23:30:30.724  3966  3966 I DEBUG   : HINT: adb shell setprop debug.db.uid 100000
05-24 23:30:30.724  3966  3966 I DEBUG   : HINT: adb forward tcp:5039 tcp:5039
05-24 23:30:30.775  3966  3966 F DEBUG   : *** *** *** *** *** *** *** *** *** *** *** *** *** *** *** ***
05-24 23:30:30.775  3966  3966 F DEBUG   : Build fingerprint: 'samsung/cm_hero2ltexx/hero2ltexx:6.0.1/MOB30J/7f0153f6f8:eng/test-keys'
05-24 23:30:30.775  3966  3966 F DEBUG   : Revision: '0'
05-24 23:30:30.775  3966  3966 F DEBUG   : ABI: 'arm'
05-24 23:30:30.775  3966  3966 F DEBUG   : pid: 4279, tid: 4279, name: mediaserver  >>> /system/bin/mediaserver <<<
05-24 23:30:30.775  3966  3966 F DEBUG   : signal 11 (SIGSEGV), code 1 (SEGV_MAPERR), fault addr 0x0
05-24 23:30:30.778  3966  3966 F DEBUG   :     r0 f455e8f4  r1 00000000  r2 65732020  r3 00000007
05-24 23:30:30.778  3966  3966 F DEBUG   :     r4 00000008  r5 f455e8f2  r6 f6f7bbe0  r7 fff26bd4
05-24 23:30:30.778  3966  3966 F DEBUG   :     r8 f45be00c  r9 f6f79431  sl f6f79635  fp f455e8f2
05-24 23:30:30.778  3966  3966 F DEBUG   :     ip 00000000  sp fff26b90  lr f6f744f7  pc f6ac73c8  cpsr 600f0010
05-24 23:30:30.778  3966  3966 F DEBUG   : 
05-24 23:30:30.778  3966  3966 F DEBUG   : backtrace:
05-24 23:30:30.778  3966  3966 F DEBUG   :     #00 pc 000183c8  /system/lib/libc.so (strcmp+152)
05-24 23:30:30.778  3966  3966 F DEBUG   :     #01 pc 000084f3  /system/lib/libaudiopolicyservice.so
05-24 23:30:30.778  3966  3966 F DEBUG   :     #02 pc 0001fbd0  [stack]
05-24 23:30:30.804  4281  4281 E Minikin : addFont failed to create font /system/fonts/NanumGothic.ttf
05-24 23:30:30.804  4281  4281 E Minikin : addFont failed to create font /system/fonts/DroidSansFallback.ttf
05-24 23:30:30.804  4281  4281 E Minikin : addFont failed to create font /system/fonts/MTLmr3m.ttf
05-24 23:30:30.822  3966  3966 F DEBUG   : 
05-24 23:30:30.822  3966  3966 F DEBUG   : Tombstone written to: /data/tombstones/tombstone_04
05-24 23:30:30.825  2895  2895 I ServiceManager: service 'media.audio_flinger' died
05-24 23:30:30.825  2895  2895 I ServiceManager: service 'media.player' died
05-24 23:30:30.825  2895  2895 I ServiceManager: service 'media.resource_manager' died
05-24 23:30:30.825  2895  2895 I ServiceManager: service 'media.camera' died
05-24 23:30:30.842  4468  4468 I SurfaceFlinger: SurfaceFlinger is starting
05-24 23:30:30.842  4468  4468 E SchedPolicy: /system/bin/surfaceflinger add_tid_to_cgroup failed; fd=-1
05-24 23:30:30.842  4468  4468 I SurfaceFlinger: SurfaceFlinger's main thread ready to run. Initializing graphics H/W...
05-24 23:30:30.849  4468  4468 D libEGL  : loaded /vendor/lib64/egl/libGLES_mali.so
05-24 23:30:30.856  4468  4468 I gralloc : using (id=)
05-24 23:30:30.856  4468  4468 I gralloc : xres         = 1440 px
05-24 23:30:30.856  4468  4468 I gralloc : yres         = 2560 px
05-24 23:30:30.856  4468  4468 I gralloc : width        = 68 mm (537.882324 dpi)
05-24 23:30:30.856  4468  4468 I gralloc : height       = 122 mm (532.983582 dpi)
05-24 23:30:30.856  4468  4468 I gralloc : refresh rate = 59.42 Hz
05-24 23:30:30.862  4468  4468 D hwcomposer: using
05-24 23:30:30.862  4468  4468 D hwcomposer: xres         = 1440 px
05-24 23:30:30.862  4468  4468 D hwcomposer: yres         = 2560 px
05-24 23:30:30.862  4468  4468 D hwcomposer: width        = 68 mm (537.882000 dpi)
05-24 23:30:30.862  4468  4468 D hwcomposer: height       = 122 mm (532.983000 dpi)
05-24 23:30:30.862  4468  4468 D hwcomposer: refresh rate = 59 Hz
05-24 23:30:30.862  4468  4468 I hwcomposer: PSR info devname = /sys/devices/13960000.decon_f/psr_info
05-24 23:30:30.862  4468  4468 I hwcomposer: PSR mode is 6(0: video mode, 1: DP PSR mode, 2: MIPI-DSI command mode)
05-24 23:30:30.862  4468  4468 I SurfaceFlinger: Using composer version 1.3
05-24 23:30:30.862  4468  4468 E display : unknown display attribute 6
05-24 23:30:30.862  4468  4468 I SurfaceFlinger: EGL information:
05-24 23:30:30.862  4468  4468 I SurfaceFlinger: vendor    : Android
05-24 23:30:30.862  4468  4468 I SurfaceFlinger: version   : 1.4 Android META-EGL
05-24 23:30:30.862  4468  4468 I SurfaceFlinger: extensions: EGL_KHR_get_all_proc_addresses EGL_ANDROID_presentation_time EGL_KHR_swap_buffers_with_damage EGL_KHR_image EGL_KHR_image_base EGL_KHR_gl_texture_2D_image EGL_KHR_gl_texture_cubemap_image EGL_KHR_gl_renderbuffer_image EGL_KHR_fence_sync EGL_KHR_create_context EGL_KHR_config_attribs EGL_KHR_surfaceless_context EGL_EXT_create_context_robustness EGL_ANDROID_image_native_buffer EGL_KHR_wait_sync EGL_ANDROID_recordable EGL_KHR_partial_update 
05-24 23:30:30.862  4468  4468 I SurfaceFlinger: Client API: OpenGL_ES
05-24 23:30:30.862  4468  4468 I SurfaceFlinger: EGLSurface: 8-8-8-8, config=0x7faa13b128
05-24 23:30:30.862  4468  4468 D         : ro.exynos.dss isEnabled: 0
05-24 23:30:30.864  4468  4468 I SurfaceFlinger: OpenGL ES informations:
05-24 23:30:30.864  4468  4468 I SurfaceFlinger: vendor    : ARM
05-24 23:30:30.864  4468  4468 I SurfaceFlinger: renderer  : Mali-T880
05-24 23:30:30.864  4468  4468 I SurfaceFlinger: version   : OpenGL ES 3.1 v1.r9p0-12dev0.c2bae768d87bf40047e1f310c8de7f16
05-24 23:30:30.864  4468  4468 I SurfaceFlinger: extensions: GL_EXT_debug_marker GL_ARM_rgba8 GL_ARM_mali_shader_binary GL_OES_depth24 GL_OES_depth_texture GL_OES_depth_texture_cube_map GL_OES_packed_depth_stencil GL_OES_rgb8_rgba8 GL_EXT_read_format_bgra GL_OES_compressed_paletted_texture GL_OES_compressed_ETC1_RGB8_texture GL_OES_standard_derivatives GL_OES_EGL_image GL_OES_EGL_image_external GL_OES_EGL_sync GL_OES_texture_npot GL_OES_vertex_half_float GL_OES_required_internalformat GL_OES_vertex_array_object GL_OES_mapbuffer GL_EXT_texture_format_BGRA8888 GL_EXT_texture_rg GL_EXT_texture_type_2_10_10_10_REV GL_OES_fbo_render_mipmap GL_OES_element_index_uint GL_EXT_shadow_samplers GL_OES_texture_compression_astc GL_KHR_texture_compression_astc_ldr GL_KHR_texture_compression_astc_hdr GL_KHR_debug GL_EXT_occlusion_query_boolean GL_EXT_disjoint_timer_query GL_EXT_blend_minmax GL_EXT_discard_framebuffer GL_OES_get_program_binary GL_OES_texture_3D GL_EXT_texture_storage GL_EXT_multisampled_render_to_texture GL_OES_surfaceless_context GL_OES_texture_stencil8 G
05-24 23:30:30.864  4468  4468 I SurfaceFlinger: GL_MAX_TEXTURE_SIZE = 8192
05-24 23:30:30.864  4468  4468 I SurfaceFlinger: GL_MAX_VIEWPORT_DIMS = 8192
05-24 23:30:30.865  4468  4468 D mali_winsys: new_window_surface returns 0x3000,  [1440x2560]-format:1
05-24 23:30:30.866  4468  4468 D SurfaceFlinger: Set power mode=2, type=0 flinger=0x7faa103c00
05-24 23:30:30.895  4281  4281 V DngCreator_JNI: DngCreator_nativeClassInit:
05-24 23:30:30.912  4277  4277 V NatController: runCmd(/system/bin/iptables -w -F natctrl_FORWARD) res=0
05-24 23:30:30.926  4277  4277 V NatController: runCmd(/system/bin/iptables -w -A natctrl_FORWARD -j DROP) res=0
05-24 23:30:30.930  4277  4277 V NatController: runCmd(/system/bin/iptables -w -t nat -F natctrl_nat_POSTROUTING) res=0
05-24 23:30:30.935  4277  4277 V NatController: runCmd(/system/bin/iptables -w -F natctrl_tether_counters) res=0
05-24 23:30:30.940  4277  4277 V NatController: runCmd(/system/bin/iptables -w -X natctrl_tether_counters) res=0
05-24 23:30:30.945  4277  4277 V NatController: runCmd(/system/bin/iptables -w -N natctrl_tether_counters) res=0
05-24 23:30:30.950  4277  4277 V NatController: runCmd(/system/bin/iptables -w -t mangle -A natctrl_mangle_FORWARD -p tcp --tcp-flags SYN SYN -j TCPMSS --clamp-mss-to-pmtu) res=0
05-24 23:30:31.029  4468  4468 D SurfaceFlinger: SF. shader cache generated - 26 shaders in 115.867493 ms
05-24 23:30:31.033  4468  4468 E display : ioctl S3CFB_WIN_CONFIG failed: Not a typewriter
05-24 23:30:31.033  4468  4468 F display : ioctl S3CFB_WIN_CONFIG failed to clear screen: Not a typewriter
05-24 23:30:31.033  4468  4468 F libc    : Fatal signal 6 (SIGABRT), code -6 in tid 4468 (surfaceflinger)
05-24 23:30:31.034  3967  3967 I DEBUG   : property debug.db.uid not set; NOT waiting for gdb.
05-24 23:30:31.034  3967  3967 I DEBUG   : HINT: adb shell setprop debug.db.uid 100000
05-24 23:30:31.034  3967  3967 I DEBUG   : HINT: adb forward tcp:5039 tcp:5039
05-24 23:30:31.049  2965  2965 W auditd  : type=1325 audit(0.0:1061): table=filter family=2 entries=45
05-24 23:30:31.049  2965  2965 W auditd  : type=1320 audit(0.0:1061): 
05-24 23:30:31.049  2965  2965 W auditd  : type=1325 audit(0.0:1062): table=filter family=10 entries=48
05-24 23:30:31.049  2965  2965 W auditd  : type=1320 audit(0.0:1062): 
05-24 23:30:31.049  2965  2965 W auditd  : type=1325 audit(0.0:1063): table=filter family=2 entries=43
05-24 23:30:31.049  2965  2965 W auditd  : type=1320 audit(0.0:1063): 
05-24 23:30:31.059  2965  2965 W auditd  : type=1325 audit(0.0:1064): table=filter family=10 entries=46
05-24 23:30:31.059  2965  2965 W auditd  : type=1320 audit(0.0:1064): 
05-24 23:30:31.059  2965  2965 W auditd  : type=1325 audit(0.0:1065): table=filter family=2 entries=45
05-24 23:30:31.059  2965  2965 W auditd  : type=1320 audit(0.0:1065): 
05-24 23:30:31.069  2965  2965 W auditd  : type=1325 audit(0.0:1066): table=filter family=10 entries=48
05-24 23:30:31.069  2965  2965 W auditd  : type=1320 audit(0.0:1066): 
05-24 23:30:31.069  2965  2965 W auditd  : type=1325 audit(0.0:1067): table=filter family=2 entries=47
05-24 23:30:31.069  2965  2965 W auditd  : type=1320 audit(0.0:1067): 
05-24 23:30:31.079  2965  2965 W auditd  : type=1325 audit(0.0:1068): table=filter family=10 entries=50
05-24 23:30:31.079  2965  2965 W auditd  : type=1320 audit(0.0:1068): 
05-24 23:30:31.089  2965  2965 W auditd  : type=1325 audit(0.0:1069): table=filter family=2 entries=49
05-24 23:30:31.089  2965  2965 W auditd  : type=1320 audit(0.0:1069): 
05-24 23:30:31.089  2965  2965 W auditd  : type=1325 audit(0.0:1070): table=filter family=10 entries=52
05-24 23:30:31.089  2965  2965 W auditd  : type=1320 audit(0.0:1070): 
05-24 23:30:31.134  3967  3967 F DEBUG   : *** *** *** *** *** *** *** *** *** *** *** *** *** *** *** ***
05-24 23:30:31.134  3967  3967 F DEBUG   : Build fingerprint: 'samsung/cm_hero2ltexx/hero2ltexx:6.0.1/MOB30J/7f0153f6f8:eng/test-keys'
05-24 23:30:31.134  3967  3967 F DEBUG   : Revision: '0'
05-24 23:30:31.134  3967  3967 F DEBUG   : ABI: 'arm64'
05-24 23:30:31.134  3967  3967 F DEBUG   : pid: 4468, tid: 4468, name: surfaceflinger  >>> /system/bin/surfaceflinger <<<
05-24 23:30:31.134  3967  3967 F DEBUG   : signal 6 (SIGABRT), code -6 (SI_TKILL), fault addr --------
05-24 23:30:31.137  3967  3967 F DEBUG   : Abort message: 'ioctl S3CFB_WIN_CONFIG failed to clear screen: Not a typewriter'
05-24 23:30:31.137  3967  3967 F DEBUG   :     x0   0000000000000000  x1   0000000000001174  x2   0000000000000006  x3   0000000000000000
05-24 23:30:31.137  3967  3967 F DEBUG   :     x4   0000000000000000  x5   0000000000000001  x6   0000000000000000  x7   0000000000000000
05-24 23:30:31.137  3967  3967 F DEBUG   :     x8   0000000000000083  x9   0000000000000049  x10  0000007ff3c3fbdc  x11  0000007ff3c3fc18
05-24 23:30:31.137  3967  3967 F DEBUG   :     x12  0000007ff3c3faf0  x13  0000000000000040  x14  0000007ff3c3fcc8  x15  0000000000000000
05-24 23:30:31.137  3967  3967 F DEBUG   :     x16  0000007faa6a8580  x17  0000007faa63afcc  x18  0000007faa85af00  x19  0000007faa94f0d8
05-24 23:30:31.137  3967  3967 F DEBUG   :     x20  0000007faa94f018  x21  0000000000000019  x22  0000000000000006  x23  00000000ffffffff
05-24 23:30:31.137  3967  3967 F DEBUG   :     x24  0000007fa75cb000  x25  0000007faa11dbe0  x26  0000007faa875040  x27  0000007faa8d5000
05-24 23:30:31.137  3967  3967 F DEBUG   :     x28  0000000000000001  x29  0000007ff3c3fb80  x30  0000007faa638768
05-24 23:30:31.137  3967  3967 F DEBUG   :     sp   0000007ff3c3fb80  pc   0000007faa63afd4  pstate 0000000020000000
05-24 23:30:31.141  3967  3967 F DEBUG   : 
05-24 23:30:31.141  3967  3967 F DEBUG   : backtrace:
05-24 23:30:31.141  3967  3967 F DEBUG   :     #00 pc 0000000000068fd4  /system/lib64/libc.so (tgkill+8)
05-24 23:30:31.141  3967  3967 F DEBUG   :     #01 pc 0000000000066764  /system/lib64/libc.so (pthread_kill+68)
05-24 23:30:31.141  3967  3967 F DEBUG   :     #02 pc 0000000000023448  /system/lib64/libc.so (raise+28)
05-24 23:30:31.141  3967  3967 F DEBUG   :     #03 pc 000000000001dbe8  /system/lib64/libc.so (abort+60)
05-24 23:30:31.141  3967  3967 F DEBUG   :     #04 pc 0000000000003a7c  /system/lib64/liblog.so (__android_log_assert+236)
05-24 23:30:31.141  3967  3967 F DEBUG   :     #05 pc 00000000000036c4  /system/lib64/libdisplay.so (_ZN20ExynosOverlayDisplay12clearDisplayEv+124)
05-24 23:30:31.141  3967  3967 F DEBUG   :     #06 pc 0000000000003758  /system/lib64/libdisplay.so (_ZN20ExynosOverlayDisplay3setEP22hwc_display_contents_1+144)
05-24 23:30:31.141  3967  3967 F DEBUG   :     #07 pc 0000000000002318  /system/lib64/hw/hwcomposer.exynos5.so (_Z11exynos5_setP21hwc_composer_device_1mPP22hwc_display_contents_1+68)
05-24 23:30:31.141  3967  3967 F DEBUG   :     #08 pc 000000000003cf5c  /system/lib64/libsurfaceflinger.so
05-24 23:30:31.141  3967  3967 F DEBUG   :     #09 pc 000000000002fc74  /system/lib64/libsurfaceflinger.so
05-24 23:30:31.141  3967  3967 F DEBUG   :     #10 pc 000000000002f300  /system/lib64/libsurfaceflinger.so
05-24 23:30:31.141  3967  3967 F DEBUG   :     #11 pc 000000000002e1a0  /system/lib64/libsurfaceflinger.so
05-24 23:30:31.142  3967  3967 F DEBUG   :     #12 pc 000000000002df08  /system/lib64/libsurfaceflinger.so
05-24 23:30:31.142  3967  3967 F DEBUG   :     #13 pc 000000000001aed4  /system/lib64/libutils.so (_ZN7android6Looper9pollInnerEi+312)
05-24 23:30:31.142  3967  3967 F DEBUG   :     #14 pc 000000000001b20c  /system/lib64/libutils.so (_ZN7android6Looper8pollOnceEiPiS1_PPv+80)
05-24 23:30:31.142  3967  3967 F DEBUG   :     #15 pc 000000000002a344  /system/lib64/libsurfaceflinger.so
05-24 23:30:31.142  3967  3967 F DEBUG   :     #16 pc 000000000002d9fc  /system/lib64/libsurfaceflinger.so (_ZN7android14SurfaceFlinger3runEv+20)
05-24 23:30:31.142  3967  3967 F DEBUG   :     #17 pc 00000000000011ec  /system/bin/surfaceflinger
05-24 23:30:31.142  3967  3967 F DEBUG   :     #18 pc 000000000001bcd8  /system/lib64/libc.so (__libc_init+100)
05-24 23:30:31.142  3967  3967 F DEBUG   :     #19 pc 000000000000101c  /system/bin/surfaceflinger
05-24 23:30:31.220  4277  4277 E Netd    : cannot find interface dummy0
05-24 23:30:31.222  4277  4277 D MDnsDS  : MDnsSdListener::Hander starting up
05-24 23:30:31.222  4277  4584 D MDnsDS  : MDnsSdListener starting to monitor
05-24 23:30:31.222  4277  4584 D MDnsDS  : Going to poll with pollCount 1
05-24 23:30:31.223  3967  3967 F DEBUG   : 
05-24 23:30:31.223  3967  3967 F DEBUG   : Tombstone written to: /data/tombstones/tombstone_05
05-24 23:30:31.276  2895  2895 I ServiceManager: service 'SurfaceFlinger' died
05-24 23:30:31.276  4498  4509 W SurfaceComposerClient: ComposerService remote (surfaceflinger) died [0x7f7c663320]
05-24 23:30:31.276  4498  4509 D BootAnimation: SurfaceFlinger died, exiting...
05-24 23:30:35.381  4588  4588 I Netd    : Netd 1.0 starting
05-24 23:30:35.381  4588  4588 I QtiConnectivityAdapter: Failed to open libconnctrl, some features may not be present.
05-24 23:30:35.381  4588  4588 D TetherController: Setting IP forward enable = 0
05-24 23:30:35.388  4591  4591 V lhd     : GlLhdInterface::Init(/system/etc/lhd.conf)
05-24 23:30:35.388  4591  4591 E lhd     : Failed to read config file "/system/etc/lhd.conf"
05-24 23:30:35.388  4591  4591 E lhd     : ASSERT in GlLhdInterface.cpp:141: Failed to parse config file.
05-24 23:30:35.388  4591  4591 F libc    : Fatal signal 6 (SIGABRT), code -6 in tid 4591 (lhd)
05-24 23:30:35.388  3967  3967 I DEBUG   : property debug.db.uid not set; NOT waiting for gdb.
05-24 23:30:35.388  3967  3967 I DEBUG   : HINT: adb shell setprop debug.db.uid 100000
05-24 23:30:35.388  3967  3967 I DEBUG   : HINT: adb forward tcp:5039 tcp:5039
05-24 23:30:35.379  2965  2965 W auditd  : type=1325 audit(0.0:1096): table=filter family=2 entries=52
05-24 23:30:35.379  2965  2965 W auditd  : type=1320 audit(0.0:1096): 
05-24 23:30:35.389  2965  2965 W auditd  : type=1325 audit(0.0:1097): table=filter family=10 entries=55
05-24 23:30:35.389  2965  2965 W auditd  : type=1320 audit(0.0:1097): 
05-24 23:30:35.399  2965  2965 W auditd  : type=1325 audit(0.0:1098): table=filter family=2 entries=51
05-24 23:30:35.399  2965  2965 W auditd  : type=1320 audit(0.0:1098): 
05-24 23:30:35.409  2965  2965 W auditd  : type=1325 audit(0.0:1099): table=filter family=10 entries=54
05-24 23:30:35.409  2965  2965 W auditd  : type=1320 audit(0.0:1099): 
05-24 23:30:35.409  2965  2965 W auditd  : type=1325 audit(0.0:1100): table=filter family=2 entries=50
05-24 23:30:35.409  2965  2965 W auditd  : type=1320 audit(0.0:1100): 
