06-15 17:25:44.220  3428  3428 I DisplayResourceManagerModule: internalMPP type(0), index(1)
06-15 17:25:44.220  3428  3428 I DisplayResourceManagerModule: internalMPP type(2), index(0)
06-15 17:25:44.220  3428  3428 I DisplayResourceManagerModule: internalMPP type(2), index(1)
06-15 17:25:44.220  3428  3428 I DisplayResourceManagerModule: externalMPP type(4), index(0)
06-15 17:25:44.220  3428  3428 I hwcutils: Open /dev/s5p-smem
06-15 17:25:44.220  3428  3428 I DisplayResourceManagerModule: externalMPP type(4), index(0)
06-15 17:25:44.220  3428  3428 I hwcutils: Open /dev/s5p-smem
06-15 17:25:44.220  3428  3428 I DisplayResourceManagerModule: externalMPP type(4), index(0)
06-15 17:25:44.220  3428  3428 I hwcutils: Open /dev/s5p-smem
06-15 17:25:44.220  3428  3428 I DisplayResourceManagerModule: externalMPP type(4), index(0)
06-15 17:25:44.221  3428  3428 I hwcutils: Open /dev/s5p-smem
06-15 17:25:44.221  3428  3428 I DisplayResourceManagerModule: externalMPP type(4), index(0)
06-15 17:25:44.221  3428  3428 I hwcutils: Open /dev/s5p-smem
06-15 17:25:44.221  3428  3428 I hwcomposer: PSR info devname = /sys/devices/13960000.decon_f/psr_info
06-15 17:25:44.221  3428  3428 I hwcomposer: PSR mode   = 2 (0: video mode, 1: DP PSR mode, 2: MIPI-DSI command mode)
06-15 17:25:44.221  3428  3428 I hwcomposer: Panel type = 1 (0: Legacy, 1: DSC)
06-15 17:25:44.222  3428  3428 I SurfaceFlinger: Using composer version 1.5
06-15 17:25:44.222  3428  3428 E display : [PrimaryDisplay] unknown display attribute 6
06-15 17:25:44.222  3428  3428 I SurfaceFlinger: EGL information:
06-15 17:25:44.222  3428  3428 I SurfaceFlinger: vendor    : Android
06-15 17:25:44.222  3428  3428 I SurfaceFlinger: version   : 1.4 Android META-EGL
06-15 17:25:44.222  3428  3428 I SurfaceFlinger: extensions: EGL_KHR_get_all_proc_addresses EGL_ANDROID_presentation_time EGL_KHR_swap_buffers_with_damage EGL_KHR_image EGL_KHR_image_base EGL_KHR_gl_texture_2D_image EGL_KHR_gl_texture_cubemap_image EGL_KHR_gl_renderbuffer_image EGL_KHR_fence_sync EGL_KHR_create_context EGL_KHR_config_attribs EGL_KHR_surfaceless_context EGL_EXT_create_context_robustness EGL_ANDROID_image_native_buffer EGL_KHR_wait_sync EGL_ANDROID_recordable EGL_KHR_partial_update 
06-15 17:25:44.222  3428  3428 I SurfaceFlinger: Client API: OpenGL_ES
06-15 17:25:44.222  3428  3428 I SurfaceFlinger: EGLSurface: 8-8-8-8, config=0x7f7c210128
06-15 17:25:44.223  3428  3428 D         : ro.exynos.dss isEnabled: 0
06-15 17:25:44.225  3428  3428 I SurfaceFlinger: OpenGL ES informations:
06-15 17:25:44.226  3428  3428 I SurfaceFlinger: vendor    : ARM
06-15 17:25:44.226  3428  3428 I SurfaceFlinger: renderer  : Mali-T880
06-15 17:25:44.226  3428  3428 I SurfaceFlinger: version   : OpenGL ES 3.1 v1.r9p0-12dev0.c2bae768d87bf40047e1f310c8de7f16
06-15 17:25:44.226  3428  3428 I SurfaceFlinger: extensions: GL_EXT_debug_marker GL_ARM_rgba8 GL_ARM_mali_shader_binary GL_OES_depth24 GL_OES_depth_texture GL_OES_depth_texture_cube_map GL_OES_packed_depth_stencil GL_OES_rgb8_rgba8 GL_EXT_read_format_bgra GL_OES_compressed_paletted_texture GL_OES_compressed_ETC1_RGB8_texture GL_OES_standard_derivatives GL_OES_EGL_image GL_OES_EGL_image_external GL_OES_EGL_sync GL_OES_texture_npot GL_OES_vertex_half_float GL_OES_required_internalformat GL_OES_vertex_array_object GL_OES_mapbuffer GL_EXT_texture_format_BGRA8888 GL_EXT_texture_rg GL_EXT_texture_type_2_10_10_10_REV GL_OES_fbo_render_mipmap GL_OES_element_index_uint GL_EXT_shadow_samplers GL_OES_texture_compression_astc GL_KHR_texture_compression_astc_ldr GL_KHR_texture_compression_astc_hdr GL_KHR_debug GL_EXT_occlusion_query_boolean GL_EXT_disjoint_timer_query GL_EXT_blend_minmax GL_EXT_discard_framebuffer GL_OES_get_program_binary GL_OES_texture_3D GL_EXT_texture_storage GL_EXT_multisampled_render_to_texture GL_OES_surfaceless_context GL_OES_texture_stencil8 G
06-15 17:25:44.226  3428  3428 I SurfaceFlinger: GL_MAX_TEXTURE_SIZE = 8192
06-15 17:25:44.226  3428  3428 I SurfaceFlinger: GL_MAX_VIEWPORT_DIMS = 8192
06-15 17:25:44.227  3428  3428 D mali_winsys: new_window_surface returns 0x3000,  [1440x2560]-format:1
06-15 17:25:44.228  3428  3428 D SurfaceFlinger: Set power mode=2, type=0 flinger=0x7f7c743c00
06-15 17:25:44.228  3428  3428 I hwcomposer: int exynos_setPowerMode(hwc_composer_device_1*, int, int):: disp(0), mode(2)
06-15 17:25:44.295  3430  3430 I mediaserver: ServiceManager: 0xf648e120
06-15 17:25:44.295  3430  3430 I AudioFlinger: Using default 3000 mSec as standby time.
06-15 17:25:44.295  3430  3430 E BatteryNotifier: batterystats service unavailable!
06-15 17:25:44.295  3430  3430 E BatteryNotifier: batterystats service unavailable!
06-15 17:25:44.296  3430  3430 I CameraService: CameraService started (pid=3430)
06-15 17:25:44.296  3430  3430 I CameraService: CameraService process starting
06-15 17:25:44.296  3430  3430 E BatteryNotifier: batterystats service unavailable!
06-15 17:25:44.296  3430  3430 E BatteryNotifier: batterystats service unavailable!
06-15 17:25:44.296  3430  3430 E CameraService: Could not load camera HAL module: -2 (No such file or directory)
06-15 17:25:44.296  3430  3430 I AudioPolicyService: AudioPolicyService CSTOR in new mode
06-15 17:25:44.296  3430  3430 I APM::ConfigParsingUtils: loadAudioPolicyConfig() loaded /system/etc/audio_policy.conf
06-15 17:25:44.342  3472  3472 I Netd    : Netd 1.0 starting
06-15 17:25:44.342  3472  3472 I QtiConnectivityAdapter: Failed to open libconnctrl, some features may not be present.
06-15 17:25:44.342  3472  3472 D TetherController: Setting IP forward enable = 0
06-15 17:25:44.339  3060  3060 W auditd  : type=1325 audit(0.0:138): table=filter family=2 entries=52
06-15 17:25:44.339  3060  3060 W auditd  : type=1320 audit(0.0:138): 
06-15 17:25:44.349  3060  3060 W auditd  : type=1325 audit(0.0:139): table=filter family=10 entries=55
06-15 17:25:44.349  3060  3060 W auditd  : type=1320 audit(0.0:139): 
06-15 17:25:44.359  3060  3060 W auditd  : type=1325 audit(0.0:140): table=filter family=2 entries=51
06-15 17:25:44.359  3060  3060 W auditd  : type=1320 audit(0.0:140): 
06-15 17:25:44.359  3060  3060 W auditd  : type=1325 audit(0.0:141): table=filter family=10 entries=54
06-15 17:25:44.359  3060  3060 W auditd  : type=1320 audit(0.0:141): 
06-15 17:25:44.372  3429  3429 D AndroidRuntime: >>>>>> START com.android.internal.os.ZygoteInit uid 0 <<<<<<
06-15 17:25:44.375  3429  3429 D AndroidRuntime: CheckJNI is ON
06-15 17:25:44.375  3429  3429 I art     : option[0]=-Xzygote
06-15 17:25:44.375  3429  3429 I art     : option[1]=-Xcheck:jni
06-15 17:25:44.375  3429  3429 I art     : option[2]=-Xstacktracefile:/data/anr/traces.txt
06-15 17:25:44.375  3429  3429 I art     : option[3]=exit
06-15 17:25:44.375  3429  3429 I art     : option[4]=vfprintf
06-15 17:25:44.375  3429  3429 I art     : option[5]=sensitiveThread
06-15 17:25:44.375  3429  3429 I art     : option[6]=-verbose:gc
06-15 17:25:44.375  3429  3429 I art     : option[7]=-Xms8m
06-15 17:25:44.375  3429  3429 I art     : option[8]=-Xmx512m
06-15 17:25:44.375  3429  3429 I art     : option[9]=-XX:HeapGrowthLimit=256m
06-15 17:25:44.375  3429  3429 I art     : option[10]=-XX:HeapMinFree=2m
06-15 17:25:44.375  3429  3429 I art     : option[11]=-XX:HeapMaxFree=8m
06-15 17:25:44.375  3429  3429 I art     : option[12]=-XX:HeapTargetUtilization=0.75
06-15 17:25:44.375  3429  3429 I art     : option[13]=-Xusejit:true
06-15 17:25:44.375  3429  3429 I art     : option[14]=-agentlib:jdwp=transport=dt_android_adb,suspend=n,server=y
06-15 17:25:44.375  3429  3429 I art     : option[15]=-Xlockprofthreshold:500
06-15 17:25:44.375  3429  3429 I art     : option[16]=-Ximage-compiler-option
06-15 17:25:44.375  3429  3429 I art     : option[17]=--runtime-arg
06-15 17:25:44.375  3429  3429 I art     : option[18]=-Ximage-compiler-option
06-15 17:25:44.375  3429  3429 I art     : option[19]=-Xms64m
06-15 17:25:44.375  3429  3429 I art     : option[20]=-Ximage-compiler-option
06-15 17:25:44.375  3429  3429 I art     : option[21]=--runtime-arg
06-15 17:25:44.375  3429  3429 I art     : option[22]=-Ximage-compiler-option
06-15 17:25:44.375  3429  3429 I art     : option[23]=-Xmx64m
06-15 17:25:44.375  3429  3429 I art     : option[24]=-Ximage-compiler-option
06-15 17:25:44.375  3429  3429 I art     : option[25]=--compiler-filter=verify-at-runtime
06-15 17:25:44.375  3429  3429 I art     : option[26]=-Ximage-compiler-option
06-15 17:25:44.375  3429  3429 I art     : option[27]=--image-classes=/system/etc/preloaded-classes
06-15 17:25:44.375  3429  3429 I art     : option[28]=-Xcompiler-option
06-15 17:25:44.375  3429  3429 I art     : option[29]=--runtime-arg
06-15 17:25:44.375  3429  3429 I art     : option[30]=-Xcompiler-option
06-15 17:25:44.375  3429  3429 I art     : option[31]=-Xms64m
06-15 17:25:44.375  3429  3429 I art     : option[32]=-Xcompiler-option
06-15 17:25:44.375  3429  3429 I art     : option[33]=--runtime-arg
06-15 17:25:44.369  3060  3060 W auditd  : type=1325 audit(0.0:142): table=filter family=2 entries=50
06-15 17:25:44.375  3429  3429 I art     : option[34]=-Xcompiler-option
06-15 17:25:44.375  3429  3429 I art     : option[35]=-Xmx512m
06-15 17:25:44.369  3060  3060 W auditd  : type=1320 audit(0.0:142): 
06-15 17:25:44.375  3429  3429 I art     : option[36]=-Xcompiler-option
06-15 17:25:44.375  3429  3429 I art     : option[37]=--compiler-filter=verify-at-runtime
06-15 17:25:44.375  3429  3429 I art     : option[38]=-Ximage-compiler-option
06-15 17:25:44.375  3429  3429 I art     : option[39]=--instruction-set-variant=generic
06-15 17:25:44.375  3429  3429 I art     : option[40]=-Xcompiler-option
06-15 17:25:44.375  3429  3429 I art     : option[41]=--instruction-set-variant=generic
06-15 17:25:44.375  3429  3429 I art     : option[42]=-Ximage-compiler-option
06-15 17:25:44.375  3429  3429 I art     : option[43]=--instruction-set-features=default
06-15 17:25:44.375  3429  3429 I art     : option[44]=-Xcompiler-option
06-15 17:25:44.375  3429  3429 I art     : option[45]=--instruction-set-features=default
06-15 17:25:44.375  3429  3429 I art     : option[46]=-Duser.locale=en-US
06-15 17:25:44.375  3429  3429 I art     : option[47]=--cpu-abilist=arm64-v8a,armeabi
06-15 17:25:44.375  3429  3429 I art     : option[48]=-Xfingerprint:samsung/cm_hero2ltexx/hero2ltexx:6.0.1/MOB30J/431281ecd7:eng/test-keys
06-15 17:25:44.379  3060  3060 W auditd  : type=1325 audit(0.0:143): table=filter family=10 entries=53
06-15 17:25:44.379  3060  3060 W auditd  : type=1320 audit(0.0:143): 
06-15 17:25:44.379  3060  3060 W auditd  : type=1325 audit(0.0:144): table=filter family=2 entries=48
06-15 17:25:44.379  3060  3060 W auditd  : type=1320 audit(0.0:144): 
06-15 17:25:44.379  3060  3060 W auditd  : type=1325 audit(0.0:145): table=filter family=10 entries=51
06-15 17:25:44.379  3060  3060 W auditd  : type=1320 audit(0.0:145): 
06-15 17:25:44.400  3429  3429 D ICU     : No timezone override file found: /data/misc/zoneinfo/current/icu/icu_tzdata.dat
06-15 17:25:44.399  3060  3060 W auditd  : type=1325 audit(0.0:146): table=filter family=2 entries=50
06-15 17:25:44.399  3060  3060 W auditd  : type=1320 audit(0.0:146): 
06-15 17:25:44.399  3060  3060 W auditd  : type=1325 audit(0.0:147): table=filter family=10 entries=53
06-15 17:25:44.502  3428  3428 D SurfaceFlinger: SF. shader cache generated - 26 shaders in 199.053146 ms
06-15 17:25:44.505  3428  3428 E display : WIN_CONFIG is skipped, but mLastRetireFenceFd is not valid
06-15 17:25:44.526  3428  3428 E display : WIN_CONFIG is skipped, but mLastRetireFenceFd is not valid
06-15 17:25:44.530  3429  3429 I Radio-JNI: register_android_hardware_Radio DONE
06-15 17:25:44.537  3467  3474 D libEGL  : loaded /vendor/lib64/egl/libGLES_mali.so
06-15 17:25:44.553  3467  3474 D mali_winsys: new_window_surface returns 0x3000,  [1440x2560]-format:2
06-15 17:25:44.553  3467  3474 D         : ro.exynos.dss isEnabled: 0
06-15 17:25:44.556  3467  3474 E BootAnimation: couldn't find audio_conf.txt
06-15 17:25:44.558  3467  3474 D BootAnimation: Use save memory method, maybe small fps in actual.
06-15 17:25:44.574  3429  3429 I SamplingProfilerIntegration: Profiling disabled.
06-15 17:25:44.575  3429  3429 D Zygote  : begin preload
06-15 17:25:44.576  3429  3429 I Zygote  : Preloading classes...
06-15 17:25:44.592  3428  3428 E display : VPP should be assigned to FramebufferTarget but it was failed ret(0)
06-15 17:25:44.595  3428  3428 E display : [PrimaryDisplay] framebuffer target expected, but not provided
06-15 17:25:44.609  3428  3428 E display : VPP should be assigned to FramebufferTarget but it was failed ret(0)
06-15 17:25:44.611  3428  3428 E display : [PrimaryDisplay] framebuffer target expected, but not provided
06-15 17:25:44.643  3428  3428 E display : VPP should be assigned to FramebufferTarget but it was failed ret(0)
06-15 17:25:44.645  3428  3428 E display : [PrimaryDisplay] framebuffer target expected, but not provided
06-15 17:25:44.677  3428  3428 E display : VPP should be assigned to FramebufferTarget but it was failed ret(0)
06-15 17:25:44.679  3428  3428 E display : [PrimaryDisplay] framebuffer target expected, but not provided
06-15 17:25:44.710  3428  3428 E display : VPP should be assigned to FramebufferTarget but it was failed ret(0)
06-15 17:25:44.712  3428  3428 E display : [PrimaryDisplay] framebuffer target expected, but not provided
06-15 17:25:44.744  3428  3428 E display : VPP should be assigned to FramebufferTarget but it was failed ret(0)
06-15 17:25:44.746  3428  3428 E display : [PrimaryDisplay] framebuffer target expected, but not provided
06-15 17:25:44.778  3428  3428 E display : VPP should be assigned to FramebufferTarget but it was failed ret(0)
06-15 17:25:44.780  3428  3428 E display : [PrimaryDisplay] framebuffer target expected, but not provided
06-15 17:25:44.812  3428  3428 E display : VPP should be assigned to FramebufferTarget but it was failed ret(0)
06-15 17:25:44.814  3428  3428 E display : [PrimaryDisplay] framebuffer target expected, but not provided
06-15 17:25:44.834  3430  3430 E audio_route: Failed to open /system/etc/mixer_paths.xml
06-15 17:25:44.839  3430  3430 I AudioFlinger: loadHwModule() Loaded primary audio interface from Samsung audio HW HAL (audio) handle 1
06-15 17:25:44.839  3430  3430 I AudioFlinger: openOutput(), module 1 Device 2, SamplingRate 44100, Format 0x000001, Channels 3, flags 2
06-15 17:25:44.839  3430  3430 I AudioFlinger: AudioStreamOut::open(), mHalFormatIsLinearPcm = 1
06-15 17:25:44.839  3430  3430 I AudioFlinger: HAL output buffer size 256 frames, normal sink buffer size 960 frames
06-15 17:25:44.841  3430  3430 I BufferProvider: found effect "Multichannel Downmix To Stereo" from The Android Open Source Project
06-15 17:25:44.842  3430  3430 E MonoPipe: Failed to fetch local time frequency when constructing a MonoPipe (res = -32).  getNextWriteTimestamp calls will be non-functional
06-15 17:25:44.842  3430  3430 I AudioFlinger: Using module 1 has the primary audio interface
06-15 17:25:44.842  3430  3596 I AudioFlinger: AudioFlinger's thread 0xf4940000 ready to run
06-15 17:25:44.842  3430  3596 V audio_hw_primary: do_out_standby: output standby: 1
06-15 17:25:44.842  3430  3596 V audio_hw_primary: out_set_parameters: key value pairs: routing=2
06-15 17:25:44.842  3430  3596 E AudioFlinger: no wake lock to update!
06-15 17:25:44.843  3430  3430 V audio_hw_primary: adev_open_input_stream: Created resampler converting 48000 -> 16000
06-15 17:25:44.843  3430  3430 V audio_hw_primary: adev_open_input_stream: Requesting input stream with rate: 16000, channels: 0xc
06-15 17:25:44.843  3430  3597 I AudioFlinger: AudioFlinger's thread 0xf4580000 ready to run
06-15 17:25:44.843  3430  3430 I r_submix: adev_open(name=audio_hw_if)
06-15 17:25:44.844  3430  3430 I r_submix: adev_init_check()
06-15 17:25:44.844  3430  3430 I AudioFlinger: loadHwModule() Loaded r_submix audio interface from Wifi Display audio HAL (audio) handle 4
06-15 17:25:44.844  3430  3430 D r_submix: adev_open_input_stream(addr=0)
06-15 17:25:44.844  3430  3430 D r_submix: submix_audio_device_create_pipe_l(addr=0, idx=9)
06-15 17:25:44.844  3430  3430 D r_submix:   now using address 0 for route 9
06-15 17:25:44.844  3430  3598 I AudioFlinger: AudioFlinger's thread 0xf4580000 ready to run
06-15 17:25:44.844  3430  3430 D r_submix: adev_close_input_stream()
06-15 17:25:44.844  3430  3430 D r_submix: submix_audio_device_release_pipe_l(idx=9) addr=0
06-15 17:25:44.844  3430  3430 D r_submix: submix_audio_device_destroy_pipe_l(): pipe destroyed
06-15 17:25:44.844  3430  3430 E SoundTriggerHwService: couldn't load sound trigger module sound_trigger.primary (No such file or directory)
06-15 17:25:44.845  3430  3430 I RadioService: RadioService
06-15 17:25:44.845  3430  3430 I RadioService: onFirstRef
06-15 17:25:44.845  3430  3430 E RadioService: couldn't load radio module radio.primary (No such file or directory)
06-15 17:25:44.846  3428  3428 E display : VPP should be assigned to FramebufferTarget but it was failed ret(0)
06-15 17:25:44.848  3428  3428 E display : [PrimaryDisplay] framebuffer target expected, but not provided
06-15 17:25:44.880  3428  3428 E display : VPP should be assigned to FramebufferTarget but it was failed ret(0)
06-15 17:25:44.882  3428  3428 E display : [PrimaryDisplay] framebuffer target expected, but not provided
06-15 17:25:44.914  3428  3428 E display : VPP should be assigned to FramebufferTarget but it was failed ret(0)
06-15 17:25:44.916  3428  3428 E display : [PrimaryDisplay] framebuffer target expected, but not provided
06-15 17:25:44.933  3429  3429 E Minikin : addFont failed to create font /system/fonts/NanumGothic.ttf
06-15 17:25:44.934  3429  3429 E Minikin : addFont failed to create font /system/fonts/DroidSansFallback.ttf
06-15 17:25:44.934  3429  3429 E Minikin : addFont failed to create font /system/fonts/MTLmr3m.ttf
06-15 17:25:44.948  3428  3428 E display : VPP should be assigned to FramebufferTarget but it was failed ret(0)
06-15 17:25:44.950  3428  3428 E display : [PrimaryDisplay] framebuffer target expected, but not provided
06-15 17:25:44.982  3428  3428 E display : VPP should be assigned to FramebufferTarget but it was failed ret(0)
06-15 17:25:44.984  3428  3428 E display : [PrimaryDisplay] framebuffer target expected, but not provided
06-15 17:25:45.015  3428  3428 E display : VPP should be assigned to FramebufferTarget but it was failed ret(0)
06-15 17:25:45.018  3428  3428 E display : [PrimaryDisplay] framebuffer target expected, but not provided
06-15 17:25:45.025  3429  3429 V DngCreator_JNI: DngCreator_nativeClassInit:
06-15 17:25:45.049  3428  3428 E display : VPP should be assigned to FramebufferTarget but it was failed ret(0)
06-15 17:25:45.051  3428  3428 E display : [PrimaryDisplay] framebuffer target expected, but not provided
06-15 17:25:45.069  3060  3060 W auditd  : type=1325 audit(0.0:292): table=nat family=2 entries=10
06-15 17:25:45.069  3060  3060 W auditd  : type=1320 audit(0.0:292): 
06-15 17:25:45.083  3428  3428 E display : VPP should be assigned to FramebufferTarget but it was failed ret(0)
06-15 17:25:45.085  3428  3428 E display : [PrimaryDisplay] framebuffer target expected, but not provided
06-15 17:25:45.079  3060  3060 W auditd  : type=1325 audit(0.0:293): table=filter family=2 entries=49
06-15 17:25:45.079  3060  3060 W auditd  : type=1320 audit(0.0:293): 
06-15 17:25:45.079  3060  3060 W auditd  : type=1325 audit(0.0:294): table=filter family=10 entries=53
06-15 17:25:45.079  3060  3060 W auditd  : type=1320 audit(0.0:294): 
06-15 17:25:45.089  3060  3060 W auditd  : type=1325 audit(0.0:295): table=filter family=2 entries=47
06-15 17:25:45.089  3060  3060 W auditd  : type=1320 audit(0.0:295): 
06-15 17:25:45.089  3060  3060 W auditd  : type=1325 audit(0.0:296): table=filter family=10 entries=45
06-15 17:25:45.089  3060  3060 W auditd  : type=1320 audit(0.0:296): 
06-15 17:25:45.099  3060  3060 W auditd  : type=1325 audit(0.0:297): table=filter family=2 entries=45
06-15 17:25:45.099  3060  3060 W auditd  : type=1320 audit(0.0:297): 
06-15 17:25:45.099  3060  3060 W auditd  : type=1325 audit(0.0:298): table=filter family=10 entries=43
06-15 17:25:45.099  3060  3060 W auditd  : type=1320 audit(0.0:298): 
06-15 17:25:45.109  3060  3060 W auditd  : type=1325 audit(0.0:299): table=filter family=10 entries=45
06-15 17:25:45.109  3060  3060 W auditd  : type=1320 audit(0.0:299): 
06-15 17:25:45.109  3060  3060 W auditd  : type=1325 audit(0.0:300): table=filter family=10 entries=46
06-15 17:25:45.117  3428  3428 E display : VPP should be assigned to FramebufferTarget but it was failed ret(0)
06-15 17:25:45.109  3060  3060 W auditd  : type=1320 audit(0.0:300): 
06-15 17:25:45.119  3428  3428 E display : [PrimaryDisplay] framebuffer target expected, but not provided
06-15 17:25:45.119  3060  3060 W auditd  : type=1325 audit(0.0:301): table=filter family=10 entries=47
06-15 17:25:45.119  3060  3060 W auditd  : type=1320 audit(0.0:301): 
06-15 17:25:45.151  3428  3428 E display : VPP should be assigned to FramebufferTarget but it was failed ret(0)
06-15 17:25:45.153  3428  3428 E display : [PrimaryDisplay] framebuffer target expected, but not provided
06-15 17:25:45.185  3428  3428 E display : VPP should be assigned to FramebufferTarget but it was failed ret(0)
06-15 17:25:45.187  3428  3428 E display : [PrimaryDisplay] framebuffer target expected, but not provided
06-15 17:25:45.192  3472  3472 V NatController: runCmd(/system/bin/iptables -w -F natctrl_FORWARD) res=0
06-15 17:25:45.196  3472  3472 V NatController: runCmd(/system/bin/iptables -w -A natctrl_FORWARD -j DROP) res=0
06-15 17:25:45.201  3472  3472 V NatController: runCmd(/system/bin/iptables -w -t nat -F natctrl_nat_POSTROUTING) res=0
06-15 17:25:45.205  3472  3472 V NatController: runCmd(/system/bin/iptables -w -F natctrl_tether_counters) res=0
06-15 17:25:45.209  3472  3472 V NatController: runCmd(/system/bin/iptables -w -X natctrl_tether_counters) res=0
06-15 17:25:45.213  3472  3472 V NatController: runCmd(/system/bin/iptables -w -N natctrl_tether_counters) res=0
06-15 17:25:45.217  3472  3472 V NatController: runCmd(/system/bin/iptables -w -t mangle -A natctrl_mangle_FORWARD -p tcp --tcp-flags SYN SYN -j TCPMSS --clamp-mss-to-pmtu) res=0
06-15 17:25:45.219  3428  3428 E display : VPP should be assigned to FramebufferTarget but it was failed ret(0)
06-15 17:25:45.221  3428  3428 E display : [PrimaryDisplay] framebuffer target expected, but not provided
06-15 17:25:45.253  3428  3428 E display : VPP should be assigned to FramebufferTarget but it was failed ret(0)
06-15 17:25:45.255  3428  3428 E display : [PrimaryDisplay] framebuffer target expected, but not provided
06-15 17:25:45.287  3428  3428 E display : VPP should be assigned to FramebufferTarget but it was failed ret(0)
06-15 17:25:45.289  3428  3428 E display : [PrimaryDisplay] framebuffer target expected, but not provided
06-15 17:25:45.320  3428  3428 E display : VPP should be assigned to FramebufferTarget but it was failed ret(0)
06-15 17:25:45.323  3428  3428 E display : [PrimaryDisplay] framebuffer target expected, but not provided
06-15 17:25:45.355  3428  3428 E display : VPP should be assigned to FramebufferTarget but it was failed ret(0)
06-15 17:25:45.357  3428  3428 E display : [PrimaryDisplay] framebuffer target expected, but not provided
06-15 17:25:45.371  3428  3428 E display : VPP should be assigned to FramebufferTarget but it was failed ret(0)
06-15 17:25:45.373  3428  3428 E display : [PrimaryDisplay] framebuffer target expected, but not provided
06-15 17:25:45.405  3428  3428 E display : VPP should be assigned to FramebufferTarget but it was failed ret(0)
06-15 17:25:45.407  3428  3428 E display : [PrimaryDisplay] framebuffer target expected, but not provided
06-15 17:25:45.439  3428  3428 E display : VPP should be assigned to FramebufferTarget but it was failed ret(0)
06-15 17:25:45.441  3428  3428 E display : [PrimaryDisplay] framebuffer target expected, but not provided
06-15 17:25:45.463  3472  3472 E Netd    : cannot find interface dummy0
06-15 17:25:45.464  3472  3472 D MDnsDS  : MDnsSdListener::Hander starting up
06-15 17:25:45.464  3472  3749 D MDnsDS  : MDnsSdListener starting to monitor
06-15 17:25:45.464  3472  3749 D MDnsDS  : Going to poll with pollCount 1
06-15 17:25:45.473  3428  3428 E display : VPP should be assigned to FramebufferTarget but it was failed ret(0)
06-15 17:25:45.475  3428  3428 E display : [PrimaryDisplay] framebuffer target expected, but not provided
06-15 17:25:45.507  3428  3428 E display : VPP should be assigned to FramebufferTarget but it was failed ret(0)
06-15 17:25:45.509  3428  3428 E display : [PrimaryDisplay] framebuffer target expected, but not provided
06-15 17:25:45.541  3428  3428 E display : VPP should be assigned to FramebufferTarget but it was failed ret(0)
06-15 17:25:45.543  3428  3428 E display : [PrimaryDisplay] framebuffer target expected, but not provided
06-15 17:25:45.575  3428  3428 E display : VPP should be assigned to FramebufferTarget but it was failed ret(0)
06-15 17:25:45.577  3428  3428 E display : [PrimaryDisplay] framebuffer target expected, but not provided
06-15 17:25:45.609  3428  3428 E display : VPP should be assigned to FramebufferTarget but it was failed ret(0)
06-15 17:25:45.611  3428  3428 E display : [PrimaryDisplay] framebuffer target expected, but not provided
06-15 17:25:45.643  3428  3428 E display : VPP should be assigned to FramebufferTarget but it was failed ret(0)
06-15 17:25:45.645  3428  3428 E display : [PrimaryDisplay] framebuffer target expected, but not provided
06-15 17:25:45.651  3429  3429 I art     : Thread[1,tid=3429,Native,Thread*=0x7f807bba00,peer=0x12c532e0,"main"] recursive attempt to load library "/system/lib64/libmedia_jni.so"
06-15 17:25:45.651  3429  3429 D MtpDeviceJNI: register_android_mtp_MtpDevice
06-15 17:25:45.651  3429  3429 I art     : Thread[1,tid=3429,Native,Thread*=0x7f807bba00,peer=0x12c532e0,"main"] recursive attempt to load library "/system/lib64/libmedia_jni.so"
06-15 17:25:45.652  3429  3429 I art     : Thread[1,tid=3429,Native,Thread*=0x7f807bba00,peer=0x12c532e0,"main"] recursive attempt to load library "/system/lib64/libmedia_jni.so"
06-15 17:25:45.677  3428  3428 E display : VPP should be assigned to FramebufferTarget but it was failed ret(0)
06-15 17:25:45.679  3428  3428 E display : [PrimaryDisplay] framebuffer target expected, but not provided
06-15 17:25:45.710  3428  3428 E display : VPP should be assigned to FramebufferTarget but it was failed ret(0)
06-15 17:25:45.713  3428  3428 E display : [PrimaryDisplay] framebuffer target expected, but not provided
06-15 17:25:45.744  3428  3428 E display : VPP should be assigned to FramebufferTarget but it was failed ret(0)
06-15 17:25:45.746  3428  3428 E display : [PrimaryDisplay] framebuffer target expected, but not provided
06-15 17:25:45.778  3428  3428 E display : VPP should be assigned to FramebufferTarget but it was failed ret(0)
06-15 17:25:45.780  3428  3428 E display : [PrimaryDisplay] framebuffer target expected, but not provided
06-15 17:25:45.812  3428  3428 E display : VPP should be assigned to FramebufferTarget but it was failed ret(0)
06-15 17:25:45.814  3428  3428 E display : [PrimaryDisplay] framebuffer target expected, but not provided
06-15 17:25:45.846  3428  3428 E display : VPP should be assigned to FramebufferTarget but it was failed ret(0)
06-15 17:25:45.848  3428  3428 E display : [PrimaryDisplay] framebuffer target expected, but not provided
06-15 17:25:45.880  3428  3428 E display : VPP should be assigned to FramebufferTarget but it was failed ret(0)
06-15 17:25:45.882  3428  3428 E display : [PrimaryDisplay] framebuffer target expected, but not provided
06-15 17:25:45.914  3428  3428 E display : VPP should be assigned to FramebufferTarget but it was failed ret(0)
06-15 17:25:45.916  3428  3428 E display : [PrimaryDisplay] framebuffer target expected, but not provided
06-15 17:25:45.948  3428  3428 E display : VPP should be assigned to FramebufferTarget but it was failed ret(0)
06-15 17:25:45.950  3428  3428 E display : [PrimaryDisplay] framebuffer target expected, but not provided
06-15 17:25:45.982  3428  3428 E display : VPP should be assigned to FramebufferTarget but it was failed ret(0)
06-15 17:25:45.984  3428  3428 E display : [PrimaryDisplay] framebuffer target expected, but not provided
06-15 17:25:46.015  3428  3428 E display : VPP should be assigned to FramebufferTarget but it was failed ret(0)
06-15 17:25:46.018  3428  3428 E display : [PrimaryDisplay] framebuffer target expected, but not provided
06-15 17:25:46.049  3428  3428 E display : VPP should be assigned to FramebufferTarget but it was failed ret(0)
06-15 17:25:46.051  3428  3428 E display : [PrimaryDisplay] framebuffer target expected, but not provided
06-15 17:25:46.083  3428  3428 E display : VPP should be assigned to FramebufferTarget but it was failed ret(0)
06-15 17:25:46.085  3428  3428 E display : [PrimaryDisplay] framebuffer target expected, but not provided
06-15 17:25:46.117  3428  3428 E display : VPP should be assigned to FramebufferTarget but it was failed ret(0)
06-15 17:25:46.119  3428  3428 E display : [PrimaryDisplay] framebuffer target expected, but not provided
06-15 17:25:46.151  3428  3428 E display : VPP should be assigned to FramebufferTarget but it was failed ret(0)
06-15 17:25:46.153  3428  3428 E display : [PrimaryDisplay] framebuffer target expected, but not provided
06-15 17:25:46.157  3429  3429 W System  : ClassLoader referenced unknown path: /system/framework/tcmclient.jar
06-15 17:25:46.185  3428  3428 E display : VPP should be assigned to FramebufferTarget but it was failed ret(0)
06-15 17:25:46.187  3428  3428 E display : [PrimaryDisplay] framebuffer target expected, but not provided
06-15 17:25:46.219  3428  3428 E display : VPP should be assigned to FramebufferTarget but it was failed ret(0)
06-15 17:25:46.221  3428  3428 E display : [PrimaryDisplay] framebuffer target expected, but not provided
06-15 17:25:46.253  3428  3428 E display : VPP should be assigned to FramebufferTarget but it was failed ret(0)
06-15 17:25:46.255  3428  3428 E display : [PrimaryDisplay] framebuffer target expected, but not provided
06-15 17:25:46.287  3428  3428 E display : VPP should be assigned to FramebufferTarget but it was failed ret(0)
06-15 17:25:46.289  3428  3428 E display : [PrimaryDisplay] framebuffer target expected, but not provided
06-15 17:25:46.320  3428  3428 E display : VPP should be assigned to FramebufferTarget but it was failed ret(0)
06-15 17:25:46.323  3428  3428 E display : [PrimaryDisplay] framebuffer target expected, but not provided
06-15 17:25:46.354  3428  3428 E display : VPP should be assigned to FramebufferTarget but it was failed ret(0)
06-15 17:25:46.356  3428  3428 E display : [PrimaryDisplay] framebuffer target expected, but not provided
06-15 17:25:46.388  3428  3428 E display : VPP should be assigned to FramebufferTarget but it was failed ret(0)
06-15 17:25:46.390  3428  3428 E display : [PrimaryDisplay] framebuffer target expected, but not provided
06-15 17:25:46.422  3428  3428 E display : VPP should be assigned to FramebufferTarget but it was failed ret(0)
06-15 17:25:46.424  3428  3428 E display : [PrimaryDisplay] framebuffer target expected, but not provided
06-15 17:25:46.456  3428  3428 E display : VPP should be assigned to FramebufferTarget but it was failed ret(0)
06-15 17:25:46.458  3428  3428 E display : [PrimaryDisplay] framebuffer target expected, but not provided
06-15 17:25:46.480  3429  3429 I System  : Loaded time zone names for "" in 18ms (16ms in ICU)
06-15 17:25:46.490  3428  3428 E display : VPP should be assigned to FramebufferTarget but it was failed ret(0)
06-15 17:25:46.492  3428  3428 E display : [PrimaryDisplay] framebuffer target expected, but not provided
06-15 17:25:46.512  3429  3429 I System  : Loaded time zone names for "en_US" in 32ms (11ms in ICU)
06-15 17:25:46.524  3428  3428 E display : VPP should be assigned to FramebufferTarget but it was failed ret(0)
06-15 17:25:46.526  3428  3428 E display : [PrimaryDisplay] framebuffer target expected, but not provided
06-15 17:25:46.558  3428  3428 E display : VPP should be assigned to FramebufferTarget but it was failed ret(0)
06-15 17:25:46.560  3428  3428 E display : [PrimaryDisplay] framebuffer target expected, but not provided
06-15 17:25:46.592  3428  3428 E display : VPP should be assigned to FramebufferTarget but it was failed ret(0)
06-15 17:25:46.594  3428  3428 E display : [PrimaryDisplay] framebuffer target expected, but not provided
06-15 17:25:46.600  3467  3474 D BootAnimation: Use save memory method, maybe small fps in actual.
06-15 17:25:46.626  3428  3428 E display : VPP should be assigned to FramebufferTarget but it was failed ret(0)
06-15 17:25:46.628  3428  3428 E display : [PrimaryDisplay] framebuffer target expected, but not provided
06-15 17:25:46.659  3428  3428 E display : VPP should be assigned to FramebufferTarget but it was failed ret(0)
06-15 17:25:46.662  3428  3428 E display : [PrimaryDisplay] framebuffer target expected, but not provided
06-15 17:25:46.680  3429  3429 I Zygote  : ...preloaded 3831 classes in 2104ms.
06-15 17:25:46.680  3429  3429 I art     : VMRuntime.preloadDexCaches starting
06-15 17:25:46.693  3428  3428 E display : VPP should be assigned to FramebufferTarget but it was failed ret(0)
06-15 17:25:46.696  3428  3428 E display : [PrimaryDisplay] framebuffer target expected, but not provided
06-15 17:25:46.713  3429  3429 I art     : VMRuntime.preloadDexCaches strings total=248922 before=10083 after=10083
06-15 17:25:46.713  3429  3429 I art     : VMRuntime.preloadDexCaches types total=20329 before=8245 after=9836
06-15 17:25:46.713  3429  3429 I art     : VMRuntime.preloadDexCaches fields total=100355 before=35760 after=47725
06-15 17:25:46.713  3429  3429 I art     : VMRuntime.preloadDexCaches methods total=172751 before=67604 after=83308
06-15 17:25:46.713  3429  3429 I art     : VMRuntime.preloadDexCaches finished
06-15 17:25:46.725  3754  3754 D idmap   : error: no read access to /vendor/overlay: No such file or directory
06-15 17:25:46.727  3428  3428 E display : VPP should be assigned to FramebufferTarget but it was failed ret(0)
06-15 17:25:46.729  3429  3429 I Zygote  : Preloading resources...
06-15 17:25:46.729  3428  3428 E display : [PrimaryDisplay] framebuffer target expected, but not provided
06-15 17:25:46.761  3428  3428 E display : VPP should be assigned to FramebufferTarget but it was failed ret(0)
06-15 17:25:46.763  3428  3428 E display : [PrimaryDisplay] framebuffer target expected, but not provided
06-15 17:25:46.778  3428  3428 E display : VPP should be assigned to FramebufferTarget but it was failed ret(0)
06-15 17:25:46.780  3428  3428 E display : [PrimaryDisplay] framebuffer target expected, but not provided
06-15 17:25:46.812  3428  3428 E display : VPP should be assigned to FramebufferTarget but it was failed ret(0)
06-15 17:25:46.814  3428  3428 E display : [PrimaryDisplay] framebuffer target expected, but not provided
06-15 17:25:46.846  3428  3428 E display : VPP should be assigned to FramebufferTarget but it was failed ret(0)
06-15 17:25:46.848  3428  3428 E display : [PrimaryDisplay] framebuffer target expected, but not provided
06-15 17:25:46.880  3428  3428 E display : VPP should be assigned to FramebufferTarget but it was failed ret(0)
06-15 17:25:46.882  3428  3428 E display : [PrimaryDisplay] framebuffer target expected, but not provided
06-15 17:25:46.914  3428  3428 E display : VPP should be assigned to FramebufferTarget but it was failed ret(0)
06-15 17:25:46.916  3428  3428 E display : [PrimaryDisplay] framebuffer target expected, but not provided
06-15 17:25:46.948  3428  3428 E display : VPP should be assigned to FramebufferTarget but it was failed ret(0)
06-15 17:25:46.950  3428  3428 E display : [PrimaryDisplay] framebuffer target expected, but not provided
06-15 17:25:46.981  3428  3428 E display : VPP should be assigned to FramebufferTarget but it was failed ret(0)
06-15 17:25:46.984  3428  3428 E display : [PrimaryDisplay] framebuffer target expected, but not provided
06-15 17:25:47.015  3428  3428 E display : VPP should be assigned to FramebufferTarget but it was failed ret(0)
06-15 17:25:47.018  3428  3428 E display : [PrimaryDisplay] framebuffer target expected, but not provided
06-15 17:25:47.049  3428  3428 E display : VPP should be assigned to FramebufferTarget but it was failed ret(0)
06-15 17:25:47.051  3428  3428 E display : [PrimaryDisplay] framebuffer target expected, but not provided
06-15 17:25:47.083  3428  3428 E display : VPP should be assigned to FramebufferTarget but it was failed ret(0)
06-15 17:25:47.085  3428  3428 E display : [PrimaryDisplay] framebuffer target expected, but not provided
06-15 17:25:47.110  3429  3429 I Zygote  : ...preloaded 342 resources in 382ms.
06-15 17:25:47.117  3428  3428 E display : VPP should be assigned to FramebufferTarget but it was failed ret(0)
06-15 17:25:47.119  3428  3428 E display : [PrimaryDisplay] framebuffer target expected, but not provided
06-15 17:25:47.120  3429  3429 I Zygote  : ...preloaded 41 resources in 9ms.
06-15 17:25:47.126  3429  3429 D libEGL  : loaded /vendor/lib64/egl/libGLES_mali.so
06-15 17:25:47.133  3429  3429 I Zygote  : Preloading shared libraries...
06-15 17:25:47.140  3429  3429 D Zygote  : end preload
06-15 17:25:47.140  3429  3429 I art     : Starting a blocking GC Explicit
06-15 17:25:47.151  3429  3429 I art     : Explicit concurrent mark sweep GC freed 11401(460KB) AllocSpace objects, 0(0B) LOS objects, 35% free, 29MB/45MB, paused 60us total 10.893ms
06-15 17:25:47.151  3428  3428 E display : VPP should be assigned to FramebufferTarget but it was failed ret(0)
06-15 17:25:47.153  3428  3428 E display : [PrimaryDisplay] framebuffer target expected, but not provided
06-15 17:25:47.161  3429  3429 I art     : Starting a blocking GC Explicit
06-15 17:25:47.170  3429  3429 I art     : Explicit concurrent mark sweep GC freed 2657(124KB) AllocSpace objects, 0(0B) LOS objects, 35% free, 28MB/44MB, paused 52us total 8.869ms
06-15 17:25:47.170  3429  3495 I art     : Starting a blocking GC HeapTrim
06-15 17:25:47.172  3429  3429 I art     : Starting a blocking GC Background
06-15 17:25:47.185  3428  3428 E display : VPP should be assigned to FramebufferTarget but it was failed ret(0)
06-15 17:25:47.187  3428  3428 E display : [PrimaryDisplay] framebuffer target expected, but not provided
06-15 17:25:47.219  3429  3429 I Zygote  : System server process 3755 has been created
06-15 17:25:47.219  3428  3428 E display : VPP should be assigned to FramebufferTarget but it was failed ret(0)
06-15 17:25:47.221  3429  3429 I Zygote  : Accepting command socket connections
06-15 17:25:47.221  3428  3428 E display : [PrimaryDisplay] framebuffer target expected, but not provided
06-15 17:25:47.225  3755  3755 W Zygote  : Got error connecting to zygote, retrying. msg= No such file or directory
06-15 17:25:47.253  3428  3428 E display : VPP should be assigned to FramebufferTarget but it was failed ret(0)
06-15 17:25:47.255  3428  3428 E display : [PrimaryDisplay] framebuffer target expected, but not provided
06-15 17:25:47.287  3428  3428 E display : VPP should be assigned to FramebufferTarget but it was failed ret(0)
06-15 17:25:47.289  3428  3428 E display : [PrimaryDisplay] framebuffer target expected, but not provided
06-15 17:25:47.321  3428  3428 E display : VPP should be assigned to FramebufferTarget but it was failed ret(0)
06-15 17:25:47.323  3428  3428 E display : [PrimaryDisplay] framebuffer target expected, but not provided
06-15 17:25:47.354  3428  3428 E display : VPP should be assigned to FramebufferTarget but it was failed ret(0)
06-15 17:25:47.356  3428  3428 E display : [PrimaryDisplay] framebuffer target expected, but not provided
06-15 17:25:47.388  3428  3428 E display : VPP should be assigned to FramebufferTarget but it was failed ret(0)
06-15 17:25:47.390  3428  3428 E display : [PrimaryDisplay] framebuffer target expected, but not provided
06-15 17:25:47.422  3428  3428 E display : VPP should be assigned to FramebufferTarget but it was failed ret(0)
06-15 17:25:47.424  3428  3428 E display : [PrimaryDisplay] framebuffer target expected, but not provided
06-15 17:25:47.456  3428  3428 E display : VPP should be assigned to FramebufferTarget but it was failed ret(0)
06-15 17:25:47.458  3428  3428 E display : [PrimaryDisplay] framebuffer target expected, but not provided
06-15 17:25:47.490  3428  3428 E display : VPP should be assigned to FramebufferTarget but it was failed ret(0)
06-15 17:25:47.492  3428  3428 E display : [PrimaryDisplay] framebuffer target expected, but not provided
06-15 17:25:47.524  3428  3428 E display : VPP should be assigned to FramebufferTarget but it was failed ret(0)
06-15 17:25:47.526  3428  3428 E display : [PrimaryDisplay] framebuffer target expected, but not provided
06-15 17:25:47.558  3428  3428 E display : VPP should be assigned to FramebufferTarget but it was failed ret(0)
06-15 17:25:47.560  3428  3428 E display : [PrimaryDisplay] framebuffer target expected, but not provided
06-15 17:25:47.592  3428  3428 E display : VPP should be assigned to FramebufferTarget but it was failed ret(0)
06-15 17:25:47.594  3428  3428 E display : [PrimaryDisplay] framebuffer target expected, but not provided
06-15 17:25:47.626  3428  3428 E display : VPP should be assigned to FramebufferTarget but it was failed ret(0)
06-15 17:25:47.628  3428  3428 E display : [PrimaryDisplay] framebuffer target expected, but not provided
06-15 17:25:47.660  3428  3428 E display : VPP should be assigned to FramebufferTarget but it was failed ret(0)
06-15 17:25:47.662  3428  3428 E display : [PrimaryDisplay] framebuffer target expected, but not provided
06-15 17:25:47.693  3428  3428 E display : VPP should be assigned to FramebufferTarget but it was failed ret(0)
06-15 17:25:47.696  3428  3428 E display : [PrimaryDisplay] framebuffer target expected, but not provided
06-15 17:25:47.727  3428  3428 E display : VPP should be assigned to FramebufferTarget but it was failed ret(0)
06-15 17:25:47.729  3428  3428 E display : [PrimaryDisplay] framebuffer target expected, but not provided
06-15 17:25:47.761  3428  3428 E display : VPP should be assigned to FramebufferTarget but it was failed ret(0)
06-15 17:25:47.763  3428  3428 E display : [PrimaryDisplay] framebuffer target expected, but not provided
06-15 17:25:47.795  3428  3428 E display : VPP should be assigned to FramebufferTarget but it was failed ret(0)
06-15 17:25:47.797  3428  3428 E display : [PrimaryDisplay] framebuffer target expected, but not provided
06-15 17:25:47.829  3428  3428 E display : VPP should be assigned to FramebufferTarget but it was failed ret(0)
06-15 17:25:47.831  3428  3428 E display : [PrimaryDisplay] framebuffer target expected, but not provided
06-15 17:25:47.863  3428  3428 E display : VPP should be assigned to FramebufferTarget but it was failed ret(0)
06-15 17:25:47.865  3428  3428 E display : [PrimaryDisplay] framebuffer target expected, but not provided
06-15 17:25:47.897  3428  3428 E display : VPP should be assigned to FramebufferTarget but it was failed ret(0)
06-15 17:25:47.899  3428  3428 E display : [PrimaryDisplay] framebuffer target expected, but not provided
06-15 17:25:47.931  3428  3428 E display : VPP should be assigned to FramebufferTarget but it was failed ret(0)
06-15 17:25:47.933  3428  3428 E display : [PrimaryDisplay] framebuffer target expected, but not provided
06-15 17:25:47.965  3428  3428 E display : VPP should be assigned to FramebufferTarget but it was failed ret(0)
06-15 17:25:47.967  3428  3428 E display : [PrimaryDisplay] framebuffer target expected, but not provided
06-15 17:25:47.999  3428  3428 E display : VPP should be assigned to FramebufferTarget but it was failed ret(0)
06-15 17:25:48.001  3428  3428 E display : [PrimaryDisplay] framebuffer target expected, but not provided
06-15 17:25:48.032  3428  3428 E display : VPP should be assigned to FramebufferTarget but it was failed ret(0)
06-15 17:25:48.035  3428  3428 E display : [PrimaryDisplay] framebuffer target expected, but not provided
06-15 17:25:48.049  3428  3428 E display : VPP should be assigned to FramebufferTarget but it was failed ret(0)
06-15 17:25:48.051  3428  3428 E display : [PrimaryDisplay] framebuffer target expected, but not provided
06-15 17:25:48.083  3428  3428 E display : VPP should be assigned to FramebufferTarget but it was failed ret(0)
06-15 17:25:48.085  3428  3428 E display : [PrimaryDisplay] framebuffer target expected, but not provided
06-15 17:25:48.117  3428  3428 E display : VPP should be assigned to FramebufferTarget but it was failed ret(0)
06-15 17:25:48.119  3428  3428 E display : [PrimaryDisplay] framebuffer target expected, but not provided
06-15 17:25:48.151  3428  3428 E display : VPP should be assigned to FramebufferTarget but it was failed ret(0)
06-15 17:25:48.153  3428  3428 E display : [PrimaryDisplay] framebuffer target expected, but not provided
06-15 17:25:48.185  3428  3428 E display : VPP should be assigned to FramebufferTarget but it was failed ret(0)
06-15 17:25:48.187  3428  3428 E display : [PrimaryDisplay] framebuffer target expected, but not provided
06-15 17:25:48.219  3428  3428 E display : VPP should be assigned to FramebufferTarget but it was failed ret(0)
06-15 17:25:48.221  3428  3428 E display : [PrimaryDisplay] framebuffer target expected, but not provided
06-15 17:25:48.226  3755  3755 W Zygote  : Got error connecting to zygote, retrying. msg= No such file or directory
06-15 17:25:48.253  3428  3428 E display : VPP should be assigned to FramebufferTarget but it was failed ret(0)
06-15 17:25:48.255  3428  3428 E display : [PrimaryDisplay] framebuffer target expected, but not provided
06-15 17:25:48.287  3428  3428 E display : VPP should be assigned to FramebufferTarget but it was failed ret(0)
06-15 17:25:48.289  3428  3428 E display : [PrimaryDisplay] framebuffer target expected, but not provided
06-15 17:25:48.321  3428  3428 E display : VPP should be assigned to FramebufferTarget but it was failed ret(0)
06-15 17:25:48.323  3428  3428 E display : [PrimaryDisplay] framebuffer target expected, but not provided
06-15 17:25:48.354  3428  3428 E display : VPP should be assigned to FramebufferTarget but it was failed ret(0)
06-15 17:25:48.357  3428  3428 E display : [PrimaryDisplay] framebuffer target expected, but not provided
06-15 17:25:48.388  3428  3428 E display : VPP should be assigned to FramebufferTarget but it was failed ret(0)
06-15 17:25:48.390  3428  3428 E display : [PrimaryDisplay] framebuffer target expected, but not provided
06-15 17:25:48.422  3428  3428 E display : VPP should be assigned to FramebufferTarget but it was failed ret(0)
06-15 17:25:48.424  3428  3428 E display : [PrimaryDisplay] framebuffer target expected, but not provided
06-15 17:25:48.456  3428  3428 E display : VPP should be assigned to FramebufferTarget but it was failed ret(0)
06-15 17:25:48.458  3428  3428 E display : [PrimaryDisplay] framebuffer target expected, but not provided
06-15 17:25:48.490  3428  3428 E display : VPP should be assigned to FramebufferTarget but it was failed ret(0)
06-15 17:25:48.492  3428  3428 E display : [PrimaryDisplay] framebuffer target expected, but not provided
06-15 17:25:48.524  3428  3428 E display : VPP should be assigned to FramebufferTarget but it was failed ret(0)
06-15 17:25:48.526  3428  3428 E display : [PrimaryDisplay] framebuffer target expected, but not provided
06-15 17:25:48.558  3428  3428 E display : VPP should be assigned to FramebufferTarget but it was failed ret(0)
06-15 17:25:48.560  3428  3428 E display : [PrimaryDisplay] framebuffer target expected, but not provided
06-15 17:25:48.592  3428  3428 E display : VPP should be assigned to FramebufferTarget but it was failed ret(0)
06-15 17:25:48.594  3428  3428 E display : [PrimaryDisplay] framebuffer target expected, but not provided
06-15 17:25:48.626  3428  3428 E display : VPP should be assigned to FramebufferTarget but it was failed ret(0)
06-15 17:25:48.628  3428  3428 E display : [PrimaryDisplay] framebuffer target expected, but not provided
06-15 17:25:48.660  3428  3428 E display : VPP should be assigned to FramebufferTarget but it was failed ret(0)
06-15 17:25:48.662  3428  3428 E display : [PrimaryDisplay] framebuffer target expected, but not provided
06-15 17:25:48.693  3428  3428 E display : VPP should be assigned to FramebufferTarget but it was failed ret(0)
06-15 17:25:48.696  3428  3428 E display : [PrimaryDisplay] framebuffer target expected, but not provided
06-15 17:25:48.727  3428  3428 E display : VPP should be assigned to FramebufferTarget but it was failed ret(0)
06-15 17:25:48.729  3428  3428 E display : [PrimaryDisplay] framebuffer target expected, but not provided
06-15 17:25:48.761  3428  3428 E display : VPP should be assigned to FramebufferTarget but it was failed ret(0)
06-15 17:25:48.763  3428  3428 E display : [PrimaryDisplay] framebuffer target expected, but not provided
06-15 17:25:48.795  3428  3428 E display : VPP should be assigned to FramebufferTarget but it was failed ret(0)
06-15 17:25:48.797  3428  3428 E display : [PrimaryDisplay] framebuffer target expected, but not provided
06-15 17:25:48.829  3428  3428 E display : VPP should be assigned to FramebufferTarget but it was failed ret(0)
06-15 17:25:48.831  3428  3428 E display : [PrimaryDisplay] framebuffer target expected, but not provided
06-15 17:25:48.863  3428  3428 E display : VPP should be assigned to FramebufferTarget but it was failed ret(0)
06-15 17:25:48.865  3428  3428 E display : [PrimaryDisplay] framebuffer target expected, but not provided
