05-25 07:41:19.514  4922  5085 I AudioFlinger: AudioFlinger's thread 0xf4440000 ready to run
05-25 07:41:19.514  4922  5085 V audio_hw_primary: out_set_parameters: key value pairs: routing=2
05-25 07:41:19.514  4922  5085 V audio_hw_primary: do_out_standby: output standby: 1
05-25 07:41:19.515  4922  5085 E AudioFlinger: no wake lock to update!
05-25 07:41:19.515  4922  4922 V audio_hw_primary: adev_open_input_stream: Requesting input stream with rate: 48000, channels: 0xc
05-25 07:41:19.515  4922  5086 I AudioFlinger: AudioFlinger's thread 0xf4140000 ready to run
05-25 07:41:19.516  4922  4922 I bt_a2dp_hw: adev_open:  adev_open in A2dp_hw module
05-25 07:41:19.516  4922  4922 I AudioFlinger: loadHwModule() Loaded a2dp audio interface from A2DP Audio HW HAL (audio) handle 5
05-25 07:41:19.516  4922  4922 I AudioFlinger: loadHwModule() Loaded usb audio interface from USB audio HW HAL (audio) handle 6
05-25 07:41:19.517  4922  4922 I r_submix: adev_open(name=audio_hw_if)
05-25 07:41:19.517  4922  4922 I r_submix: adev_init_check()
05-25 07:41:19.517  4922  4922 I AudioFlinger: loadHwModule() Loaded r_submix audio interface from Wifi Display audio HAL (audio) handle 7
05-25 07:41:19.517  4922  4922 D r_submix: adev_open_input_stream(addr=0)
05-25 07:41:19.517  4922  4922 D r_submix: submix_audio_device_create_pipe_l(addr=0, idx=9)
05-25 07:41:19.517  4922  4922 D r_submix:   now using address 0 for route 9
05-25 07:41:19.518  4922  5087 I AudioFlinger: AudioFlinger's thread 0xf4080000 ready to run
05-25 07:41:19.518  4922  4922 D r_submix: adev_close_input_stream()
05-25 07:41:19.518  4922  4922 D r_submix: submix_audio_device_release_pipe_l(idx=9) addr=0
05-25 07:41:19.518  4922  4922 D r_submix: submix_audio_device_destroy_pipe_l(): pipe destroyed
05-25 07:41:19.518  4922  4922 F libc    : Fatal signal 11 (SIGSEGV), code 1, fault addr 0x0 in tid 4922 (mediaserver)
05-25 07:41:19.518  3964  3964 I DEBUG   : property debug.db.uid not set; NOT waiting for gdb.
05-25 07:41:19.518  3964  3964 I DEBUG   : HINT: adb shell setprop debug.db.uid 100000
05-25 07:41:19.518  3964  3964 I DEBUG   : HINT: adb forward tcp:5039 tcp:5039
05-25 07:41:19.591  4924  4924 E Minikin : addFont failed to create font /system/fonts/NanumGothic.ttf
05-25 07:41:19.591  4924  4924 E Minikin : addFont failed to create font /system/fonts/DroidSansFallback.ttf
05-25 07:41:19.591  4924  4924 E Minikin : addFont failed to create font /system/fonts/MTLmr3m.ttf
05-25 07:41:19.619  3964  3964 F DEBUG   : *** *** *** *** *** *** *** *** *** *** *** *** *** *** *** ***
05-25 07:41:19.619  3964  3964 F DEBUG   : Build fingerprint: 'samsung/cm_hero2ltexx/hero2ltexx:6.0.1/MOB30J/b0fe1115db:eng/test-keys'
05-25 07:41:19.619  3964  3964 F DEBUG   : Revision: '0'
05-25 07:41:19.619  3964  3964 F DEBUG   : ABI: 'arm'
05-25 07:41:19.619  3964  3964 F DEBUG   : pid: 4922, tid: 4922, name: mediaserver  >>> /system/bin/mediaserver <<<
05-25 07:41:19.619  3964  3964 F DEBUG   : signal 11 (SIGSEGV), code 1 (SEGV_MAPERR), fault addr 0x0
05-25 07:41:19.622  3964  3964 F DEBUG   :     r0 f481e8f4  r1 00000000  r2 65732020  r3 00000007
05-25 07:41:19.622  3964  3964 F DEBUG   :     r4 00000008  r5 f481e8f2  r6 f722bbe0  r7 ffaf9ed4
05-25 07:41:19.622  3964  3964 F DEBUG   :     r8 f487e00c  r9 f7229431  sl f7229635  fp f481e8f2
05-25 07:41:19.622  3964  3964 F DEBUG   :     ip 00000000  sp ffaf9e90  lr f72244f7  pc f6d773c8  cpsr 600f0010
05-25 07:41:19.622  3964  3964 F DEBUG   : 
05-25 07:41:19.622  3964  3964 F DEBUG   : backtrace:
05-25 07:41:19.622  3964  3964 F DEBUG   :     #00 pc 000183c8  /system/lib/libc.so (strcmp+152)
05-25 07:41:19.622  3964  3964 F DEBUG   :     #01 pc 000084f3  /system/lib/libaudiopolicyservice.so
05-25 07:41:19.622  3964  3964 F DEBUG   :     #02 pc 0001fed0  [stack]
05-25 07:41:19.667  3964  3964 F DEBUG   : 
05-25 07:41:19.667  3964  3964 F DEBUG   : Tombstone written to: /data/tombstones/tombstone_00
05-25 07:41:19.669  2894  2894 I ServiceManager: service 'media.audio_flinger' died
05-25 07:41:19.669  2894  2894 I ServiceManager: service 'media.player' died
05-25 07:41:19.669  2894  2894 I ServiceManager: service 'media.resource_manager' died
05-25 07:41:19.669  2894  2894 I ServiceManager: service 'media.camera' died
05-25 07:41:19.677  4924  4924 V DngCreator_JNI: DngCreator_nativeClassInit:
05-25 07:41:19.683  4920  4920 V NatController: runCmd(/system/bin/iptables -w -F natctrl_FORWARD) res=0
05-25 07:41:19.686  5125  5125 I SurfaceFlinger: SurfaceFlinger is starting
05-25 07:41:19.686  5125  5125 E SchedPolicy: /system/bin/surfaceflinger add_tid_to_cgroup failed; fd=-1
05-25 07:41:19.686  5125  5125 I SurfaceFlinger: SurfaceFlinger's main thread ready to run. Initializing graphics H/W...
05-25 07:41:19.688  4920  4920 V NatController: runCmd(/system/bin/iptables -w -A natctrl_FORWARD -j DROP) res=0
05-25 07:41:19.693  5125  5125 D libEGL  : loaded /vendor/lib64/egl/libGLES_mali.so
05-25 07:41:19.693  4920  4920 V NatController: runCmd(/system/bin/iptables -w -t nat -F natctrl_nat_POSTROUTING) res=0
05-25 07:41:19.697  4920  4920 V NatController: runCmd(/system/bin/iptables -w -F natctrl_tether_counters) res=0
05-25 07:41:19.700  5125  5125 I gralloc : using (id=)
05-25 07:41:19.700  5125  5125 I gralloc : xres         = 1440 px
05-25 07:41:19.700  5125  5125 I gralloc : yres         = 2560 px
05-25 07:41:19.700  5125  5125 I gralloc : width        = 68 mm (537.882324 dpi)
05-25 07:41:19.700  5125  5125 I gralloc : height       = 122 mm (532.983582 dpi)
05-25 07:41:19.700  5125  5125 I gralloc : refresh rate = 59.31 Hz
05-25 07:41:19.702  4920  4920 V NatController: runCmd(/system/bin/iptables -w -X natctrl_tether_counters) res=0
05-25 07:41:19.705  5125  5125 D hwcomposer: using
05-25 07:41:19.705  5125  5125 D hwcomposer: xres         = 1440 px
05-25 07:41:19.705  5125  5125 D hwcomposer: yres         = 2560 px
05-25 07:41:19.705  5125  5125 D hwcomposer: width        = 68 mm (537.882000 dpi)
05-25 07:41:19.705  5125  5125 D hwcomposer: height       = 122 mm (532.983000 dpi)
05-25 07:41:19.705  5125  5125 D hwcomposer: refresh rate = 59 Hz
05-25 07:41:19.706  5125  5125 I hwcomposer: PSR info devname = /sys/devices/13960000.decon_f/psr_info
05-25 07:41:19.706  5125  5125 I hwcomposer: PSR mode is 6(0: video mode, 1: DP PSR mode, 2: MIPI-DSI command mode)
05-25 07:41:19.706  5125  5125 I SurfaceFlinger: Using composer version 1.3
05-25 07:41:19.706  5125  5125 E display : unknown display attribute 6
05-25 07:41:19.706  5125  5125 I SurfaceFlinger: EGL information:
05-25 07:41:19.706  5125  5125 I SurfaceFlinger: vendor    : Android
05-25 07:41:19.706  5125  5125 I SurfaceFlinger: version   : 1.4 Android META-EGL
05-25 07:41:19.706  5125  5125 I SurfaceFlinger: extensions: EGL_KHR_get_all_proc_addresses EGL_ANDROID_presentation_time EGL_KHR_swap_buffers_with_damage EGL_KHR_image EGL_KHR_image_base EGL_KHR_gl_texture_2D_image EGL_KHR_gl_texture_cubemap_image EGL_KHR_gl_renderbuffer_image EGL_KHR_fence_sync EGL_KHR_create_context EGL_KHR_config_attribs EGL_KHR_surfaceless_context EGL_EXT_create_context_robustness EGL_ANDROID_image_native_buffer EGL_KHR_wait_sync EGL_ANDROID_recordable EGL_KHR_partial_update 
05-25 07:41:19.706  5125  5125 I SurfaceFlinger: Client API: OpenGL_ES
05-25 07:41:19.706  5125  5125 I SurfaceFlinger: EGLSurface: 8-8-8-8, config=0x7fad8fb128
05-25 07:41:19.706  5125  5125 D         : ro.exynos.dss isEnabled: 0
05-25 07:41:19.708  5125  5125 I SurfaceFlinger: OpenGL ES informations:
05-25 07:41:19.708  5125  5125 I SurfaceFlinger: vendor    : ARM
05-25 07:41:19.708  5125  5125 I SurfaceFlinger: renderer  : Mali-T880
05-25 07:41:19.708  5125  5125 I SurfaceFlinger: version   : OpenGL ES 3.1 v1.r9p0-12dev0.c2bae768d87bf40047e1f310c8de7f16
05-25 07:41:19.708  5125  5125 I SurfaceFlinger: extensions: GL_EXT_debug_marker GL_ARM_rgba8 GL_ARM_mali_shader_binary GL_OES_depth24 GL_OES_depth_texture GL_OES_depth_texture_cube_map GL_OES_packed_depth_stencil GL_OES_rgb8_rgba8 GL_EXT_read_format_bgra GL_OES_compressed_paletted_texture GL_OES_compressed_ETC1_RGB8_texture GL_OES_standard_derivatives GL_OES_EGL_image GL_OES_EGL_image_external GL_OES_EGL_sync GL_OES_texture_npot GL_OES_vertex_half_float GL_OES_required_internalformat GL_OES_vertex_array_object GL_OES_mapbuffer GL_EXT_texture_format_BGRA8888 GL_EXT_texture_rg GL_EXT_texture_type_2_10_10_10_REV GL_OES_fbo_render_mipmap GL_OES_element_index_uint GL_EXT_shadow_samplers GL_OES_texture_compression_astc GL_KHR_texture_compression_astc_ldr GL_KHR_texture_compression_astc_hdr GL_KHR_debug GL_EXT_occlusion_query_boolean GL_EXT_disjoint_timer_query GL_EXT_blend_minmax GL_EXT_discard_framebuffer GL_OES_get_program_binary GL_OES_texture_3D GL_EXT_texture_storage GL_EXT_multisampled_render_to_texture GL_OES_surfaceless_context GL_OES_texture_stencil8 G
05-25 07:41:19.708  5125  5125 I SurfaceFlinger: GL_MAX_TEXTURE_SIZE = 8192
05-25 07:41:19.708  5125  5125 I SurfaceFlinger: GL_MAX_VIEWPORT_DIMS = 8192
05-25 07:41:19.709  5125  5125 D mali_winsys: new_window_surface returns 0x3000,  [1440x2560]-format:1
05-25 07:41:19.710  5125  5125 D SurfaceFlinger: Set power mode=2, type=0 flinger=0x7fad8c3c00
05-25 07:41:19.715  4920  4920 V NatController: runCmd(/system/bin/iptables -w -N natctrl_tether_counters) res=0
05-25 07:41:19.719  4920  4920 V NatController: runCmd(/system/bin/iptables -w -t mangle -A natctrl_mangle_FORWARD -p tcp --tcp-flags SYN SYN -j TCPMSS --clamp-mss-to-pmtu) res=0
05-25 07:41:19.874  5125  5125 D SurfaceFlinger: SF. shader cache generated - 26 shaders in 114.739769 ms
05-25 07:41:19.878  5125  5125 E display : ioctl S3CFB_WIN_CONFIG failed: Not a typewriter
05-25 07:41:19.878  5125  5125 F display : ioctl S3CFB_WIN_CONFIG failed to clear screen: Not a typewriter
05-25 07:41:19.878  5125  5125 F libc    : Fatal signal 6 (SIGABRT), code -6 in tid 5125 (surfaceflinger)
05-25 07:41:19.879  3965  3965 I DEBUG   : property debug.db.uid not set; NOT waiting for gdb.
05-25 07:41:19.879  3965  3965 I DEBUG   : HINT: adb shell setprop debug.db.uid 100000
05-25 07:41:19.879  3965  3965 I DEBUG   : HINT: adb forward tcp:5039 tcp:5039
05-25 07:41:19.899  2966  2966 W auditd  : type=1325 audit(0.0:1561): table=filter family=2 entries=49
05-25 07:41:19.899  2966  2966 W auditd  : type=1320 audit(0.0:1561): 
05-25 07:41:19.899  2966  2966 W auditd  : type=1325 audit(0.0:1562): table=filter family=10 entries=52
05-25 07:41:19.899  2966  2966 W auditd  : type=1320 audit(0.0:1562): 
05-25 07:41:19.909  2966  2966 W auditd  : type=1325 audit(0.0:1563): table=filter family=2 entries=49
05-25 07:41:19.909  2966  2966 W auditd  : type=1320 audit(0.0:1563): 
05-25 07:41:19.909  2966  2966 W auditd  : type=1325 audit(0.0:1564): table=filter family=10 entries=52
05-25 07:41:19.909  2966  2966 W auditd  : type=1320 audit(0.0:1564): 
05-25 07:41:19.909  2966  2966 W auditd  : type=1325 audit(0.0:1565): table=filter family=2 entries=49
05-25 07:41:19.909  2966  2966 W auditd  : type=1320 audit(0.0:1565): 
05-25 07:41:19.919  2966  2966 W auditd  : type=1325 audit(0.0:1566): table=filter family=10 entries=52
05-25 07:41:19.919  2966  2966 W auditd  : type=1320 audit(0.0:1566): 
05-25 07:41:19.929  3965  3965 F DEBUG   : *** *** *** *** *** *** *** *** *** *** *** *** *** *** *** ***
05-25 07:41:19.929  3965  3965 F DEBUG   : Build fingerprint: 'samsung/cm_hero2ltexx/hero2ltexx:6.0.1/MOB30J/b0fe1115db:eng/test-keys'
05-25 07:41:19.929  3965  3965 F DEBUG   : Revision: '0'
05-25 07:41:19.929  3965  3965 F DEBUG   : ABI: 'arm64'
05-25 07:41:19.929  3965  3965 F DEBUG   : pid: 5125, tid: 5125, name: surfaceflinger  >>> /system/bin/surfaceflinger <<<
05-25 07:41:19.929  3965  3965 F DEBUG   : signal 6 (SIGABRT), code -6 (SI_TKILL), fault addr --------
05-25 07:41:19.919  2966  2966 W auditd  : type=1325 audit(0.0:1567): table=raw family=2 entries=9
05-25 07:41:19.919  2966  2966 W auditd  : type=1320 audit(0.0:1567): 
05-25 07:41:19.932  3965  3965 F DEBUG   : Abort message: 'ioctl S3CFB_WIN_CONFIG failed to clear screen: Not a typewriter'
05-25 07:41:19.932  3965  3965 F DEBUG   :     x0   0000000000000000  x1   0000000000001405  x2   0000000000000006  x3   0000000000000000
05-25 07:41:19.932  3965  3965 F DEBUG   :     x4   0000000000000000  x5   0000000000000001  x6   0000000000000000  x7   0000000000000000
05-25 07:41:19.932  3965  3965 F DEBUG   :     x8   0000000000000083  x9   0000000000000049  x10  0000007fc710248c  x11  0000007fc71024c8
05-25 07:41:19.932  3965  3965 F DEBUG   :     x12  0000007fc71023a0  x13  0000000000000040  x14  0000007fc7102578  x15  0000000000000000
05-25 07:41:19.932  3965  3965 F DEBUG   :     x16  0000007fade8c580  x17  0000007fade1efcc  x18  0000007fae03ef00  x19  0000007fae1330d8
05-25 07:41:19.932  3965  3965 F DEBUG   :     x20  0000007fae133018  x21  0000000000000019  x22  0000000000000006  x23  00000000ffffffff
05-25 07:41:19.932  3965  3965 F DEBUG   :     x24  0000007faadcb000  x25  0000000000000018  x26  0000007fad8dd820  x27  0000007fae0b9000
05-25 07:41:19.932  3965  3965 F DEBUG   :     x28  0000000000000001  x29  0000007fc7102430  x30  0000007fade1c768
05-25 07:41:19.932  3965  3965 F DEBUG   :     sp   0000007fc7102430  pc   0000007fade1efd4  pstate 0000000020000000
05-25 07:41:19.929  2966  2966 W auditd  : type=1325 audit(0.0:1568): table=raw family=10 entries=9
05-25 07:41:19.929  2966  2966 W auditd  : type=1320 audit(0.0:1568): 
05-25 07:41:19.937  3965  3965 F DEBUG   : 
05-25 07:41:19.937  3965  3965 F DEBUG   : backtrace:
05-25 07:41:19.937  3965  3965 F DEBUG   :     #00 pc 0000000000068fd4  /system/lib64/libc.so (tgkill+8)
05-25 07:41:19.937  3965  3965 F DEBUG   :     #01 pc 0000000000066764  /system/lib64/libc.so (pthread_kill+68)
05-25 07:41:19.937  3965  3965 F DEBUG   :     #02 pc 0000000000023448  /system/lib64/libc.so (raise+28)
05-25 07:41:19.937  3965  3965 F DEBUG   :     #03 pc 000000000001dbe8  /system/lib64/libc.so (abort+60)
05-25 07:41:19.937  3965  3965 F DEBUG   :     #04 pc 0000000000003a7c  /system/lib64/liblog.so (__android_log_assert+236)
05-25 07:41:19.937  3965  3965 F DEBUG   :     #05 pc 00000000000036c4  /system/lib64/libdisplay.so (_ZN20ExynosOverlayDisplay12clearDisplayEv+124)
05-25 07:41:19.937  3965  3965 F DEBUG   :     #06 pc 0000000000003758  /system/lib64/libdisplay.so (_ZN20ExynosOverlayDisplay3setEP22hwc_display_contents_1+144)
05-25 07:41:19.937  3965  3965 F DEBUG   :     #07 pc 0000000000002318  /system/lib64/hw/hwcomposer.exynos5.so (_Z11exynos5_setP21hwc_composer_device_1mPP22hwc_display_contents_1+68)
05-25 07:41:19.937  3965  3965 F DEBUG   :     #08 pc 000000000003cf5c  /system/lib64/libsurfaceflinger.so
05-25 07:41:19.937  3965  3965 F DEBUG   :     #09 pc 000000000002fc74  /system/lib64/libsurfaceflinger.so
05-25 07:41:19.937  3965  3965 F DEBUG   :     #10 pc 000000000002f300  /system/lib64/libsurfaceflinger.so
05-25 07:41:19.937  3965  3965 F DEBUG   :     #11 pc 000000000002e1a0  /system/lib64/libsurfaceflinger.so
05-25 07:41:19.937  3965  3965 F DEBUG   :     #12 pc 000000000002df08  /system/lib64/libsurfaceflinger.so
05-25 07:41:19.937  3965  3965 F DEBUG   :     #13 pc 000000000001aed4  /system/lib64/libutils.so (_ZN7android6Looper9pollInnerEi+312)
05-25 07:41:19.937  3965  3965 F DEBUG   :     #14 pc 000000000001b20c  /system/lib64/libutils.so (_ZN7android6Looper8pollOnceEiPiS1_PPv+80)
05-25 07:41:19.937  3965  3965 F DEBUG   :     #15 pc 000000000002a344  /system/lib64/libsurfaceflinger.so
05-25 07:41:19.937  3965  3965 F DEBUG   :     #16 pc 000000000002d9fc  /system/lib64/libsurfaceflinger.so (_ZN7android14SurfaceFlinger3runEv+20)
05-25 07:41:19.937  3965  3965 F DEBUG   :     #17 pc 00000000000011ec  /system/bin/surfaceflinger
05-25 07:41:19.937  3965  3965 F DEBUG   :     #18 pc 000000000001bcd8  /system/lib64/libc.so (__libc_init+100)
05-25 07:41:19.937  3965  3965 F DEBUG   :     #19 pc 000000000000101c  /system/bin/surfaceflinger
05-25 07:41:19.929  2966  2966 W auditd  : type=1325 audit(0.0:1569): table=mangle family=2 entries=16
05-25 07:41:19.929  2966  2966 W auditd  : type=1320 audit(0.0:1569): 
05-25 07:41:19.939  2966  2966 W auditd  : type=1325 audit(0.0:1570): table=mangle family=10 entries=12
05-25 07:41:19.939  2966  2966 W auditd  : type=1320 audit(0.0:1570): 
05-25 07:41:20.003  4920  4920 E Netd    : cannot find interface dummy0
05-25 07:41:20.004  4920  4920 D MDnsDS  : MDnsSdListener::Hander starting up
05-25 07:41:20.004  4920  5225 D MDnsDS  : MDnsSdListener starting to monitor
05-25 07:41:20.004  4920  5225 D MDnsDS  : Going to poll with pollCount 1
05-25 07:41:20.018  3965  3965 F DEBUG   : 
05-25 07:41:20.018  3965  3965 F DEBUG   : Tombstone written to: /data/tombstones/tombstone_01
05-25 07:41:20.074  5154  5163 W SurfaceComposerClient: ComposerService remote (surfaceflinger) died [0x7faa4e3320]
05-25 07:41:20.075  5154  5163 D BootAnimation: SurfaceFlinger died, exiting...
05-25 07:41:20.075  2894  2894 I ServiceManager: service 'SurfaceFlinger' died
05-25 07:41:24.100  5231  5231 I Netd    : Netd 1.0 starting
05-25 07:41:24.100  5231  5231 I QtiConnectivityAdapter: Failed to open libconnctrl, some features may not be present.
05-25 07:41:24.100  5231  5231 D TetherController: Setting IP forward enable = 0
05-25 07:41:24.099  2966  2966 W auditd  : type=1325 audit(0.0:1582): table=filter family=2 entries=52
05-25 07:41:24.099  2966  2966 W auditd  : type=1320 audit(0.0:1582): 
05-25 07:41:24.121  5234  5234 V lhd     : GlLhdInterface::Init(/system/etc/lhd.conf)
05-25 07:41:24.121  5234  5234 E lhd     : Failed to read config file "/system/etc/lhd.conf"
05-25 07:41:24.121  5234  5234 E lhd     : ASSERT in GlLhdInterface.cpp:141: Failed to parse config file.
05-25 07:41:24.121  5234  5234 F libc    : Fatal signal 6 (SIGABRT), code -6 in tid 5234 (lhd)
05-25 07:41:24.121  3965  3965 I DEBUG   : property debug.db.uid not set; NOT waiting for gdb.
05-25 07:41:24.121  3965  3965 I DEBUG   : HINT: adb shell setprop debug.db.uid 100000
05-25 07:41:24.121  3965  3965 I DEBUG   : HINT: adb forward tcp:5039 tcp:5039
05-25 07:41:24.109  2966  2966 W auditd  : type=1325 audit(0.0:1583): table=filter family=10 entries=55
05-25 07:41:24.109  2966  2966 W auditd  : type=1320 audit(0.0:1583): 
05-25 07:41:24.119  2966  2966 W auditd  : type=1325 audit(0.0:1584): table=filter family=2 entries=51
05-25 07:41:24.119  2966  2966 W auditd  : type=1320 audit(0.0:1584): 
05-25 07:41:24.119  2966  2966 W auditd  : type=1325 audit(0.0:1585): table=filter family=10 entries=54
05-25 07:41:24.119  2966  2966 W auditd  : type=1320 audit(0.0:1585): 
05-25 07:41:24.129  2966  2966 W auditd  : type=1325 audit(0.0:1586): table=filter family=2 entries=50
05-25 07:41:24.129  2966  2966 W auditd  : type=1320 audit(0.0:1586): 
05-25 07:41:24.129  2966  2966 W auditd  : type=1325 audit(0.0:1587): table=filter family=10 entries=53
05-25 07:41:24.129  2966  2966 W auditd  : type=1320 audit(0.0:1587): 
05-25 07:41:24.139  2966  2966 W auditd  : type=1325 audit(0.0:1588): table=filter family=2 entries=48
05-25 07:41:24.139  2966  2966 W auditd  : type=1320 audit(0.0:1588): 
05-25 07:41:24.139  2966  2966 W auditd  : type=1325 audit(0.0:1589): table=filter family=10 entries=51
05-25 07:41:24.139  2966  2966 W auditd  : type=1320 audit(0.0:1589): 
05-25 07:41:24.139  2966  2966 W auditd  : type=1325 audit(0.0:1590): table=filter family=2 entries=50
05-25 07:41:24.139  2966  2966 W auditd  : type=1320 audit(0.0:1590): 
05-25 07:41:24.149  2966  2966 W auditd  : type=1325 audit(0.0:1591): table=filter family=10 entries=53
05-25 07:41:24.149  2966  2966 W auditd  : type=1320 audit(0.0:1591): 
05-25 07:41:24.222  5233  5233 I mediaserver: ServiceManager: 0xf664e120
05-25 07:41:24.222  5233  5233 I AudioFlinger: Using default 3000 mSec as standby time.
05-25 07:41:24.222  5233  5233 E BatteryNotifier: batterystats service unavailable!
05-25 07:41:24.222  3965  3965 F DEBUG   : *** *** *** *** *** *** *** *** *** *** *** *** *** *** *** ***
05-25 07:41:24.223  5233  5233 E BatteryNotifier: batterystats service unavailable!
05-25 07:41:24.223  3965  3965 F DEBUG   : Build fingerprint: 'samsung/cm_hero2ltexx/hero2ltexx:6.0.1/MOB30J/b0fe1115db:eng/test-keys'
05-25 07:41:24.223  3965  3965 F DEBUG   : Revision: '0'
05-25 07:41:24.223  3965  3965 F DEBUG   : ABI: 'arm64'
05-25 07:41:24.223  3965  3965 F DEBUG   : pid: 5234, tid: 5234, name: lhd  >>> /system/bin/lhd <<<
05-25 07:41:24.223  3965  3965 F DEBUG   : signal 6 (SIGABRT), code -6 (SI_TKILL), fault addr --------
05-25 07:41:24.223  5233  5233 I CameraService: CameraService started (pid=5233)
05-25 07:41:24.223  5233  5233 I CameraService: CameraService process starting
05-25 07:41:24.224  5233  5233 E BatteryNotifier: batterystats service unavailable!
05-25 07:41:24.224  5233  5233 E BatteryNotifier: batterystats service unavailable!
05-25 07:41:24.224  5233  5233 E CameraService: Could not load camera HAL module: -2 (No such file or directory)
05-25 07:41:24.225  5233  5233 I AudioPolicyService: AudioPolicyService CSTOR in new mode
05-25 07:41:24.225  5233  5233 W APM::HwModule: loadOutput() invalid supported devices
05-25 07:41:24.225  5233  5233 W APM::HwModule: loadOutput() invalid supported devices
05-25 07:41:24.225  5233  5233 W APM::HwModule: loadInput() invalid supported devices
05-25 07:41:24.225  5233  5233 W APM::HwModule: loadInput() invalid supported devices
05-25 07:41:24.225  5233  5233 I APM::ConfigParsingUtils: loadAudioPolicyConfig() loaded /system/etc/audio_policy.conf
05-25 07:41:24.229  3965  3965 F DEBUG   :     x0   0000000000000000  x1   0000000000001472  x2   0000000000000006  x3   0000000000000000
05-25 07:41:24.229  3965  3965 F DEBUG   :     x4   0000000000000000  x5   0000000000000001  x6   0000000000000000  x7   0000000000000000
05-25 07:41:24.229  3965  3965 F DEBUG   :     x8   0000000000000083  x9   0000007fdfb81c80  x10  00000000ffffffd8  x11  00000000ffffff80
05-25 07:41:24.230  3965  3965 F DEBUG   :     x12  0000007f822ace10  x13  c0aa54307bb8a750  x14  0000007f82250658  x15  0000000000000001
05-25 07:41:24.230  3965  3965 F DEBUG   :     x16  0000007f81e3c580  x17  0000007f81dcefcc  x18  00000000ffffffff  x19  0000007f8225a0d8
05-25 07:41:24.230  3965  3965 F DEBUG   :     x20  0000007f8225a018  x21  0000000000000002  x22  0000000000000006  x23  0000007f8228a000
05-25 07:41:24.230  3965  3965 F DEBUG   :     x24  0000007fdfb82278  x25  0000007f822af3d0  x26  0000000000000000  x27  0000000000000000
05-25 07:41:24.230  3965  3965 F DEBUG   :     x28  0000000000000000  x29  0000007fdfb81d50  x30  0000007f81dcc768
05-25 07:41:24.230  3965  3965 F DEBUG   :     sp   0000007fdfb81d50  pc   0000007f81dcefd4  pstate 0000000020000000
05-25 07:41:24.239  3965  3965 F DEBUG   : 
05-25 07:41:24.239  3965  3965 F DEBUG   : backtrace:
05-25 07:41:24.239  3965  3965 F DEBUG   :     #00 pc 0000000000068fd4  /system/lib64/libc.so (tgkill+8)
05-25 07:41:24.239  3965  3965 F DEBUG   :     #01 pc 0000000000066764  /system/lib64/libc.so (pthread_kill+68)
05-25 07:41:24.239  3965  3965 F DEBUG   :     #02 pc 0000000000023448  /system/lib64/libc.so (raise+28)
05-25 07:41:24.239  3965  3965 F DEBUG   :     #03 pc 000000000001dbe8  /system/lib64/libc.so (abort+60)
05-25 07:41:24.239  3965  3965 F DEBUG   :     #04 pc 000000000000b5a0  /system/bin/lhd
05-25 07:41:24.239  3965  3965 F DEBUG   :     #05 pc 000000000000b640  /system/bin/lhd
05-25 07:41:24.239  3965  3965 F DEBUG   :     #06 pc 000000000000bec4  /system/bin/lhd
05-25 07:41:24.240  3965  3965 F DEBUG   :     #07 pc 000000000000c2b0  /system/bin/lhd
05-25 07:41:24.240  3965  3965 F DEBUG   :     #08 pc 000000000000965c  /system/bin/lhd (main+64)
05-25 07:41:24.240  3965  3965 F DEBUG   :     #09 pc 000000000001bcd8  /system/lib64/libc.so (__libc_init+100)
05-25 07:41:24.240  3965  3965 F DEBUG   :     #10 pc 00000000000099e8  /system/bin/lhd
05-25 07:41:24.269  3965  3965 F DEBUG   : 
05-25 07:41:24.269  3965  3965 F DEBUG   : Tombstone written to: /data/tombstones/tombstone_02
05-25 07:41:24.303  5235  5235 D AndroidRuntime: >>>>>> START com.android.internal.os.ZygoteInit uid 0 <<<<<<
05-25 07:41:24.305  5235  5235 D AndroidRuntime: CheckJNI is ON
05-25 07:41:24.306  5235  5235 I art     : option[0]=-Xzygote
05-25 07:41:24.306  5235  5235 I art     : option[1]=-Xcheck:jni
05-25 07:41:24.306  5235  5235 I art     : option[2]=-Xstacktracefile:/data/anr/traces.txt
05-25 07:41:24.306  5235  5235 I art     : option[3]=exit
05-25 07:41:24.306  5235  5235 I art     : option[4]=vfprintf
05-25 07:41:24.306  5235  5235 I art     : option[5]=sensitiveThread
05-25 07:41:24.306  5235  5235 I art     : option[6]=-verbose:gc
05-25 07:41:24.306  5235  5235 I art     : option[7]=-Xms8m
05-25 07:41:24.306  5235  5235 I art     : option[8]=-Xmx512m
05-25 07:41:24.306  5235  5235 I art     : option[9]=-XX:HeapGrowthLimit=256m
05-25 07:41:24.306  5235  5235 I art     : option[10]=-XX:HeapMinFree=2m
05-25 07:41:24.306  5235  5235 I art     : option[11]=-XX:HeapMaxFree=8m
05-25 07:41:24.306  5235  5235 I art     : option[12]=-XX:HeapTargetUtilization=0.75
05-25 07:41:24.306  5235  5235 I art     : option[13]=-Xusejit:true
05-25 07:41:24.306  5235  5235 I art     : option[14]=-agentlib:jdwp=transport=dt_android_adb,suspend=n,server=y
05-25 07:41:24.306  5235  5235 I art     : option[15]=-Xlockprofthreshold:500
05-25 07:41:24.306  5235  5235 I art     : option[16]=-Ximage-compiler-option
05-25 07:41:24.306  5235  5235 I art     : option[17]=--runtime-arg
05-25 07:41:24.306  5235  5235 I art     : option[18]=-Ximage-compiler-option
05-25 07:41:24.306  5235  5235 I art     : option[19]=-Xms64m
05-25 07:41:24.306  5235  5235 I art     : option[20]=-Ximage-compiler-option
05-25 07:41:24.306  5235  5235 I art     : option[21]=--runtime-arg
05-25 07:41:24.306  5235  5235 I art     : option[22]=-Ximage-compiler-option
05-25 07:41:24.306  5235  5235 I art     : option[23]=-Xmx64m
05-25 07:41:24.306  5235  5235 I art     : option[24]=-Ximage-compiler-option
05-25 07:41:24.306  5235  5235 I art     : option[25]=--compiler-filter=verify-at-runtime
05-25 07:41:24.306  5235  5235 I art     : option[26]=-Ximage-compiler-option
05-25 07:41:24.306  5235  5235 I art     : option[27]=--image-classes=/system/etc/preloaded-classes
05-25 07:41:24.306  5235  5235 I art     : option[28]=-Xcompiler-option
05-25 07:41:24.306  5235  5235 I art     : option[29]=--runtime-arg
05-25 07:41:24.306  5235  5235 I art     : option[30]=-Xcompiler-option
05-25 07:41:24.306  5235  5235 I art     : option[31]=-Xms64m
05-25 07:41:24.306  5235  5235 I art     : option[32]=-Xcompiler-option
05-25 07:41:24.306  5235  5235 I art     : option[33]=--runtime-arg
05-25 07:41:24.306  5235  5235 I art     : option[34]=-Xcompiler-option
05-25 07:41:24.306  5235  5235 I art     : option[35]=-Xmx512m
05-25 07:41:24.306  5235  5235 I art     : option[36]=-Xcompiler-option
05-25 07:41:24.306  5235  5235 I art     : option[37]=--compiler-filter=verify-at-runtime
05-25 07:41:24.306  5235  5235 I art     : option[38]=-Ximage-compiler-option
05-25 07:41:24.306  5235  5235 I art     : option[39]=--instruction-set-variant=generic
05-25 07:41:24.306  5235  5235 I art     : option[40]=-Xcompiler-option
05-25 07:41:24.306  5235  5235 I art     : option[41]=--instruction-set-variant=generic
05-25 07:41:24.306  5235  5235 I art     : option[42]=-Ximage-compiler-option
05-25 07:41:24.306  5235  5235 I art     : option[43]=--instruction-set-features=default
05-25 07:41:24.306  5235  5235 I art     : option[44]=-Xcompiler-option
05-25 07:41:24.306  5235  5235 I art     : option[45]=--instruction-set-features=default
05-25 07:41:24.306  5235  5235 I art     : option[46]=-Duser.locale=en-US
05-25 07:41:24.306  5235  5235 I art     : option[47]=--cpu-abilist=arm64-v8a,armeabi
05-25 07:41:24.306  5235  5235 I art     : option[48]=-Xfingerprint:samsung/cm_hero2ltexx/hero2ltexx:6.0.1/MOB30J/b0fe1115db:eng/test-keys
05-25 07:41:24.331  5235  5235 D ICU     : No timezone override file found: /data/misc/zoneinfo/current/icu/icu_tzdata.dat
05-25 07:41:24.460  5235  5235 I Radio-JNI: register_android_hardware_Radio DONE
05-25 07:41:24.503  5235  5235 I SamplingProfilerIntegration: Profiling disabled.
05-25 07:41:24.504  5235  5235 D Zygote  : begin preload
05-25 07:41:24.505  5235  5235 I Zygote  : Preloading classes...
05-25 07:41:24.769  5233  5233 I AudioFlinger: loadHwModule() Loaded primary audio interface from Samsung audio HW HAL (audio) handle 1
05-25 07:41:24.770  5233  5233 I AudioFlinger: openOutput(), module 1 Device 2, SamplingRate 48000, Format 0x000001, Channels 3, flags a
05-25 07:41:24.770  5233  5233 I AudioFlinger: AudioStreamOut::open(), mHalFormatIsLinearPcm = 1
05-25 07:41:24.770  5233  5233 I AudioFlinger: HAL output buffer size 1024 frames, normal sink buffer size 1024 frames
05-25 07:41:24.770  5233  5233 W EffectsFactory: loadLibrary() failed to open /system/lib/soundfx/libaudioeffectoffload.so
05-25 07:41:24.771  5233  5233 W EffectsFactory: loadLibrary() failed to open /system/lib/soundfx/libexynosvisualizer.so
05-25 07:41:24.773  5233  5233 W EffectsFactory: loadLibrary() failed to open /system/lib/libmysound.so
05-25 07:41:24.773  5233  5233 W EffectsFactory: loadLibrary() failed to open /system/lib/soundfx/libmyspace.so
05-25 07:41:24.773  5233  5233 W EffectsFactory: loadLibrary() failed to open /system/lib/libaudiosa.so
05-25 07:41:24.773  5233  5233 W EffectsFactory: loadLibrary() failed to open /system/lib/soundfx/libaudiosaplus_sec.so
05-25 07:41:24.773  5233  5233 W EffectsFactory: loadLibrary() failed to open /system/lib/libsamsungSoundbooster_plus.so
05-25 07:41:24.773  5233  5233 W EffectsFactory: loadEffect() could not get library soundbooster_plus
05-25 07:41:24.773  5233  5233 W EffectsFactory: addSubEffect() could not get library soundalive_sec
05-25 07:41:24.773  5233  5233 W EffectsFactory: loadEffect() could not add subEffect 
05-25 07:41:24.773  5233  5233 W EffectsFactory: loadEffect() could not get library soundalive
05-25 07:41:24.773  5233  5233 W EffectsFactory: loadEffect() could not get library soundalive
05-25 07:41:24.773  5233  5233 W EffectsFactory: loadEffect() could not get library soundalive
05-25 07:41:24.773  5233  5233 W EffectsFactory: addSubEffect() could not get library visualizer_hw
05-25 07:41:24.773  5233  5233 W EffectsFactory: loadEffect() could not add subEffect 
05-25 07:41:24.773  5233  5233 W EffectsFactory: addSubEffect() could not get library mysound
05-25 07:41:24.773  5233  5233 W EffectsFactory: loadEffect() could not add subEffect 
05-25 07:41:24.773  5233  5233 W EffectsFactory: addSubEffect() could not get library myspace
05-25 07:41:24.773  5233  5233 W EffectsFactory: loadEffect() could not add subEffect 
05-25 07:41:24.773  5233  5233 I BufferProvider: found effect "Multichannel Downmix To Stereo" from The Android Open Source Project
05-25 07:41:24.774  5233  5233 I AudioFlinger: Using module 1 has the primary audio interface
05-25 07:41:24.774  5233  5394 I AudioFlinger: AudioFlinger's thread 0xf4a00000 ready to run
05-25 07:41:24.774  5233  5394 V audio_hw_primary: do_out_standby: output standby: 1
05-25 07:41:24.774  5233  5394 V audio_hw_primary: out_set_parameters: key value pairs: routing=2
05-25 07:41:24.774  5233  5394 E AudioFlinger: no wake lock to update!
05-25 07:41:24.776  5233  5233 I AudioFlinger: openOutput(), module 1 Device 2, SamplingRate 48000, Format 0x000001, Channels 3, flags 4
05-25 07:41:24.776  5233  5233 I AudioFlinger: AudioStreamOut::open(), mHalFormatIsLinearPcm = 1
05-25 07:41:24.776  5233  5233 I AudioFlinger: HAL output buffer size 256 frames, normal sink buffer size 960 frames
05-25 07:41:24.777  5233  5233 E MonoPipe: Failed to fetch local time frequency when constructing a MonoPipe (res = -32).  getNextWriteTimestamp calls will be non-functional
05-25 07:41:24.777  5233  5397 I AudioFlinger: AudioFlinger's thread 0xf46c0000 ready to run
05-25 07:41:24.777  5233  5397 V audio_hw_primary: out_set_parameters: key value pairs: routing=2
05-25 07:41:24.777  5233  5397 V audio_hw_primary: do_out_standby: output standby: 1
05-25 07:41:24.777  5233  5397 E AudioFlinger: no wake lock to update!
05-25 07:41:24.778  5233  5233 V audio_hw_primary: adev_open_input_stream: Requesting input stream with rate: 48000, channels: 0xc
05-25 07:41:24.779  5233  5398 I AudioFlinger: AudioFlinger's thread 0xf43c0000 ready to run
05-25 07:41:24.779  5233  5233 I bt_a2dp_hw: adev_open:  adev_open in A2dp_hw module
05-25 07:41:24.779  5233  5233 I AudioFlinger: loadHwModule() Loaded a2dp audio interface from A2DP Audio HW HAL (audio) handle 5
05-25 07:41:24.780  5233  5233 I AudioFlinger: loadHwModule() Loaded usb audio interface from USB audio HW HAL (audio) handle 6
05-25 07:41:24.780  5233  5233 I r_submix: adev_open(name=audio_hw_if)
05-25 07:41:24.780  5233  5233 I r_submix: adev_init_check()
05-25 07:41:24.780  5233  5233 I AudioFlinger: loadHwModule() Loaded r_submix audio interface from Wifi Display audio HAL (audio) handle 7
05-25 07:41:24.780  5233  5233 D r_submix: adev_open_input_stream(addr=0)
05-25 07:41:24.780  5233  5233 D r_submix: submix_audio_device_create_pipe_l(addr=0, idx=9)
05-25 07:41:24.780  5233  5233 D r_submix:   now using address 0 for route 9
05-25 07:41:24.781  5233  5400 I AudioFlinger: AudioFlinger's thread 0xf4340000 ready to run
05-25 07:41:24.781  5233  5233 D r_submix: adev_close_input_stream()
05-25 07:41:24.781  5233  5233 D r_submix: submix_audio_device_release_pipe_l(idx=9) addr=0
05-25 07:41:24.781  5233  5233 D r_submix: submix_audio_device_destroy_pipe_l(): pipe destroyed
05-25 07:41:24.781  5233  5233 F libc    : Fatal signal 11 (SIGSEGV), code 1, fault addr 0x0 in tid 5233 (mediaserver)
05-25 07:41:24.781  3964  3964 I DEBUG   : property debug.db.uid not set; NOT waiting for gdb.
05-25 07:41:24.781  3964  3964 I DEBUG   : HINT: adb shell setprop debug.db.uid 100000
05-25 07:41:24.781  3964  3964 I DEBUG   : HINT: adb forward tcp:5039 tcp:5039
05-25 07:41:24.832  3964  3964 F DEBUG   : *** *** *** *** *** *** *** *** *** *** *** *** *** *** *** ***
05-25 07:41:24.832  3964  3964 F DEBUG   : Build fingerprint: 'samsung/cm_hero2ltexx/hero2ltexx:6.0.1/MOB30J/b0fe1115db:eng/test-keys'
05-25 07:41:24.832  3964  3964 F DEBUG   : Revision: '0'
05-25 07:41:24.832  3964  3964 F DEBUG   : ABI: 'arm'
05-25 07:41:24.833  3964  3964 F DEBUG   : pid: 5233, tid: 5233, name: mediaserver  >>> /system/bin/mediaserver <<<
05-25 07:41:24.833  3964  3964 F DEBUG   : signal 11 (SIGSEGV), code 1 (SEGV_MAPERR), fault addr 0x0
05-25 07:41:24.849  3964  3964 F DEBUG   :     r0 f4a9e8f4  r1 00000000  r2 65732020  r3 00000007
05-25 07:41:24.849  3964  3964 F DEBUG   :     r4 00000008  r5 f4a9e8f2  r6 f74c5be0  r7 ffdf19c4
05-25 07:41:24.849  3964  3964 F DEBUG   :     r8 f4afe00c  r9 f74c3431  sl f74c3635  fp f4a9e8f2
05-25 07:41:24.849  3964  3964 F DEBUG   :     ip 00000000  sp ffdf1980  lr f74be4f7  pc f70113c8  cpsr 600f0010
05-25 07:41:24.852  3964  3964 F DEBUG   : 
05-25 07:41:24.852  3964  3964 F DEBUG   : backtrace:
05-25 07:41:24.852  3964  3964 F DEBUG   :     #00 pc 000183c8  /system/lib/libc.so (strcmp+152)
05-25 07:41:24.852  3964  3964 F DEBUG   :     #01 pc 000084f3  /system/lib/libaudiopolicyservice.so
05-25 07:41:24.852  3964  3964 F DEBUG   :     #02 pc 0001f9c0  [stack]
05-25 07:41:24.855  5235  5235 E Minikin : addFont failed to create font /system/fonts/NanumGothic.ttf
05-25 07:41:24.856  5235  5235 E Minikin : addFont failed to create font /system/fonts/DroidSansFallback.ttf
05-25 07:41:24.856  5235  5235 E Minikin : addFont failed to create font /system/fonts/MTLmr3m.ttf
05-25 07:41:24.916  3964  3964 F DEBUG   : 
05-25 07:41:24.916  3964  3964 F DEBUG   : Tombstone written to: /data/tombstones/tombstone_03
05-25 07:41:24.919  2894  2894 I ServiceManager: service 'media.audio_flinger' died
05-25 07:41:24.919  2894  2894 I ServiceManager: service 'media.player' died
05-25 07:41:24.919  2894  2894 I ServiceManager: service 'media.resource_manager' died
05-25 07:41:24.919  2894  2894 I ServiceManager: service 'media.camera' died
05-25 07:41:24.936  5434  5434 I SurfaceFlinger: SurfaceFlinger is starting
05-25 07:41:24.937  5434  5434 E SchedPolicy: /system/bin/surfaceflinger add_tid_to_cgroup failed; fd=-1
05-25 07:41:24.937  5434  5434 I SurfaceFlinger: SurfaceFlinger's main thread ready to run. Initializing graphics H/W...
05-25 07:41:24.941  5235  5235 V DngCreator_JNI: DngCreator_nativeClassInit:
05-25 07:41:24.944  5434  5434 D libEGL  : loaded /vendor/lib64/egl/libGLES_mali.so
05-25 07:41:24.951  5434  5434 I gralloc : using (id=)
05-25 07:41:24.951  5434  5434 I gralloc : xres         = 1440 px
05-25 07:41:24.951  5434  5434 I gralloc : yres         = 2560 px
05-25 07:41:24.951  5434  5434 I gralloc : width        = 68 mm (537.882324 dpi)
05-25 07:41:24.951  5434  5434 I gralloc : height       = 122 mm (532.983582 dpi)
05-25 07:41:24.951  5434  5434 I gralloc : refresh rate = 59.31 Hz
05-25 07:41:24.953  5231  5231 V NatController: runCmd(/system/bin/iptables -w -F natctrl_FORWARD) res=0
05-25 07:41:24.956  5434  5434 D hwcomposer: using
05-25 07:41:24.956  5434  5434 D hwcomposer: xres         = 1440 px
05-25 07:41:24.956  5434  5434 D hwcomposer: yres         = 2560 px
05-25 07:41:24.956  5434  5434 D hwcomposer: width        = 68 mm (537.882000 dpi)
05-25 07:41:24.956  5434  5434 D hwcomposer: height       = 122 mm (532.983000 dpi)
05-25 07:41:24.956  5434  5434 D hwcomposer: refresh rate = 59 Hz
05-25 07:41:24.956  5434  5434 I hwcomposer: PSR info devname = /sys/devices/13960000.decon_f/psr_info
05-25 07:41:24.956  5434  5434 I hwcomposer: PSR mode is 6(0: video mode, 1: DP PSR mode, 2: MIPI-DSI command mode)
05-25 07:41:24.956  5434  5434 I SurfaceFlinger: Using composer version 1.3
05-25 07:41:24.956  5434  5434 E display : unknown display attribute 6
05-25 07:41:24.956  5434  5434 I SurfaceFlinger: EGL information:
05-25 07:41:24.956  5434  5434 I SurfaceFlinger: vendor    : Android
05-25 07:41:24.956  5434  5434 I SurfaceFlinger: version   : 1.4 Android META-EGL
05-25 07:41:24.957  5434  5434 I SurfaceFlinger: extensions: EGL_KHR_get_all_proc_addresses EGL_ANDROID_presentation_time EGL_KHR_swap_buffers_with_damage EGL_KHR_image EGL_KHR_image_base EGL_KHR_gl_texture_2D_image EGL_KHR_gl_texture_cubemap_image EGL_KHR_gl_renderbuffer_image EGL_KHR_fence_sync EGL_KHR_create_context EGL_KHR_config_attribs EGL_KHR_surfaceless_context EGL_EXT_create_context_robustness EGL_ANDROID_image_native_buffer EGL_KHR_wait_sync EGL_ANDROID_recordable EGL_KHR_partial_update 
05-25 07:41:24.957  5434  5434 I SurfaceFlinger: Client API: OpenGL_ES
05-25 07:41:24.957  5434  5434 I SurfaceFlinger: EGLSurface: 8-8-8-8, config=0x7fad17b128
05-25 07:41:24.957  5434  5434 D         : ro.exynos.dss isEnabled: 0
05-25 07:41:24.958  5231  5231 V NatController: runCmd(/system/bin/iptables -w -A natctrl_FORWARD -j DROP) res=0
05-25 07:41:24.959  5434  5434 I SurfaceFlinger: OpenGL ES informations:
05-25 07:41:24.959  5434  5434 I SurfaceFlinger: vendor    : ARM
05-25 07:41:24.959  5434  5434 I SurfaceFlinger: renderer  : Mali-T880
05-25 07:41:24.959  5434  5434 I SurfaceFlinger: version   : OpenGL ES 3.1 v1.r9p0-12dev0.c2bae768d87bf40047e1f310c8de7f16
05-25 07:41:24.959  5434  5434 I SurfaceFlinger: extensions: GL_EXT_debug_marker GL_ARM_rgba8 GL_ARM_mali_shader_binary GL_OES_depth24 GL_OES_depth_texture GL_OES_depth_texture_cube_map GL_OES_packed_depth_stencil GL_OES_rgb8_rgba8 GL_EXT_read_format_bgra GL_OES_compressed_paletted_texture GL_OES_compressed_ETC1_RGB8_texture GL_OES_standard_derivatives GL_OES_EGL_image GL_OES_EGL_image_external GL_OES_EGL_sync GL_OES_texture_npot GL_OES_vertex_half_float GL_OES_required_internalformat GL_OES_vertex_array_object GL_OES_mapbuffer GL_EXT_texture_format_BGRA8888 GL_EXT_texture_rg GL_EXT_texture_type_2_10_10_10_REV GL_OES_fbo_render_mipmap GL_OES_element_index_uint GL_EXT_shadow_samplers GL_OES_texture_compression_astc GL_KHR_texture_compression_astc_ldr GL_KHR_texture_compression_astc_hdr GL_KHR_debug GL_EXT_occlusion_query_boolean GL_EXT_disjoint_timer_query GL_EXT_blend_minmax GL_EXT_discard_framebuffer GL_OES_get_program_binary GL_OES_texture_3D GL_EXT_texture_storage GL_EXT_multisampled_render_to_texture GL_OES_surfaceless_context GL_OES_texture_stencil8 G
05-25 07:41:24.959  5434  5434 I SurfaceFlinger: GL_MAX_TEXTURE_SIZE = 8192
05-25 07:41:24.959  5434  5434 I SurfaceFlinger: GL_MAX_VIEWPORT_DIMS = 8192
05-25 07:41:24.960  5434  5434 D mali_winsys: new_window_surface returns 0x3000,  [1440x2560]-format:1
05-25 07:41:24.961  5434  5434 D SurfaceFlinger: Set power mode=2, type=0 flinger=0x7fad143c00
05-25 07:41:24.963  5231  5231 V NatController: runCmd(/system/bin/iptables -w -t nat -F natctrl_nat_POSTROUTING) res=0
05-25 07:41:24.968  5231  5231 V NatController: runCmd(/system/bin/iptables -w -F natctrl_tether_counters) res=0
05-25 07:41:24.973  5231  5231 V NatController: runCmd(/system/bin/iptables -w -X natctrl_tether_counters) res=0
05-25 07:41:24.978  5231  5231 V NatController: runCmd(/system/bin/iptables -w -N natctrl_tether_counters) res=0
05-25 07:41:24.983  5231  5231 V NatController: runCmd(/system/bin/iptables -w -t mangle -A natctrl_mangle_FORWARD -p tcp --tcp-flags SYN SYN -j TCPMSS --clamp-mss-to-pmtu) res=0
05-25 07:41:25.110  5434  5434 D SurfaceFlinger: SF. shader cache generated - 26 shaders in 114.110306 ms
05-25 07:41:25.116  5434  5434 E display : ioctl S3CFB_WIN_CONFIG failed: Not a typewriter
05-25 07:41:25.116  5434  5434 F display : ioctl S3CFB_WIN_CONFIG failed to clear screen: Not a typewriter
05-25 07:41:25.116  5434  5434 F libc    : Fatal signal 6 (SIGABRT), code -6 in tid 5434 (surfaceflinger)
05-25 07:41:25.116  3965  3965 I DEBUG   : property debug.db.uid not set; NOT waiting for gdb.
05-25 07:41:25.109  2966  2966 W auditd  : type=1325 audit(0.0:1787): table=filter family=10 entries=50
05-25 07:41:25.116  3965  3965 I DEBUG   : HINT: adb shell setprop debug.db.uid 100000
05-25 07:41:25.116  3965  3965 I DEBUG   : HINT: adb forward tcp:5039 tcp:5039
05-25 07:41:25.109  2966  2966 W auditd  : type=1320 audit(0.0:1787): 
05-25 07:41:25.109  2966  2966 W auditd  : type=1325 audit(0.0:1788): table=filter family=2 entries=45
05-25 07:41:25.109  2966  2966 W auditd  : type=1320 audit(0.0:1788): 
05-25 07:41:25.119  2966  2966 W auditd  : type=1325 audit(0.0:1789): table=filter family=10 entries=48
05-25 07:41:25.119  2966  2966 W auditd  : type=1320 audit(0.0:1789): 
05-25 07:41:25.119  2966  2966 W auditd  : type=1325 audit(0.0:1790): table=filter family=2 entries=43
05-25 07:41:25.119  2966  2966 W auditd  : type=1320 audit(0.0:1790): 
05-25 07:41:25.129  2966  2966 W auditd  : type=1325 audit(0.0:1791): table=filter family=10 entries=46
05-25 07:41:25.129  2966  2966 W auditd  : type=1320 audit(0.0:1791): 
05-25 07:41:25.139  2966  2966 W auditd  : type=1325 audit(0.0:1792): table=filter family=2 entries=45
05-25 07:41:25.139  2966  2966 W auditd  : type=1320 audit(0.0:1792): 
05-25 07:41:25.139  2966  2966 W auditd  : type=1325 audit(0.0:1793): table=filter family=10 entries=48
05-25 07:41:25.139  2966  2966 W auditd  : type=1320 audit(0.0:1793): 
05-25 07:41:25.149  2966  2966 W auditd  : type=1325 audit(0.0:1794): table=filter family=2 entries=47
05-25 07:41:25.149  2966  2966 W auditd  : type=1320 audit(0.0:1794): 
05-25 07:41:25.149  2966  2966 W auditd  : type=1325 audit(0.0:1795): table=filter family=10 entries=50
05-25 07:41:25.149  2966  2966 W auditd  : type=1320 audit(0.0:1795): 
05-25 07:41:25.168  3965  3965 F DEBUG   : *** *** *** *** *** *** *** *** *** *** *** *** *** *** *** ***
05-25 07:41:25.168  3965  3965 F DEBUG   : Build fingerprint: 'samsung/cm_hero2ltexx/hero2ltexx:6.0.1/MOB30J/b0fe1115db:eng/test-keys'
05-25 07:41:25.168  3965  3965 F DEBUG   : Revision: '0'
05-25 07:41:25.168  3965  3965 F DEBUG   : ABI: 'arm64'
05-25 07:41:25.168  3965  3965 F DEBUG   : pid: 5434, tid: 5434, name: surfaceflinger  >>> /system/bin/surfaceflinger <<<
05-25 07:41:25.168  3965  3965 F DEBUG   : signal 6 (SIGABRT), code -6 (SI_TKILL), fault addr --------
05-25 07:41:25.169  2966  2966 W auditd  : type=1325 audit(0.0:1796): table=filter family=2 entries=49
05-25 07:41:25.169  2966  2966 W auditd  : type=1320 audit(0.0:1796): 
05-25 07:41:25.185  3965  3965 F DEBUG   : Abort message: 'ioctl S3CFB_WIN_CONFIG failed to clear screen: Not a typewriter'
05-25 07:41:25.185  3965  3965 F DEBUG   :     x0   0000000000000000  x1   000000000000153a  x2   0000000000000006  x3   0000000000000000
05-25 07:41:25.185  3965  3965 F DEBUG   :     x4   0000000000000000  x5   0000000000000001  x6   0000000000000000  x7   0000000000000000
05-25 07:41:25.185  3965  3965 F DEBUG   :     x8   0000000000000083  x9   0000000000000049  x10  0000007fef4d12cc  x11  0000007fef4d1308
05-25 07:41:25.185  3965  3965 F DEBUG   :     x12  0000007fef4d11e0  x13  0000000000000040  x14  0000007fef4d13b8  x15  0000000000000000
05-25 07:41:25.186  3965  3965 F DEBUG   :     x16  0000007fad6ec580  x17  0000007fad67efcc  x18  0000007fad89ef00  x19  0000007fad9930d8
05-25 07:41:25.186  3965  3965 F DEBUG   :     x20  0000007fad993018  x21  0000000000000019  x22  0000000000000006  x23  00000000ffffffff
05-25 07:41:25.186  3965  3965 F DEBUG   :     x24  0000007faa60b000  x25  0000000000000018  x26  0000007fad15d820  x27  0000007fad919000
05-25 07:41:25.186  3965  3965 F DEBUG   :     x28  0000000000000001  x29  0000007fef4d1270  x30  0000007fad67c768
05-25 07:41:25.186  3965  3965 F DEBUG   :     sp   0000007fef4d1270  pc   0000007fad67efd4  pstate 0000000020000000
05-25 07:41:25.203  3965  3965 F DEBUG   : 
05-25 07:41:25.203  3965  3965 F DEBUG   : backtrace:
05-25 07:41:25.203  3965  3965 F DEBUG   :     #00 pc 0000000000068fd4  /system/lib64/libc.so (tgkill+8)
05-25 07:41:25.203  3965  3965 F DEBUG   :     #01 pc 0000000000066764  /system/lib64/libc.so (pthread_kill+68)
05-25 07:41:25.203  3965  3965 F DEBUG   :     #02 pc 0000000000023448  /system/lib64/libc.so (raise+28)
05-25 07:41:25.203  3965  3965 F DEBUG   :     #03 pc 000000000001dbe8  /system/lib64/libc.so (abort+60)
05-25 07:41:25.203  3965  3965 F DEBUG   :     #04 pc 0000000000003a7c  /system/lib64/liblog.so (__android_log_assert+236)
05-25 07:41:25.203  3965  3965 F DEBUG   :     #05 pc 00000000000036c4  /system/lib64/libdisplay.so (_ZN20ExynosOverlayDisplay12clearDisplayEv+124)
05-25 07:41:25.203  3965  3965 F DEBUG   :     #06 pc 0000000000003758  /system/lib64/libdisplay.so (_ZN20ExynosOverlayDisplay3setEP22hwc_display_contents_1+144)
05-25 07:41:25.204  3965  3965 F DEBUG   :     #07 pc 0000000000002318  /system/lib64/hw/hwcomposer.exynos5.so (_Z11exynos5_setP21hwc_composer_device_1mPP22hwc_display_contents_1+68)
05-25 07:41:25.204  3965  3965 F DEBUG   :     #08 pc 000000000003cf5c  /system/lib64/libsurfaceflinger.so
05-25 07:41:25.204  3965  3965 F DEBUG   :     #09 pc 000000000002fc74  /system/lib64/libsurfaceflinger.so
05-25 07:41:25.204  3965  3965 F DEBUG   :     #10 pc 000000000002f300  /system/lib64/libsurfaceflinger.so
05-25 07:41:25.204  3965  3965 F DEBUG   :     #11 pc 000000000002e1a0  /system/lib64/libsurfaceflinger.so
05-25 07:41:25.204  3965  3965 F DEBUG   :     #12 pc 000000000002df08  /system/lib64/libsurfaceflinger.so
05-25 07:41:25.204  3965  3965 F DEBUG   :     #13 pc 000000000001aed4  /system/lib64/libutils.so (_ZN7android6Looper9pollInnerEi+312)
05-25 07:41:25.204  3965  3965 F DEBUG   :     #14 pc 000000000001b20c  /system/lib64/libutils.so (_ZN7android6Looper8pollOnceEiPiS1_PPv+80)
05-25 07:41:25.204  3965  3965 F DEBUG   :     #15 pc 000000000002a344  /system/lib64/libsurfaceflinger.so
05-25 07:41:25.204  3965  3965 F DEBUG   :     #16 pc 000000000002d9fc  /system/lib64/libsurfaceflinger.so (_ZN7android14SurfaceFlinger3runEv+20)
05-25 07:41:25.204  3965  3965 F DEBUG   :     #17 pc 00000000000011ec  /system/bin/surfaceflinger
05-25 07:41:25.204  3965  3965 F DEBUG   :     #18 pc 000000000001bcd8  /system/lib64/libc.so (__libc_init+100)
05-25 07:41:25.205  3965  3965 F DEBUG   :     #19 pc 000000000000101c  /system/bin/surfaceflinger
05-25 07:41:25.315  3965  3965 F DEBUG   : 
05-25 07:41:25.315  3965  3965 F DEBUG   : Tombstone written to: /data/tombstones/tombstone_04
05-25 07:41:25.323  5231  5231 E Netd    : cannot find interface dummy0
05-25 07:41:25.326  5231  5231 D MDnsDS  : MDnsSdListener::Hander starting up
05-25 07:41:25.327  5231  5541 D MDnsDS  : MDnsSdListener starting to monitor
05-25 07:41:25.327  5231  5541 D MDnsDS  : Going to poll with pollCount 1
05-25 07:41:25.355  5464  5476 E SurfaceControl: invalid handle (0x0) or client (0x7f88b5c640)
05-25 07:41:25.355  2894  2894 I ServiceManager: service 'SurfaceFlinger' died
05-25 07:41:25.355  5464  5474 W SurfaceComposerClient: ComposerService remote (surfaceflinger) died [0x7f88b63320]
05-25 07:41:25.355  5464  5474 D BootAnimation: SurfaceFlinger died, exiting...
05-25 07:41:29.418  5546  5546 I Netd    : Netd 1.0 starting
05-25 07:41:29.418  5546  5546 I QtiConnectivityAdapter: Failed to open libconnctrl, some features may not be present.
05-25 07:41:29.419  5546  5546 D TetherController: Setting IP forward enable = 0
05-25 07:41:29.419  2966  2966 W auditd  : type=1325 audit(0.0:1823): table=filter family=2 entries=52
05-25 07:41:29.419  2966  2966 W auditd  : type=1320 audit(0.0:1823): 
05-25 07:41:29.430  5549  5549 V lhd     : GlLhdInterface::Init(/system/etc/lhd.conf)
05-25 07:41:29.430  5549  5549 E lhd     : Failed to read config file "/system/etc/lhd.conf"
05-25 07:41:29.430  5549  5549 E lhd     : ASSERT in GlLhdInterface.cpp:141: Failed to parse config file.
05-25 07:41:29.430  5549  5549 F libc    : Fatal signal 6 (SIGABRT), code -6 in tid 5549 (lhd)
05-25 07:41:29.430  3965  3965 I DEBUG   : property debug.db.uid not set; NOT waiting for gdb.
