05-25 09:33:58.657  2895  2895 E SurfaceFlinger: error posting framebuffer: -22
05-25 09:33:58.687  2895  2895 E         : invalid gralloc handle (at 0x7faaed65b0)
05-25 09:33:58.687  2895  2895 E         : Runtime and build version of gralloc private structure does not match. Errors will likely follow.
05-25 09:33:58.691  2895  2895 E gralloc : invalid gralloc handle (at 0x7faaed65b0)
05-25 09:33:58.691  2895  2895 E SurfaceFlinger: error posting framebuffer: -22
05-25 09:33:58.721  2895  2895 E         : invalid gralloc handle (at 0x7faaed6540)
05-25 09:33:58.721  2895  2895 E         : Runtime and build version of gralloc private structure does not match. Errors will likely follow.
05-25 09:33:58.725  2895  2895 E gralloc : invalid gralloc handle (at 0x7faaed6540)
05-25 09:33:58.725  2895  2895 E SurfaceFlinger: error posting framebuffer: -22
05-25 09:33:58.788  2895  2895 E         : invalid gralloc handle (at 0x7faaed6690)
05-25 09:33:58.789  2895  2895 E         : Runtime and build version of gralloc private structure does not match. Errors will likely follow.
05-25 09:33:58.792  2895  2895 E gralloc : invalid gralloc handle (at 0x7faaed6690)
05-25 09:33:58.792  2895  2895 E SurfaceFlinger: error posting framebuffer: -22
05-25 09:33:58.822  2895  2895 E         : invalid gralloc handle (at 0x7faaed6620)
05-25 09:33:58.822  2895  2895 E         : Runtime and build version of gralloc private structure does not match. Errors will likely follow.
05-25 09:33:58.826  2895  2895 E gralloc : invalid gralloc handle (at 0x7faaed6620)
05-25 09:33:58.826  2895  2895 E SurfaceFlinger: error posting framebuffer: -22
05-25 09:33:58.856  2895  2895 E         : invalid gralloc handle (at 0x7faaed65b0)
05-25 09:33:58.856  2895  2895 E         : Runtime and build version of gralloc private structure does not match. Errors will likely follow.
05-25 09:33:58.860  2895  2895 E gralloc : invalid gralloc handle (at 0x7faaed65b0)
05-25 09:33:58.860  2895  2895 E SurfaceFlinger: error posting framebuffer: -22
05-25 09:33:58.890  2895  2895 E         : invalid gralloc handle (at 0x7faaed6540)
05-25 09:33:58.890  2895  2895 E         : Runtime and build version of gralloc private structure does not match. Errors will likely follow.
05-25 09:33:58.893  2895  2895 E gralloc : invalid gralloc handle (at 0x7faaed6540)
05-25 09:33:58.893  2895  2895 E SurfaceFlinger: error posting framebuffer: -22
05-25 09:33:58.957  2895  2895 E         : invalid gralloc handle (at 0x7faaed6690)
05-25 09:33:58.957  2895  2895 E         : Runtime and build version of gralloc private structure does not match. Errors will likely follow.
05-25 09:33:58.961  2895  2895 E gralloc : invalid gralloc handle (at 0x7faaed6690)
05-25 09:33:58.961  2895  2895 E SurfaceFlinger: error posting framebuffer: -22
05-25 09:33:58.991  2895  2895 E         : invalid gralloc handle (at 0x7faaed6620)
05-25 09:33:58.991  2895  2895 E         : Runtime and build version of gralloc private structure does not match. Errors will likely follow.
05-25 09:33:58.994  2895  2895 E gralloc : invalid gralloc handle (at 0x7faaed6620)
05-25 09:33:58.995  2895  2895 E SurfaceFlinger: error posting framebuffer: -22
05-25 09:33:59.025  2895  2895 E         : invalid gralloc handle (at 0x7faaed65b0)
05-25 09:33:59.025  2895  2895 E         : Runtime and build version of gralloc private structure does not match. Errors will likely follow.
05-25 09:33:59.028  2895  2895 E gralloc : invalid gralloc handle (at 0x7faaed65b0)
05-25 09:33:59.028  2895  2895 E SurfaceFlinger: error posting framebuffer: -22
05-25 09:33:59.058  2895  2895 E         : invalid gralloc handle (at 0x7faaed6540)
05-25 09:33:59.058  2895  2895 E         : Runtime and build version of gralloc private structure does not match. Errors will likely follow.
05-25 09:33:59.062  2895  2895 E gralloc : invalid gralloc handle (at 0x7faaed6540)
05-25 09:33:59.062  2895  2895 E SurfaceFlinger: error posting framebuffer: -22
05-25 09:33:59.126  2895  2895 E         : invalid gralloc handle (at 0x7faaed6690)
05-25 09:33:59.126  2895  2895 E         : Runtime and build version of gralloc private structure does not match. Errors will likely follow.
05-25 09:33:59.130  2895  2895 E gralloc : invalid gralloc handle (at 0x7faaed6690)
05-25 09:33:59.130  2895  2895 E SurfaceFlinger: error posting framebuffer: -22
05-25 09:33:59.159  2895  2895 E         : invalid gralloc handle (at 0x7faaed6620)
05-25 09:33:59.159  2895  2895 E         : Runtime and build version of gralloc private structure does not match. Errors will likely follow.
05-25 09:33:59.163  2895  2895 E gralloc : invalid gralloc handle (at 0x7faaed6620)
05-25 09:33:59.163  2895  2895 E SurfaceFlinger: error posting framebuffer: -22
05-25 09:33:59.193  2895  2895 E         : invalid gralloc handle (at 0x7faaed65b0)
05-25 09:33:59.193  2895  2895 E         : Runtime and build version of gralloc private structure does not match. Errors will likely follow.
05-25 09:33:59.197  2895  2895 E gralloc : invalid gralloc handle (at 0x7faaed65b0)
05-25 09:33:59.197  2895  2895 E SurfaceFlinger: error posting framebuffer: -22
05-25 09:33:59.227  2895  2895 E         : invalid gralloc handle (at 0x7faaed6540)
05-25 09:33:59.227  2895  2895 E         : Runtime and build version of gralloc private structure does not match. Errors will likely follow.
05-25 09:33:59.231  2895  2895 E gralloc : invalid gralloc handle (at 0x7faaed6540)
05-25 09:33:59.231  2895  2895 E SurfaceFlinger: error posting framebuffer: -22
05-25 09:33:59.294  2895  2895 E         : invalid gralloc handle (at 0x7faaed6690)
05-25 09:33:59.294  2895  2895 E         : Runtime and build version of gralloc private structure does not match. Errors will likely follow.
05-25 09:33:59.298  2895  2895 E gralloc : invalid gralloc handle (at 0x7faaed6690)
05-25 09:33:59.298  2895  2895 E SurfaceFlinger: error posting framebuffer: -22
05-25 09:33:59.328  2895  2895 E         : invalid gralloc handle (at 0x7faaed6620)
05-25 09:33:59.328  2895  2895 E         : Runtime and build version of gralloc private structure does not match. Errors will likely follow.
05-25 09:33:59.332  2895  2895 E gralloc : invalid gralloc handle (at 0x7faaed6620)
05-25 09:33:59.332  2895  2895 E SurfaceFlinger: error posting framebuffer: -22
05-25 09:33:59.362  2895  2895 E         : invalid gralloc handle (at 0x7faaed65b0)
05-25 09:33:59.362  2895  2895 E         : Runtime and build version of gralloc private structure does not match. Errors will likely follow.
05-25 09:33:59.366  2895  2895 E gralloc : invalid gralloc handle (at 0x7faaed65b0)
05-25 09:33:59.366  2895  2895 E SurfaceFlinger: error posting framebuffer: -22
05-25 09:33:59.396  2895  2895 E         : invalid gralloc handle (at 0x7faaed6540)
05-25 09:33:59.396  2895  2895 E         : Runtime and build version of gralloc private structure does not match. Errors will likely follow.
05-25 09:33:59.399  2895  2895 E gralloc : invalid gralloc handle (at 0x7faaed6540)
05-25 09:33:59.399  2895  2895 E SurfaceFlinger: error posting framebuffer: -22
05-25 09:33:59.463  2895  2895 E         : invalid gralloc handle (at 0x7faaed6690)
05-25 09:33:59.463  2895  2895 E         : Runtime and build version of gralloc private structure does not match. Errors will likely follow.
05-25 09:33:59.467  2895  2895 E gralloc : invalid gralloc handle (at 0x7faaed6690)
05-25 09:33:59.467  2895  2895 E SurfaceFlinger: error posting framebuffer: -22
05-25 09:33:59.497  2895  2895 E         : invalid gralloc handle (at 0x7faaed6620)
05-25 09:33:59.497  2895  2895 E         : Runtime and build version of gralloc private structure does not match. Errors will likely follow.
05-25 09:33:59.501  2895  2895 E gralloc : invalid gralloc handle (at 0x7faaed6620)
05-25 09:33:59.501  2895  2895 E SurfaceFlinger: error posting framebuffer: -22
05-25 09:33:59.522  3328  3328 W Zygote  : Got error connecting to zygote, retrying. msg= No such file or directory
05-25 09:33:59.530  2895  2895 E         : invalid gralloc handle (at 0x7faaed65b0)
05-25 09:33:59.530  2895  2895 E         : Runtime and build version of gralloc private structure does not match. Errors will likely follow.
05-25 09:33:59.534  2895  2895 E gralloc : invalid gralloc handle (at 0x7faaed65b0)
05-25 09:33:59.534  2895  2895 E SurfaceFlinger: error posting framebuffer: -22
05-25 09:33:59.564  2895  2895 E         : invalid gralloc handle (at 0x7faaed6540)
05-25 09:33:59.564  2895  2895 E         : Runtime and build version of gralloc private structure does not match. Errors will likely follow.
05-25 09:33:59.568  2895  2895 E gralloc : invalid gralloc handle (at 0x7faaed6540)
05-25 09:33:59.568  2895  2895 E SurfaceFlinger: error posting framebuffer: -22
05-25 09:33:59.632  2895  2895 E         : invalid gralloc handle (at 0x7faaed6690)
05-25 09:33:59.632  2895  2895 E         : Runtime and build version of gralloc private structure does not match. Errors will likely follow.
05-25 09:33:59.635  2895  2895 E gralloc : invalid gralloc handle (at 0x7faaed6690)
05-25 09:33:59.635  2895  2895 E SurfaceFlinger: error posting framebuffer: -22
05-25 09:33:59.665  2895  2895 E         : invalid gralloc handle (at 0x7faaed6620)
05-25 09:33:59.665  2895  2895 E         : Runtime and build version of gralloc private structure does not match. Errors will likely follow.
05-25 09:33:59.669  2895  2895 E gralloc : invalid gralloc handle (at 0x7faaed6620)
05-25 09:33:59.669  2895  2895 E SurfaceFlinger: error posting framebuffer: -22
05-25 09:33:59.699  2895  2895 E         : invalid gralloc handle (at 0x7faaed65b0)
05-25 09:33:59.699  2895  2895 E         : Runtime and build version of gralloc private structure does not match. Errors will likely follow.
05-25 09:33:59.703  2895  2895 E gralloc : invalid gralloc handle (at 0x7faaed65b0)
05-25 09:33:59.703  2895  2895 E SurfaceFlinger: error posting framebuffer: -22
05-25 09:33:59.733  2895  2895 E         : invalid gralloc handle (at 0x7faaed6540)
05-25 09:33:59.733  2895  2895 E         : Runtime and build version of gralloc private structure does not match. Errors will likely follow.
05-25 09:33:59.737  2895  2895 E gralloc : invalid gralloc handle (at 0x7faaed6540)
05-25 09:33:59.737  2895  2895 E SurfaceFlinger: error posting framebuffer: -22
05-25 09:33:59.800  2895  2895 E         : invalid gralloc handle (at 0x7faaed6690)
05-25 09:33:59.800  2895  2895 E         : Runtime and build version of gralloc private structure does not match. Errors will likely follow.
05-25 09:33:59.804  2895  2895 E gralloc : invalid gralloc handle (at 0x7faaed6690)
05-25 09:33:59.804  2895  2895 E SurfaceFlinger: error posting framebuffer: -22
05-25 09:33:59.834  2895  2895 E         : invalid gralloc handle (at 0x7faaed6620)
05-25 09:33:59.834  2895  2895 E         : Runtime and build version of gralloc private structure does not match. Errors will likely follow.
05-25 09:33:59.838  2895  2895 E gralloc : invalid gralloc handle (at 0x7faaed6620)
05-25 09:33:59.838  2895  2895 E SurfaceFlinger: error posting framebuffer: -22
05-25 09:33:59.868  2895  2895 E         : invalid gralloc handle (at 0x7faaed65b0)
05-25 09:33:59.868  2895  2895 E         : Runtime and build version of gralloc private structure does not match. Errors will likely follow.
05-25 09:33:59.871  2895  2895 E gralloc : invalid gralloc handle (at 0x7faaed65b0)
05-25 09:33:59.871  2895  2895 E SurfaceFlinger: error posting framebuffer: -22
05-25 09:33:59.901  2895  2895 E         : invalid gralloc handle (at 0x7faaed6540)
05-25 09:33:59.901  2895  2895 E         : Runtime and build version of gralloc private structure does not match. Errors will likely follow.
05-25 09:33:59.905  2895  2895 E gralloc : invalid gralloc handle (at 0x7faaed6540)
05-25 09:33:59.905  2895  2895 E SurfaceFlinger: error posting framebuffer: -22
05-25 09:33:59.969  2895  2895 E         : invalid gralloc handle (at 0x7faaed6690)
05-25 09:33:59.969  2895  2895 E         : Runtime and build version of gralloc private structure does not match. Errors will likely follow.
05-25 09:33:59.973  2895  2895 E gralloc : invalid gralloc handle (at 0x7faaed6690)
05-25 09:33:59.973  2895  2895 E SurfaceFlinger: error posting framebuffer: -22
05-25 09:34:00.002  2895  2895 E         : invalid gralloc handle (at 0x7faaed6620)
05-25 09:34:00.002  2895  2895 E         : Runtime and build version of gralloc private structure does not match. Errors will likely follow.
05-25 09:34:00.006  2895  2895 E gralloc : invalid gralloc handle (at 0x7faaed6620)
05-25 09:34:00.006  2895  2895 E SurfaceFlinger: error posting framebuffer: -22
05-25 09:34:00.031  3407  3407 I mediaserver: ServiceManager: 0xf640e120
05-25 09:34:00.031  3407  3407 I AudioFlinger: Using default 3000 mSec as standby time.
05-25 09:34:00.031  3407  3407 E BatteryNotifier: batterystats service unavailable!
05-25 09:34:00.031  3407  3407 E BatteryNotifier: batterystats service unavailable!
05-25 09:34:00.032  3407  3407 I CameraService: CameraService started (pid=3407)
05-25 09:34:00.032  3407  3407 I CameraService: CameraService process starting
05-25 09:34:00.032  3407  3407 E BatteryNotifier: batterystats service unavailable!
05-25 09:34:00.032  3407  3407 E BatteryNotifier: batterystats service unavailable!
05-25 09:34:00.032  3407  3407 E CameraService: Could not load camera HAL module: -2 (No such file or directory)
05-25 09:34:00.032  3407  3407 I AudioPolicyService: AudioPolicyService CSTOR in new mode
05-25 09:34:00.033  3407  3407 W APM::HwModule: loadOutput() invalid supported devices
05-25 09:34:00.033  3407  3407 W APM::HwModule: loadOutput() invalid supported devices
05-25 09:34:00.033  3407  3407 W APM::HwModule: loadInput() invalid supported devices
05-25 09:34:00.033  3407  3407 W APM::HwModule: loadInput() invalid supported devices
05-25 09:34:00.033  3407  3407 I APM::ConfigParsingUtils: loadAudioPolicyConfig() loaded /system/etc/audio_policy.conf
05-25 09:34:00.036  2895  2895 E         : invalid gralloc handle (at 0x7faaed65b0)
05-25 09:34:00.036  2895  2895 E         : Runtime and build version of gralloc private structure does not match. Errors will likely follow.
05-25 09:34:00.040  2895  2895 E gralloc : invalid gralloc handle (at 0x7faaed65b0)
05-25 09:34:00.040  2895  2895 E SurfaceFlinger: error posting framebuffer: -22
05-25 09:34:00.070  2895  2895 E         : invalid gralloc handle (at 0x7faaed6540)
05-25 09:34:00.070  2895  2895 E         : Runtime and build version of gralloc private structure does not match. Errors will likely follow.
05-25 09:34:00.074  2895  2895 E gralloc : invalid gralloc handle (at 0x7faaed6540)
05-25 09:34:00.074  2895  2895 E SurfaceFlinger: error posting framebuffer: -22
05-25 09:34:00.137  2895  2895 E         : invalid gralloc handle (at 0x7faaed6690)
05-25 09:34:00.137  2895  2895 E         : Runtime and build version of gralloc private structure does not match. Errors will likely follow.
05-25 09:34:00.141  2895  2895 E gralloc : invalid gralloc handle (at 0x7faaed6690)
05-25 09:34:00.141  2895  2895 E SurfaceFlinger: error posting framebuffer: -22
05-25 09:34:00.171  2895  2895 E         : invalid gralloc handle (at 0x7faaed6620)
05-25 09:34:00.171  2895  2895 E         : Runtime and build version of gralloc private structure does not match. Errors will likely follow.
05-25 09:34:00.175  2895  2895 E gralloc : invalid gralloc handle (at 0x7faaed6620)
05-25 09:34:00.175  2895  2895 E SurfaceFlinger: error posting framebuffer: -22
05-25 09:34:00.188  2895  2895 E         : invalid gralloc handle (at 0x7faaed65b0)
05-25 09:34:00.188  2895  2895 E         : Runtime and build version of gralloc private structure does not match. Errors will likely follow.
05-25 09:34:00.192  2895  2895 E gralloc : invalid gralloc handle (at 0x7faaed65b0)
05-25 09:34:00.192  2895  2895 E SurfaceFlinger: error posting framebuffer: -22
05-25 09:34:00.221  2895  2895 E         : invalid gralloc handle (at 0x7faaed6540)
05-25 09:34:00.222  2895  2895 E         : Runtime and build version of gralloc private structure does not match. Errors will likely follow.
05-25 09:34:00.226  2895  2895 E gralloc : invalid gralloc handle (at 0x7faaed6540)
05-25 09:34:00.226  2895  2895 E SurfaceFlinger: error posting framebuffer: -22
05-25 09:34:00.289  2895  2895 E         : invalid gralloc handle (at 0x7faaed6690)
05-25 09:34:00.289  2895  2895 E         : Runtime and build version of gralloc private structure does not match. Errors will likely follow.
05-25 09:34:00.293  2895  2895 E gralloc : invalid gralloc handle (at 0x7faaed6690)
05-25 09:34:00.293  2895  2895 E SurfaceFlinger: error posting framebuffer: -22
05-25 09:34:00.323  2895  2895 E         : invalid gralloc handle (at 0x7faaed6620)
05-25 09:34:00.323  2895  2895 E         : Runtime and build version of gralloc private structure does not match. Errors will likely follow.
05-25 09:34:00.326  2895  2895 E gralloc : invalid gralloc handle (at 0x7faaed6620)
05-25 09:34:00.326  2895  2895 E SurfaceFlinger: error posting framebuffer: -22
05-25 09:34:00.357  2895  2895 E         : invalid gralloc handle (at 0x7faaed65b0)
05-25 09:34:00.357  2895  2895 E         : Runtime and build version of gralloc private structure does not match. Errors will likely follow.
05-25 09:34:00.360  2895  2895 E gralloc : invalid gralloc handle (at 0x7faaed65b0)
05-25 09:34:00.360  2895  2895 E SurfaceFlinger: error posting framebuffer: -22
05-25 09:34:00.390  2895  2895 E         : invalid gralloc handle (at 0x7faaed6540)
05-25 09:34:00.390  2895  2895 E         : Runtime and build version of gralloc private structure does not match. Errors will likely follow.
05-25 09:34:00.394  2895  2895 E gralloc : invalid gralloc handle (at 0x7faaed6540)
05-25 09:34:00.394  2895  2895 E SurfaceFlinger: error posting framebuffer: -22
05-25 09:34:00.458  2895  2895 E         : invalid gralloc handle (at 0x7faaed6690)
05-25 09:34:00.458  2895  2895 E         : Runtime and build version of gralloc private structure does not match. Errors will likely follow.
05-25 09:34:00.461  2895  2895 E gralloc : invalid gralloc handle (at 0x7faaed6690)
05-25 09:34:00.461  2895  2895 E SurfaceFlinger: error posting framebuffer: -22
05-25 09:34:00.491  2895  2895 E         : invalid gralloc handle (at 0x7faaed6620)
05-25 09:34:00.491  2895  2895 E         : Runtime and build version of gralloc private structure does not match. Errors will likely follow.
05-25 09:34:00.495  2895  2895 E gralloc : invalid gralloc handle (at 0x7faaed6620)
05-25 09:34:00.495  2895  2895 E SurfaceFlinger: error posting framebuffer: -22
05-25 09:34:00.522  3328  3328 W Zygote  : Got error connecting to zygote, retrying. msg= No such file or directory
05-25 09:34:00.525  2895  2895 E         : invalid gralloc handle (at 0x7faaed65b0)
05-25 09:34:00.525  2895  2895 E         : Runtime and build version of gralloc private structure does not match. Errors will likely follow.
05-25 09:34:00.529  2895  2895 E gralloc : invalid gralloc handle (at 0x7faaed65b0)
05-25 09:34:00.529  2895  2895 E SurfaceFlinger: error posting framebuffer: -22
05-25 09:34:00.559  2895  2895 E         : invalid gralloc handle (at 0x7faaed6540)
05-25 09:34:00.559  2895  2895 E         : Runtime and build version of gralloc private structure does not match. Errors will likely follow.
05-25 09:34:00.562  2895  2895 E gralloc : invalid gralloc handle (at 0x7faaed6540)
05-25 09:34:00.562  2895  2895 E SurfaceFlinger: error posting framebuffer: -22
05-25 09:34:00.566  3407  3407 I AudioFlinger: loadHwModule() Loaded primary audio interface from Samsung audio HW HAL (audio) handle 1
05-25 09:34:00.566  3407  3407 I AudioFlinger: openOutput(), module 1 Device 2, SamplingRate 48000, Format 0x000001, Channels 3, flags a
05-25 09:34:00.566  3407  3407 I AudioFlinger: AudioStreamOut::open(), mHalFormatIsLinearPcm = 1
05-25 09:34:00.566  3407  3407 I AudioFlinger: HAL output buffer size 1024 frames, normal sink buffer size 1024 frames
05-25 09:34:00.567  3407  3407 W EffectsFactory: loadLibrary() failed to open /system/lib/soundfx/libaudioeffectoffload.so
05-25 09:34:00.568  3407  3407 W EffectsFactory: loadLibrary() failed to open /system/lib/soundfx/libexynosvisualizer.so
05-25 09:34:00.569  3407  3407 W EffectsFactory: loadLibrary() failed to open /system/lib/libmysound.so
05-25 09:34:00.569  3407  3407 W EffectsFactory: loadLibrary() failed to open /system/lib/soundfx/libmyspace.so
05-25 09:34:00.569  3407  3407 W EffectsFactory: loadLibrary() failed to open /system/lib/libaudiosa.so
05-25 09:34:00.569  3407  3407 W EffectsFactory: loadLibrary() failed to open /system/lib/soundfx/libaudiosaplus_sec.so
05-25 09:34:00.570  3407  3407 W EffectsFactory: loadLibrary() failed to open /system/lib/libsamsungSoundbooster_plus.so
05-25 09:34:00.570  3407  3407 W EffectsFactory: loadEffect() could not get library soundbooster_plus
05-25 09:34:00.570  3407  3407 W EffectsFactory: addSubEffect() could not get library soundalive_sec
05-25 09:34:00.570  3407  3407 W EffectsFactory: loadEffect() could not add subEffect 
05-25 09:34:00.570  3407  3407 W EffectsFactory: loadEffect() could not get library soundalive
05-25 09:34:00.570  3407  3407 W EffectsFactory: loadEffect() could not get library soundalive
05-25 09:34:00.570  3407  3407 W EffectsFactory: loadEffect() could not get library soundalive
05-25 09:34:00.570  3407  3407 W EffectsFactory: addSubEffect() could not get library visualizer_hw
05-25 09:34:00.570  3407  3407 W EffectsFactory: loadEffect() could not add subEffect 
05-25 09:34:00.570  3407  3407 W EffectsFactory: addSubEffect() could not get library mysound
05-25 09:34:00.570  3407  3407 W EffectsFactory: loadEffect() could not add subEffect 
05-25 09:34:00.570  3407  3407 W EffectsFactory: addSubEffect() could not get library myspace
05-25 09:34:00.570  3407  3407 W EffectsFactory: loadEffect() could not add subEffect 
05-25 09:34:00.570  3407  3407 I BufferProvider: found effect "Multichannel Downmix To Stereo" from The Android Open Source Project
05-25 09:34:00.570  3407  3407 I AudioFlinger: Using module 1 has the primary audio interface
05-25 09:34:00.570  3407  3411 I AudioFlinger: AudioFlinger's thread 0xf4800000 ready to run
05-25 09:34:00.570  3407  3411 V audio_hw_primary: do_out_standby: output standby: 1
05-25 09:34:00.570  3407  3411 V audio_hw_primary: out_set_parameters: key value pairs: routing=2
05-25 09:34:00.571  3407  3411 E AudioFlinger: no wake lock to update!
05-25 09:34:00.571  3407  3407 I AudioFlinger: openOutput(), module 1 Device 2, SamplingRate 48000, Format 0x000001, Channels 3, flags 4
05-25 09:34:00.571  3407  3407 I AudioFlinger: AudioStreamOut::open(), mHalFormatIsLinearPcm = 1
05-25 09:34:00.571  3407  3407 I AudioFlinger: HAL output buffer size 256 frames, normal sink buffer size 960 frames
05-25 09:34:00.571  3407  3407 E MonoPipe: Failed to fetch local time frequency when constructing a MonoPipe (res = -32).  getNextWriteTimestamp calls will be non-functional
05-25 09:34:00.571  3407  3413 I AudioFlinger: AudioFlinger's thread 0xf44c0000 ready to run
05-25 09:34:00.571  3407  3413 V audio_hw_primary: out_set_parameters: key value pairs: routing=2
05-25 09:34:00.571  3407  3413 V audio_hw_primary: do_out_standby: output standby: 1
05-25 09:34:00.572  3407  3413 E AudioFlinger: no wake lock to update!
05-25 09:34:00.572  3407  3407 V audio_hw_primary: adev_open_input_stream: Requesting input stream with rate: 48000, channels: 0xc
05-25 09:34:00.572  3407  3414 I AudioFlinger: AudioFlinger's thread 0xf4180000 ready to run
05-25 09:34:00.572  3407  3407 I bt_a2dp_hw: adev_open:  adev_open in A2dp_hw module
05-25 09:34:00.572  3407  3407 I AudioFlinger: loadHwModule() Loaded a2dp audio interface from A2DP Audio HW HAL (audio) handle 5
05-25 09:34:00.573  3407  3407 I AudioFlinger: loadHwModule() Loaded usb audio interface from USB audio HW HAL (audio) handle 6
05-25 09:34:00.573  3407  3407 I r_submix: adev_open(name=audio_hw_if)
05-25 09:34:00.573  3407  3407 I r_submix: adev_init_check()
05-25 09:34:00.574  3407  3407 I AudioFlinger: loadHwModule() Loaded r_submix audio interface from Wifi Display audio HAL (audio) handle 7
05-25 09:34:00.574  3407  3407 D r_submix: adev_open_input_stream(addr=0)
05-25 09:34:00.574  3407  3407 D r_submix: submix_audio_device_create_pipe_l(addr=0, idx=9)
05-25 09:34:00.574  3407  3407 D r_submix:   now using address 0 for route 9
05-25 09:34:00.574  3407  3415 I AudioFlinger: AudioFlinger's thread 0xf4100000 ready to run
05-25 09:34:00.574  3407  3407 D r_submix: adev_close_input_stream()
05-25 09:34:00.574  3407  3407 D r_submix: submix_audio_device_release_pipe_l(idx=9) addr=0
05-25 09:34:00.574  3407  3407 D r_submix: submix_audio_device_destroy_pipe_l(): pipe destroyed
05-25 09:34:00.574  3407  3407 F libc    : Fatal signal 11 (SIGSEGV), code 1, fault addr 0x0 in tid 3407 (mediaserver)
05-25 09:34:00.574  3035  3035 I DEBUG   : property debug.db.uid not set; NOT waiting for gdb.
05-25 09:34:00.574  3035  3035 I DEBUG   : HINT: adb shell setprop debug.db.uid 100000
05-25 09:34:00.574  3035  3035 I DEBUG   : HINT: adb forward tcp:5039 tcp:5039
05-25 09:34:00.624  3035  3035 F DEBUG   : *** *** *** *** *** *** *** *** *** *** *** *** *** *** *** ***
05-25 09:34:00.625  3035  3035 F DEBUG   : Build fingerprint: 'samsung/cm_hero2ltexx/hero2ltexx:6.0.1/MOB30J/5d66e77688:eng/test-keys'
05-25 09:34:00.625  3035  3035 F DEBUG   : Revision: '0'
05-25 09:34:00.625  3035  3035 F DEBUG   : ABI: 'arm'
05-25 09:34:00.625  3035  3035 F DEBUG   : pid: 3407, tid: 3407, name: mediaserver  >>> /system/bin/mediaserver <<<
05-25 09:34:00.625  3035  3035 F DEBUG   : signal 11 (SIGSEGV), code 1 (SEGV_MAPERR), fault addr 0x0
05-25 09:34:00.626  2895  2895 E         : invalid gralloc handle (at 0x7faaed6690)
05-25 09:34:00.626  2895  2895 E         : Runtime and build version of gralloc private structure does not match. Errors will likely follow.
05-25 09:34:00.628  3035  3035 F DEBUG   :     r0 f489e8f4  r1 00000000  r2 65732020  r3 00000007
05-25 09:34:00.628  3035  3035 F DEBUG   :     r4 00000008  r5 f489e8f2  r6 f7299be0  r7 ffd12ff4
05-25 09:34:00.628  3035  3035 F DEBUG   :     r8 f48fe00c  r9 f7297431  sl f7297635  fp f489e8f2
05-25 09:34:00.628  3035  3035 F DEBUG   :     ip 00000000  sp ffd12fb0  lr f72924f7  pc f6de53c8  cpsr 600f0010
05-25 09:34:00.628  3035  3035 F DEBUG   : 
05-25 09:34:00.628  3035  3035 F DEBUG   : backtrace:
05-25 09:34:00.628  3035  3035 F DEBUG   :     #00 pc 000183c8  /system/lib/libc.so (strcmp+152)
05-25 09:34:00.628  3035  3035 F DEBUG   :     #01 pc 000084f3  /system/lib/libaudiopolicyservice.so
05-25 09:34:00.628  3035  3035 F DEBUG   :     #02 pc 0001fff0  [stack]
05-25 09:34:00.630  2895  2895 E gralloc : invalid gralloc handle (at 0x7faaed6690)
05-25 09:34:00.630  2895  2895 E SurfaceFlinger: error posting framebuffer: -22
05-25 09:34:00.660  2895  2895 E         : invalid gralloc handle (at 0x7faaed6620)
05-25 09:34:00.660  2895  2895 E         : Runtime and build version of gralloc private structure does not match. Errors will likely follow.
05-25 09:34:00.664  2895  2895 E gralloc : invalid gralloc handle (at 0x7faaed6620)
05-25 09:34:00.664  2895  2895 E SurfaceFlinger: error posting framebuffer: -22
05-25 09:34:00.670  3035  3035 F DEBUG   : 
05-25 09:34:00.670  3035  3035 F DEBUG   : Tombstone written to: /data/tombstones/tombstone_01
05-25 09:34:00.659  3407  3407 W mediaserver: type=1701 audit(0.0:142): auid=4294967295 uid=1013 gid=1005 ses=4294967295 exe="/system/bin/mediaserver" sig=11
05-25 09:34:00.673  2894  2894 I ServiceManager: service 'media.audio_flinger' died
05-25 09:34:00.673  2894  2894 I ServiceManager: service 'media.player' died
05-25 09:34:00.673  2894  2894 I ServiceManager: service 'media.resource_manager' died
05-25 09:34:00.673  2894  2894 I ServiceManager: service 'media.camera' died
05-25 09:34:00.694  2895  2895 E         : invalid gralloc handle (at 0x7faaed65b0)
05-25 09:34:00.694  2895  2895 E         : Runtime and build version of gralloc private structure does not match. Errors will likely follow.
05-25 09:34:00.697  2895  2895 E gralloc : invalid gralloc handle (at 0x7faaed65b0)
05-25 09:34:00.697  2895  2895 E SurfaceFlinger: error posting framebuffer: -22
05-25 09:34:00.727  2895  2895 E         : invalid gralloc handle (at 0x7faaed6540)
05-25 09:34:00.727  2895  2895 E         : Runtime and build version of gralloc private structure does not match. Errors will likely follow.
05-25 09:34:00.731  2895  2895 E gralloc : invalid gralloc handle (at 0x7faaed6540)
05-25 09:34:00.731  2895  2895 E SurfaceFlinger: error posting framebuffer: -22
05-25 09:34:00.795  2895  2895 E         : invalid gralloc handle (at 0x7faaed6690)
05-25 09:34:00.795  2895  2895 E         : Runtime and build version of gralloc private structure does not match. Errors will likely follow.
05-25 09:34:00.799  2895  2895 E gralloc : invalid gralloc handle (at 0x7faaed6690)
05-25 09:34:00.799  2895  2895 E SurfaceFlinger: error posting framebuffer: -22
05-25 09:34:00.829  2895  2895 E         : invalid gralloc handle (at 0x7faaed6620)
05-25 09:34:00.829  2895  2895 E         : Runtime and build version of gralloc private structure does not match. Errors will likely follow.
05-25 09:34:00.832  2895  2895 E gralloc : invalid gralloc handle (at 0x7faaed6620)
05-25 09:34:00.832  2895  2895 E SurfaceFlinger: error posting framebuffer: -22
05-25 09:34:00.862  2895  2895 E         : invalid gralloc handle (at 0x7faaed65b0)
05-25 09:34:00.862  2895  2895 E         : Runtime and build version of gralloc private structure does not match. Errors will likely follow.
05-25 09:34:00.866  2895  2895 E gralloc : invalid gralloc handle (at 0x7faaed65b0)
05-25 09:34:00.866  2895  2895 E SurfaceFlinger: error posting framebuffer: -22
05-25 09:34:00.896  2895  2895 E         : invalid gralloc handle (at 0x7faaed6540)
05-25 09:34:00.896  2895  2895 E         : Runtime and build version of gralloc private structure does not match. Errors will likely follow.
05-25 09:34:00.900  2895  2895 E gralloc : invalid gralloc handle (at 0x7faaed6540)
05-25 09:34:00.900  2895  2895 E SurfaceFlinger: error posting framebuffer: -22
05-25 09:34:00.963  2895  2895 E         : invalid gralloc handle (at 0x7faaed6690)
05-25 09:34:00.963  2895  2895 E         : Runtime and build version of gralloc private structure does not match. Errors will likely follow.
05-25 09:34:00.967  2895  2895 E gralloc : invalid gralloc handle (at 0x7faaed6690)
05-25 09:34:00.967  2895  2895 E SurfaceFlinger: error posting framebuffer: -22
05-25 09:34:00.997  2895  2895 E         : invalid gralloc handle (at 0x7faaed6620)
05-25 09:34:00.997  2895  2895 E         : Runtime and build version of gralloc private structure does not match. Errors will likely follow.
05-25 09:34:01.001  2895  2895 E gralloc : invalid gralloc handle (at 0x7faaed6620)
05-25 09:34:01.001  2895  2895 E SurfaceFlinger: error posting framebuffer: -22
05-25 09:34:01.031  2895  2895 E         : invalid gralloc handle (at 0x7faaed65b0)
05-25 09:34:01.031  2895  2895 E         : Runtime and build version of gralloc private structure does not match. Errors will likely follow.
05-25 09:34:01.035  2895  2895 E gralloc : invalid gralloc handle (at 0x7faaed65b0)
05-25 09:34:01.035  2895  2895 E SurfaceFlinger: error posting framebuffer: -22
05-25 09:34:01.065  2895  2895 E         : invalid gralloc handle (at 0x7faaed6540)
05-25 09:34:01.065  2895  2895 E         : Runtime and build version of gralloc private structure does not match. Errors will likely follow.
05-25 09:34:01.068  2895  2895 E gralloc : invalid gralloc handle (at 0x7faaed6540)
05-25 09:34:01.068  2895  2895 E SurfaceFlinger: error posting framebuffer: -22
05-25 09:34:01.132  2895  2895 E         : invalid gralloc handle (at 0x7faaed6690)
05-25 09:34:01.132  2895  2895 E         : Runtime and build version of gralloc private structure does not match. Errors will likely follow.
05-25 09:34:01.136  2895  2895 E gralloc : invalid gralloc handle (at 0x7faaed6690)
05-25 09:34:01.136  2895  2895 E SurfaceFlinger: error posting framebuffer: -22
05-25 09:34:01.166  2895  2895 E         : invalid gralloc handle (at 0x7faaed6620)
05-25 09:34:01.166  2895  2895 E         : Runtime and build version of gralloc private structure does not match. Errors will likely follow.
05-25 09:34:01.169  2895  2895 E gralloc : invalid gralloc handle (at 0x7faaed6620)
05-25 09:34:01.170  2895  2895 E SurfaceFlinger: error posting framebuffer: -22
05-25 09:34:01.200  2895  2895 E         : invalid gralloc handle (at 0x7faaed65b0)
05-25 09:34:01.200  2895  2895 E         : Runtime and build version of gralloc private structure does not match. Errors will likely follow.
05-25 09:34:01.203  2895  2895 E gralloc : invalid gralloc handle (at 0x7faaed65b0)
05-25 09:34:01.203  2895  2895 E SurfaceFlinger: error posting framebuffer: -22
05-25 09:34:01.233  2895  2895 E         : invalid gralloc handle (at 0x7faaed6540)
05-25 09:34:01.233  2895  2895 E         : Runtime and build version of gralloc private structure does not match. Errors will likely follow.
05-25 09:34:01.237  2895  2895 E gralloc : invalid gralloc handle (at 0x7faaed6540)
05-25 09:34:01.237  2895  2895 E SurfaceFlinger: error posting framebuffer: -22
05-25 09:34:01.301  2895  2895 E         : invalid gralloc handle (at 0x7faaed6690)
05-25 09:34:01.301  2895  2895 E         : Runtime and build version of gralloc private structure does not match. Errors will likely follow.
05-25 09:34:01.305  2895  2895 E gralloc : invalid gralloc handle (at 0x7faaed6690)
05-25 09:34:01.305  2895  2895 E SurfaceFlinger: error posting framebuffer: -22
05-25 09:34:01.335  2895  2895 E         : invalid gralloc handle (at 0x7faaed6620)
05-25 09:34:01.335  2895  2895 E         : Runtime and build version of gralloc private structure does not match. Errors will likely follow.
05-25 09:34:01.339  2895  2895 E gralloc : invalid gralloc handle (at 0x7faaed6620)
05-25 09:34:01.339  2895  2895 E SurfaceFlinger: error posting framebuffer: -22
05-25 09:34:01.368  2895  2895 E         : invalid gralloc handle (at 0x7faaed65b0)
05-25 09:34:01.368  2895  2895 E         : Runtime and build version of gralloc private structure does not match. Errors will likely follow.
05-25 09:34:01.372  2895  2895 E gralloc : invalid gralloc handle (at 0x7faaed65b0)
05-25 09:34:01.372  2895  2895 E SurfaceFlinger: error posting framebuffer: -22
05-25 09:34:01.402  2895  2895 E         : invalid gralloc handle (at 0x7faaed6540)
05-25 09:34:01.402  2895  2895 E         : Runtime and build version of gralloc private structure does not match. Errors will likely follow.
05-25 09:34:01.406  2895  2895 E gralloc : invalid gralloc handle (at 0x7faaed6540)
05-25 09:34:01.406  2895  2895 E SurfaceFlinger: error posting framebuffer: -22
05-25 09:34:01.469  2895  2895 E         : invalid gralloc handle (at 0x7faaed6690)
05-25 09:34:01.469  2895  2895 E         : Runtime and build version of gralloc private structure does not match. Errors will likely follow.
05-25 09:34:01.473  2895  2895 E gralloc : invalid gralloc handle (at 0x7faaed6690)
05-25 09:34:01.473  2895  2895 E SurfaceFlinger: error posting framebuffer: -22
05-25 09:34:01.503  2895  2895 E         : invalid gralloc handle (at 0x7faaed6620)
05-25 09:34:01.503  2895  2895 E         : Runtime and build version of gralloc private structure does not match. Errors will likely follow.
05-25 09:34:01.507  2895  2895 E gralloc : invalid gralloc handle (at 0x7faaed6620)
05-25 09:34:01.507  2895  2895 E SurfaceFlinger: error posting framebuffer: -22
05-25 09:34:01.523  3328  3328 W Zygote  : Got error connecting to zygote, retrying. msg= No such file or directory
05-25 09:34:01.537  2895  2895 E         : invalid gralloc handle (at 0x7faaed65b0)
05-25 09:34:01.537  2895  2895 E         : Runtime and build version of gralloc private structure does not match. Errors will likely follow.
05-25 09:34:01.541  2895  2895 E gralloc : invalid gralloc handle (at 0x7faaed65b0)
05-25 09:34:01.541  2895  2895 E SurfaceFlinger: error posting framebuffer: -22
05-25 09:34:01.570  2895  2895 E         : invalid gralloc handle (at 0x7faaed6540)
05-25 09:34:01.570  2895  2895 E         : Runtime and build version of gralloc private structure does not match. Errors will likely follow.
05-25 09:34:01.574  2895  2895 E gralloc : invalid gralloc handle (at 0x7faaed6540)
05-25 09:34:01.574  2895  2895 E SurfaceFlinger: error posting framebuffer: -22
05-25 09:34:01.638  2895  2895 E         : invalid gralloc handle (at 0x7faaed6690)
05-25 09:34:01.638  2895  2895 E         : Runtime and build version of gralloc private structure does not match. Errors will likely follow.
05-25 09:34:01.642  2895  2895 E gralloc : invalid gralloc handle (at 0x7faaed6690)
05-25 09:34:01.642  2895  2895 E SurfaceFlinger: error posting framebuffer: -22
05-25 09:34:01.672  2895  2895 E         : invalid gralloc handle (at 0x7faaed6620)
05-25 09:34:01.672  2895  2895 E         : Runtime and build version of gralloc private structure does not match. Errors will likely follow.
05-25 09:34:01.676  2895  2895 E gralloc : invalid gralloc handle (at 0x7faaed6620)
05-25 09:34:01.676  2895  2895 E SurfaceFlinger: error posting framebuffer: -22
05-25 09:34:01.706  2895  2895 E         : invalid gralloc handle (at 0x7faaed65b0)
05-25 09:34:01.706  2895  2895 E         : Runtime and build version of gralloc private structure does not match. Errors will likely follow.
05-25 09:34:01.709  2895  2895 E gralloc : invalid gralloc handle (at 0x7faaed65b0)
05-25 09:34:01.709  2895  2895 E SurfaceFlinger: error posting framebuffer: -22
05-25 09:34:01.739  2895  2895 E         : invalid gralloc handle (at 0x7faaed6540)
05-25 09:34:01.739  2895  2895 E         : Runtime and build version of gralloc private structure does not match. Errors will likely follow.
05-25 09:34:01.743  2895  2895 E gralloc : invalid gralloc handle (at 0x7faaed6540)
05-25 09:34:01.743  2895  2895 E SurfaceFlinger: error posting framebuffer: -22
05-25 09:34:01.807  2895  2895 E         : invalid gralloc handle (at 0x7faaed6690)
05-25 09:34:01.807  2895  2895 E         : Runtime and build version of gralloc private structure does not match. Errors will likely follow.
05-25 09:34:01.810  2895  2895 E gralloc : invalid gralloc handle (at 0x7faaed6690)
05-25 09:34:01.810  2895  2895 E SurfaceFlinger: error posting framebuffer: -22
05-25 09:34:01.840  2895  2895 E         : invalid gralloc handle (at 0x7faaed6620)
05-25 09:34:01.840  2895  2895 E         : Runtime and build version of gralloc private structure does not match. Errors will likely follow.
05-25 09:34:01.844  2895  2895 E gralloc : invalid gralloc handle (at 0x7faaed6620)
05-25 09:34:01.844  2895  2895 E SurfaceFlinger: error posting framebuffer: -22
05-25 09:34:01.874  2895  2895 E         : invalid gralloc handle (at 0x7faaed65b0)
05-25 09:34:01.874  2895  2895 E         : Runtime and build version of gralloc private structure does not match. Errors will likely follow.
05-25 09:34:01.878  2895  2895 E gralloc : invalid gralloc handle (at 0x7faaed65b0)
05-25 09:34:01.878  2895  2895 E SurfaceFlinger: error posting framebuffer: -22
05-25 09:34:01.908  2895  2895 E         : invalid gralloc handle (at 0x7faaed6540)
05-25 09:34:01.908  2895  2895 E         : Runtime and build version of gralloc private structure does not match. Errors will likely follow.
05-25 09:34:01.912  2895  2895 E gralloc : invalid gralloc handle (at 0x7faaed6540)
05-25 09:34:01.912  2895  2895 E SurfaceFlinger: error posting framebuffer: -22
05-25 09:34:01.975  2895  2895 E         : invalid gralloc handle (at 0x7faaed6690)
05-25 09:34:01.975  2895  2895 E         : Runtime and build version of gralloc private structure does not match. Errors will likely follow.
05-25 09:34:01.979  2895  2895 E gralloc : invalid gralloc handle (at 0x7faaed6690)
05-25 09:34:01.979  2895  2895 E SurfaceFlinger: error posting framebuffer: -22
05-25 09:34:02.009  2895  2895 E         : invalid gralloc handle (at 0x7faaed6620)
05-25 09:34:02.009  2895  2895 E         : Runtime and build version of gralloc private structure does not match. Errors will likely follow.
05-25 09:34:02.013  2895  2895 E gralloc : invalid gralloc handle (at 0x7faaed6620)
05-25 09:34:02.013  2895  2895 E SurfaceFlinger: error posting framebuffer: -22
05-25 09:34:02.042  2895  2895 E         : invalid gralloc handle (at 0x7faaed65b0)
05-25 09:34:02.042  2895  2895 E         : Runtime and build version of gralloc private structure does not match. Errors will likely follow.
05-25 09:34:02.046  2895  2895 E gralloc : invalid gralloc handle (at 0x7faaed65b0)
05-25 09:34:02.046  2895  2895 E SurfaceFlinger: error posting framebuffer: -22
05-25 09:34:02.076  2895  2895 E         : invalid gralloc handle (at 0x7faaed6540)
05-25 09:34:02.076  2895  2895 E         : Runtime and build version of gralloc private structure does not match. Errors will likely follow.
05-25 09:34:02.080  2895  2895 E gralloc : invalid gralloc handle (at 0x7faaed6540)
05-25 09:34:02.080  2895  2895 E SurfaceFlinger: error posting framebuffer: -22
05-25 09:34:02.144  2895  2895 E         : invalid gralloc handle (at 0x7faaed6690)
05-25 09:34:02.144  2895  2895 E         : Runtime and build version of gralloc private structure does not match. Errors will likely follow.
05-25 09:34:02.148  2895  2895 E gralloc : invalid gralloc handle (at 0x7faaed6690)
05-25 09:34:02.148  2895  2895 E SurfaceFlinger: error posting framebuffer: -22
05-25 09:34:02.178  2895  2895 E         : invalid gralloc handle (at 0x7faaed6620)
05-25 09:34:02.178  2895  2895 E         : Runtime and build version of gralloc private structure does not match. Errors will likely follow.
05-25 09:34:02.181  2895  2895 E gralloc : invalid gralloc handle (at 0x7faaed6620)
05-25 09:34:02.181  2895  2895 E SurfaceFlinger: error posting framebuffer: -22
05-25 09:34:02.194  2895  2895 E         : invalid gralloc handle (at 0x7faaed65b0)
05-25 09:34:02.194  2895  2895 E         : Runtime and build version of gralloc private structure does not match. Errors will likely follow.
05-25 09:34:02.198  2895  2895 E gralloc : invalid gralloc handle (at 0x7faaed65b0)
05-25 09:34:02.198  2895  2895 E SurfaceFlinger: error posting framebuffer: -22
05-25 09:34:02.228  2895  2895 E         : invalid gralloc handle (at 0x7faaed6540)
05-25 09:34:02.228  2895  2895 E         : Runtime and build version of gralloc private structure does not match. Errors will likely follow.
05-25 09:34:02.232  2895  2895 E gralloc : invalid gralloc handle (at 0x7faaed6540)
05-25 09:34:02.232  2895  2895 E SurfaceFlinger: error posting framebuffer: -22
05-25 09:34:02.295  2895  2895 E         : invalid gralloc handle (at 0x7faaed6690)
05-25 09:34:02.295  2895  2895 E         : Runtime and build version of gralloc private structure does not match. Errors will likely follow.
05-25 09:34:02.299  2895  2895 E gralloc : invalid gralloc handle (at 0x7faaed6690)
05-25 09:34:02.299  2895  2895 E SurfaceFlinger: error posting framebuffer: -22
05-25 09:34:02.329  2895  2895 E         : invalid gralloc handle (at 0x7faaed6620)
05-25 09:34:02.329  2895  2895 E         : Runtime and build version of gralloc private structure does not match. Errors will likely follow.
05-25 09:34:02.333  2895  2895 E gralloc : invalid gralloc handle (at 0x7faaed6620)
05-25 09:34:02.333  2895  2895 E SurfaceFlinger: error posting framebuffer: -22
05-25 09:34:02.363  2895  2895 E         : invalid gralloc handle (at 0x7faaed65b0)
05-25 09:34:02.363  2895  2895 E         : Runtime and build version of gralloc private structure does not match. Errors will likely follow.
05-25 09:34:02.367  2895  2895 E gralloc : invalid gralloc handle (at 0x7faaed65b0)
05-25 09:34:02.367  2895  2895 E SurfaceFlinger: error posting framebuffer: -22
05-25 09:34:02.397  2895  2895 E         : invalid gralloc handle (at 0x7faaed6540)
05-25 09:34:02.397  2895  2895 E         : Runtime and build version of gralloc private structure does not match. Errors will likely follow.
05-25 09:34:02.400  2895  2895 E gralloc : invalid gralloc handle (at 0x7faaed6540)
05-25 09:34:02.400  2895  2895 E SurfaceFlinger: error posting framebuffer: -22
05-25 09:34:02.464  2895  2895 E         : invalid gralloc handle (at 0x7faaed6690)
05-25 09:34:02.464  2895  2895 E         : Runtime and build version of gralloc private structure does not match. Errors will likely follow.
05-25 09:34:02.467  2895  2895 E gralloc : invalid gralloc handle (at 0x7faaed6690)
05-25 09:34:02.467  2895  2895 E SurfaceFlinger: error posting framebuffer: -22
05-25 09:34:02.498  2895  2895 E         : invalid gralloc handle (at 0x7faaed6620)
05-25 09:34:02.498  2895  2895 E         : Runtime and build version of gralloc private structure does not match. Errors will likely follow.
05-25 09:34:02.501  2895  2895 E gralloc : invalid gralloc handle (at 0x7faaed6620)
05-25 09:34:02.502  2895  2895 E SurfaceFlinger: error posting framebuffer: -22
05-25 09:34:02.523  3328  3328 W Zygote  : Got error connecting to zygote, retrying. msg= No such file or directory
05-25 09:34:02.531  2895  2895 E         : invalid gralloc handle (at 0x7faaed65b0)
05-25 09:34:02.531  2895  2895 E         : Runtime and build version of gralloc private structure does not match. Errors will likely follow.
05-25 09:34:02.535  2895  2895 E gralloc : invalid gralloc handle (at 0x7faaed65b0)
05-25 09:34:02.535  2895  2895 E SurfaceFlinger: error posting framebuffer: -22
05-25 09:34:02.565  2895  2895 E         : invalid gralloc handle (at 0x7faaed6540)
05-25 09:34:02.565  2895  2895 E         : Runtime and build version of gralloc private structure does not match. Errors will likely follow.
05-25 09:34:02.569  2895  2895 E gralloc : invalid gralloc handle (at 0x7faaed6540)
05-25 09:34:02.569  2895  2895 E SurfaceFlinger: error posting framebuffer: -22
05-25 09:34:02.633  2895  2895 E         : invalid gralloc handle (at 0x7faaed6690)
05-25 09:34:02.633  2895  2895 E         : Runtime and build version of gralloc private structure does not match. Errors will likely follow.
05-25 09:34:02.636  2895  2895 E gralloc : invalid gralloc handle (at 0x7faaed6690)
05-25 09:34:02.636  2895  2895 E SurfaceFlinger: error posting framebuffer: -22
05-25 09:34:02.666  2895  2895 E         : invalid gralloc handle (at 0x7faaed6620)
05-25 09:34:02.666  2895  2895 E         : Runtime and build version of gralloc private structure does not match. Errors will likely follow.
05-25 09:34:02.670  2895  2895 E gralloc : invalid gralloc handle (at 0x7faaed6620)
05-25 09:34:02.670  2895  2895 E SurfaceFlinger: error posting framebuffer: -22
05-25 09:34:02.700  2895  2895 E         : invalid gralloc handle (at 0x7faaed65b0)
05-25 09:34:02.700  2895  2895 E         : Runtime and build version of gralloc private structure does not match. Errors will likely follow.
05-25 09:34:02.704  2895  2895 E gralloc : invalid gralloc handle (at 0x7faaed65b0)
05-25 09:34:02.704  2895  2895 E SurfaceFlinger: error posting framebuffer: -22
05-25 09:34:02.734  2895  2895 E         : invalid gralloc handle (at 0x7faaed6540)
05-25 09:34:02.734  2895  2895 E         : Runtime and build version of gralloc private structure does not match. Errors will likely follow.
05-25 09:34:02.737  2895  2895 E gralloc : invalid gralloc handle (at 0x7faaed6540)
05-25 09:34:02.737  2895  2895 E SurfaceFlinger: error posting framebuffer: -22
05-25 09:34:02.801  2895  2895 E         : invalid gralloc handle (at 0x7faaed6690)
05-25 09:34:02.801  2895  2895 E         : Runtime and build version of gralloc private structure does not match. Errors will likely follow.
05-25 09:34:02.805  2895  2895 E gralloc : invalid gralloc handle (at 0x7faaed6690)
05-25 09:34:02.805  2895  2895 E SurfaceFlinger: error posting framebuffer: -22
05-25 09:34:02.835  2895  2895 E         : invalid gralloc handle (at 0x7faaed6620)
05-25 09:34:02.835  2895  2895 E         : Runtime and build version of gralloc private structure does not match. Errors will likely follow.
05-25 09:34:02.839  2895  2895 E gralloc : invalid gralloc handle (at 0x7faaed6620)
05-25 09:34:02.839  2895  2895 E SurfaceFlinger: error posting framebuffer: -22
05-25 09:34:02.869  2895  2895 E         : invalid gralloc handle (at 0x7faaed65b0)
05-25 09:34:02.869  2895  2895 E         : Runtime and build version of gralloc private structure does not match. Errors will likely follow.
05-25 09:34:02.872  2895  2895 E gralloc : invalid gralloc handle (at 0x7faaed65b0)
05-25 09:34:02.872  2895  2895 E SurfaceFlinger: error posting framebuffer: -22
05-25 09:34:02.902  2895  2895 E         : invalid gralloc handle (at 0x7faaed6540)
05-25 09:34:02.902  2895  2895 E         : Runtime and build version of gralloc private structure does not match. Errors will likely follow.
05-25 09:34:02.906  2895  2895 E gralloc : invalid gralloc handle (at 0x7faaed6540)
05-25 09:34:02.906  2895  2895 E SurfaceFlinger: error posting framebuffer: -22
05-25 09:34:02.970  2895  2895 E         : invalid gralloc handle (at 0x7faaed6690)
05-25 09:34:02.970  2895  2895 E         : Runtime and build version of gralloc private structure does not match. Errors will likely follow.
05-25 09:34:02.974  2895  2895 E gralloc : invalid gralloc handle (at 0x7faaed6690)
05-25 09:34:02.974  2895  2895 E SurfaceFlinger: error posting framebuffer: -22
05-25 09:34:03.003  2895  2895 E         : invalid gralloc handle (at 0x7faaed6620)
05-25 09:34:03.003  2895  2895 E         : Runtime and build version of gralloc private structure does not match. Errors will likely follow.
05-25 09:34:03.007  2895  2895 E gralloc : invalid gralloc handle (at 0x7faaed6620)
05-25 09:34:03.007  2895  2895 E SurfaceFlinger: error posting framebuffer: -22
