07-01 20:38:19.686  3087  3120 E         : Runtime and build version of gralloc private structure does not match. Errors will likely follow.
07-01 20:38:19.704  2919  2919 W display : release fence dup failed: Bad file descriptor
07-01 20:38:19.720  3087  3120 E         : invalid gralloc handle (at 0x7f982ab400)
07-01 20:38:19.720  3087  3120 E         : Runtime and build version of gralloc private structure does not match. Errors will likely follow.
07-01 20:38:19.739  2919  2919 W display : release fence dup failed: Bad file descriptor
07-01 20:38:19.753  3087  3120 E         : invalid gralloc handle (at 0x7f982ab300)
07-01 20:38:19.753  3087  3120 E         : Runtime and build version of gralloc private structure does not match. Errors will likely follow.
07-01 20:38:19.755  2919  2919 W display : release fence dup failed: Bad file descriptor
07-01 20:38:19.786  3087  3120 E         : invalid gralloc handle (at 0x7f982ab380)
07-01 20:38:19.787  3087  3120 E         : Runtime and build version of gralloc private structure does not match. Errors will likely follow.
07-01 20:38:19.789  2919  2919 W display : release fence dup failed: Bad file descriptor
07-01 20:38:19.820  3087  3120 E         : invalid gralloc handle (at 0x7f982ab400)
07-01 20:38:19.820  3087  3120 E         : Runtime and build version of gralloc private structure does not match. Errors will likely follow.
07-01 20:38:19.823  2919  2919 W display : release fence dup failed: Bad file descriptor
07-01 20:38:19.854  3087  3120 E         : invalid gralloc handle (at 0x7f982ab300)
07-01 20:38:19.854  3087  3120 E         : Runtime and build version of gralloc private structure does not match. Errors will likely follow.
07-01 20:38:19.857  2919  2919 W display : release fence dup failed: Bad file descriptor
07-01 20:38:19.887  3087  3120 E         : invalid gralloc handle (at 0x7f982ab380)
07-01 20:38:19.887  3087  3120 E         : Runtime and build version of gralloc private structure does not match. Errors will likely follow.
07-01 20:38:19.891  2919  2919 W display : release fence dup failed: Bad file descriptor
07-01 20:38:19.920  3087  3120 E         : invalid gralloc handle (at 0x7f982ab400)
07-01 20:38:19.920  3087  3120 E         : Runtime and build version of gralloc private structure does not match. Errors will likely follow.
07-01 20:38:19.925  2919  2919 W display : release fence dup failed: Bad file descriptor
07-01 20:38:19.943  3440  3440 I System  : Loaded time zone names for "" in 19ms (16ms in ICU)
07-01 20:38:19.954  3087  3120 E         : invalid gralloc handle (at 0x7f982ab300)
07-01 20:38:19.954  3087  3120 E         : Runtime and build version of gralloc private structure does not match. Errors will likely follow.
07-01 20:38:19.959  2919  2919 W display : release fence dup failed: Bad file descriptor
07-01 20:38:19.976  3440  3440 I System  : Loaded time zone names for "en_US" in 32ms (11ms in ICU)
07-01 20:38:19.987  3087  3120 E         : invalid gralloc handle (at 0x7f982ab380)
07-01 20:38:19.987  3087  3120 E         : Runtime and build version of gralloc private structure does not match. Errors will likely follow.
07-01 20:38:19.993  2919  2919 W display : release fence dup failed: Bad file descriptor
07-01 20:38:20.021  3087  3120 E         : invalid gralloc handle (at 0x7f982ab400)
07-01 20:38:20.021  3087  3120 E         : Runtime and build version of gralloc private structure does not match. Errors will likely follow.
07-01 20:38:20.027  2919  2919 W display : release fence dup failed: Bad file descriptor
07-01 20:38:20.055  3087  3120 E         : invalid gralloc handle (at 0x7f982ab300)
07-01 20:38:20.055  3087  3120 E         : Runtime and build version of gralloc private structure does not match. Errors will likely follow.
07-01 20:38:20.061  2919  2919 W display : release fence dup failed: Bad file descriptor
07-01 20:38:20.088  3087  3120 E         : invalid gralloc handle (at 0x7f982ab380)
07-01 20:38:20.088  3087  3120 E         : Runtime and build version of gralloc private structure does not match. Errors will likely follow.
07-01 20:38:20.094  2919  2919 W display : release fence dup failed: Bad file descriptor
07-01 20:38:20.121  3087  3120 E         : invalid gralloc handle (at 0x7f982ab400)
07-01 20:38:20.121  3087  3120 E         : Runtime and build version of gralloc private structure does not match. Errors will likely follow.
07-01 20:38:20.128  2919  2919 W display : release fence dup failed: Bad file descriptor
07-01 20:38:20.144  3440  3440 I Zygote  : ...preloaded 3831 classes in 2127ms.
07-01 20:38:20.144  3440  3440 I art     : VMRuntime.preloadDexCaches starting
07-01 20:38:20.155  3087  3120 E         : invalid gralloc handle (at 0x7f982ab300)
07-01 20:38:20.155  3087  3120 E         : Runtime and build version of gralloc private structure does not match. Errors will likely follow.
07-01 20:38:20.162  2919  2919 W display : release fence dup failed: Bad file descriptor
07-01 20:38:20.176  3440  3440 I art     : VMRuntime.preloadDexCaches strings total=248969 before=10083 after=10083
07-01 20:38:20.176  3440  3440 I art     : VMRuntime.preloadDexCaches types total=20332 before=8245 after=9836
07-01 20:38:20.176  3440  3440 I art     : VMRuntime.preloadDexCaches fields total=100378 before=35761 after=47726
07-01 20:38:20.176  3440  3440 I art     : VMRuntime.preloadDexCaches methods total=172817 before=67604 after=83308
07-01 20:38:20.176  3440  3440 I art     : VMRuntime.preloadDexCaches finished
07-01 20:38:20.188  3087  3120 E         : invalid gralloc handle (at 0x7f982ab380)
07-01 20:38:20.188  3087  3120 E         : Runtime and build version of gralloc private structure does not match. Errors will likely follow.
07-01 20:38:20.189  3721  3721 D idmap   : error: no read access to /vendor/overlay: No such file or directory
07-01 20:38:20.192  3440  3440 I Zygote  : Preloading resources...
07-01 20:38:20.196  2919  2919 W display : release fence dup failed: Bad file descriptor
07-01 20:38:20.222  3087  3120 E         : invalid gralloc handle (at 0x7f982ab400)
07-01 20:38:20.222  3087  3120 E         : Runtime and build version of gralloc private structure does not match. Errors will likely follow.
07-01 20:38:20.230  2919  2919 W display : release fence dup failed: Bad file descriptor
07-01 20:38:20.255  3087  3120 E         : invalid gralloc handle (at 0x7f982ab300)
07-01 20:38:20.255  3087  3120 E         : Runtime and build version of gralloc private structure does not match. Errors will likely follow.
07-01 20:38:20.264  2919  2919 W display : release fence dup failed: Bad file descriptor
07-01 20:38:20.289  3087  3120 E         : invalid gralloc handle (at 0x7f982ab380)
07-01 20:38:20.289  3087  3120 E         : Runtime and build version of gralloc private structure does not match. Errors will likely follow.
07-01 20:38:20.298  2919  2919 W display : release fence dup failed: Bad file descriptor
07-01 20:38:20.322  3087  3120 E         : invalid gralloc handle (at 0x7f982ab400)
07-01 20:38:20.322  3087  3120 E         : Runtime and build version of gralloc private structure does not match. Errors will likely follow.
07-01 20:38:20.332  2919  2919 W display : release fence dup failed: Bad file descriptor
07-01 20:38:20.356  3087  3120 E         : invalid gralloc handle (at 0x7f982ab300)
07-01 20:38:20.356  3087  3120 E         : Runtime and build version of gralloc private structure does not match. Errors will likely follow.
07-01 20:38:20.366  2919  2919 W display : release fence dup failed: Bad file descriptor
07-01 20:38:20.389  3087  3120 E         : invalid gralloc handle (at 0x7f982ab380)
07-01 20:38:20.389  3087  3120 E         : Runtime and build version of gralloc private structure does not match. Errors will likely follow.
07-01 20:38:20.400  2919  2919 W display : release fence dup failed: Bad file descriptor
07-01 20:38:20.422  3087  3120 E         : invalid gralloc handle (at 0x7f982ab400)
07-01 20:38:20.422  3087  3120 E         : Runtime and build version of gralloc private structure does not match. Errors will likely follow.
07-01 20:38:20.433  2919  2919 W display : release fence dup failed: Bad file descriptor
07-01 20:38:20.456  3087  3120 E         : invalid gralloc handle (at 0x7f982ab300)
07-01 20:38:20.456  3087  3120 E         : Runtime and build version of gralloc private structure does not match. Errors will likely follow.
07-01 20:38:20.467  2919  2919 W display : release fence dup failed: Bad file descriptor
07-01 20:38:20.489  3087  3120 E         : invalid gralloc handle (at 0x7f982ab380)
07-01 20:38:20.489  3087  3120 E         : Runtime and build version of gralloc private structure does not match. Errors will likely follow.
07-01 20:38:20.501  2919  2919 W display : release fence dup failed: Bad file descriptor
07-01 20:38:20.523  3087  3120 E         : invalid gralloc handle (at 0x7f982ab400)
07-01 20:38:20.523  3087  3120 E         : Runtime and build version of gralloc private structure does not match. Errors will likely follow.
07-01 20:38:20.535  2919  2919 W display : release fence dup failed: Bad file descriptor
07-01 20:38:20.557  3087  3120 E         : invalid gralloc handle (at 0x7f982ab300)
07-01 20:38:20.557  3087  3120 E         : Runtime and build version of gralloc private structure does not match. Errors will likely follow.
07-01 20:38:20.569  2919  2919 W display : release fence dup failed: Bad file descriptor
07-01 20:38:20.573  3440  3440 I Zygote  : ...preloaded 342 resources in 381ms.
07-01 20:38:20.583  3440  3440 I Zygote  : ...preloaded 41 resources in 10ms.
07-01 20:38:20.589  3440  3440 D libEGL  : loaded /vendor/lib64/egl/libGLES_mali.so
07-01 20:38:20.590  3087  3120 E         : invalid gralloc handle (at 0x7f982ab380)
07-01 20:38:20.590  3087  3120 E         : Runtime and build version of gralloc private structure does not match. Errors will likely follow.
07-01 20:38:20.596  3440  3440 I Zygote  : Preloading shared libraries...
07-01 20:38:20.603  3440  3440 D Zygote  : end preload
07-01 20:38:20.603  3440  3440 I art     : Starting a blocking GC Explicit
07-01 20:38:20.603  2919  2919 W display : release fence dup failed: Bad file descriptor
07-01 20:38:20.614  3440  3440 I art     : Explicit concurrent mark sweep GC freed 11416(460KB) AllocSpace objects, 0(0B) LOS objects, 35% free, 29MB/45MB, paused 57us total 10.680ms
07-01 20:38:20.623  3087  3120 E         : invalid gralloc handle (at 0x7f982ab400)
07-01 20:38:20.623  3087  3120 E         : Runtime and build version of gralloc private structure does not match. Errors will likely follow.
07-01 20:38:20.624  3440  3440 I art     : Starting a blocking GC Explicit
07-01 20:38:20.633  3440  3440 I art     : Explicit concurrent mark sweep GC freed 2696(126KB) AllocSpace objects, 0(0B) LOS objects, 35% free, 28MB/44MB, paused 43us total 8.772ms
07-01 20:38:20.634  3440  3719 I art     : Starting a blocking GC HeapTrim
07-01 20:38:20.634  3440  3440 I art     : Starting a blocking GC Background
07-01 20:38:20.637  2919  2919 W display : release fence dup failed: Bad file descriptor
07-01 20:38:20.657  3087  3120 E         : invalid gralloc handle (at 0x7f982ab300)
07-01 20:38:20.657  3087  3120 E         : Runtime and build version of gralloc private structure does not match. Errors will likely follow.
07-01 20:38:20.671  2919  2919 W display : release fence dup failed: Bad file descriptor
07-01 20:38:20.682  3440  3440 I Zygote  : System server process 3722 has been created
07-01 20:38:20.683  3440  3440 I Zygote  : Accepting command socket connections
07-01 20:38:20.690  3087  3120 E         : invalid gralloc handle (at 0x7f982ab380)
07-01 20:38:20.690  3087  3120 E         : Runtime and build version of gralloc private structure does not match. Errors will likely follow.
07-01 20:38:20.698  3722  3722 I Zygote  : Process: zygote socket opened, supported ABIS: armeabi-v7a,armeabi
07-01 20:38:20.699  3722  3722 I InstallerConnection: connecting...
07-01 20:38:20.699  2931  2931 I installd: new connection
07-01 20:38:20.705  2919  2919 W display : release fence dup failed: Bad file descriptor
07-01 20:38:20.715  3733  3733 I dex2oat : /system/bin/dex2oat --compiler-filter=verify-at-runtime
07-01 20:38:20.724  3087  3120 E         : invalid gralloc handle (at 0x7f982ab400)
07-01 20:38:20.724  3087  3120 E         : Runtime and build version of gralloc private structure does not match. Errors will likely follow.
07-01 20:38:20.738  2919  2919 W display : release fence dup failed: Bad file descriptor
07-01 20:38:20.757  3087  3120 E         : invalid gralloc handle (at 0x7f982ab300)
07-01 20:38:20.757  3087  3120 E         : Runtime and build version of gralloc private structure does not match. Errors will likely follow.
07-01 20:38:20.772  2919  2919 W display : release fence dup failed: Bad file descriptor
07-01 20:38:20.773  3733  3733 I dex2oat : dex2oat took 58.450ms (threads: 8) arena alloc=144B java alloc=839KB native alloc=795KB free=1764KB
07-01 20:38:20.790  3087  3120 E         : invalid gralloc handle (at 0x7f982ab380)
07-01 20:38:20.791  3087  3120 E         : Runtime and build version of gralloc private structure does not match. Errors will likely follow.
07-01 20:38:20.793  3742  3742 I dex2oat : /system/bin/dex2oat --compiler-filter=verify-at-runtime
07-01 20:38:20.806  2919  2919 W display : release fence dup failed: Bad file descriptor
07-01 20:38:20.808  3742  3742 I dex2oat : dex2oat took 15.870ms (threads: 8) arena alloc=0B java alloc=71KB native alloc=784KB free=1007KB
07-01 20:38:20.824  3087  3120 E         : invalid gralloc handle (at 0x7f982ab400)
07-01 20:38:20.824  3087  3120 E         : Runtime and build version of gralloc private structure does not match. Errors will likely follow.
07-01 20:38:20.826  3751  3751 I dex2oat : /system/bin/dex2oat --compiler-filter=verify-at-runtime
07-01 20:38:20.840  2919  2919 W display : release fence dup failed: Bad file descriptor
07-01 20:38:20.858  3087  3120 E         : invalid gralloc handle (at 0x7f982ab300)
07-01 20:38:20.858  3087  3120 E         : Runtime and build version of gralloc private structure does not match. Errors will likely follow.
07-01 20:38:20.874  2919  2919 W display : release fence dup failed: Bad file descriptor
07-01 20:38:20.891  3087  3120 E         : invalid gralloc handle (at 0x7f982ab380)
07-01 20:38:20.891  3087  3120 E         : Runtime and build version of gralloc private structure does not match. Errors will likely follow.
07-01 20:38:20.908  2919  2919 W display : release fence dup failed: Bad file descriptor
07-01 20:38:20.925  3087  3120 E         : invalid gralloc handle (at 0x7f982ab400)
07-01 20:38:20.925  3087  3120 E         : Runtime and build version of gralloc private structure does not match. Errors will likely follow.
07-01 20:38:20.942  2919  2919 W display : release fence dup failed: Bad file descriptor
07-01 20:38:20.958  3087  3120 E         : invalid gralloc handle (at 0x7f982ab300)
07-01 20:38:20.958  3087  3120 E         : Runtime and build version of gralloc private structure does not match. Errors will likely follow.
07-01 20:38:20.976  2919  2919 W display : release fence dup failed: Bad file descriptor
07-01 20:38:20.991  3087  3120 E         : invalid gralloc handle (at 0x7f982ab380)
07-01 20:38:20.991  3087  3120 E         : Runtime and build version of gralloc private structure does not match. Errors will likely follow.
07-01 20:38:21.010  2919  2919 W display : release fence dup failed: Bad file descriptor
07-01 20:38:21.025  3087  3120 E         : invalid gralloc handle (at 0x7f982ab400)
07-01 20:38:21.025  3087  3120 E         : Runtime and build version of gralloc private structure does not match. Errors will likely follow.
07-01 20:38:21.044  2919  2919 W display : release fence dup failed: Bad file descriptor
07-01 20:38:21.058  3087  3120 E         : invalid gralloc handle (at 0x7f982ab300)
07-01 20:38:21.059  3087  3120 E         : Runtime and build version of gralloc private structure does not match. Errors will likely follow.
07-01 20:38:21.078  2919  2919 W display : release fence dup failed: Bad file descriptor
07-01 20:38:21.092  3087  3120 E         : invalid gralloc handle (at 0x7f982ab380)
07-01 20:38:21.092  3087  3120 E         : Runtime and build version of gralloc private structure does not match. Errors will likely follow.
07-01 20:38:21.094  2919  2919 W display : release fence dup failed: Bad file descriptor
07-01 20:38:21.125  3087  3120 E         : invalid gralloc handle (at 0x7f982ab400)
07-01 20:38:21.125  3087  3120 E         : Runtime and build version of gralloc private structure does not match. Errors will likely follow.
07-01 20:38:21.128  2919  2919 W display : release fence dup failed: Bad file descriptor
07-01 20:38:21.137  3751  3751 I dex2oat : dex2oat took 311.093ms (threads: 8) arena alloc=624B java alloc=4MB native alloc=2MB free=3MB
07-01 20:38:21.157  3760  3760 I dex2oat : /system/bin/dex2oat --compiler-filter=verify-at-runtime
07-01 20:38:21.159  3087  3120 E         : invalid gralloc handle (at 0x7f982ab300)
07-01 20:38:21.159  3087  3120 E         : Runtime and build version of gralloc private structure does not match. Errors will likely follow.
07-01 20:38:21.162  2919  2919 W display : release fence dup failed: Bad file descriptor
07-01 20:38:21.174  3760  3760 I dex2oat : dex2oat took 17.235ms (threads: 8) arena alloc=1736B java alloc=74KB native alloc=1040KB free=1263KB
07-01 20:38:21.192  3769  3769 I dex2oat : /system/bin/dex2oat --compiler-filter=verify-at-runtime
07-01 20:38:21.192  3087  3120 E         : invalid gralloc handle (at 0x7f982ab380)
07-01 20:38:21.192  3087  3120 E         : Runtime and build version of gralloc private structure does not match. Errors will likely follow.
07-01 20:38:21.196  2919  2919 W display : release fence dup failed: Bad file descriptor
07-01 20:38:21.226  3087  3120 E         : invalid gralloc handle (at 0x7f982ab400)
07-01 20:38:21.226  3087  3120 E         : Runtime and build version of gralloc private structure does not match. Errors will likely follow.
07-01 20:38:21.230  2919  2919 W display : release fence dup failed: Bad file descriptor
07-01 20:38:21.259  3087  3120 E         : invalid gralloc handle (at 0x7f982ab300)
07-01 20:38:21.259  3087  3120 E         : Runtime and build version of gralloc private structure does not match. Errors will likely follow.
07-01 20:38:21.264  2919  2919 W display : release fence dup failed: Bad file descriptor
07-01 20:38:21.293  3087  3120 E         : invalid gralloc handle (at 0x7f982ab380)
07-01 20:38:21.293  3087  3120 E         : Runtime and build version of gralloc private structure does not match. Errors will likely follow.
07-01 20:38:21.298  2919  2919 W display : release fence dup failed: Bad file descriptor
07-01 20:38:21.326  3087  3120 E         : invalid gralloc handle (at 0x7f982ab400)
07-01 20:38:21.326  3087  3120 E         : Runtime and build version of gralloc private structure does not match. Errors will likely follow.
07-01 20:38:21.332  2919  2919 W display : release fence dup failed: Bad file descriptor
07-01 20:38:21.341  3769  3769 I dex2oat : dex2oat took 150.108ms (threads: 8) arena alloc=312B java alloc=2MB native alloc=1607KB free=1976KB
07-01 20:38:21.345  3722  3722 I InstallerConnection: disconnecting...
07-01 20:38:21.345  2931  2931 E installd: eof
07-01 20:38:21.345  2931  2931 E installd: failed to read size
07-01 20:38:21.345  2931  2931 I installd: closing connection
07-01 20:38:21.360  3087  3120 E         : invalid gralloc handle (at 0x7f982ab300)
07-01 20:38:21.360  3087  3120 E         : Runtime and build version of gralloc private structure does not match. Errors will likely follow.
07-01 20:38:21.366  2919  2919 W display : release fence dup failed: Bad file descriptor
07-01 20:38:21.379  3722  3722 I SystemServer: Entered the Android system server!
07-01 20:38:21.393  3087  3120 E         : invalid gralloc handle (at 0x7f982ab380)
07-01 20:38:21.393  3087  3120 E         : Runtime and build version of gralloc private structure does not match. Errors will likely follow.
07-01 20:38:21.399  2919  2919 W display : release fence dup failed: Bad file descriptor
07-01 20:38:21.415  3722  3722 I SystemServiceManager: Starting com.android.server.pm.Installer
07-01 20:38:21.416  3722  3722 I Installer: Waiting for installd to be ready.
07-01 20:38:21.416  3722  3722 I InstallerConnection: connecting...
07-01 20:38:21.416  2931  2931 I installd: new connection
07-01 20:38:21.417  3722  3722 I SystemServiceManager: Starting com.android.server.am.ActivityManagerService$Lifecycle
07-01 20:38:21.427  3087  3120 E         : invalid gralloc handle (at 0x7f982ab400)
07-01 20:38:21.427  3087  3120 E         : Runtime and build version of gralloc private structure does not match. Errors will likely follow.
07-01 20:38:21.433  2919  2919 W display : release fence dup failed: Bad file descriptor
07-01 20:38:21.460  3087  3120 E         : invalid gralloc handle (at 0x7f982ab300)
07-01 20:38:21.460  3087  3120 E         : Runtime and build version of gralloc private structure does not match. Errors will likely follow.
07-01 20:38:21.467  2919  2919 W display : release fence dup failed: Bad file descriptor
07-01 20:38:21.494  3087  3120 E         : invalid gralloc handle (at 0x7f982ab380)
07-01 20:38:21.494  3087  3120 E         : Runtime and build version of gralloc private structure does not match. Errors will likely follow.
07-01 20:38:21.497  3722  3722 I XXXXXX  : choosing minFree values for 64 Bit
07-01 20:38:21.497  3722  3722 I XXXXXX  : choosing minFree values for 64 Bit
07-01 20:38:21.497  3722  3722 I XXXXXX  : choosing minFree values for 64 Bit
07-01 20:38:21.497  3722  3722 I XXXXXX  : choosing minFree values for 64 Bit
07-01 20:38:21.497  3722  3722 I XXXXXX  : choosing minFree values for 64 Bit
07-01 20:38:21.497  3722  3722 I XXXXXX  : choosing minFree values for 64 Bit
07-01 20:38:21.501  2919  2919 W display : release fence dup failed: Bad file descriptor
07-01 20:38:21.503  3722  3722 I ActivityManager: Memory class: 256
07-01 20:38:21.504  3722  3781 I ServiceThread: Enabled StrictMode logging for ActivityManager looper.
07-01 20:38:21.510  3722  3782 I ServiceThread: Enabled StrictMode logging for android.ui looper.
07-01 20:38:21.527  3087  3120 E         : invalid gralloc handle (at 0x7f982ab400)
07-01 20:38:21.527  3087  3120 E         : Runtime and build version of gralloc private structure does not match. Errors will likely follow.
07-01 20:38:21.535  2919  2919 W display : release fence dup failed: Bad file descriptor
07-01 20:38:21.560  3087  3120 E         : invalid gralloc handle (at 0x7f982ab300)
07-01 20:38:21.560  3087  3120 E         : Runtime and build version of gralloc private structure does not match. Errors will likely follow.
07-01 20:38:21.569  2919  2919 W display : release fence dup failed: Bad file descriptor
07-01 20:38:21.578  3722  3722 D BatteryStatsImpl: Reading daily items from /data/system/batterystats-daily.xml
07-01 20:38:21.594  3087  3120 E         : invalid gralloc handle (at 0x7f982ab380)
07-01 20:38:21.594  3087  3120 E         : Runtime and build version of gralloc private structure does not match. Errors will likely follow.
07-01 20:38:21.603  2919  2919 W display : release fence dup failed: Bad file descriptor
07-01 20:38:21.612  3722  3722 I AppOps  : No existing app ops /data/system/appops.xml; starting empty
07-01 20:38:21.628  3087  3120 E         : invalid gralloc handle (at 0x7f982ab400)
07-01 20:38:21.628  3087  3120 E         : Runtime and build version of gralloc private structure does not match. Errors will likely follow.
07-01 20:38:21.637  2919  2919 W display : release fence dup failed: Bad file descriptor
07-01 20:38:21.661  3087  3120 E         : invalid gralloc handle (at 0x7f982ab300)
07-01 20:38:21.661  3087  3120 E         : Runtime and build version of gralloc private structure does not match. Errors will likely follow.
07-01 20:38:21.671  2919  2919 W display : release fence dup failed: Bad file descriptor
07-01 20:38:21.675  3722  3722 I IntentFirewall: Read new rules (A:0 B:0 S:0)
07-01 20:38:21.694  3087  3120 E         : invalid gralloc handle (at 0x7f982ab380)
07-01 20:38:21.694  3087  3120 E         : Runtime and build version of gralloc private structure does not match. Errors will likely follow.
07-01 20:38:21.697  3722  3786 I ServiceThread: Enabled StrictMode logging for android.display looper.
07-01 20:38:21.702  3722  3722 D AppOps  : AppOpsService published
07-01 20:38:21.703  3722  3722 I SystemServiceManager: Starting com.android.server.power.PowerManagerService
07-01 20:38:21.704  3722  3788 I ServiceThread: Enabled StrictMode logging for PowerManagerService looper.
07-01 20:38:21.705  2919  2919 W display : release fence dup failed: Bad file descriptor
07-01 20:38:21.705  3722  3722 W libsuspend: Error writing 'on' to /sys/power/state: Invalid argument
07-01 20:38:21.705  3722  3722 I libsuspend: Selected wakeup count
07-01 20:38:21.708  3722  3722 I SystemServiceManager: Starting com.android.server.lights.LightsService
07-01 20:38:21.709  3722  3722 I SystemServiceManager: Starting com.android.server.display.DisplayManagerService
07-01 20:38:21.716  3722  3722 I SystemServiceManager: Starting phase 100
07-01 20:38:21.718  2919  3025 E SurfaceFlinger: getDefaultDisplay: id=2 is not a valid default display id
07-01 20:38:21.720  3722  3786 I DisplayManagerService: Display device added: DisplayDeviceInfo{"Built-in Screen": uniqueId="local:0", 1440 x 2560, modeId 1, defaultModeId 1, supportedModes [{id=1, width=1440, height=2560, fps=59.0}], colorTransformId 1, defaultColorTransformId 1, supportedColorTransforms [{id=1, colorTransform=-22}], density 640, 537.882 x 532.983 dpi, appVsyncOff 0, presDeadline 17949152, touch INTERNAL, rotation 0, type BUILT_IN, state UNKNOWN, FLAG_DEFAULT_DISPLAY, FLAG_ROTATES_WITH_CONTENT, FLAG_SECURE, FLAG_SUPPORTS_PROTECTED_BUFFERS}
07-01 20:38:21.721  2919  2919 D SurfaceFlinger: Set power mode=2, type=0 flinger=0x7f91803c00
07-01 20:38:21.721  2919  2919 D SurfaceFlinger: Screen type=0 is already mode=2
07-01 20:38:21.722  3722  3722 I SystemServer: Package Manager
07-01 20:38:21.722  3722  3786 I DisplayManagerService: Display device changed state: "Built-in Screen", ON
07-01 20:38:21.728  3087  3120 E         : invalid gralloc handle (at 0x7f982ab400)
07-01 20:38:21.728  3087  3120 E         : Runtime and build version of gralloc private structure does not match. Errors will likely follow.
07-01 20:38:21.738  2919  2919 W display : release fence dup failed: Bad file descriptor
07-01 20:38:21.761  3087  3120 E         : invalid gralloc handle (at 0x7f982ab300)
07-01 20:38:21.761  3087  3120 E         : Runtime and build version of gralloc private structure does not match. Errors will likely follow.
07-01 20:38:21.772  2919  2919 W display : release fence dup failed: Bad file descriptor
07-01 20:38:21.795  3087  3120 E         : invalid gralloc handle (at 0x7f982ab380)
07-01 20:38:21.795  3087  3120 E         : Runtime and build version of gralloc private structure does not match. Errors will likely follow.
07-01 20:38:21.806  2919  2919 W display : release fence dup failed: Bad file descriptor
07-01 20:38:21.820  3722  3722 W SystemConfig: No directory /system/etc/sysconfig, skipping
07-01 20:38:21.828  3087  3120 E         : invalid gralloc handle (at 0x7f982ab400)
07-01 20:38:21.828  3087  3120 E         : Runtime and build version of gralloc private structure does not match. Errors will likely follow.
07-01 20:38:21.840  2919  2919 W display : release fence dup failed: Bad file descriptor
07-01 20:38:21.861  3087  3120 E         : invalid gralloc handle (at 0x7f982ab300)
07-01 20:38:21.861  3087  3120 E         : Runtime and build version of gralloc private structure does not match. Errors will likely follow.
07-01 20:38:21.874  2919  2919 W display : release fence dup failed: Bad file descriptor
07-01 20:38:21.895  3087  3120 E         : invalid gralloc handle (at 0x7f982ab380)
07-01 20:38:21.895  3087  3120 E         : Runtime and build version of gralloc private structure does not match. Errors will likely follow.
07-01 20:38:21.903  3722  3722 D SELinuxMMAC: Using policy file /system/etc/security/mac_permissions.xml
07-01 20:38:21.908  2919  2919 W display : release fence dup failed: Bad file descriptor
07-01 20:38:21.928  3087  3120 E         : invalid gralloc handle (at 0x7f982ab400)
07-01 20:38:21.929  3087  3120 E         : Runtime and build version of gralloc private structure does not match. Errors will likely follow.
07-01 20:38:21.942  2919  2919 W display : release fence dup failed: Bad file descriptor
07-01 20:38:21.962  3087  3120 E         : invalid gralloc handle (at 0x7f982ab300)
07-01 20:38:21.962  3087  3120 E         : Runtime and build version of gralloc private structure does not match. Errors will likely follow.
07-01 20:38:21.976  2919  2919 W display : release fence dup failed: Bad file descriptor
07-01 20:38:21.995  3087  3120 E         : invalid gralloc handle (at 0x7f982ab380)
07-01 20:38:21.995  3087  3120 E         : Runtime and build version of gralloc private structure does not match. Errors will likely follow.
07-01 20:38:22.010  2919  2919 W display : release fence dup failed: Bad file descriptor
07-01 20:38:22.029  3087  3120 E         : invalid gralloc handle (at 0x7f982ab400)
07-01 20:38:22.029  3087  3120 E         : Runtime and build version of gralloc private structure does not match. Errors will likely follow.
07-01 20:38:22.044  2919  2919 W display : release fence dup failed: Bad file descriptor
07-01 20:38:22.062  3087  3120 E         : invalid gralloc handle (at 0x7f982ab300)
07-01 20:38:22.062  3087  3120 E         : Runtime and build version of gralloc private structure does not match. Errors will likely follow.
07-01 20:38:22.077  2919  2919 W display : release fence dup failed: Bad file descriptor
07-01 20:38:22.096  3087  3120 E         : invalid gralloc handle (at 0x7f982ab380)
07-01 20:38:22.096  3087  3120 E         : Runtime and build version of gralloc private structure does not match. Errors will likely follow.
07-01 20:38:22.111  2919  2919 W display : release fence dup failed: Bad file descriptor
07-01 20:38:22.130  3087  3120 E         : invalid gralloc handle (at 0x7f982ab400)
07-01 20:38:22.130  3087  3120 E         : Runtime and build version of gralloc private structure does not match. Errors will likely follow.
07-01 20:38:22.145  2919  2919 W display : release fence dup failed: Bad file descriptor
07-01 20:38:22.163  3087  3120 E         : invalid gralloc handle (at 0x7f982ab300)
07-01 20:38:22.163  3087  3120 E         : Runtime and build version of gralloc private structure does not match. Errors will likely follow.
07-01 20:38:22.179  2919  2919 W display : release fence dup failed: Bad file descriptor
07-01 20:38:22.197  3087  3120 E         : invalid gralloc handle (at 0x7f982ab380)
07-01 20:38:22.197  3087  3120 E         : Runtime and build version of gralloc private structure does not match. Errors will likely follow.
07-01 20:38:22.213  2919  2919 W display : release fence dup failed: Bad file descriptor
07-01 20:38:22.230  3087  3120 E         : invalid gralloc handle (at 0x7f982ab400)
07-01 20:38:22.230  3087  3120 E         : Runtime and build version of gralloc private structure does not match. Errors will likely follow.
07-01 20:38:22.247  2919  2919 W display : release fence dup failed: Bad file descriptor
07-01 20:38:22.264  3087  3120 E         : invalid gralloc handle (at 0x7f982ab300)
07-01 20:38:22.264  3087  3120 E         : Runtime and build version of gralloc private structure does not match. Errors will likely follow.
07-01 20:38:22.281  2919  2919 W display : release fence dup failed: Bad file descriptor
07-01 20:38:22.297  3087  3120 E         : invalid gralloc handle (at 0x7f982ab380)
07-01 20:38:22.297  3087  3120 E         : Runtime and build version of gralloc private structure does not match. Errors will likely follow.
07-01 20:38:22.315  2919  2919 W display : release fence dup failed: Bad file descriptor
07-01 20:38:22.330  3087  3120 E         : invalid gralloc handle (at 0x7f982ab400)
07-01 20:38:22.330  3087  3120 E         : Runtime and build version of gralloc private structure does not match. Errors will likely follow.
07-01 20:38:22.349  2919  2919 W display : release fence dup failed: Bad file descriptor
07-01 20:38:22.364  3087  3120 E         : invalid gralloc handle (at 0x7f982ab300)
07-01 20:38:22.364  3087  3120 E         : Runtime and build version of gralloc private structure does not match. Errors will likely follow.
07-01 20:38:22.383  2919  2919 W display : release fence dup failed: Bad file descriptor
07-01 20:38:22.397  3087  3120 E         : invalid gralloc handle (at 0x7f982ab380)
07-01 20:38:22.398  3087  3120 E         : Runtime and build version of gralloc private structure does not match. Errors will likely follow.
07-01 20:38:22.416  2919  2919 W display : release fence dup failed: Bad file descriptor
07-01 20:38:22.431  3087  3120 E         : invalid gralloc handle (at 0x7f982ab400)
07-01 20:38:22.431  3087  3120 E         : Runtime and build version of gralloc private structure does not match. Errors will likely follow.
07-01 20:38:22.433  2919  2919 W display : release fence dup failed: Bad file descriptor
07-01 20:38:22.464  3087  3120 E         : invalid gralloc handle (at 0x7f982ab300)
07-01 20:38:22.464  3087  3120 E         : Runtime and build version of gralloc private structure does not match. Errors will likely follow.
07-01 20:38:22.467  2919  2919 W display : release fence dup failed: Bad file descriptor
07-01 20:38:22.498  3087  3120 E         : invalid gralloc handle (at 0x7f982ab380)
07-01 20:38:22.498  3087  3120 E         : Runtime and build version of gralloc private structure does not match. Errors will likely follow.
07-01 20:38:22.501  2919  2919 W display : release fence dup failed: Bad file descriptor
07-01 20:38:22.531  3087  3120 E         : invalid gralloc handle (at 0x7f982ab400)
07-01 20:38:22.531  3087  3120 E         : Runtime and build version of gralloc private structure does not match. Errors will likely follow.
07-01 20:38:22.535  2919  2919 W display : release fence dup failed: Bad file descriptor
07-01 20:38:22.565  3087  3120 E         : invalid gralloc handle (at 0x7f982ab300)
07-01 20:38:22.565  3087  3120 E         : Runtime and build version of gralloc private structure does not match. Errors will likely follow.
07-01 20:38:22.569  2919  2919 W display : release fence dup failed: Bad file descriptor
07-01 20:38:22.598  3087  3120 E         : invalid gralloc handle (at 0x7f982ab380)
07-01 20:38:22.598  3087  3120 E         : Runtime and build version of gralloc private structure does not match. Errors will likely follow.
07-01 20:38:22.603  2919  2919 W display : release fence dup failed: Bad file descriptor
07-01 20:38:22.632  3087  3120 E         : invalid gralloc handle (at 0x7f982ab400)
07-01 20:38:22.632  3087  3120 E         : Runtime and build version of gralloc private structure does not match. Errors will likely follow.
07-01 20:38:22.637  2919  2919 W display : release fence dup failed: Bad file descriptor
07-01 20:38:22.665  3087  3120 E         : invalid gralloc handle (at 0x7f982ab300)
07-01 20:38:22.665  3087  3120 E         : Runtime and build version of gralloc private structure does not match. Errors will likely follow.
07-01 20:38:22.671  2919  2919 W display : release fence dup failed: Bad file descriptor
07-01 20:38:22.690  3722  3722 E art     : DexFile_getDexOptNeeded file '/system/framework/org.apache.http.legacy.jar' does not exist
07-01 20:38:22.690  3722  3722 W PackageManager: Library not found: /system/framework/org.apache.http.legacy.jar
07-01 20:38:22.690  3722  3722 E art     : DexFile_getDexOptNeeded file '/system/framework/com.android.nfc_extras.jar' does not exist
07-01 20:38:22.690  3722  3722 W PackageManager: Library not found: /system/framework/com.android.nfc_extras.jar
07-01 20:38:22.699  3087  3120 E         : invalid gralloc handle (at 0x7f982ab380)
07-01 20:38:22.699  3087  3120 E         : Runtime and build version of gralloc private structure does not match. Errors will likely follow.
07-01 20:38:22.705  2919  2919 W display : release fence dup failed: Bad file descriptor
07-01 20:38:22.707  3793  3793 I dex2oat : /system/bin/dex2oat --compiler-filter=verify-at-runtime
07-01 20:38:22.730  3793  3793 I dex2oat : dex2oat took 23.660ms (threads: 8) arena alloc=288B java alloc=144KB native alloc=1180KB free=1379KB
07-01 20:38:22.733  3087  3120 E         : invalid gralloc handle (at 0x7f982ab400)
07-01 20:38:22.733  3087  3120 E         : Runtime and build version of gralloc private structure does not match. Errors will likely follow.
07-01 20:38:22.738  2919  2919 W display : release fence dup failed: Bad file descriptor
07-01 20:38:22.748  3802  3802 I dex2oat : /system/bin/dex2oat --compiler-filter=verify-at-runtime
07-01 20:38:22.766  3087  3120 E         : invalid gralloc handle (at 0x7f982ab300)
07-01 20:38:22.766  3802  3802 I dex2oat : dex2oat took 18.016ms (threads: 8) arena alloc=0B java alloc=23KB native alloc=814KB free=977KB
07-01 20:38:22.766  3087  3120 E         : Runtime and build version of gralloc private structure does not match. Errors will likely follow.
07-01 20:38:22.772  2919  2919 W display : release fence dup failed: Bad file descriptor
07-01 20:38:22.784  3811  3811 I dex2oat : /system/bin/dex2oat --compiler-filter=verify-at-runtime
07-01 20:38:22.799  3087  3120 E         : invalid gralloc handle (at 0x7f982ab380)
07-01 20:38:22.800  3087  3120 E         : Runtime and build version of gralloc private structure does not match. Errors will likely follow.
07-01 20:38:22.806  2919  2919 W display : release fence dup failed: Bad file descriptor
07-01 20:38:22.812  3811  3811 I dex2oat : dex2oat took 28.172ms (threads: 8) arena alloc=0B java alloc=99KB native alloc=785KB free=1006KB
07-01 20:38:22.830  3820  3820 I dex2oat : /system/bin/dex2oat --compiler-filter=verify-at-runtime
07-01 20:38:22.833  3087  3120 E         : invalid gralloc handle (at 0x7f982ab400)
07-01 20:38:22.833  3087  3120 E         : Runtime and build version of gralloc private structure does not match. Errors will likely follow.
07-01 20:38:22.840  2919  2919 W display : release fence dup failed: Bad file descriptor
07-01 20:38:22.864  3820  3820 I dex2oat : dex2oat took 33.888ms (threads: 8) arena alloc=0B java alloc=335KB native alloc=606KB free=1697KB
07-01 20:38:22.867  3087  3120 E         : invalid gralloc handle (at 0x7f982ab300)
07-01 20:38:22.867  3087  3120 E         : Runtime and build version of gralloc private structure does not match. Errors will likely follow.
07-01 20:38:22.867  3722  3722 E art     : DexFile_getDexOptNeeded file '/system/framework/org.apache.http.legacy.jar' does not exist
07-01 20:38:22.867  3722  3722 W PackageManager: Library not found: /system/framework/org.apache.http.legacy.jar
07-01 20:38:22.867  3722  3722 E art     : DexFile_getDexOptNeeded file '/system/framework/com.android.nfc_extras.jar' does not exist
07-01 20:38:22.867  3722  3722 W PackageManager: Library not found: /system/framework/com.android.nfc_extras.jar
07-01 20:38:22.874  2919  2919 W display : release fence dup failed: Bad file descriptor
07-01 20:38:22.883  3829  3829 I dex2oat : /system/bin/dex2oat --compiler-filter=verify-at-runtime
07-01 20:38:22.900  3087  3120 E         : invalid gralloc handle (at 0x7f982ab380)
07-01 20:38:22.900  3087  3120 E         : Runtime and build version of gralloc private structure does not match. Errors will likely follow.
07-01 20:38:22.901  3829  3829 I dex2oat : dex2oat took 18.311ms (threads: 8) arena alloc=608B java alloc=37KB native alloc=912KB free=879KB
07-01 20:38:22.908  2919  2919 W display : release fence dup failed: Bad file descriptor
07-01 20:38:22.919  3838  3838 I dex2oat : /system/bin/dex2oat --compiler-filter=verify-at-runtime
07-01 20:38:22.934  3087  3120 E         : invalid gralloc handle (at 0x7f982ab400)
07-01 20:38:22.934  3087  3120 E         : Runtime and build version of gralloc private structure does not match. Errors will likely follow.
07-01 20:38:22.936  3838  3838 I dex2oat : dex2oat took 17.822ms (threads: 8) arena alloc=0B java alloc=31KB native alloc=791KB free=744KB
07-01 20:38:22.942  2919  2919 W display : release fence dup failed: Bad file descriptor
07-01 20:38:22.962  3847  3847 I dex2oat : /system/bin/dex2oat --compiler-filter=verify-at-runtime
07-01 20:38:22.967  3087  3120 E         : invalid gralloc handle (at 0x7f982ab300)
07-01 20:38:22.967  3087  3120 E         : Runtime and build version of gralloc private structure does not match. Errors will likely follow.
07-01 20:38:22.976  2919  2919 W display : release fence dup failed: Bad file descriptor
07-01 20:38:22.981  3847  3847 I dex2oat : dex2oat took 19.703ms (threads: 8) arena alloc=832B java alloc=70KB native alloc=1069KB free=978KB
07-01 20:38:22.999  3856  3856 I dex2oat : /system/bin/dex2oat --compiler-filter=verify-at-runtime
07-01 20:38:23.000  3087  3120 E         : invalid gralloc handle (at 0x7f982ab380)
07-01 20:38:23.000  3087  3120 E         : Runtime and build version of gralloc private structure does not match. Errors will likely follow.
07-01 20:38:23.010  2919  2919 W display : release fence dup failed: Bad file descriptor
07-01 20:38:23.018  3856  3856 I dex2oat : dex2oat took 18.574ms (threads: 8) arena alloc=0B java alloc=19KB native alloc=784KB free=751KB
07-01 20:38:23.034  3087  3120 E         : invalid gralloc handle (at 0x7f982ab400)
07-01 20:38:23.034  3087  3120 E         : Runtime and build version of gralloc private structure does not match. Errors will likely follow.
07-01 20:38:23.036  3865  3865 I dex2oat : /system/bin/dex2oat --compiler-filter=verify-at-runtime
07-01 20:38:23.044  2919  2919 W display : release fence dup failed: Bad file descriptor
07-01 20:38:23.052  3865  3865 I dex2oat : dex2oat took 16.422ms (threads: 8) arena alloc=0B java alloc=36KB native alloc=819KB free=972KB
07-01 20:38:23.068  3087  3120 E         : invalid gralloc handle (at 0x7f982ab300)
07-01 20:38:23.068  3087  3120 E         : Runtime and build version of gralloc private structure does not match. Errors will likely follow.
07-01 20:38:23.070  3874  3874 I dex2oat : /system/bin/dex2oat --compiler-filter=verify-at-runtime
07-01 20:38:23.077  2919  2919 W display : release fence dup failed: Bad file descriptor
07-01 20:38:23.088  3874  3874 I dex2oat : dex2oat took 18.452ms (threads: 8) arena alloc=432B java alloc=33KB native alloc=912KB free=879KB
07-01 20:38:23.100  3087  3120 E         : invalid gralloc handle (at 0x7f982ab380)
07-01 20:38:23.101  3087  3120 E         : Runtime and build version of gralloc private structure does not match. Errors will likely follow.
07-01 20:38:23.106  3883  3883 I dex2oat : /system/bin/dex2oat --compiler-filter=verify-at-runtime
07-01 20:38:23.111  2919  2919 W display : release fence dup failed: Bad file descriptor
07-01 20:38:23.124  3883  3883 I dex2oat : dex2oat took 18.121ms (threads: 8) arena alloc=0B java alloc=25KB native alloc=813KB free=722KB
07-01 20:38:23.134  3087  3120 E         : invalid gralloc handle (at 0x7f982ab400)
07-01 20:38:23.134  3087  3120 E         : Runtime and build version of gralloc private structure does not match. Errors will likely follow.
07-01 20:38:23.142  3892  3892 I dex2oat : /system/bin/dex2oat --compiler-filter=verify-at-runtime
07-01 20:38:23.145  2919  2919 W display : release fence dup failed: Bad file descriptor
07-01 20:38:23.160  3892  3892 I dex2oat : dex2oat took 18.516ms (threads: 8) arena alloc=0B java alloc=57KB native alloc=784KB free=1007KB
07-01 20:38:23.168  3087  3120 E         : invalid gralloc handle (at 0x7f982ab300)
07-01 20:38:23.168  3087  3120 E         : Runtime and build version of gralloc private structure does not match. Errors will likely follow.
07-01 20:38:23.178  3901  3901 I dex2oat : /system/bin/dex2oat --compiler-filter=verify-at-runtime
07-01 20:38:23.179  2919  2919 W display : release fence dup failed: Bad file descriptor
07-01 20:38:23.196  3901  3901 I dex2oat : dex2oat took 18.590ms (threads: 8) arena alloc=0B java alloc=22KB native alloc=818KB free=717KB
07-01 20:38:23.201  3087  3120 E         : invalid gralloc handle (at 0x7f982ab380)
07-01 20:38:23.201  3087  3120 E         : Runtime and build version of gralloc private structure does not match. Errors will likely follow.
07-01 20:38:23.213  2919  2919 W display : release fence dup failed: Bad file descriptor
07-01 20:38:23.215  3910  3910 I dex2oat : /system/bin/dex2oat --compiler-filter=verify-at-runtime
07-01 20:38:23.234  3910  3910 I dex2oat : dex2oat took 19.184ms (threads: 8) arena alloc=0B java alloc=41KB native alloc=864KB free=1183KB
07-01 20:38:23.235  3087  3120 E         : invalid gralloc handle (at 0x7f982ab400)
07-01 20:38:23.235  3087  3120 E         : Runtime and build version of gralloc private structure does not match. Errors will likely follow.
07-01 20:38:23.247  2919  2919 W display : release fence dup failed: Bad file descriptor
07-01 20:38:23.252  3919  3919 I dex2oat : /system/bin/dex2oat --compiler-filter=verify-at-runtime
07-01 20:38:23.268  3087  3120 E         : invalid gralloc handle (at 0x7f982ab300)
07-01 20:38:23.268  3087  3120 E         : Runtime and build version of gralloc private structure does not match. Errors will likely follow.
07-01 20:38:23.269  3919  3919 I dex2oat : dex2oat took 17.668ms (threads: 8) arena alloc=0B java alloc=25KB native alloc=818KB free=717KB
07-01 20:38:23.281  2919  2919 W display : release fence dup failed: Bad file descriptor
07-01 20:38:23.287  3928  3928 I dex2oat : /system/bin/dex2oat --compiler-filter=verify-at-runtime
07-01 20:38:23.301  3087  3120 E         : invalid gralloc handle (at 0x7f982ab380)
07-01 20:38:23.301  3087  3120 E         : Runtime and build version of gralloc private structure does not match. Errors will likely follow.
07-01 20:38:23.305  3928  3928 I dex2oat : dex2oat took 18.420ms (threads: 8) arena alloc=0B java alloc=20KB native alloc=784KB free=751KB
07-01 20:38:23.315  2919  2919 W display : release fence dup failed: Bad file descriptor
07-01 20:38:23.323  3937  3937 I dex2oat : /system/bin/dex2oat --compiler-filter=verify-at-runtime
07-01 20:38:23.335  3087  3120 E         : invalid gralloc handle (at 0x7f982ab400)
07-01 20:38:23.335  3087  3120 E         : Runtime and build version of gralloc private structure does not match. Errors will likely follow.
07-01 20:38:23.341  3937  3937 I dex2oat : dex2oat took 18.511ms (threads: 8) arena alloc=1200B java alloc=33KB native alloc=972KB free=819KB
07-01 20:38:23.352  2919  2919 W display : release fence dup failed: Bad file descriptor
07-01 20:38:23.360  3946  3946 I dex2oat : /system/bin/dex2oat --compiler-filter=verify-at-runtime
07-01 20:38:23.368  3087  3120 E         : invalid gralloc handle (at 0x7f982ab300)
07-01 20:38:23.368  3087  3120 E         : Runtime and build version of gralloc private structure does not match. Errors will likely follow.
07-01 20:38:23.383  2919  2919 W display : release fence dup failed: Bad file descriptor
07-01 20:38:23.402  3087  3120 E         : invalid gralloc handle (at 0x7f982ab380)
07-01 20:38:23.402  3087  3120 E         : Runtime and build version of gralloc private structure does not match. Errors will likely follow.
07-01 20:38:23.405  3946  3946 I dex2oat : dex2oat took 45.186ms (threads: 8) arena alloc=608B java alloc=197KB native alloc=968KB free=1079KB
07-01 20:38:23.416  2919  2919 W display : release fence dup failed: Bad file descriptor
07-01 20:38:23.423  3956  3956 I dex2oat : /system/bin/dex2oat --compiler-filter=verify-at-runtime
07-01 20:38:23.435  3087  3120 E         : invalid gralloc handle (at 0x7f982ab400)
07-01 20:38:23.435  3087  3120 E         : Runtime and build version of gralloc private structure does not match. Errors will likely follow.
07-01 20:38:23.444  3956  3956 I dex2oat : dex2oat took 21.020ms (threads: 8) arena alloc=144B java alloc=73KB native alloc=937KB free=1110KB
07-01 20:38:23.450  2919  2919 W display : release fence dup failed: Bad file descriptor
07-01 20:38:23.462  3965  3965 I dex2oat : /system/bin/dex2oat --compiler-filter=verify-at-runtime
07-01 20:38:23.469  3087  3120 E         : invalid gralloc handle (at 0x7f982ab300)
07-01 20:38:23.469  3087  3120 E         : Runtime and build version of gralloc private structure does not match. Errors will likely follow.
07-01 20:38:23.480  3965  3965 I dex2oat : dex2oat took 18.100ms (threads: 8) arena alloc=0B java alloc=22KB native alloc=784KB free=751KB
07-01 20:38:23.484  2919  2919 W display : release fence dup failed: Bad file descriptor
07-01 20:38:23.499  3974  3974 I dex2oat : /system/bin/dex2oat --compiler-filter=verify-at-runtime
07-01 20:38:23.502  3087  3120 E         : invalid gralloc handle (at 0x7f982ab380)
07-01 20:38:23.502  3087  3120 E         : Runtime and build version of gralloc private structure does not match. Errors will likely follow.
07-01 20:38:23.518  2919  2919 W display : release fence dup failed: Bad file descriptor
07-01 20:38:23.536  3087  3120 E         : invalid gralloc handle (at 0x7f982ab400)
07-01 20:38:23.536  3087  3120 E         : Runtime and build version of gralloc private structure does not match. Errors will likely follow.
07-01 20:38:23.550  3974  3974 I dex2oat : dex2oat took 51.272ms (threads: 8) arena alloc=144B java alloc=701KB native alloc=935KB free=1880KB
07-01 20:38:23.552  2919  2919 W display : release fence dup failed: Bad file descriptor
