07-01 07:37:36.813  2917  2917 E display : [PrimaryDisplay] framebuffer target expected, but not provided
07-01 07:37:36.828  2917  2917 E display : VPP should be assigned to FramebufferTarget but it was failed ret(0)
07-01 07:37:36.830  2917  2917 E display : [PrimaryDisplay] framebuffer target expected, but not provided
07-01 07:37:36.861  2917  2917 E display : VPP should be assigned to FramebufferTarget but it was failed ret(0)
07-01 07:37:36.863  2917  2917 E display : [PrimaryDisplay] framebuffer target expected, but not provided
07-01 07:37:36.895  2917  2917 E display : VPP should be assigned to FramebufferTarget but it was failed ret(0)
07-01 07:37:36.897  2917  2917 E display : [PrimaryDisplay] framebuffer target expected, but not provided
07-01 07:37:36.929  2917  2917 E display : VPP should be assigned to FramebufferTarget but it was failed ret(0)
07-01 07:37:36.931  2917  2917 E display : [PrimaryDisplay] framebuffer target expected, but not provided
07-01 07:37:36.963  2917  2917 E display : VPP should be assigned to FramebufferTarget but it was failed ret(0)
07-01 07:37:36.965  2917  2917 E display : [PrimaryDisplay] framebuffer target expected, but not provided
07-01 07:37:36.997  2917  2917 E display : VPP should be assigned to FramebufferTarget but it was failed ret(0)
07-01 07:37:36.999  2917  2917 E display : [PrimaryDisplay] framebuffer target expected, but not provided
07-01 07:37:37.031  2917  2917 E display : VPP should be assigned to FramebufferTarget but it was failed ret(0)
07-01 07:37:37.033  2917  2917 E display : [PrimaryDisplay] framebuffer target expected, but not provided
07-01 07:37:37.065  2917  2917 E display : VPP should be assigned to FramebufferTarget but it was failed ret(0)
07-01 07:37:37.067  2917  2917 E display : [PrimaryDisplay] framebuffer target expected, but not provided
07-01 07:37:37.099  2917  2917 E display : VPP should be assigned to FramebufferTarget but it was failed ret(0)
07-01 07:37:37.101  2917  2917 E display : [PrimaryDisplay] framebuffer target expected, but not provided
07-01 07:37:37.133  2917  2917 E display : VPP should be assigned to FramebufferTarget but it was failed ret(0)
07-01 07:37:37.135  2917  2917 E display : [PrimaryDisplay] framebuffer target expected, but not provided
07-01 07:37:37.167  2917  2917 E display : VPP should be assigned to FramebufferTarget but it was failed ret(0)
07-01 07:37:37.169  2917  2917 E display : [PrimaryDisplay] framebuffer target expected, but not provided
07-01 07:37:37.201  2917  2917 E display : VPP should be assigned to FramebufferTarget but it was failed ret(0)
07-01 07:37:37.203  2917  2917 E display : [PrimaryDisplay] framebuffer target expected, but not provided
07-01 07:37:37.234  2917  2917 E display : VPP should be assigned to FramebufferTarget but it was failed ret(0)
07-01 07:37:37.236  2917  2917 E display : [PrimaryDisplay] framebuffer target expected, but not provided
07-01 07:37:37.268  2917  2917 E display : VPP should be assigned to FramebufferTarget but it was failed ret(0)
07-01 07:37:37.270  2917  2917 E display : [PrimaryDisplay] framebuffer target expected, but not provided
07-01 07:37:37.302  2917  2917 E display : VPP should be assigned to FramebufferTarget but it was failed ret(0)
07-01 07:37:37.304  2917  2917 E display : [PrimaryDisplay] framebuffer target expected, but not provided
07-01 07:37:37.336  2917  2917 E display : VPP should be assigned to FramebufferTarget but it was failed ret(0)
07-01 07:37:37.336  3408  3408 I PackageManager: SELinux relabeling of com.android.messaging issued.
07-01 07:37:37.338  2917  2917 E display : [PrimaryDisplay] framebuffer target expected, but not provided
07-01 07:37:37.363  3408  3408 I PackageManager: SELinux relabeling of com.android.frameworks.telresources issued.
07-01 07:37:37.370  2917  2917 E display : VPP should be assigned to FramebufferTarget but it was failed ret(0)
07-01 07:37:37.372  2917  2917 E display : [PrimaryDisplay] framebuffer target expected, but not provided
07-01 07:37:37.404  2917  2917 E display : VPP should be assigned to FramebufferTarget but it was failed ret(0)
07-01 07:37:37.406  2917  2917 E display : [PrimaryDisplay] framebuffer target expected, but not provided
07-01 07:37:37.438  2917  2917 E display : VPP should be assigned to FramebufferTarget but it was failed ret(0)
07-01 07:37:37.440  2917  2917 E display : [PrimaryDisplay] framebuffer target expected, but not provided
07-01 07:37:37.450  3408  3408 I PackageManager: SELinux relabeling of com.android.webview issued.
07-01 07:37:37.453  3408  3408 D PackageManager: No files in app dir /system/vendor/app
07-01 07:37:37.453  3408  3408 D PackageManager: No files in app dir /oem/app
07-01 07:37:37.453  3408  3408 D PackageManager: No files in app dir /vendor/bundled-app
07-01 07:37:37.458  3408  3408 W PackageManager: Failed to parse /data/app/mcRegistry: Missing base APK in /data/app/mcRegistry
07-01 07:37:37.458  3408  3408 D PackageManager: No files in app dir /data/app-private
07-01 07:37:37.458  3408  3408 E PackageManager: updateAllSharedLibrariesLPw failed: Package com.android.dialer requires unavailable shared library com.qualcomm.qti.smartsearch; failing!
07-01 07:37:37.458  3408  3408 W PackageManager: Package com.android.gallery3d desires unavailable shared library com.google.android.media.effects; ignoring!
07-01 07:37:37.458  3408  3408 W PackageManager: Package com.android.gallery3d desires unavailable shared library com.google.android.media.effects; ignoring!
07-01 07:37:37.459  3408  3408 I PackageManager: Adjusting ABI for : org.cyanogenmod.cmsettings to arm64-v8a
07-01 07:37:37.459  3408  3408 I PackageManager: Adjusting ABI for : org.cyanogenmod.providers.datausage to arm64-v8a
07-01 07:37:37.459  3408  3408 I PackageManager: Adjusting ABI for : com.android.settings to arm64-v8a
07-01 07:37:37.459  3408  3408 I PackageManager: Adjusting ABI for : com.android.providers.settings to arm64-v8a
07-01 07:37:37.460  3408  3408 I PackageManager: Adjusting ABI for : cyanogenmod.platform to arm64-v8a
07-01 07:37:37.460  2940  2940 E installd: invalid apk path '/system/framework/org.cyanogenmod.platform-res.apk' (bad prefix)
07-01 07:37:37.460  3408  3408 I PackageManager: Adjusting ABI for : com.android.keychain to arm64-v8a
07-01 07:37:37.460  3408  3408 I PackageManager: Adjusting ABI for : com.cyanogenmod.setupwizard to arm64-v8a
07-01 07:37:37.460  3408  3408 I PackageManager: Adjusting ABI for : com.android.development to arm64-v8a
07-01 07:37:37.461  3408  3408 I PackageManager: Adjusting ABI for : com.android.server.telecom to arm64-v8a
07-01 07:37:37.461  3408  3408 I PackageManager: Adjusting ABI for : com.android.location.fused to arm64-v8a
07-01 07:37:37.461  3408  3408 I PackageManager: Adjusting ABI for : com.android.inputdevices to arm64-v8a
07-01 07:37:37.462  3408  3408 I PackageManager: Time to scan packages: 10.194 seconds
07-01 07:37:37.463  3408  3408 W PackageManager: Unknown permission com.google.android.googleapps.permission.GOOGLE_AUTH in package com.android.providers.calendar
07-01 07:37:37.463  3408  3408 W PackageManager: Unknown permission com.google.android.googleapps.permission.GOOGLE_AUTH.cl in package com.android.providers.calendar
07-01 07:37:37.463  3408  3408 W PackageManager: Not granting permission android.permission.REAL_GET_TASKS to package org.cyanogenmod.wallpapers.photophase (protectionLevel=18 flags=0x3818be45)
07-01 07:37:37.464  3408  3408 W PackageManager: Unknown permission com.cyanogen.ambient.permission.BIND_CALLER_INFO in package com.android.messaging
07-01 07:37:37.464  3408  3408 W PackageManager: Not granting permission android.permission.ACCESS_DOWNLOAD_MANAGER to package com.android.browser (protectionLevel=18 flags=0x3849be45)
07-01 07:37:37.464  3408  3408 W PackageManager: Not granting permission android.permission.SEND_DOWNLOAD_COMPLETED_INTENTS to package com.android.browser (protectionLevel=2 flags=0x3849be45)
07-01 07:37:37.465  3408  3408 W PackageManager: Unknown permission com.cyngn.stats.SEND_ANALYTICS in package com.cyanogenmod.setupwizard
07-01 07:37:37.465  3408  3408 W PackageManager: Unknown permission com.cyanogen.permission.REQUEST_KILL_SWITCH_OP in package com.cyanogenmod.setupwizard
07-01 07:37:37.466  3408  3408 W PackageManager: Unknown permission com.cyanogen.ambient.permission.BIND_INCALL_SERVICE in package com.android.contacts
07-01 07:37:37.466  3408  3408 W PackageManager: Unknown permission com.cyanogen.ambient.permission.PLUGIN_STATUS_CHANGED in package com.android.contacts
07-01 07:37:37.466  3408  3408 W PackageManager: Unknown permission com.cyanogen.ambient.permission.BIND_CALLER_INFO in package com.android.contacts
07-01 07:37:37.467  3408  3408 W PackageManager: Unknown permission com.google.android.googleapps.permission.GOOGLE_AUTH.mail in package com.android.calendar
07-01 07:37:37.468  3408  3408 W PackageManager: Unknown permission com.android.launcher.permission.READ_SETTINGS in package com.android.onetimeinitializer
07-01 07:37:37.468  3408  3408 W PackageManager: Unknown permission com.android.launcher.permission.WRITE_SETTINGS in package com.android.onetimeinitializer
07-01 07:37:37.469  3408  3408 W PackageManager: Unknown permission com.cyanogen.ambient.permission.BIND_INCALL_SERVICE in package com.android.dialer
07-01 07:37:37.469  3408  3408 W PackageManager: Unknown permission com.cyanogen.ambient.permission.PLUGIN_STATUS_CHANGED in package com.android.dialer
07-01 07:37:37.469  3408  3408 W PackageManager: Unknown permission com.cyanogen.ambient.permission.PUBLISH_DISCOVERY_NUDGE in package com.android.dialer
07-01 07:37:37.469  3408  3408 W PackageManager: Unknown permission com.cyanogen.ambient.permission.BIND_DEEPLINK_SERVICE in package com.android.dialer
07-01 07:37:37.469  3408  3408 W PackageManager: Unknown permission com.cyanogen.ambient.permission.READ_DEEPLINK_DATABASE in package com.android.dialer
07-01 07:37:37.469  3408  3408 W PackageManager: Unknown permission com.cyanogen.ambient.permission.BIND_CALLER_INFO in package com.android.dialer
07-01 07:37:37.470  3408  3408 W PackageManager: Unknown permission com.android.launcher.permission.READ_SETTINGS in package com.cyanogenmod.trebuchet
07-01 07:37:37.470  3408  3408 W PackageManager: Unknown permission com.android.launcher.permission.WRITE_SETTINGS in package com.cyanogenmod.trebuchet
07-01 07:37:37.470  3408  3408 W PackageManager: Unknown permission com.cyngn.stats.SEND_ANALYTICS in package com.cyanogenmod.trebuchet
07-01 07:37:37.470  3408  3408 W PackageManager: Unknown permission android.permission.CANCEL_NOTIFICATIONS in package org.cyanogenmod.theme.chooser
07-01 07:37:37.470  3408  3408 W PackageManager: Unknown permission com.google.android.permission.INSTALL_WEARABLE_PACKAGES in package com.android.packageinstaller
07-01 07:37:37.470  3408  3408 W PackageManager: Not granting permission android.permission.DELETE_PACKAGES to package com.svox.pico (protectionLevel=18 flags=0x3808be45)
07-01 07:37:37.471  3408  3408 W PackageManager: Unknown permission android.permission.ACCESS_SUPERUSER in package com.cyanogenmod.filemanager
07-01 07:37:37.471  3408  3408 W PackageManager: Unknown permission com.cyanogenmod.filemanager.permissions.READ_THEME in package com.cyanogenmod.filemanager
07-01 07:37:37.471  3408  3408 W PackageManager: Unknown permission com.google.android.gallery3d.permission.PICASA_STORE in package com.android.dreams.phototable
07-01 07:37:37.472  2917  2917 E display : VPP should be assigned to FramebufferTarget but it was failed ret(0)
07-01 07:37:37.472  3408  3408 W PackageManager: Unknown permission com.google.android.googleapps.permission.GOOGLE_AUTH in package com.android.settings
07-01 07:37:37.472  3408  3408 W PackageManager: Unknown permission com.android.launcher.permission.READ_SETTINGS in package com.android.settings
07-01 07:37:37.472  3408  3408 W PackageManager: Unknown permission com.android.launcher.permission.WRITE_SETTINGS in package com.android.settings
07-01 07:37:37.473  3408  3408 W PackageManager: Not granting permission android.permission.REAL_GET_TASKS to package com.cyanogenmod.eleven (protectionLevel=18 flags=0x3818be65)
07-01 07:37:37.474  2917  2917 E display : [PrimaryDisplay] framebuffer target expected, but not provided
07-01 07:37:37.478  3408  3408 W PackageManager: Unknown permission com.google.android.gallery3d.permission.GALLERY_PROVIDER in package com.android.bluetooth
07-01 07:37:37.478  3408  3408 W PackageManager: Unknown permission com.google.android.googleapps.permission.ACCESS_GOOGLE_PASSWORD in package com.android.development
07-01 07:37:37.478  3408  3408 W PackageManager: Unknown permission com.google.android.googleapps.permission.GOOGLE_AUTH in package com.android.development
07-01 07:37:37.478  3408  3408 W PackageManager: Unknown permission com.google.android.googleapps.permission.GOOGLE_AUTH.ALL_SERVICES in package com.android.development
07-01 07:37:37.478  3408  3408 W PackageManager: Unknown permission com.google.android.googleapps.permission.GOOGLE_AUTH.YouTubeUser in package com.android.development
07-01 07:37:37.480  3408  3408 V PackageManager: Disabling com.google.android.gsf/com.google.android.gsf.update.SystemUpdateActivity
07-01 07:37:37.480  3408  3408 W PackageManager: Unable to disable com.google.android.gsf/com.google.android.gsf.update.SystemUpdateActivity
07-01 07:37:37.480  3408  3408 V PackageManager: Disabling com.google.android.gsf/com.google.android.gsf.update.SystemUpdateService$Receiver
07-01 07:37:37.480  3408  3408 W PackageManager: Unable to disable com.google.android.gsf/com.google.android.gsf.update.SystemUpdateService$Receiver
07-01 07:37:37.480  3408  3408 V PackageManager: Disabling com.google.android.gsf/com.google.android.gsf.update.SystemUpdateService$SecretCodeReceiver
07-01 07:37:37.480  3408  3408 W PackageManager: Unable to disable com.google.android.gsf/com.google.android.gsf.update.SystemUpdateService$SecretCodeReceiver
07-01 07:37:37.480  3408  3408 V PackageManager: Disabling com.google.android.gms/com.google.android.gms.update.SystemUpdateActivity
07-01 07:37:37.480  3408  3408 W PackageManager: Unable to disable com.google.android.gms/com.google.android.gms.update.SystemUpdateActivity
07-01 07:37:37.480  3408  3408 V PackageManager: Disabling com.google.android.gms/com.google.android.gms.update.SystemUpdateService$Receiver
07-01 07:37:37.480  3408  3408 W PackageManager: Unable to disable com.google.android.gms/com.google.android.gms.update.SystemUpdateService$Receiver
07-01 07:37:37.480  3408  3408 V PackageManager: Disabling com.google.android.gms/com.google.android.gms.update.SystemUpdateService$ActiveReceiver
07-01 07:37:37.480  3408  3408 W PackageManager: Unable to disable com.google.android.gms/com.google.android.gms.update.SystemUpdateService$ActiveReceiver
07-01 07:37:37.480  3408  3408 V PackageManager: Disabling com.google.android.gms/com.google.android.gms.update.SystemUpdateService$SecretCodeReceiver
07-01 07:37:37.480  3408  3408 W PackageManager: Unable to disable com.google.android.gms/com.google.android.gms.update.SystemUpdateService$SecretCodeReceiver
07-01 07:37:37.480  3408  3408 V PackageManager: Enabling com.google.android.gsf/com.google.android.gsf.update.SystemUpdateService
07-01 07:37:37.480  3408  3408 W PackageManager: Unable to enable com.google.android.gsf/com.google.android.gsf.update.SystemUpdateService
07-01 07:37:37.480  3408  3408 V PackageManager: Enabling com.google.android.gms/com.google.android.gms.update.SystemUpdateService
07-01 07:37:37.480  3408  3408 W PackageManager: Unable to enable com.google.android.gms/com.google.android.gms.update.SystemUpdateService
07-01 07:37:37.480  3408  3408 I PackageManager: Build fingerprint or displayversion changed; clearing code caches
07-01 07:37:37.506  2917  2917 E display : VPP should be assigned to FramebufferTarget but it was failed ret(0)
07-01 07:37:37.508  2917  2917 E display : [PrimaryDisplay] framebuffer target expected, but not provided
07-01 07:37:37.539  2917  2917 E display : VPP should be assigned to FramebufferTarget but it was failed ret(0)
07-01 07:37:37.541  2917  2917 E display : [PrimaryDisplay] framebuffer target expected, but not provided
07-01 07:37:37.573  2917  2917 E display : VPP should be assigned to FramebufferTarget but it was failed ret(0)
07-01 07:37:37.575  2917  2917 E display : [PrimaryDisplay] framebuffer target expected, but not provided
07-01 07:37:37.607  2917  2917 E display : VPP should be assigned to FramebufferTarget but it was failed ret(0)
07-01 07:37:37.609  2917  2917 E display : [PrimaryDisplay] framebuffer target expected, but not provided
07-01 07:37:37.641  2917  2917 E display : VPP should be assigned to FramebufferTarget but it was failed ret(0)
07-01 07:37:37.643  2917  2917 E display : [PrimaryDisplay] framebuffer target expected, but not provided
07-01 07:37:37.675  2917  2917 E display : VPP should be assigned to FramebufferTarget but it was failed ret(0)
07-01 07:37:37.677  2917  2917 E display : [PrimaryDisplay] framebuffer target expected, but not provided
07-01 07:37:37.709  2917  2917 E display : VPP should be assigned to FramebufferTarget but it was failed ret(0)
07-01 07:37:37.711  2917  2917 E display : [PrimaryDisplay] framebuffer target expected, but not provided
07-01 07:37:37.720  3408  3408 I art     : Starting a blocking GC Explicit
07-01 07:37:37.739  3408  3408 I art     : Explicit concurrent mark sweep GC freed 50736(2MB) AllocSpace objects, 9(672KB) LOS objects, 33% free, 28MB/42MB, paused 92us total 18.534ms
07-01 07:37:37.739  3408  3408 I SystemServer: User Service
07-01 07:37:37.743  2917  2917 E display : VPP should be assigned to FramebufferTarget but it was failed ret(0)
07-01 07:37:37.745  2917  2917 E display : [PrimaryDisplay] framebuffer target expected, but not provided
07-01 07:37:37.748  2915  2915 I lowmemorykiller: ActivityManager connected
07-01 07:37:37.753  3408  3408 I SystemServiceManager: Starting com.android.server.BatteryService
07-01 07:37:37.754  3408  3446 I         : System server: starting sensor init.
07-01 07:37:37.754  3408  3446 D SensorService: nuSensorService starting...
07-01 07:37:37.759  3408  3446 I Sensors : getName:gyro_sensor name = K6DS3TR.
07-01 07:37:37.759  3408  3446 I Sensors : Proximity old sensor_state 0, new sensor_state : 128 en : 1
07-01 07:37:37.763  3408  3408 I SystemServiceManager: Starting com.android.server.usage.UsageStatsService
07-01 07:37:37.775  3408  3446 I Sensors : Light old sensor_state 128, new sensor_state : 640 en : 1
07-01 07:37:37.777  2917  2917 E display : VPP should be assigned to FramebufferTarget but it was failed ret(0)
07-01 07:37:37.779  2917  2917 E display : [PrimaryDisplay] framebuffer target expected, but not provided
07-01 07:37:37.780  3408  3446 I Sensors : Light_IR old sensor_state 640, new sensor_state : 16777856 en : 1
07-01 07:37:37.780  3408  3446 E Sensors : Light_IR_Sensor write failed. ret = -1, sensor_state = 16777856
07-01 07:37:37.781  3408  3446 I Sensors : SigMotionSensor old sensor_state 640, new sensor_state : 17024 en : 1
07-01 07:37:37.786  3408  3446 I Sensors : getName:gyro_sensor name = K6DS3TR.
07-01 07:37:37.787  3408  3446 I Sensors : StepCounterSensor old sensor_state 17024, new sensor_state : 279168 en : 1
07-01 07:37:37.787  3408  3446 E Sensors : StepCounterSensor write failed. ret = -1, sensor_state = 279168
07-01 07:37:37.787  3408  3446 I Sensors : Int.Gyro old sensor_state 17024, new sensor_state : 33571456 en : 1
07-01 07:37:37.787  3408  3446 E Sensors : Int.GyroSensor write failed. ret = -1, sensor_state = 33571456
07-01 07:37:37.787  3408  3446 I Sensors : getName:gyro_sensor name = K6DS3TR.
07-01 07:37:37.787  3408  3446 I Sensors : HrmSpO2Sensor:: part type = 12.
07-01 07:37:37.787  3408  3446 D Sensors : HrmSpO2Sensor::type:12, prox threshold:10000
07-01 07:37:37.787  3408  3446 D Sensors : HrmSpO2Sensor::handle:0 ,en:1
07-01 07:37:37.787  3408  3446 E Sensors : HrmSpO2Sensor::Error MAXIM Flicker Library...handle=0x0
07-01 07:37:37.787  3408  3446 D Sensors : HrmSpO2Sensor::HrmSpO2Sensor: Shared version Registered
07-01 07:37:37.787  3408  3446 D Sensors : HrmLedSensor enable: mEnabled 0, handle 20, en 1
07-01 07:37:37.787  3408  3446 D Sensors : HRMSensor led enabled:1, en:1
07-01 07:37:37.791  3408  3446 I Sensors : getVendor:hrm_sensor vendor = MAXIM.
07-01 07:37:37.791  3408  3446 I Sensors : HrmLedSensor: HrmLedSensor vendor = MAXIM.
07-01 07:37:37.791  3408  3446 D Sensors : HRMSensor_LED::libhr open start!! 
07-01 07:37:37.792  3408  3446 E Sensors : HRMSensor_LED::libhr open failed 
07-01 07:37:37.792  3408  3446 E Sensors : GripSensor: enable
07-01 07:37:37.811  2917  2917 E display : VPP should be assigned to FramebufferTarget but it was failed ret(0)
07-01 07:37:37.813  2917  2917 E display : [PrimaryDisplay] framebuffer target expected, but not provided
07-01 07:37:37.821  3408  3446 I Sensors : Proximity old sensor_state 17024, new sensor_state : 16896 en : 0
07-01 07:37:37.821  3408  3446 I Sensors : Light old sensor_state 16896, new sensor_state : 16384 en : 0
07-01 07:37:37.821  3408  3446 I Sensors : SigMotionSensor old sensor_state 16384, new sensor_state : 0 en : 0
07-01 07:37:37.821  3408  3446 E Sensors : GripSensor: enable
07-01 07:37:37.821  3408  3446 D Sensors : HrmSpO2Sensor::handle:19 ,en:0
07-01 07:37:37.821  3408  3446 D Sensors : HrmSpO2Sensor::isEnabled:0 ,en:0, mEn:0
07-01 07:37:37.821  3408  3446 D Sensors : HrmSpO2Sensor::handle:28 ,en:0
07-01 07:37:37.821  3408  3446 D Sensors : HrmSpO2Sensor::isEnabled:0 ,en:0, mEn:0
07-01 07:37:37.821  3408  3446 D Sensors : HrmLedSensor enable: mEnabled 1, handle 20, en 0
07-01 07:37:37.821  3408  3446 D Sensors : HRMSensor_LED::enable 
07-01 07:37:37.821  3408  3446 D Sensors : HRMSensor led enabled:0, en:0
07-01 07:37:37.822  3408  3446 D Sensors : HrmLedSensor enable: mEnabled 0, handle 21, en 0
07-01 07:37:37.822  3408  3446 D Sensors : HrmLedSensor isEnabled:0 ,en:0
07-01 07:37:37.822  3408  3446 D Sensors : HrmSpO2Sensor::handle:18 ,en:0
07-01 07:37:37.822  3408  3446 D Sensors : HrmSpO2Sensor::isEnabled:0 ,en:0, mEn:0
07-01 07:37:37.822  3408  3446 I         : System server: sensor init done.
07-01 07:37:37.823  3408  3447 D SensorService: new thread SensorEventAckReceiver
07-01 07:37:37.823  3408  3448 D SensorService: nuSensorService thread starting...
07-01 07:37:37.845  2917  2917 E display : VPP should be assigned to FramebufferTarget but it was failed ret(0)
07-01 07:37:37.847  2917  2917 E display : [PrimaryDisplay] framebuffer target expected, but not provided
07-01 07:37:37.878  2917  2917 E display : VPP should be assigned to FramebufferTarget but it was failed ret(0)
07-01 07:37:37.881  2917  2917 E display : [PrimaryDisplay] framebuffer target expected, but not provided
07-01 07:37:37.889  3408  3408 I UsageStatsService: User[0] Rollover scheduled @ 2016-07-02 00:00:00(1467417600000)
07-01 07:37:37.912  2917  2917 E display : VPP should be assigned to FramebufferTarget but it was failed ret(0)
07-01 07:37:37.914  2917  2917 E display : [PrimaryDisplay] framebuffer target expected, but not provided
07-01 07:37:37.938  3408  3408 I SystemServiceManager: Starting com.android.server.webkit.WebViewUpdateService
07-01 07:37:37.939  3408  3408 I SystemServer: Reading configuration...
07-01 07:37:37.939  3408  3408 I SystemServer: Scheduling Policy
07-01 07:37:37.940  3408  3408 I SystemServiceManager: Starting com.android.server.telecom.TelecomLoaderService
07-01 07:37:37.945  3408  3408 I SystemServer: Telephony Registry
07-01 07:37:37.946  2917  2917 E display : VPP should be assigned to FramebufferTarget but it was failed ret(0)
07-01 07:37:37.948  2917  2917 E display : [PrimaryDisplay] framebuffer target expected, but not provided
07-01 07:37:37.954  3408  3408 I SystemServer: Entropy Mixer
07-01 07:37:37.975  3408  3408 I EntropyMixer: Added HW RNG output to entropy pool
07-01 07:37:37.975  3408  3408 I EntropyMixer: Writing entropy...
07-01 07:37:37.980  2917  2917 E display : VPP should be assigned to FramebufferTarget but it was failed ret(0)
07-01 07:37:37.982  2917  2917 E display : [PrimaryDisplay] framebuffer target expected, but not provided
07-01 07:37:37.987  3408  3408 I SystemServer: Camera Service
07-01 07:37:37.987  3408  3408 I SystemServiceManager: Starting com.android.server.camera.CameraService
07-01 07:37:37.989  3408  3449 I ServiceThread: Enabled StrictMode logging for CameraService_proxy looper.
07-01 07:37:37.990  3408  3408 I SystemServer: Account Manager
07-01 07:37:38.004  3408  3408 I SystemServer: Content Manager
07-01 07:37:38.007  3408  3408 I SystemServer: System Content Providers
07-01 07:37:38.011  3408  3408 W System  : ClassLoader referenced unknown path: /system/priv-app/CMSettingsProvider/lib/arm64
07-01 07:37:38.014  2917  2917 E display : VPP should be assigned to FramebufferTarget but it was failed ret(0)
07-01 07:37:38.016  2917  2917 E display : [PrimaryDisplay] framebuffer target expected, but not provided
07-01 07:37:38.028  3408  3408 W System  : ClassLoader referenced unknown path: /system/priv-app/SettingsProvider/lib/arm64
07-01 07:37:38.048  2917  2917 E display : VPP should be assigned to FramebufferTarget but it was failed ret(0)
07-01 07:37:38.050  2917  2917 E display : [PrimaryDisplay] framebuffer target expected, but not provided
07-01 07:37:38.072  3408  3408 I SystemServer: Vibrator Service
07-01 07:37:38.077  3408  3408 I SystemServer: Consumer IR Service
07-01 07:37:38.077  3408  3408 E ConsumerIrService: Can't open consumer IR HW Module, error: -2
07-01 07:37:38.077  3408  3408 E System  : ******************************************
07-01 07:37:38.078  3408  3408 E System  : ************ Failure starting core service
07-01 07:37:38.078  3408  3408 E System  : java.lang.RuntimeException: FEATURE_CONSUMER_IR present, but no IR HAL loaded!
07-01 07:37:38.078  3408  3408 E System  : 	at com.android.server.ConsumerIrService.<init>(ConsumerIrService.java:51)
07-01 07:37:38.078  3408  3408 E System  : 	at com.android.server.SystemServer.startOtherServices(SystemServer.java:508)
07-01 07:37:38.078  3408  3408 E System  : 	at com.android.server.SystemServer.run(SystemServer.java:290)
07-01 07:37:38.078  3408  3408 E System  : 	at com.android.server.SystemServer.main(SystemServer.java:175)
07-01 07:37:38.078  3408  3408 E System  : 	at java.lang.reflect.Method.invoke(Native Method)
07-01 07:37:38.078  3408  3408 E System  : 	at com.android.internal.os.ZygoteInit$MethodAndArgsCaller.run(ZygoteInit.java:726)
07-01 07:37:38.078  3408  3408 E System  : 	at com.android.internal.os.ZygoteInit.main(ZygoteInit.java:616)
07-01 07:37:38.078  3408  3408 I SystemServer: Input Method Service
07-01 07:37:38.082  2917  2917 E display : VPP should be assigned to FramebufferTarget but it was failed ret(0)
07-01 07:37:38.084  2917  2917 E display : [PrimaryDisplay] framebuffer target expected, but not provided
07-01 07:37:38.116  2917  2917 E display : VPP should be assigned to FramebufferTarget but it was failed ret(0)
07-01 07:37:38.118  2917  2917 E display : [PrimaryDisplay] framebuffer target expected, but not provided
07-01 07:37:38.123  3408  3408 W InputMethodManagerService: No IME selected. Choose the most applicable IME.
07-01 07:37:38.123  3408  3408 I InputMethodManagerService: Default found, using com.android.inputmethod.latin/.LatinIME
07-01 07:37:38.128  3408  3408 I SystemServer: Accessibility Manager
07-01 07:37:38.139  3408  3408 W SystemServer: ***********************************************
07-01 07:37:38.140  3408  3408 E SystemServer: BOOT FAILURE making display ready
07-01 07:37:38.140  3408  3408 E SystemServer: java.lang.NullPointerException: Attempt to invoke virtual method 'void com.android.server.wm.WindowManagerService.displayReady()' on a null object reference
07-01 07:37:38.140  3408  3408 E SystemServer: 	at com.android.server.SystemServer.startOtherServices(SystemServer.java:590)
07-01 07:37:38.140  3408  3408 E SystemServer: 	at com.android.server.SystemServer.run(SystemServer.java:290)
07-01 07:37:38.140  3408  3408 E SystemServer: 	at com.android.server.SystemServer.main(SystemServer.java:175)
07-01 07:37:38.140  3408  3408 E SystemServer: 	at java.lang.reflect.Method.invoke(Native Method)
07-01 07:37:38.140  3408  3408 E SystemServer: 	at com.android.internal.os.ZygoteInit$MethodAndArgsCaller.run(ZygoteInit.java:726)
07-01 07:37:38.140  3408  3408 E SystemServer: 	at com.android.internal.os.ZygoteInit.main(ZygoteInit.java:616)
07-01 07:37:38.142  3408  3408 I SystemServiceManager: Starting com.android.server.MountService$Lifecycle
07-01 07:37:38.150  2917  2917 E display : VPP should be assigned to FramebufferTarget but it was failed ret(0)
07-01 07:37:38.152  2917  2917 E display : [PrimaryDisplay] framebuffer target expected, but not provided
07-01 07:37:38.160  3408  3452 D MountService: Thinking about reset, mSystemReady=false, mDaemonConnected=true
07-01 07:37:38.161  3408  3452 D MountService: Thinking about reset, mSystemReady=false, mDaemonConnected=true
07-01 07:37:38.161  3408  3452 D CryptdConnector: SND -> {1 cryptfs getfield SystemLocale}
07-01 07:37:38.161  2904  2931 I Ext4Crypt: ext4 crypto complete called on /data
07-01 07:37:38.161  2904  2931 I Ext4Crypt: No master key, so not ext4enc
07-01 07:37:38.162  3408  3408 I SystemServiceManager: Starting com.android.server.UiModeManagerService
07-01 07:37:38.163  3408  3454 D CryptdConnector: RCV <- {200 1 -1}
07-01 07:37:38.165  3408  3452 W MountService: No primary storage mounted!
07-01 07:37:38.165  3408  3452 D VoldConnector: SND -> {1 asec list}
07-01 07:37:38.165  3408  3408 I ActivityManager: Config changes=200 {1.0 ?mcc?mnc en_US ldltr ?swdp ?wdp ?hdp ?density ?lsize ?long ?orien ?touch ?keyb/?/? ?nav/? s.2 themeResource=null}
07-01 07:37:38.166  3408  3453 D VoldConnector: RCV <- {200 1 asec operation succeeded}
07-01 07:37:38.166  3408  3452 I PackageManager: No secure containers found
07-01 07:37:38.167  3408  3408 W PackageManager: Running disk maintenance immediately due to system update
07-01 07:37:38.167  3408  3408 W SystemServer: ***********************************************
07-01 07:37:38.167  3408  3452 W PackageManager: Unknown permission com.google.android.googleapps.permission.GOOGLE_AUTH in package com.android.providers.calendar
07-01 07:37:38.167  3408  3452 W PackageManager: Unknown permission com.google.android.googleapps.permission.GOOGLE_AUTH.cl in package com.android.providers.calendar
07-01 07:37:38.168  3408  3452 W PackageManager: Not granting permission android.permission.REAL_GET_TASKS to package org.cyanogenmod.wallpapers.photophase (protectionLevel=18 flags=0x3898be45)
07-01 07:37:38.169  3408  3408 E SystemServer: BOOT FAILURE performing boot dexopt
07-01 07:37:38.169  3408  3408 E SystemServer: java.lang.NullPointerException: Attempt to invoke virtual method 'void com.android.server.wm.WindowManagerService.showBootMessage(java.lang.CharSequence, boolean)' on a null object reference
07-01 07:37:38.169  3408  3408 E SystemServer: 	at com.android.server.am.ActivityManagerService.showBootMessage(ActivityManagerService.java:6565)
07-01 07:37:38.169  3408  3408 E SystemServer: 	at com.android.server.pm.PackageManagerService.performBootDexOpt(PackageManagerService.java:6323)
07-01 07:37:38.169  3408  3408 E SystemServer: 	at com.android.server.SystemServer.startOtherServices(SystemServer.java:617)
07-01 07:37:38.169  3408  3408 E SystemServer: 	at com.android.server.SystemServer.run(SystemServer.java:290)
07-01 07:37:38.169  3408  3408 E SystemServer: 	at com.android.server.SystemServer.main(SystemServer.java:175)
07-01 07:37:38.169  3408  3408 E SystemServer: 	at java.lang.reflect.Method.invoke(Native Method)
07-01 07:37:38.169  3408  3408 E SystemServer: 	at com.android.internal.os.ZygoteInit$MethodAndArgsCaller.run(ZygoteInit.java:726)
07-01 07:37:38.169  3408  3408 E SystemServer: 	at com.android.internal.os.ZygoteInit.main(ZygoteInit.java:616)
07-01 07:37:38.169  3408  3452 W PackageManager: Unknown permission com.cyanogen.ambient.permission.BIND_CALLER_INFO in package com.android.messaging
07-01 07:37:38.169  3408  3452 W PackageManager: Not granting permission android.permission.ACCESS_DOWNLOAD_MANAGER to package com.android.browser (protectionLevel=18 flags=0x38c9be45)
07-01 07:37:38.169  3408  3452 W PackageManager: Not granting permission android.permission.SEND_DOWNLOAD_COMPLETED_INTENTS to package com.android.browser (protectionLevel=2 flags=0x38c9be45)
07-01 07:37:38.170  3408  3408 E System  : ******************************************
07-01 07:37:38.170  3408  3452 W PackageManager: Unknown permission com.cyngn.stats.SEND_ANALYTICS in package com.cyanogenmod.setupwizard
07-01 07:37:38.170  3408  3452 W PackageManager: Unknown permission com.cyanogen.permission.REQUEST_KILL_SWITCH_OP in package com.cyanogenmod.setupwizard
07-01 07:37:38.170  3408  3408 E System  : ************ Failure starting system services
07-01 07:37:38.170  3408  3408 E System  : java.lang.NullPointerException: Attempt to invoke virtual method 'void com.android.server.wm.WindowManagerService.showBootMessage(java.lang.CharSequence, boolean)' on a null object reference
07-01 07:37:38.170  3408  3408 E System  : 	at com.android.server.am.ActivityManagerService.showBootMessage(ActivityManagerService.java:6565)
07-01 07:37:38.170  3408  3408 E System  : 	at com.android.server.SystemServer.startOtherServices(SystemServer.java:623)
07-01 07:37:38.170  3408  3408 E System  : 	at com.android.server.SystemServer.run(SystemServer.java:290)
07-01 07:37:38.170  3408  3408 E System  : 	at com.android.server.SystemServer.main(SystemServer.java:175)
07-01 07:37:38.170  3408  3408 E System  : 	at java.lang.reflect.Method.invoke(Native Method)
07-01 07:37:38.170  3408  3408 E System  : 	at com.android.internal.os.ZygoteInit$MethodAndArgsCaller.run(ZygoteInit.java:726)
07-01 07:37:38.170  3408  3408 E System  : 	at com.android.internal.os.ZygoteInit.main(ZygoteInit.java:616)
07-01 07:37:38.170  3408  3408 D AndroidRuntime: Shutting down VM
07-01 07:37:38.171  3408  3452 W PackageManager: Unknown permission com.cyanogen.ambient.permission.BIND_INCALL_SERVICE in package com.android.contacts
07-01 07:37:38.171  3408  3452 W PackageManager: Unknown permission com.cyanogen.ambient.permission.PLUGIN_STATUS_CHANGED in package com.android.contacts
07-01 07:37:38.171  3408  3452 W PackageManager: Unknown permission com.cyanogen.ambient.permission.BIND_CALLER_INFO in package com.android.contacts
--------- beginning of crash
07-01 07:37:38.171  3408  3408 E AndroidRuntime: *** FATAL EXCEPTION IN SYSTEM PROCESS: main
07-01 07:37:38.171  3408  3408 E AndroidRuntime: java.lang.NullPointerException: Attempt to invoke virtual method 'void com.android.server.wm.WindowManagerService.showBootMessage(java.lang.CharSequence, boolean)' on a null object reference
07-01 07:37:38.171  3408  3408 E AndroidRuntime: 	at com.android.server.am.ActivityManagerService.showBootMessage(ActivityManagerService.java:6565)
07-01 07:37:38.171  3408  3408 E AndroidRuntime: 	at com.android.server.SystemServer.startOtherServices(SystemServer.java:623)
07-01 07:37:38.171  3408  3408 E AndroidRuntime: 	at com.android.server.SystemServer.run(SystemServer.java:290)
07-01 07:37:38.171  3408  3408 E AndroidRuntime: 	at com.android.server.SystemServer.main(SystemServer.java:175)
07-01 07:37:38.171  3408  3408 E AndroidRuntime: 	at java.lang.reflect.Method.invoke(Native Method)
07-01 07:37:38.171  3408  3408 E AndroidRuntime: 	at com.android.internal.os.ZygoteInit$MethodAndArgsCaller.run(ZygoteInit.java:726)
07-01 07:37:38.171  3408  3408 E AndroidRuntime: 	at com.android.internal.os.ZygoteInit.main(ZygoteInit.java:616)
07-01 07:37:38.172  3408  3408 I Process : Sending signal. PID: 3408 SIG: 9
07-01 07:37:38.183  2940  2940 E installd: eof
07-01 07:37:38.183  2940  2940 E installd: failed to read size
07-01 07:37:38.183  2940  2940 I installd: closing connection
07-01 07:37:38.183  2916  2916 I ServiceManager: service 'meminfo' died
07-01 07:37:38.183  2916  2916 I ServiceManager: service 'gfxinfo' died
07-01 07:37:38.183  2916  2916 I ServiceManager: service 'cpuinfo' died
07-01 07:37:38.183  2915  2915 I lowmemorykiller: ActivityManager disconnected
07-01 07:37:38.183  2916  2916 I ServiceManager: service 'dbinfo' died
07-01 07:37:38.183  2915  2915 I lowmemorykiller: Closing Activity Manager data connection
07-01 07:37:38.183  2916  2916 I ServiceManager: service 'permission' died
07-01 07:37:38.183  2916  2916 I ServiceManager: service 'scheduling_policy' died
07-01 07:37:38.183  2916  2916 I ServiceManager: service 'processinfo' died
07-01 07:37:38.183  2916  2916 I ServiceManager: service 'batterymanager' died
07-01 07:37:38.183  2916  2916 I ServiceManager: service 'webviewupdate' died
07-01 07:37:38.183  2916  2916 I ServiceManager: service 'usagestats' died
07-01 07:37:38.183  2916  2916 I ServiceManager: service 'telephony.registry' died
07-01 07:37:38.183  2916  2916 I ServiceManager: service 'media.camera.proxy' died
07-01 07:37:38.183  2916  2916 I ServiceManager: service 'account' died
07-01 07:37:38.183  2916  2916 I ServiceManager: service 'content' died
07-01 07:37:38.183  2916  2916 I ServiceManager: service 'vibrator' died
07-01 07:37:38.183  2916  2916 I ServiceManager: service 'accessibility' died
07-01 07:37:38.183  2916  2916 I ServiceManager: service 'input_method' died
07-01 07:37:38.183  2916  2916 I ServiceManager: service 'user' died
07-01 07:37:38.183  2916  2916 I ServiceManager: service 'procstats' died
07-01 07:37:38.183  2916  2916 I ServiceManager: service 'package' died
07-01 07:37:38.183  2916  2916 I ServiceManager: service 'activity' died
07-01 07:37:38.183  2916  2916 I ServiceManager: service 'uimode' died
07-01 07:37:38.183  2916  2916 I ServiceManager: service 'mount' died
07-01 07:37:38.183  2916  2916 I ServiceManager: service 'appops' died
07-01 07:37:38.183  2916  2916 I ServiceManager: service 'batterystats' died
07-01 07:37:38.183  2916  2916 I ServiceManager: service 'power' died
07-01 07:37:38.183  2916  2916 I ServiceManager: service 'display' died
07-01 07:37:38.183  2916  2916 I ServiceManager: service 'sensorservice' died
07-01 07:37:38.184  2917  2917 E display : VPP should be assigned to FramebufferTarget but it was failed ret(0)
07-01 07:37:38.186  2917  2917 E display : [PrimaryDisplay] framebuffer target expected, but not provided
07-01 07:37:38.201  2917  2917 E display : VPP should be assigned to FramebufferTarget but it was failed ret(0)
07-01 07:37:38.203  2917  2917 E display : [PrimaryDisplay] framebuffer target expected, but not provided
07-01 07:37:38.234  2917  2917 E display : VPP should be assigned to FramebufferTarget but it was failed ret(0)
07-01 07:37:38.236  2917  2917 E display : [PrimaryDisplay] framebuffer target expected, but not provided
07-01 07:37:38.268  2917  2917 E display : VPP should be assigned to FramebufferTarget but it was failed ret(0)
07-01 07:37:38.270  2917  2917 E display : [PrimaryDisplay] framebuffer target expected, but not provided
07-01 07:37:38.302  2917  2917 E display : VPP should be assigned to FramebufferTarget but it was failed ret(0)
07-01 07:37:38.304  2917  2917 E display : [PrimaryDisplay] framebuffer target expected, but not provided
07-01 07:37:38.336  2917  2917 E display : VPP should be assigned to FramebufferTarget but it was failed ret(0)
07-01 07:37:38.338  2917  2917 E display : [PrimaryDisplay] framebuffer target expected, but not provided
07-01 07:37:38.370  2917  2917 E display : VPP should be assigned to FramebufferTarget but it was failed ret(0)
07-01 07:37:38.372  2917  2917 E display : [PrimaryDisplay] framebuffer target expected, but not provided
07-01 07:37:38.404  2917  2917 E display : VPP should be assigned to FramebufferTarget but it was failed ret(0)
07-01 07:37:38.406  2917  2917 E display : [PrimaryDisplay] framebuffer target expected, but not provided
07-01 07:37:38.438  2917  2917 E display : VPP should be assigned to FramebufferTarget but it was failed ret(0)
07-01 07:37:38.440  2917  2917 E display : [PrimaryDisplay] framebuffer target expected, but not provided
07-01 07:37:38.472  2917  2917 E display : VPP should be assigned to FramebufferTarget but it was failed ret(0)
07-01 07:37:38.474  2917  2917 E display : [PrimaryDisplay] framebuffer target expected, but not provided
07-01 07:37:38.506  2917  2917 E display : VPP should be assigned to FramebufferTarget but it was failed ret(0)
07-01 07:37:38.508  2917  2917 E display : [PrimaryDisplay] framebuffer target expected, but not provided
07-01 07:37:38.540  2917  2917 E display : VPP should be assigned to FramebufferTarget but it was failed ret(0)
07-01 07:37:38.542  2917  2917 E display : [PrimaryDisplay] framebuffer target expected, but not provided
07-01 07:37:38.573  2917  2917 E display : VPP should be assigned to FramebufferTarget but it was failed ret(0)
07-01 07:37:38.576  2917  2917 E display : [PrimaryDisplay] framebuffer target expected, but not provided
07-01 07:37:38.607  2917  2917 E display : VPP should be assigned to FramebufferTarget but it was failed ret(0)
07-01 07:37:38.609  2917  2917 E display : [PrimaryDisplay] framebuffer target expected, but not provided
07-01 07:37:38.641  2917  2917 E display : VPP should be assigned to FramebufferTarget but it was failed ret(0)
07-01 07:37:38.643  2917  2917 E display : [PrimaryDisplay] framebuffer target expected, but not provided
07-01 07:37:38.675  2917  2917 E display : VPP should be assigned to FramebufferTarget but it was failed ret(0)
07-01 07:37:38.677  2917  2917 E display : [PrimaryDisplay] framebuffer target expected, but not provided
07-01 07:37:38.709  2917  2917 E display : VPP should be assigned to FramebufferTarget but it was failed ret(0)
07-01 07:37:38.711  2917  2917 E display : [PrimaryDisplay] framebuffer target expected, but not provided
07-01 07:37:38.743  2917  2917 E display : VPP should be assigned to FramebufferTarget but it was failed ret(0)
07-01 07:37:38.745  2917  2917 E display : [PrimaryDisplay] framebuffer target expected, but not provided
07-01 07:37:38.777  2917  2917 E display : VPP should be assigned to FramebufferTarget but it was failed ret(0)
07-01 07:37:38.779  2917  2917 E display : [PrimaryDisplay] framebuffer target expected, but not provided
07-01 07:37:38.811  2917  2917 E display : VPP should be assigned to FramebufferTarget but it was failed ret(0)
07-01 07:37:38.813  2917  2917 E display : [PrimaryDisplay] framebuffer target expected, but not provided
07-01 07:37:38.845  2917  2917 E display : VPP should be assigned to FramebufferTarget but it was failed ret(0)
07-01 07:37:38.847  2917  2917 E display : [PrimaryDisplay] framebuffer target expected, but not provided
07-01 07:37:38.879  2917  2917 E display : VPP should be assigned to FramebufferTarget but it was failed ret(0)
07-01 07:37:38.881  2917  2917 E display : [PrimaryDisplay] framebuffer target expected, but not provided
07-01 07:37:38.912  2917  2917 E display : VPP should be assigned to FramebufferTarget but it was failed ret(0)
07-01 07:37:38.915  2917  2917 E display : [PrimaryDisplay] framebuffer target expected, but not provided
07-01 07:37:38.946  2917  2917 E display : VPP should be assigned to FramebufferTarget but it was failed ret(0)
07-01 07:37:38.948  2917  2917 E display : [PrimaryDisplay] framebuffer target expected, but not provided
07-01 07:37:38.980  2917  2917 E display : VPP should be assigned to FramebufferTarget but it was failed ret(0)
07-01 07:37:38.983  2917  2917 E display : [PrimaryDisplay] framebuffer target expected, but not provided
07-01 07:37:39.014  2917  2917 E display : VPP should be assigned to FramebufferTarget but it was failed ret(0)
07-01 07:37:39.016  2917  2917 E display : [PrimaryDisplay] framebuffer target expected, but not provided
07-01 07:37:39.048  2917  2917 E display : VPP should be assigned to FramebufferTarget but it was failed ret(0)
07-01 07:37:39.050  2917  2917 E display : [PrimaryDisplay] framebuffer target expected, but not provided
07-01 07:37:39.082  2917  2917 E display : VPP should be assigned to FramebufferTarget but it was failed ret(0)
07-01 07:37:39.084  2917  2917 E display : [PrimaryDisplay] framebuffer target expected, but not provided
07-01 07:37:39.116  2917  2917 E display : VPP should be assigned to FramebufferTarget but it was failed ret(0)
07-01 07:37:39.118  2917  2917 E display : [PrimaryDisplay] framebuffer target expected, but not provided
07-01 07:37:39.150  2917  2917 E display : VPP should be assigned to FramebufferTarget but it was failed ret(0)
07-01 07:37:39.152  2917  2917 E display : [PrimaryDisplay] framebuffer target expected, but not provided
07-01 07:37:39.184  2917  2917 E display : VPP should be assigned to FramebufferTarget but it was failed ret(0)
07-01 07:37:39.186  2917  2917 E display : [PrimaryDisplay] framebuffer target expected, but not provided
07-01 07:37:39.190  2945  2945 E Zygote  : Exit zygote because system server (3408) has terminated
07-01 07:37:39.204  2916  2916 I ServiceManager: service 'media.radio' died
07-01 07:37:39.204  2916  2916 I ServiceManager: service 'media.sound_trigger_hw' died
07-01 07:37:39.204  2916  2916 I ServiceManager: service 'media.audio_flinger' died
07-01 07:37:39.205  2916  2916 I ServiceManager: service 'media.player' died
07-01 07:37:39.205  2916  2916 I ServiceManager: service 'media.resource_manager' died
07-01 07:37:39.205  2916  2916 I ServiceManager: service 'media.camera' died
07-01 07:37:39.205  2916  2916 I ServiceManager: service 'media.audio_policy' died
07-01 07:37:39.217  2917  2917 E display : VPP should be assigned to FramebufferTarget but it was failed ret(0)
07-01 07:37:39.219  2917  2917 E display : [PrimaryDisplay] framebuffer target expected, but not provided
07-01 07:37:39.251  2917  2917 E display : VPP should be assigned to FramebufferTarget but it was failed ret(0)
07-01 07:37:39.253  2917  2917 E display : [PrimaryDisplay] framebuffer target expected, but not provided
07-01 07:37:39.285  2917  2917 E display : VPP should be assigned to FramebufferTarget but it was failed ret(0)
07-01 07:37:39.287  2917  2917 E display : [PrimaryDisplay] framebuffer target expected, but not provided
07-01 07:37:39.319  2917  2917 E display : VPP should be assigned to FramebufferTarget but it was failed ret(0)
07-01 07:37:39.321  2917  2917 E display : [PrimaryDisplay] framebuffer target expected, but not provided
07-01 07:37:39.329  3459  3459 I mediaserver: ServiceManager: 0xf620e120
07-01 07:37:39.329  3459  3459 I AudioFlinger: Using default 3000 mSec as standby time.
07-01 07:37:39.329  3459  3459 E BatteryNotifier: batterystats service unavailable!
07-01 07:37:39.329  3459  3459 E BatteryNotifier: batterystats service unavailable!
07-01 07:37:39.329  3459  3459 I CameraService: CameraService started (pid=3459)
07-01 07:37:39.329  3459  3459 I CameraService: CameraService process starting
07-01 07:37:39.329  3459  3459 E BatteryNotifier: batterystats service unavailable!
07-01 07:37:39.329  3459  3459 E BatteryNotifier: batterystats service unavailable!
07-01 07:37:39.329  3459  3459 E CameraService: Could not load camera HAL module: -2 (No such file or directory)
07-01 07:37:39.330  3459  3459 I AudioPolicyService: AudioPolicyService CSTOR in new mode
07-01 07:37:39.330  3459  3459 I APM::ConfigParsingUtils: loadAudioPolicyConfig() loaded /system/etc/audio_policy.conf
07-01 07:37:39.341  3463  3463 I Netd    : Netd 1.0 starting
07-01 07:37:39.341  3463  3463 I QtiConnectivityAdapter: Failed to open libconnctrl, some features may not be present.
07-01 07:37:39.341  3463  3463 D TetherController: Setting IP forward enable = 0
07-01 07:37:39.339  3054  3054 W auditd  : type=1325 audit(0.0:137): table=filter family=2 entries=52
07-01 07:37:39.339  3054  3054 W auditd  : type=1320 audit(0.0:137): 
07-01 07:37:39.349  3054  3054 W auditd  : type=1325 audit(0.0:138): table=filter family=10 entries=55
07-01 07:37:39.349  3054  3054 W auditd  : type=1320 audit(0.0:138): 
07-01 07:37:39.353  2917  2917 E display : VPP should be assigned to FramebufferTarget but it was failed ret(0)
07-01 07:37:39.355  2917  2917 E display : [PrimaryDisplay] framebuffer target expected, but not provided
07-01 07:37:39.359  3054  3054 W auditd  : type=1325 audit(0.0:139): table=filter family=2 entries=51
07-01 07:37:39.359  3054  3054 W auditd  : type=1320 audit(0.0:139): 
07-01 07:37:39.359  3054  3054 W auditd  : type=1325 audit(0.0:140): table=filter family=10 entries=54
07-01 07:37:39.359  3054  3054 W auditd  : type=1320 audit(0.0:140): 
07-01 07:37:39.369  3054  3054 W auditd  : type=1325 audit(0.0:141): table=filter family=2 entries=50
07-01 07:37:39.369  3054  3054 W auditd  : type=1320 audit(0.0:141): 
07-01 07:37:39.369  3054  3054 W auditd  : type=1325 audit(0.0:142): table=filter family=10 entries=53
07-01 07:37:39.369  3054  3054 W auditd  : type=1320 audit(0.0:142): 
07-01 07:37:39.379  3054  3054 W auditd  : type=1325 audit(0.0:143): table=filter family=2 entries=48
07-01 07:37:39.379  3054  3054 W auditd  : type=1320 audit(0.0:143): 
07-01 07:37:39.379  3054  3054 W auditd  : type=1325 audit(0.0:144): table=filter family=10 entries=51
07-01 07:37:39.379  3054  3054 W auditd  : type=1320 audit(0.0:144): 
07-01 07:37:39.387  2917  2917 E display : VPP should be assigned to FramebufferTarget but it was failed ret(0)
07-01 07:37:39.389  2917  2917 E display : [PrimaryDisplay] framebuffer target expected, but not provided
07-01 07:37:39.389  3054  3054 W auditd  : type=1325 audit(0.0:145): table=filter family=2 entries=50
07-01 07:37:39.389  3054  3054 W auditd  : type=1320 audit(0.0:145): 
