07-01 07:37:53.560  3730  3767 W PackageManager: Unknown permission com.google.android.gallery3d.permission.GALLERY_PROVIDER in package com.android.bluetooth
07-01 07:37:53.561  3730  3767 W PackageManager: Unknown permission com.google.android.googleapps.permission.ACCESS_GOOGLE_PASSWORD in package com.android.development
07-01 07:37:53.561  3730  3767 W PackageManager: Unknown permission com.google.android.googleapps.permission.GOOGLE_AUTH in package com.android.development
07-01 07:37:53.561  3730  3767 W PackageManager: Unknown permission com.google.android.googleapps.permission.GOOGLE_AUTH.ALL_SERVICES in package com.android.development
07-01 07:37:53.561  3730  3767 W PackageManager: Unknown permission com.google.android.googleapps.permission.GOOGLE_AUTH.YouTubeUser in package com.android.development
07-01 07:37:53.573  2917  2917 E display : VPP should be assigned to FramebufferTarget but it was failed ret(0)
07-01 07:37:53.575  2917  2917 E display : [PrimaryDisplay] framebuffer target expected, but not provided
07-01 07:37:53.607  2917  2917 E display : VPP should be assigned to FramebufferTarget but it was failed ret(0)
07-01 07:37:53.609  2917  2917 E display : [PrimaryDisplay] framebuffer target expected, but not provided
07-01 07:37:53.641  2917  2917 E display : VPP should be assigned to FramebufferTarget but it was failed ret(0)
07-01 07:37:53.643  2917  2917 E display : [PrimaryDisplay] framebuffer target expected, but not provided
07-01 07:37:53.675  2917  2917 E display : VPP should be assigned to FramebufferTarget but it was failed ret(0)
07-01 07:37:53.677  2917  2917 E display : [PrimaryDisplay] framebuffer target expected, but not provided
07-01 07:37:53.709  2917  2917 E display : VPP should be assigned to FramebufferTarget but it was failed ret(0)
07-01 07:37:53.711  2917  2917 E display : [PrimaryDisplay] framebuffer target expected, but not provided
07-01 07:37:53.743  2917  2917 E display : VPP should be assigned to FramebufferTarget but it was failed ret(0)
07-01 07:37:53.745  2917  2917 E display : [PrimaryDisplay] framebuffer target expected, but not provided
07-01 07:37:53.777  2917  2917 E display : VPP should be assigned to FramebufferTarget but it was failed ret(0)
07-01 07:37:53.779  3730  3767 W MountService: No primary storage defined yet; hacking together a stub
07-01 07:37:53.779  2917  2917 E display : [PrimaryDisplay] framebuffer target expected, but not provided
07-01 07:37:53.779  3730  3767 W MountService: No primary storage defined yet; hacking together a stub
07-01 07:37:53.780  3730  3767 W MountService: No primary storage mounted!
07-01 07:37:53.780  3730  3767 D VoldConnector: SND -> {2 asec list}
07-01 07:37:53.780  3730  3768 D VoldConnector: RCV <- {200 2 asec operation succeeded}
07-01 07:37:53.781  3730  3730 E System  : ******************************************
07-01 07:37:53.781  3730  3730 E System  : ************ Failure starting system services
07-01 07:37:53.781  3730  3730 E System  : java.lang.NullPointerException: Attempt to invoke virtual method 'void com.android.server.wm.WindowManagerService.showBootMessage(java.lang.CharSequence, boolean)' on a null object reference
07-01 07:37:53.781  3730  3730 E System  : 	at com.android.server.am.ActivityManagerService.showBootMessage(ActivityManagerService.java:6565)
07-01 07:37:53.781  3730  3730 E System  : 	at com.android.server.SystemServer.startOtherServices(SystemServer.java:623)
07-01 07:37:53.781  3730  3730 E System  : 	at com.android.server.SystemServer.run(SystemServer.java:290)
07-01 07:37:53.781  3730  3730 E System  : 	at com.android.server.SystemServer.main(SystemServer.java:175)
07-01 07:37:53.781  3730  3730 E System  : 	at java.lang.reflect.Method.invoke(Native Method)
07-01 07:37:53.781  3730  3730 E System  : 	at com.android.internal.os.ZygoteInit$MethodAndArgsCaller.run(ZygoteInit.java:726)
07-01 07:37:53.781  3730  3730 E System  : 	at com.android.internal.os.ZygoteInit.main(ZygoteInit.java:616)
07-01 07:37:53.781  3730  3730 D AndroidRuntime: Shutting down VM
07-01 07:37:53.782  3730  3730 E AndroidRuntime: *** FATAL EXCEPTION IN SYSTEM PROCESS: main
07-01 07:37:53.782  3730  3730 E AndroidRuntime: java.lang.NullPointerException: Attempt to invoke virtual method 'void com.android.server.wm.WindowManagerService.showBootMessage(java.lang.CharSequence, boolean)' on a null object reference
07-01 07:37:53.782  3730  3730 E AndroidRuntime: 	at com.android.server.am.ActivityManagerService.showBootMessage(ActivityManagerService.java:6565)
07-01 07:37:53.782  3730  3730 E AndroidRuntime: 	at com.android.server.SystemServer.startOtherServices(SystemServer.java:623)
07-01 07:37:53.782  3730  3730 E AndroidRuntime: 	at com.android.server.SystemServer.run(SystemServer.java:290)
07-01 07:37:53.782  3730  3730 E AndroidRuntime: 	at com.android.server.SystemServer.main(SystemServer.java:175)
07-01 07:37:53.782  3730  3730 E AndroidRuntime: 	at java.lang.reflect.Method.invoke(Native Method)
07-01 07:37:53.782  3730  3730 E AndroidRuntime: 	at com.android.internal.os.ZygoteInit$MethodAndArgsCaller.run(ZygoteInit.java:726)
07-01 07:37:53.782  3730  3730 E AndroidRuntime: 	at com.android.internal.os.ZygoteInit.main(ZygoteInit.java:616)
07-01 07:37:53.783  3730  3730 I Process : Sending signal. PID: 3730 SIG: 9
07-01 07:37:53.799  2916  2916 I ServiceManager: service 'sensorservice' died
07-01 07:37:53.799  2940  2940 E installd: eof
07-01 07:37:53.799  2940  2940 E installd: failed to read size
07-01 07:37:53.799  2940  2940 I installd: closing connection
07-01 07:37:53.799  2915  2915 I lowmemorykiller: ActivityManager disconnected
07-01 07:37:53.799  2915  2915 I lowmemorykiller: Closing Activity Manager data connection
07-01 07:37:53.799  2916  2916 I ServiceManager: service 'meminfo' died
07-01 07:37:53.799  2916  2916 I ServiceManager: service 'gfxinfo' died
07-01 07:37:53.799  2916  2916 I ServiceManager: service 'cpuinfo' died
07-01 07:37:53.799  2916  2916 I ServiceManager: service 'dbinfo' died
07-01 07:37:53.799  2916  2916 I ServiceManager: service 'permission' died
07-01 07:37:53.799  2916  2916 I ServiceManager: service 'processinfo' died
07-01 07:37:53.799  2916  2916 I ServiceManager: service 'telephony.registry' died
07-01 07:37:53.799  2916  2916 I ServiceManager: service 'batterymanager' died
07-01 07:37:53.799  2916  2916 I ServiceManager: service 'scheduling_policy' died
07-01 07:37:53.799  2916  2916 I ServiceManager: service 'usagestats' died
07-01 07:37:53.799  2916  2916 I ServiceManager: service 'webviewupdate' died
07-01 07:37:53.799  2916  2916 I ServiceManager: service 'media.camera.proxy' died
07-01 07:37:53.799  2916  2916 I ServiceManager: service 'account' died
07-01 07:37:53.799  2916  2916 I ServiceManager: service 'content' died
07-01 07:37:53.799  2916  2916 I ServiceManager: service 'user' died
07-01 07:37:53.799  2916  2916 I ServiceManager: service 'procstats' died
07-01 07:37:53.799  2916  2916 I ServiceManager: service 'package' died
07-01 07:37:53.799  2916  2916 I ServiceManager: service 'activity' died
07-01 07:37:53.799  2916  2916 I ServiceManager: service 'vibrator' died
07-01 07:37:53.799  2916  2916 I ServiceManager: service 'input_method' died
07-01 07:37:53.799  2916  2916 I ServiceManager: service 'accessibility' died
07-01 07:37:53.799  2916  2916 I ServiceManager: service 'uimode' died
07-01 07:37:53.799  2916  2916 I ServiceManager: service 'mount' died
07-01 07:37:53.799  2916  2916 I ServiceManager: service 'appops' died
07-01 07:37:53.799  2916  2916 I ServiceManager: service 'batterystats' died
07-01 07:37:53.799  2916  2916 I ServiceManager: service 'power' died
07-01 07:37:53.799  2916  2916 I ServiceManager: service 'display' died
07-01 07:37:53.811  2917  2917 E display : VPP should be assigned to FramebufferTarget but it was failed ret(0)
07-01 07:37:53.813  2917  2917 E display : [PrimaryDisplay] framebuffer target expected, but not provided
07-01 07:37:53.845  2917  2917 E display : VPP should be assigned to FramebufferTarget but it was failed ret(0)
07-01 07:37:53.847  2917  2917 E display : [PrimaryDisplay] framebuffer target expected, but not provided
07-01 07:37:53.878  2917  2917 E display : VPP should be assigned to FramebufferTarget but it was failed ret(0)
07-01 07:37:53.881  2917  2917 E display : [PrimaryDisplay] framebuffer target expected, but not provided
07-01 07:37:53.912  2917  2917 E display : VPP should be assigned to FramebufferTarget but it was failed ret(0)
07-01 07:37:53.915  2917  2917 E display : [PrimaryDisplay] framebuffer target expected, but not provided
07-01 07:37:53.946  2917  2917 E display : VPP should be assigned to FramebufferTarget but it was failed ret(0)
07-01 07:37:53.948  2917  2917 E display : [PrimaryDisplay] framebuffer target expected, but not provided
07-01 07:37:53.963  2917  2917 E display : VPP should be assigned to FramebufferTarget but it was failed ret(0)
07-01 07:37:53.966  2917  2917 E display : [PrimaryDisplay] framebuffer target expected, but not provided
07-01 07:37:54.014  2917  2917 E display : VPP should be assigned to FramebufferTarget but it was failed ret(0)
07-01 07:37:54.016  2917  2917 E display : [PrimaryDisplay] framebuffer target expected, but not provided
07-01 07:37:54.031  2917  2917 E display : VPP should be assigned to FramebufferTarget but it was failed ret(0)
07-01 07:37:54.033  2917  2917 E display : [PrimaryDisplay] framebuffer target expected, but not provided
07-01 07:37:54.065  2917  2917 E display : VPP should be assigned to FramebufferTarget but it was failed ret(0)
07-01 07:37:54.067  2917  2917 E display : [PrimaryDisplay] framebuffer target expected, but not provided
07-01 07:37:54.099  2917  2917 E display : VPP should be assigned to FramebufferTarget but it was failed ret(0)
07-01 07:37:54.101  2917  2917 E display : [PrimaryDisplay] framebuffer target expected, but not provided
07-01 07:37:54.133  2917  2917 E display : VPP should be assigned to FramebufferTarget but it was failed ret(0)
07-01 07:37:54.135  2917  2917 E display : [PrimaryDisplay] framebuffer target expected, but not provided
07-01 07:37:54.167  2917  2917 E display : VPP should be assigned to FramebufferTarget but it was failed ret(0)
07-01 07:37:54.169  2917  2917 E display : [PrimaryDisplay] framebuffer target expected, but not provided
07-01 07:37:54.201  2917  2917 E display : VPP should be assigned to FramebufferTarget but it was failed ret(0)
07-01 07:37:54.203  2917  2917 E display : [PrimaryDisplay] framebuffer target expected, but not provided
07-01 07:37:54.234  2917  2917 E display : VPP should be assigned to FramebufferTarget but it was failed ret(0)
07-01 07:37:54.237  2917  2917 E display : [PrimaryDisplay] framebuffer target expected, but not provided
07-01 07:37:54.268  2917  2917 E display : VPP should be assigned to FramebufferTarget but it was failed ret(0)
07-01 07:37:54.270  2917  2917 E display : [PrimaryDisplay] framebuffer target expected, but not provided
07-01 07:37:54.302  2917  2917 E display : VPP should be assigned to FramebufferTarget but it was failed ret(0)
07-01 07:37:54.304  2917  2917 E display : [PrimaryDisplay] framebuffer target expected, but not provided
07-01 07:37:54.336  2917  2917 E display : VPP should be assigned to FramebufferTarget but it was failed ret(0)
07-01 07:37:54.338  2917  2917 E display : [PrimaryDisplay] framebuffer target expected, but not provided
07-01 07:37:54.370  2917  2917 E display : VPP should be assigned to FramebufferTarget but it was failed ret(0)
07-01 07:37:54.372  2917  2917 E display : [PrimaryDisplay] framebuffer target expected, but not provided
07-01 07:37:54.404  2917  2917 E display : VPP should be assigned to FramebufferTarget but it was failed ret(0)
07-01 07:37:54.406  2917  2917 E display : [PrimaryDisplay] framebuffer target expected, but not provided
07-01 07:37:54.438  2917  2917 E display : VPP should be assigned to FramebufferTarget but it was failed ret(0)
07-01 07:37:54.440  2917  2917 E display : [PrimaryDisplay] framebuffer target expected, but not provided
07-01 07:37:54.472  2917  2917 E display : VPP should be assigned to FramebufferTarget but it was failed ret(0)
07-01 07:37:54.474  2917  2917 E display : [PrimaryDisplay] framebuffer target expected, but not provided
07-01 07:37:54.506  2917  2917 E display : VPP should be assigned to FramebufferTarget but it was failed ret(0)
07-01 07:37:54.508  2917  2917 E display : [PrimaryDisplay] framebuffer target expected, but not provided
07-01 07:37:54.540  2917  2917 E display : VPP should be assigned to FramebufferTarget but it was failed ret(0)
07-01 07:37:54.542  2917  2917 E display : [PrimaryDisplay] framebuffer target expected, but not provided
07-01 07:37:54.573  2917  2917 E display : VPP should be assigned to FramebufferTarget but it was failed ret(0)
07-01 07:37:54.576  2917  2917 E display : [PrimaryDisplay] framebuffer target expected, but not provided
07-01 07:37:54.607  2917  2917 E display : VPP should be assigned to FramebufferTarget but it was failed ret(0)
07-01 07:37:54.610  2917  2917 E display : [PrimaryDisplay] framebuffer target expected, but not provided
07-01 07:37:54.641  2917  2917 E display : VPP should be assigned to FramebufferTarget but it was failed ret(0)
07-01 07:37:54.643  2917  2917 E display : [PrimaryDisplay] framebuffer target expected, but not provided
07-01 07:37:54.675  2917  2917 E display : VPP should be assigned to FramebufferTarget but it was failed ret(0)
07-01 07:37:54.677  2917  2917 E display : [PrimaryDisplay] framebuffer target expected, but not provided
07-01 07:37:54.709  2917  2917 E display : VPP should be assigned to FramebufferTarget but it was failed ret(0)
07-01 07:37:54.711  2917  2917 E display : [PrimaryDisplay] framebuffer target expected, but not provided
07-01 07:37:54.720  3458  3458 E Zygote  : Exit zygote because system server (3730) has terminated
07-01 07:37:54.740  2916  2916 I ServiceManager: service 'media.radio' died
07-01 07:37:54.740  2916  2916 I ServiceManager: service 'media.sound_trigger_hw' died
07-01 07:37:54.740  2916  2916 I ServiceManager: service 'media.audio_flinger' died
07-01 07:37:54.740  2916  2916 I ServiceManager: service 'media.player' died
07-01 07:37:54.740  2916  2916 I ServiceManager: service 'media.resource_manager' died
07-01 07:37:54.740  2916  2916 I ServiceManager: service 'media.camera' died
07-01 07:37:54.740  2916  2916 I ServiceManager: service 'media.audio_policy' died
07-01 07:37:54.743  2917  2917 E display : VPP should be assigned to FramebufferTarget but it was failed ret(0)
07-01 07:37:54.745  2917  2917 E display : [PrimaryDisplay] framebuffer target expected, but not provided
07-01 07:37:54.777  2917  2917 E display : VPP should be assigned to FramebufferTarget but it was failed ret(0)
07-01 07:37:54.779  2917  2917 E display : [PrimaryDisplay] framebuffer target expected, but not provided
07-01 07:37:54.811  2917  2917 E display : VPP should be assigned to FramebufferTarget but it was failed ret(0)
07-01 07:37:54.813  2917  2917 E display : [PrimaryDisplay] framebuffer target expected, but not provided
07-01 07:37:54.845  2917  2917 E display : VPP should be assigned to FramebufferTarget but it was failed ret(0)
07-01 07:37:54.847  2917  2917 E display : [PrimaryDisplay] framebuffer target expected, but not provided
07-01 07:37:54.853  3771  3771 I mediaserver: ServiceManager: 0xf634e120
07-01 07:37:54.853  3771  3771 I AudioFlinger: Using default 3000 mSec as standby time.
07-01 07:37:54.853  3771  3771 E BatteryNotifier: batterystats service unavailable!
07-01 07:37:54.853  3771  3771 E BatteryNotifier: batterystats service unavailable!
07-01 07:37:54.853  3771  3771 I CameraService: CameraService started (pid=3771)
07-01 07:37:54.853  3771  3771 I CameraService: CameraService process starting
07-01 07:37:54.853  3771  3771 E BatteryNotifier: batterystats service unavailable!
07-01 07:37:54.853  3771  3771 E BatteryNotifier: batterystats service unavailable!
07-01 07:37:54.853  3771  3771 E CameraService: Could not load camera HAL module: -2 (No such file or directory)
07-01 07:37:54.854  3771  3771 I AudioPolicyService: AudioPolicyService CSTOR in new mode
07-01 07:37:54.854  3771  3771 I APM::ConfigParsingUtils: loadAudioPolicyConfig() loaded /system/etc/audio_policy.conf
07-01 07:37:54.878  2917  2917 E display : VPP should be assigned to FramebufferTarget but it was failed ret(0)
07-01 07:37:54.881  2917  2917 E display : [PrimaryDisplay] framebuffer target expected, but not provided
07-01 07:37:54.912  2917  2917 E display : VPP should be assigned to FramebufferTarget but it was failed ret(0)
07-01 07:37:54.914  2917  2917 E display : [PrimaryDisplay] framebuffer target expected, but not provided
07-01 07:37:54.930  3770  3770 D AndroidRuntime: >>>>>> START com.android.internal.os.ZygoteInit uid 0 <<<<<<
07-01 07:37:54.930  3775  3775 I Netd    : Netd 1.0 starting
07-01 07:37:54.931  3775  3775 I QtiConnectivityAdapter: Failed to open libconnctrl, some features may not be present.
07-01 07:37:54.931  3775  3775 D TetherController: Setting IP forward enable = 0
07-01 07:37:54.932  3770  3770 D AndroidRuntime: CheckJNI is ON
07-01 07:37:54.933  3770  3770 I art     : option[0]=-Xzygote
07-01 07:37:54.933  3770  3770 I art     : option[1]=-Xcheck:jni
07-01 07:37:54.933  3770  3770 I art     : option[2]=-Xstacktracefile:/data/anr/traces.txt
07-01 07:37:54.933  3770  3770 I art     : option[3]=exit
07-01 07:37:54.933  3770  3770 I art     : option[4]=vfprintf
07-01 07:37:54.933  3770  3770 I art     : option[5]=sensitiveThread
07-01 07:37:54.933  3770  3770 I art     : option[6]=-verbose:gc
07-01 07:37:54.933  3770  3770 I art     : option[7]=-Xms8m
07-01 07:37:54.933  3770  3770 I art     : option[8]=-Xmx512m
07-01 07:37:54.933  3770  3770 I art     : option[9]=-XX:HeapGrowthLimit=256m
07-01 07:37:54.933  3770  3770 I art     : option[10]=-XX:HeapMinFree=2m
07-01 07:37:54.933  3770  3770 I art     : option[11]=-XX:HeapMaxFree=8m
07-01 07:37:54.933  3770  3770 I art     : option[12]=-XX:HeapTargetUtilization=0.75
07-01 07:37:54.933  3770  3770 I art     : option[13]=-Xusejit:true
07-01 07:37:54.933  3770  3770 I art     : option[14]=-agentlib:jdwp=transport=dt_android_adb,suspend=n,server=y
07-01 07:37:54.933  3770  3770 I art     : option[15]=-Xlockprofthreshold:500
07-01 07:37:54.933  3770  3770 I art     : option[16]=-Ximage-compiler-option
07-01 07:37:54.933  3770  3770 I art     : option[17]=--runtime-arg
07-01 07:37:54.933  3770  3770 I art     : option[18]=-Ximage-compiler-option
07-01 07:37:54.933  3770  3770 I art     : option[19]=-Xms64m
07-01 07:37:54.933  3770  3770 I art     : option[20]=-Ximage-compiler-option
07-01 07:37:54.933  3770  3770 I art     : option[21]=--runtime-arg
07-01 07:37:54.933  3770  3770 I art     : option[22]=-Ximage-compiler-option
07-01 07:37:54.933  3770  3770 I art     : option[23]=-Xmx64m
07-01 07:37:54.933  3770  3770 I art     : option[24]=-Ximage-compiler-option
07-01 07:37:54.933  3770  3770 I art     : option[25]=--compiler-filter=verify-at-runtime
07-01 07:37:54.933  3770  3770 I art     : option[26]=-Ximage-compiler-option
07-01 07:37:54.933  3770  3770 I art     : option[27]=--image-classes=/system/etc/preloaded-classes
07-01 07:37:54.933  3770  3770 I art     : option[28]=-Xcompiler-option
07-01 07:37:54.933  3770  3770 I art     : option[29]=--runtime-arg
07-01 07:37:54.933  3770  3770 I art     : option[30]=-Xcompiler-option
07-01 07:37:54.933  3770  3770 I art     : option[31]=-Xms64m
07-01 07:37:54.933  3770  3770 I art     : option[32]=-Xcompiler-option
07-01 07:37:54.933  3770  3770 I art     : option[33]=--runtime-arg
07-01 07:37:54.933  3770  3770 I art     : option[34]=-Xcompiler-option
07-01 07:37:54.933  3770  3770 I art     : option[35]=-Xmx512m
07-01 07:37:54.933  3770  3770 I art     : option[36]=-Xcompiler-option
07-01 07:37:54.933  3770  3770 I art     : option[37]=--compiler-filter=verify-at-runtime
07-01 07:37:54.933  3770  3770 I art     : option[38]=-Ximage-compiler-option
07-01 07:37:54.933  3770  3770 I art     : option[39]=--instruction-set-variant=generic
07-01 07:37:54.933  3770  3770 I art     : option[40]=-Xcompiler-option
07-01 07:37:54.933  3770  3770 I art     : option[41]=--instruction-set-variant=generic
07-01 07:37:54.933  3770  3770 I art     : option[42]=-Ximage-compiler-option
07-01 07:37:54.933  3770  3770 I art     : option[43]=--instruction-set-features=default
07-01 07:37:54.933  3770  3770 I art     : option[44]=-Xcompiler-option
07-01 07:37:54.933  3770  3770 I art     : option[45]=--instruction-set-features=default
07-01 07:37:54.933  3770  3770 I art     : option[46]=-Duser.locale=en-US
07-01 07:37:54.933  3770  3770 I art     : option[47]=--cpu-abilist=arm64-v8a,armeabi
07-01 07:37:54.933  3770  3770 I art     : option[48]=-Xfingerprint:samsung/cm_hero2ltexx/hero2ltexx:6.0.1/MOB30M/5db33552ea:eng/test-keys
07-01 07:37:54.929  3054  3054 W auditd  : type=1325 audit(0.0:375): table=filter family=2 entries=52
07-01 07:37:54.929  3054  3054 W auditd  : type=1320 audit(0.0:375): 
07-01 07:37:54.939  3054  3054 W auditd  : type=1325 audit(0.0:376): table=filter family=10 entries=55
07-01 07:37:54.939  3054  3054 W auditd  : type=1320 audit(0.0:376): 
07-01 07:37:54.946  2917  2917 E display : VPP should be assigned to FramebufferTarget but it was failed ret(0)
07-01 07:37:54.939  3054  3054 W auditd  : type=1325 audit(0.0:377): table=filter family=2 entries=51
07-01 07:37:54.939  3054  3054 W auditd  : type=1320 audit(0.0:377): 
07-01 07:37:54.948  2917  2917 E display : [PrimaryDisplay] framebuffer target expected, but not provided
07-01 07:37:54.949  3054  3054 W auditd  : type=1325 audit(0.0:378): table=filter family=10 entries=54
07-01 07:37:54.949  3054  3054 W auditd  : type=1320 audit(0.0:378): 
07-01 07:37:54.958  3770  3770 D ICU     : No timezone override file found: /data/misc/zoneinfo/current/icu/icu_tzdata.dat
07-01 07:37:54.949  3054  3054 W auditd  : type=1325 audit(0.0:379): table=filter family=2 entries=50
07-01 07:37:54.949  3054  3054 W auditd  : type=1320 audit(0.0:379): 
07-01 07:37:54.959  3054  3054 W auditd  : type=1325 audit(0.0:380): table=filter family=10 entries=53
07-01 07:37:54.959  3054  3054 W auditd  : type=1320 audit(0.0:380): 
07-01 07:37:54.959  3054  3054 W auditd  : type=1325 audit(0.0:381): table=filter family=2 entries=48
07-01 07:37:54.959  3054  3054 W auditd  : type=1320 audit(0.0:381): 
07-01 07:37:54.969  3054  3054 W auditd  : type=1325 audit(0.0:382): table=filter family=10 entries=51
07-01 07:37:54.969  3054  3054 W auditd  : type=1320 audit(0.0:382): 
07-01 07:37:54.980  2917  2917 E display : VPP should be assigned to FramebufferTarget but it was failed ret(0)
07-01 07:37:54.982  2917  2917 E display : [PrimaryDisplay] framebuffer target expected, but not provided
07-01 07:37:54.979  3054  3054 W auditd  : type=1325 audit(0.0:383): table=filter family=2 entries=50
07-01 07:37:54.979  3054  3054 W auditd  : type=1320 audit(0.0:383): 
07-01 07:37:54.989  3054  3054 W auditd  : type=1325 audit(0.0:384): table=filter family=10 entries=53
07-01 07:37:54.989  3054  3054 W auditd  : type=1320 audit(0.0:384): 
07-01 07:37:55.013  2917  2917 E Fence   : merge: sync_merge("BootAnimation:2", 1020, 1023) returned an error: Too many open files (-24)
07-01 07:37:55.014  2917  2917 E display : VPP should be assigned to FramebufferTarget but it was failed ret(0)
07-01 07:37:55.016  2917  2917 E display : [PrimaryDisplay] framebuffer target expected, but not provided
07-01 07:37:55.048  2917  2917 E display : VPP should be assigned to FramebufferTarget but it was failed ret(0)
07-01 07:37:55.049  2917  2917 E Surface : dequeueBuffer: error duping fence: 24
07-01 07:37:55.050  2917  2917 E display : [PrimaryDisplay] framebuffer target expected, but not provided
07-01 07:37:55.050  2917  2917 F display : PrimaryDisplay ioctl S3CFB_WIN_CONFIG failed to clear screen: Too many open files
07-01 07:37:55.065  3105  3136 D         : NULL == surf->write_back_color_buffer
07-01 07:37:55.066  3105  3136 W         : GLES-MALI OOM error: failed to allocate CPU memory (gles_fb_first_drawcall_cb at hardware/samsung_slsi/MaliT880_r9p0_12dev0_JF/product/gles/src/fb/mali_gles_fb_module_api.c:1291)
07-01 07:37:55.066  3105  3136 D         : NULL == surf->write_back_color_buffer
07-01 07:37:55.088  3770  3770 I Radio-JNI: register_android_hardware_Radio DONE
07-01 07:37:55.098  3105  3166 W         : g2d fimg library does not exist
07-01 07:37:55.107  3105  3136 D         : NULL == surf->write_back_color_buffer
07-01 07:37:55.121  2916  2916 I ServiceManager: service 'SurfaceFlinger' died
07-01 07:37:55.121  3105  3134 W SurfaceComposerClient: ComposerService remote (surfaceflinger) died [0x7f776a3320]
07-01 07:37:55.121  3105  3134 D BootAnimation: SurfaceFlinger died, exiting...
07-01 07:37:55.121  2916  2916 I ServiceManager: service 'Exynos.HWCService' died
07-01 07:37:55.136  2916  2916 I ServiceManager: service 'media.audio_flinger' died
07-01 07:37:55.136  2916  2916 I ServiceManager: service 'media.player' died
07-01 07:37:55.136  2916  2916 I ServiceManager: service 'media.resource_manager' died
07-01 07:37:55.136  2916  2916 I ServiceManager: service 'media.camera' died
07-01 07:37:55.147  3816  3816 I SurfaceFlinger: SurfaceFlinger is starting
07-01 07:37:55.147  3816  3816 I SurfaceFlinger: SurfaceFlinger's main thread ready to run. Initializing graphics H/W...
07-01 07:37:55.161  3816  3816 D libEGL  : loaded /vendor/lib64/egl/libGLES_mali.so
07-01 07:37:55.178  3816  3816 I gralloc : using (id=)
07-01 07:37:55.178  3816  3816 I gralloc : xres         = 1440 px
07-01 07:37:55.178  3816  3816 I gralloc : yres         = 2560 px
07-01 07:37:55.178  3816  3816 I gralloc : width        = 68 mm (537.882324 dpi)
07-01 07:37:55.178  3816  3816 I gralloc : height       = 122 mm (532.983582 dpi)
07-01 07:37:55.178  3816  3816 I gralloc : refresh rate = 59.42 Hz
07-01 07:37:55.178  3816  3816 E gralloc : Error mapping the framebuffer (Invalid argument)
07-01 07:37:55.178  3816  3816 E gralloc : Fail to init framebuffer
07-01 07:37:55.188  3816  3816 D hwcomposer: using
07-01 07:37:55.188  3816  3816 D hwcomposer: xres         = 1440 px
07-01 07:37:55.188  3816  3816 D hwcomposer: yres         = 2560 px
07-01 07:37:55.188  3816  3816 D hwcomposer: width        = 68 mm (537.882000 dpi)
07-01 07:37:55.188  3816  3816 D hwcomposer: height       = 122 mm (532.983000 dpi)
07-01 07:37:55.188  3816  3816 D hwcomposer: refresh rate = 59 Hz
07-01 07:37:55.188  3816  3816 I DisplayResourceManagerModule: internalMPP type(10), index(1)
07-01 07:37:55.188  3816  3816 I DisplayResourceManagerModule: internalMPP type(10), index(2)
07-01 07:37:55.188  3816  3816 I DisplayResourceManagerModule: internalMPP type(10), index(3)
07-01 07:37:55.188  3816  3816 I DisplayResourceManagerModule: internalMPP type(0), index(0)
07-01 07:37:55.188  3816  3816 I DisplayResourceManagerModule: internalMPP type(0), index(1)
07-01 07:37:55.188  3816  3816 I DisplayResourceManagerModule: internalMPP type(2), index(0)
07-01 07:37:55.189  3816  3816 I DisplayResourceManagerModule: internalMPP type(2), index(1)
07-01 07:37:55.189  3816  3816 I DisplayResourceManagerModule: externalMPP type(4), index(0)
07-01 07:37:55.189  3816  3816 I hwcutils: Open /dev/s5p-smem
07-01 07:37:55.189  3816  3816 I DisplayResourceManagerModule: externalMPP type(4), index(0)
07-01 07:37:55.189  3816  3816 I hwcutils: Open /dev/s5p-smem
07-01 07:37:55.189  3816  3816 I DisplayResourceManagerModule: externalMPP type(4), index(0)
07-01 07:37:55.189  3816  3816 I hwcutils: Open /dev/s5p-smem
07-01 07:37:55.189  3816  3816 I DisplayResourceManagerModule: externalMPP type(4), index(0)
07-01 07:37:55.189  3816  3816 I hwcutils: Open /dev/s5p-smem
07-01 07:37:55.189  3816  3816 I DisplayResourceManagerModule: externalMPP type(4), index(0)
07-01 07:37:55.189  3816  3816 I hwcutils: Open /dev/s5p-smem
07-01 07:37:55.189  3816  3816 I hwcomposer: PSR info devname = /sys/devices/13960000.decon_f/psr_info
07-01 07:37:55.189  3816  3816 I hwcomposer: PSR mode   = 2 (0: video mode, 1: DP PSR mode, 2: MIPI-DSI command mode)
07-01 07:37:55.189  3816  3816 I hwcomposer: Panel type = 1 (0: Legacy, 1: DSC)
07-01 07:37:55.190  3816  3816 I SurfaceFlinger: Using composer version 1.5
07-01 07:37:55.190  3816  3816 E display : [PrimaryDisplay] unknown display attribute 6
07-01 07:37:55.190  3816  3816 I SurfaceFlinger: EGL information:
07-01 07:37:55.190  3816  3816 I SurfaceFlinger: vendor    : Android
07-01 07:37:55.190  3816  3816 I SurfaceFlinger: version   : 1.4 Android META-EGL
07-01 07:37:55.190  3816  3816 I SurfaceFlinger: extensions: EGL_KHR_get_all_proc_addresses EGL_ANDROID_presentation_time EGL_KHR_swap_buffers_with_damage EGL_KHR_image EGL_KHR_image_base EGL_KHR_gl_texture_2D_image EGL_KHR_gl_texture_cubemap_image EGL_KHR_gl_renderbuffer_image EGL_KHR_fence_sync EGL_KHR_create_context EGL_KHR_config_attribs EGL_KHR_surfaceless_context EGL_EXT_create_context_robustness EGL_ANDROID_image_native_buffer EGL_KHR_wait_sync EGL_ANDROID_recordable EGL_KHR_partial_update 
07-01 07:37:55.190  3816  3816 I SurfaceFlinger: Client API: OpenGL_ES
07-01 07:37:55.190  3816  3816 I SurfaceFlinger: EGLSurface: 8-8-8-8, config=0x7f9a290128
07-01 07:37:55.191  3816  3816 D         : ro.exynos.dss isEnabled: 0
07-01 07:37:55.194  3816  3816 I SurfaceFlinger: OpenGL ES informations:
07-01 07:37:55.194  3816  3816 I SurfaceFlinger: vendor    : ARM
07-01 07:37:55.194  3816  3816 I SurfaceFlinger: renderer  : Mali-T880
07-01 07:37:55.194  3816  3816 I SurfaceFlinger: version   : OpenGL ES 3.1 v1.r9p0-12dev0.c2bae768d87bf40047e1f310c8de7f16
07-01 07:37:55.194  3816  3816 I SurfaceFlinger: extensions: GL_EXT_debug_marker GL_ARM_rgba8 GL_ARM_mali_shader_binary GL_OES_depth24 GL_OES_depth_texture GL_OES_depth_texture_cube_map GL_OES_packed_depth_stencil GL_OES_rgb8_rgba8 GL_EXT_read_format_bgra GL_OES_compressed_paletted_texture GL_OES_compressed_ETC1_RGB8_texture GL_OES_standard_derivatives GL_OES_EGL_image GL_OES_EGL_image_external GL_OES_EGL_sync GL_OES_texture_npot GL_OES_vertex_half_float GL_OES_required_internalformat GL_OES_vertex_array_object GL_OES_mapbuffer GL_EXT_texture_format_BGRA8888 GL_EXT_texture_rg GL_EXT_texture_type_2_10_10_10_REV GL_OES_fbo_render_mipmap GL_OES_element_index_uint GL_EXT_shadow_samplers GL_OES_texture_compression_astc GL_KHR_texture_compression_astc_ldr GL_KHR_texture_compression_astc_hdr GL_KHR_debug GL_EXT_occlusion_query_boolean GL_EXT_disjoint_timer_query GL_EXT_blend_minmax GL_EXT_discard_framebuffer GL_OES_get_program_binary GL_OES_texture_3D GL_EXT_texture_storage GL_EXT_multisampled_render_to_texture GL_OES_surfaceless_context GL_OES_texture_stencil8 G
07-01 07:37:55.194  3816  3816 I SurfaceFlinger: GL_MAX_TEXTURE_SIZE = 8192
07-01 07:37:55.194  3816  3816 I SurfaceFlinger: GL_MAX_VIEWPORT_DIMS = 8192
07-01 07:37:55.195  3816  3816 D mali_winsys: new_window_surface returns 0x3000,  [1440x2560]-format:1
07-01 07:37:55.197  3816  3816 D SurfaceFlinger: Set power mode=2, type=0 flinger=0x7f9a743c00
07-01 07:37:55.197  3816  3816 I hwcomposer: int exynos_setPowerMode(hwc_composer_device_1*, int, int):: disp(0), mode(2)
07-01 07:37:55.464  3816  3816 D SurfaceFlinger: SF. shader cache generated - 26 shaders in 193.777374 ms
07-01 07:37:55.467  3816  3816 E display : WIN_CONFIG is skipped, but mLastRetireFenceFd is not valid
07-01 07:37:55.474  3816  3816 E display : WIN_CONFIG is skipped, but mLastRetireFenceFd is not valid
07-01 07:37:55.485  3854  3858 D libEGL  : loaded /vendor/lib64/egl/libGLES_mali.so
07-01 07:37:55.502  3854  3858 D mali_winsys: new_window_surface returns 0x3000,  [1440x2560]-format:2
07-01 07:37:55.503  3854  3858 D         : ro.exynos.dss isEnabled: 0
07-01 07:37:55.505  3854  3858 E BootAnimation: couldn't find audio_conf.txt
07-01 07:37:55.507  3854  3858 D BootAnimation: Use save memory method, maybe small fps in actual.
07-01 07:37:55.540  3816  3816 E display : VPP should be assigned to FramebufferTarget but it was failed ret(0)
07-01 07:37:55.542  3816  3816 E display : [PrimaryDisplay] framebuffer target expected, but not provided
07-01 07:37:55.557  3816  3816 E display : VPP should be assigned to FramebufferTarget but it was failed ret(0)
07-01 07:37:55.559  3816  3816 E display : [PrimaryDisplay] framebuffer target expected, but not provided
07-01 07:37:55.590  3816  3816 E display : VPP should be assigned to FramebufferTarget but it was failed ret(0)
07-01 07:37:55.593  3816  3816 E display : [PrimaryDisplay] framebuffer target expected, but not provided
07-01 07:37:55.624  3816  3816 E display : VPP should be assigned to FramebufferTarget but it was failed ret(0)
07-01 07:37:55.626  3816  3816 E display : [PrimaryDisplay] framebuffer target expected, but not provided
07-01 07:37:55.658  3816  3816 E display : VPP should be assigned to FramebufferTarget but it was failed ret(0)
07-01 07:37:55.660  3816  3816 E display : [PrimaryDisplay] framebuffer target expected, but not provided
07-01 07:37:55.692  3816  3816 E display : VPP should be assigned to FramebufferTarget but it was failed ret(0)
07-01 07:37:55.694  3816  3816 E display : [PrimaryDisplay] framebuffer target expected, but not provided
07-01 07:37:55.726  3816  3816 E display : VPP should be assigned to FramebufferTarget but it was failed ret(0)
07-01 07:37:55.728  3816  3816 E display : [PrimaryDisplay] framebuffer target expected, but not provided
07-01 07:37:55.760  3816  3816 E display : VPP should be assigned to FramebufferTarget but it was failed ret(0)
07-01 07:37:55.762  3816  3816 E display : [PrimaryDisplay] framebuffer target expected, but not provided
07-01 07:37:55.794  3816  3816 E display : VPP should be assigned to FramebufferTarget but it was failed ret(0)
07-01 07:37:55.796  3816  3816 E display : [PrimaryDisplay] framebuffer target expected, but not provided
07-01 07:37:55.828  3816  3816 E display : VPP should be assigned to FramebufferTarget but it was failed ret(0)
07-01 07:37:55.830  3816  3816 E display : [PrimaryDisplay] framebuffer target expected, but not provided
07-01 07:37:55.862  3816  3816 E display : VPP should be assigned to FramebufferTarget but it was failed ret(0)
07-01 07:37:55.864  3816  3816 E display : [PrimaryDisplay] framebuffer target expected, but not provided
07-01 07:37:55.896  3816  3816 E display : VPP should be assigned to FramebufferTarget but it was failed ret(0)
07-01 07:37:55.898  3816  3816 E display : [PrimaryDisplay] framebuffer target expected, but not provided
07-01 07:37:55.929  3816  3816 E display : VPP should be assigned to FramebufferTarget but it was failed ret(0)
07-01 07:37:55.932  3816  3816 E display : [PrimaryDisplay] framebuffer target expected, but not provided
07-01 07:37:55.963  3816  3816 E display : VPP should be assigned to FramebufferTarget but it was failed ret(0)
07-01 07:37:55.965  3816  3816 E display : [PrimaryDisplay] framebuffer target expected, but not provided
07-01 07:37:55.997  3816  3816 E display : VPP should be assigned to FramebufferTarget but it was failed ret(0)
07-01 07:37:55.999  3816  3816 E display : [PrimaryDisplay] framebuffer target expected, but not provided
07-01 07:37:56.031  3816  3816 E display : VPP should be assigned to FramebufferTarget but it was failed ret(0)
07-01 07:37:56.033  3816  3816 E display : [PrimaryDisplay] framebuffer target expected, but not provided
07-01 07:37:56.065  3816  3816 E display : VPP should be assigned to FramebufferTarget but it was failed ret(0)
07-01 07:37:56.067  3816  3816 E display : [PrimaryDisplay] framebuffer target expected, but not provided
07-01 07:37:56.099  3816  3816 E display : VPP should be assigned to FramebufferTarget but it was failed ret(0)
07-01 07:37:56.101  3816  3816 E display : [PrimaryDisplay] framebuffer target expected, but not provided
07-01 07:37:56.133  3816  3816 E display : VPP should be assigned to FramebufferTarget but it was failed ret(0)
07-01 07:37:56.135  3816  3816 E display : [PrimaryDisplay] framebuffer target expected, but not provided
07-01 07:37:56.167  3816  3816 E display : VPP should be assigned to FramebufferTarget but it was failed ret(0)
07-01 07:37:56.169  3816  3816 E display : [PrimaryDisplay] framebuffer target expected, but not provided
07-01 07:37:56.201  3816  3816 E display : VPP should be assigned to FramebufferTarget but it was failed ret(0)
07-01 07:37:56.203  3816  3816 E display : [PrimaryDisplay] framebuffer target expected, but not provided
07-01 07:37:56.235  3816  3816 E display : VPP should be assigned to FramebufferTarget but it was failed ret(0)
07-01 07:37:56.237  3816  3816 E display : [PrimaryDisplay] framebuffer target expected, but not provided
07-01 07:37:56.268  3816  3816 E display : VPP should be assigned to FramebufferTarget but it was failed ret(0)
07-01 07:37:56.271  3816  3816 E display : [PrimaryDisplay] framebuffer target expected, but not provided
07-01 07:37:56.302  3816  3816 E display : VPP should be assigned to FramebufferTarget but it was failed ret(0)
07-01 07:37:56.304  3816  3816 E display : [PrimaryDisplay] framebuffer target expected, but not provided
07-01 07:37:56.336  3816  3816 E display : VPP should be assigned to FramebufferTarget but it was failed ret(0)
07-01 07:37:56.338  3816  3816 E display : [PrimaryDisplay] framebuffer target expected, but not provided
07-01 07:37:56.370  3816  3816 E display : VPP should be assigned to FramebufferTarget but it was failed ret(0)
07-01 07:37:56.372  3816  3816 E display : [PrimaryDisplay] framebuffer target expected, but not provided
07-01 07:37:56.404  3816  3816 E display : VPP should be assigned to FramebufferTarget but it was failed ret(0)
07-01 07:37:56.406  3816  3816 E display : [PrimaryDisplay] framebuffer target expected, but not provided
07-01 07:37:56.438  3816  3816 E display : VPP should be assigned to FramebufferTarget but it was failed ret(0)
07-01 07:37:56.440  3816  3816 E display : [PrimaryDisplay] framebuffer target expected, but not provided
07-01 07:37:56.472  3816  3816 E display : VPP should be assigned to FramebufferTarget but it was failed ret(0)
07-01 07:37:56.474  3816  3816 E display : [PrimaryDisplay] framebuffer target expected, but not provided
07-01 07:37:56.488  3816  3816 E display : VPP should be assigned to FramebufferTarget but it was failed ret(0)
07-01 07:37:56.491  3816  3816 E display : [PrimaryDisplay] framebuffer target expected, but not provided
07-01 07:37:56.522  3816  3816 E display : VPP should be assigned to FramebufferTarget but it was failed ret(0)
07-01 07:37:56.525  3816  3816 E display : [PrimaryDisplay] framebuffer target expected, but not provided
07-01 07:37:56.556  3816  3816 E display : VPP should be assigned to FramebufferTarget but it was failed ret(0)
07-01 07:37:56.558  3816  3816 E display : [PrimaryDisplay] framebuffer target expected, but not provided
07-01 07:37:56.590  3816  3816 E display : VPP should be assigned to FramebufferTarget but it was failed ret(0)
07-01 07:37:56.592  3816  3816 E display : [PrimaryDisplay] framebuffer target expected, but not provided
07-01 07:37:56.624  3816  3816 E display : VPP should be assigned to FramebufferTarget but it was failed ret(0)
07-01 07:37:56.626  3816  3816 E display : [PrimaryDisplay] framebuffer target expected, but not provided
07-01 07:37:56.658  3816  3816 E display : VPP should be assigned to FramebufferTarget but it was failed ret(0)
07-01 07:37:56.660  3816  3816 E display : [PrimaryDisplay] framebuffer target expected, but not provided
07-01 07:37:56.692  3816  3816 E display : VPP should be assigned to FramebufferTarget but it was failed ret(0)
07-01 07:37:56.694  3816  3816 E display : [PrimaryDisplay] framebuffer target expected, but not provided
07-01 07:37:56.726  3816  3816 E display : VPP should be assigned to FramebufferTarget but it was failed ret(0)
07-01 07:37:56.728  3816  3816 E display : [PrimaryDisplay] framebuffer target expected, but not provided
07-01 07:37:56.760  3816  3816 E display : VPP should be assigned to FramebufferTarget but it was failed ret(0)
07-01 07:37:56.762  3816  3816 E display : [PrimaryDisplay] framebuffer target expected, but not provided
07-01 07:37:56.794  3816  3816 E display : VPP should be assigned to FramebufferTarget but it was failed ret(0)
07-01 07:37:56.796  3816  3816 E display : [PrimaryDisplay] framebuffer target expected, but not provided
07-01 07:37:56.828  3816  3816 E display : VPP should be assigned to FramebufferTarget but it was failed ret(0)
07-01 07:37:56.830  3816  3816 E display : [PrimaryDisplay] framebuffer target expected, but not provided
07-01 07:37:56.862  3816  3816 E display : VPP should be assigned to FramebufferTarget but it was failed ret(0)
07-01 07:37:56.864  3816  3816 E display : [PrimaryDisplay] framebuffer target expected, but not provided
07-01 07:37:56.896  3816  3816 E display : VPP should be assigned to FramebufferTarget but it was failed ret(0)
07-01 07:37:56.898  3816  3816 E display : [PrimaryDisplay] framebuffer target expected, but not provided
07-01 07:37:56.929  3816  3816 E display : VPP should be assigned to FramebufferTarget but it was failed ret(0)
07-01 07:37:56.932  3816  3816 E display : [PrimaryDisplay] framebuffer target expected, but not provided
07-01 07:37:56.963  3816  3816 E display : VPP should be assigned to FramebufferTarget but it was failed ret(0)
07-01 07:37:56.965  3816  3816 E display : [PrimaryDisplay] framebuffer target expected, but not provided
07-01 07:37:56.997  3816  3816 E display : VPP should be assigned to FramebufferTarget but it was failed ret(0)
07-01 07:37:56.999  3816  3816 E display : [PrimaryDisplay] framebuffer target expected, but not provided
07-01 07:37:57.031  3816  3816 E display : VPP should be assigned to FramebufferTarget but it was failed ret(0)
07-01 07:37:57.033  3816  3816 E display : [PrimaryDisplay] framebuffer target expected, but not provided
07-01 07:37:57.065  3816  3816 E display : VPP should be assigned to FramebufferTarget but it was failed ret(0)
07-01 07:37:57.067  3816  3816 E display : [PrimaryDisplay] framebuffer target expected, but not provided
07-01 07:37:57.099  3816  3816 E display : VPP should be assigned to FramebufferTarget but it was failed ret(0)
07-01 07:37:57.101  3816  3816 E display : [PrimaryDisplay] framebuffer target expected, but not provided
07-01 07:37:57.133  3816  3816 E display : VPP should be assigned to FramebufferTarget but it was failed ret(0)
07-01 07:37:57.135  3816  3816 E display : [PrimaryDisplay] framebuffer target expected, but not provided
07-01 07:37:57.167  3816  3816 E display : VPP should be assigned to FramebufferTarget but it was failed ret(0)
07-01 07:37:57.169  3816  3816 E display : [PrimaryDisplay] framebuffer target expected, but not provided
07-01 07:37:57.201  3816  3816 E display : VPP should be assigned to FramebufferTarget but it was failed ret(0)
07-01 07:37:57.203  3816  3816 E display : [PrimaryDisplay] framebuffer target expected, but not provided
07-01 07:37:57.234  3816  3816 E display : VPP should be assigned to FramebufferTarget but it was failed ret(0)
07-01 07:37:57.237  3816  3816 E display : [PrimaryDisplay] framebuffer target expected, but not provided
07-01 07:37:57.268  3816  3816 E display : VPP should be assigned to FramebufferTarget but it was failed ret(0)
07-01 07:37:57.271  3816  3816 E display : [PrimaryDisplay] framebuffer target expected, but not provided
07-01 07:37:57.302  3816  3816 E display : VPP should be assigned to FramebufferTarget but it was failed ret(0)
07-01 07:37:57.304  3816  3816 E display : [PrimaryDisplay] framebuffer target expected, but not provided
07-01 07:37:57.336  3816  3816 E display : VPP should be assigned to FramebufferTarget but it was failed ret(0)
07-01 07:37:57.338  3816  3816 E display : [PrimaryDisplay] framebuffer target expected, but not provided
07-01 07:37:57.370  3816  3816 E display : VPP should be assigned to FramebufferTarget but it was failed ret(0)
07-01 07:37:57.372  3816  3816 E display : [PrimaryDisplay] framebuffer target expected, but not provided
07-01 07:37:57.404  3816  3816 E display : VPP should be assigned to FramebufferTarget but it was failed ret(0)
07-01 07:37:57.406  3816  3816 E display : [PrimaryDisplay] framebuffer target expected, but not provided
07-01 07:37:57.438  3816  3816 E display : VPP should be assigned to FramebufferTarget but it was failed ret(0)
07-01 07:37:57.440  3816  3816 E display : [PrimaryDisplay] framebuffer target expected, but not provided
07-01 07:37:57.472  3816  3816 E display : VPP should be assigned to FramebufferTarget but it was failed ret(0)
07-01 07:37:57.474  3816  3816 E display : [PrimaryDisplay] framebuffer target expected, but not provided
07-01 07:37:57.506  3816  3816 E display : VPP should be assigned to FramebufferTarget but it was failed ret(0)
07-01 07:37:57.508  3816  3816 E display : [PrimaryDisplay] framebuffer target expected, but not provided
07-01 07:37:57.540  3816  3816 E display : VPP should be assigned to FramebufferTarget but it was failed ret(0)
07-01 07:37:57.542  3816  3816 E display : [PrimaryDisplay] framebuffer target expected, but not provided
07-01 07:37:57.550  3854  3858 D BootAnimation: Use save memory method, maybe small fps in actual.
07-01 07:37:57.573  3816  3816 E display : VPP should be assigned to FramebufferTarget but it was failed ret(0)
07-01 07:37:57.576  3816  3816 E display : [PrimaryDisplay] framebuffer target expected, but not provided
07-01 07:37:57.607  3816  3816 E display : VPP should be assigned to FramebufferTarget but it was failed ret(0)
07-01 07:37:57.609  3816  3816 E display : [PrimaryDisplay] framebuffer target expected, but not provided
07-01 07:37:57.641  3816  3816 E display : VPP should be assigned to FramebufferTarget but it was failed ret(0)
07-01 07:37:57.643  3816  3816 E display : [PrimaryDisplay] framebuffer target expected, but not provided
07-01 07:37:57.675  3816  3816 E display : VPP should be assigned to FramebufferTarget but it was failed ret(0)
07-01 07:37:57.677  3816  3816 E display : [PrimaryDisplay] framebuffer target expected, but not provided
07-01 07:37:57.709  3816  3816 E display : VPP should be assigned to FramebufferTarget but it was failed ret(0)
07-01 07:37:57.711  3816  3816 E display : [PrimaryDisplay] framebuffer target expected, but not provided
07-01 07:37:57.743  3816  3816 E display : VPP should be assigned to FramebufferTarget but it was failed ret(0)
07-01 07:37:57.745  3816  3816 E display : [PrimaryDisplay] framebuffer target expected, but not provided
07-01 07:37:57.777  3816  3816 E display : VPP should be assigned to FramebufferTarget but it was failed ret(0)
07-01 07:37:57.779  3816  3816 E display : [PrimaryDisplay] framebuffer target expected, but not provided
07-01 07:37:57.811  3816  3816 E display : VPP should be assigned to FramebufferTarget but it was failed ret(0)
07-01 07:37:57.813  3816  3816 E display : [PrimaryDisplay] framebuffer target expected, but not provided
07-01 07:37:57.845  3816  3816 E display : VPP should be assigned to FramebufferTarget but it was failed ret(0)
07-01 07:37:57.847  3816  3816 E display : [PrimaryDisplay] framebuffer target expected, but not provided
07-01 07:37:57.879  3816  3816 E display : VPP should be assigned to FramebufferTarget but it was failed ret(0)
07-01 07:37:57.881  3816  3816 E display : [PrimaryDisplay] framebuffer target expected, but not provided
07-01 07:37:57.896  3816  3816 E display : VPP should be assigned to FramebufferTarget but it was failed ret(0)
07-01 07:37:57.898  3816  3816 E display : [PrimaryDisplay] framebuffer target expected, but not provided
07-01 07:37:57.929  3816  3816 E display : VPP should be assigned to FramebufferTarget but it was failed ret(0)
07-01 07:37:57.931  3816  3816 E display : [PrimaryDisplay] framebuffer target expected, but not provided
07-01 07:37:57.963  3816  3816 E display : VPP should be assigned to FramebufferTarget but it was failed ret(0)
07-01 07:37:57.965  3816  3816 E display : [PrimaryDisplay] framebuffer target expected, but not provided
07-01 07:37:57.997  3816  3816 E display : VPP should be assigned to FramebufferTarget but it was failed ret(0)
07-01 07:37:57.999  3816  3816 E display : [PrimaryDisplay] framebuffer target expected, but not provided
07-01 07:37:58.031  3816  3816 E display : VPP should be assigned to FramebufferTarget but it was failed ret(0)
07-01 07:37:58.033  3816  3816 E display : [PrimaryDisplay] framebuffer target expected, but not provided
07-01 07:37:58.065  3816  3816 E display : VPP should be assigned to FramebufferTarget but it was failed ret(0)
07-01 07:37:58.067  3816  3816 E display : [PrimaryDisplay] framebuffer target expected, but not provided
07-01 07:37:58.099  3816  3816 E display : VPP should be assigned to FramebufferTarget but it was failed ret(0)
07-01 07:37:58.101  3816  3816 E display : [PrimaryDisplay] framebuffer target expected, but not provided
07-01 07:37:58.133  3816  3816 E display : VPP should be assigned to FramebufferTarget but it was failed ret(0)
07-01 07:37:58.135  3816  3816 E display : [PrimaryDisplay] framebuffer target expected, but not provided
07-01 07:37:58.167  3816  3816 E display : VPP should be assigned to FramebufferTarget but it was failed ret(0)
07-01 07:37:58.169  3816  3816 E display : [PrimaryDisplay] framebuffer target expected, but not provided
07-01 07:37:58.201  3816  3816 E display : VPP should be assigned to FramebufferTarget but it was failed ret(0)
07-01 07:37:58.203  3816  3816 E display : [PrimaryDisplay] framebuffer target expected, but not provided
07-01 07:37:58.235  3816  3816 E display : VPP should be assigned to FramebufferTarget but it was failed ret(0)
