--------- beginning of main
05-25 07:40:43.413  2966  2966 W auditd  : type=2000 audit(0.0:1): initialized
05-25 07:40:44.463  2966  2966 W auditd  : type=1325 audit(0.0:2): table=filter family=2 entries=0
05-25 07:40:44.463  2966  2966 W auditd  : type=1325 audit(0.0:3): table=mangle family=2 entries=0
05-25 07:40:44.463  2966  2966 W auditd  : type=1325 audit(0.0:4): table=nat family=2 entries=0
05-25 07:40:44.463  2966  2966 W auditd  : type=1325 audit(0.0:5): table=raw family=2 entries=0
05-25 07:40:44.463  2966  2966 W auditd  : type=1325 audit(0.0:6): table=security family=2 entries=0
05-25 07:40:44.463  2966  2966 W auditd  : type=1325 audit(0.0:7): table=filter family=3 entries=0
05-25 07:40:44.463  2966  2966 W auditd  : type=1325 audit(0.0:8): table=filter family=10 entries=0
05-25 07:40:44.463  2966  2966 W auditd  : type=1325 audit(0.0:9): table=mangle family=10 entries=0
05-25 07:40:44.463  2966  2966 W auditd  : type=1325 audit(0.0:10): table=raw family=10 entries=0
05-25 07:40:44.463  2966  2966 W auditd  : type=1325 audit(0.0:11): table=nat family=10 entries=0
05-25 07:40:44.769  2966  2966 W auditd  : type=1305 audit(0.0:12): audit_pid=2882 old=0 auid=4294967295 ses=4294967295 res=1
05-25 07:40:44.769  2966  2966 W auditd  : type=1305 audit(0.0:13): audit_rate_limit=20 old=0 auid=4294967295 ses=4294967295 res=1
05-25 07:40:44.794  2893  2893 I lowmemorykiller: Using in-kernel low memory killer interface
05-25 07:40:44.802  2896  2896 I sysinit : Running /system/etc/init.d/00banner 
05-25 07:40:44.812  2903  2903 I cm      : ____ _   _ ____ _  _ ____ ____ ____ _  _ _  _ ____ ___ 
--------- beginning of system
05-25 07:40:44.816  2883  2883 I vold    : Vold 3.0 (the awakening) firing up
05-25 07:40:44.817  2883  2883 V vold    : Detected support for: exfat ext4 f2fs ntfs vfat
05-25 07:40:44.817  2904  2904 I cm      : |     \_/  |__| |\ | |  | | __ |___ |\ | |\/| |  | |  \ 
05-25 07:40:44.817  2895  2895 I SurfaceFlinger: SurfaceFlinger is starting
05-25 07:40:44.818  2895  2895 E SchedPolicy: /system/bin/surfaceflinger add_tid_to_cgroup failed; fd=-1
05-25 07:40:44.818  2895  2895 I SurfaceFlinger: SurfaceFlinger's main thread ready to run. Initializing graphics H/W...
05-25 07:40:44.823  2909  2909 I cm      : |___   |   |  | | \| |__| |__] |___ | \| |  | |__| |__/ 
05-25 07:40:44.832  2883  2961 D VoldCryptCmdListener: cryptfs mountdefaultencrypted
05-25 07:40:44.832  2883  2961 I Ext4Crypt: ext4 crypto complete called on /data
05-25 07:40:44.832  2883  2961 I Ext4Crypt: No master key, so not ext4enc
05-25 07:40:44.832  2883  2961 I Cryptfs : cryptfs_check_passwd
05-25 07:40:44.832  2883  2961 I Ext4Crypt: ext4 crypto complete called on /data
05-25 07:40:44.832  2883  2961 I Ext4Crypt: No master key, so not ext4enc
05-25 07:40:44.832  2883  2961 D Cryptfs : crypt_ftr->fs_size = 52821984
05-25 07:40:44.832  2883  2961 I Cryptfs : Using scrypt for cryptfs KDF
05-25 07:40:44.840  2963  2963 I cm      : Welcome to Android 6.0.1 / CyanogenMod-13.0-20160525-UNOFFICIAL-hero2ltexx 
05-25 07:40:44.846  2964  2964 I sysinit : Running /system/etc/init.d/90userinit 
05-25 07:40:44.858  2895  2895 D libEGL  : loaded /vendor/lib64/egl/libGLES_mali.so
05-25 07:40:44.872  2895  2895 I gralloc : using (id=)
05-25 07:40:44.872  2895  2895 I gralloc : xres         = 1440 px
05-25 07:40:44.872  2895  2895 I gralloc : yres         = 2560 px
05-25 07:40:44.872  2895  2895 I gralloc : width        = 68 mm (537.882324 dpi)
05-25 07:40:44.872  2895  2895 I gralloc : height       = 122 mm (532.983582 dpi)
05-25 07:40:44.872  2895  2895 I gralloc : refresh rate = 59.31 Hz
05-25 07:40:44.883  2895  2895 D hwcomposer: using
05-25 07:40:44.883  2895  2895 D hwcomposer: xres         = 1440 px
05-25 07:40:44.883  2895  2895 D hwcomposer: yres         = 2560 px
05-25 07:40:44.883  2895  2895 D hwcomposer: width        = 68 mm (537.882000 dpi)
05-25 07:40:44.883  2895  2895 D hwcomposer: height       = 122 mm (532.983000 dpi)
05-25 07:40:44.883  2895  2895 D hwcomposer: refresh rate = 59 Hz
05-25 07:40:44.883  2895  2895 I hwcomposer: PSR info devname = /sys/devices/13960000.decon_f/psr_info
05-25 07:40:44.883  2895  2895 I hwcomposer: PSR mode is 6(0: video mode, 1: DP PSR mode, 2: MIPI-DSI command mode)
05-25 07:40:44.883  2895  2895 I SurfaceFlinger: Using composer version 1.3
05-25 07:40:44.883  2895  2895 E display : unknown display attribute 6
05-25 07:40:44.883  2895  2895 I SurfaceFlinger: EGL information:
05-25 07:40:44.883  2895  2895 I SurfaceFlinger: vendor    : Android
05-25 07:40:44.883  2895  2895 I SurfaceFlinger: version   : 1.4 Android META-EGL
05-25 07:40:44.883  2895  2895 I SurfaceFlinger: extensions: EGL_KHR_get_all_proc_addresses EGL_ANDROID_presentation_time EGL_KHR_swap_buffers_with_damage EGL_KHR_image EGL_KHR_image_base EGL_KHR_gl_texture_2D_image EGL_KHR_gl_texture_cubemap_image EGL_KHR_gl_renderbuffer_image EGL_KHR_fence_sync EGL_KHR_create_context EGL_KHR_config_attribs EGL_KHR_surfaceless_context EGL_EXT_create_context_robustness EGL_ANDROID_image_native_buffer EGL_KHR_wait_sync EGL_ANDROID_recordable EGL_KHR_partial_update 
05-25 07:40:44.883  2895  2895 I SurfaceFlinger: Client API: OpenGL_ES
05-25 07:40:44.883  2895  2895 I SurfaceFlinger: EGLSurface: 8-8-8-8, config=0x7fb2010128
05-25 07:40:44.883  2895  2895 D         : ro.exynos.dss isEnabled: 0
05-25 07:40:44.888  2895  2895 I SurfaceFlinger: OpenGL ES informations:
05-25 07:40:44.888  2895  2895 I SurfaceFlinger: vendor    : ARM
05-25 07:40:44.888  2895  2895 I SurfaceFlinger: renderer  : Mali-T880
05-25 07:40:44.888  2895  2895 I SurfaceFlinger: version   : OpenGL ES 3.1 v1.r9p0-12dev0.c2bae768d87bf40047e1f310c8de7f16
05-25 07:40:44.888  2895  2895 I SurfaceFlinger: extensions: GL_EXT_debug_marker GL_ARM_rgba8 GL_ARM_mali_shader_binary GL_OES_depth24 GL_OES_depth_texture GL_OES_depth_texture_cube_map GL_OES_packed_depth_stencil GL_OES_rgb8_rgba8 GL_EXT_read_format_bgra GL_OES_compressed_paletted_texture GL_OES_compressed_ETC1_RGB8_texture GL_OES_standard_derivatives GL_OES_EGL_image GL_OES_EGL_image_external GL_OES_EGL_sync GL_OES_texture_npot GL_OES_vertex_half_float GL_OES_required_internalformat GL_OES_vertex_array_object GL_OES_mapbuffer GL_EXT_texture_format_BGRA8888 GL_EXT_texture_rg GL_EXT_texture_type_2_10_10_10_REV GL_OES_fbo_render_mipmap GL_OES_element_index_uint GL_EXT_shadow_samplers GL_OES_texture_compression_astc GL_KHR_texture_compression_astc_ldr GL_KHR_texture_compression_astc_hdr GL_KHR_debug GL_EXT_occlusion_query_boolean GL_EXT_disjoint_timer_query GL_EXT_blend_minmax GL_EXT_discard_framebuffer GL_OES_get_program_binary GL_OES_texture_3D GL_EXT_texture_storage GL_EXT_multisampled_render_to_texture GL_OES_surfaceless_context GL_OES_texture_stencil8 G
05-25 07:40:44.888  2895  2895 I SurfaceFlinger: GL_MAX_TEXTURE_SIZE = 8192
05-25 07:40:44.888  2895  2895 I SurfaceFlinger: GL_MAX_VIEWPORT_DIMS = 8192
05-25 07:40:44.888  2895  2895 D mali_winsys: new_window_surface returns 0x3000,  [1440x2560]-format:1
05-25 07:40:44.905  2895  2895 D SurfaceFlinger: Set power mode=2, type=0 flinger=0x7fb2503c00
05-25 07:40:45.013  2987  2992 D libEGL  : loaded /vendor/lib64/egl/libGLES_mali.so
05-25 07:40:45.021  2987  2992 D mali_winsys: new_window_surface returns 0x3000,  [1440x2560]-format:2
05-25 07:40:45.021  2987  2992 D         : ro.exynos.dss isEnabled: 0
05-25 07:40:45.024  2987  2992 E BootAnimation: couldn't find audio_conf.txt
05-25 07:40:45.037  2987  2992 D BootAnimation: Use save memory method, maybe small fps in actual.
05-25 07:40:45.119  2895  2895 W surfaceflinger: type=1701 audit(0.0:14): auid=4294967295 uid=1000 gid=1003 ses=4294967295 exe="/system/bin/surfaceflinger" sig=6
05-25 07:40:45.122  2895  2895 D SurfaceFlinger: SF. shader cache generated - 26 shaders in 115.913078 ms
05-25 07:40:45.126  2895  2895 E display : ioctl S3CFB_WIN_CONFIG failed: Not a typewriter
05-25 07:40:45.126  2895  2895 F display : ioctl S3CFB_WIN_CONFIG failed to clear screen: Not a typewriter
--------- beginning of crash
05-25 07:40:45.126  2895  2895 F libc    : Fatal signal 6 (SIGABRT), code -6 in tid 2895 (surfaceflinger)
05-25 07:40:45.127  2895  2895 F libc    : Unable to open connection to debuggerd: Connection refused
05-25 07:40:45.143  2987  2992 D         : NULL == surf->write_back_color_buffer
05-25 07:40:45.143  2987  2992 W         : GLES-MALI OOM error: failed to allocate CPU memory (gles_fb_first_drawcall_cb at hardware/samsung_slsi/MaliT880_r9p0_12dev0_JF/product/gles/src/fb/mali_gles_fb_module_api.c:1291)
05-25 07:40:45.143  2987  2992 D         : NULL == surf->write_back_color_buffer
05-25 07:40:45.164  2987  2991 W SurfaceComposerClient: ComposerService remote (surfaceflinger) died [0x7f84863320]
05-25 07:40:45.164  2987  2991 D BootAnimation: SurfaceFlinger died, exiting...
05-25 07:40:45.165  2894  2894 I ServiceManager: service 'SurfaceFlinger' died
05-25 07:40:45.274  2883  2961 I Cryptfs : Enabling support for allow_discards in dmcrypt.
05-25 07:40:45.274  2883  2961 I Cryptfs : target_type = crypt
05-25 07:40:45.274  2883  2961 I Cryptfs : real_blk_name = /dev/block/platform/155a0000.ufs/by-name/USERDATA, extra_params = 1 allow_discards
05-25 07:40:45.276  2883  2910 D vold    : Disk at 253:0 changed
05-25 07:40:45.500  3007  3007 D AndroidRuntime: >>>>>> START com.android.internal.os.ZygoteInit uid 0 <<<<<<
05-25 07:40:45.512  3007  3007 D AndroidRuntime: CheckJNI is ON
05-25 07:40:45.516  3007  3007 I art     : option[0]=-Xzygote
05-25 07:40:45.516  3007  3007 I art     : option[1]=-Xcheck:jni
05-25 07:40:45.516  3007  3007 I art     : option[2]=-Xstacktracefile:/data/anr/traces.txt
05-25 07:40:45.516  3007  3007 I art     : option[3]=exit
05-25 07:40:45.516  3007  3007 I art     : option[4]=vfprintf
05-25 07:40:45.516  3007  3007 I art     : option[5]=sensitiveThread
05-25 07:40:45.516  3007  3007 I art     : option[6]=-verbose:gc
05-25 07:40:45.516  3007  3007 I art     : option[7]=-Xms8m
05-25 07:40:45.516  3007  3007 I art     : option[8]=-Xmx512m
05-25 07:40:45.516  3007  3007 I art     : option[9]=-XX:HeapGrowthLimit=256m
05-25 07:40:45.516  3007  3007 I art     : option[10]=-XX:HeapMinFree=2m
05-25 07:40:45.516  3007  3007 I art     : option[11]=-XX:HeapMaxFree=8m
05-25 07:40:45.516  3007  3007 I art     : option[12]=-XX:HeapTargetUtilization=0.75
05-25 07:40:45.516  3007  3007 I art     : option[13]=-Xusejit:true
05-25 07:40:45.516  3007  3007 I art     : option[14]=-agentlib:jdwp=transport=dt_android_adb,suspend=n,server=y
05-25 07:40:45.516  3007  3007 I art     : option[15]=-Xlockprofthreshold:500
05-25 07:40:45.516  3007  3007 I art     : option[16]=-Ximage-compiler-option
05-25 07:40:45.516  3007  3007 I art     : option[17]=--runtime-arg
05-25 07:40:45.516  3007  3007 I art     : option[18]=-Ximage-compiler-option
05-25 07:40:45.516  3007  3007 I art     : option[19]=-Xms64m
05-25 07:40:45.516  3007  3007 I art     : option[20]=-Ximage-compiler-option
05-25 07:40:45.516  3007  3007 I art     : option[21]=--runtime-arg
05-25 07:40:45.516  3007  3007 I art     : option[22]=-Ximage-compiler-option
05-25 07:40:45.516  3007  3007 I art     : option[23]=-Xmx64m
05-25 07:40:45.516  3007  3007 I art     : option[24]=-Ximage-compiler-option
05-25 07:40:45.516  3007  3007 I art     : option[25]=--compiler-filter=verify-at-runtime
05-25 07:40:45.516  3007  3007 I art     : option[26]=-Ximage-compiler-option
05-25 07:40:45.516  3007  3007 I art     : option[27]=--image-classes=/system/etc/preloaded-classes
05-25 07:40:45.516  3007  3007 I art     : option[28]=-Xcompiler-option
05-25 07:40:45.516  3007  3007 I art     : option[29]=--runtime-arg
05-25 07:40:45.516  3007  3007 I art     : option[30]=-Xcompiler-option
05-25 07:40:45.516  3007  3007 I art     : option[31]=-Xms64m
05-25 07:40:45.516  3007  3007 I art     : option[32]=-Xcompiler-option
05-25 07:40:45.516  3007  3007 I art     : option[33]=--runtime-arg
05-25 07:40:45.516  3007  3007 I art     : option[34]=-Xcompiler-option
05-25 07:40:45.516  3007  3007 I art     : option[35]=-Xmx512m
05-25 07:40:45.516  3007  3007 I art     : option[36]=-Xcompiler-option
05-25 07:40:45.516  3007  3007 I art     : option[37]=--compiler-filter=verify-at-runtime
05-25 07:40:45.516  3007  3007 I art     : option[38]=-Ximage-compiler-option
05-25 07:40:45.516  3007  3007 I art     : option[39]=--instruction-set-variant=generic
05-25 07:40:45.516  3007  3007 I art     : option[40]=-Xcompiler-option
05-25 07:40:45.516  3007  3007 I art     : option[41]=--instruction-set-variant=generic
05-25 07:40:45.516  3007  3007 I art     : option[42]=-Ximage-compiler-option
05-25 07:40:45.516  3007  3007 I art     : option[43]=--instruction-set-features=default
05-25 07:40:45.516  3007  3007 I art     : option[44]=-Xcompiler-option
05-25 07:40:45.516  3007  3007 I art     : option[45]=--instruction-set-features=default
05-25 07:40:45.516  3007  3007 I art     : option[46]=-Duser.locale=en-US
05-25 07:40:45.516  3007  3007 I art     : option[47]=--cpu-abilist=arm64-v8a,armeabi
05-25 07:40:45.516  3007  3007 I art     : option[48]=-Xfingerprint:samsung/cm_hero2ltexx/hero2ltexx:6.0.1/MOB30J/b0fe1115db:eng/test-keys
05-25 07:40:45.520  3007  3007 I art     : Pruning dalvik-cache since we are generating an image and will need to recompile
05-25 07:40:45.520  3007  3007 I art     : Using an offset of 0xff1ec000 from default art base address of 0x70000000
05-25 07:40:45.520  3007  3007 I art     : GenerateImage: /system/bin/dex2oat --image=/data/dalvik-cache/arm64/system@framework@boot.art --dex-file=/system/framework/core-libart.jar --dex-file=/system/framework/conscrypt.jar --dex-file=/system/framework/okhttp.jar --dex-file=/system/framework/core-junit.jar --dex-file=/system/framework/bouncycastle.jar --dex-file=/system/framework/ext.jar --dex-file=/system/framework/framework.jar --dex-file=/system/framework/telephony-common.jar --dex-file=/system/framework/voip-common.jar --dex-file=/system/framework/ims-common.jar --dex-file=/system/framework/apache-xml.jar --dex-file=/system/framework/org.apache.http.legacy.boot.jar --oat-file=/data/dalvik-cache/arm64/system@framework@boot.oat --instruction-set=arm64 --instruction-set-features=smp,a53 --base=0x6f1ec000 --runtime-arg -Xms64m --runtime-arg -Xmx64m --compiler-filter=verify-at-runtime --image-classes=/system/etc/preloaded-classes --instruction-set-variant=generic --instruction-set-features=default
05-25 07:40:45.565  3021  3021 I dex2oat : /system/bin/dex2oat --image=/data/dalvik-cache/arm64/system@framework@boot.art --dex-file=/system/framework/core-libart.jar --dex-file=/system/framework/conscrypt.jar --dex-file=/system/framework/okhttp.jar --dex-file=/system/framework/core-junit.jar --dex-file=/system/framework/bouncycastle.jar --dex-file=/system/framework/ext.jar --dex-file=/system/framework/framework.jar --dex-file=/system/framework/telephony-common.jar --dex-file=/system/framework/voip-common.jar --dex-file=/system/framework/ims-common.jar --dex-file=/system/framework/apache-xml.jar --dex-file=/system/framework/org.apache.http.legacy.boot.jar --oat-file=/data/dalvik-cache/arm64/system@framework@boot.oat --instruction-set=arm64 --instruction-set-features=smp,a53 --base=0x6f1ec000 --runtime-arg -Xms64m --runtime-arg -Xmx64m --compiler-filter=verify-at-runtime --image-classes=/system/etc/preloaded-classes --instruction-set-variant=generic --instruction-set-features=default
05-25 07:40:45.571  3021  3021 I dex2oat : setting boot class path to /system/framework/core-libart.jar:/system/framework/conscrypt.jar:/system/framework/okhttp.jar:/system/framework/core-junit.jar:/system/framework/bouncycastle.jar:/system/framework/ext.jar:/system/framework/framework.jar:/system/framework/telephony-common.jar:/system/framework/voip-common.jar:/system/framework/ims-common.jar:/system/framework/apache-xml.jar:/system/framework/org.apache.http.legacy.boot.jar
05-25 07:40:45.709  2883  2961 I Cryptfs : Password matches
05-25 07:40:45.709  2883  2961 D Cryptfs : test_mount_encrypted_fs(): Master key saved
05-25 07:40:45.713  2883  2961 I Cryptfs : keymaster module name is Keymaster OpenSSL HAL
05-25 07:40:45.713  2883  2961 I Cryptfs : keymaster version is 2
05-25 07:40:45.713  2883  2961 I Cryptfs : Found keymaster0 module, using keymaster0 API.
05-25 07:40:45.713  2883  2961 D Cryptfs : Password is default - restarting filesystem
05-25 07:40:46.997  3021  3021 W dex2oat : Skipping class com.quicinc.tcmiface.DpmTcmIface from /system/framework/org.apache.http.legacy.boot.jar previously found in /system/framework/okhttp.jar
05-25 07:40:47.331  3021  3021 I dex2oat : Explicit concurrent mark sweep GC freed 58616(21MB) AllocSpace objects, 0(0B) LOS objects, 34% free, 7MB/11MB, paused 80us total 10.004ms
05-25 07:40:47.528  3021  3021 I dex2oat : dex2oat took 1.964s (threads: 8) arena alloc=784B java alloc=7MB native alloc=10MB free=10MB
05-25 07:40:47.562  3007  3007 D ICU     : No timezone override file found: /data/misc/zoneinfo/current/icu/icu_tzdata.dat
05-25 07:40:47.701  3007  3007 I Radio-JNI: register_android_hardware_Radio DONE
05-25 07:40:47.742  3007  3007 I SamplingProfilerIntegration: Profiling disabled.
05-25 07:40:47.742  3007  3007 D Zygote  : begin preload
05-25 07:40:47.744  3007  3007 I Zygote  : Preloading classes...
05-25 07:40:48.161  3007  3007 E Minikin : addFont failed to create font /system/fonts/NanumGothic.ttf
05-25 07:40:48.161  3007  3007 E Minikin : addFont failed to create font /system/fonts/DroidSansFallback.ttf
05-25 07:40:48.162  3007  3007 E Minikin : addFont failed to create font /system/fonts/MTLmr3m.ttf
05-25 07:40:48.261  3007  3007 V DngCreator_JNI: DngCreator_nativeClassInit:
05-25 07:40:48.916  3007  3007 I art     : Thread[1,tid=3007,Native,Thread*=0x7f79abba00,peer=0x12c532e0,"main"] recursive attempt to load library "/system/lib64/libmedia_jni.so"
05-25 07:40:48.916  3007  3007 D MtpDeviceJNI: register_android_mtp_MtpDevice
05-25 07:40:48.917  3007  3007 I art     : Thread[1,tid=3007,Native,Thread*=0x7f79abba00,peer=0x12c532e0,"main"] recursive attempt to load library "/system/lib64/libmedia_jni.so"
05-25 07:40:48.917  3007  3007 I art     : Thread[1,tid=3007,Native,Thread*=0x7f79abba00,peer=0x12c532e0,"main"] recursive attempt to load library "/system/lib64/libmedia_jni.so"
05-25 07:40:49.434  3007  3007 W System  : ClassLoader referenced unknown path: /system/framework/tcmclient.jar
05-25 07:40:49.730  3034  3034 I SurfaceFlinger: SurfaceFlinger is starting
05-25 07:40:49.730  3034  3034 E SchedPolicy: /system/bin/surfaceflinger add_tid_to_cgroup failed; fd=-1
05-25 07:40:49.730  3034  3034 I SurfaceFlinger: SurfaceFlinger's main thread ready to run. Initializing graphics H/W...
05-25 07:40:49.736  3034  3034 D libEGL  : loaded /vendor/lib64/egl/libGLES_mali.so
05-25 07:40:49.743  3034  3034 I gralloc : using (id=)
05-25 07:40:49.743  3034  3034 I gralloc : xres         = 1440 px
05-25 07:40:49.743  3034  3034 I gralloc : yres         = 2560 px
05-25 07:40:49.743  3034  3034 I gralloc : width        = 68 mm (537.882324 dpi)
05-25 07:40:49.743  3034  3034 I gralloc : height       = 122 mm (532.983582 dpi)
05-25 07:40:49.743  3034  3034 I gralloc : refresh rate = 59.31 Hz
05-25 07:40:49.748  3034  3034 D hwcomposer: using
05-25 07:40:49.748  3034  3034 D hwcomposer: xres         = 1440 px
05-25 07:40:49.748  3034  3034 D hwcomposer: yres         = 2560 px
05-25 07:40:49.748  3034  3034 D hwcomposer: width        = 68 mm (537.882000 dpi)
05-25 07:40:49.748  3034  3034 D hwcomposer: height       = 122 mm (532.983000 dpi)
05-25 07:40:49.748  3034  3034 D hwcomposer: refresh rate = 59 Hz
05-25 07:40:49.748  3034  3034 I hwcomposer: PSR info devname = /sys/devices/13960000.decon_f/psr_info
05-25 07:40:49.748  3034  3034 I hwcomposer: PSR mode is 6(0: video mode, 1: DP PSR mode, 2: MIPI-DSI command mode)
05-25 07:40:49.748  3034  3034 I SurfaceFlinger: Using composer version 1.3
05-25 07:40:49.748  3034  3034 E display : unknown display attribute 6
05-25 07:40:49.748  3034  3034 I SurfaceFlinger: EGL information:
05-25 07:40:49.748  3034  3034 I SurfaceFlinger: vendor    : Android
05-25 07:40:49.748  3034  3034 I SurfaceFlinger: version   : 1.4 Android META-EGL
05-25 07:40:49.748  3034  3034 I SurfaceFlinger: extensions: EGL_KHR_get_all_proc_addresses EGL_ANDROID_presentation_time EGL_KHR_swap_buffers_with_damage EGL_KHR_image EGL_KHR_image_base EGL_KHR_gl_texture_2D_image EGL_KHR_gl_texture_cubemap_image EGL_KHR_gl_renderbuffer_image EGL_KHR_fence_sync EGL_KHR_create_context EGL_KHR_config_attribs EGL_KHR_surfaceless_context EGL_EXT_create_context_robustness EGL_ANDROID_image_native_buffer EGL_KHR_wait_sync EGL_ANDROID_recordable EGL_KHR_partial_update 
05-25 07:40:49.748  3034  3034 I SurfaceFlinger: Client API: OpenGL_ES
05-25 07:40:49.748  3034  3034 I SurfaceFlinger: EGLSurface: 8-8-8-8, config=0x7f9d27b128
05-25 07:40:49.748  3034  3034 D         : ro.exynos.dss isEnabled: 0
05-25 07:40:49.750  3034  3034 I SurfaceFlinger: OpenGL ES informations:
05-25 07:40:49.750  3034  3034 I SurfaceFlinger: vendor    : ARM
05-25 07:40:49.750  3034  3034 I SurfaceFlinger: renderer  : Mali-T880
05-25 07:40:49.750  3034  3034 I SurfaceFlinger: version   : OpenGL ES 3.1 v1.r9p0-12dev0.c2bae768d87bf40047e1f310c8de7f16
05-25 07:40:49.750  3034  3034 I SurfaceFlinger: extensions: GL_EXT_debug_marker GL_ARM_rgba8 GL_ARM_mali_shader_binary GL_OES_depth24 GL_OES_depth_texture GL_OES_depth_texture_cube_map GL_OES_packed_depth_stencil GL_OES_rgb8_rgba8 GL_EXT_read_format_bgra GL_OES_compressed_paletted_texture GL_OES_compressed_ETC1_RGB8_texture GL_OES_standard_derivatives GL_OES_EGL_image GL_OES_EGL_image_external GL_OES_EGL_sync GL_OES_texture_npot GL_OES_vertex_half_float GL_OES_required_internalformat GL_OES_vertex_array_object GL_OES_mapbuffer GL_EXT_texture_format_BGRA8888 GL_EXT_texture_rg GL_EXT_texture_type_2_10_10_10_REV GL_OES_fbo_render_mipmap GL_OES_element_index_uint GL_EXT_shadow_samplers GL_OES_texture_compression_astc GL_KHR_texture_compression_astc_ldr GL_KHR_texture_compression_astc_hdr GL_KHR_debug GL_EXT_occlusion_query_boolean GL_EXT_disjoint_timer_query GL_EXT_blend_minmax GL_EXT_discard_framebuffer GL_OES_get_program_binary GL_OES_texture_3D GL_EXT_texture_storage GL_EXT_multisampled_render_to_texture GL_OES_surfaceless_context GL_OES_texture_stencil8 G
05-25 07:40:49.750  3034  3034 I SurfaceFlinger: GL_MAX_TEXTURE_SIZE = 8192
05-25 07:40:49.750  3034  3034 I SurfaceFlinger: GL_MAX_VIEWPORT_DIMS = 8192
05-25 07:40:49.751  3034  3034 D mali_winsys: new_window_surface returns 0x3000,  [1440x2560]-format:1
05-25 07:40:49.752  3034  3034 D SurfaceFlinger: Set power mode=2, type=0 flinger=0x7f9d243c00
05-25 07:40:49.771  3007  3007 I System  : Loaded time zone names for "" in 26ms (23ms in ICU)
05-25 07:40:49.805  3007  3007 I System  : Loaded time zone names for "en_US" in 34ms (13ms in ICU)
05-25 07:40:49.889  3034  3034 W surfaceflinger: type=1701 audit(0.0:15): auid=4294967295 uid=1000 gid=1003 ses=4294967295 exe="/system/bin/surfaceflinger" sig=6
05-25 07:40:49.899  3034  3034 D SurfaceFlinger: SF. shader cache generated - 26 shaders in 107.350883 ms
05-25 07:40:49.903  3034  3034 E display : ioctl S3CFB_WIN_CONFIG failed: Not a typewriter
05-25 07:40:49.903  3034  3034 F display : ioctl S3CFB_WIN_CONFIG failed to clear screen: Not a typewriter
05-25 07:40:49.903  3034  3034 F libc    : Fatal signal 6 (SIGABRT), code -6 in tid 3034 (surfaceflinger)
05-25 07:40:49.903  3034  3034 F libc    : Unable to open connection to debuggerd: Connection refused
05-25 07:40:49.954  2894  2894 I ServiceManager: service 'SurfaceFlinger' died
05-25 07:40:49.954  3056  3058 W SurfaceComposerClient: ComposerService remote (surfaceflinger) died [0x7fa49a3320]
05-25 07:40:49.954  3056  3058 D BootAnimation: SurfaceFlinger died, exiting...
05-25 07:40:49.976  3007  3007 I Zygote  : ...preloaded 3831 classes in 2232ms.
05-25 07:40:49.976  3007  3007 I art     : VMRuntime.preloadDexCaches starting
05-25 07:40:50.020  3062  3062 I Netd    : Netd 1.0 starting
05-25 07:40:50.020  3062  3062 I QtiConnectivityAdapter: Failed to open libconnctrl, some features may not be present.
05-25 07:40:50.020  3062  3062 D TetherController: Setting IP forward enable = 0
05-25 07:40:50.049  2966  2966 W auditd  : type=1325 audit(0.0:16): table=filter family=2 entries=4
05-25 07:40:50.049  2966  2966 W auditd  : type=1320 audit(0.0:16): 
05-25 07:40:50.049  2966  2966 W auditd  : type=1325 audit(0.0:17): table=filter family=10 entries=4
05-25 07:40:50.049  2966  2966 W auditd  : type=1320 audit(0.0:17): 
05-25 07:40:50.049  2966  2966 W auditd  : type=1325 audit(0.0:18): table=filter family=2 entries=6
05-25 07:40:50.049  2966  2966 W auditd  : type=1320 audit(0.0:18): 
05-25 07:40:50.059  2966  2966 W auditd  : type=1325 audit(0.0:19): table=filter family=10 entries=6
05-25 07:40:50.059  2966  2966 W auditd  : type=1320 audit(0.0:19): 
05-25 07:40:50.089  2966  2966 W auditd  : type=1325 audit(0.0:20): table=filter family=2 entries=7
05-25 07:40:50.089  2966  2966 W auditd  : type=1320 audit(0.0:20): 
05-25 07:40:50.089  2966  2966 W auditd  : type=1325 audit(0.0:21): table=filter family=10 entries=7
05-25 07:40:50.089  2966  2966 W auditd  : type=1320 audit(0.0:21): 
05-25 07:40:50.099  2966  2966 W auditd  : type=1325 audit(0.0:22): table=filter family=2 entries=9
05-25 07:40:50.099  2966  2966 W auditd  : type=1320 audit(0.0:22): 
05-25 07:40:50.099  2966  2966 W auditd  : type=1325 audit(0.0:23): table=filter family=10 entries=9
05-25 07:40:50.099  2966  2966 W auditd  : type=1320 audit(0.0:23): 
05-25 07:40:50.129  2966  2966 W auditd  : type=1325 audit(0.0:24): table=filter family=2 entries=10
05-25 07:40:50.129  2966  2966 W auditd  : type=1320 audit(0.0:24): 
05-25 07:40:50.139  2966  2966 W auditd  : type=1325 audit(0.0:25): table=filter family=10 entries=10
05-25 07:40:50.139  2966  2966 W auditd  : type=1320 audit(0.0:25): 
05-25 07:40:50.139  2966  2966 W auditd  : type=1325 audit(0.0:26): table=filter family=2 entries=12
05-25 07:40:50.139  2966  2966 W auditd  : type=1320 audit(0.0:26): 
05-25 07:40:50.149  2966  2966 W auditd  : type=1325 audit(0.0:27): table=filter family=10 entries=12
05-25 07:40:50.149  2966  2966 W auditd  : type=1320 audit(0.0:27): 
05-25 07:40:50.179  2966  2966 W auditd  : type=1325 audit(0.0:28): table=filter family=2 entries=13
05-25 07:40:50.179  2966  2966 W auditd  : type=1320 audit(0.0:28): 
05-25 07:40:50.179  2966  2966 W auditd  : type=1325 audit(0.0:29): table=filter family=10 entries=13
05-25 07:40:50.179  2966  2966 W auditd  : type=1320 audit(0.0:29): 
05-25 07:40:50.189  2966  2966 W auditd  : type=1325 audit(0.0:30): table=filter family=2 entries=15
05-25 07:40:50.189  2966  2966 W auditd  : type=1320 audit(0.0:30): 
05-25 07:40:50.189  2966  2966 W auditd  : type=1325 audit(0.0:31): table=filter family=10 entries=15
05-25 07:40:50.189  2966  2966 W auditd  : type=1320 audit(0.0:31): 
05-25 07:40:50.192  3061  3061 I mediaserver: ServiceManager: 0xf638e120
05-25 07:40:50.192  3061  3061 I AudioFlinger: Using default 3000 mSec as standby time.
05-25 07:40:50.193  3061  3061 E BatteryNotifier: batterystats service unavailable!
05-25 07:40:50.193  3061  3061 E BatteryNotifier: batterystats service unavailable!
05-25 07:40:50.193  3061  3061 I CameraService: CameraService started (pid=3061)
05-25 07:40:50.193  3061  3061 I CameraService: CameraService process starting
05-25 07:40:50.193  3061  3061 E BatteryNotifier: batterystats service unavailable!
05-25 07:40:50.193  3061  3061 E BatteryNotifier: batterystats service unavailable!
05-25 07:40:50.194  3061  3061 E CameraService: Could not load camera HAL module: -2 (No such file or directory)
05-25 07:40:50.194  3061  3061 I AudioPolicyService: AudioPolicyService CSTOR in new mode
05-25 07:40:50.195  3061  3061 W APM::HwModule: loadOutput() invalid supported devices
05-25 07:40:50.195  3061  3061 W APM::HwModule: loadOutput() invalid supported devices
05-25 07:40:50.195  3061  3061 W APM::HwModule: loadInput() invalid supported devices
05-25 07:40:50.195  3061  3061 W APM::HwModule: loadInput() invalid supported devices
05-25 07:40:50.195  3061  3061 I APM::ConfigParsingUtils: loadAudioPolicyConfig() loaded /system/etc/audio_policy.conf
05-25 07:40:50.209  3063  3063 D AndroidRuntime: >>>>>> START com.android.internal.os.ZygoteInit uid 0 <<<<<<
05-25 07:40:50.212  3063  3063 D AndroidRuntime: CheckJNI is ON
05-25 07:40:50.212  3063  3063 I art     : option[0]=-Xzygote
05-25 07:40:50.212  3063  3063 I art     : option[1]=-Xcheck:jni
05-25 07:40:50.212  3063  3063 I art     : option[2]=-Xstacktracefile:/data/anr/traces.txt
05-25 07:40:50.212  3063  3063 I art     : option[3]=exit
05-25 07:40:50.212  3063  3063 I art     : option[4]=vfprintf
05-25 07:40:50.212  3063  3063 I art     : option[5]=sensitiveThread
05-25 07:40:50.212  3063  3063 I art     : option[6]=-verbose:gc
05-25 07:40:50.212  3063  3063 I art     : option[7]=-Xms8m
05-25 07:40:50.212  3063  3063 I art     : option[8]=-Xmx512m
05-25 07:40:50.212  3063  3063 I art     : option[9]=-XX:HeapGrowthLimit=256m
05-25 07:40:50.212  3063  3063 I art     : option[10]=-XX:HeapMinFree=2m
05-25 07:40:50.212  3063  3063 I art     : option[11]=-XX:HeapMaxFree=8m
05-25 07:40:50.212  3063  3063 I art     : option[12]=-XX:HeapTargetUtilization=0.75
05-25 07:40:50.212  3063  3063 I art     : option[13]=-Xusejit:true
05-25 07:40:50.212  3063  3063 I art     : option[14]=-agentlib:jdwp=transport=dt_android_adb,suspend=n,server=y
05-25 07:40:50.212  3063  3063 I art     : option[15]=-Xlockprofthreshold:500
05-25 07:40:50.212  3063  3063 I art     : option[16]=-Ximage-compiler-option
05-25 07:40:50.212  3063  3063 I art     : option[17]=--runtime-arg
05-25 07:40:50.212  3063  3063 I art     : option[18]=-Ximage-compiler-option
05-25 07:40:50.212  3063  3063 I art     : option[19]=-Xms64m
05-25 07:40:50.212  3063  3063 I art     : option[20]=-Ximage-compiler-option
05-25 07:40:50.212  3063  3063 I art     : option[21]=--runtime-arg
05-25 07:40:50.212  3063  3063 I art     : option[22]=-Ximage-compiler-option
05-25 07:40:50.212  3063  3063 I art     : option[23]=-Xmx64m
05-25 07:40:50.212  3063  3063 I art     : option[24]=-Ximage-compiler-option
05-25 07:40:50.212  3063  3063 I art     : option[25]=--compiler-filter=verify-at-runtime
05-25 07:40:50.212  3063  3063 I art     : option[26]=-Ximage-compiler-option
05-25 07:40:50.212  3063  3063 I art     : option[27]=--image-classes=/system/etc/preloaded-classes
05-25 07:40:50.212  3063  3063 I art     : option[28]=-Xcompiler-option
05-25 07:40:50.212  3063  3063 I art     : option[29]=--runtime-arg
05-25 07:40:50.212  3063  3063 I art     : option[30]=-Xcompiler-option
05-25 07:40:50.212  3063  3063 I art     : option[31]=-Xms64m
05-25 07:40:50.212  3063  3063 I art     : option[32]=-Xcompiler-option
05-25 07:40:50.212  3063  3063 I art     : option[33]=--runtime-arg
05-25 07:40:50.212  3063  3063 I art     : option[34]=-Xcompiler-option
05-25 07:40:50.212  3063  3063 I art     : option[35]=-Xmx512m
05-25 07:40:50.212  3063  3063 I art     : option[36]=-Xcompiler-option
05-25 07:40:50.212  3063  3063 I art     : option[37]=--compiler-filter=verify-at-runtime
05-25 07:40:50.212  3063  3063 I art     : option[38]=-Ximage-compiler-option
05-25 07:40:50.212  3063  3063 I art     : option[39]=--instruction-set-variant=generic
05-25 07:40:50.212  3063  3063 I art     : option[40]=-Xcompiler-option
05-25 07:40:50.212  3063  3063 I art     : option[41]=--instruction-set-variant=generic
05-25 07:40:50.212  3063  3063 I art     : option[42]=-Ximage-compiler-option
05-25 07:40:50.212  3063  3063 I art     : option[43]=--instruction-set-features=default
05-25 07:40:50.212  3063  3063 I art     : option[44]=-Xcompiler-option
05-25 07:40:50.212  3063  3063 I art     : option[45]=--instruction-set-features=default
05-25 07:40:50.212  3063  3063 I art     : option[46]=-Duser.locale=en-US
05-25 07:40:50.212  3063  3063 I art     : option[47]=--cpu-abilist=arm64-v8a,armeabi
05-25 07:40:50.212  3063  3063 I art     : option[48]=-Xfingerprint:samsung/cm_hero2ltexx/hero2ltexx:6.0.1/MOB30J/b0fe1115db:eng/test-keys
05-25 07:40:50.219  2966  2966 W auditd  : type=1325 audit(0.0:32): table=filter family=2 entries=16
05-25 07:40:50.219  2966  2966 W auditd  : type=1320 audit(0.0:32): 
05-25 07:40:50.229  2966  2966 W auditd  : type=1325 audit(0.0:33): table=filter family=10 entries=16
05-25 07:40:50.229  2966  2966 W auditd  : type=1320 audit(0.0:33): 
05-25 07:40:50.229  2966  2966 W auditd  : type=1325 audit(0.0:34): table=filter family=2 entries=18
05-25 07:40:50.232  3063  3063 D ICU     : No timezone override file found: /data/misc/zoneinfo/current/icu/icu_tzdata.dat
05-25 07:40:50.359  3063  3063 I Radio-JNI: register_android_hardware_Radio DONE
05-25 07:40:50.402  3063  3063 I SamplingProfilerIntegration: Profiling disabled.
05-25 07:40:50.403  3063  3063 D Zygote  : begin preload
05-25 07:40:50.405  3063  3063 I Zygote  : Preloading classes...
05-25 07:40:50.754  3063  3063 E Minikin : addFont failed to create font /system/fonts/NanumGothic.ttf
05-25 07:40:50.754  3063  3063 E Minikin : addFont failed to create font /system/fonts/DroidSansFallback.ttf
05-25 07:40:50.754  3063  3063 E Minikin : addFont failed to create font /system/fonts/MTLmr3m.ttf
05-25 07:40:50.764  3061  3061 I AudioFlinger: loadHwModule() Loaded primary audio interface from Samsung audio HW HAL (audio) handle 1
05-25 07:40:50.764  3061  3061 I AudioFlinger: openOutput(), module 1 Device 2, SamplingRate 48000, Format 0x000001, Channels 3, flags a
05-25 07:40:50.764  3061  3061 I AudioFlinger: AudioStreamOut::open(), mHalFormatIsLinearPcm = 1
05-25 07:40:50.764  3061  3061 I AudioFlinger: HAL output buffer size 1024 frames, normal sink buffer size 1024 frames
05-25 07:40:50.769  3061  3061 W EffectsFactory: loadLibrary() failed to open /system/lib/soundfx/libaudioeffectoffload.so
05-25 07:40:50.772  3061  3061 W EffectsFactory: loadLibrary() failed to open /system/lib/soundfx/libexynosvisualizer.so
05-25 07:40:50.777  3061  3061 W EffectsFactory: loadLibrary() failed to open /system/lib/libmysound.so
05-25 07:40:50.777  3061  3061 W EffectsFactory: loadLibrary() failed to open /system/lib/soundfx/libmyspace.so
05-25 07:40:50.777  3061  3061 W EffectsFactory: loadLibrary() failed to open /system/lib/libaudiosa.so
05-25 07:40:50.777  3061  3061 W EffectsFactory: loadLibrary() failed to open /system/lib/soundfx/libaudiosaplus_sec.so
05-25 07:40:50.778  3061  3061 W EffectsFactory: loadLibrary() failed to open /system/lib/libsamsungSoundbooster_plus.so
05-25 07:40:50.778  3061  3061 W EffectsFactory: loadEffect() could not get library soundbooster_plus
05-25 07:40:50.778  3061  3061 W EffectsFactory: addSubEffect() could not get library soundalive_sec
05-25 07:40:50.778  3061  3061 W EffectsFactory: loadEffect() could not add subEffect 
05-25 07:40:50.778  3061  3061 W EffectsFactory: loadEffect() could not get library soundalive
05-25 07:40:50.778  3061  3061 W EffectsFactory: loadEffect() could not get library soundalive
05-25 07:40:50.778  3061  3061 W EffectsFactory: loadEffect() could not get library soundalive
05-25 07:40:50.778  3061  3061 W EffectsFactory: addSubEffect() could not get library visualizer_hw
05-25 07:40:50.778  3061  3061 W EffectsFactory: loadEffect() could not add subEffect 
05-25 07:40:50.778  3061  3061 W EffectsFactory: addSubEffect() could not get library mysound
05-25 07:40:50.778  3061  3061 W EffectsFactory: loadEffect() could not add subEffect 
05-25 07:40:50.778  3061  3061 W EffectsFactory: addSubEffect() could not get library myspace
05-25 07:40:50.778  3061  3061 W EffectsFactory: loadEffect() could not add subEffect 
05-25 07:40:50.778  3061  3061 I BufferProvider: found effect "Multichannel Downmix To Stereo" from The Android Open Source Project
05-25 07:40:50.778  3061  3061 I AudioFlinger: Using module 1 has the primary audio interface
05-25 07:40:50.778  3061  3243 I AudioFlinger: AudioFlinger's thread 0xf4740000 ready to run
05-25 07:40:50.778  3061  3243 V audio_hw_primary: do_out_standby: output standby: 1
05-25 07:40:50.778  3061  3243 V audio_hw_primary: out_set_parameters: key value pairs: routing=2
05-25 07:40:50.778  3061  3243 E AudioFlinger: no wake lock to update!
05-25 07:40:50.779  3061  3061 I AudioFlinger: openOutput(), module 1 Device 2, SamplingRate 48000, Format 0x000001, Channels 3, flags 4
05-25 07:40:50.779  3061  3061 I AudioFlinger: AudioStreamOut::open(), mHalFormatIsLinearPcm = 1
05-25 07:40:50.779  3061  3061 I AudioFlinger: HAL output buffer size 256 frames, normal sink buffer size 960 frames
05-25 07:40:50.779  3061  3061 E MonoPipe: Failed to fetch local time frequency when constructing a MonoPipe (res = -32).  getNextWriteTimestamp calls will be non-functional
05-25 07:40:50.780  3061  3245 I AudioFlinger: AudioFlinger's thread 0xf4400000 ready to run
05-25 07:40:50.780  3061  3245 V audio_hw_primary: out_set_parameters: key value pairs: routing=2
05-25 07:40:50.780  3061  3245 V audio_hw_primary: do_out_standby: output standby: 1
05-25 07:40:50.780  3061  3245 E AudioFlinger: no wake lock to update!
05-25 07:40:50.780  3061  3061 V audio_hw_primary: adev_open_input_stream: Requesting input stream with rate: 48000, channels: 0xc
05-25 07:40:50.780  3061  3247 I AudioFlinger: AudioFlinger's thread 0xf4100000 ready to run
05-25 07:40:50.781  3061  3061 I bt_a2dp_hw: adev_open:  adev_open in A2dp_hw module
05-25 07:40:50.781  3061  3061 I AudioFlinger: loadHwModule() Loaded a2dp audio interface from A2DP Audio HW HAL (audio) handle 5
05-25 07:40:50.783  3061  3061 I AudioFlinger: loadHwModule() Loaded usb audio interface from USB audio HW HAL (audio) handle 6
05-25 07:40:50.784  3061  3061 I r_submix: adev_open(name=audio_hw_if)
05-25 07:40:50.784  3061  3061 I r_submix: adev_init_check()
05-25 07:40:50.784  3061  3061 I AudioFlinger: loadHwModule() Loaded r_submix audio interface from Wifi Display audio HAL (audio) handle 7
05-25 07:40:50.784  3061  3061 D r_submix: adev_open_input_stream(addr=0)
05-25 07:40:50.784  3061  3061 D r_submix: submix_audio_device_create_pipe_l(addr=0, idx=9)
05-25 07:40:50.784  3061  3061 D r_submix:   now using address 0 for route 9
05-25 07:40:50.784  3061  3248 I AudioFlinger: AudioFlinger's thread 0xf4040000 ready to run
05-25 07:40:50.784  3061  3061 D r_submix: adev_close_input_stream()
05-25 07:40:50.784  3061  3061 D r_submix: submix_audio_device_release_pipe_l(idx=9) addr=0
05-25 07:40:50.784  3061  3061 D r_submix: submix_audio_device_destroy_pipe_l(): pipe destroyed
05-25 07:40:50.785  3061  3061 F libc    : Fatal signal 11 (SIGSEGV), code 1, fault addr 0x0 in tid 3061 (mediaserver)
05-25 07:40:50.785  3061  3061 F libc    : Unable to open connection to debuggerd: Connection refused
05-25 07:40:50.787  2894  2894 I ServiceManager: service 'media.audio_flinger' died
05-25 07:40:50.787  2894  2894 I ServiceManager: service 'media.player' died
05-25 07:40:50.787  2894  2894 I ServiceManager: service 'media.resource_manager' died
05-25 07:40:50.787  2894  2894 I ServiceManager: service 'media.camera' died
05-25 07:40:50.828  3062  3062 V NatController: runCmd(/system/bin/iptables -w -F natctrl_FORWARD) res=0
05-25 07:40:50.833  3062  3062 V NatController: runCmd(/system/bin/iptables -w -A natctrl_FORWARD -j DROP) res=0
05-25 07:40:50.837  3062  3062 V NatController: runCmd(/system/bin/iptables -w -t nat -F natctrl_nat_POSTROUTING) res=0
05-25 07:40:50.841  3062  3062 V NatController: runCmd(/system/bin/iptables -w -F natctrl_tether_counters) res=1
05-25 07:40:50.842  3063  3063 V DngCreator_JNI: DngCreator_nativeClassInit:
05-25 07:40:50.846  3062  3062 V NatController: runCmd(/system/bin/iptables -w -X natctrl_tether_counters) res=1
05-25 07:40:50.850  3062  3062 V NatController: runCmd(/system/bin/iptables -w -N natctrl_tether_counters) res=0
05-25 07:40:50.854  3062  3062 V NatController: runCmd(/system/bin/iptables -w -t mangle -A natctrl_mangle_FORWARD -p tcp --tcp-flags SYN SYN -j TCPMSS --clamp-mss-to-pmtu) res=0
05-25 07:40:51.274  3062  3062 E Netd    : cannot find interface dummy0
05-25 07:40:51.276  3062  3062 D MDnsDS  : MDnsSdListener::Hander starting up
05-25 07:40:51.276  3062  3328 D MDnsDS  : MDnsSdListener starting to monitor
05-25 07:40:51.276  3062  3328 D MDnsDS  : Going to poll with pollCount 1
05-25 07:40:51.468  3063  3063 I art     : Thread[1,tid=3063,Native,Thread*=0x7fa96fba00,peer=0x12c532e0,"main"] recursive attempt to load library "/system/lib64/libmedia_jni.so"
05-25 07:40:51.468  3063  3063 D MtpDeviceJNI: register_android_mtp_MtpDevice
05-25 07:40:51.469  3063  3063 I art     : Thread[1,tid=3063,Native,Thread*=0x7fa96fba00,peer=0x12c532e0,"main"] recursive attempt to load library "/system/lib64/libmedia_jni.so"
05-25 07:40:51.469  3063  3063 I art     : Thread[1,tid=3063,Native,Thread*=0x7fa96fba00,peer=0x12c532e0,"main"] recursive attempt to load library "/system/lib64/libmedia_jni.so"
05-25 07:40:51.967  3063  3063 W System  : ClassLoader referenced unknown path: /system/framework/tcmclient.jar
05-25 07:40:52.289  3063  3063 I System  : Loaded time zone names for "" in 18ms (16ms in ICU)
05-25 07:40:52.321  3063  3063 I System  : Loaded time zone names for "en_US" in 32ms (11ms in ICU)
05-25 07:40:52.490  3063  3063 I Zygote  : ...preloaded 3831 classes in 2086ms.
05-25 07:40:52.490  3063  3063 I art     : VMRuntime.preloadDexCaches starting
05-25 07:40:52.522  3063  3063 I art     : VMRuntime.preloadDexCaches strings total=248908 before=10083 after=10083
05-25 07:40:52.522  3063  3063 I art     : VMRuntime.preloadDexCaches types total=20329 before=8245 after=9836
05-25 07:40:52.522  3063  3063 I art     : VMRuntime.preloadDexCaches fields total=100349 before=35755 after=47720
05-25 07:40:52.522  3063  3063 I art     : VMRuntime.preloadDexCaches methods total=172744 before=67597 after=83301
05-25 07:40:52.522  3063  3063 I art     : VMRuntime.preloadDexCaches finished
05-25 07:40:52.538  3333  3333 D idmap   : error: no read access to /vendor/overlay: No such file or directory
05-25 07:40:52.558  3063  3063 I Zygote  : Preloading resources...
05-25 07:40:52.972  3063  3063 I Zygote  : ...preloaded 342 resources in 414ms.
05-25 07:40:52.982  3063  3063 I Zygote  : ...preloaded 41 resources in 10ms.
05-25 07:40:52.988  3063  3063 D libEGL  : loaded /vendor/lib64/egl/libGLES_mali.so
05-25 07:40:52.994  3063  3063 I Zygote  : Preloading shared libraries...
05-25 07:40:53.007  3063  3063 D Zygote  : end preload
05-25 07:40:53.007  3063  3063 I art     : Starting a blocking GC Explicit
05-25 07:40:53.018  3063  3063 I art     : Explicit concurrent mark sweep GC freed 11417(461KB) AllocSpace objects, 0(0B) LOS objects, 35% free, 29MB/45MB, paused 54us total 10.654ms
05-25 07:40:53.027  3063  3063 I art     : Starting a blocking GC Explicit
05-25 07:40:53.036  3063  3063 I art     : Explicit concurrent mark sweep GC freed 2696(126KB) AllocSpace objects, 0(0B) LOS objects, 35% free, 28MB/44MB, paused 45us total 8.670ms
05-25 07:40:53.037  3063  3126 I art     : Starting a blocking GC HeapTrim
05-25 07:40:53.038  3063  3063 I art     : Starting a blocking GC Background
05-25 07:40:53.084  3063  3063 I Zygote  : System server process 3334 has been created
05-25 07:40:53.086  3063  3063 I Zygote  : Accepting command socket connections
05-25 07:40:53.090  3334  3334 W Zygote  : Got error connecting to zygote, retrying. msg= No such file or directory
05-25 07:40:54.090  3334  3334 W Zygote  : Got error connecting to zygote, retrying. msg= No such file or directory
05-25 07:40:54.808  3346  3346 I SurfaceFlinger: SurfaceFlinger is starting
05-25 07:40:54.808  3346  3346 E SchedPolicy: /system/bin/surfaceflinger add_tid_to_cgroup failed; fd=-1
05-25 07:40:54.808  3346  3346 I SurfaceFlinger: SurfaceFlinger's main thread ready to run. Initializing graphics H/W...
05-25 07:40:54.815  3346  3346 D libEGL  : loaded /vendor/lib64/egl/libGLES_mali.so
05-25 07:40:54.822  3346  3346 I gralloc : using (id=)
05-25 07:40:54.822  3346  3346 I gralloc : xres         = 1440 px
05-25 07:40:54.822  3346  3346 I gralloc : yres         = 2560 px
05-25 07:40:54.822  3346  3346 I gralloc : width        = 68 mm (537.882324 dpi)
05-25 07:40:54.822  3346  3346 I gralloc : height       = 122 mm (532.983582 dpi)
05-25 07:40:54.822  3346  3346 I gralloc : refresh rate = 59.31 Hz
05-25 07:40:54.827  3346  3346 D hwcomposer: using
05-25 07:40:54.827  3346  3346 D hwcomposer: xres         = 1440 px
05-25 07:40:54.827  3346  3346 D hwcomposer: yres         = 2560 px
05-25 07:40:54.827  3346  3346 D hwcomposer: width        = 68 mm (537.882000 dpi)
05-25 07:40:54.827  3346  3346 D hwcomposer: height       = 122 mm (532.983000 dpi)
05-25 07:40:54.827  3346  3346 D hwcomposer: refresh rate = 59 Hz
05-25 07:40:54.827  3346  3346 I hwcomposer: PSR info devname = /sys/devices/13960000.decon_f/psr_info
05-25 07:40:54.827  3346  3346 I hwcomposer: PSR mode is 6(0: video mode, 1: DP PSR mode, 2: MIPI-DSI command mode)
05-25 07:40:54.827  3346  3346 I SurfaceFlinger: Using composer version 1.3
05-25 07:40:54.827  3346  3346 E display : unknown display attribute 6
05-25 07:40:54.827  3346  3346 I SurfaceFlinger: EGL information:
05-25 07:40:54.827  3346  3346 I SurfaceFlinger: vendor    : Android
05-25 07:40:54.827  3346  3346 I SurfaceFlinger: version   : 1.4 Android META-EGL
05-25 07:40:54.827  3346  3346 I SurfaceFlinger: extensions: EGL_KHR_get_all_proc_addresses EGL_ANDROID_presentation_time EGL_KHR_swap_buffers_with_damage EGL_KHR_image EGL_KHR_image_base EGL_KHR_gl_texture_2D_image EGL_KHR_gl_texture_cubemap_image EGL_KHR_gl_renderbuffer_image EGL_KHR_fence_sync EGL_KHR_create_context EGL_KHR_config_attribs EGL_KHR_surfaceless_context EGL_EXT_create_context_robustness EGL_ANDROID_image_native_buffer EGL_KHR_wait_sync EGL_ANDROID_recordable EGL_KHR_partial_update 
05-25 07:40:54.827  3346  3346 I SurfaceFlinger: Client API: OpenGL_ES
05-25 07:40:54.827  3346  3346 I SurfaceFlinger: EGLSurface: 8-8-8-8, config=0x7fa94fb128
05-25 07:40:54.828  3346  3346 D         : ro.exynos.dss isEnabled: 0
05-25 07:40:54.830  3346  3346 I SurfaceFlinger: OpenGL ES informations:
05-25 07:40:54.830  3346  3346 I SurfaceFlinger: vendor    : ARM
05-25 07:40:54.830  3346  3346 I SurfaceFlinger: renderer  : Mali-T880
05-25 07:40:54.830  3346  3346 I SurfaceFlinger: version   : OpenGL ES 3.1 v1.r9p0-12dev0.c2bae768d87bf40047e1f310c8de7f16
05-25 07:40:54.830  3346  3346 I SurfaceFlinger: extensions: GL_EXT_debug_marker GL_ARM_rgba8 GL_ARM_mali_shader_binary GL_OES_depth24 GL_OES_depth_texture GL_OES_depth_texture_cube_map GL_OES_packed_depth_stencil GL_OES_rgb8_rgba8 GL_EXT_read_format_bgra GL_OES_compressed_paletted_texture GL_OES_compressed_ETC1_RGB8_texture GL_OES_standard_derivatives GL_OES_EGL_image GL_OES_EGL_image_external GL_OES_EGL_sync GL_OES_texture_npot GL_OES_vertex_half_float GL_OES_required_internalformat GL_OES_vertex_array_object GL_OES_mapbuffer GL_EXT_texture_format_BGRA8888 GL_EXT_texture_rg GL_EXT_texture_type_2_10_10_10_REV GL_OES_fbo_render_mipmap GL_OES_element_index_uint GL_EXT_shadow_samplers GL_OES_texture_compression_astc GL_KHR_texture_compression_astc_ldr GL_KHR_texture_compression_astc_hdr GL_KHR_debug GL_EXT_occlusion_query_boolean GL_EXT_disjoint_timer_query GL_EXT_blend_minmax GL_EXT_discard_framebuffer GL_OES_get_program_binary GL_OES_texture_3D GL_EXT_texture_storage GL_EXT_multisampled_render_to_texture GL_OES_surfaceless_context GL_OES_texture_stencil8 G
05-25 07:40:54.830  3346  3346 I SurfaceFlinger: GL_MAX_TEXTURE_SIZE = 8192
05-25 07:40:54.830  3346  3346 I SurfaceFlinger: GL_MAX_VIEWPORT_DIMS = 8192
05-25 07:40:54.830  3346  3346 D mali_winsys: new_window_surface returns 0x3000,  [1440x2560]-format:1
05-25 07:40:54.831  3346  3346 D SurfaceFlinger: Set power mode=2, type=0 flinger=0x7fa94c3c00
05-25 07:40:54.916  3347  3347 I mediaserver: ServiceManager: 0xf644e120
05-25 07:40:54.916  3347  3347 I AudioFlinger: Using default 3000 mSec as standby time.
05-25 07:40:54.916  3347  3347 E BatteryNotifier: batterystats service unavailable!
05-25 07:40:54.916  3347  3347 E BatteryNotifier: batterystats service unavailable!
05-25 07:40:54.917  3347  3347 I CameraService: CameraService started (pid=3347)
05-25 07:40:54.917  3347  3347 I CameraService: CameraService process starting
05-25 07:40:54.917  3347  3347 E BatteryNotifier: batterystats service unavailable!
05-25 07:40:54.917  3347  3347 E BatteryNotifier: batterystats service unavailable!
05-25 07:40:54.917  3347  3347 E CameraService: Could not load camera HAL module: -2 (No such file or directory)
05-25 07:40:54.917  3347  3347 I AudioPolicyService: AudioPolicyService CSTOR in new mode
05-25 07:40:54.918  3347  3347 W APM::HwModule: loadOutput() invalid supported devices
05-25 07:40:54.918  3347  3347 W APM::HwModule: loadOutput() invalid supported devices
05-25 07:40:54.918  3347  3347 W APM::HwModule: loadInput() invalid supported devices
05-25 07:40:54.918  3347  3347 W APM::HwModule: loadInput() invalid supported devices
05-25 07:40:54.918  3347  3347 I APM::ConfigParsingUtils: loadAudioPolicyConfig() loaded /system/etc/audio_policy.conf
05-25 07:40:54.979  3346  3346 W surfaceflinger: type=1701 audit(0.0:140): auid=4294967295 uid=1000 gid=1003 ses=4294967295 exe="/system/bin/surfaceflinger" sig=6
05-25 07:40:54.983  3346  3346 D SurfaceFlinger: SF. shader cache generated - 26 shaders in 105.889275 ms
05-25 07:40:54.987  3346  3346 E display : ioctl S3CFB_WIN_CONFIG failed: Not a typewriter
05-25 07:40:54.987  3346  3346 F display : ioctl S3CFB_WIN_CONFIG failed to clear screen: Not a typewriter
05-25 07:40:54.987  3346  3346 F libc    : Fatal signal 6 (SIGABRT), code -6 in tid 3346 (surfaceflinger)
