--------- beginning of main
06-07 01:09:53.462  3001  3001 W auditd  : type=1325 audit(0.0:2): table=filter family=2 entries=0
06-07 01:09:53.462  3001  3001 W auditd  : type=1325 audit(0.0:3): table=mangle family=2 entries=0
06-07 01:09:53.462  3001  3001 W auditd  : type=1325 audit(0.0:4): table=nat family=2 entries=0
06-07 01:09:53.462  3001  3001 W auditd  : type=1325 audit(0.0:5): table=raw family=2 entries=0
06-07 01:09:53.462  3001  3001 W auditd  : type=1325 audit(0.0:6): table=security family=2 entries=0
06-07 01:09:53.462  3001  3001 W auditd  : type=1325 audit(0.0:7): table=filter family=3 entries=0
06-07 01:09:53.462  3001  3001 W auditd  : type=1325 audit(0.0:8): table=filter family=10 entries=0
06-07 01:09:53.462  3001  3001 W auditd  : type=1325 audit(0.0:9): table=mangle family=10 entries=0
06-07 01:09:53.462  3001  3001 W auditd  : type=1325 audit(0.0:10): table=raw family=10 entries=0
06-07 01:09:53.462  3001  3001 W auditd  : type=1325 audit(0.0:11): table=nat family=10 entries=0
06-07 01:09:53.839  3001  3001 W auditd  : type=1305 audit(0.0:12): audit_pid=2904 old=0 auid=4294967295 ses=4294967295 res=1
06-07 01:09:53.839  3001  3001 W auditd  : type=1305 audit(0.0:13): audit_rate_limit=20 old=0 auid=4294967295 ses=4294967295 res=1
06-07 01:09:53.877  2915  2915 I sysinit : Running /system/etc/init.d/00banner 
06-07 01:09:53.888  2927  2927 I installd: installd firing up
06-07 01:09:53.890  2917  2917 I lowmemorykiller: Using in-kernel low memory killer interface
--------- beginning of system
06-07 01:09:53.894  2905  2905 I vold    : Vold 3.0 (the awakening) firing up
06-07 01:09:53.894  2905  2905 V vold    : Detected support for: exfat ext4 ntfs vfat
06-07 01:09:53.901  2923  2923 I DEBUG   : debuggerd: starting
06-07 01:09:53.904  2921  2921 I Netd    : Netd 1.0 starting
06-07 01:09:53.906  2921  2921 I QtiConnectivityAdapter: Failed to open libconnctrl, some features may not be present.
06-07 01:09:53.906  2921  2921 D TetherController: Setting IP forward enable = 0
06-07 01:09:53.907  2934  2934 I cm      : ____ _   _ ____ _  _ ____ ____ ____ _  _ _  _ ____ ___ 
06-07 01:09:53.909  2930  2930 I gatekeeperd: Starting gatekeeperd...
06-07 01:09:53.912  2932  2932 I fingerprintd: Starting fingerprintd
06-07 01:09:53.913  2930  2930 W gatekeeperd: falling back to software GateKeeper
06-07 01:09:53.914  2990  2990 I cm      : |     \_/  |__| |\ | |  | | __ |___ |\ | |\/| |  | |  \ 
06-07 01:09:53.915  2928  2928 I keystore: Found keymaster0 module Keymaster OpenSSL HAL, version 2
06-07 01:09:53.915  2928  2928 I SoftKeymaster: system/keymaster/soft_keymaster_device.cpp, Line 122: Creating device
06-07 01:09:53.915  2928  2928 D SoftKeymaster: system/keymaster/soft_keymaster_device.cpp, Line 123: Device address: 0x7fa00a3000
06-07 01:09:53.917  2928  2928 I keystore: Keymaster0 module is software-only.  Using SoftKeymasterDevice instead.
06-07 01:09:53.917  2928  2928 I SoftKeymaster: system/keymaster/soft_keymaster_device.cpp, Line 122: Creating device
06-07 01:09:53.917  2928  2928 D SoftKeymaster: system/keymaster/soft_keymaster_device.cpp, Line 123: Device address: 0x7fa00a3300
06-07 01:09:53.917  2928  2928 I keystore: SELinux: Keystore SELinux is disabled.
06-07 01:09:53.917  2931  2931 I perfprofd: starting Android Wide Profiling daemon
06-07 01:09:53.918  2931  2931 E perfprofd: unable to open configuration file /data/data/com.google.android.gms/files/perfprofd.conf
06-07 01:09:53.918  2931  2931 I perfprofd: random seed set to 583042360
06-07 01:09:53.920  2922  2922 I DEBUG   : debuggerd: starting
06-07 01:09:53.920  2992  2992 I cm      : |___   |   |  | | \| |__| |__] |___ | \| |  | |__| |__/ 
06-07 01:09:53.928  2919  2919 I SurfaceFlinger: SurfaceFlinger is starting
06-07 01:09:53.933  2919  2919 E SchedPolicy: /system/bin/surfaceflinger add_tid_to_cgroup failed; fd=-1
06-07 01:09:53.933  2919  2919 I SurfaceFlinger: SurfaceFlinger's main thread ready to run. Initializing graphics H/W...
06-07 01:09:53.940  3002  3002 I cm      : Welcome to Android 6.0.1 / CyanogenMod-13.0-20160607-UNOFFICIAL-hero2ltexx 
06-07 01:09:53.946  3005  3005 I sysinit : Running /system/etc/init.d/90userinit 
06-07 01:09:53.959  3001  3001 W auditd  : type=1325 audit(0.0:14): table=filter family=2 entries=4
06-07 01:09:53.959  3001  3001 W auditd  : type=1320 audit(0.0:14): 
06-07 01:09:53.969  3001  3001 W auditd  : type=1325 audit(0.0:15): table=filter family=10 entries=4
06-07 01:09:53.969  3001  3001 W auditd  : type=1320 audit(0.0:15): 
06-07 01:09:53.975  2919  2919 D libEGL  : loaded /vendor/lib64/egl/libGLES_mali.so
06-07 01:09:53.979  3001  3001 W auditd  : type=1325 audit(0.0:16): table=filter family=2 entries=6
06-07 01:09:53.979  3001  3001 W auditd  : type=1320 audit(0.0:16): 
06-07 01:09:53.989  2919  2919 I gralloc : using (id=)
06-07 01:09:53.989  2919  2919 I gralloc : xres         = 1440 px
06-07 01:09:53.989  2919  2919 I gralloc : yres         = 2560 px
06-07 01:09:53.989  2919  2919 I gralloc : width        = 68 mm (537.882324 dpi)
06-07 01:09:53.989  2919  2919 I gralloc : height       = 122 mm (532.983582 dpi)
06-07 01:09:53.989  2919  2919 I gralloc : refresh rate = 59.31 Hz
06-07 01:09:53.999  3001  3001 W auditd  : type=1325 audit(0.0:17): table=filter family=10 entries=6
06-07 01:09:53.999  3001  3001 W auditd  : type=1320 audit(0.0:17): 
06-07 01:09:54.002  2919  2919 D hwcomposer: using
06-07 01:09:54.002  2919  2919 D hwcomposer: xres         = 1440 px
06-07 01:09:54.002  2919  2919 D hwcomposer: yres         = 2560 px
06-07 01:09:54.002  2919  2919 D hwcomposer: width        = 68 mm (537.882000 dpi)
06-07 01:09:54.002  2919  2919 D hwcomposer: height       = 122 mm (532.983000 dpi)
06-07 01:09:54.002  2919  2919 D hwcomposer: refresh rate = 59 Hz
06-07 01:09:54.002  2919  2919 I hwcomposer: PSR info devname = /sys/devices/13960000.decon_f/psr_info
06-07 01:09:54.002  2919  2919 I hwcomposer: PSR mode is 6(0: video mode, 1: DP PSR mode, 2: MIPI-DSI command mode)
06-07 01:09:54.002  2919  2919 I SurfaceFlinger: Using composer version 1.3
06-07 01:09:54.002  2919  2919 E display : unknown display attribute 6
06-07 01:09:54.002  2919  2919 I SurfaceFlinger: EGL information:
06-07 01:09:54.002  2919  2919 I SurfaceFlinger: vendor    : Android
06-07 01:09:54.002  2919  2919 I SurfaceFlinger: version   : 1.4 Android META-EGL
06-07 01:09:54.002  2919  2919 I SurfaceFlinger: extensions: EGL_KHR_get_all_proc_addresses EGL_ANDROID_presentation_time EGL_KHR_swap_buffers_with_damage EGL_KHR_image EGL_KHR_image_base EGL_KHR_gl_texture_2D_image EGL_KHR_gl_texture_cubemap_image EGL_KHR_gl_renderbuffer_image EGL_KHR_fence_sync EGL_KHR_create_context EGL_KHR_config_attribs EGL_KHR_surfaceless_context EGL_EXT_create_context_robustness EGL_ANDROID_image_native_buffer EGL_KHR_wait_sync EGL_ANDROID_recordable EGL_KHR_partial_update 
06-07 01:09:54.002  2919  2919 I SurfaceFlinger: Client API: OpenGL_ES
06-07 01:09:54.002  2919  2919 I SurfaceFlinger: EGLSurface: 8-8-8-8, config=0x7fad6d0128
06-07 01:09:54.003  2919  2919 D         : ro.exynos.dss isEnabled: 0
06-07 01:09:54.008  2919  2919 I SurfaceFlinger: OpenGL ES informations:
06-07 01:09:54.008  2919  2919 I SurfaceFlinger: vendor    : ARM
06-07 01:09:54.008  2919  2919 I SurfaceFlinger: renderer  : Mali-T880
06-07 01:09:54.008  2919  2919 I SurfaceFlinger: version   : OpenGL ES 3.1 v1.r9p0-12dev0.c2bae768d87bf40047e1f310c8de7f16
06-07 01:09:54.008  2919  2919 I SurfaceFlinger: extensions: GL_EXT_debug_marker GL_ARM_rgba8 GL_ARM_mali_shader_binary GL_OES_depth24 GL_OES_depth_texture GL_OES_depth_texture_cube_map GL_OES_packed_depth_stencil GL_OES_rgb8_rgba8 GL_EXT_read_format_bgra GL_OES_compressed_paletted_texture GL_OES_compressed_ETC1_RGB8_texture GL_OES_standard_derivatives GL_OES_EGL_image GL_OES_EGL_image_external GL_OES_EGL_sync GL_OES_texture_npot GL_OES_vertex_half_float GL_OES_required_internalformat GL_OES_vertex_array_object GL_OES_mapbuffer GL_EXT_texture_format_BGRA8888 GL_EXT_texture_rg GL_EXT_texture_type_2_10_10_10_REV GL_OES_fbo_render_mipmap GL_OES_element_index_uint GL_EXT_shadow_samplers GL_OES_texture_compression_astc GL_KHR_texture_compression_astc_ldr GL_KHR_texture_compression_astc_hdr GL_KHR_debug GL_EXT_occlusion_query_boolean GL_EXT_disjoint_timer_query GL_EXT_blend_minmax GL_EXT_discard_framebuffer GL_OES_get_program_binary GL_OES_texture_3D GL_EXT_texture_storage GL_EXT_multisampled_render_to_texture GL_OES_surfaceless_context GL_OES_texture_stencil8 G
06-07 01:09:54.008  2919  2919 I SurfaceFlinger: GL_MAX_TEXTURE_SIZE = 8192
06-07 01:09:54.008  2919  2919 I SurfaceFlinger: GL_MAX_VIEWPORT_DIMS = 8192
06-07 01:09:54.008  2919  2919 D mali_winsys: new_window_surface returns 0x3000,  [1440x2560]-format:1
06-07 01:09:54.025  2919  2919 D SurfaceFlinger: Set power mode=2, type=0 flinger=0x7fadb83c00
06-07 01:09:54.049  3001  3001 W auditd  : type=1325 audit(0.0:18): table=filter family=2 entries=7
06-07 01:09:54.049  3001  3001 W auditd  : type=1320 audit(0.0:18): 
06-07 01:09:54.059  3001  3001 W auditd  : type=1325 audit(0.0:19): table=filter family=10 entries=7
06-07 01:09:54.059  3001  3001 W auditd  : type=1320 audit(0.0:19): 
06-07 01:09:54.059  3001  3001 W auditd  : type=1325 audit(0.0:20): table=filter family=2 entries=9
06-07 01:09:54.059  3001  3001 W auditd  : type=1320 audit(0.0:20): 
06-07 01:09:54.069  3001  3001 W auditd  : type=1325 audit(0.0:21): table=filter family=10 entries=9
06-07 01:09:54.069  3001  3001 W auditd  : type=1320 audit(0.0:21): 
06-07 01:09:54.099  3001  3001 W auditd  : type=1325 audit(0.0:22): table=filter family=2 entries=10
06-07 01:09:54.099  3001  3001 W auditd  : type=1320 audit(0.0:22): 
06-07 01:09:54.099  3001  3001 W auditd  : type=1325 audit(0.0:23): table=filter family=10 entries=10
06-07 01:09:54.099  3001  3001 W auditd  : type=1320 audit(0.0:23): 
06-07 01:09:54.109  3001  3001 W auditd  : type=1325 audit(0.0:24): table=filter family=2 entries=12
06-07 01:09:54.109  3001  3001 W auditd  : type=1320 audit(0.0:24): 
06-07 01:09:54.109  3001  3001 W auditd  : type=1325 audit(0.0:25): table=filter family=10 entries=12
06-07 01:09:54.109  3001  3001 W auditd  : type=1320 audit(0.0:25): 
06-07 01:09:54.111  2926  2926 I mediaserver: ServiceManager: 0xf638e120
06-07 01:09:54.112  2926  2926 I AudioFlinger: Using default 3000 mSec as standby time.
06-07 01:09:54.112  2926  2926 E BatteryNotifier: batterystats service unavailable!
06-07 01:09:54.112  2926  2926 E BatteryNotifier: batterystats service unavailable!
06-07 01:09:54.112  2926  2926 I CameraService: CameraService started (pid=2926)
06-07 01:09:54.112  2926  2926 I CameraService: CameraService process starting
06-07 01:09:54.112  2926  2926 E BatteryNotifier: batterystats service unavailable!
06-07 01:09:54.112  2926  2926 E BatteryNotifier: batterystats service unavailable!
06-07 01:09:54.113  2926  2926 E CameraService: Could not load camera HAL module: -2 (No such file or directory)
06-07 01:09:54.114  2926  2926 I AudioPolicyService: AudioPolicyService CSTOR in new mode
06-07 01:09:54.115  2926  2926 I APM::ConfigParsingUtils: loadAudioPolicyConfig() loaded /system/etc/audio_policy.conf
06-07 01:09:54.139  3001  3001 W auditd  : type=1325 audit(0.0:26): table=filter family=2 entries=13
06-07 01:09:54.139  3001  3001 W auditd  : type=1320 audit(0.0:26): 
06-07 01:09:54.144  3035  3047 D libEGL  : loaded /vendor/lib64/egl/libGLES_mali.so
06-07 01:09:54.149  3001  3001 W auditd  : type=1325 audit(0.0:27): table=filter family=10 entries=13
06-07 01:09:54.149  3001  3001 W auditd  : type=1320 audit(0.0:27): 
06-07 01:09:54.155  3035  3047 D mali_winsys: new_window_surface returns 0x3000,  [1440x2560]-format:2
06-07 01:09:54.155  3035  3047 D         : ro.exynos.dss isEnabled: 0
06-07 01:09:54.158  3035  3047 E BootAnimation: couldn't find audio_conf.txt
06-07 01:09:54.159  3001  3001 W auditd  : type=1325 audit(0.0:28): table=filter family=2 entries=15
06-07 01:09:54.159  3001  3001 W auditd  : type=1320 audit(0.0:28): 
06-07 01:09:54.172  3035  3047 D BootAnimation: Use save memory method, maybe small fps in actual.
06-07 01:09:54.179  3001  3001 W auditd  : type=1325 audit(0.0:29): table=filter family=10 entries=15
06-07 01:09:54.179  3001  3001 W auditd  : type=1320 audit(0.0:29): 
06-07 01:09:54.229  3001  3001 W auditd  : type=1325 audit(0.0:30): table=filter family=2 entries=16
06-07 01:09:54.229  3001  3001 W auditd  : type=1320 audit(0.0:30): 
06-07 01:09:54.229  3001  3001 W auditd  : type=1325 audit(0.0:31): table=filter family=10 entries=16
06-07 01:09:54.229  3001  3001 W auditd  : type=1320 audit(0.0:31): 
06-07 01:09:54.239  3001  3001 W auditd  : type=1325 audit(0.0:32): table=filter family=2 entries=18
06-07 01:09:54.239  3001  3001 W auditd  : type=1320 audit(0.0:32): 
06-07 01:09:54.249  3001  3001 W auditd  : type=1325 audit(0.0:33): table=filter family=10 entries=18
06-07 01:09:54.262  2919  2919 D SurfaceFlinger: SF. shader cache generated - 26 shaders in 124.009613 ms
06-07 01:09:54.266  2919  2919 W display : release fence dup failed: Bad file descriptor
06-07 01:09:54.278  2919  2919 W display : release fence dup failed: Bad file descriptor
06-07 01:09:54.286  2929  2929 D AndroidRuntime: >>>>>> START com.android.internal.os.ZygoteInit uid 0 <<<<<<
06-07 01:09:54.295  2919  2919 W display : release fence dup failed: Bad file descriptor
06-07 01:09:54.298  2929  2929 D AndroidRuntime: CheckJNI is ON
06-07 01:09:54.302  2929  2929 I art     : option[0]=-Xzygote
06-07 01:09:54.302  2929  2929 I art     : option[1]=-Xcheck:jni
06-07 01:09:54.302  2929  2929 I art     : option[2]=-Xstacktracefile:/data/anr/traces.txt
06-07 01:09:54.302  2929  2929 I art     : option[3]=exit
06-07 01:09:54.302  2929  2929 I art     : option[4]=vfprintf
06-07 01:09:54.302  2929  2929 I art     : option[5]=sensitiveThread
06-07 01:09:54.302  2929  2929 I art     : option[6]=-verbose:gc
06-07 01:09:54.302  2929  2929 I art     : option[7]=-Xms8m
06-07 01:09:54.302  2929  2929 I art     : option[8]=-Xmx512m
06-07 01:09:54.302  2929  2929 I art     : option[9]=-XX:HeapGrowthLimit=256m
06-07 01:09:54.302  2929  2929 I art     : option[10]=-XX:HeapMinFree=2m
06-07 01:09:54.302  2929  2929 I art     : option[11]=-XX:HeapMaxFree=8m
06-07 01:09:54.302  2929  2929 I art     : option[12]=-XX:HeapTargetUtilization=0.75
06-07 01:09:54.302  2929  2929 I art     : option[13]=-Xusejit:true
06-07 01:09:54.302  2929  2929 I art     : option[14]=-agentlib:jdwp=transport=dt_android_adb,suspend=n,server=y
06-07 01:09:54.302  2929  2929 I art     : option[15]=-Xlockprofthreshold:500
06-07 01:09:54.302  2929  2929 I art     : option[16]=-Ximage-compiler-option
06-07 01:09:54.303  2929  2929 I art     : option[17]=--runtime-arg
06-07 01:09:54.303  2929  2929 I art     : option[18]=-Ximage-compiler-option
06-07 01:09:54.303  2929  2929 I art     : option[19]=-Xms64m
06-07 01:09:54.303  2929  2929 I art     : option[20]=-Ximage-compiler-option
06-07 01:09:54.303  2929  2929 I art     : option[21]=--runtime-arg
06-07 01:09:54.303  2929  2929 I art     : option[22]=-Ximage-compiler-option
06-07 01:09:54.303  2929  2929 I art     : option[23]=-Xmx64m
06-07 01:09:54.303  2929  2929 I art     : option[24]=-Ximage-compiler-option
06-07 01:09:54.303  2929  2929 I art     : option[25]=--compiler-filter=verify-at-runtime
06-07 01:09:54.303  2929  2929 I art     : option[26]=-Ximage-compiler-option
06-07 01:09:54.303  2929  2929 I art     : option[27]=--image-classes=/system/etc/preloaded-classes
06-07 01:09:54.303  2929  2929 I art     : option[28]=-Xcompiler-option
06-07 01:09:54.303  2929  2929 I art     : option[29]=--runtime-arg
06-07 01:09:54.303  2929  2929 I art     : option[30]=-Xcompiler-option
06-07 01:09:54.303  2929  2929 I art     : option[31]=-Xms64m
06-07 01:09:54.303  2929  2929 I art     : option[32]=-Xcompiler-option
06-07 01:09:54.303  2929  2929 I art     : option[33]=--runtime-arg
06-07 01:09:54.303  2929  2929 I art     : option[34]=-Xcompiler-option
06-07 01:09:54.303  2929  2929 I art     : option[35]=-Xmx512m
06-07 01:09:54.303  2929  2929 I art     : option[36]=-Xcompiler-option
06-07 01:09:54.303  2929  2929 I art     : option[37]=--compiler-filter=verify-at-runtime
06-07 01:09:54.303  2929  2929 I art     : option[38]=-Ximage-compiler-option
06-07 01:09:54.303  2929  2929 I art     : option[39]=--instruction-set-variant=generic
06-07 01:09:54.303  2929  2929 I art     : option[40]=-Xcompiler-option
06-07 01:09:54.303  2929  2929 I art     : option[41]=--instruction-set-variant=generic
06-07 01:09:54.303  2929  2929 I art     : option[42]=-Ximage-compiler-option
06-07 01:09:54.303  2929  2929 I art     : option[43]=--instruction-set-features=default
06-07 01:09:54.303  2929  2929 I art     : option[44]=-Xcompiler-option
06-07 01:09:54.303  2929  2929 I art     : option[45]=--instruction-set-features=default
06-07 01:09:54.303  2929  2929 I art     : option[46]=-Duser.locale=en-US
06-07 01:09:54.303  2929  2929 I art     : option[47]=--cpu-abilist=arm64-v8a,armeabi
06-07 01:09:54.303  2929  2929 I art     : option[48]=-Xfingerprint:samsung/cm_hero2ltexx/hero2ltexx:6.0.1/MOB30J/c1ff651b3c:eng/test-keys
06-07 01:09:54.312  2919  2919 W display : release fence dup failed: Bad file descriptor
06-07 01:09:54.329  2919  2919 W display : release fence dup failed: Bad file descriptor
06-07 01:09:54.363  2919  2919 W display : release fence dup failed: Bad file descriptor
06-07 01:09:54.397  2919  2919 W display : release fence dup failed: Bad file descriptor
06-07 01:09:54.400  2929  2929 D ICU     : No timezone override file found: /data/misc/zoneinfo/current/icu/icu_tzdata.dat
06-07 01:09:54.431  2919  2919 W display : release fence dup failed: Bad file descriptor
06-07 01:09:54.465  2919  2919 W display : release fence dup failed: Bad file descriptor
06-07 01:09:54.481  2919  2919 W display : release fence dup failed: Bad file descriptor
06-07 01:09:54.515  2919  2919 W display : release fence dup failed: Bad file descriptor
06-07 01:09:54.549  2919  2919 W display : release fence dup failed: Bad file descriptor
06-07 01:09:54.583  2919  2919 W display : release fence dup failed: Bad file descriptor
06-07 01:09:54.589  2929  2929 I Radio-JNI: register_android_hardware_Radio DONE
06-07 01:09:54.617  2919  2919 W display : release fence dup failed: Bad file descriptor
06-07 01:09:54.635  2929  2929 I SamplingProfilerIntegration: Profiling disabled.
06-07 01:09:54.636  2929  2929 D Zygote  : begin preload
06-07 01:09:54.638  2929  2929 I Zygote  : Preloading classes...
06-07 01:09:54.651  2919  2919 W display : release fence dup failed: Bad file descriptor
06-07 01:09:54.661  2926  2926 E audio_route: Failed to open /system/etc/mixer_paths.xml
06-07 01:09:54.667  2926  2926 I AudioFlinger: loadHwModule() Loaded primary audio interface from Samsung audio HW HAL (audio) handle 1
06-07 01:09:54.667  2926  2926 I AudioFlinger: openOutput(), module 1 Device 2, SamplingRate 44100, Format 0x000001, Channels 3, flags 2
06-07 01:09:54.667  2926  2926 I AudioFlinger: AudioStreamOut::open(), mHalFormatIsLinearPcm = 1
06-07 01:09:54.667  2926  2926 I AudioFlinger: HAL output buffer size 256 frames, normal sink buffer size 960 frames
06-07 01:09:54.672  2926  2926 I BufferProvider: found effect "Multichannel Downmix To Stereo" from The Android Open Source Project
06-07 01:09:54.672  2926  2926 E MonoPipe: Failed to fetch local time frequency when constructing a MonoPipe (res = -32).  getNextWriteTimestamp calls will be non-functional
06-07 01:09:54.673  2926  2926 I AudioFlinger: Using module 1 has the primary audio interface
06-07 01:09:54.673  2926  3193 I AudioFlinger: AudioFlinger's thread 0xf4840000 ready to run
06-07 01:09:54.673  2926  3193 V audio_hw_primary: do_out_standby: output standby: 1
06-07 01:09:54.673  2926  3193 V audio_hw_primary: out_set_parameters: key value pairs: routing=2
06-07 01:09:54.673  2926  3193 E AudioFlinger: no wake lock to update!
06-07 01:09:54.674  2926  2926 V audio_hw_primary: adev_open_input_stream: Created resampler converting 48000 -> 16000
06-07 01:09:54.674  2926  2926 V audio_hw_primary: adev_open_input_stream: Requesting input stream with rate: 16000, channels: 0xc
06-07 01:09:54.674  2926  3194 I AudioFlinger: AudioFlinger's thread 0xf44c0000 ready to run
06-07 01:09:54.675  2926  2926 I r_submix: adev_open(name=audio_hw_if)
06-07 01:09:54.675  2926  2926 I r_submix: adev_init_check()
06-07 01:09:54.675  2926  2926 I AudioFlinger: loadHwModule() Loaded r_submix audio interface from Wifi Display audio HAL (audio) handle 4
06-07 01:09:54.675  2926  2926 D r_submix: adev_open_input_stream(addr=0)
06-07 01:09:54.675  2926  2926 D r_submix: submix_audio_device_create_pipe_l(addr=0, idx=9)
06-07 01:09:54.675  2926  2926 D r_submix:   now using address 0 for route 9
06-07 01:09:54.681  2926  3195 I AudioFlinger: AudioFlinger's thread 0xf44c0000 ready to run
06-07 01:09:54.681  2926  2926 D r_submix: adev_close_input_stream()
06-07 01:09:54.681  2926  2926 D r_submix: submix_audio_device_release_pipe_l(idx=9) addr=0
06-07 01:09:54.681  2926  2926 D r_submix: submix_audio_device_destroy_pipe_l(): pipe destroyed
06-07 01:09:54.682  2926  2926 E SoundTriggerHwService: couldn't load sound trigger module sound_trigger.primary (No such file or directory)
06-07 01:09:54.682  2926  2926 I RadioService: RadioService
06-07 01:09:54.682  2926  2926 I RadioService: onFirstRef
06-07 01:09:54.682  2926  2926 E RadioService: couldn't load radio module radio.primary (No such file or directory)
06-07 01:09:54.685  2919  2919 W display : release fence dup failed: Bad file descriptor
06-07 01:09:54.719  2919  2919 W display : release fence dup failed: Bad file descriptor
06-07 01:09:54.752  2919  2919 W display : release fence dup failed: Bad file descriptor
06-07 01:09:54.786  2919  2919 W display : release fence dup failed: Bad file descriptor
06-07 01:09:54.820  2919  2919 W display : release fence dup failed: Bad file descriptor
06-07 01:09:54.854  2919  2919 W display : release fence dup failed: Bad file descriptor
06-07 01:09:54.858  2921  2921 V NatController: runCmd(/system/bin/iptables -w -F natctrl_FORWARD) res=0
06-07 01:09:54.863  2921  2921 V NatController: runCmd(/system/bin/iptables -w -A natctrl_FORWARD -j DROP) res=0
06-07 01:09:54.867  2921  2921 V NatController: runCmd(/system/bin/iptables -w -t nat -F natctrl_nat_POSTROUTING) res=0
06-07 01:09:54.871  2921  2921 V NatController: runCmd(/system/bin/iptables -w -F natctrl_tether_counters) res=1
06-07 01:09:54.875  2921  2921 V NatController: runCmd(/system/bin/iptables -w -X natctrl_tether_counters) res=1
06-07 01:09:54.880  2921  2921 V NatController: runCmd(/system/bin/iptables -w -N natctrl_tether_counters) res=0
06-07 01:09:54.885  2921  2921 V NatController: runCmd(/system/bin/iptables -w -t mangle -A natctrl_mangle_FORWARD -p tcp --tcp-flags SYN SYN -j TCPMSS --clamp-mss-to-pmtu) res=0
06-07 01:09:54.888  2919  2919 W display : release fence dup failed: Bad file descriptor
06-07 01:09:54.922  2919  2919 W display : release fence dup failed: Bad file descriptor
06-07 01:09:54.956  2919  2919 W display : release fence dup failed: Bad file descriptor
06-07 01:09:54.990  2919  2919 W display : release fence dup failed: Bad file descriptor
06-07 01:09:55.024  2919  2919 W display : release fence dup failed: Bad file descriptor
06-07 01:09:55.058  2919  2919 W display : release fence dup failed: Bad file descriptor
06-07 01:09:55.086  2929  2929 E Minikin : addFont failed to create font /system/fonts/NanumGothic.ttf
06-07 01:09:55.086  2929  2929 E Minikin : addFont failed to create font /system/fonts/DroidSansFallback.ttf
06-07 01:09:55.086  2929  2929 E Minikin : addFont failed to create font /system/fonts/MTLmr3m.ttf
06-07 01:09:55.092  2919  2919 W display : release fence dup failed: Bad file descriptor
06-07 01:09:55.109  3001  3001 W auditd  : type=1325 audit(0.0:132): table=filter family=10 entries=54
06-07 01:09:55.109  3001  3001 W auditd  : type=1320 audit(0.0:132): 
06-07 01:09:55.109  3001  3001 W auditd  : type=1325 audit(0.0:133): table=raw family=2 entries=9
06-07 01:09:55.109  3001  3001 W auditd  : type=1320 audit(0.0:133): 
06-07 01:09:55.119  3001  3001 W auditd  : type=1325 audit(0.0:134): table=raw family=10 entries=9
06-07 01:09:55.119  3001  3001 W auditd  : type=1320 audit(0.0:134): 
06-07 01:09:55.119  3001  3001 W auditd  : type=1325 audit(0.0:135): table=mangle family=2 entries=16
06-07 01:09:55.119  3001  3001 W auditd  : type=1320 audit(0.0:135): 
06-07 01:09:55.126  2919  2919 W display : release fence dup failed: Bad file descriptor
06-07 01:09:55.129  3001  3001 W auditd  : type=1325 audit(0.0:136): table=mangle family=10 entries=12
06-07 01:09:55.129  3001  3001 W auditd  : type=1320 audit(0.0:136): 
06-07 01:09:55.159  2919  2919 W display : release fence dup failed: Bad file descriptor
06-07 01:09:55.187  2929  2929 V DngCreator_JNI: DngCreator_nativeClassInit:
06-07 01:09:55.193  2919  2919 W display : release fence dup failed: Bad file descriptor
06-07 01:09:55.227  2919  2919 W display : release fence dup failed: Bad file descriptor
06-07 01:09:55.261  2919  2919 W display : release fence dup failed: Bad file descriptor
06-07 01:09:55.295  2919  2919 W display : release fence dup failed: Bad file descriptor
06-07 01:09:55.329  2919  2919 W display : release fence dup failed: Bad file descriptor
06-07 01:09:55.363  2919  2919 W display : release fence dup failed: Bad file descriptor
06-07 01:09:55.373  2921  2921 E Netd    : cannot find interface dummy0
06-07 01:09:55.374  2921  2921 D MDnsDS  : MDnsSdListener::Hander starting up
06-07 01:09:55.374  2921  3307 D MDnsDS  : MDnsSdListener starting to monitor
06-07 01:09:55.374  2921  3307 D MDnsDS  : Going to poll with pollCount 1
06-07 01:09:55.397  2919  2919 W display : release fence dup failed: Bad file descriptor
06-07 01:09:55.430  2919  2919 W display : release fence dup failed: Bad file descriptor
06-07 01:09:55.464  2919  2919 W display : release fence dup failed: Bad file descriptor
06-07 01:09:55.498  2919  2919 W display : release fence dup failed: Bad file descriptor
06-07 01:09:55.532  2919  2919 W display : release fence dup failed: Bad file descriptor
06-07 01:09:55.566  2919  2919 W display : release fence dup failed: Bad file descriptor
06-07 01:09:55.600  2919  2919 W display : release fence dup failed: Bad file descriptor
06-07 01:09:55.634  2919  2919 W display : release fence dup failed: Bad file descriptor
06-07 01:09:55.668  2919  2919 W display : release fence dup failed: Bad file descriptor
06-07 01:09:55.685  2919  2919 W display : release fence dup failed: Bad file descriptor
06-07 01:09:55.718  2919  2919 W display : release fence dup failed: Bad file descriptor
06-07 01:09:55.752  2919  2919 W display : release fence dup failed: Bad file descriptor
06-07 01:09:55.786  2919  2919 W display : release fence dup failed: Bad file descriptor
06-07 01:09:55.820  2919  2919 W display : release fence dup failed: Bad file descriptor
06-07 01:09:55.848  2929  2929 I art     : Thread[1,tid=2929,Native,Thread*=0x7fa53bba00,peer=0x12c532e0,"main"] recursive attempt to load library "/system/lib64/libmedia_jni.so"
06-07 01:09:55.848  2929  2929 D MtpDeviceJNI: register_android_mtp_MtpDevice
06-07 01:09:55.849  2929  2929 I art     : Thread[1,tid=2929,Native,Thread*=0x7fa53bba00,peer=0x12c532e0,"main"] recursive attempt to load library "/system/lib64/libmedia_jni.so"
06-07 01:09:55.849  2929  2929 I art     : Thread[1,tid=2929,Native,Thread*=0x7fa53bba00,peer=0x12c532e0,"main"] recursive attempt to load library "/system/lib64/libmedia_jni.so"
06-07 01:09:55.854  2919  2919 W display : release fence dup failed: Bad file descriptor
06-07 01:09:55.888  2919  2919 W display : release fence dup failed: Bad file descriptor
06-07 01:09:55.922  2919  2919 W display : release fence dup failed: Bad file descriptor
06-07 01:09:55.956  2919  2919 W display : release fence dup failed: Bad file descriptor
06-07 01:09:55.990  2919  2919 W display : release fence dup failed: Bad file descriptor
06-07 01:09:56.024  2919  2919 W display : release fence dup failed: Bad file descriptor
06-07 01:09:56.057  2919  2919 W display : release fence dup failed: Bad file descriptor
06-07 01:09:56.091  2919  2919 W display : release fence dup failed: Bad file descriptor
06-07 01:09:56.125  2919  2919 W display : release fence dup failed: Bad file descriptor
06-07 01:09:56.159  2919  2919 W display : release fence dup failed: Bad file descriptor
06-07 01:09:56.193  2919  2919 W display : release fence dup failed: Bad file descriptor
06-07 01:09:56.213  3035  3047 D BootAnimation: Use save memory method, maybe small fps in actual.
06-07 01:09:56.227  2919  2919 W display : release fence dup failed: Bad file descriptor
06-07 01:09:56.261  2919  2919 W display : release fence dup failed: Bad file descriptor
06-07 01:09:56.295  2919  2919 W display : release fence dup failed: Bad file descriptor
06-07 01:09:56.329  2919  2919 W display : release fence dup failed: Bad file descriptor
06-07 01:09:56.363  2919  2919 W display : release fence dup failed: Bad file descriptor
06-07 01:09:56.387  2929  2929 W System  : ClassLoader referenced unknown path: /system/framework/tcmclient.jar
06-07 01:09:56.397  2919  2919 W display : release fence dup failed: Bad file descriptor
06-07 01:09:56.430  2919  2919 W display : release fence dup failed: Bad file descriptor
06-07 01:09:56.464  2919  2919 W display : release fence dup failed: Bad file descriptor
06-07 01:09:56.498  2919  2919 W display : release fence dup failed: Bad file descriptor
06-07 01:09:56.532  2919  2919 W display : release fence dup failed: Bad file descriptor
06-07 01:09:56.566  2919  2919 W display : release fence dup failed: Bad file descriptor
06-07 01:09:56.600  2919  2919 W display : release fence dup failed: Bad file descriptor
06-07 01:09:56.634  2919  2919 W display : release fence dup failed: Bad file descriptor
06-07 01:09:56.668  2919  2919 W display : release fence dup failed: Bad file descriptor
06-07 01:09:56.702  2919  2919 W display : release fence dup failed: Bad file descriptor
06-07 01:09:56.734  2929  2929 I System  : Loaded time zone names for "" in 28ms (25ms in ICU)
06-07 01:09:56.736  2919  2919 W display : release fence dup failed: Bad file descriptor
06-07 01:09:56.769  2929  2929 I System  : Loaded time zone names for "en_US" in 35ms (13ms in ICU)
06-07 01:09:56.769  2919  2919 W display : release fence dup failed: Bad file descriptor
06-07 01:09:56.803  2919  2919 W display : release fence dup failed: Bad file descriptor
06-07 01:09:56.837  2919  2919 W display : release fence dup failed: Bad file descriptor
06-07 01:09:56.871  2919  2919 W display : release fence dup failed: Bad file descriptor
06-07 01:09:56.905  2919  2919 W display : release fence dup failed: Bad file descriptor
06-07 01:09:56.939  2919  2919 W display : release fence dup failed: Bad file descriptor
06-07 01:09:56.942  2929  2929 I Zygote  : ...preloaded 3831 classes in 2305ms.
06-07 01:09:56.942  2929  2929 I art     : VMRuntime.preloadDexCaches starting
06-07 01:09:56.973  2919  2919 W display : release fence dup failed: Bad file descriptor
06-07 01:09:56.979  2929  2929 I art     : VMRuntime.preloadDexCaches strings total=248922 before=10083 after=10083
06-07 01:09:56.979  2929  2929 I art     : VMRuntime.preloadDexCaches types total=20329 before=8245 after=9836
06-07 01:09:56.979  2929  2929 I art     : VMRuntime.preloadDexCaches fields total=100355 before=35760 after=47725
06-07 01:09:56.979  2929  2929 I art     : VMRuntime.preloadDexCaches methods total=172751 before=67604 after=83308
06-07 01:09:56.979  2929  2929 I art     : VMRuntime.preloadDexCaches finished
06-07 01:09:56.992  3311  3311 D idmap   : error: no read access to /vendor/overlay: No such file or directory
06-07 01:09:57.007  2919  2919 W display : release fence dup failed: Bad file descriptor
06-07 01:09:57.013  2929  2929 I Zygote  : Preloading resources...
06-07 01:09:57.024  2919  2919 W display : release fence dup failed: Bad file descriptor
06-07 01:09:57.057  2919  2919 W display : release fence dup failed: Bad file descriptor
06-07 01:09:57.091  2919  2919 W display : release fence dup failed: Bad file descriptor
06-07 01:09:57.125  2919  2919 W display : release fence dup failed: Bad file descriptor
06-07 01:09:57.159  2919  2919 W display : release fence dup failed: Bad file descriptor
06-07 01:09:57.193  2919  2919 W display : release fence dup failed: Bad file descriptor
06-07 01:09:57.227  2919  2919 W display : release fence dup failed: Bad file descriptor
06-07 01:09:57.261  2919  2919 W display : release fence dup failed: Bad file descriptor
06-07 01:09:57.295  2919  2919 W display : release fence dup failed: Bad file descriptor
06-07 01:09:57.329  2919  2919 W display : release fence dup failed: Bad file descriptor
06-07 01:09:57.363  2919  2919 W display : release fence dup failed: Bad file descriptor
06-07 01:09:57.397  2919  2919 W display : release fence dup failed: Bad file descriptor
06-07 01:09:57.423  2929  2929 I Zygote  : ...preloaded 342 resources in 411ms.
06-07 01:09:57.430  2919  2919 W display : release fence dup failed: Bad file descriptor
06-07 01:09:57.433  2929  2929 I Zygote  : ...preloaded 41 resources in 10ms.
06-07 01:09:57.440  2929  2929 D libEGL  : loaded /vendor/lib64/egl/libGLES_mali.so
06-07 01:09:57.446  2929  2929 I Zygote  : Preloading shared libraries...
06-07 01:09:57.458  2929  2929 D Zygote  : end preload
06-07 01:09:57.458  2929  2929 I art     : Starting a blocking GC Explicit
06-07 01:09:57.465  2919  2919 W display : release fence dup failed: Bad file descriptor
06-07 01:09:57.469  2929  2929 I art     : Explicit concurrent mark sweep GC freed 11417(461KB) AllocSpace objects, 0(0B) LOS objects, 35% free, 29MB/45MB, paused 48us total 10.796ms
06-07 01:09:57.478  2929  2929 I art     : Starting a blocking GC Explicit
06-07 01:09:57.487  2929  2929 I art     : Explicit concurrent mark sweep GC freed 2696(126KB) AllocSpace objects, 0(0B) LOS objects, 35% free, 28MB/44MB, paused 46us total 8.755ms
06-07 01:09:57.488  2929  3143 I art     : Starting a blocking GC HeapTrim
06-07 01:09:57.489  2929  2929 I art     : Starting a blocking GC Background
06-07 01:09:57.498  2919  2919 W display : release fence dup failed: Bad file descriptor
06-07 01:09:57.532  2919  2919 W display : release fence dup failed: Bad file descriptor
06-07 01:09:57.536  2929  2929 I Zygote  : System server process 3312 has been created
06-07 01:09:57.538  2929  2929 I Zygote  : Accepting command socket connections
06-07 01:09:57.542  3312  3312 W Zygote  : Got error connecting to zygote, retrying. msg= No such file or directory
06-07 01:09:57.566  2919  2919 W display : release fence dup failed: Bad file descriptor
06-07 01:09:57.600  2919  2919 W display : release fence dup failed: Bad file descriptor
06-07 01:09:57.634  2919  2919 W display : release fence dup failed: Bad file descriptor
06-07 01:09:57.668  2919  2919 W display : release fence dup failed: Bad file descriptor
06-07 01:09:57.702  2919  2919 W display : release fence dup failed: Bad file descriptor
06-07 01:09:57.735  2919  2919 W display : release fence dup failed: Bad file descriptor
06-07 01:09:57.769  2919  2919 W display : release fence dup failed: Bad file descriptor
06-07 01:09:57.803  2919  2919 W display : release fence dup failed: Bad file descriptor
06-07 01:09:57.837  2919  2919 W display : release fence dup failed: Bad file descriptor
06-07 01:09:57.871  2919  2919 W display : release fence dup failed: Bad file descriptor
06-07 01:09:57.905  2919  2919 W display : release fence dup failed: Bad file descriptor
06-07 01:09:57.939  2919  2919 W display : release fence dup failed: Bad file descriptor
06-07 01:09:57.973  2919  2919 W display : release fence dup failed: Bad file descriptor
06-07 01:09:58.007  2919  2919 W display : release fence dup failed: Bad file descriptor
06-07 01:09:58.041  2919  2919 W display : release fence dup failed: Bad file descriptor
06-07 01:09:58.074  2919  2919 W display : release fence dup failed: Bad file descriptor
06-07 01:09:58.108  2919  2919 W display : release fence dup failed: Bad file descriptor
06-07 01:09:58.142  2919  2919 W display : release fence dup failed: Bad file descriptor
06-07 01:09:58.176  2919  2919 W display : release fence dup failed: Bad file descriptor
06-07 01:09:58.210  2919  2919 W display : release fence dup failed: Bad file descriptor
06-07 01:09:58.244  2919  2919 W display : release fence dup failed: Bad file descriptor
06-07 01:09:58.278  2919  2919 W display : release fence dup failed: Bad file descriptor
06-07 01:09:58.312  2919  2919 W display : release fence dup failed: Bad file descriptor
06-07 01:09:58.346  2919  2919 W display : release fence dup failed: Bad file descriptor
06-07 01:09:58.362  2919  2919 W display : release fence dup failed: Bad file descriptor
06-07 01:09:58.397  2919  2919 W display : release fence dup failed: Bad file descriptor
06-07 01:09:58.430  2919  2919 W display : release fence dup failed: Bad file descriptor
06-07 01:09:58.464  2919  2919 W display : release fence dup failed: Bad file descriptor
06-07 01:09:58.498  2919  2919 W display : release fence dup failed: Bad file descriptor
06-07 01:09:58.532  2919  2919 W display : release fence dup failed: Bad file descriptor
06-07 01:09:58.542  3312  3312 W Zygote  : Got error connecting to zygote, retrying. msg= No such file or directory
06-07 01:09:58.566  2919  2919 W display : release fence dup failed: Bad file descriptor
06-07 01:09:58.600  2919  2919 W display : release fence dup failed: Bad file descriptor
06-07 01:09:58.634  2919  2919 W display : release fence dup failed: Bad file descriptor
06-07 01:09:58.668  2919  2919 W display : release fence dup failed: Bad file descriptor
06-07 01:09:58.701  2919  2919 W display : release fence dup failed: Bad file descriptor
06-07 01:09:58.735  2919  2919 W display : release fence dup failed: Bad file descriptor
06-07 01:09:58.769  2919  2919 W display : release fence dup failed: Bad file descriptor
06-07 01:09:58.803  2919  2919 W display : release fence dup failed: Bad file descriptor
06-07 01:09:58.837  2919  2919 W display : release fence dup failed: Bad file descriptor
06-07 01:09:58.871  2919  2919 W display : release fence dup failed: Bad file descriptor
06-07 01:09:58.905  2919  2919 W display : release fence dup failed: Bad file descriptor
06-07 01:09:58.939  2919  2919 W display : release fence dup failed: Bad file descriptor
06-07 01:09:58.973  2919  2919 W display : release fence dup failed: Bad file descriptor
06-07 01:09:59.007  2919  2919 W display : release fence dup failed: Bad file descriptor
06-07 01:09:59.040  2919  2919 W display : release fence dup failed: Bad file descriptor
06-07 01:09:59.074  2919  2919 W display : release fence dup failed: Bad file descriptor
06-07 01:09:59.108  2919  2919 W display : release fence dup failed: Bad file descriptor
06-07 01:09:59.142  2919  2919 W display : release fence dup failed: Bad file descriptor
06-07 01:09:59.176  2919  2919 W display : release fence dup failed: Bad file descriptor
06-07 01:09:59.210  2919  2919 W display : release fence dup failed: Bad file descriptor
06-07 01:09:59.244  2919  2919 W display : release fence dup failed: Bad file descriptor
06-07 01:09:59.278  2919  2919 W display : release fence dup failed: Bad file descriptor
06-07 01:09:59.312  2919  2919 W display : release fence dup failed: Bad file descriptor
06-07 01:09:59.346  2919  2919 W display : release fence dup failed: Bad file descriptor
06-07 01:09:59.380  2919  2919 W display : release fence dup failed: Bad file descriptor
06-07 01:09:59.414  2919  2919 W display : release fence dup failed: Bad file descriptor
06-07 01:09:59.448  2919  2919 W display : release fence dup failed: Bad file descriptor
06-07 01:09:59.481  2919  2919 W display : release fence dup failed: Bad file descriptor
06-07 01:09:59.515  2919  2919 W display : release fence dup failed: Bad file descriptor
06-07 01:09:59.543  3312  3312 W Zygote  : Got error connecting to zygote, retrying. msg= No such file or directory
06-07 01:09:59.549  2919  2919 W display : release fence dup failed: Bad file descriptor
06-07 01:09:59.583  2919  2919 W display : release fence dup failed: Bad file descriptor
06-07 01:09:59.617  2919  2919 W display : release fence dup failed: Bad file descriptor
06-07 01:09:59.651  2919  2919 W display : release fence dup failed: Bad file descriptor
06-07 01:09:59.685  2919  2919 W display : release fence dup failed: Bad file descriptor
06-07 01:09:59.719  2919  2919 W display : release fence dup failed: Bad file descriptor
06-07 01:09:59.736  2919  2919 W display : release fence dup failed: Bad file descriptor
06-07 01:09:59.769  2919  2919 W display : release fence dup failed: Bad file descriptor
06-07 01:09:59.803  2919  2919 W display : release fence dup failed: Bad file descriptor
06-07 01:09:59.837  2919  2919 W display : release fence dup failed: Bad file descriptor
06-07 01:09:59.871  2919  2919 W display : release fence dup failed: Bad file descriptor
06-07 01:09:59.905  2919  2919 W display : release fence dup failed: Bad file descriptor
06-07 01:09:59.939  2919  2919 W display : release fence dup failed: Bad file descriptor
06-07 01:09:59.973  2919  2919 W display : release fence dup failed: Bad file descriptor
06-07 01:10:00.007  2919  2919 W display : release fence dup failed: Bad file descriptor
06-07 01:10:00.040  2919  2919 W display : release fence dup failed: Bad file descriptor
06-07 01:10:00.075  2919  2919 W display : release fence dup failed: Bad file descriptor
06-07 01:10:00.108  2919  2919 W display : release fence dup failed: Bad file descriptor
06-07 01:10:00.142  2919  2919 W display : release fence dup failed: Bad file descriptor
06-07 01:10:00.176  2919  2919 W display : release fence dup failed: Bad file descriptor
06-07 01:10:00.210  2919  2919 W display : release fence dup failed: Bad file descriptor
06-07 01:10:00.244  2919  2919 W display : release fence dup failed: Bad file descriptor
06-07 01:10:00.278  2919  2919 W display : release fence dup failed: Bad file descriptor
06-07 01:10:00.312  2919  2919 W display : release fence dup failed: Bad file descriptor
06-07 01:10:00.346  2919  2919 W display : release fence dup failed: Bad file descriptor
06-07 01:10:00.380  2919  2919 W display : release fence dup failed: Bad file descriptor
06-07 01:10:00.414  2919  2919 W display : release fence dup failed: Bad file descriptor
06-07 01:10:00.447  2919  2919 W display : release fence dup failed: Bad file descriptor
06-07 01:10:00.481  2919  2919 W display : release fence dup failed: Bad file descriptor
06-07 01:10:00.515  2919  2919 W display : release fence dup failed: Bad file descriptor
06-07 01:10:00.543  3312  3312 W Zygote  : Got error connecting to zygote, retrying. msg= No such file or directory
06-07 01:10:00.549  2919  2919 W display : release fence dup failed: Bad file descriptor
06-07 01:10:00.583  2919  2919 W display : release fence dup failed: Bad file descriptor
06-07 01:10:00.617  2919  2919 W display : release fence dup failed: Bad file descriptor
06-07 01:10:00.651  2919  2919 W display : release fence dup failed: Bad file descriptor
06-07 01:10:00.685  2919  2919 W display : release fence dup failed: Bad file descriptor
06-07 01:10:00.719  2919  2919 W display : release fence dup failed: Bad file descriptor
06-07 01:10:00.753  2919  2919 W display : release fence dup failed: Bad file descriptor
06-07 01:10:00.786  2919  2919 W display : release fence dup failed: Bad file descriptor
06-07 01:10:00.820  2919  2919 W display : release fence dup failed: Bad file descriptor
06-07 01:10:00.854  2919  2919 W display : release fence dup failed: Bad file descriptor
06-07 01:10:00.888  2919  2919 W display : release fence dup failed: Bad file descriptor
06-07 01:10:00.922  2919  2919 W display : release fence dup failed: Bad file descriptor
06-07 01:10:00.956  2919  2919 W display : release fence dup failed: Bad file descriptor
06-07 01:10:00.990  2919  2919 W display : release fence dup failed: Bad file descriptor
06-07 01:10:01.024  2919  2919 W display : release fence dup failed: Bad file descriptor
06-07 01:10:01.040  2919  2919 W display : release fence dup failed: Bad file descriptor
06-07 01:10:01.074  2919  2919 W display : release fence dup failed: Bad file descriptor
06-07 01:10:01.108  2919  2919 W display : release fence dup failed: Bad file descriptor
06-07 01:10:01.142  2919  2919 W display : release fence dup failed: Bad file descriptor
06-07 01:10:01.176  2919  2919 W display : release fence dup failed: Bad file descriptor
06-07 01:10:01.210  2919  2919 W display : release fence dup failed: Bad file descriptor
06-07 01:10:01.244  2919  2919 W display : release fence dup failed: Bad file descriptor
06-07 01:10:01.278  2919  2919 W display : release fence dup failed: Bad file descriptor
06-07 01:10:01.312  2919  2919 W display : release fence dup failed: Bad file descriptor
06-07 01:10:01.346  2919  2919 W display : release fence dup failed: Bad file descriptor
06-07 01:10:01.379  2919  2919 W display : release fence dup failed: Bad file descriptor
06-07 01:10:01.413  2919  2919 W display : release fence dup failed: Bad file descriptor
06-07 01:10:01.447  2919  2919 W display : release fence dup failed: Bad file descriptor
06-07 01:10:01.481  2919  2919 W display : release fence dup failed: Bad file descriptor
06-07 01:10:01.515  2919  2919 W display : release fence dup failed: Bad file descriptor
06-07 01:10:01.543  3312  3312 W Zygote  : Got error connecting to zygote, retrying. msg= No such file or directory
06-07 01:10:01.549  2919  2919 W display : release fence dup failed: Bad file descriptor
06-07 01:10:01.583  2919  2919 W display : release fence dup failed: Bad file descriptor
06-07 01:10:01.617  2919  2919 W display : release fence dup failed: Bad file descriptor
06-07 01:10:01.651  2919  2919 W display : release fence dup failed: Bad file descriptor
06-07 01:10:01.685  2919  2919 W display : release fence dup failed: Bad file descriptor
06-07 01:10:01.719  2919  2919 W display : release fence dup failed: Bad file descriptor
06-07 01:10:01.753  2919  2919 W display : release fence dup failed: Bad file descriptor
06-07 01:10:01.786  2919  2919 W display : release fence dup failed: Bad file descriptor
06-07 01:10:01.820  2919  2919 W display : release fence dup failed: Bad file descriptor
06-07 01:10:01.854  2919  2919 W display : release fence dup failed: Bad file descriptor
06-07 01:10:01.888  2919  2919 W display : release fence dup failed: Bad file descriptor
06-07 01:10:01.922  2919  2919 W display : release fence dup failed: Bad file descriptor
06-07 01:10:01.956  2919  2919 W display : release fence dup failed: Bad file descriptor
06-07 01:10:01.990  2919  2919 W display : release fence dup failed: Bad file descriptor
06-07 01:10:02.024  2919  2919 W display : release fence dup failed: Bad file descriptor
06-07 01:10:02.057  2919  2919 W display : release fence dup failed: Bad file descriptor
06-07 01:10:02.091  2919  2919 W display : release fence dup failed: Bad file descriptor
06-07 01:10:02.125  2919  2919 W display : release fence dup failed: Bad file descriptor
06-07 01:10:02.159  2919  2919 W display : release fence dup failed: Bad file descriptor
06-07 01:10:02.193  2919  2919 W display : release fence dup failed: Bad file descriptor
06-07 01:10:02.227  2919  2919 W display : release fence dup failed: Bad file descriptor
06-07 01:10:02.261  2919  2919 W display : release fence dup failed: Bad file descriptor
06-07 01:10:02.295  2919  2919 W display : release fence dup failed: Bad file descriptor
06-07 01:10:02.312  2919  2919 W display : release fence dup failed: Bad file descriptor
06-07 01:10:02.363  2919  2919 W display : release fence dup failed: Bad file descriptor
06-07 01:10:02.379  2919  2919 W display : release fence dup failed: Bad file descriptor
06-07 01:10:02.413  2919  2919 W display : release fence dup failed: Bad file descriptor
06-07 01:10:02.447  2919  2919 W display : release fence dup failed: Bad file descriptor
06-07 01:10:02.481  2919  2919 W display : release fence dup failed: Bad file descriptor
06-07 01:10:02.515  2919  2919 W display : release fence dup failed: Bad file descriptor
06-07 01:10:02.544  3312  3312 W Zygote  : Got error connecting to zygote, retrying. msg= No such file or directory
06-07 01:10:02.549  2919  2919 W display : release fence dup failed: Bad file descriptor
06-07 01:10:02.583  2919  2919 W display : release fence dup failed: Bad file descriptor
06-07 01:10:02.617  2919  2919 W display : release fence dup failed: Bad file descriptor
06-07 01:10:02.651  2919  2919 W display : release fence dup failed: Bad file descriptor
06-07 01:10:02.685  2919  2919 W display : release fence dup failed: Bad file descriptor
06-07 01:10:02.718  2919  2919 W display : release fence dup failed: Bad file descriptor
06-07 01:10:02.752  2919  2919 W display : release fence dup failed: Bad file descriptor
06-07 01:10:02.786  2919  2919 W display : release fence dup failed: Bad file descriptor
06-07 01:10:02.820  2919  2919 W display : release fence dup failed: Bad file descriptor
06-07 01:10:02.854  2919  2919 W display : release fence dup failed: Bad file descriptor
06-07 01:10:02.888  2919  2919 W display : release fence dup failed: Bad file descriptor
06-07 01:10:02.922  2919  2919 W display : release fence dup failed: Bad file descriptor
06-07 01:10:02.956  2919  2919 W display : release fence dup failed: Bad file descriptor
06-07 01:10:02.990  2919  2919 W display : release fence dup failed: Bad file descriptor
