05-25 09:34:07.387  2895  2895 E         : Runtime and build version of gralloc private structure does not match. Errors will likely follow.
05-25 09:34:07.391  2895  2895 E gralloc : invalid gralloc handle (at 0x7faaed65b0)
05-25 09:34:07.391  2895  2895 E SurfaceFlinger: error posting framebuffer: -22
05-25 09:34:07.421  2895  2895 E         : invalid gralloc handle (at 0x7faaed6540)
05-25 09:34:07.421  2895  2895 E         : Runtime and build version of gralloc private structure does not match. Errors will likely follow.
05-25 09:34:07.424  2895  2895 E gralloc : invalid gralloc handle (at 0x7faaed6540)
05-25 09:34:07.424  2895  2895 E SurfaceFlinger: error posting framebuffer: -22
05-25 09:34:07.488  2895  2895 E         : invalid gralloc handle (at 0x7faaed6690)
05-25 09:34:07.488  2895  2895 E         : Runtime and build version of gralloc private structure does not match. Errors will likely follow.
05-25 09:34:07.492  2895  2895 E gralloc : invalid gralloc handle (at 0x7faaed6690)
05-25 09:34:07.492  2895  2895 E SurfaceFlinger: error posting framebuffer: -22
05-25 09:34:07.522  2895  2895 E         : invalid gralloc handle (at 0x7faaed6620)
05-25 09:34:07.522  2895  2895 E         : Runtime and build version of gralloc private structure does not match. Errors will likely follow.
05-25 09:34:07.526  3328  3328 W Zygote  : Got error connecting to zygote, retrying. msg= No such file or directory
05-25 09:34:07.526  2895  2895 E gralloc : invalid gralloc handle (at 0x7faaed6620)
05-25 09:34:07.526  2895  2895 E SurfaceFlinger: error posting framebuffer: -22
05-25 09:34:07.556  2895  2895 E         : invalid gralloc handle (at 0x7faaed65b0)
05-25 09:34:07.556  2895  2895 E         : Runtime and build version of gralloc private structure does not match. Errors will likely follow.
05-25 09:34:07.559  2895  2895 E gralloc : invalid gralloc handle (at 0x7faaed65b0)
05-25 09:34:07.559  2895  2895 E SurfaceFlinger: error posting framebuffer: -22
05-25 09:34:07.589  2895  2895 E         : invalid gralloc handle (at 0x7faaed6540)
05-25 09:34:07.589  2895  2895 E         : Runtime and build version of gralloc private structure does not match. Errors will likely follow.
05-25 09:34:07.593  2895  2895 E gralloc : invalid gralloc handle (at 0x7faaed6540)
05-25 09:34:07.593  2895  2895 E SurfaceFlinger: error posting framebuffer: -22
05-25 09:34:07.657  2895  2895 E         : invalid gralloc handle (at 0x7faaed6690)
05-25 09:34:07.657  2895  2895 E         : Runtime and build version of gralloc private structure does not match. Errors will likely follow.
05-25 09:34:07.661  2895  2895 E gralloc : invalid gralloc handle (at 0x7faaed6690)
05-25 09:34:07.661  2895  2895 E SurfaceFlinger: error posting framebuffer: -22
05-25 09:34:07.691  2895  2895 E         : invalid gralloc handle (at 0x7faaed6620)
05-25 09:34:07.691  2895  2895 E         : Runtime and build version of gralloc private structure does not match. Errors will likely follow.
05-25 09:34:07.694  2895  2895 E gralloc : invalid gralloc handle (at 0x7faaed6620)
05-25 09:34:07.694  2895  2895 E SurfaceFlinger: error posting framebuffer: -22
05-25 09:34:07.724  2895  2895 E         : invalid gralloc handle (at 0x7faaed65b0)
05-25 09:34:07.724  2895  2895 E         : Runtime and build version of gralloc private structure does not match. Errors will likely follow.
05-25 09:34:07.728  2895  2895 E gralloc : invalid gralloc handle (at 0x7faaed65b0)
05-25 09:34:07.728  2895  2895 E SurfaceFlinger: error posting framebuffer: -22
05-25 09:34:07.758  2895  2895 E         : invalid gralloc handle (at 0x7faaed6540)
05-25 09:34:07.758  2895  2895 E         : Runtime and build version of gralloc private structure does not match. Errors will likely follow.
05-25 09:34:07.762  2895  2895 E gralloc : invalid gralloc handle (at 0x7faaed6540)
05-25 09:34:07.762  2895  2895 E SurfaceFlinger: error posting framebuffer: -22
05-25 09:34:07.825  2895  2895 E         : invalid gralloc handle (at 0x7faaed6690)
05-25 09:34:07.825  2895  2895 E         : Runtime and build version of gralloc private structure does not match. Errors will likely follow.
05-25 09:34:07.829  2895  2895 E gralloc : invalid gralloc handle (at 0x7faaed6690)
05-25 09:34:07.829  2895  2895 E SurfaceFlinger: error posting framebuffer: -22
05-25 09:34:07.859  2895  2895 E         : invalid gralloc handle (at 0x7faaed6620)
05-25 09:34:07.859  2895  2895 E         : Runtime and build version of gralloc private structure does not match. Errors will likely follow.
05-25 09:34:07.863  2895  2895 E gralloc : invalid gralloc handle (at 0x7faaed6620)
05-25 09:34:07.863  2895  2895 E SurfaceFlinger: error posting framebuffer: -22
05-25 09:34:07.893  2895  2895 E         : invalid gralloc handle (at 0x7faaed65b0)
05-25 09:34:07.893  2895  2895 E         : Runtime and build version of gralloc private structure does not match. Errors will likely follow.
05-25 09:34:07.897  2895  2895 E gralloc : invalid gralloc handle (at 0x7faaed65b0)
05-25 09:34:07.897  2895  2895 E SurfaceFlinger: error posting framebuffer: -22
05-25 09:34:07.927  2895  2895 E         : invalid gralloc handle (at 0x7faaed6540)
05-25 09:34:07.927  2895  2895 E         : Runtime and build version of gralloc private structure does not match. Errors will likely follow.
05-25 09:34:07.930  2895  2895 E gralloc : invalid gralloc handle (at 0x7faaed6540)
05-25 09:34:07.930  2895  2895 E SurfaceFlinger: error posting framebuffer: -22
05-25 09:34:07.994  2895  2895 E         : invalid gralloc handle (at 0x7faaed6690)
05-25 09:34:07.994  2895  2895 E         : Runtime and build version of gralloc private structure does not match. Errors will likely follow.
05-25 09:34:07.998  2895  2895 E gralloc : invalid gralloc handle (at 0x7faaed6690)
05-25 09:34:07.998  2895  2895 E SurfaceFlinger: error posting framebuffer: -22
05-25 09:34:08.028  2895  2895 E         : invalid gralloc handle (at 0x7faaed6620)
05-25 09:34:08.028  2895  2895 E         : Runtime and build version of gralloc private structure does not match. Errors will likely follow.
05-25 09:34:08.032  2895  2895 E gralloc : invalid gralloc handle (at 0x7faaed6620)
05-25 09:34:08.032  2895  2895 E SurfaceFlinger: error posting framebuffer: -22
05-25 09:34:08.062  2895  2895 E         : invalid gralloc handle (at 0x7faaed65b0)
05-25 09:34:08.062  2895  2895 E         : Runtime and build version of gralloc private structure does not match. Errors will likely follow.
05-25 09:34:08.065  2895  2895 E gralloc : invalid gralloc handle (at 0x7faaed65b0)
05-25 09:34:08.065  2895  2895 E SurfaceFlinger: error posting framebuffer: -22
05-25 09:34:08.095  2895  2895 E         : invalid gralloc handle (at 0x7faaed6540)
05-25 09:34:08.095  2895  2895 E         : Runtime and build version of gralloc private structure does not match. Errors will likely follow.
05-25 09:34:08.099  2895  2895 E gralloc : invalid gralloc handle (at 0x7faaed6540)
05-25 09:34:08.099  2895  2895 E SurfaceFlinger: error posting framebuffer: -22
05-25 09:34:08.163  2895  2895 E         : invalid gralloc handle (at 0x7faaed6690)
05-25 09:34:08.163  2895  2895 E         : Runtime and build version of gralloc private structure does not match. Errors will likely follow.
05-25 09:34:08.166  2895  2895 E gralloc : invalid gralloc handle (at 0x7faaed6690)
05-25 09:34:08.166  2895  2895 E SurfaceFlinger: error posting framebuffer: -22
05-25 09:34:08.196  2895  2895 E         : invalid gralloc handle (at 0x7faaed6620)
05-25 09:34:08.196  2895  2895 E         : Runtime and build version of gralloc private structure does not match. Errors will likely follow.
05-25 09:34:08.200  2895  2895 E gralloc : invalid gralloc handle (at 0x7faaed6620)
05-25 09:34:08.200  2895  2895 E SurfaceFlinger: error posting framebuffer: -22
05-25 09:34:08.230  2895  2895 E         : invalid gralloc handle (at 0x7faaed65b0)
05-25 09:34:08.230  2895  2895 E         : Runtime and build version of gralloc private structure does not match. Errors will likely follow.
05-25 09:34:08.234  2895  2895 E gralloc : invalid gralloc handle (at 0x7faaed65b0)
05-25 09:34:08.234  2895  2895 E SurfaceFlinger: error posting framebuffer: -22
05-25 09:34:08.264  2895  2895 E         : invalid gralloc handle (at 0x7faaed6540)
05-25 09:34:08.264  2895  2895 E         : Runtime and build version of gralloc private structure does not match. Errors will likely follow.
05-25 09:34:08.268  2895  2895 E gralloc : invalid gralloc handle (at 0x7faaed6540)
05-25 09:34:08.268  2895  2895 E SurfaceFlinger: error posting framebuffer: -22
05-25 09:34:08.331  2895  2895 E         : invalid gralloc handle (at 0x7faaed6690)
05-25 09:34:08.331  2895  2895 E         : Runtime and build version of gralloc private structure does not match. Errors will likely follow.
05-25 09:34:08.335  2895  2895 E gralloc : invalid gralloc handle (at 0x7faaed6690)
05-25 09:34:08.335  2895  2895 E SurfaceFlinger: error posting framebuffer: -22
05-25 09:34:08.348  2895  2895 E         : invalid gralloc handle (at 0x7faaed6620)
05-25 09:34:08.348  2895  2895 E         : Runtime and build version of gralloc private structure does not match. Errors will likely follow.
05-25 09:34:08.353  2895  2895 E gralloc : invalid gralloc handle (at 0x7faaed6620)
05-25 09:34:08.353  2895  2895 E SurfaceFlinger: error posting framebuffer: -22
05-25 09:34:08.399  2895  2895 E         : invalid gralloc handle (at 0x7faaed65b0)
05-25 09:34:08.399  2895  2895 E         : Runtime and build version of gralloc private structure does not match. Errors will likely follow.
05-25 09:34:08.402  2895  2895 E gralloc : invalid gralloc handle (at 0x7faaed65b0)
05-25 09:34:08.402  2895  2895 E SurfaceFlinger: error posting framebuffer: -22
05-25 09:34:08.416  2895  2895 E         : invalid gralloc handle (at 0x7faaed6540)
05-25 09:34:08.416  2895  2895 E         : Runtime and build version of gralloc private structure does not match. Errors will likely follow.
05-25 09:34:08.419  2895  2895 E gralloc : invalid gralloc handle (at 0x7faaed6540)
05-25 09:34:08.419  2895  2895 E SurfaceFlinger: error posting framebuffer: -22
05-25 09:34:08.483  2895  2895 E         : invalid gralloc handle (at 0x7faaed6690)
05-25 09:34:08.483  2895  2895 E         : Runtime and build version of gralloc private structure does not match. Errors will likely follow.
05-25 09:34:08.487  2895  2895 E gralloc : invalid gralloc handle (at 0x7faaed6690)
05-25 09:34:08.487  2895  2895 E SurfaceFlinger: error posting framebuffer: -22
05-25 09:34:08.517  2895  2895 E         : invalid gralloc handle (at 0x7faaed6620)
05-25 09:34:08.517  2895  2895 E         : Runtime and build version of gralloc private structure does not match. Errors will likely follow.
05-25 09:34:08.520  2895  2895 E gralloc : invalid gralloc handle (at 0x7faaed6620)
05-25 09:34:08.520  2895  2895 E SurfaceFlinger: error posting framebuffer: -22
05-25 09:34:08.526  3328  3328 W Zygote  : Got error connecting to zygote, retrying. msg= No such file or directory
05-25 09:34:08.550  2895  2895 E         : invalid gralloc handle (at 0x7faaed65b0)
05-25 09:34:08.550  2895  2895 E         : Runtime and build version of gralloc private structure does not match. Errors will likely follow.
05-25 09:34:08.554  2895  2895 E gralloc : invalid gralloc handle (at 0x7faaed65b0)
05-25 09:34:08.554  2895  2895 E SurfaceFlinger: error posting framebuffer: -22
05-25 09:34:08.584  2895  2895 E         : invalid gralloc handle (at 0x7faaed6540)
05-25 09:34:08.584  2895  2895 E         : Runtime and build version of gralloc private structure does not match. Errors will likely follow.
05-25 09:34:08.588  2895  2895 E gralloc : invalid gralloc handle (at 0x7faaed6540)
05-25 09:34:08.588  2895  2895 E SurfaceFlinger: error posting framebuffer: -22
05-25 09:34:08.651  2895  2895 E         : invalid gralloc handle (at 0x7faaed6690)
05-25 09:34:08.652  2895  2895 E         : Runtime and build version of gralloc private structure does not match. Errors will likely follow.
05-25 09:34:08.655  2895  2895 E gralloc : invalid gralloc handle (at 0x7faaed6690)
05-25 09:34:08.655  2895  2895 E SurfaceFlinger: error posting framebuffer: -22
05-25 09:34:08.685  2895  2895 E         : invalid gralloc handle (at 0x7faaed6620)
05-25 09:34:08.685  2895  2895 E         : Runtime and build version of gralloc private structure does not match. Errors will likely follow.
05-25 09:34:08.689  2895  2895 E gralloc : invalid gralloc handle (at 0x7faaed6620)
05-25 09:34:08.689  2895  2895 E SurfaceFlinger: error posting framebuffer: -22
05-25 09:34:08.719  2895  2895 E         : invalid gralloc handle (at 0x7faaed65b0)
05-25 09:34:08.719  2895  2895 E         : Runtime and build version of gralloc private structure does not match. Errors will likely follow.
05-25 09:34:08.723  2895  2895 E gralloc : invalid gralloc handle (at 0x7faaed65b0)
05-25 09:34:08.723  2895  2895 E SurfaceFlinger: error posting framebuffer: -22
05-25 09:34:08.753  2895  2895 E         : invalid gralloc handle (at 0x7faaed6540)
05-25 09:34:08.753  2895  2895 E         : Runtime and build version of gralloc private structure does not match. Errors will likely follow.
05-25 09:34:08.756  2895  2895 E gralloc : invalid gralloc handle (at 0x7faaed6540)
05-25 09:34:08.756  2895  2895 E SurfaceFlinger: error posting framebuffer: -22
05-25 09:34:08.820  2895  2895 E         : invalid gralloc handle (at 0x7faaed6690)
05-25 09:34:08.820  2895  2895 E         : Runtime and build version of gralloc private structure does not match. Errors will likely follow.
05-25 09:34:08.824  2895  2895 E gralloc : invalid gralloc handle (at 0x7faaed6690)
05-25 09:34:08.824  2895  2895 E SurfaceFlinger: error posting framebuffer: -22
05-25 09:34:08.854  2895  2895 E         : invalid gralloc handle (at 0x7faaed6620)
05-25 09:34:08.854  2895  2895 E         : Runtime and build version of gralloc private structure does not match. Errors will likely follow.
05-25 09:34:08.858  2895  2895 E gralloc : invalid gralloc handle (at 0x7faaed6620)
05-25 09:34:08.858  2895  2895 E SurfaceFlinger: error posting framebuffer: -22
05-25 09:34:08.888  2895  2895 E         : invalid gralloc handle (at 0x7faaed65b0)
05-25 09:34:08.888  2895  2895 E         : Runtime and build version of gralloc private structure does not match. Errors will likely follow.
05-25 09:34:08.891  2895  2895 E gralloc : invalid gralloc handle (at 0x7faaed65b0)
05-25 09:34:08.891  2895  2895 E SurfaceFlinger: error posting framebuffer: -22
05-25 09:34:08.921  2895  2895 E         : invalid gralloc handle (at 0x7faaed6540)
05-25 09:34:08.921  2895  2895 E         : Runtime and build version of gralloc private structure does not match. Errors will likely follow.
05-25 09:34:08.925  2895  2895 E gralloc : invalid gralloc handle (at 0x7faaed6540)
05-25 09:34:08.925  2895  2895 E SurfaceFlinger: error posting framebuffer: -22
05-25 09:34:08.989  2895  2895 E         : invalid gralloc handle (at 0x7faaed6690)
05-25 09:34:08.989  2895  2895 E         : Runtime and build version of gralloc private structure does not match. Errors will likely follow.
05-25 09:34:08.992  2895  2895 E gralloc : invalid gralloc handle (at 0x7faaed6690)
05-25 09:34:08.992  2895  2895 E SurfaceFlinger: error posting framebuffer: -22
05-25 09:34:09.023  2895  2895 E         : invalid gralloc handle (at 0x7faaed6620)
05-25 09:34:09.023  2895  2895 E         : Runtime and build version of gralloc private structure does not match. Errors will likely follow.
05-25 09:34:09.026  2895  2895 E gralloc : invalid gralloc handle (at 0x7faaed6620)
05-25 09:34:09.026  2895  2895 E SurfaceFlinger: error posting framebuffer: -22
05-25 09:34:09.056  2895  2895 E         : invalid gralloc handle (at 0x7faaed65b0)
05-25 09:34:09.056  2895  2895 E         : Runtime and build version of gralloc private structure does not match. Errors will likely follow.
05-25 09:34:09.060  2895  2895 E gralloc : invalid gralloc handle (at 0x7faaed65b0)
05-25 09:34:09.060  2895  2895 E SurfaceFlinger: error posting framebuffer: -22
05-25 09:34:09.090  2895  2895 E         : invalid gralloc handle (at 0x7faaed6540)
05-25 09:34:09.090  2895  2895 E         : Runtime and build version of gralloc private structure does not match. Errors will likely follow.
05-25 09:34:09.094  2895  2895 E gralloc : invalid gralloc handle (at 0x7faaed6540)
05-25 09:34:09.094  2895  2895 E SurfaceFlinger: error posting framebuffer: -22
05-25 09:34:09.157  2895  2895 E         : invalid gralloc handle (at 0x7faaed6690)
05-25 09:34:09.157  2895  2895 E         : Runtime and build version of gralloc private structure does not match. Errors will likely follow.
05-25 09:34:09.161  2895  2895 E gralloc : invalid gralloc handle (at 0x7faaed6690)
05-25 09:34:09.161  2895  2895 E SurfaceFlinger: error posting framebuffer: -22
05-25 09:34:09.191  2895  2895 E         : invalid gralloc handle (at 0x7faaed6620)
05-25 09:34:09.191  2895  2895 E         : Runtime and build version of gralloc private structure does not match. Errors will likely follow.
05-25 09:34:09.195  2895  2895 E gralloc : invalid gralloc handle (at 0x7faaed6620)
05-25 09:34:09.195  2895  2895 E SurfaceFlinger: error posting framebuffer: -22
05-25 09:34:09.225  2895  2895 E         : invalid gralloc handle (at 0x7faaed65b0)
05-25 09:34:09.225  2895  2895 E         : Runtime and build version of gralloc private structure does not match. Errors will likely follow.
05-25 09:34:09.229  2895  2895 E gralloc : invalid gralloc handle (at 0x7faaed65b0)
05-25 09:34:09.229  2895  2895 E SurfaceFlinger: error posting framebuffer: -22
05-25 09:34:09.259  2895  2895 E         : invalid gralloc handle (at 0x7faaed6540)
05-25 09:34:09.259  2895  2895 E         : Runtime and build version of gralloc private structure does not match. Errors will likely follow.
05-25 09:34:09.263  2895  2895 E gralloc : invalid gralloc handle (at 0x7faaed6540)
05-25 09:34:09.263  2895  2895 E SurfaceFlinger: error posting framebuffer: -22
05-25 09:34:09.326  2895  2895 E         : invalid gralloc handle (at 0x7faaed6690)
05-25 09:34:09.326  2895  2895 E         : Runtime and build version of gralloc private structure does not match. Errors will likely follow.
05-25 09:34:09.330  2895  2895 E gralloc : invalid gralloc handle (at 0x7faaed6690)
05-25 09:34:09.330  2895  2895 E SurfaceFlinger: error posting framebuffer: -22
05-25 09:34:09.360  2895  2895 E         : invalid gralloc handle (at 0x7faaed6620)
05-25 09:34:09.360  2895  2895 E         : Runtime and build version of gralloc private structure does not match. Errors will likely follow.
05-25 09:34:09.363  2895  2895 E gralloc : invalid gralloc handle (at 0x7faaed6620)
05-25 09:34:09.363  2895  2895 E SurfaceFlinger: error posting framebuffer: -22
05-25 09:34:09.394  2895  2895 E         : invalid gralloc handle (at 0x7faaed65b0)
05-25 09:34:09.394  2895  2895 E         : Runtime and build version of gralloc private structure does not match. Errors will likely follow.
05-25 09:34:09.397  2895  2895 E gralloc : invalid gralloc handle (at 0x7faaed65b0)
05-25 09:34:09.397  2895  2895 E SurfaceFlinger: error posting framebuffer: -22
05-25 09:34:09.427  2895  2895 E         : invalid gralloc handle (at 0x7faaed6540)
05-25 09:34:09.427  2895  2895 E         : Runtime and build version of gralloc private structure does not match. Errors will likely follow.
05-25 09:34:09.431  2895  2895 E gralloc : invalid gralloc handle (at 0x7faaed6540)
05-25 09:34:09.431  2895  2895 E SurfaceFlinger: error posting framebuffer: -22
05-25 09:34:09.495  2895  2895 E         : invalid gralloc handle (at 0x7faaed6690)
05-25 09:34:09.495  2895  2895 E         : Runtime and build version of gralloc private structure does not match. Errors will likely follow.
05-25 09:34:09.498  2895  2895 E gralloc : invalid gralloc handle (at 0x7faaed6690)
05-25 09:34:09.498  2895  2895 E SurfaceFlinger: error posting framebuffer: -22
05-25 09:34:09.527  3328  3328 W Zygote  : Got error connecting to zygote, retrying. msg= No such file or directory
05-25 09:34:09.528  2895  2895 E         : invalid gralloc handle (at 0x7faaed6620)
05-25 09:34:09.528  2895  2895 E         : Runtime and build version of gralloc private structure does not match. Errors will likely follow.
05-25 09:34:09.532  2895  2895 E gralloc : invalid gralloc handle (at 0x7faaed6620)
05-25 09:34:09.532  2895  2895 E SurfaceFlinger: error posting framebuffer: -22
05-25 09:34:09.562  2895  2895 E         : invalid gralloc handle (at 0x7faaed65b0)
05-25 09:34:09.562  2895  2895 E         : Runtime and build version of gralloc private structure does not match. Errors will likely follow.
05-25 09:34:09.566  2895  2895 E gralloc : invalid gralloc handle (at 0x7faaed65b0)
05-25 09:34:09.566  2895  2895 E SurfaceFlinger: error posting framebuffer: -22
05-25 09:34:09.596  2895  2895 E         : invalid gralloc handle (at 0x7faaed6540)
05-25 09:34:09.596  2895  2895 E         : Runtime and build version of gralloc private structure does not match. Errors will likely follow.
05-25 09:34:09.600  2895  2895 E gralloc : invalid gralloc handle (at 0x7faaed6540)
05-25 09:34:09.600  2895  2895 E SurfaceFlinger: error posting framebuffer: -22
05-25 09:34:09.663  2895  2895 E         : invalid gralloc handle (at 0x7faaed6690)
05-25 09:34:09.663  2895  2895 E         : Runtime and build version of gralloc private structure does not match. Errors will likely follow.
05-25 09:34:09.667  2895  2895 E gralloc : invalid gralloc handle (at 0x7faaed6690)
05-25 09:34:09.667  2895  2895 E SurfaceFlinger: error posting framebuffer: -22
05-25 09:34:09.697  2895  2895 E         : invalid gralloc handle (at 0x7faaed6620)
05-25 09:34:09.697  2895  2895 E         : Runtime and build version of gralloc private structure does not match. Errors will likely follow.
05-25 09:34:09.701  2895  2895 E gralloc : invalid gralloc handle (at 0x7faaed6620)
05-25 09:34:09.701  2895  2895 E SurfaceFlinger: error posting framebuffer: -22
05-25 09:34:09.731  2895  2895 E         : invalid gralloc handle (at 0x7faaed65b0)
05-25 09:34:09.731  2895  2895 E         : Runtime and build version of gralloc private structure does not match. Errors will likely follow.
05-25 09:34:09.735  2895  2895 E gralloc : invalid gralloc handle (at 0x7faaed65b0)
05-25 09:34:09.735  2895  2895 E SurfaceFlinger: error posting framebuffer: -22
05-25 09:34:09.764  2895  2895 E         : invalid gralloc handle (at 0x7faaed6540)
05-25 09:34:09.764  2895  2895 E         : Runtime and build version of gralloc private structure does not match. Errors will likely follow.
05-25 09:34:09.768  2895  2895 E gralloc : invalid gralloc handle (at 0x7faaed6540)
05-25 09:34:09.768  2895  2895 E SurfaceFlinger: error posting framebuffer: -22
05-25 09:34:09.832  2895  2895 E         : invalid gralloc handle (at 0x7faaed6690)
05-25 09:34:09.832  2895  2895 E         : Runtime and build version of gralloc private structure does not match. Errors will likely follow.
05-25 09:34:09.836  2895  2895 E gralloc : invalid gralloc handle (at 0x7faaed6690)
05-25 09:34:09.836  2895  2895 E SurfaceFlinger: error posting framebuffer: -22
05-25 09:34:09.866  2895  2895 E         : invalid gralloc handle (at 0x7faaed6620)
05-25 09:34:09.866  2895  2895 E         : Runtime and build version of gralloc private structure does not match. Errors will likely follow.
05-25 09:34:09.869  2895  2895 E gralloc : invalid gralloc handle (at 0x7faaed6620)
05-25 09:34:09.870  2895  2895 E SurfaceFlinger: error posting framebuffer: -22
05-25 09:34:09.899  2895  2895 E         : invalid gralloc handle (at 0x7faaed65b0)
05-25 09:34:09.899  2895  2895 E         : Runtime and build version of gralloc private structure does not match. Errors will likely follow.
05-25 09:34:09.903  2895  2895 E gralloc : invalid gralloc handle (at 0x7faaed65b0)
05-25 09:34:09.903  2895  2895 E SurfaceFlinger: error posting framebuffer: -22
05-25 09:34:09.933  2895  2895 E         : invalid gralloc handle (at 0x7faaed6540)
05-25 09:34:09.933  2895  2895 E         : Runtime and build version of gralloc private structure does not match. Errors will likely follow.
05-25 09:34:09.937  2895  2895 E gralloc : invalid gralloc handle (at 0x7faaed6540)
05-25 09:34:09.937  2895  2895 E SurfaceFlinger: error posting framebuffer: -22
05-25 09:34:10.001  2895  2895 E         : invalid gralloc handle (at 0x7faaed6690)
05-25 09:34:10.001  2895  2895 E         : Runtime and build version of gralloc private structure does not match. Errors will likely follow.
05-25 09:34:10.004  2895  2895 E gralloc : invalid gralloc handle (at 0x7faaed6690)
05-25 09:34:10.004  2895  2895 E SurfaceFlinger: error posting framebuffer: -22
05-25 09:34:10.034  2895  2895 E         : invalid gralloc handle (at 0x7faaed6620)
05-25 09:34:10.034  2895  2895 E         : Runtime and build version of gralloc private structure does not match. Errors will likely follow.
05-25 09:34:10.038  2895  2895 E gralloc : invalid gralloc handle (at 0x7faaed6620)
05-25 09:34:10.038  2895  2895 E SurfaceFlinger: error posting framebuffer: -22
05-25 09:34:10.068  2895  2895 E         : invalid gralloc handle (at 0x7faaed65b0)
05-25 09:34:10.068  2895  2895 E         : Runtime and build version of gralloc private structure does not match. Errors will likely follow.
05-25 09:34:10.072  2895  2895 E gralloc : invalid gralloc handle (at 0x7faaed65b0)
05-25 09:34:10.072  2895  2895 E SurfaceFlinger: error posting framebuffer: -22
05-25 09:34:10.102  2895  2895 E         : invalid gralloc handle (at 0x7faaed6540)
05-25 09:34:10.102  2895  2895 E         : Runtime and build version of gralloc private structure does not match. Errors will likely follow.
05-25 09:34:10.105  2895  2895 E gralloc : invalid gralloc handle (at 0x7faaed6540)
05-25 09:34:10.105  2895  2895 E SurfaceFlinger: error posting framebuffer: -22
05-25 09:34:10.169  2895  2895 E         : invalid gralloc handle (at 0x7faaed6690)
05-25 09:34:10.169  2895  2895 E         : Runtime and build version of gralloc private structure does not match. Errors will likely follow.
05-25 09:34:10.173  2895  2895 E gralloc : invalid gralloc handle (at 0x7faaed6690)
05-25 09:34:10.173  2895  2895 E SurfaceFlinger: error posting framebuffer: -22
05-25 09:34:10.203  2895  2895 E         : invalid gralloc handle (at 0x7faaed6620)
05-25 09:34:10.203  2895  2895 E         : Runtime and build version of gralloc private structure does not match. Errors will likely follow.
05-25 09:34:10.206  2895  2895 E gralloc : invalid gralloc handle (at 0x7faaed6620)
05-25 09:34:10.206  2895  2895 E SurfaceFlinger: error posting framebuffer: -22
05-25 09:34:10.237  2895  2895 E         : invalid gralloc handle (at 0x7faaed65b0)
05-25 09:34:10.237  2895  2895 E         : Runtime and build version of gralloc private structure does not match. Errors will likely follow.
05-25 09:34:10.240  2895  2895 E gralloc : invalid gralloc handle (at 0x7faaed65b0)
05-25 09:34:10.240  2895  2895 E SurfaceFlinger: error posting framebuffer: -22
05-25 09:34:10.270  2895  2895 E         : invalid gralloc handle (at 0x7faaed6540)
05-25 09:34:10.270  2895  2895 E         : Runtime and build version of gralloc private structure does not match. Errors will likely follow.
05-25 09:34:10.274  2895  2895 E gralloc : invalid gralloc handle (at 0x7faaed6540)
05-25 09:34:10.274  2895  2895 E SurfaceFlinger: error posting framebuffer: -22
05-25 09:34:10.338  2895  2895 E         : invalid gralloc handle (at 0x7faaed6690)
05-25 09:34:10.338  2895  2895 E         : Runtime and build version of gralloc private structure does not match. Errors will likely follow.
05-25 09:34:10.341  2895  2895 E gralloc : invalid gralloc handle (at 0x7faaed6690)
05-25 09:34:10.341  2895  2895 E SurfaceFlinger: error posting framebuffer: -22
05-25 09:34:10.371  2895  2895 E         : invalid gralloc handle (at 0x7faaed6620)
05-25 09:34:10.371  2895  2895 E         : Runtime and build version of gralloc private structure does not match. Errors will likely follow.
05-25 09:34:10.375  2895  2895 E gralloc : invalid gralloc handle (at 0x7faaed6620)
05-25 09:34:10.375  2895  2895 E SurfaceFlinger: error posting framebuffer: -22
05-25 09:34:10.405  2895  2895 E         : invalid gralloc handle (at 0x7faaed65b0)
05-25 09:34:10.405  2895  2895 E         : Runtime and build version of gralloc private structure does not match. Errors will likely follow.
05-25 09:34:10.409  2895  2895 E gralloc : invalid gralloc handle (at 0x7faaed65b0)
05-25 09:34:10.409  2895  2895 E SurfaceFlinger: error posting framebuffer: -22
05-25 09:34:10.439  2895  2895 E         : invalid gralloc handle (at 0x7faaed6540)
05-25 09:34:10.439  2895  2895 E         : Runtime and build version of gralloc private structure does not match. Errors will likely follow.
05-25 09:34:10.443  2895  2895 E gralloc : invalid gralloc handle (at 0x7faaed6540)
05-25 09:34:10.443  2895  2895 E SurfaceFlinger: error posting framebuffer: -22
05-25 09:34:10.506  2895  2895 E         : invalid gralloc handle (at 0x7faaed6690)
05-25 09:34:10.506  2895  2895 E         : Runtime and build version of gralloc private structure does not match. Errors will likely follow.
05-25 09:34:10.510  2895  2895 E gralloc : invalid gralloc handle (at 0x7faaed6690)
05-25 09:34:10.510  2895  2895 E SurfaceFlinger: error posting framebuffer: -22
05-25 09:34:10.527  3328  3328 W Zygote  : Got error connecting to zygote, retrying. msg= No such file or directory
05-25 09:34:10.540  2895  2895 E         : invalid gralloc handle (at 0x7faaed6620)
05-25 09:34:10.540  2895  2895 E         : Runtime and build version of gralloc private structure does not match. Errors will likely follow.
05-25 09:34:10.544  2895  2895 E gralloc : invalid gralloc handle (at 0x7faaed6620)
05-25 09:34:10.544  2895  2895 E SurfaceFlinger: error posting framebuffer: -22
05-25 09:34:10.571  3436  3436 I mediaserver: ServiceManager: 0xf614e120
05-25 09:34:10.571  3436  3436 I AudioFlinger: Using default 3000 mSec as standby time.
05-25 09:34:10.571  3436  3436 E BatteryNotifier: batterystats service unavailable!
05-25 09:34:10.572  3436  3436 E BatteryNotifier: batterystats service unavailable!
05-25 09:34:10.572  3436  3436 I CameraService: CameraService started (pid=3436)
05-25 09:34:10.572  3436  3436 I CameraService: CameraService process starting
05-25 09:34:10.572  3436  3436 E BatteryNotifier: batterystats service unavailable!
05-25 09:34:10.572  3436  3436 E BatteryNotifier: batterystats service unavailable!
05-25 09:34:10.572  3436  3436 E CameraService: Could not load camera HAL module: -2 (No such file or directory)
05-25 09:34:10.572  3436  3436 I AudioPolicyService: AudioPolicyService CSTOR in new mode
05-25 09:34:10.573  3436  3436 W APM::HwModule: loadOutput() invalid supported devices
05-25 09:34:10.573  3436  3436 W APM::HwModule: loadOutput() invalid supported devices
05-25 09:34:10.573  3436  3436 W APM::HwModule: loadInput() invalid supported devices
05-25 09:34:10.573  3436  3436 W APM::HwModule: loadInput() invalid supported devices
05-25 09:34:10.573  3436  3436 I APM::ConfigParsingUtils: loadAudioPolicyConfig() loaded /system/etc/audio_policy.conf
05-25 09:34:10.574  2895  2895 E         : invalid gralloc handle (at 0x7faaed65b0)
05-25 09:34:10.574  2895  2895 E         : Runtime and build version of gralloc private structure does not match. Errors will likely follow.
05-25 09:34:10.577  2895  2895 E gralloc : invalid gralloc handle (at 0x7faaed65b0)
05-25 09:34:10.577  2895  2895 E SurfaceFlinger: error posting framebuffer: -22
05-25 09:34:10.607  2895  2895 E         : invalid gralloc handle (at 0x7faaed6540)
05-25 09:34:10.607  2895  2895 E         : Runtime and build version of gralloc private structure does not match. Errors will likely follow.
05-25 09:34:10.611  2895  2895 E gralloc : invalid gralloc handle (at 0x7faaed6540)
05-25 09:34:10.611  2895  2895 E SurfaceFlinger: error posting framebuffer: -22
05-25 09:34:10.658  2895  2895 E         : invalid gralloc handle (at 0x7faaed6690)
05-25 09:34:10.658  2895  2895 E         : Runtime and build version of gralloc private structure does not match. Errors will likely follow.
05-25 09:34:10.662  2895  2895 E gralloc : invalid gralloc handle (at 0x7faaed6690)
05-25 09:34:10.662  2895  2895 E SurfaceFlinger: error posting framebuffer: -22
05-25 09:34:10.692  2895  2895 E         : invalid gralloc handle (at 0x7faaed6620)
05-25 09:34:10.692  2895  2895 E         : Runtime and build version of gralloc private structure does not match. Errors will likely follow.
05-25 09:34:10.696  2895  2895 E gralloc : invalid gralloc handle (at 0x7faaed6620)
05-25 09:34:10.696  2895  2895 E SurfaceFlinger: error posting framebuffer: -22
05-25 09:34:10.726  2895  2895 E         : invalid gralloc handle (at 0x7faaed65b0)
05-25 09:34:10.726  2895  2895 E         : Runtime and build version of gralloc private structure does not match. Errors will likely follow.
05-25 09:34:10.729  2895  2895 E gralloc : invalid gralloc handle (at 0x7faaed65b0)
05-25 09:34:10.729  2895  2895 E SurfaceFlinger: error posting framebuffer: -22
05-25 09:34:10.759  2895  2895 E         : invalid gralloc handle (at 0x7faaed6540)
05-25 09:34:10.759  2895  2895 E         : Runtime and build version of gralloc private structure does not match. Errors will likely follow.
05-25 09:34:10.763  2895  2895 E gralloc : invalid gralloc handle (at 0x7faaed6540)
05-25 09:34:10.763  2895  2895 E SurfaceFlinger: error posting framebuffer: -22
05-25 09:34:10.827  2895  2895 E         : invalid gralloc handle (at 0x7faaed6690)
05-25 09:34:10.827  2895  2895 E         : Runtime and build version of gralloc private structure does not match. Errors will likely follow.
05-25 09:34:10.830  2895  2895 E gralloc : invalid gralloc handle (at 0x7faaed6690)
05-25 09:34:10.830  2895  2895 E SurfaceFlinger: error posting framebuffer: -22
05-25 09:34:10.860  2895  2895 E         : invalid gralloc handle (at 0x7faaed6620)
05-25 09:34:10.860  2895  2895 E         : Runtime and build version of gralloc private structure does not match. Errors will likely follow.
05-25 09:34:10.864  2895  2895 E gralloc : invalid gralloc handle (at 0x7faaed6620)
05-25 09:34:10.864  2895  2895 E SurfaceFlinger: error posting framebuffer: -22
05-25 09:34:10.894  2895  2895 E         : invalid gralloc handle (at 0x7faaed65b0)
05-25 09:34:10.894  2895  2895 E         : Runtime and build version of gralloc private structure does not match. Errors will likely follow.
05-25 09:34:10.898  2895  2895 E gralloc : invalid gralloc handle (at 0x7faaed65b0)
05-25 09:34:10.898  2895  2895 E SurfaceFlinger: error posting framebuffer: -22
05-25 09:34:10.928  2895  2895 E         : invalid gralloc handle (at 0x7faaed6540)
05-25 09:34:10.928  2895  2895 E         : Runtime and build version of gralloc private structure does not match. Errors will likely follow.
05-25 09:34:10.931  2895  2895 E gralloc : invalid gralloc handle (at 0x7faaed6540)
05-25 09:34:10.931  2895  2895 E SurfaceFlinger: error posting framebuffer: -22
05-25 09:34:10.995  2895  2895 E         : invalid gralloc handle (at 0x7faaed6690)
05-25 09:34:10.995  2895  2895 E         : Runtime and build version of gralloc private structure does not match. Errors will likely follow.
05-25 09:34:10.999  2895  2895 E gralloc : invalid gralloc handle (at 0x7faaed6690)
05-25 09:34:10.999  2895  2895 E SurfaceFlinger: error posting framebuffer: -22
05-25 09:34:11.029  2895  2895 E         : invalid gralloc handle (at 0x7faaed6620)
05-25 09:34:11.029  2895  2895 E         : Runtime and build version of gralloc private structure does not match. Errors will likely follow.
05-25 09:34:11.032  2895  2895 E gralloc : invalid gralloc handle (at 0x7faaed6620)
05-25 09:34:11.033  2895  2895 E SurfaceFlinger: error posting framebuffer: -22
05-25 09:34:11.062  2895  2895 E         : invalid gralloc handle (at 0x7faaed65b0)
05-25 09:34:11.062  2895  2895 E         : Runtime and build version of gralloc private structure does not match. Errors will likely follow.
05-25 09:34:11.066  2895  2895 E gralloc : invalid gralloc handle (at 0x7faaed65b0)
05-25 09:34:11.066  2895  2895 E SurfaceFlinger: error posting framebuffer: -22
05-25 09:34:11.096  2895  2895 E         : invalid gralloc handle (at 0x7faaed6540)
05-25 09:34:11.096  2895  2895 E         : Runtime and build version of gralloc private structure does not match. Errors will likely follow.
05-25 09:34:11.100  2895  2895 E gralloc : invalid gralloc handle (at 0x7faaed6540)
05-25 09:34:11.100  2895  2895 E SurfaceFlinger: error posting framebuffer: -22
05-25 09:34:11.105  3436  3436 I AudioFlinger: loadHwModule() Loaded primary audio interface from Samsung audio HW HAL (audio) handle 1
05-25 09:34:11.105  3436  3436 I AudioFlinger: openOutput(), module 1 Device 2, SamplingRate 48000, Format 0x000001, Channels 3, flags a
05-25 09:34:11.105  3436  3436 I AudioFlinger: AudioStreamOut::open(), mHalFormatIsLinearPcm = 1
05-25 09:34:11.105  3436  3436 I AudioFlinger: HAL output buffer size 1024 frames, normal sink buffer size 1024 frames
05-25 09:34:11.106  3436  3436 W EffectsFactory: loadLibrary() failed to open /system/lib/soundfx/libaudioeffectoffload.so
05-25 09:34:11.107  3436  3436 W EffectsFactory: loadLibrary() failed to open /system/lib/soundfx/libexynosvisualizer.so
05-25 09:34:11.108  3436  3436 W EffectsFactory: loadLibrary() failed to open /system/lib/libmysound.so
05-25 09:34:11.108  3436  3436 W EffectsFactory: loadLibrary() failed to open /system/lib/soundfx/libmyspace.so
05-25 09:34:11.108  3436  3436 W EffectsFactory: loadLibrary() failed to open /system/lib/libaudiosa.so
05-25 09:34:11.108  3436  3436 W EffectsFactory: loadLibrary() failed to open /system/lib/soundfx/libaudiosaplus_sec.so
05-25 09:34:11.109  3436  3436 W EffectsFactory: loadLibrary() failed to open /system/lib/libsamsungSoundbooster_plus.so
05-25 09:34:11.109  3436  3436 W EffectsFactory: loadEffect() could not get library soundbooster_plus
05-25 09:34:11.109  3436  3436 W EffectsFactory: addSubEffect() could not get library soundalive_sec
05-25 09:34:11.109  3436  3436 W EffectsFactory: loadEffect() could not add subEffect 
05-25 09:34:11.109  3436  3436 W EffectsFactory: loadEffect() could not get library soundalive
05-25 09:34:11.109  3436  3436 W EffectsFactory: loadEffect() could not get library soundalive
05-25 09:34:11.109  3436  3436 W EffectsFactory: loadEffect() could not get library soundalive
05-25 09:34:11.109  3436  3436 W EffectsFactory: addSubEffect() could not get library visualizer_hw
05-25 09:34:11.109  3436  3436 W EffectsFactory: loadEffect() could not add subEffect 
05-25 09:34:11.109  3436  3436 W EffectsFactory: addSubEffect() could not get library mysound
05-25 09:34:11.109  3436  3436 W EffectsFactory: loadEffect() could not add subEffect 
05-25 09:34:11.109  3436  3436 W EffectsFactory: addSubEffect() could not get library myspace
05-25 09:34:11.109  3436  3436 W EffectsFactory: loadEffect() could not add subEffect 
05-25 09:34:11.109  3436  3436 I BufferProvider: found effect "Multichannel Downmix To Stereo" from The Android Open Source Project
05-25 09:34:11.109  3436  3436 I AudioFlinger: Using module 1 has the primary audio interface
05-25 09:34:11.109  3436  3440 I AudioFlinger: AudioFlinger's thread 0xf4500000 ready to run
05-25 09:34:11.109  3436  3440 V audio_hw_primary: do_out_standby: output standby: 1
05-25 09:34:11.109  3436  3440 V audio_hw_primary: out_set_parameters: key value pairs: routing=2
05-25 09:34:11.109  3436  3440 E AudioFlinger: no wake lock to update!
05-25 09:34:11.110  3436  3436 I AudioFlinger: openOutput(), module 1 Device 2, SamplingRate 48000, Format 0x000001, Channels 3, flags 4
05-25 09:34:11.110  3436  3436 I AudioFlinger: AudioStreamOut::open(), mHalFormatIsLinearPcm = 1
05-25 09:34:11.110  3436  3436 I AudioFlinger: HAL output buffer size 256 frames, normal sink buffer size 960 frames
05-25 09:34:11.110  3436  3436 E MonoPipe: Failed to fetch local time frequency when constructing a MonoPipe (res = -32).  getNextWriteTimestamp calls will be non-functional
05-25 09:34:11.110  3436  3442 I AudioFlinger: AudioFlinger's thread 0xf4180000 ready to run
05-25 09:34:11.110  3436  3442 V audio_hw_primary: out_set_parameters: key value pairs: routing=2
05-25 09:34:11.110  3436  3442 V audio_hw_primary: do_out_standby: output standby: 1
05-25 09:34:11.110  3436  3442 E AudioFlinger: no wake lock to update!
05-25 09:34:11.110  3436  3436 V audio_hw_primary: adev_open_input_stream: Requesting input stream with rate: 48000, channels: 0xc
05-25 09:34:11.111  3436  3443 I AudioFlinger: AudioFlinger's thread 0xf3e80000 ready to run
05-25 09:34:11.111  3436  3436 I bt_a2dp_hw: adev_open:  adev_open in A2dp_hw module
05-25 09:34:11.111  3436  3436 I AudioFlinger: loadHwModule() Loaded a2dp audio interface from A2DP Audio HW HAL (audio) handle 5
05-25 09:34:11.112  3436  3436 I AudioFlinger: loadHwModule() Loaded usb audio interface from USB audio HW HAL (audio) handle 6
05-25 09:34:11.112  3436  3436 I r_submix: adev_open(name=audio_hw_if)
05-25 09:34:11.112  3436  3436 I r_submix: adev_init_check()
05-25 09:34:11.112  3436  3436 I AudioFlinger: loadHwModule() Loaded r_submix audio interface from Wifi Display audio HAL (audio) handle 7
05-25 09:34:11.112  3436  3436 D r_submix: adev_open_input_stream(addr=0)
05-25 09:34:11.112  3436  3436 D r_submix: submix_audio_device_create_pipe_l(addr=0, idx=9)
05-25 09:34:11.112  3436  3436 D r_submix:   now using address 0 for route 9
05-25 09:34:11.112  3436  3444 I AudioFlinger: AudioFlinger's thread 0xf3e00000 ready to run
05-25 09:34:11.112  3436  3436 D r_submix: adev_close_input_stream()
05-25 09:34:11.112  3436  3436 D r_submix: submix_audio_device_release_pipe_l(idx=9) addr=0
05-25 09:34:11.112  3436  3436 D r_submix: submix_audio_device_destroy_pipe_l(): pipe destroyed
05-25 09:34:11.113  3436  3436 F libc    : Fatal signal 11 (SIGSEGV), code 1, fault addr 0x0 in tid 3436 (mediaserver)
05-25 09:34:11.113  3035  3035 I DEBUG   : property debug.db.uid not set; NOT waiting for gdb.
05-25 09:34:11.113  3035  3035 I DEBUG   : HINT: adb shell setprop debug.db.uid 100000
05-25 09:34:11.113  3035  3035 I DEBUG   : HINT: adb forward tcp:5039 tcp:5039
05-25 09:34:11.163  3035  3035 F DEBUG   : *** *** *** *** *** *** *** *** *** *** *** *** *** *** *** ***
05-25 09:34:11.163  3035  3035 F DEBUG   : Build fingerprint: 'samsung/cm_hero2ltexx/hero2ltexx:6.0.1/MOB30J/5d66e77688:eng/test-keys'
05-25 09:34:11.163  3035  3035 F DEBUG   : Revision: '0'
05-25 09:34:11.163  3035  3035 F DEBUG   : ABI: 'arm'
05-25 09:34:11.163  3035  3035 F DEBUG   : pid: 3436, tid: 3436, name: mediaserver  >>> /system/bin/mediaserver <<<
05-25 09:34:11.163  3035  3035 F DEBUG   : signal 11 (SIGSEGV), code 1 (SEGV_MAPERR), fault addr 0x0
05-25 09:34:11.164  2895  2895 E         : invalid gralloc handle (at 0x7faaed6690)
05-25 09:34:11.164  2895  2895 E         : Runtime and build version of gralloc private structure does not match. Errors will likely follow.
05-25 09:34:11.166  3035  3035 F DEBUG   :     r0 f459e8f4  r1 00000000  r2 65732020  r3 00000007
05-25 09:34:11.166  3035  3035 F DEBUG   :     r4 00000008  r5 f459e8f2  r6 f6fb9be0  r7 ffd41c64
05-25 09:34:11.166  3035  3035 F DEBUG   :     r8 f45fe00c  r9 f6fb7431  sl f6fb7635  fp f459e8f2
05-25 09:34:11.166  3035  3035 F DEBUG   :     ip 00000000  sp ffd41c20  lr f6fb24f7  pc f6b053c8  cpsr 600f0010
05-25 09:34:11.167  3035  3035 F DEBUG   : 
05-25 09:34:11.167  3035  3035 F DEBUG   : backtrace:
05-25 09:34:11.167  3035  3035 F DEBUG   :     #00 pc 000183c8  /system/lib/libc.so (strcmp+152)
05-25 09:34:11.167  3035  3035 F DEBUG   :     #01 pc 000084f3  /system/lib/libaudiopolicyservice.so
05-25 09:34:11.167  3035  3035 F DEBUG   :     #02 pc 0001fc60  [stack]
05-25 09:34:11.167  2895  2895 E gralloc : invalid gralloc handle (at 0x7faaed6690)
05-25 09:34:11.167  2895  2895 E SurfaceFlinger: error posting framebuffer: -22
05-25 09:34:11.198  2895  2895 E         : invalid gralloc handle (at 0x7faaed6620)
05-25 09:34:11.198  2895  2895 E         : Runtime and build version of gralloc private structure does not match. Errors will likely follow.
05-25 09:34:11.201  2895  2895 E gralloc : invalid gralloc handle (at 0x7faaed6620)
05-25 09:34:11.201  2895  2895 E SurfaceFlinger: error posting framebuffer: -22
05-25 09:34:11.209  3035  3035 F DEBUG   : 
05-25 09:34:11.209  3035  3035 F DEBUG   : Tombstone written to: /data/tombstones/tombstone_03
05-25 09:34:11.199  3436  3436 W mediaserver: type=1701 audit(0.0:144): auid=4294967295 uid=1013 gid=1005 ses=4294967295 exe="/system/bin/mediaserver" sig=11
05-25 09:34:11.211  2894  2894 I ServiceManager: service 'media.audio_flinger' died
05-25 09:34:11.211  2894  2894 I ServiceManager: service 'media.player' died
05-25 09:34:11.211  2894  2894 I ServiceManager: service 'media.resource_manager' died
05-25 09:34:11.211  2894  2894 I ServiceManager: service 'media.camera' died
05-25 09:34:11.231  2895  2895 E         : invalid gralloc handle (at 0x7faaed65b0)
05-25 09:34:11.231  2895  2895 E         : Runtime and build version of gralloc private structure does not match. Errors will likely follow.
05-25 09:34:11.235  2895  2895 E gralloc : invalid gralloc handle (at 0x7faaed65b0)
05-25 09:34:11.235  2895  2895 E SurfaceFlinger: error posting framebuffer: -22
05-25 09:34:11.265  2895  2895 E         : invalid gralloc handle (at 0x7faaed6540)
05-25 09:34:11.265  2895  2895 E         : Runtime and build version of gralloc private structure does not match. Errors will likely follow.
05-25 09:34:11.269  2895  2895 E gralloc : invalid gralloc handle (at 0x7faaed6540)
05-25 09:34:11.269  2895  2895 E SurfaceFlinger: error posting framebuffer: -22
05-25 09:34:11.332  2895  2895 E         : invalid gralloc handle (at 0x7faaed6690)
05-25 09:34:11.332  2895  2895 E         : Runtime and build version of gralloc private structure does not match. Errors will likely follow.
05-25 09:34:11.336  2895  2895 E gralloc : invalid gralloc handle (at 0x7faaed6690)
05-25 09:34:11.336  2895  2895 E SurfaceFlinger: error posting framebuffer: -22
05-25 09:34:11.367  2895  2895 E         : invalid gralloc handle (at 0x7faaed6620)
05-25 09:34:11.367  2895  2895 E         : Runtime and build version of gralloc private structure does not match. Errors will likely follow.
05-25 09:34:11.370  2895  2895 E gralloc : invalid gralloc handle (at 0x7faaed6620)
05-25 09:34:11.370  2895  2895 E SurfaceFlinger: error posting framebuffer: -22
05-25 09:34:11.400  2895  2895 E         : invalid gralloc handle (at 0x7faaed65b0)
05-25 09:34:11.400  2895  2895 E         : Runtime and build version of gralloc private structure does not match. Errors will likely follow.
05-25 09:34:11.404  2895  2895 E gralloc : invalid gralloc handle (at 0x7faaed65b0)
05-25 09:34:11.404  2895  2895 E SurfaceFlinger: error posting framebuffer: -22
05-25 09:34:11.434  2895  2895 E         : invalid gralloc handle (at 0x7faaed6540)
05-25 09:34:11.434  2895  2895 E         : Runtime and build version of gralloc private structure does not match. Errors will likely follow.
05-25 09:34:11.437  2895  2895 E gralloc : invalid gralloc handle (at 0x7faaed6540)
05-25 09:34:11.437  2895  2895 E SurfaceFlinger: error posting framebuffer: -22
05-25 09:34:11.501  2895  2895 E         : invalid gralloc handle (at 0x7faaed6690)
05-25 09:34:11.501  2895  2895 E         : Runtime and build version of gralloc private structure does not match. Errors will likely follow.
05-25 09:34:11.505  2895  2895 E gralloc : invalid gralloc handle (at 0x7faaed6690)
05-25 09:34:11.505  2895  2895 E SurfaceFlinger: error posting framebuffer: -22
05-25 09:34:11.527  3328  3328 W Zygote  : Got error connecting to zygote, retrying. msg= No such file or directory
05-25 09:34:11.535  2895  2895 E         : invalid gralloc handle (at 0x7faaed6620)
05-25 09:34:11.535  2895  2895 E         : Runtime and build version of gralloc private structure does not match. Errors will likely follow.
05-25 09:34:11.538  2895  2895 E gralloc : invalid gralloc handle (at 0x7faaed6620)
05-25 09:34:11.538  2895  2895 E SurfaceFlinger: error posting framebuffer: -22
05-25 09:34:11.568  2895  2895 E         : invalid gralloc handle (at 0x7faaed65b0)
05-25 09:34:11.568  2895  2895 E         : Runtime and build version of gralloc private structure does not match. Errors will likely follow.
05-25 09:34:11.572  2895  2895 E gralloc : invalid gralloc handle (at 0x7faaed65b0)
05-25 09:34:11.572  2895  2895 E SurfaceFlinger: error posting framebuffer: -22
05-25 09:34:11.602  2895  2895 E         : invalid gralloc handle (at 0x7faaed6540)
05-25 09:34:11.602  2895  2895 E         : Runtime and build version of gralloc private structure does not match. Errors will likely follow.
05-25 09:34:11.606  2895  2895 E gralloc : invalid gralloc handle (at 0x7faaed6540)
05-25 09:34:11.606  2895  2895 E SurfaceFlinger: error posting framebuffer: -22
05-25 09:34:11.670  2895  2895 E         : invalid gralloc handle (at 0x7faaed6690)
05-25 09:34:11.670  2895  2895 E         : Runtime and build version of gralloc private structure does not match. Errors will likely follow.
05-25 09:34:11.673  2895  2895 E gralloc : invalid gralloc handle (at 0x7faaed6690)
05-25 09:34:11.673  2895  2895 E SurfaceFlinger: error posting framebuffer: -22
05-25 09:34:11.703  2895  2895 E         : invalid gralloc handle (at 0x7faaed6620)
05-25 09:34:11.704  2895  2895 E         : Runtime and build version of gralloc private structure does not match. Errors will likely follow.
05-25 09:34:11.707  2895  2895 E gralloc : invalid gralloc handle (at 0x7faaed6620)
05-25 09:34:11.707  2895  2895 E SurfaceFlinger: error posting framebuffer: -22
