05-25 08:24:38.939  3362  3362 E CameraService: Could not load camera HAL module: -2 (No such file or directory)
05-25 08:24:38.939  3362  3362 I AudioPolicyService: AudioPolicyService CSTOR in new mode
05-25 08:24:38.939  3362  3362 W APM::HwModule: loadOutput() invalid supported devices
05-25 08:24:38.940  3362  3362 W APM::HwModule: loadOutput() invalid supported devices
05-25 08:24:38.940  3362  3362 W APM::HwModule: loadInput() invalid supported devices
05-25 08:24:38.940  3362  3362 W APM::HwModule: loadInput() invalid supported devices
05-25 08:24:38.940  3362  3362 I APM::ConfigParsingUtils: loadAudioPolicyConfig() loaded /system/etc/audio_policy.conf
05-25 08:24:38.999  3361  3361 W surfaceflinger: type=1701 audit(0.0:140): auid=4294967295 uid=1000 gid=1003 ses=4294967295 exe="/system/bin/surfaceflinger" sig=6
05-25 08:24:39.000  3361  3361 D SurfaceFlinger: SF. shader cache generated - 26 shaders in 106.426270 ms
05-25 08:24:39.005  3361  3361 E display : ioctl S3CFB_WIN_CONFIG failed: Not a typewriter
05-25 08:24:39.005  3361  3361 F display : ioctl S3CFB_WIN_CONFIG failed to clear screen: Not a typewriter
05-25 08:24:39.005  3361  3361 F libc    : Fatal signal 6 (SIGABRT), code -6 in tid 3361 (surfaceflinger)
05-25 08:24:39.005  3361  3361 F libc    : Unable to open connection to debuggerd: Connection refused
05-25 08:24:39.055  2893  2893 I ServiceManager: service 'SurfaceFlinger' died
05-25 08:24:39.055  3384  3387 W SurfaceComposerClient: ComposerService remote (surfaceflinger) died [0x7f87f23320]
05-25 08:24:39.055  3384  3389 E SurfaceControl: invalid handle (0x0) or client (0x7f87f1c640)
05-25 08:24:39.055  3384  3387 D BootAnimation: SurfaceFlinger died, exiting...
05-25 08:24:39.076  2893  2893 I ServiceManager: service 'media.audio_flinger' died
05-25 08:24:39.076  2893  2893 I ServiceManager: service 'media.player' died
05-25 08:24:39.076  2893  2893 I ServiceManager: service 'media.resource_manager' died
05-25 08:24:39.076  2893  2893 I ServiceManager: service 'media.camera' died
05-25 08:24:39.149  2963  2963 W auditd  : type=1325 audit(0.0:141): table=filter family=2 entries=52
05-25 08:24:39.149  2963  2963 W auditd  : type=1320 audit(0.0:141): 
05-25 08:24:39.155  3398  3398 I Netd    : Netd 1.0 starting
05-25 08:24:39.155  3398  3398 I QtiConnectivityAdapter: Failed to open libconnctrl, some features may not be present.
05-25 08:24:39.155  3398  3398 D TetherController: Setting IP forward enable = 0
05-25 08:24:39.159  2963  2963 W auditd  : type=1325 audit(0.0:142): table=filter family=10 entries=55
05-25 08:24:39.159  2963  2963 W auditd  : type=1320 audit(0.0:142): 
05-25 08:24:39.159  2963  2963 W auditd  : type=1325 audit(0.0:143): table=filter family=2 entries=51
05-25 08:24:39.159  2963  2963 W auditd  : type=1320 audit(0.0:143): 
05-25 08:24:39.159  2963  2963 W auditd  : type=1325 audit(0.0:144): table=filter family=10 entries=54
05-25 08:24:39.159  2963  2963 W auditd  : type=1320 audit(0.0:144): 
05-25 08:24:39.169  2963  2963 W auditd  : type=1325 audit(0.0:145): table=filter family=2 entries=50
05-25 08:24:39.169  2963  2963 W auditd  : type=1320 audit(0.0:145): 
05-25 08:24:39.169  2963  2963 W auditd  : type=1325 audit(0.0:146): table=filter family=10 entries=53
05-25 08:24:39.169  2963  2963 W auditd  : type=1320 audit(0.0:146): 
05-25 08:24:39.179  2963  2963 W auditd  : type=1325 audit(0.0:147): table=filter family=2 entries=48
05-25 08:24:39.179  2963  2963 W auditd  : type=1320 audit(0.0:147): 
05-25 08:24:39.179  2963  2963 W auditd  : type=1325 audit(0.0:148): table=filter family=10 entries=51
05-25 08:24:39.179  2963  2963 W auditd  : type=1320 audit(0.0:148): 
05-25 08:24:39.189  2963  2963 W auditd  : type=1325 audit(0.0:149): table=filter family=2 entries=50
05-25 08:24:39.189  2963  2963 W auditd  : type=1320 audit(0.0:149): 
05-25 08:24:39.189  2963  2963 W auditd  : type=1325 audit(0.0:150): table=filter family=10 entries=53
05-25 08:24:39.275  3395  3395 D AndroidRuntime: >>>>>> START com.android.internal.os.ZygoteInit uid 0 <<<<<<
05-25 08:24:39.277  3395  3395 D AndroidRuntime: CheckJNI is ON
05-25 08:24:39.278  3395  3395 I art     : option[0]=-Xzygote
05-25 08:24:39.278  3395  3395 I art     : option[1]=-Xcheck:jni
05-25 08:24:39.278  3395  3395 I art     : option[2]=-Xstacktracefile:/data/anr/traces.txt
05-25 08:24:39.278  3395  3395 I art     : option[3]=exit
05-25 08:24:39.278  3395  3395 I art     : option[4]=vfprintf
05-25 08:24:39.278  3395  3395 I art     : option[5]=sensitiveThread
05-25 08:24:39.278  3395  3395 I art     : option[6]=-verbose:gc
05-25 08:24:39.278  3395  3395 I art     : option[7]=-Xms8m
05-25 08:24:39.278  3395  3395 I art     : option[8]=-Xmx512m
05-25 08:24:39.278  3395  3395 I art     : option[9]=-XX:HeapGrowthLimit=256m
05-25 08:24:39.278  3395  3395 I art     : option[10]=-XX:HeapMinFree=2m
05-25 08:24:39.278  3395  3395 I art     : option[11]=-XX:HeapMaxFree=8m
05-25 08:24:39.278  3395  3395 I art     : option[12]=-XX:HeapTargetUtilization=0.75
05-25 08:24:39.278  3395  3395 I art     : option[13]=-Xusejit:true
05-25 08:24:39.278  3395  3395 I art     : option[14]=-agentlib:jdwp=transport=dt_android_adb,suspend=n,server=y
05-25 08:24:39.278  3395  3395 I art     : option[15]=-Xlockprofthreshold:500
05-25 08:24:39.278  3395  3395 I art     : option[16]=-Ximage-compiler-option
05-25 08:24:39.278  3395  3395 I art     : option[17]=--runtime-arg
05-25 08:24:39.278  3395  3395 I art     : option[18]=-Ximage-compiler-option
05-25 08:24:39.278  3395  3395 I art     : option[19]=-Xms64m
05-25 08:24:39.278  3395  3395 I art     : option[20]=-Ximage-compiler-option
05-25 08:24:39.278  3395  3395 I art     : option[21]=--runtime-arg
05-25 08:24:39.278  3395  3395 I art     : option[22]=-Ximage-compiler-option
05-25 08:24:39.278  3395  3395 I art     : option[23]=-Xmx64m
05-25 08:24:39.278  3395  3395 I art     : option[24]=-Ximage-compiler-option
05-25 08:24:39.278  3395  3395 I art     : option[25]=--compiler-filter=verify-at-runtime
05-25 08:24:39.278  3395  3395 I art     : option[26]=-Ximage-compiler-option
05-25 08:24:39.278  3395  3395 I art     : option[27]=--image-classes=/system/etc/preloaded-classes
05-25 08:24:39.278  3395  3395 I art     : option[28]=-Xcompiler-option
05-25 08:24:39.278  3395  3395 I art     : option[29]=--runtime-arg
05-25 08:24:39.278  3395  3395 I art     : option[30]=-Xcompiler-option
05-25 08:24:39.278  3395  3395 I art     : option[31]=-Xms64m
05-25 08:24:39.278  3395  3395 I art     : option[32]=-Xcompiler-option
05-25 08:24:39.278  3395  3395 I art     : option[33]=--runtime-arg
05-25 08:24:39.278  3395  3395 I art     : option[34]=-Xcompiler-option
05-25 08:24:39.278  3395  3395 I art     : option[35]=-Xmx512m
05-25 08:24:39.278  3395  3395 I art     : option[36]=-Xcompiler-option
05-25 08:24:39.278  3395  3395 I art     : option[37]=--compiler-filter=verify-at-runtime
05-25 08:24:39.278  3395  3395 I art     : option[38]=-Ximage-compiler-option
05-25 08:24:39.278  3395  3395 I art     : option[39]=--instruction-set-variant=generic
05-25 08:24:39.278  3395  3395 I art     : option[40]=-Xcompiler-option
05-25 08:24:39.278  3395  3395 I art     : option[41]=--instruction-set-variant=generic
05-25 08:24:39.278  3395  3395 I art     : option[42]=-Ximage-compiler-option
05-25 08:24:39.278  3395  3395 I art     : option[43]=--instruction-set-features=default
05-25 08:24:39.278  3395  3395 I art     : option[44]=-Xcompiler-option
05-25 08:24:39.278  3395  3395 I art     : option[45]=--instruction-set-features=default
05-25 08:24:39.278  3395  3395 I art     : option[46]=-Duser.locale=en-US
05-25 08:24:39.278  3395  3395 I art     : option[47]=--cpu-abilist=arm64-v8a,armeabi
05-25 08:24:39.278  3395  3395 I art     : option[48]=-Xfingerprint:samsung/cm_hero2ltexx/hero2ltexx:6.0.1/MOB30J/b0fe1115db:eng/test-keys
05-25 08:24:39.297  3395  3395 D ICU     : No timezone override file found: /data/misc/zoneinfo/current/icu/icu_tzdata.dat
05-25 08:24:39.422  3395  3395 I Radio-JNI: register_android_hardware_Radio DONE
05-25 08:24:39.464  3395  3395 I SamplingProfilerIntegration: Profiling disabled.
05-25 08:24:39.465  3395  3395 D Zygote  : begin preload
05-25 08:24:39.467  3395  3395 I Zygote  : Preloading classes...
05-25 08:24:39.809  3395  3395 E Minikin : addFont failed to create font /system/fonts/NanumGothic.ttf
05-25 08:24:39.809  3395  3395 E Minikin : addFont failed to create font /system/fonts/DroidSansFallback.ttf
05-25 08:24:39.809  3395  3395 E Minikin : addFont failed to create font /system/fonts/MTLmr3m.ttf
05-25 08:24:39.894  3395  3395 V DngCreator_JNI: DngCreator_nativeClassInit:
05-25 08:24:39.949  3398  3398 V NatController: runCmd(/system/bin/iptables -w -F natctrl_FORWARD) res=0
05-25 08:24:39.953  3398  3398 V NatController: runCmd(/system/bin/iptables -w -A natctrl_FORWARD -j DROP) res=0
05-25 08:24:39.958  3398  3398 V NatController: runCmd(/system/bin/iptables -w -t nat -F natctrl_nat_POSTROUTING) res=0
05-25 08:24:39.962  3398  3398 V NatController: runCmd(/system/bin/iptables -w -F natctrl_tether_counters) res=0
05-25 08:24:39.967  3398  3398 V NatController: runCmd(/system/bin/iptables -w -X natctrl_tether_counters) res=0
05-25 08:24:39.971  3398  3398 V NatController: runCmd(/system/bin/iptables -w -N natctrl_tether_counters) res=0
05-25 08:24:39.975  3398  3398 V NatController: runCmd(/system/bin/iptables -w -t mangle -A natctrl_mangle_FORWARD -p tcp --tcp-flags SYN SYN -j TCPMSS --clamp-mss-to-pmtu) res=0
05-25 08:24:40.009  2963  2963 W auditd  : type=1325 audit(0.0:332): table=filter family=10 entries=53
05-25 08:24:40.009  2963  2963 W auditd  : type=1320 audit(0.0:332): 
05-25 08:24:40.009  2963  2963 W auditd  : type=1325 audit(0.0:333): table=filter family=2 entries=50
05-25 08:24:40.009  2963  2963 W auditd  : type=1320 audit(0.0:333): 
05-25 08:24:40.019  2963  2963 W auditd  : type=1325 audit(0.0:334): table=filter family=10 entries=53
05-25 08:24:40.019  2963  2963 W auditd  : type=1320 audit(0.0:334): 
05-25 08:24:40.019  2963  2963 W auditd  : type=1325 audit(0.0:335): table=filter family=2 entries=50
05-25 08:24:40.019  2963  2963 W auditd  : type=1320 audit(0.0:335): 
05-25 08:24:40.019  2963  2963 W auditd  : type=1325 audit(0.0:336): table=filter family=10 entries=53
05-25 08:24:40.019  2963  2963 W auditd  : type=1320 audit(0.0:336): 
05-25 08:24:40.029  2963  2963 W auditd  : type=1325 audit(0.0:337): table=raw family=2 entries=9
05-25 08:24:40.029  2963  2963 W auditd  : type=1320 audit(0.0:337): 
05-25 08:24:40.029  2963  2963 W auditd  : type=1325 audit(0.0:338): table=raw family=10 entries=9
05-25 08:24:40.029  2963  2963 W auditd  : type=1320 audit(0.0:338): 
05-25 08:24:40.039  2963  2963 W auditd  : type=1325 audit(0.0:339): table=mangle family=2 entries=16
05-25 08:24:40.039  2963  2963 W auditd  : type=1320 audit(0.0:339): 
05-25 08:24:40.039  2963  2963 W auditd  : type=1325 audit(0.0:340): table=mangle family=10 entries=12
05-25 08:24:40.039  2963  2963 W auditd  : type=1320 audit(0.0:340): 
05-25 08:24:40.049  2963  2963 W auditd  : type=1325 audit(0.0:341): table=filter family=2 entries=49
05-25 08:24:40.049  2963  2963 W auditd  : type=1320 audit(0.0:341): 
05-25 08:24:40.224  3398  3398 E Netd    : cannot find interface dummy0
05-25 08:24:40.225  3398  3398 D MDnsDS  : MDnsSdListener::Hander starting up
05-25 08:24:40.225  3398  3654 D MDnsDS  : MDnsSdListener starting to monitor
05-25 08:24:40.225  3398  3654 D MDnsDS  : Going to poll with pollCount 1
05-25 08:24:40.513  3395  3395 I art     : Thread[1,tid=3395,Native,Thread*=0x7f75cfba00,peer=0x12c532e0,"main"] recursive attempt to load library "/system/lib64/libmedia_jni.so"
05-25 08:24:40.513  3395  3395 D MtpDeviceJNI: register_android_mtp_MtpDevice
05-25 08:24:40.514  3395  3395 I art     : Thread[1,tid=3395,Native,Thread*=0x7f75cfba00,peer=0x12c532e0,"main"] recursive attempt to load library "/system/lib64/libmedia_jni.so"
05-25 08:24:40.514  3395  3395 I art     : Thread[1,tid=3395,Native,Thread*=0x7f75cfba00,peer=0x12c532e0,"main"] recursive attempt to load library "/system/lib64/libmedia_jni.so"
05-25 08:24:41.011  3395  3395 W System  : ClassLoader referenced unknown path: /system/framework/tcmclient.jar
05-25 08:24:41.332  3395  3395 I System  : Loaded time zone names for "" in 18ms (16ms in ICU)
05-25 08:24:41.364  3395  3395 I System  : Loaded time zone names for "en_US" in 32ms (11ms in ICU)
05-25 08:24:41.532  3395  3395 I Zygote  : ...preloaded 3831 classes in 2065ms.
05-25 08:24:41.532  3395  3395 I art     : VMRuntime.preloadDexCaches starting
05-25 08:24:41.564  3395  3395 I art     : VMRuntime.preloadDexCaches strings total=248908 before=10083 after=10083
05-25 08:24:41.564  3395  3395 I art     : VMRuntime.preloadDexCaches types total=20329 before=8245 after=9836
05-25 08:24:41.564  3395  3395 I art     : VMRuntime.preloadDexCaches fields total=100349 before=35755 after=47720
05-25 08:24:41.564  3395  3395 I art     : VMRuntime.preloadDexCaches methods total=172744 before=67597 after=83301
05-25 08:24:41.564  3395  3395 I art     : VMRuntime.preloadDexCaches finished
05-25 08:24:41.576  3661  3661 D idmap   : error: no read access to /vendor/overlay: No such file or directory
05-25 08:24:41.579  3395  3395 I Zygote  : Preloading resources...
05-25 08:24:41.953  3395  3395 I Zygote  : ...preloaded 342 resources in 374ms.
05-25 08:24:41.963  3395  3395 I Zygote  : ...preloaded 41 resources in 10ms.
05-25 08:24:41.970  3395  3395 D libEGL  : loaded /vendor/lib64/egl/libGLES_mali.so
05-25 08:24:41.976  3395  3395 I Zygote  : Preloading shared libraries...
05-25 08:24:41.983  3395  3395 D Zygote  : end preload
05-25 08:24:41.983  3395  3395 I art     : Starting a blocking GC Explicit
05-25 08:24:41.994  3395  3395 I art     : Explicit concurrent mark sweep GC freed 11399(460KB) AllocSpace objects, 0(0B) LOS objects, 35% free, 29MB/45MB, paused 50us total 10.830ms
05-25 08:24:42.004  3395  3395 I art     : Starting a blocking GC Explicit
05-25 08:24:42.013  3395  3395 I art     : Explicit concurrent mark sweep GC freed 2657(124KB) AllocSpace objects, 0(0B) LOS objects, 35% free, 28MB/44MB, paused 44us total 8.727ms
05-25 08:24:42.014  3395  3442 I art     : Starting a blocking GC HeapTrim
05-25 08:24:42.014  3395  3395 I art     : Starting a blocking GC Background
05-25 08:24:42.061  3395  3395 I Zygote  : System server process 3662 has been created
05-25 08:24:42.063  3395  3395 I Zygote  : Accepting command socket connections
05-25 08:24:42.066  3662  3662 W Zygote  : Got error connecting to zygote, retrying. msg= No such file or directory
05-25 08:24:43.067  3662  3662 W Zygote  : Got error connecting to zygote, retrying. msg= No such file or directory
05-25 08:24:44.068  3662  3662 W Zygote  : Got error connecting to zygote, retrying. msg= No such file or directory
05-25 08:24:44.167  3673  3673 I SurfaceFlinger: SurfaceFlinger is starting
05-25 08:24:44.167  3673  3673 E SchedPolicy: /system/bin/surfaceflinger add_tid_to_cgroup failed; fd=-1
05-25 08:24:44.167  3673  3673 I SurfaceFlinger: SurfaceFlinger's main thread ready to run. Initializing graphics H/W...
05-25 08:24:44.174  3673  3673 D libEGL  : loaded /vendor/lib64/egl/libGLES_mali.so
05-25 08:24:44.181  3673  3673 I gralloc : using (id=)
05-25 08:24:44.181  3673  3673 I gralloc : xres         = 1440 px
05-25 08:24:44.181  3673  3673 I gralloc : yres         = 2560 px
05-25 08:24:44.181  3673  3673 I gralloc : width        = 68 mm (537.882324 dpi)
05-25 08:24:44.181  3673  3673 I gralloc : height       = 122 mm (532.983582 dpi)
05-25 08:24:44.181  3673  3673 I gralloc : refresh rate = 59.31 Hz
05-25 08:24:44.186  3673  3673 D hwcomposer: using
05-25 08:24:44.186  3673  3673 D hwcomposer: xres         = 1440 px
05-25 08:24:44.186  3673  3673 D hwcomposer: yres         = 2560 px
05-25 08:24:44.186  3673  3673 D hwcomposer: width        = 68 mm (537.882000 dpi)
05-25 08:24:44.186  3673  3673 D hwcomposer: height       = 122 mm (532.983000 dpi)
05-25 08:24:44.186  3673  3673 D hwcomposer: refresh rate = 59 Hz
05-25 08:24:44.186  3673  3673 I hwcomposer: PSR info devname = /sys/devices/13960000.decon_f/psr_info
05-25 08:24:44.186  3673  3673 I hwcomposer: PSR mode is 6(0: video mode, 1: DP PSR mode, 2: MIPI-DSI command mode)
05-25 08:24:44.187  3673  3673 I SurfaceFlinger: Using composer version 1.3
05-25 08:24:44.187  3673  3673 E display : unknown display attribute 6
05-25 08:24:44.187  3673  3673 I SurfaceFlinger: EGL information:
05-25 08:24:44.187  3673  3673 I SurfaceFlinger: vendor    : Android
05-25 08:24:44.187  3673  3673 I SurfaceFlinger: version   : 1.4 Android META-EGL
05-25 08:24:44.187  3673  3673 I SurfaceFlinger: extensions: EGL_KHR_get_all_proc_addresses EGL_ANDROID_presentation_time EGL_KHR_swap_buffers_with_damage EGL_KHR_image EGL_KHR_image_base EGL_KHR_gl_texture_2D_image EGL_KHR_gl_texture_cubemap_image EGL_KHR_gl_renderbuffer_image EGL_KHR_fence_sync EGL_KHR_create_context EGL_KHR_config_attribs EGL_KHR_surfaceless_context EGL_EXT_create_context_robustness EGL_ANDROID_image_native_buffer EGL_KHR_wait_sync EGL_ANDROID_recordable EGL_KHR_partial_update 
05-25 08:24:44.187  3673  3673 I SurfaceFlinger: Client API: OpenGL_ES
05-25 08:24:44.187  3673  3673 I SurfaceFlinger: EGLSurface: 8-8-8-8, config=0x7f9ebbb128
05-25 08:24:44.187  3673  3673 D         : ro.exynos.dss isEnabled: 0
05-25 08:24:44.189  3673  3673 I SurfaceFlinger: OpenGL ES informations:
05-25 08:24:44.189  3673  3673 I SurfaceFlinger: vendor    : ARM
05-25 08:24:44.189  3673  3673 I SurfaceFlinger: renderer  : Mali-T880
05-25 08:24:44.189  3673  3673 I SurfaceFlinger: version   : OpenGL ES 3.1 v1.r9p0-12dev0.c2bae768d87bf40047e1f310c8de7f16
05-25 08:24:44.189  3673  3673 I SurfaceFlinger: extensions: GL_EXT_debug_marker GL_ARM_rgba8 GL_ARM_mali_shader_binary GL_OES_depth24 GL_OES_depth_texture GL_OES_depth_texture_cube_map GL_OES_packed_depth_stencil GL_OES_rgb8_rgba8 GL_EXT_read_format_bgra GL_OES_compressed_paletted_texture GL_OES_compressed_ETC1_RGB8_texture GL_OES_standard_derivatives GL_OES_EGL_image GL_OES_EGL_image_external GL_OES_EGL_sync GL_OES_texture_npot GL_OES_vertex_half_float GL_OES_required_internalformat GL_OES_vertex_array_object GL_OES_mapbuffer GL_EXT_texture_format_BGRA8888 GL_EXT_texture_rg GL_EXT_texture_type_2_10_10_10_REV GL_OES_fbo_render_mipmap GL_OES_element_index_uint GL_EXT_shadow_samplers GL_OES_texture_compression_astc GL_KHR_texture_compression_astc_ldr GL_KHR_texture_compression_astc_hdr GL_KHR_debug GL_EXT_occlusion_query_boolean GL_EXT_disjoint_timer_query GL_EXT_blend_minmax GL_EXT_discard_framebuffer GL_OES_get_program_binary GL_OES_texture_3D GL_EXT_texture_storage GL_EXT_multisampled_render_to_texture GL_OES_surfaceless_context GL_OES_texture_stencil8 G
05-25 08:24:44.189  3673  3673 I SurfaceFlinger: GL_MAX_TEXTURE_SIZE = 8192
05-25 08:24:44.189  3673  3673 I SurfaceFlinger: GL_MAX_VIEWPORT_DIMS = 8192
05-25 08:24:44.190  3673  3673 D mali_winsys: new_window_surface returns 0x3000,  [1440x2560]-format:1
05-25 08:24:44.191  3673  3673 D SurfaceFlinger: Set power mode=2, type=0 flinger=0x7f9eb83c00
05-25 08:24:44.272  3674  3674 I mediaserver: ServiceManager: 0xf618e120
05-25 08:24:44.272  3674  3674 I AudioFlinger: Using default 3000 mSec as standby time.
05-25 08:24:44.272  3674  3674 E BatteryNotifier: batterystats service unavailable!
05-25 08:24:44.272  3674  3674 E BatteryNotifier: batterystats service unavailable!
05-25 08:24:44.272  3674  3674 I CameraService: CameraService started (pid=3674)
05-25 08:24:44.272  3674  3674 I CameraService: CameraService process starting
05-25 08:24:44.272  3674  3674 E BatteryNotifier: batterystats service unavailable!
05-25 08:24:44.272  3674  3674 E BatteryNotifier: batterystats service unavailable!
05-25 08:24:44.273  3674  3674 E CameraService: Could not load camera HAL module: -2 (No such file or directory)
05-25 08:24:44.273  3674  3674 I AudioPolicyService: AudioPolicyService CSTOR in new mode
05-25 08:24:44.273  3674  3674 W APM::HwModule: loadOutput() invalid supported devices
05-25 08:24:44.273  3674  3674 W APM::HwModule: loadOutput() invalid supported devices
05-25 08:24:44.273  3674  3674 W APM::HwModule: loadInput() invalid supported devices
05-25 08:24:44.273  3674  3674 W APM::HwModule: loadInput() invalid supported devices
05-25 08:24:44.273  3674  3674 I APM::ConfigParsingUtils: loadAudioPolicyConfig() loaded /system/etc/audio_policy.conf
05-25 08:24:44.340  3673  3673 D SurfaceFlinger: SF. shader cache generated - 26 shaders in 105.736885 ms
05-25 08:24:44.344  3673  3673 E display : ioctl S3CFB_WIN_CONFIG failed: Not a typewriter
05-25 08:24:44.344  3673  3673 F display : ioctl S3CFB_WIN_CONFIG failed to clear screen: Not a typewriter
05-25 08:24:44.344  3673  3673 F libc    : Fatal signal 6 (SIGABRT), code -6 in tid 3673 (surfaceflinger)
05-25 08:24:44.344  3673  3673 F libc    : Unable to open connection to debuggerd: Connection refused
05-25 08:24:44.329  3673  3673 W surfaceflinger: type=1701 audit(0.0:379): auid=4294967295 uid=1000 gid=1003 ses=4294967295 exe="/system/bin/surfaceflinger" sig=6
05-25 08:24:44.406  3696  3700 E SurfaceControl: invalid handle (0x0) or client (0x7fb68dc640)
05-25 08:24:44.406  3696  3698 W SurfaceComposerClient: ComposerService remote (surfaceflinger) died [0x7fb68e3320]
05-25 08:24:44.406  3696  3698 D BootAnimation: SurfaceFlinger died, exiting...
05-25 08:24:44.406  2893  2893 I ServiceManager: service 'SurfaceFlinger' died
05-25 08:24:44.435  2893  2893 I ServiceManager: service 'media.audio_flinger' died
05-25 08:24:44.435  2893  2893 I ServiceManager: service 'media.player' died
05-25 08:24:44.435  2893  2893 I ServiceManager: service 'media.resource_manager' died
05-25 08:24:44.435  2893  2893 I ServiceManager: service 'media.camera' died
05-25 08:24:44.555  3705  3705 I Netd    : Netd 1.0 starting
05-25 08:24:44.555  3705  3705 I QtiConnectivityAdapter: Failed to open libconnctrl, some features may not be present.
05-25 08:24:44.555  3705  3705 D TetherController: Setting IP forward enable = 0
05-25 08:24:44.549  2963  2963 W auditd  : type=1325 audit(0.0:380): table=filter family=2 entries=52
05-25 08:24:44.549  2963  2963 W auditd  : type=1320 audit(0.0:380): 
05-25 08:24:44.559  2963  2963 W auditd  : type=1325 audit(0.0:381): table=filter family=10 entries=55
05-25 08:24:44.559  2963  2963 W auditd  : type=1320 audit(0.0:381): 
05-25 08:24:44.559  2963  2963 W auditd  : type=1325 audit(0.0:382): table=filter family=2 entries=51
05-25 08:24:44.559  2963  2963 W auditd  : type=1320 audit(0.0:382): 
05-25 08:24:44.559  2963  2963 W auditd  : type=1325 audit(0.0:383): table=filter family=10 entries=54
05-25 08:24:44.559  2963  2963 W auditd  : type=1320 audit(0.0:383): 
05-25 08:24:44.569  2963  2963 W auditd  : type=1325 audit(0.0:384): table=filter family=2 entries=50
05-25 08:24:44.569  2963  2963 W auditd  : type=1320 audit(0.0:384): 
05-25 08:24:44.569  2963  2963 W auditd  : type=1325 audit(0.0:385): table=filter family=10 entries=53
05-25 08:24:44.569  2963  2963 W auditd  : type=1320 audit(0.0:385): 
05-25 08:24:44.579  2963  2963 W auditd  : type=1325 audit(0.0:386): table=filter family=2 entries=48
05-25 08:24:44.579  2963  2963 W auditd  : type=1320 audit(0.0:386): 
05-25 08:24:44.579  2963  2963 W auditd  : type=1325 audit(0.0:387): table=filter family=10 entries=51
05-25 08:24:44.579  2963  2963 W auditd  : type=1320 audit(0.0:387): 
05-25 08:24:44.589  2963  2963 W auditd  : type=1325 audit(0.0:388): table=filter family=2 entries=50
05-25 08:24:44.589  2963  2963 W auditd  : type=1320 audit(0.0:388): 
05-25 08:24:44.589  2963  2963 W auditd  : type=1325 audit(0.0:389): table=filter family=10 entries=53
05-25 08:24:44.623  3704  3704 D AndroidRuntime: >>>>>> START com.android.internal.os.ZygoteInit uid 0 <<<<<<
05-25 08:24:44.625  3704  3704 D AndroidRuntime: CheckJNI is ON
05-25 08:24:44.625  3704  3704 I art     : option[0]=-Xzygote
05-25 08:24:44.625  3704  3704 I art     : option[1]=-Xcheck:jni
05-25 08:24:44.625  3704  3704 I art     : option[2]=-Xstacktracefile:/data/anr/traces.txt
05-25 08:24:44.625  3704  3704 I art     : option[3]=exit
05-25 08:24:44.625  3704  3704 I art     : option[4]=vfprintf
05-25 08:24:44.625  3704  3704 I art     : option[5]=sensitiveThread
05-25 08:24:44.625  3704  3704 I art     : option[6]=-verbose:gc
05-25 08:24:44.625  3704  3704 I art     : option[7]=-Xms8m
05-25 08:24:44.625  3704  3704 I art     : option[8]=-Xmx512m
05-25 08:24:44.625  3704  3704 I art     : option[9]=-XX:HeapGrowthLimit=256m
05-25 08:24:44.625  3704  3704 I art     : option[10]=-XX:HeapMinFree=2m
05-25 08:24:44.625  3704  3704 I art     : option[11]=-XX:HeapMaxFree=8m
05-25 08:24:44.625  3704  3704 I art     : option[12]=-XX:HeapTargetUtilization=0.75
05-25 08:24:44.625  3704  3704 I art     : option[13]=-Xusejit:true
05-25 08:24:44.625  3704  3704 I art     : option[14]=-agentlib:jdwp=transport=dt_android_adb,suspend=n,server=y
05-25 08:24:44.625  3704  3704 I art     : option[15]=-Xlockprofthreshold:500
05-25 08:24:44.625  3704  3704 I art     : option[16]=-Ximage-compiler-option
05-25 08:24:44.625  3704  3704 I art     : option[17]=--runtime-arg
05-25 08:24:44.625  3704  3704 I art     : option[18]=-Ximage-compiler-option
05-25 08:24:44.625  3704  3704 I art     : option[19]=-Xms64m
05-25 08:24:44.625  3704  3704 I art     : option[20]=-Ximage-compiler-option
05-25 08:24:44.625  3704  3704 I art     : option[21]=--runtime-arg
05-25 08:24:44.625  3704  3704 I art     : option[22]=-Ximage-compiler-option
05-25 08:24:44.625  3704  3704 I art     : option[23]=-Xmx64m
05-25 08:24:44.626  3704  3704 I art     : option[24]=-Ximage-compiler-option
05-25 08:24:44.626  3704  3704 I art     : option[25]=--compiler-filter=verify-at-runtime
05-25 08:24:44.626  3704  3704 I art     : option[26]=-Ximage-compiler-option
05-25 08:24:44.626  3704  3704 I art     : option[27]=--image-classes=/system/etc/preloaded-classes
05-25 08:24:44.626  3704  3704 I art     : option[28]=-Xcompiler-option
05-25 08:24:44.626  3704  3704 I art     : option[29]=--runtime-arg
05-25 08:24:44.626  3704  3704 I art     : option[30]=-Xcompiler-option
05-25 08:24:44.626  3704  3704 I art     : option[31]=-Xms64m
05-25 08:24:44.626  3704  3704 I art     : option[32]=-Xcompiler-option
05-25 08:24:44.626  3704  3704 I art     : option[33]=--runtime-arg
05-25 08:24:44.626  3704  3704 I art     : option[34]=-Xcompiler-option
05-25 08:24:44.626  3704  3704 I art     : option[35]=-Xmx512m
05-25 08:24:44.626  3704  3704 I art     : option[36]=-Xcompiler-option
05-25 08:24:44.626  3704  3704 I art     : option[37]=--compiler-filter=verify-at-runtime
05-25 08:24:44.626  3704  3704 I art     : option[38]=-Ximage-compiler-option
05-25 08:24:44.626  3704  3704 I art     : option[39]=--instruction-set-variant=generic
05-25 08:24:44.626  3704  3704 I art     : option[40]=-Xcompiler-option
05-25 08:24:44.626  3704  3704 I art     : option[41]=--instruction-set-variant=generic
05-25 08:24:44.626  3704  3704 I art     : option[42]=-Ximage-compiler-option
05-25 08:24:44.626  3704  3704 I art     : option[43]=--instruction-set-features=default
05-25 08:24:44.626  3704  3704 I art     : option[44]=-Xcompiler-option
05-25 08:24:44.626  3704  3704 I art     : option[45]=--instruction-set-features=default
05-25 08:24:44.626  3704  3704 I art     : option[46]=-Duser.locale=en-US
05-25 08:24:44.626  3704  3704 I art     : option[47]=--cpu-abilist=arm64-v8a,armeabi
05-25 08:24:44.626  3704  3704 I art     : option[48]=-Xfingerprint:samsung/cm_hero2ltexx/hero2ltexx:6.0.1/MOB30J/b0fe1115db:eng/test-keys
05-25 08:24:44.645  3704  3704 D ICU     : No timezone override file found: /data/misc/zoneinfo/current/icu/icu_tzdata.dat
05-25 08:24:44.771  3704  3704 I Radio-JNI: register_android_hardware_Radio DONE
05-25 08:24:44.813  3704  3704 I SamplingProfilerIntegration: Profiling disabled.
05-25 08:24:44.814  3704  3704 D Zygote  : begin preload
05-25 08:24:44.815  3704  3704 I Zygote  : Preloading classes...
05-25 08:24:45.159  3704  3704 E Minikin : addFont failed to create font /system/fonts/NanumGothic.ttf
05-25 08:24:45.159  3704  3704 E Minikin : addFont failed to create font /system/fonts/DroidSansFallback.ttf
05-25 08:24:45.159  3704  3704 E Minikin : addFont failed to create font /system/fonts/MTLmr3m.ttf
05-25 08:24:45.244  3704  3704 V DngCreator_JNI: DngCreator_nativeClassInit:
05-25 08:24:45.339  2963  2963 W auditd  : type=1325 audit(0.0:556): table=filter family=10 entries=51
05-25 08:24:45.339  2963  2963 W auditd  : type=1320 audit(0.0:556): 
05-25 08:24:45.339  2963  2963 W auditd  : type=1325 audit(0.0:557): table=filter family=2 entries=49
05-25 08:24:45.339  2963  2963 W auditd  : type=1320 audit(0.0:557): 
05-25 08:24:45.353  3705  3705 V NatController: runCmd(/system/bin/iptables -w -F natctrl_FORWARD) res=0
05-25 08:24:45.349  2963  2963 W auditd  : type=1325 audit(0.0:558): table=filter family=2 entries=49
05-25 08:24:45.349  2963  2963 W auditd  : type=1320 audit(0.0:558): 
05-25 08:24:45.357  3705  3705 V NatController: runCmd(/system/bin/iptables -w -A natctrl_FORWARD -j DROP) res=0
05-25 08:24:45.349  2963  2963 W auditd  : type=1325 audit(0.0:559): table=nat family=2 entries=11
05-25 08:24:45.349  2963  2963 W auditd  : type=1320 audit(0.0:559): 
05-25 08:24:45.362  3705  3705 V NatController: runCmd(/system/bin/iptables -w -t nat -F natctrl_nat_POSTROUTING) res=0
05-25 08:24:45.359  2963  2963 W auditd  : type=1325 audit(0.0:560): table=filter family=2 entries=50
05-25 08:24:45.359  2963  2963 W auditd  : type=1320 audit(0.0:560): 
05-25 08:24:45.366  3705  3705 V NatController: runCmd(/system/bin/iptables -w -F natctrl_tether_counters) res=0
05-25 08:24:45.359  2963  2963 W auditd  : type=1325 audit(0.0:561): table=filter family=2 entries=50
05-25 08:24:45.359  2963  2963 W auditd  : type=1320 audit(0.0:561): 
05-25 08:24:45.370  3705  3705 V NatController: runCmd(/system/bin/iptables -w -X natctrl_tether_counters) res=0
05-25 08:24:45.359  2963  2963 W auditd  : type=1325 audit(0.0:562): table=filter family=2 entries=48
05-25 08:24:45.359  2963  2963 W auditd  : type=1320 audit(0.0:562): 
05-25 08:24:45.375  3705  3705 V NatController: runCmd(/system/bin/iptables -w -N natctrl_tether_counters) res=0
05-25 08:24:45.369  2963  2963 W auditd  : type=1325 audit(0.0:563): table=mangle family=2 entries=15
05-25 08:24:45.369  2963  2963 W auditd  : type=1320 audit(0.0:563): 
05-25 08:24:45.379  3705  3705 V NatController: runCmd(/system/bin/iptables -w -t mangle -A natctrl_mangle_FORWARD -p tcp --tcp-flags SYN SYN -j TCPMSS --clamp-mss-to-pmtu) res=0
05-25 08:24:45.379  2963  2963 W auditd  : type=1325 audit(0.0:564): table=filter family=2 entries=50
05-25 08:24:45.379  2963  2963 W auditd  : type=1320 audit(0.0:564): 
05-25 08:24:45.379  2963  2963 W auditd  : type=1325 audit(0.0:565): table=filter family=10 entries=53
05-25 08:24:45.379  2963  2963 W auditd  : type=1320 audit(0.0:565): 
05-25 08:24:45.625  3705  3705 E Netd    : cannot find interface dummy0
05-25 08:24:45.627  3705  3705 D MDnsDS  : MDnsSdListener::Hander starting up
05-25 08:24:45.627  3705  3961 D MDnsDS  : MDnsSdListener starting to monitor
05-25 08:24:45.627  3705  3961 D MDnsDS  : Going to poll with pollCount 1
05-25 08:24:45.913  3704  3704 I art     : Thread[1,tid=3704,Native,Thread*=0x7f9b1fba00,peer=0x12c532e0,"main"] recursive attempt to load library "/system/lib64/libmedia_jni.so"
05-25 08:24:45.913  3704  3704 D MtpDeviceJNI: register_android_mtp_MtpDevice
05-25 08:24:45.914  3704  3704 I art     : Thread[1,tid=3704,Native,Thread*=0x7f9b1fba00,peer=0x12c532e0,"main"] recursive attempt to load library "/system/lib64/libmedia_jni.so"
05-25 08:24:45.914  3704  3704 I art     : Thread[1,tid=3704,Native,Thread*=0x7f9b1fba00,peer=0x12c532e0,"main"] recursive attempt to load library "/system/lib64/libmedia_jni.so"
05-25 08:24:46.414  3704  3704 W System  : ClassLoader referenced unknown path: /system/framework/tcmclient.jar
05-25 08:24:46.700  2882  2955 W Cryptfs : sending SIGHUP to processes with open files
05-25 08:24:46.718  2882  2955 E ProcessKiller: Process zygote64 (3704) has open filemap for /data/dalvik-cache/arm64/system@framework@boot.art
05-25 08:24:46.718  2882  2955 W ProcessKiller: Sending Terminated to process 3704
05-25 08:24:47.725  2882  2955 D Cryptfs : unmounting /data succeeded
05-25 08:24:47.757  2882  2955 D Cryptfs : Just triggered post_fs_data
05-25 08:24:47.775  3971  3971 I /system/bin/tzdatacheck: tzdata file /data/misc/zoneinfo/current/tzdata does not exist. No action required.
05-25 08:24:47.787  3973  3973 I sysinit : Running /system/etc/init.d/00banner 
05-25 08:24:47.794  3975  3975 I cm      : ____ _   _ ____ _  _ ____ ____ ____ _  _ _  _ ____ ___ 
05-25 08:24:47.799  3976  3976 I cm      : |     \_/  |__| |\ | |  | | __ |___ |\ | |\/| |  | |  \ 
05-25 08:24:47.803  3977  3977 I cm      : |___   |   |  | | \| |__| |__] |___ | \| |  | |__| |__/ 
05-25 08:24:47.807  2882  2955 D Cryptfs : post_fs_data done
05-25 08:24:47.807  2882  2955 D Cryptfs : Just triggered restart_framework
05-25 08:24:47.818  3981  3981 I DEBUG   : debuggerd: starting
05-25 08:24:47.823  3991  3991 I perfprofd: starting Android Wide Profiling daemon
05-25 08:24:47.823  3993  3993 I cm      : Welcome to Android 6.0.1 / CyanogenMod-13.0-20160525-UNOFFICIAL-hero2ltexx 
05-25 08:24:47.823  3979  3979 I Netd    : Netd 1.0 starting
05-25 08:24:47.823  3991  3991 E perfprofd: unable to open configuration file /data/data/com.google.android.gms/files/perfprofd.conf
05-25 08:24:47.824  3991  3991 I perfprofd: random seed set to 4077358945
05-25 08:24:47.824  3986  3986 I installd: installd firing up
05-25 08:24:47.825  3979  3979 I QtiConnectivityAdapter: Failed to open libconnctrl, some features may not be present.
05-25 08:24:47.825  3979  3979 D TetherController: Setting IP forward enable = 0
05-25 08:24:47.830  3980  3980 I DEBUG   : debuggerd: starting
05-25 08:24:47.833  3994  3994 I sysinit : Running /system/etc/init.d/90userinit 
05-25 08:24:47.838  3990  3990 I gatekeeperd: Starting gatekeeperd...
05-25 08:24:47.838  3992  3992 I fingerprintd: Starting fingerprintd
05-25 08:24:47.838  3987  3987 I keystore: Found keymaster0 module Keymaster OpenSSL HAL, version 2
05-25 08:24:47.838  3987  3987 I SoftKeymaster: system/keymaster/soft_keymaster_device.cpp, Line 122: Creating device
05-25 08:24:47.838  3987  3987 D SoftKeymaster: system/keymaster/soft_keymaster_device.cpp, Line 123: Device address: 0x7fa91e3000
05-25 08:24:47.838  3987  3987 I keystore: Keymaster0 module is software-only.  Using SoftKeymasterDevice instead.
05-25 08:24:47.838  3987  3987 I SoftKeymaster: system/keymaster/soft_keymaster_device.cpp, Line 122: Creating device
05-25 08:24:47.838  3987  3987 D SoftKeymaster: system/keymaster/soft_keymaster_device.cpp, Line 123: Device address: 0x7fa91e3300
05-25 08:24:47.838  3987  3987 I keystore: SELinux: Keystore SELinux is disabled.
05-25 08:24:47.840  3990  3990 W gatekeeperd: falling back to software GateKeeper
05-25 08:24:47.829  2963  2963 W auditd  : type=1325 audit(0.0:618): table=filter family=2 entries=52
05-25 08:24:47.829  2963  2963 W auditd  : type=1320 audit(0.0:618): 
05-25 08:24:47.839  2963  2963 W auditd  : type=1325 audit(0.0:619): table=filter family=10 entries=55
05-25 08:24:47.848  3988  3988 V lhd     : GlLhdInterface::Init(/system/etc/lhd.conf)
05-25 08:24:47.848  3988  3988 E lhd     : Failed to read config file "/system/etc/lhd.conf"
05-25 08:24:47.848  3988  3988 E lhd     : ASSERT in GlLhdInterface.cpp:141: Failed to parse config file.
05-25 08:24:47.839  2963  2963 W auditd  : type=1320 audit(0.0:619): 
05-25 08:24:47.848  3988  3988 F libc    : Fatal signal 6 (SIGABRT), code -6 in tid 3988 (lhd)
05-25 08:24:47.848  3981  3981 I DEBUG   : property debug.db.uid not set; NOT waiting for gdb.
05-25 08:24:47.848  3981  3981 I DEBUG   : HINT: adb shell setprop debug.db.uid 100000
05-25 08:24:47.848  3981  3981 I DEBUG   : HINT: adb forward tcp:5039 tcp:5039
05-25 08:24:47.839  2963  2963 W auditd  : type=1325 audit(0.0:620): table=filter family=2 entries=51
05-25 08:24:47.839  2963  2963 W auditd  : type=1320 audit(0.0:620): 
05-25 08:24:47.849  2963  2963 W auditd  : type=1325 audit(0.0:621): table=filter family=10 entries=54
05-25 08:24:47.849  2963  2963 W auditd  : type=1320 audit(0.0:621): 
05-25 08:24:47.859  2963  2963 W auditd  : type=1325 audit(0.0:622): table=filter family=2 entries=50
05-25 08:24:47.859  2963  2963 W auditd  : type=1320 audit(0.0:622): 
05-25 08:24:47.869  2963  2963 W auditd  : type=1325 audit(0.0:623): table=filter family=10 entries=53
05-25 08:24:47.869  2963  2963 W auditd  : type=1320 audit(0.0:623): 
05-25 08:24:47.879  2963  2963 W auditd  : type=1325 audit(0.0:624): table=filter family=2 entries=48
05-25 08:24:47.879  2963  2963 W auditd  : type=1320 audit(0.0:624): 
05-25 08:24:47.889  2963  2963 W auditd  : type=1325 audit(0.0:625): table=filter family=10 entries=51
05-25 08:24:47.889  2963  2963 W auditd  : type=1320 audit(0.0:625): 
05-25 08:24:47.889  2963  2963 W auditd  : type=1325 audit(0.0:626): table=filter family=2 entries=50
05-25 08:24:47.889  2963  2963 W auditd  : type=1320 audit(0.0:626): 
05-25 08:24:47.899  2963  2963 W auditd  : type=1325 audit(0.0:627): table=filter family=10 entries=53
05-25 08:24:47.899  2963  2963 W auditd  : type=1320 audit(0.0:627): 
05-25 08:24:47.953  3981  3981 F DEBUG   : *** *** *** *** *** *** *** *** *** *** *** *** *** *** *** ***
05-25 08:24:47.953  3981  3981 F DEBUG   : Build fingerprint: 'samsung/cm_hero2ltexx/hero2ltexx:6.0.1/MOB30J/b0fe1115db:eng/test-keys'
05-25 08:24:47.953  3981  3981 F DEBUG   : Revision: '0'
05-25 08:24:47.953  3981  3981 F DEBUG   : ABI: 'arm64'
05-25 08:24:47.953  3981  3981 F DEBUG   : pid: 3988, tid: 3988, name: lhd  >>> /system/bin/lhd <<<
05-25 08:24:47.953  3981  3981 F DEBUG   : signal 6 (SIGABRT), code -6 (SI_TKILL), fault addr --------
05-25 08:24:47.954  3981  3981 F DEBUG   :     x0   0000000000000000  x1   0000000000000f94  x2   0000000000000006  x3   0000000000000000
05-25 08:24:47.954  3981  3981 F DEBUG   :     x4   0000000000000000  x5   0000000000000001  x6   0000000000000000  x7   0000000000000000
05-25 08:24:47.954  3981  3981 F DEBUG   :     x8   0000000000000083  x9   0000007fd996dee0  x10  00000000ffffffd8  x11  00000000ffffff80
05-25 08:24:47.954  3981  3981 F DEBUG   :     x12  0000007f8affee10  x13  11c7a43a545bad0c  x14  0000007f8afa2658  x15  0000000000000001
05-25 08:24:47.954  3981  3981 F DEBUG   :     x16  0000007f8ab8e580  x17  0000007f8ab20fcc  x18  00000000ffffffff  x19  0000007f8afac0d8
05-25 08:24:47.954  3981  3981 F DEBUG   :     x20  0000007f8afac018  x21  0000000000000002  x22  0000000000000006  x23  0000007f8afdc000
05-25 08:24:47.954  3981  3981 F DEBUG   :     x24  0000007fd996e4d8  x25  0000007f8b0013d0  x26  0000000000000000  x27  0000000000000000
05-25 08:24:47.954  3981  3981 F DEBUG   :     x28  0000000000000000  x29  0000007fd996dfb0  x30  0000007f8ab1e768
05-25 08:24:47.954  3981  3981 F DEBUG   :     sp   0000007fd996dfb0  pc   0000007f8ab20fd4  pstate 0000000020000000
05-25 08:24:47.956  3985  3985 I mediaserver: ServiceManager: 0xf650e120
05-25 08:24:47.956  3985  3985 I AudioFlinger: Using default 3000 mSec as standby time.
05-25 08:24:47.957  3985  3985 E BatteryNotifier: batterystats service unavailable!
05-25 08:24:47.957  3985  3985 E BatteryNotifier: batterystats service unavailable!
05-25 08:24:47.957  3985  3985 I CameraService: CameraService started (pid=3985)
05-25 08:24:47.957  3985  3985 I CameraService: CameraService process starting
05-25 08:24:47.957  3981  3981 F DEBUG   : 
05-25 08:24:47.957  3981  3981 F DEBUG   : backtrace:
05-25 08:24:47.957  3981  3981 F DEBUG   :     #00 pc 0000000000068fd4  /system/lib64/libc.so (tgkill+8)
05-25 08:24:47.957  3981  3981 F DEBUG   :     #01 pc 0000000000066764  /system/lib64/libc.so (pthread_kill+68)
05-25 08:24:47.957  3981  3981 F DEBUG   :     #02 pc 0000000000023448  /system/lib64/libc.so (raise+28)
05-25 08:24:47.957  3981  3981 F DEBUG   :     #03 pc 000000000001dbe8  /system/lib64/libc.so (abort+60)
05-25 08:24:47.957  3981  3981 F DEBUG   :     #04 pc 000000000000b5a0  /system/bin/lhd
05-25 08:24:47.957  3981  3981 F DEBUG   :     #05 pc 000000000000b640  /system/bin/lhd
05-25 08:24:47.957  3981  3981 F DEBUG   :     #06 pc 000000000000bec4  /system/bin/lhd
05-25 08:24:47.957  3981  3981 F DEBUG   :     #07 pc 000000000000c2b0  /system/bin/lhd
05-25 08:24:47.957  3985  3985 E BatteryNotifier: batterystats service unavailable!
05-25 08:24:47.957  3981  3981 F DEBUG   :     #08 pc 000000000000965c  /system/bin/lhd (main+64)
05-25 08:24:47.958  3981  3981 F DEBUG   :     #09 pc 000000000001bcd8  /system/lib64/libc.so (__libc_init+100)
05-25 08:24:47.958  3981  3981 F DEBUG   :     #10 pc 00000000000099e8  /system/bin/lhd
05-25 08:24:47.958  3985  3985 E BatteryNotifier: batterystats service unavailable!
05-25 08:24:47.958  3985  3985 E CameraService: Could not load camera HAL module: -2 (No such file or directory)
05-25 08:24:47.958  3985  3985 I AudioPolicyService: AudioPolicyService CSTOR in new mode
05-25 08:24:47.959  3985  3985 W APM::HwModule: loadOutput() invalid supported devices
05-25 08:24:47.959  3985  3985 W APM::HwModule: loadOutput() invalid supported devices
05-25 08:24:47.959  3985  3985 W APM::HwModule: loadInput() invalid supported devices
05-25 08:24:47.959  3985  3985 W APM::HwModule: loadInput() invalid supported devices
05-25 08:24:47.959  3985  3985 I APM::ConfigParsingUtils: loadAudioPolicyConfig() loaded /system/etc/audio_policy.conf
05-25 08:24:47.971  3981  3981 F DEBUG   : 
05-25 08:24:47.971  3981  3981 F DEBUG   : Tombstone written to: /data/tombstones/tombstone_00
05-25 08:24:48.025  3989  3989 D AndroidRuntime: >>>>>> START com.android.internal.os.ZygoteInit uid 0 <<<<<<
05-25 08:24:48.027  3989  3989 D AndroidRuntime: CheckJNI is ON
05-25 08:24:48.027  3989  3989 I art     : option[0]=-Xzygote
05-25 08:24:48.027  3989  3989 I art     : option[1]=-Xcheck:jni
05-25 08:24:48.027  3989  3989 I art     : option[2]=-Xstacktracefile:/data/anr/traces.txt
05-25 08:24:48.027  3989  3989 I art     : option[3]=exit
05-25 08:24:48.027  3989  3989 I art     : option[4]=vfprintf
05-25 08:24:48.027  3989  3989 I art     : option[5]=sensitiveThread
05-25 08:24:48.027  3989  3989 I art     : option[6]=-verbose:gc
05-25 08:24:48.027  3989  3989 I art     : option[7]=-Xms8m
05-25 08:24:48.027  3989  3989 I art     : option[8]=-Xmx512m
05-25 08:24:48.027  3989  3989 I art     : option[9]=-XX:HeapGrowthLimit=256m
05-25 08:24:48.027  3989  3989 I art     : option[10]=-XX:HeapMinFree=2m
05-25 08:24:48.027  3989  3989 I art     : option[11]=-XX:HeapMaxFree=8m
05-25 08:24:48.027  3989  3989 I art     : option[12]=-XX:HeapTargetUtilization=0.75
05-25 08:24:48.027  3989  3989 I art     : option[13]=-Xusejit:true
05-25 08:24:48.027  3989  3989 I art     : option[14]=-agentlib:jdwp=transport=dt_android_adb,suspend=n,server=y
05-25 08:24:48.027  3989  3989 I art     : option[15]=-Xlockprofthreshold:500
05-25 08:24:48.027  3989  3989 I art     : option[16]=-Ximage-compiler-option
05-25 08:24:48.027  3989  3989 I art     : option[17]=--runtime-arg
05-25 08:24:48.027  3989  3989 I art     : option[18]=-Ximage-compiler-option
05-25 08:24:48.027  3989  3989 I art     : option[19]=-Xms64m
05-25 08:24:48.027  3989  3989 I art     : option[20]=-Ximage-compiler-option
05-25 08:24:48.027  3989  3989 I art     : option[21]=--runtime-arg
05-25 08:24:48.027  3989  3989 I art     : option[22]=-Ximage-compiler-option
05-25 08:24:48.027  3989  3989 I art     : option[23]=-Xmx64m
05-25 08:24:48.027  3989  3989 I art     : option[24]=-Ximage-compiler-option
05-25 08:24:48.027  3989  3989 I art     : option[25]=--compiler-filter=verify-at-runtime
05-25 08:24:48.027  3989  3989 I art     : option[26]=-Ximage-compiler-option
05-25 08:24:48.028  3989  3989 I art     : option[27]=--image-classes=/system/etc/preloaded-classes
05-25 08:24:48.028  3989  3989 I art     : option[28]=-Xcompiler-option
05-25 08:24:48.028  3989  3989 I art     : option[29]=--runtime-arg
05-25 08:24:48.028  3989  3989 I art     : option[30]=-Xcompiler-option
05-25 08:24:48.028  3989  3989 I art     : option[31]=-Xms64m
05-25 08:24:48.028  3989  3989 I art     : option[32]=-Xcompiler-option
05-25 08:24:48.028  3989  3989 I art     : option[33]=--runtime-arg
05-25 08:24:48.028  3989  3989 I art     : option[34]=-Xcompiler-option
05-25 08:24:48.028  3989  3989 I art     : option[35]=-Xmx512m
05-25 08:24:48.028  3989  3989 I art     : option[36]=-Xcompiler-option
05-25 08:24:48.028  3989  3989 I art     : option[37]=--compiler-filter=verify-at-runtime
05-25 08:24:48.028  3989  3989 I art     : option[38]=-Ximage-compiler-option
05-25 08:24:48.028  3989  3989 I art     : option[39]=--instruction-set-variant=generic
05-25 08:24:48.028  3989  3989 I art     : option[40]=-Xcompiler-option
05-25 08:24:48.028  3989  3989 I art     : option[41]=--instruction-set-variant=generic
05-25 08:24:48.028  3989  3989 I art     : option[42]=-Ximage-compiler-option
05-25 08:24:48.028  3989  3989 I art     : option[43]=--instruction-set-features=default
05-25 08:24:48.028  3989  3989 I art     : option[44]=-Xcompiler-option
05-25 08:24:48.028  3989  3989 I art     : option[45]=--instruction-set-features=default
05-25 08:24:48.028  3989  3989 I art     : option[46]=-Duser.locale=en-US
05-25 08:24:48.028  3989  3989 I art     : option[47]=--cpu-abilist=arm64-v8a,armeabi
05-25 08:24:48.028  3989  3989 I art     : option[48]=-Xfingerprint:samsung/cm_hero2ltexx/hero2ltexx:6.0.1/MOB30J/b0fe1115db:eng/test-keys
05-25 08:24:48.153  3989  3989 D ICU     : No timezone override file found: /data/misc/zoneinfo/current/icu/icu_tzdata.dat
05-25 08:24:48.375  3989  3989 I Radio-JNI: register_android_hardware_Radio DONE
05-25 08:24:48.423  3989  3989 I SamplingProfilerIntegration: Profiling disabled.
05-25 08:24:48.424  3989  3989 D Zygote  : begin preload
05-25 08:24:48.425  3989  3989 I Zygote  : Preloading classes...
05-25 08:24:48.501  3985  3985 I AudioFlinger: loadHwModule() Loaded primary audio interface from Samsung audio HW HAL (audio) handle 1
05-25 08:24:48.501  3985  3985 I AudioFlinger: openOutput(), module 1 Device 2, SamplingRate 48000, Format 0x000001, Channels 3, flags a
05-25 08:24:48.501  3985  3985 I AudioFlinger: AudioStreamOut::open(), mHalFormatIsLinearPcm = 1
05-25 08:24:48.501  3985  3985 I AudioFlinger: HAL output buffer size 1024 frames, normal sink buffer size 1024 frames
05-25 08:24:48.502  3985  3985 W EffectsFactory: loadLibrary() failed to open /system/lib/soundfx/libaudioeffectoffload.so
05-25 08:24:48.503  3985  3985 W EffectsFactory: loadLibrary() failed to open /system/lib/soundfx/libexynosvisualizer.so
05-25 08:24:48.504  3985  3985 W EffectsFactory: loadLibrary() failed to open /system/lib/libmysound.so
05-25 08:24:48.504  3985  3985 W EffectsFactory: loadLibrary() failed to open /system/lib/soundfx/libmyspace.so
05-25 08:24:48.505  3985  3985 W EffectsFactory: loadLibrary() failed to open /system/lib/libaudiosa.so
05-25 08:24:48.505  3985  3985 W EffectsFactory: loadLibrary() failed to open /system/lib/soundfx/libaudiosaplus_sec.so
05-25 08:24:48.505  3985  3985 W EffectsFactory: loadLibrary() failed to open /system/lib/libsamsungSoundbooster_plus.so
05-25 08:24:48.505  3985  3985 W EffectsFactory: loadEffect() could not get library soundbooster_plus
05-25 08:24:48.505  3985  3985 W EffectsFactory: addSubEffect() could not get library soundalive_sec
05-25 08:24:48.505  3985  3985 W EffectsFactory: loadEffect() could not add subEffect 
05-25 08:24:48.505  3985  3985 W EffectsFactory: loadEffect() could not get library soundalive
05-25 08:24:48.505  3985  3985 W EffectsFactory: loadEffect() could not get library soundalive
05-25 08:24:48.505  3985  3985 W EffectsFactory: loadEffect() could not get library soundalive
05-25 08:24:48.505  3985  3985 W EffectsFactory: addSubEffect() could not get library visualizer_hw
05-25 08:24:48.505  3985  3985 W EffectsFactory: loadEffect() could not add subEffect 
05-25 08:24:48.505  3985  3985 W EffectsFactory: addSubEffect() could not get library mysound
05-25 08:24:48.505  3985  3985 W EffectsFactory: loadEffect() could not add subEffect 
05-25 08:24:48.505  3985  3985 W EffectsFactory: addSubEffect() could not get library myspace
05-25 08:24:48.505  3985  3985 W EffectsFactory: loadEffect() could not add subEffect 
05-25 08:24:48.505  3985  3985 I BufferProvider: found effect "Multichannel Downmix To Stereo" from The Android Open Source Project
05-25 08:24:48.505  3985  3985 I AudioFlinger: Using module 1 has the primary audio interface
05-25 08:24:48.505  3985  4147 I AudioFlinger: AudioFlinger's thread 0xf4900000 ready to run
05-25 08:24:48.505  3985  4147 V audio_hw_primary: do_out_standby: output standby: 1
05-25 08:24:48.506  3985  4147 V audio_hw_primary: out_set_parameters: key value pairs: routing=2
05-25 08:24:48.506  3985  4147 E AudioFlinger: no wake lock to update!
05-25 08:24:48.506  3985  3985 I AudioFlinger: openOutput(), module 1 Device 2, SamplingRate 48000, Format 0x000001, Channels 3, flags 4
05-25 08:24:48.506  3985  3985 I AudioFlinger: AudioStreamOut::open(), mHalFormatIsLinearPcm = 1
05-25 08:24:48.506  3985  3985 I AudioFlinger: HAL output buffer size 256 frames, normal sink buffer size 960 frames
05-25 08:24:48.507  3985  3985 E MonoPipe: Failed to fetch local time frequency when constructing a MonoPipe (res = -32).  getNextWriteTimestamp calls will be non-functional
05-25 08:24:48.507  3985  4149 I AudioFlinger: AudioFlinger's thread 0xf45c0000 ready to run
05-25 08:24:48.507  3985  4149 V audio_hw_primary: out_set_parameters: key value pairs: routing=2
