--------- beginning of main
05-24 07:00:01.464  2964  2964 W auditd  : type=1325 audit(0.0:2): table=filter family=2 entries=0
05-24 07:00:01.464  2964  2964 W auditd  : type=1325 audit(0.0:3): table=mangle family=2 entries=0
05-24 07:00:01.464  2964  2964 W auditd  : type=1325 audit(0.0:4): table=nat family=2 entries=0
05-24 07:00:01.464  2964  2964 W auditd  : type=1325 audit(0.0:5): table=raw family=2 entries=0
05-24 07:00:01.464  2964  2964 W auditd  : type=1325 audit(0.0:6): table=security family=2 entries=0
05-24 07:00:01.464  2964  2964 W auditd  : type=1325 audit(0.0:7): table=filter family=3 entries=0
05-24 07:00:01.464  2964  2964 W auditd  : type=1325 audit(0.0:8): table=filter family=10 entries=0
05-24 07:00:01.464  2964  2964 W auditd  : type=1325 audit(0.0:9): table=mangle family=10 entries=0
05-24 07:00:01.464  2964  2964 W auditd  : type=1325 audit(0.0:10): table=raw family=10 entries=0
05-24 07:00:01.464  2964  2964 W auditd  : type=1325 audit(0.0:11): table=nat family=10 entries=0
05-24 07:00:01.609  2964  2964 I auditd  : type=1403 audit(0.0:12): policy loaded auid=4294967295 ses=4294967295
05-24 07:00:01.609  2964  2964 W auditd  : type=1404 audit(0.0:13): enforcing=1 old_enforcing=0 auid=4294967295 ses=4294967295
05-24 07:00:01.689     1     1 W init    : type=1400 audit(0.0:14): avc: denied { mounton } for path="/sys/kernel/debug" dev="debugfs" ino=1 scontext=u:r:init:s0 tcontext=u:object_r:debugfs:s0 tclass=dir permissive=0
05-24 07:00:01.899     1     1 W init    : type=1400 audit(0.0:15): avc: denied { create } for name="sdcard" scontext=u:r:init:s0 tcontext=u:object_r:tmpfs:s0 tclass=lnk_file permissive=0
05-24 07:00:01.919  2868  2868 W init    : type=1400 audit(0.0:16): avc: denied { mounton } for path="/cache" dev="rootfs" ino=3516 scontext=u:r:init:s0 tcontext=u:object_r:cache_file:s0 tclass=dir permissive=0
05-24 07:00:01.919  2868  2868 W init    : type=1300 audit(0.0:16): arch=c00000b7 syscall=40 success=no exit=-13 a0=7fa928d3b0 a1=7fa92a4260 a2=7fa92a4268 a3=40a items=0 ppid=1 auid=4294967295 uid=0 gid=0 euid=0 suid=0 fsuid=0 egid=0 sgid=0 fsgid=0 tty=(none) ses=4294967295 exe="/init" subj=u:r:init:s0 key=(null)
05-24 07:00:01.919  2964  2964 W auditd  : type=1327 audit(0.0:16): proctitle=2F696E6974002D2D7365636F6E642D7374616765
05-24 07:00:01.919  2964  2964 W auditd  : type=1320 audit(0.0:16): 
05-24 07:00:01.949  2871  2871 W e2fsck  : type=1400 audit(0.0:17): avc: denied { read } for name="sda15" dev="tmpfs" ino=14421 scontext=u:r:fsck:s0 tcontext=u:object_r:block_device:s0 tclass=blk_file permissive=0
05-24 07:00:01.949  2871  2871 W e2fsck  : type=1300 audit(0.0:17): arch=c00000b7 syscall=56 success=no exit=-13 a0=ffffff9c a1=7fb3c4c030 a2=80 a3=0 items=0 ppid=2868 auid=4294967295 uid=0 gid=0 euid=0 suid=0 fsuid=0 egid=0 sgid=0 fsgid=0 tty=(none) ses=4294967295 exe="/system/bin/e2fsck" subj=u:r:fsck:s0 key=(null)
05-24 07:00:01.949  2964  2964 W auditd  : type=1327 audit(0.0:17): proctitle=2F73797374656D2F62696E2F65326673636B002D79002F6465762F626C6F636B2F706C6174666F726D2F31353561303030302E7566732F62792D6E616D652F4341434845
05-24 07:00:01.949  2964  2964 W auditd  : type=1320 audit(0.0:17): 
05-24 07:00:01.949  2871  2871 W e2fsck  : type=1400 audit(0.0:18): avc: denied { read write } for name="sda15" dev="tmpfs" ino=14421 scontext=u:r:fsck:s0 tcontext=u:object_r:block_device:s0 tclass=blk_file permissive=0
05-24 07:00:01.949  2871  2871 W e2fsck  : type=1300 audit(0.0:18): arch=c00000b7 syscall=56 success=no exit=-13 a0=ffffff9c a1=7fb3c4c090 a2=82 a3=0 items=0 ppid=2868 auid=4294967295 uid=0 gid=0 euid=0 suid=0 fsuid=0 egid=0 sgid=0 fsgid=0 tty=(none) ses=4294967295 exe="/system/bin/e2fsck" subj=u:r:fsck:s0 key=(null)
05-24 07:00:01.949  2964  2964 W auditd  : type=1327 audit(0.0:18): proctitle=2F73797374656D2F62696E2F65326673636B002D79002F6465762F626C6F636B2F706C6174666F726D2F31353561303030302E7566732F62792D6E616D652F4341434845
05-24 07:00:01.949  2964  2964 W auditd  : type=1320 audit(0.0:18): 
05-24 07:00:01.949  2868  2868 W init    : type=1400 audit(0.0:19): avc: denied { mounton } for path="/cache" dev="rootfs" ino=3516 scontext=u:r:init:s0 tcontext=u:object_r:cache_file:s0 tclass=dir permissive=0
05-24 07:00:01.949  2868  2868 W init    : type=1300 audit(0.0:19): arch=c00000b7 syscall=40 success=no exit=-13 a0=7fa928d3b0 a1=7fa92a4260 a2=7fa92a4268 a3=406 items=0 ppid=1 auid=4294967295 uid=0 gid=0 euid=0 suid=0 fsuid=0 egid=0 sgid=0 fsgid=0 tty=(none) ses=4294967295 exe="/init" subj=u:r:init:s0 key=(null)
05-24 07:00:01.949  2964  2964 W auditd  : type=1327 audit(0.0:19): proctitle=2F696E6974002D2D7365636F6E642D7374616765
05-24 07:00:01.949  2964  2964 W auditd  : type=1320 audit(0.0:19): 
05-24 07:00:01.959  2874  2874 W e2fsck  : type=1400 audit(0.0:20): avc: denied { read } for name="sda18" dev="tmpfs" ino=14433 scontext=u:r:fsck:s0 tcontext=u:object_r:block_device:s0 tclass=blk_file permissive=0
05-24 07:00:01.959  2874  2874 W e2fsck  : type=1300 audit(0.0:20): arch=c00000b7 syscall=56 success=no exit=-13 a0=ffffff9c a1=7f7dd99040 a2=80 a3=0 items=0 ppid=2868 auid=4294967295 uid=0 gid=0 euid=0 suid=0 fsuid=0 egid=0 sgid=0 fsgid=0 tty=(none) ses=4294967295 exe="/system/bin/e2fsck" subj=u:r:fsck:s0 key=(null)
05-24 07:00:01.959  2964  2964 W auditd  : type=1327 audit(0.0:20): proctitle=2F73797374656D2F62696E2F65326673636B002D79002F6465762F626C6F636B2F706C6174666F726D2F31353561303030302E7566732F62792D6E616D652F5553455244415441
05-24 07:00:01.959  2964  2964 W auditd  : type=1320 audit(0.0:20): 
05-24 07:00:01.959  2874  2874 W e2fsck  : type=1400 audit(0.0:21): avc: denied { read write } for name="sda18" dev="tmpfs" ino=14433 scontext=u:r:fsck:s0 tcontext=u:object_r:block_device:s0 tclass=blk_file permissive=0
05-24 07:00:01.959  2874  2874 W e2fsck  : type=1300 audit(0.0:21): arch=c00000b7 syscall=56 success=no exit=-13 a0=ffffff9c a1=7f7dd990c0 a2=82 a3=0 items=0 ppid=2868 auid=4294967295 uid=0 gid=0 euid=0 suid=0 fsuid=0 egid=0 sgid=0 fsgid=0 tty=(none) ses=4294967295 exe="/system/bin/e2fsck" subj=u:r:fsck:s0 key=(null)
05-24 07:00:01.959  2964  2964 W auditd  : type=1327 audit(0.0:21): proctitle=2F73797374656D2F62696E2F65326673636B002D79002F6465762F626C6F636B2F706C6174666F726D2F31353561303030302E7566732F62792D6E616D652F5553455244415441
05-24 07:00:01.959  2964  2964 W auditd  : type=1320 audit(0.0:21): 
05-24 07:00:01.959  2868  2868 W init    : type=1400 audit(0.0:22): avc: denied { mounton } for path="/efs" dev="rootfs" ino=3590 scontext=u:r:init:s0 tcontext=u:object_r:efs_file:s0 tclass=dir permissive=0
05-24 07:00:01.959  2868  2868 W init    : type=1300 audit(0.0:22): arch=c00000b7 syscall=40 success=no exit=-13 a0=7fa928d3e0 a1=7fa92a4288 a2=7fa92a4290 a3=40a items=0 ppid=1 auid=4294967295 uid=0 gid=0 euid=0 suid=0 fsuid=0 egid=0 sgid=0 fsgid=0 tty=(none) ses=4294967295 exe="/init" subj=u:r:init:s0 key=(null)
05-24 07:00:01.959  2964  2964 W auditd  : type=1327 audit(0.0:22): proctitle=2F696E6974002D2D7365636F6E642D7374616765
05-24 07:00:01.959  2964  2964 W auditd  : type=1320 audit(0.0:22): 
05-24 07:00:01.969  2878  2878 W e2fsck  : type=1400 audit(0.0:23): avc: denied { read } for name="sda3" dev="tmpfs" ino=14373 scontext=u:r:fsck:s0 tcontext=u:object_r:block_device:s0 tclass=blk_file permissive=0
05-24 07:00:01.969  2878  2878 W e2fsck  : type=1300 audit(0.0:23): arch=c00000b7 syscall=56 success=no exit=-13 a0=ffffff9c a1=7fa540c030 a2=80 a3=0 items=0 ppid=2868 auid=4294967295 uid=0 gid=0 euid=0 suid=0 fsuid=0 egid=0 sgid=0 fsgid=0 tty=(none) ses=4294967295 exe="/system/bin/e2fsck" subj=u:r:fsck:s0 key=(null)
05-24 07:00:01.969  2964  2964 W auditd  : type=1327 audit(0.0:23): proctitle=2F73797374656D2F62696E2F65326673636B002D79002F6465762F626C6F636B2F706C6174666F726D2F31353561303030302E7566732F62792D6E616D652F454653
05-24 07:00:01.969  2964  2964 W auditd  : type=1320 audit(0.0:23): 
05-24 07:00:01.969  2878  2878 W e2fsck  : type=1400 audit(0.0:24): avc: denied { read write } for name="sda3" dev="tmpfs" ino=14373 scontext=u:r:fsck:s0 tcontext=u:object_r:block_device:s0 tclass=blk_file permissive=0
05-24 07:00:01.969  2878  2878 W e2fsck  : type=1300 audit(0.0:24): arch=c00000b7 syscall=56 success=no exit=-13 a0=ffffff9c a1=7fa540c090 a2=82 a3=0 items=0 ppid=2868 auid=4294967295 uid=0 gid=0 euid=0 suid=0 fsuid=0 egid=0 sgid=0 fsgid=0 tty=(none) ses=4294967295 exe="/system/bin/e2fsck" subj=u:r:fsck:s0 key=(null)
05-24 07:00:01.969  2964  2964 W auditd  : type=1327 audit(0.0:24): proctitle=2F73797374656D2F62696E2F65326673636B002D79002F6465762F626C6F636B2F706C6174666F726D2F31353561303030302E7566732F62792D6E616D652F454653
05-24 07:00:01.969  2964  2964 W auditd  : type=1320 audit(0.0:24): 
05-24 07:00:01.969  2868  2868 W init    : type=1400 audit(0.0:25): avc: denied { mounton } for path="/efs" dev="rootfs" ino=3590 scontext=u:r:init:s0 tcontext=u:object_r:efs_file:s0 tclass=dir permissive=0
05-24 07:00:01.969  2868  2868 W init    : type=1300 audit(0.0:25): arch=c00000b7 syscall=40 success=no exit=-13 a0=7fa928d3e0 a1=7fa92a4288 a2=7fa92a4290 a3=406 items=0 ppid=1 auid=4294967295 uid=0 gid=0 euid=0 suid=0 fsuid=0 egid=0 sgid=0 fsgid=0 tty=(none) ses=4294967295 exe="/init" subj=u:r:init:s0 key=(null)
05-24 07:00:01.969  2964  2964 W auditd  : type=1327 audit(0.0:25): proctitle=2F696E6974002D2D7365636F6E642D7374616765
05-24 07:00:01.969  2964  2964 W auditd  : type=1320 audit(0.0:25): 
05-24 07:00:01.979     1     1 W init    : type=1400 audit(0.0:26): avc: denied { mounton } for path="/storage" dev="rootfs" ino=3528 scontext=u:r:init:s0 tcontext=u:object_r:storage_file:s0 tclass=dir permissive=0
05-24 07:00:01.989  2964  2964 W auditd  : type=1305 audit(0.0:27): audit_pid=2881 old=0 auid=4294967295 ses=4294967295 subj=u:r:logd:s0 res=1
05-24 07:00:01.989  2964  2964 W auditd  : type=1305 audit(0.0:28): audit_rate_limit=20 old=0 auid=4294967295 ses=4294967295 subj=u:r:logd:s0 res=1
05-24 07:00:02.021  2895  2895 I sysinit : Running /system/etc/init.d/00banner 
05-24 07:00:02.023  2892  2892 I lowmemorykiller: Using in-kernel low memory killer interface
05-24 07:00:02.030  2901  2901 I cm      : ____ _   _ ____ _  _ ____ ____ ____ _  _ _  _ ____ ___ 
--------- beginning of system
05-24 07:00:02.034  2882  2882 I vold    : Vold 3.0 (the awakening) firing up
05-24 07:00:02.035  2882  2882 V vold    : Detected support for: exfat ext4 f2fs ntfs vfat
05-24 07:00:02.035  2902  2902 I cm      : |     \_/  |__| |\ | |  | | __ |___ |\ | |\/| |  | |  \ 
05-24 07:00:02.040  2903  2903 I cm      : |___   |   |  | | \| |__| |__] |___ | \| |  | |__| |__/ 
05-24 07:00:02.048  2894  2894 I SurfaceFlinger: SurfaceFlinger is starting
05-24 07:00:02.048  2894  2894 E SchedPolicy: /system/bin/surfaceflinger add_tid_to_cgroup failed; fd=-1
05-24 07:00:02.048  2894  2894 I SurfaceFlinger: SurfaceFlinger's main thread ready to run. Initializing graphics H/W...
05-24 07:00:02.056  2960  2960 I cm      : Welcome to Android 6.0.1 / CyanogenMod-13.0-20160524-UNOFFICIAL-hero2ltexx 
05-24 07:00:02.061  2961  2961 I sysinit : Running /system/etc/init.d/90userinit 
05-24 07:00:02.079  2894  2894 W surfaceflinger: type=1400 audit(0.0:29): avc: denied { read write } for name="mali0" dev="tmpfs" ino=14346 scontext=u:r:surfaceflinger:s0 tcontext=u:object_r:device:s0 tclass=chr_file permissive=0
05-24 07:00:02.079  2894  2894 W surfaceflinger: type=1300 audit(0.0:29): arch=c00000b7 syscall=56 success=no exit=-13 a0=ffffff9c a1=7fc24b0888 a2=80002 a3=0 items=0 ppid=1 auid=4294967295 uid=1000 gid=1003 euid=1000 suid=1000 fsuid=1000 egid=1003 sgid=1003 fsgid=1003 tty=(none) ses=4294967295 exe="/system/bin/surfaceflinger" subj=u:r:surfaceflinger:s0 key=(null)
05-24 07:00:02.079  2964  2964 W auditd  : type=1327 audit(0.0:29): proctitle="/system/bin/surfaceflinger"
05-24 07:00:02.079  2964  2964 W auditd  : type=1320 audit(0.0:29): 
05-24 07:00:02.079  2894  2894 W surfaceflinger: type=1400 audit(0.0:30): avc: denied { read write } for name="mali0" dev="tmpfs" ino=14346 scontext=u:r:surfaceflinger:s0 tcontext=u:object_r:device:s0 tclass=chr_file permissive=0
05-24 07:00:02.079  2894  2894 W surfaceflinger: type=1300 audit(0.0:30): arch=c00000b7 syscall=56 success=no exit=-13 a0=ffffff9c a1=7fc24b0888 a2=80002 a3=0 items=0 ppid=1 auid=4294967295 uid=1000 gid=1003 euid=1000 suid=1000 fsuid=1000 egid=1003 sgid=1003 fsgid=1003 tty=(none) ses=4294967295 exe="/system/bin/surfaceflinger" subj=u:r:surfaceflinger:s0 key=(null)
05-24 07:00:02.079  2964  2964 W auditd  : type=1327 audit(0.0:30): proctitle="/system/bin/surfaceflinger"
05-24 07:00:02.079  2964  2964 W auditd  : type=1320 audit(0.0:30): 
05-24 07:00:02.084  2894  2894 D libEGL  : loaded /vendor/lib64/egl/libGLES_mali.so
05-24 07:00:02.089  2894  2894 W surfaceflinger: type=1701 audit(0.0:31): auid=4294967295 uid=1000 gid=1003 ses=4294967295 subj=u:r:surfaceflinger:s0 exe="/system/bin/surfaceflinger" sig=6
05-24 07:00:02.093  2894  2894 W libEGL  : eglInitialize(0x7f795ab000) failed (EGL_NOT_INITIALIZED)
05-24 07:00:02.095  2894  2894 I gralloc : using (id=)
05-24 07:00:02.095  2894  2894 I gralloc : xres         = 1440 px
05-24 07:00:02.095  2894  2894 I gralloc : yres         = 2560 px
05-24 07:00:02.095  2894  2894 I gralloc : width        = 68 mm (537.882324 dpi)
05-24 07:00:02.095  2894  2894 I gralloc : height       = 122 mm (532.983582 dpi)
05-24 07:00:02.095  2894  2894 I gralloc : refresh rate = 59.42 Hz
05-24 07:00:02.102  2894  2894 E HAL     : load: module=/system/lib64/hw/hwcomposer.exynos5.so
05-24 07:00:02.102  2894  2894 E HAL     : dlopen failed: library "libvirtualdisplay.so" not found
05-24 07:00:02.102  2894  2894 E SurfaceFlinger: hwcomposer module not found
05-24 07:00:02.103  2894  2894 W SurfaceFlinger: no suitable EGLConfig found, trying a simpler query
05-24 07:00:02.103  2894  2894 F SurfaceFlinger: no suitable EGLConfig found, giving up
--------- beginning of crash
05-24 07:00:02.103  2894  2894 F libc    : Fatal signal 6 (SIGABRT), code -6 in tid 2894 (surfaceflinger)
05-24 07:00:02.103  2894  2894 F libc    : Unable to open connection to debuggerd: Connection refused
05-24 07:00:02.409  2968  2968 W app_process: type=1701 audit(0.0:32): auid=4294967295 uid=0 gid=0 ses=4294967295 subj=u:r:zygote:s0 exe="/system/bin/app_process64" sig=6
05-24 07:00:02.420  2968  2968 F appproc : Error creating cache dir /data/dalvik-cache/arm64 : No such file or directory
05-24 07:00:02.420  2968  2968 F libc    : Fatal signal 6 (SIGABRT), code -6 in tid 2968 (app_process)
05-24 07:00:02.420  2968  2968 F libc    : Unable to open connection to debuggerd: Connection refused
05-24 07:00:02.436  2972  2972 I Netd    : Netd 1.0 starting
05-24 07:00:02.436  2972  2972 I QtiConnectivityAdapter: Failed to open libconnctrl, some features may not be present.
05-24 07:00:02.436  2972  2972 D TetherController: Setting IP forward enable = 0
05-24 07:00:02.459  2964  2964 W auditd  : type=1325 audit(0.0:33): table=filter family=2 entries=4
05-24 07:00:02.459  2964  2964 W auditd  : type=1320 audit(0.0:33): 
05-24 07:00:02.459  2964  2964 W auditd  : type=1325 audit(0.0:34): table=filter family=10 entries=4
05-24 07:00:02.459  2964  2964 W auditd  : type=1320 audit(0.0:34): 
05-24 07:00:02.469  2964  2964 W auditd  : type=1325 audit(0.0:35): table=filter family=2 entries=6
05-24 07:00:02.469  2964  2964 W auditd  : type=1320 audit(0.0:35): 
05-24 07:00:02.469  2964  2964 W auditd  : type=1325 audit(0.0:36): table=filter family=10 entries=6
05-24 07:00:02.469  2964  2964 W auditd  : type=1320 audit(0.0:36): 
05-24 07:00:02.499  2964  2964 W auditd  : type=1325 audit(0.0:37): table=filter family=2 entries=7
05-24 07:00:02.499  2964  2964 W auditd  : type=1320 audit(0.0:37): 
05-24 07:00:02.499  2964  2964 W auditd  : type=1325 audit(0.0:38): table=filter family=10 entries=7
05-24 07:00:02.499  2964  2964 W auditd  : type=1320 audit(0.0:38): 
05-24 07:00:02.499  2964  2964 W auditd  : type=1325 audit(0.0:39): table=filter family=2 entries=9
05-24 07:00:02.499  2964  2964 W auditd  : type=1320 audit(0.0:39): 
05-24 07:00:02.509  2964  2964 W auditd  : type=1325 audit(0.0:40): table=filter family=10 entries=9
05-24 07:00:02.509  2964  2964 W auditd  : type=1320 audit(0.0:40): 
05-24 07:00:02.539  2964  2964 W auditd  : type=1325 audit(0.0:41): table=filter family=2 entries=10
05-24 07:00:02.539  2964  2964 W auditd  : type=1320 audit(0.0:41): 
05-24 07:00:02.539  2964  2964 W auditd  : type=1325 audit(0.0:42): table=filter family=10 entries=10
05-24 07:00:02.539  2964  2964 W auditd  : type=1320 audit(0.0:42): 
05-24 07:00:02.539  2964  2964 W auditd  : type=1325 audit(0.0:43): table=filter family=2 entries=12
05-24 07:00:02.539  2964  2964 W auditd  : type=1320 audit(0.0:43): 
05-24 07:00:02.549  2964  2964 W auditd  : type=1325 audit(0.0:44): table=filter family=10 entries=12
05-24 07:00:02.549  2964  2964 W auditd  : type=1320 audit(0.0:44): 
05-24 07:00:02.569  2964  2964 W auditd  : type=1325 audit(0.0:45): table=filter family=2 entries=13
05-24 07:00:02.569  2964  2964 W auditd  : type=1320 audit(0.0:45): 
05-24 07:00:02.579  2964  2964 W auditd  : type=1325 audit(0.0:46): table=filter family=10 entries=13
05-24 07:00:02.579  2964  2964 W auditd  : type=1320 audit(0.0:46): 
05-24 07:00:02.579  2964  2964 W auditd  : type=1325 audit(0.0:47): table=filter family=2 entries=15
05-24 07:00:02.617  2971  2971 I mediaserver: ServiceManager: 0xf658e120
05-24 07:00:02.617  2971  2971 I AudioFlinger: Using default 3000 mSec as standby time.
05-24 07:00:02.618  2971  2971 E BatteryNotifier: batterystats service unavailable!
05-24 07:00:02.618  2971  2971 E BatteryNotifier: batterystats service unavailable!
05-24 07:00:02.618  2971  2971 I CameraService: CameraService started (pid=2971)
05-24 07:00:02.618  2971  2971 I CameraService: CameraService process starting
05-24 07:00:02.618  2971  2971 E BatteryNotifier: batterystats service unavailable!
05-24 07:00:02.618  2971  2971 E BatteryNotifier: batterystats service unavailable!
05-24 07:00:02.619  2971  2971 E CameraService: Could not load camera HAL module: -2 (No such file or directory)
05-24 07:00:02.619  2971  2971 I AudioPolicyService: AudioPolicyService CSTOR in new mode
05-24 07:00:02.620  2971  2971 W APM::HwModule: loadOutput() invalid supported devices
05-24 07:00:02.620  2971  2971 W APM::HwModule: loadOutput() invalid supported devices
05-24 07:00:02.620  2971  2971 W APM::HwModule: loadInput() invalid supported devices
05-24 07:00:02.620  2971  2971 W APM::HwModule: loadInput() invalid supported devices
05-24 07:00:02.621  2971  2971 I APM::ConfigParsingUtils: loadAudioPolicyConfig() loaded /system/etc/audio_policy.conf
05-24 07:00:03.117  2972  2972 V NatController: runCmd(/system/bin/iptables -w -F natctrl_FORWARD) res=0
05-24 07:00:03.121  2972  2972 V NatController: runCmd(/system/bin/iptables -w -A natctrl_FORWARD -j DROP) res=0
05-24 07:00:03.125  2972  2972 V NatController: runCmd(/system/bin/iptables -w -t nat -F natctrl_nat_POSTROUTING) res=0
05-24 07:00:03.128  2972  2972 V NatController: runCmd(/system/bin/iptables -w -F natctrl_tether_counters) res=1
05-24 07:00:03.132  2972  2972 V NatController: runCmd(/system/bin/iptables -w -X natctrl_tether_counters) res=1
05-24 07:00:03.136  2972  2972 V NatController: runCmd(/system/bin/iptables -w -N natctrl_tether_counters) res=0
05-24 07:00:03.140  2972  2972 V NatController: runCmd(/system/bin/iptables -w -t mangle -A natctrl_mangle_FORWARD -p tcp --tcp-flags SYN SYN -j TCPMSS --clamp-mss-to-pmtu) res=0
05-24 07:00:03.188  2971  2971 I AudioFlinger: loadHwModule() Loaded primary audio interface from Samsung audio HW HAL (audio) handle 1
05-24 07:00:03.188  2971  2971 I AudioFlinger: openOutput(), module 1 Device 2, SamplingRate 48000, Format 0x000001, Channels 3, flags a
05-24 07:00:03.188  2971  2971 I AudioFlinger: AudioStreamOut::open(), mHalFormatIsLinearPcm = 1
05-24 07:00:03.188  2971  2971 I AudioFlinger: HAL output buffer size 1024 frames, normal sink buffer size 1024 frames
05-24 07:00:03.193  2971  2971 W EffectsFactory: loadLibrary() failed to open /system/lib/soundfx/libaudioeffectoffload.so
05-24 07:00:03.196  2971  2971 W EffectsFactory: loadLibrary() failed to open /system/lib/soundfx/libexynosvisualizer.so
05-24 07:00:03.200  2971  2971 W EffectsFactory: loadLibrary() failed to open /system/lib/libmysound.so
05-24 07:00:03.200  2971  2971 W EffectsFactory: loadLibrary() failed to open /system/lib/soundfx/libmyspace.so
05-24 07:00:03.200  2971  2971 W EffectsFactory: loadLibrary() failed to open /system/lib/libaudiosa.so
05-24 07:00:03.201  2971  2971 W EffectsFactory: loadLibrary() failed to open /system/lib/soundfx/libaudiosaplus_sec.so
05-24 07:00:03.201  2971  2971 W EffectsFactory: loadLibrary() failed to open /system/lib/libsamsungSoundbooster_plus.so
05-24 07:00:03.201  2971  2971 W EffectsFactory: loadEffect() could not get library soundbooster_plus
05-24 07:00:03.201  2971  2971 W EffectsFactory: addSubEffect() could not get library soundalive_sec
05-24 07:00:03.201  2971  2971 W EffectsFactory: loadEffect() could not add subEffect 
05-24 07:00:03.201  2971  2971 W EffectsFactory: loadEffect() could not get library soundalive
05-24 07:00:03.201  2971  2971 W EffectsFactory: loadEffect() could not get library soundalive
05-24 07:00:03.201  2971  2971 W EffectsFactory: loadEffect() could not get library soundalive
05-24 07:00:03.201  2971  2971 W EffectsFactory: addSubEffect() could not get library visualizer_hw
05-24 07:00:03.201  2971  2971 W EffectsFactory: loadEffect() could not add subEffect 
05-24 07:00:03.202  2971  2971 W EffectsFactory: addSubEffect() could not get library mysound
05-24 07:00:03.202  2971  2971 W EffectsFactory: loadEffect() could not add subEffect 
05-24 07:00:03.202  2971  2971 W EffectsFactory: addSubEffect() could not get library myspace
05-24 07:00:03.202  2971  2971 W EffectsFactory: loadEffect() could not add subEffect 
05-24 07:00:03.202  2971  2971 I BufferProvider: found effect "Multichannel Downmix To Stereo" from The Android Open Source Project
05-24 07:00:03.202  2971  2971 I AudioFlinger: Using module 1 has the primary audio interface
05-24 07:00:03.202  2971  3183 I AudioFlinger: AudioFlinger's thread 0xf4980000 ready to run
05-24 07:00:03.202  2971  3183 V audio_hw_primary: do_out_standby: output standby: 1
05-24 07:00:03.202  2971  3183 V audio_hw_primary: out_set_parameters: key value pairs: routing=2
05-24 07:00:03.202  2971  3183 E AudioFlinger: no wake lock to update!
05-24 07:00:03.202  2971  2971 I AudioFlinger: openOutput(), module 1 Device 2, SamplingRate 48000, Format 0x000001, Channels 3, flags 4
05-24 07:00:03.202  2971  2971 I AudioFlinger: AudioStreamOut::open(), mHalFormatIsLinearPcm = 1
05-24 07:00:03.202  2971  2971 I AudioFlinger: HAL output buffer size 256 frames, normal sink buffer size 960 frames
05-24 07:00:03.203  2971  2971 E MonoPipe: Failed to fetch local time frequency when constructing a MonoPipe (res = -32).  getNextWriteTimestamp calls will be non-functional
05-24 07:00:03.203  2971  3185 I AudioFlinger: AudioFlinger's thread 0xf4640000 ready to run
05-24 07:00:03.203  2971  3185 V audio_hw_primary: out_set_parameters: key value pairs: routing=2
05-24 07:00:03.203  2971  3185 V audio_hw_primary: do_out_standby: output standby: 1
05-24 07:00:03.203  2971  3185 E AudioFlinger: no wake lock to update!
05-24 07:00:03.203  2971  2971 V audio_hw_primary: adev_open_input_stream: Requesting input stream with rate: 48000, channels: 0xc
05-24 07:00:03.203  2971  3186 I AudioFlinger: AudioFlinger's thread 0xf4340000 ready to run
05-24 07:00:03.204  2971  2971 I bt_a2dp_hw: adev_open:  adev_open in A2dp_hw module
05-24 07:00:03.204  2971  2971 I AudioFlinger: loadHwModule() Loaded a2dp audio interface from A2DP Audio HW HAL (audio) handle 5
05-24 07:00:03.206  2971  2971 I AudioFlinger: loadHwModule() Loaded usb audio interface from USB audio HW HAL (audio) handle 6
05-24 07:00:03.207  2971  2971 I r_submix: adev_open(name=audio_hw_if)
05-24 07:00:03.207  2971  2971 I r_submix: adev_init_check()
05-24 07:00:03.207  2971  2971 I AudioFlinger: loadHwModule() Loaded r_submix audio interface from Wifi Display audio HAL (audio) handle 7
05-24 07:00:03.207  2971  2971 D r_submix: adev_open_input_stream(addr=0)
05-24 07:00:03.207  2971  2971 D r_submix: submix_audio_device_create_pipe_l(addr=0, idx=9)
05-24 07:00:03.207  2971  2971 D r_submix:   now using address 0 for route 9
05-24 07:00:03.207  2971  3188 I AudioFlinger: AudioFlinger's thread 0xf4280000 ready to run
05-24 07:00:03.207  2971  2971 D r_submix: adev_close_input_stream()
05-24 07:00:03.207  2971  2971 D r_submix: submix_audio_device_release_pipe_l(idx=9) addr=0
05-24 07:00:03.207  2971  2971 D r_submix: submix_audio_device_destroy_pipe_l(): pipe destroyed
05-24 07:00:03.208  2971  2971 F libc    : Fatal signal 11 (SIGSEGV), code 1, fault addr 0x0 in tid 2971 (mediaserver)
05-24 07:00:03.208  2971  2971 F libc    : Unable to open connection to debuggerd: Connection refused
05-24 07:00:03.210  2893  2893 I ServiceManager: service 'media.audio_flinger' died
05-24 07:00:03.210  2893  2893 I ServiceManager: service 'media.player' died
05-24 07:00:03.210  2893  2893 I ServiceManager: service 'media.resource_manager' died
05-24 07:00:03.210  2893  2893 I ServiceManager: service 'media.camera' died
05-24 07:00:03.516  2972  2972 E Netd    : cannot find interface dummy0
05-24 07:00:03.516  2972  2972 E base.file: android::WriteStringToFile open failed: No such file or directory
05-24 07:00:03.516  2972  2972 E Netd    : failed to write to /data/misc/net/rt_tables (No such file or directory)
05-24 07:00:03.517  2972  2972 D MDnsDS  : MDnsSdListener::Hander starting up
05-24 07:00:03.517  2972  2972 E Netd    : Unable to create pid file (No such file or directory)
05-24 07:00:03.517  2972  3235 D MDnsDS  : MDnsSdListener starting to monitor
05-24 07:00:03.517  2972  3235 D MDnsDS  : Going to poll with pollCount 1
05-24 07:00:07.229  3239  3239 W surfaceflinger: type=1400 audit(0.0:157): avc: denied { read write } for name="mali0" dev="tmpfs" ino=14346 scontext=u:r:surfaceflinger:s0 tcontext=u:object_r:device:s0 tclass=chr_file permissive=0
05-24 07:00:07.229  3239  3239 W surfaceflinger: type=1300 audit(0.0:157): arch=c00000b7 syscall=56 success=no exit=-13 a0=ffffff9c a1=7fe0e34fa8 a2=80002 a3=0 items=0 ppid=1 auid=4294967295 uid=1000 gid=1003 euid=1000 suid=1000 fsuid=1000 egid=1003 sgid=1003 fsgid=1003 tty=(none) ses=4294967295 exe="/system/bin/surfaceflinger" subj=u:r:surfaceflinger:s0 key=(null)
05-24 07:00:07.229  2964  2964 W auditd  : type=1327 audit(0.0:157): proctitle="/system/bin/surfaceflinger"
05-24 07:00:07.229  2964  2964 W auditd  : type=1320 audit(0.0:157): 
05-24 07:00:07.229  3239  3239 W surfaceflinger: type=1400 audit(0.0:158): avc: denied { read write } for name="mali0" dev="tmpfs" ino=14346 scontext=u:r:surfaceflinger:s0 tcontext=u:object_r:device:s0 tclass=chr_file permissive=0
05-24 07:00:07.229  3239  3239 W surfaceflinger: type=1300 audit(0.0:158): arch=c00000b7 syscall=56 success=no exit=-13 a0=ffffff9c a1=7fe0e34fa8 a2=80002 a3=0 items=0 ppid=1 auid=4294967295 uid=1000 gid=1003 euid=1000 suid=1000 fsuid=1000 egid=1003 sgid=1003 fsgid=1003 tty=(none) ses=4294967295 exe="/system/bin/surfaceflinger" subj=u:r:surfaceflinger:s0 key=(null)
05-24 07:00:07.229  2964  2964 W auditd  : type=1327 audit(0.0:158): proctitle="/system/bin/surfaceflinger"
05-24 07:00:07.229  2964  2964 W auditd  : type=1320 audit(0.0:158): 
05-24 07:00:07.232  3239  3239 I SurfaceFlinger: SurfaceFlinger is starting
05-24 07:00:07.232  3239  3239 E SchedPolicy: /system/bin/surfaceflinger add_tid_to_cgroup failed; fd=-1
05-24 07:00:07.232  3239  3239 I SurfaceFlinger: SurfaceFlinger's main thread ready to run. Initializing graphics H/W...
05-24 07:00:07.238  3239  3239 D libEGL  : loaded /vendor/lib64/egl/libGLES_mali.so
05-24 07:00:07.239  3239  3239 W surfaceflinger: type=1701 audit(0.0:159): auid=4294967295 uid=1000 gid=1003 ses=4294967295 subj=u:r:surfaceflinger:s0 exe="/system/bin/surfaceflinger" sig=6
05-24 07:00:07.243  3239  3239 W libEGL  : eglInitialize(0x7fb25e9000) failed (EGL_NOT_INITIALIZED)
05-24 07:00:07.244  3239  3239 I gralloc : using (id=)
05-24 07:00:07.244  3239  3239 I gralloc : xres         = 1440 px
05-24 07:00:07.244  3239  3239 I gralloc : yres         = 2560 px
05-24 07:00:07.244  3239  3239 I gralloc : width        = 68 mm (537.882324 dpi)
05-24 07:00:07.244  3239  3239 I gralloc : height       = 122 mm (532.983582 dpi)
05-24 07:00:07.244  3239  3239 I gralloc : refresh rate = 59.42 Hz
05-24 07:00:07.246  3239  3239 E HAL     : load: module=/system/lib64/hw/hwcomposer.exynos5.so
05-24 07:00:07.246  3239  3239 E HAL     : dlopen failed: library "libvirtualdisplay.so" not found
05-24 07:00:07.246  3239  3239 E SurfaceFlinger: hwcomposer module not found
05-24 07:00:07.246  3239  3239 W SurfaceFlinger: no suitable EGLConfig found, trying a simpler query
05-24 07:00:07.247  3239  3239 F SurfaceFlinger: no suitable EGLConfig found, giving up
05-24 07:00:07.247  3239  3239 F libc    : Fatal signal 6 (SIGABRT), code -6 in tid 3239 (surfaceflinger)
05-24 07:00:07.247  3239  3239 F libc    : Unable to open connection to debuggerd: Connection refused
05-24 07:00:07.399  2964  2964 W auditd  : type=1325 audit(0.0:160): table=filter family=2 entries=52
05-24 07:00:07.399  2964  2964 W auditd  : type=1320 audit(0.0:160): 
05-24 07:00:07.407  3248  3248 I Netd    : Netd 1.0 starting
05-24 07:00:07.407  3248  3248 I QtiConnectivityAdapter: Failed to open libconnctrl, some features may not be present.
05-24 07:00:07.407  3248  3248 D TetherController: Setting IP forward enable = 0
05-24 07:00:07.409  2964  2964 W auditd  : type=1325 audit(0.0:161): table=filter family=10 entries=55
05-24 07:00:07.409  2964  2964 W auditd  : type=1320 audit(0.0:161): 
05-24 07:00:07.409  2964  2964 W auditd  : type=1325 audit(0.0:162): table=filter family=2 entries=51
05-24 07:00:07.409  2964  2964 W auditd  : type=1320 audit(0.0:162): 
05-24 07:00:07.409  2964  2964 W auditd  : type=1325 audit(0.0:163): table=filter family=10 entries=54
05-24 07:00:07.409  2964  2964 W auditd  : type=1320 audit(0.0:163): 
05-24 07:00:07.419  2964  2964 W auditd  : type=1325 audit(0.0:164): table=filter family=2 entries=50
05-24 07:00:07.419  2964  2964 W auditd  : type=1320 audit(0.0:164): 
05-24 07:00:07.419  2964  2964 W auditd  : type=1325 audit(0.0:165): table=filter family=10 entries=53
05-24 07:00:08.075  3248  3248 V NatController: runCmd(/system/bin/iptables -w -F natctrl_FORWARD) res=0
05-24 07:00:08.079  3248  3248 V NatController: runCmd(/system/bin/iptables -w -A natctrl_FORWARD -j DROP) res=0
05-24 07:00:08.083  3248  3248 V NatController: runCmd(/system/bin/iptables -w -t nat -F natctrl_nat_POSTROUTING) res=0
05-24 07:00:08.086  3248  3248 V NatController: runCmd(/system/bin/iptables -w -F natctrl_tether_counters) res=0
05-24 07:00:08.090  3248  3248 V NatController: runCmd(/system/bin/iptables -w -X natctrl_tether_counters) res=0
05-24 07:00:08.094  3248  3248 V NatController: runCmd(/system/bin/iptables -w -N natctrl_tether_counters) res=0
05-24 07:00:08.097  3248  3248 V NatController: runCmd(/system/bin/iptables -w -t mangle -A natctrl_mangle_FORWARD -p tcp --tcp-flags SYN SYN -j TCPMSS --clamp-mss-to-pmtu) res=0
05-24 07:00:08.239  2964  2964 W auditd  : type=1325 audit(0.0:381): table=filter family=10 entries=52
05-24 07:00:08.239  2964  2964 W auditd  : type=1320 audit(0.0:381): 
05-24 07:00:08.239  2964  2964 W auditd  : type=1325 audit(0.0:382): table=filter family=2 entries=49
05-24 07:00:08.239  2964  2964 W auditd  : type=1320 audit(0.0:382): 
05-24 07:00:08.249  2964  2964 W auditd  : type=1325 audit(0.0:383): table=filter family=10 entries=52
05-24 07:00:08.249  2964  2964 W auditd  : type=1320 audit(0.0:383): 
05-24 07:00:08.249  2964  2964 W auditd  : type=1325 audit(0.0:384): table=raw family=2 entries=9
05-24 07:00:08.249  2964  2964 W auditd  : type=1320 audit(0.0:384): 
05-24 07:00:08.249  2964  2964 W auditd  : type=1325 audit(0.0:385): table=raw family=10 entries=9
05-24 07:00:08.249  2964  2964 W auditd  : type=1320 audit(0.0:385): 
05-24 07:00:08.259  2964  2964 W auditd  : type=1325 audit(0.0:386): table=mangle family=2 entries=16
05-24 07:00:08.259  2964  2964 W auditd  : type=1320 audit(0.0:386): 
05-24 07:00:08.259  2964  2964 W auditd  : type=1325 audit(0.0:387): table=mangle family=10 entries=12
05-24 07:00:08.259  2964  2964 W auditd  : type=1320 audit(0.0:387): 
05-24 07:00:08.259  2964  2964 W auditd  : type=1325 audit(0.0:388): table=filter family=2 entries=49
05-24 07:00:08.259  2964  2964 W auditd  : type=1320 audit(0.0:388): 
05-24 07:00:08.269  2964  2964 W auditd  : type=1325 audit(0.0:389): table=filter family=10 entries=52
05-24 07:00:08.269  2964  2964 W auditd  : type=1320 audit(0.0:389): 
05-24 07:00:08.269  2964  2964 W auditd  : type=1325 audit(0.0:390): table=filter family=2 entries=50
05-24 07:00:08.269  2964  2964 W auditd  : type=1320 audit(0.0:390): 
05-24 07:00:08.317  3248  3248 E Netd    : cannot find interface dummy0
05-24 07:00:08.317  3248  3248 E base.file: android::WriteStringToFile open failed: No such file or directory
05-24 07:00:08.317  3248  3248 E Netd    : failed to write to /data/misc/net/rt_tables (No such file or directory)
05-24 07:00:08.317  3248  3248 D MDnsDS  : MDnsSdListener::Hander starting up
05-24 07:00:08.317  3248  3500 D MDnsDS  : MDnsSdListener starting to monitor
05-24 07:00:08.317  3248  3500 D MDnsDS  : Going to poll with pollCount 1
05-24 07:00:08.318  3248  3248 E Netd    : Unable to create pid file (No such file or directory)
05-24 07:00:12.418  3510  3510 I SurfaceFlinger: SurfaceFlinger is starting
05-24 07:00:12.418  3510  3510 E SchedPolicy: /system/bin/surfaceflinger add_tid_to_cgroup failed; fd=-1
05-24 07:00:12.418  3510  3510 I SurfaceFlinger: SurfaceFlinger's main thread ready to run. Initializing graphics H/W...
05-24 07:00:12.419  3510  3510 W surfaceflinger: type=1400 audit(0.0:398): avc: denied { read write } for name="mali0" dev="tmpfs" ino=14346 scontext=u:r:surfaceflinger:s0 tcontext=u:object_r:device:s0 tclass=chr_file permissive=0
05-24 07:00:12.419  3510  3510 W surfaceflinger: type=1300 audit(0.0:398): arch=c00000b7 syscall=56 success=no exit=-13 a0=ffffff9c a1=7ffd93a2f8 a2=80002 a3=0 items=0 ppid=1 auid=4294967295 uid=1000 gid=1003 euid=1000 suid=1000 fsuid=1000 egid=1003 sgid=1003 fsgid=1003 tty=(none) ses=4294967295 exe="/system/bin/surfaceflinger" subj=u:r:surfaceflinger:s0 key=(null)
05-24 07:00:12.419  2964  2964 W auditd  : type=1327 audit(0.0:398): proctitle="/system/bin/surfaceflinger"
05-24 07:00:12.419  2964  2964 W auditd  : type=1320 audit(0.0:398): 
05-24 07:00:12.419  3510  3510 W surfaceflinger: type=1400 audit(0.0:399): avc: denied { read write } for name="mali0" dev="tmpfs" ino=14346 scontext=u:r:surfaceflinger:s0 tcontext=u:object_r:device:s0 tclass=chr_file permissive=0
05-24 07:00:12.419  3510  3510 W surfaceflinger: type=1300 audit(0.0:399): arch=c00000b7 syscall=56 success=no exit=-13 a0=ffffff9c a1=7ffd93a2f8 a2=80002 a3=0 items=0 ppid=1 auid=4294967295 uid=1000 gid=1003 euid=1000 suid=1000 fsuid=1000 egid=1003 sgid=1003 fsgid=1003 tty=(none) ses=4294967295 exe="/system/bin/surfaceflinger" subj=u:r:surfaceflinger:s0 key=(null)
05-24 07:00:12.419  2964  2964 W auditd  : type=1327 audit(0.0:399): proctitle="/system/bin/surfaceflinger"
05-24 07:00:12.419  2964  2964 W auditd  : type=1320 audit(0.0:399): 
05-24 07:00:12.419  3510  3510 W surfaceflinger: type=1701 audit(0.0:400): auid=4294967295 uid=1000 gid=1003 ses=4294967295 subj=u:r:surfaceflinger:s0 exe="/system/bin/surfaceflinger" sig=6
05-24 07:00:12.425  3510  3510 D libEGL  : loaded /vendor/lib64/egl/libGLES_mali.so
05-24 07:00:12.430  3510  3510 W libEGL  : eglInitialize(0x7f7fe29000) failed (EGL_NOT_INITIALIZED)
05-24 07:00:12.431  3510  3510 I gralloc : using (id=)
05-24 07:00:12.431  3510  3510 I gralloc : xres         = 1440 px
05-24 07:00:12.431  3510  3510 I gralloc : yres         = 2560 px
05-24 07:00:12.431  3510  3510 I gralloc : width        = 68 mm (537.882324 dpi)
05-24 07:00:12.431  3510  3510 I gralloc : height       = 122 mm (532.983582 dpi)
05-24 07:00:12.431  3510  3510 I gralloc : refresh rate = 59.42 Hz
05-24 07:00:12.434  3510  3510 E HAL     : load: module=/system/lib64/hw/hwcomposer.exynos5.so
05-24 07:00:12.434  3510  3510 E HAL     : dlopen failed: library "libvirtualdisplay.so" not found
05-24 07:00:12.434  3510  3510 E SurfaceFlinger: hwcomposer module not found
05-24 07:00:12.434  3510  3510 W SurfaceFlinger: no suitable EGLConfig found, trying a simpler query
05-24 07:00:12.434  3510  3510 F SurfaceFlinger: no suitable EGLConfig found, giving up
05-24 07:00:12.434  3510  3510 F libc    : Fatal signal 6 (SIGABRT), code -6 in tid 3510 (surfaceflinger)
05-24 07:00:12.434  3510  3510 F libc    : Unable to open connection to debuggerd: Connection refused
05-24 07:00:12.559  2964  2964 W auditd  : type=1325 audit(0.0:401): table=filter family=2 entries=52
05-24 07:00:12.559  2964  2964 W auditd  : type=1320 audit(0.0:401): 
05-24 07:00:12.567  3519  3519 I Netd    : Netd 1.0 starting
05-24 07:00:12.567  3519  3519 I QtiConnectivityAdapter: Failed to open libconnctrl, some features may not be present.
05-24 07:00:12.567  3519  3519 D TetherController: Setting IP forward enable = 0
05-24 07:00:12.569  2964  2964 W auditd  : type=1325 audit(0.0:402): table=filter family=10 entries=55
05-24 07:00:12.569  2964  2964 W auditd  : type=1320 audit(0.0:402): 
05-24 07:00:12.569  2964  2964 W auditd  : type=1325 audit(0.0:403): table=filter family=2 entries=51
05-24 07:00:12.569  2964  2964 W auditd  : type=1320 audit(0.0:403): 
05-24 07:00:12.569  2964  2964 W auditd  : type=1325 audit(0.0:404): table=filter family=10 entries=54
05-24 07:00:12.569  2964  2964 W auditd  : type=1320 audit(0.0:404): 
05-24 07:00:12.579  2964  2964 W auditd  : type=1325 audit(0.0:405): table=filter family=2 entries=50
05-24 07:00:12.579  2964  2964 W auditd  : type=1320 audit(0.0:405): 
05-24 07:00:12.579  2964  2964 W auditd  : type=1325 audit(0.0:406): table=filter family=10 entries=53
05-24 07:00:13.233  3519  3519 V NatController: runCmd(/system/bin/iptables -w -F natctrl_FORWARD) res=0
05-24 07:00:13.236  3519  3519 V NatController: runCmd(/system/bin/iptables -w -A natctrl_FORWARD -j DROP) res=0
05-24 07:00:13.240  3519  3519 V NatController: runCmd(/system/bin/iptables -w -t nat -F natctrl_nat_POSTROUTING) res=0
05-24 07:00:13.243  3519  3519 V NatController: runCmd(/system/bin/iptables -w -F natctrl_tether_counters) res=0
05-24 07:00:13.247  3519  3519 V NatController: runCmd(/system/bin/iptables -w -X natctrl_tether_counters) res=0
05-24 07:00:13.251  3519  3519 V NatController: runCmd(/system/bin/iptables -w -N natctrl_tether_counters) res=0
05-24 07:00:13.254  3519  3519 V NatController: runCmd(/system/bin/iptables -w -t mangle -A natctrl_mangle_FORWARD -p tcp --tcp-flags SYN SYN -j TCPMSS --clamp-mss-to-pmtu) res=0
05-24 07:00:13.429  2964  2964 W auditd  : type=1325 audit(0.0:631): table=filter family=2 entries=50
05-24 07:00:13.429  2964  2964 W auditd  : type=1320 audit(0.0:631): 
05-24 07:00:13.429  2964  2964 W auditd  : type=1325 audit(0.0:632): table=filter family=10 entries=53
05-24 07:00:13.429  2964  2964 W auditd  : type=1320 audit(0.0:632): 
05-24 07:00:13.439  2964  2964 W auditd  : type=1325 audit(0.0:633): table=filter family=2 entries=51
05-24 07:00:13.439  2964  2964 W auditd  : type=1320 audit(0.0:633): 
05-24 07:00:13.439  2964  2964 W auditd  : type=1325 audit(0.0:634): table=filter family=10 entries=54
05-24 07:00:13.439  2964  2964 W auditd  : type=1320 audit(0.0:634): 
05-24 07:00:13.439  2964  2964 W auditd  : type=1325 audit(0.0:635): table=raw family=2 entries=9
05-24 07:00:13.439  2964  2964 W auditd  : type=1320 audit(0.0:635): 
05-24 07:00:13.449  2964  2964 W auditd  : type=1325 audit(0.0:636): table=raw family=10 entries=9
05-24 07:00:13.449  2964  2964 W auditd  : type=1320 audit(0.0:636): 
05-24 07:00:13.449  2964  2964 W auditd  : type=1325 audit(0.0:637): table=mangle family=2 entries=16
05-24 07:00:13.449  2964  2964 W auditd  : type=1320 audit(0.0:637): 
05-24 07:00:13.449  2964  2964 W auditd  : type=1325 audit(0.0:638): table=mangle family=10 entries=12
05-24 07:00:13.449  2964  2964 W auditd  : type=1320 audit(0.0:638): 
05-24 07:00:13.474  3519  3519 E Netd    : cannot find interface dummy0
05-24 07:00:13.474  3519  3519 E base.file: android::WriteStringToFile open failed: No such file or directory
05-24 07:00:13.474  3519  3519 E Netd    : failed to write to /data/misc/net/rt_tables (No such file or directory)
05-24 07:00:13.474  3519  3519 D MDnsDS  : MDnsSdListener::Hander starting up
05-24 07:00:13.475  3519  3771 D MDnsDS  : MDnsSdListener starting to monitor
05-24 07:00:13.475  3519  3771 D MDnsDS  : Going to poll with pollCount 1
05-24 07:00:13.475  3519  3519 E Netd    : Unable to create pid file (No such file or directory)
05-24 07:00:16.577  3778  3778 I SurfaceFlinger: SurfaceFlinger is starting
05-24 07:00:16.577  3778  3778 E SchedPolicy: /system/bin/surfaceflinger add_tid_to_cgroup failed; fd=-1
05-24 07:00:16.577  3778  3778 I SurfaceFlinger: SurfaceFlinger's main thread ready to run. Initializing graphics H/W...
05-24 07:00:16.583  3778  3778 D libEGL  : loaded /vendor/lib64/egl/libGLES_mali.so
05-24 07:00:16.579  3778  3778 W surfaceflinger: type=1400 audit(0.0:639): avc: denied { read write } for name="mali0" dev="tmpfs" ino=14346 scontext=u:r:surfaceflinger:s0 tcontext=u:object_r:device:s0 tclass=chr_file permissive=0
05-24 07:00:16.579  3778  3778 W surfaceflinger: type=1300 audit(0.0:639): arch=c00000b7 syscall=56 success=no exit=-13 a0=ffffff9c a1=7fd5ee5298 a2=80002 a3=0 items=0 ppid=1 auid=4294967295 uid=1000 gid=1003 euid=1000 suid=1000 fsuid=1000 egid=1003 sgid=1003 fsgid=1003 tty=(none) ses=4294967295 exe="/system/bin/surfaceflinger" subj=u:r:surfaceflinger:s0 key=(null)
05-24 07:00:16.579  2964  2964 W auditd  : type=1327 audit(0.0:639): proctitle="/system/bin/surfaceflinger"
05-24 07:00:16.579  2964  2964 W auditd  : type=1320 audit(0.0:639): 
05-24 07:00:16.579  3778  3778 W surfaceflinger: type=1400 audit(0.0:640): avc: denied { read write } for name="mali0" dev="tmpfs" ino=14346 scontext=u:r:surfaceflinger:s0 tcontext=u:object_r:device:s0 tclass=chr_file permissive=0
05-24 07:00:16.579  3778  3778 W surfaceflinger: type=1300 audit(0.0:640): arch=c00000b7 syscall=56 success=no exit=-13 a0=ffffff9c a1=7fd5ee5298 a2=80002 a3=0 items=0 ppid=1 auid=4294967295 uid=1000 gid=1003 euid=1000 suid=1000 fsuid=1000 egid=1003 sgid=1003 fsgid=1003 tty=(none) ses=4294967295 exe="/system/bin/surfaceflinger" subj=u:r:surfaceflinger:s0 key=(null)
05-24 07:00:16.579  2964  2964 W auditd  : type=1327 audit(0.0:640): proctitle="/system/bin/surfaceflinger"
05-24 07:00:16.579  2964  2964 W auditd  : type=1320 audit(0.0:640): 
05-24 07:00:16.589  3778  3778 W libEGL  : eglInitialize(0x7f79369000) failed (EGL_NOT_INITIALIZED)
05-24 07:00:16.589  3778  3778 I gralloc : using (id=)
05-24 07:00:16.589  3778  3778 I gralloc : xres         = 1440 px
05-24 07:00:16.589  3778  3778 I gralloc : yres         = 2560 px
05-24 07:00:16.589  3778  3778 I gralloc : width        = 68 mm (537.882324 dpi)
05-24 07:00:16.589  3778  3778 I gralloc : height       = 122 mm (532.983582 dpi)
05-24 07:00:16.589  3778  3778 I gralloc : refresh rate = 59.42 Hz
05-24 07:00:16.592  3778  3778 E HAL     : load: module=/system/lib64/hw/hwcomposer.exynos5.so
05-24 07:00:16.592  3778  3778 E HAL     : dlopen failed: library "libvirtualdisplay.so" not found
05-24 07:00:16.592  3778  3778 E SurfaceFlinger: hwcomposer module not found
05-24 07:00:16.592  3778  3778 W SurfaceFlinger: no suitable EGLConfig found, trying a simpler query
05-24 07:00:16.592  3778  3778 F SurfaceFlinger: no suitable EGLConfig found, giving up
05-24 07:00:16.592  3778  3778 F libc    : Fatal signal 6 (SIGABRT), code -6 in tid 3778 (surfaceflinger)
05-24 07:00:16.592  3778  3778 F libc    : Unable to open connection to debuggerd: Connection refused
05-24 07:00:16.579  3778  3778 W surfaceflinger: type=1701 audit(0.0:641): auid=4294967295 uid=1000 gid=1003 ses=4294967295 subj=u:r:surfaceflinger:s0 exe="/system/bin/surfaceflinger" sig=6
05-24 07:00:17.688  3787  3787 I Netd    : Netd 1.0 starting
05-24 07:00:17.688  3787  3787 I QtiConnectivityAdapter: Failed to open libconnctrl, some features may not be present.
05-24 07:00:17.688  3787  3787 D TetherController: Setting IP forward enable = 0
05-24 07:00:17.679  2964  2964 W auditd  : type=1325 audit(0.0:642): table=filter family=2 entries=52
05-24 07:00:17.679  2964  2964 W auditd  : type=1320 audit(0.0:642): 
05-24 07:00:17.689  2964  2964 W auditd  : type=1325 audit(0.0:643): table=filter family=10 entries=55
05-24 07:00:17.689  2964  2964 W auditd  : type=1320 audit(0.0:643): 
05-24 07:00:17.689  2964  2964 W auditd  : type=1325 audit(0.0:644): table=filter family=2 entries=51
05-24 07:00:17.689  2964  2964 W auditd  : type=1320 audit(0.0:644): 
05-24 07:00:17.699  2964  2964 W auditd  : type=1325 audit(0.0:645): table=filter family=10 entries=54
05-24 07:00:17.699  2964  2964 W auditd  : type=1320 audit(0.0:645): 
05-24 07:00:17.699  2964  2964 W auditd  : type=1325 audit(0.0:646): table=filter family=2 entries=50
05-24 07:00:17.699  2964  2964 W auditd  : type=1320 audit(0.0:646): 
05-24 07:00:17.709  2964  2964 W auditd  : type=1325 audit(0.0:647): table=filter family=10 entries=53
05-24 07:00:17.709  2964  2964 W auditd  : type=1320 audit(0.0:647): 
05-24 07:00:17.709  2964  2964 W auditd  : type=1325 audit(0.0:648): table=filter family=2 entries=48
05-24 07:00:17.709  2964  2964 W auditd  : type=1320 audit(0.0:648): 
05-24 07:00:17.709  2964  2964 W auditd  : type=1325 audit(0.0:649): table=filter family=10 entries=51
05-24 07:00:17.709  2964  2964 W auditd  : type=1320 audit(0.0:649): 
05-24 07:00:17.719  2964  2964 W auditd  : type=1325 audit(0.0:650): table=filter family=2 entries=50
05-24 07:00:17.719  2964  2964 W auditd  : type=1320 audit(0.0:650): 
05-24 07:00:17.719  2964  2964 W auditd  : type=1325 audit(0.0:651): table=filter family=10 entries=53
05-24 07:00:17.719  2964  2964 W auditd  : type=1320 audit(0.0:651): 
05-24 07:00:17.719  2964  2964 W auditd  : type=1325 audit(0.0:652): table=filter family=2 entries=51
05-24 07:00:17.719  2964  2964 W auditd  : type=1320 audit(0.0:652): 
05-24 07:00:17.729  2964  2964 W auditd  : type=1325 audit(0.0:653): table=filter family=10 entries=54
05-24 07:00:17.729  2964  2964 W auditd  : type=1320 audit(0.0:653): 
05-24 07:00:17.729  2964  2964 W auditd  : type=1325 audit(0.0:654): table=filter family=2 entries=50
05-24 07:00:17.729  2964  2964 W auditd  : type=1320 audit(0.0:654): 
05-24 07:00:17.739  2964  2964 W auditd  : type=1325 audit(0.0:655): table=filter family=10 entries=53
05-24 07:00:17.739  2964  2964 W auditd  : type=1320 audit(0.0:655): 
05-24 07:00:17.739  2964  2964 W auditd  : type=1325 audit(0.0:656): table=filter family=2 entries=50
05-24 07:00:17.739  2964  2964 W auditd  : type=1320 audit(0.0:656): 
05-24 07:00:17.739  2964  2964 W auditd  : type=1325 audit(0.0:657): table=filter family=10 entries=53
05-24 07:00:17.739  2964  2964 W auditd  : type=1320 audit(0.0:657): 
05-24 07:00:17.749  2964  2964 W auditd  : type=1325 audit(0.0:658): table=filter family=2 entries=48
05-24 07:00:17.749  2964  2964 W auditd  : type=1320 audit(0.0:658): 
05-24 07:00:17.749  2964  2964 W auditd  : type=1325 audit(0.0:659): table=filter family=10 entries=51
05-24 07:00:18.357  3787  3787 V NatController: runCmd(/system/bin/iptables -w -F natctrl_FORWARD) res=0
05-24 07:00:18.361  3787  3787 V NatController: runCmd(/system/bin/iptables -w -A natctrl_FORWARD -j DROP) res=0
05-24 07:00:18.364  3787  3787 V NatController: runCmd(/system/bin/iptables -w -t nat -F natctrl_nat_POSTROUTING) res=0
05-24 07:00:18.368  3787  3787 V NatController: runCmd(/system/bin/iptables -w -F natctrl_tether_counters) res=0
05-24 07:00:18.372  3787  3787 V NatController: runCmd(/system/bin/iptables -w -X natctrl_tether_counters) res=0
05-24 07:00:18.376  3787  3787 V NatController: runCmd(/system/bin/iptables -w -N natctrl_tether_counters) res=0
05-24 07:00:18.380  3787  3787 V NatController: runCmd(/system/bin/iptables -w -t mangle -A natctrl_mangle_FORWARD -p tcp --tcp-flags SYN SYN -j TCPMSS --clamp-mss-to-pmtu) res=0
05-24 07:00:18.607  3787  3787 E Netd    : cannot find interface dummy0
05-24 07:00:18.607  3787  3787 E base.file: android::WriteStringToFile open failed: No such file or directory
05-24 07:00:18.607  3787  3787 E Netd    : failed to write to /data/misc/net/rt_tables (No such file or directory)
05-24 07:00:18.608  3787  3787 D MDnsDS  : MDnsSdListener::Hander starting up
05-24 07:00:18.608  3787  4039 D MDnsDS  : MDnsSdListener starting to monitor
05-24 07:00:18.608  3787  4039 D MDnsDS  : Going to poll with pollCount 1
05-24 07:00:18.608  3787  3787 E Netd    : Unable to create pid file (No such file or directory)
05-24 07:00:21.698  4044  4044 I SurfaceFlinger: SurfaceFlinger is starting
05-24 07:00:21.698  4044  4044 E SchedPolicy: /system/bin/surfaceflinger add_tid_to_cgroup failed; fd=-1
05-24 07:00:21.698  4044  4044 I SurfaceFlinger: SurfaceFlinger's main thread ready to run. Initializing graphics H/W...
05-24 07:00:21.705  4044  4044 D libEGL  : loaded /vendor/lib64/egl/libGLES_mali.so
05-24 07:00:21.699  4044  4044 W surfaceflinger: type=1400 audit(0.0:880): avc: denied { read write } for name="mali0" dev="tmpfs" ino=14346 scontext=u:r:surfaceflinger:s0 tcontext=u:object_r:device:s0 tclass=chr_file permissive=0
