05-25 09:29:53.831  2893  2893 E SurfaceFlinger: error posting framebuffer: -22
05-25 09:29:53.861  2893  2893 E         : invalid gralloc handle (at 0x7fab4d6540)
05-25 09:29:53.861  2893  2893 E         : Runtime and build version of gralloc private structure does not match. Errors will likely follow.
05-25 09:29:53.865  2893  2893 E gralloc : invalid gralloc handle (at 0x7fab4d6540)
05-25 09:29:53.865  2893  2893 E SurfaceFlinger: error posting framebuffer: -22
05-25 09:29:53.929  2893  2893 E         : invalid gralloc handle (at 0x7fab4d6690)
05-25 09:29:53.929  2893  2893 E         : Runtime and build version of gralloc private structure does not match. Errors will likely follow.
05-25 09:29:53.932  2893  2893 E gralloc : invalid gralloc handle (at 0x7fab4d6690)
05-25 09:29:53.932  2893  2893 E SurfaceFlinger: error posting framebuffer: -22
05-25 09:29:53.962  2893  2893 E         : invalid gralloc handle (at 0x7fab4d6620)
05-25 09:29:53.962  2893  2893 E         : Runtime and build version of gralloc private structure does not match. Errors will likely follow.
05-25 09:29:53.966  2893  2893 E gralloc : invalid gralloc handle (at 0x7fab4d6620)
05-25 09:29:53.966  2893  2893 E SurfaceFlinger: error posting framebuffer: -22
05-25 09:29:53.996  2893  2893 E         : invalid gralloc handle (at 0x7fab4d65b0)
05-25 09:29:53.996  2893  2893 E         : Runtime and build version of gralloc private structure does not match. Errors will likely follow.
05-25 09:29:54.000  2893  2893 E gralloc : invalid gralloc handle (at 0x7fab4d65b0)
05-25 09:29:54.000  2893  2893 E SurfaceFlinger: error posting framebuffer: -22
05-25 09:29:54.030  2893  2893 E         : invalid gralloc handle (at 0x7fab4d6540)
05-25 09:29:54.030  2893  2893 E         : Runtime and build version of gralloc private structure does not match. Errors will likely follow.
05-25 09:29:54.033  2893  2893 E gralloc : invalid gralloc handle (at 0x7fab4d6540)
05-25 09:29:54.033  2893  2893 E SurfaceFlinger: error posting framebuffer: -22
05-25 09:29:54.097  2893  2893 E         : invalid gralloc handle (at 0x7fab4d6690)
05-25 09:29:54.097  2893  2893 E         : Runtime and build version of gralloc private structure does not match. Errors will likely follow.
05-25 09:29:54.101  2893  2893 E gralloc : invalid gralloc handle (at 0x7fab4d6690)
05-25 09:29:54.101  2893  2893 E SurfaceFlinger: error posting framebuffer: -22
05-25 09:29:54.131  2893  2893 E         : invalid gralloc handle (at 0x7fab4d6620)
05-25 09:29:54.131  2893  2893 E         : Runtime and build version of gralloc private structure does not match. Errors will likely follow.
05-25 09:29:54.135  2893  2893 E gralloc : invalid gralloc handle (at 0x7fab4d6620)
05-25 09:29:54.135  2893  2893 E SurfaceFlinger: error posting framebuffer: -22
05-25 09:29:54.165  2893  2893 E         : invalid gralloc handle (at 0x7fab4d65b0)
05-25 09:29:54.165  2893  2893 E         : Runtime and build version of gralloc private structure does not match. Errors will likely follow.
05-25 09:29:54.168  2893  2893 E gralloc : invalid gralloc handle (at 0x7fab4d65b0)
05-25 09:29:54.169  2893  2893 E SurfaceFlinger: error posting framebuffer: -22
05-25 09:29:54.198  2893  2893 E         : invalid gralloc handle (at 0x7fab4d6540)
05-25 09:29:54.198  2893  2893 E         : Runtime and build version of gralloc private structure does not match. Errors will likely follow.
05-25 09:29:54.202  2893  2893 E gralloc : invalid gralloc handle (at 0x7fab4d6540)
05-25 09:29:54.202  2893  2893 E SurfaceFlinger: error posting framebuffer: -22
05-25 09:29:54.266  2893  2893 E         : invalid gralloc handle (at 0x7fab4d6690)
05-25 09:29:54.266  2893  2893 E         : Runtime and build version of gralloc private structure does not match. Errors will likely follow.
05-25 09:29:54.270  2893  2893 E gralloc : invalid gralloc handle (at 0x7fab4d6690)
05-25 09:29:54.270  2893  2893 E SurfaceFlinger: error posting framebuffer: -22
05-25 09:29:54.299  2893  2893 E         : invalid gralloc handle (at 0x7fab4d6620)
05-25 09:29:54.300  2893  2893 E         : Runtime and build version of gralloc private structure does not match. Errors will likely follow.
05-25 09:29:54.303  2893  2893 E gralloc : invalid gralloc handle (at 0x7fab4d6620)
05-25 09:29:54.303  2893  2893 E SurfaceFlinger: error posting framebuffer: -22
05-25 09:29:54.333  2893  2893 E         : invalid gralloc handle (at 0x7fab4d65b0)
05-25 09:29:54.333  2893  2893 E         : Runtime and build version of gralloc private structure does not match. Errors will likely follow.
05-25 09:29:54.337  2893  2893 E gralloc : invalid gralloc handle (at 0x7fab4d65b0)
05-25 09:29:54.337  2893  2893 E SurfaceFlinger: error posting framebuffer: -22
05-25 09:29:54.367  2893  2893 E         : invalid gralloc handle (at 0x7fab4d6540)
05-25 09:29:54.367  2893  2893 E         : Runtime and build version of gralloc private structure does not match. Errors will likely follow.
05-25 09:29:54.371  2893  2893 E gralloc : invalid gralloc handle (at 0x7fab4d6540)
05-25 09:29:54.371  2893  2893 E SurfaceFlinger: error posting framebuffer: -22
05-25 09:29:54.435  2893  2893 E         : invalid gralloc handle (at 0x7fab4d6690)
05-25 09:29:54.435  2893  2893 E         : Runtime and build version of gralloc private structure does not match. Errors will likely follow.
05-25 09:29:54.438  2893  2893 E gralloc : invalid gralloc handle (at 0x7fab4d6690)
05-25 09:29:54.438  2893  2893 E SurfaceFlinger: error posting framebuffer: -22
05-25 09:29:54.468  2893  2893 E         : invalid gralloc handle (at 0x7fab4d6620)
05-25 09:29:54.468  2893  2893 E         : Runtime and build version of gralloc private structure does not match. Errors will likely follow.
05-25 09:29:54.472  2893  2893 E gralloc : invalid gralloc handle (at 0x7fab4d6620)
05-25 09:29:54.472  2893  2893 E SurfaceFlinger: error posting framebuffer: -22
05-25 09:29:54.502  2893  2893 E         : invalid gralloc handle (at 0x7fab4d65b0)
05-25 09:29:54.502  2893  2893 E         : Runtime and build version of gralloc private structure does not match. Errors will likely follow.
05-25 09:29:54.506  2893  2893 E gralloc : invalid gralloc handle (at 0x7fab4d65b0)
05-25 09:29:54.506  2893  2893 E SurfaceFlinger: error posting framebuffer: -22
05-25 09:29:54.514  3331  3331 W Zygote  : Got error connecting to zygote, retrying. msg= No such file or directory
05-25 09:29:54.536  2893  2893 E         : invalid gralloc handle (at 0x7fab4d6540)
05-25 09:29:54.536  2893  2893 E         : Runtime and build version of gralloc private structure does not match. Errors will likely follow.
05-25 09:29:54.539  2893  2893 E gralloc : invalid gralloc handle (at 0x7fab4d6540)
05-25 09:29:54.539  2893  2893 E SurfaceFlinger: error posting framebuffer: -22
05-25 09:29:54.603  2893  2893 E         : invalid gralloc handle (at 0x7fab4d6690)
05-25 09:29:54.603  2893  2893 E         : Runtime and build version of gralloc private structure does not match. Errors will likely follow.
05-25 09:29:54.607  2893  2893 E gralloc : invalid gralloc handle (at 0x7fab4d6690)
05-25 09:29:54.607  2893  2893 E SurfaceFlinger: error posting framebuffer: -22
05-25 09:29:54.637  2893  2893 E         : invalid gralloc handle (at 0x7fab4d6620)
05-25 09:29:54.637  2893  2893 E         : Runtime and build version of gralloc private structure does not match. Errors will likely follow.
05-25 09:29:54.640  2893  2893 E gralloc : invalid gralloc handle (at 0x7fab4d6620)
05-25 09:29:54.640  2893  2893 E SurfaceFlinger: error posting framebuffer: -22
05-25 09:29:54.670  2893  2893 E         : invalid gralloc handle (at 0x7fab4d65b0)
05-25 09:29:54.670  2893  2893 E         : Runtime and build version of gralloc private structure does not match. Errors will likely follow.
05-25 09:29:54.674  2893  2893 E gralloc : invalid gralloc handle (at 0x7fab4d65b0)
05-25 09:29:54.674  2893  2893 E SurfaceFlinger: error posting framebuffer: -22
05-25 09:29:54.704  2893  2893 E         : invalid gralloc handle (at 0x7fab4d6540)
05-25 09:29:54.704  2893  2893 E         : Runtime and build version of gralloc private structure does not match. Errors will likely follow.
05-25 09:29:54.708  2893  2893 E gralloc : invalid gralloc handle (at 0x7fab4d6540)
05-25 09:29:54.708  2893  2893 E SurfaceFlinger: error posting framebuffer: -22
05-25 09:29:54.754  2893  2893 E         : invalid gralloc handle (at 0x7fab4d6690)
05-25 09:29:54.755  2893  2893 E         : Runtime and build version of gralloc private structure does not match. Errors will likely follow.
05-25 09:29:54.759  2893  2893 E gralloc : invalid gralloc handle (at 0x7fab4d6690)
05-25 09:29:54.759  2893  2893 E SurfaceFlinger: error posting framebuffer: -22
05-25 09:29:54.805  2893  2893 E         : invalid gralloc handle (at 0x7fab4d6620)
05-25 09:29:54.805  2893  2893 E         : Runtime and build version of gralloc private structure does not match. Errors will likely follow.
05-25 09:29:54.809  2893  2893 E gralloc : invalid gralloc handle (at 0x7fab4d6620)
05-25 09:29:54.809  2893  2893 E SurfaceFlinger: error posting framebuffer: -22
05-25 09:29:54.822  2893  2893 E         : invalid gralloc handle (at 0x7fab4d65b0)
05-25 09:29:54.822  2893  2893 E         : Runtime and build version of gralloc private structure does not match. Errors will likely follow.
05-25 09:29:54.826  2893  2893 E gralloc : invalid gralloc handle (at 0x7fab4d65b0)
05-25 09:29:54.826  2893  2893 E SurfaceFlinger: error posting framebuffer: -22
05-25 09:29:54.856  2893  2893 E         : invalid gralloc handle (at 0x7fab4d6540)
05-25 09:29:54.856  2893  2893 E         : Runtime and build version of gralloc private structure does not match. Errors will likely follow.
05-25 09:29:54.860  2893  2893 E gralloc : invalid gralloc handle (at 0x7fab4d6540)
05-25 09:29:54.860  2893  2893 E SurfaceFlinger: error posting framebuffer: -22
05-25 09:29:54.923  2893  2893 E         : invalid gralloc handle (at 0x7fab4d6690)
05-25 09:29:54.923  2893  2893 E         : Runtime and build version of gralloc private structure does not match. Errors will likely follow.
05-25 09:29:54.927  2893  2893 E gralloc : invalid gralloc handle (at 0x7fab4d6690)
05-25 09:29:54.927  2893  2893 E SurfaceFlinger: error posting framebuffer: -22
05-25 09:29:54.957  2893  2893 E         : invalid gralloc handle (at 0x7fab4d6620)
05-25 09:29:54.957  2893  2893 E         : Runtime and build version of gralloc private structure does not match. Errors will likely follow.
05-25 09:29:54.961  2893  2893 E gralloc : invalid gralloc handle (at 0x7fab4d6620)
05-25 09:29:54.961  2893  2893 E SurfaceFlinger: error posting framebuffer: -22
05-25 09:29:54.991  2893  2893 E         : invalid gralloc handle (at 0x7fab4d65b0)
05-25 09:29:54.991  2893  2893 E         : Runtime and build version of gralloc private structure does not match. Errors will likely follow.
05-25 09:29:54.994  2893  2893 E gralloc : invalid gralloc handle (at 0x7fab4d65b0)
05-25 09:29:54.994  2893  2893 E SurfaceFlinger: error posting framebuffer: -22
05-25 09:29:55.024  2893  2893 E         : invalid gralloc handle (at 0x7fab4d6540)
05-25 09:29:55.024  2893  2893 E         : Runtime and build version of gralloc private structure does not match. Errors will likely follow.
05-25 09:29:55.028  2893  2893 E gralloc : invalid gralloc handle (at 0x7fab4d6540)
05-25 09:29:55.028  2893  2893 E SurfaceFlinger: error posting framebuffer: -22
05-25 09:29:55.092  2893  2893 E         : invalid gralloc handle (at 0x7fab4d6690)
05-25 09:29:55.092  2893  2893 E         : Runtime and build version of gralloc private structure does not match. Errors will likely follow.
05-25 09:29:55.095  2893  2893 E gralloc : invalid gralloc handle (at 0x7fab4d6690)
05-25 09:29:55.096  2893  2893 E SurfaceFlinger: error posting framebuffer: -22
05-25 09:29:55.125  2893  2893 E         : invalid gralloc handle (at 0x7fab4d6620)
05-25 09:29:55.125  2893  2893 E         : Runtime and build version of gralloc private structure does not match. Errors will likely follow.
05-25 09:29:55.129  2893  2893 E gralloc : invalid gralloc handle (at 0x7fab4d6620)
05-25 09:29:55.129  2893  2893 E SurfaceFlinger: error posting framebuffer: -22
05-25 09:29:55.159  2893  2893 E         : invalid gralloc handle (at 0x7fab4d65b0)
05-25 09:29:55.159  2893  2893 E         : Runtime and build version of gralloc private structure does not match. Errors will likely follow.
05-25 09:29:55.163  2893  2893 E gralloc : invalid gralloc handle (at 0x7fab4d65b0)
05-25 09:29:55.163  2893  2893 E SurfaceFlinger: error posting framebuffer: -22
05-25 09:29:55.193  2893  2893 E         : invalid gralloc handle (at 0x7fab4d6540)
05-25 09:29:55.193  2893  2893 E         : Runtime and build version of gralloc private structure does not match. Errors will likely follow.
05-25 09:29:55.197  2893  2893 E gralloc : invalid gralloc handle (at 0x7fab4d6540)
05-25 09:29:55.197  2893  2893 E SurfaceFlinger: error posting framebuffer: -22
05-25 09:29:55.260  2893  2893 E         : invalid gralloc handle (at 0x7fab4d6690)
05-25 09:29:55.260  2893  2893 E         : Runtime and build version of gralloc private structure does not match. Errors will likely follow.
05-25 09:29:55.264  2893  2893 E gralloc : invalid gralloc handle (at 0x7fab4d6690)
05-25 09:29:55.264  2893  2893 E SurfaceFlinger: error posting framebuffer: -22
05-25 09:29:55.294  2893  2893 E         : invalid gralloc handle (at 0x7fab4d6620)
05-25 09:29:55.294  2893  2893 E         : Runtime and build version of gralloc private structure does not match. Errors will likely follow.
05-25 09:29:55.298  2893  2893 E gralloc : invalid gralloc handle (at 0x7fab4d6620)
05-25 09:29:55.298  2893  2893 E SurfaceFlinger: error posting framebuffer: -22
05-25 09:29:55.328  2893  2893 E         : invalid gralloc handle (at 0x7fab4d65b0)
05-25 09:29:55.328  2893  2893 E         : Runtime and build version of gralloc private structure does not match. Errors will likely follow.
05-25 09:29:55.331  2893  2893 E gralloc : invalid gralloc handle (at 0x7fab4d65b0)
05-25 09:29:55.332  2893  2893 E SurfaceFlinger: error posting framebuffer: -22
05-25 09:29:55.362  2893  2893 E         : invalid gralloc handle (at 0x7fab4d6540)
05-25 09:29:55.362  2893  2893 E         : Runtime and build version of gralloc private structure does not match. Errors will likely follow.
05-25 09:29:55.365  2893  2893 E gralloc : invalid gralloc handle (at 0x7fab4d6540)
05-25 09:29:55.365  2893  2893 E SurfaceFlinger: error posting framebuffer: -22
05-25 09:29:55.429  2893  2893 E         : invalid gralloc handle (at 0x7fab4d6690)
05-25 09:29:55.429  2893  2893 E         : Runtime and build version of gralloc private structure does not match. Errors will likely follow.
05-25 09:29:55.433  2893  2893 E gralloc : invalid gralloc handle (at 0x7fab4d6690)
05-25 09:29:55.433  2893  2893 E SurfaceFlinger: error posting framebuffer: -22
05-25 09:29:55.463  2893  2893 E         : invalid gralloc handle (at 0x7fab4d6620)
05-25 09:29:55.463  2893  2893 E         : Runtime and build version of gralloc private structure does not match. Errors will likely follow.
05-25 09:29:55.466  2893  2893 E gralloc : invalid gralloc handle (at 0x7fab4d6620)
05-25 09:29:55.466  2893  2893 E SurfaceFlinger: error posting framebuffer: -22
05-25 09:29:55.497  2893  2893 E         : invalid gralloc handle (at 0x7fab4d65b0)
05-25 09:29:55.497  2893  2893 E         : Runtime and build version of gralloc private structure does not match. Errors will likely follow.
05-25 09:29:55.500  2893  2893 E gralloc : invalid gralloc handle (at 0x7fab4d65b0)
05-25 09:29:55.500  2893  2893 E SurfaceFlinger: error posting framebuffer: -22
05-25 09:29:55.514  3331  3331 W Zygote  : Got error connecting to zygote, retrying. msg= No such file or directory
05-25 09:29:55.530  2893  2893 E         : invalid gralloc handle (at 0x7fab4d6540)
05-25 09:29:55.530  2893  2893 E         : Runtime and build version of gralloc private structure does not match. Errors will likely follow.
05-25 09:29:55.534  2893  2893 E gralloc : invalid gralloc handle (at 0x7fab4d6540)
05-25 09:29:55.534  2893  2893 E SurfaceFlinger: error posting framebuffer: -22
05-25 09:29:55.598  2893  2893 E         : invalid gralloc handle (at 0x7fab4d6690)
05-25 09:29:55.598  2893  2893 E         : Runtime and build version of gralloc private structure does not match. Errors will likely follow.
05-25 09:29:55.601  2893  2893 E gralloc : invalid gralloc handle (at 0x7fab4d6690)
05-25 09:29:55.601  2893  2893 E SurfaceFlinger: error posting framebuffer: -22
05-25 09:29:55.631  2893  2893 E         : invalid gralloc handle (at 0x7fab4d6620)
05-25 09:29:55.631  2893  2893 E         : Runtime and build version of gralloc private structure does not match. Errors will likely follow.
05-25 09:29:55.635  2893  2893 E gralloc : invalid gralloc handle (at 0x7fab4d6620)
05-25 09:29:55.635  2893  2893 E SurfaceFlinger: error posting framebuffer: -22
05-25 09:29:55.665  2893  2893 E         : invalid gralloc handle (at 0x7fab4d65b0)
05-25 09:29:55.665  2893  2893 E         : Runtime and build version of gralloc private structure does not match. Errors will likely follow.
05-25 09:29:55.669  2893  2893 E gralloc : invalid gralloc handle (at 0x7fab4d65b0)
05-25 09:29:55.669  2893  2893 E SurfaceFlinger: error posting framebuffer: -22
05-25 09:29:55.699  2893  2893 E         : invalid gralloc handle (at 0x7fab4d6540)
05-25 09:29:55.699  2893  2893 E         : Runtime and build version of gralloc private structure does not match. Errors will likely follow.
05-25 09:29:55.703  2893  2893 E gralloc : invalid gralloc handle (at 0x7fab4d6540)
05-25 09:29:55.703  2893  2893 E SurfaceFlinger: error posting framebuffer: -22
05-25 09:29:55.766  2893  2893 E         : invalid gralloc handle (at 0x7fab4d6690)
05-25 09:29:55.766  2893  2893 E         : Runtime and build version of gralloc private structure does not match. Errors will likely follow.
05-25 09:29:55.770  2893  2893 E gralloc : invalid gralloc handle (at 0x7fab4d6690)
05-25 09:29:55.770  2893  2893 E SurfaceFlinger: error posting framebuffer: -22
05-25 09:29:55.800  2893  2893 E         : invalid gralloc handle (at 0x7fab4d6620)
05-25 09:29:55.800  2893  2893 E         : Runtime and build version of gralloc private structure does not match. Errors will likely follow.
05-25 09:29:55.804  2893  2893 E gralloc : invalid gralloc handle (at 0x7fab4d6620)
05-25 09:29:55.804  2893  2893 E SurfaceFlinger: error posting framebuffer: -22
05-25 09:29:55.834  2893  2893 E         : invalid gralloc handle (at 0x7fab4d65b0)
05-25 09:29:55.834  2893  2893 E         : Runtime and build version of gralloc private structure does not match. Errors will likely follow.
05-25 09:29:55.837  2893  2893 E gralloc : invalid gralloc handle (at 0x7fab4d65b0)
05-25 09:29:55.837  2893  2893 E SurfaceFlinger: error posting framebuffer: -22
05-25 09:29:55.867  2893  2893 E         : invalid gralloc handle (at 0x7fab4d6540)
05-25 09:29:55.867  2893  2893 E         : Runtime and build version of gralloc private structure does not match. Errors will likely follow.
05-25 09:29:55.871  2893  2893 E gralloc : invalid gralloc handle (at 0x7fab4d6540)
05-25 09:29:55.871  2893  2893 E SurfaceFlinger: error posting framebuffer: -22
05-25 09:29:55.935  2893  2893 E         : invalid gralloc handle (at 0x7fab4d6690)
05-25 09:29:55.935  2893  2893 E         : Runtime and build version of gralloc private structure does not match. Errors will likely follow.
05-25 09:29:55.939  2893  2893 E gralloc : invalid gralloc handle (at 0x7fab4d6690)
05-25 09:29:55.939  2893  2893 E SurfaceFlinger: error posting framebuffer: -22
05-25 09:29:55.969  2893  2893 E         : invalid gralloc handle (at 0x7fab4d6620)
05-25 09:29:55.969  2893  2893 E         : Runtime and build version of gralloc private structure does not match. Errors will likely follow.
05-25 09:29:55.972  2893  2893 E gralloc : invalid gralloc handle (at 0x7fab4d6620)
05-25 09:29:55.972  2893  2893 E SurfaceFlinger: error posting framebuffer: -22
05-25 09:29:56.003  2893  2893 E         : invalid gralloc handle (at 0x7fab4d65b0)
05-25 09:29:56.003  2893  2893 E         : Runtime and build version of gralloc private structure does not match. Errors will likely follow.
05-25 09:29:56.006  2893  2893 E gralloc : invalid gralloc handle (at 0x7fab4d65b0)
05-25 09:29:56.006  2893  2893 E SurfaceFlinger: error posting framebuffer: -22
05-25 09:29:56.036  2893  2893 E         : invalid gralloc handle (at 0x7fab4d6540)
05-25 09:29:56.036  2893  2893 E         : Runtime and build version of gralloc private structure does not match. Errors will likely follow.
05-25 09:29:56.040  2893  2893 E gralloc : invalid gralloc handle (at 0x7fab4d6540)
05-25 09:29:56.040  2893  2893 E SurfaceFlinger: error posting framebuffer: -22
05-25 09:29:56.103  2893  2893 E         : invalid gralloc handle (at 0x7fab4d6690)
05-25 09:29:56.103  2893  2893 E         : Runtime and build version of gralloc private structure does not match. Errors will likely follow.
05-25 09:29:56.107  2893  2893 E gralloc : invalid gralloc handle (at 0x7fab4d6690)
05-25 09:29:56.107  2893  2893 E SurfaceFlinger: error posting framebuffer: -22
05-25 09:29:56.137  2893  2893 E         : invalid gralloc handle (at 0x7fab4d6620)
05-25 09:29:56.137  2893  2893 E         : Runtime and build version of gralloc private structure does not match. Errors will likely follow.
05-25 09:29:56.141  2893  2893 E gralloc : invalid gralloc handle (at 0x7fab4d6620)
05-25 09:29:56.141  2893  2893 E SurfaceFlinger: error posting framebuffer: -22
05-25 09:29:56.171  2893  2893 E         : invalid gralloc handle (at 0x7fab4d65b0)
05-25 09:29:56.171  2893  2893 E         : Runtime and build version of gralloc private structure does not match. Errors will likely follow.
05-25 09:29:56.175  2893  2893 E gralloc : invalid gralloc handle (at 0x7fab4d65b0)
05-25 09:29:56.175  2893  2893 E SurfaceFlinger: error posting framebuffer: -22
05-25 09:29:56.182  3411  3411 V lhd     : GlLhdInterface::Init(/system/etc/lhd.conf)
05-25 09:29:56.182  3411  3411 E lhd     : Failed to read config file "/system/etc/lhd.conf"
05-25 09:29:56.182  3411  3411 E lhd     : ASSERT in GlLhdInterface.cpp:141: Failed to parse config file.
05-25 09:29:56.182  3411  3411 F libc    : Fatal signal 6 (SIGABRT), code -6 in tid 3411 (lhd)
05-25 09:29:56.183  3034  3034 I DEBUG   : property debug.db.uid not set; NOT waiting for gdb.
05-25 09:29:56.183  3034  3034 I DEBUG   : HINT: adb shell setprop debug.db.uid 100000
05-25 09:29:56.183  3034  3034 I DEBUG   : HINT: adb forward tcp:5039 tcp:5039
05-25 09:29:56.205  2893  2893 E         : invalid gralloc handle (at 0x7fab4d6540)
05-25 09:29:56.205  2893  2893 E         : Runtime and build version of gralloc private structure does not match. Errors will likely follow.
05-25 09:29:56.208  2893  2893 E gralloc : invalid gralloc handle (at 0x7fab4d6540)
05-25 09:29:56.208  2893  2893 E SurfaceFlinger: error posting framebuffer: -22
05-25 09:29:56.233  3034  3034 F DEBUG   : *** *** *** *** *** *** *** *** *** *** *** *** *** *** *** ***
05-25 09:29:56.233  3034  3034 F DEBUG   : Build fingerprint: 'samsung/cm_hero2ltexx/hero2ltexx:6.0.1/MOB30J/5d66e77688:eng/test-keys'
05-25 09:29:56.233  3034  3034 F DEBUG   : Revision: '0'
05-25 09:29:56.233  3034  3034 F DEBUG   : ABI: 'arm64'
05-25 09:29:56.233  3034  3034 F DEBUG   : pid: 3411, tid: 3411, name: lhd  >>> /system/bin/lhd <<<
05-25 09:29:56.233  3034  3034 F DEBUG   : signal 6 (SIGABRT), code -6 (SI_TKILL), fault addr --------
05-25 09:29:56.234  3034  3034 F DEBUG   :     x0   0000000000000000  x1   0000000000000d53  x2   0000000000000006  x3   0000000000000000
05-25 09:29:56.234  3034  3034 F DEBUG   :     x4   0000000000000000  x5   0000000000000001  x6   0000000000000000  x7   0000000000000000
05-25 09:29:56.234  3034  3034 F DEBUG   :     x8   0000000000000083  x9   0000007fe3d6be30  x10  00000000ffffffd8  x11  00000000ffffff80
05-25 09:29:56.234  3034  3034 F DEBUG   :     x12  0000007f92a1ae10  x13  67baa22e47453c92  x14  0000007f929be658  x15  0000000000000001
05-25 09:29:56.234  3034  3034 F DEBUG   :     x16  0000007f925aa580  x17  0000007f9253cfcc  x18  00000000ffffffff  x19  0000007f929c80d8
05-25 09:29:56.234  3034  3034 F DEBUG   :     x20  0000007f929c8018  x21  0000000000000002  x22  0000000000000006  x23  0000007f929f8000
05-25 09:29:56.234  3034  3034 F DEBUG   :     x24  0000007fe3d6c428  x25  0000007f92a1d3d0  x26  0000000000000000  x27  0000000000000000
05-25 09:29:56.234  3034  3034 F DEBUG   :     x28  0000000000000000  x29  0000007fe3d6bf00  x30  0000007f9253a768
05-25 09:29:56.234  3034  3034 F DEBUG   :     sp   0000007fe3d6bf00  pc   0000007f9253cfd4  pstate 0000000020000000
05-25 09:29:56.237  3034  3034 F DEBUG   : 
05-25 09:29:56.237  3034  3034 F DEBUG   : backtrace:
05-25 09:29:56.237  3034  3034 F DEBUG   :     #00 pc 0000000000068fd4  /system/lib64/libc.so (tgkill+8)
05-25 09:29:56.237  3034  3034 F DEBUG   :     #01 pc 0000000000066764  /system/lib64/libc.so (pthread_kill+68)
05-25 09:29:56.237  3034  3034 F DEBUG   :     #02 pc 0000000000023448  /system/lib64/libc.so (raise+28)
05-25 09:29:56.237  3034  3034 F DEBUG   :     #03 pc 000000000001dbe8  /system/lib64/libc.so (abort+60)
05-25 09:29:56.237  3034  3034 F DEBUG   :     #04 pc 000000000000b5a0  /system/bin/lhd
05-25 09:29:56.237  3034  3034 F DEBUG   :     #05 pc 000000000000b640  /system/bin/lhd
05-25 09:29:56.237  3034  3034 F DEBUG   :     #06 pc 000000000000bec4  /system/bin/lhd
05-25 09:29:56.237  3034  3034 F DEBUG   :     #07 pc 000000000000c2b0  /system/bin/lhd
05-25 09:29:56.237  3034  3034 F DEBUG   :     #08 pc 000000000000965c  /system/bin/lhd (main+64)
05-25 09:29:56.237  3034  3034 F DEBUG   :     #09 pc 000000000001bcd8  /system/lib64/libc.so (__libc_init+100)
05-25 09:29:56.237  3034  3034 F DEBUG   :     #10 pc 00000000000099e8  /system/bin/lhd
05-25 09:29:56.251  3034  3034 F DEBUG   : 
05-25 09:29:56.251  3034  3034 F DEBUG   : Tombstone written to: /data/tombstones/tombstone_06
05-25 09:29:56.239  3411  3411 W lhd     : type=1701 audit(0.0:145): auid=4294967295 uid=1021 gid=1000 ses=4294967295 exe="/system/bin/lhd" sig=6
05-25 09:29:56.272  2893  2893 E         : invalid gralloc handle (at 0x7fab4d6690)
05-25 09:29:56.272  2893  2893 E         : Runtime and build version of gralloc private structure does not match. Errors will likely follow.
05-25 09:29:56.276  2893  2893 E gralloc : invalid gralloc handle (at 0x7fab4d6690)
05-25 09:29:56.276  2893  2893 E SurfaceFlinger: error posting framebuffer: -22
05-25 09:29:56.292  3410  3410 I mediaserver: ServiceManager: 0xf634e120
05-25 09:29:56.292  3410  3410 I AudioFlinger: Using default 3000 mSec as standby time.
05-25 09:29:56.293  3410  3410 E BatteryNotifier: batterystats service unavailable!
05-25 09:29:56.293  3410  3410 E BatteryNotifier: batterystats service unavailable!
05-25 09:29:56.293  3410  3410 I CameraService: CameraService started (pid=3410)
05-25 09:29:56.293  3410  3410 I CameraService: CameraService process starting
05-25 09:29:56.293  3410  3410 E BatteryNotifier: batterystats service unavailable!
05-25 09:29:56.293  3410  3410 E BatteryNotifier: batterystats service unavailable!
05-25 09:29:56.293  3410  3410 E CameraService: Could not load camera HAL module: -2 (No such file or directory)
05-25 09:29:56.294  3410  3410 I AudioPolicyService: AudioPolicyService CSTOR in new mode
05-25 09:29:56.294  3410  3410 W APM::HwModule: loadOutput() invalid supported devices
05-25 09:29:56.294  3410  3410 W APM::HwModule: loadOutput() invalid supported devices
05-25 09:29:56.294  3410  3410 W APM::HwModule: loadInput() invalid supported devices
05-25 09:29:56.294  3410  3410 W APM::HwModule: loadInput() invalid supported devices
05-25 09:29:56.294  3410  3410 I APM::ConfigParsingUtils: loadAudioPolicyConfig() loaded /system/etc/audio_policy.conf
05-25 09:29:56.306  2893  2893 E         : invalid gralloc handle (at 0x7fab4d6620)
05-25 09:29:56.306  2893  2893 E         : Runtime and build version of gralloc private structure does not match. Errors will likely follow.
05-25 09:29:56.310  2893  2893 E gralloc : invalid gralloc handle (at 0x7fab4d6620)
05-25 09:29:56.310  2893  2893 E SurfaceFlinger: error posting framebuffer: -22
05-25 09:29:56.340  2893  2893 E         : invalid gralloc handle (at 0x7fab4d65b0)
05-25 09:29:56.340  2893  2893 E         : Runtime and build version of gralloc private structure does not match. Errors will likely follow.
05-25 09:29:56.343  2893  2893 E gralloc : invalid gralloc handle (at 0x7fab4d65b0)
05-25 09:29:56.343  2893  2893 E SurfaceFlinger: error posting framebuffer: -22
05-25 09:29:56.373  2893  2893 E         : invalid gralloc handle (at 0x7fab4d6540)
05-25 09:29:56.373  2893  2893 E         : Runtime and build version of gralloc private structure does not match. Errors will likely follow.
05-25 09:29:56.377  2893  2893 E gralloc : invalid gralloc handle (at 0x7fab4d6540)
05-25 09:29:56.377  2893  2893 E SurfaceFlinger: error posting framebuffer: -22
05-25 09:29:56.441  2893  2893 E         : invalid gralloc handle (at 0x7fab4d6690)
05-25 09:29:56.441  2893  2893 E         : Runtime and build version of gralloc private structure does not match. Errors will likely follow.
05-25 09:29:56.444  2893  2893 E gralloc : invalid gralloc handle (at 0x7fab4d6690)
05-25 09:29:56.444  2893  2893 E SurfaceFlinger: error posting framebuffer: -22
05-25 09:29:56.474  2893  2893 E         : invalid gralloc handle (at 0x7fab4d6620)
05-25 09:29:56.474  2893  2893 E         : Runtime and build version of gralloc private structure does not match. Errors will likely follow.
05-25 09:29:56.478  2893  2893 E gralloc : invalid gralloc handle (at 0x7fab4d6620)
05-25 09:29:56.478  2893  2893 E SurfaceFlinger: error posting framebuffer: -22
05-25 09:29:56.508  2893  2893 E         : invalid gralloc handle (at 0x7fab4d65b0)
05-25 09:29:56.508  2893  2893 E         : Runtime and build version of gralloc private structure does not match. Errors will likely follow.
05-25 09:29:56.512  2893  2893 E gralloc : invalid gralloc handle (at 0x7fab4d65b0)
05-25 09:29:56.512  2893  2893 E SurfaceFlinger: error posting framebuffer: -22
05-25 09:29:56.515  3331  3331 W Zygote  : Got error connecting to zygote, retrying. msg= No such file or directory
05-25 09:29:56.542  2893  2893 E         : invalid gralloc handle (at 0x7fab4d6540)
05-25 09:29:56.542  2893  2893 E         : Runtime and build version of gralloc private structure does not match. Errors will likely follow.
05-25 09:29:56.546  2893  2893 E gralloc : invalid gralloc handle (at 0x7fab4d6540)
05-25 09:29:56.546  2893  2893 E SurfaceFlinger: error posting framebuffer: -22
05-25 09:29:56.609  2893  2893 E         : invalid gralloc handle (at 0x7fab4d6690)
05-25 09:29:56.609  2893  2893 E         : Runtime and build version of gralloc private structure does not match. Errors will likely follow.
05-25 09:29:56.613  2893  2893 E gralloc : invalid gralloc handle (at 0x7fab4d6690)
05-25 09:29:56.613  2893  2893 E SurfaceFlinger: error posting framebuffer: -22
05-25 09:29:56.643  2893  2893 E         : invalid gralloc handle (at 0x7fab4d6620)
05-25 09:29:56.643  2893  2893 E         : Runtime and build version of gralloc private structure does not match. Errors will likely follow.
05-25 09:29:56.647  2893  2893 E gralloc : invalid gralloc handle (at 0x7fab4d6620)
05-25 09:29:56.647  2893  2893 E SurfaceFlinger: error posting framebuffer: -22
05-25 09:29:56.677  2893  2893 E         : invalid gralloc handle (at 0x7fab4d65b0)
05-25 09:29:56.677  2893  2893 E         : Runtime and build version of gralloc private structure does not match. Errors will likely follow.
05-25 09:29:56.681  2893  2893 E gralloc : invalid gralloc handle (at 0x7fab4d65b0)
05-25 09:29:56.681  2893  2893 E SurfaceFlinger: error posting framebuffer: -22
05-25 09:29:56.711  2893  2893 E         : invalid gralloc handle (at 0x7fab4d6540)
05-25 09:29:56.711  2893  2893 E         : Runtime and build version of gralloc private structure does not match. Errors will likely follow.
05-25 09:29:56.714  2893  2893 E gralloc : invalid gralloc handle (at 0x7fab4d6540)
05-25 09:29:56.714  2893  2893 E SurfaceFlinger: error posting framebuffer: -22
05-25 09:29:56.778  2893  2893 E         : invalid gralloc handle (at 0x7fab4d6690)
05-25 09:29:56.778  2893  2893 E         : Runtime and build version of gralloc private structure does not match. Errors will likely follow.
05-25 09:29:56.782  2893  2893 E gralloc : invalid gralloc handle (at 0x7fab4d6690)
05-25 09:29:56.782  2893  2893 E SurfaceFlinger: error posting framebuffer: -22
05-25 09:29:56.795  2893  2893 E         : invalid gralloc handle (at 0x7fab4d6620)
05-25 09:29:56.795  2893  2893 E         : Runtime and build version of gralloc private structure does not match. Errors will likely follow.
05-25 09:29:56.799  2893  2893 E gralloc : invalid gralloc handle (at 0x7fab4d6620)
05-25 09:29:56.799  2893  2893 E SurfaceFlinger: error posting framebuffer: -22
05-25 09:29:56.825  3410  3410 I AudioFlinger: loadHwModule() Loaded primary audio interface from Samsung audio HW HAL (audio) handle 1
05-25 09:29:56.825  3410  3410 I AudioFlinger: openOutput(), module 1 Device 2, SamplingRate 48000, Format 0x000001, Channels 3, flags a
05-25 09:29:56.825  3410  3410 I AudioFlinger: AudioStreamOut::open(), mHalFormatIsLinearPcm = 1
05-25 09:29:56.825  3410  3410 I AudioFlinger: HAL output buffer size 1024 frames, normal sink buffer size 1024 frames
05-25 09:29:56.826  3410  3410 W EffectsFactory: loadLibrary() failed to open /system/lib/soundfx/libaudioeffectoffload.so
05-25 09:29:56.827  3410  3410 W EffectsFactory: loadLibrary() failed to open /system/lib/soundfx/libexynosvisualizer.so
05-25 09:29:56.829  3410  3410 W EffectsFactory: loadLibrary() failed to open /system/lib/libmysound.so
05-25 09:29:56.829  3410  3410 W EffectsFactory: loadLibrary() failed to open /system/lib/soundfx/libmyspace.so
05-25 09:29:56.829  3410  3410 W EffectsFactory: loadLibrary() failed to open /system/lib/libaudiosa.so
05-25 09:29:56.829  3410  3410 W EffectsFactory: loadLibrary() failed to open /system/lib/soundfx/libaudiosaplus_sec.so
05-25 09:29:56.829  3410  3410 W EffectsFactory: loadLibrary() failed to open /system/lib/libsamsungSoundbooster_plus.so
05-25 09:29:56.829  3410  3410 W EffectsFactory: loadEffect() could not get library soundbooster_plus
05-25 09:29:56.829  3410  3410 W EffectsFactory: addSubEffect() could not get library soundalive_sec
05-25 09:29:56.829  3410  3410 W EffectsFactory: loadEffect() could not add subEffect 
05-25 09:29:56.829  3410  3410 W EffectsFactory: loadEffect() could not get library soundalive
05-25 09:29:56.829  3410  3410 W EffectsFactory: loadEffect() could not get library soundalive
05-25 09:29:56.829  3410  3410 W EffectsFactory: loadEffect() could not get library soundalive
05-25 09:29:56.829  3410  3410 W EffectsFactory: addSubEffect() could not get library visualizer_hw
05-25 09:29:56.829  3410  3410 W EffectsFactory: loadEffect() could not add subEffect 
05-25 09:29:56.829  3410  3410 W EffectsFactory: addSubEffect() could not get library mysound
05-25 09:29:56.829  3410  3410 W EffectsFactory: loadEffect() could not add subEffect 
05-25 09:29:56.829  3410  3410 W EffectsFactory: addSubEffect() could not get library myspace
05-25 09:29:56.829  3410  3410 W EffectsFactory: loadEffect() could not add subEffect 
05-25 09:29:56.829  3410  3410 I BufferProvider: found effect "Multichannel Downmix To Stereo" from The Android Open Source Project
05-25 09:29:56.830  3410  3410 I AudioFlinger: Using module 1 has the primary audio interface
05-25 09:29:56.830  3410  3419 I AudioFlinger: AudioFlinger's thread 0xf4700000 ready to run
05-25 09:29:56.830  3410  3419 V audio_hw_primary: do_out_standby: output standby: 1
05-25 09:29:56.830  3410  3419 V audio_hw_primary: out_set_parameters: key value pairs: routing=2
05-25 09:29:56.830  3410  3419 E AudioFlinger: no wake lock to update!
05-25 09:29:56.830  3410  3410 I AudioFlinger: openOutput(), module 1 Device 2, SamplingRate 48000, Format 0x000001, Channels 3, flags 4
05-25 09:29:56.830  3410  3410 I AudioFlinger: AudioStreamOut::open(), mHalFormatIsLinearPcm = 1
05-25 09:29:56.830  3410  3410 I AudioFlinger: HAL output buffer size 256 frames, normal sink buffer size 960 frames
05-25 09:29:56.831  3410  3410 E MonoPipe: Failed to fetch local time frequency when constructing a MonoPipe (res = -32).  getNextWriteTimestamp calls will be non-functional
05-25 09:29:56.831  3410  3421 I AudioFlinger: AudioFlinger's thread 0xf43c0000 ready to run
05-25 09:29:56.831  3410  3421 V audio_hw_primary: out_set_parameters: key value pairs: routing=2
05-25 09:29:56.831  3410  3421 V audio_hw_primary: do_out_standby: output standby: 1
05-25 09:29:56.831  3410  3421 E AudioFlinger: no wake lock to update!
05-25 09:29:56.831  3410  3410 V audio_hw_primary: adev_open_input_stream: Requesting input stream with rate: 48000, channels: 0xc
05-25 09:29:56.831  3410  3422 I AudioFlinger: AudioFlinger's thread 0xf40c0000 ready to run
05-25 09:29:56.832  3410  3410 I bt_a2dp_hw: adev_open:  adev_open in A2dp_hw module
05-25 09:29:56.832  3410  3410 I AudioFlinger: loadHwModule() Loaded a2dp audio interface from A2DP Audio HW HAL (audio) handle 5
05-25 09:29:56.833  3410  3410 I AudioFlinger: loadHwModule() Loaded usb audio interface from USB audio HW HAL (audio) handle 6
05-25 09:29:56.833  3410  3410 I r_submix: adev_open(name=audio_hw_if)
05-25 09:29:56.833  3410  3410 I r_submix: adev_init_check()
05-25 09:29:56.833  3410  3410 I AudioFlinger: loadHwModule() Loaded r_submix audio interface from Wifi Display audio HAL (audio) handle 7
05-25 09:29:56.833  3410  3410 D r_submix: adev_open_input_stream(addr=0)
05-25 09:29:56.833  3410  3410 D r_submix: submix_audio_device_create_pipe_l(addr=0, idx=9)
05-25 09:29:56.833  3410  3410 D r_submix:   now using address 0 for route 9
05-25 09:29:56.833  3410  3423 I AudioFlinger: AudioFlinger's thread 0xf4000000 ready to run
05-25 09:29:56.833  3410  3410 D r_submix: adev_close_input_stream()
05-25 09:29:56.833  3410  3410 D r_submix: submix_audio_device_release_pipe_l(idx=9) addr=0
05-25 09:29:56.833  3410  3410 D r_submix: submix_audio_device_destroy_pipe_l(): pipe destroyed
05-25 09:29:56.834  3410  3410 F libc    : Fatal signal 11 (SIGSEGV), code 1, fault addr 0x0 in tid 3410 (mediaserver)
05-25 09:29:56.834  3033  3033 I DEBUG   : property debug.db.uid not set; NOT waiting for gdb.
05-25 09:29:56.834  3033  3033 I DEBUG   : HINT: adb shell setprop debug.db.uid 100000
05-25 09:29:56.834  3033  3033 I DEBUG   : HINT: adb forward tcp:5039 tcp:5039
05-25 09:29:56.845  2893  2893 E         : invalid gralloc handle (at 0x7fab4d65b0)
05-25 09:29:56.845  2893  2893 E         : Runtime and build version of gralloc private structure does not match. Errors will likely follow.
05-25 09:29:56.849  2893  2893 E gralloc : invalid gralloc handle (at 0x7fab4d65b0)
05-25 09:29:56.849  2893  2893 E SurfaceFlinger: error posting framebuffer: -22
05-25 09:29:56.862  2893  2893 E         : invalid gralloc handle (at 0x7fab4d6540)
05-25 09:29:56.862  2893  2893 E         : Runtime and build version of gralloc private structure does not match. Errors will likely follow.
05-25 09:29:56.866  2893  2893 E gralloc : invalid gralloc handle (at 0x7fab4d6540)
05-25 09:29:56.866  2893  2893 E SurfaceFlinger: error posting framebuffer: -22
05-25 09:29:56.884  3033  3033 F DEBUG   : *** *** *** *** *** *** *** *** *** *** *** *** *** *** *** ***
05-25 09:29:56.884  3033  3033 F DEBUG   : Build fingerprint: 'samsung/cm_hero2ltexx/hero2ltexx:6.0.1/MOB30J/5d66e77688:eng/test-keys'
05-25 09:29:56.884  3033  3033 F DEBUG   : Revision: '0'
05-25 09:29:56.884  3033  3033 F DEBUG   : ABI: 'arm'
05-25 09:29:56.884  3033  3033 F DEBUG   : pid: 3410, tid: 3410, name: mediaserver  >>> /system/bin/mediaserver <<<
05-25 09:29:56.884  3033  3033 F DEBUG   : signal 11 (SIGSEGV), code 1 (SEGV_MAPERR), fault addr 0x0
05-25 09:29:56.887  3033  3033 F DEBUG   :     r0 f479e8f4  r1 00000000  r2 65732020  r3 00000007
05-25 09:29:56.887  3033  3033 F DEBUG   :     r4 00000008  r5 f479e8f2  r6 f71b7be0  r7 ff970964
05-25 09:29:56.887  3033  3033 F DEBUG   :     r8 f47fe00c  r9 f71b5431  sl f71b5635  fp f479e8f2
05-25 09:29:56.887  3033  3033 F DEBUG   :     ip 00000000  sp ff970920  lr f71b04f7  pc f6d033c8  cpsr 600f0010
05-25 09:29:56.888  3033  3033 F DEBUG   : 
05-25 09:29:56.888  3033  3033 F DEBUG   : backtrace:
05-25 09:29:56.888  3033  3033 F DEBUG   :     #00 pc 000183c8  /system/lib/libc.so (strcmp+152)
05-25 09:29:56.888  3033  3033 F DEBUG   :     #01 pc 000084f3  /system/lib/libaudiopolicyservice.so
05-25 09:29:56.888  3033  3033 F DEBUG   :     #02 pc 0001f960  [stack]
05-25 09:29:56.929  3033  3033 F DEBUG   : 
05-25 09:29:56.929  3033  3033 F DEBUG   : Tombstone written to: /data/tombstones/tombstone_07
05-25 09:29:56.919  3410  3410 W mediaserver: type=1701 audit(0.0:146): auid=4294967295 uid=1013 gid=1005 ses=4294967295 exe="/system/bin/mediaserver" sig=11
05-25 09:29:56.930  2893  2893 E         : invalid gralloc handle (at 0x7fab4d6690)
05-25 09:29:56.930  2893  2893 E         : Runtime and build version of gralloc private structure does not match. Errors will likely follow.
05-25 09:29:56.932  2892  2892 I ServiceManager: service 'media.audio_flinger' died
05-25 09:29:56.932  2892  2892 I ServiceManager: service 'media.player' died
05-25 09:29:56.932  2892  2892 I ServiceManager: service 'media.resource_manager' died
05-25 09:29:56.932  2892  2892 I ServiceManager: service 'media.camera' died
05-25 09:29:56.933  2893  2893 E gralloc : invalid gralloc handle (at 0x7fab4d6690)
05-25 09:29:56.933  2893  2893 E SurfaceFlinger: error posting framebuffer: -22
05-25 09:29:56.963  2893  2893 E         : invalid gralloc handle (at 0x7fab4d6620)
05-25 09:29:56.963  2893  2893 E         : Runtime and build version of gralloc private structure does not match. Errors will likely follow.
05-25 09:29:56.967  2893  2893 E gralloc : invalid gralloc handle (at 0x7fab4d6620)
05-25 09:29:56.967  2893  2893 E SurfaceFlinger: error posting framebuffer: -22
05-25 09:29:56.997  2893  2893 E         : invalid gralloc handle (at 0x7fab4d65b0)
05-25 09:29:56.997  2893  2893 E         : Runtime and build version of gralloc private structure does not match. Errors will likely follow.
05-25 09:29:57.001  2893  2893 E gralloc : invalid gralloc handle (at 0x7fab4d65b0)
05-25 09:29:57.001  2893  2893 E SurfaceFlinger: error posting framebuffer: -22
05-25 09:29:57.031  2893  2893 E         : invalid gralloc handle (at 0x7fab4d6540)
05-25 09:29:57.031  2893  2893 E         : Runtime and build version of gralloc private structure does not match. Errors will likely follow.
05-25 09:29:57.034  2893  2893 E gralloc : invalid gralloc handle (at 0x7fab4d6540)
05-25 09:29:57.034  2893  2893 E SurfaceFlinger: error posting framebuffer: -22
05-25 09:29:57.098  2893  2893 E         : invalid gralloc handle (at 0x7fab4d6690)
05-25 09:29:57.098  2893  2893 E         : Runtime and build version of gralloc private structure does not match. Errors will likely follow.
05-25 09:29:57.102  2893  2893 E gralloc : invalid gralloc handle (at 0x7fab4d6690)
05-25 09:29:57.102  2893  2893 E SurfaceFlinger: error posting framebuffer: -22
05-25 09:29:57.132  2893  2893 E         : invalid gralloc handle (at 0x7fab4d6620)
05-25 09:29:57.132  2893  2893 E         : Runtime and build version of gralloc private structure does not match. Errors will likely follow.
05-25 09:29:57.136  2893  2893 E gralloc : invalid gralloc handle (at 0x7fab4d6620)
05-25 09:29:57.136  2893  2893 E SurfaceFlinger: error posting framebuffer: -22
05-25 09:29:57.166  2893  2893 E         : invalid gralloc handle (at 0x7fab4d65b0)
05-25 09:29:57.166  2893  2893 E         : Runtime and build version of gralloc private structure does not match. Errors will likely follow.
05-25 09:29:57.169  2893  2893 E gralloc : invalid gralloc handle (at 0x7fab4d65b0)
05-25 09:29:57.169  2893  2893 E SurfaceFlinger: error posting framebuffer: -22
05-25 09:29:57.199  2893  2893 E         : invalid gralloc handle (at 0x7fab4d6540)
05-25 09:29:57.199  2893  2893 E         : Runtime and build version of gralloc private structure does not match. Errors will likely follow.
05-25 09:29:57.203  2893  2893 E gralloc : invalid gralloc handle (at 0x7fab4d6540)
05-25 09:29:57.203  2893  2893 E SurfaceFlinger: error posting framebuffer: -22
05-25 09:29:57.267  2893  2893 E         : invalid gralloc handle (at 0x7fab4d6690)
05-25 09:29:57.267  2893  2893 E         : Runtime and build version of gralloc private structure does not match. Errors will likely follow.
05-25 09:29:57.271  2893  2893 E gralloc : invalid gralloc handle (at 0x7fab4d6690)
05-25 09:29:57.271  2893  2893 E SurfaceFlinger: error posting framebuffer: -22
05-25 09:29:57.300  2893  2893 E         : invalid gralloc handle (at 0x7fab4d6620)
05-25 09:29:57.300  2893  2893 E         : Runtime and build version of gralloc private structure does not match. Errors will likely follow.
05-25 09:29:57.304  2893  2893 E gralloc : invalid gralloc handle (at 0x7fab4d6620)
05-25 09:29:57.304  2893  2893 E SurfaceFlinger: error posting framebuffer: -22
05-25 09:29:57.334  2893  2893 E         : invalid gralloc handle (at 0x7fab4d65b0)
05-25 09:29:57.334  2893  2893 E         : Runtime and build version of gralloc private structure does not match. Errors will likely follow.
05-25 09:29:57.338  2893  2893 E gralloc : invalid gralloc handle (at 0x7fab4d65b0)
05-25 09:29:57.338  2893  2893 E SurfaceFlinger: error posting framebuffer: -22
05-25 09:29:57.368  2893  2893 E         : invalid gralloc handle (at 0x7fab4d6540)
05-25 09:29:57.368  2893  2893 E         : Runtime and build version of gralloc private structure does not match. Errors will likely follow.
05-25 09:29:57.372  2893  2893 E gralloc : invalid gralloc handle (at 0x7fab4d6540)
05-25 09:29:57.372  2893  2893 E SurfaceFlinger: error posting framebuffer: -22
05-25 09:29:57.435  2893  2893 E         : invalid gralloc handle (at 0x7fab4d6690)
05-25 09:29:57.435  2893  2893 E         : Runtime and build version of gralloc private structure does not match. Errors will likely follow.
05-25 09:29:57.439  2893  2893 E gralloc : invalid gralloc handle (at 0x7fab4d6690)
05-25 09:29:57.439  2893  2893 E SurfaceFlinger: error posting framebuffer: -22
05-25 09:29:57.469  2893  2893 E         : invalid gralloc handle (at 0x7fab4d6620)
05-25 09:29:57.469  2893  2893 E         : Runtime and build version of gralloc private structure does not match. Errors will likely follow.
05-25 09:29:57.473  2893  2893 E gralloc : invalid gralloc handle (at 0x7fab4d6620)
05-25 09:29:57.473  2893  2893 E SurfaceFlinger: error posting framebuffer: -22
05-25 09:29:57.503  2893  2893 E         : invalid gralloc handle (at 0x7fab4d65b0)
05-25 09:29:57.503  2893  2893 E         : Runtime and build version of gralloc private structure does not match. Errors will likely follow.
05-25 09:29:57.506  2893  2893 E gralloc : invalid gralloc handle (at 0x7fab4d65b0)
05-25 09:29:57.506  2893  2893 E SurfaceFlinger: error posting framebuffer: -22
05-25 09:29:57.515  3331  3331 W Zygote  : Got error connecting to zygote, retrying. msg= No such file or directory
05-25 09:29:57.537  2893  2893 E         : invalid gralloc handle (at 0x7fab4d6540)
05-25 09:29:57.537  2893  2893 E         : Runtime and build version of gralloc private structure does not match. Errors will likely follow.
05-25 09:29:57.540  2893  2893 E gralloc : invalid gralloc handle (at 0x7fab4d6540)
05-25 09:29:57.540  2893  2893 E SurfaceFlinger: error posting framebuffer: -22
05-25 09:29:57.604  2893  2893 E         : invalid gralloc handle (at 0x7fab4d6690)
05-25 09:29:57.604  2893  2893 E         : Runtime and build version of gralloc private structure does not match. Errors will likely follow.
05-25 09:29:57.608  2893  2893 E gralloc : invalid gralloc handle (at 0x7fab4d6690)
05-25 09:29:57.608  2893  2893 E SurfaceFlinger: error posting framebuffer: -22
05-25 09:29:57.638  2893  2893 E         : invalid gralloc handle (at 0x7fab4d6620)
05-25 09:29:57.638  2893  2893 E         : Runtime and build version of gralloc private structure does not match. Errors will likely follow.
05-25 09:29:57.642  2893  2893 E gralloc : invalid gralloc handle (at 0x7fab4d6620)
05-25 09:29:57.642  2893  2893 E SurfaceFlinger: error posting framebuffer: -22
05-25 09:29:57.671  2893  2893 E         : invalid gralloc handle (at 0x7fab4d65b0)
05-25 09:29:57.671  2893  2893 E         : Runtime and build version of gralloc private structure does not match. Errors will likely follow.
05-25 09:29:57.675  2893  2893 E gralloc : invalid gralloc handle (at 0x7fab4d65b0)
05-25 09:29:57.675  2893  2893 E SurfaceFlinger: error posting framebuffer: -22
05-25 09:29:57.705  2893  2893 E         : invalid gralloc handle (at 0x7fab4d6540)
05-25 09:29:57.705  2893  2893 E         : Runtime and build version of gralloc private structure does not match. Errors will likely follow.
05-25 09:29:57.709  2893  2893 E gralloc : invalid gralloc handle (at 0x7fab4d6540)
05-25 09:29:57.709  2893  2893 E SurfaceFlinger: error posting framebuffer: -22
05-25 09:29:57.773  2893  2893 E         : invalid gralloc handle (at 0x7fab4d6690)
05-25 09:29:57.773  2893  2893 E         : Runtime and build version of gralloc private structure does not match. Errors will likely follow.
05-25 09:29:57.777  2893  2893 E gralloc : invalid gralloc handle (at 0x7fab4d6690)
05-25 09:29:57.777  2893  2893 E SurfaceFlinger: error posting framebuffer: -22
