--------- beginning of main
06-15 17:32:21.412  3054  3054 W auditd  : type=2000 audit(0.0:1): initialized
06-15 17:32:22.462  3054  3054 W auditd  : type=1325 audit(0.0:2): table=filter family=2 entries=0
06-15 17:32:22.462  3054  3054 W auditd  : type=1325 audit(0.0:3): table=mangle family=2 entries=0
06-15 17:32:22.462  3054  3054 W auditd  : type=1325 audit(0.0:4): table=nat family=2 entries=0
06-15 17:32:22.462  3054  3054 W auditd  : type=1325 audit(0.0:5): table=raw family=2 entries=0
06-15 17:32:22.462  3054  3054 W auditd  : type=1325 audit(0.0:6): table=security family=2 entries=0
06-15 17:32:22.462  3054  3054 W auditd  : type=1325 audit(0.0:7): table=filter family=3 entries=0
06-15 17:32:22.462  3054  3054 W auditd  : type=1325 audit(0.0:8): table=filter family=10 entries=0
06-15 17:32:22.462  3054  3054 W auditd  : type=1325 audit(0.0:9): table=mangle family=10 entries=0
06-15 17:32:22.462  3054  3054 W auditd  : type=1325 audit(0.0:10): table=raw family=10 entries=0
06-15 17:32:22.462  3054  3054 W auditd  : type=1325 audit(0.0:11): table=nat family=10 entries=0
06-15 17:32:22.849  3054  3054 W auditd  : type=1305 audit(0.0:12): audit_pid=2907 old=0 auid=4294967295 ses=4294967295 res=1
06-15 17:32:22.849  3054  3054 W auditd  : type=1305 audit(0.0:13): audit_rate_limit=20 old=0 auid=4294967295 ses=4294967295 res=1
--------- beginning of system
06-15 17:32:22.879  2908  2908 I vold    : Vold 3.0 (the awakening) firing up
06-15 17:32:22.879  2908  2908 V vold    : Detected support for: exfat ext4 ntfs vfat
06-15 17:32:22.881  2923  2923 I sysinit : Running /system/etc/init.d/00banner 
06-15 17:32:22.886  2919  2919 I lowmemorykiller: Using in-kernel low memory killer interface
06-15 17:32:22.898  2994  2994 I cm      : ____ _   _ ____ _  _ ____ ____ ____ _  _ _  _ ____ ___ 
06-15 17:32:22.900  2982  2982 I perfprofd: starting Android Wide Profiling daemon
06-15 17:32:22.900  2950  2950 I DEBUG   : debuggerd: starting
06-15 17:32:22.900  2982  2982 E perfprofd: unable to open configuration file /data/data/com.google.android.gms/files/perfprofd.conf
06-15 17:32:22.900  2982  2982 I perfprofd: random seed set to 1932353255
06-15 17:32:22.903  2957  2957 I installd: installd firing up
06-15 17:32:22.904  2988  2988 I fingerprintd: Starting fingerprintd
06-15 17:32:22.912  2947  2947 I Netd    : Netd 1.0 starting
06-15 17:32:22.914  2947  2947 I QtiConnectivityAdapter: Failed to open libconnctrl, some features may not be present.
06-15 17:32:22.914  2947  2947 D TetherController: Setting IP forward enable = 0
06-15 17:32:22.917  2968  2968 I gatekeeperd: Starting gatekeeperd...
06-15 17:32:22.917  2958  2958 I keystore: Found keymaster0 module Keymaster OpenSSL HAL, version 2
06-15 17:32:22.917  2958  2958 I SoftKeymaster: system/keymaster/soft_keymaster_device.cpp, Line 122: Creating device
06-15 17:32:22.917  2958  2958 D SoftKeymaster: system/keymaster/soft_keymaster_device.cpp, Line 123: Device address: 0x7fab4e3000
06-15 17:32:22.917  2968  2968 W gatekeeperd: falling back to software GateKeeper
06-15 17:32:22.918  2958  2958 I keystore: Keymaster0 module is software-only.  Using SoftKeymasterDevice instead.
06-15 17:32:22.918  2958  2958 I SoftKeymaster: system/keymaster/soft_keymaster_device.cpp, Line 122: Creating device
06-15 17:32:22.918  2958  2958 D SoftKeymaster: system/keymaster/soft_keymaster_device.cpp, Line 123: Device address: 0x7fab4e3300
06-15 17:32:22.918  2958  2958 I keystore: SELinux: Keystore SELinux is disabled.
06-15 17:32:22.918  2999  2999 I cm      : |     \_/  |__| |\ | |  | | __ |___ |\ | |\/| |  | |  \ 
06-15 17:32:22.922  2949  2949 I DEBUG   : debuggerd: starting
06-15 17:32:22.924  2921  2921 I SurfaceFlinger: SurfaceFlinger is starting
06-15 17:32:22.924  2921  2921 I SurfaceFlinger: SurfaceFlinger's main thread ready to run. Initializing graphics H/W...
06-15 17:32:22.931  3019  3019 I cm      : |___   |   |  | | \| |__| |__] |___ | \| |  | |__| |__/ 
06-15 17:32:22.951  3046  3046 I cm      : Welcome to Android 6.0.1 / CyanogenMod-13.0-20160615-UNOFFICIAL-hero2ltexx 
06-15 17:32:22.956  3048  3048 I sysinit : Running /system/etc/init.d/90userinit 
06-15 17:32:22.969  3054  3054 W auditd  : type=1325 audit(0.0:14): table=filter family=2 entries=4
06-15 17:32:22.969  3054  3054 W auditd  : type=1320 audit(0.0:14): 
06-15 17:32:22.969  3054  3054 W auditd  : type=1325 audit(0.0:15): table=filter family=10 entries=4
06-15 17:32:22.969  3054  3054 W auditd  : type=1320 audit(0.0:15): 
06-15 17:32:22.977  2921  2921 D libEGL  : loaded /vendor/lib64/egl/libGLES_mali.so
06-15 17:32:22.979  2922  2922 W McDaemon: Cannot open trustlet /system/app/FFFFFFFF000000000000000000000001.drbin (2) [hardware/samsung_slsi/exynos8890/mobicore/Daemon/src/SecureWorld.cpp:178]
06-15 17:32:22.989  3054  3054 W auditd  : type=1325 audit(0.0:16): table=filter family=2 entries=6
06-15 17:32:22.989  3054  3054 W auditd  : type=1320 audit(0.0:16): 
06-15 17:32:22.999  3054  3054 W auditd  : type=1325 audit(0.0:17): table=filter family=10 entries=6
06-15 17:32:22.999  3054  3054 W auditd  : type=1320 audit(0.0:17): 
06-15 17:32:23.004  2921  2921 I gralloc : using (id=)
06-15 17:32:23.004  2921  2921 I gralloc : xres         = 1440 px
06-15 17:32:23.004  2921  2921 I gralloc : yres         = 2560 px
06-15 17:32:23.004  2921  2921 I gralloc : width        = 68 mm (537.882324 dpi)
06-15 17:32:23.004  2921  2921 I gralloc : height       = 122 mm (532.983582 dpi)
06-15 17:32:23.004  2921  2921 I gralloc : refresh rate = 59.42 Hz
06-15 17:32:23.027  2921  2921 D hwcomposer: using
06-15 17:32:23.027  2921  2921 D hwcomposer: xres         = 1440 px
06-15 17:32:23.027  2921  2921 D hwcomposer: yres         = 2560 px
06-15 17:32:23.027  2921  2921 D hwcomposer: width        = 68 mm (537.882000 dpi)
06-15 17:32:23.027  2921  2921 D hwcomposer: height       = 122 mm (532.983000 dpi)
06-15 17:32:23.027  2921  2921 D hwcomposer: refresh rate = 59 Hz
06-15 17:32:23.027  2921  2921 I DisplayResourceManagerModule: internalMPP type(10), index(1)
06-15 17:32:23.027  2921  2921 I DisplayResourceManagerModule: internalMPP type(10), index(2)
06-15 17:32:23.027  2921  2921 I DisplayResourceManagerModule: internalMPP type(10), index(3)
06-15 17:32:23.027  2921  2921 I DisplayResourceManagerModule: internalMPP type(0), index(0)
06-15 17:32:23.027  2921  2921 I DisplayResourceManagerModule: internalMPP type(0), index(1)
06-15 17:32:23.027  2921  2921 I DisplayResourceManagerModule: internalMPP type(2), index(0)
06-15 17:32:23.027  2921  2921 I DisplayResourceManagerModule: internalMPP type(2), index(1)
06-15 17:32:23.028  2921  2921 I DisplayResourceManagerModule: externalMPP type(4), index(0)
06-15 17:32:23.028  2921  2921 I hwcutils: Open /dev/s5p-smem
06-15 17:32:23.028  2921  2921 I DisplayResourceManagerModule: externalMPP type(4), index(0)
06-15 17:32:23.028  2921  2921 I hwcutils: Open /dev/s5p-smem
06-15 17:32:23.028  2921  2921 I DisplayResourceManagerModule: externalMPP type(4), index(0)
06-15 17:32:23.028  2921  2921 I hwcutils: Open /dev/s5p-smem
06-15 17:32:23.028  2921  2921 I DisplayResourceManagerModule: externalMPP type(4), index(0)
06-15 17:32:23.028  2921  2921 I hwcutils: Open /dev/s5p-smem
06-15 17:32:23.028  2921  2921 I DisplayResourceManagerModule: externalMPP type(4), index(0)
06-15 17:32:23.028  2921  2921 I hwcutils: Open /dev/s5p-smem
06-15 17:32:23.028  2921  2921 I hwcomposer: PSR info devname = /sys/devices/13960000.decon_f/psr_info
06-15 17:32:23.028  2921  2921 I hwcomposer: PSR mode   = 2 (0: video mode, 1: DP PSR mode, 2: MIPI-DSI command mode)
06-15 17:32:23.028  2921  2921 I hwcomposer: Panel type = 1 (0: Legacy, 1: DSC)
06-15 17:32:23.028  2921  2921 I SurfaceFlinger: Using composer version 1.5
06-15 17:32:23.029  3054  3054 W auditd  : type=1325 audit(0.0:18): table=filter family=2 entries=7
06-15 17:32:23.029  3054  3054 W auditd  : type=1320 audit(0.0:18): 
06-15 17:32:23.029  3054  3054 W auditd  : type=1325 audit(0.0:19): table=filter family=10 entries=7
06-15 17:32:23.029  3054  3054 W auditd  : type=1320 audit(0.0:19): 
06-15 17:32:23.029  2921  2921 E display : [PrimaryDisplay] unknown display attribute 6
06-15 17:32:23.029  2921  2921 I SurfaceFlinger: EGL information:
06-15 17:32:23.029  2921  2921 I SurfaceFlinger: vendor    : Android
06-15 17:32:23.029  2921  2921 I SurfaceFlinger: version   : 1.4 Android META-EGL
06-15 17:32:23.029  2921  2921 I SurfaceFlinger: extensions: EGL_KHR_get_all_proc_addresses EGL_ANDROID_presentation_time EGL_KHR_swap_buffers_with_damage EGL_KHR_image EGL_KHR_image_base EGL_KHR_gl_texture_2D_image EGL_KHR_gl_texture_cubemap_image EGL_KHR_gl_renderbuffer_image EGL_KHR_fence_sync EGL_KHR_create_context EGL_KHR_config_attribs EGL_KHR_surfaceless_context EGL_EXT_create_context_robustness EGL_ANDROID_image_native_buffer EGL_KHR_wait_sync EGL_ANDROID_recordable EGL_KHR_partial_update 
06-15 17:32:23.029  2921  2921 I SurfaceFlinger: Client API: OpenGL_ES
06-15 17:32:23.029  2921  2921 I SurfaceFlinger: EGLSurface: 8-8-8-8, config=0x7f93810128
06-15 17:32:23.029  2921  2921 D         : ro.exynos.dss isEnabled: 0
06-15 17:32:23.035  2921  2921 I SurfaceFlinger: OpenGL ES informations:
06-15 17:32:23.035  2921  2921 I SurfaceFlinger: vendor    : ARM
06-15 17:32:23.035  2921  2921 I SurfaceFlinger: renderer  : Mali-T880
06-15 17:32:23.035  2921  2921 I SurfaceFlinger: version   : OpenGL ES 3.1 v1.r9p0-12dev0.c2bae768d87bf40047e1f310c8de7f16
06-15 17:32:23.035  2921  2921 I SurfaceFlinger: extensions: GL_EXT_debug_marker GL_ARM_rgba8 GL_ARM_mali_shader_binary GL_OES_depth24 GL_OES_depth_texture GL_OES_depth_texture_cube_map GL_OES_packed_depth_stencil GL_OES_rgb8_rgba8 GL_EXT_read_format_bgra GL_OES_compressed_paletted_texture GL_OES_compressed_ETC1_RGB8_texture GL_OES_standard_derivatives GL_OES_EGL_image GL_OES_EGL_image_external GL_OES_EGL_sync GL_OES_texture_npot GL_OES_vertex_half_float GL_OES_required_internalformat GL_OES_vertex_array_object GL_OES_mapbuffer GL_EXT_texture_format_BGRA8888 GL_EXT_texture_rg GL_EXT_texture_type_2_10_10_10_REV GL_OES_fbo_render_mipmap GL_OES_element_index_uint GL_EXT_shadow_samplers GL_OES_texture_compression_astc GL_KHR_texture_compression_astc_ldr GL_KHR_texture_compression_astc_hdr GL_KHR_debug GL_EXT_occlusion_query_boolean GL_EXT_disjoint_timer_query GL_EXT_blend_minmax GL_EXT_discard_framebuffer GL_OES_get_program_binary GL_OES_texture_3D GL_EXT_texture_storage GL_EXT_multisampled_render_to_texture GL_OES_surfaceless_context GL_OES_texture_stencil8 G
06-15 17:32:23.035  2921  2921 I SurfaceFlinger: GL_MAX_TEXTURE_SIZE = 8192
06-15 17:32:23.035  2921  2921 I SurfaceFlinger: GL_MAX_VIEWPORT_DIMS = 8192
06-15 17:32:23.036  2921  2921 D mali_winsys: new_window_surface returns 0x3000,  [1440x2560]-format:1
06-15 17:32:23.039  3054  3054 W auditd  : type=1325 audit(0.0:20): table=filter family=2 entries=9
06-15 17:32:23.039  3054  3054 W auditd  : type=1320 audit(0.0:20): 
06-15 17:32:23.039  3054  3054 W auditd  : type=1325 audit(0.0:21): table=filter family=10 entries=9
06-15 17:32:23.039  3054  3054 W auditd  : type=1320 audit(0.0:21): 
06-15 17:32:23.062  2921  2921 D SurfaceFlinger: Set power mode=2, type=0 flinger=0x7f93d43c00
06-15 17:32:23.062  2921  2921 I hwcomposer: int exynos_setPowerMode(hwc_composer_device_1*, int, int):: disp(0), mode(2)
06-15 17:32:23.069  3054  3054 W auditd  : type=1325 audit(0.0:22): table=filter family=2 entries=10
06-15 17:32:23.069  3054  3054 W auditd  : type=1320 audit(0.0:22): 
06-15 17:32:23.079  3054  3054 W auditd  : type=1325 audit(0.0:23): table=filter family=10 entries=10
06-15 17:32:23.079  3054  3054 W auditd  : type=1320 audit(0.0:23): 
06-15 17:32:23.089  3054  3054 W auditd  : type=1325 audit(0.0:24): table=filter family=2 entries=12
06-15 17:32:23.089  3054  3054 W auditd  : type=1320 audit(0.0:24): 
06-15 17:32:23.089  3054  3054 W auditd  : type=1325 audit(0.0:25): table=filter family=10 entries=12
06-15 17:32:23.089  3054  3054 W auditd  : type=1320 audit(0.0:25): 
06-15 17:32:23.099  2955  2955 I mediaserver: ServiceManager: 0xf65ce120
06-15 17:32:23.099  2955  2955 I AudioFlinger: Using default 3000 mSec as standby time.
06-15 17:32:23.099  2955  2955 E BatteryNotifier: batterystats service unavailable!
06-15 17:32:23.099  2955  2955 E BatteryNotifier: batterystats service unavailable!
06-15 17:32:23.099  2955  2955 I CameraService: CameraService started (pid=2955)
06-15 17:32:23.099  2955  2955 I CameraService: CameraService process starting
06-15 17:32:23.099  2955  2955 E BatteryNotifier: batterystats service unavailable!
06-15 17:32:23.099  2955  2955 E BatteryNotifier: batterystats service unavailable!
06-15 17:32:23.100  2955  2955 E CameraService: Could not load camera HAL module: -2 (No such file or directory)
06-15 17:32:23.100  2955  2955 I AudioPolicyService: AudioPolicyService CSTOR in new mode
06-15 17:32:23.101  2955  2955 I APM::ConfigParsingUtils: loadAudioPolicyConfig() loaded /system/etc/audio_policy.conf
06-15 17:32:23.102  2922  2922 W McDaemon: mcRegistry read So.Soc failed: 16 [hardware/samsung_slsi/exynos8890/mobicore/Daemon/src/PrivateRegistry.cpp:374]
06-15 17:32:23.102  2922  2922 W McDaemon: mcRegistry read So.Soc failed: 16 [hardware/samsung_slsi/exynos8890/mobicore/Daemon/src/PrivateRegistry.cpp:429]
06-15 17:32:23.102  2922  2922 W McDaemon: mcRegistry read So.Root failed: 16 [hardware/samsung_slsi/exynos8890/mobicore/Daemon/src/PrivateRegistry.cpp:533]
06-15 17:32:23.102  2922  2922 W McDaemon: Device endorsements not supported! [hardware/samsung_slsi/exynos8890/mobicore/Daemon/src/MobiCoreDriverDaemon.cpp:588]
06-15 17:32:23.102  2922  2922 I McDaemon: Daemon starting up... [hardware/samsung_slsi/exynos8890/mobicore/Daemon/src/MobiCoreDriverDaemon.cpp:548]
06-15 17:32:23.102  2922  2922 I McDaemon: Interface version is 0.4 [hardware/samsung_slsi/exynos8890/mobicore/Daemon/src/MobiCoreDriverDaemon.cpp:550]
06-15 17:32:23.102  2922  2922 I McDaemon: t-base-EXYNOS64-Android-310B-V005-20151221_084810_68 [hardware/samsung_slsi/exynos8890/mobicore/Daemon/src/MobiCoreDriverDaemon.cpp:552]
06-15 17:32:23.102  2922  2922 I McDaemon: Build timestamp is Apr  1 2016 21:03:15 [hardware/samsung_slsi/exynos8890/mobicore/Daemon/src/MobiCoreDriverDaemon.cpp:553]
06-15 17:32:23.102  2922  3118 I TeeDriverClient: driver client open [hardware/samsung_slsi/exynos8890/mobicore/ClientLib/src/driver_client.cpp:103]
06-15 17:32:23.103  2922  2922 W McDaemon: Cannot open trustlet /data/app/mcRegistry/07050501000000000000000000000020.tlbin (2) [hardware/samsung_slsi/exynos8890/mobicore/Daemon/src/SecureWorld.cpp:178]
06-15 17:32:23.109  2922  3118 I TeeFilesystem: void FileSystem::Impl::run(): Start listening for request from STH2 [hardware/samsung_slsi/exynos8890/mobicore/Daemon/src/FSD2.cpp:376]
06-15 17:32:23.111  3120  3120 I CSTORAGE: ============================================================
06-15 17:32:23.111  3120  3120 I CSTORAGE:  CSTORAGE, v1.0.43, OS = android, ChipId = ex8890
06-15 17:32:23.111  3120  3120 I CSTORAGE: ============================================================
06-15 17:32:23.111  3120  3120 I CSTORAGE: ============================================================
06-15 17:32:23.111  3120  3120 I CSTORAGE:  CSTORAGE_SKM_LIB, v1.0.43, OS = android, ChipId = ex8890
06-15 17:32:23.111  3120  3120 I CSTORAGE: ============================================================
06-15 17:32:23.129  3054  3054 W auditd  : type=1325 audit(0.0:26): table=filter family=2 entries=13
06-15 17:32:23.129  3054  3054 W auditd  : type=1320 audit(0.0:26): 
06-15 17:32:23.139  3054  3054 W auditd  : type=1325 audit(0.0:27): table=filter family=10 entries=13
06-15 17:32:23.139  3054  3054 W auditd  : type=1320 audit(0.0:27): 
06-15 17:32:23.139  3054  3054 W auditd  : type=1325 audit(0.0:28): table=filter family=2 entries=15
06-15 17:32:23.139  3054  3054 W auditd  : type=1320 audit(0.0:28): 
06-15 17:32:23.149  3054  3054 W auditd  : type=1325 audit(0.0:29): table=filter family=10 entries=15
06-15 17:32:23.149  3054  3054 W auditd  : type=1320 audit(0.0:29): 
06-15 17:32:23.179  3054  3054 W auditd  : type=1325 audit(0.0:30): table=filter family=2 entries=16
06-15 17:32:23.179  3054  3054 W auditd  : type=1320 audit(0.0:30): 
06-15 17:32:23.189  3054  3054 W auditd  : type=1325 audit(0.0:31): table=filter family=10 entries=16
06-15 17:32:23.189  3054  3054 W auditd  : type=1320 audit(0.0:31): 
06-15 17:32:23.189  3054  3054 W auditd  : type=1325 audit(0.0:32): table=filter family=2 entries=18
06-15 17:32:23.189  3054  3054 W auditd  : type=1320 audit(0.0:32): 
06-15 17:32:23.199  3054  3054 W auditd  : type=1325 audit(0.0:33): table=filter family=10 entries=18
06-15 17:32:23.242  3106  3138 D libEGL  : loaded /vendor/lib64/egl/libGLES_mali.so
06-15 17:32:23.260  3106  3138 D mali_winsys: new_window_surface returns 0x3000,  [1440x2560]-format:2
06-15 17:32:23.261  3106  3138 D         : ro.exynos.dss isEnabled: 0
06-15 17:32:23.261  2965  2965 D AndroidRuntime: >>>>>> START com.android.internal.os.ZygoteInit uid 0 <<<<<<
06-15 17:32:23.265  3106  3138 E BootAnimation: couldn't find audio_conf.txt
06-15 17:32:23.273  2965  2965 D AndroidRuntime: CheckJNI is ON
06-15 17:32:23.277  2965  2965 I art     : option[0]=-Xzygote
06-15 17:32:23.277  2965  2965 I art     : option[1]=-Xcheck:jni
06-15 17:32:23.277  2965  2965 I art     : option[2]=-Xstacktracefile:/data/anr/traces.txt
06-15 17:32:23.277  2965  2965 I art     : option[3]=exit
06-15 17:32:23.277  2965  2965 I art     : option[4]=vfprintf
06-15 17:32:23.277  2965  2965 I art     : option[5]=sensitiveThread
06-15 17:32:23.277  2965  2965 I art     : option[6]=-verbose:gc
06-15 17:32:23.277  2965  2965 I art     : option[7]=-Xms8m
06-15 17:32:23.277  2965  2965 I art     : option[8]=-Xmx512m
06-15 17:32:23.277  2965  2965 I art     : option[9]=-XX:HeapGrowthLimit=256m
06-15 17:32:23.277  2965  2965 I art     : option[10]=-XX:HeapMinFree=2m
06-15 17:32:23.277  2965  2965 I art     : option[11]=-XX:HeapMaxFree=8m
06-15 17:32:23.277  2965  2965 I art     : option[12]=-XX:HeapTargetUtilization=0.75
06-15 17:32:23.277  2965  2965 I art     : option[13]=-Xusejit:true
06-15 17:32:23.277  2965  2965 I art     : option[14]=-agentlib:jdwp=transport=dt_android_adb,suspend=n,server=y
06-15 17:32:23.277  2965  2965 I art     : option[15]=-Xlockprofthreshold:500
06-15 17:32:23.277  2965  2965 I art     : option[16]=-Ximage-compiler-option
06-15 17:32:23.277  2965  2965 I art     : option[17]=--runtime-arg
06-15 17:32:23.277  2965  2965 I art     : option[18]=-Ximage-compiler-option
06-15 17:32:23.277  2965  2965 I art     : option[19]=-Xms64m
06-15 17:32:23.277  2965  2965 I art     : option[20]=-Ximage-compiler-option
06-15 17:32:23.277  2965  2965 I art     : option[21]=--runtime-arg
06-15 17:32:23.277  2965  2965 I art     : option[22]=-Ximage-compiler-option
06-15 17:32:23.277  2965  2965 I art     : option[23]=-Xmx64m
06-15 17:32:23.277  2965  2965 I art     : option[24]=-Ximage-compiler-option
06-15 17:32:23.277  2965  2965 I art     : option[25]=--compiler-filter=verify-at-runtime
06-15 17:32:23.277  2965  2965 I art     : option[26]=-Ximage-compiler-option
06-15 17:32:23.277  2965  2965 I art     : option[27]=--image-classes=/system/etc/preloaded-classes
06-15 17:32:23.277  2965  2965 I art     : option[28]=-Xcompiler-option
06-15 17:32:23.277  2965  2965 I art     : option[29]=--runtime-arg
06-15 17:32:23.277  2965  2965 I art     : option[30]=-Xcompiler-option
06-15 17:32:23.277  2965  2965 I art     : option[31]=-Xms64m
06-15 17:32:23.277  2965  2965 I art     : option[32]=-Xcompiler-option
06-15 17:32:23.277  2965  2965 I art     : option[33]=--runtime-arg
06-15 17:32:23.277  2965  2965 I art     : option[34]=-Xcompiler-option
06-15 17:32:23.277  2965  2965 I art     : option[35]=-Xmx512m
06-15 17:32:23.277  2965  2965 I art     : option[36]=-Xcompiler-option
06-15 17:32:23.277  2965  2965 I art     : option[37]=--compiler-filter=verify-at-runtime
06-15 17:32:23.277  2965  2965 I art     : option[38]=-Ximage-compiler-option
06-15 17:32:23.277  2965  2965 I art     : option[39]=--instruction-set-variant=generic
06-15 17:32:23.277  2965  2965 I art     : option[40]=-Xcompiler-option
06-15 17:32:23.277  2965  2965 I art     : option[41]=--instruction-set-variant=generic
06-15 17:32:23.277  2965  2965 I art     : option[42]=-Ximage-compiler-option
06-15 17:32:23.277  2965  2965 I art     : option[43]=--instruction-set-features=default
06-15 17:32:23.277  2965  2965 I art     : option[44]=-Xcompiler-option
06-15 17:32:23.277  2965  2965 I art     : option[45]=--instruction-set-features=default
06-15 17:32:23.277  2965  2965 I art     : option[46]=-Duser.locale=en-US
06-15 17:32:23.277  2965  2965 I art     : option[47]=--cpu-abilist=arm64-v8a,armeabi
06-15 17:32:23.277  2965  2965 I art     : option[48]=-Xfingerprint:samsung/cm_hero2ltexx/hero2ltexx:6.0.1/MOB30J/431281ecd7:eng/test-keys
06-15 17:32:23.309  3106  3138 D BootAnimation: Use save memory method, maybe small fps in actual.
06-15 17:32:23.375  2965  2965 D ICU     : No timezone override file found: /data/misc/zoneinfo/current/icu/icu_tzdata.dat
06-15 17:32:23.444  2921  2921 D SurfaceFlinger: SF. shader cache generated - 26 shaders in 216.071838 ms
06-15 17:32:23.447  2921  2921 E display : WIN_CONFIG is skipped, but mLastRetireFenceFd is not valid
06-15 17:32:23.448  2921  2921 E display : VPP should be assigned to FramebufferTarget but it was failed ret(0)
06-15 17:32:23.451  2921  2921 E display : [PrimaryDisplay] framebuffer target expected, but not provided
06-15 17:32:23.462  2921  2921 E display : VPP should be assigned to FramebufferTarget but it was failed ret(0)
06-15 17:32:23.464  2921  2921 E display : [PrimaryDisplay] framebuffer target expected, but not provided
06-15 17:32:23.479  2921  2921 E display : VPP should be assigned to FramebufferTarget but it was failed ret(0)
06-15 17:32:23.481  2921  2921 E display : [PrimaryDisplay] framebuffer target expected, but not provided
06-15 17:32:23.495  2921  2921 E display : VPP should be assigned to FramebufferTarget but it was failed ret(0)
06-15 17:32:23.498  2921  2921 E display : [PrimaryDisplay] framebuffer target expected, but not provided
06-15 17:32:23.512  2921  2921 E display : VPP should be assigned to FramebufferTarget but it was failed ret(0)
06-15 17:32:23.514  2921  2921 E display : [PrimaryDisplay] framebuffer target expected, but not provided
06-15 17:32:23.529  2921  2921 E display : VPP should be assigned to FramebufferTarget but it was failed ret(0)
06-15 17:32:23.531  2921  2921 E display : [PrimaryDisplay] framebuffer target expected, but not provided
06-15 17:32:23.546  2921  2921 E display : VPP should be assigned to FramebufferTarget but it was failed ret(0)
06-15 17:32:23.548  2921  2921 E display : [PrimaryDisplay] framebuffer target expected, but not provided
06-15 17:32:23.565  2965  2965 I Radio-JNI: register_android_hardware_Radio DONE
06-15 17:32:23.580  2921  2921 E display : VPP should be assigned to FramebufferTarget but it was failed ret(0)
06-15 17:32:23.582  2921  2921 E display : [PrimaryDisplay] framebuffer target expected, but not provided
06-15 17:32:23.611  2965  2965 I SamplingProfilerIntegration: Profiling disabled.
06-15 17:32:23.612  2965  2965 D Zygote  : begin preload
06-15 17:32:23.614  2921  2921 E display : VPP should be assigned to FramebufferTarget but it was failed ret(0)
06-15 17:32:23.614  2965  2965 I Zygote  : Preloading classes...
06-15 17:32:23.616  2921  2921 E display : [PrimaryDisplay] framebuffer target expected, but not provided
06-15 17:32:23.637  2955  2955 E audio_route: Failed to open /system/etc/mixer_paths.xml
06-15 17:32:23.642  2955  2955 I AudioFlinger: loadHwModule() Loaded primary audio interface from Samsung audio HW HAL (audio) handle 1
06-15 17:32:23.642  2955  2955 I AudioFlinger: openOutput(), module 1 Device 2, SamplingRate 44100, Format 0x000001, Channels 3, flags 2
06-15 17:32:23.642  2955  2955 I AudioFlinger: AudioStreamOut::open(), mHalFormatIsLinearPcm = 1
06-15 17:32:23.642  2955  2955 I AudioFlinger: HAL output buffer size 256 frames, normal sink buffer size 960 frames
06-15 17:32:23.648  2921  2921 E display : VPP should be assigned to FramebufferTarget but it was failed ret(0)
06-15 17:32:23.648  2955  2955 I BufferProvider: found effect "Multichannel Downmix To Stereo" from The Android Open Source Project
06-15 17:32:23.648  2955  2955 E MonoPipe: Failed to fetch local time frequency when constructing a MonoPipe (res = -32).  getNextWriteTimestamp calls will be non-functional
06-15 17:32:23.648  2955  2955 I AudioFlinger: Using module 1 has the primary audio interface
06-15 17:32:23.648  2955  3288 I AudioFlinger: AudioFlinger's thread 0xf4a80000 ready to run
06-15 17:32:23.649  2955  3288 V audio_hw_primary: do_out_standby: output standby: 1
06-15 17:32:23.649  2955  3288 V audio_hw_primary: out_set_parameters: key value pairs: routing=2
06-15 17:32:23.649  2955  3288 E AudioFlinger: no wake lock to update!
06-15 17:32:23.649  2955  2955 V audio_hw_primary: adev_open_input_stream: Created resampler converting 48000 -> 16000
06-15 17:32:23.649  2955  2955 V audio_hw_primary: adev_open_input_stream: Requesting input stream with rate: 16000, channels: 0xc
06-15 17:32:23.649  2955  3289 I AudioFlinger: AudioFlinger's thread 0xf46c0000 ready to run
06-15 17:32:23.650  2921  2921 E display : [PrimaryDisplay] framebuffer target expected, but not provided
06-15 17:32:23.651  2955  2955 I r_submix: adev_open(name=audio_hw_if)
06-15 17:32:23.651  2955  2955 I r_submix: adev_init_check()
06-15 17:32:23.651  2955  2955 I AudioFlinger: loadHwModule() Loaded r_submix audio interface from Wifi Display audio HAL (audio) handle 4
06-15 17:32:23.651  2955  2955 D r_submix: adev_open_input_stream(addr=0)
06-15 17:32:23.651  2955  2955 D r_submix: submix_audio_device_create_pipe_l(addr=0, idx=9)
06-15 17:32:23.651  2955  2955 D r_submix:   now using address 0 for route 9
06-15 17:32:23.651  2955  3291 I AudioFlinger: AudioFlinger's thread 0xf46c0000 ready to run
06-15 17:32:23.651  2955  2955 D r_submix: adev_close_input_stream()
06-15 17:32:23.651  2955  2955 D r_submix: submix_audio_device_release_pipe_l(idx=9) addr=0
06-15 17:32:23.651  2955  2955 D r_submix: submix_audio_device_destroy_pipe_l(): pipe destroyed
06-15 17:32:23.651  2955  2955 E SoundTriggerHwService: couldn't load sound trigger module sound_trigger.primary (No such file or directory)
06-15 17:32:23.651  2955  2955 I RadioService: RadioService
06-15 17:32:23.652  2955  2955 I RadioService: onFirstRef
06-15 17:32:23.652  2955  2955 E RadioService: couldn't load radio module radio.primary (No such file or directory)
06-15 17:32:23.682  2921  2921 E display : VPP should be assigned to FramebufferTarget but it was failed ret(0)
06-15 17:32:23.684  2921  2921 E display : [PrimaryDisplay] framebuffer target expected, but not provided
06-15 17:32:23.716  2921  2921 E display : VPP should be assigned to FramebufferTarget but it was failed ret(0)
06-15 17:32:23.718  2921  2921 E display : [PrimaryDisplay] framebuffer target expected, but not provided
06-15 17:32:23.749  2921  2921 E display : VPP should be assigned to FramebufferTarget but it was failed ret(0)
06-15 17:32:23.751  2921  2921 E display : [PrimaryDisplay] framebuffer target expected, but not provided
06-15 17:32:23.783  2921  2921 E display : VPP should be assigned to FramebufferTarget but it was failed ret(0)
06-15 17:32:23.784  2947  2947 V NatController: runCmd(/system/bin/iptables -w -F natctrl_FORWARD) res=0
06-15 17:32:23.785  2921  2921 E display : [PrimaryDisplay] framebuffer target expected, but not provided
06-15 17:32:23.789  2947  2947 V NatController: runCmd(/system/bin/iptables -w -A natctrl_FORWARD -j DROP) res=0
06-15 17:32:23.793  2947  2947 V NatController: runCmd(/system/bin/iptables -w -t nat -F natctrl_nat_POSTROUTING) res=0
06-15 17:32:23.797  2947  2947 V NatController: runCmd(/system/bin/iptables -w -F natctrl_tether_counters) res=1
06-15 17:32:23.802  2947  2947 V NatController: runCmd(/system/bin/iptables -w -X natctrl_tether_counters) res=1
06-15 17:32:23.806  2947  2947 V NatController: runCmd(/system/bin/iptables -w -N natctrl_tether_counters) res=0
06-15 17:32:23.810  2947  2947 V NatController: runCmd(/system/bin/iptables -w -t mangle -A natctrl_mangle_FORWARD -p tcp --tcp-flags SYN SYN -j TCPMSS --clamp-mss-to-pmtu) res=0
06-15 17:32:23.817  2921  2921 E display : VPP should be assigned to FramebufferTarget but it was failed ret(0)
06-15 17:32:23.819  2921  2921 E display : [PrimaryDisplay] framebuffer target expected, but not provided
06-15 17:32:23.851  2921  2921 E display : VPP should be assigned to FramebufferTarget but it was failed ret(0)
06-15 17:32:23.853  2921  2921 E display : [PrimaryDisplay] framebuffer target expected, but not provided
06-15 17:32:23.885  2921  2921 E display : VPP should be assigned to FramebufferTarget but it was failed ret(0)
06-15 17:32:23.887  2921  2921 E display : [PrimaryDisplay] framebuffer target expected, but not provided
06-15 17:32:23.919  2921  2921 E display : VPP should be assigned to FramebufferTarget but it was failed ret(0)
06-15 17:32:23.921  2921  2921 E display : [PrimaryDisplay] framebuffer target expected, but not provided
06-15 17:32:23.953  2921  2921 E display : VPP should be assigned to FramebufferTarget but it was failed ret(0)
06-15 17:32:23.955  2921  2921 E display : [PrimaryDisplay] framebuffer target expected, but not provided
06-15 17:32:23.987  2921  2921 E display : VPP should be assigned to FramebufferTarget but it was failed ret(0)
06-15 17:32:23.989  2921  2921 E display : [PrimaryDisplay] framebuffer target expected, but not provided
06-15 17:32:24.021  2921  2921 E display : VPP should be assigned to FramebufferTarget but it was failed ret(0)
06-15 17:32:24.023  2921  2921 E display : [PrimaryDisplay] framebuffer target expected, but not provided
06-15 17:32:24.055  2921  2921 E display : VPP should be assigned to FramebufferTarget but it was failed ret(0)
06-15 17:32:24.057  2921  2921 E display : [PrimaryDisplay] framebuffer target expected, but not provided
06-15 17:32:24.062  2965  2965 E Minikin : addFont failed to create font /system/fonts/NanumGothic.ttf
06-15 17:32:24.062  2965  2965 E Minikin : addFont failed to create font /system/fonts/DroidSansFallback.ttf
06-15 17:32:24.062  2965  2965 E Minikin : addFont failed to create font /system/fonts/MTLmr3m.ttf
06-15 17:32:24.088  2921  2921 E display : VPP should be assigned to FramebufferTarget but it was failed ret(0)
06-15 17:32:24.090  2921  2921 E display : [PrimaryDisplay] framebuffer target expected, but not provided
06-15 17:32:24.122  2921  2921 E display : VPP should be assigned to FramebufferTarget but it was failed ret(0)
06-15 17:32:24.124  2921  2921 E display : [PrimaryDisplay] framebuffer target expected, but not provided
06-15 17:32:24.156  2921  2921 E display : VPP should be assigned to FramebufferTarget but it was failed ret(0)
06-15 17:32:24.158  2921  2921 E display : [PrimaryDisplay] framebuffer target expected, but not provided
06-15 17:32:24.167  2965  2965 V DngCreator_JNI: DngCreator_nativeClassInit:
06-15 17:32:24.190  2921  2921 E display : VPP should be assigned to FramebufferTarget but it was failed ret(0)
06-15 17:32:24.192  2921  2921 E display : [PrimaryDisplay] framebuffer target expected, but not provided
06-15 17:32:24.214  2947  2947 E Netd    : cannot find interface dummy0
06-15 17:32:24.215  2947  2947 D MDnsDS  : MDnsSdListener::Hander starting up
06-15 17:32:24.215  2947  3392 D MDnsDS  : MDnsSdListener starting to monitor
06-15 17:32:24.215  2947  3392 D MDnsDS  : Going to poll with pollCount 1
06-15 17:32:24.224  2921  2921 E display : VPP should be assigned to FramebufferTarget but it was failed ret(0)
06-15 17:32:24.226  2921  2921 E display : [PrimaryDisplay] framebuffer target expected, but not provided
06-15 17:32:24.258  2921  2921 E display : VPP should be assigned to FramebufferTarget but it was failed ret(0)
06-15 17:32:24.260  2921  2921 E display : [PrimaryDisplay] framebuffer target expected, but not provided
06-15 17:32:24.292  2921  2921 E display : VPP should be assigned to FramebufferTarget but it was failed ret(0)
06-15 17:32:24.294  2921  2921 E display : [PrimaryDisplay] framebuffer target expected, but not provided
06-15 17:32:24.309  2921  2921 E display : VPP should be assigned to FramebufferTarget but it was failed ret(0)
06-15 17:32:24.311  2921  2921 E display : [PrimaryDisplay] framebuffer target expected, but not provided
06-15 17:32:24.342  2921  2921 E display : VPP should be assigned to FramebufferTarget but it was failed ret(0)
06-15 17:32:24.345  2921  2921 E display : [PrimaryDisplay] framebuffer target expected, but not provided
06-15 17:32:24.376  2921  2921 E display : VPP should be assigned to FramebufferTarget but it was failed ret(0)
06-15 17:32:24.379  2921  2921 E display : [PrimaryDisplay] framebuffer target expected, but not provided
06-15 17:32:24.410  2921  2921 E display : VPP should be assigned to FramebufferTarget but it was failed ret(0)
06-15 17:32:24.412  2921  2921 E display : [PrimaryDisplay] framebuffer target expected, but not provided
06-15 17:32:24.444  2921  2921 E display : VPP should be assigned to FramebufferTarget but it was failed ret(0)
06-15 17:32:24.446  2921  2921 E display : [PrimaryDisplay] framebuffer target expected, but not provided
06-15 17:32:24.478  2921  2921 E display : VPP should be assigned to FramebufferTarget but it was failed ret(0)
06-15 17:32:24.480  2921  2921 E display : [PrimaryDisplay] framebuffer target expected, but not provided
06-15 17:32:24.512  2921  2921 E display : VPP should be assigned to FramebufferTarget but it was failed ret(0)
06-15 17:32:24.514  2921  2921 E display : [PrimaryDisplay] framebuffer target expected, but not provided
06-15 17:32:24.546  2921  2921 E display : VPP should be assigned to FramebufferTarget but it was failed ret(0)
06-15 17:32:24.548  2921  2921 E display : [PrimaryDisplay] framebuffer target expected, but not provided
06-15 17:32:24.580  2921  2921 E display : VPP should be assigned to FramebufferTarget but it was failed ret(0)
06-15 17:32:24.582  2921  2921 E display : [PrimaryDisplay] framebuffer target expected, but not provided
06-15 17:32:24.614  2921  2921 E display : VPP should be assigned to FramebufferTarget but it was failed ret(0)
06-15 17:32:24.616  2921  2921 E display : [PrimaryDisplay] framebuffer target expected, but not provided
06-15 17:32:24.648  2921  2921 E display : VPP should be assigned to FramebufferTarget but it was failed ret(0)
06-15 17:32:24.650  2921  2921 E display : [PrimaryDisplay] framebuffer target expected, but not provided
06-15 17:32:24.682  2921  2921 E display : VPP should be assigned to FramebufferTarget but it was failed ret(0)
06-15 17:32:24.684  2921  2921 E display : [PrimaryDisplay] framebuffer target expected, but not provided
06-15 17:32:24.716  2921  2921 E display : VPP should be assigned to FramebufferTarget but it was failed ret(0)
06-15 17:32:24.718  2921  2921 E display : [PrimaryDisplay] framebuffer target expected, but not provided
06-15 17:32:24.749  2921  2921 E display : VPP should be assigned to FramebufferTarget but it was failed ret(0)
06-15 17:32:24.751  2921  2921 E display : [PrimaryDisplay] framebuffer target expected, but not provided
06-15 17:32:24.783  2921  2921 E display : VPP should be assigned to FramebufferTarget but it was failed ret(0)
06-15 17:32:24.785  2921  2921 E display : [PrimaryDisplay] framebuffer target expected, but not provided
06-15 17:32:24.817  2921  2921 E display : VPP should be assigned to FramebufferTarget but it was failed ret(0)
06-15 17:32:24.819  2921  2921 E display : [PrimaryDisplay] framebuffer target expected, but not provided
06-15 17:32:24.835  2965  2965 I art     : Thread[1,tid=2965,Native,Thread*=0x7f7d2fba00,peer=0x12c532e0,"main"] recursive attempt to load library "/system/lib64/libmedia_jni.so"
06-15 17:32:24.836  2965  2965 D MtpDeviceJNI: register_android_mtp_MtpDevice
06-15 17:32:24.836  2965  2965 I art     : Thread[1,tid=2965,Native,Thread*=0x7f7d2fba00,peer=0x12c532e0,"main"] recursive attempt to load library "/system/lib64/libmedia_jni.so"
06-15 17:32:24.836  2965  2965 I art     : Thread[1,tid=2965,Native,Thread*=0x7f7d2fba00,peer=0x12c532e0,"main"] recursive attempt to load library "/system/lib64/libmedia_jni.so"
06-15 17:32:24.851  2921  2921 E display : VPP should be assigned to FramebufferTarget but it was failed ret(0)
06-15 17:32:24.853  2921  2921 E display : [PrimaryDisplay] framebuffer target expected, but not provided
06-15 17:32:24.885  2921  2921 E display : VPP should be assigned to FramebufferTarget but it was failed ret(0)
06-15 17:32:24.887  2921  2921 E display : [PrimaryDisplay] framebuffer target expected, but not provided
06-15 17:32:24.919  2921  2921 E display : VPP should be assigned to FramebufferTarget but it was failed ret(0)
06-15 17:32:24.921  2921  2921 E display : [PrimaryDisplay] framebuffer target expected, but not provided
06-15 17:32:24.953  2921  2921 E display : VPP should be assigned to FramebufferTarget but it was failed ret(0)
06-15 17:32:24.955  2921  2921 E display : [PrimaryDisplay] framebuffer target expected, but not provided
06-15 17:32:24.987  2921  2921 E display : VPP should be assigned to FramebufferTarget but it was failed ret(0)
06-15 17:32:24.989  2921  2921 E display : [PrimaryDisplay] framebuffer target expected, but not provided
06-15 17:32:25.021  2921  2921 E display : VPP should be assigned to FramebufferTarget but it was failed ret(0)
06-15 17:32:25.023  2921  2921 E display : [PrimaryDisplay] framebuffer target expected, but not provided
06-15 17:32:25.054  2921  2921 E display : VPP should be assigned to FramebufferTarget but it was failed ret(0)
06-15 17:32:25.057  2921  2921 E display : [PrimaryDisplay] framebuffer target expected, but not provided
06-15 17:32:25.088  2921  2921 E display : VPP should be assigned to FramebufferTarget but it was failed ret(0)
06-15 17:32:25.090  2921  2921 E display : [PrimaryDisplay] framebuffer target expected, but not provided
06-15 17:32:25.122  2921  2921 E display : VPP should be assigned to FramebufferTarget but it was failed ret(0)
06-15 17:32:25.124  2921  2921 E display : [PrimaryDisplay] framebuffer target expected, but not provided
06-15 17:32:25.156  2921  2921 E display : VPP should be assigned to FramebufferTarget but it was failed ret(0)
06-15 17:32:25.158  2921  2921 E display : [PrimaryDisplay] framebuffer target expected, but not provided
06-15 17:32:25.190  2921  2921 E display : VPP should be assigned to FramebufferTarget but it was failed ret(0)
06-15 17:32:25.192  2921  2921 E display : [PrimaryDisplay] framebuffer target expected, but not provided
06-15 17:32:25.224  2921  2921 E display : VPP should be assigned to FramebufferTarget but it was failed ret(0)
06-15 17:32:25.226  2921  2921 E display : [PrimaryDisplay] framebuffer target expected, but not provided
06-15 17:32:25.258  2921  2921 E display : VPP should be assigned to FramebufferTarget but it was failed ret(0)
06-15 17:32:25.260  2921  2921 E display : [PrimaryDisplay] framebuffer target expected, but not provided
06-15 17:32:25.292  2921  2921 E display : VPP should be assigned to FramebufferTarget but it was failed ret(0)
06-15 17:32:25.294  2921  2921 E display : [PrimaryDisplay] framebuffer target expected, but not provided
06-15 17:32:25.326  2921  2921 E display : VPP should be assigned to FramebufferTarget but it was failed ret(0)
06-15 17:32:25.328  2921  2921 E display : [PrimaryDisplay] framebuffer target expected, but not provided
06-15 17:32:25.360  2921  2921 E display : VPP should be assigned to FramebufferTarget but it was failed ret(0)
06-15 17:32:25.362  2921  2921 E display : [PrimaryDisplay] framebuffer target expected, but not provided
06-15 17:32:25.371  3106  3138 D BootAnimation: Use save memory method, maybe small fps in actual.
06-15 17:32:25.371  2965  2965 W System  : ClassLoader referenced unknown path: /system/framework/tcmclient.jar
06-15 17:32:25.394  2921  2921 E display : VPP should be assigned to FramebufferTarget but it was failed ret(0)
06-15 17:32:25.396  2921  2921 E display : [PrimaryDisplay] framebuffer target expected, but not provided
06-15 17:32:25.427  2921  2921 E display : VPP should be assigned to FramebufferTarget but it was failed ret(0)
06-15 17:32:25.429  2921  2921 E display : [PrimaryDisplay] framebuffer target expected, but not provided
06-15 17:32:25.461  2921  2921 E display : VPP should be assigned to FramebufferTarget but it was failed ret(0)
06-15 17:32:25.463  2921  2921 E display : [PrimaryDisplay] framebuffer target expected, but not provided
06-15 17:32:25.495  2921  2921 E display : VPP should be assigned to FramebufferTarget but it was failed ret(0)
06-15 17:32:25.497  2921  2921 E display : [PrimaryDisplay] framebuffer target expected, but not provided
06-15 17:32:25.529  2921  2921 E display : VPP should be assigned to FramebufferTarget but it was failed ret(0)
06-15 17:32:25.531  2921  2921 E display : [PrimaryDisplay] framebuffer target expected, but not provided
06-15 17:32:25.563  2921  2921 E display : VPP should be assigned to FramebufferTarget but it was failed ret(0)
06-15 17:32:25.565  2921  2921 E display : [PrimaryDisplay] framebuffer target expected, but not provided
06-15 17:32:25.597  2921  2921 E display : VPP should be assigned to FramebufferTarget but it was failed ret(0)
06-15 17:32:25.599  2921  2921 E display : [PrimaryDisplay] framebuffer target expected, but not provided
06-15 17:32:25.631  2921  2921 E display : VPP should be assigned to FramebufferTarget but it was failed ret(0)
06-15 17:32:25.633  2921  2921 E display : [PrimaryDisplay] framebuffer target expected, but not provided
06-15 17:32:25.665  2921  2921 E display : VPP should be assigned to FramebufferTarget but it was failed ret(0)
06-15 17:32:25.667  2921  2921 E display : [PrimaryDisplay] framebuffer target expected, but not provided
06-15 17:32:25.699  2921  2921 E display : VPP should be assigned to FramebufferTarget but it was failed ret(0)
06-15 17:32:25.701  2921  2921 E display : [PrimaryDisplay] framebuffer target expected, but not provided
06-15 17:32:25.706  2965  2965 I System  : Loaded time zone names for "" in 24ms (23ms in ICU)
06-15 17:32:25.732  2921  2921 E display : VPP should be assigned to FramebufferTarget but it was failed ret(0)
06-15 17:32:25.735  2921  2921 E display : [PrimaryDisplay] framebuffer target expected, but not provided
06-15 17:32:25.739  2965  2965 I System  : Loaded time zone names for "en_US" in 32ms (12ms in ICU)
06-15 17:32:25.749  2921  2921 E display : VPP should be assigned to FramebufferTarget but it was failed ret(0)
06-15 17:32:25.752  2921  2921 E display : [PrimaryDisplay] framebuffer target expected, but not provided
06-15 17:32:25.783  2921  2921 E display : VPP should be assigned to FramebufferTarget but it was failed ret(0)
06-15 17:32:25.785  2921  2921 E display : [PrimaryDisplay] framebuffer target expected, but not provided
06-15 17:32:25.817  2921  2921 E display : VPP should be assigned to FramebufferTarget but it was failed ret(0)
06-15 17:32:25.819  2921  2921 E display : [PrimaryDisplay] framebuffer target expected, but not provided
06-15 17:32:25.851  2921  2921 E display : VPP should be assigned to FramebufferTarget but it was failed ret(0)
06-15 17:32:25.853  2921  2921 E display : [PrimaryDisplay] framebuffer target expected, but not provided
06-15 17:32:25.885  2921  2921 E display : VPP should be assigned to FramebufferTarget but it was failed ret(0)
06-15 17:32:25.887  2921  2921 E display : [PrimaryDisplay] framebuffer target expected, but not provided
06-15 17:32:25.910  2965  2965 I Zygote  : ...preloaded 3831 classes in 2296ms.
06-15 17:32:25.910  2965  2965 I art     : VMRuntime.preloadDexCaches starting
06-15 17:32:25.919  2921  2921 E display : VPP should be assigned to FramebufferTarget but it was failed ret(0)
06-15 17:32:25.921  2921  2921 E display : [PrimaryDisplay] framebuffer target expected, but not provided
06-15 17:32:25.946  2965  2965 I art     : VMRuntime.preloadDexCaches strings total=248922 before=10083 after=10083
06-15 17:32:25.946  2965  2965 I art     : VMRuntime.preloadDexCaches types total=20329 before=8245 after=9836
06-15 17:32:25.946  2965  2965 I art     : VMRuntime.preloadDexCaches fields total=100355 before=35760 after=47725
06-15 17:32:25.946  2965  2965 I art     : VMRuntime.preloadDexCaches methods total=172751 before=67604 after=83308
06-15 17:32:25.946  2965  2965 I art     : VMRuntime.preloadDexCaches finished
06-15 17:32:25.953  2921  2921 E display : VPP should be assigned to FramebufferTarget but it was failed ret(0)
06-15 17:32:25.955  2921  2921 E display : [PrimaryDisplay] framebuffer target expected, but not provided
06-15 17:32:25.959  3397  3397 D idmap   : error: no read access to /vendor/overlay: No such file or directory
06-15 17:32:25.979  2965  2965 I Zygote  : Preloading resources...
06-15 17:32:25.987  2921  2921 E display : VPP should be assigned to FramebufferTarget but it was failed ret(0)
06-15 17:32:25.989  2921  2921 E display : [PrimaryDisplay] framebuffer target expected, but not provided
06-15 17:32:26.021  2921  2921 E display : VPP should be assigned to FramebufferTarget but it was failed ret(0)
06-15 17:32:26.022  2921  2921 E display : [PrimaryDisplay] framebuffer target expected, but not provided
06-15 17:32:26.055  2921  2921 E display : VPP should be assigned to FramebufferTarget but it was failed ret(0)
06-15 17:32:26.057  2921  2921 E display : [PrimaryDisplay] framebuffer target expected, but not provided
06-15 17:32:26.088  2921  2921 E display : VPP should be assigned to FramebufferTarget but it was failed ret(0)
06-15 17:32:26.090  2921  2921 E display : [PrimaryDisplay] framebuffer target expected, but not provided
06-15 17:32:26.122  2921  2921 E display : VPP should be assigned to FramebufferTarget but it was failed ret(0)
06-15 17:32:26.124  2921  2921 E display : [PrimaryDisplay] framebuffer target expected, but not provided
06-15 17:32:26.156  2921  2921 E display : VPP should be assigned to FramebufferTarget but it was failed ret(0)
06-15 17:32:26.158  2921  2921 E display : [PrimaryDisplay] framebuffer target expected, but not provided
06-15 17:32:26.190  2921  2921 E display : VPP should be assigned to FramebufferTarget but it was failed ret(0)
06-15 17:32:26.192  2921  2921 E display : [PrimaryDisplay] framebuffer target expected, but not provided
06-15 17:32:26.224  2921  2921 E display : VPP should be assigned to FramebufferTarget but it was failed ret(0)
06-15 17:32:26.227  2921  2921 E display : [PrimaryDisplay] framebuffer target expected, but not provided
06-15 17:32:26.258  2921  2921 E display : VPP should be assigned to FramebufferTarget but it was failed ret(0)
06-15 17:32:26.260  2921  2921 E display : [PrimaryDisplay] framebuffer target expected, but not provided
06-15 17:32:26.292  2921  2921 E display : VPP should be assigned to FramebufferTarget but it was failed ret(0)
06-15 17:32:26.294  2921  2921 E display : [PrimaryDisplay] framebuffer target expected, but not provided
06-15 17:32:26.326  2921  2921 E display : VPP should be assigned to FramebufferTarget but it was failed ret(0)
06-15 17:32:26.328  2921  2921 E display : [PrimaryDisplay] framebuffer target expected, but not provided
06-15 17:32:26.360  2921  2921 E display : VPP should be assigned to FramebufferTarget but it was failed ret(0)
06-15 17:32:26.362  2921  2921 E display : [PrimaryDisplay] framebuffer target expected, but not provided
06-15 17:32:26.383  2965  2965 I Zygote  : ...preloaded 342 resources in 405ms.
06-15 17:32:26.393  2965  2965 I Zygote  : ...preloaded 41 resources in 9ms.
06-15 17:32:26.394  2921  2921 E display : VPP should be assigned to FramebufferTarget but it was failed ret(0)
06-15 17:32:26.396  2921  2921 E display : [PrimaryDisplay] framebuffer target expected, but not provided
06-15 17:32:26.399  2965  2965 D libEGL  : loaded /vendor/lib64/egl/libGLES_mali.so
06-15 17:32:26.406  2965  2965 I Zygote  : Preloading shared libraries...
06-15 17:32:26.418  2965  2965 D Zygote  : end preload
06-15 17:32:26.418  2965  2965 I art     : Starting a blocking GC Explicit
06-15 17:32:26.427  2921  2921 E display : VPP should be assigned to FramebufferTarget but it was failed ret(0)
06-15 17:32:26.429  2921  2921 E display : [PrimaryDisplay] framebuffer target expected, but not provided
06-15 17:32:26.429  2965  2965 I art     : Explicit concurrent mark sweep GC freed 11416(460KB) AllocSpace objects, 0(0B) LOS objects, 35% free, 29MB/45MB, paused 56us total 11.030ms
06-15 17:32:26.441  2965  2965 I art     : Starting a blocking GC Explicit
06-15 17:32:26.449  2965  2965 I art     : Explicit concurrent mark sweep GC freed 2696(126KB) AllocSpace objects, 0(0B) LOS objects, 35% free, 28MB/44MB, paused 45us total 8.645ms
06-15 17:32:26.450  2965  3231 I art     : Starting a blocking GC HeapTrim
06-15 17:32:26.451  2965  2965 I art     : Starting a blocking GC Background
06-15 17:32:26.461  2921  2921 E display : VPP should be assigned to FramebufferTarget but it was failed ret(0)
06-15 17:32:26.463  2921  2921 E display : [PrimaryDisplay] framebuffer target expected, but not provided
06-15 17:32:26.495  2921  2921 E display : VPP should be assigned to FramebufferTarget but it was failed ret(0)
06-15 17:32:26.497  2921  2921 E display : [PrimaryDisplay] framebuffer target expected, but not provided
06-15 17:32:26.498  2965  2965 I Zygote  : System server process 3399 has been created
06-15 17:32:26.500  2965  2965 I Zygote  : Accepting command socket connections
