05-25 03:17:23.214  3968  3968 F DEBUG   :     #04 pc 0000000000003a7c  /system/lib64/liblog.so (__android_log_assert+236)
05-25 03:17:23.214  3968  3968 F DEBUG   :     #05 pc 0000000000003898  /system/lib64/libdisplay.so (_ZN20ExynosOverlayDisplay12clearDisplayEv+116)
05-25 03:17:23.214  3968  3968 F DEBUG   :     #06 pc 000000000000392c  /system/lib64/libdisplay.so (_ZN20ExynosOverlayDisplay3setEP22hwc_display_contents_1+144)
05-25 03:17:23.214  3968  3968 F DEBUG   :     #07 pc 0000000000002318  /system/lib64/hw/hwcomposer.exynos5.so (_Z11exynos5_setP21hwc_composer_device_1mPP22hwc_display_contents_1+68)
05-25 03:17:23.214  3968  3968 F DEBUG   :     #08 pc 000000000003cf5c  /system/lib64/libsurfaceflinger.so
05-25 03:17:23.214  3968  3968 F DEBUG   :     #09 pc 000000000002fc74  /system/lib64/libsurfaceflinger.so
05-25 03:17:23.214  3968  3968 F DEBUG   :     #10 pc 000000000002f300  /system/lib64/libsurfaceflinger.so
05-25 03:17:23.214  3968  3968 F DEBUG   :     #11 pc 000000000002e1a0  /system/lib64/libsurfaceflinger.so
05-25 03:17:23.214  3968  3968 F DEBUG   :     #12 pc 000000000002df08  /system/lib64/libsurfaceflinger.so
05-25 03:17:23.214  3968  3968 F DEBUG   :     #13 pc 000000000001aed4  /system/lib64/libutils.so (_ZN7android6Looper9pollInnerEi+312)
05-25 03:17:23.214  3968  3968 F DEBUG   :     #14 pc 000000000001b20c  /system/lib64/libutils.so (_ZN7android6Looper8pollOnceEiPiS1_PPv+80)
05-25 03:17:23.214  3968  3968 F DEBUG   :     #15 pc 000000000002a344  /system/lib64/libsurfaceflinger.so
05-25 03:17:23.214  3968  3968 F DEBUG   :     #16 pc 000000000002d9fc  /system/lib64/libsurfaceflinger.so (_ZN7android14SurfaceFlinger3runEv+20)
05-25 03:17:23.214  3968  3968 F DEBUG   :     #17 pc 00000000000011ec  /system/bin/surfaceflinger
05-25 03:17:23.214  3968  3968 F DEBUG   :     #18 pc 000000000001bcd8  /system/lib64/libc.so (__libc_init+100)
05-25 03:17:23.214  3968  3968 F DEBUG   :     #19 pc 000000000000101c  /system/bin/surfaceflinger
05-25 03:17:23.308  3968  3968 F DEBUG   : 
05-25 03:17:23.308  3968  3968 F DEBUG   : Tombstone written to: /data/tombstones/tombstone_05
05-25 03:17:23.325  5624  5624 E Netd    : cannot find interface dummy0
05-25 03:17:23.327  5624  5624 D MDnsDS  : MDnsSdListener::Hander starting up
05-25 03:17:23.327  5624  5933 D MDnsDS  : MDnsSdListener starting to monitor
05-25 03:17:23.327  5624  5933 D MDnsDS  : Going to poll with pollCount 1
05-25 03:17:23.360  2893  2893 I ServiceManager: service 'SurfaceFlinger' died
05-25 03:17:23.360  5857  5866 W SurfaceComposerClient: ComposerService remote (surfaceflinger) died [0x7fa9a63320]
05-25 03:17:23.360  5857  5868 E SurfaceControl: invalid handle (0x0) or client (0x7fa9a5c640)
05-25 03:17:23.360  5857  5866 D BootAnimation: SurfaceFlinger died, exiting...
05-25 03:17:27.447  5937  5937 I Netd    : Netd 1.0 starting
05-25 03:17:27.447  5937  5937 I QtiConnectivityAdapter: Failed to open libconnctrl, some features may not be present.
05-25 03:17:27.447  5937  5937 D TetherController: Setting IP forward enable = 0
05-25 03:17:27.449  2966  2966 W auditd  : type=1325 audit(0.0:2114): table=filter family=2 entries=52
05-25 03:17:27.449  2966  2966 W auditd  : type=1320 audit(0.0:2114): 
05-25 03:17:27.466  5940  5940 V lhd     : GlLhdInterface::Init(/system/etc/lhd.conf)
05-25 03:17:27.466  5940  5940 E lhd     : Failed to read config file "/system/etc/lhd.conf"
05-25 03:17:27.466  5940  5940 E lhd     : ASSERT in GlLhdInterface.cpp:141: Failed to parse config file.
05-25 03:17:27.467  5940  5940 F libc    : Fatal signal 6 (SIGABRT), code -6 in tid 5940 (lhd)
05-25 03:17:27.467  3968  3968 I DEBUG   : property debug.db.uid not set; NOT waiting for gdb.
05-25 03:17:27.467  3968  3968 I DEBUG   : HINT: adb shell setprop debug.db.uid 100000
05-25 03:17:27.467  3968  3968 I DEBUG   : HINT: adb forward tcp:5039 tcp:5039
05-25 03:17:27.459  2966  2966 W auditd  : type=1325 audit(0.0:2115): table=filter family=10 entries=55
05-25 03:17:27.459  2966  2966 W auditd  : type=1320 audit(0.0:2115): 
05-25 03:17:27.459  2966  2966 W auditd  : type=1325 audit(0.0:2116): table=filter family=2 entries=51
05-25 03:17:27.459  2966  2966 W auditd  : type=1320 audit(0.0:2116): 
05-25 03:17:27.459  2966  2966 W auditd  : type=1325 audit(0.0:2117): table=filter family=10 entries=54
05-25 03:17:27.459  2966  2966 W auditd  : type=1320 audit(0.0:2117): 
05-25 03:17:27.469  2966  2966 W auditd  : type=1325 audit(0.0:2118): table=filter family=2 entries=50
05-25 03:17:27.469  2966  2966 W auditd  : type=1320 audit(0.0:2118): 
05-25 03:17:27.469  2966  2966 W auditd  : type=1325 audit(0.0:2119): table=filter family=10 entries=53
05-25 03:17:27.469  2966  2966 W auditd  : type=1320 audit(0.0:2119): 
05-25 03:17:27.479  2966  2966 W auditd  : type=1325 audit(0.0:2120): table=filter family=2 entries=48
05-25 03:17:27.479  2966  2966 W auditd  : type=1320 audit(0.0:2120): 
05-25 03:17:27.479  2966  2966 W auditd  : type=1325 audit(0.0:2121): table=filter family=10 entries=51
05-25 03:17:27.479  2966  2966 W auditd  : type=1320 audit(0.0:2121): 
05-25 03:17:27.489  2966  2966 W auditd  : type=1325 audit(0.0:2122): table=filter family=2 entries=50
05-25 03:17:27.489  2966  2966 W auditd  : type=1320 audit(0.0:2122): 
05-25 03:17:27.489  2966  2966 W auditd  : type=1325 audit(0.0:2123): table=filter family=10 entries=53
05-25 03:17:27.489  2966  2966 W auditd  : type=1320 audit(0.0:2123): 
05-25 03:17:27.518  3968  3968 F DEBUG   : *** *** *** *** *** *** *** *** *** *** *** *** *** *** *** ***
05-25 03:17:27.518  3968  3968 F DEBUG   : Build fingerprint: 'samsung/cm_hero2ltexx/hero2ltexx:6.0.1/MOB30J/0ca414e6be:eng/test-keys'
05-25 03:17:27.518  3968  3968 F DEBUG   : Revision: '0'
05-25 03:17:27.518  3968  3968 F DEBUG   : ABI: 'arm64'
05-25 03:17:27.518  3968  3968 F DEBUG   : pid: 5940, tid: 5940, name: lhd  >>> /system/bin/lhd <<<
05-25 03:17:27.518  3968  3968 F DEBUG   : signal 6 (SIGABRT), code -6 (SI_TKILL), fault addr --------
05-25 03:17:27.520  3968  3968 F DEBUG   :     x0   0000000000000000  x1   0000000000001734  x2   0000000000000006  x3   0000000000000000
05-25 03:17:27.520  3968  3968 F DEBUG   :     x4   0000000000000000  x5   0000000000000001  x6   0000000000000000  x7   0000000000000000
05-25 03:17:27.520  3968  3968 F DEBUG   :     x8   0000000000000083  x9   0000007fff9e0610  x10  00000000ffffffd8  x11  00000000ffffff80
05-25 03:17:27.520  3968  3968 F DEBUG   :     x12  0000007f84b52e10  x13  dd7379b119e2e8d8  x14  0000007f84af6658  x15  0000000000000001
05-25 03:17:27.520  3968  3968 F DEBUG   :     x16  0000007f846e2580  x17  0000007f84674fcc  x18  00000000ffffffff  x19  0000007f84b000d8
05-25 03:17:27.520  3968  3968 F DEBUG   :     x20  0000007f84b00018  x21  0000000000000002  x22  0000000000000006  x23  0000007f84b30000
05-25 03:17:27.520  3968  3968 F DEBUG   :     x24  0000007fff9e0c08  x25  0000007f84b553d0  x26  0000000000000000  x27  0000000000000000
05-25 03:17:27.520  3968  3968 F DEBUG   :     x28  0000000000000000  x29  0000007fff9e06e0  x30  0000007f84672768
05-25 03:17:27.520  3968  3968 F DEBUG   :     sp   0000007fff9e06e0  pc   0000007f84674fd4  pstate 0000000020000000
05-25 03:17:27.523  3968  3968 F DEBUG   : 
05-25 03:17:27.523  3968  3968 F DEBUG   : backtrace:
05-25 03:17:27.523  3968  3968 F DEBUG   :     #00 pc 0000000000068fd4  /system/lib64/libc.so (tgkill+8)
05-25 03:17:27.523  3968  3968 F DEBUG   :     #01 pc 0000000000066764  /system/lib64/libc.so (pthread_kill+68)
05-25 03:17:27.523  3968  3968 F DEBUG   :     #02 pc 0000000000023448  /system/lib64/libc.so (raise+28)
05-25 03:17:27.523  3968  3968 F DEBUG   :     #03 pc 000000000001dbe8  /system/lib64/libc.so (abort+60)
05-25 03:17:27.523  3968  3968 F DEBUG   :     #04 pc 000000000000b5a0  /system/bin/lhd
05-25 03:17:27.523  3968  3968 F DEBUG   :     #05 pc 000000000000b640  /system/bin/lhd
05-25 03:17:27.523  3968  3968 F DEBUG   :     #06 pc 000000000000bec4  /system/bin/lhd
05-25 03:17:27.523  3968  3968 F DEBUG   :     #07 pc 000000000000c2b0  /system/bin/lhd
05-25 03:17:27.523  3968  3968 F DEBUG   :     #08 pc 000000000000965c  /system/bin/lhd (main+64)
05-25 03:17:27.523  3968  3968 F DEBUG   :     #09 pc 000000000001bcd8  /system/lib64/libc.so (__libc_init+100)
05-25 03:17:27.523  3968  3968 F DEBUG   :     #10 pc 00000000000099e8  /system/bin/lhd
05-25 03:17:27.537  5939  5939 I mediaserver: ServiceManager: 0xf674e120
05-25 03:17:27.537  5939  5939 I AudioFlinger: Using default 3000 mSec as standby time.
05-25 03:17:27.537  5939  5939 E BatteryNotifier: batterystats service unavailable!
05-25 03:17:27.537  5939  5939 E BatteryNotifier: batterystats service unavailable!
05-25 03:17:27.537  5939  5939 I CameraService: CameraService started (pid=5939)
05-25 03:17:27.537  5939  5939 I CameraService: CameraService process starting
05-25 03:17:27.538  5939  5939 E BatteryNotifier: batterystats service unavailable!
05-25 03:17:27.538  5939  5939 E BatteryNotifier: batterystats service unavailable!
05-25 03:17:27.538  5939  5939 E CameraService: Could not load camera HAL module: -2 (No such file or directory)
05-25 03:17:27.538  5939  5939 I AudioPolicyService: AudioPolicyService CSTOR in new mode
05-25 03:17:27.538  5939  5939 W APM::HwModule: loadOutput() invalid supported devices
05-25 03:17:27.538  5939  5939 W APM::HwModule: loadOutput() invalid supported devices
05-25 03:17:27.538  5939  5939 W APM::HwModule: loadInput() invalid supported devices
05-25 03:17:27.538  5939  5939 W APM::HwModule: loadInput() invalid supported devices
05-25 03:17:27.539  5939  5939 I APM::ConfigParsingUtils: loadAudioPolicyConfig() loaded /system/etc/audio_policy.conf
05-25 03:17:27.544  3968  3968 F DEBUG   : 
05-25 03:17:27.544  3968  3968 F DEBUG   : Tombstone written to: /data/tombstones/tombstone_06
05-25 03:17:27.563  5966  5966 I SurfaceFlinger: SurfaceFlinger is starting
05-25 03:17:27.563  5966  5966 E SchedPolicy: /system/bin/surfaceflinger add_tid_to_cgroup failed; fd=-1
05-25 03:17:27.563  5966  5966 I SurfaceFlinger: SurfaceFlinger's main thread ready to run. Initializing graphics H/W...
05-25 03:17:27.571  5966  5966 D libEGL  : loaded /vendor/lib64/egl/libGLES_mali.so
05-25 03:17:27.578  5966  5966 I gralloc : using (id=)
05-25 03:17:27.578  5966  5966 I gralloc : xres         = 1440 px
05-25 03:17:27.578  5966  5966 I gralloc : yres         = 2560 px
05-25 03:17:27.578  5966  5966 I gralloc : width        = 68 mm (537.882324 dpi)
05-25 03:17:27.578  5966  5966 I gralloc : height       = 122 mm (532.983582 dpi)
05-25 03:17:27.578  5966  5966 I gralloc : refresh rate = 59.42 Hz
05-25 03:17:27.583  5966  5966 D hwcomposer: using
05-25 03:17:27.583  5966  5966 D hwcomposer: xres         = 1440 px
05-25 03:17:27.583  5966  5966 D hwcomposer: yres         = 2560 px
05-25 03:17:27.583  5966  5966 D hwcomposer: width        = 68 mm (537.882000 dpi)
05-25 03:17:27.583  5966  5966 D hwcomposer: height       = 122 mm (532.983000 dpi)
05-25 03:17:27.583  5966  5966 D hwcomposer: refresh rate = 59 Hz
05-25 03:17:27.583  5966  5966 I hwcomposer: PSR info devname = /sys/devices/13960000.decon_f/psr_info
05-25 03:17:27.583  5966  5966 I hwcomposer: PSR mode is 6(0: video mode, 1: DP PSR mode, 2: MIPI-DSI command mode)
05-25 03:17:27.583  5966  5966 I SurfaceFlinger: Using composer version 1.3
05-25 03:17:27.583  5966  5966 E display : unknown display attribute 6
05-25 03:17:27.583  5966  5966 I SurfaceFlinger: EGL information:
05-25 03:17:27.583  5966  5966 I SurfaceFlinger: vendor    : Android
05-25 03:17:27.583  5966  5966 I SurfaceFlinger: version   : 1.4 Android META-EGL
05-25 03:17:27.583  5966  5966 I SurfaceFlinger: extensions: EGL_KHR_get_all_proc_addresses EGL_ANDROID_presentation_time EGL_KHR_swap_buffers_with_damage EGL_KHR_image EGL_KHR_image_base EGL_KHR_gl_texture_2D_image EGL_KHR_gl_texture_cubemap_image EGL_KHR_gl_renderbuffer_image EGL_KHR_fence_sync EGL_KHR_create_context EGL_KHR_config_attribs EGL_KHR_surfaceless_context EGL_EXT_create_context_robustness EGL_ANDROID_image_native_buffer EGL_KHR_wait_sync EGL_ANDROID_recordable EGL_KHR_partial_update 
05-25 03:17:27.583  5966  5966 I SurfaceFlinger: Client API: OpenGL_ES
05-25 03:17:27.583  5966  5966 I SurfaceFlinger: EGLSurface: 8-8-8-8, config=0x7f8a67b128
05-25 03:17:27.584  5966  5966 D         : ro.exynos.dss isEnabled: 0
05-25 03:17:27.586  5966  5966 I SurfaceFlinger: OpenGL ES informations:
05-25 03:17:27.586  5966  5966 I SurfaceFlinger: vendor    : ARM
05-25 03:17:27.586  5966  5966 I SurfaceFlinger: renderer  : Mali-T880
05-25 03:17:27.586  5966  5966 I SurfaceFlinger: version   : OpenGL ES 3.1 v1.r9p0-12dev0.c2bae768d87bf40047e1f310c8de7f16
05-25 03:17:27.586  5966  5966 I SurfaceFlinger: extensions: GL_EXT_debug_marker GL_ARM_rgba8 GL_ARM_mali_shader_binary GL_OES_depth24 GL_OES_depth_texture GL_OES_depth_texture_cube_map GL_OES_packed_depth_stencil GL_OES_rgb8_rgba8 GL_EXT_read_format_bgra GL_OES_compressed_paletted_texture GL_OES_compressed_ETC1_RGB8_texture GL_OES_standard_derivatives GL_OES_EGL_image GL_OES_EGL_image_external GL_OES_EGL_sync GL_OES_texture_npot GL_OES_vertex_half_float GL_OES_required_internalformat GL_OES_vertex_array_object GL_OES_mapbuffer GL_EXT_texture_format_BGRA8888 GL_EXT_texture_rg GL_EXT_texture_type_2_10_10_10_REV GL_OES_fbo_render_mipmap GL_OES_element_index_uint GL_EXT_shadow_samplers GL_OES_texture_compression_astc GL_KHR_texture_compression_astc_ldr GL_KHR_texture_compression_astc_hdr GL_KHR_debug GL_EXT_occlusion_query_boolean GL_EXT_disjoint_timer_query GL_EXT_blend_minmax GL_EXT_discard_framebuffer GL_OES_get_program_binary GL_OES_texture_3D GL_EXT_texture_storage GL_EXT_multisampled_render_to_texture GL_OES_surfaceless_context GL_OES_texture_stencil8 G
05-25 03:17:27.586  5966  5966 I SurfaceFlinger: GL_MAX_TEXTURE_SIZE = 8192
05-25 03:17:27.586  5966  5966 I SurfaceFlinger: GL_MAX_VIEWPORT_DIMS = 8192
05-25 03:17:27.586  5966  5966 D mali_winsys: new_window_surface returns 0x3000,  [1440x2560]-format:1
05-25 03:17:27.587  5966  5966 D SurfaceFlinger: Set power mode=2, type=0 flinger=0x7f8a643c00
05-25 03:17:27.655  5941  5941 D AndroidRuntime: >>>>>> START com.android.internal.os.ZygoteInit uid 0 <<<<<<
05-25 03:17:27.658  5941  5941 D AndroidRuntime: CheckJNI is ON
05-25 03:17:27.658  5941  5941 I art     : option[0]=-Xzygote
05-25 03:17:27.658  5941  5941 I art     : option[1]=-Xcheck:jni
05-25 03:17:27.658  5941  5941 I art     : option[2]=-Xstacktracefile:/data/anr/traces.txt
05-25 03:17:27.658  5941  5941 I art     : option[3]=exit
05-25 03:17:27.658  5941  5941 I art     : option[4]=vfprintf
05-25 03:17:27.658  5941  5941 I art     : option[5]=sensitiveThread
05-25 03:17:27.658  5941  5941 I art     : option[6]=-verbose:gc
05-25 03:17:27.658  5941  5941 I art     : option[7]=-Xms8m
05-25 03:17:27.658  5941  5941 I art     : option[8]=-Xmx512m
05-25 03:17:27.658  5941  5941 I art     : option[9]=-XX:HeapGrowthLimit=256m
05-25 03:17:27.658  5941  5941 I art     : option[10]=-XX:HeapMinFree=2m
05-25 03:17:27.658  5941  5941 I art     : option[11]=-XX:HeapMaxFree=8m
05-25 03:17:27.658  5941  5941 I art     : option[12]=-XX:HeapTargetUtilization=0.75
05-25 03:17:27.658  5941  5941 I art     : option[13]=-Xusejit:true
05-25 03:17:27.658  5941  5941 I art     : option[14]=-agentlib:jdwp=transport=dt_android_adb,suspend=n,server=y
05-25 03:17:27.658  5941  5941 I art     : option[15]=-Xlockprofthreshold:500
05-25 03:17:27.658  5941  5941 I art     : option[16]=-Ximage-compiler-option
05-25 03:17:27.658  5941  5941 I art     : option[17]=--runtime-arg
05-25 03:17:27.658  5941  5941 I art     : option[18]=-Ximage-compiler-option
05-25 03:17:27.658  5941  5941 I art     : option[19]=-Xms64m
05-25 03:17:27.658  5941  5941 I art     : option[20]=-Ximage-compiler-option
05-25 03:17:27.658  5941  5941 I art     : option[21]=--runtime-arg
05-25 03:17:27.658  5941  5941 I art     : option[22]=-Ximage-compiler-option
05-25 03:17:27.658  5941  5941 I art     : option[23]=-Xmx64m
05-25 03:17:27.658  5941  5941 I art     : option[24]=-Ximage-compiler-option
05-25 03:17:27.658  5941  5941 I art     : option[25]=--compiler-filter=verify-at-runtime
05-25 03:17:27.658  5941  5941 I art     : option[26]=-Ximage-compiler-option
05-25 03:17:27.658  5941  5941 I art     : option[27]=--image-classes=/system/etc/preloaded-classes
05-25 03:17:27.658  5941  5941 I art     : option[28]=-Xcompiler-option
05-25 03:17:27.658  5941  5941 I art     : option[29]=--runtime-arg
05-25 03:17:27.658  5941  5941 I art     : option[30]=-Xcompiler-option
05-25 03:17:27.658  5941  5941 I art     : option[31]=-Xms64m
05-25 03:17:27.658  5941  5941 I art     : option[32]=-Xcompiler-option
05-25 03:17:27.658  5941  5941 I art     : option[33]=--runtime-arg
05-25 03:17:27.658  5941  5941 I art     : option[34]=-Xcompiler-option
05-25 03:17:27.658  5941  5941 I art     : option[35]=-Xmx512m
05-25 03:17:27.658  5941  5941 I art     : option[36]=-Xcompiler-option
05-25 03:17:27.658  5941  5941 I art     : option[37]=--compiler-filter=verify-at-runtime
05-25 03:17:27.658  5941  5941 I art     : option[38]=-Ximage-compiler-option
05-25 03:17:27.658  5941  5941 I art     : option[39]=--instruction-set-variant=generic
05-25 03:17:27.658  5941  5941 I art     : option[40]=-Xcompiler-option
05-25 03:17:27.658  5941  5941 I art     : option[41]=--instruction-set-variant=generic
05-25 03:17:27.658  5941  5941 I art     : option[42]=-Ximage-compiler-option
05-25 03:17:27.658  5941  5941 I art     : option[43]=--instruction-set-features=default
05-25 03:17:27.658  5941  5941 I art     : option[44]=-Xcompiler-option
05-25 03:17:27.658  5941  5941 I art     : option[45]=--instruction-set-features=default
05-25 03:17:27.658  5941  5941 I art     : option[46]=-Duser.locale=en-US
05-25 03:17:27.658  5941  5941 I art     : option[47]=--cpu-abilist=arm64-v8a,armeabi
05-25 03:17:27.658  5941  5941 I art     : option[48]=-Xfingerprint:samsung/cm_hero2ltexx/hero2ltexx:6.0.1/MOB30J/0ca414e6be:eng/test-keys
05-25 03:17:27.686  5941  5941 D ICU     : No timezone override file found: /data/misc/zoneinfo/current/icu/icu_tzdata.dat
05-25 03:17:27.744  5966  5966 D SurfaceFlinger: SF. shader cache generated - 26 shaders in 121.052727 ms
05-25 03:17:27.749  5966  5966 E display : ioctl S3CFB_WIN_CONFIG failed: Not a typewriter
05-25 03:17:27.749  5966  5966 F display : ioctl S3CFB_WIN_CONFIG failed to clear screen: Not a typewriter
05-25 03:17:27.749  5966  5966 F libc    : Fatal signal 6 (SIGABRT), code -6 in tid 5966 (surfaceflinger)
05-25 03:17:27.750  3968  3968 I DEBUG   : property debug.db.uid not set; NOT waiting for gdb.
05-25 03:17:27.750  3968  3968 I DEBUG   : HINT: adb shell setprop debug.db.uid 100000
05-25 03:17:27.750  3968  3968 I DEBUG   : HINT: adb forward tcp:5039 tcp:5039
05-25 03:17:27.801  3968  3968 F DEBUG   : *** *** *** *** *** *** *** *** *** *** *** *** *** *** *** ***
05-25 03:17:27.801  3968  3968 F DEBUG   : Build fingerprint: 'samsung/cm_hero2ltexx/hero2ltexx:6.0.1/MOB30J/0ca414e6be:eng/test-keys'
05-25 03:17:27.801  3968  3968 F DEBUG   : Revision: '0'
05-25 03:17:27.801  3968  3968 F DEBUG   : ABI: 'arm64'
05-25 03:17:27.802  3968  3968 F DEBUG   : pid: 5966, tid: 5966, name: surfaceflinger  >>> /system/bin/surfaceflinger <<<
05-25 03:17:27.802  3968  3968 F DEBUG   : signal 6 (SIGABRT), code -6 (SI_TKILL), fault addr --------
05-25 03:17:27.819  3968  3968 F DEBUG   : Abort message: 'ioctl S3CFB_WIN_CONFIG failed to clear screen: Not a typewriter'
05-25 03:17:27.819  3968  3968 F DEBUG   :     x0   0000000000000000  x1   000000000000174e  x2   0000000000000006  x3   0000000000000000
05-25 03:17:27.819  3968  3968 F DEBUG   :     x4   0000000000000000  x5   0000000000000001  x6   0000000000000000  x7   0000000000000000
05-25 03:17:27.819  3968  3968 F DEBUG   :     x8   0000000000000083  x9   0000000000000049  x10  0000007ff480336c  x11  0000007ff48033a8
05-25 03:17:27.819  3968  3968 F DEBUG   :     x12  0000007ff4803280  x13  0000000000000040  x14  0000007ff4803458  x15  0000000000000000
05-25 03:17:27.819  3968  3968 F DEBUG   :     x16  0000007f8ac16580  x17  0000007f8aba8fcc  x18  0000007f8adc8f00  x19  0000007f8aebd0d8
05-25 03:17:27.819  3968  3968 F DEBUG   :     x20  0000007f8aebd018  x21  0000000000000019  x22  0000000000000006  x23  00000000ffffffff
05-25 03:17:27.819  3968  3968 F DEBUG   :     x24  0000000000000001  x25  0000007f8a65dbe0  x26  0000007f8ade3040  x27  0000007f8ae43000
05-25 03:17:27.819  3968  3968 F DEBUG   :     x28  0000000000000001  x29  0000007ff4803310  x30  0000007f8aba6768
05-25 03:17:27.819  3968  3968 F DEBUG   :     sp   0000007ff4803310  pc   0000007f8aba8fd4  pstate 0000000020000000
05-25 03:17:27.823  5941  5941 I Radio-JNI: register_android_hardware_Radio DONE
05-25 03:17:27.833  3968  3968 F DEBUG   : 
05-25 03:17:27.833  3968  3968 F DEBUG   : backtrace:
05-25 03:17:27.834  3968  3968 F DEBUG   :     #00 pc 0000000000068fd4  /system/lib64/libc.so (tgkill+8)
05-25 03:17:27.834  3968  3968 F DEBUG   :     #01 pc 0000000000066764  /system/lib64/libc.so (pthread_kill+68)
05-25 03:17:27.834  3968  3968 F DEBUG   :     #02 pc 0000000000023448  /system/lib64/libc.so (raise+28)
05-25 03:17:27.834  3968  3968 F DEBUG   :     #03 pc 000000000001dbe8  /system/lib64/libc.so (abort+60)
05-25 03:17:27.834  3968  3968 F DEBUG   :     #04 pc 0000000000003a7c  /system/lib64/liblog.so (__android_log_assert+236)
05-25 03:17:27.834  3968  3968 F DEBUG   :     #05 pc 0000000000003898  /system/lib64/libdisplay.so (_ZN20ExynosOverlayDisplay12clearDisplayEv+116)
05-25 03:17:27.834  3968  3968 F DEBUG   :     #06 pc 000000000000392c  /system/lib64/libdisplay.so (_ZN20ExynosOverlayDisplay3setEP22hwc_display_contents_1+144)
05-25 03:17:27.834  3968  3968 F DEBUG   :     #07 pc 0000000000002318  /system/lib64/hw/hwcomposer.exynos5.so (_Z11exynos5_setP21hwc_composer_device_1mPP22hwc_display_contents_1+68)
05-25 03:17:27.834  3968  3968 F DEBUG   :     #08 pc 000000000003cf5c  /system/lib64/libsurfaceflinger.so
05-25 03:17:27.834  3968  3968 F DEBUG   :     #09 pc 000000000002fc74  /system/lib64/libsurfaceflinger.so
05-25 03:17:27.834  3968  3968 F DEBUG   :     #10 pc 000000000002f300  /system/lib64/libsurfaceflinger.so
05-25 03:17:27.834  3968  3968 F DEBUG   :     #11 pc 000000000002e1a0  /system/lib64/libsurfaceflinger.so
05-25 03:17:27.834  3968  3968 F DEBUG   :     #12 pc 000000000002df08  /system/lib64/libsurfaceflinger.so
05-25 03:17:27.834  3968  3968 F DEBUG   :     #13 pc 000000000001aed4  /system/lib64/libutils.so (_ZN7android6Looper9pollInnerEi+312)
05-25 03:17:27.834  3968  3968 F DEBUG   :     #14 pc 000000000001b20c  /system/lib64/libutils.so (_ZN7android6Looper8pollOnceEiPiS1_PPv+80)
05-25 03:17:27.834  3968  3968 F DEBUG   :     #15 pc 000000000002a344  /system/lib64/libsurfaceflinger.so
05-25 03:17:27.835  3968  3968 F DEBUG   :     #16 pc 000000000002d9fc  /system/lib64/libsurfaceflinger.so (_ZN7android14SurfaceFlinger3runEv+20)
05-25 03:17:27.835  3968  3968 F DEBUG   :     #17 pc 00000000000011ec  /system/bin/surfaceflinger
05-25 03:17:27.835  3968  3968 F DEBUG   :     #18 pc 000000000001bcd8  /system/lib64/libc.so (__libc_init+100)
05-25 03:17:27.835  3968  3968 F DEBUG   :     #19 pc 000000000000101c  /system/bin/surfaceflinger
05-25 03:17:27.867  5941  5941 I SamplingProfilerIntegration: Profiling disabled.
05-25 03:17:27.868  5941  5941 D Zygote  : begin preload
05-25 03:17:27.870  5941  5941 I Zygote  : Preloading classes...
05-25 03:17:27.946  3968  3968 F DEBUG   : 
05-25 03:17:27.946  3968  3968 F DEBUG   : Tombstone written to: /data/tombstones/tombstone_00
05-25 03:17:28.020  2893  2893 I ServiceManager: service 'SurfaceFlinger' died
05-25 03:17:28.020  5991  6001 E SurfaceControl: invalid handle (0x0) or client (0x7fa1d5c640)
05-25 03:17:28.020  5991  5999 W SurfaceComposerClient: ComposerService remote (surfaceflinger) died [0x7fa1d63320]
05-25 03:17:28.020  5991  5999 D BootAnimation: SurfaceFlinger died, exiting...
05-25 03:17:28.040  2893  2893 I ServiceManager: service 'media.audio_flinger' died
05-25 03:17:28.040  2893  2893 I ServiceManager: service 'media.player' died
05-25 03:17:28.040  2893  2893 I ServiceManager: service 'media.resource_manager' died
05-25 03:17:28.040  2893  2893 I ServiceManager: service 'media.camera' died
05-25 03:17:32.072  6074  6074 I Netd    : Netd 1.0 starting
05-25 03:17:32.072  6074  6074 I QtiConnectivityAdapter: Failed to open libconnctrl, some features may not be present.
05-25 03:17:32.072  6074  6074 D TetherController: Setting IP forward enable = 0
05-25 03:17:32.069  2966  2966 W auditd  : type=1325 audit(0.0:2205): table=filter family=2 entries=50
05-25 03:17:32.069  2966  2966 W auditd  : type=1320 audit(0.0:2205): 
05-25 03:17:32.089  6077  6077 V lhd     : GlLhdInterface::Init(/system/etc/lhd.conf)
05-25 03:17:32.089  6077  6077 E lhd     : Failed to read config file "/system/etc/lhd.conf"
05-25 03:17:32.089  6077  6077 E lhd     : ASSERT in GlLhdInterface.cpp:141: Failed to parse config file.
05-25 03:17:32.079  2966  2966 W auditd  : type=1325 audit(0.0:2206): table=filter family=10 entries=53
05-25 03:17:32.079  2966  2966 W auditd  : type=1320 audit(0.0:2206): 
05-25 03:17:32.099  6077  6077 F libc    : Fatal signal 6 (SIGABRT), code -6 in tid 6077 (lhd)
05-25 03:17:32.099  3968  3968 I DEBUG   : property debug.db.uid not set; NOT waiting for gdb.
05-25 03:17:32.099  3968  3968 I DEBUG   : HINT: adb shell setprop debug.db.uid 100000
05-25 03:17:32.099  3968  3968 I DEBUG   : HINT: adb forward tcp:5039 tcp:5039
05-25 03:17:32.089  2966  2966 W auditd  : type=1325 audit(0.0:2207): table=filter family=2 entries=49
05-25 03:17:32.089  2966  2966 W auditd  : type=1320 audit(0.0:2207): 
05-25 03:17:32.099  2966  2966 W auditd  : type=1325 audit(0.0:2208): table=filter family=10 entries=52
05-25 03:17:32.099  2966  2966 W auditd  : type=1320 audit(0.0:2208): 
05-25 03:17:32.099  2966  2966 W auditd  : type=1325 audit(0.0:2209): table=filter family=2 entries=49
05-25 03:17:32.099  2966  2966 W auditd  : type=1320 audit(0.0:2209): 
05-25 03:17:32.109  2966  2966 W auditd  : type=1325 audit(0.0:2210): table=filter family=10 entries=52
05-25 03:17:32.109  2966  2966 W auditd  : type=1320 audit(0.0:2210): 
05-25 03:17:32.109  2966  2966 W auditd  : type=1325 audit(0.0:2211): table=filter family=2 entries=47
05-25 03:17:32.109  2966  2966 W auditd  : type=1320 audit(0.0:2211): 
05-25 03:17:32.119  2966  2966 W auditd  : type=1325 audit(0.0:2212): table=filter family=10 entries=50
05-25 03:17:32.119  2966  2966 W auditd  : type=1320 audit(0.0:2212): 
05-25 03:17:32.119  2966  2966 W auditd  : type=1325 audit(0.0:2213): table=filter family=2 entries=49
05-25 03:17:32.119  2966  2966 W auditd  : type=1320 audit(0.0:2213): 
05-25 03:17:32.129  2966  2966 W auditd  : type=1325 audit(0.0:2214): table=filter family=10 entries=52
05-25 03:17:32.129  2966  2966 W auditd  : type=1320 audit(0.0:2214): 
05-25 03:17:32.150  3968  3968 F DEBUG   : *** *** *** *** *** *** *** *** *** *** *** *** *** *** *** ***
05-25 03:17:32.150  3968  3968 F DEBUG   : Build fingerprint: 'samsung/cm_hero2ltexx/hero2ltexx:6.0.1/MOB30J/0ca414e6be:eng/test-keys'
05-25 03:17:32.150  3968  3968 F DEBUG   : Revision: '0'
05-25 03:17:32.150  3968  3968 F DEBUG   : ABI: 'arm64'
05-25 03:17:32.150  3968  3968 F DEBUG   : pid: 6077, tid: 6077, name: lhd  >>> /system/bin/lhd <<<
05-25 03:17:32.150  3968  3968 F DEBUG   : signal 6 (SIGABRT), code -6 (SI_TKILL), fault addr --------
05-25 03:17:32.152  3968  3968 F DEBUG   :     x0   0000000000000000  x1   00000000000017bd  x2   0000000000000006  x3   0000000000000000
05-25 03:17:32.152  3968  3968 F DEBUG   :     x4   0000000000000000  x5   0000000000000001  x6   0000000000000000  x7   0000000000000000
05-25 03:17:32.152  3968  3968 F DEBUG   :     x8   0000000000000083  x9   0000007fe4dcf050  x10  00000000ffffffd8  x11  00000000ffffff80
05-25 03:17:32.152  3968  3968 F DEBUG   :     x12  0000007f92e6ae10  x13  0a7e2915a219b256  x14  0000007f92e0e658  x15  0000000000000001
05-25 03:17:32.152  3968  3968 F DEBUG   :     x16  0000007f929fa580  x17  0000007f9298cfcc  x18  00000000ffffffff  x19  0000007f92e180d8
05-25 03:17:32.152  3968  3968 F DEBUG   :     x20  0000007f92e18018  x21  0000000000000002  x22  0000000000000006  x23  0000007f92e48000
05-25 03:17:32.152  3968  3968 F DEBUG   :     x24  0000007fe4dcf648  x25  0000007f92e6d3d0  x26  0000000000000000  x27  0000000000000000
05-25 03:17:32.152  3968  3968 F DEBUG   :     x28  0000000000000000  x29  0000007fe4dcf120  x30  0000007f9298a768
05-25 03:17:32.152  3968  3968 F DEBUG   :     sp   0000007fe4dcf120  pc   0000007f9298cfd4  pstate 0000000020000000
05-25 03:17:32.155  3968  3968 F DEBUG   : 
05-25 03:17:32.155  3968  3968 F DEBUG   : backtrace:
05-25 03:17:32.155  3968  3968 F DEBUG   :     #00 pc 0000000000068fd4  /system/lib64/libc.so (tgkill+8)
05-25 03:17:32.155  3968  3968 F DEBUG   :     #01 pc 0000000000066764  /system/lib64/libc.so (pthread_kill+68)
05-25 03:17:32.155  3968  3968 F DEBUG   :     #02 pc 0000000000023448  /system/lib64/libc.so (raise+28)
05-25 03:17:32.155  3968  3968 F DEBUG   :     #03 pc 000000000001dbe8  /system/lib64/libc.so (abort+60)
05-25 03:17:32.155  3968  3968 F DEBUG   :     #04 pc 000000000000b5a0  /system/bin/lhd
05-25 03:17:32.155  3968  3968 F DEBUG   :     #05 pc 000000000000b640  /system/bin/lhd
05-25 03:17:32.155  3968  3968 F DEBUG   :     #06 pc 000000000000bec4  /system/bin/lhd
05-25 03:17:32.155  3968  3968 F DEBUG   :     #07 pc 000000000000c2b0  /system/bin/lhd
05-25 03:17:32.155  3968  3968 F DEBUG   :     #08 pc 000000000000965c  /system/bin/lhd (main+64)
05-25 03:17:32.155  3968  3968 F DEBUG   :     #09 pc 000000000001bcd8  /system/lib64/libc.so (__libc_init+100)
05-25 03:17:32.155  3968  3968 F DEBUG   :     #10 pc 00000000000099e8  /system/bin/lhd
05-25 03:17:32.175  3968  3968 F DEBUG   : 
05-25 03:17:32.175  3968  3968 F DEBUG   : Tombstone written to: /data/tombstones/tombstone_07
05-25 03:17:32.201  6076  6076 I mediaserver: ServiceManager: 0xf618e120
05-25 03:17:32.201  6076  6076 I AudioFlinger: Using default 3000 mSec as standby time.
05-25 03:17:32.201  6076  6076 E BatteryNotifier: batterystats service unavailable!
05-25 03:17:32.202  6076  6076 E BatteryNotifier: batterystats service unavailable!
05-25 03:17:32.202  6076  6076 I CameraService: CameraService started (pid=6076)
05-25 03:17:32.202  6076  6076 I CameraService: CameraService process starting
05-25 03:17:32.202  6076  6076 E BatteryNotifier: batterystats service unavailable!
05-25 03:17:32.202  6076  6076 E BatteryNotifier: batterystats service unavailable!
05-25 03:17:32.202  6076  6076 E CameraService: Could not load camera HAL module: -2 (No such file or directory)
05-25 03:17:32.203  6076  6076 I AudioPolicyService: AudioPolicyService CSTOR in new mode
05-25 03:17:32.203  6076  6076 W APM::HwModule: loadOutput() invalid supported devices
05-25 03:17:32.203  6076  6076 W APM::HwModule: loadOutput() invalid supported devices
05-25 03:17:32.203  6076  6076 W APM::HwModule: loadInput() invalid supported devices
05-25 03:17:32.203  6076  6076 W APM::HwModule: loadInput() invalid supported devices
05-25 03:17:32.203  6076  6076 I APM::ConfigParsingUtils: loadAudioPolicyConfig() loaded /system/etc/audio_policy.conf
05-25 03:17:32.285  6078  6078 D AndroidRuntime: >>>>>> START com.android.internal.os.ZygoteInit uid 0 <<<<<<
05-25 03:17:32.287  6078  6078 D AndroidRuntime: CheckJNI is ON
05-25 03:17:32.287  6078  6078 I art     : option[0]=-Xzygote
05-25 03:17:32.287  6078  6078 I art     : option[1]=-Xcheck:jni
05-25 03:17:32.287  6078  6078 I art     : option[2]=-Xstacktracefile:/data/anr/traces.txt
05-25 03:17:32.287  6078  6078 I art     : option[3]=exit
05-25 03:17:32.287  6078  6078 I art     : option[4]=vfprintf
05-25 03:17:32.287  6078  6078 I art     : option[5]=sensitiveThread
05-25 03:17:32.287  6078  6078 I art     : option[6]=-verbose:gc
05-25 03:17:32.287  6078  6078 I art     : option[7]=-Xms8m
05-25 03:17:32.287  6078  6078 I art     : option[8]=-Xmx512m
05-25 03:17:32.287  6078  6078 I art     : option[9]=-XX:HeapGrowthLimit=256m
05-25 03:17:32.287  6078  6078 I art     : option[10]=-XX:HeapMinFree=2m
05-25 03:17:32.287  6078  6078 I art     : option[11]=-XX:HeapMaxFree=8m
05-25 03:17:32.287  6078  6078 I art     : option[12]=-XX:HeapTargetUtilization=0.75
05-25 03:17:32.287  6078  6078 I art     : option[13]=-Xusejit:true
05-25 03:17:32.287  6078  6078 I art     : option[14]=-agentlib:jdwp=transport=dt_android_adb,suspend=n,server=y
05-25 03:17:32.287  6078  6078 I art     : option[15]=-Xlockprofthreshold:500
05-25 03:17:32.287  6078  6078 I art     : option[16]=-Ximage-compiler-option
05-25 03:17:32.287  6078  6078 I art     : option[17]=--runtime-arg
05-25 03:17:32.287  6078  6078 I art     : option[18]=-Ximage-compiler-option
05-25 03:17:32.287  6078  6078 I art     : option[19]=-Xms64m
05-25 03:17:32.287  6078  6078 I art     : option[20]=-Ximage-compiler-option
05-25 03:17:32.288  6078  6078 I art     : option[21]=--runtime-arg
05-25 03:17:32.288  6078  6078 I art     : option[22]=-Ximage-compiler-option
05-25 03:17:32.288  6078  6078 I art     : option[23]=-Xmx64m
05-25 03:17:32.288  6078  6078 I art     : option[24]=-Ximage-compiler-option
05-25 03:17:32.288  6078  6078 I art     : option[25]=--compiler-filter=verify-at-runtime
05-25 03:17:32.288  6078  6078 I art     : option[26]=-Ximage-compiler-option
05-25 03:17:32.288  6078  6078 I art     : option[27]=--image-classes=/system/etc/preloaded-classes
05-25 03:17:32.288  6078  6078 I art     : option[28]=-Xcompiler-option
05-25 03:17:32.288  6078  6078 I art     : option[29]=--runtime-arg
05-25 03:17:32.288  6078  6078 I art     : option[30]=-Xcompiler-option
05-25 03:17:32.288  6078  6078 I art     : option[31]=-Xms64m
05-25 03:17:32.288  6078  6078 I art     : option[32]=-Xcompiler-option
05-25 03:17:32.288  6078  6078 I art     : option[33]=--runtime-arg
05-25 03:17:32.288  6078  6078 I art     : option[34]=-Xcompiler-option
05-25 03:17:32.288  6078  6078 I art     : option[35]=-Xmx512m
05-25 03:17:32.288  6078  6078 I art     : option[36]=-Xcompiler-option
05-25 03:17:32.288  6078  6078 I art     : option[37]=--compiler-filter=verify-at-runtime
05-25 03:17:32.288  6078  6078 I art     : option[38]=-Ximage-compiler-option
05-25 03:17:32.288  6078  6078 I art     : option[39]=--instruction-set-variant=generic
05-25 03:17:32.288  6078  6078 I art     : option[40]=-Xcompiler-option
05-25 03:17:32.288  6078  6078 I art     : option[41]=--instruction-set-variant=generic
05-25 03:17:32.288  6078  6078 I art     : option[42]=-Ximage-compiler-option
05-25 03:17:32.288  6078  6078 I art     : option[43]=--instruction-set-features=default
05-25 03:17:32.288  6078  6078 I art     : option[44]=-Xcompiler-option
05-25 03:17:32.288  6078  6078 I art     : option[45]=--instruction-set-features=default
05-25 03:17:32.288  6078  6078 I art     : option[46]=-Duser.locale=en-US
05-25 03:17:32.288  6078  6078 I art     : option[47]=--cpu-abilist=arm64-v8a,armeabi
05-25 03:17:32.288  6078  6078 I art     : option[48]=-Xfingerprint:samsung/cm_hero2ltexx/hero2ltexx:6.0.1/MOB30J/0ca414e6be:eng/test-keys
05-25 03:17:32.313  6078  6078 D ICU     : No timezone override file found: /data/misc/zoneinfo/current/icu/icu_tzdata.dat
05-25 03:17:32.443  6078  6078 I Radio-JNI: register_android_hardware_Radio DONE
05-25 03:17:32.486  6078  6078 I SamplingProfilerIntegration: Profiling disabled.
05-25 03:17:32.487  6078  6078 D Zygote  : begin preload
05-25 03:17:32.488  6078  6078 I Zygote  : Preloading classes...
05-25 03:17:32.742  6076  6076 I AudioFlinger: loadHwModule() Loaded primary audio interface from Samsung audio HW HAL (audio) handle 1
05-25 03:17:32.742  6076  6076 I AudioFlinger: openOutput(), module 1 Device 2, SamplingRate 48000, Format 0x000001, Channels 3, flags a
05-25 03:17:32.742  6076  6076 I AudioFlinger: AudioStreamOut::open(), mHalFormatIsLinearPcm = 1
05-25 03:17:32.742  6076  6076 I AudioFlinger: HAL output buffer size 1024 frames, normal sink buffer size 1024 frames
05-25 03:17:32.743  6076  6076 W EffectsFactory: loadLibrary() failed to open /system/lib/soundfx/libaudioeffectoffload.so
05-25 03:17:32.744  6076  6076 W EffectsFactory: loadLibrary() failed to open /system/lib/soundfx/libexynosvisualizer.so
05-25 03:17:32.745  6076  6076 W EffectsFactory: loadLibrary() failed to open /system/lib/libmysound.so
05-25 03:17:32.745  6076  6076 W EffectsFactory: loadLibrary() failed to open /system/lib/soundfx/libmyspace.so
05-25 03:17:32.745  6076  6076 W EffectsFactory: loadLibrary() failed to open /system/lib/libaudiosa.so
05-25 03:17:32.746  6076  6076 W EffectsFactory: loadLibrary() failed to open /system/lib/soundfx/libaudiosaplus_sec.so
05-25 03:17:32.746  6076  6076 W EffectsFactory: loadLibrary() failed to open /system/lib/libsamsungSoundbooster_plus.so
05-25 03:17:32.746  6076  6076 W EffectsFactory: loadEffect() could not get library soundbooster_plus
05-25 03:17:32.746  6076  6076 W EffectsFactory: addSubEffect() could not get library soundalive_sec
05-25 03:17:32.746  6076  6076 W EffectsFactory: loadEffect() could not add subEffect 
05-25 03:17:32.746  6076  6076 W EffectsFactory: loadEffect() could not get library soundalive
05-25 03:17:32.746  6076  6076 W EffectsFactory: loadEffect() could not get library soundalive
05-25 03:17:32.746  6076  6076 W EffectsFactory: loadEffect() could not get library soundalive
05-25 03:17:32.746  6076  6076 W EffectsFactory: addSubEffect() could not get library visualizer_hw
05-25 03:17:32.746  6076  6076 W EffectsFactory: loadEffect() could not add subEffect 
05-25 03:17:32.746  6076  6076 W EffectsFactory: addSubEffect() could not get library mysound
05-25 03:17:32.746  6076  6076 W EffectsFactory: loadEffect() could not add subEffect 
05-25 03:17:32.746  6076  6076 W EffectsFactory: addSubEffect() could not get library myspace
05-25 03:17:32.746  6076  6076 W EffectsFactory: loadEffect() could not add subEffect 
05-25 03:17:32.746  6076  6076 I BufferProvider: found effect "Multichannel Downmix To Stereo" from The Android Open Source Project
05-25 03:17:32.746  6076  6076 I AudioFlinger: Using module 1 has the primary audio interface
05-25 03:17:32.746  6076  6230 I AudioFlinger: AudioFlinger's thread 0xf4540000 ready to run
05-25 03:17:32.747  6076  6230 V audio_hw_primary: out_set_parameters: key value pairs: routing=2
05-25 03:17:32.747  6076  6230 V audio_hw_primary: do_out_standby: output standby: 1
05-25 03:17:32.747  6076  6230 E AudioFlinger: no wake lock to update!
05-25 03:17:32.748  6076  6076 I AudioFlinger: openOutput(), module 1 Device 2, SamplingRate 48000, Format 0x000001, Channels 3, flags 4
05-25 03:17:32.748  6076  6076 I AudioFlinger: AudioStreamOut::open(), mHalFormatIsLinearPcm = 1
05-25 03:17:32.748  6076  6076 I AudioFlinger: HAL output buffer size 256 frames, normal sink buffer size 960 frames
05-25 03:17:32.749  6076  6076 E MonoPipe: Failed to fetch local time frequency when constructing a MonoPipe (res = -32).  getNextWriteTimestamp calls will be non-functional
05-25 03:17:32.749  6076  6232 I AudioFlinger: AudioFlinger's thread 0xf4200000 ready to run
05-25 03:17:32.749  6076  6232 V audio_hw_primary: do_out_standby: output standby: 1
05-25 03:17:32.749  6076  6232 V audio_hw_primary: out_set_parameters: key value pairs: routing=2
05-25 03:17:32.749  6076  6232 E AudioFlinger: no wake lock to update!
05-25 03:17:32.751  6076  6076 V audio_hw_primary: adev_open_input_stream: Requesting input stream with rate: 48000, channels: 0xc
05-25 03:17:32.751  6076  6234 I AudioFlinger: AudioFlinger's thread 0xf3f00000 ready to run
05-25 03:17:32.752  6076  6076 I bt_a2dp_hw: adev_open:  adev_open in A2dp_hw module
05-25 03:17:32.752  6076  6076 I AudioFlinger: loadHwModule() Loaded a2dp audio interface from A2DP Audio HW HAL (audio) handle 5
05-25 03:17:32.752  6076  6076 I AudioFlinger: loadHwModule() Loaded usb audio interface from USB audio HW HAL (audio) handle 6
05-25 03:17:32.753  6076  6076 I r_submix: adev_open(name=audio_hw_if)
05-25 03:17:32.753  6076  6076 I r_submix: adev_init_check()
05-25 03:17:32.753  6076  6076 I AudioFlinger: loadHwModule() Loaded r_submix audio interface from Wifi Display audio HAL (audio) handle 7
05-25 03:17:32.753  6076  6076 D r_submix: adev_open_input_stream(addr=0)
05-25 03:17:32.753  6076  6076 D r_submix: submix_audio_device_create_pipe_l(addr=0, idx=9)
05-25 03:17:32.753  6076  6076 D r_submix:   now using address 0 for route 9
05-25 03:17:32.753  6076  6235 I AudioFlinger: AudioFlinger's thread 0xf3e40000 ready to run
05-25 03:17:32.753  6076  6076 D r_submix: adev_close_input_stream()
05-25 03:17:32.753  6076  6076 D r_submix: submix_audio_device_release_pipe_l(idx=9) addr=0
05-25 03:17:32.753  6076  6076 D r_submix: submix_audio_device_destroy_pipe_l(): pipe destroyed
05-25 03:17:32.753  6076  6076 F libc    : Fatal signal 11 (SIGSEGV), code 1, fault addr 0x0 in tid 6076 (mediaserver)
05-25 03:17:32.754  3967  3967 I DEBUG   : property debug.db.uid not set; NOT waiting for gdb.
05-25 03:17:32.754  3967  3967 I DEBUG   : HINT: adb shell setprop debug.db.uid 100000
05-25 03:17:32.754  3967  3967 I DEBUG   : HINT: adb forward tcp:5039 tcp:5039
05-25 03:17:32.805  3967  3967 F DEBUG   : *** *** *** *** *** *** *** *** *** *** *** *** *** *** *** ***
05-25 03:17:32.805  3967  3967 F DEBUG   : Build fingerprint: 'samsung/cm_hero2ltexx/hero2ltexx:6.0.1/MOB30J/0ca414e6be:eng/test-keys'
05-25 03:17:32.805  3967  3967 F DEBUG   : Revision: '0'
05-25 03:17:32.805  3967  3967 F DEBUG   : ABI: 'arm'
05-25 03:17:32.806  3967  3967 F DEBUG   : pid: 6076, tid: 6076, name: mediaserver  >>> /system/bin/mediaserver <<<
05-25 03:17:32.806  3967  3967 F DEBUG   : signal 11 (SIGSEGV), code 1 (SEGV_MAPERR), fault addr 0x0
05-25 03:17:32.822  3967  3967 F DEBUG   :     r0 f45de8f4  r1 00000000  r2 65732020  r3 00000007
05-25 03:17:32.823  3967  3967 F DEBUG   :     r4 00000008  r5 f45de8f2  r6 f6fe1be0  r7 ff81aaf4
05-25 03:17:32.823  3967  3967 F DEBUG   :     r8 f463e00c  r9 f6fdf431  sl f6fdf635  fp f45de8f2
05-25 03:17:32.823  3967  3967 F DEBUG   :     ip 00000000  sp ff81aab0  lr f6fda4f7  pc f6b2d3c8  cpsr 600f0010
05-25 03:17:32.825  3967  3967 F DEBUG   : 
05-25 03:17:32.825  3967  3967 F DEBUG   : backtrace:
05-25 03:17:32.825  3967  3967 F DEBUG   :     #00 pc 000183c8  /system/lib/libc.so (strcmp+152)
05-25 03:17:32.825  3967  3967 F DEBUG   :     #01 pc 000084f3  /system/lib/libaudiopolicyservice.so
05-25 03:17:32.825  3967  3967 F DEBUG   :     #02 pc 0001faf0  [stack]
05-25 03:17:32.839  6078  6078 E Minikin : addFont failed to create font /system/fonts/NanumGothic.ttf
05-25 03:17:32.840  6078  6078 E Minikin : addFont failed to create font /system/fonts/DroidSansFallback.ttf
05-25 03:17:32.840  6078  6078 E Minikin : addFont failed to create font /system/fonts/MTLmr3m.ttf
05-25 03:17:32.896  3967  3967 F DEBUG   : 
05-25 03:17:32.896  3967  3967 F DEBUG   : Tombstone written to: /data/tombstones/tombstone_08
05-25 03:17:32.899  2893  2893 I ServiceManager: service 'media.audio_flinger' died
05-25 03:17:32.899  2893  2893 I ServiceManager: service 'media.player' died
05-25 03:17:32.899  2893  2893 I ServiceManager: service 'media.resource_manager' died
05-25 03:17:32.899  2893  2893 I ServiceManager: service 'media.camera' died
05-25 03:17:32.916  6273  6273 I SurfaceFlinger: SurfaceFlinger is starting
05-25 03:17:32.916  6273  6273 E SchedPolicy: /system/bin/surfaceflinger add_tid_to_cgroup failed; fd=-1
05-25 03:17:32.916  6273  6273 I SurfaceFlinger: SurfaceFlinger's main thread ready to run. Initializing graphics H/W...
05-25 03:17:32.922  6273  6273 D libEGL  : loaded /vendor/lib64/egl/libGLES_mali.so
05-25 03:17:32.925  6078  6078 V DngCreator_JNI: DngCreator_nativeClassInit:
05-25 03:17:32.929  6273  6273 I gralloc : using (id=)
05-25 03:17:32.929  6273  6273 I gralloc : xres         = 1440 px
05-25 03:17:32.929  6273  6273 I gralloc : yres         = 2560 px
05-25 03:17:32.929  6273  6273 I gralloc : width        = 68 mm (537.882324 dpi)
05-25 03:17:32.929  6273  6273 I gralloc : height       = 122 mm (532.983582 dpi)
05-25 03:17:32.929  6273  6273 I gralloc : refresh rate = 59.42 Hz
05-25 03:17:32.935  6273  6273 D hwcomposer: using
05-25 03:17:32.935  6273  6273 D hwcomposer: xres         = 1440 px
05-25 03:17:32.935  6273  6273 D hwcomposer: yres         = 2560 px
05-25 03:17:32.935  6273  6273 D hwcomposer: width        = 68 mm (537.882000 dpi)
05-25 03:17:32.935  6273  6273 D hwcomposer: height       = 122 mm (532.983000 dpi)
05-25 03:17:32.935  6273  6273 D hwcomposer: refresh rate = 59 Hz
05-25 03:17:32.935  6273  6273 I hwcomposer: PSR info devname = /sys/devices/13960000.decon_f/psr_info
05-25 03:17:32.935  6273  6273 I hwcomposer: PSR mode is 6(0: video mode, 1: DP PSR mode, 2: MIPI-DSI command mode)
05-25 03:17:32.935  6273  6273 I SurfaceFlinger: Using composer version 1.3
05-25 03:17:32.935  6273  6273 E display : unknown display attribute 6
05-25 03:17:32.935  6273  6273 I SurfaceFlinger: EGL information:
05-25 03:17:32.935  6273  6273 I SurfaceFlinger: vendor    : Android
05-25 03:17:32.935  6273  6273 I SurfaceFlinger: version   : 1.4 Android META-EGL
05-25 03:17:32.935  6273  6273 I SurfaceFlinger: extensions: EGL_KHR_get_all_proc_addresses EGL_ANDROID_presentation_time EGL_KHR_swap_buffers_with_damage EGL_KHR_image EGL_KHR_image_base EGL_KHR_gl_texture_2D_image EGL_KHR_gl_texture_cubemap_image EGL_KHR_gl_renderbuffer_image EGL_KHR_fence_sync EGL_KHR_create_context EGL_KHR_config_attribs EGL_KHR_surfaceless_context EGL_EXT_create_context_robustness EGL_ANDROID_image_native_buffer EGL_KHR_wait_sync EGL_ANDROID_recordable EGL_KHR_partial_update 
05-25 03:17:32.935  6273  6273 I SurfaceFlinger: Client API: OpenGL_ES
05-25 03:17:32.935  6273  6273 I SurfaceFlinger: EGLSurface: 8-8-8-8, config=0x7fa2bbb128
05-25 03:17:32.936  6273  6273 D         : ro.exynos.dss isEnabled: 0
05-25 03:17:32.938  6273  6273 I SurfaceFlinger: OpenGL ES informations:
05-25 03:17:32.938  6273  6273 I SurfaceFlinger: vendor    : ARM
05-25 03:17:32.938  6273  6273 I SurfaceFlinger: renderer  : Mali-T880
05-25 03:17:32.938  6273  6273 I SurfaceFlinger: version   : OpenGL ES 3.1 v1.r9p0-12dev0.c2bae768d87bf40047e1f310c8de7f16
05-25 03:17:32.938  6273  6273 I SurfaceFlinger: extensions: GL_EXT_debug_marker GL_ARM_rgba8 GL_ARM_mali_shader_binary GL_OES_depth24 GL_OES_depth_texture GL_OES_depth_texture_cube_map GL_OES_packed_depth_stencil GL_OES_rgb8_rgba8 GL_EXT_read_format_bgra GL_OES_compressed_paletted_texture GL_OES_compressed_ETC1_RGB8_texture GL_OES_standard_derivatives GL_OES_EGL_image GL_OES_EGL_image_external GL_OES_EGL_sync GL_OES_texture_npot GL_OES_vertex_half_float GL_OES_required_internalformat GL_OES_vertex_array_object GL_OES_mapbuffer GL_EXT_texture_format_BGRA8888 GL_EXT_texture_rg GL_EXT_texture_type_2_10_10_10_REV GL_OES_fbo_render_mipmap GL_OES_element_index_uint GL_EXT_shadow_samplers GL_OES_texture_compression_astc GL_KHR_texture_compression_astc_ldr GL_KHR_texture_compression_astc_hdr GL_KHR_debug GL_EXT_occlusion_query_boolean GL_EXT_disjoint_timer_query GL_EXT_blend_minmax GL_EXT_discard_framebuffer GL_OES_get_program_binary GL_OES_texture_3D GL_EXT_texture_storage GL_EXT_multisampled_render_to_texture GL_OES_surfaceless_context GL_OES_texture_stencil8 G
05-25 03:17:32.938  6273  6273 I SurfaceFlinger: GL_MAX_TEXTURE_SIZE = 8192
05-25 03:17:32.938  6273  6273 I SurfaceFlinger: GL_MAX_VIEWPORT_DIMS = 8192
05-25 03:17:32.938  6273  6273 D mali_winsys: new_window_surface returns 0x3000,  [1440x2560]-format:1
05-25 03:17:32.939  6273  6273 D SurfaceFlinger: Set power mode=2, type=0 flinger=0x7fa2b83c00
05-25 03:17:32.948  6074  6074 V NatController: runCmd(/system/bin/iptables -w -F natctrl_FORWARD) res=0
05-25 03:17:32.955  6074  6074 V NatController: runCmd(/system/bin/iptables -w -A natctrl_FORWARD -j DROP) res=0
05-25 03:17:32.961  6074  6074 V NatController: runCmd(/system/bin/iptables -w -t nat -F natctrl_nat_POSTROUTING) res=0
05-25 03:17:32.967  6074  6074 V NatController: runCmd(/system/bin/iptables -w -F natctrl_tether_counters) res=0
05-25 03:17:32.972  6074  6074 V NatController: runCmd(/system/bin/iptables -w -X natctrl_tether_counters) res=0
05-25 03:17:32.979  6074  6074 V NatController: runCmd(/system/bin/iptables -w -N natctrl_tether_counters) res=0
05-25 03:17:32.985  6074  6074 V NatController: runCmd(/system/bin/iptables -w -t mangle -A natctrl_mangle_FORWARD -p tcp --tcp-flags SYN SYN -j TCPMSS --clamp-mss-to-pmtu) res=0
05-25 03:17:33.079  2966  2966 W auditd  : type=1325 audit(0.0:2405): table=mangle family=10 entries=12
05-25 03:17:33.079  2966  2966 W auditd  : type=1320 audit(0.0:2405): 
05-25 03:17:33.098  6273  6273 D SurfaceFlinger: SF. shader cache generated - 26 shaders in 113.646614 ms
05-25 03:17:33.089  2966  2966 W auditd  : type=1325 audit(0.0:2406): table=filter family=2 entries=49
05-25 03:17:33.089  2966  2966 W auditd  : type=1320 audit(0.0:2406): 
05-25 03:17:33.103  6273  6273 E display : ioctl S3CFB_WIN_CONFIG failed: Not a typewriter
05-25 03:17:33.103  6273  6273 F display : ioctl S3CFB_WIN_CONFIG failed to clear screen: Not a typewriter
05-25 03:17:33.103  6273  6273 F libc    : Fatal signal 6 (SIGABRT), code -6 in tid 6273 (surfaceflinger)
05-25 03:17:33.104  3968  3968 I DEBUG   : property debug.db.uid not set; NOT waiting for gdb.
05-25 03:17:33.104  3968  3968 I DEBUG   : HINT: adb shell setprop debug.db.uid 100000
05-25 03:17:33.104  3968  3968 I DEBUG   : HINT: adb forward tcp:5039 tcp:5039
05-25 03:17:33.089  2966  2966 W auditd  : type=1325 audit(0.0:2407): table=filter family=10 entries=52
05-25 03:17:33.089  2966  2966 W auditd  : type=1320 audit(0.0:2407): 
