05-25 09:30:06.379  3449  3449 W EffectsFactory: loadLibrary() failed to open /system/lib/soundfx/libmyspace.so
05-25 09:30:06.379  3449  3449 W EffectsFactory: loadLibrary() failed to open /system/lib/libaudiosa.so
05-25 09:30:06.379  3449  3449 W EffectsFactory: loadLibrary() failed to open /system/lib/soundfx/libaudiosaplus_sec.so
05-25 09:30:06.379  3449  3449 W EffectsFactory: loadLibrary() failed to open /system/lib/libsamsungSoundbooster_plus.so
05-25 09:30:06.379  3449  3449 W EffectsFactory: loadEffect() could not get library soundbooster_plus
05-25 09:30:06.379  3449  3449 W EffectsFactory: addSubEffect() could not get library soundalive_sec
05-25 09:30:06.379  3449  3449 W EffectsFactory: loadEffect() could not add subEffect 
05-25 09:30:06.379  3449  3449 W EffectsFactory: loadEffect() could not get library soundalive
05-25 09:30:06.379  3449  3449 W EffectsFactory: loadEffect() could not get library soundalive
05-25 09:30:06.379  3449  3449 W EffectsFactory: loadEffect() could not get library soundalive
05-25 09:30:06.379  3449  3449 W EffectsFactory: addSubEffect() could not get library visualizer_hw
05-25 09:30:06.379  3449  3449 W EffectsFactory: loadEffect() could not add subEffect 
05-25 09:30:06.379  3449  3449 W EffectsFactory: addSubEffect() could not get library mysound
05-25 09:30:06.379  3449  3449 W EffectsFactory: loadEffect() could not add subEffect 
05-25 09:30:06.379  3449  3449 W EffectsFactory: addSubEffect() could not get library myspace
05-25 09:30:06.379  3449  3449 W EffectsFactory: loadEffect() could not add subEffect 
05-25 09:30:06.379  3449  3449 I BufferProvider: found effect "Multichannel Downmix To Stereo" from The Android Open Source Project
05-25 09:30:06.379  3449  3449 I AudioFlinger: Using module 1 has the primary audio interface
05-25 09:30:06.379  3449  3458 I AudioFlinger: AudioFlinger's thread 0xf4680000 ready to run
05-25 09:30:06.380  3449  3458 V audio_hw_primary: do_out_standby: output standby: 1
05-25 09:30:06.380  3449  3458 V audio_hw_primary: out_set_parameters: key value pairs: routing=2
05-25 09:30:06.380  3449  3458 E AudioFlinger: no wake lock to update!
05-25 09:30:06.380  3449  3449 I AudioFlinger: openOutput(), module 1 Device 2, SamplingRate 48000, Format 0x000001, Channels 3, flags 4
05-25 09:30:06.380  3449  3449 I AudioFlinger: AudioStreamOut::open(), mHalFormatIsLinearPcm = 1
05-25 09:30:06.380  3449  3449 I AudioFlinger: HAL output buffer size 256 frames, normal sink buffer size 960 frames
05-25 09:30:06.380  3449  3449 E MonoPipe: Failed to fetch local time frequency when constructing a MonoPipe (res = -32).  getNextWriteTimestamp calls will be non-functional
05-25 09:30:06.381  3449  3460 I AudioFlinger: AudioFlinger's thread 0xf4340000 ready to run
05-25 09:30:06.381  3449  3460 V audio_hw_primary: out_set_parameters: key value pairs: routing=2
05-25 09:30:06.381  3449  3460 V audio_hw_primary: do_out_standby: output standby: 1
05-25 09:30:06.381  3449  3460 E AudioFlinger: no wake lock to update!
05-25 09:30:06.381  3449  3449 V audio_hw_primary: adev_open_input_stream: Requesting input stream with rate: 48000, channels: 0xc
05-25 09:30:06.381  3449  3461 I AudioFlinger: AudioFlinger's thread 0xf4040000 ready to run
05-25 09:30:06.382  3449  3449 I bt_a2dp_hw: adev_open:  adev_open in A2dp_hw module
05-25 09:30:06.382  3449  3449 I AudioFlinger: loadHwModule() Loaded a2dp audio interface from A2DP Audio HW HAL (audio) handle 5
05-25 09:30:06.382  3449  3449 I AudioFlinger: loadHwModule() Loaded usb audio interface from USB audio HW HAL (audio) handle 6
05-25 09:30:06.383  3449  3449 I r_submix: adev_open(name=audio_hw_if)
05-25 09:30:06.383  3449  3449 I r_submix: adev_init_check()
05-25 09:30:06.383  3449  3449 I AudioFlinger: loadHwModule() Loaded r_submix audio interface from Wifi Display audio HAL (audio) handle 7
05-25 09:30:06.383  3449  3449 D r_submix: adev_open_input_stream(addr=0)
05-25 09:30:06.383  3449  3449 D r_submix: submix_audio_device_create_pipe_l(addr=0, idx=9)
05-25 09:30:06.383  3449  3449 D r_submix:   now using address 0 for route 9
05-25 09:30:06.383  3449  3462 I AudioFlinger: AudioFlinger's thread 0xf3fc0000 ready to run
05-25 09:30:06.383  3449  3449 D r_submix: adev_close_input_stream()
05-25 09:30:06.383  3449  3449 D r_submix: submix_audio_device_release_pipe_l(idx=9) addr=0
05-25 09:30:06.383  3449  3449 D r_submix: submix_audio_device_destroy_pipe_l(): pipe destroyed
05-25 09:30:06.383  3449  3449 F libc    : Fatal signal 11 (SIGSEGV), code 1, fault addr 0x0 in tid 3449 (mediaserver)
05-25 09:30:06.383  3033  3033 I DEBUG   : property debug.db.uid not set; NOT waiting for gdb.
05-25 09:30:06.383  3033  3033 I DEBUG   : HINT: adb shell setprop debug.db.uid 100000
05-25 09:30:06.383  3033  3033 I DEBUG   : HINT: adb forward tcp:5039 tcp:5039
05-25 09:30:06.405  2893  2893 E         : invalid gralloc handle (at 0x7fab4d6540)
05-25 09:30:06.405  2893  2893 E         : Runtime and build version of gralloc private structure does not match. Errors will likely follow.
05-25 09:30:06.408  2893  2893 E gralloc : invalid gralloc handle (at 0x7fab4d6540)
05-25 09:30:06.408  2893  2893 E SurfaceFlinger: error posting framebuffer: -22
05-25 09:30:06.434  3033  3033 F DEBUG   : *** *** *** *** *** *** *** *** *** *** *** *** *** *** *** ***
05-25 09:30:06.434  3033  3033 F DEBUG   : Build fingerprint: 'samsung/cm_hero2ltexx/hero2ltexx:6.0.1/MOB30J/5d66e77688:eng/test-keys'
05-25 09:30:06.434  3033  3033 F DEBUG   : Revision: '0'
05-25 09:30:06.434  3033  3033 F DEBUG   : ABI: 'arm'
05-25 09:30:06.434  3033  3033 F DEBUG   : pid: 3449, tid: 3449, name: mediaserver  >>> /system/bin/mediaserver <<<
05-25 09:30:06.434  3033  3033 F DEBUG   : signal 11 (SIGSEGV), code 1 (SEGV_MAPERR), fault addr 0x0
05-25 09:30:06.437  3033  3033 F DEBUG   :     r0 f471e8f4  r1 00000000  r2 65732020  r3 00000007
05-25 09:30:06.437  3033  3033 F DEBUG   :     r4 00000008  r5 f471e8f2  r6 f7143be0  r7 fffa8094
05-25 09:30:06.437  3033  3033 F DEBUG   :     r8 f477e00c  r9 f7141431  sl f7141635  fp f471e8f2
05-25 09:30:06.437  3033  3033 F DEBUG   :     ip 00000000  sp fffa8050  lr f713c4f7  pc f6c8f3c8  cpsr 600f0010
05-25 09:30:06.437  3033  3033 F DEBUG   : 
05-25 09:30:06.437  3033  3033 F DEBUG   : backtrace:
05-25 09:30:06.437  3033  3033 F DEBUG   :     #00 pc 000183c8  /system/lib/libc.so (strcmp+152)
05-25 09:30:06.437  3033  3033 F DEBUG   :     #01 pc 000084f3  /system/lib/libaudiopolicyservice.so
05-25 09:30:06.437  3033  3033 F DEBUG   :     #02 pc 00020090  [stack]
05-25 09:30:06.472  2893  2893 E         : invalid gralloc handle (at 0x7fab4d6690)
05-25 09:30:06.472  2893  2893 E         : Runtime and build version of gralloc private structure does not match. Errors will likely follow.
05-25 09:30:06.476  2893  2893 E gralloc : invalid gralloc handle (at 0x7fab4d6690)
05-25 09:30:06.476  2893  2893 E SurfaceFlinger: error posting framebuffer: -22
05-25 09:30:06.480  3033  3033 F DEBUG   : 
05-25 09:30:06.480  3033  3033 F DEBUG   : Tombstone written to: /data/tombstones/tombstone_01
05-25 09:30:06.469  3449  3449 W mediaserver: type=1701 audit(0.0:150): auid=4294967295 uid=1013 gid=1005 ses=4294967295 exe="/system/bin/mediaserver" sig=11
05-25 09:30:06.482  2892  2892 I ServiceManager: service 'media.audio_flinger' died
05-25 09:30:06.482  2892  2892 I ServiceManager: service 'media.player' died
05-25 09:30:06.482  2892  2892 I ServiceManager: service 'media.resource_manager' died
05-25 09:30:06.482  2892  2892 I ServiceManager: service 'media.camera' died
05-25 09:30:06.506  2893  2893 E         : invalid gralloc handle (at 0x7fab4d6620)
05-25 09:30:06.506  2893  2893 E         : Runtime and build version of gralloc private structure does not match. Errors will likely follow.
05-25 09:30:06.510  2893  2893 E gralloc : invalid gralloc handle (at 0x7fab4d6620)
05-25 09:30:06.510  2893  2893 E SurfaceFlinger: error posting framebuffer: -22
05-25 09:30:06.519  3331  3331 W Zygote  : Got error connecting to zygote, retrying. msg= No such file or directory
05-25 09:30:06.540  2893  2893 E         : invalid gralloc handle (at 0x7fab4d65b0)
05-25 09:30:06.540  2893  2893 E         : Runtime and build version of gralloc private structure does not match. Errors will likely follow.
05-25 09:30:06.543  2893  2893 E gralloc : invalid gralloc handle (at 0x7fab4d65b0)
05-25 09:30:06.543  2893  2893 E SurfaceFlinger: error posting framebuffer: -22
05-25 09:30:06.573  2893  2893 E         : invalid gralloc handle (at 0x7fab4d6540)
05-25 09:30:06.573  2893  2893 E         : Runtime and build version of gralloc private structure does not match. Errors will likely follow.
05-25 09:30:06.577  2893  2893 E gralloc : invalid gralloc handle (at 0x7fab4d6540)
05-25 09:30:06.577  2893  2893 E SurfaceFlinger: error posting framebuffer: -22
05-25 09:30:06.641  2893  2893 E         : invalid gralloc handle (at 0x7fab4d6690)
05-25 09:30:06.641  2893  2893 E         : Runtime and build version of gralloc private structure does not match. Errors will likely follow.
05-25 09:30:06.645  2893  2893 E gralloc : invalid gralloc handle (at 0x7fab4d6690)
05-25 09:30:06.645  2893  2893 E SurfaceFlinger: error posting framebuffer: -22
05-25 09:30:06.675  2893  2893 E         : invalid gralloc handle (at 0x7fab4d6620)
05-25 09:30:06.675  2893  2893 E         : Runtime and build version of gralloc private structure does not match. Errors will likely follow.
05-25 09:30:06.678  2893  2893 E gralloc : invalid gralloc handle (at 0x7fab4d6620)
05-25 09:30:06.678  2893  2893 E SurfaceFlinger: error posting framebuffer: -22
05-25 09:30:06.708  2893  2893 E         : invalid gralloc handle (at 0x7fab4d65b0)
05-25 09:30:06.708  2893  2893 E         : Runtime and build version of gralloc private structure does not match. Errors will likely follow.
05-25 09:30:06.712  2893  2893 E gralloc : invalid gralloc handle (at 0x7fab4d65b0)
05-25 09:30:06.712  2893  2893 E SurfaceFlinger: error posting framebuffer: -22
05-25 09:30:06.742  2893  2893 E         : invalid gralloc handle (at 0x7fab4d6540)
05-25 09:30:06.742  2893  2893 E         : Runtime and build version of gralloc private structure does not match. Errors will likely follow.
05-25 09:30:06.746  2893  2893 E gralloc : invalid gralloc handle (at 0x7fab4d6540)
05-25 09:30:06.746  2893  2893 E SurfaceFlinger: error posting framebuffer: -22
05-25 09:30:06.810  2893  2893 E         : invalid gralloc handle (at 0x7fab4d6690)
05-25 09:30:06.810  2893  2893 E         : Runtime and build version of gralloc private structure does not match. Errors will likely follow.
05-25 09:30:06.814  2893  2893 E gralloc : invalid gralloc handle (at 0x7fab4d6690)
05-25 09:30:06.814  2893  2893 E SurfaceFlinger: error posting framebuffer: -22
05-25 09:30:06.843  2893  2893 E         : invalid gralloc handle (at 0x7fab4d6620)
05-25 09:30:06.843  2893  2893 E         : Runtime and build version of gralloc private structure does not match. Errors will likely follow.
05-25 09:30:06.847  2893  2893 E gralloc : invalid gralloc handle (at 0x7fab4d6620)
05-25 09:30:06.847  2893  2893 E SurfaceFlinger: error posting framebuffer: -22
05-25 09:30:06.877  2893  2893 E         : invalid gralloc handle (at 0x7fab4d65b0)
05-25 09:30:06.877  2893  2893 E         : Runtime and build version of gralloc private structure does not match. Errors will likely follow.
05-25 09:30:06.881  2893  2893 E gralloc : invalid gralloc handle (at 0x7fab4d65b0)
05-25 09:30:06.881  2893  2893 E SurfaceFlinger: error posting framebuffer: -22
05-25 09:30:06.911  2893  2893 E         : invalid gralloc handle (at 0x7fab4d6540)
05-25 09:30:06.911  2893  2893 E         : Runtime and build version of gralloc private structure does not match. Errors will likely follow.
05-25 09:30:06.914  2893  2893 E gralloc : invalid gralloc handle (at 0x7fab4d6540)
05-25 09:30:06.914  2893  2893 E SurfaceFlinger: error posting framebuffer: -22
05-25 09:30:06.978  2893  2893 E         : invalid gralloc handle (at 0x7fab4d6690)
05-25 09:30:06.978  2893  2893 E         : Runtime and build version of gralloc private structure does not match. Errors will likely follow.
05-25 09:30:06.982  2893  2893 E gralloc : invalid gralloc handle (at 0x7fab4d6690)
05-25 09:30:06.982  2893  2893 E SurfaceFlinger: error posting framebuffer: -22
05-25 09:30:07.012  2893  2893 E         : invalid gralloc handle (at 0x7fab4d6620)
05-25 09:30:07.012  2893  2893 E         : Runtime and build version of gralloc private structure does not match. Errors will likely follow.
05-25 09:30:07.016  2893  2893 E gralloc : invalid gralloc handle (at 0x7fab4d6620)
05-25 09:30:07.016  2893  2893 E SurfaceFlinger: error posting framebuffer: -22
05-25 09:30:07.046  2893  2893 E         : invalid gralloc handle (at 0x7fab4d65b0)
05-25 09:30:07.046  2893  2893 E         : Runtime and build version of gralloc private structure does not match. Errors will likely follow.
05-25 09:30:07.050  2893  2893 E gralloc : invalid gralloc handle (at 0x7fab4d65b0)
05-25 09:30:07.050  2893  2893 E SurfaceFlinger: error posting framebuffer: -22
05-25 09:30:07.079  2893  2893 E         : invalid gralloc handle (at 0x7fab4d6540)
05-25 09:30:07.079  2893  2893 E         : Runtime and build version of gralloc private structure does not match. Errors will likely follow.
05-25 09:30:07.083  2893  2893 E gralloc : invalid gralloc handle (at 0x7fab4d6540)
05-25 09:30:07.083  2893  2893 E SurfaceFlinger: error posting framebuffer: -22
05-25 09:30:07.147  2893  2893 E         : invalid gralloc handle (at 0x7fab4d6690)
05-25 09:30:07.147  2893  2893 E         : Runtime and build version of gralloc private structure does not match. Errors will likely follow.
05-25 09:30:07.151  2893  2893 E gralloc : invalid gralloc handle (at 0x7fab4d6690)
05-25 09:30:07.151  2893  2893 E SurfaceFlinger: error posting framebuffer: -22
05-25 09:30:07.181  2893  2893 E         : invalid gralloc handle (at 0x7fab4d6620)
05-25 09:30:07.181  2893  2893 E         : Runtime and build version of gralloc private structure does not match. Errors will likely follow.
05-25 09:30:07.184  2893  2893 E gralloc : invalid gralloc handle (at 0x7fab4d6620)
05-25 09:30:07.184  2893  2893 E SurfaceFlinger: error posting framebuffer: -22
05-25 09:30:07.214  2893  2893 E         : invalid gralloc handle (at 0x7fab4d65b0)
05-25 09:30:07.214  2893  2893 E         : Runtime and build version of gralloc private structure does not match. Errors will likely follow.
05-25 09:30:07.218  2893  2893 E gralloc : invalid gralloc handle (at 0x7fab4d65b0)
05-25 09:30:07.218  2893  2893 E SurfaceFlinger: error posting framebuffer: -22
05-25 09:30:07.248  2893  2893 E         : invalid gralloc handle (at 0x7fab4d6540)
05-25 09:30:07.248  2893  2893 E         : Runtime and build version of gralloc private structure does not match. Errors will likely follow.
05-25 09:30:07.252  2893  2893 E gralloc : invalid gralloc handle (at 0x7fab4d6540)
05-25 09:30:07.252  2893  2893 E SurfaceFlinger: error posting framebuffer: -22
05-25 09:30:07.315  2893  2893 E         : invalid gralloc handle (at 0x7fab4d6690)
05-25 09:30:07.315  2893  2893 E         : Runtime and build version of gralloc private structure does not match. Errors will likely follow.
05-25 09:30:07.319  2893  2893 E gralloc : invalid gralloc handle (at 0x7fab4d6690)
05-25 09:30:07.319  2893  2893 E SurfaceFlinger: error posting framebuffer: -22
05-25 09:30:07.332  2893  2893 E         : invalid gralloc handle (at 0x7fab4d6620)
05-25 09:30:07.332  2893  2893 E         : Runtime and build version of gralloc private structure does not match. Errors will likely follow.
05-25 09:30:07.336  2893  2893 E gralloc : invalid gralloc handle (at 0x7fab4d6620)
05-25 09:30:07.336  2893  2893 E SurfaceFlinger: error posting framebuffer: -22
05-25 09:30:07.366  2893  2893 E         : invalid gralloc handle (at 0x7fab4d65b0)
05-25 09:30:07.366  2893  2893 E         : Runtime and build version of gralloc private structure does not match. Errors will likely follow.
05-25 09:30:07.370  2893  2893 E gralloc : invalid gralloc handle (at 0x7fab4d65b0)
05-25 09:30:07.370  2893  2893 E SurfaceFlinger: error posting framebuffer: -22
05-25 09:30:07.400  2893  2893 E         : invalid gralloc handle (at 0x7fab4d6540)
05-25 09:30:07.400  2893  2893 E         : Runtime and build version of gralloc private structure does not match. Errors will likely follow.
05-25 09:30:07.403  2893  2893 E gralloc : invalid gralloc handle (at 0x7fab4d6540)
05-25 09:30:07.403  2893  2893 E SurfaceFlinger: error posting framebuffer: -22
05-25 09:30:07.467  2893  2893 E         : invalid gralloc handle (at 0x7fab4d6690)
05-25 09:30:07.467  2893  2893 E         : Runtime and build version of gralloc private structure does not match. Errors will likely follow.
05-25 09:30:07.471  2893  2893 E gralloc : invalid gralloc handle (at 0x7fab4d6690)
05-25 09:30:07.471  2893  2893 E SurfaceFlinger: error posting framebuffer: -22
05-25 09:30:07.501  2893  2893 E         : invalid gralloc handle (at 0x7fab4d6620)
05-25 09:30:07.501  2893  2893 E         : Runtime and build version of gralloc private structure does not match. Errors will likely follow.
05-25 09:30:07.504  2893  2893 E gralloc : invalid gralloc handle (at 0x7fab4d6620)
05-25 09:30:07.504  2893  2893 E SurfaceFlinger: error posting framebuffer: -22
05-25 09:30:07.520  3331  3331 W Zygote  : Got error connecting to zygote, retrying. msg= No such file or directory
05-25 09:30:07.534  2893  2893 E         : invalid gralloc handle (at 0x7fab4d65b0)
05-25 09:30:07.534  2893  2893 E         : Runtime and build version of gralloc private structure does not match. Errors will likely follow.
05-25 09:30:07.538  2893  2893 E gralloc : invalid gralloc handle (at 0x7fab4d65b0)
05-25 09:30:07.538  2893  2893 E SurfaceFlinger: error posting framebuffer: -22
05-25 09:30:07.568  2893  2893 E         : invalid gralloc handle (at 0x7fab4d6540)
05-25 09:30:07.568  2893  2893 E         : Runtime and build version of gralloc private structure does not match. Errors will likely follow.
05-25 09:30:07.572  2893  2893 E gralloc : invalid gralloc handle (at 0x7fab4d6540)
05-25 09:30:07.572  2893  2893 E SurfaceFlinger: error posting framebuffer: -22
05-25 09:30:07.636  2893  2893 E         : invalid gralloc handle (at 0x7fab4d6690)
05-25 09:30:07.636  2893  2893 E         : Runtime and build version of gralloc private structure does not match. Errors will likely follow.
05-25 09:30:07.640  2893  2893 E gralloc : invalid gralloc handle (at 0x7fab4d6690)
05-25 09:30:07.640  2893  2893 E SurfaceFlinger: error posting framebuffer: -22
05-25 09:30:07.670  2893  2893 E         : invalid gralloc handle (at 0x7fab4d6620)
05-25 09:30:07.670  2893  2893 E         : Runtime and build version of gralloc private structure does not match. Errors will likely follow.
05-25 09:30:07.673  2893  2893 E gralloc : invalid gralloc handle (at 0x7fab4d6620)
05-25 09:30:07.673  2893  2893 E SurfaceFlinger: error posting framebuffer: -22
05-25 09:30:07.703  2893  2893 E         : invalid gralloc handle (at 0x7fab4d65b0)
05-25 09:30:07.703  2893  2893 E         : Runtime and build version of gralloc private structure does not match. Errors will likely follow.
05-25 09:30:07.707  2893  2893 E gralloc : invalid gralloc handle (at 0x7fab4d65b0)
05-25 09:30:07.707  2893  2893 E SurfaceFlinger: error posting framebuffer: -22
05-25 09:30:07.737  2893  2893 E         : invalid gralloc handle (at 0x7fab4d6540)
05-25 09:30:07.737  2893  2893 E         : Runtime and build version of gralloc private structure does not match. Errors will likely follow.
05-25 09:30:07.741  2893  2893 E gralloc : invalid gralloc handle (at 0x7fab4d6540)
05-25 09:30:07.741  2893  2893 E SurfaceFlinger: error posting framebuffer: -22
05-25 09:30:07.804  2893  2893 E         : invalid gralloc handle (at 0x7fab4d6690)
05-25 09:30:07.804  2893  2893 E         : Runtime and build version of gralloc private structure does not match. Errors will likely follow.
05-25 09:30:07.808  2893  2893 E gralloc : invalid gralloc handle (at 0x7fab4d6690)
05-25 09:30:07.808  2893  2893 E SurfaceFlinger: error posting framebuffer: -22
05-25 09:30:07.838  2893  2893 E         : invalid gralloc handle (at 0x7fab4d6620)
05-25 09:30:07.838  2893  2893 E         : Runtime and build version of gralloc private structure does not match. Errors will likely follow.
05-25 09:30:07.842  2893  2893 E gralloc : invalid gralloc handle (at 0x7fab4d6620)
05-25 09:30:07.842  2893  2893 E SurfaceFlinger: error posting framebuffer: -22
05-25 09:30:07.872  2893  2893 E         : invalid gralloc handle (at 0x7fab4d65b0)
05-25 09:30:07.872  2893  2893 E         : Runtime and build version of gralloc private structure does not match. Errors will likely follow.
05-25 09:30:07.875  2893  2893 E gralloc : invalid gralloc handle (at 0x7fab4d65b0)
05-25 09:30:07.875  2893  2893 E SurfaceFlinger: error posting framebuffer: -22
05-25 09:30:07.905  2893  2893 E         : invalid gralloc handle (at 0x7fab4d6540)
05-25 09:30:07.905  2893  2893 E         : Runtime and build version of gralloc private structure does not match. Errors will likely follow.
05-25 09:30:07.909  2893  2893 E gralloc : invalid gralloc handle (at 0x7fab4d6540)
05-25 09:30:07.909  2893  2893 E SurfaceFlinger: error posting framebuffer: -22
05-25 09:30:07.973  2893  2893 E         : invalid gralloc handle (at 0x7fab4d6690)
05-25 09:30:07.973  2893  2893 E         : Runtime and build version of gralloc private structure does not match. Errors will likely follow.
05-25 09:30:07.977  2893  2893 E gralloc : invalid gralloc handle (at 0x7fab4d6690)
05-25 09:30:07.977  2893  2893 E SurfaceFlinger: error posting framebuffer: -22
05-25 09:30:08.007  2893  2893 E         : invalid gralloc handle (at 0x7fab4d6620)
05-25 09:30:08.007  2893  2893 E         : Runtime and build version of gralloc private structure does not match. Errors will likely follow.
05-25 09:30:08.010  2893  2893 E gralloc : invalid gralloc handle (at 0x7fab4d6620)
05-25 09:30:08.010  2893  2893 E SurfaceFlinger: error posting framebuffer: -22
05-25 09:30:08.040  2893  2893 E         : invalid gralloc handle (at 0x7fab4d65b0)
05-25 09:30:08.040  2893  2893 E         : Runtime and build version of gralloc private structure does not match. Errors will likely follow.
05-25 09:30:08.044  2893  2893 E gralloc : invalid gralloc handle (at 0x7fab4d65b0)
05-25 09:30:08.044  2893  2893 E SurfaceFlinger: error posting framebuffer: -22
05-25 09:30:08.074  2893  2893 E         : invalid gralloc handle (at 0x7fab4d6540)
05-25 09:30:08.074  2893  2893 E         : Runtime and build version of gralloc private structure does not match. Errors will likely follow.
05-25 09:30:08.078  2893  2893 E gralloc : invalid gralloc handle (at 0x7fab4d6540)
05-25 09:30:08.078  2893  2893 E SurfaceFlinger: error posting framebuffer: -22
05-25 09:30:08.142  2893  2893 E         : invalid gralloc handle (at 0x7fab4d6690)
05-25 09:30:08.142  2893  2893 E         : Runtime and build version of gralloc private structure does not match. Errors will likely follow.
05-25 09:30:08.146  2893  2893 E gralloc : invalid gralloc handle (at 0x7fab4d6690)
05-25 09:30:08.146  2893  2893 E SurfaceFlinger: error posting framebuffer: -22
05-25 09:30:08.175  2893  2893 E         : invalid gralloc handle (at 0x7fab4d6620)
05-25 09:30:08.175  2893  2893 E         : Runtime and build version of gralloc private structure does not match. Errors will likely follow.
05-25 09:30:08.179  2893  2893 E gralloc : invalid gralloc handle (at 0x7fab4d6620)
05-25 09:30:08.179  2893  2893 E SurfaceFlinger: error posting framebuffer: -22
05-25 09:30:08.209  2893  2893 E         : invalid gralloc handle (at 0x7fab4d65b0)
05-25 09:30:08.209  2893  2893 E         : Runtime and build version of gralloc private structure does not match. Errors will likely follow.
05-25 09:30:08.213  2893  2893 E gralloc : invalid gralloc handle (at 0x7fab4d65b0)
05-25 09:30:08.213  2893  2893 E SurfaceFlinger: error posting framebuffer: -22
05-25 09:30:08.243  2893  2893 E         : invalid gralloc handle (at 0x7fab4d6540)
05-25 09:30:08.243  2893  2893 E         : Runtime and build version of gralloc private structure does not match. Errors will likely follow.
05-25 09:30:08.247  2893  2893 E gralloc : invalid gralloc handle (at 0x7fab4d6540)
05-25 09:30:08.247  2893  2893 E SurfaceFlinger: error posting framebuffer: -22
05-25 09:30:08.310  2893  2893 E         : invalid gralloc handle (at 0x7fab4d6690)
05-25 09:30:08.310  2893  2893 E         : Runtime and build version of gralloc private structure does not match. Errors will likely follow.
05-25 09:30:08.314  2893  2893 E gralloc : invalid gralloc handle (at 0x7fab4d6690)
05-25 09:30:08.314  2893  2893 E SurfaceFlinger: error posting framebuffer: -22
05-25 09:30:08.344  2893  2893 E         : invalid gralloc handle (at 0x7fab4d6620)
05-25 09:30:08.344  2893  2893 E         : Runtime and build version of gralloc private structure does not match. Errors will likely follow.
05-25 09:30:08.348  2893  2893 E gralloc : invalid gralloc handle (at 0x7fab4d6620)
05-25 09:30:08.348  2893  2893 E SurfaceFlinger: error posting framebuffer: -22
05-25 09:30:08.378  2893  2893 E         : invalid gralloc handle (at 0x7fab4d65b0)
05-25 09:30:08.378  2893  2893 E         : Runtime and build version of gralloc private structure does not match. Errors will likely follow.
05-25 09:30:08.381  2893  2893 E gralloc : invalid gralloc handle (at 0x7fab4d65b0)
05-25 09:30:08.381  2893  2893 E SurfaceFlinger: error posting framebuffer: -22
05-25 09:30:08.411  2893  2893 E         : invalid gralloc handle (at 0x7fab4d6540)
05-25 09:30:08.411  2893  2893 E         : Runtime and build version of gralloc private structure does not match. Errors will likely follow.
05-25 09:30:08.415  2893  2893 E gralloc : invalid gralloc handle (at 0x7fab4d6540)
05-25 09:30:08.415  2893  2893 E SurfaceFlinger: error posting framebuffer: -22
05-25 09:30:08.479  2893  2893 E         : invalid gralloc handle (at 0x7fab4d6690)
05-25 09:30:08.479  2893  2893 E         : Runtime and build version of gralloc private structure does not match. Errors will likely follow.
05-25 09:30:08.482  2893  2893 E gralloc : invalid gralloc handle (at 0x7fab4d6690)
05-25 09:30:08.482  2893  2893 E SurfaceFlinger: error posting framebuffer: -22
05-25 09:30:08.512  2893  2893 E         : invalid gralloc handle (at 0x7fab4d6620)
05-25 09:30:08.512  2893  2893 E         : Runtime and build version of gralloc private structure does not match. Errors will likely follow.
05-25 09:30:08.516  2893  2893 E gralloc : invalid gralloc handle (at 0x7fab4d6620)
05-25 09:30:08.516  2893  2893 E SurfaceFlinger: error posting framebuffer: -22
05-25 09:30:08.520  3331  3331 W Zygote  : Got error connecting to zygote, retrying. msg= No such file or directory
05-25 09:30:08.546  2893  2893 E         : invalid gralloc handle (at 0x7fab4d65b0)
05-25 09:30:08.546  2893  2893 E         : Runtime and build version of gralloc private structure does not match. Errors will likely follow.
05-25 09:30:08.550  2893  2893 E gralloc : invalid gralloc handle (at 0x7fab4d65b0)
05-25 09:30:08.550  2893  2893 E SurfaceFlinger: error posting framebuffer: -22
05-25 09:30:08.580  2893  2893 E         : invalid gralloc handle (at 0x7fab4d6540)
05-25 09:30:08.580  2893  2893 E         : Runtime and build version of gralloc private structure does not match. Errors will likely follow.
05-25 09:30:08.584  2893  2893 E gralloc : invalid gralloc handle (at 0x7fab4d6540)
05-25 09:30:08.584  2893  2893 E SurfaceFlinger: error posting framebuffer: -22
05-25 09:30:08.647  2893  2893 E         : invalid gralloc handle (at 0x7fab4d6690)
05-25 09:30:08.647  2893  2893 E         : Runtime and build version of gralloc private structure does not match. Errors will likely follow.
05-25 09:30:08.651  2893  2893 E gralloc : invalid gralloc handle (at 0x7fab4d6690)
05-25 09:30:08.651  2893  2893 E SurfaceFlinger: error posting framebuffer: -22
05-25 09:30:08.681  2893  2893 E         : invalid gralloc handle (at 0x7fab4d6620)
05-25 09:30:08.681  2893  2893 E         : Runtime and build version of gralloc private structure does not match. Errors will likely follow.
05-25 09:30:08.685  2893  2893 E gralloc : invalid gralloc handle (at 0x7fab4d6620)
05-25 09:30:08.685  2893  2893 E SurfaceFlinger: error posting framebuffer: -22
05-25 09:30:08.715  2893  2893 E         : invalid gralloc handle (at 0x7fab4d65b0)
05-25 09:30:08.715  2893  2893 E         : Runtime and build version of gralloc private structure does not match. Errors will likely follow.
05-25 09:30:08.718  2893  2893 E gralloc : invalid gralloc handle (at 0x7fab4d65b0)
05-25 09:30:08.719  2893  2893 E SurfaceFlinger: error posting framebuffer: -22
05-25 09:30:08.748  2893  2893 E         : invalid gralloc handle (at 0x7fab4d6540)
05-25 09:30:08.748  2893  2893 E         : Runtime and build version of gralloc private structure does not match. Errors will likely follow.
05-25 09:30:08.752  2893  2893 E gralloc : invalid gralloc handle (at 0x7fab4d6540)
05-25 09:30:08.752  2893  2893 E SurfaceFlinger: error posting framebuffer: -22
05-25 09:30:08.816  2893  2893 E         : invalid gralloc handle (at 0x7fab4d6690)
05-25 09:30:08.816  2893  2893 E         : Runtime and build version of gralloc private structure does not match. Errors will likely follow.
05-25 09:30:08.820  2893  2893 E gralloc : invalid gralloc handle (at 0x7fab4d6690)
05-25 09:30:08.820  2893  2893 E SurfaceFlinger: error posting framebuffer: -22
05-25 09:30:08.850  2893  2893 E         : invalid gralloc handle (at 0x7fab4d6620)
05-25 09:30:08.850  2893  2893 E         : Runtime and build version of gralloc private structure does not match. Errors will likely follow.
05-25 09:30:08.853  2893  2893 E gralloc : invalid gralloc handle (at 0x7fab4d6620)
05-25 09:30:08.853  2893  2893 E SurfaceFlinger: error posting framebuffer: -22
05-25 09:30:08.884  2893  2893 E         : invalid gralloc handle (at 0x7fab4d65b0)
05-25 09:30:08.884  2893  2893 E         : Runtime and build version of gralloc private structure does not match. Errors will likely follow.
05-25 09:30:08.887  2893  2893 E gralloc : invalid gralloc handle (at 0x7fab4d65b0)
05-25 09:30:08.887  2893  2893 E SurfaceFlinger: error posting framebuffer: -22
05-25 09:30:08.917  2893  2893 E         : invalid gralloc handle (at 0x7fab4d6540)
05-25 09:30:08.917  2893  2893 E         : Runtime and build version of gralloc private structure does not match. Errors will likely follow.
05-25 09:30:08.921  2893  2893 E gralloc : invalid gralloc handle (at 0x7fab4d6540)
05-25 09:30:08.921  2893  2893 E SurfaceFlinger: error posting framebuffer: -22
05-25 09:30:08.985  2893  2893 E         : invalid gralloc handle (at 0x7fab4d6690)
05-25 09:30:08.985  2893  2893 E         : Runtime and build version of gralloc private structure does not match. Errors will likely follow.
05-25 09:30:08.988  2893  2893 E gralloc : invalid gralloc handle (at 0x7fab4d6690)
05-25 09:30:08.988  2893  2893 E SurfaceFlinger: error posting framebuffer: -22
05-25 09:30:09.018  2893  2893 E         : invalid gralloc handle (at 0x7fab4d6620)
05-25 09:30:09.018  2893  2893 E         : Runtime and build version of gralloc private structure does not match. Errors will likely follow.
05-25 09:30:09.022  2893  2893 E gralloc : invalid gralloc handle (at 0x7fab4d6620)
05-25 09:30:09.022  2893  2893 E SurfaceFlinger: error posting framebuffer: -22
05-25 09:30:09.052  2893  2893 E         : invalid gralloc handle (at 0x7fab4d65b0)
05-25 09:30:09.052  2893  2893 E         : Runtime and build version of gralloc private structure does not match. Errors will likely follow.
05-25 09:30:09.056  2893  2893 E gralloc : invalid gralloc handle (at 0x7fab4d65b0)
05-25 09:30:09.056  2893  2893 E SurfaceFlinger: error posting framebuffer: -22
05-25 09:30:09.086  2893  2893 E         : invalid gralloc handle (at 0x7fab4d6540)
05-25 09:30:09.086  2893  2893 E         : Runtime and build version of gralloc private structure does not match. Errors will likely follow.
05-25 09:30:09.090  2893  2893 E gralloc : invalid gralloc handle (at 0x7fab4d6540)
05-25 09:30:09.090  2893  2893 E SurfaceFlinger: error posting framebuffer: -22
05-25 09:30:09.153  2893  2893 E         : invalid gralloc handle (at 0x7fab4d6690)
05-25 09:30:09.153  2893  2893 E         : Runtime and build version of gralloc private structure does not match. Errors will likely follow.
05-25 09:30:09.157  2893  2893 E gralloc : invalid gralloc handle (at 0x7fab4d6690)
05-25 09:30:09.157  2893  2893 E SurfaceFlinger: error posting framebuffer: -22
05-25 09:30:09.187  2893  2893 E         : invalid gralloc handle (at 0x7fab4d6620)
05-25 09:30:09.187  2893  2893 E         : Runtime and build version of gralloc private structure does not match. Errors will likely follow.
05-25 09:30:09.191  2893  2893 E gralloc : invalid gralloc handle (at 0x7fab4d6620)
05-25 09:30:09.191  2893  2893 E SurfaceFlinger: error posting framebuffer: -22
05-25 09:30:09.221  2893  2893 E         : invalid gralloc handle (at 0x7fab4d65b0)
05-25 09:30:09.221  2893  2893 E         : Runtime and build version of gralloc private structure does not match. Errors will likely follow.
05-25 09:30:09.224  2893  2893 E gralloc : invalid gralloc handle (at 0x7fab4d65b0)
05-25 09:30:09.224  2893  2893 E SurfaceFlinger: error posting framebuffer: -22
05-25 09:30:09.254  2893  2893 E         : invalid gralloc handle (at 0x7fab4d6540)
05-25 09:30:09.254  2893  2893 E         : Runtime and build version of gralloc private structure does not match. Errors will likely follow.
05-25 09:30:09.258  2893  2893 E gralloc : invalid gralloc handle (at 0x7fab4d6540)
05-25 09:30:09.258  2893  2893 E SurfaceFlinger: error posting framebuffer: -22
05-25 09:30:09.305  2893  2893 E         : invalid gralloc handle (at 0x7fab4d6690)
05-25 09:30:09.305  2893  2893 E         : Runtime and build version of gralloc private structure does not match. Errors will likely follow.
05-25 09:30:09.309  2893  2893 E gralloc : invalid gralloc handle (at 0x7fab4d6690)
05-25 09:30:09.309  2893  2893 E SurfaceFlinger: error posting framebuffer: -22
05-25 09:30:09.355  2893  2893 E         : invalid gralloc handle (at 0x7fab4d6620)
05-25 09:30:09.356  2893  2893 E         : Runtime and build version of gralloc private structure does not match. Errors will likely follow.
05-25 09:30:09.359  2893  2893 E gralloc : invalid gralloc handle (at 0x7fab4d6620)
05-25 09:30:09.359  2893  2893 E SurfaceFlinger: error posting framebuffer: -22
05-25 09:30:09.372  2893  2893 E         : invalid gralloc handle (at 0x7fab4d65b0)
05-25 09:30:09.372  2893  2893 E         : Runtime and build version of gralloc private structure does not match. Errors will likely follow.
05-25 09:30:09.376  2893  2893 E gralloc : invalid gralloc handle (at 0x7fab4d65b0)
05-25 09:30:09.376  2893  2893 E SurfaceFlinger: error posting framebuffer: -22
05-25 09:30:09.406  2893  2893 E         : invalid gralloc handle (at 0x7fab4d6540)
05-25 09:30:09.406  2893  2893 E         : Runtime and build version of gralloc private structure does not match. Errors will likely follow.
05-25 09:30:09.410  2893  2893 E gralloc : invalid gralloc handle (at 0x7fab4d6540)
05-25 09:30:09.410  2893  2893 E SurfaceFlinger: error posting framebuffer: -22
05-25 09:30:09.473  2893  2893 E         : invalid gralloc handle (at 0x7fab4d6690)
05-25 09:30:09.473  2893  2893 E         : Runtime and build version of gralloc private structure does not match. Errors will likely follow.
05-25 09:30:09.477  2893  2893 E gralloc : invalid gralloc handle (at 0x7fab4d6690)
05-25 09:30:09.477  2893  2893 E SurfaceFlinger: error posting framebuffer: -22
05-25 09:30:09.507  2893  2893 E         : invalid gralloc handle (at 0x7fab4d6620)
05-25 09:30:09.507  2893  2893 E         : Runtime and build version of gralloc private structure does not match. Errors will likely follow.
05-25 09:30:09.511  2893  2893 E gralloc : invalid gralloc handle (at 0x7fab4d6620)
05-25 09:30:09.511  2893  2893 E SurfaceFlinger: error posting framebuffer: -22
05-25 09:30:09.521  3331  3331 W Zygote  : Got error connecting to zygote, retrying. msg= No such file or directory
05-25 09:30:09.541  2893  2893 E         : invalid gralloc handle (at 0x7fab4d65b0)
05-25 09:30:09.541  2893  2893 E         : Runtime and build version of gralloc private structure does not match. Errors will likely follow.
05-25 09:30:09.545  2893  2893 E gralloc : invalid gralloc handle (at 0x7fab4d65b0)
05-25 09:30:09.545  2893  2893 E SurfaceFlinger: error posting framebuffer: -22
05-25 09:30:09.574  2893  2893 E         : invalid gralloc handle (at 0x7fab4d6540)
05-25 09:30:09.574  2893  2893 E         : Runtime and build version of gralloc private structure does not match. Errors will likely follow.
05-25 09:30:09.578  2893  2893 E gralloc : invalid gralloc handle (at 0x7fab4d6540)
05-25 09:30:09.578  2893  2893 E SurfaceFlinger: error posting framebuffer: -22
05-25 09:30:09.642  2893  2893 E         : invalid gralloc handle (at 0x7fab4d6690)
05-25 09:30:09.642  2893  2893 E         : Runtime and build version of gralloc private structure does not match. Errors will likely follow.
05-25 09:30:09.646  2893  2893 E gralloc : invalid gralloc handle (at 0x7fab4d6690)
05-25 09:30:09.646  2893  2893 E SurfaceFlinger: error posting framebuffer: -22
05-25 09:30:09.676  2893  2893 E         : invalid gralloc handle (at 0x7fab4d6620)
05-25 09:30:09.676  2893  2893 E         : Runtime and build version of gralloc private structure does not match. Errors will likely follow.
05-25 09:30:09.679  2893  2893 E gralloc : invalid gralloc handle (at 0x7fab4d6620)
05-25 09:30:09.679  2893  2893 E SurfaceFlinger: error posting framebuffer: -22
05-25 09:30:09.710  2893  2893 E         : invalid gralloc handle (at 0x7fab4d65b0)
05-25 09:30:09.710  2893  2893 E         : Runtime and build version of gralloc private structure does not match. Errors will likely follow.
05-25 09:30:09.713  2893  2893 E gralloc : invalid gralloc handle (at 0x7fab4d65b0)
05-25 09:30:09.713  2893  2893 E SurfaceFlinger: error posting framebuffer: -22
05-25 09:30:09.743  2893  2893 E         : invalid gralloc handle (at 0x7fab4d6540)
05-25 09:30:09.743  2893  2893 E         : Runtime and build version of gralloc private structure does not match. Errors will likely follow.
05-25 09:30:09.747  2893  2893 E gralloc : invalid gralloc handle (at 0x7fab4d6540)
05-25 09:30:09.747  2893  2893 E SurfaceFlinger: error posting framebuffer: -22
05-25 09:30:09.811  2893  2893 E         : invalid gralloc handle (at 0x7fab4d6690)
05-25 09:30:09.811  2893  2893 E         : Runtime and build version of gralloc private structure does not match. Errors will likely follow.
05-25 09:30:09.814  2893  2893 E gralloc : invalid gralloc handle (at 0x7fab4d6690)
05-25 09:30:09.814  2893  2893 E SurfaceFlinger: error posting framebuffer: -22
05-25 09:30:09.844  2893  2893 E         : invalid gralloc handle (at 0x7fab4d6620)
05-25 09:30:09.844  2893  2893 E         : Runtime and build version of gralloc private structure does not match. Errors will likely follow.
05-25 09:30:09.848  2893  2893 E gralloc : invalid gralloc handle (at 0x7fab4d6620)
05-25 09:30:09.848  2893  2893 E SurfaceFlinger: error posting framebuffer: -22
05-25 09:30:09.878  2893  2893 E         : invalid gralloc handle (at 0x7fab4d65b0)
05-25 09:30:09.878  2893  2893 E         : Runtime and build version of gralloc private structure does not match. Errors will likely follow.
05-25 09:30:09.882  2893  2893 E gralloc : invalid gralloc handle (at 0x7fab4d65b0)
05-25 09:30:09.882  2893  2893 E SurfaceFlinger: error posting framebuffer: -22
05-25 09:30:09.912  2893  2893 E         : invalid gralloc handle (at 0x7fab4d6540)
05-25 09:30:09.912  2893  2893 E         : Runtime and build version of gralloc private structure does not match. Errors will likely follow.
05-25 09:30:09.916  2893  2893 E gralloc : invalid gralloc handle (at 0x7fab4d6540)
05-25 09:30:09.916  2893  2893 E SurfaceFlinger: error posting framebuffer: -22
05-25 09:30:09.979  2893  2893 E         : invalid gralloc handle (at 0x7fab4d6690)
05-25 09:30:09.980  2893  2893 E         : Runtime and build version of gralloc private structure does not match. Errors will likely follow.
05-25 09:30:09.983  2893  2893 E gralloc : invalid gralloc handle (at 0x7fab4d6690)
05-25 09:30:09.983  2893  2893 E SurfaceFlinger: error posting framebuffer: -22
05-25 09:30:10.013  2893  2893 E         : invalid gralloc handle (at 0x7fab4d6620)
05-25 09:30:10.013  2893  2893 E         : Runtime and build version of gralloc private structure does not match. Errors will likely follow.
05-25 09:30:10.017  2893  2893 E gralloc : invalid gralloc handle (at 0x7fab4d6620)
05-25 09:30:10.017  2893  2893 E SurfaceFlinger: error posting framebuffer: -22
05-25 09:30:10.047  2893  2893 E         : invalid gralloc handle (at 0x7fab4d65b0)
05-25 09:30:10.047  2893  2893 E         : Runtime and build version of gralloc private structure does not match. Errors will likely follow.
05-25 09:30:10.051  2893  2893 E gralloc : invalid gralloc handle (at 0x7fab4d65b0)
05-25 09:30:10.051  2893  2893 E SurfaceFlinger: error posting framebuffer: -22
05-25 09:30:10.080  2893  2893 E         : invalid gralloc handle (at 0x7fab4d6540)
05-25 09:30:10.080  2893  2893 E         : Runtime and build version of gralloc private structure does not match. Errors will likely follow.
05-25 09:30:10.084  2893  2893 E gralloc : invalid gralloc handle (at 0x7fab4d6540)
05-25 09:30:10.084  2893  2893 E SurfaceFlinger: error posting framebuffer: -22
05-25 09:30:10.148  2893  2893 E         : invalid gralloc handle (at 0x7fab4d6690)
05-25 09:30:10.148  2893  2893 E         : Runtime and build version of gralloc private structure does not match. Errors will likely follow.
05-25 09:30:10.152  2893  2893 E gralloc : invalid gralloc handle (at 0x7fab4d6690)
05-25 09:30:10.152  2893  2893 E SurfaceFlinger: error posting framebuffer: -22
05-25 09:30:10.182  2893  2893 E         : invalid gralloc handle (at 0x7fab4d6620)
05-25 09:30:10.182  2893  2893 E         : Runtime and build version of gralloc private structure does not match. Errors will likely follow.
05-25 09:30:10.185  2893  2893 E gralloc : invalid gralloc handle (at 0x7fab4d6620)
05-25 09:30:10.186  2893  2893 E SurfaceFlinger: error posting framebuffer: -22
05-25 09:30:10.215  2893  2893 E         : invalid gralloc handle (at 0x7fab4d65b0)
05-25 09:30:10.215  2893  2893 E         : Runtime and build version of gralloc private structure does not match. Errors will likely follow.
05-25 09:30:10.219  2893  2893 E gralloc : invalid gralloc handle (at 0x7fab4d65b0)
05-25 09:30:10.219  2893  2893 E SurfaceFlinger: error posting framebuffer: -22
05-25 09:30:10.249  2893  2893 E         : invalid gralloc handle (at 0x7fab4d6540)
05-25 09:30:10.249  2893  2893 E         : Runtime and build version of gralloc private structure does not match. Errors will likely follow.
05-25 09:30:10.253  2893  2893 E gralloc : invalid gralloc handle (at 0x7fab4d6540)
05-25 09:30:10.253  2893  2893 E SurfaceFlinger: error posting framebuffer: -22
05-25 09:30:10.317  2893  2893 E         : invalid gralloc handle (at 0x7fab4d6690)
05-25 09:30:10.317  2893  2893 E         : Runtime and build version of gralloc private structure does not match. Errors will likely follow.
05-25 09:30:10.320  2893  2893 E gralloc : invalid gralloc handle (at 0x7fab4d6690)
05-25 09:30:10.320  2893  2893 E SurfaceFlinger: error posting framebuffer: -22
05-25 09:30:10.350  2893  2893 E         : invalid gralloc handle (at 0x7fab4d6620)
05-25 09:30:10.350  2893  2893 E         : Runtime and build version of gralloc private structure does not match. Errors will likely follow.
05-25 09:30:10.354  2893  2893 E gralloc : invalid gralloc handle (at 0x7fab4d6620)
05-25 09:30:10.354  2893  2893 E SurfaceFlinger: error posting framebuffer: -22
05-25 09:30:10.384  2893  2893 E         : invalid gralloc handle (at 0x7fab4d65b0)
05-25 09:30:10.384  2893  2893 E         : Runtime and build version of gralloc private structure does not match. Errors will likely follow.
05-25 09:30:10.387  2893  2893 E gralloc : invalid gralloc handle (at 0x7fab4d65b0)
05-25 09:30:10.387  2893  2893 E SurfaceFlinger: error posting framebuffer: -22
05-25 09:30:10.418  2893  2893 E         : invalid gralloc handle (at 0x7fab4d6540)
05-25 09:30:10.418  2893  2893 E         : Runtime and build version of gralloc private structure does not match. Errors will likely follow.
05-25 09:30:10.421  2893  2893 E gralloc : invalid gralloc handle (at 0x7fab4d6540)
05-25 09:30:10.421  2893  2893 E SurfaceFlinger: error posting framebuffer: -22
05-25 09:30:10.485  2893  2893 E         : invalid gralloc handle (at 0x7fab4d6690)
05-25 09:30:10.485  2893  2893 E         : Runtime and build version of gralloc private structure does not match. Errors will likely follow.
05-25 09:30:10.489  2893  2893 E gralloc : invalid gralloc handle (at 0x7fab4d6690)
05-25 09:30:10.489  2893  2893 E SurfaceFlinger: error posting framebuffer: -22
05-25 09:30:10.502  3469  3469 V lhd     : GlLhdInterface::Init(/system/etc/lhd.conf)
05-25 09:30:10.502  3469  3469 E lhd     : Failed to read config file "/system/etc/lhd.conf"
05-25 09:30:10.502  3469  3469 E lhd     : ASSERT in GlLhdInterface.cpp:141: Failed to parse config file.
05-25 09:30:10.503  3469  3469 F libc    : Fatal signal 6 (SIGABRT), code -6 in tid 3469 (lhd)
05-25 09:30:10.503  3034  3034 I DEBUG   : property debug.db.uid not set; NOT waiting for gdb.
05-25 09:30:10.503  3034  3034 I DEBUG   : HINT: adb shell setprop debug.db.uid 100000
05-25 09:30:10.503  3034  3034 I DEBUG   : HINT: adb forward tcp:5039 tcp:5039
05-25 09:30:10.519  2893  2893 E         : invalid gralloc handle (at 0x7fab4d6620)
05-25 09:30:10.519  2893  2893 E         : Runtime and build version of gralloc private structure does not match. Errors will likely follow.
05-25 09:30:10.521  3331  3331 W Zygote  : Got error connecting to zygote, retrying. msg= No such file or directory
05-25 09:30:10.522  2893  2893 E gralloc : invalid gralloc handle (at 0x7fab4d6620)
05-25 09:30:10.523  2893  2893 E SurfaceFlinger: error posting framebuffer: -22
05-25 09:30:10.553  2893  2893 E         : invalid gralloc handle (at 0x7fab4d65b0)
05-25 09:30:10.553  2893  2893 E         : Runtime and build version of gralloc private structure does not match. Errors will likely follow.
05-25 09:30:10.553  3034  3034 F DEBUG   : *** *** *** *** *** *** *** *** *** *** *** *** *** *** *** ***
05-25 09:30:10.553  3034  3034 F DEBUG   : Build fingerprint: 'samsung/cm_hero2ltexx/hero2ltexx:6.0.1/MOB30J/5d66e77688:eng/test-keys'
05-25 09:30:10.553  3034  3034 F DEBUG   : Revision: '0'
05-25 09:30:10.553  3034  3034 F DEBUG   : ABI: 'arm64'
05-25 09:30:10.553  3034  3034 F DEBUG   : pid: 3469, tid: 3469, name: lhd  >>> /system/bin/lhd <<<
05-25 09:30:10.553  3034  3034 F DEBUG   : signal 6 (SIGABRT), code -6 (SI_TKILL), fault addr --------
05-25 09:30:10.555  3034  3034 F DEBUG   :     x0   0000000000000000  x1   0000000000000d8d  x2   0000000000000006  x3   0000000000000000
05-25 09:30:10.555  3034  3034 F DEBUG   :     x4   0000000000000000  x5   0000000000000001  x6   0000000000000000  x7   0000000000000000
05-25 09:30:10.555  3034  3034 F DEBUG   :     x8   0000000000000083  x9   0000007fd185a0f0  x10  00000000ffffffd8  x11  00000000ffffff80
05-25 09:30:10.555  3034  3034 F DEBUG   :     x12  0000007f82b7ce10  x13  56105ced159c8855  x14  0000007f82b20658  x15  0000000000000001
05-25 09:30:10.555  3034  3034 F DEBUG   :     x16  0000007f8270c580  x17  0000007f8269efcc  x18  00000000ffffffff  x19  0000007f82b2a0d8
05-25 09:30:10.555  3034  3034 F DEBUG   :     x20  0000007f82b2a018  x21  0000000000000002  x22  0000000000000006  x23  0000007f82b5a000
05-25 09:30:10.555  3034  3034 F DEBUG   :     x24  0000007fd185a6e8  x25  0000007f82b7f3d0  x26  0000000000000000  x27  0000000000000000
05-25 09:30:10.555  3034  3034 F DEBUG   :     x28  0000000000000000  x29  0000007fd185a1c0  x30  0000007f8269c768
05-25 09:30:10.555  3034  3034 F DEBUG   :     sp   0000007fd185a1c0  pc   0000007f8269efd4  pstate 0000000020000000
05-25 09:30:10.556  2893  2893 E gralloc : invalid gralloc handle (at 0x7fab4d65b0)
05-25 09:30:10.556  2893  2893 E SurfaceFlinger: error posting framebuffer: -22
05-25 09:30:10.557  3034  3034 F DEBUG   : 
05-25 09:30:10.557  3034  3034 F DEBUG   : backtrace:
05-25 09:30:10.557  3034  3034 F DEBUG   :     #00 pc 0000000000068fd4  /system/lib64/libc.so (tgkill+8)
05-25 09:30:10.557  3034  3034 F DEBUG   :     #01 pc 0000000000066764  /system/lib64/libc.so (pthread_kill+68)
05-25 09:30:10.557  3034  3034 F DEBUG   :     #02 pc 0000000000023448  /system/lib64/libc.so (raise+28)
05-25 09:30:10.557  3034  3034 F DEBUG   :     #03 pc 000000000001dbe8  /system/lib64/libc.so (abort+60)
05-25 09:30:10.557  3034  3034 F DEBUG   :     #04 pc 000000000000b5a0  /system/bin/lhd
05-25 09:30:10.557  3034  3034 F DEBUG   :     #05 pc 000000000000b640  /system/bin/lhd
05-25 09:30:10.557  3034  3034 F DEBUG   :     #06 pc 000000000000bec4  /system/bin/lhd
05-25 09:30:10.557  3034  3034 F DEBUG   :     #07 pc 000000000000c2b0  /system/bin/lhd
05-25 09:30:10.557  3034  3034 F DEBUG   :     #08 pc 000000000000965c  /system/bin/lhd (main+64)
05-25 09:30:10.557  3034  3034 F DEBUG   :     #09 pc 000000000001bcd8  /system/lib64/libc.so (__libc_init+100)
05-25 09:30:10.557  3034  3034 F DEBUG   :     #10 pc 00000000000099e8  /system/bin/lhd
05-25 09:30:10.573  3034  3034 F DEBUG   : 
05-25 09:30:10.573  3034  3034 F DEBUG   : Tombstone written to: /data/tombstones/tombstone_02
