05-25 22:22:14.650  3421  3421 E display : [PrimaryDisplay] framebuffer target expected, but not provided
05-25 22:22:14.681  3421  3421 E display : VPP should be assigned to FramebufferTarget but it was failed ret(0)
05-25 22:22:14.685  3421  3421 E display : [PrimaryDisplay] framebuffer target expected, but not provided
05-25 22:22:14.715  3421  3421 E display : VPP should be assigned to FramebufferTarget but it was failed ret(0)
05-25 22:22:14.719  3421  3421 E display : [PrimaryDisplay] framebuffer target expected, but not provided
05-25 22:22:14.749  3421  3421 E display : VPP should be assigned to FramebufferTarget but it was failed ret(0)
05-25 22:22:14.754  3421  3421 E display : [PrimaryDisplay] framebuffer target expected, but not provided
05-25 22:22:14.783  3421  3421 E display : VPP should be assigned to FramebufferTarget but it was failed ret(0)
05-25 22:22:14.788  3421  3421 E display : [PrimaryDisplay] framebuffer target expected, but not provided
05-25 22:22:14.817  3421  3421 E display : VPP should be assigned to FramebufferTarget but it was failed ret(0)
05-25 22:22:14.823  3421  3421 E display : [PrimaryDisplay] framebuffer target expected, but not provided
05-25 22:22:14.851  3421  3421 E display : VPP should be assigned to FramebufferTarget but it was failed ret(0)
05-25 22:22:14.857  3421  3421 E display : [PrimaryDisplay] framebuffer target expected, but not provided
05-25 22:22:14.885  3421  3421 E display : VPP should be assigned to FramebufferTarget but it was failed ret(0)
05-25 22:22:14.892  3421  3421 E display : [PrimaryDisplay] framebuffer target expected, but not provided
05-25 22:22:14.917  3421  3421 E display : VPP should be assigned to FramebufferTarget but it was failed ret(0)
05-25 22:22:14.920  3421  3421 E display : [PrimaryDisplay] framebuffer target expected, but not provided
05-25 22:22:14.934  3421  3421 E display : VPP should be assigned to FramebufferTarget but it was failed ret(0)
05-25 22:22:14.936  3421  3421 E display : [PrimaryDisplay] framebuffer target expected, but not provided
05-25 22:22:14.968  3421  3421 E display : VPP should be assigned to FramebufferTarget but it was failed ret(0)
05-25 22:22:14.970  3421  3421 E display : [PrimaryDisplay] framebuffer target expected, but not provided
05-25 22:22:15.019  3421  3421 E display : VPP should be assigned to FramebufferTarget but it was failed ret(0)
05-25 22:22:15.021  3421  3421 E display : [PrimaryDisplay] framebuffer target expected, but not provided
05-25 22:22:15.036  3421  3421 E display : VPP should be assigned to FramebufferTarget but it was failed ret(0)
05-25 22:22:15.038  3421  3421 E display : [PrimaryDisplay] framebuffer target expected, but not provided
05-25 22:22:15.069  3421  3421 E display : VPP should be assigned to FramebufferTarget but it was failed ret(0)
05-25 22:22:15.072  3421  3421 E display : [PrimaryDisplay] framebuffer target expected, but not provided
05-25 22:22:15.105  3421  3421 E display : VPP should be assigned to FramebufferTarget but it was failed ret(0)
05-25 22:22:15.109  3421  3421 E display : [PrimaryDisplay] framebuffer target expected, but not provided
05-25 22:22:15.138  3421  3421 E display : VPP should be assigned to FramebufferTarget but it was failed ret(0)
05-25 22:22:15.143  3421  3421 E display : [PrimaryDisplay] framebuffer target expected, but not provided
05-25 22:22:15.172  3421  3421 E display : VPP should be assigned to FramebufferTarget but it was failed ret(0)
05-25 22:22:15.177  3421  3421 E display : [PrimaryDisplay] framebuffer target expected, but not provided
05-25 22:22:15.206  3421  3421 E display : VPP should be assigned to FramebufferTarget but it was failed ret(0)
05-25 22:22:15.211  3421  3421 E display : [PrimaryDisplay] framebuffer target expected, but not provided
05-25 22:22:15.240  3421  3421 E display : VPP should be assigned to FramebufferTarget but it was failed ret(0)
05-25 22:22:15.245  3421  3421 E display : [PrimaryDisplay] framebuffer target expected, but not provided
05-25 22:22:15.258  3752  3752 W Zygote  : Got error connecting to zygote, retrying. msg= No such file or directory
05-25 22:22:15.292  3421  3421 E display : VPP should be assigned to FramebufferTarget but it was failed ret(0)
05-25 22:22:15.298  3421  3421 E display : [PrimaryDisplay] framebuffer target expected, but not provided
05-25 22:22:15.326  3421  3421 E display : VPP should be assigned to FramebufferTarget but it was failed ret(0)
05-25 22:22:15.331  3421  3421 E display : [PrimaryDisplay] framebuffer target expected, but not provided
05-25 22:22:15.340  3421  3421 E display : VPP should be assigned to FramebufferTarget but it was failed ret(0)
05-25 22:22:15.343  3421  3421 E display : [PrimaryDisplay] framebuffer target expected, but not provided
05-25 22:22:15.374  3421  3421 E display : VPP should be assigned to FramebufferTarget but it was failed ret(0)
05-25 22:22:15.377  3421  3421 E display : [PrimaryDisplay] framebuffer target expected, but not provided
05-25 22:22:15.408  3421  3421 E display : VPP should be assigned to FramebufferTarget but it was failed ret(0)
05-25 22:22:15.411  3421  3421 E display : [PrimaryDisplay] framebuffer target expected, but not provided
05-25 22:22:15.443  3421  3421 E display : VPP should be assigned to FramebufferTarget but it was failed ret(0)
05-25 22:22:15.447  3421  3421 E display : [PrimaryDisplay] framebuffer target expected, but not provided
05-25 22:22:15.477  3421  3421 E display : VPP should be assigned to FramebufferTarget but it was failed ret(0)
05-25 22:22:15.481  3421  3421 E display : [PrimaryDisplay] framebuffer target expected, but not provided
05-25 22:22:15.511  3421  3421 E display : VPP should be assigned to FramebufferTarget but it was failed ret(0)
05-25 22:22:15.515  3421  3421 E display : [PrimaryDisplay] framebuffer target expected, but not provided
05-25 22:22:15.546  3421  3421 E display : VPP should be assigned to FramebufferTarget but it was failed ret(0)
05-25 22:22:15.553  3421  3421 E display : [PrimaryDisplay] framebuffer target expected, but not provided
05-25 22:22:15.578  3421  3421 E display : VPP should be assigned to FramebufferTarget but it was failed ret(0)
05-25 22:22:15.580  3421  3421 E display : [PrimaryDisplay] framebuffer target expected, but not provided
05-25 22:22:15.595  3421  3421 E display : VPP should be assigned to FramebufferTarget but it was failed ret(0)
05-25 22:22:15.597  3421  3421 E display : [PrimaryDisplay] framebuffer target expected, but not provided
05-25 22:22:15.629  3421  3421 E display : VPP should be assigned to FramebufferTarget but it was failed ret(0)
05-25 22:22:15.631  3421  3421 E display : [PrimaryDisplay] framebuffer target expected, but not provided
05-25 22:22:15.680  3421  3421 E display : VPP should be assigned to FramebufferTarget but it was failed ret(0)
05-25 22:22:15.682  3421  3421 E display : [PrimaryDisplay] framebuffer target expected, but not provided
05-25 22:22:15.696  3421  3421 E display : VPP should be assigned to FramebufferTarget but it was failed ret(0)
05-25 22:22:15.699  3421  3421 E display : [PrimaryDisplay] framebuffer target expected, but not provided
05-25 22:22:15.730  3421  3421 E display : VPP should be assigned to FramebufferTarget but it was failed ret(0)
05-25 22:22:15.733  3421  3421 E display : [PrimaryDisplay] framebuffer target expected, but not provided
05-25 22:22:15.764  3421  3421 E display : VPP should be assigned to FramebufferTarget but it was failed ret(0)
05-25 22:22:15.767  3421  3421 E display : [PrimaryDisplay] framebuffer target expected, but not provided
05-25 22:22:15.816  3421  3421 E display : VPP should be assigned to FramebufferTarget but it was failed ret(0)
05-25 22:22:15.820  3421  3421 E display : [PrimaryDisplay] framebuffer target expected, but not provided
05-25 22:22:15.850  3421  3421 E display : VPP should be assigned to FramebufferTarget but it was failed ret(0)
05-25 22:22:15.855  3421  3421 E display : [PrimaryDisplay] framebuffer target expected, but not provided
05-25 22:22:15.883  3421  3421 E display : VPP should be assigned to FramebufferTarget but it was failed ret(0)
05-25 22:22:15.885  3421  3421 E display : [PrimaryDisplay] framebuffer target expected, but not provided
05-25 22:22:15.900  3421  3421 E display : VPP should be assigned to FramebufferTarget but it was failed ret(0)
05-25 22:22:15.902  3421  3421 E display : [PrimaryDisplay] framebuffer target expected, but not provided
05-25 22:22:15.934  3421  3421 E display : VPP should be assigned to FramebufferTarget but it was failed ret(0)
05-25 22:22:15.936  3421  3421 E display : [PrimaryDisplay] framebuffer target expected, but not provided
05-25 22:22:15.969  3421  3421 E display : VPP should be assigned to FramebufferTarget but it was failed ret(0)
05-25 22:22:15.972  3421  3421 E display : [PrimaryDisplay] framebuffer target expected, but not provided
05-25 22:22:16.019  3421  3421 E display : VPP should be assigned to FramebufferTarget but it was failed ret(0)
05-25 22:22:16.023  3421  3421 E display : [PrimaryDisplay] framebuffer target expected, but not provided
05-25 22:22:16.054  3421  3421 E display : VPP should be assigned to FramebufferTarget but it was failed ret(0)
05-25 22:22:16.060  3421  3421 E display : [PrimaryDisplay] framebuffer target expected, but not provided
05-25 22:22:16.086  3421  3421 E display : VPP should be assigned to FramebufferTarget but it was failed ret(0)
05-25 22:22:16.089  3421  3421 E display : [PrimaryDisplay] framebuffer target expected, but not provided
05-25 22:22:16.103  3421  3421 E display : VPP should be assigned to FramebufferTarget but it was failed ret(0)
05-25 22:22:16.106  3421  3421 E display : [PrimaryDisplay] framebuffer target expected, but not provided
05-25 22:22:16.137  3421  3421 E display : VPP should be assigned to FramebufferTarget but it was failed ret(0)
05-25 22:22:16.139  3421  3421 E display : [PrimaryDisplay] framebuffer target expected, but not provided
05-25 22:22:16.188  3421  3421 E display : VPP should be assigned to FramebufferTarget but it was failed ret(0)
05-25 22:22:16.190  3421  3421 E display : [PrimaryDisplay] framebuffer target expected, but not provided
05-25 22:22:16.205  3421  3421 E display : VPP should be assigned to FramebufferTarget but it was failed ret(0)
05-25 22:22:16.207  3421  3421 E display : [PrimaryDisplay] framebuffer target expected, but not provided
05-25 22:22:16.239  3421  3421 E display : VPP should be assigned to FramebufferTarget but it was failed ret(0)
05-25 22:22:16.241  3421  3421 E display : [PrimaryDisplay] framebuffer target expected, but not provided
05-25 22:22:16.259  3752  3752 W Zygote  : Got error connecting to zygote, retrying. msg= No such file or directory
05-25 22:22:16.275  3421  3421 E display : VPP should be assigned to FramebufferTarget but it was failed ret(0)
05-25 22:22:16.281  3421  3421 E display : [PrimaryDisplay] framebuffer target expected, but not provided
05-25 22:22:16.307  3421  3421 E display : VPP should be assigned to FramebufferTarget but it was failed ret(0)
05-25 22:22:16.309  3421  3421 E display : [PrimaryDisplay] framebuffer target expected, but not provided
05-25 22:22:16.340  3421  3421 E display : VPP should be assigned to FramebufferTarget but it was failed ret(0)
05-25 22:22:16.343  3421  3421 E display : [PrimaryDisplay] framebuffer target expected, but not provided
05-25 22:22:16.374  3421  3421 E display : VPP should be assigned to FramebufferTarget but it was failed ret(0)
05-25 22:22:16.377  3421  3421 E display : [PrimaryDisplay] framebuffer target expected, but not provided
05-25 22:22:16.445  3421  3421 E display : VPP should be assigned to FramebufferTarget but it was failed ret(0)
05-25 22:22:16.451  3421  3421 E display : [PrimaryDisplay] framebuffer target expected, but not provided
05-25 22:22:16.476  3421  3421 E display : VPP should be assigned to FramebufferTarget but it was failed ret(0)
05-25 22:22:16.479  3421  3421 E display : [PrimaryDisplay] framebuffer target expected, but not provided
05-25 22:22:16.494  3421  3421 E display : VPP should be assigned to FramebufferTarget but it was failed ret(0)
05-25 22:22:16.496  3421  3421 E display : [PrimaryDisplay] framebuffer target expected, but not provided
05-25 22:22:16.510  3421  3421 E display : VPP should be assigned to FramebufferTarget but it was failed ret(0)
05-25 22:22:16.513  3421  3421 E display : [PrimaryDisplay] framebuffer target expected, but not provided
05-25 22:22:16.544  3421  3421 E display : VPP should be assigned to FramebufferTarget but it was failed ret(0)
05-25 22:22:16.546  3421  3421 E display : [PrimaryDisplay] framebuffer target expected, but not provided
05-25 22:22:16.578  3421  3421 E display : VPP should be assigned to FramebufferTarget but it was failed ret(0)
05-25 22:22:16.580  3421  3421 E display : [PrimaryDisplay] framebuffer target expected, but not provided
05-25 22:22:16.612  3421  3421 E display : VPP should be assigned to FramebufferTarget but it was failed ret(0)
05-25 22:22:16.614  3421  3421 E display : [PrimaryDisplay] framebuffer target expected, but not provided
05-25 22:22:16.646  3421  3421 E display : VPP should be assigned to FramebufferTarget but it was failed ret(0)
05-25 22:22:16.648  3421  3421 E display : [PrimaryDisplay] framebuffer target expected, but not provided
05-25 22:22:16.697  3421  3421 E display : VPP should be assigned to FramebufferTarget but it was failed ret(0)
05-25 22:22:16.701  3421  3421 E display : [PrimaryDisplay] framebuffer target expected, but not provided
05-25 22:22:16.714  3421  3421 E display : VPP should be assigned to FramebufferTarget but it was failed ret(0)
05-25 22:22:16.718  3421  3421 E display : [PrimaryDisplay] framebuffer target expected, but not provided
05-25 22:22:16.767  3421  3421 E display : VPP should be assigned to FramebufferTarget but it was failed ret(0)
05-25 22:22:16.773  3421  3421 E display : [PrimaryDisplay] framebuffer target expected, but not provided
05-25 22:22:16.800  3421  3421 E display : VPP should be assigned to FramebufferTarget but it was failed ret(0)
05-25 22:22:16.806  3421  3421 E display : [PrimaryDisplay] framebuffer target expected, but not provided
05-25 22:22:16.834  3421  3421 E display : VPP should be assigned to FramebufferTarget but it was failed ret(0)
05-25 22:22:16.840  3421  3421 E display : [PrimaryDisplay] framebuffer target expected, but not provided
05-25 22:22:16.866  3421  3421 E display : VPP should be assigned to FramebufferTarget but it was failed ret(0)
05-25 22:22:16.869  3421  3421 E display : [PrimaryDisplay] framebuffer target expected, but not provided
05-25 22:22:16.883  3421  3421 E display : VPP should be assigned to FramebufferTarget but it was failed ret(0)
05-25 22:22:16.885  3421  3421 E display : [PrimaryDisplay] framebuffer target expected, but not provided
05-25 22:22:16.917  3421  3421 E display : VPP should be assigned to FramebufferTarget but it was failed ret(0)
05-25 22:22:16.919  3421  3421 E display : [PrimaryDisplay] framebuffer target expected, but not provided
05-25 22:22:16.951  3421  3421 E display : VPP should be assigned to FramebufferTarget but it was failed ret(0)
05-25 22:22:16.953  3421  3421 E display : [PrimaryDisplay] framebuffer target expected, but not provided
05-25 22:22:16.985  3421  3421 E display : VPP should be assigned to FramebufferTarget but it was failed ret(0)
05-25 22:22:16.987  3421  3421 E display : [PrimaryDisplay] framebuffer target expected, but not provided
05-25 22:22:17.019  3421  3421 E display : VPP should be assigned to FramebufferTarget but it was failed ret(0)
05-25 22:22:17.021  3421  3421 E display : [PrimaryDisplay] framebuffer target expected, but not provided
05-25 22:22:17.053  3421  3421 E display : VPP should be assigned to FramebufferTarget but it was failed ret(0)
05-25 22:22:17.057  3421  3421 E display : [PrimaryDisplay] framebuffer target expected, but not provided
05-25 22:22:17.087  3421  3421 E display : VPP should be assigned to FramebufferTarget but it was failed ret(0)
05-25 22:22:17.091  3421  3421 E display : [PrimaryDisplay] framebuffer target expected, but not provided
05-25 22:22:17.121  3421  3421 E display : VPP should be assigned to FramebufferTarget but it was failed ret(0)
05-25 22:22:17.124  3421  3421 E display : [PrimaryDisplay] framebuffer target expected, but not provided
05-25 22:22:17.155  3421  3421 E display : VPP should be assigned to FramebufferTarget but it was failed ret(0)
05-25 22:22:17.158  3421  3421 E display : [PrimaryDisplay] framebuffer target expected, but not provided
05-25 22:22:17.207  3421  3421 E display : VPP should be assigned to FramebufferTarget but it was failed ret(0)
05-25 22:22:17.211  3421  3421 E display : [PrimaryDisplay] framebuffer target expected, but not provided
05-25 22:22:17.240  3421  3421 E display : VPP should be assigned to FramebufferTarget but it was failed ret(0)
05-25 22:22:17.245  3421  3421 E display : [PrimaryDisplay] framebuffer target expected, but not provided
05-25 22:22:17.257  3421  3421 E display : VPP should be assigned to FramebufferTarget but it was failed ret(0)
05-25 22:22:17.260  3752  3752 W Zygote  : Got error connecting to zygote, retrying. msg= No such file or directory
05-25 22:22:17.262  3421  3421 E display : [PrimaryDisplay] framebuffer target expected, but not provided
05-25 22:22:17.309  3421  3421 E display : VPP should be assigned to FramebufferTarget but it was failed ret(0)
05-25 22:22:17.316  3421  3421 E display : [PrimaryDisplay] framebuffer target expected, but not provided
05-25 22:22:17.343  3421  3421 E display : VPP should be assigned to FramebufferTarget but it was failed ret(0)
05-25 22:22:17.348  3421  3421 E display : [PrimaryDisplay] framebuffer target expected, but not provided
05-25 22:22:17.377  3421  3421 E display : VPP should be assigned to FramebufferTarget but it was failed ret(0)
05-25 22:22:17.382  3421  3421 E display : [PrimaryDisplay] framebuffer target expected, but not provided
05-25 22:22:17.411  3421  3421 E display : VPP should be assigned to FramebufferTarget but it was failed ret(0)
05-25 22:22:17.416  3421  3421 E display : [PrimaryDisplay] framebuffer target expected, but not provided
05-25 22:22:17.444  3421  3421 E display : VPP should be assigned to FramebufferTarget but it was failed ret(0)
05-25 22:22:17.450  3421  3421 E display : [PrimaryDisplay] framebuffer target expected, but not provided
05-25 22:22:17.476  3421  3421 E display : VPP should be assigned to FramebufferTarget but it was failed ret(0)
05-25 22:22:17.479  3421  3421 E display : [PrimaryDisplay] framebuffer target expected, but not provided
05-25 22:22:17.493  3421  3421 E display : VPP should be assigned to FramebufferTarget but it was failed ret(0)
05-25 22:22:17.496  3421  3421 E display : [PrimaryDisplay] framebuffer target expected, but not provided
05-25 22:22:17.527  3421  3421 E display : VPP should be assigned to FramebufferTarget but it was failed ret(0)
05-25 22:22:17.529  3421  3421 E display : [PrimaryDisplay] framebuffer target expected, but not provided
05-25 22:22:17.562  3421  3421 E display : VPP should be assigned to FramebufferTarget but it was failed ret(0)
05-25 22:22:17.567  3421  3421 E display : [PrimaryDisplay] framebuffer target expected, but not provided
05-25 22:22:17.596  3421  3421 E display : VPP should be assigned to FramebufferTarget but it was failed ret(0)
05-25 22:22:17.601  3421  3421 E display : [PrimaryDisplay] framebuffer target expected, but not provided
05-25 22:22:17.630  3421  3421 E display : VPP should be assigned to FramebufferTarget but it was failed ret(0)
05-25 22:22:17.635  3421  3421 E display : [PrimaryDisplay] framebuffer target expected, but not provided
05-25 22:22:17.664  3421  3421 E display : VPP should be assigned to FramebufferTarget but it was failed ret(0)
05-25 22:22:17.667  3421  3421 E display : [PrimaryDisplay] framebuffer target expected, but not provided
05-25 22:22:17.698  3421  3421 E display : VPP should be assigned to FramebufferTarget but it was failed ret(0)
05-25 22:22:17.701  3421  3421 E display : [PrimaryDisplay] framebuffer target expected, but not provided
05-25 22:22:17.731  3421  3421 E display : VPP should be assigned to FramebufferTarget but it was failed ret(0)
05-25 22:22:17.735  3421  3421 E display : [PrimaryDisplay] framebuffer target expected, but not provided
05-25 22:22:17.766  3421  3421 E display : VPP should be assigned to FramebufferTarget but it was failed ret(0)
05-25 22:22:17.768  3421  3421 E display : [PrimaryDisplay] framebuffer target expected, but not provided
05-25 22:22:17.781  3421  3421 E display : VPP should be assigned to FramebufferTarget but it was failed ret(0)
05-25 22:22:17.784  3421  3421 E display : [PrimaryDisplay] framebuffer target expected, but not provided
05-25 22:22:17.815  3421  3421 E display : VPP should be assigned to FramebufferTarget but it was failed ret(0)
05-25 22:22:17.817  3421  3421 E display : [PrimaryDisplay] framebuffer target expected, but not provided
05-25 22:22:17.849  3421  3421 E display : VPP should be assigned to FramebufferTarget but it was failed ret(0)
05-25 22:22:17.851  3421  3421 E display : [PrimaryDisplay] framebuffer target expected, but not provided
05-25 22:22:17.902  3421  3421 E display : VPP should be assigned to FramebufferTarget but it was failed ret(0)
05-25 22:22:17.906  3421  3421 E display : [PrimaryDisplay] framebuffer target expected, but not provided
05-25 22:22:17.934  3421  3421 E display : VPP should be assigned to FramebufferTarget but it was failed ret(0)
05-25 22:22:17.938  3421  3421 E display : [PrimaryDisplay] framebuffer target expected, but not provided
05-25 22:22:17.969  3421  3421 E display : VPP should be assigned to FramebufferTarget but it was failed ret(0)
05-25 22:22:17.973  3421  3421 E display : [PrimaryDisplay] framebuffer target expected, but not provided
05-25 22:22:18.001  3421  3421 E display : VPP should be assigned to FramebufferTarget but it was failed ret(0)
05-25 22:22:18.004  3421  3421 E display : [PrimaryDisplay] framebuffer target expected, but not provided
05-25 22:22:18.018  3421  3421 E display : VPP should be assigned to FramebufferTarget but it was failed ret(0)
05-25 22:22:18.020  3421  3421 E display : [PrimaryDisplay] framebuffer target expected, but not provided
05-25 22:22:18.028  3786  3786 I mediaserver: ServiceManager: 0xf688e120
05-25 22:22:18.028  3786  3786 I AudioFlinger: Using default 3000 mSec as standby time.
05-25 22:22:18.028  3786  3786 E BatteryNotifier: batterystats service unavailable!
05-25 22:22:18.028  3786  3786 E BatteryNotifier: batterystats service unavailable!
05-25 22:22:18.028  3786  3786 I CameraService: CameraService started (pid=3786)
05-25 22:22:18.028  3786  3786 I CameraService: CameraService process starting
05-25 22:22:18.028  3786  3786 E BatteryNotifier: batterystats service unavailable!
05-25 22:22:18.028  3786  3786 E BatteryNotifier: batterystats service unavailable!
05-25 22:22:18.028  3786  3786 E CameraService: Could not load camera HAL module: -2 (No such file or directory)
05-25 22:22:18.029  3786  3786 I AudioPolicyService: AudioPolicyService CSTOR in new mode
05-25 22:22:18.029  3786  3786 W APM::HwModule: loadOutput() invalid supported devices
05-25 22:22:18.029  3786  3786 W APM::HwModule: loadOutput() invalid supported devices
05-25 22:22:18.029  3786  3786 W APM::HwModule: loadInput() invalid supported devices
05-25 22:22:18.029  3786  3786 W APM::HwModule: loadInput() invalid supported devices
05-25 22:22:18.029  3786  3786 I APM::ConfigParsingUtils: loadAudioPolicyConfig() loaded /system/etc/audio_policy.conf
05-25 22:22:18.052  3421  3421 E display : VPP should be assigned to FramebufferTarget but it was failed ret(0)
05-25 22:22:18.054  3421  3421 E display : [PrimaryDisplay] framebuffer target expected, but not provided
05-25 22:22:18.086  3421  3421 E display : VPP should be assigned to FramebufferTarget but it was failed ret(0)
05-25 22:22:18.088  3421  3421 E display : [PrimaryDisplay] framebuffer target expected, but not provided
05-25 22:22:18.121  3421  3421 E display : VPP should be assigned to FramebufferTarget but it was failed ret(0)
05-25 22:22:18.125  3421  3421 E display : [PrimaryDisplay] framebuffer target expected, but not provided
05-25 22:22:18.153  3421  3421 E display : VPP should be assigned to FramebufferTarget but it was failed ret(0)
05-25 22:22:18.155  3421  3421 E display : [PrimaryDisplay] framebuffer target expected, but not provided
05-25 22:22:18.187  3421  3421 E display : VPP should be assigned to FramebufferTarget but it was failed ret(0)
05-25 22:22:18.188  3421  3421 E display : [PrimaryDisplay] framebuffer target expected, but not provided
05-25 22:22:18.221  3421  3421 E display : VPP should be assigned to FramebufferTarget but it was failed ret(0)
05-25 22:22:18.223  3421  3421 E display : [PrimaryDisplay] framebuffer target expected, but not provided
05-25 22:22:18.258  3421  3421 E display : VPP should be assigned to FramebufferTarget but it was failed ret(0)
05-25 22:22:18.262  3752  3752 W Zygote  : Got error connecting to zygote, retrying. msg= No such file or directory
05-25 22:22:18.262  3421  3421 E display : [PrimaryDisplay] framebuffer target expected, but not provided
05-25 22:22:18.308  3421  3421 E display : VPP should be assigned to FramebufferTarget but it was failed ret(0)
05-25 22:22:18.312  3421  3421 E display : [PrimaryDisplay] framebuffer target expected, but not provided
05-25 22:22:18.342  3421  3421 E display : VPP should be assigned to FramebufferTarget but it was failed ret(0)
05-25 22:22:18.346  3421  3421 E display : [PrimaryDisplay] framebuffer target expected, but not provided
05-25 22:22:18.376  3421  3421 E display : VPP should be assigned to FramebufferTarget but it was failed ret(0)
05-25 22:22:18.380  3421  3421 E display : [PrimaryDisplay] framebuffer target expected, but not provided
05-25 22:22:18.409  3421  3421 E display : VPP should be assigned to FramebufferTarget but it was failed ret(0)
05-25 22:22:18.413  3421  3421 E display : [PrimaryDisplay] framebuffer target expected, but not provided
05-25 22:22:18.443  3421  3421 E display : VPP should be assigned to FramebufferTarget but it was failed ret(0)
05-25 22:22:18.447  3421  3421 E display : [PrimaryDisplay] framebuffer target expected, but not provided
05-25 22:22:18.459  3421  3421 E display : VPP should be assigned to FramebufferTarget but it was failed ret(0)
05-25 22:22:18.460  3421  3421 E display : [PrimaryDisplay] framebuffer target expected, but not provided
05-25 22:22:18.493  3421  3421 E display : VPP should be assigned to FramebufferTarget but it was failed ret(0)
05-25 22:22:18.494  3421  3421 E display : [PrimaryDisplay] framebuffer target expected, but not provided
05-25 22:22:18.520  3786  3786 I AudioFlinger: loadHwModule() Loaded primary audio interface from Samsung audio HW HAL (audio) handle 1
05-25 22:22:18.520  3786  3786 I AudioFlinger: openOutput(), module 1 Device 2, SamplingRate 48000, Format 0x000001, Channels 3, flags a
05-25 22:22:18.520  3786  3786 I AudioFlinger: AudioStreamOut::open(), mHalFormatIsLinearPcm = 1
05-25 22:22:18.520  3786  3786 I AudioFlinger: HAL output buffer size 1024 frames, normal sink buffer size 1024 frames
05-25 22:22:18.521  3786  3786 W EffectsFactory: loadLibrary() failed to open /system/lib/soundfx/libaudioeffectoffload.so
05-25 22:22:18.522  3786  3786 W EffectsFactory: loadLibrary() failed to open /system/lib/soundfx/libexynosvisualizer.so
05-25 22:22:18.523  3786  3786 W EffectsFactory: loadLibrary() failed to open /system/lib/libmysound.so
05-25 22:22:18.523  3786  3786 W EffectsFactory: loadLibrary() failed to open /system/lib/soundfx/libmyspace.so
05-25 22:22:18.524  3786  3786 W EffectsFactory: loadLibrary() failed to open /system/lib/libaudiosa.so
05-25 22:22:18.524  3786  3786 W EffectsFactory: loadLibrary() failed to open /system/lib/soundfx/libaudiosaplus_sec.so
05-25 22:22:18.524  3786  3786 W EffectsFactory: loadLibrary() failed to open /system/lib/libsamsungSoundbooster_plus.so
05-25 22:22:18.524  3786  3786 W EffectsFactory: loadEffect() could not get library soundbooster_plus
05-25 22:22:18.524  3786  3786 W EffectsFactory: addSubEffect() could not get library soundalive_sec
05-25 22:22:18.524  3786  3786 W EffectsFactory: loadEffect() could not add subEffect 
05-25 22:22:18.524  3786  3786 W EffectsFactory: loadEffect() could not get library soundalive
05-25 22:22:18.524  3786  3786 W EffectsFactory: loadEffect() could not get library soundalive
05-25 22:22:18.524  3786  3786 W EffectsFactory: loadEffect() could not get library soundalive
05-25 22:22:18.524  3786  3786 W EffectsFactory: addSubEffect() could not get library visualizer_hw
05-25 22:22:18.524  3786  3786 W EffectsFactory: loadEffect() could not add subEffect 
05-25 22:22:18.524  3786  3786 W EffectsFactory: addSubEffect() could not get library mysound
05-25 22:22:18.524  3786  3786 W EffectsFactory: loadEffect() could not add subEffect 
05-25 22:22:18.524  3786  3786 W EffectsFactory: addSubEffect() could not get library myspace
05-25 22:22:18.524  3786  3786 W EffectsFactory: loadEffect() could not add subEffect 
05-25 22:22:18.524  3786  3786 I BufferProvider: found effect "Multichannel Downmix To Stereo" from The Android Open Source Project
05-25 22:22:18.524  3786  3786 I AudioFlinger: Using module 1 has the primary audio interface
05-25 22:22:18.524  3786  3790 I AudioFlinger: AudioFlinger's thread 0xf4c80000 ready to run
05-25 22:22:18.524  3786  3790 V audio_hw_primary: do_out_standby: output standby: 1
05-25 22:22:18.525  3786  3790 V audio_hw_primary: out_set_parameters: key value pairs: routing=2
05-25 22:22:18.525  3786  3790 E AudioFlinger: no wake lock to update!
05-25 22:22:18.525  3786  3786 I AudioFlinger: openOutput(), module 1 Device 2, SamplingRate 48000, Format 0x000001, Channels 3, flags 4
05-25 22:22:18.525  3786  3786 I AudioFlinger: AudioStreamOut::open(), mHalFormatIsLinearPcm = 1
05-25 22:22:18.525  3786  3786 I AudioFlinger: HAL output buffer size 256 frames, normal sink buffer size 960 frames
05-25 22:22:18.525  3786  3786 E MonoPipe: Failed to fetch local time frequency when constructing a MonoPipe (res = -32).  getNextWriteTimestamp calls will be non-functional
05-25 22:22:18.525  3786  3792 I AudioFlinger: AudioFlinger's thread 0xf4940000 ready to run
05-25 22:22:18.525  3786  3792 V audio_hw_primary: out_set_parameters: key value pairs: routing=2
05-25 22:22:18.525  3786  3792 V audio_hw_primary: do_out_standby: output standby: 1
05-25 22:22:18.526  3786  3792 E AudioFlinger: no wake lock to update!
05-25 22:22:18.526  3786  3786 V audio_hw_primary: adev_open_input_stream: Requesting input stream with rate: 48000, channels: 0xc
05-25 22:22:18.526  3786  3793 I AudioFlinger: AudioFlinger's thread 0xf4640000 ready to run
05-25 22:22:18.527  3786  3786 I bt_a2dp_hw: adev_open:  adev_open in A2dp_hw module
05-25 22:22:18.527  3786  3786 I AudioFlinger: loadHwModule() Loaded a2dp audio interface from A2DP Audio HW HAL (audio) handle 5
05-25 22:22:18.527  3786  3786 I AudioFlinger: loadHwModule() Loaded usb audio interface from USB audio HW HAL (audio) handle 6
05-25 22:22:18.528  3786  3786 I r_submix: adev_open(name=audio_hw_if)
05-25 22:22:18.528  3786  3786 I r_submix: adev_init_check()
05-25 22:22:18.528  3786  3786 I AudioFlinger: loadHwModule() Loaded r_submix audio interface from Wifi Display audio HAL (audio) handle 7
05-25 22:22:18.528  3786  3786 D r_submix: adev_open_input_stream(addr=0)
05-25 22:22:18.528  3786  3786 D r_submix: submix_audio_device_create_pipe_l(addr=0, idx=9)
05-25 22:22:18.528  3786  3786 D r_submix:   now using address 0 for route 9
05-25 22:22:18.528  3786  3794 I AudioFlinger: AudioFlinger's thread 0xf4580000 ready to run
05-25 22:22:18.528  3786  3786 D r_submix: adev_close_input_stream()
05-25 22:22:18.528  3786  3786 D r_submix: submix_audio_device_release_pipe_l(idx=9) addr=0
05-25 22:22:18.528  3786  3786 D r_submix: submix_audio_device_destroy_pipe_l(): pipe destroyed
05-25 22:22:18.528  3421  3421 E display : VPP should be assigned to FramebufferTarget but it was failed ret(0)
05-25 22:22:18.528  3786  3786 F libc    : Fatal signal 11 (SIGSEGV), code 1, fault addr 0x0 in tid 3786 (mediaserver)
05-25 22:22:18.528  2902  2902 I DEBUG   : property debug.db.uid not set; NOT waiting for gdb.
05-25 22:22:18.528  2902  2902 I DEBUG   : HINT: adb shell setprop debug.db.uid 100000
05-25 22:22:18.528  2902  2902 I DEBUG   : HINT: adb forward tcp:5039 tcp:5039
05-25 22:22:18.531  3421  3421 E display : [PrimaryDisplay] framebuffer target expected, but not provided
05-25 22:22:18.563  3421  3421 E display : VPP should be assigned to FramebufferTarget but it was failed ret(0)
05-25 22:22:18.568  3421  3421 E display : [PrimaryDisplay] framebuffer target expected, but not provided
05-25 22:22:18.579  2902  2902 F DEBUG   : *** *** *** *** *** *** *** *** *** *** *** *** *** *** *** ***
05-25 22:22:18.579  2902  2902 F DEBUG   : Build fingerprint: 'samsung/cm_hero2ltexx/hero2ltexx:6.0.1/MOB30J/e2cda30d7b:eng/test-keys'
05-25 22:22:18.580  2902  2902 F DEBUG   : Revision: '0'
05-25 22:22:18.580  2902  2902 F DEBUG   : ABI: 'arm'
05-25 22:22:18.580  2902  2902 F DEBUG   : pid: 3786, tid: 3786, name: mediaserver  >>> /system/bin/mediaserver <<<
05-25 22:22:18.580  2902  2902 F DEBUG   : signal 11 (SIGSEGV), code 1 (SEGV_MAPERR), fault addr 0x0
05-25 22:22:18.596  3421  3421 E display : VPP should be assigned to FramebufferTarget but it was failed ret(0)
05-25 22:22:18.598  2902  2902 F DEBUG   :     r0 f4d1e8f4  r1 00000000  r2 65732020  r3 00000007
05-25 22:22:18.598  2902  2902 F DEBUG   :     r4 00000008  r5 f4d1e8f2  r6 f771bbe0  r7 ff8e90d4
05-25 22:22:18.598  2902  2902 F DEBUG   :     r8 f4d7e00c  r9 f7719431  sl f7719635  fp f4d1e8f2
05-25 22:22:18.598  2902  2902 F DEBUG   :     ip 00000000  sp ff8e9090  lr f77144f7  pc f72673c8  cpsr 600f0010
05-25 22:22:18.601  2902  2902 F DEBUG   : 
05-25 22:22:18.601  2902  2902 F DEBUG   : backtrace:
05-25 22:22:18.601  2902  2902 F DEBUG   :     #00 pc 000183c8  /system/lib/libc.so (strcmp+152)
05-25 22:22:18.601  2902  2902 F DEBUG   :     #01 pc 000084f3  /system/lib/libaudiopolicyservice.so
05-25 22:22:18.601  3421  3421 E display : [PrimaryDisplay] framebuffer target expected, but not provided
05-25 22:22:18.601  2902  2902 F DEBUG   :     #02 pc 000200d0  [stack]
05-25 22:22:18.630  3421  3421 E display : VPP should be assigned to FramebufferTarget but it was failed ret(0)
05-25 22:22:18.635  3421  3421 E display : [PrimaryDisplay] framebuffer target expected, but not provided
05-25 22:22:18.662  3421  3421 E display : VPP should be assigned to FramebufferTarget but it was failed ret(0)
05-25 22:22:18.665  3421  3421 E display : [PrimaryDisplay] framebuffer target expected, but not provided
05-25 22:22:18.682  2902  2902 F DEBUG   : 
05-25 22:22:18.682  2902  2902 F DEBUG   : Tombstone written to: /data/tombstones/tombstone_08
05-25 22:22:18.685  2899  2899 I ServiceManager: service 'media.audio_flinger' died
05-25 22:22:18.679  3786  3786 W mediaserver: type=1701 audit(0.0:385): auid=4294967295 uid=1013 gid=1005 ses=4294967295 exe="/system/bin/mediaserver" sig=11
05-25 22:22:18.685  2899  2899 I ServiceManager: service 'media.player' died
05-25 22:22:18.685  2899  2899 I ServiceManager: service 'media.resource_manager' died
05-25 22:22:18.685  2899  2899 I ServiceManager: service 'media.camera' died
05-25 22:22:18.696  3421  3421 E display : VPP should be assigned to FramebufferTarget but it was failed ret(0)
05-25 22:22:18.698  3421  3421 E display : [PrimaryDisplay] framebuffer target expected, but not provided
05-25 22:22:18.730  3421  3421 E display : VPP should be assigned to FramebufferTarget but it was failed ret(0)
05-25 22:22:18.732  3421  3421 E display : [PrimaryDisplay] framebuffer target expected, but not provided
05-25 22:22:18.765  3421  3421 E display : VPP should be assigned to FramebufferTarget but it was failed ret(0)
05-25 22:22:18.769  3421  3421 E display : [PrimaryDisplay] framebuffer target expected, but not provided
05-25 22:22:18.798  3421  3421 E display : VPP should be assigned to FramebufferTarget but it was failed ret(0)
05-25 22:22:18.800  3421  3421 E display : [PrimaryDisplay] framebuffer target expected, but not provided
05-25 22:22:18.832  3421  3421 E display : VPP should be assigned to FramebufferTarget but it was failed ret(0)
05-25 22:22:18.835  3421  3421 E display : [PrimaryDisplay] framebuffer target expected, but not provided
05-25 22:22:18.866  3421  3421 E display : VPP should be assigned to FramebufferTarget but it was failed ret(0)
05-25 22:22:18.868  3421  3421 E display : [PrimaryDisplay] framebuffer target expected, but not provided
05-25 22:22:18.900  3421  3421 E display : VPP should be assigned to FramebufferTarget but it was failed ret(0)
05-25 22:22:18.904  3421  3421 E display : [PrimaryDisplay] framebuffer target expected, but not provided
05-25 22:22:18.935  3421  3421 E display : VPP should be assigned to FramebufferTarget but it was failed ret(0)
05-25 22:22:18.938  3421  3421 E display : [PrimaryDisplay] framebuffer target expected, but not provided
05-25 22:22:18.969  3421  3421 E display : VPP should be assigned to FramebufferTarget but it was failed ret(0)
05-25 22:22:18.972  3421  3421 E display : [PrimaryDisplay] framebuffer target expected, but not provided
05-25 22:22:19.003  3421  3421 E display : VPP should be assigned to FramebufferTarget but it was failed ret(0)
05-25 22:22:19.006  3421  3421 E display : [PrimaryDisplay] framebuffer target expected, but not provided
05-25 22:22:19.036  3421  3421 E display : VPP should be assigned to FramebufferTarget but it was failed ret(0)
05-25 22:22:19.040  3421  3421 E display : [PrimaryDisplay] framebuffer target expected, but not provided
05-25 22:22:19.070  3421  3421 E display : VPP should be assigned to FramebufferTarget but it was failed ret(0)
05-25 22:22:19.074  3421  3421 E display : [PrimaryDisplay] framebuffer target expected, but not provided
05-25 22:22:19.105  3421  3421 E display : VPP should be assigned to FramebufferTarget but it was failed ret(0)
05-25 22:22:19.111  3421  3421 E display : [PrimaryDisplay] framebuffer target expected, but not provided
05-25 22:22:19.139  3421  3421 E display : VPP should be assigned to FramebufferTarget but it was failed ret(0)
05-25 22:22:19.145  3421  3421 E display : [PrimaryDisplay] framebuffer target expected, but not provided
05-25 22:22:19.190  3421  3421 E display : VPP should be assigned to FramebufferTarget but it was failed ret(0)
05-25 22:22:19.196  3421  3421 E display : [PrimaryDisplay] framebuffer target expected, but not provided
05-25 22:22:19.222  3421  3421 E display : VPP should be assigned to FramebufferTarget but it was failed ret(0)
05-25 22:22:19.224  3421  3421 E display : [PrimaryDisplay] framebuffer target expected, but not provided
05-25 22:22:19.239  3421  3421 E display : VPP should be assigned to FramebufferTarget but it was failed ret(0)
05-25 22:22:19.241  3421  3421 E display : [PrimaryDisplay] framebuffer target expected, but not provided
05-25 22:22:19.256  3421  3421 E display : VPP should be assigned to FramebufferTarget but it was failed ret(0)
05-25 22:22:19.258  3421  3421 E display : [PrimaryDisplay] framebuffer target expected, but not provided
05-25 22:22:19.262  3752  3752 W Zygote  : Got error connecting to zygote, retrying. msg= No such file or directory
05-25 22:22:19.290  3421  3421 E display : VPP should be assigned to FramebufferTarget but it was failed ret(0)
05-25 22:22:19.292  3421  3421 E display : [PrimaryDisplay] framebuffer target expected, but not provided
05-25 22:22:19.340  3421  3421 E display : VPP should be assigned to FramebufferTarget but it was failed ret(0)
05-25 22:22:19.343  3421  3421 E display : [PrimaryDisplay] framebuffer target expected, but not provided
05-25 22:22:19.357  3421  3421 E display : VPP should be assigned to FramebufferTarget but it was failed ret(0)
05-25 22:22:19.360  3421  3421 E display : [PrimaryDisplay] framebuffer target expected, but not provided
05-25 22:22:19.391  3421  3421 E display : VPP should be assigned to FramebufferTarget but it was failed ret(0)
05-25 22:22:19.394  3421  3421 E display : [PrimaryDisplay] framebuffer target expected, but not provided
05-25 22:22:19.426  3421  3421 E display : VPP should be assigned to FramebufferTarget but it was failed ret(0)
05-25 22:22:19.430  3421  3421 E display : [PrimaryDisplay] framebuffer target expected, but not provided
05-25 22:22:19.477  3421  3421 E display : VPP should be assigned to FramebufferTarget but it was failed ret(0)
05-25 22:22:19.481  3421  3421 E display : [PrimaryDisplay] framebuffer target expected, but not provided
05-25 22:22:19.511  3421  3421 E display : VPP should be assigned to FramebufferTarget but it was failed ret(0)
05-25 22:22:19.515  3421  3421 E display : [PrimaryDisplay] framebuffer target expected, but not provided
05-25 22:22:19.545  3421  3421 E display : VPP should be assigned to FramebufferTarget but it was failed ret(0)
05-25 22:22:19.549  3421  3421 E display : [PrimaryDisplay] framebuffer target expected, but not provided
05-25 22:22:19.580  3421  3421 E display : VPP should be assigned to FramebufferTarget but it was failed ret(0)
05-25 22:22:19.587  3421  3421 E display : [PrimaryDisplay] framebuffer target expected, but not provided
05-25 22:22:19.631  3421  3421 E display : VPP should be assigned to FramebufferTarget but it was failed ret(0)
05-25 22:22:19.638  3421  3421 E display : [PrimaryDisplay] framebuffer target expected, but not provided
05-25 22:22:19.648  3421  3421 E display : VPP should be assigned to FramebufferTarget but it was failed ret(0)
05-25 22:22:19.654  3421  3421 E display : [PrimaryDisplay] framebuffer target expected, but not provided
05-25 22:22:19.681  3421  3421 E display : VPP should be assigned to FramebufferTarget but it was failed ret(0)
05-25 22:22:19.688  3421  3421 E display : [PrimaryDisplay] framebuffer target expected, but not provided
05-25 22:22:19.715  3421  3421 E display : VPP should be assigned to FramebufferTarget but it was failed ret(0)
05-25 22:22:19.721  3421  3421 E display : [PrimaryDisplay] framebuffer target expected, but not provided
05-25 22:22:19.749  3421  3421 E display : VPP should be assigned to FramebufferTarget but it was failed ret(0)
05-25 22:22:19.755  3421  3421 E display : [PrimaryDisplay] framebuffer target expected, but not provided
05-25 22:22:19.783  3421  3421 E display : VPP should be assigned to FramebufferTarget but it was failed ret(0)
05-25 22:22:19.789  3421  3421 E display : [PrimaryDisplay] framebuffer target expected, but not provided
05-25 22:22:19.817  3421  3421 E display : VPP should be assigned to FramebufferTarget but it was failed ret(0)
05-25 22:22:19.823  3421  3421 E display : [PrimaryDisplay] framebuffer target expected, but not provided
05-25 22:22:19.851  3421  3421 E display : VPP should be assigned to FramebufferTarget but it was failed ret(0)
05-25 22:22:19.857  3421  3421 E display : [PrimaryDisplay] framebuffer target expected, but not provided
05-25 22:22:19.885  3421  3421 E display : VPP should be assigned to FramebufferTarget but it was failed ret(0)
05-25 22:22:19.890  3421  3421 E display : [PrimaryDisplay] framebuffer target expected, but not provided
05-25 22:22:19.919  3421  3421 E display : VPP should be assigned to FramebufferTarget but it was failed ret(0)
05-25 22:22:19.925  3421  3421 E display : [PrimaryDisplay] framebuffer target expected, but not provided
05-25 22:22:19.953  3421  3421 E display : VPP should be assigned to FramebufferTarget but it was failed ret(0)
05-25 22:22:19.959  3421  3421 E display : [PrimaryDisplay] framebuffer target expected, but not provided
05-25 22:22:19.987  3421  3421 E display : VPP should be assigned to FramebufferTarget but it was failed ret(0)
05-25 22:22:19.992  3421  3421 E display : [PrimaryDisplay] framebuffer target expected, but not provided
05-25 22:22:20.021  3421  3421 E display : VPP should be assigned to FramebufferTarget but it was failed ret(0)
05-25 22:22:20.027  3421  3421 E display : [PrimaryDisplay] framebuffer target expected, but not provided
05-25 22:22:20.053  3421  3421 E display : VPP should be assigned to FramebufferTarget but it was failed ret(0)
05-25 22:22:20.055  3421  3421 E display : [PrimaryDisplay] framebuffer target expected, but not provided
05-25 22:22:20.069  3421  3421 E display : VPP should be assigned to FramebufferTarget but it was failed ret(0)
05-25 22:22:20.072  3421  3421 E display : [PrimaryDisplay] framebuffer target expected, but not provided
05-25 22:22:20.103  3421  3421 E display : VPP should be assigned to FramebufferTarget but it was failed ret(0)
05-25 22:22:20.106  3421  3421 E display : [PrimaryDisplay] framebuffer target expected, but not provided
05-25 22:22:20.138  3421  3421 E display : VPP should be assigned to FramebufferTarget but it was failed ret(0)
05-25 22:22:20.141  3421  3421 E display : [PrimaryDisplay] framebuffer target expected, but not provided
05-25 22:22:20.172  3421  3421 E display : VPP should be assigned to FramebufferTarget but it was failed ret(0)
05-25 22:22:20.175  3421  3421 E display : [PrimaryDisplay] framebuffer target expected, but not provided
05-25 22:22:20.205  3421  3421 E display : VPP should be assigned to FramebufferTarget but it was failed ret(0)
05-25 22:22:20.209  3421  3421 E display : [PrimaryDisplay] framebuffer target expected, but not provided
05-25 22:22:20.240  3421  3421 E display : VPP should be assigned to FramebufferTarget but it was failed ret(0)
05-25 22:22:20.245  3421  3421 E display : [PrimaryDisplay] framebuffer target expected, but not provided
05-25 22:22:20.264  3752  3752 W Zygote  : Got error connecting to zygote, retrying. msg= No such file or directory
05-25 22:22:20.291  3421  3421 E display : VPP should be assigned to FramebufferTarget but it was failed ret(0)
05-25 22:22:20.295  3421  3421 E display : [PrimaryDisplay] framebuffer target expected, but not provided
05-25 22:22:20.308  3421  3421 E display : VPP should be assigned to FramebufferTarget but it was failed ret(0)
05-25 22:22:20.311  3421  3421 E display : [PrimaryDisplay] framebuffer target expected, but not provided
05-25 22:22:20.341  3421  3421 E display : VPP should be assigned to FramebufferTarget but it was failed ret(0)
05-25 22:22:20.345  3421  3421 E display : [PrimaryDisplay] framebuffer target expected, but not provided
05-25 22:22:20.375  3421  3421 E display : VPP should be assigned to FramebufferTarget but it was failed ret(0)
05-25 22:22:20.379  3421  3421 E display : [PrimaryDisplay] framebuffer target expected, but not provided
05-25 22:22:20.409  3421  3421 E display : VPP should be assigned to FramebufferTarget but it was failed ret(0)
05-25 22:22:20.413  3421  3421 E display : [PrimaryDisplay] framebuffer target expected, but not provided
05-25 22:22:20.443  3421  3421 E display : VPP should be assigned to FramebufferTarget but it was failed ret(0)
05-25 22:22:20.447  3421  3421 E display : [PrimaryDisplay] framebuffer target expected, but not provided
05-25 22:22:20.477  3421  3421 E display : VPP should be assigned to FramebufferTarget but it was failed ret(0)
05-25 22:22:20.481  3421  3421 E display : [PrimaryDisplay] framebuffer target expected, but not provided
05-25 22:22:20.511  3421  3421 E display : VPP should be assigned to FramebufferTarget but it was failed ret(0)
05-25 22:22:20.515  3421  3421 E display : [PrimaryDisplay] framebuffer target expected, but not provided
05-25 22:22:20.545  3421  3421 E display : VPP should be assigned to FramebufferTarget but it was failed ret(0)
05-25 22:22:20.549  3421  3421 E display : [PrimaryDisplay] framebuffer target expected, but not provided
05-25 22:22:20.597  3421  3421 E display : VPP should be assigned to FramebufferTarget but it was failed ret(0)
05-25 22:22:20.604  3421  3421 E display : [PrimaryDisplay] framebuffer target expected, but not provided
05-25 22:22:20.612  3421  3421 E display : VPP should be assigned to FramebufferTarget but it was failed ret(0)
05-25 22:22:20.614  3421  3421 E display : [PrimaryDisplay] framebuffer target expected, but not provided
05-25 22:22:20.646  3421  3421 E display : VPP should be assigned to FramebufferTarget but it was failed ret(0)
05-25 22:22:20.648  3421  3421 E display : [PrimaryDisplay] framebuffer target expected, but not provided
05-25 22:22:20.679  3421  3421 E display : VPP should be assigned to FramebufferTarget but it was failed ret(0)
05-25 22:22:20.682  3421  3421 E display : [PrimaryDisplay] framebuffer target expected, but not provided
05-25 22:22:20.714  3421  3421 E display : VPP should be assigned to FramebufferTarget but it was failed ret(0)
05-25 22:22:20.718  3421  3421 E display : [PrimaryDisplay] framebuffer target expected, but not provided
05-25 22:22:20.748  3421  3421 E display : VPP should be assigned to FramebufferTarget but it was failed ret(0)
05-25 22:22:20.752  3421  3421 E display : [PrimaryDisplay] framebuffer target expected, but not provided
05-25 22:22:20.782  3421  3421 E display : VPP should be assigned to FramebufferTarget but it was failed ret(0)
05-25 22:22:20.786  3421  3421 E display : [PrimaryDisplay] framebuffer target expected, but not provided
05-25 22:22:20.818  3421  3421 E display : VPP should be assigned to FramebufferTarget but it was failed ret(0)
05-25 22:22:20.824  3421  3421 E display : [PrimaryDisplay] framebuffer target expected, but not provided
05-25 22:22:20.869  3421  3421 E display : VPP should be assigned to FramebufferTarget but it was failed ret(0)
