06-01 09:25:28.242  3288  3288 D AndroidRuntime: >>>>>> START com.android.internal.os.ZygoteInit uid 0 <<<<<<
06-01 09:25:28.244  3288  3288 D AndroidRuntime: CheckJNI is ON
06-01 09:25:28.244  3288  3288 I art     : option[0]=-Xzygote
06-01 09:25:28.244  3288  3288 I art     : option[1]=-Xcheck:jni
06-01 09:25:28.244  3288  3288 I art     : option[2]=-Xstacktracefile:/data/anr/traces.txt
06-01 09:25:28.244  3288  3288 I art     : option[3]=exit
06-01 09:25:28.244  3288  3288 I art     : option[4]=vfprintf
06-01 09:25:28.244  3288  3288 I art     : option[5]=sensitiveThread
06-01 09:25:28.244  3288  3288 I art     : option[6]=-verbose:gc
06-01 09:25:28.244  3288  3288 I art     : option[7]=-Xms8m
06-01 09:25:28.244  3288  3288 I art     : option[8]=-Xmx512m
06-01 09:25:28.244  3288  3288 I art     : option[9]=-XX:HeapGrowthLimit=256m
06-01 09:25:28.244  3288  3288 I art     : option[10]=-XX:HeapMinFree=2m
06-01 09:25:28.244  3288  3288 I art     : option[11]=-XX:HeapMaxFree=8m
06-01 09:25:28.244  3288  3288 I art     : option[12]=-XX:HeapTargetUtilization=0.75
06-01 09:25:28.244  3288  3288 I art     : option[13]=-Xusejit:true
06-01 09:25:28.245  3288  3288 I art     : option[14]=-agentlib:jdwp=transport=dt_android_adb,suspend=n,server=y
06-01 09:25:28.245  3288  3288 I art     : option[15]=-Xlockprofthreshold:500
06-01 09:25:28.245  3288  3288 I art     : option[16]=-Ximage-compiler-option
06-01 09:25:28.245  3288  3288 I art     : option[17]=--runtime-arg
06-01 09:25:28.245  3288  3288 I art     : option[18]=-Ximage-compiler-option
06-01 09:25:28.245  3288  3288 I art     : option[19]=-Xms64m
06-01 09:25:28.245  3288  3288 I art     : option[20]=-Ximage-compiler-option
06-01 09:25:28.245  3288  3288 I art     : option[21]=--runtime-arg
06-01 09:25:28.245  3288  3288 I art     : option[22]=-Ximage-compiler-option
06-01 09:25:28.245  3288  3288 I art     : option[23]=-Xmx64m
06-01 09:25:28.245  3288  3288 I art     : option[24]=-Ximage-compiler-option
06-01 09:25:28.245  3288  3288 I art     : option[25]=--compiler-filter=verify-at-runtime
06-01 09:25:28.245  3288  3288 I art     : option[26]=-Ximage-compiler-option
06-01 09:25:28.245  3288  3288 I art     : option[27]=--image-classes=/system/etc/preloaded-classes
06-01 09:25:28.245  3288  3288 I art     : option[28]=-Xcompiler-option
06-01 09:25:28.245  3288  3288 I art     : option[29]=--runtime-arg
06-01 09:25:28.245  3288  3288 I art     : option[30]=-Xcompiler-option
06-01 09:25:28.245  3288  3288 I art     : option[31]=-Xms64m
06-01 09:25:28.245  3288  3288 I art     : option[32]=-Xcompiler-option
06-01 09:25:28.245  3288  3288 I art     : option[33]=--runtime-arg
06-01 09:25:28.245  3288  3288 I art     : option[34]=-Xcompiler-option
06-01 09:25:28.245  3288  3288 I art     : option[35]=-Xmx512m
06-01 09:25:28.245  3288  3288 I art     : option[36]=-Xcompiler-option
06-01 09:25:28.245  3288  3288 I art     : option[37]=--compiler-filter=verify-at-runtime
06-01 09:25:28.245  3288  3288 I art     : option[38]=-Ximage-compiler-option
06-01 09:25:28.245  3288  3288 I art     : option[39]=--instruction-set-variant=generic
06-01 09:25:28.245  3288  3288 I art     : option[40]=-Xcompiler-option
06-01 09:25:28.245  3288  3288 I art     : option[41]=--instruction-set-variant=generic
06-01 09:25:28.245  3288  3288 I art     : option[42]=-Ximage-compiler-option
06-01 09:25:28.245  3288  3288 I art     : option[43]=--instruction-set-features=default
06-01 09:25:28.245  3288  3288 I art     : option[44]=-Xcompiler-option
06-01 09:25:28.245  3288  3288 I art     : option[45]=--instruction-set-features=default
06-01 09:25:28.245  3288  3288 I art     : option[46]=-Duser.locale=en-US
06-01 09:25:28.245  3288  3288 I art     : option[47]=--cpu-abilist=arm64-v8a,armeabi
06-01 09:25:28.245  3288  3288 I art     : option[48]=-Xfingerprint:samsung/cm_hero2ltexx/hero2ltexx:6.0.1/MOB30J/4f0fbab6f5:eng/test-keys
06-01 09:25:28.269  2924  2924 F DEBUG   : *** *** *** *** *** *** *** *** *** *** *** *** *** *** *** ***
06-01 09:25:28.269  2924  2924 F DEBUG   : Build fingerprint: 'samsung/cm_hero2ltexx/hero2ltexx:6.0.1/MOB30J/4f0fbab6f5:eng/test-keys'
06-01 09:25:28.269  2924  2924 F DEBUG   : Revision: '0'
06-01 09:25:28.269  2924  2924 F DEBUG   : ABI: 'arm64'
06-01 09:25:28.269  2924  2924 F DEBUG   : pid: 3286, tid: 3286, name: surfaceflinger  >>> /system/bin/surfaceflinger <<<
06-01 09:25:28.269  2924  2924 F DEBUG   : signal 6 (SIGABRT), code -6 (SI_TKILL), fault addr --------
06-01 09:25:28.271  3288  3288 D ICU     : No timezone override file found: /data/misc/zoneinfo/current/icu/icu_tzdata.dat
06-01 09:25:28.272  2924  2924 F DEBUG   : Abort message: 'ioctl DECON_WIN_CONFIG failed to clear screen: Not a typewriter'
06-01 09:25:28.272  2924  2924 F DEBUG   :     x0   0000000000000000  x1   0000000000000cd6  x2   0000000000000006  x3   0000000000000000
06-01 09:25:28.272  2924  2924 F DEBUG   :     x4   0000000000000000  x5   0000000000000001  x6   0000000000000000  x7   0000000000000000
06-01 09:25:28.272  2924  2924 F DEBUG   :     x8   0000000000000083  x9   0000000000000049  x10  0000007fe29f57bc  x11  0000007fe29f57f8
06-01 09:25:28.272  2924  2924 F DEBUG   :     x12  0000007fe29f56d0  x13  0000000000000040  x14  0000007fe29f58a8  x15  0000000000000000
06-01 09:25:28.272  2924  2924 F DEBUG   :     x16  0000007f9e4d4580  x17  0000007f9e466fcc  x18  0000007f9e686f00  x19  0000007f9e77b0d8
06-01 09:25:28.272  2924  2924 F DEBUG   :     x20  0000007f9e77b018  x21  0000000000000019  x22  0000000000000006  x23  00000000ffffffff
06-01 09:25:28.272  2924  2924 F DEBUG   :     x24  0000007f9b44b000  x25  0000000000000018  x26  0000007f9df1d820  x27  0000007f9e701000
06-01 09:25:28.272  2924  2924 F DEBUG   :     x28  0000000000000001  x29  0000007fe29f5760  x30  0000007f9e464768
06-01 09:25:28.272  2924  2924 F DEBUG   :     sp   0000007fe29f5760  pc   0000007f9e466fd4  pstate 0000000020000000
06-01 09:25:28.277  2924  2924 F DEBUG   : 
06-01 09:25:28.277  2924  2924 F DEBUG   : backtrace:
06-01 09:25:28.277  2924  2924 F DEBUG   :     #00 pc 0000000000068fd4  /system/lib64/libc.so (tgkill+8)
06-01 09:25:28.277  2924  2924 F DEBUG   :     #01 pc 0000000000066764  /system/lib64/libc.so (pthread_kill+68)
06-01 09:25:28.277  2924  2924 F DEBUG   :     #02 pc 0000000000023448  /system/lib64/libc.so (raise+28)
06-01 09:25:28.277  2924  2924 F DEBUG   :     #03 pc 000000000001dbe8  /system/lib64/libc.so (abort+60)
06-01 09:25:28.277  2924  2924 F DEBUG   :     #04 pc 0000000000003a7c  /system/lib64/liblog.so (__android_log_assert+236)
06-01 09:25:28.277  2924  2924 F DEBUG   :     #05 pc 00000000000036c8  /system/lib64/libdisplay.so (_ZN20ExynosOverlayDisplay12clearDisplayEv+124)
06-01 09:25:28.277  2924  2924 F DEBUG   :     #06 pc 000000000000375c  /system/lib64/libdisplay.so (_ZN20ExynosOverlayDisplay3setEP22hwc_display_contents_1+144)
06-01 09:25:28.277  2924  2924 F DEBUG   :     #07 pc 00000000000025cc  /system/lib64/hw/hwcomposer.exynos5.so (_Z11exynos5_setP21hwc_composer_device_1mPP22hwc_display_contents_1+88)
06-01 09:25:28.277  2924  2924 F DEBUG   :     #08 pc 000000000003cf5c  /system/lib64/libsurfaceflinger.so
06-01 09:25:28.277  2924  2924 F DEBUG   :     #09 pc 000000000002fc74  /system/lib64/libsurfaceflinger.so
06-01 09:25:28.277  2924  2924 F DEBUG   :     #10 pc 000000000002f300  /system/lib64/libsurfaceflinger.so
06-01 09:25:28.277  2924  2924 F DEBUG   :     #11 pc 000000000002e1a0  /system/lib64/libsurfaceflinger.so
06-01 09:25:28.277  2924  2924 F DEBUG   :     #12 pc 000000000002df08  /system/lib64/libsurfaceflinger.so
06-01 09:25:28.277  2924  2924 F DEBUG   :     #13 pc 000000000001aed4  /system/lib64/libutils.so (_ZN7android6Looper9pollInnerEi+312)
06-01 09:25:28.277  2924  2924 F DEBUG   :     #14 pc 000000000001b20c  /system/lib64/libutils.so (_ZN7android6Looper8pollOnceEiPiS1_PPv+80)
06-01 09:25:28.277  2924  2924 F DEBUG   :     #15 pc 000000000002a344  /system/lib64/libsurfaceflinger.so
06-01 09:25:28.277  2924  2924 F DEBUG   :     #16 pc 000000000002d9fc  /system/lib64/libsurfaceflinger.so (_ZN7android14SurfaceFlinger3runEv+20)
06-01 09:25:28.277  2924  2924 F DEBUG   :     #17 pc 00000000000011ec  /system/bin/surfaceflinger
06-01 09:25:28.277  2924  2924 F DEBUG   :     #18 pc 000000000001bcd8  /system/lib64/libc.so (__libc_init+100)
06-01 09:25:28.277  2924  2924 F DEBUG   :     #19 pc 000000000000101c  /system/bin/surfaceflinger
06-01 09:25:28.370  2924  2924 F DEBUG   : 
06-01 09:25:28.370  2924  2924 F DEBUG   : Tombstone written to: /data/tombstones/tombstone_08
06-01 09:25:28.404  3288  3288 I Radio-JNI: register_android_hardware_Radio DONE
06-01 09:25:28.414  2919  2919 I ServiceManager: service 'SurfaceFlinger' died
06-01 09:25:28.414  3313  3320 W SurfaceComposerClient: ComposerService remote (surfaceflinger) died [0x7f9cde3320]
06-01 09:25:28.414  2919  2919 I ServiceManager: service 'Exynos.HWCService' died
06-01 09:25:28.414  3313  3320 D BootAnimation: SurfaceFlinger died, exiting...
06-01 09:25:28.424  2919  2919 I ServiceManager: service 'media.audio_flinger' died
06-01 09:25:28.424  2919  2919 I ServiceManager: service 'media.player' died
06-01 09:25:28.424  2919  2919 I ServiceManager: service 'media.resource_manager' died
06-01 09:25:28.424  2919  2919 I ServiceManager: service 'media.camera' died
06-01 09:25:32.439  3386  3386 I Netd    : Netd 1.0 starting
06-01 09:25:32.439  3386  3386 I QtiConnectivityAdapter: Failed to open libconnctrl, some features may not be present.
06-01 09:25:32.439  3386  3386 D TetherController: Setting IP forward enable = 0
06-01 09:25:32.446  3388  3388 I SurfaceFlinger: SurfaceFlinger is starting
06-01 09:25:32.439  2998  2998 W auditd  : type=1325 audit(0.0:179): table=filter family=2 entries=32
06-01 09:25:32.446  3388  3388 E SchedPolicy: /system/bin/surfaceflinger add_tid_to_cgroup failed; fd=-1
06-01 09:25:32.446  3388  3388 I SurfaceFlinger: SurfaceFlinger's main thread ready to run. Initializing graphics H/W...
06-01 09:25:32.439  2998  2998 W auditd  : type=1320 audit(0.0:179): 
06-01 09:25:32.453  3388  3388 D libEGL  : loaded /vendor/lib64/egl/libGLES_mali.so
06-01 09:25:32.449  2998  2998 W auditd  : type=1325 audit(0.0:180): table=filter family=10 entries=33
06-01 09:25:32.449  2998  2998 W auditd  : type=1320 audit(0.0:180): 
06-01 09:25:32.461  3388  3388 I gralloc : using (id=)
06-01 09:25:32.461  3388  3388 I gralloc : xres         = 1440 px
06-01 09:25:32.461  3388  3388 I gralloc : yres         = 2560 px
06-01 09:25:32.461  3388  3388 I gralloc : width        = 68 mm (537.882324 dpi)
06-01 09:25:32.461  3388  3388 I gralloc : height       = 122 mm (532.983582 dpi)
06-01 09:25:32.461  3388  3388 I gralloc : refresh rate = 59.31 Hz
06-01 09:25:32.468  3388  3388 D hwcomposer: using
06-01 09:25:32.468  3388  3388 D hwcomposer: xres         = 1440 px
06-01 09:25:32.468  3388  3388 D hwcomposer: yres         = 2560 px
06-01 09:25:32.468  3388  3388 D hwcomposer: width        = 68 mm (537.882000 dpi)
06-01 09:25:32.468  3388  3388 D hwcomposer: height       = 122 mm (532.983000 dpi)
06-01 09:25:32.468  3388  3388 D hwcomposer: refresh rate = 59 Hz
06-01 09:25:32.468  3388  3388 I hwcomposer: PSR info devname = /sys/devices/13960000.decon_f/psr_info
06-01 09:25:32.468  3388  3388 I hwcomposer: PSR mode is 6(0: video mode, 1: DP PSR mode, 2: MIPI-DSI command mode)
06-01 09:25:32.469  3388  3388 I SurfaceFlinger: Using composer version 1.3
06-01 09:25:32.469  3388  3388 E display : unknown display attribute 6
06-01 09:25:32.469  3388  3388 I SurfaceFlinger: EGL information:
06-01 09:25:32.469  3388  3388 I SurfaceFlinger: vendor    : Android
06-01 09:25:32.469  3388  3388 I SurfaceFlinger: version   : 1.4 Android META-EGL
06-01 09:25:32.469  3388  3388 I SurfaceFlinger: extensions: EGL_KHR_get_all_proc_addresses EGL_ANDROID_presentation_time EGL_KHR_swap_buffers_with_damage EGL_KHR_image EGL_KHR_image_base EGL_KHR_gl_texture_2D_image EGL_KHR_gl_texture_cubemap_image EGL_KHR_gl_renderbuffer_image EGL_KHR_fence_sync EGL_KHR_create_context EGL_KHR_config_attribs EGL_KHR_surfaceless_context EGL_EXT_create_context_robustness EGL_ANDROID_image_native_buffer EGL_KHR_wait_sync EGL_ANDROID_recordable EGL_KHR_partial_update 
06-01 09:25:32.469  3388  3388 I SurfaceFlinger: Client API: OpenGL_ES
06-01 09:25:32.469  3388  3388 I SurfaceFlinger: EGLSurface: 8-8-8-8, config=0x7fb62fb128
06-01 09:25:32.469  3388  3388 D         : ro.exynos.dss isEnabled: 0
06-01 09:25:32.471  3388  3388 I SurfaceFlinger: OpenGL ES informations:
06-01 09:25:32.471  3388  3388 I SurfaceFlinger: vendor    : ARM
06-01 09:25:32.471  3388  3388 I SurfaceFlinger: renderer  : Mali-T880
06-01 09:25:32.471  3388  3388 I SurfaceFlinger: version   : OpenGL ES 3.1 v1.r9p0-12dev0.c2bae768d87bf40047e1f310c8de7f16
06-01 09:25:32.471  3388  3388 I SurfaceFlinger: extensions: GL_EXT_debug_marker GL_ARM_rgba8 GL_ARM_mali_shader_binary GL_OES_depth24 GL_OES_depth_texture GL_OES_depth_texture_cube_map GL_OES_packed_depth_stencil GL_OES_rgb8_rgba8 GL_EXT_read_format_bgra GL_OES_compressed_paletted_texture GL_OES_compressed_ETC1_RGB8_texture GL_OES_standard_derivatives GL_OES_EGL_image GL_OES_EGL_image_external GL_OES_EGL_sync GL_OES_texture_npot GL_OES_vertex_half_float GL_OES_required_internalformat GL_OES_vertex_array_object GL_OES_mapbuffer GL_EXT_texture_format_BGRA8888 GL_EXT_texture_rg GL_EXT_texture_type_2_10_10_10_REV GL_OES_fbo_render_mipmap GL_OES_element_index_uint GL_EXT_shadow_samplers GL_OES_texture_compression_astc GL_KHR_texture_compression_astc_ldr GL_KHR_texture_compression_astc_hdr GL_KHR_debug GL_EXT_occlusion_query_boolean GL_EXT_disjoint_timer_query GL_EXT_blend_minmax GL_EXT_discard_framebuffer GL_OES_get_program_binary GL_OES_texture_3D GL_EXT_texture_storage GL_EXT_multisampled_render_to_texture GL_OES_surfaceless_context GL_OES_texture_stencil8 G
06-01 09:25:32.471  3388  3388 I SurfaceFlinger: GL_MAX_TEXTURE_SIZE = 8192
06-01 09:25:32.471  3388  3388 I SurfaceFlinger: GL_MAX_VIEWPORT_DIMS = 8192
06-01 09:25:32.472  3388  3388 D mali_winsys: new_window_surface returns 0x3000,  [1440x2560]-format:1
06-01 09:25:32.459  2998  2998 W auditd  : type=1325 audit(0.0:181): table=filter family=2 entries=31
06-01 09:25:32.459  2998  2998 W auditd  : type=1320 audit(0.0:181): 
06-01 09:25:32.473  3388  3388 D SurfaceFlinger: Set power mode=2, type=0 flinger=0x7fb62c3c00
06-01 09:25:32.469  2998  2998 W auditd  : type=1325 audit(0.0:182): table=filter family=10 entries=32
06-01 09:25:32.469  2998  2998 W auditd  : type=1320 audit(0.0:182): 
06-01 09:25:32.489  2998  2998 W auditd  : type=1325 audit(0.0:183): table=filter family=2 entries=31
06-01 09:25:32.489  2998  2998 W auditd  : type=1320 audit(0.0:183): 
06-01 09:25:32.499  2998  2998 W auditd  : type=1325 audit(0.0:184): table=filter family=10 entries=32
06-01 09:25:32.499  2998  2998 W auditd  : type=1320 audit(0.0:184): 
06-01 09:25:32.509  2998  2998 W auditd  : type=1325 audit(0.0:185): table=filter family=2 entries=29
06-01 09:25:32.509  2998  2998 W auditd  : type=1320 audit(0.0:185): 
06-01 09:25:32.519  2998  2998 W auditd  : type=1325 audit(0.0:186): table=filter family=10 entries=30
06-01 09:25:32.519  2998  2998 W auditd  : type=1320 audit(0.0:186): 
06-01 09:25:32.529  2998  2998 W auditd  : type=1325 audit(0.0:187): table=filter family=2 entries=31
06-01 09:25:32.529  2998  2998 W auditd  : type=1320 audit(0.0:187): 
06-01 09:25:32.539  2998  2998 W auditd  : type=1325 audit(0.0:188): table=filter family=10 entries=32
06-01 09:25:32.539  2998  2998 W auditd  : type=1320 audit(0.0:188): 
06-01 09:25:32.570  3389  3389 I mediaserver: ServiceManager: 0xf614e260
06-01 09:25:32.570  3389  3389 I AudioFlinger: Using default 3000 mSec as standby time.
06-01 09:25:32.571  3389  3389 E BatteryNotifier: batterystats service unavailable!
06-01 09:25:32.571  3389  3389 E BatteryNotifier: batterystats service unavailable!
06-01 09:25:32.571  3389  3389 I CameraService: CameraService started (pid=3389)
06-01 09:25:32.571  3389  3389 I CameraService: CameraService process starting
06-01 09:25:32.571  3389  3389 E BatteryNotifier: batterystats service unavailable!
06-01 09:25:32.572  3389  3389 E BatteryNotifier: batterystats service unavailable!
06-01 09:25:32.572  3389  3389 E CameraService: Could not load camera HAL module: -2 (No such file or directory)
06-01 09:25:32.572  3389  3389 I AudioPolicyService: AudioPolicyService CSTOR in new mode
06-01 09:25:32.573  3389  3389 W APM::HwModule: loadOutput() invalid supported devices
06-01 09:25:32.573  3389  3389 W APM::HwModule: loadOutput() invalid supported devices
06-01 09:25:32.573  3389  3389 W APM::HwModule: loadInput() invalid supported devices
06-01 09:25:32.573  3389  3389 W APM::HwModule: loadInput() invalid supported devices
06-01 09:25:32.573  3389  3389 I APM::ConfigParsingUtils: loadAudioPolicyConfig() loaded /system/etc/audio_policy.conf
06-01 09:25:32.640  3388  3388 D SurfaceFlinger: SF. shader cache generated - 26 shaders in 119.267960 ms
06-01 09:25:32.645  3388  3388 E display : ioctl DECON_WIN_CONFIG failed: Not a typewriter
06-01 09:25:32.645  3388  3388 F display : ioctl DECON_WIN_CONFIG failed to clear screen: Not a typewriter
06-01 09:25:32.645  3388  3388 F libc    : Fatal signal 6 (SIGABRT), code -6 in tid 3388 (surfaceflinger)
06-01 09:25:32.645  2924  2924 I DEBUG   : property debug.db.uid not set; NOT waiting for gdb.
06-01 09:25:32.645  2924  2924 I DEBUG   : HINT: adb shell setprop debug.db.uid 100000
06-01 09:25:32.645  2924  2924 I DEBUG   : HINT: adb forward tcp:5039 tcp:5039
06-01 09:25:32.652  3390  3390 D AndroidRuntime: >>>>>> START com.android.internal.os.ZygoteInit uid 0 <<<<<<
06-01 09:25:32.655  3390  3390 D AndroidRuntime: CheckJNI is ON
06-01 09:25:32.655  3390  3390 I art     : option[0]=-Xzygote
06-01 09:25:32.655  3390  3390 I art     : option[1]=-Xcheck:jni
06-01 09:25:32.655  3390  3390 I art     : option[2]=-Xstacktracefile:/data/anr/traces.txt
06-01 09:25:32.655  3390  3390 I art     : option[3]=exit
06-01 09:25:32.655  3390  3390 I art     : option[4]=vfprintf
06-01 09:25:32.655  3390  3390 I art     : option[5]=sensitiveThread
06-01 09:25:32.655  3390  3390 I art     : option[6]=-verbose:gc
06-01 09:25:32.655  3390  3390 I art     : option[7]=-Xms8m
06-01 09:25:32.655  3390  3390 I art     : option[8]=-Xmx512m
06-01 09:25:32.655  3390  3390 I art     : option[9]=-XX:HeapGrowthLimit=256m
06-01 09:25:32.655  3390  3390 I art     : option[10]=-XX:HeapMinFree=2m
06-01 09:25:32.655  3390  3390 I art     : option[11]=-XX:HeapMaxFree=8m
06-01 09:25:32.655  3390  3390 I art     : option[12]=-XX:HeapTargetUtilization=0.75
06-01 09:25:32.655  3390  3390 I art     : option[13]=-Xusejit:true
06-01 09:25:32.655  3390  3390 I art     : option[14]=-agentlib:jdwp=transport=dt_android_adb,suspend=n,server=y
06-01 09:25:32.655  3390  3390 I art     : option[15]=-Xlockprofthreshold:500
06-01 09:25:32.655  3390  3390 I art     : option[16]=-Ximage-compiler-option
06-01 09:25:32.655  3390  3390 I art     : option[17]=--runtime-arg
06-01 09:25:32.655  3390  3390 I art     : option[18]=-Ximage-compiler-option
06-01 09:25:32.655  3390  3390 I art     : option[19]=-Xms64m
06-01 09:25:32.655  3390  3390 I art     : option[20]=-Ximage-compiler-option
06-01 09:25:32.655  3390  3390 I art     : option[21]=--runtime-arg
06-01 09:25:32.655  3390  3390 I art     : option[22]=-Ximage-compiler-option
06-01 09:25:32.655  3390  3390 I art     : option[23]=-Xmx64m
06-01 09:25:32.655  3390  3390 I art     : option[24]=-Ximage-compiler-option
06-01 09:25:32.655  3390  3390 I art     : option[25]=--compiler-filter=verify-at-runtime
06-01 09:25:32.655  3390  3390 I art     : option[26]=-Ximage-compiler-option
06-01 09:25:32.655  3390  3390 I art     : option[27]=--image-classes=/system/etc/preloaded-classes
06-01 09:25:32.655  3390  3390 I art     : option[28]=-Xcompiler-option
06-01 09:25:32.655  3390  3390 I art     : option[29]=--runtime-arg
06-01 09:25:32.655  3390  3390 I art     : option[30]=-Xcompiler-option
06-01 09:25:32.655  3390  3390 I art     : option[31]=-Xms64m
06-01 09:25:32.655  3390  3390 I art     : option[32]=-Xcompiler-option
06-01 09:25:32.655  3390  3390 I art     : option[33]=--runtime-arg
06-01 09:25:32.655  3390  3390 I art     : option[34]=-Xcompiler-option
06-01 09:25:32.655  3390  3390 I art     : option[35]=-Xmx512m
06-01 09:25:32.655  3390  3390 I art     : option[36]=-Xcompiler-option
06-01 09:25:32.655  3390  3390 I art     : option[37]=--compiler-filter=verify-at-runtime
06-01 09:25:32.655  3390  3390 I art     : option[38]=-Ximage-compiler-option
06-01 09:25:32.655  3390  3390 I art     : option[39]=--instruction-set-variant=generic
06-01 09:25:32.655  3390  3390 I art     : option[40]=-Xcompiler-option
06-01 09:25:32.655  3390  3390 I art     : option[41]=--instruction-set-variant=generic
06-01 09:25:32.655  3390  3390 I art     : option[42]=-Ximage-compiler-option
06-01 09:25:32.655  3390  3390 I art     : option[43]=--instruction-set-features=default
06-01 09:25:32.655  3390  3390 I art     : option[44]=-Xcompiler-option
06-01 09:25:32.655  3390  3390 I art     : option[45]=--instruction-set-features=default
06-01 09:25:32.655  3390  3390 I art     : option[46]=-Duser.locale=en-US
06-01 09:25:32.655  3390  3390 I art     : option[47]=--cpu-abilist=arm64-v8a,armeabi
06-01 09:25:32.655  3390  3390 I art     : option[48]=-Xfingerprint:samsung/cm_hero2ltexx/hero2ltexx:6.0.1/MOB30J/4f0fbab6f5:eng/test-keys
06-01 09:25:32.681  3390  3390 D ICU     : No timezone override file found: /data/misc/zoneinfo/current/icu/icu_tzdata.dat
06-01 09:25:32.695  2924  2924 F DEBUG   : *** *** *** *** *** *** *** *** *** *** *** *** *** *** *** ***
06-01 09:25:32.695  2924  2924 F DEBUG   : Build fingerprint: 'samsung/cm_hero2ltexx/hero2ltexx:6.0.1/MOB30J/4f0fbab6f5:eng/test-keys'
06-01 09:25:32.696  2924  2924 F DEBUG   : Revision: '0'
06-01 09:25:32.696  2924  2924 F DEBUG   : ABI: 'arm64'
06-01 09:25:32.696  2924  2924 F DEBUG   : pid: 3388, tid: 3388, name: surfaceflinger  >>> /system/bin/surfaceflinger <<<
06-01 09:25:32.696  2924  2924 F DEBUG   : signal 6 (SIGABRT), code -6 (SI_TKILL), fault addr --------
06-01 09:25:32.698  2924  2924 F DEBUG   : Abort message: 'ioctl DECON_WIN_CONFIG failed to clear screen: Not a typewriter'
06-01 09:25:32.698  2924  2924 F DEBUG   :     x0   0000000000000000  x1   0000000000000d3c  x2   0000000000000006  x3   0000000000000000
06-01 09:25:32.698  2924  2924 F DEBUG   :     x4   0000000000000000  x5   0000000000000001  x6   0000000000000000  x7   0000000000000000
06-01 09:25:32.698  2924  2924 F DEBUG   :     x8   0000000000000083  x9   0000000000000049  x10  0000007fedb77eec  x11  0000007fedb77f28
06-01 09:25:32.698  2924  2924 F DEBUG   :     x12  0000007fedb77e00  x13  0000000000000040  x14  0000007fedb77fd8  x15  0000000000000000
06-01 09:25:32.698  2924  2924 F DEBUG   :     x16  0000007fb6868580  x17  0000007fb67fafcc  x18  0000007fb6a1af00  x19  0000007fb6b0f0d8
06-01 09:25:32.698  2924  2924 F DEBUG   :     x20  0000007fb6b0f018  x21  0000000000000019  x22  0000000000000006  x23  00000000ffffffff
06-01 09:25:32.698  2924  2924 F DEBUG   :     x24  0000007fb37cb000  x25  0000000000000018  x26  0000007fb62dd820  x27  0000007fb6a95000
06-01 09:25:32.698  2924  2924 F DEBUG   :     x28  0000000000000001  x29  0000007fedb77e90  x30  0000007fb67f8768
06-01 09:25:32.698  2924  2924 F DEBUG   :     sp   0000007fedb77e90  pc   0000007fb67fafd4  pstate 0000000020000000
06-01 09:25:32.704  2924  2924 F DEBUG   : 
06-01 09:25:32.704  2924  2924 F DEBUG   : backtrace:
06-01 09:25:32.704  2924  2924 F DEBUG   :     #00 pc 0000000000068fd4  /system/lib64/libc.so (tgkill+8)
06-01 09:25:32.704  2924  2924 F DEBUG   :     #01 pc 0000000000066764  /system/lib64/libc.so (pthread_kill+68)
06-01 09:25:32.704  2924  2924 F DEBUG   :     #02 pc 0000000000023448  /system/lib64/libc.so (raise+28)
06-01 09:25:32.704  2924  2924 F DEBUG   :     #03 pc 000000000001dbe8  /system/lib64/libc.so (abort+60)
06-01 09:25:32.704  2924  2924 F DEBUG   :     #04 pc 0000000000003a7c  /system/lib64/liblog.so (__android_log_assert+236)
06-01 09:25:32.704  2924  2924 F DEBUG   :     #05 pc 00000000000036c8  /system/lib64/libdisplay.so (_ZN20ExynosOverlayDisplay12clearDisplayEv+124)
06-01 09:25:32.704  2924  2924 F DEBUG   :     #06 pc 000000000000375c  /system/lib64/libdisplay.so (_ZN20ExynosOverlayDisplay3setEP22hwc_display_contents_1+144)
06-01 09:25:32.704  2924  2924 F DEBUG   :     #07 pc 00000000000025cc  /system/lib64/hw/hwcomposer.exynos5.so (_Z11exynos5_setP21hwc_composer_device_1mPP22hwc_display_contents_1+88)
06-01 09:25:32.704  2924  2924 F DEBUG   :     #08 pc 000000000003cf5c  /system/lib64/libsurfaceflinger.so
06-01 09:25:32.704  2924  2924 F DEBUG   :     #09 pc 000000000002fc74  /system/lib64/libsurfaceflinger.so
06-01 09:25:32.704  2924  2924 F DEBUG   :     #10 pc 000000000002f300  /system/lib64/libsurfaceflinger.so
06-01 09:25:32.704  2924  2924 F DEBUG   :     #11 pc 000000000002e1a0  /system/lib64/libsurfaceflinger.so
06-01 09:25:32.704  2924  2924 F DEBUG   :     #12 pc 000000000002df08  /system/lib64/libsurfaceflinger.so
06-01 09:25:32.704  2924  2924 F DEBUG   :     #13 pc 000000000001aed4  /system/lib64/libutils.so (_ZN7android6Looper9pollInnerEi+312)
06-01 09:25:32.704  2924  2924 F DEBUG   :     #14 pc 000000000001b20c  /system/lib64/libutils.so (_ZN7android6Looper8pollOnceEiPiS1_PPv+80)
06-01 09:25:32.704  2924  2924 F DEBUG   :     #15 pc 000000000002a344  /system/lib64/libsurfaceflinger.so
06-01 09:25:32.704  2924  2924 F DEBUG   :     #16 pc 000000000002d9fc  /system/lib64/libsurfaceflinger.so (_ZN7android14SurfaceFlinger3runEv+20)
06-01 09:25:32.704  2924  2924 F DEBUG   :     #17 pc 00000000000011ec  /system/bin/surfaceflinger
06-01 09:25:32.704  2924  2924 F DEBUG   :     #18 pc 000000000001bcd8  /system/lib64/libc.so (__libc_init+100)
06-01 09:25:32.704  2924  2924 F DEBUG   :     #19 pc 000000000000101c  /system/bin/surfaceflinger
06-01 09:25:32.796  2924  2924 F DEBUG   : 
06-01 09:25:32.796  2924  2924 F DEBUG   : Tombstone written to: /data/tombstones/tombstone_09
06-01 09:25:32.814  3390  3390 I Radio-JNI: register_android_hardware_Radio DONE
06-01 09:25:32.858  3390  3390 I SamplingProfilerIntegration: Profiling disabled.
06-01 09:25:32.858  3390  3390 D Zygote  : begin preload
06-01 09:25:32.860  3390  3390 I Zygote  : Preloading classes...
06-01 09:25:32.864  3415  3423 E SurfaceControl: invalid handle (0x0) or client (0x7fb09dc640)
06-01 09:25:32.864  2919  2919 I ServiceManager: service 'SurfaceFlinger' died
06-01 09:25:32.864  2919  2919 I ServiceManager: service 'Exynos.HWCService' died
06-01 09:25:32.864  3415  3422 W SurfaceComposerClient: ComposerService remote (surfaceflinger) died [0x7fb09e3320]
06-01 09:25:32.864  3415  3422 D BootAnimation: SurfaceFlinger died, exiting...
06-01 09:25:32.875  2919  2919 I ServiceManager: service 'media.audio_flinger' died
06-01 09:25:32.875  2919  2919 I ServiceManager: service 'media.player' died
06-01 09:25:32.875  2919  2919 I ServiceManager: service 'media.resource_manager' died
06-01 09:25:32.875  2919  2919 I ServiceManager: service 'media.camera' died
06-01 09:25:37.891  3487  3487 I Netd    : Netd 1.0 starting
06-01 09:25:37.891  3487  3487 I QtiConnectivityAdapter: Failed to open libconnctrl, some features may not be present.
06-01 09:25:37.891  3487  3487 D TetherController: Setting IP forward enable = 0
06-01 09:25:37.898  3489  3489 I SurfaceFlinger: SurfaceFlinger is starting
06-01 09:25:37.898  3489  3489 E SchedPolicy: /system/bin/surfaceflinger add_tid_to_cgroup failed; fd=-1
06-01 09:25:37.898  3489  3489 I SurfaceFlinger: SurfaceFlinger's main thread ready to run. Initializing graphics H/W...
06-01 09:25:37.889  2998  2998 W auditd  : type=1325 audit(0.0:235): table=filter family=2 entries=32
06-01 09:25:37.889  2998  2998 W auditd  : type=1320 audit(0.0:235): 
06-01 09:25:37.906  3489  3489 D libEGL  : loaded /vendor/lib64/egl/libGLES_mali.so
06-01 09:25:37.912  3489  3489 I gralloc : using (id=)
06-01 09:25:37.912  3489  3489 I gralloc : xres         = 1440 px
06-01 09:25:37.912  3489  3489 I gralloc : yres         = 2560 px
06-01 09:25:37.912  3489  3489 I gralloc : width        = 68 mm (537.882324 dpi)
06-01 09:25:37.912  3489  3489 I gralloc : height       = 122 mm (532.983582 dpi)
06-01 09:25:37.912  3489  3489 I gralloc : refresh rate = 59.31 Hz
06-01 09:25:37.909  2998  2998 W auditd  : type=1325 audit(0.0:236): table=filter family=10 entries=31
06-01 09:25:37.909  2998  2998 W auditd  : type=1320 audit(0.0:236): 
06-01 09:25:37.920  3489  3489 D hwcomposer: using
06-01 09:25:37.920  3489  3489 D hwcomposer: xres         = 1440 px
06-01 09:25:37.920  3489  3489 D hwcomposer: yres         = 2560 px
06-01 09:25:37.920  3489  3489 D hwcomposer: width        = 68 mm (537.882000 dpi)
06-01 09:25:37.920  3489  3489 D hwcomposer: height       = 122 mm (532.983000 dpi)
06-01 09:25:37.920  3489  3489 D hwcomposer: refresh rate = 59 Hz
06-01 09:25:37.920  3489  3489 I hwcomposer: PSR info devname = /sys/devices/13960000.decon_f/psr_info
06-01 09:25:37.920  3489  3489 I hwcomposer: PSR mode is 6(0: video mode, 1: DP PSR mode, 2: MIPI-DSI command mode)
06-01 09:25:37.920  3489  3489 I SurfaceFlinger: Using composer version 1.3
06-01 09:25:37.920  3489  3489 E display : unknown display attribute 6
06-01 09:25:37.920  3489  3489 I SurfaceFlinger: EGL information:
06-01 09:25:37.920  3489  3489 I SurfaceFlinger: vendor    : Android
06-01 09:25:37.920  3489  3489 I SurfaceFlinger: version   : 1.4 Android META-EGL
06-01 09:25:37.920  3489  3489 I SurfaceFlinger: extensions: EGL_KHR_get_all_proc_addresses EGL_ANDROID_presentation_time EGL_KHR_swap_buffers_with_damage EGL_KHR_image EGL_KHR_image_base EGL_KHR_gl_texture_2D_image EGL_KHR_gl_texture_cubemap_image EGL_KHR_gl_renderbuffer_image EGL_KHR_fence_sync EGL_KHR_create_context EGL_KHR_config_attribs EGL_KHR_surfaceless_context EGL_EXT_create_context_robustness EGL_ANDROID_image_native_buffer EGL_KHR_wait_sync EGL_ANDROID_recordable EGL_KHR_partial_update 
06-01 09:25:37.921  3489  3489 I SurfaceFlinger: Client API: OpenGL_ES
06-01 09:25:37.921  3489  3489 I SurfaceFlinger: EGLSurface: 8-8-8-8, config=0x7fa4afb128
06-01 09:25:37.921  3489  3489 D         : ro.exynos.dss isEnabled: 0
06-01 09:25:37.923  3489  3489 I SurfaceFlinger: OpenGL ES informations:
06-01 09:25:37.923  3489  3489 I SurfaceFlinger: vendor    : ARM
06-01 09:25:37.923  3489  3489 I SurfaceFlinger: renderer  : Mali-T880
06-01 09:25:37.923  3489  3489 I SurfaceFlinger: version   : OpenGL ES 3.1 v1.r9p0-12dev0.c2bae768d87bf40047e1f310c8de7f16
06-01 09:25:37.923  3489  3489 I SurfaceFlinger: extensions: GL_EXT_debug_marker GL_ARM_rgba8 GL_ARM_mali_shader_binary GL_OES_depth24 GL_OES_depth_texture GL_OES_depth_texture_cube_map GL_OES_packed_depth_stencil GL_OES_rgb8_rgba8 GL_EXT_read_format_bgra GL_OES_compressed_paletted_texture GL_OES_compressed_ETC1_RGB8_texture GL_OES_standard_derivatives GL_OES_EGL_image GL_OES_EGL_image_external GL_OES_EGL_sync GL_OES_texture_npot GL_OES_vertex_half_float GL_OES_required_internalformat GL_OES_vertex_array_object GL_OES_mapbuffer GL_EXT_texture_format_BGRA8888 GL_EXT_texture_rg GL_EXT_texture_type_2_10_10_10_REV GL_OES_fbo_render_mipmap GL_OES_element_index_uint GL_EXT_shadow_samplers GL_OES_texture_compression_astc GL_KHR_texture_compression_astc_ldr GL_KHR_texture_compression_astc_hdr GL_KHR_debug GL_EXT_occlusion_query_boolean GL_EXT_disjoint_timer_query GL_EXT_blend_minmax GL_EXT_discard_framebuffer GL_OES_get_program_binary GL_OES_texture_3D GL_EXT_texture_storage GL_EXT_multisampled_render_to_texture GL_OES_surfaceless_context GL_OES_texture_stencil8 G
06-01 09:25:37.923  3489  3489 I SurfaceFlinger: GL_MAX_TEXTURE_SIZE = 8192
06-01 09:25:37.923  3489  3489 I SurfaceFlinger: GL_MAX_VIEWPORT_DIMS = 8192
06-01 09:25:37.924  3489  3489 D mali_winsys: new_window_surface returns 0x3000,  [1440x2560]-format:1
06-01 09:25:37.925  3489  3489 D SurfaceFlinger: Set power mode=2, type=0 flinger=0x7fa4ac3c00
06-01 09:25:37.919  2998  2998 W auditd  : type=1325 audit(0.0:237): table=filter family=2 entries=31
06-01 09:25:37.919  2998  2998 W auditd  : type=1320 audit(0.0:237): 
06-01 09:25:37.919  2998  2998 W auditd  : type=1325 audit(0.0:238): table=filter family=10 entries=30
06-01 09:25:37.919  2998  2998 W auditd  : type=1320 audit(0.0:238): 
06-01 09:25:37.929  2998  2998 W auditd  : type=1325 audit(0.0:239): table=filter family=2 entries=31
06-01 09:25:37.929  2998  2998 W auditd  : type=1320 audit(0.0:239): 
06-01 09:25:37.939  2998  2998 W auditd  : type=1325 audit(0.0:240): table=filter family=10 entries=30
06-01 09:25:37.939  2998  2998 W auditd  : type=1320 audit(0.0:240): 
06-01 09:25:37.939  2998  2998 W auditd  : type=1325 audit(0.0:241): table=filter family=2 entries=29
06-01 09:25:37.939  2998  2998 W auditd  : type=1320 audit(0.0:241): 
06-01 09:25:37.949  2998  2998 W auditd  : type=1325 audit(0.0:242): table=filter family=10 entries=28
06-01 09:25:37.949  2998  2998 W auditd  : type=1320 audit(0.0:242): 
06-01 09:25:37.949  2998  2998 W auditd  : type=1325 audit(0.0:243): table=filter family=2 entries=31
06-01 09:25:37.949  2998  2998 W auditd  : type=1320 audit(0.0:243): 
06-01 09:25:37.959  2998  2998 W auditd  : type=1325 audit(0.0:244): table=filter family=10 entries=30
06-01 09:25:37.959  2998  2998 W auditd  : type=1320 audit(0.0:244): 
06-01 09:25:38.022  3490  3490 I mediaserver: ServiceManager: 0xf630e260
06-01 09:25:38.022  3490  3490 I AudioFlinger: Using default 3000 mSec as standby time.
06-01 09:25:38.022  3490  3490 E BatteryNotifier: batterystats service unavailable!
06-01 09:25:38.022  3490  3490 E BatteryNotifier: batterystats service unavailable!
06-01 09:25:38.022  3490  3490 I CameraService: CameraService started (pid=3490)
06-01 09:25:38.022  3490  3490 I CameraService: CameraService process starting
06-01 09:25:38.023  3490  3490 E BatteryNotifier: batterystats service unavailable!
06-01 09:25:38.023  3490  3490 E BatteryNotifier: batterystats service unavailable!
06-01 09:25:38.023  3490  3490 E CameraService: Could not load camera HAL module: -2 (No such file or directory)
06-01 09:25:38.023  3490  3490 I AudioPolicyService: AudioPolicyService CSTOR in new mode
06-01 09:25:38.024  3490  3490 W APM::HwModule: loadOutput() invalid supported devices
06-01 09:25:38.024  3490  3490 W APM::HwModule: loadOutput() invalid supported devices
06-01 09:25:38.024  3490  3490 W APM::HwModule: loadInput() invalid supported devices
06-01 09:25:38.024  3490  3490 W APM::HwModule: loadInput() invalid supported devices
06-01 09:25:38.024  3490  3490 I APM::ConfigParsingUtils: loadAudioPolicyConfig() loaded /system/etc/audio_policy.conf
06-01 09:25:38.089  3489  3489 D SurfaceFlinger: SF. shader cache generated - 26 shaders in 119.370232 ms
06-01 09:25:38.093  3489  3489 E display : ioctl DECON_WIN_CONFIG failed: Not a typewriter
06-01 09:25:38.093  3489  3489 F display : ioctl DECON_WIN_CONFIG failed to clear screen: Not a typewriter
06-01 09:25:38.093  3489  3489 F libc    : Fatal signal 6 (SIGABRT), code -6 in tid 3489 (surfaceflinger)
06-01 09:25:38.094  2924  2924 I DEBUG   : property debug.db.uid not set; NOT waiting for gdb.
06-01 09:25:38.094  2924  2924 I DEBUG   : HINT: adb shell setprop debug.db.uid 100000
06-01 09:25:38.094  2924  2924 I DEBUG   : HINT: adb forward tcp:5039 tcp:5039
06-01 09:25:38.107  3491  3491 D AndroidRuntime: >>>>>> START com.android.internal.os.ZygoteInit uid 0 <<<<<<
06-01 09:25:38.109  3491  3491 D AndroidRuntime: CheckJNI is ON
06-01 09:25:38.109  3491  3491 I art     : option[0]=-Xzygote
06-01 09:25:38.109  3491  3491 I art     : option[1]=-Xcheck:jni
06-01 09:25:38.109  3491  3491 I art     : option[2]=-Xstacktracefile:/data/anr/traces.txt
06-01 09:25:38.109  3491  3491 I art     : option[3]=exit
06-01 09:25:38.109  3491  3491 I art     : option[4]=vfprintf
06-01 09:25:38.109  3491  3491 I art     : option[5]=sensitiveThread
06-01 09:25:38.109  3491  3491 I art     : option[6]=-verbose:gc
06-01 09:25:38.109  3491  3491 I art     : option[7]=-Xms8m
06-01 09:25:38.109  3491  3491 I art     : option[8]=-Xmx512m
06-01 09:25:38.109  3491  3491 I art     : option[9]=-XX:HeapGrowthLimit=256m
06-01 09:25:38.109  3491  3491 I art     : option[10]=-XX:HeapMinFree=2m
06-01 09:25:38.109  3491  3491 I art     : option[11]=-XX:HeapMaxFree=8m
06-01 09:25:38.109  3491  3491 I art     : option[12]=-XX:HeapTargetUtilization=0.75
06-01 09:25:38.109  3491  3491 I art     : option[13]=-Xusejit:true
06-01 09:25:38.109  3491  3491 I art     : option[14]=-agentlib:jdwp=transport=dt_android_adb,suspend=n,server=y
06-01 09:25:38.109  3491  3491 I art     : option[15]=-Xlockprofthreshold:500
06-01 09:25:38.109  3491  3491 I art     : option[16]=-Ximage-compiler-option
06-01 09:25:38.109  3491  3491 I art     : option[17]=--runtime-arg
06-01 09:25:38.109  3491  3491 I art     : option[18]=-Ximage-compiler-option
06-01 09:25:38.109  3491  3491 I art     : option[19]=-Xms64m
06-01 09:25:38.109  3491  3491 I art     : option[20]=-Ximage-compiler-option
06-01 09:25:38.109  3491  3491 I art     : option[21]=--runtime-arg
06-01 09:25:38.109  3491  3491 I art     : option[22]=-Ximage-compiler-option
06-01 09:25:38.109  3491  3491 I art     : option[23]=-Xmx64m
06-01 09:25:38.109  3491  3491 I art     : option[24]=-Ximage-compiler-option
06-01 09:25:38.109  3491  3491 I art     : option[25]=--compiler-filter=verify-at-runtime
06-01 09:25:38.109  3491  3491 I art     : option[26]=-Ximage-compiler-option
06-01 09:25:38.109  3491  3491 I art     : option[27]=--image-classes=/system/etc/preloaded-classes
06-01 09:25:38.109  3491  3491 I art     : option[28]=-Xcompiler-option
06-01 09:25:38.109  3491  3491 I art     : option[29]=--runtime-arg
06-01 09:25:38.109  3491  3491 I art     : option[30]=-Xcompiler-option
06-01 09:25:38.109  3491  3491 I art     : option[31]=-Xms64m
06-01 09:25:38.109  3491  3491 I art     : option[32]=-Xcompiler-option
06-01 09:25:38.109  3491  3491 I art     : option[33]=--runtime-arg
06-01 09:25:38.109  3491  3491 I art     : option[34]=-Xcompiler-option
06-01 09:25:38.109  3491  3491 I art     : option[35]=-Xmx512m
06-01 09:25:38.109  3491  3491 I art     : option[36]=-Xcompiler-option
06-01 09:25:38.109  3491  3491 I art     : option[37]=--compiler-filter=verify-at-runtime
06-01 09:25:38.109  3491  3491 I art     : option[38]=-Ximage-compiler-option
06-01 09:25:38.110  3491  3491 I art     : option[39]=--instruction-set-variant=generic
06-01 09:25:38.110  3491  3491 I art     : option[40]=-Xcompiler-option
06-01 09:25:38.110  3491  3491 I art     : option[41]=--instruction-set-variant=generic
06-01 09:25:38.110  3491  3491 I art     : option[42]=-Ximage-compiler-option
06-01 09:25:38.110  3491  3491 I art     : option[43]=--instruction-set-features=default
06-01 09:25:38.110  3491  3491 I art     : option[44]=-Xcompiler-option
06-01 09:25:38.110  3491  3491 I art     : option[45]=--instruction-set-features=default
06-01 09:25:38.110  3491  3491 I art     : option[46]=-Duser.locale=en-US
06-01 09:25:38.110  3491  3491 I art     : option[47]=--cpu-abilist=arm64-v8a,armeabi
06-01 09:25:38.110  3491  3491 I art     : option[48]=-Xfingerprint:samsung/cm_hero2ltexx/hero2ltexx:6.0.1/MOB30J/4f0fbab6f5:eng/test-keys
06-01 09:25:38.135  3491  3491 D ICU     : No timezone override file found: /data/misc/zoneinfo/current/icu/icu_tzdata.dat
06-01 09:25:38.144  2924  2924 F DEBUG   : *** *** *** *** *** *** *** *** *** *** *** *** *** *** *** ***
06-01 09:25:38.144  2924  2924 F DEBUG   : Build fingerprint: 'samsung/cm_hero2ltexx/hero2ltexx:6.0.1/MOB30J/4f0fbab6f5:eng/test-keys'
06-01 09:25:38.144  2924  2924 F DEBUG   : Revision: '0'
06-01 09:25:38.144  2924  2924 F DEBUG   : ABI: 'arm64'
06-01 09:25:38.144  2924  2924 F DEBUG   : pid: 3489, tid: 3489, name: surfaceflinger  >>> /system/bin/surfaceflinger <<<
06-01 09:25:38.144  2924  2924 F DEBUG   : signal 6 (SIGABRT), code -6 (SI_TKILL), fault addr --------
06-01 09:25:38.147  2924  2924 F DEBUG   : Abort message: 'ioctl DECON_WIN_CONFIG failed to clear screen: Not a typewriter'
06-01 09:25:38.147  2924  2924 F DEBUG   :     x0   0000000000000000  x1   0000000000000da1  x2   0000000000000006  x3   0000000000000000
06-01 09:25:38.147  2924  2924 F DEBUG   :     x4   0000000000000000  x5   0000000000000001  x6   0000000000000000  x7   0000000000000000
06-01 09:25:38.147  2924  2924 F DEBUG   :     x8   0000000000000083  x9   0000000000000049  x10  0000007fdb27918c  x11  0000007fdb2791c8
06-01 09:25:38.147  2924  2924 F DEBUG   :     x12  0000007fdb2790a0  x13  0000000000000040  x14  0000007fdb279278  x15  0000000000000000
06-01 09:25:38.147  2924  2924 F DEBUG   :     x16  0000007fa5092580  x17  0000007fa5024fcc  x18  0000007fa5244f00  x19  0000007fa53390d8
06-01 09:25:38.147  2924  2924 F DEBUG   :     x20  0000007fa5339018  x21  0000000000000019  x22  0000000000000006  x23  00000000ffffffff
06-01 09:25:38.147  2924  2924 F DEBUG   :     x24  0000007fa1fcb000  x25  0000000000000018  x26  0000007fa4add820  x27  0000007fa52bf000
06-01 09:25:38.147  2924  2924 F DEBUG   :     x28  0000000000000001  x29  0000007fdb279130  x30  0000007fa5022768
06-01 09:25:38.147  2924  2924 F DEBUG   :     sp   0000007fdb279130  pc   0000007fa5024fd4  pstate 0000000020000000
06-01 09:25:38.152  2924  2924 F DEBUG   : 
06-01 09:25:38.152  2924  2924 F DEBUG   : backtrace:
06-01 09:25:38.152  2924  2924 F DEBUG   :     #00 pc 0000000000068fd4  /system/lib64/libc.so (tgkill+8)
06-01 09:25:38.152  2924  2924 F DEBUG   :     #01 pc 0000000000066764  /system/lib64/libc.so (pthread_kill+68)
06-01 09:25:38.152  2924  2924 F DEBUG   :     #02 pc 0000000000023448  /system/lib64/libc.so (raise+28)
06-01 09:25:38.152  2924  2924 F DEBUG   :     #03 pc 000000000001dbe8  /system/lib64/libc.so (abort+60)
06-01 09:25:38.152  2924  2924 F DEBUG   :     #04 pc 0000000000003a7c  /system/lib64/liblog.so (__android_log_assert+236)
06-01 09:25:38.152  2924  2924 F DEBUG   :     #05 pc 00000000000036c8  /system/lib64/libdisplay.so (_ZN20ExynosOverlayDisplay12clearDisplayEv+124)
06-01 09:25:38.152  2924  2924 F DEBUG   :     #06 pc 000000000000375c  /system/lib64/libdisplay.so (_ZN20ExynosOverlayDisplay3setEP22hwc_display_contents_1+144)
06-01 09:25:38.152  2924  2924 F DEBUG   :     #07 pc 00000000000025cc  /system/lib64/hw/hwcomposer.exynos5.so (_Z11exynos5_setP21hwc_composer_device_1mPP22hwc_display_contents_1+88)
06-01 09:25:38.152  2924  2924 F DEBUG   :     #08 pc 000000000003cf5c  /system/lib64/libsurfaceflinger.so
06-01 09:25:38.152  2924  2924 F DEBUG   :     #09 pc 000000000002fc74  /system/lib64/libsurfaceflinger.so
06-01 09:25:38.152  2924  2924 F DEBUG   :     #10 pc 000000000002f300  /system/lib64/libsurfaceflinger.so
06-01 09:25:38.152  2924  2924 F DEBUG   :     #11 pc 000000000002e1a0  /system/lib64/libsurfaceflinger.so
06-01 09:25:38.153  2924  2924 F DEBUG   :     #12 pc 000000000002df08  /system/lib64/libsurfaceflinger.so
06-01 09:25:38.153  2924  2924 F DEBUG   :     #13 pc 000000000001aed4  /system/lib64/libutils.so (_ZN7android6Looper9pollInnerEi+312)
06-01 09:25:38.153  2924  2924 F DEBUG   :     #14 pc 000000000001b20c  /system/lib64/libutils.so (_ZN7android6Looper8pollOnceEiPiS1_PPv+80)
06-01 09:25:38.153  2924  2924 F DEBUG   :     #15 pc 000000000002a344  /system/lib64/libsurfaceflinger.so
06-01 09:25:38.153  2924  2924 F DEBUG   :     #16 pc 000000000002d9fc  /system/lib64/libsurfaceflinger.so (_ZN7android14SurfaceFlinger3runEv+20)
06-01 09:25:38.153  2924  2924 F DEBUG   :     #17 pc 00000000000011ec  /system/bin/surfaceflinger
06-01 09:25:38.153  2924  2924 F DEBUG   :     #18 pc 000000000001bcd8  /system/lib64/libc.so (__libc_init+100)
06-01 09:25:38.153  2924  2924 F DEBUG   :     #19 pc 000000000000101c  /system/bin/surfaceflinger
06-01 09:25:38.244  2924  2924 F DEBUG   : 
06-01 09:25:38.244  2924  2924 F DEBUG   : Tombstone written to: /data/tombstones/tombstone_00
06-01 09:25:38.271  3491  3491 I Radio-JNI: register_android_hardware_Radio DONE
06-01 09:25:38.294  2919  2919 I ServiceManager: service 'SurfaceFlinger' died
06-01 09:25:38.294  2919  2919 I ServiceManager: service 'Exynos.HWCService' died
06-01 09:25:38.294  3516  3527 E SurfaceControl: invalid handle (0x0) or client (0x7f7995c640)
06-01 09:25:38.294  3516  3516 W SurfaceComposerClient: ComposerService remote (surfaceflinger) died [0x7f79963320]
06-01 09:25:38.294  3516  3516 D BootAnimation: SurfaceFlinger died, exiting...
06-01 09:25:38.304  2919  2919 I ServiceManager: service 'media.audio_flinger' died
06-01 09:25:38.304  2919  2919 I ServiceManager: service 'media.player' died
06-01 09:25:38.304  2919  2919 I ServiceManager: service 'media.resource_manager' died
06-01 09:25:38.304  2919  2919 I ServiceManager: service 'media.camera' died
06-01 09:25:43.320  3581  3581 I Netd    : Netd 1.0 starting
06-01 09:25:43.320  3581  3581 I QtiConnectivityAdapter: Failed to open libconnctrl, some features may not be present.
06-01 09:25:43.320  3581  3581 D TetherController: Setting IP forward enable = 0
06-01 09:25:43.326  3583  3583 I SurfaceFlinger: SurfaceFlinger is starting
06-01 09:25:43.326  3583  3583 E SchedPolicy: /system/bin/surfaceflinger add_tid_to_cgroup failed; fd=-1
06-01 09:25:43.326  3583  3583 I SurfaceFlinger: SurfaceFlinger's main thread ready to run. Initializing graphics H/W...
06-01 09:25:43.319  2998  2998 W auditd  : type=1325 audit(0.0:286): table=filter family=2 entries=32
06-01 09:25:43.319  2998  2998 W auditd  : type=1320 audit(0.0:286): 
06-01 09:25:43.335  3583  3583 D libEGL  : loaded /vendor/lib64/egl/libGLES_mali.so
06-01 09:25:43.342  3583  3583 I gralloc : using (id=)
06-01 09:25:43.342  3583  3583 I gralloc : xres         = 1440 px
06-01 09:25:43.342  3583  3583 I gralloc : yres         = 2560 px
06-01 09:25:43.342  3583  3583 I gralloc : width        = 68 mm (537.882324 dpi)
06-01 09:25:43.342  3583  3583 I gralloc : height       = 122 mm (532.983582 dpi)
06-01 09:25:43.342  3583  3583 I gralloc : refresh rate = 59.31 Hz
06-01 09:25:43.339  2998  2998 W auditd  : type=1325 audit(0.0:287): table=filter family=10 entries=31
06-01 09:25:43.339  2998  2998 W auditd  : type=1320 audit(0.0:287): 
06-01 09:25:43.349  3583  3583 D hwcomposer: using
06-01 09:25:43.349  3583  3583 D hwcomposer: xres         = 1440 px
06-01 09:25:43.349  3583  3583 D hwcomposer: yres         = 2560 px
06-01 09:25:43.349  3583  3583 D hwcomposer: width        = 68 mm (537.882000 dpi)
06-01 09:25:43.349  3583  3583 D hwcomposer: height       = 122 mm (532.983000 dpi)
06-01 09:25:43.349  3583  3583 D hwcomposer: refresh rate = 59 Hz
06-01 09:25:43.350  3583  3583 I hwcomposer: PSR info devname = /sys/devices/13960000.decon_f/psr_info
06-01 09:25:43.350  3583  3583 I hwcomposer: PSR mode is 6(0: video mode, 1: DP PSR mode, 2: MIPI-DSI command mode)
06-01 09:25:43.350  3583  3583 I SurfaceFlinger: Using composer version 1.3
06-01 09:25:43.350  3583  3583 E display : unknown display attribute 6
06-01 09:25:43.350  3583  3583 I SurfaceFlinger: EGL information:
06-01 09:25:43.350  3583  3583 I SurfaceFlinger: vendor    : Android
06-01 09:25:43.350  3583  3583 I SurfaceFlinger: version   : 1.4 Android META-EGL
06-01 09:25:43.350  3583  3583 I SurfaceFlinger: extensions: EGL_KHR_get_all_proc_addresses EGL_ANDROID_presentation_time EGL_KHR_swap_buffers_with_damage EGL_KHR_image EGL_KHR_image_base EGL_KHR_gl_texture_2D_image EGL_KHR_gl_texture_cubemap_image EGL_KHR_gl_renderbuffer_image EGL_KHR_fence_sync EGL_KHR_create_context EGL_KHR_config_attribs EGL_KHR_surfaceless_context EGL_EXT_create_context_robustness EGL_ANDROID_image_native_buffer EGL_KHR_wait_sync EGL_ANDROID_recordable EGL_KHR_partial_update 
06-01 09:25:43.350  3583  3583 I SurfaceFlinger: Client API: OpenGL_ES
06-01 09:25:43.350  3583  3583 I SurfaceFlinger: EGLSurface: 8-8-8-8, config=0x7f9717b128
06-01 09:25:43.351  3583  3583 D         : ro.exynos.dss isEnabled: 0
06-01 09:25:43.353  3583  3583 I SurfaceFlinger: OpenGL ES informations:
06-01 09:25:43.353  3583  3583 I SurfaceFlinger: vendor    : ARM
06-01 09:25:43.353  3583  3583 I SurfaceFlinger: renderer  : Mali-T880
06-01 09:25:43.353  3583  3583 I SurfaceFlinger: version   : OpenGL ES 3.1 v1.r9p0-12dev0.c2bae768d87bf40047e1f310c8de7f16
06-01 09:25:43.353  3583  3583 I SurfaceFlinger: extensions: GL_EXT_debug_marker GL_ARM_rgba8 GL_ARM_mali_shader_binary GL_OES_depth24 GL_OES_depth_texture GL_OES_depth_texture_cube_map GL_OES_packed_depth_stencil GL_OES_rgb8_rgba8 GL_EXT_read_format_bgra GL_OES_compressed_paletted_texture GL_OES_compressed_ETC1_RGB8_texture GL_OES_standard_derivatives GL_OES_EGL_image GL_OES_EGL_image_external GL_OES_EGL_sync GL_OES_texture_npot GL_OES_vertex_half_float GL_OES_required_internalformat GL_OES_vertex_array_object GL_OES_mapbuffer GL_EXT_texture_format_BGRA8888 GL_EXT_texture_rg GL_EXT_texture_type_2_10_10_10_REV GL_OES_fbo_render_mipmap GL_OES_element_index_uint GL_EXT_shadow_samplers GL_OES_texture_compression_astc GL_KHR_texture_compression_astc_ldr GL_KHR_texture_compression_astc_hdr GL_KHR_debug GL_EXT_occlusion_query_boolean GL_EXT_disjoint_timer_query GL_EXT_blend_minmax GL_EXT_discard_framebuffer GL_OES_get_program_binary GL_OES_texture_3D GL_EXT_texture_storage GL_EXT_multisampled_render_to_texture GL_OES_surfaceless_context GL_OES_texture_stencil8 G
06-01 09:25:43.353  3583  3583 I SurfaceFlinger: GL_MAX_TEXTURE_SIZE = 8192
06-01 09:25:43.353  3583  3583 I SurfaceFlinger: GL_MAX_VIEWPORT_DIMS = 8192
06-01 09:25:43.353  3583  3583 D mali_winsys: new_window_surface returns 0x3000,  [1440x2560]-format:1
06-01 09:25:43.355  3583  3583 D SurfaceFlinger: Set power mode=2, type=0 flinger=0x7f97143c00
