07-27 05:54:06.635  2922  2922 E         : Runtime and build version of gralloc private structure does not match. Errors will likely follow.
07-27 05:54:06.636  2922  2922 E display : [PrimaryDisplay] framebuffer target expected, but not provided
07-27 05:54:06.668  2922  2922 E display : VPP should be assigned to FramebufferTarget but it was failed ret(0)
07-27 05:54:06.668  2922  2922 E         : invalid gralloc handle (at 0x7fb4096620)
07-27 05:54:06.668  2922  2922 E         : Runtime and build version of gralloc private structure does not match. Errors will likely follow.
07-27 05:54:06.670  2922  2922 E display : [PrimaryDisplay] framebuffer target expected, but not provided
07-27 05:54:06.685  2922  2922 E display : VPP should be assigned to FramebufferTarget but it was failed ret(0)
07-27 05:54:06.685  2922  2922 E         : invalid gralloc handle (at 0x7fb40965b0)
07-27 05:54:06.685  2922  2922 E         : Runtime and build version of gralloc private structure does not match. Errors will likely follow.
07-27 05:54:06.687  2922  2922 E display : [PrimaryDisplay] framebuffer target expected, but not provided
07-27 05:54:06.718  2922  2922 E display : VPP should be assigned to FramebufferTarget but it was failed ret(0)
07-27 05:54:06.720  2922  2922 E display : [PrimaryDisplay] framebuffer target expected, but not provided
07-27 05:54:06.739  3457  3457 E audio_route: Failed to open /system/etc/mixer_paths.xml
07-27 05:54:06.745  3457  3457 I AudioFlinger: loadHwModule() Loaded primary audio interface from Samsung audio HW HAL (audio) handle 1
07-27 05:54:06.745  3457  3457 I AudioFlinger: openOutput(), module 1 Device 2, SamplingRate 44100, Format 0x000001, Channels 3, flags 2
07-27 05:54:06.745  3457  3457 I AudioFlinger: AudioStreamOut::open(), mHalFormatIsLinearPcm = 1
07-27 05:54:06.745  3457  3457 I AudioFlinger: HAL output buffer size 256 frames, normal sink buffer size 960 frames
07-27 05:54:06.746  3457  3457 I BufferProvider: found effect "Multichannel Downmix To Stereo" from The Android Open Source Project
07-27 05:54:06.747  3457  3457 E MonoPipe: Failed to fetch local time frequency when constructing a MonoPipe (res = -32).  getNextWriteTimestamp calls will be non-functional
07-27 05:54:06.747  3457  3457 I AudioFlinger: Using module 1 has the primary audio interface
07-27 05:54:06.747  3457  3568 I AudioFlinger: AudioFlinger's thread 0xf4c80000 ready to run
07-27 05:54:06.747  3457  3568 V audio_hw_primary: do_out_standby: output standby: 1
07-27 05:54:06.747  3457  3568 V audio_hw_primary: out_set_parameters: key value pairs: routing=2
07-27 05:54:06.747  3457  3568 E AudioFlinger: no wake lock to update!
07-27 05:54:06.748  3457  3457 V audio_hw_primary: adev_open_input_stream: Created resampler converting 48000 -> 16000
07-27 05:54:06.748  3457  3457 V audio_hw_primary: adev_open_input_stream: Requesting input stream with rate: 16000, channels: 0xc
07-27 05:54:06.748  3457  3569 I AudioFlinger: AudioFlinger's thread 0xf4900000 ready to run
07-27 05:54:06.749  3457  3457 I r_submix: adev_open(name=audio_hw_if)
07-27 05:54:06.749  3457  3457 I r_submix: adev_init_check()
07-27 05:54:06.749  3457  3457 I AudioFlinger: loadHwModule() Loaded r_submix audio interface from Wifi Display audio HAL (audio) handle 4
07-27 05:54:06.749  3457  3457 D r_submix: adev_open_input_stream(addr=0)
07-27 05:54:06.749  3457  3457 D r_submix: submix_audio_device_create_pipe_l(addr=0, idx=9)
07-27 05:54:06.749  3457  3457 D r_submix:   now using address 0 for route 9
07-27 05:54:06.749  3457  3570 I AudioFlinger: AudioFlinger's thread 0xf4900000 ready to run
07-27 05:54:06.749  3457  3457 D r_submix: adev_close_input_stream()
07-27 05:54:06.749  3457  3457 D r_submix: submix_audio_device_release_pipe_l(idx=9) addr=0
07-27 05:54:06.749  3457  3457 D r_submix: submix_audio_device_destroy_pipe_l(): pipe destroyed
07-27 05:54:06.750  3457  3457 E SoundTriggerHwService: couldn't load sound trigger module sound_trigger.primary (No such file or directory)
07-27 05:54:06.750  3457  3457 I RadioService: RadioService
07-27 05:54:06.750  3457  3457 I RadioService: onFirstRef
07-27 05:54:06.750  3457  3457 E RadioService: couldn't load radio module radio.primary (No such file or directory)
07-27 05:54:06.752  2922  2922 E display : VPP should be assigned to FramebufferTarget but it was failed ret(0)
07-27 05:54:06.753  2922  2922 E         : invalid gralloc handle (at 0x7fb4096700)
07-27 05:54:06.753  2922  2922 E         : Runtime and build version of gralloc private structure does not match. Errors will likely follow.
07-27 05:54:06.754  2922  2922 E display : [PrimaryDisplay] framebuffer target expected, but not provided
07-27 05:54:06.786  2922  2922 E display : VPP should be assigned to FramebufferTarget but it was failed ret(0)
07-27 05:54:06.787  2922  2922 E         : invalid gralloc handle (at 0x7fb4096690)
07-27 05:54:06.787  2922  2922 E         : Runtime and build version of gralloc private structure does not match. Errors will likely follow.
07-27 05:54:06.788  2922  2922 E display : [PrimaryDisplay] framebuffer target expected, but not provided
07-27 05:54:06.820  2922  2922 E display : VPP should be assigned to FramebufferTarget but it was failed ret(0)
07-27 05:54:06.821  2922  2922 E         : invalid gralloc handle (at 0x7fb4096620)
07-27 05:54:06.821  2922  2922 E         : Runtime and build version of gralloc private structure does not match. Errors will likely follow.
07-27 05:54:06.822  2922  2922 E display : [PrimaryDisplay] framebuffer target expected, but not provided
07-27 05:54:06.854  2922  2922 E display : VPP should be assigned to FramebufferTarget but it was failed ret(0)
07-27 05:54:06.855  2922  2922 E         : invalid gralloc handle (at 0x7fb40965b0)
07-27 05:54:06.855  2922  2922 E         : Runtime and build version of gralloc private structure does not match. Errors will likely follow.
07-27 05:54:06.856  2922  2922 E display : [PrimaryDisplay] framebuffer target expected, but not provided
07-27 05:54:06.888  2922  2922 E display : VPP should be assigned to FramebufferTarget but it was failed ret(0)
07-27 05:54:06.890  2922  2922 E display : [PrimaryDisplay] framebuffer target expected, but not provided
07-27 05:54:06.922  2922  2922 E display : VPP should be assigned to FramebufferTarget but it was failed ret(0)
07-27 05:54:06.923  2922  2922 E         : invalid gralloc handle (at 0x7fb4096700)
07-27 05:54:06.923  2922  2922 E         : Runtime and build version of gralloc private structure does not match. Errors will likely follow.
07-27 05:54:06.924  2922  2922 E display : [PrimaryDisplay] framebuffer target expected, but not provided
07-27 05:54:06.956  2922  2922 E display : VPP should be assigned to FramebufferTarget but it was failed ret(0)
07-27 05:54:06.957  2922  2922 E         : invalid gralloc handle (at 0x7fb4096690)
07-27 05:54:06.957  2922  2922 E         : Runtime and build version of gralloc private structure does not match. Errors will likely follow.
07-27 05:54:06.958  2922  2922 E display : [PrimaryDisplay] framebuffer target expected, but not provided
07-27 05:54:06.990  2922  2922 E display : VPP should be assigned to FramebufferTarget but it was failed ret(0)
07-27 05:54:06.990  2922  2922 E         : invalid gralloc handle (at 0x7fb4096620)
07-27 05:54:06.990  2922  2922 E         : Runtime and build version of gralloc private structure does not match. Errors will likely follow.
07-27 05:54:06.992  2922  2922 E display : [PrimaryDisplay] framebuffer target expected, but not provided
07-27 05:54:07.023  2922  2922 E display : VPP should be assigned to FramebufferTarget but it was failed ret(0)
07-27 05:54:07.024  2922  2922 E         : invalid gralloc handle (at 0x7fb40965b0)
07-27 05:54:07.024  2922  2922 E         : Runtime and build version of gralloc private structure does not match. Errors will likely follow.
07-27 05:54:07.026  2922  2922 E display : [PrimaryDisplay] framebuffer target expected, but not provided
07-27 05:54:07.057  2922  2922 E display : VPP should be assigned to FramebufferTarget but it was failed ret(0)
07-27 05:54:07.059  2922  2922 E display : [PrimaryDisplay] framebuffer target expected, but not provided
07-27 05:54:07.071  3461  3461 V NatController: runCmd(/system/bin/iptables -w -F natctrl_FORWARD) res=0
07-27 05:54:07.076  3461  3461 V NatController: runCmd(/system/bin/iptables -w -A natctrl_FORWARD -j DROP) res=0
07-27 05:54:07.080  3461  3461 V NatController: runCmd(/system/bin/iptables -w -t nat -F natctrl_nat_POSTROUTING) res=0
07-27 05:54:07.084  3461  3461 V NatController: runCmd(/system/bin/iptables -w -F natctrl_tether_counters) res=0
07-27 05:54:07.088  3461  3461 V NatController: runCmd(/system/bin/iptables -w -X natctrl_tether_counters) res=0
07-27 05:54:07.091  2922  2922 E display : VPP should be assigned to FramebufferTarget but it was failed ret(0)
07-27 05:54:07.092  2922  2922 E         : invalid gralloc handle (at 0x7fb4096700)
07-27 05:54:07.092  2922  2922 E         : Runtime and build version of gralloc private structure does not match. Errors will likely follow.
07-27 05:54:07.093  3461  3461 V NatController: runCmd(/system/bin/iptables -w -N natctrl_tether_counters) res=0
07-27 05:54:07.094  2922  2922 E display : [PrimaryDisplay] framebuffer target expected, but not provided
07-27 05:54:07.097  3461  3461 V NatController: runCmd(/system/bin/iptables -w -t mangle -A natctrl_mangle_FORWARD -p tcp --tcp-flags SYN SYN -j TCPMSS --clamp-mss-to-pmtu) res=0
07-27 05:54:07.125  2922  2922 E display : VPP should be assigned to FramebufferTarget but it was failed ret(0)
07-27 05:54:07.126  2922  2922 E         : invalid gralloc handle (at 0x7fb4096690)
07-27 05:54:07.126  2922  2922 E         : Runtime and build version of gralloc private structure does not match. Errors will likely follow.
07-27 05:54:07.128  2922  2922 E display : [PrimaryDisplay] framebuffer target expected, but not provided
07-27 05:54:07.159  2922  2922 E display : VPP should be assigned to FramebufferTarget but it was failed ret(0)
07-27 05:54:07.160  2922  2922 E         : invalid gralloc handle (at 0x7fb4096620)
07-27 05:54:07.160  2922  2922 E         : Runtime and build version of gralloc private structure does not match. Errors will likely follow.
07-27 05:54:07.162  2922  2922 E display : [PrimaryDisplay] framebuffer target expected, but not provided
07-27 05:54:07.193  2922  2922 E display : VPP should be assigned to FramebufferTarget but it was failed ret(0)
07-27 05:54:07.194  2922  2922 E         : invalid gralloc handle (at 0x7fb40965b0)
07-27 05:54:07.194  2922  2922 E         : Runtime and build version of gralloc private structure does not match. Errors will likely follow.
07-27 05:54:07.196  2922  2922 E display : [PrimaryDisplay] framebuffer target expected, but not provided
07-27 05:54:07.227  2922  2922 E display : VPP should be assigned to FramebufferTarget but it was failed ret(0)
07-27 05:54:07.229  2922  2922 E display : [PrimaryDisplay] framebuffer target expected, but not provided
07-27 05:54:07.261  2922  2922 E display : VPP should be assigned to FramebufferTarget but it was failed ret(0)
07-27 05:54:07.262  2922  2922 E         : invalid gralloc handle (at 0x7fb4096700)
07-27 05:54:07.262  2922  2922 E         : Runtime and build version of gralloc private structure does not match. Errors will likely follow.
07-27 05:54:07.263  2922  2922 E display : [PrimaryDisplay] framebuffer target expected, but not provided
07-27 05:54:07.269  3057  3057 W auditd  : type=1325 audit(0.0:361): table=raw family=2 entries=9
07-27 05:54:07.269  3057  3057 W auditd  : type=1320 audit(0.0:361): 
07-27 05:54:07.269  3057  3057 W auditd  : type=1325 audit(0.0:362): table=raw family=10 entries=9
07-27 05:54:07.269  3057  3057 W auditd  : type=1320 audit(0.0:362): 
07-27 05:54:07.279  3057  3057 W auditd  : type=1325 audit(0.0:363): table=mangle family=2 entries=16
07-27 05:54:07.279  3057  3057 W auditd  : type=1320 audit(0.0:363): 
07-27 05:54:07.295  2922  2922 E display : VPP should be assigned to FramebufferTarget but it was failed ret(0)
07-27 05:54:07.279  3057  3057 W auditd  : type=1325 audit(0.0:364): table=mangle family=10 entries=12
07-27 05:54:07.279  3057  3057 W auditd  : type=1320 audit(0.0:364): 
07-27 05:54:07.296  2922  2922 E         : invalid gralloc handle (at 0x7fb4096690)
07-27 05:54:07.296  2922  2922 E         : Runtime and build version of gralloc private structure does not match. Errors will likely follow.
07-27 05:54:07.297  2922  2922 E display : [PrimaryDisplay] framebuffer target expected, but not provided
07-27 05:54:07.289  3057  3057 W auditd  : type=1325 audit(0.0:365): table=filter family=2 entries=49
07-27 05:54:07.289  3057  3057 W auditd  : type=1320 audit(0.0:365): 
07-27 05:54:07.289  3057  3057 W auditd  : type=1325 audit(0.0:366): table=filter family=10 entries=52
07-27 05:54:07.289  3057  3057 W auditd  : type=1320 audit(0.0:366): 
07-27 05:54:07.289  3057  3057 W auditd  : type=1325 audit(0.0:367): table=filter family=2 entries=50
07-27 05:54:07.289  3057  3057 W auditd  : type=1320 audit(0.0:367): 
07-27 05:54:07.299  3057  3057 W auditd  : type=1325 audit(0.0:368): table=filter family=10 entries=53
07-27 05:54:07.299  3057  3057 W auditd  : type=1320 audit(0.0:368): 
07-27 05:54:07.299  3057  3057 W auditd  : type=1325 audit(0.0:369): table=filter family=2 entries=51
07-27 05:54:07.299  3057  3057 W auditd  : type=1320 audit(0.0:369): 
07-27 05:54:07.309  3057  3057 W auditd  : type=1325 audit(0.0:370): table=filter family=10 entries=54
07-27 05:54:07.309  3057  3057 W auditd  : type=1320 audit(0.0:370): 
07-27 05:54:07.328  2922  2922 E display : VPP should be assigned to FramebufferTarget but it was failed ret(0)
07-27 05:54:07.330  2922  2922 E         : invalid gralloc handle (at 0x7fb4096620)
07-27 05:54:07.330  2922  2922 E         : Runtime and build version of gralloc private structure does not match. Errors will likely follow.
07-27 05:54:07.331  2922  2922 E display : [PrimaryDisplay] framebuffer target expected, but not provided
07-27 05:54:07.348  3461  3461 E Netd    : cannot find interface dummy0
07-27 05:54:07.349  3461  3461 D MDnsDS  : MDnsSdListener::Hander starting up
07-27 05:54:07.349  3461  3720 D MDnsDS  : MDnsSdListener starting to monitor
07-27 05:54:07.349  3461  3720 D MDnsDS  : Going to poll with pollCount 1
07-27 05:54:07.362  2922  2922 E display : VPP should be assigned to FramebufferTarget but it was failed ret(0)
07-27 05:54:07.363  2922  2922 E         : invalid gralloc handle (at 0x7fb40965b0)
07-27 05:54:07.363  2922  2922 E         : Runtime and build version of gralloc private structure does not match. Errors will likely follow.
07-27 05:54:07.365  2922  2922 E display : [PrimaryDisplay] framebuffer target expected, but not provided
07-27 05:54:07.396  2922  2922 E display : VPP should be assigned to FramebufferTarget but it was failed ret(0)
07-27 05:54:07.398  2922  2922 E display : [PrimaryDisplay] framebuffer target expected, but not provided
07-27 05:54:07.430  2922  2922 E display : VPP should be assigned to FramebufferTarget but it was failed ret(0)
07-27 05:54:07.431  2922  2922 E         : invalid gralloc handle (at 0x7fb4096700)
07-27 05:54:07.431  2922  2922 E         : Runtime and build version of gralloc private structure does not match. Errors will likely follow.
07-27 05:54:07.433  2922  2922 E display : [PrimaryDisplay] framebuffer target expected, but not provided
07-27 05:54:07.464  2922  2922 E display : VPP should be assigned to FramebufferTarget but it was failed ret(0)
07-27 05:54:07.465  2922  2922 E         : invalid gralloc handle (at 0x7fb4096690)
07-27 05:54:07.465  2922  2922 E         : Runtime and build version of gralloc private structure does not match. Errors will likely follow.
07-27 05:54:07.467  2922  2922 E display : [PrimaryDisplay] framebuffer target expected, but not provided
07-27 05:54:07.498  2922  2922 E display : VPP should be assigned to FramebufferTarget but it was failed ret(0)
07-27 05:54:07.499  2922  2922 E         : invalid gralloc handle (at 0x7fb4096620)
07-27 05:54:07.499  2922  2922 E         : Runtime and build version of gralloc private structure does not match. Errors will likely follow.
07-27 05:54:07.501  2922  2922 E display : [PrimaryDisplay] framebuffer target expected, but not provided
07-27 05:54:07.532  2922  2922 E display : VPP should be assigned to FramebufferTarget but it was failed ret(0)
07-27 05:54:07.533  2922  2922 E         : invalid gralloc handle (at 0x7fb40965b0)
07-27 05:54:07.533  2922  2922 E         : Runtime and build version of gralloc private structure does not match. Errors will likely follow.
07-27 05:54:07.534  2922  2922 E display : [PrimaryDisplay] framebuffer target expected, but not provided
07-27 05:54:07.566  2922  2922 E display : VPP should be assigned to FramebufferTarget but it was failed ret(0)
07-27 05:54:07.568  2922  2922 E display : [PrimaryDisplay] framebuffer target expected, but not provided
07-27 05:54:07.600  2922  2922 E display : VPP should be assigned to FramebufferTarget but it was failed ret(0)
07-27 05:54:07.601  2922  2922 E         : invalid gralloc handle (at 0x7fb4096700)
07-27 05:54:07.601  2922  2922 E         : Runtime and build version of gralloc private structure does not match. Errors will likely follow.
07-27 05:54:07.602  2922  2922 E display : [PrimaryDisplay] framebuffer target expected, but not provided
07-27 05:54:07.634  2922  2922 E display : VPP should be assigned to FramebufferTarget but it was failed ret(0)
07-27 05:54:07.635  2922  2922 E         : invalid gralloc handle (at 0x7fb4096690)
07-27 05:54:07.635  2922  2922 E         : Runtime and build version of gralloc private structure does not match. Errors will likely follow.
07-27 05:54:07.636  2922  2922 E display : [PrimaryDisplay] framebuffer target expected, but not provided
07-27 05:54:07.667  2922  2922 E display : VPP should be assigned to FramebufferTarget but it was failed ret(0)
07-27 05:54:07.668  2922  2922 E         : invalid gralloc handle (at 0x7fb4096620)
07-27 05:54:07.668  2922  2922 E         : Runtime and build version of gralloc private structure does not match. Errors will likely follow.
07-27 05:54:07.670  2922  2922 E display : [PrimaryDisplay] framebuffer target expected, but not provided
07-27 05:54:07.701  2922  2922 E display : VPP should be assigned to FramebufferTarget but it was failed ret(0)
07-27 05:54:07.702  2922  2922 E         : invalid gralloc handle (at 0x7fb40965b0)
07-27 05:54:07.702  2922  2922 E         : Runtime and build version of gralloc private structure does not match. Errors will likely follow.
07-27 05:54:07.704  2922  2922 E display : [PrimaryDisplay] framebuffer target expected, but not provided
07-27 05:54:07.735  2922  2922 E display : VPP should be assigned to FramebufferTarget but it was failed ret(0)
07-27 05:54:07.737  2922  2922 E display : [PrimaryDisplay] framebuffer target expected, but not provided
07-27 05:54:07.769  2922  2922 E display : VPP should be assigned to FramebufferTarget but it was failed ret(0)
07-27 05:54:07.770  2922  2922 E         : invalid gralloc handle (at 0x7fb4096700)
07-27 05:54:07.770  2922  2922 E         : Runtime and build version of gralloc private structure does not match. Errors will likely follow.
07-27 05:54:07.772  2922  2922 E display : [PrimaryDisplay] framebuffer target expected, but not provided
07-27 05:54:07.803  2922  2922 E display : VPP should be assigned to FramebufferTarget but it was failed ret(0)
07-27 05:54:07.804  2922  2922 E         : invalid gralloc handle (at 0x7fb4096690)
07-27 05:54:07.804  2922  2922 E         : Runtime and build version of gralloc private structure does not match. Errors will likely follow.
07-27 05:54:07.805  2922  2922 E display : [PrimaryDisplay] framebuffer target expected, but not provided
07-27 05:54:07.837  2922  2922 E display : VPP should be assigned to FramebufferTarget but it was failed ret(0)
07-27 05:54:07.838  2922  2922 E         : invalid gralloc handle (at 0x7fb4096620)
07-27 05:54:07.838  2922  2922 E         : Runtime and build version of gralloc private structure does not match. Errors will likely follow.
07-27 05:54:07.839  2922  2922 E display : [PrimaryDisplay] framebuffer target expected, but not provided
07-27 05:54:07.871  2922  2922 E display : VPP should be assigned to FramebufferTarget but it was failed ret(0)
07-27 05:54:07.872  2922  2922 E         : invalid gralloc handle (at 0x7fb40965b0)
07-27 05:54:07.872  2922  2922 E         : Runtime and build version of gralloc private structure does not match. Errors will likely follow.
07-27 05:54:07.873  2922  2922 E display : [PrimaryDisplay] framebuffer target expected, but not provided
07-27 05:54:07.905  2922  2922 E display : VPP should be assigned to FramebufferTarget but it was failed ret(0)
07-27 05:54:07.907  2922  2922 E display : [PrimaryDisplay] framebuffer target expected, but not provided
07-27 05:54:07.916  3503  3724 W dex2oat : Skipping class com.quicinc.tcmiface.DpmTcmIface from /system/framework/org.apache.http.legacy.boot.jar previously found in /system/framework/okhttp.jar
07-27 05:54:07.939  2922  2922 E display : VPP should be assigned to FramebufferTarget but it was failed ret(0)
07-27 05:54:07.939  2922  2922 E         : invalid gralloc handle (at 0x7fb4096700)
07-27 05:54:07.940  2922  2922 E         : Runtime and build version of gralloc private structure does not match. Errors will likely follow.
07-27 05:54:07.941  2922  2922 E display : [PrimaryDisplay] framebuffer target expected, but not provided
07-27 05:54:07.956  2922  2922 E display : VPP should be assigned to FramebufferTarget but it was failed ret(0)
07-27 05:54:07.956  2922  2922 E         : invalid gralloc handle (at 0x7fb4096690)
07-27 05:54:07.957  2922  2922 E         : Runtime and build version of gralloc private structure does not match. Errors will likely follow.
07-27 05:54:07.958  2922  2922 E display : [PrimaryDisplay] framebuffer target expected, but not provided
07-27 05:54:07.989  2922  2922 E display : VPP should be assigned to FramebufferTarget but it was failed ret(0)
07-27 05:54:07.990  2922  2922 E         : invalid gralloc handle (at 0x7fb4096620)
07-27 05:54:07.990  2922  2922 E         : Runtime and build version of gralloc private structure does not match. Errors will likely follow.
07-27 05:54:07.992  2922  2922 E display : [PrimaryDisplay] framebuffer target expected, but not provided
07-27 05:54:08.023  2922  2922 E display : VPP should be assigned to FramebufferTarget but it was failed ret(0)
07-27 05:54:08.024  2922  2922 E         : invalid gralloc handle (at 0x7fb40965b0)
07-27 05:54:08.024  2922  2922 E         : Runtime and build version of gralloc private structure does not match. Errors will likely follow.
07-27 05:54:08.026  2922  2922 E display : [PrimaryDisplay] framebuffer target expected, but not provided
07-27 05:54:08.057  2922  2922 E display : VPP should be assigned to FramebufferTarget but it was failed ret(0)
07-27 05:54:08.059  2922  2922 E display : [PrimaryDisplay] framebuffer target expected, but not provided
07-27 05:54:08.091  2922  2922 E display : VPP should be assigned to FramebufferTarget but it was failed ret(0)
07-27 05:54:08.092  2922  2922 E         : invalid gralloc handle (at 0x7fb4096700)
07-27 05:54:08.092  2922  2922 E         : Runtime and build version of gralloc private structure does not match. Errors will likely follow.
07-27 05:54:08.094  2922  2922 E display : [PrimaryDisplay] framebuffer target expected, but not provided
07-27 05:54:08.125  2922  2922 E display : VPP should be assigned to FramebufferTarget but it was failed ret(0)
07-27 05:54:08.126  2922  2922 E         : invalid gralloc handle (at 0x7fb4096690)
07-27 05:54:08.126  2922  2922 E         : Runtime and build version of gralloc private structure does not match. Errors will likely follow.
07-27 05:54:08.127  2922  2922 E display : [PrimaryDisplay] framebuffer target expected, but not provided
07-27 05:54:08.159  2922  2922 E display : VPP should be assigned to FramebufferTarget but it was failed ret(0)
07-27 05:54:08.160  2922  2922 E         : invalid gralloc handle (at 0x7fb4096620)
07-27 05:54:08.160  2922  2922 E         : Runtime and build version of gralloc private structure does not match. Errors will likely follow.
07-27 05:54:08.161  2922  2922 E display : [PrimaryDisplay] framebuffer target expected, but not provided
07-27 05:54:08.193  2922  2922 E display : VPP should be assigned to FramebufferTarget but it was failed ret(0)
07-27 05:54:08.194  2922  2922 E         : invalid gralloc handle (at 0x7fb40965b0)
07-27 05:54:08.194  2922  2922 E         : Runtime and build version of gralloc private structure does not match. Errors will likely follow.
07-27 05:54:08.195  2922  2922 E display : [PrimaryDisplay] framebuffer target expected, but not provided
07-27 05:54:08.227  2922  2922 E display : VPP should be assigned to FramebufferTarget but it was failed ret(0)
07-27 05:54:08.229  2922  2922 E display : [PrimaryDisplay] framebuffer target expected, but not provided
07-27 05:54:08.248  3503  3503 I dex2oat : Explicit concurrent mark sweep GC freed 58651(21MB) AllocSpace objects, 0(0B) LOS objects, 34% free, 7MB/11MB, paused 79us total 10.203ms
07-27 05:54:08.261  2922  2922 E display : VPP should be assigned to FramebufferTarget but it was failed ret(0)
07-27 05:54:08.262  2922  2922 E         : invalid gralloc handle (at 0x7fb4096700)
07-27 05:54:08.262  2922  2922 E         : Runtime and build version of gralloc private structure does not match. Errors will likely follow.
07-27 05:54:08.263  2922  2922 E display : [PrimaryDisplay] framebuffer target expected, but not provided
07-27 05:54:08.295  2922  2922 E display : VPP should be assigned to FramebufferTarget but it was failed ret(0)
07-27 05:54:08.296  2922  2922 E         : invalid gralloc handle (at 0x7fb4096690)
07-27 05:54:08.296  2922  2922 E         : Runtime and build version of gralloc private structure does not match. Errors will likely follow.
07-27 05:54:08.297  2922  2922 E display : [PrimaryDisplay] framebuffer target expected, but not provided
07-27 05:54:08.329  2922  2922 E display : VPP should be assigned to FramebufferTarget but it was failed ret(0)
07-27 05:54:08.330  2922  2922 E         : invalid gralloc handle (at 0x7fb4096620)
07-27 05:54:08.330  2922  2922 E         : Runtime and build version of gralloc private structure does not match. Errors will likely follow.
07-27 05:54:08.331  2922  2922 E display : [PrimaryDisplay] framebuffer target expected, but not provided
07-27 05:54:08.363  2922  2922 E display : VPP should be assigned to FramebufferTarget but it was failed ret(0)
07-27 05:54:08.363  2922  2922 E         : invalid gralloc handle (at 0x7fb40965b0)
07-27 05:54:08.363  2922  2922 E         : Runtime and build version of gralloc private structure does not match. Errors will likely follow.
07-27 05:54:08.365  2922  2922 E display : [PrimaryDisplay] framebuffer target expected, but not provided
07-27 05:54:08.396  2922  2922 E display : VPP should be assigned to FramebufferTarget but it was failed ret(0)
07-27 05:54:08.398  2922  2922 E display : [PrimaryDisplay] framebuffer target expected, but not provided
07-27 05:54:08.430  2922  2922 E display : VPP should be assigned to FramebufferTarget but it was failed ret(0)
07-27 05:54:08.431  2922  2922 E         : invalid gralloc handle (at 0x7fb4096700)
07-27 05:54:08.431  2922  2922 E         : Runtime and build version of gralloc private structure does not match. Errors will likely follow.
07-27 05:54:08.433  2922  2922 E display : [PrimaryDisplay] framebuffer target expected, but not provided
07-27 05:54:08.464  2922  2922 E display : VPP should be assigned to FramebufferTarget but it was failed ret(0)
07-27 05:54:08.465  2922  2922 E         : invalid gralloc handle (at 0x7fb4096690)
07-27 05:54:08.465  2922  2922 E         : Runtime and build version of gralloc private structure does not match. Errors will likely follow.
07-27 05:54:08.467  2922  2922 E display : [PrimaryDisplay] framebuffer target expected, but not provided
07-27 05:54:08.498  2922  2922 E display : VPP should be assigned to FramebufferTarget but it was failed ret(0)
07-27 05:54:08.499  2922  2922 E         : invalid gralloc handle (at 0x7fb4096620)
07-27 05:54:08.499  2922  2922 E         : Runtime and build version of gralloc private structure does not match. Errors will likely follow.
07-27 05:54:08.500  2922  2922 E display : [PrimaryDisplay] framebuffer target expected, but not provided
07-27 05:54:08.532  2922  2922 E display : VPP should be assigned to FramebufferTarget but it was failed ret(0)
07-27 05:54:08.533  2922  2922 E         : invalid gralloc handle (at 0x7fb40965b0)
07-27 05:54:08.533  2922  2922 E         : Runtime and build version of gralloc private structure does not match. Errors will likely follow.
07-27 05:54:08.534  2922  2922 E display : [PrimaryDisplay] framebuffer target expected, but not provided
07-27 05:54:08.566  2922  2922 E display : VPP should be assigned to FramebufferTarget but it was failed ret(0)
07-27 05:54:08.568  2922  2922 E display : [PrimaryDisplay] framebuffer target expected, but not provided
07-27 05:54:08.600  2922  2922 E display : VPP should be assigned to FramebufferTarget but it was failed ret(0)
07-27 05:54:08.601  2922  2922 E         : invalid gralloc handle (at 0x7fb4096700)
07-27 05:54:08.601  2922  2922 E         : Runtime and build version of gralloc private structure does not match. Errors will likely follow.
07-27 05:54:08.602  2922  2922 E display : [PrimaryDisplay] framebuffer target expected, but not provided
07-27 05:54:08.634  2922  2922 E display : VPP should be assigned to FramebufferTarget but it was failed ret(0)
07-27 05:54:08.635  2922  2922 E         : invalid gralloc handle (at 0x7fb4096690)
07-27 05:54:08.635  2922  2922 E         : Runtime and build version of gralloc private structure does not match. Errors will likely follow.
07-27 05:54:08.636  2922  2922 E display : [PrimaryDisplay] framebuffer target expected, but not provided
07-27 05:54:08.668  2922  2922 E display : VPP should be assigned to FramebufferTarget but it was failed ret(0)
07-27 05:54:08.668  2922  2922 E         : invalid gralloc handle (at 0x7fb4096620)
07-27 05:54:08.669  2922  2922 E         : Runtime and build version of gralloc private structure does not match. Errors will likely follow.
07-27 05:54:08.670  2922  2922 E display : [PrimaryDisplay] framebuffer target expected, but not provided
07-27 05:54:08.701  2922  2922 E display : VPP should be assigned to FramebufferTarget but it was failed ret(0)
07-27 05:54:08.702  2922  2922 E         : invalid gralloc handle (at 0x7fb40965b0)
07-27 05:54:08.702  2922  2922 E         : Runtime and build version of gralloc private structure does not match. Errors will likely follow.
07-27 05:54:08.704  2922  2922 E display : [PrimaryDisplay] framebuffer target expected, but not provided
07-27 05:54:08.723  3503  3503 I dex2oat : dex2oat took 2.252s (threads: 8) arena alloc=144B java alloc=7MB native alloc=10MB free=10MB
07-27 05:54:08.735  2922  2922 E display : VPP should be assigned to FramebufferTarget but it was failed ret(0)
07-27 05:54:08.738  2922  2922 E display : [PrimaryDisplay] framebuffer target expected, but not provided
07-27 05:54:08.750  3456  3456 D ICU     : No timezone override file found: /data/misc/zoneinfo/current/icu/icu_tzdata.dat
07-27 05:54:08.769  2922  2922 E display : VPP should be assigned to FramebufferTarget but it was failed ret(0)
07-27 05:54:08.770  2922  2922 E         : invalid gralloc handle (at 0x7fb4096700)
07-27 05:54:08.770  2922  2922 E         : Runtime and build version of gralloc private structure does not match. Errors will likely follow.
07-27 05:54:08.772  2922  2922 E display : [PrimaryDisplay] framebuffer target expected, but not provided
07-27 05:54:08.803  2922  2922 E display : VPP should be assigned to FramebufferTarget but it was failed ret(0)
07-27 05:54:08.804  2922  2922 E         : invalid gralloc handle (at 0x7fb4096690)
07-27 05:54:08.804  2922  2922 E         : Runtime and build version of gralloc private structure does not match. Errors will likely follow.
07-27 05:54:08.806  2922  2922 E display : [PrimaryDisplay] framebuffer target expected, but not provided
07-27 05:54:08.837  2922  2922 E display : VPP should be assigned to FramebufferTarget but it was failed ret(0)
07-27 05:54:08.838  2922  2922 E         : invalid gralloc handle (at 0x7fb4096620)
07-27 05:54:08.838  2922  2922 E         : Runtime and build version of gralloc private structure does not match. Errors will likely follow.
07-27 05:54:08.839  2922  2922 E display : [PrimaryDisplay] framebuffer target expected, but not provided
07-27 05:54:08.871  2922  2922 E display : VPP should be assigned to FramebufferTarget but it was failed ret(0)
07-27 05:54:08.871  3456  3456 I Radio-JNI: register_android_hardware_Radio DONE
07-27 05:54:08.872  2922  2922 E         : invalid gralloc handle (at 0x7fb40965b0)
07-27 05:54:08.872  2922  2922 E         : Runtime and build version of gralloc private structure does not match. Errors will likely follow.
07-27 05:54:08.873  2922  2922 E display : [PrimaryDisplay] framebuffer target expected, but not provided
07-27 05:54:08.905  2922  2922 E display : VPP should be assigned to FramebufferTarget but it was failed ret(0)
07-27 05:54:08.907  2922  2922 E display : [PrimaryDisplay] framebuffer target expected, but not provided
07-27 05:54:08.912  3456  3456 I SamplingProfilerIntegration: Profiling disabled.
07-27 05:54:08.913  3456  3456 D Zygote  : begin preload
07-27 05:54:08.914  3456  3456 I Zygote  : Preloading classes...
07-27 05:54:08.939  2922  2922 E display : VPP should be assigned to FramebufferTarget but it was failed ret(0)
07-27 05:54:08.940  2922  2922 E         : invalid gralloc handle (at 0x7fb4096700)
07-27 05:54:08.940  2922  2922 E         : Runtime and build version of gralloc private structure does not match. Errors will likely follow.
07-27 05:54:08.941  2922  2922 E display : [PrimaryDisplay] framebuffer target expected, but not provided
07-27 05:54:08.973  2922  2922 E display : VPP should be assigned to FramebufferTarget but it was failed ret(0)
07-27 05:54:08.973  2922  2922 E         : invalid gralloc handle (at 0x7fb4096690)
07-27 05:54:08.974  2922  2922 E         : Runtime and build version of gralloc private structure does not match. Errors will likely follow.
07-27 05:54:08.975  2922  2922 E display : [PrimaryDisplay] framebuffer target expected, but not provided
07-27 05:54:09.007  2922  2922 E display : VPP should be assigned to FramebufferTarget but it was failed ret(0)
07-27 05:54:09.007  2922  2922 E         : invalid gralloc handle (at 0x7fb4096620)
07-27 05:54:09.007  2922  2922 E         : Runtime and build version of gralloc private structure does not match. Errors will likely follow.
07-27 05:54:09.009  2922  2922 E display : [PrimaryDisplay] framebuffer target expected, but not provided
07-27 05:54:09.041  2922  2922 E display : VPP should be assigned to FramebufferTarget but it was failed ret(0)
07-27 05:54:09.041  2922  2922 E         : invalid gralloc handle (at 0x7fb40965b0)
07-27 05:54:09.041  2922  2922 E         : Runtime and build version of gralloc private structure does not match. Errors will likely follow.
07-27 05:54:09.043  2922  2922 E display : [PrimaryDisplay] framebuffer target expected, but not provided
07-27 05:54:09.074  2922  2922 E display : VPP should be assigned to FramebufferTarget but it was failed ret(0)
07-27 05:54:09.077  2922  2922 E display : [PrimaryDisplay] framebuffer target expected, but not provided
07-27 05:54:09.108  2922  2922 E display : VPP should be assigned to FramebufferTarget but it was failed ret(0)
07-27 05:54:09.109  2922  2922 E         : invalid gralloc handle (at 0x7fb4096700)
07-27 05:54:09.109  2922  2922 E         : Runtime and build version of gralloc private structure does not match. Errors will likely follow.
07-27 05:54:09.111  2922  2922 E display : [PrimaryDisplay] framebuffer target expected, but not provided
07-27 05:54:09.142  2922  2922 E display : VPP should be assigned to FramebufferTarget but it was failed ret(0)
07-27 05:54:09.143  2922  2922 E         : invalid gralloc handle (at 0x7fb4096690)
07-27 05:54:09.143  2922  2922 E         : Runtime and build version of gralloc private structure does not match. Errors will likely follow.
07-27 05:54:09.145  2922  2922 E display : [PrimaryDisplay] framebuffer target expected, but not provided
07-27 05:54:09.176  2922  2922 E display : VPP should be assigned to FramebufferTarget but it was failed ret(0)
07-27 05:54:09.177  2922  2922 E         : invalid gralloc handle (at 0x7fb4096620)
07-27 05:54:09.177  2922  2922 E         : Runtime and build version of gralloc private structure does not match. Errors will likely follow.
07-27 05:54:09.178  2922  2922 E display : [PrimaryDisplay] framebuffer target expected, but not provided
07-27 05:54:09.210  2922  2922 E display : VPP should be assigned to FramebufferTarget but it was failed ret(0)
07-27 05:54:09.211  2922  2922 E         : invalid gralloc handle (at 0x7fb40965b0)
07-27 05:54:09.211  2922  2922 E         : Runtime and build version of gralloc private structure does not match. Errors will likely follow.
07-27 05:54:09.212  2922  2922 E display : [PrimaryDisplay] framebuffer target expected, but not provided
07-27 05:54:09.244  2922  2922 E display : VPP should be assigned to FramebufferTarget but it was failed ret(0)
07-27 05:54:09.246  3456  3456 E Minikin : addFont failed to create font /system/fonts/NanumGothic.ttf
07-27 05:54:09.246  2922  2922 E display : [PrimaryDisplay] framebuffer target expected, but not provided
07-27 05:54:09.246  3456  3456 E Minikin : addFont failed to create font /system/fonts/DroidSansFallback.ttf
07-27 05:54:09.246  3456  3456 E Minikin : addFont failed to create font /system/fonts/MTLmr3m.ttf
07-27 05:54:09.278  2922  2922 E display : VPP should be assigned to FramebufferTarget but it was failed ret(0)
07-27 05:54:09.279  2922  2922 E         : invalid gralloc handle (at 0x7fb4096700)
07-27 05:54:09.279  2922  2922 E         : Runtime and build version of gralloc private structure does not match. Errors will likely follow.
07-27 05:54:09.280  2922  2922 E display : [PrimaryDisplay] framebuffer target expected, but not provided
07-27 05:54:09.295  2922  2922 E display : VPP should be assigned to FramebufferTarget but it was failed ret(0)
07-27 05:54:09.296  2922  2922 E         : invalid gralloc handle (at 0x7fb4096690)
07-27 05:54:09.296  2922  2922 E         : Runtime and build version of gralloc private structure does not match. Errors will likely follow.
07-27 05:54:09.297  2922  2922 E display : [PrimaryDisplay] framebuffer target expected, but not provided
07-27 05:54:09.327  3456  3456 V DngCreator_JNI: DngCreator_nativeClassInit:
07-27 05:54:09.329  2922  2922 E display : VPP should be assigned to FramebufferTarget but it was failed ret(0)
07-27 05:54:09.329  2922  2922 E         : invalid gralloc handle (at 0x7fb4096620)
07-27 05:54:09.329  2922  2922 E         : Runtime and build version of gralloc private structure does not match. Errors will likely follow.
07-27 05:54:09.331  2922  2922 E display : [PrimaryDisplay] framebuffer target expected, but not provided
07-27 05:54:09.362  2922  2922 E display : VPP should be assigned to FramebufferTarget but it was failed ret(0)
07-27 05:54:09.363  2922  2922 E         : invalid gralloc handle (at 0x7fb40965b0)
07-27 05:54:09.363  2922  2922 E         : Runtime and build version of gralloc private structure does not match. Errors will likely follow.
07-27 05:54:09.365  2922  2922 E display : [PrimaryDisplay] framebuffer target expected, but not provided
07-27 05:54:09.396  2922  2922 E display : VPP should be assigned to FramebufferTarget but it was failed ret(0)
07-27 05:54:09.399  2922  2922 E display : [PrimaryDisplay] framebuffer target expected, but not provided
07-27 05:54:09.430  2922  2922 E display : VPP should be assigned to FramebufferTarget but it was failed ret(0)
07-27 05:54:09.431  2922  2922 E         : invalid gralloc handle (at 0x7fb4096700)
07-27 05:54:09.431  2922  2922 E         : Runtime and build version of gralloc private structure does not match. Errors will likely follow.
07-27 05:54:09.433  2922  2922 E display : [PrimaryDisplay] framebuffer target expected, but not provided
07-27 05:54:09.464  2922  2922 E display : VPP should be assigned to FramebufferTarget but it was failed ret(0)
07-27 05:54:09.465  2922  2922 E         : invalid gralloc handle (at 0x7fb4096690)
07-27 05:54:09.465  2922  2922 E         : Runtime and build version of gralloc private structure does not match. Errors will likely follow.
07-27 05:54:09.466  2922  2922 E display : [PrimaryDisplay] framebuffer target expected, but not provided
07-27 05:54:09.498  2922  2922 E display : VPP should be assigned to FramebufferTarget but it was failed ret(0)
07-27 05:54:09.499  2922  2922 E         : invalid gralloc handle (at 0x7fb4096620)
07-27 05:54:09.499  2922  2922 E         : Runtime and build version of gralloc private structure does not match. Errors will likely follow.
07-27 05:54:09.501  2922  2922 E display : [PrimaryDisplay] framebuffer target expected, but not provided
07-27 05:54:09.532  2922  2922 E display : VPP should be assigned to FramebufferTarget but it was failed ret(0)
07-27 05:54:09.533  2922  2922 E         : invalid gralloc handle (at 0x7fb40965b0)
07-27 05:54:09.533  2922  2922 E         : Runtime and build version of gralloc private structure does not match. Errors will likely follow.
07-27 05:54:09.534  2922  2922 E display : [PrimaryDisplay] framebuffer target expected, but not provided
07-27 05:54:09.566  2922  2922 E display : VPP should be assigned to FramebufferTarget but it was failed ret(0)
07-27 05:54:09.568  2922  2922 E display : [PrimaryDisplay] framebuffer target expected, but not provided
07-27 05:54:09.600  2922  2922 E display : VPP should be assigned to FramebufferTarget but it was failed ret(0)
07-27 05:54:09.601  2922  2922 E         : invalid gralloc handle (at 0x7fb4096700)
07-27 05:54:09.601  2922  2922 E         : Runtime and build version of gralloc private structure does not match. Errors will likely follow.
07-27 05:54:09.602  2922  2922 E display : [PrimaryDisplay] framebuffer target expected, but not provided
07-27 05:54:09.634  2922  2922 E display : VPP should be assigned to FramebufferTarget but it was failed ret(0)
07-27 05:54:09.635  2922  2922 E         : invalid gralloc handle (at 0x7fb4096690)
07-27 05:54:09.635  2922  2922 E         : Runtime and build version of gralloc private structure does not match. Errors will likely follow.
07-27 05:54:09.636  2922  2922 E display : [PrimaryDisplay] framebuffer target expected, but not provided
07-27 05:54:09.668  2922  2922 E display : VPP should be assigned to FramebufferTarget but it was failed ret(0)
07-27 05:54:09.668  2922  2922 E         : invalid gralloc handle (at 0x7fb4096620)
07-27 05:54:09.668  2922  2922 E         : Runtime and build version of gralloc private structure does not match. Errors will likely follow.
07-27 05:54:09.670  2922  2922 E display : [PrimaryDisplay] framebuffer target expected, but not provided
07-27 05:54:09.702  2922  2922 E display : VPP should be assigned to FramebufferTarget but it was failed ret(0)
07-27 05:54:09.702  2922  2922 E         : invalid gralloc handle (at 0x7fb40965b0)
07-27 05:54:09.702  2922  2922 E         : Runtime and build version of gralloc private structure does not match. Errors will likely follow.
07-27 05:54:09.704  2922  2922 E display : [PrimaryDisplay] framebuffer target expected, but not provided
07-27 05:54:09.735  2922  2922 E display : VPP should be assigned to FramebufferTarget but it was failed ret(0)
07-27 05:54:09.737  2922  2922 E display : [PrimaryDisplay] framebuffer target expected, but not provided
07-27 05:54:09.769  2922  2922 E display : VPP should be assigned to FramebufferTarget but it was failed ret(0)
07-27 05:54:09.770  2922  2922 E         : invalid gralloc handle (at 0x7fb4096700)
07-27 05:54:09.770  2922  2922 E         : Runtime and build version of gralloc private structure does not match. Errors will likely follow.
07-27 05:54:09.772  2922  2922 E display : [PrimaryDisplay] framebuffer target expected, but not provided
07-27 05:54:09.803  2922  2922 E display : VPP should be assigned to FramebufferTarget but it was failed ret(0)
07-27 05:54:09.804  2922  2922 E         : invalid gralloc handle (at 0x7fb4096690)
07-27 05:54:09.804  2922  2922 E         : Runtime and build version of gralloc private structure does not match. Errors will likely follow.
07-27 05:54:09.805  2922  2922 E display : [PrimaryDisplay] framebuffer target expected, but not provided
07-27 05:54:09.837  2922  2922 E display : VPP should be assigned to FramebufferTarget but it was failed ret(0)
07-27 05:54:09.838  2922  2922 E         : invalid gralloc handle (at 0x7fb4096620)
07-27 05:54:09.838  2922  2922 E         : Runtime and build version of gralloc private structure does not match. Errors will likely follow.
07-27 05:54:09.839  2922  2922 E display : [PrimaryDisplay] framebuffer target expected, but not provided
07-27 05:54:09.871  2922  2922 E display : VPP should be assigned to FramebufferTarget but it was failed ret(0)
07-27 05:54:09.872  2922  2922 E         : invalid gralloc handle (at 0x7fb40965b0)
07-27 05:54:09.872  2922  2922 E         : Runtime and build version of gralloc private structure does not match. Errors will likely follow.
07-27 05:54:09.873  2922  2922 E display : [PrimaryDisplay] framebuffer target expected, but not provided
07-27 05:54:09.905  2922  2922 E display : VPP should be assigned to FramebufferTarget but it was failed ret(0)
07-27 05:54:09.907  2922  2922 E display : [PrimaryDisplay] framebuffer target expected, but not provided
07-27 05:54:09.939  2922  2922 E display : VPP should be assigned to FramebufferTarget but it was failed ret(0)
07-27 05:54:09.940  2922  2922 E         : invalid gralloc handle (at 0x7fb4096700)
07-27 05:54:09.940  2922  2922 E         : Runtime and build version of gralloc private structure does not match. Errors will likely follow.
07-27 05:54:09.941  2922  2922 E display : [PrimaryDisplay] framebuffer target expected, but not provided
07-27 05:54:09.947  3456  3456 I art     : Thread[1,tid=3456,Native,Thread*=0x7f9ee3ba00,peer=0x12c532e0,"main"] recursive attempt to load library "/system/lib64/libmedia_jni.so"
07-27 05:54:09.947  3456  3456 D MtpDeviceJNI: register_android_mtp_MtpDevice
07-27 05:54:09.948  3456  3456 I art     : Thread[1,tid=3456,Native,Thread*=0x7f9ee3ba00,peer=0x12c532e0,"main"] recursive attempt to load library "/system/lib64/libmedia_jni.so"
07-27 05:54:09.948  3456  3456 I art     : Thread[1,tid=3456,Native,Thread*=0x7f9ee3ba00,peer=0x12c532e0,"main"] recursive attempt to load library "/system/lib64/libmedia_jni.so"
07-27 05:54:09.973  2922  2922 E display : VPP should be assigned to FramebufferTarget but it was failed ret(0)
07-27 05:54:09.974  2922  2922 E         : invalid gralloc handle (at 0x7fb4096690)
07-27 05:54:09.974  2922  2922 E         : Runtime and build version of gralloc private structure does not match. Errors will likely follow.
07-27 05:54:09.975  2922  2922 E display : [PrimaryDisplay] framebuffer target expected, but not provided
07-27 05:54:10.007  2922  2922 E display : VPP should be assigned to FramebufferTarget but it was failed ret(0)
07-27 05:54:10.007  2922  2922 E         : invalid gralloc handle (at 0x7fb4096620)
07-27 05:54:10.008  2922  2922 E         : Runtime and build version of gralloc private structure does not match. Errors will likely follow.
07-27 05:54:10.009  2922  2922 E display : [PrimaryDisplay] framebuffer target expected, but not provided
07-27 05:54:10.041  2922  2922 E display : VPP should be assigned to FramebufferTarget but it was failed ret(0)
07-27 05:54:10.041  2922  2922 E         : invalid gralloc handle (at 0x7fb40965b0)
07-27 05:54:10.041  2922  2922 E         : Runtime and build version of gralloc private structure does not match. Errors will likely follow.
07-27 05:54:10.043  2922  2922 E display : [PrimaryDisplay] framebuffer target expected, but not provided
07-27 05:54:10.074  2922  2922 E display : VPP should be assigned to FramebufferTarget but it was failed ret(0)
07-27 05:54:10.077  2922  2922 E display : [PrimaryDisplay] framebuffer target expected, but not provided
07-27 05:54:10.108  2922  2922 E display : VPP should be assigned to FramebufferTarget but it was failed ret(0)
07-27 05:54:10.109  2922  2922 E         : invalid gralloc handle (at 0x7fb4096700)
07-27 05:54:10.109  2922  2922 E         : Runtime and build version of gralloc private structure does not match. Errors will likely follow.
07-27 05:54:10.111  2922  2922 E display : [PrimaryDisplay] framebuffer target expected, but not provided
07-27 05:54:10.142  2922  2922 E display : VPP should be assigned to FramebufferTarget but it was failed ret(0)
07-27 05:54:10.143  2922  2922 E         : invalid gralloc handle (at 0x7fb4096690)
07-27 05:54:10.143  2922  2922 E         : Runtime and build version of gralloc private structure does not match. Errors will likely follow.
07-27 05:54:10.145  2922  2922 E display : [PrimaryDisplay] framebuffer target expected, but not provided
07-27 05:54:10.176  2922  2922 E display : VPP should be assigned to FramebufferTarget but it was failed ret(0)
07-27 05:54:10.177  2922  2922 E         : invalid gralloc handle (at 0x7fb4096620)
