11-28 17:42:38.925  3736  3736 I art     : option[14]=-agentlib:jdwp=transport=dt_android_adb,suspend=n,server=y
11-28 17:42:38.925  3736  3736 I art     : option[15]=-Xlockprofthreshold:500
11-28 17:42:38.925  3736  3736 I art     : option[16]=-Ximage-compiler-option
11-28 17:42:38.925  3736  3736 I art     : option[17]=--runtime-arg
11-28 17:42:38.925  3736  3736 I art     : option[18]=-Ximage-compiler-option
11-28 17:42:38.925  3736  3736 I art     : option[19]=-Xms64m
11-28 17:42:38.925  3736  3736 I art     : option[20]=-Ximage-compiler-option
11-28 17:42:38.925  3736  3736 I art     : option[21]=--runtime-arg
11-28 17:42:38.925  3736  3736 I art     : option[22]=-Ximage-compiler-option
11-28 17:42:38.925  3736  3736 I art     : option[23]=-Xmx64m
11-28 17:42:38.925  3736  3736 I art     : option[24]=-Ximage-compiler-option
11-28 17:42:38.925  3736  3736 I art     : option[25]=--compiler-filter=verify-at-runtime
11-28 17:42:38.925  3736  3736 I art     : option[26]=-Ximage-compiler-option
11-28 17:42:38.925  3736  3736 I art     : option[27]=--image-classes=/system/etc/preloaded-classes
11-28 17:42:38.925  3736  3736 I art     : option[28]=-Xcompiler-option
11-28 17:42:38.925  3736  3736 I art     : option[29]=--runtime-arg
11-28 17:42:38.925  3736  3736 I art     : option[30]=-Xcompiler-option
11-28 17:42:38.925  3736  3736 I art     : option[31]=-Xms64m
11-28 17:42:38.925  3736  3736 I art     : option[32]=-Xcompiler-option
11-28 17:42:38.925  3736  3736 I art     : option[33]=--runtime-arg
11-28 17:42:38.925  3736  3736 I art     : option[34]=-Xcompiler-option
11-28 17:42:38.925  3736  3736 I art     : option[35]=-Xmx512m
11-28 17:42:38.925  3736  3736 I art     : option[36]=-Xcompiler-option
11-28 17:42:38.925  3736  3736 I art     : option[37]=--compiler-filter=verify-at-runtime
11-28 17:42:38.925  3736  3736 I art     : option[38]=-Ximage-compiler-option
11-28 17:42:38.925  3736  3736 I art     : option[39]=--instruction-set-variant=generic
11-28 17:42:38.925  3736  3736 I art     : option[40]=-Xcompiler-option
11-28 17:42:38.925  3736  3736 I art     : option[41]=--instruction-set-variant=generic
11-28 17:42:38.925  3736  3736 I art     : option[42]=-Ximage-compiler-option
11-28 17:42:38.925  3736  3736 I art     : option[43]=--instruction-set-features=default
11-28 17:42:38.925  3736  3736 I art     : option[44]=-Xcompiler-option
11-28 17:42:38.925  3736  3736 I art     : option[45]=--instruction-set-features=default
11-28 17:42:38.925  3736  3736 I art     : option[46]=-Duser.locale=en-US
11-28 17:42:38.925  3736  3736 I art     : option[47]=--cpu-abilist=arm64-v8a,armeabi
11-28 17:42:38.925  3736  3736 I art     : option[48]=-Xfingerprint:samsung/cm_hero2ltexx/hero2ltexx:6.0.1/MOB31K/2397aefd48:eng/test-keys
11-28 17:42:38.930  3741  3741 V NatController: runCmd(/system/bin/iptables -w -F natctrl_FORWARD) res=0
11-28 17:42:38.935  3741  3741 V NatController: runCmd(/system/bin/iptables -w -A natctrl_FORWARD -j DROP) res=0
11-28 17:42:38.939  3741  3741 V NatController: runCmd(/system/bin/iptables -w -t nat -F natctrl_nat_POSTROUTING) res=0
11-28 17:42:38.943  3741  3741 V NatController: runCmd(/system/bin/iptables -w -F natctrl_tether_counters) res=0
11-28 17:42:38.947  3741  3741 V NatController: runCmd(/system/bin/iptables -w -X natctrl_tether_counters) res=0
11-28 17:42:38.951  3741  3741 V NatController: runCmd(/system/bin/iptables -w -N natctrl_tether_counters) res=0
11-28 17:42:38.955  3741  3741 V NatController: runCmd(/system/bin/iptables -w -t mangle -A natctrl_mangle_FORWARD -p tcp --tcp-flags SYN SYN -j TCPMSS --clamp-mss-to-pmtu) res=0
11-28 17:42:39.006  3736  3736 D ICU     : No timezone override file found: /data/misc/zoneinfo/current/icu/icu_tzdata.dat
11-28 17:42:39.102  3736  3736 I Radio-JNI: register_android_hardware_Radio DONE
11-28 17:42:39.108  3736  3736 I SamplingProfilerIntegration: Profiling disabled.
11-28 17:42:39.109  3736  3736 D Zygote  : begin preload
11-28 17:42:39.109  3736  3736 I Zygote  : Preloading classes...
11-28 17:42:39.195  3741  3741 E Netd    : cannot find interface dummy0
11-28 17:42:39.195  3741  3741 D MDnsDS  : MDnsSdListener::Hander starting up
11-28 17:42:39.195  3741  4006 D MDnsDS  : MDnsSdListener starting to monitor
11-28 17:42:39.195  3741  4006 D MDnsDS  : Going to poll with pollCount 1
11-28 17:42:39.226  3736  3736 E Minikin : addFont failed to create font /system/fonts/NanumGothic.ttf
11-28 17:42:39.227  3736  3736 E Minikin : addFont failed to create font /system/fonts/DroidSansFallback.ttf
11-28 17:42:39.227  3736  3736 E Minikin : addFont failed to create font /system/fonts/MTLmr3m.ttf
11-28 17:42:39.330  3736  3736 V DngCreator_JNI: DngCreator_nativeClassInit:
11-28 17:42:39.499  3736  3736 I art     : Thread[1,tid=3736,Native,Thread*=0x7f860fba00,peer=0x12c2d100,"main"] recursive attempt to load library "/system/lib64/libmedia_jni.so"
11-28 17:42:39.499  3736  3736 D MtpDeviceJNI: register_android_mtp_MtpDevice
11-28 17:42:39.500  3736  3736 I art     : Thread[1,tid=3736,Native,Thread*=0x7f860fba00,peer=0x12c2d100,"main"] recursive attempt to load library "/system/lib64/libmedia_jni.so"
11-28 17:42:39.500  3736  3736 I art     : Thread[1,tid=3736,Native,Thread*=0x7f860fba00,peer=0x12c2d100,"main"] recursive attempt to load library "/system/lib64/libmedia_jni.so"
11-28 17:42:39.667  3736  3736 W System  : ClassLoader referenced unknown path: /system/framework/tcmclient.jar
11-28 17:42:39.837  3736  3736 I System  : Loaded time zone names for "" in 62ms (61ms in ICU)
11-28 17:42:39.879  3736  3736 I System  : Loaded time zone names for "en_US" in 42ms (38ms in ICU)
11-28 17:42:39.902  3736  3736 I Zygote  : ...preloaded 3831 classes in 793ms.
11-28 17:42:39.902  3736  3736 I art     : VMRuntime.preloadDexCaches starting
11-28 17:42:40.049  3736  3736 I art     : VMRuntime.preloadDexCaches strings total=249480 before=44901 after=44901
11-28 17:42:40.049  3736  3736 I art     : VMRuntime.preloadDexCaches types total=20343 before=6892 after=6923
11-28 17:42:40.049  3736  3736 I art     : VMRuntime.preloadDexCaches fields total=100632 before=36118 after=36550
11-28 17:42:40.049  3736  3736 I art     : VMRuntime.preloadDexCaches methods total=172964 before=71279 after=71806
11-28 17:42:40.049  3736  3736 I art     : VMRuntime.preloadDexCaches finished
11-28 17:42:40.095  4010  4010 D idmap   : error: no read access to /vendor/overlay: No such file or directory
11-28 17:42:40.100  3736  3736 I Zygote  : Preloading resources...
11-28 17:42:41.212  3736  3736 I Zygote  : ...preloaded 342 resources in 1112ms.
11-28 17:42:41.221  3736  3736 I Zygote  : ...preloaded 41 resources in 9ms.
11-28 17:42:41.249  3736  3736 D libEGL  : loaded /vendor/lib64/egl/libGLES_mali.so
11-28 17:42:41.276  3736  3736 I Zygote  : Preloading shared libraries...
11-28 17:42:41.283  3736  3736 D Zygote  : end preload
11-28 17:42:41.283  3736  3736 I art     : Starting a blocking GC Explicit
11-28 17:42:41.317  3736  3736 I art     : Explicit concurrent mark sweep GC freed 11318(457KB) AllocSpace objects, 0(0B) LOS objects, 38% free, 25MB/41MB, paused 161us total 27.195ms
11-28 17:42:41.317  3736  3736 I art     : Starting a blocking GC Explicit
11-28 17:42:41.339  3736  3736 I art     : Explicit concurrent mark sweep GC freed 2477(117KB) AllocSpace objects, 0(0B) LOS objects, 38% free, 25MB/41MB, paused 141us total 21.758ms
11-28 17:42:41.340  3736  3958 I art     : Starting a blocking GC HeapTrim
11-28 17:42:41.352  3736  3736 I art     : Starting a blocking GC Background
11-28 17:42:41.421  3736  3736 I Zygote  : System server process 4013 has been created
11-28 17:42:41.422  3736  3736 I Zygote  : Accepting command socket connections
11-28 17:42:41.444  4013  4013 I Zygote  : Process: zygote socket opened, supported ABIS: armeabi-v7a,armeabi
11-28 17:42:41.446  4013  4013 I InstallerConnection: connecting...
11-28 17:42:41.446  2977  2977 I installd: new connection
11-28 17:42:41.449  4013  4013 I InstallerConnection: disconnecting...
11-28 17:42:41.449  2977  2977 E installd: eof
11-28 17:42:41.449  2977  2977 E installd: failed to read size
11-28 17:42:41.449  2977  2977 I installd: closing connection
11-28 17:42:41.471  4013  4013 I SystemServer: Entered the Android system server!
11-28 17:42:41.545  4013  4013 I SystemServiceManager: Starting com.android.server.pm.Installer
11-28 17:42:41.545  4013  4013 I Installer: Waiting for installd to be ready.
11-28 17:42:41.545  4013  4013 I InstallerConnection: connecting...
11-28 17:42:41.546  2977  2977 I installd: new connection
11-28 17:42:41.546  4013  4013 I SystemServiceManager: Starting com.android.server.am.ActivityManagerService$Lifecycle
11-28 17:42:41.568  4013  4013 I ActivityManager: choosing minFree values for 64 Bit
11-28 17:42:41.568  4013  4013 I ActivityManager: choosing minFree values for 64 Bit
11-28 17:42:41.568  4013  4013 I ActivityManager: choosing minFree values for 64 Bit
11-28 17:42:41.568  4013  4013 I ActivityManager: choosing minFree values for 64 Bit
11-28 17:42:41.568  4013  4013 I ActivityManager: choosing minFree values for 64 Bit
11-28 17:42:41.568  4013  4013 I ActivityManager: choosing minFree values for 64 Bit
11-28 17:42:41.571  4013  4013 I ActivityManager: Memory class: 288
11-28 17:42:41.573  4013  4027 I ServiceThread: Enabled StrictMode logging for ActivityManager looper.
11-28 17:42:41.575  4013  4028 I ServiceThread: Enabled StrictMode logging for android.ui looper.
11-28 17:42:41.589  4013  4013 D BatteryStatsImpl: Reading daily items from /data/system/batterystats-daily.xml
11-28 17:42:41.606  4013  4013 I AppOps  : No existing app ops /data/system/appops.xml; starting empty
11-28 17:42:41.705  4013  4013 I IntentFirewall: Read new rules (A:0 B:0 S:0)
11-28 17:42:41.710  4013  4032 I ServiceThread: Enabled StrictMode logging for android.display looper.
11-28 17:42:41.718  4013  4013 D AppOps  : AppOpsService published
11-28 17:42:41.718  4013  4013 I SystemServiceManager: Starting com.android.server.power.PowerManagerService
11-28 17:42:41.720  4013  4034 I ServiceThread: Enabled StrictMode logging for PowerManagerService looper.
11-28 17:42:41.721  4013  4013 W libsuspend: Error writing 'on' to /sys/power/state: Invalid argument
11-28 17:42:41.722  4013  4013 I libsuspend: Selected wakeup count
11-28 17:42:41.724  4013  4013 I SystemServiceManager: Starting com.android.server.lights.LightsService
11-28 17:42:41.734  4013  4013 I SystemServiceManager: Starting com.android.server.display.DisplayManagerService
11-28 17:42:41.741  2933  2946 E SurfaceFlinger: getDefaultDisplay: id=2 is not a valid default display id
11-28 17:42:41.743  4013  4032 I DisplayManagerService: Display device added: DisplayDeviceInfo{"Built-in Screen": uniqueId="local:0", 1440 x 2560, modeId 1, defaultModeId 1, supportedModes [{id=1, width=1440, height=2560, fps=59.312}], colorTransformId 1, defaultColorTransformId 1, supportedColorTransforms [{id=1, colorTransform=0}], density 640, 537.8823 x 532.9836 dpi, appVsyncOff 0, presDeadline 17859994, touch INTERNAL, rotation 0, type BUILT_IN, state UNKNOWN, FLAG_DEFAULT_DISPLAY, FLAG_ROTATES_WITH_CONTENT, FLAG_SECURE, FLAG_SUPPORTS_PROTECTED_BUFFERS}
11-28 17:42:41.744  2933  2933 D SurfaceFlinger: Set power mode=2, type=0 flinger=0x7fa78c3c00
11-28 17:42:41.744  2933  2933 D SurfaceFlinger: Screen type=0 is already mode=2
11-28 17:42:41.748  4013  4032 I DisplayManagerService: Display device changed state: "Built-in Screen", ON
11-28 17:42:41.749  4013  4013 I SystemServiceManager: Starting phase 100
11-28 17:42:41.749  4013  4013 I SystemServer: Package Manager
11-28 17:42:41.755  4013  4013 W SELinuxMMAC: Error opening /data/system/seapp_hash. Assuming first boot.
11-28 17:42:41.855  4013  4013 D SELinuxMMAC: Using policy file /system/etc/security/mac_permissions.xml
11-28 17:42:42.073  4013  4013 E art     : DexFile_getDexOptNeeded file '/system/framework/org.apache.http.legacy.jar' does not exist
11-28 17:42:42.074  4013  4013 W PackageManager: Library not found: /system/framework/org.apache.http.legacy.jar
11-28 17:42:42.074  4013  4013 E art     : DexFile_getDexOptNeeded file '/system/framework/com.android.nfc_extras.jar' does not exist
11-28 17:42:42.074  4013  4013 W PackageManager: Library not found: /system/framework/com.android.nfc_extras.jar
11-28 17:42:42.077  4013  4013 E art     : DexFile_getDexOptNeeded file '/system/framework/org.apache.http.legacy.jar' does not exist
11-28 17:42:42.077  4013  4013 W PackageManager: Library not found: /system/framework/org.apache.http.legacy.jar
11-28 17:42:42.077  4013  4013 E art     : DexFile_getDexOptNeeded file '/system/framework/com.android.nfc_extras.jar' does not exist
11-28 17:42:42.077  4013  4013 W PackageManager: Library not found: /system/framework/com.android.nfc_extras.jar
11-28 17:42:42.120  4013  4013 D PackageManager: No files in app dir /vendor/overlay
11-28 17:42:42.121  4013  4013 D PackageManager: start scanDirLI:/system/framework
11-28 17:42:42.121  4013  4013 D PackageManager: max thread:6
11-28 17:42:42.141  4013  4040 W PackageManager: Failed to parse /system/framework/arm64: Missing base APK in /system/framework/arm64
11-28 17:42:42.142  4013  4042 W PackageManager: Failed to parse /system/framework/oat: Missing base APK in /system/framework/oat
11-28 17:42:42.143  4013  4039 W PackageManager: Failed to parse /system/framework/arm: Missing base APK in /system/framework/arm
11-28 17:42:42.214  4013  4043 I PackageManager: SELinux relabeling of cyanogenmod.platform issued.
11-28 17:42:42.222  4013  4043 W PackageManager: Permission cyanogenmod.permission.WRITE_ALARMS from package cyanogenmod.platform in an unknown group android.permission-group.SYSTEM_CLOCK
11-28 17:42:42.222  4013  4043 W PackageManager: Permission cyanogenmod.permission.MANAGE_ALARMS from package cyanogenmod.platform in an unknown group android.permission-group.SYSTEM_CLOCK
11-28 17:42:42.222  4013  4043 W PackageManager: Permission cyanogenmod.permission.READ_ALARMS from package cyanogenmod.platform in an unknown group android.permission-group.SYSTEM_CLOCK
11-28 17:42:42.584  4013  4041 W PackageManager: Permission android.permission.SET_KEYGUARD_WALLPAPER from package android in an unknown group android.permission-group.WALLPAPER
11-28 17:42:42.584  4013  4041 W PackageManager: Permission android.permission.MODIFY_PROTECTED_SMS_LIST from package android in an unknown group android.permission-group.MESSAGES
11-28 17:42:42.584  4013  4041 W PackageManager: Permission android.permission.RECEIVE_PROTECTED_SMS from package android in an unknown group android.permission-group.MESSAGES
11-28 17:42:42.584  4013  4041 W PackageManager: Permission android.permission.RESET_BATTERY_STATS from package android in an unknown group android.permission-group.SYSTEM_TOOLS
11-28 17:42:42.585  4013  4013 D PackageManager: end scanDirLI:/system/framework
11-28 17:42:42.586  4013  4013 D PackageManager: start scanDirLI:/system/priv-app
11-28 17:42:42.586  4013  4013 D PackageManager: max thread:6
11-28 17:42:42.630  4013  4040 I PackageManager: SELinux relabeling of com.android.backupconfirm issued.
11-28 17:42:42.658  4013  4039 I PackageManager: SELinux relabeling of org.cyanogenmod.cmsettings issued.
11-28 17:42:42.684  4013  4042 I PackageManager: SELinux relabeling of org.cyanogenmod.cmaudio.service issued.
11-28 17:42:42.826  4013  4041 I PackageManager: SELinux relabeling of com.android.providers.calendar issued.
11-28 17:42:42.826  4013  4043 I PackageManager: SELinux relabeling of com.cyanogenmod.updater issued.
11-28 17:42:42.833  4013  4039 I PackageManager: SELinux relabeling of com.android.calllogbackup issued.
11-28 17:42:42.852  4013  4044 I PackageManager: SELinux relabeling of org.cyanogenmod.audiofx issued.
11-28 17:42:42.861  4013  4042 I PackageManager: SELinux relabeling of com.android.cellbroadcastreceiver issued.
11-28 17:42:42.961  4013  4041 W PackageParser: No actions in intent filter at /system/priv-app/Contacts/Contacts.apk Binary XML file line #301
11-28 17:42:43.031  4013  4039 I PackageManager: SELinux relabeling of com.android.providers.contacts issued.
11-28 17:42:43.068  4013  4044 I PackageManager: SELinux relabeling of org.cyanogenmod.providers.datausage issued.
11-28 17:42:43.085  4013  4042 I PackageManager: SELinux relabeling of com.android.defcontainer issued.
11-28 17:42:43.092  4013  4040 I PackageManager: SELinux relabeling of com.android.carrierconfig issued.
11-28 17:42:43.188  4013  4042 I PackageManager: SELinux relabeling of com.android.externalstorage issued.
11-28 17:42:43.197  4013  4039 W PackageParser: No actions in intent filter at /system/priv-app/Dialer/Dialer.apk Binary XML file line #152
11-28 17:42:43.226  4013  4044 I PackageManager: SELinux relabeling of com.android.providers.downloads issued.
11-28 17:42:43.293  4013  4044 W PackageManager: Permission android.permission.DOWNLOAD_WITHOUT_NOTIFICATION from package com.android.providers.downloads in an unknown group android.permission-group.NETWORK
11-28 17:42:43.301  4013  4040 I PackageManager: SELinux relabeling of com.android.location.fused issued.
11-28 17:42:43.400  4013  4023 I art     : Background sticky concurrent mark sweep GC freed 158935(11MB) AllocSpace objects, 119(5MB) LOS objects, 22% free, 32MB/41MB, paused 2.208ms total 474.120ms
11-28 17:42:43.405  4013  4042 I PackageManager: SELinux relabeling of com.android.inputdevices issued.
11-28 17:42:43.423  4013  4044 I PackageManager: SELinux relabeling of org.cyanogenmod.livelockscreen.service issued.
11-28 17:42:43.521  4013  4040 I PackageManager: SELinux relabeling of com.android.managedprovisioning issued.
11-28 17:42:43.528  4013  4042 I PackageManager: SELinux relabeling of com.android.providers.media issued.
11-28 17:42:43.553  4013  4044 I PackageManager: SELinux relabeling of com.android.mms.service issued.
11-28 17:42:43.641  4013  4042 I PackageManager: SELinux relabeling of com.android.proxyhandler issued.
11-28 17:42:43.653  4013  4040 I PackageManager: SELinux relabeling of com.android.onetimeinitializer issued.
11-28 17:42:43.761  4013  4040 I PackageManager: SELinux relabeling of org.cyanogenmod.screencast issued.
11-28 17:42:43.902  4013  4040 I PackageManager: SELinux relabeling of com.android.providers.settings issued.
11-28 17:42:43.989  4013  4044 I PackageManager: SELinux relabeling of com.android.packageinstaller issued.
11-28 17:42:44.098  4013  4040 I PackageManager: SELinux relabeling of com.android.sharedstoragebackup issued.
11-28 17:42:44.187  4013  4044 I PackageManager: SELinux relabeling of com.android.shell issued.
11-28 17:42:44.221  4013  4043 I PackageManager: SELinux relabeling of com.cyanogenmod.setupwizard issued.
11-28 17:42:44.226  4013  4040 I PackageManager: SELinux relabeling of com.android.statementservice issued.
11-28 17:42:44.366  4013  4040 W PackageParser: Ignoring duplicate uses-permissions/uses-permissions-sdk-m: android.permission.ACCESS_WIFI_STATE in package: com.android.phone at: Binary XML file line #134
11-28 17:42:44.418  4013  4041 I PackageManager: SELinux relabeling of com.android.contacts issued.
11-28 17:42:44.435  4013  4043 I PackageManager: SELinux relabeling of com.android.server.telecom issued.
11-28 17:42:44.607  4013  4043 I PackageManager: SELinux relabeling of com.android.providers.telephony issued.
11-28 17:42:44.648  4013  4040 I PackageManager: SELinux relabeling of com.android.phone issued.
11-28 17:42:44.774  4013  4043 I PackageManager: SELinux relabeling of org.cyanogenmod.themeservice issued.
11-28 17:42:44.846  4013  4041 I PackageManager: SELinux relabeling of org.cyanogenmod.theme.chooser2 issued.
11-28 17:42:44.857  4013  4040 I PackageManager: SELinux relabeling of org.cyanogenmod.themes.provider issued.
11-28 17:42:44.928  4013  4023 I art     : Background partial concurrent mark sweep GC freed 140903(9MB) AllocSpace objects, 65(3MB) LOS objects, 30% free, 36MB/52MB, paused 2.310ms total 756.603ms
11-28 17:42:44.937  4013  4040 I PackageManager: SELinux relabeling of com.android.wallpapercropper issued.
11-28 17:42:44.958  4013  4039 I PackageManager: SELinux relabeling of com.android.dialer issued.
11-28 17:42:45.004  4013  4041 I PackageManager: SELinux relabeling of com.android.vpndialogs issued.
11-28 17:42:45.156  4013  4039 I PackageManager: SELinux relabeling of org.cyanogenmod.weatherservice issued.
11-28 17:42:45.160  4013  4043 I PackageManager: SELinux relabeling of com.cyanogenmod.trebuchet issued.
11-28 17:42:45.165  4013  4040 I PackageManager: SELinux relabeling of org.cyanogenmod.weather.provider issued.
11-28 17:42:45.197  4013  4043 W PackageManager: Permission com.android.launcher.permission.INSTALL_SHORTCUT from package com.cyanogenmod.trebuchet in an unknown group android.permission-group.SYSTEM_TOOLS
11-28 17:42:45.197  4013  4043 W PackageManager: Permission com.android.launcher3.permission.READ_SETTINGS from package com.cyanogenmod.trebuchet in an unknown group android.permission-group.SYSTEM_TOOLS
11-28 17:42:45.197  4013  4043 W PackageManager: Permission com.android.launcher3.permission.WRITE_SETTINGS from package com.cyanogenmod.trebuchet in an unknown group android.permission-group.SYSTEM_TOOLS
11-28 17:42:45.237  4013  4044 I PackageManager: SELinux relabeling of com.android.systemui issued.
11-28 17:42:45.414  4013  4042 I PackageManager: SELinux relabeling of com.android.settings issued.
11-28 17:42:45.446  4013  4013 D PackageManager: end scanDirLI:/system/priv-app
11-28 17:42:45.446  4013  4013 D PackageManager: start scanDirLI:/system/app
11-28 17:42:45.446  4013  4013 D PackageManager: max thread:6
11-28 17:42:45.513  4013  4044 W PackageParser: No actions in intent filter at /system/app/CMFileManager/CMFileManager.apk Binary XML file line #164
11-28 17:42:45.530  4013  4039 W PackageParser: No actions in intent filter at /system/app/Bluetooth/Bluetooth.apk Binary XML file line #235
11-28 17:42:45.534  4013  4043 I PackageManager: SELinux relabeling of com.android.bluetoothmidiservice issued.
11-28 17:42:45.542  4013  4041 I PackageManager: SELinux relabeling of com.android.dreams.basic issued.
11-28 17:42:45.644  4013  4042 I PackageManager: SELinux relabeling of com.cyanogenmod.wallpapers issued.
11-28 17:42:45.645  4013  4039 I PackageManager: SELinux relabeling of com.android.bluetooth issued.
11-28 17:42:45.750  4013  4044 I PackageManager: SELinux relabeling of com.cyanogenmod.filemanager issued.
11-28 17:42:45.767  4013  4042 I PackageManager: SELinux relabeling of com.android.captiveportallogin issued.
11-28 17:42:45.770  4013  4039 I PackageManager: SELinux relabeling of com.android.certinstaller issued.
11-28 17:42:45.850  4013  4040 I PackageManager: SELinux relabeling of com.android.browser issued.
11-28 17:42:45.974  4013  4042 I PackageManager: SELinux relabeling of com.android.development issued.
11-28 17:42:45.980  4013  4043 I PackageManager: SELinux relabeling of com.android.calendar issued.
11-28 17:42:46.030  4013  4040 I PackageManager: SELinux relabeling of com.android.providers.downloads.ui issued.
11-28 17:42:46.069  4013  4039 I PackageManager: SELinux relabeling of com.android.documentsui issued.
11-28 17:42:46.137  4013  4040 I PackageManager: SELinux relabeling of com.android.calculator2 issued.
11-28 17:42:46.141  4013  4041 I PackageManager: SELinux relabeling of com.android.camera2 issued.
11-28 17:42:46.236  4013  4039 I PackageManager: SELinux relabeling of com.android.exchange issued.
11-28 17:42:46.268  4013  4042 I PackageManager: SELinux relabeling of com.cyanogenmod.eleven issued.
11-28 17:42:46.319  4013  4041 I PackageManager: SELinux relabeling of com.android.galaxy4 issued.
11-28 17:42:46.339  4013  4040 W PackageParser: Unknown element under <application>: permission at /system/app/Gallery2/Gallery2.apk Binary XML file line #279
11-28 17:42:46.339  4013  4040 W PackageParser: Unknown element under <application>: permission at /system/app/Gallery2/Gallery2.apk Binary XML file line #282
11-28 17:42:46.372  4013  4039 I PackageManager: SELinux relabeling of com.android.htmlviewer issued.
11-28 17:42:46.375  4013  4044 I PackageManager: SELinux relabeling of com.android.deskclock issued.
11-28 17:42:46.508  4013  4041 I PackageManager: SELinux relabeling of com.android.wallpaper.holospiral issued.
11-28 17:42:46.552  4013  4039 I PackageManager: SELinux relabeling of com.android.keychain issued.
11-28 17:42:46.683  4013  4041 I PackageManager: SELinux relabeling of com.android.wallpaper issued.
11-28 17:42:46.734  4013  4039 I PackageManager: SELinux relabeling of com.android.wallpaper.livepicker issued.
11-28 17:42:46.922  4013  4043 I PackageManager: SELinux relabeling of com.android.email issued.
11-28 17:42:46.932  4013  4039 I PackageManager: SELinux relabeling of com.android.noisefield issued.
11-28 17:42:46.984  4013  4040 I PackageManager: SELinux relabeling of com.android.gallery3d issued.
11-28 17:42:47.054  4013  4039 I PackageManager: SELinux relabeling of com.android.pacprocessor issued.
11-28 17:42:47.066  4013  4041 I PackageManager: SELinux relabeling of com.cyanogenmod.lockclock issued.
11-28 17:42:47.175  4013  4043 I PackageManager: SELinux relabeling of com.android.phasebeam issued.
11-28 17:42:47.180  4013  4042 I PackageManager: SELinux relabeling of org.cyanogenmod.hexolibre issued.
11-28 17:42:47.217  4013  4041 I PackageManager: SELinux relabeling of com.svox.pico issued.
11-28 17:42:47.226  4013  4039 I PackageManager: SELinux relabeling of com.android.dreams.phototable issued.
11-28 17:42:47.292  4013  4040 I PackageManager: SELinux relabeling of org.cyanogenmod.wallpapers.photophase issued.
11-28 17:42:47.350  4013  4043 I PackageManager: SELinux relabeling of com.android.printspooler issued.
11-28 17:42:47.355  4013  4039 I PackageManager: SELinux relabeling of com.android.provision issued.
11-28 17:42:47.358  4013  4042 I PackageManager: SELinux relabeling of org.cyanogenmod.profiles issued.
11-28 17:42:47.383  4013  4041 I PackageManager: SELinux relabeling of com.gd.mobicore.pa issued.
11-28 17:42:47.510  4013  4023 I art     : Background sticky concurrent mark sweep GC freed 229791(15MB) AllocSpace objects, 135(5MB) LOS objects, 17% free, 43MB/52MB, paused 14.550ms total 1.075s
11-28 17:42:47.514  4013  4041 I PackageManager: SELinux relabeling of com.android.providers.userdictionary issued.
11-28 17:42:47.554  4013  4040 I PackageManager: SELinux relabeling of com.cyanogenmod.samsungservicemode issued.
11-28 17:42:47.560  4013  4043 I PackageManager: SELinux relabeling of com.android.terminal issued.
11-28 17:42:47.564  4013  4042 I PackageManager: SELinux relabeling of com.android.soundrecorder issued.
11-28 17:42:47.582  4013  4039 I PackageManager: SELinux relabeling of com.android.stk issued.
11-28 17:42:47.625  4013  4041 W PackageManager: Failed to parse /system/app/mcRegistry: Missing base APK in /system/app/mcRegistry
11-28 17:42:47.653  4013  4040 I PackageManager: SELinux relabeling of com.android.smspush issued.
11-28 17:42:47.716  4013  4043 I PackageManager: SELinux relabeling of com.android.frameworks.telresources issued.
11-28 17:42:47.744  4013  4042 I PackageManager: SELinux relabeling of org.cyanogenmod.wallpaperpicker issued.
11-28 17:42:47.791  4013  4039 I PackageManager: SELinux relabeling of com.android.webview issued.
11-28 17:42:47.887  4013  4044 I PackageManager: SELinux relabeling of com.android.inputmethod.latin issued.
11-28 17:42:48.164  4013  4041 I PackageManager: SELinux relabeling of com.android.messaging issued.
11-28 17:42:48.201  4013  4013 D PackageManager: end scanDirLI:/system/app
11-28 17:42:48.216  4013  4013 D PackageManager: No files in app dir /system/vendor/app
11-28 17:42:48.216  4013  4013 D PackageManager: No files in app dir /oem/app
11-28 17:42:48.216  4013  4013 D PackageManager: No files in app dir /vendor/bundled-app
11-28 17:42:48.218  4013  4013 D PackageManager: No files in app dir /data/app
11-28 17:42:48.218  4013  4013 D PackageManager: No files in app dir /data/app-private
11-28 17:42:48.218  4013  4013 W PackageManager: Package com.android.dialer desires unavailable shared library com.qualcomm.qti.smartsearch; ignoring!
11-28 17:42:48.218  4013  4013 W PackageManager: Package com.android.gallery3d desires unavailable shared library com.google.android.media.effects; ignoring!
11-28 17:42:48.218  4013  4013 W PackageManager: Package com.android.gallery3d desires unavailable shared library com.google.android.media.effects; ignoring!
11-28 17:42:48.221  4013  4013 I PackageManager: Adjusting ABI for : com.android.location.fused to arm64-v8a
11-28 17:42:48.222  4013  4013 I PackageManager: Adjusting ABI for : com.android.keychain to arm64-v8a
11-28 17:42:48.223  4013  4013 I PackageManager: Adjusting ABI for : com.cyanogenmod.setupwizard to arm64-v8a
11-28 17:42:48.223  4013  4013 I PackageManager: Adjusting ABI for : org.cyanogenmod.providers.datausage to arm64-v8a
11-28 17:42:48.224  4013  4013 I PackageManager: Adjusting ABI for : com.android.inputdevices to arm64-v8a
11-28 17:42:48.225  4013  4013 I PackageManager: Adjusting ABI for : cyanogenmod.platform to arm64-v8a
11-28 17:42:48.225  2977  2977 E installd: invalid apk path '/system/framework/org.cyanogenmod.platform-res.apk' (bad prefix)
11-28 17:42:48.225  4013  4013 I PackageManager: Adjusting ABI for : com.android.development to arm64-v8a
11-28 17:42:48.226  4013  4013 I PackageManager: Adjusting ABI for : com.android.server.telecom to arm64-v8a
11-28 17:42:48.226  4013  4013 I PackageManager: Adjusting ABI for : com.android.providers.settings to arm64-v8a
11-28 17:42:48.227  4013  4013 I PackageManager: Adjusting ABI for : com.android.settings to arm64-v8a
11-28 17:42:48.227  4013  4013 I PackageManager: Adjusting ABI for : org.cyanogenmod.cmsettings to arm64-v8a
11-28 17:42:48.228  4013  4013 I PackageManager: Time to scan packages: 6.158 seconds
11-28 17:42:48.229  4013  4013 W PackageManager: Unknown permission com.google.android.googleapps.permission.GOOGLE_AUTH in package com.android.providers.calendar
11-28 17:42:48.229  4013  4013 W PackageManager: Unknown permission com.google.android.googleapps.permission.GOOGLE_AUTH.cl in package com.android.providers.calendar
11-28 17:42:48.229  4013  4013 W PackageManager: Not granting permission android.permission.REAL_GET_TASKS to package org.cyanogenmod.wallpapers.photophase (protectionLevel=18 flags=0x3818be45)
11-28 17:42:48.229  4013  4013 W PackageManager: Unknown permission android.permission.CANCEL_NOTIFICATIONS in package org.cyanogenmod.theme.chooser2
11-28 17:42:48.230  4013  4013 W PackageManager: Unknown permission com.cyanogen.ambient.permission.BIND_CALLER_INFO in package com.android.messaging
11-28 17:42:48.230  4013  4013 W PackageManager: Unknown permission com.cyanogen.ambient.permission.BIND_RIDEINPROGRESS_SERVICE in package com.android.messaging
11-28 17:42:48.230  4013  4013 W PackageManager: Unknown permission com.cyanogen.ambient.permission.BIND_RIDESHARING_SERVICE in package com.android.messaging
11-28 17:42:48.230  4013  4013 W PackageManager: Not granting permission android.permission.ACCESS_DOWNLOAD_MANAGER to package com.android.browser (protectionLevel=18 flags=0x3849be45)
11-28 17:42:48.230  4013  4013 W PackageManager: Not granting permission android.permission.SEND_DOWNLOAD_COMPLETED_INTENTS to package com.android.browser (protectionLevel=2 flags=0x3849be45)
11-28 17:42:48.230  4013  4013 W PackageManager: Unknown permission com.cyngn.stats.SEND_ANALYTICS in package com.cyanogenmod.setupwizard
11-28 17:42:48.230  4013  4013 W PackageManager: Unknown permission com.cyanogen.permission.REQUEST_KILL_SWITCH_OP in package com.cyanogenmod.setupwizard
11-28 17:42:48.230  4013  4013 W PackageManager: Unknown permission com.cyanogen.ambient.permission.BIND_INCALL_SERVICE in package com.android.contacts
11-28 17:42:48.230  4013  4013 W PackageManager: Unknown permission com.cyanogen.ambient.permission.PLUGIN_STATUS_CHANGED in package com.android.contacts
11-28 17:42:48.230  4013  4013 W PackageManager: Unknown permission com.cyanogen.ambient.permission.BIND_CALLER_INFO in package com.android.contacts
11-28 17:42:48.231  4013  4013 W PackageManager: Unknown permission com.google.android.googleapps.permission.GOOGLE_AUTH.mail in package com.android.calendar
11-28 17:42:48.231  4013  4013 W PackageManager: Unknown permission com.android.launcher.permission.READ_SETTINGS in package com.android.onetimeinitializer
11-28 17:42:48.231  4013  4013 W PackageManager: Unknown permission com.android.launcher.permission.WRITE_SETTINGS in package com.android.onetimeinitializer
11-28 17:42:48.231  4013  4013 W PackageManager: Unknown permission com.cyanogen.ambient.permission.BIND_INCALL_SERVICE in package com.android.dialer
11-28 17:42:48.231  4013  4013 W PackageManager: Unknown permission com.cyanogen.ambient.permission.PLUGIN_STATUS_CHANGED in package com.android.dialer
11-28 17:42:48.231  4013  4013 W PackageManager: Unknown permission com.cyanogen.ambient.permission.PUBLISH_DISCOVERY_NUDGE in package com.android.dialer
11-28 17:42:48.231  4013  4013 W PackageManager: Unknown permission com.cyanogen.ambient.permission.BIND_DEEPLINK_SERVICE in package com.android.dialer
11-28 17:42:48.231  4013  4013 W PackageManager: Unknown permission com.cyanogen.ambient.permission.READ_DEEPLINK_DATABASE in package com.android.dialer
11-28 17:42:48.231  4013  4013 W PackageManager: Unknown permission com.cyanogen.ambient.permission.BIND_CALLER_INFO in package com.android.dialer
11-28 17:42:48.231  4013  4013 W PackageManager: Unknown permission com.android.launcher.permission.READ_SETTINGS in package com.cyanogenmod.trebuchet
11-28 17:42:48.231  4013  4013 W PackageManager: Unknown permission com.android.launcher.permission.WRITE_SETTINGS in package com.cyanogenmod.trebuchet
11-28 17:42:48.231  4013  4013 W PackageManager: Unknown permission com.cyngn.stats.SEND_ANALYTICS in package com.cyanogenmod.trebuchet
11-28 17:42:48.232  4013  4013 W PackageManager: Unknown permission com.google.android.permission.INSTALL_WEARABLE_PACKAGES in package com.android.packageinstaller
11-28 17:42:48.232  4013  4013 W PackageManager: Not granting permission android.permission.DELETE_PACKAGES to package com.svox.pico (protectionLevel=18 flags=0x3808be45)
11-28 17:42:48.232  4013  4013 W PackageManager: Unknown permission android.permission.ACCESS_SUPERUSER in package com.cyanogenmod.filemanager
11-28 17:42:48.232  4013  4013 W PackageManager: Unknown permission com.cyanogenmod.filemanager.permissions.READ_THEME in package com.cyanogenmod.filemanager
11-28 17:42:48.232  4013  4013 W PackageManager: Unknown permission com.google.android.gallery3d.permission.PICASA_STORE in package com.android.dreams.phototable
11-28 17:42:48.232  4013  4013 W PackageManager: Unknown permission com.google.android.googleapps.permission.GOOGLE_AUTH in package com.android.settings
11-28 17:42:48.232  4013  4013 W PackageManager: Unknown permission com.android.launcher.permission.READ_SETTINGS in package com.android.settings
11-28 17:42:48.232  4013  4013 W PackageManager: Unknown permission com.android.launcher.permission.WRITE_SETTINGS in package com.android.settings
11-28 17:42:48.232  4013  4013 W PackageManager: Not granting permission android.permission.REAL_GET_TASKS to package com.cyanogenmod.eleven (protectionLevel=18 flags=0x3818be65)
11-28 17:42:48.234  4013  4013 W PackageManager: Unknown permission com.google.android.gallery3d.permission.GALLERY_PROVIDER in package com.android.bluetooth
11-28 17:42:48.234  4013  4013 W PackageManager: Unknown permission com.google.android.googleapps.permission.ACCESS_GOOGLE_PASSWORD in package com.android.development
11-28 17:42:48.234  4013  4013 W PackageManager: Unknown permission com.google.android.googleapps.permission.GOOGLE_AUTH in package com.android.development
11-28 17:42:48.234  4013  4013 W PackageManager: Unknown permission com.google.android.googleapps.permission.GOOGLE_AUTH.ALL_SERVICES in package com.android.development
11-28 17:42:48.234  4013  4013 W PackageManager: Unknown permission com.google.android.googleapps.permission.GOOGLE_AUTH.YouTubeUser in package com.android.development
11-28 17:42:48.280  4013  4013 V PackageManager: Disabling com.google.android.gsf/com.google.android.gsf.update.SystemUpdateActivity
11-28 17:42:48.280  4013  4013 W PackageManager: Unable to disable com.google.android.gsf/com.google.android.gsf.update.SystemUpdateActivity
11-28 17:42:48.280  4013  4013 V PackageManager: Disabling com.google.android.gsf/com.google.android.gsf.update.SystemUpdateService$Receiver
11-28 17:42:48.280  4013  4013 W PackageManager: Unable to disable com.google.android.gsf/com.google.android.gsf.update.SystemUpdateService$Receiver
11-28 17:42:48.280  4013  4013 V PackageManager: Disabling com.google.android.gsf/com.google.android.gsf.update.SystemUpdateService$SecretCodeReceiver
11-28 17:42:48.280  4013  4013 W PackageManager: Unable to disable com.google.android.gsf/com.google.android.gsf.update.SystemUpdateService$SecretCodeReceiver
11-28 17:42:48.280  4013  4013 V PackageManager: Disabling com.google.android.gms/com.google.android.gms.update.SystemUpdateActivity
11-28 17:42:48.280  4013  4013 W PackageManager: Unable to disable com.google.android.gms/com.google.android.gms.update.SystemUpdateActivity
11-28 17:42:48.280  4013  4013 V PackageManager: Disabling com.google.android.gms/com.google.android.gms.update.SystemUpdateService$Receiver
11-28 17:42:48.280  4013  4013 W PackageManager: Unable to disable com.google.android.gms/com.google.android.gms.update.SystemUpdateService$Receiver
11-28 17:42:48.280  4013  4013 V PackageManager: Disabling com.google.android.gms/com.google.android.gms.update.SystemUpdateService$ActiveReceiver
11-28 17:42:48.280  4013  4013 W PackageManager: Unable to disable com.google.android.gms/com.google.android.gms.update.SystemUpdateService$ActiveReceiver
11-28 17:42:48.280  4013  4013 V PackageManager: Disabling com.google.android.gms/com.google.android.gms.update.SystemUpdateService$SecretCodeReceiver
11-28 17:42:48.280  4013  4013 W PackageManager: Unable to disable com.google.android.gms/com.google.android.gms.update.SystemUpdateService$SecretCodeReceiver
11-28 17:42:48.280  4013  4013 V PackageManager: Enabling com.google.android.gsf/com.google.android.gsf.update.SystemUpdateService
11-28 17:42:48.280  4013  4013 W PackageManager: Unable to enable com.google.android.gsf/com.google.android.gsf.update.SystemUpdateService
11-28 17:42:48.280  4013  4013 V PackageManager: Enabling com.google.android.gms/com.google.android.gms.update.SystemUpdateService
11-28 17:42:48.280  4013  4013 W PackageManager: Unable to enable com.google.android.gms/com.google.android.gms.update.SystemUpdateService
11-28 17:42:48.395  4013  4023 I art     : Background partial concurrent mark sweep GC freed 296087(18MB) AllocSpace objects, 64(4MB) LOS objects, 33% free, 30MB/46MB, paused 1.346ms total 248.143ms
11-28 17:42:48.430  4013  4013 I art     : Starting a blocking GC Explicit
11-28 17:42:48.499  4013  4013 I art     : Explicit concurrent mark sweep GC freed 47673(2MB) AllocSpace objects, 4(464KB) LOS objects, 33% free, 27MB/41MB, paused 628us total 68.558ms
11-28 17:42:48.500  4013  4013 I SystemServer: User Service
11-28 17:42:48.529  2931  2931 I lowmemorykiller: ActivityManager connected
11-28 17:42:48.532  4013  4013 I SystemServiceManager: Starting com.android.server.BatteryService
11-28 17:42:48.533  4013  4060 I         : System server: starting sensor init.
11-28 17:42:48.534  4013  4060 D SensorService: nuSensorService starting...
11-28 17:42:48.562  4013  4013 I SystemServiceManager: Starting com.android.server.usage.UsageStatsService
11-28 17:42:48.565  4013  4060 I Sensors : getName:gyro_sensor name = K6DS3TR.
11-28 17:42:48.565  4013  4060 I Sensors : Proximity old sensor_state 0, new sensor_state : 128 en : 1
11-28 17:42:48.614  4013  4060 I Sensors : Light old sensor_state 128, new sensor_state : 640 en : 1
11-28 17:42:48.620  4013  4060 I Sensors : Light_IR old sensor_state 640, new sensor_state : 16777856 en : 1
11-28 17:42:48.620  4013  4060 E Sensors : Light_IR_Sensor write failed. ret = -1, sensor_state = 16777856
11-28 17:42:48.621  4013  4060 I Sensors : SigMotionSensor old sensor_state 640, new sensor_state : 17024 en : 1
11-28 17:42:48.627  4013  4060 I Sensors : getName:gyro_sensor name = K6DS3TR.
11-28 17:42:48.628  4013  4060 I Sensors : StepCounterSensor old sensor_state 17024, new sensor_state : 279168 en : 1
11-28 17:42:48.628  4013  4060 E Sensors : StepCounterSensor write failed. ret = -1, sensor_state = 279168
11-28 17:42:48.628  4013  4060 I Sensors : Int.Gyro old sensor_state 17024, new sensor_state : 33571456 en : 1
11-28 17:42:48.628  4013  4060 E Sensors : Int.GyroSensor write failed. ret = -1, sensor_state = 33571456
11-28 17:42:48.628  4013  4060 I Sensors : getName:gyro_sensor name = K6DS3TR.
11-28 17:42:48.628  4013  4060 I Sensors : HrmSpO2Sensor:: part type = 12.
11-28 17:42:48.628  4013  4060 D Sensors : HrmSpO2Sensor::type:12, prox threshold:10000
11-28 17:42:48.628  4013  4060 D Sensors : HrmSpO2Sensor::handle:0 ,en:1
11-28 17:42:48.629  4013  4060 E Sensors : HrmSpO2Sensor::Error MAXIM Flicker Library...handle=0x0
11-28 17:42:48.629  4013  4060 D Sensors : HrmSpO2Sensor::HrmSpO2Sensor: Shared version Registered
11-28 17:42:48.630  4013  4060 D Sensors : HrmLedSensor enable: mEnabled 0, handle 20, en 1
11-28 17:42:48.630  4013  4060 D Sensors : HRMSensor led enabled:1, en:1
11-28 17:42:48.648  4013  4013 I UsageStatsService: User[0] Rollover scheduled @ 2016-11-29 00:00:00(1480377600000)
11-28 17:42:48.650  4013  4013 I SystemServiceManager: Starting com.android.server.webkit.WebViewUpdateService
11-28 17:42:48.652  4013  4060 I Sensors : getVendor:hrm_sensor vendor = MAXIM.
11-28 17:42:48.652  4013  4060 I Sensors : HrmLedSensor: HrmLedSensor vendor = MAXIM.
11-28 17:42:48.652  4013  4060 D Sensors : HRMSensor_LED::libhr open start!! 
11-28 17:42:48.652  4013  4060 E Sensors : HRMSensor_LED::libhr open failed 
11-28 17:42:48.652  4013  4060 E Sensors : GripSensor: enable
11-28 17:42:48.660  4013  4013 I SystemServer: Reading configuration...
11-28 17:42:48.660  4013  4013 I SystemServer: Scheduling Policy
11-28 17:42:48.662  4013  4013 I SystemServiceManager: Starting com.android.server.telecom.TelecomLoaderService
11-28 17:42:48.663  4013  4013 I SystemServer: Telephony Registry
11-28 17:42:48.667  4013  4013 I SystemServer: Entropy Mixer
11-28 17:42:48.684  4013  4060 I Sensors : Proximity old sensor_state 17024, new sensor_state : 16896 en : 0
11-28 17:42:48.684  4013  4060 I Sensors : Light old sensor_state 16896, new sensor_state : 16384 en : 0
11-28 17:42:48.684  4013  4060 I Sensors : SigMotionSensor old sensor_state 16384, new sensor_state : 0 en : 0
11-28 17:42:48.684  4013  4060 E Sensors : GripSensor: enable
11-28 17:42:48.684  4013  4060 D Sensors : HrmSpO2Sensor::handle:19 ,en:0
11-28 17:42:48.684  4013  4060 D Sensors : HrmSpO2Sensor::isEnabled:0 ,en:0, mEn:0
11-28 17:42:48.684  4013  4060 D Sensors : HrmSpO2Sensor::handle:28 ,en:0
11-28 17:42:48.684  4013  4060 D Sensors : HrmSpO2Sensor::isEnabled:0 ,en:0, mEn:0
11-28 17:42:48.684  4013  4060 D Sensors : HrmLedSensor enable: mEnabled 1, handle 20, en 0
11-28 17:42:48.684  4013  4060 D Sensors : HRMSensor_LED::enable 
11-28 17:42:48.684  4013  4060 D Sensors : HRMSensor led enabled:0, en:0
11-28 17:42:48.685  4013  4060 D Sensors : HrmLedSensor enable: mEnabled 0, handle 21, en 0
11-28 17:42:48.685  4013  4060 D Sensors : HrmLedSensor isEnabled:0 ,en:0
11-28 17:42:48.686  4013  4060 D Sensors : HrmSpO2Sensor::handle:18 ,en:0
11-28 17:42:48.686  4013  4060 D Sensors : HrmSpO2Sensor::isEnabled:0 ,en:0, mEn:0
11-28 17:42:48.686  4013  4060 I         : System server: sensor init done.
11-28 17:42:48.688  4013  4061 D SensorService: new thread SensorEventAckReceiver
11-28 17:42:48.689  4013  4062 D SensorService: nuSensorService thread starting...
11-28 17:42:48.730  4013  4013 I EntropyMixer: Added HW RNG output to entropy pool
11-28 17:42:48.730  4013  4013 I EntropyMixer: Writing entropy...
11-28 17:42:48.749  4013  4013 I SystemServer: Camera Service
11-28 17:42:48.749  4013  4013 I SystemServiceManager: Starting com.android.server.camera.CameraService
11-28 17:42:48.752  4013  4063 I ServiceThread: Enabled StrictMode logging for CameraService_proxy looper.
11-28 17:42:48.753  4013  4013 I SystemServer: Account Manager
11-28 17:42:48.757  4013  4013 I SystemServer: Content Manager
11-28 17:42:48.762  4013  4013 I SystemServer: System Content Providers
11-28 17:42:48.768  4013  4013 W System  : ClassLoader referenced unknown path: /system/priv-app/CMSettingsProvider/lib/arm64
11-28 17:42:48.819  4013  4013 W System  : ClassLoader referenced unknown path: /system/priv-app/SettingsProvider/lib/arm64
11-28 17:42:48.887  4013  4013 I SystemServer: Vibrator Service
11-28 17:42:48.891  4013  4013 I SystemServer: Consumer IR Service
11-28 17:42:48.891  4013  4013 E ConsumerIrService: Can't open consumer IR HW Module, error: -2
11-28 17:42:48.891  4013  4013 E System  : ******************************************
11-28 17:42:48.892  4013  4013 E System  : ************ Failure starting core service
11-28 17:42:48.892  4013  4013 E System  : java.lang.RuntimeException: FEATURE_CONSUMER_IR present, but no IR HAL loaded!
11-28 17:42:48.892  4013  4013 E System  : 	at com.android.server.ConsumerIrService.<init>(ConsumerIrService.java:51)
11-28 17:42:48.892  4013  4013 E System  : 	at com.android.server.SystemServer.startOtherServices(SystemServer.java:509)
11-28 17:42:48.892  4013  4013 E System  : 	at com.android.server.SystemServer.run(SystemServer.java:291)
11-28 17:42:48.892  4013  4013 E System  : 	at com.android.server.SystemServer.main(SystemServer.java:176)
11-28 17:42:48.892  4013  4013 E System  : 	at java.lang.reflect.Method.invoke(Native Method)
11-28 17:42:48.892  4013  4013 E System  : 	at com.android.internal.os.ZygoteInit$MethodAndArgsCaller.run(ZygoteInit.java:726)
11-28 17:42:48.892  4013  4013 E System  : 	at com.android.internal.os.ZygoteInit.main(ZygoteInit.java:616)
11-28 17:42:48.892  4013  4013 I SystemServer: Input Method Service
11-28 17:42:48.922  4013  4026 I SyncManager: No initial statistics
11-28 17:42:49.002  4013  4013 W InputMethodManagerService: No IME selected. Choose the most applicable IME.
11-28 17:42:49.002  4013  4013 I InputMethodManagerService: Default found, using com.android.inputmethod.latin/.LatinIME
11-28 17:42:49.018  4013  4013 I SystemServer: Accessibility Manager
11-28 17:42:49.023  4013  4013 W SystemServer: ***********************************************
11-28 17:42:49.023  4013  4013 E SystemServer: BOOT FAILURE making display ready
11-28 17:42:49.023  4013  4013 E SystemServer: java.lang.NullPointerException: Attempt to invoke virtual method 'void com.android.server.wm.WindowManagerService.displayReady()' on a null object reference
11-28 17:42:49.023  4013  4013 E SystemServer: 	at com.android.server.SystemServer.startOtherServices(SystemServer.java:591)
11-28 17:42:49.023  4013  4013 E SystemServer: 	at com.android.server.SystemServer.run(SystemServer.java:291)
11-28 17:42:49.023  4013  4013 E SystemServer: 	at com.android.server.SystemServer.main(SystemServer.java:176)
11-28 17:42:49.023  4013  4013 E SystemServer: 	at java.lang.reflect.Method.invoke(Native Method)
11-28 17:42:49.023  4013  4013 E SystemServer: 	at com.android.internal.os.ZygoteInit$MethodAndArgsCaller.run(ZygoteInit.java:726)
11-28 17:42:49.023  4013  4013 E SystemServer: 	at com.android.internal.os.ZygoteInit.main(ZygoteInit.java:616)
11-28 17:42:49.025  4013  4013 I SystemServiceManager: Starting com.android.server.MountService$Lifecycle
11-28 17:42:49.039  4013  4013 I SystemServiceManager: Starting com.android.server.UiModeManagerService
11-28 17:42:49.052  4013  4013 I ActivityManager: Config changes=200 {1.0 ?mcc?mnc en_US ldltr ?swdp ?wdp ?hdp ?density ?lsize ?long ?orien ?touch ?keyb/?/? ?nav/? s.2 themeResource=null}
11-28 17:42:49.056  4013  4013 E System  : ******************************************
11-28 17:42:49.056  4013  4013 E System  : ************ Failure starting system services
11-28 17:42:49.056  4013  4013 E System  : java.lang.NullPointerException: Attempt to invoke virtual method 'void com.android.server.wm.WindowManagerService.updateBootProgress(int, android.content.pm.ApplicationInfo, int, int, boolean)' on a null object reference
11-28 17:42:49.056  4013  4013 E System  : 	at com.android.server.am.ActivityManagerService.updateBootProgress(ActivityManagerService.java:6581)
11-28 17:42:49.056  4013  4013 E System  : 	at com.android.server.SystemServer.startOtherServices(SystemServer.java:624)
11-28 17:42:49.056  4013  4013 E System  : 	at com.android.server.SystemServer.run(SystemServer.java:291)
11-28 17:42:49.056  4013  4013 E System  : 	at com.android.server.SystemServer.main(SystemServer.java:176)
11-28 17:42:49.056  4013  4013 E System  : 	at java.lang.reflect.Method.invoke(Native Method)
11-28 17:42:49.056  4013  4013 E System  : 	at com.android.internal.os.ZygoteInit$MethodAndArgsCaller.run(ZygoteInit.java:726)
11-28 17:42:49.056  4013  4013 E System  : 	at com.android.internal.os.ZygoteInit.main(ZygoteInit.java:616)
11-28 17:42:49.056  4013  4013 D AndroidRuntime: Shutting down VM
11-28 17:42:49.057  4013  4013 E AndroidRuntime: *** FATAL EXCEPTION IN SYSTEM PROCESS: main
11-28 17:42:49.057  4013  4013 E AndroidRuntime: java.lang.NullPointerException: Attempt to invoke virtual method 'void com.android.server.wm.WindowManagerService.updateBootProgress(int, android.content.pm.ApplicationInfo, int, int, boolean)' on a null object reference
