12-13 23:44:13.513  2981  3389 I iptables: iptables terminated by exit(1)
12-13 23:44:13.513  2981  3389 E Netd    : exec() res=0, status=256 for /system/bin/iptables -w -F st_penalty_log 
12-13 23:44:13.517  2981  3389 I ip6tables: ip6tables: No chain/target/match by that name.
12-13 23:44:13.517  2981  3389 I ip6tables: ip6tables terminated by exit(1)
12-13 23:44:13.517  2981  3389 E Netd    : exec() res=0, status=256 for /system/bin/ip6tables -w -F st_penalty_log 
12-13 23:44:13.522  2981  3389 I iptables: iptables: No chain/target/match by that name.
12-13 23:44:13.522  2981  3389 I iptables: iptables terminated by exit(1)
12-13 23:44:13.522  2981  3389 E Netd    : exec() res=0, status=256 for /system/bin/iptables -w -F st_penalty_reject 
12-13 23:44:13.527  2981  3389 I ip6tables: ip6tables: No chain/target/match by that name.
12-13 23:44:13.527  2981  3389 I ip6tables: ip6tables terminated by exit(1)
12-13 23:44:13.527  3715  3715 I art     : System.exit called, status: 0
12-13 23:44:13.527  3715  3715 I AndroidRuntime: VM exiting with result code 0, cleanup skipped.
12-13 23:44:13.527  2981  3389 E Netd    : exec() res=0, status=256 for /system/bin/ip6tables -w -F st_penalty_reject 
12-13 23:44:13.532  2981  3389 I iptables: iptables: No chain/target/match by that name.
12-13 23:44:13.532  2981  3389 I iptables: iptables terminated by exit(1)
12-13 23:44:13.532  2981  3389 E Netd    : exec() res=0, status=256 for /system/bin/iptables -w -F st_clear_caught 
12-13 23:44:13.537  2981  3389 I ip6tables: ip6tables: No chain/target/match by that name.
12-13 23:44:13.537  2981  3389 I ip6tables: ip6tables terminated by exit(1)
12-13 23:44:13.537  2981  3389 E Netd    : exec() res=0, status=256 for /system/bin/ip6tables -w -F st_clear_caught 
12-13 23:44:13.541  2981  3389 I iptables: iptables: No chain/target/match by that name.
12-13 23:44:13.542  2981  3389 I iptables: iptables terminated by exit(1)
12-13 23:44:13.542  2981  3389 E Netd    : exec() res=0, status=256 for /system/bin/iptables -w -F st_clear_detect 
12-13 23:44:13.546  2981  3389 I ip6tables: ip6tables: No chain/target/match by that name.
12-13 23:44:13.546  2981  3389 I ip6tables: ip6tables terminated by exit(1)
12-13 23:44:13.546  2981  3389 E Netd    : exec() res=0, status=256 for /system/bin/ip6tables -w -F st_clear_detect 
12-13 23:44:13.551  3748  3748 W System  : ClassLoader referenced unknown path: /system/app/UserDictionaryProvider/lib/arm64
12-13 23:44:13.551  2981  3389 I iptables: iptables: No chain/target/match by that name.
12-13 23:44:13.551  2981  3389 I iptables: iptables terminated by exit(1)
12-13 23:44:13.552  2981  3389 E Netd    : exec() res=0, status=256 for /system/bin/iptables -w -X st_penalty_log 
12-13 23:44:13.556  2981  3389 I ip6tables: ip6tables: No chain/target/match by that name.
12-13 23:44:13.556  2981  3389 I ip6tables: ip6tables terminated by exit(1)
12-13 23:44:13.557  2981  3389 E Netd    : exec() res=0, status=256 for /system/bin/ip6tables -w -X st_penalty_log 
12-13 23:44:13.561  2981  3389 I iptables: iptables: No chain/target/match by that name.
12-13 23:44:13.562  2981  3389 I iptables: iptables terminated by exit(1)
12-13 23:44:13.562  2981  3389 E Netd    : exec() res=0, status=256 for /system/bin/iptables -w -X st_penalty_reject 
12-13 23:44:13.566  2981  3389 I ip6tables: ip6tables: No chain/target/match by that name.
12-13 23:44:13.567  2981  3389 I ip6tables: ip6tables terminated by exit(1)
12-13 23:44:13.567  2981  3389 E Netd    : exec() res=0, status=256 for /system/bin/ip6tables -w -X st_penalty_reject 
12-13 23:44:13.571  2981  3389 I iptables: iptables: No chain/target/match by that name.
12-13 23:44:13.572  2981  3389 I iptables: iptables terminated by exit(1)
12-13 23:44:13.572  2981  3389 E Netd    : exec() res=0, status=256 for /system/bin/iptables -w -X st_clear_caught 
12-13 23:44:13.576  2981  3389 I ip6tables: ip6tables: No chain/target/match by that name.
12-13 23:44:13.576  2981  3389 I ip6tables: ip6tables terminated by exit(1)
12-13 23:44:13.576  2981  3389 E Netd    : exec() res=0, status=256 for /system/bin/ip6tables -w -X st_clear_caught 
12-13 23:44:13.582  2981  3389 I iptables: iptables: No chain/target/match by that name.
12-13 23:44:13.582  2981  3389 I iptables: iptables terminated by exit(1)
12-13 23:44:13.582  2981  3389 E Netd    : exec() res=0, status=256 for /system/bin/iptables -w -X st_clear_detect 
12-13 23:44:13.587  2981  3389 I ip6tables: ip6tables: No chain/target/match by that name.
12-13 23:44:13.587  2981  3389 I ip6tables: ip6tables terminated by exit(1)
12-13 23:44:13.587  2981  3389 E Netd    : exec() res=0, status=256 for /system/bin/ip6tables -w -X st_clear_detect 
12-13 23:44:13.605  3728  3728 I art     : System.exit called, status: 0
12-13 23:44:13.605  3728  3728 I AndroidRuntime: VM exiting with result code 0, cleanup skipped.
12-13 23:44:13.672  3682  3844 E WVMExtractor: Failed to open libwvm.so: dlopen failed: library "libwvm.so" not found
12-13 23:44:13.700  3403  3414 W AppWidgetServiceImpl: Failed to read state: java.io.FileNotFoundException: /data/system/users/0/appwidgets.xml: open failed: ENOENT (No such file or directory)
12-13 23:44:13.700  3403  3414 V AppWidgetServiceImpl: Upgrading widget database from 0 to 1
12-13 23:44:13.743  2995  3488 I EXYNOS_COMP_REGS: Loading the library: libOMX.Exynos.AVC.Decoder.so
12-13 23:44:13.763  3403  3417 W System  : ClassLoader referenced unknown path: /system/framework/ConnectivityExt.jar
12-13 23:44:13.763  3403  3417 W ConnectivityExtension: Connectivity extension is not available
12-13 23:44:13.771  3682  3682 I vol.Events: writeEvent collection_started
12-13 23:44:13.778  2995  3488 I EXYNOS_COMP_REGS: Loading the library: libOMX.Exynos.AVC.Encoder.so
12-13 23:44:13.797  2995  3488 I EXYNOS_COMP_REGS: Loading the library: libOMX.Exynos.HEVC.Decoder.so
12-13 23:44:13.807  3682  3876 I vol.Events: writeEvent level_changed STREAM_ALARM 6
12-13 23:44:13.808  3682  3876 I vol.Events: writeEvent level_changed STREAM_BLUETOOTH_SCO 7
12-13 23:44:13.811  3682  3876 I vol.Events: writeEvent level_changed STREAM_MUSIC 11
12-13 23:44:13.811  3769  3881 D ThemesProvider: Deleted 0
12-13 23:44:13.812  3682  3682 D StorageNotification: Notifying about private volume: VolumeInfo{private}:
12-13 23:44:13.812  3682  3682 D StorageNotification:     type=PRIVATE diskId=null partGuid=null mountFlags=0 mountUserId=-1 
12-13 23:44:13.812  3682  3682 D StorageNotification:     state=MOUNTED 
12-13 23:44:13.812  3682  3682 D StorageNotification:     fsType=null fsUuid=null fsLabel=null 
12-13 23:44:13.812  3682  3682 D StorageNotification:     path=/data internalPath=null 
12-13 23:44:13.812  3403  3417 D PermissionMonitor: Monitoring
12-13 23:44:13.812  2995  3488 I EXYNOS_COMP_REGS: Loading the library: libOMX.Exynos.HEVC.Encoder.so
12-13 23:44:13.815  3682  3876 I vol.Events: writeEvent level_changed STREAM_RING 5
12-13 23:44:13.816  3682  3876 I vol.Events: writeEvent level_changed STREAM_SYSTEM 5
12-13 23:44:13.817  3403  3417 D PermissionMonitor: Users: 1, Apps: 74
12-13 23:44:13.817  3403  3403 I BrokerableCMSystemService: Connecting to implementation
12-13 23:44:13.817  3403  3403 W ContextImpl: Calling a method in the system process without a qualified user: android.app.ContextImpl.bindService:1295 org.cyanogenmod.platform.internal.BrokerableCMSystemService.tryConnecting:199 org.cyanogenmod.platform.internal.BrokerableCMSystemService$1.handleMessage:165 android.os.Handler.dispatchMessage:102 android.os.Looper.loop:148 
12-13 23:44:13.818  3682  3876 I vol.Events: writeEvent level_changed STREAM_VOICE_CALL 4
12-13 23:44:13.819  3682  3876 I vol.Events: writeEvent external_ringer_mode_changed normal
12-13 23:44:13.820  2995  3488 I EXYNOS_COMP_REGS: Loading the library: libOMX.Exynos.MPEG4.Decoder.so
12-13 23:44:13.820  2995  2995 E bt_a2dp_hw: adev_set_parameters: ERROR: set param called even when stream out is null
12-13 23:44:13.821  3403  3417 I SystemServiceManager: Starting phase 600
12-13 23:44:13.821  3403  3421 D BluetoothManagerService: Message: 30
12-13 23:44:13.821  3403  3421 D BluetoothManagerService: Message: 30
12-13 23:44:13.823  2995  3487 I AudioFlinger: systemReady
12-13 23:44:13.829  2995  3488 I EXYNOS_COMP_REGS: Loading the library: libOMX.Exynos.MPEG4.Encoder.so
12-13 23:44:13.829  3403  3417 I BackupManagerService: Backup enabled => false
12-13 23:44:13.831  3403  3417 D BrokerableCMSystemService: Third party apps ready
12-13 23:44:13.831  3403  3417 I BrokerableCMSystemService: Connecting to implementation
12-13 23:44:13.831  3403  3417 W ContextImpl: Calling a method in the system process without a qualified user: android.app.ContextImpl.bindService:1295 org.cyanogenmod.platform.internal.BrokerableCMSystemService.tryConnecting:199 org.cyanogenmod.platform.internal.BrokerableCMSystemService.onBootPhase:127 org.cyanogenmod.platform.internal.ThemeManagerServiceBroker.onBootPhase:272 com.android.server.SystemServiceManager.startBootPhase:135 
12-13 23:44:13.831  3403  3417 D BrokerableCMSystemService: Third party apps ready
12-13 23:44:13.831  3403  3417 I BrokerableCMSystemService: Connecting to implementation
12-13 23:44:13.831  3403  3417 W ContextImpl: Calling a method in the system process without a qualified user: android.app.ContextImpl.bindService:1295 org.cyanogenmod.platform.internal.BrokerableCMSystemService.tryConnecting:199 org.cyanogenmod.platform.internal.BrokerableCMSystemService.onBootPhase:127 com.android.server.SystemServiceManager.startBootPhase:135 com.android.server.SystemServer$2.run:1231 
12-13 23:44:13.832  3403  3888 E WVMExtractor: Failed to open libwvm.so: dlopen failed: library "libwvm.so" not found
12-13 23:44:13.832  3403  3417 D BrokerableCMSystemService: Third party apps ready
12-13 23:44:13.832  3403  3417 I BrokerableCMSystemService: Connecting to implementation
12-13 23:44:13.832  3403  3417 W ContextImpl: Calling a method in the system process without a qualified user: android.app.ContextImpl.bindService:1295 org.cyanogenmod.platform.internal.BrokerableCMSystemService.tryConnecting:199 org.cyanogenmod.platform.internal.BrokerableCMSystemService.onBootPhase:127 org.cyanogenmod.platform.internal.LiveLockScreenServiceBroker.onBootPhase:273 com.android.server.SystemServiceManager.startBootPhase:135 
12-13 23:44:13.836  2995  3488 I EXYNOS_COMP_REGS: Loading the library: libOMX.Exynos.VP8.Decoder.so
12-13 23:44:13.843  3403  3417 I ActivityManager: Start proc 3894:org.cyanogenmod.livelockscreen.service/u0a11 for service org.cyanogenmod.livelockscreen.service/.LiveLockScreenManagerService
12-13 23:44:13.843  3403  3417 D BrokerableCMSystemService: Third party apps ready
12-13 23:44:13.843  3403  3417 I BrokerableCMSystemService: Connecting to implementation
12-13 23:44:13.844  3403  3417 W ContextImpl: Calling a method in the system process without a qualified user: android.app.ContextImpl.bindService:1295 org.cyanogenmod.platform.internal.BrokerableCMSystemService.tryConnecting:199 org.cyanogenmod.platform.internal.BrokerableCMSystemService.onBootPhase:127 com.android.server.SystemServiceManager.startBootPhase:135 com.android.server.SystemServer$2.run:1231 
12-13 23:44:13.850  2995  3488 I EXYNOS_COMP_REGS: Loading the library: libOMX.Exynos.VP8.Encoder.so
12-13 23:44:13.850  3748  3791 I ContactLocale: AddressBook Labels [en-US]: [, A, B, C, D, E, F, G, H, I, J, K, L, M, N, O, P, Q, R, S, T, U, V, W, X, Y, Z, , , , , , , , , , , , , , , , , , , , , , , , , , , , , , , , , , , , , , , , , , , , , , , , , , , , , , , , , , , , , , , , , , , , , , , , , , , , , , , , , , , , , , , , , , , , , , , , , , , , , , , , , , , , , , , , , , , , , , , , , , , , , , , , , , , , , , , , , , , , , , , , , , , , , , , , , , , , , , , , , , , , , , , , , , , , , , , , , , , , , , , , , , , #, ]
12-13 23:44:13.855  3403  3417 I ActivityManager: Start proc 3908:org.cyanogenmod.weatherservice/u0a26 for service org.cyanogenmod.weatherservice/.WeatherManagerService
12-13 23:44:13.855  3403  3417 D BrokerableCMSystemService: Third party apps ready
12-13 23:44:13.855  3403  3417 I BrokerableCMSystemService: Connecting to implementation
12-13 23:44:13.855  3403  3417 W ContextImpl: Calling a method in the system process without a qualified user: android.app.ContextImpl.bindService:1295 org.cyanogenmod.platform.internal.BrokerableCMSystemService.tryConnecting:199 org.cyanogenmod.platform.internal.BrokerableCMSystemService.onBootPhase:127 org.cyanogenmod.platform.internal.CMAudioServiceBroker.onBootPhase:58 com.android.server.SystemServiceManager.startBootPhase:135 
12-13 23:44:13.864  2995  3488 I EXYNOS_COMP_REGS: Loading the library: libOMX.Exynos.VP9.Decoder.so
12-13 23:44:13.867  3403  3417 I ActivityManager: Start proc 3921:org.cyanogenmod.cmaudio.service/u0a2 for service org.cyanogenmod.cmaudio.service/.CMAudioService
12-13 23:44:13.871  3403  3522 V KeyValueBackupJob: Scheduling k/v pass in 245 minutes
12-13 23:44:13.875  2995  3488 I EXYNOS_COMP_REGS: Loading the library: libOMX.Exynos.VP9.Encoder.so
12-13 23:44:13.876  3403  3417 E InputMethodManagerService: Ignoring updateSystemUiLocked due to an invalid token. uid:1000 token:null
12-13 23:44:13.878  3403  3417 W InputMethodManagerService: Reset the default IME as "Resource" is ready here.
12-13 23:44:13.879  3403  3417 I InputMethodManagerService: Selected default: com.android.inputmethod.latin/.LatinIME
12-13 23:44:13.880  3403  3417 W InputMethodManagerService: Illegal subtype state: old subtype = null, new subtype = android.view.inputmethod.InputMethodSubtype@c9194f98
12-13 23:44:13.884  2995  3488 I EXYNOS_COMP_REGS: Loading the library: libOMX.Exynos.WMV.Decoder.so
12-13 23:44:13.885  3403  3418 I ActivityManager: Config changes=20 {1.0 ?mcc?mnc en_US ldltr sw360dp w360dp h616dp 640dpi nrml long port finger -keyb/v/h -nav/h s.6 themeResource=null}
12-13 23:44:13.898  3894  3894 W System  : ClassLoader referenced unknown path: /system/priv-app/LiveLockScreenService/lib/arm64
12-13 23:44:13.898  3403  3417 I ActivityManager: Start proc 3935:com.android.inputmethod.latin/u0a68 for service com.android.inputmethod.latin/.LatinIME
12-13 23:44:13.898  3403  3417 V InputMethodManagerService: Adding window token: android.os.Binder@21316fd
12-13 23:44:13.900  3403  3417 W ServiceWatcher: com.google.android.gms not found
12-13 23:44:13.901  3403  3417 W ServiceWatcher: com.google.android.gms not found
12-13 23:44:13.901  3403  3417 W LocationManagerService: no network location provider found
12-13 23:44:13.901  3403  3417 W ServiceWatcher: com.google.android.gms not found
12-13 23:44:13.902  3403  3417 W ServiceWatcher: com.google.android.gms not found
12-13 23:44:13.903  3403  3417 E LocationManagerService: no geocoder provider found
12-13 23:44:13.903  3403  3417 E FlpHardwareProvider: Error hw_get_module 'flp': -2
12-13 23:44:13.903  3403  3417 E LocationManagerService: FLP HAL not supported
12-13 23:44:13.903  3403  3417 W ServiceWatcher: com.google.android.gms not found
12-13 23:44:13.904  3403  3417 E LocationManagerService: Unable to bind FLP Geofence proxy.
12-13 23:44:13.904  3403  3417 E ActivityRecognitionHardware: Error hw_get_module: -2
12-13 23:44:13.904  3403  3417 E LocationManagerService: Hardware Activity-Recognition not supported.
12-13 23:44:13.905  3403  3417 W ServiceWatcher: com.google.android.gms not found
12-13 23:44:13.905  3403  3417 E ActivityRecognitionProxy: ServiceWatcher could not start.
12-13 23:44:13.905  3403  3417 E LocationManagerService: Unable to bind ActivityRecognitionProxy.
12-13 23:44:13.908  3403  3417 I CommonTimeManagementService: No common time service detected on this platform.  Common time services will be unavailable.
12-13 23:44:13.908  3403  3403 V WiredAccessoryManager: init()
12-13 23:44:13.909  3403  3417 I MmsServiceBroker: Delay connecting to MmsService until an API is called
12-13 23:44:13.909  3403  3455 I InputReader: Reconfiguring input devices.  changes=0x00000020
12-13 23:44:13.911  3403  3455 I InputReader: Reconfiguring input devices.  changes=0x00000010
12-13 23:44:13.914  3403  3417 D MountService: onStartUser 0
12-13 23:44:13.914  3403  3417 D VoldConnector: SND -> {28 volume user_started 0}
12-13 23:44:13.914  2918  3011 D vold    : Linking /storage/emulated/0 to /mnt/user/0/primary
12-13 23:44:13.915  3403  3458 D VoldConnector: RCV <- {200 28 Command succeeded}
12-13 23:44:13.915  3403  3457 D MountService: Volume emulated broadcasting mounted to UserHandle{0}
12-13 23:44:13.915  3403  3417 W VoiceInteractionManagerService: no available voice interaction services found for user 0
12-13 23:44:13.915  3403  3417 W VoiceInteractionManagerService: no available voice recognition services found for user 0
12-13 23:44:13.923  3403  3403 W System  : ClassLoader referenced unknown path: /system/priv-app/FusedLocation/lib/arm64
12-13 23:44:13.928  3403  3416 I ActivityManager: Start proc 3956:com.android.printspooler/u0a57 for service com.android.printspooler/.model.PrintSpoolerService
12-13 23:44:13.928  3908  3908 W System  : ClassLoader referenced unknown path: /system/priv-app/WeatherManagerService/lib/arm64
12-13 23:44:13.939  3403  3417 I ActivityManager: Start proc 3969:org.cyanogenmod.audiofx/u0a3 for added application org.cyanogenmod.audiofx
12-13 23:44:13.949  3403  3417 I ActivityManager: Start proc 3982:com.android.phone/1001 for added application com.android.phone
12-13 23:44:13.950  3403  3417 I ActivityManager: START u0 {act=android.intent.action.MAIN cat=[android.intent.category.HOME] flg=0x10000000 cmp=com.android.settings/.CryptKeeper} from uid 0 on display 0
12-13 23:44:13.965  3403  3417 I ActivityManager: Start proc 3999:com.android.settings:CryptKeeper/1000 for activity com.android.settings/.CryptKeeper
12-13 23:44:13.983  2995  3488 D libexynosv4l2: try node: /dev/video6
12-13 23:44:13.983  2995  3488 I libexynosv4l2: node found for device s5p-mfc-dec: /dev/video6
12-13 23:44:13.985  3403  3417 I ActivityManager: Start proc 4023:com.android.externalstorage/u0a9 for broadcast com.android.externalstorage/.MountReceiver
12-13 23:44:13.985  3403  3417 I ActivityManager: Force stopping com.android.providers.media appid=10010 user=-1: vold reset
12-13 23:44:13.986  3403  3417 W BroadcastQueue: Permission Denial: receiving Intent { act=android.intent.action.USER_SWITCHED flg=0x50000010 (has extras) } to ProcessRecord{f3a4df3 3695:org.cyanogenmod.themeservice/u0a19} (pid=3695, uid=10019) requires android.permission.MANAGE_USERS due to sender null (uid 1000)
12-13 23:44:13.986  3682  3876 I vol.Events: writeEvent internal_ringer_mode_changed normal
12-13 23:44:13.994  3403  3678 I StatusBarManagerService: registerStatusBar bar=com.android.internal.statusbar.IStatusBar$Stub$Proxy@3a1d64f
12-13 23:44:14.005  3403  3403 I BrokerableCMSystemService: Implementation service connected
12-13 23:44:14.006  3403  3403 I BrokerableCMSystemService: Notifying service connected
12-13 23:44:14.009  2995  3488 I libexynosv4l2: open video device /dev/video6
12-13 23:44:14.010  2995  3488 W ACodec  : do not know color format 0x7f000012 = 2130706450
12-13 23:44:14.010  2995  3488 W ACodec  : do not know color format 0x7f000011 = 2130706449
12-13 23:44:14.010  2995  3488 I Exynos_OSAL_Android: output buffer sharing mode is on (15)
12-13 23:44:14.011  3969  3969 W System  : ClassLoader referenced unknown path: /system/priv-app/AudioFX/lib/arm64
12-13 23:44:14.012  2995  3488 D libexynosv4l2: try node: /dev/video6
12-13 23:44:14.012  2995  3488 I libexynosv4l2: node found for device s5p-mfc-dec: /dev/video6
12-13 23:44:14.015  2995  3488 I libexynosv4l2: open video device /dev/video6
12-13 23:44:14.015  2995  3488 W ACodec  : do not know color format 0x7f000012 = 2130706450
12-13 23:44:14.015  2995  3488 W ACodec  : do not know color format 0x7f000011 = 2130706449
12-13 23:44:14.015  2995  3488 I Exynos_OSAL_Android: output buffer sharing mode is on (15)
12-13 23:44:14.017  2995  3488 D libexynosv4l2: try node: /dev/video6
12-13 23:44:14.017  2995  3488 I libexynosv4l2: node found for device s5p-mfc-dec: /dev/video6
12-13 23:44:14.021  2995  3488 I libexynosv4l2: open video device /dev/video6
12-13 23:44:14.022  2995  3488 W ACodec  : do not know color format 0x7f000012 = 2130706450
12-13 23:44:14.022  2995  3488 W ACodec  : do not know color format 0x7f000011 = 2130706449
12-13 23:44:14.022  2995  3488 I Exynos_OSAL_Android: output buffer sharing mode is on (15)
12-13 23:44:14.023  2995  3488 D libexynosv4l2: try node: /dev/video6
12-13 23:44:14.023  2995  3488 I libexynosv4l2: node found for device s5p-mfc-dec: /dev/video6
12-13 23:44:14.028  2995  3488 I libexynosv4l2: open video device /dev/video6
12-13 23:44:14.028  2995  3488 I Exynos_OSAL_Android: output buffer sharing mode is on (15)
12-13 23:44:14.031  2995  3488 D libexynosv4l2: try node: /dev/video6
12-13 23:44:14.031  2995  3488 I libexynosv4l2: node found for device s5p-mfc-dec: /dev/video6
12-13 23:44:14.034  2995  3488 I libexynosv4l2: open video device /dev/video6
12-13 23:44:14.034  2995  3488 W ACodec  : do not know color format 0x7f000012 = 2130706450
12-13 23:44:14.034  2995  3488 W ACodec  : do not know color format 0x7f000011 = 2130706449
12-13 23:44:14.034  2995  3488 I Exynos_OSAL_Android: output buffer sharing mode is on (15)
12-13 23:44:14.036  2995  3488 D libexynosv4l2: try node: /dev/video6
12-13 23:44:14.036  2995  3488 I libexynosv4l2: node found for device s5p-mfc-dec: /dev/video6
12-13 23:44:14.040  2995  3488 I libexynosv4l2: open video device /dev/video6
12-13 23:44:14.042  2995  3488 W ACodec  : do not know color format 0x7f000012 = 2130706450
12-13 23:44:14.042  2995  3488 W ACodec  : do not know color format 0x7f000011 = 2130706449
12-13 23:44:14.042  2995  3488 I Exynos_OSAL_Android: output buffer sharing mode is on (15)
12-13 23:44:14.042  2931  2947 D PermissionCache: checking android.permission.HARDWARE_TEST for uid=1000 => granted (2532 us)
12-13 23:44:14.044  2995  3488 D libexynosv4l2: try node: /dev/video6
12-13 23:44:14.044  2995  3488 I libexynosv4l2: node found for device s5p-mfc-dec: /dev/video6
12-13 23:44:14.047  2995  3488 I libexynosv4l2: open video device /dev/video6
12-13 23:44:14.048  2995  3488 E OMXNodeInstance: getParameter(7:Exynos.VP9.Decoder, ParamVideoProfileLevelQuerySupported(0x600000f)) ERROR: UnsupportedIndex(0x8000101a)
12-13 23:44:14.048  2995  3488 W ACodec  : do not know color format 0x7f000012 = 2130706450
12-13 23:44:14.048  2995  3488 W ACodec  : do not know color format 0x7f000011 = 2130706449
12-13 23:44:14.048  2995  3488 I Exynos_OSAL_Android: output buffer sharing mode is on (15)
12-13 23:44:14.050  2995  3488 E OMX     : FAILED to allocate omx component 'OMX.Exynos.VC1.Decoder' err=InvalidComponentName(0x80001002)
12-13 23:44:14.050  2995  3488 E OMX     : FAILED to allocate omx component 'OMX.Exynos.VC1.Decoder' err=InvalidComponentName(0x80001002)
12-13 23:44:14.050  2995  3488 W MediaCodecList: ignoring Limit specified outside of a Type
12-13 23:44:14.050  2995  3488 W MediaCodecList: ignoring Limit specified outside of a Type
12-13 23:44:14.050  2995  3488 W MediaCodecList: ignoring Limit specified outside of a Type
12-13 23:44:14.050  2995  3488 W MediaCodecList: ignoring Limit specified outside of a Type
12-13 23:44:14.050  2995  3488 W MediaCodecList: ignoring Limit specified outside of a Type
12-13 23:44:14.050  2995  3488 W MediaCodecList: ignoring Limit specified outside of a Type
12-13 23:44:14.050  2995  3488 W MediaCodecList: ignoring Feature specified outside of a Type
12-13 23:44:14.050  2995  3488 E OMX     : FAILED to allocate omx component 'OMX.Exynos.MP3.Decoder' err=InvalidComponentName(0x80001002)
12-13 23:44:14.050  2995  3488 E OMX     : FAILED to allocate omx component 'OMX.Exynos.MP3.Decoder' err=InvalidComponentName(0x80001002)
12-13 23:44:14.050  2995  3488 E OMX     : FAILED to allocate omx component 'OMX.Exynos.MP3.Decoder' err=InvalidComponentName(0x80001002)
12-13 23:44:14.050  2995  3488 E OMX     : FAILED to allocate omx component 'OMX.Exynos.AAC.Decoder' err=InvalidComponentName(0x80001002)
12-13 23:44:14.051  2995  3488 D libexynosv4l2: try node: /dev/video6
12-13 23:44:14.051  2995  3488 D libexynosv4l2: try node: /dev/video7
12-13 23:44:14.051  2995  3488 I libexynosv4l2: node found for device s5p-mfc-enc: /dev/video7
12-13 23:44:14.055  2995  3488 I libexynosv4l2: open video device /dev/video7
12-13 23:44:14.055  2995  3488 W ACodec  : do not know color format 0x7f000011 = 2130706449
12-13 23:44:14.055  2995  3488 W ACodec  : do not know color format 0x10 = 16
12-13 23:44:14.055  2995  3488 W ACodec  : do not know color format 0x7f00a000 = 2130747392
12-13 23:44:14.055  2995  3488 W ACodec  : do not know color format 0x7f000789 = 2130708361
12-13 23:44:14.055  2995  3488 W ACodec  : do not know color format 0x7f000012 = 2130706450
12-13 23:44:14.057  2995  3488 D libexynosv4l2: try node: /dev/video6
12-13 23:44:14.057  2995  3488 D libexynosv4l2: try node: /dev/video7
12-13 23:44:14.057  2995  3488 I libexynosv4l2: node found for device s5p-mfc-enc: /dev/video7
12-13 23:44:14.061  2995  3488 I libexynosv4l2: open video device /dev/video7
12-13 23:44:14.061  2995  3488 W ACodec  : do not know color format 0x7f000011 = 2130706449
12-13 23:44:14.061  2995  3488 W ACodec  : do not know color format 0x10 = 16
12-13 23:44:14.061  2995  3488 W ACodec  : do not know color format 0x7f00a000 = 2130747392
12-13 23:44:14.061  2995  3488 W ACodec  : do not know color format 0x7f000789 = 2130708361
12-13 23:44:14.061  2995  3488 W ACodec  : do not know color format 0x7f000012 = 2130706450
12-13 23:44:14.063  2995  3488 D libexynosv4l2: try node: /dev/video6
12-13 23:44:14.063  2995  3953 V audio_hw_primary: adev_set_mic_mute: set mic mute: 0
12-13 23:44:14.063  2995  3488 D libexynosv4l2: try node: /dev/video7
12-13 23:44:14.063  2995  3488 I libexynosv4l2: node found for device s5p-mfc-enc: /dev/video7
12-13 23:44:14.065  3982  3982 W System  : ClassLoader referenced unknown path: /system/priv-app/TeleService/lib/arm64
12-13 23:44:14.066  2995  3488 I libexynosv4l2: open video device /dev/video7
12-13 23:44:14.066  2995  3488 W ACodec  : do not know color format 0x7f000011 = 2130706449
12-13 23:44:14.066  2995  3488 W ACodec  : do not know color format 0x10 = 16
12-13 23:44:14.066  2995  3488 W ACodec  : do not know color format 0x7f00a000 = 2130747392
12-13 23:44:14.066  2995  3488 W ACodec  : do not know color format 0x7f000789 = 2130708361
12-13 23:44:14.066  2995  3488 W ACodec  : do not know color format 0x7f000012 = 2130706450
12-13 23:44:14.068  2995  3488 D libexynosv4l2: try node: /dev/video6
12-13 23:44:14.068  2995  3488 D libexynosv4l2: try node: /dev/video7
12-13 23:44:14.068  2995  3488 I libexynosv4l2: node found for device s5p-mfc-enc: /dev/video7
12-13 23:44:14.071  2995  3488 I libexynosv4l2: open video device /dev/video7
12-13 23:44:14.071  2995  3488 W ACodec  : do not know color format 0x7f000011 = 2130706449
12-13 23:44:14.071  2995  3488 W ACodec  : do not know color format 0x10 = 16
12-13 23:44:14.071  2995  3488 W ACodec  : do not know color format 0x7f00a000 = 2130747392
12-13 23:44:14.071  2995  3488 W ACodec  : do not know color format 0x7f000789 = 2130708361
12-13 23:44:14.071  2995  3488 W ACodec  : do not know color format 0x7f000012 = 2130706450
12-13 23:44:14.073  2995  3488 D libexynosv4l2: try node: /dev/video6
12-13 23:44:14.073  2995  3488 D libexynosv4l2: try node: /dev/video7
12-13 23:44:14.073  2995  3488 I libexynosv4l2: node found for device s5p-mfc-enc: /dev/video7
12-13 23:44:14.075  3403  3403 E CMHardwareService: Vibrator is not supported
12-13 23:44:14.076  3403  3403 E CMHardwareService: Vibrator is not supported
12-13 23:44:14.076  2995  3488 I libexynosv4l2: open video device /dev/video7
12-13 23:44:14.077  3403  3403 I BrokerableCMSystemService: Implementation service connected
12-13 23:44:14.077  2995  3488 W ACodec  : do not know color format 0x7f000011 = 2130706449
12-13 23:44:14.077  2995  3488 W ACodec  : do not know color format 0x10 = 16
12-13 23:44:14.077  2995  3488 W ACodec  : do not know color format 0x7f00a000 = 2130747392
12-13 23:44:14.077  2995  3488 W ACodec  : do not know color format 0x7f000789 = 2130708361
12-13 23:44:14.077  2995  3488 W ACodec  : do not know color format 0x7f000012 = 2130706450
12-13 23:44:14.077  3403  3403 I BrokerableCMSystemService: Implementation service connected
12-13 23:44:14.077  3999  3999 W System  : ClassLoader referenced unknown path: /system/priv-app/Settings/lib/arm64
12-13 23:44:14.078  2995  3488 D libexynosv4l2: try node: /dev/video6
12-13 23:44:14.078  2995  3488 D libexynosv4l2: try node: /dev/video7
12-13 23:44:14.078  2995  3488 I libexynosv4l2: node found for device s5p-mfc-enc: /dev/video7
12-13 23:44:14.081  4023  4023 W System  : ClassLoader referenced unknown path: /system/priv-app/ExternalStorageProvider/lib/arm64
12-13 23:44:14.083  2995  3488 I libexynosv4l2: open video device /dev/video7
12-13 23:44:14.083  2995  3488 W ACodec  : do not know color format 0x7f000011 = 2130706449
12-13 23:44:14.083  2995  3488 W ACodec  : do not know color format 0x10 = 16
12-13 23:44:14.083  2995  3488 W ACodec  : do not know color format 0x7f00a000 = 2130747392
12-13 23:44:14.083  2995  3488 W ACodec  : do not know color format 0x7f000789 = 2130708361
12-13 23:44:14.083  2995  3488 W ACodec  : do not know color format 0x7f000012 = 2130706450
12-13 23:44:14.084  4023  4023 D ExternalStorage: After updating volumes, found 1 active roots
12-13 23:44:14.085  4023  4023 D ExternalStorage: After updating volumes, found 1 active roots
12-13 23:44:14.086  4023  4023 D ExternalStorage: After updating volumes, found 1 active roots
12-13 23:44:14.096  3956  3956 I PrintSpoolerService: No existing print spooler state.
12-13 23:44:14.096  3403  3463 I ActivityManager: Start proc 4090:com.android.settings/1000 for broadcast com.android.settings/.widget.SettingsAppWidgetProvider
12-13 23:44:14.105  3999  3999 D CryptKeeper: Disabling component ComponentInfo{com.android.settings/com.android.settings.CryptKeeper}
12-13 23:44:14.113  3403  4000 I ActivityManager: START u0 {act=android.intent.action.MAIN cat=[android.intent.category.HOME] flg=0x10000000 cmp=com.cyanogenmod.setupwizard/.ui.SetupWizardActivity} from uid 0 on display 0
12-13 23:44:14.115  2995  3488 W OMXNodeInstance: [e:google.mpeg4.decoder] component does not support metadata mode; using fallback
12-13 23:44:14.120  2995  3488 W OMXNodeInstance: [f:google.mpeg4.decoder] component does not support metadata mode; using fallback
12-13 23:44:14.120  2995  3488 W MediaCodecList: ignoring Limit specified outside of a Type
12-13 23:44:14.120  2995  3488 W MediaCodecList: ignoring Limit specified outside of a Type
12-13 23:44:14.120  2995  3488 W MediaCodecList: ignoring Limit specified outside of a Type
12-13 23:44:14.120  2995  3488 W MediaCodecList: ignoring Limit specified outside of a Type
12-13 23:44:14.120  2995  3488 W MediaCodecList: ignoring Limit specified outside of a Type
12-13 23:44:14.120  2995  3488 W MediaCodecList: ignoring Feature specified outside of a Type
12-13 23:44:14.120  3403  3467 D WifiService: New client listening to asynchronous messages
12-13 23:44:14.121  2995  3488 W OMXNodeInstance: [10:google.h263.decoder] component does not support metadata mode; using fallback
12-13 23:44:14.133  3403  4000 I ActivityManager: Start proc 4112:com.cyanogenmod.setupwizard/1000 for activity com.cyanogenmod.setupwizard/.ui.SetupWizardActivity
12-13 23:44:14.144  4090  4090 W System  : ClassLoader referenced unknown path: /system/priv-app/Settings/lib/arm64
12-13 23:44:14.150  3982  3982 W System  : ClassLoader referenced unknown path: /system/priv-app/TelephonyProvider/lib/arm64
12-13 23:44:14.155  4112  4112 W System  : ClassLoader referenced unknown path: /system/priv-app/CyanogenSetupWizard/lib/arm64
12-13 23:44:14.158  2995  3488 W OMXNodeInstance: [11:google.h264.decoder] component does not support metadata mode; using fallback
12-13 23:44:14.166  3403  3403 I FusedLocation: engine started (com.android.location.fused)
12-13 23:44:14.188  2995  3488 W OMXNodeInstance: [12:google.hevc.decoder] component does not support metadata mode; using fallback
12-13 23:44:14.194  3682  4129 D OpenGLRenderer: Use EGL_SWAP_BEHAVIOR_PRESERVED: true
12-13 23:44:14.203  3403  3467 D WifiService: New client listening to asynchronous messages
12-13 23:44:14.219  2995  3488 W OMXNodeInstance: [13:google.vp8.decoder] component does not support metadata mode; using fallback
12-13 23:44:14.221  2995  3488 W OMXNodeInstance: [14:google.vp9.decoder] component does not support metadata mode; using fallback
12-13 23:44:14.231  3403  3421 D BluetoothManagerService: Message: 20
12-13 23:44:14.231  3403  3421 D BluetoothManagerService: Added callback: android.bluetooth.IBluetoothManagerCallback$Stub$Proxy@b39ce40:true
12-13 23:44:14.234  3403  3421 D BluetoothManagerService: Message: 30
12-13 23:44:14.235  3403  3421 D BluetoothManagerService: Message: 30
12-13 23:44:14.236  3682  3682 D LocalBluetoothProfileManager: Adding local MAP profile
12-13 23:44:14.237  3682  3682 D BluetoothMap: Create BluetoothMap proxy object
12-13 23:44:14.237  3403  3421 D BluetoothManagerService: Message: 30
12-13 23:44:14.238  2995  3488 I SoftMPEG4Encoder: Construct SoftMPEG4Encoder
12-13 23:44:14.238  2995  3488 W ACodec  : do not know color format 0x7f000789 = 2130708361
12-13 23:44:14.238  3403  3421 D BluetoothManagerService: Message: 20
12-13 23:44:14.238  3403  3421 D BluetoothManagerService: Added callback: android.bluetooth.IBluetoothManagerCallback$Stub$Proxy@7bbbae9:true
12-13 23:44:14.239  3403  3421 D BluetoothManagerService: Message: 30
12-13 23:44:14.239  3682  3682 D LocalBluetoothProfileManager: LocalBluetoothProfileManager construction complete
12-13 23:44:14.242  3403  3415 D ConnectivityService: listenForNetwork for Listen from uid/pid:10028/3682 for NetworkRequest [ id=3, legacyType=-1, [] ]
12-13 23:44:14.243  3403  3421 D BluetoothManagerService: Message: 30
12-13 23:44:14.244  3403  3421 D BluetoothManagerService: Message: 30
12-13 23:44:14.245  4090  4090 D LocalBluetoothProfileManager: Adding local MAP profile
12-13 23:44:14.246  4090  4090 D BluetoothMap: Create BluetoothMap proxy object
12-13 23:44:14.246  3403  3421 D BluetoothManagerService: Message: 30
12-13 23:44:14.248  3403  3421 D BluetoothManagerService: Message: 30
12-13 23:44:14.250  3682  3682 I CameraManagerGlobal: Connecting to camera service
12-13 23:44:14.250  4090  4090 D LocalBluetoothProfileManager: LocalBluetoothProfileManager construction complete
12-13 23:44:14.253  3935  3935 I LatinIME: Hardware accelerated drawing: true
12-13 23:44:14.257  2995  3488 W ACodec  : do not know color format 0x7f000789 = 2130708361
12-13 23:44:14.262  2995  3488 I SoftMPEG4Encoder: Construct SoftMPEG4Encoder
12-13 23:44:14.263  2995  3488 W ACodec  : do not know color format 0x7f000789 = 2130708361
12-13 23:44:14.268  4112  4112 W GooglePlayServicesUtil: Google Play services is missing.
12-13 23:44:14.271  4112  4112 D TelephonyManager: getDataEnabled: retVal=false
12-13 23:44:14.274  3403  3678 I ActivityManager: Start proc 4148:org.cyanogenmod.weather.provider/u0a27 for content provider org.cyanogenmod.weather.provider/.WeatherContentProvider
12-13 23:44:14.276  2995  3488 W ACodec  : do not know color format 0x7f000789 = 2130708361
12-13 23:44:14.286  3403  3679 I ActivityManager: Start proc 4164:android.process.media/u0a10 for broadcast com.android.providers.downloads/.DownloadReceiver
12-13 23:44:14.287  4112  4112 W ContextImpl: Calling a method in the system process without a qualified user: android.app.ContextImpl.bindService:1295 android.content.ContextWrapper.bindService:610 android.speech.tts.TextToSpeech.connectToEngine:800 android.speech.tts.TextToSpeech.initTts:770 android.speech.tts.TextToSpeech.<init>:723 
12-13 23:44:14.291  3935  3935 W InputAttributes: No editor info for this field. Bug?
12-13 23:44:14.303  3403  4000 I ActivityManager: Start proc 4178:com.svox.pico/u0a55 for service com.svox.pico/.PicoService
12-13 23:44:14.304  4112  4112 I TextToSpeech: Sucessfully bound to com.svox.pico
12-13 23:44:14.311  3935  4197 I LatinIME:LogUtils: Dictionary info: dictionary = contacts.en_US ; version = 1481672654 ; date = ?
12-13 23:44:14.312  4112  4112 E MediaPlayer-JNI: JNIMediaPlayerFactory: bIsQCMediaPlayerPresent 0
12-13 23:44:14.312  4112  4112 E MediaPlayer-JNI: JNIMediaPlayerFactory: bIsQCMediaPlayerPresent 0
12-13 23:44:14.321  4112  4112 D Ringtone: Problem opening; delegating to remote player
12-13 23:44:14.322  4112  4112 E MediaPlayer-JNI: JNIMediaPlayerFactory: bIsQCMediaPlayerPresent 0
12-13 23:44:14.322  4112  4112 E MediaPlayer-JNI: JNIMediaPlayerFactory: bIsQCMediaPlayerPresent 0
12-13 23:44:14.324  4112  4112 D Ringtone: Problem opening; delegating to remote player
12-13 23:44:14.327  4148  4148 W System  : ClassLoader referenced unknown path: /system/priv-app/WeatherProvider/lib/arm64
12-13 23:44:14.335  4164  4164 W System  : ClassLoader referenced unknown path: /system/priv-app/DownloadProvider/lib/arm64
12-13 23:44:14.347  4164  4164 W System  : ClassLoader referenced unknown path: /system/priv-app/MediaProvider/lib/arm64
12-13 23:44:14.350  3748  3791 D ContactDirectoryManager: Found com.android.exchange.directory.provider
12-13 23:44:14.355  3403  3475 D NotificationSQLiteLog: Pruned event entries: 0
12-13 23:44:14.361  4178  4178 V SynthProxy: About to load libttspico.so, applyFilter=true
12-13 23:44:14.362  3403  3562 I ActivityManager: Start proc 4211:com.android.exchange/u0a41 for content provider com.android.exchange/.provider.ExchangeDirectoryProvider
12-13 23:44:14.363  3682  3682 W QSTileHost: Error creating tile for spec: live_display
12-13 23:44:14.363  3682  3682 W QSTileHost: java.lang.IllegalArgumentException: Bad tile spec: live_display
12-13 23:44:14.363  3682  3682 W QSTileHost: 	at com.android.systemui.statusbar.phone.QSTileHost.createTile(QSTileHost.java:382)
12-13 23:44:14.363  3682  3682 W QSTileHost: 	at com.android.systemui.statusbar.phone.QSTileHost.onTuningChanged(QSTileHost.java:325)
12-13 23:44:14.363  3682  3682 W QSTileHost: 	at com.android.systemui.tuner.TunerService.addTunableByProvider(TunerService.java:114)
12-13 23:44:14.363  3682  3682 W QSTileHost: 	at com.android.systemui.statusbar.phone.QSTileHost.<init>(QSTileHost.java:153)
12-13 23:44:14.363  3682  3682 W QSTileHost: 	at com.android.systemui.statusbar.phone.PhoneStatusBar.makeStatusBarView(PhoneStatusBar.java:1189)
12-13 23:44:14.363  3682  3682 W QSTileHost: 	at com.android.systemui.statusbar.phone.PhoneStatusBar.addStatusBarWindow(PhoneStatusBar.java:3463)
12-13 23:44:14.363  3682  3682 W QSTileHost: 	at com.android.systemui.statusbar.phone.PhoneStatusBar.createAndAddWindows(PhoneStatusBar.java:3459)
12-13 23:44:14.363  3682  3682 W QSTileHost: 	at com.android.systemui.statusbar.BaseStatusBar.start(BaseStatusBar.java:631)
12-13 23:44:14.363  3682  3682 W QSTileHost: 	at com.android.systemui.statusbar.phone.PhoneStatusBar.start(PhoneStatusBar.java:818)
12-13 23:44:14.363  3682  3682 W QSTileHost: 	at com.android.systemui.statusbar.SystemBars.createStatusBarFromConfig(SystemBars.java:106)
12-13 23:44:14.363  3682  3682 W QSTileHost: 	at com.android.systemui.statusbar.SystemBars.onNoService(SystemBars.java:58)
12-13 23:44:14.363  3682  3682 W QSTileHost: 	at com.android.systemui.statusbar.ServiceMonitor.startService(ServiceMonitor.java:230)
12-13 23:44:14.363  3682  3682 W QSTileHost: 	at com.android.systemui.statusbar.ServiceMonitor.-wrap5(ServiceMonitor.java)
12-13 23:44:14.363  3682  3682 W QSTileHost: 	at com.android.systemui.statusbar.ServiceMonitor$1.handleMessage(ServiceMonitor.java:73)
12-13 23:44:14.363  3682  3682 W QSTileHost: 	at android.os.Handler.dispatchMessage(Handler.java:102)
12-13 23:44:14.363  3682  3682 W QSTileHost: 	at android.os.Looper.loop(Looper.java:148)
12-13 23:44:14.363  3682  3682 W QSTileHost: 	at android.app.ActivityThread.main(ActivityThread.java:5461)
12-13 23:44:14.363  3682  3682 W QSTileHost: 	at java.lang.reflect.Method.invoke(Native Method)
12-13 23:44:14.363  3682  3682 W QSTileHost: 	at com.android.internal.os.ZygoteInit$MethodAndArgsCaller.run(ZygoteInit.java:726)
12-13 23:44:14.363  3682  3682 W QSTileHost: 	at com.android.internal.os.ZygoteInit.main(ZygoteInit.java:616)
12-13 23:44:14.371  3682  3682 W CustomTileListenerService[]: CustomTile listener service not yet bound.
12-13 23:44:14.375  3682  3682 W Resources: Drawable com.android.systemui:drawable/ic_battery_circle has unresolved theme attributes! Consider using Resources.getDrawable(int, Theme) or Context.getDrawable(int).
12-13 23:44:14.375  3682  3682 W Resources: java.lang.RuntimeException
12-13 23:44:14.375  3682  3682 W Resources: 	at android.content.res.Resources.getDrawable(Resources.java:799)
12-13 23:44:14.375  3682  3682 W Resources: 	at com.android.systemui.BatteryMeterView$AllInOneBatteryMeterDrawable.loadBatteryDrawables(BatteryMeterView.java:637)
12-13 23:44:14.375  3682  3682 W Resources: 	at com.android.systemui.BatteryMeterView$AllInOneBatteryMeterDrawable.<init>(BatteryMeterView.java:492)
12-13 23:44:14.375  3682  3682 W Resources: 	at com.android.systemui.BatteryMeterView.createBatteryMeterDrawable(BatteryMeterView.java:264)
12-13 23:44:14.375  3682  3682 W Resources: 	at com.android.systemui.BatteryMeterView.setMode(BatteryMeterView.java:366)
12-13 23:44:14.375  3682  3682 W Resources: 	at com.android.systemui.BatteryMeterView.onBatteryStyleChanged(BatteryMeterView.java:336)
12-13 23:44:14.375  3682  3682 W Resources: 	at com.android.systemui.statusbar.policy.BatteryController.addStateChangedCallback(BatteryController.java:100)
12-13 23:44:14.375  3682  3682 W Resources: 	at com.android.systemui.BatteryMeterView.setBatteryStateRegistar(BatteryMeterView.java:283)
12-13 23:44:14.375  3682  3682 W Resources: 	at com.android.systemui.statusbar.phone.StatusBarHeaderView.setBatteryController(StatusBarHeaderView.java:350)
12-13 23:44:14.375  3682  3682 W Resources: 	at com.android.systemui.statusbar.phone.PhoneStatusBar.makeStatusBarView(PhoneStatusBar.java:1297)
12-13 23:44:14.375  3682  3682 W Resources: 	at com.android.systemui.statusbar.phone.PhoneStatusBar.addStatusBarWindow(PhoneStatusBar.java:3463)
12-13 23:44:14.375  3682  3682 W Resources: 	at com.android.systemui.statusbar.phone.PhoneStatusBar.createAndAddWindows(PhoneStatusBar.java:3459)
12-13 23:44:14.375  3682  3682 W Resources: 	at com.android.systemui.statusbar.BaseStatusBar.start(BaseStatusBar.java:631)
12-13 23:44:14.375  3682  3682 W Resources: 	at com.android.systemui.statusbar.phone.PhoneStatusBar.start(PhoneStatusBar.java:818)
12-13 23:44:14.375  3682  3682 W Resources: 	at com.android.systemui.statusbar.SystemBars.createStatusBarFromConfig(SystemBars.java:106)
12-13 23:44:14.375  3682  3682 W Resources: 	at com.android.systemui.statusbar.SystemBars.onNoService(SystemBars.java:58)
12-13 23:44:14.375  3682  3682 W Resources: 	at com.android.systemui.statusbar.ServiceMonitor.startService(ServiceMonitor.java:230)
12-13 23:44:14.375  3682  3682 W Resources: 	at com.android.systemui.statusbar.ServiceMonitor.-wrap5(ServiceMonitor.java)
12-13 23:44:14.375  3682  3682 W Resources: 	at com.android.systemui.statusbar.ServiceMonitor$1.handleMessage(ServiceMonitor.java:73)
12-13 23:44:14.375  3682  3682 W Resources: 	at android.os.Handler.dispatchMessage(Handler.java:102)
12-13 23:44:14.375  3682  3682 W Resources: 	at android.os.Looper.loop(Looper.java:148)
12-13 23:44:14.375  3682  3682 W Resources: 	at android.app.ActivityThread.main(ActivityThread.java:5461)
12-13 23:44:14.375  3682  3682 W Resources: 	at java.lang.reflect.Method.invoke(Native Method)
12-13 23:44:14.375  3682  3682 W Resources: 	at com.android.internal.os.ZygoteInit$MethodAndArgsCaller.run(ZygoteInit.java:726)
12-13 23:44:14.375  3682  3682 W Resources: 	at com.android.internal.os.ZygoteInit.main(ZygoteInit.java:616)
12-13 23:44:14.375  3682  3682 D BatteryMeterView: mTextGravity=17
12-13 23:44:14.376  3682  3682 D BatteryMeterView: mTextGravity=17
12-13 23:44:14.376  3682  3682 D BatteryMeterView: mTextGravity=17
12-13 23:44:14.379  3682  4129 D OpenGLRenderer: profile bars disabled
12-13 23:44:14.379  3682  4129 D OpenGLRenderer: ambientRatio = 1.50
12-13 23:44:14.385  2931  2947 D PermissionCache: checking android.permission.ACCESS_SURFACE_FLINGER for uid=10028 => granted (1669 us)
12-13 23:44:14.388  3682  3682 D PhoneStatusBar: disable: < EXPAND* icons alerts system_info BACK* HOME* RECENT* clock SEARCH* quick_settings >
12-13 23:44:14.388  4211  4211 W System  : ClassLoader referenced unknown path: /system/app/Exchange2/lib/arm64
12-13 23:44:14.405  3682  3682 D PhoneStatusBar: heads up is enabled
12-13 23:44:14.409  3682  3682 D StatusBar: user hasn't seen notification about hidden notifications
12-13 23:44:14.409  3682  3682 D StatusBar: insecure lockscreen, skipping notification
12-13 23:44:14.429  3682  3682 D ViewRootImpl: changeCanvasOpacity: opaque=true
12-13 23:44:14.430  2995  3488 W MediaCodecList: Component OMX.Exynos.MP3.Decoder does not support any type of media?
12-13 23:44:14.430  2995  3488 W MediaCodecList: Component OMX.Exynos.VC1.Decoder does not support any type of media?
12-13 23:44:14.430  2995  3488 W MediaCodecList: unable to open media codecs configuration xml file: /etc/media_codecs_performance.xml
12-13 23:44:14.430  2995  3488 W MediaCodecList: unable to open media codecs configuration xml file: /data/misc/media/media_codecs_profiling_results.xml
12-13 23:44:14.431  3403  3897 I OMXClient: Using client-side OMX mux.
12-13 23:44:14.431  3682  3859 I OMXClient: Using client-side OMX mux.
12-13 23:44:14.476  3403  4255 I OMXClient: Using client-side OMX mux.
12-13 23:44:14.480  4178  4178 I SVOX Pico Engine: loaded en-US successfully
12-13 23:44:14.488  3682  4258 I OMXClient: Using client-side OMX mux.
12-13 23:44:14.496  4164  4164 I DownloadManager: Upgrading downloads database from version 0 to version 109, which will destroy all old data
12-13 23:44:14.525  3682  4129 I OpenGLRenderer: Initialized EGL, version 1.4
12-13 23:44:14.529  3682  4129 D mali_winsys: EGLint new_window_surface(egl_winsys_display*, void*, EGLSurface, EGLConfig, egl_winsys_surface**, egl_color_buffer_format*, EGLBoolean) returns 0x3000,  [1440x96]-format:1
12-13 23:44:14.533  3403  4274 I OMXClient: Using client-side OMX mux.
12-13 23:44:14.547  3682  4280 I OMXClient: Using client-side OMX mux.
12-13 23:44:14.548  3403  3414 I ActivityManager: Start proc 4277:com.android.email/u0a48 for content provider com.android.email/.provider.EmailProvider
12-13 23:44:14.558  3403  3467 D WifiService: New client listening to asynchronous messages
12-13 23:44:14.562  3682  3682 D PhoneStatusBar: disable: < EXPAND ICONS* ALERTS* system_info BACK HOME RECENT clock SEARCH quick_settings >
12-13 23:44:14.562  3682  3682 D PhoneStatusBar: heads up is disabled
12-13 23:44:14.562  3682  3682 D PhoneStatusBar: dismissing any existing heads up notification on disable event
12-13 23:44:14.577  3748  3791 I ContactDirectoryManager: deleted 0 stale rows which don't have any relevant directory
12-13 23:44:14.589  3403  4294 I OMXClient: Using client-side OMX mux.
12-13 23:44:14.593  4277  4277 W System  : ClassLoader referenced unknown path: /system/app/Email/lib/arm64
12-13 23:44:14.626  3403  4297 I OMXClient: Using client-side OMX mux.
12-13 23:44:14.646  3748  3791 I ContactDirectoryManager: Discovered 0 contact directories in 413ms
12-13 23:44:14.654  3748  3791 I ContactsProvider: Upgrading aggregation algorithm
12-13 23:44:14.656  3935  4197 I LatinIME:LogUtils: Dictionary info: dictionary = userunigram.en_US ; version = 1481672654 ; date = ?
12-13 23:44:14.657  3748  3791 I ContactAggregator: Marked all visible contacts for aggregation: 0 raw contacts, 2 ms
12-13 23:44:14.668  3403  4301 I OMXClient: Using client-side OMX mux.
12-13 23:44:14.713  3403  4000 I ActivityManager: Start proc 4304:com.cyanogenmod.eleven/u0a40 for broadcast com.cyanogenmod.eleven/.MediaButtonIntentReceiver
12-13 23:44:14.725  3969  4310 D AudioFx-AudioOutputChangeListener: onAudioOutputChanged id: 2 type: 2 name: SM-G935F address:  [android.media.AudioDeviceInfo@566a265]
12-13 23:44:14.726  3969  3969 D AudioFxService: rebuilding presets due to preference upgrade from 0 to 3
12-13 23:44:14.739  4304  4304 W System  : ClassLoader referenced unknown path: /system/app/Eleven/lib/arm64
12-13 23:44:14.755  2995  4082 D PermissionCache: checking android.permission.MODIFY_AUDIO_SETTINGS for uid=10003 => granted (180 us)
12-13 23:44:14.756  3969  3969 W Equalizer: WARNING: attaching an Equalizer to global output mix is deprecated!
12-13 23:44:14.757  3969  3969 W BassBoost: WARNING: attaching a BassBoost to global output mix is deprecated!
12-13 23:44:14.757  3969  3969 W Virtualizer: WARNING: attaching a Virtualizer to global output mix is deprecated!
12-13 23:44:14.803  3982  3982 D TelephonyProvider: dbh.onCreate:+ db=SQLiteDatabase: /data/user/0/com.android.providers.telephony/databases/telephony.db
12-13 23:44:14.804  3982  3982 D TelephonyProvider: dbh.createSimInfoTable:+
12-13 23:44:14.805  3982  3982 D TelephonyProvider: dbh.createSimInfoTable:-
12-13 23:44:14.805  3982  3982 D TelephonyProvider: dbh.createCarriersTable: carriers
12-13 23:44:14.806  3982  3982 D TelephonyProvider: dbh.createCarriersTable:-
12-13 23:44:14.806  3982  3982 D TelephonyProvider: No APNs in OEM image = /oem/telephony/apns-conf.xml Load APNs from system image
12-13 23:44:14.806  3982  3982 D TelephonyProvider: No APNs in OEM image = /data/misc/apns-conf.xml Load APNs from system image
12-13 23:44:14.806  3982  3982 D TelephonyProvider: confFile = /system/etc/apns-conf.xml
