12-04 23:34:31.451  3341  3367 I PackageManager: New shared user android.uid.systemui: id=10028
12-04 23:34:31.548  3341  3341 D PackageManager: end scanDirLI:/system/priv-app
12-04 23:34:31.548  3341  3341 D PackageManager: start scanDirLI:/system/app
12-04 23:34:31.548  3341  3341 D PackageManager: max thread:6
12-04 23:34:31.554  3341  3371 I PackageManager: /system/app/BasicDreams changed; collecting certs
12-04 23:34:31.555  3341  3368 I PackageManager: /system/app/CMWallpapers changed; collecting certs
12-04 23:34:31.555  3341  3370 I PackageManager: /system/app/BluetoothMidiService changed; collecting certs
12-04 23:34:31.562  3341  3369 W PackageParser: No actions in intent filter at /system/app/Bluetooth/Bluetooth.apk Binary XML file line #235
12-04 23:34:31.562  3341  3367 W PackageParser: No actions in intent filter at /system/app/CMFileManager/CMFileManager.apk Binary XML file line #164
12-04 23:34:31.563  3341  3372 I PackageManager: /system/app/Browser changed; collecting certs
12-04 23:34:31.563  3341  3367 I PackageManager: /system/app/CMFileManager changed; collecting certs
12-04 23:34:31.564  3341  3369 I PackageManager: /system/app/Bluetooth changed; collecting certs
12-04 23:34:31.574  3341  3370 I PackageManager: /system/app/Calendar changed; collecting certs
12-04 23:34:31.577  3341  3371 I PackageManager: /system/app/Camera2 changed; collecting certs
12-04 23:34:31.582  3341  3369 I PackageManager: /system/app/CaptivePortalLogin changed; collecting certs
12-04 23:34:31.598  3341  3368 I PackageManager: /system/app/CertInstaller changed; collecting certs
12-04 23:34:31.615  3341  3369 I PackageManager: /system/app/DeskClock changed; collecting certs
12-04 23:34:31.621  3341  3372 I PackageManager: /system/app/Development changed; collecting certs
12-04 23:34:31.621  3341  3368 I PackageManager: /system/app/DocumentsUI changed; collecting certs
12-04 23:34:31.633  3341  3367 I PackageManager: /system/app/DownloadProviderUi changed; collecting certs
12-04 23:34:31.654  3341  3367 I PackageManager: /system/app/ExactCalculator changed; collecting certs
12-04 23:34:31.659  3341  3370 I PackageManager: /system/app/Eleven changed; collecting certs
12-04 23:34:31.668  3341  3368 I PackageManager: /system/app/Exchange2 changed; collecting certs
12-04 23:34:31.674  3341  3372 I PackageManager: /system/app/Email changed; collecting certs
12-04 23:34:31.679  3341  3367 I PackageManager: /system/app/Galaxy4 changed; collecting certs
12-04 23:34:31.692  3341  3371 I PackageManager: /system/app/HTMLViewer changed; collecting certs
12-04 23:34:31.703  3341  3368 W PackageParser: Unknown element under <application>: permission at /system/app/Gallery2/Gallery2.apk Binary XML file line #279
12-04 23:34:31.703  3341  3368 W PackageParser: Unknown element under <application>: permission at /system/app/Gallery2/Gallery2.apk Binary XML file line #282
12-04 23:34:31.704  3341  3368 I PackageManager: /system/app/Gallery2 changed; collecting certs
12-04 23:34:31.708  3341  3370 I PackageManager: /system/app/HoloSpiralWallpaper changed; collecting certs
12-04 23:34:31.713  3341  3369 I PackageManager: /system/app/KeyChain changed; collecting certs
12-04 23:34:31.715  3341  3367 I PackageManager: /system/app/HexoLibre changed; collecting certs
12-04 23:34:31.725  3341  3370 I PackageManager: /system/app/LiveWallpapers changed; collecting certs
12-04 23:34:31.728  3341  3369 I PackageManager: /system/app/LiveWallpapersPicker changed; collecting certs
12-04 23:34:31.734  3341  3371 I PackageManager: /system/app/LatinIME changed; collecting certs
12-04 23:34:31.756  3341  3370 I PackageManager: /system/app/NoiseField changed; collecting certs
12-04 23:34:31.757  3341  3369 I PackageManager: /system/app/LockClock changed; collecting certs
12-04 23:34:31.768  3341  3372 I PackageManager: /system/app/PacProcessor changed; collecting certs
12-04 23:34:31.779  3341  3372 I PackageManager: /system/app/PhaseBeam changed; collecting certs
12-04 23:34:31.784  3341  3370 I PackageManager: /system/app/PhotoPhase changed; collecting certs
12-04 23:34:31.792  3341  3372 I PackageManager: /system/app/PhotoTable changed; collecting certs
12-04 23:34:31.799  3341  3368 I PackageManager: /system/app/PicoTts changed; collecting certs
12-04 23:34:31.808  3341  3370 I PackageManager: /system/app/Profiles changed; collecting certs
12-04 23:34:31.809  3341  3372 I PackageManager: /system/app/PrintSpooler changed; collecting certs
12-04 23:34:31.810  3341  3368 I PackageManager: /system/app/Provision changed; collecting certs
12-04 23:34:31.819  3341  3370 I PackageManager: /system/app/RootPA changed; collecting certs
12-04 23:34:31.822  3341  3368 I PackageManager: /system/app/SamsungServiceMode changed; collecting certs
12-04 23:34:31.836  3341  3372 I PackageManager: /system/app/SoundRecorder changed; collecting certs
12-04 23:34:31.842  3341  3370 I PackageManager: /system/app/Stk changed; collecting certs
12-04 23:34:31.844  3341  3368 I PackageManager: /system/app/Terminal changed; collecting certs
12-04 23:34:31.845  3341  3369 I PackageManager: /system/app/UserDictionaryProvider changed; collecting certs
12-04 23:34:31.851  3341  3372 I PackageManager: /system/app/WAPPushManager changed; collecting certs
12-04 23:34:31.857  3341  3367 W PackageManager: Failed to parse /system/app/mcRegistry: Missing base APK in /system/app/mcRegistry
12-04 23:34:31.860  3341  3369 I PackageManager: /system/app/WallpaperPicker changed; collecting certs
12-04 23:34:31.867  3341  3370 I PackageManager: /system/app/telresources changed; collecting certs
12-04 23:34:31.870  3341  3368 I PackageManager: /system/app/webview changed; collecting certs
12-04 23:34:31.881  3341  3367 I PackageManager: /system/app/messaging changed; collecting certs
12-04 23:34:32.044  3341  3341 D PackageManager: end scanDirLI:/system/app
12-04 23:34:32.044  3341  3341 D PackageManager: No files in app dir /system/vendor/app
12-04 23:34:32.044  3341  3341 D PackageManager: No files in app dir /oem/app
12-04 23:34:32.044  3341  3341 D PackageManager: No files in app dir /vendor/bundled-app
12-04 23:34:32.045  3341  3341 D PackageManager: No files in app dir /data/app
12-04 23:34:32.045  3341  3341 D PackageManager: No files in app dir /data/app-private
12-04 23:34:32.045  3341  3341 W PackageManager: Package com.android.dialer desires unavailable shared library com.qualcomm.qti.smartsearch; ignoring!
12-04 23:34:32.045  3341  3341 W PackageManager: Package com.android.gallery3d desires unavailable shared library com.google.android.media.effects; ignoring!
12-04 23:34:32.045  3341  3341 W PackageManager: Package com.android.gallery3d desires unavailable shared library com.google.android.media.effects; ignoring!
12-04 23:34:32.045  3341  3341 I PackageManager: Adjusting ABI for : com.android.keychain to arm64-v8a
12-04 23:34:32.045  3341  3341 I PackageManager: Adjusting ABI for : com.cyanogenmod.setupwizard to arm64-v8a
12-04 23:34:32.045  3341  3341 I PackageManager: Adjusting ABI for : com.android.server.telecom to arm64-v8a
12-04 23:34:32.045  3341  3341 I PackageManager: Adjusting ABI for : com.android.location.fused to arm64-v8a
12-04 23:34:32.045  3341  3341 I PackageManager: Adjusting ABI for : com.android.settings to arm64-v8a
12-04 23:34:32.046  3341  3341 I PackageManager: Adjusting ABI for : com.android.inputdevices to arm64-v8a
12-04 23:34:32.046  3341  3341 I PackageManager: Adjusting ABI for : org.cyanogenmod.cmsettings to arm64-v8a
12-04 23:34:32.046  3341  3341 I PackageManager: Adjusting ABI for : com.android.development to arm64-v8a
12-04 23:34:32.046  3341  3341 I PackageManager: Adjusting ABI for : cyanogenmod.platform to arm64-v8a
12-04 23:34:32.046  2946  2946 E installd: invalid apk path '/system/framework/org.cyanogenmod.platform-res.apk' (bad prefix)
12-04 23:34:32.046  3341  3341 I PackageManager: Adjusting ABI for : com.android.providers.settings to arm64-v8a
12-04 23:34:32.046  3341  3341 I PackageManager: Adjusting ABI for : org.cyanogenmod.providers.datausage to arm64-v8a
12-04 23:34:32.046  3341  3341 I PackageManager: Time to scan packages: 1.33 seconds
12-04 23:34:32.047  3341  3341 W PackageManager: Unknown permission com.google.android.googleapps.permission.GOOGLE_AUTH in package com.android.providers.calendar
12-04 23:34:32.047  3341  3341 W PackageManager: Unknown permission com.google.android.googleapps.permission.GOOGLE_AUTH.cl in package com.android.providers.calendar
12-04 23:34:32.047  3341  3341 W PackageManager: Not granting permission android.permission.REAL_GET_TASKS to package org.cyanogenmod.wallpapers.photophase (protectionLevel=18 flags=0x3818be45)
12-04 23:34:32.047  3341  3341 W PackageManager: Unknown permission android.permission.CANCEL_NOTIFICATIONS in package org.cyanogenmod.theme.chooser2
12-04 23:34:32.048  3341  3341 W PackageManager: Unknown permission com.cyanogen.ambient.permission.BIND_CALLER_INFO in package com.android.messaging
12-04 23:34:32.048  3341  3341 W PackageManager: Unknown permission com.cyanogen.ambient.permission.BIND_RIDEINPROGRESS_SERVICE in package com.android.messaging
12-04 23:34:32.048  3341  3341 W PackageManager: Unknown permission com.cyanogen.ambient.permission.BIND_RIDESHARING_SERVICE in package com.android.messaging
12-04 23:34:32.048  3341  3341 W PackageManager: Not granting permission android.permission.ACCESS_DOWNLOAD_MANAGER to package com.android.browser (protectionLevel=18 flags=0x3849be45)
12-04 23:34:32.048  3341  3341 W PackageManager: Not granting permission android.permission.SEND_DOWNLOAD_COMPLETED_INTENTS to package com.android.browser (protectionLevel=2 flags=0x3849be45)
12-04 23:34:32.048  3341  3341 W PackageManager: Unknown permission com.cyngn.stats.SEND_ANALYTICS in package com.cyanogenmod.setupwizard
12-04 23:34:32.048  3341  3341 W PackageManager: Unknown permission com.cyanogen.permission.REQUEST_KILL_SWITCH_OP in package com.cyanogenmod.setupwizard
12-04 23:34:32.048  3341  3341 W PackageManager: Unknown permission com.cyanogen.ambient.permission.BIND_INCALL_SERVICE in package com.android.contacts
12-04 23:34:32.048  3341  3341 W PackageManager: Unknown permission com.cyanogen.ambient.permission.PLUGIN_STATUS_CHANGED in package com.android.contacts
12-04 23:34:32.048  3341  3341 W PackageManager: Unknown permission com.cyanogen.ambient.permission.BIND_CALLER_INFO in package com.android.contacts
12-04 23:34:32.049  3341  3341 W PackageManager: Unknown permission com.google.android.googleapps.permission.GOOGLE_AUTH.mail in package com.android.calendar
12-04 23:34:32.049  3341  3341 W PackageManager: Unknown permission com.android.launcher.permission.READ_SETTINGS in package com.android.onetimeinitializer
12-04 23:34:32.049  3341  3341 W PackageManager: Unknown permission com.android.launcher.permission.WRITE_SETTINGS in package com.android.onetimeinitializer
12-04 23:34:32.049  3341  3341 W PackageManager: Unknown permission com.cyanogen.ambient.permission.BIND_INCALL_SERVICE in package com.android.dialer
12-04 23:34:32.049  3341  3341 W PackageManager: Unknown permission com.cyanogen.ambient.permission.PLUGIN_STATUS_CHANGED in package com.android.dialer
12-04 23:34:32.049  3341  3341 W PackageManager: Unknown permission com.cyanogen.ambient.permission.PUBLISH_DISCOVERY_NUDGE in package com.android.dialer
12-04 23:34:32.049  3341  3341 W PackageManager: Unknown permission com.cyanogen.ambient.permission.BIND_DEEPLINK_SERVICE in package com.android.dialer
12-04 23:34:32.049  3341  3341 W PackageManager: Unknown permission com.cyanogen.ambient.permission.READ_DEEPLINK_DATABASE in package com.android.dialer
12-04 23:34:32.049  3341  3341 W PackageManager: Unknown permission com.cyanogen.ambient.permission.BIND_CALLER_INFO in package com.android.dialer
12-04 23:34:32.050  3341  3341 W PackageManager: Unknown permission com.android.launcher.permission.READ_SETTINGS in package com.cyanogenmod.trebuchet
12-04 23:34:32.050  3341  3341 W PackageManager: Unknown permission com.android.launcher.permission.WRITE_SETTINGS in package com.cyanogenmod.trebuchet
12-04 23:34:32.050  3341  3341 W PackageManager: Unknown permission com.cyngn.stats.SEND_ANALYTICS in package com.cyanogenmod.trebuchet
12-04 23:34:32.050  3341  3341 W PackageManager: Unknown permission com.google.android.permission.INSTALL_WEARABLE_PACKAGES in package com.android.packageinstaller
12-04 23:34:32.050  3341  3341 W PackageManager: Not granting permission android.permission.DELETE_PACKAGES to package com.svox.pico (protectionLevel=18 flags=0x3808be45)
12-04 23:34:32.050  3341  3341 W PackageManager: Unknown permission android.permission.ACCESS_SUPERUSER in package com.cyanogenmod.filemanager
12-04 23:34:32.050  3341  3341 W PackageManager: Unknown permission com.cyanogenmod.filemanager.permissions.READ_THEME in package com.cyanogenmod.filemanager
12-04 23:34:32.050  3341  3341 W PackageManager: Unknown permission com.google.android.gallery3d.permission.PICASA_STORE in package com.android.dreams.phototable
12-04 23:34:32.050  3341  3341 W PackageManager: Unknown permission com.google.android.googleapps.permission.GOOGLE_AUTH in package com.android.settings
12-04 23:34:32.050  3341  3341 W PackageManager: Unknown permission com.android.launcher.permission.READ_SETTINGS in package com.android.settings
12-04 23:34:32.050  3341  3341 W PackageManager: Unknown permission com.android.launcher.permission.WRITE_SETTINGS in package com.android.settings
12-04 23:34:32.051  3341  3341 W PackageManager: Not granting permission android.permission.REAL_GET_TASKS to package com.cyanogenmod.eleven (protectionLevel=18 flags=0x3818be65)
12-04 23:34:32.053  3341  3341 W PackageManager: Unknown permission com.google.android.gallery3d.permission.GALLERY_PROVIDER in package com.android.bluetooth
12-04 23:34:32.053  3341  3341 W PackageManager: Unknown permission com.google.android.googleapps.permission.ACCESS_GOOGLE_PASSWORD in package com.android.development
12-04 23:34:32.053  3341  3341 W PackageManager: Unknown permission com.google.android.googleapps.permission.GOOGLE_AUTH in package com.android.development
12-04 23:34:32.053  3341  3341 W PackageManager: Unknown permission com.google.android.googleapps.permission.GOOGLE_AUTH.ALL_SERVICES in package com.android.development
12-04 23:34:32.053  3341  3341 W PackageManager: Unknown permission com.google.android.googleapps.permission.GOOGLE_AUTH.YouTubeUser in package com.android.development
12-04 23:34:32.054  3341  3341 V PackageManager: Disabling com.google.android.gsf/com.google.android.gsf.update.SystemUpdateActivity
12-04 23:34:32.054  3341  3341 W PackageManager: Unable to disable com.google.android.gsf/com.google.android.gsf.update.SystemUpdateActivity
12-04 23:34:32.054  3341  3341 V PackageManager: Disabling com.google.android.gsf/com.google.android.gsf.update.SystemUpdateService$Receiver
12-04 23:34:32.054  3341  3341 W PackageManager: Unable to disable com.google.android.gsf/com.google.android.gsf.update.SystemUpdateService$Receiver
12-04 23:34:32.054  3341  3341 V PackageManager: Disabling com.google.android.gsf/com.google.android.gsf.update.SystemUpdateService$SecretCodeReceiver
12-04 23:34:32.054  3341  3341 W PackageManager: Unable to disable com.google.android.gsf/com.google.android.gsf.update.SystemUpdateService$SecretCodeReceiver
12-04 23:34:32.054  3341  3341 V PackageManager: Disabling com.google.android.gms/com.google.android.gms.update.SystemUpdateActivity
12-04 23:34:32.054  3341  3341 W PackageManager: Unable to disable com.google.android.gms/com.google.android.gms.update.SystemUpdateActivity
12-04 23:34:32.054  3341  3341 V PackageManager: Disabling com.google.android.gms/com.google.android.gms.update.SystemUpdateService$Receiver
12-04 23:34:32.054  3341  3341 W PackageManager: Unable to disable com.google.android.gms/com.google.android.gms.update.SystemUpdateService$Receiver
12-04 23:34:32.054  3341  3341 V PackageManager: Disabling com.google.android.gms/com.google.android.gms.update.SystemUpdateService$ActiveReceiver
12-04 23:34:32.054  3341  3341 W PackageManager: Unable to disable com.google.android.gms/com.google.android.gms.update.SystemUpdateService$ActiveReceiver
12-04 23:34:32.054  3341  3341 V PackageManager: Disabling com.google.android.gms/com.google.android.gms.update.SystemUpdateService$SecretCodeReceiver
12-04 23:34:32.054  3341  3341 W PackageManager: Unable to disable com.google.android.gms/com.google.android.gms.update.SystemUpdateService$SecretCodeReceiver
12-04 23:34:32.054  3341  3341 V PackageManager: Enabling com.google.android.gsf/com.google.android.gsf.update.SystemUpdateService
12-04 23:34:32.054  3341  3341 W PackageManager: Unable to enable com.google.android.gsf/com.google.android.gsf.update.SystemUpdateService
12-04 23:34:32.054  3341  3341 V PackageManager: Enabling com.google.android.gms/com.google.android.gms.update.SystemUpdateService
12-04 23:34:32.054  3341  3341 W PackageManager: Unable to enable com.google.android.gms/com.google.android.gms.update.SystemUpdateService
12-04 23:34:32.094  3341  3341 I art     : Starting a blocking GC Explicit
12-04 23:34:32.120  3341  3341 I art     : Explicit concurrent mark sweep GC freed 255798(14MB) AllocSpace objects, 48(4MB) LOS objects, 33% free, 27MB/41MB, paused 187us total 25.761ms
12-04 23:34:32.120  3341  3341 I SystemServer: User Service
12-04 23:34:32.126  2935  2935 I lowmemorykiller: ActivityManager connected
12-04 23:34:32.127  3341  3374 I         : System server: starting sensor init.
12-04 23:34:32.127  3341  3374 D SensorService: nuSensorService starting...
12-04 23:34:32.127  3341  3341 I SystemServiceManager: Starting com.android.server.BatteryService
12-04 23:34:32.130  3341  3374 I Sensors : getName:gyro_sensor name = K6DS3TR.
12-04 23:34:32.130  3341  3374 I Sensors : Proximity old sensor_state 0, new sensor_state : 128 en : 1
12-04 23:34:32.132  3341  3341 I SystemServiceManager: Starting com.android.server.usage.UsageStatsService
12-04 23:34:32.146  3341  3374 I Sensors : Light old sensor_state 128, new sensor_state : 640 en : 1
12-04 23:34:32.147  3341  3341 I UsageStatsDatabase: Upgrading from version 0 to 3
12-04 23:34:32.147  3341  3341 I UsageStatsDatabase: Deleting all usage stats files
12-04 23:34:32.148  3341  3341 I UsageStatsService: User[0] Rollover scheduled @ 2016-12-05 00:00:00(1480896000000)
12-04 23:34:32.151  3341  3374 I Sensors : Light_IR old sensor_state 640, new sensor_state : 16777856 en : 1
12-04 23:34:32.151  3341  3374 E Sensors : Light_IR_Sensor write failed. ret = -1, sensor_state = 16777856
12-04 23:34:32.152  3341  3341 I UsageStatsService: User[0] Flushing usage stats to disk
12-04 23:34:32.152  3341  3374 I Sensors : SigMotionSensor old sensor_state 640, new sensor_state : 17024 en : 1
12-04 23:34:32.157  3341  3374 I Sensors : getName:gyro_sensor name = K6DS3TR.
12-04 23:34:32.158  3341  3374 I Sensors : StepCounterSensor old sensor_state 17024, new sensor_state : 279168 en : 1
12-04 23:34:32.158  3341  3374 E Sensors : StepCounterSensor write failed. ret = -1, sensor_state = 279168
12-04 23:34:32.158  3341  3374 I Sensors : Int.Gyro old sensor_state 17024, new sensor_state : 33571456 en : 1
12-04 23:34:32.158  3341  3374 E Sensors : Int.GyroSensor write failed. ret = -1, sensor_state = 33571456
12-04 23:34:32.158  3341  3374 I Sensors : getName:gyro_sensor name = K6DS3TR.
12-04 23:34:32.158  3341  3374 I Sensors : HrmSpO2Sensor:: part type = 12.
12-04 23:34:32.158  3341  3374 D Sensors : HrmSpO2Sensor::type:12, prox threshold:10000
12-04 23:34:32.158  3341  3374 D Sensors : HrmSpO2Sensor::handle:0 ,en:1
12-04 23:34:32.158  3341  3374 E Sensors : HrmSpO2Sensor::Error MAXIM Flicker Library...handle=0x0
12-04 23:34:32.158  3341  3374 D Sensors : HrmSpO2Sensor::HrmSpO2Sensor: Shared version Registered
12-04 23:34:32.158  3341  3374 D Sensors : HrmLedSensor enable: mEnabled 0, handle 20, en 1
12-04 23:34:32.159  3341  3374 D Sensors : HRMSensor led enabled:1, en:1
12-04 23:34:32.162  3341  3341 I SystemServiceManager: Starting com.android.server.webkit.WebViewUpdateService
12-04 23:34:32.163  3341  3374 I Sensors : getVendor:hrm_sensor vendor = MAXIM.
12-04 23:34:32.163  3341  3341 I SystemServer: Reading configuration...
12-04 23:34:32.163  3341  3374 I Sensors : HrmLedSensor: HrmLedSensor vendor = MAXIM.
12-04 23:34:32.163  3341  3341 I SystemServer: Scheduling Policy
12-04 23:34:32.164  3341  3374 D Sensors : HRMSensor_LED::libhr open start!! 
12-04 23:34:32.164  3341  3374 E Sensors : HRMSensor_LED::libhr open failed 
12-04 23:34:32.164  3341  3374 E Sensors : GripSensor: enable
12-04 23:34:32.164  3341  3341 I SystemServiceManager: Starting com.android.server.telecom.TelecomLoaderService
12-04 23:34:32.165  3341  3341 I SystemServer: Telephony Registry
12-04 23:34:32.166  3341  3341 I SystemServer: Entropy Mixer
12-04 23:34:32.167  3341  3341 W EntropyMixer: No existing entropy file -- first boot?
12-04 23:34:32.185  3341  3341 I EntropyMixer: Added HW RNG output to entropy pool
12-04 23:34:32.185  3341  3341 I EntropyMixer: Writing entropy...
12-04 23:34:32.189  3341  3374 I Sensors : Proximity old sensor_state 17024, new sensor_state : 16896 en : 0
12-04 23:34:32.189  3341  3374 I Sensors : Light old sensor_state 16896, new sensor_state : 16384 en : 0
12-04 23:34:32.189  3341  3374 I Sensors : SigMotionSensor old sensor_state 16384, new sensor_state : 0 en : 0
12-04 23:34:32.189  3341  3374 E Sensors : GripSensor: enable
12-04 23:34:32.190  3341  3374 D Sensors : HrmSpO2Sensor::handle:19 ,en:0
12-04 23:34:32.190  3341  3374 D Sensors : HrmSpO2Sensor::isEnabled:0 ,en:0, mEn:0
12-04 23:34:32.190  3341  3374 D Sensors : HrmSpO2Sensor::handle:28 ,en:0
12-04 23:34:32.190  3341  3374 D Sensors : HrmSpO2Sensor::isEnabled:0 ,en:0, mEn:0
12-04 23:34:32.190  3341  3374 D Sensors : HrmLedSensor enable: mEnabled 1, handle 20, en 0
12-04 23:34:32.190  3341  3374 D Sensors : HRMSensor_LED::enable 
12-04 23:34:32.190  3341  3374 D Sensors : HRMSensor led enabled:0, en:0
12-04 23:34:32.191  3341  3374 D Sensors : HrmLedSensor enable: mEnabled 0, handle 21, en 0
12-04 23:34:32.191  3341  3374 D Sensors : HrmLedSensor isEnabled:0 ,en:0
12-04 23:34:32.191  3341  3374 D Sensors : HrmSpO2Sensor::handle:18 ,en:0
12-04 23:34:32.191  3341  3374 D Sensors : HrmSpO2Sensor::isEnabled:0 ,en:0, mEn:0
12-04 23:34:32.191  3341  3374 I         : System server: sensor init done.
12-04 23:34:32.191  3341  3382 D SensorService: nuSensorService thread starting...
12-04 23:34:32.192  3341  3381 D SensorService: new thread SensorEventAckReceiver
12-04 23:34:32.193  3341  3341 I SystemServer: Camera Service
12-04 23:34:32.193  3341  3341 I SystemServiceManager: Starting com.android.server.camera.CameraService
12-04 23:34:32.195  3341  3383 I ServiceThread: Enabled StrictMode logging for CameraService_proxy looper.
12-04 23:34:32.199  3341  3341 I SystemServer: Account Manager
12-04 23:34:32.200  3341  3341 I SystemServer: Content Manager
12-04 23:34:32.202  3341  3341 I SystemServer: System Content Providers
12-04 23:34:32.203  3341  3341 W System  : ClassLoader referenced unknown path: /system/priv-app/CMSettingsProvider/lib/arm64
12-04 23:34:32.223  3341  3341 D ActivityThread: Loading provider settings: com.android.providers.settings.SettingsProvider
12-04 23:34:32.225  3341  3341 W System  : ClassLoader referenced unknown path: /system/priv-app/SettingsProvider/lib/arm64
12-04 23:34:32.249  3341  3341 W SettingsProvider: Invalid ro.telephony.default_network: 
12-04 23:34:32.261  3341  3341 D SettingsProvider: Generated and saved new ANDROID_ID [8bea23f5a7256f] for user 0
12-04 23:34:32.280  3341  3341 I SystemServer: Vibrator Service
12-04 23:34:32.280  3341  3354 I SyncManager: No initial accounts
12-04 23:34:32.280  3341  3354 I SyncManager: No initial status
12-04 23:34:32.281  3341  3354 I SyncManager: No initial statistics
12-04 23:34:32.281  3341  3341 I SystemServer: Consumer IR Service
12-04 23:34:32.281  3341  3341 E ConsumerIrService: Can't open consumer IR HW Module, error: -2
12-04 23:34:32.281  3341  3341 I SystemServiceManager: Starting com.android.server.AlarmManagerService
12-04 23:34:32.294  3341  3341 I SystemServer: Init Watchdog
12-04 23:34:32.294  3341  3341 I SystemServer: Input Manager
12-04 23:34:32.295  3341  3341 I InputManager: Initializing input manager, mUseDevInputEventForAudioJack=false
12-04 23:34:32.295  3341  3341 I SystemServer: Window Manager
12-04 23:34:32.303  3341  3360 I WindowManager: No existing display settings /data/system/display_settings.xml; starting empty
12-04 23:34:32.324  3341  3341 I InputManager: Starting input manager
12-04 23:34:32.325  3341  3341 I SystemServer: Bluetooth Service
12-04 23:34:32.325  3341  3397 D EventHub: No input device configuration file found for device 'certify_hall'.
12-04 23:34:32.325  3341  3341 I SystemServiceManager: Starting com.android.server.BluetoothService
12-04 23:34:32.326  3341  3341 D BluetoothManagerService: Loading stored name and address
12-04 23:34:32.326  3341  3341 D BluetoothManagerService: Stored bluetooth Name=null,Address=null
12-04 23:34:32.326  3341  3341 D BluetoothService: onStart: publishing BluetoothManagerService
12-04 23:34:32.326  3341  3341 I SystemServer: Input Method Service
12-04 23:34:32.353  3341  3341 W InputMethodManagerService: No IME selected. Choose the most applicable IME.
12-04 23:34:32.353  3341  3341 I InputMethodManagerService: Default found, using com.android.inputmethod.latin/.LatinIME
12-04 23:34:32.354  3341  3341 I SystemServer: Accessibility Manager
12-04 23:34:32.355  3341  3341 I ActivityManager: choosing minFree values for 64 Bit
12-04 23:34:32.355  3341  3341 I ActivityManager: choosing minFree values for 64 Bit
12-04 23:34:32.355  3341  3341 I ActivityManager: choosing minFree values for 64 Bit
12-04 23:34:32.355  3341  3341 I ActivityManager: choosing minFree values for 64 Bit
12-04 23:34:32.355  3341  3341 I ActivityManager: choosing minFree values for 64 Bit
12-04 23:34:32.355  3341  3341 I ActivityManager: choosing minFree values for 64 Bit
12-04 23:34:32.356  3341  3341 I ActivityManager: Config changes=1df8 {1.0 ?mcc?mnc en_US ldltr sw360dp w360dp h640dp 640dpi nrml long port ?uimode ?night -touch -keyb/h/h -nav/h s.2 themeResource=null}
12-04 23:34:32.358  3341  3341 I ActivityManager: Config changes=400 {1.0 ?mcc?mnc en_US ldltr sw360dp w360dp h616dp 640dpi nrml long port ?uimode ?night -touch -keyb/h/h -nav/h s.3 themeResource=null}
12-04 23:34:32.358  3341  3341 I SystemServiceManager: Starting com.android.server.MountService$Lifecycle
12-04 23:34:32.362  3341  3398 D MountService: Thinking about reset, mSystemReady=false, mDaemonConnected=true
12-04 23:34:32.362  3341  3341 I SystemServiceManager: Starting com.android.server.UiModeManagerService
12-04 23:34:32.362  3341  3398 D MountService: Thinking about reset, mSystemReady=false, mDaemonConnected=true
12-04 23:34:32.363  3341  3398 D CryptdConnector: SND -> {1 cryptfs getfield SystemLocale}
12-04 23:34:32.363  2921  2967 I Ext4Crypt: ext4 crypto complete called on /data
12-04 23:34:32.363  2921  2967 I Ext4Crypt: No master key, so not ext4enc
12-04 23:34:32.363  3341  3341 I ActivityManager: Config changes=200 {1.0 ?mcc?mnc en_US ldltr sw360dp w360dp h616dp 640dpi nrml long port -touch -keyb/h/h -nav/h s.4 themeResource=null}
12-04 23:34:32.363  3341  3400 D CryptdConnector: RCV <- {200 1 -1}
12-04 23:34:32.363  3341  3398 W MountService: No primary storage mounted!
12-04 23:34:32.363  3341  3398 D VoldConnector: SND -> {1 asec list}
12-04 23:34:32.364  3341  3399 D VoldConnector: RCV <- {200 1 asec operation succeeded}
12-04 23:34:32.364  3341  3398 I PackageManager: No secure containers found
12-04 23:34:32.364  3341  3398 W PackageManager: Unknown permission com.google.android.googleapps.permission.GOOGLE_AUTH in package com.android.providers.calendar
12-04 23:34:32.364  3341  3398 W PackageManager: Unknown permission com.google.android.googleapps.permission.GOOGLE_AUTH.cl in package com.android.providers.calendar
12-04 23:34:32.364  3341  3398 W PackageManager: Not granting permission android.permission.REAL_GET_TASKS to package org.cyanogenmod.wallpapers.photophase (protectionLevel=18 flags=0x3898be45)
12-04 23:34:32.364  3341  3398 W PackageManager: Unknown permission android.permission.CANCEL_NOTIFICATIONS in package org.cyanogenmod.theme.chooser2
12-04 23:34:32.364  3341  3398 W PackageManager: Unknown permission com.cyanogen.ambient.permission.BIND_CALLER_INFO in package com.android.messaging
12-04 23:34:32.364  3341  3398 W PackageManager: Unknown permission com.cyanogen.ambient.permission.BIND_RIDEINPROGRESS_SERVICE in package com.android.messaging
12-04 23:34:32.364  3341  3398 W PackageManager: Unknown permission com.cyanogen.ambient.permission.BIND_RIDESHARING_SERVICE in package com.android.messaging
12-04 23:34:32.364  3341  3398 W PackageManager: Not granting permission android.permission.ACCESS_DOWNLOAD_MANAGER to package com.android.browser (protectionLevel=18 flags=0x38c9be45)
12-04 23:34:32.364  3341  3398 W PackageManager: Not granting permission android.permission.SEND_DOWNLOAD_COMPLETED_INTENTS to package com.android.browser (protectionLevel=2 flags=0x38c9be45)
12-04 23:34:32.364  3341  3398 W PackageManager: Unknown permission com.cyngn.stats.SEND_ANALYTICS in package com.cyanogenmod.setupwizard
12-04 23:34:32.364  3341  3398 W PackageManager: Unknown permission com.cyanogen.permission.REQUEST_KILL_SWITCH_OP in package com.cyanogenmod.setupwizard
12-04 23:34:32.365  3341  3398 W PackageManager: Unknown permission com.cyanogen.ambient.permission.BIND_INCALL_SERVICE in package com.android.contacts
12-04 23:34:32.365  3341  3398 W PackageManager: Unknown permission com.cyanogen.ambient.permission.PLUGIN_STATUS_CHANGED in package com.android.contacts
12-04 23:34:32.365  3341  3398 W PackageManager: Unknown permission com.cyanogen.ambient.permission.BIND_CALLER_INFO in package com.android.contacts
12-04 23:34:32.365  3341  3398 W PackageManager: Unknown permission com.google.android.googleapps.permission.GOOGLE_AUTH.mail in package com.android.calendar
12-04 23:34:32.365  3341  3398 W PackageManager: Unknown permission com.android.launcher.permission.READ_SETTINGS in package com.android.onetimeinitializer
12-04 23:34:32.365  3341  3398 W PackageManager: Unknown permission com.android.launcher.permission.WRITE_SETTINGS in package com.android.onetimeinitializer
12-04 23:34:32.365  3341  3398 W PackageManager: Unknown permission com.cyanogen.ambient.permission.BIND_INCALL_SERVICE in package com.android.dialer
12-04 23:34:32.365  3341  3398 W PackageManager: Unknown permission com.cyanogen.ambient.permission.PLUGIN_STATUS_CHANGED in package com.android.dialer
12-04 23:34:32.365  3341  3398 W PackageManager: Unknown permission com.cyanogen.ambient.permission.PUBLISH_DISCOVERY_NUDGE in package com.android.dialer
12-04 23:34:32.365  3341  3398 W PackageManager: Unknown permission com.cyanogen.ambient.permission.BIND_DEEPLINK_SERVICE in package com.android.dialer
12-04 23:34:32.365  3341  3398 W PackageManager: Unknown permission com.cyanogen.ambient.permission.READ_DEEPLINK_DATABASE in package com.android.dialer
12-04 23:34:32.365  3341  3398 W PackageManager: Unknown permission com.cyanogen.ambient.permission.BIND_CALLER_INFO in package com.android.dialer
12-04 23:34:32.365  3341  3398 W PackageManager: Unknown permission com.android.launcher.permission.READ_SETTINGS in package com.cyanogenmod.trebuchet
12-04 23:34:32.365  3341  3398 W PackageManager: Unknown permission com.android.launcher.permission.WRITE_SETTINGS in package com.cyanogenmod.trebuchet
12-04 23:34:32.365  3341  3398 W PackageManager: Unknown permission com.cyngn.stats.SEND_ANALYTICS in package com.cyanogenmod.trebuchet
12-04 23:34:32.365  3341  3398 W PackageManager: Unknown permission com.google.android.permission.INSTALL_WEARABLE_PACKAGES in package com.android.packageinstaller
12-04 23:34:32.365  3341  3398 W PackageManager: Not granting permission android.permission.DELETE_PACKAGES to package com.svox.pico (protectionLevel=18 flags=0x3888be45)
12-04 23:34:32.365  3341  3398 W PackageManager: Unknown permission android.permission.ACCESS_SUPERUSER in package com.cyanogenmod.filemanager
12-04 23:34:32.365  3341  3398 W PackageManager: Unknown permission com.cyanogenmod.filemanager.permissions.READ_THEME in package com.cyanogenmod.filemanager
12-04 23:34:32.365  3341  3398 W PackageManager: Unknown permission com.google.android.gallery3d.permission.PICASA_STORE in package com.android.dreams.phototable
12-04 23:34:32.366  3341  3398 W PackageManager: Unknown permission com.google.android.googleapps.permission.GOOGLE_AUTH in package com.android.settings
12-04 23:34:32.366  3341  3398 W PackageManager: Unknown permission com.android.launcher.permission.READ_SETTINGS in package com.android.settings
12-04 23:34:32.366  3341  3398 W PackageManager: Unknown permission com.android.launcher.permission.WRITE_SETTINGS in package com.android.settings
12-04 23:34:32.366  3341  3398 W PackageManager: Not granting permission android.permission.REAL_GET_TASKS to package com.cyanogenmod.eleven (protectionLevel=18 flags=0x3898be65)
12-04 23:34:32.367  3341  3398 W PackageManager: Unknown permission com.google.android.gallery3d.permission.GALLERY_PROVIDER in package com.android.bluetooth
12-04 23:34:32.367  3341  3398 W PackageManager: Unknown permission com.google.android.googleapps.permission.ACCESS_GOOGLE_PASSWORD in package com.android.development
12-04 23:34:32.367  3341  3398 W PackageManager: Unknown permission com.google.android.googleapps.permission.GOOGLE_AUTH in package com.android.development
12-04 23:34:32.367  3341  3398 W PackageManager: Unknown permission com.google.android.googleapps.permission.GOOGLE_AUTH.ALL_SERVICES in package com.android.development
12-04 23:34:32.367  3341  3398 W PackageManager: Unknown permission com.google.android.googleapps.permission.GOOGLE_AUTH.YouTubeUser in package com.android.development
12-04 23:34:32.368  3341  3341 W PackageManager: No disk maintenance in 1480894472368; running immediately
12-04 23:34:32.398  3341  3397 D EventHub: No input device configuration file found for device 'ssp_context'.
12-04 23:34:32.402  3341  3341 I SystemServer: LockSettingsService
12-04 23:34:32.402  3341  3398 W MountService: No primary storage defined yet; hacking together a stub
12-04 23:34:32.402  3341  3398 W MountService: No primary storage defined yet; hacking together a stub
12-04 23:34:32.402  3341  3398 W MountService: No primary storage mounted!
12-04 23:34:32.402  3341  3398 D VoldConnector: SND -> {2 asec list}
12-04 23:34:32.402  3341  3399 D VoldConnector: RCV <- {200 2 asec operation succeeded}
12-04 23:34:32.404  3341  3341 I SystemServiceManager: Starting com.android.server.DeviceIdleController
12-04 23:34:32.405  3341  3341 I SystemServiceManager: Starting com.android.server.devicepolicy.DevicePolicyManagerService$Lifecycle
12-04 23:34:32.406  3341  3341 I SystemServer: Status Bar
12-04 23:34:32.407  3341  3341 I SystemServer: Clipboard Service
12-04 23:34:32.408  3341  3341 I SystemServer: NetworkManagement Service
12-04 23:34:32.408  3341  3398 I MountService: Running fstrim idle maintenance
12-04 23:34:32.409  3341  3398 D VoldConnector: SND -> {3 fstrim dotrim}
12-04 23:34:32.409  3341  3399 D VoldConnector: RCV <- {200 3 Command succeeded}
12-04 23:34:32.409  2921  3402 D vold    : Starting trim of /efs
12-04 23:34:32.410  3341  3341 I SystemServer: Text Service Manager Service
12-04 23:34:32.412  3341  3341 I SystemServer: Network Score Service
12-04 23:34:32.413  3341  3341 I SystemServer: NetworkStats Service
12-04 23:34:32.417  3341  3341 I SystemServer: NetworkPolicy Service
12-04 23:34:32.420  3405  3405 F libc    : page record for 0x7fb36fd010 was not found (block_size=16)
12-04 23:34:32.435  2921  3402 I vold    : Trimmed 13369344 bytes on /efs in 25ms
12-04 23:34:32.435  2921  3402 D vold    : Starting trim of /cache
12-04 23:34:32.435  3341  3399 D VoldConnector: RCV <- {662 /efs 13369344 25603384}
12-04 23:34:32.472  2921  3402 I vold    : Trimmed 201981952 bytes on /cache in 36ms
12-04 23:34:32.472  2921  3402 D vold    : Starting trim of /data
12-04 23:34:32.472  3341  3399 D VoldConnector: RCV <- {662 /cache 201981952 36713500}
12-04 23:34:32.498  3341  3397 D EventHub: No input device configuration file found for device 'meta_event'.
12-04 23:34:32.498  3341  3341 I SystemServiceManager: Starting com.android.server.wifi.p2p.WifiP2pService
12-04 23:34:32.574  3341  3341 I WifiP2pService: Registering wifip2p
12-04 23:34:32.574  3341  3341 I SystemServiceManager: Starting com.android.server.wifi.WifiService
12-04 23:34:32.578  3341  3397 D EventHub: No input device configuration file found for device 'interrupt_gyro_sensor'.
12-04 23:34:32.618  3341  3397 D EventHub: No input device configuration file found for device 'step_cnt_sensor'.
12-04 23:34:32.660  3341  3341 D HS20    : Passpoint is disabled
12-04 23:34:32.667  3341  3341 D WifiController: isAirplaneModeOn = false, isWifiEnabled = false, isScanningAvailable = false
12-04 23:34:32.667  3341  3341 I WifiService: Registering wifi
12-04 23:34:32.668  3341  3341 I SystemServiceManager: Starting com.android.server.wifi.WifiScanningService
12-04 23:34:32.668  3341  3341 I WifiScanningService: Creating wifiscanner
12-04 23:34:32.668  3341  3341 I WifiScanningService: Starting wifiscanner
12-04 23:34:32.668  3341  3341 I SystemServiceManager: Starting com.android.server.wifi.RttService
12-04 23:34:32.668  3341  3341 I RttService: Creating rttmanager
12-04 23:34:32.669  3341  3341 I RttService: Starting rttmanager
12-04 23:34:32.669  3341  3341 I SystemServiceManager: Starting com.android.server.ethernet.EthernetService
12-04 23:34:32.670  3341  3341 I EthernetServiceImpl: Creating EthernetConfigStore
12-04 23:34:32.670  3341  3341 E IpConfigStore: Error parsing configuration: java.io.FileNotFoundException: /data/misc/ethernet/ipconfig.txt: open failed: ENOENT (No such file or directory)
12-04 23:34:32.670  3341  3341 W EthernetConfigStore: No Ethernet configuration found. Using default.
12-04 23:34:32.671  3341  3341 I EthernetServiceImpl: Read stored IP configuration: IP assignment: DHCP
12-04 23:34:32.671  3341  3341 I EthernetServiceImpl: Proxy settings: NONE
12-04 23:34:32.671  3341  3341 I EthernetService: Registering service ethernet
12-04 23:34:32.671  3341  3341 I SystemServer: Connectivity Service
12-04 23:34:32.672  3341  3341 D ConnectivityService: ConnectivityService starting up
12-04 23:34:32.675  3341  3341 D ConnectivityService: wifiOnly=false
12-04 23:34:32.675  3341  3341 E ConnectivityService: Error in networkAttributes - ignoring attempt to redefine type 7
12-04 23:34:32.675  3341  3341 E ConnectivityService: Ignoring protectedNetwork 15
12-04 23:34:32.678  3341  3341 I SystemServer: Network Service Discovery Service
12-04 23:34:32.679  3341  3341 D NsdService: Network service discovery enabled true
12-04 23:34:32.680  3341  3341 I SystemServer: UpdateLock Service
12-04 23:34:32.681  3341  3341 I SystemServiceManager: Starting com.android.server.notification.NotificationManagerService
12-04 23:34:32.688  3341  3397 D EventHub: No input device configuration file found for device 'sig_motion_sensor'.
12-04 23:34:32.692  3341  3341 I ZenModeConfig: Migrating existing shared 'from': stars
12-04 23:34:32.700  3341  3341 I SystemServiceManager: Starting com.android.server.storage.DeviceStorageMonitorService
12-04 23:34:32.701  3341  3341 I SystemServer: Location Manager
12-04 23:34:32.702  3341  3341 I SystemServer: Country Detector
12-04 23:34:32.703  3341  3341 I SystemServer: Search Service
12-04 23:34:32.704  3341  3341 I SystemServer: DropBox Service
12-04 23:34:32.704  3341  3341 I SystemServer: Wallpaper Service
12-04 23:34:32.706  3341  3341 W WallpaperManagerService: no current wallpaper -- first boot?
12-04 23:34:32.707  3341  3341 W WallpaperManagerService: no current wallpaper -- first boot?
12-04 23:34:32.707  3341  3341 I SystemServer: Audio Service
12-04 23:34:32.715  3341  3341 W TelecomManager: Telecom Service not found.
12-04 23:34:32.715  2945  3214 D PermissionCache: checking android.permission.MODIFY_AUDIO_SETTINGS for uid=1000 => granted (172 us)
12-04 23:34:32.716  2945  3203 E AudioFlinger: no wake lock to update!
12-04 23:34:32.716  2945  3214 V audio_hw_primary: adev_set_mic_mute: set mic mute: 0
12-04 23:34:32.725  3341  3341 I SystemServiceManager: Starting com.android.server.DockObserver
12-04 23:34:32.725  3341  3341 I SystemServer: Wired Accessory Manager
12-04 23:34:32.726  3341  3341 W WiredAccessoryManager: This kernel does not have usb audio support
12-04 23:34:32.726  3341  3341 W WiredAccessoryManager: This kernel does not have HDMI audio support
12-04 23:34:32.726  3341  3341 I SystemServiceManager: Starting com.android.server.usb.UsbService$Lifecycle
12-04 23:34:32.728  3341  3397 D EventHub: No input device configuration file found for device 'gesture_sensor'.
12-04 23:34:32.733  3341  3341 I SystemServer: Serial Service
12-04 23:34:32.733  3341  3341 I SystemServiceManager: Starting com.android.server.twilight.TwilightService
12-04 23:34:32.734  3341  3341 I SystemServiceManager: Starting com.android.server.job.JobSchedulerService
12-04 23:34:32.739  3341  3341 I SystemServiceManager: Starting com.android.server.backup.BackupManagerService$Lifecycle
12-04 23:34:32.740  3341  3341 I SystemServiceManager: Starting com.android.server.appwidget.AppWidgetService
12-04 23:34:32.741  3341  3341 I SystemServiceManager: Starting com.android.server.voiceinteraction.VoiceInteractionManagerService
12-04 23:34:32.741  2945  3214 D PermissionCache: checking android.permission.CAPTURE_AUDIO_HOTWORD for uid=1000 => granted (87 us)
12-04 23:34:32.741  3341  3341 W SoundTriggerHelper: listModules status=0, # of modules=0
12-04 23:34:32.742  3341  3341 I SystemServer: Gesture Launcher Service
12-04 23:34:32.742  3341  3341 I SystemServiceManager: Starting com.android.server.GestureLauncherService
12-04 23:34:32.742  3341  3341 I SystemServer: DiskStats Service
12-04 23:34:32.742  3341  3341 I SystemServer: SamplingProfiler Service
12-04 23:34:32.784  3341  3341 I SystemServer: NetworkTimeUpdateService
12-04 23:34:32.784  3341  3341 I SystemServer: CommonTimeManagementService
12-04 23:34:32.785  3341  3341 I SystemServer: CertBlacklister
12-04 23:34:32.785  3341  3341 I SystemServiceManager: Starting com.android.server.dreams.DreamManagerService
12-04 23:34:32.786  3341  3341 I SystemServer: Assets Atlas Service
12-04 23:34:32.788  3341  3341 I SystemServiceManager: Starting com.android.server.print.PrintManagerService
12-04 23:34:32.788  3341  3420 D AssetAtlas: Computing best atlas configuration...
12-04 23:34:32.789  3341  3421 D AssetAtlas: Running Atlas Worker #1
12-04 23:34:32.789  3341  3422 D AssetAtlas: Running Atlas Worker #2
12-04 23:34:32.789  3341  3423 D AssetAtlas: Running Atlas Worker #3
12-04 23:34:32.790  3341  3424 D AssetAtlas: Running Atlas Worker #4
12-04 23:34:32.794  3341  3341 I SystemServiceManager: Starting com.android.server.restrictions.RestrictionsManagerService
12-04 23:34:32.794  3341  3427 D AssetAtlas: Running Atlas Worker #7
12-04 23:34:32.795  3341  3341 I SystemServiceManager: Starting com.android.server.media.MediaSessionService
12-04 23:34:32.795  3341  3425 D AssetAtlas: Running Atlas Worker #5
12-04 23:34:32.798  3341  3428 D AssetAtlas: Running Atlas Worker #8
12-04 23:34:32.799  3341  3426 D AssetAtlas: Running Atlas Worker #6
12-04 23:34:32.806  3341  3341 I SystemServer: Media Router Service
12-04 23:34:32.807  3341  3341 I SystemServiceManager: Starting com.android.server.trust.TrustManagerService
12-04 23:34:32.808  3341  3341 I SystemServiceManager: Starting com.android.server.fingerprint.FingerprintService
12-04 23:34:32.810  2974  2974 D PermissionCache: checking android.permission.MANAGE_FINGERPRINT for uid=1000 => granted (249 us)
12-04 23:34:32.811  2974  2974 V fingerprintd: nativeOpenHal()
12-04 23:34:32.811  2974  2974 E fingerprintd: Can't open fingerprint HW Module, error: -2
12-04 23:34:32.811  3341  3341 W FingerprintService: Failed to open Fingerprint HAL!
12-04 23:34:32.811  3341  3341 V FingerprintService: Fingerprint HAL id: 0
12-04 23:34:32.811  3341  3341 I SystemServer: BackgroundDexOptService
12-04 23:34:32.812  3341  3341 I SystemServiceManager: Starting com.android.server.pm.LauncherAppsService
12-04 23:34:32.813  3341  3341 I SystemServiceManager: Starting com.android.server.media.projection.MediaProjectionManagerService
12-04 23:34:32.818  3341  3397 D EventHub: No input device configuration file found for device 'temp_humidity_sensor'.
12-04 23:34:32.823  3341  3420 D AssetAtlas: Found best atlas configuration (out of 496) in 0.03s
12-04 23:34:32.823  3341  3420 D AssetAtlas: Loaded configuration: SliceMinArea (2048x2048) flags=0x2 count=267
12-04 23:34:32.856  3341  3349 W JavaBinder: BinderProxy is being destroyed but the application did not call unlinkToDeath to unlink all of its death recipients beforehand.  Releasing leaked death recipient: com.android.server.fingerprint.FingerprintService
12-04 23:34:32.866  3341  3409 D WifiApConfigStore: 2G band allowed channels are:1,6,11
12-04 23:34:32.890  3341  3420 D AssetAtlas: Rendered atlas in 62.58ms (53.58+9.00ms)
12-04 23:34:32.908  3341  3397 D EventHub: No input device configuration file found for device 'proximity_sensor'.
12-04 23:34:32.958  3341  3397 D EventHub: No input device configuration file found for device 'light_ir_sensor'.
12-04 23:34:33.008  3341  3397 D EventHub: No input device configuration file found for device 'light_sensor'.
12-04 23:34:33.049  3341  3397 D EventHub: No input device configuration file found for device 'grip_sensor'.
12-04 23:34:33.088  3341  3397 D EventHub: No input device configuration file found for device 'uv_sensor'.
12-04 23:34:33.178  3341  3397 D EventHub: No input device configuration file found for device 'hrmled_sensor'.
12-04 23:34:33.208  3341  3397 D EventHub: No input device configuration file found for device 'hrm_sensor'.
12-04 23:34:33.248  3341  3397 E EventHub: could not get driver version for /dev/input/mice, Not a typewriter
12-04 23:34:33.298  3341  3397 D EventHub: No input device configuration file found for device 'sec_touchscreen'.
12-04 23:34:33.325  3341  3397 W EventHub: Unable to disable kernel key repeat for /dev/input/event1: Function not implemented
12-04 23:34:33.325  3341  3397 I EventHub: New device: id=16, fd=90, path='/dev/input/event1', name='sec_touchscreen', classes=0x15, configuration='', keyLayout='/system/usr/keylayout/Generic.kl', keyCharacterMap='/system/usr/keychars/Generic.kcm', builtinKeyboard=false, wakeMechanism=EPOLLWAKEUP, usingClockIoctl=true
12-04 23:34:33.325  3341  3397 D EventHub: No input device configuration file found for device 'gpio_keys'.
12-04 23:34:33.326  3341  3397 W EventHub: Unable to disable kernel key repeat for /dev/input/event17: Function not implemented
12-04 23:34:33.326  3341  3397 I EventHub: New device: id=17, fd=120, path='/dev/input/event17', name='gpio_keys', classes=0x1, configuration='', keyLayout='/system/usr/keylayout/Generic.kl', keyCharacterMap='/system/usr/keychars/Generic.kcm', builtinKeyboard=false, wakeMechanism=EPOLLWAKEUP, usingClockIoctl=true
12-04 23:34:33.326  3341  3397 D EventHub: No input device configuration file found for device 'Headset'.
12-04 23:34:33.327  3341  3397 W EventHub: Unable to disable kernel key repeat for /dev/input/event16: Function not implemented
12-04 23:34:33.327  3341  3397 I EventHub: New device: id=18, fd=121, path='/dev/input/event16', name='Headset', classes=0x1, configuration='', keyLayout='/system/usr/keylayout/Generic.kl', keyCharacterMap='/system/usr/keychars/Generic.kcm', builtinKeyboard=false, wakeMechanism=EPOLLWAKEUP, usingClockIoctl=true
12-04 23:34:33.327  3341  3397 D EventHub: No input device configuration file found for device 'sec_touchkey'.
12-04 23:34:33.329  3341  3397 W EventHub: Unable to disable kernel key repeat for /dev/input/event0: Function not implemented
12-04 23:34:33.329  3341  3397 I EventHub: New device: id=19, fd=124, path='/dev/input/event0', name='sec_touchkey', classes=0x1, configuration='', keyLayout='/system/usr/keylayout/Generic.kl', keyCharacterMap='/system/usr/keychars/Generic.kcm', builtinKeyboard=false, wakeMechanism=EPOLLWAKEUP, usingClockIoctl=true
12-04 23:34:33.329  3341  3397 D EventHub: No input device configuration file found for device 'hall'.
12-04 23:34:33.422  3341  3397 I InputReader: Device added: id=-1, name='Virtual', sources=0x00000301
12-04 23:34:33.422  3341  3397 I InputReader: Device added: id=19, name='sec_touchkey', sources=0x00000101
12-04 23:34:33.422  3341  3397 I InputReader: Device added: id=18, name='Headset', sources=0x00000101
12-04 23:34:33.422  3341  3397 I InputReader: Device added: id=17, name='gpio_keys', sources=0x00000101
12-04 23:34:33.423  3341  3397 I InputReader:   Touch device 'sec_touchscreen' could not query the properties of its associated display.  The device will be inoperable until the display size becomes available.
12-04 23:34:33.423  3341  3397 I InputReader: Device added: id=16, name='sec_touchscreen', sources=0x00001103
12-04 23:34:33.423  3341  3397 I InputReader: Reconfiguring input devices.  changes=0x00000004
12-04 23:34:33.423  3341  3397 I InputReader: Device reconfigured: id=16, name='sec_touchscreen', size 1440x2560, orientation 0, mode 1, display id 0
12-04 23:34:33.423  3341  3396 I ActivityManager: Config changes=8 {1.0 ?mcc?mnc en_US ldltr sw360dp w360dp h616dp 640dpi nrml long port finger -keyb/h/h -nav/h s.5 themeResource=null}
12-04 23:34:33.424  3341  3341 I WindowManager: SAFE MODE not enabled
