09-01 00:56:18.023  2933  2933 E         : Runtime and build version of gralloc private structure does not match. Errors will likely follow.
09-01 00:56:18.027  2933  2933 D gralloc : fb_post E
09-01 00:56:18.028  2933  2933 D gralloc : fb_post format=0x5
09-01 00:56:18.054  3096  3115 E         : invalid gralloc handle (at 0x7f90d69300)
09-01 00:56:18.054  3096  3115 E         : Runtime and build version of gralloc private structure does not match. Errors will likely follow.
09-01 00:56:18.057  2933  2933 E         : invalid gralloc handle (at 0x7f89d96540)
09-01 00:56:18.057  2933  2933 E         : Runtime and build version of gralloc private structure does not match. Errors will likely follow.
09-01 00:56:18.061  2933  2933 D gralloc : fb_post E
09-01 00:56:18.061  2933  2933 D gralloc : fb_post format=0x5
09-01 00:56:18.087  3096  3115 E         : invalid gralloc handle (at 0x7f90d69380)
09-01 00:56:18.087  3096  3115 E         : Runtime and build version of gralloc private structure does not match. Errors will likely follow.
09-01 00:56:18.091  2933  2933 E         : invalid gralloc handle (at 0x7f89d964d0)
09-01 00:56:18.091  2933  2933 E         : Runtime and build version of gralloc private structure does not match. Errors will likely follow.
09-01 00:56:18.095  2933  2933 D gralloc : fb_post E
09-01 00:56:18.095  2933  2933 D gralloc : fb_post format=0x5
09-01 00:56:18.121  3096  3115 E         : invalid gralloc handle (at 0x7f90d69300)
09-01 00:56:18.121  3096  3115 E         : Runtime and build version of gralloc private structure does not match. Errors will likely follow.
09-01 00:56:18.125  2933  2933 E         : invalid gralloc handle (at 0x7f89d96460)
09-01 00:56:18.125  2933  2933 E         : Runtime and build version of gralloc private structure does not match. Errors will likely follow.
09-01 00:56:18.129  2933  2933 D gralloc : fb_post E
09-01 00:56:18.129  2933  2933 D gralloc : fb_post format=0x5
09-01 00:56:18.154  3096  3115 E         : invalid gralloc handle (at 0x7f90d69380)
09-01 00:56:18.154  3096  3115 E         : Runtime and build version of gralloc private structure does not match. Errors will likely follow.
09-01 00:56:18.159  2933  2933 E         : invalid gralloc handle (at 0x7f89d963f0)
09-01 00:56:18.159  2933  2933 E         : Runtime and build version of gralloc private structure does not match. Errors will likely follow.
09-01 00:56:18.163  2933  2933 D gralloc : fb_post E
09-01 00:56:18.163  2933  2933 D gralloc : fb_post format=0x5
09-01 00:56:18.188  3096  3115 E         : invalid gralloc handle (at 0x7f90d69300)
09-01 00:56:18.188  3096  3115 E         : Runtime and build version of gralloc private structure does not match. Errors will likely follow.
09-01 00:56:18.193  2933  2933 E         : invalid gralloc handle (at 0x7f89d965b0)
09-01 00:56:18.193  2933  2933 E         : Runtime and build version of gralloc private structure does not match. Errors will likely follow.
09-01 00:56:18.197  2933  2933 D gralloc : fb_post E
09-01 00:56:18.197  2933  2933 D gralloc : fb_post format=0x5
09-01 00:56:18.221  3096  3115 E         : invalid gralloc handle (at 0x7f90d69380)
09-01 00:56:18.221  3096  3115 E         : Runtime and build version of gralloc private structure does not match. Errors will likely follow.
09-01 00:56:18.227  2933  2933 E         : invalid gralloc handle (at 0x7f89d96540)
09-01 00:56:18.227  2933  2933 E         : Runtime and build version of gralloc private structure does not match. Errors will likely follow.
09-01 00:56:18.231  2933  2933 D gralloc : fb_post E
09-01 00:56:18.231  2933  2933 D gralloc : fb_post format=0x5
09-01 00:56:18.254  3096  3115 E         : invalid gralloc handle (at 0x7f90d69300)
09-01 00:56:18.255  3096  3115 E         : Runtime and build version of gralloc private structure does not match. Errors will likely follow.
09-01 00:56:18.260  2933  2933 E         : invalid gralloc handle (at 0x7f89d964d0)
09-01 00:56:18.260  2933  2933 E         : Runtime and build version of gralloc private structure does not match. Errors will likely follow.
09-01 00:56:18.265  2933  2933 D gralloc : fb_post E
09-01 00:56:18.265  2933  2933 D gralloc : fb_post format=0x5
09-01 00:56:18.288  3096  3115 E         : invalid gralloc handle (at 0x7f90d69380)
09-01 00:56:18.288  3096  3115 E         : Runtime and build version of gralloc private structure does not match. Errors will likely follow.
09-01 00:56:18.294  2933  2933 E         : invalid gralloc handle (at 0x7f89d96460)
09-01 00:56:18.295  2933  2933 E         : Runtime and build version of gralloc private structure does not match. Errors will likely follow.
09-01 00:56:18.299  2933  2933 D gralloc : fb_post E
09-01 00:56:18.299  2933  2933 D gralloc : fb_post format=0x5
09-01 00:56:18.321  3096  3115 E         : invalid gralloc handle (at 0x7f90d69300)
09-01 00:56:18.321  3096  3115 E         : Runtime and build version of gralloc private structure does not match. Errors will likely follow.
09-01 00:56:18.328  2933  2933 E         : invalid gralloc handle (at 0x7f89d963f0)
09-01 00:56:18.328  2933  2933 E         : Runtime and build version of gralloc private structure does not match. Errors will likely follow.
09-01 00:56:18.332  2933  2933 D gralloc : fb_post E
09-01 00:56:18.332  2933  2933 D gralloc : fb_post format=0x5
09-01 00:56:18.355  3096  3115 E         : invalid gralloc handle (at 0x7f90d69380)
09-01 00:56:18.355  3096  3115 E         : Runtime and build version of gralloc private structure does not match. Errors will likely follow.
09-01 00:56:18.362  2933  2933 E         : invalid gralloc handle (at 0x7f89d965b0)
09-01 00:56:18.362  2933  2933 E         : Runtime and build version of gralloc private structure does not match. Errors will likely follow.
09-01 00:56:18.366  2933  2933 D gralloc : fb_post E
09-01 00:56:18.366  2933  2933 D gralloc : fb_post format=0x5
09-01 00:56:18.388  3096  3115 E         : invalid gralloc handle (at 0x7f90d69300)
09-01 00:56:18.388  3096  3115 E         : Runtime and build version of gralloc private structure does not match. Errors will likely follow.
09-01 00:56:18.396  2933  2933 E         : invalid gralloc handle (at 0x7f89d96540)
09-01 00:56:18.396  2933  2933 E         : Runtime and build version of gralloc private structure does not match. Errors will likely follow.
09-01 00:56:18.400  2933  2933 D gralloc : fb_post E
09-01 00:56:18.400  2933  2933 D gralloc : fb_post format=0x5
09-01 00:56:18.421  3096  3115 E         : invalid gralloc handle (at 0x7f90d69380)
09-01 00:56:18.422  3096  3115 E         : Runtime and build version of gralloc private structure does not match. Errors will likely follow.
09-01 00:56:18.430  2933  2933 E         : invalid gralloc handle (at 0x7f89d964d0)
09-01 00:56:18.430  2933  2933 E         : Runtime and build version of gralloc private structure does not match. Errors will likely follow.
09-01 00:56:18.434  2933  2933 D gralloc : fb_post E
09-01 00:56:18.434  2933  2933 D gralloc : fb_post format=0x5
09-01 00:56:18.455  3096  3115 E         : invalid gralloc handle (at 0x7f90d69300)
09-01 00:56:18.455  3096  3115 E         : Runtime and build version of gralloc private structure does not match. Errors will likely follow.
09-01 00:56:18.464  2933  2933 E         : invalid gralloc handle (at 0x7f89d96460)
09-01 00:56:18.464  2933  2933 E         : Runtime and build version of gralloc private structure does not match. Errors will likely follow.
09-01 00:56:18.468  2933  2933 D gralloc : fb_post E
09-01 00:56:18.468  2933  2933 D gralloc : fb_post format=0x5
09-01 00:56:18.489  3096  3115 E         : invalid gralloc handle (at 0x7f90d69380)
09-01 00:56:18.489  3096  3115 E         : Runtime and build version of gralloc private structure does not match. Errors will likely follow.
09-01 00:56:18.498  2933  2933 E         : invalid gralloc handle (at 0x7f89d963f0)
09-01 00:56:18.498  2933  2933 E         : Runtime and build version of gralloc private structure does not match. Errors will likely follow.
09-01 00:56:18.502  2933  2933 D gralloc : fb_post E
09-01 00:56:18.502  2933  2933 D gralloc : fb_post format=0x5
09-01 00:56:18.522  3096  3115 E         : invalid gralloc handle (at 0x7f90d69300)
09-01 00:56:18.522  3096  3115 E         : Runtime and build version of gralloc private structure does not match. Errors will likely follow.
09-01 00:56:18.532  2933  2933 E         : invalid gralloc handle (at 0x7f89d965b0)
09-01 00:56:18.532  2933  2933 E         : Runtime and build version of gralloc private structure does not match. Errors will likely follow.
09-01 00:56:18.536  2933  2933 D gralloc : fb_post E
09-01 00:56:18.536  2933  2933 D gralloc : fb_post format=0x5
09-01 00:56:18.556  3096  3115 E         : invalid gralloc handle (at 0x7f90d69380)
09-01 00:56:18.556  3096  3115 E         : Runtime and build version of gralloc private structure does not match. Errors will likely follow.
09-01 00:56:18.566  2933  2933 E         : invalid gralloc handle (at 0x7f89d96540)
09-01 00:56:18.566  2933  2933 E         : Runtime and build version of gralloc private structure does not match. Errors will likely follow.
09-01 00:56:18.570  2933  2933 D gralloc : fb_post E
09-01 00:56:18.570  2933  2933 D gralloc : fb_post format=0x5
09-01 00:56:18.589  3096  3115 E         : invalid gralloc handle (at 0x7f90d69300)
09-01 00:56:18.589  3096  3115 E         : Runtime and build version of gralloc private structure does not match. Errors will likely follow.
09-01 00:56:18.600  2933  2933 E         : invalid gralloc handle (at 0x7f89d964d0)
09-01 00:56:18.600  2933  2933 E         : Runtime and build version of gralloc private structure does not match. Errors will likely follow.
09-01 00:56:18.604  2933  2933 D gralloc : fb_post E
09-01 00:56:18.604  2933  2933 D gralloc : fb_post format=0x5
09-01 00:56:18.623  3096  3115 E         : invalid gralloc handle (at 0x7f90d69380)
09-01 00:56:18.623  3096  3115 E         : Runtime and build version of gralloc private structure does not match. Errors will likely follow.
09-01 00:56:18.634  2933  2933 E         : invalid gralloc handle (at 0x7f89d96460)
09-01 00:56:18.634  2933  2933 E         : Runtime and build version of gralloc private structure does not match. Errors will likely follow.
09-01 00:56:18.638  2933  2933 D gralloc : fb_post E
09-01 00:56:18.638  2933  2933 D gralloc : fb_post format=0x5
09-01 00:56:18.656  3096  3115 E         : invalid gralloc handle (at 0x7f90d69300)
09-01 00:56:18.656  3096  3115 E         : Runtime and build version of gralloc private structure does not match. Errors will likely follow.
09-01 00:56:18.667  2933  2933 E         : invalid gralloc handle (at 0x7f89d963f0)
09-01 00:56:18.667  2933  2933 E         : Runtime and build version of gralloc private structure does not match. Errors will likely follow.
09-01 00:56:18.671  2933  2933 D gralloc : fb_post E
09-01 00:56:18.671  2933  2933 D gralloc : fb_post format=0x5
09-01 00:56:18.690  3096  3115 E         : invalid gralloc handle (at 0x7f90d69380)
09-01 00:56:18.690  3096  3115 E         : Runtime and build version of gralloc private structure does not match. Errors will likely follow.
09-01 00:56:18.701  2933  2933 E         : invalid gralloc handle (at 0x7f89d965b0)
09-01 00:56:18.701  2933  2933 E         : Runtime and build version of gralloc private structure does not match. Errors will likely follow.
09-01 00:56:18.705  2933  2933 D gralloc : fb_post E
09-01 00:56:18.706  2933  2933 D gralloc : fb_post format=0x5
09-01 00:56:18.723  3096  3115 E         : invalid gralloc handle (at 0x7f90d69300)
09-01 00:56:18.723  3096  3115 E         : Runtime and build version of gralloc private structure does not match. Errors will likely follow.
09-01 00:56:18.735  2933  2933 E         : invalid gralloc handle (at 0x7f89d96540)
09-01 00:56:18.735  2933  2933 E         : Runtime and build version of gralloc private structure does not match. Errors will likely follow.
09-01 00:56:18.739  2933  2933 D gralloc : fb_post E
09-01 00:56:18.739  2933  2933 D gralloc : fb_post format=0x5
09-01 00:56:18.757  3096  3115 E         : invalid gralloc handle (at 0x7f90d69380)
09-01 00:56:18.757  3096  3115 E         : Runtime and build version of gralloc private structure does not match. Errors will likely follow.
09-01 00:56:18.769  2933  2933 E         : invalid gralloc handle (at 0x7f89d964d0)
09-01 00:56:18.769  2933  2933 E         : Runtime and build version of gralloc private structure does not match. Errors will likely follow.
09-01 00:56:18.773  2933  2933 D gralloc : fb_post E
09-01 00:56:18.773  2933  2933 D gralloc : fb_post format=0x5
09-01 00:56:18.790  3096  3115 E         : invalid gralloc handle (at 0x7f90d69300)
09-01 00:56:18.790  3096  3115 E         : Runtime and build version of gralloc private structure does not match. Errors will likely follow.
09-01 00:56:18.803  2933  2933 E         : invalid gralloc handle (at 0x7f89d96460)
09-01 00:56:18.803  2933  2933 E         : Runtime and build version of gralloc private structure does not match. Errors will likely follow.
09-01 00:56:18.807  2933  2933 D gralloc : fb_post E
09-01 00:56:18.807  2933  2933 D gralloc : fb_post format=0x5
09-01 00:56:18.824  3096  3115 E         : invalid gralloc handle (at 0x7f90d69380)
09-01 00:56:18.824  3096  3115 E         : Runtime and build version of gralloc private structure does not match. Errors will likely follow.
09-01 00:56:18.837  2933  2933 E         : invalid gralloc handle (at 0x7f89d963f0)
09-01 00:56:18.837  2933  2933 E         : Runtime and build version of gralloc private structure does not match. Errors will likely follow.
09-01 00:56:18.841  2933  2933 D gralloc : fb_post E
09-01 00:56:18.841  2933  2933 D gralloc : fb_post format=0x5
09-01 00:56:18.857  3096  3115 E         : invalid gralloc handle (at 0x7f90d69300)
09-01 00:56:18.857  3096  3115 E         : Runtime and build version of gralloc private structure does not match. Errors will likely follow.
09-01 00:56:18.871  2933  2933 E         : invalid gralloc handle (at 0x7f89d965b0)
09-01 00:56:18.871  2933  2933 E         : Runtime and build version of gralloc private structure does not match. Errors will likely follow.
09-01 00:56:18.875  2933  2933 D gralloc : fb_post E
09-01 00:56:18.875  2933  2933 D gralloc : fb_post format=0x5
09-01 00:56:18.891  3096  3115 E         : invalid gralloc handle (at 0x7f90d69380)
09-01 00:56:18.891  3096  3115 E         : Runtime and build version of gralloc private structure does not match. Errors will likely follow.
09-01 00:56:18.905  2933  2933 E         : invalid gralloc handle (at 0x7f89d96540)
09-01 00:56:18.905  2933  2933 E         : Runtime and build version of gralloc private structure does not match. Errors will likely follow.
09-01 00:56:18.909  2933  2933 D gralloc : fb_post E
09-01 00:56:18.909  2933  2933 D gralloc : fb_post format=0x5
09-01 00:56:18.924  3096  3115 E         : invalid gralloc handle (at 0x7f90d69300)
09-01 00:56:18.924  3096  3115 E         : Runtime and build version of gralloc private structure does not match. Errors will likely follow.
09-01 00:56:18.939  2933  2933 E         : invalid gralloc handle (at 0x7f89d964d0)
09-01 00:56:18.939  2933  2933 E         : Runtime and build version of gralloc private structure does not match. Errors will likely follow.
09-01 00:56:18.943  2933  2933 D gralloc : fb_post E
09-01 00:56:18.943  2933  2933 D gralloc : fb_post format=0x5
09-01 00:56:18.958  3096  3115 E         : invalid gralloc handle (at 0x7f90d69380)
09-01 00:56:18.958  3096  3115 E         : Runtime and build version of gralloc private structure does not match. Errors will likely follow.
09-01 00:56:18.972  2933  2933 E         : invalid gralloc handle (at 0x7f89d96460)
09-01 00:56:18.972  2933  2933 E         : Runtime and build version of gralloc private structure does not match. Errors will likely follow.
09-01 00:56:18.977  2933  2933 D gralloc : fb_post E
09-01 00:56:18.977  2933  2933 D gralloc : fb_post format=0x5
09-01 00:56:18.991  3096  3115 E         : invalid gralloc handle (at 0x7f90d69300)
09-01 00:56:18.991  3096  3115 E         : Runtime and build version of gralloc private structure does not match. Errors will likely follow.
09-01 00:56:18.993  3423  4000 W PackageManager: Permission android.permission.SET_KEYGUARD_WALLPAPER from package android in an unknown group android.permission-group.WALLPAPER
09-01 00:56:18.994  3423  4000 W PackageManager: Permission android.permission.MODIFY_PROTECTED_SMS_LIST from package android in an unknown group android.permission-group.MESSAGES
09-01 00:56:18.994  3423  4000 W PackageManager: Permission android.permission.RECEIVE_PROTECTED_SMS from package android in an unknown group android.permission-group.MESSAGES
09-01 00:56:18.995  3423  4000 W PackageManager: Permission android.permission.RESET_BATTERY_STATS from package android in an unknown group android.permission-group.SYSTEM_TOOLS
09-01 00:56:18.996  3423  3423 D PackageManager: end scanDirLI:/system/framework
09-01 00:56:19.000  3423  3423 D PackageManager: start scanDirLI:/system/priv-app
09-01 00:56:19.000  3423  3423 D PackageManager: max thread:6
09-01 00:56:19.006  2933  2933 E         : invalid gralloc handle (at 0x7f89d963f0)
09-01 00:56:19.006  2933  2933 E         : Runtime and build version of gralloc private structure does not match. Errors will likely follow.
09-01 00:56:19.009  3423  4012 I PackageManager: /system/priv-app/BackupRestoreConfirmation changed; collecting certs
09-01 00:56:19.010  3423  4014 I PackageManager: /system/priv-app/CMSettingsProvider changed; collecting certs
09-01 00:56:19.010  2933  2933 D gralloc : fb_post E
09-01 00:56:19.010  2933  2933 D gralloc : fb_post format=0x5
09-01 00:56:19.010  3423  4013 I PackageManager: /system/priv-app/CMAudioService changed; collecting certs
09-01 00:56:19.012  3423  4011 I PackageManager: /system/priv-app/AudioFX changed; collecting certs
09-01 00:56:19.013  3423  4000 I PackageManager: /system/priv-app/CalendarProvider changed; collecting certs
09-01 00:56:19.024  3423  4001 I PackageManager: /system/priv-app/CMUpdater changed; collecting certs
09-01 00:56:19.025  3096  3115 E         : invalid gralloc handle (at 0x7f90d69380)
09-01 00:56:19.025  3096  3115 E         : Runtime and build version of gralloc private structure does not match. Errors will likely follow.
09-01 00:56:19.040  2933  2933 E         : invalid gralloc handle (at 0x7f89d965b0)
09-01 00:56:19.040  2933  2933 E         : Runtime and build version of gralloc private structure does not match. Errors will likely follow.
09-01 00:56:19.042  3423  4000 I PackageManager: New shared user android.uid.calendar: id=10001
09-01 00:56:19.044  2933  2933 D gralloc : fb_post E
09-01 00:56:19.044  2933  2933 D gralloc : fb_post format=0x5
09-01 00:56:19.045  3423  4012 I PackageManager: /system/priv-app/CallLogBackup changed; collecting certs
09-01 00:56:19.051  3423  4000 I PackageManager: /system/priv-app/CarrierConfig changed; collecting certs
09-01 00:56:19.059  3096  3115 E         : invalid gralloc handle (at 0x7f90d69300)
09-01 00:56:19.059  3096  3115 E         : Runtime and build version of gralloc private structure does not match. Errors will likely follow.
09-01 00:56:19.068  3423  4013 I PackageManager: /system/priv-app/CellBroadcastReceiver changed; collecting certs
09-01 00:56:19.069  3423  4012 I PackageManager: New shared user android.uid.shared: id=10003
09-01 00:56:19.074  2933  2933 E         : invalid gralloc handle (at 0x7f89d96540)
09-01 00:56:19.074  2933  2933 E         : Runtime and build version of gralloc private structure does not match. Errors will likely follow.
09-01 00:56:19.078  2933  2933 D gralloc : fb_post E
09-01 00:56:19.078  2933  2933 D gralloc : fb_post format=0x5
09-01 00:56:19.090  3423  4014 I PackageManager: /system/priv-app/ContactsProvider changed; collecting certs
09-01 00:56:19.091  3096  3115 E         : invalid gralloc handle (at 0x7f90d69380)
09-01 00:56:19.092  3096  3115 E         : Runtime and build version of gralloc private structure does not match. Errors will likely follow.
09-01 00:56:19.105  3423  4011 I PackageManager: /system/priv-app/CyanogenSetupWizard changed; collecting certs
09-01 00:56:19.108  2933  2933 E         : invalid gralloc handle (at 0x7f89d964d0)
09-01 00:56:19.108  2933  2933 E         : Runtime and build version of gralloc private structure does not match. Errors will likely follow.
09-01 00:56:19.112  2933  2933 D gralloc : fb_post E
09-01 00:56:19.112  2933  2933 D gralloc : fb_post format=0x5
09-01 00:56:19.120  3423  4013 I PackageManager: /system/priv-app/DataUsageProvider changed; collecting certs
09-01 00:56:19.126  3096  3115 E         : invalid gralloc handle (at 0x7f90d69300)
09-01 00:56:19.126  3096  3115 E         : Runtime and build version of gralloc private structure does not match. Errors will likely follow.
09-01 00:56:19.130  3423  4012 W PackageParser: No actions in intent filter at /system/priv-app/Contacts/Contacts.apk Binary XML file line #301
09-01 00:56:19.140  3423  4012 I PackageManager: /system/priv-app/Contacts changed; collecting certs
09-01 00:56:19.142  2933  2933 E         : invalid gralloc handle (at 0x7f89d96460)
09-01 00:56:19.142  2933  2933 E         : Runtime and build version of gralloc private structure does not match. Errors will likely follow.
09-01 00:56:19.146  2933  2933 D gralloc : fb_post E
09-01 00:56:19.146  2933  2933 D gralloc : fb_post format=0x5
09-01 00:56:19.159  3096  3115 E         : invalid gralloc handle (at 0x7f90d69380)
09-01 00:56:19.159  3096  3115 E         : Runtime and build version of gralloc private structure does not match. Errors will likely follow.
09-01 00:56:19.159  3423  4013 I PackageManager: /system/priv-app/DefaultContainerService changed; collecting certs
09-01 00:56:19.176  2933  2933 E         : invalid gralloc handle (at 0x7f89d963f0)
09-01 00:56:19.176  2933  2933 E         : Runtime and build version of gralloc private structure does not match. Errors will likely follow.
09-01 00:56:19.180  2933  2933 D gralloc : fb_post E
09-01 00:56:19.180  2933  2933 D gralloc : fb_post format=0x5
09-01 00:56:19.192  3096  3115 E         : invalid gralloc handle (at 0x7f90d69300)
09-01 00:56:19.193  3096  3115 E         : Runtime and build version of gralloc private structure does not match. Errors will likely follow.
09-01 00:56:19.206  3423  4014 W PackageParser: No actions in intent filter at /system/priv-app/Dialer/Dialer.apk Binary XML file line #152
09-01 00:56:19.210  2933  2933 E         : invalid gralloc handle (at 0x7f89d965b0)
09-01 00:56:19.210  2933  2933 E         : Runtime and build version of gralloc private structure does not match. Errors will likely follow.
09-01 00:56:19.211  3423  4014 I PackageManager: /system/priv-app/Dialer changed; collecting certs
09-01 00:56:19.213  3423  4013 I PackageManager: /system/priv-app/DownloadProvider changed; collecting certs
09-01 00:56:19.214  2933  2933 D gralloc : fb_post E
09-01 00:56:19.214  2933  2933 D gralloc : fb_post format=0x5
09-01 00:56:19.215  3423  4001 I PackageManager: /system/priv-app/ExternalStorageProvider changed; collecting certs
09-01 00:56:19.225  3096  3115 E         : invalid gralloc handle (at 0x7f90d69380)
09-01 00:56:19.225  3096  3115 E         : Runtime and build version of gralloc private structure does not match. Errors will likely follow.
09-01 00:56:19.243  3423  4013 I PackageManager: New shared user android.media: id=10008
09-01 00:56:19.244  2933  2933 E         : invalid gralloc handle (at 0x7f89d96540)
09-01 00:56:19.244  2933  2933 E         : Runtime and build version of gralloc private structure does not match. Errors will likely follow.
09-01 00:56:19.248  2933  2933 D gralloc : fb_post E
09-01 00:56:19.248  2933  2933 D gralloc : fb_post format=0x5
09-01 00:56:19.249  3423  4013 W PackageManager: Permission android.permission.DOWNLOAD_WITHOUT_NOTIFICATION from package com.android.providers.downloads in an unknown group android.permission-group.NETWORK
09-01 00:56:19.257  3423  4013 I PackageManager: /system/priv-app/InputDevices changed; collecting certs
09-01 00:56:19.259  3096  3115 E         : invalid gralloc handle (at 0x7f90d69300)
09-01 00:56:19.259  3096  3115 E         : Runtime and build version of gralloc private structure does not match. Errors will likely follow.
09-01 00:56:19.259  3423  4001 I PackageManager: /system/priv-app/FusedLocation changed; collecting certs
09-01 00:56:19.278  2933  2933 E         : invalid gralloc handle (at 0x7f89d964d0)
09-01 00:56:19.278  2933  2933 E         : Runtime and build version of gralloc private structure does not match. Errors will likely follow.
09-01 00:56:19.282  2933  2933 D gralloc : fb_post E
09-01 00:56:19.282  2933  2933 D gralloc : fb_post format=0x5
09-01 00:56:19.291  3423  4000 I PackageManager: /system/priv-app/LiveLockScreenService changed; collecting certs
09-01 00:56:19.295  3096  3115 E         : invalid gralloc handle (at 0x7f90d69380)
09-01 00:56:19.295  3096  3115 E         : Runtime and build version of gralloc private structure does not match. Errors will likely follow.
09-01 00:56:19.311  2933  2933 E         : invalid gralloc handle (at 0x7f89d96460)
09-01 00:56:19.311  2933  2933 E         : Runtime and build version of gralloc private structure does not match. Errors will likely follow.
09-01 00:56:19.315  2933  2933 D gralloc : fb_post E
09-01 00:56:19.316  2933  2933 D gralloc : fb_post format=0x5
09-01 00:56:19.326  3096  3115 E         : invalid gralloc handle (at 0x7f90d69300)
09-01 00:56:19.326  3096  3115 E         : Runtime and build version of gralloc private structure does not match. Errors will likely follow.
09-01 00:56:19.329  2933  2933 E         : invalid gralloc handle (at 0x7f89d963f0)
09-01 00:56:19.329  2933  2933 E         : Runtime and build version of gralloc private structure does not match. Errors will likely follow.
09-01 00:56:19.330  3423  4000 I PackageManager: /system/priv-app/MediaProvider changed; collecting certs
09-01 00:56:19.333  2933  2933 D gralloc : fb_post E
09-01 00:56:19.333  2933  2933 D gralloc : fb_post format=0x5
09-01 00:56:19.336  3423  4001 I PackageManager: /system/priv-app/ManagedProvisioning changed; collecting certs
09-01 00:56:19.359  3096  3115 E         : invalid gralloc handle (at 0x7f90d69380)
09-01 00:56:19.359  3096  3115 E         : Runtime and build version of gralloc private structure does not match. Errors will likely follow.
09-01 00:56:19.362  2933  2933 E         : invalid gralloc handle (at 0x7f89d965b0)
09-01 00:56:19.362  2933  2933 E         : Runtime and build version of gralloc private structure does not match. Errors will likely follow.
09-01 00:56:19.366  2933  2933 D gralloc : fb_post E
09-01 00:56:19.366  2933  2933 D gralloc : fb_post format=0x5
09-01 00:56:19.393  3096  3115 E         : invalid gralloc handle (at 0x7f90d69300)
09-01 00:56:19.393  3096  3115 E         : Runtime and build version of gralloc private structure does not match. Errors will likely follow.
09-01 00:56:19.395  3423  4000 I PackageManager: /system/priv-app/MmsService changed; collecting certs
09-01 00:56:19.396  2933  2933 E         : invalid gralloc handle (at 0x7f89d96540)
09-01 00:56:19.396  2933  2933 E         : Runtime and build version of gralloc private structure does not match. Errors will likely follow.
09-01 00:56:19.400  2933  2933 D gralloc : fb_post E
09-01 00:56:19.400  2933  2933 D gralloc : fb_post format=0x5
09-01 00:56:19.409  3423  4013 I PackageManager: /system/priv-app/OneTimeInitializer changed; collecting certs
09-01 00:56:19.426  3096  3115 E         : invalid gralloc handle (at 0x7f90d69380)
09-01 00:56:19.426  3096  3115 E         : Runtime and build version of gralloc private structure does not match. Errors will likely follow.
09-01 00:56:19.430  2933  2933 E         : invalid gralloc handle (at 0x7f89d964d0)
09-01 00:56:19.430  2933  2933 E         : Runtime and build version of gralloc private structure does not match. Errors will likely follow.
09-01 00:56:19.434  2933  2933 D gralloc : fb_post E
09-01 00:56:19.434  2933  2933 D gralloc : fb_post format=0x5
09-01 00:56:19.444  3423  4001 I PackageManager: /system/priv-app/ProxyHandler changed; collecting certs
09-01 00:56:19.459  3423  4013 I PackageManager: /system/priv-app/PackageInstaller changed; collecting certs
09-01 00:56:19.460  3096  3115 E         : invalid gralloc handle (at 0x7f90d69300)
09-01 00:56:19.460  3096  3115 E         : Runtime and build version of gralloc private structure does not match. Errors will likely follow.
09-01 00:56:19.460  3423  4000 I PackageManager: /system/priv-app/Screencast changed; collecting certs
09-01 00:56:19.464  2933  2933 E         : invalid gralloc handle (at 0x7f89d96460)
09-01 00:56:19.464  2933  2933 E         : Runtime and build version of gralloc private structure does not match. Errors will likely follow.
09-01 00:56:19.468  2933  2933 D gralloc : fb_post E
09-01 00:56:19.468  2933  2933 D gralloc : fb_post format=0x5
09-01 00:56:19.493  3096  3115 E         : invalid gralloc handle (at 0x7f90d69380)
09-01 00:56:19.493  3096  3115 E         : Runtime and build version of gralloc private structure does not match. Errors will likely follow.
09-01 00:56:19.498  2933  2933 E         : invalid gralloc handle (at 0x7f89d963f0)
09-01 00:56:19.498  2933  2933 E         : Runtime and build version of gralloc private structure does not match. Errors will likely follow.
09-01 00:56:19.502  2933  2933 D gralloc : fb_post E
09-01 00:56:19.502  2933  2933 D gralloc : fb_post format=0x5
09-01 00:56:19.508  3423  4000 I PackageManager: /system/priv-app/SettingsProvider changed; collecting certs
09-01 00:56:19.527  3096  3115 E         : invalid gralloc handle (at 0x7f90d69300)
09-01 00:56:19.527  3096  3115 E         : Runtime and build version of gralloc private structure does not match. Errors will likely follow.
09-01 00:56:19.532  2933  2933 E         : invalid gralloc handle (at 0x7f89d965b0)
09-01 00:56:19.532  2933  2933 E         : Runtime and build version of gralloc private structure does not match. Errors will likely follow.
09-01 00:56:19.536  2933  2933 D gralloc : fb_post E
09-01 00:56:19.536  2933  2933 D gralloc : fb_post format=0x5
09-01 00:56:19.560  3096  3115 E         : invalid gralloc handle (at 0x7f90d69380)
09-01 00:56:19.560  3096  3115 E         : Runtime and build version of gralloc private structure does not match. Errors will likely follow.
09-01 00:56:19.566  2933  2933 E         : invalid gralloc handle (at 0x7f89d96540)
09-01 00:56:19.566  2933  2933 E         : Runtime and build version of gralloc private structure does not match. Errors will likely follow.
09-01 00:56:19.567  3423  4000 I PackageManager: /system/priv-app/SharedStorageBackup changed; collecting certs
09-01 00:56:19.570  2933  2933 D gralloc : fb_post E
09-01 00:56:19.570  2933  2933 D gralloc : fb_post format=0x5
09-01 00:56:19.594  3096  3115 E         : invalid gralloc handle (at 0x7f90d69300)
09-01 00:56:19.594  3096  3115 E         : Runtime and build version of gralloc private structure does not match. Errors will likely follow.
09-01 00:56:19.600  2933  2933 E         : invalid gralloc handle (at 0x7f89d964d0)
09-01 00:56:19.600  2933  2933 E         : Runtime and build version of gralloc private structure does not match. Errors will likely follow.
09-01 00:56:19.604  2933  2933 D gralloc : fb_post E
09-01 00:56:19.604  2933  2933 D gralloc : fb_post format=0x5
09-01 00:56:19.611  3423  4000 I PackageManager: /system/priv-app/Shell changed; collecting certs
09-01 00:56:19.627  3096  3115 E         : invalid gralloc handle (at 0x7f90d69380)
09-01 00:56:19.627  3096  3115 E         : Runtime and build version of gralloc private structure does not match. Errors will likely follow.
09-01 00:56:19.634  2933  2933 E         : invalid gralloc handle (at 0x7f89d96460)
09-01 00:56:19.634  2933  2933 E         : Runtime and build version of gralloc private structure does not match. Errors will likely follow.
09-01 00:56:19.638  2933  2933 D gralloc : fb_post E
09-01 00:56:19.638  2933  2933 D gralloc : fb_post format=0x5
09-01 00:56:19.658  3423  4000 I PackageManager: /system/priv-app/StatementService changed; collecting certs
09-01 00:56:19.661  3096  3115 E         : invalid gralloc handle (at 0x7f90d69300)
09-01 00:56:19.661  3096  3115 E         : Runtime and build version of gralloc private structure does not match. Errors will likely follow.
09-01 00:56:19.667  2933  2933 E         : invalid gralloc handle (at 0x7f89d963f0)
09-01 00:56:19.667  2933  2933 E         : Runtime and build version of gralloc private structure does not match. Errors will likely follow.
09-01 00:56:19.671  3423  4001 I PackageManager: /system/priv-app/Settings changed; collecting certs
09-01 00:56:19.671  2933  2933 D gralloc : fb_post E
09-01 00:56:19.671  2933  2933 D gralloc : fb_post format=0x5
09-01 00:56:19.695  3096  3115 E         : invalid gralloc handle (at 0x7f90d69380)
09-01 00:56:19.695  3096  3115 E         : Runtime and build version of gralloc private structure does not match. Errors will likely follow.
09-01 00:56:19.701  2933  2933 E         : invalid gralloc handle (at 0x7f89d965b0)
09-01 00:56:19.701  2933  2933 E         : Runtime and build version of gralloc private structure does not match. Errors will likely follow.
09-01 00:56:19.705  2933  2933 D gralloc : fb_post E
09-01 00:56:19.705  2933  2933 D gralloc : fb_post format=0x5
09-01 00:56:19.728  3096  3115 E         : invalid gralloc handle (at 0x7f90d69300)
09-01 00:56:19.728  3096  3115 E         : Runtime and build version of gralloc private structure does not match. Errors will likely follow.
09-01 00:56:19.735  2933  2933 E         : invalid gralloc handle (at 0x7f89d96540)
09-01 00:56:19.735  2933  2933 E         : Runtime and build version of gralloc private structure does not match. Errors will likely follow.
09-01 00:56:19.740  2933  2933 D gralloc : fb_post E
09-01 00:56:19.740  2933  2933 D gralloc : fb_post format=0x5
09-01 00:56:19.761  3096  3115 E         : invalid gralloc handle (at 0x7f90d69380)
09-01 00:56:19.761  3096  3115 E         : Runtime and build version of gralloc private structure does not match. Errors will likely follow.
09-01 00:56:19.769  2933  2933 E         : invalid gralloc handle (at 0x7f89d964d0)
09-01 00:56:19.769  2933  2933 E         : Runtime and build version of gralloc private structure does not match. Errors will likely follow.
09-01 00:56:19.773  3423  4000 I PackageManager: /system/priv-app/SystemUI changed; collecting certs
09-01 00:56:19.773  2933  2933 D gralloc : fb_post E
09-01 00:56:19.774  2933  2933 D gralloc : fb_post format=0x5
09-01 00:56:19.794  3096  3115 E         : invalid gralloc handle (at 0x7f90d69300)
09-01 00:56:19.794  3096  3115 E         : Runtime and build version of gralloc private structure does not match. Errors will likely follow.
09-01 00:56:19.803  2933  2933 E         : invalid gralloc handle (at 0x7f89d96460)
09-01 00:56:19.803  2933  2933 E         : Runtime and build version of gralloc private structure does not match. Errors will likely follow.
09-01 00:56:19.807  2933  2933 D gralloc : fb_post E
09-01 00:56:19.807  2933  2933 D gralloc : fb_post format=0x5
09-01 00:56:19.828  3096  3115 E         : invalid gralloc handle (at 0x7f90d69380)
09-01 00:56:19.828  3096  3115 E         : Runtime and build version of gralloc private structure does not match. Errors will likely follow.
09-01 00:56:19.837  2933  2933 E         : invalid gralloc handle (at 0x7f89d963f0)
09-01 00:56:19.837  2933  2933 E         : Runtime and build version of gralloc private structure does not match. Errors will likely follow.
09-01 00:56:19.841  2933  2933 D gralloc : fb_post E
09-01 00:56:19.841  2933  2933 D gralloc : fb_post format=0x5
09-01 00:56:19.861  3096  3115 E         : invalid gralloc handle (at 0x7f90d69300)
09-01 00:56:19.861  3096  3115 E         : Runtime and build version of gralloc private structure does not match. Errors will likely follow.
09-01 00:56:19.871  2933  2933 E         : invalid gralloc handle (at 0x7f89d965b0)
09-01 00:56:19.871  2933  2933 E         : Runtime and build version of gralloc private structure does not match. Errors will likely follow.
09-01 00:56:19.875  2933  2933 D gralloc : fb_post E
09-01 00:56:19.875  2933  2933 D gralloc : fb_post format=0x5
09-01 00:56:19.895  3096  3115 E         : invalid gralloc handle (at 0x7f90d69380)
09-01 00:56:19.895  3096  3115 E         : Runtime and build version of gralloc private structure does not match. Errors will likely follow.
09-01 00:56:19.905  2933  2933 E         : invalid gralloc handle (at 0x7f89d96540)
09-01 00:56:19.905  2933  2933 E         : Runtime and build version of gralloc private structure does not match. Errors will likely follow.
09-01 00:56:19.909  2933  2933 D gralloc : fb_post E
09-01 00:56:19.909  2933  2933 D gralloc : fb_post format=0x5
09-01 00:56:19.929  3096  3115 E         : invalid gralloc handle (at 0x7f90d69300)
09-01 00:56:19.929  3096  3115 E         : Runtime and build version of gralloc private structure does not match. Errors will likely follow.
09-01 00:56:19.939  2933  2933 E         : invalid gralloc handle (at 0x7f89d964d0)
09-01 00:56:19.939  2933  2933 E         : Runtime and build version of gralloc private structure does not match. Errors will likely follow.
09-01 00:56:19.943  2933  2933 D gralloc : fb_post E
09-01 00:56:19.943  2933  2933 D gralloc : fb_post format=0x5
09-01 00:56:19.962  3096  3115 E         : invalid gralloc handle (at 0x7f90d69380)
09-01 00:56:19.962  3096  3115 E         : Runtime and build version of gralloc private structure does not match. Errors will likely follow.
09-01 00:56:19.972  3423  4013 W PackageParser: Ignoring duplicate uses-permissions/uses-permissions-sdk-m: android.permission.ACCESS_WIFI_STATE in package: com.android.phone at: Binary XML file line #132
09-01 00:56:19.973  2933  2933 E         : invalid gralloc handle (at 0x7f89d96460)
09-01 00:56:19.973  2933  2933 E         : Runtime and build version of gralloc private structure does not match. Errors will likely follow.
09-01 00:56:19.977  2933  2933 D gralloc : fb_post E
09-01 00:56:19.977  2933  2933 D gralloc : fb_post format=0x5
09-01 00:56:19.989  3423  4013 I PackageManager: /system/priv-app/TeleService changed; collecting certs
09-01 00:56:19.995  3096  3115 E         : invalid gralloc handle (at 0x7f90d69300)
09-01 00:56:19.996  3096  3115 E         : Runtime and build version of gralloc private structure does not match. Errors will likely follow.
09-01 00:56:20.006  2933  2933 E         : invalid gralloc handle (at 0x7f89d963f0)
09-01 00:56:20.006  2933  2933 E         : Runtime and build version of gralloc private structure does not match. Errors will likely follow.
09-01 00:56:20.011  2933  2933 D gralloc : fb_post E
09-01 00:56:20.011  2933  2933 D gralloc : fb_post format=0x5
09-01 00:56:20.029  3096  3115 E         : invalid gralloc handle (at 0x7f90d69380)
09-01 00:56:20.029  3096  3115 E         : Runtime and build version of gralloc private structure does not match. Errors will likely follow.
09-01 00:56:20.040  2933  2933 E         : invalid gralloc handle (at 0x7f89d965b0)
09-01 00:56:20.040  2933  2933 E         : Runtime and build version of gralloc private structure does not match. Errors will likely follow.
09-01 00:56:20.044  2933  2933 D gralloc : fb_post E
09-01 00:56:20.044  2933  2933 D gralloc : fb_post format=0x5
09-01 00:56:20.062  3096  3115 E         : invalid gralloc handle (at 0x7f90d69300)
09-01 00:56:20.062  3096  3115 E         : Runtime and build version of gralloc private structure does not match. Errors will likely follow.
09-01 00:56:20.074  2933  2933 E         : invalid gralloc handle (at 0x7f89d96540)
09-01 00:56:20.074  2933  2933 E         : Runtime and build version of gralloc private structure does not match. Errors will likely follow.
09-01 00:56:20.078  2933  2933 D gralloc : fb_post E
09-01 00:56:20.078  2933  2933 D gralloc : fb_post format=0x5
09-01 00:56:20.096  3096  3115 E         : invalid gralloc handle (at 0x7f90d69380)
09-01 00:56:20.096  3096  3115 E         : Runtime and build version of gralloc private structure does not match. Errors will likely follow.
09-01 00:56:20.108  2933  2933 E         : invalid gralloc handle (at 0x7f89d964d0)
09-01 00:56:20.108  2933  2933 E         : Runtime and build version of gralloc private structure does not match. Errors will likely follow.
09-01 00:56:20.112  2933  2933 D gralloc : fb_post E
09-01 00:56:20.112  2933  2933 D gralloc : fb_post format=0x5
09-01 00:56:20.129  3096  3115 E         : invalid gralloc handle (at 0x7f90d69300)
09-01 00:56:20.129  3096  3115 E         : Runtime and build version of gralloc private structure does not match. Errors will likely follow.
09-01 00:56:20.142  2933  2933 E         : invalid gralloc handle (at 0x7f89d96460)
09-01 00:56:20.142  2933  2933 E         : Runtime and build version of gralloc private structure does not match. Errors will likely follow.
09-01 00:56:20.146  2933  2933 D gralloc : fb_post E
09-01 00:56:20.146  2933  2933 D gralloc : fb_post format=0x5
09-01 00:56:20.163  3096  3115 E         : invalid gralloc handle (at 0x7f90d69380)
09-01 00:56:20.163  3096  3115 E         : Runtime and build version of gralloc private structure does not match. Errors will likely follow.
09-01 00:56:20.176  2933  2933 E         : invalid gralloc handle (at 0x7f89d963f0)
09-01 00:56:20.176  2933  2933 E         : Runtime and build version of gralloc private structure does not match. Errors will likely follow.
09-01 00:56:20.180  2933  2933 D gralloc : fb_post E
09-01 00:56:20.180  2933  2933 D gralloc : fb_post format=0x5
09-01 00:56:20.196  3096  3115 E         : invalid gralloc handle (at 0x7f90d69300)
09-01 00:56:20.196  3096  3115 E         : Runtime and build version of gralloc private structure does not match. Errors will likely follow.
09-01 00:56:20.210  2933  2933 E         : invalid gralloc handle (at 0x7f89d965b0)
09-01 00:56:20.210  2933  2933 E         : Runtime and build version of gralloc private structure does not match. Errors will likely follow.
09-01 00:56:20.214  2933  2933 D gralloc : fb_post E
09-01 00:56:20.214  2933  2933 D gralloc : fb_post format=0x5
09-01 00:56:20.230  3096  3115 E         : invalid gralloc handle (at 0x7f90d69380)
09-01 00:56:20.230  3096  3115 E         : Runtime and build version of gralloc private structure does not match. Errors will likely follow.
09-01 00:56:20.244  2933  2933 E         : invalid gralloc handle (at 0x7f89d96540)
09-01 00:56:20.244  2933  2933 E         : Runtime and build version of gralloc private structure does not match. Errors will likely follow.
09-01 00:56:20.248  2933  2933 D gralloc : fb_post E
09-01 00:56:20.248  2933  2933 D gralloc : fb_post format=0x5
09-01 00:56:20.263  3096  3115 E         : invalid gralloc handle (at 0x7f90d69300)
09-01 00:56:20.263  3096  3115 E         : Runtime and build version of gralloc private structure does not match. Errors will likely follow.
09-01 00:56:20.278  2933  2933 E         : invalid gralloc handle (at 0x7f89d964d0)
09-01 00:56:20.278  2933  2933 E         : Runtime and build version of gralloc private structure does not match. Errors will likely follow.
09-01 00:56:20.282  2933  2933 D gralloc : fb_post E
09-01 00:56:20.282  2933  2933 D gralloc : fb_post format=0x5
09-01 00:56:20.295  3423  4013 I PackageManager: /system/priv-app/Telecom changed; collecting certs
09-01 00:56:20.297  3096  3115 E         : invalid gralloc handle (at 0x7f90d69380)
09-01 00:56:20.297  3096  3115 E         : Runtime and build version of gralloc private structure does not match. Errors will likely follow.
09-01 00:56:20.311  2933  2933 E         : invalid gralloc handle (at 0x7f89d96460)
09-01 00:56:20.311  2933  2933 E         : Runtime and build version of gralloc private structure does not match. Errors will likely follow.
09-01 00:56:20.316  2933  2933 D gralloc : fb_post E
09-01 00:56:20.316  2933  2933 D gralloc : fb_post format=0x5
09-01 00:56:20.330  3096  3115 E         : invalid gralloc handle (at 0x7f90d69300)
09-01 00:56:20.330  3096  3115 E         : Runtime and build version of gralloc private structure does not match. Errors will likely follow.
09-01 00:56:20.345  2933  2933 E         : invalid gralloc handle (at 0x7f89d963f0)
09-01 00:56:20.345  2933  2933 E         : Runtime and build version of gralloc private structure does not match. Errors will likely follow.
09-01 00:56:20.350  2933  2933 D gralloc : fb_post E
09-01 00:56:20.350  2933  2933 D gralloc : fb_post format=0x5
09-01 00:56:20.364  3096  3115 E         : invalid gralloc handle (at 0x7f90d69380)
09-01 00:56:20.364  3096  3115 E         : Runtime and build version of gralloc private structure does not match. Errors will likely follow.
09-01 00:56:20.374  3423  4013 I PackageManager: /system/priv-app/TelephonyProvider changed; collecting certs
09-01 00:56:20.379  2933  2933 E         : invalid gralloc handle (at 0x7f89d965b0)
09-01 00:56:20.379  2933  2933 E         : Runtime and build version of gralloc private structure does not match. Errors will likely follow.
09-01 00:56:20.383  2933  2933 D gralloc : fb_post E
09-01 00:56:20.383  2933  2933 D gralloc : fb_post format=0x5
09-01 00:56:20.397  3096  3115 E         : invalid gralloc handle (at 0x7f90d69300)
09-01 00:56:20.397  3096  3115 E         : Runtime and build version of gralloc private structure does not match. Errors will likely follow.
09-01 00:56:20.413  2933  2933 E         : invalid gralloc handle (at 0x7f89d96540)
09-01 00:56:20.413  2933  2933 E         : Runtime and build version of gralloc private structure does not match. Errors will likely follow.
09-01 00:56:20.417  2933  2933 D gralloc : fb_post E
09-01 00:56:20.418  2933  2933 D gralloc : fb_post format=0x5
09-01 00:56:20.430  3096  3115 E         : invalid gralloc handle (at 0x7f90d69380)
09-01 00:56:20.430  3096  3115 E         : Runtime and build version of gralloc private structure does not match. Errors will likely follow.
09-01 00:56:20.445  3423  4013 I PackageManager: /system/priv-app/ThemeChooser changed; collecting certs
09-01 00:56:20.447  2933  2933 E         : invalid gralloc handle (at 0x7f89d964d0)
09-01 00:56:20.447  2933  2933 E         : Runtime and build version of gralloc private structure does not match. Errors will likely follow.
09-01 00:56:20.451  2933  2933 D gralloc : fb_post E
09-01 00:56:20.451  2933  2933 D gralloc : fb_post format=0x5
09-01 00:56:20.464  3096  3115 E         : invalid gralloc handle (at 0x7f90d69300)
09-01 00:56:20.464  3096  3115 E         : Runtime and build version of gralloc private structure does not match. Errors will likely follow.
09-01 00:56:20.481  2933  2933 E         : invalid gralloc handle (at 0x7f89d96460)
09-01 00:56:20.481  2933  2933 E         : Runtime and build version of gralloc private structure does not match. Errors will likely follow.
09-01 00:56:20.485  2933  2933 D gralloc : fb_post E
09-01 00:56:20.485  2933  2933 D gralloc : fb_post format=0x5
09-01 00:56:20.497  3096  3115 E         : invalid gralloc handle (at 0x7f90d69380)
09-01 00:56:20.497  3096  3115 E         : Runtime and build version of gralloc private structure does not match. Errors will likely follow.
09-01 00:56:20.515  2933  2933 E         : invalid gralloc handle (at 0x7f89d963f0)
09-01 00:56:20.515  2933  2933 E         : Runtime and build version of gralloc private structure does not match. Errors will likely follow.
09-01 00:56:20.519  2933  2933 D gralloc : fb_post E
09-01 00:56:20.519  2933  2933 D gralloc : fb_post format=0x5
09-01 00:56:20.523  3423  4011 I PackageManager: /system/priv-app/ThemeManagerService changed; collecting certs
09-01 00:56:20.531  3096  3115 E         : invalid gralloc handle (at 0x7f90d69300)
09-01 00:56:20.531  3096  3115 E         : Runtime and build version of gralloc private structure does not match. Errors will likely follow.
09-01 00:56:20.549  2933  2933 E         : invalid gralloc handle (at 0x7f89d965b0)
09-01 00:56:20.549  2933  2933 E         : Runtime and build version of gralloc private structure does not match. Errors will likely follow.
09-01 00:56:20.553  2933  2933 D gralloc : fb_post E
09-01 00:56:20.553  2933  2933 D gralloc : fb_post format=0x5
09-01 00:56:20.564  3096  3115 E         : invalid gralloc handle (at 0x7f90d69380)
09-01 00:56:20.564  3096  3115 E         : Runtime and build version of gralloc private structure does not match. Errors will likely follow.
09-01 00:56:20.571  3423  4011 I PackageManager: /system/priv-app/ThemesProvider changed; collecting certs
09-01 00:56:20.583  2933  2933 E         : invalid gralloc handle (at 0x7f89d96540)
09-01 00:56:20.583  2933  2933 E         : Runtime and build version of gralloc private structure does not match. Errors will likely follow.
09-01 00:56:20.587  2933  2933 D gralloc : fb_post E
09-01 00:56:20.587  2933  2933 D gralloc : fb_post format=0x5
09-01 00:56:20.598  3096  3115 E         : invalid gralloc handle (at 0x7f90d69300)
09-01 00:56:20.598  3096  3115 E         : Runtime and build version of gralloc private structure does not match. Errors will likely follow.
09-01 00:56:20.598  3423  4011 I PackageManager: New shared user org.cyanogenmod.themes: id=10020
09-01 00:56:20.617  2933  2933 E         : invalid gralloc handle (at 0x7f89d964d0)
09-01 00:56:20.617  2933  2933 E         : Runtime and build version of gralloc private structure does not match. Errors will likely follow.
09-01 00:56:20.621  2933  2933 D gralloc : fb_post E
09-01 00:56:20.621  2933  2933 D gralloc : fb_post format=0x5
