12-04 09:17:00.932  3608  3734 E WVMExtractor: Failed to open libwvm.so: dlopen failed: library "libwvm.so" not found
12-04 09:17:00.941  2934  3325 I iptables: iptables: No chain/target/match by that name.
12-04 09:17:00.942  2934  3325 I iptables: iptables terminated by exit(1)
12-04 09:17:00.942  2934  3325 E Netd    : exec() res=0, status=256 for /system/bin/iptables -w -F st_penalty_log 
12-04 09:17:00.946  2934  3325 I ip6tables: ip6tables: No chain/target/match by that name.
12-04 09:17:00.947  2934  3325 I ip6tables: ip6tables terminated by exit(1)
12-04 09:17:00.947  2934  3325 E Netd    : exec() res=0, status=256 for /system/bin/ip6tables -w -F st_penalty_log 
12-04 09:17:00.952  2934  3325 I iptables: iptables: No chain/target/match by that name.
12-04 09:17:00.952  2934  3325 I iptables: iptables terminated by exit(1)
12-04 09:17:00.952  2934  3325 E Netd    : exec() res=0, status=256 for /system/bin/iptables -w -F st_penalty_reject 
12-04 09:17:00.957  2934  3325 I ip6tables: ip6tables: No chain/target/match by that name.
12-04 09:17:00.957  2934  3325 I ip6tables: ip6tables terminated by exit(1)
12-04 09:17:00.957  2934  3325 E Netd    : exec() res=0, status=256 for /system/bin/ip6tables -w -F st_penalty_reject 
12-04 09:17:00.958  3339  3351 W AppWidgetServiceImpl: Failed to read state: java.io.FileNotFoundException: /data/system/users/0/appwidgets.xml: open failed: ENOENT (No such file or directory)
12-04 09:17:00.958  3339  3351 V AppWidgetServiceImpl: Upgrading widget database from 0 to 1
12-04 09:17:00.962  2934  3325 I iptables: iptables: No chain/target/match by that name.
12-04 09:17:00.962  2934  3325 I iptables: iptables terminated by exit(1)
12-04 09:17:00.962  2934  3325 E Netd    : exec() res=0, status=256 for /system/bin/iptables -w -F st_clear_caught 
12-04 09:17:00.967  2934  3325 I ip6tables: ip6tables: No chain/target/match by that name.
12-04 09:17:00.967  2934  3325 I ip6tables: ip6tables terminated by exit(1)
12-04 09:17:00.967  2934  3325 E Netd    : exec() res=0, status=256 for /system/bin/ip6tables -w -F st_clear_caught 
12-04 09:17:00.973  2934  3325 I iptables: iptables: No chain/target/match by that name.
12-04 09:17:00.973  2934  3325 I iptables: iptables terminated by exit(1)
12-04 09:17:00.973  2934  3325 E Netd    : exec() res=0, status=256 for /system/bin/iptables -w -F st_clear_detect 
12-04 09:17:00.978  2934  3325 I ip6tables: ip6tables: No chain/target/match by that name.
12-04 09:17:00.978  2934  3325 I ip6tables: ip6tables terminated by exit(1)
12-04 09:17:00.978  2934  3325 E Netd    : exec() res=0, status=256 for /system/bin/ip6tables -w -F st_clear_detect 
12-04 09:17:00.982  2934  3325 I iptables: iptables: No chain/target/match by that name.
12-04 09:17:00.982  2934  3325 I iptables: iptables terminated by exit(1)
12-04 09:17:00.983  2934  3325 E Netd    : exec() res=0, status=256 for /system/bin/iptables -w -X st_penalty_log 
12-04 09:17:00.984  2939  2939 I EXYNOS_COMP_REGS: Loading the library: libOMX.Exynos.AVC.Decoder.so
12-04 09:17:00.987  2934  3325 I ip6tables: ip6tables: No chain/target/match by that name.
12-04 09:17:00.987  2934  3325 I ip6tables: ip6tables terminated by exit(1)
12-04 09:17:00.987  2934  3325 E Netd    : exec() res=0, status=256 for /system/bin/ip6tables -w -X st_penalty_log 
12-04 09:17:00.991  2934  3325 I iptables: iptables: No chain/target/match by that name.
12-04 09:17:00.992  2934  3325 I iptables: iptables terminated by exit(1)
12-04 09:17:00.992  2934  3325 E Netd    : exec() res=0, status=256 for /system/bin/iptables -w -X st_penalty_reject 
12-04 09:17:00.996  2934  3325 I ip6tables: ip6tables: No chain/target/match by that name.
12-04 09:17:00.996  2934  3325 I ip6tables: ip6tables terminated by exit(1)
12-04 09:17:00.996  2934  3325 E Netd    : exec() res=0, status=256 for /system/bin/ip6tables -w -X st_penalty_reject 
12-04 09:17:01.000  2934  3325 I iptables: iptables: No chain/target/match by that name.
12-04 09:17:01.001  2934  3325 I iptables: iptables terminated by exit(1)
12-04 09:17:01.001  2934  3325 E Netd    : exec() res=0, status=256 for /system/bin/iptables -w -X st_clear_caught 
12-04 09:17:01.002  3608  3608 I vol.Events: writeEvent collection_started
12-04 09:17:01.005  2934  3325 I ip6tables: ip6tables: No chain/target/match by that name.
12-04 09:17:01.006  2934  3325 I ip6tables: ip6tables terminated by exit(1)
12-04 09:17:01.006  2934  3325 E Netd    : exec() res=0, status=256 for /system/bin/ip6tables -w -X st_clear_caught 
12-04 09:17:01.011  2934  3325 I iptables: iptables: No chain/target/match by that name.
12-04 09:17:01.011  2934  3325 I iptables: iptables terminated by exit(1)
12-04 09:17:01.011  2934  3325 E Netd    : exec() res=0, status=256 for /system/bin/iptables -w -X st_clear_detect 
12-04 09:17:01.016  2934  3325 I ip6tables: ip6tables: No chain/target/match by that name.
12-04 09:17:01.016  2934  3325 I ip6tables: ip6tables terminated by exit(1)
12-04 09:17:01.016  2934  3325 E Netd    : exec() res=0, status=256 for /system/bin/ip6tables -w -X st_clear_detect 
12-04 09:17:01.032  3608  3760 I vol.Events: writeEvent level_changed STREAM_ALARM 6
12-04 09:17:01.033  3608  3760 I vol.Events: writeEvent level_changed STREAM_BLUETOOTH_SCO 7
12-04 09:17:01.035  3608  3760 I vol.Events: writeEvent level_changed STREAM_MUSIC 11
12-04 09:17:01.036  3608  3608 D StorageNotification: Notifying about private volume: VolumeInfo{private}:
12-04 09:17:01.036  3608  3608 D StorageNotification:     type=PRIVATE diskId=null partGuid=null mountFlags=0 mountUserId=-1 
12-04 09:17:01.036  3608  3608 D StorageNotification:     state=MOUNTED 
12-04 09:17:01.036  3608  3608 D StorageNotification:     fsType=null fsUuid=null fsLabel=null 
12-04 09:17:01.036  3608  3608 D StorageNotification:     path=/data internalPath=null 
12-04 09:17:01.037  3608  3760 I vol.Events: writeEvent level_changed STREAM_RING 5
12-04 09:17:01.037  3608  3760 I vol.Events: writeEvent level_changed STREAM_SYSTEM 5
12-04 09:17:01.039  3608  3760 I vol.Events: writeEvent level_changed STREAM_VOICE_CALL 4
12-04 09:17:01.039  3608  3760 I vol.Events: writeEvent external_ringer_mode_changed normal
12-04 09:17:01.060  3695  3774 D ThemesProvider: Deleted 0
12-04 09:17:01.061  3339  3339 I BrokerableCMSystemService: Connecting to implementation
12-04 09:17:01.061  3339  3339 W ContextImpl: Calling a method in the system process without a qualified user: android.app.ContextImpl.bindService:1295 org.cyanogenmod.platform.internal.BrokerableCMSystemService.tryConnecting:199 org.cyanogenmod.platform.internal.BrokerableCMSystemService$1.handleMessage:165 android.os.Handler.dispatchMessage:102 android.os.Looper.loop:148 
12-04 09:17:01.087  2939  2939 I EXYNOS_COMP_REGS: Loading the library: libOMX.Exynos.AVC.Encoder.so
12-04 09:17:01.104  2939  2939 I EXYNOS_COMP_REGS: Loading the library: libOMX.Exynos.MPEG4.Decoder.so
12-04 09:17:01.109  3339  3605 I StatusBarManagerService: registerStatusBar bar=com.android.internal.statusbar.IStatusBar$Stub$Proxy@26b47b
12-04 09:17:01.121  2939  2939 I EXYNOS_COMP_REGS: Loading the library: libOMX.Exynos.MPEG4.Encoder.so
12-04 09:17:01.124  3670  3701 I ContactLocale: AddressBook Labels [en-US]: [, A, B, C, D, E, F, G, H, I, J, K, L, M, N, O, P, Q, R, S, T, U, V, W, X, Y, Z, , , , , , , , , , , , , , , , , , , , , , , , , , , , , , , , , , , , , , , , , , , , , , , , , , , , , , , , , , , , , , , , , , , , , , , , , , , , , , , , , , , , , , , , , , , , , , , , , , , , , , , , , , , , , , , , , , , , , , , , , , , , , , , , , , , , , , , , , , , , , , , , , , , , , , , , , , , , , , , , , , , , , , , , , , , , , , , , , , , , , , , , , , , #, ]
12-04 09:17:01.128  2939  2939 I EXYNOS_COMP_REGS: Loading the library: libOMX.Exynos.VP8.Decoder.so
12-04 09:17:01.139  2939  2939 I EXYNOS_COMP_REGS: Loading the library: libOMX.Exynos.VP8.Encoder.so
12-04 09:17:01.172  3339  3403 D WifiService: New client listening to asynchronous messages
12-04 09:17:01.184  3339  3353 W System  : ClassLoader referenced unknown path: /system/framework/ConnectivityExt.jar
12-04 09:17:01.185  3339  3353 W ConnectivityExtension: Connectivity extension is not available
12-04 09:17:01.218  2939  2939 D libexynosv4l2: try node: /dev/video6
12-04 09:17:01.218  2939  2939 I libexynosv4l2: node found for device s5p-mfc-dec: /dev/video6
12-04 09:17:01.219  3339  3339 I BrokerableCMSystemService: Connecting to implementation
12-04 09:17:01.219  3339  3339 W ContextImpl: Calling a method in the system process without a qualified user: android.app.ContextImpl.bindService:1295 org.cyanogenmod.platform.internal.BrokerableCMSystemService.tryConnecting:199 org.cyanogenmod.platform.internal.BrokerableCMSystemService$1.handleMessage:165 android.os.Handler.dispatchMessage:102 android.os.Looper.loop:148 
12-04 09:17:01.230  3339  3339 I ActivityManager: Start proc 3813:org.cyanogenmod.livelockscreen.service/u0a11 for service org.cyanogenmod.livelockscreen.service/.LiveLockScreenManagerService
12-04 09:17:01.236  3339  3353 D PermissionMonitor: Monitoring
12-04 09:17:01.239  2939  2939 I libexynosv4l2: open video device /dev/video6
12-04 09:17:01.240  3339  3353 D PermissionMonitor: Users: 1, Apps: 74
12-04 09:17:01.242  2939  2939 D libexynosv4l2: try node: /dev/video6
12-04 09:17:01.242  2939  2939 I libexynosv4l2: node found for device s5p-mfc-dec: /dev/video6
12-04 09:17:01.243  3339  3353 I SystemServiceManager: Starting phase 600
12-04 09:17:01.245  3339  3359 D BluetoothManagerService: Message: 30
12-04 09:17:01.245  3339  3359 D BluetoothManagerService: Message: 30
12-04 09:17:01.245  2939  2939 I libexynosv4l2: open video device /dev/video6
12-04 09:17:01.246  2939  3766 I AudioFlinger: systemReady
12-04 09:17:01.249  3339  3353 I BackupManagerService: Backup enabled => false
12-04 09:17:01.250  3813  3813 W System  : ClassLoader referenced unknown path: /system/priv-app/LiveLockScreenService/lib/arm64
12-04 09:17:01.250  3339  3353 D BrokerableCMSystemService: Third party apps ready
12-04 09:17:01.250  3339  3353 I BrokerableCMSystemService: Connecting to implementation
12-04 09:17:01.251  3339  3353 W ContextImpl: Calling a method in the system process without a qualified user: android.app.ContextImpl.bindService:1295 org.cyanogenmod.platform.internal.BrokerableCMSystemService.tryConnecting:199 org.cyanogenmod.platform.internal.BrokerableCMSystemService.onBootPhase:127 org.cyanogenmod.platform.internal.ThemeManagerServiceBroker.onBootPhase:272 com.android.server.SystemServiceManager.startBootPhase:135 
12-04 09:17:01.251  3339  3353 D BrokerableCMSystemService: Third party apps ready
12-04 09:17:01.251  3339  3353 I BrokerableCMSystemService: Connecting to implementation
12-04 09:17:01.251  3339  3353 W ContextImpl: Calling a method in the system process without a qualified user: android.app.ContextImpl.bindService:1295 org.cyanogenmod.platform.internal.BrokerableCMSystemService.tryConnecting:199 org.cyanogenmod.platform.internal.BrokerableCMSystemService.onBootPhase:127 com.android.server.SystemServiceManager.startBootPhase:135 com.android.server.SystemServer$2.run:1231 
12-04 09:17:01.251  2939  2939 D libexynosv4l2: try node: /dev/video6
12-04 09:17:01.251  2939  2939 I libexynosv4l2: node found for device s5p-mfc-dec: /dev/video6
12-04 09:17:01.252  3339  3353 D BrokerableCMSystemService: Third party apps ready
12-04 09:17:01.252  3339  3353 I BrokerableCMSystemService: Connecting to implementation
12-04 09:17:01.252  3339  3353 W ContextImpl: Calling a method in the system process without a qualified user: android.app.ContextImpl.bindService:1295 org.cyanogenmod.platform.internal.BrokerableCMSystemService.tryConnecting:199 org.cyanogenmod.platform.internal.BrokerableCMSystemService.onBootPhase:127 org.cyanogenmod.platform.internal.LiveLockScreenServiceBroker.onBootPhase:273 com.android.server.SystemServiceManager.startBootPhase:135 
12-04 09:17:01.252  3339  3353 D BrokerableCMSystemService: Third party apps ready
12-04 09:17:01.252  3339  3353 I BrokerableCMSystemService: Connecting to implementation
12-04 09:17:01.253  3339  3353 W ContextImpl: Calling a method in the system process without a qualified user: android.app.ContextImpl.bindService:1295 org.cyanogenmod.platform.internal.BrokerableCMSystemService.tryConnecting:199 org.cyanogenmod.platform.internal.BrokerableCMSystemService.onBootPhase:127 com.android.server.SystemServiceManager.startBootPhase:135 com.android.server.SystemServer$2.run:1231 
12-04 09:17:01.255  2939  2939 I libexynosv4l2: open video device /dev/video6
12-04 09:17:01.256  2939  2939 E OMX     : FAILED to allocate omx component 'OMX.Exynos.avc.dec.secure' err=InvalidComponentName(0x80001002)
12-04 09:17:01.258  2939  2939 D libexynosv4l2: try node: /dev/video6
12-04 09:17:01.258  2939  2939 I libexynosv4l2: node found for device s5p-mfc-dec: /dev/video6
12-04 09:17:01.262  3339  3832 E WVMExtractor: Failed to open libwvm.so: dlopen failed: library "libwvm.so" not found
12-04 09:17:01.264  3339  3353 I ActivityManager: Start proc 3838:org.cyanogenmod.weatherservice/u0a24 for service org.cyanogenmod.weatherservice/.WeatherManagerService
12-04 09:17:01.264  3339  3353 D BrokerableCMSystemService: Third party apps ready
12-04 09:17:01.264  3339  3353 I BrokerableCMSystemService: Connecting to implementation
12-04 09:17:01.264  3339  3353 W ContextImpl: Calling a method in the system process without a qualified user: android.app.ContextImpl.bindService:1295 org.cyanogenmod.platform.internal.BrokerableCMSystemService.tryConnecting:199 org.cyanogenmod.platform.internal.BrokerableCMSystemService.onBootPhase:127 org.cyanogenmod.platform.internal.CMAudioServiceBroker.onBootPhase:58 com.android.server.SystemServiceManager.startBootPhase:135 
12-04 09:17:01.272  2939  2939 I libexynosv4l2: open video device /dev/video6
12-04 09:17:01.273  2939  2939 E OMXNodeInstance: getParameter(4:Exynos.VP8.Decoder, ParamVideoProfileLevelQuerySupported(0x600000f)) ERROR: UnsupportedIndex(0x8000101a)
12-04 09:17:01.273  2939  2939 E OMX     : FAILED to allocate omx component 'OMX.Exynos.HEVC.Decoder' err=InvalidComponentName(0x80001002)
12-04 09:17:01.273  2939  2939 E OMX     : FAILED to allocate omx component 'OMX.Exynos.VP9.Decoder' err=InvalidComponentName(0x80001002)
12-04 09:17:01.273  2939  2939 E OMX     : FAILED to allocate omx component 'OMX.Exynos.VC1.Decoder' err=InvalidComponentName(0x80001002)
12-04 09:17:01.274  2939  2939 E OMX     : FAILED to allocate omx component 'OMX.Exynos.VC1.Decoder' err=InvalidComponentName(0x80001002)
12-04 09:17:01.274  2939  2939 W MediaCodecList: ignoring Limit specified outside of a Type
12-04 09:17:01.274  2939  2939 W MediaCodecList: ignoring Limit specified outside of a Type
12-04 09:17:01.274  2939  2939 W MediaCodecList: ignoring Limit specified outside of a Type
12-04 09:17:01.274  2939  2939 W MediaCodecList: ignoring Limit specified outside of a Type
12-04 09:17:01.274  2939  2939 W MediaCodecList: ignoring Limit specified outside of a Type
12-04 09:17:01.274  2939  2939 W MediaCodecList: ignoring Limit specified outside of a Type
12-04 09:17:01.274  2939  2939 W MediaCodecList: ignoring Feature specified outside of a Type
12-04 09:17:01.274  2939  2939 E OMX     : FAILED to allocate omx component 'OMX.Exynos.MP3.Decoder' err=InvalidComponentName(0x80001002)
12-04 09:17:01.274  2939  2939 E OMX     : FAILED to allocate omx component 'OMX.Exynos.MP3.Decoder' err=InvalidComponentName(0x80001002)
12-04 09:17:01.274  2939  2939 E OMX     : FAILED to allocate omx component 'OMX.Exynos.MP3.Decoder' err=InvalidComponentName(0x80001002)
12-04 09:17:01.274  2939  2939 E OMX     : FAILED to allocate omx component 'OMX.Exynos.AAC.Decoder' err=InvalidComponentName(0x80001002)
12-04 09:17:01.275  3339  3353 I ActivityManager: Start proc 3852:org.cyanogenmod.cmaudio.service/u0a2 for service org.cyanogenmod.cmaudio.service/.CMAudioService
12-04 09:17:01.276  2939  2939 D libexynosv4l2: try node: /dev/video6
12-04 09:17:01.276  2939  2939 D libexynosv4l2: try node: /dev/video7
12-04 09:17:01.277  2939  2939 I libexynosv4l2: node found for device s5p-mfc-enc: /dev/video7
12-04 09:17:01.279  3339  3339 I BrokerableCMSystemService: Implementation service connected
12-04 09:17:01.280  3339  3339 I BrokerableCMSystemService: Notifying service connected
12-04 09:17:01.280  3339  3450 V KeyValueBackupJob: Scheduling k/v pass in 242 minutes
12-04 09:17:01.281  2939  2939 I libexynosv4l2: open video device /dev/video7
12-04 09:17:01.281  2939  2939 W ACodec  : do not know color format 0x7f000011 = 2130706449
12-04 09:17:01.281  2939  2939 W ACodec  : do not know color format 0x10 = 16
12-04 09:17:01.281  2939  2939 W ACodec  : do not know color format 0x7f000013 = 2130706451
12-04 09:17:01.281  2939  2939 W ACodec  : do not know color format 0x7f000789 = 2130708361
12-04 09:17:01.286  3339  3353 E InputMethodManagerService: Ignoring updateSystemUiLocked due to an invalid token. uid:1000 token:null
12-04 09:17:01.287  2939  2939 D libexynosv4l2: try node: /dev/video6
12-04 09:17:01.287  2939  2939 D libexynosv4l2: try node: /dev/video7
12-04 09:17:01.287  2939  2939 I libexynosv4l2: node found for device s5p-mfc-enc: /dev/video7
12-04 09:17:01.288  3339  3353 W InputMethodManagerService: Reset the default IME as "Resource" is ready here.
12-04 09:17:01.290  3339  3353 I InputMethodManagerService: Selected default: com.android.inputmethod.latin/.LatinIME
12-04 09:17:01.290  3339  3353 W InputMethodManagerService: Illegal subtype state: old subtype = null, new subtype = android.view.inputmethod.InputMethodSubtype@c9194f98
12-04 09:17:01.291  2939  2939 I libexynosv4l2: open video device /dev/video7
12-04 09:17:01.292  2939  2939 W ACodec  : do not know color format 0x7f000011 = 2130706449
12-04 09:17:01.292  2939  2939 W ACodec  : do not know color format 0x10 = 16
12-04 09:17:01.292  2939  2939 W ACodec  : do not know color format 0x7f000013 = 2130706451
12-04 09:17:01.292  2939  2939 W ACodec  : do not know color format 0x7f000789 = 2130708361
12-04 09:17:01.293  3339  3354 I ActivityManager: Config changes=20 {1.0 ?mcc?mnc en_US ldltr sw360dp w360dp h616dp 640dpi nrml long port finger -keyb/v/h -nav/h s.6 themeResource=null}
12-04 09:17:01.295  2939  2939 D libexynosv4l2: try node: /dev/video6
12-04 09:17:01.295  2939  2939 D libexynosv4l2: try node: /dev/video7
12-04 09:17:01.295  2939  2939 I libexynosv4l2: node found for device s5p-mfc-enc: /dev/video7
12-04 09:17:01.300  2939  2939 I libexynosv4l2: open video device /dev/video7
12-04 09:17:01.300  2939  2939 W ACodec  : do not know color format 0x7f000011 = 2130706449
12-04 09:17:01.300  2939  2939 W ACodec  : do not know color format 0x10 = 16
12-04 09:17:01.300  2939  2939 W ACodec  : do not know color format 0x7f000013 = 2130706451
12-04 09:17:01.300  2939  2939 W ACodec  : do not know color format 0x7f000789 = 2130708361
12-04 09:17:01.303  2939  2939 D libexynosv4l2: try node: /dev/video6
12-04 09:17:01.304  2939  2939 D libexynosv4l2: try node: /dev/video7
12-04 09:17:01.304  2939  2939 I libexynosv4l2: node found for device s5p-mfc-enc: /dev/video7
12-04 09:17:01.307  3339  3353 I ActivityManager: Start proc 3877:com.android.inputmethod.latin/u0a68 for service com.android.inputmethod.latin/.LatinIME
12-04 09:17:01.307  3339  3353 V InputMethodManagerService: Adding window token: android.os.Binder@1f5002e
12-04 09:17:01.308  2939  2939 I libexynosv4l2: open video device /dev/video7
12-04 09:17:01.308  2939  2939 W ACodec  : do not know color format 0x7f000011 = 2130706449
12-04 09:17:01.308  2939  2939 W ACodec  : do not know color format 0x10 = 16
12-04 09:17:01.308  2939  2939 W ACodec  : do not know color format 0x7f000013 = 2130706451
12-04 09:17:01.308  2939  2939 W ACodec  : do not know color format 0x7f000789 = 2130708361
12-04 09:17:01.309  2939  2939 E OMX     : FAILED to allocate omx component 'OMX.Exynos.HEVC.Encoder' err=InvalidComponentName(0x80001002)
12-04 09:17:01.309  2939  2939 E OMX     : FAILED to allocate omx component 'OMX.Exynos.VP9.Encoder' err=InvalidComponentName(0x80001002)
12-04 09:17:01.317  3608  3893 D OpenGLRenderer: Use EGL_SWAP_BEHAVIOR_PRESERVED: true
12-04 09:17:01.318  3838  3838 W System  : ClassLoader referenced unknown path: /system/priv-app/WeatherManagerService/lib/arm64
12-04 09:17:01.334  3339  3339 I BrokerableCMSystemService: Implementation service connected
12-04 09:17:01.339  3339  3353 E libgps  : proxy__gps_get_extension: Unsupported GpsInterface extension: "gps_measurement"
12-04 09:17:01.339  3339  3353 E libgps  : proxy__gps_get_extension: Unsupported GpsInterface extension: "gps_navigation_message"
12-04 09:17:01.340  2939  2939 W OMXNodeInstance: [9:google.mpeg4.decoder] component does not support metadata mode; using fallback
12-04 09:17:01.341  2939  2939 W OMXNodeInstance: [a:google.mpeg4.decoder] component does not support metadata mode; using fallback
12-04 09:17:01.341  3339  3352 D GpsLocationProvider: Reset GPS properties, previous size = 0
12-04 09:17:01.341  2939  2939 W MediaCodecList: ignoring Limit specified outside of a Type
12-04 09:17:01.341  2939  2939 W MediaCodecList: ignoring Limit specified outside of a Type
12-04 09:17:01.341  2939  2939 W MediaCodecList: ignoring Limit specified outside of a Type
12-04 09:17:01.341  2939  2939 W MediaCodecList: ignoring Limit specified outside of a Type
12-04 09:17:01.341  2939  2939 W MediaCodecList: ignoring Limit specified outside of a Type
12-04 09:17:01.341  3339  3352 D GpsLocationProvider: GpsParamsResource: SUPL_HOST=supl.google.com
12-04 09:17:01.341  2939  2939 W MediaCodecList: ignoring Feature specified outside of a Type
12-04 09:17:01.342  3339  3352 D GpsLocationProvider: GpsParamsResource: SUPL_PORT=7275
12-04 09:17:01.342  3339  3352 D GpsLocationProvider: GpsParamsResource: NTP_SERVER=north-america.pool.ntp.org
12-04 09:17:01.342  3339  3352 D GpsLocationProvider: GpsParamsResource: SUPL_VER=0x20000
12-04 09:17:01.342  3339  3352 D GpsLocationProvider: GpsParamsResource: SUPL_MODE=1
12-04 09:17:01.342  3339  3352 W GpsLocationProvider: Could not open GPS configuration file /etc/gps.conf
12-04 09:17:01.342  2939  2939 W OMXNodeInstance: [b:google.h263.decoder] component does not support metadata mode; using fallback
12-04 09:17:01.342  3339  3352 D GpsLocationProvider: GPS properties reloaded, size = 5
12-04 09:17:01.342  3339  3352 D libgps  : SendGpsExtensionMessage: Waiting for IPC connection...
12-04 09:17:01.342  3339  3353 W ServiceWatcher: com.google.android.gms not found
12-04 09:17:01.343  3339  3353 W ServiceWatcher: com.google.android.gms not found
12-04 09:17:01.343  3339  3353 W LocationManagerService: no network location provider found
12-04 09:17:01.343  3339  3353 W ServiceWatcher: com.google.android.gms not found
12-04 09:17:01.345  3339  3353 W ServiceWatcher: com.google.android.gms not found
12-04 09:17:01.345  3339  3353 E LocationManagerService: no geocoder provider found
12-04 09:17:01.345  3339  3353 E FlpHardwareProvider: Error hw_get_module 'flp': -2
12-04 09:17:01.345  3339  3353 E LocationManagerService: FLP HAL not supported
12-04 09:17:01.345  3339  3353 W ServiceWatcher: com.google.android.gms not found
12-04 09:17:01.346  3339  3339 W System  : ClassLoader referenced unknown path: /system/priv-app/FusedLocation/lib/arm64
12-04 09:17:01.346  3339  3353 E LocationManagerService: Unable to bind FLP Geofence proxy.
12-04 09:17:01.346  3339  3353 E ActivityRecognitionHardware: Error hw_get_module: -2
12-04 09:17:01.346  3339  3353 E LocationManagerService: Hardware Activity-Recognition not supported.
12-04 09:17:01.347  3339  3353 W ServiceWatcher: com.google.android.gms not found
12-04 09:17:01.347  3339  3353 E ActivityRecognitionProxy: ServiceWatcher could not start.
12-04 09:17:01.347  3339  3353 E LocationManagerService: Unable to bind ActivityRecognitionProxy.
12-04 09:17:01.350  3339  3353 I CommonTimeManagementService: No common time service detected on this platform.  Common time services will be unavailable.
12-04 09:17:01.350  3339  3339 V WiredAccessoryManager: init()
12-04 09:17:01.350  3339  3392 I InputReader: Reconfiguring input devices.  changes=0x00000020
12-04 09:17:01.351  3339  3353 I MmsServiceBroker: Delay connecting to MmsService until an API is called
12-04 09:17:01.351  3339  3353 D MountService: onStartUser 0
12-04 09:17:01.351  3339  3353 D VoldConnector: SND -> {28 volume user_started 0}
12-04 09:17:01.353  3339  3392 I InputReader: Reconfiguring input devices.  changes=0x00000010
12-04 09:17:01.353  2919  2958 D vold    : Linking /storage/emulated/0 to /mnt/user/0/primary
12-04 09:17:01.353  3339  3395 D VoldConnector: RCV <- {200 28 Command succeeded}
12-04 09:17:01.354  3339  3394 D MountService: Volume emulated broadcasting mounted to UserHandle{0}
12-04 09:17:01.354  3339  3353 W VoiceInteractionManagerService: no available voice interaction services found for user 0
12-04 09:17:01.354  3339  3353 W VoiceInteractionManagerService: no available voice recognition services found for user 0
12-04 09:17:01.365  3339  3353 I ActivityManager: Start proc 3908:org.cyanogenmod.audiofx/u0a3 for added application org.cyanogenmod.audiofx
12-04 09:17:01.375  2939  2939 W OMXNodeInstance: [c:google.h264.decoder] component does not support metadata mode; using fallback
12-04 09:17:01.376  3339  3353 I ActivityManager: Start proc 3921:com.android.phone/1001 for added application com.android.phone
12-04 09:17:01.376  3339  3353 I ActivityManager: START u0 {act=android.intent.action.MAIN cat=[android.intent.category.HOME] flg=0x10000000 cmp=com.android.settings/.CryptKeeper} from uid 0 on display 0
12-04 09:17:01.390  3339  3353 I ActivityManager: Start proc 3936:com.android.settings:CryptKeeper/1000 for activity com.android.settings/.CryptKeeper
12-04 09:17:01.400  3339  3359 D BluetoothManagerService: Message: 20
12-04 09:17:01.400  3339  3359 D BluetoothManagerService: Added callback: android.bluetooth.IBluetoothManagerCallback$Stub$Proxy@66d518b:true
12-04 09:17:01.406  2939  2939 W OMXNodeInstance: [d:google.hevc.decoder] component does not support metadata mode; using fallback
12-04 09:17:01.407  3339  3339 D GpsNetInitiatedHandler: location enabled :true
12-04 09:17:01.417  3339  3353 I ActivityManager: Start proc 3963:com.android.externalstorage/u0a10 for broadcast com.android.externalstorage/.MountReceiver
12-04 09:17:01.418  3339  3339 I BrokerableCMSystemService: Implementation service connected
12-04 09:17:01.418  3339  3353 I ActivityManager: Force stopping com.android.providers.media appid=10009 user=-1: vold reset
12-04 09:17:01.420  3339  3353 W BroadcastQueue: Permission Denial: receiving Intent { act=android.intent.action.USER_SWITCHED flg=0x50000010 (has extras) } to ProcessRecord{b070bb2 3627:org.cyanogenmod.themeservice/u0a19} (pid=3627, uid=10019) requires android.permission.MANAGE_USERS due to sender null (uid 1000)
12-04 09:17:01.422  3339  3359 D BluetoothManagerService: Message: 30
12-04 09:17:01.423  2939  2939 W OMXNodeInstance: [e:google.vp8.decoder] component does not support metadata mode; using fallback
12-04 09:17:01.425  3608  3760 I vol.Events: writeEvent internal_ringer_mode_changed normal
12-04 09:17:01.426  2939  2939 W OMXNodeInstance: [f:google.vp9.decoder] component does not support metadata mode; using fallback
12-04 09:17:01.429  3339  3359 D BluetoothManagerService: Message: 30
12-04 09:17:01.431  3339  3604 W SchedPolicy: zygote64 add_tid_to_cpuset failed to write '3963' (Permission denied); fd=49
12-04 09:17:01.432  3339  3604 W ActivityManager: Failed setting process group of 3963 to 0
12-04 09:17:01.432  3339  3604 W System.err: java.lang.IllegalArgumentException
12-04 09:17:01.432  3339  3604 W System.err: 	at android.os.Process.setProcessGroup(Native Method)
12-04 09:17:01.432  3339  3604 W System.err: 	at com.android.server.am.ActivityManagerService.applyOomAdjLocked(ActivityManagerService.java:19193)
12-04 09:17:01.432  3339  3604 W System.err: 	at com.android.server.am.ActivityManagerService.updateOomAdjLocked(ActivityManagerService.java:19716)
12-04 09:17:01.432  3339  3604 W System.err: 	at com.android.server.am.BroadcastQueue.processCurBroadcastLocked(BroadcastQueue.java:267)
12-04 09:17:01.432  3339  3604 W System.err: 	at com.android.server.am.BroadcastQueue.sendPendingBroadcastsLocked(BroadcastQueue.java:307)
12-04 09:17:01.432  3339  3604 W System.err: 	at com.android.server.am.ActivityManagerService.sendPendingBroadcastsLocked(ActivityManagerService.java:16632)
12-04 09:17:01.432  3339  3604 W System.err: 	at com.android.server.am.ActivityManagerService.attachApplicationLocked(ActivityManagerService.java:6491)
12-04 09:17:01.432  3339  3604 W System.err: 	at com.android.server.am.ActivityManagerService.attachApplication(ActivityManagerService.java:6532)
12-04 09:17:01.432  3339  3604 W System.err: 	at android.app.ActivityManagerNative.onTransact(ActivityManagerNative.java:507)
12-04 09:17:01.432  3339  3604 W System.err: 	at com.android.server.am.ActivityManagerService.onTransact(ActivityManagerService.java:2680)
12-04 09:17:01.432  3339  3604 W System.err: 	at android.os.Binder.execTransact(Binder.java:453)
12-04 09:17:01.436  3608  3608 D LocalBluetoothProfileManager: Adding local MAP profile
12-04 09:17:01.436  3608  3608 D BluetoothMap: Create BluetoothMap proxy object
12-04 09:17:01.437  3339  3359 D BluetoothManagerService: Message: 30
12-04 09:17:01.443  3339  3359 D BluetoothManagerService: Message: 30
12-04 09:17:01.445  2939  2939 I SoftMPEG4Encoder: Construct SoftMPEG4Encoder
12-04 09:17:01.445  2939  2939 W ACodec  : do not know color format 0x7f000789 = 2130708361
12-04 09:17:01.447  3908  3908 W System  : ClassLoader referenced unknown path: /system/priv-app/AudioFX/lib/arm64
12-04 09:17:01.450  3921  3921 W System  : ClassLoader referenced unknown path: /system/priv-app/TeleService/lib/arm64
12-04 09:17:01.450  3608  3608 D LocalBluetoothProfileManager: LocalBluetoothProfileManager construction complete
12-04 09:17:01.452  2932  3390 D PermissionCache: checking android.permission.HARDWARE_TEST for uid=1000 => granted (352 us)
12-04 09:17:01.454  3936  3936 W System  : ClassLoader referenced unknown path: /system/priv-app/Settings/lib/arm64
12-04 09:17:01.456  3339  3603 D ConnectivityService: listenForNetwork for Listen from uid/pid:10028/3608 for NetworkRequest [ id=3, legacyType=-1, [] ]
12-04 09:17:01.460  3963  3963 W System  : ClassLoader referenced unknown path: /system/priv-app/ExternalStorageProvider/lib/arm64
12-04 09:17:01.463  3963  3963 D ExternalStorage: After updating volumes, found 1 active roots
12-04 09:17:01.463  2939  3903 V audio_hw_primary: adev_set_mic_mute: set mic mute: 0
12-04 09:17:01.463  3608  3608 I CameraManagerGlobal: Connecting to camera service
12-04 09:17:01.464  3963  3963 D ExternalStorage: After updating volumes, found 1 active roots
12-04 09:17:01.465  2939  3766 E CameraService: getCameraVendorTagDescriptor: camera hardware module doesn't exist
12-04 09:17:01.465  3608  3608 E CameraMetadata-JNI: CameraMetadata_setupGlobalVendorTagDescriptor: Failed to setup vendor tag descriptors, received error No such device (-19)
12-04 09:17:01.465  3608  3608 W CameraManagerGlobal: Failed to set up vendor tags: The camera device is removable and has been disconnected from the Android device, or the camera service has shut down the connection due to a higher-priority access request for the camera device.
12-04 09:17:01.466  3963  3963 D ExternalStorage: After updating volumes, found 1 active roots
12-04 09:17:01.470  3339  3339 E CMHardwareService: Vibrator is not supported
12-04 09:17:01.471  3339  3339 E CMHardwareService: Vibrator is not supported
12-04 09:17:01.480  3339  3399 I ActivityManager: Start proc 4009:com.android.settings/1000 for broadcast com.android.settings/.widget.SettingsAppWidgetProvider
12-04 09:17:01.489  2939  2939 W ACodec  : do not know color format 0x7f000789 = 2130708361
12-04 09:17:01.491  2939  2939 I SoftMPEG4Encoder: Construct SoftMPEG4Encoder
12-04 09:17:01.491  2939  2939 W ACodec  : do not know color format 0x7f000789 = 2130708361
12-04 09:17:01.498  3339  3962 I ActivityManager: Start proc 4028:org.cyanogenmod.weather.provider/u0a26 for content provider org.cyanogenmod.weather.provider/.WeatherContentProvider
12-04 09:17:01.508  3936  3936 D CryptKeeper: Disabling component ComponentInfo{com.android.settings/com.android.settings.CryptKeeper}
12-04 09:17:01.510  3339  3351 I ActivityManager: START u0 {act=android.intent.action.MAIN cat=[android.intent.category.HOME] flg=0x10000000 cmp=com.cyanogenmod.setupwizard/.ui.SetupWizardActivity} from uid 0 on display 0
12-04 09:17:01.515  4028  4028 W System  : ClassLoader referenced unknown path: /system/priv-app/WeatherProvider/lib/arm64
12-04 09:17:01.521  2939  2939 W ACodec  : do not know color format 0x7f000789 = 2130708361
12-04 09:17:01.524  4009  4009 W System  : ClassLoader referenced unknown path: /system/priv-app/Settings/lib/arm64
12-04 09:17:01.524  3339  3351 I ActivityManager: Start proc 4041:com.cyanogenmod.setupwizard/1000 for activity com.cyanogenmod.setupwizard/.ui.SetupWizardActivity
12-04 09:17:01.527  3921  3921 W System  : ClassLoader referenced unknown path: /system/priv-app/TelephonyProvider/lib/arm64
12-04 09:17:01.538  3608  3608 W QSTileHost: Error creating tile for spec: live_display
12-04 09:17:01.538  3608  3608 W QSTileHost: java.lang.IllegalArgumentException: Bad tile spec: live_display
12-04 09:17:01.538  3608  3608 W QSTileHost: 	at com.android.systemui.statusbar.phone.QSTileHost.createTile(QSTileHost.java:382)
12-04 09:17:01.538  3608  3608 W QSTileHost: 	at com.android.systemui.statusbar.phone.QSTileHost.onTuningChanged(QSTileHost.java:325)
12-04 09:17:01.538  3608  3608 W QSTileHost: 	at com.android.systemui.tuner.TunerService.addTunableByProvider(TunerService.java:114)
12-04 09:17:01.538  3608  3608 W QSTileHost: 	at com.android.systemui.statusbar.phone.QSTileHost.<init>(QSTileHost.java:153)
12-04 09:17:01.538  3608  3608 W QSTileHost: 	at com.android.systemui.statusbar.phone.PhoneStatusBar.makeStatusBarView(PhoneStatusBar.java:1189)
12-04 09:17:01.538  3608  3608 W QSTileHost: 	at com.android.systemui.statusbar.phone.PhoneStatusBar.addStatusBarWindow(PhoneStatusBar.java:3463)
12-04 09:17:01.538  3608  3608 W QSTileHost: 	at com.android.systemui.statusbar.phone.PhoneStatusBar.createAndAddWindows(PhoneStatusBar.java:3459)
12-04 09:17:01.538  3608  3608 W QSTileHost: 	at com.android.systemui.statusbar.BaseStatusBar.start(BaseStatusBar.java:631)
12-04 09:17:01.538  3608  3608 W QSTileHost: 	at com.android.systemui.statusbar.phone.PhoneStatusBar.start(PhoneStatusBar.java:818)
12-04 09:17:01.538  3608  3608 W QSTileHost: 	at com.android.systemui.statusbar.SystemBars.createStatusBarFromConfig(SystemBars.java:106)
12-04 09:17:01.538  3608  3608 W QSTileHost: 	at com.android.systemui.statusbar.SystemBars.onNoService(SystemBars.java:58)
12-04 09:17:01.538  3608  3608 W QSTileHost: 	at com.android.systemui.statusbar.ServiceMonitor.startService(ServiceMonitor.java:230)
12-04 09:17:01.538  3608  3608 W QSTileHost: 	at com.android.systemui.statusbar.ServiceMonitor.-wrap5(ServiceMonitor.java)
12-04 09:17:01.538  3608  3608 W QSTileHost: 	at com.android.systemui.statusbar.ServiceMonitor$1.handleMessage(ServiceMonitor.java:73)
12-04 09:17:01.538  3608  3608 W QSTileHost: 	at android.os.Handler.dispatchMessage(Handler.java:102)
12-04 09:17:01.538  3608  3608 W QSTileHost: 	at android.os.Looper.loop(Looper.java:148)
12-04 09:17:01.538  3608  3608 W QSTileHost: 	at android.app.ActivityThread.main(ActivityThread.java:5461)
12-04 09:17:01.538  3608  3608 W QSTileHost: 	at java.lang.reflect.Method.invoke(Native Method)
12-04 09:17:01.538  3608  3608 W QSTileHost: 	at com.android.internal.os.ZygoteInit$MethodAndArgsCaller.run(ZygoteInit.java:726)
12-04 09:17:01.538  3608  3608 W QSTileHost: 	at com.android.internal.os.ZygoteInit.main(ZygoteInit.java:616)
12-04 09:17:01.547  3608  3608 W CustomTileListenerService[]: CustomTile listener service not yet bound.
12-04 09:17:01.552  3608  3608 W Resources: Drawable com.android.systemui:drawable/ic_battery_circle has unresolved theme attributes! Consider using Resources.getDrawable(int, Theme) or Context.getDrawable(int).
12-04 09:17:01.552  3608  3608 W Resources: java.lang.RuntimeException
12-04 09:17:01.552  3608  3608 W Resources: 	at android.content.res.Resources.getDrawable(Resources.java:799)
12-04 09:17:01.552  3608  3608 W Resources: 	at com.android.systemui.BatteryMeterView$AllInOneBatteryMeterDrawable.loadBatteryDrawables(BatteryMeterView.java:637)
12-04 09:17:01.552  3608  3608 W Resources: 	at com.android.systemui.BatteryMeterView$AllInOneBatteryMeterDrawable.<init>(BatteryMeterView.java:492)
12-04 09:17:01.552  3608  3608 W Resources: 	at com.android.systemui.BatteryMeterView.createBatteryMeterDrawable(BatteryMeterView.java:264)
12-04 09:17:01.552  3608  3608 W Resources: 	at com.android.systemui.BatteryMeterView.setMode(BatteryMeterView.java:366)
12-04 09:17:01.552  3608  3608 W Resources: 	at com.android.systemui.BatteryMeterView.onBatteryStyleChanged(BatteryMeterView.java:336)
12-04 09:17:01.552  3608  3608 W Resources: 	at com.android.systemui.statusbar.policy.BatteryController.addStateChangedCallback(BatteryController.java:100)
12-04 09:17:01.552  3608  3608 W Resources: 	at com.android.systemui.BatteryMeterView.setBatteryStateRegistar(BatteryMeterView.java:283)
12-04 09:17:01.552  3608  3608 W Resources: 	at com.android.systemui.statusbar.phone.StatusBarHeaderView.setBatteryController(StatusBarHeaderView.java:350)
12-04 09:17:01.552  3608  3608 W Resources: 	at com.android.systemui.statusbar.phone.PhoneStatusBar.makeStatusBarView(PhoneStatusBar.java:1297)
12-04 09:17:01.552  3608  3608 W Resources: 	at com.android.systemui.statusbar.phone.PhoneStatusBar.addStatusBarWindow(PhoneStatusBar.java:3463)
12-04 09:17:01.552  3608  3608 W Resources: 	at com.android.systemui.statusbar.phone.PhoneStatusBar.createAndAddWindows(PhoneStatusBar.java:3459)
12-04 09:17:01.552  3608  3608 W Resources: 	at com.android.systemui.statusbar.BaseStatusBar.start(BaseStatusBar.java:631)
12-04 09:17:01.552  3608  3608 W Resources: 	at com.android.systemui.statusbar.phone.PhoneStatusBar.start(PhoneStatusBar.java:818)
12-04 09:17:01.552  3608  3608 W Resources: 	at com.android.systemui.statusbar.SystemBars.createStatusBarFromConfig(SystemBars.java:106)
12-04 09:17:01.552  3608  3608 W Resources: 	at com.android.systemui.statusbar.SystemBars.onNoService(SystemBars.java:58)
12-04 09:17:01.552  3608  3608 W Resources: 	at com.android.systemui.statusbar.ServiceMonitor.startService(ServiceMonitor.java:230)
12-04 09:17:01.552  3608  3608 W Resources: 	at com.android.systemui.statusbar.ServiceMonitor.-wrap5(ServiceMonitor.java)
12-04 09:17:01.552  3608  3608 W Resources: 	at com.android.systemui.statusbar.ServiceMonitor$1.handleMessage(ServiceMonitor.java:73)
12-04 09:17:01.552  3608  3608 W Resources: 	at android.os.Handler.dispatchMessage(Handler.java:102)
12-04 09:17:01.552  3608  3608 W Resources: 	at android.os.Looper.loop(Looper.java:148)
12-04 09:17:01.552  3608  3608 W Resources: 	at android.app.ActivityThread.main(ActivityThread.java:5461)
12-04 09:17:01.552  3608  3608 W Resources: 	at java.lang.reflect.Method.invoke(Native Method)
12-04 09:17:01.552  3608  3608 W Resources: 	at com.android.internal.os.ZygoteInit$MethodAndArgsCaller.run(ZygoteInit.java:726)
12-04 09:17:01.552  3608  3608 W Resources: 	at com.android.internal.os.ZygoteInit.main(ZygoteInit.java:616)
12-04 09:17:01.553  3608  3608 D BatteryMeterView: mTextGravity=17
12-04 09:17:01.553  3608  3608 D BatteryMeterView: mTextGravity=17
12-04 09:17:01.553  3608  3608 D BatteryMeterView: mTextGravity=17
12-04 09:17:01.553  4041  4041 W System  : ClassLoader referenced unknown path: /system/priv-app/CyanogenSetupWizard/lib/arm64
12-04 09:17:01.555  3339  3351 W SchedPolicy: zygote64 add_tid_to_cpuset failed to write '3670' (Permission denied); fd=48
12-04 09:17:01.555  3339  3351 W ActivityManager: Failed setting process group of 3670 to -1
12-04 09:17:01.555  3339  3351 W System.err: java.lang.IllegalArgumentException
12-04 09:17:01.556  3339  3351 W System.err: 	at android.os.Process.setProcessGroup(Native Method)
12-04 09:17:01.556  3339  3351 W System.err: 	at com.android.server.am.ActivityManagerService.applyOomAdjLocked(ActivityManagerService.java:19193)
12-04 09:17:01.556  3339  3351 W System.err: 	at com.android.server.am.ActivityManagerService.updateOomAdjLocked(ActivityManagerService.java:19466)
12-04 09:17:01.556  3339  3351 W System.err: 	at com.android.server.am.ActivityManagerService.updateOomAdjLocked(ActivityManagerService.java:19544)
12-04 09:17:01.556  3339  3351 W System.err: 	at com.android.server.am.ActivityManagerService.getContentProviderImpl(ActivityManagerService.java:9915)
12-04 09:17:01.556  3339  3351 W System.err: 	at com.android.server.am.ActivityManagerService.getContentProvider(ActivityManagerService.java:10169)
12-04 09:17:01.556  3339  3351 W System.err: 	at android.app.ActivityManagerNative.onTransact(ActivityManagerNative.java:846)
12-04 09:17:01.556  3339  3351 W System.err: 	at com.android.server.am.ActivityManagerService.onTransact(ActivityManagerService.java:2680)
12-04 09:17:01.556  3339  3351 W System.err: 	at android.os.Binder.execTransact(Binder.java:453)
12-04 09:17:01.556  3608  3893 D OpenGLRenderer: profile bars disabled
12-04 09:17:01.556  3608  3893 D OpenGLRenderer: ambientRatio = 1.50
12-04 09:17:01.559  2932  3013 D PermissionCache: checking android.permission.ACCESS_SURFACE_FLINGER for uid=10028 => granted (177 us)
12-04 09:17:01.563  3877  3877 I LatinIME: Hardware accelerated drawing: true
12-04 09:17:01.564  3608  3608 D PhoneStatusBar: disable: < EXPAND* icons alerts system_info BACK* HOME* RECENT* clock SEARCH* quick_settings >
12-04 09:17:01.579  3608  3608 D PhoneStatusBar: heads up is enabled
12-04 09:17:01.583  3608  3608 D StatusBar: user hasn't seen notification about hidden notifications
12-04 09:17:01.583  3608  3608 D StatusBar: insecure lockscreen, skipping notification
12-04 09:17:01.600  3608  3608 D ViewRootImpl: changeCanvasOpacity: opaque=true
12-04 09:17:01.601  3339  3403 D WifiService: New client listening to asynchronous messages
12-04 09:17:01.608  3877  3877 W InputAttributes: No editor info for this field. Bug?
12-04 09:17:01.617  3877  4070 I LatinIME:LogUtils: Dictionary info: dictionary = contacts.en_US ; version = 1480843021 ; date = ?
12-04 09:17:01.626  3339  3962 W SchedPolicy: zygote64 add_tid_to_cpuset failed to write '3877' (Permission denied); fd=49
12-04 09:17:01.627  3339  3962 W ActivityManager: Failed setting process group of 3877 to 0
12-04 09:17:01.627  3339  3962 W System.err: java.lang.IllegalArgumentException
12-04 09:17:01.627  3339  3962 W System.err: 	at android.os.Process.setProcessGroup(Native Method)
12-04 09:17:01.627  3339  3962 W System.err: 	at com.android.server.am.ActivityManagerService.applyOomAdjLocked(ActivityManagerService.java:19193)
12-04 09:17:01.627  3339  3962 W System.err: 	at com.android.server.am.ActivityManagerService.updateOomAdjLocked(ActivityManagerService.java:19466)
12-04 09:17:01.627  3339  3962 W System.err: 	at com.android.server.am.ActivityManagerService.updateOomAdjLocked(ActivityManagerService.java:19544)
12-04 09:17:01.627  3339  3962 W System.err: 	at com.android.server.am.ActiveServices.serviceDoneExecutingLocked(ActiveServices.java:2080)
12-04 09:17:01.627  3339  3962 W System.err: 	at com.android.server.am.ActiveServices.publishServiceLocked(ActiveServices.java:909)
12-04 09:17:01.627  3339  3962 W System.err: 	at com.android.server.am.ActivityManagerService.publishService(ActivityManagerService.java:16427)
12-04 09:17:01.627  3339  3962 W System.err: 	at android.app.ActivityManagerNative.onTransact(ActivityManagerNative.java:1025)
12-04 09:17:01.627  3339  3962 W System.err: 	at com.android.server.am.ActivityManagerService.onTransact(ActivityManagerService.java:2680)
12-04 09:17:01.627  3339  3962 W System.err: 	at android.os.Binder.execTransact(Binder.java:453)
12-04 09:17:01.646  3339  3359 D BluetoothManagerService: Message: 20
12-04 09:17:01.646  3339  3359 D BluetoothManagerService: Added callback: android.bluetooth.IBluetoothManagerCallback$Stub$Proxy@cf1f206:true
12-04 09:17:01.661  3339  3359 D BluetoothManagerService: Message: 30
12-04 09:17:01.666  3339  3359 D BluetoothManagerService: Message: 30
12-04 09:17:01.668  4009  4009 D LocalBluetoothProfileManager: Adding local MAP profile
12-04 09:17:01.669  4041  4041 W GooglePlayServicesUtil: Google Play services is missing.
12-04 09:17:01.670  4009  4009 D BluetoothMap: Create BluetoothMap proxy object
12-04 09:17:01.670  3339  3359 D BluetoothManagerService: Message: 30
12-04 09:17:01.671  4041  4041 D TelephonyManager: getDataEnabled: retVal=false
12-04 09:17:01.673  3339  3359 D BluetoothManagerService: Message: 30
12-04 09:17:01.674  4009  4009 D LocalBluetoothProfileManager: LocalBluetoothProfileManager construction complete
12-04 09:17:01.682  3608  3893 I OpenGLRenderer: Initialized EGL, version 1.4
12-04 09:17:01.685  4041  4041 W ContextImpl: Calling a method in the system process without a qualified user: android.app.ContextImpl.bindService:1295 android.content.ContextWrapper.bindService:610 android.speech.tts.TextToSpeech.connectToEngine:800 android.speech.tts.TextToSpeech.initTts:770 android.speech.tts.TextToSpeech.<init>:723 
12-04 09:17:01.686  3608  3893 D mali_winsys: EGLint new_window_surface(egl_winsys_display*, void*, EGLSurface, EGLConfig, egl_winsys_surface**, egl_color_buffer_format*, EGLBoolean) returns 0x3000,  [1440x96]-format:1
12-04 09:17:01.696  3339  3603 I ActivityManager: Start proc 4109:com.svox.pico/u0a53 for service com.svox.pico/.PicoService
12-04 09:17:01.697  4041  4041 I TextToSpeech: Sucessfully bound to com.svox.pico
12-04 09:17:01.698  4041  4041 E MediaPlayer-JNI: JNIMediaPlayerFactory: bIsQCMediaPlayerPresent 0
12-04 09:17:01.698  4041  4041 E MediaPlayer-JNI: JNIMediaPlayerFactory: bIsQCMediaPlayerPresent 0
12-04 09:17:01.700  4041  4041 D Ringtone: Problem opening; delegating to remote player
12-04 09:17:01.700  4041  4041 E MediaPlayer-JNI: JNIMediaPlayerFactory: bIsQCMediaPlayerPresent 0
12-04 09:17:01.700  4041  4041 E MediaPlayer-JNI: JNIMediaPlayerFactory: bIsQCMediaPlayerPresent 0
12-04 09:17:01.701  4041  4041 D Ringtone: Problem opening; delegating to remote player
12-04 09:17:01.710  3339  3605 I ActivityManager: Start proc 4124:android.process.media/u0a9 for broadcast com.android.providers.downloads/.DownloadReceiver
12-04 09:17:01.711  3670  3701 D ContactDirectoryManager: Found com.android.exchange.directory.provider
12-04 09:17:01.727  3339  3875 I ActivityManager: Start proc 4139:com.android.exchange/u0a40 for content provider com.android.exchange/.provider.ExchangeDirectoryProvider
12-04 09:17:01.728  3339  3874 W SchedPolicy: zygote64 add_tid_to_cpuset failed to write '4124' (Permission denied); fd=49
12-04 09:17:01.728  3339  3874 W ActivityManager: Failed setting process group of 4124 to 0
12-04 09:17:01.728  3339  3874 W System.err: java.lang.IllegalArgumentException
12-04 09:17:01.728  3339  3874 W System.err: 	at android.os.Process.setProcessGroup(Native Method)
12-04 09:17:01.728  3339  3874 W System.err: 	at com.android.server.am.ActivityManagerService.applyOomAdjLocked(ActivityManagerService.java:19193)
12-04 09:17:01.728  3339  3874 W System.err: 	at com.android.server.am.ActivityManagerService.updateOomAdjLocked(ActivityManagerService.java:19716)
12-04 09:17:01.728  3339  3874 W System.err: 	at com.android.server.am.BroadcastQueue.processCurBroadcastLocked(BroadcastQueue.java:267)
12-04 09:17:01.728  3339  3874 W System.err: 	at com.android.server.am.BroadcastQueue.sendPendingBroadcastsLocked(BroadcastQueue.java:307)
12-04 09:17:01.728  3339  3874 W System.err: 	at com.android.server.am.ActivityManagerService.sendPendingBroadcastsLocked(ActivityManagerService.java:16632)
12-04 09:17:01.728  3339  3874 W System.err: 	at com.android.server.am.ActivityManagerService.attachApplicationLocked(ActivityManagerService.java:6491)
12-04 09:17:01.728  3339  3874 W System.err: 	at com.android.server.am.ActivityManagerService.attachApplication(ActivityManagerService.java:6532)
12-04 09:17:01.728  3339  3874 W System.err: 	at android.app.ActivityManagerNative.onTransact(ActivityManagerNative.java:507)
12-04 09:17:01.728  3339  3874 W System.err: 	at com.android.server.am.ActivityManagerService.onTransact(ActivityManagerService.java:2680)
12-04 09:17:01.728  3339  3874 W System.err: 	at android.os.Binder.execTransact(Binder.java:453)
12-04 09:17:01.733  3339  3403 D WifiService: New client listening to asynchronous messages
12-04 09:17:01.744  3339  3603 W SchedPolicy: zygote64 add_tid_to_cpuset failed to write '4028' (Permission denied); fd=49
12-04 09:17:01.744  3339  3603 W ActivityManager: Failed setting process group of 4028 to 0
12-04 09:17:01.744  3339  3603 W System.err: java.lang.IllegalArgumentException
12-04 09:17:01.745  3339  3603 W System.err: 	at android.os.Process.setProcessGroup(Native Method)
12-04 09:17:01.745  3339  3603 W System.err: 	at com.android.server.am.ActivityManagerService.applyOomAdjLocked(ActivityManagerService.java:19193)
12-04 09:17:01.745  3339  3603 W System.err: 	at com.android.server.am.ActivityManagerService.updateOomAdjLocked(ActivityManagerService.java:19716)
12-04 09:17:01.745  3339  3603 W System.err: 	at com.android.server.am.ActivityManagerService.removeContentProvider(ActivityManagerService.java:10207)
12-04 09:17:01.745  3339  3603 W System.err: 	at android.app.ActivityManagerNative.onTransact(ActivityManagerNative.java:915)
