12-04 12:40:32.503  4662  6661 E AutoInstalls: 	at com.android.launcher3.LauncherProvider.loadDefaultFavoritesIfNecessary(LauncherProvider.java:406)
12-04 12:40:32.503  4662  6661 E AutoInstalls: 	at com.android.launcher3.LauncherModel$LoaderTask.loadWorkspace(LauncherModel.java:1967)
12-04 12:40:32.503  4662  6661 E AutoInstalls: 	at com.android.launcher3.LauncherModel$LoaderTask.loadAndBindWorkspace(LauncherModel.java:1558)
12-04 12:40:32.503  4662  6661 E AutoInstalls: 	at com.android.launcher3.LauncherModel$LoaderTask.run(LauncherModel.java:1655)
12-04 12:40:32.503  4662  6661 E AutoInstalls: 	at android.os.Handler.handleCallback(Handler.java:739)
12-04 12:40:32.503  4662  6661 E AutoInstalls: 	at android.os.Handler.dispatchMessage(Handler.java:95)
12-04 12:40:32.503  4662  6661 E AutoInstalls: 	at android.os.Looper.loop(Looper.java:148)
12-04 12:40:32.503  4662  6661 E AutoInstalls: 	at android.os.HandlerThread.run(HandlerThread.java:61)
12-04 12:40:32.505  4662  6661 E AutoInstalls: Unable to add favorite: com.google.android.apps.photos/com.google.android.apps.photos.home.HomeActivity
12-04 12:40:32.505  4662  6661 E AutoInstalls: android.content.pm.PackageManager$NameNotFoundException: ComponentInfo{com.google.android.apps.photos/com.google.android.apps.photos.home.HomeActivity}
12-04 12:40:32.505  4662  6661 E AutoInstalls: 	at android.app.ApplicationPackageManager.getActivityInfo(ApplicationPackageManager.java:343)
12-04 12:40:32.505  4662  6661 E AutoInstalls: 	at com.android.launcher3.AutoInstallsLayout$AppShortcutParser.parseAndAdd(AutoInstallsLayout.java:347)
12-04 12:40:32.505  4662  6661 E AutoInstalls: 	at com.android.launcher3.AutoInstallsLayout$FolderParser.parseAndAdd(AutoInstallsLayout.java:595)
12-04 12:40:32.505  4662  6661 E AutoInstalls: 	at com.android.launcher3.DefaultLayoutParser$MyFolderParser.parseAndAdd(DefaultLayoutParser.java:271)
12-04 12:40:32.505  4662  6661 E AutoInstalls: 	at com.android.launcher3.AutoInstallsLayout.parseAndAddNode(AutoInstallsLayout.java:272)
12-04 12:40:32.505  4662  6661 E AutoInstalls: 	at com.android.launcher3.AutoInstallsLayout.parseLayout(AutoInstallsLayout.java:217)
12-04 12:40:32.505  4662  6661 E AutoInstalls: 	at com.android.launcher3.AutoInstallsLayout.loadLayout(AutoInstallsLayout.java:193)
12-04 12:40:32.505  4662  6661 E AutoInstalls: 	at com.android.launcher3.LauncherProvider$DatabaseHelper.loadFavorites(LauncherProvider.java:1292)
12-04 12:40:32.505  4662  6661 E AutoInstalls: 	at com.android.launcher3.LauncherProvider.loadDefaultFavoritesIfNecessary(LauncherProvider.java:406)
12-04 12:40:32.505  4662  6661 E AutoInstalls: 	at com.android.launcher3.LauncherModel$LoaderTask.loadWorkspace(LauncherModel.java:1967)
12-04 12:40:32.505  4662  6661 E AutoInstalls: 	at com.android.launcher3.LauncherModel$LoaderTask.loadAndBindWorkspace(LauncherModel.java:1558)
12-04 12:40:32.505  4662  6661 E AutoInstalls: 	at com.android.launcher3.LauncherModel$LoaderTask.run(LauncherModel.java:1655)
12-04 12:40:32.505  4662  6661 E AutoInstalls: 	at android.os.Handler.handleCallback(Handler.java:739)
12-04 12:40:32.505  4662  6661 E AutoInstalls: 	at android.os.Handler.dispatchMessage(Handler.java:95)
12-04 12:40:32.505  4662  6661 E AutoInstalls: 	at android.os.Looper.loop(Looper.java:148)
12-04 12:40:32.505  4662  6661 E AutoInstalls: 	at android.os.HandlerThread.run(HandlerThread.java:61)
12-04 12:40:32.507  4662  6661 E AutoInstalls: Unable to add favorite: com.google.android.apps.walletnfcrel/com.google.android.apps.wallet.entrypoint.WalletRootActivity
12-04 12:40:32.507  4662  6661 E AutoInstalls: android.content.pm.PackageManager$NameNotFoundException: ComponentInfo{com.google.android.apps.walletnfcrel/com.google.android.apps.wallet.entrypoint.WalletRootActivity}
12-04 12:40:32.507  4662  6661 E AutoInstalls: 	at android.app.ApplicationPackageManager.getActivityInfo(ApplicationPackageManager.java:343)
12-04 12:40:32.507  4662  6661 E AutoInstalls: 	at com.android.launcher3.AutoInstallsLayout$AppShortcutParser.parseAndAdd(AutoInstallsLayout.java:347)
12-04 12:40:32.507  4662  6661 E AutoInstalls: 	at com.android.launcher3.AutoInstallsLayout$FolderParser.parseAndAdd(AutoInstallsLayout.java:595)
12-04 12:40:32.507  4662  6661 E AutoInstalls: 	at com.android.launcher3.DefaultLayoutParser$MyFolderParser.parseAndAdd(DefaultLayoutParser.java:271)
12-04 12:40:32.507  4662  6661 E AutoInstalls: 	at com.android.launcher3.AutoInstallsLayout.parseAndAddNode(AutoInstallsLayout.java:272)
12-04 12:40:32.507  4662  6661 E AutoInstalls: 	at com.android.launcher3.AutoInstallsLayout.parseLayout(AutoInstallsLayout.java:217)
12-04 12:40:32.507  4662  6661 E AutoInstalls: 	at com.android.launcher3.AutoInstallsLayout.loadLayout(AutoInstallsLayout.java:193)
12-04 12:40:32.507  4662  6661 E AutoInstalls: 	at com.android.launcher3.LauncherProvider$DatabaseHelper.loadFavorites(LauncherProvider.java:1292)
12-04 12:40:32.507  4662  6661 E AutoInstalls: 	at com.android.launcher3.LauncherProvider.loadDefaultFavoritesIfNecessary(LauncherProvider.java:406)
12-04 12:40:32.507  4662  6661 E AutoInstalls: 	at com.android.launcher3.LauncherModel$LoaderTask.loadWorkspace(LauncherModel.java:1967)
12-04 12:40:32.507  4662  6661 E AutoInstalls: 	at com.android.launcher3.LauncherModel$LoaderTask.loadAndBindWorkspace(LauncherModel.java:1558)
12-04 12:40:32.507  4662  6661 E AutoInstalls: 	at com.android.launcher3.LauncherModel$LoaderTask.run(LauncherModel.java:1655)
12-04 12:40:32.507  4662  6661 E AutoInstalls: 	at android.os.Handler.handleCallback(Handler.java:739)
12-04 12:40:32.507  4662  6661 E AutoInstalls: 	at android.os.Handler.dispatchMessage(Handler.java:95)
12-04 12:40:32.507  4662  6661 E AutoInstalls: 	at android.os.Looper.loop(Looper.java:148)
12-04 12:40:32.507  4662  6661 E AutoInstalls: 	at android.os.HandlerThread.run(HandlerThread.java:61)
12-04 12:40:32.516  4662  6661 E AutoInstalls: Unable to add favorite: com.google.android.calendar/com.android.calendar.AllInOneActivity
12-04 12:40:32.516  4662  6661 E AutoInstalls: android.content.pm.PackageManager$NameNotFoundException: ComponentInfo{com.google.android.calendar/com.android.calendar.AllInOneActivity}
12-04 12:40:32.516  4662  6661 E AutoInstalls: 	at android.app.ApplicationPackageManager.getActivityInfo(ApplicationPackageManager.java:343)
12-04 12:40:32.516  4662  6661 E AutoInstalls: 	at com.android.launcher3.AutoInstallsLayout$AppShortcutParser.parseAndAdd(AutoInstallsLayout.java:347)
12-04 12:40:32.516  4662  6661 E AutoInstalls: 	at com.android.launcher3.AutoInstallsLayout$FolderParser.parseAndAdd(AutoInstallsLayout.java:595)
12-04 12:40:32.516  4662  6661 E AutoInstalls: 	at com.android.launcher3.DefaultLayoutParser$MyFolderParser.parseAndAdd(DefaultLayoutParser.java:271)
12-04 12:40:32.516  4662  6661 E AutoInstalls: 	at com.android.launcher3.AutoInstallsLayout.parseAndAddNode(AutoInstallsLayout.java:272)
12-04 12:40:32.516  4662  6661 E AutoInstalls: 	at com.android.launcher3.AutoInstallsLayout.parseLayout(AutoInstallsLayout.java:217)
12-04 12:40:32.516  4662  6661 E AutoInstalls: 	at com.android.launcher3.AutoInstallsLayout.loadLayout(AutoInstallsLayout.java:193)
12-04 12:40:32.516  4662  6661 E AutoInstalls: 	at com.android.launcher3.LauncherProvider$DatabaseHelper.loadFavorites(LauncherProvider.java:1292)
12-04 12:40:32.516  4662  6661 E AutoInstalls: 	at com.android.launcher3.LauncherProvider.loadDefaultFavoritesIfNecessary(LauncherProvider.java:406)
12-04 12:40:32.516  4662  6661 E AutoInstalls: 	at com.android.launcher3.LauncherModel$LoaderTask.loadWorkspace(LauncherModel.java:1967)
12-04 12:40:32.516  4662  6661 E AutoInstalls: 	at com.android.launcher3.LauncherModel$LoaderTask.loadAndBindWorkspace(LauncherModel.java:1558)
12-04 12:40:32.516  4662  6661 E AutoInstalls: 	at com.android.launcher3.LauncherModel$LoaderTask.run(LauncherModel.java:1655)
12-04 12:40:32.516  4662  6661 E AutoInstalls: 	at android.os.Handler.handleCallback(Handler.java:739)
12-04 12:40:32.516  4662  6661 E AutoInstalls: 	at android.os.Handler.dispatchMessage(Handler.java:95)
12-04 12:40:32.516  4662  6661 E AutoInstalls: 	at android.os.Looper.loop(Looper.java:148)
12-04 12:40:32.516  4662  6661 E AutoInstalls: 	at android.os.HandlerThread.run(HandlerThread.java:61)
12-04 12:40:32.518  4662  6661 E AutoInstalls: Unable to add favorite: com.google.android.apps.plus/com.google.android.apps.plus.phone.HomeActivity
12-04 12:40:32.518  4662  6661 E AutoInstalls: android.content.pm.PackageManager$NameNotFoundException: ComponentInfo{com.google.android.apps.plus/com.google.android.apps.plus.phone.HomeActivity}
12-04 12:40:32.518  4662  6661 E AutoInstalls: 	at android.app.ApplicationPackageManager.getActivityInfo(ApplicationPackageManager.java:343)
12-04 12:40:32.518  4662  6661 E AutoInstalls: 	at com.android.launcher3.AutoInstallsLayout$AppShortcutParser.parseAndAdd(AutoInstallsLayout.java:347)
12-04 12:40:32.518  4662  6661 E AutoInstalls: 	at com.android.launcher3.AutoInstallsLayout$FolderParser.parseAndAdd(AutoInstallsLayout.java:595)
12-04 12:40:32.518  4662  6661 E AutoInstalls: 	at com.android.launcher3.DefaultLayoutParser$MyFolderParser.parseAndAdd(DefaultLayoutParser.java:271)
12-04 12:40:32.518  4662  6661 E AutoInstalls: 	at com.android.launcher3.AutoInstallsLayout.parseAndAddNode(AutoInstallsLayout.java:272)
12-04 12:40:32.518  4662  6661 E AutoInstalls: 	at com.android.launcher3.AutoInstallsLayout.parseLayout(AutoInstallsLayout.java:217)
12-04 12:40:32.518  4662  6661 E AutoInstalls: 	at com.android.launcher3.AutoInstallsLayout.loadLayout(AutoInstallsLayout.java:193)
12-04 12:40:32.518  4662  6661 E AutoInstalls: 	at com.android.launcher3.LauncherProvider$DatabaseHelper.loadFavorites(LauncherProvider.java:1292)
12-04 12:40:32.518  4662  6661 E AutoInstalls: 	at com.android.launcher3.LauncherProvider.loadDefaultFavoritesIfNecessary(LauncherProvider.java:406)
12-04 12:40:32.518  4662  6661 E AutoInstalls: 	at com.android.launcher3.LauncherModel$LoaderTask.loadWorkspace(LauncherModel.java:1967)
12-04 12:40:32.518  4662  6661 E AutoInstalls: 	at com.android.launcher3.LauncherModel$LoaderTask.loadAndBindWorkspace(LauncherModel.java:1558)
12-04 12:40:32.518  4662  6661 E AutoInstalls: 	at com.android.launcher3.LauncherModel$LoaderTask.run(LauncherModel.java:1655)
12-04 12:40:32.518  4662  6661 E AutoInstalls: 	at android.os.Handler.handleCallback(Handler.java:739)
12-04 12:40:32.518  4662  6661 E AutoInstalls: 	at android.os.Handler.dispatchMessage(Handler.java:95)
12-04 12:40:32.518  4662  6661 E AutoInstalls: 	at android.os.Looper.loop(Looper.java:148)
12-04 12:40:32.518  4662  6661 E AutoInstalls: 	at android.os.HandlerThread.run(HandlerThread.java:61)
12-04 12:40:32.542  4662  6661 E AutoInstalls: Unable to add favorite: com.google.android.music/com.android.music.activitymanagement.TopLevelActivity
12-04 12:40:32.542  4662  6661 E AutoInstalls: android.content.pm.PackageManager$NameNotFoundException: ComponentInfo{com.google.android.music/com.android.music.activitymanagement.TopLevelActivity}
12-04 12:40:32.542  4662  6661 E AutoInstalls: 	at android.app.ApplicationPackageManager.getActivityInfo(ApplicationPackageManager.java:343)
12-04 12:40:32.542  4662  6661 E AutoInstalls: 	at com.android.launcher3.AutoInstallsLayout$AppShortcutParser.parseAndAdd(AutoInstallsLayout.java:347)
12-04 12:40:32.542  4662  6661 E AutoInstalls: 	at com.android.launcher3.AutoInstallsLayout$FolderParser.parseAndAdd(AutoInstallsLayout.java:595)
12-04 12:40:32.542  4662  6661 E AutoInstalls: 	at com.android.launcher3.DefaultLayoutParser$MyFolderParser.parseAndAdd(DefaultLayoutParser.java:271)
12-04 12:40:32.542  4662  6661 E AutoInstalls: 	at com.android.launcher3.AutoInstallsLayout.parseAndAddNode(AutoInstallsLayout.java:272)
12-04 12:40:32.542  4662  6661 E AutoInstalls: 	at com.android.launcher3.AutoInstallsLayout.parseLayout(AutoInstallsLayout.java:217)
12-04 12:40:32.542  4662  6661 E AutoInstalls: 	at com.android.launcher3.AutoInstallsLayout.loadLayout(AutoInstallsLayout.java:193)
12-04 12:40:32.542  4662  6661 E AutoInstalls: 	at com.android.launcher3.LauncherProvider$DatabaseHelper.loadFavorites(LauncherProvider.java:1292)
12-04 12:40:32.542  4662  6661 E AutoInstalls: 	at com.android.launcher3.LauncherProvider.loadDefaultFavoritesIfNecessary(LauncherProvider.java:406)
12-04 12:40:32.542  4662  6661 E AutoInstalls: 	at com.android.launcher3.LauncherModel$LoaderTask.loadWorkspace(LauncherModel.java:1967)
12-04 12:40:32.542  4662  6661 E AutoInstalls: 	at com.android.launcher3.LauncherModel$LoaderTask.loadAndBindWorkspace(LauncherModel.java:1558)
12-04 12:40:32.542  4662  6661 E AutoInstalls: 	at com.android.launcher3.LauncherModel$LoaderTask.run(LauncherModel.java:1655)
12-04 12:40:32.542  4662  6661 E AutoInstalls: 	at android.os.Handler.handleCallback(Handler.java:739)
12-04 12:40:32.542  4662  6661 E AutoInstalls: 	at android.os.Handler.dispatchMessage(Handler.java:95)
12-04 12:40:32.542  4662  6661 E AutoInstalls: 	at android.os.Looper.loop(Looper.java:148)
12-04 12:40:32.542  4662  6661 E AutoInstalls: 	at android.os.HandlerThread.run(HandlerThread.java:61)
12-04 12:40:32.545  4662  6661 E AutoInstalls: Unable to add favorite: com.google.android.videos/com.google.android.youtube.videos.EntryPoint
12-04 12:40:32.545  4662  6661 E AutoInstalls: android.content.pm.PackageManager$NameNotFoundException: ComponentInfo{com.google.android.videos/com.google.android.youtube.videos.EntryPoint}
12-04 12:40:32.545  4662  6661 E AutoInstalls: 	at android.app.ApplicationPackageManager.getActivityInfo(ApplicationPackageManager.java:343)
12-04 12:40:32.545  4662  6661 E AutoInstalls: 	at com.android.launcher3.AutoInstallsLayout$AppShortcutParser.parseAndAdd(AutoInstallsLayout.java:347)
12-04 12:40:32.545  4662  6661 E AutoInstalls: 	at com.android.launcher3.AutoInstallsLayout$FolderParser.parseAndAdd(AutoInstallsLayout.java:595)
12-04 12:40:32.545  4662  6661 E AutoInstalls: 	at com.android.launcher3.DefaultLayoutParser$MyFolderParser.parseAndAdd(DefaultLayoutParser.java:271)
12-04 12:40:32.545  4662  6661 E AutoInstalls: 	at com.android.launcher3.AutoInstallsLayout.parseAndAddNode(AutoInstallsLayout.java:272)
12-04 12:40:32.545  4662  6661 E AutoInstalls: 	at com.android.launcher3.AutoInstallsLayout.parseLayout(AutoInstallsLayout.java:217)
12-04 12:40:32.545  4662  6661 E AutoInstalls: 	at com.android.launcher3.AutoInstallsLayout.loadLayout(AutoInstallsLayout.java:193)
12-04 12:40:32.545  4662  6661 E AutoInstalls: 	at com.android.launcher3.LauncherProvider$DatabaseHelper.loadFavorites(LauncherProvider.java:1292)
12-04 12:40:32.545  4662  6661 E AutoInstalls: 	at com.android.launcher3.LauncherProvider.loadDefaultFavoritesIfNecessary(LauncherProvider.java:406)
12-04 12:40:32.545  4662  6661 E AutoInstalls: 	at com.android.launcher3.LauncherModel$LoaderTask.loadWorkspace(LauncherModel.java:1967)
12-04 12:40:32.545  4662  6661 E AutoInstalls: 	at com.android.launcher3.LauncherModel$LoaderTask.loadAndBindWorkspace(LauncherModel.java:1558)
12-04 12:40:32.545  4662  6661 E AutoInstalls: 	at com.android.launcher3.LauncherModel$LoaderTask.run(LauncherModel.java:1655)
12-04 12:40:32.545  4662  6661 E AutoInstalls: 	at android.os.Handler.handleCallback(Handler.java:739)
12-04 12:40:32.545  4662  6661 E AutoInstalls: 	at android.os.Handler.dispatchMessage(Handler.java:95)
12-04 12:40:32.545  4662  6661 E AutoInstalls: 	at android.os.Looper.loop(Looper.java:148)
12-04 12:40:32.545  4662  6661 E AutoInstalls: 	at android.os.HandlerThread.run(HandlerThread.java:61)
12-04 12:40:32.547  4662  6661 E AutoInstalls: Unable to add favorite: com.google.android.play.games/com.google.android.gms.games.ui.destination.main.MainActivity
12-04 12:40:32.547  4662  6661 E AutoInstalls: android.content.pm.PackageManager$NameNotFoundException: ComponentInfo{com.google.android.play.games/com.google.android.gms.games.ui.destination.main.MainActivity}
12-04 12:40:32.547  4662  6661 E AutoInstalls: 	at android.app.ApplicationPackageManager.getActivityInfo(ApplicationPackageManager.java:343)
12-04 12:40:32.547  4662  6661 E AutoInstalls: 	at com.android.launcher3.AutoInstallsLayout$AppShortcutParser.parseAndAdd(AutoInstallsLayout.java:347)
12-04 12:40:32.547  4662  6661 E AutoInstalls: 	at com.android.launcher3.AutoInstallsLayout$FolderParser.parseAndAdd(AutoInstallsLayout.java:595)
12-04 12:40:32.547  4662  6661 E AutoInstalls: 	at com.android.launcher3.DefaultLayoutParser$MyFolderParser.parseAndAdd(DefaultLayoutParser.java:271)
12-04 12:40:32.547  4662  6661 E AutoInstalls: 	at com.android.launcher3.AutoInstallsLayout.parseAndAddNode(AutoInstallsLayout.java:272)
12-04 12:40:32.547  4662  6661 E AutoInstalls: 	at com.android.launcher3.AutoInstallsLayout.parseLayout(AutoInstallsLayout.java:217)
12-04 12:40:32.547  4662  6661 E AutoInstalls: 	at com.android.launcher3.AutoInstallsLayout.loadLayout(AutoInstallsLayout.java:193)
12-04 12:40:32.547  4662  6661 E AutoInstalls: 	at com.android.launcher3.LauncherProvider$DatabaseHelper.loadFavorites(LauncherProvider.java:1292)
12-04 12:40:32.547  4662  6661 E AutoInstalls: 	at com.android.launcher3.LauncherProvider.loadDefaultFavoritesIfNecessary(LauncherProvider.java:406)
12-04 12:40:32.547  4662  6661 E AutoInstalls: 	at com.android.launcher3.LauncherModel$LoaderTask.loadWorkspace(LauncherModel.java:1967)
12-04 12:40:32.547  4662  6661 E AutoInstalls: 	at com.android.launcher3.LauncherModel$LoaderTask.loadAndBindWorkspace(LauncherModel.java:1558)
12-04 12:40:32.547  4662  6661 E AutoInstalls: 	at com.android.launcher3.LauncherModel$LoaderTask.run(LauncherModel.java:1655)
12-04 12:40:32.547  4662  6661 E AutoInstalls: 	at android.os.Handler.handleCallback(Handler.java:739)
12-04 12:40:32.547  4662  6661 E AutoInstalls: 	at android.os.Handler.dispatchMessage(Handler.java:95)
12-04 12:40:32.547  4662  6661 E AutoInstalls: 	at android.os.Looper.loop(Looper.java:148)
12-04 12:40:32.547  4662  6661 E AutoInstalls: 	at android.os.HandlerThread.run(HandlerThread.java:61)
12-04 12:40:32.549  4662  6661 E AutoInstalls: Unable to add favorite: com.google.android.apps.books/com.google.android.apps.books.app.BooksActivity
12-04 12:40:32.549  4662  6661 E AutoInstalls: android.content.pm.PackageManager$NameNotFoundException: ComponentInfo{com.google.android.apps.books/com.google.android.apps.books.app.BooksActivity}
12-04 12:40:32.549  4662  6661 E AutoInstalls: 	at android.app.ApplicationPackageManager.getActivityInfo(ApplicationPackageManager.java:343)
12-04 12:40:32.549  4662  6661 E AutoInstalls: 	at com.android.launcher3.AutoInstallsLayout$AppShortcutParser.parseAndAdd(AutoInstallsLayout.java:347)
12-04 12:40:32.549  4662  6661 E AutoInstalls: 	at com.android.launcher3.AutoInstallsLayout$FolderParser.parseAndAdd(AutoInstallsLayout.java:595)
12-04 12:40:32.549  4662  6661 E AutoInstalls: 	at com.android.launcher3.DefaultLayoutParser$MyFolderParser.parseAndAdd(DefaultLayoutParser.java:271)
12-04 12:40:32.549  4662  6661 E AutoInstalls: 	at com.android.launcher3.AutoInstallsLayout.parseAndAddNode(AutoInstallsLayout.java:272)
12-04 12:40:32.549  4662  6661 E AutoInstalls: 	at com.android.launcher3.AutoInstallsLayout.parseLayout(AutoInstallsLayout.java:217)
12-04 12:40:32.549  4662  6661 E AutoInstalls: 	at com.android.launcher3.AutoInstallsLayout.loadLayout(AutoInstallsLayout.java:193)
12-04 12:40:32.549  4662  6661 E AutoInstalls: 	at com.android.launcher3.LauncherProvider$DatabaseHelper.loadFavorites(LauncherProvider.java:1292)
12-04 12:40:32.549  4662  6661 E AutoInstalls: 	at com.android.launcher3.LauncherProvider.loadDefaultFavoritesIfNecessary(LauncherProvider.java:406)
12-04 12:40:32.549  4662  6661 E AutoInstalls: 	at com.android.launcher3.LauncherModel$LoaderTask.loadWorkspace(LauncherModel.java:1967)
12-04 12:40:32.549  4662  6661 E AutoInstalls: 	at com.android.launcher3.LauncherModel$LoaderTask.loadAndBindWorkspace(LauncherModel.java:1558)
12-04 12:40:32.549  4662  6661 E AutoInstalls: 	at com.android.launcher3.LauncherModel$LoaderTask.run(LauncherModel.java:1655)
12-04 12:40:32.549  4662  6661 E AutoInstalls: 	at android.os.Handler.handleCallback(Handler.java:739)
12-04 12:40:32.549  4662  6661 E AutoInstalls: 	at android.os.Handler.dispatchMessage(Handler.java:95)
12-04 12:40:32.549  4662  6661 E AutoInstalls: 	at android.os.Looper.loop(Looper.java:148)
12-04 12:40:32.549  4662  6661 E AutoInstalls: 	at android.os.HandlerThread.run(HandlerThread.java:61)
12-04 12:40:32.551  4662  6661 E AutoInstalls: Unable to add favorite: com.google.android.apps.magazines/com.google.apps.dots.android.app.activity.CurrentsStartActivity
12-04 12:40:32.551  4662  6661 E AutoInstalls: android.content.pm.PackageManager$NameNotFoundException: ComponentInfo{com.google.android.apps.magazines/com.google.apps.dots.android.app.activity.CurrentsStartActivity}
12-04 12:40:32.551  4662  6661 E AutoInstalls: 	at android.app.ApplicationPackageManager.getActivityInfo(ApplicationPackageManager.java:343)
12-04 12:40:32.551  4662  6661 E AutoInstalls: 	at com.android.launcher3.AutoInstallsLayout$AppShortcutParser.parseAndAdd(AutoInstallsLayout.java:347)
12-04 12:40:32.551  4662  6661 E AutoInstalls: 	at com.android.launcher3.AutoInstallsLayout$FolderParser.parseAndAdd(AutoInstallsLayout.java:595)
12-04 12:40:32.551  4662  6661 E AutoInstalls: 	at com.android.launcher3.DefaultLayoutParser$MyFolderParser.parseAndAdd(DefaultLayoutParser.java:271)
12-04 12:40:32.551  4662  6661 E AutoInstalls: 	at com.android.launcher3.AutoInstallsLayout.parseAndAddNode(AutoInstallsLayout.java:272)
12-04 12:40:32.551  4662  6661 E AutoInstalls: 	at com.android.launcher3.AutoInstallsLayout.parseLayout(AutoInstallsLayout.java:217)
12-04 12:40:32.551  4662  6661 E AutoInstalls: 	at com.android.launcher3.AutoInstallsLayout.loadLayout(AutoInstallsLayout.java:193)
12-04 12:40:32.551  4662  6661 E AutoInstalls: 	at com.android.launcher3.LauncherProvider$DatabaseHelper.loadFavorites(LauncherProvider.java:1292)
12-04 12:40:32.551  4662  6661 E AutoInstalls: 	at com.android.launcher3.LauncherProvider.loadDefaultFavoritesIfNecessary(LauncherProvider.java:406)
12-04 12:40:32.551  4662  6661 E AutoInstalls: 	at com.android.launcher3.LauncherModel$LoaderTask.loadWorkspace(LauncherModel.java:1967)
12-04 12:40:32.551  4662  6661 E AutoInstalls: 	at com.android.launcher3.LauncherModel$LoaderTask.loadAndBindWorkspace(LauncherModel.java:1558)
12-04 12:40:32.551  4662  6661 E AutoInstalls: 	at com.android.launcher3.LauncherModel$LoaderTask.run(LauncherModel.java:1655)
12-04 12:40:32.551  4662  6661 E AutoInstalls: 	at android.os.Handler.handleCallback(Handler.java:739)
12-04 12:40:32.551  4662  6661 E AutoInstalls: 	at android.os.Handler.dispatchMessage(Handler.java:95)
12-04 12:40:32.551  4662  6661 E AutoInstalls: 	at android.os.Looper.loop(Looper.java:148)
12-04 12:40:32.551  4662  6661 E AutoInstalls: 	at android.os.HandlerThread.run(HandlerThread.java:61)
12-04 12:40:32.560  4662  6689 W         : g2d fimg library does not exist
12-04 12:40:32.562  4662  6661 E AutoInstalls: Unable to add favorite: com.cyngn.themestore/com.cyngn.themestore.ui.StoreActivity
12-04 12:40:32.562  4662  6661 E AutoInstalls: android.content.pm.PackageManager$NameNotFoundException: ComponentInfo{com.cyngn.themestore/com.cyngn.themestore.ui.StoreActivity}
12-04 12:40:32.562  4662  6661 E AutoInstalls: 	at android.app.ApplicationPackageManager.getActivityInfo(ApplicationPackageManager.java:343)
12-04 12:40:32.562  4662  6661 E AutoInstalls: 	at com.android.launcher3.AutoInstallsLayout$AppShortcutParser.parseAndAdd(AutoInstallsLayout.java:347)
12-04 12:40:32.562  4662  6661 E AutoInstalls: 	at com.android.launcher3.AutoInstallsLayout.parseAndAddNode(AutoInstallsLayout.java:272)
12-04 12:40:32.562  4662  6661 E AutoInstalls: 	at com.android.launcher3.AutoInstallsLayout.parseLayout(AutoInstallsLayout.java:217)
12-04 12:40:32.562  4662  6661 E AutoInstalls: 	at com.android.launcher3.AutoInstallsLayout.loadLayout(AutoInstallsLayout.java:193)
12-04 12:40:32.562  4662  6661 E AutoInstalls: 	at com.android.launcher3.LauncherProvider$DatabaseHelper.loadFavorites(LauncherProvider.java:1292)
12-04 12:40:32.562  4662  6661 E AutoInstalls: 	at com.android.launcher3.LauncherProvider.loadDefaultFavoritesIfNecessary(LauncherProvider.java:406)
12-04 12:40:32.562  4662  6661 E AutoInstalls: 	at com.android.launcher3.LauncherModel$LoaderTask.loadWorkspace(LauncherModel.java:1967)
12-04 12:40:32.562  4662  6661 E AutoInstalls: 	at com.android.launcher3.LauncherModel$LoaderTask.loadAndBindWorkspace(LauncherModel.java:1558)
12-04 12:40:32.562  4662  6661 E AutoInstalls: 	at com.android.launcher3.LauncherModel$LoaderTask.run(LauncherModel.java:1655)
12-04 12:40:32.562  4662  6661 E AutoInstalls: 	at android.os.Handler.handleCallback(Handler.java:739)
12-04 12:40:32.562  4662  6661 E AutoInstalls: 	at android.os.Handler.dispatchMessage(Handler.java:95)
12-04 12:40:32.562  4662  6661 E AutoInstalls: 	at android.os.Looper.loop(Looper.java:148)
12-04 12:40:32.562  4662  6661 E AutoInstalls: 	at android.os.HandlerThread.run(HandlerThread.java:61)
12-04 12:40:32.563  4662  6661 E AutoInstalls: Unable to add favorite: com.android.vending/com.android.vending.AssetBrowserActivity
12-04 12:40:32.563  4662  6661 E AutoInstalls: android.content.pm.PackageManager$NameNotFoundException: ComponentInfo{com.android.vending/com.android.vending.AssetBrowserActivity}
12-04 12:40:32.563  4662  6661 E AutoInstalls: 	at android.app.ApplicationPackageManager.getActivityInfo(ApplicationPackageManager.java:343)
12-04 12:40:32.563  4662  6661 E AutoInstalls: 	at com.android.launcher3.AutoInstallsLayout$AppShortcutParser.parseAndAdd(AutoInstallsLayout.java:347)
12-04 12:40:32.563  4662  6661 E AutoInstalls: 	at com.android.launcher3.DefaultLayoutParser$ResolveParser.parseAndAdd(DefaultLayoutParser.java:222)
12-04 12:40:32.563  4662  6661 E AutoInstalls: 	at com.android.launcher3.AutoInstallsLayout.parseAndAddNode(AutoInstallsLayout.java:272)
12-04 12:40:32.563  4662  6661 E AutoInstalls: 	at com.android.launcher3.AutoInstallsLayout.parseLayout(AutoInstallsLayout.java:217)
12-04 12:40:32.563  4662  6661 E AutoInstalls: 	at com.android.launcher3.AutoInstallsLayout.loadLayout(AutoInstallsLayout.java:193)
12-04 12:40:32.563  4662  6661 E AutoInstalls: 	at com.android.launcher3.LauncherProvider$DatabaseHelper.loadFavorites(LauncherProvider.java:1292)
12-04 12:40:32.563  4662  6661 E AutoInstalls: 	at com.android.launcher3.LauncherProvider.loadDefaultFavoritesIfNecessary(LauncherProvider.java:406)
12-04 12:40:32.563  4662  6661 E AutoInstalls: 	at com.android.launcher3.LauncherModel$LoaderTask.loadWorkspace(LauncherModel.java:1967)
12-04 12:40:32.563  4662  6661 E AutoInstalls: 	at com.android.launcher3.LauncherModel$LoaderTask.loadAndBindWorkspace(LauncherModel.java:1558)
12-04 12:40:32.563  4662  6661 E AutoInstalls: 	at com.android.launcher3.LauncherModel$LoaderTask.run(LauncherModel.java:1655)
12-04 12:40:32.563  4662  6661 E AutoInstalls: 	at android.os.Handler.handleCallback(Handler.java:739)
12-04 12:40:32.563  4662  6661 E AutoInstalls: 	at android.os.Handler.dispatchMessage(Handler.java:95)
12-04 12:40:32.563  4662  6661 E AutoInstalls: 	at android.os.Looper.loop(Looper.java:148)
12-04 12:40:32.563  4662  6661 E AutoInstalls: 	at android.os.HandlerThread.run(HandlerThread.java:61)
12-04 12:40:32.565  4662  6661 E AutoInstalls: Unable to add favorite: org.cyanogenmod.theme.chooser/org.cyanogenmod.theme.chooser.ChooserActivity
12-04 12:40:32.565  4662  6661 E AutoInstalls: android.content.pm.PackageManager$NameNotFoundException: ComponentInfo{org.cyanogenmod.theme.chooser/org.cyanogenmod.theme.chooser.ChooserActivity}
12-04 12:40:32.565  4662  6661 E AutoInstalls: 	at android.app.ApplicationPackageManager.getActivityInfo(ApplicationPackageManager.java:343)
12-04 12:40:32.565  4662  6661 E AutoInstalls: 	at com.android.launcher3.AutoInstallsLayout$AppShortcutParser.parseAndAdd(AutoInstallsLayout.java:347)
12-04 12:40:32.565  4662  6661 E AutoInstalls: 	at com.android.launcher3.DefaultLayoutParser$ResolveParser.parseAndAdd(DefaultLayoutParser.java:222)
12-04 12:40:32.565  4662  6661 E AutoInstalls: 	at com.android.launcher3.AutoInstallsLayout.parseAndAddNode(AutoInstallsLayout.java:272)
12-04 12:40:32.565  4662  6661 E AutoInstalls: 	at com.android.launcher3.AutoInstallsLayout.parseLayout(AutoInstallsLayout.java:217)
12-04 12:40:32.565  4662  6661 E AutoInstalls: 	at com.android.launcher3.AutoInstallsLayout.loadLayout(AutoInstallsLayout.java:193)
12-04 12:40:32.565  4662  6661 E AutoInstalls: 	at com.android.launcher3.LauncherProvider$DatabaseHelper.loadFavorites(LauncherProvider.java:1292)
12-04 12:40:32.565  4662  6661 E AutoInstalls: 	at com.android.launcher3.LauncherProvider.loadDefaultFavoritesIfNecessary(LauncherProvider.java:406)
12-04 12:40:32.565  4662  6661 E AutoInstalls: 	at com.android.launcher3.LauncherModel$LoaderTask.loadWorkspace(LauncherModel.java:1967)
12-04 12:40:32.565  4662  6661 E AutoInstalls: 	at com.android.launcher3.LauncherModel$LoaderTask.loadAndBindWorkspace(LauncherModel.java:1558)
12-04 12:40:32.565  4662  6661 E AutoInstalls: 	at com.android.launcher3.LauncherModel$LoaderTask.run(LauncherModel.java:1655)
12-04 12:40:32.565  4662  6661 E AutoInstalls: 	at android.os.Handler.handleCallback(Handler.java:739)
12-04 12:40:32.565  4662  6661 E AutoInstalls: 	at android.os.Handler.dispatchMessage(Handler.java:95)
12-04 12:40:32.565  4662  6661 E AutoInstalls: 	at android.os.Looper.loop(Looper.java:148)
12-04 12:40:32.565  4662  6661 E AutoInstalls: 	at android.os.HandlerThread.run(HandlerThread.java:61)
12-04 12:40:32.623  4662  6661 E AutoInstalls: Unable to add favorite: com.cyngn.gallerynext/com.cyngn.gallerynext.app.GalleryActivity
12-04 12:40:32.623  4662  6661 E AutoInstalls: android.content.pm.PackageManager$NameNotFoundException: ComponentInfo{com.cyngn.gallerynext/com.cyngn.gallerynext.app.GalleryActivity}
12-04 12:40:32.623  4662  6661 E AutoInstalls: 	at android.app.ApplicationPackageManager.getActivityInfo(ApplicationPackageManager.java:343)
12-04 12:40:32.623  4662  6661 E AutoInstalls: 	at com.android.launcher3.AutoInstallsLayout$AppShortcutParser.parseAndAdd(AutoInstallsLayout.java:347)
12-04 12:40:32.623  4662  6661 E AutoInstalls: 	at com.android.launcher3.DefaultLayoutParser$ResolveParser.parseAndAdd(DefaultLayoutParser.java:222)
12-04 12:40:32.623  4662  6661 E AutoInstalls: 	at com.android.launcher3.AutoInstallsLayout.parseAndAddNode(AutoInstallsLayout.java:272)
12-04 12:40:32.623  4662  6661 E AutoInstalls: 	at com.android.launcher3.AutoInstallsLayout.parseLayout(AutoInstallsLayout.java:217)
12-04 12:40:32.623  4662  6661 E AutoInstalls: 	at com.android.launcher3.AutoInstallsLayout.loadLayout(AutoInstallsLayout.java:193)
12-04 12:40:32.623  4662  6661 E AutoInstalls: 	at com.android.launcher3.LauncherProvider$DatabaseHelper.loadFavorites(LauncherProvider.java:1292)
12-04 12:40:32.623  4662  6661 E AutoInstalls: 	at com.android.launcher3.LauncherProvider.loadDefaultFavoritesIfNecessary(LauncherProvider.java:406)
12-04 12:40:32.623  4662  6661 E AutoInstalls: 	at com.android.launcher3.LauncherModel$LoaderTask.loadWorkspace(LauncherModel.java:1967)
12-04 12:40:32.623  4662  6661 E AutoInstalls: 	at com.android.launcher3.LauncherModel$LoaderTask.loadAndBindWorkspace(LauncherModel.java:1558)
12-04 12:40:32.623  4662  6661 E AutoInstalls: 	at com.android.launcher3.LauncherModel$LoaderTask.run(LauncherModel.java:1655)
12-04 12:40:32.623  4662  6661 E AutoInstalls: 	at android.os.Handler.handleCallback(Handler.java:739)
12-04 12:40:32.623  4662  6661 E AutoInstalls: 	at android.os.Handler.dispatchMessage(Handler.java:95)
12-04 12:40:32.623  4662  6661 E AutoInstalls: 	at android.os.Looper.loop(Looper.java:148)
12-04 12:40:32.623  4662  6661 E AutoInstalls: 	at android.os.HandlerThread.run(HandlerThread.java:61)
12-04 12:40:32.763  4662  6661 E AutoInstalls: Unable to add favorite: org.cyanogenmod.gello.browser/com.android.browser.BrowserActivity
12-04 12:40:32.763  4662  6661 E AutoInstalls: android.content.pm.PackageManager$NameNotFoundException: ComponentInfo{org.cyanogenmod.gello.browser/com.android.browser.BrowserActivity}
12-04 12:40:32.763  4662  6661 E AutoInstalls: 	at android.app.ApplicationPackageManager.getActivityInfo(ApplicationPackageManager.java:343)
12-04 12:40:32.763  4662  6661 E AutoInstalls: 	at com.android.launcher3.AutoInstallsLayout$AppShortcutParser.parseAndAdd(AutoInstallsLayout.java:347)
12-04 12:40:32.763  4662  6661 E AutoInstalls: 	at com.android.launcher3.DefaultLayoutParser$ResolveParser.parseAndAdd(DefaultLayoutParser.java:222)
12-04 12:40:32.763  4662  6661 E AutoInstalls: 	at com.android.launcher3.AutoInstallsLayout.parseAndAddNode(AutoInstallsLayout.java:272)
12-04 12:40:32.763  4662  6661 E AutoInstalls: 	at com.android.launcher3.AutoInstallsLayout.parseLayout(AutoInstallsLayout.java:217)
12-04 12:40:32.763  4662  6661 E AutoInstalls: 	at com.android.launcher3.AutoInstallsLayout.loadLayout(AutoInstallsLayout.java:193)
12-04 12:40:32.763  4662  6661 E AutoInstalls: 	at com.android.launcher3.LauncherProvider$DatabaseHelper.loadFavorites(LauncherProvider.java:1292)
12-04 12:40:32.763  4662  6661 E AutoInstalls: 	at com.android.launcher3.LauncherProvider.loadDefaultFavoritesIfNecessary(LauncherProvider.java:406)
12-04 12:40:32.763  4662  6661 E AutoInstalls: 	at com.android.launcher3.LauncherModel$LoaderTask.loadWorkspace(LauncherModel.java:1967)
12-04 12:40:32.763  4662  6661 E AutoInstalls: 	at com.android.launcher3.LauncherModel$LoaderTask.loadAndBindWorkspace(LauncherModel.java:1558)
12-04 12:40:32.763  4662  6661 E AutoInstalls: 	at com.android.launcher3.LauncherModel$LoaderTask.run(LauncherModel.java:1655)
12-04 12:40:32.763  4662  6661 E AutoInstalls: 	at android.os.Handler.handleCallback(Handler.java:739)
12-04 12:40:32.763  4662  6661 E AutoInstalls: 	at android.os.Handler.dispatchMessage(Handler.java:95)
12-04 12:40:32.763  4662  6661 E AutoInstalls: 	at android.os.Looper.loop(Looper.java:148)
12-04 12:40:32.763  4662  6661 E AutoInstalls: 	at android.os.HandlerThread.run(HandlerThread.java:61)
12-04 12:40:32.792  4662  6661 E AutoInstalls: Unable to add favorite: com.cyngn.cameranext/com.android.camera.CameraLauncher
12-04 12:40:32.792  4662  6661 E AutoInstalls: android.content.pm.PackageManager$NameNotFoundException: ComponentInfo{com.cyngn.cameranext/com.android.camera.CameraLauncher}
12-04 12:40:32.792  4662  6661 E AutoInstalls: 	at android.app.ApplicationPackageManager.getActivityInfo(ApplicationPackageManager.java:343)
12-04 12:40:32.792  4662  6661 E AutoInstalls: 	at com.android.launcher3.AutoInstallsLayout$AppShortcutParser.parseAndAdd(AutoInstallsLayout.java:347)
12-04 12:40:32.792  4662  6661 E AutoInstalls: 	at com.android.launcher3.DefaultLayoutParser$ResolveParser.parseAndAdd(DefaultLayoutParser.java:222)
12-04 12:40:32.792  4662  6661 E AutoInstalls: 	at com.android.launcher3.AutoInstallsLayout.parseAndAddNode(AutoInstallsLayout.java:272)
12-04 12:40:32.792  4662  6661 E AutoInstalls: 	at com.android.launcher3.AutoInstallsLayout.parseLayout(AutoInstallsLayout.java:217)
12-04 12:40:32.792  4662  6661 E AutoInstalls: 	at com.android.launcher3.AutoInstallsLayout.loadLayout(AutoInstallsLayout.java:193)
12-04 12:40:32.792  4662  6661 E AutoInstalls: 	at com.android.launcher3.LauncherProvider$DatabaseHelper.loadFavorites(LauncherProvider.java:1292)
12-04 12:40:32.792  4662  6661 E AutoInstalls: 	at com.android.launcher3.LauncherProvider.loadDefaultFavoritesIfNecessary(LauncherProvider.java:406)
12-04 12:40:32.792  4662  6661 E AutoInstalls: 	at com.android.launcher3.LauncherModel$LoaderTask.loadWorkspace(LauncherModel.java:1967)
12-04 12:40:32.792  4662  6661 E AutoInstalls: 	at com.android.launcher3.LauncherModel$LoaderTask.loadAndBindWorkspace(LauncherModel.java:1558)
12-04 12:40:32.792  4662  6661 E AutoInstalls: 	at com.android.launcher3.LauncherModel$LoaderTask.run(LauncherModel.java:1655)
12-04 12:40:32.792  4662  6661 E AutoInstalls: 	at android.os.Handler.handleCallback(Handler.java:739)
12-04 12:40:32.792  4662  6661 E AutoInstalls: 	at android.os.Handler.dispatchMessage(Handler.java:95)
12-04 12:40:32.792  4662  6661 E AutoInstalls: 	at android.os.Looper.loop(Looper.java:148)
12-04 12:40:32.792  4662  6661 E AutoInstalls: 	at android.os.HandlerThread.run(HandlerThread.java:61)
12-04 12:40:32.796  4662  6661 E AutoInstalls: Unable to add favorite: org.cyanogenmod.snap/com.android.camera.CameraLauncher
12-04 12:40:32.796  4662  6661 E AutoInstalls: android.content.pm.PackageManager$NameNotFoundException: ComponentInfo{org.cyanogenmod.snap/com.android.camera.CameraLauncher}
12-04 12:40:32.796  4662  6661 E AutoInstalls: 	at android.app.ApplicationPackageManager.getActivityInfo(ApplicationPackageManager.java:343)
12-04 12:40:32.796  4662  6661 E AutoInstalls: 	at com.android.launcher3.AutoInstallsLayout$AppShortcutParser.parseAndAdd(AutoInstallsLayout.java:347)
12-04 12:40:32.796  4662  6661 E AutoInstalls: 	at com.android.launcher3.DefaultLayoutParser$ResolveParser.parseAndAdd(DefaultLayoutParser.java:222)
12-04 12:40:32.796  4662  6661 E AutoInstalls: 	at com.android.launcher3.AutoInstallsLayout.parseAndAddNode(AutoInstallsLayout.java:272)
12-04 12:40:32.796  4662  6661 E AutoInstalls: 	at com.android.launcher3.AutoInstallsLayout.parseLayout(AutoInstallsLayout.java:217)
12-04 12:40:32.796  4662  6661 E AutoInstalls: 	at com.android.launcher3.AutoInstallsLayout.loadLayout(AutoInstallsLayout.java:193)
12-04 12:40:32.796  4662  6661 E AutoInstalls: 	at com.android.launcher3.LauncherProvider$DatabaseHelper.loadFavorites(LauncherProvider.java:1292)
12-04 12:40:32.796  4662  6661 E AutoInstalls: 	at com.android.launcher3.LauncherProvider.loadDefaultFavoritesIfNecessary(LauncherProvider.java:406)
12-04 12:40:32.796  4662  6661 E AutoInstalls: 	at com.android.launcher3.LauncherModel$LoaderTask.loadWorkspace(LauncherModel.java:1967)
12-04 12:40:32.796  4662  6661 E AutoInstalls: 	at com.android.launcher3.LauncherModel$LoaderTask.loadAndBindWorkspace(LauncherModel.java:1558)
12-04 12:40:32.796  4662  6661 E AutoInstalls: 	at com.android.launcher3.LauncherModel$LoaderTask.run(LauncherModel.java:1655)
12-04 12:40:32.796  4662  6661 E AutoInstalls: 	at android.os.Handler.handleCallback(Handler.java:739)
12-04 12:40:32.796  4662  6661 E AutoInstalls: 	at android.os.Handler.dispatchMessage(Handler.java:95)
12-04 12:40:32.796  4662  6661 E AutoInstalls: 	at android.os.Looper.loop(Looper.java:148)
12-04 12:40:32.796  4662  6661 E AutoInstalls: 	at android.os.HandlerThread.run(HandlerThread.java:61)
12-04 12:40:32.800  4662  6661 E AutoInstalls: Unable to add favorite: com.android.camera2/com.android.camera.CameraLauncher
12-04 12:40:32.800  4662  6661 E AutoInstalls: android.content.pm.PackageManager$NameNotFoundException: ComponentInfo{com.android.camera2/com.android.camera.CameraLauncher}
12-04 12:40:32.800  4662  6661 E AutoInstalls: 	at android.app.ApplicationPackageManager.getActivityInfo(ApplicationPackageManager.java:343)
12-04 12:40:32.800  4662  6661 E AutoInstalls: 	at com.android.launcher3.AutoInstallsLayout$AppShortcutParser.parseAndAdd(AutoInstallsLayout.java:347)
12-04 12:40:32.800  4662  6661 E AutoInstalls: 	at com.android.launcher3.DefaultLayoutParser$ResolveParser.parseAndAdd(DefaultLayoutParser.java:222)
12-04 12:40:32.800  4662  6661 E AutoInstalls: 	at com.android.launcher3.AutoInstallsLayout.parseAndAddNode(AutoInstallsLayout.java:272)
12-04 12:40:32.800  4662  6661 E AutoInstalls: 	at com.android.launcher3.AutoInstallsLayout.parseLayout(AutoInstallsLayout.java:217)
12-04 12:40:32.800  4662  6661 E AutoInstalls: 	at com.android.launcher3.AutoInstallsLayout.loadLayout(AutoInstallsLayout.java:193)
12-04 12:40:32.800  4662  6661 E AutoInstalls: 	at com.android.launcher3.LauncherProvider$DatabaseHelper.loadFavorites(LauncherProvider.java:1292)
12-04 12:40:32.800  4662  6661 E AutoInstalls: 	at com.android.launcher3.LauncherProvider.loadDefaultFavoritesIfNecessary(LauncherProvider.java:406)
12-04 12:40:32.800  4662  6661 E AutoInstalls: 	at com.android.launcher3.LauncherModel$LoaderTask.loadWorkspace(LauncherModel.java:1967)
12-04 12:40:32.800  4662  6661 E AutoInstalls: 	at com.android.launcher3.LauncherModel$LoaderTask.loadAndBindWorkspace(LauncherModel.java:1558)
12-04 12:40:32.800  4662  6661 E AutoInstalls: 	at com.android.launcher3.LauncherModel$LoaderTask.run(LauncherModel.java:1655)
12-04 12:40:32.800  4662  6661 E AutoInstalls: 	at android.os.Handler.handleCallback(Handler.java:739)
12-04 12:40:32.800  4662  6661 E AutoInstalls: 	at android.os.Handler.dispatchMessage(Handler.java:95)
12-04 12:40:32.800  4662  6661 E AutoInstalls: 	at android.os.Looper.loop(Looper.java:148)
12-04 12:40:32.800  4662  6661 E AutoInstalls: 	at android.os.HandlerThread.run(HandlerThread.java:61)
12-04 12:40:32.832  3341  3355 I ActivityManager: Killing 4245:com.cyanogenmod.eleven:main/u0a43 (adj 15): empty #17
12-04 12:40:32.838  4662  6661 W Launcher: setApplicationContext called twice! old=com.android.launcher3.LauncherApplication@bb40ad2 new=com.android.launcher3.LauncherApplication@bb40ad2
12-04 12:40:32.861  3341  3528 D ActivityManager: cleanUpApplicationRecord -- 4245
12-04 12:40:32.916  6698  6698 F libc    : page record for 0x7f945ad010 was not found (block_size=16)
12-04 12:40:33.008  4662  4662 D Launcher: bindAppWidget: AppWidget(id=2)
12-04 12:40:33.008  4662  4662 D Launcher: bindAppWidget: id=2 belongs to component ComponentInfo{com.cyanogenmod.lockclock/com.cyanogenmod.lockclock.ClockWidgetProvider}
12-04 12:40:33.023  6697  6697 V MediaUtils: physMem: 3748515840
12-04 12:40:33.023  6697  6697 V MediaUtils: requested limit: 2436535270
12-04 12:40:33.023  6697  6697 V MediaUtils: actual limit: 2436535270
12-04 12:40:33.023  6697  6697 V MediaUtils: original limits: 4294967295/4294967295
12-04 12:40:33.023  6697  6697 V MediaUtils: new limits: 2436535270/4294967295
12-04 12:40:33.024  6697  6697 I mediaserver: ServiceManager: 0xf644e120
12-04 12:40:33.024  6697  6697 I AudioFlinger: Using default 3000 mSec as standby time.
12-04 12:40:33.030  6697  6697 I CameraService: CameraService started (pid=6697)
12-04 12:40:33.030  6697  6697 I CameraService: CameraService process starting
12-04 12:40:33.030  6697  6697 E CameraService: Could not load camera HAL module: -2 (No such file or directory)
12-04 12:40:33.031  6697  6697 I AudioPolicyService: AudioPolicyService CSTOR in new mode
12-04 12:40:33.031  6697  6697 I APM::ConfigParsingUtils: loadAudioPolicyConfig() loaded /system/etc/audio_policy.conf
12-04 12:40:33.057  4662  4662 D Launcher: bound widget id=2 in 49ms
12-04 12:40:33.059  4662  4662 D Launcher: bindAppWidget: AppWidget(id=3)
12-04 12:40:33.059  4662  4662 D Launcher: bindAppWidget: id=3 belongs to component ComponentInfo{com.cyanogenmod.eleven/com.cyanogenmod.eleven.appwidgets.AppWidgetLarge}
12-04 12:40:33.064  3914  3914 I ServiceManager: Waiting for service media.audio_policy...
12-04 12:40:33.073  4662  4662 D Launcher: bound widget id=3 in 14ms
12-04 12:40:33.074  4662  6678 V RenderScript: 0x7f94ab6000 Launching thread(s), CPUs 8
12-04 12:40:33.074  4662  4662 D android.widget.GridLayout: vertical constraints: y2-y0>=528, y2-y0<=512, y2-y1<=208 are inconsistent; permanently removing: y2-y0<=512. 
12-04 12:40:33.536  6697  6697 E audio_route: Failed to open /system/etc/mixer_paths.xml
12-04 12:40:33.540  6697  6697 V audio_hw_primary: adev_open: Forcing voice config: wide
12-04 12:40:33.540  6697  6697 I AudioFlinger: loadHwModule() Loaded primary audio interface from Samsung audio HW HAL (audio) handle 1
12-04 12:40:33.540  6697  6697 I AudioFlinger: openOutput(), module 1 Device 2, SamplingRate 44100, Format 0x000001, Channels 3, flags 2
12-04 12:40:33.540  6697  6697 I AudioFlinger: AudioStreamOut::open(), mHalFormatIsLinearPcm = 1
12-04 12:40:33.540  6697  6697 I AudioFlinger: HAL output buffer size 256 frames, normal sink buffer size 960 frames
12-04 12:40:33.542  6697  6697 I BufferProvider: found effect "Multichannel Downmix To Stereo" from The Android Open Source Project
12-04 12:40:33.543  6697  6697 E MonoPipe: Failed to fetch local time frequency when constructing a MonoPipe (res = -32).  getNextWriteTimestamp calls will be non-functional
12-04 12:40:33.543  6697  6697 I AudioFlinger: Using module 1 has the primary audio interface
12-04 12:40:33.543  6697  6711 I AudioFlinger: AudioFlinger's thread 0xf4840000 ready to run
12-04 12:40:33.543  6697  6711 V audio_hw_primary: do_out_standby: output standby: 1
12-04 12:40:33.544  6697  6711 V audio_hw_primary: out_set_parameters: key value pairs: routing=2
12-04 12:40:33.544  6697  6711 E AudioFlinger: no wake lock to update!
12-04 12:40:33.545  6697  6697 V audio_hw_primary: adev_open_input_stream: Created resampler converting 48000 -> 16000
12-04 12:40:33.545  6697  6697 V audio_hw_primary: adev_open_input_stream: Requesting input stream with rate: 16000, channels: 0xc
12-04 12:40:33.546  6697  6712 I AudioFlinger: AudioFlinger's thread 0xf44c0000 ready to run
12-04 12:40:33.546  6697  6697 I r_submix: adev_open(name=audio_hw_if)
12-04 12:40:33.546  6697  6697 I r_submix: adev_init_check()
12-04 12:40:33.546  6697  6697 I AudioFlinger: loadHwModule() Loaded r_submix audio interface from Wifi Display audio HAL (audio) handle 4
12-04 12:40:33.546  6697  6697 D r_submix: adev_open_input_stream(addr=0)
12-04 12:40:33.546  6697  6697 D r_submix: submix_audio_device_create_pipe_l(addr=0, idx=9)
12-04 12:40:33.546  6697  6697 D r_submix:   now using address 0 for route 9
12-04 12:40:33.546  6697  6713 I AudioFlinger: AudioFlinger's thread 0xf4340000 ready to run
12-04 12:40:33.546  6697  6697 D r_submix: adev_close_input_stream()
12-04 12:40:33.546  6697  6697 D r_submix: submix_audio_device_release_pipe_l(idx=9) addr=0
12-04 12:40:33.546  6697  6697 D r_submix: submix_audio_device_destroy_pipe_l(): pipe destroyed
12-04 12:40:33.547  6697  6697 E SoundTriggerHwService: couldn't load sound trigger module sound_trigger.primary (No such file or directory)
12-04 12:40:33.547  6697  6697 I RadioService: RadioService
12-04 12:40:33.547  6697  6697 I RadioService: onFirstRef
12-04 12:40:33.547  6697  6697 E RadioService: couldn't load radio module radio.primary (No such file or directory)
12-04 12:40:33.799  6697  6711 V audio_hw_primary: out_set_parameters: key value pairs: routing=2
12-04 12:40:33.809  6697  6711 E AudioFlinger: no wake lock to update!
12-04 12:40:33.809  6697  6711 V audio_hw_primary: start_output_stream: starting stream
12-04 12:40:33.813  6697  6718 D PermissionCache: checking android.permission.MODIFY_AUDIO_SETTINGS for uid=1000 => granted (1647 us)
12-04 12:40:33.814  6697  6715 W APM::AudioPolicyEngine: setPhoneState() setting same state 0
12-04 12:40:33.814  6697  6715 W APM::AudioPolicyManager: setPhoneState() invalid or same state 0
12-04 12:40:33.849  6697  6711 F libc    : Fatal signal 11 (SIGSEGV), code 1, fault addr 0x4 in tid 6711 (AudioOut_2)
12-04 12:40:33.849  2941  2941 I DEBUG   : property debug.db.uid not set; NOT waiting for gdb.
12-04 12:40:33.849  2941  2941 I DEBUG   : HINT: adb shell setprop debug.db.uid 100000
12-04 12:40:33.849  2941  2941 I DEBUG   : HINT: adb forward tcp:5039 tcp:5039
12-04 12:40:33.900  2941  2941 F DEBUG   : *** *** *** *** *** *** *** *** *** *** *** *** *** *** *** ***
12-04 12:40:33.900  2941  2941 F DEBUG   : CM Version: '13.0-20161204-UNOFFICIAL-hero2ltexx'
12-04 12:40:33.900  2941  2941 F DEBUG   : Build fingerprint: 'samsung/cm_hero2ltexx/hero2ltexx:6.0.1/MOB31K/e933b1c43c:userdebug/test-keys'
12-04 12:40:33.900  2941  2941 F DEBUG   : Revision: '0'
12-04 12:40:33.900  2941  2941 F DEBUG   : ABI: 'arm'
12-04 12:40:33.900  3341  3641 W NativeCrashListener: Couldn't find ProcessRecord for pid 6697
12-04 12:40:33.901  2941  2941 F DEBUG   : pid: 6697, tid: 6711, name: AudioOut_2  >>> /system/bin/mediaserver <<<
12-04 12:40:33.901  2941  2941 E DEBUG   : AM write failed: Broken pipe
12-04 12:40:33.901  2941  2941 F DEBUG   : signal 11 (SIGSEGV), code 1 (SEGV_MAPERR), fault addr 0x4
12-04 12:40:33.908  2941  2941 F DEBUG   :     r0 00000000  r1 00000000  r2 00000001  r3 00000000
12-04 12:40:33.908  2941  2941 F DEBUG   :     r4 00000000  r5 00000000  r6 00000000  r7 00000014
12-04 12:40:33.908  2941  2941 F DEBUG   :     r8 f640d400  r9 f646d000  sl f64ea678  fp f4841c88
12-04 12:40:33.908  2941  2941 F DEBUG   :     ip f64ecf7c  sp f46807b0  lr f64e7abf  pc f64d8626  cpsr 200f0030
12-04 12:40:33.911  2941  2941 F DEBUG   : 
12-04 12:40:33.911  2941  2941 F DEBUG   : backtrace:
12-04 12:40:33.911  2941  2941 F DEBUG   :     #00 pc 00001626  /system/lib/libaudioroute.so (audio_route_reset+7)
12-04 12:40:33.911  2941  2941 F DEBUG   :     #01 pc 00002abb  /system/lib/hw/audio.primary.universal8890.so
12-04 12:40:33.911  2941  2941 F DEBUG   :     #02 pc 000030ef  /system/lib/hw/audio.primary.universal8890.so
12-04 12:40:33.911  2941  2941 F DEBUG   :     #03 pc 0003a4d1  /system/lib/libaudioflinger.so
12-04 12:40:33.911  2941  2941 F DEBUG   :     #04 pc 0002efb7  /system/lib/libaudioflinger.so
12-04 12:40:33.911  2941  2941 F DEBUG   :     #05 pc 00033387  /system/lib/libaudioflinger.so
12-04 12:40:33.911  2941  2941 F DEBUG   :     #06 pc 00010139  /system/lib/libutils.so (_ZN7android6Thread11_threadLoopEPv+112)
12-04 12:40:33.911  2941  2941 F DEBUG   :     #07 pc 0003fe4b  /system/lib/libc.so (_ZL15__pthread_startPv+30)
12-04 12:40:33.911  2941  2941 F DEBUG   :     #08 pc 00019c85  /system/lib/libc.so (__start_thread+6)
12-04 12:40:34.009  6711  6711 W AudioOut_2: type=1701 audit(0.0:213): auid=4294967295 uid=1013 gid=1005 ses=4294967295 exe="/system/bin/mediaserver" sig=11
12-04 12:40:34.028  2941  2941 F DEBUG   : 
