08-26 04:10:00.946  5551  5551 I Radio-JNI: register_android_hardware_Radio DONE
08-26 04:10:00.989  5551  5551 I SamplingProfilerIntegration: Profiling disabled.
08-26 04:10:00.990  5551  5551 D Zygote  : begin preload
08-26 04:10:00.991  5551  5551 I Zygote  : Preloading classes...
08-26 04:10:01.073  5549  5549 D SurfaceFlinger: SF. shader cache generated - 26 shaders in 377.100616 ms
08-26 04:10:01.074  5549  5549 E gralloc : invalid yuv format 1
08-26 04:10:01.074  5549  5549 W GraphicBufferAllocator: alloc(1440, 2560, 1, 00001a00, ...) failed -22 (Invalid argument)
08-26 04:10:01.074  5549  5549 E         : GraphicBufferAlloc::createGraphicBuffer(w=1440, h=2560) failed (Invalid argument), handle=0x0
08-26 04:10:01.074  5549  5549 E BufferQueueProducer: [FramebufferSurface] dequeueBuffer: createGraphicBuffer failed
08-26 04:10:01.074  5549  5549 D         : NULL == surf->write_back_color_buffer
08-26 04:10:01.074  5549  5549 W         : GLES-MALI OOM error: failed to allocate CPU memory (gles_fb_first_drawcall_cb at hardware/samsung_slsi/MaliT880_r12p0_JF/product/gles/src/fb/mali_gles_fb_module_api.c:1281)
08-26 04:10:01.074  5549  5549 E BufferQueueProducer: [FramebufferSurface] dequeueBuffer: can't dequeue multiple buffers without setting the buffer count
08-26 04:10:01.074  5549  5549 D         : NULL == surf->write_back_color_buffer
08-26 04:10:01.074  5549  5549 F SurfaceFlinger: eglSwapBuffers(0x1, 0x7fafba3700) failed with 0x0000300d
08-26 04:10:01.074  5549  5549 F libc    : Fatal signal 6 (SIGABRT), code -6 in tid 5549 (surfaceflinger)
08-26 04:10:01.074  2949  2949 I DEBUG   : property debug.db.uid not set; NOT waiting for gdb.
08-26 04:10:01.074  2949  2949 I DEBUG   : HINT: adb shell setprop debug.db.uid 100000
08-26 04:10:01.074  2949  2949 I DEBUG   : HINT: adb forward tcp:5039 tcp:5039
08-26 04:10:01.176  2949  2949 F DEBUG   : *** *** *** *** *** *** *** *** *** *** *** *** *** *** *** ***
08-26 04:10:01.177  2949  2949 F DEBUG   : CM Version: '13.0-20160826-UNOFFICIAL-hero2ltexx'
08-26 04:10:01.177  2949  2949 F DEBUG   : Build fingerprint: 'samsung/cm_hero2ltexx/hero2ltexx:6.0.1/MOB30Z/ca86ffce5d:eng/test-keys'
08-26 04:10:01.177  2949  2949 F DEBUG   : Revision: '0'
08-26 04:10:01.177  2949  2949 F DEBUG   : ABI: 'arm64'
08-26 04:10:01.177  2949  2949 F DEBUG   : pid: 5549, tid: 5549, name: surfaceflinger  >>> /system/bin/surfaceflinger <<<
08-26 04:10:01.177  2949  2949 F DEBUG   : signal 6 (SIGABRT), code -6 (SI_TKILL), fault addr --------
08-26 04:10:01.194  2949  2949 F DEBUG   : Abort message: 'eglSwapBuffers(0x1, 0x7fafba3700) failed with 0x0000300d'
08-26 04:10:01.194  2949  2949 F DEBUG   :     x0   0000000000000000  x1   00000000000015ad  x2   0000000000000006  x3   0000000000000000
08-26 04:10:01.194  2949  2949 F DEBUG   :     x4   0000000000000000  x5   0000000000000001  x6   0000000000000000  x7   0000000000000000
08-26 04:10:01.194  2949  2949 F DEBUG   :     x8   0000000000000083  x9   0000000000000049  x10  0000007fdd4c873c  x11  0000007fdd4c8778
08-26 04:10:01.194  2949  2949 F DEBUG   :     x12  0000007fdd4c8650  x13  0000000000000039  x14  0000007fdd4c8828  x15  0000000000000000
08-26 04:10:01.195  2949  2949 F DEBUG   :     x16  0000007fb0764560  x17  0000007fb06f5d6c  x18  0000007fb091a3a4  x19  0000007fb0a0f0d8
08-26 04:10:01.195  2949  2949 F DEBUG   :     x20  0000007fb0a0f018  x21  0000000000000009  x22  0000000000000006  x23  0000000000000001
08-26 04:10:01.195  2949  2949 F DEBUG   :     x24  0000000000000000  x25  0000000000000018  x26  0000007fb004f4a8  x27  0000007fb0995000
08-26 04:10:01.195  2949  2949 F DEBUG   :     x28  0000000000000001  x29  0000007fdd4c86e0  x30  0000007fb06f3508
08-26 04:10:01.195  2949  2949 F DEBUG   :     sp   0000007fdd4c86e0  pc   0000007fb06f5d74  pstate 0000000020000000
08-26 04:10:01.206  2949  2949 F DEBUG   : 
08-26 04:10:01.206  2949  2949 F DEBUG   : backtrace:
08-26 04:10:01.206  2949  2949 F DEBUG   :     #00 pc 0000000000069d74  /system/lib64/libc.so (tgkill+8)
08-26 04:10:01.206  2949  2949 F DEBUG   :     #01 pc 0000000000067504  /system/lib64/libc.so (pthread_kill+68)
08-26 04:10:01.206  2949  2949 F DEBUG   :     #02 pc 0000000000023448  /system/lib64/libc.so (raise+28)
08-26 04:10:01.206  2949  2949 F DEBUG   :     #03 pc 000000000001dbe8  /system/lib64/libc.so (abort+60)
08-26 04:10:01.206  2949  2949 F DEBUG   :     #04 pc 000000000000de78  /system/lib64/libcutils.so (__android_log_assert+236)
08-26 04:10:01.206  2949  2949 F DEBUG   :     #05 pc 000000000001e400  /system/lib64/libsurfaceflinger.so
08-26 04:10:01.206  2949  2949 F DEBUG   :     #06 pc 0000000000030cac  /system/lib64/libsurfaceflinger.so
08-26 04:10:01.206  2949  2949 F DEBUG   :     #07 pc 000000000002f804  /system/lib64/libsurfaceflinger.so
08-26 04:10:01.206  2949  2949 F DEBUG   :     #08 pc 000000000002e720  /system/lib64/libsurfaceflinger.so
08-26 04:10:01.206  2949  2949 F DEBUG   :     #09 pc 000000000002e488  /system/lib64/libsurfaceflinger.so
08-26 04:10:01.206  2949  2949 F DEBUG   :     #10 pc 000000000001aed4  /system/lib64/libutils.so (_ZN7android6Looper9pollInnerEi+312)
08-26 04:10:01.206  2949  2949 F DEBUG   :     #11 pc 000000000001b20c  /system/lib64/libutils.so (_ZN7android6Looper8pollOnceEiPiS1_PPv+80)
08-26 04:10:01.206  2949  2949 F DEBUG   :     #12 pc 000000000002a6f4  /system/lib64/libsurfaceflinger.so
08-26 04:10:01.206  2949  2949 F DEBUG   :     #13 pc 000000000002df7c  /system/lib64/libsurfaceflinger.so (_ZN7android14SurfaceFlinger3runEv+20)
08-26 04:10:01.206  2949  2949 F DEBUG   :     #14 pc 00000000000011ec  /system/bin/surfaceflinger
08-26 04:10:01.206  2949  2949 F DEBUG   :     #15 pc 000000000001bcd8  /system/lib64/libc.so (__libc_init+100)
08-26 04:10:01.206  2949  2949 F DEBUG   :     #16 pc 000000000000101c  /system/bin/surfaceflinger
08-26 04:10:01.250  5550  5550 E audio_route: Failed to open /system/etc/mixer_paths.xml
08-26 04:10:01.255  5550  5550 I AudioFlinger: loadHwModule() Loaded primary audio interface from Samsung audio HW HAL (audio) handle 1
08-26 04:10:01.255  5550  5550 I AudioFlinger: openOutput(), module 1 Device 2, SamplingRate 44100, Format 0x000001, Channels 3, flags 2
08-26 04:10:01.255  5550  5550 I AudioFlinger: AudioStreamOut::open(), mHalFormatIsLinearPcm = 1
08-26 04:10:01.255  5550  5550 I AudioFlinger: HAL output buffer size 256 frames, normal sink buffer size 960 frames
08-26 04:10:01.257  5550  5550 I BufferProvider: found effect "Multichannel Downmix To Stereo" from The Android Open Source Project
08-26 04:10:01.258  5550  5550 E MonoPipe: Failed to fetch local time frequency when constructing a MonoPipe (res = -32).  getNextWriteTimestamp calls will be non-functional
08-26 04:10:01.258  5550  5550 I AudioFlinger: Using module 1 has the primary audio interface
08-26 04:10:01.258  5550  5704 I AudioFlinger: AudioFlinger's thread 0xf4c40000 ready to run
08-26 04:10:01.258  5550  5704 V audio_hw_primary: do_out_standby: output standby: 1
08-26 04:10:01.258  5550  5704 V audio_hw_primary: out_set_parameters: key value pairs: routing=2
08-26 04:10:01.258  5550  5704 E AudioFlinger: no wake lock to update!
08-26 04:10:01.259  5550  5550 V audio_hw_primary: adev_open_input_stream: Created resampler converting 48000 -> 16000
08-26 04:10:01.259  5550  5550 V audio_hw_primary: adev_open_input_stream: Requesting input stream with rate: 16000, channels: 0xc
08-26 04:10:01.259  5550  5706 I AudioFlinger: AudioFlinger's thread 0xf4880000 ready to run
08-26 04:10:01.260  5550  5550 I r_submix: adev_open(name=audio_hw_if)
08-26 04:10:01.260  5550  5550 I r_submix: adev_init_check()
08-26 04:10:01.260  5550  5550 I AudioFlinger: loadHwModule() Loaded r_submix audio interface from Wifi Display audio HAL (audio) handle 4
08-26 04:10:01.260  5550  5550 D r_submix: adev_open_input_stream(addr=0)
08-26 04:10:01.260  5550  5550 D r_submix: submix_audio_device_create_pipe_l(addr=0, idx=9)
08-26 04:10:01.260  5550  5550 D r_submix:   now using address 0 for route 9
08-26 04:10:01.260  5550  5707 I AudioFlinger: AudioFlinger's thread 0xf4880000 ready to run
08-26 04:10:01.260  5550  5550 D r_submix: adev_close_input_stream()
08-26 04:10:01.260  5550  5550 D r_submix: submix_audio_device_release_pipe_l(idx=9) addr=0
08-26 04:10:01.260  5550  5550 D r_submix: submix_audio_device_destroy_pipe_l(): pipe destroyed
08-26 04:10:01.261  5550  5550 E SoundTriggerHwService: couldn't load sound trigger module sound_trigger.primary (No such file or directory)
08-26 04:10:01.261  5550  5550 I RadioService: RadioService
08-26 04:10:01.261  5550  5550 I RadioService: onFirstRef
08-26 04:10:01.261  5550  5550 E RadioService: couldn't load radio module radio.primary (No such file or directory)
08-26 04:10:01.341  5551  5551 E Minikin : addFont failed to create font /system/fonts/NanumGothic.ttf
08-26 04:10:01.341  5551  5551 E Minikin : addFont failed to create font /system/fonts/DroidSansFallback.ttf
08-26 04:10:01.341  5551  5551 E Minikin : addFont failed to create font /system/fonts/MTLmr3m.ttf
08-26 04:10:01.412  2949  2949 F DEBUG   : 
08-26 04:10:01.412  2949  2949 F DEBUG   : Tombstone written to: /data/tombstones/tombstone_01
08-26 04:10:01.427  5551  5551 V DngCreator_JNI: DngCreator_nativeClassInit:
08-26 04:10:01.453  2934  2934 I ServiceManager: service 'SurfaceFlinger' died
08-26 04:10:01.453  5595  5613 E SurfaceControl: invalid handle (0x0) or client (0x7faf4dc640)
08-26 04:10:01.453  2934  2934 I ServiceManager: service 'Exynos.HWCService' died
08-26 04:10:01.462  5595  5595 W SurfaceComposerClient: ComposerService remote (surfaceflinger) died [0x7faf4e3320]
08-26 04:10:01.462  5595  5595 D BootAnimation: SurfaceFlinger died, exiting...
08-26 04:10:01.470  2934  2934 I ServiceManager: service 'media.radio' died
08-26 04:10:01.471  2934  2934 I ServiceManager: service 'media.sound_trigger_hw' died
08-26 04:10:01.471  2934  2934 I ServiceManager: service 'media.audio_flinger' died
08-26 04:10:01.471  2934  2934 I ServiceManager: service 'media.player' died
08-26 04:10:01.471  2934  2934 I ServiceManager: service 'media.resource_manager' died
08-26 04:10:01.471  2934  2934 I ServiceManager: service 'media.camera' died
08-26 04:10:01.471  2934  2934 I ServiceManager: service 'media.audio_policy' died
08-26 04:10:05.507  5752  5752 I Netd    : Netd 1.0 starting
08-26 04:10:05.507  5752  5752 I QtiConnectivityAdapter: Failed to open libconnctrl, some features may not be present.
08-26 04:10:05.507  5752  5752 D TetherController: Setting IP forward enable = 0
08-26 04:10:05.509  3068  3068 W auditd  : type=1325 audit(0.0:1775): table=filter family=2 entries=38
08-26 04:10:05.509  3068  3068 W auditd  : type=1320 audit(0.0:1775): 
08-26 04:10:05.519  3068  3068 W auditd  : type=1325 audit(0.0:1776): table=filter family=10 entries=39
08-26 04:10:05.519  3068  3068 W auditd  : type=1320 audit(0.0:1776): 
08-26 04:10:05.529  3068  3068 W auditd  : type=1325 audit(0.0:1777): table=filter family=2 entries=37
08-26 04:10:05.529  3068  3068 W auditd  : type=1320 audit(0.0:1777): 
08-26 04:10:05.539  3068  3068 W auditd  : type=1325 audit(0.0:1778): table=filter family=10 entries=38
08-26 04:10:05.539  3068  3068 W auditd  : type=1320 audit(0.0:1778): 
08-26 04:10:05.554  5754  5754 I SurfaceFlinger: SurfaceFlinger is starting
08-26 04:10:05.554  5754  5754 I SurfaceFlinger: SurfaceFlinger's main thread ready to run. Initializing graphics H/W...
08-26 04:10:05.549  3068  3068 W auditd  : type=1325 audit(0.0:1779): table=filter family=2 entries=37
08-26 04:10:05.549  3068  3068 W auditd  : type=1320 audit(0.0:1779): 
08-26 04:10:05.559  3068  3068 W auditd  : type=1325 audit(0.0:1780): table=filter family=10 entries=38
08-26 04:10:05.559  3068  3068 W auditd  : type=1320 audit(0.0:1780): 
08-26 04:10:05.569  5754  5754 D libEGL  : loaded /vendor/lib64/egl/libGLES_mali.so
08-26 04:10:05.569  3068  3068 W auditd  : type=1325 audit(0.0:1781): table=filter family=2 entries=35
08-26 04:10:05.569  3068  3068 W auditd  : type=1320 audit(0.0:1781): 
08-26 04:10:05.587  5754  5754 I gralloc : using (id=)
08-26 04:10:05.587  5754  5754 I gralloc : xres         = 1440 px
08-26 04:10:05.587  5754  5754 I gralloc : yres         = 2560 px
08-26 04:10:05.587  5754  5754 I gralloc : width        = 68 mm (537.882324 dpi)
08-26 04:10:05.587  5754  5754 I gralloc : height       = 122 mm (532.983582 dpi)
08-26 04:10:05.587  5754  5754 I gralloc : refresh rate = 59.42 Hz
08-26 04:10:05.579  3068  3068 W auditd  : type=1325 audit(0.0:1782): table=filter family=10 entries=36
08-26 04:10:05.579  3068  3068 W auditd  : type=1320 audit(0.0:1782): 
08-26 04:10:05.593  5754  5754 D hwcomposer: using
08-26 04:10:05.593  5754  5754 D hwcomposer: xres         = 1440 px
08-26 04:10:05.593  5754  5754 D hwcomposer: yres         = 2560 px
08-26 04:10:05.593  5754  5754 D hwcomposer: width        = 68 mm (537.882000 dpi)
08-26 04:10:05.593  5754  5754 D hwcomposer: height       = 122 mm (532.983000 dpi)
08-26 04:10:05.593  5754  5754 D hwcomposer: refresh rate = 59 Hz
08-26 04:10:05.593  5754  5754 I DisplayResourceManagerModule: internalMPP type(10), index(1)
08-26 04:10:05.593  5754  5754 I DisplayResourceManagerModule: internalMPP type(10), index(2)
08-26 04:10:05.593  5754  5754 I DisplayResourceManagerModule: internalMPP type(10), index(3)
08-26 04:10:05.593  5754  5754 I DisplayResourceManagerModule: internalMPP type(0), index(0)
08-26 04:10:05.594  5754  5754 I DisplayResourceManagerModule: internalMPP type(0), index(1)
08-26 04:10:05.594  5754  5754 I DisplayResourceManagerModule: internalMPP type(2), index(0)
08-26 04:10:05.594  5754  5754 I DisplayResourceManagerModule: internalMPP type(2), index(1)
08-26 04:10:05.594  5754  5754 I DisplayResourceManagerModule: externalMPP type(4), index(0)
08-26 04:10:05.594  5754  5754 I hwcutils: Open /dev/s5p-smem
08-26 04:10:05.594  5754  5754 I DisplayResourceManagerModule: externalMPP type(4), index(0)
08-26 04:10:05.594  5754  5754 I hwcutils: Open /dev/s5p-smem
08-26 04:10:05.594  5754  5754 I DisplayResourceManagerModule: externalMPP type(4), index(0)
08-26 04:10:05.589  3068  3068 W auditd  : type=1325 audit(0.0:1783): table=filter family=2 entries=37
08-26 04:10:05.589  3068  3068 W auditd  : type=1320 audit(0.0:1783): 
08-26 04:10:05.595  5754  5754 I hwcutils: Open /dev/s5p-smem
08-26 04:10:05.595  5754  5754 I DisplayResourceManagerModule: externalMPP type(4), index(0)
08-26 04:10:05.595  5754  5754 I hwcutils: Open /dev/s5p-smem
08-26 04:10:05.595  5754  5754 I DisplayResourceManagerModule: externalMPP type(4), index(0)
08-26 04:10:05.595  5754  5754 I hwcutils: Open /dev/s5p-smem
08-26 04:10:05.595  5754  5754 I hwcomposer: PSR info devname = /sys/devices/13960000.decon_f/psr_info
08-26 04:10:05.595  5754  5754 I hwcomposer: PSR mode   = 2 (0: video mode, 1: DP PSR mode, 2: MIPI-DSI command mode)
08-26 04:10:05.595  5754  5754 I hwcomposer: Panel type = 1 (0: Legacy, 1: DSC)
08-26 04:10:05.596  5754  5754 I SurfaceFlinger: Using composer version 1.5
08-26 04:10:05.596  5754  5754 E display : [PrimaryDisplay] unknown display attribute 6
08-26 04:10:05.596  5754  5754 I SurfaceFlinger: EGL information:
08-26 04:10:05.596  5754  5754 I SurfaceFlinger: vendor    : Android
08-26 04:10:05.596  5754  5754 I SurfaceFlinger: version   : 1.4 Android META-EGL
08-26 04:10:05.596  5754  5754 I SurfaceFlinger: extensions: EGL_KHR_get_all_proc_addresses EGL_ANDROID_presentation_time EGL_KHR_swap_buffers_with_damage EGL_KHR_image EGL_KHR_image_base EGL_KHR_gl_texture_2D_image EGL_KHR_gl_texture_cubemap_image EGL_KHR_gl_renderbuffer_image EGL_KHR_fence_sync EGL_KHR_create_context EGL_KHR_config_attribs EGL_KHR_surfaceless_context EGL_EXT_create_context_robustness EGL_ANDROID_image_native_buffer EGL_KHR_wait_sync EGL_ANDROID_recordable EGL_KHR_partial_update 
08-26 04:10:05.596  5754  5754 I SurfaceFlinger: Client API: OpenGL_ES
08-26 04:10:05.596  5754  5754 I SurfaceFlinger: EGLSurface: 8-8-8-8, config=0x7f9a6bb138
08-26 04:10:05.600  5754  5754 I SurfaceFlinger: OpenGL ES informations:
08-26 04:10:05.600  5754  5754 I SurfaceFlinger: vendor    : ARM
08-26 04:10:05.600  5754  5754 I SurfaceFlinger: renderer  : Mali-T880
08-26 04:10:05.600  5754  5754 I SurfaceFlinger: version   : OpenGL ES 3.2 v1.r12p1-00dev0.60546d7cd0bfd82d0ba92ca3bb825c75
08-26 04:10:05.600  5754  5754 I SurfaceFlinger: extensions: GL_EXT_debug_marker GL_ARM_rgba8 GL_ARM_mali_shader_binary GL_OES_depth24 GL_OES_depth_texture GL_OES_depth_texture_cube_map GL_OES_packed_depth_stencil GL_OES_rgb8_rgba8 GL_EXT_read_format_bgra GL_OES_compressed_paletted_texture GL_OES_compressed_ETC1_RGB8_texture GL_OES_standard_derivatives GL_OES_EGL_image GL_OES_EGL_image_external GL_OES_EGL_image_external_essl3 GL_OES_EGL_sync GL_OES_texture_npot GL_OES_vertex_half_float GL_OES_required_internalformat GL_OES_vertex_array_object GL_OES_mapbuffer GL_EXT_texture_format_BGRA8888 GL_EXT_texture_rg GL_EXT_texture_type_2_10_10_10_REV GL_OES_fbo_render_mipmap GL_OES_element_index_uint GL_EXT_shadow_samplers GL_OES_texture_compression_astc GL_KHR_texture_compression_astc_ldr GL_KHR_texture_compression_astc_hdr GL_KHR_texture_compression_astc_sliced_3d GL_KHR_debug GL_EXT_occlusion_query_boolean GL_EXT_disjoint_timer_query GL_EXT_blend_minmax GL_EXT_discard_framebuffer GL_OES_get_program_binary GL_OES_texture_3D GL_EXT_texture_storage GL_EXT_multisamp
08-26 04:10:05.600  5754  5754 I SurfaceFlinger: GL_MAX_TEXTURE_SIZE = 16384
08-26 04:10:05.600  5754  5754 I SurfaceFlinger: GL_MAX_VIEWPORT_DIMS = 16384
08-26 04:10:05.589  3068  3068 W auditd  : type=1325 audit(0.0:1784): table=filter family=10 entries=38
08-26 04:10:05.589  3068  3068 W auditd  : type=1320 audit(0.0:1784): 
08-26 04:10:05.602  5754  5754 D mali_winsys: EGLint new_window_surface(egl_winsys_display*, void*, EGLSurface, EGLConfig, egl_winsys_surface**, egl_color_buffer_format*, EGLBoolean) returns 0x3000,  [1440x2560]-format:1
08-26 04:10:05.603  5754  5754 E ion     : ioctl c0084904 failed with code -1: Invalid argument
08-26 04:10:05.603  5754  5754 E gralloc : invalid yuv format 1
08-26 04:10:05.603  5754  5754 W GraphicBufferAllocator: alloc(1440, 2560, 1, 00001a00, ...) failed -22 (Invalid argument)
08-26 04:10:05.603  5754  5754 E         : GraphicBufferAlloc::createGraphicBuffer(w=1440, h=2560) failed (Invalid argument), handle=0x0
08-26 04:10:05.603  5754  5754 E BufferQueueProducer: [FramebufferSurface] allocateBuffers: failed to allocate buffer (0 x 0, format 1, usage 512)
08-26 04:10:05.604  5754  5754 D SurfaceFlinger: Set power mode=2, type=0 flinger=0x7f9a683c00
08-26 04:10:05.604  5754  5754 I hwcomposer: int exynos_setPowerMode(hwc_composer_device_1*, int, int):: disp(0), mode(2)
08-26 04:10:05.689  5755  5755 V MediaUtils: physMem: 3759357952
08-26 04:10:05.689  5755  5755 V MediaUtils: requested limit: 2443582635
08-26 04:10:05.689  5755  5755 V MediaUtils: actual limit: 2443582635
08-26 04:10:05.689  5755  5755 V MediaUtils: original limits: 4294967295/4294967295
08-26 04:10:05.689  5755  5755 V MediaUtils: new limits: 2443582635/4294967295
08-26 04:10:05.689  5755  5755 I mediaserver: ServiceManager: 0xf67ce120
08-26 04:10:05.689  5755  5755 I AudioFlinger: Using default 3000 mSec as standby time.
08-26 04:10:05.689  5755  5755 E BatteryNotifier: batterystats service unavailable!
08-26 04:10:05.690  5755  5755 E BatteryNotifier: batterystats service unavailable!
08-26 04:10:05.690  5755  5755 I CameraService: CameraService started (pid=5755)
08-26 04:10:05.690  5755  5755 I CameraService: CameraService process starting
08-26 04:10:05.690  5755  5755 E BatteryNotifier: batterystats service unavailable!
08-26 04:10:05.690  5755  5755 E BatteryNotifier: batterystats service unavailable!
08-26 04:10:05.690  5755  5755 E CameraService: Could not load camera HAL module: -2 (No such file or directory)
08-26 04:10:05.690  5755  5755 I AudioPolicyService: AudioPolicyService CSTOR in new mode
08-26 04:10:05.691  5755  5755 I APM::ConfigParsingUtils: loadAudioPolicyConfig() loaded /system/etc/audio_policy.conf
08-26 04:10:05.757  5756  5756 D AndroidRuntime: >>>>>> START com.android.internal.os.ZygoteInit uid 0 <<<<<<
08-26 04:10:05.759  5756  5756 D AndroidRuntime: CheckJNI is ON
08-26 04:10:05.759  5756  5756 I art     : option[0]=-Xzygote
08-26 04:10:05.759  5756  5756 I art     : option[1]=-Xcheck:jni
08-26 04:10:05.759  5756  5756 I art     : option[2]=-Xstacktracefile:/data/anr/traces.txt
08-26 04:10:05.759  5756  5756 I art     : option[3]=exit
08-26 04:10:05.759  5756  5756 I art     : option[4]=vfprintf
08-26 04:10:05.759  5756  5756 I art     : option[5]=sensitiveThread
08-26 04:10:05.759  5756  5756 I art     : option[6]=-verbose:gc
08-26 04:10:05.759  5756  5756 I art     : option[7]=-Xms8m
08-26 04:10:05.759  5756  5756 I art     : option[8]=-Xmx768m
08-26 04:10:05.759  5756  5756 I art     : option[9]=-XX:HeapGrowthLimit=288m
08-26 04:10:05.759  5756  5756 I art     : option[10]=-XX:HeapMinFree=2m
08-26 04:10:05.759  5756  5756 I art     : option[11]=-XX:HeapMaxFree=8m
08-26 04:10:05.760  5756  5756 I art     : option[12]=-XX:HeapTargetUtilization=0.75
08-26 04:10:05.760  5756  5756 I art     : option[13]=-Xusejit:true
08-26 04:10:05.760  5756  5756 I art     : option[14]=-agentlib:jdwp=transport=dt_android_adb,suspend=n,server=y
08-26 04:10:05.760  5756  5756 I art     : option[15]=-Xlockprofthreshold:500
08-26 04:10:05.760  5756  5756 I art     : option[16]=-Ximage-compiler-option
08-26 04:10:05.760  5756  5756 I art     : option[17]=--runtime-arg
08-26 04:10:05.760  5756  5756 I art     : option[18]=-Ximage-compiler-option
08-26 04:10:05.760  5756  5756 I art     : option[19]=-Xms64m
08-26 04:10:05.760  5756  5756 I art     : option[20]=-Ximage-compiler-option
08-26 04:10:05.760  5756  5756 I art     : option[21]=--runtime-arg
08-26 04:10:05.760  5756  5756 I art     : option[22]=-Ximage-compiler-option
08-26 04:10:05.760  5756  5756 I art     : option[23]=-Xmx64m
08-26 04:10:05.760  5756  5756 I art     : option[24]=-Ximage-compiler-option
08-26 04:10:05.760  5756  5756 I art     : option[25]=--compiler-filter=verify-at-runtime
08-26 04:10:05.760  5756  5756 I art     : option[26]=-Ximage-compiler-option
08-26 04:10:05.760  5756  5756 I art     : option[27]=--image-classes=/system/etc/preloaded-classes
08-26 04:10:05.760  5756  5756 I art     : option[28]=-Xcompiler-option
08-26 04:10:05.760  5756  5756 I art     : option[29]=--runtime-arg
08-26 04:10:05.760  5756  5756 I art     : option[30]=-Xcompiler-option
08-26 04:10:05.760  5756  5756 I art     : option[31]=-Xms64m
08-26 04:10:05.760  5756  5756 I art     : option[32]=-Xcompiler-option
08-26 04:10:05.760  5756  5756 I art     : option[33]=--runtime-arg
08-26 04:10:05.760  5756  5756 I art     : option[34]=-Xcompiler-option
08-26 04:10:05.760  5756  5756 I art     : option[35]=-Xmx512m
08-26 04:10:05.760  5756  5756 I art     : option[36]=-Xcompiler-option
08-26 04:10:05.760  5756  5756 I art     : option[37]=--compiler-filter=verify-at-runtime
08-26 04:10:05.760  5756  5756 I art     : option[38]=-Ximage-compiler-option
08-26 04:10:05.760  5756  5756 I art     : option[39]=--instruction-set-variant=generic
08-26 04:10:05.760  5756  5756 I art     : option[40]=-Xcompiler-option
08-26 04:10:05.760  5756  5756 I art     : option[41]=--instruction-set-variant=generic
08-26 04:10:05.760  5756  5756 I art     : option[42]=-Ximage-compiler-option
08-26 04:10:05.760  5756  5756 I art     : option[43]=--instruction-set-features=default
08-26 04:10:05.760  5756  5756 I art     : option[44]=-Xcompiler-option
08-26 04:10:05.760  5756  5756 I art     : option[45]=--instruction-set-features=default
08-26 04:10:05.760  5756  5756 I art     : option[46]=-Duser.locale=en-US
08-26 04:10:05.760  5756  5756 I art     : option[47]=--cpu-abilist=arm64-v8a,armeabi
08-26 04:10:05.760  5756  5756 I art     : option[48]=-Xfingerprint:samsung/cm_hero2ltexx/hero2ltexx:6.0.1/MOB30Z/ca86ffce5d:eng/test-keys
08-26 04:10:05.762  5756  5756 W art     : Incomplete boot detected. Pruning dalvik cache
08-26 04:10:05.826  5756  5756 W art     : Invalid image header in '/data/dalvik-cache/arm64/system@framework@boot.art'
08-26 04:10:05.826  5756  5756 I art     : Pruning dalvik-cache since we are generating an image and will need to recompile
08-26 04:10:05.827  5756  5756 I art     : Using an offset of 0xffd94000 from default art base address of 0x70000000
08-26 04:10:05.827  5756  5756 I art     : GenerateImage: /system/bin/dex2oat --image=/data/dalvik-cache/arm64/system@framework@boot.art --dex-file=/system/framework/core-libart.jar --dex-file=/system/framework/conscrypt.jar --dex-file=/system/framework/okhttp.jar --dex-file=/system/framework/core-junit.jar --dex-file=/system/framework/bouncycastle.jar --dex-file=/system/framework/ext.jar --dex-file=/system/framework/framework.jar --dex-file=/system/framework/telephony-common.jar --dex-file=/system/framework/voip-common.jar --dex-file=/system/framework/ims-common.jar --dex-file=/system/framework/apache-xml.jar --dex-file=/system/framework/org.apache.http.legacy.boot.jar --oat-file=/data/dalvik-cache/arm64/system@framework@boot.oat --instruction-set=arm64 --instruction-set-features=smp,a53 --base=0x6fd94000 --runtime-arg -Xms64m --runtime-arg -Xmx64m --compiler-filter=verify-at-runtime --image-classes=/system/etc/preloaded-classes --instruction-set-variant=generic --instruction-set-features=default
08-26 04:10:05.844  5861  5861 I dex2oat : /system/bin/dex2oat --image=/data/dalvik-cache/arm64/system@framework@boot.art --dex-file=/system/framework/core-libart.jar --dex-file=/system/framework/conscrypt.jar --dex-file=/system/framework/okhttp.jar --dex-file=/system/framework/core-junit.jar --dex-file=/system/framework/bouncycastle.jar --dex-file=/system/framework/ext.jar --dex-file=/system/framework/framework.jar --dex-file=/system/framework/telephony-common.jar --dex-file=/system/framework/voip-common.jar --dex-file=/system/framework/ims-common.jar --dex-file=/system/framework/apache-xml.jar --dex-file=/system/framework/org.apache.http.legacy.boot.jar --oat-file=/data/dalvik-cache/arm64/system@framework@boot.oat --instruction-set=arm64 --instruction-set-features=smp,a53 --base=0x6fd94000 --runtime-arg -Xms64m --runtime-arg -Xmx64m --compiler-filter=verify-at-runtime --image-classes=/system/etc/preloaded-classes --instruction-set-variant=generic --instruction-set-features=default
08-26 04:10:05.845  5861  5861 I dex2oat : setting boot class path to /system/framework/core-libart.jar:/system/framework/conscrypt.jar:/system/framework/okhttp.jar:/system/framework/core-junit.jar:/system/framework/bouncycastle.jar:/system/framework/ext.jar:/system/framework/framework.jar:/system/framework/telephony-common.jar:/system/framework/voip-common.jar:/system/framework/ims-common.jar:/system/framework/apache-xml.jar:/system/framework/org.apache.http.legacy.boot.jar
08-26 04:10:06.018  5754  5754 D SurfaceFlinger: SF. shader cache generated - 26 shaders in 367.982330 ms
08-26 04:10:06.019  5754  5754 E gralloc : invalid yuv format 1
08-26 04:10:06.019  5754  5754 W GraphicBufferAllocator: alloc(1440, 2560, 1, 00001a00, ...) failed -22 (Invalid argument)
08-26 04:10:06.019  5754  5754 E         : GraphicBufferAlloc::createGraphicBuffer(w=1440, h=2560) failed (Invalid argument), handle=0x0
08-26 04:10:06.019  5754  5754 E BufferQueueProducer: [FramebufferSurface] dequeueBuffer: createGraphicBuffer failed
08-26 04:10:06.019  5754  5754 D         : NULL == surf->write_back_color_buffer
08-26 04:10:06.019  5754  5754 W         : GLES-MALI OOM error: failed to allocate CPU memory (gles_fb_first_drawcall_cb at hardware/samsung_slsi/MaliT880_r12p0_JF/product/gles/src/fb/mali_gles_fb_module_api.c:1281)
08-26 04:10:06.019  5754  5754 E BufferQueueProducer: [FramebufferSurface] dequeueBuffer: can't dequeue multiple buffers without setting the buffer count
08-26 04:10:06.019  5754  5754 D         : NULL == surf->write_back_color_buffer
08-26 04:10:06.019  5754  5754 F SurfaceFlinger: eglSwapBuffers(0x1, 0x7f9a1e3700) failed with 0x0000300d
08-26 04:10:06.019  5754  5754 F libc    : Fatal signal 6 (SIGABRT), code -6 in tid 5754 (surfaceflinger)
08-26 04:10:06.019  2949  2949 I DEBUG   : property debug.db.uid not set; NOT waiting for gdb.
08-26 04:10:06.019  2949  2949 I DEBUG   : HINT: adb shell setprop debug.db.uid 100000
08-26 04:10:06.019  2949  2949 I DEBUG   : HINT: adb forward tcp:5039 tcp:5039
08-26 04:10:06.070  2949  2949 F DEBUG   : *** *** *** *** *** *** *** *** *** *** *** *** *** *** *** ***
08-26 04:10:06.070  2949  2949 F DEBUG   : CM Version: '13.0-20160826-UNOFFICIAL-hero2ltexx'
08-26 04:10:06.070  2949  2949 F DEBUG   : Build fingerprint: 'samsung/cm_hero2ltexx/hero2ltexx:6.0.1/MOB30Z/ca86ffce5d:eng/test-keys'
08-26 04:10:06.070  2949  2949 F DEBUG   : Revision: '0'
08-26 04:10:06.070  2949  2949 F DEBUG   : ABI: 'arm64'
08-26 04:10:06.070  2949  2949 F DEBUG   : pid: 5754, tid: 5754, name: surfaceflinger  >>> /system/bin/surfaceflinger <<<
08-26 04:10:06.070  2949  2949 F DEBUG   : signal 6 (SIGABRT), code -6 (SI_TKILL), fault addr --------
08-26 04:10:06.076  2949  2949 F DEBUG   : Abort message: 'eglSwapBuffers(0x1, 0x7f9a1e3700) failed with 0x0000300d'
08-26 04:10:06.076  2949  2949 F DEBUG   :     x0   0000000000000000  x1   000000000000167a  x2   0000000000000006  x3   0000000000000000
08-26 04:10:06.076  2949  2949 F DEBUG   :     x4   0000000000000000  x5   0000000000000001  x6   0000000000000000  x7   0000000000000000
08-26 04:10:06.076  2949  2949 F DEBUG   :     x8   0000000000000083  x9   0000000000000049  x10  0000007ff9f1f70c  x11  0000007ff9f1f748
08-26 04:10:06.076  2949  2949 F DEBUG   :     x12  0000007ff9f1f620  x13  0000000000000039  x14  0000007ff9f1f7f8  x15  0000000000000000
08-26 04:10:06.076  2949  2949 F DEBUG   :     x16  0000007f9add6560  x17  0000007f9ad67d6c  x18  0000007f9af8c3a4  x19  0000007f9b0810d8
08-26 04:10:06.076  2949  2949 F DEBUG   :     x20  0000007f9b081018  x21  0000000000000009  x22  0000000000000006  x23  0000000000000001
08-26 04:10:06.076  2949  2949 F DEBUG   :     x24  0000000000000000  x25  0000000000000018  x26  0000007f9a68f4a8  x27  0000007f9b007000
08-26 04:10:06.076  2949  2949 F DEBUG   :     x28  0000000000000001  x29  0000007ff9f1f6b0  x30  0000007f9ad65508
08-26 04:10:06.076  2949  2949 F DEBUG   :     sp   0000007ff9f1f6b0  pc   0000007f9ad67d74  pstate 0000000020000000
08-26 04:10:06.080  2949  2949 F DEBUG   : 
08-26 04:10:06.080  2949  2949 F DEBUG   : backtrace:
08-26 04:10:06.080  2949  2949 F DEBUG   :     #00 pc 0000000000069d74  /system/lib64/libc.so (tgkill+8)
08-26 04:10:06.080  2949  2949 F DEBUG   :     #01 pc 0000000000067504  /system/lib64/libc.so (pthread_kill+68)
08-26 04:10:06.080  2949  2949 F DEBUG   :     #02 pc 0000000000023448  /system/lib64/libc.so (raise+28)
08-26 04:10:06.080  2949  2949 F DEBUG   :     #03 pc 000000000001dbe8  /system/lib64/libc.so (abort+60)
08-26 04:10:06.080  2949  2949 F DEBUG   :     #04 pc 000000000000de78  /system/lib64/libcutils.so (__android_log_assert+236)
08-26 04:10:06.080  2949  2949 F DEBUG   :     #05 pc 000000000001e400  /system/lib64/libsurfaceflinger.so
08-26 04:10:06.080  2949  2949 F DEBUG   :     #06 pc 0000000000030cac  /system/lib64/libsurfaceflinger.so
08-26 04:10:06.080  2949  2949 F DEBUG   :     #07 pc 000000000002f804  /system/lib64/libsurfaceflinger.so
08-26 04:10:06.080  2949  2949 F DEBUG   :     #08 pc 000000000002e720  /system/lib64/libsurfaceflinger.so
08-26 04:10:06.080  2949  2949 F DEBUG   :     #09 pc 000000000002e488  /system/lib64/libsurfaceflinger.so
08-26 04:10:06.080  2949  2949 F DEBUG   :     #10 pc 000000000001aed4  /system/lib64/libutils.so (_ZN7android6Looper9pollInnerEi+312)
08-26 04:10:06.080  2949  2949 F DEBUG   :     #11 pc 000000000001b20c  /system/lib64/libutils.so (_ZN7android6Looper8pollOnceEiPiS1_PPv+80)
08-26 04:10:06.080  2949  2949 F DEBUG   :     #12 pc 000000000002a6f4  /system/lib64/libsurfaceflinger.so
08-26 04:10:06.080  2949  2949 F DEBUG   :     #13 pc 000000000002df7c  /system/lib64/libsurfaceflinger.so (_ZN7android14SurfaceFlinger3runEv+20)
08-26 04:10:06.080  2949  2949 F DEBUG   :     #14 pc 00000000000011ec  /system/bin/surfaceflinger
08-26 04:10:06.080  2949  2949 F DEBUG   :     #15 pc 000000000001bcd8  /system/lib64/libc.so (__libc_init+100)
08-26 04:10:06.080  2949  2949 F DEBUG   :     #16 pc 000000000000101c  /system/bin/surfaceflinger
08-26 04:10:06.232  5755  5755 E audio_route: Failed to open /system/etc/mixer_paths.xml
08-26 04:10:06.237  5755  5755 I AudioFlinger: loadHwModule() Loaded primary audio interface from Samsung audio HW HAL (audio) handle 1
08-26 04:10:06.237  5755  5755 I AudioFlinger: openOutput(), module 1 Device 2, SamplingRate 44100, Format 0x000001, Channels 3, flags 2
08-26 04:10:06.238  5755  5755 I AudioFlinger: AudioStreamOut::open(), mHalFormatIsLinearPcm = 1
08-26 04:10:06.238  5755  5755 I AudioFlinger: HAL output buffer size 256 frames, normal sink buffer size 960 frames
08-26 04:10:06.239  5755  5755 I BufferProvider: found effect "Multichannel Downmix To Stereo" from The Android Open Source Project
08-26 04:10:06.240  5755  5755 E MonoPipe: Failed to fetch local time frequency when constructing a MonoPipe (res = -32).  getNextWriteTimestamp calls will be non-functional
08-26 04:10:06.240  5755  5755 I AudioFlinger: Using module 1 has the primary audio interface
08-26 04:10:06.240  5755  5950 I AudioFlinger: AudioFlinger's thread 0xf4c40000 ready to run
08-26 04:10:06.240  5755  5950 V audio_hw_primary: do_out_standby: output standby: 1
08-26 04:10:06.240  5755  5950 V audio_hw_primary: out_set_parameters: key value pairs: routing=2
08-26 04:10:06.240  5755  5950 E AudioFlinger: no wake lock to update!
08-26 04:10:06.241  5755  5755 V audio_hw_primary: adev_open_input_stream: Created resampler converting 48000 -> 16000
08-26 04:10:06.241  5755  5755 V audio_hw_primary: adev_open_input_stream: Requesting input stream with rate: 16000, channels: 0xc
08-26 04:10:06.241  5755  5951 I AudioFlinger: AudioFlinger's thread 0xf4880000 ready to run
08-26 04:10:06.242  5755  5755 I r_submix: adev_open(name=audio_hw_if)
08-26 04:10:06.242  5755  5755 I r_submix: adev_init_check()
08-26 04:10:06.242  5755  5755 I AudioFlinger: loadHwModule() Loaded r_submix audio interface from Wifi Display audio HAL (audio) handle 4
08-26 04:10:06.242  5755  5755 D r_submix: adev_open_input_stream(addr=0)
08-26 04:10:06.242  5755  5755 D r_submix: submix_audio_device_create_pipe_l(addr=0, idx=9)
08-26 04:10:06.242  5755  5755 D r_submix:   now using address 0 for route 9
08-26 04:10:06.242  5755  5952 I AudioFlinger: AudioFlinger's thread 0xf4880000 ready to run
08-26 04:10:06.242  5755  5755 D r_submix: adev_close_input_stream()
08-26 04:10:06.242  5755  5755 D r_submix: submix_audio_device_release_pipe_l(idx=9) addr=0
08-26 04:10:06.242  5755  5755 D r_submix: submix_audio_device_destroy_pipe_l(): pipe destroyed
08-26 04:10:06.243  5755  5755 E SoundTriggerHwService: couldn't load sound trigger module sound_trigger.primary (No such file or directory)
08-26 04:10:06.243  5755  5755 I RadioService: RadioService
08-26 04:10:06.243  5755  5755 I RadioService: onFirstRef
08-26 04:10:06.243  5755  5755 E RadioService: couldn't load radio module radio.primary (No such file or directory)
08-26 04:10:06.290  2949  2949 F DEBUG   : 
08-26 04:10:06.290  2949  2949 F DEBUG   : Tombstone written to: /data/tombstones/tombstone_02
08-26 04:10:06.333  2934  2934 I ServiceManager: service 'SurfaceFlinger' died
08-26 04:10:06.333  5804  5836 E SurfaceControl: invalid handle (0x0) or client (0x7fa64dc640)
08-26 04:10:06.334  5804  5834 W SurfaceComposerClient: ComposerService remote (surfaceflinger) died [0x7fa64e3320]
08-26 04:10:06.334  2934  2934 I ServiceManager: service 'Exynos.HWCService' died
08-26 04:10:06.334  5804  5834 D BootAnimation: SurfaceFlinger died, exiting...
08-26 04:10:06.346  2934  2934 I ServiceManager: service 'media.radio' died
08-26 04:10:06.346  2934  2934 I ServiceManager: service 'media.sound_trigger_hw' died
08-26 04:10:06.346  2934  2934 I ServiceManager: service 'media.audio_flinger' died
08-26 04:10:06.346  2934  2934 I ServiceManager: service 'media.player' died
08-26 04:10:06.346  2934  2934 I ServiceManager: service 'media.resource_manager' died
08-26 04:10:06.347  2934  2934 I ServiceManager: service 'media.camera' died
08-26 04:10:06.347  2934  2934 I ServiceManager: service 'media.audio_policy' died
08-26 04:10:07.350  5861  5981 W dex2oat : Skipping class com.quicinc.tcmiface.DpmTcmIface from /system/framework/org.apache.http.legacy.boot.jar previously found in /system/framework/okhttp.jar
08-26 04:10:07.648  5861  5861 I dex2oat : Explicit concurrent mark sweep GC freed 58574(21MB) AllocSpace objects, 0(0B) LOS objects, 34% free, 7MB/11MB, paused 76us total 9.207ms
08-26 04:10:08.294  5861  5861 I dex2oat : dex2oat took 2.450s (threads: 8) arena alloc=144B java alloc=7MB native alloc=10MB free=10MB
08-26 04:10:10.348  5984  5984 I Netd    : Netd 1.0 starting
08-26 04:10:10.348  5984  5984 I QtiConnectivityAdapter: Failed to open libconnctrl, some features may not be present.
08-26 04:10:10.348  5984  5984 D TetherController: Setting IP forward enable = 0
08-26 04:10:10.349  3068  3068 W auditd  : type=1325 audit(0.0:1935): table=filter family=2 entries=38
08-26 04:10:10.349  3068  3068 W auditd  : type=1320 audit(0.0:1935): 
08-26 04:10:10.359  3068  3068 W auditd  : type=1325 audit(0.0:1936): table=filter family=10 entries=36
08-26 04:10:10.359  3068  3068 W auditd  : type=1320 audit(0.0:1936): 
08-26 04:10:10.369  3068  3068 W auditd  : type=1325 audit(0.0:1937): table=filter family=2 entries=37
08-26 04:10:10.369  3068  3068 W auditd  : type=1320 audit(0.0:1937): 
08-26 04:10:10.379  3068  3068 W auditd  : type=1325 audit(0.0:1938): table=filter family=10 entries=35
08-26 04:10:10.379  3068  3068 W auditd  : type=1320 audit(0.0:1938): 
08-26 04:10:10.394  5986  5986 I SurfaceFlinger: SurfaceFlinger is starting
08-26 04:10:10.395  5986  5986 I SurfaceFlinger: SurfaceFlinger's main thread ready to run. Initializing graphics H/W...
08-26 04:10:10.389  3068  3068 W auditd  : type=1325 audit(0.0:1939): table=filter family=2 entries=37
08-26 04:10:10.389  3068  3068 W auditd  : type=1320 audit(0.0:1939): 
08-26 04:10:10.410  5986  5986 D libEGL  : loaded /vendor/lib64/egl/libGLES_mali.so
08-26 04:10:10.409  3068  3068 W auditd  : type=1325 audit(0.0:1940): table=filter family=10 entries=35
08-26 04:10:10.409  3068  3068 W auditd  : type=1320 audit(0.0:1940): 
08-26 04:10:10.428  5986  5986 I gralloc : using (id=)
08-26 04:10:10.428  5986  5986 I gralloc : xres         = 1440 px
08-26 04:10:10.428  5986  5986 I gralloc : yres         = 2560 px
08-26 04:10:10.428  5986  5986 I gralloc : width        = 68 mm (537.882324 dpi)
08-26 04:10:10.428  5986  5986 I gralloc : height       = 122 mm (532.983582 dpi)
08-26 04:10:10.428  5986  5986 I gralloc : refresh rate = 59.42 Hz
08-26 04:10:10.419  3068  3068 W auditd  : type=1325 audit(0.0:1941): table=filter family=2 entries=35
08-26 04:10:10.419  3068  3068 W auditd  : type=1320 audit(0.0:1941): 
08-26 04:10:10.434  5986  5986 D hwcomposer: using
08-26 04:10:10.434  5986  5986 D hwcomposer: xres         = 1440 px
08-26 04:10:10.434  5986  5986 D hwcomposer: yres         = 2560 px
08-26 04:10:10.434  5986  5986 D hwcomposer: width        = 68 mm (537.882000 dpi)
08-26 04:10:10.434  5986  5986 D hwcomposer: height       = 122 mm (532.983000 dpi)
08-26 04:10:10.434  5986  5986 D hwcomposer: refresh rate = 59 Hz
08-26 04:10:10.434  5986  5986 I DisplayResourceManagerModule: internalMPP type(10), index(1)
08-26 04:10:10.434  5986  5986 I DisplayResourceManagerModule: internalMPP type(10), index(2)
08-26 04:10:10.434  5986  5986 I DisplayResourceManagerModule: internalMPP type(10), index(3)
08-26 04:10:10.434  5986  5986 I DisplayResourceManagerModule: internalMPP type(0), index(0)
08-26 04:10:10.434  5986  5986 I DisplayResourceManagerModule: internalMPP type(0), index(1)
08-26 04:10:10.434  5986  5986 I DisplayResourceManagerModule: internalMPP type(2), index(0)
08-26 04:10:10.434  5986  5986 I DisplayResourceManagerModule: internalMPP type(2), index(1)
08-26 04:10:10.434  5986  5986 I DisplayResourceManagerModule: externalMPP type(4), index(0)
08-26 04:10:10.434  5986  5986 I hwcutils: Open /dev/s5p-smem
08-26 04:10:10.434  5986  5986 I DisplayResourceManagerModule: externalMPP type(4), index(0)
08-26 04:10:10.435  5986  5986 I hwcutils: Open /dev/s5p-smem
08-26 04:10:10.435  5986  5986 I DisplayResourceManagerModule: externalMPP type(4), index(0)
08-26 04:10:10.435  5986  5986 I hwcutils: Open /dev/s5p-smem
08-26 04:10:10.435  5986  5986 I DisplayResourceManagerModule: externalMPP type(4), index(0)
08-26 04:10:10.435  5986  5986 I hwcutils: Open /dev/s5p-smem
08-26 04:10:10.435  5986  5986 I DisplayResourceManagerModule: externalMPP type(4), index(0)
08-26 04:10:10.435  5986  5986 I hwcutils: Open /dev/s5p-smem
08-26 04:10:10.435  5986  5986 I hwcomposer: PSR info devname = /sys/devices/13960000.decon_f/psr_info
08-26 04:10:10.435  5986  5986 I hwcomposer: PSR mode   = 2 (0: video mode, 1: DP PSR mode, 2: MIPI-DSI command mode)
08-26 04:10:10.435  5986  5986 I hwcomposer: Panel type = 1 (0: Legacy, 1: DSC)
08-26 04:10:10.436  5986  5986 I SurfaceFlinger: Using composer version 1.5
08-26 04:10:10.436  5986  5986 E display : [PrimaryDisplay] unknown display attribute 6
08-26 04:10:10.436  5986  5986 I SurfaceFlinger: EGL information:
08-26 04:10:10.436  5986  5986 I SurfaceFlinger: vendor    : Android
08-26 04:10:10.436  5986  5986 I SurfaceFlinger: version   : 1.4 Android META-EGL
08-26 04:10:10.436  5986  5986 I SurfaceFlinger: extensions: EGL_KHR_get_all_proc_addresses EGL_ANDROID_presentation_time EGL_KHR_swap_buffers_with_damage EGL_KHR_image EGL_KHR_image_base EGL_KHR_gl_texture_2D_image EGL_KHR_gl_texture_cubemap_image EGL_KHR_gl_renderbuffer_image EGL_KHR_fence_sync EGL_KHR_create_context EGL_KHR_config_attribs EGL_KHR_surfaceless_context EGL_EXT_create_context_robustness EGL_ANDROID_image_native_buffer EGL_KHR_wait_sync EGL_ANDROID_recordable EGL_KHR_partial_update 
08-26 04:10:10.436  5986  5986 I SurfaceFlinger: Client API: OpenGL_ES
08-26 04:10:10.436  5986  5986 I SurfaceFlinger: EGLSurface: 8-8-8-8, config=0x7fa003b138
08-26 04:10:10.429  3068  3068 W auditd  : type=1325 audit(0.0:1942): table=filter family=10 entries=33
08-26 04:10:10.429  3068  3068 W auditd  : type=1320 audit(0.0:1942): 
08-26 04:10:10.441  5986  5986 I SurfaceFlinger: OpenGL ES informations:
08-26 04:10:10.441  5986  5986 I SurfaceFlinger: vendor    : ARM
08-26 04:10:10.441  5986  5986 I SurfaceFlinger: renderer  : Mali-T880
08-26 04:10:10.441  5986  5986 I SurfaceFlinger: version   : OpenGL ES 3.2 v1.r12p1-00dev0.60546d7cd0bfd82d0ba92ca3bb825c75
08-26 04:10:10.441  5986  5986 I SurfaceFlinger: extensions: GL_EXT_debug_marker GL_ARM_rgba8 GL_ARM_mali_shader_binary GL_OES_depth24 GL_OES_depth_texture GL_OES_depth_texture_cube_map GL_OES_packed_depth_stencil GL_OES_rgb8_rgba8 GL_EXT_read_format_bgra GL_OES_compressed_paletted_texture GL_OES_compressed_ETC1_RGB8_texture GL_OES_standard_derivatives GL_OES_EGL_image GL_OES_EGL_image_external GL_OES_EGL_image_external_essl3 GL_OES_EGL_sync GL_OES_texture_npot GL_OES_vertex_half_float GL_OES_required_internalformat GL_OES_vertex_array_object GL_OES_mapbuffer GL_EXT_texture_format_BGRA8888 GL_EXT_texture_rg GL_EXT_texture_type_2_10_10_10_REV GL_OES_fbo_render_mipmap GL_OES_element_index_uint GL_EXT_shadow_samplers GL_OES_texture_compression_astc GL_KHR_texture_compression_astc_ldr GL_KHR_texture_compression_astc_hdr GL_KHR_texture_compression_astc_sliced_3d GL_KHR_debug GL_EXT_occlusion_query_boolean GL_EXT_disjoint_timer_query GL_EXT_blend_minmax GL_EXT_discard_framebuffer GL_OES_get_program_binary GL_OES_texture_3D GL_EXT_texture_storage GL_EXT_multisamp
08-26 04:10:10.441  5986  5986 I SurfaceFlinger: GL_MAX_TEXTURE_SIZE = 16384
08-26 04:10:10.441  5986  5986 I SurfaceFlinger: GL_MAX_VIEWPORT_DIMS = 16384
08-26 04:10:10.442  5986  5986 D mali_winsys: EGLint new_window_surface(egl_winsys_display*, void*, EGLSurface, EGLConfig, egl_winsys_surface**, egl_color_buffer_format*, EGLBoolean) returns 0x3000,  [1440x2560]-format:1
08-26 04:10:10.443  5986  5986 E ion     : ioctl c0084904 failed with code -1: Invalid argument
08-26 04:10:10.443  5986  5986 E gralloc : invalid yuv format 1
08-26 04:10:10.443  5986  5986 W GraphicBufferAllocator: alloc(1440, 2560, 1, 00001a00, ...) failed -22 (Invalid argument)
08-26 04:10:10.443  5986  5986 E         : GraphicBufferAlloc::createGraphicBuffer(w=1440, h=2560) failed (Invalid argument), handle=0x0
08-26 04:10:10.443  5986  5986 E BufferQueueProducer: [FramebufferSurface] allocateBuffers: failed to allocate buffer (0 x 0, format 1, usage 512)
08-26 04:10:10.444  5986  5986 D SurfaceFlinger: Set power mode=2, type=0 flinger=0x7fa0003c00
08-26 04:10:10.445  5986  5986 I hwcomposer: int exynos_setPowerMode(hwc_composer_device_1*, int, int):: disp(0), mode(2)
08-26 04:10:10.449  3068  3068 W auditd  : type=1325 audit(0.0:1943): table=filter family=2 entries=37
08-26 04:10:10.449  3068  3068 W auditd  : type=1320 audit(0.0:1943): 
08-26 04:10:10.459  3068  3068 W auditd  : type=1325 audit(0.0:1944): table=filter family=10 entries=35
08-26 04:10:10.459  3068  3068 W auditd  : type=1320 audit(0.0:1944): 
08-26 04:10:10.554  5987  5987 V MediaUtils: physMem: 3759357952
08-26 04:10:10.554  5987  5987 V MediaUtils: requested limit: 2443582635
08-26 04:10:10.554  5987  5987 V MediaUtils: actual limit: 2443582635
08-26 04:10:10.554  5987  5987 V MediaUtils: original limits: 4294967295/4294967295
08-26 04:10:10.554  5987  5987 V MediaUtils: new limits: 2443582635/4294967295
08-26 04:10:10.555  5987  5987 I mediaserver: ServiceManager: 0xf648e120
08-26 04:10:10.555  5987  5987 I AudioFlinger: Using default 3000 mSec as standby time.
08-26 04:10:10.555  5987  5987 E BatteryNotifier: batterystats service unavailable!
08-26 04:10:10.555  5987  5987 E BatteryNotifier: batterystats service unavailable!
08-26 04:10:10.556  5987  5987 I CameraService: CameraService started (pid=5987)
08-26 04:10:10.556  5987  5987 I CameraService: CameraService process starting
08-26 04:10:10.556  5987  5987 E BatteryNotifier: batterystats service unavailable!
08-26 04:10:10.556  5987  5987 E BatteryNotifier: batterystats service unavailable!
08-26 04:10:10.556  5987  5987 E CameraService: Could not load camera HAL module: -2 (No such file or directory)
08-26 04:10:10.557  5987  5987 I AudioPolicyService: AudioPolicyService CSTOR in new mode
08-26 04:10:10.557  5987  5987 I APM::ConfigParsingUtils: loadAudioPolicyConfig() loaded /system/etc/audio_policy.conf
08-26 04:10:10.581  5988  5988 D AndroidRuntime: >>>>>> START com.android.internal.os.ZygoteInit uid 0 <<<<<<
08-26 04:10:10.584  5988  5988 D AndroidRuntime: CheckJNI is ON
08-26 04:10:10.584  5988  5988 I art     : option[0]=-Xzygote
08-26 04:10:10.584  5988  5988 I art     : option[1]=-Xcheck:jni
08-26 04:10:10.584  5988  5988 I art     : option[2]=-Xstacktracefile:/data/anr/traces.txt
08-26 04:10:10.584  5988  5988 I art     : option[3]=exit
08-26 04:10:10.584  5988  5988 I art     : option[4]=vfprintf
08-26 04:10:10.584  5988  5988 I art     : option[5]=sensitiveThread
08-26 04:10:10.584  5988  5988 I art     : option[6]=-verbose:gc
08-26 04:10:10.584  5988  5988 I art     : option[7]=-Xms8m
08-26 04:10:10.584  5988  5988 I art     : option[8]=-Xmx768m
08-26 04:10:10.584  5988  5988 I art     : option[9]=-XX:HeapGrowthLimit=288m
08-26 04:10:10.584  5988  5988 I art     : option[10]=-XX:HeapMinFree=2m
08-26 04:10:10.584  5988  5988 I art     : option[11]=-XX:HeapMaxFree=8m
08-26 04:10:10.584  5988  5988 I art     : option[12]=-XX:HeapTargetUtilization=0.75
08-26 04:10:10.584  5988  5988 I art     : option[13]=-Xusejit:true
08-26 04:10:10.584  5988  5988 I art     : option[14]=-agentlib:jdwp=transport=dt_android_adb,suspend=n,server=y
08-26 04:10:10.584  5988  5988 I art     : option[15]=-Xlockprofthreshold:500
08-26 04:10:10.584  5988  5988 I art     : option[16]=-Ximage-compiler-option
08-26 04:10:10.584  5988  5988 I art     : option[17]=--runtime-arg
08-26 04:10:10.584  5988  5988 I art     : option[18]=-Ximage-compiler-option
08-26 04:10:10.584  5988  5988 I art     : option[19]=-Xms64m
08-26 04:10:10.584  5988  5988 I art     : option[20]=-Ximage-compiler-option
08-26 04:10:10.584  5988  5988 I art     : option[21]=--runtime-arg
08-26 04:10:10.584  5988  5988 I art     : option[22]=-Ximage-compiler-option
08-26 04:10:10.584  5988  5988 I art     : option[23]=-Xmx64m
08-26 04:10:10.584  5988  5988 I art     : option[24]=-Ximage-compiler-option
08-26 04:10:10.584  5988  5988 I art     : option[25]=--compiler-filter=verify-at-runtime
08-26 04:10:10.584  5988  5988 I art     : option[26]=-Ximage-compiler-option
08-26 04:10:10.584  5988  5988 I art     : option[27]=--image-classes=/system/etc/preloaded-classes
08-26 04:10:10.584  5988  5988 I art     : option[28]=-Xcompiler-option
08-26 04:10:10.584  5988  5988 I art     : option[29]=--runtime-arg
08-26 04:10:10.584  5988  5988 I art     : option[30]=-Xcompiler-option
08-26 04:10:10.584  5988  5988 I art     : option[31]=-Xms64m
08-26 04:10:10.584  5988  5988 I art     : option[32]=-Xcompiler-option
08-26 04:10:10.584  5988  5988 I art     : option[33]=--runtime-arg
08-26 04:10:10.584  5988  5988 I art     : option[34]=-Xcompiler-option
08-26 04:10:10.584  5988  5988 I art     : option[35]=-Xmx512m
08-26 04:10:10.584  5988  5988 I art     : option[36]=-Xcompiler-option
08-26 04:10:10.584  5988  5988 I art     : option[37]=--compiler-filter=verify-at-runtime
08-26 04:10:10.584  5988  5988 I art     : option[38]=-Ximage-compiler-option
