08-30 03:42:43.854  4394  4394 D PackageManager: No files in app dir /system/vendor/app
08-30 03:42:43.855  4394  4394 D PackageManager: No files in app dir /oem/app
08-30 03:42:43.855  4394  4394 D PackageManager: No files in app dir /vendor/bundled-app
08-30 03:42:43.856  4394  4394 D PackageManager: start scanDirLI:/data/app
08-30 03:42:43.856  4394  4394 D PackageManager: max thread:6
08-30 03:42:43.857  4394  4425 W PackageManager: Failed to parse /data/app/mcRegistry: Missing base APK in /data/app/mcRegistry
08-30 03:42:43.857  4394  4394 D PackageManager: end scanDirLI:/data/app
08-30 03:42:43.857  4394  4394 D PackageManager: No files in app dir /data/app-private
08-30 03:42:43.857  4394  4394 W PackageManager: Package com.android.dialer desires unavailable shared library com.qualcomm.qti.smartsearch; ignoring!
08-30 03:42:43.857  4394  4394 W PackageManager: Package com.android.gallery3d desires unavailable shared library com.google.android.media.effects; ignoring!
08-30 03:42:43.857  4394  4394 W PackageManager: Package com.android.gallery3d desires unavailable shared library com.google.android.media.effects; ignoring!
08-30 03:42:43.857  4394  4394 I PackageManager: Adjusting ABI for : com.android.development to arm64-v8a
08-30 03:42:43.857  4394  4394 I PackageManager: Adjusting ABI for : cyanogenmod.platform to arm64-v8a
08-30 03:42:43.858  2949  2949 E installd: invalid apk path '/system/framework/org.cyanogenmod.platform-res.apk' (bad prefix)
08-30 03:42:43.858  4394  4394 I PackageManager: Adjusting ABI for : org.cyanogenmod.providers.datausage to arm64-v8a
08-30 03:42:43.858  4394  4394 I PackageManager: Adjusting ABI for : com.android.location.fused to arm64-v8a
08-30 03:42:43.858  4394  4394 I PackageManager: Adjusting ABI for : org.cyanogenmod.cmsettings to arm64-v8a
08-30 03:42:43.859  4394  4394 I PackageManager: Adjusting ABI for : com.cyanogenmod.setupwizard to arm64-v8a
08-30 03:42:43.859  4394  4394 I PackageManager: Adjusting ABI for : com.android.server.telecom to arm64-v8a
08-30 03:42:43.859  4394  4394 I PackageManager: Adjusting ABI for : com.android.settings to arm64-v8a
08-30 03:42:43.859  4394  4394 I PackageManager: Adjusting ABI for : com.android.inputdevices to arm64-v8a
08-30 03:42:43.860  4394  4394 I PackageManager: Adjusting ABI for : com.android.providers.settings to arm64-v8a
08-30 03:42:43.860  4394  4394 I PackageManager: Adjusting ABI for : com.android.keychain to arm64-v8a
08-30 03:42:43.860  4394  4394 I PackageManager: Time to scan packages: 3.89 seconds
08-30 03:42:43.861  4394  4394 W PackageManager: Unknown permission com.google.android.googleapps.permission.GOOGLE_AUTH in package com.android.providers.calendar
08-30 03:42:43.861  4394  4394 W PackageManager: Unknown permission com.google.android.googleapps.permission.GOOGLE_AUTH.cl in package com.android.providers.calendar
08-30 03:42:43.862  4394  4394 W PackageManager: Not granting permission android.permission.REAL_GET_TASKS to package org.cyanogenmod.wallpapers.photophase (protectionLevel=18 flags=0x3818be45)
08-30 03:42:43.863  4394  4394 W PackageManager: Unknown permission com.cyanogen.ambient.permission.BIND_CALLER_INFO in package com.android.messaging
08-30 03:42:43.863  4394  4394 W PackageManager: Not granting permission android.permission.ACCESS_DOWNLOAD_MANAGER to package com.android.browser (protectionLevel=18 flags=0x3849be45)
08-30 03:42:43.863  4394  4394 W PackageManager: Not granting permission android.permission.SEND_DOWNLOAD_COMPLETED_INTENTS to package com.android.browser (protectionLevel=2 flags=0x3849be45)
08-30 03:42:43.864  4394  4394 W PackageManager: Unknown permission com.cyngn.stats.SEND_ANALYTICS in package com.cyanogenmod.setupwizard
08-30 03:42:43.864  4394  4394 W PackageManager: Unknown permission com.cyanogen.permission.REQUEST_KILL_SWITCH_OP in package com.cyanogenmod.setupwizard
08-30 03:42:43.865  4394  4394 W PackageManager: Unknown permission com.cyanogen.ambient.permission.BIND_INCALL_SERVICE in package com.android.contacts
08-30 03:42:43.865  4394  4394 W PackageManager: Unknown permission com.cyanogen.ambient.permission.PLUGIN_STATUS_CHANGED in package com.android.contacts
08-30 03:42:43.865  4394  4394 W PackageManager: Unknown permission com.cyanogen.ambient.permission.BIND_CALLER_INFO in package com.android.contacts
08-30 03:42:43.866  4394  4394 W PackageManager: Unknown permission com.google.android.googleapps.permission.GOOGLE_AUTH.mail in package com.android.calendar
08-30 03:42:43.867  4394  4394 W PackageManager: Unknown permission com.android.launcher.permission.READ_SETTINGS in package com.android.onetimeinitializer
08-30 03:42:43.867  4394  4394 W PackageManager: Unknown permission com.android.launcher.permission.WRITE_SETTINGS in package com.android.onetimeinitializer
08-30 03:42:43.868  4394  4394 W PackageManager: Unknown permission com.cyanogen.ambient.permission.BIND_INCALL_SERVICE in package com.android.dialer
08-30 03:42:43.868  4394  4394 W PackageManager: Unknown permission com.cyanogen.ambient.permission.PLUGIN_STATUS_CHANGED in package com.android.dialer
08-30 03:42:43.868  4394  4394 W PackageManager: Unknown permission com.cyanogen.ambient.permission.PUBLISH_DISCOVERY_NUDGE in package com.android.dialer
08-30 03:42:43.868  4394  4394 W PackageManager: Unknown permission com.cyanogen.ambient.permission.BIND_DEEPLINK_SERVICE in package com.android.dialer
08-30 03:42:43.868  4394  4394 W PackageManager: Unknown permission com.cyanogen.ambient.permission.READ_DEEPLINK_DATABASE in package com.android.dialer
08-30 03:42:43.869  4394  4394 W PackageManager: Unknown permission com.cyanogen.ambient.permission.BIND_CALLER_INFO in package com.android.dialer
08-30 03:42:43.869  4394  4394 W PackageManager: Unknown permission com.android.launcher.permission.READ_SETTINGS in package com.cyanogenmod.trebuchet
08-30 03:42:43.869  4394  4394 W PackageManager: Unknown permission com.android.launcher.permission.WRITE_SETTINGS in package com.cyanogenmod.trebuchet
08-30 03:42:43.869  4394  4394 W PackageManager: Unknown permission com.cyngn.stats.SEND_ANALYTICS in package com.cyanogenmod.trebuchet
08-30 03:42:43.869  4394  4394 W PackageManager: Unknown permission android.permission.CANCEL_NOTIFICATIONS in package org.cyanogenmod.theme.chooser
08-30 03:42:43.870  4394  4394 W PackageManager: Unknown permission com.google.android.permission.INSTALL_WEARABLE_PACKAGES in package com.android.packageinstaller
08-30 03:42:43.870  4394  4394 W PackageManager: Not granting permission android.permission.DELETE_PACKAGES to package com.svox.pico (protectionLevel=18 flags=0x3808be45)
08-30 03:42:43.870  4394  4394 W PackageManager: Unknown permission android.permission.ACCESS_SUPERUSER in package com.cyanogenmod.filemanager
08-30 03:42:43.870  4394  4394 W PackageManager: Unknown permission com.cyanogenmod.filemanager.permissions.READ_THEME in package com.cyanogenmod.filemanager
08-30 03:42:43.871  4394  4394 W PackageManager: Unknown permission com.google.android.gallery3d.permission.PICASA_STORE in package com.android.dreams.phototable
08-30 03:42:43.872  4394  4394 W PackageManager: Unknown permission com.google.android.googleapps.permission.GOOGLE_AUTH in package com.android.settings
08-30 03:42:43.872  4394  4394 W PackageManager: Unknown permission com.android.launcher.permission.READ_SETTINGS in package com.android.settings
08-30 03:42:43.872  4394  4394 W PackageManager: Unknown permission com.android.launcher.permission.WRITE_SETTINGS in package com.android.settings
08-30 03:42:43.873  4394  4394 W PackageManager: Not granting permission android.permission.REAL_GET_TASKS to package com.cyanogenmod.eleven (protectionLevel=18 flags=0x3818be65)
08-30 03:42:43.873  3101  3129 E         : invalid gralloc handle (at 0x7fb2b6b380)
08-30 03:42:43.873  3101  3129 E         : Runtime and build version of gralloc private structure does not match. Errors will likely follow.
08-30 03:42:43.878  4394  4394 W PackageManager: Unknown permission com.google.android.gallery3d.permission.GALLERY_PROVIDER in package com.android.bluetooth
08-30 03:42:43.879  4394  4394 W PackageManager: Unknown permission com.google.android.googleapps.permission.ACCESS_GOOGLE_PASSWORD in package com.android.development
08-30 03:42:43.879  4394  4394 W PackageManager: Unknown permission com.google.android.googleapps.permission.GOOGLE_AUTH in package com.android.development
08-30 03:42:43.879  4394  4394 W PackageManager: Unknown permission com.google.android.googleapps.permission.GOOGLE_AUTH.ALL_SERVICES in package com.android.development
08-30 03:42:43.879  4394  4394 W PackageManager: Unknown permission com.google.android.googleapps.permission.GOOGLE_AUTH.YouTubeUser in package com.android.development
08-30 03:42:43.881  4394  4394 V PackageManager: Disabling com.google.android.gsf/com.google.android.gsf.update.SystemUpdateActivity
08-30 03:42:43.881  4394  4394 W PackageManager: Unable to disable com.google.android.gsf/com.google.android.gsf.update.SystemUpdateActivity
08-30 03:42:43.881  4394  4394 V PackageManager: Disabling com.google.android.gsf/com.google.android.gsf.update.SystemUpdateService$Receiver
08-30 03:42:43.881  4394  4394 W PackageManager: Unable to disable com.google.android.gsf/com.google.android.gsf.update.SystemUpdateService$Receiver
08-30 03:42:43.881  4394  4394 V PackageManager: Disabling com.google.android.gsf/com.google.android.gsf.update.SystemUpdateService$SecretCodeReceiver
08-30 03:42:43.881  4394  4394 W PackageManager: Unable to disable com.google.android.gsf/com.google.android.gsf.update.SystemUpdateService$SecretCodeReceiver
08-30 03:42:43.881  4394  4394 V PackageManager: Disabling com.google.android.gms/com.google.android.gms.update.SystemUpdateActivity
08-30 03:42:43.881  4394  4394 W PackageManager: Unable to disable com.google.android.gms/com.google.android.gms.update.SystemUpdateActivity
08-30 03:42:43.881  4394  4394 V PackageManager: Disabling com.google.android.gms/com.google.android.gms.update.SystemUpdateService$Receiver
08-30 03:42:43.881  4394  4394 W PackageManager: Unable to disable com.google.android.gms/com.google.android.gms.update.SystemUpdateService$Receiver
08-30 03:42:43.881  4394  4394 V PackageManager: Disabling com.google.android.gms/com.google.android.gms.update.SystemUpdateService$ActiveReceiver
08-30 03:42:43.881  4394  4394 W PackageManager: Unable to disable com.google.android.gms/com.google.android.gms.update.SystemUpdateService$ActiveReceiver
08-30 03:42:43.881  4394  4394 V PackageManager: Disabling com.google.android.gms/com.google.android.gms.update.SystemUpdateService$SecretCodeReceiver
08-30 03:42:43.881  4394  4394 W PackageManager: Unable to disable com.google.android.gms/com.google.android.gms.update.SystemUpdateService$SecretCodeReceiver
08-30 03:42:43.881  4394  4394 V PackageManager: Enabling com.google.android.gsf/com.google.android.gsf.update.SystemUpdateService
08-30 03:42:43.881  4394  4394 W PackageManager: Unable to enable com.google.android.gsf/com.google.android.gsf.update.SystemUpdateService
08-30 03:42:43.881  4394  4394 V PackageManager: Enabling com.google.android.gms/com.google.android.gms.update.SystemUpdateService
08-30 03:42:43.881  4394  4394 W PackageManager: Unable to enable com.google.android.gms/com.google.android.gms.update.SystemUpdateService
08-30 03:42:43.907  3101  3129 E         : invalid gralloc handle (at 0x7fb2b6b300)
08-30 03:42:43.907  3101  3129 E         : Runtime and build version of gralloc private structure does not match. Errors will likely follow.
08-30 03:42:43.940  3101  3129 E         : invalid gralloc handle (at 0x7fb2b6b380)
08-30 03:42:43.940  3101  3129 E         : Runtime and build version of gralloc private structure does not match. Errors will likely follow.
08-30 03:42:43.974  3101  3129 E         : invalid gralloc handle (at 0x7fb2b6b300)
08-30 03:42:43.974  3101  3129 E         : Runtime and build version of gralloc private structure does not match. Errors will likely follow.
08-30 03:42:44.007  3101  3129 E         : invalid gralloc handle (at 0x7fb2b6b380)
08-30 03:42:44.007  3101  3129 E         : Runtime and build version of gralloc private structure does not match. Errors will likely follow.
08-30 03:42:44.041  3101  3129 E         : invalid gralloc handle (at 0x7fb2b6b300)
08-30 03:42:44.041  3101  3129 E         : Runtime and build version of gralloc private structure does not match. Errors will likely follow.
08-30 03:42:44.074  3101  3129 E         : invalid gralloc handle (at 0x7fb2b6b380)
08-30 03:42:44.074  3101  3129 E         : Runtime and build version of gralloc private structure does not match. Errors will likely follow.
08-30 03:42:44.101  4394  4394 I art     : Starting a blocking GC Explicit
08-30 03:42:44.108  3101  3129 E         : invalid gralloc handle (at 0x7fb2b6b300)
08-30 03:42:44.108  3101  3129 E         : Runtime and build version of gralloc private structure does not match. Errors will likely follow.
08-30 03:42:44.131  4394  4394 I art     : Explicit concurrent mark sweep GC freed 257430(14MB) AllocSpace objects, 57(3MB) LOS objects, 33% free, 28MB/42MB, paused 147us total 30.069ms
08-30 03:42:44.132  4394  4394 I SystemServer: User Service
08-30 03:42:44.140  2932  2932 I lowmemorykiller: ActivityManager connected
08-30 03:42:44.141  3101  3129 E         : invalid gralloc handle (at 0x7fb2b6b380)
08-30 03:42:44.141  3101  3129 E         : Runtime and build version of gralloc private structure does not match. Errors will likely follow.
08-30 03:42:44.146  4394  4394 I SystemServiceManager: Starting com.android.server.BatteryService
08-30 03:42:44.146  4394  4428 I         : System server: starting sensor init.
08-30 03:42:44.146  4394  4428 D SensorService: nuSensorService starting...
08-30 03:42:44.147  4394  4428 I Sensors : getName:gyro_sensor name = K6DS3TR.
08-30 03:42:44.148  4394  4428 I Sensors : Proximity old sensor_state 0, new sensor_state : 128 en : 1
08-30 03:42:44.157  4394  4394 I SystemServiceManager: Starting com.android.server.usage.UsageStatsService
08-30 03:42:44.158  4394  4428 I Sensors : Light old sensor_state 128, new sensor_state : 640 en : 1
08-30 03:42:44.163  4394  4428 I Sensors : Light_IR old sensor_state 640, new sensor_state : 16777856 en : 1
08-30 03:42:44.163  4394  4428 E Sensors : Light_IR_Sensor write failed. ret = -1, sensor_state = 16777856
08-30 03:42:44.164  4394  4428 I Sensors : SigMotionSensor old sensor_state 640, new sensor_state : 17024 en : 1
08-30 03:42:44.169  4394  4428 I Sensors : getName:gyro_sensor name = K6DS3TR.
08-30 03:42:44.170  4394  4428 I Sensors : StepCounterSensor old sensor_state 17024, new sensor_state : 279168 en : 1
08-30 03:42:44.170  4394  4428 E Sensors : StepCounterSensor write failed. ret = -1, sensor_state = 279168
08-30 03:42:44.170  4394  4428 I Sensors : Int.Gyro old sensor_state 17024, new sensor_state : 33571456 en : 1
08-30 03:42:44.170  4394  4428 E Sensors : Int.GyroSensor write failed. ret = -1, sensor_state = 33571456
08-30 03:42:44.170  4394  4428 I Sensors : getName:gyro_sensor name = K6DS3TR.
08-30 03:42:44.170  4394  4428 I Sensors : HrmSpO2Sensor:: part type = 12.
08-30 03:42:44.170  4394  4428 D Sensors : HrmSpO2Sensor::type:12, prox threshold:10000
08-30 03:42:44.170  4394  4428 D Sensors : HrmSpO2Sensor::handle:0 ,en:1
08-30 03:42:44.171  4394  4428 E Sensors : HrmSpO2Sensor::Error MAXIM Flicker Library...handle=0x0
08-30 03:42:44.171  4394  4428 D Sensors : HrmSpO2Sensor::HrmSpO2Sensor: Shared version Registered
08-30 03:42:44.171  4394  4428 D Sensors : HrmLedSensor enable: mEnabled 0, handle 20, en 1
08-30 03:42:44.171  4394  4428 D Sensors : HRMSensor led enabled:1, en:1
08-30 03:42:44.175  4394  4428 I Sensors : getVendor:hrm_sensor vendor = MAXIM.
08-30 03:42:44.175  4394  4428 I Sensors : HrmLedSensor: HrmLedSensor vendor = MAXIM.
08-30 03:42:44.175  4394  4428 D Sensors : HRMSensor_LED::libhr open start!! 
08-30 03:42:44.175  4394  4428 E Sensors : HRMSensor_LED::libhr open failed 
08-30 03:42:44.175  4394  4428 E Sensors : GripSensor: enable
08-30 03:42:44.176  3101  3129 E         : invalid gralloc handle (at 0x7fb2b6b300)
08-30 03:42:44.176  3101  3129 E         : Runtime and build version of gralloc private structure does not match. Errors will likely follow.
