--------- beginning of main
07-09 19:51:07.411  3073  3073 W auditd  : type=2000 audit(0.0:1): initialized
07-09 19:51:08.461  3073  3073 W auditd  : type=1325 audit(0.0:2): table=filter family=2 entries=0
07-09 19:51:08.461  3073  3073 W auditd  : type=1325 audit(0.0:3): table=mangle family=2 entries=0
07-09 19:51:08.461  3073  3073 W auditd  : type=1325 audit(0.0:4): table=nat family=2 entries=0
07-09 19:51:08.461  3073  3073 W auditd  : type=1325 audit(0.0:5): table=raw family=2 entries=0
07-09 19:51:08.461  3073  3073 W auditd  : type=1325 audit(0.0:6): table=security family=2 entries=0
07-09 19:51:08.461  3073  3073 W auditd  : type=1325 audit(0.0:7): table=filter family=3 entries=0
07-09 19:51:08.461  3073  3073 W auditd  : type=1325 audit(0.0:8): table=filter family=10 entries=0
07-09 19:51:08.461  3073  3073 W auditd  : type=1325 audit(0.0:9): table=mangle family=10 entries=0
07-09 19:51:08.461  3073  3073 W auditd  : type=1325 audit(0.0:10): table=raw family=10 entries=0
07-09 19:51:08.461  3073  3073 W auditd  : type=1325 audit(0.0:11): table=nat family=10 entries=0
07-09 19:51:08.849  3073  3073 W auditd  : type=1305 audit(0.0:12): audit_pid=2905 old=0 auid=4294967295 ses=4294967295 res=1
07-09 19:51:08.849  3073  3073 W auditd  : type=1305 audit(0.0:13): audit_rate_limit=20 old=0 auid=4294967295 ses=4294967295 res=1
--------- beginning of system
07-09 19:51:08.879  2906  2906 I vold    : Vold 3.0 (the awakening) firing up
07-09 19:51:08.879  2906  2906 V vold    : Detected support for: exfat ext4 ntfs vfat
07-09 19:51:08.881  2921  2921 I sysinit : Running /system/etc/init.d/00banner 
07-09 19:51:08.891  2917  2917 I lowmemorykiller: Using in-kernel low memory killer interface
07-09 19:51:08.897  2951  2951 I DEBUG   : debuggerd: starting
07-09 19:51:08.898  2955  2955 I installd: installd firing up
07-09 19:51:08.901  2949  2949 I Netd    : Netd 1.0 starting
07-09 19:51:08.901  2949  2949 I QtiConnectivityAdapter: Failed to open libconnctrl, some features may not be present.
07-09 19:51:08.901  2949  2949 D TetherController: Setting IP forward enable = 0
07-09 19:51:08.904  2962  2962 I fingerprintd: Starting fingerprintd
07-09 19:51:08.906  2963  2963 I cm      : ____ _   _ ____ _  _ ____ ____ ____ _  _ _  _ ____ ___ 
07-09 19:51:08.908  2961  2961 I perfprofd: starting Android Wide Profiling daemon
07-09 19:51:08.908  2961  2961 E perfprofd: unable to open configuration file /data/data/com.google.android.gms/files/perfprofd.conf
07-09 19:51:08.908  2961  2961 I perfprofd: random seed set to 2894044360
07-09 19:51:08.911  3002  3002 I cm      : |     \_/  |__| |\ | |  | | __ |___ |\ | |\/| |  | |  \ 
07-09 19:51:08.915  2960  2960 I gatekeeperd: Starting gatekeeperd...
07-09 19:51:08.917  3003  3003 I cm      : |___   |   |  | | \| |__| |__] |___ | \| |  | |__| |__/ 
07-09 19:51:08.917  2960  2960 W gatekeeperd: falling back to software GateKeeper
07-09 19:51:08.917  2960  2960 I gatekeeperd: cold boot: clearing state
07-09 19:51:08.924  2950  2950 I DEBUG   : debuggerd: starting
07-09 19:51:08.925  2956  2956 I keystore: Found keymaster0 module Keymaster OpenSSL HAL, version 2
07-09 19:51:08.926  2956  2956 I SoftKeymaster: system/keymaster/soft_keymaster_device.cpp, Line 122: Creating device
07-09 19:51:08.926  2956  2956 D SoftKeymaster: system/keymaster/soft_keymaster_device.cpp, Line 123: Device address: 0x7f8a923000
07-09 19:51:08.926  2919  2919 I SurfaceFlinger: SurfaceFlinger is starting
07-09 19:51:08.927  2919  2919 I SurfaceFlinger: SurfaceFlinger's main thread ready to run. Initializing graphics H/W...
07-09 19:51:08.928  2956  2956 I keystore: Keymaster0 module is software-only.  Using SoftKeymasterDevice instead.
07-09 19:51:08.928  2956  2956 I SoftKeymaster: system/keymaster/soft_keymaster_device.cpp, Line 122: Creating device
07-09 19:51:08.928  2956  2956 D SoftKeymaster: system/keymaster/soft_keymaster_device.cpp, Line 123: Device address: 0x7f8a923300
07-09 19:51:08.928  2956  2956 I keystore: SELinux: Keystore SELinux is disabled.
07-09 19:51:08.940  3037  3037 I cm      : Welcome to Android 6.0.1 / CyanogenMod-13.0-20160709-UNOFFICIAL-hero2ltexx 
07-09 19:51:08.947  3048  3048 I sysinit : Running /system/etc/init.d/90userinit 
07-09 19:51:08.959  3073  3073 W auditd  : type=1325 audit(0.0:14): table=filter family=2 entries=4
07-09 19:51:08.959  3073  3073 W auditd  : type=1320 audit(0.0:14): 
07-09 19:51:08.959  3073  3073 W auditd  : type=1325 audit(0.0:15): table=filter family=10 entries=4
07-09 19:51:08.959  3073  3073 W auditd  : type=1320 audit(0.0:15): 
07-09 19:51:08.969  3073  3073 W auditd  : type=1325 audit(0.0:16): table=filter family=2 entries=6
07-09 19:51:08.969  3073  3073 W auditd  : type=1320 audit(0.0:16): 
07-09 19:51:08.983  2919  2919 D libEGL  : loaded /vendor/lib64/egl/libGLES_mali.so
07-09 19:51:08.989  3073  3073 W auditd  : type=1325 audit(0.0:17): table=filter family=10 entries=6
07-09 19:51:08.989  3073  3073 W auditd  : type=1320 audit(0.0:17): 
07-09 19:51:09.014  2919  2919 D gralloc : gralloc_device_open 64 bit name=fb0
07-09 19:51:09.014  2919  2919 D gralloc : gralloc_device_open 64 bit name=gpu0
07-09 19:51:09.015  2919  2919 D gralloc : gralloc_device_open ionfd=17
07-09 19:51:09.015  2919  2919 I gralloc : using (id=)
07-09 19:51:09.015  2919  2919 I gralloc : xres         = 1440 px
07-09 19:51:09.015  2919  2919 I gralloc : yres         = 2560 px
07-09 19:51:09.015  2919  2919 I gralloc : width        = 68 mm (537.882324 dpi)
07-09 19:51:09.015  2919  2919 I gralloc : height       = 122 mm (532.983582 dpi)
07-09 19:51:09.015  2919  2919 I gralloc : refresh rate = 59.00 Hz
07-09 19:51:09.033  2919  2919 D gralloc : gralloc_device_open 64 bit name=gpu0
07-09 19:51:09.034  2919  2919 D gralloc : gralloc_device_open ionfd=17
07-09 19:51:09.034  2919  2919 D hwcomposer: using
07-09 19:51:09.034  2919  2919 D hwcomposer: xres         = 1440 px
07-09 19:51:09.034  2919  2919 D hwcomposer: yres         = 2560 px
07-09 19:51:09.034  2919  2919 D hwcomposer: width        = 68 mm (537.882000 dpi)
07-09 19:51:09.034  2919  2919 D hwcomposer: height       = 122 mm (532.983000 dpi)
07-09 19:51:09.034  2919  2919 D hwcomposer: refresh rate = 59 Hz
07-09 19:51:09.034  2919  2919 I DisplayResourceManagerModule: internalMPP type(10), index(1)
07-09 19:51:09.034  2919  2919 I DisplayResourceManagerModule: internalMPP type(10), index(2)
07-09 19:51:09.034  2919  2919 I DisplayResourceManagerModule: internalMPP type(10), index(3)
07-09 19:51:09.034  2919  2919 I DisplayResourceManagerModule: internalMPP type(0), index(0)
07-09 19:51:09.034  2919  2919 I DisplayResourceManagerModule: internalMPP type(0), index(1)
07-09 19:51:09.034  2919  2919 I DisplayResourceManagerModule: internalMPP type(2), index(0)
07-09 19:51:09.034  2919  2919 I DisplayResourceManagerModule: internalMPP type(2), index(1)
07-09 19:51:09.034  2919  2919 I DisplayResourceManagerModule: externalMPP type(4), index(0)
07-09 19:51:09.034  2919  2919 I hwcutils: Open /dev/s5p-smem
07-09 19:51:09.034  2919  2919 I DisplayResourceManagerModule: externalMPP type(4), index(0)
07-09 19:51:09.034  2919  2919 I hwcutils: Open /dev/s5p-smem
07-09 19:51:09.034  2919  2919 I DisplayResourceManagerModule: externalMPP type(4), index(0)
07-09 19:51:09.034  2919  2919 I hwcutils: Open /dev/s5p-smem
07-09 19:51:09.034  2919  2919 I DisplayResourceManagerModule: externalMPP type(4), index(0)
07-09 19:51:09.034  2919  2919 I hwcutils: Open /dev/s5p-smem
07-09 19:51:09.034  2919  2919 I DisplayResourceManagerModule: externalMPP type(4), index(0)
07-09 19:51:09.034  2919  2919 I hwcutils: Open /dev/s5p-smem
07-09 19:51:09.034  2919  2919 I hwcomposer: PSR info devname = /sys/devices/13960000.decon_f/psr_info
07-09 19:51:09.034  2919  2919 I hwcomposer: PSR mode   = 2 (0: video mode, 1: DP PSR mode, 2: MIPI-DSI command mode)
07-09 19:51:09.035  2919  2919 I hwcomposer: Panel type = 1 (0: Legacy, 1: DSC)
07-09 19:51:09.035  2919  2919 I SurfaceFlinger: Using composer version 1.5
07-09 19:51:09.035  2919  2919 E display : [PrimaryDisplay] unknown display attribute 6
07-09 19:51:09.035  2919  2919 I SurfaceFlinger: EGL information:
07-09 19:51:09.035  2919  2919 I SurfaceFlinger: vendor    : Android
07-09 19:51:09.035  2919  2919 I SurfaceFlinger: version   : 1.4 Android META-EGL
07-09 19:51:09.035  2919  2919 I SurfaceFlinger: extensions: EGL_KHR_get_all_proc_addresses EGL_ANDROID_presentation_time EGL_KHR_swap_buffers_with_damage EGL_KHR_image EGL_KHR_image_base EGL_KHR_gl_texture_2D_image EGL_KHR_gl_texture_cubemap_image EGL_KHR_gl_renderbuffer_image EGL_KHR_fence_sync EGL_KHR_create_context EGL_KHR_config_attribs EGL_KHR_surfaceless_context EGL_EXT_create_context_robustness EGL_ANDROID_image_native_buffer EGL_KHR_wait_sync EGL_ANDROID_recordable EGL_KHR_partial_update 
07-09 19:51:09.035  2919  2919 I SurfaceFlinger: Client API: OpenGL_ES
07-09 19:51:09.035  2919  2919 I SurfaceFlinger: EGLSurface: 8-8-8-8, config=0x7fa5150128
07-09 19:51:09.036  2919  2919 D         : ro.exynos.dss isEnabled: 0
07-09 19:51:09.042  2919  2919 I SurfaceFlinger: OpenGL ES informations:
07-09 19:51:09.042  2919  2919 I SurfaceFlinger: vendor    : ARM
07-09 19:51:09.042  2919  2919 I SurfaceFlinger: renderer  : Mali-T880
07-09 19:51:09.042  2919  2919 I SurfaceFlinger: version   : OpenGL ES 3.1 v1.r9p0-12dev0.c2bae768d87bf40047e1f310c8de7f16
07-09 19:51:09.042  2919  2919 I SurfaceFlinger: extensions: GL_EXT_debug_marker GL_ARM_rgba8 GL_ARM_mali_shader_binary GL_OES_depth24 GL_OES_depth_texture GL_OES_depth_texture_cube_map GL_OES_packed_depth_stencil GL_OES_rgb8_rgba8 GL_EXT_read_format_bgra GL_OES_compressed_paletted_texture GL_OES_compressed_ETC1_RGB8_texture GL_OES_standard_derivatives GL_OES_EGL_image GL_OES_EGL_image_external GL_OES_EGL_sync GL_OES_texture_npot GL_OES_vertex_half_float GL_OES_required_internalformat GL_OES_vertex_array_object GL_OES_mapbuffer GL_EXT_texture_format_BGRA8888 GL_EXT_texture_rg GL_EXT_texture_type_2_10_10_10_REV GL_OES_fbo_render_mipmap GL_OES_element_index_uint GL_EXT_shadow_samplers GL_OES_texture_compression_astc GL_KHR_texture_compression_astc_ldr GL_KHR_texture_compression_astc_hdr GL_KHR_debug GL_EXT_occlusion_query_boolean GL_EXT_disjoint_timer_query GL_EXT_blend_minmax GL_EXT_discard_framebuffer GL_OES_get_program_binary GL_OES_texture_3D GL_EXT_texture_storage GL_EXT_multisampled_render_to_texture GL_OES_surfaceless_context GL_OES_texture_stencil8 G
07-09 19:51:09.042  2919  2919 I SurfaceFlinger: GL_MAX_TEXTURE_SIZE = 8192
07-09 19:51:09.042  2919  2919 I SurfaceFlinger: GL_MAX_VIEWPORT_DIMS = 8192
07-09 19:51:09.043  2919  2919 D mali_winsys: new_window_surface returns 0x3000,  [1440x2560]-format:1
07-09 19:51:09.043  2919  2919 D gralloc : gralloc_device_open 64 bit name=gpu0
07-09 19:51:09.043  2919  2919 D gralloc : gralloc_device_open ionfd=17
07-09 19:51:09.043  2919  2919 D gralloc : gralloc_alloc fmt=0x1 usage=0x1a00 w=1440 h=2560
07-09 19:51:09.043  2919  2919 D gralloc : gralloc_alloc_rgb fmt=0x1 usage=0x1a00 w=1440 h=2560 ion_flags=0x0 heap_mask=0x1
07-09 19:51:09.048  2919  2919 D gralloc : gralloc_alloc fmt=0x1 usage=0x1a00 w=1440 h=2560
07-09 19:51:09.048  2919  2919 D gralloc : gralloc_alloc_rgb fmt=0x1 usage=0x1a00 w=1440 h=2560 ion_flags=0x0 heap_mask=0x1
07-09 19:51:09.049  3073  3073 W auditd  : type=1325 audit(0.0:18): table=filter family=2 entries=7
07-09 19:51:09.049  3073  3073 W auditd  : type=1320 audit(0.0:18): 
07-09 19:51:09.049  3073  3073 W auditd  : type=1325 audit(0.0:19): table=filter family=10 entries=7
07-09 19:51:09.049  3073  3073 W auditd  : type=1320 audit(0.0:19): 
07-09 19:51:09.053  2919  2919 D gralloc : gralloc_alloc fmt=0x1 usage=0x1a00 w=1440 h=2560
07-09 19:51:09.053  2919  2919 D gralloc : gralloc_alloc_rgb fmt=0x1 usage=0x1a00 w=1440 h=2560 ion_flags=0x0 heap_mask=0x1
07-09 19:51:09.058  2919  2919 D gralloc : gralloc_alloc fmt=0x1 usage=0x1a00 w=1440 h=2560
07-09 19:51:09.058  2919  2919 D gralloc : gralloc_alloc_rgb fmt=0x1 usage=0x1a00 w=1440 h=2560 ion_flags=0x0 heap_mask=0x1
07-09 19:51:09.059  3073  3073 W auditd  : type=1325 audit(0.0:20): table=filter family=2 entries=9
07-09 19:51:09.059  3073  3073 W auditd  : type=1320 audit(0.0:20): 
07-09 19:51:09.059  3073  3073 W auditd  : type=1325 audit(0.0:21): table=filter family=10 entries=9
07-09 19:51:09.059  3073  3073 W auditd  : type=1320 audit(0.0:21): 
07-09 19:51:09.064  2919  2919 D gralloc : gralloc_alloc fmt=0x1 usage=0x1a00 w=1440 h=2560
07-09 19:51:09.064  2919  2919 D gralloc : gralloc_alloc_rgb fmt=0x1 usage=0x1a00 w=1440 h=2560 ion_flags=0x0 heap_mask=0x1
07-09 19:51:09.069  2919  2919 D SurfaceFlinger: Set power mode=2, type=0 flinger=0x7fa5683c00
07-09 19:51:09.069  2919  2919 I hwcomposer: int exynos_setPowerMode(hwc_composer_device_1*, int, int):: disp(0), mode(2)
07-09 19:51:09.099  3073  3073 W auditd  : type=1325 audit(0.0:22): table=filter family=2 entries=10
07-09 19:51:09.099  3073  3073 W auditd  : type=1320 audit(0.0:22): 
07-09 19:51:09.099  3073  3073 W auditd  : type=1325 audit(0.0:23): table=filter family=10 entries=10
07-09 19:51:09.099  3073  3073 W auditd  : type=1320 audit(0.0:23): 
07-09 19:51:09.109  3073  3073 W auditd  : type=1325 audit(0.0:24): table=filter family=2 entries=12
07-09 19:51:09.109  3073  3073 W auditd  : type=1320 audit(0.0:24): 
07-09 19:51:09.109  3073  3073 W auditd  : type=1325 audit(0.0:25): table=filter family=10 entries=12
07-09 19:51:09.109  3073  3073 W auditd  : type=1320 audit(0.0:25): 
07-09 19:51:09.115  2954  2954 I mediaserver: ServiceManager: 0xf66ce120
07-09 19:51:09.115  2954  2954 I AudioFlinger: Using default 3000 mSec as standby time.
07-09 19:51:09.115  2954  2954 E BatteryNotifier: batterystats service unavailable!
07-09 19:51:09.115  2954  2954 E BatteryNotifier: batterystats service unavailable!
07-09 19:51:09.115  2954  2954 I CameraService: CameraService started (pid=2954)
07-09 19:51:09.115  2954  2954 I CameraService: CameraService process starting
07-09 19:51:09.115  2954  2954 E BatteryNotifier: batterystats service unavailable!
07-09 19:51:09.116  2954  2954 E BatteryNotifier: batterystats service unavailable!
07-09 19:51:09.116  2954  2954 E CameraService: Could not load camera HAL module: -2 (No such file or directory)
07-09 19:51:09.117  2954  2954 I AudioPolicyService: AudioPolicyService CSTOR in new mode
07-09 19:51:09.117  2954  2954 I APM::ConfigParsingUtils: loadAudioPolicyConfig() loaded /system/etc/audio_policy.conf
07-09 19:51:09.130  2920  2920 W McDaemon: mcRegistry read So.Soc failed: 16 [hardware/samsung_slsi/exynos8890/mobicore/Daemon/src/PrivateRegistry.cpp:374]
07-09 19:51:09.130  2920  2920 W McDaemon: mcRegistry read So.Soc failed: 16 [hardware/samsung_slsi/exynos8890/mobicore/Daemon/src/PrivateRegistry.cpp:429]
07-09 19:51:09.130  2920  2920 W McDaemon: mcRegistry read So.Root failed: 16 [hardware/samsung_slsi/exynos8890/mobicore/Daemon/src/PrivateRegistry.cpp:533]
07-09 19:51:09.130  2920  2920 W McDaemon: Device endorsements not supported! [hardware/samsung_slsi/exynos8890/mobicore/Daemon/src/MobiCoreDriverDaemon.cpp:588]
07-09 19:51:09.130  2920  2920 I McDaemon: Daemon starting up... [hardware/samsung_slsi/exynos8890/mobicore/Daemon/src/MobiCoreDriverDaemon.cpp:548]
07-09 19:51:09.130  2920  2920 I McDaemon: Interface version is 0.4 [hardware/samsung_slsi/exynos8890/mobicore/Daemon/src/MobiCoreDriverDaemon.cpp:550]
07-09 19:51:09.130  2920  2920 I McDaemon: t-base-EXYNOS64-Android-310B-V005-20151221_084810_68 [hardware/samsung_slsi/exynos8890/mobicore/Daemon/src/MobiCoreDriverDaemon.cpp:552]
07-09 19:51:09.130  2920  2920 I McDaemon: Build timestamp is Apr  1 2016 21:03:15 [hardware/samsung_slsi/exynos8890/mobicore/Daemon/src/MobiCoreDriverDaemon.cpp:553]
07-09 19:51:09.131  2920  3123 I TeeDriverClient: driver client open [hardware/samsung_slsi/exynos8890/mobicore/ClientLib/src/driver_client.cpp:103]
07-09 19:51:09.131  2920  2920 W McDaemon: Cannot open trustlet /data/app/mcRegistry/07050501000000000000000000000020.tlbin (2) [hardware/samsung_slsi/exynos8890/mobicore/Daemon/src/SecureWorld.cpp:178]
07-09 19:51:09.132  2920  3123 I TeeFilesystem: void FileSystem::Impl::run(): Start listening for request from STH2 [hardware/samsung_slsi/exynos8890/mobicore/Daemon/src/FSD2.cpp:376]
07-09 19:51:09.140  3125  3125 I CSTORAGE: ============================================================
07-09 19:51:09.140  3125  3125 I CSTORAGE:  CSTORAGE, v1.0.43, OS = android, ChipId = ex8890
07-09 19:51:09.140  3125  3125 I CSTORAGE: ============================================================
07-09 19:51:09.140  3125  3125 I CSTORAGE: ============================================================
07-09 19:51:09.140  3125  3125 I CSTORAGE:  CSTORAGE_SKM_LIB, v1.0.43, OS = android, ChipId = ex8890
07-09 19:51:09.140  3125  3125 I CSTORAGE: ============================================================
07-09 19:51:09.149  3073  3073 W auditd  : type=1325 audit(0.0:26): table=filter family=2 entries=13
07-09 19:51:09.149  3073  3073 W auditd  : type=1320 audit(0.0:26): 
07-09 19:51:09.159  3073  3073 W auditd  : type=1325 audit(0.0:27): table=filter family=10 entries=13
07-09 19:51:09.159  3073  3073 W auditd  : type=1320 audit(0.0:27): 
07-09 19:51:09.159  3073  3073 W auditd  : type=1325 audit(0.0:28): table=filter family=2 entries=15
07-09 19:51:09.159  3073  3073 W auditd  : type=1320 audit(0.0:28): 
07-09 19:51:09.169  3073  3073 W auditd  : type=1325 audit(0.0:29): table=filter family=10 entries=15
07-09 19:51:09.169  3073  3073 W auditd  : type=1320 audit(0.0:29): 
07-09 19:51:09.209  3073  3073 W auditd  : type=1325 audit(0.0:30): table=filter family=2 entries=16
07-09 19:51:09.209  3073  3073 W auditd  : type=1320 audit(0.0:30): 
07-09 19:51:09.209  3073  3073 W auditd  : type=1325 audit(0.0:31): table=filter family=10 entries=16
07-09 19:51:09.209  3073  3073 W auditd  : type=1320 audit(0.0:31): 
07-09 19:51:09.219  3073  3073 W auditd  : type=1325 audit(0.0:32): table=filter family=2 entries=18
07-09 19:51:09.219  3073  3073 W auditd  : type=1320 audit(0.0:32): 
07-09 19:51:09.219  3073  3073 W auditd  : type=1325 audit(0.0:33): table=filter family=10 entries=18
07-09 19:51:09.242  3103  3141 D libEGL  : loaded /vendor/lib64/egl/libGLES_mali.so
07-09 19:51:09.262  3103  3141 D mali_winsys: new_window_surface returns 0x3000,  [1440x2560]-format:2
07-09 19:51:09.263  3103  3141 D         : ro.exynos.dss isEnabled: 0
07-09 19:51:09.270  3103  3141 E BootAnimation: couldn't find audio_conf.txt
07-09 19:51:09.313  3103  3141 D BootAnimation: Use save memory method, maybe small fps in actual.
07-09 19:51:09.318  2959  2959 D AndroidRuntime: >>>>>> START com.android.internal.os.ZygoteInit uid 0 <<<<<<
07-09 19:51:09.319  2958  2958 D AndroidRuntime: >>>>>> START com.android.internal.os.ZygoteInit uid 0 <<<<<<
07-09 19:51:09.331  2959  2959 D AndroidRuntime: CheckJNI is ON
07-09 19:51:09.333  2958  2958 D AndroidRuntime: CheckJNI is ON
07-09 19:51:09.335  2959  2959 I art     : option[0]=-Xzygote
07-09 19:51:09.335  2959  2959 I art     : option[1]=-Xcheck:jni
07-09 19:51:09.335  2959  2959 I art     : option[2]=-Xstacktracefile:/data/anr/traces.txt
07-09 19:51:09.335  2959  2959 I art     : option[3]=exit
07-09 19:51:09.335  2959  2959 I art     : option[4]=vfprintf
07-09 19:51:09.335  2959  2959 I art     : option[5]=sensitiveThread
07-09 19:51:09.335  2959  2959 I art     : option[6]=-verbose:gc
07-09 19:51:09.335  2959  2959 I art     : option[7]=-Xms8m
07-09 19:51:09.335  2959  2959 I art     : option[8]=-Xmx512m
07-09 19:51:09.335  2959  2959 I art     : option[9]=-XX:HeapGrowthLimit=256m
07-09 19:51:09.335  2959  2959 I art     : option[10]=-XX:HeapMinFree=2m
07-09 19:51:09.335  2959  2959 I art     : option[11]=-XX:HeapMaxFree=8m
07-09 19:51:09.335  2959  2959 I art     : option[12]=-XX:HeapTargetUtilization=0.75
07-09 19:51:09.335  2959  2959 I art     : option[13]=-Xusejit:true
07-09 19:51:09.335  2959  2959 I art     : option[14]=-agentlib:jdwp=transport=dt_android_adb,suspend=n,server=y
07-09 19:51:09.335  2959  2959 I art     : option[15]=-Xlockprofthreshold:500
07-09 19:51:09.335  2959  2959 I art     : option[16]=-Ximage-compiler-option
07-09 19:51:09.335  2959  2959 I art     : option[17]=--runtime-arg
07-09 19:51:09.335  2959  2959 I art     : option[18]=-Ximage-compiler-option
07-09 19:51:09.335  2959  2959 I art     : option[19]=-Xms64m
07-09 19:51:09.335  2959  2959 I art     : option[20]=-Ximage-compiler-option
07-09 19:51:09.335  2959  2959 I art     : option[21]=--runtime-arg
07-09 19:51:09.335  2959  2959 I art     : option[22]=-Ximage-compiler-option
07-09 19:51:09.335  2959  2959 I art     : option[23]=-Xmx64m
07-09 19:51:09.335  2959  2959 I art     : option[24]=-Ximage-compiler-option
07-09 19:51:09.335  2959  2959 I art     : option[25]=--compiler-filter=verify-at-runtime
07-09 19:51:09.335  2959  2959 I art     : option[26]=-Ximage-compiler-option
07-09 19:51:09.335  2959  2959 I art     : option[27]=--image-classes=/system/etc/preloaded-classes
07-09 19:51:09.335  2959  2959 I art     : option[28]=-Xcompiler-option
07-09 19:51:09.335  2959  2959 I art     : option[29]=--runtime-arg
07-09 19:51:09.335  2959  2959 I art     : option[30]=-Xcompiler-option
07-09 19:51:09.335  2959  2959 I art     : option[31]=-Xms64m
07-09 19:51:09.335  2959  2959 I art     : option[32]=-Xcompiler-option
07-09 19:51:09.335  2959  2959 I art     : option[33]=--runtime-arg
07-09 19:51:09.335  2959  2959 I art     : option[34]=-Xcompiler-option
07-09 19:51:09.335  2959  2959 I art     : option[35]=-Xmx512m
07-09 19:51:09.335  2959  2959 I art     : option[36]=-Xcompiler-option
07-09 19:51:09.335  2959  2959 I art     : option[37]=--compiler-filter=verify-at-runtime
07-09 19:51:09.335  2959  2959 I art     : option[38]=-Ximage-compiler-option
07-09 19:51:09.335  2959  2959 I art     : option[39]=--instruction-set-variant=cortex-a53
07-09 19:51:09.335  2959  2959 I art     : option[40]=-Xcompiler-option
07-09 19:51:09.335  2959  2959 I art     : option[41]=--instruction-set-variant=cortex-a53
07-09 19:51:09.335  2959  2959 I art     : option[42]=-Ximage-compiler-option
07-09 19:51:09.335  2959  2959 I art     : option[43]=--instruction-set-features=default
07-09 19:51:09.335  2959  2959 I art     : option[44]=-Xcompiler-option
07-09 19:51:09.335  2959  2959 I art     : option[45]=--instruction-set-features=default
07-09 19:51:09.335  2959  2959 I art     : option[46]=-Duser.locale=en-US
07-09 19:51:09.335  2959  2959 I art     : option[47]=--cpu-abilist=armeabi-v7a,armeabi
07-09 19:51:09.335  2959  2959 I art     : option[48]=-Xfingerprint:samsung/cm_hero2ltexx/hero2ltexx:6.0.1/MOB30M/37e0293e9b:eng/test-keys
07-09 19:51:09.336  2919  3016 D gralloc : gralloc_alloc fmt=0x2 usage=0xb00 w=1440 h=2560
07-09 19:51:09.336  2919  3016 D gralloc : gralloc_alloc_rgb fmt=0x2 usage=0xb00 w=1440 h=2560 ion_flags=0x0 heap_mask=0x1
07-09 19:51:09.340  3103  3141 D gralloc : int gralloc_register_buffer(const gralloc_module_t*, buffer_handle_t): base 0x0 14757376 1440 2560 1440
07-09 19:51:09.340  3103  3141 D gralloc : grallocMap flags=0xb00
07-09 19:51:09.340  3103  3141 D gralloc : c_size_get fmt=0x2 size=0 val=-255 1<<val=0x2
07-09 19:51:09.340  3103  3141 D gralloc : grallocMap: base 0x7fa33ac000 14757376 1440 2560 1440
07-09 19:51:09.340  3103  3141 E         : invalid gralloc handle (at 0x7fa74eb300)
07-09 19:51:09.340  3103  3141 E         : Runtime and build version of gralloc private structure does not match. Errors will likely follow.
07-09 19:51:09.340  2958  2958 I art     : option[0]=-Xzygote
07-09 19:51:09.340  2958  2958 I art     : option[1]=-Xcheck:jni
07-09 19:51:09.340  2958  2958 I art     : option[2]=-Xstacktracefile:/data/anr/traces.txt
07-09 19:51:09.340  2958  2958 I art     : option[3]=exit
07-09 19:51:09.340  2958  2958 I art     : option[4]=vfprintf
07-09 19:51:09.340  2958  2958 I art     : option[5]=sensitiveThread
07-09 19:51:09.340  2958  2958 I art     : option[6]=-verbose:gc
07-09 19:51:09.340  2958  2958 I art     : option[7]=-Xms8m
07-09 19:51:09.340  2958  2958 I art     : option[8]=-Xmx512m
07-09 19:51:09.340  2958  2958 I art     : option[9]=-XX:HeapGrowthLimit=256m
07-09 19:51:09.340  2958  2958 I art     : option[10]=-XX:HeapMinFree=2m
07-09 19:51:09.340  2958  2958 I art     : option[11]=-XX:HeapMaxFree=8m
07-09 19:51:09.340  2958  2958 I art     : option[12]=-XX:HeapTargetUtilization=0.75
07-09 19:51:09.340  2958  2958 I art     : option[13]=-Xusejit:true
07-09 19:51:09.340  2958  2958 I art     : option[14]=-agentlib:jdwp=transport=dt_android_adb,suspend=n,server=y
07-09 19:51:09.340  2958  2958 I art     : option[15]=-Xlockprofthreshold:500
07-09 19:51:09.340  2958  2958 I art     : option[16]=-Ximage-compiler-option
07-09 19:51:09.340  2958  2958 I art     : option[17]=--runtime-arg
07-09 19:51:09.340  2958  2958 I art     : option[18]=-Ximage-compiler-option
07-09 19:51:09.340  2958  2958 I art     : option[19]=-Xms64m
07-09 19:51:09.340  2958  2958 I art     : option[20]=-Ximage-compiler-option
07-09 19:51:09.340  2958  2958 I art     : option[21]=--runtime-arg
07-09 19:51:09.340  2958  2958 I art     : option[22]=-Ximage-compiler-option
07-09 19:51:09.340  2958  2958 I art     : option[23]=-Xmx64m
07-09 19:51:09.340  2958  2958 I art     : option[24]=-Ximage-compiler-option
07-09 19:51:09.340  2958  2958 I art     : option[25]=--compiler-filter=verify-at-runtime
07-09 19:51:09.340  2958  2958 I art     : option[26]=-Ximage-compiler-option
07-09 19:51:09.340  2958  2958 I art     : option[27]=--image-classes=/system/etc/preloaded-classes
07-09 19:51:09.340  2958  2958 I art     : option[28]=-Xcompiler-option
07-09 19:51:09.340  2958  2958 I art     : option[29]=--runtime-arg
07-09 19:51:09.340  2958  2958 I art     : option[30]=-Xcompiler-option
07-09 19:51:09.340  2958  2958 I art     : option[31]=-Xms64m
07-09 19:51:09.340  2958  2958 I art     : option[32]=-Xcompiler-option
07-09 19:51:09.340  2958  2958 I art     : option[33]=--runtime-arg
07-09 19:51:09.340  2958  2958 I art     : option[34]=-Xcompiler-option
07-09 19:51:09.340  2958  2958 I art     : option[35]=-Xmx512m
07-09 19:51:09.340  2958  2958 I art     : option[36]=-Xcompiler-option
07-09 19:51:09.340  2958  2958 I art     : option[37]=--compiler-filter=verify-at-runtime
07-09 19:51:09.340  2958  2958 I art     : option[38]=-Ximage-compiler-option
07-09 19:51:09.340  2958  2958 I art     : option[39]=--instruction-set-variant=generic
07-09 19:51:09.340  2958  2958 I art     : option[40]=-Xcompiler-option
07-09 19:51:09.340  2958  2958 I art     : option[41]=--instruction-set-variant=generic
07-09 19:51:09.340  2958  2958 I art     : option[42]=-Ximage-compiler-option
07-09 19:51:09.340  2958  2958 I art     : option[43]=--instruction-set-features=default
07-09 19:51:09.340  2958  2958 I art     : option[44]=-Xcompiler-option
07-09 19:51:09.340  2958  2958 I art     : option[45]=--instruction-set-features=default
07-09 19:51:09.340  2958  2958 I art     : option[46]=-Duser.locale=en-US
07-09 19:51:09.340  2958  2958 I art     : option[47]=--cpu-abilist=arm64-v8a,armeabi
07-09 19:51:09.340  2958  2958 I art     : option[48]=-Xfingerprint:samsung/cm_hero2ltexx/hero2ltexx:6.0.1/MOB30M/37e0293e9b:eng/test-keys
07-09 19:51:09.353  2959  2959 I art     : Pruning dalvik-cache since we are generating an image and will need to recompile
07-09 19:51:09.353  2959  2959 I art     : Using an offset of 0xff799000 from default art base address of 0x70000000
07-09 19:51:09.353  2959  2959 I art     : GenerateImage: /system/bin/dex2oat --image=/data/dalvik-cache/arm/system@framework@boot.art --dex-file=/system/framework/core-libart.jar --dex-file=/system/framework/conscrypt.jar --dex-file=/system/framework/okhttp.jar --dex-file=/system/framework/core-junit.jar --dex-file=/system/framework/bouncycastle.jar --dex-file=/system/framework/ext.jar --dex-file=/system/framework/framework.jar --dex-file=/system/framework/telephony-common.jar --dex-file=/system/framework/voip-common.jar --dex-file=/system/framework/ims-common.jar --dex-file=/system/framework/apache-xml.jar --dex-file=/system/framework/org.apache.http.legacy.boot.jar --oat-file=/data/dalvik-cache/arm/system@framework@boot.oat --instruction-set=arm --instruction-set-features=smp,div,-atomic_ldrd_strd --base=0x6f799000 --runtime-arg -Xms64m --runtime-arg -Xmx64m --compiler-filter=verify-at-runtime --image-classes=/system/etc/preloaded-classes --instruction-set-variant=cortex-a53 --instruction-set-features=default
07-09 19:51:09.354  2958  2958 I art     : Pruning dalvik-cache since we are generating an image and will need to recompile
07-09 19:51:09.354  2958  2958 I art     : Using an offset of 0x32f000 from default art base address of 0x70000000
07-09 19:51:09.354  2958  2958 I art     : GenerateImage: /system/bin/dex2oat --image=/data/dalvik-cache/arm64/system@framework@boot.art --dex-file=/system/framework/core-libart.jar --dex-file=/system/framework/conscrypt.jar --dex-file=/system/framework/okhttp.jar --dex-file=/system/framework/core-junit.jar --dex-file=/system/framework/bouncycastle.jar --dex-file=/system/framework/ext.jar --dex-file=/system/framework/framework.jar --dex-file=/system/framework/telephony-common.jar --dex-file=/system/framework/voip-common.jar --dex-file=/system/framework/ims-common.jar --dex-file=/system/framework/apache-xml.jar --dex-file=/system/framework/org.apache.http.legacy.boot.jar --oat-file=/data/dalvik-cache/arm64/system@framework@boot.oat --instruction-set=arm64 --instruction-set-features=smp,a53 --base=0x7032f000 --runtime-arg -Xms64m --runtime-arg -Xmx64m --compiler-filter=verify-at-runtime --image-classes=/system/etc/preloaded-classes --instruction-set-variant=generic --instruction-set-features=default
07-09 19:51:09.357  2919  3018 D gralloc : gralloc_alloc fmt=0x2 usage=0xb00 w=1440 h=2560
07-09 19:51:09.357  2919  3018 D gralloc : gralloc_alloc_rgb fmt=0x2 usage=0xb00 w=1440 h=2560 ion_flags=0x0 heap_mask=0x1
07-09 19:51:09.361  3103  3141 D gralloc : int gralloc_register_buffer(const gralloc_module_t*, buffer_handle_t): base 0x0 14757376 1440 2560 1440
07-09 19:51:09.361  3103  3141 D gralloc : grallocMap flags=0xb00
07-09 19:51:09.361  3103  3141 D gralloc : c_size_get fmt=0x2 size=0 val=-255 1<<val=0x2
07-09 19:51:09.361  3103  3141 D gralloc : grallocMap: base 0x7f981ed000 14757376 1440 2560 1440
07-09 19:51:09.361  3103  3141 E         : invalid gralloc handle (at 0x7fa74eb380)
07-09 19:51:09.361  3103  3141 E         : Runtime and build version of gralloc private structure does not match. Errors will likely follow.
07-09 19:51:09.381  3212  3212 I dex2oat : /system/bin/dex2oat --image=/data/dalvik-cache/arm64/system@framework@boot.art --dex-file=/system/framework/core-libart.jar --dex-file=/system/framework/conscrypt.jar --dex-file=/system/framework/okhttp.jar --dex-file=/system/framework/core-junit.jar --dex-file=/system/framework/bouncycastle.jar --dex-file=/system/framework/ext.jar --dex-file=/system/framework/framework.jar --dex-file=/system/framework/telephony-common.jar --dex-file=/system/framework/voip-common.jar --dex-file=/system/framework/ims-common.jar --dex-file=/system/framework/apache-xml.jar --dex-file=/system/framework/org.apache.http.legacy.boot.jar --oat-file=/data/dalvik-cache/arm64/system@framework@boot.oat --instruction-set=arm64 --instruction-set-features=smp,a53 --base=0x7032f000 --runtime-arg -Xms64m --runtime-arg -Xmx64m --compiler-filter=verify-at-runtime --image-classes=/system/etc/preloaded-classes --instruction-set-variant=generic --instruction-set-features=default
07-09 19:51:09.384  3211  3211 I dex2oat : /system/bin/dex2oat --image=/data/dalvik-cache/arm/system@framework@boot.art --dex-file=/system/framework/core-libart.jar --dex-file=/system/framework/conscrypt.jar --dex-file=/system/framework/okhttp.jar --dex-file=/system/framework/core-junit.jar --dex-file=/system/framework/bouncycastle.jar --dex-file=/system/framework/ext.jar --dex-file=/system/framework/framework.jar --dex-file=/system/framework/telephony-common.jar --dex-file=/system/framework/voip-common.jar --dex-file=/system/framework/ims-common.jar --dex-file=/system/framework/apache-xml.jar --dex-file=/system/framework/org.apache.http.legacy.boot.jar --oat-file=/data/dalvik-cache/arm/system@framework@boot.oat --instruction-set=arm --instruction-set-features=smp,div,-atomic_ldrd_strd --base=0x6f799000 --runtime-arg -Xms64m --runtime-arg -Xmx64m --compiler-filter=verify-at-runtime --image-classes=/system/etc/preloaded-classes --instruction-set-variant=cortex-a53 --instruction-set-features=default
07-09 19:51:09.384  3212  3212 I dex2oat : setting boot class path to /system/framework/core-libart.jar:/system/framework/conscrypt.jar:/system/framework/okhttp.jar:/system/framework/core-junit.jar:/system/framework/bouncycastle.jar:/system/framework/ext.jar:/system/framework/framework.jar:/system/framework/telephony-common.jar:/system/framework/voip-common.jar:/system/framework/ims-common.jar:/system/framework/apache-xml.jar:/system/framework/org.apache.http.legacy.boot.jar
07-09 19:51:09.385  3211  3211 I dex2oat : setting boot class path to /system/framework/core-libart.jar:/system/framework/conscrypt.jar:/system/framework/okhttp.jar:/system/framework/core-junit.jar:/system/framework/bouncycastle.jar:/system/framework/ext.jar:/system/framework/framework.jar:/system/framework/telephony-common.jar:/system/framework/voip-common.jar:/system/framework/ims-common.jar:/system/framework/apache-xml.jar:/system/framework/org.apache.http.legacy.boot.jar
07-09 19:51:09.388  2919  3016 D gralloc : gralloc_alloc fmt=0x2 usage=0xb00 w=1440 h=2560
07-09 19:51:09.388  2919  3016 D gralloc : gralloc_alloc_rgb fmt=0x2 usage=0xb00 w=1440 h=2560 ion_flags=0x0 heap_mask=0x1
07-09 19:51:09.394  3103  3141 D gralloc : int gralloc_register_buffer(const gralloc_module_t*, buffer_handle_t): base 0x0 14757376 1440 2560 1440
07-09 19:51:09.394  3103  3141 D gralloc : grallocMap flags=0xb00
07-09 19:51:09.394  3103  3141 D gralloc : c_size_get fmt=0x2 size=0 val=-255 1<<val=0x2
07-09 19:51:09.394  3103  3141 D gralloc : grallocMap: base 0x7f963ed000 14757376 1440 2560 1440
07-09 19:51:09.394  3103  3141 E         : invalid gralloc handle (at 0x7fa74eb400)
07-09 19:51:09.394  3103  3141 E         : Runtime and build version of gralloc private structure does not match. Errors will likely follow.
07-09 19:51:09.447  2919  2919 D SurfaceFlinger: SF. shader cache generated - 26 shaders in 219.048004 ms
07-09 19:51:09.447  2919  2919 E         : invalid gralloc handle (at 0x7fa5696690)
07-09 19:51:09.447  2919  2919 E         : Runtime and build version of gralloc private structure does not match. Errors will likely follow.
07-09 19:51:09.450  2919  2919 E display : invalid gralloc handle (at 0x7fa5696690)
--------- beginning of crash
07-09 19:51:09.450  2919  2919 F libc    : Fatal signal 11 (SIGSEGV), code 1, fault addr 0x28 in tid 2919 (surfaceflinger)
07-09 19:51:09.451  2951  2951 I DEBUG   : property debug.db.uid not set; NOT waiting for gdb.
07-09 19:51:09.451  2951  2951 I DEBUG   : HINT: adb shell setprop debug.db.uid 100000
07-09 19:51:09.451  2951  2951 I DEBUG   : HINT: adb forward tcp:5039 tcp:5039
07-09 19:51:09.501  2951  2951 F DEBUG   : *** *** *** *** *** *** *** *** *** *** *** *** *** *** *** ***
07-09 19:51:09.501  2951  2951 F DEBUG   : CM Version: '13.0-20160709-UNOFFICIAL-hero2ltexx'
07-09 19:51:09.501  2951  2951 F DEBUG   : Build fingerprint: 'samsung/cm_hero2ltexx/hero2ltexx:6.0.1/MOB30M/37e0293e9b:eng/test-keys'
07-09 19:51:09.501  2951  2951 F DEBUG   : Revision: '0'
07-09 19:51:09.501  2951  2951 F DEBUG   : ABI: 'arm64'
07-09 19:51:09.502  2951  2951 F DEBUG   : pid: 2919, tid: 2919, name: surfaceflinger  >>> /system/bin/surfaceflinger <<<
07-09 19:51:09.502  2951  2951 F DEBUG   : signal 11 (SIGSEGV), code 1 (SEGV_MAPERR), fault addr 0x28
07-09 19:51:09.507  2951  2951 F DEBUG   :     x0   0000000000000032  x1   8209359ea23df02e  x2   8209359ea23df02e  x3   8209359ea23df02e
07-09 19:51:09.507  2951  2951 F DEBUG   :     x4   0000000000000032  x5   00000000000003e8  x6   0000000000000b67  x7   0000000000000000
07-09 19:51:09.507  2951  2951 F DEBUG   :     x8   0000000000000042  x9   0000000000000032  x10  0000007fcd2a893c  x11  0000007fcd2a8978
07-09 19:51:09.507  2951  2951 F DEBUG   :     x12  0000007fcd2a8850  x13  0000000000000029  x14  0000007fcd2a8a38  x15  0000000000000000
07-09 19:51:09.507  2951  2951 F DEBUG   :     x16  0000007fa5e38a60  x17  0000007fa5bfd134  x18  0000007fa5e1ef00  x19  0000007fa285d000
07-09 19:51:09.507  2951  2951 F DEBUG   :     x20  0000000000000000  x21  0000007fa569d8c0  x22  0000007fa285b000  x23  0000000000000000
07-09 19:51:09.507  2951  2951 F DEBUG   :     x24  0000007fa569d8c0  x25  0000007fa5162808  x26  0000000000000000  x27  0000007fa2ad2448
07-09 19:51:09.507  2951  2951 F DEBUG   :     x28  0000007fa5162800  x29  0000007fcd2a8ef0  x30  0000007fa28596f8
07-09 19:51:09.507  2951  2951 F DEBUG   :     sp   0000007fcd2a8ef0  pc   0000007fa28596fc  pstate 0000000060000000
07-09 19:51:09.515  2951  2951 F DEBUG   : 
07-09 19:51:09.515  2951  2951 F DEBUG   : backtrace:
07-09 19:51:09.515  2951  2951 F DEBUG   :     #00 pc 00000000000106fc  /system/lib64/libdisplay.so (_ZN13ExynosDisplay9postFrameEP22hwc_display_contents_1+332)
07-09 19:51:09.515  2951  2951 F DEBUG   :     #01 pc 0000000000007824  /system/lib64/libdisplay.so (_ZN13ExynosDisplay3setEP22hwc_display_contents_1+252)
07-09 19:51:09.515  2951  2951 F DEBUG   :     #02 pc 0000000000003084  /system/lib64/hw/hwcomposer.exynos5.so (_Z11exynos5_setP21hwc_composer_device_1mPP22hwc_display_contents_1+148)
07-09 19:51:09.515  2951  2951 F DEBUG   :     #03 pc 000000000003cff4  /system/lib64/libsurfaceflinger.so
07-09 19:51:09.515  2951  2951 F DEBUG   :     #04 pc 000000000002fd0c  /system/lib64/libsurfaceflinger.so
07-09 19:51:09.515  2951  2951 F DEBUG   :     #05 pc 000000000002f398  /system/lib64/libsurfaceflinger.so
07-09 19:51:09.515  2951  2951 F DEBUG   :     #06 pc 000000000002e238  /system/lib64/libsurfaceflinger.so
07-09 19:51:09.515  2951  2951 F DEBUG   :     #07 pc 000000000002dfa0  /system/lib64/libsurfaceflinger.so
07-09 19:51:09.515  2951  2951 F DEBUG   :     #08 pc 000000000001aed4  /system/lib64/libutils.so (_ZN7android6Looper9pollInnerEi+312)
07-09 19:51:09.515  2951  2951 F DEBUG   :     #09 pc 000000000001b20c  /system/lib64/libutils.so (_ZN7android6Looper8pollOnceEiPiS1_PPv+80)
07-09 19:51:09.515  2951  2951 F DEBUG   :     #10 pc 000000000002a3dc  /system/lib64/libsurfaceflinger.so
07-09 19:51:09.515  2951  2951 F DEBUG   :     #11 pc 000000000002da94  /system/lib64/libsurfaceflinger.so (_ZN7android14SurfaceFlinger3runEv+20)
07-09 19:51:09.515  2951  2951 F DEBUG   :     #12 pc 00000000000011ec  /system/bin/surfaceflinger
07-09 19:51:09.516  2951  2951 F DEBUG   :     #13 pc 000000000001bcd8  /system/lib64/libc.so (__libc_init+100)
07-09 19:51:09.516  2951  2951 F DEBUG   :     #14 pc 000000000000101c  /system/bin/surfaceflinger
07-09 19:51:09.672  2954  2954 E audio_route: Failed to open /system/etc/mixer_paths.xml
07-09 19:51:09.678  2954  2954 I AudioFlinger: loadHwModule() Loaded primary audio interface from Samsung audio HW HAL (audio) handle 1
07-09 19:51:09.678  2954  2954 I AudioFlinger: openOutput(), module 1 Device 2, SamplingRate 44100, Format 0x000001, Channels 3, flags 2
07-09 19:51:09.678  2954  2954 I AudioFlinger: AudioStreamOut::open(), mHalFormatIsLinearPcm = 1
07-09 19:51:09.678  2954  2954 I AudioFlinger: HAL output buffer size 256 frames, normal sink buffer size 960 frames
07-09 19:51:09.688  2954  2954 I BufferProvider: found effect "Multichannel Downmix To Stereo" from The Android Open Source Project
07-09 19:51:09.688  2954  2954 E MonoPipe: Failed to fetch local time frequency when constructing a MonoPipe (res = -32).  getNextWriteTimestamp calls will be non-functional
07-09 19:51:09.689  2954  2954 I AudioFlinger: Using module 1 has the primary audio interface
07-09 19:51:09.689  2954  3262 I AudioFlinger: AudioFlinger's thread 0xf4bc0000 ready to run
07-09 19:51:09.689  2954  3262 V audio_hw_primary: do_out_standby: output standby: 1
07-09 19:51:09.689  2954  3262 V audio_hw_primary: out_set_parameters: key value pairs: routing=2
07-09 19:51:09.689  2954  3262 E AudioFlinger: no wake lock to update!
07-09 19:51:09.690  2954  2954 V audio_hw_primary: adev_open_input_stream: Created resampler converting 48000 -> 16000
07-09 19:51:09.690  2954  2954 V audio_hw_primary: adev_open_input_stream: Requesting input stream with rate: 16000, channels: 0xc
07-09 19:51:09.690  2954  3263 I AudioFlinger: AudioFlinger's thread 0xf4800000 ready to run
07-09 19:51:09.691  2954  2954 I r_submix: adev_open(name=audio_hw_if)
07-09 19:51:09.691  2954  2954 I r_submix: adev_init_check()
07-09 19:51:09.691  2954  2954 I AudioFlinger: loadHwModule() Loaded r_submix audio interface from Wifi Display audio HAL (audio) handle 4
07-09 19:51:09.691  2954  2954 D r_submix: adev_open_input_stream(addr=0)
07-09 19:51:09.691  2954  2954 D r_submix: submix_audio_device_create_pipe_l(addr=0, idx=9)
07-09 19:51:09.691  2954  2954 D r_submix:   now using address 0 for route 9
07-09 19:51:09.691  2954  3264 I AudioFlinger: AudioFlinger's thread 0xf4800000 ready to run
07-09 19:51:09.691  2954  2954 D r_submix: adev_close_input_stream()
07-09 19:51:09.691  2954  2954 D r_submix: submix_audio_device_release_pipe_l(idx=9) addr=0
07-09 19:51:09.691  2954  2954 D r_submix: submix_audio_device_destroy_pipe_l(): pipe destroyed
07-09 19:51:09.692  2954  2954 E SoundTriggerHwService: couldn't load sound trigger module sound_trigger.primary (No such file or directory)
07-09 19:51:09.692  2954  2954 I RadioService: RadioService
07-09 19:51:09.692  2954  2954 I RadioService: onFirstRef
07-09 19:51:09.692  2954  2954 E RadioService: couldn't load radio module radio.primary (No such file or directory)
07-09 19:51:09.710  2951  2951 F DEBUG   : 
07-09 19:51:09.710  2951  2951 F DEBUG   : Tombstone written to: /data/tombstones/tombstone_00
07-09 19:51:09.773  2918  2918 I ServiceManager: service 'SurfaceFlinger' died
07-09 19:51:09.773  3103  3141 D         : NULL == surf->write_back_color_buffer
07-09 19:51:09.773  3103  3139 W SurfaceComposerClient: ComposerService remote (surfaceflinger) died [0x7fa78e3320]
07-09 19:51:09.773  2918  2918 I ServiceManager: service 'Exynos.HWCService' died
07-09 19:51:09.773  3103  3141 W         : GLES-MALI OOM error: failed to allocate CPU memory (gles_fb_first_drawcall_cb at hardware/samsung_slsi/MaliT880_r9p0_12dev0_JF/product/gles/src/fb/mali_gles_fb_module_api.c:1291)
07-09 19:51:09.773  3103  3139 D BootAnimation: SurfaceFlinger died, exiting...
07-09 19:51:09.823  2918  2918 I ServiceManager: service 'media.radio' died
07-09 19:51:09.823  2918  2918 I ServiceManager: service 'media.sound_trigger_hw' died
07-09 19:51:09.823  2918  2918 I ServiceManager: service 'media.audio_flinger' died
07-09 19:51:09.823  2918  2918 I ServiceManager: service 'media.player' died
07-09 19:51:09.823  2918  2918 I ServiceManager: service 'media.resource_manager' died
07-09 19:51:09.823  2918  2918 I ServiceManager: service 'media.camera' died
07-09 19:51:09.823  2918  2918 I ServiceManager: service 'media.audio_policy' died
07-09 19:51:10.943  3211  3309 W dex2oat : Skipping class com.quicinc.tcmiface.DpmTcmIface from /system/framework/org.apache.http.legacy.boot.jar previously found in /system/framework/okhttp.jar
07-09 19:51:10.996  3212  3310 W dex2oat : Skipping class com.quicinc.tcmiface.DpmTcmIface from /system/framework/org.apache.http.legacy.boot.jar previously found in /system/framework/okhttp.jar
07-09 19:51:11.283  3211  3211 I dex2oat : Explicit concurrent mark sweep GC freed 58628(12MB) AllocSpace objects, 0(0B) LOS objects, 45% free, 4MB/8MB, paused 88us total 8.933ms
07-09 19:51:11.330  3212  3212 I dex2oat : Explicit concurrent mark sweep GC freed 58632(21MB) AllocSpace objects, 0(0B) LOS objects, 34% free, 7MB/11MB, paused 79us total 10.392ms
07-09 19:51:11.953  3211  3211 I dex2oat : dex2oat took 2.569s (threads: 8) arena alloc=544B java alloc=4MB native alloc=8MB free=8MB
07-09 19:51:11.971  3212  3212 I dex2oat : dex2oat took 2.590s (threads: 8) arena alloc=576B java alloc=7MB native alloc=10MB free=10MB
07-09 19:51:11.981  2959  2959 D ICU     : No timezone override file found: /data/misc/zoneinfo/current/icu/icu_tzdata.dat
07-09 19:51:12.119  2959  2959 I Radio-JNI: register_android_hardware_Radio DONE
07-09 19:51:12.161  2959  2959 I SamplingProfilerIntegration: Profiling disabled.
07-09 19:51:12.162  2959  2959 D Zygote  : begin preload
07-09 19:51:12.164  2959  2959 I Zygote  : Preloading classes...
07-09 19:51:12.597  2959  2959 E Minikin : addFont failed to create font /system/fonts/NanumGothic.ttf
07-09 19:51:12.597  2959  2959 E Minikin : addFont failed to create font /system/fonts/DroidSansFallback.ttf
07-09 19:51:12.597  2959  2959 E Minikin : addFont failed to create font /system/fonts/MTLmr3m.ttf
07-09 19:51:12.697  2959  2959 V DngCreator_JNI: DngCreator_nativeClassInit:
07-09 19:51:13.491  2959  2959 I art     : Thread[1,tid=2959,Native,Thread*=0xf5176500,peer=0x12c21340,"main"] recursive attempt to load library "/system/lib/libmedia_jni.so"
07-09 19:51:13.491  2959  2959 D MtpDeviceJNI: register_android_mtp_MtpDevice
07-09 19:51:13.492  2959  2959 I art     : Thread[1,tid=2959,Native,Thread*=0xf5176500,peer=0x12c21340,"main"] recursive attempt to load library "/system/lib/libmedia_jni.so"
07-09 19:51:13.492  2959  2959 I art     : Thread[1,tid=2959,Native,Thread*=0xf5176500,peer=0x12c21340,"main"] recursive attempt to load library "/system/lib/libmedia_jni.so"
07-09 19:51:13.989  3073  3073 W auditd  : type=1325 audit(0.0:73): table=filter family=2 entries=34
07-09 19:51:13.989  3073  3073 W auditd  : type=1320 audit(0.0:73): 
07-09 19:51:13.994  3317  3317 I Netd    : Netd 1.0 starting
07-09 19:51:13.994  3317  3317 I QtiConnectivityAdapter: Failed to open libconnctrl, some features may not be present.
07-09 19:51:13.994  3317  3317 D TetherController: Setting IP forward enable = 0
07-09 19:51:13.999  3073  3073 W auditd  : type=1325 audit(0.0:74): table=filter family=10 entries=34
07-09 19:51:13.999  3073  3073 W auditd  : type=1320 audit(0.0:74): 
07-09 19:51:13.999  3073  3073 W auditd  : type=1325 audit(0.0:75): table=filter family=2 entries=33
07-09 19:51:13.999  3073  3073 W auditd  : type=1320 audit(0.0:75): 
07-09 19:51:14.000  3319  3319 I SurfaceFlinger: SurfaceFlinger is starting
07-09 19:51:14.000  3319  3319 I SurfaceFlinger: SurfaceFlinger's main thread ready to run. Initializing graphics H/W...
07-09 19:51:14.009  3073  3073 W auditd  : type=1325 audit(0.0:76): table=filter family=10 entries=33
07-09 19:51:14.009  3073  3073 W auditd  : type=1320 audit(0.0:76): 
07-09 19:51:14.019  3073  3073 W auditd  : type=1325 audit(0.0:77): table=filter family=2 entries=33
07-09 19:51:14.019  3073  3073 W auditd  : type=1320 audit(0.0:77): 
07-09 19:51:14.019  3319  3319 D libEGL  : loaded /vendor/lib64/egl/libGLES_mali.so
07-09 19:51:14.029  3073  3073 W auditd  : type=1325 audit(0.0:78): table=filter family=10 entries=33
07-09 19:51:14.029  3073  3073 W auditd  : type=1320 audit(0.0:78): 
07-09 19:51:14.037  3319  3319 D gralloc : gralloc_device_open 64 bit name=fb0
07-09 19:51:14.037  3319  3319 D gralloc : gralloc_device_open 64 bit name=gpu0
07-09 19:51:14.037  3319  3319 D gralloc : gralloc_device_open ionfd=17
07-09 19:51:14.039  3073  3073 W auditd  : type=1325 audit(0.0:79): table=filter family=2 entries=31
07-09 19:51:14.039  3073  3073 WiceManager: service 'media.camera' d
07-09 19:51:14.039  2959  2959 W System  : ClassLoader referenced unknown path: /system/framework/tcmclient.jar
07-09 19:51:14.049  3073  3073 W auditd  : type=1325 audit(0.0:80): table=filter family=10 entries=31
07-09 19:51:14.049  3073  3073 W auditd  : type=1320 audit(0.0:80): 
07-09 19:51:14.051  3319  3319 I gralloc : using (id=)
07-09 19:51:14.051  3319  3319 I gralloc : xres         = 1440 px
07-09 19:51:14.051  3319  3319 I gralloc : yres         = 2560 px
07-09 19:51:14.051  3319  3319 I gralloc : width        = 68 mm (537.882324 dpi)
07-09 19:51:14.051  3319  3319 I gralloc : height       = 122 mm (532.983582 dpi)
07-09 19:51:14.051  3319  3319 I gralloc : refresh rate = 59.00 Hz
07-09 19:51:14.059  3073  3073 W auditd  : type=1325 audit(0.0:81): table=filter family=2 entries=33
07-09 19:51:14.059  3073  3073 W auditd  : type=1320 audit(0.0:81): 
07-09 19:51:14.059  3319  3319 D gralloc : gralloc_device_open 64 bit name=gpu0
07-09 19:51:14.059  3319  3319 D gralloc : gralloc_device_open ionfd=17
07-09 19:51:14.060  3319  3319 D hwcomposer: using
07-09 19:51:14.060  3319  3319 D hwcomposer: xres         = 1440 px
07-09 19:51:14.060  3319  3319 D hwcomposer: yres         = 2560 px
07-09 19:51:14.060  3319  3319 D hwcomposer: width        = 68 mm (537.882000 dpi)
07-09 19:51:14.060  3319  3319 D hwcomposer: height       = 122 mm (532.983000 dpi)
07-09 19:51:14.060  3319  3319 D hwcomposer: refresh rate = 59 Hz
07-09 19:51:14.060  3319  3319 I DisplayResourceManagerModule: internalMPP type(10), index(1)
07-09 19:51:14.060  3319  3319 I DisplayResourceManagerModule: internalMPP type(10), index(2)
07-09 19:51:14.060  3319  3319 I DisplayResourceManagerModule: internalMPP type(10), index(3)
07-09 19:51:14.060  3319  3319 I DisplayResourceManagerModule: internalMPP type(0), index(0)
07-09 19:51:14.060  3319  3319 I DisplayResourceManagerModule: internalMPP type(0), index(1)
07-09 19:51:14.060  3319  3319 I DisplayResourceManagerModule: internalMPP type(2), index(0)
07-09 19:51:14.060  3319  3319 I DisplayResourceManagerModule: internalMPP type(2), index(1)
