12-14 22:08:20.560  3011  3402 I iptables: iptables: No chain/target/match by that name.
12-14 22:08:20.560  3011  3402 I iptables: iptables terminated by exit(1)
12-14 22:08:20.560  3011  3402 E Netd    : exec() res=0, status=256 for /system/bin/iptables -w -X st_penalty_log 
12-14 22:08:20.564  3011  3402 I ip6tables: ip6tables: No chain/target/match by that name.
12-14 22:08:20.564  3011  3402 I ip6tables: ip6tables terminated by exit(1)
12-14 22:08:20.564  3011  3402 E Netd    : exec() res=0, status=256 for /system/bin/ip6tables -w -X st_penalty_log 
12-14 22:08:20.569  3011  3402 I iptables: iptables: No chain/target/match by that name.
12-14 22:08:20.569  3011  3402 I iptables: iptables terminated by exit(1)
12-14 22:08:20.569  3011  3402 E Netd    : exec() res=0, status=256 for /system/bin/iptables -w -X st_penalty_reject 
12-14 22:08:20.573  3011  3402 I ip6tables: ip6tables: No chain/target/match by that name.
12-14 22:08:20.574  3011  3402 I ip6tables: ip6tables terminated by exit(1)
12-14 22:08:20.574  3011  3402 E Netd    : exec() res=0, status=256 for /system/bin/ip6tables -w -X st_penalty_reject 
12-14 22:08:20.578  3011  3402 I iptables: iptables: No chain/target/match by that name.
12-14 22:08:20.578  3011  3402 I iptables: iptables terminated by exit(1)
12-14 22:08:20.578  3011  3402 E Netd    : exec() res=0, status=256 for /system/bin/iptables -w -X st_clear_caught 
12-14 22:08:20.582  3011  3402 I ip6tables: ip6tables: No chain/target/match by that name.
12-14 22:08:20.583  3011  3402 I ip6tables: ip6tables terminated by exit(1)
12-14 22:08:20.583  3011  3402 E Netd    : exec() res=0, status=256 for /system/bin/ip6tables -w -X st_clear_caught 
12-14 22:08:20.586  3011  3402 I iptables: iptables: No chain/target/match by that name.
12-14 22:08:20.587  3011  3402 I iptables: iptables terminated by exit(1)
12-14 22:08:20.587  3011  3402 E Netd    : exec() res=0, status=256 for /system/bin/iptables -w -X st_clear_detect 
12-14 22:08:20.591  3011  3402 I ip6tables: ip6tables: No chain/target/match by that name.
12-14 22:08:20.591  3011  3402 I ip6tables: ip6tables terminated by exit(1)
12-14 22:08:20.591  3011  3402 E Netd    : exec() res=0, status=256 for /system/bin/ip6tables -w -X st_clear_detect 
12-14 22:08:20.650  3765  3765 I art     : System.exit called, status: 0
12-14 22:08:20.650  3765  3765 I AndroidRuntime: VM exiting with result code 0, cleanup skipped.
12-14 22:08:20.711  3719  3885 E WVMExtractor: Failed to open libwvm.so: dlopen failed: library "libwvm.so" not found
12-14 22:08:20.746  3418  3712 W AppWidgetServiceImpl: Failed to read state: java.io.FileNotFoundException: /data/system/users/0/appwidgets.xml: open failed: ENOENT (No such file or directory)
12-14 22:08:20.746  3418  3712 V AppWidgetServiceImpl: Upgrading widget database from 0 to 1
12-14 22:08:20.749  3418  3493 D NotificationSQLiteLog: Pruned event entries: 0
12-14 22:08:20.762  3418  3432 W System  : ClassLoader referenced unknown path: /system/framework/ConnectivityExt.jar
12-14 22:08:20.762  3418  3432 W ConnectivityExtension: Connectivity extension is not available
12-14 22:08:20.787  3016  3016 I EXYNOS_COMP_REGS: Loading the library: libOMX.Exynos.AVC.Decoder.so
12-14 22:08:20.795  3016  3016 I EXYNOS_COMP_REGS: Loading the library: libOMX.Exynos.AVC.Encoder.so
12-14 22:08:20.797  3719  3719 I vol.Events: writeEvent collection_started
12-14 22:08:20.804  3807  3909 D ThemesProvider: Deleted 0
12-14 22:08:20.806  3418  3418 I BrokerableCMSystemService: Connecting to implementation
12-14 22:08:20.806  3418  3418 W ContextImpl: Calling a method in the system process without a qualified user: android.app.ContextImpl.bindService:1295 org.cyanogenmod.platform.internal.BrokerableCMSystemService.tryConnecting:199 org.cyanogenmod.platform.internal.BrokerableCMSystemService$1.handleMessage:165 android.os.Handler.dispatchMessage:102 android.os.Looper.loop:148 
12-14 22:08:20.818  3418  3432 D PermissionMonitor: Monitoring
12-14 22:08:20.818  3016  3016 I EXYNOS_COMP_REGS: Loading the library: libOMX.Exynos.HEVC.Decoder.so
12-14 22:08:20.822  3418  3432 D PermissionMonitor: Users: 1, Apps: 74
12-14 22:08:20.823  3418  3432 I SystemServiceManager: Starting phase 600
12-14 22:08:20.824  3016  3508 E bt_a2dp_hw: adev_set_parameters: ERROR: set param called even when stream out is null
12-14 22:08:20.825  3418  3436 D BluetoothManagerService: Message: 30
12-14 22:08:20.825  3418  3436 D BluetoothManagerService: Message: 30
12-14 22:08:20.826  3016  3507 I AudioFlinger: systemReady
12-14 22:08:20.828  3418  3432 I BackupManagerService: Backup enabled => false
12-14 22:08:20.830  3418  3432 D BrokerableCMSystemService: Third party apps ready
12-14 22:08:20.830  3418  3432 I BrokerableCMSystemService: Connecting to implementation
12-14 22:08:20.831  3418  3432 W ContextImpl: Calling a method in the system process without a qualified user: android.app.ContextImpl.bindService:1295 org.cyanogenmod.platform.internal.BrokerableCMSystemService.tryConnecting:199 org.cyanogenmod.platform.internal.BrokerableCMSystemService.onBootPhase:127 org.cyanogenmod.platform.internal.ThemeManagerServiceBroker.onBootPhase:272 com.android.server.SystemServiceManager.startBootPhase:135 
12-14 22:08:20.831  3418  3432 D BrokerableCMSystemService: Third party apps ready
12-14 22:08:20.831  3418  3432 I BrokerableCMSystemService: Connecting to implementation
12-14 22:08:20.831  3418  3432 W ContextImpl: Calling a method in the system process without a qualified user: android.app.ContextImpl.bindService:1295 org.cyanogenmod.platform.internal.BrokerableCMSystemService.tryConnecting:199 org.cyanogenmod.platform.internal.BrokerableCMSystemService.onBootPhase:127 com.android.server.SystemServiceManager.startBootPhase:135 com.android.server.SystemServer$2.run:1231 
12-14 22:08:20.832  3418  3432 D BrokerableCMSystemService: Third party apps ready
12-14 22:08:20.832  3418  3432 I BrokerableCMSystemService: Connecting to implementation
12-14 22:08:20.832  3418  3432 W ContextImpl: Calling a method in the system process without a qualified user: android.app.ContextImpl.bindService:1295 org.cyanogenmod.platform.internal.BrokerableCMSystemService.tryConnecting:199 org.cyanogenmod.platform.internal.BrokerableCMSystemService.onBootPhase:127 org.cyanogenmod.platform.internal.LiveLockScreenServiceBroker.onBootPhase:273 com.android.server.SystemServiceManager.startBootPhase:135 
12-14 22:08:20.837  3016  3016 I EXYNOS_COMP_REGS: Loading the library: libOMX.Exynos.HEVC.Encoder.so
12-14 22:08:20.839  3418  3918 E WVMExtractor: Failed to open libwvm.so: dlopen failed: library "libwvm.so" not found
12-14 22:08:20.843  3418  3432 I ActivityManager: Start proc 3920:org.cyanogenmod.livelockscreen.service/u0a11 for service org.cyanogenmod.livelockscreen.service/.LiveLockScreenManagerService
12-14 22:08:20.843  3418  3432 D BrokerableCMSystemService: Third party apps ready
12-14 22:08:20.843  3418  3432 I BrokerableCMSystemService: Connecting to implementation
12-14 22:08:20.843  3418  3432 W ContextImpl: Calling a method in the system process without a qualified user: android.app.ContextImpl.bindService:1295 org.cyanogenmod.platform.internal.BrokerableCMSystemService.tryConnecting:199 org.cyanogenmod.platform.internal.BrokerableCMSystemService.onBootPhase:127 com.android.server.SystemServiceManager.startBootPhase:135 com.android.server.SystemServer$2.run:1231 
12-14 22:08:20.854  3418  3432 I ActivityManager: Start proc 3934:org.cyanogenmod.weatherservice/u0a27 for service org.cyanogenmod.weatherservice/.WeatherManagerService
12-14 22:08:20.854  3418  3432 D BrokerableCMSystemService: Third party apps ready
12-14 22:08:20.854  3418  3432 I BrokerableCMSystemService: Connecting to implementation
12-14 22:08:20.855  3418  3432 W ContextImpl: Calling a method in the system process without a qualified user: android.app.ContextImpl.bindService:1295 org.cyanogenmod.platform.internal.BrokerableCMSystemService.tryConnecting:199 org.cyanogenmod.platform.internal.BrokerableCMSystemService.onBootPhase:127 org.cyanogenmod.platform.internal.CMAudioServiceBroker.onBootPhase:58 com.android.server.SystemServiceManager.startBootPhase:135 
12-14 22:08:20.865  3016  3016 I EXYNOS_COMP_REGS: Loading the library: libOMX.Exynos.MPEG4.Decoder.so
12-14 22:08:20.867  3418  3432 I ActivityManager: Start proc 3948:org.cyanogenmod.cmaudio.service/u0a0 for service org.cyanogenmod.cmaudio.service/.CMAudioService
12-14 22:08:20.871  3418  3552 V KeyValueBackupJob: Scheduling k/v pass in 240 minutes
12-14 22:08:20.877  3719  3912 I vol.Events: writeEvent level_changed STREAM_ALARM 6
12-14 22:08:20.882  3418  3432 E InputMethodManagerService: Ignoring updateSystemUiLocked due to an invalid token. uid:1000 token:null
12-14 22:08:20.882  3719  3719 D StorageNotification: Notifying about private volume: VolumeInfo{private}:
12-14 22:08:20.882  3719  3719 D StorageNotification:     type=PRIVATE diskId=null partGuid=null mountFlags=0 mountUserId=-1 
12-14 22:08:20.882  3719  3719 D StorageNotification:     state=MOUNTED 
12-14 22:08:20.882  3719  3719 D StorageNotification:     fsType=null fsUuid=null fsLabel=null 
12-14 22:08:20.882  3719  3719 D StorageNotification:     path=/data internalPath=null 
12-14 22:08:20.884  3719  3912 I vol.Events: writeEvent level_changed STREAM_BLUETOOTH_SCO 7
12-14 22:08:20.885  3418  3432 W InputMethodManagerService: Reset the default IME as "Resource" is ready here.
12-14 22:08:20.886  3418  3432 I InputMethodManagerService: Selected default: com.android.inputmethod.latin/.LatinIME
12-14 22:08:20.887  3418  3432 W InputMethodManagerService: Illegal subtype state: old subtype = null, new subtype = android.view.inputmethod.InputMethodSubtype@c9194f98
12-14 22:08:20.892  3719  3912 I vol.Events: writeEvent level_changed STREAM_MUSIC 11
12-14 22:08:20.892  3016  3016 I EXYNOS_COMP_REGS: Loading the library: libOMX.Exynos.MPEG4.Encoder.so
12-14 22:08:20.895  3719  3912 I vol.Events: writeEvent level_changed STREAM_RING 5
12-14 22:08:20.896  3920  3920 W System  : ClassLoader referenced unknown path: /system/priv-app/LiveLockScreenService/lib/arm64
12-14 22:08:20.896  3418  3432 I ActivityManager: Start proc 3963:com.android.inputmethod.latin/u0a68 for service com.android.inputmethod.latin/.LatinIME
12-14 22:08:20.896  3418  3432 V InputMethodManagerService: Adding window token: android.os.Binder@77644f0
12-14 22:08:20.896  3418  3433 I ActivityManager: Config changes=20 {1.0 ?mcc?mnc en_US ldltr sw360dp w360dp h616dp 640dpi nrml long port finger -keyb/v/h -nav/h s.6 themeResource=null}
12-14 22:08:20.898  3418  3432 W ServiceWatcher: com.google.android.gms not found
12-14 22:08:20.899  3418  3432 W ServiceWatcher: com.google.android.gms not found
12-14 22:08:20.899  3418  3432 W LocationManagerService: no network location provider found
12-14 22:08:20.899  3418  3432 W ServiceWatcher: com.google.android.gms not found
12-14 22:08:20.906  3418  3432 W ServiceWatcher: com.google.android.gms not found
12-14 22:08:20.907  3418  3432 E LocationManagerService: no geocoder provider found
12-14 22:08:20.907  3418  3432 E FlpHardwareProvider: Error hw_get_module 'flp': -2
12-14 22:08:20.907  3418  3432 E LocationManagerService: FLP HAL not supported
12-14 22:08:20.908  3418  3432 W ServiceWatcher: com.google.android.gms not found
12-14 22:08:20.908  3418  3432 E LocationManagerService: Unable to bind FLP Geofence proxy.
12-14 22:08:20.909  3418  3432 E ActivityRecognitionHardware: Error hw_get_module: -2
12-14 22:08:20.909  3418  3432 E LocationManagerService: Hardware Activity-Recognition not supported.
12-14 22:08:20.909  3418  3432 W ServiceWatcher: com.google.android.gms not found
12-14 22:08:20.909  3418  3432 E ActivityRecognitionProxy: ServiceWatcher could not start.
12-14 22:08:20.909  3418  3432 E LocationManagerService: Unable to bind ActivityRecognitionProxy.
12-14 22:08:20.910  3719  3912 I vol.Events: writeEvent level_changed STREAM_SYSTEM 5
12-14 22:08:20.912  3934  3934 W System  : ClassLoader referenced unknown path: /system/priv-app/WeatherManagerService/lib/arm64
12-14 22:08:20.914  3418  3432 I CommonTimeManagementService: No common time service detected on this platform.  Common time services will be unavailable.
12-14 22:08:20.914  3418  3418 V WiredAccessoryManager: init()
12-14 22:08:20.915  3418  3432 I MmsServiceBroker: Delay connecting to MmsService until an API is called
12-14 22:08:20.915  3418  3477 I InputReader: Reconfiguring input devices.  changes=0x00000020
12-14 22:08:20.917  3418  3477 I InputReader: Reconfiguring input devices.  changes=0x00000010
12-14 22:08:20.919  3418  3432 D MountService: onStartUser 0
12-14 22:08:20.920  3418  3432 D VoldConnector: SND -> {28 volume user_started 0}
12-14 22:08:20.920  3016  3016 I EXYNOS_COMP_REGS: Loading the library: libOMX.Exynos.VP8.Decoder.so
12-14 22:08:20.920  2924  2989 D vold    : Linking /storage/emulated/0 to /mnt/user/0/primary
12-14 22:08:20.920  3418  3479 D VoldConnector: RCV <- {200 28 Command succeeded}
12-14 22:08:20.921  3418  3478 D MountService: Volume emulated broadcasting mounted to UserHandle{0}
12-14 22:08:20.921  3418  3432 W VoiceInteractionManagerService: no available voice interaction services found for user 0
12-14 22:08:20.921  3418  3432 W VoiceInteractionManagerService: no available voice recognition services found for user 0
12-14 22:08:20.926  3418  3418 W System  : ClassLoader referenced unknown path: /system/priv-app/FusedLocation/lib/arm64
12-14 22:08:20.929  3719  3912 I vol.Events: writeEvent level_changed STREAM_VOICE_CALL 4
12-14 22:08:20.930  3719  3912 I vol.Events: writeEvent external_ringer_mode_changed normal
12-14 22:08:20.933  3784  3828 I ContactLocale: AddressBook Labels [en-US]: [, A, B, C, D, E, F, G, H, I, J, K, L, M, N, O, P, Q, R, S, T, U, V, W, X, Y, Z, , , , , , , , , , , , , , , , , , , , , , , , , , , , , , , , , , , , , , , , , , , , , , , , , , , , , , , , , , , , , , , , , , , , , , , , , , , , , , , , , , , , , , , , , , , , , , , , , , , , , , , , , , , , , , , , , , , , , , , , , , , , , , , , , , , , , , , , , , , , , , , , , , , , , , , , , , , , , , , , , , , , , , , , , , , , , , , , , , , , , , , , , , , #, ]
12-14 22:08:20.938  3418  3431 I ActivityManager: Start proc 3988:com.android.printspooler/u0a57 for service com.android.printspooler/.model.PrintSpoolerService
12-14 22:08:20.949  3016  3016 I EXYNOS_COMP_REGS: Loading the library: libOMX.Exynos.VP8.Encoder.so
12-14 22:08:20.949  3418  3432 I ActivityManager: Start proc 4001:org.cyanogenmod.audiofx/u0a3 for added application org.cyanogenmod.audiofx
12-14 22:08:20.960  3418  3432 I ActivityManager: Start proc 4014:com.android.phone/1001 for added application com.android.phone
12-14 22:08:20.961  3418  3432 I ActivityManager: START u0 {act=android.intent.action.MAIN cat=[android.intent.category.HOME] flg=0x10000000 cmp=com.android.settings/.CryptKeeper} from uid 0 on display 0
12-14 22:08:20.965  3016  3016 I EXYNOS_COMP_REGS: Loading the library: libOMX.Exynos.VP9.Decoder.so
12-14 22:08:20.976  3418  3432 I ActivityManager: Start proc 4030:com.android.settings:CryptKeeper/1000 for activity com.android.settings/.CryptKeeper
12-14 22:08:20.991  3016  3016 I EXYNOS_COMP_REGS: Loading the library: libOMX.Exynos.VP9.Encoder.so
12-14 22:08:21.006  3418  3432 I ActivityManager: Start proc 4056:com.android.externalstorage/u0a10 for broadcast com.android.externalstorage/.MountReceiver
12-14 22:08:21.006  3418  3432 I ActivityManager: Force stopping com.android.providers.media appid=10009 user=-1: vold reset
12-14 22:08:21.007  3719  3912 I vol.Events: writeEvent internal_ringer_mode_changed normal
12-14 22:08:21.007  3418  3432 W BroadcastQueue: Permission Denial: receiving Intent { act=android.intent.action.USER_SWITCHED flg=0x50000010 (has extras) } to ProcessRecord{1527536 3732:org.cyanogenmod.themeservice/u0a21} (pid=3732, uid=10021) requires android.permission.MANAGE_USERS due to sender null (uid 1000)
12-14 22:08:21.013  3016  3016 I EXYNOS_COMP_REGS: Loading the library: libOMX.Exynos.WMV.Decoder.so
12-14 22:08:21.043  4001  4001 W System  : ClassLoader referenced unknown path: /system/priv-app/AudioFX/lib/arm64
12-14 22:08:21.043  4014  4014 W System  : ClassLoader referenced unknown path: /system/priv-app/TeleService/lib/arm64
12-14 22:08:21.047  4030  4030 W System  : ClassLoader referenced unknown path: /system/priv-app/Settings/lib/arm64
12-14 22:08:21.048  2937  3003 D PermissionCache: checking android.permission.HARDWARE_TEST for uid=1000 => granted (446 us)
12-14 22:08:21.055  4056  4056 W System  : ClassLoader referenced unknown path: /system/priv-app/ExternalStorageProvider/lib/arm64
12-14 22:08:21.057  4056  4056 D ExternalStorage: After updating volumes, found 1 active roots
12-14 22:08:21.059  4056  4056 D ExternalStorage: After updating volumes, found 1 active roots
12-14 22:08:21.060  3016  3985 V audio_hw_primary: adev_set_mic_mute: set mic mute: 0
12-14 22:08:21.060  4056  4056 D ExternalStorage: After updating volumes, found 1 active roots
12-14 22:08:21.070  3418  3418 E CMHardwareService: Vibrator is not supported
12-14 22:08:21.071  3418  3418 E CMHardwareService: Vibrator is not supported
12-14 22:08:21.073  3418  3483 I ActivityManager: Start proc 4094:com.android.settings/1000 for broadcast com.android.settings/.widget.SettingsAppWidgetProvider
12-14 22:08:21.073  3418  3418 I BrokerableCMSystemService: Implementation service connected
12-14 22:08:21.073  3418  3418 I BrokerableCMSystemService: Implementation service connected
12-14 22:08:21.073  3418  3418 I BrokerableCMSystemService: Notifying service connected
12-14 22:08:21.073  3418  3418 I BrokerableCMSystemService: Implementation service connected
12-14 22:08:21.086  3988  3988 I PrintSpoolerService: No existing print spooler state.
12-14 22:08:21.093  4030  4030 D CryptKeeper: Disabling component ComponentInfo{com.android.settings/com.android.settings.CryptKeeper}
12-14 22:08:21.095  3418  3986 I ActivityManager: START u0 {act=android.intent.action.MAIN cat=[android.intent.category.HOME] flg=0x10000000 cmp=com.cyanogenmod.setupwizard/.ui.SetupWizardActivity} from uid 0 on display 0
12-14 22:08:21.095  4094  4094 W System  : ClassLoader referenced unknown path: /system/priv-app/Settings/lib/arm64
12-14 22:08:21.112  3418  3986 I ActivityManager: Start proc 4109:com.cyanogenmod.setupwizard/1000 for activity com.cyanogenmod.setupwizard/.ui.SetupWizardActivity
12-14 22:08:21.116  3418  3712 I StatusBarManagerService: registerStatusBar bar=com.android.internal.statusbar.IStatusBar$Stub$Proxy@afa0540
12-14 22:08:21.127  3016  3016 D libexynosv4l2: try node: /dev/video6
12-14 22:08:21.127  3016  3016 I libexynosv4l2: node found for device s5p-mfc-dec: /dev/video6
12-14 22:08:21.133  4014  4014 W System  : ClassLoader referenced unknown path: /system/priv-app/TelephonyProvider/lib/arm64
12-14 22:08:21.137  4109  4109 W System  : ClassLoader referenced unknown path: /system/priv-app/CyanogenSetupWizard/lib/arm64
12-14 22:08:21.152  3016  3016 I libexynosv4l2: open video device /dev/video6
12-14 22:08:21.153  3016  3016 W ACodec  : do not know color format 0x7f000012 = 2130706450
12-14 22:08:21.153  3016  3016 W ACodec  : do not know color format 0x7f000011 = 2130706449
12-14 22:08:21.153  3016  3016 I Exynos_OSAL_Android: output buffer sharing mode is on (15)
12-14 22:08:21.155  3016  3016 D libexynosv4l2: try node: /dev/video6
12-14 22:08:21.155  3016  3016 I libexynosv4l2: node found for device s5p-mfc-dec: /dev/video6
12-14 22:08:21.158  3016  3016 I libexynosv4l2: open video device /dev/video6
12-14 22:08:21.158  3016  3016 W ACodec  : do not know color format 0x7f000012 = 2130706450
12-14 22:08:21.158  3016  3016 W ACodec  : do not know color format 0x7f000011 = 2130706449
12-14 22:08:21.158  3016  3016 I Exynos_OSAL_Android: output buffer sharing mode is on (15)
12-14 22:08:21.160  3016  3016 D libexynosv4l2: try node: /dev/video6
12-14 22:08:21.160  3016  3016 I libexynosv4l2: node found for device s5p-mfc-dec: /dev/video6
12-14 22:08:21.163  3016  3016 I libexynosv4l2: open video device /dev/video6
12-14 22:08:21.163  3016  3016 W ACodec  : do not know color format 0x7f000012 = 2130706450
12-14 22:08:21.163  3016  3016 W ACodec  : do not know color format 0x7f000011 = 2130706449
12-14 22:08:21.163  3016  3016 I Exynos_OSAL_Android: output buffer sharing mode is on (15)
12-14 22:08:21.165  3016  3016 D libexynosv4l2: try node: /dev/video6
12-14 22:08:21.165  3016  3016 I libexynosv4l2: node found for device s5p-mfc-dec: /dev/video6
12-14 22:08:21.165  3418  3487 D WifiService: New client listening to asynchronous messages
12-14 22:08:21.168  3016  3016 I libexynosv4l2: open video device /dev/video6
12-14 22:08:21.168  3016  3016 I Exynos_OSAL_Android: output buffer sharing mode is on (15)
12-14 22:08:21.170  3016  3016 D libexynosv4l2: try node: /dev/video6
12-14 22:08:21.170  3016  3016 I libexynosv4l2: node found for device s5p-mfc-dec: /dev/video6
12-14 22:08:21.173  3016  3016 I libexynosv4l2: open video device /dev/video6
12-14 22:08:21.173  3016  3016 W ACodec  : do not know color format 0x7f000012 = 2130706450
12-14 22:08:21.173  3016  3016 W ACodec  : do not know color format 0x7f000011 = 2130706449
12-14 22:08:21.173  3016  3016 I Exynos_OSAL_Android: output buffer sharing mode is on (15)
12-14 22:08:21.174  3016  3016 D libexynosv4l2: try node: /dev/video6
12-14 22:08:21.174  3016  3016 I libexynosv4l2: node found for device s5p-mfc-dec: /dev/video6
12-14 22:08:21.176  3418  3418 I FusedLocation: engine started (com.android.location.fused)
12-14 22:08:21.178  3016  3016 I libexynosv4l2: open video device /dev/video6
12-14 22:08:21.178  3016  3016 W ACodec  : do not know color format 0x7f000012 = 2130706450
12-14 22:08:21.178  3016  3016 W ACodec  : do not know color format 0x7f000011 = 2130706449
12-14 22:08:21.178  3016  3016 I Exynos_OSAL_Android: output buffer sharing mode is on (15)
12-14 22:08:21.180  3016  3016 D libexynosv4l2: try node: /dev/video6
12-14 22:08:21.180  3016  3016 I libexynosv4l2: node found for device s5p-mfc-dec: /dev/video6
12-14 22:08:21.183  3016  3016 I libexynosv4l2: open video device /dev/video6
12-14 22:08:21.183  3016  3016 E OMXNodeInstance: getParameter(7:Exynos.VP9.Decoder, ParamVideoProfileLevelQuerySupported(0x600000f)) ERROR: UnsupportedIndex(0x8000101a)
12-14 22:08:21.183  3016  3016 W ACodec  : do not know color format 0x7f000012 = 2130706450
12-14 22:08:21.183  3016  3016 W ACodec  : do not know color format 0x7f000011 = 2130706449
12-14 22:08:21.183  3016  3016 I Exynos_OSAL_Android: output buffer sharing mode is on (15)
12-14 22:08:21.184  3016  3016 E OMX     : FAILED to allocate omx component 'OMX.Exynos.VC1.Decoder' err=InvalidComponentName(0x80001002)
12-14 22:08:21.184  3016  3016 E OMX     : FAILED to allocate omx component 'OMX.Exynos.VC1.Decoder' err=InvalidComponentName(0x80001002)
12-14 22:08:21.184  3016  3016 W MediaCodecList: ignoring Limit specified outside of a Type
12-14 22:08:21.184  3016  3016 W MediaCodecList: ignoring Limit specified outside of a Type
12-14 22:08:21.184  3016  3016 W MediaCodecList: ignoring Limit specified outside of a Type
12-14 22:08:21.184  3016  3016 W MediaCodecList: ignoring Limit specified outside of a Type
12-14 22:08:21.184  3016  3016 W MediaCodecList: ignoring Limit specified outside of a Type
12-14 22:08:21.184  3016  3016 W MediaCodecList: ignoring Limit specified outside of a Type
12-14 22:08:21.184  3016  3016 W MediaCodecList: ignoring Feature specified outside of a Type
12-14 22:08:21.184  3016  3016 E OMX     : FAILED to allocate omx component 'OMX.Exynos.MP3.Decoder' err=InvalidComponentName(0x80001002)
12-14 22:08:21.184  3016  3016 E OMX     : FAILED to allocate omx component 'OMX.Exynos.MP3.Decoder' err=InvalidComponentName(0x80001002)
12-14 22:08:21.184  3016  3016 E OMX     : FAILED to allocate omx component 'OMX.Exynos.MP3.Decoder' err=InvalidComponentName(0x80001002)
12-14 22:08:21.184  3016  3016 E OMX     : FAILED to allocate omx component 'OMX.Exynos.AAC.Decoder' err=InvalidComponentName(0x80001002)
12-14 22:08:21.185  3016  3016 D libexynosv4l2: try node: /dev/video6
12-14 22:08:21.185  3016  3016 D libexynosv4l2: try node: /dev/video7
12-14 22:08:21.185  3016  3016 I libexynosv4l2: node found for device s5p-mfc-enc: /dev/video7
12-14 22:08:21.188  3016  3016 I libexynosv4l2: open video device /dev/video7
12-14 22:08:21.189  3016  3016 W ACodec  : do not know color format 0x7f000011 = 2130706449
12-14 22:08:21.189  3016  3016 W ACodec  : do not know color format 0x10 = 16
12-14 22:08:21.189  3016  3016 W ACodec  : do not know color format 0x7f00a000 = 2130747392
12-14 22:08:21.189  3016  3016 W ACodec  : do not know color format 0x7f000789 = 2130708361
12-14 22:08:21.189  3016  3016 W ACodec  : do not know color format 0x7f000012 = 2130706450
12-14 22:08:21.190  3418  3487 D WifiService: New client listening to asynchronous messages
12-14 22:08:21.190  3016  3016 D libexynosv4l2: try node: /dev/video6
12-14 22:08:21.190  3016  3016 D libexynosv4l2: try node: /dev/video7
12-14 22:08:21.190  3016  3016 I libexynosv4l2: node found for device s5p-mfc-enc: /dev/video7
12-14 22:08:21.194  3016  3016 I libexynosv4l2: open video device /dev/video7
12-14 22:08:21.194  3016  3016 W ACodec  : do not know color format 0x7f000011 = 2130706449
12-14 22:08:21.194  3016  3016 W ACodec  : do not know color format 0x10 = 16
12-14 22:08:21.194  3016  3016 W ACodec  : do not know color format 0x7f00a000 = 2130747392
12-14 22:08:21.194  3016  3016 W ACodec  : do not know color format 0x7f000789 = 2130708361
12-14 22:08:21.194  3016  3016 W ACodec  : do not know color format 0x7f000012 = 2130706450
12-14 22:08:21.195  3016  3016 D libexynosv4l2: try node: /dev/video6
12-14 22:08:21.195  3016  3016 D libexynosv4l2: try node: /dev/video7
12-14 22:08:21.195  3016  3016 I libexynosv4l2: node found for device s5p-mfc-enc: /dev/video7
12-14 22:08:21.198  3016  3016 I libexynosv4l2: open video device /dev/video7
12-14 22:08:21.199  3016  3016 W ACodec  : do not know color format 0x7f000011 = 2130706449
12-14 22:08:21.199  3016  3016 W ACodec  : do not know color format 0x10 = 16
12-14 22:08:21.199  3016  3016 W ACodec  : do not know color format 0x7f00a000 = 2130747392
12-14 22:08:21.199  3016  3016 W ACodec  : do not know color format 0x7f000789 = 2130708361
12-14 22:08:21.199  3016  3016 W ACodec  : do not know color format 0x7f000012 = 2130706450
12-14 22:08:21.200  3016  3016 D libexynosv4l2: try node: /dev/video6
12-14 22:08:21.200  3016  3016 D libexynosv4l2: try node: /dev/video7
12-14 22:08:21.200  3016  3016 I libexynosv4l2: node found for device s5p-mfc-enc: /dev/video7
12-14 22:08:21.204  3016  3016 I libexynosv4l2: open video device /dev/video7
12-14 22:08:21.204  3016  3016 W ACodec  : do not know color format 0x7f000011 = 2130706449
12-14 22:08:21.204  3016  3016 W ACodec  : do not know color format 0x10 = 16
12-14 22:08:21.204  3016  3016 W ACodec  : do not know color format 0x7f00a000 = 2130747392
12-14 22:08:21.204  3016  3016 W ACodec  : do not know color format 0x7f000789 = 2130708361
12-14 22:08:21.204  3016  3016 W ACodec  : do not know color format 0x7f000012 = 2130706450
12-14 22:08:21.205  3016  3016 D libexynosv4l2: try node: /dev/video6
12-14 22:08:21.205  3016  3016 D libexynosv4l2: try node: /dev/video7
12-14 22:08:21.206  3016  3016 I libexynosv4l2: node found for device s5p-mfc-enc: /dev/video7
12-14 22:08:21.208  3016  3016 I libexynosv4l2: open video device /dev/video7
12-14 22:08:21.209  3016  3016 W ACodec  : do not know color format 0x7f000011 = 2130706449
12-14 22:08:21.209  3016  3016 W ACodec  : do not know color format 0x10 = 16
12-14 22:08:21.209  3016  3016 W ACodec  : do not know color format 0x7f00a000 = 2130747392
12-14 22:08:21.209  3016  3016 W ACodec  : do not know color format 0x7f000789 = 2130708361
12-14 22:08:21.209  3016  3016 W ACodec  : do not know color format 0x7f000012 = 2130706450
12-14 22:08:21.210  3016  3016 D libexynosv4l2: try node: /dev/video6
12-14 22:08:21.210  3016  3016 D libexynosv4l2: try node: /dev/video7
12-14 22:08:21.210  3016  3016 I libexynosv4l2: node found for device s5p-mfc-enc: /dev/video7
12-14 22:08:21.213  3016  3016 I libexynosv4l2: open video device /dev/video7
12-14 22:08:21.213  3016  3016 W ACodec  : do not know color format 0x7f000011 = 2130706449
12-14 22:08:21.213  3016  3016 W ACodec  : do not know color format 0x10 = 16
12-14 22:08:21.213  3016  3016 W ACodec  : do not know color format 0x7f00a000 = 2130747392
12-14 22:08:21.213  3016  3016 W ACodec  : do not know color format 0x7f000789 = 2130708361
12-14 22:08:21.213  3016  3016 W ACodec  : do not know color format 0x7f000012 = 2130706450
12-14 22:08:21.229  3418  3436 D BluetoothManagerService: Message: 20
12-14 22:08:21.230  3418  3436 D BluetoothManagerService: Added callback: android.bluetooth.IBluetoothManagerCallback$Stub$Proxy@9f7d735:true
12-14 22:08:21.232  3418  3436 D BluetoothManagerService: Message: 30
12-14 22:08:21.234  3418  3436 D BluetoothManagerService: Message: 30
12-14 22:08:21.235  4094  4094 D LocalBluetoothProfileManager: Adding local MAP profile
12-14 22:08:21.236  3963  3963 I LatinIME: Hardware accelerated drawing: true
12-14 22:08:21.236  4094  4094 D BluetoothMap: Create BluetoothMap proxy object
12-14 22:08:21.237  3418  3436 D BluetoothManagerService: Message: 30
12-14 22:08:21.238  3418  3436 D BluetoothManagerService: Message: 30
12-14 22:08:21.240  4094  4094 D LocalBluetoothProfileManager: LocalBluetoothProfileManager construction complete
12-14 22:08:21.246  3719  4151 D OpenGLRenderer: Use EGL_SWAP_BEHAVIOR_PRESERVED: true
12-14 22:08:21.247  3016  3016 W OMXNodeInstance: [e:google.mpeg4.decoder] component does not support metadata mode; using fallback
12-14 22:08:21.248  3016  3016 W OMXNodeInstance: [f:google.mpeg4.decoder] component does not support metadata mode; using fallback
12-14 22:08:21.248  3016  3016 W MediaCodecList: ignoring Limit specified outside of a Type
12-14 22:08:21.248  3016  3016 W MediaCodecList: ignoring Limit specified outside of a Type
12-14 22:08:21.248  3016  3016 W MediaCodecList: ignoring Limit specified outside of a Type
12-14 22:08:21.248  3016  3016 W MediaCodecList: ignoring Limit specified outside of a Type
12-14 22:08:21.248  3016  3016 W MediaCodecList: ignoring Limit specified outside of a Type
12-14 22:08:21.248  3016  3016 W MediaCodecList: ignoring Feature specified outside of a Type
12-14 22:08:21.249  3016  3016 W OMXNodeInstance: [10:google.h263.decoder] component does not support metadata mode; using fallback
12-14 22:08:21.261  3418  3614 I ActivityManager: Start proc 4159:android.process.media/u0a9 for broadcast com.android.providers.downloads/.DownloadReceiver
12-14 22:08:21.268  3016  3016 W OMXNodeInstance: [11:google.h264.decoder] component does not support metadata mode; using fallback
12-14 22:08:21.286  4109  4109 W GooglePlayServicesUtil: Google Play services is missing.
12-14 22:08:21.291  4109  4109 D TelephonyManager: getDataEnabled: retVal=false
12-14 22:08:21.293  3963  3963 W InputAttributes: No editor info for this field. Bug?
12-14 22:08:21.299  3016  3016 W OMXNodeInstance: [12:google.hevc.decoder] component does not support metadata mode; using fallback
12-14 22:08:21.308  4109  4109 W ContextImpl: Calling a method in the system process without a qualified user: android.app.ContextImpl.bindService:1295 android.content.ContextWrapper.bindService:610 android.speech.tts.TextToSpeech.connectToEngine:800 android.speech.tts.TextToSpeech.initTts:770 android.speech.tts.TextToSpeech.<init>:723 
12-14 22:08:21.311  3418  3436 D BluetoothManagerService: Message: 20
12-14 22:08:21.311  3418  3436 D BluetoothManagerService: Added callback: android.bluetooth.IBluetoothManagerCallback$Stub$Proxy@c4b0cd:true
12-14 22:08:21.312  3963  4182 I LatinIME:LogUtils: Dictionary info: dictionary = contacts.en_US ; version = 1481753301 ; date = ?
12-14 22:08:21.315  4159  4159 W System  : ClassLoader referenced unknown path: /system/priv-app/DownloadProvider/lib/arm64
12-14 22:08:21.320  3418  4029 I ActivityManager: Start proc 4183:com.svox.pico/u0a55 for service com.svox.pico/.PicoService
12-14 22:08:21.320  4109  4109 I TextToSpeech: Sucessfully bound to com.svox.pico
12-14 22:08:21.322  3418  3436 D BluetoothManagerService: Message: 30
12-14 22:08:21.322  4159  4159 W System  : ClassLoader referenced unknown path: /system/priv-app/MediaProvider/lib/arm64
12-14 22:08:21.324  4109  4109 E MediaPlayer-JNI: JNIMediaPlayerFactory: bIsQCMediaPlayerPresent 0
12-14 22:08:21.324  4109  4109 E MediaPlayer-JNI: JNIMediaPlayerFactory: bIsQCMediaPlayerPresent 0
12-14 22:08:21.326  3418  3436 D BluetoothManagerService: Message: 30
12-14 22:08:21.329  4109  4109 D Ringtone: Problem opening; delegating to remote player
12-14 22:08:21.330  4109  4109 E MediaPlayer-JNI: JNIMediaPlayerFactory: bIsQCMediaPlayerPresent 0
12-14 22:08:21.330  4109  4109 E MediaPlayer-JNI: JNIMediaPlayerFactory: bIsQCMediaPlayerPresent 0
12-14 22:08:21.331  4109  4109 D Ringtone: Problem opening; delegating to remote player
12-14 22:08:21.331  3016  3016 W OMXNodeInstance: [13:google.vp8.decoder] component does not support metadata mode; using fallback
12-14 22:08:21.332  3719  3719 D LocalBluetoothProfileManager: Adding local MAP profile
12-14 22:08:21.333  3719  3719 D BluetoothMap: Create BluetoothMap proxy object
12-14 22:08:21.333  3016  3016 W OMXNodeInstance: [14:google.vp9.decoder] component does not support metadata mode; using fallback
12-14 22:08:21.333  3418  3436 D BluetoothManagerService: Message: 30
12-14 22:08:21.342  3418  3436 D BluetoothManagerService: Message: 30
12-14 22:08:21.345  3719  3719 D LocalBluetoothProfileManager: LocalBluetoothProfileManager construction complete
12-14 22:08:21.350  3418  3614 D ConnectivityService: listenForNetwork for Listen from uid/pid:10024/3719 for NetworkRequest [ id=3, legacyType=-1, [] ]
12-14 22:08:21.356  3719  3719 I CameraManagerGlobal: Connecting to camera service
12-14 22:08:21.357  3016  3016 I SoftMPEG4Encoder: Construct SoftMPEG4Encoder
12-14 22:08:21.357  3016  3016 W ACodec  : do not know color format 0x7f000789 = 2130708361
12-14 22:08:21.376  3418  3986 I ActivityManager: Start proc 4205:org.cyanogenmod.weather.provider/u0a28 for content provider org.cyanogenmod.weather.provider/.WeatherContentProvider
12-14 22:08:21.384  3016  3016 W ACodec  : do not know color format 0x7f000789 = 2130708361
12-14 22:08:21.385  4183  4183 V SynthProxy: About to load libttspico.so, applyFilter=true
12-14 22:08:21.386  3016  3016 I SoftMPEG4Encoder: Construct SoftMPEG4Encoder
12-14 22:08:21.386  3016  3016 W ACodec  : do not know color format 0x7f000789 = 2130708361
12-14 22:08:21.391  4205  4205 W System  : ClassLoader referenced unknown path: /system/priv-app/WeatherProvider/lib/arm64
12-14 22:08:21.400  3719  3719 W QSTileHost: Error creating tile for spec: live_display
12-14 22:08:21.400  3719  3719 W QSTileHost: java.lang.IllegalArgumentException: Bad tile spec: live_display
12-14 22:08:21.400  3719  3719 W QSTileHost: 	at com.android.systemui.statusbar.phone.QSTileHost.createTile(QSTileHost.java:382)
12-14 22:08:21.400  3719  3719 W QSTileHost: 	at com.android.systemui.statusbar.phone.QSTileHost.onTuningChanged(QSTileHost.java:325)
12-14 22:08:21.400  3719  3719 W QSTileHost: 	at com.android.systemui.tuner.TunerService.addTunableByProvider(TunerService.java:114)
12-14 22:08:21.400  3719  3719 W QSTileHost: 	at com.android.systemui.statusbar.phone.QSTileHost.<init>(QSTileHost.java:153)
12-14 22:08:21.400  3719  3719 W QSTileHost: 	at com.android.systemui.statusbar.phone.PhoneStatusBar.makeStatusBarView(PhoneStatusBar.java:1189)
12-14 22:08:21.400  3719  3719 W QSTileHost: 	at com.android.systemui.statusbar.phone.PhoneStatusBar.addStatusBarWindow(PhoneStatusBar.java:3463)
12-14 22:08:21.400  3719  3719 W QSTileHost: 	at com.android.systemui.statusbar.phone.PhoneStatusBar.createAndAddWindows(PhoneStatusBar.java:3459)
12-14 22:08:21.400  3719  3719 W QSTileHost: 	at com.android.systemui.statusbar.BaseStatusBar.start(BaseStatusBar.java:631)
12-14 22:08:21.400  3719  3719 W QSTileHost: 	at com.android.systemui.statusbar.phone.PhoneStatusBar.start(PhoneStatusBar.java:818)
12-14 22:08:21.400  3719  3719 W QSTileHost: 	at com.android.systemui.statusbar.SystemBars.createStatusBarFromConfig(SystemBars.java:106)
12-14 22:08:21.400  3719  3719 W QSTileHost: 	at com.android.systemui.statusbar.SystemBars.onNoService(SystemBars.java:58)
12-14 22:08:21.400  3719  3719 W QSTileHost: 	at com.android.systemui.statusbar.ServiceMonitor.startService(ServiceMonitor.java:230)
12-14 22:08:21.400  3719  3719 W QSTileHost: 	at com.android.systemui.statusbar.ServiceMonitor.-wrap5(ServiceMonitor.java)
12-14 22:08:21.400  3719  3719 W QSTileHost: 	at com.android.systemui.statusbar.ServiceMonitor$1.handleMessage(ServiceMonitor.java:73)
12-14 22:08:21.400  3719  3719 W QSTileHost: 	at android.os.Handler.dispatchMessage(Handler.java:102)
12-14 22:08:21.400  3719  3719 W QSTileHost: 	at android.os.Looper.loop(Looper.java:148)
12-14 22:08:21.400  3719  3719 W QSTileHost: 	at android.app.ActivityThread.main(ActivityThread.java:5461)
12-14 22:08:21.400  3719  3719 W QSTileHost: 	at java.lang.reflect.Method.invoke(Native Method)
12-14 22:08:21.400  3719  3719 W QSTileHost: 	at com.android.internal.os.ZygoteInit$MethodAndArgsCaller.run(ZygoteInit.java:726)
12-14 22:08:21.400  3719  3719 W QSTileHost: 	at com.android.internal.os.ZygoteInit.main(ZygoteInit.java:616)
12-14 22:08:21.407  3719  3719 W CustomTileListenerService[]: CustomTile listener service not yet bound.
12-14 22:08:21.411  3719  3719 W Resources: Drawable com.android.systemui:drawable/ic_battery_circle has unresolved theme attributes! Consider using Resources.getDrawable(int, Theme) or Context.getDrawable(int).
12-14 22:08:21.411  3719  3719 W Resources: java.lang.RuntimeException
12-14 22:08:21.411  3719  3719 W Resources: 	at android.content.res.Resources.getDrawable(Resources.java:799)
12-14 22:08:21.411  3719  3719 W Resources: 	at com.android.systemui.BatteryMeterView$AllInOneBatteryMeterDrawable.loadBatteryDrawables(BatteryMeterView.java:637)
12-14 22:08:21.411  3719  3719 W Resources: 	at com.android.systemui.BatteryMeterView$AllInOneBatteryMeterDrawable.<init>(BatteryMeterView.java:492)
12-14 22:08:21.411  3719  3719 W Resources: 	at com.android.systemui.BatteryMeterView.createBatteryMeterDrawable(BatteryMeterView.java:264)
12-14 22:08:21.411  3719  3719 W Resources: 	at com.android.systemui.BatteryMeterView.setMode(BatteryMeterView.java:366)
12-14 22:08:21.411  3719  3719 W Resources: 	at com.android.systemui.BatteryMeterView.onBatteryStyleChanged(BatteryMeterView.java:336)
12-14 22:08:21.411  3719  3719 W Resources: 	at com.android.systemui.statusbar.policy.BatteryController.addStateChangedCallback(BatteryController.java:100)
12-14 22:08:21.411  3719  3719 W Resources: 	at com.android.systemui.BatteryMeterView.setBatteryStateRegistar(BatteryMeterView.java:283)
12-14 22:08:21.411  3719  3719 W Resources: 	at com.android.systemui.statusbar.phone.StatusBarHeaderView.setBatteryController(StatusBarHeaderView.java:350)
12-14 22:08:21.411  3719  3719 W Resources: 	at com.android.systemui.statusbar.phone.PhoneStatusBar.makeStatusBarView(PhoneStatusBar.java:1297)
12-14 22:08:21.411  3719  3719 W Resources: 	at com.android.systemui.statusbar.phone.PhoneStatusBar.addStatusBarWindow(PhoneStatusBar.java:3463)
12-14 22:08:21.411  3719  3719 W Resources: 	at com.android.systemui.statusbar.phone.PhoneStatusBar.createAndAddWindows(PhoneStatusBar.java:3459)
12-14 22:08:21.411  3719  3719 W Resources: 	at com.android.systemui.statusbar.BaseStatusBar.start(BaseStatusBar.java:631)
12-14 22:08:21.411  3719  3719 W Resources: 	at com.android.systemui.statusbar.phone.PhoneStatusBar.start(PhoneStatusBar.java:818)
12-14 22:08:21.411  3719  3719 W Resources: 	at com.android.systemui.statusbar.SystemBars.createStatusBarFromConfig(SystemBars.java:106)
12-14 22:08:21.411  3719  3719 W Resources: 	at com.android.systemui.statusbar.SystemBars.onNoService(SystemBars.java:58)
12-14 22:08:21.411  3719  3719 W Resources: 	at com.android.systemui.statusbar.ServiceMonitor.startService(ServiceMonitor.java:230)
12-14 22:08:21.411  3719  3719 W Resources: 	at com.android.systemui.statusbar.ServiceMonitor.-wrap5(ServiceMonitor.java)
12-14 22:08:21.411  3719  3719 W Resources: 	at com.android.systemui.statusbar.ServiceMonitor$1.handleMessage(ServiceMonitor.java:73)
12-14 22:08:21.411  3719  3719 W Resources: 	at android.os.Handler.dispatchMessage(Handler.java:102)
12-14 22:08:21.411  3719  3719 W Resources: 	at android.os.Looper.loop(Looper.java:148)
12-14 22:08:21.411  3719  3719 W Resources: 	at android.app.ActivityThread.main(ActivityThread.java:5461)
12-14 22:08:21.411  3719  3719 W Resources: 	at java.lang.reflect.Method.invoke(Native Method)
12-14 22:08:21.411  3719  3719 W Resources: 	at com.android.internal.os.ZygoteInit$MethodAndArgsCaller.run(ZygoteInit.java:726)
12-14 22:08:21.411  3719  3719 W Resources: 	at com.android.internal.os.ZygoteInit.main(ZygoteInit.java:616)
12-14 22:08:21.411  3719  3719 D BatteryMeterView: mTextGravity=17
12-14 22:08:21.412  3719  3719 D BatteryMeterView: mTextGravity=17
12-14 22:08:21.412  3719  3719 D BatteryMeterView: mTextGravity=17
12-14 22:08:21.414  3719  4151 D OpenGLRenderer: profile bars disabled
12-14 22:08:21.414  3719  4151 D OpenGLRenderer: ambientRatio = 1.50
12-14 22:08:21.418  2937  3005 D PermissionCache: checking android.permission.ACCESS_SURFACE_FLINGER for uid=10024 => granted (114 us)
12-14 22:08:21.419  3016  3016 W ACodec  : do not know color format 0x7f000789 = 2130708361
12-14 22:08:21.421  3719  3719 D PhoneStatusBar: disable: < EXPAND* icons alerts system_info BACK* HOME* RECENT* clock SEARCH* quick_settings >
12-14 22:08:21.440  3719  3719 D PhoneStatusBar: heads up is enabled
12-14 22:08:21.444  3719  3719 D StatusBar: user hasn't seen notification about hidden notifications
12-14 22:08:21.444  3719  3719 D StatusBar: insecure lockscreen, skipping notification
12-14 22:08:21.460  3719  3719 D ViewRootImpl: changeCanvasOpacity: opaque=true
12-14 22:08:21.535  3719  4151 I OpenGLRenderer: Initialized EGL, version 1.4
12-14 22:08:21.539  3719  4151 D mali_winsys: EGLint new_window_surface(egl_winsys_display*, void*, EGLSurface, EGLConfig, egl_winsys_surface**, egl_color_buffer_format*, EGLBoolean) returns 0x3000,  [1440x96]-format:1
12-14 22:08:21.543  3719  3719 D PhoneStatusBar: disable: < EXPAND ICONS* ALERTS* system_info BACK HOME RECENT clock SEARCH quick_settings >
12-14 22:08:21.543  3719  3719 D PhoneStatusBar: heads up is disabled
12-14 22:08:21.543  3719  3719 D PhoneStatusBar: dismissing any existing heads up notification on disable event
12-14 22:08:21.544  3418  3487 D WifiService: New client listening to asynchronous messages
12-14 22:08:21.553  4183  4183 I SVOX Pico Engine: loaded en-US successfully
12-14 22:08:21.567  4159  4159 I DownloadManager: Upgrading downloads database from version 0 to version 109, which will destroy all old data
12-14 22:08:21.611  3784  3828 D ContactDirectoryManager: Found com.android.exchange.directory.provider
12-14 22:08:21.624  3418  3712 I ActivityManager: Start proc 4274:com.android.exchange/u0a41 for content provider com.android.exchange/.provider.ExchangeDirectoryProvider
12-14 22:08:21.648  4274  4274 W System  : ClassLoader referenced unknown path: /system/app/Exchange2/lib/arm64
12-14 22:08:21.665  3016  3016 W MediaCodecList: Component OMX.Exynos.MP3.Decoder does not support any type of media?
12-14 22:08:21.665  3016  3016 W MediaCodecList: Component OMX.Exynos.VC1.Decoder does not support any type of media?
12-14 22:08:21.665  3016  3016 W MediaCodecList: unable to open media codecs configuration xml file: /etc/media_codecs_performance.xml
12-14 22:08:21.665  3016  3016 W MediaCodecList: unable to open media codecs configuration xml file: /data/misc/media/media_codecs_profiling_results.xml
12-14 22:08:21.666  3418  3933 I OMXClient: Using client-side OMX mux.
12-14 22:08:21.666  3719  3894 I OMXClient: Using client-side OMX mux.
12-14 22:08:21.718  3719  4302 I OMXClient: Using client-side OMX mux.
12-14 22:08:21.723  3418  4305 I OMXClient: Using client-side OMX mux.
12-14 22:08:21.745  3418  4055 I ActivityManager: Start proc 4309:com.android.email/u0a47 for content provider com.android.email/.provider.EmailProvider
12-14 22:08:21.754  3963  4182 I LatinIME:LogUtils: Dictionary info: dictionary = userunigram.en_US ; version = 1481753301 ; date = ?
12-14 22:08:21.767  3784  3828 I ContactDirectoryManager: deleted 0 stale rows which don't have any relevant directory
12-14 22:08:21.778  3418  4323 I OMXClient: Using client-side OMX mux.
12-14 22:08:21.781  3719  4324 I OMXClient: Using client-side OMX mux.
12-14 22:08:21.794  4159  4159 I MediaProvider: Upgrading media database from version 0 to 800, which will destroy all old data
12-14 22:08:21.801  3784  3828 I ContactDirectoryManager: Discovered 0 contact directories in 404ms
12-14 22:08:21.821  4309  4309 W System  : ClassLoader referenced unknown path: /system/app/Email/lib/arm64
12-14 22:08:21.826  3784  3828 I ContactsProvider: Upgrading aggregation algorithm
12-14 22:08:21.827  3784  3828 I ContactAggregator: Marked all visible contacts for aggregation: 0 raw contacts, 0 ms
12-14 22:08:21.841  3418  4333 I OMXClient: Using client-side OMX mux.
12-14 22:08:21.855  4159  4159 D MediaProvider: Adjusting external storage paths to: /storage/emulated/0
12-14 22:08:21.882  3418  4336 I OMXClient: Using client-side OMX mux.
12-14 22:08:21.891  4159  4159 E SQLiteLog: (1) no such table: album_info
12-14 22:08:21.910  4014  4014 D TelephonyProvider: dbh.onCreate:+ db=SQLiteDatabase: /data/user/0/com.android.providers.telephony/databases/telephony.db
12-14 22:08:21.910  4014  4014 D TelephonyProvider: dbh.createSimInfoTable:+
12-14 22:08:21.912  4014  4014 D TelephonyProvider: dbh.createSimInfoTable:-
12-14 22:08:21.912  4014  4014 D TelephonyProvider: dbh.createCarriersTable: carriers
12-14 22:08:21.913  4014  4014 D TelephonyProvider: dbh.createCarriersTable:-
12-14 22:08:21.914  4014  4014 D TelephonyProvider: No APNs in OEM image = /oem/telephony/apns-conf.xml Load APNs from system image
12-14 22:08:21.914  4014  4014 D TelephonyProvider: No APNs in OEM image = /data/misc/apns-conf.xml Load APNs from system image
12-14 22:08:21.914  4014  4014 D TelephonyProvider: confFile = /system/etc/apns-conf.xml
12-14 22:08:21.918  3418  4339 I OMXClient: Using client-side OMX mux.
12-14 22:08:21.962  3418  3984 I ActivityManager: Start proc 4343:com.cyanogenmod.eleven/u0a39 for broadcast com.cyanogenmod.eleven/.MediaButtonIntentReceiver
12-14 22:08:21.981  3719  3719 D mali_winsys: EGLint new_window_surface(egl_winsys_display*, void*, EGLSurface, EGLConfig, egl_winsys_surface**, egl_color_buffer_format*, EGLBoolean) returns 0x3000,  [2880x2560]-format:2
12-14 22:08:21.981  4001  4356 D AudioFx-AudioOutputChangeListener: onAudioOutputChanged id: 2 type: 2 name: SM-G935F address:  [android.media.AudioDeviceInfo@9975a3a]
12-14 22:08:21.982  4001  4001 D AudioFxService: rebuilding presets due to preference upgrade from 0 to 3
12-14 22:08:21.993  4343  4343 W System  : ClassLoader referenced unknown path: /system/app/Eleven/lib/arm64
12-14 22:08:22.003  3784  3828 I ContactsProvider: Aggregation algorithm upgraded for 0 raw contacts in 177ms
12-14 22:08:22.008  3016  4300 D PermissionCache: checking android.permission.MODIFY_AUDIO_SETTINGS for uid=10003 => granted (296 us)
12-14 22:08:22.011  4001  4001 W Equalizer: WARNING: attaching an Equalizer to global output mix is deprecated!
12-14 22:08:22.017  4001  4001 W BassBoost: WARNING: attaching a BassBoost to global output mix is deprecated!
12-14 22:08:22.018  4001  4001 W Virtualizer: WARNING: attaching a Virtualizer to global output mix is deprecated!
12-14 22:08:22.019  3784  3828 I ContactsFTS: Rebuild contact search index in 10ms, 0 contacts
12-14 22:08:22.024  3963  4182 I LatinIME:LogUtils: Dictionary info: dictionary = UserHistoryDictionary.en_US ; version = 1481753302 ; date = ?
12-14 22:08:22.051  3719  3719 I Choreographer: Skipped 34 frames!  The application may be doing too much work on its main thread.
12-14 22:08:22.114  4309  4368 D ActivityThread: Loading provider com.android.email.provider;com.android.email.notifier: com.android.email.provider.EmailProvider
12-14 22:08:22.117  4309  4370 D ActivityThread: Loading provider com.android.email.provider;com.android.email.notifier: com.android.email.provider.EmailProvider
12-14 22:08:22.121  4309  4372 D ActivityThread: Loading provider com.android.email.provider;com.android.email.notifier: com.android.email.provider.EmailProvider
12-14 22:08:22.123  4309  4371 D ActivityThread: Loading provider com.android.email.provider;com.android.email.notifier: com.android.email.provider.EmailProvider
12-14 22:08:22.126  4309  4374 D ActivityThread: Loading provider com.android.email.provider;com.android.email.notifier: com.android.email.provider.EmailProvider
12-14 22:08:22.129  4309  4375 D ActivityThread: Loading provider com.android.email.provider;com.android.email.notifier: com.android.email.provider.EmailProvider
12-14 22:08:22.130  4309  4368 D ActivityThread: Loading provider com.android.email.provider;com.android.email.notifier: com.android.email.provider.EmailProvider
12-14 22:08:22.166  3418  3984 I ActivityManager: Start proc 4378:com.cyanogenmod.eleven:main/u0a39 for service com.cyanogenmod.eleven/.MusicPlaybackService
12-14 22:08:22.193  4378  4378 W System  : ClassLoader referenced unknown path: /system/app/Eleven/lib/arm64
