08-30 00:12:25.879  3066  3066 W auditd  : type=1320 audit(0.0:590): 
08-30 00:12:25.889  3066  3066 W auditd  : type=1325 audit(0.0:591): table=filter family=2 entries=49
08-30 00:12:25.889  3066  3066 W auditd  : type=1320 audit(0.0:591): 
08-30 00:12:25.889  3066  3066 W auditd  : type=1325 audit(0.0:592): table=filter family=10 entries=52
08-30 00:12:25.889  3066  3066 W auditd  : type=1320 audit(0.0:592): 
08-30 00:12:25.899  3066  3066 W auditd  : type=1325 audit(0.0:593): table=filter family=2 entries=49
08-30 00:12:25.899  3066  3066 W auditd  : type=1320 audit(0.0:593): 
08-30 00:12:25.899  3066  3066 W auditd  : type=1325 audit(0.0:594): table=filter family=10 entries=52
08-30 00:12:25.899  3066  3066 W auditd  : type=1320 audit(0.0:594): 
08-30 00:12:25.909  3066  3066 W auditd  : type=1325 audit(0.0:595): table=filter family=2 entries=49
08-30 00:12:25.909  3066  3066 W auditd  : type=1320 audit(0.0:595): 
08-30 00:12:25.909  3066  3066 W auditd  : type=1325 audit(0.0:596): table=filter family=10 entries=52
08-30 00:12:25.909  3066  3066 W auditd  : type=1320 audit(0.0:596): 
08-30 00:12:25.995  4445  4445 E Netd    : cannot find interface dummy0
08-30 00:12:25.996  4445  4445 D MDnsDS  : MDnsSdListener::Hander starting up
08-30 00:12:25.996  4445  4706 D MDnsDS  : MDnsSdListener starting to monitor
08-30 00:12:25.996  4445  4706 D MDnsDS  : Going to poll with pollCount 1
08-30 00:12:26.136  4440  4440 I art     : Thread[1,tid=4440,Native,Thread*=0x7f892fba00,peer=0x12c532e0,"main"] recursive attempt to load library "/system/lib64/libmedia_jni.so"
08-30 00:12:26.136  4440  4440 D MtpDeviceJNI: register_android_mtp_MtpDevice
08-30 00:12:26.137  4440  4440 I art     : Thread[1,tid=4440,Native,Thread*=0x7f892fba00,peer=0x12c532e0,"main"] recursive attempt to load library "/system/lib64/libmedia_jni.so"
08-30 00:12:26.137  4440  4440 I art     : Thread[1,tid=4440,Native,Thread*=0x7f892fba00,peer=0x12c532e0,"main"] recursive attempt to load library "/system/lib64/libmedia_jni.so"
08-30 00:12:26.644  4440  4440 W System  : ClassLoader referenced unknown path: /system/framework/tcmclient.jar
08-30 00:12:26.969  4440  4440 I System  : Loaded time zone names for "" in 19ms (16ms in ICU)
08-30 00:12:27.001  4440  4440 I System  : Loaded time zone names for "en_US" in 32ms (11ms in ICU)
08-30 00:12:27.170  4440  4440 I Zygote  : ...preloaded 3831 classes in 2110ms.
08-30 00:12:27.170  4440  4440 I art     : VMRuntime.preloadDexCaches starting
08-30 00:12:27.202  4440  4440 I art     : VMRuntime.preloadDexCaches strings total=249042 before=10084 after=10084
08-30 00:12:27.202  4440  4440 I art     : VMRuntime.preloadDexCaches types total=20335 before=8244 after=9837
08-30 00:12:27.203  4440  4440 I art     : VMRuntime.preloadDexCaches fields total=100408 before=35771 after=47736
08-30 00:12:27.203  4440  4440 I art     : VMRuntime.preloadDexCaches methods total=172844 before=67608 after=83315
08-30 00:12:27.203  4440  4440 I art     : VMRuntime.preloadDexCaches finished
08-30 00:12:27.215  4710  4710 D idmap   : error: no read access to /vendor/overlay: No such file or directory
08-30 00:12:27.218  4440  4440 I Zygote  : Preloading resources...
08-30 00:12:27.599  4440  4440 I Zygote  : ...preloaded 342 resources in 381ms.
08-30 00:12:27.609  4440  4440 I Zygote  : ...preloaded 41 resources in 9ms.
08-30 00:12:27.615  4440  4440 D libEGL  : loaded /vendor/lib64/egl/libGLES_mali.so
08-30 00:12:27.622  4440  4440 I Zygote  : Preloading shared libraries...
08-30 00:12:27.630  4440  4440 D Zygote  : end preload
08-30 00:12:27.630  4440  4440 I art     : Starting a blocking GC Explicit
08-30 00:12:27.641  4440  4440 I art     : Explicit concurrent mark sweep GC freed 11401(460KB) AllocSpace objects, 0(0B) LOS objects, 35% free, 29MB/45MB, paused 52us total 10.727ms
08-30 00:12:27.651  4440  4440 I art     : Starting a blocking GC Explicit
08-30 00:12:27.660  4440  4440 I art     : Explicit concurrent mark sweep GC freed 2657(124KB) AllocSpace objects, 0(0B) LOS objects, 35% free, 28MB/44MB, paused 46us total 8.840ms
08-30 00:12:27.660  4440  4459 I art     : Starting a blocking GC HeapTrim
08-30 00:12:27.661  4440  4440 I art     : Starting a blocking GC Background
08-30 00:12:27.708  4440  4440 I Zygote  : System server process 4711 has been created
08-30 00:12:27.710  4440  4440 I Zygote  : Accepting command socket connections
08-30 00:12:27.724  4711  4711 I Zygote  : Process: zygote socket opened, supported ABIS: armeabi-v7a,armeabi
08-30 00:12:27.725  4711  4711 I InstallerConnection: connecting...
08-30 00:12:27.726  2955  2955 I installd: new connection
08-30 00:12:27.727  4711  4711 I InstallerConnection: disconnecting...
08-30 00:12:27.727  2955  2955 E installd: eof
08-30 00:12:27.727  2955  2955 E installd: failed to read size
08-30 00:12:27.727  2955  2955 I installd: closing connection
08-30 00:12:27.760  4711  4711 I SystemServer: Entered the Android system server!
08-30 00:12:27.797  4711  4711 I SystemServiceManager: Starting com.android.server.pm.Installer
08-30 00:12:27.798  4711  4711 I Installer: Waiting for installd to be ready.
08-30 00:12:27.798  4711  4711 I InstallerConnection: connecting...
08-30 00:12:27.798  2955  2955 I installd: new connection
08-30 00:12:27.798  4711  4711 I SystemServiceManager: Starting com.android.server.am.ActivityManagerService$Lifecycle
08-30 00:12:27.877  4711  4711 I XXXXXX  : choosing minFree values for 64 Bit
08-30 00:12:27.877  4711  4711 I XXXXXX  : choosing minFree values for 64 Bit
08-30 00:12:27.877  4711  4711 I XXXXXX  : choosing minFree values for 64 Bit
08-30 00:12:27.877  4711  4711 I XXXXXX  : choosing minFree values for 64 Bit
08-30 00:12:27.877  4711  4711 I XXXXXX  : choosing minFree values for 64 Bit
08-30 00:12:27.877  4711  4711 I XXXXXX  : choosing minFree values for 64 Bit
08-30 00:12:27.884  4711  4711 I ActivityManager: Memory class: 288
08-30 00:12:27.885  4711  4725 I ServiceThread: Enabled StrictMode logging for ActivityManager looper.
08-30 00:12:27.890  4711  4726 I ServiceThread: Enabled StrictMode logging for android.ui looper.
08-30 00:12:27.959  4711  4711 D BatteryStatsImpl: Reading daily items from /data/system/batterystats-daily.xml
08-30 00:12:27.992  4711  4711 I AppOps  : No existing app ops /data/system/appops.xml; starting empty
08-30 00:12:28.058  4711  4711 I IntentFirewall: Read new rules (A:0 B:0 S:0)
08-30 00:12:28.080  4711  4730 I ServiceThread: Enabled StrictMode logging for android.display looper.
08-30 00:12:28.085  4711  4711 D AppOps  : AppOpsService published
08-30 00:12:28.085  4711  4711 I SystemServiceManager: Starting com.android.server.power.PowerManagerService
08-30 00:12:28.087  4711  4732 I ServiceThread: Enabled StrictMode logging for PowerManagerService looper.
08-30 00:12:28.088  4711  4711 W libsuspend: Error writing 'on' to /sys/power/state: Invalid argument
08-30 00:12:28.088  4711  4711 I libsuspend: Selected wakeup count
08-30 00:12:28.090  4711  4711 I SystemServiceManager: Starting com.android.server.lights.LightsService
08-30 00:12:28.092  4711  4711 I SystemServiceManager: Starting com.android.server.display.DisplayManagerService
08-30 00:12:28.098  4711  4711 I SystemServiceManager: Starting phase 100
08-30 00:12:28.101  2934  3054 E SurfaceFlinger: getDefaultDisplay: id=2 is not a valid default display id
08-30 00:12:28.103  4711  4730 I DisplayManagerService: Display device added: DisplayDeviceInfo{"Built-in Screen": uniqueId="local:0", 1440 x 2560, modeId 1, defaultModeId 1, supportedModes [{id=1, width=1440, height=2560, fps=59.0}], colorTransformId 1, defaultColorTransformId 1, supportedColorTransforms [{id=1, colorTransform=-22}], density 640, 537.882 x 532.983 dpi, appVsyncOff 0, presDeadline 17949152, touch INTERNAL, rotation 0, type BUILT_IN, state UNKNOWN, FLAG_DEFAULT_DISPLAY, FLAG_ROTATES_WITH_CONTENT, FLAG_SECURE, FLAG_SUPPORTS_PROTECTED_BUFFERS}
08-30 00:12:28.104  2934  2934 D SurfaceFlinger: Set power mode=2, type=0 flinger=0x7fb2483c00
08-30 00:12:28.104  2934  2934 D SurfaceFlinger: Screen type=0 is already mode=2
08-30 00:12:28.106  4711  4711 I SystemServer: Package Manager
08-30 00:12:28.106  4711  4730 I DisplayManagerService: Display device changed state: "Built-in Screen", ON
08-30 00:12:28.169  4711  4711 W SELinuxMMAC: Error opening /data/system/seapp_hash. Assuming first boot.
08-30 00:12:28.302  4711  4711 D SELinuxMMAC: Using policy file /system/etc/security/mac_permissions.xml
08-30 00:12:29.094  4711  4711 E art     : DexFile_getDexOptNeeded file '/system/framework/org.apache.http.legacy.jar' does not exist
08-30 00:12:29.095  4711  4711 W PackageManager: Library not found: /system/framework/org.apache.http.legacy.jar
08-30 00:12:29.095  4711  4711 E art     : DexFile_getDexOptNeeded file '/system/framework/com.android.nfc_extras.jar' does not exist
08-30 00:12:29.095  4711  4711 W PackageManager: Library not found: /system/framework/com.android.nfc_extras.jar
08-30 00:12:29.096  4711  4711 E art     : DexFile_getDexOptNeeded file '/system/framework/org.apache.http.legacy.jar' does not exist
08-30 00:12:29.096  4711  4711 W PackageManager: Library not found: /system/framework/org.apache.http.legacy.jar
08-30 00:12:29.096  4711  4711 E art     : DexFile_getDexOptNeeded file '/system/framework/com.android.nfc_extras.jar' does not exist
08-30 00:12:29.096  4711  4711 W PackageManager: Library not found: /system/framework/com.android.nfc_extras.jar
08-30 00:12:29.115  4711  4711 D PackageManager: No files in app dir /vendor/overlay
08-30 00:12:29.116  4711  4711 D PackageManager: start scanDirLI:/system/framework
08-30 00:12:29.116  4711  4711 D PackageManager: max thread:6
08-30 00:12:29.197  4711  4739 I PackageManager: SELinux relabeling of cyanogenmod.platform issued.
08-30 00:12:29.201  4711  4739 W PackageManager: Permission cyanogenmod.permission.WRITE_ALARMS from package cyanogenmod.platform in an unknown group android.permission-group.SYSTEM_CLOCK
08-30 00:12:29.201  4711  4739 W PackageManager: Permission cyanogenmod.permission.MANAGE_ALARMS from package cyanogenmod.platform in an unknown group android.permission-group.SYSTEM_CLOCK
08-30 00:12:29.201  4711  4739 W PackageManager: Permission cyanogenmod.permission.READ_ALARMS from package cyanogenmod.platform in an unknown group android.permission-group.SYSTEM_CLOCK
08-30 00:12:30.145  4711  4738 W PackageManager: Permission android.permission.SET_KEYGUARD_WALLPAPER from package android in an unknown group android.permission-group.WALLPAPER
08-30 00:12:30.148  4711  4738 W PackageManager: Permission android.permission.MODIFY_PROTECTED_SMS_LIST from package android in an unknown group android.permission-group.MESSAGES
08-30 00:12:30.148  4711  4738 W PackageManager: Permission android.permission.RECEIVE_PROTECTED_SMS from package android in an unknown group android.permission-group.MESSAGES
08-30 00:12:30.149  4711  4738 W PackageManager: Permission android.permission.RESET_BATTERY_STATS from package android in an unknown group android.permission-group.SYSTEM_TOOLS
08-30 00:12:30.151  4711  4711 D PackageManager: end scanDirLI:/system/framework
08-30 00:12:30.152  4711  4711 D PackageManager: start scanDirLI:/system/priv-app
08-30 00:12:30.152  4711  4711 D PackageManager: max thread:6
08-30 00:12:30.174  4711  4741 I PackageManager: SELinux relabeling of com.android.backupconfirm issued.
08-30 00:12:30.175  4711  4743 I PackageManager: SELinux relabeling of org.cyanogenmod.cmsettings issued.
08-30 00:12:30.178  4711  4738 I PackageManager: SELinux relabeling of com.android.providers.calendar issued.
08-30 00:12:30.195  4711  4740 I PackageManager: SELinux relabeling of org.cyanogenmod.audiofx issued.
08-30 00:12:30.207  4711  4742 I PackageManager: SELinux relabeling of org.cyanogenmod.cmaudio.service issued.
08-30 00:12:30.217  4711  4741 I PackageManager: SELinux relabeling of com.android.calllogbackup issued.
08-30 00:12:30.220  4711  4740 W PackageParser: No actions in intent filter at /system/priv-app/Contacts/Contacts.apk Binary XML file line #301
08-30 00:12:30.227  4711  4738 I PackageManager: SELinux relabeling of com.android.cellbroadcastreceiver issued.
08-30 00:12:30.234  4711  4742 I PackageManager: SELinux relabeling of com.android.providers.contacts issued.
08-30 00:12:30.254  4711  4739 I PackageManager: SELinux relabeling of com.cyanogenmod.updater issued.
08-30 00:12:30.256  4711  4738 I PackageManager: SELinux relabeling of org.cyanogenmod.providers.datausage issued.
08-30 00:12:30.258  4711  4742 I PackageManager: SELinux relabeling of com.android.defcontainer issued.
08-30 00:12:30.297  4711  4739 W PackageParser: No actions in intent filter at /system/priv-app/Dialer/Dialer.apk Binary XML file line #152
08-30 00:12:30.318  4711  4738 I PackageManager: SELinux relabeling of com.android.externalstorage issued.
08-30 00:12:30.336  4711  4738 I PackageManager: SELinux relabeling of com.android.location.fused issued.
08-30 00:12:30.351  4711  4742 I PackageManager: SELinux relabeling of com.android.providers.downloads issued.
08-30 00:12:30.360  4711  4742 W PackageManager: Permission android.permission.DOWNLOAD_WITHOUT_NOTIFICATION from package com.android.providers.downloads in an unknown group android.permission-group.NETWORK
08-30 00:12:30.369  4711  4738 I PackageManager: SELinux relabeling of com.android.inputdevices issued.
08-30 00:12:30.403  4711  4742 I PackageManager: SELinux relabeling of org.cyanogenmod.livelockscreen.service issued.
08-30 00:12:30.411  4711  4738 I PackageManager: SELinux relabeling of com.android.managedprovisioning issued.
08-30 00:12:30.434  4711  4738 I PackageManager: SELinux relabeling of com.android.mms.service issued.
08-30 00:12:30.452  4711  4738 I PackageManager: SELinux relabeling of com.android.onetimeinitializer issued.
08-30 00:12:30.460  4711  4742 I PackageManager: SELinux relabeling of com.android.providers.media issued.
08-30 00:12:30.488  4711  4743 I PackageManager: SELinux relabeling of com.android.carrierconfig issued.
08-30 00:12:30.506  4711  4742 I PackageManager: SELinux relabeling of com.android.proxyhandler issued.
08-30 00:12:30.538  4711  4743 I PackageManager: SELinux relabeling of org.cyanogenmod.screencast issued.
08-30 00:12:30.596  4711  4743 I PackageManager: SELinux relabeling of com.android.providers.settings issued.
08-30 00:12:30.630  4711  4738 I PackageManager: SELinux relabeling of com.android.packageinstaller issued.
08-30 00:12:30.639  4711  4743 I PackageManager: SELinux relabeling of com.android.sharedstoragebackup issued.
08-30 00:12:30.673  4711  4743 I PackageManager: SELinux relabeling of com.android.statementservice issued.
08-30 00:12:30.675  4711  4738 I PackageManager: SELinux relabeling of com.android.shell issued.
08-30 00:12:30.704  4711  4738 W PackageParser: Ignoring duplicate uses-permissions/uses-permissions-sdk-m: android.permission.ACCESS_WIFI_STATE in package: com.android.phone at: Binary XML file line #132
08-30 00:12:30.828  4711  4738 I PackageManager: SELinux relabeling of com.android.phone issued.
08-30 00:12:30.870  4711  4738 I PackageManager: SELinux relabeling of com.android.server.telecom issued.
08-30 00:12:30.894  4711  4740 I PackageManager: SELinux relabeling of com.android.contacts issued.
08-30 00:12:30.895  4711  4738 I PackageManager: SELinux relabeling of com.android.providers.telephony issued.
08-30 00:12:30.929  4711  4740 I PackageManager: SELinux relabeling of org.cyanogenmod.themeservice issued.
08-30 00:12:30.939  4711  4738 I PackageManager: SELinux relabeling of org.cyanogenmod.theme.chooser issued.
08-30 00:12:30.951  4711  4740 I PackageManager: SELinux relabeling of org.cyanogenmod.themes.provider issued.
08-30 00:12:30.971  4711  4740 I PackageManager: SELinux relabeling of com.android.vpndialogs issued.
08-30 00:12:31.007  4711  4740 I PackageManager: SELinux relabeling of com.android.wallpapercropper issued.
08-30 00:12:31.024  4711  4741 I PackageManager: SELinux relabeling of com.cyanogenmod.setupwizard issued.
08-30 00:12:31.029  4711  4740 I PackageManager: SELinux relabeling of org.cyanogenmod.weatherservice issued.
08-30 00:12:31.055  4711  4740 I PackageManager: SELinux relabeling of org.cyanogenmod.weather.provider issued.
08-30 00:12:31.092  4711  4738 I PackageManager: SELinux relabeling of com.cyanogenmod.trebuchet issued.
08-30 00:12:31.097  4711  4738 W PackageManager: Permission com.android.launcher.permission.INSTALL_SHORTCUT from package com.cyanogenmod.trebuchet in an unknown group android.permission-group.SYSTEM_TOOLS
08-30 00:12:31.097  4711  4738 W PackageManager: Permission com.android.launcher3.permission.READ_SETTINGS from package com.cyanogenmod.trebuchet in an unknown group android.permission-group.SYSTEM_TOOLS
08-30 00:12:31.097  4711  4738 W PackageManager: Permission com.android.launcher3.permission.WRITE_SETTINGS from package com.cyanogenmod.trebuchet in an unknown group android.permission-group.SYSTEM_TOOLS
08-30 00:12:31.152  4711  4739 I PackageManager: SELinux relabeling of com.android.dialer issued.
08-30 00:12:31.168  4711  4743 I PackageManager: SELinux relabeling of com.android.systemui issued.
08-30 00:12:31.520  4711  4742 I PackageManager: SELinux relabeling of com.android.settings issued.
08-30 00:12:31.550  4711  4711 D PackageManager: end scanDirLI:/system/priv-app
08-30 00:12:31.551  4711  4711 D PackageManager: start scanDirLI:/system/app
08-30 00:12:31.551  4711  4711 D PackageManager: max thread:6
08-30 00:12:31.569  4711  4743 W PackageParser: No actions in intent filter at /system/app/CMFileManager/CMFileManager.apk Binary XML file line #164
08-30 00:12:31.573  4711  4741 I PackageManager: SELinux relabeling of com.android.dreams.basic issued.
08-30 00:12:31.575  4711  4738 I PackageManager: SELinux relabeling of com.android.bluetoothmidiservice issued.
08-30 00:12:31.577  4711  4740 W PackageParser: No actions in intent filter at /system/app/Bluetooth/Bluetooth.apk Binary XML file line #235
08-30 00:12:31.594  4711  4742 I PackageManager: SELinux relabeling of com.cyanogenmod.wallpapers issued.
08-30 00:12:31.611  4711  4740 I PackageManager: SELinux relabeling of com.android.bluetooth issued.
08-30 00:12:31.614  4711  4742 I PackageManager: SELinux relabeling of com.android.captiveportallogin issued.
08-30 00:12:31.642  4711  4740 I PackageManager: SELinux relabeling of com.android.certinstaller issued.
08-30 00:12:31.682  4711  4740 I PackageManager: SELinux relabeling of com.android.development issued.
08-30 00:12:31.747  4711  4743 I PackageManager: SELinux relabeling of com.cyanogenmod.filemanager issued.
08-30 00:12:31.774  4711  4739 I PackageManager: SELinux relabeling of com.android.browser issued.
08-30 00:12:31.777  4711  4743 I PackageManager: SELinux relabeling of com.android.providers.downloads.ui issued.
08-30 00:12:31.789  4711  4740 I PackageManager: SELinux relabeling of com.android.documentsui issued.
08-30 00:12:31.790  4711  4741 I PackageManager: SELinux relabeling of com.android.calendar issued.
08-30 00:12:31.820  4711  4740 I PackageManager: SELinux relabeling of com.android.calculator2 issued.
08-30 00:12:31.840  4711  4738 I PackageManager: SELinux relabeling of com.android.camera2 issued.
08-30 00:12:31.847  4711  4742 I PackageManager: SELinux relabeling of com.android.deskclock issued.
08-30 00:12:31.847  4711  4740 I PackageManager: SELinux relabeling of com.android.galaxy4 issued.
08-30 00:12:31.851  4711  4743 I PackageManager: SELinux relabeling of com.cyanogenmod.eleven issued.
08-30 00:12:31.859  4711  4738 W PackageParser: Unknown element under <application>: permission at /system/app/Gallery2/Gallery2.apk Binary XML file line #278
08-30 00:12:31.859  4711  4738 W PackageParser: Unknown element under <application>: permission at /system/app/Gallery2/Gallery2.apk Binary XML file line #281
08-30 00:12:31.866  4711  4741 I PackageManager: SELinux relabeling of com.android.exchange issued.
08-30 00:12:31.869  4711  4740 I PackageManager: SELinux relabeling of com.android.htmlviewer issued.
08-30 00:12:31.877  4711  4743 I PackageManager: SELinux relabeling of com.android.wallpaper.holospiral issued.
08-30 00:12:31.891  4711  4740 I PackageManager: SELinux relabeling of com.android.keychain issued.
08-30 00:12:31.910  4711  4743 I PackageManager: SELinux relabeling of com.android.wallpaper issued.
08-30 00:12:31.917  4711  4740 I PackageManager: SELinux relabeling of com.android.wallpaper.livepicker issued.
08-30 00:12:31.943  4711  4740 I PackageManager: SELinux relabeling of com.android.noisefield issued.
08-30 00:12:31.973  4711  4740 I PackageManager: SELinux relabeling of com.android.pacprocessor issued.
08-30 00:12:32.030  4711  4740 I PackageManager: SELinux relabeling of com.android.phasebeam issued.
08-30 00:12:32.072  4711  4743 I PackageManager: SELinux relabeling of com.cyanogenmod.lockclock issued.
08-30 00:12:32.120  4711  4738 I PackageManager: SELinux relabeling of com.android.gallery3d issued.
08-30 00:12:32.141  4711  4743 I PackageManager: SELinux relabeling of com.android.dreams.phototable issued.
08-30 00:12:32.146  4711  4740 I PackageManager: SELinux relabeling of org.cyanogenmod.wallpapers.photophase issued.
08-30 00:12:32.149  4711  4738 I PackageManager: SELinux relabeling of com.svox.pico issued.
08-30 00:12:32.180  4711  4738 I PackageManager: SELinux relabeling of org.cyanogenmod.profiles issued.
08-30 00:12:32.188  4711  4740 I PackageManager: SELinux relabeling of com.android.provision issued.
08-30 00:12:32.200  4711  4738 I PackageManager: SELinux relabeling of com.gd.mobicore.pa issued.
08-30 00:12:32.203  4711  4739 I PackageManager: SELinux relabeling of com.android.email issued.
08-30 00:12:32.224  4711  4743 I PackageManager: SELinux relabeling of com.android.printspooler issued.
08-30 00:12:32.233  4711  4742 I PackageManager: SELinux relabeling of org.cyanogenmod.hexolibre issued.
08-30 00:12:32.247  4711  4738 I PackageManager: SELinux relabeling of com.android.soundrecorder issued.
08-30 00:12:32.256  4711  4743 I PackageManager: SELinux relabeling of com.android.providers.userdictionary issued.
08-30 00:12:32.257  4711  4740 I PackageManager: SELinux relabeling of com.cyanogenmod.samsungservicemode issued.
08-30 00:12:32.262  4711  4739 I PackageManager: SELinux relabeling of com.android.stk issued.
08-30 00:12:32.266  4711  4738 I PackageManager: SELinux relabeling of com.android.smspush issued.
08-30 00:12:32.277  4711  4738 W PackageManager: Failed to parse /system/app/mcRegistry: Missing base APK in /system/app/mcRegistry
08-30 00:12:32.278  4711  4742 I PackageManager: SELinux relabeling of com.android.terminal issued.
08-30 00:12:32.285  4711  4743 I PackageManager: SELinux relabeling of org.cyanogenmod.wallpaperpicker issued.
08-30 00:12:32.296  4711  4738 I PackageManager: SELinux relabeling of com.android.frameworks.telresources issued.
08-30 00:12:32.353  4711  4740 I PackageManager: SELinux relabeling of com.android.webview issued.
08-30 00:12:32.562  4711  4741 I PackageManager: SELinux relabeling of com.android.inputmethod.latin issued.
08-30 00:12:33.061  4711  4739 I PackageManager: SELinux relabeling of com.android.messaging issued.
08-30 00:12:33.070  4711  4711 D PackageManager: end scanDirLI:/system/app
08-30 00:12:33.070  4711  4711 D PackageManager: No files in app dir /system/vendor/app
08-30 00:12:33.070  4711  4711 D PackageManager: No files in app dir /oem/app
08-30 00:12:33.070  4711  4711 D PackageManager: No files in app dir /vendor/bundled-app
08-30 00:12:33.074  4711  4711 D PackageManager: start scanDirLI:/data/app
08-30 00:12:33.074  4711  4711 D PackageManager: max thread:6
08-30 00:12:33.075  4711  4742 W PackageManager: Failed to parse /data/app/mcRegistry: Missing base APK in /data/app/mcRegistry
08-30 00:12:33.076  4711  4711 D PackageManager: end scanDirLI:/data/app
08-30 00:12:33.076  4711  4711 D PackageManager: No files in app dir /data/app-private
08-30 00:12:33.076  4711  4711 W PackageManager: Package com.android.dialer desires unavailable shared library com.qualcomm.qti.smartsearch; ignoring!
08-30 00:12:33.076  4711  4711 W PackageManager: Package com.android.gallery3d desires unavailable shared library com.google.android.media.effects; ignoring!
08-30 00:12:33.077  4711  4711 W PackageManager: Package com.android.gallery3d desires unavailable shared library com.google.android.media.effects; ignoring!
08-30 00:12:33.077  4711  4711 I PackageManager: Adjusting ABI for : com.android.inputdevices to arm64-v8a
08-30 00:12:33.078  4711  4711 I PackageManager: Adjusting ABI for : org.cyanogenmod.cmsettings to arm64-v8a
08-30 00:12:33.079  4711  4711 I PackageManager: Adjusting ABI for : cyanogenmod.platform to arm64-v8a
08-30 00:12:33.079  2955  2955 E installd: invalid apk path '/system/framework/org.cyanogenmod.platform-res.apk' (bad prefix)
08-30 00:12:33.080  4711  4711 I PackageManager: Adjusting ABI for : com.android.server.telecom to arm64-v8a
08-30 00:12:33.081  4711  4711 I PackageManager: Adjusting ABI for : com.android.providers.settings to arm64-v8a
08-30 00:12:33.081  4711  4711 I PackageManager: Adjusting ABI for : com.android.development to arm64-v8a
08-30 00:12:33.082  4711  4711 I PackageManager: Adjusting ABI for : org.cyanogenmod.providers.datausage to arm64-v8a
08-30 00:12:33.083  4711  4711 I PackageManager: Adjusting ABI for : com.android.keychain to arm64-v8a
08-30 00:12:33.084  4711  4711 I PackageManager: Adjusting ABI for : com.android.location.fused to arm64-v8a
08-30 00:12:33.085  4711  4711 I PackageManager: Adjusting ABI for : com.android.settings to arm64-v8a
08-30 00:12:33.086  4711  4711 I PackageManager: Adjusting ABI for : com.cyanogenmod.setupwizard to arm64-v8a
08-30 00:12:33.087  4711  4711 I PackageManager: Time to scan packages: 3.995 seconds
08-30 00:12:33.089  4711  4711 W PackageManager: Unknown permission com.google.android.googleapps.permission.GOOGLE_AUTH in package com.android.providers.calendar
08-30 00:12:33.089  4711  4711 W PackageManager: Unknown permission com.google.android.googleapps.permission.GOOGLE_AUTH.cl in package com.android.providers.calendar
08-30 00:12:33.091  4711  4711 W PackageManager: Not granting permission android.permission.REAL_GET_TASKS to package org.cyanogenmod.wallpapers.photophase (protectionLevel=18 flags=0x3818be45)
08-30 00:12:33.093  4711  4711 W PackageManager: Unknown permission com.cyanogen.ambient.permission.BIND_CALLER_INFO in package com.android.messaging
08-30 00:12:33.094  4711  4711 W PackageManager: Not granting permission android.permission.ACCESS_DOWNLOAD_MANAGER to package com.android.browser (protectionLevel=18 flags=0x3849be45)
08-30 00:12:33.094  4711  4711 W PackageManager: Not granting permission android.permission.SEND_DOWNLOAD_COMPLETED_INTENTS to package com.android.browser (protectionLevel=2 flags=0x3849be45)
08-30 00:12:33.097  4711  4711 W PackageManager: Unknown permission com.cyngn.stats.SEND_ANALYTICS in package com.cyanogenmod.setupwizard
08-30 00:12:33.097  4711  4711 W PackageManager: Unknown permission com.cyanogen.permission.REQUEST_KILL_SWITCH_OP in package com.cyanogenmod.setupwizard
08-30 00:12:33.099  4711  4711 W PackageManager: Unknown permission com.cyanogen.ambient.permission.BIND_INCALL_SERVICE in package com.android.contacts
08-30 00:12:33.099  4711  4711 W PackageManager: Unknown permission com.cyanogen.ambient.permission.PLUGIN_STATUS_CHANGED in package com.android.contacts
08-30 00:12:33.099  4711  4711 W PackageManager: Unknown permission com.cyanogen.ambient.permission.BIND_CALLER_INFO in package com.android.contacts
08-30 00:12:33.102  4711  4711 W PackageManager: Unknown permission com.google.android.googleapps.permission.GOOGLE_AUTH.mail in package com.android.calendar
08-30 00:12:33.103  4711  4711 W PackageManager: Unknown permission com.android.launcher.permission.READ_SETTINGS in package com.android.onetimeinitializer
08-30 00:12:33.103  4711  4711 W PackageManager: Unknown permission com.android.launcher.permission.WRITE_SETTINGS in package com.android.onetimeinitializer
08-30 00:12:33.106  4711  4711 W PackageManager: Unknown permission com.cyanogen.ambient.permission.BIND_INCALL_SERVICE in package com.android.dialer
08-30 00:12:33.106  4711  4711 W PackageManager: Unknown permission com.cyanogen.ambient.permission.PLUGIN_STATUS_CHANGED in package com.android.dialer
08-30 00:12:33.106  4711  4711 W PackageManager: Unknown permission com.cyanogen.ambient.permission.PUBLISH_DISCOVERY_NUDGE in package com.android.dialer
08-30 00:12:33.106  4711  4711 W PackageManager: Unknown permission com.cyanogen.ambient.permission.BIND_DEEPLINK_SERVICE in package com.android.dialer
08-30 00:12:33.106  4711  4711 W PackageManager: Unknown permission com.cyanogen.ambient.permission.READ_DEEPLINK_DATABASE in package com.android.dialer
08-30 00:12:33.106  4711  4711 W PackageManager: Unknown permission com.cyanogen.ambient.permission.BIND_CALLER_INFO in package com.android.dialer
08-30 00:12:33.108  4711  4711 W PackageManager: Unknown permission com.android.launcher.permission.READ_SETTINGS in package com.cyanogenmod.trebuchet
08-30 00:12:33.108  4711  4711 W PackageManager: Unknown permission com.android.launcher.permission.WRITE_SETTINGS in package com.cyanogenmod.trebuchet
08-30 00:12:33.108  4711  4711 W PackageManager: Unknown permission com.cyngn.stats.SEND_ANALYTICS in package com.cyanogenmod.trebuchet
08-30 00:12:33.109  4711  4711 W PackageManager: Unknown permission android.permission.CANCEL_NOTIFICATIONS in package org.cyanogenmod.theme.chooser
08-30 00:12:33.109  4711  4711 W PackageManager: Unknown permission com.google.android.permission.INSTALL_WEARABLE_PACKAGES in package com.android.packageinstaller
08-30 00:12:33.110  4711  4711 W PackageManager: Not granting permission android.permission.DELETE_PACKAGES to package com.svox.pico (protectionLevel=18 flags=0x3808be45)
08-30 00:12:33.110  4711  4711 W PackageManager: Unknown permission android.permission.ACCESS_SUPERUSER in package com.cyanogenmod.filemanager
08-30 00:12:33.110  4711  4711 W PackageManager: Unknown permission com.cyanogenmod.filemanager.permissions.READ_THEME in package com.cyanogenmod.filemanager
08-30 00:12:33.112  4711  4711 W PackageManager: Unknown permission com.google.android.gallery3d.permission.PICASA_STORE in package com.android.dreams.phototable
08-30 00:12:33.113  4711  4711 W PackageManager: Unknown permission com.google.android.googleapps.permission.GOOGLE_AUTH in package com.android.settings
08-30 00:12:33.113  4711  4711 W PackageManager: Unknown permission com.android.launcher.permission.READ_SETTINGS in package com.android.settings
08-30 00:12:33.114  4711  4711 W PackageManager: Unknown permission com.android.launcher.permission.WRITE_SETTINGS in package com.android.settings
08-30 00:12:33.114  4711  4711 W PackageManager: Not granting permission android.permission.REAL_GET_TASKS to package com.cyanogenmod.eleven (protectionLevel=18 flags=0x3818be65)
08-30 00:12:33.120  4711  4711 W PackageManager: Unknown permission com.google.android.gallery3d.permission.GALLERY_PROVIDER in package com.android.bluetooth
08-30 00:12:33.120  4711  4711 W PackageManager: Unknown permission com.google.android.googleapps.permission.ACCESS_GOOGLE_PASSWORD in package com.android.development
08-30 00:12:33.120  4711  4711 W PackageManager: Unknown permission com.google.android.googleapps.permission.GOOGLE_AUTH in package com.android.development
08-30 00:12:33.120  4711  4711 W PackageManager: Unknown permission com.google.android.googleapps.permission.GOOGLE_AUTH.ALL_SERVICES in package com.android.development
08-30 00:12:33.120  4711  4711 W PackageManager: Unknown permission com.google.android.googleapps.permission.GOOGLE_AUTH.YouTubeUser in package com.android.development
08-30 00:12:33.122  4711  4711 V PackageManager: Disabling com.google.android.gsf/com.google.android.gsf.update.SystemUpdateActivity
08-30 00:12:33.122  4711  4711 W PackageManager: Unable to disable com.google.android.gsf/com.google.android.gsf.update.SystemUpdateActivity
08-30 00:12:33.122  4711  4711 V PackageManager: Disabling com.google.android.gsf/com.google.android.gsf.update.SystemUpdateService$Receiver
08-30 00:12:33.122  4711  4711 W PackageManager: Unable to disable com.google.android.gsf/com.google.android.gsf.update.SystemUpdateService$Receiver
08-30 00:12:33.122  4711  4711 V PackageManager: Disabling com.google.android.gsf/com.google.android.gsf.update.SystemUpdateService$SecretCodeReceiver
08-30 00:12:33.122  4711  4711 W PackageManager: Unable to disable com.google.android.gsf/com.google.android.gsf.update.SystemUpdateService$SecretCodeReceiver
08-30 00:12:33.122  4711  4711 V PackageManager: Disabling com.google.android.gms/com.google.android.gms.update.SystemUpdateActivity
08-30 00:12:33.122  4711  4711 W PackageManager: Unable to disable com.google.android.gms/com.google.android.gms.update.SystemUpdateActivity
08-30 00:12:33.122  4711  4711 V PackageManager: Disabling com.google.android.gms/com.google.android.gms.update.SystemUpdateService$Receiver
08-30 00:12:33.122  4711  4711 W PackageManager: Unable to disable com.google.android.gms/com.google.android.gms.update.SystemUpdateService$Receiver
08-30 00:12:33.122  4711  4711 V PackageManager: Disabling com.google.android.gms/com.google.android.gms.update.SystemUpdateService$ActiveReceiver
08-30 00:12:33.122  4711  4711 W PackageManager: Unable to disable com.google.android.gms/com.google.android.gms.update.SystemUpdateService$ActiveReceiver
08-30 00:12:33.122  4711  4711 V PackageManager: Disabling com.google.android.gms/com.google.android.gms.update.SystemUpdateService$SecretCodeReceiver
08-30 00:12:33.122  4711  4711 W PackageManager: Unable to disable com.google.android.gms/com.google.android.gms.update.SystemUpdateService$SecretCodeReceiver
08-30 00:12:33.122  4711  4711 V PackageManager: Enabling com.google.android.gsf/com.google.android.gsf.update.SystemUpdateService
08-30 00:12:33.122  4711  4711 W PackageManager: Unable to enable com.google.android.gsf/com.google.android.gsf.update.SystemUpdateService
08-30 00:12:33.122  4711  4711 V PackageManager: Enabling com.google.android.gms/com.google.android.gms.update.SystemUpdateService
08-30 00:12:33.122  4711  4711 W PackageManager: Unable to enable com.google.android.gms/com.google.android.gms.update.SystemUpdateService
08-30 00:12:33.314  4711  4711 I art     : Starting a blocking GC Explicit
08-30 00:12:33.336  4711  4711 I art     : Explicit concurrent mark sweep GC freed 67754(3MB) AllocSpace objects, 14(824KB) LOS objects, 33% free, 28MB/42MB, paused 107us total 21.623ms
08-30 00:12:33.337  4711  4711 I SystemServer: User Service
08-30 00:12:33.345  2932  2932 I lowmemorykiller: ActivityManager connected
08-30 00:12:33.351  4711  4711 I SystemServiceManager: Starting com.android.server.BatteryService
08-30 00:12:33.351  4711  4747 I         : System server: starting sensor init.
08-30 00:12:33.351  4711  4747 D SensorService: nuSensorService starting...
08-30 00:12:33.352  4711  4747 I Sensors : getName:gyro_sensor name = K6DS3TR.
08-30 00:12:33.353  4711  4747 I Sensors : Proximity old sensor_state 0, new sensor_state : 128 en : 1
08-30 00:12:33.363  4711  4747 I Sensors : Light old sensor_state 128, new sensor_state : 640 en : 1
08-30 00:12:33.368  4711  4747 I Sensors : Light_IR old sensor_state 640, new sensor_state : 16777856 en : 1
08-30 00:12:33.368  4711  4747 E Sensors : Light_IR_Sensor write failed. ret = -1, sensor_state = 16777856
08-30 00:12:33.369  4711  4747 I Sensors : SigMotionSensor old sensor_state 640, new sensor_state : 17024 en : 1
08-30 00:12:33.374  4711  4711 I SystemServiceManager: Starting com.android.server.usage.UsageStatsService
08-30 00:12:33.374  4711  4747 I Sensors : getName:gyro_sensor name = K6DS3TR.
08-30 00:12:33.375  4711  4747 I Sensors : StepCounterSensor old sensor_state 17024, new sensor_state : 279168 en : 1
08-30 00:12:33.375  4711  4747 E Sensors : StepCounterSensor write failed. ret = -1, sensor_state = 279168
08-30 00:12:33.375  4711  4747 I Sensors : Int.Gyro old sensor_state 17024, new sensor_state : 33571456 en : 1
08-30 00:12:33.375  4711  4747 E Sensors : Int.GyroSensor write failed. ret = -1, sensor_state = 33571456
08-30 00:12:33.375  4711  4747 I Sensors : getName:gyro_sensor name = K6DS3TR.
08-30 00:12:33.375  4711  4747 I Sensors : HrmSpO2Sensor:: part type = 12.
08-30 00:12:33.375  4711  4747 D Sensors : HrmSpO2Sensor::type:12, prox threshold:10000
08-30 00:12:33.375  4711  4747 D Sensors : HrmSpO2Sensor::handle:0 ,en:1
08-30 00:12:33.375  4711  4747 E Sensors : HrmSpO2Sensor::Error MAXIM Flicker Library...handle=0x0
08-30 00:12:33.375  4711  4747 D Sensors : HrmSpO2Sensor::HrmSpO2Sensor: Shared version Registered
08-30 00:12:33.375  4711  4747 D Sensors : HrmLedSensor enable: mEnabled 0, handle 20, en 1
08-30 00:12:33.375  4711  4747 D Sensors : HRMSensor led enabled:1, en:1
08-30 00:12:33.382  4711  4747 I Sensors : getVendor:hrm_sensor vendor = MAXIM.
08-30 00:12:33.382  4711  4747 I Sensors : HrmLedSensor: HrmLedSensor vendor = MAXIM.
08-30 00:12:33.383  4711  4747 D Sensors : HRMSensor_LED::libhr open start!! 
08-30 00:12:33.383  4711  4747 E Sensors : HRMSensor_LED::libhr open failed 
08-30 00:12:33.383  4711  4747 E Sensors : GripSensor: enable
08-30 00:12:33.414  4711  4747 I Sensors : Proximity old sensor_state 17024, new sensor_state : 16896 en : 0
08-30 00:12:33.414  4711  4747 I Sensors : Light old sensor_state 16896, new sensor_state : 16384 en : 0
08-30 00:12:33.414  4711  4747 I Sensors : SigMotionSensor old sensor_state 16384, new sensor_state : 0 en : 0
08-30 00:12:33.414  4711  4747 E Sensors : GripSensor: enable
08-30 00:12:33.414  4711  4747 D Sensors : HrmSpO2Sensor::handle:19 ,en:0
08-30 00:12:33.414  4711  4747 D Sensors : HrmSpO2Sensor::isEnabled:0 ,en:0, mEn:0
08-30 00:12:33.414  4711  4747 D Sensors : HrmSpO2Sensor::handle:28 ,en:0
08-30 00:12:33.414  4711  4747 D Sensors : HrmSpO2Sensor::isEnabled:0 ,en:0, mEn:0
08-30 00:12:33.414  4711  4747 D Sensors : HrmLedSensor enable: mEnabled 1, handle 20, en 0
08-30 00:12:33.414  4711  4747 D Sensors : HRMSensor_LED::enable 
08-30 00:12:33.414  4711  4747 D Sensors : HRMSensor led enabled:0, en:0
08-30 00:12:33.415  4711  4747 D Sensors : HrmLedSensor enable: mEnabled 0, handle 21, en 0
08-30 00:12:33.415  4711  4747 D Sensors : HrmLedSensor isEnabled:0 ,en:0
08-30 00:12:33.415  4711  4747 D Sensors : HrmSpO2Sensor::handle:18 ,en:0
08-30 00:12:33.415  4711  4747 D Sensors : HrmSpO2Sensor::isEnabled:0 ,en:0, mEn:0
08-30 00:12:33.416  4711  4747 I         : System server: sensor init done.
08-30 00:12:33.416  4711  4748 D SensorService: new thread SensorEventAckReceiver
08-30 00:12:33.423  4711  4749 D SensorService: nuSensorService thread starting...
08-30 00:12:33.488  4711  4711 I UsageStatsService: User[0] Rollover scheduled @ 2016-08-31 00:00:00(1472601600000)
08-30 00:12:33.491  4711  4711 I SystemServiceManager: Starting com.android.server.webkit.WebViewUpdateService
08-30 00:12:33.492  4711  4711 I SystemServer: Reading configuration...
08-30 00:12:33.492  4711  4711 I SystemServer: Scheduling Policy
08-30 00:12:33.492  4711  4711 I SystemServiceManager: Starting com.android.server.telecom.TelecomLoaderService
08-30 00:12:33.494  4711  4711 I SystemServer: Telephony Registry
08-30 00:12:33.502  4711  4711 I SystemServer: Entropy Mixer
08-30 00:12:33.539  4711  4711 I EntropyMixer: Added HW RNG output to entropy pool
08-30 00:12:33.539  4711  4711 I EntropyMixer: Writing entropy...
08-30 00:12:33.548  4711  4711 I SystemServer: Camera Service
08-30 00:12:33.548  4711  4711 I SystemServiceManager: Starting com.android.server.camera.CameraService
08-30 00:12:33.550  4711  4750 I ServiceThread: Enabled StrictMode logging for CameraService_proxy looper.
08-30 00:12:33.550  4711  4711 I SystemServer: Account Manager
08-30 00:12:33.564  4711  4711 I SystemServer: Content Manager
08-30 00:12:33.567  4711  4711 I SystemServer: System Content Providers
08-30 00:12:33.570  4711  4711 W System  : ClassLoader referenced unknown path: /system/priv-app/CMSettingsProvider/lib/arm64
08-30 00:12:33.579  4711  4711 W System  : ClassLoader referenced unknown path: /system/priv-app/SettingsProvider/lib/arm64
08-30 00:12:33.613  4711  4711 I SystemServer: Vibrator Service
08-30 00:12:33.617  4711  4711 I SystemServer: Consumer IR Service
08-30 00:12:33.618  4711  4711 E ConsumerIrService: Can't open consumer IR HW Module, error: -2
08-30 00:12:33.618  4711  4711 E System  : ******************************************
08-30 00:12:33.618  4711  4711 E System  : ************ Failure starting core service
08-30 00:12:33.618  4711  4711 E System  : java.lang.RuntimeException: FEATURE_CONSUMER_IR present, but no IR HAL loaded!
08-30 00:12:33.618  4711  4711 E System  : 	at com.android.server.ConsumerIrService.<init>(ConsumerIrService.java:51)
08-30 00:12:33.618  4711  4711 E System  : 	at com.android.server.SystemServer.startOtherServices(SystemServer.java:509)
08-30 00:12:33.618  4711  4711 E System  : 	at com.android.server.SystemServer.run(SystemServer.java:291)
08-30 00:12:33.618  4711  4711 E System  : 	at com.android.server.SystemServer.main(SystemServer.java:176)
08-30 00:12:33.618  4711  4711 E System  : 	at java.lang.reflect.Method.invoke(Native Method)
08-30 00:12:33.618  4711  4711 E System  : 	at com.android.internal.os.ZygoteInit$MethodAndArgsCaller.run(ZygoteInit.java:726)
08-30 00:12:33.618  4711  4711 E System  : 	at com.android.internal.os.ZygoteInit.main(ZygoteInit.java:616)
08-30 00:12:33.618  4711  4711 I SystemServer: Input Method Service
08-30 00:12:33.654  4711  4711 W InputMethodManagerService: No IME selected. Choose the most applicable IME.
08-30 00:12:33.655  4711  4711 I InputMethodManagerService: Default found, using com.android.inputmethod.latin/.LatinIME
08-30 00:12:33.659  4711  4711 I SystemServer: Accessibility Manager
08-30 00:12:33.669  4711  4711 W SystemServer: ***********************************************
08-30 00:12:33.670  4711  4711 E SystemServer: BOOT FAILURE making display ready
08-30 00:12:33.670  4711  4711 E SystemServer: java.lang.NullPointerException: Attempt to invoke virtual method 'void com.android.server.wm.WindowManagerService.displayReady()' on a null object reference
08-30 00:12:33.670  4711  4711 E SystemServer: 	at com.android.server.SystemServer.startOtherServices(SystemServer.java:591)
08-30 00:12:33.670  4711  4711 E SystemServer: 	at com.android.server.SystemServer.run(SystemServer.java:291)
08-30 00:12:33.670  4711  4711 E SystemServer: 	at com.android.server.SystemServer.main(SystemServer.java:176)
08-30 00:12:33.670  4711  4711 E SystemServer: 	at java.lang.reflect.Method.invoke(Native Method)
08-30 00:12:33.670  4711  4711 E SystemServer: 	at com.android.internal.os.ZygoteInit$MethodAndArgsCaller.run(ZygoteInit.java:726)
08-30 00:12:33.670  4711  4711 E SystemServer: 	at com.android.internal.os.ZygoteInit.main(ZygoteInit.java:616)
08-30 00:12:33.671  4711  4711 I SystemServiceManager: Starting com.android.server.MountService$Lifecycle
08-30 00:12:33.684  4711  4753 D MountService: Thinking about reset, mSystemReady=false, mDaemonConnected=true
08-30 00:12:33.684  4711  4753 D MountService: Thinking about reset, mSystemReady=false, mDaemonConnected=true
08-30 00:12:33.685  4711  4753 D CryptdConnector: SND -> {1 cryptfs getfield SystemLocale}
08-30 00:12:33.685  4711  4711 I SystemServiceManager: Starting com.android.server.UiModeManagerService
08-30 00:12:33.685  2921  2971 I Ext4Crypt: ext4 crypto complete called on /data
08-30 00:12:33.685  2921  2971 I Ext4Crypt: No master key, so not ext4enc
08-30 00:12:33.687  4711  4755 D CryptdConnector: RCV <- {200 1 -1}
08-30 00:12:33.688  4711  4711 I ActivityManager: Config changes=200 {1.0 ?mcc?mnc en_US ldltr ?swdp ?wdp ?hdp ?density ?lsize ?long ?orien ?touch ?keyb/?/? ?nav/? s.2 themeResource=null}
08-30 00:12:33.689  4711  4753 W MountService: No primary storage mounted!
08-30 00:12:33.690  4711  4753 D VoldConnector: SND -> {1 asec list}
08-30 00:12:33.690  4711  4754 D VoldConnector: RCV <- {200 1 asec operation succeeded}
08-30 00:12:33.691  4711  4753 I PackageManager: No secure containers found
08-30 00:12:33.691  4711  4711 E System  : ******************************************
08-30 00:12:33.691  4711  4753 W PackageManager: Unknown permission com.google.android.googleapps.permission.GOOGLE_AUTH in package com.android.providers.calendar
08-30 00:12:33.691  4711  4753 W PackageManager: Unknown permission com.google.android.googleapps.permission.GOOGLE_AUTH.cl in package com.android.providers.calendar
08-30 00:12:33.692  4711  4711 E System  : ************ Failure starting system services
08-30 00:12:33.692  4711  4711 E System  : java.lang.NullPointerException: Attempt to invoke virtual method 'void com.android.server.wm.WindowManagerService.updateBootProgress(int, android.content.pm.ApplicationInfo, int, int, boolean)' on a null object reference
08-30 00:12:33.692  4711  4711 E System  : 	at com.android.server.am.ActivityManagerService.updateBootProgress(ActivityManagerService.java:6568)
08-30 00:12:33.692  4711  4711 E System  : 	at com.android.server.SystemServer.startOtherServices(SystemServer.java:624)
08-30 00:12:33.692  4711  4711 E System  : 	at com.android.server.SystemServer.run(SystemServer.java:291)
08-30 00:12:33.692  4711  4711 E System  : 	at com.android.server.SystemServer.main(SystemServer.java:176)
08-30 00:12:33.692  4711  4711 E System  : 	at java.lang.reflect.Method.invoke(Native Method)
08-30 00:12:33.692  4711  4711 E System  : 	at com.android.internal.os.ZygoteInit$MethodAndArgsCaller.run(ZygoteInit.java:726)
08-30 00:12:33.692  4711  4711 E System  : 	at com.android.internal.os.ZygoteInit.main(ZygoteInit.java:616)
08-30 00:12:33.692  4711  4753 W PackageManager: Not granting permission android.permission.REAL_GET_TASKS to package org.cyanogenmod.wallpapers.photophase (protectionLevel=18 flags=0x3818be45)
08-30 00:12:33.692  4711  4711 D AndroidRuntime: Shutting down VM
08-30 00:12:33.692  4711  4711 E AndroidRuntime: *** FATAL EXCEPTION IN SYSTEM PROCESS: main
08-30 00:12:33.692  4711  4711 E AndroidRuntime: java.lang.NullPointerException: Attempt to invoke virtual method 'void com.android.server.wm.WindowManagerService.updateBootProgress(int, android.content.pm.ApplicationInfo, int, int, boolean)' on a null object reference
08-30 00:12:33.692  4711  4711 E AndroidRuntime: 	at com.android.server.am.ActivityManagerService.updateBootProgress(ActivityManagerService.java:6568)
08-30 00:12:33.692  4711  4711 E AndroidRuntime: 	at com.android.server.SystemServer.startOtherServices(SystemServer.java:624)
08-30 00:12:33.692  4711  4711 E AndroidRuntime: 	at com.android.server.SystemServer.run(SystemServer.java:291)
08-30 00:12:33.692  4711  4711 E AndroidRuntime: 	at com.android.server.SystemServer.main(SystemServer.java:176)
08-30 00:12:33.692  4711  4711 E AndroidRuntime: 	at java.lang.reflect.Method.invoke(Native Method)
08-30 00:12:33.692  4711  4711 E AndroidRuntime: 	at com.android.internal.os.ZygoteInit$MethodAndArgsCaller.run(ZygoteInit.java:726)
08-30 00:12:33.692  4711  4711 E AndroidRuntime: 	at com.android.internal.os.ZygoteInit.main(ZygoteInit.java:616)
08-30 00:12:33.693  4711  4753 W PackageManager: Unknown permission com.cyanogen.ambient.permission.BIND_CALLER_INFO in package com.android.messaging
08-30 00:12:33.693  4711  4753 W PackageManager: Not granting permission android.permission.ACCESS_DOWNLOAD_MANAGER to package com.android.browser (protectionLevel=18 flags=0x3849be45)
08-30 00:12:33.693  4711  4711 I Process : Sending signal. PID: 4711 SIG: 9
08-30 00:12:33.718  2955  2955 E installd: eof
08-30 00:12:33.718  2955  2955 E installd: failed to read size
08-30 00:12:33.718  2955  2955 I installd: closing connection
08-30 00:12:33.718  2933  2933 I ServiceManager: service 'meminfo' died
08-30 00:12:33.718  2933  2933 I ServiceManager: service 'gfxinfo' died
08-30 00:12:33.718  2933  2933 I ServiceManager: service 'cpuinfo' died
08-30 00:12:33.718  2933  2933 I ServiceManager: service 'dbinfo' died
08-30 00:12:33.718  2933  2933 I ServiceManager: service 'permission' died
08-30 00:12:33.718  2933  2933 I ServiceManager: service 'usagestats' died
08-30 00:12:33.719  2933  2933 I ServiceManager: service 'processinfo' died
08-30 00:12:33.719  2933  2933 I ServiceManager: service 'batterymanager' died
08-30 00:12:33.719  2933  2933 I ServiceManager: service 'webviewupdate' died
08-30 00:12:33.719  2933  2933 I ServiceManager: service 'scheduling_policy' died
08-30 00:12:33.719  2933  2933 I ServiceManager: service 'telephony.registry' died
08-30 00:12:33.719  2933  2933 I ServiceManager: service 'media.camera.proxy' died
08-30 00:12:33.719  2933  2933 I ServiceManager: service 'account' died
08-30 00:12:33.719  2933  2933 I ServiceManager: service 'content' died
08-30 00:12:33.719  2933  2933 I ServiceManager: service 'user' died
08-30 00:12:33.719  2933  2933 I ServiceManager: service 'procstats' died
08-30 00:12:33.719  2933  2933 I ServiceManager: service 'package' died
08-30 00:12:33.719  2933  2933 I ServiceManager: service 'activity' died
08-30 00:12:33.719  2933  2933 I ServiceManager: service 'vibrator' died
08-30 00:12:33.719  2933  2933 I ServiceManager: service 'input_method' died
08-30 00:12:33.719  2933  2933 I ServiceManager: service 'accessibility' died
08-30 00:12:33.719  2933  2933 I ServiceManager: service 'mount' died
08-30 00:12:33.719  2933  2933 I ServiceManager: service 'uimode' died
08-30 00:12:33.719  2933  2933 I ServiceManager: service 'sensorservice' died
08-30 00:12:33.719  2933  2933 I ServiceManager: service 'appops' died
08-30 00:12:33.719  2933  2933 I ServiceManager: service 'batterystats' died
