--------- beginning of main
08-29 22:46:07.398  3070  3070 W auditd  : type=2000 audit(0.0:1): initialized
08-29 22:46:08.458  3070  3070 W auditd  : type=1325 audit(0.0:2): table=filter family=2 entries=0
08-29 22:46:08.458  3070  3070 W auditd  : type=1325 audit(0.0:3): table=mangle family=2 entries=0
08-29 22:46:08.458  3070  3070 W auditd  : type=1325 audit(0.0:4): table=nat family=2 entries=0
08-29 22:46:08.458  3070  3070 W auditd  : type=1325 audit(0.0:5): table=raw family=2 entries=0
08-29 22:46:08.458  3070  3070 W auditd  : type=1325 audit(0.0:6): table=security family=2 entries=0
08-29 22:46:08.458  3070  3070 W auditd  : type=1325 audit(0.0:7): table=filter family=3 entries=0
08-29 22:46:08.458  3070  3070 W auditd  : type=1325 audit(0.0:8): table=filter family=10 entries=0
08-29 22:46:08.458  3070  3070 W auditd  : type=1325 audit(0.0:9): table=mangle family=10 entries=0
08-29 22:46:08.458  3070  3070 W auditd  : type=1325 audit(0.0:10): table=raw family=10 entries=0
08-29 22:46:08.458  3070  3070 W auditd  : type=1325 audit(0.0:11): table=nat family=10 entries=0
08-29 22:46:08.859  3070  3070 W auditd  : type=1305 audit(0.0:12): audit_pid=2917 old=0 auid=4294967295 ses=4294967295 res=1
08-29 22:46:08.859  3070  3070 W auditd  : type=1305 audit(0.0:13): audit_rate_limit=20 old=0 auid=4294967295 ses=4294967295 res=1
--------- beginning of system
08-29 22:46:08.893  2918  2918 I vold    : Vold 3.0 (the awakening) firing up
08-29 22:46:08.894  2918  2918 V vold    : Detected support for: exfat ext4 ntfs vfat
08-29 22:46:08.898  2933  2933 I sysinit : Running /system/etc/init.d/00banner 
08-29 22:46:08.901  2929  2929 I lowmemorykiller: Using in-kernel low memory killer interface
08-29 22:46:08.912  2948  2948 I perfprofd: starting Android Wide Profiling daemon
08-29 22:46:08.913  2936  2936 I DEBUG   : debuggerd: starting
08-29 22:46:08.913  2948  2948 E perfprofd: unable to open configuration file /data/data/com.google.android.gms/files/perfprofd.conf
08-29 22:46:08.913  2948  2948 I perfprofd: random seed set to 3187554037
08-29 22:46:08.919  2940  2940 I installd: installd firing up
08-29 22:46:08.926  3006  3006 I cm      : ____ _   _ ____ _  _ ____ ____ ____ _  _ _  _ ____ ___ 
08-29 22:46:08.929  2946  2946 I gatekeeperd: Starting gatekeeperd...
08-29 22:46:08.930  2946  2946 W gatekeeperd: falling back to software GateKeeper
08-29 22:46:08.931  2941  2941 I keystore: Found keymaster0 module Keymaster OpenSSL HAL, version 2
08-29 22:46:08.931  2941  2941 I SoftKeymaster: system/keymaster/soft_keymaster_device.cpp, Line 122: Creating device
08-29 22:46:08.931  2941  2941 D SoftKeymaster: system/keymaster/soft_keymaster_device.cpp, Line 123: Device address: 0x7f99be3000
08-29 22:46:08.932  2941  2941 I keystore: Keymaster0 module is software-only.  Using SoftKeymasterDevice instead.
08-29 22:46:08.932  2941  2941 I SoftKeymaster: system/keymaster/soft_keymaster_device.cpp, Line 122: Creating device
08-29 22:46:08.932  2941  2941 D SoftKeymaster: system/keymaster/soft_keymaster_device.cpp, Line 123: Device address: 0x7f99be3300
08-29 22:46:08.932  2941  2941 I keystore: SELinux: Keystore SELinux is disabled.
08-29 22:46:08.937  3020  3020 I cm      : |     \_/  |__| |\ | |  | | __ |___ |\ | |\/| |  | |  \ 
08-29 22:46:08.937  2949  2949 I fingerprintd: Starting fingerprintd
08-29 22:46:08.938  2934  2934 I Netd    : Netd 1.0 starting
08-29 22:46:08.940  2934  2934 I QtiConnectivityAdapter: Failed to open libconnctrl, some features may not be present.
08-29 22:46:08.940  2934  2934 D TetherController: Setting IP forward enable = 0
08-29 22:46:08.943  3033  3033 I cm      : |___   |   |  | | \| |__| |__] |___ | \| |  | |__| |__/ 
08-29 22:46:08.949  2935  2935 I DEBUG   : debuggerd: starting
08-29 22:46:08.960  2931  2931 I SurfaceFlinger: SurfaceFlinger is starting
08-29 22:46:08.960  2931  2931 I SurfaceFlinger: SurfaceFlinger's main thread ready to run. Initializing graphics H/W...
08-29 22:46:08.978  3060  3060 I cm      : Welcome to Android 6.0.1 / CyanogenMod-13.0-20160829-UNOFFICIAL-hero2ltexx 
08-29 22:46:08.979  3070  3070 W auditd  : type=1325 audit(0.0:14): table=filter family=2 entries=4
08-29 22:46:08.979  3070  3070 W auditd  : type=1320 audit(0.0:14): 
08-29 22:46:08.988  3061  3061 I sysinit : Running /system/etc/init.d/90userinit 
08-29 22:46:08.989  3070  3070 W auditd  : type=1325 audit(0.0:15): table=filter family=10 entries=4
08-29 22:46:08.989  3070  3070 W auditd  : type=1320 audit(0.0:15): 
08-29 22:46:08.989  3070  3070 W auditd  : type=1325 audit(0.0:16): table=filter family=2 entries=6
08-29 22:46:08.989  3070  3070 W auditd  : type=1320 audit(0.0:16): 
08-29 22:46:08.999  3070  3070 W auditd  : type=1325 audit(0.0:17): table=filter family=10 entries=6
08-29 22:46:08.999  3070  3070 W auditd  : type=1320 audit(0.0:17): 
08-29 22:46:09.011  2931  2931 D libEGL  : loaded /vendor/lib64/egl/libGLES_mali.so
08-29 22:46:09.042  2931  2931 E HAL     : load: module=/system/lib64/hw/gralloc.exynos5.so
08-29 22:46:09.042  2931  2931 E HAL     : dlopen failed: cannot locate symbol "ion_sync_fd_partial" referenced by "/system/lib64/hw/gralloc.exynos5.so"...
08-29 22:46:09.042  2931  2931 W libEGL  : eglInitialize(0x7fa882b000) failed (EGL_NOT_INITIALIZED)
08-29 22:46:09.043  2931  2931 E HAL     : load: module=/system/lib64/hw/gralloc.exynos5.so
08-29 22:46:09.043  2931  2931 E HAL     : dlopen failed: cannot locate symbol "ion_sync_fd_partial" referenced by "/system/lib64/hw/gralloc.exynos5.so"...
08-29 22:46:09.043  2931  2931 E SurfaceFlinger: gralloc module not found
08-29 22:46:09.046  2931  2931 E HAL     : load: module=/system/lib64/hw/gralloc.exynos5.so
08-29 22:46:09.046  2931  2931 E HAL     : dlopen failed: cannot locate symbol "ion_sync_fd_partial" referenced by "/system/lib64/hw/gralloc.exynos5.so"...
08-29 22:46:09.046  2931  2931 E hwcomposer: failed to get gralloc hw module
08-29 22:46:09.046  2931  2931 E SurfaceFlinger: composer device failed to initialize (Invalid argument)
08-29 22:46:09.046  2931  2931 E SurfaceFlinger: ERROR: failed to open framebuffer (Invalid argument), aborting
--------- beginning of crash
08-29 22:46:09.046  2931  2931 F libc    : Fatal signal 6 (SIGABRT), code -6 in tid 2931 (surfaceflinger)
08-29 22:46:09.047  2936  2936 I DEBUG   : property debug.db.uid not set; NOT waiting for gdb.
08-29 22:46:09.047  2936  2936 I DEBUG   : HINT: adb shell setprop debug.db.uid 100000
08-29 22:46:09.047  2936  2936 I DEBUG   : HINT: adb forward tcp:5039 tcp:5039
08-29 22:46:09.059  3070  3070 W auditd  : type=1325 audit(0.0:18): table=filter family=2 entries=7
08-29 22:46:09.059  3070  3070 W auditd  : type=1320 audit(0.0:18): 
08-29 22:46:09.069  3070  3070 W auditd  : type=1325 audit(0.0:19): table=filter family=10 entries=7
08-29 22:46:09.069  3070  3070 W auditd  : type=1320 audit(0.0:19): 
08-29 22:46:09.079  3070  3070 W auditd  : type=1325 audit(0.0:20): table=filter family=2 entries=9
08-29 22:46:09.079  3070  3070 W auditd  : type=1320 audit(0.0:20): 
08-29 22:46:09.089  3070  3070 W auditd  : type=1325 audit(0.0:21): table=filter family=10 entries=9
08-29 22:46:09.089  3070  3070 W auditd  : type=1320 audit(0.0:21): 
08-29 22:46:09.145  2939  2939 V MediaUtils: physMem: 3748511744
08-29 22:46:09.145  2939  2939 V MediaUtils: requested limit: 2436532605
08-29 22:46:09.145  2939  2939 V MediaUtils: actual limit: 2436532605
08-29 22:46:09.145  2939  2939 V MediaUtils: original limits: 4294967295/4294967295
08-29 22:46:09.145  2939  2939 V MediaUtils: new limits: 2436532605/4294967295
08-29 22:46:09.149  2936  2936 F DEBUG   : *** *** *** *** *** *** *** *** *** *** *** *** *** *** *** ***
08-29 22:46:09.149  2936  2936 F DEBUG   : CM Version: '13.0-20160829-UNOFFICIAL-hero2ltexx'
08-29 22:46:09.149  2936  2936 F DEBUG   : Build fingerprint: 'samsung/cm_hero2ltexx/hero2ltexx:6.0.1/MOB30Z/1f26c43fa1:eng/test-keys'
08-29 22:46:09.149  2936  2936 F DEBUG   : Revision: '0'
08-29 22:46:09.149  2936  2936 F DEBUG   : ABI: 'arm64'
08-29 22:46:09.149  2936  2936 F DEBUG   : pid: 2931, tid: 2931, name: surfaceflinger  >>> /system/bin/surfaceflinger <<<
08-29 22:46:09.149  2936  2936 F DEBUG   : signal 6 (SIGABRT), code -6 (SI_TKILL), fault addr --------
08-29 22:46:09.149  2939  2939 I mediaserver: ServiceManager: 0xf658e120
08-29 22:46:09.149  2939  2939 I AudioFlinger: Using default 3000 mSec as standby time.
08-29 22:46:09.150  2939  2939 E BatteryNotifier: batterystats service unavailable!
08-29 22:46:09.150  2939  2939 E BatteryNotifier: batterystats service unavailable!
08-29 22:46:09.150  2939  2939 I CameraService: CameraService started (pid=2939)
08-29 22:46:09.150  2939  2939 I CameraService: CameraService process starting
08-29 22:46:09.150  2939  2939 E BatteryNotifier: batterystats service unavailable!
08-29 22:46:09.151  2939  2939 E BatteryNotifier: batterystats service unavailable!
08-29 22:46:09.151  2939  2939 E CameraService: Could not load camera HAL module: -2 (No such file or directory)
08-29 22:46:09.152  2939  2939 I AudioPolicyService: AudioPolicyService CSTOR in new mode
08-29 22:46:09.152  2939  2939 I APM::ConfigParsingUtils: loadAudioPolicyConfig() loaded /system/etc/audio_policy.conf
08-29 22:46:09.153  2932  2932 W McDaemon: mcRegistry read So.Soc failed: 16 [hardware/samsung_slsi/exynos8890/mobicore/Daemon/src/PrivateRegistry.cpp:374]
08-29 22:46:09.153  2932  2932 W McDaemon: mcRegistry read So.Soc failed: 16 [hardware/samsung_slsi/exynos8890/mobicore/Daemon/src/PrivateRegistry.cpp:429]
08-29 22:46:09.153  2932  2932 W McDaemon: mcRegistry read So.Root failed: 16 [hardware/samsung_slsi/exynos8890/mobicore/Daemon/src/PrivateRegistry.cpp:533]
08-29 22:46:09.153  2932  2932 W McDaemon: Device endorsements not supported! [hardware/samsung_slsi/exynos8890/mobicore/Daemon/src/MobiCoreDriverDaemon.cpp:588]
08-29 22:46:09.153  2932  2932 I McDaemon: Daemon starting up... [hardware/samsung_slsi/exynos8890/mobicore/Daemon/src/MobiCoreDriverDaemon.cpp:548]
08-29 22:46:09.153  2932  2932 I McDaemon: Interface version is 0.4 [hardware/samsung_slsi/exynos8890/mobicore/Daemon/src/MobiCoreDriverDaemon.cpp:550]
08-29 22:46:09.153  2932  2932 I McDaemon: t-base-EXYNOS64-Android-310B-V007-20160505_211700_344 [hardware/samsung_slsi/exynos8890/mobicore/Daemon/src/MobiCoreDriverDaemon.cpp:552]
08-29 22:46:09.153  2932  2932 I McDaemon: Build timestamp is Aug  9 2016 18:54:04 [hardware/samsung_slsi/exynos8890/mobicore/Daemon/src/MobiCoreDriverDaemon.cpp:553]
08-29 22:46:09.153  2932  3114 I TeeDriverClient: driver client open [hardware/samsung_slsi/exynos8890/mobicore/ClientLib/src/driver_client.cpp:103]
08-29 22:46:09.153  2932  2932 W McDaemon: Cannot open trustlet /data/app/mcRegistry/07050501000000000000000000000020.tlbin (2) [hardware/samsung_slsi/exynos8890/mobicore/Daemon/src/SecureWorld.cpp:178]
08-29 22:46:09.155  2932  3114 I TeeFilesystem: void FileSystem::Impl::run(): Start listening for request from STH2 [hardware/samsung_slsi/exynos8890/mobicore/Daemon/src/FSD2.cpp:376]
08-29 22:46:09.155  2936  2936 F DEBUG   :     x0   0000000000000000  x1   0000000000000b73  x2   0000000000000006  x3   0000000000000000
08-29 22:46:09.155  2936  2936 F DEBUG   :     x4   0000000000000000  x5   0000000000000001  x6   0000000000000000  x7   0000000000000000
08-29 22:46:09.155  2936  2936 F DEBUG   :     x8   0000000000000083  x9   000000000000004f  x10  0000007fe75557ac  x11  0000007fe75557e8
08-29 22:46:09.155  2936  2936 F DEBUG   :     x12  0000007fe75556c0  x13  000000000000003f  x14  0000007fe75558a8  x15  0000000000000000
08-29 22:46:09.155  2936  2936 F DEBUG   :     x16  0000007fa9436560  x17  0000007fa93c7d6c  x18  0000007fa95ec3a4  x19  0000007fa96e10d8
08-29 22:46:09.155  2936  2936 F DEBUG   :     x20  0000007fa96e1018  x21  0000000000000002  x22  0000000000000006  x23  6f3e5559c18ecfe6
08-29 22:46:09.155  2936  2936 F DEBUG   :     x24  000000000100ffff  x25  0000007fa965e7b0  x26  0000000000000000  x27  0000000000000000
08-29 22:46:09.155  2936  2936 F DEBUG   :     x28  0000000000000000  x29  0000007fe7555ca0  x30  0000007fa93c5508
08-29 22:46:09.155  2936  2936 F DEBUG   :     sp   0000007fe7555ca0  pc   0000007fa93c7d74  pstate 0000000020000000
08-29 22:46:09.159  3070  3070 W auditd  : type=1325 audit(0.0:22): table=filter family=2 entries=10
08-29 22:46:09.159  3070  3070 W auditd  : type=1320 audit(0.0:22): 
08-29 22:46:09.160  2936  2936 F DEBUG   : 
08-29 22:46:09.160  2936  2936 F DEBUG   : backtrace:
08-29 22:46:09.160  2936  2936 F DEBUG   :     #00 pc 0000000000069d74  /system/lib64/libc.so (tgkill+8)
08-29 22:46:09.160  2936  2936 F DEBUG   :     #01 pc 0000000000067504  /system/lib64/libc.so (pthread_kill+68)
08-29 22:46:09.160  2936  2936 F DEBUG   :     #02 pc 0000000000023448  /system/lib64/libc.so (raise+28)
08-29 22:46:09.160  2936  2936 F DEBUG   :     #03 pc 000000000001dbe8  /system/lib64/libc.so (abort+60)
08-29 22:46:09.160  2936  2936 F DEBUG   :     #04 pc 000000000003c0f8  /system/lib64/libsurfaceflinger.so
08-29 22:46:09.160  2936  2936 F DEBUG   :     #05 pc 0000000000045f4c  /system/lib64/libsurfaceflinger.so
08-29 22:46:09.160  2936  2936 F DEBUG   :     #06 pc 000000000002ce94  /system/lib64/libsurfaceflinger.so (_ZN7android14SurfaceFlinger4initEv+440)
08-29 22:46:09.160  2936  2936 F DEBUG   :     #07 pc 000000000000115c  /system/bin/surfaceflinger
08-29 22:46:09.160  2936  2936 F DEBUG   :     #08 pc 000000000001bcd8  /system/lib64/libc.so (__libc_init+100)
08-29 22:46:09.160  2936  2936 F DEBUG   :     #09 pc 000000000000101c  /system/bin/surfaceflinger
08-29 22:46:09.167  3116  3116 I CSTORAGE: ============================================================
08-29 22:46:09.167  3116  3116 I CSTORAGE:  CSTORAGE, v1.1.14, OS = android, ChipId = ex8890
08-29 22:46:09.167  3116  3116 I CSTORAGE: ============================================================
08-29 22:46:09.167  3116  3116 I CSTORAGE: ============================================================
08-29 22:46:09.167  3116  3116 I CSTORAGE:  CSTORAGE_SKM_LIB, v1.1.14, OS = android, ChipId = ex8890
08-29 22:46:09.167  3116  3116 I CSTORAGE: ============================================================
08-29 22:46:09.169  3070  3070 W auditd  : type=1325 audit(0.0:23): table=filter family=10 entries=10
08-29 22:46:09.169  3070  3070 W auditd  : type=1320 audit(0.0:23): 
08-29 22:46:09.179  3070  3070 W auditd  : type=1325 audit(0.0:24): table=filter family=2 entries=12
08-29 22:46:09.179  3070  3070 W auditd  : type=1320 audit(0.0:24): 
08-29 22:46:09.189  3070  3070 W auditd  : type=1325 audit(0.0:25): table=filter family=10 entries=12
08-29 22:46:09.189  3070  3070 W auditd  : type=1320 audit(0.0:25): 
08-29 22:46:09.269  2931  2931 W surfaceflinger: type=1701 audit(0.0:26): auid=4294967295 uid=1000 gid=1003 ses=4294967295 exe="/system/bin/surfaceflinger" sig=6
08-29 22:46:09.269  3070  3070 W auditd  : type=1325 audit(0.0:27): table=filter family=2 entries=13
08-29 22:46:09.269  3070  3070 W auditd  : type=1320 audit(0.0:27): 
08-29 22:46:09.279  3070  3070 W auditd  : type=1325 audit(0.0:28): table=filter family=10 entries=13
08-29 22:46:09.279  3070  3070 W auditd  : type=1320 audit(0.0:28): 
08-29 22:46:09.279  3070  3070 W auditd  : type=1325 audit(0.0:29): table=filter family=2 entries=15
08-29 22:46:09.279  3070  3070 W auditd  : type=1320 audit(0.0:29): 
08-29 22:46:09.281  2936  2936 F DEBUG   : 
08-29 22:46:09.281  2936  2936 F DEBUG   : Tombstone written to: /data/tombstones/tombstone_03
08-29 22:46:09.289  3070  3070 W auditd  : type=1325 audit(0.0:30): table=filter family=10 entries=15
08-29 22:46:09.289  3070  3070 W auditd  : type=1320 audit(0.0:30): 
08-29 22:46:09.319  3070  3070 W auditd  : type=1325 audit(0.0:31): table=filter family=2 entries=16
08-29 22:46:09.319  3070  3070 W auditd  : type=1320 audit(0.0:31): 
08-29 22:46:09.325  2943  2943 D AndroidRuntime: >>>>>> START com.android.internal.os.ZygoteInit uid 0 <<<<<<
08-29 22:46:09.329  3070  3070 W auditd  : type=1325 audit(0.0:32): table=filter family=10 entries=16
08-29 22:46:09.329  3070  3070 W auditd  : type=1320 audit(0.0:32): 
08-29 22:46:09.338  2943  2943 D AndroidRuntime: CheckJNI is ON
08-29 22:46:09.346  2930  2930 I ServiceManager: service 'media.audio_flinger' died
08-29 22:46:09.346  2930  2930 I ServiceManager: service 'media.player' died
08-29 22:46:09.346  2930  2930 I ServiceManager: service 'media.resource_manager' died
08-29 22:46:09.346  2930  2930 I ServiceManager: service 'media.camera' died
08-29 22:46:09.361  2944  2944 D AndroidRuntime: >>>>>> START com.android.internal.os.ZygoteInit uid 0 <<<<<<
08-29 22:46:09.372  2944  2944 D AndroidRuntime: CheckJNI is ON
08-29 22:46:09.376  2944  2944 I art     : option[0]=-Xzygote
08-29 22:46:09.376  2944  2944 I art     : option[1]=-Xcheck:jni
08-29 22:46:09.376  2944  2944 I art     : option[2]=-Xstacktracefile:/data/anr/traces.txt
08-29 22:46:09.376  2944  2944 I art     : option[3]=exit
08-29 22:46:09.376  2944  2944 I art     : option[4]=vfprintf
08-29 22:46:09.376  2944  2944 I art     : option[5]=sensitiveThread
08-29 22:46:09.376  2944  2944 I art     : option[6]=-verbose:gc
08-29 22:46:09.376  2944  2944 I art     : option[7]=-Xms8m
08-29 22:46:09.376  2944  2944 I art     : option[8]=-Xmx768m
08-29 22:46:09.376  2944  2944 I art     : option[9]=-XX:HeapGrowthLimit=288m
08-29 22:46:09.376  2944  2944 I art     : option[10]=-XX:HeapMinFree=2m
08-29 22:46:09.376  2944  2944 I art     : option[11]=-XX:HeapMaxFree=8m
08-29 22:46:09.376  2944  2944 I art     : option[12]=-XX:HeapTargetUtilization=0.75
08-29 22:46:09.376  2944  2944 I art     : option[13]=-Xusejit:true
08-29 22:46:09.376  2944  2944 I art     : option[14]=-agentlib:jdwp=transport=dt_android_adb,suspend=n,server=y
08-29 22:46:09.376  2944  2944 I art     : option[15]=-Xlockprofthreshold:500
08-29 22:46:09.376  2944  2944 I art     : option[16]=-Ximage-compiler-option
08-29 22:46:09.376  2944  2944 I art     : option[17]=--runtime-arg
08-29 22:46:09.376  2944  2944 I art     : option[18]=-Ximage-compiler-option
08-29 22:46:09.376  2944  2944 I art     : option[19]=-Xms64m
08-29 22:46:09.376  2944  2944 I art     : option[20]=-Ximage-compiler-option
08-29 22:46:09.376  2944  2944 I art     : option[21]=--runtime-arg
08-29 22:46:09.376  2944  2944 I art     : option[22]=-Ximage-compiler-option
08-29 22:46:09.376  2944  2944 I art     : option[23]=-Xmx64m
08-29 22:46:09.376  2944  2944 I art     : option[24]=-Ximage-compiler-option
08-29 22:46:09.376  2944  2944 I art     : option[25]=--compiler-filter=verify-at-runtime
08-29 22:46:09.376  2944  2944 I art     : option[26]=-Ximage-compiler-option
08-29 22:46:09.376  2944  2944 I art     : option[27]=--image-classes=/system/etc/preloaded-classes
08-29 22:46:09.376  2944  2944 I art     : option[28]=-Xcompiler-option
08-29 22:46:09.376  2944  2944 I art     : option[29]=--runtime-arg
08-29 22:46:09.376  2944  2944 I art     : option[30]=-Xcompiler-option
08-29 22:46:09.376  2944  2944 I art     : option[31]=-Xms64m
08-29 22:46:09.376  2944  2944 I art     : option[32]=-Xcompiler-option
08-29 22:46:09.376  2944  2944 I art     : option[33]=--runtime-arg
08-29 22:46:09.376  2944  2944 I art     : option[34]=-Xcompiler-option
08-29 22:46:09.376  2944  2944 I art     : option[35]=-Xmx512m
08-29 22:46:09.376  2944  2944 I art     : option[36]=-Xcompiler-option
08-29 22:46:09.376  2944  2944 I art     : option[37]=--compiler-filter=verify-at-runtime
08-29 22:46:09.376  2944  2944 I art     : option[38]=-Ximage-compiler-option
08-29 22:46:09.376  2944  2944 I art     : option[39]=--instruction-set-variant=cortex-a53
08-29 22:46:09.376  2944  2944 I art     : option[40]=-Xcompiler-option
08-29 22:46:09.376  2944  2944 I art     : option[41]=--instruction-set-variant=cortex-a53
08-29 22:46:09.376  2944  2944 I art     : option[42]=-Ximage-compiler-option
08-29 22:46:09.376  2944  2944 I art     : option[43]=--instruction-set-features=default
08-29 22:46:09.376  2944  2944 I art     : option[44]=-Xcompiler-option
08-29 22:46:09.376  2944  2944 I art     : option[45]=--instruction-set-features=default
08-29 22:46:09.376  2944  2944 I art     : option[46]=-Duser.locale=en-US
08-29 22:46:09.376  2944  2944 I art     : option[47]=--cpu-abilist=armeabi-v7a,armeabi
08-29 22:46:09.376  2944  2944 I art     : option[48]=-Xfingerprint:samsung/cm_hero2ltexx/hero2ltexx:6.0.1/MOB30Z/1f26c43fa1:eng/test-keys
08-29 22:46:09.467  2944  2944 D ICU     : No timezone override file found: /data/misc/zoneinfo/current/icu/icu_tzdata.dat
08-29 22:46:09.646  2944  2944 I Radio-JNI: register_android_hardware_Radio DONE
08-29 22:46:09.692  2944  2944 I SamplingProfilerIntegration: Profiling disabled.
08-29 22:46:09.693  2944  2944 D Zygote  : begin preload
08-29 22:46:09.694  2944  2944 I Zygote  : Preloading classes...
08-29 22:46:10.145  2944  2944 E Minikin : addFont failed to create font /system/fonts/NanumGothic.ttf
08-29 22:46:10.145  2944  2944 E Minikin : addFont failed to create font /system/fonts/DroidSansFallback.ttf
08-29 22:46:10.145  2944  2944 E Minikin : addFont failed to create font /system/fonts/MTLmr3m.ttf
08-29 22:46:10.249  2944  2944 V DngCreator_JNI: DngCreator_nativeClassInit:
08-29 22:46:11.044  2944  2944 I art     : Thread[1,tid=2944,Native,Thread*=0xf5576500,peer=0x12c21340,"main"] recursive attempt to load library "/system/lib/libmedia_jni.so"
08-29 22:46:11.044  2944  2944 D MtpDeviceJNI: register_android_mtp_MtpDevice
08-29 22:46:11.045  2944  2944 I art     : Thread[1,tid=2944,Native,Thread*=0xf5576500,peer=0x12c21340,"main"] recursive attempt to load library "/system/lib/libmedia_jni.so"
08-29 22:46:11.045  2944  2944 I art     : Thread[1,tid=2944,Native,Thread*=0xf5576500,peer=0x12c21340,"main"] recursive attempt to load library "/system/lib/libmedia_jni.so"
08-29 22:46:11.612  2944  2944 W System  : ClassLoader referenced unknown path: /system/framework/tcmclient.jar
08-29 22:46:11.979  2944  2944 I System  : Loaded time zone names for "" in 23ms (20ms in ICU)
08-29 22:46:12.016  2944  2944 I System  : Loaded time zone names for "en_US" in 37ms (12ms in ICU)
08-29 22:46:12.240  2944  2944 I Zygote  : ...preloaded 3831 classes in 2545ms.
08-29 22:46:12.240  2944  2944 I art     : VMRuntime.preloadDexCaches starting
08-29 22:46:12.275  2944  2944 I art     : VMRuntime.preloadDexCaches strings total=249042 before=10084 after=10084
08-29 22:46:12.275  2944  2944 I art     : VMRuntime.preloadDexCaches types total=20335 before=8244 after=9837
08-29 22:46:12.275  2944  2944 I art     : VMRuntime.preloadDexCaches fields total=100408 before=35771 after=47736
08-29 22:46:12.275  2944  2944 I art     : VMRuntime.preloadDexCaches methods total=172844 before=67608 after=83315
08-29 22:46:12.275  2944  2944 I art     : VMRuntime.preloadDexCaches finished
08-29 22:46:12.288  3172  3172 D idmap   : error: no read access to /vendor/overlay: No such file or directory
08-29 22:46:12.315  2944  2944 I Zygote  : Preloading resources...
08-29 22:46:12.753  2944  2944 I Zygote  : ...preloaded 342 resources in 438ms.
08-29 22:46:12.763  2944  2944 I Zygote  : ...preloaded 41 resources in 10ms.
08-29 22:46:12.803  2944  2944 D libEGL  : loaded /vendor/lib/egl/libGLES_mali.so
08-29 22:46:12.813  2944  2944 I Zygote  : Preloading shared libraries...
08-29 22:46:12.823  2944  2944 D Zygote  : end preload
08-29 22:46:12.823  2944  2944 I art     : Starting a blocking GC Explicit
08-29 22:46:12.833  2944  2944 I art     : Explicit concurrent mark sweep GC freed 11352(457KB) AllocSpace objects, 0(0B) LOS objects, 36% free, 27MB/43MB, paused 75us total 9.682ms
08-29 22:46:12.845  2944  2944 I art     : Starting a blocking GC Explicit
08-29 22:46:12.853  2944  2944 I art     : Explicit concurrent mark sweep GC freed 2444(115KB) AllocSpace objects, 0(0B) LOS objects, 36% free, 27MB/43MB, paused 66us total 8.011ms
08-29 22:46:12.853  2944  2944 I Zygote  : Accepting command socket connections
08-29 22:46:14.389  3070  3070 W auditd  : type=1325 audit(0.0:33): table=filter family=2 entries=18
08-29 22:46:14.389  3070  3070 W auditd  : type=1320 audit(0.0:33): 
08-29 22:46:14.397  3173  3173 I Netd    : Netd 1.0 starting
08-29 22:46:14.397  3173  3173 I QtiConnectivityAdapter: Failed to open libconnctrl, some features may not be present.
08-29 22:46:14.397  3173  3173 D TetherController: Setting IP forward enable = 0
08-29 22:46:14.399  3070  3070 W auditd  : type=1325 audit(0.0:34): table=filter family=10 entries=18
08-29 22:46:14.399  3070  3070 W auditd  : type=1320 audit(0.0:34): 
08-29 22:46:14.408  3175  3175 I SurfaceFlinger: SurfaceFlinger is starting
08-29 22:46:14.408  3175  3175 I SurfaceFlinger: SurfaceFlinger's main thread ready to run. Initializing graphics H/W...
08-29 22:46:14.409  3070  3070 W auditd  : type=1325 audit(0.0:35): table=filter family=2 entries=17
08-29 22:46:14.409  3070  3070 W auditd  : type=1320 audit(0.0:35): 
08-29 22:46:14.419  3070  3070 W auditd  : type=1325 audit(0.0:36): table=filter family=10 entries=17
08-29 22:46:14.419  3070  3070 W auditd  : type=1320 audit(0.0:36): 
08-29 22:46:14.419  3070  3070 W auditd  : type=1325 audit(0.0:37): table=filter family=2 entries=17
08-29 22:46:14.419  3070  3070 W auditd  : type=1320 audit(0.0:37): 
08-29 22:46:14.422  3175  3175 D libEGL  : loaded /vendor/lib64/egl/libGLES_mali.so
08-29 22:46:14.429  3070  3070 W auditd  : type=1325 audit(0.0:38): table=filter family=10 entries=17
08-29 22:46:14.429  3070  3070 W auditd  : type=1320 audit(0.0:38): 
08-29 22:46:14.429  3070  3070 W auditd  : type=1325 audit(0.0:39): table=filter family=2 entries=15
08-29 22:46:14.429  3070  3070 W auditd  : type=1320 audit(0.0:39): 
08-29 22:46:14.438  3175  3175 E HAL     : load: module=/system/lib64/hw/gralloc.exynos5.so
08-29 22:46:14.438  3175  3175 E HAL     : dlopen failed: cannot locate symbol "ion_sync_fd_partial" referenced by "/system/lib64/hw/gralloc.exynos5.so"...
08-29 22:46:14.438  3175  3175 W libEGL  : eglInitialize(0x7f77369000) failed (EGL_NOT_INITIALIZED)
08-29 22:46:14.439  3070  3070 W auditd  : type=1325 audit(0.0:40): table=filter family=10 entries=15
08-29 22:46:14.439  3070  3070 W auditd  : type=1320 audit(0.0:40): 
08-29 22:46:14.439  3175  3175 E HAL     : load: module=/system/lib64/hw/gralloc.exynos5.so
08-29 22:46:14.439  3175  3175 E HAL     : dlopen failed: cannot locate symbol "ion_sync_fd_partial" referenced by "/system/lib64/hw/gralloc.exynos5.so"...
08-29 22:46:14.439  3175  3175 E SurfaceFlinger: gralloc module not found
08-29 22:46:14.441  3175  3175 E HAL     : load: module=/system/lib64/hw/gralloc.exynos5.so
08-29 22:46:14.441  3175  3175 E HAL     : dlopen failed: cannot locate symbol "ion_sync_fd_partial" referenced by "/system/lib64/hw/gralloc.exynos5.so"...
08-29 22:46:14.441  3175  3175 E hwcomposer: failed to get gralloc hw module
08-29 22:46:14.441  3175  3175 E SurfaceFlinger: composer device failed to initialize (Invalid argument)
08-29 22:46:14.441  3175  3175 E SurfaceFlinger: ERROR: failed to open framebuffer (Invalid argument), aborting
08-29 22:46:14.441  3175  3175 F libc    : Fatal signal 6 (SIGABRT), code -6 in tid 3175 (surfaceflinger)
08-29 22:46:14.441  2936  2936 I DEBUG   : property debug.db.uid not set; NOT waiting for gdb.
08-29 22:46:14.441  2936  2936 I DEBUG   : HINT: adb shell setprop debug.db.uid 100000
08-29 22:46:14.441  2936  2936 I DEBUG   : HINT: adb forward tcp:5039 tcp:5039
08-29 22:46:14.449  3070  3070 W auditd  : type=1325 audit(0.0:41): table=filter family=2 entries=17
08-29 22:46:14.449  3070  3070 W auditd  : type=1320 audit(0.0:41): 
08-29 22:46:14.459  3070  3070 W auditd  : type=1325 audit(0.0:42): table=filter family=10 entries=17
08-29 22:46:14.459  3070  3070 W auditd  : type=1320 audit(0.0:42): 
08-29 22:46:14.469  3070  3070 W auditd  : type=1325 audit(0.0:43): table=filter family=2 entries=18
08-29 22:46:14.469  3070  3070 W auditd  : type=1320 audit(0.0:43): 
08-29 22:46:14.492  2936  2936 F DEBUG   : *** *** *** *** *** *** *** *** *** *** *** *** *** *** *** ***
08-29 22:46:14.492  2936  2936 F DEBUG   : CM Version: '13.0-20160829-UNOFFICIAL-hero2ltexx'
08-29 22:46:14.492  2936  2936 F DEBUG   : Build fingerprint: 'samsung/cm_hero2ltexx/hero2ltexx:6.0.1/MOB30Z/1f26c43fa1:eng/test-keys'
08-29 22:46:14.492  2936  2936 F DEBUG   : Revision: '0'
08-29 22:46:14.492  2936  2936 F DEBUG   : ABI: 'arm64'
08-29 22:46:14.492  2936  2936 F DEBUG   : pid: 3175, tid: 3175, name: surfaceflinger  >>> /system/bin/surfaceflinger <<<
08-29 22:46:14.492  2936  2936 F DEBUG   : signal 6 (SIGABRT), code -6 (SI_TKILL), fault addr --------
08-29 22:46:14.496  2936  2936 F DEBUG   :     x0   0000000000000000  x1   0000000000000c67  x2   0000000000000006  x3   0000000000000000
08-29 22:46:14.496  2936  2936 F DEBUG   :     x4   0000000000000000  x5   0000000000000001  x6   0000000000000000  x7   0000000000000000
08-29 22:46:14.496  2936  2936 F DEBUG   :     x8   0000000000000083  x9   000000000000004f  x10  0000007fdcec9ffc  x11  0000007fdceca038
08-29 22:46:14.496  2936  2936 F DEBUG   :     x12  0000007fdcec9f10  x13  000000000000003f  x14  0000007fdceca0f8  x15  0000000000000000
08-29 22:46:14.496  2936  2936 F DEBUG   :     x16  0000007f77f44560  x17  0000007f77ed5d6c  x18  0000007f780fa3a4  x19  0000007f781ef0d8
08-29 22:46:14.496  2936  2936 F DEBUG   :     x20  0000007f781ef018  x21  0000000000000002  x22  0000000000000006  x23  8c1f82e22eff8a23
08-29 22:46:14.496  2936  2936 F DEBUG   :     x24  000000000100ffff  x25  0000007f7816c7b0  x26  0000000000000000  x27  0000000000000000
08-29 22:46:14.496  2936  2936 F DEBUG   :     x28  0000000000000000  x29  0000007fdceca4f0  x30  0000007f77ed3508
08-29 22:46:14.496  2936  2936 F DEBUG   :     sp   0000007fdceca4f0  pc   0000007f77ed5d74  pstate 0000000020000000
08-29 22:46:14.498  2936  2936 F DEBUG   : 
08-29 22:46:14.498  2936  2936 F DEBUG   : backtrace:
08-29 22:46:14.499  2936  2936 F DEBUG   :     #00 pc 0000000000069d74  /system/lib64/libc.so (tgkill+8)
08-29 22:46:14.499  2936  2936 F DEBUG   :     #01 pc 0000000000067504  /system/lib64/libc.so (pthread_kill+68)
08-29 22:46:14.499  2936  2936 F DEBUG   :     #02 pc 0000000000023448  /system/lib64/libc.so (raise+28)
08-29 22:46:14.499  2936  2936 F DEBUG   :     #03 pc 000000000001dbe8  /system/lib64/libc.so (abort+60)
08-29 22:46:14.499  2936  2936 F DEBUG   :     #04 pc 000000000003c0f8  /system/lib64/libsurfaceflinger.so
08-29 22:46:14.499  2936  2936 F DEBUG   :     #05 pc 0000000000045f4c  /system/lib64/libsurfaceflinger.so
08-29 22:46:14.499  2936  2936 F DEBUG   :     #06 pc 000000000002ce94  /system/lib64/libsurfaceflinger.so (_ZN7android14SurfaceFlinger4initEv+440)
08-29 22:46:14.499  2936  2936 F DEBUG   :     #07 pc 000000000000115c  /system/bin/surfaceflinger
08-29 22:46:14.499  2936  2936 F DEBUG   :     #08 pc 000000000001bcd8  /system/lib64/libc.so (__libc_init+100)
08-29 22:46:14.499  2936  2936 F DEBUG   :     #09 pc 000000000000101c  /system/bin/surfaceflinger
08-29 22:46:14.518  3176  3176 V MediaUtils: physMem: 3759357952
08-29 22:46:14.518  3176  3176 V MediaUtils: requested limit: 2443582635
08-29 22:46:14.519  3176  3176 V MediaUtils: actual limit: 2443582635
08-29 22:46:14.519  3176  3176 V MediaUtils: original limits: 4294967295/4294967295
08-29 22:46:14.519  3176  3176 V MediaUtils: new limits: 2443582635/4294967295
08-29 22:46:14.519  3176  3176 I mediaserver: ServiceManager: 0xf60ce120
08-29 22:46:14.519  3176  3176 I AudioFlinger: Using default 3000 mSec as standby time.
08-29 22:46:14.519  3176  3176 E BatteryNotifier: batterystats service unavailable!
08-29 22:46:14.520  3176  3176 E BatteryNotifier: batterystats service unavailable!
08-29 22:46:14.520  3176  3176 I CameraService: CameraService started (pid=3176)
08-29 22:46:14.520  3176  3176 I CameraService: CameraService process starting
08-29 22:46:14.520  3176  3176 E BatteryNotifier: batterystats service unavailable!
08-29 22:46:14.520  3176  3176 E BatteryNotifier: batterystats service unavailable!
08-29 22:46:14.520  3176  3176 E CameraService: Could not load camera HAL module: -2 (No such file or directory)
08-29 22:46:14.521  3176  3176 I AudioPolicyService: AudioPolicyService CSTOR in new mode
08-29 22:46:14.521  3176  3176 I APM::ConfigParsingUtils: loadAudioPolicyConfig() loaded /system/etc/audio_policy.conf
08-29 22:46:14.598  3177  3177 D AndroidRuntime: >>>>>> START com.android.internal.os.ZygoteInit uid 0 <<<<<<
08-29 22:46:14.601  3177  3177 D AndroidRuntime: CheckJNI is ON
08-29 22:46:14.605  3177  3177 I art     : option[0]=-Xzygote
08-29 22:46:14.605  3177  3177 I art     : option[1]=-Xcheck:jni
08-29 22:46:14.605  3177  3177 I art     : option[2]=-Xstacktracefile:/data/anr/traces.txt
08-29 22:46:14.605  3177  3177 I art     : option[3]=exit
08-29 22:46:14.605  3177  3177 I art     : option[4]=vfprintf
08-29 22:46:14.605  3177  3177 I art     : option[5]=sensitiveThread
08-29 22:46:14.605  3177  3177 I art     : option[6]=-verbose:gc
08-29 22:46:14.605  3177  3177 I art     : option[7]=-Xms8m
08-29 22:46:14.605  3177  3177 I art     : option[8]=-Xmx768m
08-29 22:46:14.605  3177  3177 I art     : option[9]=-XX:HeapGrowthLimit=288m
08-29 22:46:14.605  3177  3177 I art     : option[10]=-XX:HeapMinFree=2m
08-29 22:46:14.605  3177  3177 I art     : option[11]=-XX:HeapMaxFree=8m
08-29 22:46:14.605  3177  3177 I art     : option[12]=-XX:HeapTargetUtilization=0.75
08-29 22:46:14.605  3177  3177 I art     : option[13]=-Xusejit:true
08-29 22:46:14.605  3177  3177 I art     : option[14]=-agentlib:jdwp=transport=dt_android_adb,suspend=n,server=y
08-29 22:46:14.605  3177  3177 I art     : option[15]=-Xlockprofthreshold:500
08-29 22:46:14.605  3177  3177 I art     : option[16]=-Ximage-compiler-option
08-29 22:46:14.605  3177  3177 I art     : option[17]=--runtime-arg
08-29 22:46:14.605  3177  3177 I art     : option[18]=-Ximage-compiler-option
08-29 22:46:14.605  3177  3177 I art     : option[19]=-Xms64m
08-29 22:46:14.605  3177  3177 I art     : option[20]=-Ximage-compiler-option
08-29 22:46:14.605  3177  3177 I art     : option[21]=--runtime-arg
08-29 22:46:14.605  3177  3177 I art     : option[22]=-Ximage-compiler-option
08-29 22:46:14.605  3177  3177 I art     : option[23]=-Xmx64m
08-29 22:46:14.605  3177  3177 I art     : option[24]=-Ximage-compiler-option
08-29 22:46:14.605  3177  3177 I art     : option[25]=--compiler-filter=verify-at-runtime
08-29 22:46:14.605  3177  3177 I art     : option[26]=-Ximage-compiler-option
08-29 22:46:14.605  3177  3177 I art     : option[27]=--image-classes=/system/etc/preloaded-classes
08-29 22:46:14.605  3177  3177 I art     : option[28]=-Xcompiler-option
08-29 22:46:14.605  3177  3177 I art     : option[29]=--runtime-arg
08-29 22:46:14.605  3177  3177 I art     : option[30]=-Xcompiler-option
08-29 22:46:14.605  3177  3177 I art     : option[31]=-Xms64m
08-29 22:46:14.605  3177  3177 I art     : option[32]=-Xcompiler-option
08-29 22:46:14.605  3177  3177 I art     : option[33]=--runtime-arg
08-29 22:46:14.605  3177  3177 I art     : option[34]=-Xcompiler-option
08-29 22:46:14.605  3177  3177 I art     : option[35]=-Xmx512m
08-29 22:46:14.605  3177  3177 I art     : option[36]=-Xcompiler-option
08-29 22:46:14.605  3177  3177 I art     : option[37]=--compiler-filter=verify-at-runtime
08-29 22:46:14.605  3177  3177 I art     : option[38]=-Ximage-compiler-option
08-29 22:46:14.605  3177  3177 I art     : option[39]=--instruction-set-variant=generic
08-29 22:46:14.605  3177  3177 I art     : option[40]=-Xcompiler-option
08-29 22:46:14.605  3177  3177 I art     : option[41]=--instruction-set-variant=generic
08-29 22:46:14.605  3177  3177 I art     : option[42]=-Ximage-compiler-option
08-29 22:46:14.605  3177  3177 I art     : option[43]=--instruction-set-features=default
08-29 22:46:14.605  3177  3177 I art     : option[44]=-Xcompiler-option
08-29 22:46:14.605  3177  3177 I art     : option[45]=--instruction-set-features=default
08-29 22:46:14.605  3177  3177 I art     : option[46]=-Duser.locale=en-US
08-29 22:46:14.605  3177  3177 I art     : option[47]=--cpu-abilist=arm64-v8a,armeabi
08-29 22:46:14.605  3177  3177 I art     : option[48]=-Xfingerprint:samsung/cm_hero2ltexx/hero2ltexx:6.0.1/MOB30Z/1f26c43fa1:eng/test-keys
08-29 22:46:14.616  2936  2936 F DEBUG   : 
08-29 22:46:14.616  2936  2936 F DEBUG   : Tombstone written to: /data/tombstones/tombstone_04
08-29 22:46:14.686  2930  2930 I ServiceManager: service 'media.audio_flinger' died
08-29 22:46:14.687  2930  2930 I ServiceManager: service 'media.player' died
08-29 22:46:14.687  2930  2930 I ServiceManager: service 'media.resource_manager' died
08-29 22:46:14.687  2930  2930 I ServiceManager: service 'media.camera' died
08-29 22:46:18.689  3070  3070 W auditd  : type=1325 audit(0.0:82): table=filter family=2 entries=19
08-29 22:46:18.689  3070  3070 W auditd  : type=1320 audit(0.0:82): 
08-29 22:46:18.699  3070  3070 W auditd  : type=1325 audit(0.0:83): table=filter family=10 entries=19
08-29 22:46:18.699  3070  3070 W auditd  : type=1320 audit(0.0:83): 
08-29 22:46:18.699  3070  3070 W auditd  : type=1325 audit(0.0:84): table=filter family=2 entries=18
08-29 22:46:18.699  3070  3070 W auditd  : type=1320 audit(0.0:84): 
08-29 22:46:18.699  3265  3265 I Netd    : Netd 1.0 starting
08-29 22:46:18.699  3265  3265 I QtiConnectivityAdapter: Failed to open libconnctrl, some features may not be present.
08-29 22:46:18.699  3265  3265 D TetherController: Setting IP forward enable = 0
08-29 22:46:18.709  3070  3070 W auditd  : type=1325 audit(0.0:85): table=filter family=10 entries=18
08-29 22:46:18.709  3070  3070 W auditd  : type=1320 audit(0.0:85): 
08-29 22:46:18.719  3070  3070 W auditd  : type=1325 audit(0.0:86): table=filter family=2 entries=18
08-29 22:46:18.719  3070  3070 W auditd  : type=1320 audit(0.0:86): 
08-29 22:46:18.720  3267  3267 I SurfaceFlinger: SurfaceFlinger is starting
08-29 22:46:18.720  3267  3267 I SurfaceFlinger: SurfaceFlinger's main thread ready to run. Initializing graphics H/W...
08-29 22:46:18.729  3070  3070 W auditd  : type=1325 audit(0.0:87): table=filter family=10 entries=18
08-29 22:46:18.729  3070  3070 W auditd  : type=1320 audit(0.0:87): 
08-29 22:46:18.734  3267  3267 D libEGL  : loaded /vendor/lib64/egl/libGLES_mali.so
08-29 22:46:18.739  3070  3070 W auditd  : type=1325 audit(0.0:88): table=filter family=2 entries=16
08-29 22:46:18.739  3070  3070 W auditd  : type=1320 audit(0.0:88): 
08-29 22:46:18.749  3070  3070 W auditd  : type=1325 audit(0.0:89): table=filter family=10 entries=16
08-29 22:46:18.749  3070  3070 W auditd  : type=1320 audit(0.0:89): 
08-29 22:46:18.749  3267  3267 E HAL     : load: module=/system/lib64/hw/gralloc.exynos5.so
08-29 22:46:18.749  3267  3267 E HAL     : dlopen failed: cannot locate symbol "ion_sync_fd_partial" referenced by "/system/lib64/hw/gralloc.exynos5.so"...
08-29 22:46:18.749  3267  3267 W libEGL  : eglInitialize(0x7f8f769000) failed (EGL_NOT_INITIALIZED)
08-29 22:46:18.750  3267  3267 E HAL     : load: module=/system/lib64/hw/gralloc.exynos5.so
08-29 22:46:18.750  3267  3267 E HAL     : dlopen failed: cannot locate symbol "ion_sync_fd_partial" referenced by "/system/lib64/hw/gralloc.exynos5.so"...
08-29 22:46:18.750  3267  3267 E SurfaceFlinger: gralloc module not found
08-29 22:46:18.752  3267  3267 E HAL     : load: module=/system/lib64/hw/gralloc.exynos5.so
08-29 22:46:18.752  3267  3267 E HAL     : dlopen failed: cannot locate symbol "ion_sync_fd_partial" referenced by "/system/lib64/hw/gralloc.exynos5.so"...
08-29 22:46:18.752  3267  3267 E hwcomposer: failed to get gralloc hw module
08-29 22:46:18.752  3267  3267 E SurfaceFlinger: composer device failed to initialize (Invalid argument)
08-29 22:46:18.752  3267  3267 E SurfaceFlinger: ERROR: failed to open framebuffer (Invalid argument), aborting
08-29 22:46:18.752  3267  3267 F libc    : Fatal signal 6 (SIGABRT), code -6 in tid 3267 (surfaceflinger)
08-29 22:46:18.752  2936  2936 I DEBUG   : property debug.db.uid not set; NOT waiting for gdb.
08-29 22:46:18.752  2936  2936 I DEBUG   : HINT: adb shell setprop debug.db.uid 100000
08-29 22:46:18.752  2936  2936 I DEBUG   : HINT: adb forward tcp:5039 tcp:5039
08-29 22:46:18.759  3070  3070 W auditd  : type=1325 audit(0.0:90): table=filter family=2 entries=18
08-29 22:46:18.759  3070  3070 W auditd  : type=1320 audit(0.0:90): 
08-29 22:46:18.769  3070  3070 W auditd  : type=1325 audit(0.0:91): table=filter family=10 entries=18
08-29 22:46:18.769  3070  3070 W auditd  : type=1320 audit(0.0:91): 
08-29 22:46:18.803  2936  2936 F DEBUG   : *** *** *** *** *** *** *** *** *** *** *** *** *** *** *** ***
08-29 22:46:18.803  2936  2936 F DEBUG   : CM Version: '13.0-20160829-UNOFFICIAL-hero2ltexx'
08-29 22:46:18.803  2936  2936 F DEBUG   : Build fingerprint: 'samsung/cm_hero2ltexx/hero2ltexx:6.0.1/MOB30Z/1f26c43fa1:eng/test-keys'
08-29 22:46:18.803  2936  2936 F DEBUG   : Revision: '0'
08-29 22:46:18.803  2936  2936 F DEBUG   : ABI: 'arm64'
08-29 22:46:18.803  2936  2936 F DEBUG   : pid: 3267, tid: 3267, name: surfaceflinger  >>> /system/bin/surfaceflinger <<<
08-29 22:46:18.803  2936  2936 F DEBUG   : signal 6 (SIGABRT), code -6 (SI_TKILL), fault addr --------
08-29 22:46:18.806  2936  2936 F DEBUG   :     x0   0000000000000000  x1   0000000000000cc3  x2   0000000000000006  x3   0000000000000000
08-29 22:46:18.806  2936  2936 F DEBUG   :     x4   0000000000000000  x5   0000000000000001  x6   0000000000000000  x7   0000000000000000
08-29 22:46:18.807  2936  2936 F DEBUG   :     x8   0000000000000083  x9   000000000000004f  x10  0000007fe7ce664c  x11  0000007fe7ce6688
08-29 22:46:18.807  2936  2936 F DEBUG   :     x12  0000007fe7ce6560  x13  000000000000003f  x14  0000007fe7ce6748  x15  0000000000000000
08-29 22:46:18.807  2936  2936 F DEBUG   :     x16  0000007f90320560  x17  0000007f902b1d6c  x18  0000007f904d63a4  x19  0000007f905cb0d8
08-29 22:46:18.807  2936  2936 F DEBUG   :     x20  0000007f905cb018  x21  0000000000000002  x22  0000000000000006  x23  e645f2916eb7f31f
08-29 22:46:18.807  2936  2936 F DEBUG   :     x24  000000000100ffff  x25  0000007f905487b0  x26  0000000000000000  x27  0000000000000000
08-29 22:46:18.807  2936  2936 F DEBUG   :     x28  0000000000000000  x29  0000007fe7ce6b40  x30  0000007f902af508
08-29 22:46:18.807  2936  2936 F DEBUG   :     sp   0000007fe7ce6b40  pc   0000007f902b1d74  pstate 0000000020000000
08-29 22:46:18.809  2936  2936 F DEBUG   : 
08-29 22:46:18.809  2936  2936 F DEBUG   : backtrace:
08-29 22:46:18.810  2936  2936 F DEBUG   :     #00 pc 0000000000069d74  /system/lib64/libc.so (tgkill+8)
08-29 22:46:18.810  2936  2936 F DEBUG   :     #01 pc 0000000000067504  /system/lib64/libc.so (pthread_kill+68)
08-29 22:46:18.810  2936  2936 F DEBUG   :     #02 pc 0000000000023448  /system/lib64/libc.so (raise+28)
08-29 22:46:18.810  2936  2936 F DEBUG   :     #03 pc 000000000001dbe8  /system/lib64/libc.so (abort+60)
08-29 22:46:18.810  2936  2936 F DEBUG   :     #04 pc 000000000003c0f8  /system/lib64/libsurfaceflinger.so
08-29 22:46:18.810  2936  2936 F DEBUG   :     #05 pc 0000000000045f4c  /system/lib64/libsurfaceflinger.so
08-29 22:46:18.810  2936  2936 F DEBUG   :     #06 pc 000000000002ce94  /system/lib64/libsurfaceflinger.so (_ZN7android14SurfaceFlinger4initEv+440)
08-29 22:46:18.810  2936  2936 F DEBUG   :     #07 pc 000000000000115c  /system/bin/surfaceflinger
08-29 22:46:18.810  2936  2936 F DEBUG   :     #08 pc 000000000001bcd8  /system/lib64/libc.so (__libc_init+100)
08-29 22:46:18.810  2936  2936 F DEBUG   :     #09 pc 000000000000101c  /system/bin/surfaceflinger
08-29 22:46:18.822  3268  3268 V MediaUtils: physMem: 3759357952
08-29 22:46:18.822  3268  3268 V MediaUtils: requested limit: 2443582635
08-29 22:46:18.822  3268  3268 V MediaUtils: actual limit: 2443582635
08-29 22:46:18.822  3268  3268 V MediaUtils: original limits: 4294967295/4294967295
08-29 22:46:18.822  3268  3268 V MediaUtils: new limits: 2443582635/4294967295
08-29 22:46:18.822  3268  3268 I mediaserver: ServiceManager: 0xf628e120
08-29 22:46:18.822  3268  3268 I AudioFlinger: Using default 3000 mSec as standby time.
08-29 22:46:18.823  3268  3268 E BatteryNotifier: batterystats service unavailable!
08-29 22:46:18.823  3268  3268 E BatteryNotifier: batterystats service unavailable!
08-29 22:46:18.823  3268  3268 I CameraService: CameraService started (pid=3268)
08-29 22:46:18.823  3268  3268 I CameraService: CameraService process starting
08-29 22:46:18.823  3268  3268 E BatteryNotifier: batterystats service unavailable!
08-29 22:46:18.823  3268  3268 E BatteryNotifier: batterystats service unavailable!
08-29 22:46:18.823  3268  3268 E CameraService: Could not load camera HAL module: -2 (No such file or directory)
08-29 22:46:18.823  3268  3268 I AudioPolicyService: AudioPolicyService CSTOR in new mode
08-29 22:46:18.824  3268  3268 I APM::ConfigParsingUtils: loadAudioPolicyConfig() loaded /system/etc/audio_policy.conf
08-29 22:46:18.901  3269  3269 D AndroidRuntime: >>>>>> START com.android.internal.os.ZygoteInit uid 0 <<<<<<
08-29 22:46:18.904  3269  3269 D AndroidRuntime: CheckJNI is ON
08-29 22:46:18.904  3269  3269 I art     : option[0]=-Xzygote
08-29 22:46:18.904  3269  3269 I art     : option[1]=-Xcheck:jni
08-29 22:46:18.904  3269  3269 I art     : option[2]=-Xstacktracefile:/data/anr/traces.txt
08-29 22:46:18.904  3269  3269 I art     : option[3]=exit
08-29 22:46:18.904  3269  3269 I art     : option[4]=vfprintf
08-29 22:46:18.904  3269  3269 I art     : option[5]=sensitiveThread
08-29 22:46:18.904  3269  3269 I art     : option[6]=-verbose:gc
08-29 22:46:18.904  3269  3269 I art     : option[7]=-Xms8m
08-29 22:46:18.904  3269  3269 I art     : option[8]=-Xmx768m
08-29 22:46:18.904  3269  3269 I art     : option[9]=-XX:HeapGrowthLimit=288m
08-29 22:46:18.904  3269  3269 I art     : option[10]=-XX:HeapMinFree=2m
08-29 22:46:18.904  3269  3269 I art     : option[11]=-XX:HeapMaxFree=8m
08-29 22:46:18.904  3269  3269 I art     : option[12]=-XX:HeapTargetUtilization=0.75
08-29 22:46:18.904  3269  3269 I art     : option[13]=-Xusejit:true
08-29 22:46:18.904  3269  3269 I art     : option[14]=-agentlib:jdwp=transport=dt_android_adb,suspend=n,server=y
08-29 22:46:18.904  3269  3269 I art     : option[15]=-Xlockprofthreshold:500
08-29 22:46:18.904  3269  3269 I art     : option[16]=-Ximage-compiler-option
08-29 22:46:18.904  3269  3269 I art     : option[17]=--runtime-arg
08-29 22:46:18.904  3269  3269 I art     : option[18]=-Ximage-compiler-option
08-29 22:46:18.904  3269  3269 I art     : option[19]=-Xms64m
08-29 22:46:18.904  3269  3269 I art     : option[20]=-Ximage-compiler-option
08-29 22:46:18.904  3269  3269 I art     : option[21]=--runtime-arg
08-29 22:46:18.904  3269  3269 I art     : option[22]=-Ximage-compiler-option
08-29 22:46:18.904  3269  3269 I art     : option[23]=-Xmx64m
08-29 22:46:18.904  3269  3269 I art     : option[24]=-Ximage-compiler-option
08-29 22:46:18.904  3269  3269 I art     : option[25]=--compiler-filter=verify-at-runtime
08-29 22:46:18.904  3269  3269 I art     : option[26]=-Ximage-compiler-option
08-29 22:46:18.904  3269  3269 I art     : option[27]=--image-classes=/system/etc/preloaded-classes
08-29 22:46:18.904  3269  3269 I art     : option[28]=-Xcompiler-option
08-29 22:46:18.904  3269  3269 I art     : option[29]=--runtime-arg
08-29 22:46:18.904  3269  3269 I art     : option[30]=-Xcompiler-option
08-29 22:46:18.904  3269  3269 I art     : option[31]=-Xms64m
08-29 22:46:18.904  3269  3269 I art     : option[32]=-Xcompiler-option
08-29 22:46:18.904  3269  3269 I art     : option[33]=--runtime-arg
08-29 22:46:18.904  3269  3269 I art     : option[34]=-Xcompiler-option
08-29 22:46:18.904  3269  3269 I art     : option[35]=-Xmx512m
08-29 22:46:18.904  3269  3269 I art     : option[36]=-Xcompiler-option
08-29 22:46:18.904  3269  3269 I art     : option[37]=--compiler-filter=verify-at-runtime
08-29 22:46:18.904  3269  3269 I art     : option[38]=-Ximage-compiler-option
08-29 22:46:18.904  3269  3269 I art     : option[39]=--instruction-set-variant=generic
08-29 22:46:18.904  3269  3269 I art     : option[40]=-Xcompiler-option
08-29 22:46:18.904  3269  3269 I art     : option[41]=--instruction-set-variant=generic
08-29 22:46:18.904  3269  3269 I art     : option[42]=-Ximage-compiler-option
08-29 22:46:18.904  3269  3269 I art     : option[43]=--instruction-set-features=default
08-29 22:46:18.904  3269  3269 I art     : option[44]=-Xcompiler-option
08-29 22:46:18.904  3269  3269 I art     : option[45]=--instruction-set-features=default
08-29 22:46:18.904  3269  3269 I art     : option[46]=-Duser.locale=en-US
08-29 22:46:18.904  3269  3269 I art     : option[47]=--cpu-abilist=arm64-v8a,armeabi
08-29 22:46:18.904  3269  3269 I art     : option[48]=-Xfingerprint:samsung/cm_hero2ltexx/hero2ltexx:6.0.1/MOB30Z/1f26c43fa1:eng/test-keys
08-29 22:46:18.930  2936  2936 F DEBUG   : 
08-29 22:46:18.930  2936  2936 F DEBUG   : Tombstone written to: /data/tombstones/tombstone_05
08-29 22:46:18.941  3269  3269 D ICU     : No timezone override file found: /data/misc/zoneinfo/current/icu/icu_tzdata.dat
08-29 22:46:18.987  2930  2930 I ServiceManager: service 'media.audio_flinger' died
08-29 22:46:18.987  2930  2930 I ServiceManager: service 'media.player' died
08-29 22:46:18.987  2930  2930 I ServiceManager: service 'media.resource_manager' died
08-29 22:46:18.987  2930  2930 I ServiceManager: service 'media.camera' died
08-29 22:46:24.003  3363  3363 I Netd    : Netd 1.0 starting
08-29 22:46:24.003  3363  3363 I QtiConnectivityAdapter: Failed to open libconnctrl, some features may not be present.
08-29 22:46:24.003  3363  3363 D TetherController: Setting IP forward enable = 0
08-29 22:46:23.999  3070  3070 W auditd  : type=1325 audit(0.0:133): table=filter family=2 entries=19
