--------- beginning of main
12-04 05:45:01.391  3331  3331 W auditd  : type=2000 audit(0.0:1): initialized
12-04 05:45:02.461  3331  3331 W auditd  : type=1325 audit(0.0:2): table=filter family=2 entries=0
12-04 05:45:02.461  3331  3331 W auditd  : type=1325 audit(0.0:3): table=mangle family=2 entries=0
12-04 05:45:02.461  3331  3331 W auditd  : type=1325 audit(0.0:4): table=nat family=2 entries=0
12-04 05:45:02.461  3331  3331 W auditd  : type=1325 audit(0.0:5): table=raw family=2 entries=0
12-04 05:45:02.461  3331  3331 W auditd  : type=1325 audit(0.0:6): table=security family=2 entries=0
12-04 05:45:02.461  3331  3331 W auditd  : type=1325 audit(0.0:7): table=filter family=3 entries=0
12-04 05:45:02.461  3331  3331 W auditd  : type=1325 audit(0.0:8): table=filter family=10 entries=0
12-04 05:45:02.461  3331  3331 W auditd  : type=1325 audit(0.0:9): table=mangle family=10 entries=0
12-04 05:45:02.461  3331  3331 W auditd  : type=1325 audit(0.0:10): table=raw family=10 entries=0
12-04 05:45:02.461  3331  3331 W auditd  : type=1325 audit(0.0:11): table=nat family=10 entries=0
12-04 05:45:02.839  3331  3331 W auditd  : type=1305 audit(0.0:12): audit_pid=2918 old=0 auid=4294967295 ses=4294967295 res=1
12-04 05:45:02.839  3331  3331 W auditd  : type=1305 audit(0.0:13): audit_rate_limit=20 old=0 auid=4294967295 ses=4294967295 res=1
12-04 05:45:02.876  2933  2933 I McDaemon: Daemon starting up...
12-04 05:45:02.876  2933  2933 I McDaemon: Socket interface version is 0.2
12-04 05:45:02.876  2933  2933 I McDaemon: *** t-base-300-Ares-2-Android-V001 ###
12-04 05:45:02.876  2933  2933 I McDaemon: Build timestamp is Nov 28 2016 04:11:40
12-04 05:45:02.876  2934  2934 I sysinit : Running /system/etc/init.d/00banner 
12-04 05:45:02.877  2933  2933 E McDaemon:   *****************************
12-04 05:45:02.877  2933  2933 E McDaemon:   *** ERROR: ioctl MC_IO_VERSION failed with "Not a typewriter"(errno 25)
12-04 05:45:02.877  2933  2933 E McDaemon:   *** Detected in checkVersion/545()
12-04 05:45:02.877  2933  2933 E McDaemon:   *****************************
12-04 05:45:02.877  2933  2933 E McDaemon:   *****************************
12-04 05:45:02.877  2933  2933 E McDaemon:   *** ERROR: ret = -1
12-04 05:45:02.877  2933  2933 E McDaemon:   *** Detected in checkVersion/546()
12-04 05:45:02.877  2933  2933 E McDaemon:   *****************************
12-04 05:45:02.877  2933  2933 E McDaemon:   *****************************
12-04 05:45:02.877  2933  2933 E McDaemon:   *** ERROR: kernel module version mismatch
12-04 05:45:02.877  2933  2933 E McDaemon:   *** Detected in initDevice/115()
12-04 05:45:02.877  2933  2933 E McDaemon:   *****************************
12-04 05:45:02.877  2933  2933 E McDaemon:   *****************************
12-04 05:45:02.877  2933  2933 E McDaemon:   *** ERROR: Could not initialize <t-base (because /dev/mobicore could not be openend)!
12-04 05:45:02.877  2933  2933 E McDaemon:   *** Detected in run/139()
12-04 05:45:02.877  2933  2933 E McDaemon:   *****************************
12-04 05:45:02.878  2933  2933 E McDaemon:   *****************************
12-04 05:45:02.878  2933  2933 E McDaemon:   *** ERROR: Exiting <t-base Daemon
12-04 05:45:02.878  2933  2933 E McDaemon:   *** Detected in main/1388()
12-04 05:45:02.878  2933  2933 E McDaemon:   *****************************
--------- beginning of system
12-04 05:45:02.885  2919  2919 I vold    : Vold 3.0 (the awakening) firing up
12-04 05:45:02.885  2919  2919 V vold    : Detected support for: exfat ext4 ntfs vfat
12-04 05:45:02.885  2930  2930 I lowmemorykiller: Using in-kernel low memory killer interface
12-04 05:45:02.891  2939  2939 I cm      : ____ _   _ ____ _  _ ____ ____ ____ _  _ _  _ ____ ___ 
12-04 05:45:02.896  2940  2940 I cm      : |     \_/  |__| |\ | |  | | __ |___ |\ | |\/| |  | |  \ 
12-04 05:45:02.897  2932  2932 I SurfaceFlinger: SurfaceFlinger is starting
12-04 05:45:02.897  2932  2932 I SurfaceFlinger: SurfaceFlinger's main thread ready to run. Initializing graphics H/W...
12-04 05:45:02.901  2941  2941 I cm      : |___   |   |  | | \| |__| |__] |___ | \| |  | |__| |__/ 
12-04 05:45:02.918  2947  2947 I cm      : Welcome to Android 6.0.1 / CyanogenMod-13.0-20161201-UNOFFICIAL-hero2ltexx 
12-04 05:45:02.923  2948  2948 I sysinit : Running /system/etc/init.d/90userinit 
12-04 05:45:02.943  2932  2932 D libEGL  : loaded /vendor/lib64/egl/libGLES_mali.so
12-04 05:45:02.957  2982  2982 I installd: installd firing up
12-04 05:45:02.959  2957  2957 I Netd    : Netd 1.0 starting
12-04 05:45:02.959  2957  2957 I QtiConnectivityAdapter: Failed to open libconnctrl, some features may not be present.
12-04 05:45:02.959  2957  2957 D TetherController: Setting IP forward enable = 0
12-04 05:45:02.963  3004  3004 E sdcard  : usage: sdcard [OPTIONS] <source_path> <label>
12-04 05:45:02.963  3004  3004 E sdcard  :     -u: specify UID to run as
12-04 05:45:02.963  3004  3004 E sdcard  :     -g: specify GID to run as
12-04 05:45:02.963  3004  3004 E sdcard  :     -U: specify user ID that owns device
12-04 05:45:02.963  3004  3004 E sdcard  :     -m: source_path is multi-user
12-04 05:45:02.963  3004  3004 E sdcard  :     -w: runtime write mount has full write access
12-04 05:45:02.963  3004  3004 E sdcard  : 
12-04 05:45:02.971  3006  3006 I fingerprintd: Starting fingerprintd
12-04 05:45:02.971  2983  2983 I keystore: Found keymaster0 module Keymaster OpenSSL HAL, version 2
12-04 05:45:02.971  2983  2983 I SoftKeymaster: system/keymaster/soft_keymaster_device.cpp, Line 122: Creating device
12-04 05:45:02.971  2983  2983 D SoftKeymaster: system/keymaster/soft_keymaster_device.cpp, Line 123: Device address: 0x7f863e3000
12-04 05:45:02.972  2983  2983 I keystore: Keymaster0 module is software-only.  Using SoftKeymasterDevice instead.
12-04 05:45:02.972  2983  2983 I SoftKeymaster: system/keymaster/soft_keymaster_device.cpp, Line 122: Creating device
12-04 05:45:02.972  2983  2983 D SoftKeymaster: system/keymaster/soft_keymaster_device.cpp, Line 123: Device address: 0x7f863e3300
12-04 05:45:02.972  2983  2983 I keystore: SELinux: Keystore SELinux is disabled.
12-04 05:45:02.977  2932  2932 I gralloc : using (id=)
12-04 05:45:02.977  2932  2932 I gralloc : xres         = 1440 px
12-04 05:45:02.977  2932  2932 I gralloc : yres         = 2560 px
12-04 05:45:02.977  2932  2932 I gralloc : width        = 68 mm (537.882324 dpi)
12-04 05:45:02.977  2932  2932 I gralloc : height       = 122 mm (532.983582 dpi)
12-04 05:45:02.977  2932  2932 I gralloc : refresh rate = 59.31 Hz
12-04 05:45:02.980  2997  2997 I gatekeeperd: Starting gatekeeperd...
12-04 05:45:02.980  2997  2997 W gatekeeperd: falling back to software GateKeeper
12-04 05:45:02.980  2997  2997 I gatekeeperd: cold boot: clearing state
12-04 05:45:02.997  2932  2932 E HAL     : load: module=/system/lib64/hw/hwcomposer.exynos5.so
12-04 05:45:02.997  2932  2932 E HAL     : dlopen failed: library "libExynosHWCService.so" not found
12-04 05:45:02.997  2932  2932 E SurfaceFlinger: hwcomposer module not found
12-04 05:45:02.997  2932  2932 I SurfaceFlinger: EGL information:
12-04 05:45:02.997  2932  2932 I SurfaceFlinger: vendor    : Android
12-04 05:45:02.997  2932  2932 I SurfaceFlinger: version   : 1.4 Android META-EGL
12-04 05:45:02.997  2932  2932 I SurfaceFlinger: extensions: EGL_KHR_get_all_proc_addresses EGL_ANDROID_presentation_time EGL_KHR_swap_buffers_with_damage EGL_KHR_image EGL_KHR_image_base EGL_KHR_gl_texture_2D_image EGL_KHR_gl_texture_cubemap_image EGL_KHR_gl_renderbuffer_image EGL_KHR_fence_sync EGL_KHR_create_context EGL_KHR_config_attribs EGL_KHR_surfaceless_context EGL_EXT_create_context_robustness EGL_ANDROID_image_native_buffer EGL_KHR_wait_sync EGL_ANDROID_recordable EGL_KHR_partial_update 
12-04 05:45:02.997  2932  2932 I SurfaceFlinger: Client API: OpenGL_ES
12-04 05:45:02.997  2932  2932 I SurfaceFlinger: EGLSurface: 8-8-8-8, config=0x7fb1950138
12-04 05:45:02.999  3331  3331 W auditd  : type=1325 audit(0.0:14): table=filter family=2 entries=4
12-04 05:45:02.999  3331  3331 W auditd  : type=1320 audit(0.0:14): 
12-04 05:45:02.999  3331  3331 W auditd  : type=1325 audit(0.0:15): table=filter family=10 entries=4
12-04 05:45:02.999  3331  3331 W auditd  : type=1320 audit(0.0:15): 
12-04 05:45:03.007  2932  2932 I SurfaceFlinger: OpenGL ES informations:
12-04 05:45:03.007  2932  2932 I SurfaceFlinger: vendor    : ARM
12-04 05:45:03.007  2932  2932 I SurfaceFlinger: renderer  : Mali-T880
12-04 05:45:03.007  2932  2932 I SurfaceFlinger: version   : OpenGL ES 3.2 v1.r12p1-00dev0.60546d7cd0bfd82d0ba92ca3bb825c75
12-04 05:45:03.007  2932  2932 I SurfaceFlinger: extensions: GL_EXT_debug_marker GL_ARM_rgba8 GL_ARM_mali_shader_binary GL_OES_depth24 GL_OES_depth_texture GL_OES_depth_texture_cube_map GL_OES_packed_depth_stencil GL_OES_rgb8_rgba8 GL_EXT_read_format_bgra GL_OES_compressed_paletted_texture GL_OES_compressed_ETC1_RGB8_texture GL_OES_standard_derivatives GL_OES_EGL_image GL_OES_EGL_image_external GL_OES_EGL_image_external_essl3 GL_OES_EGL_sync GL_OES_texture_npot GL_OES_vertex_half_float GL_OES_required_internalformat GL_OES_vertex_array_object GL_OES_mapbuffer GL_EXT_texture_format_BGRA8888 GL_EXT_texture_rg GL_EXT_texture_type_2_10_10_10_REV GL_OES_fbo_render_mipmap GL_OES_element_index_uint GL_EXT_shadow_samplers GL_OES_texture_compression_astc GL_KHR_texture_compression_astc_ldr GL_KHR_texture_compression_astc_hdr GL_KHR_texture_compression_astc_sliced_3d GL_KHR_debug GL_EXT_occlusion_query_boolean GL_EXT_disjoint_timer_query GL_EXT_blend_minmax GL_EXT_discard_framebuffer GL_OES_get_program_binary GL_OES_texture_3D GL_EXT_texture_storage GL_EXT_multisamp
12-04 05:45:03.007  2932  2932 I SurfaceFlinger: GL_MAX_TEXTURE_SIZE = 16384
12-04 05:45:03.007  2932  2932 I SurfaceFlinger: GL_MAX_VIEWPORT_DIMS = 16384
12-04 05:45:03.008  2932  2932 D mali_winsys: EGLint new_window_surface(egl_winsys_display*, void*, EGLSurface, EGLConfig, egl_winsys_surface**, egl_color_buffer_format*, EGLBoolean) returns 0x3000,  [1440x2560]-format:1
12-04 05:45:03.009  3331  3331 W auditd  : type=1325 audit(0.0:16): table=filter family=2 entries=6
12-04 05:45:03.009  3331  3331 W auditd  : type=1320 audit(0.0:16): 
12-04 05:45:03.009  3331  3331 W auditd  : type=1325 audit(0.0:17): table=filter family=10 entries=6
12-04 05:45:03.009  3331  3331 W auditd  : type=1320 audit(0.0:17): 
12-04 05:45:03.039  3331  3331 W auditd  : type=1325 audit(0.0:18): table=filter family=2 entries=7
12-04 05:45:03.039  3331  3331 W auditd  : type=1320 audit(0.0:18): 
12-04 05:45:03.049  3331  3331 W auditd  : type=1325 audit(0.0:19): table=filter family=10 entries=7
12-04 05:45:03.049  3331  3331 W auditd  : type=1320 audit(0.0:19): 
12-04 05:45:03.049  3331  3331 W auditd  : type=1325 audit(0.0:20): table=filter family=2 entries=9
12-04 05:45:03.049  3331  3331 W auditd  : type=1320 audit(0.0:20): 
12-04 05:45:03.059  3331  3331 W auditd  : type=1325 audit(0.0:21): table=filter family=10 entries=9
12-04 05:45:03.059  3331  3331 W auditd  : type=1320 audit(0.0:21): 
12-04 05:45:03.059  2932  2932 D SurfaceFlinger: Set power mode=2, type=0 flinger=0x7fb1e03c00
12-04 05:45:03.064  2966  2966 I DEBUG   : debuggerd: starting
12-04 05:45:03.068  3002  3002 I perfprofd: starting Android Wide Profiling daemon
12-04 05:45:03.068  3002  3002 E perfprofd: unable to open configuration file /data/data/com.google.android.gms/files/perfprofd.conf
12-04 05:45:03.074  3002  3002 I perfprofd: random seed set to 1082311808
12-04 05:45:03.089  3331  3331 W auditd  : type=1325 audit(0.0:22): table=filter family=2 entries=10
12-04 05:45:03.089  3331  3331 W auditd  : type=1320 audit(0.0:22): 
12-04 05:45:03.089  3331  3331 W auditd  : type=1325 audit(0.0:23): table=filter family=10 entries=10
12-04 05:45:03.089  3331  3331 W auditd  : type=1320 audit(0.0:23): 
12-04 05:45:03.099  3331  3331 W auditd  : type=1325 audit(0.0:24): table=filter family=2 entries=12
12-04 05:45:03.099  3331  3331 W auditd  : type=1320 audit(0.0:24): 
12-04 05:45:03.099  3331  3331 W auditd  : type=1325 audit(0.0:25): table=filter family=10 entries=12
12-04 05:45:03.099  3331  3331 W auditd  : type=1320 audit(0.0:25): 
12-04 05:45:03.127  2960  2960 I DEBUG   : debuggerd: starting
12-04 05:45:03.129  3331  3331 W auditd  : type=1325 audit(0.0:26): table=filter family=2 entries=13
12-04 05:45:03.129  3331  3331 W auditd  : type=1320 audit(0.0:26): 
12-04 05:45:03.139  3331  3331 W auditd  : type=1325 audit(0.0:27): table=filter family=10 entries=13
12-04 05:45:03.139  3331  3331 W auditd  : type=1320 audit(0.0:27): 
12-04 05:45:03.139  3331  3331 W auditd  : type=1325 audit(0.0:28): table=filter family=2 entries=15
12-04 05:45:03.139  3331  3331 W auditd  : type=1320 audit(0.0:28): 
12-04 05:45:03.139  3331  3331 W auditd  : type=1325 audit(0.0:29): table=filter family=10 entries=15
12-04 05:45:03.139  3331  3331 W auditd  : type=1320 audit(0.0:29): 
12-04 05:45:03.145  2981  2981 V MediaUtils: physMem: 3748511744
12-04 05:45:03.145  2981  2981 V MediaUtils: requested limit: 2436532605
12-04 05:45:03.145  2981  2981 V MediaUtils: actual limit: 2436532605
12-04 05:45:03.145  2981  2981 V MediaUtils: original limits: 4294967295/4294967295
12-04 05:45:03.145  2981  2981 V MediaUtils: new limits: 2436532605/4294967295
12-04 05:45:03.149  2981  2981 I mediaserver: ServiceManager: 0xf610e120
12-04 05:45:03.149  2981  2981 I AudioFlinger: Using default 3000 mSec as standby time.
12-04 05:45:03.149  2981  2981 E BatteryNotifier: batterystats service unavailable!
12-04 05:45:03.149  2981  2981 E BatteryNotifier: batterystats service unavailable!
12-04 05:45:03.149  2981  2981 I CameraService: CameraService started (pid=2981)
12-04 05:45:03.149  2981  2981 I CameraService: CameraService process starting
12-04 05:45:03.149  2981  2981 E BatteryNotifier: batterystats service unavailable!
12-04 05:45:03.149  2981  2981 E BatteryNotifier: batterystats service unavailable!
12-04 05:45:03.150  2981  2981 E CameraService: Could not load camera HAL module: -2 (No such file or directory)
12-04 05:45:03.150  2981  2981 I AudioPolicyService: AudioPolicyService CSTOR in new mode
12-04 05:45:03.151  2981  2981 I APM::ConfigParsingUtils: loadAudioPolicyConfig() loaded /system/etc/audio_policy.conf
12-04 05:45:03.169  3331  3331 W auditd  : type=1325 audit(0.0:30): table=filter family=2 entries=16
12-04 05:45:03.169  3331  3331 W auditd  : type=1320 audit(0.0:30): 
12-04 05:45:03.179  3331  3331 W auditd  : type=1325 audit(0.0:31): table=filter family=10 entries=16
12-04 05:45:03.179  3331  3331 W auditd  : type=1320 audit(0.0:31): 
12-04 05:45:03.179  3331  3331 W auditd  : type=1325 audit(0.0:32): table=filter family=2 entries=18
12-04 05:45:03.179  3331  3331 W auditd  : type=1320 audit(0.0:32): 
12-04 05:45:03.189  3331  3331 W auditd  : type=1325 audit(0.0:33): table=filter family=10 entries=18
12-04 05:45:03.659  2932  2932 D SurfaceFlinger: SF. shader cache generated - 26 shaders in 583.133789 ms
12-04 05:45:03.695  2981  2981 E audio_route: Failed to open /system/etc/mixer_paths.xml
12-04 05:45:03.700  2981  2981 I AudioFlinger: loadHwModule() Loaded primary audio interface from Samsung audio HW HAL (audio) handle 1
12-04 05:45:03.700  2981  2981 I AudioFlinger: openOutput(), module 1 Device 2, SamplingRate 44100, Format 0x000001, Channels 3, flags 2
12-04 05:45:03.700  2981  2981 I AudioFlinger: AudioStreamOut::open(), mHalFormatIsLinearPcm = 1
12-04 05:45:03.700  2981  2981 I AudioFlinger: HAL output buffer size 256 frames, normal sink buffer size 960 frames
12-04 05:45:03.705  2981  2981 I BufferProvider: found effect "Multichannel Downmix To Stereo" from The Android Open Source Project
12-04 05:45:03.706  2981  2981 E MonoPipe: Failed to fetch local time frequency when constructing a MonoPipe (res = -32).  getNextWriteTimestamp calls will be non-functional
12-04 05:45:03.706  2981  2981 I AudioFlinger: Using module 1 has the primary audio interface
12-04 05:45:03.706  2981  3227 I AudioFlinger: AudioFlinger's thread 0xf45c0000 ready to run
12-04 05:45:03.706  2981  3227 V audio_hw_primary: do_out_standby: output standby: 1
12-04 05:45:03.706  2981  3227 V audio_hw_primary: out_set_parameters: key value pairs: routing=2
12-04 05:45:03.706  2981  3227 E AudioFlinger: no wake lock to update!
12-04 05:45:03.707  2981  2981 V audio_hw_primary: adev_open_input_stream: Created resampler converting 48000 -> 16000
12-04 05:45:03.707  2981  2981 V audio_hw_primary: adev_open_input_stream: Requesting input stream with rate: 16000, channels: 0xc
12-04 05:45:03.707  2981  3228 I AudioFlinger: AudioFlinger's thread 0xf4200000 ready to run
12-04 05:45:03.708  2981  2981 I r_submix: adev_open(name=audio_hw_if)
12-04 05:45:03.708  2981  2981 I r_submix: adev_init_check()
12-04 05:45:03.708  2981  2981 I AudioFlinger: loadHwModule() Loaded r_submix audio interface from Wifi Display audio HAL (audio) handle 4
12-04 05:45:03.708  2981  2981 D r_submix: adev_open_input_stream(addr=0)
12-04 05:45:03.708  2981  2981 D r_submix: submix_audio_device_create_pipe_l(addr=0, idx=9)
12-04 05:45:03.708  2981  2981 D r_submix:   now using address 0 for route 9
12-04 05:45:03.708  2981  3230 I AudioFlinger: AudioFlinger's thread 0xf4200000 ready to run
12-04 05:45:03.708  2981  2981 D r_submix: adev_close_input_stream()
12-04 05:45:03.708  2981  2981 D r_submix: submix_audio_device_release_pipe_l(idx=9) addr=0
12-04 05:45:03.708  2981  2981 D r_submix: submix_audio_device_destroy_pipe_l(): pipe destroyed
12-04 05:45:03.709  2981  2981 E SoundTriggerHwService: couldn't load sound trigger module sound_trigger.primary (No such file or directory)
12-04 05:45:03.709  2981  2981 I RadioService: RadioService
12-04 05:45:03.709  2981  2981 I RadioService: onFirstRef
12-04 05:45:03.709  2981  2981 E RadioService: couldn't load radio module radio.primary (No such file or directory)
12-04 05:45:03.724  2957  2957 V NatController: runCmd(/system/bin/iptables -w -F natctrl_FORWARD) res=0
12-04 05:45:03.728  2957  2957 V NatController: runCmd(/system/bin/iptables -w -A natctrl_FORWARD -j DROP) res=0
12-04 05:45:03.732  2957  2957 V NatController: runCmd(/system/bin/iptables -w -t nat -F natctrl_nat_POSTROUTING) res=0
12-04 05:45:03.736  2957  2957 V NatController: runCmd(/system/bin/iptables -w -F natctrl_tether_counters) res=1
12-04 05:45:03.740  2957  2957 V NatController: runCmd(/system/bin/iptables -w -X natctrl_tether_counters) res=1
12-04 05:45:03.744  2957  2957 V NatController: runCmd(/system/bin/iptables -w -N natctrl_tether_counters) res=0
12-04 05:45:03.748  2957  2957 V NatController: runCmd(/system/bin/iptables -w -t mangle -A natctrl_mangle_FORWARD -p tcp --tcp-flags SYN SYN -j TCPMSS --clamp-mss-to-pmtu) res=0
12-04 05:45:03.921  3059  3273 D libEGL  : loaded /vendor/lib64/egl/libGLES_mali.so
12-04 05:45:03.954  3059  3273 D mali_winsys: EGLint new_window_surface(egl_winsys_display*, void*, EGLSurface, EGLConfig, egl_winsys_surface**, egl_color_buffer_format*, EGLBoolean) returns 0x3000,  [1440x2560]-format:2
12-04 05:45:03.961  3059  3273 E BootAnimation: couldn't find audio_conf.txt
12-04 05:45:03.976  3059  3273 D BootAnimation: Use save memory method, maybe small fps in actual.
12-04 05:45:04.212  2957  2957 E Netd    : cannot find interface dummy0
12-04 05:45:04.213  2957  2957 D MDnsDS  : MDnsSdListener::Hander starting up
12-04 05:45:04.214  2957  3322 D MDnsDS  : MDnsSdListener starting to monitor
12-04 05:45:04.214  2957  3322 D MDnsDS  : Going to poll with pollCount 1
12-04 05:45:05.459  2995  2995 D AndroidRuntime: >>>>>> START com.android.internal.os.ZygoteInit uid 0 <<<<<<
12-04 05:45:05.486  2995  2995 D AndroidRuntime: CheckJNI is ON
12-04 05:45:05.493  2995  2995 I art     : option[0]=-Xzygote
12-04 05:45:05.493  2995  2995 I art     : option[1]=-Xcheck:jni
12-04 05:45:05.493  2995  2995 I art     : option[2]=-Xstacktracefile:/data/anr/traces.txt
12-04 05:45:05.493  2995  2995 I art     : option[3]=exit
12-04 05:45:05.493  2995  2995 I art     : option[4]=vfprintf
12-04 05:45:05.493  2995  2995 I art     : option[5]=sensitiveThread
12-04 05:45:05.493  2995  2995 I art     : option[6]=-verbose:gc
12-04 05:45:05.493  2995  2995 I art     : option[7]=-Xms8m
12-04 05:45:05.493  2995  2995 I art     : option[8]=-Xmx768m
12-04 05:45:05.493  2995  2995 I art     : option[9]=-XX:HeapGrowthLimit=288m
12-04 05:45:05.493  2995  2995 I art     : option[10]=-XX:HeapMinFree=2m
12-04 05:45:05.493  2995  2995 I art     : option[11]=-XX:HeapMaxFree=8m
12-04 05:45:05.493  2995  2995 I art     : option[12]=-XX:HeapTargetUtilization=0.75
12-04 05:45:05.493  2995  2995 I art     : option[13]=-Xusejit:true
12-04 05:45:05.493  2995  2995 I art     : option[14]=-agentlib:jdwp=transport=dt_android_adb,suspend=n,server=y
12-04 05:45:05.493  2995  2995 I art     : option[15]=-Xlockprofthreshold:500
12-04 05:45:05.493  2995  2995 I art     : option[16]=-Ximage-compiler-option
12-04 05:45:05.493  2995  2995 I art     : option[17]=--runtime-arg
12-04 05:45:05.493  2995  2995 I art     : option[18]=-Ximage-compiler-option
12-04 05:45:05.493  2995  2995 I art     : option[19]=-Xms64m
12-04 05:45:05.493  2995  2995 I art     : option[20]=-Ximage-compiler-option
12-04 05:45:05.493  2995  2995 I art     : option[21]=--runtime-arg
12-04 05:45:05.493  2995  2995 I art     : option[22]=-Ximage-compiler-option
12-04 05:45:05.493  2995  2995 I art     : option[23]=-Xmx64m
12-04 05:45:05.493  2995  2995 I art     : option[24]=-Ximage-compiler-option
12-04 05:45:05.493  2995  2995 I art     : option[25]=--compiler-filter=verify-at-runtime
12-04 05:45:05.493  2995  2995 I art     : option[26]=-Ximage-compiler-option
12-04 05:45:05.493  2995  2995 I art     : option[27]=--image-classes=/system/etc/preloaded-classes
12-04 05:45:05.493  2995  2995 I art     : option[28]=-Xcompiler-option
12-04 05:45:05.493  2995  2995 I art     : option[29]=--runtime-arg
12-04 05:45:05.493  2995  2995 I art     : option[30]=-Xcompiler-option
12-04 05:45:05.493  2995  2995 I art     : option[31]=-Xms64m
12-04 05:45:05.493  2995  2995 I art     : option[32]=-Xcompiler-option
12-04 05:45:05.493  2995  2995 I art     : option[33]=--runtime-arg
12-04 05:45:05.493  2995  2995 I art     : option[34]=-Xcompiler-option
12-04 05:45:05.494  2995  2995 I art     : option[35]=-Xmx512m
12-04 05:45:05.494  2995  2995 I art     : option[36]=-Xcompiler-option
12-04 05:45:05.494  2995  2995 I art     : option[37]=--compiler-filter=verify-at-runtime
12-04 05:45:05.494  2995  2995 I art     : option[38]=-Ximage-compiler-option
12-04 05:45:05.494  2995  2995 I art     : option[39]=--instruction-set-variant=generic
12-04 05:45:05.494  2995  2995 I art     : option[40]=-Xcompiler-option
12-04 05:45:05.494  2995  2995 I art     : option[41]=--instruction-set-variant=generic
12-04 05:45:05.494  2995  2995 I art     : option[42]=-Ximage-compiler-option
12-04 05:45:05.494  2995  2995 I art     : option[43]=--instruction-set-features=default
12-04 05:45:05.494  2995  2995 I art     : option[44]=-Xcompiler-option
12-04 05:45:05.494  2995  2995 I art     : option[45]=--instruction-set-features=default
12-04 05:45:05.494  2995  2995 I art     : option[46]=-Duser.locale=en-US
12-04 05:45:05.494  2995  2995 I art     : option[47]=--cpu-abilist=arm64-v8a,armeabi
12-04 05:45:05.494  2995  2995 I art     : option[48]=-Xfingerprint:samsung/cm_hero2ltexx/hero2ltexx:6.0.1/MOB31K/94b0276246:eng/test-keys
12-04 05:45:05.518  2995  2995 I art     : Pruning dalvik-cache since we are relocating an image and will need to recompile
12-04 05:45:05.519  2995  2995 I art     : RelocateImage: /system/bin/patchoat --input-image-location=/system/framework/boot.art --output-image-file=/data/dalvik-cache/arm64/system@framework@boot.art --input-oat-location=/system/framework/boot.oat --output-oat-file=/data/dalvik-cache/arm64/system@framework@boot.oat --instruction-set=arm64 --base-offset-delta=11460608
12-04 05:45:05.890  2996  2996 D AndroidRuntime: >>>>>> START com.android.internal.os.ZygoteInit uid 0 <<<<<<
12-04 05:45:05.904  2996  2996 D AndroidRuntime: CheckJNI is ON
12-04 05:45:05.904  2996  2996 I art     : option[0]=-Xzygote
12-04 05:45:05.904  2996  2996 I art     : option[1]=-Xcheck:jni
12-04 05:45:05.904  2996  2996 I art     : option[2]=-Xstacktracefile:/data/anr/traces.txt
12-04 05:45:05.904  2996  2996 I art     : option[3]=exit
12-04 05:45:05.904  2996  2996 I art     : option[4]=vfprintf
12-04 05:45:05.904  2996  2996 I art     : option[5]=sensitiveThread
12-04 05:45:05.904  2996  2996 I art     : option[6]=-verbose:gc
12-04 05:45:05.904  2996  2996 I art     : option[7]=-Xms8m
12-04 05:45:05.904  2996  2996 I art     : option[8]=-Xmx768m
12-04 05:45:05.904  2996  2996 I art     : option[9]=-XX:HeapGrowthLimit=288m
12-04 05:45:05.904  2996  2996 I art     : option[10]=-XX:HeapMinFree=2m
12-04 05:45:05.904  2996  2996 I art     : option[11]=-XX:HeapMaxFree=8m
12-04 05:45:05.904  2996  2996 I art     : option[12]=-XX:HeapTargetUtilization=0.75
12-04 05:45:05.904  2996  2996 I art     : option[13]=-Xusejit:true
12-04 05:45:05.904  2996  2996 I art     : option[14]=-agentlib:jdwp=transport=dt_android_adb,suspend=n,server=y
12-04 05:45:05.904  2996  2996 I art     : option[15]=-Xlockprofthreshold:500
12-04 05:45:05.904  2996  2996 I art     : option[16]=-Ximage-compiler-option
12-04 05:45:05.904  2996  2996 I art     : option[17]=--runtime-arg
12-04 05:45:05.904  2996  2996 I art     : option[18]=-Ximage-compiler-option
12-04 05:45:05.904  2996  2996 I art     : option[19]=-Xms64m
12-04 05:45:05.904  2996  2996 I art     : option[20]=-Ximage-compiler-option
12-04 05:45:05.905  2996  2996 I art     : option[21]=--runtime-arg
12-04 05:45:05.905  2996  2996 I art     : option[22]=-Ximage-compiler-option
12-04 05:45:05.905  2996  2996 I art     : option[23]=-Xmx64m
12-04 05:45:05.905  2996  2996 I art     : option[24]=-Ximage-compiler-option
12-04 05:45:05.905  2996  2996 I art     : option[25]=--compiler-filter=verify-at-runtime
12-04 05:45:05.905  2996  2996 I art     : option[26]=-Ximage-compiler-option
12-04 05:45:05.905  2996  2996 I art     : option[27]=--image-classes=/system/etc/preloaded-classes
12-04 05:45:05.905  2996  2996 I art     : option[28]=-Xcompiler-option
12-04 05:45:05.905  2996  2996 I art     : option[29]=--runtime-arg
12-04 05:45:05.905  2996  2996 I art     : option[30]=-Xcompiler-option
12-04 05:45:05.905  2996  2996 I art     : option[31]=-Xms64m
12-04 05:45:05.905  2996  2996 I art     : option[32]=-Xcompiler-option
12-04 05:45:05.905  2996  2996 I art     : option[33]=--runtime-arg
12-04 05:45:05.905  2996  2996 I art     : option[34]=-Xcompiler-option
12-04 05:45:05.905  2996  2996 I art     : option[35]=-Xmx512m
12-04 05:45:05.905  2996  2996 I art     : option[36]=-Xcompiler-option
12-04 05:45:05.905  2996  2996 I art     : option[37]=--compiler-filter=verify-at-runtime
12-04 05:45:05.905  2996  2996 I art     : option[38]=-Ximage-compiler-option
12-04 05:45:05.905  2996  2996 I art     : option[39]=--instruction-set-variant=cortex-a53
12-04 05:45:05.905  2996  2996 I art     : option[40]=-Xcompiler-option
12-04 05:45:05.905  2996  2996 I art     : option[41]=--instruction-set-variant=cortex-a53
12-04 05:45:05.905  2996  2996 I art     : option[42]=-Ximage-compiler-option
12-04 05:45:05.905  2996  2996 I art     : option[43]=--instruction-set-features=default
12-04 05:45:05.905  2996  2996 I art     : option[44]=-Xcompiler-option
12-04 05:45:05.905  2996  2996 I art     : option[45]=--instruction-set-features=default
12-04 05:45:05.905  2996  2996 I art     : option[46]=-Duser.locale=en-US
12-04 05:45:05.905  2996  2996 I art     : option[47]=--cpu-abilist=armeabi-v7a,armeabi
12-04 05:45:05.905  2996  2996 I art     : option[48]=-Xfingerprint:samsung/cm_hero2ltexx/hero2ltexx:6.0.1/MOB31K/94b0276246:eng/test-keys
12-04 05:45:05.942  2996  2996 I art     : Pruning dalvik-cache since we are relocating an image and will need to recompile
12-04 05:45:05.942  2996  2996 I art     : RelocateImage: /system/bin/patchoat --input-image-location=/system/framework/boot.art --output-image-file=/data/dalvik-cache/arm/system@framework@boot.art --input-oat-location=/system/framework/boot.oat --output-oat-file=/data/dalvik-cache/arm/system@framework@boot.oat --instruction-set=arm --base-offset-delta=-4890624
12-04 05:45:06.043  3059  3273 D BootAnimation: Use save memory method, maybe small fps in actual.
12-04 05:45:07.496  2995  2995 D ICU     : No timezone override file found: /data/misc/zoneinfo/current/icu/icu_tzdata.dat
12-04 05:45:07.719  2995  2995 I Radio-JNI: register_android_hardware_Radio DONE
12-04 05:45:07.742  2995  2995 I SamplingProfilerIntegration: Profiling disabled.
12-04 05:45:07.742  2995  2995 D Zygote  : begin preload
12-04 05:45:07.742  2995  2995 I Zygote  : Preloading classes...
12-04 05:45:08.088  2996  2996 D ICU     : No timezone override file found: /data/misc/zoneinfo/current/icu/icu_tzdata.dat
12-04 05:45:08.214  2995  2995 E Minikin : addFont failed to create font /system/fonts/NanumGothic.ttf
12-04 05:45:08.214  2995  2995 E Minikin : addFont failed to create font /system/fonts/DroidSansFallback.ttf
12-04 05:45:08.214  2995  2995 E Minikin : addFont failed to create font /system/fonts/MTLmr3m.ttf
12-04 05:45:08.300  2996  2996 I Radio-JNI: register_android_hardware_Radio DONE
12-04 05:45:08.314  2996  2996 I SamplingProfilerIntegration: Profiling disabled.
12-04 05:45:08.315  2996  2996 D Zygote  : begin preload
12-04 05:45:08.315  2996  2996 I Zygote  : Preloading classes...
12-04 05:45:08.502  2995  2995 V DngCreator_JNI: DngCreator_nativeClassInit:
12-04 05:45:08.581  2996  2996 E Minikin : addFont failed to create font /system/fonts/NanumGothic.ttf
12-04 05:45:08.582  2996  2996 E Minikin : addFont failed to create font /system/fonts/DroidSansFallback.ttf
12-04 05:45:08.589  2996  2996 E Minikin : addFont failed to create font /system/fonts/MTLmr3m.ttf
12-04 05:45:08.817  2996  2996 V DngCreator_JNI: DngCreator_nativeClassInit:
12-04 05:45:08.849  2995  2995 I art     : Thread[1,tid=2995,Native,Thread*=0x7fb05bba00,peer=0x12c2d100,"main"] recursive attempt to load library "/system/lib64/libmedia_jni.so"
12-04 05:45:08.850  2995  2995 D MtpDeviceJNI: register_android_mtp_MtpDevice
12-04 05:45:08.850  2995  2995 I art     : Thread[1,tid=2995,Native,Thread*=0x7fb05bba00,peer=0x12c2d100,"main"] recursive attempt to load library "/system/lib64/libmedia_jni.so"
12-04 05:45:08.850  2995  2995 I art     : Thread[1,tid=2995,Native,Thread*=0x7fb05bba00,peer=0x12c2d100,"main"] recursive attempt to load library "/system/lib64/libmedia_jni.so"
12-04 05:45:09.177  2996  2996 I art     : Thread[1,tid=2996,Native,Thread*=0xf51f6500,peer=0x12c35100,"main"] recursive attempt to load library "/system/lib/libmedia_jni.so"
12-04 05:45:09.177  2996  2996 D MtpDeviceJNI: register_android_mtp_MtpDevice
12-04 05:45:09.177  2996  2996 I art     : Thread[1,tid=2996,Native,Thread*=0xf51f6500,peer=0x12c35100,"main"] recursive attempt to load library "/system/lib/libmedia_jni.so"
12-04 05:45:09.178  2996  2996 I art     : Thread[1,tid=2996,Native,Thread*=0xf51f6500,peer=0x12c35100,"main"] recursive attempt to load library "/system/lib/libmedia_jni.so"
12-04 05:45:09.216  2995  2995 W System  : ClassLoader referenced unknown path: /system/framework/tcmclient.jar
12-04 05:45:09.546  2996  2996 W System  : ClassLoader referenced unknown path: /system/framework/tcmclient.jar
12-04 05:45:09.554  2995  2995 I System  : Loaded time zone names for "" in 134ms (130ms in ICU)
12-04 05:45:09.655  2995  2995 I System  : Loaded time zone names for "en_US" in 101ms (98ms in ICU)
12-04 05:45:09.691  2995  2995 I Zygote  : ...preloaded 3831 classes in 1949ms.
12-04 05:45:09.691  2995  2995 I art     : VMRuntime.preloadDexCaches starting
12-04 05:45:09.876  2996  2996 I System  : Loaded time zone names for "" in 119ms (118ms in ICU)
12-04 05:45:09.993  2996  2996 I System  : Loaded time zone names for "en_US" in 117ms (97ms in ICU)
12-04 05:45:10.015  2995  2995 I art     : VMRuntime.preloadDexCaches strings total=249480 before=44901 after=44901
12-04 05:45:10.015  2995  2995 I art     : VMRuntime.preloadDexCaches types total=20343 before=6892 after=6923
12-04 05:45:10.015  2995  2995 I art     : VMRuntime.preloadDexCaches fields total=100632 before=36118 after=36550
12-04 05:45:10.015  2995  2995 I art     : VMRuntime.preloadDexCaches methods total=172964 before=71279 after=71806
12-04 05:45:10.015  2995  2995 I art     : VMRuntime.preloadDexCaches finished
12-04 05:45:10.044  2996  2996 I Zygote  : ...preloaded 3831 classes in 1728ms.
12-04 05:45:10.044  2996  2996 I art     : VMRuntime.preloadDexCaches starting
12-04 05:45:10.088  3346  3346 D idmap   : error: no read access to /vendor/overlay: No such file or directory
12-04 05:45:10.129  2995  2995 I Zygote  : Preloading resources...
12-04 05:45:10.330  2996  2996 I art     : VMRuntime.preloadDexCaches strings total=249480 before=44901 after=44901
12-04 05:45:10.330  2996  2996 I art     : VMRuntime.preloadDexCaches types total=20343 before=6892 after=6923
12-04 05:45:10.330  2996  2996 I art     : VMRuntime.preloadDexCaches fields total=100632 before=36118 after=36550
12-04 05:45:10.330  2996  2996 I art     : VMRuntime.preloadDexCaches methods total=172964 before=71279 after=71806
12-04 05:45:10.330  2996  2996 I art     : VMRuntime.preloadDexCaches finished
12-04 05:45:10.419  3347  3347 D idmap   : error: no read access to /vendor/overlay: No such file or directory
12-04 05:45:10.424  2996  2996 I Zygote  : Preloading resources...
12-04 05:45:11.019  2995  3335 W art     : Suspending all threads took: 7.088ms
12-04 05:45:11.020  2995  3335 I art     : Background concurrent mark sweep GC freed 295(16KB) AllocSpace objects, 0(0B) LOS objects, 40% free, 9MB/16MB, paused 7.570ms total 58.228ms
12-04 05:45:12.361  2995  2995 I Zygote  : ...preloaded 342 resources in 2232ms.
12-04 05:45:12.404  2995  2995 I Zygote  : ...preloaded 41 resources in 42ms.
12-04 05:45:12.454  2995  2995 D libEGL  : loaded /vendor/lib64/egl/libGLES_mali.so
12-04 05:45:12.498  2995  2995 I Zygote  : Preloading shared libraries...
12-04 05:45:12.532  2995  2995 D Zygote  : end preload
12-04 05:45:12.532  2995  2995 I art     : Starting a blocking GC Explicit
12-04 05:45:12.591  2995  2995 I art     : Explicit concurrent mark sweep GC freed 11212(452KB) AllocSpace objects, 0(0B) LOS objects, 38% free, 25MB/41MB, paused 154us total 41.406ms
12-04 05:45:12.591  2995  2995 I art     : Starting a blocking GC Explicit
12-04 05:45:12.635  2995  2995 I art     : Explicit concurrent mark sweep GC freed 2364(112KB) AllocSpace objects, 0(0B) LOS objects, 38% free, 25MB/41MB, paused 597us total 42.661ms
12-04 05:45:12.635  2995  3335 I art     : Starting a blocking GC HeapTrim
12-04 05:45:12.659  2995  2995 I art     : Starting a blocking GC Background
12-04 05:45:12.834  2996  2996 I Zygote  : ...preloaded 342 resources in 2409ms.
12-04 05:45:12.841  2996  2996 I Zygote  : ...preloaded 41 resources in 8ms.
12-04 05:45:12.854  2995  2995 I Zygote  : System server process 3351 has been created
12-04 05:45:12.857  2995  2995 I Zygote  : Accepting command socket connections
12-04 05:45:12.942  2996  2996 D libEGL  : loaded /vendor/lib/egl/libGLES_mali.so
12-04 05:45:12.972  2996  2996 I Zygote  : Preloading shared libraries...
12-04 05:45:12.999  2996  2996 D Zygote  : end preload
12-04 05:45:13.000  2996  2996 I art     : Starting a blocking GC Explicit
12-04 05:45:13.009  2996  2996 I art     : Explicit concurrent mark sweep GC freed 997(44KB) AllocSpace objects, 0(0B) LOS objects, 38% free, 25MB/41MB, paused 241us total 9.051ms
12-04 05:45:13.022  2996  2996 I art     : Starting a blocking GC Explicit
12-04 05:45:13.034  2996  2996 I art     : Explicit concurrent mark sweep GC freed 78(2384B) AllocSpace objects, 0(0B) LOS objects, 38% free, 25MB/41MB, paused 240us total 11.425ms
12-04 05:45:13.034  2996  2996 I Zygote  : Accepting command socket connections
12-04 05:45:13.051  3351  3351 I Zygote  : Process: zygote socket opened, supported ABIS: armeabi-v7a,armeabi
12-04 05:45:13.051  3351  3351 I InstallerConnection: connecting...
12-04 05:45:13.052  2982  2982 I installd: new connection
12-04 05:45:13.070  3351  3351 I InstallerConnection: disconnecting...
12-04 05:45:13.071  2982  2982 E installd: eof
12-04 05:45:13.071  2982  2982 E installd: failed to read size
12-04 05:45:13.071  2982  2982 I installd: closing connection
12-04 05:45:13.149  3351  3351 I SystemServer: Entered the Android system server!
12-04 05:45:13.229  3351  3351 I SystemServiceManager: Starting com.android.server.pm.Installer
12-04 05:45:13.235  3351  3351 I Installer: Waiting for installd to be ready.
12-04 05:45:13.235  3351  3351 I InstallerConnection: connecting...
12-04 05:45:13.235  2982  2982 I installd: new connection
12-04 05:45:13.235  3351  3351 I SystemServiceManager: Starting com.android.server.am.ActivityManagerService$Lifecycle
12-04 05:45:13.259  3351  3351 I ActivityManager: choosing minFree values for 64 Bit
12-04 05:45:13.259  3351  3351 I ActivityManager: choosing minFree values for 64 Bit
12-04 05:45:13.259  3351  3351 I ActivityManager: choosing minFree values for 64 Bit
12-04 05:45:13.259  3351  3351 I ActivityManager: choosing minFree values for 64 Bit
12-04 05:45:13.259  3351  3351 I ActivityManager: choosing minFree values for 64 Bit
12-04 05:45:13.259  3351  3351 I ActivityManager: choosing minFree values for 64 Bit
12-04 05:45:13.270  3351  3351 I ActivityManager: Memory class: 288
12-04 05:45:13.273  3351  3373 I ServiceThread: Enabled StrictMode logging for ActivityManager looper.
12-04 05:45:13.275  3351  3374 I ServiceThread: Enabled StrictMode logging for android.ui looper.
12-04 05:45:13.301  3351  3351 D BatteryStatsImpl: Reading daily items from /data/system/batterystats-daily.xml
12-04 05:45:13.313  3351  3351 I AppOps  : No existing app ops /data/system/appops.xml; starting empty
12-04 05:45:13.431  3351  3351 I IntentFirewall: Read new rules (A:0 B:0 S:0)
12-04 05:45:13.438  3351  3378 I ServiceThread: Enabled StrictMode logging for android.display looper.
12-04 05:45:13.443  3351  3351 D AppOps  : AppOpsService published
12-04 05:45:13.443  3351  3351 I SystemServiceManager: Starting com.android.server.power.PowerManagerService
12-04 05:45:13.446  3351  3380 I ServiceThread: Enabled StrictMode logging for PowerManagerService looper.
12-04 05:45:13.460  3351  3351 W libsuspend: Error writing 'on' to /sys/power/state: Invalid argument
12-04 05:45:13.460  3351  3351 I libsuspend: Selected wakeup count
12-04 05:45:13.465  3351  3351 I SystemServiceManager: Starting com.android.server.lights.LightsService
12-04 05:45:13.467  3351  3351 I SystemServiceManager: Starting com.android.server.display.DisplayManagerService
12-04 05:45:13.476  2932  3383 E SurfaceFlinger: getDefaultDisplay: id=2 is not a valid default display id
12-04 05:45:13.478  3351  3378 I DisplayManagerService: Display device added: DisplayDeviceInfo{"Built-in Screen": uniqueId="local:0", 1440 x 2560, modeId 1, defaultModeId 1, supportedModes [{id=1, width=1440, height=2560, fps=59.312}], colorTransformId 1, defaultColorTransformId 1, supportedColorTransforms [{id=1, colorTransform=0}], density 640, 537.8823 x 532.9836 dpi, appVsyncOff 0, presDeadline 17859994, touch INTERNAL, rotation 0, type BUILT_IN, state UNKNOWN, FLAG_DEFAULT_DISPLAY, FLAG_ROTATES_WITH_CONTENT, FLAG_SECURE, FLAG_SUPPORTS_PROTECTED_BUFFERS}
12-04 05:45:13.479  3351  3351 I SystemServiceManager: Starting phase 100
12-04 05:45:13.480  2932  2932 D SurfaceFlinger: Set power mode=2, type=0 flinger=0x7fb1e03c00
12-04 05:45:13.480  2932  2932 D SurfaceFlinger: Screen type=0 is already mode=2
12-04 05:45:13.480  3351  3351 I SystemServer: Package Manager
12-04 05:45:13.494  3351  3378 I DisplayManagerService: Display device changed state: "Built-in Screen", ON
12-04 05:45:13.503  3351  3351 W SELinuxMMAC: Error opening /data/system/seapp_hash. Assuming first boot.
12-04 05:45:13.507  3351  3351 W FileUtils: Failed to chmod(/data/system/packages.list): android.system.ErrnoException: chmod failed: ENOENT (No such file or directory)
12-04 05:45:13.634  3351  3351 D SELinuxMMAC: Using policy file /system/etc/security/mac_permissions.xml
12-04 05:45:13.640  3351  3351 I PackageManager: No settings file; creating initial state
12-04 05:45:13.661  3351  3351 E art     : DexFile_getDexOptNeeded file '/system/framework/org.apache.http.legacy.jar' does not exist
12-04 05:45:13.661  3351  3351 W PackageManager: Library not found: /system/framework/org.apache.http.legacy.jar
12-04 05:45:13.661  3351  3351 E art     : DexFile_getDexOptNeeded file '/system/framework/com.android.nfc_extras.jar' does not exist
12-04 05:45:13.661  3351  3351 W PackageManager: Library not found: /system/framework/com.android.nfc_extras.jar
12-04 05:45:13.673  3351  3351 E art     : DexFile_getDexOptNeeded file '/system/framework/org.apache.http.legacy.jar' does not exist
12-04 05:45:13.673  3351  3351 W PackageManager: Library not found: /system/framework/org.apache.http.legacy.jar
12-04 05:45:13.673  3351  3351 E art     : DexFile_getDexOptNeeded file '/system/framework/com.android.nfc_extras.jar' does not exist
12-04 05:45:13.673  3351  3351 W PackageManager: Library not found: /system/framework/com.android.nfc_extras.jar
12-04 05:45:13.780  3351  3351 D PackageManager: No files in app dir /vendor/overlay
12-04 05:45:13.780  3351  3351 D PackageManager: start scanDirLI:/system/framework
12-04 05:45:13.780  3351  3351 D PackageManager: max thread:6
12-04 05:45:13.803  3351  3389 W PackageManager: Failed to parse /system/framework/oat: Missing base APK in /system/framework/oat
12-04 05:45:13.805  3351  3387 W PackageManager: Failed to parse /system/framework/arm64: Missing base APK in /system/framework/arm64
12-04 05:45:13.806  3351  3386 W PackageManager: Failed to parse /system/framework/arm: Missing base APK in /system/framework/arm
12-04 05:45:13.814  3351  3390 I PackageManager: /system/framework/org.cyanogenmod.platform-res.apk changed; collecting certs
12-04 05:45:13.899  3351  3388 I PackageManager: /system/framework/framework-res.apk changed; collecting certs
12-04 05:45:13.930  3351  3390 W PackageManager: Permission cyanogenmod.permission.WRITE_ALARMS from package cyanogenmod.platform in an unknown group android.permission-group.SYSTEM_CLOCK
12-04 05:45:13.930  3351  3390 W PackageManager: Permission cyanogenmod.permission.MANAGE_ALARMS from package cyanogenmod.platform in an unknown group android.permission-group.SYSTEM_CLOCK
12-04 05:45:13.930  3351  3390 W PackageManager: Permission cyanogenmod.permission.READ_ALARMS from package cyanogenmod.platform in an unknown group android.permission-group.SYSTEM_CLOCK
12-04 05:45:14.666  3351  3361 I art     : Background sticky concurrent mark sweep GC freed 126854(8MB) AllocSpace objects, 84(4MB) LOS objects, 30% free, 28MB/41MB, paused 943us total 133.624ms
12-04 05:45:14.764  3351  3388 W PackageManager: Permission android.permission.SET_KEYGUARD_WALLPAPER from package android in an unknown group android.permission-group.WALLPAPER
12-04 05:45:14.764  3351  3388 W PackageManager: Permission android.permission.MODIFY_PROTECTED_SMS_LIST from package android in an unknown group android.permission-group.MESSAGES
12-04 05:45:14.764  3351  3388 W PackageManager: Permission android.permission.RECEIVE_PROTECTED_SMS from package android in an unknown group android.permission-group.MESSAGES
12-04 05:45:14.764  3351  3388 W PackageManager: Permission android.permission.RESET_BATTERY_STATS from package android in an unknown group android.permission-group.SYSTEM_TOOLS
12-04 05:45:14.765  3351  3351 D PackageManager: end scanDirLI:/system/framework
12-04 05:45:14.769  3351  3351 D PackageManager: start scanDirLI:/system/priv-app
12-04 05:45:14.769  3351  3351 D PackageManager: max thread:6
12-04 05:45:14.779  3351  3387 I PackageManager: /system/priv-app/CMAudioService changed; collecting certs
12-04 05:45:14.800  3351  3386 I PackageManager: /system/priv-app/CMSettingsProvider changed; collecting certs
12-04 05:45:14.806  3351  3389 I PackageManager: /system/priv-app/BackupRestoreConfirmation changed; collecting certs
12-04 05:45:14.830  3351  3390 I PackageManager: /system/priv-app/CMUpdater changed; collecting certs
12-04 05:45:14.864  3351  3388 I PackageManager: /system/priv-app/CalendarProvider changed; collecting certs
12-04 05:45:14.876  3351  3391 I PackageManager: /system/priv-app/AudioFX changed; collecting certs
12-04 05:45:14.966  3351  3388 I PackageManager: New shared user android.uid.calendar: id=10002
12-04 05:45:14.976  3351  3387 I PackageManager: /system/priv-app/CallLogBackup changed; collecting certs
12-04 05:45:15.018  3351  3386 I PackageManager: /system/priv-app/CarrierConfig changed; collecting certs
12-04 05:45:15.037  3351  3389 I PackageManager: /system/priv-app/CellBroadcastReceiver changed; collecting certs
12-04 05:45:15.105  3351  3387 I PackageManager: New shared user android.uid.shared: id=10003
12-04 05:45:15.186  3351  3388 W PackageParser: No actions in intent filter at /system/priv-app/Contacts/Contacts.apk Binary XML file line #301
12-04 05:45:15.215  3351  3388 I PackageManager: /system/priv-app/Contacts changed; collecting certs
12-04 05:45:15.235  3351  3387 I PackageManager: /system/priv-app/ContactsProvider changed; collecting certs
12-04 05:45:15.280  3351  3389 I PackageManager: /system/priv-app/DefaultContainerService changed; collecting certs
12-04 05:45:15.305  3351  3391 I PackageManager: /system/priv-app/CyanogenSetupWizard changed; collecting certs
12-04 05:45:15.309  3351  3390 I PackageManager: /system/priv-app/DataUsageProvider changed; collecting certs
12-04 05:45:15.515  3351  3390 I PackageManager: /system/priv-app/ExternalStorageProvider changed; collecting certs
12-04 05:45:15.560  3351  3389 I PackageManager: /system/priv-app/DownloadProvider changed; collecting certs
12-04 05:45:15.576  3351  3387 W PackageParser: No actions in intent filter at /system/priv-app/Dialer/Dialer.apk Binary XML file line #152
12-04 05:45:15.582  3351  3387 I PackageManager: /system/priv-app/Dialer changed; collecting certs
12-04 05:45:15.646  3351  3389 I PackageManager: New shared user android.media: id=10008
12-04 05:45:15.746  3351  3390 I PackageManager: /system/priv-app/FusedLocation changed; collecting certs
12-04 05:45:15.754  3351  3389 W PackageManager: Permission android.permission.DOWNLOAD_WITHOUT_NOTIFICATION from package com.android.providers.downloads in an unknown group android.permission-group.NETWORK
12-04 05:45:15.779  3351  3386 I PackageManager: /system/priv-app/LiveLockScreenService changed; collecting certs
12-04 05:45:15.794  3351  3389 I PackageManager: /system/priv-app/InputDevices changed; collecting certs
12-04 05:45:15.995  3351  3390 I PackageManager: /system/priv-app/ManagedProvisioning changed; collecting certs
12-04 05:45:16.019  3351  3386 I PackageManager: /system/priv-app/MediaProvider changed; collecting certs
12-04 05:45:16.147  3351  3389 I PackageManager: /system/priv-app/MmsService changed; collecting certs
12-04 05:45:16.152  3351  3361 I art     : Background partial concurrent mark sweep GC freed 163349(10MB) AllocSpace objects, 90(4MB) LOS objects, 33% free, 31MB/47MB, paused 1.878ms total 485.833ms
12-04 05:45:16.294  3351  3386 I PackageManager: /system/priv-app/OneTimeInitializer changed; collecting certs
12-04 05:45:16.354  3351  3389 I PackageManager: /system/priv-app/ProxyHandler changed; collecting certs
12-04 05:45:16.387  3351  3390 I PackageManager: /system/priv-app/PackageInstaller changed; collecting certs
12-04 05:45:16.494  3351  3386 I PackageManager: /system/priv-app/Screencast changed; collecting certs
12-04 05:45:16.785  3351  3386 I PackageManager: /system/priv-app/SettingsProvider changed; collecting certs
12-04 05:45:16.925  3351  3386 I PackageManager: /system/priv-app/SharedStorageBackup changed; collecting certs
12-04 05:45:17.151  3351  3386 I PackageManager: /system/priv-app/Shell changed; collecting certs
12-04 05:45:17.197  3351  3389 I PackageManager: /system/priv-app/Settings changed; collecting certs
12-04 05:45:17.259  3351  3390 I PackageManager: /system/priv-app/StatementService changed; collecting certs
12-04 05:45:17.558  3351  3386 I PackageManager: /system/priv-app/SystemUI changed; collecting certs
12-04 05:45:17.597  3351  3390 W PackageParser: Ignoring duplicate uses-permissions/uses-permissions-sdk-m: android.permission.ACCESS_WIFI_STATE in package: com.android.phone at: Binary XML file line #134
12-04 05:45:17.670  3351  3390 I PackageManager: /system/priv-app/TeleService changed; collecting certs
12-04 05:45:17.875  3351  3361 W art     : Suspending all threads took: 40.249ms
12-04 05:45:18.258  3351  3361 I art     : Background sticky concurrent mark sweep GC freed 178886(11MB) AllocSpace objects, 102(6MB) LOS objects, 11% free, 41MB/47MB, paused 48.988ms total 994.696ms
12-04 05:45:18.361  3351  3390 I PackageManager: /system/priv-app/Telecom changed; collecting certs
12-04 05:45:18.405  3351  3391 I PackageManager: /system/priv-app/TelephonyProvider changed; collecting certs
12-04 05:45:18.696  3351  3390 I PackageManager: /system/priv-app/ThemeManagerService changed; collecting certs
12-04 05:45:18.740  3351  3391 I PackageManager: /system/priv-app/ThemeChooser changed; collecting certs
12-04 05:45:18.954  3351  3388 I PackageManager: /system/priv-app/ThemesProvider changed; collecting certs
12-04 05:45:18.990  3351  3390 I PackageManager: /system/priv-app/Trebuchet changed; collecting certs
12-04 05:45:19.056  3351  3361 I art     : Background partial concurrent mark sweep GC freed 179907(10MB) AllocSpace objects, 41(2MB) LOS objects, 30% free, 35MB/51MB, paused 2.421ms total 761.186ms
