07-26 23:04:24.957  4372  4372 I PackageManager: SELinux relabeling of com.android.printspooler issued.
07-26 23:04:24.975  4372  4372 I PackageManager: SELinux relabeling of org.cyanogenmod.profiles issued.
07-26 23:04:24.991  4372  4372 I PackageManager: SELinux relabeling of com.android.provision issued.
07-26 23:04:25.008  4372  4372 I PackageManager: SELinux relabeling of com.gd.mobicore.pa issued.
07-26 23:04:25.028  4372  4372 I PackageManager: SELinux relabeling of com.cyanogenmod.samsungservicemode issued.
07-26 23:04:25.054  4372  4372 I PackageManager: SELinux relabeling of com.android.soundrecorder issued.
07-26 23:04:25.078  4372  4372 I PackageManager: SELinux relabeling of com.android.stk issued.
07-26 23:04:25.098  4372  4372 I PackageManager: SELinux relabeling of com.android.terminal issued.
07-26 23:04:25.114  4372  4372 I PackageManager: SELinux relabeling of com.android.providers.userdictionary issued.
07-26 23:04:25.130  4372  4372 I PackageManager: SELinux relabeling of com.android.smspush issued.
07-26 23:04:25.158  4372  4372 I PackageManager: SELinux relabeling of org.cyanogenmod.wallpaperpicker issued.
07-26 23:04:25.163  4372  4372 W PackageManager: Failed to parse /system/app/mcRegistry: Missing base APK in /system/app/mcRegistry
07-26 23:04:25.844  4372  4372 I PackageManager: SELinux relabeling of com.android.messaging issued.
07-26 23:04:25.865  4372  4372 I PackageManager: SELinux relabeling of com.android.frameworks.telresources issued.
07-26 23:04:25.926  4372  4372 I PackageManager: SELinux relabeling of com.android.webview issued.
07-26 23:04:25.929  4372  4372 D PackageManager: No files in app dir /system/vendor/app
07-26 23:04:25.929  4372  4372 D PackageManager: No files in app dir /oem/app
07-26 23:04:25.929  4372  4372 D PackageManager: No files in app dir /vendor/bundled-app
07-26 23:04:25.930  4372  4372 W PackageManager: Failed to parse /data/app/mcRegistry: Missing base APK in /data/app/mcRegistry
07-26 23:04:25.931  4372  4372 D PackageManager: No files in app dir /data/app-private
07-26 23:04:25.931  4372  4372 E PackageManager: updateAllSharedLibrariesLPw failed: Package com.android.dialer requires unavailable shared library com.qualcomm.qti.smartsearch; failing!
07-26 23:04:25.931  4372  4372 W PackageManager: Package com.android.gallery3d desires unavailable shared library com.google.android.media.effects; ignoring!
07-26 23:04:25.931  4372  4372 W PackageManager: Package com.android.gallery3d desires unavailable shared library com.google.android.media.effects; ignoring!
07-26 23:04:25.931  4372  4372 I PackageManager: Adjusting ABI for : com.android.settings to arm64-v8a
07-26 23:04:25.931  4372  4372 I PackageManager: Adjusting ABI for : com.android.keychain to arm64-v8a
07-26 23:04:25.932  4372  4372 I PackageManager: Adjusting ABI for : org.cyanogenmod.providers.datausage to arm64-v8a
07-26 23:04:25.932  4372  4372 I PackageManager: Adjusting ABI for : cyanogenmod.platform to arm64-v8a
07-26 23:04:25.932  2939  2939 E installd: invalid apk path '/system/framework/org.cyanogenmod.platform-res.apk' (bad prefix)
07-26 23:04:25.932  4372  4372 I PackageManager: Adjusting ABI for : com.android.providers.settings to arm64-v8a
07-26 23:04:25.932  4372  4372 I PackageManager: Adjusting ABI for : org.cyanogenmod.cmsettings to arm64-v8a
07-26 23:04:25.932  4372  4372 I PackageManager: Adjusting ABI for : com.android.server.telecom to arm64-v8a
07-26 23:04:25.933  4372  4372 I PackageManager: Adjusting ABI for : com.android.location.fused to arm64-v8a
07-26 23:04:25.933  4372  4372 I PackageManager: Adjusting ABI for : com.android.inputdevices to arm64-v8a
07-26 23:04:25.933  4372  4372 I PackageManager: Adjusting ABI for : com.android.development to arm64-v8a
07-26 23:04:25.933  4372  4372 I PackageManager: Adjusting ABI for : com.cyanogenmod.setupwizard to arm64-v8a
07-26 23:04:25.934  4372  4372 I PackageManager: Time to scan packages: 8.829 seconds
07-26 23:04:25.934  4372  4372 W PackageManager: Unknown permission com.google.android.googleapps.permission.GOOGLE_AUTH in package com.android.providers.calendar
07-26 23:04:25.935  4372  4372 W PackageManager: Unknown permission com.google.android.googleapps.permission.GOOGLE_AUTH.cl in package com.android.providers.calendar
07-26 23:04:25.935  4372  4372 W PackageManager: Not granting permission android.permission.REAL_GET_TASKS to package org.cyanogenmod.wallpapers.photophase (protectionLevel=18 flags=0x3818be45)
07-26 23:04:25.936  4372  4372 W PackageManager: Unknown permission com.cyanogen.ambient.permission.BIND_CALLER_INFO in package com.android.messaging
07-26 23:04:25.936  4372  4372 W PackageManager: Not granting permission android.permission.ACCESS_DOWNLOAD_MANAGER to package com.android.browser (protectionLevel=18 flags=0x3849be45)
07-26 23:04:25.936  4372  4372 W PackageManager: Not granting permission android.permission.SEND_DOWNLOAD_COMPLETED_INTENTS to package com.android.browser (protectionLevel=2 flags=0x3849be45)
07-26 23:04:25.937  4372  4372 W PackageManager: Unknown permission com.cyngn.stats.SEND_ANALYTICS in package com.cyanogenmod.setupwizard
07-26 23:04:25.937  4372  4372 W PackageManager: Unknown permission com.cyanogen.permission.REQUEST_KILL_SWITCH_OP in package com.cyanogenmod.setupwizard
07-26 23:04:25.938  4372  4372 W PackageManager: Unknown permission com.cyanogen.ambient.permission.BIND_INCALL_SERVICE in package com.android.contacts
07-26 23:04:25.938  4372  4372 W PackageManager: Unknown permission com.cyanogen.ambient.permission.PLUGIN_STATUS_CHANGED in package com.android.contacts
07-26 23:04:25.938  4372  4372 W PackageManager: Unknown permission com.cyanogen.ambient.permission.BIND_CALLER_INFO in package com.android.contacts
07-26 23:04:25.939  4372  4372 W PackageManager: Unknown permission com.google.android.googleapps.permission.GOOGLE_AUTH.mail in package com.android.calendar
07-26 23:04:25.939  4372  4372 W PackageManager: Unknown permission com.android.launcher.permission.READ_SETTINGS in package com.android.onetimeinitializer
07-26 23:04:25.939  4372  4372 W PackageManager: Unknown permission com.android.launcher.permission.WRITE_SETTINGS in package com.android.onetimeinitializer
07-26 23:04:25.940  4372  4372 W PackageManager: Unknown permission com.cyanogen.ambient.permission.BIND_INCALL_SERVICE in package com.android.dialer
07-26 23:04:25.940  4372  4372 W PackageManager: Unknown permission com.cyanogen.ambient.permission.PLUGIN_STATUS_CHANGED in package com.android.dialer
07-26 23:04:25.940  4372  4372 W PackageManager: Unknown permission com.cyanogen.ambient.permission.PUBLISH_DISCOVERY_NUDGE in package com.android.dialer
07-26 23:04:25.940  4372  4372 W PackageManager: Unknown permission com.cyanogen.ambient.permission.BIND_DEEPLINK_SERVICE in package com.android.dialer
07-26 23:04:25.940  4372  4372 W PackageManager: Unknown permission com.cyanogen.ambient.permission.READ_DEEPLINK_DATABASE in package com.android.dialer
07-26 23:04:25.941  4372  4372 W PackageManager: Unknown permission com.cyanogen.ambient.permission.BIND_CALLER_INFO in package com.android.dialer
07-26 23:04:25.941  4372  4372 W PackageManager: Unknown permission com.android.launcher.permission.READ_SETTINGS in package com.cyanogenmod.trebuchet
07-26 23:04:25.941  4372  4372 W PackageManager: Unknown permission com.android.launcher.permission.WRITE_SETTINGS in package com.cyanogenmod.trebuchet
07-26 23:04:25.941  4372  4372 W PackageManager: Unknown permission com.cyngn.stats.SEND_ANALYTICS in package com.cyanogenmod.trebuchet
07-26 23:04:25.941  4372  4372 W PackageManager: Unknown permission android.permission.CANCEL_NOTIFICATIONS in package org.cyanogenmod.theme.chooser
07-26 23:04:25.942  4372  4372 W PackageManager: Unknown permission com.google.android.permission.INSTALL_WEARABLE_PACKAGES in package com.android.packageinstaller
07-26 23:04:25.942  4372  4372 W PackageManager: Not granting permission android.permission.DELETE_PACKAGES to package com.svox.pico (protectionLevel=18 flags=0x3808be45)
07-26 23:04:25.942  4372  4372 W PackageManager: Unknown permission android.permission.ACCESS_SUPERUSER in package com.cyanogenmod.filemanager
07-26 23:04:25.942  4372  4372 W PackageManager: Unknown permission com.cyanogenmod.filemanager.permissions.READ_THEME in package com.cyanogenmod.filemanager
07-26 23:04:25.943  4372  4372 W PackageManager: Unknown permission com.google.android.gallery3d.permission.PICASA_STORE in package com.android.dreams.phototable
07-26 23:04:25.943  4372  4372 W PackageManager: Unknown permission com.google.android.googleapps.permission.GOOGLE_AUTH in package com.android.settings
07-26 23:04:25.943  4372  4372 W PackageManager: Unknown permission com.android.launcher.permission.READ_SETTINGS in package com.android.settings
07-26 23:04:25.943  4372  4372 W PackageManager: Unknown permission com.android.launcher.permission.WRITE_SETTINGS in package com.android.settings
07-26 23:04:25.944  4372  4372 W PackageManager: Not granting permission android.permission.REAL_GET_TASKS to package com.cyanogenmod.eleven (protectionLevel=18 flags=0x3818be65)
07-26 23:04:25.948  4372  4372 W PackageManager: Unknown permission com.google.android.gallery3d.permission.GALLERY_PROVIDER in package com.android.bluetooth
07-26 23:04:25.949  4372  4372 W PackageManager: Unknown permission com.google.android.googleapps.permission.ACCESS_GOOGLE_PASSWORD in package com.android.development
07-26 23:04:25.949  4372  4372 W PackageManager: Unknown permission com.google.android.googleapps.permission.GOOGLE_AUTH in package com.android.development
07-26 23:04:25.949  4372  4372 W PackageManager: Unknown permission com.google.android.googleapps.permission.GOOGLE_AUTH.ALL_SERVICES in package com.android.development
07-26 23:04:25.949  4372  4372 W PackageManager: Unknown permission com.google.android.googleapps.permission.GOOGLE_AUTH.YouTubeUser in package com.android.development
07-26 23:04:25.950  4372  4372 V PackageManager: Disabling com.google.android.gsf/com.google.android.gsf.update.SystemUpdateActivity
07-26 23:04:25.950  4372  4372 W PackageManager: Unable to disable com.google.android.gsf/com.google.android.gsf.update.SystemUpdateActivity
07-26 23:04:25.950  4372  4372 V PackageManager: Disabling com.google.android.gsf/com.google.android.gsf.update.SystemUpdateService$Receiver
07-26 23:04:25.950  4372  4372 W PackageManager: Unable to disable com.google.android.gsf/com.google.android.gsf.update.SystemUpdateService$Receiver
07-26 23:04:25.950  4372  4372 V PackageManager: Disabling com.google.android.gsf/com.google.android.gsf.update.SystemUpdateService$SecretCodeReceiver
07-26 23:04:25.950  4372  4372 W PackageManager: Unable to disable com.google.android.gsf/com.google.android.gsf.update.SystemUpdateService$SecretCodeReceiver
07-26 23:04:25.950  4372  4372 V PackageManager: Disabling com.google.android.gms/com.google.android.gms.update.SystemUpdateActivity
07-26 23:04:25.950  4372  4372 W PackageManager: Unable to disable com.google.android.gms/com.google.android.gms.update.SystemUpdateActivity
07-26 23:04:25.950  4372  4372 V PackageManager: Disabling com.google.android.gms/com.google.android.gms.update.SystemUpdateService$Receiver
07-26 23:04:25.950  4372  4372 W PackageManager: Unable to disable com.google.android.gms/com.google.android.gms.update.SystemUpdateService$Receiver
07-26 23:04:25.950  4372  4372 V PackageManager: Disabling com.google.android.gms/com.google.android.gms.update.SystemUpdateService$ActiveReceiver
07-26 23:04:25.950  4372  4372 W PackageManager: Unable to disable com.google.android.gms/com.google.android.gms.update.SystemUpdateService$ActiveReceiver
07-26 23:04:25.950  4372  4372 V PackageManager: Disabling com.google.android.gms/com.google.android.gms.update.SystemUpdateService$SecretCodeReceiver
07-26 23:04:25.950  4372  4372 W PackageManager: Unable to disable com.google.android.gms/com.google.android.gms.update.SystemUpdateService$SecretCodeReceiver
07-26 23:04:25.951  4372  4372 V PackageManager: Enabling com.google.android.gsf/com.google.android.gsf.update.SystemUpdateService
07-26 23:04:25.951  4372  4372 W PackageManager: Unable to enable com.google.android.gsf/com.google.android.gsf.update.SystemUpdateService
07-26 23:04:25.951  4372  4372 V PackageManager: Enabling com.google.android.gms/com.google.android.gms.update.SystemUpdateService
07-26 23:04:25.951  4372  4372 W PackageManager: Unable to enable com.google.android.gms/com.google.android.gms.update.SystemUpdateService
07-26 23:04:26.135  4372  4372 I art     : Starting a blocking GC Explicit
07-26 23:04:26.155  4372  4372 I art     : Explicit concurrent mark sweep GC freed 124497(6MB) AllocSpace objects, 18(1264KB) LOS objects, 33% free, 28MB/42MB, paused 78us total 20.426ms
07-26 23:04:26.156  4372  4372 I SystemServer: User Service
07-26 23:04:26.165  2919  2919 I lowmemorykiller: ActivityManager connected
07-26 23:04:26.170  4372  4372 I SystemServiceManager: Starting com.android.server.BatteryService
07-26 23:04:26.170  4372  4405 I         : System server: starting sensor init.
07-26 23:04:26.170  4372  4405 D SensorService: nuSensorService starting...
07-26 23:04:26.171  4372  4405 I Sensors : getName:gyro_sensor name = K6DS3TR.
07-26 23:04:26.171  4372  4405 I Sensors : Proximity old sensor_state 0, new sensor_state : 128 en : 1
07-26 23:04:26.180  4372  4372 I SystemServiceManager: Starting com.android.server.usage.UsageStatsService
07-26 23:04:26.182  4372  4405 I Sensors : Light old sensor_state 128, new sensor_state : 640 en : 1
07-26 23:04:26.187  4372  4405 I Sensors : Light_IR old sensor_state 640, new sensor_state : 16777856 en : 1
07-26 23:04:26.187  4372  4405 E Sensors : Light_IR_Sensor write failed. ret = -1, sensor_state = 16777856
07-26 23:04:26.187  4372  4405 I Sensors : SigMotionSensor old sensor_state 640, new sensor_state : 17024 en : 1
07-26 23:04:26.193  4372  4405 I Sensors : getName:gyro_sensor name = K6DS3TR.
07-26 23:04:26.193  4372  4405 I Sensors : StepCounterSensor old sensor_state 17024, new sensor_state : 279168 en : 1
07-26 23:04:26.193  4372  4405 E Sensors : StepCounterSensor write failed. ret = -1, sensor_state = 279168
07-26 23:04:26.194  4372  4405 I Sensors : Int.Gyro old sensor_state 17024, new sensor_state : 33571456 en : 1
07-26 23:04:26.194  4372  4405 E Sensors : Int.GyroSensor write failed. ret = -1, sensor_state = 33571456
07-26 23:04:26.194  4372  4405 I Sensors : getName:gyro_sensor name = K6DS3TR.
07-26 23:04:26.194  4372  4405 I Sensors : HrmSpO2Sensor:: part type = 12.
07-26 23:04:26.194  4372  4405 D Sensors : HrmSpO2Sensor::type:12, prox threshold:10000
07-26 23:04:26.194  4372  4405 D Sensors : HrmSpO2Sensor::handle:0 ,en:1
07-26 23:04:26.194  4372  4405 E Sensors : HrmSpO2Sensor::Error MAXIM Flicker Library...handle=0x0
07-26 23:04:26.194  4372  4405 D Sensors : HrmSpO2Sensor::HrmSpO2Sensor: Shared version Registered
07-26 23:04:26.194  4372  4405 D Sensors : HrmLedSensor enable: mEnabled 0, handle 20, en 1
07-26 23:04:26.194  4372  4405 D Sensors : HRMSensor led enabled:1, en:1
07-26 23:04:26.207  4372  4405 I Sensors : getVendor:hrm_sensor vendor = MAXIM.
07-26 23:04:26.207  4372  4405 I Sensors : HrmLedSensor: HrmLedSensor vendor = MAXIM.
07-26 23:04:26.207  4372  4405 D Sensors : HRMSensor_LED::libhr open start!! 
07-26 23:04:26.207  4372  4405 E Sensors : HRMSensor_LED::libhr open failed 
07-26 23:04:26.207  4372  4405 E Sensors : GripSensor: enable
07-26 23:04:26.234  4372  4405 I Sensors : Proximity old sensor_state 17024, new sensor_state : 16896 en : 0
07-26 23:04:26.234  4372  4405 I Sensors : Light old sensor_state 16896, new sensor_state : 16384 en : 0
07-26 23:04:26.234  4372  4405 I Sensors : SigMotionSensor old sensor_state 16384, new sensor_state : 0 en : 0
07-26 23:04:26.234  4372  4405 E Sensors : GripSensor: enable
07-26 23:04:26.234  4372  4405 D Sensors : HrmSpO2Sensor::handle:19 ,en:0
07-26 23:04:26.234  4372  4405 D Sensors : HrmSpO2Sensor::isEnabled:0 ,en:0, mEn:0
07-26 23:04:26.234  4372  4405 D Sensors : HrmSpO2Sensor::handle:28 ,en:0
07-26 23:04:26.234  4372  4405 D Sensors : HrmSpO2Sensor::isEnabled:0 ,en:0, mEn:0
07-26 23:04:26.234  4372  4405 D Sensors : HrmLedSensor enable: mEnabled 1, handle 20, en 0
07-26 23:04:26.234  4372  4405 D Sensors : HRMSensor_LED::enable 
07-26 23:04:26.234  4372  4405 D Sensors : HRMSensor led enabled:0, en:0
07-26 23:04:26.235  4372  4405 D Sensors : HrmLedSensor enable: mEnabled 0, handle 21, en 0
07-26 23:04:26.235  4372  4405 D Sensors : HrmLedSensor isEnabled:0 ,en:0
07-26 23:04:26.235  4372  4405 D Sensors : HrmSpO2Sensor::handle:18 ,en:0
07-26 23:04:26.235  4372  4405 D Sensors : HrmSpO2Sensor::isEnabled:0 ,en:0, mEn:0
07-26 23:04:26.236  4372  4405 I         : System server: sensor init done.
07-26 23:04:26.236  4372  4406 D SensorService: new thread SensorEventAckReceiver
07-26 23:04:26.243  4372  4407 D SensorService: nuSensorService thread starting...
07-26 23:04:26.294  4372  4372 I UsageStatsService: User[0] Rollover scheduled @ 2016-07-27 00:00:00(1469577600000)
07-26 23:04:26.298  4372  4372 I SystemServiceManager: Starting com.android.server.webkit.WebViewUpdateService
07-26 23:04:26.299  4372  4372 I SystemServer: Reading configuration...
07-26 23:04:26.299  4372  4372 I SystemServer: Scheduling Policy
07-26 23:04:26.300  4372  4372 I SystemServiceManager: Starting com.android.server.telecom.TelecomLoaderService
07-26 23:04:26.301  4372  4372 I SystemServer: Telephony Registry
07-26 23:04:26.310  4372  4372 I SystemServer: Entropy Mixer
07-26 23:04:26.349  4372  4372 I EntropyMixer: Added HW RNG output to entropy pool
07-26 23:04:26.349  4372  4372 I EntropyMixer: Writing entropy...
07-26 23:04:26.365  4372  4372 I SystemServer: Camera Service
07-26 23:04:26.365  4372  4372 I SystemServiceManager: Starting com.android.server.camera.CameraService
07-26 23:04:26.371  4372  4408 I ServiceThread: Enabled StrictMode logging for CameraService_proxy looper.
07-26 23:04:26.373  4372  4372 I SystemServer: Account Manager
07-26 23:04:26.408  4372  4372 I SystemServer: Content Manager
07-26 23:04:26.415  4372  4372 I SystemServer: System Content Providers
07-26 23:04:26.421  4372  4372 W System  : ClassLoader referenced unknown path: /system/priv-app/CMSettingsProvider/lib/arm64
07-26 23:04:26.440  4372  4372 W System  : ClassLoader referenced unknown path: /system/priv-app/SettingsProvider/lib/arm64
07-26 23:04:26.498  4372  4372 I SystemServer: Vibrator Service
07-26 23:04:26.510  4372  4372 I SystemServer: Consumer IR Service
07-26 23:04:26.511  4372  4372 E ConsumerIrService: Can't open consumer IR HW Module, error: -2
07-26 23:04:26.511  4372  4372 E System  : ******************************************
07-26 23:04:26.511  4372  4372 E System  : ************ Failure starting core service
07-26 23:04:26.511  4372  4372 E System  : java.lang.RuntimeException: FEATURE_CONSUMER_IR present, but no IR HAL loaded!
07-26 23:04:26.511  4372  4372 E System  : 	at com.android.server.ConsumerIrService.<init>(ConsumerIrService.java:51)
07-26 23:04:26.511  4372  4372 E System  : 	at com.android.server.SystemServer.startOtherServices(SystemServer.java:508)
07-26 23:04:26.511  4372  4372 E System  : 	at com.android.server.SystemServer.run(SystemServer.java:290)
07-26 23:04:26.511  4372  4372 E System  : 	at com.android.server.SystemServer.main(SystemServer.java:175)
07-26 23:04:26.511  4372  4372 E System  : 	at java.lang.reflect.Method.invoke(Native Method)
07-26 23:04:26.511  4372  4372 E System  : 	at com.android.internal.os.ZygoteInit$MethodAndArgsCaller.run(ZygoteInit.java:726)
07-26 23:04:26.511  4372  4372 E System  : 	at com.android.internal.os.ZygoteInit.main(ZygoteInit.java:616)
07-26 23:04:26.511  4372  4372 I SystemServer: Input Method Service
07-26 23:04:26.549  4372  4372 W InputMethodManagerService: No IME selected. Choose the most applicable IME.
07-26 23:04:26.550  4372  4372 I InputMethodManagerService: Default found, using com.android.inputmethod.latin/.LatinIME
07-26 23:04:26.554  4372  4372 I SystemServer: Accessibility Manager
07-26 23:04:26.564  4372  4372 W SystemServer: ***********************************************
07-26 23:04:26.565  4372  4372 E SystemServer: BOOT FAILURE making display ready
07-26 23:04:26.565  4372  4372 E SystemServer: java.lang.NullPointerException: Attempt to invoke virtual method 'void com.android.server.wm.WindowManagerService.displayReady()' on a null object reference
07-26 23:04:26.565  4372  4372 E SystemServer: 	at com.android.server.SystemServer.startOtherServices(SystemServer.java:590)
07-26 23:04:26.565  4372  4372 E SystemServer: 	at com.android.server.SystemServer.run(SystemServer.java:290)
07-26 23:04:26.565  4372  4372 E SystemServer: 	at com.android.server.SystemServer.main(SystemServer.java:175)
07-26 23:04:26.565  4372  4372 E SystemServer: 	at java.lang.reflect.Method.invoke(Native Method)
07-26 23:04:26.565  4372  4372 E SystemServer: 	at com.android.internal.os.ZygoteInit$MethodAndArgsCaller.run(ZygoteInit.java:726)
07-26 23:04:26.565  4372  4372 E SystemServer: 	at com.android.internal.os.ZygoteInit.main(ZygoteInit.java:616)
07-26 23:04:26.566  4372  4372 I SystemServiceManager: Starting com.android.server.MountService$Lifecycle
07-26 23:04:26.579  4372  4411 D MountService: Thinking about reset, mSystemReady=false, mDaemonConnected=true
07-26 23:04:26.579  4372  4411 D MountService: Thinking about reset, mSystemReady=false, mDaemonConnected=true
07-26 23:04:26.580  4372  4411 D CryptdConnector: SND -> {1 cryptfs getfield SystemLocale}
07-26 23:04:26.580  4372  4372 I SystemServiceManager: Starting com.android.server.UiModeManagerService
07-26 23:04:26.580  2908  2980 I Ext4Crypt: ext4 crypto complete called on /data
07-26 23:04:26.580  2908  2980 I Ext4Crypt: No master key, so not ext4enc
07-26 23:04:26.582  4372  4413 D CryptdConnector: RCV <- {200 1 -1}
07-26 23:04:26.583  4372  4372 I ActivityManager: Config changes=200 {1.0 ?mcc?mnc en_US ldltr ?swdp ?wdp ?hdp ?density ?lsize ?long ?orien ?touch ?keyb/?/? ?nav/? s.2 themeResource=null}
07-26 23:04:26.584  4372  4411 W MountService: No primary storage mounted!
07-26 23:04:26.584  4372  4411 D VoldConnector: SND -> {1 asec list}
07-26 23:04:26.585  4372  4412 D VoldConnector: RCV <- {200 1 asec operation succeeded}
07-26 23:04:26.586  4372  4411 I PackageManager: No secure containers found
07-26 23:04:26.586  4372  4411 W PackageManager: Unknown permission com.google.android.googleapps.permission.GOOGLE_AUTH in package com.android.providers.calendar
07-26 23:04:26.586  4372  4411 W PackageManager: Unknown permission com.google.android.googleapps.permission.GOOGLE_AUTH.cl in package com.android.providers.calendar
07-26 23:04:26.587  4372  4411 W PackageManager: Not granting permission android.permission.REAL_GET_TASKS to package org.cyanogenmod.wallpapers.photophase (protectionLevel=18 flags=0x3818be45)
07-26 23:04:26.587  4372  4411 W PackageManager: Unknown permission com.cyanogen.ambient.permission.BIND_CALLER_INFO in package com.android.messaging
07-26 23:04:26.588  4372  4411 W PackageManager: Not granting permission android.permission.ACCESS_DOWNLOAD_MANAGER to package com.android.browser (protectionLevel=18 flags=0x3849be45)
07-26 23:04:26.588  4372  4411 W PackageManager: Not granting permission android.permission.SEND_DOWNLOAD_COMPLETED_INTENTS to package com.android.browser (protectionLevel=2 flags=0x3849be45)
07-26 23:04:26.589  4372  4411 W PackageManager: Unknown permission com.cyngn.stats.SEND_ANALYTICS in package com.cyanogenmod.setupwizard
07-26 23:04:26.589  4372  4411 W PackageManager: Unknown permission com.cyanogen.permission.REQUEST_KILL_SWITCH_OP in package com.cyanogenmod.setupwizard
07-26 23:04:26.589  4372  4411 W PackageManager: Unknown permission com.cyanogen.ambient.permission.BIND_INCALL_SERVICE in package com.android.contacts
07-26 23:04:26.589  4372  4411 W PackageManager: Unknown permission com.cyanogen.ambient.permission.PLUGIN_STATUS_CHANGED in package com.android.contacts
07-26 23:04:26.589  4372  4411 W PackageManager: Unknown permission com.cyanogen.ambient.permission.BIND_CALLER_INFO in package com.android.contacts
07-26 23:04:26.590  4372  4411 W PackageManager: Unknown permission com.google.android.googleapps.permission.GOOGLE_AUTH.mail in package com.android.calendar
07-26 23:04:26.590  4372  4411 W PackageManager: Unknown permission com.android.launcher.permission.READ_SETTINGS in package com.android.onetimeinitializer
07-26 23:04:26.591  4372  4411 W PackageManager: Unknown permission com.android.launcher.permission.WRITE_SETTINGS in package com.android.onetimeinitializer
07-26 23:04:26.591  4372  4411 W PackageManager: Unknown permission com.cyanogen.ambient.permission.BIND_INCALL_SERVICE in package com.android.dialer
07-26 23:04:26.591  4372  4411 W PackageManager: Unknown permission com.cyanogen.ambient.permission.PLUGIN_STATUS_CHANGED in package com.android.dialer
07-26 23:04:26.591  4372  4411 W PackageManager: Unknown permission com.cyanogen.ambient.permission.PUBLISH_DISCOVERY_NUDGE in package com.android.dialer
07-26 23:04:26.591  4372  4411 W PackageManager: Unknown permission com.cyanogen.ambient.permission.BIND_DEEPLINK_SERVICE in package com.android.dialer
07-26 23:04:26.592  4372  4411 W PackageManager: Unknown permission com.cyanogen.ambient.permission.READ_DEEPLINK_DATABASE in package com.android.dialer
07-26 23:04:26.592  4372  4411 W PackageManager: Unknown permission com.cyanogen.ambient.permission.BIND_CALLER_INFO in package com.android.dialer
07-26 23:04:26.592  4372  4411 W PackageManager: Unknown permission com.android.launcher.permission.READ_SETTINGS in package com.cyanogenmod.trebuchet
07-26 23:04:26.592  4372  4411 W PackageManager: Unknown permission com.android.launcher.permission.WRITE_SETTINGS in package com.cyanogenmod.trebuchet
07-26 23:04:26.592  4372  4411 W PackageManager: Unknown permission com.cyngn.stats.SEND_ANALYTICS in package com.cyanogenmod.trebuchet
07-26 23:04:26.592  4372  4411 W PackageManager: Unknown permission android.permission.CANCEL_NOTIFICATIONS in package org.cyanogenmod.theme.chooser
07-26 23:04:26.593  4372  4411 W PackageManager: Unknown permission com.google.android.permission.INSTALL_WEARABLE_PACKAGES in package com.android.packageinstaller
07-26 23:04:26.593  4372  4411 W PackageManager: Not granting permission android.permission.DELETE_PACKAGES to package com.svox.pico (protectionLevel=18 flags=0x3808be45)
07-26 23:04:26.594  4372  4411 W PackageManager: Unknown permission android.permission.ACCESS_SUPERUSER in package com.cyanogenmod.filemanager
07-26 23:04:26.594  4372  4411 W PackageManager: Unknown permission com.cyanogenmod.filemanager.permissions.READ_THEME in package com.cyanogenmod.filemanager
07-26 23:04:26.594  4372  4372 E System  : ******************************************
07-26 23:04:26.594  4372  4411 W PackageManager: Unknown permission com.google.android.gallery3d.permission.PICASA_STORE in package com.android.dreams.phototable
07-26 23:04:26.595  4372  4411 W PackageManager: Unknown permission com.google.android.googleapps.permission.GOOGLE_AUTH in package com.android.settings
07-26 23:04:26.595  4372  4372 E System  : ************ Failure starting system services
07-26 23:04:26.595  4372  4372 E System  : java.lang.NullPointerException: Attempt to invoke virtual method 'void com.android.server.wm.WindowManagerService.showBootMessage(java.lang.CharSequence, boolean)' on a null object reference
07-26 23:04:26.595  4372  4372 E System  : 	at com.android.server.am.ActivityManagerService.showBootMessage(ActivityManagerService.java:6565)
07-26 23:04:26.595  4372  4372 E System  : 	at com.android.server.SystemServer.startOtherServices(SystemServer.java:623)
07-26 23:04:26.595  4372  4372 E System  : 	at com.android.server.SystemServer.run(SystemServer.java:290)
07-26 23:04:26.595  4372  4372 E System  : 	at com.android.server.SystemServer.main(SystemServer.java:175)
07-26 23:04:26.595  4372  4372 E System  : 	at java.lang.reflect.Method.invoke(Native Method)
07-26 23:04:26.595  4372  4372 E System  : 	at com.android.internal.os.ZygoteInit$MethodAndArgsCaller.run(ZygoteInit.java:726)
07-26 23:04:26.595  4372  4372 E System  : 	at com.android.internal.os.ZygoteInit.main(ZygoteInit.java:616)
07-26 23:04:26.595  4372  4372 D AndroidRuntime: Shutting down VM
07-26 23:04:26.595  4372  4411 W PackageManager: Unknown permission com.android.launcher.permission.READ_SETTINGS in package com.android.settings
07-26 23:04:26.595  4372  4411 W PackageManager: Unknown permission com.android.launcher.permission.WRITE_SETTINGS in package com.android.settings
07-26 23:04:26.595  4372  4372 E AndroidRuntime: *** FATAL EXCEPTION IN SYSTEM PROCESS: main
07-26 23:04:26.595  4372  4372 E AndroidRuntime: java.lang.NullPointerException: Attempt to invoke virtual method 'void com.android.server.wm.WindowManagerService.showBootMessage(java.lang.CharSequence, boolean)' on a null object reference
07-26 23:04:26.595  4372  4372 E AndroidRuntime: 	at com.android.server.am.ActivityManagerService.showBootMessage(ActivityManagerService.java:6565)
07-26 23:04:26.595  4372  4372 E AndroidRuntime: 	at com.android.server.SystemServer.startOtherServices(SystemServer.java:623)
07-26 23:04:26.595  4372  4372 E AndroidRuntime: 	at com.android.server.SystemServer.run(SystemServer.java:290)
07-26 23:04:26.595  4372  4372 E AndroidRuntime: 	at com.android.server.SystemServer.main(SystemServer.java:175)
07-26 23:04:26.595  4372  4372 E AndroidRuntime: 	at java.lang.reflect.Method.invoke(Native Method)
07-26 23:04:26.595  4372  4372 E AndroidRuntime: 	at com.android.internal.os.ZygoteInit$MethodAndArgsCaller.run(ZygoteInit.java:726)
07-26 23:04:26.595  4372  4372 E AndroidRuntime: 	at com.android.internal.os.ZygoteInit.main(ZygoteInit.java:616)
07-26 23:04:26.596  4372  4411 W PackageManager: Not granting permission android.permission.REAL_GET_TASKS to package com.cyanogenmod.eleven (protectionLevel=18 flags=0x3818be65)
07-26 23:04:26.596  4372  4372 I Process : Sending signal. PID: 4372 SIG: 9
07-26 23:04:26.617  2939  2939 E installd: eof
07-26 23:04:26.617  2919  2919 I lowmemorykiller: ActivityManager disconnected
07-26 23:04:26.617  2919  2919 I lowmemorykiller: Closing Activity Manager data connection
07-26 23:04:26.617  2920  2920 I ServiceManager: service 'meminfo' died
07-26 23:04:26.617  2939  2939 E installd: failed to read size
07-26 23:04:26.617  2939  2939 I installd: closing connection
07-26 23:04:26.618  2920  2920 I ServiceManager: service 'gfxinfo' died
07-26 23:04:26.618  2920  2920 I ServiceManager: service 'cpuinfo' died
07-26 23:04:26.618  2920  2920 I ServiceManager: service 'dbinfo' died
07-26 23:04:26.618  2920  2920 I ServiceManager: service 'permission' died
07-26 23:04:26.618  2920  2920 I ServiceManager: service 'processinfo' died
07-26 23:04:26.618  2920  2920 I ServiceManager: service 'telephony.registry' died
07-26 23:04:26.618  2920  2920 I ServiceManager: service 'batterymanager' died
07-26 23:04:26.618  2920  2920 I ServiceManager: service 'scheduling_policy' died
07-26 23:04:26.618  2920  2920 I ServiceManager: service 'usagestats' died
07-26 23:04:26.618  2920  2920 I ServiceManager: service 'webviewupdate' died
07-26 23:04:26.618  2920  2920 I ServiceManager: service 'media.camera.proxy' died
07-26 23:04:26.618  2920  2920 I ServiceManager: service 'account' died
07-26 23:04:26.618  2920  2920 I ServiceManager: service 'content' died
07-26 23:04:26.618  2920  2920 I ServiceManager: service 'vibrator' died
07-26 23:04:26.618  2920  2920 I ServiceManager: service 'input_method' died
07-26 23:04:26.618  2920  2920 I ServiceManager: service 'accessibility' died
07-26 23:04:26.618  2920  2920 I ServiceManager: service 'mount' died
07-26 23:04:26.618  2920  2920 I ServiceManager: service 'uimode' died
07-26 23:04:26.618  2920  2920 I ServiceManager: service 'user' died
07-26 23:04:26.618  2920  2920 I ServiceManager: service 'procstats' died
07-26 23:04:26.618  2920  2920 I ServiceManager: service 'package' died
07-26 23:04:26.618  2920  2920 I ServiceManager: service 'activity' died
07-26 23:04:26.618  2920  2920 I ServiceManager: service 'appops' died
07-26 23:04:26.618  2920  2920 I ServiceManager: service 'batterystats' died
07-26 23:04:26.618  2920  2920 I ServiceManager: service 'power' died
07-26 23:04:26.618  2920  2920 I ServiceManager: service 'display' died
07-26 23:04:26.618  2920  2920 I ServiceManager: service 'sensorservice' died
07-26 23:04:27.524  4101  4101 E Zygote  : Exit zygote because system server (4372) has terminated
07-26 23:04:27.561  2920  2920 I ServiceManager: service 'media.radio' died
07-26 23:04:27.561  2920  2920 I ServiceManager: service 'media.sound_trigger_hw' died
07-26 23:04:27.561  2920  2920 I ServiceManager: service 'media.audio_flinger' died
07-26 23:04:27.561  2920  2920 I ServiceManager: service 'media.player' died
07-26 23:04:27.561  2920  2920 I ServiceManager: service 'media.resource_manager' died
07-26 23:04:27.561  2920  2920 I ServiceManager: service 'media.camera' died
07-26 23:04:27.561  2920  2920 I ServiceManager: service 'media.audio_policy' died
07-26 23:04:27.730  4417  4417 I Netd    : Netd 1.0 starting
07-26 23:04:27.731  4417  4417 I QtiConnectivityAdapter: Failed to open libconnctrl, some features may not be present.
07-26 23:04:27.731  4417  4417 D TetherController: Setting IP forward enable = 0
07-26 23:04:27.734  4416  4416 I mediaserver: ServiceManager: 0xf624e120
07-26 23:04:27.734  4416  4416 I AudioFlinger: Using default 3000 mSec as standby time.
07-26 23:04:27.735  4416  4416 E BatteryNotifier: batterystats service unavailable!
07-26 23:04:27.736  4416  4416 E BatteryNotifier: batterystats service unavailable!
07-26 23:04:27.736  4416  4416 I CameraService: CameraService started (pid=4416)
07-26 23:04:27.736  4416  4416 I CameraService: CameraService process starting
07-26 23:04:27.736  4416  4416 E BatteryNotifier: batterystats service unavailable!
07-26 23:04:27.736  4416  4416 E BatteryNotifier: batterystats service unavailable!
07-26 23:04:27.736  4416  4416 E CameraService: Could not load camera HAL module: -2 (No such file or directory)
07-26 23:04:27.737  4416  4416 I AudioPolicyService: AudioPolicyService CSTOR in new mode
07-26 23:04:27.737  4416  4416 I APM::ConfigParsingUtils: loadAudioPolicyConfig() loaded /system/etc/audio_policy.conf
07-26 23:04:27.729  3060  3060 W auditd  : type=1325 audit(0.0:375): table=filter family=2 entries=52
07-26 23:04:27.729  3060  3060 W auditd  : type=1320 audit(0.0:375): 
07-26 23:04:27.739  3060  3060 W auditd  : type=1325 audit(0.0:376): table=filter family=10 entries=55
07-26 23:04:27.739  3060  3060 W auditd  : type=1320 audit(0.0:376): 
07-26 23:04:27.739  3060  3060 W auditd  : type=1325 audit(0.0:377): table=filter family=2 entries=51
07-26 23:04:27.739  3060  3060 W auditd  : type=1320 audit(0.0:377): 
07-26 23:04:27.749  3060  3060 W auditd  : type=1325 audit(0.0:378): table=filter family=10 entries=54
07-26 23:04:27.749  3060  3060 W auditd  : type=1320 audit(0.0:378): 
07-26 23:04:27.749  3060  3060 W auditd  : type=1325 audit(0.0:379): table=filter family=2 entries=50
07-26 23:04:27.749  3060  3060 W auditd  : type=1320 audit(0.0:379): 
07-26 23:04:27.749  3060  3060 W auditd  : type=1325 audit(0.0:380): table=filter family=10 entries=53
07-26 23:04:27.749  3060  3060 W auditd  : type=1320 audit(0.0:380): 
07-26 23:04:27.759  3060  3060 W auditd  : type=1325 audit(0.0:381): table=filter family=2 entries=48
07-26 23:04:27.759  3060  3060 W auditd  : type=1320 audit(0.0:381): 
07-26 23:04:27.759  3060  3060 W auditd  : type=1325 audit(0.0:382): table=filter family=10 entries=51
07-26 23:04:27.759  3060  3060 W auditd  : type=1320 audit(0.0:382): 
07-26 23:04:27.769  3060  3060 W auditd  : type=1325 audit(0.0:383): table=filter family=2 entries=50
07-26 23:04:27.769  3060  3060 W auditd  : type=1320 audit(0.0:383): 
07-26 23:04:27.769  3060  3060 W auditd  : type=1325 audit(0.0:384): table=filter family=10 entries=53
07-26 23:04:27.769  3060  3060 W auditd  : type=1320 audit(0.0:384): 
07-26 23:04:27.798  4415  4415 D AndroidRuntime: >>>>>> START com.android.internal.os.ZygoteInit uid 0 <<<<<<
07-26 23:04:27.801  4415  4415 D AndroidRuntime: CheckJNI is ON
07-26 23:04:27.801  4415  4415 I art     : option[0]=-Xzygote
07-26 23:04:27.801  4415  4415 I art     : option[1]=-Xcheck:jni
07-26 23:04:27.801  4415  4415 I art     : option[2]=-Xstacktracefile:/data/anr/traces.txt
07-26 23:04:27.801  4415  4415 I art     : option[3]=exit
07-26 23:04:27.801  4415  4415 I art     : option[4]=vfprintf
07-26 23:04:27.801  4415  4415 I art     : option[5]=sensitiveThread
07-26 23:04:27.801  4415  4415 I art     : option[6]=-verbose:gc
07-26 23:04:27.801  4415  4415 I art     : option[7]=-Xms8m
07-26 23:04:27.801  4415  4415 I art     : option[8]=-Xmx512m
07-26 23:04:27.801  4415  4415 I art     : option[9]=-XX:HeapGrowthLimit=256m
07-26 23:04:27.801  4415  4415 I art     : option[10]=-XX:HeapMinFree=2m
07-26 23:04:27.801  4415  4415 I art     : option[11]=-XX:HeapMaxFree=8m
07-26 23:04:27.801  4415  4415 I art     : option[12]=-XX:HeapTargetUtilization=0.75
07-26 23:04:27.801  4415  4415 I art     : option[13]=-Xusejit:true
07-26 23:04:27.801  4415  4415 I art     : option[14]=-agentlib:jdwp=transport=dt_android_adb,suspend=n,server=y
07-26 23:04:27.801  4415  4415 I art     : option[15]=-Xlockprofthreshold:500
07-26 23:04:27.801  4415  4415 I art     : option[16]=-Ximage-compiler-option
07-26 23:04:27.801  4415  4415 I art     : option[17]=--runtime-arg
07-26 23:04:27.801  4415  4415 I art     : option[18]=-Ximage-compiler-option
07-26 23:04:27.801  4415  4415 I art     : option[19]=-Xms64m
07-26 23:04:27.801  4415  4415 I art     : option[20]=-Ximage-compiler-option
07-26 23:04:27.801  4415  4415 I art     : option[21]=--runtime-arg
07-26 23:04:27.801  4415  4415 I art     : option[22]=-Ximage-compiler-option
07-26 23:04:27.801  4415  4415 I art     : option[23]=-Xmx64m
07-26 23:04:27.801  4415  4415 I art     : option[24]=-Ximage-compiler-option
07-26 23:04:27.801  4415  4415 I art     : option[25]=--compiler-filter=verify-at-runtime
07-26 23:04:27.801  4415  4415 I art     : option[26]=-Ximage-compiler-option
07-26 23:04:27.801  4415  4415 I art     : option[27]=--image-classes=/system/etc/preloaded-classes
07-26 23:04:27.801  4415  4415 I art     : option[28]=-Xcompiler-option
07-26 23:04:27.801  4415  4415 I art     : option[29]=--runtime-arg
07-26 23:04:27.801  4415  4415 I art     : option[30]=-Xcompiler-option
07-26 23:04:27.801  4415  4415 I art     : option[31]=-Xms64m
07-26 23:04:27.801  4415  4415 I art     : option[32]=-Xcompiler-option
07-26 23:04:27.801  4415  4415 I art     : option[33]=--runtime-arg
07-26 23:04:27.801  4415  4415 I art     : option[34]=-Xcompiler-option
07-26 23:04:27.801  4415  4415 I art     : option[35]=-Xmx512m
07-26 23:04:27.801  4415  4415 I art     : option[36]=-Xcompiler-option
07-26 23:04:27.801  4415  4415 I art     : option[37]=--compiler-filter=verify-at-runtime
07-26 23:04:27.801  4415  4415 I art     : option[38]=-Ximage-compiler-option
07-26 23:04:27.801  4415  4415 I art     : option[39]=--instruction-set-variant=generic
07-26 23:04:27.801  4415  4415 I art     : option[40]=-Xcompiler-option
07-26 23:04:27.801  4415  4415 I art     : option[41]=--instruction-set-variant=generic
07-26 23:04:27.801  4415  4415 I art     : option[42]=-Ximage-compiler-option
07-26 23:04:27.801  4415  4415 I art     : option[43]=--instruction-set-features=default
07-26 23:04:27.801  4415  4415 I art     : option[44]=-Xcompiler-option
07-26 23:04:27.801  4415  4415 I art     : option[45]=--instruction-set-features=default
07-26 23:04:27.801  4415  4415 I art     : option[46]=-Duser.locale=en-US
07-26 23:04:27.801  4415  4415 I art     : option[47]=--cpu-abilist=arm64-v8a,armeabi
07-26 23:04:27.801  4415  4415 I art     : option[48]=-Xfingerprint:samsung/cm_hero2ltexx/hero2ltexx:6.0.1/MOB30M/3b080cd42d:eng/test-keys
07-26 23:04:27.827  4415  4415 D ICU     : No timezone override file found: /data/misc/zoneinfo/current/icu/icu_tzdata.dat
07-26 23:04:27.956  4415  4415 I Radio-JNI: register_android_hardware_Radio DONE
07-26 23:04:28.000  4415  4415 I SamplingProfilerIntegration: Profiling disabled.
07-26 23:04:28.001  4415  4415 D Zygote  : begin preload
07-26 23:04:28.002  4415  4415 I Zygote  : Preloading classes...
07-26 23:04:28.268  4416  4416 E audio_route: Failed to open /system/etc/mixer_paths.xml
07-26 23:04:28.274  4416  4416 I AudioFlinger: loadHwModule() Loaded primary audio interface from Samsung audio HW HAL (audio) handle 1
07-26 23:04:28.274  4416  4416 I AudioFlinger: openOutput(), module 1 Device 2, SamplingRate 44100, Format 0x000001, Channels 3, flags 2
07-26 23:04:28.274  4416  4416 I AudioFlinger: AudioStreamOut::open(), mHalFormatIsLinearPcm = 1
07-26 23:04:28.274  4416  4416 I AudioFlinger: HAL output buffer size 256 frames, normal sink buffer size 960 frames
07-26 23:04:28.276  4416  4416 I BufferProvider: found effect "Multichannel Downmix To Stereo" from The Android Open Source Project
07-26 23:04:28.276  4416  4416 E MonoPipe: Failed to fetch local time frequency when constructing a MonoPipe (res = -32).  getNextWriteTimestamp calls will be non-functional
07-26 23:04:28.276  4416  4416 I AudioFlinger: Using module 1 has the primary audio interface
07-26 23:04:28.277  4416  4546 I AudioFlinger: AudioFlinger's thread 0xf4700000 ready to run
07-26 23:04:28.277  4416  4546 V audio_hw_primary: do_out_standby: output standby: 1
07-26 23:04:28.277  4416  4546 V audio_hw_primary: out_set_parameters: key value pairs: routing=2
07-26 23:04:28.277  4416  4546 E AudioFlinger: no wake lock to update!
07-26 23:04:28.279  4416  4416 V audio_hw_primary: adev_open_input_stream: Created resampler converting 48000 -> 16000
07-26 23:04:28.279  4416  4416 V audio_hw_primary: adev_open_input_stream: Requesting input stream with rate: 16000, channels: 0xc
07-26 23:04:28.279  4416  4547 I AudioFlinger: AudioFlinger's thread 0xf4340000 ready to run
07-26 23:04:28.280  4416  4416 I r_submix: adev_open(name=audio_hw_if)
07-26 23:04:28.280  4416  4416 I r_submix: adev_init_check()
07-26 23:04:28.280  4416  4416 I AudioFlinger: loadHwModule() Loaded r_submix audio interface from Wifi Display audio HAL (audio) handle 4
07-26 23:04:28.280  4416  4416 D r_submix: adev_open_input_stream(addr=0)
07-26 23:04:28.280  4416  4416 D r_submix: submix_audio_device_create_pipe_l(addr=0, idx=9)
07-26 23:04:28.280  4416  4416 D r_submix:   now using address 0 for route 9
07-26 23:04:28.280  4416  4548 I AudioFlinger: AudioFlinger's thread 0xf4340000 ready to run
07-26 23:04:28.280  4416  4416 D r_submix: adev_close_input_stream()
07-26 23:04:28.280  4416  4416 D r_submix: submix_audio_device_release_pipe_l(idx=9) addr=0
07-26 23:04:28.280  4416  4416 D r_submix: submix_audio_device_destroy_pipe_l(): pipe destroyed
07-26 23:04:28.281  4416  4416 E SoundTriggerHwService: couldn't load sound trigger module sound_trigger.primary (No such file or directory)
07-26 23:04:28.281  4416  4416 I RadioService: RadioService
07-26 23:04:28.281  4416  4416 I RadioService: onFirstRef
07-26 23:04:28.281  4416  4416 E RadioService: couldn't load radio module radio.primary (No such file or directory)
07-26 23:04:28.356  4415  4415 E Minikin : addFont failed to create font /system/fonts/NanumGothic.ttf
07-26 23:04:28.356  4415  4415 E Minikin : addFont failed to create font /system/fonts/DroidSansFallback.ttf
07-26 23:04:28.356  4415  4415 E Minikin : addFont failed to create font /system/fonts/MTLmr3m.ttf
07-26 23:04:28.439  4415  4415 V DngCreator_JNI: DngCreator_nativeClassInit:
07-26 23:04:28.588  4417  4417 V NatController: runCmd(/system/bin/iptables -w -F natctrl_FORWARD) res=0
07-26 23:04:28.593  4417  4417 V NatController: runCmd(/system/bin/iptables -w -A natctrl_FORWARD -j DROP) res=0
07-26 23:04:28.599  4417  4417 V NatController: runCmd(/system/bin/iptables -w -t nat -F natctrl_nat_POSTROUTING) res=0
07-26 23:04:28.604  4417  4417 V NatController: runCmd(/system/bin/iptables -w -F natctrl_tether_counters) res=0
07-26 23:04:28.609  4417  4417 V NatController: runCmd(/system/bin/iptables -w -X natctrl_tether_counters) res=0
07-26 23:04:28.613  4417  4417 V NatController: runCmd(/system/bin/iptables -w -N natctrl_tether_counters) res=0
07-26 23:04:28.618  4417  4417 V NatController: runCmd(/system/bin/iptables -w -t mangle -A natctrl_mangle_FORWARD -p tcp --tcp-flags SYN SYN -j TCPMSS --clamp-mss-to-pmtu) res=0
07-26 23:04:28.739  3060  3060 W auditd  : type=1325 audit(0.0:585): table=filter family=2 entries=47
07-26 23:04:28.739  3060  3060 W auditd  : type=1320 audit(0.0:585): 
07-26 23:04:28.739  3060  3060 W auditd  : type=1325 audit(0.0:586): table=filter family=10 entries=50
07-26 23:04:28.739  3060  3060 W auditd  : type=1320 audit(0.0:586): 
07-26 23:04:28.759  3060  3060 W auditd  : type=1325 audit(0.0:587): table=filter family=2 entries=49
07-26 23:04:28.759  3060  3060 W auditd  : type=1320 audit(0.0:587): 
07-26 23:04:28.759  3060  3060 W auditd  : type=1325 audit(0.0:588): table=filter family=10 entries=52
07-26 23:04:28.759  3060  3060 W auditd  : type=1320 audit(0.0:588): 
07-26 23:04:28.759  3060  3060 W auditd  : type=1325 audit(0.0:589): table=filter family=2 entries=49
07-26 23:04:28.759  3060  3060 W auditd  : type=1320 audit(0.0:589): 
07-26 23:04:28.769  3060  3060 W auditd  : type=1325 audit(0.0:590): table=filter family=10 entries=52
07-26 23:04:28.769  3060  3060 W auditd  : type=1320 audit(0.0:590): 
07-26 23:04:28.769  3060  3060 W auditd  : type=1325 audit(0.0:591): table=filter family=2 entries=49
07-26 23:04:28.769  3060  3060 W auditd  : type=1320 audit(0.0:591): 
07-26 23:04:28.779  3060  3060 W auditd  : type=1325 audit(0.0:592): table=filter family=10 entries=52
07-26 23:04:28.779  3060  3060 W auditd  : type=1320 audit(0.0:592): 
07-26 23:04:28.779  3060  3060 W auditd  : type=1325 audit(0.0:593): table=filter family=2 entries=49
07-26 23:04:28.779  3060  3060 W auditd  : type=1320 audit(0.0:593): 
07-26 23:04:28.789  3060  3060 W auditd  : type=1325 audit(0.0:594): table=filter family=10 entries=52
07-26 23:04:28.789  3060  3060 W auditd  : type=1320 audit(0.0:594): 
07-26 23:04:28.885  4417  4417 E Netd    : cannot find interface dummy0
07-26 23:04:28.888  4417  4417 D MDnsDS  : MDnsSdListener::Hander starting up
07-26 23:04:28.889  4417  4681 D MDnsDS  : MDnsSdListener starting to monitor
07-26 23:04:28.889  4417  4681 D MDnsDS  : Going to poll with pollCount 1
07-26 23:04:29.016  4415  4415 I art     : Thread[1,tid=4415,Native,Thread*=0x7f9903ba00,peer=0x12c532e0,"main"] recursive attempt to load library "/system/lib64/libmedia_jni.so"
07-26 23:04:29.016  4415  4415 D MtpDeviceJNI: register_android_mtp_MtpDevice
07-26 23:04:29.016  4415  4415 I art     : Thread[1,tid=4415,Native,Thread*=0x7f9903ba00,peer=0x12c532e0,"main"] recursive attempt to load library "/system/lib64/libmedia_jni.so"
07-26 23:04:29.017  4415  4415 I art     : Thread[1,tid=4415,Native,Thread*=0x7f9903ba00,peer=0x12c532e0,"main"] recursive attempt to load library "/system/lib64/libmedia_jni.so"
07-26 23:04:29.459  4415  4415 W System  : ClassLoader referenced unknown path: /system/framework/tcmclient.jar
07-26 23:04:29.751  4415  4415 I System  : Loaded time zone names for "" in 18ms (16ms in ICU)
07-26 23:04:29.784  4415  4415 I System  : Loaded time zone names for "en_US" in 33ms (11ms in ICU)
07-26 23:04:29.938  4415  4415 I Zygote  : ...preloaded 3831 classes in 1936ms.
07-26 23:04:29.938  4415  4415 I art     : VMRuntime.preloadDexCaches starting
07-26 23:04:29.968  4415  4415 I art     : VMRuntime.preloadDexCaches strings total=248969 before=10083 after=10083
07-26 23:04:29.968  4415  4415 I art     : VMRuntime.preloadDexCaches types total=20332 before=8245 after=9836
07-26 23:04:29.968  4415  4415 I art     : VMRuntime.preloadDexCaches fields total=100378 before=35761 after=47726
07-26 23:04:29.968  4415  4415 I art     : VMRuntime.preloadDexCaches methods total=172817 before=67604 after=83308
07-26 23:04:29.968  4415  4415 I art     : VMRuntime.preloadDexCaches finished
07-26 23:04:29.979  4685  4685 D idmap   : error: no read access to /vendor/overlay: No such file or directory
07-26 23:04:29.982  4415  4415 I Zygote  : Preloading resources...
07-26 23:04:30.324  4415  4415 I Zygote  : ...preloaded 342 resources in 342ms.
07-26 23:04:30.333  4415  4415 I Zygote  : ...preloaded 41 resources in 9ms.
07-26 23:04:30.339  4415  4415 D libEGL  : loaded /vendor/lib64/egl/libGLES_mali.so
07-26 23:04:30.345  4415  4415 I Zygote  : Preloading shared libraries...
07-26 23:04:30.351  4415  4415 D Zygote  : end preload
07-26 23:04:30.351  4415  4415 I art     : Starting a blocking GC Explicit
07-26 23:04:30.361  4415  4415 I art     : Explicit concurrent mark sweep GC freed 11476(463KB) AllocSpace objects, 0(0B) LOS objects, 35% free, 29MB/45MB, paused 46us total 9.971ms
07-26 23:04:30.366  4415  4415 I art     : Starting a blocking GC Explicit
07-26 23:04:30.375  4415  4415 I art     : Explicit concurrent mark sweep GC freed 2309(109KB) AllocSpace objects, 0(0B) LOS objects, 35% free, 28MB/44MB, paused 45us total 8.838ms
07-26 23:04:30.376  4415  4453 I art     : Starting a blocking GC HeapTrim
07-26 23:04:30.377  4415  4415 I art     : Starting a blocking GC Background
07-26 23:04:30.425  4415  4415 I Zygote  : System server process 4686 has been created
07-26 23:04:30.426  4415  4415 I Zygote  : Accepting command socket connections
07-26 23:04:30.441  4686  4686 I Zygote  : Process: zygote socket opened, supported ABIS: armeabi-v7a,armeabi
07-26 23:04:30.442  4686  4686 I InstallerConnection: connecting...
07-26 23:04:30.442  2939  2939 I installd: new connection
