09-01 00:56:15.689  3711  3711 I dex2oat : /system/bin/dex2oat --compiler-filter=verify-at-runtime
09-01 00:56:15.708  3711  3711 I dex2oat : dex2oat took 19.107ms (threads: 8) arena alloc=1008B java alloc=41KB native alloc=971KB free=820KB
09-01 00:56:15.710  3096  3115 E         : invalid gralloc handle (at 0x7f90d69300)
09-01 00:56:15.710  3096  3115 E         : Runtime and build version of gralloc private structure does not match. Errors will likely follow.
09-01 00:56:15.718  2933  2933 E         : invalid gralloc handle (at 0x7f89d96540)
09-01 00:56:15.718  2933  2933 E         : Runtime and build version of gralloc private structure does not match. Errors will likely follow.
09-01 00:56:15.722  2933  2933 D gralloc : fb_post E
09-01 00:56:15.722  2933  2933 D gralloc : fb_post format=0x5
09-01 00:56:15.727  3720  3720 I dex2oat : /system/bin/dex2oat --compiler-filter=verify-at-runtime
09-01 00:56:15.744  3096  3115 E         : invalid gralloc handle (at 0x7f90d69380)
09-01 00:56:15.744  3096  3115 E         : Runtime and build version of gralloc private structure does not match. Errors will likely follow.
09-01 00:56:15.752  3720  3720 I dex2oat : dex2oat took 25.114ms (threads: 8) arena alloc=512B java alloc=192KB native alloc=969KB free=1334KB
09-01 00:56:15.752  2933  2933 E         : invalid gralloc handle (at 0x7f89d964d0)
09-01 00:56:15.752  2933  2933 E         : Runtime and build version of gralloc private structure does not match. Errors will likely follow.
09-01 00:56:15.756  2933  2933 D gralloc : fb_post E
09-01 00:56:15.756  2933  2933 D gralloc : fb_post format=0x5
09-01 00:56:15.771  3729  3729 I dex2oat : /system/bin/dex2oat --compiler-filter=verify-at-runtime
09-01 00:56:15.777  3096  3115 E         : invalid gralloc handle (at 0x7f90d69300)
09-01 00:56:15.777  3096  3115 E         : Runtime and build version of gralloc private structure does not match. Errors will likely follow.
09-01 00:56:15.786  2933  2933 E         : invalid gralloc handle (at 0x7f89d96460)
09-01 00:56:15.786  2933  2933 E         : Runtime and build version of gralloc private structure does not match. Errors will likely follow.
09-01 00:56:15.790  2933  2933 D gralloc : fb_post E
09-01 00:56:15.790  2933  2933 D gralloc : fb_post format=0x5
09-01 00:56:15.791  3729  3729 I dex2oat : dex2oat took 19.538ms (threads: 8) arena alloc=128B java alloc=91KB native alloc=932KB free=1115KB
09-01 00:56:15.809  3738  3738 I dex2oat : /system/bin/dex2oat --compiler-filter=verify-at-runtime
09-01 00:56:15.811  3096  3115 E         : invalid gralloc handle (at 0x7f90d69380)
09-01 00:56:15.811  3096  3115 E         : Runtime and build version of gralloc private structure does not match. Errors will likely follow.
09-01 00:56:15.820  2933  2933 E         : invalid gralloc handle (at 0x7f89d963f0)
09-01 00:56:15.820  2933  2933 E         : Runtime and build version of gralloc private structure does not match. Errors will likely follow.
09-01 00:56:15.824  2933  2933 D gralloc : fb_post E
09-01 00:56:15.824  2933  2933 D gralloc : fb_post format=0x5
09-01 00:56:15.827  3738  3738 I dex2oat : dex2oat took 17.785ms (threads: 8) arena alloc=0B java alloc=21KB native alloc=784KB free=751KB
09-01 00:56:15.844  3096  3115 E         : invalid gralloc handle (at 0x7f90d69300)
09-01 00:56:15.844  3096  3115 E         : Runtime and build version of gralloc private structure does not match. Errors will likely follow.
09-01 00:56:15.846  3747  3747 I dex2oat : /system/bin/dex2oat --compiler-filter=verify-at-runtime
09-01 00:56:15.854  2933  2933 E         : invalid gralloc handle (at 0x7f89d965b0)
09-01 00:56:15.854  2933  2933 E         : Runtime and build version of gralloc private structure does not match. Errors will likely follow.
09-01 00:56:15.858  2933  2933 D gralloc : fb_post E
09-01 00:56:15.858  2933  2933 D gralloc : fb_post format=0x5
09-01 00:56:15.878  3096  3115 E         : invalid gralloc handle (at 0x7f90d69380)
09-01 00:56:15.878  3096  3115 E         : Runtime and build version of gralloc private structure does not match. Errors will likely follow.
09-01 00:56:15.888  2933  2933 E         : invalid gralloc handle (at 0x7f89d96540)
09-01 00:56:15.888  2933  2933 E         : Runtime and build version of gralloc private structure does not match. Errors will likely follow.
09-01 00:56:15.892  2933  2933 D gralloc : fb_post E
09-01 00:56:15.892  2933  2933 D gralloc : fb_post format=0x5
09-01 00:56:15.898  3747  3747 I dex2oat : dex2oat took 52.622ms (threads: 8) arena alloc=128B java alloc=550KB native alloc=899KB free=1916KB
09-01 00:56:15.911  3096  3115 E         : invalid gralloc handle (at 0x7f90d69300)
09-01 00:56:15.911  3096  3115 E         : Runtime and build version of gralloc private structure does not match. Errors will likely follow.
09-01 00:56:15.917  3756  3756 I dex2oat : /system/bin/dex2oat --compiler-filter=verify-at-runtime
09-01 00:56:15.922  2933  2933 E         : invalid gralloc handle (at 0x7f89d964d0)
09-01 00:56:15.922  2933  2933 E         : Runtime and build version of gralloc private structure does not match. Errors will likely follow.
09-01 00:56:15.926  2933  2933 D gralloc : fb_post E
09-01 00:56:15.926  2933  2933 D gralloc : fb_post format=0x5
09-01 00:56:15.935  3756  3756 I dex2oat : dex2oat took 18.305ms (threads: 8) arena alloc=0B java alloc=21KB native alloc=780KB free=755KB
09-01 00:56:15.945  3096  3115 E         : invalid gralloc handle (at 0x7f90d69380)
09-01 00:56:15.945  3096  3115 E         : Runtime and build version of gralloc private structure does not match. Errors will likely follow.
09-01 00:56:15.953  3765  3765 I dex2oat : /system/bin/dex2oat --compiler-filter=verify-at-runtime
09-01 00:56:15.956  2933  2933 E         : invalid gralloc handle (at 0x7f89d96460)
09-01 00:56:15.956  2933  2933 E         : Runtime and build version of gralloc private structure does not match. Errors will likely follow.
09-01 00:56:15.960  2933  2933 D gralloc : fb_post E
09-01 00:56:15.960  2933  2933 D gralloc : fb_post format=0x5
09-01 00:56:15.971  3765  3765 I dex2oat : dex2oat took 18.144ms (threads: 8) arena alloc=0B java alloc=68KB native alloc=783KB free=1008KB
09-01 00:56:15.978  3096  3115 E         : invalid gralloc handle (at 0x7f90d69300)
09-01 00:56:15.978  3096  3115 E         : Runtime and build version of gralloc private structure does not match. Errors will likely follow.
09-01 00:56:15.989  3774  3774 I dex2oat : /system/bin/dex2oat --compiler-filter=verify-at-runtime
09-01 00:56:15.990  2933  2933 E         : invalid gralloc handle (at 0x7f89d963f0)
09-01 00:56:15.990  2933  2933 E         : Runtime and build version of gralloc private structure does not match. Errors will likely follow.
09-01 00:56:15.994  2933  2933 D gralloc : fb_post E
09-01 00:56:15.994  2933  2933 D gralloc : fb_post format=0x5
09-01 00:56:16.007  3774  3774 I dex2oat : dex2oat took 18.631ms (threads: 8) arena alloc=0B java alloc=25KB native alloc=783KB free=752KB
09-01 00:56:16.012  3096  3115 E         : invalid gralloc handle (at 0x7f90d69380)
09-01 00:56:16.012  3096  3115 E         : Runtime and build version of gralloc private structure does not match. Errors will likely follow.
09-01 00:56:16.023  2933  2933 E         : invalid gralloc handle (at 0x7f89d965b0)
09-01 00:56:16.023  2933  2933 E         : Runtime and build version of gralloc private structure does not match. Errors will likely follow.
09-01 00:56:16.026  3783  3783 I dex2oat : /system/bin/dex2oat --compiler-filter=verify-at-runtime
09-01 00:56:16.027  2933  2933 D gralloc : fb_post E
09-01 00:56:16.027  2933  2933 D gralloc : fb_post format=0x5
09-01 00:56:16.045  3096  3115 E         : invalid gralloc handle (at 0x7f90d69300)
09-01 00:56:16.045  3096  3115 E         : Runtime and build version of gralloc private structure does not match. Errors will likely follow.
09-01 00:56:16.057  2933  2933 E         : invalid gralloc handle (at 0x7f89d96540)
09-01 00:56:16.057  2933  2933 E         : Runtime and build version of gralloc private structure does not match. Errors will likely follow.
09-01 00:56:16.061  2933  2933 D gralloc : fb_post E
09-01 00:56:16.061  2933  2933 D gralloc : fb_post format=0x5
09-01 00:56:16.079  3096  3115 E         : invalid gralloc handle (at 0x7f90d69380)
09-01 00:56:16.079  3096  3115 E         : Runtime and build version of gralloc private structure does not match. Errors will likely follow.
09-01 00:56:16.085  3783  3783 I dex2oat : dex2oat took 58.883ms (threads: 8) arena alloc=128B java alloc=557KB native alloc=898KB free=1917KB
09-01 00:56:16.091  2933  2933 E         : invalid gralloc handle (at 0x7f89d964d0)
09-01 00:56:16.091  2933  2933 E         : Runtime and build version of gralloc private structure does not match. Errors will likely follow.
09-01 00:56:16.095  2933  2933 D gralloc : fb_post E
09-01 00:56:16.095  2933  2933 D gralloc : fb_post format=0x5
09-01 00:56:16.104  3792  3792 I dex2oat : /system/bin/dex2oat --compiler-filter=verify-at-runtime
09-01 00:56:16.112  3096  3115 E         : invalid gralloc handle (at 0x7f90d69300)
09-01 00:56:16.112  3096  3115 E         : Runtime and build version of gralloc private structure does not match. Errors will likely follow.
09-01 00:56:16.125  2933  2933 E         : invalid gralloc handle (at 0x7f89d96460)
09-01 00:56:16.125  2933  2933 E         : Runtime and build version of gralloc private structure does not match. Errors will likely follow.
09-01 00:56:16.129  2933  2933 D gralloc : fb_post E
09-01 00:56:16.129  2933  2933 D gralloc : fb_post format=0x5
09-01 00:56:16.129  3792  3792 I dex2oat : dex2oat took 24.964ms (threads: 8) arena alloc=512B java alloc=183KB native alloc=915KB free=1132KB
09-01 00:56:16.146  3096  3115 E         : invalid gralloc handle (at 0x7f90d69380)
09-01 00:56:16.146  3096  3115 E         : Runtime and build version of gralloc private structure does not match. Errors will likely follow.
09-01 00:56:16.148  3801  3801 I dex2oat : /system/bin/dex2oat --compiler-filter=verify-at-runtime
09-01 00:56:16.159  2933  2933 E         : invalid gralloc handle (at 0x7f89d963f0)
09-01 00:56:16.159  2933  2933 E         : Runtime and build version of gralloc private structure does not match. Errors will likely follow.
09-01 00:56:16.163  2933  2933 D gralloc : fb_post E
09-01 00:56:16.163  2933  2933 D gralloc : fb_post format=0x5
09-01 00:56:16.166  3801  3801 I dex2oat : dex2oat took 18.177ms (threads: 8) arena alloc=0B java alloc=21KB native alloc=780KB free=755KB
09-01 00:56:16.179  3096  3115 E         : invalid gralloc handle (at 0x7f90d69300)
09-01 00:56:16.179  3096  3115 E         : Runtime and build version of gralloc private structure does not match. Errors will likely follow.
09-01 00:56:16.183  3810  3810 I dex2oat : /system/bin/dex2oat --compiler-filter=verify-at-runtime
09-01 00:56:16.193  2933  2933 E         : invalid gralloc handle (at 0x7f89d965b0)
09-01 00:56:16.193  2933  2933 E         : Runtime and build version of gralloc private structure does not match. Errors will likely follow.
09-01 00:56:16.197  2933  2933 D gralloc : fb_post E
09-01 00:56:16.197  2933  2933 D gralloc : fb_post format=0x5
09-01 00:56:16.205  3810  3810 I dex2oat : dex2oat took 21.272ms (threads: 8) arena alloc=224B java alloc=70KB native alloc=941KB free=1106KB
09-01 00:56:16.213  3096  3115 E         : invalid gralloc handle (at 0x7f90d69380)
09-01 00:56:16.213  3096  3115 E         : Runtime and build version of gralloc private structure does not match. Errors will likely follow.
09-01 00:56:16.223  3819  3819 I dex2oat : /system/bin/dex2oat --compiler-filter=verify-at-runtime
09-01 00:56:16.227  2933  2933 E         : invalid gralloc handle (at 0x7f89d96540)
09-01 00:56:16.227  2933  2933 E         : Runtime and build version of gralloc private structure does not match. Errors will likely follow.
09-01 00:56:16.231  2933  2933 D gralloc : fb_post E
09-01 00:56:16.231  2933  2933 D gralloc : fb_post format=0x5
09-01 00:56:16.241  3819  3819 I dex2oat : dex2oat took 18.456ms (threads: 8) arena alloc=0B java alloc=19KB native alloc=784KB free=751KB
09-01 00:56:16.246  3096  3115 E         : invalid gralloc handle (at 0x7f90d69300)
09-01 00:56:16.246  3096  3115 E         : Runtime and build version of gralloc private structure does not match. Errors will likely follow.
09-01 00:56:16.259  3828  3828 I dex2oat : /system/bin/dex2oat --compiler-filter=verify-at-runtime
09-01 00:56:16.261  2933  2933 E         : invalid gralloc handle (at 0x7f89d964d0)
09-01 00:56:16.261  2933  2933 E         : Runtime and build version of gralloc private structure does not match. Errors will likely follow.
09-01 00:56:16.265  2933  2933 D gralloc : fb_post E
09-01 00:56:16.265  2933  2933 D gralloc : fb_post format=0x5
09-01 00:56:16.277  3828  3828 I dex2oat : dex2oat took 18.239ms (threads: 8) arena alloc=0B java alloc=40KB native alloc=819KB free=972KB
09-01 00:56:16.280  3096  3115 E         : invalid gralloc handle (at 0x7f90d69380)
09-01 00:56:16.280  3096  3115 E         : Runtime and build version of gralloc private structure does not match. Errors will likely follow.
09-01 00:56:16.294  2933  2933 E         : invalid gralloc handle (at 0x7f89d96460)
09-01 00:56:16.295  2933  2933 E         : Runtime and build version of gralloc private structure does not match. Errors will likely follow.
09-01 00:56:16.295  3837  3837 I dex2oat : /system/bin/dex2oat --compiler-filter=verify-at-runtime
09-01 00:56:16.299  2933  2933 D gralloc : fb_post E
09-01 00:56:16.299  2933  2933 D gralloc : fb_post format=0x5
09-01 00:56:16.313  3096  3115 E         : invalid gralloc handle (at 0x7f90d69300)
09-01 00:56:16.313  3096  3115 E         : Runtime and build version of gralloc private structure does not match. Errors will likely follow.
09-01 00:56:16.315  3837  3837 I dex2oat : dex2oat took 19.327ms (threads: 8) arena alloc=432B java alloc=25KB native alloc=912KB free=879KB
09-01 00:56:16.328  2933  2933 E         : invalid gralloc handle (at 0x7f89d963f0)
09-01 00:56:16.328  2933  2933 E         : Runtime and build version of gralloc private structure does not match. Errors will likely follow.
09-01 00:56:16.332  2933  2933 D gralloc : fb_post E
09-01 00:56:16.332  2933  2933 D gralloc : fb_post format=0x5
09-01 00:56:16.333  3846  3846 I dex2oat : /system/bin/dex2oat --compiler-filter=verify-at-runtime
09-01 00:56:16.347  3096  3115 E         : invalid gralloc handle (at 0x7f90d69380)
09-01 00:56:16.347  3096  3115 E         : Runtime and build version of gralloc private structure does not match. Errors will likely follow.
09-01 00:56:16.349  3846  3846 I dex2oat : dex2oat took 15.695ms (threads: 8) arena alloc=0B java alloc=25KB native alloc=813KB free=722KB
09-01 00:56:16.362  2933  2933 E         : invalid gralloc handle (at 0x7f89d965b0)
09-01 00:56:16.362  2933  2933 E         : Runtime and build version of gralloc private structure does not match. Errors will likely follow.
09-01 00:56:16.367  2933  2933 D gralloc : fb_post E
09-01 00:56:16.367  2933  2933 D gralloc : fb_post format=0x5
09-01 00:56:16.367  3855  3855 I dex2oat : /system/bin/dex2oat --compiler-filter=verify-at-runtime
09-01 00:56:16.380  3096  3115 E         : invalid gralloc handle (at 0x7f90d69300)
09-01 00:56:16.380  3096  3115 E         : Runtime and build version of gralloc private structure does not match. Errors will likely follow.
09-01 00:56:16.386  3855  3855 I dex2oat : dex2oat took 19.038ms (threads: 8) arena alloc=0B java alloc=53KB native alloc=784KB free=751KB
09-01 00:56:16.396  2933  2933 E         : invalid gralloc handle (at 0x7f89d96540)
09-01 00:56:16.396  2933  2933 E         : Runtime and build version of gralloc private structure does not match. Errors will likely follow.
09-01 00:56:16.400  2933  2933 D gralloc : fb_post E
09-01 00:56:16.400  2933  2933 D gralloc : fb_post format=0x5
09-01 00:56:16.404  3864  3864 I dex2oat : /system/bin/dex2oat --compiler-filter=verify-at-runtime
09-01 00:56:16.414  3096  3115 E         : invalid gralloc handle (at 0x7f90d69380)
09-01 00:56:16.414  3096  3115 E         : Runtime and build version of gralloc private structure does not match. Errors will likely follow.
09-01 00:56:16.422  3864  3864 I dex2oat : dex2oat took 17.925ms (threads: 8) arena alloc=0B java alloc=22KB native alloc=818KB free=973KB
09-01 00:56:16.430  2933  2933 E         : invalid gralloc handle (at 0x7f89d964d0)
09-01 00:56:16.430  2933  2933 E         : Runtime and build version of gralloc private structure does not match. Errors will likely follow.
09-01 00:56:16.434  2933  2933 D gralloc : fb_post E
09-01 00:56:16.434  2933  2933 D gralloc : fb_post format=0x5
09-01 00:56:16.440  3873  3873 I dex2oat : /system/bin/dex2oat --compiler-filter=verify-at-runtime
09-01 00:56:16.447  3096  3115 E         : invalid gralloc handle (at 0x7f90d69300)
09-01 00:56:16.447  3096  3115 E         : Runtime and build version of gralloc private structure does not match. Errors will likely follow.
09-01 00:56:16.459  3873  3873 I dex2oat : dex2oat took 19.083ms (threads: 8) arena alloc=0B java alloc=41KB native alloc=864KB free=927KB
09-01 00:56:16.464  2933  2933 E         : invalid gralloc handle (at 0x7f89d96460)
09-01 00:56:16.464  2933  2933 E         : Runtime and build version of gralloc private structure does not match. Errors will likely follow.
09-01 00:56:16.468  2933  2933 D gralloc : fb_post E
09-01 00:56:16.468  2933  2933 D gralloc : fb_post format=0x5
09-01 00:56:16.477  3882  3882 I dex2oat : /system/bin/dex2oat --compiler-filter=verify-at-runtime
09-01 00:56:16.481  3096  3115 E         : invalid gralloc handle (at 0x7f90d69380)
09-01 00:56:16.481  3096  3115 E         : Runtime and build version of gralloc private structure does not match. Errors will likely follow.
09-01 00:56:16.495  3882  3882 I dex2oat : dex2oat took 18.533ms (threads: 8) arena alloc=0B java alloc=25KB native alloc=818KB free=717KB
09-01 00:56:16.498  2933  2933 E         : invalid gralloc handle (at 0x7f89d963f0)
09-01 00:56:16.498  2933  2933 E         : Runtime and build version of gralloc private structure does not match. Errors will likely follow.
09-01 00:56:16.502  2933  2933 D gralloc : fb_post E
09-01 00:56:16.502  2933  2933 D gralloc : fb_post format=0x5
09-01 00:56:16.513  3891  3891 I dex2oat : /system/bin/dex2oat --compiler-filter=verify-at-runtime
09-01 00:56:16.514  3096  3115 E         : invalid gralloc handle (at 0x7f90d69300)
09-01 00:56:16.514  3096  3115 E         : Runtime and build version of gralloc private structure does not match. Errors will likely follow.
09-01 00:56:16.529  3891  3891 I dex2oat : dex2oat took 15.759ms (threads: 8) arena alloc=0B java alloc=20KB native alloc=784KB free=1007KB
09-01 00:56:16.532  2933  2933 E         : invalid gralloc handle (at 0x7f89d965b0)
09-01 00:56:16.532  2933  2933 E         : Runtime and build version of gralloc private structure does not match. Errors will likely follow.
09-01 00:56:16.536  2933  2933 D gralloc : fb_post E
09-01 00:56:16.536  2933  2933 D gralloc : fb_post format=0x5
09-01 00:56:16.547  3900  3900 I dex2oat : /system/bin/dex2oat --compiler-filter=verify-at-runtime
09-01 00:56:16.548  3096  3115 E         : invalid gralloc handle (at 0x7f90d69380)
09-01 00:56:16.548  3096  3115 E         : Runtime and build version of gralloc private structure does not match. Errors will likely follow.
09-01 00:56:16.566  2933  2933 E         : invalid gralloc handle (at 0x7f89d96540)
09-01 00:56:16.566  2933  2933 E         : Runtime and build version of gralloc private structure does not match. Errors will likely follow.
09-01 00:56:16.570  2933  2933 D gralloc : fb_post E
09-01 00:56:16.570  2933  2933 D gralloc : fb_post format=0x5
09-01 00:56:16.571  3900  3900 I dex2oat : dex2oat took 24.725ms (threads: 8) arena alloc=1200B java alloc=37KB native alloc=972KB free=819KB
09-01 00:56:16.581  3096  3115 E         : invalid gralloc handle (at 0x7f90d69300)
09-01 00:56:16.581  3096  3115 E         : Runtime and build version of gralloc private structure does not match. Errors will likely follow.
09-01 00:56:16.589  3909  3909 I dex2oat : /system/bin/dex2oat --compiler-filter=verify-at-runtime
09-01 00:56:16.600  2933  2933 E         : invalid gralloc handle (at 0x7f89d964d0)
09-01 00:56:16.600  2933  2933 E         : Runtime and build version of gralloc private structure does not match. Errors will likely follow.
09-01 00:56:16.604  2933  2933 D gralloc : fb_post E
09-01 00:56:16.604  2933  2933 D gralloc : fb_post format=0x5
09-01 00:56:16.614  3909  3909 I dex2oat : dex2oat took 24.962ms (threads: 8) arena alloc=608B java alloc=213KB native alloc=968KB free=1079KB
09-01 00:56:16.615  3096  3115 E         : invalid gralloc handle (at 0x7f90d69380)
09-01 00:56:16.615  3096  3115 E         : Runtime and build version of gralloc private structure does not match. Errors will likely follow.
09-01 00:56:16.632  3918  3918 I dex2oat : /system/bin/dex2oat --compiler-filter=verify-at-runtime
09-01 00:56:16.633  2933  2933 E         : invalid gralloc handle (at 0x7f89d96460)
09-01 00:56:16.633  2933  2933 E         : Runtime and build version of gralloc private structure does not match. Errors will likely follow.
09-01 00:56:16.637  2933  2933 D gralloc : fb_post E
09-01 00:56:16.637  2933  2933 D gralloc : fb_post format=0x5
09-01 00:56:16.648  3096  3115 E         : invalid gralloc handle (at 0x7f90d69300)
09-01 00:56:16.648  3096  3115 E         : Runtime and build version of gralloc private structure does not match. Errors will likely follow.
09-01 00:56:16.650  3918  3918 I dex2oat : dex2oat took 17.375ms (threads: 8) arena alloc=144B java alloc=77KB native alloc=937KB free=854KB
09-01 00:56:16.667  2933  2933 E         : invalid gralloc handle (at 0x7f89d963f0)
09-01 00:56:16.667  2933  2933 E         : Runtime and build version of gralloc private structure does not match. Errors will likely follow.
09-01 00:56:16.668  3927  3927 I dex2oat : /system/bin/dex2oat --compiler-filter=verify-at-runtime
09-01 00:56:16.671  2933  2933 D gralloc : fb_post E
09-01 00:56:16.672  2933  2933 D gralloc : fb_post format=0x5
09-01 00:56:16.681  3096  3115 E         : invalid gralloc handle (at 0x7f90d69380)
09-01 00:56:16.681  3096  3115 E         : Runtime and build version of gralloc private structure does not match. Errors will likely follow.
09-01 00:56:16.685  2933  2933 E         : invalid gralloc handle (at 0x7f89d965b0)
09-01 00:56:16.685  2933  2933 E         : Runtime and build version of gralloc private structure does not match. Errors will likely follow.
09-01 00:56:16.686  3927  3927 I dex2oat : dex2oat took 18.454ms (threads: 8) arena alloc=0B java alloc=26KB native alloc=784KB free=1007KB
09-01 00:56:16.689  2933  2933 D gralloc : fb_post E
09-01 00:56:16.689  2933  2933 D gralloc : fb_post format=0x5
09-01 00:56:16.704  3937  3937 I dex2oat : /system/bin/dex2oat --compiler-filter=verify-at-runtime
09-01 00:56:16.715  3096  3115 E         : invalid gralloc handle (at 0x7f90d69300)
09-01 00:56:16.715  3096  3115 E         : Runtime and build version of gralloc private structure does not match. Errors will likely follow.
09-01 00:56:16.718  2933  2933 E         : invalid gralloc handle (at 0x7f89d96540)
09-01 00:56:16.718  2933  2933 E         : Runtime and build version of gralloc private structure does not match. Errors will likely follow.
09-01 00:56:16.722  2933  2933 D gralloc : fb_post E
09-01 00:56:16.722  2933  2933 D gralloc : fb_post format=0x5
09-01 00:56:16.748  3096  3115 E         : invalid gralloc handle (at 0x7f90d69380)
09-01 00:56:16.749  3096  3115 E         : Runtime and build version of gralloc private structure does not match. Errors will likely follow.
09-01 00:56:16.751  3937  3937 I dex2oat : dex2oat took 47.171ms (threads: 8) arena alloc=168B java alloc=758KB native alloc=883KB free=1932KB
09-01 00:56:16.752  2933  2933 E         : invalid gralloc handle (at 0x7f89d964d0)
09-01 00:56:16.752  2933  2933 E         : Runtime and build version of gralloc private structure does not match. Errors will likely follow.
09-01 00:56:16.756  2933  2933 D gralloc : fb_post E
09-01 00:56:16.756  2933  2933 D gralloc : fb_post format=0x5
09-01 00:56:16.770  3946  3946 I dex2oat : /system/bin/dex2oat --compiler-filter=verify-at-runtime
09-01 00:56:16.782  3096  3115 E         : invalid gralloc handle (at 0x7f90d69300)
09-01 00:56:16.782  3096  3115 E         : Runtime and build version of gralloc private structure does not match. Errors will likely follow.
09-01 00:56:16.786  2933  2933 E         : invalid gralloc handle (at 0x7f89d96460)
09-01 00:56:16.786  2933  2933 E         : Runtime and build version of gralloc private structure does not match. Errors will likely follow.
09-01 00:56:16.788  3946  3946 I dex2oat : dex2oat took 18.391ms (threads: 8) arena alloc=0B java alloc=22KB native alloc=784KB free=751KB
09-01 00:56:16.790  2933  2933 D gralloc : fb_post E
09-01 00:56:16.790  2933  2933 D gralloc : fb_post format=0x5
09-01 00:56:16.806  3955  3955 I dex2oat : /system/bin/dex2oat --compiler-filter=verify-at-runtime
09-01 00:56:16.816  3096  3115 E         : invalid gralloc handle (at 0x7f90d69380)
09-01 00:56:16.816  3096  3115 E         : Runtime and build version of gralloc private structure does not match. Errors will likely follow.
09-01 00:56:16.820  2933  2933 E         : invalid gralloc handle (at 0x7f89d963f0)
09-01 00:56:16.820  2933  2933 E         : Runtime and build version of gralloc private structure does not match. Errors will likely follow.
09-01 00:56:16.824  2933  2933 D gralloc : fb_post E
09-01 00:56:16.824  2933  2933 D gralloc : fb_post format=0x5
09-01 00:56:16.825  3955  3955 I dex2oat : dex2oat took 19.152ms (threads: 8) arena alloc=0B java alloc=28KB native alloc=784KB free=751KB
09-01 00:56:16.843  3964  3964 I dex2oat : /system/bin/dex2oat --compiler-filter=verify-at-runtime
09-01 00:56:16.849  3096  3115 E         : invalid gralloc handle (at 0x7f90d69300)
09-01 00:56:16.849  3096  3115 E         : Runtime and build version of gralloc private structure does not match. Errors will likely follow.
09-01 00:56:16.854  2933  2933 E         : invalid gralloc handle (at 0x7f89d965b0)
09-01 00:56:16.854  2933  2933 E         : Runtime and build version of gralloc private structure does not match. Errors will likely follow.
09-01 00:56:16.858  2933  2933 D gralloc : fb_post E
09-01 00:56:16.858  2933  2933 D gralloc : fb_post format=0x5
09-01 00:56:16.859  3964  3964 I dex2oat : dex2oat took 16.576ms (threads: 8) arena alloc=0B java alloc=19KB native alloc=784KB free=751KB
09-01 00:56:16.878  3973  3973 I dex2oat : /system/bin/dex2oat --compiler-filter=verify-at-runtime
09-01 00:56:16.882  3096  3115 E         : invalid gralloc handle (at 0x7f90d69380)
09-01 00:56:16.882  3096  3115 E         : Runtime and build version of gralloc private structure does not match. Errors will likely follow.
09-01 00:56:16.888  2933  2933 E         : invalid gralloc handle (at 0x7f89d96540)
09-01 00:56:16.888  2933  2933 E         : Runtime and build version of gralloc private structure does not match. Errors will likely follow.
09-01 00:56:16.892  2933  2933 D gralloc : fb_post E
09-01 00:56:16.892  2933  2933 D gralloc : fb_post format=0x5
09-01 00:56:16.916  3096  3115 E         : invalid gralloc handle (at 0x7f90d69300)
09-01 00:56:16.916  3096  3115 E         : Runtime and build version of gralloc private structure does not match. Errors will likely follow.
09-01 00:56:16.921  2933  2933 E         : invalid gralloc handle (at 0x7f89d964d0)
09-01 00:56:16.922  2933  2933 E         : Runtime and build version of gralloc private structure does not match. Errors will likely follow.
09-01 00:56:16.925  3973  3973 I dex2oat : dex2oat took 47.564ms (threads: 8) arena alloc=232B java alloc=770KB native alloc=939KB free=1876KB
09-01 00:56:16.926  2933  2933 D gralloc : fb_post E
09-01 00:56:16.926  2933  2933 D gralloc : fb_post format=0x5
09-01 00:56:16.944  3982  3982 I dex2oat : /system/bin/dex2oat --compiler-filter=verify-at-runtime
09-01 00:56:16.949  3096  3115 E         : invalid gralloc handle (at 0x7f90d69380)
09-01 00:56:16.949  3096  3115 E         : Runtime and build version of gralloc private structure does not match. Errors will likely follow.
09-01 00:56:16.956  2933  2933 E         : invalid gralloc handle (at 0x7f89d96460)
09-01 00:56:16.956  2933  2933 E         : Runtime and build version of gralloc private structure does not match. Errors will likely follow.
09-01 00:56:16.960  2933  2933 D gralloc : fb_post E
09-01 00:56:16.960  2933  2933 D gralloc : fb_post format=0x5
09-01 00:56:16.971  3982  3982 I dex2oat : dex2oat took 27.605ms (threads: 8) arena alloc=608B java alloc=182KB native alloc=913KB free=1390KB
09-01 00:56:16.983  3096  3115 E         : invalid gralloc handle (at 0x7f90d69300)
09-01 00:56:16.983  3096  3115 E         : Runtime and build version of gralloc private structure does not match. Errors will likely follow.
09-01 00:56:16.989  3991  3991 I dex2oat : /system/bin/dex2oat --compiler-filter=verify-at-runtime
09-01 00:56:16.989  2933  2933 E         : invalid gralloc handle (at 0x7f89d963f0)
09-01 00:56:16.989  2933  2933 E         : Runtime and build version of gralloc private structure does not match. Errors will likely follow.
09-01 00:56:16.993  2933  2933 D gralloc : fb_post E
09-01 00:56:16.994  2933  2933 D gralloc : fb_post format=0x5
09-01 00:56:17.008  3991  3991 I dex2oat : dex2oat took 18.612ms (threads: 8) arena alloc=0B java alloc=23KB native alloc=783KB free=752KB
09-01 00:56:17.013  3423  3423 D PackageManager: No files in app dir /vendor/overlay
09-01 00:56:17.014  3423  3423 D PackageManager: start scanDirLI:/system/framework
09-01 00:56:17.014  3423  3423 D PackageManager: max thread:6
09-01 00:56:17.016  3096  3115 E         : invalid gralloc handle (at 0x7f90d69380)
09-01 00:56:17.016  3096  3115 E         : Runtime and build version of gralloc private structure does not match. Errors will likely follow.
09-01 00:56:17.023  2933  2933 E         : invalid gralloc handle (at 0x7f89d965b0)
09-01 00:56:17.023  2933  2933 E         : Runtime and build version of gralloc private structure does not match. Errors will likely follow.
09-01 00:56:17.027  2933  2933 D gralloc : fb_post E
09-01 00:56:17.027  2933  2933 D gralloc : fb_post format=0x5
09-01 00:56:17.041  3423  4001 I PackageManager: /system/framework/org.cyanogenmod.platform-res.apk changed; collecting certs
09-01 00:56:17.050  3096  3115 E         : invalid gralloc handle (at 0x7f90d69300)
09-01 00:56:17.050  3096  3115 E         : Runtime and build version of gralloc private structure does not match. Errors will likely follow.
09-01 00:56:17.057  2933  2933 E         : invalid gralloc handle (at 0x7f89d96540)
09-01 00:56:17.057  2933  2933 E         : Runtime and build version of gralloc private structure does not match. Errors will likely follow.
09-01 00:56:17.061  2933  2933 D gralloc : fb_post E
09-01 00:56:17.061  2933  2933 D gralloc : fb_post format=0x5
09-01 00:56:17.077  3423  4000 I PackageManager: /system/framework/framework-res.apk changed; collecting certs
09-01 00:56:17.083  3096  3115 E         : invalid gralloc handle (at 0x7f90d69380)
09-01 00:56:17.083  3096  3115 E         : Runtime and build version of gralloc private structure does not match. Errors will likely follow.
09-01 00:56:17.091  2933  2933 E         : invalid gralloc handle (at 0x7f89d964d0)
09-01 00:56:17.091  2933  2933 E         : Runtime and build version of gralloc private structure does not match. Errors will likely follow.
09-01 00:56:17.095  2933  2933 D gralloc : fb_post E
09-01 00:56:17.095  2933  2933 D gralloc : fb_post format=0x5
09-01 00:56:17.117  3096  3115 E         : invalid gralloc handle (at 0x7f90d69300)
09-01 00:56:17.117  3096  3115 E         : Runtime and build version of gralloc private structure does not match. Errors will likely follow.
09-01 00:56:17.125  2933  2933 E         : invalid gralloc handle (at 0x7f89d96460)
09-01 00:56:17.125  2933  2933 E         : Runtime and build version of gralloc private structure does not match. Errors will likely follow.
09-01 00:56:17.129  2933  2933 D gralloc : fb_post E
09-01 00:56:17.129  2933  2933 D gralloc : fb_post format=0x5
09-01 00:56:17.135  3423  4001 W PackageManager: Permission cyanogenmod.permission.WRITE_ALARMS from package cyanogenmod.platform in an unknown group android.permission-group.SYSTEM_CLOCK
09-01 00:56:17.135  3423  4001 W PackageManager: Permission cyanogenmod.permission.MANAGE_ALARMS from package cyanogenmod.platform in an unknown group android.permission-group.SYSTEM_CLOCK
09-01 00:56:17.135  3423  4001 W PackageManager: Permission cyanogenmod.permission.READ_ALARMS from package cyanogenmod.platform in an unknown group android.permission-group.SYSTEM_CLOCK
09-01 00:56:17.150  3096  3115 E         : invalid gralloc handle (at 0x7f90d69380)
09-01 00:56:17.150  3096  3115 E         : Runtime and build version of gralloc private structure does not match. Errors will likely follow.
09-01 00:56:17.159  2933  2933 E         : invalid gralloc handle (at 0x7f89d963f0)
09-01 00:56:17.159  2933  2933 E         : Runtime and build version of gralloc private structure does not match. Errors will likely follow.
09-01 00:56:17.163  2933  2933 D gralloc : fb_post E
09-01 00:56:17.163  2933  2933 D gralloc : fb_post format=0x5
09-01 00:56:17.180  4007  4007 I McDaemon: Daemon starting up...
09-01 00:56:17.180  4007  4007 I McDaemon: Socket interface version is 0.2
09-01 00:56:17.180  4007  4007 I McDaemon: *** t-base-300-Ares-2-Android-V001 ###
09-01 00:56:17.180  4007  4007 I McDaemon: Build timestamp is Aug 31 2016 19:11:45
09-01 00:56:17.180  4007  4007 E McDaemon:   *****************************
09-01 00:56:17.180  4007  4007 E McDaemon:   *** ERROR: ioctl MC_IO_VERSION failed with "Not a typewriter"(errno 25)
09-01 00:56:17.180  4007  4007 E McDaemon:   *** Detected in checkVersion/545()
09-01 00:56:17.180  4007  4007 E McDaemon:   *****************************
09-01 00:56:17.180  4007  4007 E McDaemon:   *****************************
09-01 00:56:17.180  4007  4007 E McDaemon:   *** ERROR: ret = -1
09-01 00:56:17.180  4007  4007 E McDaemon:   *** Detected in checkVersion/546()
09-01 00:56:17.180  4007  4007 E McDaemon:   *****************************
09-01 00:56:17.180  4007  4007 E McDaemon:   *****************************
09-01 00:56:17.180  4007  4007 E McDaemon:   *** ERROR: kernel module version mismatch
09-01 00:56:17.180  4007  4007 E McDaemon:   *** Detected in initDevice/118()
09-01 00:56:17.180  4007  4007 E McDaemon:   *****************************
09-01 00:56:17.180  4007  4007 E McDaemon:   *****************************
09-01 00:56:17.180  4007  4007 E McDaemon:   *** ERROR: Could not initialize <t-base (because /dev/mobicore could not be openend)!
09-01 00:56:17.180  4007  4007 E McDaemon:   *** Detected in run/139()
09-01 00:56:17.180  4007  4007 E McDaemon:   *****************************
09-01 00:56:17.180  4007  4007 E McDaemon:   *****************************
09-01 00:56:17.180  4007  4007 E McDaemon:   *** ERROR: Exiting <t-base Daemon
09-01 00:56:17.180  4007  4007 E McDaemon:   *** Detected in main/1391()
09-01 00:56:17.180  4007  4007 E McDaemon:   *****************************
09-01 00:56:17.184  3096  3115 E         : invalid gralloc handle (at 0x7f90d69300)
09-01 00:56:17.184  3096  3115 E         : Runtime and build version of gralloc private structure does not match. Errors will likely follow.
09-01 00:56:17.193  2933  2933 E         : invalid gralloc handle (at 0x7f89d965b0)
09-01 00:56:17.193  2933  2933 E         : Runtime and build version of gralloc private structure does not match. Errors will likely follow.
09-01 00:56:17.197  2933  2933 D gralloc : fb_post E
09-01 00:56:17.197  2933  2933 D gralloc : fb_post format=0x5
09-01 00:56:17.217  3096  3115 E         : invalid gralloc handle (at 0x7f90d69380)
09-01 00:56:17.217  3096  3115 E         : Runtime and build version of gralloc private structure does not match. Errors will likely follow.
09-01 00:56:17.227  2933  2933 E         : invalid gralloc handle (at 0x7f89d96540)
09-01 00:56:17.227  2933  2933 E         : Runtime and build version of gralloc private structure does not match. Errors will likely follow.
09-01 00:56:17.231  2933  2933 D gralloc : fb_post E
09-01 00:56:17.231  2933  2933 D gralloc : fb_post format=0x5
09-01 00:56:17.250  3096  3115 E         : invalid gralloc handle (at 0x7f90d69300)
09-01 00:56:17.250  3096  3115 E         : Runtime and build version of gralloc private structure does not match. Errors will likely follow.
09-01 00:56:17.261  2933  2933 E         : invalid gralloc handle (at 0x7f89d964d0)
09-01 00:56:17.261  2933  2933 E         : Runtime and build version of gralloc private structure does not match. Errors will likely follow.
09-01 00:56:17.265  2933  2933 D gralloc : fb_post E
09-01 00:56:17.265  2933  2933 D gralloc : fb_post format=0x5
09-01 00:56:17.284  3096  3115 E         : invalid gralloc handle (at 0x7f90d69380)
09-01 00:56:17.284  3096  3115 E         : Runtime and build version of gralloc private structure does not match. Errors will likely follow.
09-01 00:56:17.294  2933  2933 E         : invalid gralloc handle (at 0x7f89d96460)
09-01 00:56:17.295  2933  2933 E         : Runtime and build version of gralloc private structure does not match. Errors will likely follow.
09-01 00:56:17.299  2933  2933 D gralloc : fb_post E
09-01 00:56:17.299  2933  2933 D gralloc : fb_post format=0x5
09-01 00:56:17.318  3096  3115 E         : invalid gralloc handle (at 0x7f90d69300)
09-01 00:56:17.318  3096  3115 E         : Runtime and build version of gralloc private structure does not match. Errors will likely follow.
09-01 00:56:17.328  2933  2933 E         : invalid gralloc handle (at 0x7f89d963f0)
09-01 00:56:17.328  2933  2933 E         : Runtime and build version of gralloc private structure does not match. Errors will likely follow.
09-01 00:56:17.333  2933  2933 D gralloc : fb_post E
09-01 00:56:17.333  2933  2933 D gralloc : fb_post format=0x5
09-01 00:56:17.351  3096  3115 E         : invalid gralloc handle (at 0x7f90d69380)
09-01 00:56:17.351  3096  3115 E         : Runtime and build version of gralloc private structure does not match. Errors will likely follow.
09-01 00:56:17.362  2933  2933 E         : invalid gralloc handle (at 0x7f89d965b0)
09-01 00:56:17.362  2933  2933 E         : Runtime and build version of gralloc private structure does not match. Errors will likely follow.
09-01 00:56:17.366  2933  2933 D gralloc : fb_post E
09-01 00:56:17.366  2933  2933 D gralloc : fb_post format=0x5
09-01 00:56:17.385  3096  3115 E         : invalid gralloc handle (at 0x7f90d69300)
09-01 00:56:17.385  3096  3115 E         : Runtime and build version of gralloc private structure does not match. Errors will likely follow.
09-01 00:56:17.396  2933  2933 E         : invalid gralloc handle (at 0x7f89d96540)
09-01 00:56:17.396  2933  2933 E         : Runtime and build version of gralloc private structure does not match. Errors will likely follow.
09-01 00:56:17.400  2933  2933 D gralloc : fb_post E
09-01 00:56:17.400  2933  2933 D gralloc : fb_post format=0x5
09-01 00:56:17.418  3096  3115 E         : invalid gralloc handle (at 0x7f90d69380)
09-01 00:56:17.418  3096  3115 E         : Runtime and build version of gralloc private structure does not match. Errors will likely follow.
09-01 00:56:17.430  2933  2933 E         : invalid gralloc handle (at 0x7f89d964d0)
09-01 00:56:17.430  2933  2933 E         : Runtime and build version of gralloc private structure does not match. Errors will likely follow.
09-01 00:56:17.434  2933  2933 D gralloc : fb_post E
09-01 00:56:17.434  2933  2933 D gralloc : fb_post format=0x5
09-01 00:56:17.451  3096  3115 E         : invalid gralloc handle (at 0x7f90d69300)
09-01 00:56:17.451  3096  3115 E         : Runtime and build version of gralloc private structure does not match. Errors will likely follow.
09-01 00:56:17.464  2933  2933 E         : invalid gralloc handle (at 0x7f89d96460)
09-01 00:56:17.464  2933  2933 E         : Runtime and build version of gralloc private structure does not match. Errors will likely follow.
09-01 00:56:17.468  2933  2933 D gralloc : fb_post E
09-01 00:56:17.468  2933  2933 D gralloc : fb_post format=0x5
09-01 00:56:17.485  3096  3115 E         : invalid gralloc handle (at 0x7f90d69380)
09-01 00:56:17.485  3096  3115 E         : Runtime and build version of gralloc private structure does not match. Errors will likely follow.
09-01 00:56:17.498  2933  2933 E         : invalid gralloc handle (at 0x7f89d963f0)
09-01 00:56:17.498  2933  2933 E         : Runtime and build version of gralloc private structure does not match. Errors will likely follow.
09-01 00:56:17.502  2933  2933 D gralloc : fb_post E
09-01 00:56:17.502  2933  2933 D gralloc : fb_post format=0x5
09-01 00:56:17.518  3096  3115 E         : invalid gralloc handle (at 0x7f90d69300)
09-01 00:56:17.518  3096  3115 E         : Runtime and build version of gralloc private structure does not match. Errors will likely follow.
09-01 00:56:17.532  2933  2933 E         : invalid gralloc handle (at 0x7f89d965b0)
09-01 00:56:17.532  2933  2933 E         : Runtime and build version of gralloc private structure does not match. Errors will likely follow.
09-01 00:56:17.536  2933  2933 D gralloc : fb_post E
09-01 00:56:17.536  2933  2933 D gralloc : fb_post format=0x5
09-01 00:56:17.552  3096  3115 E         : invalid gralloc handle (at 0x7f90d69380)
09-01 00:56:17.552  3096  3115 E         : Runtime and build version of gralloc private structure does not match. Errors will likely follow.
09-01 00:56:17.566  2933  2933 E         : invalid gralloc handle (at 0x7f89d96540)
09-01 00:56:17.566  2933  2933 E         : Runtime and build version of gralloc private structure does not match. Errors will likely follow.
09-01 00:56:17.570  2933  2933 D gralloc : fb_post E
09-01 00:56:17.570  2933  2933 D gralloc : fb_post format=0x5
09-01 00:56:17.585  3096  3115 E         : invalid gralloc handle (at 0x7f90d69300)
09-01 00:56:17.585  3096  3115 E         : Runtime and build version of gralloc private structure does not match. Errors will likely follow.
09-01 00:56:17.599  2933  2933 E         : invalid gralloc handle (at 0x7f89d964d0)
09-01 00:56:17.600  2933  2933 E         : Runtime and build version of gralloc private structure does not match. Errors will likely follow.
09-01 00:56:17.604  2933  2933 D gralloc : fb_post E
09-01 00:56:17.604  2933  2933 D gralloc : fb_post format=0x5
09-01 00:56:17.619  3096  3115 E         : invalid gralloc handle (at 0x7f90d69380)
09-01 00:56:17.619  3096  3115 E         : Runtime and build version of gralloc private structure does not match. Errors will likely follow.
09-01 00:56:17.633  2933  2933 E         : invalid gralloc handle (at 0x7f89d96460)
09-01 00:56:17.634  2933  2933 E         : Runtime and build version of gralloc private structure does not match. Errors will likely follow.
09-01 00:56:17.638  2933  2933 D gralloc : fb_post E
09-01 00:56:17.638  2933  2933 D gralloc : fb_post format=0x5
09-01 00:56:17.652  3096  3115 E         : invalid gralloc handle (at 0x7f90d69300)
09-01 00:56:17.652  3096  3115 E         : Runtime and build version of gralloc private structure does not match. Errors will likely follow.
09-01 00:56:17.667  2933  2933 E         : invalid gralloc handle (at 0x7f89d963f0)
09-01 00:56:17.667  2933  2933 E         : Runtime and build version of gralloc private structure does not match. Errors will likely follow.
09-01 00:56:17.671  2933  2933 D gralloc : fb_post E
09-01 00:56:17.671  2933  2933 D gralloc : fb_post format=0x5
09-01 00:56:17.686  3096  3115 E         : invalid gralloc handle (at 0x7f90d69380)
09-01 00:56:17.686  3096  3115 E         : Runtime and build version of gralloc private structure does not match. Errors will likely follow.
09-01 00:56:17.701  2933  2933 E         : invalid gralloc handle (at 0x7f89d965b0)
09-01 00:56:17.701  2933  2933 E         : Runtime and build version of gralloc private structure does not match. Errors will likely follow.
09-01 00:56:17.705  2933  2933 D gralloc : fb_post E
09-01 00:56:17.705  2933  2933 D gralloc : fb_post format=0x5
09-01 00:56:17.719  3096  3115 E         : invalid gralloc handle (at 0x7f90d69300)
09-01 00:56:17.719  3096  3115 E         : Runtime and build version of gralloc private structure does not match. Errors will likely follow.
09-01 00:56:17.735  2933  2933 E         : invalid gralloc handle (at 0x7f89d96540)
09-01 00:56:17.735  2933  2933 E         : Runtime and build version of gralloc private structure does not match. Errors will likely follow.
09-01 00:56:17.739  2933  2933 D gralloc : fb_post E
09-01 00:56:17.739  2933  2933 D gralloc : fb_post format=0x5
09-01 00:56:17.753  3096  3115 E         : invalid gralloc handle (at 0x7f90d69380)
09-01 00:56:17.753  3096  3115 E         : Runtime and build version of gralloc private structure does not match. Errors will likely follow.
09-01 00:56:17.769  2933  2933 E         : invalid gralloc handle (at 0x7f89d964d0)
09-01 00:56:17.769  2933  2933 E         : Runtime and build version of gralloc private structure does not match. Errors will likely follow.
09-01 00:56:17.773  2933  2933 D gralloc : fb_post E
09-01 00:56:17.773  2933  2933 D gralloc : fb_post format=0x5
09-01 00:56:17.786  3096  3115 E         : invalid gralloc handle (at 0x7f90d69300)
09-01 00:56:17.786  3096  3115 E         : Runtime and build version of gralloc private structure does not match. Errors will likely follow.
09-01 00:56:17.803  2933  2933 E         : invalid gralloc handle (at 0x7f89d96460)
09-01 00:56:17.803  2933  2933 E         : Runtime and build version of gralloc private structure does not match. Errors will likely follow.
09-01 00:56:17.807  2933  2933 D gralloc : fb_post E
09-01 00:56:17.807  2933  2933 D gralloc : fb_post format=0x5
09-01 00:56:17.820  3096  3115 E         : invalid gralloc handle (at 0x7f90d69380)
09-01 00:56:17.820  3096  3115 E         : Runtime and build version of gralloc private structure does not match. Errors will likely follow.
09-01 00:56:17.837  2933  2933 E         : invalid gralloc handle (at 0x7f89d963f0)
09-01 00:56:17.837  2933  2933 E         : Runtime and build version of gralloc private structure does not match. Errors will likely follow.
09-01 00:56:17.841  2933  2933 D gralloc : fb_post E
09-01 00:56:17.841  2933  2933 D gralloc : fb_post format=0x5
09-01 00:56:17.853  3096  3115 E         : invalid gralloc handle (at 0x7f90d69300)
09-01 00:56:17.853  3096  3115 E         : Runtime and build version of gralloc private structure does not match. Errors will likely follow.
09-01 00:56:17.871  2933  2933 E         : invalid gralloc handle (at 0x7f89d965b0)
09-01 00:56:17.871  2933  2933 E         : Runtime and build version of gralloc private structure does not match. Errors will likely follow.
09-01 00:56:17.875  2933  2933 D gralloc : fb_post E
09-01 00:56:17.875  2933  2933 D gralloc : fb_post format=0x5
09-01 00:56:17.887  3096  3115 E         : invalid gralloc handle (at 0x7f90d69380)
09-01 00:56:17.887  3096  3115 E         : Runtime and build version of gralloc private structure does not match. Errors will likely follow.
09-01 00:56:17.905  2933  2933 E         : invalid gralloc handle (at 0x7f89d96540)
09-01 00:56:17.905  2933  2933 E         : Runtime and build version of gralloc private structure does not match. Errors will likely follow.
09-01 00:56:17.909  2933  2933 D gralloc : fb_post E
09-01 00:56:17.909  2933  2933 D gralloc : fb_post format=0x5
09-01 00:56:17.920  3096  3115 E         : invalid gralloc handle (at 0x7f90d69300)
09-01 00:56:17.920  3096  3115 E         : Runtime and build version of gralloc private structure does not match. Errors will likely follow.
09-01 00:56:17.939  2933  2933 E         : invalid gralloc handle (at 0x7f89d964d0)
09-01 00:56:17.939  2933  2933 E         : Runtime and build version of gralloc private structure does not match. Errors will likely follow.
09-01 00:56:17.943  2933  2933 D gralloc : fb_post E
09-01 00:56:17.943  2933  2933 D gralloc : fb_post format=0x5
09-01 00:56:17.954  3096  3115 E         : invalid gralloc handle (at 0x7f90d69380)
09-01 00:56:17.954  3096  3115 E         : Runtime and build version of gralloc private structure does not match. Errors will likely follow.
09-01 00:56:17.972  2933  2933 E         : invalid gralloc handle (at 0x7f89d96460)
09-01 00:56:17.972  2933  2933 E         : Runtime and build version of gralloc private structure does not match. Errors will likely follow.
09-01 00:56:17.977  2933  2933 D gralloc : fb_post E
09-01 00:56:17.977  2933  2933 D gralloc : fb_post format=0x5
09-01 00:56:17.987  3096  3115 E         : invalid gralloc handle (at 0x7f90d69300)
09-01 00:56:17.987  3096  3115 E         : Runtime and build version of gralloc private structure does not match. Errors will likely follow.
09-01 00:56:18.006  2933  2933 E         : invalid gralloc handle (at 0x7f89d963f0)
09-01 00:56:18.006  2933  2933 E         : Runtime and build version of gralloc private structure does not match. Errors will likely follow.
09-01 00:56:18.010  2933  2933 D gralloc : fb_post E
09-01 00:56:18.010  2933  2933 D gralloc : fb_post format=0x5
09-01 00:56:18.020  3096  3115 E         : invalid gralloc handle (at 0x7f90d69380)
09-01 00:56:18.020  3096  3115 E         : Runtime and build version of gralloc private structure does not match. Errors will likely follow.
09-01 00:56:18.023  2933  2933 E         : invalid gralloc handle (at 0x7f89d965b0)
