12-04 12:47:51.059  2995  3207 V audio_hw_primary: out_set_parameters: key value pairs: routing=2
12-04 12:47:51.524  3462  3616 I vol.Events: writeEvent level_changed STREAM_SYSTEM 7
12-04 12:47:51.527  3462  3616 I vol.Events: writeEvent level_changed STREAM_RING 7
12-04 12:47:51.527  3462  3616 I vol.Events: writeEvent key STREAM_RING 7
12-04 12:47:51.659  3797  3797 D EmojiAltPhysicalKeyDetector: onKeyUp() : KeyEvent { action=ACTION_UP, keyCode=KEYCODE_VOLUME_UP, scanCode=115, metaState=0, flags=0x8, repeatCount=0, eventTime=35240, downTime=35100, deviceId=17, source=0x101 }
12-04 12:47:51.659  3797  3797 D EmojiAltPhysicalKeyDetector: onKeyUp() : Not Mapped: 24
12-04 12:47:51.967  2995  3207 V audio_hw_primary: out_set_parameters: key value pairs: routing=2
12-04 12:47:52.004  2995  3207 D AudioFlinger: mixer(0xf4380000) throttle end: throttle time(4)
12-04 12:47:54.039  4569  4569 F libc    : page record for 0x7f842ad010 was not found (block_size=16)
12-04 12:47:54.531  3462  3462 I vol.Events: writeEvent dismiss_dialog timeout
12-04 12:47:54.531  3462  3616 I vol.Events: writeEvent active_stream_changed UNKNOWN_STREAM_-1
12-04 12:47:55.050  2995  3207 V audio_hw_primary: do_out_standby: output standby: 0
12-04 12:47:57.527  4350  4383 D InitAlarmsService: Clearing and rescheduling alarms.
12-04 12:47:57.536  3325  3492 I ActivityManager: Killing 3570:org.cyanogenmod.themes.provider/u0a20 (adj 15): empty #17
12-04 12:47:57.553  3325  3492 I ActivityManager: Killing 3531:com.android.externalstorage/u0a9 (adj 15): empty #18
12-04 12:47:57.564  3325  3549 D ActivityManager: cleanUpApplicationRecord -- 3570
12-04 12:47:57.566  3325  4059 D ActivityManager: cleanUpApplicationRecord -- 3531
12-04 12:47:57.568  3325  3336 I ActivityManager: Killing 3973:com.cyanogenmod.eleven/u0a43 (adj 15): empty #17
12-04 12:47:57.579  3325  3838 D ActivityManager: cleanUpApplicationRecord -- 3973
12-04 12:47:59.076  4575  4575 F libc    : page record for 0x7fa1d35010 was not found (block_size=16)
12-04 12:48:04.117  4579  4579 F libc    : page record for 0x7f7a42d010 was not found (block_size=16)
12-04 12:48:09.167  4582  4582 F libc    : page record for 0x7f795cf010 was not found (block_size=16)
12-04 12:48:14.209  4584  4584 F libc    : page record for 0x7fa41f5010 was not found (block_size=16)
12-04 12:48:19.249  4587  4587 F libc    : page record for 0x7f8115f010 was not found (block_size=16)
12-04 12:48:23.854  3325  3325 I ActivityManager: Killing 4074:org.cyanogenmod.weather.provider/u0a26 (adj 15): empty #17
12-04 12:48:23.886  3325  3492 D ActivityManager: cleanUpApplicationRecord -- 4074
12-04 12:48:24.289  4590  4590 F libc    : page record for 0x7f87d13010 was not found (block_size=16)
12-04 12:48:29.329  4593  4593 F libc    : page record for 0x7fab8c7010 was not found (block_size=16)
12-04 12:48:29.852  3325  3858 I ActivityManager: Killing 4159:com.android.cellbroadcastreceiver/u0a6 (adj 15): empty #17
12-04 12:48:29.882  3325  3493 D ActivityManager: cleanUpApplicationRecord -- 4159
12-04 12:48:29.948  3489  3489 D MtpService: starting MTP server in MTP mode
12-04 12:48:29.949  3489  3489 E MtpServerJNI: could not open MTP driver, errno: 2
12-04 12:48:29.953  3489  4601 E MtpServerJNI: server is null in run
12-04 12:48:29.953  3489  4601 E MtpServerJNI: server is null in cleanup
12-04 12:48:29.954  3489  3489 E MtpServerJNI: server is null in send_object_removed
12-04 12:48:34.379  4604  4604 F libc    : page record for 0x7fab765010 was not found (block_size=16)
12-04 12:48:39.418  4607  4607 F libc    : page record for 0x7fa7807010 was not found (block_size=16)
12-04 12:48:43.458  4609  4609 F libc    : page record for 0x7f8f1f5010 was not found (block_size=16)
12-04 12:48:48.498  4639  4639 F libc    : page record for 0x7fa0423010 was not found (block_size=16)
12-04 12:48:53.538  4642  4642 F libc    : page record for 0x7fb49ed010 was not found (block_size=16)
12-04 12:48:54.860  3325  3356 I PowerManagerService: Going to sleep due to screen timeout (uid 1000)...
12-04 12:48:54.861  3325  3356 I PowerManagerService: Sleeping (uid 1000)...
12-04 12:48:54.879  3325  3356 D mali_winsys: EGLint new_window_surface(egl_winsys_display*, void*, EGLSurface, EGLConfig, egl_winsys_surface**, egl_color_buffer_format*, EGLBoolean) returns 0x3000,  [1x1]-format:1
12-04 12:48:55.339  3325  3356 I Sensors : Acc old sensor_state 1, new sensor_state : 0 en : 0
12-04 12:48:55.340  3325  3356 V KeyguardServiceDelegate: onScreenTurnedOff()
12-04 12:48:55.353  2988  2988 D SurfaceFlinger: Set power mode=0, type=0 flinger=0x7fac143c00
12-04 12:48:55.353  3325  3353 I DisplayManagerService: Display device changed state: "Built-in Screen", OFF
12-04 12:48:55.521  3325  3450 D SurfaceControl: Excessive delay in setPowerMode(): 168ms
12-04 12:48:55.527  3325  3402 D WifiConfigStore: Retrieve network priorities after PNO.
12-04 12:48:55.527  3325  3402 E WifiStateMachine:  Fail to set up pno, want false now false
12-04 12:48:55.528  2995  3796 E bt_a2dp_hw: adev_set_parameters: ERROR: set param called even when stream out is null
12-04 12:48:56.862  3325  3356 W PowerManagerService: Sandman unresponsive, releasing suspend blocker
12-04 12:48:58.578  4645  4645 F libc    : page record for 0x7f926bd010 was not found (block_size=16)
12-04 12:48:59.994  3462  3462 D PhoneStatusBar: disable: < expand ICONS* alerts SYSTEM_INFO* back home recent clock search quick_settings >
12-04 12:49:00.136  3462  3956 D mali_winsys: EGLint new_window_surface(egl_winsys_display*, void*, EGLSurface, EGLConfig, egl_winsys_surface**, egl_color_buffer_format*, EGLBoolean) returns 0x3000,  [1440x2560]-format:1
12-04 12:49:00.212  3462  3956 D mali_winsys: EGLint new_window_surface(egl_winsys_display*, void*, EGLSurface, EGLConfig, egl_winsys_surface**, egl_color_buffer_format*, EGLBoolean) returns 0x3000,  [1520x416]-format:1
12-04 12:49:00.233  3462  3462 D PhoneStatusBar: disable: < expand ICONS alerts SYSTEM_INFO back HOME* RECENT* clock SEARCH* quick_settings >
12-04 12:49:03.618  4649  4649 F libc    : page record for 0x7f84b29010 was not found (block_size=16)
12-04 12:49:08.657  4651  4651 F libc    : page record for 0x7fa8ec3010 was not found (block_size=16)
12-04 12:49:13.697  4654  4654 F libc    : page record for 0x7f9b8dd010 was not found (block_size=16)
12-04 12:49:18.737  4656  4656 F libc    : page record for 0x7f81dc3010 was not found (block_size=16)
12-04 12:49:23.777  4659  4659 F libc    : page record for 0x7fb754f010 was not found (block_size=16)
12-04 12:49:28.817  4661  4661 F libc    : page record for 0x7fb08f5010 was not found (block_size=16)
12-04 12:49:30.810  3489  3489 D MtpService: starting MTP server in MTP mode
12-04 12:49:30.810  3489  3489 E MtpServerJNI: could not open MTP driver, errno: 2
12-04 12:49:30.817  3489  4670 E MtpServerJNI: server is null in run
12-04 12:49:30.817  3489  4670 E MtpServerJNI: server is null in cleanup
12-04 12:49:30.818  3489  3489 E MtpServerJNI: server is null in send_object_removed
12-04 12:49:33.857  4672  4672 F libc    : page record for 0x7fa65cf010 was not found (block_size=16)
12-04 12:49:38.897  4674  4674 F libc    : page record for 0x7f8fcad010 was not found (block_size=16)
12-04 12:49:43.937  4677  4677 F libc    : page record for 0x7f78c39010 was not found (block_size=16)
12-04 12:49:48.977  4679  4679 F libc    : page record for 0x7f8cc09010 was not found (block_size=16)
12-04 12:49:54.017  4682  4682 F libc    : page record for 0x7f90189010 was not found (block_size=16)
12-04 12:49:59.067  4684  4684 F libc    : page record for 0x7f8565d010 was not found (block_size=16)
12-04 12:50:04.103  4687  4687 F libc    : page record for 0x7f9e80f010 was not found (block_size=16)
12-04 12:50:09.139  4689  4689 F libc    : page record for 0x7fa3507010 was not found (block_size=16)
12-04 12:50:14.177  4692  4692 F libc    : page record for 0x7fb2cb5010 was not found (block_size=16)
12-04 12:50:19.217  4694  4694 F libc    : page record for 0x7f7a917010 was not found (block_size=16)
12-04 12:50:24.257  4697  4697 F libc    : page record for 0x7fa5d39010 was not found (block_size=16)
12-04 12:50:29.302  4699  4699 F libc    : page record for 0x7f9cba3010 was not found (block_size=16)
12-04 12:50:31.661  3489  3489 D MtpService: starting MTP server in MTP mode
12-04 12:50:31.661  3489  3489 E MtpServerJNI: could not open MTP driver, errno: 2
12-04 12:50:31.665  3489  4708 E MtpServerJNI: server is null in run
12-04 12:50:31.665  3489  4708 E MtpServerJNI: server is null in cleanup
12-04 12:50:31.667  3489  3489 E MtpServerJNI: server is null in send_object_removed
12-04 12:50:34.339  4710  4710 F libc    : page record for 0x7f7ab9f010 was not found (block_size=16)
12-04 12:50:39.385  4712  4712 F libc    : page record for 0x7fb79ef010 was not found (block_size=16)
12-04 12:50:44.422  4715  4715 F libc    : page record for 0x7f7b65f010 was not found (block_size=16)
12-04 12:50:48.459  4717  4717 F libc    : page record for 0x7fae9bd010 was not found (block_size=16)
12-04 12:50:53.498  4720  4720 F libc    : page record for 0x7f8ecc9010 was not found (block_size=16)
12-04 12:50:58.538  4722  4722 F libc    : page record for 0x7f80529010 was not found (block_size=16)
12-04 12:50:59.833  3489  3489 E MtpServerJNI: server is null in send_object_removed
12-04 12:51:03.577  4726  4726 F libc    : page record for 0x7f94de3010 was not found (block_size=16)
12-04 12:51:08.617  4728  4728 F libc    : page record for 0x7fa4c09010 was not found (block_size=16)
12-04 12:51:13.657  4731  4731 F libc    : page record for 0x7fb6fc9010 was not found (block_size=16)
12-04 12:51:18.697  4733  4733 F libc    : page record for 0x7f81c41010 was not found (block_size=16)
12-04 12:51:23.744  4736  4736 F libc    : page record for 0x7f9ae09010 was not found (block_size=16)
12-04 12:51:28.781  4738  4738 F libc    : page record for 0x7f94053010 was not found (block_size=16)
12-04 12:51:32.516  3489  3489 D MtpService: starting MTP server in MTP mode
12-04 12:51:32.516  3489  3489 E MtpServerJNI: could not open MTP driver, errno: 2
12-04 12:51:32.521  3489  4747 E MtpServerJNI: server is null in run
12-04 12:51:32.521  3489  4747 E MtpServerJNI: server is null in cleanup
12-04 12:51:32.522  3489  3489 E MtpServerJNI: server is null in send_object_removed
12-04 12:51:33.818  4749  4749 F libc    : page record for 0x7f8dc19010 was not found (block_size=16)
12-04 12:51:38.857  4751  4751 F libc    : page record for 0x7fa5a87010 was not found (block_size=16)
12-04 12:51:43.897  4754  4754 F libc    : page record for 0x7f9b171010 was not found (block_size=16)
12-04 12:51:48.937  4756  4756 F libc    : page record for 0x7faec4f010 was not found (block_size=16)
12-04 12:51:53.977  4759  4759 F libc    : page record for 0x7fb35b3010 was not found (block_size=16)
12-04 12:51:59.013  4761  4761 F libc    : page record for 0x7f9d601010 was not found (block_size=16)
12-04 12:52:04.051  4764  4764 F libc    : page record for 0x7f88fc3010 was not found (block_size=16)
12-04 12:52:09.088  4766  4766 F libc    : page record for 0x7fa6745010 was not found (block_size=16)
12-04 12:52:14.127  4769  4769 F libc    : page record for 0x7f9e555010 was not found (block_size=16)
12-04 12:52:19.167  4771  4771 F libc    : page record for 0x7f7a631010 was not found (block_size=16)
12-04 12:52:24.227  4774  4774 F libc    : page record for 0x7f9486b010 was not found (block_size=16)
12-04 12:52:29.274  4776  4776 F libc    : page record for 0x7f927e9010 was not found (block_size=16)
12-04 12:52:33.431  3489  3489 D MtpService: starting MTP server in MTP mode
12-04 12:52:33.431  3489  3489 E MtpServerJNI: could not open MTP driver, errno: 2
12-04 12:52:33.443  3489  4785 E MtpServerJNI: server is null in run
12-04 12:52:33.443  3489  4785 E MtpServerJNI: server is null in cleanup
12-04 12:52:33.447  3489  3489 E MtpServerJNI: server is null in send_object_removed
12-04 12:52:34.311  4787  4787 F libc    : page record for 0x7fa567b010 was not found (block_size=16)
12-04 12:52:39.349  4789  4789 F libc    : page record for 0x7f9b401010 was not found (block_size=16)
12-04 12:52:44.388  4792  4792 F libc    : page record for 0x7f8a953010 was not found (block_size=16)
12-04 12:52:49.427  4795  4795 F libc    : page record for 0x7fb0e0f010 was not found (block_size=16)
12-04 12:52:53.462  4798  4798 F libc    : page record for 0x7fb39b3010 was not found (block_size=16)
12-04 12:52:58.500  4800  4800 F libc    : page record for 0x7f94067010 was not found (block_size=16)
12-04 12:53:00.032  3325  3831 I MediaFocusControl:  AudioFocus  abandonAudioFocus() from android.media.AudioManager@87449d6com.cyanogenmod.eleven.MusicPlaybackService$3@986d457
12-04 12:53:00.062  3325  3337 I MediaFocusControl:  AudioFocus  abandonAudioFocus() from android.media.AudioManager@87449d6com.cyanogenmod.eleven.MusicPlaybackService$3@986d457
12-04 12:53:03.538  4806  4806 F libc    : page record for 0x7f84c85010 was not found (block_size=16)
12-04 12:53:08.577  4809  4809 F libc    : page record for 0x7f88fd3010 was not found (block_size=16)
12-04 12:53:13.612  4813  4813 F libc    : page record for 0x7f8fc41010 was not found (block_size=16)
12-04 12:53:18.650  4816  4816 F libc    : page record for 0x7f7e0c3010 was not found (block_size=16)
12-04 12:53:23.689  4819  4819 F libc    : page record for 0x7fa01e3010 was not found (block_size=16)
12-04 12:53:28.728  4821  4821 F libc    : page record for 0x7facf67010 was not found (block_size=16)
12-04 12:53:29.710  3325  3394 I PowerManagerService: Waking up from sleep (uid 1000)...
12-04 12:53:29.712  3325  3325 V KeyguardServiceDelegate: onStartedWakingUp()
12-04 12:53:29.716  3325  3402 D WifiConfigStore: Retrieve network priorities after PNO.
12-04 12:53:29.716  3325  3402 E WifiStateMachine:  Fail to set up pno, want false now false
12-04 12:53:29.725  2995  3412 E bt_a2dp_hw: adev_set_parameters: ERROR: set param called even when stream out is null
12-04 12:53:29.739  3325  3356 I DisplayPowerController: Blocking screen on until initial contents have been drawn.
12-04 12:53:29.740  3325  3356 V KeyguardServiceDelegate: onScreenTurnedOn(showListener = com.android.server.policy.PhoneWindowManager$2@aec2ab3)
12-04 12:53:29.742  2988  2988 D SurfaceFlinger: Set power mode=2, type=0 flinger=0x7fac143c00
12-04 12:53:29.742  3325  3353 I DisplayManagerService: Display device changed state: "Built-in Screen", ON
12-04 12:53:29.762  3325  4059 V KeyguardServiceDelegate: **** SHOWN CALLED ****
12-04 12:53:30.034  3325  3450 D SurfaceControl: Excessive delay in setPowerMode(): 292ms
12-04 12:53:30.044  3325  3340 I Sensors : Acc old sensor_state 0, new sensor_state : 1 en : 1
12-04 12:53:30.050  3325  3356 I DisplayPowerController: Unblocked screen on after 311 ms
12-04 12:53:30.051  3325  3356 V KeyguardServiceDelegate: onScreenTurnedOn()
12-04 12:53:33.768  4837  4837 F libc    : page record for 0x7fa484d010 was not found (block_size=16)
12-04 12:53:34.138  3325  4059 I ActivityManager: Killing 4027:com.cyanogenmod.eleven:main/u0a43 (adj 15): empty #17
12-04 12:53:34.180  3325  3858 D ActivityManager: cleanUpApplicationRecord -- 4027
12-04 12:53:34.258  3489  3489 D MtpService: starting MTP server in MTP mode
12-04 12:53:34.258  3489  3489 E MtpServerJNI: could not open MTP driver, errno: 2
12-04 12:53:34.269  3489  4845 E MtpServerJNI: server is null in run
12-04 12:53:34.269  3489  4845 E MtpServerJNI: server is null in cleanup
12-04 12:53:34.272  3489  3489 E MtpServerJNI: server is null in send_object_removed
12-04 12:53:38.809  4875  4875 F libc    : page record for 0x7f8f77b010 was not found (block_size=16)
12-04 12:53:39.711  3325  3356 I PowerManagerService: Going to sleep due to screen timeout (uid 1000)...
12-04 12:53:39.712  3325  3356 I PowerManagerService: Sleeping (uid 1000)...
12-04 12:53:39.726  3325  3356 D mali_winsys: EGLint new_window_surface(egl_winsys_display*, void*, EGLSurface, EGLConfig, egl_winsys_surface**, egl_color_buffer_format*, EGLBoolean) returns 0x3000,  [1x1]-format:1
12-04 12:53:40.179  3325  3356 I Sensors : Acc old sensor_state 1, new sensor_state : 0 en : 0
12-04 12:53:40.180  3325  3356 V KeyguardServiceDelegate: onScreenTurnedOff()
12-04 12:53:40.193  2988  2988 D SurfaceFlinger: Set power mode=0, type=0 flinger=0x7fac143c00
12-04 12:53:40.193  3325  3353 I DisplayManagerService: Display device changed state: "Built-in Screen", OFF
12-04 12:53:40.360  3325  3450 D SurfaceControl: Excessive delay in setPowerMode(): 168ms
12-04 12:53:40.369  3325  3402 D WifiConfigStore: Retrieve network priorities after PNO.
12-04 12:53:40.369  3325  3402 E WifiStateMachine:  Fail to set up pno, want false now false
12-04 12:53:40.370  2995  3943 E bt_a2dp_hw: adev_set_parameters: ERROR: set param called even when stream out is null
12-04 12:53:40.379  3462  3462 D PhoneStatusBar: disable: < expand ICONS alerts SYSTEM_INFO back HOME RECENT clock SEARCH quick_settings >
12-04 12:53:41.713  3325  3356 W PowerManagerService: Sandman unresponsive, releasing suspend blocker
12-04 12:53:43.849  4879  4879 F libc    : page record for 0x7f9e839010 was not found (block_size=16)
12-04 12:53:48.888  4881  4881 F libc    : page record for 0x7f9e799010 was not found (block_size=16)
12-04 12:53:53.927  4884  4884 F libc    : page record for 0x7fa5fd9010 was not found (block_size=16)
12-04 12:53:58.968  4886  4886 F libc    : page record for 0x7fb54f7010 was not found (block_size=16)
12-04 12:54:01.170  3325  3394 I PowerManagerService: Waking up from sleep (uid 1000)...
12-04 12:54:01.172  3325  3325 V KeyguardServiceDelegate: onStartedWakingUp()
12-04 12:54:01.199  3325  3356 I DisplayPowerController: Blocking screen on until initial contents have been drawn.
12-04 12:54:01.199  3325  3356 V KeyguardServiceDelegate: onScreenTurnedOn(showListener = com.android.server.policy.PhoneWindowManager$2@aec2ab3)
12-04 12:54:01.202  3325  3353 I DisplayManagerService: Display device changed state: "Built-in Screen", ON
12-04 12:54:01.205  2988  2988 D SurfaceFlinger: Set power mode=2, type=0 flinger=0x7fac143c00
12-04 12:54:01.205  3325  3402 D WifiConfigStore: Retrieve network priorities after PNO.
12-04 12:54:01.205  3325  3402 E WifiStateMachine:  Fail to set up pno, want false now false
12-04 12:54:01.212  2995  3211 E bt_a2dp_hw: adev_set_parameters: ERROR: set param called even when stream out is null
12-04 12:54:01.225  3325  3549 V KeyguardServiceDelegate: **** SHOWN CALLED ****
12-04 12:54:01.425  3325  3450 D SurfaceControl: Excessive delay in setPowerMode(): 223ms
12-04 12:54:01.435  3325  3340 I Sensors : Acc old sensor_state 0, new sensor_state : 1 en : 1
12-04 12:54:01.440  3325  3356 I DisplayPowerController: Unblocked screen on after 241 ms
12-04 12:54:01.442  3325  3356 V KeyguardServiceDelegate: onScreenTurnedOn()
12-04 12:54:02.315  3462  3462 D PhoneStatusBar: disable: < expand ICONS alerts SYSTEM_INFO back HOME RECENT clock SEARCH quick_settings >
12-04 12:54:02.345  2995  3207 V audio_hw_primary: out_set_parameters: key value pairs: routing=2
12-04 12:54:02.349  3462  3462 D PhoneStatusBar: disable: < expand icons* alerts system_info* back HOME RECENT clock SEARCH quick_settings >
12-04 12:54:02.356  2995  3207 V audio_hw_primary: start_output_stream: starting stream
12-04 12:54:02.386  3462  3462 D PhoneStatusBar: disable: < expand icons alerts system_info back home* recent* clock search* quick_settings >
12-04 12:54:02.386  3325  3336 W InputMethodManagerService: Window already focused, ignoring focus gain of: com.android.internal.view.IInputMethodClient$Stub$Proxy@e5c7468 attribute=android.view.inputmethod.EditorInfo@9457081, token = android.os.BinderProxy@414269d
12-04 12:54:02.399  2995  3207 V audio_hw_primary: start_output_stream: stream out device: 2, actual: 2
12-04 12:54:02.853  3462  3956 D mali_winsys: EGLint new_window_surface(egl_winsys_display*, void*, EGLSurface, EGLConfig, egl_winsys_surface**, egl_color_buffer_format*, EGLBoolean) returns 0x3000,  [1440x96]-format:1
12-04 12:54:03.739  2995  3207 V audio_hw_primary: out_set_parameters: key value pairs: routing=2
12-04 12:54:03.790  2995  3207 D AudioFlinger: mixer(0xf4380000) throttle end: throttle time(11)
12-04 12:54:04.014  4909  4909 F libc    : page record for 0x7f9c49d010 was not found (block_size=16)
12-04 12:54:06.883  2995  3207 V audio_hw_primary: do_out_standby: output standby: 0
12-04 12:54:07.906  2995  3207 V audio_hw_primary: out_set_parameters: key value pairs: routing=2
12-04 12:54:07.908  3325  4059 I ActivityManager: START u0 {act=android.intent.action.MAIN cat=[android.intent.category.LAUNCHER] flg=0x10200000 cmp=com.android.calendar/.AllInOneActivity (has extras)} from uid 10027 on display 0
12-04 12:54:07.917  2995  3207 V audio_hw_primary: start_output_stream: starting stream
12-04 12:54:07.952  4350  4350 D ExtensionsFactory: AllInOneMenuExtensions not found in properties file.
12-04 12:54:07.959  2995  3207 V audio_hw_primary: start_output_stream: stream out device: 2, actual: 2
12-04 12:54:07.994  4350  4350 D ExtensionsFactory: AnalyticsLogger not found in properties file.
12-04 12:54:08.031  4350  4915 D OpenGLRenderer: Use EGL_SWAP_BEHAVIOR_PRESERVED: true
12-04 12:54:08.064  3325  3548 D AccountManagerService: bind attempt failed for Session: expectLaunch true, connected false, stats (0/0/0), lifetime 0.0, addAccount, accountType com.google, requiredFeatures null
12-04 12:54:08.065  4350  4350 W AllInOneActivity: mOptionsMenu is null
12-04 12:54:08.073  4350  4915 I OpenGLRenderer: Initialized EGL, version 1.4
12-04 12:54:08.078  4350  4915 D mali_winsys: EGLint new_window_surface(egl_winsys_display*, void*, EGLSurface, EGLConfig, egl_winsys_surface**, egl_color_buffer_format*, EGLBoolean) returns 0x3000,  [1440x2560]-format:1
12-04 12:54:08.205  3325  3353 I ActivityManager: Displayed com.android.calendar/.AllInOneActivity: +266ms
12-04 12:54:09.047  4934  4934 F libc    : page record for 0x7f9ff5d010 was not found (block_size=16)
12-04 12:54:09.294  3797  3797 D EmojiAltPhysicalKeyDetector: onKeyUp() : KeyEvent { action=ACTION_UP, keyCode=KEYCODE_BACK, scanCode=158, metaState=0, flags=0x8, repeatCount=0, eventTime=412873, downTime=412834, deviceId=19, source=0x101 }
12-04 12:54:09.294  3797  3797 D EmojiAltPhysicalKeyDetector: onKeyUp() : Not Mapped: 4
12-04 12:54:09.386  3845  4012 D mali_winsys: EGLint new_window_surface(egl_winsys_display*, void*, EGLSurface, EGLConfig, egl_winsys_surface**, egl_color_buffer_format*, EGLBoolean) returns 0x3000,  [1440x2560]-format:1
12-04 12:54:10.849  3325  3493 I ActivityManager: START u0 {act=android.intent.action.MAIN cat=[android.intent.category.LAUNCHER] flg=0x10200000 cmp=com.android.settings/.Settings (has extras)} from uid 10027 on display 0
12-04 12:54:10.860  2995  3207 V audio_hw_primary: out_set_parameters: key value pairs: routing=2
12-04 12:54:10.991  3325  3831 I ActivityManager: Start proc 4939:com.android.cellbroadcastreceiver/u0a6 for content provider com.android.cellbroadcastreceiver/.CellBroadcastSearchIndexableProvider
12-04 12:54:11.028  4939  4939 W System  : ClassLoader referenced unknown path: /system/priv-app/CellBroadcastReceiver/lib/arm64
12-04 12:54:11.097  3895  3895 D Index   : Cannot find field 'SEARCH_INDEX_DATA_PROVIDER'
12-04 12:54:11.111  3895  4953 I IndexDatabaseHelper: Using schema version: 121
12-04 12:54:11.112  3895  4953 I IndexDatabaseHelper: Index is fine
12-04 12:54:11.114  3895  4953 D Index   : Locale 'en_US' is already indexed
12-04 12:54:11.144  3895  4954 D OpenGLRenderer: Use EGL_SWAP_BEHAVIOR_PRESERVED: true
12-04 12:54:11.225  3829  4072 D PhoneInterfaceManager: [PhoneIntfMgr] getDataEnabled: subId=-1 phoneId=-1
12-04 12:54:11.225  3829  4072 E PhoneInterfaceManager: [PhoneIntfMgr] getDataEnabled: no phone subId=-1 retVal=false
12-04 12:54:11.225  3895  3895 D TelephonyManager: getDataEnabled: retVal=false
12-04 12:54:11.277  3895  3895 D DashboardSummary: rebuildUI took: 112 ms
12-04 12:54:11.305  3895  4954 I OpenGLRenderer: Initialized EGL, version 1.4
12-04 12:54:11.313  3895  4969 D Index   : Deleting data for locale 'en_US' took 7 millis
12-04 12:54:11.315  3895  4954 D mali_winsys: EGLint new_window_surface(egl_winsys_display*, void*, EGLSurface, EGLConfig, egl_winsys_surface**, egl_color_buffer_format*, EGLBoolean) returns 0x3000,  [1440x2560]-format:1
12-04 12:54:11.319  3895  4969 D Index   : Indexing locale 'en_US' took 6 millis
12-04 12:54:11.326  3895  4971 D Index   : Deleting data for locale 'en_US' took 1 millis
12-04 12:54:11.328  3895  4971 D Index   : Indexing locale 'en_US' took 2 millis
12-04 12:54:11.486  3325  3353 I ActivityManager: Displayed com.android.settings/.Settings: +603ms
12-04 12:54:11.562  2988  2988 E Fence   : merge: sync_merge("FramebufferSurface:2", 1015, 1023) returned an error: Too many open files (-24)
12-04 12:54:11.579  2988  2988 E Fence   : merge: sync_merge("FramebufferSurface:1", 1013, 1023) returned an error: Too many open files (-24)
12-04 12:54:11.595  2988  2988 E Fence   : merge: sync_merge("FramebufferSurface:0", 1010, 1023) returned an error: Too many open files (-24)
12-04 12:54:11.612  2988  2988 E Fence   : merge: sync_merge("FramebufferSurface:4", 996, 1023) returned an error: Too many open files (-24)
12-04 12:54:11.629  2988  2988 E Fence   : merge: sync_merge("FramebufferSurface:3", 1015, 1023) returned an error: Too many open files (-24)
12-04 12:54:11.645  2988  2988 W display : release fence dup failed: Too many open files
12-04 12:54:11.649  2988  2988 W surfaceflinger: type=1701 audit(0.0:209): auid=4294967295 uid=1000 gid=1003 ses=4294967295 exe="/system/bin/surfaceflinger" sig=6
12-04 12:54:11.661  2988  2988 E display : ioctl S3CFB_WIN_CONFIG failed: Too many open files
12-04 12:54:11.662  2988  2988 F display : ioctl S3CFB_WIN_CONFIG failed to clear screen: Too many open files
12-04 12:54:11.700  2987  2987 I ServiceManager: service 'SurfaceFlinger' died
12-04 12:54:11.701  3895  4970 W SurfaceComposerClient: ComposerService remote (surfaceflinger) died [0x7f75196420]
12-04 12:54:11.701  3325  3336 W SurfaceComposerClient: ComposerService remote (surfaceflinger) died [0x7f7b09d460]
12-04 12:54:11.701  4350  4361 W SurfaceComposerClient: ComposerService remote (surfaceflinger) died [0x7f75188160]
12-04 12:54:11.702  3462  3473 W SurfaceComposerClient: ComposerService remote (surfaceflinger) died [0x7f751a1600]
12-04 12:54:11.702  3845  4563 W SurfaceComposerClient: ComposerService remote (surfaceflinger) died [0x7f75194fa0]
12-04 12:54:11.779  3325  3353 E DisplayEventReceiver: Display event receiver pipe was closed or an error occurred.  events=0x9
12-04 12:54:11.779  3325  3434 E DisplayEventReceiver: Display event receiver pipe was closed or an error occurred.  events=0x9
12-04 12:54:11.779  3325  3353 E DisplayEventReceiver: Display event receiver pipe was closed or an error occurred.  events=0x9
12-04 12:54:11.780  3325  3356 E DisplayEventReceiver: Display event receiver pipe was closed or an error occurred.  events=0x9
12-04 12:54:11.780  3325  3325 E DisplayEventReceiver: Display event receiver pipe was closed or an error occurred.  events=0x9
12-04 12:54:11.780  3462  3462 E DisplayEventReceiver: Display event receiver pipe was closed or an error occurred.  events=0x9
12-04 12:54:11.780  3462  3956 E OpenGLRenderer: Display event receiver pipe was closed or an error occurred.  events=0x9
12-04 12:54:11.781  3845  3845 E DisplayEventReceiver: Display event receiver pipe was closed or an error occurred.  events=0x9
12-04 12:54:11.781  3845  4012 E OpenGLRenderer: Display event receiver pipe was closed or an error occurred.  events=0x9
12-04 12:54:11.788  3895  3895 E DisplayEventReceiver: Display event receiver pipe was closed or an error occurred.  events=0x9
12-04 12:54:11.789  4350  4350 E DisplayEventReceiver: Display event receiver pipe was closed or an error occurred.  events=0x9
12-04 12:54:11.789  4350  4915 E OpenGLRenderer: Display event receiver pipe was closed or an error occurred.  events=0x9
12-04 12:54:11.790  3895  4954 E OpenGLRenderer: Display event receiver pipe was closed or an error occurred.  events=0x9
12-04 12:54:11.860  4975  4975 I SurfaceFlinger: SurfaceFlinger is starting
12-04 12:54:11.860  4975  4975 E SchedPolicy: /system/bin/surfaceflinger add_tid_to_cgroup failed; fd=-1
12-04 12:54:11.860  4975  4975 I SurfaceFlinger: SurfaceFlinger's main thread ready to run. Initializing graphics H/W...
12-04 12:54:11.870  2987  2987 I ServiceManager: service 'media.radio' died
12-04 12:54:11.870  2987  2987 I ServiceManager: service 'media.sound_trigger_hw' died
12-04 12:54:11.870  2987  2987 I ServiceManager: service 'media.audio_flinger' died
12-04 12:54:11.870  2987  2987 I ServiceManager: service 'media.player' died
12-04 12:54:11.870  2987  2987 I ServiceManager: service 'media.resource_manager' died
12-04 12:54:11.870  2987  2987 I ServiceManager: service 'media.camera' died
12-04 12:54:11.870  2987  2987 I ServiceManager: service 'media.audio_policy' died
12-04 12:54:11.892  4975  4975 D libEGL  : loaded /vendor/lib64/egl/libGLES_mali.so
12-04 12:54:11.900  4975  4975 I gralloc : using (id=)
12-04 12:54:11.900  4975  4975 I gralloc : xres         = 1440 px
12-04 12:54:11.900  4975  4975 I gralloc : yres         = 2560 px
12-04 12:54:11.900  4975  4975 I gralloc : width        = 68 mm (537.882324 dpi)
12-04 12:54:11.900  4975  4975 I gralloc : height       = 122 mm (532.983582 dpi)
12-04 12:54:11.900  4975  4975 I gralloc : refresh rate = 59.31 Hz
12-04 12:54:11.905  4975  4975 D hwcomposer: using
12-04 12:54:11.905  4975  4975 D hwcomposer: xres         = 1440 px
12-04 12:54:11.905  4975  4975 D hwcomposer: yres         = 2560 px
12-04 12:54:11.905  4975  4975 D hwcomposer: width        = 68 mm (537.882000 dpi)
12-04 12:54:11.905  4975  4975 D hwcomposer: height       = 122 mm (532.983000 dpi)
12-04 12:54:11.905  4975  4975 D hwcomposer: refresh rate = 59 Hz
12-04 12:54:11.905  4975  4975 I hwcomposer: PSR info devname = /sys/devices/13960000.decon_f/psr_info
12-04 12:54:11.905  4975  4975 I hwcomposer: PSR mode is 6(0: video mode, 1: DP PSR mode, 2: MIPI-DSI command mode)
12-04 12:54:11.905  4975  4975 I SurfaceFlinger: Using composer version 1.3
12-04 12:54:11.905  4975  4975 E display : unknown display attribute 6
12-04 12:54:11.905  4975  4975 I SurfaceFlinger: EGL information:
12-04 12:54:11.905  4975  4975 I SurfaceFlinger: vendor    : Android
12-04 12:54:11.905  4975  4975 I SurfaceFlinger: version   : 1.4 Android META-EGL
12-04 12:54:11.905  4975  4975 I SurfaceFlinger: extensions: EGL_KHR_get_all_proc_addresses EGL_ANDROID_presentation_time EGL_KHR_swap_buffers_with_damage EGL_KHR_image EGL_KHR_image_base EGL_KHR_gl_texture_2D_image EGL_KHR_gl_texture_cubemap_image EGL_KHR_gl_renderbuffer_image EGL_KHR_fence_sync EGL_KHR_create_context EGL_KHR_config_attribs EGL_KHR_surfaceless_context EGL_EXT_create_context_robustness EGL_ANDROID_image_native_buffer EGL_KHR_wait_sync EGL_ANDROID_recordable EGL_KHR_partial_update 
12-04 12:54:11.905  4975  4975 I SurfaceFlinger: Client API: OpenGL_ES
12-04 12:54:11.905  4975  4975 I SurfaceFlinger: EGLSurface: 8-8-8-8, config=0x7f97c7b138
12-04 12:54:11.908  4975  4975 I SurfaceFlinger: OpenGL ES informations:
12-04 12:54:11.908  4975  4975 I SurfaceFlinger: vendor    : ARM
12-04 12:54:11.908  4975  4975 I SurfaceFlinger: renderer  : Mali-T880
12-04 12:54:11.908  4975  4975 I SurfaceFlinger: version   : OpenGL ES 3.2 v1.r12p1-00dev0.60546d7cd0bfd82d0ba92ca3bb825c75
12-04 12:54:11.908  4975  4975 I SurfaceFlinger: extensions: GL_EXT_debug_marker GL_ARM_rgba8 GL_ARM_mali_shader_binary GL_OES_depth24 GL_OES_depth_texture GL_OES_depth_texture_cube_map GL_OES_packed_depth_stencil GL_OES_rgb8_rgba8 GL_EXT_read_format_bgra GL_OES_compressed_paletted_texture GL_OES_compressed_ETC1_RGB8_texture GL_OES_standard_derivatives GL_OES_EGL_image GL_OES_EGL_image_external GL_OES_EGL_image_external_essl3 GL_OES_EGL_sync GL_OES_texture_npot GL_OES_vertex_half_float GL_OES_required_internalformat GL_OES_vertex_array_object GL_OES_mapbuffer GL_EXT_texture_format_BGRA8888 GL_EXT_texture_rg GL_EXT_texture_type_2_10_10_10_REV GL_OES_fbo_render_mipmap GL_OES_element_index_uint GL_EXT_shadow_samplers GL_OES_texture_compression_astc GL_KHR_texture_compression_astc_ldr GL_KHR_texture_compression_astc_hdr GL_KHR_texture_compression_astc_sliced_3d GL_KHR_debug GL_EXT_occlusion_query_boolean GL_EXT_disjoint_timer_query GL_EXT_blend_minmax GL_EXT_discard_framebuffer GL_OES_get_program_binary GL_OES_texture_3D GL_EXT_texture_storage GL_EXT_multisamp
12-04 12:54:11.908  4975  4975 I SurfaceFlinger: GL_MAX_TEXTURE_SIZE = 16384
12-04 12:54:11.908  4975  4975 I SurfaceFlinger: GL_MAX_VIEWPORT_DIMS = 16384
12-04 12:54:11.908  4975  4975 D mali_winsys: EGLint new_window_surface(egl_winsys_display*, void*, EGLSurface, EGLConfig, egl_winsys_surface**, egl_color_buffer_format*, EGLBoolean) returns 0x3000,  [1440x2560]-format:1
12-04 12:54:11.929  4975  4975 D SurfaceFlinger: Set power mode=2, type=0 flinger=0x7f97c43c00
12-04 12:54:11.939  2987  2987 I ServiceManager: service 'phone' died
12-04 12:54:11.939  2987  2987 I ServiceManager: service 'carrier_config' died
12-04 12:54:11.939  2987  2987 I ServiceManager: service 'sip' died
12-04 12:54:11.939  2987  2987 I ServiceManager: service 'iphonesubinfo' died
12-04 12:54:11.939  2987  2987 I ServiceManager: service 'isub' died
12-04 12:54:11.939  2987  2987 I ServiceManager: service 'simphonebook' died
12-04 12:54:11.939  2987  2987 I ServiceManager: service 'isms' died
12-04 12:54:11.990  2996  2996 E installd: eof
12-04 12:54:11.990  2996  2996 E installd: failed to read size
12-04 12:54:11.990  2996  2996 I installd: closing connection
12-04 12:54:11.990  2986  2986 I lowmemorykiller: ActivityManager disconnected
12-04 12:54:11.990  2986  2986 I lowmemorykiller: Closing Activity Manager data connection
12-04 12:54:11.991  2987  2987 I ServiceManager: service 'telecom' died
12-04 12:54:11.991  3004  3004 D fingerprintd: binder died
12-04 12:54:11.991  3004  3004 V fingerprintd: nativeCloseHal()
12-04 12:54:11.991  3004  3004 E fingerprintd: No valid device
12-04 12:54:11.991  3004  3004 E fingerprintd: Can't close fingerprint device, error: -38
12-04 12:54:11.991  2987  2987 I ServiceManager: service 'cmaudio' died
12-04 12:54:11.992  2987  2987 I ServiceManager: service 'sensorservice' died
12-04 12:54:11.992  2987  2987 I ServiceManager: service 'package' died
12-04 12:54:11.992  2987  2987 I ServiceManager: service 'user' died
12-04 12:54:11.992  2987  2987 I ServiceManager: service 'activity' died
12-04 12:54:11.992  2987  2987 I ServiceManager: service 'procstats' died
12-04 12:54:11.992  2987  2987 I ServiceManager: service 'meminfo' died
12-04 12:54:11.992  2987  2987 I ServiceManager: service 'gfxinfo' died
12-04 12:54:11.992  2987  2987 I ServiceManager: service 'dbinfo' died
12-04 12:54:11.992  2987  2987 I ServiceManager: service 'cpuinfo' died
12-04 12:54:11.992  2987  2987 I ServiceManager: service 'permission' died
12-04 12:54:11.992  2987  2987 I ServiceManager: service 'processinfo' died
12-04 12:54:11.992  2987  2987 I ServiceManager: service 'batterymanager' died
12-04 12:54:11.992  2987  2987 I ServiceManager: service 'usagestats' died
12-04 12:54:11.992  2987  2987 I ServiceManager: service 'webviewupdate' died
12-04 12:54:11.992  2987  2987 I ServiceManager: service 'scheduling_policy' died
12-04 12:54:11.992  2987  2987 I ServiceManager: service 'telephony.registry' died
12-04 12:54:11.993  2987  2987 I ServiceManager: service 'media.camera.proxy' died
12-04 12:54:11.993  2987  2987 I ServiceManager: service 'account' died
12-04 12:54:11.993  2987  2987 I ServiceManager: service 'content' died
12-04 12:54:11.993  2987  2987 I ServiceManager: service 'vibrator' died
12-04 12:54:11.993  2987  2987 I ServiceManager: service 'consumer_ir' died
12-04 12:54:11.993  2987  2987 I ServiceManager: service 'alarm' died
12-04 12:54:11.993  2987  2987 I ServiceManager: service 'window' died
12-04 12:54:11.993  2987  2987 I ServiceManager: service 'input' died
12-04 12:54:11.993  2987  2987 I ServiceManager: service 'bluetooth_manager' died
12-04 12:54:11.993  2987  2987 I ServiceManager: service 'input_method' died
12-04 12:54:11.993  2987  2987 I ServiceManager: service 'accessibility' died
12-04 12:54:11.993  2987  2987 I ServiceManager: service 'mount' died
12-04 12:54:11.993  2987  2987 I ServiceManager: service 'uimode' died
12-04 12:54:11.993  2987  2987 I ServiceManager: service 'lock_settings' died
12-04 12:54:11.993  2987  2987 I ServiceManager: service 'deviceidle' died
12-04 12:54:11.993  2987  2987 I ServiceManager: service 'device_policy' died
12-04 12:54:11.993  2987  2987 I ServiceManager: service 'statusbar' died
12-04 12:54:11.993  2987  2987 I ServiceManager: service 'clipboard' died
12-04 12:54:11.993  2987  2987 I ServiceManager: service 'network_management' died
12-04 12:54:11.993  2987  2987 I ServiceManager: service 'textservices' died
12-04 12:54:11.993  2987  2987 I ServiceManager: service 'network_score' died
12-04 12:54:11.993  2987  2987 I ServiceManager: service 'netstats' died
12-04 12:54:11.993  2987  2987 I ServiceManager: service 'netpolicy' died
12-04 12:54:11.993  2987  2987 I ServiceManager: service 'wifip2p' died
12-04 12:54:11.993  2987  2987 I ServiceManager: service 'wifi' died
12-04 12:54:11.993  2987  2987 I ServiceManager: service 'wifiscanner' died
12-04 12:54:11.993  2987  2987 I ServiceManager: service 'rttmanager' died
12-04 12:54:11.993  2987  2987 I ServiceManager: service 'ethernet' died
12-04 12:54:11.993  2987  2987 I ServiceManager: service 'connectivity' died
12-04 12:54:11.993  2987  2987 I ServiceManager: service 'servicediscovery' died
12-04 12:54:11.993  2987  2987 I ServiceManager: service 'updatelock' died
12-04 12:54:11.993  2987  2987 I ServiceManager: service 'notification' died
12-04 12:54:11.993  2987  2987 I ServiceManager: service 'devicestoragemonitor' died
12-04 12:54:11.993  2987  2987 I ServiceManager: service 'location' died
12-04 12:54:11.993  2987  2987 I ServiceManager: service 'country_detector' died
12-04 12:54:11.993  2987  2987 I ServiceManager: service 'search' died
12-04 12:54:11.993  2987  2987 I ServiceManager: service 'dropbox' died
12-04 12:54:11.993  2987  2987 I ServiceManager: service 'wallpaper' died
12-04 12:54:11.993  2987  2987 I ServiceManager: service 'audio' died
12-04 12:54:11.993  2987  2987 I ServiceManager: service 'DockObserver' died
12-04 12:54:11.993  2987  2987 I ServiceManager: service 'usb' died
12-04 12:54:11.993  2987  2987 I ServiceManager: service 'serial' died
12-04 12:54:11.993  2987  2987 I ServiceManager: service 'jobscheduler' died
12-04 12:54:11.993  2987  2987 I ServiceManager: service 'backup' died
12-04 12:54:11.993  2987  2987 I ServiceManager: service 'appwidget' died
12-04 12:54:11.993  2987  2987 I ServiceManager: service 'voiceinteraction' died
12-04 12:54:11.993  2987  2987 I ServiceManager: service 'diskstats' died
12-04 12:54:11.993  2987  2987 I ServiceManager: service 'samplingprofiler' died
12-04 12:54:11.993  2987  2987 I ServiceManager: service 'commontime_management' died
12-04 12:54:11.993  2987  2987 I ServiceManager: service 'dreams' died
12-04 12:54:11.993  2987  2987 I ServiceManager: service 'assetatlas' died
12-04 12:54:11.993  2987  2987 I ServiceManager: service 'graphicsstats' died
12-04 12:54:11.993  2987  2987 I ServiceManager: service 'print' died
12-04 12:54:11.993  2987  2987 I ServiceManager: service 'restrictions' died
12-04 12:54:11.993  2987  2987 I ServiceManager: service 'media_session' died
12-04 12:54:11.993  2987  2987 I ServiceManager: service 'media_router' died
12-04 12:54:11.993  2987  2987 I ServiceManager: service 'trust' died
12-04 12:54:11.993  2987  2987 I ServiceManager: service 'fingerprint' died
12-04 12:54:11.993  2987  2987 I ServiceManager: service 'launcherapps' died
12-04 12:54:11.993  2987  2987 I ServiceManager: service 'media_projection' died
12-04 12:54:11.993  2987  2987 I ServiceManager: service 'imms' died
12-04 12:54:11.993  2987  2987 I ServiceManager: service 'cmstatusbar' died
12-04 12:54:11.993  2987  2987 I ServiceManager: service 'profile' died
12-04 12:54:11.993  2987  2987 I ServiceManager: service 'cmpartnerinterface' died
12-04 12:54:11.993  2987  2987 I ServiceManager: service 'cmtelephonymanager' died
12-04 12:54:11.993  2987  2987 I ServiceManager: service 'cmhardware' died
12-04 12:54:11.993  2987  2987 I ServiceManager: service 'cmappsuggest' died
12-04 12:54:11.993  2987  2987 I ServiceManager: service 'cmperformance' died
12-04 12:54:11.993  2987  2987 I ServiceManager: service 'cmiconcache' died
12-04 12:54:11.993  2987  2987 I ServiceManager: service 'cmlivelockscreen' died
12-04 12:54:11.993  2987  2987 I ServiceManager: service 'cmthemes' died
12-04 12:54:11.993  2987  2987 I ServiceManager: service 'batterystats' died
12-04 12:54:11.993  2987  2987 I ServiceManager: service 'appops' died
12-04 12:54:11.993  2987  2987 I ServiceManager: service 'power' died
12-04 12:54:11.993  2987  2987 I ServiceManager: service 'display' died
12-04 12:54:11.993  2987  2987 I ServiceManager: service 'cmweather' died
12-04 12:54:11.993  2987  2987 I ServiceManager: service 'cmlivedisplay' died
12-04 12:54:12.014  4980  4980 V MediaUtils: physMem: 3748515840
12-04 12:54:12.014  4980  4980 V MediaUtils: requested limit: 2436535270
12-04 12:54:12.014  4980  4980 V MediaUtils: actual limit: 2436535270
12-04 12:54:12.014  4980  4980 V MediaUtils: original limits: 4294967295/4294967295
12-04 12:54:12.014  4980  4980 V MediaUtils: new limits: 2436535270/4294967295
12-04 12:54:12.015  4980  4980 I mediaserver: ServiceManager: 0xf654e120
12-04 12:54:12.015  4980  4980 I AudioFlinger: Using default 3000 mSec as standby time.
12-04 12:54:12.015  4980  4980 E BatteryNotifier: batterystats service unavailable!
12-04 12:54:12.015  4980  4980 E BatteryNotifier: batterystats service unavailable!
12-04 12:54:12.015  4980  4980 I CameraService: CameraService started (pid=4980)
12-04 12:54:12.015  4980  4980 I CameraService: CameraService process starting
12-04 12:54:12.015  4980  4980 E BatteryNotifier: batterystats service unavailable!
12-04 12:54:12.015  4980  4980 E BatteryNotifier: batterystats service unavailable!
12-04 12:54:12.015  4980  4980 E CameraService: Could not load camera HAL module: -2 (No such file or directory)
12-04 12:54:12.016  4980  4980 I AudioPolicyService: AudioPolicyService CSTOR in new mode
12-04 12:54:12.016  4980  4980 W APM::HwModule: loadOutput() invalid supported devices
12-04 12:54:12.016  4980  4980 W APM::HwModule: loadOutput() invalid supported devices
12-04 12:54:12.016  4980  4980 W APM::HwModule: loadInput() invalid supported devices
12-04 12:54:12.016  4980  4980 W APM::HwModule: loadInput() invalid supported devices
12-04 12:54:12.016  4980  4980 I APM::ConfigParsingUtils: loadAudioPolicyConfig() loaded /system/etc/audio_policy.conf
12-04 12:54:12.069  2974  2974 W auditd  : type=1325 audit(0.0:210): table=filter family=2 entries=74
12-04 12:54:12.069  2974  2974 W auditd  : type=1320 audit(0.0:210): 
12-04 12:54:12.077  4979  4979 D AndroidRuntime: >>>>>> START com.android.internal.os.ZygoteInit uid 0 <<<<<<
12-04 12:54:12.079  2974  2974 W auditd  : type=1325 audit(0.0:211): table=filter family=10 entries=77
12-04 12:54:12.079  2974  2974 W auditd  : type=1320 audit(0.0:211): 
12-04 12:54:12.079  4979  4979 D AndroidRuntime: CheckJNI is OFF
12-04 12:54:12.079  4979  4979 I art     : option[0]=-Xzygote
12-04 12:54:12.079  4979  4979 I art     : option[1]=-Xstacktracefile:/data/anr/traces.txt
12-04 12:54:12.079  4979  4979 I art     : option[2]=exit
12-04 12:54:12.079  4979  4979 I art     : option[3]=vfprintf
12-04 12:54:12.079  4979  4979 I art     : option[4]=sensitiveThread
12-04 12:54:12.079  4979  4979 I art     : option[5]=-verbose:gc
12-04 12:54:12.079  4979  4979 I art     : option[6]=-Xms8m
12-04 12:54:12.079  4979  4979 I art     : option[7]=-Xmx512m
12-04 12:54:12.079  4979  4979 I art     : option[8]=-XX:HeapGrowthLimit=256m
12-04 12:54:12.079  4979  4979 I art     : option[9]=-XX:HeapMinFree=2m
12-04 12:54:12.079  4979  4979 I art     : option[10]=-XX:HeapMaxFree=8m
12-04 12:54:12.079  4979  4979 I art     : option[11]=-XX:HeapTargetUtilization=0.75
12-04 12:54:12.079  4979  4979 I art     : option[12]=-agentlib:jdwp=transport=dt_android_adb,suspend=n,server=y
12-04 12:54:12.079  4979  4979 I art     : option[13]=-Xlockprofthreshold:500
12-04 12:54:12.079  4979  4979 I art     : option[14]=-Ximage-compiler-option
12-04 12:54:12.079  4979  4979 I art     : option[15]=--runtime-arg
12-04 12:54:12.079  4979  4979 I art     : option[16]=-Ximage-compiler-option
12-04 12:54:12.079  4979  4979 I art     : option[17]=-Xms64m
12-04 12:54:12.079  4979  4979 I art     : option[18]=-Ximage-compiler-option
12-04 12:54:12.079  4979  4979 I art     : option[19]=--runtime-arg
12-04 12:54:12.079  4979  4979 I art     : option[20]=-Ximage-compiler-option
12-04 12:54:12.079  4979  4979 I art     : option[21]=-Xmx64m
12-04 12:54:12.079  4979  4979 I art     : option[22]=-Ximage-compiler-option
12-04 12:54:12.079  4979  4979 I art     : option[23]=--compiler-filter=speed
12-04 12:54:12.079  4979  4979 I art     : option[24]=-Ximage-compiler-option
12-04 12:54:12.079  4979  4979 I art     : option[25]=--image-classes=/system/etc/preloaded-classes
12-04 12:54:12.079  4979  4979 I art     : option[26]=-Xcompiler-option
12-04 12:54:12.079  4979  4979 I art     : option[27]=--runtime-arg
12-04 12:54:12.079  4979  4979 I art     : option[28]=-Xcompiler-option
12-04 12:54:12.079  4979  4979 I art     : option[29]=-Xms64m
12-04 12:54:12.080  4979  4979 I art     : option[30]=-Xcompiler-option
12-04 12:54:12.080  4979  4979 I art     : option[31]=--runtime-arg
12-04 12:54:12.080  4979  4979 I art     : option[32]=-Xcompiler-option
12-04 12:54:12.080  4979  4979 I art     : option[33]=-Xmx512m
12-04 12:54:12.080  4979  4979 I art     : option[34]=-Xcompiler-option
12-04 12:54:12.080  4979  4979 I art     : option[35]=--compiler-filter=speed
12-04 12:54:12.080  4979  4979 I art     : option[36]=-Ximage-compiler-option
12-04 12:54:12.080  4979  4979 I art     : option[37]=--instruction-set-variant=generic
12-04 12:54:12.080  4979  4979 I art     : option[38]=-Xcompiler-option
12-04 12:54:12.080  4979  4979 I art     : option[39]=--instruction-set-variant=generic
12-04 12:54:12.080  4979  4979 I art     : option[40]=-Ximage-compiler-option
12-04 12:54:12.080  4979  4979 I art     : option[41]=--instruction-set-features=default
12-04 12:54:12.080  4979  4979 I art     : option[42]=-Xcompiler-option
12-04 12:54:12.080  4979  4979 I art     : option[43]=--instruction-set-features=default
12-04 12:54:12.080  4979  4979 I art     : option[44]=-Duser.locale=en-US
12-04 12:54:12.080  4979  4979 I art     : option[45]=--cpu-abilist=arm64-v8a,armeabi
12-04 12:54:12.080  4979  4979 I art     : option[46]=-Xfingerprint:samsung/cm_hero2ltexx/hero2ltexx:6.0.1/MOB31K/e933b1c43c:userdebug/test-keys
12-04 12:54:12.081  5008  5008 I Netd    : Netd 1.0 starting
12-04 12:54:12.081  5008  5008 I QtiConnectivityAdapter: Failed to open libconnctrl, some features may not be present.
12-04 12:54:12.081  5008  5008 D TetherController: Setting IP forward enable = 0
12-04 12:54:12.089  2974  2974 W auditd  : type=1325 audit(0.0:212): table=filter family=2 entries=73
12-04 12:54:12.089  2974  2974 W auditd  : type=1320 audit(0.0:212): 
12-04 12:54:12.099  2974  2974 W auditd  : type=1325 audit(0.0:213): table=filter family=10 entries=76
12-04 12:54:12.099  2974  2974 W auditd  : type=1320 audit(0.0:213): 
12-04 12:54:12.113  4979  4979 D ICU     : No timezone override file found: /data/misc/zoneinfo/current/icu/icu_tzdata.dat
12-04 12:54:12.119  2974  2974 W auditd  : type=1325 audit(0.0:214): table=filter family=2 entries=71
12-04 12:54:12.119  2974  2974 W auditd  : type=1320 audit(0.0:214): 
12-04 12:54:12.129  2974  2974 W auditd  : type=1325 audit(0.0:215): table=filter family=10 entries=74
12-04 12:54:12.129  2974  2974 W auditd  : type=1320 audit(0.0:215): 
12-04 12:54:12.137  4979  4979 I Radio-JNI: register_android_hardware_Radio DONE
12-04 12:54:12.139  2974  2974 W auditd  : type=1325 audit(0.0:216): table=filter family=2 entries=69
12-04 12:54:12.139  2974  2974 W auditd  : type=1320 audit(0.0:216): 
12-04 12:54:12.139  4979  4979 I SamplingProfilerIntegration: Profiling disabled.
12-04 12:54:12.139  4979  4979 D Zygote  : begin preload
12-04 12:54:12.140  4979  4979 I Zygote  : Preloading classes...
12-04 12:54:12.149  2974  2974 W auditd  : type=1325 audit(0.0:217): table=filter family=10 entries=72
12-04 12:54:12.149  2974  2974 W auditd  : type=1320 audit(0.0:217): 
12-04 12:54:12.159  2974  2974 W auditd  : type=1325 audit(0.0:218): table=filter family=2 entries=71
12-04 12:54:12.159  2974  2974 W auditd  : type=1320 audit(0.0:218): 
12-04 12:54:12.169  2974  2974 W auditd  : type=1325 audit(0.0:219): table=filter family=10 entries=74
12-04 12:54:12.169  2974  2974 W auditd  : type=1320 audit(0.0:219): 
12-04 12:54:12.173  4979  4979 E Minikin : addFont failed to create font /system/fonts/NanumGothic.ttf
12-04 12:54:12.173  4979  4979 E Minikin : addFont failed to create font /system/fonts/DroidSansFallback.ttf
12-04 12:54:12.173  4979  4979 E Minikin : addFont failed to create font /system/fonts/MTLmr3m.ttf
12-04 12:54:12.174  4975  4975 D SurfaceFlinger: SF. shader cache generated - 26 shaders in 230.225815 ms
12-04 12:54:12.179  2974  2974 W auditd  : type=1325 audit(0.0:220): table=filter family=2 entries=72
12-04 12:54:12.179  2974  2974 W auditd  : type=1320 audit(0.0:220): 
12-04 12:54:12.179  2974  2974 W auditd  : type=1325 audit(0.0:221): table=filter family=10 entries=75
