12-14 22:44:47.724  3011  3011 E MonoPipe: Failed to fetch local time frequency when constructing a MonoPipe (res = -32).  getNextWriteTimestamp calls will be non-functional
12-14 22:44:47.724  3011  3494 I AudioFlinger: AudioFlinger's thread 0xf2d80000 ready to run
12-14 22:44:47.724  3011  3494 V audio_hw_primary: out_set_parameters: key value pairs: routing=2
12-14 22:44:47.724  3011  3494 V audio_hw_primary: do_out_standby: output standby: 1
12-14 22:44:47.724  3011  3494 E AudioFlinger: no wake lock to update!
12-14 22:44:47.725  3011  3011 V audio_hw_primary: adev_open_input_stream: Requesting input stream with rate: 48000, channels: 0xc
12-14 22:44:47.725  3011  3495 I AudioFlinger: AudioFlinger's thread 0xf2a80000 ready to run
12-14 22:44:47.735  3011  3011 I bt_a2dp_hw: adev_open:  adev_open in A2dp_hw module
12-14 22:44:47.735  3011  3011 I AudioFlinger: loadHwModule() Loaded a2dp audio interface from A2DP Audio HW HAL (audio) handle 5
12-14 22:44:47.760  3011  3011 I AudioFlinger: loadHwModule() Loaded usb audio interface from USB audio HW HAL (audio) handle 6
12-14 22:44:47.770  3011  3011 I r_submix: adev_open(name=audio_hw_if)
12-14 22:44:47.770  3011  3011 I r_submix: adev_init_check()
12-14 22:44:47.770  3011  3011 I AudioFlinger: loadHwModule() Loaded r_submix audio interface from Wifi Display audio HAL (audio) handle 7
12-14 22:44:47.770  3011  3011 D r_submix: adev_open_input_stream(addr=0)
12-14 22:44:47.770  3011  3011 D r_submix: submix_audio_device_create_pipe_l(addr=0, idx=9)
12-14 22:44:47.770  3011  3011 D r_submix:   now using address 0 for route 9
12-14 22:44:47.770  3011  3497 I AudioFlinger: AudioFlinger's thread 0xf2a80000 ready to run
12-14 22:44:47.770  3011  3011 D r_submix: adev_close_input_stream()
12-14 22:44:47.770  3011  3011 D r_submix: submix_audio_device_release_pipe_l(idx=9) addr=0
12-14 22:44:47.770  3011  3011 D r_submix: submix_audio_device_destroy_pipe_l(): pipe destroyed
12-14 22:44:47.771  3011  3011 E SoundTriggerHwService: couldn't load sound trigger module sound_trigger.primary (No such file or directory)
12-14 22:44:47.771  3011  3011 I RadioService: RadioService
12-14 22:44:47.771  3011  3011 I RadioService: onFirstRef
12-14 22:44:47.771  3011  3011 E RadioService: couldn't load radio module radio.primary (No such file or directory)
12-14 22:44:47.772  3011  3498 D PermissionCache: checking android.permission.MODIFY_AUDIO_SETTINGS for uid=1000 => granted (153 us)
12-14 22:44:47.772  3011  3011 V audio_hw_primary: adev_set_mic_mute: set mic mute: 0
12-14 22:44:47.820  3414  3414 I SystemServiceManager: Starting com.android.server.DockObserver
12-14 22:44:47.821  3414  3414 I SystemServer: Wired Accessory Manager
12-14 22:44:47.821  3414  3414 W WiredAccessoryManager: This kernel does not have usb audio support
12-14 22:44:47.822  3414  3414 W WiredAccessoryManager: This kernel does not have HDMI audio support
12-14 22:44:47.822  3414  3414 I SystemServiceManager: Starting com.android.server.usb.UsbService$Lifecycle
12-14 22:44:47.828  3414  3414 I SystemServer: Serial Service
12-14 22:44:47.829  3414  3414 I SystemServiceManager: Starting com.android.server.twilight.TwilightService
12-14 22:44:47.830  3414  3414 I SystemServiceManager: Starting com.android.server.job.JobSchedulerService
12-14 22:44:47.838  3414  3414 I SystemServiceManager: Starting com.android.server.backup.BackupManagerService$Lifecycle
12-14 22:44:47.839  3414  3414 I SystemServiceManager: Starting com.android.server.appwidget.AppWidgetService
12-14 22:44:47.840  3414  3414 I SystemServiceManager: Starting com.android.server.voiceinteraction.VoiceInteractionManagerService
12-14 22:44:47.840  3011  3498 D PermissionCache: checking android.permission.CAPTURE_AUDIO_HOTWORD for uid=1000 => granted (78 us)
12-14 22:44:47.840  3414  3414 W SoundTriggerHelper: listModules status=0, # of modules=0
12-14 22:44:47.841  3414  3414 I SystemServer: Gesture Launcher Service
12-14 22:44:47.841  3414  3414 I SystemServiceManager: Starting com.android.server.GestureLauncherService
12-14 22:44:47.841  3414  3414 I SystemServer: DiskStats Service
12-14 22:44:47.841  3414  3414 I SystemServer: SamplingProfiler Service
12-14 22:44:47.854  3414  3414 I SystemServer: NetworkTimeUpdateService
12-14 22:44:47.855  3414  3414 I SystemServer: CommonTimeManagementService
12-14 22:44:47.855  3414  3414 I SystemServer: CertBlacklister
12-14 22:44:47.855  3414  3414 I SystemServiceManager: Starting com.android.server.dreams.DreamManagerService
12-14 22:44:47.856  3414  3414 I SystemServer: Assets Atlas Service
12-14 22:44:47.858  3414  3414 I SystemServiceManager: Starting com.android.server.print.PrintManagerService
12-14 22:44:47.858  3414  3502 D AssetAtlas: Computing best atlas configuration...
12-14 22:44:47.859  3414  3503 D AssetAtlas: Running Atlas Worker #1
12-14 22:44:47.859  3414  3504 D AssetAtlas: Running Atlas Worker #2
12-14 22:44:47.860  3414  3505 D AssetAtlas: Running Atlas Worker #3
12-14 22:44:47.860  3414  3506 D AssetAtlas: Running Atlas Worker #4
12-14 22:44:47.861  3414  3507 D AssetAtlas: Running Atlas Worker #5
12-14 22:44:47.862  3414  3508 D AssetAtlas: Running Atlas Worker #6
12-14 22:44:47.866  3414  3509 D AssetAtlas: Running Atlas Worker #7
12-14 22:44:47.867  3414  3510 D AssetAtlas: Running Atlas Worker #8
12-14 22:44:47.867  3414  3414 I SystemServiceManager: Starting com.android.server.restrictions.RestrictionsManagerService
12-14 22:44:47.868  3414  3414 I SystemServiceManager: Starting com.android.server.media.MediaSessionService
12-14 22:44:47.879  3414  3414 I SystemServer: Media Router Service
12-14 22:44:47.879  3414  3414 I SystemServiceManager: Starting com.android.server.trust.TrustManagerService
12-14 22:44:47.880  3414  3414 I SystemServiceManager: Starting com.android.server.fingerprint.FingerprintService
12-14 22:44:47.882  3021  3021 D PermissionCache: checking android.permission.MANAGE_FINGERPRINT for uid=1000 => granted (134 us)
12-14 22:44:47.882  3021  3021 V fingerprintd: nativeOpenHal()
12-14 22:44:47.882  3021  3021 E fingerprintd: Can't open fingerprint HW Module, error: -2
12-14 22:44:47.882  3414  3414 W FingerprintService: Failed to open Fingerprint HAL!
12-14 22:44:47.882  3414  3414 V FingerprintService: Fingerprint HAL id: 0
12-14 22:44:47.882  3414  3414 I SystemServer: BackgroundDexOptService
12-14 22:44:47.883  3414  3414 I SystemServiceManager: Starting com.android.server.pm.LauncherAppsService
12-14 22:44:47.883  3414  3414 I SystemServiceManager: Starting com.android.server.media.projection.MediaProjectionManagerService
12-14 22:44:47.889  3414  3502 D AssetAtlas: Found best atlas configuration (out of 496) in 0.03s
12-14 22:44:47.889  3414  3502 D AssetAtlas: Loaded configuration: SliceMinArea (2048x2048) flags=0x2 count=267
12-14 22:44:47.923  3414  3422 W JavaBinder: BinderProxy is being destroyed but the application did not call unlinkToDeath to unlink all of its death recipients beforehand.  Releasing leaked death recipient: com.android.server.fingerprint.FingerprintService
12-14 22:44:47.953  3414  3414 I WindowManager: SAFE MODE not enabled
12-14 22:44:47.955  3414  3414 I SystemServiceManager: Starting com.android.server.MmsServiceBroker
12-14 22:44:47.956  3414  3414 I CMSystemServer: Attempting to start service org.cyanogenmod.platform.internal.CMStatusBarManagerService
12-14 22:44:47.960  3414  3502 D AssetAtlas: Rendered atlas in 66.35ms (57.13+9.22ms)
12-14 22:44:47.969  3414  3414 I CMSystemServer: Starting service org.cyanogenmod.platform.internal.CMStatusBarManagerService
12-14 22:44:47.969  3414  3414 I SystemServiceManager: Starting org.cyanogenmod.platform.internal.CMStatusBarManagerService
12-14 22:44:47.969  3414  3414 D CMStatusBarManagerService: registerCMStatusBar cmstatusbar: org.cyanogenmod.platform.internal.CMStatusBarManagerService@1a6cfb8
12-14 22:44:47.970  3414  3414 I CMSystemServer: Attempting to start service org.cyanogenmod.platform.internal.ProfileManagerService
12-14 22:44:47.973  3414  3414 I CMSystemServer: Starting service org.cyanogenmod.platform.internal.ProfileManagerService
12-14 22:44:47.973  3414  3414 I SystemServiceManager: Starting org.cyanogenmod.platform.internal.ProfileManagerService
12-14 22:44:47.973  2939  2939 E ServiceManager: add_service('profile',61) uid=1000 - ALREADY REGISTERED, OVERRIDE
12-14 22:44:47.973  2939  2939 I ServiceManager: service 'profile' died
12-14 22:44:47.974  3414  3477 D WifiService: New client listening to asynchronous messages
12-14 22:44:47.974  3414  3414 V ProfileTriggerHelper: Enabling
12-14 22:44:47.976  3414  3414 D CMProfileService: Set active profile to: 0230226d-0d05-494a-a9bd-d222a1117655 - Default
12-14 22:44:47.976  3414  3414 D CMProfileService: Saving profile data...
12-14 22:44:47.977  3414  3414 D CMProfileService: Save completed.
12-14 22:44:47.977  3414  3414 I CMSystemServer: Attempting to start service org.cyanogenmod.platform.internal.PartnerInterfaceService
12-14 22:44:47.978  3414  3414 I CMSystemServer: Starting service org.cyanogenmod.platform.internal.PartnerInterfaceService
12-14 22:44:47.978  3414  3414 I SystemServiceManager: Starting org.cyanogenmod.platform.internal.PartnerInterfaceService
12-14 22:44:47.978  2939  2939 E ServiceManager: add_service('cmpartnerinterface',62) uid=1000 - ALREADY REGISTERED, OVERRIDE
12-14 22:44:47.978  2939  2939 I ServiceManager: service 'cmpartnerinterface' died
12-14 22:44:47.978  3414  3414 I CMSystemServer: Attempting to start service org.cyanogenmod.platform.internal.CMTelephonyManagerService
12-14 22:44:47.979  3414  3414 I CMSystemServer: Starting service org.cyanogenmod.platform.internal.CMTelephonyManagerService
12-14 22:44:47.979  3414  3414 I SystemServiceManager: Starting org.cyanogenmod.platform.internal.CMTelephonyManagerService
12-14 22:44:47.979  3414  3414 I CMSystemServer: Attempting to start service org.cyanogenmod.platform.internal.CMHardwareService
12-14 22:44:47.999  3414  3414 I CMSystemServer: Starting service org.cyanogenmod.platform.internal.CMHardwareService
12-14 22:44:47.999  3414  3414 I SystemServiceManager: Starting org.cyanogenmod.platform.internal.CMHardwareService
12-14 22:44:48.000  2939  2939 E ServiceManager: add_service('cmhardware',64) uid=1000 - ALREADY REGISTERED, OVERRIDE
12-14 22:44:48.000  2939  2939 I ServiceManager: service 'cmhardware' died
12-14 22:44:48.000  3414  3414 I CMSystemServer: Attempting to start service org.cyanogenmod.platform.internal.AppSuggestManagerService
12-14 22:44:48.001  3414  3414 I CMSystemServer: Starting service org.cyanogenmod.platform.internal.AppSuggestManagerService
12-14 22:44:48.001  3414  3414 I SystemServiceManager: Starting org.cyanogenmod.platform.internal.AppSuggestManagerService
12-14 22:44:48.001  3414  3414 W ServiceWatcher: com.cyanogen.app.suggest not found
12-14 22:44:48.001  3414  3414 E AppSgstMgrService: no app suggest provider found
12-14 22:44:48.002  3414  3414 I CMSystemServer: Attempting to start service org.cyanogenmod.platform.internal.PerformanceManagerService
12-14 22:44:48.008  3414  3531 I ServiceThread: Enabled StrictMode logging for PerformanceManager looper.
12-14 22:44:48.008  3414  3414 I CMSystemServer: Starting service org.cyanogenmod.platform.internal.PerformanceManagerService
12-14 22:44:48.008  3414  3414 I SystemServiceManager: Starting org.cyanogenmod.platform.internal.PerformanceManagerService
12-14 22:44:48.009  3414  3532 I ServiceThread: Enabled StrictMode logging for PerformanceManager looper.
12-14 22:44:48.009  3414  3414 I CMSystemServer: Attempting to start service org.cyanogenmod.platform.internal.ThemeManagerServiceBroker
12-14 22:44:48.010  3414  3414 E BrokerableCMSystemService: Setting brokered service connection org.cyanogenmod.platform.internal.ThemeManagerServiceBroker$2@5af280b
12-14 22:44:48.011  3414  3414 I CMSystemServer: Starting service org.cyanogenmod.platform.internal.ThemeManagerServiceBroker
12-14 22:44:48.011  3414  3414 I SystemServiceManager: Starting org.cyanogenmod.platform.internal.ThemeManagerServiceBroker
12-14 22:44:48.011  3414  3414 E BrokerableCMSystemService: Setting brokered service connection org.cyanogenmod.platform.internal.ThemeManagerServiceBroker$2@d4996e8
12-14 22:44:48.011  3414  3414 I CMSystemServer: Attempting to start service org.cyanogenmod.platform.internal.IconCacheManagerServiceBroker
12-14 22:44:48.011  3414  3414 E BrokerableCMSystemService: Setting brokered service connection org.cyanogenmod.platform.internal.IconCacheManagerServiceBroker$2@3c02101
12-14 22:44:48.011  3414  3414 I CMSystemServer: Starting service org.cyanogenmod.platform.internal.IconCacheManagerServiceBroker
12-14 22:44:48.011  3414  3414 I SystemServiceManager: Starting org.cyanogenmod.platform.internal.IconCacheManagerServiceBroker
12-14 22:44:48.011  3414  3414 E BrokerableCMSystemService: Setting brokered service connection org.cyanogenmod.platform.internal.IconCacheManagerServiceBroker$2@aa28ba6
12-14 22:44:48.011  3414  3414 I CMSystemServer: Attempting to start service org.cyanogenmod.platform.internal.LiveLockScreenServiceBroker
12-14 22:44:48.012  3414  3414 E BrokerableCMSystemService: Setting brokered service connection org.cyanogenmod.platform.internal.LiveLockScreenServiceBroker$2@62639e7
12-14 22:44:48.012  3414  3414 I CMSystemServer: Starting service org.cyanogenmod.platform.internal.LiveLockScreenServiceBroker
12-14 22:44:48.012  3414  3414 I SystemServiceManager: Starting org.cyanogenmod.platform.internal.LiveLockScreenServiceBroker
12-14 22:44:48.012  3414  3414 E BrokerableCMSystemService: Setting brokered service connection org.cyanogenmod.platform.internal.LiveLockScreenServiceBroker$2@3953994
12-14 22:44:48.012  3414  3414 I CMSystemServer: Attempting to start service org.cyanogenmod.platform.internal.WeatherManagerServiceBroker
12-14 22:44:48.013  3414  3414 I CMSystemServer: Starting service org.cyanogenmod.platform.internal.WeatherManagerServiceBroker
12-14 22:44:48.013  3414  3414 I SystemServiceManager: Starting org.cyanogenmod.platform.internal.WeatherManagerServiceBroker
12-14 22:44:48.013  3414  3414 I CMSystemServer: Attempting to start service org.cyanogenmod.platform.internal.display.LiveDisplayService
12-14 22:44:48.016  3414  3533 I ServiceThread: Enabled StrictMode logging for LiveDisplay looper.
12-14 22:44:48.016  3414  3414 I CMSystemServer: Starting service org.cyanogenmod.platform.internal.display.LiveDisplayService
12-14 22:44:48.016  3414  3414 I SystemServiceManager: Starting org.cyanogenmod.platform.internal.display.LiveDisplayService
12-14 22:44:48.016  3414  3534 I ServiceThread: Enabled StrictMode logging for LiveDisplay looper.
12-14 22:44:48.016  3414  3414 I CMSystemServer: Attempting to start service org.cyanogenmod.platform.internal.CMAudioServiceBroker
12-14 22:44:48.017  3414  3414 I CMSystemServer: Starting service org.cyanogenmod.platform.internal.CMAudioServiceBroker
12-14 22:44:48.017  3414  3414 I SystemServiceManager: Starting org.cyanogenmod.platform.internal.CMAudioServiceBroker
12-14 22:44:48.254  3414  3414 E SQLiteLog: (1) no such table: locksettings
12-14 22:44:48.289  3414  3414 I LockSettingsService: Migrated lock settings to new location
12-14 22:44:48.308  3414  3414 I LockSettingsService: Migrated per-user lock settings to new location
12-14 22:44:48.364  3414  3414 I LockSettingsService: Migrated biometric weak to use the fallback instead
12-14 22:44:48.407  3414  3414 I LockSettingsService: Migrated lockscreen disabled flag
12-14 22:44:48.433  3414  3414 I LockSettingsService: Migrated primary user pattern size
12-14 22:44:48.434  3414  3414 E LockSettingsStorage: Cannot read file java.io.FileNotFoundException: /data/system/gatekeeper.password.key: open failed: ENOENT (No such file or directory)
12-14 22:44:48.434  3414  3414 E LockSettingsStorage: Cannot read file java.io.FileNotFoundException: /data/system/password.key: open failed: ENOENT (No such file or directory)
12-14 22:44:48.434  3414  3414 E LockSettingsStorage: Cannot read file java.io.FileNotFoundException: /data/system/gatekeeper.pattern.key: open failed: ENOENT (No such file or directory)
12-14 22:44:48.435  3414  3414 E LockSettingsStorage: Cannot read file java.io.FileNotFoundException: /data/system/gatekeeper.gesture.key: open failed: ENOENT (No such file or directory)
12-14 22:44:48.435  3414  3414 E LockSettingsStorage: Cannot read file java.io.FileNotFoundException: /data/system/gesture.key: open failed: ENOENT (No such file or directory)
12-14 22:44:48.435  3414  3414 E LockSettingsStorage: Cannot read file java.io.FileNotFoundException: /data/system/cm_gesture.key: open failed: ENOENT (No such file or directory)
12-14 22:44:48.435  3414  3414 I SystemServiceManager: Starting phase 480
12-14 22:44:48.436  3414  3414 I SystemServiceManager: Starting phase 500
12-14 22:44:48.436  3414  3414 D BluetoothService: onBootPhase: PHASE_SYSTEM_SERVICES_READY
12-14 22:44:48.436  3414  3414 D BluetoothManagerService: Bluetooth boot completed
12-14 22:44:48.437  3414  3414 D BluetoothManagerService: Retrieving Bluetooth Adapter name and address...
12-14 22:44:48.437  3414  3414 D BluetoothManagerService: getNameAndAddress(): mBluetooth = null mBinding = false
12-14 22:44:48.437  3414  3432 D BluetoothManagerService: Message: 200
12-14 22:44:48.437  3414  3432 D BluetoothManagerService: MESSAGE_GET_NAME_AND_ADDRESS
12-14 22:44:48.437  3414  3432 D BluetoothManagerService: Binding to service to get name and address
12-14 22:44:48.437  3414  3414 I WifiService: WifiService starting up with Wi-Fi disabled
12-14 22:44:48.440  3414  3414 I WifiScanningService: Registering wifiscanner
12-14 22:44:48.442  3414  3414 I RttService: Registering rttmanager
12-14 22:44:48.443  3414  3414 I EthernetServiceImpl: Starting Ethernet service
12-14 22:44:48.444  3414  3414 D Ethernet: Registering NetworkFactory
12-14 22:44:48.444  3414  3478 D ConnectivityService: Got NetworkFactory Messenger for Ethernet
12-14 22:44:48.444  3414  3538 D Ethernet: got request NetworkRequest [ id=1, legacyType=-1, [ Capabilities: INTERNET&NOT_RESTRICTED&TRUSTED&NOT_VPN] ] with score 0
12-14 22:44:48.447  3414  3414 V BackupManagerService: No ancestral data
12-14 22:44:48.490  3414  3414 V KeyValueBackupJob: Scheduling k/v pass in 247 minutes
12-14 22:44:48.739  3414  3414 V BackupManagerService: Starting with transport com.google.android.gms/.backup.BackupTransportService
12-14 22:44:48.739  3414  3414 V BackupManagerService: Found transports: 1
12-14 22:44:48.740  3414  3414 I BackupManagerService: Binding to transport host ComponentInfo{android/com.android.internal.backup.LocalTransportService}
12-14 22:44:48.742  3414  3414 W ThemeManagerServiceBroker: Cannot stat /data/system/theme/alarms
12-14 22:44:48.780  3414  3414 W PackageManager: Unable to get pkg for processing system
12-14 22:44:48.780  3414  3414 E PackageManager: Unable to find icon pack: system
12-14 22:44:48.781  3414  3414 I DefaultPermGrantPolicy: Granting permissions to platform components for user 0
12-14 22:44:48.781  3414  3414 D VoldConnector: SND -> {4 volume remount_uid 1001 none}
12-14 22:44:48.781  3414  3435 W KeyguardServiceDelegate: onScreenTurningOn(): no keyguard service!
12-14 22:44:48.782  2921  2965 D vold    : Remounting 1001 as mode none
12-14 22:44:48.785  2921  2965 D vold    : Found matching PID 3014
12-14 22:44:48.785  2921  2965 W vold    : Skipping due to root namespace
12-14 22:44:48.785  2921  2965 D vold    : Found matching PID 3496
12-14 22:44:48.785  2921  2965 W vold    : Skipping due to root namespace
12-14 22:44:48.785  3414  3469 D VoldConnector: RCV <- {200 4 Command succeeded}
12-14 22:44:48.785  3414  3414 D VoldConnector: SND -> {5 volume remount_uid 1001 none}
12-14 22:44:48.785  2921  2965 D vold    : Remounting 1001 as mode none
12-14 22:44:48.788  2921  2965 D vold    : Found matching PID 3014
12-14 22:44:48.788  2921  2965 W vold    : Skipping due to root namespace
12-14 22:44:48.788  2921  2965 D vold    : Found matching PID 3496
12-14 22:44:48.788  2921  2965 W vold    : Skipping due to root namespace
12-14 22:44:48.788  3414  3469 D VoldConnector: RCV <- {200 5 Command succeeded}
12-14 22:44:48.788  3414  3414 D VoldConnector: SND -> {6 volume remount_uid 1000 none}
12-14 22:44:48.789  2921  2965 D vold    : Remounting 1000 as mode none
12-14 22:44:48.791  2921  2965 D vold    : Found matching PID 2939
12-14 22:44:48.791  2921  2965 W vold    : Skipping due to root namespace
12-14 22:44:48.791  2921  2965 D vold    : Found matching PID 2941
12-14 22:44:48.791  2921  2965 W vold    : Skipping due to root namespace
12-14 22:44:48.791  2921  2965 D vold    : Found matching PID 2943
12-14 22:44:48.791  2921  2965 W vold    : Skipping due to root namespace
12-14 22:44:48.791  2921  2965 D vold    : Found matching PID 3019
12-14 22:44:48.791  2921  2965 W vold    : Skipping due to root namespace
12-14 22:44:48.791  2921  2965 D vold    : Found matching PID 3021
12-14 22:44:48.791  2921  2965 W vold    : Skipping due to root namespace
12-14 22:44:48.791  2921  2965 D vold    : Found matching PID 3111
12-14 22:44:48.791  2921  2965 W vold    : Skipping due to root namespace
12-14 22:44:48.791  2921  2965 D vold    : Found matching PID 3414
12-14 22:44:48.792  3414  3469 D VoldConnector: RCV <- {200 6 Command succeeded}
12-14 22:44:48.793  3414  3414 D VoldConnector: SND -> {7 volume remount_uid 1000 none}
12-14 22:44:48.793  2921  2965 D vold    : Remounting 1000 as mode none
12-14 22:44:48.795  2921  2965 D vold    : Found matching PID 2939
12-14 22:44:48.795  2921  2965 W vold    : Skipping due to root namespace
12-14 22:44:48.795  2921  2965 D vold    : Found matching PID 2941
12-14 22:44:48.795  2921  2965 W vold    : Skipping due to root namespace
12-14 22:44:48.795  2921  2965 D vold    : Found matching PID 2943
12-14 22:44:48.795  2921  2965 W vold    : Skipping due to root namespace
12-14 22:44:48.795  2921  2965 D vold    : Found matching PID 3019
12-14 22:44:48.795  2921  2965 W vold    : Skipping due to root namespace
12-14 22:44:48.795  2921  2965 D vold    : Found matching PID 3021
12-14 22:44:48.795  2921  2965 W vold    : Skipping due to root namespace
12-14 22:44:48.795  2921  2965 D vold    : Found matching PID 3111
12-14 22:44:48.795  2921  2965 W vold    : Skipping due to root namespace
12-14 22:44:48.795  2921  2965 D vold    : Found matching PID 3414
12-14 22:44:48.796  3414  3469 D VoldConnector: RCV <- {200 7 Command succeeded}
12-14 22:44:48.797  3414  3414 D VoldConnector: SND -> {8 volume remount_uid 2000 none}
12-14 22:44:48.797  2921  2965 D vold    : Remounting 2000 as mode none
12-14 22:44:48.800  3414  3469 D VoldConnector: RCV <- {200 8 Command succeeded}
12-14 22:44:48.800  3414  3414 D VoldConnector: SND -> {9 volume remount_uid 2000 none}
12-14 22:44:48.800  2921  2965 D vold    : Remounting 2000 as mode none
12-14 22:44:48.803  3414  3469 D VoldConnector: RCV <- {200 9 Command succeeded}
12-14 22:44:48.803  3414  3414 D VoldConnector: SND -> {10 volume remount_uid 10022 none}
12-14 22:44:48.803  2921  2965 D vold    : Remounting 10022 as mode none
12-14 22:44:48.806  3414  3469 D VoldConnector: RCV <- {200 10 Command succeeded}
12-14 22:44:48.806  3414  3414 D VoldConnector: SND -> {11 volume remount_uid 10022 none}
12-14 22:44:48.806  2921  2965 D vold    : Remounting 10022 as mode none
12-14 22:44:48.808  3414  3469 D VoldConnector: RCV <- {200 11 Command succeeded}
12-14 22:44:48.808  3414  3414 D VoldConnector: SND -> {12 volume remount_uid 1002 none}
12-14 22:44:48.808  2921  2965 D vold    : Remounting 1002 as mode none
12-14 22:44:48.810  3414  3469 D VoldConnector: RCV <- {200 12 Command succeeded}
12-14 22:44:48.811  3414  3414 D VoldConnector: SND -> {13 volume remount_uid 1002 none}
12-14 22:44:48.811  2921  2965 D vold    : Remounting 1002 as mode none
12-14 22:44:48.813  3414  3469 D VoldConnector: RCV <- {200 13 Command succeeded}
12-14 22:44:48.813  3414  3414 I DefaultPermGrantPolicy: Granting permissions to default platform handlers for user 0
12-14 22:44:48.813  3414  3414 W VoiceInteractionManagerService: no available voice interaction services found for user 0
12-14 22:44:48.813  3414  3414 W VoiceInteractionManagerService: no available voice recognition services found for user 0
12-14 22:44:48.814  3414  3414 D VoldConnector: SND -> {14 volume remount_uid 10016 none}
12-14 22:44:48.814  2921  2965 D vold    : Remounting 10016 as mode none
12-14 22:44:48.816  3414  3469 D VoldConnector: RCV <- {200 14 Command succeeded}
12-14 22:44:48.817  3414  3414 D VoldConnector: SND -> {15 volume remount_uid 10023 none}
12-14 22:44:48.817  2921  2965 D vold    : Remounting 10023 as mode none
12-14 22:44:48.820  3414  3469 D VoldConnector: RCV <- {200 15 Command succeeded}
12-14 22:44:48.820  3414  3414 D VoldConnector: SND -> {16 volume remount_uid 10023 none}
12-14 22:44:48.820  2921  2965 D vold    : Remounting 10023 as mode none
12-14 22:44:48.822  3414  3469 D VoldConnector: RCV <- {200 16 Command succeeded}
12-14 22:44:48.822  3414  3414 D VoldConnector: SND -> {17 volume remount_uid 10009 none}
12-14 22:44:48.822  2921  2965 D vold    : Remounting 10009 as mode none
12-14 22:44:48.825  3414  3469 D VoldConnector: RCV <- {200 17 Command succeeded}
12-14 22:44:48.825  3414  3414 D VoldConnector: SND -> {18 volume remount_uid 10009 none}
12-14 22:44:48.825  2921  2965 D vold    : Remounting 10009 as mode none
12-14 22:44:48.827  3414  3469 D VoldConnector: RCV <- {200 18 Command succeeded}
12-14 22:44:48.827  3414  3414 D VoldConnector: SND -> {19 volume remount_uid 10010 none}
12-14 22:44:48.827  2921  2965 D vold    : Remounting 10010 as mode none
12-14 22:44:48.829  3414  3469 D VoldConnector: RCV <- {200 19 Command succeeded}
12-14 22:44:48.829  3414  3414 D VoldConnector: SND -> {20 volume remount_uid 10010 none}
12-14 22:44:48.830  2921  2965 D vold    : Remounting 10010 as mode none
12-14 22:44:48.832  3414  3469 D VoldConnector: RCV <- {200 20 Command succeeded}
12-14 22:44:48.833  3414  3414 D VoldConnector: SND -> {21 volume remount_uid 10001 none}
12-14 22:44:48.833  2921  2965 D vold    : Remounting 10001 as mode none
12-14 22:44:48.836  3414  3469 D VoldConnector: RCV <- {200 21 Command succeeded}
12-14 22:44:48.836  3414  3414 D VoldConnector: SND -> {22 volume remount_uid 10001 none}
12-14 22:44:48.836  2921  2965 D vold    : Remounting 10001 as mode none
12-14 22:44:48.838  3414  3469 D VoldConnector: RCV <- {200 22 Command succeeded}
12-14 22:44:48.840  3414  3414 D VoldConnector: SND -> {23 volume remount_uid 10039 none}
12-14 22:44:48.841  2921  2965 D vold    : Remounting 10039 as mode none
12-14 22:44:48.843  3414  3469 D VoldConnector: RCV <- {200 23 Command succeeded}
12-14 22:44:48.843  3414  3414 D VoldConnector: SND -> {24 volume remount_uid 10039 none}
12-14 22:44:48.843  2921  2965 D vold    : Remounting 10039 as mode none
12-14 22:44:48.845  3414  3469 D VoldConnector: RCV <- {200 24 Command succeeded}
12-14 22:44:48.847  3414  3414 I ActivityManager: Pre-boot of {org.cyanogenmod.cmsettings/org.cyanogenmod.cmsettings.PreBootReceiver} for user 0
12-14 22:44:48.847  3414  3414 I SystemServer: Enabled StrictMode for system server main thread.
12-14 22:44:48.851  3414  3414 D RttService: SCAN_AVAILABLE : 1
12-14 22:44:48.852  3414  3537 D RttService: DefaultState got{ when=0 what=160513 target=com.android.internal.util.StateMachine$SmHandler }
12-14 22:44:48.959  3414  3414 W CMSettings: Setting dev_force_show_navbar has moved from CMSettings.Secure to CMSettings.Global, value is unchanged.
12-14 22:44:49.034  3414  3414 I ActivityManager: Pre-boot of {com.android.providers.calendar/com.android.providers.calendar.CalendarUpgradeReceiver} for user 0
12-14 22:44:49.045  3414  3414 I Zygote  : Process: zygote socket opened, supported ABIS: arm64-v8a,armeabi
12-14 22:44:49.046  3017  3418 I art     : Starting a blocking GC HeapTrim
12-14 22:44:49.056  3414  3414 I ActivityManager: Start proc 3579:com.android.providers.calendar/u0a1 for broadcast com.android.providers.calendar/.CalendarUpgradeReceiver
12-14 22:44:49.061  3414  3426 I ActivityManager: Launching preboot mode app: ProcessRecord{faa5398 3579:com.android.providers.calendar/u0a1}
12-14 22:44:49.067  3414  3414 V BackupManagerService: Connected to transport ComponentInfo{android/com.android.internal.backup.LocalTransportService}
12-14 22:44:49.067  3414  3414 V BackupManagerService: Registering transport android/com.android.internal.backup.LocalTransportService::android/com.android.internal.backup.LocalTransport = android.app.backup.BackupTransport$TransportImpl@8e17f1
12-14 22:44:49.092  3579  3579 W System  : ClassLoader referenced unknown path: /system/priv-app/CalendarProvider/lib/arm64
12-14 22:44:49.229  3414  3425 I ActivityManager: Pre-boot of {com.android.providers.contacts/com.android.providers.contacts.ContactsUpgradeReceiver} for user 0
12-14 22:44:49.239  3414  3425 I ActivityManager: Start proc 3616:android.process.acore/u0a5 for broadcast com.android.providers.contacts/.ContactsUpgradeReceiver
12-14 22:44:49.244  3414  3603 I ActivityManager: Launching preboot mode app: ProcessRecord{d31cfd6 3616:android.process.acore/u0a5}
12-14 22:44:49.254  3616  3616 W System  : ClassLoader referenced unknown path: /system/priv-app/ContactsProvider/lib/arm64
12-14 22:44:49.349  3616  3616 I ContactsUpgradeReceiver: Creating or opening contacts database
12-14 22:44:49.496  3616  3616 I ContactsDatabaseHelper: Bootstrapping database version: 1013
12-14 22:44:49.565  3616  3616 I ContactsProviderV1: Bootstrapping database legacy support
12-14 22:44:49.782  3414  3429 W WindowManager: Keyguard drawn timeout. Setting mKeyguardDrawComplete
12-14 22:44:50.096  3616  3616 I ContactsDatabaseHelper: Bootstrapping database version: 1013
12-14 22:44:50.139  3616  3616 I ContactsProviderV1: Bootstrapping database legacy support
12-14 22:44:50.448  3616  3616 I ContactsProvider: Locale has changed from null to en-US
12-14 22:44:50.448  3616  3616 I ContactsDatabaseHelper: Switching to locale en-US (ICU v55.1)
12-14 22:44:50.542  3616  3616 I ContactsDatabaseHelper: Locale change completed in 93ms
12-14 22:44:50.543  3616  3616 I ContactsDatabaseHelper: Switching to locale en-US (ICU v55.1)
12-14 22:44:50.696  3616  3616 I ContactsDatabaseHelper: Locale change completed in 153ms
12-14 22:44:50.935  3414  3426 I ActivityManager: Pre-boot of {com.android.providers.media/com.android.providers.media.MediaUpgradeReceiver} for user 0
12-14 22:44:50.945  3414  3426 I ActivityManager: Start proc 3640:android.process.media/u0a9 for broadcast com.android.providers.media/.MediaUpgradeReceiver
12-14 22:44:50.950  3414  3425 I ActivityManager: Launching preboot mode app: ProcessRecord{10ce257 3640:android.process.media/u0a9}
12-14 22:44:50.959  3640  3640 W System  : ClassLoader referenced unknown path: /system/priv-app/MediaProvider/lib/arm64
12-14 22:44:50.999  3414  3425 I ActivityManager: Pre-boot of {com.android.managedprovisioning/com.android.managedprovisioning.PreBootListener} for user 0
12-14 22:44:51.010  3414  3425 I ActivityManager: Start proc 3654:com.android.managedprovisioning/u0a12 for broadcast com.android.managedprovisioning/.PreBootListener
12-14 22:44:51.018  3414  3603 I ActivityManager: Launching preboot mode app: ProcessRecord{5bd1144 3654:com.android.managedprovisioning/u0a12}
12-14 22:44:51.028  3654  3654 W System  : ClassLoader referenced unknown path: /system/priv-app/ManagedProvisioning/lib/arm64
12-14 22:44:51.034  3414  3425 I ActivityManager: Pre-boot of {com.android.dialer/com.android.dialer.SystemUpdateReceiver} for user 0
12-14 22:44:51.044  3414  3425 I ActivityManager: Start proc 3667:com.android.dialer/u0a19 for broadcast com.android.dialer/.SystemUpdateReceiver
12-14 22:44:51.050  3414  3426 I ActivityManager: Launching preboot mode app: ProcessRecord{b5b422d 3667:com.android.dialer/u0a19}
12-14 22:44:51.061  3667  3667 W System  : ClassLoader referenced unknown path: /system/priv-app/Dialer/lib/arm64
12-14 22:44:51.132  3667  3667 W MOD.CyanogenAmbientUtil: Cyanogen Ambient package is missing! Version 1050100 is required.
12-14 22:44:51.132  3414  3426 I ActivityManager: Pre-boot of {com.android.settings/com.android.settings.ManagedProfileSetup} for user 0
12-14 22:44:51.143  3414  3426 I ActivityManager: Start proc 3680:com.android.settings/1000 for broadcast com.android.settings/.ManagedProfileSetup
12-14 22:44:51.148  3414  3603 I ActivityManager: Launching preboot mode app: ProcessRecord{fd31362 3680:com.android.settings/1000}
12-14 22:44:51.160  3680  3680 W System  : ClassLoader referenced unknown path: /system/priv-app/Settings/lib/arm64
12-14 22:44:51.238  3414  3428 I ActivityManager: Removing system update proc: ProcessRecord{faa5398 3579:com.android.providers.calendar/u0a1}
12-14 22:44:51.238  3414  3428 I ActivityManager: Killing 3579:com.android.providers.calendar/u0a1 (adj 13): system update done
12-14 22:44:51.249  3414  3428 D ActivityManager: cleanUpApplicationRecord -- 3579
12-14 22:44:51.249  3414  3428 I ActivityManager: Removing system update proc: ProcessRecord{d31cfd6 3616:android.process.acore/u0a5}
12-14 22:44:51.249  3414  3428 I ActivityManager: Killing 3616:android.process.acore/u0a5 (adj 13): system update done
12-14 22:44:51.259  3414  3428 D ActivityManager: cleanUpApplicationRecord -- 3616
12-14 22:44:51.260  3414  3428 I ActivityManager: Removing system update proc: ProcessRecord{10ce257 3640:android.process.media/u0a9}
12-14 22:44:51.260  3414  3428 I ActivityManager: Killing 3640:android.process.media/u0a9 (adj 11): system update done
12-14 22:44:51.270  3414  3428 D ActivityManager: cleanUpApplicationRecord -- 3640
12-14 22:44:51.270  3414  3428 I ActivityManager: Removing system update proc: ProcessRecord{5bd1144 3654:com.android.managedprovisioning/u0a12}
12-14 22:44:51.270  3414  3428 I ActivityManager: Killing 3654:com.android.managedprovisioning/u0a12 (adj 11): system update done
12-14 22:44:51.281  3414  3428 D ActivityManager: cleanUpApplicationRecord -- 3654
12-14 22:44:51.281  3414  3428 I ActivityManager: Removing system update proc: ProcessRecord{b5b422d 3667:com.android.dialer/u0a19}
12-14 22:44:51.281  3414  3428 I ActivityManager: Killing 3667:com.android.dialer/u0a19 (adj 9): system update done
12-14 22:44:51.291  3414  3428 D ActivityManager: cleanUpApplicationRecord -- 3667
12-14 22:44:51.291  3414  3428 I ActivityManager: Removing system update proc: ProcessRecord{fd31362 3680:com.android.settings/1000}
12-14 22:44:51.292  3414  3428 I ActivityManager: Killing 3680:com.android.settings/1000 (adj 9): system update done
12-14 22:44:51.302  3414  3428 D ActivityManager: cleanUpApplicationRecord -- 3680
12-14 22:44:51.302  3414  3428 I ActivityManager: System now ready
12-14 22:44:51.302  3414  3603 W ActivityManager: Spurious death for ProcessRecord{d31cfd6 0:android.process.acore/u0a5}, curProc for 3616: null
12-14 22:44:51.302  3414  3693 W ActivityManager: Spurious death for ProcessRecord{5bd1144 0:com.android.managedprovisioning/u0a12}, curProc for 3654: null
12-14 22:44:51.302  3414  3694 W ActivityManager: Spurious death for ProcessRecord{b5b422d 0:com.android.dialer/u0a19}, curProc for 3667: null
12-14 22:44:51.303  3414  3695 W ActivityManager: Spurious death for ProcessRecord{fd31362 0:com.android.settings/1000}, curProc for 3680: null
12-14 22:44:51.303  3414  3425 W ActivityManager: Spurious death for ProcessRecord{faa5398 0:com.android.providers.calendar/u0a1}, curProc for 3579: null
12-14 22:44:51.303  3414  3426 W ActivityManager: Spurious death for ProcessRecord{10ce257 0:android.process.media/u0a9}, curProc for 3640: null
12-14 22:44:51.304  3414  3428 I SystemServer: Making services ready
12-14 22:44:51.304  3414  3428 I SystemServiceManager: Starting phase 550
12-14 22:44:51.304  3414  3468 D MountService: Thinking about reset, mSystemReady=true, mDaemonConnected=true
12-14 22:44:51.305  3414  3468 D VoldConnector: SND -> {25 volume reset}
12-14 22:44:51.305  3414  3428 D UsbAlsaManager: Adding ALSA device AlsaDevice: [card: 0, device: 9, type: 1]
12-14 22:44:51.305  3414  3428 D UsbAlsaManager: Adding ALSA device AlsaDevice: [card: 0, device: 8, type: 1]
12-14 22:44:51.305  3414  3469 D VoldConnector: RCV <- {651 emulated 7}
12-14 22:44:51.305  3414  3428 D UsbAlsaManager: Adding ALSA device AlsaDevice: [card: 0, device: 7, type: 1]
12-14 22:44:51.305  3414  3428 D UsbAlsaManager: Adding ALSA device AlsaDevice: [card: 0, device: 6, type: 1]
12-14 22:44:51.305  3414  3428 D UsbAlsaManager: Adding ALSA device AlsaDevice: [card: 0, device: 3, type: 1]
12-14 22:44:51.305  3414  3428 D UsbAlsaManager: Adding ALSA device AlsaDevice: [card: 0, device: 2, type: 1]
12-14 22:44:51.305  3414  3428 D UsbAlsaManager: Adding ALSA device AlsaDevice: [card: 0, device: 1, type: 1]
12-14 22:44:51.305  3414  3469 D VoldConnector: RCV <- {659 emulated}
12-14 22:44:51.305  3414  3428 D UsbAlsaManager: Adding ALSA device AlsaDevice: [card: 0, device: 2, type: 2]
12-14 22:44:51.305  3414  3428 D UsbAlsaManager: Adding ALSA device AlsaDevice: [card: 0, device: 0, type: 1]
12-14 22:44:51.305  3414  3428 D UsbAlsaManager: Adding ALSA device AlsaDevice: [card: 0, device: 1, type: 2]
12-14 22:44:51.305  3414  3469 D VoldConnector: RCV <- {650 emulated 2 "" ""}
12-14 22:44:51.305  3414  3428 D UsbAlsaManager: Adding ALSA device AlsaDevice: [card: 0, device: 0, type: 2]
12-14 22:44:51.305  3414  3469 D VoldConnector: RCV <- {654 emulated emulated}
12-14 22:44:51.305  3414  3469 D VoldConnector: RCV <- {651 emulated 0}
12-14 22:44:51.305  3414  3469 D VoldConnector: RCV <- {200 25 Command succeeded}
12-14 22:44:51.305  3414  3468 D VoldConnector: SND -> {26 volume user_added 0 0}
12-14 22:44:51.305  3414  3414 W System  : ClassLoader referenced unknown path: /system/priv-app/Telecom/lib/arm64
12-14 22:44:51.305  3414  3469 D VoldConnector: RCV <- {200 26 Command succeeded}
12-14 22:44:51.305  3414  3428 W MountService: No primary storage defined yet; hacking together a stub
12-14 22:44:51.306  3414  3430 V MountService: Found primary storage at VolumeInfo{emulated}:
12-14 22:44:51.306  3414  3430 V MountService:     type=EMULATED diskId=null partGuid=null mountFlags=0 mountUserId=-1 
12-14 22:44:51.306  3414  3430 V MountService:     state=UNMOUNTED 
12-14 22:44:51.306  3414  3430 V MountService:     fsType=null fsUuid=null fsLabel=null 
12-14 22:44:51.306  3414  3430 V MountService:     path=null internalPath=null 
12-14 22:44:51.306  3414  3468 D VoldConnector: SND -> {27 volume mount emulated 3 -1}
12-14 22:44:51.307  3414  3469 D VoldConnector: RCV <- {651 emulated 1}
12-14 22:44:51.307  3414  3469 D VoldConnector: RCV <- {656 emulated /data/media}
12-14 22:44:51.307  3414  3469 D VoldConnector: RCV <- {655 emulated /storage/emulated}
12-14 22:44:51.307  2921  2965 V vold    : Waiting for FUSE to spin up...
12-14 22:44:51.317  3414  3428 I ActivityManager: Start proc 3701:com.android.systemui/u0a22 for service com.android.systemui/.keyguard.KeyguardService
12-14 22:44:51.317  3414  3428 I BrokerableCMSystemService: Connecting to implementation
12-14 22:44:51.317  3414  3428 W ContextImpl: Calling a method in the system process without a qualified user: android.app.ContextImpl.bindService:1295 org.cyanogenmod.platform.internal.BrokerableCMSystemService.tryConnecting:199 org.cyanogenmod.platform.internal.ThemeManagerServiceBroker.onBootPhase:270 com.android.server.SystemServiceManager.startBootPhase:135 com.android.server.SystemServer$2.run:1180 
12-14 22:44:51.328  3414  3428 I ActivityManager: Start proc 3720:org.cyanogenmod.themeservice/u0a20 for service org.cyanogenmod.themeservice/.ThemeManagerService
12-14 22:44:51.328  3414  3428 I SystemServer: WebViewFactory preparation
12-14 22:44:51.342  3414  3428 I Zygote  : Process: zygote socket opened, supported ABIS: armeabi-v7a,armeabi
12-14 22:44:51.343  3018  3018 I art     : Starting a blocking GC Background
12-14 22:44:51.358  3414  3469 D VoldConnector: RCV <- {651 emulated 2}
12-14 22:44:51.358  3414  3469 D VoldConnector: RCV <- {200 27 Command succeeded}
12-14 22:44:51.371  3414  3428 I ActivityManager: Start proc 3734:WebViewLoader-armeabi-v7a/1037 [android.webkit.WebViewFactory$RelroFileCreator] for 
12-14 22:44:51.375  3734  3734 V WebViewFactory: RelroFileCreator (64bit = false),  32-bit lib: /system/app/webview/webview.apk!/lib/armeabi-v7a/libwebviewchromium.so, 64-bit lib: /system/app/webview/webview.apk!/lib/arm64-v8a/libwebviewchromium.so
12-14 22:44:51.381  3414  3428 I ActivityManager: Start proc 3746:WebViewLoader-arm64-v8a/1037 [android.webkit.WebViewFactory$RelroFileCreator] for 
12-14 22:44:51.384  3746  3746 V WebViewFactory: RelroFileCreator (64bit = true),  32-bit lib: /system/app/webview/webview.apk!/lib/armeabi-v7a/libwebviewchromium.so, 64-bit lib: /system/app/webview/webview.apk!/lib/arm64-v8a/libwebviewchromium.so
12-14 22:44:51.385  3414  3428 D NetworkManagement: enabling bandwidth control
12-14 22:44:51.385  3414  3432 D BluetoothManagerService: Message: 20
12-14 22:44:51.385  3414  3432 D BluetoothManagerService: Added callback: android.bluetooth.BluetoothAdapter$1@11240d3:true
12-14 22:44:51.386  3414  3432 D BluetoothManagerService: Message: 30
12-14 22:44:51.389  2950  2950 W auditd  : type=1325 audit(0.0:137): table=filter family=2 entries=52
12-14 22:44:51.389  2950  2950 W auditd  : type=1320 audit(0.0:137): 
12-14 22:44:51.389  2950  2950 W auditd  : type=1325 audit(0.0:138): table=filter family=10 entries=55
12-14 22:44:51.389  2950  2950 W auditd  : type=1320 audit(0.0:138): 
12-14 22:44:51.391  3414  3414 I Telecom : ViceNotificationImpl: ViceNotificationImpl
12-14 22:44:51.392  3701  3701 W System  : ClassLoader referenced unknown path: /system/priv-app/SystemUI/lib/arm64
12-14 22:44:51.396  3414  3432 D BluetoothManagerService: Message: 30
12-14 22:44:51.397  3720  3720 W System  : ClassLoader referenced unknown path: /system/priv-app/ThemeManagerService/lib/arm64
12-14 22:44:51.399  2950  2950 W auditd  : type=1325 audit(0.0:139): table=filter family=2 entries=51
12-14 22:44:51.399  2950  2950 W auditd  : type=1320 audit(0.0:139): 
12-14 22:44:51.400  3720  3720 I ThemeManagerService: Spawned worker thread
12-14 22:44:51.406  3414  3761 I ActivityManager: Start proc 3765:android.process.acore/u0a5 for content provider com.android.providers.contacts/.CallLogProvider
12-14 22:44:51.408  3414  3414 I Telecom : Class: TelecomSystem.INSTANCE being set
12-14 22:44:51.409  2950  2950 W auditd  : type=1325 audit(0.0:140): table=filter family=10 entries=54
12-14 22:44:51.409  2950  2950 W auditd  : type=1320 audit(0.0:140): 
12-14 22:44:51.409  3414  3414 W ContextImpl: Calling a method in the system process without a qualified user: android.app.ContextImpl.startService:1231 android.content.ContextWrapper.startService:587 com.android.server.telecom.components.TelecomService.initializeTelecomSystem:141 com.android.server.telecom.components.TelecomService.onBind:69 android.app.ActivityThread.handleBindService:2938 
12-14 22:44:51.419  2950  2950 W auditd  : type=1325 audit(0.0:141): table=filter family=2 entries=50
12-14 22:44:51.419  2950  2950 W auditd  : type=1320 audit(0.0:141): 
12-14 22:44:51.419  2950  2950 W auditd  : type=1325 audit(0.0:142): table=filter family=10 entries=53
12-14 22:44:51.419  2950  2950 W auditd  : type=1320 audit(0.0:142): 
12-14 22:44:51.424  3414  3414 I PackageManager: Replacing preferred activity com.android.messaging/.ui.conversation.LaunchConversationActivity for user 0:
12-14 22:44:51.424  3414  3414 I PackageManager:   Action: "android.intent.action.SENDTO"
12-14 22:44:51.424  3414  3414 I PackageManager:   Category: "android.intent.category.DEFAULT"
12-14 22:44:51.424  3414  3414 I PackageManager:   Scheme: "sms"
12-14 22:44:51.424  3414  3414 I PackageManager:   AutoVerify=false
12-14 22:44:51.424  3414  3414 I PackageManager: Replacing preferred activity com.android.messaging/.ui.conversation.LaunchConversationActivity for user 0:
12-14 22:44:51.424  3414  3414 I PackageManager:   Action: "android.intent.action.SENDTO"
12-14 22:44:51.424  3414  3414 I PackageManager:   Category: "android.intent.category.DEFAULT"
12-14 22:44:51.424  3414  3414 I PackageManager:   Scheme: "smsto"
12-14 22:44:51.424  3414  3414 I PackageManager:   AutoVerify=false
12-14 22:44:51.424  3414  3414 I PackageManager: Replacing preferred activity com.android.messaging/.ui.conversation.LaunchConversationActivity for user 0:
12-14 22:44:51.424  3414  3414 I PackageManager:   Action: "android.intent.action.SENDTO"
12-14 22:44:51.424  3414  3414 I PackageManager:   Category: "android.intent.category.DEFAULT"
12-14 22:44:51.424  3414  3414 I PackageManager:   Scheme: "mms"
12-14 22:44:51.424  3414  3414 I PackageManager:   AutoVerify=false
12-14 22:44:51.424  3414  3414 I PackageManager: Replacing preferred activity com.android.messaging/.ui.conversation.LaunchConversationActivity for user 0:
12-14 22:44:51.424  3414  3414 I PackageManager:   Action: "android.intent.action.SENDTO"
12-14 22:44:51.424  3414  3414 I PackageManager:   Category: "android.intent.category.DEFAULT"
12-14 22:44:51.424  3414  3414 I PackageManager:   Scheme: "mmsto"
12-14 22:44:51.424  3414  3414 I PackageManager:   AutoVerify=false
12-14 22:44:51.425  3720  3720 D ThemeManagerService: Previous api level not found. First time booting?
12-14 22:44:51.426  3720  3720 D ThemeManagerService: Prev api level was: -1, api is now: 23
12-14 22:44:51.426  3720  3720 D ThemeManagerService: The system has been upgraded to a theme new api, checking if currently set theme is compatible
12-14 22:44:51.426  3414  3414 I DefaultPermGrantPolicy: Granting permissions to default sms app for user:0
12-14 22:44:51.427  3414  3414 I DefaultPermGrantPolicy: Granting permissions to default dialer app for user:0
12-14 22:44:51.429  2950  2950 W auditd  : type=1325 audit(0.0:143): table=filter family=2 entries=50
12-14 22:44:51.429  2950  2950 W auditd  : type=1320 audit(0.0:143): 
12-14 22:44:51.429  3414  3414 I Telecom : PhoneAccountRegistrar: SimCallManager queried, returning: null
12-14 22:44:51.432  3414  3414 I DefaultPermGrantPolicy: Granting permissions to default sms app for user:0
12-14 22:44:51.436  3765  3765 W System  : ClassLoader referenced unknown path: /system/priv-app/ContactsProvider/lib/arm64
12-14 22:44:51.437  3414  3432 D BluetoothManagerService: Message: 100
12-14 22:44:51.437  3414  3432 E BluetoothManagerService: MESSAGE_TIMEOUT_BIND
12-14 22:44:51.439  2950  2950 W auditd  : type=1325 audit(0.0:144): table=filter family=10 entries=53
12-14 22:44:51.439  2950  2950 W auditd  : type=1320 audit(0.0:144): 
12-14 22:44:51.439  2950  2950 W auditd  : type=1325 audit(0.0:145): table=filter family=2 entries=50
12-14 22:44:51.439  2950  2950 W auditd  : type=1320 audit(0.0:145): 
12-14 22:44:51.440  3414  3425 I ActivityManager: Start proc 3790:org.cyanogenmod.themes.provider/u0a21 for content provider org.cyanogenmod.themes.provider/.ThemesProvider
12-14 22:44:51.449  2950  2950 W auditd  : type=1325 audit(0.0:146): table=filter family=10 entries=53
12-14 22:44:51.449  2950  2950 W auditd  : type=1320 audit(0.0:146): 
12-14 22:44:51.464  3790  3790 W System  : ClassLoader referenced unknown path: /system/priv-app/ThemesProvider/lib/arm64
12-14 22:44:51.466  3765  3765 W System  : ClassLoader referenced unknown path: /system/app/UserDictionaryProvider/lib/arm64
12-14 22:44:51.470  3701  3701 V SystemUIService: Starting SystemUI services.
12-14 22:44:51.479  3734  3734 I art     : System.exit called, status: 0
12-14 22:44:51.479  3734  3734 I AndroidRuntime: VM exiting with result code 0, cleanup skipped.
12-14 22:44:51.560  3006  3401 I iptables: iptables: No chain/target/match by that name.
12-14 22:44:51.560  3006  3401 I iptables: iptables terminated by exit(1)
12-14 22:44:51.560  3006  3401 E Netd    : exec() res=0, status=256 for /system/bin/iptables -w -F st_penalty_log 
12-14 22:44:51.564  3006  3401 I ip6tables: ip6tables: No chain/target/match by that name.
12-14 22:44:51.565  3006  3401 I ip6tables: ip6tables terminated by exit(1)
12-14 22:44:51.565  3006  3401 E Netd    : exec() res=0, status=256 for /system/bin/ip6tables -w -F st_penalty_log 
12-14 22:44:51.569  3006  3401 I iptables: iptables: No chain/target/match by that name.
12-14 22:44:51.570  3006  3401 I iptables: iptables terminated by exit(1)
12-14 22:44:51.570  3006  3401 E Netd    : exec() res=0, status=256 for /system/bin/iptables -w -F st_penalty_reject 
12-14 22:44:51.574  3006  3401 I ip6tables: ip6tables: No chain/target/match by that name.
12-14 22:44:51.574  3006  3401 I ip6tables: ip6tables terminated by exit(1)
12-14 22:44:51.574  3006  3401 E Netd    : exec() res=0, status=256 for /system/bin/ip6tables -w -F st_penalty_reject 
12-14 22:44:51.579  3006  3401 I iptables: iptables: No chain/target/match by that name.
12-14 22:44:51.579  3006  3401 I iptables: iptables terminated by exit(1)
12-14 22:44:51.579  3006  3401 E Netd    : exec() res=0, status=256 for /system/bin/iptables -w -F st_clear_caught 
12-14 22:44:51.583  3006  3401 I ip6tables: ip6tables: No chain/target/match by that name.
12-14 22:44:51.583  3006  3401 I ip6tables: ip6tables terminated by exit(1)
12-14 22:44:51.583  3006  3401 E Netd    : exec() res=0, status=256 for /system/bin/ip6tables -w -F st_clear_caught 
12-14 22:44:51.587  3006  3401 I iptables: iptables: No chain/target/match by that name.
12-14 22:44:51.587  3006  3401 I iptables: iptables terminated by exit(1)
12-14 22:44:51.588  3006  3401 E Netd    : exec() res=0, status=256 for /system/bin/iptables -w -F st_clear_detect 
12-14 22:44:51.592  3006  3401 I ip6tables: ip6tables: No chain/target/match by that name.
12-14 22:44:51.592  3006  3401 I ip6tables: ip6tables terminated by exit(1)
