12-13 21:40:23.777  3403  3403 W WiredAccessoryManager: This kernel does not have usb audio support
12-13 21:40:23.777  3403  3403 W WiredAccessoryManager: This kernel does not have HDMI audio support
12-13 21:40:23.777  3403  3403 I SystemServiceManager: Starting com.android.server.usb.UsbService$Lifecycle
12-13 21:40:23.784  3403  3403 I SystemServer: Serial Service
12-13 21:40:23.784  3403  3403 I SystemServiceManager: Starting com.android.server.twilight.TwilightService
12-13 21:40:23.785  3403  3403 I SystemServiceManager: Starting com.android.server.job.JobSchedulerService
12-13 21:40:23.790  3403  3403 I SystemServiceManager: Starting com.android.server.backup.BackupManagerService$Lifecycle
12-13 21:40:23.790  3403  3403 I SystemServiceManager: Starting com.android.server.appwidget.AppWidgetService
12-13 21:40:23.792  3403  3403 I SystemServiceManager: Starting com.android.server.voiceinteraction.VoiceInteractionManagerService
12-13 21:40:23.793  2943  2943 D PermissionCache: checking android.permission.CAPTURE_AUDIO_HOTWORD for uid=1000 => granted (109 us)
12-13 21:40:23.793  3403  3403 W SoundTriggerHelper: listModules status=0, # of modules=0
12-13 21:40:23.794  3403  3403 I SystemServer: Gesture Launcher Service
12-13 21:40:23.794  3403  3403 I SystemServiceManager: Starting com.android.server.GestureLauncherService
12-13 21:40:23.794  3403  3403 I SystemServer: DiskStats Service
12-13 21:40:23.794  3403  3403 I SystemServer: SamplingProfiler Service
12-13 21:40:23.826  3403  3403 I SystemServer: NetworkTimeUpdateService
12-13 21:40:23.827  3403  3403 I SystemServer: CommonTimeManagementService
12-13 21:40:23.827  3403  3403 I SystemServer: CertBlacklister
12-13 21:40:23.827  3403  3403 I SystemServiceManager: Starting com.android.server.dreams.DreamManagerService
12-13 21:40:23.828  3403  3403 I SystemServer: Assets Atlas Service
12-13 21:40:23.830  3403  3495 D AssetAtlas: Computing best atlas configuration...
12-13 21:40:23.830  3403  3403 I SystemServiceManager: Starting com.android.server.print.PrintManagerService
12-13 21:40:23.831  3403  3496 D AssetAtlas: Running Atlas Worker #1
12-13 21:40:23.831  3403  3497 D AssetAtlas: Running Atlas Worker #2
12-13 21:40:23.832  3403  3498 D AssetAtlas: Running Atlas Worker #3
12-13 21:40:23.832  3403  3499 D AssetAtlas: Running Atlas Worker #4
12-13 21:40:23.833  3403  3500 D AssetAtlas: Running Atlas Worker #5
12-13 21:40:23.836  3403  3403 I SystemServiceManager: Starting com.android.server.restrictions.RestrictionsManagerService
12-13 21:40:23.837  3403  3403 I SystemServiceManager: Starting com.android.server.media.MediaSessionService
12-13 21:40:23.838  3403  3501 D AssetAtlas: Running Atlas Worker #6
12-13 21:40:23.839  3403  3502 D AssetAtlas: Running Atlas Worker #7
12-13 21:40:23.842  3403  3503 D AssetAtlas: Running Atlas Worker #8
12-13 21:40:23.849  3403  3403 I SystemServer: Media Router Service
12-13 21:40:23.849  3403  3403 I SystemServiceManager: Starting com.android.server.trust.TrustManagerService
12-13 21:40:23.850  3403  3403 I SystemServiceManager: Starting com.android.server.fingerprint.FingerprintService
12-13 21:40:23.852  2952  2952 D PermissionCache: checking android.permission.MANAGE_FINGERPRINT for uid=1000 => granted (360 us)
12-13 21:40:23.852  2952  2952 V fingerprintd: nativeOpenHal()
12-13 21:40:23.852  2952  2952 E fingerprintd: Can't open fingerprint HW Module, error: -2
12-13 21:40:23.852  3403  3403 W FingerprintService: Failed to open Fingerprint HAL!
12-13 21:40:23.852  3403  3403 V FingerprintService: Fingerprint HAL id: 0
12-13 21:40:23.853  3403  3403 I SystemServer: BackgroundDexOptService
12-13 21:40:23.853  3403  3403 I SystemServiceManager: Starting com.android.server.pm.LauncherAppsService
12-13 21:40:23.854  3403  3403 I SystemServiceManager: Starting com.android.server.media.projection.MediaProjectionManagerService
12-13 21:40:23.859  3403  3495 D AssetAtlas: Found best atlas configuration (out of 496) in 0.03s
12-13 21:40:23.859  3403  3495 D AssetAtlas: Loaded configuration: SliceMinArea (2048x2048) flags=0x2 count=267
12-13 21:40:23.892  3403  3411 W JavaBinder: BinderProxy is being destroyed but the application did not call unlinkToDeath to unlink all of its death recipients beforehand.  Releasing leaked death recipient: com.android.server.fingerprint.FingerprintService
12-13 21:40:23.925  3403  3495 D AssetAtlas: Rendered atlas in 60.96ms (52.24+8.72ms)
12-13 21:40:23.930  3403  3403 I WindowManager: SAFE MODE not enabled
12-13 21:40:23.931  3403  3403 I SystemServiceManager: Starting com.android.server.MmsServiceBroker
12-13 21:40:23.933  3403  3403 I CMSystemServer: Attempting to start service org.cyanogenmod.platform.internal.CMStatusBarManagerService
12-13 21:40:23.935  3403  3403 I CMSystemServer: Starting service org.cyanogenmod.platform.internal.CMStatusBarManagerService
12-13 21:40:23.935  3403  3403 I SystemServiceManager: Starting org.cyanogenmod.platform.internal.CMStatusBarManagerService
12-13 21:40:23.935  3403  3403 D CMStatusBarManagerService: registerCMStatusBar cmstatusbar: org.cyanogenmod.platform.internal.CMStatusBarManagerService@97883e7
12-13 21:40:23.936  3403  3403 I CMSystemServer: Attempting to start service org.cyanogenmod.platform.internal.ProfileManagerService
12-13 21:40:23.938  3403  3403 I CMSystemServer: Starting service org.cyanogenmod.platform.internal.ProfileManagerService
12-13 21:40:23.938  3403  3403 I SystemServiceManager: Starting org.cyanogenmod.platform.internal.ProfileManagerService
12-13 21:40:23.938  2935  2935 E ServiceManager: add_service('profile',61) uid=1000 - ALREADY REGISTERED, OVERRIDE
12-13 21:40:23.938  2935  2935 I ServiceManager: service 'profile' died
12-13 21:40:23.939  3403  3472 D WifiService: New client listening to asynchronous messages
12-13 21:40:23.940  3403  3403 V ProfileTriggerHelper: Enabling
12-13 21:40:23.942  3403  3403 D CMProfileService: Set active profile to: 0230226d-0d05-494a-a9bd-d222a1117655 - Default
12-13 21:40:23.942  3403  3403 D CMProfileService: Saving profile data...
12-13 21:40:23.943  3403  3403 D CMProfileService: Save completed.
12-13 21:40:23.943  3403  3403 I CMSystemServer: Attempting to start service org.cyanogenmod.platform.internal.PartnerInterfaceService
12-13 21:40:23.944  3403  3403 I CMSystemServer: Starting service org.cyanogenmod.platform.internal.PartnerInterfaceService
12-13 21:40:23.944  3403  3403 I SystemServiceManager: Starting org.cyanogenmod.platform.internal.PartnerInterfaceService
12-13 21:40:23.944  2935  2935 E ServiceManager: add_service('cmpartnerinterface',62) uid=1000 - ALREADY REGISTERED, OVERRIDE
12-13 21:40:23.944  2935  2935 I ServiceManager: service 'cmpartnerinterface' died
12-13 21:40:23.944  3403  3403 I CMSystemServer: Attempting to start service org.cyanogenmod.platform.internal.CMTelephonyManagerService
12-13 21:40:23.945  3403  3403 I CMSystemServer: Starting service org.cyanogenmod.platform.internal.CMTelephonyManagerService
12-13 21:40:23.945  3403  3403 I SystemServiceManager: Starting org.cyanogenmod.platform.internal.CMTelephonyManagerService
12-13 21:40:23.945  3403  3403 I CMSystemServer: Attempting to start service org.cyanogenmod.platform.internal.CMHardwareService
12-13 21:40:23.957  3403  3403 I CMSystemServer: Starting service org.cyanogenmod.platform.internal.CMHardwareService
12-13 21:40:23.957  3403  3403 I SystemServiceManager: Starting org.cyanogenmod.platform.internal.CMHardwareService
12-13 21:40:23.958  2935  2935 E ServiceManager: add_service('cmhardware',64) uid=1000 - ALREADY REGISTERED, OVERRIDE
12-13 21:40:23.958  2935  2935 I ServiceManager: service 'cmhardware' died
12-13 21:40:23.958  3403  3403 I CMSystemServer: Attempting to start service org.cyanogenmod.platform.internal.AppSuggestManagerService
12-13 21:40:23.959  3403  3403 I CMSystemServer: Starting service org.cyanogenmod.platform.internal.AppSuggestManagerService
12-13 21:40:23.959  3403  3403 I SystemServiceManager: Starting org.cyanogenmod.platform.internal.AppSuggestManagerService
12-13 21:40:23.959  3403  3403 W ServiceWatcher: com.cyanogen.app.suggest not found
12-13 21:40:23.959  3403  3403 E AppSgstMgrService: no app suggest provider found
12-13 21:40:23.960  3403  3403 I CMSystemServer: Attempting to start service org.cyanogenmod.platform.internal.PerformanceManagerService
12-13 21:40:23.964  3403  3519 I ServiceThread: Enabled StrictMode logging for PerformanceManager looper.
12-13 21:40:23.964  3403  3403 I CMSystemServer: Starting service org.cyanogenmod.platform.internal.PerformanceManagerService
12-13 21:40:23.964  3403  3403 I SystemServiceManager: Starting org.cyanogenmod.platform.internal.PerformanceManagerService
12-13 21:40:23.964  3403  3520 I ServiceThread: Enabled StrictMode logging for PerformanceManager looper.
12-13 21:40:23.965  3403  3403 I CMSystemServer: Attempting to start service org.cyanogenmod.platform.internal.ThemeManagerServiceBroker
12-13 21:40:23.966  3403  3403 E BrokerableCMSystemService: Setting brokered service connection org.cyanogenmod.platform.internal.ThemeManagerServiceBroker$2@c90dc56
12-13 21:40:23.966  3403  3403 I CMSystemServer: Starting service org.cyanogenmod.platform.internal.ThemeManagerServiceBroker
12-13 21:40:23.966  3403  3403 I SystemServiceManager: Starting org.cyanogenmod.platform.internal.ThemeManagerServiceBroker
12-13 21:40:23.966  3403  3403 E BrokerableCMSystemService: Setting brokered service connection org.cyanogenmod.platform.internal.ThemeManagerServiceBroker$2@d5434d7
12-13 21:40:23.966  3403  3403 I CMSystemServer: Attempting to start service org.cyanogenmod.platform.internal.IconCacheManagerServiceBroker
12-13 21:40:23.967  3403  3403 E BrokerableCMSystemService: Setting brokered service connection org.cyanogenmod.platform.internal.IconCacheManagerServiceBroker$2@a3e31c4
12-13 21:40:23.967  3403  3403 I CMSystemServer: Starting service org.cyanogenmod.platform.internal.IconCacheManagerServiceBroker
12-13 21:40:23.967  3403  3403 I SystemServiceManager: Starting org.cyanogenmod.platform.internal.IconCacheManagerServiceBroker
12-13 21:40:23.967  3403  3403 E BrokerableCMSystemService: Setting brokered service connection org.cyanogenmod.platform.internal.IconCacheManagerServiceBroker$2@13d18ad
12-13 21:40:23.967  3403  3403 I CMSystemServer: Attempting to start service org.cyanogenmod.platform.internal.LiveLockScreenServiceBroker
12-13 21:40:23.968  3403  3403 E BrokerableCMSystemService: Setting brokered service connection org.cyanogenmod.platform.internal.LiveLockScreenServiceBroker$2@75667e2
12-13 21:40:23.968  3403  3403 I CMSystemServer: Starting service org.cyanogenmod.platform.internal.LiveLockScreenServiceBroker
12-13 21:40:23.968  3403  3403 I SystemServiceManager: Starting org.cyanogenmod.platform.internal.LiveLockScreenServiceBroker
12-13 21:40:23.968  3403  3403 E BrokerableCMSystemService: Setting brokered service connection org.cyanogenmod.platform.internal.LiveLockScreenServiceBroker$2@e3d4773
12-13 21:40:23.968  3403  3403 I CMSystemServer: Attempting to start service org.cyanogenmod.platform.internal.WeatherManagerServiceBroker
12-13 21:40:23.968  3403  3403 I CMSystemServer: Starting service org.cyanogenmod.platform.internal.WeatherManagerServiceBroker
12-13 21:40:23.968  3403  3403 I SystemServiceManager: Starting org.cyanogenmod.platform.internal.WeatherManagerServiceBroker
12-13 21:40:23.969  3403  3403 I CMSystemServer: Attempting to start service org.cyanogenmod.platform.internal.display.LiveDisplayService
12-13 21:40:23.971  3403  3521 I ServiceThread: Enabled StrictMode logging for LiveDisplay looper.
12-13 21:40:23.971  3403  3403 I CMSystemServer: Starting service org.cyanogenmod.platform.internal.display.LiveDisplayService
12-13 21:40:23.971  3403  3403 I SystemServiceManager: Starting org.cyanogenmod.platform.internal.display.LiveDisplayService
12-13 21:40:23.972  3403  3522 I ServiceThread: Enabled StrictMode logging for LiveDisplay looper.
12-13 21:40:23.972  3403  3403 I CMSystemServer: Attempting to start service org.cyanogenmod.platform.internal.CMAudioServiceBroker
12-13 21:40:23.973  3403  3403 I CMSystemServer: Starting service org.cyanogenmod.platform.internal.CMAudioServiceBroker
12-13 21:40:23.973  3403  3403 I SystemServiceManager: Starting org.cyanogenmod.platform.internal.CMAudioServiceBroker
12-13 21:40:24.162  3403  3403 E SQLiteLog: (1) no such table: locksettings
12-13 21:40:24.288  3403  3403 I LockSettingsService: Migrated lock settings to new location
12-13 21:40:24.314  3403  3403 I LockSettingsService: Migrated per-user lock settings to new location
12-13 21:40:24.333  3403  3403 I LockSettingsService: Migrated biometric weak to use the fallback instead
12-13 21:40:24.348  3403  3403 I LockSettingsService: Migrated lockscreen disabled flag
12-13 21:40:24.376  3403  3403 I LockSettingsService: Migrated primary user pattern size
12-13 21:40:24.378  3403  3403 E LockSettingsStorage: Cannot read file java.io.FileNotFoundException: /data/system/gatekeeper.password.key: open failed: ENOENT (No such file or directory)
12-13 21:40:24.378  3403  3403 E LockSettingsStorage: Cannot read file java.io.FileNotFoundException: /data/system/password.key: open failed: ENOENT (No such file or directory)
12-13 21:40:24.378  3403  3403 E LockSettingsStorage: Cannot read file java.io.FileNotFoundException: /data/system/gatekeeper.pattern.key: open failed: ENOENT (No such file or directory)
12-13 21:40:24.378  3403  3403 E LockSettingsStorage: Cannot read file java.io.FileNotFoundException: /data/system/gatekeeper.gesture.key: open failed: ENOENT (No such file or directory)
12-13 21:40:24.378  3403  3403 E LockSettingsStorage: Cannot read file java.io.FileNotFoundException: /data/system/gesture.key: open failed: ENOENT (No such file or directory)
12-13 21:40:24.378  3403  3403 E LockSettingsStorage: Cannot read file java.io.FileNotFoundException: /data/system/cm_gesture.key: open failed: ENOENT (No such file or directory)
12-13 21:40:24.378  3403  3403 I SystemServiceManager: Starting phase 480
12-13 21:40:24.379  3403  3403 I SystemServiceManager: Starting phase 500
12-13 21:40:24.380  3403  3403 D BluetoothService: onBootPhase: PHASE_SYSTEM_SERVICES_READY
12-13 21:40:24.380  3403  3403 D BluetoothManagerService: Bluetooth boot completed
12-13 21:40:24.380  3403  3403 D BluetoothManagerService: Retrieving Bluetooth Adapter name and address...
12-13 21:40:24.380  3403  3403 D BluetoothManagerService: getNameAndAddress(): mBluetooth = null mBinding = false
12-13 21:40:24.380  3403  3421 D BluetoothManagerService: Message: 200
12-13 21:40:24.380  3403  3421 D BluetoothManagerService: MESSAGE_GET_NAME_AND_ADDRESS
12-13 21:40:24.380  3403  3421 D BluetoothManagerService: Binding to service to get name and address
12-13 21:40:24.381  3403  3403 I WifiService: WifiService starting up with Wi-Fi disabled
12-13 21:40:24.384  3403  3403 I WifiScanningService: Registering wifiscanner
12-13 21:40:24.385  3403  3403 I RttService: Registering rttmanager
12-13 21:40:24.386  3403  3403 I EthernetServiceImpl: Starting Ethernet service
12-13 21:40:24.387  3403  3403 D Ethernet: Registering NetworkFactory
12-13 21:40:24.387  3403  3473 D ConnectivityService: Got NetworkFactory Messenger for Ethernet
12-13 21:40:24.387  3403  3526 D Ethernet: got request NetworkRequest [ id=1, legacyType=-1, [ Capabilities: INTERNET&NOT_RESTRICTED&TRUSTED&NOT_VPN] ] with score 0
12-13 21:40:24.390  3403  3403 V BackupManagerService: No ancestral data
12-13 21:40:24.448  3403  3403 V KeyValueBackupJob: Scheduling k/v pass in 249 minutes
12-13 21:40:24.758  3403  3403 V BackupManagerService: Starting with transport com.google.android.gms/.backup.BackupTransportService
12-13 21:40:24.758  3403  3403 V BackupManagerService: Found transports: 1
12-13 21:40:24.758  3403  3403 I BackupManagerService: Binding to transport host ComponentInfo{android/com.android.internal.backup.LocalTransportService}
12-13 21:40:24.760  3403  3403 W ThemeManagerServiceBroker: Cannot stat /data/system/theme/alarms
12-13 21:40:24.802  3403  3403 W PackageManager: Unable to get pkg for processing system
12-13 21:40:24.803  3403  3403 E PackageManager: Unable to find icon pack: system
12-13 21:40:24.803  3403  3403 I DefaultPermGrantPolicy: Granting permissions to platform components for user 0
12-13 21:40:24.803  3403  3403 D VoldConnector: SND -> {4 volume remount_uid 1001 none}
12-13 21:40:24.803  3403  3424 W KeyguardServiceDelegate: onScreenTurningOn(): no keyguard service!
12-13 21:40:24.803  2923  2964 D vold    : Remounting 1001 as mode none
12-13 21:40:24.806  2923  2964 D vold    : Found matching PID 2941
12-13 21:40:24.806  2923  2964 W vold    : Skipping due to root namespace
12-13 21:40:24.806  3403  3463 D VoldConnector: RCV <- {200 4 Command succeeded}
12-13 21:40:24.806  3403  3403 D VoldConnector: SND -> {5 volume remount_uid 1001 none}
12-13 21:40:24.807  2923  2964 D vold    : Remounting 1001 as mode none
12-13 21:40:24.809  2923  2964 D vold    : Found matching PID 2941
12-13 21:40:24.809  2923  2964 W vold    : Skipping due to root namespace
12-13 21:40:24.809  3403  3463 D VoldConnector: RCV <- {200 5 Command succeeded}
12-13 21:40:24.810  3403  3403 D VoldConnector: SND -> {6 volume remount_uid 1000 none}
12-13 21:40:24.810  2923  2964 D vold    : Remounting 1000 as mode none
12-13 21:40:24.812  2923  2964 D vold    : Found matching PID 2935
12-13 21:40:24.812  2923  2964 W vold    : Skipping due to root namespace
12-13 21:40:24.812  2923  2964 D vold    : Found matching PID 2936
12-13 21:40:24.812  2923  2964 W vold    : Skipping due to root namespace
12-13 21:40:24.812  2923  2964 D vold    : Found matching PID 2950
12-13 21:40:24.812  2923  2964 W vold    : Skipping due to root namespace
12-13 21:40:24.812  2923  2964 D vold    : Found matching PID 2952
12-13 21:40:24.812  2923  2964 W vold    : Skipping due to root namespace
12-13 21:40:24.812  2923  2964 D vold    : Found matching PID 3403
12-13 21:40:24.814  3403  3463 D VoldConnector: RCV <- {200 6 Command succeeded}
12-13 21:40:24.814  3403  3403 D VoldConnector: SND -> {7 volume remount_uid 1000 none}
12-13 21:40:24.814  2923  2964 D vold    : Remounting 1000 as mode none
12-13 21:40:24.816  2923  2964 D vold    : Found matching PID 2935
12-13 21:40:24.816  2923  2964 W vold    : Skipping due to root namespace
12-13 21:40:24.816  2923  2964 D vold    : Found matching PID 2936
12-13 21:40:24.816  2923  2964 W vold    : Skipping due to root namespace
12-13 21:40:24.816  2923  2964 D vold    : Found matching PID 2950
12-13 21:40:24.816  2923  2964 W vold    : Skipping due to root namespace
12-13 21:40:24.816  2923  2964 D vold    : Found matching PID 2952
12-13 21:40:24.816  2923  2964 W vold    : Skipping due to root namespace
12-13 21:40:24.816  2923  2964 D vold    : Found matching PID 3403
12-13 21:40:24.817  3403  3463 D VoldConnector: RCV <- {200 7 Command succeeded}
12-13 21:40:24.818  3403  3403 D VoldConnector: SND -> {8 volume remount_uid 2000 none}
12-13 21:40:24.818  2923  2964 D vold    : Remounting 2000 as mode none
12-13 21:40:24.821  3403  3463 D VoldConnector: RCV <- {200 8 Command succeeded}
12-13 21:40:24.821  3403  3403 D VoldConnector: SND -> {9 volume remount_uid 2000 none}
12-13 21:40:24.821  2923  2964 D vold    : Remounting 2000 as mode none
12-13 21:40:24.823  3403  3463 D VoldConnector: RCV <- {200 9 Command succeeded}
12-13 21:40:24.823  3403  3403 D VoldConnector: SND -> {10 volume remount_uid 10027 none}
12-13 21:40:24.824  2923  2964 D vold    : Remounting 10027 as mode none
12-13 21:40:24.826  3403  3463 D VoldConnector: RCV <- {200 10 Command succeeded}
12-13 21:40:24.826  3403  3403 D VoldConnector: SND -> {11 volume remount_uid 10027 none}
12-13 21:40:24.826  2923  2964 D vold    : Remounting 10027 as mode none
12-13 21:40:24.829  3403  3463 D VoldConnector: RCV <- {200 11 Command succeeded}
12-13 21:40:24.829  3403  3403 D VoldConnector: SND -> {12 volume remount_uid 1002 none}
12-13 21:40:24.829  2923  2964 D vold    : Remounting 1002 as mode none
12-13 21:40:24.832  3403  3463 D VoldConnector: RCV <- {200 12 Command succeeded}
12-13 21:40:24.832  3403  3403 D VoldConnector: SND -> {13 volume remount_uid 1002 none}
12-13 21:40:24.832  2923  2964 D vold    : Remounting 1002 as mode none
12-13 21:40:24.834  3403  3463 D VoldConnector: RCV <- {200 13 Command succeeded}
12-13 21:40:24.835  3403  3403 I DefaultPermGrantPolicy: Granting permissions to default platform handlers for user 0
12-13 21:40:24.835  3403  3403 W VoiceInteractionManagerService: no available voice interaction services found for user 0
12-13 21:40:24.835  3403  3403 W VoiceInteractionManagerService: no available voice recognition services found for user 0
12-13 21:40:24.835  3403  3403 D VoldConnector: SND -> {14 volume remount_uid 10016 none}
12-13 21:40:24.835  2923  2964 D vold    : Remounting 10016 as mode none
12-13 21:40:24.837  3403  3463 D VoldConnector: RCV <- {200 14 Command succeeded}
12-13 21:40:24.838  3403  3403 D VoldConnector: SND -> {15 volume remount_uid 10022 none}
12-13 21:40:24.838  2923  2964 D vold    : Remounting 10022 as mode none
12-13 21:40:24.841  3403  3463 D VoldConnector: RCV <- {200 15 Command succeeded}
12-13 21:40:24.841  3403  3403 D VoldConnector: SND -> {16 volume remount_uid 10022 none}
12-13 21:40:24.841  2923  2964 D vold    : Remounting 10022 as mode none
12-13 21:40:24.843  3403  3463 D VoldConnector: RCV <- {200 16 Command succeeded}
12-13 21:40:24.844  3403  3403 D VoldConnector: SND -> {17 volume remount_uid 10009 none}
12-13 21:40:24.844  2923  2964 D vold    : Remounting 10009 as mode none
12-13 21:40:24.846  3403  3463 D VoldConnector: RCV <- {200 17 Command succeeded}
12-13 21:40:24.846  3403  3403 D VoldConnector: SND -> {18 volume remount_uid 10009 none}
12-13 21:40:24.846  2923  2964 D vold    : Remounting 10009 as mode none
12-13 21:40:24.848  3403  3463 D VoldConnector: RCV <- {200 18 Command succeeded}
12-13 21:40:24.849  3403  3403 D VoldConnector: SND -> {19 volume remount_uid 10010 none}
12-13 21:40:24.849  2923  2964 D vold    : Remounting 10010 as mode none
12-13 21:40:24.851  3403  3463 D VoldConnector: RCV <- {200 19 Command succeeded}
12-13 21:40:24.851  3403  3403 D VoldConnector: SND -> {20 volume remount_uid 10010 none}
12-13 21:40:24.851  2923  2964 D vold    : Remounting 10010 as mode none
12-13 21:40:24.853  3403  3463 D VoldConnector: RCV <- {200 20 Command succeeded}
12-13 21:40:24.854  3403  3403 D VoldConnector: SND -> {21 volume remount_uid 10001 none}
12-13 21:40:24.854  2923  2964 D vold    : Remounting 10001 as mode none
12-13 21:40:24.856  3403  3463 D VoldConnector: RCV <- {200 21 Command succeeded}
12-13 21:40:24.857  3403  3403 D VoldConnector: SND -> {22 volume remount_uid 10001 none}
12-13 21:40:24.857  2923  2964 D vold    : Remounting 10001 as mode none
12-13 21:40:24.859  3403  3463 D VoldConnector: RCV <- {200 22 Command succeeded}
12-13 21:40:24.861  3403  3403 D VoldConnector: SND -> {23 volume remount_uid 10039 none}
12-13 21:40:24.861  2923  2964 D vold    : Remounting 10039 as mode none
12-13 21:40:24.863  3403  3463 D VoldConnector: RCV <- {200 23 Command succeeded}
12-13 21:40:24.864  3403  3403 D VoldConnector: SND -> {24 volume remount_uid 10039 none}
12-13 21:40:24.864  2923  2964 D vold    : Remounting 10039 as mode none
12-13 21:40:24.866  3403  3463 D VoldConnector: RCV <- {200 24 Command succeeded}
12-13 21:40:24.867  3403  3403 I ActivityManager: Pre-boot of {com.android.providers.calendar/com.android.providers.calendar.CalendarUpgradeReceiver} for user 0
12-13 21:40:24.868  3403  3403 I SystemServer: Enabled StrictMode for system server main thread.
12-13 21:40:24.878  3403  3417 I Zygote  : Process: zygote socket opened, supported ABIS: arm64-v8a,armeabi
12-13 21:40:24.878  2948  3407 I art     : Starting a blocking GC HeapTrim
12-13 21:40:24.888  3403  3417 I ActivityManager: Start proc 3543:com.android.providers.calendar/u0a1 for broadcast com.android.providers.calendar/.CalendarUpgradeReceiver
12-13 21:40:24.895  3403  3415 I ActivityManager: Launching preboot mode app: ProcessRecord{bc7cf4f 3543:com.android.providers.calendar/u0a1}
12-13 21:40:24.897  3403  3403 D RttService: SCAN_AVAILABLE : 1
12-13 21:40:24.897  3403  3525 D RttService: DefaultState got{ when=0 what=160513 target=com.android.internal.util.StateMachine$SmHandler }
12-13 21:40:24.909  3543  3543 W System  : ClassLoader referenced unknown path: /system/priv-app/CalendarProvider/lib/arm64
12-13 21:40:24.914  3403  3403 V BackupManagerService: Connected to transport ComponentInfo{android/com.android.internal.backup.LocalTransportService}
12-13 21:40:24.914  3403  3403 V BackupManagerService: Registering transport android/com.android.internal.backup.LocalTransportService::android/com.android.internal.backup.LocalTransport = android.app.backup.BackupTransport$TransportImpl@b5786dc
12-13 21:40:24.964  3403  3415 I ActivityManager: Pre-boot of {org.cyanogenmod.cmsettings/org.cyanogenmod.cmsettings.PreBootReceiver} for user 0
12-13 21:40:25.035  3403  3403 W CMSettings: Setting dev_force_show_navbar has moved from CMSettings.Secure to CMSettings.Global, value is unchanged.
12-13 21:40:25.061  3403  3403 I ActivityManager: Pre-boot of {com.android.providers.contacts/com.android.providers.contacts.ContactsUpgradeReceiver} for user 0
12-13 21:40:25.072  3403  3403 I ActivityManager: Start proc 3584:android.process.acore/u0a5 for broadcast com.android.providers.contacts/.ContactsUpgradeReceiver
12-13 21:40:25.077  3403  3415 I ActivityManager: Launching preboot mode app: ProcessRecord{983a3e5 3584:android.process.acore/u0a5}
12-13 21:40:25.090  3584  3584 W System  : ClassLoader referenced unknown path: /system/priv-app/ContactsProvider/lib/arm64
12-13 21:40:25.176  3584  3584 I ContactsUpgradeReceiver: Creating or opening contacts database
12-13 21:40:25.318  3584  3584 I ContactsDatabaseHelper: Bootstrapping database version: 1013
12-13 21:40:25.392  3584  3584 I ContactsProviderV1: Bootstrapping database legacy support
12-13 21:40:25.804  3403  3418 W WindowManager: Keyguard drawn timeout. Setting mKeyguardDrawComplete
12-13 21:40:25.827  3584  3584 I ContactsDatabaseHelper: Bootstrapping database version: 1013
12-13 21:40:25.870  3584  3584 I ContactsProviderV1: Bootstrapping database legacy support
12-13 21:40:26.193  3584  3584 I ContactsProvider: Locale has changed from null to en-US
12-13 21:40:26.194  3584  3584 I ContactsDatabaseHelper: Switching to locale en-US (ICU v55.1)
12-13 21:40:26.370  3584  3584 I ContactsDatabaseHelper: Locale change completed in 175ms
12-13 21:40:26.370  3584  3584 I ContactsDatabaseHelper: Switching to locale en-US (ICU v55.1)
12-13 21:40:26.593  3584  3584 I ContactsDatabaseHelper: Locale change completed in 223ms
12-13 21:40:26.817  3403  3414 I ActivityManager: Pre-boot of {com.android.managedprovisioning/com.android.managedprovisioning.PreBootListener} for user 0
12-13 21:40:26.848  3403  3414 I ActivityManager: Start proc 3625:com.android.managedprovisioning/u0a11 for broadcast com.android.managedprovisioning/.PreBootListener
12-13 21:40:26.852  3403  3566 I ActivityManager: Launching preboot mode app: ProcessRecord{11abeba 3625:com.android.managedprovisioning/u0a11}
12-13 21:40:26.862  3625  3625 W System  : ClassLoader referenced unknown path: /system/priv-app/ManagedProvisioning/lib/arm64
12-13 21:40:26.873  3403  3414 I ActivityManager: Pre-boot of {com.android.providers.media/com.android.providers.media.MediaUpgradeReceiver} for user 0
12-13 21:40:26.884  3403  3414 I ActivityManager: Start proc 3638:android.process.media/u0a9 for broadcast com.android.providers.media/.MediaUpgradeReceiver
12-13 21:40:26.887  3403  3415 I ActivityManager: Launching preboot mode app: ProcessRecord{c5c116b 3638:android.process.media/u0a9}
12-13 21:40:26.896  3638  3638 W System  : ClassLoader referenced unknown path: /system/priv-app/MediaProvider/lib/arm64
12-13 21:40:26.929  3403  3415 I ActivityManager: Pre-boot of {com.android.dialer/com.android.dialer.SystemUpdateReceiver} for user 0
12-13 21:40:26.939  3403  3415 I ActivityManager: Start proc 3652:com.android.dialer/u0a19 for broadcast com.android.dialer/.SystemUpdateReceiver
12-13 21:40:26.944  3403  3414 I ActivityManager: Launching preboot mode app: ProcessRecord{44434c8 3652:com.android.dialer/u0a19}
12-13 21:40:26.956  3652  3652 W System  : ClassLoader referenced unknown path: /system/priv-app/Dialer/lib/arm64
12-13 21:40:27.032  3652  3652 W MOD.CyanogenAmbientUtil: Cyanogen Ambient package is missing! Version 1050100 is required.
12-13 21:40:27.032  3403  3414 I ActivityManager: Pre-boot of {com.android.settings/com.android.settings.ManagedProfileSetup} for user 0
12-13 21:40:27.043  3403  3414 I ActivityManager: Start proc 3665:com.android.settings/1000 for broadcast com.android.settings/.ManagedProfileSetup
12-13 21:40:27.047  3403  3415 I ActivityManager: Launching preboot mode app: ProcessRecord{3cf9961 3665:com.android.settings/1000}
12-13 21:40:27.059  3665  3665 W System  : ClassLoader referenced unknown path: /system/priv-app/Settings/lib/arm64
12-13 21:40:27.133  3403  3417 I ActivityManager: Removing system update proc: ProcessRecord{bc7cf4f 3543:com.android.providers.calendar/u0a1}
12-13 21:40:27.134  3403  3417 I ActivityManager: Killing 3543:com.android.providers.calendar/u0a1 (adj 13): system update done
12-13 21:40:27.144  3403  3417 D ActivityManager: cleanUpApplicationRecord -- 3543
12-13 21:40:27.144  3403  3417 I ActivityManager: Removing system update proc: ProcessRecord{983a3e5 3584:android.process.acore/u0a5}
12-13 21:40:27.145  3403  3417 I ActivityManager: Killing 3584:android.process.acore/u0a5 (adj 13): system update done
12-13 21:40:27.155  3403  3417 D ActivityManager: cleanUpApplicationRecord -- 3584
12-13 21:40:27.155  3403  3417 I ActivityManager: Removing system update proc: ProcessRecord{11abeba 3625:com.android.managedprovisioning/u0a11}
12-13 21:40:27.155  3403  3417 I ActivityManager: Killing 3625:com.android.managedprovisioning/u0a11 (adj 11): system update done
12-13 21:40:27.166  3403  3417 D ActivityManager: cleanUpApplicationRecord -- 3625
12-13 21:40:27.166  3403  3417 I ActivityManager: Removing system update proc: ProcessRecord{c5c116b 3638:android.process.media/u0a9}
12-13 21:40:27.166  3403  3417 I ActivityManager: Killing 3638:android.process.media/u0a9 (adj 11): system update done
12-13 21:40:27.176  3403  3417 D ActivityManager: cleanUpApplicationRecord -- 3638
12-13 21:40:27.176  3403  3417 I ActivityManager: Removing system update proc: ProcessRecord{44434c8 3652:com.android.dialer/u0a19}
12-13 21:40:27.176  3403  3417 I ActivityManager: Killing 3652:com.android.dialer/u0a19 (adj 9): system update done
12-13 21:40:27.187  3403  3417 D ActivityManager: cleanUpApplicationRecord -- 3652
12-13 21:40:27.187  3403  3417 I ActivityManager: Removing system update proc: ProcessRecord{3cf9961 3665:com.android.settings/1000}
12-13 21:40:27.187  3403  3417 I ActivityManager: Killing 3665:com.android.settings/1000 (adj 9): system update done
12-13 21:40:27.198  3403  3417 D ActivityManager: cleanUpApplicationRecord -- 3665
12-13 21:40:27.198  3403  3417 I ActivityManager: System now ready
12-13 21:40:27.198  3403  3414 W ActivityManager: Spurious death for ProcessRecord{bc7cf4f 0:com.android.providers.calendar/u0a1}, curProc for 3543: null
12-13 21:40:27.198  3403  3415 W ActivityManager: Spurious death for ProcessRecord{11abeba 0:com.android.managedprovisioning/u0a11}, curProc for 3625: null
12-13 21:40:27.198  3403  3566 W ActivityManager: Spurious death for ProcessRecord{c5c116b 0:android.process.media/u0a9}, curProc for 3638: null
12-13 21:40:27.198  3403  3679 W ActivityManager: Spurious death for ProcessRecord{44434c8 0:com.android.dialer/u0a19}, curProc for 3652: null
12-13 21:40:27.199  3403  3417 I SystemServer: Making services ready
12-13 21:40:27.199  3403  3417 I SystemServiceManager: Starting phase 550
12-13 21:40:27.200  3403  3462 D MountService: Thinking about reset, mSystemReady=true, mDaemonConnected=true
12-13 21:40:27.201  3403  3462 D VoldConnector: SND -> {25 volume reset}
12-13 21:40:27.201  3403  3463 D VoldConnector: RCV <- {651 emulated 7}
12-13 21:40:27.201  3403  3463 D VoldConnector: RCV <- {659 emulated}
12-13 21:40:27.201  3403  3417 D UsbAlsaManager: Adding ALSA device AlsaDevice: [card: 0, device: 9, type: 1]
12-13 21:40:27.201  3403  3417 D UsbAlsaManager: Adding ALSA device AlsaDevice: [card: 0, device: 8, type: 1]
12-13 21:40:27.201  3403  3463 D VoldConnector: RCV <- {650 emulated 2 "" ""}
12-13 21:40:27.201  3403  3417 D UsbAlsaManager: Adding ALSA device AlsaDevice: [card: 0, device: 7, type: 1]
12-13 21:40:27.201  3403  3417 D UsbAlsaManager: Adding ALSA device AlsaDevice: [card: 0, device: 6, type: 1]
12-13 21:40:27.201  3403  3417 D UsbAlsaManager: Adding ALSA device AlsaDevice: [card: 0, device: 3, type: 1]
12-13 21:40:27.201  3403  3417 D UsbAlsaManager: Adding ALSA device AlsaDevice: [card: 0, device: 2, type: 1]
12-13 21:40:27.201  3403  3417 D UsbAlsaManager: Adding ALSA device AlsaDevice: [card: 0, device: 1, type: 1]
12-13 21:40:27.201  3403  3463 D VoldConnector: RCV <- {654 emulated emulated}
12-13 21:40:27.201  3403  3417 D UsbAlsaManager: Adding ALSA device AlsaDevice: [card: 0, device: 2, type: 2]
12-13 21:40:27.201  3403  3417 D UsbAlsaManager: Adding ALSA device AlsaDevice: [card: 0, device: 0, type: 1]
12-13 21:40:27.201  3403  3417 D UsbAlsaManager: Adding ALSA device AlsaDevice: [card: 0, device: 1, type: 2]
12-13 21:40:27.201  3403  3417 D UsbAlsaManager: Adding ALSA device AlsaDevice: [card: 0, device: 0, type: 2]
12-13 21:40:27.201  3403  3463 D VoldConnector: RCV <- {651 emulated 0}
12-13 21:40:27.201  3403  3403 W System  : ClassLoader referenced unknown path: /system/priv-app/Telecom/lib/arm64
12-13 21:40:27.202  3403  3463 D VoldConnector: RCV <- {200 25 Command succeeded}
12-13 21:40:27.202  3403  3462 D VoldConnector: SND -> {26 volume user_added 0 0}
12-13 21:40:27.202  3403  3463 D VoldConnector: RCV <- {200 26 Command succeeded}
12-13 21:40:27.203  3403  3419 V MountService: Found primary storage at VolumeInfo{emulated}:
12-13 21:40:27.203  3403  3419 V MountService:     type=EMULATED diskId=null partGuid=null mountFlags=0 mountUserId=-1 
12-13 21:40:27.203  3403  3419 V MountService:     state=UNMOUNTED 
12-13 21:40:27.203  3403  3419 V MountService:     fsType=null fsUuid=null fsLabel=null 
12-13 21:40:27.203  3403  3419 V MountService:     path=null internalPath=null 
12-13 21:40:27.203  3403  3462 D VoldConnector: SND -> {27 volume mount emulated 3 -1}
12-13 21:40:27.203  3403  3463 D VoldConnector: RCV <- {651 emulated 1}
12-13 21:40:27.204  3403  3463 D VoldConnector: RCV <- {656 emulated /data/media}
12-13 21:40:27.204  3403  3463 D VoldConnector: RCV <- {655 emulated /storage/emulated}
12-13 21:40:27.204  2923  2964 V vold    : Waiting for FUSE to spin up...
12-13 21:40:27.215  3403  3417 I ActivityManager: Start proc 3684:com.android.systemui/u0a27 for service com.android.systemui/.keyguard.KeyguardService
12-13 21:40:27.215  3403  3417 I BrokerableCMSystemService: Connecting to implementation
12-13 21:40:27.216  3403  3417 W ContextImpl: Calling a method in the system process without a qualified user: android.app.ContextImpl.bindService:1295 org.cyanogenmod.platform.internal.BrokerableCMSystemService.tryConnecting:199 org.cyanogenmod.platform.internal.ThemeManagerServiceBroker.onBootPhase:270 com.android.server.SystemServiceManager.startBootPhase:135 com.android.server.SystemServer$2.run:1180 
12-13 21:40:27.227  3403  3417 I ActivityManager: Start proc 3703:org.cyanogenmod.themeservice/u0a20 for service org.cyanogenmod.themeservice/.ThemeManagerService
12-13 21:40:27.227  3403  3417 I SystemServer: WebViewFactory preparation
12-13 21:40:27.240  3403  3417 I Zygote  : Process: zygote socket opened, supported ABIS: armeabi-v7a,armeabi
12-13 21:40:27.241  2949  2949 I art     : Starting a blocking GC Background
12-13 21:40:27.255  3403  3463 D VoldConnector: RCV <- {651 emulated 2}
12-13 21:40:27.255  3403  3463 D VoldConnector: RCV <- {200 27 Command succeeded}
12-13 21:40:27.268  3403  3417 I ActivityManager: Start proc 3717:WebViewLoader-armeabi-v7a/1037 [android.webkit.WebViewFactory$RelroFileCreator] for 
12-13 21:40:27.275  3717  3717 V WebViewFactory: RelroFileCreator (64bit = false),  32-bit lib: /system/app/webview/webview.apk!/lib/armeabi-v7a/libwebviewchromium.so, 64-bit lib: /system/app/webview/webview.apk!/lib/arm64-v8a/libwebviewchromium.so
12-13 21:40:27.279  3403  3417 I ActivityManager: Start proc 3729:WebViewLoader-arm64-v8a/1037 [android.webkit.WebViewFactory$RelroFileCreator] for 
12-13 21:40:27.280  3403  3417 D NetworkManagement: enabling bandwidth control
12-13 21:40:27.281  3729  3729 V WebViewFactory: RelroFileCreator (64bit = true),  32-bit lib: /system/app/webview/webview.apk!/lib/armeabi-v7a/libwebviewchromium.so, 64-bit lib: /system/app/webview/webview.apk!/lib/arm64-v8a/libwebviewchromium.so
12-13 21:40:27.282  3403  3421 D BluetoothManagerService: Message: 20
12-13 21:40:27.282  3403  3421 D BluetoothManagerService: Added callback: android.bluetooth.BluetoothAdapter$1@46645e6:true
12-13 21:40:27.283  3403  3421 D BluetoothManagerService: Message: 30
12-13 21:40:27.286  3403  3403 I Telecom : ViceNotificationImpl: ViceNotificationImpl
12-13 21:40:27.289  3048  3048 W auditd  : type=1325 audit(0.0:137): table=filter family=2 entries=52
12-13 21:40:27.289  3048  3048 W auditd  : type=1320 audit(0.0:137): 
12-13 21:40:27.295  3684  3684 W System  : ClassLoader referenced unknown path: /system/priv-app/SystemUI/lib/arm64
12-13 21:40:27.295  3703  3703 W System  : ClassLoader referenced unknown path: /system/priv-app/ThemeManagerService/lib/arm64
12-13 21:40:27.298  3703  3703 I ThemeManagerService: Spawned worker thread
12-13 21:40:27.299  3048  3048 W auditd  : type=1325 audit(0.0:138): table=filter family=10 entries=55
12-13 21:40:27.299  3048  3048 W auditd  : type=1320 audit(0.0:138): 
12-13 21:40:27.300  3403  3744 I ActivityManager: Start proc 3745:android.process.acore/u0a5 for content provider com.android.providers.contacts/.CallLogProvider
12-13 21:40:27.307  3403  3421 D BluetoothManagerService: Message: 30
12-13 21:40:27.309  3048  3048 W auditd  : type=1325 audit(0.0:139): table=filter family=2 entries=51
12-13 21:40:27.309  3048  3048 W auditd  : type=1320 audit(0.0:139): 
12-13 21:40:27.309  3048  3048 W auditd  : type=1325 audit(0.0:140): table=filter family=10 entries=54
12-13 21:40:27.309  3048  3048 W auditd  : type=1320 audit(0.0:140): 
12-13 21:40:27.309  3403  3403 I Telecom : Class: TelecomSystem.INSTANCE being set
12-13 21:40:27.309  3403  3403 W ContextImpl: Calling a method in the system process without a qualified user: android.app.ContextImpl.startService:1231 android.content.ContextWrapper.startService:587 com.android.server.telecom.components.TelecomService.initializeTelecomSystem:141 com.android.server.telecom.components.TelecomService.onBind:69 android.app.ActivityThread.handleBindService:2938 
12-13 21:40:27.314  3703  3703 D ThemeManagerService: Previous api level not found. First time booting?
12-13 21:40:27.314  3703  3703 D ThemeManagerService: Prev api level was: -1, api is now: 23
12-13 21:40:27.314  3703  3703 D ThemeManagerService: The system has been upgraded to a theme new api, checking if currently set theme is compatible
12-13 21:40:27.319  3048  3048 W auditd  : type=1325 audit(0.0:141): table=filter family=2 entries=50
12-13 21:40:27.319  3048  3048 W auditd  : type=1320 audit(0.0:141): 
12-13 21:40:27.319  3048  3048 W auditd  : type=1325 audit(0.0:142): table=filter family=10 entries=53
12-13 21:40:27.319  3048  3048 W auditd  : type=1320 audit(0.0:142): 
12-13 21:40:27.324  3745  3745 W System  : ClassLoader referenced unknown path: /system/priv-app/ContactsProvider/lib/arm64
12-13 21:40:27.328  3403  3679 I ActivityManager: Start proc 3770:org.cyanogenmod.themes.provider/u0a23 for content provider org.cyanogenmod.themes.provider/.ThemesProvider
12-13 21:40:27.329  3048  3048 W auditd  : type=1325 audit(0.0:143): table=filter family=2 entries=50
12-13 21:40:27.329  3048  3048 W auditd  : type=1320 audit(0.0:143): 
12-13 21:40:27.337  3403  3403 I PackageManager: Replacing preferred activity com.android.messaging/.ui.conversation.LaunchConversationActivity for user 0:
12-13 21:40:27.337  3403  3403 I PackageManager:   Action: "android.intent.action.SENDTO"
12-13 21:40:27.337  3403  3403 I PackageManager:   Category: "android.intent.category.DEFAULT"
12-13 21:40:27.337  3403  3403 I PackageManager:   Scheme: "sms"
12-13 21:40:27.337  3403  3403 I PackageManager:   AutoVerify=false
12-13 21:40:27.337  3403  3403 I PackageManager: Replacing preferred activity com.android.messaging/.ui.conversation.LaunchConversationActivity for user 0:
12-13 21:40:27.337  3403  3403 I PackageManager:   Action: "android.intent.action.SENDTO"
12-13 21:40:27.337  3403  3403 I PackageManager:   Category: "android.intent.category.DEFAULT"
12-13 21:40:27.337  3403  3403 I PackageManager:   Scheme: "smsto"
12-13 21:40:27.337  3403  3403 I PackageManager:   AutoVerify=false
12-13 21:40:27.337  3403  3403 I PackageManager: Replacing preferred activity com.android.messaging/.ui.conversation.LaunchConversationActivity for user 0:
12-13 21:40:27.337  3403  3403 I PackageManager:   Action: "android.intent.action.SENDTO"
12-13 21:40:27.337  3403  3403 I PackageManager:   Category: "android.intent.category.DEFAULT"
12-13 21:40:27.337  3403  3403 I PackageManager:   Scheme: "mms"
12-13 21:40:27.337  3403  3403 I PackageManager:   AutoVerify=false
12-13 21:40:27.337  3403  3403 I PackageManager: Replacing preferred activity com.android.messaging/.ui.conversation.LaunchConversationActivity for user 0:
12-13 21:40:27.337  3403  3403 I PackageManager:   Action: "android.intent.action.SENDTO"
12-13 21:40:27.337  3403  3403 I PackageManager:   Category: "android.intent.category.DEFAULT"
12-13 21:40:27.337  3403  3403 I PackageManager:   Scheme: "mmsto"
12-13 21:40:27.337  3403  3403 I PackageManager:   AutoVerify=false
12-13 21:40:27.339  3048  3048 W auditd  : type=1325 audit(0.0:144): table=filter family=10 entries=53
12-13 21:40:27.339  3048  3048 W auditd  : type=1320 audit(0.0:144): 
12-13 21:40:27.339  3048  3048 W auditd  : type=1325 audit(0.0:145): table=filter family=2 entries=50
12-13 21:40:27.339  3048  3048 W auditd  : type=1320 audit(0.0:145): 
12-13 21:40:27.339  3403  3403 I DefaultPermGrantPolicy: Granting permissions to default sms app for user:0
12-13 21:40:27.340  3403  3403 I DefaultPermGrantPolicy: Granting permissions to default dialer app for user:0
12-13 21:40:27.343  3403  3403 I Telecom : PhoneAccountRegistrar: SimCallManager queried, returning: null
12-13 21:40:27.345  3403  3403 I DefaultPermGrantPolicy: Granting permissions to default sms app for user:0
12-13 21:40:27.349  3048  3048 W auditd  : type=1325 audit(0.0:146): table=filter family=10 entries=53
12-13 21:40:27.349  3048  3048 W auditd  : type=1320 audit(0.0:146): 
12-13 21:40:27.350  3770  3770 W System  : ClassLoader referenced unknown path: /system/priv-app/ThemesProvider/lib/arm64
12-13 21:40:27.374  3745  3745 W System  : ClassLoader referenced unknown path: /system/app/UserDictionaryProvider/lib/arm64
12-13 21:40:27.380  3403  3421 D BluetoothManagerService: Message: 100
12-13 21:40:27.380  3403  3421 E BluetoothManagerService: MESSAGE_TIMEOUT_BIND
12-13 21:40:27.413  3684  3684 V SystemUIService: Starting SystemUI services.
12-13 21:40:27.450  2938  3388 I iptables: iptables: No chain/target/match by that name.
12-13 21:40:27.450  2938  3388 I iptables: iptables terminated by exit(1)
12-13 21:40:27.450  2938  3388 E Netd    : exec() res=0, status=256 for /system/bin/iptables -w -F st_penalty_log 
12-13 21:40:27.455  2938  3388 I ip6tables: ip6tables: No chain/target/match by that name.
12-13 21:40:27.455  2938  3388 I ip6tables: ip6tables terminated by exit(1)
12-13 21:40:27.455  2938  3388 E Netd    : exec() res=0, status=256 for /system/bin/ip6tables -w -F st_penalty_log 
12-13 21:40:27.460  2938  3388 I iptables: iptables: No chain/target/match by that name.
12-13 21:40:27.460  2938  3388 I iptables: iptables terminated by exit(1)
12-13 21:40:27.460  2938  3388 E Netd    : exec() res=0, status=256 for /system/bin/iptables -w -F st_penalty_reject 
12-13 21:40:27.462  3717  3717 I art     : System.exit called, status: 0
12-13 21:40:27.462  3717  3717 I AndroidRuntime: VM exiting with result code 0, cleanup skipped.
12-13 21:40:27.465  2938  3388 I ip6tables: ip6tables: No chain/target/match by that name.
12-13 21:40:27.465  2938  3388 I ip6tables: ip6tables terminated by exit(1)
12-13 21:40:27.465  2938  3388 E Netd    : exec() res=0, status=256 for /system/bin/ip6tables -w -F st_penalty_reject 
12-13 21:40:27.470  2938  3388 I iptables: iptables: No chain/target/match by that name.
12-13 21:40:27.470  2938  3388 I iptables: iptables terminated by exit(1)
12-13 21:40:27.470  2938  3388 E Netd    : exec() res=0, status=256 for /system/bin/iptables -w -F st_clear_caught 
12-13 21:40:27.477  2938  3388 I ip6tables: ip6tables: No chain/target/match by that name.
12-13 21:40:27.477  2938  3388 I ip6tables: ip6tables terminated by exit(1)
12-13 21:40:27.477  2938  3388 E Netd    : exec() res=0, status=256 for /system/bin/ip6tables -w -F st_clear_caught 
12-13 21:40:27.481  2938  3388 I iptables: iptables: No chain/target/match by that name.
12-13 21:40:27.482  2938  3388 I iptables: iptables terminated by exit(1)
12-13 21:40:27.482  2938  3388 E Netd    : exec() res=0, status=256 for /system/bin/iptables -w -F st_clear_detect 
12-13 21:40:27.487  2938  3388 I ip6tables: ip6tables: No chain/target/match by that name.
12-13 21:40:27.487  2938  3388 I ip6tables: ip6tables terminated by exit(1)
12-13 21:40:27.487  2938  3388 E Netd    : exec() res=0, status=256 for /system/bin/ip6tables -w -F st_clear_detect 
12-13 21:40:27.491  2938  3388 I iptables: iptables: No chain/target/match by that name.
12-13 21:40:27.492  2938  3388 I iptables: iptables terminated by exit(1)
12-13 21:40:27.492  2938  3388 E Netd    : exec() res=0, status=256 for /system/bin/iptables -w -X st_penalty_log 
12-13 21:40:27.496  2938  3388 I ip6tables: ip6tables: No chain/target/match by that name.
12-13 21:40:27.496  2938  3388 I ip6tables: ip6tables terminated by exit(1)
12-13 21:40:27.496  2938  3388 E Netd    : exec() res=0, status=256 for /system/bin/ip6tables -w -X st_penalty_log 
12-13 21:40:27.501  2938  3388 I iptables: iptables: No chain/target/match by that name.
12-13 21:40:27.501  2938  3388 I iptables: iptables terminated by exit(1)
12-13 21:40:27.501  2938  3388 E Netd    : exec() res=0, status=256 for /system/bin/iptables -w -X st_penalty_reject 
12-13 21:40:27.506  2938  3388 I ip6tables: ip6tables: No chain/target/match by that name.
12-13 21:40:27.506  2938  3388 I ip6tables: ip6tables terminated by exit(1)
12-13 21:40:27.506  2938  3388 E Netd    : exec() res=0, status=256 for /system/bin/ip6tables -w -X st_penalty_reject 
12-13 21:40:27.511  2938  3388 I iptables: iptables: No chain/target/match by that name.
12-13 21:40:27.511  2938  3388 I iptables: iptables terminated by exit(1)
12-13 21:40:27.511  2938  3388 E Netd    : exec() res=0, status=256 for /system/bin/iptables -w -X st_clear_caught 
12-13 21:40:27.516  2938  3388 I ip6tables: ip6tables: No chain/target/match by that name.
12-13 21:40:27.516  2938  3388 I ip6tables: ip6tables terminated by exit(1)
12-13 21:40:27.516  2938  3388 E Netd    : exec() res=0, status=256 for /system/bin/ip6tables -w -X st_clear_caught 
12-13 21:40:27.521  2938  3388 I iptables: iptables: No chain/target/match by that name.
12-13 21:40:27.522  2938  3388 I iptables: iptables terminated by exit(1)
12-13 21:40:27.522  2938  3388 E Netd    : exec() res=0, status=256 for /system/bin/iptables -w -X st_clear_detect 
12-13 21:40:27.527  2938  3388 I ip6tables: ip6tables: No chain/target/match by that name.
12-13 21:40:27.527  2938  3388 I ip6tables: ip6tables terminated by exit(1)
12-13 21:40:27.527  3729  3729 I art     : System.exit called, status: 0
12-13 21:40:27.527  3729  3729 I AndroidRuntime: VM exiting with result code 0, cleanup skipped.
12-13 21:40:27.527  2938  3388 E Netd    : exec() res=0, status=256 for /system/bin/ip6tables -w -X st_clear_detect 
12-13 21:40:27.636  3770  3853 D ThemesProvider: Deleted 0
12-13 21:40:27.641  3684  3848 E WVMExtractor: Failed to open libwvm.so: dlopen failed: library "libwvm.so" not found
12-13 21:40:27.643  3403  3403 I BrokerableCMSystemService: Connecting to implementation
12-13 21:40:27.644  3403  3403 W ContextImpl: Calling a method in the system process without a qualified user: android.app.ContextImpl.bindService:1295 org.cyanogenmod.platform.internal.BrokerableCMSystemService.tryConnecting:199 org.cyanogenmod.platform.internal.BrokerableCMSystemService$1.handleMessage:165 android.os.Handler.dispatchMessage:102 android.os.Looper.loop:148 
12-13 21:40:27.671  3403  3680 W AppWidgetServiceImpl: Failed to read state: java.io.FileNotFoundException: /data/system/users/0/appwidgets.xml: open failed: ENOENT (No such file or directory)
12-13 21:40:27.672  3403  3680 V AppWidgetServiceImpl: Upgrading widget database from 0 to 1
12-13 21:40:27.684  2943  3492 I EXYNOS_COMP_REGS: Loading the library: libOMX.Exynos.AVC.Decoder.so
12-13 21:40:27.692  2943  3492 I EXYNOS_COMP_REGS: Loading the library: libOMX.Exynos.AVC.Encoder.so
12-13 21:40:27.701  2943  3492 I EXYNOS_COMP_REGS: Loading the library: libOMX.Exynos.HEVC.Decoder.so
12-13 21:40:27.702  3684  3684 I vol.Events: writeEvent collection_started
12-13 21:40:27.709  2943  3492 I EXYNOS_COMP_REGS: Loading the library: libOMX.Exynos.HEVC.Encoder.so
