07-01 21:44:12.136  2920  2920 W display : release fence dup failed: Bad file descriptor
07-01 21:44:12.164  3093  3114 E         : invalid gralloc handle (at 0x7fb5d6b400)
07-01 21:44:12.164  3093  3114 E         : Runtime and build version of gralloc private structure does not match. Errors will likely follow.
07-01 21:44:12.169  2920  2920 W display : release fence dup failed: Bad file descriptor
07-01 21:44:12.198  3093  3114 E         : invalid gralloc handle (at 0x7fb5d6b300)
07-01 21:44:12.198  3093  3114 E         : Runtime and build version of gralloc private structure does not match. Errors will likely follow.
07-01 21:44:12.203  2920  2920 W display : release fence dup failed: Bad file descriptor
07-01 21:44:12.231  3093  3114 E         : invalid gralloc handle (at 0x7fb5d6b380)
07-01 21:44:12.231  3093  3114 E         : Runtime and build version of gralloc private structure does not match. Errors will likely follow.
07-01 21:44:12.234  3391  3391 W PackageParser: No actions in intent filter at /system/app/Bluetooth/Bluetooth.apk Binary XML file line #234
07-01 21:44:12.237  2920  2920 W display : release fence dup failed: Bad file descriptor
07-01 21:44:12.264  3093  3114 E         : invalid gralloc handle (at 0x7fb5d6b400)
07-01 21:44:12.264  3093  3114 E         : Runtime and build version of gralloc private structure does not match. Errors will likely follow.
07-01 21:44:12.271  2920  2920 W display : release fence dup failed: Bad file descriptor
07-01 21:44:12.298  3093  3114 E         : invalid gralloc handle (at 0x7fb5d6b300)
07-01 21:44:12.298  3093  3114 E         : Runtime and build version of gralloc private structure does not match. Errors will likely follow.
07-01 21:44:12.305  2920  2920 W display : release fence dup failed: Bad file descriptor
07-01 21:44:12.331  3093  3114 E         : invalid gralloc handle (at 0x7fb5d6b380)
07-01 21:44:12.331  3093  3114 E         : Runtime and build version of gralloc private structure does not match. Errors will likely follow.
07-01 21:44:12.339  2920  2920 W display : release fence dup failed: Bad file descriptor
07-01 21:44:12.365  3093  3114 E         : invalid gralloc handle (at 0x7fb5d6b400)
07-01 21:44:12.365  3093  3114 E         : Runtime and build version of gralloc private structure does not match. Errors will likely follow.
07-01 21:44:12.373  2920  2920 W display : release fence dup failed: Bad file descriptor
07-01 21:44:12.398  3093  3114 E         : invalid gralloc handle (at 0x7fb5d6b300)
07-01 21:44:12.398  3093  3114 E         : Runtime and build version of gralloc private structure does not match. Errors will likely follow.
07-01 21:44:12.407  2920  2920 W display : release fence dup failed: Bad file descriptor
07-01 21:44:12.421  3391  3391 W PackageParser: No actions in intent filter at /system/app/CMFileManager/CMFileManager.apk Binary XML file line #164
07-01 21:44:12.432  3093  3114 E         : invalid gralloc handle (at 0x7fb5d6b380)
07-01 21:44:12.432  3093  3114 E         : Runtime and build version of gralloc private structure does not match. Errors will likely follow.
07-01 21:44:12.441  2920  2920 W display : release fence dup failed: Bad file descriptor
07-01 21:44:12.465  3093  3114 E         : invalid gralloc handle (at 0x7fb5d6b400)
07-01 21:44:12.465  3093  3114 E         : Runtime and build version of gralloc private structure does not match. Errors will likely follow.
07-01 21:44:12.475  2920  2920 W display : release fence dup failed: Bad file descriptor
07-01 21:44:12.499  3093  3114 E         : invalid gralloc handle (at 0x7fb5d6b300)
07-01 21:44:12.499  3093  3114 E         : Runtime and build version of gralloc private structure does not match. Errors will likely follow.
07-01 21:44:12.508  2920  2920 W display : release fence dup failed: Bad file descriptor
07-01 21:44:12.533  3093  3114 E         : invalid gralloc handle (at 0x7fb5d6b380)
07-01 21:44:12.533  3093  3114 E         : Runtime and build version of gralloc private structure does not match. Errors will likely follow.
07-01 21:44:12.542  2920  2920 W display : release fence dup failed: Bad file descriptor
07-01 21:44:12.566  3093  3114 E         : invalid gralloc handle (at 0x7fb5d6b400)
07-01 21:44:12.566  3093  3114 E         : Runtime and build version of gralloc private structure does not match. Errors will likely follow.
07-01 21:44:12.576  2920  2920 W display : release fence dup failed: Bad file descriptor
07-01 21:44:12.599  3093  3114 E         : invalid gralloc handle (at 0x7fb5d6b300)
07-01 21:44:12.599  3093  3114 E         : Runtime and build version of gralloc private structure does not match. Errors will likely follow.
07-01 21:44:12.610  2920  2920 W display : release fence dup failed: Bad file descriptor
07-01 21:44:12.632  3093  3114 E         : invalid gralloc handle (at 0x7fb5d6b380)
07-01 21:44:12.633  3093  3114 E         : Runtime and build version of gralloc private structure does not match. Errors will likely follow.
07-01 21:44:12.644  2920  2920 W display : release fence dup failed: Bad file descriptor
07-01 21:44:12.666  3093  3114 E         : invalid gralloc handle (at 0x7fb5d6b400)
07-01 21:44:12.666  3093  3114 E         : Runtime and build version of gralloc private structure does not match. Errors will likely follow.
07-01 21:44:12.678  2920  2920 W display : release fence dup failed: Bad file descriptor
07-01 21:44:12.699  3093  3114 E         : invalid gralloc handle (at 0x7fb5d6b300)
07-01 21:44:12.699  3093  3114 E         : Runtime and build version of gralloc private structure does not match. Errors will likely follow.
07-01 21:44:12.712  2920  2920 W display : release fence dup failed: Bad file descriptor
07-01 21:44:12.733  3093  3114 E         : invalid gralloc handle (at 0x7fb5d6b380)
07-01 21:44:12.733  3093  3114 E         : Runtime and build version of gralloc private structure does not match. Errors will likely follow.
07-01 21:44:12.746  2920  2920 W display : release fence dup failed: Bad file descriptor
07-01 21:44:12.766  3093  3114 E         : invalid gralloc handle (at 0x7fb5d6b400)
07-01 21:44:12.766  3093  3114 E         : Runtime and build version of gralloc private structure does not match. Errors will likely follow.
07-01 21:44:12.780  2920  2920 W display : release fence dup failed: Bad file descriptor
07-01 21:44:12.800  3093  3114 E         : invalid gralloc handle (at 0x7fb5d6b300)
07-01 21:44:12.800  3093  3114 E         : Runtime and build version of gralloc private structure does not match. Errors will likely follow.
07-01 21:44:12.814  2920  2920 W display : release fence dup failed: Bad file descriptor
07-01 21:44:12.834  3093  3114 E         : invalid gralloc handle (at 0x7fb5d6b380)
07-01 21:44:12.834  3093  3114 E         : Runtime and build version of gralloc private structure does not match. Errors will likely follow.
07-01 21:44:12.847  2920  2920 W display : release fence dup failed: Bad file descriptor
07-01 21:44:12.867  3093  3114 E         : invalid gralloc handle (at 0x7fb5d6b400)
07-01 21:44:12.867  3093  3114 E         : Runtime and build version of gralloc private structure does not match. Errors will likely follow.
07-01 21:44:12.881  2920  2920 W display : release fence dup failed: Bad file descriptor
07-01 21:44:12.900  3093  3114 E         : invalid gralloc handle (at 0x7fb5d6b300)
07-01 21:44:12.900  3093  3114 E         : Runtime and build version of gralloc private structure does not match. Errors will likely follow.
07-01 21:44:12.915  2920  2920 W display : release fence dup failed: Bad file descriptor
07-01 21:44:12.934  3093  3114 E         : invalid gralloc handle (at 0x7fb5d6b380)
07-01 21:44:12.934  3093  3114 E         : Runtime and build version of gralloc private structure does not match. Errors will likely follow.
07-01 21:44:12.949  2920  2920 W display : release fence dup failed: Bad file descriptor
07-01 21:44:12.968  3093  3114 E         : invalid gralloc handle (at 0x7fb5d6b400)
07-01 21:44:12.968  3093  3114 E         : Runtime and build version of gralloc private structure does not match. Errors will likely follow.
07-01 21:44:12.983  2920  2920 W display : release fence dup failed: Bad file descriptor
07-01 21:44:13.001  3093  3114 E         : invalid gralloc handle (at 0x7fb5d6b300)
07-01 21:44:13.001  3093  3114 E         : Runtime and build version of gralloc private structure does not match. Errors will likely follow.
07-01 21:44:13.017  2920  2920 W display : release fence dup failed: Bad file descriptor
07-01 21:44:13.034  3093  3114 E         : invalid gralloc handle (at 0x7fb5d6b380)
07-01 21:44:13.034  3093  3114 E         : Runtime and build version of gralloc private structure does not match. Errors will likely follow.
07-01 21:44:13.051  2920  2920 W display : release fence dup failed: Bad file descriptor
07-01 21:44:13.068  3093  3114 E         : invalid gralloc handle (at 0x7fb5d6b400)
07-01 21:44:13.068  3093  3114 E         : Runtime and build version of gralloc private structure does not match. Errors will likely follow.
07-01 21:44:13.085  2920  2920 W display : release fence dup failed: Bad file descriptor
07-01 21:44:13.101  3093  3114 E         : invalid gralloc handle (at 0x7fb5d6b300)
07-01 21:44:13.101  3093  3114 E         : Runtime and build version of gralloc private structure does not match. Errors will likely follow.
07-01 21:44:13.119  2920  2920 W display : release fence dup failed: Bad file descriptor
07-01 21:44:13.135  3093  3114 E         : invalid gralloc handle (at 0x7fb5d6b380)
07-01 21:44:13.135  3093  3114 E         : Runtime and build version of gralloc private structure does not match. Errors will likely follow.
07-01 21:44:13.152  2920  2920 W display : release fence dup failed: Bad file descriptor
07-01 21:44:13.168  3093  3114 E         : invalid gralloc handle (at 0x7fb5d6b400)
07-01 21:44:13.168  3093  3114 E         : Runtime and build version of gralloc private structure does not match. Errors will likely follow.
07-01 21:44:13.186  2920  2920 W display : release fence dup failed: Bad file descriptor
07-01 21:44:13.201  3093  3114 E         : invalid gralloc handle (at 0x7fb5d6b300)
07-01 21:44:13.201  3093  3114 E         : Runtime and build version of gralloc private structure does not match. Errors will likely follow.
07-01 21:44:13.220  2920  2920 W display : release fence dup failed: Bad file descriptor
07-01 21:44:13.235  3093  3114 E         : invalid gralloc handle (at 0x7fb5d6b380)
07-01 21:44:13.235  3093  3114 E         : Runtime and build version of gralloc private structure does not match. Errors will likely follow.
07-01 21:44:13.254  2920  2920 W display : release fence dup failed: Bad file descriptor
07-01 21:44:13.269  3093  3114 E         : invalid gralloc handle (at 0x7fb5d6b400)
07-01 21:44:13.269  3093  3114 E         : Runtime and build version of gralloc private structure does not match. Errors will likely follow.
07-01 21:44:13.271  2920  2920 W display : release fence dup failed: Bad file descriptor
07-01 21:44:13.302  3093  3114 E         : invalid gralloc handle (at 0x7fb5d6b300)
07-01 21:44:13.302  3093  3114 E         : Runtime and build version of gralloc private structure does not match. Errors will likely follow.
07-01 21:44:13.305  2920  2920 W display : release fence dup failed: Bad file descriptor
07-01 21:44:13.336  3093  3114 E         : invalid gralloc handle (at 0x7fb5d6b380)
07-01 21:44:13.336  3093  3114 E         : Runtime and build version of gralloc private structure does not match. Errors will likely follow.
07-01 21:44:13.339  2920  2920 W display : release fence dup failed: Bad file descriptor
07-01 21:44:13.369  3093  3114 E         : invalid gralloc handle (at 0x7fb5d6b400)
07-01 21:44:13.369  3093  3114 E         : Runtime and build version of gralloc private structure does not match. Errors will likely follow.
07-01 21:44:13.373  2920  2920 W display : release fence dup failed: Bad file descriptor
07-01 21:44:13.402  3093  3114 E         : invalid gralloc handle (at 0x7fb5d6b300)
07-01 21:44:13.402  3093  3114 E         : Runtime and build version of gralloc private structure does not match. Errors will likely follow.
07-01 21:44:13.407  2920  2920 W display : release fence dup failed: Bad file descriptor
07-01 21:44:13.436  3093  3114 E         : invalid gralloc handle (at 0x7fb5d6b380)
07-01 21:44:13.436  3093  3114 E         : Runtime and build version of gralloc private structure does not match. Errors will likely follow.
07-01 21:44:13.441  2920  2920 W display : release fence dup failed: Bad file descriptor
07-01 21:44:13.470  3093  3114 E         : invalid gralloc handle (at 0x7fb5d6b400)
07-01 21:44:13.470  3093  3114 E         : Runtime and build version of gralloc private structure does not match. Errors will likely follow.
07-01 21:44:13.475  2920  2920 W display : release fence dup failed: Bad file descriptor
07-01 21:44:13.503  3093  3114 E         : invalid gralloc handle (at 0x7fb5d6b300)
07-01 21:44:13.503  3093  3114 E         : Runtime and build version of gralloc private structure does not match. Errors will likely follow.
07-01 21:44:13.508  2920  2920 W display : release fence dup failed: Bad file descriptor
07-01 21:44:13.536  3093  3114 E         : invalid gralloc handle (at 0x7fb5d6b380)
07-01 21:44:13.536  3093  3114 E         : Runtime and build version of gralloc private structure does not match. Errors will likely follow.
07-01 21:44:13.542  2920  2920 W display : release fence dup failed: Bad file descriptor
07-01 21:44:13.570  3093  3114 E         : invalid gralloc handle (at 0x7fb5d6b400)
07-01 21:44:13.570  3093  3114 E         : Runtime and build version of gralloc private structure does not match. Errors will likely follow.
07-01 21:44:13.576  2920  2920 W display : release fence dup failed: Bad file descriptor
07-01 21:44:13.603  3093  3114 E         : invalid gralloc handle (at 0x7fb5d6b300)
07-01 21:44:13.603  3093  3114 E         : Runtime and build version of gralloc private structure does not match. Errors will likely follow.
07-01 21:44:13.610  2920  2920 W display : release fence dup failed: Bad file descriptor
07-01 21:44:13.637  3093  3114 E         : invalid gralloc handle (at 0x7fb5d6b380)
07-01 21:44:13.637  3093  3114 E         : Runtime and build version of gralloc private structure does not match. Errors will likely follow.
07-01 21:44:13.644  2920  2920 W display : release fence dup failed: Bad file descriptor
07-01 21:44:13.670  3093  3114 E         : invalid gralloc handle (at 0x7fb5d6b400)
07-01 21:44:13.670  3093  3114 E         : Runtime and build version of gralloc private structure does not match. Errors will likely follow.
07-01 21:44:13.678  2920  2920 W display : release fence dup failed: Bad file descriptor
07-01 21:44:13.704  3093  3114 E         : invalid gralloc handle (at 0x7fb5d6b300)
07-01 21:44:13.704  3093  3114 E         : Runtime and build version of gralloc private structure does not match. Errors will likely follow.
07-01 21:44:13.712  2920  2920 W display : release fence dup failed: Bad file descriptor
07-01 21:44:13.737  3093  3114 E         : invalid gralloc handle (at 0x7fb5d6b380)
07-01 21:44:13.737  3093  3114 E         : Runtime and build version of gralloc private structure does not match. Errors will likely follow.
07-01 21:44:13.746  2920  2920 W display : release fence dup failed: Bad file descriptor
07-01 21:44:13.771  3093  3114 E         : invalid gralloc handle (at 0x7fb5d6b400)
07-01 21:44:13.771  3093  3114 E         : Runtime and build version of gralloc private structure does not match. Errors will likely follow.
07-01 21:44:13.780  2920  2920 W display : release fence dup failed: Bad file descriptor
07-01 21:44:13.804  3093  3114 E         : invalid gralloc handle (at 0x7fb5d6b300)
07-01 21:44:13.804  3093  3114 E         : Runtime and build version of gralloc private structure does not match. Errors will likely follow.
07-01 21:44:13.814  2920  2920 W display : release fence dup failed: Bad file descriptor
07-01 21:44:13.838  3093  3114 E         : invalid gralloc handle (at 0x7fb5d6b380)
07-01 21:44:13.838  3093  3114 E         : Runtime and build version of gralloc private structure does not match. Errors will likely follow.
07-01 21:44:13.847  2920  2920 W display : release fence dup failed: Bad file descriptor
07-01 21:44:13.862  3391  3391 W PackageParser: Unknown element under <application>: permission at /system/app/Gallery2/Gallery2.apk Binary XML file line #278
07-01 21:44:13.862  3391  3391 W PackageParser: Unknown element under <application>: permission at /system/app/Gallery2/Gallery2.apk Binary XML file line #281
07-01 21:44:13.871  3093  3114 E         : invalid gralloc handle (at 0x7fb5d6b400)
07-01 21:44:13.871  3093  3114 E         : Runtime and build version of gralloc private structure does not match. Errors will likely follow.
07-01 21:44:13.881  2920  2920 W display : release fence dup failed: Bad file descriptor
07-01 21:44:13.905  3093  3114 E         : invalid gralloc handle (at 0x7fb5d6b300)
07-01 21:44:13.905  3093  3114 E         : Runtime and build version of gralloc private structure does not match. Errors will likely follow.
07-01 21:44:13.915  2920  2920 W display : release fence dup failed: Bad file descriptor
07-01 21:44:13.938  3093  3114 E         : invalid gralloc handle (at 0x7fb5d6b380)
07-01 21:44:13.938  3093  3114 E         : Runtime and build version of gralloc private structure does not match. Errors will likely follow.
07-01 21:44:13.949  2920  2920 W display : release fence dup failed: Bad file descriptor
07-01 21:44:13.972  3093  3114 E         : invalid gralloc handle (at 0x7fb5d6b400)
07-01 21:44:13.972  3093  3114 E         : Runtime and build version of gralloc private structure does not match. Errors will likely follow.
07-01 21:44:13.983  2920  2920 W display : release fence dup failed: Bad file descriptor
07-01 21:44:14.005  3093  3114 E         : invalid gralloc handle (at 0x7fb5d6b300)
07-01 21:44:14.005  3093  3114 E         : Runtime and build version of gralloc private structure does not match. Errors will likely follow.
07-01 21:44:14.017  2920  2920 W display : release fence dup failed: Bad file descriptor
07-01 21:44:14.039  3093  3114 E         : invalid gralloc handle (at 0x7fb5d6b380)
07-01 21:44:14.039  3093  3114 E         : Runtime and build version of gralloc private structure does not match. Errors will likely follow.
07-01 21:44:14.051  2920  2920 W display : release fence dup failed: Bad file descriptor
07-01 21:44:14.072  3093  3114 E         : invalid gralloc handle (at 0x7fb5d6b400)
07-01 21:44:14.072  3093  3114 E         : Runtime and build version of gralloc private structure does not match. Errors will likely follow.
07-01 21:44:14.085  2920  2920 W display : release fence dup failed: Bad file descriptor
07-01 21:44:14.106  3093  3114 E         : invalid gralloc handle (at 0x7fb5d6b300)
07-01 21:44:14.106  3093  3114 E         : Runtime and build version of gralloc private structure does not match. Errors will likely follow.
07-01 21:44:14.119  2920  2920 W display : release fence dup failed: Bad file descriptor
07-01 21:44:14.139  3093  3114 E         : invalid gralloc handle (at 0x7fb5d6b380)
07-01 21:44:14.139  3093  3114 E         : Runtime and build version of gralloc private structure does not match. Errors will likely follow.
07-01 21:44:14.152  2920  2920 W display : release fence dup failed: Bad file descriptor
07-01 21:44:14.172  3093  3114 E         : invalid gralloc handle (at 0x7fb5d6b400)
07-01 21:44:14.173  3093  3114 E         : Runtime and build version of gralloc private structure does not match. Errors will likely follow.
07-01 21:44:14.186  2920  2920 W display : release fence dup failed: Bad file descriptor
07-01 21:44:14.206  3093  3114 E         : invalid gralloc handle (at 0x7fb5d6b300)
07-01 21:44:14.206  3093  3114 E         : Runtime and build version of gralloc private structure does not match. Errors will likely follow.
07-01 21:44:14.220  2920  2920 W display : release fence dup failed: Bad file descriptor
07-01 21:44:14.240  3093  3114 E         : invalid gralloc handle (at 0x7fb5d6b380)
07-01 21:44:14.240  3093  3114 E         : Runtime and build version of gralloc private structure does not match. Errors will likely follow.
07-01 21:44:14.254  2920  2920 W display : release fence dup failed: Bad file descriptor
07-01 21:44:14.273  3093  3114 E         : invalid gralloc handle (at 0x7fb5d6b400)
07-01 21:44:14.273  3093  3114 E         : Runtime and build version of gralloc private structure does not match. Errors will likely follow.
07-01 21:44:14.288  2920  2920 W display : release fence dup failed: Bad file descriptor
07-01 21:44:14.306  3093  3114 E         : invalid gralloc handle (at 0x7fb5d6b300)
07-01 21:44:14.306  3093  3114 E         : Runtime and build version of gralloc private structure does not match. Errors will likely follow.
07-01 21:44:14.322  2920  2920 W display : release fence dup failed: Bad file descriptor
07-01 21:44:14.340  3093  3114 E         : invalid gralloc handle (at 0x7fb5d6b380)
07-01 21:44:14.340  3093  3114 E         : Runtime and build version of gralloc private structure does not match. Errors will likely follow.
07-01 21:44:14.356  2920  2920 W display : release fence dup failed: Bad file descriptor
07-01 21:44:14.373  3093  3114 E         : invalid gralloc handle (at 0x7fb5d6b400)
07-01 21:44:14.373  3093  3114 E         : Runtime and build version of gralloc private structure does not match. Errors will likely follow.
07-01 21:44:14.390  2920  2920 W display : release fence dup failed: Bad file descriptor
07-01 21:44:14.407  3093  3114 E         : invalid gralloc handle (at 0x7fb5d6b300)
07-01 21:44:14.407  3093  3114 E         : Runtime and build version of gralloc private structure does not match. Errors will likely follow.
07-01 21:44:14.424  2920  2920 W display : release fence dup failed: Bad file descriptor
07-01 21:44:14.441  3093  3114 E         : invalid gralloc handle (at 0x7fb5d6b380)
07-01 21:44:14.441  3093  3114 E         : Runtime and build version of gralloc private structure does not match. Errors will likely follow.
07-01 21:44:14.458  2920  2920 W display : release fence dup failed: Bad file descriptor
07-01 21:44:14.474  3093  3114 E         : invalid gralloc handle (at 0x7fb5d6b400)
07-01 21:44:14.474  3093  3114 E         : Runtime and build version of gralloc private structure does not match. Errors will likely follow.
07-01 21:44:14.491  2920  2920 W display : release fence dup failed: Bad file descriptor
07-01 21:44:14.508  3093  3114 E         : invalid gralloc handle (at 0x7fb5d6b300)
07-01 21:44:14.508  3093  3114 E         : Runtime and build version of gralloc private structure does not match. Errors will likely follow.
07-01 21:44:14.525  2920  2920 W display : release fence dup failed: Bad file descriptor
07-01 21:44:14.541  3093  3114 E         : invalid gralloc handle (at 0x7fb5d6b380)
07-01 21:44:14.541  3093  3114 E         : Runtime and build version of gralloc private structure does not match. Errors will likely follow.
07-01 21:44:14.559  2920  2920 W display : release fence dup failed: Bad file descriptor
07-01 21:44:14.574  3093  3114 E         : invalid gralloc handle (at 0x7fb5d6b400)
07-01 21:44:14.574  3093  3114 E         : Runtime and build version of gralloc private structure does not match. Errors will likely follow.
07-01 21:44:14.593  2920  2920 W display : release fence dup failed: Bad file descriptor
07-01 21:44:14.608  3093  3114 E         : invalid gralloc handle (at 0x7fb5d6b300)
07-01 21:44:14.608  3093  3114 E         : Runtime and build version of gralloc private structure does not match. Errors will likely follow.
07-01 21:44:14.610  2920  2920 W display : release fence dup failed: Bad file descriptor
07-01 21:44:14.641  3093  3114 E         : invalid gralloc handle (at 0x7fb5d6b380)
07-01 21:44:14.641  3093  3114 E         : Runtime and build version of gralloc private structure does not match. Errors will likely follow.
07-01 21:44:14.644  2920  2920 W display : release fence dup failed: Bad file descriptor
07-01 21:44:14.674  3093  3114 E         : invalid gralloc handle (at 0x7fb5d6b400)
07-01 21:44:14.675  3093  3114 E         : Runtime and build version of gralloc private structure does not match. Errors will likely follow.
07-01 21:44:14.678  2920  2920 W display : release fence dup failed: Bad file descriptor
07-01 21:44:14.708  3093  3114 E         : invalid gralloc handle (at 0x7fb5d6b300)
07-01 21:44:14.708  3093  3114 E         : Runtime and build version of gralloc private structure does not match. Errors will likely follow.
07-01 21:44:14.712  2920  2920 W display : release fence dup failed: Bad file descriptor
07-01 21:44:14.741  3093  3114 E         : invalid gralloc handle (at 0x7fb5d6b380)
07-01 21:44:14.741  3093  3114 E         : Runtime and build version of gralloc private structure does not match. Errors will likely follow.
07-01 21:44:14.746  2920  2920 W display : release fence dup failed: Bad file descriptor
07-01 21:44:14.775  3093  3114 E         : invalid gralloc handle (at 0x7fb5d6b400)
07-01 21:44:14.775  3093  3114 E         : Runtime and build version of gralloc private structure does not match. Errors will likely follow.
07-01 21:44:14.780  2920  2920 W display : release fence dup failed: Bad file descriptor
07-01 21:44:14.808  3093  3114 E         : invalid gralloc handle (at 0x7fb5d6b300)
07-01 21:44:14.808  3093  3114 E         : Runtime and build version of gralloc private structure does not match. Errors will likely follow.
07-01 21:44:14.814  2920  2920 W display : release fence dup failed: Bad file descriptor
07-01 21:44:14.842  3093  3114 E         : invalid gralloc handle (at 0x7fb5d6b380)
07-01 21:44:14.842  3093  3114 E         : Runtime and build version of gralloc private structure does not match. Errors will likely follow.
07-01 21:44:14.847  2920  2920 W display : release fence dup failed: Bad file descriptor
07-01 21:44:14.875  3093  3114 E         : invalid gralloc handle (at 0x7fb5d6b400)
07-01 21:44:14.875  3093  3114 E         : Runtime and build version of gralloc private structure does not match. Errors will likely follow.
07-01 21:44:14.881  2920  2920 W display : release fence dup failed: Bad file descriptor
07-01 21:44:14.909  3093  3114 E         : invalid gralloc handle (at 0x7fb5d6b300)
07-01 21:44:14.909  3093  3114 E         : Runtime and build version of gralloc private structure does not match. Errors will likely follow.
07-01 21:44:14.915  2920  2920 W display : release fence dup failed: Bad file descriptor
07-01 21:44:14.942  3093  3114 E         : invalid gralloc handle (at 0x7fb5d6b380)
07-01 21:44:14.942  3093  3114 E         : Runtime and build version of gralloc private structure does not match. Errors will likely follow.
07-01 21:44:14.949  2920  2920 W display : release fence dup failed: Bad file descriptor
07-01 21:44:14.976  3093  3114 E         : invalid gralloc handle (at 0x7fb5d6b400)
07-01 21:44:14.976  3093  3114 E         : Runtime and build version of gralloc private structure does not match. Errors will likely follow.
07-01 21:44:14.983  2920  2920 W display : release fence dup failed: Bad file descriptor
07-01 21:44:15.009  3093  3114 E         : invalid gralloc handle (at 0x7fb5d6b300)
07-01 21:44:15.009  3093  3114 E         : Runtime and build version of gralloc private structure does not match. Errors will likely follow.
07-01 21:44:15.017  2920  2920 W display : release fence dup failed: Bad file descriptor
07-01 21:44:15.043  3093  3114 E         : invalid gralloc handle (at 0x7fb5d6b380)
07-01 21:44:15.043  3093  3114 E         : Runtime and build version of gralloc private structure does not match. Errors will likely follow.
07-01 21:44:15.051  2920  2920 W display : release fence dup failed: Bad file descriptor
07-01 21:44:15.076  3093  3114 E         : invalid gralloc handle (at 0x7fb5d6b400)
07-01 21:44:15.076  3093  3114 E         : Runtime and build version of gralloc private structure does not match. Errors will likely follow.
07-01 21:44:15.085  2920  2920 W display : release fence dup failed: Bad file descriptor
07-01 21:44:15.110  3093  3114 E         : invalid gralloc handle (at 0x7fb5d6b300)
07-01 21:44:15.110  3093  3114 E         : Runtime and build version of gralloc private structure does not match. Errors will likely follow.
07-01 21:44:15.119  2920  2920 W display : release fence dup failed: Bad file descriptor
07-01 21:44:15.143  3093  3114 E         : invalid gralloc handle (at 0x7fb5d6b380)
07-01 21:44:15.143  3093  3114 E         : Runtime and build version of gralloc private structure does not match. Errors will likely follow.
07-01 21:44:15.152  2920  2920 W display : release fence dup failed: Bad file descriptor
07-01 21:44:15.177  3093  3114 E         : invalid gralloc handle (at 0x7fb5d6b400)
07-01 21:44:15.177  3093  3114 E         : Runtime and build version of gralloc private structure does not match. Errors will likely follow.
07-01 21:44:15.186  2920  2920 W display : release fence dup failed: Bad file descriptor
07-01 21:44:15.210  3093  3114 E         : invalid gralloc handle (at 0x7fb5d6b300)
07-01 21:44:15.210  3093  3114 E         : Runtime and build version of gralloc private structure does not match. Errors will likely follow.
07-01 21:44:15.220  2920  2920 W display : release fence dup failed: Bad file descriptor
07-01 21:44:15.244  3093  3114 E         : invalid gralloc handle (at 0x7fb5d6b380)
07-01 21:44:15.244  3093  3114 E         : Runtime and build version of gralloc private structure does not match. Errors will likely follow.
07-01 21:44:15.254  2920  2920 W display : release fence dup failed: Bad file descriptor
07-01 21:44:15.277  3093  3114 E         : invalid gralloc handle (at 0x7fb5d6b400)
07-01 21:44:15.277  3093  3114 E         : Runtime and build version of gralloc private structure does not match. Errors will likely follow.
07-01 21:44:15.288  2920  2920 W display : release fence dup failed: Bad file descriptor
07-01 21:44:15.310  3093  3114 E         : invalid gralloc handle (at 0x7fb5d6b300)
07-01 21:44:15.311  3093  3114 E         : Runtime and build version of gralloc private structure does not match. Errors will likely follow.
07-01 21:44:15.322  2920  2920 W display : release fence dup failed: Bad file descriptor
07-01 21:44:15.344  3093  3114 E         : invalid gralloc handle (at 0x7fb5d6b380)
07-01 21:44:15.344  3093  3114 E         : Runtime and build version of gralloc private structure does not match. Errors will likely follow.
07-01 21:44:15.356  2920  2920 W display : release fence dup failed: Bad file descriptor
07-01 21:44:15.378  3093  3114 E         : invalid gralloc handle (at 0x7fb5d6b400)
07-01 21:44:15.378  3093  3114 E         : Runtime and build version of gralloc private structure does not match. Errors will likely follow.
07-01 21:44:15.390  2920  2920 W display : release fence dup failed: Bad file descriptor
07-01 21:44:15.411  3093  3114 E         : invalid gralloc handle (at 0x7fb5d6b300)
07-01 21:44:15.411  3093  3114 E         : Runtime and build version of gralloc private structure does not match. Errors will likely follow.
07-01 21:44:15.424  2920  2920 W display : release fence dup failed: Bad file descriptor
07-01 21:44:15.444  3093  3114 E         : invalid gralloc handle (at 0x7fb5d6b380)
07-01 21:44:15.444  3093  3114 E         : Runtime and build version of gralloc private structure does not match. Errors will likely follow.
07-01 21:44:15.458  2920  2920 W display : release fence dup failed: Bad file descriptor
07-01 21:44:15.461  3391  3391 W PackageManager: Failed to parse /system/app/mcRegistry: Missing base APK in /system/app/mcRegistry
07-01 21:44:15.478  3093  3114 E         : invalid gralloc handle (at 0x7fb5d6b400)
07-01 21:44:15.478  3093  3114 E         : Runtime and build version of gralloc private structure does not match. Errors will likely follow.
07-01 21:44:15.491  2920  2920 W display : release fence dup failed: Bad file descriptor
07-01 21:44:15.511  3093  3114 E         : invalid gralloc handle (at 0x7fb5d6b300)
07-01 21:44:15.511  3093  3114 E         : Runtime and build version of gralloc private structure does not match. Errors will likely follow.
07-01 21:44:15.525  2920  2920 W display : release fence dup failed: Bad file descriptor
07-01 21:44:15.545  3093  3114 E         : invalid gralloc handle (at 0x7fb5d6b380)
07-01 21:44:15.545  3093  3114 E         : Runtime and build version of gralloc private structure does not match. Errors will likely follow.
07-01 21:44:15.559  2920  2920 W display : release fence dup failed: Bad file descriptor
07-01 21:44:15.578  3093  3114 E         : invalid gralloc handle (at 0x7fb5d6b400)
07-01 21:44:15.578  3093  3114 E         : Runtime and build version of gralloc private structure does not match. Errors will likely follow.
07-01 21:44:15.593  2920  2920 W display : release fence dup failed: Bad file descriptor
07-01 21:44:15.612  3093  3114 E         : invalid gralloc handle (at 0x7fb5d6b300)
07-01 21:44:15.612  3093  3114 E         : Runtime and build version of gralloc private structure does not match. Errors will likely follow.
07-01 21:44:15.627  2920  2920 W display : release fence dup failed: Bad file descriptor
07-01 21:44:15.645  3093  3114 E         : invalid gralloc handle (at 0x7fb5d6b380)
07-01 21:44:15.645  3093  3114 E         : Runtime and build version of gralloc private structure does not match. Errors will likely follow.
07-01 21:44:15.661  2920  2920 W display : release fence dup failed: Bad file descriptor
07-01 21:44:15.679  3093  3114 E         : invalid gralloc handle (at 0x7fb5d6b400)
07-01 21:44:15.679  3093  3114 E         : Runtime and build version of gralloc private structure does not match. Errors will likely follow.
07-01 21:44:15.695  2920  2920 W display : release fence dup failed: Bad file descriptor
07-01 21:44:15.712  3093  3114 E         : invalid gralloc handle (at 0x7fb5d6b300)
07-01 21:44:15.712  3093  3114 E         : Runtime and build version of gralloc private structure does not match. Errors will likely follow.
07-01 21:44:15.729  2920  2920 W display : release fence dup failed: Bad file descriptor
07-01 21:44:15.746  3093  3114 E         : invalid gralloc handle (at 0x7fb5d6b380)
07-01 21:44:15.746  3093  3114 E         : Runtime and build version of gralloc private structure does not match. Errors will likely follow.
07-01 21:44:15.763  2920  2920 W display : release fence dup failed: Bad file descriptor
07-01 21:44:15.779  3093  3114 E         : invalid gralloc handle (at 0x7fb5d6b400)
07-01 21:44:15.779  3093  3114 E         : Runtime and build version of gralloc private structure does not match. Errors will likely follow.
07-01 21:44:15.797  2920  2920 W display : release fence dup failed: Bad file descriptor
07-01 21:44:15.812  3093  3114 E         : invalid gralloc handle (at 0x7fb5d6b300)
07-01 21:44:15.812  3093  3114 E         : Runtime and build version of gralloc private structure does not match. Errors will likely follow.
07-01 21:44:15.831  2920  2920 W display : release fence dup failed: Bad file descriptor
07-01 21:44:15.846  3093  3114 E         : invalid gralloc handle (at 0x7fb5d6b380)
07-01 21:44:15.846  3093  3114 E         : Runtime and build version of gralloc private structure does not match. Errors will likely follow.
07-01 21:44:15.864  2920  2920 W display : release fence dup failed: Bad file descriptor
07-01 21:44:15.879  3093  3114 E         : invalid gralloc handle (at 0x7fb5d6b400)
07-01 21:44:15.880  3093  3114 E         : Runtime and build version of gralloc private structure does not match. Errors will likely follow.
07-01 21:44:15.898  2920  2920 W display : release fence dup failed: Bad file descriptor
07-01 21:44:15.913  3093  3114 E         : invalid gralloc handle (at 0x7fb5d6b300)
07-01 21:44:15.913  3093  3114 E         : Runtime and build version of gralloc private structure does not match. Errors will likely follow.
07-01 21:44:15.932  2920  2920 W display : release fence dup failed: Bad file descriptor
07-01 21:44:15.946  3093  3114 E         : invalid gralloc handle (at 0x7fb5d6b380)
07-01 21:44:15.946  3093  3114 E         : Runtime and build version of gralloc private structure does not match. Errors will likely follow.
07-01 21:44:15.949  2920  2920 W display : release fence dup failed: Bad file descriptor
07-01 21:44:15.980  3093  3114 E         : invalid gralloc handle (at 0x7fb5d6b400)
07-01 21:44:15.980  3093  3114 E         : Runtime and build version of gralloc private structure does not match. Errors will likely follow.
07-01 21:44:15.983  2920  2920 W display : release fence dup failed: Bad file descriptor
07-01 21:44:16.013  3093  3114 E         : invalid gralloc handle (at 0x7fb5d6b300)
07-01 21:44:16.013  3093  3114 E         : Runtime and build version of gralloc private structure does not match. Errors will likely follow.
07-01 21:44:16.017  2920  2920 W display : release fence dup failed: Bad file descriptor
07-01 21:44:16.047  3093  3114 E         : invalid gralloc handle (at 0x7fb5d6b380)
07-01 21:44:16.047  3093  3114 E         : Runtime and build version of gralloc private structure does not match. Errors will likely follow.
07-01 21:44:16.051  2920  2920 W display : release fence dup failed: Bad file descriptor
07-01 21:44:16.080  3093  3114 E         : invalid gralloc handle (at 0x7fb5d6b400)
07-01 21:44:16.080  3093  3114 E         : Runtime and build version of gralloc private structure does not match. Errors will likely follow.
07-01 21:44:16.085  2920  2920 W display : release fence dup failed: Bad file descriptor
07-01 21:44:16.114  3093  3114 E         : invalid gralloc handle (at 0x7fb5d6b300)
07-01 21:44:16.114  3093  3114 E         : Runtime and build version of gralloc private structure does not match. Errors will likely follow.
07-01 21:44:16.119  2920  2920 W display : release fence dup failed: Bad file descriptor
07-01 21:44:16.147  3093  3114 E         : invalid gralloc handle (at 0x7fb5d6b380)
07-01 21:44:16.147  3093  3114 E         : Runtime and build version of gralloc private structure does not match. Errors will likely follow.
07-01 21:44:16.152  2920  2920 W display : release fence dup failed: Bad file descriptor
07-01 21:44:16.181  3093  3114 E         : invalid gralloc handle (at 0x7fb5d6b400)
07-01 21:44:16.181  3093  3114 E         : Runtime and build version of gralloc private structure does not match. Errors will likely follow.
07-01 21:44:16.186  2920  2920 W display : release fence dup failed: Bad file descriptor
07-01 21:44:16.214  3093  3114 E         : invalid gralloc handle (at 0x7fb5d6b300)
07-01 21:44:16.214  3093  3114 E         : Runtime and build version of gralloc private structure does not match. Errors will likely follow.
07-01 21:44:16.220  2920  2920 W display : release fence dup failed: Bad file descriptor
07-01 21:44:16.248  3093  3114 E         : invalid gralloc handle (at 0x7fb5d6b380)
07-01 21:44:16.248  3093  3114 E         : Runtime and build version of gralloc private structure does not match. Errors will likely follow.
07-01 21:44:16.254  2920  2920 W display : release fence dup failed: Bad file descriptor
07-01 21:44:16.281  3093  3114 E         : invalid gralloc handle (at 0x7fb5d6b400)
07-01 21:44:16.281  3093  3114 E         : Runtime and build version of gralloc private structure does not match. Errors will likely follow.
07-01 21:44:16.288  2920  2920 W display : release fence dup failed: Bad file descriptor
07-01 21:44:16.315  3093  3114 E         : invalid gralloc handle (at 0x7fb5d6b300)
07-01 21:44:16.315  3093  3114 E         : Runtime and build version of gralloc private structure does not match. Errors will likely follow.
07-01 21:44:16.322  2920  2920 W display : release fence dup failed: Bad file descriptor
07-01 21:44:16.348  3093  3114 E         : invalid gralloc handle (at 0x7fb5d6b380)
07-01 21:44:16.348  3093  3114 E         : Runtime and build version of gralloc private structure does not match. Errors will likely follow.
07-01 21:44:16.356  2920  2920 W display : release fence dup failed: Bad file descriptor
07-01 21:44:16.373  3391  3391 D PackageManager: No files in app dir /system/vendor/app
07-01 21:44:16.374  3391  3391 D PackageManager: No files in app dir /oem/app
07-01 21:44:16.374  3391  3391 D PackageManager: No files in app dir /vendor/bundled-app
07-01 21:44:16.378  3391  3391 W PackageManager: Failed to parse /data/app/mcRegistry: Missing base APK in /data/app/mcRegistry
07-01 21:44:16.378  3391  3391 D PackageManager: No files in app dir /data/app-private
07-01 21:44:16.378  3391  3391 E PackageManager: updateAllSharedLibrariesLPw failed: Package com.android.dialer requires unavailable shared library com.qualcomm.qti.smartsearch; failing!
07-01 21:44:16.378  3391  3391 W PackageManager: Package com.android.gallery3d desires unavailable shared library com.google.android.media.effects; ignoring!
07-01 21:44:16.379  3391  3391 W PackageManager: Package com.android.gallery3d desires unavailable shared library com.google.android.media.effects; ignoring!
07-01 21:44:16.379  3391  3391 I PackageManager: Adjusting ABI for : org.cyanogenmod.providers.datausage to arm64-v8a
07-01 21:44:16.379  3391  3391 I PackageManager: Adjusting ABI for : com.android.keychain to arm64-v8a
07-01 21:44:16.379  3391  3391 I PackageManager: Adjusting ABI for : com.android.server.telecom to arm64-v8a
07-01 21:44:16.380  3391  3391 I PackageManager: Adjusting ABI for : com.cyanogenmod.setupwizard to arm64-v8a
07-01 21:44:16.380  3391  3391 I PackageManager: Adjusting ABI for : cyanogenmod.platform to arm64-v8a
07-01 21:44:16.380  2932  2932 E installd: invalid apk path '/system/framework/org.cyanogenmod.platform-res.apk' (bad prefix)
07-01 21:44:16.380  3391  3391 I PackageManager: Adjusting ABI for : com.android.settings to arm64-v8a
07-01 21:44:16.380  3391  3391 I PackageManager: Adjusting ABI for : com.android.providers.settings to arm64-v8a
07-01 21:44:16.381  3391  3391 I PackageManager: Adjusting ABI for : com.android.inputdevices to arm64-v8a
07-01 21:44:16.381  3391  3391 I PackageManager: Adjusting ABI for : com.android.location.fused to arm64-v8a
07-01 21:44:16.381  3391  3391 I PackageManager: Adjusting ABI for : com.android.development to arm64-v8a
07-01 21:44:16.381  3391  3391 I PackageManager: Adjusting ABI for : org.cyanogenmod.cmsettings to arm64-v8a
07-01 21:44:16.382  3391  3391 I PackageManager: Time to scan packages: 10.171 seconds
07-01 21:44:16.382  3093  3114 E         : invalid gralloc handle (at 0x7fb5d6b400)
07-01 21:44:16.382  3093  3114 E         : Runtime and build version of gralloc private structure does not match. Errors will likely follow.
07-01 21:44:16.382  3391  3391 W PackageManager: Unknown permission com.google.android.googleapps.permission.GOOGLE_AUTH in package com.android.providers.calendar
07-01 21:44:16.382  3391  3391 W PackageManager: Unknown permission com.google.android.googleapps.permission.GOOGLE_AUTH.cl in package com.android.providers.calendar
07-01 21:44:16.383  3391  3391 W PackageManager: Not granting permission android.permission.REAL_GET_TASKS to package org.cyanogenmod.wallpapers.photophase (protectionLevel=18 flags=0x3818be45)
07-01 21:44:16.384  3391  3391 W PackageManager: Unknown permission com.cyanogen.ambient.permission.BIND_CALLER_INFO in package com.android.messaging
07-01 21:44:16.384  3391  3391 W PackageManager: Not granting permission android.permission.ACCESS_DOWNLOAD_MANAGER to package com.android.browser (protectionLevel=18 flags=0x3849be45)
07-01 21:44:16.384  3391  3391 W PackageManager: Not granting permission android.permission.SEND_DOWNLOAD_COMPLETED_INTENTS to package com.android.browser (protectionLevel=2 flags=0x3849be45)
07-01 21:44:16.385  3391  3391 W PackageManager: Unknown permission com.cyngn.stats.SEND_ANALYTICS in package com.cyanogenmod.setupwizard
07-01 21:44:16.385  3391  3391 W PackageManager: Unknown permission com.cyanogen.permission.REQUEST_KILL_SWITCH_OP in package com.cyanogenmod.setupwizard
07-01 21:44:16.386  3391  3391 W PackageManager: Unknown permission com.cyanogen.ambient.permission.BIND_INCALL_SERVICE in package com.android.contacts
07-01 21:44:16.386  3391  3391 W PackageManager: Unknown permission com.cyanogen.ambient.permission.PLUGIN_STATUS_CHANGED in package com.android.contacts
07-01 21:44:16.386  3391  3391 W PackageManager: Unknown permission com.cyanogen.ambient.permission.BIND_CALLER_INFO in package com.android.contacts
07-01 21:44:16.387  3391  3391 W PackageManager: Unknown permission com.google.android.googleapps.permission.GOOGLE_AUTH.mail in package com.android.calendar
07-01 21:44:16.388  3391  3391 W PackageManager: Unknown permission com.android.launcher.permission.READ_SETTINGS in package com.android.onetimeinitializer
07-01 21:44:16.388  3391  3391 W PackageManager: Unknown permission com.android.launcher.permission.WRITE_SETTINGS in package com.android.onetimeinitializer
07-01 21:44:16.389  3391  3391 W PackageManager: Unknown permission com.cyanogen.ambient.permission.BIND_INCALL_SERVICE in package com.android.dialer
07-01 21:44:16.389  3391  3391 W PackageManager: Unknown permission com.cyanogen.ambient.permission.PLUGIN_STATUS_CHANGED in package com.android.dialer
07-01 21:44:16.389  3391  3391 W PackageManager: Unknown permission com.cyanogen.ambient.permission.PUBLISH_DISCOVERY_NUDGE in package com.android.dialer
07-01 21:44:16.389  3391  3391 W PackageManager: Unknown permission com.cyanogen.ambient.permission.BIND_DEEPLINK_SERVICE in package com.android.dialer
07-01 21:44:16.389  3391  3391 W PackageManager: Unknown permission com.cyanogen.ambient.permission.READ_DEEPLINK_DATABASE in package com.android.dialer
07-01 21:44:16.389  3391  3391 W PackageManager: Unknown permission com.cyanogen.ambient.permission.BIND_CALLER_INFO in package com.android.dialer
07-01 21:44:16.390  3391  3391 W PackageManager: Unknown permission com.android.launcher.permission.READ_SETTINGS in package com.cyanogenmod.trebuchet
07-01 21:44:16.390  3391  3391 W PackageManager: Unknown permission com.android.launcher.permission.WRITE_SETTINGS in package com.cyanogenmod.trebuchet
07-01 21:44:16.390  2920  2920 W display : release fence dup failed: Bad file descriptor
07-01 21:44:16.390  3391  3391 W PackageManager: Unknown permission com.cyngn.stats.SEND_ANALYTICS in package com.cyanogenmod.trebuchet
07-01 21:44:16.390  3391  3391 W PackageManager: Unknown permission android.permission.CANCEL_NOTIFICATIONS in package org.cyanogenmod.theme.chooser
07-01 21:44:16.390  3391  3391 W PackageManager: Unknown permission com.google.android.permission.INSTALL_WEARABLE_PACKAGES in package com.android.packageinstaller
07-01 21:44:16.390  3391  3391 W PackageManager: Not granting permission android.permission.DELETE_PACKAGES to package com.svox.pico (protectionLevel=18 flags=0x3808be45)
07-01 21:44:16.390  3391  3391 W PackageManager: Unknown permission android.permission.ACCESS_SUPERUSER in package com.cyanogenmod.filemanager
07-01 21:44:16.390  3391  3391 W PackageManager: Unknown permission com.cyanogenmod.filemanager.permissions.READ_THEME in package com.cyanogenmod.filemanager
07-01 21:44:16.391  3391  3391 W PackageManager: Unknown permission com.google.android.gallery3d.permission.PICASA_STORE in package com.android.dreams.phototable
07-01 21:44:16.391  3391  3391 W PackageManager: Unknown permission com.google.android.googleapps.permission.GOOGLE_AUTH in package com.android.settings
07-01 21:44:16.392  3391  3391 W PackageManager: Unknown permission com.android.launcher.permission.READ_SETTINGS in package com.android.settings
07-01 21:44:16.392  3391  3391 W PackageManager: Unknown permission com.android.launcher.permission.WRITE_SETTINGS in package com.android.settings
07-01 21:44:16.393  3391  3391 W PackageManager: Not granting permission android.permission.REAL_GET_TASKS to package com.cyanogenmod.eleven (protectionLevel=18 flags=0x3818be65)
07-01 21:44:16.398  3391  3391 W PackageManager: Unknown permission com.google.android.gallery3d.permission.GALLERY_PROVIDER in package com.android.bluetooth
07-01 21:44:16.398  3391  3391 W PackageManager: Unknown permission com.google.android.googleapps.permission.ACCESS_GOOGLE_PASSWORD in package com.android.development
07-01 21:44:16.398  3391  3391 W PackageManager: Unknown permission com.google.android.googleapps.permission.GOOGLE_AUTH in package com.android.development
07-01 21:44:16.398  3391  3391 W PackageManager: Unknown permission com.google.android.googleapps.permission.GOOGLE_AUTH.ALL_SERVICES in package com.android.development
07-01 21:44:16.398  3391  3391 W PackageManager: Unknown permission com.google.android.googleapps.permission.GOOGLE_AUTH.YouTubeUser in package com.android.development
07-01 21:44:16.400  3391  3391 V PackageManager: Disabling com.google.android.gsf/com.google.android.gsf.update.SystemUpdateActivity
07-01 21:44:16.400  3391  3391 W PackageManager: Unable to disable com.google.android.gsf/com.google.android.gsf.update.SystemUpdateActivity
07-01 21:44:16.400  3391  3391 V PackageManager: Disabling com.google.android.gsf/com.google.android.gsf.update.SystemUpdateService$Receiver
07-01 21:44:16.400  3391  3391 W PackageManager: Unable to disable com.google.android.gsf/com.google.android.gsf.update.SystemUpdateService$Receiver
07-01 21:44:16.400  3391  3391 V PackageManager: Disabling com.google.android.gsf/com.google.android.gsf.update.SystemUpdateService$SecretCodeReceiver
07-01 21:44:16.400  3391  3391 W PackageManager: Unable to disable com.google.android.gsf/com.google.android.gsf.update.SystemUpdateService$SecretCodeReceiver
