--------- beginning of main
12-13 23:44:03.458  2938  2938 W auditd  : type=1325 audit(0.0:2): table=filter family=2 entries=0
12-13 23:44:03.458  2938  2938 W auditd  : type=1325 audit(0.0:3): table=mangle family=2 entries=0
12-13 23:44:03.458  2938  2938 W auditd  : type=1325 audit(0.0:4): table=nat family=2 entries=0
12-13 23:44:03.458  2938  2938 W auditd  : type=1325 audit(0.0:5): table=raw family=2 entries=0
12-13 23:44:03.458  2938  2938 W auditd  : type=1325 audit(0.0:6): table=security family=2 entries=0
12-13 23:44:03.458  2938  2938 W auditd  : type=1325 audit(0.0:7): table=filter family=3 entries=0
12-13 23:44:03.458  2938  2938 W auditd  : type=1325 audit(0.0:8): table=filter family=10 entries=0
12-13 23:44:03.458  2938  2938 W auditd  : type=1325 audit(0.0:9): table=mangle family=10 entries=0
12-13 23:44:03.458  2938  2938 W auditd  : type=1325 audit(0.0:10): table=raw family=10 entries=0
12-13 23:44:03.458  2938  2938 W auditd  : type=1325 audit(0.0:11): table=nat family=10 entries=0
12-13 23:44:03.819  2938  2938 W auditd  : type=1305 audit(0.0:12): audit_pid=2917 old=0 auid=4294967295 ses=4294967295 res=1
12-13 23:44:03.819  2938  2938 W auditd  : type=1305 audit(0.0:13): audit_rate_limit=20 old=0 auid=4294967295 ses=4294967295 res=1
12-13 23:44:03.867  2929  2929 I lowmemorykiller: Using in-kernel low memory killer interface
12-13 23:44:03.876  2933  2933 I sysinit : Running /system/etc/init.d/00banner 
--------- beginning of system
12-13 23:44:03.877  2918  2918 I vold    : Vold 3.0 (the awakening) firing up
12-13 23:44:03.877  2918  2918 V vold    : Detected support for: exfat ext4 ntfs vfat
12-13 23:44:03.885  2935  2935 I cm      : ____ _   _ ____ _  _ ____ ____ ____ _  _ _  _ ____ ___ 
12-13 23:44:03.886  2932  2932 I McDaemon: Daemon starting up...
12-13 23:44:03.889  2932  2932 I McDaemon: Socket interface version is 0.2
12-13 23:44:03.889  2932  2932 I McDaemon: *** t-base-300-Ares-2-Android-V001 ###
12-13 23:44:03.889  2932  2932 I McDaemon: Build timestamp is Nov 28 2016 04:11:40
12-13 23:44:03.891  2936  2936 I cm      : |     \_/  |__| |\ | |  | | __ |___ |\ | |\/| |  | |  \ 
12-13 23:44:03.891  2931  2931 I SurfaceFlinger: SurfaceFlinger is starting
12-13 23:44:03.891  2932  2932 E McDaemon:   *****************************
12-13 23:44:03.891  2932  2932 E McDaemon:   *** ERROR: ioctl MC_IO_VERSION failed with "Not a typewriter"(errno 25)
12-13 23:44:03.891  2932  2932 E McDaemon:   *** Detected in checkVersion/545()
12-13 23:44:03.891  2932  2932 E McDaemon:   *****************************
12-13 23:44:03.891  2932  2932 E McDaemon:   *****************************
12-13 23:44:03.891  2932  2932 E McDaemon:   *** ERROR: ret = -1
12-13 23:44:03.891  2932  2932 E McDaemon:   *** Detected in checkVersion/546()
12-13 23:44:03.891  2932  2932 E McDaemon:   *****************************
12-13 23:44:03.891  2932  2932 E McDaemon:   *****************************
12-13 23:44:03.891  2932  2932 E McDaemon:   *** ERROR: kernel module version mismatch
12-13 23:44:03.891  2932  2932 E McDaemon:   *** Detected in initDevice/115()
12-13 23:44:03.891  2932  2932 E McDaemon:   *****************************
12-13 23:44:03.891  2932  2932 E McDaemon:   *****************************
12-13 23:44:03.891  2932  2932 E McDaemon:   *** ERROR: Could not initialize <t-base (because /dev/mobicore could not be openend)!
12-13 23:44:03.891  2932  2932 E McDaemon:   *** Detected in run/139()
12-13 23:44:03.891  2932  2932 E McDaemon:   *****************************
12-13 23:44:03.891  2932  2932 E McDaemon:   *****************************
12-13 23:44:03.891  2932  2932 E McDaemon:   *** ERROR: Exiting <t-base Daemon
12-13 23:44:03.891  2932  2932 E McDaemon:   *** Detected in main/1388()
12-13 23:44:03.891  2932  2932 E McDaemon:   *****************************
12-13 23:44:03.891  2931  2931 E SchedPolicy: /system/bin/surfaceflinger add_tid_to_cgroup failed; fd=-1
12-13 23:44:03.891  2931  2931 I SurfaceFlinger: SurfaceFlinger's main thread ready to run. Initializing graphics H/W...
12-13 23:44:03.896  2944  2944 I cm      : |___   |   |  | | \| |__| |__] |___ | \| |  | |__| |__/ 
12-13 23:44:03.913  2950  2950 I cm      : Welcome to Android 6.0.1 / CyanogenMod-13.0-20161213-UNOFFICIAL-hero2ltexx 
12-13 23:44:03.919  2951  2951 I sysinit : Running /system/etc/init.d/90userinit 
12-13 23:44:03.927  2931  2931 D libEGL  : loaded /vendor/lib64/egl/libGLES_mali.so
12-13 23:44:03.941  2931  2931 I gralloc : using (id=)
12-13 23:44:03.941  2931  2931 I gralloc : xres         = 1440 px
12-13 23:44:03.941  2931  2931 I gralloc : yres         = 2560 px
12-13 23:44:03.941  2931  2931 I gralloc : width        = 68 mm (537.882324 dpi)
12-13 23:44:03.941  2931  2931 I gralloc : height       = 122 mm (532.983582 dpi)
12-13 23:44:03.941  2931  2931 I gralloc : refresh rate = 59.31 Hz
12-13 23:44:03.950  2931  2931 D hwcomposer: using
12-13 23:44:03.950  2931  2931 D hwcomposer: xres         = 1440 px
12-13 23:44:03.950  2931  2931 D hwcomposer: yres         = 2560 px
12-13 23:44:03.950  2931  2931 D hwcomposer: width        = 68 mm (537.882000 dpi)
12-13 23:44:03.950  2931  2931 D hwcomposer: height       = 122 mm (532.983000 dpi)
12-13 23:44:03.950  2931  2931 D hwcomposer: refresh rate = 59 Hz
12-13 23:44:03.950  2931  2931 I hwcomposer: PSR info devname = /sys/devices/13960000.decon_f/psr_info
12-13 23:44:03.950  2931  2931 I hwcomposer: PSR mode is 6(0: video mode, 1: DP PSR mode, 2: MIPI-DSI command mode)
12-13 23:44:03.950  2931  2931 I SurfaceFlinger: Using composer version 1.3
12-13 23:44:03.950  2931  2931 E display : unknown display attribute 6
12-13 23:44:03.950  2931  2931 I SurfaceFlinger: EGL information:
12-13 23:44:03.950  2931  2931 I SurfaceFlinger: vendor    : Android
12-13 23:44:03.950  2931  2931 I SurfaceFlinger: version   : 1.4 Android META-EGL
12-13 23:44:03.950  2931  2931 I SurfaceFlinger: extensions: EGL_KHR_get_all_proc_addresses EGL_ANDROID_presentation_time EGL_KHR_swap_buffers_with_damage EGL_KHR_image EGL_KHR_image_base EGL_KHR_gl_texture_2D_image EGL_KHR_gl_texture_cubemap_image EGL_KHR_gl_renderbuffer_image EGL_KHR_fence_sync EGL_KHR_create_context EGL_KHR_config_attribs EGL_KHR_surfaceless_context EGL_EXT_create_context_robustness EGL_ANDROID_image_native_buffer EGL_KHR_wait_sync EGL_ANDROID_recordable EGL_KHR_partial_update 
12-13 23:44:03.950  2931  2931 I SurfaceFlinger: Client API: OpenGL_ES
12-13 23:44:03.950  2931  2931 I SurfaceFlinger: EGLSurface: 8-8-8-8, config=0x7faa2bb138
12-13 23:44:03.957  2931  2931 I SurfaceFlinger: OpenGL ES informations:
12-13 23:44:03.957  2931  2931 I SurfaceFlinger: vendor    : ARM
12-13 23:44:03.957  2931  2931 I SurfaceFlinger: renderer  : Mali-T880
12-13 23:44:03.957  2931  2931 I SurfaceFlinger: version   : OpenGL ES 3.2 v1.r12p1-00dev0.60546d7cd0bfd82d0ba92ca3bb825c75
12-13 23:44:03.957  2931  2931 I SurfaceFlinger: extensions: GL_EXT_debug_marker GL_ARM_rgba8 GL_ARM_mali_shader_binary GL_OES_depth24 GL_OES_depth_texture GL_OES_depth_texture_cube_map GL_OES_packed_depth_stencil GL_OES_rgb8_rgba8 GL_EXT_read_format_bgra GL_OES_compressed_paletted_texture GL_OES_compressed_ETC1_RGB8_texture GL_OES_standard_derivatives GL_OES_EGL_image GL_OES_EGL_image_external GL_OES_EGL_image_external_essl3 GL_OES_EGL_sync GL_OES_texture_npot GL_OES_vertex_half_float GL_OES_required_internalformat GL_OES_vertex_array_object GL_OES_mapbuffer GL_EXT_texture_format_BGRA8888 GL_EXT_texture_rg GL_EXT_texture_type_2_10_10_10_REV GL_OES_fbo_render_mipmap GL_OES_element_index_uint GL_EXT_shadow_samplers GL_OES_texture_compression_astc GL_KHR_texture_compression_astc_ldr GL_KHR_texture_compression_astc_hdr GL_KHR_texture_compression_astc_sliced_3d GL_KHR_debug GL_EXT_occlusion_query_boolean GL_EXT_disjoint_timer_query GL_EXT_blend_minmax GL_EXT_discard_framebuffer GL_OES_get_program_binary GL_OES_texture_3D GL_EXT_texture_storage GL_EXT_multisamp
12-13 23:44:03.957  2931  2931 I SurfaceFlinger: GL_MAX_TEXTURE_SIZE = 16384
12-13 23:44:03.957  2931  2931 I SurfaceFlinger: GL_MAX_VIEWPORT_DIMS = 16384
12-13 23:44:03.958  2931  2931 D mali_winsys: EGLint new_window_surface(egl_winsys_display*, void*, EGLSurface, EGLConfig, egl_winsys_surface**, egl_color_buffer_format*, EGLBoolean) returns 0x3000,  [1440x2560]-format:1
12-13 23:44:03.975  2988  2988 I DEBUG   : debuggerd: starting
12-13 23:44:03.982  2981  2981 I Netd    : Netd 1.0 starting
12-13 23:44:03.983  2981  2981 I QtiConnectivityAdapter: Failed to open libconnctrl, some features may not be present.
12-13 23:44:03.983  2981  2981 D TetherController: Setting IP forward enable = 0
12-13 23:44:03.985  3002  3002 D wifiloader: Trigger initcall of deferred modules
12-13 23:44:03.986  2997  2997 I installd: installd firing up
12-13 23:44:03.989  3008  3008 I gatekeeperd: Starting gatekeeperd...
12-13 23:44:03.990  3008  3008 W gatekeeperd: falling back to software GateKeeper
12-13 23:44:03.990  3008  3008 I gatekeeperd: cold boot: clearing state
12-13 23:44:03.990  2999  2999 I keystore: Found keymaster0 module Keymaster OpenSSL HAL, version 2
12-13 23:44:03.990  2999  2999 I SoftKeymaster: system/keymaster/soft_keymaster_device.cpp, Line 122: Creating device
12-13 23:44:03.990  2999  2999 D SoftKeymaster: system/keymaster/soft_keymaster_device.cpp, Line 123: Device address: 0x7fa6463000
12-13 23:44:03.990  3003  3003 D macloader: Deleting file /data/.cid.info
12-13 23:44:03.991  3019  3019 I perfprofd: starting Android Wide Profiling daemon
12-13 23:44:03.991  3019  3019 E perfprofd: unable to open configuration file /data/data/com.google.android.gms/files/perfprofd.conf
12-13 23:44:03.991  3019  3019 I perfprofd: random seed set to 452601102
12-13 23:44:03.991  2931  2931 D SurfaceFlinger: Set power mode=2, type=0 flinger=0x7faa283c00
12-13 23:44:03.992  2999  2999 I keystore: Keymaster0 module is software-only.  Using SoftKeymasterDevice instead.
12-13 23:44:03.992  2999  2999 I SoftKeymaster: system/keymaster/soft_keymaster_device.cpp, Line 122: Creating device
12-13 23:44:03.992  2999  2999 D SoftKeymaster: system/keymaster/soft_keymaster_device.cpp, Line 123: Device address: 0x7fa6463300
12-13 23:44:03.992  2999  2999 I keystore: SELinux: Keystore SELinux is disabled.
12-13 23:44:03.993  3021  3021 I fingerprintd: Starting fingerprintd
12-13 23:44:04.013  2985  2985 I DEBUG   : debuggerd: starting
12-13 23:44:04.039  2938  2938 W auditd  : type=1325 audit(0.0:14): table=filter family=2 entries=4
12-13 23:44:04.039  2938  2938 W auditd  : type=1320 audit(0.0:14): 
12-13 23:44:04.039  2938  2938 W auditd  : type=1325 audit(0.0:15): table=filter family=10 entries=4
12-13 23:44:04.039  2938  2938 W auditd  : type=1320 audit(0.0:15): 
12-13 23:44:04.049  2938  2938 W auditd  : type=1325 audit(0.0:16): table=filter family=2 entries=6
12-13 23:44:04.049  2938  2938 W auditd  : type=1320 audit(0.0:16): 
12-13 23:44:04.059  2938  2938 W auditd  : type=1325 audit(0.0:17): table=filter family=10 entries=6
12-13 23:44:04.059  2938  2938 W auditd  : type=1320 audit(0.0:17): 
12-13 23:44:04.119  2938  2938 W auditd  : type=1325 audit(0.0:18): table=filter family=2 entries=7
12-13 23:44:04.119  2938  2938 W auditd  : type=1320 audit(0.0:18): 
12-13 23:44:04.129  2938  2938 W auditd  : type=1325 audit(0.0:19): table=filter family=10 entries=7
12-13 23:44:04.129  2938  2938 W auditd  : type=1320 audit(0.0:19): 
12-13 23:44:04.139  2938  2938 W auditd  : type=1325 audit(0.0:20): table=filter family=2 entries=9
12-13 23:44:04.139  2938  2938 W auditd  : type=1320 audit(0.0:20): 
12-13 23:44:04.139  2938  2938 W auditd  : type=1325 audit(0.0:21): table=filter family=10 entries=9
12-13 23:44:04.139  2938  2938 W auditd  : type=1320 audit(0.0:21): 
12-13 23:44:04.199  2938  2938 W auditd  : type=1325 audit(0.0:22): table=filter family=2 entries=10
12-13 23:44:04.199  2938  2938 W auditd  : type=1320 audit(0.0:22): 
12-13 23:44:04.209  2938  2938 W auditd  : type=1325 audit(0.0:23): table=filter family=10 entries=10
12-13 23:44:04.209  2938  2938 W auditd  : type=1320 audit(0.0:23): 
12-13 23:44:04.219  2938  2938 W auditd  : type=1325 audit(0.0:24): table=filter family=2 entries=12
12-13 23:44:04.219  2938  2938 W auditd  : type=1320 audit(0.0:24): 
12-13 23:44:04.219  2938  2938 W auditd  : type=1325 audit(0.0:25): table=filter family=10 entries=12
12-13 23:44:04.219  2938  2938 W auditd  : type=1320 audit(0.0:25): 
12-13 23:44:04.224  2995  2995 V MediaUtils: physMem: 3746938880
12-13 23:44:04.224  2995  2995 V MediaUtils: requested limit: 2435510220
12-13 23:44:04.224  2995  2995 V MediaUtils: actual limit: 2435510220
12-13 23:44:04.224  2995  2995 V MediaUtils: original limits: 4294967295/4294967295
12-13 23:44:04.224  2995  2995 V MediaUtils: new limits: 2435510220/4294967295
12-13 23:44:04.228  2995  2995 I mediaserver: ServiceManager: 0xf654e120
12-13 23:44:04.228  2995  2995 I AudioFlinger: Using default 3000 mSec as standby time.
12-13 23:44:04.228  2995  2995 E BatteryNotifier: batterystats service unavailable!
12-13 23:44:04.229  2995  2995 E BatteryNotifier: batterystats service unavailable!
12-13 23:44:04.229  2995  2995 I CameraService: CameraService started (pid=2995)
12-13 23:44:04.229  2995  2995 I CameraService: CameraService process starting
12-13 23:44:04.229  2995  2995 E BatteryNotifier: batterystats service unavailable!
12-13 23:44:04.229  2995  2995 E BatteryNotifier: batterystats service unavailable!
12-13 23:44:04.269  2938  2938 W auditd  : type=1325 audit(0.0:26): table=filter family=2 entries=13
12-13 23:44:04.269  2938  2938 W auditd  : type=1320 audit(0.0:26): 
12-13 23:44:04.274  2931  2931 D SurfaceFlinger: SF. shader cache generated - 26 shaders in 234.392685 ms
12-13 23:44:04.279  2938  2938 W auditd  : type=1325 audit(0.0:27): table=filter family=10 entries=13
12-13 23:44:04.279  2938  2938 W auditd  : type=1320 audit(0.0:27): 
12-13 23:44:04.289  2938  2938 W auditd  : type=1325 audit(0.0:28): table=filter family=2 entries=15
12-13 23:44:04.289  2938  2938 W auditd  : type=1320 audit(0.0:28): 
12-13 23:44:04.289  2938  2938 W auditd  : type=1325 audit(0.0:29): table=filter family=10 entries=15
12-13 23:44:04.289  2938  2938 W auditd  : type=1320 audit(0.0:29): 
12-13 23:44:04.298  3060  3103 D libEGL  : loaded /vendor/lib64/egl/libGLES_mali.so
12-13 23:44:04.307  3060  3103 D mali_winsys: EGLint new_window_surface(egl_winsys_display*, void*, EGLSurface, EGLConfig, egl_winsys_surface**, egl_color_buffer_format*, EGLBoolean) returns 0x3000,  [1440x2560]-format:2
12-13 23:44:04.311  3060  3103 E BootAnimation: couldn't find audio_conf.txt
12-13 23:44:04.329  2938  2938 W auditd  : type=1325 audit(0.0:30): table=filter family=2 entries=16
12-13 23:44:04.329  2938  2938 W auditd  : type=1320 audit(0.0:30): 
12-13 23:44:04.335  3060  3103 D BootAnimation: Use save memory method, maybe small fps in actual.
12-13 23:44:04.339  2938  2938 W auditd  : type=1325 audit(0.0:31): table=filter family=10 entries=16
12-13 23:44:04.339  2938  2938 W auditd  : type=1320 audit(0.0:31): 
12-13 23:44:04.339  2938  2938 W auditd  : type=1325 audit(0.0:32): table=filter family=2 entries=18
12-13 23:44:04.339  2938  2938 W auditd  : type=1320 audit(0.0:32): 
12-13 23:44:04.349  2938  2938 W auditd  : type=1325 audit(0.0:33): table=filter family=10 entries=18
12-13 23:44:04.388  3005  3005 D AndroidRuntime: >>>>>> START com.android.internal.os.ZygoteInit uid 0 <<<<<<
12-13 23:44:04.404  3005  3005 D AndroidRuntime: CheckJNI is OFF
12-13 23:44:04.412  3005  3005 I art     : option[0]=-Xzygote
12-13 23:44:04.412  3005  3005 I art     : option[1]=-Xstacktracefile:/data/anr/traces.txt
12-13 23:44:04.412  3005  3005 I art     : option[2]=exit
12-13 23:44:04.412  3005  3005 I art     : option[3]=vfprintf
12-13 23:44:04.412  3005  3005 I art     : option[4]=sensitiveThread
12-13 23:44:04.412  3005  3005 I art     : option[5]=-verbose:gc
12-13 23:44:04.412  3005  3005 I art     : option[6]=-Xms8m
12-13 23:44:04.412  3005  3005 I art     : option[7]=-Xmx512m
12-13 23:44:04.412  3005  3005 I art     : option[8]=-XX:HeapGrowthLimit=256m
12-13 23:44:04.412  3005  3005 I art     : option[9]=-XX:HeapMinFree=2m
12-13 23:44:04.412  3005  3005 I art     : option[10]=-XX:HeapMaxFree=8m
12-13 23:44:04.412  3005  3005 I art     : option[11]=-XX:HeapTargetUtilization=0.75
12-13 23:44:04.412  3005  3005 I art     : option[12]=-agentlib:jdwp=transport=dt_android_adb,suspend=n,server=y
12-13 23:44:04.412  3005  3005 I art     : option[13]=-Xlockprofthreshold:500
12-13 23:44:04.412  3005  3005 I art     : option[14]=-Ximage-compiler-option
12-13 23:44:04.412  3005  3005 I art     : option[15]=--runtime-arg
12-13 23:44:04.412  3005  3005 I art     : option[16]=-Ximage-compiler-option
12-13 23:44:04.413  3005  3005 I art     : option[17]=-Xms64m
12-13 23:44:04.413  3005  3005 I art     : option[18]=-Ximage-compiler-option
12-13 23:44:04.413  3005  3005 I art     : option[19]=--runtime-arg
12-13 23:44:04.413  3005  3005 I art     : option[20]=-Ximage-compiler-option
12-13 23:44:04.413  3005  3005 I art     : option[21]=-Xmx64m
12-13 23:44:04.413  3005  3005 I art     : option[22]=-Ximage-compiler-option
12-13 23:44:04.413  3005  3005 I art     : option[23]=--compiler-filter=speed
12-13 23:44:04.413  3005  3005 I art     : option[24]=-Ximage-compiler-option
12-13 23:44:04.413  3005  3005 I art     : option[25]=--image-classes=/system/etc/preloaded-classes
12-13 23:44:04.413  3005  3005 I art     : option[26]=-Xcompiler-option
12-13 23:44:04.413  3005  3005 I art     : option[27]=--runtime-arg
12-13 23:44:04.413  3005  3005 I art     : option[28]=-Xcompiler-option
12-13 23:44:04.413  3005  3005 I art     : option[29]=-Xms64m
12-13 23:44:04.413  3005  3005 I art     : option[30]=-Xcompiler-option
12-13 23:44:04.413  3005  3005 I art     : option[31]=--runtime-arg
12-13 23:44:04.413  3005  3005 I art     : option[32]=-Xcompiler-option
12-13 23:44:04.413  3005  3005 I art     : option[33]=-Xmx512m
12-13 23:44:04.413  3005  3005 I art     : option[34]=-Xcompiler-option
12-13 23:44:04.413  3005  3005 I art     : option[35]=--compiler-filter=speed
12-13 23:44:04.413  3005  3005 I art     : option[36]=-Ximage-compiler-option
12-13 23:44:04.413  3005  3005 I art     : option[37]=--instruction-set-variant=generic
12-13 23:44:04.413  3005  3005 I art     : option[38]=-Xcompiler-option
12-13 23:44:04.413  3005  3005 I art     : option[39]=--instruction-set-variant=generic
12-13 23:44:04.413  3005  3005 I art     : option[40]=-Ximage-compiler-option
12-13 23:44:04.413  3005  3005 I art     : option[41]=--instruction-set-features=default
12-13 23:44:04.413  3005  3005 I art     : option[42]=-Xcompiler-option
12-13 23:44:04.413  3005  3005 I art     : option[43]=--instruction-set-features=default
12-13 23:44:04.413  3005  3005 I art     : option[44]=-Duser.locale=en-US
12-13 23:44:04.413  3005  3005 I art     : option[45]=--cpu-abilist=arm64-v8a,armeabi
12-13 23:44:04.413  3005  3005 I art     : option[46]=-Xfingerprint:samsung/cm_hero2ltexx/hero2ltexx:6.0.1/MOB31K/33598ccca3:userdebug/test-keys
12-13 23:44:04.426  3005  3005 I art     : Pruning dalvik-cache since we are relocating an image and will need to recompile
12-13 23:44:04.426  3005  3005 I art     : RelocateImage: /system/bin/patchoat --input-image-location=/system/framework/boot.art --output-image-file=/data/dalvik-cache/arm64/system@framework@boot.art --input-oat-location=/system/framework/boot.oat --output-oat-file=/data/dalvik-cache/arm64/system@framework@boot.oat --instruction-set=arm64 --base-offset-delta=1044480
12-13 23:44:04.441  3002  3002 V wifiloader: /proc/deferred_initcalls=0
12-13 23:44:04.441  3002  3002 V wifiloader: 
12-13 23:44:04.452  3007  3007 D AndroidRuntime: >>>>>> START com.android.internal.os.ZygoteInit uid 0 <<<<<<
12-13 23:44:04.459  3007  3007 D AndroidRuntime: CheckJNI is OFF
12-13 23:44:04.461  3007  3007 I art     : option[0]=-Xzygote
12-13 23:44:04.461  3007  3007 I art     : option[1]=-Xstacktracefile:/data/anr/traces.txt
12-13 23:44:04.461  3007  3007 I art     : option[2]=exit
12-13 23:44:04.461  3007  3007 I art     : option[3]=vfprintf
12-13 23:44:04.461  3007  3007 I art     : option[4]=sensitiveThread
12-13 23:44:04.461  3007  3007 I art     : option[5]=-verbose:gc
12-13 23:44:04.461  3007  3007 I art     : option[6]=-Xms8m
12-13 23:44:04.461  3007  3007 I art     : option[7]=-Xmx512m
12-13 23:44:04.461  3007  3007 I art     : option[8]=-XX:HeapGrowthLimit=256m
12-13 23:44:04.461  3007  3007 I art     : option[9]=-XX:HeapMinFree=2m
12-13 23:44:04.461  3007  3007 I art     : option[10]=-XX:HeapMaxFree=8m
12-13 23:44:04.461  3007  3007 I art     : option[11]=-XX:HeapTargetUtilization=0.75
12-13 23:44:04.461  3007  3007 I art     : option[12]=-agentlib:jdwp=transport=dt_android_adb,suspend=n,server=y
12-13 23:44:04.461  3007  3007 I art     : option[13]=-Xlockprofthreshold:500
12-13 23:44:04.461  3007  3007 I art     : option[14]=-Ximage-compiler-option
12-13 23:44:04.461  3007  3007 I art     : option[15]=--runtime-arg
12-13 23:44:04.461  3007  3007 I art     : option[16]=-Ximage-compiler-option
12-13 23:44:04.461  3007  3007 I art     : option[17]=-Xms64m
12-13 23:44:04.461  3007  3007 I art     : option[18]=-Ximage-compiler-option
12-13 23:44:04.461  3007  3007 I art     : option[19]=--runtime-arg
12-13 23:44:04.461  3007  3007 I art     : option[20]=-Ximage-compiler-option
12-13 23:44:04.461  3007  3007 I art     : option[21]=-Xmx64m
12-13 23:44:04.461  3007  3007 I art     : option[22]=-Ximage-compiler-option
12-13 23:44:04.461  3007  3007 I art     : option[23]=--compiler-filter=speed
12-13 23:44:04.461  3007  3007 I art     : option[24]=-Ximage-compiler-option
12-13 23:44:04.461  3007  3007 I art     : option[25]=--image-classes=/system/etc/preloaded-classes
12-13 23:44:04.461  3007  3007 I art     : option[26]=-Xcompiler-option
12-13 23:44:04.461  3007  3007 I art     : option[27]=--runtime-arg
12-13 23:44:04.461  3007  3007 I art     : option[28]=-Xcompiler-option
12-13 23:44:04.462  3007  3007 I art     : option[29]=-Xms64m
12-13 23:44:04.462  3007  3007 I art     : option[30]=-Xcompiler-option
12-13 23:44:04.462  3007  3007 I art     : option[31]=--runtime-arg
12-13 23:44:04.462  3007  3007 I art     : option[32]=-Xcompiler-option
12-13 23:44:04.462  3007  3007 I art     : option[33]=-Xmx512m
12-13 23:44:04.462  3007  3007 I art     : option[34]=-Xcompiler-option
12-13 23:44:04.462  3007  3007 I art     : option[35]=--compiler-filter=speed
12-13 23:44:04.462  3007  3007 I art     : option[36]=-Ximage-compiler-option
12-13 23:44:04.462  3007  3007 I art     : option[37]=--instruction-set-variant=cortex-a53
12-13 23:44:04.462  3007  3007 I art     : option[38]=-Xcompiler-option
12-13 23:44:04.462  3007  3007 I art     : option[39]=--instruction-set-variant=cortex-a53
12-13 23:44:04.462  3007  3007 I art     : option[40]=-Ximage-compiler-option
12-13 23:44:04.462  3007  3007 I art     : option[41]=--instruction-set-features=default
12-13 23:44:04.462  3007  3007 I art     : option[42]=-Xcompiler-option
12-13 23:44:04.462  3007  3007 I art     : option[43]=--instruction-set-features=default
12-13 23:44:04.462  3007  3007 I art     : option[44]=-Duser.locale=en-US
12-13 23:44:04.462  2995  2995 I UniHAL  : loaded HAL id=camera path=/system/lib/hw/camera.exynos5.so hmi=0x0 handle=0xf663a684
12-13 23:44:04.462  3007  3007 I art     : option[45]=--cpu-abilist=armeabi-v7a,armeabi
12-13 23:44:04.462  2995  2995 I UniHAL  : HAL module_api_version = 0x204
12-13 23:44:04.462  3007  3007 I art     : option[46]=-Xfingerprint:samsung/cm_hero2ltexx/hero2ltexx:6.0.1/MOB31K/33598ccca3:userdebug/test-keys
12-13 23:44:04.462  2995  2995 I ExynosCamera3Interface: INFO(HAL_init[580]):in =====
12-13 23:44:04.462  2995  2995 I ExynosCamera3Interface: INFO(HAL_init[587]):out =====
12-13 23:44:04.462  2995  2995 D ExynosCamera3Interface: DEBUG:duration time(    0 msec):(HAL_init)
12-13 23:44:04.462  2995  2995 I CameraService: Loaded "Samsung CameraHardware Module" camera module
12-13 23:44:04.462  2995  3200 I ExynosCamera3Interface: INFO(init_func[555]):in =====
12-13 23:44:04.463  2995  2995 I ExynosCamera3Interface: INFO(HAL_getCameraInfo[381]):in =====
12-13 23:44:04.463  2995  2995 D ExynosCameraMetadataConverter: DEBUG(constructStaticInfo[384]):ID(0)
12-13 23:44:04.470  3007  3007 I art     : Pruning dalvik-cache since we are relocating an image and will need to recompile
12-13 23:44:04.471  3007  3007 I art     : RelocateImage: /system/bin/patchoat --input-image-location=/system/framework/boot.art --output-image-file=/data/dalvik-cache/arm/system@framework@boot.art --input-oat-location=/system/framework/boot.oat --output-oat-file=/data/dalvik-cache/arm/system@framework@boot.oat --instruction-set=arm --base-offset-delta=-3158016
12-13 23:44:04.942  2995  2995 D ExynosCameraUtils: DEBUG(getSensorIdFromFile[1770]):Sensor name is 29
12-13 23:44:04.942  2995  2995 D ExynosCameraUtils: (3)
12-13 23:44:04.942  2995  2995 I ExynosCamera3SensorInfo: INFO(createExynosCamera3SensorInfo[52]):sensor ID 29
12-13 23:44:04.943  2995  2995 I UniHAL  : [Uni_GetCameraInfo][215] device_version(771)
12-13 23:44:04.943  2995  2995 I ExynosCamera3Interface: INFO(HAL_getCameraInfo[381]):in =====
12-13 23:44:04.943  2995  2995 D ExynosCameraMetadataConverter: DEBUG(constructStaticInfo[384]):ID(1)
12-13 23:44:04.943  2995  2995 D ExynosCameraUtils: DEBUG(getSensorIdFromFile[1770]):Sensor name is 21
12-13 23:44:04.943  2995  2995 D ExynosCameraUtils: (3)
12-13 23:44:04.943  2995  2995 I ExynosCamera3SensorInfo: INFO(createExynosCamera3SensorInfo[52]):sensor ID 21
12-13 23:44:04.943  2995  2995 D ExynosCameraMetadataConverter: DEBUG(m_createControlAvailableHighSpeedVideoConfigurations[3758]) Front camera does not support High Speed Video
12-13 23:44:04.943  2995  2995 D ExynosCameraMetadataConverter: DEBUG(constructStaticInfo[523]):ANDROID_CONTROL_AVAILABLE_HIGH_SPEED_VIDEO_CONFIGURATIONS is NULL
12-13 23:44:04.943  2995  2995 D ExynosCameraMetadataConverter: DEBUG(constructStaticInfo[1024]):vendorMeteringModes at sensorStaticInfo is NULL
12-13 23:44:04.943  2995  2995 D ExynosCameraMetadataConverter: DEBUG(constructStaticInfo[1038]):vendorOISModes at sensorStaticInfo is NULL
12-13 23:44:04.943  2995  2995 I UniHAL  : [Uni_GetCameraInfo][215] device_version(771)
12-13 23:44:04.943  2995  2995 D ExynosCamera3Interface: DEBUG:duration time(    0 msec):(HAL_set_callbacks)
12-13 23:44:04.943  2995  2995 I ServiceManager: Waiting for service media.camera.proxy...
12-13 23:44:05.007  2981  2981 V NatController: runCmd(/system/bin/iptables -w -F natctrl_FORWARD) res=0
12-13 23:44:05.012  2981  2981 V NatController: runCmd(/system/bin/iptables -w -A natctrl_FORWARD -j DROP) res=0
12-13 23:44:05.018  2981  2981 V NatController: runCmd(/system/bin/iptables -w -t nat -F natctrl_nat_POSTROUTING) res=0
12-13 23:44:05.023  2981  2981 V NatController: runCmd(/system/bin/iptables -w -F natctrl_tether_counters) res=1
12-13 23:44:05.028  2981  2981 V NatController: runCmd(/system/bin/iptables -w -X natctrl_tether_counters) res=1
12-13 23:44:05.033  2981  2981 V NatController: runCmd(/system/bin/iptables -w -N natctrl_tether_counters) res=0
12-13 23:44:05.038  2981  2981 V NatController: runCmd(/system/bin/iptables -w -t mangle -A natctrl_mangle_FORWARD -p tcp --tcp-flags SYN SYN -j TCPMSS --clamp-mss-to-pmtu) res=0
12-13 23:44:05.219  2938  2938 W auditd  : type=1325 audit(0.0:122): table=filter family=10 entries=52
12-13 23:44:05.219  2938  2938 W auditd  : type=1320 audit(0.0:122): 
12-13 23:44:05.219  2938  2938 W auditd  : type=1325 audit(0.0:123): table=raw family=2 entries=9
12-13 23:44:05.219  2938  2938 W auditd  : type=1320 audit(0.0:123): 
12-13 23:44:05.219  2938  2938 W auditd  : type=1325 audit(0.0:124): table=raw family=10 entries=9
12-13 23:44:05.219  2938  2938 W auditd  : type=1320 audit(0.0:124): 
12-13 23:44:05.229  2938  2938 W auditd  : type=1325 audit(0.0:125): table=mangle family=2 entries=16
12-13 23:44:05.229  2938  2938 W auditd  : type=1320 audit(0.0:125): 
12-13 23:44:05.229  2938  2938 W auditd  : type=1325 audit(0.0:126): table=mangle family=10 entries=12
12-13 23:44:05.229  2938  2938 W auditd  : type=1320 audit(0.0:126): 
12-13 23:44:05.239  2938  2938 W auditd  : type=1325 audit(0.0:127): table=filter family=2 entries=49
12-13 23:44:05.239  2938  2938 W auditd  : type=1320 audit(0.0:127): 
12-13 23:44:05.239  2938  2938 W auditd  : type=1325 audit(0.0:128): table=filter family=10 entries=52
12-13 23:44:05.239  2938  2938 W auditd  : type=1320 audit(0.0:128): 
12-13 23:44:05.249  2938  2938 W auditd  : type=1325 audit(0.0:129): table=filter family=2 entries=50
12-13 23:44:05.249  2938  2938 W auditd  : type=1320 audit(0.0:129): 
12-13 23:44:05.249  2938  2938 W auditd  : type=1325 audit(0.0:130): table=filter family=10 entries=53
12-13 23:44:05.249  2938  2938 W auditd  : type=1320 audit(0.0:130): 
12-13 23:44:05.249  2938  2938 W auditd  : type=1325 audit(0.0:131): table=filter family=2 entries=51
12-13 23:44:05.249  2938  2938 W auditd  : type=1320 audit(0.0:131): 
12-13 23:44:05.475  2981  2981 E Netd    : cannot find interface dummy0
12-13 23:44:05.537  2981  2981 D MDnsDS  : MDnsSdListener::Hander starting up
12-13 23:44:05.539  2981  3386 D MDnsDS  : MDnsSdListener starting to monitor
12-13 23:44:05.539  2981  3386 D MDnsDS  : Going to poll with pollCount 1
12-13 23:44:05.540  2995  3200 I ExynosCamera3Interface: INFO(init_func[569]):out =====
12-13 23:44:05.540  2995  3200 D ExynosCamera3Interface: DEBUG:duration time( 1078 msec):(init_func)
12-13 23:44:05.707  3007  3007 D ICU     : No timezone override file found: /data/misc/zoneinfo/current/icu/icu_tzdata.dat
12-13 23:44:05.814  3007  3007 I Radio-JNI: register_android_hardware_Radio DONE
12-13 23:44:05.816  3007  3007 I SamplingProfilerIntegration: Profiling disabled.
12-13 23:44:05.817  3007  3007 D Zygote  : begin preload
12-13 23:44:05.817  3007  3007 I Zygote  : Preloading classes...
12-13 23:44:05.901  3005  3005 D ICU     : No timezone override file found: /data/misc/zoneinfo/current/icu/icu_tzdata.dat
12-13 23:44:05.934  3005  3005 I Radio-JNI: register_android_hardware_Radio DONE
12-13 23:44:05.936  3005  3005 I SamplingProfilerIntegration: Profiling disabled.
12-13 23:44:05.936  3005  3005 D Zygote  : begin preload
12-13 23:44:05.936  3005  3005 I Zygote  : Preloading classes...
12-13 23:44:05.943  2995  2995 I ServiceManager: Waiting for service media.camera.proxy...
12-13 23:44:05.972  3007  3007 E Minikin : addFont failed to create font /system/fonts/NanumGothic.ttf
12-13 23:44:05.972  3007  3007 E Minikin : addFont failed to create font /system/fonts/DroidSansFallback.ttf
12-13 23:44:05.972  3005  3005 E Minikin : addFont failed to create font /system/fonts/NanumGothic.ttf
12-13 23:44:05.972  3007  3007 E Minikin : addFont failed to create font /system/fonts/MTLmr3m.ttf
12-13 23:44:05.972  3005  3005 E Minikin : addFont failed to create font /system/fonts/DroidSansFallback.ttf
12-13 23:44:05.972  3005  3005 E Minikin : addFont failed to create font /system/fonts/MTLmr3m.ttf
12-13 23:44:06.012  3007  3007 V DngCreator_JNI: DngCreator_nativeClassInit:
12-13 23:44:06.012  3005  3005 V DngCreator_JNI: DngCreator_nativeClassInit:
12-13 23:44:06.065  3005  3005 I art     : Thread[1,tid=3005,Native,Thread*=0x7f8583ba00,peer=0x12c2d100,"main"] recursive attempt to load library "/system/lib64/libmedia_jni.so"
12-13 23:44:06.065  3005  3005 D MtpDeviceJNI: register_android_mtp_MtpDevice
12-13 23:44:06.065  3005  3005 I art     : Thread[1,tid=3005,Native,Thread*=0x7f8583ba00,peer=0x12c2d100,"main"] recursive attempt to load library "/system/lib64/libmedia_jni.so"
12-13 23:44:06.066  3005  3005 I art     : Thread[1,tid=3005,Native,Thread*=0x7f8583ba00,peer=0x12c2d100,"main"] recursive attempt to load library "/system/lib64/libmedia_jni.so"
12-13 23:44:06.068  3007  3007 I art     : Thread[1,tid=3007,Native,Thread*=0xf5476500,peer=0x12c35100,"main"] recursive attempt to load library "/system/lib/libmedia_jni.so"
12-13 23:44:06.068  3007  3007 D MtpDeviceJNI: register_android_mtp_MtpDevice
12-13 23:44:06.068  3007  3007 I art     : Thread[1,tid=3007,Native,Thread*=0xf5476500,peer=0x12c35100,"main"] recursive attempt to load library "/system/lib/libmedia_jni.so"
12-13 23:44:06.068  3007  3007 I art     : Thread[1,tid=3007,Native,Thread*=0xf5476500,peer=0x12c35100,"main"] recursive attempt to load library "/system/lib/libmedia_jni.so"
12-13 23:44:06.118  3005  3005 W System  : ClassLoader referenced unknown path: /system/framework/tcmclient.jar
12-13 23:44:06.119  3007  3007 W System  : ClassLoader referenced unknown path: /system/framework/tcmclient.jar
12-13 23:44:06.166  3007  3007 I System  : Loaded time zone names for "" in 17ms (16ms in ICU)
12-13 23:44:06.167  3005  3005 I System  : Loaded time zone names for "" in 19ms (19ms in ICU)
12-13 23:44:06.178  3007  3007 I System  : Loaded time zone names for "en_US" in 12ms (11ms in ICU)
12-13 23:44:06.178  3005  3005 I System  : Loaded time zone names for "en_US" in 11ms (10ms in ICU)
12-13 23:44:06.184  3005  3005 I Zygote  : ...preloaded 3831 classes in 247ms.
12-13 23:44:06.184  3005  3005 I art     : VMRuntime.preloadDexCaches starting
12-13 23:44:06.184  3007  3007 I Zygote  : ...preloaded 3831 classes in 368ms.
12-13 23:44:06.184  3007  3007 I art     : VMRuntime.preloadDexCaches starting
12-13 23:44:06.222  3005  3005 I art     : VMRuntime.preloadDexCaches strings total=249480 before=44901 after=44901
12-13 23:44:06.222  3005  3005 I art     : VMRuntime.preloadDexCaches types total=20343 before=6892 after=6923
12-13 23:44:06.222  3005  3005 I art     : VMRuntime.preloadDexCaches fields total=100632 before=36118 after=36550
12-13 23:44:06.222  3005  3005 I art     : VMRuntime.preloadDexCaches methods total=172964 before=71279 after=71806
12-13 23:44:06.222  3005  3005 I art     : VMRuntime.preloadDexCaches finished
12-13 23:44:06.226  3007  3007 I art     : VMRuntime.preloadDexCaches strings total=249480 before=44901 after=44901
12-13 23:44:06.226  3007  3007 I art     : VMRuntime.preloadDexCaches types total=20343 before=6892 after=6923
12-13 23:44:06.226  3007  3007 I art     : VMRuntime.preloadDexCaches fields total=100632 before=36118 after=36550
12-13 23:44:06.226  3007  3007 I art     : VMRuntime.preloadDexCaches methods total=172964 before=71279 after=71806
12-13 23:44:06.226  3007  3007 I art     : VMRuntime.preloadDexCaches finished
12-13 23:44:06.239  3400  3400 D idmap   : error: no read access to /vendor/overlay: No such file or directory
12-13 23:44:06.239  3399  3399 D idmap   : error: no read access to /vendor/overlay: No such file or directory
12-13 23:44:06.261  3005  3005 I Zygote  : Preloading resources...
12-13 23:44:06.261  3007  3007 I Zygote  : Preloading resources...
12-13 23:44:06.384  3060  3103 D BootAnimation: Use save memory method, maybe small fps in actual.
12-13 23:44:06.532  3005  3005 I Zygote  : ...preloaded 342 resources in 270ms.
12-13 23:44:06.535  3005  3005 I Zygote  : ...preloaded 41 resources in 3ms.
12-13 23:44:06.537  3007  3007 I Zygote  : ...preloaded 342 resources in 275ms.
12-13 23:44:06.540  3007  3007 I Zygote  : ...preloaded 41 resources in 3ms.
12-13 23:44:06.542  3005  3005 D libEGL  : loaded /vendor/lib64/egl/libGLES_mali.so
12-13 23:44:06.549  3005  3005 I Zygote  : Preloading shared libraries...
12-13 23:44:06.556  3005  3005 D Zygote  : end preload
12-13 23:44:06.556  3005  3005 I art     : Starting a blocking GC Explicit
12-13 23:44:06.563  3005  3005 I art     : Explicit concurrent mark sweep GC freed 11150(449KB) AllocSpace objects, 0(0B) LOS objects, 38% free, 25MB/41MB, paused 60us total 6.451ms
12-13 23:44:06.571  3005  3005 I art     : Starting a blocking GC Explicit
12-13 23:44:06.576  3005  3005 I art     : Explicit concurrent mark sweep GC freed 2336(110KB) AllocSpace objects, 0(0B) LOS objects, 38% free, 25MB/41MB, paused 56us total 5.302ms
12-13 23:44:06.576  3005  3397 I art     : Starting a blocking GC HeapTrim
12-13 23:44:06.577  3005  3005 I art     : Starting a blocking GC Background
12-13 23:44:06.578  3007  3007 D libEGL  : loaded /vendor/lib/egl/libGLES_mali.so
12-13 23:44:06.588  3007  3007 I Zygote  : Preloading shared libraries...
12-13 23:44:06.593  3007  3007 D Zygote  : end preload
12-13 23:44:06.593  3007  3007 I art     : Starting a blocking GC Explicit
12-13 23:44:06.600  3007  3007 I art     : Explicit concurrent mark sweep GC freed 11201(450KB) AllocSpace objects, 0(0B) LOS objects, 38% free, 25MB/41MB, paused 121us total 6.295ms
12-13 23:44:06.603  3005  3005 I Zygote  : System server process 3403 has been created
12-13 23:44:06.605  3005  3005 I Zygote  : Accepting command socket connections
12-13 23:44:06.610  3007  3007 I art     : Starting a blocking GC Explicit
12-13 23:44:06.615  3007  3007 I art     : Explicit concurrent mark sweep GC freed 2366(112KB) AllocSpace objects, 0(0B) LOS objects, 38% free, 25MB/41MB, paused 87us total 4.722ms
12-13 23:44:06.615  3007  3007 I Zygote  : Accepting command socket connections
12-13 23:44:06.619  3403  3403 I Zygote  : Process: zygote socket opened, supported ABIS: armeabi-v7a,armeabi
12-13 23:44:06.620  3403  3403 I InstallerConnection: connecting...
12-13 23:44:06.620  2997  2997 I installd: new connection
12-13 23:44:06.630  3403  3403 I InstallerConnection: disconnecting...
12-13 23:44:06.631  2997  2997 E installd: eof
12-13 23:44:06.631  2997  2997 E installd: failed to read size
12-13 23:44:06.631  2997  2997 I installd: closing connection
12-13 23:44:06.648  3403  3403 I SystemServer: Entered the Android system server!
12-13 23:44:06.675  3403  3403 I SystemServiceManager: Starting com.android.server.pm.Installer
12-13 23:44:06.678  3403  3403 I Installer: Waiting for installd to be ready.
12-13 23:44:06.678  3403  3403 I InstallerConnection: connecting...
12-13 23:44:06.678  2997  2997 I installd: new connection
12-13 23:44:06.678  3403  3403 I SystemServiceManager: Starting com.android.server.am.ActivityManagerService$Lifecycle
12-13 23:44:06.687  3403  3403 I ActivityManager: choosing minFree values for 64 Bit
12-13 23:44:06.687  3403  3403 I ActivityManager: choosing minFree values for 64 Bit
12-13 23:44:06.687  3403  3403 I ActivityManager: choosing minFree values for 64 Bit
12-13 23:44:06.687  3403  3403 I ActivityManager: choosing minFree values for 64 Bit
12-13 23:44:06.687  3403  3403 I ActivityManager: choosing minFree values for 64 Bit
12-13 23:44:06.687  3403  3403 I ActivityManager: choosing minFree values for 64 Bit
12-13 23:44:06.693  3403  3403 I ActivityManager: Memory class: 256
12-13 23:44:06.694  3403  3417 I ServiceThread: Enabled StrictMode logging for ActivityManager looper.
12-13 23:44:06.695  3403  3418 I ServiceThread: Enabled StrictMode logging for android.ui looper.
12-13 23:44:06.701  3403  3403 D BatteryStatsImpl: Reading daily items from /data/system/batterystats-daily.xml
12-13 23:44:06.708  3403  3403 I AppOps  : No existing app ops /data/system/appops.xml; starting empty
12-13 23:44:06.737  3403  3403 I IntentFirewall: Read new rules (A:0 B:0 S:0)
12-13 23:44:06.740  3403  3422 I ServiceThread: Enabled StrictMode logging for android.display looper.
12-13 23:44:06.743  3403  3403 D AppOps  : AppOpsService published
12-13 23:44:06.743  3403  3403 I SystemServiceManager: Starting com.android.server.power.PowerManagerService
12-13 23:44:06.745  3403  3424 I ServiceThread: Enabled StrictMode logging for PowerManagerService looper.
12-13 23:44:06.749  3403  3403 W libsuspend: Error writing 'on' to /sys/power/state: Invalid argument
12-13 23:44:06.749  3403  3403 I libsuspend: Selected wakeup count
12-13 23:44:06.751  3403  3403 I SystemServiceManager: Starting com.android.server.lights.LightsService
12-13 23:44:06.752  3403  3403 I SystemServiceManager: Starting com.android.server.display.DisplayManagerService
12-13 23:44:06.756  3403  3403 I SystemServiceManager: Starting phase 100
12-13 23:44:06.757  2931  2942 E SurfaceFlinger: getDefaultDisplay: id=2 is not a valid default display id
12-13 23:44:06.758  3403  3422 I DisplayManagerService: Display device added: DisplayDeviceInfo{"Built-in Screen": uniqueId="local:0", 1440 x 2560, modeId 1, defaultModeId 1, supportedModes [{id=1, width=1440, height=2560, fps=59.0}], colorTransformId 1, defaultColorTransformId 1, supportedColorTransforms [{id=1, colorTransform=-22}], density 640, 537.882 x 532.983 dpi, appVsyncOff 0, presDeadline 17949152, touch INTERNAL, rotation 0, type BUILT_IN, state UNKNOWN, FLAG_DEFAULT_DISPLAY, FLAG_ROTATES_WITH_CONTENT, FLAG_SECURE, FLAG_SUPPORTS_PROTECTED_BUFFERS}
12-13 23:44:06.758  2931  2931 D SurfaceFlinger: Set power mode=2, type=0 flinger=0x7faa283c00
12-13 23:44:06.758  2931  2931 D SurfaceFlinger: Screen type=0 is already mode=2
12-13 23:44:06.763  3403  3422 I DisplayManagerService: Display device changed state: "Built-in Screen", ON
12-13 23:44:06.763  3403  3403 I SystemServer: Package Manager
12-13 23:44:06.769  3403  3403 W SELinuxMMAC: Error opening /data/system/seapp_hash. Assuming first boot.
12-13 23:44:06.771  3403  3403 W FileUtils: Failed to chmod(/data/system/packages.list): android.system.ErrnoException: chmod failed: ENOENT (No such file or directory)
12-13 23:44:06.804  3403  3403 D SELinuxMMAC: Using policy file /system/etc/security/mac_permissions.xml
12-13 23:44:06.806  3403  3403 I PackageManager: No settings file; creating initial state
12-13 23:44:06.813  3403  3403 E art     : DexFile_getDexOptNeeded file '/system/framework/org.apache.http.legacy.jar' does not exist
12-13 23:44:06.813  3403  3403 W PackageManager: Library not found: /system/framework/org.apache.http.legacy.jar
12-13 23:44:06.813  3403  3403 E art     : DexFile_getDexOptNeeded file '/system/framework/com.android.nfc_extras.jar' does not exist
12-13 23:44:06.813  3403  3403 W PackageManager: Library not found: /system/framework/com.android.nfc_extras.jar
12-13 23:44:06.818  3403  3403 E art     : DexFile_getDexOptNeeded file '/system/framework/org.apache.http.legacy.jar' does not exist
12-13 23:44:06.818  3403  3403 W PackageManager: Library not found: /system/framework/org.apache.http.legacy.jar
12-13 23:44:06.818  3403  3403 E art     : DexFile_getDexOptNeeded file '/system/framework/com.android.nfc_extras.jar' does not exist
12-13 23:44:06.818  3403  3403 W PackageManager: Library not found: /system/framework/com.android.nfc_extras.jar
12-13 23:44:06.856  3403  3403 D PackageManager: No files in app dir /vendor/overlay
12-13 23:44:06.856  3403  3403 D PackageManager: start scanDirLI:/system/framework
12-13 23:44:06.856  3403  3403 D PackageManager: max thread:6
12-13 23:44:06.858  3403  3429 W PackageManager: Failed to parse /system/framework/arm: Missing base APK in /system/framework/arm
12-13 23:44:06.858  3403  3430 W PackageManager: Failed to parse /system/framework/arm64: Missing base APK in /system/framework/arm64
12-13 23:44:06.859  3403  3432 W PackageManager: Failed to parse /system/framework/oat: Missing base APK in /system/framework/oat
12-13 23:44:06.862  3403  3433 I PackageManager: /system/framework/org.cyanogenmod.platform-res.apk changed; collecting certs
12-13 23:44:06.869  3403  3431 I PackageManager: /system/framework/framework-res.apk changed; collecting certs
12-13 23:44:06.877  3403  3433 W PackageManager: Permission cyanogenmod.permission.WRITE_ALARMS from package cyanogenmod.platform in an unknown group android.permission-group.SYSTEM_CLOCK
12-13 23:44:06.877  3403  3433 W PackageManager: Permission cyanogenmod.permission.MANAGE_ALARMS from package cyanogenmod.platform in an unknown group android.permission-group.SYSTEM_CLOCK
12-13 23:44:06.877  3403  3433 W PackageManager: Permission cyanogenmod.permission.READ_ALARMS from package cyanogenmod.platform in an unknown group android.permission-group.SYSTEM_CLOCK
12-13 23:44:06.944  2995  2995 I ServiceManager: Waiting for service media.camera.proxy...
12-13 23:44:07.061  3403  3431 W PackageManager: Permission android.permission.SET_KEYGUARD_WALLPAPER from package android in an unknown group android.permission-group.WALLPAPER
12-13 23:44:07.062  3403  3431 W PackageManager: Permission android.permission.MODIFY_PROTECTED_SMS_LIST from package android in an unknown group android.permission-group.MESSAGES
12-13 23:44:07.062  3403  3431 W PackageManager: Permission android.permission.RECEIVE_PROTECTED_SMS from package android in an unknown group android.permission-group.MESSAGES
12-13 23:44:07.062  3403  3431 W PackageManager: Permission android.permission.RESET_BATTERY_STATS from package android in an unknown group android.permission-group.SYSTEM_TOOLS
12-13 23:44:07.062  3403  3403 D PackageManager: end scanDirLI:/system/framework
12-13 23:44:07.065  3403  3403 D PackageManager: start scanDirLI:/system/priv-app
12-13 23:44:07.065  3403  3403 D PackageManager: max thread:6
12-13 23:44:07.071  3403  3430 I PackageManager: /system/priv-app/CMAudioService changed; collecting certs
12-13 23:44:07.071  3403  3432 I PackageManager: /system/priv-app/CMSettingsProvider changed; collecting certs
12-13 23:44:07.072  3403  3429 I PackageManager: /system/priv-app/BackupRestoreConfirmation changed; collecting certs
12-13 23:44:07.073  3403  3434 I PackageManager: /system/priv-app/AudioFX changed; collecting certs
12-13 23:44:07.074  3403  3431 I PackageManager: /system/priv-app/CalendarProvider changed; collecting certs
12-13 23:44:07.075  3403  3433 I PackageManager: /system/priv-app/CMUpdater changed; collecting certs
12-13 23:44:07.079  3403  3431 I PackageManager: New shared user android.uid.calendar: id=10001
12-13 23:44:07.085  3403  3429 I PackageManager: /system/priv-app/CallLogBackup changed; collecting certs
12-13 23:44:07.089  3403  3431 I PackageManager: /system/priv-app/CarrierConfig changed; collecting certs
12-13 23:44:07.090  3403  3429 I PackageManager: New shared user android.uid.shared: id=10005
12-13 23:44:07.097  3403  3430 I PackageManager: /system/priv-app/CellBroadcastReceiver changed; collecting certs
12-13 23:44:07.103  3403  3432 I PackageManager: /system/priv-app/ContactsProvider changed; collecting certs
12-13 23:44:07.113  3403  3429 I PackageManager: /system/priv-app/DataUsageProvider changed; collecting certs
12-13 23:44:07.115  3403  3434 W PackageParser: No actions in intent filter at /system/priv-app/Contacts/Contacts.apk Binary XML file line #301
12-13 23:44:07.116  3403  3434 I PackageManager: /system/priv-app/Contacts changed; collecting certs
12-13 23:44:07.117  3403  3433 I PackageManager: /system/priv-app/CyanogenSetupWizard changed; collecting certs
12-13 23:44:07.122  3403  3430 I PackageManager: /system/priv-app/DefaultContainerService changed; collecting certs
12-13 23:44:07.130  3403  3431 I PackageManager: /system/priv-app/ExternalStorageProvider changed; collecting certs
12-13 23:44:07.131  3403  3429 I PackageManager: /system/priv-app/DownloadProvider changed; collecting certs
12-13 23:44:07.138  3403  3429 I PackageManager: New shared user android.media: id=10010
12-13 23:44:07.140  3403  3430 I PackageManager: /system/priv-app/FusedLocation changed; collecting certs
12-13 23:44:07.145  3403  3431 I PackageManager: /system/priv-app/InputDevices changed; collecting certs
12-13 23:44:07.146  3403  3432 W PackageParser: No actions in intent filter at /system/priv-app/Dialer/Dialer.apk Binary XML file line #152
12-13 23:44:07.148  3403  3432 I PackageManager: /system/priv-app/Dialer changed; collecting certs
12-13 23:44:07.149  3403  3429 W PackageManager: Permission android.permission.DOWNLOAD_WITHOUT_NOTIFICATION from package com.android.providers.downloads in an unknown group android.permission-group.NETWORK
12-13 23:44:07.154  3403  3429 I PackageManager: /system/priv-app/LiveLockScreenService changed; collecting certs
12-13 23:44:07.163  3403  3430 I PackageManager: /system/priv-app/ManagedProvisioning changed; collecting certs
12-13 23:44:07.177  3403  3431 I PackageManager: /system/priv-app/MediaProvider changed; collecting certs
12-13 23:44:07.179  3403  3429 I PackageManager: /system/priv-app/MmsService changed; collecting certs
12-13 23:44:07.193  3403  3430 I PackageManager: /system/priv-app/OneTimeInitializer changed; collecting certs
12-13 23:44:07.203  3403  3430 I PackageManager: /system/priv-app/ProxyHandler changed; collecting certs
12-13 23:44:07.207  3403  3431 I PackageManager: /system/priv-app/Screencast changed; collecting certs
12-13 23:44:07.211  3403  3429 I PackageManager: /system/priv-app/PackageInstaller changed; collecting certs
12-13 23:44:07.231  3403  3431 I PackageManager: /system/priv-app/SettingsProvider changed; collecting certs
12-13 23:44:07.246  3403  3431 I PackageManager: /system/priv-app/SharedStorageBackup changed; collecting certs
12-13 23:44:07.260  3403  3433 I PackageManager: /system/priv-app/Shell changed; collecting certs
12-13 23:44:07.270  3403  3431 I PackageManager: /system/priv-app/StatementService changed; collecting certs
12-13 23:44:07.277  3403  3429 I PackageManager: /system/priv-app/Snap changed; collecting certs
12-13 23:44:07.337  3403  3433 I PackageManager: /system/priv-app/SystemUI changed; collecting certs
12-13 23:44:07.342  3403  3434 I PackageManager: /system/priv-app/Telecom changed; collecting certs
12-13 23:44:07.342  3403  3431 W PackageParser: Ignoring duplicate uses-permissions/uses-permissions-sdk-m: android.permission.ACCESS_WIFI_STATE in package: com.android.phone at: Binary XML file line #134
12-13 23:44:07.343  3403  3430 I PackageManager: /system/priv-app/Settings changed; collecting certs
12-13 23:44:07.355  3403  3431 I PackageManager: /system/priv-app/TeleService changed; collecting certs
12-13 23:44:07.366  3403  3434 I PackageManager: /system/priv-app/TelephonyProvider changed; collecting certs
