09-01 05:30:45.190  2931  2931 E         : Runtime and build version of gralloc private structure does not match. Errors will likely follow.
09-01 05:30:45.194  2931  2931 D gralloc : fb_post E
09-01 05:30:45.194  2931  2931 D gralloc : fb_post format=0x5
09-01 05:30:45.197  3975  4055 W PackageParser: No actions in intent filter at /system/priv-app/Dialer/Dialer.apk Binary XML file line #152
09-01 05:30:45.199  3975  4056 I PackageManager: SELinux relabeling of com.android.externalstorage issued.
09-01 05:30:45.205  3092  3129 E         : invalid gralloc handle (at 0x7f803e9300)
09-01 05:30:45.205  3092  3129 E         : Runtime and build version of gralloc private structure does not match. Errors will likely follow.
09-01 05:30:45.206  3975  4057 I PackageManager: SELinux relabeling of com.android.providers.downloads issued.
09-01 05:30:45.215  3975  4054 I PackageManager: SELinux relabeling of com.android.location.fused issued.
09-01 05:30:45.224  2931  2931 E         : invalid gralloc handle (at 0x7f99d165b0)
09-01 05:30:45.224  2931  2931 E         : Runtime and build version of gralloc private structure does not match. Errors will likely follow.
09-01 05:30:45.228  2931  2931 D gralloc : fb_post E
09-01 05:30:45.228  2931  2931 D gralloc : fb_post format=0x5
09-01 05:30:45.232  3975  4056 I PackageManager: SELinux relabeling of com.android.inputdevices issued.
09-01 05:30:45.232  3975  4057 W PackageManager: Permission android.permission.DOWNLOAD_WITHOUT_NOTIFICATION from package com.android.providers.downloads in an unknown group android.permission-group.NETWORK
09-01 05:30:45.239  3092  3129 E         : invalid gralloc handle (at 0x7f803e9380)
09-01 05:30:45.239  3092  3129 E         : Runtime and build version of gralloc private structure does not match. Errors will likely follow.
09-01 05:30:45.256  3975  4057 I PackageManager: SELinux relabeling of org.cyanogenmod.livelockscreen.service issued.
09-01 05:30:45.258  2931  2931 E         : invalid gralloc handle (at 0x7f99d16540)
09-01 05:30:45.258  2931  2931 E         : Runtime and build version of gralloc private structure does not match. Errors will likely follow.
09-01 05:30:45.262  2931  2931 D gralloc : fb_post E
09-01 05:30:45.262  2931  2931 D gralloc : fb_post format=0x5
09-01 05:30:45.263  3975  4054 I PackageManager: SELinux relabeling of com.android.managedprovisioning issued.
09-01 05:30:45.267  3975  4056 I PackageManager: SELinux relabeling of com.android.providers.media issued.
09-01 05:30:45.269  3975  4057 I PackageManager: SELinux relabeling of com.android.mms.service issued.
09-01 05:30:45.271  3092  3129 E         : invalid gralloc handle (at 0x7f803e9300)
09-01 05:30:45.271  3092  3129 E         : Runtime and build version of gralloc private structure does not match. Errors will likely follow.
09-01 05:30:45.275  2931  2931 E         : invalid gralloc handle (at 0x7f99d164d0)
09-01 05:30:45.275  2931  2931 E         : Runtime and build version of gralloc private structure does not match. Errors will likely follow.
09-01 05:30:45.278  3975  4054 I PackageManager: SELinux relabeling of com.android.onetimeinitializer issued.
09-01 05:30:45.279  2931  2931 D gralloc : fb_post E
09-01 05:30:45.279  2931  2931 D gralloc : fb_post format=0x5
09-01 05:30:45.280  3975  4057 I PackageManager: SELinux relabeling of com.android.proxyhandler issued.
09-01 05:30:45.295  3975  4058 I PackageManager: SELinux relabeling of com.cyanogenmod.setupwizard issued.
09-01 05:30:45.304  3975  4056 I PackageManager: SELinux relabeling of com.android.packageinstaller issued.
09-01 05:30:45.305  3092  3129 E         : invalid gralloc handle (at 0x7f803e9380)
09-01 05:30:45.305  3092  3129 E         : Runtime and build version of gralloc private structure does not match. Errors will likely follow.
09-01 05:30:45.309  2931  2931 E         : invalid gralloc handle (at 0x7f99d16460)
09-01 05:30:45.309  2931  2931 E         : Runtime and build version of gralloc private structure does not match. Errors will likely follow.
09-01 05:30:45.310  3975  4089 I PackageManager: SELinux relabeling of com.android.contacts issued.
09-01 05:30:45.312  3975  4054 I PackageManager: SELinux relabeling of org.cyanogenmod.screencast issued.
09-01 05:30:45.313  2931  2931 D gralloc : fb_post E
09-01 05:30:45.313  2931  2931 D gralloc : fb_post format=0x5
09-01 05:30:45.329  3975  4058 I PackageManager: SELinux relabeling of com.android.providers.settings issued.
09-01 05:30:45.338  3092  3129 E         : invalid gralloc handle (at 0x7f803e9300)
09-01 05:30:45.339  3092  3129 E         : Runtime and build version of gralloc private structure does not match. Errors will likely follow.
09-01 05:30:45.342  2931  2931 E         : invalid gralloc handle (at 0x7f99d163f0)
09-01 05:30:45.342  2931  2931 E         : Runtime and build version of gralloc private structure does not match. Errors will likely follow.
09-01 05:30:45.347  2931  2931 D gralloc : fb_post E
09-01 05:30:45.347  2931  2931 D gralloc : fb_post format=0x5
09-01 05:30:45.372  3092  3129 E         : invalid gralloc handle (at 0x7f803e9380)
09-01 05:30:45.372  3092  3129 E         : Runtime and build version of gralloc private structure does not match. Errors will likely follow.
09-01 05:30:45.376  3975  4056 I PackageManager: SELinux relabeling of com.android.sharedstoragebackup issued.
09-01 05:30:45.376  2931  2931 E         : invalid gralloc handle (at 0x7f99d165b0)
09-01 05:30:45.376  2931  2931 E         : Runtime and build version of gralloc private structure does not match. Errors will likely follow.
09-01 05:30:45.380  2931  2931 D gralloc : fb_post E
09-01 05:30:45.380  2931  2931 D gralloc : fb_post format=0x5
09-01 05:30:45.390  3975  4054 I PackageManager: SELinux relabeling of com.android.statementservice issued.
09-01 05:30:45.392  3975  4055 I PackageManager: SELinux relabeling of com.android.dialer issued.
09-01 05:30:45.392  3975  4089 I PackageManager: SELinux relabeling of com.android.shell issued.
09-01 05:30:45.406  3092  3129 E         : invalid gralloc handle (at 0x7f803e9300)
09-01 05:30:45.406  3092  3129 E         : Runtime and build version of gralloc private structure does not match. Errors will likely follow.
09-01 05:30:45.407  3975  3986 I art     : Background partial concurrent mark sweep GC freed 148256(9MB) AllocSpace objects, 43(2MB) LOS objects, 33% free, 31MB/47MB, paused 646us total 100.835ms
09-01 05:30:45.410  2931  2931 E         : invalid gralloc handle (at 0x7f99d16540)
09-01 05:30:45.410  2931  2931 E         : Runtime and build version of gralloc private structure does not match. Errors will likely follow.
09-01 05:30:45.411  3975  4056 W PackageParser: Ignoring duplicate uses-permissions/uses-permissions-sdk-m: android.permission.ACCESS_WIFI_STATE in package: com.android.phone at: Binary XML file line #132
09-01 05:30:45.414  2931  2931 D gralloc : fb_post E
09-01 05:30:45.414  2931  2931 D gralloc : fb_post format=0x5
09-01 05:30:45.426  3975  4089 I PackageManager: SELinux relabeling of com.android.providers.telephony issued.
09-01 05:30:45.428  3975  4054 I PackageManager: SELinux relabeling of com.android.server.telecom issued.
09-01 05:30:45.433  3975  4056 I PackageManager: SELinux relabeling of com.android.phone issued.
09-01 05:30:45.439  3092  3129 E         : invalid gralloc handle (at 0x7f803e9380)
09-01 05:30:45.439  3092  3129 E         : Runtime and build version of gralloc private structure does not match. Errors will likely follow.
09-01 05:30:45.444  2931  2931 E         : invalid gralloc handle (at 0x7f99d164d0)
09-01 05:30:45.444  2931  2931 E         : Runtime and build version of gralloc private structure does not match. Errors will likely follow.
09-01 05:30:45.448  3975  4055 I PackageManager: SELinux relabeling of org.cyanogenmod.theme.chooser issued.
09-01 05:30:45.448  2931  2931 D gralloc : fb_post E
09-01 05:30:45.448  2931  2931 D gralloc : fb_post format=0x5
09-01 05:30:45.454  3975  4089 I PackageManager: SELinux relabeling of org.cyanogenmod.themeservice issued.
09-01 05:30:45.467  3975  4058 I PackageManager: SELinux relabeling of com.android.systemui issued.
09-01 05:30:45.468  3975  4054 I PackageManager: SELinux relabeling of org.cyanogenmod.themes.provider issued.
09-01 05:30:45.472  3092  3129 E         : invalid gralloc handle (at 0x7f803e9300)
09-01 05:30:45.473  3092  3129 E         : Runtime and build version of gralloc private structure does not match. Errors will likely follow.
09-01 05:30:45.478  2931  2931 E         : invalid gralloc handle (at 0x7f99d16460)
09-01 05:30:45.478  2931  2931 E         : Runtime and build version of gralloc private structure does not match. Errors will likely follow.
09-01 05:30:45.479  3975  4055 I PackageManager: SELinux relabeling of com.android.vpndialogs issued.
09-01 05:30:45.482  2931  2931 D gralloc : fb_post E
09-01 05:30:45.482  2931  2931 D gralloc : fb_post format=0x5
09-01 05:30:45.482  3975  4089 I PackageManager: SELinux relabeling of com.android.wallpapercropper issued.
09-01 05:30:45.483  3975  4056 I PackageManager: SELinux relabeling of com.cyanogenmod.trebuchet issued.
09-01 05:30:45.487  3975  4056 W PackageManager: Permission com.android.launcher.permission.INSTALL_SHORTCUT from package com.cyanogenmod.trebuchet in an unknown group android.permission-group.SYSTEM_TOOLS
09-01 05:30:45.487  3975  4056 W PackageManager: Permission com.android.launcher3.permission.READ_SETTINGS from package com.cyanogenmod.trebuchet in an unknown group android.permission-group.SYSTEM_TOOLS
09-01 05:30:45.487  3975  4056 W PackageManager: Permission com.android.launcher3.permission.WRITE_SETTINGS from package com.cyanogenmod.trebuchet in an unknown group android.permission-group.SYSTEM_TOOLS
09-01 05:30:45.489  3975  4055 I PackageManager: SELinux relabeling of org.cyanogenmod.weather.provider issued.
09-01 05:30:45.489  3975  4054 I PackageManager: SELinux relabeling of org.cyanogenmod.weatherservice issued.
09-01 05:30:45.506  3092  3129 E         : invalid gralloc handle (at 0x7f803e9380)
09-01 05:30:45.506  3092  3129 E         : Runtime and build version of gralloc private structure does not match. Errors will likely follow.
09-01 05:30:45.512  2931  2931 E         : invalid gralloc handle (at 0x7f99d163f0)
09-01 05:30:45.512  2931  2931 E         : Runtime and build version of gralloc private structure does not match. Errors will likely follow.
09-01 05:30:45.516  2931  2931 D gralloc : fb_post E
09-01 05:30:45.516  2931  2931 D gralloc : fb_post format=0x5
09-01 05:30:45.524  3975  4057 I PackageManager: SELinux relabeling of com.android.settings issued.
09-01 05:30:45.532  3975  3975 D PackageManager: end scanDirLI:/system/priv-app
09-01 05:30:45.532  3975  3975 D PackageManager: start scanDirLI:/system/app
09-01 05:30:45.532  3975  3975 D PackageManager: max thread:6
09-01 05:30:45.540  3092  3129 E         : invalid gralloc handle (at 0x7f803e9300)
09-01 05:30:45.540  3092  3129 E         : Runtime and build version of gralloc private structure does not match. Errors will likely follow.
09-01 05:30:45.546  2931  2931 E         : invalid gralloc handle (at 0x7f99d165b0)
09-01 05:30:45.546  2931  2931 E         : Runtime and build version of gralloc private structure does not match. Errors will likely follow.
09-01 05:30:45.550  2931  2931 D gralloc : fb_post E
09-01 05:30:45.550  2931  2931 D gralloc : fb_post format=0x5
09-01 05:30:45.554  3975  4054 W PackageParser: No actions in intent filter at /system/app/CMFileManager/CMFileManager.apk Binary XML file line #164
09-01 05:30:45.556  3975  4058 I PackageManager: SELinux relabeling of com.android.dreams.basic issued.
09-01 05:30:45.557  3975  4056 I PackageManager: SELinux relabeling of com.android.bluetoothmidiservice issued.
09-01 05:30:45.559  3975  4089 W PackageParser: No actions in intent filter at /system/app/Bluetooth/Bluetooth.apk Binary XML file line #235
09-01 05:30:45.562  3975  4057 I PackageManager: SELinux relabeling of com.cyanogenmod.wallpapers issued.
09-01 05:30:45.567  3975  4089 I PackageManager: SELinux relabeling of com.android.bluetooth issued.
09-01 05:30:45.573  3092  3129 E         : invalid gralloc handle (at 0x7f803e9380)
09-01 05:30:45.573  3092  3129 E         : Runtime and build version of gralloc private structure does not match. Errors will likely follow.
09-01 05:30:45.580  2931  2931 E         : invalid gralloc handle (at 0x7f99d16540)
09-01 05:30:45.580  2931  2931 E         : Runtime and build version of gralloc private structure does not match. Errors will likely follow.
09-01 05:30:45.584  2931  2931 D gralloc : fb_post E
09-01 05:30:45.584  2931  2931 D gralloc : fb_post format=0x5
09-01 05:30:45.584  3975  4054 I PackageManager: SELinux relabeling of com.cyanogenmod.filemanager issued.
09-01 05:30:45.586  3975  4057 I PackageManager: SELinux relabeling of com.android.captiveportallogin issued.
09-01 05:30:45.591  3975  4055 I PackageManager: SELinux relabeling of com.android.browser issued.
09-01 05:30:45.607  3092  3129 E         : invalid gralloc handle (at 0x7f803e9300)
09-01 05:30:45.607  3092  3129 E         : Runtime and build version of gralloc private structure does not match. Errors will likely follow.
09-01 05:30:45.614  2931  2931 E         : invalid gralloc handle (at 0x7f99d164d0)
09-01 05:30:45.614  2931  2931 E         : Runtime and build version of gralloc private structure does not match. Errors will likely follow.
09-01 05:30:45.618  2931  2931 D gralloc : fb_post E
09-01 05:30:45.618  2931  2931 D gralloc : fb_post format=0x5
09-01 05:30:45.619  3975  4089 I PackageManager: SELinux relabeling of com.android.certinstaller issued.
09-01 05:30:45.619  3975  4058 I PackageManager: SELinux relabeling of com.android.calendar issued.
09-01 05:30:45.640  3092  3129 E         : invalid gralloc handle (at 0x7f803e9380)
09-01 05:30:45.640  3092  3129 E         : Runtime and build version of gralloc private structure does not match. Errors will likely follow.
09-01 05:30:45.640  3975  4054 I PackageManager: SELinux relabeling of com.android.development issued.
09-01 05:30:45.641  3975  4056 I PackageManager: SELinux relabeling of com.android.camera2 issued.
09-01 05:30:45.645  3975  4055 I PackageManager: SELinux relabeling of com.android.documentsui issued.
09-01 05:30:45.647  2931  2931 E         : invalid gralloc handle (at 0x7f99d16460)
09-01 05:30:45.648  2931  2931 E         : Runtime and build version of gralloc private structure does not match. Errors will likely follow.
09-01 05:30:45.648  3975  4058 I PackageManager: SELinux relabeling of com.android.providers.downloads.ui issued.
09-01 05:30:45.651  2931  2931 D gralloc : fb_post E
09-01 05:30:45.651  2931  2931 D gralloc : fb_post format=0x5
09-01 05:30:45.672  3975  4089 I PackageManager: SELinux relabeling of com.cyanogenmod.eleven issued.
09-01 05:30:45.674  3092  3129 E         : invalid gralloc handle (at 0x7f803e9300)
09-01 05:30:45.674  3092  3129 E         : Runtime and build version of gralloc private structure does not match. Errors will likely follow.
09-01 05:30:45.678  3975  4057 I PackageManager: SELinux relabeling of com.android.deskclock issued.
09-01 05:30:45.681  2931  2931 E         : invalid gralloc handle (at 0x7f99d163f0)
09-01 05:30:45.681  2931  2931 E         : Runtime and build version of gralloc private structure does not match. Errors will likely follow.
09-01 05:30:45.683  3975  4056 I PackageManager: SELinux relabeling of com.android.exchange issued.
09-01 05:30:45.685  2931  2931 D gralloc : fb_post E
09-01 05:30:45.685  2931  2931 D gralloc : fb_post format=0x5
09-01 05:30:45.687  3975  4055 I PackageManager: SELinux relabeling of com.android.calculator2 issued.
09-01 05:30:45.688  3975  4058 I PackageManager: SELinux relabeling of com.android.galaxy4 issued.
09-01 05:30:45.691  3975  4089 W PackageParser: Unknown element under <application>: permission at /system/app/Gallery2/Gallery2.apk Binary XML file line #278
09-01 05:30:45.691  3975  4089 W PackageParser: Unknown element under <application>: permission at /system/app/Gallery2/Gallery2.apk Binary XML file line #281
09-01 05:30:45.698  3975  4057 I PackageManager: SELinux relabeling of com.android.htmlviewer issued.
09-01 05:30:45.706  3975  4058 I PackageManager: SELinux relabeling of com.android.keychain issued.
09-01 05:30:45.707  3092  3129 E         : invalid gralloc handle (at 0x7f803e9380)
09-01 05:30:45.707  3092  3129 E         : Runtime and build version of gralloc private structure does not match. Errors will likely follow.
09-01 05:30:45.715  2931  2931 E         : invalid gralloc handle (at 0x7f99d165b0)
09-01 05:30:45.715  2931  2931 E         : Runtime and build version of gralloc private structure does not match. Errors will likely follow.
09-01 05:30:45.719  2931  2931 D gralloc : fb_post E
09-01 05:30:45.719  2931  2931 D gralloc : fb_post format=0x5
09-01 05:30:45.721  3975  4055 I PackageManager: SELinux relabeling of com.android.wallpaper.holospiral issued.
09-01 05:30:45.723  3975  4054 I PackageManager: SELinux relabeling of com.android.email issued.
09-01 05:30:45.724  3975  4089 I PackageManager: SELinux relabeling of com.android.gallery3d issued.
09-01 05:30:45.733  3975  4057 I PackageManager: SELinux relabeling of com.android.wallpaper issued.
09-01 05:30:45.740  3092  3129 E         : invalid gralloc handle (at 0x7f803e9300)
09-01 05:30:45.740  3092  3129 E         : Runtime and build version of gralloc private structure does not match. Errors will likely follow.
09-01 05:30:45.749  2931  2931 E         : invalid gralloc handle (at 0x7f99d16540)
09-01 05:30:45.749  2931  2931 E         : Runtime and build version of gralloc private structure does not match. Errors will likely follow.
09-01 05:30:45.753  2931  2931 D gralloc : fb_post E
09-01 05:30:45.753  2931  2931 D gralloc : fb_post format=0x5
09-01 05:30:45.753  3975  4055 I PackageManager: SELinux relabeling of com.android.wallpaper.livepicker issued.
09-01 05:30:45.755  3975  4056 I PackageManager: SELinux relabeling of org.cyanogenmod.hexolibre issued.
09-01 05:30:45.774  3092  3129 E         : invalid gralloc handle (at 0x7f803e9380)
09-01 05:30:45.774  3092  3129 E         : Runtime and build version of gralloc private structure does not match. Errors will likely follow.
09-01 05:30:45.782  3975  4054 I PackageManager: SELinux relabeling of com.android.noisefield issued.
09-01 05:30:45.783  3975  4057 I PackageManager: SELinux relabeling of com.android.pacprocessor issued.
09-01 05:30:45.783  2931  2931 E         : invalid gralloc handle (at 0x7f99d164d0)
09-01 05:30:45.783  2931  2931 E         : Runtime and build version of gralloc private structure does not match. Errors will likely follow.
09-01 05:30:45.787  2931  2931 D gralloc : fb_post E
09-01 05:30:45.787  2931  2931 D gralloc : fb_post format=0x5
09-01 05:30:45.798  3975  4089 I PackageManager: SELinux relabeling of com.cyanogenmod.lockclock issued.
09-01 05:30:45.799  3975  4054 I PackageManager: SELinux relabeling of com.android.dreams.phototable issued.
09-01 05:30:45.806  3975  4055 I PackageManager: SELinux relabeling of com.android.phasebeam issued.
09-01 05:30:45.807  3092  3129 E         : invalid gralloc handle (at 0x7f803e9300)
09-01 05:30:45.807  3092  3129 E         : Runtime and build version of gralloc private structure does not match. Errors will likely follow.
09-01 05:30:45.808  3975  4057 I PackageManager: SELinux relabeling of com.svox.pico issued.
09-01 05:30:45.813  3975  4056 I PackageManager: SELinux relabeling of org.cyanogenmod.wallpapers.photophase issued.
09-01 05:30:45.817  2931  2931 E         : invalid gralloc handle (at 0x7f99d16460)
09-01 05:30:45.817  2931  2931 E         : Runtime and build version of gralloc private structure does not match. Errors will likely follow.
09-01 05:30:45.817  3975  4089 I PackageManager: SELinux relabeling of com.android.printspooler issued.
09-01 05:30:45.820  3975  4054 I PackageManager: SELinux relabeling of org.cyanogenmod.profiles issued.
09-01 05:30:45.821  3975  4056 I PackageManager: SELinux relabeling of com.android.provision issued.
09-01 05:30:45.821  2931  2931 D gralloc : fb_post E
09-01 05:30:45.821  2931  2931 D gralloc : fb_post format=0x5
09-01 05:30:45.823  3975  4055 I PackageManager: SELinux relabeling of com.gd.mobicore.pa issued.
09-01 05:30:45.841  3092  3129 E         : invalid gralloc handle (at 0x7f803e9380)
09-01 05:30:45.841  3092  3129 E         : Runtime and build version of gralloc private structure does not match. Errors will likely follow.
09-01 05:30:45.851  2931  2931 E         : invalid gralloc handle (at 0x7f99d163f0)
09-01 05:30:45.851  2931  2931 E         : Runtime and build version of gralloc private structure does not match. Errors will likely follow.
09-01 05:30:45.855  2931  2931 D gralloc : fb_post E
09-01 05:30:45.855  2931  2931 D gralloc : fb_post format=0x5
09-01 05:30:45.860  3975  4057 I PackageManager: SELinux relabeling of com.cyanogenmod.samsungservicemode issued.
09-01 05:30:45.861  3975  4058 I PackageManager: SELinux relabeling of com.android.inputmethod.latin issued.
09-01 05:30:45.862  3975  4056 I PackageManager: SELinux relabeling of com.android.soundrecorder issued.
09-01 05:30:45.864  3975  4055 I PackageManager: SELinux relabeling of com.android.terminal issued.
09-01 05:30:45.874  3092  3129 E         : invalid gralloc handle (at 0x7f803e9300)
09-01 05:30:45.874  3092  3129 E         : Runtime and build version of gralloc private structure does not match. Errors will likely follow.
09-01 05:30:45.875  3975  4054 I PackageManager: SELinux relabeling of com.android.providers.userdictionary issued.
09-01 05:30:45.876  3975  4089 I PackageManager: SELinux relabeling of com.android.stk issued.
09-01 05:30:45.876  3975  4057 I PackageManager: SELinux relabeling of com.android.smspush issued.
09-01 05:30:45.884  3975  4055 W PackageManager: Failed to parse /system/app/mcRegistry: Missing base APK in /system/app/mcRegistry
09-01 05:30:45.885  2931  2931 E         : invalid gralloc handle (at 0x7f99d165b0)
09-01 05:30:45.885  2931  2931 E         : Runtime and build version of gralloc private structure does not match. Errors will likely follow.
09-01 05:30:45.886  3975  4058 I PackageManager: SELinux relabeling of org.cyanogenmod.wallpaperpicker issued.
09-01 05:30:45.889  2931  2931 D gralloc : fb_post E
09-01 05:30:45.889  2931  2931 D gralloc : fb_post format=0x5
09-01 05:30:45.890  3975  4089 I PackageManager: SELinux relabeling of com.android.frameworks.telresources issued.
09-01 05:30:45.896  3975  4057 I PackageManager: SELinux relabeling of com.android.webview issued.
09-01 05:30:45.908  3092  3129 E         : invalid gralloc handle (at 0x7f803e9380)
09-01 05:30:45.908  3092  3129 E         : Runtime and build version of gralloc private structure does not match. Errors will likely follow.
09-01 05:30:45.919  2931  2931 E         : invalid gralloc handle (at 0x7f99d16540)
09-01 05:30:45.919  2931  2931 E         : Runtime and build version of gralloc private structure does not match. Errors will likely follow.
09-01 05:30:45.923  2931  2931 D gralloc : fb_post E
09-01 05:30:45.923  2931  2931 D gralloc : fb_post format=0x5
09-01 05:30:45.941  3092  3129 E         : invalid gralloc handle (at 0x7f803e9300)
09-01 05:30:45.941  3092  3129 E         : Runtime and build version of gralloc private structure does not match. Errors will likely follow.
09-01 05:30:45.953  2931  2931 E         : invalid gralloc handle (at 0x7f99d164d0)
09-01 05:30:45.953  2931  2931 E         : Runtime and build version of gralloc private structure does not match. Errors will likely follow.
09-01 05:30:45.957  2931  2931 D gralloc : fb_post E
09-01 05:30:45.957  2931  2931 D gralloc : fb_post format=0x5
09-01 05:30:45.965  3975  4055 I PackageManager: SELinux relabeling of com.android.messaging issued.
09-01 05:30:45.969  3975  3975 D PackageManager: end scanDirLI:/system/app
09-01 05:30:45.969  3975  3975 D PackageManager: No files in app dir /system/vendor/app
09-01 05:30:45.969  3975  3975 D PackageManager: No files in app dir /oem/app
09-01 05:30:45.969  3975  3975 D PackageManager: No files in app dir /vendor/bundled-app
09-01 05:30:45.970  3975  3975 D PackageManager: start scanDirLI:/data/app
09-01 05:30:45.970  3975  3975 D PackageManager: max thread:6
09-01 05:30:45.970  3975  4056 W PackageManager: Failed to parse /data/app/mcRegistry: Missing base APK in /data/app/mcRegistry
09-01 05:30:45.970  3975  3975 D PackageManager: end scanDirLI:/data/app
09-01 05:30:45.970  3975  3975 D PackageManager: No files in app dir /data/app-private
09-01 05:30:45.970  3975  3975 W PackageManager: Package com.android.dialer desires unavailable shared library com.qualcomm.qti.smartsearch; ignoring!
09-01 05:30:45.970  3975  3975 W PackageManager: Package com.android.gallery3d desires unavailable shared library com.google.android.media.effects; ignoring!
09-01 05:30:45.970  3975  3975 W PackageManager: Package com.android.gallery3d desires unavailable shared library com.google.android.media.effects; ignoring!
09-01 05:30:45.970  3975  3975 I PackageManager: Adjusting ABI for : com.android.development to arm64-v8a
09-01 05:30:45.971  3975  3975 I PackageManager: Adjusting ABI for : com.android.inputdevices to arm64-v8a
09-01 05:30:45.971  3975  3975 I PackageManager: Adjusting ABI for : com.android.providers.settings to arm64-v8a
09-01 05:30:45.971  3975  3975 I PackageManager: Adjusting ABI for : com.cyanogenmod.setupwizard to arm64-v8a
09-01 05:30:45.971  3975  3975 I PackageManager: Adjusting ABI for : org.cyanogenmod.providers.datausage to arm64-v8a
09-01 05:30:45.971  3975  3975 I PackageManager: Adjusting ABI for : com.android.keychain to arm64-v8a
09-01 05:30:45.971  3975  3975 I PackageManager: Adjusting ABI for : com.android.server.telecom to arm64-v8a
09-01 05:30:45.971  3975  3975 I PackageManager: Adjusting ABI for : com.android.location.fused to arm64-v8a
09-01 05:30:45.971  3975  3975 I PackageManager: Adjusting ABI for : com.android.settings to arm64-v8a
09-01 05:30:45.971  3975  3975 I PackageManager: Adjusting ABI for : org.cyanogenmod.cmsettings to arm64-v8a
09-01 05:30:45.971  3975  3975 I PackageManager: Adjusting ABI for : cyanogenmod.platform to arm64-v8a
09-01 05:30:45.972  2942  2942 E installd: invalid apk path '/system/framework/org.cyanogenmod.platform-res.apk' (bad prefix)
09-01 05:30:45.972  3975  3975 I PackageManager: Time to scan packages: 0.992 seconds
09-01 05:30:45.972  3975  3975 W PackageManager: Unknown permission com.google.android.googleapps.permission.GOOGLE_AUTH in package com.android.providers.calendar
09-01 05:30:45.972  3975  3975 W PackageManager: Unknown permission com.google.android.googleapps.permission.GOOGLE_AUTH.cl in package com.android.providers.calendar
09-01 05:30:45.972  3975  3975 W PackageManager: Not granting permission android.permission.REAL_GET_TASKS to package org.cyanogenmod.wallpapers.photophase (protectionLevel=18 flags=0x3818be45)
09-01 05:30:45.972  3975  3975 W PackageManager: Unknown permission com.cyanogen.ambient.permission.BIND_CALLER_INFO in package com.android.messaging
09-01 05:30:45.973  3975  3975 W PackageManager: Not granting permission android.permission.ACCESS_DOWNLOAD_MANAGER to package com.android.browser (protectionLevel=18 flags=0x3849be45)
09-01 05:30:45.973  3975  3975 W PackageManager: Not granting permission android.permission.SEND_DOWNLOAD_COMPLETED_INTENTS to package com.android.browser (protectionLevel=2 flags=0x3849be45)
09-01 05:30:45.973  3975  3975 W PackageManager: Unknown permission com.cyngn.stats.SEND_ANALYTICS in package com.cyanogenmod.setupwizard
09-01 05:30:45.973  3975  3975 W PackageManager: Unknown permission com.cyanogen.permission.REQUEST_KILL_SWITCH_OP in package com.cyanogenmod.setupwizard
09-01 05:30:45.973  3975  3975 W PackageManager: Unknown permission com.cyanogen.ambient.permission.BIND_INCALL_SERVICE in package com.android.contacts
09-01 05:30:45.973  3975  3975 W PackageManager: Unknown permission com.cyanogen.ambient.permission.PLUGIN_STATUS_CHANGED in package com.android.contacts
09-01 05:30:45.973  3975  3975 W PackageManager: Unknown permission com.cyanogen.ambient.permission.BIND_CALLER_INFO in package com.android.contacts
09-01 05:30:45.973  3975  3975 W PackageManager: Unknown permission com.google.android.googleapps.permission.GOOGLE_AUTH.mail in package com.android.calendar
09-01 05:30:45.973  3975  3975 W PackageManager: Unknown permission com.android.launcher.permission.READ_SETTINGS in package com.android.onetimeinitializer
09-01 05:30:45.973  3975  3975 W PackageManager: Unknown permission com.android.launcher.permission.WRITE_SETTINGS in package com.android.onetimeinitializer
09-01 05:30:45.973  3975  3975 W PackageManager: Unknown permission com.cyanogen.ambient.permission.BIND_INCALL_SERVICE in package com.android.dialer
09-01 05:30:45.973  3975  3975 W PackageManager: Unknown permission com.cyanogen.ambient.permission.PLUGIN_STATUS_CHANGED in package com.android.dialer
09-01 05:30:45.973  3975  3975 W PackageManager: Unknown permission com.cyanogen.ambient.permission.PUBLISH_DISCOVERY_NUDGE in package com.android.dialer
09-01 05:30:45.973  3975  3975 W PackageManager: Unknown permission com.cyanogen.ambient.permission.BIND_DEEPLINK_SERVICE in package com.android.dialer
09-01 05:30:45.973  3975  3975 W PackageManager: Unknown permission com.cyanogen.ambient.permission.READ_DEEPLINK_DATABASE in package com.android.dialer
09-01 05:30:45.973  3975  3975 W PackageManager: Unknown permission com.cyanogen.ambient.permission.BIND_CALLER_INFO in package com.android.dialer
09-01 05:30:45.973  3975  3975 W PackageManager: Unknown permission com.android.launcher.permission.READ_SETTINGS in package com.cyanogenmod.trebuchet
09-01 05:30:45.973  3975  3975 W PackageManager: Unknown permission com.android.launcher.permission.WRITE_SETTINGS in package com.cyanogenmod.trebuchet
09-01 05:30:45.973  3975  3975 W PackageManager: Unknown permission com.cyngn.stats.SEND_ANALYTICS in package com.cyanogenmod.trebuchet
09-01 05:30:45.973  3975  3975 W PackageManager: Unknown permission android.permission.CANCEL_NOTIFICATIONS in package org.cyanogenmod.theme.chooser
09-01 05:30:45.973  3975  3975 W PackageManager: Unknown permission com.google.android.permission.INSTALL_WEARABLE_PACKAGES in package com.android.packageinstaller
09-01 05:30:45.974  3975  3975 W PackageManager: Not granting permission android.permission.DELETE_PACKAGES to package com.svox.pico (protectionLevel=18 flags=0x3808be45)
09-01 05:30:45.974  3975  3975 W PackageManager: Unknown permission android.permission.ACCESS_SUPERUSER in package com.cyanogenmod.filemanager
09-01 05:30:45.974  3975  3975 W PackageManager: Unknown permission com.cyanogenmod.filemanager.permissions.READ_THEME in package com.cyanogenmod.filemanager
09-01 05:30:45.974  3975  3975 W PackageManager: Unknown permission com.google.android.gallery3d.permission.PICASA_STORE in package com.android.dreams.phototable
09-01 05:30:45.974  3975  3975 W PackageManager: Unknown permission com.google.android.googleapps.permission.GOOGLE_AUTH in package com.android.settings
09-01 05:30:45.974  3975  3975 W PackageManager: Unknown permission com.android.launcher.permission.READ_SETTINGS in package com.android.settings
09-01 05:30:45.974  3975  3975 W PackageManager: Unknown permission com.android.launcher.permission.WRITE_SETTINGS in package com.android.settings
09-01 05:30:45.974  3975  3975 W PackageManager: Not granting permission android.permission.REAL_GET_TASKS to package com.cyanogenmod.eleven (protectionLevel=18 flags=0x3818be65)
09-01 05:30:45.974  3975  3975 W PackageManager: Unknown permission com.google.android.gallery3d.permission.GALLERY_PROVIDER in package com.android.bluetooth
09-01 05:30:45.975  3975  3975 W PackageManager: Unknown permission com.google.android.googleapps.permission.ACCESS_GOOGLE_PASSWORD in package com.android.development
09-01 05:30:45.975  3975  3975 W PackageManager: Unknown permission com.google.android.googleapps.permission.GOOGLE_AUTH in package com.android.development
09-01 05:30:45.975  3975  3975 W PackageManager: Unknown permission com.google.android.googleapps.permission.GOOGLE_AUTH.ALL_SERVICES in package com.android.development
09-01 05:30:45.975  3975  3975 W PackageManager: Unknown permission com.google.android.googleapps.permission.GOOGLE_AUTH.YouTubeUser in package com.android.development
09-01 05:30:45.975  3092  3129 E         : invalid gralloc handle (at 0x7f803e9380)
09-01 05:30:45.975  3092  3129 E         : Runtime and build version of gralloc private structure does not match. Errors will likely follow.
09-01 05:30:45.975  3975  3975 V PackageManager: Disabling com.google.android.gsf/com.google.android.gsf.update.SystemUpdateActivity
09-01 05:30:45.975  3975  3975 W PackageManager: Unable to disable com.google.android.gsf/com.google.android.gsf.update.SystemUpdateActivity
09-01 05:30:45.975  3975  3975 V PackageManager: Disabling com.google.android.gsf/com.google.android.gsf.update.SystemUpdateService$Receiver
09-01 05:30:45.975  3975  3975 W PackageManager: Unable to disable com.google.android.gsf/com.google.android.gsf.update.SystemUpdateService$Receiver
09-01 05:30:45.975  3975  3975 V PackageManager: Disabling com.google.android.gsf/com.google.android.gsf.update.SystemUpdateService$SecretCodeReceiver
09-01 05:30:45.975  3975  3975 W PackageManager: Unable to disable com.google.android.gsf/com.google.android.gsf.update.SystemUpdateService$SecretCodeReceiver
09-01 05:30:45.975  3975  3975 V PackageManager: Disabling com.google.android.gms/com.google.android.gms.update.SystemUpdateActivity
09-01 05:30:45.975  3975  3975 W PackageManager: Unable to disable com.google.android.gms/com.google.android.gms.update.SystemUpdateActivity
09-01 05:30:45.975  3975  3975 V PackageManager: Disabling com.google.android.gms/com.google.android.gms.update.SystemUpdateService$Receiver
09-01 05:30:45.975  3975  3975 W PackageManager: Unable to disable com.google.android.gms/com.google.android.gms.update.SystemUpdateService$Receiver
09-01 05:30:45.975  3975  3975 V PackageManager: Disabling com.google.android.gms/com.google.android.gms.update.SystemUpdateService$ActiveReceiver
09-01 05:30:45.975  3975  3975 W PackageManager: Unable to disable com.google.android.gms/com.google.android.gms.update.SystemUpdateService$ActiveReceiver
09-01 05:30:45.975  3975  3975 V PackageManager: Disabling com.google.android.gms/com.google.android.gms.update.SystemUpdateService$SecretCodeReceiver
09-01 05:30:45.975  3975  3975 W PackageManager: Unable to disable com.google.android.gms/com.google.android.gms.update.SystemUpdateService$SecretCodeReceiver
09-01 05:30:45.975  3975  3975 V PackageManager: Enabling com.google.android.gsf/com.google.android.gsf.update.SystemUpdateService
09-01 05:30:45.975  3975  3975 W PackageManager: Unable to enable com.google.android.gsf/com.google.android.gsf.update.SystemUpdateService
09-01 05:30:45.975  3975  3975 V PackageManager: Enabling com.google.android.gms/com.google.android.gms.update.SystemUpdateService
09-01 05:30:45.975  3975  3975 W PackageManager: Unable to enable com.google.android.gms/com.google.android.gms.update.SystemUpdateService
09-01 05:30:45.986  2931  2931 E         : invalid gralloc handle (at 0x7f99d16460)
09-01 05:30:45.987  2931  2931 E         : Runtime and build version of gralloc private structure does not match. Errors will likely follow.
09-01 05:30:45.990  2931  2931 D gralloc : fb_post E
09-01 05:30:45.990  2931  2931 D gralloc : fb_post format=0x5
09-01 05:30:46.008  3092  3129 E         : invalid gralloc handle (at 0x7f803e9300)
09-01 05:30:46.008  3092  3129 E         : Runtime and build version of gralloc private structure does not match. Errors will likely follow.
09-01 05:30:46.020  2931  2931 E         : invalid gralloc handle (at 0x7f99d163f0)
09-01 05:30:46.020  2931  2931 E         : Runtime and build version of gralloc private structure does not match. Errors will likely follow.
09-01 05:30:46.021  3975  3975 I art     : Starting a blocking GC Explicit
09-01 05:30:46.024  2931  2931 D gralloc : fb_post E
09-01 05:30:46.024  2931  2931 D gralloc : fb_post format=0x5
09-01 05:30:46.041  3092  3129 E         : invalid gralloc handle (at 0x7f803e9380)
09-01 05:30:46.041  3092  3129 E         : Runtime and build version of gralloc private structure does not match. Errors will likely follow.
09-01 05:30:46.046  3975  3975 I art     : Explicit concurrent mark sweep GC freed 241000(14MB) AllocSpace objects, 53(3MB) LOS objects, 33% free, 27MB/41MB, paused 196us total 25.358ms
09-01 05:30:46.047  3975  3975 I SystemServer: User Service
09-01 05:30:46.050  2929  2929 I lowmemorykiller: ActivityManager connected
09-01 05:30:46.051  3975  4091 I         : System server: starting sensor init.
09-01 05:30:46.051  3975  4091 D SensorService: nuSensorService starting...
09-01 05:30:46.051  3975  3975 I SystemServiceManager: Starting com.android.server.BatteryService
09-01 05:30:46.053  3975  4091 I Sensors : getName:gyro_sensor name = K6DS3TR.
09-01 05:30:46.053  3975  4091 I Sensors : Proximity old sensor_state 0, new sensor_state : 128 en : 1
09-01 05:30:46.054  3975  3975 I SystemServiceManager: Starting com.android.server.usage.UsageStatsService
09-01 05:30:46.054  2931  2931 E         : invalid gralloc handle (at 0x7f99d165b0)
09-01 05:30:46.054  2931  2931 E         : Runtime and build version of gralloc private structure does not match. Errors will likely follow.
09-01 05:30:46.058  2931  2931 D gralloc : fb_post E
09-01 05:30:46.058  2931  2931 D gralloc : fb_post format=0x5
09-01 05:30:46.063  3975  3975 I UsageStatsService: User[0] Rollover scheduled @ 2016-09-02 00:00:00(1472774400000)
09-01 05:30:46.063  3975  3975 I SystemServiceManager: Starting com.android.server.webkit.WebViewUpdateService
09-01 05:30:46.063  3975  4091 I Sensors : Light old sensor_state 128, new sensor_state : 640 en : 1
09-01 05:30:46.064  3975  3975 I SystemServer: Reading configuration...
09-01 05:30:46.064  3975  3975 I SystemServer: Scheduling Policy
09-01 05:30:46.064  3975  3975 I SystemServiceManager: Starting com.android.server.telecom.TelecomLoaderService
09-01 05:30:46.064  3975  3975 I SystemServer: Telephony Registry
09-01 05:30:46.066  3975  3975 I SystemServer: Entropy Mixer
09-01 05:30:46.068  3975  4091 I Sensors : Light_IR old sensor_state 640, new sensor_state : 16777856 en : 1
09-01 05:30:46.068  3975  4091 E Sensors : Light_IR_Sensor write failed. ret = -1, sensor_state = 16777856
09-01 05:30:46.069  3975  4091 I Sensors : SigMotionSensor old sensor_state 640, new sensor_state : 17024 en : 1
09-01 05:30:46.074  3975  4091 I Sensors : getName:gyro_sensor name = K6DS3TR.
09-01 05:30:46.075  3092  3129 E         : invalid gralloc handle (at 0x7f803e9300)
09-01 05:30:46.075  3092  3129 E         : Runtime and build version of gralloc private structure does not match. Errors will likely follow.
09-01 05:30:46.075  3975  4091 I Sensors : StepCounterSensor old sensor_state 17024, new sensor_state : 279168 en : 1
09-01 05:30:46.075  3975  4091 E Sensors : StepCounterSensor write failed. ret = -1, sensor_state = 279168
09-01 05:30:46.075  3975  4091 I Sensors : Int.Gyro old sensor_state 17024, new sensor_state : 33571456 en : 1
09-01 05:30:46.075  3975  4091 E Sensors : Int.GyroSensor write failed. ret = -1, sensor_state = 33571456
09-01 05:30:46.075  3975  4091 I Sensors : getName:gyro_sensor name = K6DS3TR.
09-01 05:30:46.075  3975  4091 I Sensors : HrmSpO2Sensor:: part type = 12.
09-01 05:30:46.075  3975  4091 D Sensors : HrmSpO2Sensor::type:12, prox threshold:10000
09-01 05:30:46.075  3975  4091 D Sensors : HrmSpO2Sensor::handle:0 ,en:1
09-01 05:30:46.075  3975  4091 E Sensors : HrmSpO2Sensor::Error MAXIM Flicker Library...handle=0x0
09-01 05:30:46.075  3975  4091 D Sensors : HrmSpO2Sensor::HrmSpO2Sensor: Shared version Registered
09-01 05:30:46.075  3975  4091 D Sensors : HrmLedSensor enable: mEnabled 0, handle 20, en 1
09-01 05:30:46.075  3975  4091 D Sensors : HRMSensor led enabled:1, en:1
09-01 05:30:46.080  3975  4091 I Sensors : getVendor:hrm_sensor vendor = MAXIM.
09-01 05:30:46.080  3975  4091 I Sensors : HrmLedSensor: HrmLedSensor vendor = MAXIM.
09-01 05:30:46.080  3975  4091 D Sensors : HRMSensor_LED::libhr open start!! 
09-01 05:30:46.080  3975  4091 E Sensors : HRMSensor_LED::libhr open failed 
09-01 05:30:46.080  3975  4091 E Sensors : GripSensor: enable
09-01 05:30:46.084  3975  3975 I EntropyMixer: Added HW RNG output to entropy pool
09-01 05:30:46.084  3975  3975 I EntropyMixer: Writing entropy...
09-01 05:30:46.088  2931  2931 E         : invalid gralloc handle (at 0x7f99d16540)
09-01 05:30:46.088  2931  2931 E         : Runtime and build version of gralloc private structure does not match. Errors will likely follow.
09-01 05:30:46.092  2931  2931 D gralloc : fb_post E
09-01 05:30:46.092  2931  2931 D gralloc : fb_post format=0x5
09-01 05:30:46.097  3975  3975 I SystemServer: Camera Service
09-01 05:30:46.097  3975  3975 I SystemServiceManager: Starting com.android.server.camera.CameraService
09-01 05:30:46.098  3975  4092 I ServiceThread: Enabled StrictMode logging for CameraService_proxy looper.
09-01 05:30:46.098  3975  3975 I SystemServer: Account Manager
09-01 05:30:46.100  3975  3975 I SystemServer: Content Manager
09-01 05:30:46.100  3975  3975 I SystemServer: System Content Providers
09-01 05:30:46.102  3975  3975 W System  : ClassLoader referenced unknown path: /system/priv-app/CMSettingsProvider/lib/arm64
09-01 05:30:46.103  3975  4091 I Sensors : Proximity old sensor_state 17024, new sensor_state : 16896 en : 0
09-01 05:30:46.103  3975  4091 I Sensors : Light old sensor_state 16896, new sensor_state : 16384 en : 0
09-01 05:30:46.103  3975  4091 I Sensors : SigMotionSensor old sensor_state 16384, new sensor_state : 0 en : 0
09-01 05:30:46.103  3975  4091 E Sensors : GripSensor: enable
09-01 05:30:46.103  3975  4091 D Sensors : HrmSpO2Sensor::handle:19 ,en:0
09-01 05:30:46.103  3975  4091 D Sensors : HrmSpO2Sensor::isEnabled:0 ,en:0, mEn:0
09-01 05:30:46.103  3975  4091 D Sensors : HrmSpO2Sensor::handle:28 ,en:0
09-01 05:30:46.103  3975  4091 D Sensors : HrmSpO2Sensor::isEnabled:0 ,en:0, mEn:0
09-01 05:30:46.103  3975  4091 D Sensors : HrmLedSensor enable: mEnabled 1, handle 20, en 0
09-01 05:30:46.104  3975  4091 D Sensors : HRMSensor_LED::enable 
09-01 05:30:46.104  3975  4091 D Sensors : HRMSensor led enabled:0, en:0
09-01 05:30:46.104  3975  4091 D Sensors : HrmLedSensor enable: mEnabled 0, handle 21, en 0
09-01 05:30:46.104  3975  4091 D Sensors : HrmLedSensor isEnabled:0 ,en:0
09-01 05:30:46.104  3975  4091 D Sensors : HrmSpO2Sensor::handle:18 ,en:0
09-01 05:30:46.104  3975  4091 D Sensors : HrmSpO2Sensor::isEnabled:0 ,en:0, mEn:0
09-01 05:30:46.105  3975  4091 I         : System server: sensor init done.
09-01 05:30:46.105  3975  4093 D SensorService: new thread SensorEventAckReceiver
09-01 05:30:46.106  3975  4094 D SensorService: nuSensorService thread starting...
09-01 05:30:46.107  3975  3975 W System  : ClassLoader referenced unknown path: /system/priv-app/SettingsProvider/lib/arm64
09-01 05:30:46.109  3092  3129 E         : invalid gralloc handle (at 0x7f803e9380)
09-01 05:30:46.109  3092  3129 E         : Runtime and build version of gralloc private structure does not match. Errors will likely follow.
09-01 05:30:46.114  3975  3975 I SystemServer: Vibrator Service
09-01 05:30:46.116  3975  3975 I SystemServer: Consumer IR Service
09-01 05:30:46.116  3975  3975 E ConsumerIrService: Can't open consumer IR HW Module, error: -2
09-01 05:30:46.116  3975  3975 E System  : ******************************************
09-01 05:30:46.116  3975  3975 E System  : ************ Failure starting core service
09-01 05:30:46.116  3975  3975 E System  : java.lang.RuntimeException: FEATURE_CONSUMER_IR present, but no IR HAL loaded!
09-01 05:30:46.116  3975  3975 E System  : 	at com.android.server.ConsumerIrService.<init>(ConsumerIrService.java:51)
09-01 05:30:46.116  3975  3975 E System  : 	at com.android.server.SystemServer.startOtherServices(SystemServer.java:509)
09-01 05:30:46.116  3975  3975 E System  : 	at com.android.server.SystemServer.run(SystemServer.java:291)
09-01 05:30:46.116  3975  3975 E System  : 	at com.android.server.SystemServer.main(SystemServer.java:176)
09-01 05:30:46.116  3975  3975 E System  : 	at java.lang.reflect.Method.invoke(Native Method)
09-01 05:30:46.116  3975  3975 E System  : 	at com.android.internal.os.ZygoteInit$MethodAndArgsCaller.run(ZygoteInit.java:726)
09-01 05:30:46.116  3975  3975 E System  : 	at com.android.internal.os.ZygoteInit.main(ZygoteInit.java:616)
09-01 05:30:46.116  3975  3975 I SystemServer: Input Method Service
09-01 05:30:46.122  2931  2931 E         : invalid gralloc handle (at 0x7f99d164d0)
09-01 05:30:46.122  2931  2931 E         : Runtime and build version of gralloc private structure does not match. Errors will likely follow.
09-01 05:30:46.126  2931  2931 D gralloc : fb_post E
09-01 05:30:46.126  2931  2931 D gralloc : fb_post format=0x5
09-01 05:30:46.136  3975  3975 W InputMethodManagerService: No IME selected. Choose the most applicable IME.
09-01 05:30:46.136  3975  3975 I InputMethodManagerService: Default found, using com.android.inputmethod.latin/.LatinIME
09-01 05:30:46.137  3975  3975 I SystemServer: Accessibility Manager
09-01 05:30:46.139  3975  3975 W SystemServer: ***********************************************
09-01 05:30:46.139  3975  3975 E SystemServer: BOOT FAILURE making display ready
09-01 05:30:46.139  3975  3975 E SystemServer: java.lang.NullPointerException: Attempt to invoke virtual method 'void com.android.server.wm.WindowManagerService.displayReady()' on a null object reference
09-01 05:30:46.139  3975  3975 E SystemServer: 	at com.android.server.SystemServer.startOtherServices(SystemServer.java:591)
09-01 05:30:46.139  3975  3975 E SystemServer: 	at com.android.server.SystemServer.run(SystemServer.java:291)
09-01 05:30:46.139  3975  3975 E SystemServer: 	at com.android.server.SystemServer.main(SystemServer.java:176)
09-01 05:30:46.139  3975  3975 E SystemServer: 	at java.lang.reflect.Method.invoke(Native Method)
09-01 05:30:46.139  3975  3975 E SystemServer: 	at com.android.internal.os.ZygoteInit$MethodAndArgsCaller.run(ZygoteInit.java:726)
09-01 05:30:46.139  3975  3975 E SystemServer: 	at com.android.internal.os.ZygoteInit.main(ZygoteInit.java:616)
09-01 05:30:46.139  3975  3975 I SystemServiceManager: Starting com.android.server.MountService$Lifecycle
09-01 05:30:46.142  3092  3129 E         : invalid gralloc handle (at 0x7f803e9300)
09-01 05:30:46.142  3092  3129 E         : Runtime and build version of gralloc private structure does not match. Errors will likely follow.
09-01 05:30:46.142  3975  4097 D MountService: Thinking about reset, mSystemReady=false, mDaemonConnected=true
09-01 05:30:46.142  3975  3975 I SystemServiceManager: Starting com.android.server.UiModeManagerService
09-01 05:30:46.142  3975  4097 D MountService: Thinking about reset, mSystemReady=false, mDaemonConnected=true
09-01 05:30:46.143  3975  4097 D CryptdConnector: SND -> {1 cryptfs getfield SystemLocale}
09-01 05:30:46.143  2918  2956 I Ext4Crypt: ext4 crypto complete called on /data
09-01 05:30:46.143  2918  2956 I Ext4Crypt: No master key, so not ext4enc
09-01 05:30:46.143  3975  4099 D CryptdConnector: RCV <- {200 1 -1}
09-01 05:30:46.143  3975  3975 I ActivityManager: Config changes=200 {1.0 ?mcc?mnc en_US ldltr ?swdp ?wdp ?hdp ?density ?lsize ?long ?orien ?touch ?keyb/?/? ?nav/? s.2 themeResource=null}
09-01 05:30:46.143  3975  4097 W MountService: No primary storage mounted!
09-01 05:30:46.143  3975  4097 D VoldConnector: SND -> {1 asec list}
09-01 05:30:46.144  3975  4098 D VoldConnector: RCV <- {200 1 asec operation succeeded}
09-01 05:30:46.144  3975  4097 I PackageManager: No secure containers found
09-01 05:30:46.144  3975  4097 W PackageManager: Unknown permission com.google.android.googleapps.permission.GOOGLE_AUTH in package com.android.providers.calendar
09-01 05:30:46.144  3975  4097 W PackageManager: Unknown permission com.google.android.googleapps.permission.GOOGLE_AUTH.cl in package com.android.providers.calendar
09-01 05:30:46.144  3975  4097 W PackageManager: Not granting permission android.permission.REAL_GET_TASKS to package org.cyanogenmod.wallpapers.photophase (protectionLevel=18 flags=0x3818be45)
09-01 05:30:46.144  3975  4097 W PackageManager: Unknown permission com.cyanogen.ambient.permission.BIND_CALLER_INFO in package com.android.messaging
09-01 05:30:46.144  3975  4097 W PackageManager: Not granting permission android.permission.ACCESS_DOWNLOAD_MANAGER to package com.android.browser (protectionLevel=18 flags=0x3849be45)
09-01 05:30:46.144  3975  4097 W PackageManager: Not granting permission android.permission.SEND_DOWNLOAD_COMPLETED_INTENTS to package com.android.browser (protectionLevel=2 flags=0x3849be45)
09-01 05:30:46.144  3975  4097 W PackageManager: Unknown permission com.cyngn.stats.SEND_ANALYTICS in package com.cyanogenmod.setupwizard
09-01 05:30:46.145  3975  4097 W PackageManager: Unknown permission com.cyanogen.permission.REQUEST_KILL_SWITCH_OP in package com.cyanogenmod.setupwizard
09-01 05:30:46.145  3975  4097 W PackageManager: Unknown permission com.cyanogen.ambient.permission.BIND_INCALL_SERVICE in package com.android.contacts
09-01 05:30:46.145  3975  4097 W PackageManager: Unknown permission com.cyanogen.ambient.permission.PLUGIN_STATUS_CHANGED in package com.android.contacts
09-01 05:30:46.145  3975  4097 W PackageManager: Unknown permission com.cyanogen.ambient.permission.BIND_CALLER_INFO in package com.android.contacts
