07-01 22:41:30.178  3409  3409 I PackageManager: /system/priv-app/SharedStorageBackup changed; collecting certs
07-01 22:41:30.187  3090  3117 E         : invalid gralloc handle (at 0x7f8a3eb400)
07-01 22:41:30.187  3090  3117 E         : Runtime and build version of gralloc private structure does not match. Errors will likely follow.
07-01 22:41:30.196  2919  2919 W display : release fence dup failed: Bad file descriptor
07-01 22:41:30.216  3409  3409 I PackageManager: /system/priv-app/Shell changed; collecting certs
07-01 22:41:30.220  3090  3117 E         : invalid gralloc handle (at 0x7f8a3eb300)
07-01 22:41:30.220  3090  3117 E         : Runtime and build version of gralloc private structure does not match. Errors will likely follow.
07-01 22:41:30.230  2919  2919 W display : release fence dup failed: Bad file descriptor
07-01 22:41:30.253  3409  3409 I PackageManager: /system/priv-app/StatementService changed; collecting certs
07-01 22:41:30.254  3090  3117 E         : invalid gralloc handle (at 0x7f8a3eb380)
07-01 22:41:30.254  3090  3117 E         : Runtime and build version of gralloc private structure does not match. Errors will likely follow.
07-01 22:41:30.263  2919  2919 W display : release fence dup failed: Bad file descriptor
07-01 22:41:30.287  3090  3117 E         : invalid gralloc handle (at 0x7f8a3eb400)
07-01 22:41:30.287  3090  3117 E         : Runtime and build version of gralloc private structure does not match. Errors will likely follow.
07-01 22:41:30.296  2919  2919 W display : release fence dup failed: Bad file descriptor
07-01 22:41:30.310  3409  3409 I PackageManager: /system/priv-app/SystemUI changed; collecting certs
07-01 22:41:30.320  3090  3117 E         : invalid gralloc handle (at 0x7f8a3eb300)
07-01 22:41:30.320  3090  3117 E         : Runtime and build version of gralloc private structure does not match. Errors will likely follow.
07-01 22:41:30.330  2919  2919 W display : release fence dup failed: Bad file descriptor
07-01 22:41:30.354  3090  3117 E         : invalid gralloc handle (at 0x7f8a3eb380)
07-01 22:41:30.354  3090  3117 E         : Runtime and build version of gralloc private structure does not match. Errors will likely follow.
07-01 22:41:30.363  2919  2919 W display : release fence dup failed: Bad file descriptor
07-01 22:41:30.387  3090  3117 E         : invalid gralloc handle (at 0x7f8a3eb400)
07-01 22:41:30.387  3090  3117 E         : Runtime and build version of gralloc private structure does not match. Errors will likely follow.
07-01 22:41:30.396  2919  2919 W display : release fence dup failed: Bad file descriptor
07-01 22:41:30.420  3090  3117 E         : invalid gralloc handle (at 0x7f8a3eb300)
07-01 22:41:30.420  3090  3117 E         : Runtime and build version of gralloc private structure does not match. Errors will likely follow.
07-01 22:41:30.430  2919  2919 W display : release fence dup failed: Bad file descriptor
07-01 22:41:30.454  3090  3117 E         : invalid gralloc handle (at 0x7f8a3eb380)
07-01 22:41:30.454  3090  3117 E         : Runtime and build version of gralloc private structure does not match. Errors will likely follow.
07-01 22:41:30.463  2919  2919 W display : release fence dup failed: Bad file descriptor
07-01 22:41:30.488  3090  3117 E         : invalid gralloc handle (at 0x7f8a3eb400)
07-01 22:41:30.488  3090  3117 E         : Runtime and build version of gralloc private structure does not match. Errors will likely follow.
07-01 22:41:30.496  2919  2919 W display : release fence dup failed: Bad file descriptor
07-01 22:41:30.521  3090  3117 E         : invalid gralloc handle (at 0x7f8a3eb300)
07-01 22:41:30.521  3090  3117 E         : Runtime and build version of gralloc private structure does not match. Errors will likely follow.
07-01 22:41:30.530  2919  2919 W display : release fence dup failed: Bad file descriptor
07-01 22:41:30.554  3090  3117 E         : invalid gralloc handle (at 0x7f8a3eb380)
07-01 22:41:30.554  3090  3117 E         : Runtime and build version of gralloc private structure does not match. Errors will likely follow.
07-01 22:41:30.563  2919  2919 W display : release fence dup failed: Bad file descriptor
07-01 22:41:30.588  3090  3117 E         : invalid gralloc handle (at 0x7f8a3eb400)
07-01 22:41:30.588  3090  3117 E         : Runtime and build version of gralloc private structure does not match. Errors will likely follow.
07-01 22:41:30.596  2919  2919 W display : release fence dup failed: Bad file descriptor
07-01 22:41:30.621  3090  3117 E         : invalid gralloc handle (at 0x7f8a3eb300)
07-01 22:41:30.621  3090  3117 E         : Runtime and build version of gralloc private structure does not match. Errors will likely follow.
07-01 22:41:30.630  2919  2919 W display : release fence dup failed: Bad file descriptor
07-01 22:41:30.655  3090  3117 E         : invalid gralloc handle (at 0x7f8a3eb380)
07-01 22:41:30.655  3090  3117 E         : Runtime and build version of gralloc private structure does not match. Errors will likely follow.
07-01 22:41:30.663  2919  2919 W display : release fence dup failed: Bad file descriptor
07-01 22:41:30.688  3090  3117 E         : invalid gralloc handle (at 0x7f8a3eb400)
07-01 22:41:30.688  3090  3117 E         : Runtime and build version of gralloc private structure does not match. Errors will likely follow.
07-01 22:41:30.696  2919  2919 W display : release fence dup failed: Bad file descriptor
07-01 22:41:30.722  3090  3117 E         : invalid gralloc handle (at 0x7f8a3eb300)
07-01 22:41:30.722  3090  3117 E         : Runtime and build version of gralloc private structure does not match. Errors will likely follow.
07-01 22:41:30.730  2919  2919 W display : release fence dup failed: Bad file descriptor
07-01 22:41:30.755  3090  3117 E         : invalid gralloc handle (at 0x7f8a3eb380)
07-01 22:41:30.755  3090  3117 E         : Runtime and build version of gralloc private structure does not match. Errors will likely follow.
07-01 22:41:30.763  2919  2919 W display : release fence dup failed: Bad file descriptor
07-01 22:41:30.789  3090  3117 E         : invalid gralloc handle (at 0x7f8a3eb400)
07-01 22:41:30.789  3090  3117 E         : Runtime and build version of gralloc private structure does not match. Errors will likely follow.
07-01 22:41:30.796  2919  2919 W display : release fence dup failed: Bad file descriptor
07-01 22:41:30.822  3090  3117 E         : invalid gralloc handle (at 0x7f8a3eb300)
07-01 22:41:30.822  3090  3117 E         : Runtime and build version of gralloc private structure does not match. Errors will likely follow.
07-01 22:41:30.830  2919  2919 W display : release fence dup failed: Bad file descriptor
07-01 22:41:30.856  3090  3117 E         : invalid gralloc handle (at 0x7f8a3eb380)
07-01 22:41:30.856  3090  3117 E         : Runtime and build version of gralloc private structure does not match. Errors will likely follow.
07-01 22:41:30.863  2919  2919 W display : release fence dup failed: Bad file descriptor
07-01 22:41:30.889  3090  3117 E         : invalid gralloc handle (at 0x7f8a3eb400)
07-01 22:41:30.889  3090  3117 E         : Runtime and build version of gralloc private structure does not match. Errors will likely follow.
07-01 22:41:30.896  2919  2919 W display : release fence dup failed: Bad file descriptor
07-01 22:41:30.923  3090  3117 E         : invalid gralloc handle (at 0x7f8a3eb300)
07-01 22:41:30.923  3090  3117 E         : Runtime and build version of gralloc private structure does not match. Errors will likely follow.
07-01 22:41:30.930  2919  2919 W display : release fence dup failed: Bad file descriptor
07-01 22:41:30.940  3409  3409 I PackageManager: New shared user android.uid.systemui: id=10019
07-01 22:41:30.957  3090  3117 E         : invalid gralloc handle (at 0x7f8a3eb380)
07-01 22:41:30.957  3090  3117 E         : Runtime and build version of gralloc private structure does not match. Errors will likely follow.
07-01 22:41:30.963  2919  2919 W display : release fence dup failed: Bad file descriptor
07-01 22:41:30.970  3409  3409 W PackageParser: Ignoring duplicate uses-permissions/uses-permissions-sdk-m: android.permission.ACCESS_WIFI_STATE in package: com.android.phone at: Binary XML file line #132
07-01 22:41:30.985  3409  3409 I PackageManager: /system/priv-app/TeleService changed; collecting certs
07-01 22:41:30.990  3090  3117 E         : invalid gralloc handle (at 0x7f8a3eb400)
07-01 22:41:30.990  3090  3117 E         : Runtime and build version of gralloc private structure does not match. Errors will likely follow.
07-01 22:41:30.996  2919  2919 W display : release fence dup failed: Bad file descriptor
07-01 22:41:31.023  3090  3117 E         : invalid gralloc handle (at 0x7f8a3eb300)
07-01 22:41:31.023  3090  3117 E         : Runtime and build version of gralloc private structure does not match. Errors will likely follow.
07-01 22:41:31.030  2919  2919 W display : release fence dup failed: Bad file descriptor
07-01 22:41:31.057  3090  3117 E         : invalid gralloc handle (at 0x7f8a3eb380)
07-01 22:41:31.057  3090  3117 E         : Runtime and build version of gralloc private structure does not match. Errors will likely follow.
07-01 22:41:31.063  2919  2919 W display : release fence dup failed: Bad file descriptor
07-01 22:41:31.090  3090  3117 E         : invalid gralloc handle (at 0x7f8a3eb400)
07-01 22:41:31.090  3090  3117 E         : Runtime and build version of gralloc private structure does not match. Errors will likely follow.
07-01 22:41:31.096  2919  2919 W display : release fence dup failed: Bad file descriptor
07-01 22:41:31.124  3090  3117 E         : invalid gralloc handle (at 0x7f8a3eb300)
07-01 22:41:31.124  3090  3117 E         : Runtime and build version of gralloc private structure does not match. Errors will likely follow.
07-01 22:41:31.130  2919  2919 W display : release fence dup failed: Bad file descriptor
07-01 22:41:31.146  3409  3409 I PackageManager: /system/priv-app/Telecom changed; collecting certs
07-01 22:41:31.157  3090  3117 E         : invalid gralloc handle (at 0x7f8a3eb380)
07-01 22:41:31.157  3090  3117 E         : Runtime and build version of gralloc private structure does not match. Errors will likely follow.
07-01 22:41:31.163  2919  2919 W display : release fence dup failed: Bad file descriptor
07-01 22:41:31.191  3090  3117 E         : invalid gralloc handle (at 0x7f8a3eb400)
07-01 22:41:31.191  3090  3117 E         : Runtime and build version of gralloc private structure does not match. Errors will likely follow.
07-01 22:41:31.196  2919  2919 W display : release fence dup failed: Bad file descriptor
07-01 22:41:31.203  3409  3409 I PackageManager: /system/priv-app/TelephonyProvider changed; collecting certs
07-01 22:41:31.224  3090  3117 E         : invalid gralloc handle (at 0x7f8a3eb300)
07-01 22:41:31.224  3090  3117 E         : Runtime and build version of gralloc private structure does not match. Errors will likely follow.
07-01 22:41:31.230  2919  2919 W display : release fence dup failed: Bad file descriptor
07-01 22:41:31.245  3409  3409 I PackageManager: /system/priv-app/ThemeChooser changed; collecting certs
07-01 22:41:31.257  3090  3117 E         : invalid gralloc handle (at 0x7f8a3eb380)
07-01 22:41:31.257  3090  3117 E         : Runtime and build version of gralloc private structure does not match. Errors will likely follow.
07-01 22:41:31.263  2919  2919 W display : release fence dup failed: Bad file descriptor
07-01 22:41:31.291  3090  3117 E         : invalid gralloc handle (at 0x7f8a3eb400)
07-01 22:41:31.291  3090  3117 E         : Runtime and build version of gralloc private structure does not match. Errors will likely follow.
07-01 22:41:31.296  2919  2919 W display : release fence dup failed: Bad file descriptor
07-01 22:41:31.308  3409  3409 I PackageManager: New shared user org.cyanogenmod.themes: id=10020
07-01 22:41:31.320  3409  3409 I PackageManager: /system/priv-app/ThemesProvider changed; collecting certs
07-01 22:41:31.324  3090  3117 E         : invalid gralloc handle (at 0x7f8a3eb300)
07-01 22:41:31.324  3090  3117 E         : Runtime and build version of gralloc private structure does not match. Errors will likely follow.
07-01 22:41:31.330  2919  2919 W display : release fence dup failed: Bad file descriptor
07-01 22:41:31.358  3090  3117 E         : invalid gralloc handle (at 0x7f8a3eb380)
07-01 22:41:31.358  3090  3117 E         : Runtime and build version of gralloc private structure does not match. Errors will likely follow.
07-01 22:41:31.363  2919  2919 W display : release fence dup failed: Bad file descriptor
07-01 22:41:31.367  3409  3409 I PackageManager: /system/priv-app/Trebuchet changed; collecting certs
07-01 22:41:31.391  3090  3117 E         : invalid gralloc handle (at 0x7f8a3eb400)
07-01 22:41:31.391  3090  3117 E         : Runtime and build version of gralloc private structure does not match. Errors will likely follow.
07-01 22:41:31.396  2919  2919 W display : release fence dup failed: Bad file descriptor
07-01 22:41:31.425  3090  3117 E         : invalid gralloc handle (at 0x7f8a3eb300)
07-01 22:41:31.425  3090  3117 E         : Runtime and build version of gralloc private structure does not match. Errors will likely follow.
07-01 22:41:31.430  2919  2919 W display : release fence dup failed: Bad file descriptor
07-01 22:41:31.458  3090  3117 E         : invalid gralloc handle (at 0x7f8a3eb380)
07-01 22:41:31.458  3090  3117 E         : Runtime and build version of gralloc private structure does not match. Errors will likely follow.
07-01 22:41:31.463  2919  2919 W display : release fence dup failed: Bad file descriptor
07-01 22:41:31.491  3090  3117 E         : invalid gralloc handle (at 0x7f8a3eb400)
07-01 22:41:31.491  3090  3117 E         : Runtime and build version of gralloc private structure does not match. Errors will likely follow.
07-01 22:41:31.496  2919  2919 W display : release fence dup failed: Bad file descriptor
07-01 22:41:31.525  3090  3117 E         : invalid gralloc handle (at 0x7f8a3eb300)
07-01 22:41:31.525  3090  3117 E         : Runtime and build version of gralloc private structure does not match. Errors will likely follow.
07-01 22:41:31.530  2919  2919 W display : release fence dup failed: Bad file descriptor
07-01 22:41:31.555  3409  3409 W PackageManager: Permission com.android.launcher.permission.INSTALL_SHORTCUT from package com.cyanogenmod.trebuchet in an unknown group android.permission-group.SYSTEM_TOOLS
07-01 22:41:31.555  3409  3409 W PackageManager: Permission com.android.launcher3.permission.READ_SETTINGS from package com.cyanogenmod.trebuchet in an unknown group android.permission-group.SYSTEM_TOOLS
07-01 22:41:31.555  3409  3409 W PackageManager: Permission com.android.launcher3.permission.WRITE_SETTINGS from package com.cyanogenmod.trebuchet in an unknown group android.permission-group.SYSTEM_TOOLS
07-01 22:41:31.559  3090  3117 E         : invalid gralloc handle (at 0x7f8a3eb380)
07-01 22:41:31.559  3090  3117 E         : Runtime and build version of gralloc private structure does not match. Errors will likely follow.
07-01 22:41:31.562  3409  3409 I PackageManager: /system/priv-app/VpnDialogs changed; collecting certs
07-01 22:41:31.563  2919  2919 W display : release fence dup failed: Bad file descriptor
07-01 22:41:31.592  3090  3117 E         : invalid gralloc handle (at 0x7f8a3eb400)
07-01 22:41:31.592  3090  3117 E         : Runtime and build version of gralloc private structure does not match. Errors will likely follow.
07-01 22:41:31.596  2919  2919 W display : release fence dup failed: Bad file descriptor
07-01 22:41:31.599  3409  3409 I PackageManager: /system/priv-app/WallpaperCropper changed; collecting certs
07-01 22:41:31.625  3090  3117 E         : invalid gralloc handle (at 0x7f8a3eb300)
07-01 22:41:31.625  3090  3117 E         : Runtime and build version of gralloc private structure does not match. Errors will likely follow.
07-01 22:41:31.630  2919  2919 W display : release fence dup failed: Bad file descriptor
07-01 22:41:31.636  3409  3409 I PackageManager: /system/priv-app/WeatherProvider changed; collecting certs
07-01 22:41:31.659  3090  3117 E         : invalid gralloc handle (at 0x7f8a3eb380)
07-01 22:41:31.659  3090  3117 E         : Runtime and build version of gralloc private structure does not match. Errors will likely follow.
07-01 22:41:31.663  2919  2919 W display : release fence dup failed: Bad file descriptor
07-01 22:41:31.669  3409  3409 I PackageManager: /system/app/BasicDreams changed; collecting certs
07-01 22:41:31.692  3090  3117 E         : invalid gralloc handle (at 0x7f8a3eb400)
07-01 22:41:31.692  3090  3117 E         : Runtime and build version of gralloc private structure does not match. Errors will likely follow.
07-01 22:41:31.696  2919  2919 W display : release fence dup failed: Bad file descriptor
07-01 22:41:31.718  3409  3409 W PackageParser: No actions in intent filter at /system/app/Bluetooth/Bluetooth.apk Binary XML file line #234
07-01 22:41:31.721  3409  3409 I PackageManager: /system/app/Bluetooth changed; collecting certs
07-01 22:41:31.726  3090  3117 E         : invalid gralloc handle (at 0x7f8a3eb300)
07-01 22:41:31.726  3090  3117 E         : Runtime and build version of gralloc private structure does not match. Errors will likely follow.
07-01 22:41:31.730  2919  2919 W display : release fence dup failed: Bad file descriptor
07-01 22:41:31.759  3090  3117 E         : invalid gralloc handle (at 0x7f8a3eb380)
07-01 22:41:31.759  3090  3117 E         : Runtime and build version of gralloc private structure does not match. Errors will likely follow.
07-01 22:41:31.763  2919  2919 W display : release fence dup failed: Bad file descriptor
07-01 22:41:31.777  3409  3409 I PackageManager: /system/app/BluetoothMidiService changed; collecting certs
07-01 22:41:31.793  3090  3117 E         : invalid gralloc handle (at 0x7f8a3eb400)
07-01 22:41:31.793  3090  3117 E         : Runtime and build version of gralloc private structure does not match. Errors will likely follow.
07-01 22:41:31.796  2919  2919 W display : release fence dup failed: Bad file descriptor
07-01 22:41:31.822  3409  3409 I PackageManager: /system/app/Browser changed; collecting certs
07-01 22:41:31.826  3090  3117 E         : invalid gralloc handle (at 0x7f8a3eb300)
07-01 22:41:31.826  3090  3117 E         : Runtime and build version of gralloc private structure does not match. Errors will likely follow.
07-01 22:41:31.830  2919  2919 W display : release fence dup failed: Bad file descriptor
07-01 22:41:31.859  3090  3117 E         : invalid gralloc handle (at 0x7f8a3eb380)
07-01 22:41:31.859  3090  3117 E         : Runtime and build version of gralloc private structure does not match. Errors will likely follow.
07-01 22:41:31.863  2919  2919 W display : release fence dup failed: Bad file descriptor
07-01 22:41:31.893  3090  3117 E         : invalid gralloc handle (at 0x7f8a3eb400)
07-01 22:41:31.893  3090  3117 E         : Runtime and build version of gralloc private structure does not match. Errors will likely follow.
07-01 22:41:31.897  2919  2919 W display : release fence dup failed: Bad file descriptor
07-01 22:41:31.927  3090  3117 E         : invalid gralloc handle (at 0x7f8a3eb300)
07-01 22:41:31.927  3090  3117 E         : Runtime and build version of gralloc private structure does not match. Errors will likely follow.
07-01 22:41:31.930  2919  2919 W display : release fence dup failed: Bad file descriptor
07-01 22:41:31.960  3090  3117 E         : invalid gralloc handle (at 0x7f8a3eb380)
07-01 22:41:31.960  3090  3117 E         : Runtime and build version of gralloc private structure does not match. Errors will likely follow.
07-01 22:41:31.963  2919  2919 W display : release fence dup failed: Bad file descriptor
07-01 22:41:31.994  3090  3117 E         : invalid gralloc handle (at 0x7f8a3eb400)
07-01 22:41:31.994  3090  3117 E         : Runtime and build version of gralloc private structure does not match. Errors will likely follow.
07-01 22:41:31.996  2919  2919 W display : release fence dup failed: Bad file descriptor
07-01 22:41:32.027  3090  3117 E         : invalid gralloc handle (at 0x7f8a3eb300)
07-01 22:41:32.027  3090  3117 E         : Runtime and build version of gralloc private structure does not match. Errors will likely follow.
07-01 22:41:32.030  3409  3409 W PackageParser: No actions in intent filter at /system/app/CMFileManager/CMFileManager.apk Binary XML file line #164
07-01 22:41:32.032  3409  3409 I PackageManager: /system/app/CMFileManager changed; collecting certs
07-01 22:41:32.046  2919  2919 W display : release fence dup failed: Bad file descriptor
07-01 22:41:32.060  3090  3117 E         : invalid gralloc handle (at 0x7f8a3eb380)
07-01 22:41:32.060  3090  3117 E         : Runtime and build version of gralloc private structure does not match. Errors will likely follow.
07-01 22:41:32.063  2919  2919 W display : release fence dup failed: Bad file descriptor
07-01 22:41:32.094  3090  3117 E         : invalid gralloc handle (at 0x7f8a3eb400)
07-01 22:41:32.094  3090  3117 E         : Runtime and build version of gralloc private structure does not match. Errors will likely follow.
07-01 22:41:32.113  2919  2919 W display : release fence dup failed: Bad file descriptor
07-01 22:41:32.127  3090  3117 E         : invalid gralloc handle (at 0x7f8a3eb300)
07-01 22:41:32.128  3090  3117 E         : Runtime and build version of gralloc private structure does not match. Errors will likely follow.
07-01 22:41:32.147  2919  2919 W display : release fence dup failed: Bad file descriptor
07-01 22:41:32.161  3090  3117 E         : invalid gralloc handle (at 0x7f8a3eb380)
07-01 22:41:32.161  3090  3117 E         : Runtime and build version of gralloc private structure does not match. Errors will likely follow.
07-01 22:41:32.180  2919  2919 W display : release fence dup failed: Bad file descriptor
07-01 22:41:32.194  3090  3117 E         : invalid gralloc handle (at 0x7f8a3eb400)
07-01 22:41:32.194  3090  3117 E         : Runtime and build version of gralloc private structure does not match. Errors will likely follow.
07-01 22:41:32.213  2919  2919 W display : release fence dup failed: Bad file descriptor
07-01 22:41:32.228  3090  3117 E         : invalid gralloc handle (at 0x7f8a3eb300)
07-01 22:41:32.228  3090  3117 E         : Runtime and build version of gralloc private structure does not match. Errors will likely follow.
07-01 22:41:32.242  3409  3409 I PackageManager: /system/app/CMWallpapers changed; collecting certs
07-01 22:41:32.246  2919  2919 W display : release fence dup failed: Bad file descriptor
07-01 22:41:32.262  3090  3117 E         : invalid gralloc handle (at 0x7f8a3eb380)
07-01 22:41:32.262  3090  3117 E         : Runtime and build version of gralloc private structure does not match. Errors will likely follow.
07-01 22:41:32.280  2919  2919 W display : release fence dup failed: Bad file descriptor
07-01 22:41:32.295  3090  3117 E         : invalid gralloc handle (at 0x7f8a3eb400)
07-01 22:41:32.295  3090  3117 E         : Runtime and build version of gralloc private structure does not match. Errors will likely follow.
07-01 22:41:32.313  2919  2919 W display : release fence dup failed: Bad file descriptor
07-01 22:41:32.328  3090  3117 E         : invalid gralloc handle (at 0x7f8a3eb300)
07-01 22:41:32.328  3090  3117 E         : Runtime and build version of gralloc private structure does not match. Errors will likely follow.
07-01 22:41:32.337  3409  3409 I PackageManager: /system/app/Calendar changed; collecting certs
07-01 22:41:32.346  2919  2919 W display : release fence dup failed: Bad file descriptor
07-01 22:41:32.361  3090  3117 E         : invalid gralloc handle (at 0x7f8a3eb380)
07-01 22:41:32.361  3090  3117 E         : Runtime and build version of gralloc private structure does not match. Errors will likely follow.
07-01 22:41:32.380  2919  2919 W display : release fence dup failed: Bad file descriptor
07-01 22:41:32.395  3090  3117 E         : invalid gralloc handle (at 0x7f8a3eb400)
07-01 22:41:32.395  3090  3117 E         : Runtime and build version of gralloc private structure does not match. Errors will likely follow.
07-01 22:41:32.413  2919  2919 W display : release fence dup failed: Bad file descriptor
07-01 22:41:32.428  3090  3117 E         : invalid gralloc handle (at 0x7f8a3eb300)
07-01 22:41:32.428  3090  3117 E         : Runtime and build version of gralloc private structure does not match. Errors will likely follow.
07-01 22:41:32.446  2919  2919 W display : release fence dup failed: Bad file descriptor
07-01 22:41:32.462  3090  3117 E         : invalid gralloc handle (at 0x7f8a3eb380)
07-01 22:41:32.462  3090  3117 E         : Runtime and build version of gralloc private structure does not match. Errors will likely follow.
07-01 22:41:32.480  2919  2919 W display : release fence dup failed: Bad file descriptor
07-01 22:41:32.495  3090  3117 E         : invalid gralloc handle (at 0x7f8a3eb400)
07-01 22:41:32.495  3090  3117 E         : Runtime and build version of gralloc private structure does not match. Errors will likely follow.
07-01 22:41:32.513  2919  2919 W display : release fence dup failed: Bad file descriptor
07-01 22:41:32.529  3090  3117 E         : invalid gralloc handle (at 0x7f8a3eb300)
07-01 22:41:32.529  3090  3117 E         : Runtime and build version of gralloc private structure does not match. Errors will likely follow.
07-01 22:41:32.546  2919  2919 W display : release fence dup failed: Bad file descriptor
07-01 22:41:32.562  3090  3117 E         : invalid gralloc handle (at 0x7f8a3eb380)
07-01 22:41:32.562  3090  3117 E         : Runtime and build version of gralloc private structure does not match. Errors will likely follow.
07-01 22:41:32.580  2919  2919 W display : release fence dup failed: Bad file descriptor
07-01 22:41:32.596  3090  3117 E         : invalid gralloc handle (at 0x7f8a3eb400)
07-01 22:41:32.596  3090  3117 E         : Runtime and build version of gralloc private structure does not match. Errors will likely follow.
07-01 22:41:32.608  3409  3409 I PackageManager: /system/app/Camera2 changed; collecting certs
07-01 22:41:32.613  2919  2919 W display : release fence dup failed: Bad file descriptor
07-01 22:41:32.629  3090  3117 E         : invalid gralloc handle (at 0x7f8a3eb300)
07-01 22:41:32.629  3090  3117 E         : Runtime and build version of gralloc private structure does not match. Errors will likely follow.
07-01 22:41:32.646  2919  2919 W display : release fence dup failed: Bad file descriptor
07-01 22:41:32.663  3090  3117 E         : invalid gralloc handle (at 0x7f8a3eb380)
07-01 22:41:32.663  3090  3117 E         : Runtime and build version of gralloc private structure does not match. Errors will likely follow.
07-01 22:41:32.680  2919  2919 W display : release fence dup failed: Bad file descriptor
07-01 22:41:32.697  3090  3117 E         : invalid gralloc handle (at 0x7f8a3eb400)
07-01 22:41:32.697  3090  3117 E         : Runtime and build version of gralloc private structure does not match. Errors will likely follow.
07-01 22:41:32.713  2919  2919 W display : release fence dup failed: Bad file descriptor
07-01 22:41:32.730  3090  3117 E         : invalid gralloc handle (at 0x7f8a3eb300)
07-01 22:41:32.730  3090  3117 E         : Runtime and build version of gralloc private structure does not match. Errors will likely follow.
07-01 22:41:32.746  2919  2919 W display : release fence dup failed: Bad file descriptor
07-01 22:41:32.763  3090  3117 E         : invalid gralloc handle (at 0x7f8a3eb380)
07-01 22:41:32.763  3090  3117 E         : Runtime and build version of gralloc private structure does not match. Errors will likely follow.
07-01 22:41:32.780  2919  2919 W display : release fence dup failed: Bad file descriptor
07-01 22:41:32.797  3090  3117 E         : invalid gralloc handle (at 0x7f8a3eb400)
07-01 22:41:32.797  3090  3117 E         : Runtime and build version of gralloc private structure does not match. Errors will likely follow.
07-01 22:41:32.813  2919  2919 W display : release fence dup failed: Bad file descriptor
07-01 22:41:32.830  3090  3117 E         : invalid gralloc handle (at 0x7f8a3eb300)
07-01 22:41:32.830  3090  3117 E         : Runtime and build version of gralloc private structure does not match. Errors will likely follow.
07-01 22:41:32.846  2919  2919 W display : release fence dup failed: Bad file descriptor
07-01 22:41:32.864  3090  3117 E         : invalid gralloc handle (at 0x7f8a3eb380)
07-01 22:41:32.864  3090  3117 E         : Runtime and build version of gralloc private structure does not match. Errors will likely follow.
07-01 22:41:32.880  2919  2919 W display : release fence dup failed: Bad file descriptor
07-01 22:41:32.897  3090  3117 E         : invalid gralloc handle (at 0x7f8a3eb400)
07-01 22:41:32.897  3090  3117 E         : Runtime and build version of gralloc private structure does not match. Errors will likely follow.
07-01 22:41:32.913  2919  2919 W display : release fence dup failed: Bad file descriptor
07-01 22:41:32.931  3090  3117 E         : invalid gralloc handle (at 0x7f8a3eb300)
07-01 22:41:32.931  3090  3117 E         : Runtime and build version of gralloc private structure does not match. Errors will likely follow.
07-01 22:41:32.946  2919  2919 W display : release fence dup failed: Bad file descriptor
07-01 22:41:32.964  3090  3117 E         : invalid gralloc handle (at 0x7f8a3eb380)
07-01 22:41:32.964  3090  3117 E         : Runtime and build version of gralloc private structure does not match. Errors will likely follow.
07-01 22:41:32.980  2919  2919 W display : release fence dup failed: Bad file descriptor
07-01 22:41:32.998  3090  3117 E         : invalid gralloc handle (at 0x7f8a3eb400)
07-01 22:41:32.998  3090  3117 E         : Runtime and build version of gralloc private structure does not match. Errors will likely follow.
07-01 22:41:33.013  2919  2919 W display : release fence dup failed: Bad file descriptor
07-01 22:41:33.031  3090  3117 E         : invalid gralloc handle (at 0x7f8a3eb300)
07-01 22:41:33.031  3090  3117 E         : Runtime and build version of gralloc private structure does not match. Errors will likely follow.
07-01 22:41:33.032  3409  3409 I PackageManager: /system/app/CaptivePortalLogin changed; collecting certs
07-01 22:41:33.046  2919  2919 W display : release fence dup failed: Bad file descriptor
07-01 22:41:33.065  3090  3117 E         : invalid gralloc handle (at 0x7f8a3eb380)
07-01 22:41:33.065  3090  3117 E         : Runtime and build version of gralloc private structure does not match. Errors will likely follow.
07-01 22:41:33.072  3409  3409 I PackageManager: /system/app/CertInstaller changed; collecting certs
07-01 22:41:33.080  2919  2919 W display : release fence dup failed: Bad file descriptor
07-01 22:41:33.098  3090  3117 E         : invalid gralloc handle (at 0x7f8a3eb400)
07-01 22:41:33.098  3090  3117 E         : Runtime and build version of gralloc private structure does not match. Errors will likely follow.
07-01 22:41:33.113  2919  2919 W display : release fence dup failed: Bad file descriptor
07-01 22:41:33.127  3409  3409 I PackageManager: /system/app/DeskClock changed; collecting certs
07-01 22:41:33.131  3090  3117 E         : invalid gralloc handle (at 0x7f8a3eb300)
07-01 22:41:33.132  3090  3117 E         : Runtime and build version of gralloc private structure does not match. Errors will likely follow.
07-01 22:41:33.146  2919  2919 W display : release fence dup failed: Bad file descriptor
07-01 22:41:33.165  3090  3117 E         : invalid gralloc handle (at 0x7f8a3eb380)
07-01 22:41:33.165  3090  3117 E         : Runtime and build version of gralloc private structure does not match. Errors will likely follow.
07-01 22:41:33.180  2919  2919 W display : release fence dup failed: Bad file descriptor
07-01 22:41:33.198  3090  3117 E         : invalid gralloc handle (at 0x7f8a3eb400)
07-01 22:41:33.198  3090  3117 E         : Runtime and build version of gralloc private structure does not match. Errors will likely follow.
07-01 22:41:33.213  2919  2919 W display : release fence dup failed: Bad file descriptor
07-01 22:41:33.232  3090  3117 E         : invalid gralloc handle (at 0x7f8a3eb300)
07-01 22:41:33.232  3090  3117 E         : Runtime and build version of gralloc private structure does not match. Errors will likely follow.
07-01 22:41:33.246  2919  2919 W display : release fence dup failed: Bad file descriptor
07-01 22:41:33.265  3090  3117 E         : invalid gralloc handle (at 0x7f8a3eb380)
07-01 22:41:33.265  3090  3117 E         : Runtime and build version of gralloc private structure does not match. Errors will likely follow.
07-01 22:41:33.280  2919  2919 W display : release fence dup failed: Bad file descriptor
07-01 22:41:33.299  3090  3117 E         : invalid gralloc handle (at 0x7f8a3eb400)
07-01 22:41:33.299  3090  3117 E         : Runtime and build version of gralloc private structure does not match. Errors will likely follow.
07-01 22:41:33.313  2919  2919 W display : release fence dup failed: Bad file descriptor
07-01 22:41:33.332  3090  3117 E         : invalid gralloc handle (at 0x7f8a3eb300)
07-01 22:41:33.332  3090  3117 E         : Runtime and build version of gralloc private structure does not match. Errors will likely follow.
07-01 22:41:33.346  2919  2919 W display : release fence dup failed: Bad file descriptor
07-01 22:41:33.366  3090  3117 E         : invalid gralloc handle (at 0x7f8a3eb380)
07-01 22:41:33.366  3090  3117 E         : Runtime and build version of gralloc private structure does not match. Errors will likely follow.
07-01 22:41:33.380  2919  2919 W display : release fence dup failed: Bad file descriptor
07-01 22:41:33.399  3090  3117 E         : invalid gralloc handle (at 0x7f8a3eb400)
07-01 22:41:33.399  3090  3117 E         : Runtime and build version of gralloc private structure does not match. Errors will likely follow.
07-01 22:41:33.413  2919  2919 W display : release fence dup failed: Bad file descriptor
07-01 22:41:33.433  3090  3117 E         : invalid gralloc handle (at 0x7f8a3eb300)
07-01 22:41:33.433  3090  3117 E         : Runtime and build version of gralloc private structure does not match. Errors will likely follow.
07-01 22:41:33.446  2919  2919 W display : release fence dup failed: Bad file descriptor
07-01 22:41:33.466  3090  3117 E         : invalid gralloc handle (at 0x7f8a3eb380)
07-01 22:41:33.466  3090  3117 E         : Runtime and build version of gralloc private structure does not match. Errors will likely follow.
07-01 22:41:33.468  3409  3409 I PackageManager: /system/app/Development changed; collecting certs
07-01 22:41:33.480  2919  2919 W display : release fence dup failed: Bad file descriptor
07-01 22:41:33.500  3090  3117 E         : invalid gralloc handle (at 0x7f8a3eb400)
07-01 22:41:33.500  3090  3117 E         : Runtime and build version of gralloc private structure does not match. Errors will likely follow.
07-01 22:41:33.513  2919  2919 W display : release fence dup failed: Bad file descriptor
07-01 22:41:33.530  3409  3409 I PackageManager: /system/app/DocumentsUI changed; collecting certs
07-01 22:41:33.533  3090  3117 E         : invalid gralloc handle (at 0x7f8a3eb300)
07-01 22:41:33.533  3090  3117 E         : Runtime and build version of gralloc private structure does not match. Errors will likely follow.
07-01 22:41:33.546  2919  2919 W display : release fence dup failed: Bad file descriptor
07-01 22:41:33.567  3090  3117 E         : invalid gralloc handle (at 0x7f8a3eb380)
07-01 22:41:33.567  3090  3117 E         : Runtime and build version of gralloc private structure does not match. Errors will likely follow.
07-01 22:41:33.580  2919  2919 W display : release fence dup failed: Bad file descriptor
07-01 22:41:33.600  3090  3117 E         : invalid gralloc handle (at 0x7f8a3eb400)
07-01 22:41:33.600  3090  3117 E         : Runtime and build version of gralloc private structure does not match. Errors will likely follow.
07-01 22:41:33.613  2919  2919 W display : release fence dup failed: Bad file descriptor
07-01 22:41:33.633  3090  3117 E         : invalid gralloc handle (at 0x7f8a3eb300)
07-01 22:41:33.633  3090  3117 E         : Runtime and build version of gralloc private structure does not match. Errors will likely follow.
07-01 22:41:33.646  2919  2919 W display : release fence dup failed: Bad file descriptor
07-01 22:41:33.658  3409  3409 I PackageManager: /system/app/DownloadProviderUi changed; collecting certs
07-01 22:41:33.667  3090  3117 E         : invalid gralloc handle (at 0x7f8a3eb380)
07-01 22:41:33.667  3090  3117 E         : Runtime and build version of gralloc private structure does not match. Errors will likely follow.
07-01 22:41:33.680  2919  2919 W display : release fence dup failed: Bad file descriptor
07-01 22:41:33.700  3090  3117 E         : invalid gralloc handle (at 0x7f8a3eb400)
07-01 22:41:33.700  3090  3117 E         : Runtime and build version of gralloc private structure does not match. Errors will likely follow.
07-01 22:41:33.705  3409  3409 I PackageManager: /system/app/Eleven changed; collecting certs
07-01 22:41:33.713  2919  2919 W display : release fence dup failed: Bad file descriptor
07-01 22:41:33.734  3090  3117 E         : invalid gralloc handle (at 0x7f8a3eb300)
07-01 22:41:33.734  3090  3117 E         : Runtime and build version of gralloc private structure does not match. Errors will likely follow.
07-01 22:41:33.746  2919  2919 W display : release fence dup failed: Bad file descriptor
07-01 22:41:33.767  3090  3117 E         : invalid gralloc handle (at 0x7f8a3eb380)
07-01 22:41:33.767  3090  3117 E         : Runtime and build version of gralloc private structure does not match. Errors will likely follow.
07-01 22:41:33.780  2919  2919 W display : release fence dup failed: Bad file descriptor
07-01 22:41:33.801  3090  3117 E         : invalid gralloc handle (at 0x7f8a3eb400)
07-01 22:41:33.801  3090  3117 E         : Runtime and build version of gralloc private structure does not match. Errors will likely follow.
07-01 22:41:33.813  2919  2919 W display : release fence dup failed: Bad file descriptor
07-01 22:41:33.834  3090  3117 E         : invalid gralloc handle (at 0x7f8a3eb300)
07-01 22:41:33.834  3090  3117 E         : Runtime and build version of gralloc private structure does not match. Errors will likely follow.
07-01 22:41:33.846  2919  2919 W display : release fence dup failed: Bad file descriptor
07-01 22:41:33.868  3090  3117 E         : invalid gralloc handle (at 0x7f8a3eb380)
07-01 22:41:33.868  3090  3117 E         : Runtime and build version of gralloc private structure does not match. Errors will likely follow.
07-01 22:41:33.870  3409  3409 I PackageManager: /system/app/Email changed; collecting certs
07-01 22:41:33.880  2919  2919 W display : release fence dup failed: Bad file descriptor
07-01 22:41:33.901  3090  3117 E         : invalid gralloc handle (at 0x7f8a3eb400)
07-01 22:41:33.901  3090  3117 E         : Runtime and build version of gralloc private structure does not match. Errors will likely follow.
07-01 22:41:33.913  2919  2919 W display : release fence dup failed: Bad file descriptor
07-01 22:41:33.934  3090  3117 E         : invalid gralloc handle (at 0x7f8a3eb300)
07-01 22:41:33.935  3090  3117 E         : Runtime and build version of gralloc private structure does not match. Errors will likely follow.
07-01 22:41:33.946  2919  2919 W display : release fence dup failed: Bad file descriptor
07-01 22:41:33.968  3090  3117 E         : invalid gralloc handle (at 0x7f8a3eb380)
07-01 22:41:33.968  3090  3117 E         : Runtime and build version of gralloc private structure does not match. Errors will likely follow.
07-01 22:41:33.980  2919  2919 W display : release fence dup failed: Bad file descriptor
07-01 22:41:34.002  3090  3117 E         : invalid gralloc handle (at 0x7f8a3eb400)
07-01 22:41:34.002  3090  3117 E         : Runtime and build version of gralloc private structure does not match. Errors will likely follow.
07-01 22:41:34.013  2919  2919 W display : release fence dup failed: Bad file descriptor
07-01 22:41:34.035  3090  3117 E         : invalid gralloc handle (at 0x7f8a3eb300)
07-01 22:41:34.035  3090  3117 E         : Runtime and build version of gralloc private structure does not match. Errors will likely follow.
07-01 22:41:34.046  2919  2919 W display : release fence dup failed: Bad file descriptor
07-01 22:41:34.069  3090  3117 E         : invalid gralloc handle (at 0x7f8a3eb380)
07-01 22:41:34.069  3090  3117 E         : Runtime and build version of gralloc private structure does not match. Errors will likely follow.
07-01 22:41:34.080  2919  2919 W display : release fence dup failed: Bad file descriptor
07-01 22:41:34.102  3090  3117 E         : invalid gralloc handle (at 0x7f8a3eb400)
07-01 22:41:34.102  3090  3117 E         : Runtime and build version of gralloc private structure does not match. Errors will likely follow.
07-01 22:41:34.113  2919  2919 W display : release fence dup failed: Bad file descriptor
07-01 22:41:34.136  3090  3117 E         : invalid gralloc handle (at 0x7f8a3eb300)
07-01 22:41:34.136  3090  3117 E         : Runtime and build version of gralloc private structure does not match. Errors will likely follow.
07-01 22:41:34.146  2919  2919 W display : release fence dup failed: Bad file descriptor
07-01 22:41:34.169  3090  3117 E         : invalid gralloc handle (at 0x7f8a3eb380)
07-01 22:41:34.169  3090  3117 E         : Runtime and build version of gralloc private structure does not match. Errors will likely follow.
07-01 22:41:34.180  2919  2919 W display : release fence dup failed: Bad file descriptor
07-01 22:41:34.202  3090  3117 E         : invalid gralloc handle (at 0x7f8a3eb400)
07-01 22:41:34.203  3090  3117 E         : Runtime and build version of gralloc private structure does not match. Errors will likely follow.
07-01 22:41:34.213  2919  2919 W display : release fence dup failed: Bad file descriptor
07-01 22:41:34.236  3090  3117 E         : invalid gralloc handle (at 0x7f8a3eb300)
07-01 22:41:34.236  3090  3117 E         : Runtime and build version of gralloc private structure does not match. Errors will likely follow.
07-01 22:41:34.246  2919  2919 W display : release fence dup failed: Bad file descriptor
07-01 22:41:34.269  3090  3117 E         : invalid gralloc handle (at 0x7f8a3eb380)
07-01 22:41:34.269  3090  3117 E         : Runtime and build version of gralloc private structure does not match. Errors will likely follow.
07-01 22:41:34.280  2919  2919 W display : release fence dup failed: Bad file descriptor
07-01 22:41:34.303  3090  3117 E         : invalid gralloc handle (at 0x7f8a3eb400)
07-01 22:41:34.303  3090  3117 E         : Runtime and build version of gralloc private structure does not match. Errors will likely follow.
07-01 22:41:34.313  2919  2919 W display : release fence dup failed: Bad file descriptor
07-01 22:41:34.336  3090  3117 E         : invalid gralloc handle (at 0x7f8a3eb300)
07-01 22:41:34.337  3090  3117 E         : Runtime and build version of gralloc private structure does not match. Errors will likely follow.
07-01 22:41:34.346  2919  2919 W display : release fence dup failed: Bad file descriptor
07-01 22:41:34.370  3090  3117 E         : invalid gralloc handle (at 0x7f8a3eb380)
07-01 22:41:34.370  3090  3117 E         : Runtime and build version of gralloc private structure does not match. Errors will likely follow.
07-01 22:41:34.380  2919  2919 W display : release fence dup failed: Bad file descriptor
07-01 22:41:34.403  3090  3117 E         : invalid gralloc handle (at 0x7f8a3eb400)
07-01 22:41:34.403  3090  3117 E         : Runtime and build version of gralloc private structure does not match. Errors will likely follow.
07-01 22:41:34.413  2919  2919 W display : release fence dup failed: Bad file descriptor
07-01 22:41:34.418  3409  3409 I PackageManager: /system/app/ExactCalculator changed; collecting certs
07-01 22:41:34.437  3090  3117 E         : invalid gralloc handle (at 0x7f8a3eb300)
07-01 22:41:34.437  3090  3117 E         : Runtime and build version of gralloc private structure does not match. Errors will likely follow.
07-01 22:41:34.446  2919  2919 W display : release fence dup failed: Bad file descriptor
07-01 22:41:34.470  3090  3117 E         : invalid gralloc handle (at 0x7f8a3eb380)
07-01 22:41:34.470  3090  3117 E         : Runtime and build version of gralloc private structure does not match. Errors will likely follow.
07-01 22:41:34.474  3409  3409 I PackageManager: /system/app/Exchange2 changed; collecting certs
07-01 22:41:34.480  2919  2919 W display : release fence dup failed: Bad file descriptor
07-01 22:41:34.504  3090  3117 E         : invalid gralloc handle (at 0x7f8a3eb400)
07-01 22:41:34.504  3090  3117 E         : Runtime and build version of gralloc private structure does not match. Errors will likely follow.
07-01 22:41:34.513  2919  2919 W display : release fence dup failed: Bad file descriptor
07-01 22:41:34.520  3409  3409 I PackageManager: /system/app/Galaxy4 changed; collecting certs
07-01 22:41:34.537  3090  3117 E         : invalid gralloc handle (at 0x7f8a3eb300)
07-01 22:41:34.537  3090  3117 E         : Runtime and build version of gralloc private structure does not match. Errors will likely follow.
07-01 22:41:34.546  2919  2919 W display : release fence dup failed: Bad file descriptor
07-01 22:41:34.571  3090  3117 E         : invalid gralloc handle (at 0x7f8a3eb380)
07-01 22:41:34.571  3090  3117 E         : Runtime and build version of gralloc private structure does not match. Errors will likely follow.
07-01 22:41:34.580  2919  2919 W display : release fence dup failed: Bad file descriptor
07-01 22:41:34.587  3409  3409 W PackageParser: Unknown element under <application>: permission at /system/app/Gallery2/Gallery2.apk Binary XML file line #278
07-01 22:41:34.587  3409  3409 W PackageParser: Unknown element under <application>: permission at /system/app/Gallery2/Gallery2.apk Binary XML file line #281
07-01 22:41:34.591  3409  3409 I PackageManager: /system/app/Gallery2 changed; collecting certs
07-01 22:41:34.604  3090  3117 E         : invalid gralloc handle (at 0x7f8a3eb400)
07-01 22:41:34.605  3090  3117 E         : Runtime and build version of gralloc private structure does not match. Errors will likely follow.
07-01 22:41:34.613  2919  2919 W display : release fence dup failed: Bad file descriptor
07-01 22:41:34.638  3090  3117 E         : invalid gralloc handle (at 0x7f8a3eb300)
07-01 22:41:34.638  3090  3117 E         : Runtime and build version of gralloc private structure does not match. Errors will likely follow.
07-01 22:41:34.646  2919  2919 W display : release fence dup failed: Bad file descriptor
07-01 22:41:34.671  3090  3117 E         : invalid gralloc handle (at 0x7f8a3eb380)
07-01 22:41:34.671  3090  3117 E         : Runtime and build version of gralloc private structure does not match. Errors will likely follow.
07-01 22:41:34.680  2919  2919 W display : release fence dup failed: Bad file descriptor
07-01 22:41:34.705  3090  3117 E         : invalid gralloc handle (at 0x7f8a3eb400)
07-01 22:41:34.705  3090  3117 E         : Runtime and build version of gralloc private structure does not match. Errors will likely follow.
07-01 22:41:34.713  2919  2919 W display : release fence dup failed: Bad file descriptor
07-01 22:41:34.738  3090  3117 E         : invalid gralloc handle (at 0x7f8a3eb300)
07-01 22:41:34.738  3090  3117 E         : Runtime and build version of gralloc private structure does not match. Errors will likely follow.
07-01 22:41:34.746  2919  2919 W display : release fence dup failed: Bad file descriptor
07-01 22:41:34.772  3090  3117 E         : invalid gralloc handle (at 0x7f8a3eb380)
07-01 22:41:34.772  3090  3117 E         : Runtime and build version of gralloc private structure does not match. Errors will likely follow.
07-01 22:41:34.780  2919  2919 W display : release fence dup failed: Bad file descriptor
07-01 22:41:34.805  3090  3117 E         : invalid gralloc handle (at 0x7f8a3eb400)
07-01 22:41:34.805  3090  3117 E         : Runtime and build version of gralloc private structure does not match. Errors will likely follow.
07-01 22:41:34.813  2919  2919 W display : release fence dup failed: Bad file descriptor
07-01 22:41:34.839  3090  3117 E         : invalid gralloc handle (at 0x7f8a3eb300)
07-01 22:41:34.839  3090  3117 E         : Runtime and build version of gralloc private structure does not match. Errors will likely follow.
07-01 22:41:34.846  2919  2919 W display : release fence dup failed: Bad file descriptor
07-01 22:41:34.872  3090  3117 E         : invalid gralloc handle (at 0x7f8a3eb380)
07-01 22:41:34.872  3090  3117 E         : Runtime and build version of gralloc private structure does not match. Errors will likely follow.
07-01 22:41:34.880  2919  2919 W display : release fence dup failed: Bad file descriptor
07-01 22:41:34.906  3090  3117 E         : invalid gralloc handle (at 0x7f8a3eb400)
07-01 22:41:34.906  3090  3117 E         : Runtime and build version of gralloc private structure does not match. Errors will likely follow.
07-01 22:41:34.913  2919  2919 W display : release fence dup failed: Bad file descriptor
07-01 22:41:34.939  3090  3117 E         : invalid gralloc handle (at 0x7f8a3eb300)
07-01 22:41:34.939  3090  3117 E         : Runtime and build version of gralloc private structure does not match. Errors will likely follow.
07-01 22:41:34.946  2919  2919 W display : release fence dup failed: Bad file descriptor
07-01 22:41:34.973  3090  3117 E         : invalid gralloc handle (at 0x7f8a3eb380)
