08-30 00:12:01.818  3532  3532 I dex2oat : /system/bin/dex2oat --compiler-filter=verify-at-runtime
08-30 00:12:01.837  3532  3532 I dex2oat : dex2oat took 19.499ms (threads: 8) arena alloc=0B java alloc=62KB native alloc=785KB free=1006KB
08-30 00:12:01.856  3541  3541 I dex2oat : /system/bin/dex2oat --compiler-filter=verify-at-runtime
08-30 00:12:01.884  3541  3541 I dex2oat : dex2oat took 28.519ms (threads: 8) arena alloc=0B java alloc=283KB native alloc=703KB free=1344KB
08-30 00:12:01.887  3423  3423 E art     : DexFile_getDexOptNeeded file '/system/framework/org.apache.http.legacy.jar' does not exist
08-30 00:12:01.887  3423  3423 W PackageManager: Library not found: /system/framework/org.apache.http.legacy.jar
08-30 00:12:01.887  3423  3423 E art     : DexFile_getDexOptNeeded file '/system/framework/com.android.nfc_extras.jar' does not exist
08-30 00:12:01.887  3423  3423 W PackageManager: Library not found: /system/framework/com.android.nfc_extras.jar
08-30 00:12:01.904  3550  3550 I dex2oat : /system/bin/dex2oat --compiler-filter=verify-at-runtime
08-30 00:12:01.919  3550  3550 I dex2oat : dex2oat took 15.486ms (threads: 8) arena alloc=512B java alloc=45KB native alloc=913KB free=878KB
08-30 00:12:01.937  3559  3559 I dex2oat : /system/bin/dex2oat --compiler-filter=verify-at-runtime
08-30 00:12:01.955  3559  3559 I dex2oat : dex2oat took 18.199ms (threads: 8) arena alloc=0B java alloc=33KB native alloc=791KB free=744KB
08-30 00:12:01.974  3568  3568 I dex2oat : /system/bin/dex2oat --compiler-filter=verify-at-runtime
08-30 00:12:01.995  3568  3568 I dex2oat : dex2oat took 21.446ms (threads: 8) arena alloc=968B java alloc=152KB native alloc=1309KB free=1250KB
08-30 00:12:02.013  3577  3577 I dex2oat : /system/bin/dex2oat --compiler-filter=verify-at-runtime
08-30 00:12:02.031  3577  3577 I dex2oat : dex2oat took 18.173ms (threads: 8) arena alloc=0B java alloc=23KB native alloc=814KB free=977KB
08-30 00:12:02.049  3586  3586 I dex2oat : /system/bin/dex2oat --compiler-filter=verify-at-runtime
08-30 00:12:02.080  3586  3586 I dex2oat : dex2oat took 31.105ms (threads: 8) arena alloc=0B java alloc=95KB native alloc=785KB free=750KB
08-30 00:12:02.099  3595  3595 I dex2oat : /system/bin/dex2oat --compiler-filter=verify-at-runtime
08-30 00:12:02.129  3595  3595 I dex2oat : dex2oat took 30.815ms (threads: 8) arena alloc=0B java alloc=312KB native alloc=606KB free=1953KB
08-30 00:12:02.132  3423  3423 E art     : DexFile_getDexOptNeeded file '/system/framework/org.apache.http.legacy.jar' does not exist
08-30 00:12:02.132  3423  3423 W PackageManager: Library not found: /system/framework/org.apache.http.legacy.jar
08-30 00:12:02.132  3423  3423 E art     : DexFile_getDexOptNeeded file '/system/framework/com.android.nfc_extras.jar' does not exist
08-30 00:12:02.132  3423  3423 W PackageManager: Library not found: /system/framework/com.android.nfc_extras.jar
08-30 00:12:02.148  3604  3604 I dex2oat : /system/bin/dex2oat --compiler-filter=verify-at-runtime
08-30 00:12:02.167  3604  3604 I dex2oat : dex2oat took 18.702ms (threads: 8) arena alloc=608B java alloc=37KB native alloc=912KB free=879KB
08-30 00:12:02.185  3613  3613 I dex2oat : /system/bin/dex2oat --compiler-filter=verify-at-runtime
08-30 00:12:02.203  3613  3613 I dex2oat : dex2oat took 18.281ms (threads: 8) arena alloc=0B java alloc=31KB native alloc=791KB free=744KB
08-30 00:12:02.222  3622  3622 I dex2oat : /system/bin/dex2oat --compiler-filter=verify-at-runtime
08-30 00:12:02.242  3622  3622 I dex2oat : dex2oat took 19.915ms (threads: 8) arena alloc=512B java alloc=85KB native alloc=936KB free=1111KB
08-30 00:12:02.261  3631  3631 I dex2oat : /system/bin/dex2oat --compiler-filter=verify-at-runtime
08-30 00:12:02.279  3631  3631 I dex2oat : dex2oat took 18.389ms (threads: 8) arena alloc=0B java alloc=22KB native alloc=782KB free=753KB
08-30 00:12:02.297  3640  3640 I dex2oat : /system/bin/dex2oat --compiler-filter=verify-at-runtime
08-30 00:12:02.315  3640  3640 I dex2oat : dex2oat took 18.266ms (threads: 8) arena alloc=0B java alloc=46KB native alloc=818KB free=717KB
08-30 00:12:02.334  3649  3649 I dex2oat : /system/bin/dex2oat --compiler-filter=verify-at-runtime
08-30 00:12:02.352  3649  3649 I dex2oat : dex2oat took 18.437ms (threads: 8) arena alloc=368B java alloc=42KB native alloc=911KB free=880KB
08-30 00:12:02.371  3658  3658 I dex2oat : /system/bin/dex2oat --compiler-filter=verify-at-runtime
08-30 00:12:02.386  3658  3658 I dex2oat : dex2oat took 15.224ms (threads: 8) arena alloc=0B java alloc=24KB native alloc=810KB free=725KB
08-30 00:12:02.405  3667  3667 I dex2oat : /system/bin/dex2oat --compiler-filter=verify-at-runtime
08-30 00:12:02.424  3667  3667 I dex2oat : dex2oat took 19.001ms (threads: 8) arena alloc=0B java alloc=64KB native alloc=783KB free=1008KB
08-30 00:12:02.442  3676  3676 I dex2oat : /system/bin/dex2oat --compiler-filter=verify-at-runtime
08-30 00:12:02.461  3676  3676 I dex2oat : dex2oat took 18.902ms (threads: 8) arena alloc=0B java alloc=21KB native alloc=817KB free=974KB
08-30 00:12:02.480  3685  3685 I dex2oat : /system/bin/dex2oat --compiler-filter=verify-at-runtime
08-30 00:12:02.502  3685  3685 I dex2oat : dex2oat took 22.893ms (threads: 8) arena alloc=0B java alloc=44KB native alloc=863KB free=928KB
08-30 00:12:02.521  3694  3694 I dex2oat : /system/bin/dex2oat --compiler-filter=verify-at-runtime
08-30 00:12:02.539  3694  3694 I dex2oat : dex2oat took 17.804ms (threads: 8) arena alloc=0B java alloc=21KB native alloc=817KB free=718KB
08-30 00:12:02.557  3703  3703 I dex2oat : /system/bin/dex2oat --compiler-filter=verify-at-runtime
08-30 00:12:02.575  3703  3703 I dex2oat : dex2oat took 18.128ms (threads: 8) arena alloc=0B java alloc=19KB native alloc=783KB free=752KB
08-30 00:12:02.594  3712  3712 I dex2oat : /system/bin/dex2oat --compiler-filter=verify-at-runtime
08-30 00:12:02.612  3712  3712 I dex2oat : dex2oat took 18.511ms (threads: 8) arena alloc=1008B java alloc=41KB native alloc=971KB free=820KB
08-30 00:12:02.631  3721  3721 I dex2oat : /system/bin/dex2oat --compiler-filter=verify-at-runtime
08-30 00:12:02.656  3721  3721 I dex2oat : dex2oat took 24.405ms (threads: 8) arena alloc=512B java alloc=184KB native alloc=969KB free=1078KB
08-30 00:12:02.675  3730  3730 I dex2oat : /system/bin/dex2oat --compiler-filter=verify-at-runtime
08-30 00:12:02.694  3730  3730 I dex2oat : dex2oat took 19.061ms (threads: 8) arena alloc=128B java alloc=94KB native alloc=932KB free=859KB
08-30 00:12:02.712  3739  3739 I dex2oat : /system/bin/dex2oat --compiler-filter=verify-at-runtime
08-30 00:12:02.730  3739  3739 I dex2oat : dex2oat took 18.444ms (threads: 8) arena alloc=0B java alloc=25KB native alloc=784KB free=1007KB
08-30 00:12:02.750  3748  3748 I dex2oat : /system/bin/dex2oat --compiler-filter=verify-at-runtime
08-30 00:12:02.799  3748  3748 I dex2oat : dex2oat took 49.243ms (threads: 8) arena alloc=696B java alloc=530KB native alloc=939KB free=1620KB
08-30 00:12:02.818  3757  3757 I dex2oat : /system/bin/dex2oat --compiler-filter=verify-at-runtime
08-30 00:12:02.835  3757  3757 I dex2oat : dex2oat took 17.918ms (threads: 8) arena alloc=0B java alloc=21KB native alloc=780KB free=755KB
08-30 00:12:02.854  3766  3766 I dex2oat : /system/bin/dex2oat --compiler-filter=verify-at-runtime
08-30 00:12:02.871  3766  3766 I dex2oat : dex2oat took 17.841ms (threads: 8) arena alloc=0B java alloc=60KB native alloc=783KB free=1008KB
08-30 00:12:02.890  3775  3775 I dex2oat : /system/bin/dex2oat --compiler-filter=verify-at-runtime
08-30 00:12:02.908  3775  3775 I dex2oat : dex2oat took 18.381ms (threads: 8) arena alloc=0B java alloc=25KB native alloc=783KB free=752KB
08-30 00:12:02.928  3784  3784 I dex2oat : /system/bin/dex2oat --compiler-filter=verify-at-runtime
08-30 00:12:02.978  3784  3784 I dex2oat : dex2oat took 50.372ms (threads: 8) arena alloc=72B java alloc=545KB native alloc=810KB free=1493KB
08-30 00:12:02.997  3793  3793 I dex2oat : /system/bin/dex2oat --compiler-filter=verify-at-runtime
08-30 00:12:03.021  3793  3793 I dex2oat : dex2oat took 23.707ms (threads: 8) arena alloc=512B java alloc=203KB native alloc=915KB free=1132KB
08-30 00:12:03.040  3803  3803 I dex2oat : /system/bin/dex2oat --compiler-filter=verify-at-runtime
08-30 00:12:03.062  3803  3803 I dex2oat : dex2oat took 22.661ms (threads: 8) arena alloc=0B java alloc=21KB native alloc=780KB free=755KB
08-30 00:12:03.080  3812  3812 I dex2oat : /system/bin/dex2oat --compiler-filter=verify-at-runtime
08-30 00:12:03.101  3812  3812 I dex2oat : dex2oat took 20.699ms (threads: 8) arena alloc=832B java alloc=70KB native alloc=1069KB free=978KB
08-30 00:12:03.119  3821  3821 I dex2oat : /system/bin/dex2oat --compiler-filter=verify-at-runtime
08-30 00:12:03.137  3821  3821 I dex2oat : dex2oat took 18.251ms (threads: 8) arena alloc=0B java alloc=19KB native alloc=784KB free=751KB
08-30 00:12:03.155  3830  3830 I dex2oat : /system/bin/dex2oat --compiler-filter=verify-at-runtime
08-30 00:12:03.182  3830  3830 I dex2oat : dex2oat took 27.062ms (threads: 8) arena alloc=0B java alloc=40KB native alloc=819KB free=972KB
08-30 00:12:03.200  3839  3839 I dex2oat : /system/bin/dex2oat --compiler-filter=verify-at-runtime
08-30 00:12:03.219  3839  3839 I dex2oat : dex2oat took 19.033ms (threads: 8) arena alloc=432B java alloc=25KB native alloc=912KB free=879KB
08-30 00:12:03.237  3848  3848 I dex2oat : /system/bin/dex2oat --compiler-filter=verify-at-runtime
08-30 00:12:03.256  3848  3848 I dex2oat : dex2oat took 18.423ms (threads: 8) arena alloc=0B java alloc=25KB native alloc=813KB free=722KB
08-30 00:12:03.274  3857  3857 I dex2oat : /system/bin/dex2oat --compiler-filter=verify-at-runtime
08-30 00:12:03.290  3857  3857 I dex2oat : dex2oat took 15.723ms (threads: 8) arena alloc=0B java alloc=57KB native alloc=784KB free=1007KB
08-30 00:12:03.308  3866  3866 I dex2oat : /system/bin/dex2oat --compiler-filter=verify-at-runtime
08-30 00:12:03.326  3866  3866 I dex2oat : dex2oat took 18.558ms (threads: 8) arena alloc=0B java alloc=22KB native alloc=818KB free=717KB
08-30 00:12:03.345  3875  3875 I dex2oat : /system/bin/dex2oat --compiler-filter=verify-at-runtime
08-30 00:12:03.364  3875  3875 I dex2oat : dex2oat took 19.778ms (threads: 8) arena alloc=0B java alloc=41KB native alloc=864KB free=1183KB
08-30 00:12:03.382  3884  3884 I dex2oat : /system/bin/dex2oat --compiler-filter=verify-at-runtime
08-30 00:12:03.400  3884  3884 I dex2oat : dex2oat took 18.481ms (threads: 8) arena alloc=0B java alloc=25KB native alloc=818KB free=717KB
08-30 00:12:03.419  3893  3893 I dex2oat : /system/bin/dex2oat --compiler-filter=verify-at-runtime
08-30 00:12:03.437  3893  3893 I dex2oat : dex2oat took 18.509ms (threads: 8) arena alloc=0B java alloc=20KB native alloc=784KB free=1007KB
08-30 00:12:03.455  3902  3902 I dex2oat : /system/bin/dex2oat --compiler-filter=verify-at-runtime
08-30 00:12:03.475  3902  3902 I dex2oat : dex2oat took 19.959ms (threads: 8) arena alloc=1200B java alloc=37KB native alloc=972KB free=819KB
08-30 00:12:03.493  3911  3911 I dex2oat : /system/bin/dex2oat --compiler-filter=verify-at-runtime
08-30 00:12:03.518  3911  3911 I dex2oat : dex2oat took 25.479ms (threads: 8) arena alloc=608B java alloc=217KB native alloc=968KB free=1335KB
08-30 00:12:03.537  3920  3920 I dex2oat : /system/bin/dex2oat --compiler-filter=verify-at-runtime
08-30 00:12:03.558  3920  3920 I dex2oat : dex2oat took 20.674ms (threads: 8) arena alloc=144B java alloc=81KB native alloc=937KB free=1110KB
08-30 00:12:03.576  3929  3929 I dex2oat : /system/bin/dex2oat --compiler-filter=verify-at-runtime
08-30 00:12:03.601  3929  3929 I dex2oat : dex2oat took 24.874ms (threads: 8) arena alloc=0B java alloc=22KB native alloc=784KB free=751KB
08-30 00:12:03.619  3938  3938 I dex2oat : /system/bin/dex2oat --compiler-filter=verify-at-runtime
08-30 00:12:03.668  3938  3938 I dex2oat : dex2oat took 49.216ms (threads: 8) arena alloc=1976B java alloc=743KB native alloc=811KB free=1492KB
08-30 00:12:03.687  3948  3948 I dex2oat : /system/bin/dex2oat --compiler-filter=verify-at-runtime
08-30 00:12:03.705  3948  3948 I dex2oat : dex2oat took 18.532ms (threads: 8) arena alloc=0B java alloc=22KB native alloc=784KB free=751KB
08-30 00:12:03.723  3957  3957 I dex2oat : /system/bin/dex2oat --compiler-filter=verify-at-runtime
08-30 00:12:03.741  3957  3957 I dex2oat : dex2oat took 18.077ms (threads: 8) arena alloc=0B java alloc=28KB native alloc=784KB free=1007KB
08-30 00:12:03.760  3966  3966 I dex2oat : /system/bin/dex2oat --compiler-filter=verify-at-runtime
08-30 00:12:03.782  3966  3966 I dex2oat : dex2oat took 22.397ms (threads: 8) arena alloc=0B java alloc=19KB native alloc=784KB free=751KB
08-30 00:12:03.800  3975  3975 I dex2oat : /system/bin/dex2oat --compiler-filter=verify-at-runtime
08-30 00:12:03.848  3975  3975 I dex2oat : dex2oat took 47.747ms (threads: 8) arena alloc=368B java alloc=746KB native alloc=971KB free=1588KB
08-30 00:12:03.867  3984  3984 I dex2oat : /system/bin/dex2oat --compiler-filter=verify-at-runtime
08-30 00:12:03.890  3984  3984 I dex2oat : dex2oat took 23.103ms (threads: 8) arena alloc=608B java alloc=158KB native alloc=913KB free=1134KB
08-30 00:12:03.908  3993  3993 I dex2oat : /system/bin/dex2oat --compiler-filter=verify-at-runtime
08-30 00:12:03.927  3993  3993 I dex2oat : dex2oat took 18.528ms (threads: 8) arena alloc=0B java alloc=23KB native alloc=783KB free=752KB
08-30 00:12:03.932  3423  3423 D PackageManager: No files in app dir /vendor/overlay
08-30 00:12:03.933  3423  3423 D PackageManager: start scanDirLI:/system/framework
08-30 00:12:03.933  3423  3423 D PackageManager: max thread:6
08-30 00:12:03.961  3423  4005 I PackageManager: /system/framework/org.cyanogenmod.platform-res.apk changed; collecting certs
08-30 00:12:03.997  3423  4004 I PackageManager: /system/framework/framework-res.apk changed; collecting certs
08-30 00:12:04.055  3423  4005 W PackageManager: Permission cyanogenmod.permission.WRITE_ALARMS from package cyanogenmod.platform in an unknown group android.permission-group.SYSTEM_CLOCK
08-30 00:12:04.055  3423  4005 W PackageManager: Permission cyanogenmod.permission.MANAGE_ALARMS from package cyanogenmod.platform in an unknown group android.permission-group.SYSTEM_CLOCK
08-30 00:12:04.055  3423  4005 W PackageManager: Permission cyanogenmod.permission.READ_ALARMS from package cyanogenmod.platform in an unknown group android.permission-group.SYSTEM_CLOCK
08-30 00:12:05.956  3423  4004 W PackageManager: Permission android.permission.SET_KEYGUARD_WALLPAPER from package android in an unknown group android.permission-group.WALLPAPER
08-30 00:12:05.957  3423  4004 W PackageManager: Permission android.permission.MODIFY_PROTECTED_SMS_LIST from package android in an unknown group android.permission-group.MESSAGES
08-30 00:12:05.957  3423  4004 W PackageManager: Permission android.permission.RECEIVE_PROTECTED_SMS from package android in an unknown group android.permission-group.MESSAGES
08-30 00:12:05.958  3423  4004 W PackageManager: Permission android.permission.RESET_BATTERY_STATS from package android in an unknown group android.permission-group.SYSTEM_TOOLS
08-30 00:12:05.959  3423  3423 D PackageManager: end scanDirLI:/system/framework
08-30 00:12:05.963  3423  3423 D PackageManager: start scanDirLI:/system/priv-app
08-30 00:12:05.963  3423  3423 D PackageManager: max thread:6
08-30 00:12:05.970  3423  4013 I PackageManager: /system/priv-app/BackupRestoreConfirmation changed; collecting certs
08-30 00:12:05.970  3423  4015 I PackageManager: /system/priv-app/CMSettingsProvider changed; collecting certs
08-30 00:12:05.974  3423  4012 I PackageManager: /system/priv-app/AudioFX changed; collecting certs
08-30 00:12:05.977  3423  4014 I PackageManager: /system/priv-app/CMAudioService changed; collecting certs
08-30 00:12:05.978  3423  4004 I PackageManager: /system/priv-app/CalendarProvider changed; collecting certs
08-30 00:12:05.988  3423  4005 I PackageManager: /system/priv-app/CMUpdater changed; collecting certs
08-30 00:12:06.004  3423  4013 I PackageManager: /system/priv-app/CallLogBackup changed; collecting certs
08-30 00:12:06.009  3423  4015 I PackageManager: /system/priv-app/CarrierConfig changed; collecting certs
08-30 00:12:06.010  3423  4004 I PackageManager: New shared user android.uid.calendar: id=10001
08-30 00:12:06.024  3423  4004 I PackageManager: /system/priv-app/CellBroadcastReceiver changed; collecting certs
08-30 00:12:06.029  3423  4013 I PackageManager: New shared user android.uid.shared: id=10002
08-30 00:12:06.045  3423  4012 I PackageManager: /system/priv-app/ContactsProvider changed; collecting certs
08-30 00:12:06.076  3423  4013 W PackageParser: No actions in intent filter at /system/priv-app/Contacts/Contacts.apk Binary XML file line #301
08-30 00:12:06.081  3423  4013 I PackageManager: /system/priv-app/Contacts changed; collecting certs
08-30 00:12:06.082  3423  4014 I PackageManager: /system/priv-app/CyanogenSetupWizard changed; collecting certs
08-30 00:12:06.087  3423  4004 I PackageManager: /system/priv-app/DataUsageProvider changed; collecting certs
08-30 00:12:06.100  3423  4012 I PackageManager: /system/priv-app/DefaultContainerService changed; collecting certs
08-30 00:12:06.150  3423  4012 I PackageManager: /system/priv-app/DownloadProvider changed; collecting certs
08-30 00:12:06.164  3423  4004 W PackageParser: No actions in intent filter at /system/priv-app/Dialer/Dialer.apk Binary XML file line #152
08-30 00:12:06.169  3423  4004 I PackageManager: /system/priv-app/Dialer changed; collecting certs
08-30 00:12:06.180  3423  4012 I PackageManager: New shared user android.media: id=10007
08-30 00:12:06.185  3423  4012 W PackageManager: Permission android.permission.DOWNLOAD_WITHOUT_NOTIFICATION from package com.android.providers.downloads in an unknown group android.permission-group.NETWORK
08-30 00:12:06.192  3423  4012 I PackageManager: /system/priv-app/ExternalStorageProvider changed; collecting certs
08-30 00:12:06.230  3423  4012 I PackageManager: /system/priv-app/InputDevices changed; collecting certs
08-30 00:12:06.232  3423  4005 I PackageManager: /system/priv-app/FusedLocation changed; collecting certs
08-30 00:12:06.278  3423  4005 I PackageManager: /system/priv-app/LiveLockScreenService changed; collecting certs
08-30 00:12:06.309  3423  4012 I PackageManager: /system/priv-app/ManagedProvisioning changed; collecting certs
08-30 00:12:06.330  3423  4005 I PackageManager: /system/priv-app/MediaProvider changed; collecting certs
08-30 00:12:06.392  3423  4012 I PackageManager: /system/priv-app/MmsService changed; collecting certs
08-30 00:12:06.406  3423  4015 I PackageManager: /system/priv-app/OneTimeInitializer changed; collecting certs
08-30 00:12:06.414  3423  4005 I PackageManager: /system/priv-app/PackageInstaller changed; collecting certs
08-30 00:12:06.439  3423  4012 I PackageManager: /system/priv-app/ProxyHandler changed; collecting certs
08-30 00:12:06.449  3423  4015 I PackageManager: /system/priv-app/Screencast changed; collecting certs
08-30 00:12:06.497  3423  4015 I PackageManager: /system/priv-app/SettingsProvider changed; collecting certs
08-30 00:12:06.545  3423  4015 I PackageManager: /system/priv-app/SharedStorageBackup changed; collecting certs
08-30 00:12:06.588  3423  4015 I PackageManager: /system/priv-app/Shell changed; collecting certs
08-30 00:12:06.620  3423  4012 I PackageManager: /system/priv-app/Settings changed; collecting certs
08-30 00:12:06.625  3423  4015 I PackageManager: /system/priv-app/StatementService changed; collecting certs
08-30 00:12:06.703  3423  4015 I PackageManager: /system/priv-app/SystemUI changed; collecting certs
08-30 00:12:06.891  3423  4005 W PackageParser: Ignoring duplicate uses-permissions/uses-permissions-sdk-m: android.permission.ACCESS_WIFI_STATE in package: com.android.phone at: Binary XML file line #132
08-30 00:12:06.905  3423  4005 I PackageManager: /system/priv-app/TeleService changed; collecting certs
08-30 00:12:07.127  3423  4005 I PackageManager: /system/priv-app/Telecom changed; collecting certs
08-30 00:12:07.190  3423  4005 I PackageManager: /system/priv-app/TelephonyProvider changed; collecting certs
08-30 00:12:07.261  3423  4005 I PackageManager: /system/priv-app/ThemeChooser changed; collecting certs
08-30 00:12:07.392  3423  4005 I PackageManager: New shared user org.cyanogenmod.themes: id=10019
08-30 00:12:07.412  3423  4005 I PackageManager: /system/priv-app/ThemeManagerService changed; collecting certs
08-30 00:12:07.482  3423  4005 I PackageManager: /system/priv-app/ThemesProvider changed; collecting certs
08-30 00:12:07.558  3423  4005 I PackageManager: /system/priv-app/Trebuchet changed; collecting certs
08-30 00:12:07.715  3423  4015 I PackageManager: New shared user android.uid.systemui: id=10021
08-30 00:12:07.726  3423  4014 I PackageManager: /system/priv-app/VpnDialogs changed; collecting certs
08-30 00:12:07.730  3423  4015 I PackageManager: /system/priv-app/WallpaperCropper changed; collecting certs
08-30 00:12:07.762  3423  4014 I PackageManager: /system/priv-app/WeatherManagerService changed; collecting certs
08-30 00:12:07.767  3423  4015 I PackageManager: /system/priv-app/WeatherProvider changed; collecting certs
08-30 00:12:07.840  3423  4005 W PackageManager: Permission com.android.launcher.permission.INSTALL_SHORTCUT from package com.cyanogenmod.trebuchet in an unknown group android.permission-group.SYSTEM_TOOLS
08-30 00:12:07.840  3423  4005 W PackageManager: Permission com.android.launcher3.permission.READ_SETTINGS from package com.cyanogenmod.trebuchet in an unknown group android.permission-group.SYSTEM_TOOLS
08-30 00:12:07.840  3423  4005 W PackageManager: Permission com.android.launcher3.permission.WRITE_SETTINGS from package com.cyanogenmod.trebuchet in an unknown group android.permission-group.SYSTEM_TOOLS
08-30 00:12:08.600  3423  3423 D PackageManager: end scanDirLI:/system/priv-app
08-30 00:12:08.601  3423  3423 D PackageManager: start scanDirLI:/system/app
08-30 00:12:08.601  3423  3423 D PackageManager: max thread:6
08-30 00:12:08.611  3423  4014 I PackageManager: /system/app/BasicDreams changed; collecting certs
08-30 00:12:08.611  3423  4012 I PackageManager: /system/app/CMWallpapers changed; collecting certs
08-30 00:12:08.612  3423  4005 I PackageManager: /system/app/BluetoothMidiService changed; collecting certs
08-30 00:12:08.622  3423  4015 W PackageParser: No actions in intent filter at /system/app/Bluetooth/Bluetooth.apk Binary XML file line #235
08-30 00:12:08.625  3423  4015 I PackageManager: /system/app/Bluetooth changed; collecting certs
08-30 00:12:08.626  3423  4013 I PackageManager: /system/app/Browser changed; collecting certs
08-30 00:12:08.634  3423  4004 W PackageParser: No actions in intent filter at /system/app/CMFileManager/CMFileManager.apk Binary XML file line #164
08-30 00:12:08.640  3423  4004 I PackageManager: /system/app/CMFileManager changed; collecting certs
08-30 00:12:08.662  3423  4014 I PackageManager: /system/app/Calendar changed; collecting certs
08-30 00:12:08.695  3423  4005 I PackageManager: /system/app/Camera2 changed; collecting certs
08-30 00:12:08.701  3423  4015 I PackageManager: /system/app/CaptivePortalLogin changed; collecting certs
08-30 00:12:08.711  3423  4012 I PackageManager: /system/app/CertInstaller changed; collecting certs
08-30 00:12:08.777  3423  4012 I PackageManager: /system/app/Development changed; collecting certs
08-30 00:12:08.789  3423  4015 I PackageManager: /system/app/DeskClock changed; collecting certs
08-30 00:12:08.843  3423  4012 I PackageManager: /system/app/DocumentsUI changed; collecting certs
08-30 00:12:08.857  3423  4013 I PackageManager: /system/app/DownloadProviderUi changed; collecting certs
08-30 00:12:08.911  3423  4004 I PackageManager: /system/app/Eleven changed; collecting certs
08-30 00:12:08.985  3423  4012 I PackageManager: /system/app/ExactCalculator changed; collecting certs
08-30 00:12:09.022  3423  4013 I PackageManager: /system/app/Email changed; collecting certs
08-30 00:12:09.058  3423  4014 I PackageManager: /system/app/Exchange2 changed; collecting certs
08-30 00:12:09.065  3423  4012 I PackageManager: /system/app/Galaxy4 changed; collecting certs
08-30 00:12:09.141  3423  4004 W PackageParser: Unknown element under <application>: permission at /system/app/Gallery2/Gallery2.apk Binary XML file line #278
08-30 00:12:09.141  3423  4004 W PackageParser: Unknown element under <application>: permission at /system/app/Gallery2/Gallery2.apk Binary XML file line #281
08-30 00:12:09.145  3423  4004 I PackageManager: /system/app/Gallery2 changed; collecting certs
08-30 00:12:09.154  3423  4014 I PackageManager: /system/app/HTMLViewer changed; collecting certs
08-30 00:12:09.213  3423  4014 I PackageManager: /system/app/HoloSpiralWallpaper changed; collecting certs
08-30 00:12:09.242  3423  4015 I PackageManager: /system/app/KeyChain changed; collecting certs
08-30 00:12:09.249  3423  4012 I PackageManager: /system/app/HexoLibre changed; collecting certs
08-30 00:12:09.294  3423  4015 I PackageManager: /system/app/LiveWallpapers changed; collecting certs
08-30 00:12:09.310  3423  4014 I PackageManager: /system/app/LatinIME changed; collecting certs
08-30 00:12:09.337  3423  4005 I PackageManager: /system/app/LiveWallpapersPicker changed; collecting certs
08-30 00:12:09.381  3423  4015 I PackageManager: /system/app/LockClock changed; collecting certs
08-30 00:12:09.395  3423  4005 I PackageManager: /system/app/NoiseField changed; collecting certs
08-30 00:12:09.455  3423  4005 I PackageManager: /system/app/PacProcessor changed; collecting certs
08-30 00:12:09.487  3423  4005 I PackageManager: /system/app/PhaseBeam changed; collecting certs
08-30 00:12:09.549  3423  4005 I PackageManager: /system/app/PhotoPhase changed; collecting certs
08-30 00:12:09.698  3423  4005 I PackageManager: /system/app/PhotoTable changed; collecting certs
08-30 00:12:09.723  3423  4015 I PackageManager: /system/app/PicoTts changed; collecting certs
08-30 00:12:09.768  3423  4005 I PackageManager: /system/app/PrintSpooler changed; collecting certs
08-30 00:12:09.769  3423  4015 I PackageManager: /system/app/Profiles changed; collecting certs
08-30 00:12:09.803  3423  4004 I PackageManager: /system/app/Provision changed; collecting certs
08-30 00:12:09.841  3423  4004 I PackageManager: /system/app/RootPA changed; collecting certs
08-30 00:12:09.852  3423  4015 I PackageManager: /system/app/SamsungServiceMode changed; collecting certs
08-30 00:12:09.855  3423  4013 I PackageManager: /system/app/SoundRecorder changed; collecting certs
08-30 00:12:09.863  3423  4005 I PackageManager: /system/app/Stk changed; collecting certs
08-30 00:12:09.900  3423  4012 I PackageManager: /system/app/WAPPushManager changed; collecting certs
08-30 00:12:09.905  3423  4004 I PackageManager: /system/app/UserDictionaryProvider changed; collecting certs
08-30 00:12:09.912  3423  4015 I PackageManager: /system/app/Terminal changed; collecting certs
08-30 00:12:09.916  3423  4013 W PackageManager: Failed to parse /system/app/mcRegistry: Missing base APK in /system/app/mcRegistry
08-30 00:12:09.920  3423  4005 I PackageManager: /system/app/WallpaperPicker changed; collecting certs
08-30 00:12:09.931  3423  4012 I PackageManager: /system/app/telresources changed; collecting certs
08-30 00:12:09.943  3423  4013 I PackageManager: /system/app/messaging changed; collecting certs
08-30 00:12:09.979  3423  4004 I PackageManager: /system/app/webview changed; collecting certs
08-30 00:12:11.499  3423  3423 D PackageManager: end scanDirLI:/system/app
08-30 00:12:11.499  3423  3423 D PackageManager: No files in app dir /system/vendor/app
08-30 00:12:11.499  3423  3423 D PackageManager: No files in app dir /oem/app
08-30 00:12:11.499  3423  3423 D PackageManager: No files in app dir /vendor/bundled-app
08-30 00:12:11.501  3423  3423 D PackageManager: start scanDirLI:/data/app
08-30 00:12:11.501  3423  3423 D PackageManager: max thread:6
08-30 00:12:11.501  3423  4005 W PackageManager: Failed to parse /data/app/mcRegistry: Missing base APK in /data/app/mcRegistry
08-30 00:12:11.501  3423  3423 D PackageManager: end scanDirLI:/data/app
08-30 00:12:11.501  3423  3423 D PackageManager: No files in app dir /data/app-private
08-30 00:12:11.502  3423  3423 W PackageManager: Package com.android.dialer desires unavailable shared library com.qualcomm.qti.smartsearch; ignoring!
08-30 00:12:11.502  3423  3423 W PackageManager: Package com.android.gallery3d desires unavailable shared library com.google.android.media.effects; ignoring!
08-30 00:12:11.502  3423  3423 W PackageManager: Package com.android.gallery3d desires unavailable shared library com.google.android.media.effects; ignoring!
08-30 00:12:11.502  3423  3423 I PackageManager: Adjusting ABI for : com.android.development to arm64-v8a
08-30 00:12:11.502  3423  3423 I PackageManager.DexOptimizer: Running dexopt (dex2oat) on: /system/app/Development/Development.apk pkg=com.android.development isa=arm64 vmSafeMode=false debuggable=false oatDir = null bootComplete=false
08-30 00:12:11.518  4020  4020 I dex2oat : /system/bin/dex2oat --compiler-filter=verify-at-runtime
08-30 00:12:11.547  4020  4020 I dex2oat : dex2oat took 29.446ms (threads: 8) arena alloc=144B java alloc=543KB native alloc=1064KB free=2007KB
08-30 00:12:11.551  3423  3423 I PackageManager: Adjusting ABI for : cyanogenmod.platform to arm64-v8a
08-30 00:12:11.551  2955  2955 E installd: invalid apk path '/system/framework/org.cyanogenmod.platform-res.apk' (bad prefix)
08-30 00:12:11.551  3423  3423 I PackageManager: Adjusting ABI for : org.cyanogenmod.cmsettings to arm64-v8a
08-30 00:12:11.551  3423  3423 I PackageManager.DexOptimizer: Running dexopt (dex2oat) on: /system/priv-app/CMSettingsProvider/CMSettingsProvider.apk pkg=org.cyanogenmod.cmsettings isa=arm64 vmSafeMode=false debuggable=false oatDir = null bootComplete=false
08-30 00:12:11.567  4029  4029 I dex2oat : /system/bin/dex2oat --compiler-filter=verify-at-runtime
08-30 00:12:11.592  4029  4029 I dex2oat : dex2oat took 24.883ms (threads: 8) arena alloc=224B java alloc=209KB native alloc=912KB free=879KB
08-30 00:12:11.595  3423  3423 I PackageManager: Adjusting ABI for : com.android.settings to arm64-v8a
08-30 00:12:11.596  3423  3423 I PackageManager.DexOptimizer: Running dexopt (dex2oat) on: /system/priv-app/Settings/Settings.apk pkg=com.android.settings isa=arm64 vmSafeMode=false debuggable=false oatDir = null bootComplete=false
08-30 00:12:11.611  4038  4038 I dex2oat : /system/bin/dex2oat --compiler-filter=verify-at-runtime
08-30 00:12:11.826  4038  4038 I dex2oat : dex2oat took 214.709ms (threads: 8) arena alloc=2120B java alloc=8MB native alloc=1787KB free=2MB
08-30 00:12:11.830  3423  3423 I PackageManager: Adjusting ABI for : com.android.keychain to arm64-v8a
08-30 00:12:11.831  3423  3423 I PackageManager.DexOptimizer: Running dexopt (dex2oat) on: /system/app/KeyChain/KeyChain.apk pkg=com.android.keychain isa=arm64 vmSafeMode=false debuggable=false oatDir = null bootComplete=false
08-30 00:12:11.846  4048  4048 I dex2oat : /system/bin/dex2oat --compiler-filter=verify-at-runtime
08-30 00:12:11.867  4048  4048 I dex2oat : dex2oat took 20.649ms (threads: 8) arena alloc=1272B java alloc=126KB native alloc=912KB free=1135KB
08-30 00:12:11.870  3423  3423 I PackageManager: Adjusting ABI for : com.android.providers.settings to arm64-v8a
08-30 00:12:11.870  3423  3423 I PackageManager.DexOptimizer: Running dexopt (dex2oat) on: /system/priv-app/SettingsProvider/SettingsProvider.apk pkg=com.android.providers.settings isa=arm64 vmSafeMode=false debuggable=false oatDir = null bootComplete=false
08-30 00:12:11.886  4057  4057 I dex2oat : /system/bin/dex2oat --compiler-filter=verify-at-runtime
08-30 00:12:11.917  4057  4057 I dex2oat : dex2oat took 31.311ms (threads: 8) arena alloc=168B java alloc=256KB native alloc=1137KB free=2MB
08-30 00:12:11.920  3423  3423 I PackageManager: Adjusting ABI for : com.android.server.telecom to arm64-v8a
08-30 00:12:11.920  3423  3423 I PackageManager.DexOptimizer: Running dexopt (dex2oat) on: /system/priv-app/Telecom/Telecom.apk pkg=com.android.server.telecom isa=arm64 vmSafeMode=false debuggable=false oatDir = null bootComplete=false
08-30 00:12:11.936  4066  4066 I dex2oat : /system/bin/dex2oat --compiler-filter=verify-at-runtime
08-30 00:12:11.980  4066  4066 I dex2oat : dex2oat took 43.895ms (threads: 8) arena alloc=1000B java alloc=651KB native alloc=799KB free=1761KB
08-30 00:12:11.983  3423  3423 I PackageManager: Adjusting ABI for : com.android.location.fused to arm64-v8a
08-30 00:12:11.984  3423  3423 I PackageManager.DexOptimizer: Running dexopt (dex2oat) on: /system/priv-app/FusedLocation/FusedLocation.apk pkg=com.android.location.fused isa=arm64 vmSafeMode=false debuggable=false oatDir = null bootComplete=false
08-30 00:12:11.999  4075  4075 I dex2oat : /system/bin/dex2oat --compiler-filter=verify-at-runtime
08-30 00:12:12.018  4075  4075 I dex2oat : dex2oat took 18.935ms (threads: 8) arena alloc=0B java alloc=52KB native alloc=804KB free=731KB
08-30 00:12:12.021  3423  3423 I PackageManager: Adjusting ABI for : com.cyanogenmod.setupwizard to arm64-v8a
08-30 00:12:12.022  3423  3423 I PackageManager.DexOptimizer: Running dexopt (dex2oat) on: /system/priv-app/CyanogenSetupWizard/CyanogenSetupWizard.apk pkg=com.cyanogenmod.setupwizard isa=arm64 vmSafeMode=false debuggable=false oatDir = null bootComplete=false
08-30 00:12:12.038  4084  4084 I dex2oat : /system/bin/dex2oat --compiler-filter=verify-at-runtime
08-30 00:12:12.178  4084  4084 I dex2oat : dex2oat took 140.884ms (threads: 8) arena alloc=368B java alloc=3MB native alloc=1525KB free=2MB
08-30 00:12:12.182  3423  3423 I PackageManager: Adjusting ABI for : org.cyanogenmod.providers.datausage to arm64-v8a
08-30 00:12:12.183  3423  3423 I PackageManager.DexOptimizer: Running dexopt (dex2oat) on: /system/priv-app/DataUsageProvider/DataUsageProvider.apk pkg=org.cyanogenmod.providers.datausage isa=arm64 vmSafeMode=false debuggable=false oatDir = null bootComplete=false
08-30 00:12:12.199  4093  4093 I dex2oat : /system/bin/dex2oat --compiler-filter=verify-at-runtime
08-30 00:12:12.237  4093  4093 I dex2oat : dex2oat took 38.936ms (threads: 8) arena alloc=224B java alloc=535KB native alloc=739KB free=2MB
08-30 00:12:12.240  3423  3423 I PackageManager: Adjusting ABI for : com.android.inputdevices to arm64-v8a
08-30 00:12:12.241  3423  3423 I PackageManager.DexOptimizer: Running dexopt (dex2oat) on: /system/priv-app/InputDevices/InputDevices.apk pkg=com.android.inputdevices isa=arm64 vmSafeMode=false debuggable=false oatDir = null bootComplete=false
08-30 00:12:12.257  4102  4102 I dex2oat : /system/bin/dex2oat --compiler-filter=verify-at-runtime
08-30 00:12:12.275  4102  4102 I dex2oat : dex2oat took 18.397ms (threads: 8) arena alloc=0B java alloc=17KB native alloc=784KB free=751KB
08-30 00:12:12.278  3423  3423 I PackageManager: Time to scan packages: 10.66 seconds
08-30 00:12:12.279  3423  3423 W PackageManager: Unknown permission com.google.android.googleapps.permission.GOOGLE_AUTH in package com.android.providers.calendar
08-30 00:12:12.279  3423  3423 W PackageManager: Unknown permission com.google.android.googleapps.permission.GOOGLE_AUTH.cl in package com.android.providers.calendar
08-30 00:12:12.280  3423  3423 W PackageManager: Not granting permission android.permission.REAL_GET_TASKS to package org.cyanogenmod.wallpapers.photophase (protectionLevel=18 flags=0x3818be45)
08-30 00:12:12.282  3423  3423 W PackageManager: Unknown permission com.cyanogen.ambient.permission.BIND_CALLER_INFO in package com.android.messaging
08-30 00:12:12.283  3423  3423 W PackageManager: Not granting permission android.permission.ACCESS_DOWNLOAD_MANAGER to package com.android.browser (protectionLevel=18 flags=0x3849be45)
08-30 00:12:12.283  3423  3423 W PackageManager: Not granting permission android.permission.SEND_DOWNLOAD_COMPLETED_INTENTS to package com.android.browser (protectionLevel=2 flags=0x3849be45)
08-30 00:12:12.287  3423  3423 W PackageManager: Unknown permission com.cyngn.stats.SEND_ANALYTICS in package com.cyanogenmod.setupwizard
08-30 00:12:12.287  3423  3423 W PackageManager: Unknown permission com.cyanogen.permission.REQUEST_KILL_SWITCH_OP in package com.cyanogenmod.setupwizard
08-30 00:12:12.288  3423  3423 W PackageManager: Unknown permission com.cyanogen.ambient.permission.BIND_INCALL_SERVICE in package com.android.contacts
08-30 00:12:12.288  3423  3423 W PackageManager: Unknown permission com.cyanogen.ambient.permission.PLUGIN_STATUS_CHANGED in package com.android.contacts
08-30 00:12:12.288  3423  3423 W PackageManager: Unknown permission com.cyanogen.ambient.permission.BIND_CALLER_INFO in package com.android.contacts
08-30 00:12:12.291  3423  3423 W PackageManager: Unknown permission com.google.android.googleapps.permission.GOOGLE_AUTH.mail in package com.android.calendar
08-30 00:12:12.293  3423  3423 W PackageManager: Unknown permission com.android.launcher.permission.READ_SETTINGS in package com.android.onetimeinitializer
08-30 00:12:12.293  3423  3423 W PackageManager: Unknown permission com.android.launcher.permission.WRITE_SETTINGS in package com.android.onetimeinitializer
08-30 00:12:12.296  3423  3423 W PackageManager: Unknown permission com.cyanogen.ambient.permission.BIND_INCALL_SERVICE in package com.android.dialer
08-30 00:12:12.296  3423  3423 W PackageManager: Unknown permission com.cyanogen.ambient.permission.PLUGIN_STATUS_CHANGED in package com.android.dialer
08-30 00:12:12.296  3423  3423 W PackageManager: Unknown permission com.cyanogen.ambient.permission.PUBLISH_DISCOVERY_NUDGE in package com.android.dialer
08-30 00:12:12.296  3423  3423 W PackageManager: Unknown permission com.cyanogen.ambient.permission.BIND_DEEPLINK_SERVICE in package com.android.dialer
08-30 00:12:12.296  3423  3423 W PackageManager: Unknown permission com.cyanogen.ambient.permission.READ_DEEPLINK_DATABASE in package com.android.dialer
08-30 00:12:12.296  3423  3423 W PackageManager: Unknown permission com.cyanogen.ambient.permission.BIND_CALLER_INFO in package com.android.dialer
08-30 00:12:12.298  3423  3423 W PackageManager: Unknown permission com.android.launcher.permission.READ_SETTINGS in package com.cyanogenmod.trebuchet
08-30 00:12:12.298  3423  3423 W PackageManager: Unknown permission com.android.launcher.permission.WRITE_SETTINGS in package com.cyanogenmod.trebuchet
08-30 00:12:12.298  3423  3423 W PackageManager: Unknown permission com.cyngn.stats.SEND_ANALYTICS in package com.cyanogenmod.trebuchet
08-30 00:12:12.299  3423  3423 W PackageManager: Unknown permission android.permission.CANCEL_NOTIFICATIONS in package org.cyanogenmod.theme.chooser
08-30 00:12:12.300  3423  3423 W PackageManager: Unknown permission com.google.android.permission.INSTALL_WEARABLE_PACKAGES in package com.android.packageinstaller
08-30 00:12:12.300  3423  3423 W PackageManager: Not granting permission android.permission.DELETE_PACKAGES to package com.svox.pico (protectionLevel=18 flags=0x3808be45)
08-30 00:12:12.300  3423  3423 W PackageManager: Unknown permission android.permission.ACCESS_SUPERUSER in package com.cyanogenmod.filemanager
08-30 00:12:12.301  3423  3423 W PackageManager: Unknown permission com.cyanogenmod.filemanager.permissions.READ_THEME in package com.cyanogenmod.filemanager
08-30 00:12:12.303  3423  3423 W PackageManager: Unknown permission com.google.android.gallery3d.permission.PICASA_STORE in package com.android.dreams.phototable
08-30 00:12:12.305  3423  3423 W PackageManager: Unknown permission com.google.android.googleapps.permission.GOOGLE_AUTH in package com.android.settings
08-30 00:12:12.306  3423  3423 W PackageManager: Unknown permission com.android.launcher.permission.READ_SETTINGS in package com.android.settings
08-30 00:12:12.306  3423  3423 W PackageManager: Unknown permission com.android.launcher.permission.WRITE_SETTINGS in package com.android.settings
08-30 00:12:12.308  3423  3423 W PackageManager: Not granting permission android.permission.REAL_GET_TASKS to package com.cyanogenmod.eleven (protectionLevel=18 flags=0x3818be65)
08-30 00:12:12.330  3423  3423 W PackageManager: Unknown permission com.google.android.gallery3d.permission.GALLERY_PROVIDER in package com.android.bluetooth
08-30 00:12:12.331  3423  3423 W PackageManager: Unknown permission com.google.android.googleapps.permission.ACCESS_GOOGLE_PASSWORD in package com.android.development
08-30 00:12:12.331  3423  3423 W PackageManager: Unknown permission com.google.android.googleapps.permission.GOOGLE_AUTH in package com.android.development
08-30 00:12:12.331  3423  3423 W PackageManager: Unknown permission com.google.android.googleapps.permission.GOOGLE_AUTH.ALL_SERVICES in package com.android.development
08-30 00:12:12.331  3423  3423 W PackageManager: Unknown permission com.google.android.googleapps.permission.GOOGLE_AUTH.YouTubeUser in package com.android.development
08-30 00:12:12.334  3423  3423 V PackageManager: Disabling com.google.android.gsf/com.google.android.gsf.update.SystemUpdateActivity
08-30 00:12:12.334  3423  3423 W PackageManager: Unable to disable com.google.android.gsf/com.google.android.gsf.update.SystemUpdateActivity
08-30 00:12:12.334  3423  3423 V PackageManager: Disabling com.google.android.gsf/com.google.android.gsf.update.SystemUpdateService$Receiver
08-30 00:12:12.334  3423  3423 W PackageManager: Unable to disable com.google.android.gsf/com.google.android.gsf.update.SystemUpdateService$Receiver
08-30 00:12:12.334  3423  3423 V PackageManager: Disabling com.google.android.gsf/com.google.android.gsf.update.SystemUpdateService$SecretCodeReceiver
08-30 00:12:12.334  3423  3423 W PackageManager: Unable to disable com.google.android.gsf/com.google.android.gsf.update.SystemUpdateService$SecretCodeReceiver
08-30 00:12:12.334  3423  3423 V PackageManager: Disabling com.google.android.gms/com.google.android.gms.update.SystemUpdateActivity
08-30 00:12:12.334  3423  3423 W PackageManager: Unable to disable com.google.android.gms/com.google.android.gms.update.SystemUpdateActivity
08-30 00:12:12.334  3423  3423 V PackageManager: Disabling com.google.android.gms/com.google.android.gms.update.SystemUpdateService$Receiver
08-30 00:12:12.334  3423  3423 W PackageManager: Unable to disable com.google.android.gms/com.google.android.gms.update.SystemUpdateService$Receiver
08-30 00:12:12.334  3423  3423 V PackageManager: Disabling com.google.android.gms/com.google.android.gms.update.SystemUpdateService$ActiveReceiver
08-30 00:12:12.334  3423  3423 W PackageManager: Unable to disable com.google.android.gms/com.google.android.gms.update.SystemUpdateService$ActiveReceiver
08-30 00:12:12.334  3423  3423 V PackageManager: Disabling com.google.android.gms/com.google.android.gms.update.SystemUpdateService$SecretCodeReceiver
08-30 00:12:12.334  3423  3423 W PackageManager: Unable to disable com.google.android.gms/com.google.android.gms.update.SystemUpdateService$SecretCodeReceiver
08-30 00:12:12.334  3423  3423 V PackageManager: Enabling com.google.android.gsf/com.google.android.gsf.update.SystemUpdateService
08-30 00:12:12.334  3423  3423 W PackageManager: Unable to enable com.google.android.gsf/com.google.android.gsf.update.SystemUpdateService
08-30 00:12:12.334  3423  3423 V PackageManager: Enabling com.google.android.gms/com.google.android.gms.update.SystemUpdateService
08-30 00:12:12.334  3423  3423 W PackageManager: Unable to enable com.google.android.gms/com.google.android.gms.update.SystemUpdateService
08-30 00:12:12.543  3423  3423 I art     : Starting a blocking GC Explicit
08-30 00:12:12.572  3423  3423 I art     : Explicit concurrent mark sweep GC freed 254289(12MB) AllocSpace objects, 38(4MB) LOS objects, 33% free, 28MB/42MB, paused 107us total 28.266ms
08-30 00:12:12.572  3423  3423 I SystemServer: User Service
08-30 00:12:12.581  2932  2932 I lowmemorykiller: ActivityManager connected
08-30 00:12:12.587  3423  3423 I SystemServiceManager: Starting com.android.server.BatteryService
08-30 00:12:12.587  3423  4112 I         : System server: starting sensor init.
08-30 00:12:12.587  3423  4112 D SensorService: nuSensorService starting...
08-30 00:12:12.592  3423  4112 I Sensors : getName:gyro_sensor name = K6DS3TR.
08-30 00:12:12.592  3423  4112 I Sensors : Proximity old sensor_state 0, new sensor_state : 128 en : 1
08-30 00:12:12.597  3423  3423 I SystemServiceManager: Starting com.android.server.usage.UsageStatsService
08-30 00:12:12.608  3423  4112 I Sensors : Light old sensor_state 128, new sensor_state : 640 en : 1
08-30 00:12:12.613  3423  4112 I Sensors : Light_IR old sensor_state 640, new sensor_state : 16777856 en : 1
08-30 00:12:12.613  3423  4112 E Sensors : Light_IR_Sensor write failed. ret = -1, sensor_state = 16777856
08-30 00:12:12.614  3423  4112 I Sensors : SigMotionSensor old sensor_state 640, new sensor_state : 17024 en : 1
08-30 00:12:12.616  3423  3423 I UsageStatsDatabase: Upgrading from version 0 to 3
08-30 00:12:12.616  3423  3423 I UsageStatsDatabase: Deleting all usage stats files
08-30 00:12:12.618  3423  3423 I UsageStatsService: User[0] Rollover scheduled @ 2016-08-31 00:00:00(1472601600000)
08-30 00:12:12.619  3423  4112 I Sensors : getName:gyro_sensor name = K6DS3TR.
08-30 00:12:12.620  3423  4112 I Sensors : StepCounterSensor old sensor_state 17024, new sensor_state : 279168 en : 1
08-30 00:12:12.620  3423  4112 E Sensors : StepCounterSensor write failed. ret = -1, sensor_state = 279168
08-30 00:12:12.620  3423  4112 I Sensors : Int.Gyro old sensor_state 17024, new sensor_state : 33571456 en : 1
08-30 00:12:12.620  3423  4112 E Sensors : Int.GyroSensor write failed. ret = -1, sensor_state = 33571456
08-30 00:12:12.620  3423  4112 I Sensors : getName:gyro_sensor name = K6DS3TR.
08-30 00:12:12.620  3423  4112 I Sensors : HrmSpO2Sensor:: part type = 12.
08-30 00:12:12.620  3423  4112 D Sensors : HrmSpO2Sensor::type:12, prox threshold:10000
08-30 00:12:12.620  3423  4112 D Sensors : HrmSpO2Sensor::handle:0 ,en:1
08-30 00:12:12.620  3423  4112 E Sensors : HrmSpO2Sensor::Error MAXIM Flicker Library...handle=0x0
08-30 00:12:12.620  3423  4112 D Sensors : HrmSpO2Sensor::HrmSpO2Sensor: Shared version Registered
08-30 00:12:12.620  3423  4112 D Sensors : HrmLedSensor enable: mEnabled 0, handle 20, en 1
08-30 00:12:12.620  3423  4112 D Sensors : HRMSensor led enabled:1, en:1
08-30 00:12:12.624  3423  4112 I Sensors : getVendor:hrm_sensor vendor = MAXIM.
08-30 00:12:12.624  3423  4112 I Sensors : HrmLedSensor: HrmLedSensor vendor = MAXIM.
08-30 00:12:12.624  3423  4112 D Sensors : HRMSensor_LED::libhr open start!! 
08-30 00:12:12.624  3423  4112 E Sensors : HRMSensor_LED::libhr open failed 
08-30 00:12:12.625  3423  4112 E Sensors : GripSensor: enable
08-30 00:12:12.654  3423  4112 I Sensors : Proximity old sensor_state 17024, new sensor_state : 16896 en : 0
08-30 00:12:12.654  3423  4112 I Sensors : Light old sensor_state 16896, new sensor_state : 16384 en : 0
08-30 00:12:12.654  3423  4112 I Sensors : SigMotionSensor old sensor_state 16384, new sensor_state : 0 en : 0
08-30 00:12:12.654  3423  4112 E Sensors : GripSensor: enable
08-30 00:12:12.654  3423  4112 D Sensors : HrmSpO2Sensor::handle:19 ,en:0
08-30 00:12:12.654  3423  4112 D Sensors : HrmSpO2Sensor::isEnabled:0 ,en:0, mEn:0
08-30 00:12:12.654  3423  4112 D Sensors : HrmSpO2Sensor::handle:28 ,en:0
08-30 00:12:12.654  3423  4112 D Sensors : HrmSpO2Sensor::isEnabled:0 ,en:0, mEn:0
08-30 00:12:12.654  3423  4112 D Sensors : HrmLedSensor enable: mEnabled 1, handle 20, en 0
08-30 00:12:12.654  3423  4112 D Sensors : HRMSensor_LED::enable 
08-30 00:12:12.654  3423  4112 D Sensors : HRMSensor led enabled:0, en:0
08-30 00:12:12.655  3423  4112 D Sensors : HrmLedSensor enable: mEnabled 0, handle 21, en 0
08-30 00:12:12.655  3423  4112 D Sensors : HrmLedSensor isEnabled:0 ,en:0
08-30 00:12:12.655  3423  4112 D Sensors : HrmSpO2Sensor::handle:18 ,en:0
08-30 00:12:12.655  3423  4112 D Sensors : HrmSpO2Sensor::isEnabled:0 ,en:0, mEn:0
08-30 00:12:12.656  3423  4112 I         : System server: sensor init done.
08-30 00:12:12.656  3423  4114 D SensorService: nuSensorService thread starting...
08-30 00:12:12.656  3423  4113 D SensorService: new thread SensorEventAckReceiver
08-30 00:12:12.663  3423  3423 I UsageStatsService: User[0] Flushing usage stats to disk
08-30 00:12:12.707  3423  3423 I SystemServiceManager: Starting com.android.server.webkit.WebViewUpdateService
08-30 00:12:12.708  3423  3423 I SystemServer: Reading configuration...
08-30 00:12:12.708  3423  3423 I SystemServer: Scheduling Policy
08-30 00:12:12.709  3423  3423 I SystemServiceManager: Starting com.android.server.telecom.TelecomLoaderService
08-30 00:12:12.710  3423  3423 I SystemServer: Telephony Registry
08-30 00:12:12.719  3423  3423 I SystemServer: Entropy Mixer
08-30 00:12:12.720  3423  3423 W EntropyMixer: No existing entropy file -- first boot?
08-30 00:12:12.739  3423  3423 I EntropyMixer: Added HW RNG output to entropy pool
08-30 00:12:12.739  3423  3423 I EntropyMixer: Writing entropy...
08-30 00:12:12.747  3423  3423 I SystemServer: Camera Service
08-30 00:12:12.747  3423  3423 I SystemServiceManager: Starting com.android.server.camera.CameraService
08-30 00:12:12.749  3423  4115 I ServiceThread: Enabled StrictMode logging for CameraService_proxy looper.
08-30 00:12:12.750  3423  3423 I SystemServer: Account Manager
08-30 00:12:12.765  3423  3423 I SystemServer: Content Manager
08-30 00:12:12.768  3423  3423 I SystemServer: System Content Providers
08-30 00:12:12.772  3423  3423 W System  : ClassLoader referenced unknown path: /system/priv-app/CMSettingsProvider/lib/arm64
08-30 00:12:12.802  3423  3423 D ActivityThread: Loading provider settings: com.android.providers.settings.SettingsProvider
