09-01 05:30:48.385  3092  3129 E         : Runtime and build version of gralloc private structure does not match. Errors will likely follow.
09-01 05:30:48.393  2931  2931 E         : invalid gralloc handle (at 0x7f99d165b0)
09-01 05:30:48.393  2931  2931 E         : Runtime and build version of gralloc private structure does not match. Errors will likely follow.
09-01 05:30:48.398  2931  2931 D gralloc : fb_post E
09-01 05:30:48.398  2931  2931 D gralloc : fb_post format=0x5
09-01 05:30:48.419  3066  3066 W auditd  : type=1325 audit(0.0:613): table=filter family=2 entries=52
09-01 05:30:48.419  3066  3066 W auditd  : type=1320 audit(0.0:613): 
09-01 05:30:48.419  3092  3129 E         : invalid gralloc handle (at 0x7f803e9300)
09-01 05:30:48.419  3092  3129 E         : Runtime and build version of gralloc private structure does not match. Errors will likely follow.
09-01 05:30:48.425  4102  4102 I Netd    : Netd 1.0 starting
09-01 05:30:48.425  4102  4102 I QtiConnectivityAdapter: Failed to open libconnctrl, some features may not be present.
09-01 05:30:48.425  4102  4102 D TetherController: Setting IP forward enable = 0
09-01 05:30:48.427  2931  2931 E         : invalid gralloc handle (at 0x7f99d16540)
09-01 05:30:48.427  2931  2931 E         : Runtime and build version of gralloc private structure does not match. Errors will likely follow.
09-01 05:30:48.429  3066  3066 W auditd  : type=1325 audit(0.0:614): table=filter family=10 entries=55
09-01 05:30:48.429  3066  3066 W auditd  : type=1320 audit(0.0:614): 
09-01 05:30:48.431  2931  2931 D gralloc : fb_post E
09-01 05:30:48.431  2931  2931 D gralloc : fb_post format=0x5
09-01 05:30:48.439  3066  3066 W auditd  : type=1325 audit(0.0:615): table=filter family=2 entries=51
09-01 05:30:48.439  3066  3066 W auditd  : type=1320 audit(0.0:615): 
09-01 05:30:48.449  3066  3066 W auditd  : type=1325 audit(0.0:616): table=filter family=10 entries=54
09-01 05:30:48.449  3066  3066 W auditd  : type=1320 audit(0.0:616): 
09-01 05:30:48.449  3066  3066 W auditd  : type=1325 audit(0.0:617): table=filter family=2 entries=50
09-01 05:30:48.449  3066  3066 W auditd  : type=1320 audit(0.0:617): 
09-01 05:30:48.452  3092  3129 E         : invalid gralloc handle (at 0x7f803e9380)
09-01 05:30:48.452  3092  3129 E         : Runtime and build version of gralloc private structure does not match. Errors will likely follow.
09-01 05:30:48.459  3066  3066 W auditd  : type=1325 audit(0.0:618): table=filter family=10 entries=53
09-01 05:30:48.459  3066  3066 W auditd  : type=1320 audit(0.0:618): 
09-01 05:30:48.459  3066  3066 W auditd  : type=1325 audit(0.0:619): table=filter family=2 entries=48
09-01 05:30:48.459  3066  3066 W auditd  : type=1320 audit(0.0:619): 
09-01 05:30:48.461  2931  2931 E         : invalid gralloc handle (at 0x7f99d164d0)
09-01 05:30:48.461  2931  2931 E         : Runtime and build version of gralloc private structure does not match. Errors will likely follow.
09-01 05:30:48.465  2931  2931 D gralloc : fb_post E
09-01 05:30:48.465  2931  2931 D gralloc : fb_post format=0x5
09-01 05:30:48.469  3066  3066 W auditd  : type=1325 audit(0.0:620): table=filter family=10 entries=51
09-01 05:30:48.469  3066  3066 W auditd  : type=1320 audit(0.0:620): 
09-01 05:30:48.469  3066  3066 W auditd  : type=1325 audit(0.0:621): table=filter family=2 entries=50
09-01 05:30:48.469  3066  3066 W auditd  : type=1320 audit(0.0:621): 
09-01 05:30:48.479  3066  3066 W auditd  : type=1325 audit(0.0:622): table=filter family=10 entries=53
09-01 05:30:48.479  3066  3066 W auditd  : type=1320 audit(0.0:622): 
09-01 05:30:48.486  3092  3129 E         : invalid gralloc handle (at 0x7f803e9300)
09-01 05:30:48.486  3092  3129 E         : Runtime and build version of gralloc private structure does not match. Errors will likely follow.
09-01 05:30:48.495  2931  2931 E         : invalid gralloc handle (at 0x7f99d16460)
09-01 05:30:48.495  2931  2931 E         : Runtime and build version of gralloc private structure does not match. Errors will likely follow.
09-01 05:30:48.499  2931  2931 D gralloc : fb_post E
09-01 05:30:48.499  2931  2931 D gralloc : fb_post format=0x5
09-01 05:30:48.519  3092  3129 E         : invalid gralloc handle (at 0x7f803e9380)
09-01 05:30:48.519  3092  3129 E         : Runtime and build version of gralloc private structure does not match. Errors will likely follow.
09-01 05:30:48.529  2931  2931 E         : invalid gralloc handle (at 0x7f99d163f0)
09-01 05:30:48.529  2931  2931 E         : Runtime and build version of gralloc private structure does not match. Errors will likely follow.
09-01 05:30:48.533  2931  2931 D gralloc : fb_post E
09-01 05:30:48.533  2931  2931 D gralloc : fb_post format=0x5
09-01 05:30:48.544  4103  4103 V MediaUtils: physMem: 3759357952
09-01 05:30:48.544  4103  4103 V MediaUtils: requested limit: 2443582635
09-01 05:30:48.544  4103  4103 V MediaUtils: actual limit: 2443582635
09-01 05:30:48.544  4103  4103 V MediaUtils: original limits: 4294967295/4294967295
09-01 05:30:48.544  4103  4103 V MediaUtils: new limits: 2443582635/4294967295
09-01 05:30:48.545  4103  4103 I mediaserver: ServiceManager: 0xf610e120
09-01 05:30:48.545  4103  4103 I AudioFlinger: Using default 3000 mSec as standby time.
09-01 05:30:48.545  4103  4103 E BatteryNotifier: batterystats service unavailable!
09-01 05:30:48.545  4103  4103 E BatteryNotifier: batterystats service unavailable!
09-01 05:30:48.545  4103  4103 I CameraService: CameraService started (pid=4103)
09-01 05:30:48.545  4103  4103 I CameraService: CameraService process starting
09-01 05:30:48.545  4103  4103 E BatteryNotifier: batterystats service unavailable!
09-01 05:30:48.546  4103  4103 E BatteryNotifier: batterystats service unavailable!
09-01 05:30:48.546  4103  4103 E CameraService: Could not load camera HAL module: -2 (No such file or directory)
09-01 05:30:48.546  4103  4103 I AudioPolicyService: AudioPolicyService CSTOR in new mode
09-01 05:30:48.546  4103  4103 I APM::ConfigParsingUtils: loadAudioPolicyConfig() loaded /system/etc/audio_policy.conf
09-01 05:30:48.553  3092  3129 E         : invalid gralloc handle (at 0x7f803e9300)
09-01 05:30:48.553  3092  3129 E         : Runtime and build version of gralloc private structure does not match. Errors will likely follow.
09-01 05:30:48.563  2931  2931 E         : invalid gralloc handle (at 0x7f99d165b0)
09-01 05:30:48.563  2931  2931 E         : Runtime and build version of gralloc private structure does not match. Errors will likely follow.
09-01 05:30:48.567  2931  2931 D gralloc : fb_post E
09-01 05:30:48.567  2931  2931 D gralloc : fb_post format=0x5
09-01 05:30:48.586  3092  3129 E         : invalid gralloc handle (at 0x7f803e9380)
09-01 05:30:48.586  3092  3129 E         : Runtime and build version of gralloc private structure does not match. Errors will likely follow.
09-01 05:30:48.597  2931  2931 E         : invalid gralloc handle (at 0x7f99d16540)
09-01 05:30:48.597  2931  2931 E         : Runtime and build version of gralloc private structure does not match. Errors will likely follow.
09-01 05:30:48.601  2931  2931 D gralloc : fb_post E
09-01 05:30:48.601  2931  2931 D gralloc : fb_post format=0x5
09-01 05:30:48.620  3092  3129 E         : invalid gralloc handle (at 0x7f803e9300)
09-01 05:30:48.620  3092  3129 E         : Runtime and build version of gralloc private structure does not match. Errors will likely follow.
09-01 05:30:48.622  4104  4104 D AndroidRuntime: >>>>>> START com.android.internal.os.ZygoteInit uid 0 <<<<<<
09-01 05:30:48.624  4104  4104 D AndroidRuntime: CheckJNI is ON
09-01 05:30:48.625  4104  4104 I art     : option[0]=-Xzygote
09-01 05:30:48.625  4104  4104 I art     : option[1]=-Xcheck:jni
09-01 05:30:48.625  4104  4104 I art     : option[2]=-Xstacktracefile:/data/anr/traces.txt
09-01 05:30:48.625  4104  4104 I art     : option[3]=exit
09-01 05:30:48.625  4104  4104 I art     : option[4]=vfprintf
09-01 05:30:48.625  4104  4104 I art     : option[5]=sensitiveThread
09-01 05:30:48.625  4104  4104 I art     : option[6]=-verbose:gc
09-01 05:30:48.625  4104  4104 I art     : option[7]=-Xms8m
09-01 05:30:48.625  4104  4104 I art     : option[8]=-Xmx768m
09-01 05:30:48.625  4104  4104 I art     : option[9]=-XX:HeapGrowthLimit=288m
09-01 05:30:48.625  4104  4104 I art     : option[10]=-XX:HeapMinFree=2m
09-01 05:30:48.625  4104  4104 I art     : option[11]=-XX:HeapMaxFree=8m
09-01 05:30:48.625  4104  4104 I art     : option[12]=-XX:HeapTargetUtilization=0.75
09-01 05:30:48.625  4104  4104 I art     : option[13]=-Xusejit:true
09-01 05:30:48.625  4104  4104 I art     : option[14]=-agentlib:jdwp=transport=dt_android_adb,suspend=n,server=y
09-01 05:30:48.625  4104  4104 I art     : option[15]=-Xlockprofthreshold:500
09-01 05:30:48.625  4104  4104 I art     : option[16]=-Ximage-compiler-option
09-01 05:30:48.625  4104  4104 I art     : option[17]=--runtime-arg
09-01 05:30:48.625  4104  4104 I art     : option[18]=-Ximage-compiler-option
09-01 05:30:48.625  4104  4104 I art     : option[19]=-Xms64m
09-01 05:30:48.625  4104  4104 I art     : option[20]=-Ximage-compiler-option
09-01 05:30:48.625  4104  4104 I art     : option[21]=--runtime-arg
09-01 05:30:48.625  4104  4104 I art     : option[22]=-Ximage-compiler-option
09-01 05:30:48.625  4104  4104 I art     : option[23]=-Xmx64m
09-01 05:30:48.625  4104  4104 I art     : option[24]=-Ximage-compiler-option
09-01 05:30:48.625  4104  4104 I art     : option[25]=--compiler-filter=verify-at-runtime
09-01 05:30:48.625  4104  4104 I art     : option[26]=-Ximage-compiler-option
09-01 05:30:48.625  4104  4104 I art     : option[27]=--image-classes=/system/etc/preloaded-classes
09-01 05:30:48.625  4104  4104 I art     : option[28]=-Xcompiler-option
09-01 05:30:48.625  4104  4104 I art     : option[29]=--runtime-arg
09-01 05:30:48.625  4104  4104 I art     : option[30]=-Xcompiler-option
09-01 05:30:48.625  4104  4104 I art     : option[31]=-Xms64m
09-01 05:30:48.625  4104  4104 I art     : option[32]=-Xcompiler-option
09-01 05:30:48.625  4104  4104 I art     : option[33]=--runtime-arg
09-01 05:30:48.625  4104  4104 I art     : option[34]=-Xcompiler-option
09-01 05:30:48.625  4104  4104 I art     : option[35]=-Xmx512m
09-01 05:30:48.625  4104  4104 I art     : option[36]=-Xcompiler-option
09-01 05:30:48.625  4104  4104 I art     : option[37]=--compiler-filter=verify-at-runtime
09-01 05:30:48.625  4104  4104 I art     : option[38]=-Ximage-compiler-option
09-01 05:30:48.625  4104  4104 I art     : option[39]=--instruction-set-variant=generic
09-01 05:30:48.625  4104  4104 I art     : option[40]=-Xcompiler-option
09-01 05:30:48.625  4104  4104 I art     : option[41]=--instruction-set-variant=generic
09-01 05:30:48.625  4104  4104 I art     : option[42]=-Ximage-compiler-option
09-01 05:30:48.625  4104  4104 I art     : option[43]=--instruction-set-features=default
09-01 05:30:48.625  4104  4104 I art     : option[44]=-Xcompiler-option
09-01 05:30:48.625  4104  4104 I art     : option[45]=--instruction-set-features=default
09-01 05:30:48.625  4104  4104 I art     : option[46]=-Duser.locale=en-US
09-01 05:30:48.625  4104  4104 I art     : option[47]=--cpu-abilist=arm64-v8a,armeabi
09-01 05:30:48.625  4104  4104 I art     : option[48]=-Xfingerprint:samsung/cm_hero2ltexx/hero2ltexx:6.0.1/MOB30Z/aac21f7fdc:eng/test-keys
09-01 05:30:48.630  2931  2931 E         : invalid gralloc handle (at 0x7f99d164d0)
09-01 05:30:48.630  2931  2931 E         : Runtime and build version of gralloc private structure does not match. Errors will likely follow.
09-01 05:30:48.634  2931  2931 D gralloc : fb_post E
09-01 05:30:48.634  2931  2931 D gralloc : fb_post format=0x5
09-01 05:30:48.651  4104  4104 D ICU     : No timezone override file found: /data/misc/zoneinfo/current/icu/icu_tzdata.dat
09-01 05:30:48.653  3092  3129 E         : invalid gralloc handle (at 0x7f803e9380)
09-01 05:30:48.653  3092  3129 E         : Runtime and build version of gralloc private structure does not match. Errors will likely follow.
09-01 05:30:48.665  2931  2931 E         : invalid gralloc handle (at 0x7f99d16460)
09-01 05:30:48.665  2931  2931 E         : Runtime and build version of gralloc private structure does not match. Errors will likely follow.
09-01 05:30:48.669  2931  2931 D gralloc : fb_post E
09-01 05:30:48.669  2931  2931 D gralloc : fb_post format=0x5
09-01 05:30:48.669  4104  4104 I Radio-JNI: register_android_hardware_Radio DONE
09-01 05:30:48.672  4104  4104 I SamplingProfilerIntegration: Profiling disabled.
09-01 05:30:48.672  4104  4104 D Zygote  : begin preload
09-01 05:30:48.672  4104  4104 I Zygote  : Preloading classes...
09-01 05:30:48.687  3092  3129 E         : invalid gralloc handle (at 0x7f803e9300)
09-01 05:30:48.687  3092  3129 E         : Runtime and build version of gralloc private structure does not match. Errors will likely follow.
09-01 05:30:48.698  2931  2931 E         : invalid gralloc handle (at 0x7f99d163f0)
09-01 05:30:48.698  2931  2931 E         : Runtime and build version of gralloc private structure does not match. Errors will likely follow.
09-01 05:30:48.702  2931  2931 D gralloc : fb_post E
09-01 05:30:48.702  2931  2931 D gralloc : fb_post format=0x5
09-01 05:30:48.713  4104  4104 E Minikin : addFont failed to create font /system/fonts/NanumGothic.ttf
09-01 05:30:48.713  4104  4104 E Minikin : addFont failed to create font /system/fonts/DroidSansFallback.ttf
09-01 05:30:48.713  4104  4104 E Minikin : addFont failed to create font /system/fonts/MTLmr3m.ttf
09-01 05:30:48.720  3092  3129 E         : invalid gralloc handle (at 0x7f803e9380)
09-01 05:30:48.720  3092  3129 E         : Runtime and build version of gralloc private structure does not match. Errors will likely follow.
09-01 05:30:48.732  2931  2931 E         : invalid gralloc handle (at 0x7f99d165b0)
09-01 05:30:48.732  2931  2931 E         : Runtime and build version of gralloc private structure does not match. Errors will likely follow.
09-01 05:30:48.736  2931  2931 D gralloc : fb_post E
09-01 05:30:48.736  2931  2931 D gralloc : fb_post format=0x5
09-01 05:30:48.741  4104  4104 V DngCreator_JNI: DngCreator_nativeClassInit:
09-01 05:30:48.754  3092  3129 E         : invalid gralloc handle (at 0x7f803e9300)
09-01 05:30:48.754  3092  3129 E         : Runtime and build version of gralloc private structure does not match. Errors will likely follow.
09-01 05:30:48.766  2931  2931 E         : invalid gralloc handle (at 0x7f99d16540)
09-01 05:30:48.766  2931  2931 E         : Runtime and build version of gralloc private structure does not match. Errors will likely follow.
09-01 05:30:48.770  2931  2931 D gralloc : fb_post E
09-01 05:30:48.770  2931  2931 D gralloc : fb_post format=0x5
09-01 05:30:48.786  4104  4104 I art     : Thread[1,tid=4104,Native,Thread*=0x7f99a3ba00,peer=0x12c2d100,"main"] recursive attempt to load library "/system/lib64/libmedia_jni.so"
09-01 05:30:48.786  4104  4104 D MtpDeviceJNI: register_android_mtp_MtpDevice
09-01 05:30:48.786  4104  4104 I art     : Thread[1,tid=4104,Native,Thread*=0x7f99a3ba00,peer=0x12c2d100,"main"] recursive attempt to load library "/system/lib64/libmedia_jni.so"
09-01 05:30:48.786  4104  4104 I art     : Thread[1,tid=4104,Native,Thread*=0x7f99a3ba00,peer=0x12c2d100,"main"] recursive attempt to load library "/system/lib64/libmedia_jni.so"
09-01 05:30:48.787  3092  3129 E         : invalid gralloc handle (at 0x7f803e9380)
09-01 05:30:48.787  3092  3129 E         : Runtime and build version of gralloc private structure does not match. Errors will likely follow.
09-01 05:30:48.800  2931  2931 E         : invalid gralloc handle (at 0x7f99d164d0)
09-01 05:30:48.800  2931  2931 E         : Runtime and build version of gralloc private structure does not match. Errors will likely follow.
09-01 05:30:48.804  2931  2931 D gralloc : fb_post E
09-01 05:30:48.804  2931  2931 D gralloc : fb_post format=0x5
09-01 05:30:48.820  3092  3129 E         : invalid gralloc handle (at 0x7f803e9300)
09-01 05:30:48.821  3092  3129 E         : Runtime and build version of gralloc private structure does not match. Errors will likely follow.
09-01 05:30:48.829  4104  4104 W System  : ClassLoader referenced unknown path: /system/framework/tcmclient.jar
09-01 05:30:48.834  2931  2931 E         : invalid gralloc handle (at 0x7f99d16460)
09-01 05:30:48.834  2931  2931 E         : Runtime and build version of gralloc private structure does not match. Errors will likely follow.
09-01 05:30:48.838  2931  2931 D gralloc : fb_post E
09-01 05:30:48.838  2931  2931 D gralloc : fb_post format=0x5
09-01 05:30:48.854  3092  3129 E         : invalid gralloc handle (at 0x7f803e9380)
09-01 05:30:48.854  3092  3129 E         : Runtime and build version of gralloc private structure does not match. Errors will likely follow.
09-01 05:30:48.868  2931  2931 E         : invalid gralloc handle (at 0x7f99d163f0)
09-01 05:30:48.868  2931  2931 E         : Runtime and build version of gralloc private structure does not match. Errors will likely follow.
09-01 05:30:48.872  2931  2931 D gralloc : fb_post E
09-01 05:30:48.872  2931  2931 D gralloc : fb_post format=0x5
09-01 05:30:48.872  4104  4104 I System  : Loaded time zone names for "" in 17ms (17ms in ICU)
09-01 05:30:48.884  4104  4104 I System  : Loaded time zone names for "en_US" in 12ms (11ms in ICU)
09-01 05:30:48.888  3092  3129 E         : invalid gralloc handle (at 0x7f803e9300)
09-01 05:30:48.888  3092  3129 E         : Runtime and build version of gralloc private structure does not match. Errors will likely follow.
09-01 05:30:48.891  4104  4104 I Zygote  : ...preloaded 3831 classes in 219ms.
09-01 05:30:48.891  4104  4104 I art     : VMRuntime.preloadDexCaches starting
09-01 05:30:48.902  2931  2931 E         : invalid gralloc handle (at 0x7f99d165b0)
09-01 05:30:48.902  2931  2931 E         : Runtime and build version of gralloc private structure does not match. Errors will likely follow.
09-01 05:30:48.906  2931  2931 D gralloc : fb_post E
09-01 05:30:48.906  2931  2931 D gralloc : fb_post format=0x5
09-01 05:30:48.921  3092  3129 E         : invalid gralloc handle (at 0x7f803e9380)
09-01 05:30:48.921  3092  3129 E         : Runtime and build version of gralloc private structure does not match. Errors will likely follow.
09-01 05:30:48.929  4104  4104 I art     : VMRuntime.preloadDexCaches strings total=249075 before=44838 after=44838
09-01 05:30:48.929  4104  4104 I art     : VMRuntime.preloadDexCaches types total=20336 before=6893 after=6924
09-01 05:30:48.929  4104  4104 I art     : VMRuntime.preloadDexCaches fields total=100427 before=36107 after=36539
09-01 05:30:48.929  4104  4104 I art     : VMRuntime.preloadDexCaches methods total=172851 before=71251 after=71778
09-01 05:30:48.929  4104  4104 I art     : VMRuntime.preloadDexCaches finished
09-01 05:30:48.936  2931  2931 E         : invalid gralloc handle (at 0x7f99d16540)
09-01 05:30:48.936  2931  2931 E         : Runtime and build version of gralloc private structure does not match. Errors will likely follow.
09-01 05:30:48.940  2931  2931 D gralloc : fb_post E
09-01 05:30:48.940  2931  2931 D gralloc : fb_post format=0x5
09-01 05:30:48.944  4213  4213 D idmap   : error: no read access to /vendor/overlay: No such file or directory
09-01 05:30:48.946  4104  4104 I Zygote  : Preloading resources...
09-01 05:30:48.955  3092  3129 E         : invalid gralloc handle (at 0x7f803e9300)
09-01 05:30:48.955  3092  3129 E         : Runtime and build version of gralloc private structure does not match. Errors will likely follow.
09-01 05:30:48.969  2931  2931 E         : invalid gralloc handle (at 0x7f99d164d0)
09-01 05:30:48.970  2931  2931 E         : Runtime and build version of gralloc private structure does not match. Errors will likely follow.
09-01 05:30:48.973  2931  2931 D gralloc : fb_post E
09-01 05:30:48.974  2931  2931 D gralloc : fb_post format=0x5
09-01 05:30:48.988  3092  3129 E         : invalid gralloc handle (at 0x7f803e9380)
09-01 05:30:48.988  3092  3129 E         : Runtime and build version of gralloc private structure does not match. Errors will likely follow.
09-01 05:30:49.003  2931  2931 E         : invalid gralloc handle (at 0x7f99d16460)
09-01 05:30:49.003  2931  2931 E         : Runtime and build version of gralloc private structure does not match. Errors will likely follow.
09-01 05:30:49.007  2931  2931 D gralloc : fb_post E
09-01 05:30:49.007  2931  2931 D gralloc : fb_post format=0x5
09-01 05:30:49.021  3092  3129 E         : invalid gralloc handle (at 0x7f803e9300)
09-01 05:30:49.021  3092  3129 E         : Runtime and build version of gralloc private structure does not match. Errors will likely follow.
09-01 05:30:49.037  2931  2931 E         : invalid gralloc handle (at 0x7f99d163f0)
09-01 05:30:49.037  2931  2931 E         : Runtime and build version of gralloc private structure does not match. Errors will likely follow.
09-01 05:30:49.041  2931  2931 D gralloc : fb_post E
09-01 05:30:49.041  2931  2931 D gralloc : fb_post format=0x5
09-01 05:30:49.055  3092  3129 E         : invalid gralloc handle (at 0x7f803e9380)
09-01 05:30:49.055  3092  3129 E         : Runtime and build version of gralloc private structure does not match. Errors will likely follow.
09-01 05:30:49.071  2931  2931 E         : invalid gralloc handle (at 0x7f99d165b0)
09-01 05:30:49.071  2931  2931 E         : Runtime and build version of gralloc private structure does not match. Errors will likely follow.
09-01 05:30:49.075  2931  2931 D gralloc : fb_post E
09-01 05:30:49.075  2931  2931 D gralloc : fb_post format=0x5
09-01 05:30:49.089  3092  3129 E         : invalid gralloc handle (at 0x7f803e9300)
09-01 05:30:49.089  3092  3129 E         : Runtime and build version of gralloc private structure does not match. Errors will likely follow.
09-01 05:30:49.096  4103  4103 E audio_route: Failed to open /system/etc/mixer_paths.xml
09-01 05:30:49.102  4103  4103 I AudioFlinger: loadHwModule() Loaded primary audio interface from Samsung audio HW HAL (audio) handle 1
09-01 05:30:49.102  4103  4103 I AudioFlinger: openOutput(), module 1 Device 2, SamplingRate 44100, Format 0x000001, Channels 3, flags 2
09-01 05:30:49.102  4103  4103 I AudioFlinger: AudioStreamOut::open(), mHalFormatIsLinearPcm = 1
09-01 05:30:49.102  4103  4103 I AudioFlinger: HAL output buffer size 256 frames, normal sink buffer size 960 frames
09-01 05:30:49.104  4103  4103 I BufferProvider: found effect "Multichannel Downmix To Stereo" from The Android Open Source Project
09-01 05:30:49.104  4103  4103 E MonoPipe: Failed to fetch local time frequency when constructing a MonoPipe (res = -32).  getNextWriteTimestamp calls will be non-functional
09-01 05:30:49.104  4103  4103 I AudioFlinger: Using module 1 has the primary audio interface
09-01 05:30:49.104  4103  4249 I AudioFlinger: AudioFlinger's thread 0xf45c0000 ready to run
09-01 05:30:49.104  4103  4249 V audio_hw_primary: do_out_standby: output standby: 1
09-01 05:30:49.105  4103  4249 V audio_hw_primary: out_set_parameters: key value pairs: routing=2
09-01 05:30:49.105  4103  4249 E AudioFlinger: no wake lock to update!
09-01 05:30:49.105  2931  2931 E         : invalid gralloc handle (at 0x7f99d16540)
09-01 05:30:49.105  2931  2931 E         : Runtime and build version of gralloc private structure does not match. Errors will likely follow.
09-01 05:30:49.105  4103  4103 V audio_hw_primary: adev_open_input_stream: Created resampler converting 48000 -> 16000
09-01 05:30:49.105  4103  4103 V audio_hw_primary: adev_open_input_stream: Requesting input stream with rate: 16000, channels: 0xc
09-01 05:30:49.105  4103  4250 I AudioFlinger: AudioFlinger's thread 0xf4200000 ready to run
09-01 05:30:49.106  4103  4103 I r_submix: adev_open(name=audio_hw_if)
09-01 05:30:49.106  4103  4103 I r_submix: adev_init_check()
09-01 05:30:49.106  4103  4103 I AudioFlinger: loadHwModule() Loaded r_submix audio interface from Wifi Display audio HAL (audio) handle 4
09-01 05:30:49.106  4103  4103 D r_submix: adev_open_input_stream(addr=0)
09-01 05:30:49.106  4103  4103 D r_submix: submix_audio_device_create_pipe_l(addr=0, idx=9)
09-01 05:30:49.106  4103  4103 D r_submix:   now using address 0 for route 9
09-01 05:30:49.106  4103  4251 I AudioFlinger: AudioFlinger's thread 0xf4200000 ready to run
09-01 05:30:49.106  4103  4103 D r_submix: adev_close_input_stream()
09-01 05:30:49.106  4103  4103 D r_submix: submix_audio_device_release_pipe_l(idx=9) addr=0
09-01 05:30:49.106  4103  4103 D r_submix: submix_audio_device_destroy_pipe_l(): pipe destroyed
09-01 05:30:49.107  4103  4103 E SoundTriggerHwService: couldn't load sound trigger module sound_trigger.primary (No such file or directory)
09-01 05:30:49.107  4103  4103 I RadioService: RadioService
09-01 05:30:49.107  4103  4103 I RadioService: onFirstRef
09-01 05:30:49.107  4103  4103 E RadioService: couldn't load radio module radio.primary (No such file or directory)
09-01 05:30:49.109  2931  2931 D gralloc : fb_post E
09-01 05:30:49.109  2931  2931 D gralloc : fb_post format=0x5
09-01 05:30:49.122  3092  3129 E         : invalid gralloc handle (at 0x7f803e9380)
09-01 05:30:49.122  3092  3129 E         : Runtime and build version of gralloc private structure does not match. Errors will likely follow.
09-01 05:30:49.139  2931  2931 E         : invalid gralloc handle (at 0x7f99d164d0)
09-01 05:30:49.139  2931  2931 E         : Runtime and build version of gralloc private structure does not match. Errors will likely follow.
09-01 05:30:49.143  2931  2931 D gralloc : fb_post E
09-01 05:30:49.143  2931  2931 D gralloc : fb_post format=0x5
09-01 05:30:49.155  3092  3129 E         : invalid gralloc handle (at 0x7f803e9300)
09-01 05:30:49.155  3092  3129 E         : Runtime and build version of gralloc private structure does not match. Errors will likely follow.
09-01 05:30:49.173  2931  2931 E         : invalid gralloc handle (at 0x7f99d16460)
09-01 05:30:49.173  2931  2931 E         : Runtime and build version of gralloc private structure does not match. Errors will likely follow.
09-01 05:30:49.177  2931  2931 D gralloc : fb_post E
09-01 05:30:49.177  2931  2931 D gralloc : fb_post format=0x5
09-01 05:30:49.189  3092  3129 E         : invalid gralloc handle (at 0x7f803e9380)
09-01 05:30:49.189  3092  3129 E         : Runtime and build version of gralloc private structure does not match. Errors will likely follow.
09-01 05:30:49.207  2931  2931 E         : invalid gralloc handle (at 0x7f99d163f0)
09-01 05:30:49.207  2931  2931 E         : Runtime and build version of gralloc private structure does not match. Errors will likely follow.
09-01 05:30:49.211  2931  2931 D gralloc : fb_post E
09-01 05:30:49.211  2931  2931 D gralloc : fb_post format=0x5
09-01 05:30:49.217  4104  4104 I Zygote  : ...preloaded 342 resources in 271ms.
09-01 05:30:49.221  4104  4104 I Zygote  : ...preloaded 41 resources in 3ms.
09-01 05:30:49.222  3092  3129 E         : invalid gralloc handle (at 0x7f803e9300)
09-01 05:30:49.222  3092  3129 E         : Runtime and build version of gralloc private structure does not match. Errors will likely follow.
09-01 05:30:49.228  4104  4104 D libEGL  : loaded /vendor/lib64/egl/libGLES_mali.so
09-01 05:30:49.235  4104  4104 I Zygote  : Preloading shared libraries...
09-01 05:30:49.238  4104  4104 D Zygote  : end preload
09-01 05:30:49.238  4104  4104 I art     : Starting a blocking GC Explicit
09-01 05:30:49.241  2931  2931 E         : invalid gralloc handle (at 0x7f99d165b0)
09-01 05:30:49.241  2931  2931 E         : Runtime and build version of gralloc private structure does not match. Errors will likely follow.
09-01 05:30:49.245  2931  2931 D gralloc : fb_post E
09-01 05:30:49.245  2931  2931 D gralloc : fb_post format=0x5
09-01 05:30:49.245  4104  4104 I art     : Explicit concurrent mark sweep GC freed 11169(450KB) AllocSpace objects, 0(0B) LOS objects, 38% free, 25MB/41MB, paused 62us total 6.896ms
09-01 05:30:49.251  4104  4104 I art     : Starting a blocking GC Explicit
09-01 05:30:49.256  3092  3129 E         : invalid gralloc handle (at 0x7f803e9380)
09-01 05:30:49.256  3092  3129 E         : Runtime and build version of gralloc private structure does not match. Errors will likely follow.
09-01 05:30:49.257  4104  4104 I art     : Explicit concurrent mark sweep GC freed 2336(110KB) AllocSpace objects, 0(0B) LOS objects, 38% free, 25MB/41MB, paused 53us total 5.725ms
09-01 05:30:49.257  4104  4156 I art     : Starting a blocking GC HeapTrim
09-01 05:30:49.259  4104  4104 I art     : Starting a blocking GC Background
09-01 05:30:49.275  2931  2931 E         : invalid gralloc handle (at 0x7f99d16540)
09-01 05:30:49.275  2931  2931 E         : Runtime and build version of gralloc private structure does not match. Errors will likely follow.
09-01 05:30:49.279  2931  2931 D gralloc : fb_post E
09-01 05:30:49.279  2931  2931 D gralloc : fb_post format=0x5
09-01 05:30:49.285  4104  4104 I Zygote  : System server process 4293 has been created
09-01 05:30:49.287  4104  4104 I Zygote  : Accepting command socket connections
09-01 05:30:49.289  3092  3129 E         : invalid gralloc handle (at 0x7f803e9300)
09-01 05:30:49.289  3092  3129 E         : Runtime and build version of gralloc private structure does not match. Errors will likely follow.
09-01 05:30:49.301  4293  4293 I Zygote  : Process: zygote socket opened, supported ABIS: armeabi-v7a,armeabi
09-01 05:30:49.301  4293  4293 I InstallerConnection: connecting...
09-01 05:30:49.301  2942  2942 I installd: new connection
09-01 05:30:49.303  4293  4293 I InstallerConnection: disconnecting...
09-01 05:30:49.303  2942  2942 E installd: eof
09-01 05:30:49.303  2942  2942 E installd: failed to read size
09-01 05:30:49.303  2942  2942 I installd: closing connection
09-01 05:30:49.308  2931  2931 E         : invalid gralloc handle (at 0x7f99d164d0)
09-01 05:30:49.309  2931  2931 E         : Runtime and build version of gralloc private structure does not match. Errors will likely follow.
09-01 05:30:49.309  4293  4293 I SystemServer: Entered the Android system server!
09-01 05:30:49.313  2931  2931 D gralloc : fb_post E
09-01 05:30:49.313  2931  2931 D gralloc : fb_post format=0x5
09-01 05:30:49.317  4102  4102 V NatController: runCmd(/system/bin/iptables -w -F natctrl_FORWARD) res=0
09-01 05:30:49.321  4102  4102 V NatController: runCmd(/system/bin/iptables -w -A natctrl_FORWARD -j DROP) res=0
09-01 05:30:49.323  3092  3129 E         : invalid gralloc handle (at 0x7f803e9380)
09-01 05:30:49.323  3092  3129 E         : Runtime and build version of gralloc private structure does not match. Errors will likely follow.
09-01 05:30:49.325  2931  2931 E         : invalid gralloc handle (at 0x7f99d16460)
09-01 05:30:49.325  2931  2931 E         : Runtime and build version of gralloc private structure does not match. Errors will likely follow.
09-01 05:30:49.326  4102  4102 V NatController: runCmd(/system/bin/iptables -w -t nat -F natctrl_nat_POSTROUTING) res=0
09-01 05:30:49.329  2931  2931 D gralloc : fb_post E
09-01 05:30:49.329  2931  2931 D gralloc : fb_post format=0x5
09-01 05:30:49.330  4102  4102 V NatController: runCmd(/system/bin/iptables -w -F natctrl_tether_counters) res=0
09-01 05:30:49.335  4102  4102 V NatController: runCmd(/system/bin/iptables -w -X natctrl_tether_counters) res=0
09-01 05:30:49.338  4293  4293 I SystemServiceManager: Starting com.android.server.pm.Installer
09-01 05:30:49.338  4293  4293 I Installer: Waiting for installd to be ready.
09-01 05:30:49.338  4293  4293 I InstallerConnection: connecting...
09-01 05:30:49.338  2942  2942 I installd: new connection
09-01 05:30:49.338  4293  4293 I SystemServiceManager: Starting com.android.server.am.ActivityManagerService$Lifecycle
09-01 05:30:49.339  4102  4102 V NatController: runCmd(/system/bin/iptables -w -N natctrl_tether_counters) res=0
09-01 05:30:49.344  4102  4102 V NatController: runCmd(/system/bin/iptables -w -t mangle -A natctrl_mangle_FORWARD -p tcp --tcp-flags SYN SYN -j TCPMSS --clamp-mss-to-pmtu) res=0
09-01 05:30:49.344  4293  4293 I ActivityManager: choosing minFree values for 64 Bit
09-01 05:30:49.344  4293  4293 I ActivityManager: choosing minFree values for 64 Bit
09-01 05:30:49.344  4293  4293 I ActivityManager: choosing minFree values for 64 Bit
09-01 05:30:49.344  4293  4293 I ActivityManager: choosing minFree values for 64 Bit
09-01 05:30:49.344  4293  4293 I ActivityManager: choosing minFree values for 64 Bit
09-01 05:30:49.344  4293  4293 I ActivityManager: choosing minFree values for 64 Bit
09-01 05:30:49.346  4293  4293 I ActivityManager: Memory class: 288
09-01 05:30:49.347  4293  4321 I ServiceThread: Enabled StrictMode logging for ActivityManager looper.
09-01 05:30:49.348  4293  4322 I ServiceThread: Enabled StrictMode logging for android.ui looper.
09-01 05:30:49.353  4293  4293 D BatteryStatsImpl: Reading daily items from /data/system/batterystats-daily.xml
09-01 05:30:49.356  4293  4293 I AppOps  : No existing app ops /data/system/appops.xml; starting empty
09-01 05:30:49.356  3092  3129 E         : invalid gralloc handle (at 0x7f803e9300)
09-01 05:30:49.356  3092  3129 E         : Runtime and build version of gralloc private structure does not match. Errors will likely follow.
09-01 05:30:49.359  2931  2931 E         : invalid gralloc handle (at 0x7f99d163f0)
09-01 05:30:49.359  2931  2931 E         : Runtime and build version of gralloc private structure does not match. Errors will likely follow.
09-01 05:30:49.363  2931  2931 D gralloc : fb_post E
09-01 05:30:49.363  2931  2931 D gralloc : fb_post format=0x5
09-01 05:30:49.379  4293  4293 W ProcessCpuTracker: Skipping unknown process pid 4324
09-01 05:30:49.382  4293  4293 I IntentFirewall: Read new rules (A:0 B:0 S:0)
09-01 05:30:49.385  4293  4333 I ServiceThread: Enabled StrictMode logging for android.display looper.
09-01 05:30:49.386  4293  4293 D AppOps  : AppOpsService published
09-01 05:30:49.387  4293  4293 I SystemServiceManager: Starting com.android.server.power.PowerManagerService
09-01 05:30:49.387  4293  4336 I ServiceThread: Enabled StrictMode logging for PowerManagerService looper.
09-01 05:30:49.388  4293  4293 W libsuspend: Error writing 'on' to /sys/power/state: Invalid argument
09-01 05:30:49.388  4293  4293 I libsuspend: Selected wakeup count
09-01 05:30:49.389  4293  4293 I SystemServiceManager: Starting com.android.server.lights.LightsService
09-01 05:30:49.390  3092  3129 E         : invalid gralloc handle (at 0x7f803e9380)
09-01 05:30:49.390  3092  3129 E         : Runtime and build version of gralloc private structure does not match. Errors will likely follow.
09-01 05:30:49.390  4293  4293 I SystemServiceManager: Starting com.android.server.display.DisplayManagerService
09-01 05:30:49.391  4293  4293 I SystemServiceManager: Starting phase 100
09-01 05:30:49.392  2931  2986 E SurfaceFlinger: getDefaultDisplay: id=2 is not a valid default display id
09-01 05:30:49.393  2931  2931 E         : invalid gralloc handle (at 0x7f99d165b0)
09-01 05:30:49.393  2931  2931 E         : Runtime and build version of gralloc private structure does not match. Errors will likely follow.
09-01 05:30:49.393  4293  4333 I DisplayManagerService: Display device added: DisplayDeviceInfo{"Built-in Screen": uniqueId="local:0", 1440 x 2560, modeId 1, defaultModeId 1, supportedModes [{id=1, width=1440, height=2560, fps=59.0}], colorTransformId 1, defaultColorTransformId 1, supportedColorTransforms [{id=1, colorTransform=0}], density 640, 537.8823 x 532.9836 dpi, appVsyncOff 0, presDeadline 17949152, touch INTERNAL, rotation 0, type BUILT_IN, state UNKNOWN, FLAG_DEFAULT_DISPLAY, FLAG_ROTATES_WITH_CONTENT, FLAG_SECURE, FLAG_SUPPORTS_PROTECTED_BUFFERS}
09-01 05:30:49.397  2931  2931 D gralloc : fb_post E
09-01 05:30:49.397  2931  2931 D gralloc : fb_post format=0x5
09-01 05:30:49.401  2931  2931 D SurfaceFlinger: Set power mode=2, type=0 flinger=0x7f99d03c00
09-01 05:30:49.401  2931  2931 D SurfaceFlinger: Screen type=0 is already mode=2
09-01 05:30:49.417  4293  4293 I SystemServer: Package Manager
09-01 05:30:49.417  4293  4333 I DisplayManagerService: Display device changed state: "Built-in Screen", ON
09-01 05:30:49.419  4293  4293 W SELinuxMMAC: Error opening /data/system/seapp_hash. Assuming first boot.
09-01 05:30:49.423  3092  3129 E         : invalid gralloc handle (at 0x7f803e9300)
09-01 05:30:49.423  3092  3129 E         : Runtime and build version of gralloc private structure does not match. Errors will likely follow.
09-01 05:30:49.427  2931  2931 E         : invalid gralloc handle (at 0x7f99d16540)
09-01 05:30:49.427  2931  2931 E         : Runtime and build version of gralloc private structure does not match. Errors will likely follow.
09-01 05:30:49.429  3066  3066 W auditd  : type=1325 audit(0.0:814): table=filter family=10 entries=52
09-01 05:30:49.429  3066  3066 W auditd  : type=1320 audit(0.0:814): 
09-01 05:30:49.429  3066  3066 W auditd  : type=1325 audit(0.0:815): table=filter family=2 entries=47
09-01 05:30:49.429  3066  3066 W auditd  : type=1320 audit(0.0:815): 
09-01 05:30:49.431  2931  2931 D gralloc : fb_post E
09-01 05:30:49.431  2931  2931 D gralloc : fb_post format=0x5
09-01 05:30:49.439  3066  3066 W auditd  : type=1325 audit(0.0:816): table=filter family=10 entries=50
09-01 05:30:49.439  3066  3066 W auditd  : type=1320 audit(0.0:816): 
09-01 05:30:49.439  3066  3066 W auditd  : type=1325 audit(0.0:817): table=filter family=2 entries=45
09-01 05:30:49.439  3066  3066 W auditd  : type=1320 audit(0.0:817): 
09-01 05:30:49.449  3066  3066 W auditd  : type=1325 audit(0.0:818): table=filter family=10 entries=48
09-01 05:30:49.449  3066  3066 W auditd  : type=1320 audit(0.0:818): 
09-01 05:30:49.449  3066  3066 W auditd  : type=1325 audit(0.0:819): table=filter family=2 entries=43
09-01 05:30:49.449  3066  3066 W auditd  : type=1320 audit(0.0:819): 
09-01 05:30:49.450  4293  4293 D SELinuxMMAC: Using policy file /system/etc/security/mac_permissions.xml
09-01 05:30:49.457  3092  3129 E         : invalid gralloc handle (at 0x7f803e9380)
09-01 05:30:49.457  3092  3129 E         : Runtime and build version of gralloc private structure does not match. Errors will likely follow.
09-01 05:30:49.459  3066  3066 W auditd  : type=1325 audit(0.0:820): table=filter family=10 entries=46
09-01 05:30:49.459  3066  3066 W auditd  : type=1320 audit(0.0:820): 
09-01 05:30:49.459  3066  3066 W auditd  : type=1325 audit(0.0:821): table=filter family=2 entries=45
09-01 05:30:49.459  3066  3066 W auditd  : type=1320 audit(0.0:821): 
09-01 05:30:49.459  3066  3066 W auditd  : type=1325 audit(0.0:822): table=filter family=10 entries=48
09-01 05:30:49.459  3066  3066 W auditd  : type=1320 audit(0.0:822): 
09-01 05:30:49.461  2931  2931 E         : invalid gralloc handle (at 0x7f99d164d0)
09-01 05:30:49.461  2931  2931 E         : Runtime and build version of gralloc private structure does not match. Errors will likely follow.
09-01 05:30:49.465  2931  2931 D gralloc : fb_post E
09-01 05:30:49.465  2931  2931 D gralloc : fb_post format=0x5
09-01 05:30:49.469  3066  3066 W auditd  : type=1325 audit(0.0:823): table=filter family=2 entries=47
09-01 05:30:49.469  3066  3066 W auditd  : type=1320 audit(0.0:823): 
09-01 05:30:49.490  3092  3129 E         : invalid gralloc handle (at 0x7f803e9300)
09-01 05:30:49.490  3092  3129 E         : Runtime and build version of gralloc private structure does not match. Errors will likely follow.
09-01 05:30:49.495  2931  2931 E         : invalid gralloc handle (at 0x7f99d16460)
09-01 05:30:49.495  2931  2931 E         : Runtime and build version of gralloc private structure does not match. Errors will likely follow.
09-01 05:30:49.499  2931  2931 D gralloc : fb_post E
09-01 05:30:49.499  2931  2931 D gralloc : fb_post format=0x5
09-01 05:30:49.512  4293  4293 E art     : DexFile_getDexOptNeeded file '/system/framework/org.apache.http.legacy.jar' does not exist
09-01 05:30:49.512  4293  4293 W PackageManager: Library not found: /system/framework/org.apache.http.legacy.jar
09-01 05:30:49.512  4293  4293 E art     : DexFile_getDexOptNeeded file '/system/framework/com.android.nfc_extras.jar' does not exist
09-01 05:30:49.513  4293  4293 W PackageManager: Library not found: /system/framework/com.android.nfc_extras.jar
09-01 05:30:49.514  4293  4293 E art     : DexFile_getDexOptNeeded file '/system/framework/org.apache.http.legacy.jar' does not exist
09-01 05:30:49.514  4293  4293 W PackageManager: Library not found: /system/framework/org.apache.http.legacy.jar
09-01 05:30:49.514  4293  4293 E art     : DexFile_getDexOptNeeded file '/system/framework/com.android.nfc_extras.jar' does not exist
09-01 05:30:49.514  4293  4293 W PackageManager: Library not found: /system/framework/com.android.nfc_extras.jar
09-01 05:30:49.523  3092  3129 E         : invalid gralloc handle (at 0x7f803e9380)
09-01 05:30:49.523  3092  3129 E         : Runtime and build version of gralloc private structure does not match. Errors will likely follow.
09-01 05:30:49.527  4293  4293 D PackageManager: No files in app dir /vendor/overlay
09-01 05:30:49.528  4293  4293 D PackageManager: start scanDirLI:/system/framework
09-01 05:30:49.528  4293  4293 D PackageManager: max thread:6
09-01 05:30:49.529  2931  2931 E         : invalid gralloc handle (at 0x7f99d163f0)
09-01 05:30:49.529  2931  2931 E         : Runtime and build version of gralloc private structure does not match. Errors will likely follow.
09-01 05:30:49.530  4293  4372 W PackageManager: Failed to parse /system/framework/arm: Missing base APK in /system/framework/arm
09-01 05:30:49.530  4293  4373 W PackageManager: Failed to parse /system/framework/arm64: Missing base APK in /system/framework/arm64
09-01 05:30:49.531  4293  4375 W PackageManager: Failed to parse /system/framework/oat: Missing base APK in /system/framework/oat
09-01 05:30:49.533  2931  2931 D gralloc : fb_post E
09-01 05:30:49.533  2931  2931 D gralloc : fb_post format=0x5
09-01 05:30:49.542  4293  4376 I PackageManager: SELinux relabeling of cyanogenmod.platform issued.
09-01 05:30:49.545  4293  4376 W PackageManager: Permission cyanogenmod.permission.WRITE_ALARMS from package cyanogenmod.platform in an unknown group android.permission-group.SYSTEM_CLOCK
09-01 05:30:49.545  4293  4376 W PackageManager: Permission cyanogenmod.permission.MANAGE_ALARMS from package cyanogenmod.platform in an unknown group android.permission-group.SYSTEM_CLOCK
09-01 05:30:49.545  4293  4376 W PackageManager: Permission cyanogenmod.permission.READ_ALARMS from package cyanogenmod.platform in an unknown group android.permission-group.SYSTEM_CLOCK
09-01 05:30:49.557  3092  3129 E         : invalid gralloc handle (at 0x7f803e9300)
09-01 05:30:49.557  3092  3129 E         : Runtime and build version of gralloc private structure does not match. Errors will likely follow.
09-01 05:30:49.563  2931  2931 E         : invalid gralloc handle (at 0x7f99d165b0)
09-01 05:30:49.563  2931  2931 E         : Runtime and build version of gralloc private structure does not match. Errors will likely follow.
09-01 05:30:49.567  2931  2931 D gralloc : fb_post E
09-01 05:30:49.567  2931  2931 D gralloc : fb_post format=0x5
09-01 05:30:49.590  3092  3129 E         : invalid gralloc handle (at 0x7f803e9380)
09-01 05:30:49.590  3092  3129 E         : Runtime and build version of gralloc private structure does not match. Errors will likely follow.
09-01 05:30:49.597  2931  2931 E         : invalid gralloc handle (at 0x7f99d16540)
09-01 05:30:49.597  2931  2931 E         : Runtime and build version of gralloc private structure does not match. Errors will likely follow.
09-01 05:30:49.601  2931  2931 D gralloc : fb_post E
09-01 05:30:49.601  2931  2931 D gralloc : fb_post format=0x5
09-01 05:30:49.612  4102  4102 E Netd    : cannot find interface dummy0
09-01 05:30:49.613  4102  4102 D MDnsDS  : MDnsSdListener::Hander starting up
09-01 05:30:49.613  4102  4400 D MDnsDS  : MDnsSdListener starting to monitor
09-01 05:30:49.613  4102  4400 D MDnsDS  : Going to poll with pollCount 1
09-01 05:30:49.624  3092  3129 E         : invalid gralloc handle (at 0x7f803e9300)
09-01 05:30:49.624  3092  3129 E         : Runtime and build version of gralloc private structure does not match. Errors will likely follow.
09-01 05:30:49.630  2931  2931 E         : invalid gralloc handle (at 0x7f99d164d0)
09-01 05:30:49.631  2931  2931 E         : Runtime and build version of gralloc private structure does not match. Errors will likely follow.
09-01 05:30:49.635  2931  2931 D gralloc : fb_post E
09-01 05:30:49.635  2931  2931 D gralloc : fb_post format=0x5
09-01 05:30:49.644  4293  4374 W PackageManager: Permission android.permission.SET_KEYGUARD_WALLPAPER from package android in an unknown group android.permission-group.WALLPAPER
09-01 05:30:49.644  4293  4374 W PackageManager: Permission android.permission.MODIFY_PROTECTED_SMS_LIST from package android in an unknown group android.permission-group.MESSAGES
09-01 05:30:49.644  4293  4374 W PackageManager: Permission android.permission.RECEIVE_PROTECTED_SMS from package android in an unknown group android.permission-group.MESSAGES
09-01 05:30:49.644  4293  4374 W PackageManager: Permission android.permission.RESET_BATTERY_STATS from package android in an unknown group android.permission-group.SYSTEM_TOOLS
09-01 05:30:49.644  4293  4293 D PackageManager: end scanDirLI:/system/framework
09-01 05:30:49.645  4293  4293 D PackageManager: start scanDirLI:/system/priv-app
09-01 05:30:49.645  4293  4293 D PackageManager: max thread:6
09-01 05:30:49.653  4293  4372 I PackageManager: SELinux relabeling of com.android.backupconfirm issued.
09-01 05:30:49.653  4293  4373 I PackageManager: SELinux relabeling of org.cyanogenmod.cmaudio.service issued.
09-01 05:30:49.654  4293  4375 I PackageManager: SELinux relabeling of org.cyanogenmod.cmsettings issued.
09-01 05:30:49.656  4293  4374 I PackageManager: SELinux relabeling of com.android.providers.calendar issued.
09-01 05:30:49.657  3092  3129 E         : invalid gralloc handle (at 0x7f803e9380)
09-01 05:30:49.657  3092  3129 E         : Runtime and build version of gralloc private structure does not match. Errors will likely follow.
09-01 05:30:49.660  4293  4404 I PackageManager: SELinux relabeling of org.cyanogenmod.audiofx issued.
09-01 05:30:49.665  2931  2931 E         : invalid gralloc handle (at 0x7f99d16460)
09-01 05:30:49.665  2931  2931 E         : Runtime and build version of gralloc private structure does not match. Errors will likely follow.
09-01 05:30:49.666  4293  4373 I PackageManager: SELinux relabeling of com.android.calllogbackup issued.
09-01 05:30:49.668  4293  4376 I PackageManager: SELinux relabeling of com.cyanogenmod.updater issued.
09-01 05:30:49.669  2931  2931 D gralloc : fb_post E
09-01 05:30:49.669  2931  2931 D gralloc : fb_post format=0x5
09-01 05:30:49.675  4293  4374 W PackageParser: No actions in intent filter at /system/priv-app/Contacts/Contacts.apk Binary XML file line #301
09-01 05:30:49.680  4293  4404 I PackageManager: SELinux relabeling of com.android.providers.contacts issued.
09-01 05:30:49.680  4293  4372 I PackageManager: SELinux relabeling of com.android.cellbroadcastreceiver issued.
09-01 05:30:49.691  3092  3129 E         : invalid gralloc handle (at 0x7f803e9300)
09-01 05:30:49.691  3092  3129 E         : Runtime and build version of gralloc private structure does not match. Errors will likely follow.
09-01 05:30:49.698  2931  2931 E         : invalid gralloc handle (at 0x7f99d163f0)
09-01 05:30:49.698  2931  2931 E         : Runtime and build version of gralloc private structure does not match. Errors will likely follow.
09-01 05:30:49.700  4293  4376 I PackageManager: SELinux relabeling of org.cyanogenmod.providers.datausage issued.
09-01 05:30:49.700  4293  4375 I PackageManager: SELinux relabeling of com.android.carrierconfig issued.
09-01 05:30:49.702  2931  2931 D gralloc : fb_post E
09-01 05:30:49.702  2931  2931 D gralloc : fb_post format=0x5
09-01 05:30:49.704  4293  4404 I PackageManager: SELinux relabeling of com.android.defcontainer issued.
09-01 05:30:49.706  4293  4372 W PackageParser: No actions in intent filter at /system/priv-app/Dialer/Dialer.apk Binary XML file line #152
09-01 05:30:49.717  4293  4404 I PackageManager: SELinux relabeling of com.android.externalstorage issued.
09-01 05:30:49.718  4293  4376 I PackageManager: SELinux relabeling of com.android.location.fused issued.
09-01 05:30:49.724  3092  3129 E         : invalid gralloc handle (at 0x7f803e9380)
09-01 05:30:49.724  3092  3129 E         : Runtime and build version of gralloc private structure does not match. Errors will likely follow.
09-01 05:30:49.732  2931  2931 E         : invalid gralloc handle (at 0x7f99d165b0)
09-01 05:30:49.732  2931  2931 E         : Runtime and build version of gralloc private structure does not match. Errors will likely follow.
09-01 05:30:49.735  4293  4375 I PackageManager: SELinux relabeling of com.android.providers.downloads issued.
09-01 05:30:49.736  2931  2931 D gralloc : fb_post E
09-01 05:30:49.736  2931  2931 D gralloc : fb_post format=0x5
09-01 05:30:49.753  4293  4375 W PackageManager: Permission android.permission.DOWNLOAD_WITHOUT_NOTIFICATION from package com.android.providers.downloads in an unknown group android.permission-group.NETWORK
09-01 05:30:49.758  3092  3129 E         : invalid gralloc handle (at 0x7f803e9300)
09-01 05:30:49.758  3092  3129 E         : Runtime and build version of gralloc private structure does not match. Errors will likely follow.
09-01 05:30:49.758  4293  4404 I PackageManager: SELinux relabeling of com.android.inputdevices issued.
09-01 05:30:49.762  4293  4375 I PackageManager: SELinux relabeling of com.android.managedprovisioning issued.
09-01 05:30:49.766  2931  2931 E         : invalid gralloc handle (at 0x7f99d16540)
