12-05 02:31:31.158  2935  2935 F DEBUG   : signal 6 (SIGABRT), code -6 (SI_TKILL), fault addr --------
12-05 02:31:31.161  2935  2935 F DEBUG   :     x0   0000000000000000  x1   0000000000000daa  x2   0000000000000006  x3   0000000000000000
12-05 02:31:31.161  2935  2935 F DEBUG   :     x4   0000000000000000  x5   0000000000000001  x6   0000000000000000  x7   0000000000000000
12-05 02:31:31.161  2935  2935 F DEBUG   :     x8   0000000000000083  x9   000000000000009d  x10  0000007ff45f8dfc  x11  0000007ff45f8e38
12-05 02:31:31.161  2935  2935 F DEBUG   :     x12  0000007ff45f8d10  x13  0000000000000097  x14  0000007ff45f8ed8  x15  0000000000000000
12-05 02:31:31.161  2935  2935 F DEBUG   :     x16  0000007f944a1560  x17  0000007f94432d6c  x18  0000007f94a64fd8  x19  0000007f94af60d8
12-05 02:31:31.161  2935  2935 F DEBUG   :     x20  0000007f94af6018  x21  0000000000000002  x22  0000000000000006  x23  0000007ff45f9a18
12-05 02:31:31.161  2935  2935 F DEBUG   :     x24  0000007f95383000  x25  0000007f95291000  x26  0000007f9528f000  x27  0000007f95290000
12-05 02:31:31.161  2935  2935 F DEBUG   :     x28  0000007f95015000  x29  0000007ff45f9350  x30  0000007f94430508
12-05 02:31:31.161  2935  2935 F DEBUG   :     sp   0000007ff45f9350  pc   0000007f94432d74  pstate 0000000020000000
12-05 02:31:31.164  2935  2935 F DEBUG   : 
12-05 02:31:31.164  2935  2935 F DEBUG   : backtrace:
12-05 02:31:31.164  2935  2935 F DEBUG   :     #00 pc 0000000000069d74  /system/lib64/libc.so (tgkill+8)
12-05 02:31:31.164  2935  2935 F DEBUG   :     #01 pc 0000000000067504  /system/lib64/libc.so (pthread_kill+68)
12-05 02:31:31.164  2935  2935 F DEBUG   :     #02 pc 0000000000023448  /system/lib64/libc.so (raise+28)
12-05 02:31:31.164  2935  2935 F DEBUG   :     #03 pc 000000000001dbe8  /system/lib64/libc.so (abort+60)
12-05 02:31:31.164  2935  2935 F DEBUG   :     #04 pc 000000000023bf78  /system/bin/gpsd
12-05 02:31:31.164  2935  2935 F DEBUG   :     #05 pc 0000000000090a08  /system/bin/gpsd
12-05 02:31:31.164  2935  2935 F DEBUG   :     #06 pc 0000000000088ef4  /system/bin/gpsd
12-05 02:31:31.164  2935  2935 F DEBUG   :     #07 pc 0000000000092cd4  /system/bin/gpsd
12-05 02:31:31.164  2935  2935 F DEBUG   :     #08 pc 000000000023bf68  /system/bin/gpsd
12-05 02:31:31.164  2935  2935 F DEBUG   :     #09 pc 000000000008a8a4  /system/bin/gpsd
12-05 02:31:31.164  2935  2935 F DEBUG   :     #10 pc 0000000000090e9c  /system/bin/gpsd
12-05 02:31:31.164  2935  2935 F DEBUG   :     #11 pc 0000000000091634  /system/bin/gpsd
12-05 02:31:31.164  2935  2935 F DEBUG   :     #12 pc 000000000005d8a0  /system/bin/gpsd (main+376)
12-05 02:31:31.164  2935  2935 F DEBUG   :     #13 pc 000000000001bcd8  /system/lib64/libc.so (__libc_init+100)
12-05 02:31:31.164  2935  2935 F DEBUG   :     #14 pc 000000000005e89c  /system/bin/gpsd
12-05 02:31:31.194  2935  2935 F DEBUG   : 
12-05 02:31:31.194  2935  2935 F DEBUG   : Tombstone written to: /data/tombstones/tombstone_01
12-05 02:31:31.189  3498  3498 W gpsd    : type=1701 audit(0.0:148): auid=4294967295 uid=1021 gid=1000 ses=4294967295 exe="/system/bin/gpsd" sig=6
12-05 02:31:31.283  3351  3432 I ServiceManager: Waiting for service media.audio_policy...
12-05 02:31:31.283  3351  3351 I ServiceManager: Waiting for service media.audio_flinger...
12-05 02:31:32.283  3351  3432 W AudioSystem: AudioPolicyService not published, waiting...
12-05 02:31:32.283  3351  3351 W AudioSystem: AudioFlinger not published, waiting...
12-05 02:31:32.444  2917  3405 I vold    : Trimmed 10495406080 bytes on /data in 21919ms
12-05 02:31:32.444  3351  3403 D VoldConnector: RCV <- {662 /data 10495406080 21919068676}
12-05 02:31:32.783  3351  3432 I ServiceManager: Waiting for service media.audio_policy...
12-05 02:31:32.783  3351  3351 I ServiceManager: Waiting for service media.audio_flinger...
12-05 02:31:33.784  3351  3351 I ServiceManager: Waiting for service media.audio_flinger...
12-05 02:31:33.784  3351  3432 I ServiceManager: Waiting for service media.audio_policy...
12-05 02:31:34.784  3351  3351 I ServiceManager: Waiting for service media.audio_flinger...
12-05 02:31:34.784  3351  3432 I ServiceManager: Waiting for service media.audio_policy...
12-05 02:31:35.784  3351  3351 I ServiceManager: Waiting for service media.audio_flinger...
12-05 02:31:35.784  3351  3432 I ServiceManager: Waiting for service media.audio_policy...
12-05 02:31:36.328  3514  3514 V MediaUtils: physMem: 3748515840
12-05 02:31:36.328  3514  3514 V MediaUtils: requested limit: 2436535270
12-05 02:31:36.328  3514  3514 V MediaUtils: actual limit: 2436535270
12-05 02:31:36.328  3514  3514 V MediaUtils: original limits: 4294967295/4294967295
12-05 02:31:36.328  3514  3514 V MediaUtils: new limits: 2436535270/4294967295
12-05 02:31:36.329  3514  3514 I mediaserver: ServiceManager: 0xf65ce120
12-05 02:31:36.329  3514  3514 I AudioFlinger: Using default 3000 mSec as standby time.
12-05 02:31:36.330  3514  3514 I CameraService: CameraService started (pid=3514)
12-05 02:31:36.330  3514  3514 I CameraService: CameraService process starting
12-05 02:31:36.332  3514  3514 E UniHAL  : load: module=/system/lib/hw/camera.exynos5.so
12-05 02:31:36.332  3514  3514 E UniHAL  : dlopen failed: library "/system/lib/hw/camera.exynos5.so" not found
12-05 02:31:36.332  3514  3514 E UniHAL  : [CheckAndLoadVendorHal][176] Vendor HAL module(/system/lib/hw/camera.exynos5.so) not loaded(-22)
12-05 02:31:36.332  3514  3514 E UniHAL  : [Uni_Init][282] Error loading HAL
12-05 02:31:36.332  3514  3514 E UniHAL  : load: module=/system/lib/hw/camera.exynos5.so
12-05 02:31:36.332  3514  3514 E UniHAL  : dlopen failed: library "/system/lib/hw/camera.exynos5.so" not found
12-05 02:31:36.332  3514  3514 E UniHAL  : [CheckAndLoadVendorHal][176] Vendor HAL module(/system/lib/hw/camera.exynos5.so) not loaded(-22)
12-05 02:31:36.332  3514  3514 E UniHAL  : [Uni_GetNumberOfCameras][192] Error loading HAL
12-05 02:31:36.332  3514  3514 F Vector  : Assertion failed: !safe_mul(&new_allocation_size, new_capacity, mItemSize)
12-05 02:31:36.332  3514  3514 F libc    : Fatal signal 6 (SIGABRT), code -6 in tid 3514 (mediaserver)
12-05 02:31:36.332  2933  2933 I DEBUG   : property debug.db.uid not set; NOT waiting for gdb.
12-05 02:31:36.332  2933  2933 I DEBUG   : HINT: adb shell setprop debug.db.uid 100000
12-05 02:31:36.332  2933  2933 I DEBUG   : HINT: adb forward tcp:5039 tcp:5039
12-05 02:31:36.383  2933  2933 F DEBUG   : *** *** *** *** *** *** *** *** *** *** *** *** *** *** *** ***
12-05 02:31:36.383  2933  2933 F DEBUG   : CM Version: '13.0-20161204-UNOFFICIAL-hero2ltexx'
12-05 02:31:36.383  2933  2933 F DEBUG   : Build fingerprint: 'samsung/cm_hero2ltexx/hero2ltexx:6.0.1/MOB31K/e933b1c43c:userdebug/test-keys'
12-05 02:31:36.383  2933  2933 F DEBUG   : Revision: '0'
12-05 02:31:36.383  2933  2933 F DEBUG   : ABI: 'arm'
12-05 02:31:36.383  2933  2933 F DEBUG   : pid: 3514, tid: 3514, name: mediaserver  >>> /system/bin/mediaserver <<<
12-05 02:31:36.383  2933  2933 F DEBUG   : signal 6 (SIGABRT), code -6 (SI_TKILL), fault addr --------
12-05 02:31:36.386  2933  2933 F DEBUG   : Abort message: 'Assertion failed: !safe_mul(&new_allocation_size, new_capacity, mItemSize)'
12-05 02:31:36.386  2933  2933 F DEBUG   :     r0 00000000  r1 00000dba  r2 00000006  r3 f7507b8c
12-05 02:31:36.386  2933  2933 F DEBUG   :     r4 f7507b94  r5 f7507b44  r6 00000002  r7 0000010c
12-05 02:31:36.386  2933  2933 F DEBUG   :     r8 f658d200  r9 f70e3c25  sl 00000000  fp ff9fec0c
12-05 02:31:36.386  2933  2933 F DEBUG   :     ip 00000006  sp ff9fe4b0  lr f6fd454d  pc f6fd693c  cpsr 400f0010
12-05 02:31:36.388  2933  2933 F DEBUG   : 
12-05 02:31:36.388  2933  2933 F DEBUG   : backtrace:
12-05 02:31:36.388  2933  2933 F DEBUG   :     #00 pc 0004293c  /system/lib/libc.so (tgkill+12)
12-05 02:31:36.389  2933  2933 F DEBUG   :     #01 pc 00040549  /system/lib/libc.so (pthread_kill+32)
12-05 02:31:36.389  2933  2933 F DEBUG   :     #02 pc 0001c44f  /system/lib/libc.so (raise+10)
12-05 02:31:36.389  2933  2933 F DEBUG   :     #03 pc 00019601  /system/lib/libc.so (__libc_android_abort+34)
12-05 02:31:36.389  2933  2933 F DEBUG   :     #04 pc 00017514  /system/lib/libc.so (abort+4)
12-05 02:31:36.389  2933  2933 F DEBUG   :     #05 pc 000091cf  /system/lib/libcutils.so (__android_log_assert+86)
12-05 02:31:36.389  2933  2933 F DEBUG   :     #06 pc 00010f3d  /system/lib/libutils.so (_ZN7android10VectorImpl11setCapacityEj+88)
12-05 02:31:36.389  2933  2933 F DEBUG   :     #07 pc 00053f89  /system/lib/libcameraservice.so (_ZN7android12CameraModule4initEv+76)
12-05 02:31:36.389  2933  2933 F DEBUG   :     #08 pc 0004ca61  /system/lib/libcameraservice.so (_ZN7android13CameraService10onFirstRefEv+132)
12-05 02:31:36.389  2933  2933 F DEBUG   :     #09 pc 00002315  /system/bin/mediaserver
12-05 02:31:36.389  2933  2933 F DEBUG   :     #10 pc 00001be3  /system/bin/mediaserver
12-05 02:31:36.389  2933  2933 F DEBUG   :     #11 pc 000173c1  /system/lib/libc.so (__libc_init+44)
12-05 02:31:36.389  2933  2933 F DEBUG   :     #12 pc 00001e68  /system/bin/mediaserver
12-05 02:31:36.415  2933  2933 F DEBUG   : 
12-05 02:31:36.415  2933  2933 F DEBUG   : Tombstone written to: /data/tombstones/tombstone_02
12-05 02:31:36.409  3514  3514 W mediaserver: type=1701 audit(0.0:149): auid=4294967295 uid=1013 gid=1005 ses=4294967295 exe="/system/bin/mediaserver" sig=6
12-05 02:31:36.417  2929  2929 I ServiceManager: service 'media.audio_flinger' died
12-05 02:31:36.417  2929  2929 I ServiceManager: service 'media.player' died
12-05 02:31:36.417  2929  2929 I ServiceManager: service 'media.resource_manager' died
12-05 02:31:36.425  3515  3515 E gpsd    : ASSERT in GlGpsdInterface.cpp:417: Failed to read config file.
12-05 02:31:36.425  3515  3515 E gpsd    : ASSERT in ../../../../tmp/14804949_263294/customers/samsung/V64LHE2Swordtailandroid/delivery/gpsd/hal/BrcmGpsLhdHal.cpp:190: Condition [m_pIpc] failed
12-05 02:31:36.425  3515  3515 F libc    : Fatal signal 6 (SIGABRT), code -6 in tid 3515 (gpsd)
12-05 02:31:36.425  2935  2935 I DEBUG   : property debug.db.uid not set; NOT waiting for gdb.
12-05 02:31:36.425  2935  2935 I DEBUG   : HINT: adb shell setprop debug.db.uid 100000
12-05 02:31:36.425  2935  2935 I DEBUG   : HINT: adb forward tcp:5039 tcp:5039
12-05 02:31:36.476  2935  2935 F DEBUG   : *** *** *** *** *** *** *** *** *** *** *** *** *** *** *** ***
12-05 02:31:36.476  2935  2935 F DEBUG   : CM Version: '13.0-20161204-UNOFFICIAL-hero2ltexx'
12-05 02:31:36.476  2935  2935 F DEBUG   : Build fingerprint: 'samsung/cm_hero2ltexx/hero2ltexx:6.0.1/MOB31K/e933b1c43c:userdebug/test-keys'
12-05 02:31:36.476  2935  2935 F DEBUG   : Revision: '0'
12-05 02:31:36.476  2935  2935 F DEBUG   : ABI: 'arm64'
12-05 02:31:36.476  2935  2935 F DEBUG   : pid: 3515, tid: 3515, name: gpsd  >>> /system/bin/gpsd <<<
12-05 02:31:36.476  2935  2935 F DEBUG   : signal 6 (SIGABRT), code -6 (SI_TKILL), fault addr --------
12-05 02:31:36.479  2935  2935 F DEBUG   :     x0   0000000000000000  x1   0000000000000dbb  x2   0000000000000006  x3   0000000000000000
12-05 02:31:36.479  2935  2935 F DEBUG   :     x4   0000000000000000  x5   0000000000000001  x6   0000000000000000  x7   0000000000000000
12-05 02:31:36.479  2935  2935 F DEBUG   :     x8   0000000000000083  x9   000000000000009d  x10  0000007fd65bf06c  x11  0000007fd65bf0a8
12-05 02:31:36.479  2935  2935 F DEBUG   :     x12  0000007fd65bef80  x13  0000000000000097  x14  0000007fd65bf148  x15  0000000000000000
12-05 02:31:36.479  2935  2935 F DEBUG   :     x16  0000007faa1fb560  x17  0000007faa18cd6c  x18  0000007faa7befd8  x19  0000007faa8500d8
12-05 02:31:36.479  2935  2935 F DEBUG   :     x20  0000007faa850018  x21  0000000000000002  x22  0000000000000006  x23  0000007fd65bfc88
12-05 02:31:36.479  2935  2935 F DEBUG   :     x24  0000007fab0dd000  x25  0000007faafeb000  x26  0000007faafe9000  x27  0000007faafea000
12-05 02:31:36.479  2935  2935 F DEBUG   :     x28  0000007faad6f000  x29  0000007fd65bf5c0  x30  0000007faa18a508
12-05 02:31:36.479  2935  2935 F DEBUG   :     sp   0000007fd65bf5c0  pc   0000007faa18cd74  pstate 0000000020000000
12-05 02:31:36.482  2935  2935 F DEBUG   : 
12-05 02:31:36.482  2935  2935 F DEBUG   : backtrace:
12-05 02:31:36.482  2935  2935 F DEBUG   :     #00 pc 0000000000069d74  /system/lib64/libc.so (tgkill+8)
12-05 02:31:36.482  2935  2935 F DEBUG   :     #01 pc 0000000000067504  /system/lib64/libc.so (pthread_kill+68)
12-05 02:31:36.482  2935  2935 F DEBUG   :     #02 pc 0000000000023448  /system/lib64/libc.so (raise+28)
12-05 02:31:36.482  2935  2935 F DEBUG   :     #03 pc 000000000001dbe8  /system/lib64/libc.so (abort+60)
12-05 02:31:36.482  2935  2935 F DEBUG   :     #04 pc 000000000023bf78  /system/bin/gpsd
12-05 02:31:36.482  2935  2935 F DEBUG   :     #05 pc 0000000000090a08  /system/bin/gpsd
12-05 02:31:36.482  2935  2935 F DEBUG   :     #06 pc 0000000000088ef4  /system/bin/gpsd
12-05 02:31:36.482  2935  2935 F DEBUG   :     #07 pc 0000000000092cd4  /system/bin/gpsd
12-05 02:31:36.482  2935  2935 F DEBUG   :     #08 pc 000000000023bf68  /system/bin/gpsd
12-05 02:31:36.482  2935  2935 F DEBUG   :     #09 pc 000000000008a8a4  /system/bin/gpsd
12-05 02:31:36.482  2935  2935 F DEBUG   :     #10 pc 0000000000090e9c  /system/bin/gpsd
12-05 02:31:36.482  2935  2935 F DEBUG   :     #11 pc 0000000000091634  /system/bin/gpsd
12-05 02:31:36.482  2935  2935 F DEBUG   :     #12 pc 000000000005d8a0  /system/bin/gpsd (main+376)
12-05 02:31:36.482  2935  2935 F DEBUG   :     #13 pc 000000000001bcd8  /system/lib64/libc.so (__libc_init+100)
12-05 02:31:36.482  2935  2935 F DEBUG   :     #14 pc 000000000005e89c  /system/bin/gpsd
12-05 02:31:36.511  2935  2935 F DEBUG   : 
12-05 02:31:36.511  2935  2935 F DEBUG   : Tombstone written to: /data/tombstones/tombstone_03
12-05 02:31:36.499  3515  3515 W gpsd    : type=1701 audit(0.0:150): auid=4294967295 uid=1021 gid=1000 ses=4294967295 exe="/system/bin/gpsd" sig=6
12-05 02:31:36.784  3351  3351 I ServiceManager: Waiting for service media.audio_flinger...
12-05 02:31:36.785  3351  3432 I ServiceManager: Waiting for service media.audio_policy...
12-05 02:31:37.784  3351  3351 W AudioSystem: AudioFlinger not published, waiting...
12-05 02:31:37.785  3351  3432 W AudioSystem: AudioPolicyService not published, waiting...
12-05 02:31:38.285  3351  3351 I ServiceManager: Waiting for service media.audio_flinger...
12-05 02:31:38.285  3351  3432 I ServiceManager: Waiting for service media.audio_policy...
12-05 02:31:39.077  2930  2930 E Fence   : merge: sync_merge("FramebufferSurface:0", 1017, 1023) returned an error: Too many open files (-24)
12-05 02:31:39.110  2930  2930 E Fence   : merge: sync_merge("FramebufferSurface:4", 1016, 1023) returned an error: Too many open files (-24)
12-05 02:31:39.144  2930  2930 W display : release fence dup failed: Too many open files
12-05 02:31:39.194  2930  2930 E Fence   : merge: sync_merge("FramebufferSurface:2", 973, 1015) returned an error: Too many open files (-24)
12-05 02:31:39.261  2930  2930 W display : release fence dup failed: Too many open files
12-05 02:31:39.285  3351  3351 I ServiceManager: Waiting for service media.audio_flinger...
12-05 02:31:39.285  3351  3432 I ServiceManager: Waiting for service media.audio_policy...
12-05 02:31:39.294  2930  2930 E display : ioctl S3CFB_WIN_CONFIG failed: Too many open files
12-05 02:31:39.294  2930  2930 F display : ioctl S3CFB_WIN_CONFIG failed to clear screen: Too many open files
12-05 02:31:39.289  2930  2930 W surfaceflinger: type=1701 audit(0.0:151): auid=4294967295 uid=1000 gid=1003 ses=4294967295 exe="/system/bin/surfaceflinger" sig=6
12-05 02:31:39.309  3049  3066 D         : NULL == surf->write_back_color_buffer
12-05 02:31:39.309  3049  3066 W         : GLES-MALI OOM error: failed to allocate CPU memory (gles_fb_first_drawcall_cb at hardware/samsung_slsi/MaliT880_r12p0_JF/product/gles/src/fb/mali_gles_fb_module_api.c:1281)
12-05 02:31:39.309  3049  3066 D         : NULL == surf->write_back_color_buffer
12-05 02:31:39.343  3049  3066 D         : NULL == surf->write_back_color_buffer
12-05 02:31:39.344  3351  3362 W SurfaceComposerClient: ComposerService remote (surfaceflinger) died [0x7f94a6d320]
12-05 02:31:39.344  3049  3065 W SurfaceComposerClient: ComposerService remote (surfaceflinger) died [0x7f9cbe3320]
12-05 02:31:39.344  3049  3065 D BootAnimation: SurfaceFlinger died, exiting...
12-05 02:31:39.344  2929  2929 I ServiceManager: service 'SurfaceFlinger' died
12-05 02:31:39.384  3351  3370 E DisplayEventReceiver: Display event receiver pipe was closed or an error occurred.  events=0x9
12-05 02:31:39.384  3351  3370 E DisplayEventReceiver: Display event receiver pipe was closed or an error occurred.  events=0x9
12-05 02:31:39.403  2939  2939 E installd: eof
12-05 02:31:39.403  2939  2939 E installd: failed to read size
12-05 02:31:39.403  2939  2939 I installd: closing connection
12-05 02:31:39.403  2929  2929 I ServiceManager: service 'sensorservice' died
12-05 02:31:39.403  2929  2929 I ServiceManager: service 'package' died
12-05 02:31:39.403  2929  2929 I ServiceManager: service 'user' died
12-05 02:31:39.403  2929  2929 I ServiceManager: service 'activity' died
12-05 02:31:39.403  2929  2929 I ServiceManager: service 'procstats' died
12-05 02:31:39.403  2929  2929 I ServiceManager: service 'meminfo' died
12-05 02:31:39.403  2929  2929 I ServiceManager: service 'gfxinfo' died
12-05 02:31:39.403  2929  2929 I ServiceManager: service 'dbinfo' died
12-05 02:31:39.403  2929  2929 I ServiceManager: service 'cpuinfo' died
12-05 02:31:39.403  2928  2928 I lowmemorykiller: ActivityManager disconnected
12-05 02:31:39.403  2929  2929 I ServiceManager: service 'permission' died
12-05 02:31:39.403  2928  2928 I lowmemorykiller: Closing Activity Manager data connection
12-05 02:31:39.403  2929  2929 I ServiceManager: service 'processinfo' died
12-05 02:31:39.403  2929  2929 I ServiceManager: service 'batterymanager' died
12-05 02:31:39.403  2929  2929 I ServiceManager: service 'usagestats' died
12-05 02:31:39.403  2929  2929 I ServiceManager: service 'webviewupdate' died
12-05 02:31:39.403  2929  2929 I ServiceManager: service 'scheduling_policy' died
12-05 02:31:39.403  2929  2929 I ServiceManager: service 'telephony.registry' died
12-05 02:31:39.403  2929  2929 I ServiceManager: service 'media.camera.proxy' died
12-05 02:31:39.403  2929  2929 I ServiceManager: service 'account' died
12-05 02:31:39.403  2929  2929 I ServiceManager: service 'content' died
12-05 02:31:39.403  2929  2929 I ServiceManager: service 'vibrator' died
12-05 02:31:39.403  2929  2929 I ServiceManager: service 'consumer_ir' died
12-05 02:31:39.403  2929  2929 I ServiceManager: service 'alarm' died
12-05 02:31:39.403  2929  2929 I ServiceManager: service 'window' died
12-05 02:31:39.403  2929  2929 I ServiceManager: service 'input' died
12-05 02:31:39.403  2929  2929 I ServiceManager: service 'bluetooth_manager' died
12-05 02:31:39.403  2929  2929 I ServiceManager: service 'input_method' died
12-05 02:31:39.403  2929  2929 I ServiceManager: service 'accessibility' died
12-05 02:31:39.403  2929  2929 I ServiceManager: service 'mount' died
12-05 02:31:39.403  2929  2929 I ServiceManager: service 'uimode' died
12-05 02:31:39.403  2929  2929 I ServiceManager: service 'lock_settings' died
12-05 02:31:39.403  2929  2929 I ServiceManager: service 'deviceidle' died
12-05 02:31:39.403  2929  2929 I ServiceManager: service 'device_policy' died
12-05 02:31:39.403  2929  2929 I ServiceManager: service 'statusbar' died
12-05 02:31:39.403  2929  2929 I ServiceManager: service 'clipboard' died
12-05 02:31:39.404  2929  2929 I ServiceManager: service 'network_management' died
12-05 02:31:39.404  2929  2929 I ServiceManager: service 'textservices' died
12-05 02:31:39.404  2929  2929 I ServiceManager: service 'network_score' died
12-05 02:31:39.404  2929  2929 I ServiceManager: service 'netstats' died
12-05 02:31:39.404  2929  2929 I ServiceManager: service 'netpolicy' died
12-05 02:31:39.404  2929  2929 I ServiceManager: service 'wifip2p' died
12-05 02:31:39.404  2929  2929 I ServiceManager: service 'wifi' died
12-05 02:31:39.404  2929  2929 I ServiceManager: service 'wifiscanner' died
12-05 02:31:39.404  2929  2929 I ServiceManager: service 'rttmanager' died
12-05 02:31:39.404  2929  2929 I ServiceManager: service 'ethernet' died
12-05 02:31:39.404  2929  2929 I ServiceManager: service 'connectivity' died
12-05 02:31:39.404  2929  2929 I ServiceManager: service 'servicediscovery' died
12-05 02:31:39.404  2929  2929 I ServiceManager: service 'updatelock' died
12-05 02:31:39.404  2929  2929 I ServiceManager: service 'notification' died
12-05 02:31:39.404  2929  2929 I ServiceManager: service 'devicestoragemonitor' died
12-05 02:31:39.404  2929  2929 I ServiceManager: service 'location' died
12-05 02:31:39.404  2929  2929 I ServiceManager: service 'country_detector' died
12-05 02:31:39.404  2929  2929 I ServiceManager: service 'search' died
12-05 02:31:39.404  2929  2929 I ServiceManager: service 'dropbox' died
12-05 02:31:39.404  2929  2929 I ServiceManager: service 'wallpaper' died
12-05 02:31:39.404  2929  2929 I ServiceManager: service 'batterystats' died
12-05 02:31:39.404  2929  2929 I ServiceManager: service 'appops' died
12-05 02:31:39.404  2929  2929 I ServiceManager: service 'power' died
12-05 02:31:39.404  2929  2929 I ServiceManager: service 'display' died
12-05 02:31:39.404  3530  3530 I SurfaceFlinger: SurfaceFlinger is starting
12-05 02:31:39.404  3530  3530 E SchedPolicy: /system/bin/surfaceflinger add_tid_to_cgroup failed; fd=-1
12-05 02:31:39.404  3530  3530 I SurfaceFlinger: SurfaceFlinger's main thread ready to run. Initializing graphics H/W...
12-05 02:31:39.412  3530  3530 D libEGL  : loaded /vendor/lib64/egl/libGLES_mali.so
12-05 02:31:39.419  3530  3530 I gralloc : using (id=)
12-05 02:31:39.419  3530  3530 I gralloc : xres         = 1440 px
12-05 02:31:39.419  3530  3530 I gralloc : yres         = 2560 px
12-05 02:31:39.419  3530  3530 I gralloc : width        = 68 mm (537.882324 dpi)
12-05 02:31:39.419  3530  3530 I gralloc : height       = 122 mm (532.983582 dpi)
12-05 02:31:39.419  3530  3530 I gralloc : refresh rate = 59.31 Hz
12-05 02:31:39.423  3530  3530 D hwcomposer: using
12-05 02:31:39.423  3530  3530 D hwcomposer: xres         = 1440 px
12-05 02:31:39.423  3530  3530 D hwcomposer: yres         = 2560 px
12-05 02:31:39.423  3530  3530 D hwcomposer: width        = 68 mm (537.882000 dpi)
12-05 02:31:39.423  3530  3530 D hwcomposer: height       = 122 mm (532.983000 dpi)
12-05 02:31:39.423  3530  3530 D hwcomposer: refresh rate = 59 Hz
12-05 02:31:39.423  3530  3530 I hwcomposer: PSR info devname = /sys/devices/13960000.decon_f/psr_info
12-05 02:31:39.423  3530  3530 I hwcomposer: PSR mode is 6(0: video mode, 1: DP PSR mode, 2: MIPI-DSI command mode)
12-05 02:31:39.423  3530  3530 I SurfaceFlinger: Using composer version 1.3
12-05 02:31:39.423  3530  3530 E display : unknown display attribute 6
12-05 02:31:39.423  3530  3530 I SurfaceFlinger: EGL information:
12-05 02:31:39.423  3530  3530 I SurfaceFlinger: vendor    : Android
12-05 02:31:39.423  3530  3530 I SurfaceFlinger: version   : 1.4 Android META-EGL
12-05 02:31:39.423  3530  3530 I SurfaceFlinger: extensions: EGL_KHR_get_all_proc_addresses EGL_ANDROID_presentation_time EGL_KHR_swap_buffers_with_damage EGL_KHR_image EGL_KHR_image_base EGL_KHR_gl_texture_2D_image EGL_KHR_gl_texture_cubemap_image EGL_KHR_gl_renderbuffer_image EGL_KHR_fence_sync EGL_KHR_create_context EGL_KHR_config_attribs EGL_KHR_surfaceless_context EGL_EXT_create_context_robustness EGL_ANDROID_image_native_buffer EGL_KHR_wait_sync EGL_ANDROID_recordable EGL_KHR_partial_update 
12-05 02:31:39.423  3530  3530 I SurfaceFlinger: Client API: OpenGL_ES
12-05 02:31:39.423  3530  3530 I SurfaceFlinger: EGLSurface: 8-8-8-8, config=0x7fb243b138
12-05 02:31:39.426  3530  3530 I SurfaceFlinger: OpenGL ES informations:
12-05 02:31:39.426  3530  3530 I SurfaceFlinger: vendor    : ARM
12-05 02:31:39.426  3530  3530 I SurfaceFlinger: renderer  : Mali-T880
12-05 02:31:39.426  3530  3530 I SurfaceFlinger: version   : OpenGL ES 3.2 v1.r12p1-00dev0.60546d7cd0bfd82d0ba92ca3bb825c75
12-05 02:31:39.426  3530  3530 I SurfaceFlinger: extensions: GL_EXT_debug_marker GL_ARM_rgba8 GL_ARM_mali_shader_binary GL_OES_depth24 GL_OES_depth_texture GL_OES_depth_texture_cube_map GL_OES_packed_depth_stencil GL_OES_rgb8_rgba8 GL_EXT_read_format_bgra GL_OES_compressed_paletted_texture GL_OES_compressed_ETC1_RGB8_texture GL_OES_standard_derivatives GL_OES_EGL_image GL_OES_EGL_image_external GL_OES_EGL_image_external_essl3 GL_OES_EGL_sync GL_OES_texture_npot GL_OES_vertex_half_float GL_OES_required_internalformat GL_OES_vertex_array_object GL_OES_mapbuffer GL_EXT_texture_format_BGRA8888 GL_EXT_texture_rg GL_EXT_texture_type_2_10_10_10_REV GL_OES_fbo_render_mipmap GL_OES_element_index_uint GL_EXT_shadow_samplers GL_OES_texture_compression_astc GL_KHR_texture_compression_astc_ldr GL_KHR_texture_compression_astc_hdr GL_KHR_texture_compression_astc_sliced_3d GL_KHR_debug GL_EXT_occlusion_query_boolean GL_EXT_disjoint_timer_query GL_EXT_blend_minmax GL_EXT_discard_framebuffer GL_OES_get_program_binary GL_OES_texture_3D GL_EXT_texture_storage GL_EXT_multisamp
12-05 02:31:39.426  3530  3530 I SurfaceFlinger: GL_MAX_TEXTURE_SIZE = 16384
12-05 02:31:39.426  3530  3530 I SurfaceFlinger: GL_MAX_VIEWPORT_DIMS = 16384
12-05 02:31:39.426  3530  3530 D mali_winsys: EGLint new_window_surface(egl_winsys_display*, void*, EGLSurface, EGLConfig, egl_winsys_surface**, egl_color_buffer_format*, EGLBoolean) returns 0x3000,  [1440x2560]-format:1
12-05 02:31:39.427  3530  3530 D SurfaceFlinger: Set power mode=2, type=0 flinger=0x7fb2403c00
12-05 02:31:39.544  3558  3558 I Netd    : Netd 1.0 starting
12-05 02:31:39.544  3558  3558 I QtiConnectivityAdapter: Failed to open libconnctrl, some features may not be present.
12-05 02:31:39.544  3558  3558 D TetherController: Setting IP forward enable = 0
12-05 02:31:39.539  3007  3007 W auditd  : type=1325 audit(0.0:152): table=filter family=2 entries=52
12-05 02:31:39.539  3007  3007 W auditd  : type=1320 audit(0.0:152): 
12-05 02:31:39.549  3007  3007 W auditd  : type=1325 audit(0.0:153): table=filter family=10 entries=55
12-05 02:31:39.549  3007  3007 W auditd  : type=1320 audit(0.0:153): 
12-05 02:31:39.559  3007  3007 W auditd  : type=1325 audit(0.0:154): table=filter family=2 entries=51
12-05 02:31:39.559  3007  3007 W auditd  : type=1320 audit(0.0:154): 
12-05 02:31:39.569  3007  3007 W auditd  : type=1325 audit(0.0:155): table=filter family=10 entries=54
12-05 02:31:39.569  3007  3007 W auditd  : type=1320 audit(0.0:155): 
12-05 02:31:39.569  3007  3007 W auditd  : type=1325 audit(0.0:156): table=filter family=2 entries=50
12-05 02:31:39.569  3007  3007 W auditd  : type=1320 audit(0.0:156): 
12-05 02:31:39.589  3007  3007 W auditd  : type=1325 audit(0.0:157): table=filter family=10 entries=53
12-05 02:31:39.589  3007  3007 W auditd  : type=1320 audit(0.0:157): 
12-05 02:31:39.589  3007  3007 W auditd  : type=1325 audit(0.0:158): table=filter family=2 entries=48
12-05 02:31:39.589  3007  3007 W auditd  : type=1320 audit(0.0:158): 
12-05 02:31:39.599  3007  3007 W auditd  : type=1325 audit(0.0:159): table=filter family=10 entries=51
12-05 02:31:39.599  3007  3007 W auditd  : type=1320 audit(0.0:159): 
12-05 02:31:39.613  3534  3534 D AndroidRuntime: >>>>>> START com.android.internal.os.ZygoteInit uid 0 <<<<<<
12-05 02:31:39.599  3007  3007 W auditd  : type=1325 audit(0.0:160): table=filter family=2 entries=50
12-05 02:31:39.599  3007  3007 W auditd  : type=1320 audit(0.0:160): 
12-05 02:31:39.615  3534  3534 D AndroidRuntime: CheckJNI is OFF
12-05 02:31:39.616  3534  3534 I art     : option[0]=-Xzygote
12-05 02:31:39.616  3534  3534 I art     : option[1]=-Xstacktracefile:/data/anr/traces.txt
12-05 02:31:39.616  3534  3534 I art     : option[2]=exit
12-05 02:31:39.616  3534  3534 I art     : option[3]=vfprintf
12-05 02:31:39.616  3534  3534 I art     : option[4]=sensitiveThread
12-05 02:31:39.616  3534  3534 I art     : option[5]=-verbose:gc
12-05 02:31:39.616  3534  3534 I art     : option[6]=-Xms8m
12-05 02:31:39.616  3534  3534 I art     : option[7]=-Xmx512m
12-05 02:31:39.616  3534  3534 I art     : option[8]=-XX:HeapGrowthLimit=256m
12-05 02:31:39.616  3534  3534 I art     : option[9]=-XX:HeapMinFree=2m
12-05 02:31:39.616  3534  3534 I art     : option[10]=-XX:HeapMaxFree=8m
12-05 02:31:39.616  3534  3534 I art     : option[11]=-XX:HeapTargetUtilization=0.75
12-05 02:31:39.616  3534  3534 I art     : option[12]=-agentlib:jdwp=transport=dt_android_adb,suspend=n,server=y
12-05 02:31:39.616  3534  3534 I art     : option[13]=-Xlockprofthreshold:500
12-05 02:31:39.616  3534  3534 I art     : option[14]=-Ximage-compiler-option
12-05 02:31:39.616  3534  3534 I art     : option[15]=--runtime-arg
12-05 02:31:39.616  3534  3534 I art     : option[16]=-Ximage-compiler-option
12-05 02:31:39.616  3534  3534 I art     : option[17]=-Xms64m
12-05 02:31:39.616  3534  3534 I art     : option[18]=-Ximage-compiler-option
12-05 02:31:39.616  3534  3534 I art     : option[19]=--runtime-arg
12-05 02:31:39.616  3534  3534 I art     : option[20]=-Ximage-compiler-option
12-05 02:31:39.616  3534  3534 I art     : option[21]=-Xmx64m
12-05 02:31:39.616  3534  3534 I art     : option[22]=-Ximage-compiler-option
12-05 02:31:39.616  3534  3534 I art     : option[23]=--compiler-filter=speed
12-05 02:31:39.616  3534  3534 I art     : option[24]=-Ximage-compiler-option
12-05 02:31:39.616  3534  3534 I art     : option[25]=--image-classes=/system/etc/preloaded-classes
12-05 02:31:39.616  3534  3534 I art     : option[26]=-Xcompiler-option
12-05 02:31:39.616  3534  3534 I art     : option[27]=--runtime-arg
12-05 02:31:39.616  3534  3534 I art     : option[28]=-Xcompiler-option
12-05 02:31:39.616  3534  3534 I art     : option[29]=-Xms64m
12-05 02:31:39.616  3534  3534 I art     : option[30]=-Xcompiler-option
12-05 02:31:39.616  3534  3534 I art     : option[31]=--runtime-arg
12-05 02:31:39.616  3534  3534 I art     : option[32]=-Xcompiler-option
12-05 02:31:39.616  3534  3534 I art     : option[33]=-Xmx512m
12-05 02:31:39.616  3534  3534 I art     : option[34]=-Xcompiler-option
12-05 02:31:39.616  3534  3534 I art     : option[35]=--compiler-filter=speed
12-05 02:31:39.616  3534  3534 I art     : option[36]=-Ximage-compiler-option
12-05 02:31:39.609  3007  3007 W auditd  : type=1325 audit(0.0:161): table=filter family=10 entries=53
12-05 02:31:39.616  3534  3534 I art     : option[37]=--instruction-set-variant=generic
12-05 02:31:39.616  3534  3534 I art     : option[38]=-Xcompiler-option
12-05 02:31:39.616  3534  3534 I art     : option[39]=--instruction-set-variant=generic
12-05 02:31:39.609  3007  3007 W auditd  : type=1320 audit(0.0:161): 
12-05 02:31:39.616  3534  3534 I art     : option[40]=-Ximage-compiler-option
12-05 02:31:39.616  3534  3534 I art     : option[41]=--instruction-set-features=default
12-05 02:31:39.616  3534  3534 I art     : option[42]=-Xcompiler-option
12-05 02:31:39.616  3534  3534 I art     : option[43]=--instruction-set-features=default
12-05 02:31:39.616  3534  3534 I art     : option[44]=-Duser.locale=en-US
12-05 02:31:39.616  3534  3534 I art     : option[45]=--cpu-abilist=arm64-v8a,armeabi
12-05 02:31:39.616  3534  3534 I art     : option[46]=-Xfingerprint:samsung/cm_hero2ltexx/hero2ltexx:6.0.1/MOB31K/e933b1c43c:userdebug/test-keys
12-05 02:31:39.619  3007  3007 W auditd  : type=1325 audit(0.0:162): table=filter family=2 entries=51
12-05 02:31:39.619  3007  3007 W auditd  : type=1320 audit(0.0:162): 
12-05 02:31:39.619  3007  3007 W auditd  : type=1325 audit(0.0:163): table=filter family=10 entries=54
12-05 02:31:39.619  3007  3007 W auditd  : type=1320 audit(0.0:163): 
12-05 02:31:39.629  3007  3007 W auditd  : type=1325 audit(0.0:164): table=filter family=2 entries=50
12-05 02:31:39.629  3007  3007 W auditd  : type=1320 audit(0.0:164): 
12-05 02:31:39.645  3534  3534 D ICU     : No timezone override file found: /data/misc/zoneinfo/current/icu/icu_tzdata.dat
12-05 02:31:39.639  3007  3007 W auditd  : type=1325 audit(0.0:165): table=filter family=10 entries=53
12-05 02:31:39.668  3534  3534 I Radio-JNI: register_android_hardware_Radio DONE
12-05 02:31:39.671  3534  3534 I SamplingProfilerIntegration: Profiling disabled.
12-05 02:31:39.671  3534  3534 D Zygote  : begin preload
12-05 02:31:39.671  3534  3534 I Zygote  : Preloading classes...
12-05 02:31:39.696  3530  3530 D SurfaceFlinger: SF. shader cache generated - 26 shaders in 219.157501 ms
12-05 02:31:39.703  3534  3534 E Minikin : addFont failed to create font /system/fonts/NanumGothic.ttf
12-05 02:31:39.703  3534  3534 E Minikin : addFont failed to create font /system/fonts/DroidSansFallback.ttf
12-05 02:31:39.703  3534  3534 E Minikin : addFont failed to create font /system/fonts/MTLmr3m.ttf
12-05 02:31:39.715  3553  3556 D libEGL  : loaded /vendor/lib64/egl/libGLES_mali.so
12-05 02:31:39.723  3553  3556 D mali_winsys: EGLint new_window_surface(egl_winsys_display*, void*, EGLSurface, EGLConfig, egl_winsys_surface**, egl_color_buffer_format*, EGLBoolean) returns 0x3000,  [1440x2560]-format:2
12-05 02:31:39.726  3553  3556 E BootAnimation: couldn't find audio_conf.txt
12-05 02:31:39.727  3553  3556 D BootAnimation: Use save memory method, maybe small fps in actual.
12-05 02:31:39.731  3534  3534 V DngCreator_JNI: DngCreator_nativeClassInit:
12-05 02:31:39.774  3534  3534 I art     : Thread[1,tid=3534,Native,Thread*=0x7f99c7ba00,peer=0x12c2d100,"main"] recursive attempt to load library "/system/lib64/libmedia_jni.so"
12-05 02:31:39.775  3534  3534 D MtpDeviceJNI: register_android_mtp_MtpDevice
12-05 02:31:39.775  3534  3534 I art     : Thread[1,tid=3534,Native,Thread*=0x7f99c7ba00,peer=0x12c2d100,"main"] recursive attempt to load library "/system/lib64/libmedia_jni.so"
12-05 02:31:39.775  3534  3534 I art     : Thread[1,tid=3534,Native,Thread*=0x7f99c7ba00,peer=0x12c2d100,"main"] recursive attempt to load library "/system/lib64/libmedia_jni.so"
12-05 02:31:39.813  3534  3534 W System  : ClassLoader referenced unknown path: /system/framework/tcmclient.jar
12-05 02:31:39.853  3534  3534 I System  : Loaded time zone names for "" in 17ms (16ms in ICU)
12-05 02:31:39.863  3534  3534 I System  : Loaded time zone names for "en_US" in 10ms (10ms in ICU)
12-05 02:31:39.869  3534  3534 I Zygote  : ...preloaded 3831 classes in 199ms.
12-05 02:31:39.869  3534  3534 I art     : VMRuntime.preloadDexCaches starting
12-05 02:31:39.908  3534  3534 I art     : VMRuntime.preloadDexCaches strings total=249480 before=44901 after=44901
12-05 02:31:39.908  3534  3534 I art     : VMRuntime.preloadDexCaches types total=20343 before=6892 after=6923
12-05 02:31:39.908  3534  3534 I art     : VMRuntime.preloadDexCaches fields total=100632 before=36118 after=36550
12-05 02:31:39.908  3534  3534 I art     : VMRuntime.preloadDexCaches methods total=172964 before=71279 after=71806
12-05 02:31:39.908  3534  3534 I art     : VMRuntime.preloadDexCaches finished
12-05 02:31:39.921  3638  3638 D idmap   : error: no read access to /vendor/overlay: No such file or directory
12-05 02:31:39.924  3534  3534 I Zygote  : Preloading resources...
12-05 02:31:40.166  3534  3534 I Zygote  : ...preloaded 342 resources in 243ms.
12-05 02:31:40.169  3534  3534 I Zygote  : ...preloaded 41 resources in 3ms.
12-05 02:31:40.177  3534  3534 D libEGL  : loaded /vendor/lib64/egl/libGLES_mali.so
12-05 02:31:40.184  3534  3534 I Zygote  : Preloading shared libraries...
12-05 02:31:40.187  3534  3534 D Zygote  : end preload
12-05 02:31:40.187  3534  3534 I art     : Starting a blocking GC Explicit
12-05 02:31:40.193  3534  3534 I art     : Explicit concurrent mark sweep GC freed 11051(442KB) AllocSpace objects, 0(0B) LOS objects, 38% free, 25MB/41MB, paused 60us total 6.729ms
12-05 02:31:40.201  3534  3534 I art     : Starting a blocking GC Explicit
12-05 02:31:40.206  3534  3534 I art     : Explicit concurrent mark sweep GC freed 2277(108KB) AllocSpace objects, 0(0B) LOS objects, 38% free, 25MB/41MB, paused 60us total 5.620ms
12-05 02:31:40.207  3534  3577 I art     : Starting a blocking GC HeapTrim
12-05 02:31:40.208  3534  3534 I art     : Starting a blocking GC Background
12-05 02:31:40.234  3534  3534 I Zygote  : System server process 3708 has been created
12-05 02:31:40.235  3534  3534 I Zygote  : Accepting command socket connections
12-05 02:31:40.249  3708  3708 I Zygote  : Process: zygote socket opened, supported ABIS: armeabi-v7a,armeabi
12-05 02:31:40.250  3708  3708 I InstallerConnection: connecting...
12-05 02:31:40.250  2939  2939 I installd: new connection
12-05 02:31:40.251  3708  3708 I InstallerConnection: disconnecting...
12-05 02:31:40.251  2939  2939 E installd: eof
12-05 02:31:40.251  2939  2939 E installd: failed to read size
12-05 02:31:40.251  2939  2939 I installd: closing connection
12-05 02:31:40.257  3708  3708 I SystemServer: Entered the Android system server!
12-05 02:31:40.281  3708  3708 I SystemServiceManager: Starting com.android.server.pm.Installer
12-05 02:31:40.281  3708  3708 I Installer: Waiting for installd to be ready.
12-05 02:31:40.281  3708  3708 I InstallerConnection: connecting...
12-05 02:31:40.281  2939  2939 I installd: new connection
12-05 02:31:40.282  3708  3708 I SystemServiceManager: Starting com.android.server.am.ActivityManagerService$Lifecycle
12-05 02:31:40.287  3708  3708 I ActivityManager: choosing minFree values for 64 Bit
12-05 02:31:40.287  3708  3708 I ActivityManager: choosing minFree values for 64 Bit
12-05 02:31:40.287  3708  3708 I ActivityManager: choosing minFree values for 64 Bit
12-05 02:31:40.287  3708  3708 I ActivityManager: choosing minFree values for 64 Bit
12-05 02:31:40.287  3708  3708 I ActivityManager: choosing minFree values for 64 Bit
12-05 02:31:40.287  3708  3708 I ActivityManager: choosing minFree values for 64 Bit
12-05 02:31:40.288  3708  3708 I ActivityManager: Memory class: 256
12-05 02:31:40.289  3708  3735 I ServiceThread: Enabled StrictMode logging for ActivityManager looper.
12-05 02:31:40.290  3708  3736 I ServiceThread: Enabled StrictMode logging for android.ui looper.
12-05 02:31:40.295  3708  3708 D BatteryStatsImpl: Reading daily items from /data/system/batterystats-daily.xml
12-05 02:31:40.298  3708  3708 I AppOps  : No existing app ops /data/system/appops.xml; starting empty
12-05 02:31:40.318  3708  3708 W ProcessCpuTracker: Skipping unknown process pid 3739
12-05 02:31:40.320  3708  3708 I IntentFirewall: Read new rules (A:0 B:0 S:0)
12-05 02:31:40.322  3708  3747 I ServiceThread: Enabled StrictMode logging for android.display looper.
12-05 02:31:40.324  3708  3708 D AppOps  : AppOpsService published
12-05 02:31:40.324  3708  3708 I SystemServiceManager: Starting com.android.server.power.PowerManagerService
12-05 02:31:40.325  3708  3749 I ServiceThread: Enabled StrictMode logging for PowerManagerService looper.
12-05 02:31:40.326  3708  3708 W libsuspend: Error writing 'on' to /sys/power/state: Invalid argument
12-05 02:31:40.326  3708  3708 I libsuspend: Selected wakeup count
12-05 02:31:40.327  3708  3708 I SystemServiceManager: Starting com.android.server.lights.LightsService
12-05 02:31:40.327  3708  3708 I SystemServiceManager: Starting com.android.server.display.DisplayManagerService
12-05 02:31:40.328  3708  3708 I SystemServiceManager: Starting phase 100
12-05 02:31:40.330  3530  3533 E SurfaceFlinger: getDefaultDisplay: id=2 is not a valid default display id
12-05 02:31:40.331  3708  3747 I DisplayManagerService: Display device added: DisplayDeviceInfo{"Built-in Screen": uniqueId="local:0", 1440 x 2560, modeId 1, defaultModeId 1, supportedModes [{id=1, width=1440, height=2560, fps=59.0}], colorTransformId 1, defaultColorTransformId 1, supportedColorTransforms [{id=1, colorTransform=-22}], density 640, 537.882 x 532.983 dpi, appVsyncOff 0, presDeadline 17949152, touch INTERNAL, rotation 0, type BUILT_IN, state UNKNOWN, FLAG_DEFAULT_DISPLAY, FLAG_ROTATES_WITH_CONTENT, FLAG_SECURE, FLAG_SUPPORTS_PROTECTED_BUFFERS}
12-05 02:31:40.331  3530  3530 D SurfaceFlinger: Set power mode=2, type=0 flinger=0x7fb2403c00
12-05 02:31:40.331  3530  3530 D SurfaceFlinger: Screen type=0 is already mode=2
12-05 02:31:40.338  3708  3708 I SystemServer: Package Manager
12-05 02:31:40.338  3708  3747 I DisplayManagerService: Display device changed state: "Built-in Screen", ON
12-05 02:31:40.381  3708  3708 D SELinuxMMAC: Using policy file /system/etc/security/mac_permissions.xml
12-05 02:31:40.438  3708  3708 E art     : DexFile_getDexOptNeeded file '/system/framework/org.apache.http.legacy.jar' does not exist
12-05 02:31:40.438  3708  3708 W PackageManager: Library not found: /system/framework/org.apache.http.legacy.jar
12-05 02:31:40.438  3708  3708 E art     : DexFile_getDexOptNeeded file '/system/framework/com.android.nfc_extras.jar' does not exist
12-05 02:31:40.438  3708  3708 W PackageManager: Library not found: /system/framework/com.android.nfc_extras.jar
12-05 02:31:40.440  3708  3708 E art     : DexFile_getDexOptNeeded file '/system/framework/org.apache.http.legacy.jar' does not exist
12-05 02:31:40.440  3708  3708 W PackageManager: Library not found: /system/framework/org.apache.http.legacy.jar
12-05 02:31:40.440  3708  3708 E art     : DexFile_getDexOptNeeded file '/system/framework/com.android.nfc_extras.jar' does not exist
12-05 02:31:40.440  3708  3708 W PackageManager: Library not found: /system/framework/com.android.nfc_extras.jar
12-05 02:31:40.452  3708  3708 D PackageManager: No files in app dir /vendor/overlay
12-05 02:31:40.452  3708  3708 D PackageManager: start scanDirLI:/system/framework
12-05 02:31:40.452  3708  3708 D PackageManager: max thread:6
12-05 02:31:40.454  3708  3784 W PackageManager: Failed to parse /system/framework/arm: Missing base APK in /system/framework/arm
12-05 02:31:40.455  3708  3785 W PackageManager: Failed to parse /system/framework/arm64: Missing base APK in /system/framework/arm64
12-05 02:31:40.458  3708  3787 W PackageManager: Failed to parse /system/framework/oat: Missing base APK in /system/framework/oat
12-05 02:31:40.467  3708  3788 W PackageManager: Permission cyanogenmod.permission.WRITE_ALARMS from package cyanogenmod.platform in an unknown group android.permission-group.SYSTEM_CLOCK
12-05 02:31:40.467  3708  3788 W PackageManager: Permission cyanogenmod.permission.MANAGE_ALARMS from package cyanogenmod.platform in an unknown group android.permission-group.SYSTEM_CLOCK
12-05 02:31:40.467  3708  3788 W PackageManager: Permission cyanogenmod.permission.READ_ALARMS from package cyanogenmod.platform in an unknown group android.permission-group.SYSTEM_CLOCK
12-05 02:31:40.477  3558  3558 V NatController: runCmd(/system/bin/iptables -w -F natctrl_FORWARD) res=0
12-05 02:31:40.482  3558  3558 V NatController: runCmd(/system/bin/iptables -w -A natctrl_FORWARD -j DROP) res=0
12-05 02:31:40.486  3558  3558 V NatController: runCmd(/system/bin/iptables -w -t nat -F natctrl_nat_POSTROUTING) res=0
12-05 02:31:40.490  3558  3558 V NatController: runCmd(/system/bin/iptables -w -F natctrl_tether_counters) res=0
12-05 02:31:40.494  3558  3558 V NatController: runCmd(/system/bin/iptables -w -X natctrl_tether_counters) res=0
12-05 02:31:40.499  3558  3558 V NatController: runCmd(/system/bin/iptables -w -N natctrl_tether_counters) res=0
12-05 02:31:40.504  3558  3558 V NatController: runCmd(/system/bin/iptables -w -t mangle -A natctrl_mangle_FORWARD -p tcp --tcp-flags SYN SYN -j TCPMSS --clamp-mss-to-pmtu) res=0
12-05 02:31:40.547  3708  3786 W PackageManager: Permission android.permission.SET_KEYGUARD_WALLPAPER from package android in an unknown group android.permission-group.WALLPAPER
12-05 02:31:40.548  3708  3786 W PackageManager: Permission android.permission.MODIFY_PROTECTED_SMS_LIST from package android in an unknown group android.permission-group.MESSAGES
12-05 02:31:40.548  3708  3786 W PackageManager: Permission android.permission.RECEIVE_PROTECTED_SMS from package android in an unknown group android.permission-group.MESSAGES
12-05 02:31:40.548  3708  3786 W PackageManager: Permission android.permission.RESET_BATTERY_STATS from package android in an unknown group android.permission-group.SYSTEM_TOOLS
12-05 02:31:40.548  3708  3708 D PackageManager: end scanDirLI:/system/framework
12-05 02:31:40.548  3708  3708 D PackageManager: start scanDirLI:/system/priv-app
12-05 02:31:40.548  3708  3708 D PackageManager: max thread:6
12-05 02:31:40.579  3007  3007 W auditd  : type=1325 audit(0.0:350): table=mangle family=2 entries=16
12-05 02:31:40.579  3007  3007 W auditd  : type=1320 audit(0.0:350): 
12-05 02:31:40.579  3007  3007 W auditd  : type=1325 audit(0.0:351): table=mangle family=10 entries=12
12-05 02:31:40.579  3007  3007 W auditd  : type=1320 audit(0.0:351): 
12-05 02:31:40.589  3007  3007 W auditd  : type=1325 audit(0.0:352): table=filter family=2 entries=49
12-05 02:31:40.589  3007  3007 W auditd  : type=1320 audit(0.0:352): 
12-05 02:31:40.596  3708  3785 W PackageParser: No actions in intent filter at /system/priv-app/Contacts/Contacts.apk Binary XML file line #301
12-05 02:31:40.589  3007  3007 W auditd  : type=1325 audit(0.0:353): table=filter family=10 entries=52
12-05 02:31:40.589  3007  3007 W auditd  : type=1320 audit(0.0:353): 
12-05 02:31:40.599  3007  3007 W auditd  : type=1325 audit(0.0:354): table=filter family=2 entries=47
12-05 02:31:40.599  3007  3007 W auditd  : type=1320 audit(0.0:354): 
12-05 02:31:40.599  3007  3007 W auditd  : type=1325 audit(0.0:355): table=filter family=10 entries=50
12-05 02:31:40.599  3007  3007 W auditd  : type=1320 audit(0.0:355): 
12-05 02:31:40.609  3007  3007 W auditd  : type=1325 audit(0.0:356): table=filter family=2 entries=45
12-05 02:31:40.609  3007  3007 W auditd  : type=1320 audit(0.0:356): 
12-05 02:31:40.609  3007  3007 W auditd  : type=1325 audit(0.0:357): table=filter family=10 entries=48
12-05 02:31:40.609  3007  3007 W auditd  : type=1320 audit(0.0:357): 
12-05 02:31:40.619  3007  3007 W auditd  : type=1325 audit(0.0:358): table=filter family=2 entries=43
12-05 02:31:40.619  3007  3007 W auditd  : type=1320 audit(0.0:358): 
12-05 02:31:40.619  3007  3007 W auditd  : type=1325 audit(0.0:359): table=filter family=10 entries=46
12-05 02:31:40.619  3007  3007 W auditd  : type=1320 audit(0.0:359): 
12-05 02:31:40.657  3708  3784 W PackageParser: No actions in intent filter at /system/priv-app/Dialer/Dialer.apk Binary XML file line #152
12-05 02:31:40.694  3708  3786 W PackageManager: Permission android.permission.DOWNLOAD_WITHOUT_NOTIFICATION from package com.android.providers.downloads in an unknown group android.permission-group.NETWORK
12-05 02:31:40.715  3708  3719 I art     : Background sticky concurrent mark sweep GC freed 168112(11MB) AllocSpace objects, 116(5MB) LOS objects, 18% free, 33MB/41MB, paused 805us total 105.612ms
12-05 02:31:40.828  3558  3558 E Netd    : cannot find interface dummy0
12-05 02:31:40.829  3558  3558 D MDnsDS  : MDnsSdListener::Hander starting up
12-05 02:31:40.829  3558  3863 D MDnsDS  : MDnsSdListener starting to monitor
12-05 02:31:40.829  3558  3863 D MDnsDS  : Going to poll with pollCount 1
12-05 02:31:40.905  3708  3784 W PackageParser: Ignoring duplicate uses-permissions/uses-permissions-sdk-m: android.permission.ACCESS_WIFI_STATE in package: com.android.phone at: Binary XML file line #134
12-05 02:31:40.916  3708  3719 I art     : Background partial concurrent mark sweep GC freed 163443(10MB) AllocSpace objects, 53(3MB) LOS objects, 31% free, 34MB/50MB, paused 657us total 127.046ms
12-05 02:31:40.984  3708  3809 W PackageManager: Permission com.android.launcher.permission.INSTALL_SHORTCUT from package com.cyanogenmod.trebuchet in an unknown group android.permission-group.SYSTEM_TOOLS
12-05 02:31:40.984  3708  3809 W PackageManager: Permission com.android.launcher3.permission.READ_SETTINGS from package com.cyanogenmod.trebuchet in an unknown group android.permission-group.SYSTEM_TOOLS
12-05 02:31:40.984  3708  3809 W PackageManager: Permission com.android.launcher3.permission.WRITE_SETTINGS from package com.cyanogenmod.trebuchet in an unknown group android.permission-group.SYSTEM_TOOLS
12-05 02:31:41.009  3708  3708 D PackageManager: end scanDirLI:/system/priv-app
12-05 02:31:41.009  3708  3708 D PackageManager: start scanDirLI:/system/app
12-05 02:31:41.009  3708  3708 D PackageManager: max thread:6
12-05 02:31:41.017  3708  3786 W PackageParser: No actions in intent filter at /system/app/CMFileManager/CMFileManager.apk Binary XML file line #164
12-05 02:31:41.019  3708  3784 W PackageParser: No actions in intent filter at /system/app/Bluetooth/Bluetooth.apk Binary XML file line #235
12-05 02:31:41.145  3708  3785 W PackageParser: Unknown element under <application>: permission at /system/app/Gallery2/Gallery2.apk Binary XML file line #279
12-05 02:31:41.145  3708  3785 W PackageParser: Unknown element under <application>: permission at /system/app/Gallery2/Gallery2.apk Binary XML file line #282
12-05 02:31:41.197  3708  3719 I art     : Background sticky concurrent mark sweep GC freed 210157(13MB) AllocSpace objects, 106(4MB) LOS objects, 25% free, 37MB/50MB, paused 476us total 116.385ms
12-05 02:31:41.260  3867  3867 V MediaUtils: physMem: 3748515840
12-05 02:31:41.260  3867  3867 V MediaUtils: requested limit: 2436535270
12-05 02:31:41.260  3867  3867 V MediaUtils: actual limit: 2436535270
12-05 02:31:41.260  3867  3867 V MediaUtils: original limits: 4294967295/4294967295
12-05 02:31:41.260  3867  3867 V MediaUtils: new limits: 2436535270/4294967295
12-05 02:31:41.261  3867  3867 I mediaserver: ServiceManager: 0xf628e120
12-05 02:31:41.261  3867  3867 I AudioFlinger: Using default 3000 mSec as standby time.
