08-26 08:17:01.220  3286  3286 D mali_winsys: EGLint new_window_surface(egl_winsys_display*, void*, EGLSurface, EGLConfig, egl_winsys_surface**, egl_color_buffer_format*, EGLBoolean) returns 0x3000,  [1440x2560]-format:1
08-26 08:17:01.221  3286  3286 E gralloc : invalid yuv format 5
08-26 08:17:01.221  3286  3286 W GraphicBufferAllocator: alloc(1440, 2560, 5, 00001a00, ...) failed -22 (Invalid argument)
08-26 08:17:01.221  3286  3286 E         : GraphicBufferAlloc::createGraphicBuffer(w=1440, h=2560) failed (Invalid argument), handle=0x0
08-26 08:17:01.221  3286  3286 E BufferQueueProducer: [FramebufferSurface] allocateBuffers: failed to allocate buffer (0 x 0, format 5, usage 512)
08-26 08:17:01.222  3286  3286 D SurfaceFlinger: Set power mode=2, type=0 flinger=0x7f7b1c3c00
08-26 08:17:01.222  3286  3286 I hwcomposer: int exynos_setPowerMode(hwc_composer_device_1*, int, int):: disp(0), mode(2)
08-26 08:17:01.229  3064  3064 W auditd  : type=1325 audit(0.0:67): table=filter family=10 entries=31
08-26 08:17:01.229  3064  3064 W auditd  : type=1320 audit(0.0:67): 
08-26 08:17:01.239  3064  3064 W auditd  : type=1325 audit(0.0:68): table=filter family=2 entries=33
08-26 08:17:01.239  3064  3064 W auditd  : type=1320 audit(0.0:68): 
08-26 08:17:01.249  3064  3064 W auditd  : type=1325 audit(0.0:69): table=filter family=10 entries=33
08-26 08:17:01.249  3064  3064 W auditd  : type=1320 audit(0.0:69): 
08-26 08:17:01.296  2967  2967 W System  : ClassLoader referenced unknown path: /system/framework/tcmclient.jar
08-26 08:17:01.302  3287  3287 V MediaUtils: physMem: 3759357952
08-26 08:17:01.302  3287  3287 V MediaUtils: requested limit: 2443582635
08-26 08:17:01.302  3287  3287 V MediaUtils: actual limit: 2443582635
08-26 08:17:01.302  3287  3287 V MediaUtils: original limits: 4294967295/4294967295
08-26 08:17:01.302  3287  3287 V MediaUtils: new limits: 2443582635/4294967295
08-26 08:17:01.302  3287  3287 I mediaserver: ServiceManager: 0xf638e120
08-26 08:17:01.302  3287  3287 I AudioFlinger: Using default 3000 mSec as standby time.
08-26 08:17:01.303  3287  3287 E BatteryNotifier: batterystats service unavailable!
08-26 08:17:01.303  3287  3287 E BatteryNotifier: batterystats service unavailable!
08-26 08:17:01.303  3287  3287 I CameraService: CameraService started (pid=3287)
08-26 08:17:01.303  3287  3287 I CameraService: CameraService process starting
08-26 08:17:01.303  3287  3287 E BatteryNotifier: batterystats service unavailable!
08-26 08:17:01.303  3287  3287 E BatteryNotifier: batterystats service unavailable!
08-26 08:17:01.303  3287  3287 E CameraService: Could not load camera HAL module: -2 (No such file or directory)
08-26 08:17:01.304  3287  3287 I AudioPolicyService: AudioPolicyService CSTOR in new mode
08-26 08:17:01.304  3287  3287 I APM::ConfigParsingUtils: loadAudioPolicyConfig() loaded /system/etc/audio_policy.conf
08-26 08:17:01.380  3288  3288 D AndroidRuntime: >>>>>> START com.android.internal.os.ZygoteInit uid 0 <<<<<<
08-26 08:17:01.382  3288  3288 D AndroidRuntime: CheckJNI is ON
08-26 08:17:01.383  3288  3288 I art     : option[0]=-Xzygote
08-26 08:17:01.383  3288  3288 I art     : option[1]=-Xcheck:jni
08-26 08:17:01.383  3288  3288 I art     : option[2]=-Xstacktracefile:/data/anr/traces.txt
08-26 08:17:01.383  3288  3288 I art     : option[3]=exit
08-26 08:17:01.383  3288  3288 I art     : option[4]=vfprintf
08-26 08:17:01.383  3288  3288 I art     : option[5]=sensitiveThread
08-26 08:17:01.383  3288  3288 I art     : option[6]=-verbose:gc
08-26 08:17:01.383  3288  3288 I art     : option[7]=-Xms8m
08-26 08:17:01.383  3288  3288 I art     : option[8]=-Xmx768m
08-26 08:17:01.383  3288  3288 I art     : option[9]=-XX:HeapGrowthLimit=288m
08-26 08:17:01.383  3288  3288 I art     : option[10]=-XX:HeapMinFree=2m
08-26 08:17:01.383  3288  3288 I art     : option[11]=-XX:HeapMaxFree=8m
08-26 08:17:01.383  3288  3288 I art     : option[12]=-XX:HeapTargetUtilization=0.75
08-26 08:17:01.383  3288  3288 I art     : option[13]=-Xusejit:true
08-26 08:17:01.383  3288  3288 I art     : option[14]=-agentlib:jdwp=transport=dt_android_adb,suspend=n,server=y
08-26 08:17:01.383  3288  3288 I art     : option[15]=-Xlockprofthreshold:500
08-26 08:17:01.383  3288  3288 I art     : option[16]=-Ximage-compiler-option
08-26 08:17:01.383  3288  3288 I art     : option[17]=--runtime-arg
08-26 08:17:01.383  3288  3288 I art     : option[18]=-Ximage-compiler-option
08-26 08:17:01.383  3288  3288 I art     : option[19]=-Xms64m
08-26 08:17:01.383  3288  3288 I art     : option[20]=-Ximage-compiler-option
08-26 08:17:01.383  3288  3288 I art     : option[21]=--runtime-arg
08-26 08:17:01.383  3288  3288 I art     : option[22]=-Ximage-compiler-option
08-26 08:17:01.383  3288  3288 I art     : option[23]=-Xmx64m
08-26 08:17:01.383  3288  3288 I art     : option[24]=-Ximage-compiler-option
08-26 08:17:01.383  3288  3288 I art     : option[25]=--compiler-filter=verify-at-runtime
08-26 08:17:01.383  3288  3288 I art     : option[26]=-Ximage-compiler-option
08-26 08:17:01.383  3288  3288 I art     : option[27]=--image-classes=/system/etc/preloaded-classes
08-26 08:17:01.383  3288  3288 I art     : option[28]=-Xcompiler-option
08-26 08:17:01.383  3288  3288 I art     : option[29]=--runtime-arg
08-26 08:17:01.383  3288  3288 I art     : option[30]=-Xcompiler-option
08-26 08:17:01.383  3288  3288 I art     : option[31]=-Xms64m
08-26 08:17:01.383  3288  3288 I art     : option[32]=-Xcompiler-option
08-26 08:17:01.383  3288  3288 I art     : option[33]=--runtime-arg
08-26 08:17:01.383  3288  3288 I art     : option[34]=-Xcompiler-option
08-26 08:17:01.383  3288  3288 I art     : option[35]=-Xmx512m
08-26 08:17:01.383  3288  3288 I art     : option[36]=-Xcompiler-option
08-26 08:17:01.383  3288  3288 I art     : option[37]=--compiler-filter=verify-at-runtime
08-26 08:17:01.383  3288  3288 I art     : option[38]=-Ximage-compiler-option
08-26 08:17:01.383  3288  3288 I art     : option[39]=--instruction-set-variant=generic
08-26 08:17:01.383  3288  3288 I art     : option[40]=-Xcompiler-option
08-26 08:17:01.383  3288  3288 I art     : option[41]=--instruction-set-variant=generic
08-26 08:17:01.383  3288  3288 I art     : option[42]=-Ximage-compiler-option
08-26 08:17:01.383  3288  3288 I art     : option[43]=--instruction-set-features=default
08-26 08:17:01.383  3288  3288 I art     : option[44]=-Xcompiler-option
08-26 08:17:01.383  3288  3288 I art     : option[45]=--instruction-set-features=default
08-26 08:17:01.383  3288  3288 I art     : option[46]=-Duser.locale=en-US
08-26 08:17:01.383  3288  3288 I art     : option[47]=--cpu-abilist=arm64-v8a,armeabi
08-26 08:17:01.383  3288  3288 I art     : option[48]=-Xfingerprint:samsung/cm_hero2ltexx/hero2ltexx:6.0.1/MOB30Z/55c7cde9e9:eng/test-keys
08-26 08:17:01.419  3288  3288 D ICU     : No timezone override file found: /data/misc/zoneinfo/current/icu/icu_tzdata.dat
08-26 08:17:01.571  3288  3288 I Radio-JNI: register_android_hardware_Radio DONE
08-26 08:17:01.615  3288  3288 I SamplingProfilerIntegration: Profiling disabled.
08-26 08:17:01.616  3288  3288 D Zygote  : begin preload
08-26 08:17:01.618  3288  3288 I Zygote  : Preloading classes...
08-26 08:17:01.625  3286  3286 D SurfaceFlinger: SF. shader cache generated - 26 shaders in 359.410492 ms
08-26 08:17:01.625  3286  3286 E gralloc : invalid yuv format 5
08-26 08:17:01.625  3286  3286 W GraphicBufferAllocator: alloc(1440, 2560, 5, 00001a00, ...) failed -22 (Invalid argument)
08-26 08:17:01.625  3286  3286 E         : GraphicBufferAlloc::createGraphicBuffer(w=1440, h=2560) failed (Invalid argument), handle=0x0
08-26 08:17:01.625  3286  3286 E BufferQueueProducer: [FramebufferSurface] dequeueBuffer: createGraphicBuffer failed
08-26 08:17:01.625  3286  3286 D         : NULL == surf->write_back_color_buffer
08-26 08:17:01.625  3286  3286 W         : GLES-MALI OOM error: failed to allocate CPU memory (gles_fb_first_drawcall_cb at hardware/samsung_slsi/MaliT880_r12p0_JF/product/gles/src/fb/mali_gles_fb_module_api.c:1281)
08-26 08:17:01.625  3286  3286 E BufferQueueProducer: [FramebufferSurface] dequeueBuffer: can't dequeue multiple buffers without setting the buffer count
08-26 08:17:01.625  3286  3286 D         : NULL == surf->write_back_color_buffer
08-26 08:17:01.625  3286  3286 F SurfaceFlinger: eglSwapBuffers(0x1, 0x7f7ad23700) failed with 0x0000300d
08-26 08:17:01.625  3286  3286 F libc    : Fatal signal 6 (SIGABRT), code -6 in tid 3286 (surfaceflinger)
08-26 08:17:01.625  2957  2957 I DEBUG   : property debug.db.uid not set; NOT waiting for gdb.
08-26 08:17:01.625  2957  2957 I DEBUG   : HINT: adb shell setprop debug.db.uid 100000
08-26 08:17:01.625  2957  2957 I DEBUG   : HINT: adb forward tcp:5039 tcp:5039
08-26 08:17:01.676  2957  2957 F DEBUG   : *** *** *** *** *** *** *** *** *** *** *** *** *** *** *** ***
08-26 08:17:01.676  2957  2957 F DEBUG   : CM Version: '13.0-20160826-UNOFFICIAL-hero2ltexx'
08-26 08:17:01.676  2957  2957 F DEBUG   : Build fingerprint: 'samsung/cm_hero2ltexx/hero2ltexx:6.0.1/MOB30Z/55c7cde9e9:eng/test-keys'
08-26 08:17:01.676  2957  2957 F DEBUG   : Revision: '0'
08-26 08:17:01.676  2957  2957 F DEBUG   : ABI: 'arm64'
08-26 08:17:01.676  2957  2957 F DEBUG   : pid: 3286, tid: 3286, name: surfaceflinger  >>> /system/bin/surfaceflinger <<<
08-26 08:17:01.676  2957  2957 F DEBUG   : signal 6 (SIGABRT), code -6 (SI_TKILL), fault addr --------
08-26 08:17:01.683  2957  2957 F DEBUG   : Abort message: 'eglSwapBuffers(0x1, 0x7f7ad23700) failed with 0x0000300d'
08-26 08:17:01.683  2957  2957 F DEBUG   :     x0   0000000000000000  x1   0000000000000cd6  x2   0000000000000006  x3   0000000000000000
08-26 08:17:01.683  2957  2957 F DEBUG   :     x4   0000000000000000  x5   0000000000000001  x6   0000000000000000  x7   0000000000000000
08-26 08:17:01.683  2957  2957 F DEBUG   :     x8   0000000000000083  x9   0000000000000049  x10  0000007ff93babdc  x11  0000007ff93bac18
08-26 08:17:01.683  2957  2957 F DEBUG   :     x12  0000007ff93baaf0  x13  0000000000000039  x14  0000007ff93bacc8  x15  0000000000000000
08-26 08:17:01.683  2957  2957 F DEBUG   :     x16  0000007f7b8f6560  x17  0000007f7b887d6c  x18  0000007f7baac3a4  x19  0000007f7bba10d8
08-26 08:17:01.683  2957  2957 F DEBUG   :     x20  0000007f7bba1018  x21  0000000000000019  x22  0000000000000006  x23  0000000000000001
08-26 08:17:01.683  2957  2957 F DEBUG   :     x24  0000000000000000  x25  0000000000000018  x26  0000007f7b1cf4a8  x27  0000007f7bb27000
08-26 08:17:01.683  2957  2957 F DEBUG   :     x28  0000000000000001  x29  0000007ff93bab80  x30  0000007f7b885508
08-26 08:17:01.683  2957  2957 F DEBUG   :     sp   0000007ff93bab80  pc   0000007f7b887d74  pstate 0000000020000000
08-26 08:17:01.688  2957  2957 F DEBUG   : 
08-26 08:17:01.688  2957  2957 F DEBUG   : backtrace:
08-26 08:17:01.688  2957  2957 F DEBUG   :     #00 pc 0000000000069d74  /system/lib64/libc.so (tgkill+8)
08-26 08:17:01.688  2957  2957 F DEBUG   :     #01 pc 0000000000067504  /system/lib64/libc.so (pthread_kill+68)
08-26 08:17:01.688  2957  2957 F DEBUG   :     #02 pc 0000000000023448  /system/lib64/libc.so (raise+28)
08-26 08:17:01.688  2957  2957 F DEBUG   :     #03 pc 000000000001dbe8  /system/lib64/libc.so (abort+60)
08-26 08:17:01.688  2957  2957 F DEBUG   :     #04 pc 000000000000de78  /system/lib64/libcutils.so (__android_log_assert+236)
08-26 08:17:01.688  2957  2957 F DEBUG   :     #05 pc 000000000001e400  /system/lib64/libsurfaceflinger.so
08-26 08:17:01.688  2957  2957 F DEBUG   :     #06 pc 0000000000030cac  /system/lib64/libsurfaceflinger.so
08-26 08:17:01.688  2957  2957 F DEBUG   :     #07 pc 000000000002f804  /system/lib64/libsurfaceflinger.so
08-26 08:17:01.688  2957  2957 F DEBUG   :     #08 pc 000000000002e720  /system/lib64/libsurfaceflinger.so
08-26 08:17:01.688  2957  2957 F DEBUG   :     #09 pc 000000000002e488  /system/lib64/libsurfaceflinger.so
08-26 08:17:01.688  2957  2957 F DEBUG   :     #10 pc 000000000001aed4  /system/lib64/libutils.so (_ZN7android6Looper9pollInnerEi+312)
08-26 08:17:01.688  2957  2957 F DEBUG   :     #11 pc 000000000001b20c  /system/lib64/libutils.so (_ZN7android6Looper8pollOnceEiPiS1_PPv+80)
08-26 08:17:01.689  2957  2957 F DEBUG   :     #12 pc 000000000002a6f4  /system/lib64/libsurfaceflinger.so
08-26 08:17:01.689  2957  2957 F DEBUG   :     #13 pc 000000000002df7c  /system/lib64/libsurfaceflinger.so (_ZN7android14SurfaceFlinger3runEv+20)
08-26 08:17:01.689  2957  2957 F DEBUG   :     #14 pc 00000000000011ec  /system/bin/surfaceflinger
08-26 08:17:01.689  2957  2957 F DEBUG   :     #15 pc 000000000001bcd8  /system/lib64/libc.so (__libc_init+100)
08-26 08:17:01.689  2957  2957 F DEBUG   :     #16 pc 000000000000101c  /system/bin/surfaceflinger
08-26 08:17:01.699  2967  2967 I System  : Loaded time zone names for "" in 24ms (20ms in ICU)
08-26 08:17:01.739  2967  2967 I System  : Loaded time zone names for "en_US" in 40ms (12ms in ICU)
08-26 08:17:01.860  3287  3287 E audio_route: Failed to open /system/etc/mixer_paths.xml
08-26 08:17:01.865  3287  3287 I AudioFlinger: loadHwModule() Loaded primary audio interface from Samsung audio HW HAL (audio) handle 1
08-26 08:17:01.865  3287  3287 I AudioFlinger: openOutput(), module 1 Device 2, SamplingRate 44100, Format 0x000001, Channels 3, flags 2
08-26 08:17:01.865  3287  3287 I AudioFlinger: AudioStreamOut::open(), mHalFormatIsLinearPcm = 1
08-26 08:17:01.865  3287  3287 I AudioFlinger: HAL output buffer size 256 frames, normal sink buffer size 960 frames
08-26 08:17:01.868  3287  3287 I BufferProvider: found effect "Multichannel Downmix To Stereo" from The Android Open Source Project
08-26 08:17:01.868  3287  3287 E MonoPipe: Failed to fetch local time frequency when constructing a MonoPipe (res = -32).  getNextWriteTimestamp calls will be non-functional
08-26 08:17:01.868  3287  3287 I AudioFlinger: Using module 1 has the primary audio interface
08-26 08:17:01.871  3287  3414 I AudioFlinger: AudioFlinger's thread 0xf4840000 ready to run
08-26 08:17:01.871  3287  3414 V audio_hw_primary: out_set_parameters: key value pairs: routing=2
08-26 08:17:01.871  3287  3414 V audio_hw_primary: do_out_standby: output standby: 1
08-26 08:17:01.872  3287  3414 E AudioFlinger: no wake lock to update!
08-26 08:17:01.872  3287  3287 V audio_hw_primary: adev_open_input_stream: Created resampler converting 48000 -> 16000
08-26 08:17:01.872  3287  3287 V audio_hw_primary: adev_open_input_stream: Requesting input stream with rate: 16000, channels: 0xc
08-26 08:17:01.872  3287  3417 I AudioFlinger: AudioFlinger's thread 0xf4480000 ready to run
08-26 08:17:01.873  3287  3287 I r_submix: adev_open(name=audio_hw_if)
08-26 08:17:01.873  3287  3287 I r_submix: adev_init_check()
08-26 08:17:01.873  3287  3287 I AudioFlinger: loadHwModule() Loaded r_submix audio interface from Wifi Display audio HAL (audio) handle 4
08-26 08:17:01.873  3287  3287 D r_submix: adev_open_input_stream(addr=0)
08-26 08:17:01.873  3287  3287 D r_submix: submix_audio_device_create_pipe_l(addr=0, idx=9)
08-26 08:17:01.873  3287  3287 D r_submix:   now using address 0 for route 9
08-26 08:17:01.873  3287  3419 I AudioFlinger: AudioFlinger's thread 0xf4480000 ready to run
08-26 08:17:01.873  3287  3287 D r_submix: adev_close_input_stream()
08-26 08:17:01.873  3287  3287 D r_submix: submix_audio_device_release_pipe_l(idx=9) addr=0
08-26 08:17:01.873  3287  3287 D r_submix: submix_audio_device_destroy_pipe_l(): pipe destroyed
08-26 08:17:01.874  3287  3287 E SoundTriggerHwService: couldn't load sound trigger module sound_trigger.primary (No such file or directory)
08-26 08:17:01.874  3287  3287 I RadioService: RadioService
08-26 08:17:01.874  3287  3287 I RadioService: onFirstRef
08-26 08:17:01.874  3287  3287 E RadioService: couldn't load radio module radio.primary (No such file or directory)
08-26 08:17:01.875  2957  2957 F DEBUG   : 
08-26 08:17:01.875  2957  2957 F DEBUG   : Tombstone written to: /data/tombstones/tombstone_01
08-26 08:17:01.926  2932  2932 I ServiceManager: service 'SurfaceFlinger' died
08-26 08:17:01.927  2932  2932 I ServiceManager: service 'Exynos.HWCService' died
08-26 08:17:01.927  3331  3349 E SurfaceControl: invalid handle (0x0) or client (0x7f7eb9c640)
08-26 08:17:01.927  3331  3331 W SurfaceComposerClient: ComposerService remote (surfaceflinger) died [0x7f7eba3320]
08-26 08:17:01.927  3331  3331 D BootAnimation: SurfaceFlinger died, exiting...
08-26 08:17:01.973  2967  2967 I Zygote  : ...preloaded 3831 classes in 2605ms.
08-26 08:17:01.973  2967  2967 I art     : VMRuntime.preloadDexCaches starting
08-26 08:17:01.992  3288  3288 E Minikin : addFont failed to create font /system/fonts/NanumGothic.ttf
08-26 08:17:01.992  3288  3288 E Minikin : addFont failed to create font /system/fonts/DroidSansFallback.ttf
08-26 08:17:01.992  3288  3288 E Minikin : addFont failed to create font /system/fonts/MTLmr3m.ttf
08-26 08:17:02.013  2967  2967 I art     : VMRuntime.preloadDexCaches strings total=249042 before=10084 after=10084
08-26 08:17:02.013  2967  2967 I art     : VMRuntime.preloadDexCaches types total=20335 before=8244 after=9837
08-26 08:17:02.013  2967  2967 I art     : VMRuntime.preloadDexCaches fields total=100408 before=35771 after=47736
08-26 08:17:02.013  2967  2967 I art     : VMRuntime.preloadDexCaches methods total=172844 before=67608 after=83315
08-26 08:17:02.013  2967  2967 I art     : VMRuntime.preloadDexCaches finished
08-26 08:17:02.026  2932  2932 I ServiceManager: service 'media.radio' died
08-26 08:17:02.026  2932  2932 I ServiceManager: service 'media.sound_trigger_hw' died
08-26 08:17:02.026  2932  2932 I ServiceManager: service 'media.audio_flinger' died
08-26 08:17:02.026  2932  2932 I ServiceManager: service 'media.player' died
08-26 08:17:02.026  2932  2932 I ServiceManager: service 'media.resource_manager' died
08-26 08:17:02.026  2932  2932 I ServiceManager: service 'media.camera' died
08-26 08:17:02.026  2932  2932 I ServiceManager: service 'media.audio_policy' died
08-26 08:17:02.029  3452  3452 D idmap   : error: no read access to /vendor/overlay: No such file or directory
08-26 08:17:02.053  2967  2967 I Zygote  : Preloading resources...
08-26 08:17:02.487  2967  2967 I Zygote  : ...preloaded 342 resources in 434ms.
08-26 08:17:02.497  2967  2967 I Zygote  : ...preloaded 41 resources in 10ms.
08-26 08:17:02.535  2967  2967 D libEGL  : loaded /vendor/lib/egl/libGLES_mali.so
08-26 08:17:02.546  2967  2967 I Zygote  : Preloading shared libraries...
08-26 08:17:02.555  2967  2967 D Zygote  : end preload
08-26 08:17:02.555  2967  2967 I art     : Starting a blocking GC Explicit
08-26 08:17:02.565  2967  2967 I art     : Explicit concurrent mark sweep GC freed 11343(456KB) AllocSpace objects, 0(0B) LOS objects, 36% free, 27MB/43MB, paused 87us total 9.733ms
08-26 08:17:02.579  2967  2967 I art     : Starting a blocking GC Explicit
08-26 08:17:02.587  2967  2967 I art     : Explicit concurrent mark sweep GC freed 2423(114KB) AllocSpace objects, 0(0B) LOS objects, 36% free, 27MB/43MB, paused 84us total 8.117ms
08-26 08:17:02.587  2967  2967 I Zygote  : Accepting command socket connections
08-26 08:17:06.029  3064  3064 W auditd  : type=1325 audit(0.0:166): table=filter family=2 entries=34
08-26 08:17:06.029  3064  3064 W auditd  : type=1320 audit(0.0:166): 
08-26 08:17:06.032  3455  3455 I Netd    : Netd 1.0 starting
08-26 08:17:06.032  3455  3455 I QtiConnectivityAdapter: Failed to open libconnctrl, some features may not be present.
08-26 08:17:06.032  3455  3455 D TetherController: Setting IP forward enable = 0
08-26 08:17:06.039  3064  3064 W auditd  : type=1325 audit(0.0:167): table=filter family=10 entries=34
08-26 08:17:06.039  3064  3064 W auditd  : type=1320 audit(0.0:167): 
08-26 08:17:06.043  3457  3457 I SurfaceFlinger: SurfaceFlinger is starting
08-26 08:17:06.043  3457  3457 I SurfaceFlinger: SurfaceFlinger's main thread ready to run. Initializing graphics H/W...
08-26 08:17:06.049  3064  3064 W auditd  : type=1325 audit(0.0:168): table=filter family=2 entries=33
08-26 08:17:06.049  3064  3064 W auditd  : type=1320 audit(0.0:168): 
08-26 08:17:06.057  3457  3457 D libEGL  : loaded /vendor/lib64/egl/libGLES_mali.so
08-26 08:17:06.059  3064  3064 W auditd  : type=1325 audit(0.0:169): table=filter family=10 entries=33
08-26 08:17:06.059  3064  3064 W auditd  : type=1320 audit(0.0:169): 
08-26 08:17:06.059  3064  3064 W auditd  : type=1325 audit(0.0:170): table=filter family=2 entries=33
08-26 08:17:06.059  3064  3064 W auditd  : type=1320 audit(0.0:170): 
08-26 08:17:06.069  3064  3064 W auditd  : type=1325 audit(0.0:171): table=filter family=10 entries=33
08-26 08:17:06.069  3064  3064 W auditd  : type=1320 audit(0.0:171): 
08-26 08:17:06.069  3064  3064 W auditd  : type=1325 audit(0.0:172): table=filter family=2 entries=31
08-26 08:17:06.069  3064  3064 W auditd  : type=1320 audit(0.0:172): 
08-26 08:17:06.073  3457  3457 I gralloc : using (id=)
08-26 08:17:06.073  3457  3457 I gralloc : xres         = 1440 px
08-26 08:17:06.073  3457  3457 I gralloc : yres         = 2560 px
08-26 08:17:06.073  3457  3457 I gralloc : width        = 68 mm (537.882324 dpi)
08-26 08:17:06.073  3457  3457 I gralloc : height       = 122 mm (532.983582 dpi)
08-26 08:17:06.073  3457  3457 I gralloc : refresh rate = 59.31 Hz
08-26 08:17:06.077  3457  3457 D hwcomposer: using
08-26 08:17:06.077  3457  3457 D hwcomposer: xres         = 1440 px
08-26 08:17:06.077  3457  3457 D hwcomposer: yres         = 2560 px
08-26 08:17:06.077  3457  3457 D hwcomposer: width        = 68 mm (537.882000 dpi)
08-26 08:17:06.077  3457  3457 D hwcomposer: height       = 122 mm (532.983000 dpi)
08-26 08:17:06.077  3457  3457 D hwcomposer: refresh rate = 59 Hz
08-26 08:17:06.077  3457  3457 I DisplayResourceManagerModule: internalMPP type(10), index(1)
08-26 08:17:06.077  3457  3457 I DisplayResourceManagerModule: internalMPP type(10), index(2)
08-26 08:17:06.077  3457  3457 I DisplayResourceManagerModule: internalMPP type(10), index(3)
08-26 08:17:06.077  3457  3457 I DisplayResourceManagerModule: internalMPP type(0), index(0)
08-26 08:17:06.077  3457  3457 I DisplayResourceManagerModule: internalMPP type(0), index(1)
08-26 08:17:06.077  3457  3457 I DisplayResourceManagerModule: internalMPP type(2), index(0)
08-26 08:17:06.077  3457  3457 I DisplayResourceManagerModule: internalMPP type(2), index(1)
08-26 08:17:06.078  3457  3457 I DisplayResourceManagerModule: externalMPP type(4), index(0)
08-26 08:17:06.078  3457  3457 I hwcutils: Open /dev/s5p-smem
08-26 08:17:06.078  3457  3457 I DisplayResourceManagerModule: externalMPP type(4), index(0)
08-26 08:17:06.078  3457  3457 I hwcutils: Open /dev/s5p-smem
08-26 08:17:06.078  3457  3457 I DisplayResourceManagerModule: externalMPP type(4), index(0)
08-26 08:17:06.078  3457  3457 I hwcutils: Open /dev/s5p-smem
08-26 08:17:06.078  3457  3457 I DisplayResourceManagerModule: externalMPP type(4), index(0)
08-26 08:17:06.078  3457  3457 I hwcutils: Open /dev/s5p-smem
08-26 08:17:06.078  3457  3457 I DisplayResourceManagerModule: externalMPP type(4), index(0)
08-26 08:17:06.078  3457  3457 I hwcutils: Open /dev/s5p-smem
08-26 08:17:06.078  3457  3457 I hwcomposer: PSR info devname = /sys/devices/13960000.decon_f/psr_info
08-26 08:17:06.078  3457  3457 I hwcomposer: PSR mode   = 2 (0: video mode, 1: DP PSR mode, 2: MIPI-DSI command mode)
08-26 08:17:06.078  3457  3457 I hwcomposer: Panel type = 1 (0: Legacy, 1: DSC)
08-26 08:17:06.079  3064  3064 W auditd  : type=1325 audit(0.0:173): table=filter family=10 entries=31
08-26 08:17:06.079  3064  3064 W auditd  : type=1320 audit(0.0:173): 
08-26 08:17:06.079  3064  3064 W auditd  : type=1325 audit(0.0:174): table=filter family=2 entries=33
08-26 08:17:06.079  3064  3064 W auditd  : type=1320 audit(0.0:174): 
08-26 08:17:06.079  3457  3457 I SurfaceFlinger: Using composer version 1.5
08-26 08:17:06.079  3457  3457 E display : [PrimaryDisplay] unknown display attribute 6
08-26 08:17:06.079  3457  3457 I SurfaceFlinger: EGL information:
08-26 08:17:06.079  3457  3457 I SurfaceFlinger: vendor    : Android
08-26 08:17:06.079  3457  3457 I SurfaceFlinger: version   : 1.4 Android META-EGL
08-26 08:17:06.079  3457  3457 I SurfaceFlinger: extensions: EGL_KHR_get_all_proc_addresses EGL_ANDROID_presentation_time EGL_KHR_swap_buffers_with_damage EGL_KHR_image EGL_KHR_image_base EGL_KHR_gl_texture_2D_image EGL_KHR_gl_texture_cubemap_image EGL_KHR_gl_renderbuffer_image EGL_KHR_fence_sync EGL_KHR_create_context EGL_KHR_config_attribs EGL_KHR_surfaceless_context EGL_EXT_create_context_robustness EGL_ANDROID_image_native_buffer EGL_KHR_wait_sync EGL_ANDROID_recordable EGL_KHR_partial_update 
08-26 08:17:06.079  3457  3457 I SurfaceFlinger: Client API: OpenGL_ES
08-26 08:17:06.079  3457  3457 I SurfaceFlinger: EGLSurface: 8-8-8-8, config=0x7f8dcfb138
08-26 08:17:06.082  3457  3457 I SurfaceFlinger: OpenGL ES informations:
08-26 08:17:06.082  3457  3457 I SurfaceFlinger: vendor    : ARM
08-26 08:17:06.082  3457  3457 I SurfaceFlinger: renderer  : Mali-T880
08-26 08:17:06.082  3457  3457 I SurfaceFlinger: version   : OpenGL ES 3.2 v1.r12p1-00dev0.60546d7cd0bfd82d0ba92ca3bb825c75
08-26 08:17:06.082  3457  3457 I SurfaceFlinger: extensions: GL_EXT_debug_marker GL_ARM_rgba8 GL_ARM_mali_shader_binary GL_OES_depth24 GL_OES_depth_texture GL_OES_depth_texture_cube_map GL_OES_packed_depth_stencil GL_OES_rgb8_rgba8 GL_EXT_read_format_bgra GL_OES_compressed_paletted_texture GL_OES_compressed_ETC1_RGB8_texture GL_OES_standard_derivatives GL_OES_EGL_image GL_OES_EGL_image_external GL_OES_EGL_image_external_essl3 GL_OES_EGL_sync GL_OES_texture_npot GL_OES_vertex_half_float GL_OES_required_internalformat GL_OES_vertex_array_object GL_OES_mapbuffer GL_EXT_texture_format_BGRA8888 GL_EXT_texture_rg GL_EXT_texture_type_2_10_10_10_REV GL_OES_fbo_render_mipmap GL_OES_element_index_uint GL_EXT_shadow_samplers GL_OES_texture_compression_astc GL_KHR_texture_compression_astc_ldr GL_KHR_texture_compression_astc_hdr GL_KHR_texture_compression_astc_sliced_3d GL_KHR_debug GL_EXT_occlusion_query_boolean GL_EXT_disjoint_timer_query GL_EXT_blend_minmax GL_EXT_discard_framebuffer GL_OES_get_program_binary GL_OES_texture_3D GL_EXT_texture_storage GL_EXT_multisamp
08-26 08:17:06.082  3457  3457 I SurfaceFlinger: GL_MAX_TEXTURE_SIZE = 16384
08-26 08:17:06.082  3457  3457 I SurfaceFlinger: GL_MAX_VIEWPORT_DIMS = 16384
08-26 08:17:06.083  3457  3457 D mali_winsys: EGLint new_window_surface(egl_winsys_display*, void*, EGLSurface, EGLConfig, egl_winsys_surface**, egl_color_buffer_format*, EGLBoolean) returns 0x3000,  [1440x2560]-format:1
08-26 08:17:06.084  3457  3457 E gralloc : invalid yuv format 5
08-26 08:17:06.084  3457  3457 W GraphicBufferAllocator: alloc(1440, 2560, 5, 00001a00, ...) failed -22 (Invalid argument)
08-26 08:17:06.084  3457  3457 E         : GraphicBufferAlloc::createGraphicBuffer(w=1440, h=2560) failed (Invalid argument), handle=0x0
08-26 08:17:06.084  3457  3457 E BufferQueueProducer: [FramebufferSurface] allocateBuffers: failed to allocate buffer (0 x 0, format 5, usage 512)
08-26 08:17:06.085  3457  3457 D SurfaceFlinger: Set power mode=2, type=0 flinger=0x7f8dcc3c00
08-26 08:17:06.085  3457  3457 I hwcomposer: int exynos_setPowerMode(hwc_composer_device_1*, int, int):: disp(0), mode(2)
08-26 08:17:06.089  3064  3064 W auditd  : type=1325 audit(0.0:175): table=filter family=10 entries=33
08-26 08:17:06.089  3064  3064 W auditd  : type=1320 audit(0.0:175): 
08-26 08:17:06.153  3458  3458 V MediaUtils: physMem: 3759357952
08-26 08:17:06.153  3458  3458 V MediaUtils: requested limit: 2443582635
08-26 08:17:06.153  3458  3458 V MediaUtils: actual limit: 2443582635
08-26 08:17:06.153  3458  3458 V MediaUtils: original limits: 4294967295/4294967295
08-26 08:17:06.153  3458  3458 V MediaUtils: new limits: 2443582635/4294967295
08-26 08:17:06.153  3458  3458 I mediaserver: ServiceManager: 0xf654e120
08-26 08:17:06.153  3458  3458 I AudioFlinger: Using default 3000 mSec as standby time.
08-26 08:17:06.154  3458  3458 E BatteryNotifier: batterystats service unavailable!
08-26 08:17:06.154  3458  3458 E BatteryNotifier: batterystats service unavailable!
08-26 08:17:06.154  3458  3458 I CameraService: CameraService started (pid=3458)
08-26 08:17:06.154  3458  3458 I CameraService: CameraService process starting
08-26 08:17:06.154  3458  3458 E BatteryNotifier: batterystats service unavailable!
08-26 08:17:06.154  3458  3458 E BatteryNotifier: batterystats service unavailable!
08-26 08:17:06.154  3458  3458 E CameraService: Could not load camera HAL module: -2 (No such file or directory)
08-26 08:17:06.154  3458  3458 I AudioPolicyService: AudioPolicyService CSTOR in new mode
08-26 08:17:06.155  3458  3458 I APM::ConfigParsingUtils: loadAudioPolicyConfig() loaded /system/etc/audio_policy.conf
08-26 08:17:06.231  3459  3459 D AndroidRuntime: >>>>>> START com.android.internal.os.ZygoteInit uid 0 <<<<<<
08-26 08:17:06.233  3459  3459 D AndroidRuntime: CheckJNI is ON
08-26 08:17:06.233  3459  3459 I art     : option[0]=-Xzygote
08-26 08:17:06.233  3459  3459 I art     : option[1]=-Xcheck:jni
08-26 08:17:06.233  3459  3459 I art     : option[2]=-Xstacktracefile:/data/anr/traces.txt
08-26 08:17:06.233  3459  3459 I art     : option[3]=exit
08-26 08:17:06.233  3459  3459 I art     : option[4]=vfprintf
08-26 08:17:06.233  3459  3459 I art     : option[5]=sensitiveThread
08-26 08:17:06.233  3459  3459 I art     : option[6]=-verbose:gc
08-26 08:17:06.233  3459  3459 I art     : option[7]=-Xms8m
08-26 08:17:06.233  3459  3459 I art     : option[8]=-Xmx768m
08-26 08:17:06.234  3459  3459 I art     : option[9]=-XX:HeapGrowthLimit=288m
08-26 08:17:06.234  3459  3459 I art     : option[10]=-XX:HeapMinFree=2m
08-26 08:17:06.234  3459  3459 I art     : option[11]=-XX:HeapMaxFree=8m
08-26 08:17:06.234  3459  3459 I art     : option[12]=-XX:HeapTargetUtilization=0.75
08-26 08:17:06.234  3459  3459 I art     : option[13]=-Xusejit:true
08-26 08:17:06.234  3459  3459 I art     : option[14]=-agentlib:jdwp=transport=dt_android_adb,suspend=n,server=y
08-26 08:17:06.234  3459  3459 I art     : option[15]=-Xlockprofthreshold:500
08-26 08:17:06.234  3459  3459 I art     : option[16]=-Ximage-compiler-option
08-26 08:17:06.234  3459  3459 I art     : option[17]=--runtime-arg
08-26 08:17:06.234  3459  3459 I art     : option[18]=-Ximage-compiler-option
08-26 08:17:06.234  3459  3459 I art     : option[19]=-Xms64m
08-26 08:17:06.234  3459  3459 I art     : option[20]=-Ximage-compiler-option
08-26 08:17:06.234  3459  3459 I art     : option[21]=--runtime-arg
08-26 08:17:06.234  3459  3459 I art     : option[22]=-Ximage-compiler-option
08-26 08:17:06.234  3459  3459 I art     : option[23]=-Xmx64m
08-26 08:17:06.234  3459  3459 I art     : option[24]=-Ximage-compiler-option
08-26 08:17:06.234  3459  3459 I art     : option[25]=--compiler-filter=verify-at-runtime
08-26 08:17:06.234  3459  3459 I art     : option[26]=-Ximage-compiler-option
08-26 08:17:06.234  3459  3459 I art     : option[27]=--image-classes=/system/etc/preloaded-classes
08-26 08:17:06.234  3459  3459 I art     : option[28]=-Xcompiler-option
08-26 08:17:06.234  3459  3459 I art     : option[29]=--runtime-arg
08-26 08:17:06.234  3459  3459 I art     : option[30]=-Xcompiler-option
08-26 08:17:06.234  3459  3459 I art     : option[31]=-Xms64m
08-26 08:17:06.234  3459  3459 I art     : option[32]=-Xcompiler-option
08-26 08:17:06.234  3459  3459 I art     : option[33]=--runtime-arg
08-26 08:17:06.234  3459  3459 I art     : option[34]=-Xcompiler-option
08-26 08:17:06.234  3459  3459 I art     : option[35]=-Xmx512m
08-26 08:17:06.234  3459  3459 I art     : option[36]=-Xcompiler-option
08-26 08:17:06.234  3459  3459 I art     : option[37]=--compiler-filter=verify-at-runtime
08-26 08:17:06.234  3459  3459 I art     : option[38]=-Ximage-compiler-option
08-26 08:17:06.234  3459  3459 I art     : option[39]=--instruction-set-variant=generic
08-26 08:17:06.234  3459  3459 I art     : option[40]=-Xcompiler-option
08-26 08:17:06.234  3459  3459 I art     : option[41]=--instruction-set-variant=generic
08-26 08:17:06.234  3459  3459 I art     : option[42]=-Ximage-compiler-option
08-26 08:17:06.234  3459  3459 I art     : option[43]=--instruction-set-features=default
08-26 08:17:06.234  3459  3459 I art     : option[44]=-Xcompiler-option
08-26 08:17:06.234  3459  3459 I art     : option[45]=--instruction-set-features=default
08-26 08:17:06.234  3459  3459 I art     : option[46]=-Duser.locale=en-US
08-26 08:17:06.234  3459  3459 I art     : option[47]=--cpu-abilist=arm64-v8a,armeabi
08-26 08:17:06.234  3459  3459 I art     : option[48]=-Xfingerprint:samsung/cm_hero2ltexx/hero2ltexx:6.0.1/MOB30Z/55c7cde9e9:eng/test-keys
08-26 08:17:06.261  3459  3459 D ICU     : No timezone override file found: /data/misc/zoneinfo/current/icu/icu_tzdata.dat
08-26 08:17:06.391  3459  3459 I Radio-JNI: register_android_hardware_Radio DONE
08-26 08:17:06.435  3459  3459 I SamplingProfilerIntegration: Profiling disabled.
08-26 08:17:06.435  3459  3459 D Zygote  : begin preload
08-26 08:17:06.437  3459  3459 I Zygote  : Preloading classes...
08-26 08:17:06.493  3457  3457 D SurfaceFlinger: SF. shader cache generated - 26 shaders in 359.929504 ms
08-26 08:17:06.494  3457  3457 E gralloc : invalid yuv format 5
08-26 08:17:06.494  3457  3457 W GraphicBufferAllocator: alloc(1440, 2560, 5, 00001a00, ...) failed -22 (Invalid argument)
08-26 08:17:06.494  3457  3457 E         : GraphicBufferAlloc::createGraphicBuffer(w=1440, h=2560) failed (Invalid argument), handle=0x0
08-26 08:17:06.494  3457  3457 E BufferQueueProducer: [FramebufferSurface] dequeueBuffer: createGraphicBuffer failed
08-26 08:17:06.494  3457  3457 D         : NULL == surf->write_back_color_buffer
08-26 08:17:06.494  3457  3457 W         : GLES-MALI OOM error: failed to allocate CPU memory (gles_fb_first_drawcall_cb at hardware/samsung_slsi/MaliT880_r12p0_JF/product/gles/src/fb/mali_gles_fb_module_api.c:1281)
08-26 08:17:06.494  3457  3457 E BufferQueueProducer: [FramebufferSurface] dequeueBuffer: can't dequeue multiple buffers without setting the buffer count
08-26 08:17:06.494  3457  3457 D         : NULL == surf->write_back_color_buffer
08-26 08:17:06.494  3457  3457 F SurfaceFlinger: eglSwapBuffers(0x1, 0x7f8d823700) failed with 0x0000300d
08-26 08:17:06.494  3457  3457 F libc    : Fatal signal 6 (SIGABRT), code -6 in tid 3457 (surfaceflinger)
08-26 08:17:06.494  2957  2957 I DEBUG   : property debug.db.uid not set; NOT waiting for gdb.
08-26 08:17:06.494  2957  2957 I DEBUG   : HINT: adb shell setprop debug.db.uid 100000
08-26 08:17:06.494  2957  2957 I DEBUG   : HINT: adb forward tcp:5039 tcp:5039
08-26 08:17:06.545  2957  2957 F DEBUG   : *** *** *** *** *** *** *** *** *** *** *** *** *** *** *** ***
08-26 08:17:06.545  2957  2957 F DEBUG   : CM Version: '13.0-20160826-UNOFFICIAL-hero2ltexx'
08-26 08:17:06.545  2957  2957 F DEBUG   : Build fingerprint: 'samsung/cm_hero2ltexx/hero2ltexx:6.0.1/MOB30Z/55c7cde9e9:eng/test-keys'
08-26 08:17:06.545  2957  2957 F DEBUG   : Revision: '0'
08-26 08:17:06.545  2957  2957 F DEBUG   : ABI: 'arm64'
08-26 08:17:06.545  2957  2957 F DEBUG   : pid: 3457, tid: 3457, name: surfaceflinger  >>> /system/bin/surfaceflinger <<<
08-26 08:17:06.545  2957  2957 F DEBUG   : signal 6 (SIGABRT), code -6 (SI_TKILL), fault addr --------
08-26 08:17:06.552  2957  2957 F DEBUG   : Abort message: 'eglSwapBuffers(0x1, 0x7f8d823700) failed with 0x0000300d'
08-26 08:17:06.552  2957  2957 F DEBUG   :     x0   0000000000000000  x1   0000000000000d81  x2   0000000000000006  x3   0000000000000000
08-26 08:17:06.552  2957  2957 F DEBUG   :     x4   0000000000000000  x5   0000000000000001  x6   0000000000000000  x7   0000000000000000
08-26 08:17:06.552  2957  2957 F DEBUG   :     x8   0000000000000083  x9   0000000000000049  x10  0000007ff276eb4c  x11  0000007ff276eb88
08-26 08:17:06.552  2957  2957 F DEBUG   :     x12  0000007ff276ea60  x13  0000000000000039  x14  0000007ff276ec38  x15  0000000000000000
08-26 08:17:06.552  2957  2957 F DEBUG   :     x16  0000007f8e410560  x17  0000007f8e3a1d6c  x18  0000007f8e5c63a4  x19  0000007f8e6bb0d8
08-26 08:17:06.552  2957  2957 F DEBUG   :     x20  0000007f8e6bb018  x21  0000000000000019  x22  0000000000000006  x23  0000000000000001
08-26 08:17:06.552  2957  2957 F DEBUG   :     x24  0000000000000000  x25  0000000000000018  x26  0000007f8dccf4a8  x27  0000007f8e641000
08-26 08:17:06.552  2957  2957 F DEBUG   :     x28  0000000000000001  x29  0000007ff276eaf0  x30  0000007f8e39f508
08-26 08:17:06.552  2957  2957 F DEBUG   :     sp   0000007ff276eaf0  pc   0000007f8e3a1d74  pstate 0000000020000000
08-26 08:17:06.556  2957  2957 F DEBUG   : 
08-26 08:17:06.556  2957  2957 F DEBUG   : backtrace:
08-26 08:17:06.556  2957  2957 F DEBUG   :     #00 pc 0000000000069d74  /system/lib64/libc.so (tgkill+8)
08-26 08:17:06.556  2957  2957 F DEBUG   :     #01 pc 0000000000067504  /system/lib64/libc.so (pthread_kill+68)
08-26 08:17:06.556  2957  2957 F DEBUG   :     #02 pc 0000000000023448  /system/lib64/libc.so (raise+28)
08-26 08:17:06.556  2957  2957 F DEBUG   :     #03 pc 000000000001dbe8  /system/lib64/libc.so (abort+60)
08-26 08:17:06.556  2957  2957 F DEBUG   :     #04 pc 000000000000de78  /system/lib64/libcutils.so (__android_log_assert+236)
08-26 08:17:06.556  2957  2957 F DEBUG   :     #05 pc 000000000001e400  /system/lib64/libsurfaceflinger.so
08-26 08:17:06.556  2957  2957 F DEBUG   :     #06 pc 0000000000030cac  /system/lib64/libsurfaceflinger.so
08-26 08:17:06.556  2957  2957 F DEBUG   :     #07 pc 000000000002f804  /system/lib64/libsurfaceflinger.so
08-26 08:17:06.556  2957  2957 F DEBUG   :     #08 pc 000000000002e720  /system/lib64/libsurfaceflinger.so
08-26 08:17:06.556  2957  2957 F DEBUG   :     #09 pc 000000000002e488  /system/lib64/libsurfaceflinger.so
08-26 08:17:06.556  2957  2957 F DEBUG   :     #10 pc 000000000001aed4  /system/lib64/libutils.so (_ZN7android6Looper9pollInnerEi+312)
08-26 08:17:06.556  2957  2957 F DEBUG   :     #11 pc 000000000001b20c  /system/lib64/libutils.so (_ZN7android6Looper8pollOnceEiPiS1_PPv+80)
08-26 08:17:06.556  2957  2957 F DEBUG   :     #12 pc 000000000002a6f4  /system/lib64/libsurfaceflinger.so
08-26 08:17:06.556  2957  2957 F DEBUG   :     #13 pc 000000000002df7c  /system/lib64/libsurfaceflinger.so (_ZN7android14SurfaceFlinger3runEv+20)
08-26 08:17:06.556  2957  2957 F DEBUG   :     #14 pc 00000000000011ec  /system/bin/surfaceflinger
08-26 08:17:06.556  2957  2957 F DEBUG   :     #15 pc 000000000001bcd8  /system/lib64/libc.so (__libc_init+100)
08-26 08:17:06.556  2957  2957 F DEBUG   :     #16 pc 000000000000101c  /system/bin/surfaceflinger
08-26 08:17:06.700  3458  3458 E audio_route: Failed to open /system/etc/mixer_paths.xml
08-26 08:17:06.705  3458  3458 I AudioFlinger: loadHwModule() Loaded primary audio interface from Samsung audio HW HAL (audio) handle 1
08-26 08:17:06.706  3458  3458 I AudioFlinger: openOutput(), module 1 Device 2, SamplingRate 44100, Format 0x000001, Channels 3, flags 2
08-26 08:17:06.706  3458  3458 I AudioFlinger: AudioStreamOut::open(), mHalFormatIsLinearPcm = 1
08-26 08:17:06.706  3458  3458 I AudioFlinger: HAL output buffer size 256 frames, normal sink buffer size 960 frames
08-26 08:17:06.707  3458  3458 I BufferProvider: found effect "Multichannel Downmix To Stereo" from The Android Open Source Project
08-26 08:17:06.708  3458  3458 E MonoPipe: Failed to fetch local time frequency when constructing a MonoPipe (res = -32).  getNextWriteTimestamp calls will be non-functional
08-26 08:17:06.708  3458  3458 I AudioFlinger: Using module 1 has the primary audio interface
08-26 08:17:06.708  3458  3660 I AudioFlinger: AudioFlinger's thread 0xf4a00000 ready to run
08-26 08:17:06.708  3458  3660 V audio_hw_primary: out_set_parameters: key value pairs: routing=2
08-26 08:17:06.708  3458  3660 V audio_hw_primary: do_out_standby: output standby: 1
08-26 08:17:06.708  3458  3660 E AudioFlinger: no wake lock to update!
08-26 08:17:06.709  3458  3458 V audio_hw_primary: adev_open_input_stream: Created resampler converting 48000 -> 16000
08-26 08:17:06.709  3458  3458 V audio_hw_primary: adev_open_input_stream: Requesting input stream with rate: 16000, channels: 0xc
08-26 08:17:06.709  3458  3661 I AudioFlinger: AudioFlinger's thread 0xf4640000 ready to run
08-26 08:17:06.710  3458  3458 I r_submix: adev_open(name=audio_hw_if)
08-26 08:17:06.710  3458  3458 I r_submix: adev_init_check()
08-26 08:17:06.710  3458  3458 I AudioFlinger: loadHwModule() Loaded r_submix audio interface from Wifi Display audio HAL (audio) handle 4
08-26 08:17:06.710  3458  3458 D r_submix: adev_open_input_stream(addr=0)
08-26 08:17:06.710  3458  3458 D r_submix: submix_audio_device_create_pipe_l(addr=0, idx=9)
08-26 08:17:06.710  3458  3458 D r_submix:   now using address 0 for route 9
08-26 08:17:06.710  3458  3662 I AudioFlinger: AudioFlinger's thread 0xf4640000 ready to run
08-26 08:17:06.710  3458  3458 D r_submix: adev_close_input_stream()
08-26 08:17:06.710  3458  3458 D r_submix: submix_audio_device_release_pipe_l(idx=9) addr=0
08-26 08:17:06.710  3458  3458 D r_submix: submix_audio_device_destroy_pipe_l(): pipe destroyed
08-26 08:17:06.710  3458  3458 E SoundTriggerHwService: couldn't load sound trigger module sound_trigger.primary (No such file or directory)
08-26 08:17:06.711  3458  3458 I RadioService: RadioService
08-26 08:17:06.711  3458  3458 I RadioService: onFirstRef
08-26 08:17:06.711  3458  3458 E RadioService: couldn't load radio module radio.primary (No such file or directory)
08-26 08:17:06.745  2957  2957 F DEBUG   : 
08-26 08:17:06.745  2957  2957 F DEBUG   : Tombstone written to: /data/tombstones/tombstone_02
08-26 08:17:06.794  3459  3459 E Minikin : addFont failed to create font /system/fonts/NanumGothic.ttf
08-26 08:17:06.794  3459  3459 E Minikin : addFont failed to create font /system/fonts/DroidSansFallback.ttf
08-26 08:17:06.794  3459  3459 E Minikin : addFont failed to create font /system/fonts/MTLmr3m.ttf
08-26 08:17:06.796  2932  2932 I ServiceManager: service 'SurfaceFlinger' died
08-26 08:17:06.797  2932  2932 I ServiceManager: service 'Exynos.HWCService' died
08-26 08:17:06.797  3503  3503 W SurfaceComposerClient: ComposerService remote (surfaceflinger) died [0x7f7fce3320]
08-26 08:17:06.797  3503  3503 D BootAnimation: SurfaceFlinger died, exiting...
08-26 08:17:06.808  2932  2932 I ServiceManager: service 'media.radio' died
08-26 08:17:06.808  2932  2932 I ServiceManager: service 'media.sound_trigger_hw' died
08-26 08:17:06.808  2932  2932 I ServiceManager: service 'media.audio_flinger' died
08-26 08:17:06.808  2932  2932 I ServiceManager: service 'media.player' died
08-26 08:17:06.808  2932  2932 I ServiceManager: service 'media.resource_manager' died
08-26 08:17:06.808  2932  2932 I ServiceManager: service 'media.camera' died
08-26 08:17:06.808  2932  2932 I ServiceManager: service 'media.audio_policy' died
08-26 08:17:10.823  3690  3690 I Netd    : Netd 1.0 starting
08-26 08:17:10.823  3690  3690 I QtiConnectivityAdapter: Failed to open libconnctrl, some features may not be present.
08-26 08:17:10.823  3690  3690 D TetherController: Setting IP forward enable = 0
08-26 08:17:10.819  3064  3064 W auditd  : type=1325 audit(0.0:297): table=filter family=2 entries=36
08-26 08:17:10.819  3064  3064 W auditd  : type=1320 audit(0.0:297): 
08-26 08:17:10.835  3692  3692 I SurfaceFlinger: SurfaceFlinger is starting
08-26 08:17:10.835  3692  3692 I SurfaceFlinger: SurfaceFlinger's main thread ready to run. Initializing graphics H/W...
08-26 08:17:10.829  3064  3064 W auditd  : type=1325 audit(0.0:298): table=filter family=10 entries=38
08-26 08:17:10.829  3064  3064 W auditd  : type=1320 audit(0.0:298): 
08-26 08:17:10.849  3692  3692 D libEGL  : loaded /vendor/lib64/egl/libGLES_mali.so
08-26 08:17:10.839  3064  3064 W auditd  : type=1325 audit(0.0:299): table=filter family=2 entries=35
08-26 08:17:10.839  3064  3064 W auditd  : type=1320 audit(0.0:299): 
08-26 08:17:10.839  3064  3064 W auditd  : type=1325 audit(0.0:300): table=filter family=10 entries=37
08-26 08:17:10.839  3064  3064 W auditd  : type=1320 audit(0.0:300): 
08-26 08:17:10.849  3064  3064 W auditd  : type=1325 audit(0.0:301): table=filter family=2 entries=35
08-26 08:17:10.849  3064  3064 W auditd  : type=1320 audit(0.0:301): 
08-26 08:17:10.849  3064  3064 W auditd  : type=1325 audit(0.0:302): table=filter family=10 entries=37
08-26 08:17:10.849  3064  3064 W auditd  : type=1320 audit(0.0:302): 
08-26 08:17:10.866  3692  3692 I gralloc : using (id=)
08-26 08:17:10.866  3692  3692 I gralloc : xres         = 1440 px
08-26 08:17:10.866  3692  3692 I gralloc : yres         = 2560 px
08-26 08:17:10.866  3692  3692 I gralloc : width        = 68 mm (537.882324 dpi)
08-26 08:17:10.866  3692  3692 I gralloc : height       = 122 mm (532.983582 dpi)
08-26 08:17:10.866  3692  3692 I gralloc : refresh rate = 59.31 Hz
08-26 08:17:10.859  3064  3064 W auditd  : type=1325 audit(0.0:303): table=filter family=2 entries=33
08-26 08:17:10.859  3064  3064 W auditd  : type=1320 audit(0.0:303): 
08-26 08:17:10.870  3692  3692 D hwcomposer: using
08-26 08:17:10.870  3692  3692 D hwcomposer: xres         = 1440 px
08-26 08:17:10.870  3692  3692 D hwcomposer: yres         = 2560 px
08-26 08:17:10.870  3692  3692 D hwcomposer: width        = 68 mm (537.882000 dpi)
08-26 08:17:10.870  3692  3692 D hwcomposer: height       = 122 mm (532.983000 dpi)
08-26 08:17:10.870  3692  3692 D hwcomposer: refresh rate = 59 Hz
08-26 08:17:10.870  3692  3692 I DisplayResourceManagerModule: internalMPP type(10), index(1)
08-26 08:17:10.870  3692  3692 I DisplayResourceManagerModule: internalMPP type(10), index(2)
08-26 08:17:10.870  3692  3692 I DisplayResourceManagerModule: internalMPP type(10), index(3)
08-26 08:17:10.870  3692  3692 I DisplayResourceManagerModule: internalMPP type(0), index(0)
08-26 08:17:10.870  3692  3692 I DisplayResourceManagerModule: internalMPP type(0), index(1)
08-26 08:17:10.870  3692  3692 I DisplayResourceManagerModule: internalMPP type(2), index(0)
08-26 08:17:10.870  3692  3692 I DisplayResourceManagerModule: internalMPP type(2), index(1)
08-26 08:17:10.870  3692  3692 I DisplayResourceManagerModule: externalMPP type(4), index(0)
08-26 08:17:10.871  3692  3692 I hwcutils: Open /dev/s5p-smem
08-26 08:17:10.871  3692  3692 I DisplayResourceManagerModule: externalMPP type(4), index(0)
08-26 08:17:10.871  3692  3692 I hwcutils: Open /dev/s5p-smem
08-26 08:17:10.871  3692  3692 I DisplayResourceManagerModule: externalMPP type(4), index(0)
08-26 08:17:10.871  3692  3692 I hwcutils: Open /dev/s5p-smem
08-26 08:17:10.871  3692  3692 I DisplayResourceManagerModule: externalMPP type(4), index(0)
08-26 08:17:10.871  3692  3692 I hwcutils: Open /dev/s5p-smem
08-26 08:17:10.871  3692  3692 I DisplayResourceManagerModule: externalMPP type(4), index(0)
08-26 08:17:10.871  3692  3692 I hwcutils: Open /dev/s5p-smem
08-26 08:17:10.871  3692  3692 I hwcomposer: PSR info devname = /sys/devices/13960000.decon_f/psr_info
08-26 08:17:10.871  3692  3692 I hwcomposer: PSR mode   = 2 (0: video mode, 1: DP PSR mode, 2: MIPI-DSI command mode)
08-26 08:17:10.871  3692  3692 I hwcomposer: Panel type = 1 (0: Legacy, 1: DSC)
08-26 08:17:10.872  3692  3692 I SurfaceFlinger: Using composer version 1.5
08-26 08:17:10.872  3692  3692 E display : [PrimaryDisplay] unknown display attribute 6
08-26 08:17:10.872  3692  3692 I SurfaceFlinger: EGL information:
08-26 08:17:10.872  3692  3692 I SurfaceFlinger: vendor    : Android
08-26 08:17:10.872  3692  3692 I SurfaceFlinger: version   : 1.4 Android META-EGL
08-26 08:17:10.872  3692  3692 I SurfaceFlinger: extensions: EGL_KHR_get_all_proc_addresses EGL_ANDROID_presentation_time EGL_KHR_swap_buffers_with_damage EGL_KHR_image EGL_KHR_image_base EGL_KHR_gl_texture_2D_image EGL_KHR_gl_texture_cubemap_image EGL_KHR_gl_renderbuffer_image EGL_KHR_fence_sync EGL_KHR_create_context EGL_KHR_config_attribs EGL_KHR_surfaceless_context EGL_EXT_create_context_robustness EGL_ANDROID_image_native_buffer EGL_KHR_wait_sync EGL_ANDROID_recordable EGL_KHR_partial_update 
08-26 08:17:10.872  3692  3692 I SurfaceFlinger: Client API: OpenGL_ES
08-26 08:17:10.872  3692  3692 I SurfaceFlinger: EGLSurface: 8-8-8-8, config=0x7f8c33b138
08-26 08:17:10.859  3064  3064 W auditd  : type=1325 audit(0.0:304): table=filter family=10 entries=35
08-26 08:17:10.859  3064  3064 W auditd  : type=1320 audit(0.0:304): 
08-26 08:17:10.876  3692  3692 I SurfaceFlinger: OpenGL ES informations:
08-26 08:17:10.876  3692  3692 I SurfaceFlinger: vendor    : ARM
08-26 08:17:10.876  3692  3692 I SurfaceFlinger: renderer  : Mali-T880
08-26 08:17:10.876  3692  3692 I SurfaceFlinger: version   : OpenGL ES 3.2 v1.r12p1-00dev0.60546d7cd0bfd82d0ba92ca3bb825c75
08-26 08:17:10.876  3692  3692 I SurfaceFlinger: extensions: GL_EXT_debug_marker GL_ARM_rgba8 GL_ARM_mali_shader_binary GL_OES_depth24 GL_OES_depth_texture GL_OES_depth_texture_cube_map GL_OES_packed_depth_stencil GL_OES_rgb8_rgba8 GL_EXT_read_format_bgra GL_OES_compressed_paletted_texture GL_OES_compressed_ETC1_RGB8_texture GL_OES_standard_derivatives GL_OES_EGL_image GL_OES_EGL_image_external GL_OES_EGL_image_external_essl3 GL_OES_EGL_sync GL_OES_texture_npot GL_OES_vertex_half_float GL_OES_required_internalformat GL_OES_vertex_array_object GL_OES_mapbuffer GL_EXT_texture_format_BGRA8888 GL_EXT_texture_rg GL_EXT_texture_type_2_10_10_10_REV GL_OES_fbo_render_mipmap GL_OES_element_index_uint GL_EXT_shadow_samplers GL_OES_texture_compression_astc GL_KHR_texture_compression_astc_ldr GL_KHR_texture_compression_astc_hdr GL_KHR_texture_compression_astc_sliced_3d GL_KHR_debug GL_EXT_occlusion_query_boolean GL_EXT_disjoint_timer_query GL_EXT_blend_minmax GL_EXT_discard_framebuffer GL_OES_get_program_binary GL_OES_texture_3D GL_EXT_texture_storage GL_EXT_multisamp
