07-01 22:41:41.099  3090  3117 E         : Runtime and build version of gralloc private structure does not match. Errors will likely follow.
07-01 22:41:41.113  2919  2919 W display : release fence dup failed: Bad file descriptor
07-01 22:41:41.132  3090  3117 E         : invalid gralloc handle (at 0x7f8a3eb400)
07-01 22:41:41.132  3090  3117 E         : Runtime and build version of gralloc private structure does not match. Errors will likely follow.
07-01 22:41:41.147  2919  2919 W display : release fence dup failed: Bad file descriptor
07-01 22:41:41.166  3090  3117 E         : invalid gralloc handle (at 0x7f8a3eb300)
07-01 22:41:41.166  3090  3117 E         : Runtime and build version of gralloc private structure does not match. Errors will likely follow.
07-01 22:41:41.180  2919  2919 W display : release fence dup failed: Bad file descriptor
07-01 22:41:41.199  3090  3117 E         : invalid gralloc handle (at 0x7f8a3eb380)
07-01 22:41:41.199  3090  3117 E         : Runtime and build version of gralloc private structure does not match. Errors will likely follow.
07-01 22:41:41.213  2919  2919 W display : release fence dup failed: Bad file descriptor
07-01 22:41:41.232  3090  3117 E         : invalid gralloc handle (at 0x7f8a3eb400)
07-01 22:41:41.233  3090  3117 E         : Runtime and build version of gralloc private structure does not match. Errors will likely follow.
07-01 22:41:41.246  2919  2919 W display : release fence dup failed: Bad file descriptor
07-01 22:41:41.266  3090  3117 E         : invalid gralloc handle (at 0x7f8a3eb300)
07-01 22:41:41.266  3090  3117 E         : Runtime and build version of gralloc private structure does not match. Errors will likely follow.
07-01 22:41:41.280  2919  2919 W display : release fence dup failed: Bad file descriptor
07-01 22:41:41.300  3090  3117 E         : invalid gralloc handle (at 0x7f8a3eb380)
07-01 22:41:41.300  3090  3117 E         : Runtime and build version of gralloc private structure does not match. Errors will likely follow.
07-01 22:41:41.313  2919  2919 W display : release fence dup failed: Bad file descriptor
07-01 22:41:41.333  3090  3117 E         : invalid gralloc handle (at 0x7f8a3eb400)
07-01 22:41:41.333  3090  3117 E         : Runtime and build version of gralloc private structure does not match. Errors will likely follow.
07-01 22:41:41.346  2919  2919 W display : release fence dup failed: Bad file descriptor
07-01 22:41:41.367  3090  3117 E         : invalid gralloc handle (at 0x7f8a3eb300)
07-01 22:41:41.367  3090  3117 E         : Runtime and build version of gralloc private structure does not match. Errors will likely follow.
07-01 22:41:41.380  2919  2919 W display : release fence dup failed: Bad file descriptor
07-01 22:41:41.400  3090  3117 E         : invalid gralloc handle (at 0x7f8a3eb380)
07-01 22:41:41.400  3090  3117 E         : Runtime and build version of gralloc private structure does not match. Errors will likely follow.
07-01 22:41:41.413  2919  2919 W display : release fence dup failed: Bad file descriptor
07-01 22:41:41.434  3090  3117 E         : invalid gralloc handle (at 0x7f8a3eb400)
07-01 22:41:41.434  3090  3117 E         : Runtime and build version of gralloc private structure does not match. Errors will likely follow.
07-01 22:41:41.447  2919  2919 W display : release fence dup failed: Bad file descriptor
07-01 22:41:41.467  3090  3117 E         : invalid gralloc handle (at 0x7f8a3eb300)
07-01 22:41:41.467  3090  3117 E         : Runtime and build version of gralloc private structure does not match. Errors will likely follow.
07-01 22:41:41.480  2919  2919 W display : release fence dup failed: Bad file descriptor
07-01 22:41:41.501  3090  3117 E         : invalid gralloc handle (at 0x7f8a3eb380)
07-01 22:41:41.501  3090  3117 E         : Runtime and build version of gralloc private structure does not match. Errors will likely follow.
07-01 22:41:41.513  2919  2919 W display : release fence dup failed: Bad file descriptor
07-01 22:41:41.534  3090  3117 E         : invalid gralloc handle (at 0x7f8a3eb400)
07-01 22:41:41.534  3090  3117 E         : Runtime and build version of gralloc private structure does not match. Errors will likely follow.
07-01 22:41:41.546  2919  2919 W display : release fence dup failed: Bad file descriptor
07-01 22:41:41.568  3090  3117 E         : invalid gralloc handle (at 0x7f8a3eb300)
07-01 22:41:41.568  3090  3117 E         : Runtime and build version of gralloc private structure does not match. Errors will likely follow.
07-01 22:41:41.580  2919  2919 W display : release fence dup failed: Bad file descriptor
07-01 22:41:41.601  3090  3117 E         : invalid gralloc handle (at 0x7f8a3eb380)
07-01 22:41:41.601  3090  3117 E         : Runtime and build version of gralloc private structure does not match. Errors will likely follow.
07-01 22:41:41.613  2919  2919 W display : release fence dup failed: Bad file descriptor
07-01 22:41:41.635  3090  3117 E         : invalid gralloc handle (at 0x7f8a3eb400)
07-01 22:41:41.635  3090  3117 E         : Runtime and build version of gralloc private structure does not match. Errors will likely follow.
07-01 22:41:41.646  2919  2919 W display : release fence dup failed: Bad file descriptor
07-01 22:41:41.668  3090  3117 E         : invalid gralloc handle (at 0x7f8a3eb300)
07-01 22:41:41.668  3090  3117 E         : Runtime and build version of gralloc private structure does not match. Errors will likely follow.
07-01 22:41:41.680  2919  2919 W display : release fence dup failed: Bad file descriptor
07-01 22:41:41.702  3090  3117 E         : invalid gralloc handle (at 0x7f8a3eb380)
07-01 22:41:41.702  3090  3117 E         : Runtime and build version of gralloc private structure does not match. Errors will likely follow.
07-01 22:41:41.713  2919  2919 W display : release fence dup failed: Bad file descriptor
07-01 22:41:41.735  3090  3117 E         : invalid gralloc handle (at 0x7f8a3eb400)
07-01 22:41:41.735  3090  3117 E         : Runtime and build version of gralloc private structure does not match. Errors will likely follow.
07-01 22:41:41.747  2919  2919 W display : release fence dup failed: Bad file descriptor
07-01 22:41:41.769  3090  3117 E         : invalid gralloc handle (at 0x7f8a3eb300)
07-01 22:41:41.769  3090  3117 E         : Runtime and build version of gralloc private structure does not match. Errors will likely follow.
07-01 22:41:41.780  2919  2919 W display : release fence dup failed: Bad file descriptor
07-01 22:41:41.802  3090  3117 E         : invalid gralloc handle (at 0x7f8a3eb380)
07-01 22:41:41.802  3090  3117 E         : Runtime and build version of gralloc private structure does not match. Errors will likely follow.
07-01 22:41:41.813  2919  2919 W display : release fence dup failed: Bad file descriptor
07-01 22:41:41.836  3090  3117 E         : invalid gralloc handle (at 0x7f8a3eb400)
07-01 22:41:41.836  3090  3117 E         : Runtime and build version of gralloc private structure does not match. Errors will likely follow.
07-01 22:41:41.847  2919  2919 W display : release fence dup failed: Bad file descriptor
07-01 22:41:41.869  3090  3117 E         : invalid gralloc handle (at 0x7f8a3eb300)
07-01 22:41:41.869  3090  3117 E         : Runtime and build version of gralloc private structure does not match. Errors will likely follow.
07-01 22:41:41.880  2919  2919 W display : release fence dup failed: Bad file descriptor
07-01 22:41:41.903  3090  3117 E         : invalid gralloc handle (at 0x7f8a3eb380)
07-01 22:41:41.903  3090  3117 E         : Runtime and build version of gralloc private structure does not match. Errors will likely follow.
07-01 22:41:41.913  2919  2919 W display : release fence dup failed: Bad file descriptor
07-01 22:41:41.936  3090  3117 E         : invalid gralloc handle (at 0x7f8a3eb400)
07-01 22:41:41.936  3090  3117 E         : Runtime and build version of gralloc private structure does not match. Errors will likely follow.
07-01 22:41:41.947  2919  2919 W display : release fence dup failed: Bad file descriptor
07-01 22:41:41.970  3090  3117 E         : invalid gralloc handle (at 0x7f8a3eb300)
07-01 22:41:41.970  3090  3117 E         : Runtime and build version of gralloc private structure does not match. Errors will likely follow.
07-01 22:41:41.980  2919  2919 W display : release fence dup failed: Bad file descriptor
07-01 22:41:42.002  2935  2935 E Zygote  : Exit zygote because system server (3409) has terminated
07-01 22:41:42.003  3090  3117 E         : invalid gralloc handle (at 0x7f8a3eb380)
07-01 22:41:42.003  3090  3117 E         : Runtime and build version of gralloc private structure does not match. Errors will likely follow.
07-01 22:41:42.013  2919  2919 W display : release fence dup failed: Bad file descriptor
07-01 22:41:42.022  2918  2918 I ServiceManager: service 'media.radio' died
07-01 22:41:42.022  2918  2918 I ServiceManager: service 'media.sound_trigger_hw' died
07-01 22:41:42.022  2918  2918 I ServiceManager: service 'media.audio_flinger' died
07-01 22:41:42.022  2918  2918 I ServiceManager: service 'media.player' died
07-01 22:41:42.022  2918  2918 I ServiceManager: service 'media.resource_manager' died
07-01 22:41:42.022  2918  2918 I ServiceManager: service 'media.camera' died
07-01 22:41:42.022  2918  2918 I ServiceManager: service 'media.audio_policy' died
07-01 22:41:42.037  3090  3117 E         : invalid gralloc handle (at 0x7f8a3eb400)
07-01 22:41:42.037  3090  3117 E         : Runtime and build version of gralloc private structure does not match. Errors will likely follow.
07-01 22:41:42.046  2919  2919 W display : release fence dup failed: Bad file descriptor
07-01 22:41:42.070  3090  3117 E         : invalid gralloc handle (at 0x7f8a3eb300)
07-01 22:41:42.070  3090  3117 E         : Runtime and build version of gralloc private structure does not match. Errors will likely follow.
07-01 22:41:42.080  2919  2919 W display : release fence dup failed: Bad file descriptor
07-01 22:41:42.104  3090  3117 E         : invalid gralloc handle (at 0x7f8a3eb380)
07-01 22:41:42.104  3090  3117 E         : Runtime and build version of gralloc private structure does not match. Errors will likely follow.
07-01 22:41:42.113  2919  2919 W display : release fence dup failed: Bad file descriptor
07-01 22:41:42.137  3090  3117 E         : invalid gralloc handle (at 0x7f8a3eb400)
07-01 22:41:42.137  3090  3117 E         : Runtime and build version of gralloc private structure does not match. Errors will likely follow.
07-01 22:41:42.141  4102  4102 I mediaserver: ServiceManager: 0xf650e120
07-01 22:41:42.141  4102  4102 I AudioFlinger: Using default 3000 mSec as standby time.
07-01 22:41:42.141  4102  4102 E BatteryNotifier: batterystats service unavailable!
07-01 22:41:42.141  4102  4102 E BatteryNotifier: batterystats service unavailable!
07-01 22:41:42.141  4102  4102 I CameraService: CameraService started (pid=4102)
07-01 22:41:42.141  4102  4102 I CameraService: CameraService process starting
07-01 22:41:42.141  4102  4102 E BatteryNotifier: batterystats service unavailable!
07-01 22:41:42.141  4102  4102 E BatteryNotifier: batterystats service unavailable!
07-01 22:41:42.141  4102  4102 E CameraService: Could not load camera HAL module: -2 (No such file or directory)
07-01 22:41:42.142  4102  4102 I AudioPolicyService: AudioPolicyService CSTOR in new mode
07-01 22:41:42.142  4102  4102 I APM::ConfigParsingUtils: loadAudioPolicyConfig() loaded /system/etc/audio_policy.conf
07-01 22:41:42.146  2919  2919 W display : release fence dup failed: Bad file descriptor
07-01 22:41:42.170  3090  3117 E         : invalid gralloc handle (at 0x7f8a3eb300)
07-01 22:41:42.170  3090  3117 E         : Runtime and build version of gralloc private structure does not match. Errors will likely follow.
07-01 22:41:42.180  2919  2919 W display : release fence dup failed: Bad file descriptor
07-01 22:41:42.192  4106  4106 I Netd    : Netd 1.0 starting
07-01 22:41:42.193  4106  4106 I QtiConnectivityAdapter: Failed to open libconnctrl, some features may not be present.
07-01 22:41:42.193  4106  4106 D TetherController: Setting IP forward enable = 0
07-01 22:41:42.189  3069  3069 W auditd  : type=1325 audit(0.0:137): table=filter family=2 entries=52
07-01 22:41:42.189  3069  3069 W auditd  : type=1320 audit(0.0:137): 
07-01 22:41:42.204  3090  3117 E         : invalid gralloc handle (at 0x7f8a3eb380)
07-01 22:41:42.204  3090  3117 E         : Runtime and build version of gralloc private structure does not match. Errors will likely follow.
07-01 22:41:42.199  3069  3069 W auditd  : type=1325 audit(0.0:138): table=filter family=10 entries=55
07-01 22:41:42.199  3069  3069 W auditd  : type=1320 audit(0.0:138): 
07-01 22:41:42.199  3069  3069 W auditd  : type=1325 audit(0.0:139): table=filter family=2 entries=51
07-01 22:41:42.199  3069  3069 W auditd  : type=1320 audit(0.0:139): 
07-01 22:41:42.213  2919  2919 W display : release fence dup failed: Bad file descriptor
07-01 22:41:42.213  4101  4101 D AndroidRuntime: >>>>>> START com.android.internal.os.ZygoteInit uid 0 <<<<<<
07-01 22:41:42.209  3069  3069 W auditd  : type=1325 audit(0.0:140): table=filter family=10 entries=54
07-01 22:41:42.209  3069  3069 W auditd  : type=1320 audit(0.0:140): 
07-01 22:41:42.216  4101  4101 D AndroidRuntime: CheckJNI is ON
07-01 22:41:42.216  4101  4101 I art     : option[0]=-Xzygote
07-01 22:41:42.216  4101  4101 I art     : option[1]=-Xcheck:jni
07-01 22:41:42.216  4101  4101 I art     : option[2]=-Xstacktracefile:/data/anr/traces.txt
07-01 22:41:42.216  4101  4101 I art     : option[3]=exit
07-01 22:41:42.216  4101  4101 I art     : option[4]=vfprintf
07-01 22:41:42.216  4101  4101 I art     : option[5]=sensitiveThread
07-01 22:41:42.216  4101  4101 I art     : option[6]=-verbose:gc
07-01 22:41:42.216  4101  4101 I art     : option[7]=-Xms8m
07-01 22:41:42.216  4101  4101 I art     : option[8]=-Xmx512m
07-01 22:41:42.216  4101  4101 I art     : option[9]=-XX:HeapGrowthLimit=256m
07-01 22:41:42.216  4101  4101 I art     : option[10]=-XX:HeapMinFree=2m
07-01 22:41:42.216  4101  4101 I art     : option[11]=-XX:HeapMaxFree=8m
07-01 22:41:42.216  4101  4101 I art     : option[12]=-XX:HeapTargetUtilization=0.75
07-01 22:41:42.216  4101  4101 I art     : option[13]=-Xusejit:true
07-01 22:41:42.216  4101  4101 I art     : option[14]=-agentlib:jdwp=transport=dt_android_adb,suspend=n,server=y
07-01 22:41:42.216  4101  4101 I art     : option[15]=-Xlockprofthreshold:500
07-01 22:41:42.216  4101  4101 I art     : option[16]=-Ximage-compiler-option
07-01 22:41:42.216  4101  4101 I art     : option[17]=--runtime-arg
07-01 22:41:42.216  4101  4101 I art     : option[18]=-Ximage-compiler-option
07-01 22:41:42.216  4101  4101 I art     : option[19]=-Xms64m
07-01 22:41:42.216  4101  4101 I art     : option[20]=-Ximage-compiler-option
07-01 22:41:42.216  4101  4101 I art     : option[21]=--runtime-arg
07-01 22:41:42.216  4101  4101 I art     : option[22]=-Ximage-compiler-option
07-01 22:41:42.217  4101  4101 I art     : option[23]=-Xmx64m
07-01 22:41:42.217  4101  4101 I art     : option[24]=-Ximage-compiler-option
07-01 22:41:42.217  4101  4101 I art     : option[25]=--compiler-filter=verify-at-runtime
07-01 22:41:42.217  4101  4101 I art     : option[26]=-Ximage-compiler-option
07-01 22:41:42.217  4101  4101 I art     : option[27]=--image-classes=/system/etc/preloaded-classes
07-01 22:41:42.217  4101  4101 I art     : option[28]=-Xcompiler-option
07-01 22:41:42.217  4101  4101 I art     : option[29]=--runtime-arg
07-01 22:41:42.217  4101  4101 I art     : option[30]=-Xcompiler-option
07-01 22:41:42.217  4101  4101 I art     : option[31]=-Xms64m
07-01 22:41:42.217  4101  4101 I art     : option[32]=-Xcompiler-option
07-01 22:41:42.217  4101  4101 I art     : option[33]=--runtime-arg
07-01 22:41:42.217  4101  4101 I art     : option[34]=-Xcompiler-option
07-01 22:41:42.217  4101  4101 I art     : option[35]=-Xmx512m
07-01 22:41:42.217  4101  4101 I art     : option[36]=-Xcompiler-option
07-01 22:41:42.217  4101  4101 I art     : option[37]=--compiler-filter=verify-at-runtime
07-01 22:41:42.217  4101  4101 I art     : option[38]=-Ximage-compiler-option
07-01 22:41:42.217  4101  4101 I art     : option[39]=--instruction-set-variant=generic
07-01 22:41:42.217  4101  4101 I art     : option[40]=-Xcompiler-option
07-01 22:41:42.217  4101  4101 I art     : option[41]=--instruction-set-variant=generic
07-01 22:41:42.217  4101  4101 I art     : option[42]=-Ximage-compiler-option
07-01 22:41:42.217  4101  4101 I art     : option[43]=--instruction-set-features=default
07-01 22:41:42.217  4101  4101 I art     : option[44]=-Xcompiler-option
07-01 22:41:42.217  4101  4101 I art     : option[45]=--instruction-set-features=default
07-01 22:41:42.217  4101  4101 I art     : option[46]=-Duser.locale=en-US
07-01 22:41:42.217  4101  4101 I art     : option[47]=--cpu-abilist=arm64-v8a,armeabi
07-01 22:41:42.217  4101  4101 I art     : option[48]=-Xfingerprint:samsung/cm_hero2ltexx/hero2ltexx:6.0.1/MOB30M/f2ca64ecf4:eng/test-keys
07-01 22:41:42.219  3069  3069 W auditd  : type=1325 audit(0.0:141): table=filter family=2 entries=50
07-01 22:41:42.219  3069  3069 W auditd  : type=1320 audit(0.0:141): 
07-01 22:41:42.219  3069  3069 W auditd  : type=1325 audit(0.0:142): table=filter family=10 entries=53
07-01 22:41:42.219  3069  3069 W auditd  : type=1320 audit(0.0:142): 
07-01 22:41:42.229  3069  3069 W auditd  : type=1325 audit(0.0:143): table=filter family=2 entries=48
07-01 22:41:42.229  3069  3069 W auditd  : type=1320 audit(0.0:143): 
07-01 22:41:42.238  3090  3117 E         : invalid gralloc handle (at 0x7f8a3eb400)
07-01 22:41:42.238  3090  3117 E         : Runtime and build version of gralloc private structure does not match. Errors will likely follow.
07-01 22:41:42.229  3069  3069 W auditd  : type=1325 audit(0.0:144): table=filter family=10 entries=51
07-01 22:41:42.229  3069  3069 W auditd  : type=1320 audit(0.0:144): 
07-01 22:41:42.239  3069  3069 W auditd  : type=1325 audit(0.0:145): table=filter family=2 entries=50
07-01 22:41:42.239  3069  3069 W auditd  : type=1320 audit(0.0:145): 
07-01 22:41:42.247  2919  2919 W display : release fence dup failed: Bad file descriptor
07-01 22:41:42.239  3069  3069 W auditd  : type=1325 audit(0.0:146): table=filter family=10 entries=53
07-01 22:41:42.239  3069  3069 W auditd  : type=1320 audit(0.0:146): 
07-01 22:41:42.258  4101  4101 D ICU     : No timezone override file found: /data/misc/zoneinfo/current/icu/icu_tzdata.dat
07-01 22:41:42.271  3090  3117 E         : invalid gralloc handle (at 0x7f8a3eb300)
07-01 22:41:42.271  3090  3117 E         : Runtime and build version of gralloc private structure does not match. Errors will likely follow.
07-01 22:41:42.280  2919  2919 W display : release fence dup failed: Bad file descriptor
07-01 22:41:42.304  3090  3117 E         : invalid gralloc handle (at 0x7f8a3eb380)
07-01 22:41:42.304  3090  3117 E         : Runtime and build version of gralloc private structure does not match. Errors will likely follow.
07-01 22:41:42.313  2919  2919 W display : release fence dup failed: Bad file descriptor
07-01 22:41:42.338  3090  3117 E         : invalid gralloc handle (at 0x7f8a3eb400)
07-01 22:41:42.338  3090  3117 E         : Runtime and build version of gralloc private structure does not match. Errors will likely follow.
07-01 22:41:42.346  2919  2919 W display : release fence dup failed: Bad file descriptor
07-01 22:41:42.371  3090  3117 E         : invalid gralloc handle (at 0x7f8a3eb300)
07-01 22:41:42.371  3090  3117 E         : Runtime and build version of gralloc private structure does not match. Errors will likely follow.
07-01 22:41:42.380  2919  2919 W display : release fence dup failed: Bad file descriptor
07-01 22:41:42.388  4101  4101 I Radio-JNI: register_android_hardware_Radio DONE
07-01 22:41:42.405  3090  3117 E         : invalid gralloc handle (at 0x7f8a3eb380)
07-01 22:41:42.405  3090  3117 E         : Runtime and build version of gralloc private structure does not match. Errors will likely follow.
07-01 22:41:42.413  2919  2919 W display : release fence dup failed: Bad file descriptor
07-01 22:41:42.431  4101  4101 I SamplingProfilerIntegration: Profiling disabled.
07-01 22:41:42.432  4101  4101 D Zygote  : begin preload
07-01 22:41:42.434  4101  4101 I Zygote  : Preloading classes...
07-01 22:41:42.438  3090  3117 E         : invalid gralloc handle (at 0x7f8a3eb400)
07-01 22:41:42.438  3090  3117 E         : Runtime and build version of gralloc private structure does not match. Errors will likely follow.
07-01 22:41:42.446  2919  2919 W display : release fence dup failed: Bad file descriptor
07-01 22:41:42.472  3090  3117 E         : invalid gralloc handle (at 0x7f8a3eb300)
07-01 22:41:42.472  3090  3117 E         : Runtime and build version of gralloc private structure does not match. Errors will likely follow.
07-01 22:41:42.480  2919  2919 W display : release fence dup failed: Bad file descriptor
07-01 22:41:42.505  3090  3117 E         : invalid gralloc handle (at 0x7f8a3eb380)
07-01 22:41:42.505  3090  3117 E         : Runtime and build version of gralloc private structure does not match. Errors will likely follow.
07-01 22:41:42.513  2919  2919 W display : release fence dup failed: Bad file descriptor
07-01 22:41:42.539  3090  3117 E         : invalid gralloc handle (at 0x7f8a3eb400)
07-01 22:41:42.539  3090  3117 E         : Runtime and build version of gralloc private structure does not match. Errors will likely follow.
07-01 22:41:42.546  2919  2919 W display : release fence dup failed: Bad file descriptor
07-01 22:41:42.572  3090  3117 E         : invalid gralloc handle (at 0x7f8a3eb300)
07-01 22:41:42.572  3090  3117 E         : Runtime and build version of gralloc private structure does not match. Errors will likely follow.
07-01 22:41:42.580  2919  2919 W display : release fence dup failed: Bad file descriptor
07-01 22:41:42.606  3090  3117 E         : invalid gralloc handle (at 0x7f8a3eb380)
07-01 22:41:42.606  3090  3117 E         : Runtime and build version of gralloc private structure does not match. Errors will likely follow.
07-01 22:41:42.613  2919  2919 W display : release fence dup failed: Bad file descriptor
07-01 22:41:42.639  3090  3117 E         : invalid gralloc handle (at 0x7f8a3eb400)
07-01 22:41:42.639  3090  3117 E         : Runtime and build version of gralloc private structure does not match. Errors will likely follow.
07-01 22:41:42.646  2919  2919 W display : release fence dup failed: Bad file descriptor
07-01 22:41:42.673  3090  3117 E         : invalid gralloc handle (at 0x7f8a3eb300)
07-01 22:41:42.673  3090  3117 E         : Runtime and build version of gralloc private structure does not match. Errors will likely follow.
07-01 22:41:42.674  4102  4102 E audio_route: Failed to open /system/etc/mixer_paths.xml
07-01 22:41:42.679  4102  4102 I AudioFlinger: loadHwModule() Loaded primary audio interface from Samsung audio HW HAL (audio) handle 1
07-01 22:41:42.679  4102  4102 I AudioFlinger: openOutput(), module 1 Device 2, SamplingRate 44100, Format 0x000001, Channels 3, flags 2
07-01 22:41:42.679  4102  4102 I AudioFlinger: AudioStreamOut::open(), mHalFormatIsLinearPcm = 1
07-01 22:41:42.679  4102  4102 I AudioFlinger: HAL output buffer size 256 frames, normal sink buffer size 960 frames
07-01 22:41:42.680  2919  2919 W display : release fence dup failed: Bad file descriptor
07-01 22:41:42.681  4102  4102 I BufferProvider: found effect "Multichannel Downmix To Stereo" from The Android Open Source Project
07-01 22:41:42.681  4102  4102 E MonoPipe: Failed to fetch local time frequency when constructing a MonoPipe (res = -32).  getNextWriteTimestamp calls will be non-functional
07-01 22:41:42.681  4102  4102 I AudioFlinger: Using module 1 has the primary audio interface
07-01 22:41:42.681  4102  4208 I AudioFlinger: AudioFlinger's thread 0xf49c0000 ready to run
07-01 22:41:42.681  4102  4208 V audio_hw_primary: do_out_standby: output standby: 1
07-01 22:41:42.682  4102  4208 V audio_hw_primary: out_set_parameters: key value pairs: routing=2
07-01 22:41:42.682  4102  4208 E AudioFlinger: no wake lock to update!
07-01 22:41:42.683  4102  4102 V audio_hw_primary: adev_open_input_stream: Created resampler converting 48000 -> 16000
07-01 22:41:42.683  4102  4102 V audio_hw_primary: adev_open_input_stream: Requesting input stream with rate: 16000, channels: 0xc
07-01 22:41:42.683  4102  4210 I AudioFlinger: AudioFlinger's thread 0xf4600000 ready to run
07-01 22:41:42.683  4102  4102 I r_submix: adev_open(name=audio_hw_if)
07-01 22:41:42.683  4102  4102 I r_submix: adev_init_check()
07-01 22:41:42.683  4102  4102 I AudioFlinger: loadHwModule() Loaded r_submix audio interface from Wifi Display audio HAL (audio) handle 4
07-01 22:41:42.683  4102  4102 D r_submix: adev_open_input_stream(addr=0)
07-01 22:41:42.683  4102  4102 D r_submix: submix_audio_device_create_pipe_l(addr=0, idx=9)
07-01 22:41:42.683  4102  4102 D r_submix:   now using address 0 for route 9
07-01 22:41:42.684  4102  4211 I AudioFlinger: AudioFlinger's thread 0xf4600000 ready to run
07-01 22:41:42.684  4102  4102 D r_submix: adev_close_input_stream()
07-01 22:41:42.684  4102  4102 D r_submix: submix_audio_device_release_pipe_l(idx=9) addr=0
07-01 22:41:42.684  4102  4102 D r_submix: submix_audio_device_destroy_pipe_l(): pipe destroyed
07-01 22:41:42.684  4102  4102 E SoundTriggerHwService: couldn't load sound trigger module sound_trigger.primary (No such file or directory)
07-01 22:41:42.684  4102  4102 I RadioService: RadioService
07-01 22:41:42.684  4102  4102 I RadioService: onFirstRef
07-01 22:41:42.684  4102  4102 E RadioService: couldn't load radio module radio.primary (No such file or directory)
07-01 22:41:42.706  3090  3117 E         : invalid gralloc handle (at 0x7f8a3eb380)
07-01 22:41:42.706  3090  3117 E         : Runtime and build version of gralloc private structure does not match. Errors will likely follow.
07-01 22:41:42.713  2919  2919 W display : release fence dup failed: Bad file descriptor
07-01 22:41:42.740  3090  3117 E         : invalid gralloc handle (at 0x7f8a3eb400)
07-01 22:41:42.740  3090  3117 E         : Runtime and build version of gralloc private structure does not match. Errors will likely follow.
07-01 22:41:42.746  2919  2919 W display : release fence dup failed: Bad file descriptor
07-01 22:41:42.773  3090  3117 E         : invalid gralloc handle (at 0x7f8a3eb300)
07-01 22:41:42.773  3090  3117 E         : Runtime and build version of gralloc private structure does not match. Errors will likely follow.
07-01 22:41:42.780  2919  2919 W display : release fence dup failed: Bad file descriptor
07-01 22:41:42.785  4101  4101 E Minikin : addFont failed to create font /system/fonts/NanumGothic.ttf
07-01 22:41:42.786  4101  4101 E Minikin : addFont failed to create font /system/fonts/DroidSansFallback.ttf
07-01 22:41:42.786  4101  4101 E Minikin : addFont failed to create font /system/fonts/MTLmr3m.ttf
07-01 22:41:42.807  3090  3117 E         : invalid gralloc handle (at 0x7f8a3eb380)
07-01 22:41:42.807  3090  3117 E         : Runtime and build version of gralloc private structure does not match. Errors will likely follow.
07-01 22:41:42.813  2919  2919 W display : release fence dup failed: Bad file descriptor
07-01 22:41:42.840  3090  3117 E         : invalid gralloc handle (at 0x7f8a3eb400)
07-01 22:41:42.840  3090  3117 E         : Runtime and build version of gralloc private structure does not match. Errors will likely follow.
07-01 22:41:42.846  2919  2919 W display : release fence dup failed: Bad file descriptor
07-01 22:41:42.872  4101  4101 V DngCreator_JNI: DngCreator_nativeClassInit:
07-01 22:41:42.874  3090  3117 E         : invalid gralloc handle (at 0x7f8a3eb300)
07-01 22:41:42.874  3090  3117 E         : Runtime and build version of gralloc private structure does not match. Errors will likely follow.
07-01 22:41:42.880  2919  2919 W display : release fence dup failed: Bad file descriptor
07-01 22:41:42.907  3090  3117 E         : invalid gralloc handle (at 0x7f8a3eb380)
07-01 22:41:42.907  3090  3117 E         : Runtime and build version of gralloc private structure does not match. Errors will likely follow.
07-01 22:41:42.913  2919  2919 W display : release fence dup failed: Bad file descriptor
07-01 22:41:42.940  3090  3117 E         : invalid gralloc handle (at 0x7f8a3eb400)
07-01 22:41:42.940  3090  3117 E         : Runtime and build version of gralloc private structure does not match. Errors will likely follow.
07-01 22:41:42.946  2919  2919 W display : release fence dup failed: Bad file descriptor
07-01 22:41:42.974  3090  3117 E         : invalid gralloc handle (at 0x7f8a3eb300)
07-01 22:41:42.974  3090  3117 E         : Runtime and build version of gralloc private structure does not match. Errors will likely follow.
07-01 22:41:42.980  2919  2919 W display : release fence dup failed: Bad file descriptor
07-01 22:41:43.007  3090  3117 E         : invalid gralloc handle (at 0x7f8a3eb380)
07-01 22:41:43.007  3090  3117 E         : Runtime and build version of gralloc private structure does not match. Errors will likely follow.
07-01 22:41:43.013  2919  2919 W display : release fence dup failed: Bad file descriptor
07-01 22:41:43.040  3090  3117 E         : invalid gralloc handle (at 0x7f8a3eb400)
07-01 22:41:43.040  3090  3117 E         : Runtime and build version of gralloc private structure does not match. Errors will likely follow.
07-01 22:41:43.046  2919  2919 W display : release fence dup failed: Bad file descriptor
07-01 22:41:43.049  4106  4106 V NatController: runCmd(/system/bin/iptables -w -F natctrl_FORWARD) res=0
07-01 22:41:43.053  4106  4106 V NatController: runCmd(/system/bin/iptables -w -A natctrl_FORWARD -j DROP) res=0
07-01 22:41:43.057  4106  4106 V NatController: runCmd(/system/bin/iptables -w -t nat -F natctrl_nat_POSTROUTING) res=0
07-01 22:41:43.061  4106  4106 V NatController: runCmd(/system/bin/iptables -w -F natctrl_tether_counters) res=0
07-01 22:41:43.065  4106  4106 V NatController: runCmd(/system/bin/iptables -w -X natctrl_tether_counters) res=0
07-01 22:41:43.069  4106  4106 V NatController: runCmd(/system/bin/iptables -w -N natctrl_tether_counters) res=0
07-01 22:41:43.073  4106  4106 V NatController: runCmd(/system/bin/iptables -w -t mangle -A natctrl_mangle_FORWARD -p tcp --tcp-flags SYN SYN -j TCPMSS --clamp-mss-to-pmtu) res=0
07-01 22:41:43.074  3090  3117 E         : invalid gralloc handle (at 0x7f8a3eb300)
07-01 22:41:43.074  3090  3117 E         : Runtime and build version of gralloc private structure does not match. Errors will likely follow.
07-01 22:41:43.080  2919  2919 W display : release fence dup failed: Bad file descriptor
07-01 22:41:43.107  3090  3117 E         : invalid gralloc handle (at 0x7f8a3eb380)
07-01 22:41:43.107  3090  3117 E         : Runtime and build version of gralloc private structure does not match. Errors will likely follow.
07-01 22:41:43.113  2919  2919 W display : release fence dup failed: Bad file descriptor
07-01 22:41:43.141  3090  3117 E         : invalid gralloc handle (at 0x7f8a3eb400)
07-01 22:41:43.141  3090  3117 E         : Runtime and build version of gralloc private structure does not match. Errors will likely follow.
07-01 22:41:43.146  2919  2919 W display : release fence dup failed: Bad file descriptor
07-01 22:41:43.174  3090  3117 E         : invalid gralloc handle (at 0x7f8a3eb300)
07-01 22:41:43.174  3090  3117 E         : Runtime and build version of gralloc private structure does not match. Errors will likely follow.
07-01 22:41:43.180  2919  2919 W display : release fence dup failed: Bad file descriptor
07-01 22:41:43.199  3069  3069 W auditd  : type=1325 audit(0.0:349): table=filter family=2 entries=49
07-01 22:41:43.199  3069  3069 W auditd  : type=1320 audit(0.0:349): 
07-01 22:41:43.208  3090  3117 E         : invalid gralloc handle (at 0x7f8a3eb380)
07-01 22:41:43.208  3090  3117 E         : Runtime and build version of gralloc private structure does not match. Errors will likely follow.
07-01 22:41:43.199  3069  3069 W auditd  : type=1325 audit(0.0:350): table=filter family=10 entries=52
07-01 22:41:43.199  3069  3069 W auditd  : type=1320 audit(0.0:350): 
07-01 22:41:43.209  3069  3069 W auditd  : type=1325 audit(0.0:351): table=filter family=2 entries=49
07-01 22:41:43.209  3069  3069 W auditd  : type=1320 audit(0.0:351): 
07-01 22:41:43.213  2919  2919 W display : release fence dup failed: Bad file descriptor
07-01 22:41:43.209  3069  3069 W auditd  : type=1325 audit(0.0:352): table=filter family=10 entries=52
07-01 22:41:43.209  3069  3069 W auditd  : type=1320 audit(0.0:352): 
07-01 22:41:43.209  3069  3069 W auditd  : type=1325 audit(0.0:353): table=filter family=2 entries=49
07-01 22:41:43.209  3069  3069 W auditd  : type=1320 audit(0.0:353): 
07-01 22:41:43.219  3069  3069 W auditd  : type=1325 audit(0.0:354): table=filter family=10 entries=52
07-01 22:41:43.219  3069  3069 W auditd  : type=1320 audit(0.0:354): 
07-01 22:41:43.219  3069  3069 W auditd  : type=1325 audit(0.0:355): table=filter family=2 entries=49
07-01 22:41:43.219  3069  3069 W auditd  : type=1320 audit(0.0:355): 
07-01 22:41:43.229  3069  3069 W auditd  : type=1325 audit(0.0:356): table=filter family=10 entries=52
07-01 22:41:43.229  3069  3069 W auditd  : type=1320 audit(0.0:356): 
07-01 22:41:43.229  3069  3069 W auditd  : type=1325 audit(0.0:357): table=filter family=2 entries=49
07-01 22:41:43.229  3069  3069 W auditd  : type=1320 audit(0.0:357): 
07-01 22:41:43.241  3090  3117 E         : invalid gralloc handle (at 0x7f8a3eb400)
07-01 22:41:43.241  3090  3117 E         : Runtime and build version of gralloc private structure does not match. Errors will likely follow.
07-01 22:41:43.239  3069  3069 W auditd  : type=1325 audit(0.0:358): table=filter family=10 entries=52
07-01 22:41:43.239  3069  3069 W auditd  : type=1320 audit(0.0:358): 
07-01 22:41:43.246  2919  2919 W display : release fence dup failed: Bad file descriptor
07-01 22:41:43.275  3090  3117 E         : invalid gralloc handle (at 0x7f8a3eb300)
07-01 22:41:43.275  3090  3117 E         : Runtime and build version of gralloc private structure does not match. Errors will likely follow.
07-01 22:41:43.280  2919  2919 W display : release fence dup failed: Bad file descriptor
07-01 22:41:43.308  3090  3117 E         : invalid gralloc handle (at 0x7f8a3eb380)
07-01 22:41:43.308  3090  3117 E         : Runtime and build version of gralloc private structure does not match. Errors will likely follow.
07-01 22:41:43.313  2919  2919 W display : release fence dup failed: Bad file descriptor
07-01 22:41:43.319  4106  4106 E Netd    : cannot find interface dummy0
07-01 22:41:43.320  4106  4106 D MDnsDS  : MDnsSdListener::Hander starting up
07-01 22:41:43.320  4106  4367 D MDnsDS  : MDnsSdListener starting to monitor
07-01 22:41:43.320  4106  4367 D MDnsDS  : Going to poll with pollCount 1
07-01 22:41:43.342  3090  3117 E         : invalid gralloc handle (at 0x7f8a3eb400)
07-01 22:41:43.342  3090  3117 E         : Runtime and build version of gralloc private structure does not match. Errors will likely follow.
07-01 22:41:43.346  2919  2919 W display : release fence dup failed: Bad file descriptor
07-01 22:41:43.375  3090  3117 E         : invalid gralloc handle (at 0x7f8a3eb300)
07-01 22:41:43.375  3090  3117 E         : Runtime and build version of gralloc private structure does not match. Errors will likely follow.
07-01 22:41:43.380  2919  2919 W display : release fence dup failed: Bad file descriptor
07-01 22:41:43.409  3090  3117 E         : invalid gralloc handle (at 0x7f8a3eb380)
07-01 22:41:43.409  3090  3117 E         : Runtime and build version of gralloc private structure does not match. Errors will likely follow.
07-01 22:41:43.413  2919  2919 W display : release fence dup failed: Bad file descriptor
07-01 22:41:43.442  3090  3117 E         : invalid gralloc handle (at 0x7f8a3eb400)
07-01 22:41:43.442  3090  3117 E         : Runtime and build version of gralloc private structure does not match. Errors will likely follow.
07-01 22:41:43.446  2919  2919 W display : release fence dup failed: Bad file descriptor
07-01 22:41:43.476  3090  3117 E         : invalid gralloc handle (at 0x7f8a3eb300)
07-01 22:41:43.476  3090  3117 E         : Runtime and build version of gralloc private structure does not match. Errors will likely follow.
07-01 22:41:43.480  2919  2919 W display : release fence dup failed: Bad file descriptor
07-01 22:41:43.507  4101  4101 I art     : Thread[1,tid=4101,Native,Thread*=0x7f99cbba00,peer=0x12c532e0,"main"] recursive attempt to load library "/system/lib64/libmedia_jni.so"
07-01 22:41:43.507  4101  4101 D MtpDeviceJNI: register_android_mtp_MtpDevice
07-01 22:41:43.508  4101  4101 I art     : Thread[1,tid=4101,Native,Thread*=0x7f99cbba00,peer=0x12c532e0,"main"] recursive attempt to load library "/system/lib64/libmedia_jni.so"
07-01 22:41:43.508  4101  4101 I art     : Thread[1,tid=4101,Native,Thread*=0x7f99cbba00,peer=0x12c532e0,"main"] recursive attempt to load library "/system/lib64/libmedia_jni.so"
07-01 22:41:43.509  3090  3117 E         : invalid gralloc handle (at 0x7f8a3eb380)
07-01 22:41:43.509  3090  3117 E         : Runtime and build version of gralloc private structure does not match. Errors will likely follow.
07-01 22:41:43.513  2919  2919 W display : release fence dup failed: Bad file descriptor
07-01 22:41:43.542  3090  3117 E         : invalid gralloc handle (at 0x7f8a3eb400)
07-01 22:41:43.543  3090  3117 E         : Runtime and build version of gralloc private structure does not match. Errors will likely follow.
07-01 22:41:43.546  2919  2919 W display : release fence dup failed: Bad file descriptor
07-01 22:41:43.576  3090  3117 E         : invalid gralloc handle (at 0x7f8a3eb300)
07-01 22:41:43.576  3090  3117 E         : Runtime and build version of gralloc private structure does not match. Errors will likely follow.
07-01 22:41:43.580  2919  2919 W display : release fence dup failed: Bad file descriptor
07-01 22:41:43.609  3090  3117 E         : invalid gralloc handle (at 0x7f8a3eb380)
07-01 22:41:43.609  3090  3117 E         : Runtime and build version of gralloc private structure does not match. Errors will likely follow.
07-01 22:41:43.613  2919  2919 W display : release fence dup failed: Bad file descriptor
07-01 22:41:43.643  3090  3117 E         : invalid gralloc handle (at 0x7f8a3eb400)
07-01 22:41:43.643  3090  3117 E         : Runtime and build version of gralloc private structure does not match. Errors will likely follow.
07-01 22:41:43.646  2919  2919 W display : release fence dup failed: Bad file descriptor
07-01 22:41:43.676  3090  3117 E         : invalid gralloc handle (at 0x7f8a3eb300)
07-01 22:41:43.677  3090  3117 E         : Runtime and build version of gralloc private structure does not match. Errors will likely follow.
07-01 22:41:43.680  2919  2919 W display : release fence dup failed: Bad file descriptor
07-01 22:41:43.710  3090  3117 E         : invalid gralloc handle (at 0x7f8a3eb380)
07-01 22:41:43.710  3090  3117 E         : Runtime and build version of gralloc private structure does not match. Errors will likely follow.
07-01 22:41:43.713  2919  2919 W display : release fence dup failed: Bad file descriptor
07-01 22:41:43.743  3090  3117 E         : invalid gralloc handle (at 0x7f8a3eb400)
07-01 22:41:43.743  3090  3117 E         : Runtime and build version of gralloc private structure does not match. Errors will likely follow.
07-01 22:41:43.746  2919  2919 W display : release fence dup failed: Bad file descriptor
07-01 22:41:43.777  3090  3117 E         : invalid gralloc handle (at 0x7f8a3eb300)
07-01 22:41:43.777  3090  3117 E         : Runtime and build version of gralloc private structure does not match. Errors will likely follow.
07-01 22:41:43.780  2919  2919 W display : release fence dup failed: Bad file descriptor
07-01 22:41:43.810  3090  3117 E         : invalid gralloc handle (at 0x7f8a3eb380)
07-01 22:41:43.810  3090  3117 E         : Runtime and build version of gralloc private structure does not match. Errors will likely follow.
07-01 22:41:43.813  2919  2919 W display : release fence dup failed: Bad file descriptor
07-01 22:41:43.844  3090  3117 E         : invalid gralloc handle (at 0x7f8a3eb400)
07-01 22:41:43.844  3090  3117 E         : Runtime and build version of gralloc private structure does not match. Errors will likely follow.
07-01 22:41:43.867  2919  2919 W display : release fence dup failed: Bad file descriptor
07-01 22:41:43.877  3090  3117 E         : invalid gralloc handle (at 0x7f8a3eb300)
07-01 22:41:43.878  3090  3117 E         : Runtime and build version of gralloc private structure does not match. Errors will likely follow.
07-01 22:41:43.896  2919  2919 W display : release fence dup failed: Bad file descriptor
07-01 22:41:43.911  3090  3117 E         : invalid gralloc handle (at 0x7f8a3eb380)
07-01 22:41:43.911  3090  3117 E         : Runtime and build version of gralloc private structure does not match. Errors will likely follow.
07-01 22:41:43.930  2919  2919 W display : release fence dup failed: Bad file descriptor
07-01 22:41:43.944  3090  3117 E         : invalid gralloc handle (at 0x7f8a3eb400)
07-01 22:41:43.944  3090  3117 E         : Runtime and build version of gralloc private structure does not match. Errors will likely follow.
07-01 22:41:43.963  2919  2919 W display : release fence dup failed: Bad file descriptor
07-01 22:41:43.978  3090  3117 E         : invalid gralloc handle (at 0x7f8a3eb300)
07-01 22:41:43.978  3090  3117 E         : Runtime and build version of gralloc private structure does not match. Errors will likely follow.
07-01 22:41:43.996  2919  2919 W display : release fence dup failed: Bad file descriptor
07-01 22:41:44.011  4101  4101 W System  : ClassLoader referenced unknown path: /system/framework/tcmclient.jar
07-01 22:41:44.011  3090  3117 E         : invalid gralloc handle (at 0x7f8a3eb380)
07-01 22:41:44.011  3090  3117 E         : Runtime and build version of gralloc private structure does not match. Errors will likely follow.
07-01 22:41:44.030  2919  2919 W display : release fence dup failed: Bad file descriptor
07-01 22:41:44.045  3090  3117 E         : invalid gralloc handle (at 0x7f8a3eb400)
07-01 22:41:44.045  3090  3117 E         : Runtime and build version of gralloc private structure does not match. Errors will likely follow.
07-01 22:41:44.063  2919  2919 W display : release fence dup failed: Bad file descriptor
07-01 22:41:44.078  3090  3117 E         : invalid gralloc handle (at 0x7f8a3eb300)
07-01 22:41:44.078  3090  3117 E         : Runtime and build version of gralloc private structure does not match. Errors will likely follow.
07-01 22:41:44.096  2919  2919 W display : release fence dup failed: Bad file descriptor
07-01 22:41:44.112  3090  3117 E         : invalid gralloc handle (at 0x7f8a3eb380)
07-01 22:41:44.112  3090  3117 E         : Runtime and build version of gralloc private structure does not match. Errors will likely follow.
07-01 22:41:44.130  2919  2919 W display : release fence dup failed: Bad file descriptor
07-01 22:41:44.145  3090  3117 E         : invalid gralloc handle (at 0x7f8a3eb400)
07-01 22:41:44.145  3090  3117 E         : Runtime and build version of gralloc private structure does not match. Errors will likely follow.
07-01 22:41:44.163  2919  2919 W display : release fence dup failed: Bad file descriptor
07-01 22:41:44.179  3090  3117 E         : invalid gralloc handle (at 0x7f8a3eb300)
07-01 22:41:44.179  3090  3117 E         : Runtime and build version of gralloc private structure does not match. Errors will likely follow.
07-01 22:41:44.196  2919  2919 W display : release fence dup failed: Bad file descriptor
07-01 22:41:44.212  3090  3117 E         : invalid gralloc handle (at 0x7f8a3eb380)
07-01 22:41:44.212  3090  3117 E         : Runtime and build version of gralloc private structure does not match. Errors will likely follow.
07-01 22:41:44.230  2919  2919 W display : release fence dup failed: Bad file descriptor
07-01 22:41:44.246  3090  3117 E         : invalid gralloc handle (at 0x7f8a3eb400)
07-01 22:41:44.246  3090  3117 E         : Runtime and build version of gralloc private structure does not match. Errors will likely follow.
07-01 22:41:44.263  2919  2919 W display : release fence dup failed: Bad file descriptor
07-01 22:41:44.279  3090  3117 E         : invalid gralloc handle (at 0x7f8a3eb300)
07-01 22:41:44.279  3090  3117 E         : Runtime and build version of gralloc private structure does not match. Errors will likely follow.
07-01 22:41:44.296  2919  2919 W display : release fence dup failed: Bad file descriptor
07-01 22:41:44.313  3090  3117 E         : invalid gralloc handle (at 0x7f8a3eb380)
07-01 22:41:44.313  3090  3117 E         : Runtime and build version of gralloc private structure does not match. Errors will likely follow.
07-01 22:41:44.330  2919  2919 W display : release fence dup failed: Bad file descriptor
07-01 22:41:44.336  4101  4101 I System  : Loaded time zone names for "" in 19ms (17ms in ICU)
07-01 22:41:44.346  3090  3117 E         : invalid gralloc handle (at 0x7f8a3eb400)
07-01 22:41:44.346  3090  3117 E         : Runtime and build version of gralloc private structure does not match. Errors will likely follow.
07-01 22:41:44.363  2919  2919 W display : release fence dup failed: Bad file descriptor
07-01 22:41:44.370  4101  4101 I System  : Loaded time zone names for "en_US" in 34ms (11ms in ICU)
07-01 22:41:44.379  3090  3117 E         : invalid gralloc handle (at 0x7f8a3eb300)
07-01 22:41:44.380  3090  3117 E         : Runtime and build version of gralloc private structure does not match. Errors will likely follow.
07-01 22:41:44.396  2919  2919 W display : release fence dup failed: Bad file descriptor
07-01 22:41:44.413  3090  3117 E         : invalid gralloc handle (at 0x7f8a3eb380)
07-01 22:41:44.413  3090  3117 E         : Runtime and build version of gralloc private structure does not match. Errors will likely follow.
07-01 22:41:44.430  2919  2919 W display : release fence dup failed: Bad file descriptor
07-01 22:41:44.447  3090  3117 E         : invalid gralloc handle (at 0x7f8a3eb400)
07-01 22:41:44.447  3090  3117 E         : Runtime and build version of gralloc private structure does not match. Errors will likely follow.
07-01 22:41:44.463  2919  2919 W display : release fence dup failed: Bad file descriptor
07-01 22:41:44.480  3090  3117 E         : invalid gralloc handle (at 0x7f8a3eb300)
07-01 22:41:44.480  3090  3117 E         : Runtime and build version of gralloc private structure does not match. Errors will likely follow.
07-01 22:41:44.496  2919  2919 W display : release fence dup failed: Bad file descriptor
07-01 22:41:44.513  3090  3117 E         : invalid gralloc handle (at 0x7f8a3eb380)
07-01 22:41:44.513  3090  3117 E         : Runtime and build version of gralloc private structure does not match. Errors will likely follow.
07-01 22:41:44.530  2919  2919 W display : release fence dup failed: Bad file descriptor
07-01 22:41:44.537  4101  4101 I Zygote  : ...preloaded 3831 classes in 2104ms.
07-01 22:41:44.537  4101  4101 I art     : VMRuntime.preloadDexCaches starting
07-01 22:41:44.547  3090  3117 E         : invalid gralloc handle (at 0x7f8a3eb400)
07-01 22:41:44.547  3090  3117 E         : Runtime and build version of gralloc private structure does not match. Errors will likely follow.
07-01 22:41:44.563  2919  2919 W display : release fence dup failed: Bad file descriptor
07-01 22:41:44.570  4101  4101 I art     : VMRuntime.preloadDexCaches strings total=248969 before=10083 after=10083
07-01 22:41:44.570  4101  4101 I art     : VMRuntime.preloadDexCaches types total=20332 before=8245 after=9836
07-01 22:41:44.570  4101  4101 I art     : VMRuntime.preloadDexCaches fields total=100378 before=35761 after=47726
07-01 22:41:44.570  4101  4101 I art     : VMRuntime.preloadDexCaches methods total=172817 before=67604 after=83308
07-01 22:41:44.570  4101  4101 I art     : VMRuntime.preloadDexCaches finished
07-01 22:41:44.580  3090  3117 E         : invalid gralloc handle (at 0x7f8a3eb300)
07-01 22:41:44.580  3090  3117 E         : Runtime and build version of gralloc private structure does not match. Errors will likely follow.
07-01 22:41:44.583  4371  4371 D idmap   : error: no read access to /vendor/overlay: No such file or directory
07-01 22:41:44.586  4101  4101 I Zygote  : Preloading resources...
07-01 22:41:44.596  2919  2919 W display : release fence dup failed: Bad file descriptor
07-01 22:41:44.614  3090  3117 E         : invalid gralloc handle (at 0x7f8a3eb380)
07-01 22:41:44.614  3090  3117 E         : Runtime and build version of gralloc private structure does not match. Errors will likely follow.
07-01 22:41:44.630  2919  2919 W display : release fence dup failed: Bad file descriptor
07-01 22:41:44.647  3090  3117 E         : invalid gralloc handle (at 0x7f8a3eb400)
07-01 22:41:44.647  3090  3117 E         : Runtime and build version of gralloc private structure does not match. Errors will likely follow.
07-01 22:41:44.663  2919  2919 W display : release fence dup failed: Bad file descriptor
07-01 22:41:44.681  3090  3117 E         : invalid gralloc handle (at 0x7f8a3eb300)
07-01 22:41:44.681  3090  3117 E         : Runtime and build version of gralloc private structure does not match. Errors will likely follow.
07-01 22:41:44.696  2919  2919 W display : release fence dup failed: Bad file descriptor
07-01 22:41:44.714  3090  3117 E         : invalid gralloc handle (at 0x7f8a3eb380)
07-01 22:41:44.714  3090  3117 E         : Runtime and build version of gralloc private structure does not match. Errors will likely follow.
