07-01 21:44:18.457  3093  3114 E         : Runtime and build version of gralloc private structure does not match. Errors will likely follow.
07-01 21:44:18.475  2920  2920 W display : release fence dup failed: Bad file descriptor
07-01 21:44:18.491  3093  3114 E         : invalid gralloc handle (at 0x7fb5d6b400)
07-01 21:44:18.491  3093  3114 E         : Runtime and build version of gralloc private structure does not match. Errors will likely follow.
07-01 21:44:18.508  2920  2920 W display : release fence dup failed: Bad file descriptor
07-01 21:44:18.524  3093  3114 E         : invalid gralloc handle (at 0x7fb5d6b300)
07-01 21:44:18.524  3093  3114 E         : Runtime and build version of gralloc private structure does not match. Errors will likely follow.
07-01 21:44:18.534  3440  3440 I Radio-JNI: register_android_hardware_Radio DONE
07-01 21:44:18.542  2920  2920 W display : release fence dup failed: Bad file descriptor
07-01 21:44:18.558  3093  3114 E         : invalid gralloc handle (at 0x7fb5d6b380)
07-01 21:44:18.558  3093  3114 E         : Runtime and build version of gralloc private structure does not match. Errors will likely follow.
07-01 21:44:18.576  2920  2920 W display : release fence dup failed: Bad file descriptor
07-01 21:44:18.578  3440  3440 I SamplingProfilerIntegration: Profiling disabled.
07-01 21:44:18.578  3440  3440 D Zygote  : begin preload
07-01 21:44:18.580  3440  3440 I Zygote  : Preloading classes...
07-01 21:44:18.591  3093  3114 E         : invalid gralloc handle (at 0x7fb5d6b400)
07-01 21:44:18.591  3093  3114 E         : Runtime and build version of gralloc private structure does not match. Errors will likely follow.
07-01 21:44:18.610  2920  2920 W display : release fence dup failed: Bad file descriptor
07-01 21:44:18.625  3093  3114 E         : invalid gralloc handle (at 0x7fb5d6b300)
07-01 21:44:18.625  3093  3114 E         : Runtime and build version of gralloc private structure does not match. Errors will likely follow.
07-01 21:44:18.627  2920  2920 W display : release fence dup failed: Bad file descriptor
07-01 21:44:18.658  3093  3114 E         : invalid gralloc handle (at 0x7fb5d6b380)
07-01 21:44:18.658  3093  3114 E         : Runtime and build version of gralloc private structure does not match. Errors will likely follow.
07-01 21:44:18.661  2920  2920 W display : release fence dup failed: Bad file descriptor
07-01 21:44:18.691  3093  3114 E         : invalid gralloc handle (at 0x7fb5d6b400)
07-01 21:44:18.691  3093  3114 E         : Runtime and build version of gralloc private structure does not match. Errors will likely follow.
07-01 21:44:18.695  2920  2920 W display : release fence dup failed: Bad file descriptor
07-01 21:44:18.725  3093  3114 E         : invalid gralloc handle (at 0x7fb5d6b300)
07-01 21:44:18.725  3093  3114 E         : Runtime and build version of gralloc private structure does not match. Errors will likely follow.
07-01 21:44:18.729  2920  2920 W display : release fence dup failed: Bad file descriptor
07-01 21:44:18.759  3093  3114 E         : invalid gralloc handle (at 0x7fb5d6b380)
07-01 21:44:18.759  3093  3114 E         : Runtime and build version of gralloc private structure does not match. Errors will likely follow.
07-01 21:44:18.762  2920  2920 W display : release fence dup failed: Bad file descriptor
07-01 21:44:18.792  3093  3114 E         : invalid gralloc handle (at 0x7fb5d6b400)
07-01 21:44:18.792  3093  3114 E         : Runtime and build version of gralloc private structure does not match. Errors will likely follow.
07-01 21:44:18.797  2920  2920 W display : release fence dup failed: Bad file descriptor
07-01 21:44:18.825  3093  3114 E         : invalid gralloc handle (at 0x7fb5d6b300)
07-01 21:44:18.826  3093  3114 E         : Runtime and build version of gralloc private structure does not match. Errors will likely follow.
07-01 21:44:18.830  2920  2920 W display : release fence dup failed: Bad file descriptor
07-01 21:44:18.831  3441  3441 E audio_route: Failed to open /system/etc/mixer_paths.xml
07-01 21:44:18.837  3441  3441 I AudioFlinger: loadHwModule() Loaded primary audio interface from Samsung audio HW HAL (audio) handle 1
07-01 21:44:18.837  3441  3441 I AudioFlinger: openOutput(), module 1 Device 2, SamplingRate 44100, Format 0x000001, Channels 3, flags 2
07-01 21:44:18.837  3441  3441 I AudioFlinger: AudioStreamOut::open(), mHalFormatIsLinearPcm = 1
07-01 21:44:18.837  3441  3441 I AudioFlinger: HAL output buffer size 256 frames, normal sink buffer size 960 frames
07-01 21:44:18.839  3441  3441 I BufferProvider: found effect "Multichannel Downmix To Stereo" from The Android Open Source Project
07-01 21:44:18.839  3441  3441 E MonoPipe: Failed to fetch local time frequency when constructing a MonoPipe (res = -32).  getNextWriteTimestamp calls will be non-functional
07-01 21:44:18.839  3441  3441 I AudioFlinger: Using module 1 has the primary audio interface
07-01 21:44:18.839  3441  3555 I AudioFlinger: AudioFlinger's thread 0xf4700000 ready to run
07-01 21:44:18.839  3441  3555 V audio_hw_primary: do_out_standby: output standby: 1
07-01 21:44:18.839  3441  3555 V audio_hw_primary: out_set_parameters: key value pairs: routing=2
07-01 21:44:18.839  3441  3555 E AudioFlinger: no wake lock to update!
07-01 21:44:18.840  3441  3441 V audio_hw_primary: adev_open_input_stream: Created resampler converting 48000 -> 16000
07-01 21:44:18.840  3441  3441 V audio_hw_primary: adev_open_input_stream: Requesting input stream with rate: 16000, channels: 0xc
07-01 21:44:18.840  3441  3556 I AudioFlinger: AudioFlinger's thread 0xf4340000 ready to run
07-01 21:44:18.841  3441  3441 I r_submix: adev_open(name=audio_hw_if)
07-01 21:44:18.841  3441  3441 I r_submix: adev_init_check()
07-01 21:44:18.841  3441  3441 I AudioFlinger: loadHwModule() Loaded r_submix audio interface from Wifi Display audio HAL (audio) handle 4
07-01 21:44:18.841  3441  3441 D r_submix: adev_open_input_stream(addr=0)
07-01 21:44:18.841  3441  3441 D r_submix: submix_audio_device_create_pipe_l(addr=0, idx=9)
07-01 21:44:18.841  3441  3441 D r_submix:   now using address 0 for route 9
07-01 21:44:18.841  3441  3557 I AudioFlinger: AudioFlinger's thread 0xf4340000 ready to run
07-01 21:44:18.841  3441  3441 D r_submix: adev_close_input_stream()
07-01 21:44:18.841  3441  3441 D r_submix: submix_audio_device_release_pipe_l(idx=9) addr=0
07-01 21:44:18.841  3441  3441 D r_submix: submix_audio_device_destroy_pipe_l(): pipe destroyed
07-01 21:44:18.842  3441  3441 E SoundTriggerHwService: couldn't load sound trigger module sound_trigger.primary (No such file or directory)
07-01 21:44:18.842  3441  3441 I RadioService: RadioService
07-01 21:44:18.842  3441  3441 I RadioService: onFirstRef
07-01 21:44:18.842  3441  3441 E RadioService: couldn't load radio module radio.primary (No such file or directory)
07-01 21:44:18.859  3093  3114 E         : invalid gralloc handle (at 0x7fb5d6b380)
07-01 21:44:18.859  3093  3114 E         : Runtime and build version of gralloc private structure does not match. Errors will likely follow.
07-01 21:44:18.864  2920  2920 W display : release fence dup failed: Bad file descriptor
07-01 21:44:18.892  3093  3114 E         : invalid gralloc handle (at 0x7fb5d6b400)
07-01 21:44:18.892  3093  3114 E         : Runtime and build version of gralloc private structure does not match. Errors will likely follow.
07-01 21:44:18.898  2920  2920 W display : release fence dup failed: Bad file descriptor
07-01 21:44:18.926  3093  3114 E         : invalid gralloc handle (at 0x7fb5d6b300)
07-01 21:44:18.926  3093  3114 E         : Runtime and build version of gralloc private structure does not match. Errors will likely follow.
07-01 21:44:18.932  2920  2920 W display : release fence dup failed: Bad file descriptor
07-01 21:44:18.933  3440  3440 E Minikin : addFont failed to create font /system/fonts/NanumGothic.ttf
07-01 21:44:18.933  3440  3440 E Minikin : addFont failed to create font /system/fonts/DroidSansFallback.ttf
07-01 21:44:18.933  3440  3440 E Minikin : addFont failed to create font /system/fonts/MTLmr3m.ttf
07-01 21:44:18.959  3093  3114 E         : invalid gralloc handle (at 0x7fb5d6b380)
07-01 21:44:18.959  3093  3114 E         : Runtime and build version of gralloc private structure does not match. Errors will likely follow.
07-01 21:44:18.966  2920  2920 W display : release fence dup failed: Bad file descriptor
07-01 21:44:18.993  3093  3114 E         : invalid gralloc handle (at 0x7fb5d6b400)
07-01 21:44:18.993  3093  3114 E         : Runtime and build version of gralloc private structure does not match. Errors will likely follow.
07-01 21:44:19.000  2920  2920 W display : release fence dup failed: Bad file descriptor
07-01 21:44:19.018  3440  3440 V DngCreator_JNI: DngCreator_nativeClassInit:
07-01 21:44:19.027  3093  3114 E         : invalid gralloc handle (at 0x7fb5d6b300)
07-01 21:44:19.027  3093  3114 E         : Runtime and build version of gralloc private structure does not match. Errors will likely follow.
07-01 21:44:19.034  2920  2920 W display : release fence dup failed: Bad file descriptor
07-01 21:44:19.060  3093  3114 E         : invalid gralloc handle (at 0x7fb5d6b380)
07-01 21:44:19.060  3093  3114 E         : Runtime and build version of gralloc private structure does not match. Errors will likely follow.
07-01 21:44:19.068  2920  2920 W display : release fence dup failed: Bad file descriptor
07-01 21:44:19.093  3093  3114 E         : invalid gralloc handle (at 0x7fb5d6b400)
07-01 21:44:19.093  3093  3114 E         : Runtime and build version of gralloc private structure does not match. Errors will likely follow.
07-01 21:44:19.102  2920  2920 W display : release fence dup failed: Bad file descriptor
07-01 21:44:19.127  3093  3114 E         : invalid gralloc handle (at 0x7fb5d6b300)
07-01 21:44:19.127  3093  3114 E         : Runtime and build version of gralloc private structure does not match. Errors will likely follow.
07-01 21:44:19.136  2920  2920 W display : release fence dup failed: Bad file descriptor
07-01 21:44:19.160  3093  3114 E         : invalid gralloc handle (at 0x7fb5d6b380)
07-01 21:44:19.160  3093  3114 E         : Runtime and build version of gralloc private structure does not match. Errors will likely follow.
07-01 21:44:19.169  2920  2920 W display : release fence dup failed: Bad file descriptor
07-01 21:44:19.176  3445  3445 V NatController: runCmd(/system/bin/iptables -w -F natctrl_FORWARD) res=0
07-01 21:44:19.181  3445  3445 V NatController: runCmd(/system/bin/iptables -w -A natctrl_FORWARD -j DROP) res=0
07-01 21:44:19.185  3445  3445 V NatController: runCmd(/system/bin/iptables -w -t nat -F natctrl_nat_POSTROUTING) res=0
07-01 21:44:19.189  3445  3445 V NatController: runCmd(/system/bin/iptables -w -F natctrl_tether_counters) res=0
07-01 21:44:19.194  3445  3445 V NatController: runCmd(/system/bin/iptables -w -X natctrl_tether_counters) res=0
07-01 21:44:19.194  3093  3114 E         : invalid gralloc handle (at 0x7fb5d6b400)
07-01 21:44:19.194  3093  3114 E         : Runtime and build version of gralloc private structure does not match. Errors will likely follow.
07-01 21:44:19.198  3445  3445 V NatController: runCmd(/system/bin/iptables -w -N natctrl_tether_counters) res=0
07-01 21:44:19.202  3445  3445 V NatController: runCmd(/system/bin/iptables -w -t mangle -A natctrl_mangle_FORWARD -p tcp --tcp-flags SYN SYN -j TCPMSS --clamp-mss-to-pmtu) res=0
07-01 21:44:19.203  2920  2920 W display : release fence dup failed: Bad file descriptor
07-01 21:44:19.227  3093  3114 E         : invalid gralloc handle (at 0x7fb5d6b300)
07-01 21:44:19.227  3093  3114 E         : Runtime and build version of gralloc private structure does not match. Errors will likely follow.
07-01 21:44:19.237  2920  2920 W display : release fence dup failed: Bad file descriptor
07-01 21:44:19.260  3093  3114 E         : invalid gralloc handle (at 0x7fb5d6b380)
07-01 21:44:19.260  3093  3114 E         : Runtime and build version of gralloc private structure does not match. Errors will likely follow.
07-01 21:44:19.271  2920  2920 W display : release fence dup failed: Bad file descriptor
07-01 21:44:19.294  3093  3114 E         : invalid gralloc handle (at 0x7fb5d6b400)
07-01 21:44:19.294  3093  3114 E         : Runtime and build version of gralloc private structure does not match. Errors will likely follow.
07-01 21:44:19.305  2920  2920 W display : release fence dup failed: Bad file descriptor
07-01 21:44:19.327  3093  3114 E         : invalid gralloc handle (at 0x7fb5d6b300)
07-01 21:44:19.328  3093  3114 E         : Runtime and build version of gralloc private structure does not match. Errors will likely follow.
07-01 21:44:19.339  2920  2920 W display : release fence dup failed: Bad file descriptor
07-01 21:44:19.361  3093  3114 E         : invalid gralloc handle (at 0x7fb5d6b380)
07-01 21:44:19.361  3093  3114 E         : Runtime and build version of gralloc private structure does not match. Errors will likely follow.
07-01 21:44:19.359  3057  3057 W auditd  : type=1325 audit(0.0:357): table=filter family=2 entries=49
07-01 21:44:19.359  3057  3057 W auditd  : type=1320 audit(0.0:357): 
07-01 21:44:19.359  3057  3057 W auditd  : type=1325 audit(0.0:358): table=filter family=10 entries=52
07-01 21:44:19.359  3057  3057 W auditd  : type=1320 audit(0.0:358): 
07-01 21:44:19.373  2920  2920 W display : release fence dup failed: Bad file descriptor
07-01 21:44:19.369  3057  3057 W auditd  : type=1325 audit(0.0:359): table=filter family=2 entries=49
07-01 21:44:19.369  3057  3057 W auditd  : type=1320 audit(0.0:359): 
07-01 21:44:19.369  3057  3057 W auditd  : type=1325 audit(0.0:360): table=filter family=10 entries=52
07-01 21:44:19.369  3057  3057 W auditd  : type=1320 audit(0.0:360): 
07-01 21:44:19.379  3057  3057 W auditd  : type=1325 audit(0.0:361): table=raw family=2 entries=9
07-01 21:44:19.379  3057  3057 W auditd  : type=1320 audit(0.0:361): 
07-01 21:44:19.379  3057  3057 W auditd  : type=1325 audit(0.0:362): table=raw family=10 entries=9
07-01 21:44:19.379  3057  3057 W auditd  : type=1320 audit(0.0:362): 
07-01 21:44:19.379  3057  3057 W auditd  : type=1325 audit(0.0:363): table=mangle family=2 entries=16
07-01 21:44:19.379  3057  3057 W auditd  : type=1320 audit(0.0:363): 
07-01 21:44:19.395  3093  3114 E         : invalid gralloc handle (at 0x7fb5d6b400)
07-01 21:44:19.395  3093  3114 E         : Runtime and build version of gralloc private structure does not match. Errors will likely follow.
07-01 21:44:19.389  3057  3057 W auditd  : type=1325 audit(0.0:364): table=mangle family=10 entries=12
07-01 21:44:19.389  3057  3057 W auditd  : type=1320 audit(0.0:364): 
07-01 21:44:19.389  3057  3057 W auditd  : type=1325 audit(0.0:365): table=filter family=2 entries=49
07-01 21:44:19.389  3057  3057 W auditd  : type=1320 audit(0.0:365): 
07-01 21:44:19.399  3057  3057 W auditd  : type=1325 audit(0.0:366): table=filter family=10 entries=52
07-01 21:44:19.399  3057  3057 W auditd  : type=1320 audit(0.0:366): 
07-01 21:44:19.407  2920  2920 W display : release fence dup failed: Bad file descriptor
07-01 21:44:19.428  3093  3114 E         : invalid gralloc handle (at 0x7fb5d6b300)
07-01 21:44:19.428  3093  3114 E         : Runtime and build version of gralloc private structure does not match. Errors will likely follow.
07-01 21:44:19.441  2920  2920 W display : release fence dup failed: Bad file descriptor
07-01 21:44:19.448  3445  3445 E Netd    : cannot find interface dummy0
07-01 21:44:19.449  3445  3445 D MDnsDS  : MDnsSdListener::Hander starting up
07-01 21:44:19.449  3445  3706 D MDnsDS  : MDnsSdListener starting to monitor
07-01 21:44:19.449  3445  3706 D MDnsDS  : Going to poll with pollCount 1
07-01 21:44:19.461  3093  3114 E         : invalid gralloc handle (at 0x7fb5d6b380)
07-01 21:44:19.461  3093  3114 E         : Runtime and build version of gralloc private structure does not match. Errors will likely follow.
07-01 21:44:19.475  2920  2920 W display : release fence dup failed: Bad file descriptor
07-01 21:44:19.495  3093  3114 E         : invalid gralloc handle (at 0x7fb5d6b400)
07-01 21:44:19.495  3093  3114 E         : Runtime and build version of gralloc private structure does not match. Errors will likely follow.
07-01 21:44:19.508  2920  2920 W display : release fence dup failed: Bad file descriptor
07-01 21:44:19.528  3093  3114 E         : invalid gralloc handle (at 0x7fb5d6b300)
07-01 21:44:19.528  3093  3114 E         : Runtime and build version of gralloc private structure does not match. Errors will likely follow.
07-01 21:44:19.542  2920  2920 W display : release fence dup failed: Bad file descriptor
07-01 21:44:19.562  3093  3114 E         : invalid gralloc handle (at 0x7fb5d6b380)
07-01 21:44:19.562  3093  3114 E         : Runtime and build version of gralloc private structure does not match. Errors will likely follow.
07-01 21:44:19.576  2920  2920 W display : release fence dup failed: Bad file descriptor
07-01 21:44:19.595  3093  3114 E         : invalid gralloc handle (at 0x7fb5d6b400)
07-01 21:44:19.595  3093  3114 E         : Runtime and build version of gralloc private structure does not match. Errors will likely follow.
07-01 21:44:19.610  2920  2920 W display : release fence dup failed: Bad file descriptor
07-01 21:44:19.629  3093  3114 E         : invalid gralloc handle (at 0x7fb5d6b300)
07-01 21:44:19.629  3093  3114 E         : Runtime and build version of gralloc private structure does not match. Errors will likely follow.
07-01 21:44:19.640  3440  3440 I art     : Thread[1,tid=3440,Native,Thread*=0x7f8b77ba00,peer=0x12c532e0,"main"] recursive attempt to load library "/system/lib64/libmedia_jni.so"
07-01 21:44:19.641  3440  3440 D MtpDeviceJNI: register_android_mtp_MtpDevice
07-01 21:44:19.641  3440  3440 I art     : Thread[1,tid=3440,Native,Thread*=0x7f8b77ba00,peer=0x12c532e0,"main"] recursive attempt to load library "/system/lib64/libmedia_jni.so"
07-01 21:44:19.641  3440  3440 I art     : Thread[1,tid=3440,Native,Thread*=0x7f8b77ba00,peer=0x12c532e0,"main"] recursive attempt to load library "/system/lib64/libmedia_jni.so"
07-01 21:44:19.644  2920  2920 W display : release fence dup failed: Bad file descriptor
07-01 21:44:19.662  3093  3114 E         : invalid gralloc handle (at 0x7fb5d6b380)
07-01 21:44:19.662  3093  3114 E         : Runtime and build version of gralloc private structure does not match. Errors will likely follow.
07-01 21:44:19.678  2920  2920 W display : release fence dup failed: Bad file descriptor
07-01 21:44:19.696  3093  3114 E         : invalid gralloc handle (at 0x7fb5d6b400)
07-01 21:44:19.696  3093  3114 E         : Runtime and build version of gralloc private structure does not match. Errors will likely follow.
07-01 21:44:19.712  2920  2920 W display : release fence dup failed: Bad file descriptor
07-01 21:44:19.729  3093  3114 E         : invalid gralloc handle (at 0x7fb5d6b300)
07-01 21:44:19.729  3093  3114 E         : Runtime and build version of gralloc private structure does not match. Errors will likely follow.
07-01 21:44:19.746  2920  2920 W display : release fence dup failed: Bad file descriptor
07-01 21:44:19.763  3093  3114 E         : invalid gralloc handle (at 0x7fb5d6b380)
07-01 21:44:19.763  3093  3114 E         : Runtime and build version of gralloc private structure does not match. Errors will likely follow.
07-01 21:44:19.780  2920  2920 W display : release fence dup failed: Bad file descriptor
07-01 21:44:19.796  3093  3114 E         : invalid gralloc handle (at 0x7fb5d6b400)
07-01 21:44:19.796  3093  3114 E         : Runtime and build version of gralloc private structure does not match. Errors will likely follow.
07-01 21:44:19.814  2920  2920 W display : release fence dup failed: Bad file descriptor
07-01 21:44:19.830  3093  3114 E         : invalid gralloc handle (at 0x7fb5d6b300)
07-01 21:44:19.830  3093  3114 E         : Runtime and build version of gralloc private structure does not match. Errors will likely follow.
07-01 21:44:19.847  2920  2920 W display : release fence dup failed: Bad file descriptor
07-01 21:44:19.863  3093  3114 E         : invalid gralloc handle (at 0x7fb5d6b380)
07-01 21:44:19.863  3093  3114 E         : Runtime and build version of gralloc private structure does not match. Errors will likely follow.
07-01 21:44:19.881  2920  2920 W display : release fence dup failed: Bad file descriptor
07-01 21:44:19.897  3093  3114 E         : invalid gralloc handle (at 0x7fb5d6b400)
07-01 21:44:19.897  3093  3114 E         : Runtime and build version of gralloc private structure does not match. Errors will likely follow.
07-01 21:44:19.915  2920  2920 W display : release fence dup failed: Bad file descriptor
07-01 21:44:19.930  3093  3114 E         : invalid gralloc handle (at 0x7fb5d6b300)
07-01 21:44:19.930  3093  3114 E         : Runtime and build version of gralloc private structure does not match. Errors will likely follow.
07-01 21:44:19.949  2920  2920 W display : release fence dup failed: Bad file descriptor
07-01 21:44:19.964  3093  3114 E         : invalid gralloc handle (at 0x7fb5d6b380)
07-01 21:44:19.964  3093  3114 E         : Runtime and build version of gralloc private structure does not match. Errors will likely follow.
07-01 21:44:19.983  2920  2920 W display : release fence dup failed: Bad file descriptor
07-01 21:44:19.997  3093  3114 E         : invalid gralloc handle (at 0x7fb5d6b400)
07-01 21:44:19.997  3093  3114 E         : Runtime and build version of gralloc private structure does not match. Errors will likely follow.
07-01 21:44:20.000  2920  2920 W display : release fence dup failed: Bad file descriptor
07-01 21:44:20.030  3093  3114 E         : invalid gralloc handle (at 0x7fb5d6b300)
07-01 21:44:20.031  3093  3114 E         : Runtime and build version of gralloc private structure does not match. Errors will likely follow.
07-01 21:44:20.034  2920  2920 W display : release fence dup failed: Bad file descriptor
07-01 21:44:20.064  3093  3114 E         : invalid gralloc handle (at 0x7fb5d6b380)
07-01 21:44:20.064  3093  3114 E         : Runtime and build version of gralloc private structure does not match. Errors will likely follow.
07-01 21:44:20.068  2920  2920 W display : release fence dup failed: Bad file descriptor
07-01 21:44:20.098  3093  3114 E         : invalid gralloc handle (at 0x7fb5d6b400)
07-01 21:44:20.098  3093  3114 E         : Runtime and build version of gralloc private structure does not match. Errors will likely follow.
07-01 21:44:20.102  2920  2920 W display : release fence dup failed: Bad file descriptor
07-01 21:44:20.131  3093  3114 E         : invalid gralloc handle (at 0x7fb5d6b300)
07-01 21:44:20.131  3093  3114 E         : Runtime and build version of gralloc private structure does not match. Errors will likely follow.
07-01 21:44:20.136  2920  2920 W display : release fence dup failed: Bad file descriptor
07-01 21:44:20.146  3440  3440 W System  : ClassLoader referenced unknown path: /system/framework/tcmclient.jar
07-01 21:44:20.164  3093  3114 E         : invalid gralloc handle (at 0x7fb5d6b380)
07-01 21:44:20.164  3093  3114 E         : Runtime and build version of gralloc private structure does not match. Errors will likely follow.
07-01 21:44:20.169  2920  2920 W display : release fence dup failed: Bad file descriptor
07-01 21:44:20.198  3093  3114 E         : invalid gralloc handle (at 0x7fb5d6b400)
07-01 21:44:20.198  3093  3114 E         : Runtime and build version of gralloc private structure does not match. Errors will likely follow.
07-01 21:44:20.203  2920  2920 W display : release fence dup failed: Bad file descriptor
07-01 21:44:20.231  3093  3114 E         : invalid gralloc handle (at 0x7fb5d6b300)
07-01 21:44:20.231  3093  3114 E         : Runtime and build version of gralloc private structure does not match. Errors will likely follow.
07-01 21:44:20.237  2920  2920 W display : release fence dup failed: Bad file descriptor
07-01 21:44:20.265  3093  3114 E         : invalid gralloc handle (at 0x7fb5d6b380)
07-01 21:44:20.265  3093  3114 E         : Runtime and build version of gralloc private structure does not match. Errors will likely follow.
07-01 21:44:20.271  2920  2920 W display : release fence dup failed: Bad file descriptor
07-01 21:44:20.298  3093  3114 E         : invalid gralloc handle (at 0x7fb5d6b400)
07-01 21:44:20.298  3093  3114 E         : Runtime and build version of gralloc private structure does not match. Errors will likely follow.
07-01 21:44:20.305  2920  2920 W display : release fence dup failed: Bad file descriptor
07-01 21:44:20.332  3093  3114 E         : invalid gralloc handle (at 0x7fb5d6b300)
07-01 21:44:20.332  3093  3114 E         : Runtime and build version of gralloc private structure does not match. Errors will likely follow.
07-01 21:44:20.339  2920  2920 W display : release fence dup failed: Bad file descriptor
07-01 21:44:20.365  3093  3114 E         : invalid gralloc handle (at 0x7fb5d6b380)
07-01 21:44:20.365  3093  3114 E         : Runtime and build version of gralloc private structure does not match. Errors will likely follow.
07-01 21:44:20.373  2920  2920 W display : release fence dup failed: Bad file descriptor
07-01 21:44:20.399  3093  3114 E         : invalid gralloc handle (at 0x7fb5d6b400)
07-01 21:44:20.399  3093  3114 E         : Runtime and build version of gralloc private structure does not match. Errors will likely follow.
07-01 21:44:20.407  2920  2920 W display : release fence dup failed: Bad file descriptor
07-01 21:44:20.432  3093  3114 E         : invalid gralloc handle (at 0x7fb5d6b300)
07-01 21:44:20.432  3093  3114 E         : Runtime and build version of gralloc private structure does not match. Errors will likely follow.
07-01 21:44:20.441  2920  2920 W display : release fence dup failed: Bad file descriptor
07-01 21:44:20.466  3093  3114 E         : invalid gralloc handle (at 0x7fb5d6b380)
07-01 21:44:20.466  3093  3114 E         : Runtime and build version of gralloc private structure does not match. Errors will likely follow.
07-01 21:44:20.471  3440  3440 I System  : Loaded time zone names for "" in 18ms (17ms in ICU)
07-01 21:44:20.475  2920  2920 W display : release fence dup failed: Bad file descriptor
07-01 21:44:20.499  3093  3114 E         : invalid gralloc handle (at 0x7fb5d6b400)
07-01 21:44:20.499  3093  3114 E         : Runtime and build version of gralloc private structure does not match. Errors will likely follow.
07-01 21:44:20.503  3440  3440 I System  : Loaded time zone names for "en_US" in 32ms (11ms in ICU)
07-01 21:44:20.508  2920  2920 W display : release fence dup failed: Bad file descriptor
07-01 21:44:20.533  3093  3114 E         : invalid gralloc handle (at 0x7fb5d6b300)
07-01 21:44:20.533  3093  3114 E         : Runtime and build version of gralloc private structure does not match. Errors will likely follow.
07-01 21:44:20.542  2920  2920 W display : release fence dup failed: Bad file descriptor
07-01 21:44:20.566  3093  3114 E         : invalid gralloc handle (at 0x7fb5d6b380)
07-01 21:44:20.566  3093  3114 E         : Runtime and build version of gralloc private structure does not match. Errors will likely follow.
07-01 21:44:20.576  2920  2920 W display : release fence dup failed: Bad file descriptor
07-01 21:44:20.600  3093  3114 E         : invalid gralloc handle (at 0x7fb5d6b400)
07-01 21:44:20.600  3093  3114 E         : Runtime and build version of gralloc private structure does not match. Errors will likely follow.
07-01 21:44:20.610  2920  2920 W display : release fence dup failed: Bad file descriptor
07-01 21:44:20.633  3093  3114 E         : invalid gralloc handle (at 0x7fb5d6b300)
07-01 21:44:20.633  3093  3114 E         : Runtime and build version of gralloc private structure does not match. Errors will likely follow.
07-01 21:44:20.644  2920  2920 W display : release fence dup failed: Bad file descriptor
07-01 21:44:20.670  3440  3440 I Zygote  : ...preloaded 3831 classes in 2090ms.
07-01 21:44:20.670  3440  3440 I art     : VMRuntime.preloadDexCaches starting
07-01 21:44:20.671  3093  3114 E         : invalid gralloc handle (at 0x7fb5d6b380)
07-01 21:44:20.671  3093  3114 E         : Runtime and build version of gralloc private structure does not match. Errors will likely follow.
07-01 21:44:20.678  2920  2920 W display : release fence dup failed: Bad file descriptor
07-01 21:44:20.700  3093  3114 E         : invalid gralloc handle (at 0x7fb5d6b400)
07-01 21:44:20.700  3093  3114 E         : Runtime and build version of gralloc private structure does not match. Errors will likely follow.
07-01 21:44:20.703  3440  3440 I art     : VMRuntime.preloadDexCaches strings total=248969 before=10083 after=10083
07-01 21:44:20.703  3440  3440 I art     : VMRuntime.preloadDexCaches types total=20332 before=8245 after=9836
07-01 21:44:20.703  3440  3440 I art     : VMRuntime.preloadDexCaches fields total=100378 before=35761 after=47726
07-01 21:44:20.703  3440  3440 I art     : VMRuntime.preloadDexCaches methods total=172817 before=67604 after=83308
07-01 21:44:20.703  3440  3440 I art     : VMRuntime.preloadDexCaches finished
07-01 21:44:20.712  2920  2920 W display : release fence dup failed: Bad file descriptor
07-01 21:44:20.716  3711  3711 D idmap   : error: no read access to /vendor/overlay: No such file or directory
07-01 21:44:20.719  3440  3440 I Zygote  : Preloading resources...
07-01 21:44:20.734  3093  3114 E         : invalid gralloc handle (at 0x7fb5d6b300)
07-01 21:44:20.734  3093  3114 E         : Runtime and build version of gralloc private structure does not match. Errors will likely follow.
07-01 21:44:20.746  2920  2920 W display : release fence dup failed: Bad file descriptor
07-01 21:44:20.767  3093  3114 E         : invalid gralloc handle (at 0x7fb5d6b380)
07-01 21:44:20.767  3093  3114 E         : Runtime and build version of gralloc private structure does not match. Errors will likely follow.
07-01 21:44:20.780  2920  2920 W display : release fence dup failed: Bad file descriptor
07-01 21:44:20.801  3093  3114 E         : invalid gralloc handle (at 0x7fb5d6b400)
07-01 21:44:20.801  3093  3114 E         : Runtime and build version of gralloc private structure does not match. Errors will likely follow.
07-01 21:44:20.814  2920  2920 W display : release fence dup failed: Bad file descriptor
07-01 21:44:20.834  3093  3114 E         : invalid gralloc handle (at 0x7fb5d6b300)
07-01 21:44:20.834  3093  3114 E         : Runtime and build version of gralloc private structure does not match. Errors will likely follow.
07-01 21:44:20.847  2920  2920 W display : release fence dup failed: Bad file descriptor
07-01 21:44:20.868  3093  3114 E         : invalid gralloc handle (at 0x7fb5d6b380)
07-01 21:44:20.868  3093  3114 E         : Runtime and build version of gralloc private structure does not match. Errors will likely follow.
07-01 21:44:20.881  2920  2920 W display : release fence dup failed: Bad file descriptor
07-01 21:44:20.901  3093  3114 E         : invalid gralloc handle (at 0x7fb5d6b400)
07-01 21:44:20.901  3093  3114 E         : Runtime and build version of gralloc private structure does not match. Errors will likely follow.
07-01 21:44:20.915  2920  2920 W display : release fence dup failed: Bad file descriptor
07-01 21:44:20.934  3093  3114 E         : invalid gralloc handle (at 0x7fb5d6b300)
07-01 21:44:20.934  3093  3114 E         : Runtime and build version of gralloc private structure does not match. Errors will likely follow.
07-01 21:44:20.949  2920  2920 W display : release fence dup failed: Bad file descriptor
07-01 21:44:20.968  3093  3114 E         : invalid gralloc handle (at 0x7fb5d6b380)
07-01 21:44:20.968  3093  3114 E         : Runtime and build version of gralloc private structure does not match. Errors will likely follow.
07-01 21:44:20.983  2920  2920 W display : release fence dup failed: Bad file descriptor
07-01 21:44:21.001  3093  3114 E         : invalid gralloc handle (at 0x7fb5d6b400)
07-01 21:44:21.001  3093  3114 E         : Runtime and build version of gralloc private structure does not match. Errors will likely follow.
07-01 21:44:21.017  2920  2920 W display : release fence dup failed: Bad file descriptor
07-01 21:44:21.035  3093  3114 E         : invalid gralloc handle (at 0x7fb5d6b300)
07-01 21:44:21.035  3093  3114 E         : Runtime and build version of gralloc private structure does not match. Errors will likely follow.
07-01 21:44:21.051  2920  2920 W display : release fence dup failed: Bad file descriptor
07-01 21:44:21.068  3093  3114 E         : invalid gralloc handle (at 0x7fb5d6b380)
07-01 21:44:21.068  3093  3114 E         : Runtime and build version of gralloc private structure does not match. Errors will likely follow.
07-01 21:44:21.085  2920  2920 W display : release fence dup failed: Bad file descriptor
07-01 21:44:21.099  3440  3440 I Zygote  : ...preloaded 342 resources in 379ms.
07-01 21:44:21.102  3093  3114 E         : invalid gralloc handle (at 0x7fb5d6b400)
07-01 21:44:21.102  3093  3114 E         : Runtime and build version of gralloc private structure does not match. Errors will likely follow.
07-01 21:44:21.108  3440  3440 I Zygote  : ...preloaded 41 resources in 9ms.
07-01 21:44:21.115  3440  3440 D libEGL  : loaded /vendor/lib64/egl/libGLES_mali.so
07-01 21:44:21.119  2920  2920 W display : release fence dup failed: Bad file descriptor
07-01 21:44:21.122  3440  3440 I Zygote  : Preloading shared libraries...
07-01 21:44:21.129  3440  3440 D Zygote  : end preload
07-01 21:44:21.129  3440  3440 I art     : Starting a blocking GC Explicit
07-01 21:44:21.135  3093  3114 E         : invalid gralloc handle (at 0x7fb5d6b300)
07-01 21:44:21.135  3093  3114 E         : Runtime and build version of gralloc private structure does not match. Errors will likely follow.
07-01 21:44:21.140  3440  3440 I art     : Explicit concurrent mark sweep GC freed 11418(461KB) AllocSpace objects, 0(0B) LOS objects, 35% free, 29MB/45MB, paused 54us total 10.898ms
07-01 21:44:21.150  3440  3440 I art     : Starting a blocking GC Explicit
07-01 21:44:21.152  2920  2920 W display : release fence dup failed: Bad file descriptor
07-01 21:44:21.159  3440  3440 I art     : Explicit concurrent mark sweep GC freed 2696(126KB) AllocSpace objects, 0(0B) LOS objects, 35% free, 28MB/44MB, paused 41us total 8.786ms
07-01 21:44:21.159  3440  3467 I art     : Starting a blocking GC HeapTrim
07-01 21:44:21.160  3440  3440 I art     : Starting a blocking GC Background
07-01 21:44:21.169  3093  3114 E         : invalid gralloc handle (at 0x7fb5d6b380)
07-01 21:44:21.169  3093  3114 E         : Runtime and build version of gralloc private structure does not match. Errors will likely follow.
07-01 21:44:21.186  2920  2920 W display : release fence dup failed: Bad file descriptor
07-01 21:44:21.202  3093  3114 E         : invalid gralloc handle (at 0x7fb5d6b400)
07-01 21:44:21.202  3093  3114 E         : Runtime and build version of gralloc private structure does not match. Errors will likely follow.
07-01 21:44:21.207  3440  3440 I Zygote  : System server process 3712 has been created
07-01 21:44:21.209  3440  3440 I Zygote  : Accepting command socket connections
07-01 21:44:21.220  2920  2920 W display : release fence dup failed: Bad file descriptor
07-01 21:44:21.224  3712  3712 I Zygote  : Process: zygote socket opened, supported ABIS: armeabi-v7a,armeabi
07-01 21:44:21.225  3712  3712 I InstallerConnection: connecting...
07-01 21:44:21.225  2932  2932 I installd: new connection
07-01 21:44:21.226  3712  3712 I InstallerConnection: disconnecting...
07-01 21:44:21.227  2932  2932 E installd: eof
07-01 21:44:21.227  2932  2932 E installd: failed to read size
07-01 21:44:21.227  2932  2932 I installd: closing connection
07-01 21:44:21.236  3093  3114 E         : invalid gralloc handle (at 0x7fb5d6b300)
07-01 21:44:21.236  3093  3114 E         : Runtime and build version of gralloc private structure does not match. Errors will likely follow.
07-01 21:44:21.254  2920  2920 W display : release fence dup failed: Bad file descriptor
07-01 21:44:21.261  3712  3712 I SystemServer: Entered the Android system server!
07-01 21:44:21.269  3093  3114 E         : invalid gralloc handle (at 0x7fb5d6b380)
07-01 21:44:21.269  3093  3114 E         : Runtime and build version of gralloc private structure does not match. Errors will likely follow.
07-01 21:44:21.288  2920  2920 W display : release fence dup failed: Bad file descriptor
07-01 21:44:21.301  3712  3712 I SystemServiceManager: Starting com.android.server.pm.Installer
07-01 21:44:21.302  3712  3712 I Installer: Waiting for installd to be ready.
07-01 21:44:21.302  3712  3712 I InstallerConnection: connecting...
07-01 21:44:21.302  2932  2932 I installd: new connection
07-01 21:44:21.303  3712  3712 I SystemServiceManager: Starting com.android.server.am.ActivityManagerService$Lifecycle
07-01 21:44:21.303  3093  3114 E         : invalid gralloc handle (at 0x7fb5d6b400)
07-01 21:44:21.303  3093  3114 E         : Runtime and build version of gralloc private structure does not match. Errors will likely follow.
07-01 21:44:21.305  2920  2920 W display : release fence dup failed: Bad file descriptor
07-01 21:44:21.336  3093  3114 E         : invalid gralloc handle (at 0x7fb5d6b300)
07-01 21:44:21.336  3093  3114 E         : Runtime and build version of gralloc private structure does not match. Errors will likely follow.
07-01 21:44:21.339  2920  2920 W display : release fence dup failed: Bad file descriptor
07-01 21:44:21.369  3093  3114 E         : invalid gralloc handle (at 0x7fb5d6b380)
07-01 21:44:21.369  3093  3114 E         : Runtime and build version of gralloc private structure does not match. Errors will likely follow.
07-01 21:44:21.373  2920  2920 W display : release fence dup failed: Bad file descriptor
07-01 21:44:21.383  3712  3712 I XXXXXX  : choosing minFree values for 64 Bit
07-01 21:44:21.383  3712  3712 I XXXXXX  : choosing minFree values for 64 Bit
07-01 21:44:21.383  3712  3712 I XXXXXX  : choosing minFree values for 64 Bit
07-01 21:44:21.383  3712  3712 I XXXXXX  : choosing minFree values for 64 Bit
07-01 21:44:21.383  3712  3712 I XXXXXX  : choosing minFree values for 64 Bit
07-01 21:44:21.383  3712  3712 I XXXXXX  : choosing minFree values for 64 Bit
07-01 21:44:21.389  3712  3712 I ActivityManager: Memory class: 256
07-01 21:44:21.390  3712  3727 I ServiceThread: Enabled StrictMode logging for ActivityManager looper.
07-01 21:44:21.396  3712  3728 I ServiceThread: Enabled StrictMode logging for android.ui looper.
07-01 21:44:21.403  3093  3114 E         : invalid gralloc handle (at 0x7fb5d6b400)
07-01 21:44:21.403  3093  3114 E         : Runtime and build version of gralloc private structure does not match. Errors will likely follow.
07-01 21:44:21.407  2920  2920 W display : release fence dup failed: Bad file descriptor
07-01 21:44:21.436  3093  3114 E         : invalid gralloc handle (at 0x7fb5d6b300)
07-01 21:44:21.437  3093  3114 E         : Runtime and build version of gralloc private structure does not match. Errors will likely follow.
07-01 21:44:21.441  2920  2920 W display : release fence dup failed: Bad file descriptor
07-01 21:44:21.465  3712  3712 D BatteryStatsImpl: Reading daily items from /data/system/batterystats-daily.xml
07-01 21:44:21.470  3093  3114 E         : invalid gralloc handle (at 0x7fb5d6b380)
07-01 21:44:21.470  3093  3114 E         : Runtime and build version of gralloc private structure does not match. Errors will likely follow.
07-01 21:44:21.475  2920  2920 W display : release fence dup failed: Bad file descriptor
07-01 21:44:21.499  3712  3712 I AppOps  : No existing app ops /data/system/appops.xml; starting empty
07-01 21:44:21.504  3093  3114 E         : invalid gralloc handle (at 0x7fb5d6b400)
07-01 21:44:21.504  3093  3114 E         : Runtime and build version of gralloc private structure does not match. Errors will likely follow.
07-01 21:44:21.508  2920  2920 W display : release fence dup failed: Bad file descriptor
07-01 21:44:21.537  3093  3114 E         : invalid gralloc handle (at 0x7fb5d6b300)
07-01 21:44:21.537  3093  3114 E         : Runtime and build version of gralloc private structure does not match. Errors will likely follow.
07-01 21:44:21.542  2920  2920 W display : release fence dup failed: Bad file descriptor
07-01 21:44:21.561  3712  3712 I IntentFirewall: Read new rules (A:0 B:0 S:0)
07-01 21:44:21.570  3093  3114 E         : invalid gralloc handle (at 0x7fb5d6b380)
07-01 21:44:21.570  3093  3114 E         : Runtime and build version of gralloc private structure does not match. Errors will likely follow.
07-01 21:44:21.576  2920  2920 W display : release fence dup failed: Bad file descriptor
07-01 21:44:21.583  3712  3732 I ServiceThread: Enabled StrictMode logging for android.display looper.
07-01 21:44:21.588  3712  3712 D AppOps  : AppOpsService published
07-01 21:44:21.588  3712  3712 I SystemServiceManager: Starting com.android.server.power.PowerManagerService
07-01 21:44:21.590  3712  3734 I ServiceThread: Enabled StrictMode logging for PowerManagerService looper.
07-01 21:44:21.590  3712  3712 W libsuspend: Error writing 'on' to /sys/power/state: Invalid argument
07-01 21:44:21.590  3712  3712 I libsuspend: Selected wakeup count
07-01 21:44:21.593  3712  3712 I SystemServiceManager: Starting com.android.server.lights.LightsService
07-01 21:44:21.594  3712  3712 I SystemServiceManager: Starting com.android.server.display.DisplayManagerService
07-01 21:44:21.601  3712  3712 I SystemServiceManager: Starting phase 100
07-01 21:44:21.603  2920  3042 E SurfaceFlinger: getDefaultDisplay: id=2 is not a valid default display id
07-01 21:44:21.604  3093  3114 E         : invalid gralloc handle (at 0x7fb5d6b400)
07-01 21:44:21.604  3093  3114 E         : Runtime and build version of gralloc private structure does not match. Errors will likely follow.
07-01 21:44:21.605  3712  3732 I DisplayManagerService: Display device added: DisplayDeviceInfo{"Built-in Screen": uniqueId="local:0", 1440 x 2560, modeId 1, defaultModeId 1, supportedModes [{id=1, width=1440, height=2560, fps=59.0}], colorTransformId 1, defaultColorTransformId 1, supportedColorTransforms [{id=1, colorTransform=-22}], density 640, 537.882 x 532.983 dpi, appVsyncOff 0, presDeadline 17949152, touch INTERNAL, rotation 0, type BUILT_IN, state UNKNOWN, FLAG_DEFAULT_DISPLAY, FLAG_ROTATES_WITH_CONTENT, FLAG_SECURE, FLAG_SUPPORTS_PROTECTED_BUFFERS}
07-01 21:44:21.606  2920  2920 D SurfaceFlinger: Set power mode=2, type=0 flinger=0x7fa0b03c00
07-01 21:44:21.606  2920  2920 D SurfaceFlinger: Screen type=0 is already mode=2
07-01 21:44:21.607  3712  3712 I SystemServer: Package Manager
07-01 21:44:21.607  3712  3732 I DisplayManagerService: Display device changed state: "Built-in Screen", ON
07-01 21:44:21.610  2920  2920 W display : release fence dup failed: Bad file descriptor
07-01 21:44:21.637  3093  3114 E         : invalid gralloc handle (at 0x7fb5d6b300)
07-01 21:44:21.637  3093  3114 E         : Runtime and build version of gralloc private structure does not match. Errors will likely follow.
07-01 21:44:21.644  2920  2920 W display : release fence dup failed: Bad file descriptor
07-01 21:44:21.671  3093  3114 E         : invalid gralloc handle (at 0x7fb5d6b380)
07-01 21:44:21.671  3093  3114 E         : Runtime and build version of gralloc private structure does not match. Errors will likely follow.
07-01 21:44:21.678  2920  2920 W display : release fence dup failed: Bad file descriptor
07-01 21:44:21.704  3093  3114 E         : invalid gralloc handle (at 0x7fb5d6b400)
07-01 21:44:21.704  3093  3114 E         : Runtime and build version of gralloc private structure does not match. Errors will likely follow.
07-01 21:44:21.706  3712  3712 W SystemConfig: No directory /system/etc/sysconfig, skipping
07-01 21:44:21.712  2920  2920 W display : release fence dup failed: Bad file descriptor
07-01 21:44:21.738  3093  3114 E         : invalid gralloc handle (at 0x7fb5d6b300)
07-01 21:44:21.738  3093  3114 E         : Runtime and build version of gralloc private structure does not match. Errors will likely follow.
07-01 21:44:21.746  2920  2920 W display : release fence dup failed: Bad file descriptor
07-01 21:44:21.771  3093  3114 E         : invalid gralloc handle (at 0x7fb5d6b380)
07-01 21:44:21.771  3093  3114 E         : Runtime and build version of gralloc private structure does not match. Errors will likely follow.
07-01 21:44:21.780  2920  2920 W display : release fence dup failed: Bad file descriptor
07-01 21:44:21.785  3712  3712 D SELinuxMMAC: Using policy file /system/etc/security/mac_permissions.xml
07-01 21:44:21.805  3093  3114 E         : invalid gralloc handle (at 0x7fb5d6b400)
07-01 21:44:21.805  3093  3114 E         : Runtime and build version of gralloc private structure does not match. Errors will likely follow.
07-01 21:44:21.814  2920  2920 W display : release fence dup failed: Bad file descriptor
07-01 21:44:21.838  3093  3114 E         : invalid gralloc handle (at 0x7fb5d6b300)
07-01 21:44:21.838  3093  3114 E         : Runtime and build version of gralloc private structure does not match. Errors will likely follow.
07-01 21:44:21.847  2920  2920 W display : release fence dup failed: Bad file descriptor
07-01 21:44:21.872  3093  3114 E         : invalid gralloc handle (at 0x7fb5d6b380)
07-01 21:44:21.872  3093  3114 E         : Runtime and build version of gralloc private structure does not match. Errors will likely follow.
07-01 21:44:21.881  2920  2920 W display : release fence dup failed: Bad file descriptor
07-01 21:44:21.905  3093  3114 E         : invalid gralloc handle (at 0x7fb5d6b400)
07-01 21:44:21.905  3093  3114 E         : Runtime and build version of gralloc private structure does not match. Errors will likely follow.
07-01 21:44:21.915  2920  2920 W display : release fence dup failed: Bad file descriptor
07-01 21:44:21.939  3093  3114 E         : invalid gralloc handle (at 0x7fb5d6b300)
07-01 21:44:21.939  3093  3114 E         : Runtime and build version of gralloc private structure does not match. Errors will likely follow.
07-01 21:44:21.949  2920  2920 W display : release fence dup failed: Bad file descriptor
07-01 21:44:21.972  3093  3114 E         : invalid gralloc handle (at 0x7fb5d6b380)
07-01 21:44:21.972  3093  3114 E         : Runtime and build version of gralloc private structure does not match. Errors will likely follow.
07-01 21:44:21.983  2920  2920 W display : release fence dup failed: Bad file descriptor
07-01 21:44:22.006  3093  3114 E         : invalid gralloc handle (at 0x7fb5d6b400)
07-01 21:44:22.006  3093  3114 E         : Runtime and build version of gralloc private structure does not match. Errors will likely follow.
07-01 21:44:22.017  2920  2920 W display : release fence dup failed: Bad file descriptor
07-01 21:44:22.039  3093  3114 E         : invalid gralloc handle (at 0x7fb5d6b300)
07-01 21:44:22.039  3093  3114 E         : Runtime and build version of gralloc private structure does not match. Errors will likely follow.
07-01 21:44:22.051  2920  2920 W display : release fence dup failed: Bad file descriptor
07-01 21:44:22.072  3093  3114 E         : invalid gralloc handle (at 0x7fb5d6b380)
07-01 21:44:22.072  3093  3114 E         : Runtime and build version of gralloc private structure does not match. Errors will likely follow.
07-01 21:44:22.085  2920  2920 W display : release fence dup failed: Bad file descriptor
07-01 21:44:22.106  3093  3114 E         : invalid gralloc handle (at 0x7fb5d6b400)
07-01 21:44:22.106  3093  3114 E         : Runtime and build version of gralloc private structure does not match. Errors will likely follow.
07-01 21:44:22.119  2920  2920 W display : release fence dup failed: Bad file descriptor
07-01 21:44:22.140  3093  3114 E         : invalid gralloc handle (at 0x7fb5d6b300)
07-01 21:44:22.140  3093  3114 E         : Runtime and build version of gralloc private structure does not match. Errors will likely follow.
07-01 21:44:22.152  2920  2920 W display : release fence dup failed: Bad file descriptor
07-01 21:44:22.173  3093  3114 E         : invalid gralloc handle (at 0x7fb5d6b380)
07-01 21:44:22.173  3093  3114 E         : Runtime and build version of gralloc private structure does not match. Errors will likely follow.
07-01 21:44:22.186  2920  2920 W display : release fence dup failed: Bad file descriptor
07-01 21:44:22.207  3093  3114 E         : invalid gralloc handle (at 0x7fb5d6b400)
07-01 21:44:22.207  3093  3114 E         : Runtime and build version of gralloc private structure does not match. Errors will likely follow.
07-01 21:44:22.220  2920  2920 W display : release fence dup failed: Bad file descriptor
07-01 21:44:22.240  3093  3114 E         : invalid gralloc handle (at 0x7fb5d6b300)
07-01 21:44:22.240  3093  3114 E         : Runtime and build version of gralloc private structure does not match. Errors will likely follow.
07-01 21:44:22.254  2920  2920 W display : release fence dup failed: Bad file descriptor
07-01 21:44:22.274  3093  3114 E         : invalid gralloc handle (at 0x7fb5d6b380)
07-01 21:44:22.274  3093  3114 E         : Runtime and build version of gralloc private structure does not match. Errors will likely follow.
07-01 21:44:22.288  2920  2920 W display : release fence dup failed: Bad file descriptor
07-01 21:44:22.307  3093  3114 E         : invalid gralloc handle (at 0x7fb5d6b400)
07-01 21:44:22.307  3093  3114 E         : Runtime and build version of gralloc private structure does not match. Errors will likely follow.
07-01 21:44:22.322  2920  2920 W display : release fence dup failed: Bad file descriptor
07-01 21:44:22.340  3093  3114 E         : invalid gralloc handle (at 0x7fb5d6b300)
