12-13 19:54:38.842  3877  4103 I LatinIME:LogUtils: Dictionary info: dictionary = main:fi ; version = 44 ; date = 1393228135
12-13 19:54:38.843  3877  4103 I LatinIME:LogUtils: Dictionary info: dictionary = main:uk ; version = 1 ; date = 1376495808
12-13 19:54:38.856  3877  4103 I LatinIME:LogUtils: Dictionary info: dictionary = main:el ; version = 44 ; date = 1393228134
12-13 19:54:38.857  3877  4103 I LatinIME:LogUtils: Dictionary info: dictionary = main:nl ; version = 44 ; date = 1393228136
12-13 19:54:38.861  3877  4103 I LatinIME:LogUtils: Dictionary info: dictionary = main:fr ; version = 54 ; date = 1414726264
12-13 19:54:38.862  3877  4103 I LatinIME:LogUtils: Dictionary info: dictionary = main:hr ; version = 44 ; date = 1393228135
12-13 19:54:38.863  3877  4103 I LatinIME:LogUtils: Dictionary info: dictionary = main:cs ; version = 44 ; date = 1393228134
12-13 19:54:38.863  3877  4103 I LatinIME:LogUtils: Dictionary info: dictionary = main:es ; version = 54 ; date = 1414726268
12-13 19:54:38.864  3877  4103 I LatinIME:LogUtils: Dictionary info: dictionary = main:it ; version = 54 ; date = 1414726258
12-13 19:54:38.865  3877  4103 I LatinIME:LogUtils: Dictionary info: dictionary = main:ru ; version = 54 ; date = 1414726277
12-13 19:54:38.890  3877  4103 I LatinIME:LogUtils: Dictionary info: dictionary = main:sv ; version = 44 ; date = 1393228154
12-13 19:54:38.923  3906  3906 D TelephonyProvider: Regional apns file not found
12-13 19:54:38.927  3906  3906 D TelephonyProvider: dbh.onCreate:- db=SQLiteDatabase: /data/user/0/com.android.providers.telephony/databases/telephony.db
12-13 19:54:38.927  3877  4103 I LatinIME:LogUtils: Dictionary info: dictionary = main:iw ; version = 44 ; date = 1393228136
12-13 19:54:38.935  3877  4103 I LatinIME:LogUtils: Dictionary info: dictionary = main:en ; version = 54 ; date = 1414726273
12-13 19:54:38.936  3877  4103 I BinaryDictionaryFileDumper: reinitializeClientRecordInDictionaryContentProvider() : Insert DictionaryInfo : Id = 'main:da' : Locale=da : Version=44
12-13 19:54:38.966  4276  4276 W WakefulBroadcastReceiver: No active wake lock id #1
12-13 19:54:38.999  3877  4103 I BinaryDictionaryFileDumper: reinitializeClientRecordInDictionaryContentProvider() : Insert DictionaryInfo : Id = 'main:lb' : Locale=lb : Version=1
12-13 19:54:39.007  3906  3906 D TelephonyProvider: dbh.onOpen: ok, queried table=siminfo
12-13 19:54:39.008  3906  3906 D TelephonyProvider: dbh.onOpen: ok, queried table=carriers
12-13 19:54:39.009  3906  3906 D TelephonyProvider: onCreate: build id changed from  to MOB31K
12-13 19:54:39.055  4215  4271 W art     : Long monitor contention event with owner method=void com.android.mail.preferences.VersionedPrefs.<init>(android.content.Context, java.lang.String) from VersionedPrefs.java:4294967295 waiters=0 for 1.195s
12-13 19:54:39.055  4215  4274 W art     : Long monitor contention event with owner method=void com.android.mail.preferences.VersionedPrefs.<init>(android.content.Context, java.lang.String) from VersionedPrefs.java:4294967295 waiters=1 for 1.201s
12-13 19:54:39.055  4215  4215 W art     : Long monitor contention event with owner method=void com.android.mail.preferences.VersionedPrefs.<init>(android.content.Context, java.lang.String) from VersionedPrefs.java:4294967295 waiters=2 for 1.199s
12-13 19:54:39.055  4215  4266 W art     : Long monitor contention event with owner method=void com.android.mail.preferences.VersionedPrefs.<init>(android.content.Context, java.lang.String) from VersionedPrefs.java:4294967295 waiters=3 for 1.199s
12-13 19:54:39.055  4215  4268 W art     : Long monitor contention event with owner method=void com.android.mail.preferences.VersionedPrefs.<init>(android.content.Context, java.lang.String) from VersionedPrefs.java:4294967295 waiters=4 for 1.199s
12-13 19:54:39.056  4215  4270 W art     : Long monitor contention event with owner method=void com.android.mail.preferences.VersionedPrefs.<init>(android.content.Context, java.lang.String) from VersionedPrefs.java:4294967295 waiters=5 for 1.199s
12-13 19:54:39.067  3877  4103 I BinaryDictionaryFileDumper: reinitializeClientRecordInDictionaryContentProvider() : Insert DictionaryInfo : Id = 'main:nb' : Locale=nb : Version=44
12-13 19:54:39.069  3340  3620 W ActivityManager: Unable to start service Intent { cmp=com.android.email/.service.AttachmentService } U=0: not found
12-13 19:54:39.069  3340  3619 W ActivityManager: Unable to start service Intent { cmp=com.android.email/.service.AttachmentService } U=0: not found
12-13 19:54:39.069  3340  3957 W ActivityManager: Unable to start service Intent { cmp=com.android.email/.service.AttachmentService } U=0: not found
12-13 19:54:39.070  3340  3539 W ActivityManager: Unable to start service Intent { cmp=com.android.email/.service.AttachmentService } U=0: not found
12-13 19:54:39.070  3340  3983 W ActivityManager: Unable to start service Intent { cmp=com.android.email/.service.AttachmentService } U=0: not found
12-13 19:54:39.074  4215  4269 W art     : Long monitor contention event with owner method=com.google.common.collect.ImmutableList$Builder com.google.common.collect.ImmutableList.builder() from ImmutableList.java:611 waiters=0 for 1.226s
12-13 19:54:39.074  4119  4119 I Exchange: EasService.onCreate
12-13 19:54:39.075  4215  4329 I Email   : Observing account changes for notifications
12-13 19:54:39.076  3340  3618 W ActivityManager: Unable to start service Intent { cmp=com.android.email/.service.AttachmentService } U=0: not found
12-13 19:54:39.076  3340  3539 W ActivityManager: Unable to start service Intent { cmp=com.android.email/.service.AttachmentService } U=0: not found
12-13 19:54:39.077  3340  3985 W ActivityManager: Unable to start service Intent { cmp=com.android.email/.service.AttachmentService } U=0: not found
12-13 19:54:39.081  4215  4273 W art     : Long monitor contention event with owner method=com.google.common.collect.ImmutableList$Builder com.google.common.collect.ImmutableList.builder() from ImmutableList.java:611 waiters=1 for 1.233s
12-13 19:54:39.084  4215  4267 W art     : Long monitor contention event with owner method=com.google.common.collect.ImmutableList$Builder com.google.common.collect.ImmutableList.builder() from ImmutableList.java:611 waiters=2 for 1.236s
12-13 19:54:39.095  4119  4331 I Exchange: RestartPingTask
12-13 19:54:39.099  4119  4119 I Exchange: RestartPingsTask did not start any pings.
12-13 19:54:39.101  4119  4119 I Exchange: PSS stopIfIdle
12-13 19:54:39.101  4119  4119 I Exchange: PSS has no active accounts; stopping service.
12-13 19:54:39.102  3906  3906 D TelephonyProvider: No APNs in OEM image = /oem/telephony/apns-conf.xml Load APNs from system image
12-13 19:54:39.102  3906  3906 D TelephonyProvider: No APNs in OEM image = /data/misc/apns-conf.xml Load APNs from system image
12-13 19:54:39.102  3906  3906 D TelephonyProvider: confFile = /system/etc/apns-conf.xml
12-13 19:54:39.103  4119  4119 I Exchange: onDestroy
12-13 19:54:39.118  3877  4103 I BinaryDictionaryFileDumper: reinitializeClientRecordInDictionaryContentProvider() : Insert DictionaryInfo : Id = 'main:de' : Locale=de : Version=54
12-13 19:54:39.196  3877  4103 I BinaryDictionaryFileDumper: reinitializeClientRecordInDictionaryContentProvider() : Insert DictionaryInfo : Id = 'main:bg' : Locale=bg : Version=1
12-13 19:54:39.228  3877  4103 I BinaryDictionaryFileDumper: reinitializeClientRecordInDictionaryContentProvider() : Insert DictionaryInfo : Id = 'main:fi' : Locale=fi : Version=44
12-13 19:54:39.304  3877  4103 I BinaryDictionaryFileDumper: reinitializeClientRecordInDictionaryContentProvider() : Insert DictionaryInfo : Id = 'main:uk' : Locale=uk : Version=1
12-13 19:54:39.316  4072  4336 D OpenGLRenderer: Use EGL_SWAP_BEHAVIOR_PRESERVED: true
12-13 19:54:39.320  4072  4072 I TextToSpeech: Connected to ComponentInfo{com.svox.pico/com.svox.pico.PicoService}
12-13 19:54:39.322  4072  4338 I TextToSpeech: Set up connection to ComponentInfo{com.svox.pico/com.svox.pico.PicoService}
12-13 19:54:39.365  3877  4103 I BinaryDictionaryFileDumper: reinitializeClientRecordInDictionaryContentProvider() : Insert DictionaryInfo : Id = 'main:el' : Locale=el : Version=44
12-13 19:54:39.420  3877  4103 I BinaryDictionaryFileDumper: reinitializeClientRecordInDictionaryContentProvider() : Insert DictionaryInfo : Id = 'main:nl' : Locale=nl : Version=44
12-13 19:54:39.423  4072  4336 I OpenGLRenderer: Initialized EGL, version 1.4
12-13 19:54:39.429  4072  4336 D mali_winsys: EGLint new_window_surface(egl_winsys_display*, void*, EGLSurface, EGLConfig, egl_winsys_surface**, egl_color_buffer_format*, EGLBoolean) returns 0x3000,  [1440x2560]-format:1
12-13 19:54:39.468  3877  4103 I BinaryDictionaryFileDumper: reinitializeClientRecordInDictionaryContentProvider() : Insert DictionaryInfo : Id = 'main:fr' : Locale=fr : Version=54
12-13 19:54:39.523  3340  3359 I ActivityManager: Displayed com.cyanogenmod.setupwizard/.ui.SetupWizardActivity: +2s374ms (total +2s557ms)
12-13 19:54:39.535  3340  3354 V KeyguardServiceDelegate: *** Keyguard started
12-13 19:54:39.535  3340  3340 V KeyguardServiceDelegate: *** Keyguard connected (yay!)
12-13 19:54:39.537  3340  3354 I Sensors : Acc old sensor_state 0, new sensor_state : 1 en : 1
12-13 19:54:39.547  3340  3354 V KeyguardServiceDelegate: onStartedWakingUp()
12-13 19:54:39.547  3340  3354 V KeyguardServiceDelegate: onScreenTurnedOn(showListener = com.android.server.policy.PhoneWindowManager$2@d8ae15)
12-13 19:54:39.547  3340  3354 V KeyguardServiceDelegate: onScreenTurnedOn()
12-13 19:54:39.548  3877  4103 I BinaryDictionaryFileDumper: reinitializeClientRecordInDictionaryContentProvider() : Insert DictionaryInfo : Id = 'main:hr' : Locale=hr : Version=44
12-13 19:54:39.548  3340  3618 V KeyguardServiceDelegate: **** SHOWN CALLED ****
12-13 19:54:39.564  2934  3015 I SurfaceFlinger: Boot is finished (12643 ms)
12-13 19:54:39.565  3623  3623 D PhoneStatusBar: disable: < EXPAND ICONS ALERTS system_info back* HOME RECENT clock SEARCH quick_settings >
12-13 19:54:39.568  3340  3618 V KeyguardServiceDelegate: **** SHOWN CALLED ****
12-13 19:54:39.602  3877  4103 I BinaryDictionaryFileDumper: reinitializeClientRecordInDictionaryContentProvider() : Insert DictionaryInfo : Id = 'main:cs' : Locale=cs : Version=44
12-13 19:54:39.665  3877  4103 I BinaryDictionaryFileDumper: reinitializeClientRecordInDictionaryContentProvider() : Insert DictionaryInfo : Id = 'main:es' : Locale=es : Version=54
12-13 19:54:39.727  3877  4103 I BinaryDictionaryFileDumper: reinitializeClientRecordInDictionaryContentProvider() : Insert DictionaryInfo : Id = 'main:it' : Locale=it : Version=54
12-13 19:54:39.781  3877  4103 I BinaryDictionaryFileDumper: reinitializeClientRecordInDictionaryContentProvider() : Insert DictionaryInfo : Id = 'main:ru' : Locale=ru : Version=54
12-13 19:54:39.838  2994  4214 E bt_a2dp_hw: adev_set_parameters: ERROR: set param called even when stream out is null
12-13 19:54:39.853  3877  4103 I BinaryDictionaryFileDumper: reinitializeClientRecordInDictionaryContentProvider() : Insert DictionaryInfo : Id = 'main:sv' : Locale=sv : Version=44
12-13 19:54:39.921  3877  4103 I BinaryDictionaryFileDumper: reinitializeClientRecordInDictionaryContentProvider() : Insert DictionaryInfo : Id = 'main:iw' : Locale=iw : Version=44
12-13 19:54:39.986  3877  4103 I BinaryDictionaryFileDumper: reinitializeClientRecordInDictionaryContentProvider() : Insert DictionaryInfo : Id = 'main:en' : Locale=en : Version=54
12-13 19:54:40.032  3877  4103 I BinaryDictionaryFileDumper: reinitializeClientRecordInDictionaryContentProvider() : Insert DictionaryInfo : Id = 'main:en_us' : Locale=en_US : Version=-1
12-13 19:54:40.175  3877  4103 W BinaryDictionaryFileDumper: Missing metadata.json resource
12-13 19:54:40.176  3906  3906 D TelephonyProvider: Regional apns file not found
12-13 19:54:40.179  3877  4103 I LatinIME:LogUtils: Dictionary info: dictionary = main:en ; version = 54 ; date = 1414726273
12-13 19:54:40.190  3877  4103 I LatinIME:LogUtils: Dictionary info: dictionary = main:en ; version = 54 ; date = 1414726273
12-13 19:54:40.193  3877  4103 I LatinIME:LogUtils: Dictionary info: dictionary = main:en ; version = 54 ; date = 1414726273
12-13 19:54:40.196  3877  4103 I LatinIME:LogUtils: Dictionary info: dictionary = main:en ; version = 54 ; date = 1414726273
12-13 19:54:40.199  3877  4103 I LatinIME:LogUtils: Dictionary info: dictionary = main:en ; version = 54 ; date = 1414726273
12-13 19:54:40.202  3877  4103 I LatinIME:LogUtils: Dictionary info: dictionary = main:en ; version = 54 ; date = 1414726273
12-13 19:54:40.205  3906  3906 V ConfigResourceUtil: resourceName = telephony_plugin_jar_name resourceId = 2130903040resourceValue = 
12-13 19:54:40.205  3906  3906 V ConfigResourceUtil: resourceName = telephony_plugin_class_name resourceId = 2130903041resourceValue = 
12-13 19:54:40.205  3877  4103 I LatinIME:LogUtils: Dictionary info: dictionary = main:en ; version = 54 ; date = 1414726273
12-13 19:54:40.209  3877  4103 I LatinIME:LogUtils: Dictionary info: dictionary = main:en ; version = 54 ; date = 1414726273
12-13 19:54:40.212  3877  4103 I LatinIME:LogUtils: Dictionary info: dictionary = main:en ; version = 54 ; date = 1414726273
12-13 19:54:40.215  3877  4103 I LatinIME:LogUtils: Dictionary info: dictionary = main:en ; version = 54 ; date = 1414726273
12-13 19:54:40.219  3877  4103 I LatinIME:LogUtils: Dictionary info: dictionary = main:en ; version = 54 ; date = 1414726273
12-13 19:54:40.222  3877  4103 I LatinIME:LogUtils: Dictionary info: dictionary = main:en ; version = 54 ; date = 1414726273
12-13 19:54:40.225  3877  4103 I LatinIME:LogUtils: Dictionary info: dictionary = main:en ; version = 54 ; date = 1414726273
12-13 19:54:40.229  3877  4103 I LatinIME:LogUtils: Dictionary info: dictionary = main:en ; version = 54 ; date = 1414726273
12-13 19:54:40.232  3877  4103 I LatinIME:LogUtils: Dictionary info: dictionary = main:en ; version = 54 ; date = 1414726273
12-13 19:54:40.235  3877  4103 I LatinIME:LogUtils: Dictionary info: dictionary = main:en ; version = 54 ; date = 1414726273
12-13 19:54:40.239  3877  4103 I LatinIME:LogUtils: Dictionary info: dictionary = main:en ; version = 54 ; date = 1414726273
12-13 19:54:40.242  3877  4103 I LatinIME:LogUtils: Dictionary info: dictionary = main:en ; version = 54 ; date = 1414726273
12-13 19:54:40.245  3877  4103 I LatinIME:LogUtils: Dictionary info: dictionary = main:en ; version = 54 ; date = 1414726273
12-13 19:54:40.249  3877  4103 I LatinIME:LogUtils: Dictionary info: dictionary = main:en ; version = 54 ; date = 1414726273
12-13 19:54:40.260  3340  3960 I ActivityManager: Start proc 4383:com.android.smspush/u0a63 for service com.android.smspush/.WapPushManager
12-13 19:54:40.270  3623  3623 W KeyguardUpdateMonitor: invalid subId in handleSimStateChange()
12-13 19:54:40.273  3906  4401 E DcSwitchStateMachine-0: DctController is not ready
12-13 19:54:40.274  3340  3411 E ConnectivityService: Failed to find Messenger in unregisterNetworkFactory
12-13 19:54:40.275  3340  3411 D ConnectivityService: Got NetworkFactory Messenger for Telephony
12-13 19:54:40.286  4383  4383 W System  : ClassLoader referenced unknown path: /system/app/WAPPushManager/lib/arm64
12-13 19:54:40.304  3906  3906 D CarrierConfigLoader: CarrierConfigLoader has started
12-13 19:54:40.305  3340  3358 D BluetoothManagerService: Message: 20
12-13 19:54:40.305  3340  3358 D BluetoothManagerService: Added callback: android.bluetooth.IBluetoothManagerCallback$Stub$Proxy@6694924:true
12-13 19:54:40.306  3340  3358 D BluetoothManagerService: Message: 30
12-13 19:54:40.328  3906  3906 I Telephony: TtyManager: updateUiTtyMode -1 -> 0
12-13 19:54:40.333  3906  3906 V ConfigResourceUtil: resourceName = config_spn_display_control resourceId = 2130837514resourceValue = false
12-13 19:54:40.346  3623  3623 W KeyguardUpdateMonitor: invalid subId in handleServiceStateChange()
12-13 19:54:40.381  3906  3906 E PhoneInterfaceManager: [PhoneIntfMgr] getIccId: No UICC
12-13 19:54:40.383  3906  3906 D TelephonyDebugService: TelephonyDebugService()
12-13 19:54:40.385  3340  3410 D WifiService: New client listening to asynchronous messages
12-13 19:54:40.386  3906  3906 D CarrierConfigLoader: mHandler: 12 phoneId: 0
12-13 19:54:40.386  3906  3906 D CarrierConfigLoader: Build fingerprint changed. old: null new: cm_hero2ltexx-userdebug 6.0.1 MOB31K 95521bcbed test-keys
12-13 19:54:40.392  3906  3906 W Telephony: TelecomAccountRegistry: Failed to get primary stack id
12-13 19:54:40.393  3906  3906 E PhoneInterfaceManager: [PhoneIntfMgr] getIccId: No UICC
12-13 19:54:40.397  3340  3352 I Telecom : PhoneAccountRegistrar: New phone account registered: [[ ] PhoneAccount: ComponentInfo{com.android.phone/com.android.services.telephony.TelephonyConnectionService}, [e0184adedf913b076626646d3f52c3b49c39ad6d], UserHandle{0} Capabilities: 54 Schemes: tel voicemail ]
12-13 19:54:40.430  3340  3352 I Telecom : : Sending phone-account registered intent as user
12-13 19:54:40.433  3906  3906 I Telephony: AccountEntry: Registered phoneAccount: [[ ] PhoneAccount: ComponentInfo{com.android.phone/com.android.services.telephony.TelephonyConnectionService}, [e0184adedf913b076626646d3f52c3b49c39ad6d], UserHandle{0} Capabilities: 54 Schemes: tel voicemail ] with handle: ComponentInfo{com.android.phone/com.android.services.telephony.TelephonyConnectionService}, [e0184adedf913b076626646d3f52c3b49c39ad6d], UserHandle{0}
12-13 19:54:40.433  3906  3906 I Telephony: PstnIncomingCallNotifier: Registering: Handler (com.android.internal.telephony.gsm.GSMPhone) {3623598}
12-13 19:54:40.435  3340  3351 W Telecom : : No account found for the calling user
12-13 19:54:40.454  3340  3983 I ActivityManager: Start proc 4410:com.android.cellbroadcastreceiver/u0a6 for broadcast com.android.cellbroadcastreceiver/.CellBroadcastReceiver
12-13 19:54:40.470  4410  4410 W System  : ClassLoader referenced unknown path: /system/priv-app/CellBroadcastReceiver/lib/arm64
12-13 19:54:40.476  4410  4410 D CellBroadcastReceiver: onReceive Intent { act=android.intent.action.SERVICE_STATE flg=0x10 cmp=com.android.cellbroadcastreceiver/.CellBroadcastReceiver (has extras) }
12-13 19:54:40.476  4410  4410 D CellBroadcastReceiver: Intent ACTION_SERVICE_STATE_CHANGED
12-13 19:54:40.476  4410  4410 D CellBroadcastReceiver: subscriptionId = -2
12-13 19:54:40.528  3906  4427 D SIP     : [SipSharedPreferences] isReceivingCallsEnabled, option not set; use default value, exception: android.provider.Settings$SettingNotFoundException: sip_receive_calls
12-13 19:54:40.806  3642  3642 D ThemeManagerService: Current overlay theme is same as default. Not doing anything for mods_status_bar
12-13 19:54:40.807  3642  3642 D ThemeManagerService: Current overlay theme is same as default. Not doing anything for mods_navigation_bar
12-13 19:54:40.807  3642  3642 D ThemeManagerService: Current overlay theme is same as default. Not doing anything for mods_overlays
12-13 19:54:40.807  3642  3642 D ThemeManagerService: Current theme is compatible with the system. Not unapplying anything
12-13 19:54:40.889  2996  2996 D installd: aapt source_apk=/system/app/HexoLibre/HexoLibre.apk internal_path=assets/icons/ out_restable=/data/resource-cache/org.cyanogenmod.hexolibre/icons uid=50062, pkgId=98,min_sdk_version=23,            app_res_path=, common_res_path=
12-13 19:54:40.891  3340  3340 I BrokerableCMSystemService: Implementation service connected
12-13 19:54:40.891  3340  3340 I BrokerableCMSystemService: Notifying service connected
12-13 19:54:40.891  3340  3340 I BrokerableCMSystemService: Implementation service connected
12-13 19:54:40.892  3340  3340 I BrokerableCMSystemService: Notifying service connected
12-13 19:54:40.973  2996  2996 D installd: aapt source_apk=/system/app/HexoLibre/HexoLibre.apk internal_path=assets/overlays/common/ out_restable=/data/resource-cache/org.cyanogenmod.hexolibre/common uid=50062, pkgId=95,min_sdk_version=23,            app_res_path=/system/framework/framework-res.apk, common_res_path=
12-13 19:54:41.003  2996  2996 D installd: aapt source_apk=/system/app/HexoLibre/HexoLibre.apk internal_path=assets/overlays/com.android.bluetooth/ out_restable=/data/resource-cache/org.cyanogenmod.hexolibre/com.android.bluetooth uid=50062, pkgId=97,min_sdk_version=23,            app_res_path=/system/app/Bluetooth/Bluetooth.apk, common_res_path=/data/resource-cache/org.cyanogenmod.hexolibre/common/resources.apk
12-13 19:54:41.030  2996  2996 D installd: idmap target_apk=/system/app/Bluetooth/Bluetooth.apk overlay_apk=/system/app/HexoLibre/HexoLibre.apk cache_path=/data/resource-cache/org.cyanogenmod.hexolibre/com.android.bluetooth uid=41002
12-13 19:54:41.055  2996  2996 D installd: aapt source_apk=/system/app/HexoLibre/HexoLibre.apk internal_path=assets/overlays/com.android.cellbroadcastreceiver/ out_restable=/data/resource-cache/org.cyanogenmod.hexolibre/com.android.cellbroadcastreceiver uid=50062, pkgId=97,min_sdk_version=23,            app_res_path=/system/priv-app/CellBroadcastReceiver/CellBroadcastReceiver.apk, common_res_path=/data/resource-cache/org.cyanogenmod.hexolibre/common/resources.apk
12-13 19:54:41.078  2996  2996 D installd: idmap target_apk=/system/priv-app/CellBroadcastReceiver/CellBroadcastReceiver.apk overlay_apk=/system/app/HexoLibre/HexoLibre.apk cache_path=/data/resource-cache/org.cyanogenmod.hexolibre/com.android.cellbroadcastreceiver uid=50006
12-13 19:54:41.132  3053  3076 D BootAnimation: Use save memory method, maybe small fps in actual.
12-13 19:54:41.210  2996  2996 D installd: aapt source_apk=/system/app/HexoLibre/HexoLibre.apk internal_path=assets/overlays/com.android.documentsui/ out_restable=/data/resource-cache/org.cyanogenmod.hexolibre/com.android.documentsui uid=50062, pkgId=97,min_sdk_version=23,            app_res_path=/system/app/DocumentsUI/DocumentsUI.apk, common_res_path=/data/resource-cache/org.cyanogenmod.hexolibre/common/resources.apk
12-13 19:54:41.249  2996  2996 D installd: idmap target_apk=/system/app/DocumentsUI/DocumentsUI.apk overlay_apk=/system/app/HexoLibre/HexoLibre.apk cache_path=/data/resource-cache/org.cyanogenmod.hexolibre/com.android.documentsui uid=50038
12-13 19:54:41.277  2996  2996 D installd: aapt source_apk=/system/app/HexoLibre/HexoLibre.apk internal_path=assets/overlays/com.android.deskclock/ out_restable=/data/resource-cache/org.cyanogenmod.hexolibre/com.android.deskclock uid=50062, pkgId=97,min_sdk_version=23,            app_res_path=/system/app/DeskClock/DeskClock.apk, common_res_path=/data/resource-cache/org.cyanogenmod.hexolibre/common/resources.apk
12-13 19:54:41.320  2996  2996 D installd: idmap target_apk=/system/app/DeskClock/DeskClock.apk overlay_apk=/system/app/HexoLibre/HexoLibre.apk cache_path=/data/resource-cache/org.cyanogenmod.hexolibre/com.android.deskclock uid=50040
12-13 19:54:41.349  2996  2996 D installd: aapt source_apk=/system/app/HexoLibre/HexoLibre.apk internal_path=assets/overlays/com.android.settings/ out_restable=/data/resource-cache/org.cyanogenmod.hexolibre/com.android.settings uid=50062, pkgId=97,min_sdk_version=23,            app_res_path=/system/priv-app/Settings/Settings.apk, common_res_path=/data/resource-cache/org.cyanogenmod.hexolibre/common/resources.apk
12-13 19:54:41.435  2996  2996 D installd: idmap target_apk=/system/priv-app/Settings/Settings.apk overlay_apk=/system/app/HexoLibre/HexoLibre.apk cache_path=/data/resource-cache/org.cyanogenmod.hexolibre/com.android.settings uid=41000
12-13 19:54:41.472  2996  2996 D installd: aapt source_apk=/system/app/HexoLibre/HexoLibre.apk internal_path=assets/overlays/com.android.inputmethod.latin/ out_restable=/data/resource-cache/org.cyanogenmod.hexolibre/com.android.inputmethod.latin uid=50062, pkgId=97,min_sdk_version=23,            app_res_path=/system/app/LatinIME/LatinIME.apk, common_res_path=/data/resource-cache/org.cyanogenmod.hexolibre/common/resources.apk
12-13 19:54:41.520  2996  2996 D installd: idmap target_apk=/system/app/LatinIME/LatinIME.apk overlay_apk=/system/app/HexoLibre/HexoLibre.apk cache_path=/data/resource-cache/org.cyanogenmod.hexolibre/com.android.inputmethod.latin uid=50067
12-13 19:54:41.550  2996  2996 D installd: aapt source_apk=/system/app/HexoLibre/HexoLibre.apk internal_path=assets/overlays/com.cyanogenmod.updater/ out_restable=/data/resource-cache/org.cyanogenmod.hexolibre/com.cyanogenmod.updater uid=50062, pkgId=97,min_sdk_version=23,            app_res_path=/system/priv-app/CMUpdater/CMUpdater.apk, common_res_path=/data/resource-cache/org.cyanogenmod.hexolibre/common/resources.apk
12-13 19:54:41.570  2996  2996 D installd: idmap target_apk=/system/priv-app/CMUpdater/CMUpdater.apk overlay_apk=/system/app/HexoLibre/HexoLibre.apk cache_path=/data/resource-cache/org.cyanogenmod.hexolibre/com.cyanogenmod.updater uid=50005
12-13 19:54:41.595  2996  2996 D installd: aapt source_apk=/system/app/HexoLibre/HexoLibre.apk internal_path=assets/overlays/com.android.packageinstaller/ out_restable=/data/resource-cache/org.cyanogenmod.hexolibre/com.android.packageinstaller uid=50062, pkgId=97,min_sdk_version=23,            app_res_path=/system/priv-app/PackageInstaller/PackageInstaller.apk, common_res_path=/data/resource-cache/org.cyanogenmod.hexolibre/common/resources.apk
12-13 19:54:41.619  2996  2996 D installd: idmap target_apk=/system/priv-app/PackageInstaller/PackageInstaller.apk overlay_apk=/system/app/HexoLibre/HexoLibre.apk cache_path=/data/resource-cache/org.cyanogenmod.hexolibre/com.android.packageinstaller uid=50016
12-13 19:54:41.647  2996  2996 D installd: aapt source_apk=/system/app/HexoLibre/HexoLibre.apk internal_path=assets/overlays/com.android.systemui/ out_restable=/data/resource-cache/org.cyanogenmod.hexolibre/com.android.systemui uid=50062, pkgId=97,min_sdk_version=23,            app_res_path=/system/priv-app/SystemUI/SystemUI.apk, common_res_path=/data/resource-cache/org.cyanogenmod.hexolibre/common/resources.apk
12-13 19:54:41.694  2996  2996 D installd: idmap target_apk=/system/priv-app/SystemUI/SystemUI.apk overlay_apk=/system/app/HexoLibre/HexoLibre.apk cache_path=/data/resource-cache/org.cyanogenmod.hexolibre/com.android.systemui uid=50024
12-13 19:54:41.724  2996  2996 D installd: aapt source_apk=/system/app/HexoLibre/HexoLibre.apk internal_path=assets/overlays/com.android.phone/ out_restable=/data/resource-cache/org.cyanogenmod.hexolibre/com.android.phone uid=50062, pkgId=97,min_sdk_version=23,            app_res_path=/system/priv-app/TeleService/TeleService.apk, common_res_path=/data/resource-cache/org.cyanogenmod.hexolibre/common/resources.apk
12-13 19:54:41.746  2996  2996 D installd: idmap target_apk=/system/priv-app/TeleService/TeleService.apk overlay_apk=/system/app/HexoLibre/HexoLibre.apk cache_path=/data/resource-cache/org.cyanogenmod.hexolibre/com.android.phone uid=41001
12-13 19:54:41.768  3053  3076 D BootAnimation: playing boot audio here
12-13 19:54:41.768  3053  3076 W BootAnimation: Audio service is not initiated.
12-13 19:54:41.780  2996  2996 D installd: aapt source_apk=/system/app/HexoLibre/HexoLibre.apk internal_path=assets/overlays/android/ out_restable=/data/resource-cache/org.cyanogenmod.hexolibre/android uid=50062, pkgId=96,min_sdk_version=23,            app_res_path=/system/framework/framework-res.apk, common_res_path=/data/resource-cache/org.cyanogenmod.hexolibre/common/resources.apk
12-13 19:54:41.904  2996  2996 D installd: idmap target_apk=/system/framework/framework-res.apk overlay_apk=/system/app/HexoLibre/HexoLibre.apk cache_path=/data/resource-cache/org.cyanogenmod.hexolibre/android uid=41000
12-13 19:54:41.956  2996  2996 D installd: aapt source_apk=/system/app/HexoLibre/HexoLibre.apk internal_path=assets/overlays/com.cyanogenmod.trebuchet/ out_restable=/data/resource-cache/org.cyanogenmod.hexolibre/com.cyanogenmod.trebuchet uid=50062, pkgId=97,min_sdk_version=23,            app_res_path=/system/priv-app/Trebuchet/Trebuchet.apk, common_res_path=/data/resource-cache/org.cyanogenmod.hexolibre/common/resources.apk
12-13 19:54:41.989  2996  2996 E installd: Unable to unlink boot marker at /data/dalvik-cache/arm64/.booting, error=No such file or directory
12-13 19:54:41.989  3340  3359 E ActivityManager: Unable to mark boot complete for abi: arm64-v8a
12-13 19:54:41.989  2996  2996 D installd: idmap target_apk=/system/priv-app/Trebuchet/Trebuchet.apk overlay_apk=/system/app/HexoLibre/HexoLibre.apk cache_path=/data/resource-cache/org.cyanogenmod.hexolibre/com.cyanogenmod.trebuchet uid=50029
12-13 19:54:41.999  2996  2996 E installd: Unable to unlink boot marker at /data/dalvik-cache/arm/.booting, error=No such file or directory
12-13 19:54:42.000  3340  3359 E ActivityManager: Unable to mark boot complete for abi: armeabi
12-13 19:54:42.000  3340  3359 I SystemServiceManager: Starting phase 1000
12-13 19:54:42.029  3005  3005 W auditd  : type=1325 audit(0.0:205): table=filter family=2 entries=76
12-13 19:54:42.029  3005  3005 W auditd  : type=1320 audit(0.0:205): 
12-13 19:54:42.029  3005  3005 W auditd  : type=1325 audit(0.0:206): table=filter family=10 entries=79
12-13 19:54:42.029  3005  3005 W auditd  : type=1320 audit(0.0:206): 
12-13 19:54:42.039  3005  3005 W auditd  : type=1325 audit(0.0:207): table=filter family=2 entries=75
12-13 19:54:42.039  3005  3005 W auditd  : type=1320 audit(0.0:207): 
12-13 19:54:42.039  3005  3005 W auditd  : type=1325 audit(0.0:208): table=filter family=10 entries=78
12-13 19:54:42.039  3005  3005 W auditd  : type=1320 audit(0.0:208): 
12-13 19:54:42.061  3340  3359 W ContextImpl: Calling a method in the system process without a qualified user: android.app.ContextImpl.sendBroadcast:788 org.cyanogenmod.platform.internal.CMHardwareService.onBootPhase:429 com.android.server.SystemServiceManager.startBootPhase:135 com.android.server.am.ActivityManagerService.finishBooting:6688 com.android.server.am.ActivityManagerService.bootAnimationComplete:6755 
12-13 19:54:42.149  3340  3359 I ActivityManager: Start proc 4502:com.android.bluetooth/1002 for on-hold
12-13 19:54:42.478  4502  4502 D AdapterServiceConfig: addA2dpProfile: isA2dpSinkEnabled = falseisHfpClientEnabled false serviceName HeadsetService
12-13 19:54:42.478  4502  4502 D AdapterServiceConfig: Adding HeadsetService
12-13 19:54:42.478  4502  4502 D AdapterServiceConfig: addA2dpProfile: isA2dpSinkEnabled = falseisHfpClientEnabled false serviceName A2dpService
12-13 19:54:42.479  4502  4502 D AdapterServiceConfig: Adding A2dpService
12-13 19:54:42.479  4502  4502 D AdapterServiceConfig: addA2dpProfile: isA2dpSinkEnabled = falseisHfpClientEnabled false serviceName HidService
12-13 19:54:42.479  4502  4502 D AdapterServiceConfig: Adding HidService
12-13 19:54:42.479  4502  4502 D AdapterServiceConfig: addA2dpProfile: isA2dpSinkEnabled = falseisHfpClientEnabled false serviceName HealthService
12-13 19:54:42.479  4502  4502 D AdapterServiceConfig: Adding HealthService
12-13 19:54:42.479  4502  4502 D AdapterServiceConfig: addA2dpProfile: isA2dpSinkEnabled = falseisHfpClientEnabled false serviceName PanService
12-13 19:54:42.479  4502  4502 D AdapterServiceConfig: Adding PanService
12-13 19:54:42.479  4502  4502 D AdapterServiceConfig: addA2dpProfile: isA2dpSinkEnabled = falseisHfpClientEnabled false serviceName GattService
12-13 19:54:42.479  4502  4502 D AdapterServiceConfig: Adding GattService
12-13 19:54:42.479  4502  4502 D AdapterServiceConfig: addA2dpProfile: isA2dpSinkEnabled = falseisHfpClientEnabled false serviceName BluetoothMapService
12-13 19:54:42.479  4502  4502 D AdapterServiceConfig: Adding BluetoothMapService
12-13 19:54:42.479  4502  4502 D AdapterServiceConfig: Could not find profile bit mask
12-13 19:54:42.479  4502  4502 D AdapterServiceConfig: addA2dpProfile: isA2dpSinkEnabled = falseisHfpClientEnabled false serviceName HidDevService
12-13 19:54:42.479  4502  4502 D AdapterServiceConfig: Adding HidDevService
12-13 19:54:42.528  3340  3358 D BluetoothManagerService: Message: 20
12-13 19:54:42.528  4502  4502 D BluetoothAdapterState: make() - Creating AdapterState
12-13 19:54:42.528  3340  3358 D BluetoothManagerService: Added callback: android.bluetooth.IBluetoothManagerCallback$Stub$Proxy@b2730d9:true
12-13 19:54:42.530  4502  4542 I BluetoothAdapterState: Entering OffState
12-13 19:54:42.530  4502  4502 I bt_bluedroid: init
12-13 19:54:42.537  4502  4552 E bt_osi_config: config_new unable to open file '/data/misc/bluedroid/bt_config.conf': No such file or directory
12-13 19:54:42.537  4502  4552 W bt_btif_config: init unable to load config file; attempting to transcode legacy file.
12-13 19:54:42.537  4502  4552 E bt_btif_config_transcode: config_t* btif_config_transcode(const char*) unable to load XML file '/data/misc/bluedroid/bt_config.xml': 3
12-13 19:54:42.537  4502  4552 W bt_btif_config: init unable to transcode legacy file, starting unconfigured.
12-13 19:54:42.537  3340  4540 I ActivityManager: Start proc 4543:com.android.keychain/1000 for service com.android.keychain/.KeyChainService
12-13 19:54:42.549  3340  4541 W Searchables: No global search activity found
12-13 19:54:42.556  3340  4557 I RecoverySystem: Deleted: /cache/recovery/.version
12-13 19:54:42.556  3340  4557 I RecoverySystem: Deleted: /cache/recovery/recovery.fstab
12-13 19:54:42.556  3340  4557 I RecoverySystem: Deleted: /cache/recovery/storage.fstab
12-13 19:54:42.556  3340  4557 I RecoverySystem: Deleted: /cache/recovery/log
12-13 19:54:42.556  3340  4557 I RecoverySystem: Deleted: /cache/recovery/intent
12-13 19:54:42.557  3340  3540 I ActivityManager: Start proc 4559:com.android.dialer/u0a20 for broadcast com.android.dialer/.calllog.CallLogReceiver
12-13 19:54:42.571  4543  4543 W System  : ClassLoader referenced unknown path: /system/app/KeyChain/lib/arm64
12-13 19:54:42.577  4559  4559 W System  : ClassLoader referenced unknown path: /system/priv-app/Dialer/lib/arm64
12-13 19:54:42.587  4502  4552 I bt_bte_conf: bte_load_ble_conf attempt to load ble stack conf from /etc/bluetooth/ble_stack.conf
12-13 19:54:42.592  4502  4552 E bt_osi_config: config_new unable to open file '/etc/bluetooth/ble_stack.conf': No such file or directory
12-13 19:54:42.592  4502  4552 I bt_bte_conf: bte_load_ble_conf file >/etc/bluetooth/ble_stack.conf< not found
12-13 19:54:42.592  4502  4552 I bt_stack_config: init attempt to load stack conf from /etc/bluetooth/bt_stack.conf
12-13 19:54:42.597  3340  4557 I BootReceiver: Copying /proc/last_kmsg to DropBox (SYSTEM_LAST_KMSG)
12-13 19:54:42.616  4502  4502 I bt_bluedroid: get_profile_interface socket
12-13 19:54:42.616  4502  4575 D BluetoothAdapterProperties: Address is:D8:C4:E9:A9:2E:B5
12-13 19:54:42.617  4502  4575 D BluetoothAdapterProperties: Name is: SM-G935F
12-13 19:54:42.617  3340  3340 D BluetoothManagerService: Bluetooth Adapter name changed to SM-G935F
12-13 19:54:42.618  3340  3340 D BluetoothManagerService: Stored Bluetooth name: SM-G935F
12-13 19:54:42.627  4502  4502 I bt_bluedroid: get_profile_interface sdp
12-13 19:54:42.629  3340  3340 D BluetoothManagerService: BluetoothServiceConnection: com.android.bluetooth.btservice.AdapterService
12-13 19:54:42.629  3340  3358 D BluetoothManagerService: Message: 40
12-13 19:54:42.629  3340  3358 D BluetoothManagerService: MESSAGE_BLUETOOTH_SERVICE_CONNECTED: 1
12-13 19:54:42.629  4502  4514 I bt_bluedroid: config_hci_snoop_log
12-13 19:54:42.629  3340  3358 D BluetoothManagerService: Message: 200
12-13 19:54:42.629  3340  3358 D BluetoothManagerService: MESSAGE_GET_NAME_AND_ADDRESS
12-13 19:54:42.629  3340  3358 D BluetoothManagerService: Message: 201
12-13 19:54:42.629  3340  3358 D BluetoothManagerService: MESSAGE_SAVE_NAME_AND_ADDRESS
12-13 19:54:42.630  3340  3358 D BluetoothManagerService: Stored Bluetooth name: SM-G935F
12-13 19:54:42.630  3340  3358 D BluetoothManagerService: Stored Bluetoothaddress: D8:C4:E9:A9:2E:B5
12-13 19:54:42.630  3340  3358 D BluetoothManagerService: unbindAndFinish(): android.bluetooth.IBluetooth$Stub$Proxy@890ce4d mBinding = false
12-13 19:54:42.630  3340  3358 D BluetoothManagerService: Sending unbind request.
12-13 19:54:42.631  4502  4502 W BluetoothAdapterService: onUnbind, calling cleanup
12-13 19:54:42.631  4502  4502 W BluetoothSdpJni: Cleaning up Bluetooth SDP Interface...
12-13 19:54:42.631  4502  4502 W BluetoothSdpJni: Cleaning up Bluetooth Health object
12-13 19:54:42.632  4502  4502 I BluetoothServiceJni: cleanupNative: return from cleanup
12-13 19:54:42.632  4502  4552 D bt_stack_manager: event_clean_up_stack is cleaning up the stack.
12-13 19:54:42.633  4502  4502 I art     : System.exit called, status: 0
12-13 19:54:42.633  4502  4502 I AndroidRuntime: VM exiting with result code 0, cleanup skipped.
12-13 19:54:42.637  3340  4557 I BootReceiver: Copying audit failures to DropBox
12-13 19:54:42.642  3340  4557 I BootReceiver: Copied 0 worth of audits to DropBox
12-13 19:54:42.642  3340  3620 I ActivityManager: Process com.android.bluetooth (pid 4502) has died
12-13 19:54:42.642  3340  3620 D ActivityManager: cleanUpApplicationRecord -- 4502
12-13 19:54:42.657  3340  4557 I BootReceiver: Checking for fsck errors
12-13 19:54:42.676  4559  4559 W MOD.CyanogenAmbientUtil: Cyanogen Ambient package is missing! Version 1050100 is required.
12-13 19:54:42.676  4559  4559 E MOD.AmbientApiClientImp: This application will not run unless you install Ambient services
12-13 19:54:42.676  4559  4559 W PhoneCommon.AmbientSingletonHolder: Connection failed: com.cyanogen.ambient.common.ConnectionResult@361363e
12-13 19:54:42.683  4559  4559 W Ambient : AmbientApiClient is not connected. Please ensure connection before calling any APIs.
12-13 19:54:42.683  4559  4559 W Ambient : java.lang.Exception
12-13 19:54:42.683  4559  4559 W Ambient : 	at com.cyanogen.ambient.common.api.internal.AbstractAsynchronousApi.execute(AbstractAsynchronousApi.java:18)
12-13 19:54:42.683  4559  4559 W Ambient : 	at com.cyanogen.ambient.incall.internal.InCallApiImpl.getInstalledPlugins(InCallApiImpl.java:88)
12-13 19:54:42.683  4559  4559 W Ambient : 	at com.android.phone.common.incall.api.InCallQueries.updateCallPlugins(InCallQueries.java:45)
12-13 19:54:42.683  4559  4559 W Ambient : 	at com.android.phone.common.incall.DialerDataSubscription.onRefreshRequested(DialerDataSubscription.java:91)
12-13 19:54:42.683  4559  4559 W Ambient : 	at com.android.phone.common.ambient.AmbientDataSubscription.refresh(AmbientDataSubscription.java:308)
12-13 19:54:42.683  4559  4559 W Ambient : 	at com.android.phone.common.incall.DialerDataSubscription.init(DialerDataSubscription.java:86)
12-13 19:54:42.683  4559  4559 W Ambient : 	at com.android.dialer.DialerApplication.onCreate(DialerApplication.java:57)
12-13 19:54:42.683  4559  4559 W Ambient : 	at android.app.Instrumentation.callApplicationOnCreate(Instrumentation.java:1014)
12-13 19:54:42.683  4559  4559 W Ambient : 	at android.app.ActivityThread.handleBindApplication(ActivityThread.java:4751)
12-13 19:54:42.683  4559  4559 W Ambient : 	at android.app.ActivityThread.-wrap1(ActivityThread.java)
12-13 19:54:42.683  4559  4559 W Ambient : 	at android.app.ActivityThread$H.handleMessage(ActivityThread.java:1424)
12-13 19:54:42.683  4559  4559 W Ambient : 	at android.os.Handler.dispatchMessage(Handler.java:102)
12-13 19:54:42.683  4559  4559 W Ambient : 	at android.os.Looper.loop(Looper.java:148)
12-13 19:54:42.683  4559  4559 W Ambient : 	at android.app.ActivityThread.main(ActivityThread.java:5461)
12-13 19:54:42.683  4559  4559 W Ambient : 	at java.lang.reflect.Method.invoke(Native Method)
12-13 19:54:42.683  4559  4559 W Ambient : 	at com.android.internal.os.ZygoteInit$MethodAndArgsCaller.run(ZygoteInit.java:726)
12-13 19:54:42.683  4559  4559 W Ambient : 	at com.android.internal.os.ZygoteInit.main(ZygoteInit.java:616)
12-13 19:54:42.688  4559  4559 W MOD.CyanogenAmbientUtil: Cyanogen Ambient package is missing! Version 1050100 is required.
12-13 19:54:42.724  3340  3409 D WIFI    : Registering NetworkFactory
12-13 19:54:42.724  3340  3409 D WIFI_UT : Registering NetworkFactory
12-13 19:54:42.724  3340  3411 D ConnectivityService: Got NetworkFactory Messenger for WIFI
12-13 19:54:42.724  3340  3411 D ConnectivityService: Got NetworkFactory Messenger for WIFI_UT
12-13 19:54:42.724  3340  3409 D WIFI    : got request NetworkRequest [ id=1, legacyType=-1, [ Capabilities: INTERNET&NOT_RESTRICTED&TRUSTED&NOT_VPN] ] with score 0
12-13 19:54:42.724  3340  3409 D WIFI_UT : got request NetworkRequest [ id=1, legacyType=-1, [ Capabilities: INTERNET&NOT_RESTRICTED&TRUSTED&NOT_VPN] ] with score 0
12-13 19:54:42.735  3340  3340 I ActivityManager: Start proc 4581:com.android.calendar/u0a37 for broadcast com.android.calendar/.UpgradeReceiver
12-13 19:54:42.751  4581  4581 W System  : ClassLoader referenced unknown path: /system/app/Calendar/lib/arm64
12-13 19:54:42.793  4581  4581 D ExtensionsFactory: No custom extensions.
12-13 19:54:42.862  3340  3352 I ActivityManager: Start proc 4597:com.android.providers.calendar/u0a1 for broadcast com.android.providers.calendar/.CalendarReceiver
12-13 19:54:42.878  4597  4597 W System  : ClassLoader referenced unknown path: /system/priv-app/CalendarProvider/lib/arm64
12-13 19:54:43.022  4597  4597 I CalendarDatabaseHelper: Bootstrapping database
12-13 19:54:43.098  4597  4597 I CalendarProvider2: Created com.android.providers.calendar.CalendarAlarmManager@4103cf2(com.android.providers.calendar.CalendarProvider2@2a7df43)
12-13 19:54:43.114  3340  3618 I ActivityManager: Start proc 4612:com.cyanogenmod.updater/u0a5 for broadcast com.cyanogenmod.updater/.receiver.UpdateCheckReceiver
12-13 19:54:43.131  4612  4612 W System  : ClassLoader referenced unknown path: /system/priv-app/CMUpdater/lib/arm64
12-13 19:54:43.176  4612  4612 I UpdateCheckReceiver: Scheduling future, repeating update checks.
12-13 19:54:43.216  3340  3983 I ActivityManager: Start proc 4633:org.cyanogenmod.providers.datausage/1000 for broadcast org.cyanogenmod.providers.datausage/.BootReceiver
12-13 19:54:43.233  4633  4633 W System  : ClassLoader referenced unknown path: /system/priv-app/DataUsageProvider/lib/arm64
12-13 19:54:43.365  3340  3983 I ActivityManager: Start proc 4648:com.android.managedprovisioning/u0a12 for broadcast com.android.managedprovisioning/.BootReminder
12-13 19:54:43.380  4648  4648 W System  : ClassLoader referenced unknown path: /system/priv-app/ManagedProvisioning/lib/arm64
12-13 19:54:43.399  3340  3618 I ActivityManager: Start proc 4663:com.android.onetimeinitializer/u0a13 for broadcast com.android.onetimeinitializer/.OneTimeInitializerReceiver
12-13 19:54:43.413  4663  4663 W System  : ClassLoader referenced unknown path: /system/priv-app/OneTimeInitializer/lib/arm64
12-13 19:54:43.414  4663  4663 V OneTimeInitializerRece: OneTimeInitializerReceiver.onReceive
12-13 19:54:43.415  3340  3984 W BroadcastQueue: Permission Denial: receiving Intent { act=android.intent.action.BOOT_COMPLETED flg=0x8000010 (has extras) } to org.cyanogenmod.snap/com.android.camera.DisableCameraReceiver requires android.permission.RECEIVE_BOOT_COMPLETED due to sender null (uid 1000)
12-13 19:54:43.416  4663  4676 I OneTimeInitializerServ: Updating to version 1.
12-13 19:54:43.425  3340  3354 I ActivityManager: Start proc 4678:com.cyanogenmod.trebuchet/u0a29 for broadcast com.cyanogenmod.trebuchet/com.android.launcher3.StartupReceiver
12-13 19:54:43.426  4663  4676 E ActivityThread: Failed to find provider info for com.android.launcher2.settings
12-13 19:54:43.445  4678  4678 W System  : ClassLoader referenced unknown path: /system/priv-app/Trebuchet/lib/arm64
12-13 19:54:43.646  3897  4259 W AudioFxService: self destructing, no sessions active and nothing to do.
12-13 19:54:43.667  4142  4647 I MediaProvider: Upgrading media database from version 0 to 800, which will destroy all old data
12-13 19:54:43.704  4142  4647 D MediaProvider: Adjusting external storage paths to: /storage/emulated/0
12-13 19:54:43.737  4142  4647 E SQLiteLog: (1) no such table: files
12-13 19:54:43.756  2994  4194 E WVMExtractor: Failed to open libwvm.so: dlopen failed: library "libwvm.so" not found
12-13 19:54:43.830  4142  4647 W MediaScanner: forcing rescan of /system/media/audio/alarms/Argon.oggsince ringtone setting didn't finish
12-13 19:54:43.925  4142  4647 W MediaScanner: forcing rescan of /system/media/audio/alarms/Helium.oggsince ringtone setting didn't finish
12-13 19:54:43.961  4142  4647 W MediaProvider: Missing volume for /system; assuming invalid
12-13 19:54:43.962  4142  4647 W MediaProvider: Missing volume for /system/media; assuming invalid
12-13 19:54:43.963  4142  4647 W MediaProvider: Missing volume for /system/media/audio; assuming invalid
12-13 19:54:43.964  4142  4647 W MediaProvider: Missing volume for /system/media/audio/alarms; assuming invalid
12-13 19:54:43.966  4678  4678 W MOD.CyanogenAmbientUtil: Cyanogen Ambient package is missing! Version 1050100 is required.
12-13 19:54:43.966  4678  4678 E MOD.AmbientApiClientImp: This application will not run unless you install Ambient services
12-13 19:54:43.975  4581  4581 D AlertReceiver: onReceive: a=android.intent.action.BOOT_COMPLETED Intent { act=android.intent.action.BOOT_COMPLETED flg=0x8000010 cmp=com.android.calendar/.alerts.AlertReceiver (has extras) }
12-13 19:54:43.987  3340  3985 I ActivityManager: Start proc 4699:com.android.deskclock/u0a40 for broadcast com.android.deskclock/.AlarmInitReceiver
12-13 19:54:43.991  4581  4581 D AlertUtils: Flushing old alerts from shared prefs table
12-13 19:54:43.992  4581  4712 D AlertService: 0 Action = android.intent.action.BOOT_COMPLETED
12-13 19:54:43.993  4581  4712 D AlertService: Scheduling next alarm with AlarmScheduler. sEventReminderReceived: null
12-13 19:54:43.997  4581  4712 D AlarmScheduler: No events found starting within 1 week.
12-13 19:54:44.001  4142  4647 W MediaProvider: Missing volume for /system/media/audio/alarms/Alarm_Beep_01.ogg; assuming invalid
12-13 19:54:44.003  4142  4647 W MediaProvider: Missing volume for /system/media/audio/alarms/Alarm_Beep_02.ogg; assuming invalid
12-13 19:54:44.004  4142  4647 W MediaProvider: Missing volume for /system/media/audio/alarms/Alarm_Beep_03.ogg; assuming invalid
12-13 19:54:44.005  4142  4647 W MediaProvider: Missing volume for /system/media/audio/alarms/Alarm_Buzzer.ogg; assuming invalid
12-13 19:54:44.007  4142  4647 W MediaProvider: Missing volume for /system/media/audio/alarms/Alarm_Rooster_02.ogg; assuming invalid
12-13 19:54:44.008  2994  3893 E MetadataRetrieverClient: failed to extract an album art
12-13 19:54:44.009  4142  4647 W MediaProvider: Missing volume for /system/media/audio/alarms/Argon.ogg; assuming invalid
12-13 19:54:44.010  4142  4647 W MediaProvider: Missing volume for /system/media/audio/alarms/Barium.ogg; assuming invalid
12-13 19:54:44.010  4699  4699 W System  : ClassLoader referenced unknown path: /system/app/DeskClock/lib/arm64
12-13 19:54:44.011  4142  4647 W MediaProvider: Missing volume for /system/media/audio/alarms/Carbon.ogg; assuming invalid
12-13 19:54:44.012  4142  4647 W MediaProvider: Missing volume for /system/media/audio/alarms/CyanAlarm.ogg; assuming invalid
12-13 19:54:44.055  3340  3353 W Searchables: No global search activity found
12-13 19:54:44.056  3340  3400 I InputReader: Reconfiguring input devices.  changes=0x00000010
12-13 19:54:44.057  3340  3400 I InputReader: Reconfiguring input devices.  changes=0x00000010
12-13 19:54:44.057  3340  3400 I InputReader: Reconfiguring input devices.  changes=0x00000010
12-13 19:54:44.058  3340  3400 I InputReader: Reconfiguring input devices.  changes=0x00000010
12-13 19:54:44.058  3340  3353 W Searchables: No global search activity found
12-13 19:54:44.061  3340  3353 W Searchables: No global search activity found
12-13 19:54:44.064  3340  3353 W Searchables: No global search activity found
12-13 19:54:44.065  4142  4647 W MediaProvider: Missing volume for /system/media/audio/alarms/Helium.ogg; assuming invalid
12-13 19:54:44.103  4597  4597 I CalendarProvider2: Sending notification intent: Intent { act=android.intent.action.PROVIDER_CHANGED dat=content://com.android.calendar flg=0x20000000 }
12-13 19:54:44.103  4597  4597 W ContentResolver: Failed to get type for: content://com.android.calendar (Unknown URL content://com.android.calendar)
12-13 19:54:44.107  4053  4698 D ReportingServiceManager: Next sync attempt in : 23 hours
12-13 19:54:44.127  4699  4699 V AlarmClock: AlarmInitReceiver android.intent.action.BOOT_COMPLETED
12-13 19:54:44.218  4699  4716 V AlarmClock: AlarmInitReceiver - Reset timers and clear stopwatch data
12-13 19:54:44.267  4699  4716 V AlarmClock: AlarmInitReceiver - resetting volume button default
12-13 19:54:44.438  4699  4716 I AlarmClock: Alarms Table created
12-13 19:54:44.438  4699  4716 I AlarmClock: Instance table created
12-13 19:54:44.439  4699  4716 I AlarmClock: Cities table created
12-13 19:54:44.439  4699  4716 I AlarmClock: Inserting default alarms
12-13 19:54:44.467  4142  4647 W MediaScanner: forcing rescan of /system/media/audio/notifications/Argon.oggsince ringtone setting didn't finish
12-13 19:54:44.472  4699  4716 V AlarmClock: AlarmInitReceiver finished
12-13 19:54:44.475  4215  4215 D EmailBroadcastReceiver: Received android.intent.action.BOOT_COMPLETED
12-13 19:54:44.480  4142  4647 W MediaProvider: Missing volume for /system/media/audio/notifications; assuming invalid
12-13 19:54:44.487  3340  3539 I ActivityManager: Start proc 4719:com.android.gallery3d/u0a52 for broadcast com.android.gallery3d/com.android.camera.DisableCameraReceiver
12-13 19:54:44.488  4215  4718 I Email   : Onetime initialization: 1
12-13 19:54:44.489  4215  4718 I Email   : Onetime initialization: 2
12-13 19:54:44.490  4215  4718 I Email   : Onetime initialization: completed.
12-13 19:54:44.493  4119  4119 I Exchange: EasService.onCreate
12-13 19:54:44.496  4119  4732 I Exchange: RestartPingTask
