12-13 21:40:27.714  3403  3417 W System  : ClassLoader referenced unknown path: /system/framework/ConnectivityExt.jar
12-13 21:40:27.714  3403  3417 W ConnectivityExtension: Connectivity extension is not available
12-13 21:40:27.722  2943  3492 I EXYNOS_COMP_REGS: Loading the library: libOMX.Exynos.MPEG4.Decoder.so
12-13 21:40:27.725  3745  3786 I ContactLocale: AddressBook Labels [en-US]: [, A, B, C, D, E, F, G, H, I, J, K, L, M, N, O, P, Q, R, S, T, U, V, W, X, Y, Z, , , , , , , , , , , , , , , , , , , , , , , , , , , , , , , , , , , , , , , , , , , , , , , , , , , , , , , , , , , , , , , , , , , , , , , , , , , , , , , , , , , , , , , , , , , , , , , , , , , , , , , , , , , , , , , , , , , , , , , , , , , , , , , , , , , , , , , , , , , , , , , , , , , , , , , , , , , , , , , , , , , , , , , , , , , , , , , , , , , , , , , , , , , #, ]
12-13 21:40:27.730  2943  3492 I EXYNOS_COMP_REGS: Loading the library: libOMX.Exynos.MPEG4.Encoder.so
12-13 21:40:27.735  3684  3875 I vol.Events: writeEvent level_changed STREAM_ALARM 6
12-13 21:40:27.736  3684  3875 I vol.Events: writeEvent level_changed STREAM_BLUETOOTH_SCO 7
12-13 21:40:27.739  2943  3492 I EXYNOS_COMP_REGS: Loading the library: libOMX.Exynos.VP8.Decoder.so
12-13 21:40:27.740  3684  3684 D StorageNotification: Notifying about private volume: VolumeInfo{private}:
12-13 21:40:27.740  3684  3684 D StorageNotification:     type=PRIVATE diskId=null partGuid=null mountFlags=0 mountUserId=-1 
12-13 21:40:27.740  3684  3684 D StorageNotification:     state=MOUNTED 
12-13 21:40:27.740  3684  3684 D StorageNotification:     fsType=null fsUuid=null fsLabel=null 
12-13 21:40:27.740  3684  3684 D StorageNotification:     path=/data internalPath=null 
12-13 21:40:27.742  3684  3875 I vol.Events: writeEvent level_changed STREAM_MUSIC 11
12-13 21:40:27.744  3684  3875 I vol.Events: writeEvent level_changed STREAM_RING 5
12-13 21:40:27.745  3684  3875 I vol.Events: writeEvent level_changed STREAM_SYSTEM 5
12-13 21:40:27.747  3684  3875 I vol.Events: writeEvent level_changed STREAM_VOICE_CALL 4
12-13 21:40:27.748  3684  3875 I vol.Events: writeEvent external_ringer_mode_changed normal
12-13 21:40:27.765  2943  3492 I EXYNOS_COMP_REGS: Loading the library: libOMX.Exynos.VP8.Encoder.so
12-13 21:40:27.769  3403  3417 D PermissionMonitor: Monitoring
12-13 21:40:27.773  3403  3417 D PermissionMonitor: Users: 1, Apps: 74
12-13 21:40:27.775  3403  3417 I SystemServiceManager: Starting phase 600
12-13 21:40:27.775  2943  3493 E bt_a2dp_hw: adev_set_parameters: ERROR: set param called even when stream out is null
12-13 21:40:27.775  3403  3421 D BluetoothManagerService: Message: 30
12-13 21:40:27.776  3403  3421 D BluetoothManagerService: Message: 30
12-13 21:40:27.777  2943  2943 I AudioFlinger: systemReady
12-13 21:40:27.782  3403  3417 I BackupManagerService: Backup enabled => false
12-13 21:40:27.783  3403  3417 D BrokerableCMSystemService: Third party apps ready
12-13 21:40:27.783  3403  3417 I BrokerableCMSystemService: Connecting to implementation
12-13 21:40:27.784  3403  3417 W ContextImpl: Calling a method in the system process without a qualified user: android.app.ContextImpl.bindService:1295 org.cyanogenmod.platform.internal.BrokerableCMSystemService.tryConnecting:199 org.cyanogenmod.platform.internal.BrokerableCMSystemService.onBootPhase:127 org.cyanogenmod.platform.internal.ThemeManagerServiceBroker.onBootPhase:272 com.android.server.SystemServiceManager.startBootPhase:135 
12-13 21:40:27.784  3403  3417 D BrokerableCMSystemService: Third party apps ready
12-13 21:40:27.784  3403  3417 I BrokerableCMSystemService: Connecting to implementation
12-13 21:40:27.784  3403  3417 W ContextImpl: Calling a method in the system process without a qualified user: android.app.ContextImpl.bindService:1295 org.cyanogenmod.platform.internal.BrokerableCMSystemService.tryConnecting:199 org.cyanogenmod.platform.internal.BrokerableCMSystemService.onBootPhase:127 com.android.server.SystemServiceManager.startBootPhase:135 com.android.server.SystemServer$2.run:1231 
12-13 21:40:27.785  3403  3417 D BrokerableCMSystemService: Third party apps ready
12-13 21:40:27.785  3403  3417 I BrokerableCMSystemService: Connecting to implementation
12-13 21:40:27.785  3403  3417 W ContextImpl: Calling a method in the system process without a qualified user: android.app.ContextImpl.bindService:1295 org.cyanogenmod.platform.internal.BrokerableCMSystemService.tryConnecting:199 org.cyanogenmod.platform.internal.BrokerableCMSystemService.onBootPhase:127 org.cyanogenmod.platform.internal.LiveLockScreenServiceBroker.onBootPhase:273 com.android.server.SystemServiceManager.startBootPhase:135 
12-13 21:40:27.785  2943  3492 I EXYNOS_COMP_REGS: Loading the library: libOMX.Exynos.VP9.Decoder.so
12-13 21:40:27.796  3403  3417 I ActivityManager: Start proc 3894:org.cyanogenmod.livelockscreen.service/u0a12 for service org.cyanogenmod.livelockscreen.service/.LiveLockScreenManagerService
12-13 21:40:27.796  3403  3417 D BrokerableCMSystemService: Third party apps ready
12-13 21:40:27.796  3403  3417 I BrokerableCMSystemService: Connecting to implementation
12-13 21:40:27.796  3403  3417 W ContextImpl: Calling a method in the system process without a qualified user: android.app.ContextImpl.bindService:1295 org.cyanogenmod.platform.internal.BrokerableCMSystemService.tryConnecting:199 org.cyanogenmod.platform.internal.BrokerableCMSystemService.onBootPhase:127 com.android.server.SystemServiceManager.startBootPhase:135 com.android.server.SystemServer$2.run:1231 
12-13 21:40:27.797  3403  3892 E WVMExtractor: Failed to open libwvm.so: dlopen failed: library "libwvm.so" not found
12-13 21:40:27.807  3403  3417 I ActivityManager: Start proc 3907:org.cyanogenmod.weatherservice/u0a26 for service org.cyanogenmod.weatherservice/.WeatherManagerService
12-13 21:40:27.807  3403  3417 D BrokerableCMSystemService: Third party apps ready
12-13 21:40:27.807  3403  3417 I BrokerableCMSystemService: Connecting to implementation
12-13 21:40:27.807  3403  3417 W ContextImpl: Calling a method in the system process without a qualified user: android.app.ContextImpl.bindService:1295 org.cyanogenmod.platform.internal.BrokerableCMSystemService.tryConnecting:199 org.cyanogenmod.platform.internal.BrokerableCMSystemService.onBootPhase:127 org.cyanogenmod.platform.internal.CMAudioServiceBroker.onBootPhase:58 com.android.server.SystemServiceManager.startBootPhase:135 
12-13 21:40:27.810  2943  3492 I EXYNOS_COMP_REGS: Loading the library: libOMX.Exynos.VP9.Encoder.so
12-13 21:40:27.819  3403  3417 I ActivityManager: Start proc 3921:org.cyanogenmod.cmaudio.service/u0a2 for service org.cyanogenmod.cmaudio.service/.CMAudioService
12-13 21:40:27.822  3403  3415 I StatusBarManagerService: registerStatusBar bar=com.android.internal.statusbar.IStatusBar$Stub$Proxy@71572
12-13 21:40:27.823  3403  3527 V KeyValueBackupJob: Scheduling k/v pass in 249 minutes
12-13 21:40:27.829  3403  3417 E InputMethodManagerService: Ignoring updateSystemUiLocked due to an invalid token. uid:1000 token:null
12-13 21:40:27.831  3403  3417 W InputMethodManagerService: Reset the default IME as "Resource" is ready here.
12-13 21:40:27.832  3403  3417 I InputMethodManagerService: Selected default: com.android.inputmethod.latin/.LatinIME
12-13 21:40:27.833  3403  3417 W InputMethodManagerService: Illegal subtype state: old subtype = null, new subtype = android.view.inputmethod.InputMethodSubtype@c9194f98
12-13 21:40:27.837  3403  3418 I ActivityManager: Config changes=20 {1.0 ?mcc?mnc en_US ldltr sw360dp w360dp h616dp 640dpi nrml long port finger -keyb/v/h -nav/h s.6 themeResource=null}
12-13 21:40:27.838  2943  3492 I EXYNOS_COMP_REGS: Loading the library: libOMX.Exynos.WMV.Decoder.so
12-13 21:40:27.848  3894  3894 W System  : ClassLoader referenced unknown path: /system/priv-app/LiveLockScreenService/lib/arm64
12-13 21:40:27.850  3403  3417 I ActivityManager: Start proc 3935:com.android.inputmethod.latin/u0a68 for service com.android.inputmethod.latin/.LatinIME
12-13 21:40:27.850  3403  3417 V InputMethodManagerService: Adding window token: android.os.Binder@885f717
12-13 21:40:27.853  3403  3417 W ServiceWatcher: com.google.android.gms not found
12-13 21:40:27.853  3403  3417 W ServiceWatcher: com.google.android.gms not found
12-13 21:40:27.854  3403  3417 W LocationManagerService: no network location provider found
12-13 21:40:27.854  3403  3417 W ServiceWatcher: com.google.android.gms not found
12-13 21:40:27.855  3403  3417 W ServiceWatcher: com.google.android.gms not found
12-13 21:40:27.855  3403  3417 E LocationManagerService: no geocoder provider found
12-13 21:40:27.856  3403  3417 E FlpHardwareProvider: Error hw_get_module 'flp': -2
12-13 21:40:27.856  3403  3417 E LocationManagerService: FLP HAL not supported
12-13 21:40:27.856  3403  3417 W ServiceWatcher: com.google.android.gms not found
12-13 21:40:27.862  3403  3417 E LocationManagerService: Unable to bind FLP Geofence proxy.
12-13 21:40:27.863  3403  3417 E ActivityRecognitionHardware: Error hw_get_module: -2
12-13 21:40:27.863  3403  3417 E LocationManagerService: Hardware Activity-Recognition not supported.
12-13 21:40:27.864  3403  3417 W ServiceWatcher: com.google.android.gms not found
12-13 21:40:27.864  3907  3907 W System  : ClassLoader referenced unknown path: /system/priv-app/WeatherManagerService/lib/arm64
12-13 21:40:27.864  3403  3417 E ActivityRecognitionProxy: ServiceWatcher could not start.
12-13 21:40:27.864  3403  3417 E LocationManagerService: Unable to bind ActivityRecognitionProxy.
12-13 21:40:27.868  3403  3417 I CommonTimeManagementService: No common time service detected on this platform.  Common time services will be unavailable.
12-13 21:40:27.869  3403  3417 I MmsServiceBroker: Delay connecting to MmsService until an API is called
12-13 21:40:27.869  3403  3461 I InputReader: Reconfiguring input devices.  changes=0x00000020
12-13 21:40:27.870  3403  3417 D MountService: onStartUser 0
12-13 21:40:27.870  3403  3403 W System  : ClassLoader referenced unknown path: /system/priv-app/FusedLocation/lib/arm64
12-13 21:40:27.870  3403  3417 D VoldConnector: SND -> {28 volume user_started 0}
12-13 21:40:27.870  2923  2964 D vold    : Linking /storage/emulated/0 to /mnt/user/0/primary
12-13 21:40:27.871  3403  3463 D VoldConnector: RCV <- {200 28 Command succeeded}
12-13 21:40:27.871  3403  3462 D MountService: Volume emulated broadcasting mounted to UserHandle{0}
12-13 21:40:27.871  3403  3417 W VoiceInteractionManagerService: no available voice interaction services found for user 0
12-13 21:40:27.871  3403  3461 I InputReader: Reconfiguring input devices.  changes=0x00000010
12-13 21:40:27.871  3403  3417 W VoiceInteractionManagerService: no available voice recognition services found for user 0
12-13 21:40:27.883  3403  3417 I ActivityManager: Start proc 3953:org.cyanogenmod.audiofx/u0a3 for added application org.cyanogenmod.audiofx
12-13 21:40:27.893  3403  3417 I ActivityManager: Start proc 3964:com.android.phone/1001 for added application com.android.phone
12-13 21:40:27.894  3403  3417 I ActivityManager: START u0 {act=android.intent.action.MAIN cat=[android.intent.category.HOME] flg=0x10000000 cmp=com.android.settings/.CryptKeeper} from uid 0 on display 0
12-13 21:40:27.906  3403  3417 I ActivityManager: Start proc 3980:com.android.settings:CryptKeeper/1000 for activity com.android.settings/.CryptKeeper
12-13 21:40:27.922  3403  3416 I ActivityManager: Start proc 4005:com.android.printspooler/u0a56 for service com.android.printspooler/.model.PrintSpoolerService
12-13 21:40:27.939  3403  3417 I ActivityManager: Start proc 4022:com.android.externalstorage/u0a10 for broadcast com.android.externalstorage/.MountReceiver
12-13 21:40:27.939  3403  3417 I ActivityManager: Force stopping com.android.providers.media appid=10009 user=-1: vold reset
12-13 21:40:27.940  2943  3492 D libexynosv4l2: try node: /dev/video6
12-13 21:40:27.940  2943  3492 I libexynosv4l2: node found for device s5p-mfc-dec: /dev/video6
12-13 21:40:27.940  3403  3417 W BroadcastQueue: Permission Denial: receiving Intent { act=android.intent.action.USER_SWITCHED flg=0x50000010 (has extras) } to ProcessRecord{3b699f4 3703:org.cyanogenmod.themeservice/u0a20} (pid=3703, uid=10020) requires android.permission.MANAGE_USERS due to sender null (uid 1000)
12-13 21:40:27.941  3403  3403 V WiredAccessoryManager: init()
12-13 21:40:27.951  3684  3875 I vol.Events: writeEvent internal_ringer_mode_changed normal
12-13 21:40:27.954  3403  3403 I BrokerableCMSystemService: Implementation service connected
12-13 21:40:27.954  3403  3403 I BrokerableCMSystemService: Notifying service connected
12-13 21:40:27.967  2943  3492 I libexynosv4l2: open video device /dev/video6
12-13 21:40:27.967  2943  3492 W ACodec  : do not know color format 0x7f000012 = 2130706450
12-13 21:40:27.967  2943  3492 W ACodec  : do not know color format 0x7f000011 = 2130706449
12-13 21:40:27.967  2943  3492 I Exynos_OSAL_Android: output buffer sharing mode is on (15)
12-13 21:40:27.969  2943  3492 D libexynosv4l2: try node: /dev/video6
12-13 21:40:27.969  2943  3492 I libexynosv4l2: node found for device s5p-mfc-dec: /dev/video6
12-13 21:40:27.974  2943  3492 I libexynosv4l2: open video device /dev/video6
12-13 21:40:27.974  2943  3492 W ACodec  : do not know color format 0x7f000012 = 2130706450
12-13 21:40:27.974  2943  3492 W ACodec  : do not know color format 0x7f000011 = 2130706449
12-13 21:40:27.974  2943  3492 I Exynos_OSAL_Android: output buffer sharing mode is on (15)
12-13 21:40:27.975  2943  3492 D libexynosv4l2: try node: /dev/video6
12-13 21:40:27.975  2943  3492 I libexynosv4l2: node found for device s5p-mfc-dec: /dev/video6
12-13 21:40:27.981  3964  3964 W System  : ClassLoader referenced unknown path: /system/priv-app/TeleService/lib/arm64
12-13 21:40:27.981  2943  3492 I libexynosv4l2: open video device /dev/video6
12-13 21:40:27.982  2943  3492 W ACodec  : do not know color format 0x7f000012 = 2130706450
12-13 21:40:27.982  2943  3492 W ACodec  : do not know color format 0x7f000011 = 2130706449
12-13 21:40:27.982  2943  3492 I Exynos_OSAL_Android: output buffer sharing mode is on (15)
12-13 21:40:27.984  2943  3492 D libexynosv4l2: try node: /dev/video6
12-13 21:40:27.984  2943  3492 I libexynosv4l2: node found for device s5p-mfc-dec: /dev/video6
12-13 21:40:27.985  3953  3953 W System  : ClassLoader referenced unknown path: /system/priv-app/AudioFX/lib/arm64
12-13 21:40:27.987  2943  3492 I libexynosv4l2: open video device /dev/video6
12-13 21:40:27.988  2943  3492 I Exynos_OSAL_Android: output buffer sharing mode is on (15)
12-13 21:40:27.993  3980  3980 W System  : ClassLoader referenced unknown path: /system/priv-app/Settings/lib/arm64
12-13 21:40:27.993  2936  3934 D PermissionCache: checking android.permission.HARDWARE_TEST for uid=1000 => granted (483 us)
12-13 21:40:27.993  2943  3492 D libexynosv4l2: try node: /dev/video6
12-13 21:40:27.993  2943  3492 I libexynosv4l2: node found for device s5p-mfc-dec: /dev/video6
12-13 21:40:27.997  2943  3492 I libexynosv4l2: open video device /dev/video6
12-13 21:40:27.997  2943  3492 W ACodec  : do not know color format 0x7f000012 = 2130706450
12-13 21:40:27.997  2943  3492 W ACodec  : do not know color format 0x7f000011 = 2130706449
12-13 21:40:27.997  2943  3492 I Exynos_OSAL_Android: output buffer sharing mode is on (15)
12-13 21:40:27.999  2943  3492 D libexynosv4l2: try node: /dev/video6
12-13 21:40:27.999  2943  3492 I libexynosv4l2: node found for device s5p-mfc-dec: /dev/video6
12-13 21:40:28.004  2943  3492 I libexynosv4l2: open video device /dev/video6
12-13 21:40:28.004  2943  3492 W ACodec  : do not know color format 0x7f000012 = 2130706450
12-13 21:40:28.004  2943  3492 W ACodec  : do not know color format 0x7f000011 = 2130706449
12-13 21:40:28.004  2943  3492 I Exynos_OSAL_Android: output buffer sharing mode is on (15)
12-13 21:40:28.006  2943  3950 V audio_hw_primary: adev_set_mic_mute: set mic mute: 0
12-13 21:40:28.012  4022  4022 W System  : ClassLoader referenced unknown path: /system/priv-app/ExternalStorageProvider/lib/arm64
12-13 21:40:28.013  3403  3403 E CMHardwareService: Vibrator is not supported
12-13 21:40:28.014  2943  3492 D libexynosv4l2: try node: /dev/video6
12-13 21:40:28.014  2943  3492 I libexynosv4l2: node found for device s5p-mfc-dec: /dev/video6
12-13 21:40:28.017  2943  3492 I libexynosv4l2: open video device /dev/video6
12-13 21:40:28.017  2943  3492 E OMXNodeInstance: getParameter(7:Exynos.VP9.Decoder, ParamVideoProfileLevelQuerySupported(0x600000f)) ERROR: UnsupportedIndex(0x8000101a)
12-13 21:40:28.017  2943  3492 W ACodec  : do not know color format 0x7f000012 = 2130706450
12-13 21:40:28.017  2943  3492 W ACodec  : do not know color format 0x7f000011 = 2130706449
12-13 21:40:28.017  2943  3492 I Exynos_OSAL_Android: output buffer sharing mode is on (15)
12-13 21:40:28.018  2943  3492 E OMX     : FAILED to allocate omx component 'OMX.Exynos.VC1.Decoder' err=InvalidComponentName(0x80001002)
12-13 21:40:28.018  2943  3492 E OMX     : FAILED to allocate omx component 'OMX.Exynos.VC1.Decoder' err=InvalidComponentName(0x80001002)
12-13 21:40:28.018  2943  3492 W MediaCodecList: ignoring Limit specified outside of a Type
12-13 21:40:28.018  2943  3492 W MediaCodecList: ignoring Limit specified outside of a Type
12-13 21:40:28.018  4022  4022 D ExternalStorage: After updating volumes, found 1 active roots
12-13 21:40:28.018  2943  3492 W MediaCodecList: ignoring Limit specified outside of a Type
12-13 21:40:28.018  2943  3492 W MediaCodecList: ignoring Limit specified outside of a Type
12-13 21:40:28.018  2943  3492 W MediaCodecList: ignoring Limit specified outside of a Type
12-13 21:40:28.018  2943  3492 W MediaCodecList: ignoring Limit specified outside of a Type
12-13 21:40:28.018  2943  3492 W MediaCodecList: ignoring Feature specified outside of a Type
12-13 21:40:28.018  2943  3492 E OMX     : FAILED to allocate omx component 'OMX.Exynos.MP3.Decoder' err=InvalidComponentName(0x80001002)
12-13 21:40:28.018  2943  3492 E OMX     : FAILED to allocate omx component 'OMX.Exynos.MP3.Decoder' err=InvalidComponentName(0x80001002)
12-13 21:40:28.018  2943  3492 E OMX     : FAILED to allocate omx component 'OMX.Exynos.MP3.Decoder' err=InvalidComponentName(0x80001002)
12-13 21:40:28.018  2943  3492 E OMX     : FAILED to allocate omx component 'OMX.Exynos.AAC.Decoder' err=InvalidComponentName(0x80001002)
12-13 21:40:28.019  3403  3403 E CMHardwareService: Vibrator is not supported
12-13 21:40:28.019  2943  3492 D libexynosv4l2: try node: /dev/video6
12-13 21:40:28.019  2943  3492 D libexynosv4l2: try node: /dev/video7
12-13 21:40:28.020  2943  3492 I libexynosv4l2: node found for device s5p-mfc-enc: /dev/video7
12-13 21:40:28.020  3403  3403 I BrokerableCMSystemService: Implementation service connected
12-13 21:40:28.020  3403  3403 I BrokerableCMSystemService: Implementation service connected
12-13 21:40:28.020  4022  4022 D ExternalStorage: After updating volumes, found 1 active roots
12-13 21:40:28.022  4022  4022 D ExternalStorage: After updating volumes, found 1 active roots
12-13 21:40:28.025  2943  3492 I libexynosv4l2: open video device /dev/video7
12-13 21:40:28.025  3403  3472 D WifiService: New client listening to asynchronous messages
12-13 21:40:28.025  2943  3492 W ACodec  : do not know color format 0x7f000011 = 2130706449
12-13 21:40:28.025  2943  3492 W ACodec  : do not know color format 0x10 = 16
12-13 21:40:28.025  2943  3492 W ACodec  : do not know color format 0x7f00a000 = 2130747392
12-13 21:40:28.025  2943  3492 W ACodec  : do not know color format 0x7f000789 = 2130708361
12-13 21:40:28.025  2943  3492 W ACodec  : do not know color format 0x7f000012 = 2130706450
12-13 21:40:28.027  2943  3492 D libexynosv4l2: try node: /dev/video6
12-13 21:40:28.027  2943  3492 D libexynosv4l2: try node: /dev/video7
12-13 21:40:28.027  2943  3492 I libexynosv4l2: node found for device s5p-mfc-enc: /dev/video7
12-13 21:40:28.030  2943  3492 I libexynosv4l2: open video device /dev/video7
12-13 21:40:28.030  2943  3492 W ACodec  : do not know color format 0x7f000011 = 2130706449
12-13 21:40:28.030  2943  3492 W ACodec  : do not know color format 0x10 = 16
12-13 21:40:28.030  2943  3492 W ACodec  : do not know color format 0x7f00a000 = 2130747392
12-13 21:40:28.030  2943  3492 W ACodec  : do not know color format 0x7f000789 = 2130708361
12-13 21:40:28.030  2943  3492 W ACodec  : do not know color format 0x7f000012 = 2130706450
12-13 21:40:28.032  2943  3492 D libexynosv4l2: try node: /dev/video6
12-13 21:40:28.032  2943  3492 D libexynosv4l2: try node: /dev/video7
12-13 21:40:28.032  2943  3492 I libexynosv4l2: node found for device s5p-mfc-enc: /dev/video7
12-13 21:40:28.035  3403  3467 I ActivityManager: Start proc 4082:com.android.settings/1000 for broadcast com.android.settings/.widget.SettingsAppWidgetProvider
12-13 21:40:28.036  2943  3492 I libexynosv4l2: open video device /dev/video7
12-13 21:40:28.036  2943  3492 W ACodec  : do not know color format 0x7f000011 = 2130706449
12-13 21:40:28.036  2943  3492 W ACodec  : do not know color format 0x10 = 16
12-13 21:40:28.036  2943  3492 W ACodec  : do not know color format 0x7f00a000 = 2130747392
12-13 21:40:28.036  2943  3492 W ACodec  : do not know color format 0x7f000789 = 2130708361
12-13 21:40:28.036  2943  3492 W ACodec  : do not know color format 0x7f000012 = 2130706450
12-13 21:40:28.038  2943  3492 D libexynosv4l2: try node: /dev/video6
12-13 21:40:28.038  2943  3492 D libexynosv4l2: try node: /dev/video7
12-13 21:40:28.038  2943  3492 I libexynosv4l2: node found for device s5p-mfc-enc: /dev/video7
12-13 21:40:28.040  4005  4005 I PrintSpoolerService: No existing print spooler state.
12-13 21:40:28.042  2943  3492 I libexynosv4l2: open video device /dev/video7
12-13 21:40:28.042  2943  3492 W ACodec  : do not know color format 0x7f000011 = 2130706449
12-13 21:40:28.042  2943  3492 W ACodec  : do not know color format 0x10 = 16
12-13 21:40:28.042  2943  3492 W ACodec  : do not know color format 0x7f00a000 = 2130747392
12-13 21:40:28.042  2943  3492 W ACodec  : do not know color format 0x7f000789 = 2130708361
12-13 21:40:28.042  2943  3492 W ACodec  : do not know color format 0x7f000012 = 2130706450
12-13 21:40:28.044  2943  3492 D libexynosv4l2: try node: /dev/video6
12-13 21:40:28.044  2943  3492 D libexynosv4l2: try node: /dev/video7
12-13 21:40:28.044  2943  3492 I libexynosv4l2: node found for device s5p-mfc-enc: /dev/video7
12-13 21:40:28.047  2943  3492 I libexynosv4l2: open video device /dev/video7
12-13 21:40:28.048  2943  3492 W ACodec  : do not know color format 0x7f000011 = 2130706449
12-13 21:40:28.048  2943  3492 W ACodec  : do not know color format 0x10 = 16
12-13 21:40:28.048  2943  3492 W ACodec  : do not know color format 0x7f00a000 = 2130747392
12-13 21:40:28.048  2943  3492 W ACodec  : do not know color format 0x7f000789 = 2130708361
12-13 21:40:28.048  2943  3492 W ACodec  : do not know color format 0x7f000012 = 2130706450
12-13 21:40:28.048  3980  3980 D CryptKeeper: Disabling component ComponentInfo{com.android.settings/com.android.settings.CryptKeeper}
12-13 21:40:28.049  2943  3492 D libexynosv4l2: try node: /dev/video6
12-13 21:40:28.049  2943  3492 D libexynosv4l2: try node: /dev/video7
12-13 21:40:28.049  2943  3492 I libexynosv4l2: node found for device s5p-mfc-enc: /dev/video7
12-13 21:40:28.054  2943  3492 I libexynosv4l2: open video device /dev/video7
12-13 21:40:28.054  2943  3492 W ACodec  : do not know color format 0x7f000011 = 2130706449
12-13 21:40:28.054  2943  3492 W ACodec  : do not know color format 0x10 = 16
12-13 21:40:28.054  2943  3492 W ACodec  : do not know color format 0x7f00a000 = 2130747392
12-13 21:40:28.054  2943  3492 W ACodec  : do not know color format 0x7f000789 = 2130708361
12-13 21:40:28.054  2943  3492 W ACodec  : do not know color format 0x7f000012 = 2130706450
12-13 21:40:28.055  3403  3566 I ActivityManager: START u0 {act=android.intent.action.MAIN cat=[android.intent.category.HOME] flg=0x10000000 cmp=com.cyanogenmod.setupwizard/.ui.SetupWizardActivity} from uid 0 on display 0
12-13 21:40:28.055  3964  3964 W System  : ClassLoader referenced unknown path: /system/priv-app/TelephonyProvider/lib/arm64
12-13 21:40:28.071  3403  3566 I ActivityManager: Start proc 4104:com.cyanogenmod.setupwizard/1000 for activity com.cyanogenmod.setupwizard/.ui.SetupWizardActivity
12-13 21:40:28.075  2943  3492 W OMXNodeInstance: [e:google.mpeg4.decoder] component does not support metadata mode; using fallback
12-13 21:40:28.076  2943  3492 W OMXNodeInstance: [f:google.mpeg4.decoder] component does not support metadata mode; using fallback
12-13 21:40:28.076  2943  3492 W MediaCodecList: ignoring Limit specified outside of a Type
12-13 21:40:28.076  2943  3492 W MediaCodecList: ignoring Limit specified outside of a Type
12-13 21:40:28.076  2943  3492 W MediaCodecList: ignoring Limit specified outside of a Type
12-13 21:40:28.076  2943  3492 W MediaCodecList: ignoring Limit specified outside of a Type
12-13 21:40:28.076  2943  3492 W MediaCodecList: ignoring Limit specified outside of a Type
12-13 21:40:28.076  2943  3492 W MediaCodecList: ignoring Feature specified outside of a Type
12-13 21:40:28.077  2943  3492 W OMXNodeInstance: [10:google.h263.decoder] component does not support metadata mode; using fallback
12-13 21:40:28.083  3403  3403 I FusedLocation: engine started (com.android.location.fused)
12-13 21:40:28.096  4082  4082 W System  : ClassLoader referenced unknown path: /system/priv-app/Settings/lib/arm64
12-13 21:40:28.097  2943  3492 W OMXNodeInstance: [11:google.h264.decoder] component does not support metadata mode; using fallback
12-13 21:40:28.105  4104  4104 W System  : ClassLoader referenced unknown path: /system/priv-app/CyanogenSetupWizard/lib/arm64
12-13 21:40:28.109  3935  3935 I LatinIME: Hardware accelerated drawing: true
12-13 21:40:28.110  3684  4127 D OpenGLRenderer: Use EGL_SWAP_BEHAVIOR_PRESERVED: true
12-13 21:40:28.117  2943  3492 W OMXNodeInstance: [12:google.hevc.decoder] component does not support metadata mode; using fallback
12-13 21:40:28.135  2943  3492 W OMXNodeInstance: [13:google.vp8.decoder] component does not support metadata mode; using fallback
12-13 21:40:28.137  3403  3472 D WifiService: New client listening to asynchronous messages
12-13 21:40:28.138  2943  3492 W OMXNodeInstance: [14:google.vp9.decoder] component does not support metadata mode; using fallback
12-13 21:40:28.145  3935  3935 W InputAttributes: No editor info for this field. Bug?
12-13 21:40:28.148  2943  3492 I SoftMPEG4Encoder: Construct SoftMPEG4Encoder
12-13 21:40:28.149  2943  3492 W ACodec  : do not know color format 0x7f000789 = 2130708361
12-13 21:40:28.152  3403  3421 D BluetoothManagerService: Message: 20
12-13 21:40:28.152  3403  3421 D BluetoothManagerService: Added callback: android.bluetooth.IBluetoothManagerCallback$Stub$Proxy@fcb7e69:true
12-13 21:40:28.154  3935  4140 I LatinIME:LogUtils: Dictionary info: dictionary = contacts.en_US ; version = 1481665228 ; date = ?
12-13 21:40:28.156  3403  3421 D BluetoothManagerService: Message: 30
12-13 21:40:28.158  3403  3421 D BluetoothManagerService: Message: 30
12-13 21:40:28.160  3684  3684 D LocalBluetoothProfileManager: Adding local MAP profile
12-13 21:40:28.161  3684  3684 D BluetoothMap: Create BluetoothMap proxy object
12-13 21:40:28.161  3403  3421 D BluetoothManagerService: Message: 30
12-13 21:40:28.163  3403  3421 D BluetoothManagerService: Message: 30
12-13 21:40:28.163  3684  3684 D LocalBluetoothProfileManager: LocalBluetoothProfileManager construction complete
12-13 21:40:28.165  2943  3492 W ACodec  : do not know color format 0x7f000789 = 2130708361
12-13 21:40:28.166  3403  3566 D ConnectivityService: listenForNetwork for Listen from uid/pid:10027/3684 for NetworkRequest [ id=3, legacyType=-1, [] ]
12-13 21:40:28.166  2943  3492 I SoftMPEG4Encoder: Construct SoftMPEG4Encoder
12-13 21:40:28.166  2943  3492 W ACodec  : do not know color format 0x7f000789 = 2130708361
12-13 21:40:28.168  3403  3421 D BluetoothManagerService: Message: 20
12-13 21:40:28.168  3403  3421 D BluetoothManagerService: Added callback: android.bluetooth.IBluetoothManagerCallback$Stub$Proxy@87d6f8b:true
12-13 21:40:28.171  3403  3421 D BluetoothManagerService: Message: 30
12-13 21:40:28.178  3403  3421 D BluetoothManagerService: Message: 30
12-13 21:40:28.179  2943  3492 W ACodec  : do not know color format 0x7f000789 = 2130708361
12-13 21:40:28.180  3684  3684 I CameraManagerGlobal: Connecting to camera service
12-13 21:40:28.180  4082  4082 D LocalBluetoothProfileManager: Adding local MAP profile
12-13 21:40:28.181  4082  4082 D BluetoothMap: Create BluetoothMap proxy object
12-13 21:40:28.181  3403  3421 D BluetoothManagerService: Message: 30
12-13 21:40:28.184  3403  3421 D BluetoothManagerService: Message: 30
12-13 21:40:28.187  4082  4082 D LocalBluetoothProfileManager: LocalBluetoothProfileManager construction complete
12-13 21:40:28.187  4104  4104 W GooglePlayServicesUtil: Google Play services is missing.
12-13 21:40:28.192  4104  4104 D TelephonyManager: getDataEnabled: retVal=false
12-13 21:40:28.201  3745  3786 D ContactDirectoryManager: Found com.android.exchange.directory.provider
12-13 21:40:28.204  3403  4006 I ActivityManager: Start proc 4155:org.cyanogenmod.weather.provider/u0a28 for content provider org.cyanogenmod.weather.provider/.WeatherContentProvider
12-13 21:40:28.214  4104  4104 W ContextImpl: Calling a method in the system process without a qualified user: android.app.ContextImpl.bindService:1295 android.content.ContextWrapper.bindService:610 android.speech.tts.TextToSpeech.connectToEngine:800 android.speech.tts.TextToSpeech.initTts:770 android.speech.tts.TextToSpeech.<init>:723 
12-13 21:40:28.215  3403  3985 I ActivityManager: Start proc 4172:android.process.media/u0a9 for broadcast com.android.providers.downloads/.DownloadReceiver
12-13 21:40:28.227  3403  3414 I ActivityManager: Start proc 4185:com.svox.pico/u0a55 for service com.svox.pico/.PicoService
12-13 21:40:28.228  4104  4104 I TextToSpeech: Sucessfully bound to com.svox.pico
12-13 21:40:28.229  4104  4104 E MediaPlayer-JNI: JNIMediaPlayerFactory: bIsQCMediaPlayerPresent 0
12-13 21:40:28.229  4104  4104 E MediaPlayer-JNI: JNIMediaPlayerFactory: bIsQCMediaPlayerPresent 0
12-13 21:40:28.231  4104  4104 D Ringtone: Problem opening; delegating to remote player
12-13 21:40:28.231  4104  4104 E MediaPlayer-JNI: JNIMediaPlayerFactory: bIsQCMediaPlayerPresent 0
12-13 21:40:28.231  4104  4104 E MediaPlayer-JNI: JNIMediaPlayerFactory: bIsQCMediaPlayerPresent 0
12-13 21:40:28.231  4104  4104 D Ringtone: Problem opening; delegating to remote player
12-13 21:40:28.238  3403  3566 I ActivityManager: Start proc 4200:com.android.exchange/u0a41 for content provider com.android.exchange/.provider.ExchangeDirectoryProvider
12-13 21:40:28.262  4155  4155 W System  : ClassLoader referenced unknown path: /system/priv-app/WeatherProvider/lib/arm64
12-13 21:40:28.272  4172  4172 W System  : ClassLoader referenced unknown path: /system/priv-app/DownloadProvider/lib/arm64
12-13 21:40:28.273  4200  4200 W System  : ClassLoader referenced unknown path: /system/app/Exchange2/lib/arm64
12-13 21:40:28.279  4172  4172 W System  : ClassLoader referenced unknown path: /system/priv-app/MediaProvider/lib/arm64
12-13 21:40:28.280  3684  3684 W QSTileHost: Error creating tile for spec: live_display
12-13 21:40:28.280  3684  3684 W QSTileHost: java.lang.IllegalArgumentException: Bad tile spec: live_display
12-13 21:40:28.280  3684  3684 W QSTileHost: 	at com.android.systemui.statusbar.phone.QSTileHost.createTile(QSTileHost.java:382)
12-13 21:40:28.280  3684  3684 W QSTileHost: 	at com.android.systemui.statusbar.phone.QSTileHost.onTuningChanged(QSTileHost.java:325)
12-13 21:40:28.280  3684  3684 W QSTileHost: 	at com.android.systemui.tuner.TunerService.addTunableByProvider(TunerService.java:114)
12-13 21:40:28.280  3684  3684 W QSTileHost: 	at com.android.systemui.statusbar.phone.QSTileHost.<init>(QSTileHost.java:153)
12-13 21:40:28.280  3684  3684 W QSTileHost: 	at com.android.systemui.statusbar.phone.PhoneStatusBar.makeStatusBarView(PhoneStatusBar.java:1189)
12-13 21:40:28.280  3684  3684 W QSTileHost: 	at com.android.systemui.statusbar.phone.PhoneStatusBar.addStatusBarWindow(PhoneStatusBar.java:3463)
12-13 21:40:28.280  3684  3684 W QSTileHost: 	at com.android.systemui.statusbar.phone.PhoneStatusBar.createAndAddWindows(PhoneStatusBar.java:3459)
12-13 21:40:28.280  3684  3684 W QSTileHost: 	at com.android.systemui.statusbar.BaseStatusBar.start(BaseStatusBar.java:631)
12-13 21:40:28.280  3684  3684 W QSTileHost: 	at com.android.systemui.statusbar.phone.PhoneStatusBar.start(PhoneStatusBar.java:818)
12-13 21:40:28.280  3684  3684 W QSTileHost: 	at com.android.systemui.statusbar.SystemBars.createStatusBarFromConfig(SystemBars.java:106)
12-13 21:40:28.280  3684  3684 W QSTileHost: 	at com.android.systemui.statusbar.SystemBars.onNoService(SystemBars.java:58)
12-13 21:40:28.280  3684  3684 W QSTileHost: 	at com.android.systemui.statusbar.ServiceMonitor.startService(ServiceMonitor.java:230)
12-13 21:40:28.280  3684  3684 W QSTileHost: 	at com.android.systemui.statusbar.ServiceMonitor.-wrap5(ServiceMonitor.java)
12-13 21:40:28.280  3684  3684 W QSTileHost: 	at com.android.systemui.statusbar.ServiceMonitor$1.handleMessage(ServiceMonitor.java:73)
12-13 21:40:28.280  3684  3684 W QSTileHost: 	at android.os.Handler.dispatchMessage(Handler.java:102)
12-13 21:40:28.280  3684  3684 W QSTileHost: 	at android.os.Looper.loop(Looper.java:148)
12-13 21:40:28.280  3684  3684 W QSTileHost: 	at android.app.ActivityThread.main(ActivityThread.java:5461)
12-13 21:40:28.280  3684  3684 W QSTileHost: 	at java.lang.reflect.Method.invoke(Native Method)
12-13 21:40:28.280  3684  3684 W QSTileHost: 	at com.android.internal.os.ZygoteInit$MethodAndArgsCaller.run(ZygoteInit.java:726)
12-13 21:40:28.280  3684  3684 W QSTileHost: 	at com.android.internal.os.ZygoteInit.main(ZygoteInit.java:616)
12-13 21:40:28.287  3684  3684 W CustomTileListenerService[]: CustomTile listener service not yet bound.
12-13 21:40:28.291  3684  3684 W Resources: Drawable com.android.systemui:drawable/ic_battery_circle has unresolved theme attributes! Consider using Resources.getDrawable(int, Theme) or Context.getDrawable(int).
12-13 21:40:28.291  3684  3684 W Resources: java.lang.RuntimeException
12-13 21:40:28.291  3684  3684 W Resources: 	at android.content.res.Resources.getDrawable(Resources.java:799)
12-13 21:40:28.291  3684  3684 W Resources: 	at com.android.systemui.BatteryMeterView$AllInOneBatteryMeterDrawable.loadBatteryDrawables(BatteryMeterView.java:637)
12-13 21:40:28.291  3684  3684 W Resources: 	at com.android.systemui.BatteryMeterView$AllInOneBatteryMeterDrawable.<init>(BatteryMeterView.java:492)
12-13 21:40:28.291  3684  3684 W Resources: 	at com.android.systemui.BatteryMeterView.createBatteryMeterDrawable(BatteryMeterView.java:264)
12-13 21:40:28.291  3684  3684 W Resources: 	at com.android.systemui.BatteryMeterView.setMode(BatteryMeterView.java:366)
12-13 21:40:28.291  3684  3684 W Resources: 	at com.android.systemui.BatteryMeterView.onBatteryStyleChanged(BatteryMeterView.java:336)
12-13 21:40:28.291  3684  3684 W Resources: 	at com.android.systemui.statusbar.policy.BatteryController.addStateChangedCallback(BatteryController.java:100)
12-13 21:40:28.291  3684  3684 W Resources: 	at com.android.systemui.BatteryMeterView.setBatteryStateRegistar(BatteryMeterView.java:283)
12-13 21:40:28.291  3684  3684 W Resources: 	at com.android.systemui.statusbar.phone.StatusBarHeaderView.setBatteryController(StatusBarHeaderView.java:350)
12-13 21:40:28.291  3684  3684 W Resources: 	at com.android.systemui.statusbar.phone.PhoneStatusBar.makeStatusBarView(PhoneStatusBar.java:1297)
12-13 21:40:28.291  3684  3684 W Resources: 	at com.android.systemui.statusbar.phone.PhoneStatusBar.addStatusBarWindow(PhoneStatusBar.java:3463)
12-13 21:40:28.291  3684  3684 W Resources: 	at com.android.systemui.statusbar.phone.PhoneStatusBar.createAndAddWindows(PhoneStatusBar.java:3459)
12-13 21:40:28.291  3684  3684 W Resources: 	at com.android.systemui.statusbar.BaseStatusBar.start(BaseStatusBar.java:631)
12-13 21:40:28.291  3684  3684 W Resources: 	at com.android.systemui.statusbar.phone.PhoneStatusBar.start(PhoneStatusBar.java:818)
12-13 21:40:28.291  3684  3684 W Resources: 	at com.android.systemui.statusbar.SystemBars.createStatusBarFromConfig(SystemBars.java:106)
12-13 21:40:28.291  3684  3684 W Resources: 	at com.android.systemui.statusbar.SystemBars.onNoService(SystemBars.java:58)
12-13 21:40:28.291  3684  3684 W Resources: 	at com.android.systemui.statusbar.ServiceMonitor.startService(ServiceMonitor.java:230)
12-13 21:40:28.291  3684  3684 W Resources: 	at com.android.systemui.statusbar.ServiceMonitor.-wrap5(ServiceMonitor.java)
12-13 21:40:28.291  3684  3684 W Resources: 	at com.android.systemui.statusbar.ServiceMonitor$1.handleMessage(ServiceMonitor.java:73)
12-13 21:40:28.291  3684  3684 W Resources: 	at android.os.Handler.dispatchMessage(Handler.java:102)
12-13 21:40:28.291  3684  3684 W Resources: 	at android.os.Looper.loop(Looper.java:148)
12-13 21:40:28.291  3684  3684 W Resources: 	at android.app.ActivityThread.main(ActivityThread.java:5461)
12-13 21:40:28.291  3684  3684 W Resources: 	at java.lang.reflect.Method.invoke(Native Method)
12-13 21:40:28.291  3684  3684 W Resources: 	at com.android.internal.os.ZygoteInit$MethodAndArgsCaller.run(ZygoteInit.java:726)
12-13 21:40:28.291  3684  3684 W Resources: 	at com.android.internal.os.ZygoteInit.main(ZygoteInit.java:616)
12-13 21:40:28.292  3684  3684 D BatteryMeterView: mTextGravity=17
12-13 21:40:28.292  3684  3684 D BatteryMeterView: mTextGravity=17
12-13 21:40:28.292  3684  3684 D BatteryMeterView: mTextGravity=17
12-13 21:40:28.294  3684  4127 D OpenGLRenderer: profile bars disabled
12-13 21:40:28.294  3684  4127 D OpenGLRenderer: ambientRatio = 1.50
12-13 21:40:28.297  2936  3051 D PermissionCache: checking android.permission.ACCESS_SURFACE_FLINGER for uid=10027 => granted (104 us)
12-13 21:40:28.299  3684  3684 D PhoneStatusBar: disable: < EXPAND* icons alerts system_info BACK* HOME* RECENT* clock SEARCH* quick_settings >
12-13 21:40:28.305  4185  4185 V SynthProxy: About to load libttspico.so, applyFilter=true
12-13 21:40:28.320  3684  3684 D PhoneStatusBar: heads up is enabled
12-13 21:40:28.324  3684  3684 D StatusBar: user hasn't seen notification about hidden notifications
12-13 21:40:28.324  3684  3684 D StatusBar: insecure lockscreen, skipping notification
12-13 21:40:28.338  3403  3478 D NotificationSQLiteLog: Pruned event entries: 0
12-13 21:40:28.343  3684  3684 D ViewRootImpl: changeCanvasOpacity: opaque=true
12-13 21:40:28.402  3684  4127 I OpenGLRenderer: Initialized EGL, version 1.4
12-13 21:40:28.406  3935  4140 I LatinIME:LogUtils: Dictionary info: dictionary = userunigram.en_US ; version = 1481665228 ; date = ?
12-13 21:40:28.406  3684  4127 D mali_winsys: EGLint new_window_surface(egl_winsys_display*, void*, EGLSurface, EGLConfig, egl_winsys_surface**, egl_color_buffer_format*, EGLBoolean) returns 0x3000,  [1440x96]-format:1
12-13 21:40:28.416  2943  3492 W MediaCodecList: Component OMX.Exynos.MP3.Decoder does not support any type of media?
12-13 21:40:28.416  2943  3492 W MediaCodecList: Component OMX.Exynos.VC1.Decoder does not support any type of media?
12-13 21:40:28.417  2943  3492 W MediaCodecList: unable to open media codecs configuration xml file: /etc/media_codecs_performance.xml
12-13 21:40:28.417  2943  3492 W MediaCodecList: unable to open media codecs configuration xml file: /data/misc/media/media_codecs_profiling_results.xml
12-13 21:40:28.418  3684  3861 I OMXClient: Using client-side OMX mux.
12-13 21:40:28.419  3403  3912 I OMXClient: Using client-side OMX mux.
12-13 21:40:28.419  3403  3472 D WifiService: New client listening to asynchronous messages
12-13 21:40:28.422  3684  3684 D PhoneStatusBar: disable: < EXPAND ICONS* ALERTS* system_info BACK HOME RECENT clock SEARCH quick_settings >
12-13 21:40:28.422  3684  3684 D PhoneStatusBar: heads up is disabled
12-13 21:40:28.422  3684  3684 D PhoneStatusBar: dismissing any existing heads up notification on disable event
12-13 21:40:28.444  3403  3414 I ActivityManager: Start proc 4273:com.android.email/u0a48 for content provider com.android.email/.provider.EmailProvider
12-13 21:40:28.464  4185  4185 I SVOX Pico Engine: loaded en-US successfully
12-13 21:40:28.473  4172  4172 I DownloadManager: Upgrading downloads database from version 0 to version 109, which will destroy all old data
12-13 21:40:28.494  3745  3786 I ContactDirectoryManager: deleted 0 stale rows which don't have any relevant directory
12-13 21:40:28.498  3403  4288 I OMXClient: Using client-side OMX mux.
12-13 21:40:28.509  4273  4273 W System  : ClassLoader referenced unknown path: /system/app/Email/lib/arm64
12-13 21:40:28.510  3684  4291 I OMXClient: Using client-side OMX mux.
12-13 21:40:28.545  3403  4295 I OMXClient: Using client-side OMX mux.
12-13 21:40:28.567  3684  4298 I OMXClient: Using client-side OMX mux.
12-13 21:40:28.568  3745  3786 I ContactDirectoryManager: Discovered 0 contact directories in 481ms
12-13 21:40:28.578  3745  3786 I ContactsProvider: Upgrading aggregation algorithm
12-13 21:40:28.581  3745  3786 I ContactAggregator: Marked all visible contacts for aggregation: 0 raw contacts, 1 ms
12-13 21:40:28.582  3403  4301 I OMXClient: Using client-side OMX mux.
12-13 21:40:28.629  3403  4304 I OMXClient: Using client-side OMX mux.
12-13 21:40:28.663  3935  4140 I LatinIME:LogUtils: Dictionary info: dictionary = UserHistoryDictionary.en_US ; version = 1481665228 ; date = ?
12-13 21:40:28.671  3403  4307 I OMXClient: Using client-side OMX mux.
12-13 21:40:28.704  3403  3678 I ActivityManager: Start proc 4310:com.cyanogenmod.eleven/u0a39 for broadcast com.cyanogenmod.eleven/.MediaButtonIntentReceiver
12-13 21:40:28.716  3953  4323 D AudioFx-AudioOutputChangeListener: onAudioOutputChanged id: 2 type: 2 name: SM-G935F address:  [android.media.AudioDeviceInfo@3dbd6e0]
12-13 21:40:28.720  3953  3953 D AudioFxService: rebuilding presets due to preference upgrade from 0 to 3
12-13 21:40:28.724  4310  4310 W System  : ClassLoader referenced unknown path: /system/app/Eleven/lib/arm64
12-13 21:40:28.744  2943  3492 D PermissionCache: checking android.permission.MODIFY_AUDIO_SETTINGS for uid=10003 => granted (379 us)
12-13 21:40:28.746  3953  3953 W Equalizer: WARNING: attaching an Equalizer to global output mix is deprecated!
12-13 21:40:28.749  3953  3953 W BassBoost: WARNING: attaching a BassBoost to global output mix is deprecated!
12-13 21:40:28.750  3953  3953 W Virtualizer: WARNING: attaching a Virtualizer to global output mix is deprecated!
12-13 21:40:28.774  3745  3786 I ContactsProvider: Aggregation algorithm upgraded for 0 raw contacts in 196ms
12-13 21:40:28.783  3745  3786 I ContactsFTS: Rebuild contact search index in 7ms, 0 contacts
12-13 21:40:28.816  3964  3964 D TelephonyProvider: dbh.onCreate:+ db=SQLiteDatabase: /data/user/0/com.android.providers.telephony/databases/telephony.db
12-13 21:40:28.816  3964  3964 D TelephonyProvider: dbh.createSimInfoTable:+
12-13 21:40:28.817  3964  3964 D TelephonyProvider: dbh.createSimInfoTable:-
12-13 21:40:28.817  3964  3964 D TelephonyProvider: dbh.createCarriersTable: carriers
12-13 21:40:28.818  3964  3964 D TelephonyProvider: dbh.createCarriersTable:-
12-13 21:40:28.818  3964  3964 D TelephonyProvider: No APNs in OEM image = /oem/telephony/apns-conf.xml Load APNs from system image
12-13 21:40:28.818  3964  3964 D TelephonyProvider: No APNs in OEM image = /data/misc/apns-conf.xml Load APNs from system image
12-13 21:40:28.818  3964  3964 D TelephonyProvider: confFile = /system/etc/apns-conf.xml
12-13 21:40:28.848  4273  4328 D ActivityThread: Loading provider com.android.email.provider;com.android.email.notifier: com.android.email.provider.EmailProvider
12-13 21:40:28.851  4273  4330 D ActivityThread: Loading provider com.android.email.provider;com.android.email.notifier: com.android.email.provider.EmailProvider
12-13 21:40:28.853  4273  4332 D ActivityThread: Loading provider com.android.email.provider;com.android.email.notifier: com.android.email.provider.EmailProvider
12-13 21:40:28.856  4273  4334 D ActivityThread: Loading provider com.android.email.provider;com.android.email.notifier: com.android.email.provider.EmailProvider
12-13 21:40:28.860  4172  4172 I MediaProvider: Upgrading media database from version 0 to 800, which will destroy all old data
12-13 21:40:28.863  4273  4336 D ActivityThread: Loading provider com.android.email.provider;com.android.email.notifier: com.android.email.provider.EmailProvider
12-13 21:40:28.864  4273  4333 D ActivityThread: Loading provider com.android.email.provider;com.android.email.notifier: com.android.email.provider.EmailProvider
12-13 21:40:28.869  4273  4332 D ActivityThread: Loading provider com.android.email.provider;com.android.email.notifier: com.android.email.provider.EmailProvider
12-13 21:40:28.886  3684  3684 D mali_winsys: EGLint new_window_surface(egl_winsys_display*, void*, EGLSurface, EGLConfig, egl_winsys_surface**, egl_color_buffer_format*, EGLBoolean) returns 0x3000,  [2880x2560]-format:2
12-13 21:40:28.896  3403  3680 I ActivityManager: Start proc 4338:com.cyanogenmod.eleven:main/u0a39 for service com.cyanogenmod.eleven/.MusicPlaybackService
12-13 21:40:28.923  4172  4172 D MediaProvider: Adjusting external storage paths to: /storage/emulated/0
12-13 21:40:28.937  4338  4338 W System  : ClassLoader referenced unknown path: /system/app/Eleven/lib/arm64
12-13 21:40:28.955  3684  3684 I Choreographer: Skipped 35 frames!  The application may be doing too much work on its main thread.
12-13 21:40:28.968  4172  4172 E SQLiteLog: (1) no such table: album_info
12-13 21:40:28.997  3935  4140 I BinaryDictionaryFileDumper: reinitializeClientRecordInDictionaryContentProvider() : MetadataFileUri = 
12-13 21:40:29.047  4338  4338 V RenderScript_jni: RS native mode
12-13 21:40:29.048  4338  4338 V RenderScript_jni: Unable to load libRSSupportIO.so, USAGE_IO not supported
12-13 21:40:29.186  4338  4355 V RenderScript: 0x7fa39a3000 Launching thread(s), CPUs 8
12-13 21:40:29.254  4338  4338 E MediaPlayer-JNI: JNIMediaPlayerFactory: bIsQCMediaPlayerPresent 0
12-13 21:40:29.254  4338  4338 E MediaPlayer-JNI: JNIMediaPlayerFactory: bIsQCMediaPlayerPresent 0
12-13 21:40:29.524  4338  4373 D LocaleSetManager: Locale Changed from: null to null
12-13 21:40:29.527  4338  4373 I MusicLocale: AddressBook Labels [en-US]: [, A, B, C, D, E, F, G, H, I, J, K, L, M, N, O, P, Q, R, S, T, U, V, W, X, Y, Z, , , , , , , , , , , , , , , , , , , , , , , , , , , , , , , , , , , , , , , , , , , , , , , , , , , , , , , , , , , , , , , , , , , , , , , , , , , , , , , , , , , , , , , , , , , , , , , , , , , , , , , , , , , , , , , , , , , , , , , , , , , , , , , , , , , , , , , , , , , , , , , , , , , , , , , , , , , , , , , , , , , , , , , , , , , , , , , , , , , , , , , , , , , #, ]
12-13 21:40:29.529  4338  4373 I MusicLocale: AddressBook Labels [en-US]: [, A, B, C, D, E, F, G, H, I, J, K, L, M, N, O, P, Q, R, S, T, U, V, W, X, Y, Z, , , , , , , , , , , , , , , , , , , , , , , , , , , , , , , , , , , , , , , , , , , , , , , , , , , , , , , , , , , , , , , , , , , , , , , , , , , , , , , , , , , , , , , , , , , , , , , , , , , , , , , , , , , , , , , , , , , , , , , , , , , , , , , , , , , , , , , , , , , , , , , , , , , , , , , , , , , , , , , , , , , , , , , , , , , , , , , , , , , , , , , , , , , #, ]
12-13 21:40:29.542  4338  4373 D LocaleSetManager: Locale Changed from: null to en-US
12-13 21:40:29.660  3935  4140 I LatinIME:LogUtils: Dictionary info: dictionary = main:da ; version = 44 ; date = 1393228134
12-13 21:40:29.661  3935  4140 I LatinIME:LogUtils: Dictionary info: dictionary = main:lb ; version = 1 ; date = 1380519383
12-13 21:40:29.662  3935  4140 I LatinIME:LogUtils: Dictionary info: dictionary = main:nb ; version = 44 ; date = 1393228136
12-13 21:40:29.662  3935  4140 I LatinIME:LogUtils: Dictionary info: dictionary = main:de ; version = 54 ; date = 1414726263
12-13 21:40:29.663  3935  4140 I LatinIME:LogUtils: Dictionary info: dictionary = main:bg ; version = 1 ; date = 1457766000
12-13 21:40:29.663  3935  4140 I LatinIME:LogUtils: Dictionary info: dictionary = main:fi ; version = 44 ; date = 1393228135
12-13 21:40:29.664  3935  4140 I LatinIME:LogUtils: Dictionary info: dictionary = main:uk ; version = 1 ; date = 1376495808
12-13 21:40:29.681  3935  4140 I LatinIME:LogUtils: Dictionary info: dictionary = main:el ; version = 44 ; date = 1393228134
12-13 21:40:29.682  3935  4140 I LatinIME:LogUtils: Dictionary info: dictionary = main:nl ; version = 44 ; date = 1393228136
12-13 21:40:29.684  3935  4140 I LatinIME:LogUtils: Dictionary info: dictionary = main:fr ; version = 54 ; date = 1414726264
12-13 21:40:29.684  3935  4140 I LatinIME:LogUtils: Dictionary info: dictionary = main:hr ; version = 44 ; date = 1393228135
12-13 21:40:29.685  3935  4140 I LatinIME:LogUtils: Dictionary info: dictionary = main:cs ; version = 44 ; date = 1393228134
12-13 21:40:29.685  3935  4140 I LatinIME:LogUtils: Dictionary info: dictionary = main:es ; version = 54 ; date = 1414726268
12-13 21:40:29.685  3935  4140 I LatinIME:LogUtils: Dictionary info: dictionary = main:it ; version = 54 ; date = 1414726258
12-13 21:40:29.686  3935  4140 I LatinIME:LogUtils: Dictionary info: dictionary = main:ru ; version = 54 ; date = 1414726277
12-13 21:40:29.717  3935  4140 I LatinIME:LogUtils: Dictionary info: dictionary = main:sv ; version = 44 ; date = 1393228154
