07-26 21:47:26.648  4429  4429 I PackageManager: SELinux relabeling of com.android.wallpaper.holospiral issued.
07-26 21:47:26.667  4429  4429 I PackageManager: SELinux relabeling of com.android.keychain issued.
07-26 21:47:27.173  4429  4429 I PackageManager: SELinux relabeling of com.android.inputmethod.latin issued.
07-26 21:47:27.203  4429  4429 I PackageManager: SELinux relabeling of com.android.wallpaper issued.
07-26 21:47:27.225  4429  4429 I PackageManager: SELinux relabeling of com.android.wallpaper.livepicker issued.
07-26 21:47:27.320  4429  4429 I PackageManager: SELinux relabeling of com.cyanogenmod.lockclock issued.
07-26 21:47:27.343  4429  4429 I PackageManager: SELinux relabeling of com.android.noisefield issued.
07-26 21:47:27.359  4429  4429 I PackageManager: SELinux relabeling of com.android.pacprocessor issued.
07-26 21:47:27.382  4429  4429 I PackageManager: SELinux relabeling of com.android.phasebeam issued.
07-26 21:47:27.428  4429  4429 I PackageManager: SELinux relabeling of org.cyanogenmod.wallpapers.photophase issued.
07-26 21:47:27.454  4429  4429 I PackageManager: SELinux relabeling of com.android.dreams.phototable issued.
07-26 21:47:27.474  4429  4429 I PackageManager: SELinux relabeling of com.svox.pico issued.
07-26 21:47:27.502  4429  4429 I PackageManager: SELinux relabeling of com.android.printspooler issued.
07-26 21:47:27.520  4429  4429 I PackageManager: SELinux relabeling of org.cyanogenmod.profiles issued.
07-26 21:47:27.536  4429  4429 I PackageManager: SELinux relabeling of com.android.provision issued.
07-26 21:47:27.552  4429  4429 I PackageManager: SELinux relabeling of com.gd.mobicore.pa issued.
07-26 21:47:27.573  4429  4429 I PackageManager: SELinux relabeling of com.cyanogenmod.samsungservicemode issued.
07-26 21:47:27.598  4429  4429 I PackageManager: SELinux relabeling of com.android.soundrecorder issued.
07-26 21:47:27.622  4429  4429 I PackageManager: SELinux relabeling of com.android.stk issued.
07-26 21:47:27.643  4429  4429 I PackageManager: SELinux relabeling of com.android.terminal issued.
07-26 21:47:27.659  4429  4429 I PackageManager: SELinux relabeling of com.android.providers.userdictionary issued.
07-26 21:47:27.675  4429  4429 I PackageManager: SELinux relabeling of com.android.smspush issued.
07-26 21:47:27.701  4429  4429 I PackageManager: SELinux relabeling of org.cyanogenmod.wallpaperpicker issued.
07-26 21:47:27.706  4429  4429 W PackageManager: Failed to parse /system/app/mcRegistry: Missing base APK in /system/app/mcRegistry
07-26 21:47:28.393  4429  4429 I PackageManager: SELinux relabeling of com.android.messaging issued.
07-26 21:47:28.414  4429  4429 I PackageManager: SELinux relabeling of com.android.frameworks.telresources issued.
07-26 21:47:28.483  4429  4429 I PackageManager: SELinux relabeling of com.android.webview issued.
07-26 21:47:28.487  4429  4429 D PackageManager: No files in app dir /system/vendor/app
07-26 21:47:28.487  4429  4429 D PackageManager: No files in app dir /oem/app
07-26 21:47:28.487  4429  4429 D PackageManager: No files in app dir /vendor/bundled-app
07-26 21:47:28.488  4429  4429 W PackageManager: Failed to parse /data/app/mcRegistry: Missing base APK in /data/app/mcRegistry
07-26 21:47:28.488  4429  4429 D PackageManager: No files in app dir /data/app-private
07-26 21:47:28.489  4429  4429 E PackageManager: updateAllSharedLibrariesLPw failed: Package com.android.dialer requires unavailable shared library com.qualcomm.qti.smartsearch; failing!
07-26 21:47:28.489  4429  4429 W PackageManager: Package com.android.gallery3d desires unavailable shared library com.google.android.media.effects; ignoring!
07-26 21:47:28.489  4429  4429 W PackageManager: Package com.android.gallery3d desires unavailable shared library com.google.android.media.effects; ignoring!
07-26 21:47:28.489  4429  4429 I PackageManager: Adjusting ABI for : org.cyanogenmod.cmsettings to arm64-v8a
07-26 21:47:28.489  4429  4429 I PackageManager: Adjusting ABI for : com.android.location.fused to arm64-v8a
07-26 21:47:28.490  4429  4429 I PackageManager: Adjusting ABI for : cyanogenmod.platform to arm64-v8a
07-26 21:47:28.490  2934  2934 E installd: invalid apk path '/system/framework/org.cyanogenmod.platform-res.apk' (bad prefix)
07-26 21:47:28.490  4429  4429 I PackageManager: Adjusting ABI for : com.android.server.telecom to arm64-v8a
07-26 21:47:28.490  4429  4429 I PackageManager: Adjusting ABI for : com.cyanogenmod.setupwizard to arm64-v8a
07-26 21:47:28.490  4429  4429 I PackageManager: Adjusting ABI for : com.android.keychain to arm64-v8a
07-26 21:47:28.491  4429  4429 I PackageManager: Adjusting ABI for : com.android.settings to arm64-v8a
07-26 21:47:28.491  4429  4429 I PackageManager: Adjusting ABI for : com.android.development to arm64-v8a
07-26 21:47:28.491  4429  4429 I PackageManager: Adjusting ABI for : org.cyanogenmod.providers.datausage to arm64-v8a
07-26 21:47:28.491  4429  4429 I PackageManager: Adjusting ABI for : com.android.providers.settings to arm64-v8a
07-26 21:47:28.492  4429  4429 I PackageManager: Adjusting ABI for : com.android.inputdevices to arm64-v8a
07-26 21:47:28.492  4429  4429 I PackageManager: Time to scan packages: 8.351 seconds
07-26 21:47:28.493  4429  4429 W PackageManager: Unknown permission com.google.android.googleapps.permission.GOOGLE_AUTH in package com.android.providers.calendar
07-26 21:47:28.493  4429  4429 W PackageManager: Unknown permission com.google.android.googleapps.permission.GOOGLE_AUTH.cl in package com.android.providers.calendar
07-26 21:47:28.494  4429  4429 W PackageManager: Not granting permission android.permission.REAL_GET_TASKS to package org.cyanogenmod.wallpapers.photophase (protectionLevel=18 flags=0x3818be45)
07-26 21:47:28.494  4429  4429 W PackageManager: Unknown permission com.cyanogen.ambient.permission.BIND_CALLER_INFO in package com.android.messaging
07-26 21:47:28.495  4429  4429 W PackageManager: Not granting permission android.permission.ACCESS_DOWNLOAD_MANAGER to package com.android.browser (protectionLevel=18 flags=0x3849be45)
07-26 21:47:28.495  4429  4429 W PackageManager: Not granting permission android.permission.SEND_DOWNLOAD_COMPLETED_INTENTS to package com.android.browser (protectionLevel=2 flags=0x3849be45)
07-26 21:47:28.496  4429  4429 W PackageManager: Unknown permission com.cyngn.stats.SEND_ANALYTICS in package com.cyanogenmod.setupwizard
07-26 21:47:28.496  4429  4429 W PackageManager: Unknown permission com.cyanogen.permission.REQUEST_KILL_SWITCH_OP in package com.cyanogenmod.setupwizard
07-26 21:47:28.497  4429  4429 W PackageManager: Unknown permission com.cyanogen.ambient.permission.BIND_INCALL_SERVICE in package com.android.contacts
07-26 21:47:28.497  4429  4429 W PackageManager: Unknown permission com.cyanogen.ambient.permission.PLUGIN_STATUS_CHANGED in package com.android.contacts
07-26 21:47:28.497  4429  4429 W PackageManager: Unknown permission com.cyanogen.ambient.permission.BIND_CALLER_INFO in package com.android.contacts
07-26 21:47:28.498  4429  4429 W PackageManager: Unknown permission com.google.android.googleapps.permission.GOOGLE_AUTH.mail in package com.android.calendar
07-26 21:47:28.498  4429  4429 W PackageManager: Unknown permission com.android.launcher.permission.READ_SETTINGS in package com.android.onetimeinitializer
07-26 21:47:28.498  4429  4429 W PackageManager: Unknown permission com.android.launcher.permission.WRITE_SETTINGS in package com.android.onetimeinitializer
07-26 21:47:28.499  4429  4429 W PackageManager: Unknown permission com.cyanogen.ambient.permission.BIND_INCALL_SERVICE in package com.android.dialer
07-26 21:47:28.500  4429  4429 W PackageManager: Unknown permission com.cyanogen.ambient.permission.PLUGIN_STATUS_CHANGED in package com.android.dialer
07-26 21:47:28.500  4429  4429 W PackageManager: Unknown permission com.cyanogen.ambient.permission.PUBLISH_DISCOVERY_NUDGE in package com.android.dialer
07-26 21:47:28.500  4429  4429 W PackageManager: Unknown permission com.cyanogen.ambient.permission.BIND_DEEPLINK_SERVICE in package com.android.dialer
07-26 21:47:28.500  4429  4429 W PackageManager: Unknown permission com.cyanogen.ambient.permission.READ_DEEPLINK_DATABASE in package com.android.dialer
07-26 21:47:28.500  4429  4429 W PackageManager: Unknown permission com.cyanogen.ambient.permission.BIND_CALLER_INFO in package com.android.dialer
07-26 21:47:28.500  4429  4429 W PackageManager: Unknown permission com.android.launcher.permission.READ_SETTINGS in package com.cyanogenmod.trebuchet
07-26 21:47:28.500  4429  4429 W PackageManager: Unknown permission com.android.launcher.permission.WRITE_SETTINGS in package com.cyanogenmod.trebuchet
07-26 21:47:28.500  4429  4429 W PackageManager: Unknown permission com.cyngn.stats.SEND_ANALYTICS in package com.cyanogenmod.trebuchet
07-26 21:47:28.501  4429  4429 W PackageManager: Unknown permission android.permission.CANCEL_NOTIFICATIONS in package org.cyanogenmod.theme.chooser
07-26 21:47:28.501  4429  4429 W PackageManager: Unknown permission com.google.android.permission.INSTALL_WEARABLE_PACKAGES in package com.android.packageinstaller
07-26 21:47:28.501  4429  4429 W PackageManager: Not granting permission android.permission.DELETE_PACKAGES to package com.svox.pico (protectionLevel=18 flags=0x3808be45)
07-26 21:47:28.501  4429  4429 W PackageManager: Unknown permission android.permission.ACCESS_SUPERUSER in package com.cyanogenmod.filemanager
07-26 21:47:28.501  4429  4429 W PackageManager: Unknown permission com.cyanogenmod.filemanager.permissions.READ_THEME in package com.cyanogenmod.filemanager
07-26 21:47:28.502  4429  4429 W PackageManager: Unknown permission com.google.android.gallery3d.permission.PICASA_STORE in package com.android.dreams.phototable
07-26 21:47:28.502  4429  4429 W PackageManager: Unknown permission com.google.android.googleapps.permission.GOOGLE_AUTH in package com.android.settings
07-26 21:47:28.503  4429  4429 W PackageManager: Unknown permission com.android.launcher.permission.READ_SETTINGS in package com.android.settings
07-26 21:47:28.503  4429  4429 W PackageManager: Unknown permission com.android.launcher.permission.WRITE_SETTINGS in package com.android.settings
07-26 21:47:28.503  4429  4429 W PackageManager: Not granting permission android.permission.REAL_GET_TASKS to package com.cyanogenmod.eleven (protectionLevel=18 flags=0x3818be65)
07-26 21:47:28.508  4429  4429 W PackageManager: Unknown permission com.google.android.gallery3d.permission.GALLERY_PROVIDER in package com.android.bluetooth
07-26 21:47:28.509  4429  4429 W PackageManager: Unknown permission com.google.android.googleapps.permission.ACCESS_GOOGLE_PASSWORD in package com.android.development
07-26 21:47:28.509  4429  4429 W PackageManager: Unknown permission com.google.android.googleapps.permission.GOOGLE_AUTH in package com.android.development
07-26 21:47:28.509  4429  4429 W PackageManager: Unknown permission com.google.android.googleapps.permission.GOOGLE_AUTH.ALL_SERVICES in package com.android.development
07-26 21:47:28.509  4429  4429 W PackageManager: Unknown permission com.google.android.googleapps.permission.GOOGLE_AUTH.YouTubeUser in package com.android.development
07-26 21:47:28.510  4429  4429 V PackageManager: Disabling com.google.android.gsf/com.google.android.gsf.update.SystemUpdateActivity
07-26 21:47:28.510  4429  4429 W PackageManager: Unable to disable com.google.android.gsf/com.google.android.gsf.update.SystemUpdateActivity
07-26 21:47:28.510  4429  4429 V PackageManager: Disabling com.google.android.gsf/com.google.android.gsf.update.SystemUpdateService$Receiver
07-26 21:47:28.510  4429  4429 W PackageManager: Unable to disable com.google.android.gsf/com.google.android.gsf.update.SystemUpdateService$Receiver
07-26 21:47:28.510  4429  4429 V PackageManager: Disabling com.google.android.gsf/com.google.android.gsf.update.SystemUpdateService$SecretCodeReceiver
07-26 21:47:28.510  4429  4429 W PackageManager: Unable to disable com.google.android.gsf/com.google.android.gsf.update.SystemUpdateService$SecretCodeReceiver
07-26 21:47:28.511  4429  4429 V PackageManager: Disabling com.google.android.gms/com.google.android.gms.update.SystemUpdateActivity
07-26 21:47:28.511  4429  4429 W PackageManager: Unable to disable com.google.android.gms/com.google.android.gms.update.SystemUpdateActivity
07-26 21:47:28.511  4429  4429 V PackageManager: Disabling com.google.android.gms/com.google.android.gms.update.SystemUpdateService$Receiver
07-26 21:47:28.511  4429  4429 W PackageManager: Unable to disable com.google.android.gms/com.google.android.gms.update.SystemUpdateService$Receiver
07-26 21:47:28.511  4429  4429 V PackageManager: Disabling com.google.android.gms/com.google.android.gms.update.SystemUpdateService$ActiveReceiver
07-26 21:47:28.511  4429  4429 W PackageManager: Unable to disable com.google.android.gms/com.google.android.gms.update.SystemUpdateService$ActiveReceiver
07-26 21:47:28.511  4429  4429 V PackageManager: Disabling com.google.android.gms/com.google.android.gms.update.SystemUpdateService$SecretCodeReceiver
07-26 21:47:28.511  4429  4429 W PackageManager: Unable to disable com.google.android.gms/com.google.android.gms.update.SystemUpdateService$SecretCodeReceiver
07-26 21:47:28.511  4429  4429 V PackageManager: Enabling com.google.android.gsf/com.google.android.gsf.update.SystemUpdateService
07-26 21:47:28.511  4429  4429 W PackageManager: Unable to enable com.google.android.gsf/com.google.android.gsf.update.SystemUpdateService
07-26 21:47:28.511  4429  4429 V PackageManager: Enabling com.google.android.gms/com.google.android.gms.update.SystemUpdateService
07-26 21:47:28.511  4429  4429 W PackageManager: Unable to enable com.google.android.gms/com.google.android.gms.update.SystemUpdateService
07-26 21:47:28.710  4429  4429 I art     : Starting a blocking GC Explicit
07-26 21:47:28.727  4429  4429 I art     : Explicit concurrent mark sweep GC freed 50811(2MB) AllocSpace objects, 8(416KB) LOS objects, 33% free, 28MB/42MB, paused 74us total 17.201ms
07-26 21:47:28.728  4429  4429 I SystemServer: User Service
07-26 21:47:28.737  2918  2918 I lowmemorykiller: ActivityManager connected
07-26 21:47:28.742  4429  4429 I SystemServiceManager: Starting com.android.server.BatteryService
07-26 21:47:28.742  4429  4459 I         : System server: starting sensor init.
07-26 21:47:28.742  4429  4459 D SensorService: nuSensorService starting...
07-26 21:47:28.743  4429  4459 I Sensors : getName:gyro_sensor name = K6DS3TR.
07-26 21:47:28.744  4429  4459 I Sensors : Proximity old sensor_state 0, new sensor_state : 128 en : 1
07-26 21:47:28.753  4429  4429 I SystemServiceManager: Starting com.android.server.usage.UsageStatsService
07-26 21:47:28.754  4429  4459 I Sensors : Light old sensor_state 128, new sensor_state : 640 en : 1
07-26 21:47:28.759  4429  4459 I Sensors : Light_IR old sensor_state 640, new sensor_state : 16777856 en : 1
07-26 21:47:28.759  4429  4459 E Sensors : Light_IR_Sensor write failed. ret = -1, sensor_state = 16777856
07-26 21:47:28.760  4429  4459 I Sensors : SigMotionSensor old sensor_state 640, new sensor_state : 17024 en : 1
07-26 21:47:28.765  4429  4459 I Sensors : getName:gyro_sensor name = K6DS3TR.
07-26 21:47:28.765  4429  4459 I Sensors : StepCounterSensor old sensor_state 17024, new sensor_state : 279168 en : 1
07-26 21:47:28.766  4429  4459 E Sensors : StepCounterSensor write failed. ret = -1, sensor_state = 279168
07-26 21:47:28.766  4429  4459 I Sensors : Int.Gyro old sensor_state 17024, new sensor_state : 33571456 en : 1
07-26 21:47:28.766  4429  4459 E Sensors : Int.GyroSensor write failed. ret = -1, sensor_state = 33571456
07-26 21:47:28.766  4429  4459 I Sensors : getName:gyro_sensor name = K6DS3TR.
07-26 21:47:28.766  4429  4459 I Sensors : HrmSpO2Sensor:: part type = 12.
07-26 21:47:28.766  4429  4459 D Sensors : HrmSpO2Sensor::type:12, prox threshold:10000
07-26 21:47:28.766  4429  4459 D Sensors : HrmSpO2Sensor::handle:0 ,en:1
07-26 21:47:28.766  4429  4459 E Sensors : HrmSpO2Sensor::Error MAXIM Flicker Library...handle=0x0
07-26 21:47:28.766  4429  4459 D Sensors : HrmSpO2Sensor::HrmSpO2Sensor: Shared version Registered
07-26 21:47:28.766  4429  4459 D Sensors : HrmLedSensor enable: mEnabled 0, handle 20, en 1
07-26 21:47:28.766  4429  4459 D Sensors : HRMSensor led enabled:1, en:1
07-26 21:47:28.770  4429  4459 I Sensors : getVendor:hrm_sensor vendor = MAXIM.
07-26 21:47:28.770  4429  4459 I Sensors : HrmLedSensor: HrmLedSensor vendor = MAXIM.
07-26 21:47:28.771  4429  4459 D Sensors : HRMSensor_LED::libhr open start!! 
07-26 21:47:28.771  4429  4459 E Sensors : HRMSensor_LED::libhr open failed 
07-26 21:47:28.771  4429  4459 E Sensors : GripSensor: enable
07-26 21:47:28.801  4429  4459 I Sensors : Proximity old sensor_state 17024, new sensor_state : 16896 en : 0
07-26 21:47:28.801  4429  4459 I Sensors : Light old sensor_state 16896, new sensor_state : 16384 en : 0
07-26 21:47:28.801  4429  4459 I Sensors : SigMotionSensor old sensor_state 16384, new sensor_state : 0 en : 0
07-26 21:47:28.801  4429  4459 E Sensors : GripSensor: enable
07-26 21:47:28.802  4429  4459 D Sensors : HrmSpO2Sensor::handle:19 ,en:0
07-26 21:47:28.802  4429  4459 D Sensors : HrmSpO2Sensor::isEnabled:0 ,en:0, mEn:0
07-26 21:47:28.802  4429  4459 D Sensors : HrmSpO2Sensor::handle:28 ,en:0
07-26 21:47:28.802  4429  4459 D Sensors : HrmSpO2Sensor::isEnabled:0 ,en:0, mEn:0
07-26 21:47:28.802  4429  4459 D Sensors : HrmLedSensor enable: mEnabled 1, handle 20, en 0
07-26 21:47:28.802  4429  4459 D Sensors : HRMSensor_LED::enable 
07-26 21:47:28.802  4429  4459 D Sensors : HRMSensor led enabled:0, en:0
07-26 21:47:28.803  4429  4459 D Sensors : HrmLedSensor enable: mEnabled 0, handle 21, en 0
07-26 21:47:28.803  4429  4459 D Sensors : HrmLedSensor isEnabled:0 ,en:0
07-26 21:47:28.803  4429  4459 D Sensors : HrmSpO2Sensor::handle:18 ,en:0
07-26 21:47:28.803  4429  4459 D Sensors : HrmSpO2Sensor::isEnabled:0 ,en:0, mEn:0
07-26 21:47:28.803  4429  4459 I         : System server: sensor init done.
07-26 21:47:28.804  4429  4460 D SensorService: new thread SensorEventAckReceiver
07-26 21:47:28.811  4429  4461 D SensorService: nuSensorService thread starting...
07-26 21:47:28.857  4429  4429 I UsageStatsService: User[0] Rollover scheduled @ 2016-07-27 00:00:00(1469577600000)
07-26 21:47:28.858  4429  4429 I SystemServiceManager: Starting com.android.server.webkit.WebViewUpdateService
07-26 21:47:28.859  4429  4429 I SystemServer: Reading configuration...
07-26 21:47:28.859  4429  4429 I SystemServer: Scheduling Policy
07-26 21:47:28.859  4429  4429 I SystemServiceManager: Starting com.android.server.telecom.TelecomLoaderService
07-26 21:47:28.860  4429  4429 I SystemServer: Telephony Registry
07-26 21:47:28.869  4429  4429 I SystemServer: Entropy Mixer
07-26 21:47:28.894  4429  4429 I EntropyMixer: Added HW RNG output to entropy pool
07-26 21:47:28.894  4429  4429 I EntropyMixer: Writing entropy...
07-26 21:47:28.908  4429  4429 I SystemServer: Camera Service
07-26 21:47:28.908  4429  4429 I SystemServiceManager: Starting com.android.server.camera.CameraService
07-26 21:47:28.910  4429  4462 I ServiceThread: Enabled StrictMode logging for CameraService_proxy looper.
07-26 21:47:28.910  4429  4429 I SystemServer: Account Manager
07-26 21:47:28.938  4429  4429 I SystemServer: Content Manager
07-26 21:47:28.944  4429  4429 I SystemServer: System Content Providers
07-26 21:47:28.951  4429  4429 W System  : ClassLoader referenced unknown path: /system/priv-app/CMSettingsProvider/lib/arm64
07-26 21:47:28.969  4429  4429 W System  : ClassLoader referenced unknown path: /system/priv-app/SettingsProvider/lib/arm64
07-26 21:47:29.027  4429  4429 I SystemServer: Vibrator Service
07-26 21:47:29.034  4429  4429 I SystemServer: Consumer IR Service
07-26 21:47:29.035  4429  4429 E ConsumerIrService: Can't open consumer IR HW Module, error: -2
07-26 21:47:29.035  4429  4429 E System  : ******************************************
07-26 21:47:29.036  4429  4429 E System  : ************ Failure starting core service
07-26 21:47:29.036  4429  4429 E System  : java.lang.RuntimeException: FEATURE_CONSUMER_IR present, but no IR HAL loaded!
07-26 21:47:29.036  4429  4429 E System  : 	at com.android.server.ConsumerIrService.<init>(ConsumerIrService.java:51)
07-26 21:47:29.036  4429  4429 E System  : 	at com.android.server.SystemServer.startOtherServices(SystemServer.java:508)
07-26 21:47:29.036  4429  4429 E System  : 	at com.android.server.SystemServer.run(SystemServer.java:290)
07-26 21:47:29.036  4429  4429 E System  : 	at com.android.server.SystemServer.main(SystemServer.java:175)
07-26 21:47:29.036  4429  4429 E System  : 	at java.lang.reflect.Method.invoke(Native Method)
07-26 21:47:29.036  4429  4429 E System  : 	at com.android.internal.os.ZygoteInit$MethodAndArgsCaller.run(ZygoteInit.java:726)
07-26 21:47:29.036  4429  4429 E System  : 	at com.android.internal.os.ZygoteInit.main(ZygoteInit.java:616)
07-26 21:47:29.036  4429  4429 I SystemServer: Input Method Service
07-26 21:47:29.074  4429  4429 W InputMethodManagerService: No IME selected. Choose the most applicable IME.
07-26 21:47:29.074  4429  4429 I InputMethodManagerService: Default found, using com.android.inputmethod.latin/.LatinIME
07-26 21:47:29.078  4429  4429 I SystemServer: Accessibility Manager
07-26 21:47:29.089  4429  4429 W SystemServer: ***********************************************
07-26 21:47:29.089  4429  4429 E SystemServer: BOOT FAILURE making display ready
07-26 21:47:29.089  4429  4429 E SystemServer: java.lang.NullPointerException: Attempt to invoke virtual method 'void com.android.server.wm.WindowManagerService.displayReady()' on a null object reference
07-26 21:47:29.089  4429  4429 E SystemServer: 	at com.android.server.SystemServer.startOtherServices(SystemServer.java:590)
07-26 21:47:29.089  4429  4429 E SystemServer: 	at com.android.server.SystemServer.run(SystemServer.java:290)
07-26 21:47:29.089  4429  4429 E SystemServer: 	at com.android.server.SystemServer.main(SystemServer.java:175)
07-26 21:47:29.089  4429  4429 E SystemServer: 	at java.lang.reflect.Method.invoke(Native Method)
07-26 21:47:29.089  4429  4429 E SystemServer: 	at com.android.internal.os.ZygoteInit$MethodAndArgsCaller.run(ZygoteInit.java:726)
07-26 21:47:29.089  4429  4429 E SystemServer: 	at com.android.internal.os.ZygoteInit.main(ZygoteInit.java:616)
07-26 21:47:29.091  4429  4429 I SystemServiceManager: Starting com.android.server.MountService$Lifecycle
07-26 21:47:29.105  4429  4429 I SystemServiceManager: Starting com.android.server.UiModeManagerService
07-26 21:47:29.105  4429  4466 D MountService: Thinking about reset, mSystemReady=false, mDaemonConnected=true
07-26 21:47:29.105  4429  4466 D MountService: Thinking about reset, mSystemReady=false, mDaemonConnected=true
07-26 21:47:29.105  4429  4466 D CryptdConnector: SND -> {1 cryptfs getfield SystemLocale}
07-26 21:47:29.106  2906  2986 I Ext4Crypt: ext4 crypto complete called on /data
07-26 21:47:29.106  2906  2986 I Ext4Crypt: No master key, so not ext4enc
07-26 21:47:29.107  4429  4429 I ActivityManager: Config changes=200 {1.0 ?mcc?mnc en_US ldltr ?swdp ?wdp ?hdp ?density ?lsize ?long ?orien ?touch ?keyb/?/? ?nav/? s.2 themeResource=null}
07-26 21:47:29.107  4429  4468 D CryptdConnector: RCV <- {200 1 -1}
07-26 21:47:29.109  4429  4466 W MountService: No primary storage mounted!
07-26 21:47:29.110  4429  4466 D VoldConnector: SND -> {1 asec list}
07-26 21:47:29.111  4429  4467 D VoldConnector: RCV <- {200 1 asec operation succeeded}
07-26 21:47:29.112  4429  4466 I PackageManager: No secure containers found
07-26 21:47:29.112  4429  4466 W PackageManager: Unknown permission com.google.android.googleapps.permission.GOOGLE_AUTH in package com.android.providers.calendar
07-26 21:47:29.112  4429  4466 W PackageManager: Unknown permission com.google.android.googleapps.permission.GOOGLE_AUTH.cl in package com.android.providers.calendar
07-26 21:47:29.113  4429  4466 W PackageManager: Not granting permission android.permission.REAL_GET_TASKS to package org.cyanogenmod.wallpapers.photophase (protectionLevel=18 flags=0x3818be45)
07-26 21:47:29.114  4429  4466 W PackageManager: Unknown permission com.cyanogen.ambient.permission.BIND_CALLER_INFO in package com.android.messaging
07-26 21:47:29.114  4429  4466 W PackageManager: Not granting permission android.permission.ACCESS_DOWNLOAD_MANAGER to package com.android.browser (protectionLevel=18 flags=0x3849be45)
07-26 21:47:29.115  4429  4466 W PackageManager: Not granting permission android.permission.SEND_DOWNLOAD_COMPLETED_INTENTS to package com.android.browser (protectionLevel=2 flags=0x3849be45)
07-26 21:47:29.116  4429  4466 W PackageManager: Unknown permission com.cyngn.stats.SEND_ANALYTICS in package com.cyanogenmod.setupwizard
07-26 21:47:29.116  4429  4466 W PackageManager: Unknown permission com.cyanogen.permission.REQUEST_KILL_SWITCH_OP in package com.cyanogenmod.setupwizard
07-26 21:47:29.116  4429  4466 W PackageManager: Unknown permission com.cyanogen.ambient.permission.BIND_INCALL_SERVICE in package com.android.contacts
07-26 21:47:29.117  4429  4466 W PackageManager: Unknown permission com.cyanogen.ambient.permission.PLUGIN_STATUS_CHANGED in package com.android.contacts
07-26 21:47:29.117  4429  4466 W PackageManager: Unknown permission com.cyanogen.ambient.permission.BIND_CALLER_INFO in package com.android.contacts
07-26 21:47:29.118  4429  4466 W PackageManager: Unknown permission com.google.android.googleapps.permission.GOOGLE_AUTH.mail in package com.android.calendar
07-26 21:47:29.118  4429  4466 W PackageManager: Unknown permission com.android.launcher.permission.READ_SETTINGS in package com.android.onetimeinitializer
07-26 21:47:29.118  4429  4466 W PackageManager: Unknown permission com.android.launcher.permission.WRITE_SETTINGS in package com.android.onetimeinitializer
07-26 21:47:29.120  4429  4466 W PackageManager: Unknown permission com.cyanogen.ambient.permission.BIND_INCALL_SERVICE in package com.android.dialer
07-26 21:47:29.120  4429  4466 W PackageManager: Unknown permission com.cyanogen.ambient.permission.PLUGIN_STATUS_CHANGED in package com.android.dialer
07-26 21:47:29.120  4429  4466 W PackageManager: Unknown permission com.cyanogen.ambient.permission.PUBLISH_DISCOVERY_NUDGE in package com.android.dialer
07-26 21:47:29.120  4429  4466 W PackageManager: Unknown permission com.cyanogen.ambient.permission.BIND_DEEPLINK_SERVICE in package com.android.dialer
07-26 21:47:29.120  4429  4466 W PackageManager: Unknown permission com.cyanogen.ambient.permission.READ_DEEPLINK_DATABASE in package com.android.dialer
07-26 21:47:29.120  4429  4466 W PackageManager: Unknown permission com.cyanogen.ambient.permission.BIND_CALLER_INFO in package com.android.dialer
07-26 21:47:29.121  4429  4466 W PackageManager: Unknown permission com.android.launcher.permission.READ_SETTINGS in package com.cyanogenmod.trebuchet
07-26 21:47:29.121  4429  4466 W PackageManager: Unknown permission com.android.launcher.permission.WRITE_SETTINGS in package com.cyanogenmod.trebuchet
07-26 21:47:29.121  4429  4466 W PackageManager: Unknown permission com.cyngn.stats.SEND_ANALYTICS in package com.cyanogenmod.trebuchet
07-26 21:47:29.121  4429  4466 W PackageManager: Unknown permission android.permission.CANCEL_NOTIFICATIONS in package org.cyanogenmod.theme.chooser
07-26 21:47:29.121  4429  4466 W PackageManager: Unknown permission com.google.android.permission.INSTALL_WEARABLE_PACKAGES in package com.android.packageinstaller
07-26 21:47:29.121  4429  4466 W PackageManager: Not granting permission android.permission.DELETE_PACKAGES to package com.svox.pico (protectionLevel=18 flags=0x3808be45)
07-26 21:47:29.122  4429  4466 W PackageManager: Unknown permission android.permission.ACCESS_SUPERUSER in package com.cyanogenmod.filemanager
07-26 21:47:29.122  4429  4466 W PackageManager: Unknown permission com.cyanogenmod.filemanager.permissions.READ_THEME in package com.cyanogenmod.filemanager
07-26 21:47:29.123  4429  4466 W PackageManager: Unknown permission com.google.android.gallery3d.permission.PICASA_STORE in package com.android.dreams.phototable
07-26 21:47:29.123  4429  4466 W PackageManager: Unknown permission com.google.android.googleapps.permission.GOOGLE_AUTH in package com.android.settings
07-26 21:47:29.124  4429  4466 W PackageManager: Unknown permission com.android.launcher.permission.READ_SETTINGS in package com.android.settings
07-26 21:47:29.124  4429  4466 W PackageManager: Unknown permission com.android.launcher.permission.WRITE_SETTINGS in package com.android.settings
07-26 21:47:29.124  4429  4466 W PackageManager: Not granting permission android.permission.REAL_GET_TASKS to package com.cyanogenmod.eleven (protectionLevel=18 flags=0x3818be65)
07-26 21:47:29.130  4429  4466 W PackageManager: Unknown permission com.google.android.gallery3d.permission.GALLERY_PROVIDER in package com.android.bluetooth
07-26 21:47:29.131  4429  4466 W PackageManager: Unknown permission com.google.android.googleapps.permission.ACCESS_GOOGLE_PASSWORD in package com.android.development
07-26 21:47:29.131  4429  4466 W PackageManager: Unknown permission com.google.android.googleapps.permission.GOOGLE_AUTH in package com.android.development
07-26 21:47:29.131  4429  4466 W PackageManager: Unknown permission com.google.android.googleapps.permission.GOOGLE_AUTH.ALL_SERVICES in package com.android.development
07-26 21:47:29.131  4429  4466 W PackageManager: Unknown permission com.google.android.googleapps.permission.GOOGLE_AUTH.YouTubeUser in package com.android.development
07-26 21:47:29.328  4429  4442 W art     : Long monitor contention event with owner method=java.lang.Object android.util.MapCollections$ArrayIterator.next() from MapCollections.java:58 waiters=1 for 197ms
07-26 21:47:29.330  4429  4466 W MountService: No primary storage defined yet; hacking together a stub
07-26 21:47:29.337  4429  4429 E System  : ******************************************
07-26 21:47:29.340  4429  4429 E System  : ************ Failure starting system services
07-26 21:47:29.340  4429  4429 E System  : java.lang.NullPointerException: Attempt to invoke virtual method 'void com.android.server.wm.WindowManagerService.showBootMessage(java.lang.CharSequence, boolean)' on a null object reference
07-26 21:47:29.340  4429  4429 E System  : 	at com.android.server.am.ActivityManagerService.showBootMessage(ActivityManagerService.java:6565)
07-26 21:47:29.340  4429  4429 E System  : 	at com.android.server.SystemServer.startOtherServices(SystemServer.java:623)
07-26 21:47:29.340  4429  4429 E System  : 	at com.android.server.SystemServer.run(SystemServer.java:290)
07-26 21:47:29.340  4429  4429 E System  : 	at com.android.server.SystemServer.main(SystemServer.java:175)
07-26 21:47:29.340  4429  4429 E System  : 	at java.lang.reflect.Method.invoke(Native Method)
07-26 21:47:29.340  4429  4429 E System  : 	at com.android.internal.os.ZygoteInit$MethodAndArgsCaller.run(ZygoteInit.java:726)
07-26 21:47:29.340  4429  4429 E System  : 	at com.android.internal.os.ZygoteInit.main(ZygoteInit.java:616)
07-26 21:47:29.340  4429  4429 D AndroidRuntime: Shutting down VM
07-26 21:47:29.344  4429  4429 E AndroidRuntime: *** FATAL EXCEPTION IN SYSTEM PROCESS: main
07-26 21:47:29.344  4429  4429 E AndroidRuntime: java.lang.NullPointerException: Attempt to invoke virtual method 'void com.android.server.wm.WindowManagerService.showBootMessage(java.lang.CharSequence, boolean)' on a null object reference
07-26 21:47:29.344  4429  4429 E AndroidRuntime: 	at com.android.server.am.ActivityManagerService.showBootMessage(ActivityManagerService.java:6565)
07-26 21:47:29.344  4429  4429 E AndroidRuntime: 	at com.android.server.SystemServer.startOtherServices(SystemServer.java:623)
07-26 21:47:29.344  4429  4429 E AndroidRuntime: 	at com.android.server.SystemServer.run(SystemServer.java:290)
07-26 21:47:29.344  4429  4429 E AndroidRuntime: 	at com.android.server.SystemServer.main(SystemServer.java:175)
07-26 21:47:29.344  4429  4429 E AndroidRuntime: 	at java.lang.reflect.Method.invoke(Native Method)
07-26 21:47:29.344  4429  4429 E AndroidRuntime: 	at com.android.internal.os.ZygoteInit$MethodAndArgsCaller.run(ZygoteInit.java:726)
07-26 21:47:29.344  4429  4429 E AndroidRuntime: 	at com.android.internal.os.ZygoteInit.main(ZygoteInit.java:616)
07-26 21:47:29.347  4429  4429 I Process : Sending signal. PID: 4429 SIG: 9
07-26 21:47:29.369  2934  2934 E installd: eof
07-26 21:47:29.369  2934  2934 E installd: failed to read size
07-26 21:47:29.369  2934  2934 I installd: closing connection
07-26 21:47:29.369  2918  2918 I lowmemorykiller: ActivityManager disconnected
07-26 21:47:29.369  2918  2918 I lowmemorykiller: Closing Activity Manager data connection
07-26 21:47:29.369  2919  2919 I ServiceManager: service 'batterymanager' died
07-26 21:47:29.370  2919  2919 I ServiceManager: service 'scheduling_policy' died
07-26 21:47:29.370  2919  2919 I ServiceManager: service 'webviewupdate' died
07-26 21:47:29.370  2919  2919 I ServiceManager: service 'telephony.registry' died
07-26 21:47:29.370  2919  2919 I ServiceManager: service 'usagestats' died
07-26 21:47:29.370  2919  2919 I ServiceManager: service 'media.camera.proxy' died
07-26 21:47:29.371  2919  2919 I ServiceManager: service 'account' died
07-26 21:47:29.371  2919  2919 I ServiceManager: service 'content' died
07-26 21:47:29.371  2919  2919 I ServiceManager: service 'vibrator' died
07-26 21:47:29.371  2919  2919 I ServiceManager: service 'input_method' died
07-26 21:47:29.371  2919  2919 I ServiceManager: service 'accessibility' died
07-26 21:47:29.371  2919  2919 I ServiceManager: service 'user' died
07-26 21:47:29.371  2919  2919 I ServiceManager: service 'procstats' died
07-26 21:47:29.371  2919  2919 I ServiceManager: service 'package' died
07-26 21:47:29.371  2919  2919 I ServiceManager: service 'activity' died
07-26 21:47:29.371  2919  2919 I ServiceManager: service 'meminfo' died
07-26 21:47:29.371  2919  2919 I ServiceManager: service 'gfxinfo' died
07-26 21:47:29.371  2919  2919 I ServiceManager: service 'cpuinfo' died
07-26 21:47:29.371  2919  2919 I ServiceManager: service 'dbinfo' died
07-26 21:47:29.371  2919  2919 I ServiceManager: service 'permission' died
07-26 21:47:29.371  2919  2919 I ServiceManager: service 'processinfo' died
07-26 21:47:29.371  2919  2919 I ServiceManager: service 'mount' died
07-26 21:47:29.371  2919  2919 I ServiceManager: service 'uimode' died
07-26 21:47:29.371  2919  2919 I ServiceManager: service 'appops' died
07-26 21:47:29.371  2919  2919 I ServiceManager: service 'batterystats' died
07-26 21:47:29.371  2919  2919 I ServiceManager: service 'power' died
07-26 21:47:29.371  2919  2919 I ServiceManager: service 'sensorservice' died
07-26 21:47:29.371  2919  2919 I ServiceManager: service 'display' died
07-26 21:47:30.221  4156  4156 E Zygote  : Exit zygote because system server (4429) has terminated
07-26 21:47:30.261  2919  2919 I ServiceManager: service 'media.radio' died
07-26 21:47:30.261  2919  2919 I ServiceManager: service 'media.sound_trigger_hw' died
07-26 21:47:30.261  2919  2919 I ServiceManager: service 'media.audio_flinger' died
07-26 21:47:30.261  2919  2919 I ServiceManager: service 'media.player' died
07-26 21:47:30.261  2919  2919 I ServiceManager: service 'media.resource_manager' died
07-26 21:47:30.261  2919  2919 I ServiceManager: service 'media.camera' died
07-26 21:47:30.261  2919  2919 I ServiceManager: service 'media.audio_policy' died
07-26 21:47:30.412  4470  4470 I mediaserver: ServiceManager: 0xf638e120
07-26 21:47:30.412  4470  4470 I AudioFlinger: Using default 3000 mSec as standby time.
07-26 21:47:30.420  4470  4470 E BatteryNotifier: batterystats service unavailable!
07-26 21:47:30.421  4470  4470 E BatteryNotifier: batterystats service unavailable!
07-26 21:47:30.421  4471  4471 I Netd    : Netd 1.0 starting
07-26 21:47:30.421  4470  4470 I CameraService: CameraService started (pid=4470)
07-26 21:47:30.421  4470  4470 I CameraService: CameraService process starting
07-26 21:47:30.421  4470  4470 E BatteryNotifier: batterystats service unavailable!
07-26 21:47:30.421  4470  4470 E BatteryNotifier: batterystats service unavailable!
07-26 21:47:30.421  4470  4470 E CameraService: Could not load camera HAL module: -2 (No such file or directory)
07-26 21:47:30.422  4471  4471 I QtiConnectivityAdapter: Failed to open libconnctrl, some features may not be present.
07-26 21:47:30.422  4471  4471 D TetherController: Setting IP forward enable = 0
07-26 21:47:30.422  4470  4470 I AudioPolicyService: AudioPolicyService CSTOR in new mode
07-26 21:47:30.422  4470  4470 I APM::ConfigParsingUtils: loadAudioPolicyConfig() loaded /system/etc/audio_policy.conf
07-26 21:47:30.429  3055  3055 W auditd  : type=1325 audit(0.0:851): table=filter family=2 entries=52
07-26 21:47:30.429  3055  3055 W auditd  : type=1320 audit(0.0:851): 
07-26 21:47:30.439  3055  3055 W auditd  : type=1325 audit(0.0:852): table=filter family=10 entries=55
07-26 21:47:30.439  3055  3055 W auditd  : type=1320 audit(0.0:852): 
07-26 21:47:30.439  3055  3055 W auditd  : type=1325 audit(0.0:853): table=filter family=2 entries=51
07-26 21:47:30.439  3055  3055 W auditd  : type=1320 audit(0.0:853): 
07-26 21:47:30.449  3055  3055 W auditd  : type=1325 audit(0.0:854): table=filter family=10 entries=54
07-26 21:47:30.449  3055  3055 W auditd  : type=1320 audit(0.0:854): 
07-26 21:47:30.449  3055  3055 W auditd  : type=1325 audit(0.0:855): table=filter family=2 entries=50
07-26 21:47:30.449  3055  3055 W auditd  : type=1320 audit(0.0:855): 
07-26 21:47:30.459  3055  3055 W auditd  : type=1325 audit(0.0:856): table=filter family=10 entries=53
07-26 21:47:30.459  3055  3055 W auditd  : type=1320 audit(0.0:856): 
07-26 21:47:30.459  3055  3055 W auditd  : type=1325 audit(0.0:857): table=filter family=2 entries=48
07-26 21:47:30.459  3055  3055 W auditd  : type=1320 audit(0.0:857): 
07-26 21:47:30.459  3055  3055 W auditd  : type=1325 audit(0.0:858): table=filter family=10 entries=51
07-26 21:47:30.459  3055  3055 W auditd  : type=1320 audit(0.0:858): 
07-26 21:47:30.469  3055  3055 W auditd  : type=1325 audit(0.0:859): table=filter family=2 entries=50
07-26 21:47:30.469  3055  3055 W auditd  : type=1320 audit(0.0:859): 
07-26 21:47:30.469  3055  3055 W auditd  : type=1325 audit(0.0:860): table=filter family=10 entries=53
07-26 21:47:30.469  3055  3055 W auditd  : type=1320 audit(0.0:860): 
07-26 21:47:30.491  4469  4469 D AndroidRuntime: >>>>>> START com.android.internal.os.ZygoteInit uid 0 <<<<<<
07-26 21:47:30.494  4469  4469 D AndroidRuntime: CheckJNI is ON
07-26 21:47:30.494  4469  4469 I art     : option[0]=-Xzygote
07-26 21:47:30.494  4469  4469 I art     : option[1]=-Xcheck:jni
07-26 21:47:30.494  4469  4469 I art     : option[2]=-Xstacktracefile:/data/anr/traces.txt
07-26 21:47:30.494  4469  4469 I art     : option[3]=exit
07-26 21:47:30.494  4469  4469 I art     : option[4]=vfprintf
07-26 21:47:30.494  4469  4469 I art     : option[5]=sensitiveThread
07-26 21:47:30.494  4469  4469 I art     : option[6]=-verbose:gc
07-26 21:47:30.494  4469  4469 I art     : option[7]=-Xms8m
07-26 21:47:30.494  4469  4469 I art     : option[8]=-Xmx512m
07-26 21:47:30.494  4469  4469 I art     : option[9]=-XX:HeapGrowthLimit=256m
07-26 21:47:30.494  4469  4469 I art     : option[10]=-XX:HeapMinFree=2m
07-26 21:47:30.494  4469  4469 I art     : option[11]=-XX:HeapMaxFree=8m
07-26 21:47:30.494  4469  4469 I art     : option[12]=-XX:HeapTargetUtilization=0.75
07-26 21:47:30.494  4469  4469 I art     : option[13]=-Xusejit:true
07-26 21:47:30.494  4469  4469 I art     : option[14]=-agentlib:jdwp=transport=dt_android_adb,suspend=n,server=y
07-26 21:47:30.494  4469  4469 I art     : option[15]=-Xlockprofthreshold:500
07-26 21:47:30.494  4469  4469 I art     : option[16]=-Ximage-compiler-option
07-26 21:47:30.494  4469  4469 I art     : option[17]=--runtime-arg
07-26 21:47:30.494  4469  4469 I art     : option[18]=-Ximage-compiler-option
07-26 21:47:30.494  4469  4469 I art     : option[19]=-Xms64m
07-26 21:47:30.494  4469  4469 I art     : option[20]=-Ximage-compiler-option
07-26 21:47:30.494  4469  4469 I art     : option[21]=--runtime-arg
07-26 21:47:30.494  4469  4469 I art     : option[22]=-Ximage-compiler-option
07-26 21:47:30.494  4469  4469 I art     : option[23]=-Xmx64m
07-26 21:47:30.494  4469  4469 I art     : option[24]=-Ximage-compiler-option
07-26 21:47:30.494  4469  4469 I art     : option[25]=--compiler-filter=verify-at-runtime
07-26 21:47:30.494  4469  4469 I art     : option[26]=-Ximage-compiler-option
07-26 21:47:30.494  4469  4469 I art     : option[27]=--image-classes=/system/etc/preloaded-classes
07-26 21:47:30.494  4469  4469 I art     : option[28]=-Xcompiler-option
07-26 21:47:30.494  4469  4469 I art     : option[29]=--runtime-arg
07-26 21:47:30.494  4469  4469 I art     : option[30]=-Xcompiler-option
07-26 21:47:30.494  4469  4469 I art     : option[31]=-Xms64m
07-26 21:47:30.494  4469  4469 I art     : option[32]=-Xcompiler-option
07-26 21:47:30.494  4469  4469 I art     : option[33]=--runtime-arg
07-26 21:47:30.494  4469  4469 I art     : option[34]=-Xcompiler-option
07-26 21:47:30.494  4469  4469 I art     : option[35]=-Xmx512m
07-26 21:47:30.494  4469  4469 I art     : option[36]=-Xcompiler-option
07-26 21:47:30.494  4469  4469 I art     : option[37]=--compiler-filter=verify-at-runtime
07-26 21:47:30.494  4469  4469 I art     : option[38]=-Ximage-compiler-option
07-26 21:47:30.494  4469  4469 I art     : option[39]=--instruction-set-variant=generic
07-26 21:47:30.494  4469  4469 I art     : option[40]=-Xcompiler-option
07-26 21:47:30.494  4469  4469 I art     : option[41]=--instruction-set-variant=generic
07-26 21:47:30.494  4469  4469 I art     : option[42]=-Ximage-compiler-option
07-26 21:47:30.494  4469  4469 I art     : option[43]=--instruction-set-features=default
07-26 21:47:30.494  4469  4469 I art     : option[44]=-Xcompiler-option
07-26 21:47:30.494  4469  4469 I art     : option[45]=--instruction-set-features=default
07-26 21:47:30.494  4469  4469 I art     : option[46]=-Duser.locale=en-US
07-26 21:47:30.494  4469  4469 I art     : option[47]=--cpu-abilist=arm64-v8a,armeabi
07-26 21:47:30.494  4469  4469 I art     : option[48]=-Xfingerprint:samsung/cm_hero2ltexx/hero2ltexx:6.0.1/MOB30M/817a0e1879:eng/test-keys
07-26 21:47:30.520  4469  4469 D ICU     : No timezone override file found: /data/misc/zoneinfo/current/icu/icu_tzdata.dat
07-26 21:47:30.650  4469  4469 I Radio-JNI: register_android_hardware_Radio DONE
07-26 21:47:30.694  4469  4469 I SamplingProfilerIntegration: Profiling disabled.
07-26 21:47:30.695  4469  4469 D Zygote  : begin preload
07-26 21:47:30.696  4469  4469 I Zygote  : Preloading classes...
07-26 21:47:30.953  4470  4470 E audio_route: Failed to open /system/etc/mixer_paths.xml
07-26 21:47:30.958  4470  4470 I AudioFlinger: loadHwModule() Loaded primary audio interface from Samsung audio HW HAL (audio) handle 1
07-26 21:47:30.958  4470  4470 I AudioFlinger: openOutput(), module 1 Device 2, SamplingRate 44100, Format 0x000001, Channels 3, flags 2
07-26 21:47:30.958  4470  4470 I AudioFlinger: AudioStreamOut::open(), mHalFormatIsLinearPcm = 1
07-26 21:47:30.958  4470  4470 I AudioFlinger: HAL output buffer size 256 frames, normal sink buffer size 960 frames
07-26 21:47:30.960  4470  4470 I BufferProvider: found effect "Multichannel Downmix To Stereo" from The Android Open Source Project
07-26 21:47:30.960  4470  4470 E MonoPipe: Failed to fetch local time frequency when constructing a MonoPipe (res = -32).  getNextWriteTimestamp calls will be non-functional
07-26 21:47:30.960  4470  4470 I AudioFlinger: Using module 1 has the primary audio interface
07-26 21:47:30.960  4470  4596 I AudioFlinger: AudioFlinger's thread 0xf4880000 ready to run
07-26 21:47:30.961  4470  4596 V audio_hw_primary: do_out_standby: output standby: 1
07-26 21:47:30.961  4470  4596 V audio_hw_primary: out_set_parameters: key value pairs: routing=2
07-26 21:47:30.962  4470  4596 E AudioFlinger: no wake lock to update!
07-26 21:47:30.964  4470  4470 V audio_hw_primary: adev_open_input_stream: Created resampler converting 48000 -> 16000
07-26 21:47:30.964  4470  4470 V audio_hw_primary: adev_open_input_stream: Requesting input stream with rate: 16000, channels: 0xc
07-26 21:47:30.964  4470  4598 I AudioFlinger: AudioFlinger's thread 0xf44c0000 ready to run
07-26 21:47:30.965  4470  4470 I r_submix: adev_open(name=audio_hw_if)
07-26 21:47:30.965  4470  4470 I r_submix: adev_init_check()
07-26 21:47:30.965  4470  4470 I AudioFlinger: loadHwModule() Loaded r_submix audio interface from Wifi Display audio HAL (audio) handle 4
07-26 21:47:30.965  4470  4470 D r_submix: adev_open_input_stream(addr=0)
07-26 21:47:30.965  4470  4470 D r_submix: submix_audio_device_create_pipe_l(addr=0, idx=9)
07-26 21:47:30.965  4470  4470 D r_submix:   now using address 0 for route 9
07-26 21:47:30.965  4470  4599 I AudioFlinger: AudioFlinger's thread 0xf44c0000 ready to run
07-26 21:47:30.965  4470  4470 D r_submix: adev_close_input_stream()
07-26 21:47:30.965  4470  4470 D r_submix: submix_audio_device_release_pipe_l(idx=9) addr=0
07-26 21:47:30.965  4470  4470 D r_submix: submix_audio_device_destroy_pipe_l(): pipe destroyed
07-26 21:47:30.966  4470  4470 E SoundTriggerHwService: couldn't load sound trigger module sound_trigger.primary (No such file or directory)
07-26 21:47:30.966  4470  4470 I RadioService: RadioService
07-26 21:47:30.966  4470  4470 I RadioService: onFirstRef
07-26 21:47:30.966  4470  4470 E RadioService: couldn't load radio module radio.primary (No such file or directory)
07-26 21:47:31.053  4469  4469 E Minikin : addFont failed to create font /system/fonts/NanumGothic.ttf
07-26 21:47:31.054  4469  4469 E Minikin : addFont failed to create font /system/fonts/DroidSansFallback.ttf
07-26 21:47:31.054  4469  4469 E Minikin : addFont failed to create font /system/fonts/MTLmr3m.ttf
07-26 21:47:31.138  4469  4469 V DngCreator_JNI: DngCreator_nativeClassInit:
07-26 21:47:31.298  4471  4471 V NatController: runCmd(/system/bin/iptables -w -F natctrl_FORWARD) res=0
07-26 21:47:31.304  4471  4471 V NatController: runCmd(/system/bin/iptables -w -A natctrl_FORWARD -j DROP) res=0
07-26 21:47:31.309  4471  4471 V NatController: runCmd(/system/bin/iptables -w -t nat -F natctrl_nat_POSTROUTING) res=0
07-26 21:47:31.315  4471  4471 V NatController: runCmd(/system/bin/iptables -w -F natctrl_tether_counters) res=0
07-26 21:47:31.320  4471  4471 V NatController: runCmd(/system/bin/iptables -w -X natctrl_tether_counters) res=0
07-26 21:47:31.326  4471  4471 V NatController: runCmd(/system/bin/iptables -w -N natctrl_tether_counters) res=0
07-26 21:47:31.331  4471  4471 V NatController: runCmd(/system/bin/iptables -w -t mangle -A natctrl_mangle_FORWARD -p tcp --tcp-flags SYN SYN -j TCPMSS --clamp-mss-to-pmtu) res=0
07-26 21:47:31.439  3055  3055 W auditd  : type=1325 audit(0.0:1054): table=filter family=10 entries=50
07-26 21:47:31.439  3055  3055 W auditd  : type=1320 audit(0.0:1054): 
07-26 21:47:31.439  3055  3055 W auditd  : type=1325 audit(0.0:1055): table=filter family=2 entries=45
07-26 21:47:31.439  3055  3055 W auditd  : type=1320 audit(0.0:1055): 
07-26 21:47:31.449  3055  3055 W auditd  : type=1325 audit(0.0:1056): table=filter family=10 entries=48
07-26 21:47:31.449  3055  3055 W auditd  : type=1320 audit(0.0:1056): 
07-26 21:47:31.459  3055  3055 W auditd  : type=1325 audit(0.0:1057): table=filter family=2 entries=43
07-26 21:47:31.459  3055  3055 W auditd  : type=1320 audit(0.0:1057): 
07-26 21:47:31.459  3055  3055 W auditd  : type=1325 audit(0.0:1058): table=filter family=10 entries=46
07-26 21:47:31.459  3055  3055 W auditd  : type=1320 audit(0.0:1058): 
07-26 21:47:31.469  3055  3055 W auditd  : type=1325 audit(0.0:1059): table=filter family=2 entries=45
07-26 21:47:31.469  3055  3055 W auditd  : type=1320 audit(0.0:1059): 
07-26 21:47:31.469  3055  3055 W auditd  : type=1325 audit(0.0:1060): table=filter family=10 entries=48
07-26 21:47:31.469  3055  3055 W auditd  : type=1320 audit(0.0:1060): 
07-26 21:47:31.479  3055  3055 W auditd  : type=1325 audit(0.0:1061): table=filter family=2 entries=47
07-26 21:47:31.479  3055  3055 W auditd  : type=1320 audit(0.0:1061): 
07-26 21:47:31.479  3055  3055 W auditd  : type=1325 audit(0.0:1062): table=filter family=10 entries=50
07-26 21:47:31.479  3055  3055 W auditd  : type=1320 audit(0.0:1062): 
07-26 21:47:31.489  3055  3055 W auditd  : type=1325 audit(0.0:1063): table=filter family=2 entries=49
07-26 21:47:31.489  3055  3055 W auditd  : type=1320 audit(0.0:1063): 
07-26 21:47:31.649  4471  4471 E Netd    : cannot find interface dummy0
07-26 21:47:31.651  4471  4471 D MDnsDS  : MDnsSdListener::Hander starting up
07-26 21:47:31.651  4471  4735 D MDnsDS  : MDnsSdListener starting to monitor
07-26 21:47:31.651  4471  4735 D MDnsDS  : Going to poll with pollCount 1
07-26 21:47:31.761  4469  4469 I art     : Thread[1,tid=4469,Native,Thread*=0x7f98c7ba00,peer=0x12c532e0,"main"] recursive attempt to load library "/system/lib64/libmedia_jni.so"
07-26 21:47:31.761  4469  4469 D MtpDeviceJNI: register_android_mtp_MtpDevice
07-26 21:47:31.762  4469  4469 I art     : Thread[1,tid=4469,Native,Thread*=0x7f98c7ba00,peer=0x12c532e0,"main"] recursive attempt to load library "/system/lib64/libmedia_jni.so"
07-26 21:47:31.762  4469  4469 I art     : Thread[1,tid=4469,Native,Thread*=0x7f98c7ba00,peer=0x12c532e0,"main"] recursive attempt to load library "/system/lib64/libmedia_jni.so"
07-26 21:47:32.208  4469  4469 W System  : ClassLoader referenced unknown path: /system/framework/tcmclient.jar
07-26 21:47:32.506  4469  4469 I System  : Loaded time zone names for "" in 19ms (16ms in ICU)
