--------- beginning of main
08-26 09:02:21.461  3069  3069 W auditd  : type=1325 audit(0.0:2): table=filter family=2 entries=0
08-26 09:02:21.461  3069  3069 W auditd  : type=1325 audit(0.0:3): table=mangle family=2 entries=0
08-26 09:02:21.461  3069  3069 W auditd  : type=1325 audit(0.0:4): table=nat family=2 entries=0
08-26 09:02:21.461  3069  3069 W auditd  : type=1325 audit(0.0:5): table=raw family=2 entries=0
08-26 09:02:21.461  3069  3069 W auditd  : type=1325 audit(0.0:6): table=security family=2 entries=0
08-26 09:02:21.461  3069  3069 W auditd  : type=1325 audit(0.0:7): table=filter family=3 entries=0
08-26 09:02:21.461  3069  3069 W auditd  : type=1325 audit(0.0:8): table=filter family=10 entries=0
08-26 09:02:21.461  3069  3069 W auditd  : type=1325 audit(0.0:9): table=mangle family=10 entries=0
08-26 09:02:21.461  3069  3069 W auditd  : type=1325 audit(0.0:10): table=raw family=10 entries=0
08-26 09:02:21.461  3069  3069 W auditd  : type=1325 audit(0.0:11): table=nat family=10 entries=0
08-26 09:02:21.849  3069  3069 W auditd  : type=1305 audit(0.0:12): audit_pid=2919 old=0 auid=4294967295 ses=4294967295 res=1
08-26 09:02:21.849  3069  3069 W auditd  : type=1305 audit(0.0:13): audit_rate_limit=20 old=0 auid=4294967295 ses=4294967295 res=1
--------- beginning of system
08-26 09:02:21.879  2920  2920 I vold    : Vold 3.0 (the awakening) firing up
08-26 09:02:21.879  2920  2920 V vold    : Detected support for: exfat ext4 ntfs vfat
08-26 09:02:21.884  2935  2935 I sysinit : Running /system/etc/init.d/00banner 
08-26 09:02:21.892  2931  2931 I lowmemorykiller: Using in-kernel low memory killer interface
08-26 09:02:21.901  2938  2938 I DEBUG   : debuggerd: starting
08-26 09:02:21.905  2947  2947 I gatekeeperd: Starting gatekeeperd...
08-26 09:02:21.908  2947  2947 W gatekeeperd: falling back to software GateKeeper
08-26 09:02:21.908  2947  2947 I gatekeeperd: cold boot: clearing state
08-26 09:02:21.909  2942  2942 I installd: installd firing up
08-26 09:02:21.909  2943  2943 I keystore: Found keymaster0 module Keymaster OpenSSL HAL, version 2
08-26 09:02:21.909  2943  2943 I SoftKeymaster: system/keymaster/soft_keymaster_device.cpp, Line 122: Creating device
08-26 09:02:21.909  2943  2943 D SoftKeymaster: system/keymaster/soft_keymaster_device.cpp, Line 123: Device address: 0x7fa5123000
08-26 09:02:21.910  2943  2943 I keystore: Keymaster0 module is software-only.  Using SoftKeymasterDevice instead.
08-26 09:02:21.910  2943  2943 I SoftKeymaster: system/keymaster/soft_keymaster_device.cpp, Line 122: Creating device
08-26 09:02:21.910  2943  2943 D SoftKeymaster: system/keymaster/soft_keymaster_device.cpp, Line 123: Device address: 0x7fa5123300
08-26 09:02:21.910  2943  2943 I keystore: SELinux: Keystore SELinux is disabled.
08-26 09:02:21.912  2975  2975 I cm      : ____ _   _ ____ _  _ ____ ____ ____ _  _ _  _ ____ ___ 
08-26 09:02:21.912  2950  2950 I fingerprintd: Starting fingerprintd
08-26 09:02:21.919  3018  3018 I cm      : |     \_/  |__| |\ | |  | | __ |___ |\ | |\/| |  | |  \ 
08-26 09:02:21.920  2936  2936 I Netd    : Netd 1.0 starting
08-26 09:02:21.920  2936  2936 I QtiConnectivityAdapter: Failed to open libconnctrl, some features may not be present.
08-26 09:02:21.920  2936  2936 D TetherController: Setting IP forward enable = 0
08-26 09:02:21.922  2948  2948 I perfprofd: starting Android Wide Profiling daemon
08-26 09:02:21.922  2948  2948 E perfprofd: unable to open configuration file /data/data/com.google.android.gms/files/perfprofd.conf
08-26 09:02:21.923  2948  2948 I perfprofd: random seed set to 1491825443
08-26 09:02:21.924  3032  3032 I cm      : |___   |   |  | | \| |__| |__] |___ | \| |  | |__| |__/ 
08-26 09:02:21.931  2937  2937 I DEBUG   : debuggerd: starting
08-26 09:02:21.941  2933  2933 I SurfaceFlinger: SurfaceFlinger is starting
08-26 09:02:21.942  2933  2933 I SurfaceFlinger: SurfaceFlinger's main thread ready to run. Initializing graphics H/W...
08-26 09:02:21.964  3059  3059 I cm      : Welcome to Android 6.0.1 / CyanogenMod-13.0-20160826-UNOFFICIAL-hero2ltexx 
08-26 09:02:21.971  3061  3061 I sysinit : Running /system/etc/init.d/90userinit 
08-26 09:02:21.979  3069  3069 W auditd  : type=1325 audit(0.0:14): table=filter family=2 entries=4
08-26 09:02:21.979  3069  3069 W auditd  : type=1320 audit(0.0:14): 
08-26 09:02:21.989  3069  3069 W auditd  : type=1325 audit(0.0:15): table=filter family=10 entries=4
08-26 09:02:21.989  3069  3069 W auditd  : type=1320 audit(0.0:15): 
08-26 09:02:21.997  2933  2933 D libEGL  : loaded /vendor/lib64/egl/libGLES_mali.so
08-26 09:02:21.999  3069  3069 W auditd  : type=1325 audit(0.0:16): table=filter family=2 entries=6
08-26 09:02:21.999  3069  3069 W auditd  : type=1320 audit(0.0:16): 
08-26 09:02:22.009  3069  3069 W auditd  : type=1325 audit(0.0:17): table=filter family=10 entries=6
08-26 09:02:22.009  3069  3069 W auditd  : type=1320 audit(0.0:17): 
08-26 09:02:22.024  2933  2933 I gralloc : using (id=)
08-26 09:02:22.024  2933  2933 I gralloc : xres         = 1440 px
08-26 09:02:22.024  2933  2933 I gralloc : yres         = 2560 px
08-26 09:02:22.024  2933  2933 I gralloc : width        = 68 mm (537.882324 dpi)
08-26 09:02:22.024  2933  2933 I gralloc : height       = 122 mm (532.983582 dpi)
08-26 09:02:22.024  2933  2933 I gralloc : refresh rate = 59.31 Hz
08-26 09:02:22.032  2933  2933 D hwcomposer: using
08-26 09:02:22.032  2933  2933 D hwcomposer: xres         = 1440 px
08-26 09:02:22.032  2933  2933 D hwcomposer: yres         = 2560 px
08-26 09:02:22.032  2933  2933 D hwcomposer: width        = 68 mm (537.882000 dpi)
08-26 09:02:22.032  2933  2933 D hwcomposer: height       = 122 mm (532.983000 dpi)
08-26 09:02:22.032  2933  2933 D hwcomposer: refresh rate = 59 Hz
08-26 09:02:22.032  2933  2933 I hwcomposer: PSR info devname = /sys/devices/13960000.decon_f/psr_info
08-26 09:02:22.032  2933  2933 I hwcomposer: PSR mode is 6(0: video mode, 1: DP PSR mode, 2: MIPI-DSI command mode)
08-26 09:02:22.033  2933  2933 I SurfaceFlinger: Using composer version 1.3
08-26 09:02:22.033  2933  2933 E display : unknown display attribute 6
08-26 09:02:22.033  2933  2933 I SurfaceFlinger: EGL information:
08-26 09:02:22.033  2933  2933 I SurfaceFlinger: vendor    : Android
08-26 09:02:22.033  2933  2933 I SurfaceFlinger: version   : 1.4 Android META-EGL
08-26 09:02:22.033  2933  2933 I SurfaceFlinger: extensions: EGL_KHR_get_all_proc_addresses EGL_ANDROID_presentation_time EGL_KHR_swap_buffers_with_damage EGL_KHR_image EGL_KHR_image_base EGL_KHR_gl_texture_2D_image EGL_KHR_gl_texture_cubemap_image EGL_KHR_gl_renderbuffer_image EGL_KHR_fence_sync EGL_KHR_create_context EGL_KHR_config_attribs EGL_KHR_surfaceless_context EGL_EXT_create_context_robustness EGL_ANDROID_image_native_buffer EGL_KHR_wait_sync EGL_ANDROID_recordable EGL_KHR_partial_update 
08-26 09:02:22.033  2933  2933 I SurfaceFlinger: Client API: OpenGL_ES
08-26 09:02:22.033  2933  2933 I SurfaceFlinger: EGLSurface: 8-8-8-8, config=0x7f82390138
08-26 09:02:22.042  2933  2933 I SurfaceFlinger: OpenGL ES informations:
08-26 09:02:22.042  2933  2933 I SurfaceFlinger: vendor    : ARM
08-26 09:02:22.042  2933  2933 I SurfaceFlinger: renderer  : Mali-T880
08-26 09:02:22.042  2933  2933 I SurfaceFlinger: version   : OpenGL ES 3.2 v1.r12p1-00dev0.60546d7cd0bfd82d0ba92ca3bb825c75
08-26 09:02:22.042  2933  2933 I SurfaceFlinger: extensions: GL_EXT_debug_marker GL_ARM_rgba8 GL_ARM_mali_shader_binary GL_OES_depth24 GL_OES_depth_texture GL_OES_depth_texture_cube_map GL_OES_packed_depth_stencil GL_OES_rgb8_rgba8 GL_EXT_read_format_bgra GL_OES_compressed_paletted_texture GL_OES_compressed_ETC1_RGB8_texture GL_OES_standard_derivatives GL_OES_EGL_image GL_OES_EGL_image_external GL_OES_EGL_image_external_essl3 GL_OES_EGL_sync GL_OES_texture_npot GL_OES_vertex_half_float GL_OES_required_internalformat GL_OES_vertex_array_object GL_OES_mapbuffer GL_EXT_texture_format_BGRA8888 GL_EXT_texture_rg GL_EXT_texture_type_2_10_10_10_REV GL_OES_fbo_render_mipmap GL_OES_element_index_uint GL_EXT_shadow_samplers GL_OES_texture_compression_astc GL_KHR_texture_compression_astc_ldr GL_KHR_texture_compression_astc_hdr GL_KHR_texture_compression_astc_sliced_3d GL_KHR_debug GL_EXT_occlusion_query_boolean GL_EXT_disjoint_timer_query GL_EXT_blend_minmax GL_EXT_discard_framebuffer GL_OES_get_program_binary GL_OES_texture_3D GL_EXT_texture_storage GL_EXT_multisamp
08-26 09:02:22.042  2933  2933 I SurfaceFlinger: GL_MAX_TEXTURE_SIZE = 16384
08-26 09:02:22.042  2933  2933 I SurfaceFlinger: GL_MAX_VIEWPORT_DIMS = 16384
08-26 09:02:22.044  2933  2933 D mali_winsys: EGLint new_window_surface(egl_winsys_display*, void*, EGLSurface, EGLConfig, egl_winsys_surface**, egl_color_buffer_format*, EGLBoolean) returns 0x3000,  [1440x2560]-format:1
08-26 09:02:22.059  3069  3069 W auditd  : type=1325 audit(0.0:18): table=filter family=2 entries=7
08-26 09:02:22.059  3069  3069 W auditd  : type=1320 audit(0.0:18): 
08-26 09:02:22.059  3069  3069 W auditd  : type=1325 audit(0.0:19): table=filter family=10 entries=7
08-26 09:02:22.059  3069  3069 W auditd  : type=1320 audit(0.0:19): 
08-26 09:02:22.069  3069  3069 W auditd  : type=1325 audit(0.0:20): table=filter family=2 entries=9
08-26 09:02:22.069  3069  3069 W auditd  : type=1320 audit(0.0:20): 
08-26 09:02:22.069  3069  3069 W auditd  : type=1325 audit(0.0:21): table=filter family=10 entries=9
08-26 09:02:22.069  3069  3069 W auditd  : type=1320 audit(0.0:21): 
08-26 09:02:22.071  2933  2933 D SurfaceFlinger: Set power mode=2, type=0 flinger=0x7f82843c00
08-26 09:02:22.109  3069  3069 W auditd  : type=1325 audit(0.0:22): table=filter family=2 entries=10
08-26 09:02:22.109  3069  3069 W auditd  : type=1320 audit(0.0:22): 
08-26 09:02:22.109  3069  3069 W auditd  : type=1325 audit(0.0:23): table=filter family=10 entries=10
08-26 09:02:22.109  3069  3069 W auditd  : type=1320 audit(0.0:23): 
08-26 09:02:22.119  3069  3069 W auditd  : type=1325 audit(0.0:24): table=filter family=2 entries=12
08-26 09:02:22.119  3069  3069 W auditd  : type=1320 audit(0.0:24): 
08-26 09:02:22.119  3069  3069 W auditd  : type=1325 audit(0.0:25): table=filter family=10 entries=12
08-26 09:02:22.119  3069  3069 W auditd  : type=1320 audit(0.0:25): 
08-26 09:02:22.119  2941  2941 V MediaUtils: physMem: 3748511744
08-26 09:02:22.119  2941  2941 V MediaUtils: requested limit: 2436532605
08-26 09:02:22.119  2941  2941 V MediaUtils: actual limit: 2436532605
08-26 09:02:22.119  2941  2941 V MediaUtils: original limits: 4294967295/4294967295
08-26 09:02:22.119  2941  2941 V MediaUtils: new limits: 2436532605/4294967295
08-26 09:02:22.123  2941  2941 I mediaserver: ServiceManager: 0xf614e120
08-26 09:02:22.123  2941  2941 I AudioFlinger: Using default 3000 mSec as standby time.
08-26 09:02:22.124  2941  2941 E BatteryNotifier: batterystats service unavailable!
08-26 09:02:22.124  2941  2941 E BatteryNotifier: batterystats service unavailable!
08-26 09:02:22.124  2941  2941 I CameraService: CameraService started (pid=2941)
08-26 09:02:22.124  2941  2941 I CameraService: CameraService process starting
08-26 09:02:22.124  2941  2941 E BatteryNotifier: batterystats service unavailable!
08-26 09:02:22.124  2941  2941 E BatteryNotifier: batterystats service unavailable!
08-26 09:02:22.125  2941  2941 E CameraService: Could not load camera HAL module: -2 (No such file or directory)
08-26 09:02:22.125  2941  2941 I AudioPolicyService: AudioPolicyService CSTOR in new mode
08-26 09:02:22.126  2941  2941 I APM::ConfigParsingUtils: loadAudioPolicyConfig() loaded /system/etc/audio_policy.conf
08-26 09:02:22.139  2934  2934 W McDaemon: mcRegistry read So.Soc failed: 16 [hardware/samsung_slsi/exynos8890/mobicore/Daemon/src/PrivateRegistry.cpp:374]
08-26 09:02:22.139  2934  2934 W McDaemon: mcRegistry read So.Soc failed: 16 [hardware/samsung_slsi/exynos8890/mobicore/Daemon/src/PrivateRegistry.cpp:429]
08-26 09:02:22.139  2934  2934 W McDaemon: mcRegistry read So.Root failed: 16 [hardware/samsung_slsi/exynos8890/mobicore/Daemon/src/PrivateRegistry.cpp:533]
08-26 09:02:22.139  2934  2934 W McDaemon: Device endorsements not supported! [hardware/samsung_slsi/exynos8890/mobicore/Daemon/src/MobiCoreDriverDaemon.cpp:588]
08-26 09:02:22.139  2934  2934 I McDaemon: Daemon starting up... [hardware/samsung_slsi/exynos8890/mobicore/Daemon/src/MobiCoreDriverDaemon.cpp:548]
08-26 09:02:22.139  2934  2934 I McDaemon: Interface version is 0.4 [hardware/samsung_slsi/exynos8890/mobicore/Daemon/src/MobiCoreDriverDaemon.cpp:550]
08-26 09:02:22.139  2934  2934 I McDaemon: t-base-EXYNOS64-Android-310B-V007-20160505_211700_344 [hardware/samsung_slsi/exynos8890/mobicore/Daemon/src/MobiCoreDriverDaemon.cpp:552]
08-26 09:02:22.139  2934  2934 I McDaemon: Build timestamp is Aug  9 2016 18:54:04 [hardware/samsung_slsi/exynos8890/mobicore/Daemon/src/MobiCoreDriverDaemon.cpp:553]
08-26 09:02:22.141  2934  3118 I TeeDriverClient: driver client open [hardware/samsung_slsi/exynos8890/mobicore/ClientLib/src/driver_client.cpp:103]
08-26 09:02:22.141  2934  2934 W McDaemon: Cannot open trustlet /data/app/mcRegistry/07050501000000000000000000000020.tlbin (2) [hardware/samsung_slsi/exynos8890/mobicore/Daemon/src/SecureWorld.cpp:178]
08-26 09:02:22.143  2934  3118 I TeeFilesystem: void FileSystem::Impl::run(): Start listening for request from STH2 [hardware/samsung_slsi/exynos8890/mobicore/Daemon/src/FSD2.cpp:376]
08-26 09:02:22.156  3120  3120 I CSTORAGE: ============================================================
08-26 09:02:22.156  3120  3120 I CSTORAGE:  CSTORAGE, v1.1.14, OS = android, ChipId = ex8890
08-26 09:02:22.156  3120  3120 I CSTORAGE: ============================================================
08-26 09:02:22.156  3120  3120 I CSTORAGE: ============================================================
08-26 09:02:22.156  3120  3120 I CSTORAGE:  CSTORAGE_SKM_LIB, v1.1.14, OS = android, ChipId = ex8890
08-26 09:02:22.156  3120  3120 I CSTORAGE: ============================================================
08-26 09:02:22.189  3069  3069 W auditd  : type=1325 audit(0.0:26): table=filter family=2 entries=13
08-26 09:02:22.189  3069  3069 W auditd  : type=1320 audit(0.0:26): 
08-26 09:02:22.199  3069  3069 W auditd  : type=1325 audit(0.0:27): table=filter family=10 entries=13
08-26 09:02:22.199  3069  3069 W auditd  : type=1320 audit(0.0:27): 
08-26 09:02:22.209  3069  3069 W auditd  : type=1325 audit(0.0:28): table=filter family=2 entries=15
08-26 09:02:22.209  3069  3069 W auditd  : type=1320 audit(0.0:28): 
08-26 09:02:22.209  3069  3069 W auditd  : type=1325 audit(0.0:29): table=filter family=10 entries=15
08-26 09:02:22.209  3069  3069 W auditd  : type=1320 audit(0.0:29): 
08-26 09:02:22.239  3069  3069 W auditd  : type=1325 audit(0.0:30): table=filter family=2 entries=16
08-26 09:02:22.239  3069  3069 W auditd  : type=1320 audit(0.0:30): 
08-26 09:02:22.249  3069  3069 W auditd  : type=1325 audit(0.0:31): table=filter family=10 entries=16
08-26 09:02:22.249  3069  3069 W auditd  : type=1320 audit(0.0:31): 
08-26 09:02:22.249  3069  3069 W auditd  : type=1325 audit(0.0:32): table=filter family=2 entries=18
08-26 09:02:22.249  3069  3069 W auditd  : type=1320 audit(0.0:32): 
08-26 09:02:22.259  3069  3069 W auditd  : type=1325 audit(0.0:33): table=filter family=10 entries=18
08-26 09:02:22.305  2945  2945 D AndroidRuntime: >>>>>> START com.android.internal.os.ZygoteInit uid 0 <<<<<<
08-26 09:02:22.318  2945  2945 D AndroidRuntime: CheckJNI is ON
08-26 09:02:22.324  2945  2945 I art     : option[0]=-Xzygote
08-26 09:02:22.324  2945  2945 I art     : option[1]=-Xcheck:jni
08-26 09:02:22.324  2945  2945 I art     : option[2]=-Xstacktracefile:/data/anr/traces.txt
08-26 09:02:22.324  2945  2945 I art     : option[3]=exit
08-26 09:02:22.324  2945  2945 I art     : option[4]=vfprintf
08-26 09:02:22.324  2945  2945 I art     : option[5]=sensitiveThread
08-26 09:02:22.324  2945  2945 I art     : option[6]=-verbose:gc
08-26 09:02:22.324  2945  2945 I art     : option[7]=-Xms8m
08-26 09:02:22.324  2945  2945 I art     : option[8]=-Xmx768m
08-26 09:02:22.324  2945  2945 I art     : option[9]=-XX:HeapGrowthLimit=288m
08-26 09:02:22.324  2945  2945 I art     : option[10]=-XX:HeapMinFree=2m
08-26 09:02:22.324  2945  2945 I art     : option[11]=-XX:HeapMaxFree=8m
08-26 09:02:22.324  2945  2945 I art     : option[12]=-XX:HeapTargetUtilization=0.75
08-26 09:02:22.324  2945  2945 I art     : option[13]=-Xusejit:true
08-26 09:02:22.324  2945  2945 I art     : option[14]=-agentlib:jdwp=transport=dt_android_adb,suspend=n,server=y
08-26 09:02:22.324  2945  2945 I art     : option[15]=-Xlockprofthreshold:500
08-26 09:02:22.324  2945  2945 I art     : option[16]=-Ximage-compiler-option
08-26 09:02:22.324  2945  2945 I art     : option[17]=--runtime-arg
08-26 09:02:22.324  2945  2945 I art     : option[18]=-Ximage-compiler-option
08-26 09:02:22.324  2945  2945 I art     : option[19]=-Xms64m
08-26 09:02:22.324  2945  2945 I art     : option[20]=-Ximage-compiler-option
08-26 09:02:22.324  2945  2945 I art     : option[21]=--runtime-arg
08-26 09:02:22.324  2945  2945 I art     : option[22]=-Ximage-compiler-option
08-26 09:02:22.324  2945  2945 I art     : option[23]=-Xmx64m
08-26 09:02:22.324  2945  2945 I art     : option[24]=-Ximage-compiler-option
08-26 09:02:22.324  2945  2945 I art     : option[25]=--compiler-filter=verify-at-runtime
08-26 09:02:22.324  2945  2945 I art     : option[26]=-Ximage-compiler-option
08-26 09:02:22.324  2945  2945 I art     : option[27]=--image-classes=/system/etc/preloaded-classes
08-26 09:02:22.324  2945  2945 I art     : option[28]=-Xcompiler-option
08-26 09:02:22.324  2945  2945 I art     : option[29]=--runtime-arg
08-26 09:02:22.324  2945  2945 I art     : option[30]=-Xcompiler-option
08-26 09:02:22.324  2945  2945 I art     : option[31]=-Xms64m
08-26 09:02:22.324  2945  2945 I art     : option[32]=-Xcompiler-option
08-26 09:02:22.324  2945  2945 I art     : option[33]=--runtime-arg
08-26 09:02:22.324  2945  2945 I art     : option[34]=-Xcompiler-option
08-26 09:02:22.324  2945  2945 I art     : option[35]=-Xmx512m
08-26 09:02:22.324  2945  2945 I art     : option[36]=-Xcompiler-option
08-26 09:02:22.324  2945  2945 I art     : option[37]=--compiler-filter=verify-at-runtime
08-26 09:02:22.324  2945  2945 I art     : option[38]=-Ximage-compiler-option
08-26 09:02:22.324  2945  2945 I art     : option[39]=--instruction-set-variant=generic
08-26 09:02:22.324  2945  2945 I art     : option[40]=-Xcompiler-option
08-26 09:02:22.324  2945  2945 I art     : option[41]=--instruction-set-variant=generic
08-26 09:02:22.324  2945  2945 I art     : option[42]=-Ximage-compiler-option
08-26 09:02:22.324  2945  2945 I art     : option[43]=--instruction-set-features=default
08-26 09:02:22.324  2945  2945 I art     : option[44]=-Xcompiler-option
08-26 09:02:22.324  2945  2945 I art     : option[45]=--instruction-set-features=default
08-26 09:02:22.324  2945  2945 I art     : option[46]=-Duser.locale=en-US
08-26 09:02:22.324  2945  2945 I art     : option[47]=--cpu-abilist=arm64-v8a,armeabi
08-26 09:02:22.324  2945  2945 I art     : option[48]=-Xfingerprint:samsung/cm_hero2ltexx/hero2ltexx:6.0.1/MOB30Z/9a64775957:eng/test-keys
08-26 09:02:22.327  2946  2946 D AndroidRuntime: >>>>>> START com.android.internal.os.ZygoteInit uid 0 <<<<<<
08-26 09:02:22.344  2945  2945 I art     : Pruning dalvik-cache since we are generating an image and will need to recompile
08-26 09:02:22.344  2945  2945 I art     : Using an offset of 0xff4f7000 from default art base address of 0x70000000
08-26 09:02:22.344  2945  2945 I art     : GenerateImage: /system/bin/dex2oat --image=/data/dalvik-cache/arm64/system@framework@boot.art --dex-file=/system/framework/core-libart.jar --dex-file=/system/framework/conscrypt.jar --dex-file=/system/framework/okhttp.jar --dex-file=/system/framework/core-junit.jar --dex-file=/system/framework/bouncycastle.jar --dex-file=/system/framework/ext.jar --dex-file=/system/framework/framework.jar --dex-file=/system/framework/telephony-common.jar --dex-file=/system/framework/voip-common.jar --dex-file=/system/framework/ims-common.jar --dex-file=/system/framework/apache-xml.jar --dex-file=/system/framework/org.apache.http.legacy.boot.jar --oat-file=/data/dalvik-cache/arm64/system@framework@boot.oat --instruction-set=arm64 --instruction-set-features=smp,a53 --base=0x6f4f7000 --runtime-arg -Xms64m --runtime-arg -Xmx64m --compiler-filter=verify-at-runtime --image-classes=/system/etc/preloaded-classes --instruction-set-variant=generic --instruction-set-features=default
08-26 09:02:22.347  2946  2946 D AndroidRuntime: CheckJNI is ON
08-26 09:02:22.352  2946  2946 I art     : option[0]=-Xzygote
08-26 09:02:22.352  2946  2946 I art     : option[1]=-Xcheck:jni
08-26 09:02:22.352  2946  2946 I art     : option[2]=-Xstacktracefile:/data/anr/traces.txt
08-26 09:02:22.352  2946  2946 I art     : option[3]=exit
08-26 09:02:22.352  2946  2946 I art     : option[4]=vfprintf
08-26 09:02:22.352  2946  2946 I art     : option[5]=sensitiveThread
08-26 09:02:22.352  2946  2946 I art     : option[6]=-verbose:gc
08-26 09:02:22.352  2946  2946 I art     : option[7]=-Xms8m
08-26 09:02:22.352  2946  2946 I art     : option[8]=-Xmx768m
08-26 09:02:22.352  2946  2946 I art     : option[9]=-XX:HeapGrowthLimit=288m
08-26 09:02:22.352  2946  2946 I art     : option[10]=-XX:HeapMinFree=2m
08-26 09:02:22.352  2946  2946 I art     : option[11]=-XX:HeapMaxFree=8m
08-26 09:02:22.352  2946  2946 I art     : option[12]=-XX:HeapTargetUtilization=0.75
08-26 09:02:22.352  2946  2946 I art     : option[13]=-Xusejit:true
08-26 09:02:22.352  2946  2946 I art     : option[14]=-agentlib:jdwp=transport=dt_android_adb,suspend=n,server=y
08-26 09:02:22.352  2946  2946 I art     : option[15]=-Xlockprofthreshold:500
08-26 09:02:22.352  2946  2946 I art     : option[16]=-Ximage-compiler-option
08-26 09:02:22.352  2946  2946 I art     : option[17]=--runtime-arg
08-26 09:02:22.352  2946  2946 I art     : option[18]=-Ximage-compiler-option
08-26 09:02:22.352  2946  2946 I art     : option[19]=-Xms64m
08-26 09:02:22.352  2946  2946 I art     : option[20]=-Ximage-compiler-option
08-26 09:02:22.352  2946  2946 I art     : option[21]=--runtime-arg
08-26 09:02:22.352  2946  2946 I art     : option[22]=-Ximage-compiler-option
08-26 09:02:22.352  2946  2946 I art     : option[23]=-Xmx64m
08-26 09:02:22.352  2946  2946 I art     : option[24]=-Ximage-compiler-option
08-26 09:02:22.352  2946  2946 I art     : option[25]=--compiler-filter=verify-at-runtime
08-26 09:02:22.352  2946  2946 I art     : option[26]=-Ximage-compiler-option
08-26 09:02:22.352  2946  2946 I art     : option[27]=--image-classes=/system/etc/preloaded-classes
08-26 09:02:22.352  2946  2946 I art     : option[28]=-Xcompiler-option
08-26 09:02:22.352  2946  2946 I art     : option[29]=--runtime-arg
08-26 09:02:22.352  2946  2946 I art     : option[30]=-Xcompiler-option
08-26 09:02:22.352  2946  2946 I art     : option[31]=-Xms64m
08-26 09:02:22.352  2946  2946 I art     : option[32]=-Xcompiler-option
08-26 09:02:22.352  2946  2946 I art     : option[33]=--runtime-arg
08-26 09:02:22.352  2946  2946 I art     : option[34]=-Xcompiler-option
08-26 09:02:22.352  2946  2946 I art     : option[35]=-Xmx512m
08-26 09:02:22.352  2946  2946 I art     : option[36]=-Xcompiler-option
08-26 09:02:22.352  2946  2946 I art     : option[37]=--compiler-filter=verify-at-runtime
08-26 09:02:22.352  2946  2946 I art     : option[38]=-Ximage-compiler-option
08-26 09:02:22.352  2946  2946 I art     : option[39]=--instruction-set-variant=cortex-a53
08-26 09:02:22.352  2946  2946 I art     : option[40]=-Xcompiler-option
08-26 09:02:22.352  2946  2946 I art     : option[41]=--instruction-set-variant=cortex-a53
08-26 09:02:22.352  2946  2946 I art     : option[42]=-Ximage-compiler-option
08-26 09:02:22.352  2946  2946 I art     : option[43]=--instruction-set-features=default
08-26 09:02:22.352  2946  2946 I art     : option[44]=-Xcompiler-option
08-26 09:02:22.352  2946  2946 I art     : option[45]=--instruction-set-features=default
08-26 09:02:22.352  2946  2946 I art     : option[46]=-Duser.locale=en-US
08-26 09:02:22.352  2946  2946 I art     : option[47]=--cpu-abilist=armeabi-v7a,armeabi
08-26 09:02:22.352  2946  2946 I art     : option[48]=-Xfingerprint:samsung/cm_hero2ltexx/hero2ltexx:6.0.1/MOB30Z/9a64775957:eng/test-keys
08-26 09:02:22.363  2946  2946 I art     : Pruning dalvik-cache since we are generating an image and will need to recompile
08-26 09:02:22.364  2946  2946 I art     : Using an offset of 0xff77c000 from default art base address of 0x70000000
08-26 09:02:22.364  2946  2946 I art     : GenerateImage: /system/bin/dex2oat --image=/data/dalvik-cache/arm/system@framework@boot.art --dex-file=/system/framework/core-libart.jar --dex-file=/system/framework/conscrypt.jar --dex-file=/system/framework/okhttp.jar --dex-file=/system/framework/core-junit.jar --dex-file=/system/framework/bouncycastle.jar --dex-file=/system/framework/ext.jar --dex-file=/system/framework/framework.jar --dex-file=/system/framework/telephony-common.jar --dex-file=/system/framework/voip-common.jar --dex-file=/system/framework/ims-common.jar --dex-file=/system/framework/apache-xml.jar --dex-file=/system/framework/org.apache.http.legacy.boot.jar --oat-file=/data/dalvik-cache/arm/system@framework@boot.oat --instruction-set=arm --instruction-set-features=smp,div,-atomic_ldrd_strd --base=0x6f77c000 --runtime-arg -Xms64m --runtime-arg -Xmx64m --compiler-filter=verify-at-runtime --image-classes=/system/etc/preloaded-classes --instruction-set-variant=cortex-a53 --instruction-set-features=default
08-26 09:02:22.374  3179  3179 I dex2oat : /system/bin/dex2oat --image=/data/dalvik-cache/arm64/system@framework@boot.art --dex-file=/system/framework/core-libart.jar --dex-file=/system/framework/conscrypt.jar --dex-file=/system/framework/okhttp.jar --dex-file=/system/framework/core-junit.jar --dex-file=/system/framework/bouncycastle.jar --dex-file=/system/framework/ext.jar --dex-file=/system/framework/framework.jar --dex-file=/system/framework/telephony-common.jar --dex-file=/system/framework/voip-common.jar --dex-file=/system/framework/ims-common.jar --dex-file=/system/framework/apache-xml.jar --dex-file=/system/framework/org.apache.http.legacy.boot.jar --oat-file=/data/dalvik-cache/arm64/system@framework@boot.oat --instruction-set=arm64 --instruction-set-features=smp,a53 --base=0x6f4f7000 --runtime-arg -Xms64m --runtime-arg -Xmx64m --compiler-filter=verify-at-runtime --image-classes=/system/etc/preloaded-classes --instruction-set-variant=generic --instruction-set-features=default
08-26 09:02:22.378  3179  3179 I dex2oat : setting boot class path to /system/framework/core-libart.jar:/system/framework/conscrypt.jar:/system/framework/okhttp.jar:/system/framework/core-junit.jar:/system/framework/bouncycastle.jar:/system/framework/ext.jar:/system/framework/framework.jar:/system/framework/telephony-common.jar:/system/framework/voip-common.jar:/system/framework/ims-common.jar:/system/framework/apache-xml.jar:/system/framework/org.apache.http.legacy.boot.jar
08-26 09:02:22.382  3185  3185 I dex2oat : /system/bin/dex2oat --image=/data/dalvik-cache/arm/system@framework@boot.art --dex-file=/system/framework/core-libart.jar --dex-file=/system/framework/conscrypt.jar --dex-file=/system/framework/okhttp.jar --dex-file=/system/framework/core-junit.jar --dex-file=/system/framework/bouncycastle.jar --dex-file=/system/framework/ext.jar --dex-file=/system/framework/framework.jar --dex-file=/system/framework/telephony-common.jar --dex-file=/system/framework/voip-common.jar --dex-file=/system/framework/ims-common.jar --dex-file=/system/framework/apache-xml.jar --dex-file=/system/framework/org.apache.http.legacy.boot.jar --oat-file=/data/dalvik-cache/arm/system@framework@boot.oat --instruction-set=arm --instruction-set-features=smp,div,-atomic_ldrd_strd --base=0x6f77c000 --runtime-arg -Xms64m --runtime-arg -Xmx64m --compiler-filter=verify-at-runtime --image-classes=/system/etc/preloaded-classes --instruction-set-variant=cortex-a53 --instruction-set-features=default
08-26 09:02:22.383  3185  3185 I dex2oat : setting boot class path to /system/framework/core-libart.jar:/system/framework/conscrypt.jar:/system/framework/okhttp.jar:/system/framework/core-junit.jar:/system/framework/bouncycastle.jar:/system/framework/ext.jar:/system/framework/framework.jar:/system/framework/telephony-common.jar:/system/framework/voip-common.jar:/system/framework/ims-common.jar:/system/framework/apache-xml.jar:/system/framework/org.apache.http.legacy.boot.jar
08-26 09:02:22.483  2933  2933 D SurfaceFlinger: SF. shader cache generated - 26 shaders in 375.838806 ms
08-26 09:02:22.520  3101  3130 D libEGL  : loaded /vendor/lib64/egl/libGLES_mali.so
08-26 09:02:22.537  3101  3130 D mali_winsys: EGLint new_window_surface(egl_winsys_display*, void*, EGLSurface, EGLConfig, egl_winsys_surface**, egl_color_buffer_format*, EGLBoolean) returns 0x3000,  [1440x2560]-format:2
08-26 09:02:22.544  3101  3130 E BootAnimation: couldn't find audio_conf.txt
08-26 09:02:22.559  3101  3130 D BootAnimation: Use save memory method, maybe small fps in actual.
08-26 09:02:22.686  2941  2941 E audio_route: Failed to open /system/etc/mixer_paths.xml
08-26 09:02:22.691  2941  2941 I AudioFlinger: loadHwModule() Loaded primary audio interface from Samsung audio HW HAL (audio) handle 1
08-26 09:02:22.691  2941  2941 I AudioFlinger: openOutput(), module 1 Device 2, SamplingRate 44100, Format 0x000001, Channels 3, flags 2
08-26 09:02:22.691  2941  2941 I AudioFlinger: AudioStreamOut::open(), mHalFormatIsLinearPcm = 1
08-26 09:02:22.691  2941  2941 I AudioFlinger: HAL output buffer size 256 frames, normal sink buffer size 960 frames
08-26 09:02:22.698  2941  2941 I BufferProvider: found effect "Multichannel Downmix To Stereo" from The Android Open Source Project
08-26 09:02:22.698  2941  2941 E MonoPipe: Failed to fetch local time frequency when constructing a MonoPipe (res = -32).  getNextWriteTimestamp calls will be non-functional
08-26 09:02:22.699  2941  2941 I AudioFlinger: Using module 1 has the primary audio interface
08-26 09:02:22.702  2941  3243 I AudioFlinger: AudioFlinger's thread 0xf45c0000 ready to run
08-26 09:02:22.702  2941  3243 V audio_hw_primary: out_set_parameters: key value pairs: routing=2
08-26 09:02:22.702  2941  3243 V audio_hw_primary: do_out_standby: output standby: 1
08-26 09:02:22.702  2941  3243 E AudioFlinger: no wake lock to update!
08-26 09:02:22.703  2941  2941 V audio_hw_primary: adev_open_input_stream: Created resampler converting 48000 -> 16000
08-26 09:02:22.703  2941  2941 V audio_hw_primary: adev_open_input_stream: Requesting input stream with rate: 16000, channels: 0xc
08-26 09:02:22.704  2941  3245 I AudioFlinger: AudioFlinger's thread 0xf4200000 ready to run
08-26 09:02:22.705  2941  2941 I r_submix: adev_open(name=audio_hw_if)
08-26 09:02:22.705  2941  2941 I r_submix: adev_init_check()
08-26 09:02:22.705  2941  2941 I AudioFlinger: loadHwModule() Loaded r_submix audio interface from Wifi Display audio HAL (audio) handle 4
08-26 09:02:22.705  2941  2941 D r_submix: adev_open_input_stream(addr=0)
08-26 09:02:22.705  2941  2941 D r_submix: submix_audio_device_create_pipe_l(addr=0, idx=9)
08-26 09:02:22.705  2941  2941 D r_submix:   now using address 0 for route 9
08-26 09:02:22.705  2941  3246 I AudioFlinger: AudioFlinger's thread 0xf4200000 ready to run
08-26 09:02:22.705  2941  2941 D r_submix: adev_close_input_stream()
08-26 09:02:22.705  2941  2941 D r_submix: submix_audio_device_release_pipe_l(idx=9) addr=0
08-26 09:02:22.705  2941  2941 D r_submix: submix_audio_device_destroy_pipe_l(): pipe destroyed
08-26 09:02:22.706  2941  2941 E SoundTriggerHwService: couldn't load sound trigger module sound_trigger.primary (No such file or directory)
08-26 09:02:22.706  2941  2941 I RadioService: RadioService
08-26 09:02:22.706  2941  2941 I RadioService: onFirstRef
08-26 09:02:22.706  2941  2941 E RadioService: couldn't load radio module radio.primary (No such file or directory)
08-26 09:02:23.042  2936  2936 V NatController: runCmd(/system/bin/iptables -w -F natctrl_FORWARD) res=0
08-26 09:02:23.052  2936  2936 V NatController: runCmd(/system/bin/iptables -w -A natctrl_FORWARD -j DROP) res=0
08-26 09:02:23.057  2936  2936 V NatController: runCmd(/system/bin/iptables -w -t nat -F natctrl_nat_POSTROUTING) res=0
08-26 09:02:23.061  2936  2936 V NatController: runCmd(/system/bin/iptables -w -F natctrl_tether_counters) res=1
08-26 09:02:23.065  2936  2936 V NatController: runCmd(/system/bin/iptables -w -X natctrl_tether_counters) res=1
08-26 09:02:23.070  2936  2936 V NatController: runCmd(/system/bin/iptables -w -N natctrl_tether_counters) res=0
08-26 09:02:23.074  2936  2936 V NatController: runCmd(/system/bin/iptables -w -t mangle -A natctrl_mangle_FORWARD -p tcp --tcp-flags SYN SYN -j TCPMSS --clamp-mss-to-pmtu) res=0
08-26 09:02:23.139  3069  3069 W auditd  : type=1325 audit(0.0:101): table=raw family=2 entries=9
08-26 09:02:23.139  3069  3069 W auditd  : type=1320 audit(0.0:101): 
08-26 09:02:23.149  3069  3069 W auditd  : type=1325 audit(0.0:102): table=raw family=10 entries=9
08-26 09:02:23.149  3069  3069 W auditd  : type=1320 audit(0.0:102): 
08-26 09:02:23.149  3069  3069 W auditd  : type=1325 audit(0.0:103): table=mangle family=2 entries=16
08-26 09:02:23.149  3069  3069 W auditd  : type=1320 audit(0.0:103): 
08-26 09:02:23.149  3069  3069 W auditd  : type=1325 audit(0.0:104): table=mangle family=10 entries=12
08-26 09:02:23.149  3069  3069 W auditd  : type=1320 audit(0.0:104): 
08-26 09:02:23.179  3069  3069 W auditd  : type=1325 audit(0.0:105): table=filter family=2 entries=43
08-26 09:02:23.179  3069  3069 W auditd  : type=1320 audit(0.0:105): 
08-26 09:02:23.189  3069  3069 W auditd  : type=1325 audit(0.0:106): table=filter family=10 entries=46
08-26 09:02:23.189  3069  3069 W auditd  : type=1320 audit(0.0:106): 
08-26 09:02:23.199  3069  3069 W auditd  : type=1325 audit(0.0:107): table=filter family=2 entries=45
08-26 09:02:23.199  3069  3069 W auditd  : type=1320 audit(0.0:107): 
08-26 09:02:23.199  3069  3069 W auditd  : type=1325 audit(0.0:108): table=filter family=10 entries=48
08-26 09:02:23.199  3069  3069 W auditd  : type=1320 audit(0.0:108): 
08-26 09:02:23.209  3069  3069 W auditd  : type=1325 audit(0.0:109): table=filter family=2 entries=47
08-26 09:02:23.209  3069  3069 W auditd  : type=1320 audit(0.0:109): 
08-26 09:02:23.209  3069  3069 W auditd  : type=1325 audit(0.0:110): table=filter family=10 entries=50
08-26 09:02:23.209  3069  3069 W auditd  : type=1320 audit(0.0:110): 
08-26 09:02:23.572  2936  2936 E Netd    : cannot find interface dummy0
08-26 09:02:23.573  2936  2936 D MDnsDS  : MDnsSdListener::Hander starting up
08-26 09:02:23.573  2936  3406 D MDnsDS  : MDnsSdListener starting to monitor
08-26 09:02:23.573  2936  3406 D MDnsDS  : Going to poll with pollCount 1
08-26 09:02:24.076  3185  3399 W dex2oat : Skipping class com.quicinc.tcmiface.DpmTcmIface from /system/framework/org.apache.http.legacy.boot.jar previously found in /system/framework/okhttp.jar
08-26 09:02:24.106  3179  3391 W dex2oat : Skipping class com.quicinc.tcmiface.DpmTcmIface from /system/framework/org.apache.http.legacy.boot.jar previously found in /system/framework/okhttp.jar
08-26 09:02:24.429  3185  3185 I dex2oat : Explicit concurrent mark sweep GC freed 58600(12MB) AllocSpace objects, 0(0B) LOS objects, 45% free, 4MB/8MB, paused 63us total 9.184ms
08-26 09:02:24.446  3179  3179 I dex2oat : Explicit concurrent mark sweep GC freed 58606(21MB) AllocSpace objects, 0(0B) LOS objects, 34% free, 7MB/11MB, paused 86us total 10.956ms
08-26 09:02:24.602  3101  3130 D BootAnimation: Use save memory method, maybe small fps in actual.
08-26 09:02:25.146  3179  3179 I dex2oat : dex2oat took 2.772s (threads: 8) arena alloc=1416B java alloc=7MB native alloc=10MB free=10MB
08-26 09:02:25.146  3185  3185 I dex2oat : dex2oat took 2.765s (threads: 8) arena alloc=544B java alloc=4MB native alloc=8MB free=8MB
08-26 09:02:25.178  2946  2946 D ICU     : No timezone override file found: /data/misc/zoneinfo/current/icu/icu_tzdata.dat
08-26 09:02:25.183  2945  2945 D ICU     : No timezone override file found: /data/misc/zoneinfo/current/icu/icu_tzdata.dat
08-26 09:02:25.320  2945  2945 I Radio-JNI: register_android_hardware_Radio DONE
08-26 09:02:25.323  2946  2946 I Radio-JNI: register_android_hardware_Radio DONE
08-26 09:02:25.363  2945  2945 I SamplingProfilerIntegration: Profiling disabled.
08-26 09:02:25.363  2945  2945 D Zygote  : begin preload
08-26 09:02:25.365  2945  2945 I Zygote  : Preloading classes...
08-26 09:02:25.369  2946  2946 I SamplingProfilerIntegration: Profiling disabled.
08-26 09:02:25.370  2946  2946 D Zygote  : begin preload
08-26 09:02:25.371  2946  2946 I Zygote  : Preloading classes...
08-26 09:02:25.791  2946  2946 E Minikin : addFont failed to create font /system/fonts/NanumGothic.ttf
08-26 09:02:25.791  2946  2946 E Minikin : addFont failed to create font /system/fonts/DroidSansFallback.ttf
08-26 09:02:25.791  2946  2946 E Minikin : addFont failed to create font /system/fonts/MTLmr3m.ttf
08-26 09:02:25.791  2945  2945 E Minikin : addFont failed to create font /system/fonts/NanumGothic.ttf
08-26 09:02:25.791  2945  2945 E Minikin : addFont failed to create font /system/fonts/DroidSansFallback.ttf
08-26 09:02:25.791  2945  2945 E Minikin : addFont failed to create font /system/fonts/MTLmr3m.ttf
08-26 09:02:25.889  2945  2945 V DngCreator_JNI: DngCreator_nativeClassInit:
08-26 09:02:25.890  2946  2946 V DngCreator_JNI: DngCreator_nativeClassInit:
08-26 09:02:26.528  2945  2945 I art     : Thread[1,tid=2945,Native,Thread*=0x7f9753ba00,peer=0x12c532e0,"main"] recursive attempt to load library "/system/lib64/libmedia_jni.so"
08-26 09:02:26.528  2945  2945 D MtpDeviceJNI: register_android_mtp_MtpDevice
08-26 09:02:26.529  2945  2945 I art     : Thread[1,tid=2945,Native,Thread*=0x7f9753ba00,peer=0x12c532e0,"main"] recursive attempt to load library "/system/lib64/libmedia_jni.so"
08-26 09:02:26.529  2945  2945 I art     : Thread[1,tid=2945,Native,Thread*=0x7f9753ba00,peer=0x12c532e0,"main"] recursive attempt to load library "/system/lib64/libmedia_jni.so"
08-26 09:02:26.663  2946  2946 I art     : Thread[1,tid=2946,Native,Thread*=0xf5276500,peer=0x12c21340,"main"] recursive attempt to load library "/system/lib/libmedia_jni.so"
08-26 09:02:26.663  2946  2946 D MtpDeviceJNI: register_android_mtp_MtpDevice
08-26 09:02:26.663  2946  2946 I art     : Thread[1,tid=2946,Native,Thread*=0xf5276500,peer=0x12c21340,"main"] recursive attempt to load library "/system/lib/libmedia_jni.so"
08-26 09:02:26.664  2946  2946 I art     : Thread[1,tid=2946,Native,Thread*=0xf5276500,peer=0x12c21340,"main"] recursive attempt to load library "/system/lib/libmedia_jni.so"
08-26 09:02:27.065  2945  2945 W System  : ClassLoader referenced unknown path: /system/framework/tcmclient.jar
08-26 09:02:27.246  2946  2946 W System  : ClassLoader referenced unknown path: /system/framework/tcmclient.jar
08-26 09:02:27.413  2945  2945 I System  : Loaded time zone names for "" in 25ms (23ms in ICU)
08-26 09:02:27.447  2945  2945 I System  : Loaded time zone names for "en_US" in 34ms (13ms in ICU)
08-26 09:02:27.612  2946  2946 I System  : Loaded time zone names for "" in 17ms (14ms in ICU)
08-26 09:02:27.616  2945  2945 I Zygote  : ...preloaded 3831 classes in 2251ms.
08-26 09:02:27.616  2945  2945 I art     : VMRuntime.preloadDexCaches starting
08-26 09:02:27.649  2945  2945 I art     : VMRuntime.preloadDexCaches strings total=249042 before=10084 after=10084
08-26 09:02:27.649  2946  2946 I System  : Loaded time zone names for "en_US" in 37ms (10ms in ICU)
08-26 09:02:27.649  2945  2945 I art     : VMRuntime.preloadDexCaches types total=20335 before=8244 after=9837
08-26 09:02:27.649  2945  2945 I art     : VMRuntime.preloadDexCaches fields total=100408 before=35771 after=47736
08-26 09:02:27.649  2945  2945 I art     : VMRuntime.preloadDexCaches methods total=172844 before=67608 after=83315
08-26 09:02:27.649  2945  2945 I art     : VMRuntime.preloadDexCaches finished
08-26 09:02:27.666  3422  3422 D idmap   : error: no read access to /vendor/overlay: No such file or directory
08-26 09:02:27.690  2945  2945 I Zygote  : Preloading resources...
08-26 09:02:27.875  2946  2946 I Zygote  : ...preloaded 3831 classes in 2504ms.
08-26 09:02:27.875  2946  2946 I art     : VMRuntime.preloadDexCaches starting
08-26 09:02:27.913  2946  2946 I art     : VMRuntime.preloadDexCaches strings total=249042 before=10084 after=10084
08-26 09:02:27.913  2946  2946 I art     : VMRuntime.preloadDexCaches types total=20335 before=8244 after=9837
08-26 09:02:27.913  2946  2946 I art     : VMRuntime.preloadDexCaches fields total=100408 before=35771 after=47736
08-26 09:02:27.913  2946  2946 I art     : VMRuntime.preloadDexCaches methods total=172844 before=67608 after=83315
08-26 09:02:27.913  2946  2946 I art     : VMRuntime.preloadDexCaches finished
08-26 09:02:27.926  3423  3423 D idmap   : error: no read access to /vendor/overlay: No such file or directory
08-26 09:02:27.929  2946  2946 I Zygote  : Preloading resources...
08-26 09:02:28.115  2945  2945 I Zygote  : ...preloaded 342 resources in 425ms.
08-26 09:02:28.125  2945  2945 I Zygote  : ...preloaded 41 resources in 10ms.
08-26 09:02:28.133  2945  2945 D libEGL  : loaded /vendor/lib64/egl/libGLES_mali.so
08-26 09:02:28.139  2945  2945 I Zygote  : Preloading shared libraries...
08-26 09:02:28.153  2945  2945 D Zygote  : end preload
08-26 09:02:28.153  2945  2945 I art     : Starting a blocking GC Explicit
08-26 09:02:28.164  2945  2945 I art     : Explicit concurrent mark sweep GC freed 11422(461KB) AllocSpace objects, 0(0B) LOS objects, 35% free, 29MB/45MB, paused 56us total 11.234ms
08-26 09:02:28.174  2945  2945 I art     : Starting a blocking GC Explicit
08-26 09:02:28.183  2945  2945 I art     : Explicit concurrent mark sweep GC freed 2687(126KB) AllocSpace objects, 0(0B) LOS objects, 35% free, 28MB/44MB, paused 55us total 9.174ms
08-26 09:02:28.184  2945  3418 I art     : Starting a blocking GC HeapTrim
08-26 09:02:28.184  2945  2945 I art     : Starting a blocking GC Background
08-26 09:02:28.233  2945  2945 I Zygote  : System server process 3424 has been created
08-26 09:02:28.236  2945  2945 I Zygote  : Accepting command socket connections
08-26 09:02:28.362  2946  2946 I Zygote  : ...preloaded 342 resources in 433ms.
08-26 09:02:28.372  2946  2946 I Zygote  : ...preloaded 41 resources in 10ms.
08-26 09:02:28.411  2946  2946 D libEGL  : loaded /vendor/lib/egl/libGLES_mali.so
08-26 09:02:28.422  2946  2946 I Zygote  : Preloading shared libraries...
08-26 09:02:28.431  2946  2946 D Zygote  : end preload
08-26 09:02:28.431  2946  2946 I art     : Starting a blocking GC Explicit
08-26 09:02:28.441  2946  2946 I art     : Explicit concurrent mark sweep GC freed 11334(456KB) AllocSpace objects, 0(0B) LOS objects, 36% free, 27MB/43MB, paused 90us total 9.885ms
08-26 09:02:28.453  2946  2946 I art     : Starting a blocking GC Explicit
08-26 09:02:28.461  2946  2946 I art     : Explicit concurrent mark sweep GC freed 2429(114KB) AllocSpace objects, 0(0B) LOS objects, 36% free, 27MB/43MB, paused 86us total 8.196ms
08-26 09:02:28.461  2946  2946 I Zygote  : Accepting command socket connections
08-26 09:02:28.463  3424  3424 I Zygote  : Process: zygote socket opened, supported ABIS: armeabi-v7a,armeabi
08-26 09:02:28.464  3424  3424 I InstallerConnection: connecting...
08-26 09:02:28.464  2942  2942 I installd: new connection
08-26 09:02:28.484  3435  3435 I dex2oat : /system/bin/dex2oat --compiler-filter=verify-at-runtime
08-26 09:02:28.545  3435  3435 I dex2oat : dex2oat took 60.766ms (threads: 8) arena alloc=144B java alloc=897KB native alloc=794KB free=1509KB
08-26 09:02:28.565  3444  3444 I dex2oat : /system/bin/dex2oat --compiler-filter=verify-at-runtime
08-26 09:02:28.581  3444  3444 I dex2oat : dex2oat took 16.670ms (threads: 8) arena alloc=0B java alloc=62KB native alloc=784KB free=751KB
08-26 09:02:28.600  3454  3454 I dex2oat : /system/bin/dex2oat --compiler-filter=verify-at-runtime
08-26 09:02:28.921  3454  3454 I dex2oat : dex2oat took 320.957ms (threads: 8) arena alloc=312B java alloc=4MB native alloc=2MB free=2MB
08-26 09:02:28.941  3463  3463 I dex2oat : /system/bin/dex2oat --compiler-filter=verify-at-runtime
08-26 09:02:28.957  3463  3463 I dex2oat : dex2oat took 16.505ms (threads: 8) arena alloc=536B java alloc=74KB native alloc=912KB free=1135KB
08-26 09:02:28.976  3472  3472 I dex2oat : /system/bin/dex2oat --compiler-filter=verify-at-runtime
08-26 09:02:29.129  3472  3472 I dex2oat : dex2oat took 152.991ms (threads: 8) arena alloc=312B java alloc=2MB native alloc=1508KB free=2MB
08-26 09:02:29.133  3424  3424 I InstallerConnection: disconnecting...
08-26 09:02:29.133  2942  2942 E installd: eof
08-26 09:02:29.133  2942  2942 E installd: failed to read size
08-26 09:02:29.133  2942  2942 I installd: closing connection
08-26 09:02:29.165  3424  3424 I SystemServer: Entered the Android system server!
08-26 09:02:29.204  3424  3424 I SystemServiceManager: Starting com.android.server.pm.Installer
08-26 09:02:29.205  3424  3424 I Installer: Waiting for installd to be ready.
08-26 09:02:29.205  3424  3424 I InstallerConnection: connecting...
08-26 09:02:29.205  2942  2942 I installd: new connection
08-26 09:02:29.205  3424  3424 I SystemServiceManager: Starting com.android.server.am.ActivityManagerService$Lifecycle
08-26 09:02:29.285  3424  3424 I XXXXXX  : choosing minFree values for 64 Bit
08-26 09:02:29.285  3424  3424 I XXXXXX  : choosing minFree values for 64 Bit
08-26 09:02:29.285  3424  3424 I XXXXXX  : choosing minFree values for 64 Bit
08-26 09:02:29.285  3424  3424 I XXXXXX  : choosing minFree values for 64 Bit
08-26 09:02:29.285  3424  3424 I XXXXXX  : choosing minFree values for 64 Bit
08-26 09:02:29.285  3424  3424 I XXXXXX  : choosing minFree values for 64 Bit
08-26 09:02:29.291  3424  3424 I ActivityManager: Memory class: 288
08-26 09:02:29.292  3424  3484 I ServiceThread: Enabled StrictMode logging for ActivityManager looper.
08-26 09:02:29.298  3424  3485 I ServiceThread: Enabled StrictMode logging for android.ui looper.
08-26 09:02:29.366  3424  3424 D BatteryStatsImpl: Reading daily items from /data/system/batterystats-daily.xml
08-26 09:02:29.396  3424  3424 I AppOps  : No existing app ops /data/system/appops.xml; starting empty
08-26 09:02:29.462  3424  3424 I IntentFirewall: Read new rules (A:0 B:0 S:0)
08-26 09:02:29.484  3424  3489 I ServiceThread: Enabled StrictMode logging for android.display looper.
08-26 09:02:29.489  3424  3424 D AppOps  : AppOpsService published
08-26 09:02:29.489  3424  3424 I SystemServiceManager: Starting com.android.server.power.PowerManagerService
08-26 09:02:29.491  3424  3491 I ServiceThread: Enabled StrictMode logging for PowerManagerService looper.
08-26 09:02:29.495  3424  3424 W libsuspend: Error writing 'on' to /sys/power/state: Invalid argument
08-26 09:02:29.495  3424  3424 I libsuspend: Selected wakeup count
08-26 09:02:29.498  3424  3424 I SystemServiceManager: Starting com.android.server.lights.LightsService
08-26 09:02:29.499  3424  3424 I SystemServiceManager: Starting com.android.server.display.DisplayManagerService
08-26 09:02:29.506  3424  3424 I SystemServiceManager: Starting phase 100
08-26 09:02:29.509  2933  3053 E SurfaceFlinger: getDefaultDisplay: id=2 is not a valid default display id
08-26 09:02:29.510  3424  3489 I DisplayManagerService: Display device added: DisplayDeviceInfo{"Built-in Screen": uniqueId="local:0", 1440 x 2560, modeId 1, defaultModeId 1, supportedModes [{id=1, width=1440, height=2560, fps=59.0}], colorTransformId 1, defaultColorTransformId 1, supportedColorTransforms [{id=1, colorTransform=-22}], density 640, 537.882 x 532.983 dpi, appVsyncOff 0, presDeadline 17949152, touch INTERNAL, rotation 0, type BUILT_IN, state UNKNOWN, FLAG_DEFAULT_DISPLAY, FLAG_ROTATES_WITH_CONTENT, FLAG_SECURE, FLAG_SUPPORTS_PROTECTED_BUFFERS}
08-26 09:02:29.511  2933  2933 D SurfaceFlinger: Set power mode=2, type=0 flinger=0x7f82843c00
08-26 09:02:29.511  2933  2933 D SurfaceFlinger: Screen type=0 is already mode=2
08-26 09:02:29.512  3424  3424 I SystemServer: Package Manager
08-26 09:02:29.513  3424  3489 I DisplayManagerService: Display device changed state: "Built-in Screen", ON
08-26 09:02:29.575  3424  3424 W SELinuxMMAC: Error opening /data/system/seapp_hash. Assuming first boot.
08-26 09:02:29.601  3424  3424 W FileUtils: Failed to chmod(/data/system/packages.list): android.system.ErrnoException: chmod failed: ENOENT (No such file or directory)
08-26 09:02:29.700  3424  3424 D SELinuxMMAC: Using policy file /system/etc/security/mac_permissions.xml
08-26 09:02:29.711  3424  3424 I PackageManager: No settings file; creating initial state
08-26 09:02:29.730  3496  3496 I dex2oat : /system/bin/dex2oat --compiler-filter=verify-at-runtime
08-26 09:02:29.785  3496  3496 I dex2oat : dex2oat took 54.899ms (threads: 8) arena alloc=128B java alloc=646KB native alloc=794KB free=1509KB
08-26 09:02:29.805  3505  3505 I dex2oat : /system/bin/dex2oat --compiler-filter=verify-at-runtime
08-26 09:02:29.824  3505  3505 I dex2oat : dex2oat took 19.980ms (threads: 8) arena alloc=320B java alloc=210KB native alloc=1181KB free=1122KB
08-26 09:02:29.843  3514  3514 I dex2oat : /system/bin/dex2oat --compiler-filter=verify-at-runtime
08-26 09:02:29.860  3514  3514 I dex2oat : dex2oat took 17.635ms (threads: 8) arena alloc=0B java alloc=37KB native alloc=814KB free=721KB
08-26 09:02:29.879  3523  3523 I dex2oat : /system/bin/dex2oat --compiler-filter=verify-at-runtime
08-26 09:02:29.900  3523  3523 I dex2oat : dex2oat took 20.673ms (threads: 8) arena alloc=0B java alloc=95KB native alloc=785KB free=750KB
