09-01 03:12:13.147  3096  3119 E Surface : dequeueBuffer: IGraphicBufferProducer::requestBuffer failed: -22
09-01 03:12:13.147  3096  3119 D         : NULL == surf->write_back_color_buffer
09-01 03:12:13.180  3096  3119 W         : GLES-MALI OOM error: execution failed (gles_draw_call_finish at hardware/samsung_slsi/MaliT880_r12p0_JF/product/gles/src/draw/mali_gles_draw_module_api.c:186)
09-01 03:12:13.180  3096  3119 E gralloc : gralloc: static int private_handle_t::validate(const native_handle*) invalid gralloc handle (at 0x7f942bc400)
09-01 03:12:13.180  3096  3119 W GraphicBufferMapper: registerBuffer(0x7f942bc400) failed -22 (Invalid argument)
09-01 03:12:13.180  3096  3119 E GraphicBuffer: unflatten: registerBuffer failed: Invalid argument (-22)
09-01 03:12:13.180  3096  3119 E Surface : dequeueBuffer: IGraphicBufferProducer::requestBuffer failed: -22
09-01 03:12:13.181  3096  3119 D         : NULL == surf->write_back_color_buffer
09-01 03:12:13.213  3096  3119 W         : GLES-MALI OOM error: execution failed (gles_draw_call_finish at hardware/samsung_slsi/MaliT880_r12p0_JF/product/gles/src/draw/mali_gles_draw_module_api.c:186)
09-01 03:12:13.214  3096  3119 E gralloc : gralloc: static int private_handle_t::validate(const native_handle*) invalid gralloc handle (at 0x7f942bc4a0)
09-01 03:12:13.214  3096  3119 W GraphicBufferMapper: registerBuffer(0x7f942bc4a0) failed -22 (Invalid argument)
09-01 03:12:13.214  3096  3119 E GraphicBuffer: unflatten: registerBuffer failed: Invalid argument (-22)
09-01 03:12:13.214  3096  3119 E Surface : dequeueBuffer: IGraphicBufferProducer::requestBuffer failed: -22
09-01 03:12:13.214  3096  3119 D         : NULL == surf->write_back_color_buffer
09-01 03:12:13.247  3096  3119 W         : GLES-MALI OOM error: execution failed (gles_draw_call_finish at hardware/samsung_slsi/MaliT880_r12p0_JF/product/gles/src/draw/mali_gles_draw_module_api.c:186)
09-01 03:12:13.248  3096  3119 E gralloc : gralloc: static int private_handle_t::validate(const native_handle*) invalid gralloc handle (at 0x7f942bc540)
09-01 03:12:13.248  3096  3119 W GraphicBufferMapper: registerBuffer(0x7f942bc540) failed -22 (Invalid argument)
09-01 03:12:13.248  3096  3119 E GraphicBuffer: unflatten: registerBuffer failed: Invalid argument (-22)
09-01 03:12:13.248  3096  3119 E Surface : dequeueBuffer: IGraphicBufferProducer::requestBuffer failed: -22
09-01 03:12:13.248  3096  3119 D         : NULL == surf->write_back_color_buffer
09-01 03:12:13.265  3403  3403 E art     : DexFile_getDexOptNeeded file '/system/framework/org.apache.http.legacy.jar' does not exist
09-01 03:12:13.265  3403  3403 W PackageManager: Library not found: /system/framework/org.apache.http.legacy.jar
09-01 03:12:13.265  3403  3403 E art     : DexFile_getDexOptNeeded file '/system/framework/com.android.nfc_extras.jar' does not exist
09-01 03:12:13.265  3403  3403 W PackageManager: Library not found: /system/framework/com.android.nfc_extras.jar
09-01 03:12:13.269  3403  3403 E art     : DexFile_getDexOptNeeded file '/system/framework/org.apache.http.legacy.jar' does not exist
09-01 03:12:13.269  3403  3403 W PackageManager: Library not found: /system/framework/org.apache.http.legacy.jar
09-01 03:12:13.269  3403  3403 E art     : DexFile_getDexOptNeeded file '/system/framework/com.android.nfc_extras.jar' does not exist
09-01 03:12:13.269  3403  3403 W PackageManager: Library not found: /system/framework/com.android.nfc_extras.jar
09-01 03:12:13.280  3096  3119 W         : GLES-MALI OOM error: execution failed (gles_draw_call_finish at hardware/samsung_slsi/MaliT880_r12p0_JF/product/gles/src/draw/mali_gles_draw_module_api.c:186)
09-01 03:12:13.281  3096  3119 E gralloc : gralloc: static int private_handle_t::validate(const native_handle*) invalid gralloc handle (at 0x7f942bc5e0)
09-01 03:12:13.281  3096  3119 W GraphicBufferMapper: registerBuffer(0x7f942bc5e0) failed -22 (Invalid argument)
09-01 03:12:13.281  3096  3119 E GraphicBuffer: unflatten: registerBuffer failed: Invalid argument (-22)
09-01 03:12:13.281  3096  3119 E Surface : dequeueBuffer: IGraphicBufferProducer::requestBuffer failed: -22
09-01 03:12:13.281  3096  3119 D         : NULL == surf->write_back_color_buffer
09-01 03:12:13.312  3403  3403 D PackageManager: No files in app dir /vendor/overlay
09-01 03:12:13.313  3403  3403 D PackageManager: start scanDirLI:/system/framework
09-01 03:12:13.313  3403  3403 D PackageManager: max thread:6
09-01 03:12:13.314  3096  3119 W         : GLES-MALI OOM error: execution failed (gles_draw_call_finish at hardware/samsung_slsi/MaliT880_r12p0_JF/product/gles/src/draw/mali_gles_draw_module_api.c:186)
09-01 03:12:13.314  3096  3119 E gralloc : gralloc: static int private_handle_t::validate(const native_handle*) invalid gralloc handle (at 0x7f942bc680)
09-01 03:12:13.314  3096  3119 W GraphicBufferMapper: registerBuffer(0x7f942bc680) failed -22 (Invalid argument)
09-01 03:12:13.314  3096  3119 E GraphicBuffer: unflatten: registerBuffer failed: Invalid argument (-22)
09-01 03:12:13.314  3096  3119 E Surface : dequeueBuffer: IGraphicBufferProducer::requestBuffer failed: -22
09-01 03:12:13.314  3096  3119 D         : NULL == surf->write_back_color_buffer
09-01 03:12:13.347  3096  3119 W         : GLES-MALI OOM error: execution failed (gles_draw_call_finish at hardware/samsung_slsi/MaliT880_r12p0_JF/product/gles/src/draw/mali_gles_draw_module_api.c:186)
09-01 03:12:13.348  3096  3119 E gralloc : gralloc: static int private_handle_t::validate(const native_handle*) invalid gralloc handle (at 0x7f942bc720)
09-01 03:12:13.348  3096  3119 W GraphicBufferMapper: registerBuffer(0x7f942bc720) failed -22 (Invalid argument)
09-01 03:12:13.348  3096  3119 E GraphicBuffer: unflatten: registerBuffer failed: Invalid argument (-22)
09-01 03:12:13.348  3096  3119 E Surface : dequeueBuffer: IGraphicBufferProducer::requestBuffer failed: -22
09-01 03:12:13.348  3096  3119 D         : NULL == surf->write_back_color_buffer
09-01 03:12:13.380  3096  3119 W         : GLES-MALI OOM error: execution failed (gles_draw_call_finish at hardware/samsung_slsi/MaliT880_r12p0_JF/product/gles/src/draw/mali_gles_draw_module_api.c:186)
09-01 03:12:13.381  3096  3119 E gralloc : gralloc: static int private_handle_t::validate(const native_handle*) invalid gralloc handle (at 0x7f942bc7c0)
09-01 03:12:13.381  3096  3119 W GraphicBufferMapper: registerBuffer(0x7f942bc7c0) failed -22 (Invalid argument)
09-01 03:12:13.381  3096  3119 E GraphicBuffer: unflatten: registerBuffer failed: Invalid argument (-22)
09-01 03:12:13.381  3096  3119 E Surface : dequeueBuffer: IGraphicBufferProducer::requestBuffer failed: -22
09-01 03:12:13.381  3096  3119 D         : NULL == surf->write_back_color_buffer
09-01 03:12:13.396  3403  3431 I PackageManager: SELinux relabeling of cyanogenmod.platform issued.
09-01 03:12:13.400  3403  3431 W PackageManager: Permission cyanogenmod.permission.WRITE_ALARMS from package cyanogenmod.platform in an unknown group android.permission-group.SYSTEM_CLOCK
09-01 03:12:13.401  3403  3431 W PackageManager: Permission cyanogenmod.permission.MANAGE_ALARMS from package cyanogenmod.platform in an unknown group android.permission-group.SYSTEM_CLOCK
09-01 03:12:13.401  3403  3431 W PackageManager: Permission cyanogenmod.permission.READ_ALARMS from package cyanogenmod.platform in an unknown group android.permission-group.SYSTEM_CLOCK
09-01 03:12:13.414  3096  3119 W         : GLES-MALI OOM error: execution failed (gles_draw_call_finish at hardware/samsung_slsi/MaliT880_r12p0_JF/product/gles/src/draw/mali_gles_draw_module_api.c:186)
09-01 03:12:13.415  3096  3119 E gralloc : gralloc: static int private_handle_t::validate(const native_handle*) invalid gralloc handle (at 0x7f942bc860)
09-01 03:12:13.415  3096  3119 W GraphicBufferMapper: registerBuffer(0x7f942bc860) failed -22 (Invalid argument)
09-01 03:12:13.415  3096  3119 E GraphicBuffer: unflatten: registerBuffer failed: Invalid argument (-22)
09-01 03:12:13.415  3096  3119 E Surface : dequeueBuffer: IGraphicBufferProducer::requestBuffer failed: -22
09-01 03:12:13.415  3096  3119 D         : NULL == surf->write_back_color_buffer
09-01 03:12:13.448  3096  3119 W         : GLES-MALI OOM error: execution failed (gles_draw_call_finish at hardware/samsung_slsi/MaliT880_r12p0_JF/product/gles/src/draw/mali_gles_draw_module_api.c:186)
09-01 03:12:13.448  3096  3119 E gralloc : gralloc: static int private_handle_t::validate(const native_handle*) invalid gralloc handle (at 0x7f942bc900)
09-01 03:12:13.448  3096  3119 W GraphicBufferMapper: registerBuffer(0x7f942bc900) failed -22 (Invalid argument)
09-01 03:12:13.448  3096  3119 E GraphicBuffer: unflatten: registerBuffer failed: Invalid argument (-22)
09-01 03:12:13.448  3096  3119 E Surface : dequeueBuffer: IGraphicBufferProducer::requestBuffer failed: -22
09-01 03:12:13.448  3096  3119 D         : NULL == surf->write_back_color_buffer
09-01 03:12:13.481  3096  3119 W         : GLES-MALI OOM error: execution failed (gles_draw_call_finish at hardware/samsung_slsi/MaliT880_r12p0_JF/product/gles/src/draw/mali_gles_draw_module_api.c:186)
09-01 03:12:13.482  3096  3119 E gralloc : gralloc: static int private_handle_t::validate(const native_handle*) invalid gralloc handle (at 0x7f942bc9a0)
09-01 03:12:13.482  3096  3119 W GraphicBufferMapper: registerBuffer(0x7f942bc9a0) failed -22 (Invalid argument)
09-01 03:12:13.482  3096  3119 E GraphicBuffer: unflatten: registerBuffer failed: Invalid argument (-22)
09-01 03:12:13.482  3096  3119 E Surface : dequeueBuffer: IGraphicBufferProducer::requestBuffer failed: -22
09-01 03:12:13.482  3096  3119 D         : NULL == surf->write_back_color_buffer
09-01 03:12:13.514  3096  3119 W         : GLES-MALI OOM error: execution failed (gles_draw_call_finish at hardware/samsung_slsi/MaliT880_r12p0_JF/product/gles/src/draw/mali_gles_draw_module_api.c:186)
09-01 03:12:13.515  3096  3119 E gralloc : gralloc: static int private_handle_t::validate(const native_handle*) invalid gralloc handle (at 0x7f942bca40)
09-01 03:12:13.515  3096  3119 W GraphicBufferMapper: registerBuffer(0x7f942bca40) failed -22 (Invalid argument)
09-01 03:12:13.515  3096  3119 E GraphicBuffer: unflatten: registerBuffer failed: Invalid argument (-22)
09-01 03:12:13.515  3096  3119 E Surface : dequeueBuffer: IGraphicBufferProducer::requestBuffer failed: -22
09-01 03:12:13.515  3096  3119 D         : NULL == surf->write_back_color_buffer
09-01 03:12:13.548  3096  3119 W         : GLES-MALI OOM error: execution failed (gles_draw_call_finish at hardware/samsung_slsi/MaliT880_r12p0_JF/product/gles/src/draw/mali_gles_draw_module_api.c:186)
09-01 03:12:13.549  3096  3119 E gralloc : gralloc: static int private_handle_t::validate(const native_handle*) invalid gralloc handle (at 0x7f942bcae0)
09-01 03:12:13.549  3096  3119 W GraphicBufferMapper: registerBuffer(0x7f942bcae0) failed -22 (Invalid argument)
09-01 03:12:13.549  3096  3119 E GraphicBuffer: unflatten: registerBuffer failed: Invalid argument (-22)
09-01 03:12:13.549  3096  3119 E Surface : dequeueBuffer: IGraphicBufferProducer::requestBuffer failed: -22
09-01 03:12:13.549  3096  3119 D         : NULL == surf->write_back_color_buffer
09-01 03:12:13.582  3096  3119 W         : GLES-MALI OOM error: execution failed (gles_draw_call_finish at hardware/samsung_slsi/MaliT880_r12p0_JF/product/gles/src/draw/mali_gles_draw_module_api.c:186)
09-01 03:12:13.582  3096  3119 E gralloc : gralloc: static int private_handle_t::validate(const native_handle*) invalid gralloc handle (at 0x7f942bcb80)
09-01 03:12:13.582  3096  3119 W GraphicBufferMapper: registerBuffer(0x7f942bcb80) failed -22 (Invalid argument)
09-01 03:12:13.582  3096  3119 E GraphicBuffer: unflatten: registerBuffer failed: Invalid argument (-22)
09-01 03:12:13.582  3096  3119 E Surface : dequeueBuffer: IGraphicBufferProducer::requestBuffer failed: -22
09-01 03:12:13.582  3096  3119 D         : NULL == surf->write_back_color_buffer
09-01 03:12:13.615  3096  3119 W         : GLES-MALI OOM error: execution failed (gles_draw_call_finish at hardware/samsung_slsi/MaliT880_r12p0_JF/product/gles/src/draw/mali_gles_draw_module_api.c:186)
09-01 03:12:13.616  3096  3119 E gralloc : gralloc: static int private_handle_t::validate(const native_handle*) invalid gralloc handle (at 0x7f942bcc20)
09-01 03:12:13.616  3096  3119 W GraphicBufferMapper: registerBuffer(0x7f942bcc20) failed -22 (Invalid argument)
09-01 03:12:13.616  3096  3119 E GraphicBuffer: unflatten: registerBuffer failed: Invalid argument (-22)
09-01 03:12:13.616  3096  3119 E Surface : dequeueBuffer: IGraphicBufferProducer::requestBuffer failed: -22
09-01 03:12:13.616  3096  3119 D         : NULL == surf->write_back_color_buffer
09-01 03:12:13.649  3096  3119 W         : GLES-MALI OOM error: execution failed (gles_draw_call_finish at hardware/samsung_slsi/MaliT880_r12p0_JF/product/gles/src/draw/mali_gles_draw_module_api.c:186)
09-01 03:12:13.649  3096  3119 E gralloc : gralloc: static int private_handle_t::validate(const native_handle*) invalid gralloc handle (at 0x7f942bccc0)
09-01 03:12:13.649  3096  3119 W GraphicBufferMapper: registerBuffer(0x7f942bccc0) failed -22 (Invalid argument)
09-01 03:12:13.649  3096  3119 E GraphicBuffer: unflatten: registerBuffer failed: Invalid argument (-22)
09-01 03:12:13.649  3096  3119 E Surface : dequeueBuffer: IGraphicBufferProducer::requestBuffer failed: -22
09-01 03:12:13.649  3096  3119 D         : NULL == surf->write_back_color_buffer
09-01 03:12:13.682  3096  3119 W         : GLES-MALI OOM error: execution failed (gles_draw_call_finish at hardware/samsung_slsi/MaliT880_r12p0_JF/product/gles/src/draw/mali_gles_draw_module_api.c:186)
09-01 03:12:13.682  3096  3119 E gralloc : gralloc: static int private_handle_t::validate(const native_handle*) invalid gralloc handle (at 0x7f942bcd60)
09-01 03:12:13.682  3096  3119 W GraphicBufferMapper: registerBuffer(0x7f942bcd60) failed -22 (Invalid argument)
09-01 03:12:13.682  3096  3119 E GraphicBuffer: unflatten: registerBuffer failed: Invalid argument (-22)
09-01 03:12:13.682  3096  3119 E Surface : dequeueBuffer: IGraphicBufferProducer::requestBuffer failed: -22
09-01 03:12:13.683  3096  3119 D         : NULL == surf->write_back_color_buffer
09-01 03:12:13.715  3096  3119 W         : GLES-MALI OOM error: execution failed (gles_draw_call_finish at hardware/samsung_slsi/MaliT880_r12p0_JF/product/gles/src/draw/mali_gles_draw_module_api.c:186)
09-01 03:12:13.716  3096  3119 E gralloc : gralloc: static int private_handle_t::validate(const native_handle*) invalid gralloc handle (at 0x7f942bce00)
09-01 03:12:13.716  3096  3119 W GraphicBufferMapper: registerBuffer(0x7f942bce00) failed -22 (Invalid argument)
09-01 03:12:13.716  3096  3119 E GraphicBuffer: unflatten: registerBuffer failed: Invalid argument (-22)
09-01 03:12:13.716  3096  3119 E Surface : dequeueBuffer: IGraphicBufferProducer::requestBuffer failed: -22
09-01 03:12:13.716  3096  3119 D         : NULL == surf->write_back_color_buffer
09-01 03:12:13.749  3096  3119 W         : GLES-MALI OOM error: execution failed (gles_draw_call_finish at hardware/samsung_slsi/MaliT880_r12p0_JF/product/gles/src/draw/mali_gles_draw_module_api.c:186)
09-01 03:12:13.750  3096  3119 E gralloc : gralloc: static int private_handle_t::validate(const native_handle*) invalid gralloc handle (at 0x7f942bcea0)
09-01 03:12:13.750  3096  3119 W GraphicBufferMapper: registerBuffer(0x7f942bcea0) failed -22 (Invalid argument)
09-01 03:12:13.750  3096  3119 E GraphicBuffer: unflatten: registerBuffer failed: Invalid argument (-22)
09-01 03:12:13.750  3096  3119 E Surface : dequeueBuffer: IGraphicBufferProducer::requestBuffer failed: -22
09-01 03:12:13.750  3096  3119 D         : NULL == surf->write_back_color_buffer
09-01 03:12:13.782  3096  3119 W         : GLES-MALI OOM error: execution failed (gles_draw_call_finish at hardware/samsung_slsi/MaliT880_r12p0_JF/product/gles/src/draw/mali_gles_draw_module_api.c:186)
09-01 03:12:13.783  3096  3119 E gralloc : gralloc: static int private_handle_t::validate(const native_handle*) invalid gralloc handle (at 0x7f942bcf40)
09-01 03:12:13.783  3096  3119 W GraphicBufferMapper: registerBuffer(0x7f942bcf40) failed -22 (Invalid argument)
09-01 03:12:13.783  3096  3119 E GraphicBuffer: unflatten: registerBuffer failed: Invalid argument (-22)
09-01 03:12:13.783  3096  3119 E Surface : dequeueBuffer: IGraphicBufferProducer::requestBuffer failed: -22
09-01 03:12:13.783  3096  3119 D         : NULL == surf->write_back_color_buffer
09-01 03:12:13.816  3096  3119 W         : GLES-MALI OOM error: execution failed (gles_draw_call_finish at hardware/samsung_slsi/MaliT880_r12p0_JF/product/gles/src/draw/mali_gles_draw_module_api.c:186)
09-01 03:12:13.817  3096  3119 E gralloc : gralloc: static int private_handle_t::validate(const native_handle*) invalid gralloc handle (at 0x7f942bcfe0)
09-01 03:12:13.817  3096  3119 W GraphicBufferMapper: registerBuffer(0x7f942bcfe0) failed -22 (Invalid argument)
09-01 03:12:13.817  3096  3119 E GraphicBuffer: unflatten: registerBuffer failed: Invalid argument (-22)
09-01 03:12:13.817  3096  3119 E Surface : dequeueBuffer: IGraphicBufferProducer::requestBuffer failed: -22
09-01 03:12:13.817  3096  3119 D         : NULL == surf->write_back_color_buffer
09-01 03:12:13.849  3096  3119 W         : GLES-MALI OOM error: execution failed (gles_draw_call_finish at hardware/samsung_slsi/MaliT880_r12p0_JF/product/gles/src/draw/mali_gles_draw_module_api.c:186)
09-01 03:12:13.850  3096  3119 E gralloc : gralloc: static int private_handle_t::validate(const native_handle*) invalid gralloc handle (at 0x7f942bd080)
09-01 03:12:13.850  3096  3119 W GraphicBufferMapper: registerBuffer(0x7f942bd080) failed -22 (Invalid argument)
09-01 03:12:13.850  3096  3119 E GraphicBuffer: unflatten: registerBuffer failed: Invalid argument (-22)
09-01 03:12:13.850  3096  3119 E Surface : dequeueBuffer: IGraphicBufferProducer::requestBuffer failed: -22
09-01 03:12:13.850  3096  3119 D         : NULL == surf->write_back_color_buffer
09-01 03:12:13.883  3096  3119 W         : GLES-MALI OOM error: execution failed (gles_draw_call_finish at hardware/samsung_slsi/MaliT880_r12p0_JF/product/gles/src/draw/mali_gles_draw_module_api.c:186)
09-01 03:12:13.883  3096  3119 E gralloc : gralloc: static int private_handle_t::validate(const native_handle*) invalid gralloc handle (at 0x7f942bd120)
09-01 03:12:13.883  3096  3119 W GraphicBufferMapper: registerBuffer(0x7f942bd120) failed -22 (Invalid argument)
09-01 03:12:13.883  3096  3119 E GraphicBuffer: unflatten: registerBuffer failed: Invalid argument (-22)
09-01 03:12:13.883  3096  3119 E Surface : dequeueBuffer: IGraphicBufferProducer::requestBuffer failed: -22
09-01 03:12:13.884  3096  3119 D         : NULL == surf->write_back_color_buffer
09-01 03:12:13.916  3096  3119 W         : GLES-MALI OOM error: execution failed (gles_draw_call_finish at hardware/samsung_slsi/MaliT880_r12p0_JF/product/gles/src/draw/mali_gles_draw_module_api.c:186)
09-01 03:12:13.917  3096  3119 E gralloc : gralloc: static int private_handle_t::validate(const native_handle*) invalid gralloc handle (at 0x7f942bd1c0)
09-01 03:12:13.917  3096  3119 W GraphicBufferMapper: registerBuffer(0x7f942bd1c0) failed -22 (Invalid argument)
09-01 03:12:13.917  3096  3119 E GraphicBuffer: unflatten: registerBuffer failed: Invalid argument (-22)
09-01 03:12:13.917  3096  3119 E Surface : dequeueBuffer: IGraphicBufferProducer::requestBuffer failed: -22
09-01 03:12:13.917  3096  3119 D         : NULL == surf->write_back_color_buffer
09-01 03:12:13.950  3096  3119 W         : GLES-MALI OOM error: execution failed (gles_draw_call_finish at hardware/samsung_slsi/MaliT880_r12p0_JF/product/gles/src/draw/mali_gles_draw_module_api.c:186)
09-01 03:12:13.950  3096  3119 E gralloc : gralloc: static int private_handle_t::validate(const native_handle*) invalid gralloc handle (at 0x7f942bd260)
09-01 03:12:13.950  3096  3119 W GraphicBufferMapper: registerBuffer(0x7f942bd260) failed -22 (Invalid argument)
09-01 03:12:13.950  3096  3119 E GraphicBuffer: unflatten: registerBuffer failed: Invalid argument (-22)
09-01 03:12:13.950  3096  3119 E Surface : dequeueBuffer: IGraphicBufferProducer::requestBuffer failed: -22
09-01 03:12:13.951  3096  3119 D         : NULL == surf->write_back_color_buffer
09-01 03:12:13.983  3096  3119 W         : GLES-MALI OOM error: execution failed (gles_draw_call_finish at hardware/samsung_slsi/MaliT880_r12p0_JF/product/gles/src/draw/mali_gles_draw_module_api.c:186)
09-01 03:12:13.984  3096  3119 E gralloc : gralloc: static int private_handle_t::validate(const native_handle*) invalid gralloc handle (at 0x7f942bd300)
09-01 03:12:13.984  3096  3119 W GraphicBufferMapper: registerBuffer(0x7f942bd300) failed -22 (Invalid argument)
09-01 03:12:13.984  3096  3119 E GraphicBuffer: unflatten: registerBuffer failed: Invalid argument (-22)
09-01 03:12:13.984  3096  3119 E Surface : dequeueBuffer: IGraphicBufferProducer::requestBuffer failed: -22
09-01 03:12:13.984  3096  3119 D         : NULL == surf->write_back_color_buffer
09-01 03:12:14.017  3096  3119 W         : GLES-MALI OOM error: execution failed (gles_draw_call_finish at hardware/samsung_slsi/MaliT880_r12p0_JF/product/gles/src/draw/mali_gles_draw_module_api.c:186)
09-01 03:12:14.017  3096  3119 E gralloc : gralloc: static int private_handle_t::validate(const native_handle*) invalid gralloc handle (at 0x7f942bd3a0)
09-01 03:12:14.017  3096  3119 W GraphicBufferMapper: registerBuffer(0x7f942bd3a0) failed -22 (Invalid argument)
09-01 03:12:14.017  3096  3119 E GraphicBuffer: unflatten: registerBuffer failed: Invalid argument (-22)
09-01 03:12:14.017  3096  3119 E Surface : dequeueBuffer: IGraphicBufferProducer::requestBuffer failed: -22
09-01 03:12:14.018  3096  3119 D         : NULL == surf->write_back_color_buffer
09-01 03:12:14.050  3096  3119 W         : GLES-MALI OOM error: execution failed (gles_draw_call_finish at hardware/samsung_slsi/MaliT880_r12p0_JF/product/gles/src/draw/mali_gles_draw_module_api.c:186)
09-01 03:12:14.051  3096  3119 E gralloc : gralloc: static int private_handle_t::validate(const native_handle*) invalid gralloc handle (at 0x7f942bd440)
09-01 03:12:14.051  3096  3119 W GraphicBufferMapper: registerBuffer(0x7f942bd440) failed -22 (Invalid argument)
09-01 03:12:14.051  3096  3119 E GraphicBuffer: unflatten: registerBuffer failed: Invalid argument (-22)
09-01 03:12:14.051  3096  3119 E Surface : dequeueBuffer: IGraphicBufferProducer::requestBuffer failed: -22
09-01 03:12:14.051  3096  3119 D         : NULL == surf->write_back_color_buffer
09-01 03:12:14.084  3096  3119 W         : GLES-MALI OOM error: execution failed (gles_draw_call_finish at hardware/samsung_slsi/MaliT880_r12p0_JF/product/gles/src/draw/mali_gles_draw_module_api.c:186)
09-01 03:12:14.084  3096  3119 E gralloc : gralloc: static int private_handle_t::validate(const native_handle*) invalid gralloc handle (at 0x7f942bd4e0)
09-01 03:12:14.084  3096  3119 W GraphicBufferMapper: registerBuffer(0x7f942bd4e0) failed -22 (Invalid argument)
09-01 03:12:14.084  3096  3119 E GraphicBuffer: unflatten: registerBuffer failed: Invalid argument (-22)
09-01 03:12:14.084  3096  3119 E Surface : dequeueBuffer: IGraphicBufferProducer::requestBuffer failed: -22
09-01 03:12:14.085  3096  3119 D         : NULL == surf->write_back_color_buffer
09-01 03:12:14.117  3096  3119 W         : GLES-MALI OOM error: execution failed (gles_draw_call_finish at hardware/samsung_slsi/MaliT880_r12p0_JF/product/gles/src/draw/mali_gles_draw_module_api.c:186)
09-01 03:12:14.118  3096  3119 E gralloc : gralloc: static int private_handle_t::validate(const native_handle*) invalid gralloc handle (at 0x7f942bd580)
09-01 03:12:14.118  3096  3119 W GraphicBufferMapper: registerBuffer(0x7f942bd580) failed -22 (Invalid argument)
09-01 03:12:14.118  3096  3119 E GraphicBuffer: unflatten: registerBuffer failed: Invalid argument (-22)
09-01 03:12:14.118  3096  3119 E Surface : dequeueBuffer: IGraphicBufferProducer::requestBuffer failed: -22
09-01 03:12:14.118  3096  3119 D         : NULL == surf->write_back_color_buffer
09-01 03:12:14.151  3096  3119 W         : GLES-MALI OOM error: execution failed (gles_draw_call_finish at hardware/samsung_slsi/MaliT880_r12p0_JF/product/gles/src/draw/mali_gles_draw_module_api.c:186)
09-01 03:12:14.151  3096  3119 E gralloc : gralloc: static int private_handle_t::validate(const native_handle*) invalid gralloc handle (at 0x7f942bd620)
09-01 03:12:14.151  3096  3119 W GraphicBufferMapper: registerBuffer(0x7f942bd620) failed -22 (Invalid argument)
09-01 03:12:14.151  3096  3119 E GraphicBuffer: unflatten: registerBuffer failed: Invalid argument (-22)
09-01 03:12:14.151  3096  3119 E Surface : dequeueBuffer: IGraphicBufferProducer::requestBuffer failed: -22
09-01 03:12:14.152  3096  3119 D         : NULL == surf->write_back_color_buffer
09-01 03:12:14.184  3096  3119 W         : GLES-MALI OOM error: execution failed (gles_draw_call_finish at hardware/samsung_slsi/MaliT880_r12p0_JF/product/gles/src/draw/mali_gles_draw_module_api.c:186)
09-01 03:12:14.185  3096  3119 E gralloc : gralloc: static int private_handle_t::validate(const native_handle*) invalid gralloc handle (at 0x7f942bd6c0)
09-01 03:12:14.185  3096  3119 W GraphicBufferMapper: registerBuffer(0x7f942bd6c0) failed -22 (Invalid argument)
09-01 03:12:14.185  3096  3119 E GraphicBuffer: unflatten: registerBuffer failed: Invalid argument (-22)
09-01 03:12:14.185  3096  3119 E Surface : dequeueBuffer: IGraphicBufferProducer::requestBuffer failed: -22
09-01 03:12:14.185  3096  3119 D         : NULL == surf->write_back_color_buffer
09-01 03:12:14.218  3096  3119 W         : GLES-MALI OOM error: execution failed (gles_draw_call_finish at hardware/samsung_slsi/MaliT880_r12p0_JF/product/gles/src/draw/mali_gles_draw_module_api.c:186)
09-01 03:12:14.218  3096  3119 E gralloc : gralloc: static int private_handle_t::validate(const native_handle*) invalid gralloc handle (at 0x7f942bd760)
09-01 03:12:14.219  3096  3119 W GraphicBufferMapper: registerBuffer(0x7f942bd760) failed -22 (Invalid argument)
09-01 03:12:14.219  3096  3119 E GraphicBuffer: unflatten: registerBuffer failed: Invalid argument (-22)
09-01 03:12:14.219  3096  3119 E Surface : dequeueBuffer: IGraphicBufferProducer::requestBuffer failed: -22
09-01 03:12:14.219  3096  3119 D         : NULL == surf->write_back_color_buffer
09-01 03:12:14.251  3096  3119 W         : GLES-MALI OOM error: execution failed (gles_draw_call_finish at hardware/samsung_slsi/MaliT880_r12p0_JF/product/gles/src/draw/mali_gles_draw_module_api.c:186)
09-01 03:12:14.252  3096  3119 E gralloc : gralloc: static int private_handle_t::validate(const native_handle*) invalid gralloc handle (at 0x7f942bd800)
09-01 03:12:14.252  3096  3119 W GraphicBufferMapper: registerBuffer(0x7f942bd800) failed -22 (Invalid argument)
09-01 03:12:14.252  3096  3119 E GraphicBuffer: unflatten: registerBuffer failed: Invalid argument (-22)
09-01 03:12:14.252  3096  3119 E Surface : dequeueBuffer: IGraphicBufferProducer::requestBuffer failed: -22
09-01 03:12:14.252  3096  3119 D         : NULL == surf->write_back_color_buffer
09-01 03:12:14.285  3096  3119 W         : GLES-MALI OOM error: execution failed (gles_draw_call_finish at hardware/samsung_slsi/MaliT880_r12p0_JF/product/gles/src/draw/mali_gles_draw_module_api.c:186)
09-01 03:12:14.285  3096  3119 E gralloc : gralloc: static int private_handle_t::validate(const native_handle*) invalid gralloc handle (at 0x7f942bd8a0)
09-01 03:12:14.285  3096  3119 W GraphicBufferMapper: registerBuffer(0x7f942bd8a0) failed -22 (Invalid argument)
09-01 03:12:14.285  3096  3119 E GraphicBuffer: unflatten: registerBuffer failed: Invalid argument (-22)
09-01 03:12:14.285  3096  3119 E Surface : dequeueBuffer: IGraphicBufferProducer::requestBuffer failed: -22
09-01 03:12:14.286  3096  3119 D         : NULL == surf->write_back_color_buffer
09-01 03:12:14.318  3096  3119 W         : GLES-MALI OOM error: execution failed (gles_draw_call_finish at hardware/samsung_slsi/MaliT880_r12p0_JF/product/gles/src/draw/mali_gles_draw_module_api.c:186)
09-01 03:12:14.319  3096  3119 E gralloc : gralloc: static int private_handle_t::validate(const native_handle*) invalid gralloc handle (at 0x7f942bd940)
09-01 03:12:14.319  3096  3119 W GraphicBufferMapper: registerBuffer(0x7f942bd940) failed -22 (Invalid argument)
09-01 03:12:14.319  3096  3119 E GraphicBuffer: unflatten: registerBuffer failed: Invalid argument (-22)
09-01 03:12:14.319  3096  3119 E Surface : dequeueBuffer: IGraphicBufferProducer::requestBuffer failed: -22
09-01 03:12:14.319  3096  3119 D         : NULL == surf->write_back_color_buffer
09-01 03:12:14.352  3096  3119 W         : GLES-MALI OOM error: execution failed (gles_draw_call_finish at hardware/samsung_slsi/MaliT880_r12p0_JF/product/gles/src/draw/mali_gles_draw_module_api.c:186)
09-01 03:12:14.352  3096  3119 E gralloc : gralloc: static int private_handle_t::validate(const native_handle*) invalid gralloc handle (at 0x7f942bd9e0)
09-01 03:12:14.352  3096  3119 W GraphicBufferMapper: registerBuffer(0x7f942bd9e0) failed -22 (Invalid argument)
09-01 03:12:14.352  3096  3119 E GraphicBuffer: unflatten: registerBuffer failed: Invalid argument (-22)
09-01 03:12:14.352  3096  3119 E Surface : dequeueBuffer: IGraphicBufferProducer::requestBuffer failed: -22
09-01 03:12:14.353  3096  3119 D         : NULL == surf->write_back_color_buffer
09-01 03:12:14.377  3403  3430 W PackageManager: Permission android.permission.SET_KEYGUARD_WALLPAPER from package android in an unknown group android.permission-group.WALLPAPER
09-01 03:12:14.380  3403  3430 W PackageManager: Permission android.permission.MODIFY_PROTECTED_SMS_LIST from package android in an unknown group android.permission-group.MESSAGES
09-01 03:12:14.380  3403  3430 W PackageManager: Permission android.permission.RECEIVE_PROTECTED_SMS from package android in an unknown group android.permission-group.MESSAGES
09-01 03:12:14.380  3403  3430 W PackageManager: Permission android.permission.RESET_BATTERY_STATS from package android in an unknown group android.permission-group.SYSTEM_TOOLS
09-01 03:12:14.383  3403  3403 D PackageManager: end scanDirLI:/system/framework
09-01 03:12:14.383  3403  3403 D PackageManager: start scanDirLI:/system/priv-app
09-01 03:12:14.383  3403  3403 D PackageManager: max thread:6
09-01 03:12:14.386  3096  3119 W         : GLES-MALI OOM error: execution failed (gles_draw_call_finish at hardware/samsung_slsi/MaliT880_r12p0_JF/product/gles/src/draw/mali_gles_draw_module_api.c:186)
09-01 03:12:14.386  3096  3119 E gralloc : gralloc: static int private_handle_t::validate(const native_handle*) invalid gralloc handle (at 0x7f942bda80)
09-01 03:12:14.386  3096  3119 W GraphicBufferMapper: registerBuffer(0x7f942bda80) failed -22 (Invalid argument)
09-01 03:12:14.386  3096  3119 E GraphicBuffer: unflatten: registerBuffer failed: Invalid argument (-22)
09-01 03:12:14.386  3096  3119 E Surface : dequeueBuffer: IGraphicBufferProducer::requestBuffer failed: -22
09-01 03:12:14.386  3096  3119 D         : NULL == surf->write_back_color_buffer
09-01 03:12:14.417  3403  3430 I PackageManager: SELinux relabeling of com.android.providers.calendar issued.
09-01 03:12:14.418  3403  3435 I PackageManager: SELinux relabeling of org.cyanogenmod.cmsettings issued.
09-01 03:12:14.419  3403  3434 I PackageManager: SELinux relabeling of org.cyanogenmod.cmaudio.service issued.
09-01 03:12:14.419  3096  3119 W         : GLES-MALI OOM error: execution failed (gles_draw_call_finish at hardware/samsung_slsi/MaliT880_r12p0_JF/product/gles/src/draw/mali_gles_draw_module_api.c:186)
09-01 03:12:14.420  3096  3119 E gralloc : gralloc: static int private_handle_t::validate(const native_handle*) invalid gralloc handle (at 0x7f942bdb20)
09-01 03:12:14.420  3096  3119 W GraphicBufferMapper: registerBuffer(0x7f942bdb20) failed -22 (Invalid argument)
09-01 03:12:14.420  3096  3119 E GraphicBuffer: unflatten: registerBuffer failed: Invalid argument (-22)
09-01 03:12:14.420  3096  3119 E Surface : dequeueBuffer: IGraphicBufferProducer::requestBuffer failed: -22
09-01 03:12:14.420  3096  3119 D         : NULL == surf->write_back_color_buffer
09-01 03:12:14.422  3403  3433 I PackageManager: SELinux relabeling of com.android.backupconfirm issued.
09-01 03:12:14.452  3403  3430 I PackageManager: SELinux relabeling of com.android.calllogbackup issued.
09-01 03:12:14.452  3096  3119 W         : GLES-MALI OOM error: execution failed (gles_draw_call_finish at hardware/samsung_slsi/MaliT880_r12p0_JF/product/gles/src/draw/mali_gles_draw_module_api.c:186)
09-01 03:12:14.453  3096  3119 E gralloc : gralloc: static int private_handle_t::validate(const native_handle*) invalid gralloc handle (at 0x7f942bdbc0)
09-01 03:12:14.453  3096  3119 W GraphicBufferMapper: registerBuffer(0x7f942bdbc0) failed -22 (Invalid argument)
09-01 03:12:14.453  3096  3119 E GraphicBuffer: unflatten: registerBuffer failed: Invalid argument (-22)
09-01 03:12:14.453  3096  3119 E Surface : dequeueBuffer: IGraphicBufferProducer::requestBuffer failed: -22
09-01 03:12:14.453  3096  3119 D         : NULL == surf->write_back_color_buffer
09-01 03:12:14.456  3403  3432 I PackageManager: SELinux relabeling of org.cyanogenmod.audiofx issued.
09-01 03:12:14.474  3403  3435 I PackageManager: SELinux relabeling of com.android.cellbroadcastreceiver issued.
09-01 03:12:14.475  3403  3433 W PackageParser: No actions in intent filter at /system/priv-app/Contacts/Contacts.apk Binary XML file line #301
09-01 03:12:14.486  3096  3119 W         : GLES-MALI OOM error: execution failed (gles_draw_call_finish at hardware/samsung_slsi/MaliT880_r12p0_JF/product/gles/src/draw/mali_gles_draw_module_api.c:186)
09-01 03:12:14.487  3096  3119 E gralloc : gralloc: static int private_handle_t::validate(const native_handle*) invalid gralloc handle (at 0x7f942bdc60)
09-01 03:12:14.487  3096  3119 W GraphicBufferMapper: registerBuffer(0x7f942bdc60) failed -22 (Invalid argument)
09-01 03:12:14.487  3096  3119 E GraphicBuffer: unflatten: registerBuffer failed: Invalid argument (-22)
09-01 03:12:14.487  3096  3119 E Surface : dequeueBuffer: IGraphicBufferProducer::requestBuffer failed: -22
09-01 03:12:14.487  3096  3119 D         : NULL == surf->write_back_color_buffer
09-01 03:12:14.497  3403  3431 I PackageManager: SELinux relabeling of com.cyanogenmod.updater issued.
09-01 03:12:14.503  3403  3430 I PackageManager: SELinux relabeling of com.android.providers.contacts issued.
09-01 03:12:14.519  3096  3119 W         : GLES-MALI OOM error: execution failed (gles_draw_call_finish at hardware/samsung_slsi/MaliT880_r12p0_JF/product/gles/src/draw/mali_gles_draw_module_api.c:186)
09-01 03:12:14.520  3096  3119 E gralloc : gralloc: static int private_handle_t::validate(const native_handle*) invalid gralloc handle (at 0x7f942bdd00)
09-01 03:12:14.520  3096  3119 W GraphicBufferMapper: registerBuffer(0x7f942bdd00) failed -22 (Invalid argument)
09-01 03:12:14.520  3096  3119 E GraphicBuffer: unflatten: registerBuffer failed: Invalid argument (-22)
09-01 03:12:14.520  3096  3119 E Surface : dequeueBuffer: IGraphicBufferProducer::requestBuffer failed: -22
09-01 03:12:14.520  3096  3119 D         : NULL == surf->write_back_color_buffer
09-01 03:12:14.524  3403  3435 I PackageManager: SELinux relabeling of org.cyanogenmod.providers.datausage issued.
09-01 03:12:14.524  3403  3431 I PackageManager: SELinux relabeling of com.android.defcontainer issued.
09-01 03:12:14.537  3403  3430 W PackageParser: No actions in intent filter at /system/priv-app/Dialer/Dialer.apk Binary XML file line #152
09-01 03:12:14.553  3096  3119 W         : GLES-MALI OOM error: execution failed (gles_draw_call_finish at hardware/samsung_slsi/MaliT880_r12p0_JF/product/gles/src/draw/mali_gles_draw_module_api.c:186)
09-01 03:12:14.553  3096  3119 E gralloc : gralloc: static int private_handle_t::validate(const native_handle*) invalid gralloc handle (at 0x7f942bdda0)
09-01 03:12:14.553  3096  3119 W GraphicBufferMapper: registerBuffer(0x7f942bdda0) failed -22 (Invalid argument)
09-01 03:12:14.553  3096  3119 E GraphicBuffer: unflatten: registerBuffer failed: Invalid argument (-22)
09-01 03:12:14.554  3096  3119 E Surface : dequeueBuffer: IGraphicBufferProducer::requestBuffer failed: -22
09-01 03:12:14.554  3096  3119 D         : NULL == surf->write_back_color_buffer
09-01 03:12:14.564  3403  3431 I PackageManager: SELinux relabeling of com.android.providers.downloads issued.
09-01 03:12:14.568  3403  3431 W PackageManager: Permission android.permission.DOWNLOAD_WITHOUT_NOTIFICATION from package com.android.providers.downloads in an unknown group android.permission-group.NETWORK
09-01 03:12:14.578  3403  3435 I PackageManager: SELinux relabeling of com.android.externalstorage issued.
09-01 03:12:14.587  3096  3119 W         : GLES-MALI OOM error: execution failed (gles_draw_call_finish at hardware/samsung_slsi/MaliT880_r12p0_JF/product/gles/src/draw/mali_gles_draw_module_api.c:186)
09-01 03:12:14.587  3096  3119 E gralloc : gralloc: static int private_handle_t::validate(const native_handle*) invalid gralloc handle (at 0x7f942bde40)
09-01 03:12:14.587  3403  3431 I PackageManager: SELinux relabeling of com.android.location.fused issued.
09-01 03:12:14.587  3096  3119 W GraphicBufferMapper: registerBuffer(0x7f942bde40) failed -22 (Invalid argument)
09-01 03:12:14.587  3096  3119 E GraphicBuffer: unflatten: registerBuffer failed: Invalid argument (-22)
09-01 03:12:14.587  3096  3119 E Surface : dequeueBuffer: IGraphicBufferProducer::requestBuffer failed: -22
09-01 03:12:14.588  3096  3119 D         : NULL == surf->write_back_color_buffer
09-01 03:12:14.609  3403  3434 I PackageManager: SELinux relabeling of com.android.carrierconfig issued.
09-01 03:12:14.618  3403  3431 I PackageManager: SELinux relabeling of org.cyanogenmod.livelockscreen.service issued.
09-01 03:12:14.620  3096  3119 W         : GLES-MALI OOM error: execution failed (gles_draw_call_finish at hardware/samsung_slsi/MaliT880_r12p0_JF/product/gles/src/draw/mali_gles_draw_module_api.c:186)
09-01 03:12:14.621  3096  3119 E gralloc : gralloc: static int private_handle_t::validate(const native_handle*) invalid gralloc handle (at 0x7f942bdee0)
09-01 03:12:14.621  3096  3119 W GraphicBufferMapper: registerBuffer(0x7f942bdee0) failed -22 (Invalid argument)
09-01 03:12:14.621  3096  3119 E GraphicBuffer: unflatten: registerBuffer failed: Invalid argument (-22)
09-01 03:12:14.621  3096  3119 E Surface : dequeueBuffer: IGraphicBufferProducer::requestBuffer failed: -22
09-01 03:12:14.621  3096  3119 D         : NULL == surf->write_back_color_buffer
09-01 03:12:14.653  3096  3119 W         : GLES-MALI OOM error: execution failed (gles_draw_call_finish at hardware/samsung_slsi/MaliT880_r12p0_JF/product/gles/src/draw/mali_gles_draw_module_api.c:186)
09-01 03:12:14.654  3403  3434 I PackageManager: SELinux relabeling of com.android.managedprovisioning issued.
09-01 03:12:14.654  3096  3119 E gralloc : gralloc: static int private_handle_t::validate(const native_handle*) invalid gralloc handle (at 0x7f942bdf80)
09-01 03:12:14.654  3096  3119 W GraphicBufferMapper: registerBuffer(0x7f942bdf80) failed -22 (Invalid argument)
09-01 03:12:14.654  3096  3119 E GraphicBuffer: unflatten: registerBuffer failed: Invalid argument (-22)
09-01 03:12:14.654  3096  3119 E Surface : dequeueBuffer: IGraphicBufferProducer::requestBuffer failed: -22
09-01 03:12:14.655  3096  3119 D         : NULL == surf->write_back_color_buffer
09-01 03:12:14.669  3403  3435 I PackageManager: SELinux relabeling of com.android.inputdevices issued.
09-01 03:12:14.675  3403  3431 I PackageManager: SELinux relabeling of com.android.providers.media issued.
09-01 03:12:14.680  3403  3434 I PackageManager: SELinux relabeling of com.android.mms.service issued.
09-01 03:12:14.687  3096  3119 W         : GLES-MALI OOM error: execution failed (gles_draw_call_finish at hardware/samsung_slsi/MaliT880_r12p0_JF/product/gles/src/draw/mali_gles_draw_module_api.c:186)
09-01 03:12:14.688  3096  3119 E gralloc : gralloc: static int private_handle_t::validate(const native_handle*) invalid gralloc handle (at 0x7f942be020)
09-01 03:12:14.688  3096  3119 W GraphicBufferMapper: registerBuffer(0x7f942be020) failed -22 (Invalid argument)
09-01 03:12:14.688  3096  3119 E GraphicBuffer: unflatten: registerBuffer failed: Invalid argument (-22)
09-01 03:12:14.688  3096  3119 E Surface : dequeueBuffer: IGraphicBufferProducer::requestBuffer failed: -22
09-01 03:12:14.688  3096  3119 D         : NULL == surf->write_back_color_buffer
09-01 03:12:14.715  3403  3435 I PackageManager: SELinux relabeling of com.android.onetimeinitializer issued.
09-01 03:12:14.718  3403  3434 I PackageManager: SELinux relabeling of com.android.proxyhandler issued.
09-01 03:12:14.720  3096  3119 W         : GLES-MALI OOM error: execution failed (gles_draw_call_finish at hardware/samsung_slsi/MaliT880_r12p0_JF/product/gles/src/draw/mali_gles_draw_module_api.c:186)
09-01 03:12:14.721  3096  3119 E gralloc : gralloc: static int private_handle_t::validate(const native_handle*) invalid gralloc handle (at 0x7f942be0c0)
09-01 03:12:14.721  3096  3119 W GraphicBufferMapper: registerBuffer(0x7f942be0c0) failed -22 (Invalid argument)
09-01 03:12:14.721  3096  3119 E GraphicBuffer: unflatten: registerBuffer failed: Invalid argument (-22)
09-01 03:12:14.721  3096  3119 E Surface : dequeueBuffer: IGraphicBufferProducer::requestBuffer failed: -22
09-01 03:12:14.721  3096  3119 D         : NULL == surf->write_back_color_buffer
09-01 03:12:14.750  3403  3435 I PackageManager: SELinux relabeling of org.cyanogenmod.screencast issued.
09-01 03:12:14.755  3096  3119 W         : GLES-MALI OOM error: execution failed (gles_draw_call_finish at hardware/samsung_slsi/MaliT880_r12p0_JF/product/gles/src/draw/mali_gles_draw_module_api.c:186)
09-01 03:12:14.755  3096  3119 E gralloc : gralloc: static int private_handle_t::validate(const native_handle*) invalid gralloc handle (at 0x7f942be160)
09-01 03:12:14.755  3096  3119 W GraphicBufferMapper: registerBuffer(0x7f942be160) failed -22 (Invalid argument)
09-01 03:12:14.755  3096  3119 E GraphicBuffer: unflatten: registerBuffer failed: Invalid argument (-22)
09-01 03:12:14.756  3096  3119 E Surface : dequeueBuffer: IGraphicBufferProducer::requestBuffer failed: -22
09-01 03:12:14.756  3096  3119 D         : NULL == surf->write_back_color_buffer
09-01 03:12:14.776  3403  3435 I PackageManager: SELinux relabeling of com.android.providers.settings issued.
09-01 03:12:14.787  3096  3119 W         : GLES-MALI OOM error: execution failed (gles_draw_call_finish at hardware/samsung_slsi/MaliT880_r12p0_JF/product/gles/src/draw/mali_gles_draw_module_api.c:186)
09-01 03:12:14.788  3096  3119 E gralloc : gralloc: static int private_handle_t::validate(const native_handle*) invalid gralloc handle (at 0x7f942be200)
09-01 03:12:14.788  3096  3119 W GraphicBufferMapper: registerBuffer(0x7f942be200) failed -22 (Invalid argument)
09-01 03:12:14.788  3096  3119 E GraphicBuffer: unflatten: registerBuffer failed: Invalid argument (-22)
09-01 03:12:14.788  3096  3119 E Surface : dequeueBuffer: IGraphicBufferProducer::requestBuffer failed: -22
09-01 03:12:14.788  3096  3119 D         : NULL == surf->write_back_color_buffer
09-01 03:12:14.810  3403  3435 I PackageManager: SELinux relabeling of com.android.sharedstoragebackup issued.
09-01 03:12:14.821  3096  3119 W         : GLES-MALI OOM error: execution failed (gles_draw_call_finish at hardware/samsung_slsi/MaliT880_r12p0_JF/product/gles/src/draw/mali_gles_draw_module_api.c:186)
09-01 03:12:14.821  3096  3119 E gralloc : gralloc: static int private_handle_t::validate(const native_handle*) invalid gralloc handle (at 0x7f942be2a0)
09-01 03:12:14.821  3096  3119 W GraphicBufferMapper: registerBuffer(0x7f942be2a0) failed -22 (Invalid argument)
09-01 03:12:14.821  3096  3119 E GraphicBuffer: unflatten: registerBuffer failed: Invalid argument (-22)
09-01 03:12:14.821  3096  3119 E Surface : dequeueBuffer: IGraphicBufferProducer::requestBuffer failed: -22
09-01 03:12:14.821  3096  3119 D         : NULL == surf->write_back_color_buffer
09-01 03:12:14.838  3403  3435 I PackageManager: SELinux relabeling of com.android.shell issued.
09-01 03:12:14.854  3096  3119 W         : GLES-MALI OOM error: execution failed (gles_draw_call_finish at hardware/samsung_slsi/MaliT880_r12p0_JF/product/gles/src/draw/mali_gles_draw_module_api.c:186)
09-01 03:12:14.855  3096  3119 E gralloc : gralloc: static int private_handle_t::validate(const native_handle*) invalid gralloc handle (at 0x7f942be340)
09-01 03:12:14.855  3096  3119 W GraphicBufferMapper: registerBuffer(0x7f942be340) failed -22 (Invalid argument)
09-01 03:12:14.855  3096  3119 E GraphicBuffer: unflatten: registerBuffer failed: Invalid argument (-22)
09-01 03:12:14.855  3096  3119 E Surface : dequeueBuffer: IGraphicBufferProducer::requestBuffer failed: -22
09-01 03:12:14.855  3096  3119 D         : NULL == surf->write_back_color_buffer
09-01 03:12:14.859  3403  3435 I PackageManager: SELinux relabeling of com.android.statementservice issued.
09-01 03:12:14.888  3096  3119 W         : GLES-MALI OOM error: execution failed (gles_draw_call_finish at hardware/samsung_slsi/MaliT880_r12p0_JF/product/gles/src/draw/mali_gles_draw_module_api.c:186)
09-01 03:12:14.888  3096  3119 E gralloc : gralloc: static int private_handle_t::validate(const native_handle*) invalid gralloc handle (at 0x7f942be3e0)
09-01 03:12:14.888  3096  3119 W GraphicBufferMapper: registerBuffer(0x7f942be3e0) failed -22 (Invalid argument)
09-01 03:12:14.888  3096  3119 E GraphicBuffer: unflatten: registerBuffer failed: Invalid argument (-22)
09-01 03:12:14.888  3096  3119 E Surface : dequeueBuffer: IGraphicBufferProducer::requestBuffer failed: -22
09-01 03:12:14.889  3096  3119 D         : NULL == surf->write_back_color_buffer
09-01 03:12:14.903  3403  3431 I PackageManager: SELinux relabeling of com.android.packageinstaller issued.
09-01 03:12:14.921  3096  3119 W         : GLES-MALI OOM error: execution failed (gles_draw_call_finish at hardware/samsung_slsi/MaliT880_r12p0_JF/product/gles/src/draw/mali_gles_draw_module_api.c:186)
09-01 03:12:14.922  3096  3119 E gralloc : gralloc: static int private_handle_t::validate(const native_handle*) invalid gralloc handle (at 0x7f942be480)
09-01 03:12:14.922  3096  3119 W GraphicBufferMapper: registerBuffer(0x7f942be480) failed -22 (Invalid argument)
09-01 03:12:14.922  3096  3119 E GraphicBuffer: unflatten: registerBuffer failed: Invalid argument (-22)
09-01 03:12:14.922  3096  3119 E Surface : dequeueBuffer: IGraphicBufferProducer::requestBuffer failed: -22
09-01 03:12:14.922  3096  3119 D         : NULL == surf->write_back_color_buffer
09-01 03:12:14.931  3403  3431 W PackageParser: Ignoring duplicate uses-permissions/uses-permissions-sdk-m: android.permission.ACCESS_WIFI_STATE in package: com.android.phone at: Binary XML file line #132
09-01 03:12:14.955  3096  3119 W         : GLES-MALI OOM error: execution failed (gles_draw_call_finish at hardware/samsung_slsi/MaliT880_r12p0_JF/product/gles/src/draw/mali_gles_draw_module_api.c:186)
09-01 03:12:14.955  3096  3119 E gralloc : gralloc: static int private_handle_t::validate(const native_handle*) invalid gralloc handle (at 0x7f942be520)
09-01 03:12:14.955  3096  3119 W GraphicBufferMapper: registerBuffer(0x7f942be520) failed -22 (Invalid argument)
09-01 03:12:14.955  3096  3119 E GraphicBuffer: unflatten: registerBuffer failed: Invalid argument (-22)
09-01 03:12:14.955  3096  3119 E Surface : dequeueBuffer: IGraphicBufferProducer::requestBuffer failed: -22
09-01 03:12:14.956  3096  3119 D         : NULL == surf->write_back_color_buffer
09-01 03:12:14.988  3096  3119 W         : GLES-MALI OOM error: execution failed (gles_draw_call_finish at hardware/samsung_slsi/MaliT880_r12p0_JF/product/gles/src/draw/mali_gles_draw_module_api.c:186)
09-01 03:12:14.989  3096  3119 E gralloc : gralloc: static int private_handle_t::validate(const native_handle*) invalid gralloc handle (at 0x7f942be5c0)
09-01 03:12:14.989  3096  3119 W GraphicBufferMapper: registerBuffer(0x7f942be5c0) failed -22 (Invalid argument)
09-01 03:12:14.989  3096  3119 E GraphicBuffer: unflatten: registerBuffer failed: Invalid argument (-22)
09-01 03:12:14.989  3096  3119 E Surface : dequeueBuffer: IGraphicBufferProducer::requestBuffer failed: -22
09-01 03:12:14.989  3096  3119 D         : NULL == surf->write_back_color_buffer
09-01 03:12:15.022  3096  3119 W         : GLES-MALI OOM error: execution failed (gles_draw_call_finish at hardware/samsung_slsi/MaliT880_r12p0_JF/product/gles/src/draw/mali_gles_draw_module_api.c:186)
09-01 03:12:15.022  3096  3119 E gralloc : gralloc: static int private_handle_t::validate(const native_handle*) invalid gralloc handle (at 0x7f942be660)
09-01 03:12:15.022  3096  3119 W GraphicBufferMapper: registerBuffer(0x7f942be660) failed -22 (Invalid argument)
09-01 03:12:15.022  3096  3119 E GraphicBuffer: unflatten: registerBuffer failed: Invalid argument (-22)
09-01 03:12:15.022  3096  3119 E Surface : dequeueBuffer: IGraphicBufferProducer::requestBuffer failed: -22
09-01 03:12:15.023  3096  3119 D         : NULL == surf->write_back_color_buffer
09-01 03:12:15.049  3403  3431 I PackageManager: SELinux relabeling of com.android.phone issued.
09-01 03:12:15.055  3096  3119 W         : GLES-MALI OOM error: execution failed (gles_draw_call_finish at hardware/samsung_slsi/MaliT880_r12p0_JF/product/gles/src/draw/mali_gles_draw_module_api.c:186)
09-01 03:12:15.056  3096  3119 E gralloc : gralloc: static int private_handle_t::validate(const native_handle*) invalid gralloc handle (at 0x7f942be700)
09-01 03:12:15.056  3096  3119 W GraphicBufferMapper: registerBuffer(0x7f942be700) failed -22 (Invalid argument)
