12-05 07:49:00.243  2943  4171 E MetadataRetrieverClient: failed to extract an album art
12-05 07:49:00.453  3725  3833 I Choreographer: Skipped 94 frames!  The application may be doing too much work on its main thread.
12-05 07:49:01.113  4240  4282 E ELEVEN  : calling refresh!
12-05 07:49:01.557  3340  3351 I ActivityManager: Killing 4221:com.cyanogenmod.eleven/u0a41 (adj 15): empty #17
12-05 07:49:01.568  3340  3509 D ActivityManager: cleanUpApplicationRecord -- 4221
12-05 07:49:02.516  4479  4782 I GlobalDismissManager: no sender configured
12-05 07:49:02.517  4479  4782 D AlertService: Beginning updateAlertNotification
12-05 07:49:02.520  4479  4782 D AlertService: No fired or scheduled alerts
12-05 07:49:02.523  4479  4782 D AlertService: Scheduling next alarm with AlarmScheduler. sEventReminderReceived: null
12-05 07:49:02.526  4479  4782 D AlarmScheduler: No events found starting within 1 week.
12-05 07:49:07.324  4558  4558 W ContextImpl: Calling a method in the system process without a qualified user: android.app.ContextImpl.startService:1231 android.content.ContextWrapper.startService:587 android.content.ContextWrapper.startService:587 org.cyanogenmod.providers.datausage.DataUsageAppInstallReceiver.onReceive:47 android.app.ActivityThread.handleReceiver:2759 
12-05 07:49:07.326  3340  3401 I InputReader: Reconfiguring input devices.  changes=0x00000010
12-05 07:49:07.341  3340  3353 W Searchables: No global search activity found
12-05 07:49:07.900  4085  4576 I chatty  : uid=10009(com.android.providers.media) MediaScannerSer expire 7396 lines
12-05 07:49:09.920  3340  3354 I ActivityManager: Waited long enough for: ServiceRecord{1d1f4c1 u0 com.android.providers.media/.MediaScannerService}
12-05 07:49:10.449  3340  3354 I ActivityManager: Waited long enough for: ServiceRecord{f1684d8 u0 com.android.calendar/.alerts.InitAlarmsService}
12-05 07:49:11.077  3340  3354 I ActivityManager: Waited long enough for: ServiceRecord{fe80333 u0 com.android.email/.service.LegacyImapSyncAdapterService}
12-05 07:49:12.736  2923  3405 I vold    : Trimmed 10488377344 bytes on /data in 29200ms
12-05 07:49:12.736  3340  3403 D VoldConnector: RCV <- {662 /data 10488377344 29200956825}
12-05 07:49:13.638  4240  4282 E ELEVEN  : calling refresh!
12-05 07:49:20.363  3633  3813 I vol.Events: writeEvent level_changed STREAM_MUSIC 10
12-05 07:49:21.368  4085  4576 I chatty  : uid=10009(com.android.providers.media) MediaScannerSer expire 1262 lines
12-05 07:49:25.454  4479  4674 D InitAlarmsService: Clearing and rescheduling alarms.
12-05 07:49:25.470  3340  3630 I ActivityManager: Killing 4438:com.android.keychain/1000 (adj 15): empty #17
12-05 07:49:25.487  3340  3630 I ActivityManager: Killing 4364:com.android.cellbroadcastreceiver/u0a6 (adj 15): empty #18
12-05 07:49:25.509  3340  3630 I ActivityManager: Killing 3943:com.android.settings:CryptKeeper/1000 (adj 15): empty #19
12-05 07:49:25.532  3340  3630 I ActivityManager: Killing 4054:org.cyanogenmod.weather.provider/u0a27 (adj 15): empty #20
12-05 07:49:25.550  3340  3510 D ActivityManager: cleanUpApplicationRecord -- 4364
12-05 07:49:25.552  3340  3352 D ActivityManager: cleanUpApplicationRecord -- 3943
12-05 07:49:25.554  3340  3509 D ActivityManager: cleanUpApplicationRecord -- 4054
12-05 07:49:25.555  3340  3628 D ActivityManager: cleanUpApplicationRecord -- 4438
12-05 07:49:25.558  3340  4815 I ActivityManager: Killing 4455:com.android.dialer/u0a26 (adj 15): empty #17
12-05 07:49:25.581  3340  3630 D ActivityManager: cleanUpApplicationRecord -- 4455
12-05 07:49:36.718  3340  3411 D WifiService: New client listening to asynchronous messages
12-05 07:49:36.719  3340  3630 D WifiService: setWifiEnabled: true pid=4036, uid=1000
12-05 07:49:36.720  3340  3630 E WifiService: Invoking mWifiStateMachine.setWifiEnabled
12-05 07:49:36.720  2943  3428 V audio_hw_primary: out_set_parameters: key value pairs: routing=2
12-05 07:49:36.722  3340  3410 E WifiMonitor: killSupplicant p2ptrue init.svc.wpa_supplicant=unknown init.svc.p2p_supplicant=unknown
12-05 07:49:36.722  4085  4576 I chatty  : uid=10009(com.android.providers.media) MediaScannerSer expire 1860 lines
12-05 07:49:36.730  2943  3428 V audio_hw_primary: start_output_stream: starting stream
12-05 07:49:36.748  3340  3627 I ActivityManager: START u0 {act=com.android.net.wifi.SETUP_WIFI_NETWORK cmp=com.android.settings/.wifi.WifiSetupActivity (has extras)} from uid 1000 on display 0
12-05 07:49:36.752  2943  3428 V audio_hw_primary: select_devices() devices 0x2 input src 0 output route media-speaker input route none
12-05 07:49:36.825  2938  3326 D SoftapController: Softap fwReload - Ok
12-05 07:49:36.826  2938  3326 W CommandListener: Failed to retrieve HW addr for wlan0 (No such device)
12-05 07:49:36.829  2938  3326 D CommandListener: Setting iface cfg
12-05 07:49:36.833  3340  3410 E WifiStateMachine: Unable to change interface settings: java.lang.IllegalStateException: command '22 interface setcfg wlan0 0.0.0.0 0 down' failed with '400 22 Failed to set address (No such device)'
12-05 07:49:36.833  3340  3410 E wifi    : Could not read interface wlan0 flags: 19
12-05 07:49:36.833  3340  3410 E WifiNative-HAL: Could not start hal
12-05 07:49:36.833  3340  3410 E WifiStateMachine: Failed to start HAL
12-05 07:49:36.837  3340  3410 E WifiHW  : Cannot open "/system/etc/wifi/wpa_supplicant.conf": No such file or directory
12-05 07:49:36.837  3340  3410 E WifiHW  : Failed to create a p2p config file
12-05 07:49:36.837  3340  3410 E WifiStateMachine: Failed to start supplicant!
12-05 07:49:36.839  3340  3340 E WifiService: Wi-Fi state is failed
12-05 07:49:36.839  3340  3340 D WifiService: setWifiEnabled: false pid=3340, uid=1000
12-05 07:49:36.839  3340  3340 E WifiService: Invoking mWifiStateMachine.setWifiEnabled
12-05 07:49:36.896  2943  3428 V audio_hw_primary: adev_set_call_audio_path: ril_set_call_audio_path(2)
12-05 07:49:36.896  2943  3428 E audio_hw_primary: Connect_RILD() failed
12-05 07:49:36.896  2943  3428 V audio_hw_primary: start_output_stream: stream out device: 2, actual: 2
12-05 07:49:36.922  4018  4841 D OpenGLRenderer: Use EGL_SWAP_BEHAVIOR_PRESERVED: true
12-05 07:49:36.946  4018  4841 I OpenGLRenderer: Initialized EGL, version 1.4
12-05 07:49:36.951  4018  4841 D mali_winsys: EGLint new_window_surface(egl_winsys_display*, void*, EGLSurface, EGLConfig, egl_winsys_surface**, egl_color_buffer_format*, EGLBoolean) returns 0x3000,  [1440x2560]-format:1
12-05 07:49:37.055  3340  3359 I ActivityManager: Displayed com.android.settings/.wifi.WifiSetupActivity: +272ms
12-05 07:49:37.085  4036  4298 D OpenGLRenderer: endAllStagingAnimators on 0x7f8fffa000 (RippleDrawable) with handle 0x7fa5c3f660
12-05 07:49:39.315  2943  3428 V audio_hw_primary: out_set_parameters: key value pairs: routing=2
12-05 07:49:39.340  4018  4841 D mali_winsys: EGLint new_window_surface(egl_winsys_display*, void*, EGLSurface, EGLConfig, egl_winsys_surface**, egl_color_buffer_format*, EGLBoolean) returns 0x3000,  [1624x1441]-format:1
12-05 07:49:40.566  2943  3428 V audio_hw_primary: out_set_parameters: key value pairs: routing=2
12-05 07:49:40.574  4018  4018 D WifiSetupActivity: finishing, resultCode=1
12-05 07:49:40.589  4018  4841 D OpenGLRenderer: endAllStagingAnimators on 0x7f8e0bdc00 (RippleDrawable) with handle 0x7f8bfa01a0
12-05 07:49:40.600  2943  3428 D AudioFlinger: mixer(0xf2a00000) throttle end: throttle time(7)
12-05 07:49:40.627  4036  4298 D mali_winsys: EGLint new_window_surface(egl_winsys_display*, void*, EGLSurface, EGLConfig, egl_winsys_surface**, egl_color_buffer_format*, EGLBoolean) returns 0x3000,  [1440x2560]-format:1
12-05 07:49:41.616  2943  3428 V audio_hw_primary: out_set_parameters: key value pairs: routing=2
12-05 07:49:42.546  2943  3428 V audio_hw_primary: out_set_parameters: key value pairs: routing=2
12-05 07:49:42.583  2943  3428 D AudioFlinger: mixer(0xf2a00000) throttle end: throttle time(4)
12-05 07:49:42.613  3340  3351 D AlarmManagerService: Kernel timezone updated to 660 minutes west of GMT
12-05 07:49:42.637  4661  4661 V AlarmClock: AlarmInitReceiver android.intent.action.TIMEZONE_CHANGED
12-05 07:49:42.692  4661  4685 V AlarmClock: AlarmInitReceiver finished
12-05 07:49:43.346  2943  3428 V audio_hw_primary: out_set_parameters: key value pairs: routing=2
12-05 07:49:43.383  2943  3428 D AudioFlinger: mixer(0xf2a00000) throttle end: throttle time(4)
12-05 07:49:44.012  3633  3633 D PhoneStatusBar: disable: < expand* icons* alerts* system_info back home* recent* clock search* quick_settings >
12-05 07:49:44.015  3633  3633 D PhoneStatusBar: heads up is enabled
12-05 07:49:44.016  2943  3428 V audio_hw_primary: out_set_parameters: key value pairs: routing=2
12-05 07:49:44.071  4018  4018 D ConnectivityManager: getMobileDataEnabled()+ subId=-1
12-05 07:49:44.072  3924  3940 D PhoneInterfaceManager: [PhoneIntfMgr] getDataEnabled: subId=-1 phoneId=-1
12-05 07:49:44.072  3924  3940 E PhoneInterfaceManager: [PhoneIntfMgr] getDataEnabled: no phone subId=-1 retVal=false
12-05 07:49:44.072  4018  4018 D ConnectivityManager: getMobileDataEnabled()- subId=-1 retVal=false
12-05 07:49:44.073  4018  4018 E NFC     : could not retrieve NFC service
12-05 07:49:44.081  3340  3351 D CMProfileService: Saving profile data...
12-05 07:49:44.083  3340  3351 D CMProfileService: Save completed.
12-05 07:49:44.083  3340  3351 D CMProfileService: Set active profile to: 0230226d-0d05-494a-a9bd-d222a1117655 - Default
12-05 07:49:44.087  3633  3813 I vol.Events: writeEvent level_changed STREAM_MUSIC 11
12-05 07:49:44.087  3340  3351 E NFC     : could not retrieve NFC service
12-05 07:49:44.088  3340  3351 E NFC     : could not retrieve NFC service
12-05 07:49:44.088  3340  3351 E NFC     : could not retrieve NFC service
12-05 07:49:44.090  3924  4350 D PhoneInterfaceManager: [PhoneIntfMgr] getDataEnabled: subId=-1 phoneId=-1
12-05 07:49:44.090  3924  4350 E PhoneInterfaceManager: [PhoneIntfMgr] getDataEnabled: no phone subId=-1 retVal=false
12-05 07:49:44.090  3340  3351 D TelephonyManager: getDataEnabled: retVal=false
12-05 07:49:44.091  3340  3351 E NFC     : could not retrieve NFC service
12-05 07:49:44.091  3340  3351 E NFC     : could not retrieve NFC service
12-05 07:49:44.092  3340  3351 E NFC     : could not retrieve NFC service
12-05 07:49:44.093  3340  3351 D CMProfileService: Saving profile data...
12-05 07:49:44.094  3340  3351 D CMProfileService: Save completed.
12-05 07:49:45.222  4036  4872 E SetupWizardUtils: Unable to disable GMS
12-05 07:49:45.235  3340  3628 I ActivityManager: START u0 {act=android.intent.action.MAIN cat=[android.intent.category.HOME] cmp=com.android.provision/.DefaultActivity} from uid 1000 on display 0
12-05 07:49:45.309  3340  3628 I ActivityManager: Start proc 4882:com.android.provision/u0a58 for activity com.android.provision/.DefaultActivity
12-05 07:49:45.390  4882  4882 W System  : ClassLoader referenced unknown path: /system/app/Provision/lib/arm64
12-05 07:49:45.406  2936  3503 D PermissionCache: checking android.permission.READ_FRAME_BUFFER for uid=1000 => granted (211 us)
12-05 07:49:45.489  3340  3629 I ActivityManager: START u0 {act=android.intent.action.MAIN cat=[android.intent.category.HOME] flg=0x10000000 cmp=com.cyanogenmod.trebuchet/com.android.launcher3.Launcher} from uid 0 on display 0
12-05 07:49:45.524  4611  4611 V Launcher: LauncherAppState inited
12-05 07:49:45.586  4611  4611 D Launcher.Model: Old launcher provider: content://com.android.launcher2.settings/favorites?notify=true
12-05 07:49:45.586  4611  4611 D Launcher.Model: Old launcher provider does not exist.
12-05 07:49:45.678  4611  4896 D LauncherProvider: loading default workspace
12-05 07:49:45.694  4611  4899 D OpenGLRenderer: Use EGL_SWAP_BEHAVIOR_PRESERVED: true
12-05 07:49:45.711  4611  4611 W Launcher: setApplicationContext called twice! old=com.android.launcher3.LauncherApplication@26c207e new=com.android.launcher3.LauncherApplication@26c207e
12-05 07:49:45.738  4611  4899 I OpenGLRenderer: Initialized EGL, version 1.4
12-05 07:49:45.753  4611  4899 D mali_winsys: EGLint new_window_surface(egl_winsys_display*, void*, EGLSurface, EGLConfig, egl_winsys_surface**, egl_color_buffer_format*, EGLBoolean) returns 0x3000,  [1440x2560]-format:1
12-05 07:49:45.774  4611  4896 E AutoInstalls: Unable to add favorite: com.google.android.googlequicksearchbox/com.google.android.googlequicksearchbox.SearchActivity
12-05 07:49:45.774  4611  4896 E AutoInstalls: android.content.pm.PackageManager$NameNotFoundException: ComponentInfo{com.google.android.googlequicksearchbox/com.google.android.googlequicksearchbox.SearchActivity}
12-05 07:49:45.774  4611  4896 E AutoInstalls: 	at android.app.ApplicationPackageManager.getActivityInfo(ApplicationPackageManager.java:343)
12-05 07:49:45.774  4611  4896 E AutoInstalls: 	at com.android.launcher3.AutoInstallsLayout$AppShortcutParser.parseAndAdd(AutoInstallsLayout.java:347)
12-05 07:49:45.774  4611  4896 E AutoInstalls: 	at com.android.launcher3.AutoInstallsLayout$FolderParser.parseAndAdd(AutoInstallsLayout.java:595)
12-05 07:49:45.774  4611  4896 E AutoInstalls: 	at com.android.launcher3.DefaultLayoutParser$MyFolderParser.parseAndAdd(DefaultLayoutParser.java:271)
12-05 07:49:45.774  4611  4896 E AutoInstalls: 	at com.android.launcher3.AutoInstallsLayout.parseAndAddNode(AutoInstallsLayout.java:272)
12-05 07:49:45.774  4611  4896 E AutoInstalls: 	at com.android.launcher3.AutoInstallsLayout.parseLayout(AutoInstallsLayout.java:217)
12-05 07:49:45.774  4611  4896 E AutoInstalls: 	at com.android.launcher3.AutoInstallsLayout.loadLayout(AutoInstallsLayout.java:193)
12-05 07:49:45.774  4611  4896 E AutoInstalls: 	at com.android.launcher3.LauncherProvider$DatabaseHelper.loadFavorites(LauncherProvider.java:1292)
12-05 07:49:45.774  4611  4896 E AutoInstalls: 	at com.android.launcher3.LauncherProvider.loadDefaultFavoritesIfNecessary(LauncherProvider.java:406)
12-05 07:49:45.774  4611  4896 E AutoInstalls: 	at com.android.launcher3.LauncherModel$LoaderTask.loadWorkspace(LauncherModel.java:1967)
12-05 07:49:45.774  4611  4896 E AutoInstalls: 	at com.android.launcher3.LauncherModel$LoaderTask.loadAndBindWorkspace(LauncherModel.java:1558)
12-05 07:49:45.774  4611  4896 E AutoInstalls: 	at com.android.launcher3.LauncherModel$LoaderTask.run(LauncherModel.java:1655)
12-05 07:49:45.774  4611  4896 E AutoInstalls: 	at android.os.Handler.handleCallback(Handler.java:739)
12-05 07:49:45.774  4611  4896 E AutoInstalls: 	at android.os.Handler.dispatchMessage(Handler.java:95)
12-05 07:49:45.774  4611  4896 E AutoInstalls: 	at android.os.Looper.loop(Looper.java:148)
12-05 07:49:45.774  4611  4896 E AutoInstalls: 	at android.os.HandlerThread.run(HandlerThread.java:61)
12-05 07:49:45.780  4611  4896 E AutoInstalls: Unable to add favorite: com.android.chrome/com.google.android.apps.chrome.Main
12-05 07:49:45.780  4611  4896 E AutoInstalls: android.content.pm.PackageManager$NameNotFoundException: ComponentInfo{com.android.chrome/com.google.android.apps.chrome.Main}
12-05 07:49:45.780  4611  4896 E AutoInstalls: 	at android.app.ApplicationPackageManager.getActivityInfo(ApplicationPackageManager.java:343)
12-05 07:49:45.780  4611  4896 E AutoInstalls: 	at com.android.launcher3.AutoInstallsLayout$AppShortcutParser.parseAndAdd(AutoInstallsLayout.java:347)
12-05 07:49:45.780  4611  4896 E AutoInstalls: 	at com.android.launcher3.AutoInstallsLayout$FolderParser.parseAndAdd(AutoInstallsLayout.java:595)
12-05 07:49:45.780  4611  4896 E AutoInstalls: 	at com.android.launcher3.DefaultLayoutParser$MyFolderParser.parseAndAdd(DefaultLayoutParser.java:271)
12-05 07:49:45.780  4611  4896 E AutoInstalls: 	at com.android.launcher3.AutoInstallsLayout.parseAndAddNode(AutoInstallsLayout.java:272)
12-05 07:49:45.780  4611  4896 E AutoInstalls: 	at com.android.launcher3.AutoInstallsLayout.parseLayout(AutoInstallsLayout.java:217)
12-05 07:49:45.780  4611  4896 E AutoInstalls: 	at com.android.launcher3.AutoInstallsLayout.loadLayout(AutoInstallsLayout.java:193)
12-05 07:49:45.780  4611  4896 E AutoInstalls: 	at com.android.launcher3.LauncherProvider$DatabaseHelper.loadFavorites(LauncherProvider.java:1292)
12-05 07:49:45.780  4611  4896 E AutoInstalls: 	at com.android.launcher3.LauncherProvider.loadDefaultFavoritesIfNecessary(LauncherProvider.java:406)
12-05 07:49:45.780  4611  4896 E AutoInstalls: 	at com.android.launcher3.LauncherModel$LoaderTask.loadWorkspace(LauncherModel.java:1967)
12-05 07:49:45.780  4611  4896 E AutoInstalls: 	at com.android.launcher3.LauncherModel$LoaderTask.loadAndBindWorkspace(LauncherModel.java:1558)
12-05 07:49:45.780  4611  4896 E AutoInstalls: 	at com.android.launcher3.LauncherModel$LoaderTask.run(LauncherModel.java:1655)
12-05 07:49:45.780  4611  4896 E AutoInstalls: 	at android.os.Handler.handleCallback(Handler.java:739)
12-05 07:49:45.780  4611  4896 E AutoInstalls: 	at android.os.Handler.dispatchMessage(Handler.java:95)
12-05 07:49:45.780  4611  4896 E AutoInstalls: 	at android.os.Looper.loop(Looper.java:148)
12-05 07:49:45.780  4611  4896 E AutoInstalls: 	at android.os.HandlerThread.run(HandlerThread.java:61)
12-05 07:49:45.785  4611  4896 E AutoInstalls: Unable to add favorite: com.google.android.gm/com.google.android.gm.ConversationListActivityGmail
12-05 07:49:45.785  4611  4896 E AutoInstalls: android.content.pm.PackageManager$NameNotFoundException: ComponentInfo{com.google.android.gm/com.google.android.gm.ConversationListActivityGmail}
12-05 07:49:45.785  4611  4896 E AutoInstalls: 	at android.app.ApplicationPackageManager.getActivityInfo(ApplicationPackageManager.java:343)
12-05 07:49:45.785  4611  4896 E AutoInstalls: 	at com.android.launcher3.AutoInstallsLayout$AppShortcutParser.parseAndAdd(AutoInstallsLayout.java:347)
12-05 07:49:45.785  4611  4896 E AutoInstalls: 	at com.android.launcher3.AutoInstallsLayout$FolderParser.parseAndAdd(AutoInstallsLayout.java:595)
12-05 07:49:45.785  4611  4896 E AutoInstalls: 	at com.android.launcher3.DefaultLayoutParser$MyFolderParser.parseAndAdd(DefaultLayoutParser.java:271)
12-05 07:49:45.785  4611  4896 E AutoInstalls: 	at com.android.launcher3.AutoInstallsLayout.parseAndAddNode(AutoInstallsLayout.java:272)
12-05 07:49:45.785  4611  4896 E AutoInstalls: 	at com.android.launcher3.AutoInstallsLayout.parseLayout(AutoInstallsLayout.java:217)
12-05 07:49:45.785  4611  4896 E AutoInstalls: 	at com.android.launcher3.AutoInstallsLayout.loadLayout(AutoInstallsLayout.java:193)
12-05 07:49:45.785  4611  4896 E AutoInstalls: 	at com.android.launcher3.LauncherProvider$DatabaseHelper.loadFavorites(LauncherProvider.java:1292)
12-05 07:49:45.785  4611  4896 E AutoInstalls: 	at com.android.launcher3.LauncherProvider.loadDefaultFavoritesIfNecessary(LauncherProvider.java:406)
12-05 07:49:45.785  4611  4896 E AutoInstalls: 	at com.android.launcher3.LauncherModel$LoaderTask.loadWorkspace(LauncherModel.java:1967)
12-05 07:49:45.785  4611  4896 E AutoInstalls: 	at com.android.launcher3.LauncherModel$LoaderTask.loadAndBindWorkspace(LauncherModel.java:1558)
12-05 07:49:45.785  4611  4896 E AutoInstalls: 	at com.android.launcher3.LauncherModel$LoaderTask.run(LauncherModel.java:1655)
12-05 07:49:45.785  4611  4896 E AutoInstalls: 	at android.os.Handler.handleCallback(Handler.java:739)
12-05 07:49:45.785  4611  4896 E AutoInstalls: 	at android.os.Handler.dispatchMessage(Handler.java:95)
12-05 07:49:45.785  4611  4896 E AutoInstalls: 	at android.os.Looper.loop(Looper.java:148)
12-05 07:49:45.785  4611  4896 E AutoInstalls: 	at android.os.HandlerThread.run(HandlerThread.java:61)
12-05 07:49:45.789  4611  4896 E AutoInstalls: Unable to add favorite: com.google.android.apps.maps/com.google.android.maps.MapsActivity
12-05 07:49:45.789  4611  4896 E AutoInstalls: android.content.pm.PackageManager$NameNotFoundException: ComponentInfo{com.google.android.apps.maps/com.google.android.maps.MapsActivity}
12-05 07:49:45.789  4611  4896 E AutoInstalls: 	at android.app.ApplicationPackageManager.getActivityInfo(ApplicationPackageManager.java:343)
12-05 07:49:45.789  4611  4896 E AutoInstalls: 	at com.android.launcher3.AutoInstallsLayout$AppShortcutParser.parseAndAdd(AutoInstallsLayout.java:347)
12-05 07:49:45.789  4611  4896 E AutoInstalls: 	at com.android.launcher3.AutoInstallsLayout$FolderParser.parseAndAdd(AutoInstallsLayout.java:595)
12-05 07:49:45.789  4611  4896 E AutoInstalls: 	at com.android.launcher3.DefaultLayoutParser$MyFolderParser.parseAndAdd(DefaultLayoutParser.java:271)
12-05 07:49:45.789  4611  4896 E AutoInstalls: 	at com.android.launcher3.AutoInstallsLayout.parseAndAddNode(AutoInstallsLayout.java:272)
12-05 07:49:45.789  4611  4896 E AutoInstalls: 	at com.android.launcher3.AutoInstallsLayout.parseLayout(AutoInstallsLayout.java:217)
12-05 07:49:45.789  4611  4896 E AutoInstalls: 	at com.android.launcher3.AutoInstallsLayout.loadLayout(AutoInstallsLayout.java:193)
12-05 07:49:45.789  4611  4896 E AutoInstalls: 	at com.android.launcher3.LauncherProvider$DatabaseHelper.loadFavorites(LauncherProvider.java:1292)
12-05 07:49:45.789  4611  4896 E AutoInstalls: 	at com.android.launcher3.LauncherProvider.loadDefaultFavoritesIfNecessary(LauncherProvider.java:406)
12-05 07:49:45.789  4611  4896 E AutoInstalls: 	at com.android.launcher3.LauncherModel$LoaderTask.loadWorkspace(LauncherModel.java:1967)
12-05 07:49:45.789  4611  4896 E AutoInstalls: 	at com.android.launcher3.LauncherModel$LoaderTask.loadAndBindWorkspace(LauncherModel.java:1558)
12-05 07:49:45.789  4611  4896 E AutoInstalls: 	at com.android.launcher3.LauncherModel$LoaderTask.run(LauncherModel.java:1655)
12-05 07:49:45.789  4611  4896 E AutoInstalls: 	at android.os.Handler.handleCallback(Handler.java:739)
12-05 07:49:45.789  4611  4896 E AutoInstalls: 	at android.os.Handler.dispatchMessage(Handler.java:95)
12-05 07:49:45.789  4611  4896 E AutoInstalls: 	at android.os.Looper.loop(Looper.java:148)
12-05 07:49:45.789  4611  4896 E AutoInstalls: 	at android.os.HandlerThread.run(HandlerThread.java:61)
12-05 07:49:45.794  4611  4896 E AutoInstalls: Unable to add favorite: com.google.android.youtube/com.google.android.youtube.app.honeycomb.Shell$HomeActivity
12-05 07:49:45.794  4611  4896 E AutoInstalls: android.content.pm.PackageManager$NameNotFoundException: ComponentInfo{com.google.android.youtube/com.google.android.youtube.app.honeycomb.Shell$HomeActivity}
12-05 07:49:45.794  4611  4896 E AutoInstalls: 	at android.app.ApplicationPackageManager.getActivityInfo(ApplicationPackageManager.java:343)
12-05 07:49:45.794  4611  4896 E AutoInstalls: 	at com.android.launcher3.AutoInstallsLayout$AppShortcutParser.parseAndAdd(AutoInstallsLayout.java:347)
12-05 07:49:45.794  4611  4896 E AutoInstalls: 	at com.android.launcher3.AutoInstallsLayout$FolderParser.parseAndAdd(AutoInstallsLayout.java:595)
12-05 07:49:45.794  4611  4896 E AutoInstalls: 	at com.android.launcher3.DefaultLayoutParser$MyFolderParser.parseAndAdd(DefaultLayoutParser.java:271)
12-05 07:49:45.794  4611  4896 E AutoInstalls: 	at com.android.launcher3.AutoInstallsLayout.parseAndAddNode(AutoInstallsLayout.java:272)
12-05 07:49:45.794  4611  4896 E AutoInstalls: 	at com.android.launcher3.AutoInstallsLayout.parseLayout(AutoInstallsLayout.java:217)
12-05 07:49:45.794  4611  4896 E AutoInstalls: 	at com.android.launcher3.AutoInstallsLayout.loadLayout(AutoInstallsLayout.java:193)
12-05 07:49:45.794  4611  4896 E AutoInstalls: 	at com.android.launcher3.LauncherProvider$DatabaseHelper.loadFavorites(LauncherProvider.java:1292)
12-05 07:49:45.794  4611  4896 E AutoInstalls: 	at com.android.launcher3.LauncherProvider.loadDefaultFavoritesIfNecessary(LauncherProvider.java:406)
12-05 07:49:45.794  4611  4896 E AutoInstalls: 	at com.android.launcher3.LauncherModel$LoaderTask.loadWorkspace(LauncherModel.java:1967)
12-05 07:49:45.794  4611  4896 E AutoInstalls: 	at com.android.launcher3.LauncherModel$LoaderTask.loadAndBindWorkspace(LauncherModel.java:1558)
12-05 07:49:45.794  4611  4896 E AutoInstalls: 	at com.android.launcher3.LauncherModel$LoaderTask.run(LauncherModel.java:1655)
12-05 07:49:45.794  4611  4896 E AutoInstalls: 	at android.os.Handler.handleCallback(Handler.java:739)
12-05 07:49:45.794  4611  4896 E AutoInstalls: 	at android.os.Handler.dispatchMessage(Handler.java:95)
12-05 07:49:45.794  4611  4896 E AutoInstalls: 	at android.os.Looper.loop(Looper.java:148)
12-05 07:49:45.794  4611  4896 E AutoInstalls: 	at android.os.HandlerThread.run(HandlerThread.java:61)
12-05 07:49:45.802  4611  4896 E AutoInstalls: Unable to add favorite: com.google.android.apps.docs/com.google.android.apps.docs.app.NewMainProxyActivity
12-05 07:49:45.802  4611  4896 E AutoInstalls: android.content.pm.PackageManager$NameNotFoundException: ComponentInfo{com.google.android.apps.docs/com.google.android.apps.docs.app.NewMainProxyActivity}
12-05 07:49:45.802  4611  4896 E AutoInstalls: 	at android.app.ApplicationPackageManager.getActivityInfo(ApplicationPackageManager.java:343)
12-05 07:49:45.802  4611  4896 E AutoInstalls: 	at com.android.launcher3.AutoInstallsLayout$AppShortcutParser.parseAndAdd(AutoInstallsLayout.java:347)
12-05 07:49:45.802  4611  4896 E AutoInstalls: 	at com.android.launcher3.AutoInstallsLayout$FolderParser.parseAndAdd(AutoInstallsLayout.java:595)
12-05 07:49:45.802  4611  4896 E AutoInstalls: 	at com.android.launcher3.DefaultLayoutParser$MyFolderParser.parseAndAdd(DefaultLayoutParser.java:271)
12-05 07:49:45.802  4611  4896 E AutoInstalls: 	at com.android.launcher3.AutoInstallsLayout.parseAndAddNode(AutoInstallsLayout.java:272)
12-05 07:49:45.802  4611  4896 E AutoInstalls: 	at com.android.launcher3.AutoInstallsLayout.parseLayout(AutoInstallsLayout.java:217)
12-05 07:49:45.802  4611  4896 E AutoInstalls: 	at com.android.launcher3.AutoInstallsLayout.loadLayout(AutoInstallsLayout.java:193)
12-05 07:49:45.802  4611  4896 E AutoInstalls: 	at com.android.launcher3.LauncherProvider$DatabaseHelper.loadFavorites(LauncherProvider.java:1292)
12-05 07:49:45.802  4611  4896 E AutoInstalls: 	at com.android.launcher3.LauncherProvider.loadDefaultFavoritesIfNecessary(LauncherProvider.java:406)
12-05 07:49:45.802  4611  4896 E AutoInstalls: 	at com.android.launcher3.LauncherModel$LoaderTask.loadWorkspace(LauncherModel.java:1967)
12-05 07:49:45.802  4611  4896 E AutoInstalls: 	at com.android.launcher3.LauncherModel$LoaderTask.loadAndBindWorkspace(LauncherModel.java:1558)
12-05 07:49:45.802  4611  4896 E AutoInstalls: 	at com.android.launcher3.LauncherModel$LoaderTask.run(LauncherModel.java:1655)
12-05 07:49:45.802  4611  4896 E AutoInstalls: 	at android.os.Handler.handleCallback(Handler.java:739)
12-05 07:49:45.802  4611  4896 E AutoInstalls: 	at android.os.Handler.dispatchMessage(Handler.java:95)
12-05 07:49:45.802  4611  4896 E AutoInstalls: 	at android.os.Looper.loop(Looper.java:148)
12-05 07:49:45.802  4611  4896 E AutoInstalls: 	at android.os.HandlerThread.run(HandlerThread.java:61)
12-05 07:49:45.806  4611  4896 E AutoInstalls: Unable to add favorite: com.google.android.talk/com.google.android.talk.SigningInActivity
12-05 07:49:45.806  4611  4896 E AutoInstalls: android.content.pm.PackageManager$NameNotFoundException: ComponentInfo{com.google.android.talk/com.google.android.talk.SigningInActivity}
12-05 07:49:45.806  4611  4896 E AutoInstalls: 	at android.app.ApplicationPackageManager.getActivityInfo(ApplicationPackageManager.java:343)
12-05 07:49:45.806  4611  4896 E AutoInstalls: 	at com.android.launcher3.AutoInstallsLayout$AppShortcutParser.parseAndAdd(AutoInstallsLayout.java:347)
12-05 07:49:45.806  4611  4896 E AutoInstalls: 	at com.android.launcher3.AutoInstallsLayout$FolderParser.parseAndAdd(AutoInstallsLayout.java:595)
12-05 07:49:45.806  4611  4896 E AutoInstalls: 	at com.android.launcher3.DefaultLayoutParser$MyFolderParser.parseAndAdd(DefaultLayoutParser.java:271)
12-05 07:49:45.806  4611  4896 E AutoInstalls: 	at com.android.launcher3.AutoInstallsLayout.parseAndAddNode(AutoInstallsLayout.java:272)
12-05 07:49:45.806  4611  4896 E AutoInstalls: 	at com.android.launcher3.AutoInstallsLayout.parseLayout(AutoInstallsLayout.java:217)
12-05 07:49:45.806  4611  4896 E AutoInstalls: 	at com.android.launcher3.AutoInstallsLayout.loadLayout(AutoInstallsLayout.java:193)
12-05 07:49:45.806  4611  4896 E AutoInstalls: 	at com.android.launcher3.LauncherProvider$DatabaseHelper.loadFavorites(LauncherProvider.java:1292)
12-05 07:49:45.806  4611  4896 E AutoInstalls: 	at com.android.launcher3.LauncherProvider.loadDefaultFavoritesIfNecessary(LauncherProvider.java:406)
12-05 07:49:45.806  4611  4896 E AutoInstalls: 	at com.android.launcher3.LauncherModel$LoaderTask.loadWorkspace(LauncherModel.java:1967)
12-05 07:49:45.806  4611  4896 E AutoInstalls: 	at com.android.launcher3.LauncherModel$LoaderTask.loadAndBindWorkspace(LauncherModel.java:1558)
12-05 07:49:45.806  4611  4896 E AutoInstalls: 	at com.android.launcher3.LauncherModel$LoaderTask.run(LauncherModel.java:1655)
12-05 07:49:45.806  4611  4896 E AutoInstalls: 	at android.os.Handler.handleCallback(Handler.java:739)
12-05 07:49:45.806  4611  4896 E AutoInstalls: 	at android.os.Handler.dispatchMessage(Handler.java:95)
12-05 07:49:45.806  4611  4896 E AutoInstalls: 	at android.os.Looper.loop(Looper.java:148)
12-05 07:49:45.806  4611  4896 E AutoInstalls: 	at android.os.HandlerThread.run(HandlerThread.java:61)
12-05 07:49:45.809  4611  4896 E AutoInstalls: Unable to add favorite: com.google.android.apps.photos/com.google.android.apps.photos.home.HomeActivity
12-05 07:49:45.809  4611  4896 E AutoInstalls: android.content.pm.PackageManager$NameNotFoundException: ComponentInfo{com.google.android.apps.photos/com.google.android.apps.photos.home.HomeActivity}
12-05 07:49:45.809  4611  4896 E AutoInstalls: 	at android.app.ApplicationPackageManager.getActivityInfo(ApplicationPackageManager.java:343)
12-05 07:49:45.809  4611  4896 E AutoInstalls: 	at com.android.launcher3.AutoInstallsLayout$AppShortcutParser.parseAndAdd(AutoInstallsLayout.java:347)
12-05 07:49:45.809  4611  4896 E AutoInstalls: 	at com.android.launcher3.AutoInstallsLayout$FolderParser.parseAndAdd(AutoInstallsLayout.java:595)
12-05 07:49:45.809  4611  4896 E AutoInstalls: 	at com.android.launcher3.DefaultLayoutParser$MyFolderParser.parseAndAdd(DefaultLayoutParser.java:271)
12-05 07:49:45.809  4611  4896 E AutoInstalls: 	at com.android.launcher3.AutoInstallsLayout.parseAndAddNode(AutoInstallsLayout.java:272)
12-05 07:49:45.809  4611  4896 E AutoInstalls: 	at com.android.launcher3.AutoInstallsLayout.parseLayout(AutoInstallsLayout.java:217)
12-05 07:49:45.809  4611  4896 E AutoInstalls: 	at com.android.launcher3.AutoInstallsLayout.loadLayout(AutoInstallsLayout.java:193)
12-05 07:49:45.809  4611  4896 E AutoInstalls: 	at com.android.launcher3.LauncherProvider$DatabaseHelper.loadFavorites(LauncherProvider.java:1292)
12-05 07:49:45.809  4611  4896 E AutoInstalls: 	at com.android.launcher3.LauncherProvider.loadDefaultFavoritesIfNecessary(LauncherProvider.java:406)
12-05 07:49:45.809  4611  4896 E AutoInstalls: 	at com.android.launcher3.LauncherModel$LoaderTask.loadWorkspace(LauncherModel.java:1967)
12-05 07:49:45.809  4611  4896 E AutoInstalls: 	at com.android.launcher3.LauncherModel$LoaderTask.loadAndBindWorkspace(LauncherModel.java:1558)
12-05 07:49:45.809  4611  4896 E AutoInstalls: 	at com.android.launcher3.LauncherModel$LoaderTask.run(LauncherModel.java:1655)
12-05 07:49:45.809  4611  4896 E AutoInstalls: 	at android.os.Handler.handleCallback(Handler.java:739)
12-05 07:49:45.809  4611  4896 E AutoInstalls: 	at android.os.Handler.dispatchMessage(Handler.java:95)
12-05 07:49:45.809  4611  4896 E AutoInstalls: 	at android.os.Looper.loop(Looper.java:148)
12-05 07:49:45.809  4611  4896 E AutoInstalls: 	at android.os.HandlerThread.run(HandlerThread.java:61)
12-05 07:49:45.815  4611  4896 E AutoInstalls: Unable to add favorite: com.google.android.apps.walletnfcrel/com.google.android.apps.wallet.entrypoint.WalletRootActivity
12-05 07:49:45.815  4611  4896 E AutoInstalls: android.content.pm.PackageManager$NameNotFoundException: ComponentInfo{com.google.android.apps.walletnfcrel/com.google.android.apps.wallet.entrypoint.WalletRootActivity}
12-05 07:49:45.815  4611  4896 E AutoInstalls: 	at android.app.ApplicationPackageManager.getActivityInfo(ApplicationPackageManager.java:343)
12-05 07:49:45.815  4611  4896 E AutoInstalls: 	at com.android.launcher3.AutoInstallsLayout$AppShortcutParser.parseAndAdd(AutoInstallsLayout.java:347)
12-05 07:49:45.815  4611  4896 E AutoInstalls: 	at com.android.launcher3.AutoInstallsLayout$FolderParser.parseAndAdd(AutoInstallsLayout.java:595)
12-05 07:49:45.815  4611  4896 E AutoInstalls: 	at com.android.launcher3.DefaultLayoutParser$MyFolderParser.parseAndAdd(DefaultLayoutParser.java:271)
12-05 07:49:45.815  4611  4896 E AutoInstalls: 	at com.android.launcher3.AutoInstallsLayout.parseAndAddNode(AutoInstallsLayout.java:272)
12-05 07:49:45.815  4611  4896 E AutoInstalls: 	at com.android.launcher3.AutoInstallsLayout.parseLayout(AutoInstallsLayout.java:217)
12-05 07:49:45.815  4611  4896 E AutoInstalls: 	at com.android.launcher3.AutoInstallsLayout.loadLayout(AutoInstallsLayout.java:193)
12-05 07:49:45.815  4611  4896 E AutoInstalls: 	at com.android.launcher3.LauncherProvider$DatabaseHelper.loadFavorites(LauncherProvider.java:1292)
12-05 07:49:45.815  4611  4896 E AutoInstalls: 	at com.android.launcher3.LauncherProvider.loadDefaultFavoritesIfNecessary(LauncherProvider.java:406)
12-05 07:49:45.815  4611  4896 E AutoInstalls: 	at com.android.launcher3.LauncherModel$LoaderTask.loadWorkspace(LauncherModel.java:1967)
12-05 07:49:45.815  4611  4896 E AutoInstalls: 	at com.android.launcher3.LauncherModel$LoaderTask.loadAndBindWorkspace(LauncherModel.java:1558)
12-05 07:49:45.815  4611  4896 E AutoInstalls: 	at com.android.launcher3.LauncherModel$LoaderTask.run(LauncherModel.java:1655)
12-05 07:49:45.815  4611  4896 E AutoInstalls: 	at android.os.Handler.handleCallback(Handler.java:739)
12-05 07:49:45.815  4611  4896 E AutoInstalls: 	at android.os.Handler.dispatchMessage(Handler.java:95)
12-05 07:49:45.815  4611  4896 E AutoInstalls: 	at android.os.Looper.loop(Looper.java:148)
12-05 07:49:45.815  4611  4896 E AutoInstalls: 	at android.os.HandlerThread.run(HandlerThread.java:61)
12-05 07:49:45.817  4611  4896 E AutoInstalls: Unable to add favorite: com.google.android.calendar/com.android.calendar.AllInOneActivity
12-05 07:49:45.817  4611  4896 E AutoInstalls: android.content.pm.PackageManager$NameNotFoundException: ComponentInfo{com.google.android.calendar/com.android.calendar.AllInOneActivity}
12-05 07:49:45.817  4611  4896 E AutoInstalls: 	at android.app.ApplicationPackageManager.getActivityInfo(ApplicationPackageManager.java:343)
12-05 07:49:45.817  4611  4896 E AutoInstalls: 	at com.android.launcher3.AutoInstallsLayout$AppShortcutParser.parseAndAdd(AutoInstallsLayout.java:347)
12-05 07:49:45.817  4611  4896 E AutoInstalls: 	at com.android.launcher3.AutoInstallsLayout$FolderParser.parseAndAdd(AutoInstallsLayout.java:595)
12-05 07:49:45.817  4611  4896 E AutoInstalls: 	at com.android.launcher3.DefaultLayoutParser$MyFolderParser.parseAndAdd(DefaultLayoutParser.java:271)
12-05 07:49:45.817  4611  4896 E AutoInstalls: 	at com.android.launcher3.AutoInstallsLayout.parseAndAddNode(AutoInstallsLayout.java:272)
12-05 07:49:45.817  4611  4896 E AutoInstalls: 	at com.android.launcher3.AutoInstallsLayout.parseLayout(AutoInstallsLayout.java:217)
12-05 07:49:45.817  4611  4896 E AutoInstalls: 	at com.android.launcher3.AutoInstallsLayout.loadLayout(AutoInstallsLayout.java:193)
12-05 07:49:45.817  4611  4896 E AutoInstalls: 	at com.android.launcher3.LauncherProvider$DatabaseHelper.loadFavorites(LauncherProvider.java:1292)
12-05 07:49:45.817  4611  4896 E AutoInstalls: 	at com.android.launcher3.LauncherProvider.loadDefaultFavoritesIfNecessary(LauncherProvider.java:406)
12-05 07:49:45.817  4611  4896 E AutoInstalls: 	at com.android.launcher3.LauncherModel$LoaderTask.loadWorkspace(LauncherModel.java:1967)
12-05 07:49:45.817  4611  4896 E AutoInstalls: 	at com.android.launcher3.LauncherModel$LoaderTask.loadAndBindWorkspace(LauncherModel.java:1558)
12-05 07:49:45.817  4611  4896 E AutoInstalls: 	at com.android.launcher3.LauncherModel$LoaderTask.run(LauncherModel.java:1655)
12-05 07:49:45.817  4611  4896 E AutoInstalls: 	at android.os.Handler.handleCallback(Handler.java:739)
12-05 07:49:45.817  4611  4896 E AutoInstalls: 	at android.os.Handler.dispatchMessage(Handler.java:95)
12-05 07:49:45.817  4611  4896 E AutoInstalls: 	at android.os.Looper.loop(Looper.java:148)
12-05 07:49:45.817  4611  4896 E AutoInstalls: 	at android.os.HandlerThread.run(HandlerThread.java:61)
12-05 07:49:45.820  4611  4896 E AutoInstalls: Unable to add favorite: com.google.android.apps.plus/com.google.android.apps.plus.phone.HomeActivity
12-05 07:49:45.820  4611  4896 E AutoInstalls: android.content.pm.PackageManager$NameNotFoundException: ComponentInfo{com.google.android.apps.plus/com.google.android.apps.plus.phone.HomeActivity}
12-05 07:49:45.820  4611  4896 E AutoInstalls: 	at android.app.ApplicationPackageManager.getActivityInfo(ApplicationPackageManager.java:343)
12-05 07:49:45.820  4611  4896 E AutoInstalls: 	at com.android.launcher3.AutoInstallsLayout$AppShortcutParser.parseAndAdd(AutoInstallsLayout.java:347)
12-05 07:49:45.820  4611  4896 E AutoInstalls: 	at com.android.launcher3.AutoInstallsLayout$FolderParser.parseAndAdd(AutoInstallsLayout.java:595)
12-05 07:49:45.820  4611  4896 E AutoInstalls: 	at com.android.launcher3.DefaultLayoutParser$MyFolderParser.parseAndAdd(DefaultLayoutParser.java:271)
12-05 07:49:45.820  4611  4896 E AutoInstalls: 	at com.android.launcher3.AutoInstallsLayout.parseAndAddNode(AutoInstallsLayout.java:272)
12-05 07:49:45.820  4611  4896 E AutoInstalls: 	at com.android.launcher3.AutoInstallsLayout.parseLayout(AutoInstallsLayout.java:217)
12-05 07:49:45.820  4611  4896 E AutoInstalls: 	at com.android.launcher3.AutoInstallsLayout.loadLayout(AutoInstallsLayout.java:193)
12-05 07:49:45.820  4611  4896 E AutoInstalls: 	at com.android.launcher3.LauncherProvider$DatabaseHelper.loadFavorites(LauncherProvider.java:1292)
12-05 07:49:45.820  4611  4896 E AutoInstalls: 	at com.android.launcher3.LauncherProvider.loadDefaultFavoritesIfNecessary(LauncherProvider.java:406)
12-05 07:49:45.820  4611  4896 E AutoInstalls: 	at com.android.launcher3.LauncherModel$LoaderTask.loadWorkspace(LauncherModel.java:1967)
12-05 07:49:45.820  4611  4896 E AutoInstalls: 	at com.android.launcher3.LauncherModel$LoaderTask.loadAndBindWorkspace(LauncherModel.java:1558)
12-05 07:49:45.820  4611  4896 E AutoInstalls: 	at com.android.launcher3.LauncherModel$LoaderTask.run(LauncherModel.java:1655)
12-05 07:49:45.820  4611  4896 E AutoInstalls: 	at android.os.Handler.handleCallback(Handler.java:739)
12-05 07:49:45.820  4611  4896 E AutoInstalls: 	at android.os.Handler.dispatchMessage(Handler.java:95)
12-05 07:49:45.820  4611  4896 E AutoInstalls: 	at android.os.Looper.loop(Looper.java:148)
12-05 07:49:45.820  4611  4896 E AutoInstalls: 	at android.os.HandlerThread.run(HandlerThread.java:61)
12-05 07:49:45.838  4611  4912 W         : g2d fimg library does not exist
12-05 07:49:45.839  4611  4896 E AutoInstalls: Unable to add favorite: com.google.android.music/com.android.music.activitymanagement.TopLevelActivity
12-05 07:49:45.839  4611  4896 E AutoInstalls: android.content.pm.PackageManager$NameNotFoundException: ComponentInfo{com.google.android.music/com.android.music.activitymanagement.TopLevelActivity}
12-05 07:49:45.839  4611  4896 E AutoInstalls: 	at android.app.ApplicationPackageManager.getActivityInfo(ApplicationPackageManager.java:343)
12-05 07:49:45.839  4611  4896 E AutoInstalls: 	at com.android.launcher3.AutoInstallsLayout$AppShortcutParser.parseAndAdd(AutoInstallsLayout.java:347)
12-05 07:49:45.839  4611  4896 E AutoInstalls: 	at com.android.launcher3.AutoInstallsLayout$FolderParser.parseAndAdd(AutoInstallsLayout.java:595)
12-05 07:49:45.839  4611  4896 E AutoInstalls: 	at com.android.launcher3.DefaultLayoutParser$MyFolderParser.parseAndAdd(DefaultLayoutParser.java:271)
12-05 07:49:45.839  4611  4896 E AutoInstalls: 	at com.android.launcher3.AutoInstallsLayout.parseAndAddNode(AutoInstallsLayout.java:272)
12-05 07:49:45.839  4611  4896 E AutoInstalls: 	at com.android.launcher3.AutoInstallsLayout.parseLayout(AutoInstallsLayout.java:217)
12-05 07:49:45.839  4611  4896 E AutoInstalls: 	at com.android.launcher3.AutoInstallsLayout.loadLayout(AutoInstallsLayout.java:193)
12-05 07:49:45.839  4611  4896 E AutoInstalls: 	at com.android.launcher3.LauncherProvider$DatabaseHelper.loadFavorites(LauncherProvider.java:1292)
12-05 07:49:45.839  4611  4896 E AutoInstalls: 	at com.android.launcher3.LauncherProvider.loadDefaultFavoritesIfNecessary(LauncherProvider.java:406)
12-05 07:49:45.839  4611  4896 E AutoInstalls: 	at com.android.launcher3.LauncherModel$LoaderTask.loadWorkspace(LauncherModel.java:1967)
12-05 07:49:45.839  4611  4896 E AutoInstalls: 	at com.android.launcher3.LauncherModel$LoaderTask.loadAndBindWorkspace(LauncherModel.java:1558)
12-05 07:49:45.839  4611  4896 E AutoInstalls: 	at com.android.launcher3.LauncherModel$LoaderTask.run(LauncherModel.java:1655)
12-05 07:49:45.839  4611  4896 E AutoInstalls: 	at android.os.Handler.handleCallback(Handler.java:739)
12-05 07:49:45.839  4611  4896 E AutoInstalls: 	at android.os.Handler.dispatchMessage(Handler.java:95)
12-05 07:49:45.839  4611  4896 E AutoInstalls: 	at android.os.Looper.loop(Looper.java:148)
12-05 07:49:45.839  4611  4896 E AutoInstalls: 	at android.os.HandlerThread.run(HandlerThread.java:61)
12-05 07:49:45.841  4611  4896 E AutoInstalls: Unable to add favorite: com.google.android.videos/com.google.android.youtube.videos.EntryPoint
12-05 07:49:45.841  4611  4896 E AutoInstalls: android.content.pm.PackageManager$NameNotFoundException: ComponentInfo{com.google.android.videos/com.google.android.youtube.videos.EntryPoint}
12-05 07:49:45.841  4611  4896 E AutoInstalls: 	at android.app.ApplicationPackageManager.getActivityInfo(ApplicationPackageManager.java:343)
12-05 07:49:45.841  4611  4896 E AutoInstalls: 	at com.android.launcher3.AutoInstallsLayout$AppShortcutParser.parseAndAdd(AutoInstallsLayout.java:347)
12-05 07:49:45.841  4611  4896 E AutoInstalls: 	at com.android.launcher3.AutoInstallsLayout$FolderParser.parseAndAdd(AutoInstallsLayout.java:595)
12-05 07:49:45.841  4611  4896 E AutoInstalls: 	at com.android.launcher3.DefaultLayoutParser$MyFolderParser.parseAndAdd(DefaultLayoutParser.java:271)
12-05 07:49:45.841  4611  4896 E AutoInstalls: 	at com.android.launcher3.AutoInstallsLayout.parseAndAddNode(AutoInstallsLayout.java:272)
12-05 07:49:45.841  4611  4896 E AutoInstalls: 	at com.android.launcher3.AutoInstallsLayout.parseLayout(AutoInstallsLayout.java:217)
12-05 07:49:45.841  4611  4896 E AutoInstalls: 	at com.android.launcher3.AutoInstallsLayout.loadLayout(AutoInstallsLayout.java:193)
12-05 07:49:45.841  4611  4896 E AutoInstalls: 	at com.android.launcher3.LauncherProvider$DatabaseHelper.loadFavorites(LauncherProvider.java:1292)
12-05 07:49:45.841  4611  4896 E AutoInstalls: 	at com.android.launcher3.LauncherProvider.loadDefaultFavoritesIfNecessary(LauncherProvider.java:406)
12-05 07:49:45.841  4611  4896 E AutoInstalls: 	at com.android.launcher3.LauncherModel$LoaderTask.loadWorkspace(LauncherModel.java:1967)
12-05 07:49:45.841  4611  4896 E AutoInstalls: 	at com.android.launcher3.LauncherModel$LoaderTask.loadAndBindWorkspace(LauncherModel.java:1558)
12-05 07:49:45.841  4611  4896 E AutoInstalls: 	at com.android.launcher3.LauncherModel$LoaderTask.run(LauncherModel.java:1655)
12-05 07:49:45.841  4611  4896 E AutoInstalls: 	at android.os.Handler.handleCallback(Handler.java:739)
12-05 07:49:45.841  4611  4896 E AutoInstalls: 	at android.os.Handler.dispatchMessage(Handler.java:95)
12-05 07:49:45.841  4611  4896 E AutoInstalls: 	at android.os.Looper.loop(Looper.java:148)
12-05 07:49:45.841  4611  4896 E AutoInstalls: 	at android.os.HandlerThread.run(HandlerThread.java:61)
12-05 07:49:45.843  4611  4896 E AutoInstalls: Unable to add favorite: com.google.android.play.games/com.google.android.gms.games.ui.destination.main.MainActivity
12-05 07:49:45.843  4611  4896 E AutoInstalls: android.content.pm.PackageManager$NameNotFoundException: ComponentInfo{com.google.android.play.games/com.google.android.gms.games.ui.destination.main.MainActivity}
12-05 07:49:45.843  4611  4896 E AutoInstalls: 	at android.app.ApplicationPackageManager.getActivityInfo(ApplicationPackageManager.java:343)
12-05 07:49:45.843  4611  4896 E AutoInstalls: 	at com.android.launcher3.AutoInstallsLayout$AppShortcutParser.parseAndAdd(AutoInstallsLayout.java:347)
12-05 07:49:45.843  4611  4896 E AutoInstalls: 	at com.android.launcher3.AutoInstallsLayout$FolderParser.parseAndAdd(AutoInstallsLayout.java:595)
12-05 07:49:45.843  4611  4896 E AutoInstalls: 	at com.android.launcher3.DefaultLayoutParser$MyFolderParser.parseAndAdd(DefaultLayoutParser.java:271)
12-05 07:49:45.843  4611  4896 E AutoInstalls: 	at com.android.launcher3.AutoInstallsLayout.parseAndAddNode(AutoInstallsLayout.java:272)
12-05 07:49:45.843  4611  4896 E AutoInstalls: 	at com.android.launcher3.AutoInstallsLayout.parseLayout(AutoInstallsLayout.java:217)
12-05 07:49:45.843  4611  4896 E AutoInstalls: 	at com.android.launcher3.AutoInstallsLayout.loadLayout(AutoInstallsLayout.java:193)
12-05 07:49:45.843  4611  4896 E AutoInstalls: 	at com.android.launcher3.LauncherProvider$DatabaseHelper.loadFavorites(LauncherProvider.java:1292)
12-05 07:49:45.843  4611  4896 E AutoInstalls: 	at com.android.launcher3.LauncherProvider.loadDefaultFavoritesIfNecessary(LauncherProvider.java:406)
12-05 07:49:45.843  4611  4896 E AutoInstalls: 	at com.android.launcher3.LauncherModel$LoaderTask.loadWorkspace(LauncherModel.java:1967)
12-05 07:49:45.843  4611  4896 E AutoInstalls: 	at com.android.launcher3.LauncherModel$LoaderTask.loadAndBindWorkspace(LauncherModel.java:1558)
12-05 07:49:45.843  4611  4896 E AutoInstalls: 	at com.android.launcher3.LauncherModel$LoaderTask.run(LauncherModel.java:1655)
12-05 07:49:45.843  4611  4896 E AutoInstalls: 	at android.os.Handler.handleCallback(Handler.java:739)
12-05 07:49:45.843  4611  4896 E AutoInstalls: 	at android.os.Handler.dispatchMessage(Handler.java:95)
12-05 07:49:45.843  4611  4896 E AutoInstalls: 	at android.os.Looper.loop(Looper.java:148)
12-05 07:49:45.843  4611  4896 E AutoInstalls: 	at android.os.HandlerThread.run(HandlerThread.java:61)
12-05 07:49:45.845  4611  4896 E AutoInstalls: Unable to add favorite: com.google.android.apps.books/com.google.android.apps.books.app.BooksActivity
12-05 07:49:45.845  4611  4896 E AutoInstalls: android.content.pm.PackageManager$NameNotFoundException: ComponentInfo{com.google.android.apps.books/com.google.android.apps.books.app.BooksActivity}
12-05 07:49:45.845  4611  4896 E AutoInstalls: 	at android.app.ApplicationPackageManager.getActivityInfo(ApplicationPackageManager.java:343)
12-05 07:49:45.845  4611  4896 E AutoInstalls: 	at com.android.launcher3.AutoInstallsLayout$AppShortcutParser.parseAndAdd(AutoInstallsLayout.java:347)
12-05 07:49:45.845  4611  4896 E AutoInstalls: 	at com.android.launcher3.AutoInstallsLayout$FolderParser.parseAndAdd(AutoInstallsLayout.java:595)
12-05 07:49:45.845  4611  4896 E AutoInstalls: 	at com.android.launcher3.DefaultLayoutParser$MyFolderParser.parseAndAdd(DefaultLayoutParser.java:271)
12-05 07:49:45.845  4611  4896 E AutoInstalls: 	at com.android.launcher3.AutoInstallsLayout.parseAndAddNode(AutoInstallsLayout.java:272)
12-05 07:49:45.845  4611  4896 E AutoInstalls: 	at com.android.launcher3.AutoInstallsLayout.parseLayout(AutoInstallsLayout.java:217)
12-05 07:49:45.845  4611  4896 E AutoInstalls: 	at com.android.launcher3.AutoInstallsLayout.loadLayout(AutoInstallsLayout.java:193)
12-05 07:49:45.845  4611  4896 E AutoInstalls: 	at com.android.launcher3.LauncherProvider$DatabaseHelper.loadFavorites(LauncherProvider.java:1292)
12-05 07:49:45.845  4611  4896 E AutoInstalls: 	at com.android.launcher3.LauncherProvider.loadDefaultFavoritesIfNecessary(LauncherProvider.java:406)
12-05 07:49:45.845  4611  4896 E AutoInstalls: 	at com.android.launcher3.LauncherModel$LoaderTask.loadWorkspace(LauncherModel.java:1967)
12-05 07:49:45.845  4611  4896 E AutoInstalls: 	at com.android.launcher3.LauncherModel$LoaderTask.loadAndBindWorkspace(LauncherModel.java:1558)
12-05 07:49:45.845  4611  4896 E AutoInstalls: 	at com.android.launcher3.LauncherModel$LoaderTask.run(LauncherModel.java:1655)
12-05 07:49:45.845  4611  4896 E AutoInstalls: 	at android.os.Handler.handleCallback(Handler.java:739)
12-05 07:49:45.845  4611  4896 E AutoInstalls: 	at android.os.Handler.dispatchMessage(Handler.java:95)
12-05 07:49:45.845  4611  4896 E AutoInstalls: 	at android.os.Looper.loop(Looper.java:148)
12-05 07:49:45.845  4611  4896 E AutoInstalls: 	at android.os.HandlerThread.run(HandlerThread.java:61)
12-05 07:49:45.848  4611  4896 E AutoInstalls: Unable to add favorite: com.google.android.apps.magazines/com.google.apps.dots.android.app.activity.CurrentsStartActivity
12-05 07:49:45.848  4611  4896 E AutoInstalls: android.content.pm.PackageManager$NameNotFoundException: ComponentInfo{com.google.android.apps.magazines/com.google.apps.dots.android.app.activity.CurrentsStartActivity}
12-05 07:49:45.848  4611  4896 E AutoInstalls: 	at android.app.ApplicationPackageManager.getActivityInfo(ApplicationPackageManager.java:343)
12-05 07:49:45.848  4611  4896 E AutoInstalls: 	at com.android.launcher3.AutoInstallsLayout$AppShortcutParser.parseAndAdd(AutoInstallsLayout.java:347)
12-05 07:49:45.848  4611  4896 E AutoInstalls: 	at com.android.launcher3.AutoInstallsLayout$FolderParser.parseAndAdd(AutoInstallsLayout.java:595)
12-05 07:49:45.848  4611  4896 E AutoInstalls: 	at com.android.launcher3.DefaultLayoutParser$MyFolderParser.parseAndAdd(DefaultLayoutParser.java:271)
