09-01 01:02:53.555  2936  2936 E         : Runtime and build version of gralloc private structure does not match. Errors will likely follow.
09-01 01:02:53.560  2936  2936 D gralloc : fb_post E
09-01 01:02:53.560  2936  2936 D gralloc : fb_post format=0x5
09-01 01:02:53.576  3096  3116 E         : invalid gralloc handle (at 0x7f8c769300)
09-01 01:02:53.576  3096  3116 E         : Runtime and build version of gralloc private structure does not match. Errors will likely follow.
09-01 01:02:53.589  2936  2936 E         : invalid gralloc handle (at 0x7f84ad64d0)
09-01 01:02:53.589  2936  2936 E         : Runtime and build version of gralloc private structure does not match. Errors will likely follow.
09-01 01:02:53.593  2936  2936 D gralloc : fb_post E
09-01 01:02:53.593  2936  2936 D gralloc : fb_post format=0x5
09-01 01:02:53.608  3412  3412 I ActivityManager: choosing minFree values for 64 Bit
09-01 01:02:53.608  3412  3412 I ActivityManager: choosing minFree values for 64 Bit
09-01 01:02:53.608  3412  3412 I ActivityManager: choosing minFree values for 64 Bit
09-01 01:02:53.608  3412  3412 I ActivityManager: choosing minFree values for 64 Bit
09-01 01:02:53.608  3412  3412 I ActivityManager: choosing minFree values for 64 Bit
09-01 01:02:53.608  3412  3412 I ActivityManager: choosing minFree values for 64 Bit
09-01 01:02:53.609  3096  3116 E         : invalid gralloc handle (at 0x7f8c769380)
09-01 01:02:53.609  3096  3116 E         : Runtime and build version of gralloc private structure does not match. Errors will likely follow.
09-01 01:02:53.614  3412  3412 I ActivityManager: Memory class: 288
09-01 01:02:53.615  3412  3472 I ServiceThread: Enabled StrictMode logging for ActivityManager looper.
09-01 01:02:53.620  3412  3473 I ServiceThread: Enabled StrictMode logging for android.ui looper.
09-01 01:02:53.623  2936  2936 E         : invalid gralloc handle (at 0x7f84ad6460)
09-01 01:02:53.623  2936  2936 E         : Runtime and build version of gralloc private structure does not match. Errors will likely follow.
09-01 01:02:53.627  2936  2936 D gralloc : fb_post E
09-01 01:02:53.627  2936  2936 D gralloc : fb_post format=0x5
09-01 01:02:53.642  3096  3116 E         : invalid gralloc handle (at 0x7f8c769300)
09-01 01:02:53.642  3096  3116 E         : Runtime and build version of gralloc private structure does not match. Errors will likely follow.
09-01 01:02:53.657  2936  2936 E         : invalid gralloc handle (at 0x7f84ad63f0)
09-01 01:02:53.657  2936  2936 E         : Runtime and build version of gralloc private structure does not match. Errors will likely follow.
09-01 01:02:53.661  2936  2936 D gralloc : fb_post E
09-01 01:02:53.661  2936  2936 D gralloc : fb_post format=0x5
09-01 01:02:53.675  3096  3116 E         : invalid gralloc handle (at 0x7f8c769380)
09-01 01:02:53.675  3096  3116 E         : Runtime and build version of gralloc private structure does not match. Errors will likely follow.
09-01 01:02:53.687  3412  3412 D BatteryStatsImpl: Reading daily items from /data/system/batterystats-daily.xml
09-01 01:02:53.691  2936  2936 E         : invalid gralloc handle (at 0x7f84ad65b0)
09-01 01:02:53.691  2936  2936 E         : Runtime and build version of gralloc private structure does not match. Errors will likely follow.
09-01 01:02:53.695  2936  2936 D gralloc : fb_post E
09-01 01:02:53.695  2936  2936 D gralloc : fb_post format=0x5
09-01 01:02:53.709  3096  3116 E         : invalid gralloc handle (at 0x7f8c769300)
09-01 01:02:53.709  3096  3116 E         : Runtime and build version of gralloc private structure does not match. Errors will likely follow.
09-01 01:02:53.723  3412  3412 I AppOps  : No existing app ops /data/system/appops.xml; starting empty
09-01 01:02:53.725  2936  2936 E         : invalid gralloc handle (at 0x7f84ad6540)
09-01 01:02:53.725  2936  2936 E         : Runtime and build version of gralloc private structure does not match. Errors will likely follow.
09-01 01:02:53.729  2936  2936 D gralloc : fb_post E
09-01 01:02:53.729  2936  2936 D gralloc : fb_post format=0x5
09-01 01:02:53.742  3096  3116 E         : invalid gralloc handle (at 0x7f8c769380)
09-01 01:02:53.742  3096  3116 E         : Runtime and build version of gralloc private structure does not match. Errors will likely follow.
09-01 01:02:53.759  2936  2936 E         : invalid gralloc handle (at 0x7f84ad64d0)
09-01 01:02:53.759  2936  2936 E         : Runtime and build version of gralloc private structure does not match. Errors will likely follow.
09-01 01:02:53.763  2936  2936 D gralloc : fb_post E
09-01 01:02:53.763  2936  2936 D gralloc : fb_post format=0x5
09-01 01:02:53.776  3096  3116 E         : invalid gralloc handle (at 0x7f8c769300)
09-01 01:02:53.776  3096  3116 E         : Runtime and build version of gralloc private structure does not match. Errors will likely follow.
09-01 01:02:53.791  3412  3412 I IntentFirewall: Read new rules (A:0 B:0 S:0)
09-01 01:02:53.793  2936  2936 E         : invalid gralloc handle (at 0x7f84ad6460)
09-01 01:02:53.793  2936  2936 E         : Runtime and build version of gralloc private structure does not match. Errors will likely follow.
09-01 01:02:53.797  2936  2936 D gralloc : fb_post E
09-01 01:02:53.797  2936  2936 D gralloc : fb_post format=0x5
09-01 01:02:53.809  3096  3116 E         : invalid gralloc handle (at 0x7f8c769380)
09-01 01:02:53.809  3096  3116 E         : Runtime and build version of gralloc private structure does not match. Errors will likely follow.
09-01 01:02:53.812  3412  3477 I ServiceThread: Enabled StrictMode logging for android.display looper.
09-01 01:02:53.818  3412  3412 D AppOps  : AppOpsService published
09-01 01:02:53.818  3412  3412 I SystemServiceManager: Starting com.android.server.power.PowerManagerService
09-01 01:02:53.819  3412  3479 I ServiceThread: Enabled StrictMode logging for PowerManagerService looper.
09-01 01:02:53.824  3412  3412 W libsuspend: Error writing 'on' to /sys/power/state: Invalid argument
09-01 01:02:53.824  3412  3412 I libsuspend: Selected wakeup count
09-01 01:02:53.827  3412  3412 I SystemServiceManager: Starting com.android.server.lights.LightsService
09-01 01:02:53.827  2936  2936 E         : invalid gralloc handle (at 0x7f84ad63f0)
09-01 01:02:53.827  2936  2936 E         : Runtime and build version of gralloc private structure does not match. Errors will likely follow.
09-01 01:02:53.828  3412  3412 I SystemServiceManager: Starting com.android.server.display.DisplayManagerService
09-01 01:02:53.831  2936  2936 D gralloc : fb_post E
09-01 01:02:53.831  2936  2936 D gralloc : fb_post format=0x5
09-01 01:02:53.835  3412  3412 I SystemServiceManager: Starting phase 100
09-01 01:02:53.838  2936  3050 E SurfaceFlinger: getDefaultDisplay: id=2 is not a valid default display id
09-01 01:02:53.839  3412  3477 I DisplayManagerService: Display device added: DisplayDeviceInfo{"Built-in Screen": uniqueId="local:0", 1440 x 2560, modeId 1, defaultModeId 1, supportedModes [{id=1, width=1440, height=2560, fps=59.0}], colorTransformId 1, defaultColorTransformId 1, supportedColorTransforms [{id=1, colorTransform=0}], density 640, 537.8823 x 532.9836 dpi, appVsyncOff 0, presDeadline 17949152, touch INTERNAL, rotation 0, type BUILT_IN, state UNKNOWN, FLAG_DEFAULT_DISPLAY, FLAG_ROTATES_WITH_CONTENT, FLAG_SECURE, FLAG_SUPPORTS_PROTECTED_BUFFERS}
09-01 01:02:53.840  2936  2936 D SurfaceFlinger: Set power mode=2, type=0 flinger=0x7f84ac3c00
09-01 01:02:53.840  2936  2936 D SurfaceFlinger: Screen type=0 is already mode=2
09-01 01:02:53.843  3096  3116 E         : invalid gralloc handle (at 0x7f8c769300)
09-01 01:02:53.843  3096  3116 E         : Runtime and build version of gralloc private structure does not match. Errors will likely follow.
09-01 01:02:53.850  3412  3412 I SystemServer: Package Manager
09-01 01:02:53.850  3412  3477 I DisplayManagerService: Display device changed state: "Built-in Screen", ON
09-01 01:02:53.860  2936  2936 E         : invalid gralloc handle (at 0x7f84ad65b0)
09-01 01:02:53.861  2936  2936 E         : Runtime and build version of gralloc private structure does not match. Errors will likely follow.
09-01 01:02:53.865  2936  2936 D gralloc : fb_post E
09-01 01:02:53.865  2936  2936 D gralloc : fb_post format=0x5
09-01 01:02:53.876  3096  3116 E         : invalid gralloc handle (at 0x7f8c769380)
09-01 01:02:53.876  3096  3116 E         : Runtime and build version of gralloc private structure does not match. Errors will likely follow.
09-01 01:02:53.894  2936  2936 E         : invalid gralloc handle (at 0x7f84ad6540)
09-01 01:02:53.894  2936  2936 E         : Runtime and build version of gralloc private structure does not match. Errors will likely follow.
09-01 01:02:53.898  2936  2936 D gralloc : fb_post E
09-01 01:02:53.898  2936  2936 D gralloc : fb_post format=0x5
09-01 01:02:53.910  3096  3116 E         : invalid gralloc handle (at 0x7f8c769300)
09-01 01:02:53.910  3096  3116 E         : Runtime and build version of gralloc private structure does not match. Errors will likely follow.
09-01 01:02:53.928  2936  2936 E         : invalid gralloc handle (at 0x7f84ad64d0)
09-01 01:02:53.928  2936  2936 E         : Runtime and build version of gralloc private structure does not match. Errors will likely follow.
09-01 01:02:53.932  2936  2936 D gralloc : fb_post E
09-01 01:02:53.932  2936  2936 D gralloc : fb_post format=0x5
09-01 01:02:53.943  3096  3116 E         : invalid gralloc handle (at 0x7f8c769380)
09-01 01:02:53.943  3096  3116 E         : Runtime and build version of gralloc private structure does not match. Errors will likely follow.
09-01 01:02:53.962  2936  2936 E         : invalid gralloc handle (at 0x7f84ad6460)
09-01 01:02:53.962  2936  2936 E         : Runtime and build version of gralloc private structure does not match. Errors will likely follow.
09-01 01:02:53.966  2936  2936 D gralloc : fb_post E
09-01 01:02:53.966  2936  2936 D gralloc : fb_post format=0x5
09-01 01:02:53.977  3096  3116 E         : invalid gralloc handle (at 0x7f8c769300)
09-01 01:02:53.977  3096  3116 E         : Runtime and build version of gralloc private structure does not match. Errors will likely follow.
09-01 01:02:53.996  2936  2936 E         : invalid gralloc handle (at 0x7f84ad63f0)
09-01 01:02:53.996  2936  2936 E         : Runtime and build version of gralloc private structure does not match. Errors will likely follow.
09-01 01:02:54.000  2936  2936 D gralloc : fb_post E
09-01 01:02:54.000  2936  2936 D gralloc : fb_post format=0x5
09-01 01:02:54.010  3096  3116 E         : invalid gralloc handle (at 0x7f8c769380)
09-01 01:02:54.010  3096  3116 E         : Runtime and build version of gralloc private structure does not match. Errors will likely follow.
09-01 01:02:54.013  2936  2936 E         : invalid gralloc handle (at 0x7f84ad65b0)
09-01 01:02:54.013  2936  2936 E         : Runtime and build version of gralloc private structure does not match. Errors will likely follow.
09-01 01:02:54.017  2936  2936 D gralloc : fb_post E
09-01 01:02:54.017  2936  2936 D gralloc : fb_post format=0x5
09-01 01:02:54.041  3412  3412 D SELinuxMMAC: Using policy file /system/etc/security/mac_permissions.xml
09-01 01:02:54.044  3096  3116 E         : invalid gralloc handle (at 0x7f8c769300)
09-01 01:02:54.044  3096  3116 E         : Runtime and build version of gralloc private structure does not match. Errors will likely follow.
09-01 01:02:54.047  2936  2936 E         : invalid gralloc handle (at 0x7f84ad6540)
09-01 01:02:54.047  2936  2936 E         : Runtime and build version of gralloc private structure does not match. Errors will likely follow.
09-01 01:02:54.051  2936  2936 D gralloc : fb_post E
09-01 01:02:54.051  2936  2936 D gralloc : fb_post format=0x5
09-01 01:02:54.077  3096  3116 E         : invalid gralloc handle (at 0x7f8c769380)
09-01 01:02:54.077  3096  3116 E         : Runtime and build version of gralloc private structure does not match. Errors will likely follow.
09-01 01:02:54.081  2936  2936 E         : invalid gralloc handle (at 0x7f84ad64d0)
09-01 01:02:54.081  2936  2936 E         : Runtime and build version of gralloc private structure does not match. Errors will likely follow.
09-01 01:02:54.085  2936  2936 D gralloc : fb_post E
09-01 01:02:54.085  2936  2936 D gralloc : fb_post format=0x5
09-01 01:02:54.110  3096  3116 E         : invalid gralloc handle (at 0x7f8c769300)
09-01 01:02:54.110  3096  3116 E         : Runtime and build version of gralloc private structure does not match. Errors will likely follow.
09-01 01:02:54.115  2936  2936 E         : invalid gralloc handle (at 0x7f84ad6460)
09-01 01:02:54.115  2936  2936 E         : Runtime and build version of gralloc private structure does not match. Errors will likely follow.
09-01 01:02:54.119  2936  2936 D gralloc : fb_post E
09-01 01:02:54.119  2936  2936 D gralloc : fb_post format=0x5
09-01 01:02:54.144  3096  3116 E         : invalid gralloc handle (at 0x7f8c769380)
09-01 01:02:54.144  3096  3116 E         : Runtime and build version of gralloc private structure does not match. Errors will likely follow.
09-01 01:02:54.149  2936  2936 E         : invalid gralloc handle (at 0x7f84ad63f0)
09-01 01:02:54.149  2936  2936 E         : Runtime and build version of gralloc private structure does not match. Errors will likely follow.
09-01 01:02:54.153  2936  2936 D gralloc : fb_post E
09-01 01:02:54.153  2936  2936 D gralloc : fb_post format=0x5
09-01 01:02:54.178  3096  3116 E         : invalid gralloc handle (at 0x7f8c769300)
09-01 01:02:54.178  3096  3116 E         : Runtime and build version of gralloc private structure does not match. Errors will likely follow.
09-01 01:02:54.183  2936  2936 E         : invalid gralloc handle (at 0x7f84ad65b0)
09-01 01:02:54.183  2936  2936 E         : Runtime and build version of gralloc private structure does not match. Errors will likely follow.
09-01 01:02:54.187  2936  2936 D gralloc : fb_post E
09-01 01:02:54.187  2936  2936 D gralloc : fb_post format=0x5
09-01 01:02:54.211  3096  3116 E         : invalid gralloc handle (at 0x7f8c769380)
09-01 01:02:54.211  3096  3116 E         : Runtime and build version of gralloc private structure does not match. Errors will likely follow.
09-01 01:02:54.216  2936  2936 E         : invalid gralloc handle (at 0x7f84ad6540)
09-01 01:02:54.216  2936  2936 E         : Runtime and build version of gralloc private structure does not match. Errors will likely follow.
09-01 01:02:54.220  2936  2936 D gralloc : fb_post E
09-01 01:02:54.220  2936  2936 D gralloc : fb_post format=0x5
09-01 01:02:54.245  3096  3116 E         : invalid gralloc handle (at 0x7f8c769300)
09-01 01:02:54.245  3096  3116 E         : Runtime and build version of gralloc private structure does not match. Errors will likely follow.
09-01 01:02:54.250  2936  2936 E         : invalid gralloc handle (at 0x7f84ad64d0)
09-01 01:02:54.250  2936  2936 E         : Runtime and build version of gralloc private structure does not match. Errors will likely follow.
09-01 01:02:54.254  2936  2936 D gralloc : fb_post E
09-01 01:02:54.254  2936  2936 D gralloc : fb_post format=0x5
09-01 01:02:54.278  3096  3116 E         : invalid gralloc handle (at 0x7f8c769380)
09-01 01:02:54.278  3096  3116 E         : Runtime and build version of gralloc private structure does not match. Errors will likely follow.
09-01 01:02:54.284  2936  2936 E         : invalid gralloc handle (at 0x7f84ad6460)
09-01 01:02:54.284  2936  2936 E         : Runtime and build version of gralloc private structure does not match. Errors will likely follow.
09-01 01:02:54.288  2936  2936 D gralloc : fb_post E
09-01 01:02:54.288  2936  2936 D gralloc : fb_post format=0x5
09-01 01:02:54.311  3096  3116 E         : invalid gralloc handle (at 0x7f8c769300)
09-01 01:02:54.311  3096  3116 E         : Runtime and build version of gralloc private structure does not match. Errors will likely follow.
09-01 01:02:54.318  2936  2936 E         : invalid gralloc handle (at 0x7f84ad63f0)
09-01 01:02:54.318  2936  2936 E         : Runtime and build version of gralloc private structure does not match. Errors will likely follow.
09-01 01:02:54.322  2936  2936 D gralloc : fb_post E
09-01 01:02:54.322  2936  2936 D gralloc : fb_post format=0x5
09-01 01:02:54.345  3096  3116 E         : invalid gralloc handle (at 0x7f8c769380)
09-01 01:02:54.345  3096  3116 E         : Runtime and build version of gralloc private structure does not match. Errors will likely follow.
09-01 01:02:54.352  2936  2936 E         : invalid gralloc handle (at 0x7f84ad65b0)
09-01 01:02:54.352  2936  2936 E         : Runtime and build version of gralloc private structure does not match. Errors will likely follow.
09-01 01:02:54.356  2936  2936 D gralloc : fb_post E
09-01 01:02:54.356  2936  2936 D gralloc : fb_post format=0x5
09-01 01:02:54.379  3096  3116 E         : invalid gralloc handle (at 0x7f8c769300)
09-01 01:02:54.379  3096  3116 E         : Runtime and build version of gralloc private structure does not match. Errors will likely follow.
09-01 01:02:54.386  2936  2936 E         : invalid gralloc handle (at 0x7f84ad6540)
09-01 01:02:54.386  2936  2936 E         : Runtime and build version of gralloc private structure does not match. Errors will likely follow.
09-01 01:02:54.390  2936  2936 D gralloc : fb_post E
09-01 01:02:54.390  2936  2936 D gralloc : fb_post format=0x5
09-01 01:02:54.412  3096  3116 E         : invalid gralloc handle (at 0x7f8c769380)
09-01 01:02:54.412  3096  3116 E         : Runtime and build version of gralloc private structure does not match. Errors will likely follow.
09-01 01:02:54.420  2936  2936 E         : invalid gralloc handle (at 0x7f84ad64d0)
09-01 01:02:54.420  2936  2936 E         : Runtime and build version of gralloc private structure does not match. Errors will likely follow.
09-01 01:02:54.424  2936  2936 D gralloc : fb_post E
09-01 01:02:54.424  2936  2936 D gralloc : fb_post format=0x5
09-01 01:02:54.446  3096  3116 E         : invalid gralloc handle (at 0x7f8c769300)
09-01 01:02:54.446  3096  3116 E         : Runtime and build version of gralloc private structure does not match. Errors will likely follow.
09-01 01:02:54.454  2936  2936 E         : invalid gralloc handle (at 0x7f84ad6460)
09-01 01:02:54.454  2936  2936 E         : Runtime and build version of gralloc private structure does not match. Errors will likely follow.
09-01 01:02:54.458  2936  2936 D gralloc : fb_post E
09-01 01:02:54.458  2936  2936 D gralloc : fb_post format=0x5
09-01 01:02:54.479  3096  3116 E         : invalid gralloc handle (at 0x7f8c769380)
09-01 01:02:54.479  3096  3116 E         : Runtime and build version of gralloc private structure does not match. Errors will likely follow.
09-01 01:02:54.488  2936  2936 E         : invalid gralloc handle (at 0x7f84ad63f0)
09-01 01:02:54.488  2936  2936 E         : Runtime and build version of gralloc private structure does not match. Errors will likely follow.
09-01 01:02:54.492  2936  2936 D gralloc : fb_post E
09-01 01:02:54.492  2936  2936 D gralloc : fb_post format=0x5
09-01 01:02:54.513  3096  3116 E         : invalid gralloc handle (at 0x7f8c769300)
09-01 01:02:54.513  3096  3116 E         : Runtime and build version of gralloc private structure does not match. Errors will likely follow.
09-01 01:02:54.521  2936  2936 E         : invalid gralloc handle (at 0x7f84ad65b0)
09-01 01:02:54.521  2936  2936 E         : Runtime and build version of gralloc private structure does not match. Errors will likely follow.
09-01 01:02:54.525  2936  2936 D gralloc : fb_post E
09-01 01:02:54.525  2936  2936 D gralloc : fb_post format=0x5
09-01 01:02:54.546  3096  3116 E         : invalid gralloc handle (at 0x7f8c769380)
09-01 01:02:54.546  3096  3116 E         : Runtime and build version of gralloc private structure does not match. Errors will likely follow.
09-01 01:02:54.555  2936  2936 E         : invalid gralloc handle (at 0x7f84ad6540)
09-01 01:02:54.555  2936  2936 E         : Runtime and build version of gralloc private structure does not match. Errors will likely follow.
09-01 01:02:54.559  2936  2936 D gralloc : fb_post E
09-01 01:02:54.560  2936  2936 D gralloc : fb_post format=0x5
09-01 01:02:54.580  3096  3116 E         : invalid gralloc handle (at 0x7f8c769300)
09-01 01:02:54.580  3096  3116 E         : Runtime and build version of gralloc private structure does not match. Errors will likely follow.
09-01 01:02:54.589  2936  2936 E         : invalid gralloc handle (at 0x7f84ad64d0)
09-01 01:02:54.589  2936  2936 E         : Runtime and build version of gralloc private structure does not match. Errors will likely follow.
09-01 01:02:54.593  2936  2936 D gralloc : fb_post E
09-01 01:02:54.593  2936  2936 D gralloc : fb_post format=0x5
09-01 01:02:54.613  3096  3116 E         : invalid gralloc handle (at 0x7f8c769380)
09-01 01:02:54.613  3096  3116 E         : Runtime and build version of gralloc private structure does not match. Errors will likely follow.
09-01 01:02:54.623  2936  2936 E         : invalid gralloc handle (at 0x7f84ad6460)
09-01 01:02:54.623  2936  2936 E         : Runtime and build version of gralloc private structure does not match. Errors will likely follow.
09-01 01:02:54.627  2936  2936 D gralloc : fb_post E
09-01 01:02:54.627  2936  2936 D gralloc : fb_post format=0x5
09-01 01:02:54.647  3096  3116 E         : invalid gralloc handle (at 0x7f8c769300)
09-01 01:02:54.647  3096  3116 E         : Runtime and build version of gralloc private structure does not match. Errors will likely follow.
09-01 01:02:54.657  2936  2936 E         : invalid gralloc handle (at 0x7f84ad63f0)
09-01 01:02:54.657  2936  2936 E         : Runtime and build version of gralloc private structure does not match. Errors will likely follow.
09-01 01:02:54.661  2936  2936 D gralloc : fb_post E
09-01 01:02:54.661  2936  2936 D gralloc : fb_post format=0x5
09-01 01:02:54.680  3096  3116 E         : invalid gralloc handle (at 0x7f8c769380)
09-01 01:02:54.680  3096  3116 E         : Runtime and build version of gralloc private structure does not match. Errors will likely follow.
09-01 01:02:54.691  2936  2936 E         : invalid gralloc handle (at 0x7f84ad65b0)
09-01 01:02:54.691  2936  2936 E         : Runtime and build version of gralloc private structure does not match. Errors will likely follow.
09-01 01:02:54.695  2936  2936 D gralloc : fb_post E
09-01 01:02:54.695  2936  2936 D gralloc : fb_post format=0x5
09-01 01:02:54.714  3096  3116 E         : invalid gralloc handle (at 0x7f8c769300)
09-01 01:02:54.714  3096  3116 E         : Runtime and build version of gralloc private structure does not match. Errors will likely follow.
09-01 01:02:54.725  2936  2936 E         : invalid gralloc handle (at 0x7f84ad6540)
09-01 01:02:54.725  2936  2936 E         : Runtime and build version of gralloc private structure does not match. Errors will likely follow.
09-01 01:02:54.729  2936  2936 D gralloc : fb_post E
09-01 01:02:54.729  2936  2936 D gralloc : fb_post format=0x5
09-01 01:02:54.747  3096  3116 E         : invalid gralloc handle (at 0x7f8c769380)
09-01 01:02:54.747  3096  3116 E         : Runtime and build version of gralloc private structure does not match. Errors will likely follow.
09-01 01:02:54.759  2936  2936 E         : invalid gralloc handle (at 0x7f84ad64d0)
09-01 01:02:54.759  2936  2936 E         : Runtime and build version of gralloc private structure does not match. Errors will likely follow.
09-01 01:02:54.763  2936  2936 D gralloc : fb_post E
09-01 01:02:54.763  2936  2936 D gralloc : fb_post format=0x5
09-01 01:02:54.780  3096  3116 E         : invalid gralloc handle (at 0x7f8c769300)
09-01 01:02:54.780  3096  3116 E         : Runtime and build version of gralloc private structure does not match. Errors will likely follow.
09-01 01:02:54.793  2936  2936 E         : invalid gralloc handle (at 0x7f84ad6460)
09-01 01:02:54.793  2936  2936 E         : Runtime and build version of gralloc private structure does not match. Errors will likely follow.
09-01 01:02:54.797  2936  2936 D gralloc : fb_post E
09-01 01:02:54.797  2936  2936 D gralloc : fb_post format=0x5
09-01 01:02:54.814  3096  3116 E         : invalid gralloc handle (at 0x7f8c769380)
09-01 01:02:54.814  3096  3116 E         : Runtime and build version of gralloc private structure does not match. Errors will likely follow.
09-01 01:02:54.827  2936  2936 E         : invalid gralloc handle (at 0x7f84ad63f0)
09-01 01:02:54.827  2936  2936 E         : Runtime and build version of gralloc private structure does not match. Errors will likely follow.
09-01 01:02:54.831  2936  2936 D gralloc : fb_post E
09-01 01:02:54.831  2936  2936 D gralloc : fb_post format=0x5
09-01 01:02:54.845  3412  3412 E art     : DexFile_getDexOptNeeded file '/system/framework/org.apache.http.legacy.jar' does not exist
09-01 01:02:54.845  3412  3412 W PackageManager: Library not found: /system/framework/org.apache.http.legacy.jar
09-01 01:02:54.845  3412  3412 E art     : DexFile_getDexOptNeeded file '/system/framework/com.android.nfc_extras.jar' does not exist
09-01 01:02:54.845  3412  3412 W PackageManager: Library not found: /system/framework/com.android.nfc_extras.jar
09-01 01:02:54.848  3096  3116 E         : invalid gralloc handle (at 0x7f8c769300)
09-01 01:02:54.848  3096  3116 E         : Runtime and build version of gralloc private structure does not match. Errors will likely follow.
09-01 01:02:54.860  2936  2936 E         : invalid gralloc handle (at 0x7f84ad65b0)
09-01 01:02:54.861  2936  2936 E         : Runtime and build version of gralloc private structure does not match. Errors will likely follow.
09-01 01:02:54.862  3484  3484 I dex2oat : /system/bin/dex2oat --compiler-filter=verify-at-runtime
09-01 01:02:54.865  2936  2936 D gralloc : fb_post E
09-01 01:02:54.865  2936  2936 D gralloc : fb_post format=0x5
09-01 01:02:54.881  3096  3116 E         : invalid gralloc handle (at 0x7f8c769380)
09-01 01:02:54.881  3096  3116 E         : Runtime and build version of gralloc private structure does not match. Errors will likely follow.
09-01 01:02:54.884  3484  3484 I dex2oat : dex2oat took 22.237ms (threads: 8) arena alloc=1400B java alloc=140KB native alloc=1437KB free=1378KB
09-01 01:02:54.894  2936  2936 E         : invalid gralloc handle (at 0x7f84ad6540)
09-01 01:02:54.894  2936  2936 E         : Runtime and build version of gralloc private structure does not match. Errors will likely follow.
09-01 01:02:54.898  2936  2936 D gralloc : fb_post E
09-01 01:02:54.898  2936  2936 D gralloc : fb_post format=0x5
09-01 01:02:54.902  3493  3493 I dex2oat : /system/bin/dex2oat --compiler-filter=verify-at-runtime
09-01 01:02:54.915  3096  3116 E         : invalid gralloc handle (at 0x7f8c769300)
09-01 01:02:54.915  3096  3116 E         : Runtime and build version of gralloc private structure does not match. Errors will likely follow.
09-01 01:02:54.920  3493  3493 I dex2oat : dex2oat took 17.979ms (threads: 8) arena alloc=0B java alloc=23KB native alloc=814KB free=721KB
09-01 01:02:54.928  2936  2936 E         : invalid gralloc handle (at 0x7f84ad64d0)
09-01 01:02:54.928  2936  2936 E         : Runtime and build version of gralloc private structure does not match. Errors will likely follow.
09-01 01:02:54.932  2936  2936 D gralloc : fb_post E
09-01 01:02:54.932  2936  2936 D gralloc : fb_post format=0x5
09-01 01:02:54.938  3502  3502 I dex2oat : /system/bin/dex2oat --compiler-filter=verify-at-runtime
09-01 01:02:54.948  3096  3116 E         : invalid gralloc handle (at 0x7f8c769380)
09-01 01:02:54.948  3096  3116 E         : Runtime and build version of gralloc private structure does not match. Errors will likely follow.
09-01 01:02:54.958  3502  3502 I dex2oat : dex2oat took 20.526ms (threads: 8) arena alloc=0B java alloc=95KB native alloc=784KB free=1007KB
09-01 01:02:54.962  2936  2936 E         : invalid gralloc handle (at 0x7f84ad6460)
09-01 01:02:54.962  2936  2936 E         : Runtime and build version of gralloc private structure does not match. Errors will likely follow.
09-01 01:02:54.966  2936  2936 D gralloc : fb_post E
09-01 01:02:54.966  2936  2936 D gralloc : fb_post format=0x5
09-01 01:02:54.977  3511  3511 I dex2oat : /system/bin/dex2oat --compiler-filter=verify-at-runtime
09-01 01:02:54.981  3096  3116 E         : invalid gralloc handle (at 0x7f8c769300)
09-01 01:02:54.981  3096  3116 E         : Runtime and build version of gralloc private structure does not match. Errors will likely follow.
09-01 01:02:54.996  2936  2936 E         : invalid gralloc handle (at 0x7f84ad63f0)
09-01 01:02:54.996  2936  2936 E         : Runtime and build version of gralloc private structure does not match. Errors will likely follow.
09-01 01:02:55.000  2936  2936 D gralloc : fb_post E
09-01 01:02:55.000  2936  2936 D gralloc : fb_post format=0x5
09-01 01:02:55.006  3511  3511 I dex2oat : dex2oat took 29.749ms (threads: 8) arena alloc=0B java alloc=319KB native alloc=606KB free=1953KB
09-01 01:02:55.009  3412  3412 E art     : DexFile_getDexOptNeeded file '/system/framework/org.apache.http.legacy.jar' does not exist
09-01 01:02:55.009  3412  3412 W PackageManager: Library not found: /system/framework/org.apache.http.legacy.jar
09-01 01:02:55.009  3412  3412 E art     : DexFile_getDexOptNeeded file '/system/framework/com.android.nfc_extras.jar' does not exist
09-01 01:02:55.009  3412  3412 W PackageManager: Library not found: /system/framework/com.android.nfc_extras.jar
09-01 01:02:55.015  3096  3116 E         : invalid gralloc handle (at 0x7f8c769380)
09-01 01:02:55.015  3096  3116 E         : Runtime and build version of gralloc private structure does not match. Errors will likely follow.
09-01 01:02:55.025  3520  3520 I dex2oat : /system/bin/dex2oat --compiler-filter=verify-at-runtime
09-01 01:02:55.030  2936  2936 E         : invalid gralloc handle (at 0x7f84ad65b0)
09-01 01:02:55.030  2936  2936 E         : Runtime and build version of gralloc private structure does not match. Errors will likely follow.
09-01 01:02:55.034  2936  2936 D gralloc : fb_post E
09-01 01:02:55.034  2936  2936 D gralloc : fb_post format=0x5
09-01 01:02:55.044  3520  3520 I dex2oat : dex2oat took 19.468ms (threads: 8) arena alloc=608B java alloc=37KB native alloc=912KB free=879KB
09-01 01:02:55.049  3096  3116 E         : invalid gralloc handle (at 0x7f8c769300)
09-01 01:02:55.049  3096  3116 E         : Runtime and build version of gralloc private structure does not match. Errors will likely follow.
09-01 01:02:55.062  3529  3529 I dex2oat : /system/bin/dex2oat --compiler-filter=verify-at-runtime
09-01 01:02:55.064  2936  2936 E         : invalid gralloc handle (at 0x7f84ad6540)
09-01 01:02:55.064  2936  2936 E         : Runtime and build version of gralloc private structure does not match. Errors will likely follow.
09-01 01:02:55.068  2936  2936 D gralloc : fb_post E
09-01 01:02:55.068  2936  2936 D gralloc : fb_post format=0x5
09-01 01:02:55.080  3529  3529 I dex2oat : dex2oat took 18.014ms (threads: 8) arena alloc=0B java alloc=31KB native alloc=791KB free=1000KB
09-01 01:02:55.082  3096  3116 E         : invalid gralloc handle (at 0x7f8c769380)
09-01 01:02:55.082  3096  3116 E         : Runtime and build version of gralloc private structure does not match. Errors will likely follow.
09-01 01:02:55.098  2936  2936 E         : invalid gralloc handle (at 0x7f84ad64d0)
09-01 01:02:55.098  2936  2936 E         : Runtime and build version of gralloc private structure does not match. Errors will likely follow.
09-01 01:02:55.102  2936  2936 D gralloc : fb_post E
09-01 01:02:55.102  2936  2936 D gralloc : fb_post format=0x5
09-01 01:02:55.115  3096  3116 E         : invalid gralloc handle (at 0x7f8c769300)
09-01 01:02:55.115  3096  3116 E         : Runtime and build version of gralloc private structure does not match. Errors will likely follow.
09-01 01:02:55.120  3538  3538 I dex2oat : /system/bin/dex2oat --compiler-filter=verify-at-runtime
09-01 01:02:55.132  2936  2936 E         : invalid gralloc handle (at 0x7f84ad6460)
09-01 01:02:55.132  2936  2936 E         : Runtime and build version of gralloc private structure does not match. Errors will likely follow.
09-01 01:02:55.136  2936  2936 D gralloc : fb_post E
09-01 01:02:55.136  2936  2936 D gralloc : fb_post format=0x5
09-01 01:02:55.140  3538  3538 I dex2oat : dex2oat took 19.838ms (threads: 8) arena alloc=608B java alloc=70KB native alloc=941KB free=1106KB
09-01 01:02:55.149  3096  3116 E         : invalid gralloc handle (at 0x7f8c769380)
09-01 01:02:55.149  3096  3116 E         : Runtime and build version of gralloc private structure does not match. Errors will likely follow.
09-01 01:02:55.158  3547  3547 I dex2oat : /system/bin/dex2oat --compiler-filter=verify-at-runtime
09-01 01:02:55.166  2936  2936 E         : invalid gralloc handle (at 0x7f84ad63f0)
09-01 01:02:55.166  2936  2936 E         : Runtime and build version of gralloc private structure does not match. Errors will likely follow.
09-01 01:02:55.170  2936  2936 D gralloc : fb_post E
09-01 01:02:55.170  2936  2936 D gralloc : fb_post format=0x5
09-01 01:02:55.177  3547  3547 I dex2oat : dex2oat took 19.197ms (threads: 8) arena alloc=0B java alloc=19KB native alloc=784KB free=751KB
09-01 01:02:55.182  3096  3116 E         : invalid gralloc handle (at 0x7f8c769300)
09-01 01:02:55.182  3096  3116 E         : Runtime and build version of gralloc private structure does not match. Errors will likely follow.
09-01 01:02:55.194  3556  3556 I dex2oat : /system/bin/dex2oat --compiler-filter=verify-at-runtime
09-01 01:02:55.199  2936  2936 E         : invalid gralloc handle (at 0x7f84ad65b0)
09-01 01:02:55.200  2936  2936 E         : Runtime and build version of gralloc private structure does not match. Errors will likely follow.
09-01 01:02:55.203  2936  2936 D gralloc : fb_post E
09-01 01:02:55.203  2936  2936 D gralloc : fb_post format=0x5
09-01 01:02:55.213  3556  3556 I dex2oat : dex2oat took 18.567ms (threads: 8) arena alloc=0B java alloc=40KB native alloc=819KB free=716KB
09-01 01:02:55.216  3096  3116 E         : invalid gralloc handle (at 0x7f8c769380)
09-01 01:02:55.216  3096  3116 E         : Runtime and build version of gralloc private structure does not match. Errors will likely follow.
09-01 01:02:55.230  3565  3565 I dex2oat : /system/bin/dex2oat --compiler-filter=verify-at-runtime
09-01 01:02:55.233  2936  2936 E         : invalid gralloc handle (at 0x7f84ad6540)
09-01 01:02:55.233  2936  2936 E         : Runtime and build version of gralloc private structure does not match. Errors will likely follow.
09-01 01:02:55.237  2936  2936 D gralloc : fb_post E
09-01 01:02:55.238  2936  2936 D gralloc : fb_post format=0x5
09-01 01:02:55.246  3565  3565 I dex2oat : dex2oat took 15.879ms (threads: 8) arena alloc=432B java alloc=33KB native alloc=912KB free=879KB
09-01 01:02:55.249  3096  3116 E         : invalid gralloc handle (at 0x7f8c769300)
09-01 01:02:55.249  3096  3116 E         : Runtime and build version of gralloc private structure does not match. Errors will likely follow.
09-01 01:02:55.264  3574  3574 I dex2oat : /system/bin/dex2oat --compiler-filter=verify-at-runtime
09-01 01:02:55.267  2936  2936 E         : invalid gralloc handle (at 0x7f84ad64d0)
09-01 01:02:55.267  2936  2936 E         : Runtime and build version of gralloc private structure does not match. Errors will likely follow.
09-01 01:02:55.271  2936  2936 D gralloc : fb_post E
09-01 01:02:55.271  2936  2936 D gralloc : fb_post format=0x5
09-01 01:02:55.279  3574  3574 I dex2oat : dex2oat took 15.594ms (threads: 8) arena alloc=0B java alloc=25KB native alloc=813KB free=722KB
09-01 01:02:55.283  3096  3116 E         : invalid gralloc handle (at 0x7f8c769380)
09-01 01:02:55.283  3096  3116 E         : Runtime and build version of gralloc private structure does not match. Errors will likely follow.
09-01 01:02:55.297  3583  3583 I dex2oat : /system/bin/dex2oat --compiler-filter=verify-at-runtime
09-01 01:02:55.301  2936  2936 E         : invalid gralloc handle (at 0x7f84ad6460)
09-01 01:02:55.301  2936  2936 E         : Runtime and build version of gralloc private structure does not match. Errors will likely follow.
09-01 01:02:55.305  2936  2936 D gralloc : fb_post E
09-01 01:02:55.305  2936  2936 D gralloc : fb_post format=0x5
09-01 01:02:55.316  3096  3116 E         : invalid gralloc handle (at 0x7f8c769300)
09-01 01:02:55.316  3096  3116 E         : Runtime and build version of gralloc private structure does not match. Errors will likely follow.
09-01 01:02:55.316  3583  3583 I dex2oat : dex2oat took 19.255ms (threads: 8) arena alloc=0B java alloc=61KB native alloc=784KB free=1007KB
09-01 01:02:55.335  3592  3592 I dex2oat : /system/bin/dex2oat --compiler-filter=verify-at-runtime
09-01 01:02:55.335  2936  2936 E         : invalid gralloc handle (at 0x7f84ad63f0)
09-01 01:02:55.335  2936  2936 E         : Runtime and build version of gralloc private structure does not match. Errors will likely follow.
09-01 01:02:55.339  2936  2936 D gralloc : fb_post E
09-01 01:02:55.339  2936  2936 D gralloc : fb_post format=0x5
09-01 01:02:55.350  3096  3116 E         : invalid gralloc handle (at 0x7f8c769380)
09-01 01:02:55.350  3096  3116 E         : Runtime and build version of gralloc private structure does not match. Errors will likely follow.
09-01 01:02:55.352  2936  2936 E         : invalid gralloc handle (at 0x7f84ad65b0)
09-01 01:02:55.352  2936  2936 E         : Runtime and build version of gralloc private structure does not match. Errors will likely follow.
09-01 01:02:55.354  3592  3592 I dex2oat : dex2oat took 19.508ms (threads: 8) arena alloc=0B java alloc=22KB native alloc=818KB free=717KB
09-01 01:02:55.356  2936  2936 D gralloc : fb_post E
09-01 01:02:55.356  2936  2936 D gralloc : fb_post format=0x5
09-01 01:02:55.372  3601  3601 I dex2oat : /system/bin/dex2oat --compiler-filter=verify-at-runtime
09-01 01:02:55.383  3096  3116 E         : invalid gralloc handle (at 0x7f8c769300)
09-01 01:02:55.383  3096  3116 E         : Runtime and build version of gralloc private structure does not match. Errors will likely follow.
09-01 01:02:55.386  2936  2936 E         : invalid gralloc handle (at 0x7f84ad6540)
09-01 01:02:55.386  2936  2936 E         : Runtime and build version of gralloc private structure does not match. Errors will likely follow.
09-01 01:02:55.390  2936  2936 D gralloc : fb_post E
09-01 01:02:55.390  2936  2936 D gralloc : fb_post format=0x5
09-01 01:02:55.390  3601  3601 I dex2oat : dex2oat took 18.830ms (threads: 8) arena alloc=0B java alloc=41KB native alloc=864KB free=927KB
09-01 01:02:55.408  3610  3610 I dex2oat : /system/bin/dex2oat --compiler-filter=verify-at-runtime
09-01 01:02:55.416  3096  3116 E         : invalid gralloc handle (at 0x7f8c769380)
09-01 01:02:55.416  3096  3116 E         : Runtime and build version of gralloc private structure does not match. Errors will likely follow.
09-01 01:02:55.420  2936  2936 E         : invalid gralloc handle (at 0x7f84ad64d0)
09-01 01:02:55.420  2936  2936 E         : Runtime and build version of gralloc private structure does not match. Errors will likely follow.
09-01 01:02:55.424  2936  2936 D gralloc : fb_post E
09-01 01:02:55.424  2936  2936 D gralloc : fb_post format=0x5
09-01 01:02:55.426  3610  3610 I dex2oat : dex2oat took 18.206ms (threads: 8) arena alloc=0B java alloc=25KB native alloc=818KB free=717KB
09-01 01:02:55.444  3619  3619 I dex2oat : /system/bin/dex2oat --compiler-filter=verify-at-runtime
09-01 01:02:55.450  3096  3116 E         : invalid gralloc handle (at 0x7f8c769300)
09-01 01:02:55.450  3096  3116 E         : Runtime and build version of gralloc private structure does not match. Errors will likely follow.
09-01 01:02:55.454  2936  2936 E         : invalid gralloc handle (at 0x7f84ad6460)
09-01 01:02:55.454  2936  2936 E         : Runtime and build version of gralloc private structure does not match. Errors will likely follow.
09-01 01:02:55.458  2936  2936 D gralloc : fb_post E
09-01 01:02:55.458  2936  2936 D gralloc : fb_post format=0x5
09-01 01:02:55.463  3619  3619 I dex2oat : dex2oat took 19.593ms (threads: 8) arena alloc=0B java alloc=24KB native alloc=784KB free=751KB
09-01 01:02:55.481  3628  3628 I dex2oat : /system/bin/dex2oat --compiler-filter=verify-at-runtime
09-01 01:02:55.483  3096  3116 E         : invalid gralloc handle (at 0x7f8c769380)
09-01 01:02:55.483  3096  3116 E         : Runtime and build version of gralloc private structure does not match. Errors will likely follow.
09-01 01:02:55.488  2936  2936 E         : invalid gralloc handle (at 0x7f84ad63f0)
09-01 01:02:55.488  2936  2936 E         : Runtime and build version of gralloc private structure does not match. Errors will likely follow.
09-01 01:02:55.492  2936  2936 D gralloc : fb_post E
09-01 01:02:55.492  2936  2936 D gralloc : fb_post format=0x5
09-01 01:02:55.500  3628  3628 I dex2oat : dex2oat took 19.172ms (threads: 8) arena alloc=1200B java alloc=33KB native alloc=972KB free=1075KB
09-01 01:02:55.517  3096  3116 E         : invalid gralloc handle (at 0x7f8c769300)
09-01 01:02:55.517  3096  3116 E         : Runtime and build version of gralloc private structure does not match. Errors will likely follow.
09-01 01:02:55.518  3637  3637 I dex2oat : /system/bin/dex2oat --compiler-filter=verify-at-runtime
09-01 01:02:55.521  2936  2936 E         : invalid gralloc handle (at 0x7f84ad65b0)
09-01 01:02:55.521  2936  2936 E         : Runtime and build version of gralloc private structure does not match. Errors will likely follow.
09-01 01:02:55.525  2936  2936 D gralloc : fb_post E
09-01 01:02:55.526  2936  2936 D gralloc : fb_post format=0x5
09-01 01:02:55.543  3637  3637 I dex2oat : dex2oat took 24.730ms (threads: 8) arena alloc=608B java alloc=201KB native alloc=968KB free=1079KB
09-01 01:02:55.550  3096  3116 E         : invalid gralloc handle (at 0x7f8c769380)
09-01 01:02:55.550  3096  3116 E         : Runtime and build version of gralloc private structure does not match. Errors will likely follow.
09-01 01:02:55.555  2936  2936 E         : invalid gralloc handle (at 0x7f84ad6540)
09-01 01:02:55.555  2936  2936 E         : Runtime and build version of gralloc private structure does not match. Errors will likely follow.
09-01 01:02:55.559  2936  2936 D gralloc : fb_post E
09-01 01:02:55.559  2936  2936 D gralloc : fb_post format=0x5
09-01 01:02:55.561  3646  3646 I dex2oat : /system/bin/dex2oat --compiler-filter=verify-at-runtime
09-01 01:02:55.582  3646  3646 I dex2oat : dex2oat took 20.560ms (threads: 8) arena alloc=144B java alloc=76KB native alloc=937KB free=1110KB
09-01 01:02:55.584  3096  3116 E         : invalid gralloc handle (at 0x7f8c769300)
09-01 01:02:55.584  3096  3116 E         : Runtime and build version of gralloc private structure does not match. Errors will likely follow.
09-01 01:02:55.589  2936  2936 E         : invalid gralloc handle (at 0x7f84ad64d0)
09-01 01:02:55.589  2936  2936 E         : Runtime and build version of gralloc private structure does not match. Errors will likely follow.
09-01 01:02:55.593  2936  2936 D gralloc : fb_post E
09-01 01:02:55.593  2936  2936 D gralloc : fb_post format=0x5
09-01 01:02:55.600  3655  3655 I dex2oat : /system/bin/dex2oat --compiler-filter=verify-at-runtime
09-01 01:02:55.617  3096  3116 E         : invalid gralloc handle (at 0x7f8c769380)
09-01 01:02:55.617  3096  3116 E         : Runtime and build version of gralloc private structure does not match. Errors will likely follow.
09-01 01:02:55.621  3655  3655 I dex2oat : dex2oat took 21.664ms (threads: 8) arena alloc=0B java alloc=22KB native alloc=784KB free=751KB
09-01 01:02:55.623  2936  2936 E         : invalid gralloc handle (at 0x7f84ad6460)
09-01 01:02:55.623  2936  2936 E         : Runtime and build version of gralloc private structure does not match. Errors will likely follow.
09-01 01:02:55.627  2936  2936 D gralloc : fb_post E
09-01 01:02:55.627  2936  2936 D gralloc : fb_post format=0x5
09-01 01:02:55.640  3664  3664 I dex2oat : /system/bin/dex2oat --compiler-filter=verify-at-runtime
09-01 01:02:55.651  3096  3116 E         : invalid gralloc handle (at 0x7f8c769300)
09-01 01:02:55.651  3096  3116 E         : Runtime and build version of gralloc private structure does not match. Errors will likely follow.
09-01 01:02:55.657  2936  2936 E         : invalid gralloc handle (at 0x7f84ad63f0)
09-01 01:02:55.657  2936  2936 E         : Runtime and build version of gralloc private structure does not match. Errors will likely follow.
09-01 01:02:55.661  2936  2936 D gralloc : fb_post E
09-01 01:02:55.661  2936  2936 D gralloc : fb_post format=0x5
09-01 01:02:55.684  3096  3116 E         : invalid gralloc handle (at 0x7f8c769380)
09-01 01:02:55.684  3096  3116 E         : Runtime and build version of gralloc private structure does not match. Errors will likely follow.
09-01 01:02:55.691  2936  2936 E         : invalid gralloc handle (at 0x7f84ad65b0)
09-01 01:02:55.691  2936  2936 E         : Runtime and build version of gralloc private structure does not match. Errors will likely follow.
09-01 01:02:55.692  3664  3664 I dex2oat : dex2oat took 52.396ms (threads: 8) arena alloc=88B java alloc=751KB native alloc=811KB free=1492KB
09-01 01:02:55.695  2936  2936 D gralloc : fb_post E
09-01 01:02:55.695  2936  2936 D gralloc : fb_post format=0x5
09-01 01:02:55.711  3673  3673 I dex2oat : /system/bin/dex2oat --compiler-filter=verify-at-runtime
09-01 01:02:55.718  3096  3116 E         : invalid gralloc handle (at 0x7f8c769300)
09-01 01:02:55.718  3096  3116 E         : Runtime and build version of gralloc private structure does not match. Errors will likely follow.
09-01 01:02:55.725  2936  2936 E         : invalid gralloc handle (at 0x7f84ad6540)
09-01 01:02:55.725  2936  2936 E         : Runtime and build version of gralloc private structure does not match. Errors will likely follow.
09-01 01:02:55.729  3673  3673 I dex2oat : dex2oat took 18.116ms (threads: 8) arena alloc=0B java alloc=22KB native alloc=784KB free=751KB
09-01 01:02:55.729  2936  2936 D gralloc : fb_post E
09-01 01:02:55.729  2936  2936 D gralloc : fb_post format=0x5
09-01 01:02:55.747  3682  3682 I dex2oat : /system/bin/dex2oat --compiler-filter=verify-at-runtime
09-01 01:02:55.751  3096  3116 E         : invalid gralloc handle (at 0x7f8c769380)
09-01 01:02:55.751  3096  3116 E         : Runtime and build version of gralloc private structure does not match. Errors will likely follow.
09-01 01:02:55.759  2936  2936 E         : invalid gralloc handle (at 0x7f84ad64d0)
09-01 01:02:55.759  2936  2936 E         : Runtime and build version of gralloc private structure does not match. Errors will likely follow.
09-01 01:02:55.763  2936  2936 D gralloc : fb_post E
09-01 01:02:55.763  2936  2936 D gralloc : fb_post format=0x5
09-01 01:02:55.765  3682  3682 I dex2oat : dex2oat took 18.397ms (threads: 8) arena alloc=0B java alloc=28KB native alloc=784KB free=1007KB
09-01 01:02:55.783  3691  3691 I dex2oat : /system/bin/dex2oat --compiler-filter=verify-at-runtime
09-01 01:02:55.785  3096  3116 E         : invalid gralloc handle (at 0x7f8c769300)
09-01 01:02:55.785  3096  3116 E         : Runtime and build version of gralloc private structure does not match. Errors will likely follow.
09-01 01:02:55.793  2936  2936 E         : invalid gralloc handle (at 0x7f84ad6460)
09-01 01:02:55.793  2936  2936 E         : Runtime and build version of gralloc private structure does not match. Errors will likely follow.
09-01 01:02:55.797  2936  2936 D gralloc : fb_post E
09-01 01:02:55.797  2936  2936 D gralloc : fb_post format=0x5
09-01 01:02:55.802  3691  3691 I dex2oat : dex2oat took 19.008ms (threads: 8) arena alloc=0B java alloc=19KB native alloc=784KB free=751KB
09-01 01:02:55.818  3096  3116 E         : invalid gralloc handle (at 0x7f8c769380)
09-01 01:02:55.818  3096  3116 E         : Runtime and build version of gralloc private structure does not match. Errors will likely follow.
09-01 01:02:55.820  3700  3700 I dex2oat : /system/bin/dex2oat --compiler-filter=verify-at-runtime
09-01 01:02:55.827  2936  2936 E         : invalid gralloc handle (at 0x7f84ad63f0)
09-01 01:02:55.827  2936  2936 E         : Runtime and build version of gralloc private structure does not match. Errors will likely follow.
09-01 01:02:55.831  2936  2936 D gralloc : fb_post E
09-01 01:02:55.831  2936  2936 D gralloc : fb_post format=0x5
09-01 01:02:55.851  3096  3116 E         : invalid gralloc handle (at 0x7f8c769300)
09-01 01:02:55.851  3096  3116 E         : Runtime and build version of gralloc private structure does not match. Errors will likely follow.
09-01 01:02:55.860  2936  2936 E         : invalid gralloc handle (at 0x7f84ad65b0)
09-01 01:02:55.860  2936  2936 E         : Runtime and build version of gralloc private structure does not match. Errors will likely follow.
09-01 01:02:55.864  2936  2936 D gralloc : fb_post E
09-01 01:02:55.864  2936  2936 D gralloc : fb_post format=0x5
09-01 01:02:55.873  3700  3700 I dex2oat : dex2oat took 52.517ms (threads: 8) arena alloc=696B java alloc=762KB native alloc=1027KB free=1788KB
09-01 01:02:55.885  3096  3116 E         : invalid gralloc handle (at 0x7f8c769380)
09-01 01:02:55.885  3096  3116 E         : Runtime and build version of gralloc private structure does not match. Errors will likely follow.
09-01 01:02:55.891  3709  3709 I dex2oat : /system/bin/dex2oat --compiler-filter=verify-at-runtime
09-01 01:02:55.894  2936  2936 E         : invalid gralloc handle (at 0x7f84ad6540)
09-01 01:02:55.894  2936  2936 E         : Runtime and build version of gralloc private structure does not match. Errors will likely follow.
09-01 01:02:55.898  2936  2936 D gralloc : fb_post E
09-01 01:02:55.898  2936  2936 D gralloc : fb_post format=0x5
