08-26 09:10:16.238  4180  4180 I art     : option[32]=-Xcompiler-option
08-26 09:10:16.238  4180  4180 I art     : option[33]=--runtime-arg
08-26 09:10:16.238  4180  4180 I art     : option[34]=-Xcompiler-option
08-26 09:10:16.238  4180  4180 I art     : option[35]=-Xmx512m
08-26 09:10:16.238  4180  4180 I art     : option[36]=-Xcompiler-option
08-26 09:10:16.238  4180  4180 I art     : option[37]=--compiler-filter=verify-at-runtime
08-26 09:10:16.238  4180  4180 I art     : option[38]=-Ximage-compiler-option
08-26 09:10:16.238  4180  4180 I art     : option[39]=--instruction-set-variant=generic
08-26 09:10:16.238  4180  4180 I art     : option[40]=-Xcompiler-option
08-26 09:10:16.238  4180  4180 I art     : option[41]=--instruction-set-variant=generic
08-26 09:10:16.238  4180  4180 I art     : option[42]=-Ximage-compiler-option
08-26 09:10:16.238  4180  4180 I art     : option[43]=--instruction-set-features=default
08-26 09:10:16.238  4180  4180 I art     : option[44]=-Xcompiler-option
08-26 09:10:16.238  4180  4180 I art     : option[45]=--instruction-set-features=default
08-26 09:10:16.238  4180  4180 I art     : option[46]=-Duser.locale=en-US
08-26 09:10:16.238  4180  4180 I art     : option[47]=--cpu-abilist=arm64-v8a,armeabi
08-26 09:10:16.238  4180  4180 I art     : option[48]=-Xfingerprint:samsung/cm_hero2ltexx/hero2ltexx:6.0.1/MOB30Z/9a64775957:eng/test-keys
08-26 09:10:16.266  4180  4180 D ICU     : No timezone override file found: /data/misc/zoneinfo/current/icu/icu_tzdata.dat
08-26 09:10:16.396  4180  4180 I Radio-JNI: register_android_hardware_Radio DONE
08-26 09:10:16.439  4180  4180 I SamplingProfilerIntegration: Profiling disabled.
08-26 09:10:16.440  4180  4180 D Zygote  : begin preload
08-26 09:10:16.442  4180  4180 I Zygote  : Preloading classes...
08-26 09:10:16.706  4181  4181 E audio_route: Failed to open /system/etc/mixer_paths.xml
08-26 09:10:16.711  4181  4181 I AudioFlinger: loadHwModule() Loaded primary audio interface from Samsung audio HW HAL (audio) handle 1
08-26 09:10:16.711  4181  4181 I AudioFlinger: openOutput(), module 1 Device 2, SamplingRate 44100, Format 0x000001, Channels 3, flags 2
08-26 09:10:16.711  4181  4181 I AudioFlinger: AudioStreamOut::open(), mHalFormatIsLinearPcm = 1
08-26 09:10:16.711  4181  4181 I AudioFlinger: HAL output buffer size 256 frames, normal sink buffer size 960 frames
08-26 09:10:16.713  4181  4181 I BufferProvider: found effect "Multichannel Downmix To Stereo" from The Android Open Source Project
08-26 09:10:16.717  4181  4181 E MonoPipe: Failed to fetch local time frequency when constructing a MonoPipe (res = -32).  getNextWriteTimestamp calls will be non-functional
08-26 09:10:16.717  4181  4181 I AudioFlinger: Using module 1 has the primary audio interface
08-26 09:10:16.717  4181  4314 I AudioFlinger: AudioFlinger's thread 0xf4b80000 ready to run
08-26 09:10:16.718  4181  4314 V audio_hw_primary: out_set_parameters: key value pairs: routing=2
08-26 09:10:16.718  4181  4314 V audio_hw_primary: do_out_standby: output standby: 1
08-26 09:10:16.718  4181  4314 E AudioFlinger: no wake lock to update!
08-26 09:10:16.719  4181  4181 V audio_hw_primary: adev_open_input_stream: Created resampler converting 48000 -> 16000
08-26 09:10:16.719  4181  4181 V audio_hw_primary: adev_open_input_stream: Requesting input stream with rate: 16000, channels: 0xc
08-26 09:10:16.719  4181  4316 I AudioFlinger: AudioFlinger's thread 0xf47c0000 ready to run
08-26 09:10:16.719  4181  4181 I r_submix: adev_open(name=audio_hw_if)
08-26 09:10:16.719  4181  4181 I r_submix: adev_init_check()
08-26 09:10:16.720  4181  4181 I AudioFlinger: loadHwModule() Loaded r_submix audio interface from Wifi Display audio HAL (audio) handle 4
08-26 09:10:16.720  4181  4181 D r_submix: adev_open_input_stream(addr=0)
08-26 09:10:16.720  4181  4181 D r_submix: submix_audio_device_create_pipe_l(addr=0, idx=9)
08-26 09:10:16.720  4181  4181 D r_submix:   now using address 0 for route 9
08-26 09:10:16.720  4181  4317 I AudioFlinger: AudioFlinger's thread 0xf47c0000 ready to run
08-26 09:10:16.720  4181  4181 D r_submix: adev_close_input_stream()
08-26 09:10:16.720  4181  4181 D r_submix: submix_audio_device_release_pipe_l(idx=9) addr=0
08-26 09:10:16.720  4181  4181 D r_submix: submix_audio_device_destroy_pipe_l(): pipe destroyed
08-26 09:10:16.720  4181  4181 E SoundTriggerHwService: couldn't load sound trigger module sound_trigger.primary (No such file or directory)
08-26 09:10:16.720  4181  4181 I RadioService: RadioService
08-26 09:10:16.720  4181  4181 I RadioService: onFirstRef
08-26 09:10:16.720  4181  4181 E RadioService: couldn't load radio module radio.primary (No such file or directory)
08-26 09:10:16.795  4180  4180 E Minikin : addFont failed to create font /system/fonts/NanumGothic.ttf
08-26 09:10:16.795  4180  4180 E Minikin : addFont failed to create font /system/fonts/DroidSansFallback.ttf
08-26 09:10:16.795  4180  4180 E Minikin : addFont failed to create font /system/fonts/MTLmr3m.ttf
08-26 09:10:16.826  2932  3425 I ServiceManager: Waiting for service Exynos.HWCService...
08-26 09:10:16.880  4180  4180 V DngCreator_JNI: DngCreator_nativeClassInit:
08-26 09:10:16.978  4182  4182 V NatController: runCmd(/system/bin/iptables -w -F natctrl_FORWARD) res=0
08-26 09:10:16.982  4182  4182 V NatController: runCmd(/system/bin/iptables -w -A natctrl_FORWARD -j DROP) res=0
08-26 09:10:16.986  4182  4182 V NatController: runCmd(/system/bin/iptables -w -t nat -F natctrl_nat_POSTROUTING) res=0
08-26 09:10:16.991  4182  4182 V NatController: runCmd(/system/bin/iptables -w -F natctrl_tether_counters) res=0
08-26 09:10:16.995  4182  4182 V NatController: runCmd(/system/bin/iptables -w -X natctrl_tether_counters) res=0
08-26 09:10:17.000  4182  4182 V NatController: runCmd(/system/bin/iptables -w -N natctrl_tether_counters) res=0
08-26 09:10:17.004  4182  4182 V NatController: runCmd(/system/bin/iptables -w -t mangle -A natctrl_mangle_FORWARD -p tcp --tcp-flags SYN SYN -j TCPMSS --clamp-mss-to-pmtu) res=0
08-26 09:10:17.139  3064  3064 W auditd  : type=1325 audit(0.0:828): table=filter family=10 entries=52
08-26 09:10:17.139  3064  3064 W auditd  : type=1320 audit(0.0:828): 
08-26 09:10:17.139  3064  3064 W auditd  : type=1325 audit(0.0:829): table=filter family=2 entries=49
08-26 09:10:17.139  3064  3064 W auditd  : type=1320 audit(0.0:829): 
08-26 09:10:17.139  3064  3064 W auditd  : type=1325 audit(0.0:830): table=filter family=10 entries=52
08-26 09:10:17.139  3064  3064 W auditd  : type=1320 audit(0.0:830): 
08-26 09:10:17.149  3064  3064 W auditd  : type=1325 audit(0.0:831): table=filter family=2 entries=49
08-26 09:10:17.149  3064  3064 W auditd  : type=1320 audit(0.0:831): 
08-26 09:10:17.149  3064  3064 W auditd  : type=1325 audit(0.0:832): table=filter family=10 entries=52
08-26 09:10:17.149  3064  3064 W auditd  : type=1320 audit(0.0:832): 
08-26 09:10:17.159  3064  3064 W auditd  : type=1325 audit(0.0:833): table=filter family=2 entries=49
08-26 09:10:17.159  3064  3064 W auditd  : type=1320 audit(0.0:833): 
08-26 09:10:17.159  3064  3064 W auditd  : type=1325 audit(0.0:834): table=filter family=10 entries=52
08-26 09:10:17.159  3064  3064 W auditd  : type=1320 audit(0.0:834): 
08-26 09:10:17.169  3064  3064 W auditd  : type=1325 audit(0.0:835): table=filter family=2 entries=49
08-26 09:10:17.169  3064  3064 W auditd  : type=1320 audit(0.0:835): 
08-26 09:10:17.169  3064  3064 W auditd  : type=1325 audit(0.0:836): table=filter family=10 entries=52
08-26 09:10:17.169  3064  3064 W auditd  : type=1320 audit(0.0:836): 
08-26 09:10:17.169  3064  3064 W auditd  : type=1325 audit(0.0:837): table=raw family=2 entries=9
08-26 09:10:17.169  3064  3064 W auditd  : type=1320 audit(0.0:837): 
08-26 09:10:17.252  4182  4182 E Netd    : cannot find interface dummy0
08-26 09:10:17.253  4182  4182 D MDnsDS  : MDnsSdListener::Hander starting up
08-26 09:10:17.253  4182  4446 D MDnsDS  : MDnsSdListener starting to monitor
08-26 09:10:17.253  4182  4446 D MDnsDS  : Going to poll with pollCount 1
08-26 09:10:17.506  4180  4180 I art     : Thread[1,tid=4180,Native,Thread*=0x7f8eabba00,peer=0x12c532e0,"main"] recursive attempt to load library "/system/lib64/libmedia_jni.so"
08-26 09:10:17.506  4180  4180 D MtpDeviceJNI: register_android_mtp_MtpDevice
08-26 09:10:17.507  4180  4180 I art     : Thread[1,tid=4180,Native,Thread*=0x7f8eabba00,peer=0x12c532e0,"main"] recursive attempt to load library "/system/lib64/libmedia_jni.so"
08-26 09:10:17.507  4180  4180 I art     : Thread[1,tid=4180,Native,Thread*=0x7f8eabba00,peer=0x12c532e0,"main"] recursive attempt to load library "/system/lib64/libmedia_jni.so"
08-26 09:10:17.827  2932  3425 I ServiceManager: Waiting for service Exynos.HWCService...
08-26 09:10:18.008  4180  4180 W System  : ClassLoader referenced unknown path: /system/framework/tcmclient.jar
08-26 09:10:18.333  4180  4180 I System  : Loaded time zone names for "" in 19ms (17ms in ICU)
08-26 09:10:18.365  4180  4180 I System  : Loaded time zone names for "en_US" in 32ms (10ms in ICU)
08-26 09:10:18.533  4180  4180 I Zygote  : ...preloaded 3831 classes in 2091ms.
08-26 09:10:18.533  4180  4180 I art     : VMRuntime.preloadDexCaches starting
08-26 09:10:18.565  4180  4180 I art     : VMRuntime.preloadDexCaches strings total=249042 before=10084 after=10084
08-26 09:10:18.565  4180  4180 I art     : VMRuntime.preloadDexCaches types total=20335 before=8244 after=9837
08-26 09:10:18.565  4180  4180 I art     : VMRuntime.preloadDexCaches fields total=100408 before=35771 after=47736
08-26 09:10:18.565  4180  4180 I art     : VMRuntime.preloadDexCaches methods total=172844 before=67608 after=83315
08-26 09:10:18.565  4180  4180 I art     : VMRuntime.preloadDexCaches finished
08-26 09:10:18.578  4450  4450 D idmap   : error: no read access to /vendor/overlay: No such file or directory
08-26 09:10:18.581  4180  4180 I Zygote  : Preloading resources...
08-26 09:10:18.827  2932  3425 I ServiceManager: Waiting for service Exynos.HWCService...
08-26 09:10:18.958  4180  4180 I Zygote  : ...preloaded 342 resources in 377ms.
08-26 09:10:18.968  4180  4180 I Zygote  : ...preloaded 41 resources in 9ms.
08-26 09:10:18.974  4180  4180 D libEGL  : loaded /vendor/lib64/egl/libGLES_mali.so
08-26 09:10:18.981  4180  4180 I Zygote  : Preloading shared libraries...
08-26 09:10:18.988  4180  4180 D Zygote  : end preload
08-26 09:10:18.988  4180  4180 I art     : Starting a blocking GC Explicit
08-26 09:10:18.999  4180  4180 I art     : Explicit concurrent mark sweep GC freed 11400(460KB) AllocSpace objects, 0(0B) LOS objects, 35% free, 29MB/45MB, paused 50us total 10.713ms
08-26 09:10:19.008  4180  4180 I art     : Starting a blocking GC Explicit
08-26 09:10:19.017  4180  4180 I art     : Explicit concurrent mark sweep GC freed 2657(124KB) AllocSpace objects, 0(0B) LOS objects, 35% free, 28MB/44MB, paused 47us total 8.706ms
08-26 09:10:19.018  4180  4221 I art     : Starting a blocking GC HeapTrim
08-26 09:10:19.019  4180  4180 I art     : Starting a blocking GC Background
08-26 09:10:19.067  4180  4180 I Zygote  : System server process 4451 has been created
08-26 09:10:19.068  4180  4180 I Zygote  : Accepting command socket connections
08-26 09:10:19.083  4451  4451 I Zygote  : Process: zygote socket opened, supported ABIS: armeabi-v7a,armeabi
08-26 09:10:19.084  4451  4451 I InstallerConnection: connecting...
08-26 09:10:19.084  2995  2995 I installd: new connection
08-26 09:10:19.086  4451  4451 I InstallerConnection: disconnecting...
08-26 09:10:19.086  2995  2995 E installd: eof
08-26 09:10:19.086  2995  2995 E installd: failed to read size
08-26 09:10:19.086  2995  2995 I installd: closing connection
08-26 09:10:19.118  4451  4451 I SystemServer: Entered the Android system server!
08-26 09:10:19.158  4451  4451 I SystemServiceManager: Starting com.android.server.pm.Installer
08-26 09:10:19.159  4451  4451 I Installer: Waiting for installd to be ready.
08-26 09:10:19.159  4451  4451 I InstallerConnection: connecting...
08-26 09:10:19.159  2995  2995 I installd: new connection
08-26 09:10:19.159  4451  4451 I SystemServiceManager: Starting com.android.server.am.ActivityManagerService$Lifecycle
08-26 09:10:19.238  4451  4451 I XXXXXX  : choosing minFree values for 64 Bit
08-26 09:10:19.238  4451  4451 I XXXXXX  : choosing minFree values for 64 Bit
08-26 09:10:19.239  4451  4451 I XXXXXX  : choosing minFree values for 64 Bit
08-26 09:10:19.239  4451  4451 I XXXXXX  : choosing minFree values for 64 Bit
08-26 09:10:19.239  4451  4451 I XXXXXX  : choosing minFree values for 64 Bit
08-26 09:10:19.239  4451  4451 I XXXXXX  : choosing minFree values for 64 Bit
08-26 09:10:19.245  4451  4451 I ActivityManager: Memory class: 288
08-26 09:10:19.246  4451  4465 I ServiceThread: Enabled StrictMode logging for ActivityManager looper.
08-26 09:10:19.251  4451  4466 I ServiceThread: Enabled StrictMode logging for android.ui looper.
08-26 09:10:19.320  4451  4451 D BatteryStatsImpl: Reading daily items from /data/system/batterystats-daily.xml
08-26 09:10:19.361  4451  4451 I AppOps  : No existing app ops /data/system/appops.xml; starting empty
08-26 09:10:19.425  4451  4451 I IntentFirewall: Read new rules (A:0 B:0 S:0)
08-26 09:10:19.447  4451  4470 I ServiceThread: Enabled StrictMode logging for android.display looper.
08-26 09:10:19.452  4451  4451 D AppOps  : AppOpsService published
08-26 09:10:19.452  4451  4451 I SystemServiceManager: Starting com.android.server.power.PowerManagerService
08-26 09:10:19.454  4451  4472 I ServiceThread: Enabled StrictMode logging for PowerManagerService looper.
08-26 09:10:19.455  4451  4451 W libsuspend: Error writing 'on' to /sys/power/state: Invalid argument
08-26 09:10:19.455  4451  4451 I libsuspend: Selected wakeup count
08-26 09:10:19.458  4451  4451 I SystemServiceManager: Starting com.android.server.lights.LightsService
08-26 09:10:19.459  4451  4451 I SystemServiceManager: Starting com.android.server.display.DisplayManagerService
08-26 09:10:19.465  4451  4451 I SystemServiceManager: Starting phase 100
08-26 09:10:19.468  2932  3040 E SurfaceFlinger: getDefaultDisplay: id=2 is not a valid default display id
08-26 09:10:19.470  4451  4470 I DisplayManagerService: Display device added: DisplayDeviceInfo{"Built-in Screen": uniqueId="local:0", 1440 x 2560, modeId 1, defaultModeId 1, supportedModes [{id=1, width=1440, height=2560, fps=59.312}], colorTransformId 1, defaultColorTransformId 1, supportedColorTransforms [{id=1, colorTransform=0}], density 640, 537.8823 x 532.9836 dpi, appVsyncOff 0, presDeadline 17859994, touch INTERNAL, rotation 0, type BUILT_IN, state UNKNOWN, FLAG_DEFAULT_DISPLAY, FLAG_ROTATES_WITH_CONTENT, FLAG_SECURE, FLAG_SUPPORTS_PROTECTED_BUFFERS}
08-26 09:10:19.471  2932  2932 D SurfaceFlinger: Set power mode=2, type=0 flinger=0x7f98ec3c00
08-26 09:10:19.471  2932  2932 D SurfaceFlinger: Screen type=0 is already mode=2
08-26 09:10:19.474  4451  4451 I SystemServer: Package Manager
08-26 09:10:19.474  4451  4470 I DisplayManagerService: Display device changed state: "Built-in Screen", ON
08-26 09:10:19.652  4451  4451 D SELinuxMMAC: Using policy file /system/etc/security/mac_permissions.xml
08-26 09:10:19.827  2932  3425 I ServiceManager: Waiting for service Exynos.HWCService...
08-26 09:10:20.458  4451  4451 E art     : DexFile_getDexOptNeeded file '/system/framework/org.apache.http.legacy.jar' does not exist
08-26 09:10:20.458  4451  4451 W PackageManager: Library not found: /system/framework/org.apache.http.legacy.jar
08-26 09:10:20.458  4451  4451 E art     : DexFile_getDexOptNeeded file '/system/framework/com.android.nfc_extras.jar' does not exist
08-26 09:10:20.458  4451  4451 W PackageManager: Library not found: /system/framework/com.android.nfc_extras.jar
08-26 09:10:20.460  4451  4451 E art     : DexFile_getDexOptNeeded file '/system/framework/org.apache.http.legacy.jar' does not exist
08-26 09:10:20.460  4451  4451 W PackageManager: Library not found: /system/framework/org.apache.http.legacy.jar
08-26 09:10:20.460  4451  4451 E art     : DexFile_getDexOptNeeded file '/system/framework/com.android.nfc_extras.jar' does not exist
08-26 09:10:20.460  4451  4451 W PackageManager: Library not found: /system/framework/com.android.nfc_extras.jar
08-26 09:10:20.478  4451  4451 D PackageManager: No files in app dir /vendor/overlay
08-26 09:10:20.479  4451  4451 D PackageManager: start scanDirLI:/system/framework
08-26 09:10:20.479  4451  4451 D PackageManager: max thread:6
08-26 09:10:20.563  4451  4479 W PackageManager: Permission cyanogenmod.permission.WRITE_ALARMS from package cyanogenmod.platform in an unknown group android.permission-group.SYSTEM_CLOCK
08-26 09:10:20.563  4451  4479 W PackageManager: Permission cyanogenmod.permission.MANAGE_ALARMS from package cyanogenmod.platform in an unknown group android.permission-group.SYSTEM_CLOCK
08-26 09:10:20.563  4451  4479 W PackageManager: Permission cyanogenmod.permission.READ_ALARMS from package cyanogenmod.platform in an unknown group android.permission-group.SYSTEM_CLOCK
08-26 09:10:20.828  2932  3425 E SurfaceFlinger: HWCService::notifyPSRExit failed
08-26 09:10:20.871  2932  3040 I ServiceManager: Waiting for service Exynos.HWCService...
08-26 09:10:21.502  4451  4478 W PackageManager: Permission android.permission.SET_KEYGUARD_WALLPAPER from package android in an unknown group android.permission-group.WALLPAPER
08-26 09:10:21.505  4451  4478 W PackageManager: Permission android.permission.MODIFY_PROTECTED_SMS_LIST from package android in an unknown group android.permission-group.MESSAGES
08-26 09:10:21.505  4451  4478 W PackageManager: Permission android.permission.RECEIVE_PROTECTED_SMS from package android in an unknown group android.permission-group.MESSAGES
08-26 09:10:21.505  4451  4478 W PackageManager: Permission android.permission.RESET_BATTERY_STATS from package android in an unknown group android.permission-group.SYSTEM_TOOLS
08-26 09:10:21.507  4451  4451 D PackageManager: end scanDirLI:/system/framework
08-26 09:10:21.508  4451  4451 D PackageManager: start scanDirLI:/system/priv-app
08-26 09:10:21.508  4451  4451 D PackageManager: max thread:6
08-26 09:10:21.577  4451  4483 W PackageParser: No actions in intent filter at /system/priv-app/Contacts/Contacts.apk Binary XML file line #301
08-26 09:10:21.661  4451  4480 W PackageParser: No actions in intent filter at /system/priv-app/Dialer/Dialer.apk Binary XML file line #152
08-26 09:10:21.687  4451  4479 W PackageManager: Permission android.permission.DOWNLOAD_WITHOUT_NOTIFICATION from package com.android.providers.downloads in an unknown group android.permission-group.NETWORK
08-26 09:10:21.871  2932  3040 I ServiceManager: Waiting for service Exynos.HWCService...
08-26 09:10:22.014  4451  4479 W PackageParser: Ignoring duplicate uses-permissions/uses-permissions-sdk-m: android.permission.ACCESS_WIFI_STATE in package: com.android.phone at: Binary XML file line #132
08-26 09:10:22.479  4451  4479 W PackageManager: Permission com.android.launcher.permission.INSTALL_SHORTCUT from package com.cyanogenmod.trebuchet in an unknown group android.permission-group.SYSTEM_TOOLS
08-26 09:10:22.479  4451  4479 W PackageManager: Permission com.android.launcher3.permission.READ_SETTINGS from package com.cyanogenmod.trebuchet in an unknown group android.permission-group.SYSTEM_TOOLS
08-26 09:10:22.480  4451  4479 W PackageManager: Permission com.android.launcher3.permission.WRITE_SETTINGS from package com.cyanogenmod.trebuchet in an unknown group android.permission-group.SYSTEM_TOOLS
08-26 09:10:22.872  2932  3040 I ServiceManager: Waiting for service Exynos.HWCService...
08-26 09:10:22.973  4451  4451 D PackageManager: end scanDirLI:/system/priv-app
08-26 09:10:22.976  4451  4451 D PackageManager: start scanDirLI:/system/app
08-26 09:10:22.976  4451  4451 D PackageManager: max thread:6
08-26 09:10:23.003  4451  4480 W PackageParser: No actions in intent filter at /system/app/CMFileManager/CMFileManager.apk Binary XML file line #164
08-26 09:10:23.012  4451  4479 W PackageParser: No actions in intent filter at /system/app/Bluetooth/Bluetooth.apk Binary XML file line #235
08-26 09:10:23.397  4451  4461 I art     : Background sticky concurrent mark sweep GC freed 183723(10MB) AllocSpace objects, 62(1848KB) LOS objects, 20% free, 39MB/49MB, paused 1.366ms total 151.530ms
08-26 09:10:23.621  4451  4483 W PackageParser: Unknown element under <application>: permission at /system/app/Gallery2/Gallery2.apk Binary XML file line #278
08-26 09:10:23.621  4451  4483 W PackageParser: Unknown element under <application>: permission at /system/app/Gallery2/Gallery2.apk Binary XML file line #281
08-26 09:10:23.872  2932  3040 I ServiceManager: Waiting for service Exynos.HWCService...
08-26 09:10:24.465  4451  4478 W PackageManager: Failed to parse /system/app/mcRegistry: Missing base APK in /system/app/mcRegistry
08-26 09:10:24.873  2932  3040 I ServiceManager: Waiting for service Exynos.HWCService...
08-26 09:10:25.273  4451  4451 D PackageManager: end scanDirLI:/system/app
08-26 09:10:25.274  4451  4451 D PackageManager: No files in app dir /system/vendor/app
08-26 09:10:25.274  4451  4451 D PackageManager: No files in app dir /oem/app
08-26 09:10:25.274  4451  4451 D PackageManager: No files in app dir /vendor/bundled-app
08-26 09:10:25.275  4451  4451 D PackageManager: start scanDirLI:/data/app
08-26 09:10:25.275  4451  4451 D PackageManager: max thread:6
08-26 09:10:25.275  4451  4479 W PackageManager: Failed to parse /data/app/mcRegistry: Missing base APK in /data/app/mcRegistry
08-26 09:10:25.276  4451  4451 D PackageManager: end scanDirLI:/data/app
08-26 09:10:25.276  4451  4451 D PackageManager: No files in app dir /data/app-private
08-26 09:10:25.276  4451  4451 W PackageManager: Package com.android.dialer desires unavailable shared library com.qualcomm.qti.smartsearch; ignoring!
08-26 09:10:25.276  4451  4451 W PackageManager: Package com.android.gallery3d desires unavailable shared library com.google.android.media.effects; ignoring!
08-26 09:10:25.276  4451  4451 W PackageManager: Package com.android.gallery3d desires unavailable shared library com.google.android.media.effects; ignoring!
08-26 09:10:25.276  4451  4451 I PackageManager: Adjusting ABI for : com.android.location.fused to arm64-v8a
08-26 09:10:25.277  4451  4451 I PackageManager: Adjusting ABI for : org.cyanogenmod.cmsettings to arm64-v8a
08-26 09:10:25.277  4451  4451 I PackageManager: Adjusting ABI for : com.android.keychain to arm64-v8a
08-26 09:10:25.277  4451  4451 I PackageManager: Adjusting ABI for : cyanogenmod.platform to arm64-v8a
08-26 09:10:25.277  2995  2995 E installd: invalid apk path '/system/framework/org.cyanogenmod.platform-res.apk' (bad prefix)
08-26 09:10:25.277  4451  4451 I PackageManager: Adjusting ABI for : com.android.inputdevices to arm64-v8a
08-26 09:10:25.277  4451  4451 I PackageManager: Adjusting ABI for : com.android.development to arm64-v8a
08-26 09:10:25.278  4451  4451 I PackageManager: Adjusting ABI for : com.android.server.telecom to arm64-v8a
08-26 09:10:25.278  4451  4451 I PackageManager: Adjusting ABI for : com.android.providers.settings to arm64-v8a
08-26 09:10:25.278  4451  4451 I PackageManager: Adjusting ABI for : com.android.settings to arm64-v8a
08-26 09:10:25.278  4451  4451 I PackageManager: Adjusting ABI for : org.cyanogenmod.providers.datausage to arm64-v8a
08-26 09:10:25.279  4451  4451 I PackageManager: Adjusting ABI for : com.cyanogenmod.setupwizard to arm64-v8a
08-26 09:10:25.279  4451  4451 I PackageManager: Time to scan packages: 4.823 seconds
08-26 09:10:25.280  4451  4451 W PackageManager: Unknown permission com.google.android.googleapps.permission.GOOGLE_AUTH in package com.android.providers.calendar
08-26 09:10:25.280  4451  4451 W PackageManager: Unknown permission com.google.android.googleapps.permission.GOOGLE_AUTH.cl in package com.android.providers.calendar
08-26 09:10:25.280  4451  4451 W PackageManager: Not granting permission android.permission.REAL_GET_TASKS to package org.cyanogenmod.wallpapers.photophase (protectionLevel=18 flags=0x3818be45)
08-26 09:10:25.281  4451  4451 W PackageManager: Unknown permission com.cyanogen.ambient.permission.BIND_CALLER_INFO in package com.android.messaging
08-26 09:10:25.281  4451  4451 W PackageManager: Not granting permission android.permission.ACCESS_DOWNLOAD_MANAGER to package com.android.browser (protectionLevel=18 flags=0x3849be45)
08-26 09:10:25.282  4451  4451 W PackageManager: Not granting permission android.permission.SEND_DOWNLOAD_COMPLETED_INTENTS to package com.android.browser (protectionLevel=2 flags=0x3849be45)
08-26 09:10:25.283  4451  4451 W PackageManager: Unknown permission com.cyngn.stats.SEND_ANALYTICS in package com.cyanogenmod.setupwizard
08-26 09:10:25.283  4451  4451 W PackageManager: Unknown permission com.cyanogen.permission.REQUEST_KILL_SWITCH_OP in package com.cyanogenmod.setupwizard
08-26 09:10:25.283  4451  4451 W PackageManager: Unknown permission com.cyanogen.ambient.permission.BIND_INCALL_SERVICE in package com.android.contacts
08-26 09:10:25.283  4451  4451 W PackageManager: Unknown permission com.cyanogen.ambient.permission.PLUGIN_STATUS_CHANGED in package com.android.contacts
08-26 09:10:25.283  4451  4451 W PackageManager: Unknown permission com.cyanogen.ambient.permission.BIND_CALLER_INFO in package com.android.contacts
08-26 09:10:25.285  4451  4451 W PackageManager: Unknown permission com.google.android.googleapps.permission.GOOGLE_AUTH.mail in package com.android.calendar
08-26 09:10:25.285  4451  4451 W PackageManager: Unknown permission com.android.launcher.permission.READ_SETTINGS in package com.android.onetimeinitializer
08-26 09:10:25.285  4451  4451 W PackageManager: Unknown permission com.android.launcher.permission.WRITE_SETTINGS in package com.android.onetimeinitializer
08-26 09:10:25.286  4451  4451 W PackageManager: Unknown permission com.cyanogen.ambient.permission.BIND_INCALL_SERVICE in package com.android.dialer
08-26 09:10:25.286  4451  4451 W PackageManager: Unknown permission com.cyanogen.ambient.permission.PLUGIN_STATUS_CHANGED in package com.android.dialer
08-26 09:10:25.286  4451  4451 W PackageManager: Unknown permission com.cyanogen.ambient.permission.PUBLISH_DISCOVERY_NUDGE in package com.android.dialer
08-26 09:10:25.286  4451  4451 W PackageManager: Unknown permission com.cyanogen.ambient.permission.BIND_DEEPLINK_SERVICE in package com.android.dialer
08-26 09:10:25.286  4451  4451 W PackageManager: Unknown permission com.cyanogen.ambient.permission.READ_DEEPLINK_DATABASE in package com.android.dialer
08-26 09:10:25.286  4451  4451 W PackageManager: Unknown permission com.cyanogen.ambient.permission.BIND_CALLER_INFO in package com.android.dialer
08-26 09:10:25.287  4451  4451 W PackageManager: Unknown permission com.android.launcher.permission.READ_SETTINGS in package com.cyanogenmod.trebuchet
08-26 09:10:25.287  4451  4451 W PackageManager: Unknown permission com.android.launcher.permission.WRITE_SETTINGS in package com.cyanogenmod.trebuchet
08-26 09:10:25.287  4451  4451 W PackageManager: Unknown permission com.cyngn.stats.SEND_ANALYTICS in package com.cyanogenmod.trebuchet
08-26 09:10:25.287  4451  4451 W PackageManager: Unknown permission android.permission.CANCEL_NOTIFICATIONS in package org.cyanogenmod.theme.chooser
08-26 09:10:25.287  4451  4451 W PackageManager: Unknown permission com.google.android.permission.INSTALL_WEARABLE_PACKAGES in package com.android.packageinstaller
08-26 09:10:25.287  4451  4451 W PackageManager: Not granting permission android.permission.DELETE_PACKAGES to package com.svox.pico (protectionLevel=18 flags=0x3808be45)
08-26 09:10:25.288  4451  4451 W PackageManager: Unknown permission android.permission.ACCESS_SUPERUSER in package com.cyanogenmod.filemanager
08-26 09:10:25.288  4451  4451 W PackageManager: Unknown permission com.cyanogenmod.filemanager.permissions.READ_THEME in package com.cyanogenmod.filemanager
08-26 09:10:25.288  4451  4451 W PackageManager: Unknown permission com.google.android.gallery3d.permission.PICASA_STORE in package com.android.dreams.phototable
08-26 09:10:25.289  4451  4451 W PackageManager: Unknown permission com.google.android.googleapps.permission.GOOGLE_AUTH in package com.android.settings
08-26 09:10:25.289  4451  4451 W PackageManager: Unknown permission com.android.launcher.permission.READ_SETTINGS in package com.android.settings
08-26 09:10:25.289  4451  4451 W PackageManager: Unknown permission com.android.launcher.permission.WRITE_SETTINGS in package com.android.settings
08-26 09:10:25.290  4451  4451 W PackageManager: Not granting permission android.permission.REAL_GET_TASKS to package com.cyanogenmod.eleven (protectionLevel=18 flags=0x3818be65)
08-26 09:10:25.295  4451  4451 W PackageManager: Unknown permission com.google.android.gallery3d.permission.GALLERY_PROVIDER in package com.android.bluetooth
08-26 09:10:25.295  4451  4451 W PackageManager: Unknown permission com.google.android.googleapps.permission.ACCESS_GOOGLE_PASSWORD in package com.android.development
08-26 09:10:25.295  4451  4451 W PackageManager: Unknown permission com.google.android.googleapps.permission.GOOGLE_AUTH in package com.android.development
08-26 09:10:25.295  4451  4451 W PackageManager: Unknown permission com.google.android.googleapps.permission.GOOGLE_AUTH.ALL_SERVICES in package com.android.development
08-26 09:10:25.295  4451  4451 W PackageManager: Unknown permission com.google.android.googleapps.permission.GOOGLE_AUTH.YouTubeUser in package com.android.development
08-26 09:10:25.297  4451  4451 V PackageManager: Disabling com.google.android.gsf/com.google.android.gsf.update.SystemUpdateActivity
08-26 09:10:25.297  4451  4451 W PackageManager: Unable to disable com.google.android.gsf/com.google.android.gsf.update.SystemUpdateActivity
08-26 09:10:25.297  4451  4451 V PackageManager: Disabling com.google.android.gsf/com.google.android.gsf.update.SystemUpdateService$Receiver
08-26 09:10:25.297  4451  4451 W PackageManager: Unable to disable com.google.android.gsf/com.google.android.gsf.update.SystemUpdateService$Receiver
08-26 09:10:25.297  4451  4451 V PackageManager: Disabling com.google.android.gsf/com.google.android.gsf.update.SystemUpdateService$SecretCodeReceiver
08-26 09:10:25.297  4451  4451 W PackageManager: Unable to disable com.google.android.gsf/com.google.android.gsf.update.SystemUpdateService$SecretCodeReceiver
08-26 09:10:25.297  4451  4451 V PackageManager: Disabling com.google.android.gms/com.google.android.gms.update.SystemUpdateActivity
08-26 09:10:25.297  4451  4451 W PackageManager: Unable to disable com.google.android.gms/com.google.android.gms.update.SystemUpdateActivity
08-26 09:10:25.297  4451  4451 V PackageManager: Disabling com.google.android.gms/com.google.android.gms.update.SystemUpdateService$Receiver
08-26 09:10:25.297  4451  4451 W PackageManager: Unable to disable com.google.android.gms/com.google.android.gms.update.SystemUpdateService$Receiver
08-26 09:10:25.297  4451  4451 V PackageManager: Disabling com.google.android.gms/com.google.android.gms.update.SystemUpdateService$ActiveReceiver
08-26 09:10:25.297  4451  4451 W PackageManager: Unable to disable com.google.android.gms/com.google.android.gms.update.SystemUpdateService$ActiveReceiver
08-26 09:10:25.297  4451  4451 V PackageManager: Disabling com.google.android.gms/com.google.android.gms.update.SystemUpdateService$SecretCodeReceiver
08-26 09:10:25.297  4451  4451 W PackageManager: Unable to disable com.google.android.gms/com.google.android.gms.update.SystemUpdateService$SecretCodeReceiver
08-26 09:10:25.297  4451  4451 V PackageManager: Enabling com.google.android.gsf/com.google.android.gsf.update.SystemUpdateService
08-26 09:10:25.297  4451  4451 W PackageManager: Unable to enable com.google.android.gsf/com.google.android.gsf.update.SystemUpdateService
08-26 09:10:25.297  4451  4451 V PackageManager: Enabling com.google.android.gms/com.google.android.gms.update.SystemUpdateService
08-26 09:10:25.297  4451  4451 W PackageManager: Unable to enable com.google.android.gms/com.google.android.gms.update.SystemUpdateService
08-26 09:10:25.491  4451  4451 I art     : Starting a blocking GC Explicit
08-26 09:10:25.519  4451  4451 I art     : Explicit concurrent mark sweep GC freed 259704(14MB) AllocSpace objects, 58(3MB) LOS objects, 33% free, 28MB/42MB, paused 112us total 27.429ms
08-26 09:10:25.520  4451  4451 I SystemServer: User Service
08-26 09:10:25.531  2930  2930 I lowmemorykiller: ActivityManager connected
08-26 09:10:25.531  4451  4451 I SystemServiceManager: Starting com.android.server.BatteryService
08-26 09:10:25.534  4451  4508 I         : System server: starting sensor init.
08-26 09:10:25.534  4451  4508 D SensorService: nuSensorService starting...
08-26 09:10:25.536  4451  4508 I Sensors : getName:gyro_sensor name = K6DS3TR.
08-26 09:10:25.536  4451  4508 I Sensors : Proximity old sensor_state 0, new sensor_state : 128 en : 1
08-26 09:10:25.541  4451  4451 I SystemServiceManager: Starting com.android.server.usage.UsageStatsService
08-26 09:10:25.546  4451  4508 I Sensors : Light old sensor_state 128, new sensor_state : 640 en : 1
08-26 09:10:25.551  4451  4508 I Sensors : Light_IR old sensor_state 640, new sensor_state : 16777856 en : 1
08-26 09:10:25.551  4451  4508 E Sensors : Light_IR_Sensor write failed. ret = -1, sensor_state = 16777856
08-26 09:10:25.552  4451  4508 I Sensors : SigMotionSensor old sensor_state 640, new sensor_state : 17024 en : 1
08-26 09:10:25.557  4451  4508 I Sensors : getName:gyro_sensor name = K6DS3TR.
08-26 09:10:25.558  4451  4508 I Sensors : StepCounterSensor old sensor_state 17024, new sensor_state : 279168 en : 1
08-26 09:10:25.558  4451  4508 E Sensors : StepCounterSensor write failed. ret = -1, sensor_state = 279168
08-26 09:10:25.558  4451  4508 I Sensors : Int.Gyro old sensor_state 17024, new sensor_state : 33571456 en : 1
08-26 09:10:25.558  4451  4508 E Sensors : Int.GyroSensor write failed. ret = -1, sensor_state = 33571456
08-26 09:10:25.558  4451  4508 I Sensors : getName:gyro_sensor name = K6DS3TR.
08-26 09:10:25.558  4451  4508 I Sensors : HrmSpO2Sensor:: part type = 12.
08-26 09:10:25.558  4451  4508 D Sensors : HrmSpO2Sensor::type:12, prox threshold:10000
08-26 09:10:25.558  4451  4508 D Sensors : HrmSpO2Sensor::handle:0 ,en:1
08-26 09:10:25.559  4451  4508 E Sensors : HrmSpO2Sensor::Error MAXIM Flicker Library...handle=0x0
08-26 09:10:25.559  4451  4508 D Sensors : HrmSpO2Sensor::HrmSpO2Sensor: Shared version Registered
08-26 09:10:25.559  4451  4508 D Sensors : HrmLedSensor enable: mEnabled 0, handle 20, en 1
08-26 09:10:25.559  4451  4508 D Sensors : HRMSensor led enabled:1, en:1
08-26 09:10:25.563  4451  4508 I Sensors : getVendor:hrm_sensor vendor = MAXIM.
08-26 09:10:25.563  4451  4508 I Sensors : HrmLedSensor: HrmLedSensor vendor = MAXIM.
08-26 09:10:25.563  4451  4508 D Sensors : HRMSensor_LED::libhr open start!! 
08-26 09:10:25.563  4451  4508 E Sensors : HRMSensor_LED::libhr open failed 
08-26 09:10:25.563  4451  4508 E Sensors : GripSensor: enable
08-26 09:10:25.590  4451  4508 I Sensors : Proximity old sensor_state 17024, new sensor_state : 16896 en : 0
08-26 09:10:25.590  4451  4508 I Sensors : Light old sensor_state 16896, new sensor_state : 16384 en : 0
08-26 09:10:25.590  4451  4508 I Sensors : SigMotionSensor old sensor_state 16384, new sensor_state : 0 en : 0
08-26 09:10:25.590  4451  4508 E Sensors : GripSensor: enable
08-26 09:10:25.590  4451  4508 D Sensors : HrmSpO2Sensor::handle:19 ,en:0
08-26 09:10:25.590  4451  4508 D Sensors : HrmSpO2Sensor::isEnabled:0 ,en:0, mEn:0
08-26 09:10:25.590  4451  4508 D Sensors : HrmSpO2Sensor::handle:28 ,en:0
08-26 09:10:25.590  4451  4508 D Sensors : HrmSpO2Sensor::isEnabled:0 ,en:0, mEn:0
08-26 09:10:25.590  4451  4508 D Sensors : HrmLedSensor enable: mEnabled 1, handle 20, en 0
08-26 09:10:25.590  4451  4508 D Sensors : HRMSensor_LED::enable 
08-26 09:10:25.590  4451  4508 D Sensors : HRMSensor led enabled:0, en:0
08-26 09:10:25.592  4451  4508 D Sensors : HrmLedSensor enable: mEnabled 0, handle 21, en 0
08-26 09:10:25.592  4451  4508 D Sensors : HrmLedSensor isEnabled:0 ,en:0
08-26 09:10:25.592  4451  4508 D Sensors : HrmSpO2Sensor::handle:18 ,en:0
08-26 09:10:25.592  4451  4508 D Sensors : HrmSpO2Sensor::isEnabled:0 ,en:0, mEn:0
08-26 09:10:25.592  4451  4508 I         : System server: sensor init done.
08-26 09:10:25.593  4451  4509 D SensorService: new thread SensorEventAckReceiver
08-26 09:10:25.599  4451  4510 D SensorService: nuSensorService thread starting...
08-26 09:10:25.663  4451  4451 I UsageStatsService: User[0] Rollover scheduled @ 2016-08-27 00:00:00(1472256000000)
08-26 09:10:25.666  4451  4451 I SystemServiceManager: Starting com.android.server.webkit.WebViewUpdateService
08-26 09:10:25.667  4451  4451 I SystemServer: Reading configuration...
08-26 09:10:25.667  4451  4451 I SystemServer: Scheduling Policy
08-26 09:10:25.668  4451  4451 I SystemServiceManager: Starting com.android.server.telecom.TelecomLoaderService
08-26 09:10:25.669  4451  4451 I SystemServer: Telephony Registry
08-26 09:10:25.677  4451  4451 I SystemServer: Entropy Mixer
08-26 09:10:25.715  4451  4451 I EntropyMixer: Added HW RNG output to entropy pool
08-26 09:10:25.715  4451  4451 I EntropyMixer: Writing entropy...
08-26 09:10:25.732  4451  4451 I SystemServer: Camera Service
08-26 09:10:25.732  4451  4451 I SystemServiceManager: Starting com.android.server.camera.CameraService
08-26 09:10:25.735  4451  4511 I ServiceThread: Enabled StrictMode logging for CameraService_proxy looper.
08-26 09:10:25.735  4451  4451 I SystemServer: Account Manager
08-26 09:10:25.755  4451  4451 I SystemServer: Content Manager
08-26 09:10:25.761  4451  4451 I SystemServer: System Content Providers
08-26 09:10:25.766  4451  4451 W System  : ClassLoader referenced unknown path: /system/priv-app/CMSettingsProvider/lib/arm64
08-26 09:10:25.782  4451  4451 W System  : ClassLoader referenced unknown path: /system/priv-app/SettingsProvider/lib/arm64
08-26 09:10:25.820  4451  4451 I SystemServer: Vibrator Service
08-26 09:10:25.825  4451  4451 I SystemServer: Consumer IR Service
08-26 09:10:25.825  4451  4451 E ConsumerIrService: Can't open consumer IR HW Module, error: -2
08-26 09:10:25.825  4451  4451 E System  : ******************************************
08-26 09:10:25.826  4451  4451 E System  : ************ Failure starting core service
08-26 09:10:25.826  4451  4451 E System  : java.lang.RuntimeException: FEATURE_CONSUMER_IR present, but no IR HAL loaded!
08-26 09:10:25.826  4451  4451 E System  : 	at com.android.server.ConsumerIrService.<init>(ConsumerIrService.java:51)
08-26 09:10:25.826  4451  4451 E System  : 	at com.android.server.SystemServer.startOtherServices(SystemServer.java:509)
08-26 09:10:25.826  4451  4451 E System  : 	at com.android.server.SystemServer.run(SystemServer.java:291)
08-26 09:10:25.826  4451  4451 E System  : 	at com.android.server.SystemServer.main(SystemServer.java:176)
08-26 09:10:25.826  4451  4451 E System  : 	at java.lang.reflect.Method.invoke(Native Method)
08-26 09:10:25.826  4451  4451 E System  : 	at com.android.internal.os.ZygoteInit$MethodAndArgsCaller.run(ZygoteInit.java:726)
08-26 09:10:25.826  4451  4451 E System  : 	at com.android.internal.os.ZygoteInit.main(ZygoteInit.java:616)
08-26 09:10:25.826  4451  4451 I SystemServer: Input Method Service
08-26 09:10:25.861  4451  4451 W InputMethodManagerService: No IME selected. Choose the most applicable IME.
08-26 09:10:25.862  4451  4451 I InputMethodManagerService: Default found, using com.android.inputmethod.latin/.LatinIME
08-26 09:10:25.865  4451  4451 I SystemServer: Accessibility Manager
08-26 09:10:25.873  2932  3040 E SurfaceFlinger: HWCService::notifyPSRExit failed
08-26 09:10:25.876  4451  4451 W SystemServer: ***********************************************
08-26 09:10:25.876  4451  4451 E SystemServer: BOOT FAILURE making display ready
08-26 09:10:25.876  4451  4451 E SystemServer: java.lang.NullPointerException: Attempt to invoke virtual method 'void com.android.server.wm.WindowManagerService.displayReady()' on a null object reference
08-26 09:10:25.876  4451  4451 E SystemServer: 	at com.android.server.SystemServer.startOtherServices(SystemServer.java:591)
08-26 09:10:25.876  4451  4451 E SystemServer: 	at com.android.server.SystemServer.run(SystemServer.java:291)
08-26 09:10:25.876  4451  4451 E SystemServer: 	at com.android.server.SystemServer.main(SystemServer.java:176)
08-26 09:10:25.876  4451  4451 E SystemServer: 	at java.lang.reflect.Method.invoke(Native Method)
08-26 09:10:25.876  4451  4451 E SystemServer: 	at com.android.internal.os.ZygoteInit$MethodAndArgsCaller.run(ZygoteInit.java:726)
08-26 09:10:25.876  4451  4451 E SystemServer: 	at com.android.internal.os.ZygoteInit.main(ZygoteInit.java:616)
08-26 09:10:25.878  4451  4451 I SystemServiceManager: Starting com.android.server.MountService$Lifecycle
08-26 09:10:25.884  2932  3425 I ServiceManager: Waiting for service Exynos.HWCService...
08-26 09:10:25.891  4451  4515 D MountService: Thinking about reset, mSystemReady=false, mDaemonConnected=true
08-26 09:10:25.891  4451  4515 D MountService: Thinking about reset, mSystemReady=false, mDaemonConnected=true
08-26 09:10:25.891  4451  4451 I SystemServiceManager: Starting com.android.server.UiModeManagerService
08-26 09:10:25.891  4451  4515 D CryptdConnector: SND -> {1 cryptfs getfield SystemLocale}
08-26 09:10:25.892  2918  2993 I Ext4Crypt: ext4 crypto complete called on /data
08-26 09:10:25.892  2918  2993 I Ext4Crypt: No master key, so not ext4enc
08-26 09:10:25.894  4451  4451 I ActivityManager: Config changes=200 {1.0 ?mcc?mnc en_US ldltr ?swdp ?wdp ?hdp ?density ?lsize ?long ?orien ?touch ?keyb/?/? ?nav/? s.2 themeResource=null}
08-26 09:10:25.896  4451  4517 D CryptdConnector: RCV <- {200 1 -1}
08-26 09:10:25.897  4451  4515 W MountService: No primary storage mounted!
08-26 09:10:25.897  4451  4515 D VoldConnector: SND -> {1 asec list}
08-26 09:10:25.898  4451  4516 D VoldConnector: RCV <- {200 1 asec operation succeeded}
08-26 09:10:25.898  4451  4515 I PackageManager: No secure containers found
08-26 09:10:25.899  4451  4515 W PackageManager: Unknown permission com.google.android.googleapps.permission.GOOGLE_AUTH in package com.android.providers.calendar
08-26 09:10:25.899  4451  4515 W PackageManager: Unknown permission com.google.android.googleapps.permission.GOOGLE_AUTH.cl in package com.android.providers.calendar
08-26 09:10:25.899  4451  4515 W PackageManager: Not granting permission android.permission.REAL_GET_TASKS to package org.cyanogenmod.wallpapers.photophase (protectionLevel=18 flags=0x3818be45)
08-26 09:10:25.900  4451  4515 W PackageManager: Unknown permission com.cyanogen.ambient.permission.BIND_CALLER_INFO in package com.android.messaging
08-26 09:10:25.900  4451  4515 W PackageManager: Not granting permission android.permission.ACCESS_DOWNLOAD_MANAGER to package com.android.browser (protectionLevel=18 flags=0x3849be45)
08-26 09:10:25.901  4451  4515 W PackageManager: Not granting permission android.permission.SEND_DOWNLOAD_COMPLETED_INTENTS to package com.android.browser (protectionLevel=2 flags=0x3849be45)
08-26 09:10:25.902  4451  4515 W PackageManager: Unknown permission com.cyngn.stats.SEND_ANALYTICS in package com.cyanogenmod.setupwizard
08-26 09:10:25.902  4451  4515 W PackageManager: Unknown permission com.cyanogen.permission.REQUEST_KILL_SWITCH_OP in package com.cyanogenmod.setupwizard
08-26 09:10:25.902  4451  4515 W PackageManager: Unknown permission com.cyanogen.ambient.permission.BIND_INCALL_SERVICE in package com.android.contacts
08-26 09:10:25.902  4451  4515 W PackageManager: Unknown permission com.cyanogen.ambient.permission.PLUGIN_STATUS_CHANGED in package com.android.contacts
08-26 09:10:25.902  4451  4515 W PackageManager: Unknown permission com.cyanogen.ambient.permission.BIND_CALLER_INFO in package com.android.contacts
08-26 09:10:25.903  4451  4515 W PackageManager: Unknown permission com.google.android.googleapps.permission.GOOGLE_AUTH.mail in package com.android.calendar
08-26 09:10:25.904  4451  4515 W PackageManager: Unknown permission com.android.launcher.permission.READ_SETTINGS in package com.android.onetimeinitializer
08-26 09:10:25.904  4451  4515 W PackageManager: Unknown permission com.android.launcher.permission.WRITE_SETTINGS in package com.android.onetimeinitializer
08-26 09:10:25.905  4451  4515 W PackageManager: Unknown permission com.cyanogen.ambient.permission.BIND_INCALL_SERVICE in package com.android.dialer
08-26 09:10:25.905  4451  4515 W PackageManager: Unknown permission com.cyanogen.ambient.permission.PLUGIN_STATUS_CHANGED in package com.android.dialer
08-26 09:10:25.905  4451  4515 W PackageManager: Unknown permission com.cyanogen.ambient.permission.PUBLISH_DISCOVERY_NUDGE in package com.android.dialer
08-26 09:10:25.905  4451  4515 W PackageManager: Unknown permission com.cyanogen.ambient.permission.BIND_DEEPLINK_SERVICE in package com.android.dialer
08-26 09:10:25.905  4451  4515 W PackageManager: Unknown permission com.cyanogen.ambient.permission.READ_DEEPLINK_DATABASE in package com.android.dialer
08-26 09:10:25.905  4451  4515 W PackageManager: Unknown permission com.cyanogen.ambient.permission.BIND_CALLER_INFO in package com.android.dialer
08-26 09:10:25.906  4451  4515 W PackageManager: Unknown permission com.android.launcher.permission.READ_SETTINGS in package com.cyanogenmod.trebuchet
08-26 09:10:25.906  4451  4515 W PackageManager: Unknown permission com.android.launcher.permission.WRITE_SETTINGS in package com.cyanogenmod.trebuchet
08-26 09:10:25.906  4451  4515 W PackageManager: Unknown permission com.cyngn.stats.SEND_ANALYTICS in package com.cyanogenmod.trebuchet
08-26 09:10:25.906  4451  4515 W PackageManager: Unknown permission android.permission.CANCEL_NOTIFICATIONS in package org.cyanogenmod.theme.chooser
08-26 09:10:25.906  4451  4515 W PackageManager: Unknown permission com.google.android.permission.INSTALL_WEARABLE_PACKAGES in package com.android.packageinstaller
08-26 09:10:25.906  4451  4515 W PackageManager: Not granting permission android.permission.DELETE_PACKAGES to package com.svox.pico (protectionLevel=18 flags=0x3808be45)
08-26 09:10:25.906  4451  4451 E System  : ******************************************
08-26 09:10:25.906  4451  4515 W PackageManager: Unknown permission android.permission.ACCESS_SUPERUSER in package com.cyanogenmod.filemanager
08-26 09:10:25.906  4451  4515 W PackageManager: Unknown permission com.cyanogenmod.filemanager.permissions.READ_THEME in package com.cyanogenmod.filemanager
08-26 09:10:25.907  4451  4515 W PackageManager: Unknown permission com.google.android.gallery3d.permission.PICASA_STORE in package com.android.dreams.phototable
08-26 09:10:25.907  4451  4515 W PackageManager: Unknown permission com.google.android.googleapps.permission.GOOGLE_AUTH in package com.android.settings
08-26 09:10:25.908  4451  4515 W PackageManager: Unknown permission com.android.launcher.permission.READ_SETTINGS in package com.android.settings
08-26 09:10:25.908  4451  4515 W PackageManager: Unknown permission com.android.launcher.permission.WRITE_SETTINGS in package com.android.settings
08-26 09:10:25.908  4451  4515 W PackageManager: Not granting permission android.permission.REAL_GET_TASKS to package com.cyanogenmod.eleven (protectionLevel=18 flags=0x3818be65)
08-26 09:10:25.912  4451  4451 E System  : ************ Failure starting system services
08-26 09:10:25.912  4451  4451 E System  : java.lang.NullPointerException: Attempt to invoke virtual method 'void com.android.server.wm.WindowManagerService.updateBootProgress(int, android.content.pm.ApplicationInfo, int, int, boolean)' on a null object reference
08-26 09:10:25.912  4451  4451 E System  : 	at com.android.server.am.ActivityManagerService.updateBootProgress(ActivityManagerService.java:6568)
08-26 09:10:25.912  4451  4451 E System  : 	at com.android.server.SystemServer.startOtherServices(SystemServer.java:624)
08-26 09:10:25.912  4451  4451 E System  : 	at com.android.server.SystemServer.run(SystemServer.java:291)
08-26 09:10:25.912  4451  4451 E System  : 	at com.android.server.SystemServer.main(SystemServer.java:176)
08-26 09:10:25.912  4451  4451 E System  : 	at java.lang.reflect.Method.invoke(Native Method)
08-26 09:10:25.912  4451  4451 E System  : 	at com.android.internal.os.ZygoteInit$MethodAndArgsCaller.run(ZygoteInit.java:726)
08-26 09:10:25.912  4451  4451 E System  : 	at com.android.internal.os.ZygoteInit.main(ZygoteInit.java:616)
08-26 09:10:25.912  4451  4451 D AndroidRuntime: Shutting down VM
08-26 09:10:25.912  4451  4451 E AndroidRuntime: *** FATAL EXCEPTION IN SYSTEM PROCESS: main
08-26 09:10:25.912  4451  4451 E AndroidRuntime: java.lang.NullPointerException: Attempt to invoke virtual method 'void com.android.server.wm.WindowManagerService.updateBootProgress(int, android.content.pm.ApplicationInfo, int, int, boolean)' on a null object reference
08-26 09:10:25.912  4451  4451 E AndroidRuntime: 	at com.android.server.am.ActivityManagerService.updateBootProgress(ActivityManagerService.java:6568)
08-26 09:10:25.912  4451  4451 E AndroidRuntime: 	at com.android.server.SystemServer.startOtherServices(SystemServer.java:624)
08-26 09:10:25.912  4451  4451 E AndroidRuntime: 	at com.android.server.SystemServer.run(SystemServer.java:291)
08-26 09:10:25.912  4451  4451 E AndroidRuntime: 	at com.android.server.SystemServer.main(SystemServer.java:176)
08-26 09:10:25.912  4451  4451 E AndroidRuntime: 	at java.lang.reflect.Method.invoke(Native Method)
08-26 09:10:25.912  4451  4451 E AndroidRuntime: 	at com.android.internal.os.ZygoteInit$MethodAndArgsCaller.run(ZygoteInit.java:726)
