12-04 05:48:03.582  4352  4352 W PackageManager: Unknown permission android.permission.ACCESS_SUPERUSER in package com.cyanogenmod.filemanager
12-04 05:48:03.582  4352  4352 W PackageManager: Unknown permission com.cyanogenmod.filemanager.permissions.READ_THEME in package com.cyanogenmod.filemanager
12-04 05:48:03.582  4352  4352 W PackageManager: Unknown permission com.google.android.gallery3d.permission.PICASA_STORE in package com.android.dreams.phototable
12-04 05:48:03.582  4352  4352 W PackageManager: Unknown permission com.google.android.googleapps.permission.GOOGLE_AUTH in package com.android.settings
12-04 05:48:03.582  4352  4352 W PackageManager: Unknown permission com.android.launcher.permission.READ_SETTINGS in package com.android.settings
12-04 05:48:03.582  4352  4352 W PackageManager: Unknown permission com.android.launcher.permission.WRITE_SETTINGS in package com.android.settings
12-04 05:48:03.583  4352  4352 W PackageManager: Not granting permission android.permission.REAL_GET_TASKS to package com.cyanogenmod.eleven (protectionLevel=18 flags=0x3818be65)
12-04 05:48:03.584  4352  4352 W PackageManager: Unknown permission com.google.android.gallery3d.permission.GALLERY_PROVIDER in package com.android.bluetooth
12-04 05:48:03.584  4352  4352 W PackageManager: Unknown permission com.google.android.googleapps.permission.ACCESS_GOOGLE_PASSWORD in package com.android.development
12-04 05:48:03.584  4352  4352 W PackageManager: Unknown permission com.google.android.googleapps.permission.GOOGLE_AUTH in package com.android.development
12-04 05:48:03.584  4352  4352 W PackageManager: Unknown permission com.google.android.googleapps.permission.GOOGLE_AUTH.ALL_SERVICES in package com.android.development
12-04 05:48:03.584  4352  4352 W PackageManager: Unknown permission com.google.android.googleapps.permission.GOOGLE_AUTH.YouTubeUser in package com.android.development
12-04 05:48:03.585  4352  4352 V PackageManager: Disabling com.google.android.gsf/com.google.android.gsf.update.SystemUpdateActivity
12-04 05:48:03.585  4352  4352 W PackageManager: Unable to disable com.google.android.gsf/com.google.android.gsf.update.SystemUpdateActivity
12-04 05:48:03.585  4352  4352 V PackageManager: Disabling com.google.android.gsf/com.google.android.gsf.update.SystemUpdateService$Receiver
12-04 05:48:03.585  4352  4352 W PackageManager: Unable to disable com.google.android.gsf/com.google.android.gsf.update.SystemUpdateService$Receiver
12-04 05:48:03.585  4352  4352 V PackageManager: Disabling com.google.android.gsf/com.google.android.gsf.update.SystemUpdateService$SecretCodeReceiver
12-04 05:48:03.585  4352  4352 W PackageManager: Unable to disable com.google.android.gsf/com.google.android.gsf.update.SystemUpdateService$SecretCodeReceiver
12-04 05:48:03.585  4352  4352 V PackageManager: Disabling com.google.android.gms/com.google.android.gms.update.SystemUpdateActivity
12-04 05:48:03.585  4352  4352 W PackageManager: Unable to disable com.google.android.gms/com.google.android.gms.update.SystemUpdateActivity
12-04 05:48:03.585  4352  4352 V PackageManager: Disabling com.google.android.gms/com.google.android.gms.update.SystemUpdateService$Receiver
12-04 05:48:03.585  4352  4352 W PackageManager: Unable to disable com.google.android.gms/com.google.android.gms.update.SystemUpdateService$Receiver
12-04 05:48:03.585  4352  4352 V PackageManager: Disabling com.google.android.gms/com.google.android.gms.update.SystemUpdateService$ActiveReceiver
12-04 05:48:03.585  4352  4352 W PackageManager: Unable to disable com.google.android.gms/com.google.android.gms.update.SystemUpdateService$ActiveReceiver
12-04 05:48:03.585  4352  4352 V PackageManager: Disabling com.google.android.gms/com.google.android.gms.update.SystemUpdateService$SecretCodeReceiver
12-04 05:48:03.585  4352  4352 W PackageManager: Unable to disable com.google.android.gms/com.google.android.gms.update.SystemUpdateService$SecretCodeReceiver
12-04 05:48:03.585  4352  4352 V PackageManager: Enabling com.google.android.gsf/com.google.android.gsf.update.SystemUpdateService
12-04 05:48:03.585  4352  4352 W PackageManager: Unable to enable com.google.android.gsf/com.google.android.gsf.update.SystemUpdateService
12-04 05:48:03.585  4352  4352 V PackageManager: Enabling com.google.android.gms/com.google.android.gms.update.SystemUpdateService
12-04 05:48:03.585  4352  4352 W PackageManager: Unable to enable com.google.android.gms/com.google.android.gms.update.SystemUpdateService
12-04 05:48:03.713  4352  4362 I art     : Background partial concurrent mark sweep GC freed 297727(18MB) AllocSpace objects, 63(4MB) LOS objects, 33% free, 30MB/46MB, paused 800us total 266.767ms
12-04 05:48:03.785  4352  4352 I art     : Starting a blocking GC Explicit
12-04 05:48:03.854  4352  4352 I art     : Explicit concurrent mark sweep GC freed 39745(2MB) AllocSpace objects, 4(464KB) LOS objects, 33% free, 27MB/41MB, paused 617us total 68.149ms
12-04 05:48:03.867  4352  4352 I SystemServer: User Service
12-04 05:48:03.884  2929  2929 I lowmemorykiller: ActivityManager connected
12-04 05:48:03.887  4352  4352 I SystemServiceManager: Starting com.android.server.BatteryService
12-04 05:48:03.900  4352  4401 I         : System server: starting sensor init.
12-04 05:48:03.902  4352  4401 D SensorService: nuSensorService starting...
12-04 05:48:03.906  4352  4401 I Sensors : getName:gyro_sensor name = K6DS3TR.
12-04 05:48:03.906  4352  4401 I Sensors : Proximity old sensor_state 0, new sensor_state : 128 en : 1
12-04 05:48:03.919  4352  4352 I SystemServiceManager: Starting com.android.server.usage.UsageStatsService
12-04 05:48:03.927  4352  4401 I Sensors : Light old sensor_state 128, new sensor_state : 640 en : 1
12-04 05:48:03.932  4352  4401 I Sensors : Light_IR old sensor_state 640, new sensor_state : 16777856 en : 1
12-04 05:48:03.932  4352  4401 E Sensors : Light_IR_Sensor write failed. ret = -1, sensor_state = 16777856
12-04 05:48:04.004  4352  4401 I Sensors : SigMotionSensor old sensor_state 640, new sensor_state : 17024 en : 1
12-04 05:48:04.009  4352  4401 I Sensors : getName:gyro_sensor name = K6DS3TR.
12-04 05:48:04.010  4352  4401 I Sensors : StepCounterSensor old sensor_state 17024, new sensor_state : 279168 en : 1
12-04 05:48:04.010  4352  4401 E Sensors : StepCounterSensor write failed. ret = -1, sensor_state = 279168
12-04 05:48:04.010  4352  4401 I Sensors : Int.Gyro old sensor_state 17024, new sensor_state : 33571456 en : 1
12-04 05:48:04.010  4352  4401 E Sensors : Int.GyroSensor write failed. ret = -1, sensor_state = 33571456
12-04 05:48:04.010  4352  4401 I Sensors : getName:gyro_sensor name = K6DS3TR.
12-04 05:48:04.011  4352  4401 I Sensors : HrmSpO2Sensor:: part type = 12.
12-04 05:48:04.011  4352  4401 D Sensors : HrmSpO2Sensor::type:12, prox threshold:10000
12-04 05:48:04.011  4352  4401 D Sensors : HrmSpO2Sensor::handle:0 ,en:1
12-04 05:48:04.014  4352  4401 E Sensors : HrmSpO2Sensor::Error MAXIM Flicker Library...handle=0x0
12-04 05:48:04.014  4352  4401 D Sensors : HrmSpO2Sensor::HrmSpO2Sensor: Shared version Registered
12-04 05:48:04.014  4352  4401 D Sensors : HrmLedSensor enable: mEnabled 0, handle 20, en 1
12-04 05:48:04.014  4352  4401 D Sensors : HRMSensor led enabled:1, en:1
12-04 05:48:04.051  4352  4352 I UsageStatsService: User[0] Rollover scheduled @ 2016-12-05 00:00:00(1480896000000)
12-04 05:48:04.052  4352  4352 I SystemServiceManager: Starting com.android.server.webkit.WebViewUpdateService
12-04 05:48:04.055  4352  4401 I Sensors : getVendor:hrm_sensor vendor = MAXIM.
12-04 05:48:04.055  4352  4401 I Sensors : HrmLedSensor: HrmLedSensor vendor = MAXIM.
12-04 05:48:04.055  4352  4401 D Sensors : HRMSensor_LED::libhr open start!! 
12-04 05:48:04.055  4352  4401 E Sensors : HRMSensor_LED::libhr open failed 
12-04 05:48:04.055  4352  4401 E Sensors : GripSensor: enable
12-04 05:48:04.057  4352  4352 I SystemServer: Reading configuration...
12-04 05:48:04.057  4352  4352 I SystemServer: Scheduling Policy
12-04 05:48:04.060  4352  4352 I SystemServiceManager: Starting com.android.server.telecom.TelecomLoaderService
12-04 05:48:04.061  4352  4352 I SystemServer: Telephony Registry
12-04 05:48:04.067  4352  4352 I SystemServer: Entropy Mixer
12-04 05:48:04.085  4352  4401 I Sensors : Proximity old sensor_state 17024, new sensor_state : 16896 en : 0
12-04 05:48:04.085  4352  4401 I Sensors : Light old sensor_state 16896, new sensor_state : 16384 en : 0
12-04 05:48:04.085  4352  4401 I Sensors : SigMotionSensor old sensor_state 16384, new sensor_state : 0 en : 0
12-04 05:48:04.085  4352  4401 E Sensors : GripSensor: enable
12-04 05:48:04.085  4352  4401 D Sensors : HrmSpO2Sensor::handle:19 ,en:0
12-04 05:48:04.085  4352  4401 D Sensors : HrmSpO2Sensor::isEnabled:0 ,en:0, mEn:0
12-04 05:48:04.085  4352  4401 D Sensors : HrmSpO2Sensor::handle:28 ,en:0
12-04 05:48:04.086  4352  4401 D Sensors : HrmSpO2Sensor::isEnabled:0 ,en:0, mEn:0
12-04 05:48:04.086  4352  4401 D Sensors : HrmLedSensor enable: mEnabled 1, handle 20, en 0
12-04 05:48:04.086  4352  4401 D Sensors : HRMSensor_LED::enable 
12-04 05:48:04.086  4352  4401 D Sensors : HRMSensor led enabled:0, en:0
12-04 05:48:04.087  4352  4401 D Sensors : HrmLedSensor enable: mEnabled 0, handle 21, en 0
12-04 05:48:04.087  4352  4401 D Sensors : HrmLedSensor isEnabled:0 ,en:0
12-04 05:48:04.087  4352  4401 D Sensors : HrmSpO2Sensor::handle:18 ,en:0
12-04 05:48:04.087  4352  4401 D Sensors : HrmSpO2Sensor::isEnabled:0 ,en:0, mEn:0
12-04 05:48:04.088  4352  4401 I         : System server: sensor init done.
12-04 05:48:04.089  4352  4404 D SensorService: new thread SensorEventAckReceiver
12-04 05:48:04.090  4352  4405 D SensorService: nuSensorService thread starting...
12-04 05:48:04.116  4352  4352 I EntropyMixer: Added HW RNG output to entropy pool
12-04 05:48:04.116  4352  4352 I EntropyMixer: Writing entropy...
12-04 05:48:04.136  4352  4352 I SystemServer: Camera Service
12-04 05:48:04.136  4352  4352 I SystemServiceManager: Starting com.android.server.camera.CameraService
12-04 05:48:04.139  4352  4406 I ServiceThread: Enabled StrictMode logging for CameraService_proxy looper.
12-04 05:48:04.140  4352  4352 I SystemServer: Account Manager
12-04 05:48:04.144  4352  4352 I SystemServer: Content Manager
12-04 05:48:04.149  4352  4352 I SystemServer: System Content Providers
12-04 05:48:04.155  4352  4352 W System  : ClassLoader referenced unknown path: /system/priv-app/CMSettingsProvider/lib/arm64
12-04 05:48:04.182  4352  4352 W System  : ClassLoader referenced unknown path: /system/priv-app/SettingsProvider/lib/arm64
12-04 05:48:04.222  4352  4352 I SystemServer: Vibrator Service
12-04 05:48:04.237  4352  4352 I SystemServer: Consumer IR Service
12-04 05:48:04.237  4352  4352 E ConsumerIrService: Can't open consumer IR HW Module, error: -2
12-04 05:48:04.238  4352  4352 E System  : ******************************************
12-04 05:48:04.238  4352  4352 E System  : ************ Failure starting core service
12-04 05:48:04.238  4352  4352 E System  : java.lang.RuntimeException: FEATURE_CONSUMER_IR present, but no IR HAL loaded!
12-04 05:48:04.238  4352  4352 E System  : 	at com.android.server.ConsumerIrService.<init>(ConsumerIrService.java:51)
12-04 05:48:04.238  4352  4352 E System  : 	at com.android.server.SystemServer.startOtherServices(SystemServer.java:509)
12-04 05:48:04.238  4352  4352 E System  : 	at com.android.server.SystemServer.run(SystemServer.java:291)
12-04 05:48:04.238  4352  4352 E System  : 	at com.android.server.SystemServer.main(SystemServer.java:176)
12-04 05:48:04.238  4352  4352 E System  : 	at java.lang.reflect.Method.invoke(Native Method)
12-04 05:48:04.238  4352  4352 E System  : 	at com.android.internal.os.ZygoteInit$MethodAndArgsCaller.run(ZygoteInit.java:726)
12-04 05:48:04.238  4352  4352 E System  : 	at com.android.internal.os.ZygoteInit.main(ZygoteInit.java:616)
12-04 05:48:04.238  4352  4352 I SystemServer: Input Method Service
12-04 05:48:04.290  4352  4367 I SyncManager: No initial statistics
12-04 05:48:04.346  4352  4352 W InputMethodManagerService: No IME selected. Choose the most applicable IME.
12-04 05:48:04.346  4352  4352 I InputMethodManagerService: Default found, using com.android.inputmethod.latin/.LatinIME
12-04 05:48:04.355  4352  4352 I SystemServer: Accessibility Manager
12-04 05:48:04.370  4352  4352 W SystemServer: ***********************************************
12-04 05:48:04.371  4352  4352 E SystemServer: BOOT FAILURE making display ready
12-04 05:48:04.371  4352  4352 E SystemServer: java.lang.NullPointerException: Attempt to invoke virtual method 'void com.android.server.wm.WindowManagerService.displayReady()' on a null object reference
12-04 05:48:04.371  4352  4352 E SystemServer: 	at com.android.server.SystemServer.startOtherServices(SystemServer.java:591)
12-04 05:48:04.371  4352  4352 E SystemServer: 	at com.android.server.SystemServer.run(SystemServer.java:291)
12-04 05:48:04.371  4352  4352 E SystemServer: 	at com.android.server.SystemServer.main(SystemServer.java:176)
12-04 05:48:04.371  4352  4352 E SystemServer: 	at java.lang.reflect.Method.invoke(Native Method)
12-04 05:48:04.371  4352  4352 E SystemServer: 	at com.android.internal.os.ZygoteInit$MethodAndArgsCaller.run(ZygoteInit.java:726)
12-04 05:48:04.371  4352  4352 E SystemServer: 	at com.android.internal.os.ZygoteInit.main(ZygoteInit.java:616)
12-04 05:48:04.373  4352  4352 I SystemServiceManager: Starting com.android.server.MountService$Lifecycle
12-04 05:48:04.386  4352  4352 I SystemServiceManager: Starting com.android.server.UiModeManagerService
12-04 05:48:04.389  4352  4352 I ActivityManager: Config changes=200 {1.0 ?mcc?mnc en_US ldltr ?swdp ?wdp ?hdp ?density ?lsize ?long ?orien ?touch ?keyb/?/? ?nav/? s.2 themeResource=null}
12-04 05:48:04.392  4352  4352 E System  : ******************************************
12-04 05:48:04.403  4352  4352 E System  : ************ Failure starting system services
12-04 05:48:04.403  4352  4352 E System  : java.lang.NullPointerException: Attempt to invoke virtual method 'void com.android.server.wm.WindowManagerService.updateBootProgress(int, android.content.pm.ApplicationInfo, int, int, boolean)' on a null object reference
12-04 05:48:04.403  4352  4352 E System  : 	at com.android.server.am.ActivityManagerService.updateBootProgress(ActivityManagerService.java:6581)
12-04 05:48:04.403  4352  4352 E System  : 	at com.android.server.SystemServer.startOtherServices(SystemServer.java:624)
12-04 05:48:04.403  4352  4352 E System  : 	at com.android.server.SystemServer.run(SystemServer.java:291)
12-04 05:48:04.403  4352  4352 E System  : 	at com.android.server.SystemServer.main(SystemServer.java:176)
12-04 05:48:04.403  4352  4352 E System  : 	at java.lang.reflect.Method.invoke(Native Method)
12-04 05:48:04.403  4352  4352 E System  : 	at com.android.internal.os.ZygoteInit$MethodAndArgsCaller.run(ZygoteInit.java:726)
12-04 05:48:04.403  4352  4352 E System  : 	at com.android.internal.os.ZygoteInit.main(ZygoteInit.java:616)
12-04 05:48:04.404  4352  4352 D AndroidRuntime: Shutting down VM
12-04 05:48:04.404  4352  4352 E AndroidRuntime: *** FATAL EXCEPTION IN SYSTEM PROCESS: main
12-04 05:48:04.404  4352  4352 E AndroidRuntime: java.lang.NullPointerException: Attempt to invoke virtual method 'void com.android.server.wm.WindowManagerService.updateBootProgress(int, android.content.pm.ApplicationInfo, int, int, boolean)' on a null object reference
12-04 05:48:04.404  4352  4352 E AndroidRuntime: 	at com.android.server.am.ActivityManagerService.updateBootProgress(ActivityManagerService.java:6581)
12-04 05:48:04.404  4352  4352 E AndroidRuntime: 	at com.android.server.SystemServer.startOtherServices(SystemServer.java:624)
12-04 05:48:04.404  4352  4352 E AndroidRuntime: 	at com.android.server.SystemServer.run(SystemServer.java:291)
12-04 05:48:04.404  4352  4352 E AndroidRuntime: 	at com.android.server.SystemServer.main(SystemServer.java:176)
12-04 05:48:04.404  4352  4352 E AndroidRuntime: 	at java.lang.reflect.Method.invoke(Native Method)
12-04 05:48:04.404  4352  4352 E AndroidRuntime: 	at com.android.internal.os.ZygoteInit$MethodAndArgsCaller.run(ZygoteInit.java:726)
12-04 05:48:04.404  4352  4352 E AndroidRuntime: 	at com.android.internal.os.ZygoteInit.main(ZygoteInit.java:616)
12-04 05:48:04.406  4352  4352 I Process : Sending signal. PID: 4352 SIG: 9
12-04 05:48:04.446  3007  3007 E installd: eof
12-04 05:48:04.446  3007  3007 E installd: failed to read size
12-04 05:48:04.446  3007  3007 I installd: closing connection
12-04 05:48:04.446  2929  2929 I lowmemorykiller: ActivityManager disconnected
12-04 05:48:04.446  2929  2929 I lowmemorykiller: Closing Activity Manager data connection
12-04 05:48:04.446  2930  2930 I ServiceManager: service 'sensorservice' died
12-04 05:48:04.446  2930  2930 I ServiceManager: service 'package' died
12-04 05:48:04.446  2930  2930 I ServiceManager: service 'user' died
12-04 05:48:04.446  2930  2930 I ServiceManager: service 'activity' died
12-04 05:48:04.446  2930  2930 I ServiceManager: service 'procstats' died
12-04 05:48:04.446  2930  2930 I ServiceManager: service 'meminfo' died
12-04 05:48:04.446  2930  2930 I ServiceManager: service 'gfxinfo' died
12-04 05:48:04.446  2930  2930 I ServiceManager: service 'dbinfo' died
12-04 05:48:04.446  2930  2930 I ServiceManager: service 'cpuinfo' died
12-04 05:48:04.446  2930  2930 I ServiceManager: service 'permission' died
12-04 05:48:04.446  2930  2930 I ServiceManager: service 'processinfo' died
12-04 05:48:04.446  2930  2930 I ServiceManager: service 'batterymanager' died
12-04 05:48:04.446  2930  2930 I ServiceManager: service 'usagestats' died
12-04 05:48:04.446  2930  2930 I ServiceManager: service 'webviewupdate' died
12-04 05:48:04.446  2930  2930 I ServiceManager: service 'scheduling_policy' died
12-04 05:48:04.447  2930  2930 I ServiceManager: service 'telephony.registry' died
12-04 05:48:04.447  2930  2930 I ServiceManager: service 'media.camera.proxy' died
12-04 05:48:04.447  2930  2930 I ServiceManager: service 'account' died
12-04 05:48:04.447  2930  2930 I ServiceManager: service 'content' died
12-04 05:48:04.447  2930  2930 I ServiceManager: service 'vibrator' died
12-04 05:48:04.447  2930  2930 I ServiceManager: service 'input_method' died
12-04 05:48:04.447  2930  2930 I ServiceManager: service 'accessibility' died
12-04 05:48:04.447  2930  2930 I ServiceManager: service 'mount' died
12-04 05:48:04.447  2930  2930 I ServiceManager: service 'uimode' died
12-04 05:48:04.447  2930  2930 I ServiceManager: service 'batterystats' died
12-04 05:48:04.447  2930  2930 I ServiceManager: service 'appops' died
12-04 05:48:04.447  2930  2930 I ServiceManager: service 'power' died
12-04 05:48:04.447  2930  2930 I ServiceManager: service 'display' died
12-04 05:48:05.253  4074  4074 E Zygote  : Exit zygote because system server (4352) has terminated
12-04 05:48:05.305  2930  2930 I ServiceManager: service 'media.radio' died
12-04 05:48:05.305  2930  2930 I ServiceManager: service 'media.sound_trigger_hw' died
12-04 05:48:05.305  2930  2930 I ServiceManager: service 'media.audio_flinger' died
12-04 05:48:05.305  2930  2930 I ServiceManager: service 'media.player' died
12-04 05:48:05.305  2930  2930 I ServiceManager: service 'media.resource_manager' died
12-04 05:48:05.305  2930  2930 I ServiceManager: service 'media.camera' died
12-04 05:48:05.305  2930  2930 I ServiceManager: service 'media.audio_policy' died
12-04 05:48:05.423  4414  4414 I Netd    : Netd 1.0 starting
12-04 05:48:05.423  4414  4414 I QtiConnectivityAdapter: Failed to open libconnctrl, some features may not be present.
12-04 05:48:05.423  4414  4414 D TetherController: Setting IP forward enable = 0
12-04 05:48:05.419  3336  3336 W auditd  : type=1325 audit(0.0:851): table=filter family=2 entries=52
12-04 05:48:05.419  3336  3336 W auditd  : type=1320 audit(0.0:851): 
12-04 05:48:05.429  3336  3336 W auditd  : type=1325 audit(0.0:852): table=filter family=10 entries=55
12-04 05:48:05.429  3336  3336 W auditd  : type=1320 audit(0.0:852): 
12-04 05:48:05.439  3336  3336 W auditd  : type=1325 audit(0.0:853): table=filter family=2 entries=51
12-04 05:48:05.439  3336  3336 W auditd  : type=1320 audit(0.0:853): 
12-04 05:48:05.448  4413  4413 V MediaUtils: physMem: 3748511744
12-04 05:48:05.448  4413  4413 V MediaUtils: requested limit: 2436532605
12-04 05:48:05.448  4413  4413 V MediaUtils: actual limit: 2436532605
12-04 05:48:05.448  4413  4413 V MediaUtils: original limits: 4294967295/4294967295
12-04 05:48:05.448  4413  4413 V MediaUtils: new limits: 2436532605/4294967295
12-04 05:48:05.450  4413  4413 I mediaserver: ServiceManager: 0xf660e120
12-04 05:48:05.450  4413  4413 I AudioFlinger: Using default 3000 mSec as standby time.
12-04 05:48:05.450  4413  4413 E BatteryNotifier: batterystats service unavailable!
12-04 05:48:05.450  4413  4413 E BatteryNotifier: batterystats service unavailable!
12-04 05:48:05.450  4413  4413 I CameraService: CameraService started (pid=4413)
12-04 05:48:05.450  4413  4413 I CameraService: CameraService process starting
12-04 05:48:05.451  4413  4413 E BatteryNotifier: batterystats service unavailable!
12-04 05:48:05.451  4413  4413 E BatteryNotifier: batterystats service unavailable!
12-04 05:48:05.451  4413  4413 E CameraService: Could not load camera HAL module: -2 (No such file or directory)
12-04 05:48:05.451  4413  4413 I AudioPolicyService: AudioPolicyService CSTOR in new mode
12-04 05:48:05.451  4413  4413 I APM::ConfigParsingUtils: loadAudioPolicyConfig() loaded /system/etc/audio_policy.conf
12-04 05:48:05.449  3336  3336 W auditd  : type=1325 audit(0.0:854): table=filter family=10 entries=54
12-04 05:48:05.449  3336  3336 W auditd  : type=1320 audit(0.0:854): 
12-04 05:48:05.459  3336  3336 W auditd  : type=1325 audit(0.0:855): table=filter family=2 entries=50
12-04 05:48:05.459  3336  3336 W auditd  : type=1320 audit(0.0:855): 
12-04 05:48:05.469  3336  3336 W auditd  : type=1325 audit(0.0:856): table=filter family=10 entries=53
12-04 05:48:05.469  3336  3336 W auditd  : type=1320 audit(0.0:856): 
12-04 05:48:05.479  3336  3336 W auditd  : type=1325 audit(0.0:857): table=filter family=2 entries=48
12-04 05:48:05.479  3336  3336 W auditd  : type=1320 audit(0.0:857): 
12-04 05:48:05.489  3336  3336 W auditd  : type=1325 audit(0.0:858): table=filter family=10 entries=51
12-04 05:48:05.489  3336  3336 W auditd  : type=1320 audit(0.0:858): 
12-04 05:48:05.499  3336  3336 W auditd  : type=1325 audit(0.0:859): table=filter family=2 entries=50
12-04 05:48:05.499  3336  3336 W auditd  : type=1320 audit(0.0:859): 
12-04 05:48:05.509  3336  3336 W auditd  : type=1325 audit(0.0:860): table=filter family=10 entries=53
12-04 05:48:05.509  3336  3336 W auditd  : type=1320 audit(0.0:860): 
12-04 05:48:05.983  4413  4413 E audio_route: Failed to open /system/etc/mixer_paths.xml
12-04 05:48:05.989  4413  4413 I AudioFlinger: loadHwModule() Loaded primary audio interface from Samsung audio HW HAL (audio) handle 1
12-04 05:48:05.989  4413  4413 I AudioFlinger: openOutput(), module 1 Device 2, SamplingRate 44100, Format 0x000001, Channels 3, flags 2
12-04 05:48:05.989  4413  4413 I AudioFlinger: AudioStreamOut::open(), mHalFormatIsLinearPcm = 1
12-04 05:48:05.989  4413  4413 I AudioFlinger: HAL output buffer size 256 frames, normal sink buffer size 960 frames
12-04 05:48:05.990  4413  4413 I BufferProvider: found effect "Multichannel Downmix To Stereo" from The Android Open Source Project
12-04 05:48:05.991  4413  4413 E MonoPipe: Failed to fetch local time frequency when constructing a MonoPipe (res = -32).  getNextWriteTimestamp calls will be non-functional
12-04 05:48:05.991  4413  4413 I AudioFlinger: Using module 1 has the primary audio interface
12-04 05:48:05.991  4413  4523 I AudioFlinger: AudioFlinger's thread 0xf4a80000 ready to run
12-04 05:48:05.991  4413  4523 V audio_hw_primary: do_out_standby: output standby: 1
12-04 05:48:05.991  4413  4523 V audio_hw_primary: out_set_parameters: key value pairs: routing=2
12-04 05:48:05.991  4413  4523 E AudioFlinger: no wake lock to update!
12-04 05:48:05.992  4413  4413 V audio_hw_primary: adev_open_input_stream: Created resampler converting 48000 -> 16000
12-04 05:48:05.992  4413  4413 V audio_hw_primary: adev_open_input_stream: Requesting input stream with rate: 16000, channels: 0xc
12-04 05:48:05.992  4413  4525 I AudioFlinger: AudioFlinger's thread 0xf4700000 ready to run
12-04 05:48:05.993  4413  4413 I r_submix: adev_open(name=audio_hw_if)
12-04 05:48:05.993  4413  4413 I r_submix: adev_init_check()
12-04 05:48:05.993  4413  4413 I AudioFlinger: loadHwModule() Loaded r_submix audio interface from Wifi Display audio HAL (audio) handle 4
12-04 05:48:05.993  4413  4413 D r_submix: adev_open_input_stream(addr=0)
12-04 05:48:05.993  4413  4413 D r_submix: submix_audio_device_create_pipe_l(addr=0, idx=9)
12-04 05:48:05.993  4413  4413 D r_submix:   now using address 0 for route 9
12-04 05:48:05.993  4413  4526 I AudioFlinger: AudioFlinger's thread 0xf4700000 ready to run
12-04 05:48:05.993  4413  4413 D r_submix: adev_close_input_stream()
12-04 05:48:05.993  4413  4413 D r_submix: submix_audio_device_release_pipe_l(idx=9) addr=0
12-04 05:48:05.993  4413  4413 D r_submix: submix_audio_device_destroy_pipe_l(): pipe destroyed
12-04 05:48:05.994  4413  4413 E SoundTriggerHwService: couldn't load sound trigger module sound_trigger.primary (No such file or directory)
12-04 05:48:05.994  4413  4413 I RadioService: RadioService
12-04 05:48:05.994  4413  4413 I RadioService: onFirstRef
12-04 05:48:05.994  4413  4413 E RadioService: couldn't load radio module radio.primary (No such file or directory)
12-04 05:48:06.156  4412  4412 D AndroidRuntime: >>>>>> START com.android.internal.os.ZygoteInit uid 0 <<<<<<
12-04 05:48:06.160  4412  4412 D AndroidRuntime: CheckJNI is ON
12-04 05:48:06.161  4412  4412 I art     : option[0]=-Xzygote
12-04 05:48:06.161  4412  4412 I art     : option[1]=-Xcheck:jni
12-04 05:48:06.161  4412  4412 I art     : option[2]=-Xstacktracefile:/data/anr/traces.txt
12-04 05:48:06.161  4412  4412 I art     : option[3]=exit
12-04 05:48:06.161  4412  4412 I art     : option[4]=vfprintf
12-04 05:48:06.161  4412  4412 I art     : option[5]=sensitiveThread
12-04 05:48:06.161  4412  4412 I art     : option[6]=-verbose:gc
12-04 05:48:06.161  4412  4412 I art     : option[7]=-Xms8m
12-04 05:48:06.161  4412  4412 I art     : option[8]=-Xmx768m
12-04 05:48:06.161  4412  4412 I art     : option[9]=-XX:HeapGrowthLimit=288m
12-04 05:48:06.161  4412  4412 I art     : option[10]=-XX:HeapMinFree=2m
12-04 05:48:06.161  4412  4412 I art     : option[11]=-XX:HeapMaxFree=8m
12-04 05:48:06.161  4412  4412 I art     : option[12]=-XX:HeapTargetUtilization=0.75
12-04 05:48:06.161  4412  4412 I art     : option[13]=-Xusejit:true
12-04 05:48:06.161  4412  4412 I art     : option[14]=-agentlib:jdwp=transport=dt_android_adb,suspend=n,server=y
12-04 05:48:06.161  4412  4412 I art     : option[15]=-Xlockprofthreshold:500
12-04 05:48:06.161  4412  4412 I art     : option[16]=-Ximage-compiler-option
12-04 05:48:06.161  4412  4412 I art     : option[17]=--runtime-arg
12-04 05:48:06.161  4412  4412 I art     : option[18]=-Ximage-compiler-option
12-04 05:48:06.161  4412  4412 I art     : option[19]=-Xms64m
12-04 05:48:06.161  4412  4412 I art     : option[20]=-Ximage-compiler-option
12-04 05:48:06.161  4412  4412 I art     : option[21]=--runtime-arg
12-04 05:48:06.161  4412  4412 I art     : option[22]=-Ximage-compiler-option
12-04 05:48:06.161  4412  4412 I art     : option[23]=-Xmx64m
12-04 05:48:06.161  4412  4412 I art     : option[24]=-Ximage-compiler-option
12-04 05:48:06.161  4412  4412 I art     : option[25]=--compiler-filter=verify-at-runtime
12-04 05:48:06.161  4412  4412 I art     : option[26]=-Ximage-compiler-option
12-04 05:48:06.161  4412  4412 I art     : option[27]=--image-classes=/system/etc/preloaded-classes
12-04 05:48:06.161  4412  4412 I art     : option[28]=-Xcompiler-option
12-04 05:48:06.161  4412  4412 I art     : option[29]=--runtime-arg
12-04 05:48:06.161  4412  4412 I art     : option[30]=-Xcompiler-option
12-04 05:48:06.161  4412  4412 I art     : option[31]=-Xms64m
12-04 05:48:06.161  4412  4412 I art     : option[32]=-Xcompiler-option
12-04 05:48:06.161  4412  4412 I art     : option[33]=--runtime-arg
12-04 05:48:06.161  4412  4412 I art     : option[34]=-Xcompiler-option
12-04 05:48:06.161  4412  4412 I art     : option[35]=-Xmx512m
12-04 05:48:06.161  4412  4412 I art     : option[36]=-Xcompiler-option
12-04 05:48:06.161  4412  4412 I art     : option[37]=--compiler-filter=verify-at-runtime
12-04 05:48:06.161  4412  4412 I art     : option[38]=-Ximage-compiler-option
12-04 05:48:06.161  4412  4412 I art     : option[39]=--instruction-set-variant=generic
12-04 05:48:06.161  4412  4412 I art     : option[40]=-Xcompiler-option
12-04 05:48:06.161  4412  4412 I art     : option[41]=--instruction-set-variant=generic
12-04 05:48:06.161  4412  4412 I art     : option[42]=-Ximage-compiler-option
12-04 05:48:06.161  4412  4412 I art     : option[43]=--instruction-set-features=default
12-04 05:48:06.161  4412  4412 I art     : option[44]=-Xcompiler-option
12-04 05:48:06.161  4412  4412 I art     : option[45]=--instruction-set-features=default
12-04 05:48:06.161  4412  4412 I art     : option[46]=-Duser.locale=en-US
12-04 05:48:06.161  4412  4412 I art     : option[47]=--cpu-abilist=arm64-v8a,armeabi
12-04 05:48:06.161  4412  4412 I art     : option[48]=-Xfingerprint:samsung/cm_hero2ltexx/hero2ltexx:6.0.1/MOB31K/94b0276246:eng/test-keys
12-04 05:48:06.266  4412  4412 D ICU     : No timezone override file found: /data/misc/zoneinfo/current/icu/icu_tzdata.dat
12-04 05:48:06.425  4412  4412 I Radio-JNI: register_android_hardware_Radio DONE
12-04 05:48:06.429  3336  3336 W auditd  : type=1325 audit(0.0:1018): table=filter family=2 entries=47
12-04 05:48:06.429  3336  3336 W auditd  : type=1320 audit(0.0:1018): 
12-04 05:48:06.432  4412  4412 I SamplingProfilerIntegration: Profiling disabled.
12-04 05:48:06.432  4412  4412 D Zygote  : begin preload
12-04 05:48:06.433  4412  4412 I Zygote  : Preloading classes...
12-04 05:48:06.439  3336  3336 W auditd  : type=1325 audit(0.0:1019): table=filter family=10 entries=51
12-04 05:48:06.439  3336  3336 W auditd  : type=1320 audit(0.0:1019): 
12-04 05:48:06.449  3336  3336 W auditd  : type=1325 audit(0.0:1020): table=filter family=2 entries=48
12-04 05:48:06.449  3336  3336 W auditd  : type=1320 audit(0.0:1020): 
12-04 05:48:06.459  3336  3336 W auditd  : type=1325 audit(0.0:1021): table=filter family=10 entries=52
12-04 05:48:06.459  3336  3336 W auditd  : type=1320 audit(0.0:1021): 
12-04 05:48:06.499  3336  3336 W auditd  : type=1325 audit(0.0:1022): table=filter family=2 entries=49
12-04 05:48:06.499  3336  3336 W auditd  : type=1320 audit(0.0:1022): 
12-04 05:48:06.509  3336  3336 W auditd  : type=1325 audit(0.0:1023): table=filter family=10 entries=53
12-04 05:48:06.509  3336  3336 W auditd  : type=1320 audit(0.0:1023): 
12-04 05:48:06.519  3336  3336 W auditd  : type=1325 audit(0.0:1024): table=filter family=2 entries=49
12-04 05:48:06.519  3336  3336 W auditd  : type=1320 audit(0.0:1024): 
12-04 05:48:06.539  3336  3336 W auditd  : type=1325 audit(0.0:1025): table=filter family=10 entries=53
12-04 05:48:06.539  3336  3336 W auditd  : type=1320 audit(0.0:1025): 
12-04 05:48:06.549  3336  3336 W auditd  : type=1325 audit(0.0:1026): table=filter family=2 entries=47
12-04 05:48:06.549  3336  3336 W auditd  : type=1320 audit(0.0:1026): 
12-04 05:48:06.559  3336  3336 W auditd  : type=1325 audit(0.0:1027): table=filter family=10 entries=51
12-04 05:48:06.559  3336  3336 W auditd  : type=1320 audit(0.0:1027): 
12-04 05:48:06.572  4412  4412 E Minikin : addFont failed to create font /system/fonts/NanumGothic.ttf
12-04 05:48:06.573  4412  4412 E Minikin : addFont failed to create font /system/fonts/DroidSansFallback.ttf
12-04 05:48:06.573  4412  4412 E Minikin : addFont failed to create font /system/fonts/MTLmr3m.ttf
12-04 05:48:06.582  4414  4414 V NatController: runCmd(/system/bin/iptables -w -F natctrl_FORWARD) res=0
12-04 05:48:06.593  4414  4414 V NatController: runCmd(/system/bin/iptables -w -A natctrl_FORWARD -j DROP) res=0
12-04 05:48:06.605  4414  4414 V NatController: runCmd(/system/bin/iptables -w -t nat -F natctrl_nat_POSTROUTING) res=0
12-04 05:48:06.617  4414  4414 V NatController: runCmd(/system/bin/iptables -w -F natctrl_tether_counters) res=0
12-04 05:48:06.629  4414  4414 V NatController: runCmd(/system/bin/iptables -w -X natctrl_tether_counters) res=0
12-04 05:48:06.642  4414  4414 V NatController: runCmd(/system/bin/iptables -w -N natctrl_tether_counters) res=0
12-04 05:48:06.653  4414  4414 V NatController: runCmd(/system/bin/iptables -w -t mangle -A natctrl_mangle_FORWARD -p tcp --tcp-flags SYN SYN -j TCPMSS --clamp-mss-to-pmtu) res=0
12-04 05:48:06.703  4412  4412 V DngCreator_JNI: DngCreator_nativeClassInit:
12-04 05:48:06.908  4412  4412 I art     : Thread[1,tid=4412,Native,Thread*=0x7f8af3ba00,peer=0x12c2d100,"main"] recursive attempt to load library "/system/lib64/libmedia_jni.so"
12-04 05:48:06.908  4412  4412 D MtpDeviceJNI: register_android_mtp_MtpDevice
12-04 05:48:06.909  4412  4412 I art     : Thread[1,tid=4412,Native,Thread*=0x7f8af3ba00,peer=0x12c2d100,"main"] recursive attempt to load library "/system/lib64/libmedia_jni.so"
12-04 05:48:06.909  4412  4412 I art     : Thread[1,tid=4412,Native,Thread*=0x7f8af3ba00,peer=0x12c2d100,"main"] recursive attempt to load library "/system/lib64/libmedia_jni.so"
12-04 05:48:07.135  4412  4412 W System  : ClassLoader referenced unknown path: /system/framework/tcmclient.jar
12-04 05:48:07.338  4412  4412 I System  : Loaded time zone names for "" in 70ms (69ms in ICU)
12-04 05:48:07.346  4414  4414 E Netd    : cannot find interface dummy0
12-04 05:48:07.349  4414  4414 D MDnsDS  : MDnsSdListener::Hander starting up
12-04 05:48:07.350  4414  4681 D MDnsDS  : MDnsSdListener starting to monitor
12-04 05:48:07.350  4414  4681 D MDnsDS  : Going to poll with pollCount 1
12-04 05:48:07.381  4412  4412 I System  : Loaded time zone names for "en_US" in 43ms (40ms in ICU)
12-04 05:48:07.411  4412  4412 I Zygote  : ...preloaded 3831 classes in 979ms.
12-04 05:48:07.412  4412  4412 I art     : VMRuntime.preloadDexCaches starting
12-04 05:48:07.607  4412  4412 I art     : VMRuntime.preloadDexCaches strings total=249480 before=44901 after=44901
12-04 05:48:07.607  4412  4412 I art     : VMRuntime.preloadDexCaches types total=20343 before=6892 after=6923
12-04 05:48:07.607  4412  4412 I art     : VMRuntime.preloadDexCaches fields total=100632 before=36118 after=36550
12-04 05:48:07.607  4412  4412 I art     : VMRuntime.preloadDexCaches methods total=172964 before=71279 after=71806
12-04 05:48:07.607  4412  4412 I art     : VMRuntime.preloadDexCaches finished
12-04 05:48:07.649  4685  4685 D idmap   : error: no read access to /vendor/overlay: No such file or directory
12-04 05:48:07.668  4412  4412 I Zygote  : Preloading resources...
12-04 05:48:09.017  4412  4412 I Zygote  : ...preloaded 342 resources in 1349ms.
12-04 05:48:09.056  4412  4412 I Zygote  : ...preloaded 41 resources in 38ms.
12-04 05:48:09.114  4412  4412 D libEGL  : loaded /vendor/lib64/egl/libGLES_mali.so
12-04 05:48:09.143  4412  4412 I Zygote  : Preloading shared libraries...
12-04 05:48:09.150  4412  4412 D Zygote  : end preload
12-04 05:48:09.151  4412  4412 I art     : Starting a blocking GC Explicit
12-04 05:48:09.190  4412  4412 I art     : Explicit concurrent mark sweep GC freed 11295(455KB) AllocSpace objects, 0(0B) LOS objects, 38% free, 25MB/41MB, paused 169us total 30.275ms
12-04 05:48:09.190  4412  4412 I art     : Starting a blocking GC Explicit
12-04 05:48:09.216  4412  4412 I art     : Explicit concurrent mark sweep GC freed 2424(114KB) AllocSpace objects, 0(0B) LOS objects, 38% free, 25MB/41MB, paused 156us total 24.735ms
12-04 05:48:09.216  4412  4584 I art     : Starting a blocking GC HeapTrim
12-04 05:48:09.227  4412  4412 I art     : Starting a blocking GC Background
12-04 05:48:09.316  4412  4412 I Zygote  : System server process 4691 has been created
12-04 05:48:09.318  4412  4412 I Zygote  : Accepting command socket connections
12-04 05:48:09.344  4691  4691 I Zygote  : Process: zygote socket opened, supported ABIS: armeabi-v7a,armeabi
12-04 05:48:09.345  4691  4691 I InstallerConnection: connecting...
12-04 05:48:09.345  3007  3007 I installd: new connection
12-04 05:48:09.349  4691  4691 I InstallerConnection: disconnecting...
12-04 05:48:09.349  3007  3007 E installd: eof
12-04 05:48:09.349  3007  3007 E installd: failed to read size
12-04 05:48:09.349  3007  3007 I installd: closing connection
12-04 05:48:09.377  4691  4691 I SystemServer: Entered the Android system server!
12-04 05:48:09.476  4691  4691 I SystemServiceManager: Starting com.android.server.pm.Installer
12-04 05:48:09.477  4691  4691 I Installer: Waiting for installd to be ready.
12-04 05:48:09.477  4691  4691 I InstallerConnection: connecting...
12-04 05:48:09.478  3007  3007 I installd: new connection
12-04 05:48:09.478  4691  4691 I SystemServiceManager: Starting com.android.server.am.ActivityManagerService$Lifecycle
12-04 05:48:09.494  4691  4691 I ActivityManager: choosing minFree values for 64 Bit
12-04 05:48:09.494  4691  4691 I ActivityManager: choosing minFree values for 64 Bit
12-04 05:48:09.494  4691  4691 I ActivityManager: choosing minFree values for 64 Bit
12-04 05:48:09.494  4691  4691 I ActivityManager: choosing minFree values for 64 Bit
12-04 05:48:09.494  4691  4691 I ActivityManager: choosing minFree values for 64 Bit
12-04 05:48:09.494  4691  4691 I ActivityManager: choosing minFree values for 64 Bit
12-04 05:48:09.498  4691  4691 I ActivityManager: Memory class: 288
12-04 05:48:09.512  4691  4705 I ServiceThread: Enabled StrictMode logging for ActivityManager looper.
12-04 05:48:09.514  4691  4706 I ServiceThread: Enabled StrictMode logging for android.ui looper.
12-04 05:48:09.531  4691  4691 D BatteryStatsImpl: Reading daily items from /data/system/batterystats-daily.xml
12-04 05:48:09.549  4691  4691 I AppOps  : No existing app ops /data/system/appops.xml; starting empty
12-04 05:48:09.684  4691  4691 I IntentFirewall: Read new rules (A:0 B:0 S:0)
12-04 05:48:09.690  4691  4710 I ServiceThread: Enabled StrictMode logging for android.display looper.
12-04 05:48:09.699  4691  4691 D AppOps  : AppOpsService published
12-04 05:48:09.699  4691  4691 I SystemServiceManager: Starting com.android.server.power.PowerManagerService
12-04 05:48:09.714  4691  4712 I ServiceThread: Enabled StrictMode logging for PowerManagerService looper.
12-04 05:48:09.715  4691  4691 W libsuspend: Error writing 'on' to /sys/power/state: Invalid argument
12-04 05:48:09.715  4691  4691 I libsuspend: Selected wakeup count
12-04 05:48:09.719  4691  4691 I SystemServiceManager: Starting com.android.server.lights.LightsService
12-04 05:48:09.720  4691  4691 I SystemServiceManager: Starting com.android.server.display.DisplayManagerService
12-04 05:48:09.730  2931  2994 E SurfaceFlinger: getDefaultDisplay: id=2 is not a valid default display id
12-04 05:48:09.745  4691  4710 I DisplayManagerService: Display device added: DisplayDeviceInfo{"Built-in Screen": uniqueId="local:0", 1440 x 2560, modeId 1, defaultModeId 1, supportedModes [{id=1, width=1440, height=2560, fps=59.312}], colorTransformId 1, defaultColorTransformId 1, supportedColorTransforms [{id=1, colorTransform=0}], density 640, 537.8823 x 532.9836 dpi, appVsyncOff 0, presDeadline 17859994, touch INTERNAL, rotation 0, type BUILT_IN, state UNKNOWN, FLAG_DEFAULT_DISPLAY, FLAG_ROTATES_WITH_CONTENT, FLAG_SECURE, FLAG_SUPPORTS_PROTECTED_BUFFERS}
12-04 05:48:09.746  2931  2931 D SurfaceFlinger: Set power mode=2, type=0 flinger=0x7fa1543c00
12-04 05:48:09.746  2931  2931 D SurfaceFlinger: Screen type=0 is already mode=2
12-04 05:48:09.746  4691  4691 I SystemServiceManager: Starting phase 100
12-04 05:48:09.748  4691  4710 I DisplayManagerService: Display device changed state: "Built-in Screen", ON
12-04 05:48:09.748  4691  4691 I SystemServer: Package Manager
12-04 05:48:09.755  4691  4691 W SELinuxMMAC: Error opening /data/system/seapp_hash. Assuming first boot.
12-04 05:48:09.872  4691  4691 D SELinuxMMAC: Using policy file /system/etc/security/mac_permissions.xml
12-04 05:48:10.139  4691  4691 E art     : DexFile_getDexOptNeeded file '/system/framework/org.apache.http.legacy.jar' does not exist
12-04 05:48:10.139  4691  4691 W PackageManager: Library not found: /system/framework/org.apache.http.legacy.jar
12-04 05:48:10.139  4691  4691 E art     : DexFile_getDexOptNeeded file '/system/framework/com.android.nfc_extras.jar' does not exist
12-04 05:48:10.139  4691  4691 W PackageManager: Library not found: /system/framework/com.android.nfc_extras.jar
12-04 05:48:10.155  4691  4691 E art     : DexFile_getDexOptNeeded file '/system/framework/org.apache.http.legacy.jar' does not exist
12-04 05:48:10.155  4691  4691 W PackageManager: Library not found: /system/framework/org.apache.http.legacy.jar
12-04 05:48:10.155  4691  4691 E art     : DexFile_getDexOptNeeded file '/system/framework/com.android.nfc_extras.jar' does not exist
12-04 05:48:10.155  4691  4691 W PackageManager: Library not found: /system/framework/com.android.nfc_extras.jar
12-04 05:48:10.205  4691  4691 D PackageManager: No files in app dir /vendor/overlay
12-04 05:48:10.205  4691  4691 D PackageManager: start scanDirLI:/system/framework
12-04 05:48:10.206  4691  4691 D PackageManager: max thread:6
12-04 05:48:10.240  4691  4718 W PackageManager: Failed to parse /system/framework/arm64: Missing base APK in /system/framework/arm64
12-04 05:48:10.240  4691  4720 W PackageManager: Failed to parse /system/framework/oat: Missing base APK in /system/framework/oat
12-04 05:48:10.246  4691  4717 W PackageManager: Failed to parse /system/framework/arm: Missing base APK in /system/framework/arm
12-04 05:48:10.337  4691  4721 I PackageManager: SELinux relabeling of cyanogenmod.platform issued.
12-04 05:48:10.355  4691  4721 W PackageManager: Permission cyanogenmod.permission.WRITE_ALARMS from package cyanogenmod.platform in an unknown group android.permission-group.SYSTEM_CLOCK
12-04 05:48:10.355  4691  4721 W PackageManager: Permission cyanogenmod.permission.MANAGE_ALARMS from package cyanogenmod.platform in an unknown group android.permission-group.SYSTEM_CLOCK
12-04 05:48:10.355  4691  4721 W PackageManager: Permission cyanogenmod.permission.READ_ALARMS from package cyanogenmod.platform in an unknown group android.permission-group.SYSTEM_CLOCK
12-04 05:48:10.758  4691  4719 W PackageManager: Permission android.permission.SET_KEYGUARD_WALLPAPER from package android in an unknown group android.permission-group.WALLPAPER
12-04 05:48:10.759  4691  4719 W PackageManager: Permission android.permission.MODIFY_PROTECTED_SMS_LIST from package android in an unknown group android.permission-group.MESSAGES
12-04 05:48:10.759  4691  4719 W PackageManager: Permission android.permission.RECEIVE_PROTECTED_SMS from package android in an unknown group android.permission-group.MESSAGES
12-04 05:48:10.759  4691  4719 W PackageManager: Permission android.permission.RESET_BATTERY_STATS from package android in an unknown group android.permission-group.SYSTEM_TOOLS
12-04 05:48:10.760  4691  4691 D PackageManager: end scanDirLI:/system/framework
12-04 05:48:10.761  4691  4691 D PackageManager: start scanDirLI:/system/priv-app
12-04 05:48:10.761  4691  4691 D PackageManager: max thread:6
12-04 05:48:10.860  4691  4718 I PackageManager: SELinux relabeling of com.android.backupconfirm issued.
12-04 05:48:10.874  4691  4720 I PackageManager: SELinux relabeling of org.cyanogenmod.cmaudio.service issued.
12-04 05:48:10.878  4691  4717 I PackageManager: SELinux relabeling of org.cyanogenmod.cmsettings issued.
12-04 05:48:11.006  4691  4719 I PackageManager: SELinux relabeling of com.android.providers.calendar issued.
12-04 05:48:11.129  4691  4718 I PackageManager: SELinux relabeling of com.android.calllogbackup issued.
12-04 05:48:11.169  4691  4721 I PackageManager: SELinux relabeling of com.cyanogenmod.updater issued.
12-04 05:48:11.172  4691  4722 I PackageManager: SELinux relabeling of org.cyanogenmod.audiofx issued.
12-04 05:48:11.209  4691  4717 I PackageManager: SELinux relabeling of com.android.cellbroadcastreceiver issued.
12-04 05:48:11.219  4691  4719 W PackageParser: No actions in intent filter at /system/priv-app/Contacts/Contacts.apk Binary XML file line #301
12-04 05:48:11.335  4691  4718 I PackageManager: SELinux relabeling of com.android.providers.contacts issued.
12-04 05:48:11.338  4691  4721 I PackageManager: SELinux relabeling of org.cyanogenmod.providers.datausage issued.
12-04 05:48:11.404  4691  4717 I PackageManager: SELinux relabeling of com.android.defcontainer issued.
12-04 05:48:11.422  4691  4721 I PackageManager: SELinux relabeling of com.android.providers.downloads issued.
12-04 05:48:11.452  4691  4720 I PackageManager: SELinux relabeling of com.android.carrierconfig issued.
12-04 05:48:11.537  4691  4718 W PackageParser: No actions in intent filter at /system/priv-app/Dialer/Dialer.apk Binary XML file line #152
12-04 05:48:11.588  4691  4720 I PackageManager: SELinux relabeling of com.android.location.fused issued.
12-04 05:48:11.589  4691  4717 I PackageManager: SELinux relabeling of com.android.externalstorage issued.
12-04 05:48:11.671  4691  4721 W PackageManager: Permission android.permission.DOWNLOAD_WITHOUT_NOTIFICATION from package com.android.providers.downloads in an unknown group android.permission-group.NETWORK
12-04 05:48:11.685  4691  4717 I PackageManager: SELinux relabeling of org.cyanogenmod.livelockscreen.service issued.
12-04 05:48:11.869  4691  4721 I PackageManager: SELinux relabeling of com.android.inputdevices issued.
12-04 05:48:11.907  4691  4720 I PackageManager: SELinux relabeling of com.android.managedprovisioning issued.
12-04 05:48:11.970  4691  4701 I art     : Background sticky concurrent mark sweep GC freed 166138(11MB) AllocSpace objects, 121(5MB) LOS objects, 19% free, 33MB/41MB, paused 1.702ms total 751.393ms
12-04 05:48:11.982  4691  4717 I PackageManager: SELinux relabeling of com.android.providers.media issued.
12-04 05:48:12.048  4691  4721 I PackageManager: SELinux relabeling of com.android.mms.service issued.
12-04 05:48:12.177  4691  4720 I PackageManager: SELinux relabeling of com.android.onetimeinitializer issued.
12-04 05:48:12.191  4691  4721 I PackageManager: SELinux relabeling of com.android.proxyhandler issued.
12-04 05:48:12.355  4691  4720 I PackageManager: SELinux relabeling of org.cyanogenmod.screencast issued.
12-04 05:48:12.524  4691  4720 I PackageManager: SELinux relabeling of com.android.providers.settings issued.
12-04 05:48:12.572  4691  4717 I PackageManager: SELinux relabeling of com.android.packageinstaller issued.
12-04 05:48:12.691  4691  4717 I PackageManager: SELinux relabeling of com.android.shell issued.
12-04 05:48:12.691  4691  4720 I PackageManager: SELinux relabeling of com.android.sharedstoragebackup issued.
12-04 05:48:12.742  4691  4722 I PackageManager: SELinux relabeling of com.cyanogenmod.setupwizard issued.
12-04 05:48:12.881  4691  4720 I PackageManager: SELinux relabeling of com.android.statementservice issued.
12-04 05:48:12.949  4691  4719 I PackageManager: SELinux relabeling of com.android.contacts issued.
12-04 05:48:12.983  4691  4717 W PackageParser: Ignoring duplicate uses-permissions/uses-permissions-sdk-m: android.permission.ACCESS_WIFI_STATE in package: com.android.phone at: Binary XML file line #134
12-04 05:48:13.138  4691  4720 I PackageManager: SELinux relabeling of com.android.server.telecom issued.
12-04 05:48:13.276  4691  4717 I PackageManager: SELinux relabeling of com.android.phone issued.
12-04 05:48:13.278  4691  4719 I PackageManager: SELinux relabeling of com.android.providers.telephony issued.
12-04 05:48:13.512  4691  4719 I PackageManager: SELinux relabeling of org.cyanogenmod.themeservice issued.
12-04 05:48:13.573  4691  4718 I PackageManager: SELinux relabeling of com.android.dialer issued.
12-04 05:48:13.586  4691  4717 I PackageManager: SELinux relabeling of org.cyanogenmod.themes.provider issued.
12-04 05:48:13.610  4691  4720 I PackageManager: SELinux relabeling of org.cyanogenmod.theme.chooser2 issued.
12-04 05:48:13.747  4691  4720 I PackageManager: SELinux relabeling of com.android.vpndialogs issued.
12-04 05:48:13.781  4691  4717 I PackageManager: SELinux relabeling of org.cyanogenmod.weatherservice issued.
12-04 05:48:13.804  4691  4718 I PackageManager: SELinux relabeling of com.android.wallpapercropper issued.
12-04 05:48:13.819  4691  4701 I art     : Background partial concurrent mark sweep GC freed 145982(9MB) AllocSpace objects, 71(4MB) LOS objects, 30% free, 36MB/52MB, paused 5.547ms total 1.012s
12-04 05:48:13.915  4691  4719 I PackageManager: SELinux relabeling of com.cyanogenmod.trebuchet issued.
12-04 05:48:13.981  4691  4720 I PackageManager: SELinux relabeling of org.cyanogenmod.weather.provider issued.
12-04 05:48:13.985  4691  4719 W PackageManager: Permission com.android.launcher.permission.INSTALL_SHORTCUT from package com.cyanogenmod.trebuchet in an unknown group android.permission-group.SYSTEM_TOOLS
12-04 05:48:13.985  4691  4719 W PackageManager: Permission com.android.launcher3.permission.READ_SETTINGS from package com.cyanogenmod.trebuchet in an unknown group android.permission-group.SYSTEM_TOOLS
12-04 05:48:13.985  4691  4719 W PackageManager: Permission com.android.launcher3.permission.WRITE_SETTINGS from package com.cyanogenmod.trebuchet in an unknown group android.permission-group.SYSTEM_TOOLS
