08-27 06:00:59.227  3310  3310 E gralloc : invalid yuv format 5
08-27 06:00:59.228  3310  3310 W GraphicBufferAllocator: alloc(1440, 2560, 5, 00001a00, ...) failed -22 (Invalid argument)
08-27 06:00:59.228  3310  3310 E         : GraphicBufferAlloc::createGraphicBuffer(w=1440, h=2560) failed (Invalid argument), handle=0x0
08-27 06:00:59.228  3310  3310 E BufferQueueProducer: [FramebufferSurface] allocateBuffers: failed to allocate buffer (0 x 0, format 5, usage 512)
08-27 06:00:59.228  3310  3310 D SurfaceFlinger: Set power mode=2, type=0 flinger=0x7fa6703c00
08-27 06:00:59.229  3066  3066 W auditd  : type=1325 audit(0.0:78): table=filter family=10 entries=31
08-27 06:00:59.229  3066  3066 W auditd  : type=1320 audit(0.0:78): 
08-27 06:00:59.229  3310  3310 I hwcomposer: int exynos_setPowerMode(hwc_composer_device_1*, int, int):: disp(0), mode(2)
08-27 06:00:59.239  3066  3066 W auditd  : type=1325 audit(0.0:79): table=filter family=2 entries=33
08-27 06:00:59.239  3066  3066 W auditd  : type=1320 audit(0.0:79): 
08-27 06:00:59.249  3066  3066 W auditd  : type=1325 audit(0.0:80): table=filter family=10 entries=33
08-27 06:00:59.249  3066  3066 W auditd  : type=1320 audit(0.0:80): 
08-27 06:00:59.281  3002  3002 W System  : ClassLoader referenced unknown path: /system/framework/tcmclient.jar
08-27 06:00:59.286  3311  3311 V MediaUtils: physMem: 3759357952
08-27 06:00:59.286  3311  3311 V MediaUtils: requested limit: 2443582635
08-27 06:00:59.286  3311  3311 V MediaUtils: actual limit: 2443582635
08-27 06:00:59.286  3311  3311 V MediaUtils: original limits: 4294967295/4294967295
08-27 06:00:59.286  3311  3311 V MediaUtils: new limits: 2443582635/4294967295
08-27 06:00:59.287  3311  3311 I mediaserver: ServiceManager: 0xf65ce120
08-27 06:00:59.287  3311  3311 I AudioFlinger: Using default 3000 mSec as standby time.
08-27 06:00:59.287  3311  3311 E BatteryNotifier: batterystats service unavailable!
08-27 06:00:59.287  3311  3311 E BatteryNotifier: batterystats service unavailable!
08-27 06:00:59.287  3311  3311 I CameraService: CameraService started (pid=3311)
08-27 06:00:59.287  3311  3311 I CameraService: CameraService process starting
08-27 06:00:59.288  3311  3311 E BatteryNotifier: batterystats service unavailable!
08-27 06:00:59.288  3311  3311 E BatteryNotifier: batterystats service unavailable!
08-27 06:00:59.288  3311  3311 E CameraService: Could not load camera HAL module: -2 (No such file or directory)
08-27 06:00:59.289  3311  3311 I AudioPolicyService: AudioPolicyService CSTOR in new mode
08-27 06:00:59.289  3311  3311 I APM::ConfigParsingUtils: loadAudioPolicyConfig() loaded /system/etc/audio_policy.conf
08-27 06:00:59.374  3312  3312 D AndroidRuntime: >>>>>> START com.android.internal.os.ZygoteInit uid 0 <<<<<<
08-27 06:00:59.377  3312  3312 D AndroidRuntime: CheckJNI is ON
08-27 06:00:59.377  3312  3312 I art     : option[0]=-Xzygote
08-27 06:00:59.377  3312  3312 I art     : option[1]=-Xcheck:jni
08-27 06:00:59.377  3312  3312 I art     : option[2]=-Xstacktracefile:/data/anr/traces.txt
08-27 06:00:59.377  3312  3312 I art     : option[3]=exit
08-27 06:00:59.377  3312  3312 I art     : option[4]=vfprintf
08-27 06:00:59.377  3312  3312 I art     : option[5]=sensitiveThread
08-27 06:00:59.377  3312  3312 I art     : option[6]=-verbose:gc
08-27 06:00:59.377  3312  3312 I art     : option[7]=-Xms8m
08-27 06:00:59.377  3312  3312 I art     : option[8]=-Xmx768m
08-27 06:00:59.377  3312  3312 I art     : option[9]=-XX:HeapGrowthLimit=288m
08-27 06:00:59.377  3312  3312 I art     : option[10]=-XX:HeapMinFree=2m
08-27 06:00:59.377  3312  3312 I art     : option[11]=-XX:HeapMaxFree=8m
08-27 06:00:59.377  3312  3312 I art     : option[12]=-XX:HeapTargetUtilization=0.75
08-27 06:00:59.377  3312  3312 I art     : option[13]=-Xusejit:true
08-27 06:00:59.377  3312  3312 I art     : option[14]=-agentlib:jdwp=transport=dt_android_adb,suspend=n,server=y
08-27 06:00:59.377  3312  3312 I art     : option[15]=-Xlockprofthreshold:500
08-27 06:00:59.377  3312  3312 I art     : option[16]=-Ximage-compiler-option
08-27 06:00:59.377  3312  3312 I art     : option[17]=--runtime-arg
08-27 06:00:59.377  3312  3312 I art     : option[18]=-Ximage-compiler-option
08-27 06:00:59.377  3312  3312 I art     : option[19]=-Xms64m
08-27 06:00:59.377  3312  3312 I art     : option[20]=-Ximage-compiler-option
08-27 06:00:59.377  3312  3312 I art     : option[21]=--runtime-arg
08-27 06:00:59.377  3312  3312 I art     : option[22]=-Ximage-compiler-option
08-27 06:00:59.377  3312  3312 I art     : option[23]=-Xmx64m
08-27 06:00:59.377  3312  3312 I art     : option[24]=-Ximage-compiler-option
08-27 06:00:59.377  3312  3312 I art     : option[25]=--compiler-filter=verify-at-runtime
08-27 06:00:59.377  3312  3312 I art     : option[26]=-Ximage-compiler-option
08-27 06:00:59.377  3312  3312 I art     : option[27]=--image-classes=/system/etc/preloaded-classes
08-27 06:00:59.377  3312  3312 I art     : option[28]=-Xcompiler-option
08-27 06:00:59.377  3312  3312 I art     : option[29]=--runtime-arg
08-27 06:00:59.377  3312  3312 I art     : option[30]=-Xcompiler-option
08-27 06:00:59.378  3312  3312 I art     : option[31]=-Xms64m
08-27 06:00:59.378  3312  3312 I art     : option[32]=-Xcompiler-option
08-27 06:00:59.378  3312  3312 I art     : option[33]=--runtime-arg
08-27 06:00:59.378  3312  3312 I art     : option[34]=-Xcompiler-option
08-27 06:00:59.378  3312  3312 I art     : option[35]=-Xmx512m
08-27 06:00:59.378  3312  3312 I art     : option[36]=-Xcompiler-option
08-27 06:00:59.378  3312  3312 I art     : option[37]=--compiler-filter=verify-at-runtime
08-27 06:00:59.378  3312  3312 I art     : option[38]=-Ximage-compiler-option
08-27 06:00:59.378  3312  3312 I art     : option[39]=--instruction-set-variant=generic
08-27 06:00:59.378  3312  3312 I art     : option[40]=-Xcompiler-option
08-27 06:00:59.378  3312  3312 I art     : option[41]=--instruction-set-variant=generic
08-27 06:00:59.378  3312  3312 I art     : option[42]=-Ximage-compiler-option
08-27 06:00:59.378  3312  3312 I art     : option[43]=--instruction-set-features=default
08-27 06:00:59.378  3312  3312 I art     : option[44]=-Xcompiler-option
08-27 06:00:59.378  3312  3312 I art     : option[45]=--instruction-set-features=default
08-27 06:00:59.378  3312  3312 I art     : option[46]=-Duser.locale=en-US
08-27 06:00:59.378  3312  3312 I art     : option[47]=--cpu-abilist=arm64-v8a,armeabi
08-27 06:00:59.378  3312  3312 I art     : option[48]=-Xfingerprint:samsung/cm_hero2ltexx/hero2ltexx:6.0.1/MOB30Z/c6668f47a1:eng/test-keys
08-27 06:00:59.414  3312  3312 D ICU     : No timezone override file found: /data/misc/zoneinfo/current/icu/icu_tzdata.dat
08-27 06:00:59.567  3312  3312 I Radio-JNI: register_android_hardware_Radio DONE
08-27 06:00:59.612  3312  3312 I SamplingProfilerIntegration: Profiling disabled.
08-27 06:00:59.612  3312  3312 D Zygote  : begin preload
08-27 06:00:59.614  3312  3312 I Zygote  : Preloading classes...
08-27 06:00:59.635  3310  3310 D SurfaceFlinger: SF. shader cache generated - 26 shaders in 358.324707 ms
08-27 06:00:59.635  3310  3310 E gralloc : invalid yuv format 5
08-27 06:00:59.635  3310  3310 W GraphicBufferAllocator: alloc(1440, 2560, 5, 00001a00, ...) failed -22 (Invalid argument)
08-27 06:00:59.635  3310  3310 E         : GraphicBufferAlloc::createGraphicBuffer(w=1440, h=2560) failed (Invalid argument), handle=0x0
08-27 06:00:59.635  3310  3310 E BufferQueueProducer: [FramebufferSurface] dequeueBuffer: createGraphicBuffer failed
08-27 06:00:59.635  3310  3310 D         : NULL == surf->write_back_color_buffer
08-27 06:00:59.635  3310  3310 W         : GLES-MALI OOM error: failed to allocate CPU memory (gles_fb_first_drawcall_cb at hardware/samsung_slsi/MaliT880_r12p0_JF/product/gles/src/fb/mali_gles_fb_module_api.c:1281)
08-27 06:00:59.635  3310  3310 E BufferQueueProducer: [FramebufferSurface] dequeueBuffer: can't dequeue multiple buffers without setting the buffer count
08-27 06:00:59.635  3310  3310 D         : NULL == surf->write_back_color_buffer
08-27 06:00:59.635  3310  3310 F SurfaceFlinger: eglSwapBuffers(0x1, 0x7fa6263700) failed with 0x0000300d
08-27 06:00:59.635  3310  3310 F libc    : Fatal signal 6 (SIGABRT), code -6 in tid 3310 (surfaceflinger)
08-27 06:00:59.636  2993  2993 I DEBUG   : property debug.db.uid not set; NOT waiting for gdb.
08-27 06:00:59.636  2993  2993 I DEBUG   : HINT: adb shell setprop debug.db.uid 100000
08-27 06:00:59.636  2993  2993 I DEBUG   : HINT: adb forward tcp:5039 tcp:5039
08-27 06:00:59.686  3002  3002 I System  : Loaded time zone names for "" in 24ms (21ms in ICU)
08-27 06:00:59.686  2993  2993 F DEBUG   : *** *** *** *** *** *** *** *** *** *** *** *** *** *** *** ***
08-27 06:00:59.686  2993  2993 F DEBUG   : CM Version: '13.0-20160827-UNOFFICIAL-hero2ltexx'
08-27 06:00:59.686  2993  2993 F DEBUG   : Build fingerprint: 'samsung/cm_hero2ltexx/hero2ltexx:6.0.1/MOB30Z/c6668f47a1:eng/test-keys'
08-27 06:00:59.686  2993  2993 F DEBUG   : Revision: '0'
08-27 06:00:59.686  2993  2993 F DEBUG   : ABI: 'arm64'
08-27 06:00:59.686  2993  2993 F DEBUG   : pid: 3310, tid: 3310, name: surfaceflinger  >>> /system/bin/surfaceflinger <<<
08-27 06:00:59.686  2993  2993 F DEBUG   : signal 6 (SIGABRT), code -6 (SI_TKILL), fault addr --------
08-27 06:00:59.693  2993  2993 F DEBUG   : Abort message: 'eglSwapBuffers(0x1, 0x7fa6263700) failed with 0x0000300d'
08-27 06:00:59.693  2993  2993 F DEBUG   :     x0   0000000000000000  x1   0000000000000cee  x2   0000000000000006  x3   0000000000000000
08-27 06:00:59.693  2993  2993 F DEBUG   :     x4   0000000000000000  x5   0000000000000001  x6   0000000000000000  x7   0000000000000000
08-27 06:00:59.693  2993  2993 F DEBUG   :     x8   0000000000000083  x9   0000000000000049  x10  0000007fcd03737c  x11  0000007fcd0373b8
08-27 06:00:59.693  2993  2993 F DEBUG   :     x12  0000007fcd037290  x13  0000000000000039  x14  0000007fcd037468  x15  0000000000000000
08-27 06:00:59.693  2993  2993 F DEBUG   :     x16  0000007fa6e58560  x17  0000007fa6de9d6c  x18  0000007fa700e3a4  x19  0000007fa71030d8
08-27 06:00:59.693  2993  2993 F DEBUG   :     x20  0000007fa7103018  x21  0000000000000019  x22  0000000000000006  x23  0000000000000001
08-27 06:00:59.693  2993  2993 F DEBUG   :     x24  0000000000000000  x25  0000000000000018  x26  0000007fa670f4a8  x27  0000007fa7089000
08-27 06:00:59.693  2993  2993 F DEBUG   :     x28  0000000000000001  x29  0000007fcd037320  x30  0000007fa6de7508
08-27 06:00:59.693  2993  2993 F DEBUG   :     sp   0000007fcd037320  pc   0000007fa6de9d74  pstate 0000000020000000
08-27 06:00:59.698  2993  2993 F DEBUG   : 
08-27 06:00:59.698  2993  2993 F DEBUG   : backtrace:
08-27 06:00:59.698  2993  2993 F DEBUG   :     #00 pc 0000000000069d74  /system/lib64/libc.so (tgkill+8)
08-27 06:00:59.698  2993  2993 F DEBUG   :     #01 pc 0000000000067504  /system/lib64/libc.so (pthread_kill+68)
08-27 06:00:59.698  2993  2993 F DEBUG   :     #02 pc 0000000000023448  /system/lib64/libc.so (raise+28)
08-27 06:00:59.698  2993  2993 F DEBUG   :     #03 pc 000000000001dbe8  /system/lib64/libc.so (abort+60)
08-27 06:00:59.698  2993  2993 F DEBUG   :     #04 pc 000000000000de78  /system/lib64/libcutils.so (__android_log_assert+236)
08-27 06:00:59.698  2993  2993 F DEBUG   :     #05 pc 000000000001e400  /system/lib64/libsurfaceflinger.so
08-27 06:00:59.698  2993  2993 F DEBUG   :     #06 pc 0000000000030cac  /system/lib64/libsurfaceflinger.so
08-27 06:00:59.698  2993  2993 F DEBUG   :     #07 pc 000000000002f804  /system/lib64/libsurfaceflinger.so
08-27 06:00:59.698  2993  2993 F DEBUG   :     #08 pc 000000000002e720  /system/lib64/libsurfaceflinger.so
08-27 06:00:59.698  2993  2993 F DEBUG   :     #09 pc 000000000002e488  /system/lib64/libsurfaceflinger.so
08-27 06:00:59.698  2993  2993 F DEBUG   :     #10 pc 000000000001aed4  /system/lib64/libutils.so (_ZN7android6Looper9pollInnerEi+312)
08-27 06:00:59.698  2993  2993 F DEBUG   :     #11 pc 000000000001b20c  /system/lib64/libutils.so (_ZN7android6Looper8pollOnceEiPiS1_PPv+80)
08-27 06:00:59.698  2993  2993 F DEBUG   :     #12 pc 000000000002a6f4  /system/lib64/libsurfaceflinger.so
08-27 06:00:59.698  2993  2993 F DEBUG   :     #13 pc 000000000002df7c  /system/lib64/libsurfaceflinger.so (_ZN7android14SurfaceFlinger3runEv+20)
08-27 06:00:59.698  2993  2993 F DEBUG   :     #14 pc 00000000000011ec  /system/bin/surfaceflinger
08-27 06:00:59.698  2993  2993 F DEBUG   :     #15 pc 000000000001bcd8  /system/lib64/libc.so (__libc_init+100)
08-27 06:00:59.698  2993  2993 F DEBUG   :     #16 pc 000000000000101c  /system/bin/surfaceflinger
08-27 06:00:59.728  3002  3002 I System  : Loaded time zone names for "en_US" in 42ms (14ms in ICU)
08-27 06:00:59.844  3311  3311 E audio_route: Failed to open /system/etc/mixer_paths.xml
08-27 06:00:59.849  3311  3311 I AudioFlinger: loadHwModule() Loaded primary audio interface from Samsung audio HW HAL (audio) handle 1
08-27 06:00:59.849  3311  3311 I AudioFlinger: openOutput(), module 1 Device 2, SamplingRate 44100, Format 0x000001, Channels 3, flags 2
08-27 06:00:59.849  3311  3311 I AudioFlinger: AudioStreamOut::open(), mHalFormatIsLinearPcm = 1
08-27 06:00:59.849  3311  3311 I AudioFlinger: HAL output buffer size 256 frames, normal sink buffer size 960 frames
08-27 06:00:59.851  3311  3311 I BufferProvider: found effect "Multichannel Downmix To Stereo" from The Android Open Source Project
08-27 06:00:59.852  3311  3311 E MonoPipe: Failed to fetch local time frequency when constructing a MonoPipe (res = -32).  getNextWriteTimestamp calls will be non-functional
08-27 06:00:59.852  3311  3311 I AudioFlinger: Using module 1 has the primary audio interface
08-27 06:00:59.857  3311  3438 I AudioFlinger: AudioFlinger's thread 0xf4a80000 ready to run
08-27 06:00:59.857  3311  3438 V audio_hw_primary: out_set_parameters: key value pairs: routing=2
08-27 06:00:59.857  3311  3438 V audio_hw_primary: do_out_standby: output standby: 1
08-27 06:00:59.858  3311  3438 E AudioFlinger: no wake lock to update!
08-27 06:00:59.858  3311  3311 V audio_hw_primary: adev_open_input_stream: Created resampler converting 48000 -> 16000
08-27 06:00:59.858  3311  3311 V audio_hw_primary: adev_open_input_stream: Requesting input stream with rate: 16000, channels: 0xc
08-27 06:00:59.859  3311  3440 I AudioFlinger: AudioFlinger's thread 0xf46c0000 ready to run
08-27 06:00:59.859  3311  3311 I r_submix: adev_open(name=audio_hw_if)
08-27 06:00:59.859  3311  3311 I r_submix: adev_init_check()
08-27 06:00:59.859  3311  3311 I AudioFlinger: loadHwModule() Loaded r_submix audio interface from Wifi Display audio HAL (audio) handle 4
08-27 06:00:59.859  3311  3311 D r_submix: adev_open_input_stream(addr=0)
08-27 06:00:59.859  3311  3311 D r_submix: submix_audio_device_create_pipe_l(addr=0, idx=9)
08-27 06:00:59.859  3311  3311 D r_submix:   now using address 0 for route 9
08-27 06:00:59.860  3311  3441 I AudioFlinger: AudioFlinger's thread 0xf46c0000 ready to run
08-27 06:00:59.860  3311  3311 D r_submix: adev_close_input_stream()
08-27 06:00:59.860  3311  3311 D r_submix: submix_audio_device_release_pipe_l(idx=9) addr=0
08-27 06:00:59.860  3311  3311 D r_submix: submix_audio_device_destroy_pipe_l(): pipe destroyed
08-27 06:00:59.860  3311  3311 E SoundTriggerHwService: couldn't load sound trigger module sound_trigger.primary (No such file or directory)
08-27 06:00:59.860  3311  3311 I RadioService: RadioService
08-27 06:00:59.860  3311  3311 I RadioService: onFirstRef
08-27 06:00:59.860  3311  3311 E RadioService: couldn't load radio module radio.primary (No such file or directory)
08-27 06:00:59.885  2993  2993 F DEBUG   : 
08-27 06:00:59.885  2993  2993 F DEBUG   : Tombstone written to: /data/tombstones/tombstone_01
08-27 06:00:59.948  2931  2931 I ServiceManager: service 'SurfaceFlinger' died
08-27 06:00:59.948  2931  2931 I ServiceManager: service 'Exynos.HWCService' died
08-27 06:00:59.948  3356  3375 E SurfaceControl: invalid handle (0x0) or client (0x7f7955c640)
08-27 06:00:59.948  3356  3373 W SurfaceComposerClient: ComposerService remote (surfaceflinger) died [0x7f79563320]
08-27 06:00:59.948  3356  3373 D BootAnimation: SurfaceFlinger died, exiting...
08-27 06:00:59.962  3002  3002 I Zygote  : ...preloaded 3831 classes in 2597ms.
08-27 06:00:59.962  3002  3002 I art     : VMRuntime.preloadDexCaches starting
08-27 06:00:59.998  2931  2931 I ServiceManager: service 'media.radio' died
08-27 06:00:59.998  2931  2931 I ServiceManager: service 'media.sound_trigger_hw' died
08-27 06:00:59.998  2931  2931 I ServiceManager: service 'media.audio_flinger' died
08-27 06:00:59.998  2931  2931 I ServiceManager: service 'media.player' died
08-27 06:00:59.998  2931  2931 I ServiceManager: service 'media.resource_manager' died
08-27 06:00:59.998  2931  2931 I ServiceManager: service 'media.camera' died
08-27 06:00:59.998  2931  2931 I ServiceManager: service 'media.audio_policy' died
08-27 06:01:00.001  3002  3002 I art     : VMRuntime.preloadDexCaches strings total=249042 before=10084 after=10084
08-27 06:01:00.001  3002  3002 I art     : VMRuntime.preloadDexCaches types total=20335 before=8244 after=9837
08-27 06:01:00.001  3002  3002 I art     : VMRuntime.preloadDexCaches fields total=100408 before=35771 after=47736
08-27 06:01:00.001  3002  3002 I art     : VMRuntime.preloadDexCaches methods total=172844 before=67608 after=83315
08-27 06:01:00.001  3002  3002 I art     : VMRuntime.preloadDexCaches finished
08-27 06:01:00.017  3476  3476 D idmap   : error: no read access to /vendor/overlay: No such file or directory
08-27 06:01:00.041  3002  3002 I Zygote  : Preloading resources...
08-27 06:01:00.473  3002  3002 I Zygote  : ...preloaded 342 resources in 433ms.
08-27 06:01:00.483  3002  3002 I Zygote  : ...preloaded 41 resources in 9ms.
08-27 06:01:00.523  3002  3002 D libEGL  : loaded /vendor/lib/egl/libGLES_mali.so
08-27 06:01:00.533  3002  3002 I Zygote  : Preloading shared libraries...
08-27 06:01:00.543  3002  3002 D Zygote  : end preload
08-27 06:01:00.543  3002  3002 I art     : Starting a blocking GC Explicit
08-27 06:01:00.553  3002  3002 I art     : Explicit concurrent mark sweep GC freed 11338(456KB) AllocSpace objects, 0(0B) LOS objects, 36% free, 27MB/43MB, paused 87us total 9.806ms
08-27 06:01:00.565  3002  3002 I art     : Starting a blocking GC Explicit
08-27 06:01:00.573  3002  3002 I art     : Explicit concurrent mark sweep GC freed 2423(114KB) AllocSpace objects, 0(0B) LOS objects, 36% free, 27MB/43MB, paused 84us total 8.018ms
08-27 06:01:00.573  3002  3002 I Zygote  : Accepting command socket connections
08-27 06:01:04.009  3066  3066 W auditd  : type=1325 audit(0.0:176): table=filter family=2 entries=34
08-27 06:01:04.009  3066  3066 W auditd  : type=1320 audit(0.0:176): 
08-27 06:01:04.016  3479  3479 I Netd    : Netd 1.0 starting
08-27 06:01:04.016  3479  3479 I QtiConnectivityAdapter: Failed to open libconnctrl, some features may not be present.
08-27 06:01:04.016  3479  3479 D TetherController: Setting IP forward enable = 0
08-27 06:01:04.019  3066  3066 W auditd  : type=1325 audit(0.0:177): table=filter family=10 entries=34
08-27 06:01:04.019  3066  3066 W auditd  : type=1320 audit(0.0:177): 
08-27 06:01:04.023  3481  3481 I SurfaceFlinger: SurfaceFlinger is starting
08-27 06:01:04.024  3481  3481 I SurfaceFlinger: SurfaceFlinger's main thread ready to run. Initializing graphics H/W...
08-27 06:01:04.029  3066  3066 W auditd  : type=1325 audit(0.0:178): table=filter family=2 entries=33
08-27 06:01:04.029  3066  3066 W auditd  : type=1320 audit(0.0:178): 
08-27 06:01:04.038  3481  3481 D libEGL  : loaded /vendor/lib64/egl/libGLES_mali.so
08-27 06:01:04.039  3066  3066 W auditd  : type=1325 audit(0.0:179): table=filter family=10 entries=33
08-27 06:01:04.039  3066  3066 W auditd  : type=1320 audit(0.0:179): 
08-27 06:01:04.049  3066  3066 W auditd  : type=1325 audit(0.0:180): table=filter family=2 entries=33
08-27 06:01:04.049  3066  3066 W auditd  : type=1320 audit(0.0:180): 
08-27 06:01:04.053  3481  3481 I gralloc : using (id=)
08-27 06:01:04.053  3481  3481 I gralloc : xres         = 1440 px
08-27 06:01:04.053  3481  3481 I gralloc : yres         = 2560 px
08-27 06:01:04.053  3481  3481 I gralloc : width        = 68 mm (537.882324 dpi)
08-27 06:01:04.053  3481  3481 I gralloc : height       = 122 mm (532.983582 dpi)
08-27 06:01:04.053  3481  3481 I gralloc : refresh rate = 59.31 Hz
08-27 06:01:04.057  3481  3481 D hwcomposer: using
08-27 06:01:04.057  3481  3481 D hwcomposer: xres         = 1440 px
08-27 06:01:04.057  3481  3481 D hwcomposer: yres         = 2560 px
08-27 06:01:04.057  3481  3481 D hwcomposer: width        = 68 mm (537.882000 dpi)
08-27 06:01:04.057  3481  3481 D hwcomposer: height       = 122 mm (532.983000 dpi)
08-27 06:01:04.057  3481  3481 D hwcomposer: refresh rate = 59 Hz
08-27 06:01:04.057  3481  3481 I DisplayResourceManagerModule: internalMPP type(10), index(1)
08-27 06:01:04.057  3481  3481 I DisplayResourceManagerModule: internalMPP type(10), index(2)
08-27 06:01:04.057  3481  3481 I DisplayResourceManagerModule: internalMPP type(10), index(3)
08-27 06:01:04.058  3481  3481 I DisplayResourceManagerModule: internalMPP type(0), index(0)
08-27 06:01:04.058  3481  3481 I DisplayResourceManagerModule: internalMPP type(0), index(1)
08-27 06:01:04.058  3481  3481 I DisplayResourceManagerModule: internalMPP type(2), index(0)
08-27 06:01:04.058  3481  3481 I DisplayResourceManagerModule: internalMPP type(2), index(1)
08-27 06:01:04.058  3481  3481 I DisplayResourceManagerModule: externalMPP type(4), index(0)
08-27 06:01:04.058  3481  3481 I hwcutils: Open /dev/s5p-smem
08-27 06:01:04.058  3481  3481 I DisplayResourceManagerModule: externalMPP type(4), index(0)
08-27 06:01:04.058  3481  3481 I hwcutils: Open /dev/s5p-smem
08-27 06:01:04.058  3481  3481 I DisplayResourceManagerModule: externalMPP type(4), index(0)
08-27 06:01:04.058  3481  3481 I hwcutils: Open /dev/s5p-smem
08-27 06:01:04.058  3481  3481 I DisplayResourceManagerModule: externalMPP type(4), index(0)
08-27 06:01:04.058  3481  3481 I hwcutils: Open /dev/s5p-smem
08-27 06:01:04.058  3481  3481 I DisplayResourceManagerModule: externalMPP type(4), index(0)
08-27 06:01:04.058  3481  3481 I hwcutils: Open /dev/s5p-smem
08-27 06:01:04.058  3481  3481 I hwcomposer: PSR info devname = /sys/devices/13960000.decon_f/psr_info
08-27 06:01:04.058  3481  3481 I hwcomposer: PSR mode   = 2 (0: video mode, 1: DP PSR mode, 2: MIPI-DSI command mode)
08-27 06:01:04.058  3481  3481 I hwcomposer: Panel type = 1 (0: Legacy, 1: DSC)
08-27 06:01:04.059  3066  3066 W auditd  : type=1325 audit(0.0:181): table=filter family=10 entries=33
08-27 06:01:04.059  3066  3066 W auditd  : type=1320 audit(0.0:181): 
08-27 06:01:04.059  3066  3066 W auditd  : type=1325 audit(0.0:182): table=filter family=2 entries=31
08-27 06:01:04.059  3066  3066 W auditd  : type=1320 audit(0.0:182): 
08-27 06:01:04.059  3481  3481 I SurfaceFlinger: Using composer version 1.5
08-27 06:01:04.059  3481  3481 E display : [PrimaryDisplay] unknown display attribute 6
08-27 06:01:04.059  3481  3481 I SurfaceFlinger: EGL information:
08-27 06:01:04.059  3481  3481 I SurfaceFlinger: vendor    : Android
08-27 06:01:04.059  3481  3481 I SurfaceFlinger: version   : 1.4 Android META-EGL
08-27 06:01:04.059  3481  3481 I SurfaceFlinger: extensions: EGL_KHR_get_all_proc_addresses EGL_ANDROID_presentation_time EGL_KHR_swap_buffers_with_damage EGL_KHR_image EGL_KHR_image_base EGL_KHR_gl_texture_2D_image EGL_KHR_gl_texture_cubemap_image EGL_KHR_gl_renderbuffer_image EGL_KHR_fence_sync EGL_KHR_create_context EGL_KHR_config_attribs EGL_KHR_surfaceless_context EGL_EXT_create_context_robustness EGL_ANDROID_image_native_buffer EGL_KHR_wait_sync EGL_ANDROID_recordable EGL_KHR_partial_update 
08-27 06:01:04.059  3481  3481 I SurfaceFlinger: Client API: OpenGL_ES
08-27 06:01:04.059  3481  3481 I SurfaceFlinger: EGLSurface: 8-8-8-8, config=0x7f8c97b138
08-27 06:01:04.063  3481  3481 I SurfaceFlinger: OpenGL ES informations:
08-27 06:01:04.063  3481  3481 I SurfaceFlinger: vendor    : ARM
08-27 06:01:04.063  3481  3481 I SurfaceFlinger: renderer  : Mali-T880
08-27 06:01:04.063  3481  3481 I SurfaceFlinger: version   : OpenGL ES 3.2 v1.r12p1-00dev0.60546d7cd0bfd82d0ba92ca3bb825c75
08-27 06:01:04.063  3481  3481 I SurfaceFlinger: extensions: GL_EXT_debug_marker GL_ARM_rgba8 GL_ARM_mali_shader_binary GL_OES_depth24 GL_OES_depth_texture GL_OES_depth_texture_cube_map GL_OES_packed_depth_stencil GL_OES_rgb8_rgba8 GL_EXT_read_format_bgra GL_OES_compressed_paletted_texture GL_OES_compressed_ETC1_RGB8_texture GL_OES_standard_derivatives GL_OES_EGL_image GL_OES_EGL_image_external GL_OES_EGL_image_external_essl3 GL_OES_EGL_sync GL_OES_texture_npot GL_OES_vertex_half_float GL_OES_required_internalformat GL_OES_vertex_array_object GL_OES_mapbuffer GL_EXT_texture_format_BGRA8888 GL_EXT_texture_rg GL_EXT_texture_type_2_10_10_10_REV GL_OES_fbo_render_mipmap GL_OES_element_index_uint GL_EXT_shadow_samplers GL_OES_texture_compression_astc GL_KHR_texture_compression_astc_ldr GL_KHR_texture_compression_astc_hdr GL_KHR_texture_compression_astc_sliced_3d GL_KHR_debug GL_EXT_occlusion_query_boolean GL_EXT_disjoint_timer_query GL_EXT_blend_minmax GL_EXT_discard_framebuffer GL_OES_get_program_binary GL_OES_texture_3D GL_EXT_texture_storage GL_EXT_multisamp
08-27 06:01:04.063  3481  3481 I SurfaceFlinger: GL_MAX_TEXTURE_SIZE = 16384
08-27 06:01:04.063  3481  3481 I SurfaceFlinger: GL_MAX_VIEWPORT_DIMS = 16384
08-27 06:01:04.064  3481  3481 D mali_winsys: EGLint new_window_surface(egl_winsys_display*, void*, EGLSurface, EGLConfig, egl_winsys_surface**, egl_color_buffer_format*, EGLBoolean) returns 0x3000,  [1440x2560]-format:1
08-27 06:01:04.064  3481  3481 E gralloc : invalid yuv format 5
08-27 06:01:04.064  3481  3481 W GraphicBufferAllocator: alloc(1440, 2560, 5, 00001a00, ...) failed -22 (Invalid argument)
08-27 06:01:04.064  3481  3481 E         : GraphicBufferAlloc::createGraphicBuffer(w=1440, h=2560) failed (Invalid argument), handle=0x0
08-27 06:01:04.064  3481  3481 E BufferQueueProducer: [FramebufferSurface] allocateBuffers: failed to allocate buffer (0 x 0, format 5, usage 512)
08-27 06:01:04.065  3481  3481 D SurfaceFlinger: Set power mode=2, type=0 flinger=0x7f8c943c00
08-27 06:01:04.065  3481  3481 I hwcomposer: int exynos_setPowerMode(hwc_composer_device_1*, int, int):: disp(0), mode(2)
08-27 06:01:04.069  3066  3066 W auditd  : type=1325 audit(0.0:183): table=filter family=10 entries=31
08-27 06:01:04.069  3066  3066 W auditd  : type=1320 audit(0.0:183): 
08-27 06:01:04.069  3066  3066 W auditd  : type=1325 audit(0.0:184): table=filter family=2 entries=33
08-27 06:01:04.069  3066  3066 W auditd  : type=1320 audit(0.0:184): 
08-27 06:01:04.079  3066  3066 W auditd  : type=1325 audit(0.0:185): table=filter family=10 entries=33
08-27 06:01:04.079  3066  3066 W auditd  : type=1320 audit(0.0:185): 
08-27 06:01:04.134  3482  3482 V MediaUtils: physMem: 3759357952
08-27 06:01:04.134  3482  3482 V MediaUtils: requested limit: 2443582635
08-27 06:01:04.134  3482  3482 V MediaUtils: actual limit: 2443582635
08-27 06:01:04.134  3482  3482 V MediaUtils: original limits: 4294967295/4294967295
08-27 06:01:04.134  3482  3482 V MediaUtils: new limits: 2443582635/4294967295
08-27 06:01:04.134  3482  3482 I mediaserver: ServiceManager: 0xf65ce120
08-27 06:01:04.134  3482  3482 I AudioFlinger: Using default 3000 mSec as standby time.
08-27 06:01:04.134  3482  3482 E BatteryNotifier: batterystats service unavailable!
08-27 06:01:04.134  3482  3482 E BatteryNotifier: batterystats service unavailable!
08-27 06:01:04.134  3482  3482 I CameraService: CameraService started (pid=3482)
08-27 06:01:04.134  3482  3482 I CameraService: CameraService process starting
08-27 06:01:04.135  3482  3482 E BatteryNotifier: batterystats service unavailable!
08-27 06:01:04.135  3482  3482 E BatteryNotifier: batterystats service unavailable!
08-27 06:01:04.135  3482  3482 E CameraService: Could not load camera HAL module: -2 (No such file or directory)
08-27 06:01:04.135  3482  3482 I AudioPolicyService: AudioPolicyService CSTOR in new mode
08-27 06:01:04.135  3482  3482 I APM::ConfigParsingUtils: loadAudioPolicyConfig() loaded /system/etc/audio_policy.conf
08-27 06:01:04.210  3483  3483 D AndroidRuntime: >>>>>> START com.android.internal.os.ZygoteInit uid 0 <<<<<<
08-27 06:01:04.213  3483  3483 D AndroidRuntime: CheckJNI is ON
08-27 06:01:04.213  3483  3483 I art     : option[0]=-Xzygote
08-27 06:01:04.213  3483  3483 I art     : option[1]=-Xcheck:jni
08-27 06:01:04.213  3483  3483 I art     : option[2]=-Xstacktracefile:/data/anr/traces.txt
08-27 06:01:04.213  3483  3483 I art     : option[3]=exit
08-27 06:01:04.213  3483  3483 I art     : option[4]=vfprintf
08-27 06:01:04.213  3483  3483 I art     : option[5]=sensitiveThread
08-27 06:01:04.213  3483  3483 I art     : option[6]=-verbose:gc
08-27 06:01:04.213  3483  3483 I art     : option[7]=-Xms8m
08-27 06:01:04.213  3483  3483 I art     : option[8]=-Xmx768m
08-27 06:01:04.213  3483  3483 I art     : option[9]=-XX:HeapGrowthLimit=288m
08-27 06:01:04.213  3483  3483 I art     : option[10]=-XX:HeapMinFree=2m
08-27 06:01:04.213  3483  3483 I art     : option[11]=-XX:HeapMaxFree=8m
08-27 06:01:04.213  3483  3483 I art     : option[12]=-XX:HeapTargetUtilization=0.75
08-27 06:01:04.213  3483  3483 I art     : option[13]=-Xusejit:true
08-27 06:01:04.213  3483  3483 I art     : option[14]=-agentlib:jdwp=transport=dt_android_adb,suspend=n,server=y
08-27 06:01:04.213  3483  3483 I art     : option[15]=-Xlockprofthreshold:500
08-27 06:01:04.213  3483  3483 I art     : option[16]=-Ximage-compiler-option
08-27 06:01:04.213  3483  3483 I art     : option[17]=--runtime-arg
08-27 06:01:04.213  3483  3483 I art     : option[18]=-Ximage-compiler-option
08-27 06:01:04.213  3483  3483 I art     : option[19]=-Xms64m
08-27 06:01:04.213  3483  3483 I art     : option[20]=-Ximage-compiler-option
08-27 06:01:04.213  3483  3483 I art     : option[21]=--runtime-arg
08-27 06:01:04.213  3483  3483 I art     : option[22]=-Ximage-compiler-option
08-27 06:01:04.213  3483  3483 I art     : option[23]=-Xmx64m
08-27 06:01:04.213  3483  3483 I art     : option[24]=-Ximage-compiler-option
08-27 06:01:04.213  3483  3483 I art     : option[25]=--compiler-filter=verify-at-runtime
08-27 06:01:04.213  3483  3483 I art     : option[26]=-Ximage-compiler-option
08-27 06:01:04.213  3483  3483 I art     : option[27]=--image-classes=/system/etc/preloaded-classes
08-27 06:01:04.213  3483  3483 I art     : option[28]=-Xcompiler-option
08-27 06:01:04.213  3483  3483 I art     : option[29]=--runtime-arg
08-27 06:01:04.213  3483  3483 I art     : option[30]=-Xcompiler-option
08-27 06:01:04.213  3483  3483 I art     : option[31]=-Xms64m
08-27 06:01:04.213  3483  3483 I art     : option[32]=-Xcompiler-option
08-27 06:01:04.213  3483  3483 I art     : option[33]=--runtime-arg
08-27 06:01:04.213  3483  3483 I art     : option[34]=-Xcompiler-option
08-27 06:01:04.213  3483  3483 I art     : option[35]=-Xmx512m
08-27 06:01:04.213  3483  3483 I art     : option[36]=-Xcompiler-option
08-27 06:01:04.213  3483  3483 I art     : option[37]=--compiler-filter=verify-at-runtime
08-27 06:01:04.213  3483  3483 I art     : option[38]=-Ximage-compiler-option
08-27 06:01:04.213  3483  3483 I art     : option[39]=--instruction-set-variant=generic
08-27 06:01:04.213  3483  3483 I art     : option[40]=-Xcompiler-option
08-27 06:01:04.213  3483  3483 I art     : option[41]=--instruction-set-variant=generic
08-27 06:01:04.213  3483  3483 I art     : option[42]=-Ximage-compiler-option
08-27 06:01:04.213  3483  3483 I art     : option[43]=--instruction-set-features=default
08-27 06:01:04.213  3483  3483 I art     : option[44]=-Xcompiler-option
08-27 06:01:04.213  3483  3483 I art     : option[45]=--instruction-set-features=default
08-27 06:01:04.213  3483  3483 I art     : option[46]=-Duser.locale=en-US
08-27 06:01:04.213  3483  3483 I art     : option[47]=--cpu-abilist=arm64-v8a,armeabi
08-27 06:01:04.213  3483  3483 I art     : option[48]=-Xfingerprint:samsung/cm_hero2ltexx/hero2ltexx:6.0.1/MOB30Z/c6668f47a1:eng/test-keys
08-27 06:01:04.240  3483  3483 D ICU     : No timezone override file found: /data/misc/zoneinfo/current/icu/icu_tzdata.dat
08-27 06:01:04.369  3483  3483 I Radio-JNI: register_android_hardware_Radio DONE
08-27 06:01:04.412  3483  3483 I SamplingProfilerIntegration: Profiling disabled.
08-27 06:01:04.413  3483  3483 D Zygote  : begin preload
08-27 06:01:04.415  3483  3483 I Zygote  : Preloading classes...
08-27 06:01:04.475  3481  3481 D SurfaceFlinger: SF. shader cache generated - 26 shaders in 362.944153 ms
08-27 06:01:04.475  3481  3481 E gralloc : invalid yuv format 5
08-27 06:01:04.475  3481  3481 W GraphicBufferAllocator: alloc(1440, 2560, 5, 00001a00, ...) failed -22 (Invalid argument)
08-27 06:01:04.475  3481  3481 E         : GraphicBufferAlloc::createGraphicBuffer(w=1440, h=2560) failed (Invalid argument), handle=0x0
08-27 06:01:04.475  3481  3481 E BufferQueueProducer: [FramebufferSurface] dequeueBuffer: createGraphicBuffer failed
08-27 06:01:04.475  3481  3481 D         : NULL == surf->write_back_color_buffer
08-27 06:01:04.475  3481  3481 W         : GLES-MALI OOM error: failed to allocate CPU memory (gles_fb_first_drawcall_cb at hardware/samsung_slsi/MaliT880_r12p0_JF/product/gles/src/fb/mali_gles_fb_module_api.c:1281)
08-27 06:01:04.476  3481  3481 E BufferQueueProducer: [FramebufferSurface] dequeueBuffer: can't dequeue multiple buffers without setting the buffer count
08-27 06:01:04.476  3481  3481 D         : NULL == surf->write_back_color_buffer
08-27 06:01:04.476  3481  3481 F SurfaceFlinger: eglSwapBuffers(0x1, 0x7f8c4a3700) failed with 0x0000300d
08-27 06:01:04.476  3481  3481 F libc    : Fatal signal 6 (SIGABRT), code -6 in tid 3481 (surfaceflinger)
08-27 06:01:04.476  2993  2993 I DEBUG   : property debug.db.uid not set; NOT waiting for gdb.
08-27 06:01:04.476  2993  2993 I DEBUG   : HINT: adb shell setprop debug.db.uid 100000
08-27 06:01:04.476  2993  2993 I DEBUG   : HINT: adb forward tcp:5039 tcp:5039
08-27 06:01:04.527  2993  2993 F DEBUG   : *** *** *** *** *** *** *** *** *** *** *** *** *** *** *** ***
08-27 06:01:04.527  2993  2993 F DEBUG   : CM Version: '13.0-20160827-UNOFFICIAL-hero2ltexx'
08-27 06:01:04.527  2993  2993 F DEBUG   : Build fingerprint: 'samsung/cm_hero2ltexx/hero2ltexx:6.0.1/MOB30Z/c6668f47a1:eng/test-keys'
08-27 06:01:04.527  2993  2993 F DEBUG   : Revision: '0'
08-27 06:01:04.527  2993  2993 F DEBUG   : ABI: 'arm64'
08-27 06:01:04.527  2993  2993 F DEBUG   : pid: 3481, tid: 3481, name: surfaceflinger  >>> /system/bin/surfaceflinger <<<
08-27 06:01:04.527  2993  2993 F DEBUG   : signal 6 (SIGABRT), code -6 (SI_TKILL), fault addr --------
08-27 06:01:04.533  2993  2993 F DEBUG   : Abort message: 'eglSwapBuffers(0x1, 0x7f8c4a3700) failed with 0x0000300d'
08-27 06:01:04.533  2993  2993 F DEBUG   :     x0   0000000000000000  x1   0000000000000d99  x2   0000000000000006  x3   0000000000000000
08-27 06:01:04.533  2993  2993 F DEBUG   :     x4   0000000000000000  x5   0000000000000001  x6   0000000000000000  x7   0000000000000000
08-27 06:01:04.533  2993  2993 F DEBUG   :     x8   0000000000000083  x9   0000000000000049  x10  0000007ff46f41bc  x11  0000007ff46f41f8
08-27 06:01:04.533  2993  2993 F DEBUG   :     x12  0000007ff46f40d0  x13  0000000000000039  x14  0000007ff46f42a8  x15  0000000000000000
08-27 06:01:04.533  2993  2993 F DEBUG   :     x16  0000007f8d082560  x17  0000007f8d013d6c  x18  0000007f8d2383a4  x19  0000007f8d32d0d8
08-27 06:01:04.533  2993  2993 F DEBUG   :     x20  0000007f8d32d018  x21  0000000000000019  x22  0000000000000006  x23  0000000000000001
08-27 06:01:04.533  2993  2993 F DEBUG   :     x24  0000000000000000  x25  0000000000000018  x26  0000007f8c94f4a8  x27  0000007f8d2b3000
08-27 06:01:04.533  2993  2993 F DEBUG   :     x28  0000000000000001  x29  0000007ff46f4160  x30  0000007f8d011508
08-27 06:01:04.533  2993  2993 F DEBUG   :     sp   0000007ff46f4160  pc   0000007f8d013d74  pstate 0000000020000000
08-27 06:01:04.537  2993  2993 F DEBUG   : 
08-27 06:01:04.537  2993  2993 F DEBUG   : backtrace:
08-27 06:01:04.537  2993  2993 F DEBUG   :     #00 pc 0000000000069d74  /system/lib64/libc.so (tgkill+8)
08-27 06:01:04.537  2993  2993 F DEBUG   :     #01 pc 0000000000067504  /system/lib64/libc.so (pthread_kill+68)
08-27 06:01:04.537  2993  2993 F DEBUG   :     #02 pc 0000000000023448  /system/lib64/libc.so (raise+28)
08-27 06:01:04.537  2993  2993 F DEBUG   :     #03 pc 000000000001dbe8  /system/lib64/libc.so (abort+60)
08-27 06:01:04.538  2993  2993 F DEBUG   :     #04 pc 000000000000de78  /system/lib64/libcutils.so (__android_log_assert+236)
08-27 06:01:04.538  2993  2993 F DEBUG   :     #05 pc 000000000001e400  /system/lib64/libsurfaceflinger.so
08-27 06:01:04.538  2993  2993 F DEBUG   :     #06 pc 0000000000030cac  /system/lib64/libsurfaceflinger.so
08-27 06:01:04.538  2993  2993 F DEBUG   :     #07 pc 000000000002f804  /system/lib64/libsurfaceflinger.so
08-27 06:01:04.538  2993  2993 F DEBUG   :     #08 pc 000000000002e720  /system/lib64/libsurfaceflinger.so
08-27 06:01:04.538  2993  2993 F DEBUG   :     #09 pc 000000000002e488  /system/lib64/libsurfaceflinger.so
08-27 06:01:04.538  2993  2993 F DEBUG   :     #10 pc 000000000001aed4  /system/lib64/libutils.so (_ZN7android6Looper9pollInnerEi+312)
08-27 06:01:04.538  2993  2993 F DEBUG   :     #11 pc 000000000001b20c  /system/lib64/libutils.so (_ZN7android6Looper8pollOnceEiPiS1_PPv+80)
08-27 06:01:04.538  2993  2993 F DEBUG   :     #12 pc 000000000002a6f4  /system/lib64/libsurfaceflinger.so
08-27 06:01:04.538  2993  2993 F DEBUG   :     #13 pc 000000000002df7c  /system/lib64/libsurfaceflinger.so (_ZN7android14SurfaceFlinger3runEv+20)
08-27 06:01:04.538  2993  2993 F DEBUG   :     #14 pc 00000000000011ec  /system/bin/surfaceflinger
08-27 06:01:04.538  2993  2993 F DEBUG   :     #15 pc 000000000001bcd8  /system/lib64/libc.so (__libc_init+100)
08-27 06:01:04.538  2993  2993 F DEBUG   :     #16 pc 000000000000101c  /system/bin/surfaceflinger
08-27 06:01:04.681  3482  3482 E audio_route: Failed to open /system/etc/mixer_paths.xml
08-27 06:01:04.687  3482  3482 I AudioFlinger: loadHwModule() Loaded primary audio interface from Samsung audio HW HAL (audio) handle 1
08-27 06:01:04.687  3482  3482 I AudioFlinger: openOutput(), module 1 Device 2, SamplingRate 44100, Format 0x000001, Channels 3, flags 2
08-27 06:01:04.687  3482  3482 I AudioFlinger: AudioStreamOut::open(), mHalFormatIsLinearPcm = 1
08-27 06:01:04.687  3482  3482 I AudioFlinger: HAL output buffer size 256 frames, normal sink buffer size 960 frames
08-27 06:01:04.689  3482  3482 I BufferProvider: found effect "Multichannel Downmix To Stereo" from The Android Open Source Project
08-27 06:01:04.689  3482  3482 E MonoPipe: Failed to fetch local time frequency when constructing a MonoPipe (res = -32).  getNextWriteTimestamp calls will be non-functional
08-27 06:01:04.689  3482  3482 I AudioFlinger: Using module 1 has the primary audio interface
08-27 06:01:04.689  3482  3681 I AudioFlinger: AudioFlinger's thread 0xf4a80000 ready to run
08-27 06:01:04.689  3482  3681 V audio_hw_primary: do_out_standby: output standby: 1
08-27 06:01:04.690  3482  3681 V audio_hw_primary: out_set_parameters: key value pairs: routing=2
08-27 06:01:04.690  3482  3681 E AudioFlinger: no wake lock to update!
08-27 06:01:04.691  3482  3482 V audio_hw_primary: adev_open_input_stream: Created resampler converting 48000 -> 16000
08-27 06:01:04.691  3482  3482 V audio_hw_primary: adev_open_input_stream: Requesting input stream with rate: 16000, channels: 0xc
08-27 06:01:04.691  3482  3683 I AudioFlinger: AudioFlinger's thread 0xf46c0000 ready to run
08-27 06:01:04.692  3482  3482 I r_submix: adev_open(name=audio_hw_if)
08-27 06:01:04.692  3482  3482 I r_submix: adev_init_check()
08-27 06:01:04.692  3482  3482 I AudioFlinger: loadHwModule() Loaded r_submix audio interface from Wifi Display audio HAL (audio) handle 4
08-27 06:01:04.692  3482  3482 D r_submix: adev_open_input_stream(addr=0)
08-27 06:01:04.692  3482  3482 D r_submix: submix_audio_device_create_pipe_l(addr=0, idx=9)
08-27 06:01:04.692  3482  3482 D r_submix:   now using address 0 for route 9
08-27 06:01:04.692  3482  3684 I AudioFlinger: AudioFlinger's thread 0xf46c0000 ready to run
08-27 06:01:04.692  3482  3482 D r_submix: adev_close_input_stream()
08-27 06:01:04.692  3482  3482 D r_submix: submix_audio_device_release_pipe_l(idx=9) addr=0
08-27 06:01:04.692  3482  3482 D r_submix: submix_audio_device_destroy_pipe_l(): pipe destroyed
08-27 06:01:04.693  3482  3482 E SoundTriggerHwService: couldn't load sound trigger module sound_trigger.primary (No such file or directory)
08-27 06:01:04.693  3482  3482 I RadioService: RadioService
08-27 06:01:04.693  3482  3482 I RadioService: onFirstRef
08-27 06:01:04.693  3482  3482 E RadioService: couldn't load radio module radio.primary (No such file or directory)
08-27 06:01:04.727  2993  2993 F DEBUG   : 
08-27 06:01:04.727  2993  2993 F DEBUG   : Tombstone written to: /data/tombstones/tombstone_02
08-27 06:01:04.766  3483  3483 E Minikin : addFont failed to create font /system/fonts/NanumGothic.ttf
08-27 06:01:04.766  3483  3483 E Minikin : addFont failed to create font /system/fonts/DroidSansFallback.ttf
08-27 06:01:04.766  3483  3483 E Minikin : addFont failed to create font /system/fonts/MTLmr3m.ttf
08-27 06:01:04.778  2931  2931 I ServiceManager: service 'SurfaceFlinger' died
08-27 06:01:04.778  2931  2931 I ServiceManager: service 'Exynos.HWCService' died
08-27 06:01:04.778  3526  3559 E SurfaceControl: invalid handle (0x0) or client (0x7fb02dc640)
08-27 06:01:04.778  3526  3526 W SurfaceComposerClient: ComposerService remote (surfaceflinger) died [0x7fb02e3320]
08-27 06:01:04.778  3526  3526 D BootAnimation: SurfaceFlinger died, exiting...
08-27 06:01:04.792  2931  2931 I ServiceManager: service 'media.radio' died
08-27 06:01:04.793  2931  2931 I ServiceManager: service 'media.sound_trigger_hw' died
08-27 06:01:04.793  2931  2931 I ServiceManager: service 'media.audio_flinger' died
08-27 06:01:04.793  2931  2931 I ServiceManager: service 'media.player' died
08-27 06:01:04.793  2931  2931 I ServiceManager: service 'media.resource_manager' died
08-27 06:01:04.793  2931  2931 I ServiceManager: service 'media.camera' died
08-27 06:01:04.793  2931  2931 I ServiceManager: service 'media.audio_policy' died
08-27 06:01:08.808  3711  3711 I Netd    : Netd 1.0 starting
08-27 06:01:08.808  3711  3711 I QtiConnectivityAdapter: Failed to open libconnctrl, some features may not be present.
08-27 06:01:08.808  3711  3711 D TetherController: Setting IP forward enable = 0
08-27 06:01:08.799  3066  3066 W auditd  : type=1325 audit(0.0:321): table=filter family=2 entries=34
08-27 06:01:08.799  3066  3066 W auditd  : type=1320 audit(0.0:321): 
08-27 06:01:08.819  3713  3713 I SurfaceFlinger: SurfaceFlinger is starting
08-27 06:01:08.819  3713  3713 I SurfaceFlinger: SurfaceFlinger's main thread ready to run. Initializing graphics H/W...
08-27 06:01:08.809  3066  3066 W auditd  : type=1325 audit(0.0:322): table=filter family=10 entries=34
08-27 06:01:08.809  3066  3066 W auditd  : type=1320 audit(0.0:322): 
08-27 06:01:08.809  3066  3066 W auditd  : type=1325 audit(0.0:323): table=filter family=2 entries=33
08-27 06:01:08.809  3066  3066 W auditd  : type=1320 audit(0.0:323): 
08-27 06:01:08.819  3066  3066 W auditd  : type=1325 audit(0.0:324): table=filter family=10 entries=33
08-27 06:01:08.819  3066  3066 W auditd  : type=1320 audit(0.0:324): 
08-27 06:01:08.834  3713  3713 D libEGL  : loaded /vendor/lib64/egl/libGLES_mali.so
08-27 06:01:08.819  3066  3066 W auditd  : type=1325 audit(0.0:325): table=filter family=2 entries=33
08-27 06:01:08.819  3066  3066 W auditd  : type=1320 audit(0.0:325): 
08-27 06:01:08.829  3066  3066 W auditd  : type=1325 audit(0.0:326): table=filter family=10 entries=33
08-27 06:01:08.829  3066  3066 W auditd  : type=1320 audit(0.0:326): 
08-27 06:01:08.829  3066  3066 W auditd  : type=1325 audit(0.0:327): table=filter family=2 entries=31
08-27 06:01:08.829  3066  3066 W auditd  : type=1320 audit(0.0:327): 
08-27 06:01:08.839  3066  3066 W auditd  : type=1325 audit(0.0:328): table=filter family=10 entries=31
08-27 06:01:08.839  3066  3066 W auditd  : type=1320 audit(0.0:328): 
08-27 06:01:08.850  3713  3713 I gralloc : using (id=)
08-27 06:01:08.850  3713  3713 I gralloc : xres         = 1440 px
08-27 06:01:08.850  3713  3713 I gralloc : yres         = 2560 px
08-27 06:01:08.850  3713  3713 I gralloc : width        = 68 mm (537.882324 dpi)
08-27 06:01:08.850  3713  3713 I gralloc : height       = 122 mm (532.983582 dpi)
08-27 06:01:08.850  3713  3713 I gralloc : refresh rate = 59.31 Hz
08-27 06:01:08.839  3066  3066 W auditd  : type=1325 audit(0.0:329): table=filter family=2 entries=33
08-27 06:01:08.839  3066  3066 W auditd  : type=1320 audit(0.0:329): 
08-27 06:01:08.854  3713  3713 D hwcomposer: using
08-27 06:01:08.854  3713  3713 D hwcomposer: xres         = 1440 px
08-27 06:01:08.854  3713  3713 D hwcomposer: yres         = 2560 px
08-27 06:01:08.854  3713  3713 D hwcomposer: width        = 68 mm (537.882000 dpi)
08-27 06:01:08.854  3713  3713 D hwcomposer: height       = 122 mm (532.983000 dpi)
08-27 06:01:08.854  3713  3713 D hwcomposer: refresh rate = 59 Hz
08-27 06:01:08.854  3713  3713 I DisplayResourceManagerModule: internalMPP type(10), index(1)
08-27 06:01:08.854  3713  3713 I DisplayResourceManagerModule: internalMPP type(10), index(2)
08-27 06:01:08.854  3713  3713 I DisplayResourceManagerModule: internalMPP type(10), index(3)
08-27 06:01:08.854  3713  3713 I DisplayResourceManagerModule: internalMPP type(0), index(0)
08-27 06:01:08.854  3713  3713 I DisplayResourceManagerModule: internalMPP type(0), index(1)
08-27 06:01:08.854  3713  3713 I DisplayResourceManagerModule: internalMPP type(2), index(0)
08-27 06:01:08.855  3713  3713 I DisplayResourceManagerModule: internalMPP type(2), index(1)
08-27 06:01:08.855  3713  3713 I DisplayResourceManagerModule: externalMPP type(4), index(0)
08-27 06:01:08.855  3713  3713 I hwcutils: Open /dev/s5p-smem
08-27 06:01:08.855  3713  3713 I DisplayResourceManagerModule: externalMPP type(4), index(0)
08-27 06:01:08.855  3713  3713 I hwcutils: Open /dev/s5p-smem
08-27 06:01:08.855  3713  3713 I DisplayResourceManagerModule: externalMPP type(4), index(0)
08-27 06:01:08.855  3713  3713 I hwcutils: Open /dev/s5p-smem
08-27 06:01:08.855  3713  3713 I DisplayResourceManagerModule: externalMPP type(4), index(0)
08-27 06:01:08.855  3713  3713 I hwcutils: Open /dev/s5p-smem
08-27 06:01:08.855  3713  3713 I DisplayResourceManagerModule: externalMPP type(4), index(0)
08-27 06:01:08.855  3713  3713 I hwcutils: Open /dev/s5p-smem
08-27 06:01:08.855  3713  3713 I hwcomposer: PSR info devname = /sys/devices/13960000.decon_f/psr_info
08-27 06:01:08.855  3713  3713 I hwcomposer: PSR mode   = 2 (0: video mode, 1: DP PSR mode, 2: MIPI-DSI command mode)
08-27 06:01:08.855  3713  3713 I hwcomposer: Panel type = 1 (0: Legacy, 1: DSC)
08-27 06:01:08.855  3713  3713 I SurfaceFlinger: Using composer version 1.5
08-27 06:01:08.856  3713  3713 E display : [PrimaryDisplay] unknown display attribute 6
08-27 06:01:08.856  3713  3713 I SurfaceFlinger: EGL information:
08-27 06:01:08.856  3713  3713 I SurfaceFlinger: vendor    : Android
08-27 06:01:08.856  3713  3713 I SurfaceFlinger: version   : 1.4 Android META-EGL
08-27 06:01:08.856  3713  3713 I SurfaceFlinger: extensions: EGL_KHR_get_all_proc_addresses EGL_ANDROID_presentation_time EGL_KHR_swap_buffers_with_damage EGL_KHR_image EGL_KHR_image_base EGL_KHR_gl_texture_2D_image EGL_KHR_gl_texture_cubemap_image EGL_KHR_gl_renderbuffer_image EGL_KHR_fence_sync EGL_KHR_create_context EGL_KHR_config_attribs EGL_KHR_surfaceless_context EGL_EXT_create_context_robustness EGL_ANDROID_image_native_buffer EGL_KHR_wait_sync EGL_ANDROID_recordable EGL_KHR_partial_update 
08-27 06:01:08.856  3713  3713 I SurfaceFlinger: Client API: OpenGL_ES
08-27 06:01:08.856  3713  3713 I SurfaceFlinger: EGLSurface: 8-8-8-8, config=0x7f985bb138
08-27 06:01:08.849  3066  3066 W auditd  : type=1325 audit(0.0:330): table=filter family=10 entries=33
08-27 06:01:08.849  3066  3066 W auditd  : type=1320 audit(0.0:330): 
08-27 06:01:08.859  3713  3713 I SurfaceFlinger: OpenGL ES informations:
08-27 06:01:08.859  3713  3713 I SurfaceFlinger: vendor    : ARM
08-27 06:01:08.859  3713  3713 I SurfaceFlinger: renderer  : Mali-T880
08-27 06:01:08.859  3713  3713 I SurfaceFlinger: version   : OpenGL ES 3.2 v1.r12p1-00dev0.60546d7cd0bfd82d0ba92ca3bb825c75
08-27 06:01:08.859  3713  3713 I SurfaceFlinger: extensions: GL_EXT_debug_marker GL_ARM_rgba8 GL_ARM_mali_shader_binary GL_OES_depth24 GL_OES_depth_texture GL_OES_depth_texture_cube_map GL_OES_packed_depth_stencil GL_OES_rgb8_rgba8 GL_EXT_read_format_bgra GL_OES_compressed_paletted_texture GL_OES_compressed_ETC1_RGB8_texture GL_OES_standard_derivatives GL_OES_EGL_image GL_OES_EGL_image_external GL_OES_EGL_image_external_essl3 GL_OES_EGL_sync GL_OES_texture_npot GL_OES_vertex_half_float GL_OES_required_internalformat GL_OES_vertex_array_object GL_OES_mapbuffer GL_EXT_texture_format_BGRA8888 GL_EXT_texture_rg GL_EXT_texture_type_2_10_10_10_REV GL_OES_fbo_render_mipmap GL_OES_element_index_uint GL_EXT_shadow_samplers GL_OES_texture_compression_astc GL_KHR_texture_compression_astc_ldr GL_KHR_texture_compression_astc_hdr GL_KHR_texture_compression_astc_sliced_3d GL_KHR_debug GL_EXT_occlusion_query_boolean GL_EXT_disjoint_timer_query GL_EXT_blend_minmax GL_EXT_discard_framebuffer GL_OES_get_program_binary GL_OES_texture_3D GL_EXT_texture_storage GL_EXT_multisamp
08-27 06:01:08.859  3713  3713 I SurfaceFlinger: GL_MAX_TEXTURE_SIZE = 16384
