09-01 05:30:40.194  2931  2931 D gralloc : fb_post E
09-01 05:30:40.194  2931  2931 D gralloc : fb_post format=0x5
09-01 05:30:40.204  3619  3702 I PackageManager: SELinux relabeling of com.android.browser issued.
09-01 05:30:40.212  3619  3731 I PackageManager: SELinux relabeling of com.cyanogenmod.filemanager issued.
09-01 05:30:40.212  3619  3699 I PackageManager: SELinux relabeling of com.android.captiveportallogin issued.
09-01 05:30:40.215  3619  3700 I PackageManager: SELinux relabeling of com.android.certinstaller issued.
09-01 05:30:40.216  3092  3129 E         : invalid gralloc handle (at 0x7f803e9380)
09-01 05:30:40.216  3092  3129 E         : Runtime and build version of gralloc private structure does not match. Errors will likely follow.
09-01 05:30:40.224  2931  2931 E         : invalid gralloc handle (at 0x7f99d16540)
09-01 05:30:40.224  2931  2931 E         : Runtime and build version of gralloc private structure does not match. Errors will likely follow.
09-01 05:30:40.228  2931  2931 D gralloc : fb_post E
09-01 05:30:40.228  2931  2931 D gralloc : fb_post format=0x5
09-01 05:30:40.230  3619  3703 I PackageManager: SELinux relabeling of com.android.calendar issued.
09-01 05:30:40.235  3619  3699 I PackageManager: SELinux relabeling of com.android.development issued.
09-01 05:30:40.244  3619  3701 I PackageManager: SELinux relabeling of com.android.camera2 issued.
09-01 05:30:40.249  3092  3129 E         : invalid gralloc handle (at 0x7f803e9300)
09-01 05:30:40.249  3092  3129 E         : Runtime and build version of gralloc private structure does not match. Errors will likely follow.
09-01 05:30:40.258  2931  2931 E         : invalid gralloc handle (at 0x7f99d164d0)
09-01 05:30:40.258  2931  2931 E         : Runtime and build version of gralloc private structure does not match. Errors will likely follow.
09-01 05:30:40.262  2931  2931 D gralloc : fb_post E
09-01 05:30:40.262  2931  2931 D gralloc : fb_post format=0x5
09-01 05:30:40.274  3619  3731 I PackageManager: SELinux relabeling of com.android.documentsui issued.
09-01 05:30:40.283  3092  3129 E         : invalid gralloc handle (at 0x7f803e9380)
09-01 05:30:40.283  3092  3129 E         : Runtime and build version of gralloc private structure does not match. Errors will likely follow.
09-01 05:30:40.289  3619  3700 I PackageManager: SELinux relabeling of com.android.providers.downloads.ui issued.
09-01 05:30:40.291  2931  2931 E         : invalid gralloc handle (at 0x7f99d16460)
09-01 05:30:40.291  2931  2931 E         : Runtime and build version of gralloc private structure does not match. Errors will likely follow.
09-01 05:30:40.294  3619  3703 I PackageManager: SELinux relabeling of com.cyanogenmod.eleven issued.
09-01 05:30:40.295  3619  3702 I PackageManager: SELinux relabeling of com.android.deskclock issued.
09-01 05:30:40.296  2931  2931 D gralloc : fb_post E
09-01 05:30:40.296  2931  2931 D gralloc : fb_post format=0x5
09-01 05:30:40.307  3619  3701 I PackageManager: SELinux relabeling of com.android.calculator2 issued.
09-01 05:30:40.315  3619  3700 I PackageManager: SELinux relabeling of com.android.galaxy4 issued.
09-01 05:30:40.316  3092  3129 E         : invalid gralloc handle (at 0x7f803e9300)
09-01 05:30:40.316  3092  3129 E         : Runtime and build version of gralloc private structure does not match. Errors will likely follow.
09-01 05:30:40.317  3619  3731 I PackageManager: SELinux relabeling of com.android.exchange issued.
09-01 05:30:40.318  3619  3702 I PackageManager: SELinux relabeling of com.android.htmlviewer issued.
09-01 05:30:40.320  3619  3703 W PackageParser: Unknown element under <application>: permission at /system/app/Gallery2/Gallery2.apk Binary XML file line #278
09-01 05:30:40.320  3619  3703 W PackageParser: Unknown element under <application>: permission at /system/app/Gallery2/Gallery2.apk Binary XML file line #281
09-01 05:30:40.325  2931  2931 E         : invalid gralloc handle (at 0x7f99d163f0)
09-01 05:30:40.326  2931  2931 E         : Runtime and build version of gralloc private structure does not match. Errors will likely follow.
09-01 05:30:40.329  2931  2931 D gralloc : fb_post E
09-01 05:30:40.330  2931  2931 D gralloc : fb_post format=0x5
09-01 05:30:40.330  3619  3700 I PackageManager: SELinux relabeling of com.android.wallpaper.holospiral issued.
09-01 05:30:40.350  3619  3702 I PackageManager: SELinux relabeling of com.android.keychain issued.
09-01 05:30:40.350  3092  3129 E         : invalid gralloc handle (at 0x7f803e9380)
09-01 05:30:40.350  3092  3129 E         : Runtime and build version of gralloc private structure does not match. Errors will likely follow.
09-01 05:30:40.352  3619  3699 I PackageManager: SELinux relabeling of com.android.email issued.
09-01 05:30:40.359  2931  2931 E         : invalid gralloc handle (at 0x7f99d165b0)
09-01 05:30:40.359  2931  2931 E         : Runtime and build version of gralloc private structure does not match. Errors will likely follow.
09-01 05:30:40.363  2931  2931 D gralloc : fb_post E
09-01 05:30:40.363  2931  2931 D gralloc : fb_post format=0x5
09-01 05:30:40.373  3619  3700 I PackageManager: SELinux relabeling of com.android.wallpaper issued.
09-01 05:30:40.374  3619  3703 I PackageManager: SELinux relabeling of com.android.gallery3d issued.
09-01 05:30:40.375  3619  3702 I PackageManager: SELinux relabeling of com.android.wallpaper.livepicker issued.
09-01 05:30:40.383  3092  3129 E         : invalid gralloc handle (at 0x7f803e9300)
09-01 05:30:40.383  3092  3129 E         : Runtime and build version of gralloc private structure does not match. Errors will likely follow.
09-01 05:30:40.386  3619  3702 I PackageManager: SELinux relabeling of com.android.phasebeam issued.
09-01 05:30:40.387  3619  3703 I PackageManager: SELinux relabeling of com.android.pacprocessor issued.
09-01 05:30:40.388  3619  3700 I PackageManager: SELinux relabeling of com.android.noisefield issued.
09-01 05:30:40.391  3619  3701 I PackageManager: SELinux relabeling of org.cyanogenmod.hexolibre issued.
09-01 05:30:40.391  3619  3699 I PackageManager: SELinux relabeling of com.cyanogenmod.lockclock issued.
09-01 05:30:40.393  2931  2931 E         : invalid gralloc handle (at 0x7f99d16540)
09-01 05:30:40.393  2931  2931 E         : Runtime and build version of gralloc private structure does not match. Errors will likely follow.
09-01 05:30:40.397  2931  2931 D gralloc : fb_post E
09-01 05:30:40.397  2931  2931 D gralloc : fb_post format=0x5
09-01 05:30:40.402  3619  3703 I PackageManager: SELinux relabeling of com.android.dreams.phototable issued.
09-01 05:30:40.405  3619  3702 I PackageManager: SELinux relabeling of org.cyanogenmod.wallpapers.photophase issued.
09-01 05:30:40.408  3619  3703 I PackageManager: SELinux relabeling of com.android.provision issued.
09-01 05:30:40.412  3619  3702 I PackageManager: SELinux relabeling of com.gd.mobicore.pa issued.
09-01 05:30:40.412  3619  3700 I PackageManager: SELinux relabeling of com.svox.pico issued.
09-01 05:30:40.417  3092  3129 E         : invalid gralloc handle (at 0x7f803e9380)
09-01 05:30:40.417  3092  3129 E         : Runtime and build version of gralloc private structure does not match. Errors will likely follow.
09-01 05:30:40.417  3619  3699 I PackageManager: SELinux relabeling of org.cyanogenmod.profiles issued.
09-01 05:30:40.420  3619  3701 I PackageManager: SELinux relabeling of com.android.printspooler issued.
09-01 05:30:40.427  2931  2931 E         : invalid gralloc handle (at 0x7f99d164d0)
09-01 05:30:40.427  2931  2931 E         : Runtime and build version of gralloc private structure does not match. Errors will likely follow.
09-01 05:30:40.429  3619  3703 I PackageManager: SELinux relabeling of com.cyanogenmod.samsungservicemode issued.
09-01 05:30:40.431  2931  2931 D gralloc : fb_post E
09-01 05:30:40.431  2931  2931 D gralloc : fb_post format=0x5
09-01 05:30:40.437  3619  3700 I PackageManager: SELinux relabeling of com.android.stk issued.
09-01 05:30:40.445  3619  3702 I PackageManager: SELinux relabeling of com.android.soundrecorder issued.
09-01 05:30:40.450  3092  3129 E         : invalid gralloc handle (at 0x7f803e9300)
09-01 05:30:40.450  3092  3129 E         : Runtime and build version of gralloc private structure does not match. Errors will likely follow.
09-01 05:30:40.453  3619  3699 I PackageManager: SELinux relabeling of com.android.terminal issued.
09-01 05:30:40.454  3619  3701 I PackageManager: SELinux relabeling of com.android.providers.userdictionary issued.
09-01 05:30:40.454  3619  3731 I PackageManager: SELinux relabeling of com.android.inputmethod.latin issued.
09-01 05:30:40.461  2931  2931 E         : invalid gralloc handle (at 0x7f99d16460)
09-01 05:30:40.461  2931  2931 E         : Runtime and build version of gralloc private structure does not match. Errors will likely follow.
09-01 05:30:40.465  2931  2931 D gralloc : fb_post E
09-01 05:30:40.465  2931  2931 D gralloc : fb_post format=0x5
09-01 05:30:40.465  3619  3702 W PackageManager: Failed to parse /system/app/mcRegistry: Missing base APK in /system/app/mcRegistry
09-01 05:30:40.466  3619  3703 I PackageManager: SELinux relabeling of com.android.smspush issued.
09-01 05:30:40.479  3619  3701 I PackageManager: SELinux relabeling of com.android.frameworks.telresources issued.
09-01 05:30:40.480  3619  3700 I PackageManager: SELinux relabeling of org.cyanogenmod.wallpaperpicker issued.
09-01 05:30:40.484  3092  3129 E         : invalid gralloc handle (at 0x7f803e9380)
09-01 05:30:40.484  3092  3129 E         : Runtime and build version of gralloc private structure does not match. Errors will likely follow.
09-01 05:30:40.489  3619  3699 I PackageManager: SELinux relabeling of com.android.webview issued.
09-01 05:30:40.495  2931  2931 E         : invalid gralloc handle (at 0x7f99d163f0)
09-01 05:30:40.495  2931  2931 E         : Runtime and build version of gralloc private structure does not match. Errors will likely follow.
09-01 05:30:40.499  2931  2931 D gralloc : fb_post E
09-01 05:30:40.499  2931  2931 D gralloc : fb_post format=0x5
09-01 05:30:40.517  3092  3129 E         : invalid gralloc handle (at 0x7f803e9300)
09-01 05:30:40.517  3092  3129 E         : Runtime and build version of gralloc private structure does not match. Errors will likely follow.
09-01 05:30:40.529  2931  2931 E         : invalid gralloc handle (at 0x7f99d165b0)
09-01 05:30:40.529  2931  2931 E         : Runtime and build version of gralloc private structure does not match. Errors will likely follow.
09-01 05:30:40.533  2931  2931 D gralloc : fb_post E
09-01 05:30:40.533  2931  2931 D gralloc : fb_post format=0x5
09-01 05:30:40.550  3092  3129 E         : invalid gralloc handle (at 0x7f803e9380)
09-01 05:30:40.550  3092  3129 E         : Runtime and build version of gralloc private structure does not match. Errors will likely follow.
09-01 05:30:40.555  3619  3702 I PackageManager: SELinux relabeling of com.android.messaging issued.
09-01 05:30:40.559  3619  3619 D PackageManager: end scanDirLI:/system/app
09-01 05:30:40.560  3619  3619 D PackageManager: No files in app dir /system/vendor/app
09-01 05:30:40.560  3619  3619 D PackageManager: No files in app dir /oem/app
09-01 05:30:40.560  3619  3619 D PackageManager: No files in app dir /vendor/bundled-app
09-01 05:30:40.560  3619  3619 D PackageManager: start scanDirLI:/data/app
09-01 05:30:40.560  3619  3619 D PackageManager: max thread:6
09-01 05:30:40.560  3619  3731 W PackageManager: Failed to parse /data/app/mcRegistry: Missing base APK in /data/app/mcRegistry
09-01 05:30:40.560  3619  3619 D PackageManager: end scanDirLI:/data/app
09-01 05:30:40.560  3619  3619 D PackageManager: No files in app dir /data/app-private
09-01 05:30:40.561  3619  3619 W PackageManager: Package com.android.dialer desires unavailable shared library com.qualcomm.qti.smartsearch; ignoring!
09-01 05:30:40.561  3619  3619 W PackageManager: Package com.android.gallery3d desires unavailable shared library com.google.android.media.effects; ignoring!
09-01 05:30:40.561  3619  3619 W PackageManager: Package com.android.gallery3d desires unavailable shared library com.google.android.media.effects; ignoring!
09-01 05:30:40.561  3619  3619 I PackageManager: Adjusting ABI for : org.cyanogenmod.providers.datausage to arm64-v8a
09-01 05:30:40.561  3619  3619 I PackageManager: Adjusting ABI for : com.android.location.fused to arm64-v8a
09-01 05:30:40.561  3619  3619 I PackageManager: Adjusting ABI for : cyanogenmod.platform to arm64-v8a
09-01 05:30:40.561  2942  2942 E installd: invalid apk path '/system/framework/org.cyanogenmod.platform-res.apk' (bad prefix)
09-01 05:30:40.561  3619  3619 I PackageManager: Adjusting ABI for : com.android.settings to arm64-v8a
09-01 05:30:40.561  3619  3619 I PackageManager: Adjusting ABI for : org.cyanogenmod.cmsettings to arm64-v8a
09-01 05:30:40.561  3619  3619 I PackageManager: Adjusting ABI for : com.cyanogenmod.setupwizard to arm64-v8a
09-01 05:30:40.561  3619  3619 I PackageManager: Adjusting ABI for : com.android.inputdevices to arm64-v8a
09-01 05:30:40.561  3619  3619 I PackageManager: Adjusting ABI for : com.android.server.telecom to arm64-v8a
09-01 05:30:40.562  3619  3619 I PackageManager: Adjusting ABI for : com.android.providers.settings to arm64-v8a
09-01 05:30:40.562  3619  3619 I PackageManager: Adjusting ABI for : com.android.development to arm64-v8a
09-01 05:30:40.562  3619  3619 I PackageManager: Adjusting ABI for : com.android.keychain to arm64-v8a
09-01 05:30:40.562  3619  3619 I PackageManager: Time to scan packages: 0.945 seconds
09-01 05:30:40.562  3619  3619 W PackageManager: Unknown permission com.google.android.googleapps.permission.GOOGLE_AUTH in package com.android.providers.calendar
09-01 05:30:40.562  3619  3619 W PackageManager: Unknown permission com.google.android.googleapps.permission.GOOGLE_AUTH.cl in package com.android.providers.calendar
09-01 05:30:40.563  3619  3619 W PackageManager: Not granting permission android.permission.REAL_GET_TASKS to package org.cyanogenmod.wallpapers.photophase (protectionLevel=18 flags=0x3818be45)
09-01 05:30:40.563  3619  3619 W PackageManager: Unknown permission com.cyanogen.ambient.permission.BIND_CALLER_INFO in package com.android.messaging
09-01 05:30:40.563  3619  3619 W PackageManager: Not granting permission android.permission.ACCESS_DOWNLOAD_MANAGER to package com.android.browser (protectionLevel=18 flags=0x3849be45)
09-01 05:30:40.563  2931  2931 E         : invalid gralloc handle (at 0x7f99d16540)
09-01 05:30:40.563  3619  3619 W PackageManager: Not granting permission android.permission.SEND_DOWNLOAD_COMPLETED_INTENTS to package com.android.browser (protectionLevel=2 flags=0x3849be45)
09-01 05:30:40.563  2931  2931 E         : Runtime and build version of gralloc private structure does not match. Errors will likely follow.
09-01 05:30:40.563  3619  3619 W PackageManager: Unknown permission com.cyngn.stats.SEND_ANALYTICS in package com.cyanogenmod.setupwizard
09-01 05:30:40.563  3619  3619 W PackageManager: Unknown permission com.cyanogen.permission.REQUEST_KILL_SWITCH_OP in package com.cyanogenmod.setupwizard
09-01 05:30:40.563  3619  3619 W PackageManager: Unknown permission com.cyanogen.ambient.permission.BIND_INCALL_SERVICE in package com.android.contacts
09-01 05:30:40.563  3619  3619 W PackageManager: Unknown permission com.cyanogen.ambient.permission.PLUGIN_STATUS_CHANGED in package com.android.contacts
09-01 05:30:40.563  3619  3619 W PackageManager: Unknown permission com.cyanogen.ambient.permission.BIND_CALLER_INFO in package com.android.contacts
09-01 05:30:40.563  3619  3619 W PackageManager: Unknown permission com.google.android.googleapps.permission.GOOGLE_AUTH.mail in package com.android.calendar
09-01 05:30:40.563  3619  3619 W PackageManager: Unknown permission com.android.launcher.permission.READ_SETTINGS in package com.android.onetimeinitializer
09-01 05:30:40.563  3619  3619 W PackageManager: Unknown permission com.android.launcher.permission.WRITE_SETTINGS in package com.android.onetimeinitializer
09-01 05:30:40.563  3619  3619 W PackageManager: Unknown permission com.cyanogen.ambient.permission.BIND_INCALL_SERVICE in package com.android.dialer
09-01 05:30:40.564  3619  3619 W PackageManager: Unknown permission com.cyanogen.ambient.permission.PLUGIN_STATUS_CHANGED in package com.android.dialer
09-01 05:30:40.564  3619  3619 W PackageManager: Unknown permission com.cyanogen.ambient.permission.PUBLISH_DISCOVERY_NUDGE in package com.android.dialer
09-01 05:30:40.564  3619  3619 W PackageManager: Unknown permission com.cyanogen.ambient.permission.BIND_DEEPLINK_SERVICE in package com.android.dialer
09-01 05:30:40.564  3619  3619 W PackageManager: Unknown permission com.cyanogen.ambient.permission.READ_DEEPLINK_DATABASE in package com.android.dialer
09-01 05:30:40.564  3619  3619 W PackageManager: Unknown permission com.cyanogen.ambient.permission.BIND_CALLER_INFO in package com.android.dialer
09-01 05:30:40.564  3619  3619 W PackageManager: Unknown permission com.android.launcher.permission.READ_SETTINGS in package com.cyanogenmod.trebuchet
09-01 05:30:40.564  3619  3619 W PackageManager: Unknown permission com.android.launcher.permission.WRITE_SETTINGS in package com.cyanogenmod.trebuchet
09-01 05:30:40.564  3619  3619 W PackageManager: Unknown permission com.cyngn.stats.SEND_ANALYTICS in package com.cyanogenmod.trebuchet
09-01 05:30:40.564  3619  3619 W PackageManager: Unknown permission android.permission.CANCEL_NOTIFICATIONS in package org.cyanogenmod.theme.chooser
09-01 05:30:40.564  3619  3619 W PackageManager: Unknown permission com.google.android.permission.INSTALL_WEARABLE_PACKAGES in package com.android.packageinstaller
09-01 05:30:40.564  3619  3619 W PackageManager: Not granting permission android.permission.DELETE_PACKAGES to package com.svox.pico (protectionLevel=18 flags=0x3808be45)
09-01 05:30:40.564  3619  3619 W PackageManager: Unknown permission android.permission.ACCESS_SUPERUSER in package com.cyanogenmod.filemanager
09-01 05:30:40.564  3619  3619 W PackageManager: Unknown permission com.cyanogenmod.filemanager.permissions.READ_THEME in package com.cyanogenmod.filemanager
09-01 05:30:40.564  3619  3619 W PackageManager: Unknown permission com.google.android.gallery3d.permission.PICASA_STORE in package com.android.dreams.phototable
09-01 05:30:40.564  3619  3619 W PackageManager: Unknown permission com.google.android.googleapps.permission.GOOGLE_AUTH in package com.android.settings
09-01 05:30:40.564  3619  3619 W PackageManager: Unknown permission com.android.launcher.permission.READ_SETTINGS in package com.android.settings
09-01 05:30:40.564  3619  3619 W PackageManager: Unknown permission com.android.launcher.permission.WRITE_SETTINGS in package com.android.settings
09-01 05:30:40.564  3619  3619 W PackageManager: Not granting permission android.permission.REAL_GET_TASKS to package com.cyanogenmod.eleven (protectionLevel=18 flags=0x3818be65)
09-01 05:30:40.565  3619  3619 W PackageManager: Unknown permission com.google.android.gallery3d.permission.GALLERY_PROVIDER in package com.android.bluetooth
09-01 05:30:40.565  3619  3619 W PackageManager: Unknown permission com.google.android.googleapps.permission.ACCESS_GOOGLE_PASSWORD in package com.android.development
09-01 05:30:40.565  3619  3619 W PackageManager: Unknown permission com.google.android.googleapps.permission.GOOGLE_AUTH in package com.android.development
09-01 05:30:40.565  3619  3619 W PackageManager: Unknown permission com.google.android.googleapps.permission.GOOGLE_AUTH.ALL_SERVICES in package com.android.development
09-01 05:30:40.565  3619  3619 W PackageManager: Unknown permission com.google.android.googleapps.permission.GOOGLE_AUTH.YouTubeUser in package com.android.development
09-01 05:30:40.565  3619  3619 V PackageManager: Disabling com.google.android.gsf/com.google.android.gsf.update.SystemUpdateActivity
09-01 05:30:40.565  3619  3619 W PackageManager: Unable to disable com.google.android.gsf/com.google.android.gsf.update.SystemUpdateActivity
09-01 05:30:40.565  3619  3619 V PackageManager: Disabling com.google.android.gsf/com.google.android.gsf.update.SystemUpdateService$Receiver
09-01 05:30:40.565  3619  3619 W PackageManager: Unable to disable com.google.android.gsf/com.google.android.gsf.update.SystemUpdateService$Receiver
09-01 05:30:40.565  3619  3619 V PackageManager: Disabling com.google.android.gsf/com.google.android.gsf.update.SystemUpdateService$SecretCodeReceiver
09-01 05:30:40.565  3619  3619 W PackageManager: Unable to disable com.google.android.gsf/com.google.android.gsf.update.SystemUpdateService$SecretCodeReceiver
09-01 05:30:40.565  3619  3619 V PackageManager: Disabling com.google.android.gms/com.google.android.gms.update.SystemUpdateActivity
09-01 05:30:40.565  3619  3619 W PackageManager: Unable to disable com.google.android.gms/com.google.android.gms.update.SystemUpdateActivity
09-01 05:30:40.565  3619  3619 V PackageManager: Disabling com.google.android.gms/com.google.android.gms.update.SystemUpdateService$Receiver
09-01 05:30:40.565  3619  3619 W PackageManager: Unable to disable com.google.android.gms/com.google.android.gms.update.SystemUpdateService$Receiver
09-01 05:30:40.565  3619  3619 V PackageManager: Disabling com.google.android.gms/com.google.android.gms.update.SystemUpdateService$ActiveReceiver
09-01 05:30:40.565  3619  3619 W PackageManager: Unable to disable com.google.android.gms/com.google.android.gms.update.SystemUpdateService$ActiveReceiver
09-01 05:30:40.565  3619  3619 V PackageManager: Disabling com.google.android.gms/com.google.android.gms.update.SystemUpdateService$SecretCodeReceiver
09-01 05:30:40.565  3619  3619 W PackageManager: Unable to disable com.google.android.gms/com.google.android.gms.update.SystemUpdateService$SecretCodeReceiver
09-01 05:30:40.565  3619  3619 V PackageManager: Enabling com.google.android.gsf/com.google.android.gsf.update.SystemUpdateService
09-01 05:30:40.565  3619  3619 W PackageManager: Unable to enable com.google.android.gsf/com.google.android.gsf.update.SystemUpdateService
09-01 05:30:40.565  3619  3619 V PackageManager: Enabling com.google.android.gms/com.google.android.gms.update.SystemUpdateService
09-01 05:30:40.565  3619  3619 W PackageManager: Unable to enable com.google.android.gms/com.google.android.gms.update.SystemUpdateService
09-01 05:30:40.567  2931  2931 D gralloc : fb_post E
09-01 05:30:40.567  2931  2931 D gralloc : fb_post format=0x5
09-01 05:30:40.584  3092  3129 E         : invalid gralloc handle (at 0x7f803e9300)
09-01 05:30:40.584  3092  3129 E         : Runtime and build version of gralloc private structure does not match. Errors will likely follow.
09-01 05:30:40.597  2931  2931 E         : invalid gralloc handle (at 0x7f99d164d0)
09-01 05:30:40.597  2931  2931 E         : Runtime and build version of gralloc private structure does not match. Errors will likely follow.
09-01 05:30:40.601  2931  2931 D gralloc : fb_post E
09-01 05:30:40.601  2931  2931 D gralloc : fb_post format=0x5
09-01 05:30:40.613  3619  3619 I art     : Starting a blocking GC Explicit
09-01 05:30:40.618  3092  3129 E         : invalid gralloc handle (at 0x7f803e9380)
09-01 05:30:40.618  3092  3129 E         : Runtime and build version of gralloc private structure does not match. Errors will likely follow.
09-01 05:30:40.631  2931  2931 E         : invalid gralloc handle (at 0x7f99d16460)
09-01 05:30:40.631  2931  2931 E         : Runtime and build version of gralloc private structure does not match. Errors will likely follow.
09-01 05:30:40.635  2931  2931 D gralloc : fb_post E
09-01 05:30:40.635  2931  2931 D gralloc : fb_post format=0x5
09-01 05:30:40.638  3619  3619 I art     : Explicit concurrent mark sweep GC freed 227151(13MB) AllocSpace objects, 47(3MB) LOS objects, 33% free, 27MB/41MB, paused 180us total 24.732ms
09-01 05:30:40.638  3619  3619 I SystemServer: User Service
09-01 05:30:40.642  2929  2929 I lowmemorykiller: ActivityManager connected
09-01 05:30:40.643  3619  3771 I         : System server: starting sensor init.
09-01 05:30:40.643  3619  3771 D SensorService: nuSensorService starting...
09-01 05:30:40.643  3619  3619 I SystemServiceManager: Starting com.android.server.BatteryService
09-01 05:30:40.644  3619  3771 I Sensors : getName:gyro_sensor name = K6DS3TR.
09-01 05:30:40.644  3619  3771 I Sensors : Proximity old sensor_state 0, new sensor_state : 128 en : 1
09-01 05:30:40.646  3619  3619 I SystemServiceManager: Starting com.android.server.usage.UsageStatsService
09-01 05:30:40.651  3092  3129 E         : invalid gralloc handle (at 0x7f803e9300)
09-01 05:30:40.651  3092  3129 E         : Runtime and build version of gralloc private structure does not match. Errors will likely follow.
09-01 05:30:40.654  3619  3619 I UsageStatsService: User[0] Rollover scheduled @ 2016-09-02 00:00:00(1472774400000)
09-01 05:30:40.654  3619  3619 I SystemServiceManager: Starting com.android.server.webkit.WebViewUpdateService
09-01 05:30:40.655  3619  3771 I Sensors : Light old sensor_state 128, new sensor_state : 640 en : 1
09-01 05:30:40.655  3619  3619 I SystemServer: Reading configuration...
09-01 05:30:40.655  3619  3619 I SystemServer: Scheduling Policy
09-01 05:30:40.655  3619  3619 I SystemServiceManager: Starting com.android.server.telecom.TelecomLoaderService
09-01 05:30:40.655  3619  3619 I SystemServer: Telephony Registry
09-01 05:30:40.657  3619  3619 I SystemServer: Entropy Mixer
09-01 05:30:40.660  3619  3771 I Sensors : Light_IR old sensor_state 640, new sensor_state : 16777856 en : 1
09-01 05:30:40.660  3619  3771 E Sensors : Light_IR_Sensor write failed. ret = -1, sensor_state = 16777856
09-01 05:30:40.660  3619  3771 I Sensors : SigMotionSensor old sensor_state 640, new sensor_state : 17024 en : 1
09-01 05:30:40.664  2931  2931 E         : invalid gralloc handle (at 0x7f99d163f0)
09-01 05:30:40.664  2931  2931 E         : Runtime and build version of gralloc private structure does not match. Errors will likely follow.
09-01 05:30:40.666  3619  3771 I Sensors : getName:gyro_sensor name = K6DS3TR.
09-01 05:30:40.666  3619  3771 I Sensors : StepCounterSensor old sensor_state 17024, new sensor_state : 279168 en : 1
09-01 05:30:40.666  3619  3771 E Sensors : StepCounterSensor write failed. ret = -1, sensor_state = 279168
09-01 05:30:40.666  3619  3771 I Sensors : Int.Gyro old sensor_state 17024, new sensor_state : 33571456 en : 1
09-01 05:30:40.666  3619  3771 E Sensors : Int.GyroSensor write failed. ret = -1, sensor_state = 33571456
09-01 05:30:40.666  3619  3771 I Sensors : getName:gyro_sensor name = K6DS3TR.
09-01 05:30:40.667  3619  3771 I Sensors : HrmSpO2Sensor:: part type = 12.
09-01 05:30:40.667  3619  3771 D Sensors : HrmSpO2Sensor::type:12, prox threshold:10000
09-01 05:30:40.667  3619  3771 D Sensors : HrmSpO2Sensor::handle:0 ,en:1
09-01 05:30:40.667  3619  3771 E Sensors : HrmSpO2Sensor::Error MAXIM Flicker Library...handle=0x0
09-01 05:30:40.667  3619  3771 D Sensors : HrmSpO2Sensor::HrmSpO2Sensor: Shared version Registered
09-01 05:30:40.667  3619  3771 D Sensors : HrmLedSensor enable: mEnabled 0, handle 20, en 1
09-01 05:30:40.667  3619  3771 D Sensors : HRMSensor led enabled:1, en:1
09-01 05:30:40.669  2931  2931 D gralloc : fb_post E
09-01 05:30:40.669  2931  2931 D gralloc : fb_post format=0x5
09-01 05:30:40.671  3619  3771 I Sensors : getVendor:hrm_sensor vendor = MAXIM.
09-01 05:30:40.671  3619  3771 I Sensors : HrmLedSensor: HrmLedSensor vendor = MAXIM.
09-01 05:30:40.671  3619  3771 D Sensors : HRMSensor_LED::libhr open start!! 
09-01 05:30:40.671  3619  3771 E Sensors : HRMSensor_LED::libhr open failed 
09-01 05:30:40.671  3619  3771 E Sensors : GripSensor: enable
09-01 05:30:40.675  3619  3619 I EntropyMixer: Added HW RNG output to entropy pool
09-01 05:30:40.675  3619  3619 I EntropyMixer: Writing entropy...
09-01 05:30:40.685  3092  3129 E         : invalid gralloc handle (at 0x7f803e9380)
09-01 05:30:40.685  3092  3129 E         : Runtime and build version of gralloc private structure does not match. Errors will likely follow.
09-01 05:30:40.687  3619  3619 I SystemServer: Camera Service
09-01 05:30:40.687  3619  3619 I SystemServiceManager: Starting com.android.server.camera.CameraService
09-01 05:30:40.688  3619  3772 I ServiceThread: Enabled StrictMode logging for CameraService_proxy looper.
09-01 05:30:40.689  3619  3619 I SystemServer: Account Manager
09-01 05:30:40.690  3619  3619 I SystemServer: Content Manager
09-01 05:30:40.690  3619  3619 I SystemServer: System Content Providers
09-01 05:30:40.692  3619  3619 W System  : ClassLoader referenced unknown path: /system/priv-app/CMSettingsProvider/lib/arm64
09-01 05:30:40.693  3619  3771 I Sensors : Proximity old sensor_state 17024, new sensor_state : 16896 en : 0
09-01 05:30:40.693  3619  3771 I Sensors : Light old sensor_state 16896, new sensor_state : 16384 en : 0
09-01 05:30:40.693  3619  3771 I Sensors : SigMotionSensor old sensor_state 16384, new sensor_state : 0 en : 0
09-01 05:30:40.693  3619  3771 E Sensors : GripSensor: enable
09-01 05:30:40.693  3619  3771 D Sensors : HrmSpO2Sensor::handle:19 ,en:0
09-01 05:30:40.693  3619  3771 D Sensors : HrmSpO2Sensor::isEnabled:0 ,en:0, mEn:0
09-01 05:30:40.693  3619  3771 D Sensors : HrmSpO2Sensor::handle:28 ,en:0
09-01 05:30:40.693  3619  3771 D Sensors : HrmSpO2Sensor::isEnabled:0 ,en:0, mEn:0
09-01 05:30:40.693  3619  3771 D Sensors : HrmLedSensor enable: mEnabled 1, handle 20, en 0
09-01 05:30:40.693  3619  3771 D Sensors : HRMSensor_LED::enable 
09-01 05:30:40.693  3619  3771 D Sensors : HRMSensor led enabled:0, en:0
09-01 05:30:40.694  3619  3771 D Sensors : HrmLedSensor enable: mEnabled 0, handle 21, en 0
09-01 05:30:40.694  3619  3771 D Sensors : HrmLedSensor isEnabled:0 ,en:0
09-01 05:30:40.694  3619  3771 D Sensors : HrmSpO2Sensor::handle:18 ,en:0
09-01 05:30:40.694  3619  3771 D Sensors : HrmSpO2Sensor::isEnabled:0 ,en:0, mEn:0
09-01 05:30:40.695  3619  3771 I         : System server: sensor init done.
09-01 05:30:40.695  3619  3774 D SensorService: nuSensorService thread starting...
09-01 05:30:40.695  3619  3773 D SensorService: new thread SensorEventAckReceiver
09-01 05:30:40.697  3619  3619 W System  : ClassLoader referenced unknown path: /system/priv-app/SettingsProvider/lib/arm64
09-01 05:30:40.698  2931  2931 E         : invalid gralloc handle (at 0x7f99d165b0)
09-01 05:30:40.698  2931  2931 E         : Runtime and build version of gralloc private structure does not match. Errors will likely follow.
09-01 05:30:40.702  2931  2931 D gralloc : fb_post E
09-01 05:30:40.702  2931  2931 D gralloc : fb_post format=0x5
09-01 05:30:40.705  3619  3619 I SystemServer: Vibrator Service
09-01 05:30:40.706  3619  3619 I SystemServer: Consumer IR Service
09-01 05:30:40.706  3619  3619 E ConsumerIrService: Can't open consumer IR HW Module, error: -2
09-01 05:30:40.706  3619  3619 E System  : ******************************************
09-01 05:30:40.706  3619  3619 E System  : ************ Failure starting core service
09-01 05:30:40.706  3619  3619 E System  : java.lang.RuntimeException: FEATURE_CONSUMER_IR present, but no IR HAL loaded!
09-01 05:30:40.706  3619  3619 E System  : 	at com.android.server.ConsumerIrService.<init>(ConsumerIrService.java:51)
09-01 05:30:40.706  3619  3619 E System  : 	at com.android.server.SystemServer.startOtherServices(SystemServer.java:509)
09-01 05:30:40.706  3619  3619 E System  : 	at com.android.server.SystemServer.run(SystemServer.java:291)
09-01 05:30:40.706  3619  3619 E System  : 	at com.android.server.SystemServer.main(SystemServer.java:176)
09-01 05:30:40.706  3619  3619 E System  : 	at java.lang.reflect.Method.invoke(Native Method)
09-01 05:30:40.706  3619  3619 E System  : 	at com.android.internal.os.ZygoteInit$MethodAndArgsCaller.run(ZygoteInit.java:726)
09-01 05:30:40.706  3619  3619 E System  : 	at com.android.internal.os.ZygoteInit.main(ZygoteInit.java:616)
09-01 05:30:40.706  3619  3619 I SystemServer: Input Method Service
09-01 05:30:40.718  3092  3129 E         : invalid gralloc handle (at 0x7f803e9300)
09-01 05:30:40.718  3092  3129 E         : Runtime and build version of gralloc private structure does not match. Errors will likely follow.
09-01 05:30:40.726  3619  3619 W InputMethodManagerService: No IME selected. Choose the most applicable IME.
09-01 05:30:40.726  3619  3619 I InputMethodManagerService: Default found, using com.android.inputmethod.latin/.LatinIME
09-01 05:30:40.728  3619  3619 I SystemServer: Accessibility Manager
09-01 05:30:40.729  3619  3619 W SystemServer: ***********************************************
09-01 05:30:40.729  3619  3619 E SystemServer: BOOT FAILURE making display ready
09-01 05:30:40.729  3619  3619 E SystemServer: java.lang.NullPointerException: Attempt to invoke virtual method 'void com.android.server.wm.WindowManagerService.displayReady()' on a null object reference
09-01 05:30:40.729  3619  3619 E SystemServer: 	at com.android.server.SystemServer.startOtherServices(SystemServer.java:591)
09-01 05:30:40.729  3619  3619 E SystemServer: 	at com.android.server.SystemServer.run(SystemServer.java:291)
09-01 05:30:40.729  3619  3619 E SystemServer: 	at com.android.server.SystemServer.main(SystemServer.java:176)
09-01 05:30:40.729  3619  3619 E SystemServer: 	at java.lang.reflect.Method.invoke(Native Method)
09-01 05:30:40.729  3619  3619 E SystemServer: 	at com.android.internal.os.ZygoteInit$MethodAndArgsCaller.run(ZygoteInit.java:726)
09-01 05:30:40.729  3619  3619 E SystemServer: 	at com.android.internal.os.ZygoteInit.main(ZygoteInit.java:616)
09-01 05:30:40.729  3619  3619 I SystemServiceManager: Starting com.android.server.MountService$Lifecycle
09-01 05:30:40.732  3619  3777 D MountService: Thinking about reset, mSystemReady=false, mDaemonConnected=true
09-01 05:30:40.732  2931  2931 E         : invalid gralloc handle (at 0x7f99d16540)
09-01 05:30:40.732  2931  2931 E         : Runtime and build version of gralloc private structure does not match. Errors will likely follow.
09-01 05:30:40.732  3619  3619 I SystemServiceManager: Starting com.android.server.UiModeManagerService
09-01 05:30:40.733  3619  3777 D MountService: Thinking about reset, mSystemReady=false, mDaemonConnected=true
09-01 05:30:40.733  3619  3777 D CryptdConnector: SND -> {1 cryptfs getfield SystemLocale}
09-01 05:30:40.733  2918  2956 I Ext4Crypt: ext4 crypto complete called on /data
09-01 05:30:40.733  2918  2956 I Ext4Crypt: No master key, so not ext4enc
09-01 05:30:40.733  3619  3779 D CryptdConnector: RCV <- {200 1 -1}
09-01 05:30:40.733  3619  3619 I ActivityManager: Config changes=200 {1.0 ?mcc?mnc en_US ldltr ?swdp ?wdp ?hdp ?density ?lsize ?long ?orien ?touch ?keyb/?/? ?nav/? s.2 themeResource=null}
09-01 05:30:40.734  3619  3777 W MountService: No primary storage mounted!
09-01 05:30:40.734  3619  3777 D VoldConnector: SND -> {1 asec list}
09-01 05:30:40.734  3619  3778 D VoldConnector: RCV <- {200 1 asec operation succeeded}
09-01 05:30:40.734  3619  3777 I PackageManager: No secure containers found
09-01 05:30:40.734  3619  3777 W PackageManager: Unknown permission com.google.android.googleapps.permission.GOOGLE_AUTH in package com.android.providers.calendar
09-01 05:30:40.734  3619  3777 W PackageManager: Unknown permission com.google.android.googleapps.permission.GOOGLE_AUTH.cl in package com.android.providers.calendar
09-01 05:30:40.734  3619  3777 W PackageManager: Not granting permission android.permission.REAL_GET_TASKS to package org.cyanogenmod.wallpapers.photophase (protectionLevel=18 flags=0x3818be45)
09-01 05:30:40.735  3619  3777 W PackageManager: Unknown permission com.cyanogen.ambient.permission.BIND_CALLER_INFO in package com.android.messaging
09-01 05:30:40.735  3619  3777 W PackageManager: Not granting permission android.permission.ACCESS_DOWNLOAD_MANAGER to package com.android.browser (protectionLevel=18 flags=0x3849be45)
09-01 05:30:40.735  3619  3777 W PackageManager: Not granting permission android.permission.SEND_DOWNLOAD_COMPLETED_INTENTS to package com.android.browser (protectionLevel=2 flags=0x3849be45)
09-01 05:30:40.735  3619  3777 W PackageManager: Unknown permission com.cyngn.stats.SEND_ANALYTICS in package com.cyanogenmod.setupwizard
09-01 05:30:40.735  3619  3777 W PackageManager: Unknown permission com.cyanogen.permission.REQUEST_KILL_SWITCH_OP in package com.cyanogenmod.setupwizard
09-01 05:30:40.735  3619  3777 W PackageManager: Unknown permission com.cyanogen.ambient.permission.BIND_INCALL_SERVICE in package com.android.contacts
09-01 05:30:40.735  3619  3777 W PackageManager: Unknown permission com.cyanogen.ambient.permission.PLUGIN_STATUS_CHANGED in package com.android.contacts
09-01 05:30:40.735  3619  3777 W PackageManager: Unknown permission com.cyanogen.ambient.permission.BIND_CALLER_INFO in package com.android.contacts
09-01 05:30:40.735  3619  3777 W PackageManager: Unknown permission com.google.android.googleapps.permission.GOOGLE_AUTH.mail in package com.android.calendar
09-01 05:30:40.735  3619  3777 W PackageManager: Unknown permission com.android.launcher.permission.READ_SETTINGS in package com.android.onetimeinitializer
09-01 05:30:40.735  3619  3777 W PackageManager: Unknown permission com.android.launcher.permission.WRITE_SETTINGS in package com.android.onetimeinitializer
09-01 05:30:40.736  3619  3777 W PackageManager: Unknown permission com.cyanogen.ambient.permission.BIND_INCALL_SERVICE in package com.android.dialer
09-01 05:30:40.736  3619  3777 W PackageManager: Unknown permission com.cyanogen.ambient.permission.PLUGIN_STATUS_CHANGED in package com.android.dialer
09-01 05:30:40.736  3619  3777 W PackageManager: Unknown permission com.cyanogen.ambient.permission.PUBLISH_DISCOVERY_NUDGE in package com.android.dialer
09-01 05:30:40.736  3619  3777 W PackageManager: Unknown permission com.cyanogen.ambient.permission.BIND_DEEPLINK_SERVICE in package com.android.dialer
09-01 05:30:40.736  3619  3777 W PackageManager: Unknown permission com.cyanogen.ambient.permission.READ_DEEPLINK_DATABASE in package com.android.dialer
09-01 05:30:40.736  3619  3777 W PackageManager: Unknown permission com.cyanogen.ambient.permission.BIND_CALLER_INFO in package com.android.dialer
09-01 05:30:40.736  3619  3777 W PackageManager: Unknown permission com.android.launcher.permission.READ_SETTINGS in package com.cyanogenmod.trebuchet
09-01 05:30:40.736  3619  3777 W PackageManager: Unknown permission com.android.launcher.permission.WRITE_SETTINGS in package com.cyanogenmod.trebuchet
09-01 05:30:40.736  3619  3777 W PackageManager: Unknown permission com.cyngn.stats.SEND_ANALYTICS in package com.cyanogenmod.trebuchet
09-01 05:30:40.736  3619  3777 W PackageManager: Unknown permission android.permission.CANCEL_NOTIFICATIONS in package org.cyanogenmod.theme.chooser
09-01 05:30:40.736  3619  3777 W PackageManager: Unknown permission com.google.android.permission.INSTALL_WEARABLE_PACKAGES in package com.android.packageinstaller
09-01 05:30:40.736  3619  3777 W PackageManager: Not granting permission android.permission.DELETE_PACKAGES to package com.svox.pico (protectionLevel=18 flags=0x3808be45)
09-01 05:30:40.736  3619  3777 W PackageManager: Unknown permission android.permission.ACCESS_SUPERUSER in package com.cyanogenmod.filemanager
09-01 05:30:40.736  3619  3777 W PackageManager: Unknown permission com.cyanogenmod.filemanager.permissions.READ_THEME in package com.cyanogenmod.filemanager
09-01 05:30:40.736  3619  3777 W PackageManager: Unknown permission com.google.android.gallery3d.permission.PICASA_STORE in package com.android.dreams.phototable
09-01 05:30:40.736  3619  3777 W PackageManager: Unknown permission com.google.android.googleapps.permission.GOOGLE_AUTH in package com.android.settings
09-01 05:30:40.736  3619  3777 W PackageManager: Unknown permission com.android.launcher.permission.READ_SETTINGS in package com.android.settings
09-01 05:30:40.736  3619  3777 W PackageManager: Unknown permission com.android.launcher.permission.WRITE_SETTINGS in package com.android.settings
09-01 05:30:40.737  2931  2931 D gralloc : fb_post E
09-01 05:30:40.737  2931  2931 D gralloc : fb_post format=0x5
09-01 05:30:40.737  3619  3777 W PackageManager: Not granting permission android.permission.REAL_GET_TASKS to package com.cyanogenmod.eleven (protectionLevel=18 flags=0x3818be65)
09-01 05:30:40.738  3619  3777 W PackageManager: Unknown permission com.google.android.gallery3d.permission.GALLERY_PROVIDER in package com.android.bluetooth
09-01 05:30:40.738  3619  3777 W PackageManager: Unknown permission com.google.android.googleapps.permission.ACCESS_GOOGLE_PASSWORD in package com.android.development
09-01 05:30:40.738  3619  3777 W PackageManager: Unknown permission com.google.android.googleapps.permission.GOOGLE_AUTH in package com.android.development
09-01 05:30:40.738  3619  3777 W PackageManager: Unknown permission com.google.android.googleapps.permission.GOOGLE_AUTH.ALL_SERVICES in package com.android.development
09-01 05:30:40.738  3619  3777 W PackageManager: Unknown permission com.google.android.googleapps.permission.GOOGLE_AUTH.YouTubeUser in package com.android.development
09-01 05:30:40.751  3092  3129 E         : invalid gralloc handle (at 0x7f803e9380)
09-01 05:30:40.751  3092  3129 E         : Runtime and build version of gralloc private structure does not match. Errors will likely follow.
09-01 05:30:40.766  2931  2931 E         : invalid gralloc handle (at 0x7f99d164d0)
09-01 05:30:40.766  2931  2931 E         : Runtime and build version of gralloc private structure does not match. Errors will likely follow.
09-01 05:30:40.770  2931  2931 D gralloc : fb_post E
09-01 05:30:40.770  2931  2931 D gralloc : fb_post format=0x5
09-01 05:30:40.781  3619  3777 W MountService: No primary storage defined yet; hacking together a stub
09-01 05:30:40.781  3619  3619 E System  : ******************************************
09-01 05:30:40.781  3619  3619 E System  : ************ Failure starting system services
09-01 05:30:40.781  3619  3619 E System  : java.lang.NullPointerException: Attempt to invoke virtual method 'void com.android.server.wm.WindowManagerService.updateBootProgress(int, android.content.pm.ApplicationInfo, int, int, boolean)' on a null object reference
09-01 05:30:40.781  3619  3619 E System  : 	at com.android.server.am.ActivityManagerService.updateBootProgress(ActivityManagerService.java:6568)
09-01 05:30:40.781  3619  3619 E System  : 	at com.android.server.SystemServer.startOtherServices(SystemServer.java:624)
09-01 05:30:40.781  3619  3619 E System  : 	at com.android.server.SystemServer.run(SystemServer.java:291)
09-01 05:30:40.781  3619  3619 E System  : 	at com.android.server.SystemServer.main(SystemServer.java:176)
09-01 05:30:40.781  3619  3619 E System  : 	at java.lang.reflect.Method.invoke(Native Method)
09-01 05:30:40.781  3619  3619 E System  : 	at com.android.internal.os.ZygoteInit$MethodAndArgsCaller.run(ZygoteInit.java:726)
09-01 05:30:40.781  3619  3619 E System  : 	at com.android.internal.os.ZygoteInit.main(ZygoteInit.java:616)
09-01 05:30:40.781  3619  3619 D AndroidRuntime: Shutting down VM
09-01 05:30:40.781  3619  3777 W MountService: No primary storage defined yet; hacking together a stub
09-01 05:30:40.781  3619  3619 E AndroidRuntime: *** FATAL EXCEPTION IN SYSTEM PROCESS: main
09-01 05:30:40.781  3619  3619 E AndroidRuntime: java.lang.NullPointerException: Attempt to invoke virtual method 'void com.android.server.wm.WindowManagerService.updateBootProgress(int, android.content.pm.ApplicationInfo, int, int, boolean)' on a null object reference
09-01 05:30:40.781  3619  3619 E AndroidRuntime: 	at com.android.server.am.ActivityManagerService.updateBootProgress(ActivityManagerService.java:6568)
09-01 05:30:40.781  3619  3619 E AndroidRuntime: 	at com.android.server.SystemServer.startOtherServices(SystemServer.java:624)
09-01 05:30:40.781  3619  3619 E AndroidRuntime: 	at com.android.server.SystemServer.run(SystemServer.java:291)
09-01 05:30:40.781  3619  3619 E AndroidRuntime: 	at com.android.server.SystemServer.main(SystemServer.java:176)
09-01 05:30:40.781  3619  3619 E AndroidRuntime: 	at java.lang.reflect.Method.invoke(Native Method)
09-01 05:30:40.781  3619  3619 E AndroidRuntime: 	at com.android.internal.os.ZygoteInit$MethodAndArgsCaller.run(ZygoteInit.java:726)
09-01 05:30:40.781  3619  3619 E AndroidRuntime: 	at com.android.internal.os.ZygoteInit.main(ZygoteInit.java:616)
09-01 05:30:40.781  3619  3777 W MountService: No primary storage mounted!
09-01 05:30:40.781  3619  3777 D VoldConnector: SND -> {2 asec list}
09-01 05:30:40.781  3619  3619 I Process : Sending signal. PID: 3619 SIG: 9
09-01 05:30:40.785  3092  3129 E         : invalid gralloc handle (at 0x7f803e9300)
09-01 05:30:40.785  3092  3129 E         : Runtime and build version of gralloc private structure does not match. Errors will likely follow.
09-01 05:30:40.795  2930  2930 I ServiceManager: service 'batterymanager' died
09-01 05:30:40.795  2942  2942 E installd: eof
09-01 05:30:40.795  2942  2942 E installd: failed to read size
09-01 05:30:40.795  2942  2942 I installd: closing connection
09-01 05:30:40.795  2930  2930 I ServiceManager: service 'usagestats' died
09-01 05:30:40.796  2929  2929 I lowmemorykiller: ActivityManager disconnected
09-01 05:30:40.796  2929  2929 I lowmemorykiller: Closing Activity Manager data connection
09-01 05:30:40.796  2930  2930 I ServiceManager: service 'webviewupdate' died
09-01 05:30:40.796  2930  2930 I ServiceManager: service 'scheduling_policy' died
09-01 05:30:40.796  2930  2930 I ServiceManager: service 'telephony.registry' died
09-01 05:30:40.796  2930  2930 I ServiceManager: service 'media.camera.proxy' died
09-01 05:30:40.796  2930  2930 I ServiceManager: service 'account' died
09-01 05:30:40.796  2930  2930 I ServiceManager: service 'content' died
09-01 05:30:40.796  2930  2930 I ServiceManager: service 'vibrator' died
09-01 05:30:40.796  2930  2930 I ServiceManager: service 'input_method' died
09-01 05:30:40.796  2930  2930 I ServiceManager: service 'accessibility' died
09-01 05:30:40.796  2930  2930 I ServiceManager: service 'mount' died
09-01 05:30:40.796  2930  2930 I ServiceManager: service 'uimode' died
09-01 05:30:40.796  2930  2930 I ServiceManager: service 'dbinfo' died
09-01 05:30:40.796  2930  2930 I ServiceManager: service 'cpuinfo' died
09-01 05:30:40.796  2930  2930 I ServiceManager: service 'permission' died
09-01 05:30:40.796  2930  2930 I ServiceManager: service 'processinfo' died
09-01 05:30:40.796  2930  2930 I ServiceManager: service 'meminfo' died
09-01 05:30:40.796  2930  2930 I ServiceManager: service 'sensorservice' died
09-01 05:30:40.796  2930  2930 I ServiceManager: service 'package' died
09-01 05:30:40.796  2930  2930 I ServiceManager: service 'user' died
09-01 05:30:40.796  2930  2930 I ServiceManager: service 'activity' died
09-01 05:30:40.796  2930  2930 I ServiceManager: service 'procstats' died
09-01 05:30:40.796  2930  2930 I ServiceManager: service 'gfxinfo' died
09-01 05:30:40.796  2930  2930 I ServiceManager: service 'batterystats' died
09-01 05:30:40.796  2930  2930 I ServiceManager: service 'appops' died
09-01 05:30:40.796  2930  2930 I ServiceManager: service 'power' died
09-01 05:30:40.796  2930  2930 I ServiceManager: service 'display' died
09-01 05:30:40.800  2931  2931 E         : invalid gralloc handle (at 0x7f99d16460)
09-01 05:30:40.800  2931  2931 E         : Runtime and build version of gralloc private structure does not match. Errors will likely follow.
09-01 05:30:40.804  2931  2931 D gralloc : fb_post E
09-01 05:30:40.804  2931  2931 D gralloc : fb_post format=0x5
09-01 05:30:40.819  3092  3129 E         : invalid gralloc handle (at 0x7f803e9380)
09-01 05:30:40.819  3092  3129 E         : Runtime and build version of gralloc private structure does not match. Errors will likely follow.
09-01 05:30:40.834  2931  2931 E         : invalid gralloc handle (at 0x7f99d163f0)
09-01 05:30:40.834  2931  2931 E         : Runtime and build version of gralloc private structure does not match. Errors will likely follow.
09-01 05:30:40.838  2931  2931 D gralloc : fb_post E
09-01 05:30:40.838  2931  2931 D gralloc : fb_post format=0x5
09-01 05:30:40.852  3092  3129 E         : invalid gralloc handle (at 0x7f803e9300)
09-01 05:30:40.852  3092  3129 E         : Runtime and build version of gralloc private structure does not match. Errors will likely follow.
09-01 05:30:40.868  2931  2931 E         : invalid gralloc handle (at 0x7f99d165b0)
09-01 05:30:40.868  2931  2931 E         : Runtime and build version of gralloc private structure does not match. Errors will likely follow.
09-01 05:30:40.872  2931  2931 D gralloc : fb_post E
09-01 05:30:40.872  2931  2931 D gralloc : fb_post format=0x5
09-01 05:30:40.885  3092  3129 E         : invalid gralloc handle (at 0x7f803e9380)
09-01 05:30:40.885  3092  3129 E         : Runtime and build version of gralloc private structure does not match. Errors will likely follow.
09-01 05:30:40.902  2931  2931 E         : invalid gralloc handle (at 0x7f99d16540)
09-01 05:30:40.902  2931  2931 E         : Runtime and build version of gralloc private structure does not match. Errors will likely follow.
09-01 05:30:40.906  2931  2931 D gralloc : fb_post E
09-01 05:30:40.906  2931  2931 D gralloc : fb_post format=0x5
09-01 05:30:40.919  3092  3129 E         : invalid gralloc handle (at 0x7f803e9300)
09-01 05:30:40.919  3092  3129 E         : Runtime and build version of gralloc private structure does not match. Errors will likely follow.
09-01 05:30:40.936  2931  2931 E         : invalid gralloc handle (at 0x7f99d164d0)
09-01 05:30:40.936  2931  2931 E         : Runtime and build version of gralloc private structure does not match. Errors will likely follow.
