12-05 02:39:48.747  2997  2997 F DEBUG   :     #14 pc 000000000005e89c  /system/bin/gpsd
12-05 02:39:48.789  2997  2997 F DEBUG   : 
12-05 02:39:48.789  2997  2997 F DEBUG   : Tombstone written to: /data/tombstones/tombstone_01
12-05 02:39:48.779  5228  5228 W gpsd    : type=1701 audit(0.0:220): auid=4294967295 uid=1021 gid=1000 ses=4294967295 exe="/system/bin/gpsd" sig=6
12-05 02:39:48.790  3330  3357 I BootReceiver: Copying /data/tombstones/tombstone_01 to DropBox (SYSTEM_TOMBSTONE)
12-05 02:39:49.291  4305  4330 E ELEVEN  : calling refresh!
12-05 02:39:51.302  4305  4330 E ELEVEN  : calling refresh!
12-05 02:39:51.982  3000  3000 I FFmpegExtractor: android-source:0xf66220c0
12-05 02:39:51.988  3000  3000 D FFmpegExtractor: suppoted codec(h264) by official Stagefright
12-05 02:39:51.988  3000  3000 D FFmpegExtractor: suppoted codec(aac) by official Stagefright
12-05 02:39:51.988  3000  3000 D FFmpegExtractor: ffmpeg detected media content as 'video/mp4' with confidence 0.08
12-05 02:39:52.016  3000  3419 I FFmpegExtractor: android-source:0xf2991b40
12-05 02:39:52.024  3000  3419 D FFmpegExtractor: suppoted codec(h264) by official Stagefright
12-05 02:39:52.024  3000  3419 D FFmpegExtractor: suppoted codec(aac) by official Stagefright
12-05 02:39:52.024  3000  3419 D FFmpegExtractor: ffmpeg detected media content as 'video/mp4' with confidence 0.08
12-05 02:39:52.025  3000  3984 I SampleTable: There are reordered frames present.
12-05 02:39:52.047  3000  3418 I FFmpegExtractor: android-source:0xf66220c0
12-05 02:39:52.069  3000  3418 D FFmpegExtractor: suppoted codec(h264) by official Stagefright
12-05 02:39:52.069  3000  3418 D FFmpegExtractor: suppoted codec(aac) by official Stagefright
12-05 02:39:52.069  3000  3418 D FFmpegExtractor: ffmpeg detected media content as 'video/mp4' with confidence 0.08
12-05 02:39:52.098  3000  4128 I FFmpegExtractor: android-source:0xf2991b40
12-05 02:39:52.106  3000  4128 D FFmpegExtractor: suppoted codec(h264) by official Stagefright
12-05 02:39:52.106  3000  4128 D FFmpegExtractor: suppoted codec(aac) by official Stagefright
12-05 02:39:52.106  3000  4128 D FFmpegExtractor: ffmpeg detected media content as 'video/mp4' with confidence 0.08
12-05 02:39:52.130  3000  3910 I FFmpegExtractor: android-source:0xf66220c0
12-05 02:39:52.142  3000  3910 D FFmpegExtractor: suppoted codec(h264) by official Stagefright
12-05 02:39:52.142  3000  3910 D FFmpegExtractor: suppoted codec(aac) by official Stagefright
12-05 02:39:52.142  3000  3910 D FFmpegExtractor: ffmpeg detected media content as 'video/mp4' with confidence 0.08
12-05 02:39:52.168  3000  4127 I FFmpegExtractor: android-source:0xf2991b40
12-05 02:39:52.175  3000  4127 D FFmpegExtractor: suppoted codec(h264) by official Stagefright
12-05 02:39:52.175  3000  4127 D FFmpegExtractor: suppoted codec(aac) by official Stagefright
12-05 02:39:52.175  3000  4127 D FFmpegExtractor: ffmpeg detected media content as 'video/mp4' with confidence 0.08
12-05 02:39:52.200  3000  3984 I FFmpegExtractor: android-source:0xf66220c0
12-05 02:39:52.216  3000  3984 D FFmpegExtractor: suppoted codec(h264) by official Stagefright
12-05 02:39:52.216  3000  3984 D FFmpegExtractor: suppoted codec(aac) by official Stagefright
12-05 02:39:52.216  3000  3984 D FFmpegExtractor: ffmpeg detected media content as 'video/mp4' with confidence 0.08
12-05 02:39:52.240  3000  3907 I FFmpegExtractor: android-source:0xf2991b40
12-05 02:39:52.246  3000  3907 D FFmpegExtractor: suppoted codec(h264) by official Stagefright
12-05 02:39:52.246  3000  3907 D FFmpegExtractor: suppoted codec(aac) by official Stagefright
12-05 02:39:52.246  3000  3907 D FFmpegExtractor: ffmpeg detected media content as 'video/mp4' with confidence 0.08
12-05 02:39:52.268  3000  3000 I FFmpegExtractor: android-source:0xf66220c0
12-05 02:39:52.302  3000  3000 D FFmpegExtractor: suppoted codec(h264) by official Stagefright
12-05 02:39:52.302  3000  3000 D FFmpegExtractor: suppoted codec(aac) by official Stagefright
12-05 02:39:52.303  3000  3000 D FFmpegExtractor: ffmpeg detected media content as 'video/mp4' with confidence 0.08
12-05 02:39:52.337  3000  3419 I FFmpegExtractor: android-source:0xf2991b40
12-05 02:39:52.344  3000  3419 D FFmpegExtractor: suppoted codec(h264) by official Stagefright
12-05 02:39:52.344  3000  3419 D FFmpegExtractor: suppoted codec(aac) by official Stagefright
12-05 02:39:52.344  3000  3419 D FFmpegExtractor: ffmpeg detected media content as 'video/mp4' with confidence 0.08
12-05 02:39:52.369  3000  3418 I FFmpegExtractor: android-source:0xf66220c0
12-05 02:39:52.392  3000  3418 D FFmpegExtractor: suppoted codec(h264) by official Stagefright
12-05 02:39:52.392  3000  3418 D FFmpegExtractor: suppoted codec(aac) by official Stagefright
12-05 02:39:52.392  3000  3418 D FFmpegExtractor: ffmpeg detected media content as 'video/mp4' with confidence 0.08
12-05 02:39:52.420  3000  4128 I FFmpegExtractor: android-source:0xf2991b40
12-05 02:39:52.438  3000  4128 D FFmpegExtractor: suppoted codec(h264) by official Stagefright
12-05 02:39:52.438  3000  4128 D FFmpegExtractor: suppoted codec(aac) by official Stagefright
12-05 02:39:52.439  3000  4128 D FFmpegExtractor: ffmpeg detected media content as 'video/mp4' with confidence 0.08
12-05 02:39:52.466  3000  3910 I FFmpegExtractor: android-source:0xf66220c0
12-05 02:39:52.525  3000  3910 D FFmpegExtractor: suppoted codec(h264) by official Stagefright
12-05 02:39:52.525  3000  3910 D FFmpegExtractor: suppoted codec(aac) by official Stagefright
12-05 02:39:52.525  3000  3910 D FFmpegExtractor: ffmpeg detected media content as 'video/mp4' with confidence 0.08
12-05 02:39:52.554  3000  4127 I FFmpegExtractor: android-source:0xf2991b40
12-05 02:39:52.561  3000  4127 D FFmpegExtractor: suppoted codec(h264) by official Stagefright
12-05 02:39:52.561  3000  4127 D FFmpegExtractor: suppoted codec(aac) by official Stagefright
12-05 02:39:52.561  3000  4127 D FFmpegExtractor: ffmpeg detected media content as 'video/mp4' with confidence 0.08
12-05 02:39:52.586  3000  3984 I FFmpegExtractor: android-source:0xf66220c0
12-05 02:39:52.609  3000  3984 D FFmpegExtractor: suppoted codec(h264) by official Stagefright
12-05 02:39:52.609  3000  3984 D FFmpegExtractor: suppoted codec(aac) by official Stagefright
12-05 02:39:52.609  3000  3984 D FFmpegExtractor: ffmpeg detected media content as 'video/mp4' with confidence 0.08
12-05 02:39:52.638  3000  3907 I FFmpegExtractor: android-source:0xf2991b40
12-05 02:39:52.649  3000  3907 D FFmpegExtractor: suppoted codec(h264) by official Stagefright
12-05 02:39:52.650  3000  3907 D FFmpegExtractor: suppoted codec(aac) by official Stagefright
12-05 02:39:52.650  3000  3907 D FFmpegExtractor: ffmpeg detected media content as 'video/mp4' with confidence 0.08
12-05 02:39:52.676  3000  3000 I FFmpegExtractor: android-source:0xf66220c0
12-05 02:39:52.688  3000  3000 D FFmpegExtractor: suppoted codec(h264) by official Stagefright
12-05 02:39:52.688  3000  3000 D FFmpegExtractor: suppoted codec(aac) by official Stagefright
12-05 02:39:52.688  3000  3000 D FFmpegExtractor: ffmpeg detected media content as 'video/mp4' with confidence 0.08
12-05 02:39:52.713  3000  3419 I FFmpegExtractor: android-source:0xf2991b40
12-05 02:39:52.724  3000  3419 D FFmpegExtractor: suppoted codec(h264) by official Stagefright
12-05 02:39:52.724  3000  3419 D FFmpegExtractor: suppoted codec(aac) by official Stagefright
12-05 02:39:52.725  3000  3419 D FFmpegExtractor: ffmpeg detected media content as 'video/mp4' with confidence 0.08
12-05 02:39:52.747  3000  3418 I FFmpegExtractor: android-source:0xf66220c0
12-05 02:39:52.753  3000  3418 D FFmpegExtractor: suppoted codec(h264) by official Stagefright
12-05 02:39:52.753  3000  3418 D FFmpegExtractor: suppoted codec(aac) by official Stagefright
12-05 02:39:52.753  3000  3418 D FFmpegExtractor: ffmpeg detected media content as 'video/mp4' with confidence 0.08
12-05 02:39:52.775  3000  4128 I FFmpegExtractor: android-source:0xf2991b40
12-05 02:39:52.782  3000  4128 D FFmpegExtractor: suppoted codec(h264) by official Stagefright
12-05 02:39:52.782  3000  4128 D FFmpegExtractor: suppoted codec(aac) by official Stagefright
12-05 02:39:52.782  3000  4128 D FFmpegExtractor: ffmpeg detected media content as 'video/mp4' with confidence 0.08
12-05 02:39:52.804  3000  3910 I FFmpegExtractor: android-source:0xf66220c0
12-05 02:39:52.811  3000  3910 D FFmpegExtractor: suppoted codec(h264) by official Stagefright
12-05 02:39:52.811  3000  3910 D FFmpegExtractor: suppoted codec(aac) by official Stagefright
12-05 02:39:52.811  3000  3910 D FFmpegExtractor: ffmpeg detected media content as 'video/mp4' with confidence 0.08
12-05 02:39:52.836  3000  4127 I FFmpegExtractor: android-source:0xf2991b40
12-05 02:39:52.843  3000  4127 D FFmpegExtractor: suppoted codec(h264) by official Stagefright
12-05 02:39:52.843  3000  4127 D FFmpegExtractor: suppoted codec(aac) by official Stagefright
12-05 02:39:52.843  3000  4127 D FFmpegExtractor: ffmpeg detected media content as 'video/mp4' with confidence 0.08
12-05 02:39:52.844  3000  3418 I SampleTable: There are reordered frames present.
12-05 02:39:52.865  3000  3984 I FFmpegExtractor: android-source:0xf66220c0
12-05 02:39:52.889  3000  3984 D FFmpegExtractor: suppoted codec(h264) by official Stagefright
12-05 02:39:52.889  3000  3984 D FFmpegExtractor: suppoted codec(aac) by official Stagefright
12-05 02:39:52.890  3000  3984 D FFmpegExtractor: ffmpeg detected media content as 'video/mp4' with confidence 0.08
12-05 02:39:52.919  3000  3907 I FFmpegExtractor: android-source:0xf2991b40
12-05 02:39:52.925  3000  3907 D FFmpegExtractor: suppoted codec(h264) by official Stagefright
12-05 02:39:52.925  3000  3907 D FFmpegExtractor: suppoted codec(aac) by official Stagefright
12-05 02:39:52.925  3000  3907 D FFmpegExtractor: ffmpeg detected media content as 'video/mp4' with confidence 0.08
12-05 02:39:52.951  3000  3000 I FFmpegExtractor: android-source:0xf66220c0
12-05 02:39:52.957  3000  3000 D FFmpegExtractor: suppoted codec(h264) by official Stagefright
12-05 02:39:52.958  3000  3000 D FFmpegExtractor: suppoted codec(aac) by official Stagefright
12-05 02:39:52.958  3000  3000 D FFmpegExtractor: ffmpeg detected media content as 'video/mp4' with confidence 0.08
12-05 02:39:52.983  3000  3419 I FFmpegExtractor: android-source:0xf2991b40
12-05 02:39:52.991  3000  3419 D FFmpegExtractor: suppoted codec(h264) by official Stagefright
12-05 02:39:52.991  3000  3419 D FFmpegExtractor: suppoted codec(aac) by official Stagefright
12-05 02:39:52.991  3000  3419 D FFmpegExtractor: ffmpeg detected media content as 'video/mp4' with confidence 0.08
12-05 02:39:53.018  3000  3418 I FFmpegExtractor: android-source:0xf66220c0
12-05 02:39:53.026  3000  3418 D FFmpegExtractor: suppoted codec(h264) by official Stagefright
12-05 02:39:53.026  3000  3418 D FFmpegExtractor: suppoted codec(aac) by official Stagefright
12-05 02:39:53.026  3000  3418 D FFmpegExtractor: ffmpeg detected media content as 'video/mp4' with confidence 0.08
12-05 02:39:53.050  3000  4128 I FFmpegExtractor: android-source:0xf2991b40
12-05 02:39:53.056  3000  4128 D FFmpegExtractor: suppoted codec(h264) by official Stagefright
12-05 02:39:53.057  3000  4128 D FFmpegExtractor: suppoted codec(aac) by official Stagefright
12-05 02:39:53.057  3000  4128 D FFmpegExtractor: ffmpeg detected media content as 'video/mp4' with confidence 0.08
12-05 02:39:53.079  3000  3910 I FFmpegExtractor: android-source:0xf66220c0
12-05 02:39:53.087  3000  3910 D FFmpegExtractor: suppoted codec(h264) by official Stagefright
12-05 02:39:53.087  3000  3910 D FFmpegExtractor: suppoted codec(aac) by official Stagefright
12-05 02:39:53.087  3000  3910 D FFmpegExtractor: ffmpeg detected media content as 'video/mp4' with confidence 0.08
12-05 02:39:53.110  3000  4127 I FFmpegExtractor: android-source:0xf2991b40
12-05 02:39:53.118  3000  4127 D FFmpegExtractor: suppoted codec(h264) by official Stagefright
12-05 02:39:53.118  3000  4127 D FFmpegExtractor: suppoted codec(aac) by official Stagefright
12-05 02:39:53.118  3000  4127 D FFmpegExtractor: ffmpeg detected media content as 'video/mp4' with confidence 0.08
12-05 02:39:53.142  3000  3984 I FFmpegExtractor: android-source:0xf66220c0
12-05 02:39:53.148  3000  3984 D FFmpegExtractor: suppoted codec(h264) by official Stagefright
12-05 02:39:53.148  3000  3984 D FFmpegExtractor: suppoted codec(aac) by official Stagefright
12-05 02:39:53.148  3000  3984 D FFmpegExtractor: ffmpeg detected media content as 'video/mp4' with confidence 0.08
12-05 02:39:53.170  3000  3907 I FFmpegExtractor: android-source:0xf2991b40
12-05 02:39:53.226  3000  3907 D FFmpegExtractor: suppoted codec(h264) by official Stagefright
12-05 02:39:53.226  3000  3907 D FFmpegExtractor: suppoted codec(aac) by official Stagefright
12-05 02:39:53.226  3000  3907 D FFmpegExtractor: ffmpeg detected media content as 'video/mp4' with confidence 0.08
12-05 02:39:53.267  3000  3000 I FFmpegExtractor: android-source:0xf66220c0
12-05 02:39:53.274  3000  3000 D FFmpegExtractor: suppoted codec(h264) by official Stagefright
12-05 02:39:53.274  3000  3000 D FFmpegExtractor: suppoted codec(aac) by official Stagefright
12-05 02:39:53.274  3000  3000 D FFmpegExtractor: ffmpeg detected media content as 'video/mp4' with confidence 0.08
12-05 02:39:53.295  3000  3419 I FFmpegExtractor: android-source:0xf2991b40
12-05 02:39:53.307  3000  3419 D FFmpegExtractor: suppoted codec(h264) by official Stagefright
12-05 02:39:53.307  3000  3419 D FFmpegExtractor: suppoted codec(aac) by official Stagefright
12-05 02:39:53.307  3000  3419 D FFmpegExtractor: ffmpeg detected media content as 'video/mp4' with confidence 0.08
12-05 02:39:53.331  3000  3418 I FFmpegExtractor: android-source:0xf66220c0
12-05 02:39:53.357  3000  3418 D FFmpegExtractor: suppoted codec(h264) by official Stagefright
12-05 02:39:53.357  3000  3418 D FFmpegExtractor: suppoted codec(aac) by official Stagefright
12-05 02:39:53.357  3000  3418 D FFmpegExtractor: ffmpeg detected media content as 'video/mp4' with confidence 0.08
12-05 02:39:53.358  3000  3907 I SampleTable: There are reordered frames present.
12-05 02:39:53.384  3000  4128 I FFmpegExtractor: android-source:0xf2991b40
12-05 02:39:53.391  3000  4128 D FFmpegExtractor: suppoted codec(h264) by official Stagefright
12-05 02:39:53.391  3000  4128 D FFmpegExtractor: suppoted codec(aac) by official Stagefright
12-05 02:39:53.391  3000  4128 D FFmpegExtractor: ffmpeg detected media content as 'video/mp4' with confidence 0.08
12-05 02:39:53.417  3000  3910 I FFmpegExtractor: android-source:0xf66220c0
12-05 02:39:53.446  3000  3910 D FFmpegExtractor: suppoted codec(h264) by official Stagefright
12-05 02:39:53.447  3000  3910 D FFmpegExtractor: suppoted codec(aac) by official Stagefright
12-05 02:39:53.447  3000  3910 D FFmpegExtractor: ffmpeg detected media content as 'video/mp4' with confidence 0.08
12-05 02:39:53.479  3000  4127 I FFmpegExtractor: android-source:0xf2991b40
12-05 02:39:53.496  3000  4127 D FFmpegExtractor: suppoted codec(mpeg4) by official Stagefright
12-05 02:39:53.496  3000  4127 D FFmpegExtractor: suppoted codec(aac) by official Stagefright
12-05 02:39:53.496  3000  4127 D FFmpegExtractor: ffmpeg detected media content as 'video/mp4' with confidence 0.08
12-05 02:39:53.497  3000  3418 D Utils   : checkDPFromVOLHeader: DP:0
12-05 02:39:53.521  3000  3984 I FFmpegExtractor: android-source:0xf66220c0
12-05 02:39:53.527  3000  3984 D FFmpegExtractor: suppoted codec(h264) by official Stagefright
12-05 02:39:53.527  3000  3984 D FFmpegExtractor: suppoted codec(aac) by official Stagefright
12-05 02:39:53.527  3000  3984 D FFmpegExtractor: ffmpeg detected media content as 'video/mp4' with confidence 0.08
12-05 02:39:53.549  3000  3907 I FFmpegExtractor: android-source:0xf2991b40
12-05 02:39:53.560  3000  3907 D FFmpegExtractor: suppoted codec(h264) by official Stagefright
12-05 02:39:53.560  3000  3907 D FFmpegExtractor: suppoted codec(aac) by official Stagefright
12-05 02:39:53.560  3000  3907 D FFmpegExtractor: ffmpeg detected media content as 'video/mp4' with confidence 0.08
12-05 02:39:53.585  3000  3000 I FFmpegExtractor: android-source:0xf66220c0
12-05 02:39:53.603  3000  3000 D FFmpegExtractor: suppoted codec(h264) by official Stagefright
12-05 02:39:53.603  3000  3000 D FFmpegExtractor: suppoted codec(aac) by official Stagefright
12-05 02:39:53.603  3000  3000 D FFmpegExtractor: ffmpeg detected media content as 'video/mp4' with confidence 0.08
12-05 02:39:53.604  3000  4127 I SampleTable: There are reordered frames present.
12-05 02:39:53.628  3000  3419 I FFmpegExtractor: android-source:0xf2991b40
12-05 02:39:53.637  3000  3419 D FFmpegExtractor: suppoted codec(h264) by official Stagefright
12-05 02:39:53.637  3000  3419 D FFmpegExtractor: suppoted codec(aac) by official Stagefright
12-05 02:39:53.637  3000  3419 D FFmpegExtractor: ffmpeg detected media content as 'video/mp4' with confidence 0.08
12-05 02:39:53.661  3000  3418 I FFmpegExtractor: android-source:0xf66220c0
12-05 02:39:53.677  3000  3418 D FFmpegExtractor: suppoted codec(h264) by official Stagefright
12-05 02:39:53.677  3000  3418 D FFmpegExtractor: suppoted codec(aac) by official Stagefright
12-05 02:39:53.677  3000  3418 D FFmpegExtractor: ffmpeg detected media content as 'video/mp4' with confidence 0.08
12-05 02:39:53.702  3000  4128 I FFmpegExtractor: android-source:0xf2991b40
12-05 02:39:53.710  3000  4128 D FFmpegExtractor: suppoted codec(h264) by official Stagefright
12-05 02:39:53.710  3000  4128 D FFmpegExtractor: suppoted codec(aac) by official Stagefright
12-05 02:39:53.710  3000  4128 D FFmpegExtractor: ffmpeg detected media content as 'video/mp4' with confidence 0.08
12-05 02:39:53.711  3000  3000 I SampleTable: There are reordered frames present.
12-05 02:39:53.737  3000  3910 I FFmpegExtractor: android-source:0xf66220c0
12-05 02:39:53.742  3000  3910 D FFmpegExtractor: suppoted codec(h264) by official Stagefright
12-05 02:39:53.742  3000  3910 D FFmpegExtractor: ffmpeg detected media content as 'video/mp4' with confidence 0.08
12-05 02:39:53.766  3000  4127 I FFmpegExtractor: android-source:0xf2991b40
12-05 02:39:53.792  3000  4127 D FFmpegExtractor: suppoted codec(h264) by official Stagefright
12-05 02:39:53.792  3000  4127 D FFmpegExtractor: suppoted codec(aac) by official Stagefright
12-05 02:39:53.792  3000  4127 D FFmpegExtractor: ffmpeg detected media content as 'video/mp4' with confidence 0.08
12-05 02:39:53.822  3000  3984 I FFmpegExtractor: android-source:0xf66220c0
12-05 02:39:53.835  3000  3984 D FFmpegExtractor: suppoted codec(h264) by official Stagefright
12-05 02:39:53.835  3000  3984 D FFmpegExtractor: suppoted codec(aac) by official Stagefright
12-05 02:39:53.835  3000  3984 D FFmpegExtractor: ffmpeg detected media content as 'video/mp4' with confidence 0.08
12-05 02:39:53.860  3000  3907 I FFmpegExtractor: android-source:0xf2991b40
12-05 02:39:53.865  3000  3907 D FFmpegExtractor: suppoted codec(h264) by official Stagefright
12-05 02:39:53.865  3000  3907 D FFmpegExtractor: ffmpeg detected media content as 'video/mp4' with confidence 0.08
12-05 02:39:53.889  3000  3000 I FFmpegExtractor: android-source:0xf66220c0
12-05 02:39:53.907  3000  3000 D FFmpegExtractor: suppoted codec(h264) by official Stagefright
12-05 02:39:53.907  3000  3000 D FFmpegExtractor: suppoted codec(aac) by official Stagefright
12-05 02:39:53.907  3000  3000 D FFmpegExtractor: ffmpeg detected media content as 'video/mp4' with confidence 0.08
12-05 02:39:53.908  3000  4127 I SampleTable: There are reordered frames present.
12-05 02:39:53.931  3000  3419 I FFmpegExtractor: android-source:0xf2991b40
12-05 02:39:53.942  3000  3419 D FFmpegExtractor: suppoted codec(h264) by official Stagefright
12-05 02:39:53.942  3000  3419 D FFmpegExtractor: suppoted codec(aac) by official Stagefright
12-05 02:39:53.942  3000  3419 D FFmpegExtractor: ffmpeg detected media content as 'video/mp4' with confidence 0.08
12-05 02:39:53.966  3000  3418 I FFmpegExtractor: android-source:0xf66220c0
12-05 02:39:53.974  3000  3418 D FFmpegExtractor: suppoted codec(h264) by official Stagefright
12-05 02:39:53.974  3000  3418 D FFmpegExtractor: suppoted codec(aac) by official Stagefright
12-05 02:39:53.974  3000  3418 D FFmpegExtractor: ffmpeg detected media content as 'video/mp4' with confidence 0.08
12-05 02:39:54.011  5235  5235 E gpsd    : ASSERT in GlGpsdInterface.cpp:417: Failed to read config file.
12-05 02:39:54.011  5235  5235 E gpsd    : ASSERT in ../../../../tmp/14804949_263294/customers/samsung/V64LHE2Swordtailandroid/delivery/gpsd/hal/BrcmGpsLhdHal.cpp:190: Condition [m_pIpc] failed
12-05 02:39:54.011  5235  5235 F libc    : Fatal signal 6 (SIGABRT), code -6 in tid 5235 (gpsd)
12-05 02:39:54.012  2997  2997 I DEBUG   : property debug.db.uid not set; NOT waiting for gdb.
12-05 02:39:54.012  2997  2997 I DEBUG   : HINT: adb shell setprop debug.db.uid 100000
12-05 02:39:54.012  2997  2997 I DEBUG   : HINT: adb forward tcp:5039 tcp:5039
12-05 02:39:54.062  2997  2997 F DEBUG   : *** *** *** *** *** *** *** *** *** *** *** *** *** *** *** ***
12-05 02:39:54.062  2997  2997 F DEBUG   : CM Version: '13.0-20161204-UNOFFICIAL-hero2ltexx'
12-05 02:39:54.062  2997  2997 F DEBUG   : Build fingerprint: 'samsung/cm_hero2ltexx/hero2ltexx:6.0.1/MOB31K/e933b1c43c:userdebug/test-keys'
12-05 02:39:54.062  2997  2997 F DEBUG   : Revision: '0'
12-05 02:39:54.062  2997  2997 F DEBUG   : ABI: 'arm64'
12-05 02:39:54.063  3330  3647 W NativeCrashListener: Couldn't find ProcessRecord for pid 5235
12-05 02:39:54.063  2997  2997 F DEBUG   : pid: 5235, tid: 5235, name: gpsd  >>> /system/bin/gpsd <<<
12-05 02:39:54.063  2997  2997 E DEBUG   : AM write failed: Broken pipe
12-05 02:39:54.063  2997  2997 F DEBUG   : signal 6 (SIGABRT), code -6 (SI_TKILL), fault addr --------
12-05 02:39:54.069  2997  2997 F DEBUG   :     x0   0000000000000000  x1   0000000000001473  x2   0000000000000006  x3   0000000000000000
12-05 02:39:54.069  2997  2997 F DEBUG   :     x4   0000000000000000  x5   0000000000000001  x6   0000000000000000  x7   0000000000000000
12-05 02:39:54.069  2997  2997 F DEBUG   :     x8   0000000000000083  x9   000000000000009d  x10  0000007fff9724ec  x11  0000007fff972528
12-05 02:39:54.069  2997  2997 F DEBUG   :     x12  0000007fff972400  x13  0000000000000097  x14  0000007fff9725c8  x15  0000000000000000
12-05 02:39:54.069  2997  2997 F DEBUG   :     x16  0000007faa147560  x17  0000007faa0d8d6c  x18  0000007faa70afd8  x19  0000007faa79c0d8
12-05 02:39:54.069  2997  2997 F DEBUG   :     x20  0000007faa79c018  x21  0000000000000002  x22  0000000000000006  x23  0000007fff973108
12-05 02:39:54.069  2997  2997 F DEBUG   :     x24  0000007fab029000  x25  0000007faaf37000  x26  0000007faaf35000  x27  0000007faaf36000
12-05 02:39:54.069  2997  2997 F DEBUG   :     x28  0000007faacbb000  x29  0000007fff972a40  x30  0000007faa0d6508
12-05 02:39:54.069  2997  2997 F DEBUG   :     sp   0000007fff972a40  pc   0000007faa0d8d74  pstate 0000000020000000
12-05 02:39:54.074  2997  2997 F DEBUG   : 
12-05 02:39:54.074  2997  2997 F DEBUG   : backtrace:
12-05 02:39:54.074  2997  2997 F DEBUG   :     #00 pc 0000000000069d74  /system/lib64/libc.so (tgkill+8)
12-05 02:39:54.074  2997  2997 F DEBUG   :     #01 pc 0000000000067504  /system/lib64/libc.so (pthread_kill+68)
12-05 02:39:54.074  2997  2997 F DEBUG   :     #02 pc 0000000000023448  /system/lib64/libc.so (raise+28)
12-05 02:39:54.074  2997  2997 F DEBUG   :     #03 pc 000000000001dbe8  /system/lib64/libc.so (abort+60)
12-05 02:39:54.075  2997  2997 F DEBUG   :     #04 pc 000000000023bf78  /system/bin/gpsd
12-05 02:39:54.075  2997  2997 F DEBUG   :     #05 pc 0000000000090a08  /system/bin/gpsd
12-05 02:39:54.075  2997  2997 F DEBUG   :     #06 pc 0000000000088ef4  /system/bin/gpsd
12-05 02:39:54.075  2997  2997 F DEBUG   :     #07 pc 0000000000092cd4  /system/bin/gpsd
12-05 02:39:54.075  2997  2997 F DEBUG   :     #08 pc 000000000023bf68  /system/bin/gpsd
12-05 02:39:54.075  2997  2997 F DEBUG   :     #09 pc 000000000008a8a4  /system/bin/gpsd
12-05 02:39:54.075  2997  2997 F DEBUG   :     #10 pc 0000000000090e9c  /system/bin/gpsd
12-05 02:39:54.075  2997  2997 F DEBUG   :     #11 pc 0000000000091634  /system/bin/gpsd
12-05 02:39:54.075  2997  2997 F DEBUG   :     #12 pc 000000000005d8a0  /system/bin/gpsd (main+376)
12-05 02:39:54.075  2997  2997 F DEBUG   :     #13 pc 000000000001bcd8  /system/lib64/libc.so (__libc_init+100)
12-05 02:39:54.075  2997  2997 F DEBUG   :     #14 pc 000000000005e89c  /system/bin/gpsd
12-05 02:39:54.126  2997  2997 F DEBUG   : 
12-05 02:39:54.126  2997  2997 F DEBUG   : Tombstone written to: /data/tombstones/tombstone_02
12-05 02:39:54.126  3330  3357 I BootReceiver: Copying /data/tombstones/tombstone_02 to DropBox (SYSTEM_TOMBSTONE)
12-05 02:39:54.119  5235  5235 W gpsd    : type=1701 audit(0.0:221): auid=4294967295 uid=1021 gid=1000 ses=4294967295 exe="/system/bin/gpsd" sig=6
12-05 02:39:55.139  4305  4330 E ELEVEN  : calling refresh!
12-05 02:39:56.249  4305  4330 E ELEVEN  : calling refresh!
12-05 02:39:57.934  4188  4628 W ExifInterface: Skip the tag entry since tag number is not defined: 2
12-05 02:39:57.980  4188  4628 W ExifInterface: Skip the tag entry since tag number is not defined: 2
12-05 02:39:58.089  4188  4628 W ExifInterface: Skip the tag entry since tag number is not defined: 2
12-05 02:39:58.238  4188  4628 W ExifInterface: Skip the tag entry since tag number is not defined: 2
12-05 02:39:58.299  4188  4628 W ExifInterface: Skip the tag entry since tag number is not defined: 2
12-05 02:39:58.406  4188  4628 W ExifInterface: Skip the tag entry since tag number is not defined: 2
12-05 02:39:58.603  4188  4628 W ExifInterface: Skip the tag entry since tag number is not defined: 2
12-05 02:39:58.630  4188  4628 W ExifInterface: Skip the tag entry since tag number is not defined: 2
12-05 02:39:58.703  4188  4628 W ExifInterface: Skip the tag entry since tag number is not defined: 2
12-05 02:39:58.876  4188  4628 W ExifInterface: Skip the tag entry since tag number is not defined: 2
12-05 02:39:59.061  4188  4628 W ExifInterface: Skip the tag entry since tag number is not defined: 2
12-05 02:39:59.100  4188  4628 W ExifInterface: Skip the tag entry since tag number is not defined: 2
12-05 02:39:59.356  5272  5272 E gpsd    : ASSERT in GlGpsdInterface.cpp:417: Failed to read config file.
12-05 02:39:59.356  5272  5272 E gpsd    : ASSERT in ../../../../tmp/14804949_263294/customers/samsung/V64LHE2Swordtailandroid/delivery/gpsd/hal/BrcmGpsLhdHal.cpp:190: Condition [m_pIpc] failed
12-05 02:39:59.356  5272  5272 F libc    : Fatal signal 6 (SIGABRT), code -6 in tid 5272 (gpsd)
12-05 02:39:59.356  2997  2997 I DEBUG   : property debug.db.uid not set; NOT waiting for gdb.
12-05 02:39:59.356  2997  2997 I DEBUG   : HINT: adb shell setprop debug.db.uid 100000
12-05 02:39:59.356  2997  2997 I DEBUG   : HINT: adb forward tcp:5039 tcp:5039
12-05 02:39:59.408  2997  2997 F DEBUG   : *** *** *** *** *** *** *** *** *** *** *** *** *** *** *** ***
12-05 02:39:59.408  2997  2997 F DEBUG   : CM Version: '13.0-20161204-UNOFFICIAL-hero2ltexx'
12-05 02:39:59.408  2997  2997 F DEBUG   : Build fingerprint: 'samsung/cm_hero2ltexx/hero2ltexx:6.0.1/MOB31K/e933b1c43c:userdebug/test-keys'
12-05 02:39:59.408  2997  2997 F DEBUG   : Revision: '0'
12-05 02:39:59.408  3330  3647 W NativeCrashListener: Couldn't find ProcessRecord for pid 5272
12-05 02:39:59.408  2997  2997 F DEBUG   : ABI: 'arm64'
12-05 02:39:59.408  2997  2997 F DEBUG   : pid: 5272, tid: 5272, name: gpsd  >>> /system/bin/gpsd <<<
12-05 02:39:59.408  2997  2997 E DEBUG   : AM write failed: Broken pipe
12-05 02:39:59.409  2997  2997 F DEBUG   : signal 6 (SIGABRT), code -6 (SI_TKILL), fault addr --------
12-05 02:39:59.426  2997  2997 F DEBUG   :     x0   0000000000000000  x1   0000000000001498  x2   0000000000000006  x3   0000000000000000
12-05 02:39:59.426  2997  2997 F DEBUG   :     x4   0000000000000000  x5   0000000000000001  x6   0000000000000000  x7   0000000000000000
12-05 02:39:59.426  2997  2997 F DEBUG   :     x8   0000000000000083  x9   000000000000009d  x10  0000007fff61900c  x11  0000007fff619048
12-05 02:39:59.427  2997  2997 F DEBUG   :     x12  0000007fff618f20  x13  0000000000000097  x14  0000007fff6190e8  x15  0000000000000000
12-05 02:39:59.427  2997  2997 F DEBUG   :     x16  0000007f92d25560  x17  0000007f92cb6d6c  x18  0000007f932e8fd8  x19  0000007f9337a0d8
12-05 02:39:59.427  2997  2997 F DEBUG   :     x20  0000007f9337a018  x21  0000000000000002  x22  0000000000000006  x23  0000007fff619c28
12-05 02:39:59.427  2997  2997 F DEBUG   :     x24  0000007f93c07000  x25  0000007f93b15000  x26  0000007f93b13000  x27  0000007f93b14000
12-05 02:39:59.427  2997  2997 F DEBUG   :     x28  0000007f93899000  x29  0000007fff619560  x30  0000007f92cb4508
12-05 02:39:59.427  2997  2997 F DEBUG   :     sp   0000007fff619560  pc   0000007f92cb6d74  pstate 0000000020000000
12-05 02:39:59.437  2997  2997 F DEBUG   : 
12-05 02:39:59.437  2997  2997 F DEBUG   : backtrace:
12-05 02:39:59.437  2997  2997 F DEBUG   :     #00 pc 0000000000069d74  /system/lib64/libc.so (tgkill+8)
12-05 02:39:59.437  2997  2997 F DEBUG   :     #01 pc 0000000000067504  /system/lib64/libc.so (pthread_kill+68)
12-05 02:39:59.437  2997  2997 F DEBUG   :     #02 pc 0000000000023448  /system/lib64/libc.so (raise+28)
12-05 02:39:59.437  2997  2997 F DEBUG   :     #03 pc 000000000001dbe8  /system/lib64/libc.so (abort+60)
12-05 02:39:59.437  2997  2997 F DEBUG   :     #04 pc 000000000023bf78  /system/bin/gpsd
12-05 02:39:59.437  2997  2997 F DEBUG   :     #05 pc 0000000000090a08  /system/bin/gpsd
12-05 02:39:59.437  2997  2997 F DEBUG   :     #06 pc 0000000000088ef4  /system/bin/gpsd
12-05 02:39:59.437  2997  2997 F DEBUG   :     #07 pc 0000000000092cd4  /system/bin/gpsd
12-05 02:39:59.437  2997  2997 F DEBUG   :     #08 pc 000000000023bf68  /system/bin/gpsd
12-05 02:39:59.437  2997  2997 F DEBUG   :     #09 pc 000000000008a8a4  /system/bin/gpsd
12-05 02:39:59.437  2997  2997 F DEBUG   :     #10 pc 0000000000090e9c  /system/bin/gpsd
12-05 02:39:59.437  2997  2997 F DEBUG   :     #11 pc 0000000000091634  /system/bin/gpsd
12-05 02:39:59.437  2997  2997 F DEBUG   :     #12 pc 000000000005d8a0  /system/bin/gpsd (main+376)
12-05 02:39:59.437  2997  2997 F DEBUG   :     #13 pc 000000000001bcd8  /system/lib64/libc.so (__libc_init+100)
12-05 02:39:59.437  2997  2997 F DEBUG   :     #14 pc 000000000005e89c  /system/bin/gpsd
12-05 02:39:59.480  2997  2997 F DEBUG   : 
12-05 02:39:59.480  2997  2997 F DEBUG   : Tombstone written to: /data/tombstones/tombstone_03
12-05 02:39:59.469  5272  5272 W gpsd    : type=1701 audit(0.0:222): auid=4294967295 uid=1021 gid=1000 ses=4294967295 exe="/system/bin/gpsd" sig=6
12-05 02:39:59.480  3330  3357 I BootReceiver: Copying /data/tombstones/tombstone_03 to DropBox (SYSTEM_TOMBSTONE)
12-05 02:40:00.007  3330  3330 I ActivityManager: Killing 4644:com.android.onetimeinitializer/u0a13 (adj 15): empty #17
12-05 02:40:00.038  3330  3609 D ActivityManager: cleanUpApplicationRecord -- 4644
12-05 02:40:02.562  4188  4628 W ExifInterface: Skip the tag entry since tag number is not defined: 2
12-05 02:40:03.119  4188  4628 W ExifInterface: Skip the tag entry since tag number is not defined: 2
12-05 02:40:03.284  4188  4628 W ExifInterface: Skip the tag entry since tag number is not defined: 2
12-05 02:40:03.316  4188  4628 W ExifInterface: Skip the tag entry since tag number is not defined: 2
12-05 02:40:03.389  4188  4628 W ExifInterface: Skip the tag entry since tag number is not defined: 2
12-05 02:40:03.468  4188  4628 W ExifInterface: Skip the tag entry since tag number is not defined: 2
12-05 02:40:03.542  4188  4628 W ExifInterface: Skip the tag entry since tag number is not defined: 2
12-05 02:40:03.592  4188  4628 W ExifInterface: Skip the tag entry since tag number is not defined: 2
12-05 02:40:03.621  4188  4628 W ExifInterface: Skip the tag entry since tag number is not defined: 2
12-05 02:40:03.629  4188  4628 W ExifInterface: Skip the tag entry since tag number is not defined: 2
12-05 02:40:03.636  4188  4628 W ExifInterface: Skip the tag entry since tag number is not defined: 2
12-05 02:40:03.674  4188  4628 W ExifInterface: Skip the tag entry since tag number is not defined: 2
12-05 02:40:03.697  4188  4628 W ExifInterface: Skip the tag entry since tag number is not defined: 2
12-05 02:40:03.720  5392  5392 E gpsd    : ASSERT in GlGpsdInterface.cpp:417: Failed to read config file.
12-05 02:40:03.720  5392  5392 E gpsd    : ASSERT in ../../../../tmp/14804949_263294/customers/samsung/V64LHE2Swordtailandroid/delivery/gpsd/hal/BrcmGpsLhdHal.cpp:190: Condition [m_pIpc] failed
12-05 02:40:03.720  5392  5392 F libc    : Fatal signal 6 (SIGABRT), code -6 in tid 5392 (gpsd)
12-05 02:40:03.720  2997  2997 I DEBUG   : property debug.db.uid not set; NOT waiting for gdb.
12-05 02:40:03.720  2997  2997 I DEBUG   : HINT: adb shell setprop debug.db.uid 100000
12-05 02:40:03.720  2997  2997 I DEBUG   : HINT: adb forward tcp:5039 tcp:5039
12-05 02:40:03.743  4188  4628 W ExifInterface: Skip the tag entry since tag number is not defined: 2
12-05 02:40:03.755  4188  4628 W ExifInterface: Skip the tag entry since tag number is not defined: 2
12-05 02:40:03.761  4188  4628 W ExifInterface: Skip the tag entry since tag number is not defined: 2
12-05 02:40:03.771  2997  2997 F DEBUG   : *** *** *** *** *** *** *** *** *** *** *** *** *** *** *** ***
12-05 02:40:03.771  2997  2997 F DEBUG   : CM Version: '13.0-20161204-UNOFFICIAL-hero2ltexx'
12-05 02:40:03.771  2997  2997 F DEBUG   : Build fingerprint: 'samsung/cm_hero2ltexx/hero2ltexx:6.0.1/MOB31K/e933b1c43c:userdebug/test-keys'
12-05 02:40:03.771  2997  2997 F DEBUG   : Revision: '0'
12-05 02:40:03.771  2997  2997 F DEBUG   : ABI: 'arm64'
12-05 02:40:03.771  3330  3647 W NativeCrashListener: Couldn't find ProcessRecord for pid 5392
12-05 02:40:03.771  2997  2997 F DEBUG   : pid: 5392, tid: 5392, name: gpsd  >>> /system/bin/gpsd <<<
12-05 02:40:03.771  2997  2997 E DEBUG   : AM write failed: Broken pipe
12-05 02:40:03.771  2997  2997 F DEBUG   : signal 6 (SIGABRT), code -6 (SI_TKILL), fault addr --------
12-05 02:40:03.773  4188  4628 W ExifInterface: Skip the tag entry since tag number is not defined: 2
12-05 02:40:03.781  2997  2997 F DEBUG   :     x0   0000000000000000  x1   0000000000001510  x2   0000000000000006  x3   0000000000000000
12-05 02:40:03.781  2997  2997 F DEBUG   :     x4   0000000000000000  x5   0000000000000001  x6   0000000000000000  x7   0000000000000000
12-05 02:40:03.781  2997  2997 F DEBUG   :     x8   0000000000000083  x9   000000000000009d  x10  0000007fd994620c  x11  0000007fd9946248
12-05 02:40:03.781  2997  2997 F DEBUG   :     x12  0000007fd9946120  x13  0000000000000097  x14  0000007fd99462e8  x15  0000000000000000
12-05 02:40:03.781  2997  2997 F DEBUG   :     x16  0000007f88e7b560  x17  0000007f88e0cd6c  x18  0000007f8943efd8  x19  0000007f894d00d8
12-05 02:40:03.781  2997  2997 F DEBUG   :     x20  0000007f894d0018  x21  0000000000000002  x22  0000000000000006  x23  0000007fd9946e28
12-05 02:40:03.781  2997  2997 F DEBUG   :     x24  0000007f89d5d000  x25  0000007f89c6b000  x26  0000007f89c69000  x27  0000007f89c6a000
12-05 02:40:03.781  2997  2997 F DEBUG   :     x28  0000007f899ef000  x29  0000007fd9946760  x30  0000007f88e0a508
12-05 02:40:03.781  2997  2997 F DEBUG   :     sp   0000007fd9946760  pc   0000007f88e0cd74  pstate 0000000020000000
12-05 02:40:03.791  2997  2997 F DEBUG   : 
12-05 02:40:03.791  2997  2997 F DEBUG   : backtrace:
12-05 02:40:03.791  2997  2997 F DEBUG   :     #00 pc 0000000000069d74  /system/lib64/libc.so (tgkill+8)
12-05 02:40:03.791  2997  2997 F DEBUG   :     #01 pc 0000000000067504  /system/lib64/libc.so (pthread_kill+68)
12-05 02:40:03.792  2997  2997 F DEBUG   :     #02 pc 0000000000023448  /system/lib64/libc.so (raise+28)
12-05 02:40:03.792  2997  2997 F DEBUG   :     #03 pc 000000000001dbe8  /system/lib64/libc.so (abort+60)
12-05 02:40:03.792  2997  2997 F DEBUG   :     #04 pc 000000000023bf78  /system/bin/gpsd
12-05 02:40:03.792  2997  2997 F DEBUG   :     #05 pc 0000000000090a08  /system/bin/gpsd
12-05 02:40:03.792  2997  2997 F DEBUG   :     #06 pc 0000000000088ef4  /system/bin/gpsd
12-05 02:40:03.792  2997  2997 F DEBUG   :     #07 pc 0000000000092cd4  /system/bin/gpsd
12-05 02:40:03.792  2997  2997 F DEBUG   :     #08 pc 000000000023bf68  /system/bin/gpsd
12-05 02:40:03.792  2997  2997 F DEBUG   :     #09 pc 000000000008a8a4  /system/bin/gpsd
12-05 02:40:03.792  2997  2997 F DEBUG   :     #10 pc 0000000000090e9c  /system/bin/gpsd
12-05 02:40:03.792  2997  2997 F DEBUG   :     #11 pc 0000000000091634  /system/bin/gpsd
12-05 02:40:03.792  2997  2997 F DEBUG   :     #12 pc 000000000005d8a0  /system/bin/gpsd (main+376)
12-05 02:40:03.792  2997  2997 F DEBUG   :     #13 pc 000000000001bcd8  /system/lib64/libc.so (__libc_init+100)
12-05 02:40:03.792  2997  2997 F DEBUG   :     #14 pc 000000000005e89c  /system/bin/gpsd
12-05 02:40:03.817  4188  4628 W ExifInterface: Skip the tag entry since tag number is not defined: 2
12-05 02:40:03.820  4188  4628 W ExifInterface: Skip the tag entry since tag number is not defined: 2
12-05 02:40:03.823  4188  4628 W ExifInterface: Skip the tag entry since tag number is not defined: 2
12-05 02:40:03.847  2997  2997 F DEBUG   : 
12-05 02:40:03.847  2997  2997 F DEBUG   : Tombstone written to: /data/tombstones/tombstone_04
12-05 02:40:03.839  5392  5392 W gpsd    : type=1701 audit(0.0:223): auid=4294967295 uid=1021 gid=1000 ses=4294967295 exe="/system/bin/gpsd" sig=6
12-05 02:40:03.848  3330  3357 I BootReceiver: Copying /data/tombstones/tombstone_04 to DropBox (SYSTEM_TOMBSTONE)
12-05 02:40:03.857  4188  4628 W ExifInterface: Skip the tag entry since tag number is not defined: 2
12-05 02:40:03.865  4188  4628 W ExifInterface: Skip the tag entry since tag number is not defined: 2
12-05 02:40:03.882  4188  4628 W ExifInterface: Skip the tag entry since tag number is not defined: 2
12-05 02:40:03.898  4188  4628 W ExifInterface: Skip the tag entry since tag number is not defined: 2
12-05 02:40:03.977  4188  4628 W ExifInterface: Skip the tag entry since tag number is not defined: 2
12-05 02:40:04.035  4188  4628 W ExifInterface: Skip the tag entry since tag number is not defined: 2
12-05 02:40:04.065  4188  4628 W ExifInterface: Skip the tag entry since tag number is not defined: 2
12-05 02:40:04.098  4188  4628 W ExifInterface: Skip the tag entry since tag number is not defined: 2
12-05 02:40:04.259  4188  4628 W ExifInterface: Skip the tag entry since tag number is not defined: 2
12-05 02:40:04.417  3330  3361 I PowerManagerService: Going to sleep due to screen timeout (uid 1000)...
12-05 02:40:04.421  3330  3361 I PowerManagerService: Sleeping (uid 1000)...
12-05 02:40:04.451  4188  4628 W ExifInterface: Skip the tag entry since tag number is not defined: 2
12-05 02:40:04.452  3330  3361 D mali_winsys: EGLint new_window_surface(egl_winsys_display*, void*, EGLSurface, EGLConfig, egl_winsys_surface**, egl_color_buffer_format*, EGLBoolean) returns 0x3000,  [1x1]-format:1
12-05 02:40:04.456  2988  3519 D PermissionCache: checking android.permission.READ_FRAME_BUFFER for uid=1000 => granted (264 us)
12-05 02:40:04.482  4188  4628 W ExifInterface: Skip the tag entry since tag number is not defined: 2
12-05 02:40:04.522  4188  4628 W ExifInterface: Skip the tag entry since tag number is not defined: 2
12-05 02:40:04.560  4188  4628 W ExifInterface: Skip the tag entry since tag number is not defined: 2
12-05 02:40:04.568  4188  4628 W ExifInterface: Skip the tag entry since tag number is not defined: 2
12-05 02:40:04.590  4188  4628 W ExifInterface: Skip the tag entry since tag number is not defined: 2
