12-05 18:48:50.263  3633  3633 D StorageNotification:     state=MOUNTED 
12-05 18:48:50.263  3633  3633 D StorageNotification:     fsType=null fsUuid=null fsLabel=null 
12-05 18:48:50.263  3633  3633 D StorageNotification:     path=/data internalPath=null 
12-05 18:48:50.263  3633  3813 I vol.Events: writeEvent level_changed STREAM_RING 5
12-05 18:48:50.264  3633  3813 I vol.Events: writeEvent level_changed STREAM_SYSTEM 5
12-05 18:48:50.265  3633  3813 I vol.Events: writeEvent level_changed STREAM_VOICE_CALL 4
12-05 18:48:50.266  3633  3813 I vol.Events: writeEvent external_ringer_mode_changed normal
12-05 18:48:50.270  3340  3354 W System  : ClassLoader referenced unknown path: /system/framework/ConnectivityExt.jar
12-05 18:48:50.270  3340  3354 W ConnectivityExtension: Connectivity extension is not available
12-05 18:48:50.276  2943  3432 I EXYNOS_COMP_REGS: Loading the library: libOMX.Exynos.MPEG4.Encoder.so
12-05 18:48:50.295  2943  3432 I EXYNOS_COMP_REGS: Loading the library: libOMX.Exynos.VP8.Decoder.so
12-05 18:48:50.312  2943  3432 I EXYNOS_COMP_REGS: Loading the library: libOMX.Exynos.VP8.Encoder.so
12-05 18:48:50.312  3725  3829 D ThemesProvider: Deleted 0
12-05 18:48:50.313  3340  3340 I BrokerableCMSystemService: Connecting to implementation
12-05 18:48:50.314  3340  3340 W ContextImpl: Calling a method in the system process without a qualified user: android.app.ContextImpl.bindService:1295 org.cyanogenmod.platform.internal.BrokerableCMSystemService.tryConnecting:199 org.cyanogenmod.platform.internal.BrokerableCMSystemService$1.handleMessage:165 android.os.Handler.dispatchMessage:102 android.os.Looper.loop:148 
12-05 18:48:50.318  3340  3509 I StatusBarManagerService: registerStatusBar bar=com.android.internal.statusbar.IStatusBar$Stub$Proxy@5f1541e
12-05 18:48:50.318  3340  3354 D PermissionMonitor: Monitoring
12-05 18:48:50.322  3340  3354 D PermissionMonitor: Users: 1, Apps: 74
12-05 18:48:50.324  3340  3354 I SystemServiceManager: Starting phase 600
12-05 18:48:50.324  2943  3434 E bt_a2dp_hw: adev_set_parameters: ERROR: set param called even when stream out is null
12-05 18:48:50.324  3340  3358 D BluetoothManagerService: Message: 30
12-05 18:48:50.326  3340  3358 D BluetoothManagerService: Message: 30
12-05 18:48:50.328  2943  2943 I AudioFlinger: systemReady
12-05 18:48:50.330  3340  3354 I BackupManagerService: Backup enabled => false
12-05 18:48:50.331  3340  3354 D BrokerableCMSystemService: Third party apps ready
12-05 18:48:50.331  3340  3354 I BrokerableCMSystemService: Connecting to implementation
12-05 18:48:50.331  3340  3354 W ContextImpl: Calling a method in the system process without a qualified user: android.app.ContextImpl.bindService:1295 org.cyanogenmod.platform.internal.BrokerableCMSystemService.tryConnecting:199 org.cyanogenmod.platform.internal.BrokerableCMSystemService.onBootPhase:127 org.cyanogenmod.platform.internal.ThemeManagerServiceBroker.onBootPhase:272 com.android.server.SystemServiceManager.startBootPhase:135 
12-05 18:48:50.331  3340  3354 D BrokerableCMSystemService: Third party apps ready
12-05 18:48:50.331  3340  3354 I BrokerableCMSystemService: Connecting to implementation
12-05 18:48:50.331  3340  3354 W ContextImpl: Calling a method in the system process without a qualified user: android.app.ContextImpl.bindService:1295 org.cyanogenmod.platform.internal.BrokerableCMSystemService.tryConnecting:199 org.cyanogenmod.platform.internal.BrokerableCMSystemService.onBootPhase:127 com.android.server.SystemServiceManager.startBootPhase:135 com.android.server.SystemServer$2.run:1231 
12-05 18:48:50.333  3340  3354 D BrokerableCMSystemService: Third party apps ready
12-05 18:48:50.333  3340  3354 I BrokerableCMSystemService: Connecting to implementation
12-05 18:48:50.333  3340  3354 W ContextImpl: Calling a method in the system process without a qualified user: android.app.ContextImpl.bindService:1295 org.cyanogenmod.platform.internal.BrokerableCMSystemService.tryConnecting:199 org.cyanogenmod.platform.internal.BrokerableCMSystemService.onBootPhase:127 org.cyanogenmod.platform.internal.LiveLockScreenServiceBroker.onBootPhase:273 com.android.server.SystemServiceManager.startBootPhase:135 
12-05 18:48:50.341  3340  3837 E WVMExtractor: Failed to open libwvm.so: dlopen failed: library "libwvm.so" not found
12-05 18:48:50.343  3340  3354 I ActivityManager: Start proc 3839:org.cyanogenmod.livelockscreen.service/u0a11 for service org.cyanogenmod.livelockscreen.service/.LiveLockScreenManagerService
12-05 18:48:50.344  3340  3354 D BrokerableCMSystemService: Third party apps ready
12-05 18:48:50.344  3340  3354 I BrokerableCMSystemService: Connecting to implementation
12-05 18:48:50.344  3340  3354 W ContextImpl: Calling a method in the system process without a qualified user: android.app.ContextImpl.bindService:1295 org.cyanogenmod.platform.internal.BrokerableCMSystemService.tryConnecting:199 org.cyanogenmod.platform.internal.BrokerableCMSystemService.onBootPhase:127 com.android.server.SystemServiceManager.startBootPhase:135 com.android.server.SystemServer$2.run:1231 
12-05 18:48:50.355  3340  3354 I ActivityManager: Start proc 3854:org.cyanogenmod.weatherservice/u0a25 for service org.cyanogenmod.weatherservice/.WeatherManagerService
12-05 18:48:50.355  3340  3354 D BrokerableCMSystemService: Third party apps ready
12-05 18:48:50.355  3340  3354 I BrokerableCMSystemService: Connecting to implementation
12-05 18:48:50.355  3340  3354 W ContextImpl: Calling a method in the system process without a qualified user: android.app.ContextImpl.bindService:1295 org.cyanogenmod.platform.internal.BrokerableCMSystemService.tryConnecting:199 org.cyanogenmod.platform.internal.BrokerableCMSystemService.onBootPhase:127 org.cyanogenmod.platform.internal.CMAudioServiceBroker.onBootPhase:58 com.android.server.SystemServiceManager.startBootPhase:135 
12-05 18:48:50.366  3340  3354 I ActivityManager: Start proc 3867:org.cyanogenmod.cmaudio.service/u0a1 for service org.cyanogenmod.cmaudio.service/.CMAudioService
12-05 18:48:50.371  3340  3470 V KeyValueBackupJob: Scheduling k/v pass in 240 minutes
12-05 18:48:50.376  3340  3354 E InputMethodManagerService: Ignoring updateSystemUiLocked due to an invalid token. uid:1000 token:null
12-05 18:48:50.378  3340  3354 W InputMethodManagerService: Reset the default IME as "Resource" is ready here.
12-05 18:48:50.380  3340  3354 I InputMethodManagerService: Selected default: com.android.inputmethod.latin/.LatinIME
12-05 18:48:50.380  3340  3354 W InputMethodManagerService: Illegal subtype state: old subtype = null, new subtype = android.view.inputmethod.InputMethodSubtype@c9194f98
12-05 18:48:50.391  3340  3354 I ActivityManager: Start proc 3882:com.android.inputmethod.latin/u0a68 for service com.android.inputmethod.latin/.LatinIME
12-05 18:48:50.391  3340  3354 V InputMethodManagerService: Adding window token: android.os.Binder@d54d1db
12-05 18:48:50.392  3340  3355 I ActivityManager: Config changes=20 {1.0 ?mcc?mnc en_US ldltr sw360dp w360dp h616dp 640dpi nrml long port finger -keyb/v/h -nav/h s.6 themeResource=null}
12-05 18:48:50.405  2943  3432 D libexynosv4l2: try node: /dev/video6
12-05 18:48:50.405  2943  3432 I libexynosv4l2: node found for device s5p-mfc-dec: /dev/video6
12-05 18:48:50.419  3839  3839 W System  : ClassLoader referenced unknown path: /system/priv-app/LiveLockScreenService/lib/arm64
12-05 18:48:50.419  3854  3854 W System  : ClassLoader referenced unknown path: /system/priv-app/WeatherManagerService/lib/arm64
12-05 18:48:50.426  3340  3340 I BrokerableCMSystemService: Implementation service connected
12-05 18:48:50.426  3340  3340 I BrokerableCMSystemService: Notifying service connected
12-05 18:48:50.428  3340  3354 E libgps  : proxy__gps_get_extension: Unsupported GpsInterface extension: "gps_measurement"
12-05 18:48:50.428  3340  3354 E libgps  : proxy__gps_get_extension: Unsupported GpsInterface extension: "gps_navigation_message"
12-05 18:48:50.430  3340  3353 D GpsLocationProvider: Reset GPS properties, previous size = 0
12-05 18:48:50.430  3340  3353 D GpsLocationProvider: GpsParamsResource: SUPL_HOST=supl.google.com
12-05 18:48:50.431  3340  3353 D GpsLocationProvider: GpsParamsResource: SUPL_PORT=7275
12-05 18:48:50.431  3340  3353 D GpsLocationProvider: GpsParamsResource: NTP_SERVER=north-america.pool.ntp.org
12-05 18:48:50.431  3340  3353 D GpsLocationProvider: GpsParamsResource: SUPL_VER=0x20000
12-05 18:48:50.431  3340  3353 D GpsLocationProvider: GpsParamsResource: SUPL_MODE=1
12-05 18:48:50.431  3340  3353 W GpsLocationProvider: Could not open GPS configuration file /etc/gps.conf
12-05 18:48:50.431  3340  3353 D GpsLocationProvider: GPS properties reloaded, size = 5
12-05 18:48:50.431  3340  3353 D libgps  : SendGpsExtensionMessage: Waiting for IPC connection...
12-05 18:48:50.432  3340  3354 W ServiceWatcher: com.google.android.gms not found
12-05 18:48:50.432  3340  3354 W ServiceWatcher: com.google.android.gms not found
12-05 18:48:50.433  3340  3354 W LocationManagerService: no network location provider found
12-05 18:48:50.433  3340  3354 W ServiceWatcher: com.google.android.gms not found
12-05 18:48:50.433  2943  3432 I libexynosv4l2: open video device /dev/video6
12-05 18:48:50.434  3340  3354 W ServiceWatcher: com.google.android.gms not found
12-05 18:48:50.434  3340  3354 E LocationManagerService: no geocoder provider found
12-05 18:48:50.435  3340  3354 E FlpHardwareProvider: Error hw_get_module 'flp': -2
12-05 18:48:50.435  3340  3354 E LocationManagerService: FLP HAL not supported
12-05 18:48:50.435  3340  3354 W ServiceWatcher: com.google.android.gms not found
12-05 18:48:50.435  3340  3340 W System  : ClassLoader referenced unknown path: /system/priv-app/FusedLocation/lib/arm64
12-05 18:48:50.436  3340  3354 E LocationManagerService: Unable to bind FLP Geofence proxy.
12-05 18:48:50.436  3340  3411 D WifiService: New client listening to asynchronous messages
12-05 18:48:50.437  3340  3354 E ActivityRecognitionHardware: Error hw_get_module: -2
12-05 18:48:50.437  3340  3354 E LocationManagerService: Hardware Activity-Recognition not supported.
12-05 18:48:50.437  3340  3354 W ServiceWatcher: com.google.android.gms not found
12-05 18:48:50.438  2943  3432 D libexynosv4l2: try node: /dev/video6
12-05 18:48:50.438  2943  3432 I libexynosv4l2: node found for device s5p-mfc-dec: /dev/video6
12-05 18:48:50.439  3340  3354 E ActivityRecognitionProxy: ServiceWatcher could not start.
12-05 18:48:50.439  3340  3354 E LocationManagerService: Unable to bind ActivityRecognitionProxy.
12-05 18:48:50.442  3340  3340 I BrokerableCMSystemService: Implementation service connected
12-05 18:48:50.443  2943  3432 I libexynosv4l2: open video device /dev/video6
12-05 18:48:50.444  3340  3354 I CommonTimeManagementService: No common time service detected on this platform.  Common time services will be unavailable.
12-05 18:48:50.445  3340  3340 V WiredAccessoryManager: init()
12-05 18:48:50.445  3340  3354 I MmsServiceBroker: Delay connecting to MmsService until an API is called
12-05 18:48:50.445  3340  3401 I InputReader: Reconfiguring input devices.  changes=0x00000020
12-05 18:48:50.445  2943  3432 D libexynosv4l2: try node: /dev/video6
12-05 18:48:50.446  2943  3432 I libexynosv4l2: node found for device s5p-mfc-dec: /dev/video6
12-05 18:48:50.446  3340  3354 D MountService: onStartUser 0
12-05 18:48:50.446  3340  3354 D VoldConnector: SND -> {28 volume user_started 0}
12-05 18:48:50.448  2923  2983 D vold    : Linking /storage/emulated/0 to /mnt/user/0/primary
12-05 18:48:50.448  3340  3403 D VoldConnector: RCV <- {200 28 Command succeeded}
12-05 18:48:50.448  3340  3402 D MountService: Volume emulated broadcasting mounted to UserHandle{0}
12-05 18:48:50.448  3340  3354 W VoiceInteractionManagerService: no available voice interaction services found for user 0
12-05 18:48:50.449  3340  3354 W VoiceInteractionManagerService: no available voice recognition services found for user 0
12-05 18:48:50.450  2943  3432 I libexynosv4l2: open video device /dev/video6
12-05 18:48:50.450  3340  3401 I InputReader: Reconfiguring input devices.  changes=0x00000010
12-05 18:48:50.451  2943  3432 E OMX     : FAILED to allocate omx component 'OMX.Exynos.avc.dec.secure' err=InvalidComponentName(0x80001002)
12-05 18:48:50.452  2943  3432 D libexynosv4l2: try node: /dev/video6
12-05 18:48:50.452  2943  3432 I libexynosv4l2: node found for device s5p-mfc-dec: /dev/video6
12-05 18:48:50.455  2943  3432 I libexynosv4l2: open video device /dev/video6
12-05 18:48:50.455  2943  3432 E OMXNodeInstance: getParameter(4:Exynos.VP8.Decoder, ParamVideoProfileLevelQuerySupported(0x600000f)) ERROR: UnsupportedIndex(0x8000101a)
12-05 18:48:50.455  2943  3432 E OMX     : FAILED to allocate omx component 'OMX.Exynos.HEVC.Decoder' err=InvalidComponentName(0x80001002)
12-05 18:48:50.455  2943  3432 E OMX     : FAILED to allocate omx component 'OMX.Exynos.VP9.Decoder' err=InvalidComponentName(0x80001002)
12-05 18:48:50.456  2943  3432 E OMX     : FAILED to allocate omx component 'OMX.Exynos.VC1.Decoder' err=InvalidComponentName(0x80001002)
12-05 18:48:50.456  2943  3432 E OMX     : FAILED to allocate omx component 'OMX.Exynos.VC1.Decoder' err=InvalidComponentName(0x80001002)
12-05 18:48:50.456  2943  3432 W MediaCodecList: ignoring Limit specified outside of a Type
12-05 18:48:50.456  2943  3432 W MediaCodecList: ignoring Limit specified outside of a Type
12-05 18:48:50.456  2943  3432 W MediaCodecList: ignoring Limit specified outside of a Type
12-05 18:48:50.456  2943  3432 W MediaCodecList: ignoring Limit specified outside of a Type
12-05 18:48:50.456  2943  3432 W MediaCodecList: ignoring Limit specified outside of a Type
12-05 18:48:50.456  2943  3432 W MediaCodecList: ignoring Limit specified outside of a Type
12-05 18:48:50.456  2943  3432 W MediaCodecList: ignoring Feature specified outside of a Type
12-05 18:48:50.456  2943  3432 E OMX     : FAILED to allocate omx component 'OMX.Exynos.MP3.Decoder' err=InvalidComponentName(0x80001002)
12-05 18:48:50.456  2943  3432 E OMX     : FAILED to allocate omx component 'OMX.Exynos.MP3.Decoder' err=InvalidComponentName(0x80001002)
12-05 18:48:50.456  2943  3432 E OMX     : FAILED to allocate omx component 'OMX.Exynos.MP3.Decoder' err=InvalidComponentName(0x80001002)
12-05 18:48:50.456  2943  3432 E OMX     : FAILED to allocate omx component 'OMX.Exynos.AAC.Decoder' err=InvalidComponentName(0x80001002)
12-05 18:48:50.457  2943  3432 D libexynosv4l2: try node: /dev/video6
12-05 18:48:50.457  2943  3432 D libexynosv4l2: try node: /dev/video7
12-05 18:48:50.457  2943  3432 I libexynosv4l2: node found for device s5p-mfc-enc: /dev/video7
12-05 18:48:50.460  3340  3354 I ActivityManager: Start proc 3909:org.cyanogenmod.audiofx/u0a3 for added application org.cyanogenmod.audiofx
12-05 18:48:50.461  3703  3744 I ContactLocale: AddressBook Labels [en-US]: [, A, B, C, D, E, F, G, H, I, J, K, L, M, N, O, P, Q, R, S, T, U, V, W, X, Y, Z, , , , , , , , , , , , , , , , , , , , , , , , , , , , , , , , , , , , , , , , , , , , , , , , , , , , , , , , , , , , , , , , , , , , , , , , , , , , , , , , , , , , , , , , , , , , , , , , , , , , , , , , , , , , , , , , , , , , , , , , , , , , , , , , , , , , , , , , , , , , , , , , , , , , , , , , , , , , , , , , , , , , , , , , , , , , , , , , , , , , , , , , , , , #, ]
12-05 18:48:50.466  2943  3432 I libexynosv4l2: open video device /dev/video7
12-05 18:48:50.466  2943  3432 W ACodec  : do not know color format 0x7f000011 = 2130706449
12-05 18:48:50.466  2943  3432 W ACodec  : do not know color format 0x10 = 16
12-05 18:48:50.466  2943  3432 W ACodec  : do not know color format 0x7f000013 = 2130706451
12-05 18:48:50.466  2943  3432 W ACodec  : do not know color format 0x7f000789 = 2130708361
12-05 18:48:50.468  2943  3432 D libexynosv4l2: try node: /dev/video6
12-05 18:48:50.468  2943  3432 D libexynosv4l2: try node: /dev/video7
12-05 18:48:50.468  2943  3432 I libexynosv4l2: node found for device s5p-mfc-enc: /dev/video7
12-05 18:48:50.470  3340  3354 I ActivityManager: Start proc 3924:com.android.phone/1001 for added application com.android.phone
12-05 18:48:50.471  3340  3354 I ActivityManager: START u0 {act=android.intent.action.MAIN cat=[android.intent.category.HOME] flg=0x10000000 cmp=com.android.settings/.CryptKeeper} from uid 0 on display 0
12-05 18:48:50.472  2943  3432 I libexynosv4l2: open video device /dev/video7
12-05 18:48:50.472  2943  3432 W ACodec  : do not know color format 0x7f000011 = 2130706449
12-05 18:48:50.473  2943  3432 W ACodec  : do not know color format 0x10 = 16
12-05 18:48:50.473  2943  3432 W ACodec  : do not know color format 0x7f000013 = 2130706451
12-05 18:48:50.473  2943  3432 W ACodec  : do not know color format 0x7f000789 = 2130708361
12-05 18:48:50.474  2943  3432 D libexynosv4l2: try node: /dev/video6
12-05 18:48:50.474  2943  3432 D libexynosv4l2: try node: /dev/video7
12-05 18:48:50.474  2943  3432 I libexynosv4l2: node found for device s5p-mfc-enc: /dev/video7
12-05 18:48:50.478  2943  3432 I libexynosv4l2: open video device /dev/video7
12-05 18:48:50.479  2943  3432 W ACodec  : do not know color format 0x7f000011 = 2130706449
12-05 18:48:50.479  2943  3432 W ACodec  : do not know color format 0x10 = 16
12-05 18:48:50.479  2943  3432 W ACodec  : do not know color format 0x7f000013 = 2130706451
12-05 18:48:50.479  2943  3432 W ACodec  : do not know color format 0x7f000789 = 2130708361
12-05 18:48:50.480  2943  3432 D libexynosv4l2: try node: /dev/video6
12-05 18:48:50.480  2943  3432 D libexynosv4l2: try node: /dev/video7
12-05 18:48:50.480  2943  3432 I libexynosv4l2: node found for device s5p-mfc-enc: /dev/video7
12-05 18:48:50.484  2943  3432 I libexynosv4l2: open video device /dev/video7
12-05 18:48:50.484  2943  3432 W ACodec  : do not know color format 0x7f000011 = 2130706449
12-05 18:48:50.484  2943  3432 W ACodec  : do not know color format 0x10 = 16
12-05 18:48:50.485  2943  3432 W ACodec  : do not know color format 0x7f000013 = 2130706451
12-05 18:48:50.485  2943  3432 W ACodec  : do not know color format 0x7f000789 = 2130708361
12-05 18:48:50.485  3340  3354 I ActivityManager: Start proc 3943:com.android.settings:CryptKeeper/1000 for activity com.android.settings/.CryptKeeper
12-05 18:48:50.485  2943  3432 E OMX     : FAILED to allocate omx component 'OMX.Exynos.HEVC.Encoder' err=InvalidComponentName(0x80001002)
12-05 18:48:50.485  2943  3432 E OMX     : FAILED to allocate omx component 'OMX.Exynos.VP9.Encoder' err=InvalidComponentName(0x80001002)
12-05 18:48:50.493  3340  3340 D GpsNetInitiatedHandler: location enabled :true
12-05 18:48:50.503  3340  3354 I ActivityManager: Start proc 3968:com.android.externalstorage/u0a10 for broadcast com.android.externalstorage/.MountReceiver
12-05 18:48:50.503  3340  3354 I ActivityManager: Force stopping com.android.providers.media appid=10009 user=-1: vold reset
12-05 18:48:50.504  3633  3813 I vol.Events: writeEvent internal_ringer_mode_changed normal
12-05 18:48:50.504  3340  3354 W BroadcastQueue: Permission Denial: receiving Intent { act=android.intent.action.USER_SWITCHED flg=0x50000010 (has extras) } to ProcessRecord{4cdffbd 3646:org.cyanogenmod.themeservice/u0a20} (pid=3646, uid=10020) requires android.permission.MANAGE_USERS due to sender null (uid 1000)
12-05 18:48:50.510  2943  3432 W OMXNodeInstance: [9:google.mpeg4.decoder] component does not support metadata mode; using fallback
12-05 18:48:50.512  2943  3432 W OMXNodeInstance: [a:google.mpeg4.decoder] component does not support metadata mode; using fallback
12-05 18:48:50.520  2943  3432 W MediaCodecList: ignoring Limit specified outside of a Type
12-05 18:48:50.520  2943  3432 W MediaCodecList: ignoring Limit specified outside of a Type
12-05 18:48:50.520  2943  3432 W MediaCodecList: ignoring Limit specified outside of a Type
12-05 18:48:50.520  2943  3432 W MediaCodecList: ignoring Limit specified outside of a Type
12-05 18:48:50.520  2943  3432 W MediaCodecList: ignoring Limit specified outside of a Type
12-05 18:48:50.520  2943  3432 W MediaCodecList: ignoring Feature specified outside of a Type
12-05 18:48:50.522  2943  3432 W OMXNodeInstance: [b:google.h263.decoder] component does not support metadata mode; using fallback
12-05 18:48:50.540  2943  3432 W OMXNodeInstance: [c:google.h264.decoder] component does not support metadata mode; using fallback
12-05 18:48:50.544  3924  3924 W System  : ClassLoader referenced unknown path: /system/priv-app/TeleService/lib/arm64
12-05 18:48:50.545  2936  3503 D PermissionCache: checking android.permission.HARDWARE_TEST for uid=1000 => granted (659 us)
12-05 18:48:50.546  3909  3909 W System  : ClassLoader referenced unknown path: /system/priv-app/AudioFX/lib/arm64
12-05 18:48:50.553  3943  3943 W System  : ClassLoader referenced unknown path: /system/priv-app/Settings/lib/arm64
12-05 18:48:50.555  3968  3968 W System  : ClassLoader referenced unknown path: /system/priv-app/ExternalStorageProvider/lib/arm64
12-05 18:48:50.557  2943  3434 V audio_hw_primary: adev_set_mic_mute: set mic mute: 0
12-05 18:48:50.558  3968  3968 D ExternalStorage: After updating volumes, found 1 active roots
12-05 18:48:50.559  3968  3968 D ExternalStorage: After updating volumes, found 1 active roots
12-05 18:48:50.561  3968  3968 D ExternalStorage: After updating volumes, found 1 active roots
12-05 18:48:50.563  2943  3432 W OMXNodeInstance: [d:google.hevc.decoder] component does not support metadata mode; using fallback
12-05 18:48:50.565  3340  3340 E CMHardwareService: Vibrator is not supported
12-05 18:48:50.566  3340  3340 E CMHardwareService: Vibrator is not supported
12-05 18:48:50.577  3340  3407 I ActivityManager: Start proc 4018:com.android.settings/1000 for broadcast com.android.settings/.widget.SettingsAppWidgetProvider
12-05 18:48:50.577  3340  3340 I BrokerableCMSystemService: Implementation service connected
12-05 18:48:50.595  3943  3943 D CryptKeeper: Disabling component ComponentInfo{com.android.settings/com.android.settings.CryptKeeper}
12-05 18:48:50.597  3340  3629 I ActivityManager: START u0 {act=android.intent.action.MAIN cat=[android.intent.category.HOME] flg=0x10000000 cmp=com.cyanogenmod.setupwizard/.ui.SetupWizardActivity} from uid 0 on display 0
12-05 18:48:50.598  3633  4031 D OpenGLRenderer: Use EGL_SWAP_BEHAVIOR_PRESERVED: true
12-05 18:48:50.605  2943  3432 W OMXNodeInstance: [e:google.vp8.decoder] component does not support metadata mode; using fallback
12-05 18:48:50.605  4018  4018 W System  : ClassLoader referenced unknown path: /system/priv-app/Settings/lib/arm64
12-05 18:48:50.607  2943  3432 W OMXNodeInstance: [f:google.vp9.decoder] component does not support metadata mode; using fallback
12-05 18:48:50.612  3340  3629 I ActivityManager: Start proc 4036:com.cyanogenmod.setupwizard/1000 for activity com.cyanogenmod.setupwizard/.ui.SetupWizardActivity
12-05 18:48:50.634  4036  4036 W System  : ClassLoader referenced unknown path: /system/priv-app/CyanogenSetupWizard/lib/arm64
12-05 18:48:50.644  3340  3358 D BluetoothManagerService: Message: 20
12-05 18:48:50.644  3340  3358 D BluetoothManagerService: Added callback: android.bluetooth.IBluetoothManagerCallback$Stub$Proxy@1d8cdf8:true
12-05 18:48:50.646  2943  3432 I SoftMPEG4Encoder: Construct SoftMPEG4Encoder
12-05 18:48:50.646  2943  3432 W ACodec  : do not know color format 0x7f000789 = 2130708361
12-05 18:48:50.647  3924  3924 W System  : ClassLoader referenced unknown path: /system/priv-app/TelephonyProvider/lib/arm64
12-05 18:48:50.647  3340  3358 D BluetoothManagerService: Message: 30
12-05 18:48:50.649  3340  3358 D BluetoothManagerService: Message: 30
12-05 18:48:50.650  3633  3633 D LocalBluetoothProfileManager: Adding local MAP profile
12-05 18:48:50.650  3633  3633 D BluetoothMap: Create BluetoothMap proxy object
12-05 18:48:50.651  3340  3358 D BluetoothManagerService: Message: 30
12-05 18:48:50.652  3340  3358 D BluetoothManagerService: Message: 30
12-05 18:48:50.652  3633  3633 D LocalBluetoothProfileManager: LocalBluetoothProfileManager construction complete
12-05 18:48:50.654  3340  3627 D ConnectivityService: listenForNetwork for Listen from uid/pid:10028/3633 for NetworkRequest [ id=3, legacyType=-1, [] ]
12-05 18:48:50.658  3633  3633 I CameraManagerGlobal: Connecting to camera service
12-05 18:48:50.677  2943  3432 W ACodec  : do not know color format 0x7f000789 = 2130708361
12-05 18:48:50.677  3340  3630 I ActivityManager: Start proc 4054:org.cyanogenmod.weather.provider/u0a27 for content provider org.cyanogenmod.weather.provider/.WeatherContentProvider
12-05 18:48:50.679  2943  3432 I SoftMPEG4Encoder: Construct SoftMPEG4Encoder
12-05 18:48:50.679  2943  3432 W ACodec  : do not know color format 0x7f000789 = 2130708361
12-05 18:48:50.682  3340  3411 D WifiService: New client listening to asynchronous messages
12-05 18:48:50.693  4054  4054 W System  : ClassLoader referenced unknown path: /system/priv-app/WeatherProvider/lib/arm64
12-05 18:48:50.699  3882  3882 I LatinIME: Hardware accelerated drawing: true
12-05 18:48:50.703  3633  3633 W QSTileHost: Error creating tile for spec: live_display
12-05 18:48:50.703  3633  3633 W QSTileHost: java.lang.IllegalArgumentException: Bad tile spec: live_display
12-05 18:48:50.703  3633  3633 W QSTileHost: 	at com.android.systemui.statusbar.phone.QSTileHost.createTile(QSTileHost.java:382)
12-05 18:48:50.703  3633  3633 W QSTileHost: 	at com.android.systemui.statusbar.phone.QSTileHost.onTuningChanged(QSTileHost.java:325)
12-05 18:48:50.703  3633  3633 W QSTileHost: 	at com.android.systemui.tuner.TunerService.addTunableByProvider(TunerService.java:114)
12-05 18:48:50.703  3633  3633 W QSTileHost: 	at com.android.systemui.statusbar.phone.QSTileHost.<init>(QSTileHost.java:153)
12-05 18:48:50.703  3633  3633 W QSTileHost: 	at com.android.systemui.statusbar.phone.PhoneStatusBar.makeStatusBarView(PhoneStatusBar.java:1189)
12-05 18:48:50.703  3633  3633 W QSTileHost: 	at com.android.systemui.statusbar.phone.PhoneStatusBar.addStatusBarWindow(PhoneStatusBar.java:3463)
12-05 18:48:50.703  3633  3633 W QSTileHost: 	at com.android.systemui.statusbar.phone.PhoneStatusBar.createAndAddWindows(PhoneStatusBar.java:3459)
12-05 18:48:50.703  3633  3633 W QSTileHost: 	at com.android.systemui.statusbar.BaseStatusBar.start(BaseStatusBar.java:631)
12-05 18:48:50.703  3633  3633 W QSTileHost: 	at com.android.systemui.statusbar.phone.PhoneStatusBar.start(PhoneStatusBar.java:818)
12-05 18:48:50.703  3633  3633 W QSTileHost: 	at com.android.systemui.statusbar.SystemBars.createStatusBarFromConfig(SystemBars.java:106)
12-05 18:48:50.703  3633  3633 W QSTileHost: 	at com.android.systemui.statusbar.SystemBars.onNoService(SystemBars.java:58)
12-05 18:48:50.703  3633  3633 W QSTileHost: 	at com.android.systemui.statusbar.ServiceMonitor.startService(ServiceMonitor.java:230)
12-05 18:48:50.703  3633  3633 W QSTileHost: 	at com.android.systemui.statusbar.ServiceMonitor.-wrap5(ServiceMonitor.java)
12-05 18:48:50.703  3633  3633 W QSTileHost: 	at com.android.systemui.statusbar.ServiceMonitor$1.handleMessage(ServiceMonitor.java:73)
12-05 18:48:50.703  3633  3633 W QSTileHost: 	at android.os.Handler.dispatchMessage(Handler.java:102)
12-05 18:48:50.703  3633  3633 W QSTileHost: 	at android.os.Looper.loop(Looper.java:148)
12-05 18:48:50.703  3633  3633 W QSTileHost: 	at android.app.ActivityThread.main(ActivityThread.java:5461)
12-05 18:48:50.703  3633  3633 W QSTileHost: 	at java.lang.reflect.Method.invoke(Native Method)
12-05 18:48:50.703  3633  3633 W QSTileHost: 	at com.android.internal.os.ZygoteInit$MethodAndArgsCaller.run(ZygoteInit.java:726)
12-05 18:48:50.703  3633  3633 W QSTileHost: 	at com.android.internal.os.ZygoteInit.main(ZygoteInit.java:616)
12-05 18:48:50.710  3633  3633 W CustomTileListenerService[]: CustomTile listener service not yet bound.
12-05 18:48:50.713  3633  3633 W Resources: Drawable com.android.systemui:drawable/ic_battery_circle has unresolved theme attributes! Consider using Resources.getDrawable(int, Theme) or Context.getDrawable(int).
12-05 18:48:50.713  3633  3633 W Resources: java.lang.RuntimeException
12-05 18:48:50.713  3633  3633 W Resources: 	at android.content.res.Resources.getDrawable(Resources.java:799)
12-05 18:48:50.713  3633  3633 W Resources: 	at com.android.systemui.BatteryMeterView$AllInOneBatteryMeterDrawable.loadBatteryDrawables(BatteryMeterView.java:637)
12-05 18:48:50.713  3633  3633 W Resources: 	at com.android.systemui.BatteryMeterView$AllInOneBatteryMeterDrawable.<init>(BatteryMeterView.java:492)
12-05 18:48:50.713  3633  3633 W Resources: 	at com.android.systemui.BatteryMeterView.createBatteryMeterDrawable(BatteryMeterView.java:264)
12-05 18:48:50.713  3633  3633 W Resources: 	at com.android.systemui.BatteryMeterView.setMode(BatteryMeterView.java:366)
12-05 18:48:50.713  3633  3633 W Resources: 	at com.android.systemui.BatteryMeterView.onBatteryStyleChanged(BatteryMeterView.java:336)
12-05 18:48:50.713  3633  3633 W Resources: 	at com.android.systemui.statusbar.policy.BatteryController.addStateChangedCallback(BatteryController.java:100)
12-05 18:48:50.713  3633  3633 W Resources: 	at com.android.systemui.BatteryMeterView.setBatteryStateRegistar(BatteryMeterView.java:283)
12-05 18:48:50.713  3633  3633 W Resources: 	at com.android.systemui.statusbar.phone.StatusBarHeaderView.setBatteryController(StatusBarHeaderView.java:350)
12-05 18:48:50.713  3633  3633 W Resources: 	at com.android.systemui.statusbar.phone.PhoneStatusBar.makeStatusBarView(PhoneStatusBar.java:1297)
12-05 18:48:50.713  3633  3633 W Resources: 	at com.android.systemui.statusbar.phone.PhoneStatusBar.addStatusBarWindow(PhoneStatusBar.java:3463)
12-05 18:48:50.713  3633  3633 W Resources: 	at com.android.systemui.statusbar.phone.PhoneStatusBar.createAndAddWindows(PhoneStatusBar.java:3459)
12-05 18:48:50.713  3633  3633 W Resources: 	at com.android.systemui.statusbar.BaseStatusBar.start(BaseStatusBar.java:631)
12-05 18:48:50.713  3633  3633 W Resources: 	at com.android.systemui.statusbar.phone.PhoneStatusBar.start(PhoneStatusBar.java:818)
12-05 18:48:50.713  3633  3633 W Resources: 	at com.android.systemui.statusbar.SystemBars.createStatusBarFromConfig(SystemBars.java:106)
12-05 18:48:50.713  3633  3633 W Resources: 	at com.android.systemui.statusbar.SystemBars.onNoService(SystemBars.java:58)
12-05 18:48:50.713  3633  3633 W Resources: 	at com.android.systemui.statusbar.ServiceMonitor.startService(ServiceMonitor.java:230)
12-05 18:48:50.713  3633  3633 W Resources: 	at com.android.systemui.statusbar.ServiceMonitor.-wrap5(ServiceMonitor.java)
12-05 18:48:50.713  3633  3633 W Resources: 	at com.android.systemui.statusbar.ServiceMonitor$1.handleMessage(ServiceMonitor.java:73)
12-05 18:48:50.713  3633  3633 W Resources: 	at android.os.Handler.dispatchMessage(Handler.java:102)
12-05 18:48:50.713  3633  3633 W Resources: 	at android.os.Looper.loop(Looper.java:148)
12-05 18:48:50.713  3633  3633 W Resources: 	at android.app.ActivityThread.main(ActivityThread.java:5461)
12-05 18:48:50.713  3633  3633 W Resources: 	at java.lang.reflect.Method.invoke(Native Method)
12-05 18:48:50.713  3633  3633 W Resources: 	at com.android.internal.os.ZygoteInit$MethodAndArgsCaller.run(ZygoteInit.java:726)
12-05 18:48:50.713  3633  3633 W Resources: 	at com.android.internal.os.ZygoteInit.main(ZygoteInit.java:616)
12-05 18:48:50.714  3633  3633 D BatteryMeterView: mTextGravity=17
12-05 18:48:50.714  3633  3633 D BatteryMeterView: mTextGravity=17
12-05 18:48:50.715  3633  3633 D BatteryMeterView: mTextGravity=17
12-05 18:48:50.716  3633  4031 D OpenGLRenderer: profile bars disabled
12-05 18:48:50.716  3633  4031 D OpenGLRenderer: ambientRatio = 1.50
12-05 18:48:50.716  2943  3432 W ACodec  : do not know color format 0x7f000789 = 2130708361
12-05 18:48:50.719  2936  3893 D PermissionCache: checking android.permission.ACCESS_SURFACE_FLINGER for uid=10028 => granted (89 us)
12-05 18:48:50.721  3633  3633 D PhoneStatusBar: disable: < EXPAND* icons alerts system_info BACK* HOME* RECENT* clock SEARCH* quick_settings >
12-05 18:48:50.736  3633  3633 D PhoneStatusBar: heads up is enabled
12-05 18:48:50.740  3633  3633 D StatusBar: user hasn't seen notification about hidden notifications
12-05 18:48:50.740  3633  3633 D StatusBar: insecure lockscreen, skipping notification
12-05 18:48:50.747  3882  3882 W InputAttributes: No editor info for this field. Bug?
12-05 18:48:50.748  3340  3358 D BluetoothManagerService: Message: 20
12-05 18:48:50.748  3340  3358 D BluetoothManagerService: Added callback: android.bluetooth.IBluetoothManagerCallback$Stub$Proxy@94d9aef:true
12-05 18:48:50.751  3340  3358 D BluetoothManagerService: Message: 30
12-05 18:48:50.753  3340  3358 D BluetoothManagerService: Message: 30
12-05 18:48:50.755  4018  4018 D LocalBluetoothProfileManager: Adding local MAP profile
12-05 18:48:50.756  4018  4018 D BluetoothMap: Create BluetoothMap proxy object
12-05 18:48:50.756  3340  3358 D BluetoothManagerService: Message: 30
12-05 18:48:50.757  3340  3358 D BluetoothManagerService: Message: 30
12-05 18:48:50.758  4018  4018 D LocalBluetoothProfileManager: LocalBluetoothProfileManager construction complete
12-05 18:48:50.765  3633  3633 D ViewRootImpl: changeCanvasOpacity: opaque=true
12-05 18:48:50.769  3882  4081 I LatinIME:LogUtils: Dictionary info: dictionary = contacts.en_US ; version = 1480963730 ; date = ?
12-05 18:48:50.788  4036  4036 W GooglePlayServicesUtil: Google Play services is missing.
12-05 18:48:50.790  4036  4036 D TelephonyManager: getDataEnabled: retVal=false
12-05 18:48:50.796  3340  3629 I ActivityManager: Start proc 4085:android.process.media/u0a9 for broadcast com.android.providers.downloads/.DownloadReceiver
12-05 18:48:50.808  4036  4036 W ContextImpl: Calling a method in the system process without a qualified user: android.app.ContextImpl.bindService:1295 android.content.ContextWrapper.bindService:610 android.speech.tts.TextToSpeech.connectToEngine:800 android.speech.tts.TextToSpeech.initTts:770 android.speech.tts.TextToSpeech.<init>:723 
12-05 18:48:50.819  3340  3352 I ActivityManager: Start proc 4105:com.svox.pico/u0a55 for service com.svox.pico/.PicoService
12-05 18:48:50.819  4036  4036 I TextToSpeech: Sucessfully bound to com.svox.pico
12-05 18:48:50.821  4036  4036 E MediaPlayer-JNI: JNIMediaPlayerFactory: bIsQCMediaPlayerPresent 0
12-05 18:48:50.821  4036  4036 E MediaPlayer-JNI: JNIMediaPlayerFactory: bIsQCMediaPlayerPresent 0
12-05 18:48:50.825  4036  4036 D Ringtone: Problem opening; delegating to remote player
12-05 18:48:50.826  4036  4036 E MediaPlayer-JNI: JNIMediaPlayerFactory: bIsQCMediaPlayerPresent 0
12-05 18:48:50.826  4036  4036 E MediaPlayer-JNI: JNIMediaPlayerFactory: bIsQCMediaPlayerPresent 0
12-05 18:48:50.827  4036  4036 D Ringtone: Problem opening; delegating to remote player
12-05 18:48:50.838  4085  4085 W System  : ClassLoader referenced unknown path: /system/priv-app/DownloadProvider/lib/arm64
12-05 18:48:50.847  4085  4085 W System  : ClassLoader referenced unknown path: /system/priv-app/MediaProvider/lib/arm64
12-05 18:48:50.881  3633  4031 I OpenGLRenderer: Initialized EGL, version 1.4
12-05 18:48:50.885  3633  4031 D mali_winsys: EGLint new_window_surface(egl_winsys_display*, void*, EGLSurface, EGLConfig, egl_winsys_surface**, egl_color_buffer_format*, EGLBoolean) returns 0x3000,  [1440x96]-format:1
12-05 18:48:50.888  4105  4105 V SynthProxy: About to load libttspico.so, applyFilter=true
12-05 18:48:50.890  3340  3411 D WifiService: New client listening to asynchronous messages
12-05 18:48:51.039  4105  4105 I SVOX Pico Engine: loaded en-US successfully
12-05 18:48:51.046  2943  3432 W MediaCodecList: Component OMX.Exynos.MP3.Decoder does not support any type of media?
12-05 18:48:51.046  2943  3432 W MediaCodecList: Component OMX.Exynos.VC1.Decoder does not support any type of media?
12-05 18:48:51.046  2943  3432 W MediaCodecList: unable to open media codecs configuration xml file: /etc/media_codecs_performance.xml
12-05 18:48:51.046  2943  3432 W MediaCodecList: unable to open media codecs configuration xml file: /data/misc/media/media_codecs_profiling_results.xml
12-05 18:48:51.047  3340  3853 I OMXClient: Using client-side OMX mux.
12-05 18:48:51.048  3633  3800 I OMXClient: Using client-side OMX mux.
12-05 18:48:51.060  4085  4085 I DownloadManager: Upgrading downloads database from version 0 to version 109, which will destroy all old data
12-05 18:48:51.083  3703  3744 D ContactDirectoryManager: Found com.android.exchange.directory.provider
12-05 18:48:51.097  3340  3629 I ActivityManager: Start proc 4173:com.android.exchange/u0a42 for content provider com.android.exchange/.provider.ExchangeDirectoryProvider
12-05 18:48:51.098  3340  4179 I OMXClient: Using client-side OMX mux.
12-05 18:48:51.115  3633  4189 I OMXClient: Using client-side OMX mux.
12-05 18:48:51.120  3882  4081 I LatinIME:LogUtils: Dictionary info: dictionary = userunigram.en_US ; version = 1480963731 ; date = ?
12-05 18:48:51.158  3340  4192 I OMXClient: Using client-side OMX mux.
12-05 18:48:51.159  4173  4173 W System  : ClassLoader referenced unknown path: /system/app/Exchange2/lib/arm64
12-05 18:48:51.205  3633  4195 I OMXClient: Using client-side OMX mux.
12-05 18:48:51.214  3340  4198 I OMXClient: Using client-side OMX mux.
12-05 18:48:51.249  3340  4201 I OMXClient: Using client-side OMX mux.
12-05 18:48:51.284  3340  4204 I OMXClient: Using client-side OMX mux.
12-05 18:48:51.295  3340  3509 I ActivityManager: Start proc 4207:com.android.email/u0a48 for content provider com.android.email/.provider.EmailProvider
12-05 18:48:51.297  3703  3744 I ContactDirectoryManager: deleted 0 stale rows which don't have any relevant directory
12-05 18:48:51.311  3633  3633 D mali_winsys: EGLint new_window_surface(egl_winsys_display*, void*, EGLSurface, EGLConfig, egl_winsys_surface**, egl_color_buffer_format*, EGLBoolean) returns 0x3000,  [2880x2560]-format:2
12-05 18:48:51.315  3882  4081 I LatinIME:LogUtils: Dictionary info: dictionary = UserHistoryDictionary.en_US ; version = 1480963731 ; date = ?
12-05 18:48:51.326  4207  4207 W System  : ClassLoader referenced unknown path: /system/app/Email/lib/arm64
12-05 18:48:51.328  3340  3630 I ActivityManager: Start proc 4221:com.cyanogenmod.eleven/u0a41 for broadcast com.cyanogenmod.eleven/.MediaButtonIntentReceiver
12-05 18:48:51.335  3909  4220 D AudioFx-AudioOutputChangeListener: onAudioOutputChanged id: 2 type: 2 name: SM-G935F address:  [android.media.AudioDeviceInfo@e94d5e8]
12-05 18:48:51.335  3909  3909 D AudioFxService: rebuilding presets due to preference upgrade from 0 to 3
12-05 18:48:51.349  4085  4085 I MediaProvider: Upgrading media database from version 0 to 800, which will destroy all old data
12-05 18:48:51.349  2943  4172 D PermissionCache: checking android.permission.MODIFY_AUDIO_SETTINGS for uid=10003 => granted (206 us)
12-05 18:48:51.352  3909  3909 W Equalizer: WARNING: attaching an Equalizer to global output mix is deprecated!
12-05 18:48:51.354  4221  4221 W System  : ClassLoader referenced unknown path: /system/app/Eleven/lib/arm64
12-05 18:48:51.354  3909  3909 W BassBoost: WARNING: attaching a BassBoost to global output mix is deprecated!
12-05 18:48:51.355  3909  3909 W Virtualizer: WARNING: attaching a Virtualizer to global output mix is deprecated!
12-05 18:48:51.358  3703  3744 I ContactDirectoryManager: Discovered 0 contact directories in 458ms
12-05 18:48:51.369  3703  3744 I ContactsProvider: Upgrading aggregation algorithm
12-05 18:48:51.371  3703  3744 I ContactAggregator: Marked all visible contacts for aggregation: 0 raw contacts, 1 ms
12-05 18:48:51.380  3924  3924 D TelephonyProvider: dbh.onCreate:+ db=SQLiteDatabase: /data/user/0/com.android.providers.telephony/databases/telephony.db
12-05 18:48:51.380  3924  3924 D TelephonyProvider: dbh.createSimInfoTable:+
12-05 18:48:51.382  3924  3924 D TelephonyProvider: dbh.createSimInfoTable:-
12-05 18:48:51.382  3924  3924 D TelephonyProvider: dbh.createCarriersTable: carriers
12-05 18:48:51.383  3924  3924 D TelephonyProvider: dbh.createCarriersTable:-
12-05 18:48:51.383  3924  3924 D TelephonyProvider: No APNs in OEM image = /oem/telephony/apns-conf.xml Load APNs from system image
12-05 18:48:51.383  3924  3924 D TelephonyProvider: No APNs in OEM image = /data/misc/apns-conf.xml Load APNs from system image
12-05 18:48:51.383  3924  3924 D TelephonyProvider: confFile = /system/etc/apns-conf.xml
12-05 18:48:51.383  3633  3633 I Choreographer: Skipped 36 frames!  The application may be doing too much work on its main thread.
12-05 18:48:51.405  4085  4085 D MediaProvider: Adjusting external storage paths to: /storage/emulated/0
12-05 18:48:51.440  3340  3353 D libgps  : SendGpsExtensionMessage: Waiting for IPC connection - timeout
12-05 18:48:51.441  3340  3353 E libgps  : LIBGPS: Cannot communicate (write) with a GPSD
12-05 18:48:51.441  3340  3353 E libgps  : IPC Communication Error, ../../../../tmp/14804949_263294/allPartners/os/android/gps_interface/gpsi_client/GpsiClient.cpp:625 SendGpsExtensionMessage
12-05 18:48:51.441  3340  3353 D libgps  : agps_set_server: Waiting for IPC connection...
12-05 18:48:51.442  4085  4085 E SQLiteLog: (1) no such table: album_info
12-05 18:48:51.463  3633  3633 D PhoneStatusBar: disable: < EXPAND ICONS* ALERTS* system_info BACK HOME RECENT clock SEARCH quick_settings >
12-05 18:48:51.463  3633  3633 D PhoneStatusBar: heads up is disabled
12-05 18:48:51.463  3633  3633 D PhoneStatusBar: dismissing any existing heads up notification on disable event
12-05 18:48:51.506  3340  3352 I ActivityManager: Start proc 4240:com.cyanogenmod.eleven:main/u0a41 for service com.cyanogenmod.eleven/.MusicPlaybackService
12-05 18:48:51.525  4240  4240 W System  : ClassLoader referenced unknown path: /system/app/Eleven/lib/arm64
12-05 18:48:51.552  3703  3744 I ContactsProvider: Aggregation algorithm upgraded for 0 raw contacts in 183ms
12-05 18:48:51.566  3703  3744 I ContactsFTS: Rebuild contact search index in 10ms, 0 contacts
12-05 18:48:51.613  3882  4081 I BinaryDictionaryFileDumper: reinitializeClientRecordInDictionaryContentProvider() : MetadataFileUri = 
12-05 18:48:51.629  4240  4240 V RenderScript_jni: RS native mode
12-05 18:48:51.631  4240  4240 V RenderScript_jni: Unable to load libRSSupportIO.so, USAGE_IO not supported
12-05 18:48:51.631  4207  4262 D ActivityThread: Loading provider com.android.email.provider;com.android.email.notifier: com.android.email.provider.EmailProvider
12-05 18:48:51.633  4207  4265 D ActivityThread: Loading provider com.android.email.provider;com.android.email.notifier: com.android.email.provider.EmailProvider
12-05 18:48:51.635  4207  4267 D ActivityThread: Loading provider com.android.email.provider;com.android.email.notifier: com.android.email.provider.EmailProvider
12-05 18:48:51.637  4207  4269 D ActivityThread: Loading provider com.android.email.provider;com.android.email.notifier: com.android.email.provider.EmailProvider
12-05 18:48:51.639  4207  4271 D ActivityThread: Loading provider com.android.email.provider;com.android.email.notifier: com.android.email.provider.EmailProvider
12-05 18:48:51.648  4207  4266 D ActivityThread: Loading provider com.android.email.provider;com.android.email.notifier: com.android.email.provider.EmailProvider
12-05 18:48:51.695  4207  4271 D ActivityThread: Loading provider com.android.email.provider;com.android.email.notifier: com.android.email.provider.EmailProvider
12-05 18:48:51.827  4240  4264 V RenderScript: 0x7fa7223000 Launching thread(s), CPUs 8
12-05 18:48:51.889  4240  4240 E MediaPlayer-JNI: JNIMediaPlayerFactory: bIsQCMediaPlayerPresent 0
12-05 18:48:51.889  4240  4240 E MediaPlayer-JNI: JNIMediaPlayerFactory: bIsQCMediaPlayerPresent 0
12-05 18:48:52.208  4240  4285 D LocaleSetManager: Locale Changed from: null to null
12-05 18:48:52.226  4240  4285 I MusicLocale: AddressBook Labels [en-US]: [, A, B, C, D, E, F, G, H, I, J, K, L, M, N, O, P, Q, R, S, T, U, V, W, X, Y, Z, , , , , , , , , , , , , , , , , , , , , , , , , , , , , , , , , , , , , , , , , , , , , , , , , , , , , , , , , , , , , , , , , , , , , , , , , , , , , , , , , , , , , , , , , , , , , , , , , , , , , , , , , , , , , , , , , , , , , , , , , , , , , , , , , , , , , , , , , , , , , , , , , , , , , , , , , , , , , , , , , , , , , , , , , , , , , , , , , , , , , , , , , , , #, ]
12-05 18:48:52.228  4240  4285 I MusicLocale: AddressBook Labels [en-US]: [, A, B, C, D, E, F, G, H, I, J, K, L, M, N, O, P, Q, R, S, T, U, V, W, X, Y, Z, , , , , , , , , , , , , , , , , , , , , , , , , , , , , , , , , , , , , , , , , , , , , , , , , , , , , , , , , , , , , , , , , , , , , , , , , , , , , , , , , , , , , , , , , , , , , , , , , , , , , , , , , , , , , , , , , , , , , , , , , , , , , , , , , , , , , , , , , , , , , , , , , , , , , , , , , , , , , , , , , , , , , , , , , , , , , , , , , , , , , , , , , , , #, ]
12-05 18:48:52.229  4240  4285 D LocaleSetManager: Locale Changed from: null to en-US
12-05 18:48:52.295  3882  4081 I LatinIME:LogUtils: Dictionary info: dictionary = main:da ; version = 44 ; date = 1393228134
12-05 18:48:52.296  3882  4081 I LatinIME:LogUtils: Dictionary info: dictionary = main:lb ; version = 1 ; date = 1380519383
12-05 18:48:52.297  3882  4081 I LatinIME:LogUtils: Dictionary info: dictionary = main:nb ; version = 44 ; date = 1393228136
12-05 18:48:52.297  3882  4081 I LatinIME:LogUtils: Dictionary info: dictionary = main:de ; version = 54 ; date = 1414726263
12-05 18:48:52.297  3882  4081 I LatinIME:LogUtils: Dictionary info: dictionary = main:bg ; version = 1 ; date = 1457766000
12-05 18:48:52.298  3882  4081 I LatinIME:LogUtils: Dictionary info: dictionary = main:fi ; version = 44 ; date = 1393228135
12-05 18:48:52.299  3882  4081 I LatinIME:LogUtils: Dictionary info: dictionary = main:uk ; version = 1 ; date = 1376495808
12-05 18:48:52.312  3882  4081 I LatinIME:LogUtils: Dictionary info: dictionary = main:el ; version = 44 ; date = 1393228134
12-05 18:48:52.313  3882  4081 I LatinIME:LogUtils: Dictionary info: dictionary = main:nl ; version = 44 ; date = 1393228136
12-05 18:48:52.314  3882  4081 I LatinIME:LogUtils: Dictionary info: dictionary = main:fr ; version = 54 ; date = 1414726264
12-05 18:48:52.314  3882  4081 I LatinIME:LogUtils: Dictionary info: dictionary = main:hr ; version = 44 ; date = 1393228135
12-05 18:48:52.315  3882  4081 I LatinIME:LogUtils: Dictionary info: dictionary = main:cs ; version = 44 ; date = 1393228134
12-05 18:48:52.316  3882  4081 I LatinIME:LogUtils: Dictionary info: dictionary = main:es ; version = 54 ; date = 1414726268
12-05 18:48:52.316  3882  4081 I LatinIME:LogUtils: Dictionary info: dictionary = main:it ; version = 54 ; date = 1414726258
12-05 18:48:52.317  3882  4081 I LatinIME:LogUtils: Dictionary info: dictionary = main:ru ; version = 54 ; date = 1414726277
12-05 18:48:52.317  3882  4081 I LatinIME:LogUtils: Dictionary info: dictionary = main:sv ; version = 44 ; date = 1393228154
12-05 18:48:52.344  3882  4081 I LatinIME:LogUtils: Dictionary info: dictionary = main:iw ; version = 44 ; date = 1393228136
12-05 18:48:52.354  3924  3924 D TelephonyProvider: Regional apns file not found
12-05 18:48:52.358  3924  3924 D TelephonyProvider: dbh.onCreate:- db=SQLiteDatabase: /data/user/0/com.android.providers.telephony/databases/telephony.db
12-05 18:48:52.359  3882  4081 I LatinIME:LogUtils: Dictionary info: dictionary = main:en ; version = 54 ; date = 1414726273
12-05 18:48:52.361  3882  4081 I BinaryDictionaryFileDumper: reinitializeClientRecordInDictionaryContentProvider() : Insert DictionaryInfo : Id = 'main:da' : Locale=da : Version=44
12-05 18:48:52.442  3340  3353 D libgps  : agps_set_server: Waiting for IPC connection - timeout
12-05 18:48:52.442  3340  3353 E libgps  : LIBGPS: Cannot communicate (write) with a GPSD
12-05 18:48:52.442  3340  3353 E libgps  : IPC Communication Error, ../../../../tmp/14804949_263294/allPartners/os/android/gps_interface/gpsi_client/GpsiClient.cpp:1586 agps_set_server
12-05 18:48:52.443  3340  3353 D GpsLocationProvider: GPS configuration:
12-05 18:48:52.443  3340  3353 D GpsLocationProvider:  #Mon Dec 05 18:48:52 GMT+00:00 2016
12-05 18:48:52.443  3340  3353 D GpsLocationProvider: SUPL_VER=0x20000
12-05 18:48:52.443  3340  3353 D GpsLocationProvider: SUPL_HOST=supl.google.com
12-05 18:48:52.443  3340  3353 D GpsLocationProvider: NTP_SERVER=north-america.pool.ntp.org
12-05 18:48:52.443  3340  3353 D GpsLocationProvider: SUPL_PORT=7275
12-05 18:48:52.443  3340  3353 D GpsLocationProvider: SUPL_MODE=1
12-05 18:48:52.443  3340  3353 D libgps  : SendGpsExtensionMessage: Waiting for IPC connection...
12-05 18:48:52.447  3924  3924 D TelephonyProvider: dbh.onOpen: ok, queried table=siminfo
12-05 18:48:52.447  3924  3924 D TelephonyProvider: dbh.onOpen: ok, queried table=carriers
12-05 18:48:52.449  3924  3924 D TelephonyProvider: onCreate: build id changed from  to MOB31K
12-05 18:48:52.449  3882  4081 I BinaryDictionaryFileDumper: reinitializeClientRecordInDictionaryContentProvider() : Insert DictionaryInfo : Id = 'main:lb' : Locale=lb : Version=1
12-05 18:48:52.470  3340  3348 W CursorWrapperInner: Cursor finalized without prior close()
12-05 18:48:52.471  3340  3348 W CursorWrapperInner: Cursor finalized without prior close()
12-05 18:48:52.560  3882  4081 I BinaryDictionaryFileDumper: reinitializeClientRecordInDictionaryContentProvider() : Insert DictionaryInfo : Id = 'main:nb' : Locale=nb : Version=44
12-05 18:48:52.580  3924  3924 D TelephonyProvider: No APNs in OEM image = /oem/telephony/apns-conf.xml Load APNs from system image
12-05 18:48:52.580  3924  3924 D TelephonyProvider: No APNs in OEM image = /data/misc/apns-conf.xml Load APNs from system image
12-05 18:48:52.580  3924  3924 D TelephonyProvider: confFile = /system/etc/apns-conf.xml
