12-13 17:53:16.783  3342  3342 W WiredAccessoryManager: This kernel does not have HDMI audio support
12-13 17:53:16.783  3342  3342 I SystemServiceManager: Starting com.android.server.usb.UsbService$Lifecycle
12-13 17:53:16.790  3342  3342 I SystemServer: Serial Service
12-13 17:53:16.791  3342  3342 I SystemServiceManager: Starting com.android.server.twilight.TwilightService
12-13 17:53:16.792  3342  3342 I SystemServiceManager: Starting com.android.server.job.JobSchedulerService
12-13 17:53:16.795  3342  3342 I SystemServiceManager: Starting com.android.server.backup.BackupManagerService$Lifecycle
12-13 17:53:16.796  3342  3342 I SystemServiceManager: Starting com.android.server.appwidget.AppWidgetService
12-13 17:53:16.797  3342  3342 I SystemServiceManager: Starting com.android.server.voiceinteraction.VoiceInteractionManagerService
12-13 17:53:16.798  2997  3434 D PermissionCache: checking android.permission.CAPTURE_AUDIO_HOTWORD for uid=1000 => granted (93 us)
12-13 17:53:16.798  3342  3342 W SoundTriggerHelper: listModules status=0, # of modules=0
12-13 17:53:16.799  3342  3342 I SystemServer: Gesture Launcher Service
12-13 17:53:16.799  3342  3342 I SystemServiceManager: Starting com.android.server.GestureLauncherService
12-13 17:53:16.799  3342  3342 I SystemServer: DiskStats Service
12-13 17:53:16.799  3342  3342 I SystemServer: SamplingProfiler Service
12-13 17:53:16.824  3342  3342 I SystemServer: NetworkTimeUpdateService
12-13 17:53:16.824  3342  3342 I SystemServer: CommonTimeManagementService
12-13 17:53:16.825  3342  3342 I SystemServer: CertBlacklister
12-13 17:53:16.825  3342  3342 I SystemServiceManager: Starting com.android.server.dreams.DreamManagerService
12-13 17:53:16.826  3342  3342 I SystemServer: Assets Atlas Service
12-13 17:53:16.828  3342  3342 I SystemServiceManager: Starting com.android.server.print.PrintManagerService
12-13 17:53:16.828  3342  3436 D AssetAtlas: Computing best atlas configuration...
12-13 17:53:16.829  3342  3437 D AssetAtlas: Running Atlas Worker #1
12-13 17:53:16.829  3342  3438 D AssetAtlas: Running Atlas Worker #2
12-13 17:53:16.829  3342  3439 D AssetAtlas: Running Atlas Worker #3
12-13 17:53:16.830  3342  3440 D AssetAtlas: Running Atlas Worker #4
12-13 17:53:16.832  3342  3441 D AssetAtlas: Running Atlas Worker #5
12-13 17:53:16.832  3342  3442 D AssetAtlas: Running Atlas Worker #6
12-13 17:53:16.833  3342  3443 D AssetAtlas: Running Atlas Worker #7
12-13 17:53:16.835  3342  3444 D AssetAtlas: Running Atlas Worker #8
12-13 17:53:16.840  3342  3342 I SystemServiceManager: Starting com.android.server.restrictions.RestrictionsManagerService
12-13 17:53:16.841  3342  3342 I SystemServiceManager: Starting com.android.server.media.MediaSessionService
12-13 17:53:16.854  3342  3342 I SystemServer: Media Router Service
12-13 17:53:16.854  3342  3342 I SystemServiceManager: Starting com.android.server.trust.TrustManagerService
12-13 17:53:16.855  3342  3342 I SystemServiceManager: Starting com.android.server.fingerprint.FingerprintService
12-13 17:53:16.856  3342  3436 D AssetAtlas: Found best atlas configuration (out of 496) in 0.03s
12-13 17:53:16.856  3342  3436 D AssetAtlas: Loaded configuration: SliceMinArea (2048x2048) flags=0x2 count=267
12-13 17:53:16.857  3005  3005 D PermissionCache: checking android.permission.MANAGE_FINGERPRINT for uid=1000 => granted (138 us)
12-13 17:53:16.857  3005  3005 V fingerprintd: nativeOpenHal()
12-13 17:53:16.857  3005  3005 E fingerprintd: Can't open fingerprint HW Module, error: -2
12-13 17:53:16.857  3342  3342 W FingerprintService: Failed to open Fingerprint HAL!
12-13 17:53:16.857  3342  3342 V FingerprintService: Fingerprint HAL id: 0
12-13 17:53:16.857  3342  3342 I SystemServer: BackgroundDexOptService
12-13 17:53:16.858  3342  3342 I SystemServiceManager: Starting com.android.server.pm.LauncherAppsService
12-13 17:53:16.858  3342  3342 I SystemServiceManager: Starting com.android.server.media.projection.MediaProjectionManagerService
12-13 17:53:16.888  3342  3350 W JavaBinder: BinderProxy is being destroyed but the application did not call unlinkToDeath to unlink all of its death recipients beforehand.  Releasing leaked death recipient: com.android.server.fingerprint.FingerprintService
12-13 17:53:16.921  3342  3436 D AssetAtlas: Rendered atlas in 60.14ms (51.59+8.55ms)
12-13 17:53:16.940  3342  3342 I WindowManager: SAFE MODE not enabled
12-13 17:53:16.941  3342  3342 I SystemServiceManager: Starting com.android.server.MmsServiceBroker
12-13 17:53:16.942  3342  3342 I CMSystemServer: Attempting to start service org.cyanogenmod.platform.internal.CMStatusBarManagerService
12-13 17:53:16.947  3342  3342 I CMSystemServer: Starting service org.cyanogenmod.platform.internal.CMStatusBarManagerService
12-13 17:53:16.947  3342  3342 I SystemServiceManager: Starting org.cyanogenmod.platform.internal.CMStatusBarManagerService
12-13 17:53:16.947  3342  3342 D CMStatusBarManagerService: registerCMStatusBar cmstatusbar: org.cyanogenmod.platform.internal.CMStatusBarManagerService@f929f0
12-13 17:53:16.948  3342  3342 I CMSystemServer: Attempting to start service org.cyanogenmod.platform.internal.ProfileManagerService
12-13 17:53:16.950  3342  3342 I CMSystemServer: Starting service org.cyanogenmod.platform.internal.ProfileManagerService
12-13 17:53:16.950  3342  3342 I SystemServiceManager: Starting org.cyanogenmod.platform.internal.ProfileManagerService
12-13 17:53:16.950  2936  2936 E ServiceManager: add_service('profile',61) uid=1000 - ALREADY REGISTERED, OVERRIDE
12-13 17:53:16.950  2936  2936 I ServiceManager: service 'profile' died
12-13 17:53:16.951  3342  3416 D WifiService: New client listening to asynchronous messages
12-13 17:53:16.951  3342  3342 V ProfileTriggerHelper: Enabling
12-13 17:53:16.954  3342  3342 D CMProfileService: Set active profile to: 0230226d-0d05-494a-a9bd-d222a1117655 - Default
12-13 17:53:16.954  3342  3342 D CMProfileService: Saving profile data...
12-13 17:53:16.955  3342  3342 D CMProfileService: Save completed.
12-13 17:53:16.955  3342  3342 I CMSystemServer: Attempting to start service org.cyanogenmod.platform.internal.PartnerInterfaceService
12-13 17:53:16.956  3342  3342 I CMSystemServer: Starting service org.cyanogenmod.platform.internal.PartnerInterfaceService
12-13 17:53:16.956  3342  3342 I SystemServiceManager: Starting org.cyanogenmod.platform.internal.PartnerInterfaceService
12-13 17:53:16.956  2936  2936 E ServiceManager: add_service('cmpartnerinterface',62) uid=1000 - ALREADY REGISTERED, OVERRIDE
12-13 17:53:16.956  2936  2936 I ServiceManager: service 'cmpartnerinterface' died
12-13 17:53:16.956  3342  3342 I CMSystemServer: Attempting to start service org.cyanogenmod.platform.internal.CMTelephonyManagerService
12-13 17:53:16.957  3342  3342 I CMSystemServer: Starting service org.cyanogenmod.platform.internal.CMTelephonyManagerService
12-13 17:53:16.957  3342  3342 I SystemServiceManager: Starting org.cyanogenmod.platform.internal.CMTelephonyManagerService
12-13 17:53:16.957  3342  3342 I CMSystemServer: Attempting to start service org.cyanogenmod.platform.internal.CMHardwareService
12-13 17:53:16.961  3342  3342 I CMSystemServer: Starting service org.cyanogenmod.platform.internal.CMHardwareService
12-13 17:53:16.961  3342  3342 I SystemServiceManager: Starting org.cyanogenmod.platform.internal.CMHardwareService
12-13 17:53:16.962  2936  2936 E ServiceManager: add_service('cmhardware',64) uid=1000 - ALREADY REGISTERED, OVERRIDE
12-13 17:53:16.962  2936  2936 I ServiceManager: service 'cmhardware' died
12-13 17:53:16.962  3342  3342 I CMSystemServer: Attempting to start service org.cyanogenmod.platform.internal.AppSuggestManagerService
12-13 17:53:16.963  3342  3342 I CMSystemServer: Starting service org.cyanogenmod.platform.internal.AppSuggestManagerService
12-13 17:53:16.963  3342  3342 I SystemServiceManager: Starting org.cyanogenmod.platform.internal.AppSuggestManagerService
12-13 17:53:16.963  3342  3342 W ServiceWatcher: com.cyanogen.app.suggest not found
12-13 17:53:16.963  3342  3342 E AppSgstMgrService: no app suggest provider found
12-13 17:53:16.963  3342  3342 I CMSystemServer: Attempting to start service org.cyanogenmod.platform.internal.PerformanceManagerService
12-13 17:53:16.971  3342  3460 I ServiceThread: Enabled StrictMode logging for PerformanceManager looper.
12-13 17:53:16.971  3342  3342 I CMSystemServer: Starting service org.cyanogenmod.platform.internal.PerformanceManagerService
12-13 17:53:16.971  3342  3342 I SystemServiceManager: Starting org.cyanogenmod.platform.internal.PerformanceManagerService
12-13 17:53:16.972  3342  3461 I ServiceThread: Enabled StrictMode logging for PerformanceManager looper.
12-13 17:53:16.972  3342  3342 I CMSystemServer: Attempting to start service org.cyanogenmod.platform.internal.ThemeManagerServiceBroker
12-13 17:53:16.974  3342  3342 E BrokerableCMSystemService: Setting brokered service connection org.cyanogenmod.platform.internal.ThemeManagerServiceBroker$2@f225e23
12-13 17:53:16.974  3342  3342 I CMSystemServer: Starting service org.cyanogenmod.platform.internal.ThemeManagerServiceBroker
12-13 17:53:16.974  3342  3342 I SystemServiceManager: Starting org.cyanogenmod.platform.internal.ThemeManagerServiceBroker
12-13 17:53:16.974  3342  3342 E BrokerableCMSystemService: Setting brokered service connection org.cyanogenmod.platform.internal.ThemeManagerServiceBroker$2@c62ef20
12-13 17:53:16.974  3342  3342 I CMSystemServer: Attempting to start service org.cyanogenmod.platform.internal.IconCacheManagerServiceBroker
12-13 17:53:16.974  3342  3342 E BrokerableCMSystemService: Setting brokered service connection org.cyanogenmod.platform.internal.IconCacheManagerServiceBroker$2@dbbc0d9
12-13 17:53:16.974  3342  3342 I CMSystemServer: Starting service org.cyanogenmod.platform.internal.IconCacheManagerServiceBroker
12-13 17:53:16.974  3342  3342 I SystemServiceManager: Starting org.cyanogenmod.platform.internal.IconCacheManagerServiceBroker
12-13 17:53:16.974  3342  3342 E BrokerableCMSystemService: Setting brokered service connection org.cyanogenmod.platform.internal.IconCacheManagerServiceBroker$2@e896a9e
12-13 17:53:16.974  3342  3342 I CMSystemServer: Attempting to start service org.cyanogenmod.platform.internal.LiveLockScreenServiceBroker
12-13 17:53:16.975  3342  3342 E BrokerableCMSystemService: Setting brokered service connection org.cyanogenmod.platform.internal.LiveLockScreenServiceBroker$2@332b97f
12-13 17:53:16.975  3342  3342 I CMSystemServer: Starting service org.cyanogenmod.platform.internal.LiveLockScreenServiceBroker
12-13 17:53:16.975  3342  3342 I SystemServiceManager: Starting org.cyanogenmod.platform.internal.LiveLockScreenServiceBroker
12-13 17:53:16.975  3342  3342 E BrokerableCMSystemService: Setting brokered service connection org.cyanogenmod.platform.internal.LiveLockScreenServiceBroker$2@857dd4c
12-13 17:53:16.976  3342  3342 I CMSystemServer: Attempting to start service org.cyanogenmod.platform.internal.WeatherManagerServiceBroker
12-13 17:53:16.976  3342  3342 I CMSystemServer: Starting service org.cyanogenmod.platform.internal.WeatherManagerServiceBroker
12-13 17:53:16.976  3342  3342 I SystemServiceManager: Starting org.cyanogenmod.platform.internal.WeatherManagerServiceBroker
12-13 17:53:16.976  3342  3342 I CMSystemServer: Attempting to start service org.cyanogenmod.platform.internal.display.LiveDisplayService
12-13 17:53:16.979  3342  3462 I ServiceThread: Enabled StrictMode logging for LiveDisplay looper.
12-13 17:53:16.979  3342  3342 I CMSystemServer: Starting service org.cyanogenmod.platform.internal.display.LiveDisplayService
12-13 17:53:16.979  3342  3342 I SystemServiceManager: Starting org.cyanogenmod.platform.internal.display.LiveDisplayService
12-13 17:53:16.979  3342  3463 I ServiceThread: Enabled StrictMode logging for LiveDisplay looper.
12-13 17:53:16.980  3342  3342 I CMSystemServer: Attempting to start service org.cyanogenmod.platform.internal.CMAudioServiceBroker
12-13 17:53:16.980  3342  3342 I CMSystemServer: Starting service org.cyanogenmod.platform.internal.CMAudioServiceBroker
12-13 17:53:16.980  3342  3342 I SystemServiceManager: Starting org.cyanogenmod.platform.internal.CMAudioServiceBroker
12-13 17:53:17.135  3342  3342 E SQLiteLog: (1) no such table: locksettings
12-13 17:53:17.179  3342  3342 I LockSettingsService: Migrated lock settings to new location
12-13 17:53:17.195  3342  3342 I LockSettingsService: Migrated per-user lock settings to new location
12-13 17:53:17.252  3342  3342 I LockSettingsService: Migrated biometric weak to use the fallback instead
12-13 17:53:17.268  3342  3342 I LockSettingsService: Migrated lockscreen disabled flag
12-13 17:53:17.300  3342  3342 I LockSettingsService: Migrated primary user pattern size
12-13 17:53:17.301  3342  3342 E LockSettingsStorage: Cannot read file java.io.FileNotFoundException: /data/system/gatekeeper.password.key: open failed: ENOENT (No such file or directory)
12-13 17:53:17.301  3342  3342 E LockSettingsStorage: Cannot read file java.io.FileNotFoundException: /data/system/password.key: open failed: ENOENT (No such file or directory)
12-13 17:53:17.301  3342  3342 E LockSettingsStorage: Cannot read file java.io.FileNotFoundException: /data/system/gatekeeper.pattern.key: open failed: ENOENT (No such file or directory)
12-13 17:53:17.301  3342  3342 E LockSettingsStorage: Cannot read file java.io.FileNotFoundException: /data/system/gatekeeper.gesture.key: open failed: ENOENT (No such file or directory)
12-13 17:53:17.301  3342  3342 E LockSettingsStorage: Cannot read file java.io.FileNotFoundException: /data/system/gesture.key: open failed: ENOENT (No such file or directory)
12-13 17:53:17.301  3342  3342 E LockSettingsStorage: Cannot read file java.io.FileNotFoundException: /data/system/cm_gesture.key: open failed: ENOENT (No such file or directory)
12-13 17:53:17.301  3342  3342 I SystemServiceManager: Starting phase 480
12-13 17:53:17.303  3342  3342 I SystemServiceManager: Starting phase 500
12-13 17:53:17.303  3342  3342 D BluetoothService: onBootPhase: PHASE_SYSTEM_SERVICES_READY
12-13 17:53:17.303  3342  3342 D BluetoothManagerService: Bluetooth boot completed
12-13 17:53:17.303  3342  3342 D BluetoothManagerService: Retrieving Bluetooth Adapter name and address...
12-13 17:53:17.303  3342  3342 D BluetoothManagerService: getNameAndAddress(): mBluetooth = null mBinding = false
12-13 17:53:17.303  3342  3360 D BluetoothManagerService: Message: 200
12-13 17:53:17.303  3342  3360 D BluetoothManagerService: MESSAGE_GET_NAME_AND_ADDRESS
12-13 17:53:17.303  3342  3360 D BluetoothManagerService: Binding to service to get name and address
12-13 17:53:17.305  3342  3342 I WifiService: WifiService starting up with Wi-Fi disabled
12-13 17:53:17.307  3342  3342 I WifiScanningService: Registering wifiscanner
12-13 17:53:17.309  3342  3342 I RttService: Registering rttmanager
12-13 17:53:17.309  3342  3342 I EthernetServiceImpl: Starting Ethernet service
12-13 17:53:17.310  3342  3342 D Ethernet: Registering NetworkFactory
12-13 17:53:17.310  3342  3417 D ConnectivityService: Got NetworkFactory Messenger for Ethernet
12-13 17:53:17.311  3342  3467 D Ethernet: got request NetworkRequest [ id=1, legacyType=-1, [ Capabilities: INTERNET&NOT_RESTRICTED&TRUSTED&NOT_VPN] ] with score 0
12-13 17:53:17.313  3342  3342 V BackupManagerService: No ancestral data
12-13 17:53:17.388  3342  3342 V KeyValueBackupJob: Scheduling k/v pass in 245 minutes
12-13 17:53:17.841  3342  3342 V BackupManagerService: Starting with transport com.google.android.gms/.backup.BackupTransportService
12-13 17:53:17.841  3342  3342 V BackupManagerService: Found transports: 1
12-13 17:53:17.842  3342  3342 I BackupManagerService: Binding to transport host ComponentInfo{android/com.android.internal.backup.LocalTransportService}
12-13 17:53:17.843  3342  3342 W ThemeManagerServiceBroker: Cannot stat /data/system/theme/alarms
12-13 17:53:17.881  3342  3342 W PackageManager: Unable to get pkg for processing system
12-13 17:53:17.882  3342  3342 E PackageManager: Unable to find icon pack: system
12-13 17:53:17.882  3342  3342 I DefaultPermGrantPolicy: Granting permissions to platform components for user 0
12-13 17:53:17.882  3342  3342 D VoldConnector: SND -> {4 volume remount_uid 1001 none}
12-13 17:53:17.883  2920  2990 D vold    : Remounting 1001 as mode none
12-13 17:53:17.884  3342  3363 W KeyguardServiceDelegate: onScreenTurningOn(): no keyguard service!
12-13 17:53:17.885  2920  2990 D vold    : Found matching PID 2995
12-13 17:53:17.885  2920  2990 W vold    : Skipping due to root namespace
12-13 17:53:17.885  3342  3405 D VoldConnector: RCV <- {200 4 Command succeeded}
12-13 17:53:17.885  3342  3342 D VoldConnector: SND -> {5 volume remount_uid 1001 none}
12-13 17:53:17.886  2920  2990 D vold    : Remounting 1001 as mode none
12-13 17:53:17.888  2920  2990 D vold    : Found matching PID 2995
12-13 17:53:17.888  2920  2990 W vold    : Skipping due to root namespace
12-13 17:53:17.888  3342  3405 D VoldConnector: RCV <- {200 5 Command succeeded}
12-13 17:53:17.888  3342  3342 D VoldConnector: SND -> {6 volume remount_uid 1000 none}
12-13 17:53:17.888  2920  2990 D vold    : Remounting 1000 as mode none
12-13 17:53:17.891  2920  2990 D vold    : Found matching PID 2936
12-13 17:53:17.891  2920  2990 W vold    : Skipping due to root namespace
12-13 17:53:17.891  2920  2990 D vold    : Found matching PID 2937
12-13 17:53:17.891  2920  2990 W vold    : Skipping due to root namespace
12-13 17:53:17.891  2920  2990 D vold    : Found matching PID 3002
12-13 17:53:17.891  2920  2990 W vold    : Skipping due to root namespace
12-13 17:53:17.891  2920  2990 D vold    : Found matching PID 3005
12-13 17:53:17.891  2920  2990 W vold    : Skipping due to root namespace
12-13 17:53:17.891  2920  2990 D vold    : Found matching PID 3342
12-13 17:53:17.892  3342  3405 D VoldConnector: RCV <- {200 6 Command succeeded}
12-13 17:53:17.893  3342  3342 D VoldConnector: SND -> {7 volume remount_uid 1000 none}
12-13 17:53:17.893  2920  2990 D vold    : Remounting 1000 as mode none
12-13 17:53:17.895  2920  2990 D vold    : Found matching PID 2936
12-13 17:53:17.895  2920  2990 W vold    : Skipping due to root namespace
12-13 17:53:17.895  2920  2990 D vold    : Found matching PID 2937
12-13 17:53:17.895  2920  2990 W vold    : Skipping due to root namespace
12-13 17:53:17.895  2920  2990 D vold    : Found matching PID 3002
12-13 17:53:17.895  2920  2990 W vold    : Skipping due to root namespace
12-13 17:53:17.895  2920  2990 D vold    : Found matching PID 3005
12-13 17:53:17.895  2920  2990 W vold    : Skipping due to root namespace
12-13 17:53:17.896  2920  2990 D vold    : Found matching PID 3342
12-13 17:53:17.897  3342  3405 D VoldConnector: RCV <- {200 7 Command succeeded}
12-13 17:53:17.898  3342  3342 D VoldConnector: SND -> {8 volume remount_uid 2000 none}
12-13 17:53:17.898  2920  2990 D vold    : Remounting 2000 as mode none
12-13 17:53:17.901  3342  3405 D VoldConnector: RCV <- {200 8 Command succeeded}
12-13 17:53:17.901  3342  3342 D VoldConnector: SND -> {9 volume remount_uid 2000 none}
12-13 17:53:17.901  2920  2990 D vold    : Remounting 2000 as mode none
12-13 17:53:17.904  3342  3405 D VoldConnector: RCV <- {200 9 Command succeeded}
12-13 17:53:17.904  3342  3342 D VoldConnector: SND -> {10 volume remount_uid 10026 none}
12-13 17:53:17.904  2920  2990 D vold    : Remounting 10026 as mode none
12-13 17:53:17.906  3342  3405 D VoldConnector: RCV <- {200 10 Command succeeded}
12-13 17:53:17.907  3342  3342 D VoldConnector: SND -> {11 volume remount_uid 10026 none}
12-13 17:53:17.907  2920  2990 D vold    : Remounting 10026 as mode none
12-13 17:53:17.909  3342  3405 D VoldConnector: RCV <- {200 11 Command succeeded}
12-13 17:53:17.909  3342  3342 D VoldConnector: SND -> {12 volume remount_uid 1002 none}
12-13 17:53:17.909  2920  2990 D vold    : Remounting 1002 as mode none
12-13 17:53:17.911  3342  3405 D VoldConnector: RCV <- {200 12 Command succeeded}
12-13 17:53:17.911  3342  3342 D VoldConnector: SND -> {13 volume remount_uid 1002 none}
12-13 17:53:17.911  2920  2990 D vold    : Remounting 1002 as mode none
12-13 17:53:17.913  3342  3405 D VoldConnector: RCV <- {200 13 Command succeeded}
12-13 17:53:17.914  3342  3342 I DefaultPermGrantPolicy: Granting permissions to default platform handlers for user 0
12-13 17:53:17.914  3342  3342 W VoiceInteractionManagerService: no available voice interaction services found for user 0
12-13 17:53:17.914  3342  3342 W VoiceInteractionManagerService: no available voice recognition services found for user 0
12-13 17:53:17.914  3342  3342 D VoldConnector: SND -> {14 volume remount_uid 10016 none}
12-13 17:53:17.914  2920  2990 D vold    : Remounting 10016 as mode none
12-13 17:53:17.916  3342  3405 D VoldConnector: RCV <- {200 14 Command succeeded}
12-13 17:53:17.917  3342  3342 D VoldConnector: SND -> {15 volume remount_uid 10020 none}
12-13 17:53:17.917  2920  2990 D vold    : Remounting 10020 as mode none
12-13 17:53:17.919  3342  3405 D VoldConnector: RCV <- {200 15 Command succeeded}
12-13 17:53:17.919  3342  3342 D VoldConnector: SND -> {16 volume remount_uid 10020 none}
12-13 17:53:17.920  2920  2990 D vold    : Remounting 10020 as mode none
12-13 17:53:17.922  3342  3405 D VoldConnector: RCV <- {200 16 Command succeeded}
12-13 17:53:17.922  3342  3342 D VoldConnector: SND -> {17 volume remount_uid 10010 none}
12-13 17:53:17.922  2920  2990 D vold    : Remounting 10010 as mode none
12-13 17:53:17.925  3342  3405 D VoldConnector: RCV <- {200 17 Command succeeded}
12-13 17:53:17.925  3342  3342 D VoldConnector: SND -> {18 volume remount_uid 10010 none}
12-13 17:53:17.925  2920  2990 D vold    : Remounting 10010 as mode none
12-13 17:53:17.927  3342  3405 D VoldConnector: RCV <- {200 18 Command succeeded}
12-13 17:53:17.928  3342  3342 D VoldConnector: SND -> {19 volume remount_uid 10009 none}
12-13 17:53:17.928  2920  2990 D vold    : Remounting 10009 as mode none
12-13 17:53:17.930  3342  3405 D VoldConnector: RCV <- {200 19 Command succeeded}
12-13 17:53:17.930  3342  3342 D VoldConnector: SND -> {20 volume remount_uid 10009 none}
12-13 17:53:17.930  2920  2990 D vold    : Remounting 10009 as mode none
12-13 17:53:17.933  3342  3405 D VoldConnector: RCV <- {200 20 Command succeeded}
12-13 17:53:17.934  3342  3342 D VoldConnector: SND -> {21 volume remount_uid 10001 none}
12-13 17:53:17.934  2920  2990 D vold    : Remounting 10001 as mode none
12-13 17:53:17.936  3342  3405 D VoldConnector: RCV <- {200 21 Command succeeded}
12-13 17:53:17.937  3342  3342 D VoldConnector: SND -> {22 volume remount_uid 10001 none}
12-13 17:53:17.937  2920  2990 D vold    : Remounting 10001 as mode none
12-13 17:53:17.939  3342  3405 D VoldConnector: RCV <- {200 22 Command succeeded}
12-13 17:53:17.940  3342  3342 D VoldConnector: SND -> {23 volume remount_uid 10040 none}
12-13 17:53:17.940  2920  2990 D vold    : Remounting 10040 as mode none
12-13 17:53:17.942  3342  3405 D VoldConnector: RCV <- {200 23 Command succeeded}
12-13 17:53:17.942  3342  3342 D VoldConnector: SND -> {24 volume remount_uid 10040 none}
12-13 17:53:17.943  2920  2990 D vold    : Remounting 10040 as mode none
12-13 17:53:17.945  3342  3405 D VoldConnector: RCV <- {200 24 Command succeeded}
12-13 17:53:17.946  3342  3342 I ActivityManager: Pre-boot of {com.android.providers.calendar/com.android.providers.calendar.CalendarUpgradeReceiver} for user 0
12-13 17:53:17.946  3342  3342 I SystemServer: Enabled StrictMode for system server main thread.
12-13 17:53:17.957  3342  3356 I Zygote  : Process: zygote socket opened, supported ABIS: arm64-v8a,armeabi
12-13 17:53:17.957  3000  3347 I art     : Starting a blocking GC HeapTrim
12-13 17:53:17.967  3342  3356 I ActivityManager: Start proc 3484:com.android.providers.calendar/u0a1 for broadcast com.android.providers.calendar/.CalendarUpgradeReceiver
12-13 17:53:17.971  3342  3342 D RttService: SCAN_AVAILABLE : 1
12-13 17:53:17.972  3342  3466 D RttService: DefaultState got{ when=0 what=160513 target=com.android.internal.util.StateMachine$SmHandler }
12-13 17:53:17.973  3342  3353 I ActivityManager: Launching preboot mode app: ProcessRecord{79b8bb8 3484:com.android.providers.calendar/u0a1}
12-13 17:53:17.984  3484  3484 W System  : ClassLoader referenced unknown path: /system/priv-app/CalendarProvider/lib/arm64
12-13 17:53:17.990  3342  3342 V BackupManagerService: Connected to transport ComponentInfo{android/com.android.internal.backup.LocalTransportService}
12-13 17:53:17.990  3342  3342 V BackupManagerService: Registering transport android/com.android.internal.backup.LocalTransportService::android/com.android.internal.backup.LocalTransport = android.app.backup.BackupTransport$TransportImpl@a1cbd91
12-13 17:53:18.042  3342  3354 I ActivityManager: Pre-boot of {org.cyanogenmod.cmsettings/org.cyanogenmod.cmsettings.PreBootReceiver} for user 0
12-13 17:53:18.185  3342  3342 W CMSettings: Setting dev_force_show_navbar has moved from CMSettings.Secure to CMSettings.Global, value is unchanged.
12-13 17:53:18.238  3342  3342 I ActivityManager: Pre-boot of {com.android.providers.contacts/com.android.providers.contacts.ContactsUpgradeReceiver} for user 0
12-13 17:53:18.249  3342  3342 I ActivityManager: Start proc 3530:android.process.acore/u0a5 for broadcast com.android.providers.contacts/.ContactsUpgradeReceiver
12-13 17:53:18.256  3342  3353 I ActivityManager: Launching preboot mode app: ProcessRecord{f2514f6 3530:android.process.acore/u0a5}
12-13 17:53:18.272  3530  3530 W System  : ClassLoader referenced unknown path: /system/priv-app/ContactsProvider/lib/arm64
12-13 17:53:18.439  3530  3530 I ContactsUpgradeReceiver: Creating or opening contacts database
12-13 17:53:18.621  3530  3530 I ContactsDatabaseHelper: Bootstrapping database version: 1013
12-13 17:53:18.698  3530  3530 I ContactsProviderV1: Bootstrapping database legacy support
12-13 17:53:18.885  3342  3357 W WindowManager: Keyguard drawn timeout. Setting mKeyguardDrawComplete
12-13 17:53:19.454  3530  3530 I ContactsDatabaseHelper: Bootstrapping database version: 1013
12-13 17:53:19.497  3530  3530 I ContactsProviderV1: Bootstrapping database legacy support
12-13 17:53:19.883  3530  3530 I ContactsProvider: Locale has changed from null to en-US
12-13 17:53:19.884  3530  3530 I ContactsDatabaseHelper: Switching to locale en-US (ICU v55.1)
12-13 17:53:19.994  3530  3530 I ContactsDatabaseHelper: Locale change completed in 110ms
12-13 17:53:19.995  3530  3530 I ContactsDatabaseHelper: Switching to locale en-US (ICU v55.1)
12-13 17:53:20.062  3530  3530 I ContactsDatabaseHelper: Locale change completed in 67ms
12-13 17:53:20.307  3342  3360 D BluetoothManagerService: Message: 100
12-13 17:53:20.307  3342  3360 E BluetoothManagerService: MESSAGE_TIMEOUT_BIND
12-13 17:53:20.321  3342  3509 I ActivityManager: Pre-boot of {com.android.providers.media/com.android.providers.media.MediaUpgradeReceiver} for user 0
12-13 17:53:20.332  3342  3509 I ActivityManager: Start proc 3569:android.process.media/u0a10 for broadcast com.android.providers.media/.MediaUpgradeReceiver
12-13 17:53:20.336  3342  3354 I ActivityManager: Launching preboot mode app: ProcessRecord{b7110f7 3569:android.process.media/u0a10}
12-13 17:53:20.345  3569  3569 W System  : ClassLoader referenced unknown path: /system/priv-app/MediaProvider/lib/arm64
12-13 17:53:20.380  3342  3354 I ActivityManager: Pre-boot of {com.android.managedprovisioning/com.android.managedprovisioning.PreBootListener} for user 0
12-13 17:53:20.391  3342  3354 I ActivityManager: Start proc 3583:com.android.managedprovisioning/u0a12 for broadcast com.android.managedprovisioning/.PreBootListener
12-13 17:53:20.395  3342  3353 I ActivityManager: Launching preboot mode app: ProcessRecord{859ab64 3583:com.android.managedprovisioning/u0a12}
12-13 17:53:20.405  3583  3583 W System  : ClassLoader referenced unknown path: /system/priv-app/ManagedProvisioning/lib/arm64
12-13 17:53:20.410  3342  3354 I ActivityManager: Pre-boot of {com.android.dialer/com.android.dialer.SystemUpdateReceiver} for user 0
12-13 17:53:20.421  3342  3354 I ActivityManager: Start proc 3596:com.android.dialer/u0a19 for broadcast com.android.dialer/.SystemUpdateReceiver
12-13 17:53:20.427  3342  3509 I ActivityManager: Launching preboot mode app: ProcessRecord{3bea1cd 3596:com.android.dialer/u0a19}
12-13 17:53:20.442  3596  3596 W System  : ClassLoader referenced unknown path: /system/priv-app/Dialer/lib/arm64
12-13 17:53:20.544  3596  3596 W MOD.CyanogenAmbientUtil: Cyanogen Ambient package is missing! Version 1050100 is required.
12-13 17:53:20.544  3342  3509 I ActivityManager: Pre-boot of {com.android.settings/com.android.settings.ManagedProfileSetup} for user 0
12-13 17:53:20.555  3342  3509 I ActivityManager: Start proc 3611:com.android.settings/1000 for broadcast com.android.settings/.ManagedProfileSetup
12-13 17:53:20.559  3342  3353 I ActivityManager: Launching preboot mode app: ProcessRecord{f058a82 3611:com.android.settings/1000}
12-13 17:53:20.573  3611  3611 W System  : ClassLoader referenced unknown path: /system/priv-app/Settings/lib/arm64
12-13 17:53:20.757  3342  3356 I ActivityManager: Removing system update proc: ProcessRecord{79b8bb8 3484:com.android.providers.calendar/u0a1}
12-13 17:53:20.757  3342  3356 I ActivityManager: Killing 3484:com.android.providers.calendar/u0a1 (adj 13): system update done
12-13 17:53:20.768  3342  3356 D ActivityManager: cleanUpApplicationRecord -- 3484
12-13 17:53:20.768  3342  3356 I ActivityManager: Removing system update proc: ProcessRecord{f2514f6 3530:android.process.acore/u0a5}
12-13 17:53:20.768  3342  3356 I ActivityManager: Killing 3530:android.process.acore/u0a5 (adj 13): system update done
12-13 17:53:20.779  3342  3356 D ActivityManager: cleanUpApplicationRecord -- 3530
12-13 17:53:20.779  3342  3356 I ActivityManager: Removing system update proc: ProcessRecord{b7110f7 3569:android.process.media/u0a10}
12-13 17:53:20.779  3342  3356 I ActivityManager: Killing 3569:android.process.media/u0a10 (adj 11): system update done
12-13 17:53:20.789  3342  3356 D ActivityManager: cleanUpApplicationRecord -- 3569
12-13 17:53:20.789  3342  3356 I ActivityManager: Removing system update proc: ProcessRecord{859ab64 3583:com.android.managedprovisioning/u0a12}
12-13 17:53:20.789  3342  3356 I ActivityManager: Killing 3583:com.android.managedprovisioning/u0a12 (adj 11): system update done
12-13 17:53:20.800  3342  3356 D ActivityManager: cleanUpApplicationRecord -- 3583
12-13 17:53:20.800  3342  3356 I ActivityManager: Removing system update proc: ProcessRecord{3bea1cd 3596:com.android.dialer/u0a19}
12-13 17:53:20.800  3342  3356 I ActivityManager: Killing 3596:com.android.dialer/u0a19 (adj 9): system update done
12-13 17:53:20.811  3342  3356 D ActivityManager: cleanUpApplicationRecord -- 3596
12-13 17:53:20.811  3342  3356 I ActivityManager: Removing system update proc: ProcessRecord{f058a82 3611:com.android.settings/1000}
12-13 17:53:20.811  3342  3356 I ActivityManager: Killing 3611:com.android.settings/1000 (adj 9): system update done
12-13 17:53:20.821  3342  3356 D ActivityManager: cleanUpApplicationRecord -- 3611
12-13 17:53:20.821  3342  3356 I ActivityManager: System now ready
12-13 17:53:20.821  3342  3354 W ActivityManager: Spurious death for ProcessRecord{79b8bb8 0:com.android.providers.calendar/u0a1}, curProc for 3484: null
12-13 17:53:20.822  3342  3509 W ActivityManager: Spurious death for ProcessRecord{f2514f6 0:android.process.acore/u0a5}, curProc for 3530: null
12-13 17:53:20.822  3342  3353 W ActivityManager: Spurious death for ProcessRecord{b7110f7 0:android.process.media/u0a10}, curProc for 3569: null
12-13 17:53:20.822  3342  3625 W ActivityManager: Spurious death for ProcessRecord{859ab64 0:com.android.managedprovisioning/u0a12}, curProc for 3583: null
12-13 17:53:20.822  3342  3510 W ActivityManager: Spurious death for ProcessRecord{3bea1cd 0:com.android.dialer/u0a19}, curProc for 3596: null
12-13 17:53:20.822  3342  3628 W ActivityManager: Spurious death for ProcessRecord{f058a82 0:com.android.settings/1000}, curProc for 3611: null
12-13 17:53:20.823  3342  3356 I SystemServer: Making services ready
12-13 17:53:20.823  3342  3356 I SystemServiceManager: Starting phase 550
12-13 17:53:20.824  3342  3404 D MountService: Thinking about reset, mSystemReady=true, mDaemonConnected=true
12-13 17:53:20.824  3342  3404 D VoldConnector: SND -> {25 volume reset}
12-13 17:53:20.824  3342  3405 D VoldConnector: RCV <- {651 emulated 7}
12-13 17:53:20.824  3342  3356 D UsbAlsaManager: Adding ALSA device AlsaDevice: [card: 0, device: 9, type: 1]
12-13 17:53:20.824  3342  3356 D UsbAlsaManager: Adding ALSA device AlsaDevice: [card: 0, device: 8, type: 1]
12-13 17:53:20.824  3342  3356 D UsbAlsaManager: Adding ALSA device AlsaDevice: [card: 0, device: 7, type: 1]
12-13 17:53:20.824  3342  3405 D VoldConnector: RCV <- {659 emulated}
12-13 17:53:20.824  3342  3356 D UsbAlsaManager: Adding ALSA device AlsaDevice: [card: 0, device: 6, type: 1]
12-13 17:53:20.824  3342  3356 D UsbAlsaManager: Adding ALSA device AlsaDevice: [card: 0, device: 3, type: 1]
12-13 17:53:20.824  3342  3356 D UsbAlsaManager: Adding ALSA device AlsaDevice: [card: 0, device: 2, type: 1]
12-13 17:53:20.824  3342  3405 D VoldConnector: RCV <- {650 emulated 2 "" ""}
12-13 17:53:20.824  3342  3356 D UsbAlsaManager: Adding ALSA device AlsaDevice: [card: 0, device: 1, type: 1]
12-13 17:53:20.825  3342  3356 D UsbAlsaManager: Adding ALSA device AlsaDevice: [card: 0, device: 2, type: 2]
12-13 17:53:20.825  3342  3356 D UsbAlsaManager: Adding ALSA device AlsaDevice: [card: 0, device: 0, type: 1]
12-13 17:53:20.825  3342  3356 D UsbAlsaManager: Adding ALSA device AlsaDevice: [card: 0, device: 1, type: 2]
12-13 17:53:20.825  3342  3356 D UsbAlsaManager: Adding ALSA device AlsaDevice: [card: 0, device: 0, type: 2]
12-13 17:53:20.825  3342  3405 D VoldConnector: RCV <- {654 emulated emulated}
12-13 17:53:20.825  3342  3405 D VoldConnector: RCV <- {651 emulated 0}
12-13 17:53:20.825  3342  3405 D VoldConnector: RCV <- {200 25 Command succeeded}
12-13 17:53:20.825  3342  3404 D VoldConnector: SND -> {26 volume user_added 0 0}
12-13 17:53:20.825  3342  3405 D VoldConnector: RCV <- {200 26 Command succeeded}
12-13 17:53:20.825  3342  3342 W System  : ClassLoader referenced unknown path: /system/priv-app/Telecom/lib/arm64
12-13 17:53:20.825  3342  3356 W MountService: No primary storage defined yet; hacking together a stub
12-13 17:53:20.826  3342  3358 V MountService: Found primary storage at VolumeInfo{emulated}:
12-13 17:53:20.826  3342  3358 V MountService:     type=EMULATED diskId=null partGuid=null mountFlags=0 mountUserId=-1 
12-13 17:53:20.826  3342  3358 V MountService:     state=UNMOUNTED 
12-13 17:53:20.826  3342  3358 V MountService:     fsType=null fsUuid=null fsLabel=null 
12-13 17:53:20.826  3342  3358 V MountService:     path=null internalPath=null 
12-13 17:53:20.826  3342  3404 D VoldConnector: SND -> {27 volume mount emulated 3 -1}
12-13 17:53:20.826  3342  3405 D VoldConnector: RCV <- {651 emulated 1}
12-13 17:53:20.826  3342  3405 D VoldConnector: RCV <- {656 emulated /data/media}
12-13 17:53:20.826  3342  3405 D VoldConnector: RCV <- {655 emulated /storage/emulated}
12-13 17:53:20.827  2920  2990 V vold    : Waiting for FUSE to spin up...
12-13 17:53:20.837  3342  3356 I ActivityManager: Start proc 3632:com.android.systemui/u0a26 for service com.android.systemui/.keyguard.KeyguardService
12-13 17:53:20.837  3342  3356 I BrokerableCMSystemService: Connecting to implementation
12-13 17:53:20.837  3342  3356 W ContextImpl: Calling a method in the system process without a qualified user: android.app.ContextImpl.bindService:1295 org.cyanogenmod.platform.internal.BrokerableCMSystemService.tryConnecting:199 org.cyanogenmod.platform.internal.ThemeManagerServiceBroker.onBootPhase:270 com.android.server.SystemServiceManager.startBootPhase:135 com.android.server.SystemServer$2.run:1180 
12-13 17:53:20.849  3342  3356 I ActivityManager: Start proc 3645:org.cyanogenmod.themeservice/u0a21 for service org.cyanogenmod.themeservice/.ThemeManagerService
12-13 17:53:20.849  3342  3356 I SystemServer: WebViewFactory preparation
12-13 17:53:20.862  3342  3356 I Zygote  : Process: zygote socket opened, supported ABIS: armeabi-v7a,armeabi
12-13 17:53:20.863  3001  3001 I art     : Starting a blocking GC Background
12-13 17:53:20.877  3342  3405 D VoldConnector: RCV <- {651 emulated 2}
12-13 17:53:20.877  3342  3405 D VoldConnector: RCV <- {200 27 Command succeeded}
12-13 17:53:20.892  3342  3356 I ActivityManager: Start proc 3665:WebViewLoader-armeabi-v7a/1037 [android.webkit.WebViewFactory$RelroFileCreator] for 
12-13 17:53:20.897  3665  3665 V WebViewFactory: RelroFileCreator (64bit = false),  32-bit lib: /system/app/webview/webview.apk!/lib/armeabi-v7a/libwebviewchromium.so, 64-bit lib: /system/app/webview/webview.apk!/lib/arm64-v8a/libwebviewchromium.so
12-13 17:53:20.903  3342  3356 I ActivityManager: Start proc 3679:WebViewLoader-arm64-v8a/1037 [android.webkit.WebViewFactory$RelroFileCreator] for 
12-13 17:53:20.904  3679  3679 V WebViewFactory: RelroFileCreator (64bit = true),  32-bit lib: /system/app/webview/webview.apk!/lib/armeabi-v7a/libwebviewchromium.so, 64-bit lib: /system/app/webview/webview.apk!/lib/arm64-v8a/libwebviewchromium.so
12-13 17:53:20.904  3342  3356 D NetworkManagement: enabling bandwidth control
12-13 17:53:20.908  3342  3360 D BluetoothManagerService: Message: 20
12-13 17:53:20.908  3342  3360 D BluetoothManagerService: Added callback: android.bluetooth.BluetoothAdapter$1@254c030:true
12-13 17:53:20.908  3342  3360 D BluetoothManagerService: Message: 30
12-13 17:53:20.909  3014  3014 W auditd  : type=1325 audit(0.0:137): table=filter family=2 entries=52
12-13 17:53:20.909  3014  3014 W auditd  : type=1320 audit(0.0:137): 
12-13 17:53:20.912  3342  3342 I Telecom : ViceNotificationImpl: ViceNotificationImpl
12-13 17:53:20.917  3632  3632 W System  : ClassLoader referenced unknown path: /system/priv-app/SystemUI/lib/arm64
12-13 17:53:20.919  3014  3014 W auditd  : type=1325 audit(0.0:138): table=filter family=10 entries=55
12-13 17:53:20.919  3014  3014 W auditd  : type=1320 audit(0.0:138): 
12-13 17:53:20.923  3645  3645 W System  : ClassLoader referenced unknown path: /system/priv-app/ThemeManagerService/lib/arm64
12-13 17:53:20.925  3342  3694 I ActivityManager: Start proc 3696:android.process.acore/u0a5 for content provider com.android.providers.contacts/.CallLogProvider
12-13 17:53:20.926  3342  3360 D BluetoothManagerService: Message: 30
12-13 17:53:20.927  3645  3645 I ThemeManagerService: Spawned worker thread
12-13 17:53:20.927  3342  3342 I Telecom : Class: TelecomSystem.INSTANCE being set
12-13 17:53:20.928  3342  3342 W ContextImpl: Calling a method in the system process without a qualified user: android.app.ContextImpl.startService:1231 android.content.ContextWrapper.startService:587 com.android.server.telecom.components.TelecomService.initializeTelecomSystem:141 com.android.server.telecom.components.TelecomService.onBind:69 android.app.ActivityThread.handleBindService:2938 
12-13 17:53:20.929  3014  3014 W auditd  : type=1325 audit(0.0:139): table=filter family=2 entries=51
12-13 17:53:20.929  3014  3014 W auditd  : type=1320 audit(0.0:139): 
12-13 17:53:20.929  3014  3014 W auditd  : type=1325 audit(0.0:140): table=filter family=10 entries=54
12-13 17:53:20.929  3014  3014 W auditd  : type=1320 audit(0.0:140): 
12-13 17:53:20.939  3014  3014 W auditd  : type=1325 audit(0.0:141): table=filter family=2 entries=50
12-13 17:53:20.939  3014  3014 W auditd  : type=1320 audit(0.0:141): 
12-13 17:53:20.946  3645  3645 D ThemeManagerService: Previous api level not found. First time booting?
12-13 17:53:20.946  3645  3645 D ThemeManagerService: Prev api level was: -1, api is now: 23
12-13 17:53:20.946  3645  3645 D ThemeManagerService: The system has been upgraded to a theme new api, checking if currently set theme is compatible
12-13 17:53:20.949  3014  3014 W auditd  : type=1325 audit(0.0:142): table=filter family=10 entries=53
12-13 17:53:20.949  3014  3014 W auditd  : type=1320 audit(0.0:142): 
12-13 17:53:20.949  3014  3014 W auditd  : type=1325 audit(0.0:143): table=filter family=2 entries=50
12-13 17:53:20.949  3014  3014 W auditd  : type=1320 audit(0.0:143): 
12-13 17:53:20.954  3696  3696 W System  : ClassLoader referenced unknown path: /system/priv-app/ContactsProvider/lib/arm64
12-13 17:53:20.954  3342  3342 I PackageManager: Replacing preferred activity com.android.messaging/.ui.conversation.LaunchConversationActivity for user 0:
12-13 17:53:20.955  3342  3342 I PackageManager:   Action: "android.intent.action.SENDTO"
12-13 17:53:20.955  3342  3342 I PackageManager:   Category: "android.intent.category.DEFAULT"
12-13 17:53:20.955  3342  3342 I PackageManager:   Scheme: "sms"
12-13 17:53:20.955  3342  3342 I PackageManager:   AutoVerify=false
12-13 17:53:20.955  3342  3342 I PackageManager: Replacing preferred activity com.android.messaging/.ui.conversation.LaunchConversationActivity for user 0:
12-13 17:53:20.955  3342  3342 I PackageManager:   Action: "android.intent.action.SENDTO"
12-13 17:53:20.955  3342  3342 I PackageManager:   Category: "android.intent.category.DEFAULT"
12-13 17:53:20.955  3342  3342 I PackageManager:   Scheme: "smsto"
12-13 17:53:20.955  3342  3342 I PackageManager:   AutoVerify=false
12-13 17:53:20.955  3342  3342 I PackageManager: Replacing preferred activity com.android.messaging/.ui.conversation.LaunchConversationActivity for user 0:
12-13 17:53:20.955  3342  3342 I PackageManager:   Action: "android.intent.action.SENDTO"
12-13 17:53:20.955  3342  3342 I PackageManager:   Category: "android.intent.category.DEFAULT"
12-13 17:53:20.955  3342  3342 I PackageManager:   Scheme: "mms"
12-13 17:53:20.955  3342  3342 I PackageManager:   AutoVerify=false
12-13 17:53:20.955  3342  3342 I PackageManager: Replacing preferred activity com.android.messaging/.ui.conversation.LaunchConversationActivity for user 0:
12-13 17:53:20.955  3342  3342 I PackageManager:   Action: "android.intent.action.SENDTO"
12-13 17:53:20.955  3342  3342 I PackageManager:   Category: "android.intent.category.DEFAULT"
12-13 17:53:20.955  3342  3342 I PackageManager:   Scheme: "mmsto"
12-13 17:53:20.955  3342  3342 I PackageManager:   AutoVerify=false
12-13 17:53:20.956  3342  3342 I DefaultPermGrantPolicy: Granting permissions to default sms app for user:0
12-13 17:53:20.957  3342  3342 I DefaultPermGrantPolicy: Granting permissions to default dialer app for user:0
12-13 17:53:20.959  3014  3014 W auditd  : type=1325 audit(0.0:144): table=filter family=10 entries=53
12-13 17:53:20.959  3014  3014 W auditd  : type=1320 audit(0.0:144): 
12-13 17:53:20.959  3014  3014 W auditd  : type=1325 audit(0.0:145): table=filter family=2 entries=50
12-13 17:53:20.959  3014  3014 W auditd  : type=1320 audit(0.0:145): 
12-13 17:53:20.961  3342  3627 I ActivityManager: Start proc 3723:org.cyanogenmod.themes.provider/u0a22 for content provider org.cyanogenmod.themes.provider/.ThemesProvider
12-13 17:53:20.964  3342  3342 I Telecom : PhoneAccountRegistrar: SimCallManager queried, returning: null
12-13 17:53:20.965  3342  3342 I DefaultPermGrantPolicy: Granting permissions to default sms app for user:0
12-13 17:53:20.969  3014  3014 W auditd  : type=1325 audit(0.0:146): table=filter family=10 entries=53
12-13 17:53:20.969  3014  3014 W auditd  : type=1320 audit(0.0:146): 
12-13 17:53:20.988  3665  3665 I art     : System.exit called, status: 0
12-13 17:53:20.988  3665  3665 I AndroidRuntime: VM exiting with result code 0, cleanup skipped.
12-13 17:53:20.989  3723  3723 W System  : ClassLoader referenced unknown path: /system/priv-app/ThemesProvider/lib/arm64
12-13 17:53:20.997  3696  3696 W System  : ClassLoader referenced unknown path: /system/app/UserDictionaryProvider/lib/arm64
12-13 17:53:21.002  3632  3632 V SystemUIService: Starting SystemUI services.
12-13 17:53:21.078  3679  3679 I art     : System.exit called, status: 0
12-13 17:53:21.078  3679  3679 I AndroidRuntime: VM exiting with result code 0, cleanup skipped.
12-13 17:53:21.081  2992  3326 I iptables: iptables: No chain/target/match by that name.
12-13 17:53:21.081  2992  3326 I iptables: iptables terminated by exit(1)
12-13 17:53:21.081  2992  3326 E Netd    : exec() res=0, status=256 for /system/bin/iptables -w -F st_penalty_log 
12-13 17:53:21.086  2992  3326 I ip6tables: ip6tables: No chain/target/match by that name.
12-13 17:53:21.086  2992  3326 I ip6tables: ip6tables terminated by exit(1)
12-13 17:53:21.086  2992  3326 E Netd    : exec() res=0, status=256 for /system/bin/ip6tables -w -F st_penalty_log 
12-13 17:53:21.091  2992  3326 I iptables: iptables: No chain/target/match by that name.
12-13 17:53:21.091  2992  3326 I iptables: iptables terminated by exit(1)
12-13 17:53:21.091  2992  3326 E Netd    : exec() res=0, status=256 for /system/bin/iptables -w -F st_penalty_reject 
12-13 17:53:21.096  2992  3326 I ip6tables: ip6tables: No chain/target/match by that name.
12-13 17:53:21.096  2992  3326 I ip6tables: ip6tables terminated by exit(1)
12-13 17:53:21.096  2992  3326 E Netd    : exec() res=0, status=256 for /system/bin/ip6tables -w -F st_penalty_reject 
12-13 17:53:21.101  2992  3326 I iptables: iptables: No chain/target/match by that name.
12-13 17:53:21.101  2992  3326 I iptables: iptables terminated by exit(1)
12-13 17:53:21.101  2992  3326 E Netd    : exec() res=0, status=256 for /system/bin/iptables -w -F st_clear_caught 
12-13 17:53:21.106  2992  3326 I ip6tables: ip6tables: No chain/target/match by that name.
12-13 17:53:21.106  2992  3326 I ip6tables: ip6tables terminated by exit(1)
12-13 17:53:21.106  2992  3326 E Netd    : exec() res=0, status=256 for /system/bin/ip6tables -w -F st_clear_caught 
12-13 17:53:21.110  2992  3326 I iptables: iptables: No chain/target/match by that name.
12-13 17:53:21.111  2992  3326 I iptables: iptables terminated by exit(1)
12-13 17:53:21.111  2992  3326 E Netd    : exec() res=0, status=256 for /system/bin/iptables -w -F st_clear_detect 
12-13 17:53:21.115  2992  3326 I ip6tables: ip6tables: No chain/target/match by that name.
12-13 17:53:21.115  2992  3326 I ip6tables: ip6tables terminated by exit(1)
12-13 17:53:21.115  2992  3326 E Netd    : exec() res=0, status=256 for /system/bin/ip6tables -w -F st_clear_detect 
12-13 17:53:21.119  2992  3326 I iptables: iptables: No chain/target/match by that name.
12-13 17:53:21.120  2992  3326 I iptables: iptables terminated by exit(1)
12-13 17:53:21.120  2992  3326 E Netd    : exec() res=0, status=256 for /system/bin/iptables -w -X st_penalty_log 
12-13 17:53:21.124  2992  3326 I ip6tables: ip6tables: No chain/target/match by that name.
12-13 17:53:21.124  2992  3326 I ip6tables: ip6tables terminated by exit(1)
12-13 17:53:21.125  2992  3326 E Netd    : exec() res=0, status=256 for /system/bin/ip6tables -w -X st_penalty_log 
12-13 17:53:21.129  2992  3326 I iptables: iptables: No chain/target/match by that name.
12-13 17:53:21.129  2992  3326 I iptables: iptables terminated by exit(1)
12-13 17:53:21.129  2992  3326 E Netd    : exec() res=0, status=256 for /system/bin/iptables -w -X st_penalty_reject 
12-13 17:53:21.133  2992  3326 I ip6tables: ip6tables: No chain/target/match by that name.
12-13 17:53:21.133  2992  3326 I ip6tables: ip6tables terminated by exit(1)
12-13 17:53:21.133  2992  3326 E Netd    : exec() res=0, status=256 for /system/bin/ip6tables -w -X st_penalty_reject 
12-13 17:53:21.138  2992  3326 I iptables: iptables: No chain/target/match by that name.
12-13 17:53:21.138  2992  3326 I iptables: iptables terminated by exit(1)
12-13 17:53:21.138  2992  3326 E Netd    : exec() res=0, status=256 for /system/bin/iptables -w -X st_clear_caught 
12-13 17:53:21.143  2992  3326 I ip6tables: ip6tables: No chain/target/match by that name.
12-13 17:53:21.143  2992  3326 I ip6tables: ip6tables terminated by exit(1)
12-13 17:53:21.143  2992  3326 E Netd    : exec() res=0, status=256 for /system/bin/ip6tables -w -X st_clear_caught 
12-13 17:53:21.147  2992  3326 I iptables: iptables: No chain/target/match by that name.
12-13 17:53:21.147  2992  3326 I iptables: iptables terminated by exit(1)
12-13 17:53:21.147  2992  3326 E Netd    : exec() res=0, status=256 for /system/bin/iptables -w -X st_clear_detect 
12-13 17:53:21.151  2992  3326 I ip6tables: ip6tables: No chain/target/match by that name.
12-13 17:53:21.151  2992  3326 I ip6tables: ip6tables terminated by exit(1)
12-13 17:53:21.152  2992  3326 E Netd    : exec() res=0, status=256 for /system/bin/ip6tables -w -X st_clear_detect 
12-13 17:53:21.176  3632  3781 E WVMExtractor: Failed to open libwvm.so: dlopen failed: library "libwvm.so" not found
12-13 17:53:21.205  3342  3625 W AppWidgetServiceImpl: Failed to read state: java.io.FileNotFoundException: /data/system/users/0/appwidgets.xml: open failed: ENOENT (No such file or directory)
12-13 17:53:21.205  3342  3625 V AppWidgetServiceImpl: Upgrading widget database from 0 to 1
12-13 17:53:21.252  2997  2997 I EXYNOS_COMP_REGS: Loading the library: libOMX.Exynos.AVC.Decoder.so
12-13 17:53:21.256  3632  3632 I vol.Events: writeEvent collection_started
12-13 17:53:21.268  2997  2997 I EXYNOS_COMP_REGS: Loading the library: libOMX.Exynos.AVC.Encoder.so
12-13 17:53:21.278  2997  2997 I EXYNOS_COMP_REGS: Loading the library: libOMX.Exynos.MPEG4.Decoder.so
12-13 17:53:21.283  3723  3817 D ThemesProvider: Deleted 0
12-13 17:53:21.286  3342  3342 I BrokerableCMSystemService: Connecting to implementation
