07-09 19:51:14.060  3319  3319 I DisplayResourceManagerModule: externalMPP type(4), index(0)
07-09 19:51:14.060  3319  3319 I hwcutils: Open /dev/s5p-smem
07-09 19:51:14.060  3319  3319 I DisplayResourceManagerModule: externalMPP type(4), index(0)
07-09 19:51:14.060  3319  3319 I hwcutils: Open /dev/s5p-smem
07-09 19:51:14.060  3319  3319 I DisplayResourceManagerModule: externalMPP type(4), index(0)
07-09 19:51:14.060  3319  3319 I hwcutils: Open /dev/s5p-smem
07-09 19:51:14.060  3319  3319 I DisplayResourceManagerModule: externalMPP type(4), index(0)
07-09 19:51:14.060  3319  3319 I hwcutils: Open /dev/s5p-smem
07-09 19:51:14.060  3319  3319 I DisplayResourceManagerModule: externalMPP type(4), index(0)
07-09 19:51:14.060  3319  3319 I hwcutils: Open /dev/s5p-smem
07-09 19:51:14.060  3319  3319 I hwcomposer: PSR info devname = /sys/devices/13960000.decon_f/psr_info
07-09 19:51:14.061  3319  3319 I hwcomposer: PSR mode   = 2 (0: video mode, 1: DP PSR mode, 2: MIPI-DSI command mode)
07-09 19:51:14.061  3319  3319 I hwcomposer: Panel type = 1 (0: Legacy, 1: DSC)
07-09 19:51:14.061  3319  3319 I SurfaceFlinger: Using composer version 1.5
07-09 19:51:14.061  3319  3319 E display : [PrimaryDisplay] unknown display attribute 6
07-09 19:51:14.061  3319  3319 I SurfaceFlinger: EGL information:
07-09 19:51:14.061  3319  3319 I SurfaceFlinger: vendor    : Android
07-09 19:51:14.061  3319  3319 I SurfaceFlinger: version   : 1.4 Android META-EGL
07-09 19:51:14.061  3319  3319 I SurfaceFlinger: extensions: EGL_KHR_get_all_proc_addresses EGL_ANDROID_presentation_time EGL_KHR_swap_buffers_with_damage EGL_KHR_image EGL_KHR_image_base EGL_KHR_gl_texture_2D_image EGL_KHR_gl_texture_cubemap_image EGL_KHR_gl_renderbuffer_image EGL_KHR_fence_sync EGL_KHR_create_context EGL_KHR_config_attribs EGL_KHR_surfaceless_context EGL_EXT_create_context_robustness EGL_ANDROID_image_native_buffer EGL_KHR_wait_sync EGL_ANDROID_recordable EGL_KHR_partial_update 
07-09 19:51:14.061  3319  3319 I SurfaceFlinger: Client API: OpenGL_ES
07-09 19:51:14.061  3319  3319 I SurfaceFlinger: EGLSurface: 8-8-8-8, config=0x7f8ff7b128
07-09 19:51:14.062  3319  3319 D         : ro.exynos.dss isEnabled: 0
07-09 19:51:14.065  3319  3319 I SurfaceFlinger: OpenGL ES informations:
07-09 19:51:14.065  3319  3319 I SurfaceFlinger: vendor    : ARM
07-09 19:51:14.065  3319  3319 I SurfaceFlinger: renderer  : Mali-T880
07-09 19:51:14.065  3319  3319 I SurfaceFlinger: version   : OpenGL ES 3.1 v1.r9p0-12dev0.c2bae768d87bf40047e1f310c8de7f16
07-09 19:51:14.065  3319  3319 I SurfaceFlinger: extensions: GL_EXT_debug_marker GL_ARM_rgba8 GL_ARM_mali_shader_binary GL_OES_depth24 GL_OES_depth_texture GL_OES_depth_texture_cube_map GL_OES_packed_depth_stencil GL_OES_rgb8_rgba8 GL_EXT_read_format_bgra GL_OES_compressed_paletted_texture GL_OES_compressed_ETC1_RGB8_texture GL_OES_standard_derivatives GL_OES_EGL_image GL_OES_EGL_image_external GL_OES_EGL_sync GL_OES_texture_npot GL_OES_vertex_half_float GL_OES_required_internalformat GL_OES_vertex_array_object GL_OES_mapbuffer GL_EXT_texture_format_BGRA8888 GL_EXT_texture_rg GL_EXT_texture_type_2_10_10_10_REV GL_OES_fbo_render_mipmap GL_OES_element_index_uint GL_EXT_shadow_samplers GL_OES_texture_compression_astc GL_KHR_texture_compression_astc_ldr GL_KHR_texture_compression_astc_hdr GL_KHR_debug GL_EXT_occlusion_query_boolean GL_EXT_disjoint_timer_query GL_EXT_blend_minmax GL_EXT_discard_framebuffer GL_OES_get_program_binary GL_OES_texture_3D GL_EXT_texture_storage GL_EXT_multisampled_render_to_texture GL_OES_surfaceless_context GL_OES_texture_stencil8 G
07-09 19:51:14.065  3319  3319 I SurfaceFlinger: GL_MAX_TEXTURE_SIZE = 8192
07-09 19:51:14.065  3319  3319 I SurfaceFlinger: GL_MAX_VIEWPORT_DIMS = 8192
07-09 19:51:14.066  3319  3319 D mali_winsys: new_window_surface returns 0x3000,  [1440x2560]-format:1
07-09 19:51:14.066  3319  3319 D gralloc : gralloc_device_open 64 bit name=gpu0
07-09 19:51:14.066  3319  3319 D gralloc : gralloc_device_open ionfd=17
07-09 19:51:14.066  3319  3319 D gralloc : gralloc_alloc fmt=0x1 usage=0x1a00 w=1440 h=2560
07-09 19:51:14.066  3319  3319 D gralloc : gralloc_alloc_rgb fmt=0x1 usage=0x1a00 w=1440 h=2560 ion_flags=0x0 heap_mask=0x1
07-09 19:51:14.066  3319  3319 D gralloc : gralloc_alloc fmt=0x1 usage=0x1a00 w=1440 h=2560
07-09 19:51:14.066  3319  3319 D gralloc : gralloc_alloc_rgb fmt=0x1 usage=0x1a00 w=1440 h=2560 ion_flags=0x0 heap_mask=0x1
07-09 19:51:14.066  3319  3319 D gralloc : gralloc_alloc fmt=0x1 usage=0x1a00 w=1440 h=2560
07-09 19:51:14.066  3319  3319 D gralloc : gralloc_alloc_rgb fmt=0x1 usage=0x1a00 w=1440 h=2560 ion_flags=0x0 heap_mask=0x1
07-09 19:51:14.066  3319  3319 D gralloc : gralloc_alloc fmt=0x1 usage=0x1a00 w=1440 h=2560
07-09 19:51:14.066  3319  3319 D gralloc : gralloc_alloc_rgb fmt=0x1 usage=0x1a00 w=1440 h=2560 ion_flags=0x0 heap_mask=0x1
07-09 19:51:14.066  3319  3319 D gralloc : gralloc_alloc fmt=0x1 usage=0x1a00 w=1440 h=2560
07-09 19:51:14.066  3319  3319 D gralloc : gralloc_alloc_rgb fmt=0x1 usage=0x1a00 w=1440 h=2560 ion_flags=0x0 heap_mask=0x1
07-09 19:51:14.068  3319  3319 D SurfaceFlinger: Set power mode=2, type=0 flinger=0x7f8ff43c00
07-09 19:51:14.068  3319  3319 I hwcomposer: int exynos_setPowerMode(hwc_composer_device_1*, int, int):: disp(0), mode(2)
07-09 19:51:14.069  3073  3073 W auditd  : type=1325 audit(0.0:82): table=filter family=10 entries=33
07-09 19:51:14.069  3073  3073 W auditd  : type=1320 audit(0.0:82): 
07-09 19:51:14.116  3320  3320 I mediaserver: ServiceManager: 0xf658e120
07-09 19:51:14.116  3320  3320 I AudioFlinger: Using default 3000 mSec as standby time.
07-09 19:51:14.123  3320  3320 E BatteryNotifier: batterystats service unavailable!
07-09 19:51:14.123  3320  3320 E BatteryNotifier: batterystats service unavailable!
07-09 19:51:14.123  3320  3320 I CameraService: CameraService started (pid=3320)
07-09 19:51:14.123  3320  3320 I CameraService: CameraService process starting
07-09 19:51:14.123  3320  3320 E BatteryNotifier: batterystats service unavailable!
07-09 19:51:14.123  3320  3320 E BatteryNotifier: batterystats service unavailable!
07-09 19:51:14.123  3320  3320 E CameraService: Could not load camera HAL module: -2 (No such file or directory)
07-09 19:51:14.124  3320  3320 I AudioPolicyService: AudioPolicyService CSTOR in new mode
07-09 19:51:14.124  3320  3320 I APM::ConfigParsingUtils: loadAudioPolicyConfig() loaded /system/etc/audio_policy.conf
07-09 19:51:14.203  3321  3321 D AndroidRuntime: >>>>>> START com.android.internal.os.ZygoteInit uid 0 <<<<<<
07-09 19:51:14.205  3321  3321 D AndroidRuntime: CheckJNI is ON
07-09 19:51:14.206  3321  3321 I art     : option[0]=-Xzygote
07-09 19:51:14.206  3321  3321 I art     : option[1]=-Xcheck:jni
07-09 19:51:14.206  3321  3321 I art     : option[2]=-Xstacktracefile:/data/anr/traces.txt
07-09 19:51:14.206  3321  3321 I art     : option[3]=exit
07-09 19:51:14.206  3321  3321 I art     : option[4]=vfprintf
07-09 19:51:14.206  3321  3321 I art     : option[5]=sensitiveThread
07-09 19:51:14.206  3321  3321 I art     : option[6]=-verbose:gc
07-09 19:51:14.206  3321  3321 I art     : option[7]=-Xms8m
07-09 19:51:14.206  3321  3321 I art     : option[8]=-Xmx512m
07-09 19:51:14.206  3321  3321 I art     : option[9]=-XX:HeapGrowthLimit=256m
07-09 19:51:14.206  3321  3321 I art     : option[10]=-XX:HeapMinFree=2m
07-09 19:51:14.206  3321  3321 I art     : option[11]=-XX:HeapMaxFree=8m
07-09 19:51:14.206  3321  3321 I art     : option[12]=-XX:HeapTargetUtilization=0.75
07-09 19:51:14.206  3321  3321 I art     : option[13]=-Xusejit:true
07-09 19:51:14.206  3321  3321 I art     : option[14]=-agentlib:jdwp=transport=dt_android_adb,suspend=n,server=y
07-09 19:51:14.206  3321  3321 I art     : option[15]=-Xlockprofthreshold:500
07-09 19:51:14.206  3321  3321 I art     : option[16]=-Ximage-compiler-option
07-09 19:51:14.206  3321  3321 I art     : option[17]=--runtime-arg
07-09 19:51:14.206  3321  3321 I art     : option[18]=-Ximage-compiler-option
07-09 19:51:14.206  3321  3321 I art     : option[19]=-Xms64m
07-09 19:51:14.206  3321  3321 I art     : option[20]=-Ximage-compiler-option
07-09 19:51:14.206  3321  3321 I art     : option[21]=--runtime-arg
07-09 19:51:14.206  3321  3321 I art     : option[22]=-Ximage-compiler-option
07-09 19:51:14.206  3321  3321 I art     : option[23]=-Xmx64m
07-09 19:51:14.206  3321  3321 I art     : option[24]=-Ximage-compiler-option
07-09 19:51:14.206  3321  3321 I art     : option[25]=--compiler-filter=verify-at-runtime
07-09 19:51:14.206  3321  3321 I art     : option[26]=-Ximage-compiler-option
07-09 19:51:14.206  3321  3321 I art     : option[27]=--image-classes=/system/etc/preloaded-classes
07-09 19:51:14.206  3321  3321 I art     : option[28]=-Xcompiler-option
07-09 19:51:14.206  3321  3321 I art     : option[29]=--runtime-arg
07-09 19:51:14.206  3321  3321 I art     : option[30]=-Xcompiler-option
07-09 19:51:14.206  3321  3321 I art     : option[31]=-Xms64m
07-09 19:51:14.206  3321  3321 I art     : option[32]=-Xcompiler-option
07-09 19:51:14.206  3321  3321 I art     : option[33]=--runtime-arg
07-09 19:51:14.206  3321  3321 I art     : option[34]=-Xcompiler-option
07-09 19:51:14.206  3321  3321 I art     : option[35]=-Xmx512m
07-09 19:51:14.206  3321  3321 I art     : option[36]=-Xcompiler-option
07-09 19:51:14.206  3321  3321 I art     : option[37]=--compiler-filter=verify-at-runtime
07-09 19:51:14.206  3321  3321 I art     : option[38]=-Ximage-compiler-option
07-09 19:51:14.206  3321  3321 I art     : option[39]=--instruction-set-variant=generic
07-09 19:51:14.206  3321  3321 I art     : option[40]=-Xcompiler-option
07-09 19:51:14.206  3321  3321 I art     : option[41]=--instruction-set-variant=generic
07-09 19:51:14.206  3321  3321 I art     : option[42]=-Ximage-compiler-option
07-09 19:51:14.206  3321  3321 I art     : option[43]=--instruction-set-features=default
07-09 19:51:14.206  3321  3321 I art     : option[44]=-Xcompiler-option
07-09 19:51:14.206  3321  3321 I art     : option[45]=--instruction-set-features=default
07-09 19:51:14.206  3321  3321 I art     : option[46]=-Duser.locale=en-US
07-09 19:51:14.206  3321  3321 I art     : option[47]=--cpu-abilist=arm64-v8a,armeabi
07-09 19:51:14.206  3321  3321 I art     : option[48]=-Xfingerprint:samsung/cm_hero2ltexx/hero2ltexx:6.0.1/MOB30M/37e0293e9b:eng/test-keys
07-09 19:51:14.239  3321  3321 D ICU     : No timezone override file found: /data/misc/zoneinfo/current/icu/icu_tzdata.dat
07-09 19:51:14.349  3319  3319 D SurfaceFlinger: SF. shader cache generated - 26 shaders in 193.460739 ms
07-09 19:51:14.350  3319  3319 E         : invalid gralloc handle (at 0x7f8ff56690)
07-09 19:51:14.350  3319  3319 E         : Runtime and build version of gralloc private structure does not match. Errors will likely follow.
07-09 19:51:14.352  3319  3319 E display : invalid gralloc handle (at 0x7f8ff56690)
07-09 19:51:14.352  3319  3319 F libc    : Fatal signal 11 (SIGSEGV), code 1, fault addr 0x28 in tid 3319 (surfaceflinger)
07-09 19:51:14.352  2951  2951 I DEBUG   : property debug.db.uid not set; NOT waiting for gdb.
07-09 19:51:14.353  2951  2951 I DEBUG   : HINT: adb shell setprop debug.db.uid 100000
07-09 19:51:14.353  2951  2951 I DEBUG   : HINT: adb forward tcp:5039 tcp:5039
07-09 19:51:14.397  3321  3321 I Radio-JNI: register_android_hardware_Radio DONE
07-09 19:51:14.403  2951  2951 F DEBUG   : *** *** *** *** *** *** *** *** *** *** *** *** *** *** *** ***
07-09 19:51:14.403  2951  2951 F DEBUG   : CM Version: '13.0-20160709-UNOFFICIAL-hero2ltexx'
07-09 19:51:14.403  2951  2951 F DEBUG   : Build fingerprint: 'samsung/cm_hero2ltexx/hero2ltexx:6.0.1/MOB30M/37e0293e9b:eng/test-keys'
07-09 19:51:14.403  2951  2951 F DEBUG   : Revision: '0'
07-09 19:51:14.403  2951  2951 F DEBUG   : ABI: 'arm64'
07-09 19:51:14.404  2951  2951 F DEBUG   : pid: 3319, tid: 3319, name: surfaceflinger  >>> /system/bin/surfaceflinger <<<
07-09 19:51:14.404  2951  2951 F DEBUG   : signal 11 (SIGSEGV), code 1 (SEGV_MAPERR), fault addr 0x28
07-09 19:51:14.409  2951  2951 F DEBUG   :     x0   0000000000000032  x1   a0e604367716d667  x2   a0e604367716d667  x3   a0e604367716d667
07-09 19:51:14.409  2951  2951 F DEBUG   :     x4   0000000000000032  x5   00000000000003e8  x6   0000000000000cf7  x7   0000000000000000
07-09 19:51:14.409  2951  2951 F DEBUG   :     x8   0000000000000042  x9   0000000000000032  x10  0000007fda6856cc  x11  0000007fda685708
07-09 19:51:14.409  2951  2951 F DEBUG   :     x12  0000007fda6855e0  x13  0000000000000029  x14  0000007fda6857c8  x15  0000000000000000
07-09 19:51:14.409  2951  2951 F DEBUG   :     x16  0000007f906d8a60  x17  0000007f9049d134  x18  0000007f906bef00  x19  0000007f8d0ff000
07-09 19:51:14.409  2951  2951 F DEBUG   :     x20  0000000000000000  x21  0000007f8ff5d820  x22  0000007f8d0fd000  x23  0000000000000000
07-09 19:51:14.409  2951  2951 F DEBUG   :     x24  0000007f8ff5d820  x25  0000007f8fa9e808  x26  0000000000000000  x27  0000007f8d392448
07-09 19:51:14.409  2951  2951 F DEBUG   :     x28  0000007f8fa9e800  x29  0000007fda685c80  x30  0000007f8d0fb6f8
07-09 19:51:14.409  2951  2951 F DEBUG   :     sp   0000007fda685c80  pc   0000007f8d0fb6fc  pstate 0000000060000000
07-09 19:51:14.413  2951  2951 F DEBUG   : 
07-09 19:51:14.413  2951  2951 F DEBUG   : backtrace:
07-09 19:51:14.413  2951  2951 F DEBUG   :     #00 pc 00000000000106fc  /system/lib64/libdisplay.so (_ZN13ExynosDisplay9postFrameEP22hwc_display_contents_1+332)
07-09 19:51:14.413  2951  2951 F DEBUG   :     #01 pc 0000000000007824  /system/lib64/libdisplay.so (_ZN13ExynosDisplay3setEP22hwc_display_contents_1+252)
07-09 19:51:14.413  2951  2951 F DEBUG   :     #02 pc 0000000000003084  /system/lib64/hw/hwcomposer.exynos5.so (_Z11exynos5_setP21hwc_composer_device_1mPP22hwc_display_contents_1+148)
07-09 19:51:14.413  2951  2951 F DEBUG   :     #03 pc 000000000003cff4  /system/lib64/libsurfaceflinger.so
07-09 19:51:14.413  2951  2951 F DEBUG   :     #04 pc 000000000002fd0c  /system/lib64/libsurfaceflinger.so
07-09 19:51:14.413  2951  2951 F DEBUG   :     #05 pc 000000000002f398  /system/lib64/libsurfaceflinger.so
07-09 19:51:14.413  2951  2951 F DEBUG   :     #06 pc 000000000002e238  /system/lib64/libsurfaceflinger.so
07-09 19:51:14.413  2951  2951 F DEBUG   :     #07 pc 000000000002dfa0  /system/lib64/libsurfaceflinger.so
07-09 19:51:14.413  2951  2951 F DEBUG   :     #08 pc 000000000001aed4  /system/lib64/libutils.so (_ZN7android6Looper9pollInnerEi+312)
07-09 19:51:14.413  2951  2951 F DEBUG   :     #09 pc 000000000001b20c  /system/lib64/libutils.so (_ZN7android6Looper8pollOnceEiPiS1_PPv+80)
07-09 19:51:14.413  2951  2951 F DEBUG   :     #10 pc 000000000002a3dc  /system/lib64/libsurfaceflinger.so
07-09 19:51:14.413  2951  2951 F DEBUG   :     #11 pc 000000000002da94  /system/lib64/libsurfaceflinger.so (_ZN7android14SurfaceFlinger3runEv+20)
07-09 19:51:14.413  2951  2951 F DEBUG   :     #12 pc 00000000000011ec  /system/bin/surfaceflinger
07-09 19:51:14.413  2951  2951 F DEBUG   :     #13 pc 000000000001bcd8  /system/lib64/libc.so (__libc_init+100)
07-09 19:51:14.413  2951  2951 F DEBUG   :     #14 pc 000000000000101c  /system/bin/surfaceflinger
07-09 19:51:14.434  2959  2959 I System  : Loaded time zone names for "" in 25ms (21ms in ICU)
07-09 19:51:14.442  3321  3321 I SamplingProfilerIntegration: Profiling disabled.
07-09 19:51:14.443  3321  3321 D Zygote  : begin preload
07-09 19:51:14.445  3321  3321 I Zygote  : Preloading classes...
07-09 19:51:14.475  2959  2959 I System  : Loaded time zone names for "en_US" in 41ms (13ms in ICU)
07-09 19:51:14.602  2951  2951 F DEBUG   : 
07-09 19:51:14.602  2951  2951 F DEBUG   : Tombstone written to: /data/tombstones/tombstone_01
07-09 19:51:14.683  2918  2918 I ServiceManager: service 'SurfaceFlinger' died
07-09 19:51:14.683  3367  3385 E SurfaceControl: invalid handle (0x0) or client (0x7faa51c640)
07-09 19:51:14.683  2918  2918 I ServiceManager: service 'Exynos.HWCService' died
07-09 19:51:14.692  3320  3320 E audio_route: Failed to open /system/etc/mixer_paths.xml
07-09 19:51:14.693  3367  3383 W SurfaceComposerClient: ComposerService remote (surfaceflinger) died [0x7faa523320]
07-09 19:51:14.693  3367  3383 D BootAnimation: SurfaceFlinger died, exiting...
07-09 19:51:14.698  3320  3320 I AudioFlinger: loadHwModule() Loaded primary audio interface from Samsung audio HW HAL (audio) handle 1
07-09 19:51:14.698  3320  3320 I AudioFlinger: openOutput(), module 1 Device 2, SamplingRate 44100, Format 0x000001, Channels 3, flags 2
07-09 19:51:14.698  3320  3320 I AudioFlinger: AudioStreamOut::open(), mHalFormatIsLinearPcm = 1
07-09 19:51:14.698  3320  3320 I AudioFlinger: HAL output buffer size 256 frames, normal sink buffer size 960 frames
07-09 19:51:14.700  3320  3320 I BufferProvider: found effect "Multichannel Downmix To Stereo" from The Android Open Source Project
07-09 19:51:14.700  3320  3320 E MonoPipe: Failed to fetch local time frequency when constructing a MonoPipe (res = -32).  getNextWriteTimestamp calls will be non-functional
07-09 19:51:14.700  3320  3320 I AudioFlinger: Using module 1 has the primary audio interface
07-09 19:51:14.700  3320  3449 I AudioFlinger: AudioFlinger's thread 0xf4a80000 ready to run
07-09 19:51:14.700  3320  3449 V audio_hw_primary: do_out_standby: output standby: 1
07-09 19:51:14.700  3320  3449 V audio_hw_primary: out_set_parameters: key value pairs: routing=2
07-09 19:51:14.701  3320  3449 E AudioFlinger: no wake lock to update!
07-09 19:51:14.701  3320  3320 V audio_hw_primary: adev_open_input_stream: Created resampler converting 48000 -> 16000
07-09 19:51:14.701  3320  3320 V audio_hw_primary: adev_open_input_stream: Requesting input stream with rate: 16000, channels: 0xc
07-09 19:51:14.702  3320  3450 I AudioFlinger: AudioFlinger's thread 0xf46c0000 ready to run
07-09 19:51:14.702  3320  3320 I r_submix: adev_open(name=audio_hw_if)
07-09 19:51:14.702  3320  3320 I r_submix: adev_init_check()
07-09 19:51:14.702  3320  3320 I AudioFlinger: loadHwModule() Loaded r_submix audio interface from Wifi Display audio HAL (audio) handle 4
07-09 19:51:14.702  3320  3320 D r_submix: adev_open_input_stream(addr=0)
07-09 19:51:14.702  3320  3320 D r_submix: submix_audio_device_create_pipe_l(addr=0, idx=9)
07-09 19:51:14.702  3320  3320 D r_submix:   now using address 0 for route 9
07-09 19:51:14.703  3320  3451 I AudioFlinger: AudioFlinger's thread 0xf4500000 ready to run
07-09 19:51:14.703  3320  3320 D r_submix: adev_close_input_stream()
07-09 19:51:14.703  3320  3320 D r_submix: submix_audio_device_release_pipe_l(idx=9) addr=0
07-09 19:51:14.703  3320  3320 D r_submix: submix_audio_device_destroy_pipe_l(): pipe destroyed
07-09 19:51:14.703  3320  3320 E SoundTriggerHwService: couldn't load sound trigger module sound_trigger.primary (No such file or directory)
07-09 19:51:14.704  3320  3320 I RadioService: RadioService
07-09 19:51:14.704  3320  3320 I RadioService: onFirstRef
07-09 19:51:14.704  3320  3320 E RadioService: couldn't load radio module radio.primary (No such file or directory)
07-09 19:51:14.708  2959  2959 I Zygote  : ...preloaded 3831 classes in 2544ms.
07-09 19:51:14.708  2959  2959 I art     : VMRuntime.preloadDexCaches starting
07-09 19:51:14.747  2959  2959 I art     : VMRuntime.preloadDexCaches strings total=248969 before=10083 after=10083
07-09 19:51:14.747  2959  2959 I art     : VMRuntime.preloadDexCaches types total=20332 before=8245 after=9836
07-09 19:51:14.747  2959  2959 I art     : VMRuntime.preloadDexCaches fields total=100378 before=35761 after=47726
07-09 19:51:14.747  2959  2959 I art     : VMRuntime.preloadDexCaches methods total=172817 before=67604 after=83308
07-09 19:51:14.747  2959  2959 I art     : VMRuntime.preloadDexCaches finished
07-09 19:51:14.755  2918  2918 I ServiceManager: service 'media.sound_trigger_hw' died
07-09 19:51:14.756  2918  2918 I ServiceManager: service 'media.radio' died
07-09 19:51:14.756  2918  2918 I ServiceManager: service 'media.audio_flinger' died
07-09 19:51:14.756  2918  2918 I ServiceManager: service 'media.player' died
07-09 19:51:14.756  2918  2918 I ServiceManager: service 'media.resource_manager' died
07-09 19:51:14.756  2918  2918 I ServiceManager: service 'media.camera' died
07-09 19:51:14.756  2918  2918 I ServiceManager: service 'media.audio_policy' died
07-09 19:51:14.762  3463  3463 D idmap   : error: no read access to /vendor/overlay: No such file or directory
07-09 19:51:14.786  2959  2959 I Zygote  : Preloading resources...
07-09 19:51:15.220  2959  2959 I Zygote  : ...preloaded 342 resources in 434ms.
07-09 19:51:15.230  2959  2959 I Zygote  : ...preloaded 41 resources in 10ms.
07-09 19:51:15.268  2959  2959 D libEGL  : loaded /vendor/lib/egl/libGLES_mali.so
07-09 19:51:15.277  2959  2959 I Zygote  : Preloading shared libraries...
07-09 19:51:15.286  2959  2959 D Zygote  : end preload
07-09 19:51:15.286  2959  2959 I art     : Starting a blocking GC Explicit
07-09 19:51:15.296  2959  2959 I art     : Explicit concurrent mark sweep GC freed 11346(457KB) AllocSpace objects, 0(0B) LOS objects, 36% free, 27MB/43MB, paused 72us total 9.761ms
07-09 19:51:15.306  2959  2959 I art     : Starting a blocking GC Explicit
07-09 19:51:15.314  2959  2959 I art     : Explicit concurrent mark sweep GC freed 2440(115KB) AllocSpace objects, 0(0B) LOS objects, 36% free, 27MB/43MB, paused 69us total 8.001ms
07-09 19:51:15.314  2959  2959 I Zygote  : Accepting command socket connections
07-09 19:51:18.769  3073  3073 W auditd  : type=1325 audit(0.0:158): table=filter family=2 entries=33
07-09 19:51:18.769  3073  3073 W auditd  : type=1320 audit(0.0:158): 
07-09 19:51:18.769  3073  3073 W auditd  : type=1325 audit(0.0:159): table=filter family=10 entries=33
07-09 19:51:18.769  3073  3073 W auditd  : type=1320 audit(0.0:159): 
07-09 19:51:18.770  3467  3467 I Netd    : Netd 1.0 starting
07-09 19:51:18.770  3467  3467 I QtiConnectivityAdapter: Failed to open libconnctrl, some features may not be present.
07-09 19:51:18.770  3467  3467 D TetherController: Setting IP forward enable = 0
07-09 19:51:18.777  3469  3469 I SurfaceFlinger: SurfaceFlinger is starting
07-09 19:51:18.777  3469  3469 I SurfaceFlinger: SurfaceFlinger's main thread ready to run. Initializing graphics H/W...
07-09 19:51:18.779  3073  3073 W auditd  : type=1325 audit(0.0:160): table=filter family=2 entries=32
07-09 19:51:18.779  3073  3073 W auditd  : type=1320 audit(0.0:160): 
07-09 19:51:18.789  3073  3073 W auditd  : type=1325 audit(0.0:161): table=filter family=10 entries=32
07-09 19:51:18.789  3073  3073 W auditd  : type=1320 audit(0.0:161): 
07-09 19:51:18.789  3073  3073 W auditd  : type=1325 audit(0.0:162): table=filter family=2 entries=32
07-09 19:51:18.789  3073  3073 W auditd  : type=1320 audit(0.0:162): 
07-09 19:51:18.791  3469  3469 D libEGL  : loaded /vendor/lib64/egl/libGLES_mali.so
07-09 19:51:18.799  3073  3073 W auditd  : type=1325 audit(0.0:163): table=filter family=10 entries=32
07-09 19:51:18.799  3073  3073 W auditd  : type=1320 audit(0.0:163): 
07-09 19:51:18.799  3073  3073 W auditd  : type=1325 audit(0.0:164): table=filter family=2 entries=30
07-09 19:51:18.799  3073  3073 W auditd  : type=1320 audit(0.0:164): 
07-09 19:51:18.809  3073  3073 W auditd  : type=1325 audit(0.0:165): table=filter family=10 entries=30
07-09 19:51:18.809  3073  3073 W auditd  : type=1320 audit(0.0:165): 
07-09 19:51:18.809  3073  3073 W auditd  : type=1325 audit(0.0:166): table=filter family=2 entries=32
07-09 19:51:18.809  3073  3073 W auditd  : type=1320 audit(0.0:166): 
07-09 19:51:18.809  3469  3469 D gralloc : gralloc_device_open 64 bit name=fb0
07-09 19:51:18.809  3469  3469 D gralloc : gralloc_device_open 64 bit name=gpu0
07-09 19:51:18.809  3469  3469 D gralloc : gralloc_device_open ionfd=17
07-09 19:51:18.818  3469  3469 I gralloc : using (id=)
07-09 19:51:18.818  3469  3469 I gralloc : xres         = 1440 px
07-09 19:51:18.818  3469  3469 I gralloc : yres         = 2560 px
07-09 19:51:18.818  3469  3469 I gralloc : width        = 68 mm (537.882324 dpi)
07-09 19:51:18.818  3469  3469 I gralloc : height       = 122 mm (532.983582 dpi)
07-09 19:51:18.818  3469  3469 I gralloc : refresh rate = 59.00 Hz
07-09 19:51:18.819  3073  3073 W auditd  : type=1325 audit(0.0:167): table=filter family=10 entries=32
07-09 19:51:18.819  3073  3073 W auditd  : type=1320 audit(0.0:167): 
07-09 19:51:18.826  3469  3469 D gralloc : gralloc_device_open 64 bit name=gpu0
07-09 19:51:18.826  3469  3469 D gralloc : gralloc_device_open ionfd=17
07-09 19:51:18.826  3469  3469 D hwcomposer: using
07-09 19:51:18.826  3469  3469 D hwcomposer: xres         = 1440 px
07-09 19:51:18.826  3469  3469 D hwcomposer: yres         = 2560 px
07-09 19:51:18.826  3469  3469 D hwcomposer: width        = 68 mm (537.882000 dpi)
07-09 19:51:18.826  3469  3469 D hwcomposer: height       = 122 mm (532.983000 dpi)
07-09 19:51:18.826  3469  3469 D hwcomposer: refresh rate = 59 Hz
07-09 19:51:18.826  3469  3469 I DisplayResourceManagerModule: internalMPP type(10), index(1)
07-09 19:51:18.826  3469  3469 I DisplayResourceManagerModule: internalMPP type(10), index(2)
07-09 19:51:18.826  3469  3469 I DisplayResourceManagerModule: internalMPP type(10), index(3)
07-09 19:51:18.826  3469  3469 I DisplayResourceManagerModule: internalMPP type(0), index(0)
07-09 19:51:18.826  3469  3469 I DisplayResourceManagerModule: internalMPP type(0), index(1)
07-09 19:51:18.826  3469  3469 I DisplayResourceManagerModule: internalMPP type(2), index(0)
07-09 19:51:18.826  3469  3469 I DisplayResourceManagerModule: internalMPP type(2), index(1)
07-09 19:51:18.826  3469  3469 I DisplayResourceManagerModule: externalMPP type(4), index(0)
07-09 19:51:18.826  3469  3469 I hwcutils: Open /dev/s5p-smem
07-09 19:51:18.827  3469  3469 I DisplayResourceManagerModule: externalMPP type(4), index(0)
07-09 19:51:18.827  3469  3469 I hwcutils: Open /dev/s5p-smem
07-09 19:51:18.827  3469  3469 I DisplayResourceManagerModule: externalMPP type(4), index(0)
07-09 19:51:18.827  3469  3469 I hwcutils: Open /dev/s5p-smem
07-09 19:51:18.827  3469  3469 I DisplayResourceManagerModule: externalMPP type(4), index(0)
07-09 19:51:18.827  3469  3469 I hwcutils: Open /dev/s5p-smem
07-09 19:51:18.827  3469  3469 I DisplayResourceManagerModule: externalMPP type(4), index(0)
07-09 19:51:18.827  3469  3469 I hwcutils: Open /dev/s5p-smem
07-09 19:51:18.827  3469  3469 I hwcomposer: PSR info devname = /sys/devices/13960000.decon_f/psr_info
07-09 19:51:18.827  3469  3469 I hwcomposer: PSR mode   = 2 (0: video mode, 1: DP PSR mode, 2: MIPI-DSI command mode)
07-09 19:51:18.827  3469  3469 I hwcomposer: Panel type = 1 (0: Legacy, 1: DSC)
07-09 19:51:18.827  3469  3469 I SurfaceFlinger: Using composer version 1.5
07-09 19:51:18.828  3469  3469 E display : [PrimaryDisplay] unknown display attribute 6
07-09 19:51:18.828  3469  3469 I SurfaceFlinger: EGL information:
07-09 19:51:18.828  3469  3469 I SurfaceFlinger: vendor    : Android
07-09 19:51:18.828  3469  3469 I SurfaceFlinger: version   : 1.4 Android META-EGL
07-09 19:51:18.828  3469  3469 I SurfaceFlinger: extensions: EGL_KHR_get_all_proc_addresses EGL_ANDROID_presentation_time EGL_KHR_swap_buffers_with_damage EGL_KHR_image EGL_KHR_image_base EGL_KHR_gl_texture_2D_image EGL_KHR_gl_texture_cubemap_image EGL_KHR_gl_renderbuffer_image EGL_KHR_fence_sync EGL_KHR_create_context EGL_KHR_config_attribs EGL_KHR_surfaceless_context EGL_EXT_create_context_robustness EGL_ANDROID_image_native_buffer EGL_KHR_wait_sync EGL_ANDROID_recordable EGL_KHR_partial_update 
07-09 19:51:18.828  3469  3469 I SurfaceFlinger: Client API: OpenGL_ES
07-09 19:51:18.828  3469  3469 I SurfaceFlinger: EGLSurface: 8-8-8-8, config=0x7fb1b7b128
07-09 19:51:18.828  3469  3469 D         : ro.exynos.dss isEnabled: 0
07-09 19:51:18.831  3469  3469 I SurfaceFlinger: OpenGL ES informations:
07-09 19:51:18.831  3469  3469 I SurfaceFlinger: vendor    : ARM
07-09 19:51:18.831  3469  3469 I SurfaceFlinger: renderer  : Mali-T880
07-09 19:51:18.831  3469  3469 I SurfaceFlinger: version   : OpenGL ES 3.1 v1.r9p0-12dev0.c2bae768d87bf40047e1f310c8de7f16
07-09 19:51:18.831  3469  3469 I SurfaceFlinger: extensions: GL_EXT_debug_marker GL_ARM_rgba8 GL_ARM_mali_shader_binary GL_OES_depth24 GL_OES_depth_texture GL_OES_depth_texture_cube_map GL_OES_packed_depth_stencil GL_OES_rgb8_rgba8 GL_EXT_read_format_bgra GL_OES_compressed_paletted_texture GL_OES_compressed_ETC1_RGB8_texture GL_OES_standard_derivatives GL_OES_EGL_image GL_OES_EGL_image_external GL_OES_EGL_sync GL_OES_texture_npot GL_OES_vertex_half_float GL_OES_required_internalformat GL_OES_vertex_array_object GL_OES_mapbuffer GL_EXT_texture_format_BGRA8888 GL_EXT_texture_rg GL_EXT_texture_type_2_10_10_10_REV GL_OES_fbo_render_mipmap GL_OES_element_index_uint GL_EXT_shadow_samplers GL_OES_texture_compression_astc GL_KHR_texture_compression_astc_ldr GL_KHR_texture_compression_astc_hdr GL_KHR_debug GL_EXT_occlusion_query_boolean GL_EXT_disjoint_timer_query GL_EXT_blend_minmax GL_EXT_discard_framebuffer GL_OES_get_program_binary GL_OES_texture_3D GL_EXT_texture_storage GL_EXT_multisampled_render_to_texture GL_OES_surfaceless_context GL_OES_texture_stencil8 G
07-09 19:51:18.831  3469  3469 I SurfaceFlinger: GL_MAX_TEXTURE_SIZE = 8192
07-09 19:51:18.831  3469  3469 I SurfaceFlinger: GL_MAX_VIEWPORT_DIMS = 8192
07-09 19:51:18.832  3469  3469 D mali_winsys: new_window_surface returns 0x3000,  [1440x2560]-format:1
07-09 19:51:18.832  3469  3469 D gralloc : gralloc_device_open 64 bit name=gpu0
07-09 19:51:18.832  3469  3469 D gralloc : gralloc_device_open ionfd=17
07-09 19:51:18.832  3469  3469 D gralloc : gralloc_alloc fmt=0x1 usage=0x1a00 w=1440 h=2560
07-09 19:51:18.832  3469  3469 D gralloc : gralloc_alloc_rgb fmt=0x1 usage=0x1a00 w=1440 h=2560 ion_flags=0x0 heap_mask=0x1
07-09 19:51:18.833  3469  3469 D gralloc : gralloc_alloc fmt=0x1 usage=0x1a00 w=1440 h=2560
07-09 19:51:18.833  3469  3469 D gralloc : gralloc_alloc_rgb fmt=0x1 usage=0x1a00 w=1440 h=2560 ion_flags=0x0 heap_mask=0x1
07-09 19:51:18.833  3469  3469 D gralloc : gralloc_alloc fmt=0x1 usage=0x1a00 w=1440 h=2560
07-09 19:51:18.833  3469  3469 D gralloc : gralloc_alloc_rgb fmt=0x1 usage=0x1a00 w=1440 h=2560 ion_flags=0x0 heap_mask=0x1
07-09 19:51:18.833  3469  3469 D gralloc : gralloc_alloc fmt=0x1 usage=0x1a00 w=1440 h=2560
07-09 19:51:18.833  3469  3469 D gralloc : gralloc_alloc_rgb fmt=0x1 usage=0x1a00 w=1440 h=2560 ion_flags=0x0 heap_mask=0x1
07-09 19:51:18.833  3469  3469 D gralloc : gralloc_alloc fmt=0x1 usage=0x1a00 w=1440 h=2560
07-09 19:51:18.833  3469  3469 D gralloc : gralloc_alloc_rgb fmt=0x1 usage=0x1a00 w=1440 h=2560 ion_flags=0x0 heap_mask=0x1
07-09 19:51:18.834  3469  3469 D SurfaceFlinger: Set power mode=2, type=0 flinger=0x7fb1b43c00
07-09 19:51:18.834  3469  3469 I hwcomposer: int exynos_setPowerMode(hwc_composer_device_1*, int, int):: disp(0), mode(2)
07-09 19:51:18.889  3470  3470 I mediaserver: ServiceManager: 0xf62ce120
07-09 19:51:18.889  3470  3470 I AudioFlinger: Using default 3000 mSec as standby time.
07-09 19:51:18.889  3470  3470 E BatteryNotifier: batterystats service unavailable!
07-09 19:51:18.889  3470  3470 E BatteryNotifier: batterystats service unavailable!
07-09 19:51:18.889  3470  3470 I CameraService: CameraService started (pid=3470)
07-09 19:51:18.889  3470  3470 I CameraService: CameraService process starting
07-09 19:51:18.889  3470  3470 E BatteryNotifier: batterystats service unavailable!
07-09 19:51:18.889  3470  3470 E BatteryNotifier: batterystats service unavailable!
07-09 19:51:18.889  3470  3470 E CameraService: Could not load camera HAL module: -2 (No such file or directory)
07-09 19:51:18.890  3470  3470 I AudioPolicyService: AudioPolicyService CSTOR in new mode
07-09 19:51:18.890  3470  3470 I APM::ConfigParsingUtils: loadAudioPolicyConfig() loaded /system/etc/audio_policy.conf
07-09 19:51:18.967  3471  3471 D AndroidRuntime: >>>>>> START com.android.internal.os.ZygoteInit uid 0 <<<<<<
07-09 19:51:18.970  3471  3471 D AndroidRuntime: CheckJNI is ON
07-09 19:51:18.970  3471  3471 I art     : option[0]=-Xzygote
07-09 19:51:18.970  3471  3471 I art     : option[1]=-Xcheck:jni
07-09 19:51:18.970  3471  3471 I art     : option[2]=-Xstacktracefile:/data/anr/traces.txt
07-09 19:51:18.970  3471  3471 I art     : option[3]=exit
07-09 19:51:18.970  3471  3471 I art     : option[4]=vfprintf
07-09 19:51:18.970  3471  3471 I art     : option[5]=sensitiveThread
07-09 19:51:18.970  3471  3471 I art     : option[6]=-verbose:gc
07-09 19:51:18.970  3471  3471 I art     : option[7]=-Xms8m
07-09 19:51:18.970  3471  3471 I art     : option[8]=-Xmx512m
07-09 19:51:18.970  3471  3471 I art     : option[9]=-XX:HeapGrowthLimit=256m
07-09 19:51:18.970  3471  3471 I art     : option[10]=-XX:HeapMinFree=2m
07-09 19:51:18.970  3471  3471 I art     : option[11]=-XX:HeapMaxFree=8m
07-09 19:51:18.970  3471  3471 I art     : option[12]=-XX:HeapTargetUtilization=0.75
07-09 19:51:18.970  3471  3471 I art     : option[13]=-Xusejit:true
07-09 19:51:18.970  3471  3471 I art     : option[14]=-agentlib:jdwp=transport=dt_android_adb,suspend=n,server=y
07-09 19:51:18.970  3471  3471 I art     : option[15]=-Xlockprofthreshold:500
07-09 19:51:18.970  3471  3471 I art     : option[16]=-Ximage-compiler-option
07-09 19:51:18.970  3471  3471 I art     : option[17]=--runtime-arg
07-09 19:51:18.970  3471  3471 I art     : option[18]=-Ximage-compiler-option
07-09 19:51:18.970  3471  3471 I art     : option[19]=-Xms64m
07-09 19:51:18.970  3471  3471 I art     : option[20]=-Ximage-compiler-option
07-09 19:51:18.970  3471  3471 I art     : option[21]=--runtime-arg
07-09 19:51:18.970  3471  3471 I art     : option[22]=-Ximage-compiler-option
07-09 19:51:18.970  3471  3471 I art     : option[23]=-Xmx64m
07-09 19:51:18.970  3471  3471 I art     : option[24]=-Ximage-compiler-option
07-09 19:51:18.970  3471  3471 I art     : option[25]=--compiler-filter=verify-at-runtime
07-09 19:51:18.970  3471  3471 I art     : option[26]=-Ximage-compiler-option
07-09 19:51:18.970  3471  3471 I art     : option[27]=--image-classes=/system/etc/preloaded-classes
07-09 19:51:18.970  3471  3471 I art     : option[28]=-Xcompiler-option
07-09 19:51:18.970  3471  3471 I art     : option[29]=--runtime-arg
07-09 19:51:18.970  3471  3471 I art     : option[30]=-Xcompiler-option
07-09 19:51:18.970  3471  3471 I art     : option[31]=-Xms64m
07-09 19:51:18.970  3471  3471 I art     : option[32]=-Xcompiler-option
07-09 19:51:18.970  3471  3471 I art     : option[33]=--runtime-arg
07-09 19:51:18.970  3471  3471 I art     : option[34]=-Xcompiler-option
07-09 19:51:18.970  3471  3471 I art     : option[35]=-Xmx512m
07-09 19:51:18.970  3471  3471 I art     : option[36]=-Xcompiler-option
07-09 19:51:18.970  3471  3471 I art     : option[37]=--compiler-filter=verify-at-runtime
07-09 19:51:18.970  3471  3471 I art     : option[38]=-Ximage-compiler-option
07-09 19:51:18.970  3471  3471 I art     : option[39]=--instruction-set-variant=generic
07-09 19:51:18.970  3471  3471 I art     : option[40]=-Xcompiler-option
07-09 19:51:18.970  3471  3471 I art     : option[41]=--instruction-set-variant=generic
07-09 19:51:18.970  3471  3471 I art     : option[42]=-Ximage-compiler-option
07-09 19:51:18.970  3471  3471 I art     : option[43]=--instruction-set-features=default
07-09 19:51:18.970  3471  3471 I art     : option[44]=-Xcompiler-option
07-09 19:51:18.970  3471  3471 I art     : option[45]=--instruction-set-features=default
07-09 19:51:18.970  3471  3471 I art     : option[46]=-Duser.locale=en-US
07-09 19:51:18.970  3471  3471 I art     : option[47]=--cpu-abilist=arm64-v8a,armeabi
07-09 19:51:18.970  3471  3471 I art     : option[48]=-Xfingerprint:samsung/cm_hero2ltexx/hero2ltexx:6.0.1/MOB30M/37e0293e9b:eng/test-keys
07-09 19:51:18.995  3471  3471 D ICU     : No timezone override file found: /data/misc/zoneinfo/current/icu/icu_tzdata.dat
07-09 19:51:19.104  3469  3469 D SurfaceFlinger: SF. shader cache generated - 26 shaders in 196.257156 ms
07-09 19:51:19.104  3469  3469 E         : invalid gralloc handle (at 0x7fb1b56690)
07-09 19:51:19.104  3469  3469 E         : Runtime and build version of gralloc private structure does not match. Errors will likely follow.
07-09 19:51:19.107  3469  3469 E display : invalid gralloc handle (at 0x7fb1b56690)
07-09 19:51:19.107  3469  3469 F libc    : Fatal signal 11 (SIGSEGV), code 1, fault addr 0x28 in tid 3469 (surfaceflinger)
07-09 19:51:19.107  2951  2951 I DEBUG   : property debug.db.uid not set; NOT waiting for gdb.
07-09 19:51:19.107  2951  2951 I DEBUG   : HINT: adb shell setprop debug.db.uid 100000
07-09 19:51:19.107  2951  2951 I DEBUG   : HINT: adb forward tcp:5039 tcp:5039
07-09 19:51:19.124  3471  3471 I Radio-JNI: register_android_hardware_Radio DONE
07-09 19:51:19.158  2951  2951 F DEBUG   : *** *** *** *** *** *** *** *** *** *** *** *** *** *** *** ***
07-09 19:51:19.158  2951  2951 F DEBUG   : CM Version: '13.0-20160709-UNOFFICIAL-hero2ltexx'
07-09 19:51:19.158  2951  2951 F DEBUG   : Build fingerprint: 'samsung/cm_hero2ltexx/hero2ltexx:6.0.1/MOB30M/37e0293e9b:eng/test-keys'
07-09 19:51:19.158  2951  2951 F DEBUG   : Revision: '0'
07-09 19:51:19.158  2951  2951 F DEBUG   : ABI: 'arm64'
07-09 19:51:19.158  2951  2951 F DEBUG   : pid: 3469, tid: 3469, name: surfaceflinger  >>> /system/bin/surfaceflinger <<<
07-09 19:51:19.158  2951  2951 F DEBUG   : signal 11 (SIGSEGV), code 1 (SEGV_MAPERR), fault addr 0x28
07-09 19:51:19.164  2951  2951 F DEBUG   :     x0   0000000000000032  x1   d73b6241be3ce408  x2   d73b6241be3ce408  x3   d73b6241be3ce408
07-09 19:51:19.164  2951  2951 F DEBUG   :     x4   0000000000000032  x5   00000000000003e8  x6   0000000000000d8d  x7   0000000000000000
07-09 19:51:19.164  2951  2951 F DEBUG   :     x8   0000000000000042  x9   0000000000000032  x10  0000007fe189686c  x11  0000007fe18968a8
07-09 19:51:19.164  2951  2951 F DEBUG   :     x12  0000007fe1896780  x13  0000000000000029  x14  0000007fe1896968  x15  0000000000000000
07-09 19:51:19.164  2951  2951 F DEBUG   :     x16  0000007fb22cea60  x17  0000007fb2093134  x18  0000007fb22b4f00  x19  0000007faeceb000
07-09 19:51:19.164  2951  2951 F DEBUG   :     x20  0000000000000000  x21  0000007fb1b5d820  x22  0000007faece9000  x23  0000000000000000
07-09 19:51:19.164  2951  2951 F DEBUG   :     x24  0000007fb1b5d820  x25  0000007fb169e808  x26  0000000000000000  x27  0000007faef92448
07-09 19:51:19.164  2951  2951 F DEBUG   :     x28  0000007fb169e800  x29  0000007fe1896e20  x30  0000007faece76f8
07-09 19:51:19.164  2951  2951 F DEBUG   :     sp   0000007fe1896e20  pc   0000007faece76fc  pstate 0000000060000000
07-09 19:51:19.167  3471  3471 I SamplingProfilerIntegration: Profiling disabled.
07-09 19:51:19.168  2951  2951 F DEBUG   : 
07-09 19:51:19.168  2951  2951 F DEBUG   : backtrace:
07-09 19:51:19.168  3471  3471 D Zygote  : begin preload
07-09 19:51:19.168  2951  2951 F DEBUG   :     #00 pc 00000000000106fc  /system/lib64/libdisplay.so (_ZN13ExynosDisplay9postFrameEP22hwc_display_contents_1+332)
07-09 19:51:19.168  2951  2951 F DEBUG   :     #01 pc 0000000000007824  /system/lib64/libdisplay.so (_ZN13ExynosDisplay3setEP22hwc_display_contents_1+252)
07-09 19:51:19.168  2951  2951 F DEBUG   :     #02 pc 0000000000003084  /system/lib64/hw/hwcomposer.exynos5.so (_Z11exynos5_setP21hwc_composer_device_1mPP22hwc_display_contents_1+148)
07-09 19:51:19.168  2951  2951 F DEBUG   :     #03 pc 000000000003cff4  /system/lib64/libsurfaceflinger.so
07-09 19:51:19.168  2951  2951 F DEBUG   :     #04 pc 000000000002fd0c  /system/lib64/libsurfaceflinger.so
07-09 19:51:19.168  2951  2951 F DEBUG   :     #05 pc 000000000002f398  /system/lib64/libsurfaceflinger.so
07-09 19:51:19.168  2951  2951 F DEBUG   :     #06 pc 000000000002e238  /system/lib64/libsurfaceflinger.so
07-09 19:51:19.168  2951  2951 F DEBUG   :     #07 pc 000000000002dfa0  /system/lib64/libsurfaceflinger.so
07-09 19:51:19.168  2951  2951 F DEBUG   :     #08 pc 000000000001aed4  /system/lib64/libutils.so (_ZN7android6Looper9pollInnerEi+312)
07-09 19:51:19.168  2951  2951 F DEBUG   :     #09 pc 000000000001b20c  /system/lib64/libutils.so (_ZN7android6Looper8pollOnceEiPiS1_PPv+80)
07-09 19:51:19.168  2951  2951 F DEBUG   :     #10 pc 000000000002a3dc  /system/lib64/libsurfaceflinger.so
07-09 19:51:19.168  2951  2951 F DEBUG   :     #11 pc 000000000002da94  /system/lib64/libsurfaceflinger.so (_ZN7android14SurfaceFlinger3runEv+20)
07-09 19:51:19.168  2951  2951 F DEBUG   :     #12 pc 00000000000011ec  /system/bin/surfaceflinger
07-09 19:51:19.168  2951  2951 F DEBUG   :     #13 pc 000000000001bcd8  /system/lib64/libc.so (__libc_init+100)
07-09 19:51:19.168  2951  2951 F DEBUG   :     #14 pc 000000000000101c  /system/bin/surfaceflinger
07-09 19:51:19.170  3471  3471 I Zygote  : Preloading classes...
07-09 19:51:19.358  2951  2951 F DEBUG   : 
07-09 19:51:19.358  2951  2951 F DEBUG   : Tombstone written to: /data/tombstones/tombstone_02
07-09 19:51:19.413  2918  2918 I ServiceManager: service 'SurfaceFlinger' died
07-09 19:51:19.413  2918  2918 I ServiceManager: service 'Exynos.HWCService' died
07-09 19:51:19.413  3519  3550 E SurfaceControl: invalid handle (0x0) or client (0x7f830dc640)
07-09 19:51:19.413  3519  3519 W SurfaceComposerClient: ComposerService remote (surfaceflinger) died [0x7f830e3320]
07-09 19:51:19.414  3519  3519 D BootAnimation: SurfaceFlinger died, exiting...
07-09 19:51:19.420  3470  3470 E audio_route: Failed to open /system/etc/mixer_paths.xml
07-09 19:51:19.424  2918  2918 I ServiceManager: service 'media.audio_flinger' died
07-09 19:51:19.424  2918  2918 I ServiceManager: service 'media.player' died
07-09 19:51:19.424  2918  2918 I ServiceManager: service 'media.resource_manager' died
07-09 19:51:19.424  2918  2918 I ServiceManager: service 'media.camera' died
07-09 19:51:24.440  3675  3675 I Netd    : Netd 1.0 starting
07-09 19:51:24.440  3675  3675 I QtiConnectivityAdapter: Failed to open libconnctrl, some features may not be present.
07-09 19:51:24.440  3675  3675 D TetherController: Setting IP forward enable = 0
07-09 19:51:24.446  3677  3677 I SurfaceFlinger: SurfaceFlinger is starting
07-09 19:51:24.447  3677  3677 I SurfaceFlinger: SurfaceFlinger's main thread ready to run. Initializing graphics H/W...
07-09 19:51:24.439  3073  3073 W auditd  : type=1325 audit(0.0:300): table=filter family=2 entries=34
07-09 19:51:24.439  3073  3073 W auditd  : type=1320 audit(0.0:300): 
07-09 19:51:24.449  3073  3073 W auditd  : type=1325 audit(0.0:301): table=filter family=10 entries=34
07-09 19:51:24.449  3073  3073 W auditd  : type=1320 audit(0.0:301): 
07-09 19:51:24.461  3677  3677 D libEGL  : loaded /vendor/lib64/egl/libGLES_mali.so
07-09 19:51:24.449  3073  3073 W auditd  : type=1325 audit(0.0:302): table=filter family=2 entries=33
07-09 19:51:24.449  3073  3073 W auditd  : type=1320 audit(0.0:302): 
07-09 19:51:24.459  3073  3073 W auditd  : type=1325 audit(0.0:303): table=filter family=10 entries=33
07-09 19:51:24.459  3073  3073 W auditd  : type=1320 audit(0.0:303): 
07-09 19:51:24.459  3073  3073 W auditd  : type=1325 audit(0.0:304): table=filter family=2 entries=33
07-09 19:51:24.459  3073  3073 W auditd  : type=1320 audit(0.0:304): 
07-09 19:51:24.469  3073  3073 W auditd  : type=1325 audit(0.0:305): table=filter family=10 entries=33
07-09 19:51:24.469  3073  3073 W auditd  : type=1320 audit(0.0:305): 
07-09 19:51:24.469  3073  3073 W auditd  : type=1325 audit(0.0:306): table=filter family=2 entries=31
07-09 19:51:24.469  3073  3073 W auditd  : type=1320 audit(0.0:306): 
07-09 19:51:24.480  3677  3677 D gralloc : gralloc_device_open 64 bit name=fb0
07-09 19:51:24.480  3677  3677 D gralloc : gralloc_device_open 64 bit name=gpu0
07-09 19:51:24.480  3677  3677 D gralloc : gralloc_device_open ionfd=17
07-09 19:51:24.479  3073  3073 W auditd  : type=1325 audit(0.0:307): table=filter family=10 entries=31
07-09 19:51:24.479  3073  3073 W auditd  : type=1320 audit(0.0:307): 
07-09 19:51:24.479  3073  3073 W auditd  : type=1325 audit(0.0:308): table=filter family=2 entries=33
07-09 19:51:24.479  3073  3073 W auditd  : type=1320 audit(0.0:308): 
07-09 19:51:24.489  3073  3073 W auditd  : type=1325 audit(0.0:309): table=filter family=10 entries=33
07-09 19:51:24.489  3073  3073 W auditd  : type=1320 audit(0.0:309): 
07-09 19:51:24.498  3677  3677 I gralloc : using (id=)
07-09 19:51:24.498  3677  3677 I gralloc : xres         = 1440 px
07-09 19:51:24.498  3677  3677 I gralloc : yres         = 2560 px
07-09 19:51:24.498  3677  3677 I gralloc : width        = 68 mm (537.882324 dpi)
07-09 19:51:24.498  3677  3677 I gralloc : height       = 122 mm (532.983582 dpi)
07-09 19:51:24.498  3677  3677 I gralloc : refresh rate = 59.00 Hz
07-09 19:51:24.506  3677  3677 D gralloc : gralloc_device_open 64 bit name=gpu0
07-09 19:51:24.506  3677  3677 D gralloc : gralloc_device_open ionfd=17
07-09 19:51:24.506  3677  3677 D hwcomposer: using
07-09 19:51:24.506  3677  3677 D hwcomposer: xres         = 1440 px
07-09 19:51:24.506  3677  3677 D hwcomposer: yres         = 2560 px
07-09 19:51:24.506  3677  3677 D hwcomposer: width        = 68 mm (537.882000 dpi)
07-09 19:51:24.506  3677  3677 D hwcomposer: height       = 122 mm (532.983000 dpi)
07-09 19:51:24.506  3677  3677 D hwcomposer: refresh rate = 59 Hz
07-09 19:51:24.506  3677  3677 I DisplayResourceManagerModule: internalMPP type(10), index(1)
07-09 19:51:24.506  3677  3677 I DisplayResourceManagerModule: internalMPP type(10), index(2)
07-09 19:51:24.506  3677  3677 I DisplayResourceManagerModule: internalMPP type(10), index(3)
07-09 19:51:24.506  3677  3677 I DisplayResourceManagerModule: internalMPP type(0), index(0)
07-09 19:51:24.506  3677  3677 I DisplayResourceManagerModule: internalMPP type(0), index(1)
07-09 19:51:24.506  3677  3677 I DisplayResourceManagerModule: internalMPP type(2), index(0)
07-09 19:51:24.506  3677  3677 I DisplayResourceManagerModule: internalMPP type(2), index(1)
07-09 19:51:24.506  3677  3677 I DisplayResourceManagerModule: externalMPP type(4), index(0)
07-09 19:51:24.507  3677  3677 I hwcutils: Open /dev/s5p-smem
07-09 19:51:24.507  3677  3677 I DisplayResourceManagerModule: externalMPP type(4), index(0)
07-09 19:51:24.507  3677  3677 I hwcutils: Open /dev/s5p-smem
07-09 19:51:24.507  3677  3677 I DisplayResourceManagerModule: externalMPP type(4), index(0)
07-09 19:51:24.507  3677  3677 I hwcutils: Open /dev/s5p-smem
07-09 19:51:24.507  3677  3677 I DisplayResourceManagerModule: externalMPP type(4), index(0)
07-09 19:51:24.507  3677  3677 I hwcutils: Open /dev/s5p-smem
07-09 19:51:24.507  3677  3677 I DisplayResourceManagerModule: externalMPP type(4), index(0)
07-09 19:51:24.507  3677  3677 I hwcutils: Open /dev/s5p-smem
07-09 19:51:24.507  3677  3677 I hwcomposer: PSR info devname = /sys/devices/13960000.decon_f/psr_info
07-09 19:51:24.507  3677  3677 I hwcomposer: PSR mode   = 2 (0: video mode, 1: DP PSR mode, 2: MIPI-DSI command mode)
07-09 19:51:24.507  3677  3677 I hwcomposer: Panel type = 1 (0: Legacy, 1: DSC)
07-09 19:51:24.508  3677  3677 I SurfaceFlinger: Using composer version 1.5
07-09 19:51:24.508  3677  3677 E display : [PrimaryDisplay] unknown display attribute 6
07-09 19:51:24.508  3677  3677 I SurfaceFlinger: EGL information:
07-09 19:51:24.508  3677  3677 I SurfaceFlinger: vendor    : Android
07-09 19:51:24.508  3677  3677 I SurfaceFlinger: version   : 1.4 Android META-EGL
07-09 19:51:24.508  3677  3677 I SurfaceFlinger: extensions: EGL_KHR_get_all_proc_addresses EGL_ANDROID_presentation_time EGL_KHR_swap_buffers_with_damage EGL_KHR_image EGL_KHR_image_base EGL_KHR_gl_texture_2D_image EGL_KHR_gl_texture_cubemap_image EGL_KHR_gl_renderbuffer_image EGL_KHR_fence_sync EGL_KHR_create_context EGL_KHR_config_attribs EGL_KHR_surfaceless_context EGL_EXT_create_context_robustness EGL_ANDROID_image_native_buffer EGL_KHR_wait_sync EGL_ANDROID_recordable EGL_KHR_partial_update 
07-09 19:51:24.508  3677  3677 I SurfaceFlinger: Client API: OpenGL_ES
07-09 19:51:24.508  3677  3677 I SurfaceFlinger: EGLSurface: 8-8-8-8, config=0x7f8697b128
07-09 19:51:24.509  3677  3677 D         : ro.exynos.dss isEnabled: 0
07-09 19:51:24.512  3677  3677 I SurfaceFlinger: OpenGL ES informations:
07-09 19:51:24.512  3677  3677 I SurfaceFlinger: vendor    : ARM
07-09 19:51:24.512  3677  3677 I SurfaceFlinger: renderer  : Mali-T880
07-09 19:51:24.512  3677  3677 I SurfaceFlinger: version   : OpenGL ES 3.1 v1.r9p0-12dev0.c2bae768d87bf40047e1f310c8de7f16
07-09 19:51:24.512  3677  3677 I SurfaceFlinger: extensions: GL_EXT_debug_marker GL_ARM_rgba8 GL_ARM_mali_shader_binary GL_OES_depth24 GL_OES_depth_texture GL_OES_depth_texture_cube_map GL_OES_packed_depth_stencil GL_OES_rgb8_rgba8 GL_EXT_read_format_bgra GL_OES_compressed_paletted_texture GL_OES_compressed_ETC1_RGB8_texture GL_OES_standard_derivatives GL_OES_EGL_image GL_OES_EGL_image_external GL_OES_EGL_sync GL_OES_texture_npot GL_OES_vertex_half_float GL_OES_required_internalformat GL_OES_vertex_array_object GL_OES_mapbuffer GL_EXT_texture_format_BGRA8888 GL_EXT_texture_rg GL_EXT_texture_type_2_10_10_10_REV GL_OES_fbo_render_mipmap GL_OES_element_index_uint GL_EXT_shadow_samplers GL_OES_texture_compression_astc GL_KHR_texture_compression_astc_ldr GL_KHR_texture_compression_astc_hdr GL_KHR_debug GL_EXT_occlusion_query_boolean GL_EXT_disjoint_timer_query GL_EXT_blend_minmax GL_EXT_discard_framebuffer GL_OES_get_program_binary GL_OES_texture_3D GL_EXT_texture_storage GL_EXT_multisampled_render_to_texture GL_OES_surfaceless_context GL_OES_texture_stencil8 G
07-09 19:51:24.512  3677  3677 I SurfaceFlinger: GL_MAX_TEXTURE_SIZE = 8192
07-09 19:51:24.512  3677  3677 I SurfaceFlinger: GL_MAX_VIEWPORT_DIMS = 8192
07-09 19:51:24.513  3677  3677 D mali_winsys: new_window_surface returns 0x3000,  [1440x2560]-format:1
07-09 19:51:24.513  3677  3677 D gralloc : gralloc_device_open 64 bit name=gpu0
