12-04 19:32:29.346  6569  8111 E ExynosCameraMemoryAllocator: ERR(alloc):dequeue_buffer failed
12-04 19:32:29.346  6569  8111 E ExynosCameraMemoryAllocator: ERR(alloc):dequeue_buffer failed
12-04 19:32:29.346  6569  8111 E ExynosCameraMemoryAllocator: @@@@ERR(alloc):*bufHandle == NULL failed
12-04 19:32:29.346  7008  7510 E OpenGLRenderer: Display event receiver pipe was closed or an error occurred.  events=0x9
12-04 19:32:29.346  6569  8111 E ExynosCameraMemoryAllocator: ERR(dequeueBuffer):alloc failed
12-04 19:32:29.346  6569  8111 E ExynosCameraBufferManager: [CAM_ID(0)][PREVIEW_BUF]-ERR(m_bufferCollectorThreadFunc[2357]):dequeueBuffer failed, dequeue(6), collected(4)
12-04 19:32:29.346  6569  8111 E ExynosCameraMemoryAllocator: ERR(alloc):dequeue_buffer failed
12-04 19:32:29.346  6569  8111 E ExynosCameraMemoryAllocator: ERR(alloc):dequeue_buffer failed
12-04 19:32:29.346  6569  8111 E ExynosCameraMemoryAllocator: ERR(alloc):dequeue_buffer failed
12-04 19:32:29.346  6569  8111 E ExynosCameraMemoryAllocator: ERR(alloc):dequeue_buffer failed
12-04 19:32:29.346  6569  8111 E ExynosCameraMemoryAllocator: ERR(alloc):dequeue_buffer failed
12-04 19:32:29.346  6569  8111 E ExynosCameraMemoryAllocator: @@@@ERR(alloc):*bufHandle == NULL failed
12-04 19:32:29.346  6569  8111 E ExynosCameraMemoryAllocator: ERR(dequeueBuffer):alloc failed
12-04 19:32:29.346  6569  8111 E ExynosCameraBufferManager: [CAM_ID(0)][PREVIEW_BUF]-ERR(m_bufferCollectorThreadFunc[2357]):dequeueBuffer failed, dequeue(6), collected(4)
12-04 19:32:29.346  6569  8111 E ExynosCameraMemoryAllocator: ERR(alloc):dequeue_buffer failed
12-04 19:32:29.346  6569  8111 E ExynosCameraMemoryAllocator: ERR(alloc):dequeue_buffer failed
12-04 19:32:29.346  6569  8111 E ExynosCameraMemoryAllocator: ERR(alloc):dequeue_buffer failed
12-04 19:32:29.346  6569  8111 E ExynosCameraMemoryAllocator: ERR(alloc):dequeue_buffer failed
12-04 19:32:29.346  6569  8111 E ExynosCameraMemoryAllocator: ERR(alloc):dequeue_buffer failed
12-04 19:32:29.346  6569  8111 E ExynosCameraMemoryAllocator: @@@@ERR(alloc):*bufHandle == NULL failed
12-04 19:32:29.346  6569  8111 E ExynosCameraMemoryAllocator: ERR(dequeueBuffer):alloc failed
12-04 19:32:29.346  6569  8111 E ExynosCameraBufferManager: [CAM_ID(0)][PREVIEW_BUF]-ERR(m_bufferCollectorThreadFunc[2357]):dequeueBuffer failed, dequeue(6), collected(4)
12-04 19:32:29.346  6569  8111 E ExynosCameraMemoryAllocator: ERR(alloc):dequeue_buffer failed
12-04 19:32:29.346  6569  8111 E ExynosCameraMemoryAllocator: ERR(alloc):dequeue_buffer failed
12-04 19:32:29.346  6569  8111 E ExynosCameraMemoryAllocator: ERR(alloc):dequeue_buffer failed
12-04 19:32:29.346  6569  8111 E ExynosCameraMemoryAllocator: ERR(alloc):dequeue_buffer failed
12-04 19:32:29.346  6569  8111 E ExynosCameraMemoryAllocator: ERR(alloc):dequeue_buffer failed
12-04 19:32:29.346  6569  8111 E ExynosCameraMemoryAllocator: @@@@ERR(alloc):*bufHandle == NULL failed
12-04 19:32:29.346  6569  8111 E ExynosCameraMemoryAllocator: ERR(dequeueBuffer):alloc failed
12-04 19:32:29.346  6569  8111 E ExynosCameraBufferManager: [CAM_ID(0)][PREVIEW_BUF]-ERR(m_bufferCollectorThreadFunc[2357]):dequeueBuffer failed, dequeue(6), collected(4)
12-04 19:32:29.346  6569  8111 E ExynosCameraMemoryAllocator: ERR(alloc):dequeue_buffer failed
12-04 19:32:29.346  6569  8111 E ExynosCameraMemoryAllocator: ERR(alloc):dequeue_buffer failed
12-04 19:32:29.346  6569  8111 E ExynosCameraMemoryAllocator: ERR(alloc):dequeue_buffer failed
12-04 19:32:29.346  6569  8111 E ExynosCameraMemoryAllocator: ERR(alloc):dequeue_buffer failed
12-04 19:32:29.346  6569  8111 E ExynosCameraMemoryAllocator: ERR(alloc):dequeue_buffer failed
12-04 19:32:29.346  6569  8111 E ExynosCameraMemoryAllocator: @@@@ERR(alloc):*bufHandle == NULL failed
12-04 19:32:29.346  6569  8111 E ExynosCameraMemoryAllocator: ERR(dequeueBuffer):alloc failed
12-04 19:32:29.346  6569  8111 E ExynosCameraBufferManager: [CAM_ID(0)][PREVIEW_BUF]-ERR(m_bufferCollectorThreadFunc[2357]):dequeueBuffer failed, dequeue(6), collected(4)
12-04 19:32:29.346  6569  8111 E ExynosCameraMemoryAllocator: ERR(alloc):dequeue_buffer failed
12-04 19:32:29.346  6569  8111 E ExynosCameraMemoryAllocator: ERR(alloc):dequeue_buffer failed
12-04 19:32:29.346  6569  8111 E ExynosCameraMemoryAllocator: ERR(alloc):dequeue_buffer failed
12-04 19:32:29.346  6569  8111 E ExynosCameraMemoryAllocator: ERR(alloc):dequeue_buffer failed
12-04 19:32:29.346  6569  8111 E ExynosCameraMemoryAllocator: ERR(alloc):dequeue_buffer failed
12-04 19:32:29.346  6569  8111 E ExynosCameraMemoryAllocator: @@@@ERR(alloc):*bufHandle == NULL failed
12-04 19:32:29.346  6569  8111 E ExynosCameraMemoryAllocator: ERR(dequeueBuffer):alloc failed
12-04 19:32:29.346  6569  8111 E ExynosCameraBufferManager: [CAM_ID(0)][PREVIEW_BUF]-ERR(m_bufferCollectorThreadFunc[2357]):dequeueBuffer failed, dequeue(6), collected(4)
12-04 19:32:29.346  6569  8111 E ExynosCameraMemoryAllocator: ERR(alloc):dequeue_buffer failed
12-04 19:32:29.346  6569  8111 E ExynosCameraMemoryAllocator: ERR(alloc):dequeue_buffer failed
12-04 19:32:29.346  6569  8111 E ExynosCameraMemoryAllocator: ERR(alloc):dequeue_buffer failed
12-04 19:32:29.346  6569  8111 E ExynosCameraMemoryAllocator: ERR(alloc):dequeue_buffer failed
12-04 19:32:29.346  6569  8111 E ExynosCameraMemoryAllocator: ERR(alloc):dequeue_buffer failed
12-04 19:32:29.346  6569  8111 E ExynosCameraMemoryAllocator: @@@@ERR(alloc):*bufHandle == NULL failed
12-04 19:32:29.346  6569  8111 E ExynosCameraMemoryAllocator: ERR(dequeueBuffer):alloc failed
12-04 19:32:29.346  6569  8111 E ExynosCameraBufferManager: [CAM_ID(0)][PREVIEW_BUF]-ERR(m_bufferCollectorThreadFunc[2357]):dequeueBuffer failed, dequeue(6), collected(4)
12-04 19:32:29.346  6569  8111 E ExynosCameraMemoryAllocator: ERR(alloc):dequeue_buffer failed
12-04 19:32:29.346  6569  8111 E ExynosCameraMemoryAllocator: ERR(alloc):dequeue_buffer failed
12-04 19:32:29.346  6569  8111 E ExynosCameraMemoryAllocator: ERR(alloc):dequeue_buffer failed
12-04 19:32:29.346  6569  8111 E ExynosCameraMemoryAllocator: ERR(alloc):dequeue_buffer failed
12-04 19:32:29.346  6569  8111 E ExynosCameraMemoryAllocator: ERR(alloc):dequeue_buffer failed
12-04 19:32:29.346  6569  8111 E ExynosCameraMemoryAllocator: @@@@ERR(alloc):*bufHandle == NULL failed
12-04 19:32:29.347  6569  8111 E ExynosCameraMemoryAllocator: ERR(dequeueBuffer):alloc failed
12-04 19:32:29.347  6569  8111 E ExynosCameraBufferManager: [CAM_ID(0)][PREVIEW_BUF]-ERR(m_bufferCollectorThreadFunc[2357]):dequeueBuffer failed, dequeue(6), collected(4)
12-04 19:32:29.347  6569  8111 E ExynosCameraMemoryAllocator: ERR(alloc):dequeue_buffer failed
12-04 19:32:29.347  6569  8111 E ExynosCameraMemoryAllocator: ERR(alloc):dequeue_buffer failed
12-04 19:32:29.347  6569  8111 E ExynosCameraMemoryAllocator: ERR(alloc):dequeue_buffer failed
12-04 19:32:29.347  6569  8111 E ExynosCameraMemoryAllocator: ERR(alloc):dequeue_buffer failed
12-04 19:32:29.347  6569  8111 E ExynosCameraMemoryAllocator: ERR(alloc):dequeue_buffer failed
12-04 19:32:29.347  6569  8111 E ExynosCameraMemoryAllocator: @@@@ERR(alloc):*bufHandle == NULL failed
12-04 19:32:29.347  6569  8111 E ExynosCameraMemoryAllocator: ERR(dequeueBuffer):alloc failed
12-04 19:32:29.347  6569  8111 E ExynosCameraBufferManager: [CAM_ID(0)][PREVIEW_BUF]-ERR(m_bufferCollectorThreadFunc[2357]):dequeueBuffer failed, dequeue(6), collected(4)
12-04 19:32:29.347  6569  8111 E ExynosCameraMemoryAllocator: ERR(alloc):dequeue_buffer failed
12-04 19:32:29.347  6569  8111 E ExynosCameraMemoryAllocator: ERR(alloc):dequeue_buffer failed
12-04 19:32:29.347  6569  8111 E ExynosCameraMemoryAllocator: ERR(alloc):dequeue_buffer failed
12-04 19:32:29.347  6569  8111 E ExynosCameraMemoryAllocator: ERR(alloc):dequeue_buffer failed
12-04 19:32:29.347  6569  8111 E ExynosCameraMemoryAllocator: ERR(alloc):dequeue_buffer failed
12-04 19:32:29.347  6569  8111 E ExynosCameraMemoryAllocator: @@@@ERR(alloc):*bufHandle == NULL failed
12-04 19:32:29.347  6569  8111 E ExynosCameraMemoryAllocator: ERR(dequeueBuffer):alloc failed
12-04 19:32:29.347  6569  8111 E ExynosCameraBufferManager: [CAM_ID(0)][PREVIEW_BUF]-ERR(m_bufferCollectorThreadFunc[2357]):dequeueBuffer failed, dequeue(6), collected(4)
12-04 19:32:29.347  6569  8111 E ExynosCameraMemoryAllocator: ERR(alloc):dequeue_buffer failed
12-04 19:32:29.347  6569  8111 E ExynosCameraMemoryAllocator: ERR(alloc):dequeue_buffer failed
12-04 19:32:29.347  6569  8111 E ExynosCameraMemoryAllocator: ERR(alloc):dequeue_buffer failed
12-04 19:32:29.347  6569  8111 E ExynosCameraMemoryAllocator: ERR(alloc):dequeue_buffer failed
12-04 19:32:29.347  6569  8111 E ExynosCameraMemoryAllocator: ERR(alloc):dequeue_buffer failed
12-04 19:32:29.347  6569  8111 E ExynosCameraMemoryAllocator: @@@@ERR(alloc):*bufHandle == NULL failed
12-04 19:32:29.347  6569  8111 E ExynosCameraMemoryAllocator: ERR(dequeueBuffer):alloc failed
12-04 19:32:29.347  6569  8111 E ExynosCameraBufferManager: [CAM_ID(0)][PREVIEW_BUF]-ERR(m_bufferCollectorThreadFunc[2357]):dequeueBuffer failed, dequeue(6), collected(4)
12-04 19:32:29.347  6569  8111 E ExynosCameraMemoryAllocator: ERR(alloc):dequeue_buffer failed
12-04 19:32:29.347  6569  8111 E ExynosCameraMemoryAllocator: ERR(alloc):dequeue_buffer failed
12-04 19:32:29.347  6569  8111 E ExynosCameraMemoryAllocator: ERR(alloc):dequeue_buffer failed
12-04 19:32:29.347  6569  8111 E ExynosCameraMemoryAllocator: ERR(alloc):dequeue_buffer failed
12-04 19:32:29.347  6569  8111 E ExynosCameraMemoryAllocator: ERR(alloc):dequeue_buffer failed
12-04 19:32:29.347  6569  8111 E ExynosCameraMemoryAllocator: @@@@ERR(alloc):*bufHandle == NULL failed
12-04 19:32:29.347  6569  8111 E ExynosCameraMemoryAllocator: ERR(dequeueBuffer):alloc failed
12-04 19:32:29.347  6569  8111 E ExynosCameraBufferManager: [CAM_ID(0)][PREVIEW_BUF]-ERR(m_bufferCollectorThreadFunc[2357]):dequeueBuffer failed, dequeue(6), collected(4)
12-04 19:32:29.347  6569  8111 E ExynosCameraMemoryAllocator: ERR(alloc):dequeue_buffer failed
12-04 19:32:29.347  6569  8111 E ExynosCameraMemoryAllocator: ERR(alloc):dequeue_buffer failed
12-04 19:32:29.347  6569  8111 E ExynosCameraMemoryAllocator: ERR(alloc):dequeue_buffer failed
12-04 19:32:29.347  6569  8111 E ExynosCameraMemoryAllocator: ERR(alloc):dequeue_buffer failed
12-04 19:32:29.347  6569  8111 E ExynosCameraMemoryAllocator: ERR(alloc):dequeue_buffer failed
12-04 19:32:29.347  6569  8111 E ExynosCameraMemoryAllocator: @@@@ERR(alloc):*bufHandle == NULL failed
12-04 19:32:29.347  6569  8111 E ExynosCameraMemoryAllocator: ERR(dequeueBuffer):alloc failed
12-04 19:32:29.347  6569  8111 E ExynosCameraBufferManager: [CAM_ID(0)][PREVIEW_BUF]-ERR(m_bufferCollectorThreadFunc[2357]):dequeueBuffer failed, dequeue(6), collected(4)
12-04 19:32:29.347  6569  8111 E ExynosCameraMemoryAllocator: ERR(alloc):dequeue_buffer failed
12-04 19:32:29.347  6569  8111 E ExynosCameraMemoryAllocator: ERR(alloc):dequeue_buffer failed
12-04 19:32:29.347  6569  8111 E ExynosCameraMemoryAllocator: ERR(alloc):dequeue_buffer failed
12-04 19:32:29.347  6569  8111 E ExynosCameraMemoryAllocator: ERR(alloc):dequeue_buffer failed
12-04 19:32:29.347  6569  8111 E ExynosCameraMemoryAllocator: ERR(alloc):dequeue_buffer failed
12-04 19:32:29.347  6569  8111 E ExynosCameraMemoryAllocator: @@@@ERR(alloc):*bufHandle == NULL failed
12-04 19:32:29.347  6569  8111 E ExynosCameraMemoryAllocator: ERR(dequeueBuffer):alloc failed
12-04 19:32:29.347  6569  8111 E ExynosCameraBufferManager: [CAM_ID(0)][PREVIEW_BUF]-ERR(m_bufferCollectorThreadFunc[2357]):dequeueBuffer failed, dequeue(6), collected(4)
12-04 19:32:29.347  6569  8111 E ExynosCameraMemoryAllocator: ERR(alloc):dequeue_buffer failed
12-04 19:32:29.347  6569  8111 E ExynosCameraMemoryAllocator: ERR(alloc):dequeue_buffer failed
12-04 19:32:29.347  6569  8111 E ExynosCameraMemoryAllocator: ERR(alloc):dequeue_buffer failed
12-04 19:32:29.347  6569  8111 E ExynosCameraMemoryAllocator: ERR(alloc):dequeue_buffer failed
12-04 19:32:29.347  6569  8111 E ExynosCameraMemoryAllocator: ERR(alloc):dequeue_buffer failed
12-04 19:32:29.347  6569  8111 E ExynosCameraMemoryAllocator: @@@@ERR(alloc):*bufHandle == NULL failed
12-04 19:32:29.347  6569  8111 E ExynosCameraMemoryAllocator: ERR(dequeueBuffer):alloc failed
12-04 19:32:29.347  6569  8111 E ExynosCameraBufferManager: [CAM_ID(0)][PREVIEW_BUF]-ERR(m_bufferCollectorThreadFunc[2357]):dequeueBuffer failed, dequeue(6), collected(4)
12-04 19:32:29.347  6569  8111 E ExynosCameraMemoryAllocator: ERR(alloc):dequeue_buffer failed
12-04 19:32:29.347  6569  8111 E ExynosCameraMemoryAllocator: ERR(alloc):dequeue_buffer failed
12-04 19:32:29.347  6569  8111 E ExynosCameraMemoryAllocator: ERR(alloc):dequeue_buffer failed
12-04 19:32:29.347  6569  8111 E ExynosCameraMemoryAllocator: ERR(alloc):dequeue_buffer failed
12-04 19:32:29.347  6569  8111 E ExynosCameraMemoryAllocator: ERR(alloc):dequeue_buffer failed
12-04 19:32:29.347  6569  8111 E ExynosCameraMemoryAllocator: @@@@ERR(alloc):*bufHandle == NULL failed
12-04 19:32:29.347  6569  8111 E ExynosCameraMemoryAllocator: ERR(dequeueBuffer):alloc failed
12-04 19:32:29.347  6569  8111 E ExynosCameraBufferManager: [CAM_ID(0)][PREVIEW_BUF]-ERR(m_bufferCollectorThreadFunc[2357]):dequeueBuffer failed, dequeue(6), collected(4)
12-04 19:32:29.347  6569  8111 E ExynosCameraMemoryAllocator: ERR(alloc):dequeue_buffer failed
12-04 19:32:29.347  6569  8111 E ExynosCameraMemoryAllocator: ERR(alloc):dequeue_buffer failed
12-04 19:32:29.347  6569  8111 E ExynosCameraMemoryAllocator: ERR(alloc):dequeue_buffer failed
12-04 19:32:29.348  6569  8111 E ExynosCameraMemoryAllocator: ERR(alloc):dequeue_buffer failed
12-04 19:32:29.348  6569  8111 E ExynosCameraMemoryAllocator: ERR(alloc):dequeue_buffer failed
12-04 19:32:29.348  6569  8111 E ExynosCameraMemoryAllocator: @@@@ERR(alloc):*bufHandle == NULL failed
12-04 19:32:29.348  6569  8111 E ExynosCameraMemoryAllocator: ERR(dequeueBuffer):alloc failed
12-04 19:32:29.348  6569  8111 E ExynosCameraBufferManager: [CAM_ID(0)][PREVIEW_BUF]-ERR(m_bufferCollectorThreadFunc[2357]):dequeueBuffer failed, dequeue(6), collected(4)
12-04 19:32:29.348  6569  8111 E ExynosCameraMemoryAllocator: ERR(alloc):dequeue_buffer failed
12-04 19:32:29.348  6569  8111 E ExynosCameraMemoryAllocator: ERR(alloc):dequeue_buffer failed
12-04 19:32:29.348  7392  7585 E OpenGLRenderer: Display event receiver pipe was closed or an error occurred.  events=0x9
12-04 19:32:29.348  6569  8111 E ExynosCameraMemoryAllocator: ERR(alloc):dequeue_buffer failed
12-04 19:32:29.348  6569  8111 E ExynosCameraMemoryAllocator: ERR(alloc):dequeue_buffer failed
12-04 19:32:29.348  6569  8111 E ExynosCameraMemoryAllocator: ERR(alloc):dequeue_buffer failed
12-04 19:32:29.348  6569  8111 E ExynosCameraMemoryAllocator: @@@@ERR(alloc):*bufHandle == NULL failed
12-04 19:32:29.348  6569  8111 E ExynosCameraMemoryAllocator: ERR(dequeueBuffer):alloc failed
12-04 19:32:29.348  6569  8111 E ExynosCameraBufferManager: [CAM_ID(0)][PREVIEW_BUF]-ERR(m_bufferCollectorThreadFunc[2357]):dequeueBuffer failed, dequeue(6), collected(4)
12-04 19:32:29.348  6569  8111 E ExynosCameraMemoryAllocator: ERR(alloc):dequeue_buffer failed
12-04 19:32:29.348  6569  8111 E ExynosCameraMemoryAllocator: ERR(alloc):dequeue_buffer failed
12-04 19:32:29.348  6569  8111 E ExynosCameraMemoryAllocator: ERR(alloc):dequeue_buffer failed
12-04 19:32:29.348  6569  8111 E ExynosCameraMemoryAllocator: ERR(alloc):dequeue_buffer failed
12-04 19:32:29.348  6569  8111 E ExynosCameraMemoryAllocator: ERR(alloc):dequeue_buffer failed
12-04 19:32:29.348  6569  8111 E ExynosCameraMemoryAllocator: @@@@ERR(alloc):*bufHandle == NULL failed
12-04 19:32:29.348  6569  8111 E ExynosCameraMemoryAllocator: ERR(dequeueBuffer):alloc failed
12-04 19:32:29.348  6569  8111 E ExynosCameraBufferManager: [CAM_ID(0)][PREVIEW_BUF]-ERR(m_bufferCollectorThreadFunc[2357]):dequeueBuffer failed, dequeue(6), collected(4)
12-04 19:32:29.348  6569  8111 E ExynosCameraMemoryAllocator: ERR(alloc):dequeue_buffer failed
12-04 19:32:29.348  6569  8111 E ExynosCameraMemoryAllocator: ERR(alloc):dequeue_buffer failed
12-04 19:32:29.348  6569  8111 E ExynosCameraMemoryAllocator: ERR(alloc):dequeue_buffer failed
12-04 19:32:29.348  6569  8111 E ExynosCameraMemoryAllocator: ERR(alloc):dequeue_buffer failed
12-04 19:32:29.348  6569  8111 E ExynosCameraMemoryAllocator: ERR(alloc):dequeue_buffer failed
12-04 19:32:29.348  6569  8111 E ExynosCameraMemoryAllocator: @@@@ERR(alloc):*bufHandle == NULL failed
12-04 19:32:29.348  6569  8111 E ExynosCameraMemoryAllocator: ERR(dequeueBuffer):alloc failed
12-04 19:32:29.348  6569  8111 E ExynosCameraBufferManager: [CAM_ID(0)][PREVIEW_BUF]-ERR(m_bufferCollectorThreadFunc[2357]):dequeueBuffer failed, dequeue(6), collected(4)
12-04 19:32:29.348  6569  8111 E ExynosCameraMemoryAllocator: ERR(alloc):dequeue_buffer failed
12-04 19:32:29.348  6569  8111 E ExynosCameraMemoryAllocator: ERR(alloc):dequeue_buffer failed
12-04 19:32:29.348  6569  8111 E ExynosCameraMemoryAllocator: ERR(alloc):dequeue_buffer failed
12-04 19:32:29.348  6569  8111 E ExynosCameraMemoryAllocator: ERR(alloc):dequeue_buffer failed
12-04 19:32:29.348  6569  8111 E ExynosCameraMemoryAllocator: ERR(alloc):dequeue_buffer failed
12-04 19:32:29.348  6569  8111 E ExynosCameraMemoryAllocator: @@@@ERR(alloc):*bufHandle == NULL failed
12-04 19:32:29.348  6569  8111 E ExynosCameraMemoryAllocator: ERR(dequeueBuffer):alloc failed
12-04 19:32:29.348  6569  8111 E ExynosCameraBufferManager: [CAM_ID(0)][PREVIEW_BUF]-ERR(m_bufferCollectorThreadFunc[2357]):dequeueBuffer failed, dequeue(6), collected(4)
12-04 19:32:29.348  6569  8111 E ExynosCameraMemoryAllocator: ERR(alloc):dequeue_buffer failed
12-04 19:32:29.348  6569  8111 E ExynosCameraMemoryAllocator: ERR(alloc):dequeue_buffer failed
12-04 19:32:29.348  6569  8111 E ExynosCameraMemoryAllocator: ERR(alloc):dequeue_buffer failed
12-04 19:32:29.348  6569  8111 E ExynosCameraMemoryAllocator: ERR(alloc):dequeue_buffer failed
12-04 19:32:29.348  6569  8111 E ExynosCameraMemoryAllocator: ERR(alloc):dequeue_buffer failed
12-04 19:32:29.348  6569  8111 E ExynosCameraMemoryAllocator: @@@@ERR(alloc):*bufHandle == NULL failed
12-04 19:32:29.348  6569  8111 E ExynosCameraMemoryAllocator: ERR(dequeueBuffer):alloc failed
12-04 19:32:29.348  6569  8111 E ExynosCameraBufferManager: [CAM_ID(0)][PREVIEW_BUF]-ERR(m_bufferCollectorThreadFunc[2357]):dequeueBuffer failed, dequeue(6), collected(4)
12-04 19:32:29.348  6569  8111 E ExynosCameraMemoryAllocator: ERR(alloc):dequeue_buffer failed
12-04 19:32:29.348  6569  8111 E ExynosCameraMemoryAllocator: ERR(alloc):dequeue_buffer failed
12-04 19:32:29.348  6569  8111 E ExynosCameraMemoryAllocator: ERR(alloc):dequeue_buffer failed
12-04 19:32:29.348  6569  8111 E ExynosCameraMemoryAllocator: ERR(alloc):dequeue_buffer failed
12-04 19:32:29.348  6569  8111 E ExynosCameraMemoryAllocator: ERR(alloc):dequeue_buffer failed
12-04 19:32:29.348  6569  8111 E ExynosCameraMemoryAllocator: @@@@ERR(alloc):*bufHandle == NULL failed
12-04 19:32:29.348  6569  8111 E ExynosCameraMemoryAllocator: ERR(dequeueBuffer):alloc failed
12-04 19:32:29.348  6569  8111 E ExynosCameraBufferManager: [CAM_ID(0)][PREVIEW_BUF]-ERR(m_bufferCollectorThreadFunc[2357]):dequeueBuffer failed, dequeue(6), collected(4)
12-04 19:32:29.348  6569  8111 E ExynosCameraMemoryAllocator: ERR(alloc):dequeue_buffer failed
12-04 19:32:29.348  6569  8111 E ExynosCameraMemoryAllocator: ERR(alloc):dequeue_buffer failed
12-04 19:32:29.348  6569  8111 E ExynosCameraMemoryAllocator: ERR(alloc):dequeue_buffer failed
12-04 19:32:29.349  6569  8111 E ExynosCameraMemoryAllocator: ERR(alloc):dequeue_buffer failed
12-04 19:32:29.349  6569  8111 E ExynosCameraMemoryAllocator: ERR(alloc):dequeue_buffer failed
12-04 19:32:29.349  6569  8111 E ExynosCameraMemoryAllocator: @@@@ERR(alloc):*bufHandle == NULL failed
12-04 19:32:29.349  6569  8111 E ExynosCameraMemoryAllocator: ERR(dequeueBuffer):alloc failed
12-04 19:32:29.349  6569  8111 E ExynosCameraBufferManager: [CAM_ID(0)][PREVIEW_BUF]-ERR(m_bufferCollectorThreadFunc[2357]):dequeueBuffer failed, dequeue(6), collected(4)
12-04 19:32:29.349  6569  8111 E ExynosCameraMemoryAllocator: ERR(alloc):dequeue_buffer failed
12-04 19:32:29.349  6569  8111 E ExynosCameraMemoryAllocator: ERR(alloc):dequeue_buffer failed
12-04 19:32:29.349  6569  8111 E ExynosCameraMemoryAllocator: ERR(alloc):dequeue_buffer failed
12-04 19:32:29.349  6569  8111 E ExynosCameraMemoryAllocator: ERR(alloc):dequeue_buffer failed
12-04 19:32:29.349  6569  8111 E ExynosCameraMemoryAllocator: ERR(alloc):dequeue_buffer failed
12-04 19:32:29.349  6569  8111 E ExynosCameraMemoryAllocator: @@@@ERR(alloc):*bufHandle == NULL failed
12-04 19:32:29.349  6569  8111 E ExynosCameraMemoryAllocator: ERR(dequeueBuffer):alloc failed
12-04 19:32:29.349  6569  8111 E ExynosCameraBufferManager: [CAM_ID(0)][PREVIEW_BUF]-ERR(m_bufferCollectorThreadFunc[2357]):dequeueBuffer failed, dequeue(6), collected(4)
12-04 19:32:29.349  6569  8111 E ExynosCameraMemoryAllocator: ERR(alloc):dequeue_buffer failed
12-04 19:32:29.349  6569  8111 E ExynosCameraMemoryAllocator: ERR(alloc):dequeue_buffer failed
12-04 19:32:29.349  6569  8111 E ExynosCameraMemoryAllocator: ERR(alloc):dequeue_buffer failed
12-04 19:32:29.349  6569  8111 E ExynosCameraMemoryAllocator: ERR(alloc):dequeue_buffer failed
12-04 19:32:29.349  7392  7392 E DisplayEventReceiver: Display event receiver pipe was closed or an error occurred.  events=0x9
12-04 19:32:29.349  6569  8111 E ExynosCameraMemoryAllocator: ERR(alloc):dequeue_buffer failed
12-04 19:32:29.349  6569  8111 E ExynosCameraMemoryAllocator: @@@@ERR(alloc):*bufHandle == NULL failed
12-04 19:32:29.349  6569  8111 E ExynosCameraMemoryAllocator: ERR(dequeueBuffer):alloc failed
12-04 19:32:29.349  6569  8111 E ExynosCameraBufferManager: [CAM_ID(0)][PREVIEW_BUF]-ERR(m_bufferCollectorThreadFunc[2357]):dequeueBuffer failed, dequeue(6), collected(4)
12-04 19:32:29.349  6569  8111 E ExynosCameraMemoryAllocator: ERR(alloc):dequeue_buffer failed
12-04 19:32:29.349  6569  8111 E ExynosCameraMemoryAllocator: ERR(alloc):dequeue_buffer failed
12-04 19:32:29.349  6569  8111 E ExynosCameraMemoryAllocator: ERR(alloc):dequeue_buffer failed
12-04 19:32:29.349  6569  8111 E ExynosCameraMemoryAllocator: ERR(alloc):dequeue_buffer failed
12-04 19:32:29.349  6569  8111 E ExynosCameraMemoryAllocator: ERR(alloc):dequeue_buffer failed
12-04 19:32:29.349  6569  8111 E ExynosCameraMemoryAllocator: @@@@ERR(alloc):*bufHandle == NULL failed
12-04 19:32:29.349  6569  8111 E ExynosCameraMemoryAllocator: ERR(dequeueBuffer):alloc failed
12-04 19:32:29.349  6569  8111 E ExynosCameraBufferManager: [CAM_ID(0)][PREVIEW_BUF]-ERR(m_bufferCollectorThreadFunc[2357]):dequeueBuffer failed, dequeue(6), collected(4)
12-04 19:32:29.349  6569  8111 E ExynosCameraMemoryAllocator: ERR(alloc):dequeue_buffer failed
12-04 19:32:29.349  6569  8111 E ExynosCameraMemoryAllocator: ERR(alloc):dequeue_buffer failed
12-04 19:32:29.349  6569  8111 E ExynosCameraMemoryAllocator: ERR(alloc):dequeue_buffer failed
12-04 19:32:29.349  6569  8111 E ExynosCameraMemoryAllocator: ERR(alloc):dequeue_buffer failed
12-04 19:32:29.349  6569  8111 E ExynosCameraMemoryAllocator: ERR(alloc):dequeue_buffer failed
12-04 19:32:29.349  6569  8111 E ExynosCameraMemoryAllocator: @@@@ERR(alloc):*bufHandle == NULL failed
12-04 19:32:29.349  6569  8111 E ExynosCameraMemoryAllocator: ERR(dequeueBuffer):alloc failed
12-04 19:32:29.349  6569  8111 E ExynosCameraBufferManager: [CAM_ID(0)][PREVIEW_BUF]-ERR(m_bufferCollectorThreadFunc[2357]):dequeueBuffer failed, dequeue(6), collected(4)
12-04 19:32:29.349  6569  8111 E ExynosCameraMemoryAllocator: ERR(alloc):dequeue_buffer failed
12-04 19:32:29.349  6569  8111 E ExynosCameraMemoryAllocator: ERR(alloc):dequeue_buffer failed
12-04 19:32:29.349  6569  8111 E ExynosCameraMemoryAllocator: ERR(alloc):dequeue_buffer failed
12-04 19:32:29.349  6569  8111 E ExynosCameraMemoryAllocator: ERR(alloc):dequeue_buffer failed
12-04 19:32:29.349  6569  8111 E ExynosCameraMemoryAllocator: ERR(alloc):dequeue_buffer failed
12-04 19:32:29.349  6569  8111 E ExynosCameraMemoryAllocator: @@@@ERR(alloc):*bufHandle == NULL failed
12-04 19:32:29.349  6569  8111 E ExynosCameraMemoryAllocator: ERR(dequeueBuffer):alloc failed
12-04 19:32:29.349  6569  8111 E ExynosCameraBufferManager: [CAM_ID(0)][PREVIEW_BUF]-ERR(m_bufferCollectorThreadFunc[2357]):dequeueBuffer failed, dequeue(6), collected(4)
12-04 19:32:29.349  6569  8111 E ExynosCameraMemoryAllocator: ERR(alloc):dequeue_buffer failed
12-04 19:32:29.349  6569  8111 E ExynosCameraMemoryAllocator: ERR(alloc):dequeue_buffer failed
12-04 19:32:29.349  6569  8111 E ExynosCameraMemoryAllocator: ERR(alloc):dequeue_buffer failed
12-04 19:32:29.349  6569  8111 E ExynosCameraMemoryAllocator: ERR(alloc):dequeue_buffer failed
12-04 19:32:29.349  6569  8111 E ExynosCameraMemoryAllocator: ERR(alloc):dequeue_buffer failed
12-04 19:32:29.349  6569  8111 E ExynosCameraMemoryAllocator: @@@@ERR(alloc):*bufHandle == NULL failed
12-04 19:32:29.349  6569  8111 E ExynosCameraMemoryAllocator: ERR(dequeueBuffer):alloc failed
12-04 19:32:29.349  6569  8111 E ExynosCameraBufferManager: [CAM_ID(0)][PREVIEW_BUF]-ERR(m_bufferCollectorThreadFunc[2357]):dequeueBuffer failed, dequeue(6), collected(4)
12-04 19:32:29.349  6569  8111 E ExynosCameraMemoryAllocator: ERR(alloc):dequeue_buffer failed
12-04 19:32:29.349  6569  8111 E ExynosCameraMemoryAllocator: ERR(alloc):dequeue_buffer failed
12-04 19:32:29.349  6569  8111 E ExynosCameraMemoryAllocator: ERR(alloc):dequeue_buffer failed
12-04 19:32:29.349  6569  8111 E ExynosCameraMemoryAllocator: ERR(alloc):dequeue_buffer failed
12-04 19:32:29.349  6569  8111 E ExynosCameraMemoryAllocator: ERR(alloc):dequeue_buffer failed
12-04 19:32:29.349  6569  8111 E ExynosCameraMemoryAllocator: @@@@ERR(alloc):*bufHandle == NULL failed
12-04 19:32:29.349  6569  8111 E ExynosCameraMemoryAllocator: ERR(dequeueBuffer):alloc failed
12-04 19:32:29.350  6569  8111 E ExynosCameraBufferManager: [CAM_ID(0)][PREVIEW_BUF]-ERR(m_bufferCollectorThreadFunc[2357]):dequeueBuffer failed, dequeue(6), collected(4)
12-04 19:32:29.350  6569  8111 E ExynosCameraMemoryAllocator: ERR(alloc):dequeue_buffer failed
12-04 19:32:29.350  6569  8111 E ExynosCameraMemoryAllocator: ERR(alloc):dequeue_buffer failed
12-04 19:32:29.350  6569  8111 E ExynosCameraMemoryAllocator: ERR(alloc):dequeue_buffer failed
12-04 19:32:29.350  6569  8111 E ExynosCameraMemoryAllocator: ERR(alloc):dequeue_buffer failed
12-04 19:32:29.350  6569  8111 E ExynosCameraMemoryAllocator: ERR(alloc):dequeue_buffer failed
12-04 19:32:29.350  6569  8111 E ExynosCameraMemoryAllocator: @@@@ERR(alloc):*bufHandle == NULL failed
12-04 19:32:29.350  6569  8111 E ExynosCameraMemoryAllocator: ERR(dequeueBuffer):alloc failed
12-04 19:32:29.350  6569  8111 E ExynosCameraBufferManager: [CAM_ID(0)][PREVIEW_BUF]-ERR(m_bufferCollectorThreadFunc[2357]):dequeueBuffer failed, dequeue(6), collected(4)
12-04 19:32:29.350  6569  8111 E ExynosCameraMemoryAllocator: ERR(alloc):dequeue_buffer failed
12-04 19:32:29.350  6569  8111 E ExynosCameraMemoryAllocator: ERR(alloc):dequeue_buffer failed
12-04 19:32:29.350  6569  8111 E ExynosCameraMemoryAllocator: ERR(alloc):dequeue_buffer failed
12-04 19:32:29.350  6569  8111 E ExynosCameraMemoryAllocator: ERR(alloc):dequeue_buffer failed
12-04 19:32:29.391  8181  8181 I SurfaceFlinger: SurfaceFlinger is starting
12-04 19:32:29.391  8181  8181 E SchedPolicy: /system/bin/surfaceflinger add_tid_to_cgroup failed; fd=-1
12-04 19:32:29.391  8181  8181 I SurfaceFlinger: SurfaceFlinger's main thread ready to run. Initializing graphics H/W...
12-04 19:32:29.401  2994  2994 F DEBUG   : ptrace attach to 8014 failed: Operation not permitted
12-04 19:32:29.407  8181  8181 D libEGL  : loaded /vendor/lib64/egl/libGLES_mali.so
12-04 19:32:29.420  8181  8181 I gralloc : using (id=)
12-04 19:32:29.420  8181  8181 I gralloc : xres         = 1440 px
12-04 19:32:29.420  8181  8181 I gralloc : yres         = 2560 px
12-04 19:32:29.420  8181  8181 I gralloc : width        = 68 mm (537.882324 dpi)
12-04 19:32:29.420  8181  8181 I gralloc : height       = 122 mm (532.983582 dpi)
12-04 19:32:29.420  8181  8181 I gralloc : refresh rate = 59.31 Hz
12-04 19:32:29.422  2934  2934 I ServiceManager: service 'isms' died
12-04 19:32:29.422  2934  2934 I ServiceManager: service 'phone' died
12-04 19:32:29.422  2934  2934 I ServiceManager: service 'carrier_config' died
12-04 19:32:29.422  2934  2934 I ServiceManager: service 'sip' died
12-04 19:32:29.422  2934  2934 I ServiceManager: service 'isub' died
12-04 19:32:29.422  2934  2934 I ServiceManager: service 'simphonebook' died
12-04 19:32:29.422  2934  2934 I ServiceManager: service 'iphonesubinfo' died
12-04 19:32:29.428  8181  8181 D hwcomposer: using
12-04 19:32:29.428  8181  8181 D hwcomposer: xres         = 1440 px
12-04 19:32:29.428  8181  8181 D hwcomposer: yres         = 2560 px
12-04 19:32:29.428  8181  8181 D hwcomposer: width        = 68 mm (537.882000 dpi)
12-04 19:32:29.428  8181  8181 D hwcomposer: height       = 122 mm (532.983000 dpi)
12-04 19:32:29.428  8181  8181 D hwcomposer: refresh rate = 59 Hz
12-04 19:32:29.428  8181  8181 I hwcomposer: PSR info devname = /sys/devices/13960000.decon_f/psr_info
12-04 19:32:29.428  8181  8181 I hwcomposer: PSR mode is 6(0: video mode, 1: DP PSR mode, 2: MIPI-DSI command mode)
12-04 19:32:29.428  2934  2934 I ServiceManager: service 'media.radio' died
12-04 19:32:29.428  2934  2934 I ServiceManager: service 'media.sound_trigger_hw' died
12-04 19:32:29.484  2998  2998 E installd: eof
12-04 19:32:29.484  2998  2998 E installd: failed to read size
12-04 19:32:29.484  2998  2998 I installd: closing connection
12-04 19:32:29.484  2933  2933 I lowmemorykiller: ActivityManager disconnected
12-04 19:32:29.484  2933  2933 I lowmemorykiller: Closing Activity Manager data connection
12-04 19:32:29.485  2934  2934 I ServiceManager: service 'telecom' died
12-04 19:32:29.485  3004  3004 D fingerprintd: binder died
12-04 19:32:29.485  3004  3004 V fingerprintd: nativeCloseHal()
12-04 19:32:29.485  3004  3004 E fingerprintd: No valid device
12-04 19:32:29.485  3004  3004 E fingerprintd: Can't close fingerprint device, error: -38
12-04 19:32:29.485  2934  2934 I ServiceManager: service 'cmaudio' died
12-04 19:32:29.486  2934  2934 I ServiceManager: service 'sensorservice' died
12-04 19:32:29.486  2934  2934 I ServiceManager: service 'batterymanager' died
12-04 19:32:29.486  2934  2934 I ServiceManager: service 'usagestats' died
12-04 19:32:29.486  2934  2934 I ServiceManager: service 'webviewupdate' died
12-04 19:32:29.486  2934  2934 I ServiceManager: service 'scheduling_policy' died
12-04 19:32:29.486  2934  2934 I ServiceManager: service 'telephony.registry' died
12-04 19:32:29.486  2934  2934 I ServiceManager: service 'media.camera.proxy' died
12-04 19:32:29.486  2934  2934 I ServiceManager: service 'account' died
12-04 19:32:29.486  2934  2934 I ServiceManager: service 'content' died
12-04 19:32:29.486  2934  2934 I ServiceManager: service 'cmpartnerinterface' died
12-04 19:32:29.486  2934  2934 I ServiceManager: service 'vibrator' died
12-04 19:32:29.486  2934  2934 I ServiceManager: service 'consumer_ir' died
12-04 19:32:29.486  2934  2934 I ServiceManager: service 'alarm' died
12-04 19:32:29.486  2934  2934 I ServiceManager: service 'cmtelephonymanager' died
12-04 19:32:29.486  2934  2934 I ServiceManager: service 'window' died
12-04 19:32:29.486  2934  2934 I ServiceManager: service 'input' died
12-04 19:32:29.486  2934  2934 I ServiceManager: service 'package' died
12-04 19:32:29.486  2934  2934 I ServiceManager: service 'user' died
12-04 19:32:29.486  2934  2934 I ServiceManager: service 'activity' died
12-04 19:32:29.486  2934  2934 I ServiceManager: service 'procstats' died
12-04 19:32:29.486  2934  2934 I ServiceManager: service 'meminfo' died
12-04 19:32:29.486  2934  2934 I ServiceManager: service 'gfxinfo' died
12-04 19:32:29.486  2934  2934 I ServiceManager: service 'dbinfo' died
12-04 19:32:29.486  2934  2934 I ServiceManager: service 'cpuinfo' died
12-04 19:32:29.486  2934  2934 I ServiceManager: service 'permission' died
12-04 19:32:29.486  2934  2934 I ServiceManager: service 'processinfo' died
12-04 19:32:29.486  2934  2934 I ServiceManager: service 'imms' died
12-04 19:32:29.486  2934  2934 I ServiceManager: service 'bluetooth_manager' died
12-04 19:32:29.486  2934  2934 I ServiceManager: service 'input_method' died
12-04 19:32:29.486  2934  2934 I ServiceManager: service 'accessibility' died
12-04 19:32:29.486  2934  2934 I ServiceManager: service 'mount' died
12-04 19:32:29.486  2934  2934 I ServiceManager: service 'cmhardware' died
12-04 19:32:29.486  2934  2934 I ServiceManager: service 'uimode' died
12-04 19:32:29.486  2934  2934 I ServiceManager: service 'lock_settings' died
12-04 19:32:29.486  2934  2934 I ServiceManager: service 'deviceidle' died
12-04 19:32:29.486  2934  2934 I ServiceManager: service 'device_policy' died
12-04 19:32:29.486  2934  2934 I ServiceManager: service 'statusbar' died
12-04 19:32:29.486  2934  2934 I ServiceManager: service 'cmstatusbar' died
12-04 19:32:29.486  2934  2934 I ServiceManager: service 'clipboard' died
12-04 19:32:29.486  2934  2934 I ServiceManager: service 'network_management' died
12-04 19:32:29.486  2934  2934 I ServiceManager: service 'textservices' died
12-04 19:32:29.486  2934  2934 I ServiceManager: service 'network_score' died
12-04 19:32:29.486  2934  2934 I ServiceManager: service 'netstats' died
12-04 19:32:29.486  2934  2934 I ServiceManager: service 'netpolicy' died
12-04 19:32:29.486  2934  2934 I ServiceManager: service 'cmappsuggest' died
12-04 19:32:29.486  2934  2934 I ServiceManager: service 'wifip2p' died
12-04 19:32:29.486  2934  2934 I ServiceManager: service 'wifi' died
12-04 19:32:29.486  2934  2934 I ServiceManager: service 'wifiscanner' died
12-04 19:32:29.486  2934  2934 I ServiceManager: service 'rttmanager' died
12-04 19:32:29.486  2934  2934 I ServiceManager: service 'ethernet' died
12-04 19:32:29.486  2934  2934 I ServiceManager: service 'connectivity' died
12-04 19:32:29.486  2934  2934 I ServiceManager: service 'servicediscovery' died
12-04 19:32:29.486  2934  2934 I ServiceManager: service 'updatelock' died
12-04 19:32:29.486  2934  2934 I ServiceManager: service 'profile' died
12-04 19:32:29.486  2934  2934 I ServiceManager: service 'notification' died
12-04 19:32:29.486  2934  2934 I ServiceManager: service 'devicestoragemonitor' died
12-04 19:32:29.486  2934  2934 I ServiceManager: service 'location' died
12-04 19:32:29.486  2934  2934 I ServiceManager: service 'country_detector' died
12-04 19:32:29.486  2934  2934 I ServiceManager: service 'search' died
12-04 19:32:29.486  2934  2934 I ServiceManager: service 'dropbox' died
12-04 19:32:29.486  2934  2934 I ServiceManager: service 'wallpaper' died
12-04 19:32:29.486  2934  2934 I ServiceManager: service 'audio' died
12-04 19:32:29.486  2934  2934 I ServiceManager: service 'DockObserver' died
12-04 19:32:29.486  2934  2934 I ServiceManager: service 'usb' died
12-04 19:32:29.486  2934  2934 I ServiceManager: service 'serial' died
12-04 19:32:29.486  2934  2934 I ServiceManager: service 'jobscheduler' died
12-04 19:32:29.487  2934  2934 I ServiceManager: service 'backup' died
12-04 19:32:29.487  2934  2934 I ServiceManager: service 'appwidget' died
12-04 19:32:29.487  2934  2934 I ServiceManager: service 'voiceinteraction' died
12-04 19:32:29.487  2934  2934 I ServiceManager: service 'diskstats' died
12-04 19:32:29.487  2934  2934 I ServiceManager: service 'samplingprofiler' died
12-04 19:32:29.487  2934  2934 I ServiceManager: service 'commontime_management' died
12-04 19:32:29.487  2934  2934 I ServiceManager: service 'dreams' died
12-04 19:32:29.487  2934  2934 I ServiceManager: service 'cmiconcache' died
12-04 19:32:29.487  2934  2934 I ServiceManager: service 'assetatlas' died
12-04 19:32:29.487  2934  2934 I ServiceManager: service 'graphicsstats' died
12-04 19:32:29.487  2934  2934 I ServiceManager: service 'print' died
12-04 19:32:29.487  2934  2934 I ServiceManager: service 'restrictions' died
12-04 19:32:29.487  2934  2934 I ServiceManager: service 'media_session' died
12-04 19:32:29.487  2934  2934 I ServiceManager: service 'media_router' died
12-04 19:32:29.487  2934  2934 I ServiceManager: service 'trust' died
12-04 19:32:29.487  2934  2934 I ServiceManager: service 'fingerprint' died
12-04 19:32:29.487  2934  2934 I ServiceManager: service 'launcherapps' died
12-04 19:32:29.487  2934  2934 I ServiceManager: service 'media_projection' died
12-04 19:32:29.487  2934  2934 I ServiceManager: service 'cmperformance' died
12-04 19:32:29.487  2934  2934 I ServiceManager: service 'cmlivelockscreen' died
12-04 19:32:29.487  2934  2934 I ServiceManager: service 'cmweather' died
12-04 19:32:29.487  2934  2934 I ServiceManager: service 'cmthemes' died
12-04 19:32:29.487  2934  2934 I ServiceManager: service 'cmlivedisplay' died
12-04 19:32:29.487  2934  2934 I ServiceManager: service 'batterystats' died
12-04 19:32:29.487  2934  2934 I ServiceManager: service 'appops' died
12-04 19:32:29.487  2934  2934 I ServiceManager: service 'power' died
12-04 19:32:29.487  2934  2934 I ServiceManager: service 'display' died
12-04 19:32:29.559  3009  3009 W auditd  : type=1325 audit(0.0:537): table=filter family=2 entries=74
12-04 19:32:29.559  3009  3009 W auditd  : type=1320 audit(0.0:537): 
12-04 19:32:29.564  8212  8212 I Netd    : Netd 1.0 starting
12-04 19:32:29.564  8212  8212 I QtiConnectivityAdapter: Failed to open libconnctrl, some features may not be present.
12-04 19:32:29.564  8212  8212 D TetherController: Setting IP forward enable = 0
12-04 19:32:29.569  3009  3009 W auditd  : type=1325 audit(0.0:538): table=filter family=10 entries=77
12-04 19:32:29.569  3009  3009 W auditd  : type=1320 audit(0.0:538): 
12-04 19:32:29.569  3009  3009 W auditd  : type=1325 audit(0.0:539): table=filter family=2 entries=73
12-04 19:32:29.569  3009  3009 W auditd  : type=1320 audit(0.0:539): 
12-04 19:32:29.579  3009  3009 W auditd  : type=1325 audit(0.0:540): table=filter family=10 entries=76
12-04 19:32:29.579  3009  3009 W auditd  : type=1320 audit(0.0:540): 
12-04 19:32:29.589  3009  3009 W auditd  : type=1325 audit(0.0:541): table=filter family=2 entries=71
12-04 19:32:29.589  3009  3009 W auditd  : type=1320 audit(0.0:541): 
12-04 19:32:29.602  2994  2994 E DEBUG   : unexpected waitpid response: n=8050, status=00000009
12-04 19:32:29.602  2994  2994 E DEBUG   : tid exited before attach completed: tid 8050
12-04 19:32:29.589  3009  3009 W auditd  : type=1325 audit(0.0:542): table=filter family=10 entries=74
12-04 19:32:29.589  3009  3009 W auditd  : type=1320 audit(0.0:542): 
12-04 19:32:29.599  3009  3009 W auditd  : type=1325 audit(0.0:543): table=filter family=2 entries=69
12-04 19:32:29.599  3009  3009 W auditd  : type=1320 audit(0.0:543): 
12-04 19:32:29.609  3009  3009 W auditd  : type=1325 audit(0.0:544): table=filter family=10 entries=72
12-04 19:32:29.609  3009  3009 W auditd  : type=1320 audit(0.0:544): 
12-04 19:32:29.619  3009  3009 W auditd  : type=1325 audit(0.0:545): table=filter family=2 entries=71
12-04 19:32:29.619  3009  3009 W auditd  : type=1320 audit(0.0:545): 
12-04 19:32:29.619  3009  3009 W auditd  : type=1325 audit(0.0:546): table=filter family=10 entries=74
12-04 19:32:29.619  3009  3009 W auditd  : type=1320 audit(0.0:546): 
12-04 19:32:29.629  3009  3009 W auditd  : type=1325 audit(0.0:547): table=filter family=2 entries=72
12-04 19:32:29.629  3009  3009 W auditd  : type=1320 audit(0.0:547): 
12-04 19:32:29.639  3009  3009 W auditd  : type=1325 audit(0.0:548): table=filter family=10 entries=75
12-04 19:32:29.639  3009  3009 W auditd  : type=1320 audit(0.0:548): 
12-04 19:32:29.639  3009  3009 W auditd  : type=1325 audit(0.0:549): table=filter family=2 entries=71
12-04 19:32:29.639  3009  3009 W auditd  : type=1320 audit(0.0:549): 
12-04 19:32:29.649  3009  3009 W auditd  : type=1325 audit(0.0:550): table=filter family=10 entries=74
12-04 19:32:29.649  3009  3009 W auditd  : type=1320 audit(0.0:550): 
12-04 19:32:29.659  3009  3009 W auditd  : type=1325 audit(0.0:551): table=filter family=2 entries=71
12-04 19:32:29.659  3009  3009 W auditd  : type=1320 audit(0.0:551): 
12-04 19:32:29.659  3009  3009 W auditd  : type=1325 audit(0.0:552): table=filter family=10 entries=74
12-04 19:32:29.692  8187  8187 D AndroidRuntime: >>>>>> START com.android.internal.os.ZygoteInit uid 0 <<<<<<
12-04 19:32:29.695  8187  8187 D AndroidRuntime: CheckJNI is OFF
12-04 19:32:29.696  8187  8187 I art     : option[0]=-Xzygote
12-04 19:32:29.696  8187  8187 I art     : option[1]=-Xstacktracefile:/data/anr/traces.txt
12-04 19:32:29.696  8187  8187 I art     : option[2]=exit
12-04 19:32:29.696  8187  8187 I art     : option[3]=vfprintf
12-04 19:32:29.696  8187  8187 I art     : option[4]=sensitiveThread
12-04 19:32:29.696  8187  8187 I art     : option[5]=-verbose:gc
12-04 19:32:29.696  8187  8187 I art     : option[6]=-Xms8m
12-04 19:32:29.696  8187  8187 I art     : option[7]=-Xmx512m
12-04 19:32:29.696  8187  8187 I art     : option[8]=-XX:HeapGrowthLimit=256m
12-04 19:32:29.696  8187  8187 I art     : option[9]=-XX:HeapMinFree=2m
12-04 19:32:29.696  8187  8187 I art     : option[10]=-XX:HeapMaxFree=8m
12-04 19:32:29.696  8187  8187 I art     : option[11]=-XX:HeapTargetUtilization=0.75
12-04 19:32:29.696  8187  8187 I art     : option[12]=-agentlib:jdwp=transport=dt_android_adb,suspend=n,server=y
12-04 19:32:29.696  8187  8187 I art     : option[13]=-Xlockprofthreshold:500
12-04 19:32:29.696  8187  8187 I art     : option[14]=-Ximage-compiler-option
12-04 19:32:29.696  8187  8187 I art     : option[15]=--runtime-arg
12-04 19:32:29.696  8187  8187 I art     : option[16]=-Ximage-compiler-option
12-04 19:32:29.696  8187  8187 I art     : option[17]=-Xms64m
12-04 19:32:29.696  8187  8187 I art     : option[18]=-Ximage-compiler-option
12-04 19:32:29.696  8187  8187 I art     : option[19]=--runtime-arg
12-04 19:32:29.696  8187  8187 I art     : option[20]=-Ximage-compiler-option
12-04 19:32:29.696  8187  8187 I art     : option[21]=-Xmx64m
12-04 19:32:29.696  8187  8187 I art     : option[22]=-Ximage-compiler-option
12-04 19:32:29.696  8187  8187 I art     : option[23]=--compiler-filter=speed
12-04 19:32:29.696  8187  8187 I art     : option[24]=-Ximage-compiler-option
12-04 19:32:29.696  8187  8187 I art     : option[25]=--image-classes=/system/etc/preloaded-classes
12-04 19:32:29.696  8187  8187 I art     : option[26]=-Xcompiler-option
12-04 19:32:29.696  8187  8187 I art     : option[27]=--runtime-arg
12-04 19:32:29.696  8187  8187 I art     : option[28]=-Xcompiler-option
12-04 19:32:29.696  8187  8187 I art     : option[29]=-Xms64m
12-04 19:32:29.696  8187  8187 I art     : option[30]=-Xcompiler-option
12-04 19:32:29.696  8187  8187 I art     : option[31]=--runtime-arg
12-04 19:32:29.696  8187  8187 I art     : option[32]=-Xcompiler-option
12-04 19:32:29.696  8187  8187 I art     : option[33]=-Xmx512m
12-04 19:32:29.696  8187  8187 I art     : option[34]=-Xcompiler-option
12-04 19:32:29.696  8187  8187 I art     : option[35]=--compiler-filter=speed
12-04 19:32:29.696  8187  8187 I art     : option[36]=-Ximage-compiler-option
12-04 19:32:29.696  8187  8187 I art     : option[37]=--instruction-set-variant=generic
12-04 19:32:29.696  8187  8187 I art     : option[38]=-Xcompiler-option
12-04 19:32:29.696  8187  8187 I art     : option[39]=--instruction-set-variant=generic
12-04 19:32:29.696  8187  8187 I art     : option[40]=-Ximage-compiler-option
12-04 19:32:29.696  8187  8187 I art     : option[41]=--instruction-set-features=default
12-04 19:32:29.696  8187  8187 I art     : option[42]=-Xcompiler-option
12-04 19:32:29.696  8187  8187 I art     : option[43]=--instruction-set-features=default
12-04 19:32:29.696  8187  8187 I art     : option[44]=-Duser.locale=en-US
12-04 19:32:29.696  8187  8187 I art     : option[45]=--cpu-abilist=arm64-v8a,armeabi
12-04 19:32:29.696  8187  8187 I art     : option[46]=-Xfingerprint:samsung/cm_hero2ltexx/hero2ltexx:6.0.1/MOB31K/1b4018ec39:userdebug/test-keys
12-04 19:32:29.738  8187  8187 D ICU     : No timezone override file found: /data/misc/zoneinfo/current/icu/icu_tzdata.dat
12-04 19:32:29.769  8187  8187 I Radio-JNI: register_android_hardware_Radio DONE
12-04 19:32:29.772  8187  8187 I SamplingProfilerIntegration: Profiling disabled.
12-04 19:32:29.772  8187  8187 D Zygote  : begin preload
12-04 19:32:29.772  8187  8187 I Zygote  : Preloading classes...
12-04 19:32:29.784  8181  8181 D SurfaceFlinger: SF. shader cache generated - 26 shaders in 288.522095 ms
12-04 19:32:29.814  8187  8187 E Minikin : addFont failed to create font /system/fonts/NanumGothic.ttf
12-04 19:32:29.814  8187  8187 E Minikin : addFont failed to create font /system/fonts/DroidSansFallback.ttf
12-04 19:32:29.814  8187  8187 E Minikin : addFont failed to create font /system/fonts/MTLmr3m.ttf
12-04 19:32:29.834  8206  8210 D libEGL  : loaded /vendor/lib64/egl/libGLES_mali.so
12-04 19:32:29.847  8187  8187 V DngCreator_JNI: DngCreator_nativeClassInit:
12-04 19:32:29.852  8206  8210 D mali_winsys: EGLint new_window_surface(egl_winsys_display*, void*, EGLSurface, EGLConfig, egl_winsys_surface**, egl_color_buffer_format*, EGLBoolean) returns 0x3000,  [1440x2560]-format:2
12-04 19:32:29.856  8206  8210 E BootAnimation: couldn't find audio_conf.txt
12-04 19:32:29.858  8206  8210 D BootAnimation: Use save memory method, maybe small fps in actual.
12-04 19:32:29.901  8187  8187 I art     : Thread[1,tid=8187,Native,Thread*=0x7f96efba00,peer=0x12c2d100,"main"] recursive attempt to load library "/system/lib64/libmedia_jni.so"
12-04 19:32:29.901  8187  8187 D MtpDeviceJNI: register_android_mtp_MtpDevice
12-04 19:32:29.901  8187  8187 I art     : Thread[1,tid=8187,Native,Thread*=0x7f96efba00,peer=0x12c2d100,"main"] recursive attempt to load library "/system/lib64/libmedia_jni.so"
12-04 19:32:29.901  8187  8187 I art     : Thread[1,tid=8187,Native,Thread*=0x7f96efba00,peer=0x12c2d100,"main"] recursive attempt to load library "/system/lib64/libmedia_jni.so"
12-04 19:32:29.953  8187  8187 W System  : ClassLoader referenced unknown path: /system/framework/tcmclient.jar
12-04 19:32:30.005  8187  8187 I System  : Loaded time zone names for "" in 22ms (21ms in ICU)
12-04 19:32:30.018  8187  8187 I System  : Loaded time zone names for "en_US" in 13ms (13ms in ICU)
12-04 19:32:30.026  8187  8187 I Zygote  : ...preloaded 3831 classes in 254ms.
12-04 19:32:30.026  8187  8187 I art     : VMRuntime.preloadDexCaches starting
12-04 19:32:30.075  8187  8187 I art     : VMRuntime.preloadDexCaches strings total=249480 before=44901 after=44901
12-04 19:32:30.075  8187  8187 I art     : VMRuntime.preloadDexCaches types total=20343 before=6892 after=6923
12-04 19:32:30.075  8187  8187 I art     : VMRuntime.preloadDexCaches fields total=100632 before=36118 after=36550
12-04 19:32:30.075  8187  8187 I art     : VMRuntime.preloadDexCaches methods total=172964 before=71279 after=71806
12-04 19:32:30.075  8187  8187 I art     : VMRuntime.preloadDexCaches finished
12-04 19:32:30.093  8308  8308 D idmap   : error: no read access to /vendor/overlay: No such file or directory
12-04 19:32:30.096  8187  8187 I Zygote  : Preloading resources...
12-04 19:32:30.402  8187  8187 I Zygote  : ...preloaded 342 resources in 306ms.
12-04 19:32:30.406  8187  8187 I Zygote  : ...preloaded 41 resources in 3ms.
12-04 19:32:30.415  8187  8187 D libEGL  : loaded /vendor/lib64/egl/libGLES_mali.so
12-04 19:32:30.423  8187  8187 I Zygote  : Preloading shared libraries...
12-04 19:32:30.427  8187  8187 D Zygote  : end preload
12-04 19:32:30.427  8187  8187 I art     : Starting a blocking GC Explicit
12-04 19:32:30.435  8187  8187 I art     : Explicit concurrent mark sweep GC freed 7384(294KB) AllocSpace objects, 0(0B) LOS objects, 38% free, 25MB/41MB, paused 77us total 8.154ms
12-04 19:32:30.444  8187  8187 I art     : Starting a blocking GC Explicit
12-04 19:32:30.451  8187  8187 I art     : Explicit concurrent mark sweep GC freed 1752(78KB) AllocSpace objects, 0(0B) LOS objects, 38% free, 25MB/41MB, paused 68us total 7.122ms
12-04 19:32:30.452  8187  8245 I art     : Starting a blocking GC HeapTrim
12-04 19:32:30.454  8187  8187 I art     : Starting a blocking GC Background
12-04 19:32:30.487  8187  8187 I Zyg