12-04 22:56:32.860  4437  4437 I BrokerableCMSystemService: Implementation service connected
12-04 22:56:32.860  4437  4437 I BrokerableCMSystemService: Notifying service connected
12-04 22:56:32.984  4437  4437 I BrokerableCMSystemService: Implementation service connected
12-04 22:56:32.985  4437  4437 I BrokerableCMSystemService: Notifying service connected
12-04 22:56:33.015  4437  4437 W System  : ClassLoader referenced unknown path: /system/priv-app/FusedLocation/lib/arm64
12-04 22:56:33.112  5058  5058 W ContextImpl: Calling a method in the system process without a qualified user: android.app.ContextImpl.bindService:1295 android.content.ContextWrapper.bindService:610 android.speech.tts.TextToSpeech.connectToEngine:800 android.speech.tts.TextToSpeech.initTts:770 android.speech.tts.TextToSpeech.<init>:723 
12-04 22:56:33.124  4437  4983 I ActivityManager: Start proc 5122:com.svox.pico/u0a55 for service com.svox.pico/.PicoService
12-04 22:56:33.130  4437  4437 D GpsNetInitiatedHandler: location enabled :true
12-04 22:56:33.131  4437  4437 V WiredAccessoryManager: init()
12-04 22:56:33.145  5058  5058 I TextToSpeech: Sucessfully bound to com.svox.pico
12-04 22:56:33.167  5128  5128 F libc    : page record for 0x7f90b87010 was not found (block_size=16)
12-04 22:56:33.185  4437  4437 I BrokerableCMSystemService: Implementation service connected
12-04 22:56:33.190  5058  5058 E MediaPlayer-JNI: JNIMediaPlayerFactory: bIsQCMediaPlayerPresent 0
12-04 22:56:33.190  5058  5058 E MediaPlayer-JNI: JNIMediaPlayerFactory: bIsQCMediaPlayerPresent 0
12-04 22:56:33.218  5058  5058 D Ringtone: Problem opening; delegating to remote player
12-04 22:56:35.077  4437  5114 W art     : Long monitor contention event with owner method=void java.lang.ThreadGroup.removeThread(java.lang.Thread) from ThreadGroup.java:716 waiters=1 for 466ms
12-04 22:56:35.080  4437  5118 W art     : Long monitor contention event with owner method=void java.lang.ThreadGroup.removeThread(java.lang.Thread) from ThreadGroup.java:716 waiters=0 for 468ms
12-04 22:56:35.144  5058  5177 D OpenGLRenderer: Use EGL_SWAP_BEHAVIOR_PRESERVED: true
12-04 22:56:35.351  5145  5145 W System  : ClassLoader referenced unknown path: /system/app/Eleven/lib/arm64
12-04 22:56:35.434  4437  4459 W WindowManager: App freeze timeout expired.
12-04 22:56:35.434  4437  4459 W WindowManager: Force clearing freeze: AppWindowToken{d6b2079 token=Token{3fb8940 ActivityRecord{4f28cc3 u0 com.cyanogenmod.setupwizard/.ui.SetupWizardActivity t2}}}
12-04 22:56:35.434  4437  4459 I WindowManager: Screen frozen for +2s45ms due to AppWindowToken{d6b2079 token=Token{3fb8940 ActivityRecord{4f28cc3 u0 com.cyanogenmod.setupwizard/.ui.SetupWizardActivity t2}}}
12-04 22:56:35.519  5122  5122 V SynthProxy: About to load libttspico.so, applyFilter=true
12-04 22:56:35.584  4437  4664 I ActivityManager: Start proc 5179:com.cyanogenmod.eleven:main/u0a39 for service com.cyanogenmod.eleven/.MusicPlaybackService
12-04 22:56:35.593  4437  4635 W SchedPolicy: zygote64 add_tid_to_cpuset failed to write '5145' (Permission denied); fd=49
12-04 22:56:35.593  4437  4635 W ActivityManager: Failed setting process group of 5145 to 0
12-04 22:56:35.593  4437  4635 W System.err: java.lang.IllegalArgumentException
12-04 22:56:35.593  4437  4635 W System.err: 	at android.os.Process.setProcessGroup(Native Method)
12-04 22:56:35.593  4437  4635 W System.err: 	at com.android.server.am.ActivityManagerService.applyOomAdjLocked(ActivityManagerService.java:19193)
12-04 22:56:35.594  4437  4635 W System.err: 	at com.android.server.am.ActivityManagerService.updateOomAdjLocked(ActivityManagerService.java:19716)
12-04 22:56:35.594  4437  4635 W System.err: 	at com.android.server.am.BroadcastQueue.processNextBroadcast(BroadcastQueue.java:728)
12-04 22:56:35.594  4437  4635 W System.err: 	at com.android.server.am.ActivityManagerService.finishReceiver(ActivityManagerService.java:17556)
12-04 22:56:35.594  4437  4635 W System.err: 	at android.app.ActivityManagerNative.onTransact(ActivityManagerNative.java:496)
12-04 22:56:35.594  4437  4635 W System.err: 	at com.android.server.am.ActivityManagerService.onTransact(ActivityManagerService.java:2680)
12-04 22:56:35.594  4437  4635 W System.err: 	at android.os.Binder.execTransact(Binder.java:453)
12-04 22:56:35.952  5122  5122 I SVOX Pico Engine: loaded en-US successfully
12-04 22:56:35.953  5058  5058 I Choreographer: Skipped 42 frames!  The application may be doing too much work on its main thread.
12-04 22:56:35.976  4437  4458 D BluetoothManagerService: Message: 20
12-04 22:56:35.980  4437  4458 D BluetoothManagerService: Added callback: android.bluetooth.IBluetoothManagerCallback$Stub$Proxy@9aaf68c:true
12-04 22:56:35.997  4437  4458 D BluetoothManagerService: Message: 30
12-04 22:56:36.027  4437  4458 D BluetoothManagerService: Message: 30
12-04 22:56:36.046  4437  5131 W art     : Long monitor contention event with owner method=void java.lang.ThreadGroup.removeThread(java.lang.Thread) from ThreadGroup.java:716 waiters=4 for 1.342s
12-04 22:56:36.050  4590  4590 D LocalBluetoothProfileManager: Adding local MAP profile
12-04 22:56:36.052  4590  4590 D BluetoothMap: Create BluetoothMap proxy object
12-04 22:56:36.054  4437  4458 D BluetoothManagerService: Message: 30
12-04 22:56:36.057  4437  5130 W art     : Long monitor contention event with owner method=void java.lang.ThreadGroup.removeThread(java.lang.Thread) from ThreadGroup.java:716 waiters=3 for 1.409s
12-04 22:56:36.089  4437  4458 D BluetoothManagerService: Message: 30
12-04 22:56:36.090  4437  5117 W art     : Long monitor contention event with owner method=void java.lang.ThreadGroup.removeThread(java.lang.Thread) from ThreadGroup.java:716 waiters=5 for 1.363s
12-04 22:56:36.101  4590  4590 D LocalBluetoothProfileManager: LocalBluetoothProfileManager construction complete
12-04 22:56:36.100  4437  5111 W art     : Long monitor contention event with owner method=void java.lang.ThreadGroup.removeThread(java.lang.Thread) from ThreadGroup.java:716 waiters=7 for 1.330s
12-04 22:56:36.125  4437  5119 W art     : Long monitor contention event with owner method=void java.lang.ThreadGroup.removeThread(java.lang.Thread) from ThreadGroup.java:716 waiters=8 for 1.358s
12-04 22:56:36.132  4437  5121 W art     : Long monitor contention event with owner method=void java.lang.ThreadGroup.removeThread(java.lang.Thread) from ThreadGroup.java:716 waiters=6 for 1.388s
12-04 22:56:36.149  5179  5179 W System  : ClassLoader referenced unknown path: /system/app/Eleven/lib/arm64
12-04 22:56:36.197  4437  4635 D ConnectivityService: listenForNetwork for Listen from uid/pid:10028/4590 for NetworkRequest [ id=3, legacyType=-1, [] ]
12-04 22:56:36.268  4590  4590 I CameraManagerGlobal: Connecting to camera service
12-04 22:56:36.293  4153  5037 E CameraService: getCameraVendorTagDescriptor: camera hardware module doesn't exist
12-04 22:56:36.294  4590  4590 E CameraMetadata-JNI: CameraMetadata_setupGlobalVendorTagDescriptor: Failed to setup vendor tag descriptors, received error No such device (-19)
12-04 22:56:36.294  4590  4590 W CameraManagerGlobal: Failed to set up vendor tags: The camera device is removable and has been disconnected from the Android device, or the camera service has shut down the connection due to a higher-priority access request for the camera device.
12-04 22:56:36.323  5179  5179 V RenderScript_jni: RS native mode
12-04 22:56:36.327  5179  5179 V RenderScript_jni: Unable to load libRSSupportIO.so, USAGE_IO not supported
12-04 22:56:36.391  5179  5196 V RenderScript: 0x7fa9f63000 Launching thread(s), CPUs 8
12-04 22:56:36.233  4437  5130 W art     : Long monitor contention event with owner method=void java.lang.ThreadGroup.removeThread(java.lang.Thread) from ThreadGroup.java:716 waiters=16 for 169ms
12-04 22:56:36.401  4437  4710 W art     : Long monitor contention event with owner method=void com.android.server.power.PowerManagerService.acquireWakeLockInternal(android.os.IBinder, int, java.lang.String, java.lang.String, android.os.WorkSource, java.lang.String, int, int) from PowerManagerService.java:921 waiters=0 for 274ms
12-04 22:56:36.430  5058  5177 I OpenGLRenderer: Initialized EGL, version 1.4
12-04 22:56:36.463  5058  5177 D mali_winsys: EGLint new_window_surface(egl_winsys_display*, void*, EGLSurface, EGLConfig, egl_winsys_surface**, egl_color_buffer_format*, EGLBoolean) returns 0x3000,  [1440x2560]-format:1
12-04 22:56:36.497  5058  5058 I TextToSpeech: Connected to ComponentInfo{com.svox.pico/com.svox.pico.PicoService}
12-04 22:56:36.541  4437  4710 W SchedPolicy: zygote64 add_tid_to_cpuset failed to write '4649' (Permission denied); fd=48
12-04 22:56:36.541  4437  4710 W ActivityManager: Failed setting process group of 4649 to -1
12-04 22:56:36.541  4437  4710 W System.err: java.lang.IllegalArgumentException
12-04 22:56:36.541  4437  4710 W System.err: 	at android.os.Process.setProcessGroup(Native Method)
12-04 22:56:36.541  4437  4710 W System.err: 	at com.android.server.am.ActivityManagerService.applyOomAdjLocked(ActivityManagerService.java:19193)
12-04 22:56:36.541  4437  4710 W System.err: 	at com.android.server.am.ActivityManagerService.updateOomAdjLocked(ActivityManagerService.java:19466)
12-04 22:56:36.541  4437  4710 W System.err: 	at com.android.server.am.ActivityManagerService.updateOomAdjLocked(ActivityManagerService.java:19544)
12-04 22:56:36.541  4437  4710 W System.err: 	at com.android.server.am.ActivityManagerService.getContentProviderImpl(ActivityManagerService.java:9915)
12-04 22:56:36.541  4437  4710 W System.err: 	at com.android.server.am.ActivityManagerService.getContentProvider(ActivityManagerService.java:10169)
12-04 22:56:36.541  4437  4710 W System.err: 	at android.app.ActivityManagerNative.onTransact(ActivityManagerNative.java:846)
12-04 22:56:36.542  4437  4710 W System.err: 	at com.android.server.am.ActivityManagerService.onTransact(ActivityManagerService.java:2680)
12-04 22:56:36.542  4437  4710 W System.err: 	at android.os.Binder.execTransact(Binder.java:453)
12-04 22:56:37.046  4437  4975 I ActivityManager: Start proc 5226:org.cyanogenmod.weather.provider/u0a27 for content provider org.cyanogenmod.weather.provider/.WeatherContentProvider
12-04 22:56:37.047  4437  5112 W art     : Long monitor contention event with owner method=void java.lang.ThreadGroup.removeThread(java.lang.Thread) from ThreadGroup.java:716 waiters=9 for 1.908s
12-04 22:56:37.078  5058  5058 I Choreographer: Skipped 34 frames!  The application may be doing too much work on its main thread.
12-04 22:56:37.085  4437  4459 I ActivityManager: Displayed com.cyanogenmod.setupwizard/.ui.SetupWizardActivity: +5s618ms (total +7s225ms)
12-04 22:56:37.143  4437  4454 V KeyguardServiceDelegate: *** Keyguard started
12-04 22:56:37.144  4437  4437 V KeyguardServiceDelegate: *** Keyguard connected (yay!)
12-04 22:56:37.151  4437  4454 I Sensors : Acc old sensor_state 0, new sensor_state : 1 en : 1
12-04 22:56:37.202  4437  4454 V KeyguardServiceDelegate: onStartedWakingUp()
12-04 22:56:37.203  4437  4454 V KeyguardServiceDelegate: onScreenTurnedOn(showListener = com.android.server.policy.PhoneWindowManager$2@9b6a71c)
12-04 22:56:37.203  4437  4454 V KeyguardServiceDelegate: onScreenTurnedOn()
12-04 22:56:37.271  4437  5113 W art     : Long monitor contention event with owner method=void java.lang.ThreadGroup.removeThread(java.lang.Thread) from ThreadGroup.java:716 waiters=10 for 2.361s
12-04 22:56:37.277  4437  5141 W art     : Long monitor contention event with owner method=void java.lang.ThreadGroup.removeThread(java.lang.Thread) from ThreadGroup.java:716 waiters=13 for 2.406s
12-04 22:56:37.282  4437  5140 W art     : Long monitor contention event with owner method=void java.lang.ThreadGroup.removeThread(java.lang.Thread) from ThreadGroup.java:716 waiters=14 for 2.387s
12-04 22:56:37.298  4437  5134 W art     : Long monitor contention event with owner method=void java.lang.ThreadGroup.removeThread(java.lang.Thread) from ThreadGroup.java:716 waiters=12 for 2.419s
12-04 22:56:37.305  4437  5115 W art     : Long monitor contention event with owner method=void java.lang.ThreadGroup.removeThread(java.lang.Thread) from ThreadGroup.java:716 waiters=11 for 2.435s
12-04 22:56:37.322  5179  5179 E MediaPlayer-JNI: JNIMediaPlayerFactory: bIsQCMediaPlayerPresent 0
12-04 22:56:37.322  5179  5179 E MediaPlayer-JNI: JNIMediaPlayerFactory: bIsQCMediaPlayerPresent 0
12-04 22:56:37.380  5226  5226 W System  : ClassLoader referenced unknown path: /system/priv-app/WeatherProvider/lib/arm64
12-04 22:56:37.404  4437  5132 W art     : Long monitor contention event with owner method=void java.lang.ThreadGroup.removeThread(java.lang.Thread) from ThreadGroup.java:716 waiters=16 for 2.449s
12-04 22:56:37.412  4437  5120 W art     : Long monitor contention event with owner method=void java.lang.ThreadGroup.removeThread(java.lang.Thread) from ThreadGroup.java:716 waiters=17 for 2.512s
12-04 22:56:37.473  4437  4459 I art     : Starting a blocking GC Explicit
12-04 22:56:38.557  4437  5115 W art     : Long monitor contention event with owner method=void java.lang.ThreadGroup.removeThread(java.lang.Thread) from ThreadGroup.java:716 waiters=7 for 468ms
12-04 22:56:38.623  4437  5130 W art     : Long monitor contention event with owner method=void java.lang.ThreadGroup.removeThread(java.lang.Thread) from ThreadGroup.java:716 waiters=8 for 610ms
12-04 22:56:38.657  4437  5134 W art     : Long monitor contention event with owner method=void java.lang.ThreadGroup.removeThread(java.lang.Thread) from ThreadGroup.java:716 waiters=7 for 537ms
12-04 22:56:38.666  4437  5119 W art     : Long monitor contention event with owner method=void java.lang.ThreadGroup.removeThread(java.lang.Thread) from ThreadGroup.java:716 waiters=7 for 546ms
12-04 22:56:38.890  4437  5115 W art     : Long monitor contention event with owner method=void java.lang.ThreadGroup.removeThread(java.lang.Thread) from ThreadGroup.java:716 waiters=4 for 268ms
12-04 22:56:45.229  4128  4128 W surfaceflinger: type=1701 audit(0.0:528): auid=4294967295 uid=1000 gid=1003 ses=4294967295 exe="/system/bin/surfaceflinger" sig=6
12-04 22:56:45.659  3326  3326 W auditd  : type=1325 audit(0.0:529): table=filter family=2 entries=76
12-04 22:56:45.659  3326  3326 W auditd  : type=1320 audit(0.0:529): 
12-04 22:56:45.669  3326  3326 W auditd  : type=1325 audit(0.0:530): table=filter family=10 entries=79
12-04 22:56:45.669  3326  3326 W auditd  : type=1320 audit(0.0:530): 
12-04 22:56:45.669  3326  3326 W auditd  : type=1325 audit(0.0:531): table=filter family=2 entries=75
12-04 22:56:45.669  3326  3326 W auditd  : type=1320 audit(0.0:531): 
12-04 22:56:45.679  3326  3326 W auditd  : type=1325 audit(0.0:532): table=filter family=10 entries=78
12-04 22:56:45.679  3326  3326 W auditd  : type=1320 audit(0.0:532): 
12-04 22:56:45.679  3326  3326 W auditd  : type=1325 audit(0.0:533): table=filter family=2 entries=73
12-04 22:56:45.679  3326  3326 W auditd  : type=1320 audit(0.0:533): 
12-04 22:56:45.679  3326  3326 W auditd  : type=1325 audit(0.0:534): table=filter family=10 entries=76
12-04 22:56:45.679  3326  3326 W auditd  : type=1320 audit(0.0:534): 
12-04 22:56:45.689  3326  3326 W auditd  : type=1325 audit(0.0:535): table=filter family=2 entries=71
12-04 22:56:45.689  3326  3326 W auditd  : type=1320 audit(0.0:535): 
12-04 22:56:45.689  3326  3326 W auditd  : type=1325 audit(0.0:536): table=filter family=10 entries=74
12-04 22:56:45.689  3326  3326 W auditd  : type=1320 audit(0.0:536): 
12-04 22:56:45.699  3326  3326 W auditd  : type=1325 audit(0.0:537): table=filter family=2 entries=73
12-04 22:56:45.699  3326  3326 W auditd  : type=1320 audit(0.0:537): 
12-04 22:56:45.699  3326  3326 W auditd  : type=1325 audit(0.0:538): table=filter family=10 entries=76
12-04 22:56:45.699  3326  3326 W auditd  : type=1320 audit(0.0:538): 
12-04 22:56:45.699  3326  3326 W auditd  : type=1325 audit(0.0:539): table=filter family=2 entries=74
12-04 22:56:45.699  3326  3326 W auditd  : type=1320 audit(0.0:539): 
12-04 22:56:45.709  3326  3326 W auditd  : type=1325 audit(0.0:540): table=filter family=10 entries=77
12-04 22:56:46.679  3326  3326 W auditd  : type=1325 audit(0.0:640): table=raw family=10 entries=9
12-04 22:56:46.679  3326  3326 W auditd  : type=1320 audit(0.0:640): 
12-04 22:56:46.689  3326  3326 W auditd  : type=1325 audit(0.0:641): table=raw family=2 entries=8
12-04 22:56:46.689  3326  3326 W auditd  : type=1320 audit(0.0:641): 
12-04 22:56:46.699  3326  3326 W auditd  : type=1325 audit(0.0:642): table=raw family=10 entries=8
12-04 22:56:46.699  3326  3326 W auditd  : type=1320 audit(0.0:642): 
12-04 22:56:46.709  3326  3326 W auditd  : type=1325 audit(0.0:643): table=raw family=2 entries=8
12-04 22:56:46.709  3326  3326 W auditd  : type=1320 audit(0.0:643): 
12-04 22:56:46.719  3326  3326 W auditd  : type=1325 audit(0.0:644): table=raw family=10 entries=8
12-04 22:56:46.719  3326  3326 W auditd  : type=1320 audit(0.0:644): 
12-04 22:56:38.898  4590  4590 D PhoneStatusBar: disable: < EXPAND ICONS* ALERTS* system_info BACK HOME RECENT clock SEARCH quick_settings >
12-04 22:56:38.898  4590  4590 D PhoneStatusBar: heads up is disabled
12-04 22:56:38.898  4590  4590 D PhoneStatusBar: dismissing any existing heads up notification on disable event
12-04 22:56:38.998  4437  4453 D libgps  : SendGpsExtensionMessage: Waiting for IPC connection...
12-04 22:56:39.257  4590  4611 I art     : Background sticky concurrent mark sweep GC freed 45112(4MB) AllocSpace objects, 2(40KB) LOS objects, 0% free, 56MB/56MB, paused 611us total 210.513ms
12-04 22:56:39.671  4590  4611 I art     : Background partial concurrent mark sweep GC freed 3466(202KB) AllocSpace objects, 0(0B) LOS objects, 22% free, 55MB/71MB, paused 19.101ms total 103.653ms
12-04 22:56:40.539  4437  4453 D libgps  : SendGpsExtensionMessage: Waiting for IPC connection - timeout
12-04 22:56:40.539  4437  4453 E libgps  : LIBGPS: Cannot communicate (write) with a GPSD
12-04 22:56:40.539  4437  4453 E libgps  : IPC Communication Error, ../../../../tmp/14804949_263294/allPartners/os/android/gps_interface/gpsi_client/GpsiClient.cpp:625 SendGpsExtensionMessage
12-04 22:56:40.539  4437  4453 D libgps  : agps_set_server: Waiting for IPC connection...
12-04 22:56:40.603  5179  5179 W art     : Long monitor contention event with owner method=boolean android.os.BinderProxy.transactNative(int, android.os.Parcel, android.os.Parcel, int) from Binder.java:4294967294 waiters=0 for 3.181s
12-04 22:56:40.829  4590  4611 W art     : Suspending all threads took: 226.239ms
12-04 22:56:40.831  4590  4611 I art     : Background sticky concurrent mark sweep GC freed 200(53KB) AllocSpace objects, 0(0B) LOS objects, 0% free, 83MB/83MB, paused 227.085ms total 610.907ms
12-04 22:56:40.990  5179  5192 W art     : Suspending all threads took: 59.463ms
12-04 22:56:41.065  4590  4590 D mali_winsys: EGLint new_window_surface(egl_winsys_display*, void*, EGLSurface, EGLConfig, egl_winsys_surface**, egl_color_buffer_format*, EGLBoolean) returns 0x3000,  [2880x2560]-format:2
12-04 22:56:41.583  4590  4590 I Choreographer: Skipped 382 frames!  The application may be doing too much work on its main thread.
12-04 22:56:41.629  5179  5253 D LocaleSetManager: Locale Changed from: null to null
12-04 22:56:41.953  4437  4453 D libgps  : agps_set_server: Waiting for IPC connection - timeout
12-04 22:56:41.953  4437  4453 E libgps  : LIBGPS: Cannot communicate (write) with a GPSD
12-04 22:56:41.953  4437  4453 E libgps  : IPC Communication Error, ../../../../tmp/14804949_263294/allPartners/os/android/gps_interface/gpsi_client/GpsiClient.cpp:1586 agps_set_server
12-04 22:56:41.954  4437  4453 D GpsLocationProvider: GPS configuration:
12-04 22:56:41.954  4437  4453 D GpsLocationProvider:  #Sun Dec 04 22:56:41 GMT+00:00 2016
12-04 22:56:41.954  4437  4453 D GpsLocationProvider: SUPL_VER=0x20000
12-04 22:56:41.954  4437  4453 D GpsLocationProvider: SUPL_HOST=supl.google.com
12-04 22:56:41.954  4437  4453 D GpsLocationProvider: NTP_SERVER=north-america.pool.ntp.org
12-04 22:56:41.954  4437  4453 D GpsLocationProvider: SUPL_PORT=7275
12-04 22:56:41.954  4437  4453 D GpsLocationProvider: SUPL_MODE=1
12-04 22:56:41.954  4437  4453 D libgps  : SendGpsExtensionMessage: Waiting for IPC connection...
12-04 22:56:42.036  4590  4590 D ViewRootImpl: changeCanvasOpacity: opaque=true
12-04 22:56:42.586  4437  4524 D WifiService: New client listening to asynchronous messages
12-04 22:56:42.742  4437  4458 D BluetoothManagerService: Message: 20
12-04 22:56:42.745  4437  4458 D BluetoothManagerService: Added callback: android.bluetooth.IBluetoothManagerCallback$Stub$Proxy@7ec875:true
12-04 22:56:42.754  5275  5275 F libc    : page record for 0x7faa35d010 was not found (block_size=16)
12-04 22:56:42.962  4437  4447 I art     : Background partial concurrent mark sweep GC freed 10043(993KB) AllocSpace objects, 8(332KB) LOS objects, 33% free, 31MB/47MB, paused 5.937ms total 472.390ms
12-04 22:56:42.966  5179  5192 W art     : Suspending all threads took: 19.787ms
12-04 22:56:43.109  4437  4454 W art     : Long monitor contention event with owner method=int com.android.server.am.ActivityManagerService.broadcastIntent(android.app.IApplicationThread, android.content.Intent, java.lang.String, android.content.IIntentReceiver, int, java.lang.String, android.os.Bundle, java.lang.String[], int, android.os.Bundle, boolean, boolean, int) from ActivityManagerService.java:17445 waiters=0 for 1.497s
12-04 22:56:43.111  4437  4451 W art     : Long monitor contention event with owner method=int com.android.server.am.ActivityManagerService.broadcastIntent(android.app.IApplicationThread, android.content.Intent, java.lang.String, android.content.IIntentReceiver, int, java.lang.String, android.os.Bundle, java.lang.String[], int, android.os.Bundle, boolean, boolean, int) from ActivityManagerService.java:17445 waiters=1 for 1.081s
12-04 22:56:43.111  4437  5021 W art     : Long monitor contention event with owner method=int com.android.server.am.ActivityManagerService.broadcastIntent(android.app.IApplicationThread, android.content.Intent, java.lang.String, android.content.IIntentReceiver, int, java.lang.String, android.os.Bundle, java.lang.String[], int, android.os.Bundle, boolean, boolean, int) from ActivityManagerService.java:17445 waiters=2 for 1.060s
12-04 22:56:43.112  4437  4959 W art     : Long monitor contention event with owner method=int com.android.server.am.ActivityManagerService.broadcastIntent(android.app.IApplicationThread, android.content.Intent, java.lang.String, android.content.IIntentReceiver, int, java.lang.String, android.os.Bundle, java.lang.String[], int, android.os.Bundle, boolean, boolean, int) from ActivityManagerService.java:17445 waiters=3 for 618ms
12-04 22:56:43.122  4437  4513 I InputReader: Reconfiguring input devices.  changes=0x00000010
12-04 22:56:43.181  4437  4458 D BluetoothManagerService: Message: 30
12-04 22:56:43.551  4437  4458 D BluetoothManagerService: Message: 30
12-04 22:56:43.636  4437  4453 D libgps  : SendGpsExtensionMessage: Waiting for IPC connection - timeout
12-04 22:56:43.636  4437  4453 E libgps  : LIBGPS: Cannot communicate (write) with a GPSD
12-04 22:56:43.686  4437  4453 E libgps  : IPC Communication Error, ../../../../tmp/14804949_263294/allPartners/os/android/gps_interface/gpsi_client/GpsiClient.cpp:625 SendGpsExtensionMessage
12-04 22:56:43.697  4437  4453 D GpsLocationProvider: final config = #Sun Dec 04 22:56:41 GMT+00:00 2016
12-04 22:56:43.697  4437  4453 D GpsLocationProvider: SUPL_VER=0x20000
12-04 22:56:43.697  4437  4453 D GpsLocationProvider: SUPL_HOST=supl.google.com
12-04 22:56:43.697  4437  4453 D GpsLocationProvider: NTP_SERVER=north-america.pool.ntp.org
12-04 22:56:43.697  4437  4453 D GpsLocationProvider: SUPL_PORT=7275
12-04 22:56:43.697  4437  4453 D GpsLocationProvider: SUPL_MODE=1
12-04 22:56:43.702  5179  5192 W art     : Suspending all threads took: 155.082ms
12-04 22:56:43.795  5179  5179 W WakefulBroadcastReceiver: No active wake lock id #1
12-04 22:56:43.798  4437  5138 W SchedPolicy: zygote64 add_tid_to_cpuset failed to write '5179' (Permission denied); fd=49
12-04 22:56:43.798  4437  5138 W ActivityManager: Failed setting process group of 5179 to 0
12-04 22:56:43.798  4437  5138 W System.err: java.lang.IllegalArgumentException
12-04 22:56:43.799  4437  5138 W System.err: 	at android.os.Process.setProcessGroup(Native Method)
12-04 22:56:43.799  4437  5138 W System.err: 	at com.android.server.am.ActivityManagerService.applyOomAdjLocked(ActivityManagerService.java:19193)
12-04 22:56:43.799  4437  5138 W System.err: 	at com.android.server.am.ActivityManagerService.updateOomAdjLocked(ActivityManagerService.java:19466)
12-04 22:56:43.799  4437  5138 W System.err: 	at com.android.server.am.ActivityManagerService.updateOomAdjLocked(ActivityManagerService.java:19544)
12-04 22:56:43.799  4437  5138 W System.err: 	at com.android.server.am.ActiveServices.serviceDoneExecutingLocked(ActiveServices.java:2080)
12-04 22:56:43.799  4437  5138 W System.err: 	at com.android.server.am.ActiveServices.serviceDoneExecutingLocked(ActiveServices.java:2028)
12-04 22:56:43.799  4437  5138 W System.err: 	at com.android.server.am.ActivityManagerService.serviceDoneExecuting(ActivityManagerService.java:16448)
12-04 22:56:43.799  4437  5138 W System.err: 	at android.app.ActivityManagerNative.onTransact(ActivityManagerNative.java:1046)
12-04 22:56:43.799  4437  5138 W System.err: 	at com.android.server.am.ActivityManagerService.onTransact(ActivityManagerService.java:2680)
12-04 22:56:43.799  4437  5138 W System.err: 	at android.os.Binder.execTransact(Binder.java:453)
12-04 22:56:43.804  4437  4959 W SchedPolicy: zygote64 add_tid_to_cpuset failed to write '4649' (Permission denied); fd=49
12-04 22:56:43.805  4437  4959 W ActivityManager: Failed setting process group of 4649 to 0
12-04 22:56:43.805  4437  4959 W System.err: java.lang.IllegalArgumentException
12-04 22:56:43.805  4437  4959 W System.err: 	at android.os.Process.setProcessGroup(Native Method)
12-04 22:56:43.805  4437  4959 W System.err: 	at com.android.server.am.ActivityManagerService.applyOomAdjLocked(ActivityManagerService.java:19193)
12-04 22:56:43.805  4437  4959 W System.err: 	at com.android.server.am.ActivityManagerService.updateOomAdjLocked(ActivityManagerService.java:19716)
12-04 22:56:43.805  4437  4959 W System.err: 	at com.android.server.am.ActivityManagerService.removeContentProvider(ActivityManagerService.java:10207)
12-04 22:56:43.805  4437  4959 W System.err: 	at android.app.ActivityManagerNative.onTransact(ActivityManagerNative.java:915)
12-04 22:56:43.805  4437  4959 W System.err: 	at com.android.server.am.ActivityManagerService.onTransact(ActivityManagerService.java:2680)
12-04 22:56:43.805  4437  4959 W System.err: 	at android.os.Binder.execTransact(Binder.java:453)
12-04 22:56:43.816  4942  4942 D LocalBluetoothProfileManager: Adding local MAP profile
12-04 22:56:44.185  4942  4942 D BluetoothMap: Create BluetoothMap proxy object
12-04 22:56:44.204  4437  4458 D BluetoothManagerService: Message: 30
12-04 22:56:44.265  4590  5161 I OpenGLRenderer: Initialized EGL, version 1.4
12-04 22:56:44.306  4590  5161 D mali_winsys: EGLint new_window_surface(egl_winsys_display*, void*, EGLSurface, EGLConfig, egl_winsys_surface**, egl_color_buffer_format*, EGLBoolean) returns 0x3000,  [1440x96]-format:1
12-04 22:56:44.404  4437  4524 D WifiService: New client listening to asynchronous messages
12-04 22:56:44.432  4437  4451 V KeyguardServiceDelegate: **** SHOWN CALLED ****
12-04 22:56:44.476  4437  4458 D BluetoothManagerService: Message: 30
12-04 22:56:44.541  4942  4942 D LocalBluetoothProfileManager: LocalBluetoothProfileManager construction complete
12-04 22:56:44.547  4437  4975 V KeyguardServiceDelegate: **** SHOWN CALLED ****
12-04 22:56:44.548  4437  4959 W SchedPolicy: zygote64 add_tid_to_cpuset failed to write '5226' (Permission denied); fd=49
12-04 22:56:44.548  4437  4959 W ActivityManager: Failed setting process group of 5226 to 0
12-04 22:56:44.548  4437  4959 W System.err: java.lang.IllegalArgumentException
12-04 22:56:44.548  4437  4959 W System.err: 	at android.os.Process.setProcessGroup(Native Method)
12-04 22:56:44.549  4437  4959 W System.err: 	at com.android.server.am.ActivityManagerService.applyOomAdjLocked(ActivityManagerService.java:19193)
12-04 22:56:44.549  4437  4959 W System.err: 	at com.android.server.am.ActivityManagerService.updateOomAdjLocked(ActivityManagerService.java:19716)
12-04 22:56:44.549  4437  4959 W System.err: 	at com.android.server.am.ActivityManagerService.removeContentProvider(ActivityManagerService.java:10207)
12-04 22:56:44.549  4437  4959 W System.err: 	at android.app.ActivityManagerNative.onTransact(ActivityManagerNative.java:915)
12-04 22:56:44.549  4437  4959 W System.err: 	at com.android.server.am.ActivityManagerService.onTransact(ActivityManagerService.java:2680)
12-04 22:56:44.549  4437  4959 W System.err: 	at android.os.Binder.execTransact(Binder.java:453)
12-04 22:56:44.964  4437  5021 W SchedPolicy: zygote64 add_tid_to_cpuset failed to write '5088' (Permission denied); fd=48
12-04 22:56:44.964  4437  5021 W ActivityManager: Failed setting process group of 5088 to -1
12-04 22:56:44.964  4437  5021 W System.err: java.lang.IllegalArgumentException
12-04 22:56:44.964  4437  5021 W System.err: 	at android.os.Process.setProcessGroup(Native Method)
12-04 22:56:44.964  4437  5021 W System.err: 	at com.android.server.am.ActivityManagerService.applyOomAdjLocked(ActivityManagerService.java:19193)
12-04 22:56:44.965  4437  5021 W System.err: 	at com.android.server.am.ActivityManagerService.updateOomAdjLocked(ActivityManagerService.java:19466)
12-04 22:56:44.965  4437  5021 W System.err: 	at com.android.server.am.ActivityManagerService.updateOomAdjLocked(ActivityManagerService.java:19544)
12-04 22:56:44.965  4437  5021 W System.err: 	at com.android.server.am.ActivityManagerService.getContentProviderImpl(ActivityManagerService.java:9915)
12-04 22:56:44.965  4437  5021 W System.err: 	at com.android.server.am.ActivityManagerService.getContentProvider(ActivityManagerService.java:10169)
12-04 22:56:44.965  4437  5021 W System.err: 	at android.app.ActivityManagerNative.onTransact(ActivityManagerNative.java:846)
12-04 22:56:44.965  4437  5021 W System.err: 	at com.android.server.am.ActivityManagerService.onTransact(ActivityManagerService.java:2680)
12-04 22:56:44.965  4437  5021 W System.err: 	at android.os.Binder.execTransact(Binder.java:453)
12-04 22:56:45.049  4128  4128 E Fence   : merge: sync_merge("FramebufferSurface:1", 836, 1019) returned an error: Too many open files (-24)
12-04 22:56:45.065  4649  4649 D MediaScannerReceiver: action: android.intent.action.MEDIA_MOUNTED path: /storage/emulated/0
12-04 22:56:45.115  4128  4128 E Fence   : merge: sync_merge("FramebufferSurface:4", 915, 1021) returned an error: Too many open files (-24)
12-04 22:56:45.182  4128  4128 E Fence   : merge: sync_merge("FramebufferSurface:2", 915, 1022) returned an error: Too many open files (-24)
12-04 22:56:45.205  4128  4128 W display : release fence dup failed: Too many open files
12-04 22:56:45.244  4437  4453 D libgps  : Init: created thread tid(0x8afff440)
12-04 22:56:45.244  4437  4453 D libgps  : SendGpsExtensionMessage: Waiting for IPC connection...
12-04 22:56:45.246  4128  4128 E Surface : dequeueBuffer: error duping fence: 24
12-04 22:56:45.248  4128  4128 E display : ioctl S3CFB_WIN_CONFIG failed: Too many open files
12-04 22:56:45.248  4128  4128 F display : ioctl S3CFB_WIN_CONFIG failed to clear screen: Too many open files
12-04 22:56:45.264  4150  4248 D         : NULL == surf->write_back_color_buffer
12-04 22:56:45.265  4150  4248 W         : GLES-MALI OOM error: failed to allocate CPU memory (gles_fb_first_drawcall_cb at hardware/samsung_slsi/MaliT880_r12p0_JF/product/gles/src/fb/mali_gles_fb_module_api.c:1281)
12-04 22:56:45.265  4150  4248 D         : NULL == surf->write_back_color_buffer
12-04 22:56:45.278  4437  4437 I ActivityManager: Start proc 5290:org.cyanogenmod.themes.provider/u0a20 for broadcast org.cyanogenmod.themes.provider/.AppReceiver
12-04 22:56:45.300  4150  4248 D         : NULL == surf->write_back_color_buffer
12-04 22:56:45.337  4150  4248 D         : NULL == surf->write_back_color_buffer
12-04 22:56:45.342  4437  4459 E DisplayEventReceiver: Display event receiver pipe was closed or an error occurred.  events=0x9
12-04 22:56:45.343  4437  4459 E DisplayEventReceiver: Display event receiver pipe was closed or an error occurred.  events=0x9
12-04 22:56:45.343  4437  4461 E DisplayEventReceiver: Display event receiver pipe was closed or an error occurred.  events=0x9
12-04 22:56:45.344  4590  5161 E OpenGLRenderer: Display event receiver pipe was closed or an error occurred.  events=0x9
12-04 22:56:45.344  4437  4437 E DisplayEventReceiver: Display event receiver pipe was closed or an error occurred.  events=0x9
12-04 22:56:45.344  5058  5177 E OpenGLRenderer: Display event receiver pipe was closed or an error occurred.  events=0x9
12-04 22:56:45.346  5058  5058 E DisplayEventReceiver: Display event receiver pipe was closed or an error occurred.  events=0x9
12-04 22:56:45.350  4150  4150 W SurfaceComposerClient: ComposerService remote (surfaceflinger) died [0x7f7eb23320]
12-04 22:56:45.350  4150  4150 D BootAnimation: SurfaceFlinger died, exiting...
12-04 22:56:45.427  2929  2929 I ServiceManager: service 'SurfaceFlinger' died
12-04 22:56:45.428  5296  5296 I SurfaceFlinger: SurfaceFlinger is starting
12-04 22:56:45.440  5296  5296 I SurfaceFlinger: SurfaceFlinger's main thread ready to run. Initializing graphics H/W...
12-04 22:56:45.454  5296  5296 D libEGL  : loaded /vendor/lib64/egl/libGLES_mali.so
12-04 22:56:45.494  5296  5296 I gralloc : using (id=)
12-04 22:56:45.494  5296  5296 I gralloc : xres         = 1440 px
12-04 22:56:45.494  5296  5296 I gralloc : yres         = 2560 px
12-04 22:56:45.494  5296  5296 I gralloc : width        = 68 mm (537.882324 dpi)
12-04 22:56:45.494  5296  5296 I gralloc : height       = 122 mm (532.983582 dpi)
12-04 22:56:45.494  5296  5296 I gralloc : refresh rate = 59.31 Hz
12-04 22:56:45.505  5296  5296 D hwcomposer: using
12-04 22:56:45.505  5296  5296 D hwcomposer: xres         = 1440 px
12-04 22:56:45.505  5296  5296 D hwcomposer: yres         = 2560 px
12-04 22:56:45.505  5296  5296 D hwcomposer: width        = 68 mm (537.882000 dpi)
12-04 22:56:45.505  5296  5296 D hwcomposer: height       = 122 mm (532.983000 dpi)
12-04 22:56:45.505  5296  5296 D hwcomposer: refresh rate = 59 Hz
12-04 22:56:45.505  5296  5296 I hwcomposer: PSR info devname = /sys/devices/13960000.decon_f/psr_info
12-04 22:56:45.505  5296  5296 I hwcomposer: PSR mode is 6(0: video mode, 1: DP PSR mode, 2: MIPI-DSI command mode)
12-04 22:56:45.505  5296  5296 I SurfaceFlinger: Using composer version 1.3
12-04 22:56:45.506  5296  5296 E display : unknown display attribute 6
12-04 22:56:45.506  5296  5296 I SurfaceFlinger: EGL information:
12-04 22:56:45.506  5296  5296 I SurfaceFlinger: vendor    : Android
12-04 22:56:45.506  5296  5296 I SurfaceFlinger: version   : 1.4 Android META-EGL
12-04 22:56:45.506  5296  5296 I SurfaceFlinger: extensions: EGL_KHR_get_all_proc_addresses EGL_ANDROID_presentation_time EGL_KHR_swap_buffers_with_damage EGL_KHR_image EGL_KHR_image_base EGL_KHR_gl_texture_2D_image EGL_KHR_gl_texture_cubemap_image EGL_KHR_gl_renderbuffer_image EGL_KHR_fence_sync EGL_KHR_create_context EGL_KHR_config_attribs EGL_KHR_surfaceless_context EGL_EXT_create_context_robustness EGL_ANDROID_image_native_buffer EGL_KHR_wait_sync EGL_ANDROID_recordable EGL_KHR_partial_update 
12-04 22:56:45.506  5296  5296 I SurfaceFlinger: Client API: OpenGL_ES
12-04 22:56:45.506  5296  5296 I SurfaceFlinger: EGLSurface: 8-8-8-8, config=0x7f92ebb138
12-04 22:56:45.521  5296  5296 I SurfaceFlinger: OpenGL ES informations:
12-04 22:56:45.521  5296  5296 I SurfaceFlinger: vendor    : ARM
12-04 22:56:45.521  5296  5296 I SurfaceFlinger: renderer  : Mali-T880
12-04 22:56:45.521  5296  5296 I SurfaceFlinger: version   : OpenGL ES 3.2 v1.r12p1-00dev0.60546d7cd0bfd82d0ba92ca3bb825c75
12-04 22:56:45.521  5296  5296 I SurfaceFlinger: extensions: GL_EXT_debug_marker GL_ARM_rgba8 GL_ARM_mali_shader_binary GL_OES_depth24 GL_OES_depth_texture GL_OES_depth_texture_cube_map GL_OES_packed_depth_stencil GL_OES_rgb8_rgba8 GL_EXT_read_format_bgra GL_OES_compressed_paletted_texture GL_OES_compressed_ETC1_RGB8_texture GL_OES_standard_derivatives GL_OES_EGL_image GL_OES_EGL_image_external GL_OES_EGL_image_external_essl3 GL_OES_EGL_sync GL_OES_texture_npot GL_OES_vertex_half_float GL_OES_required_internalformat GL_OES_vertex_array_object GL_OES_mapbuffer GL_EXT_texture_format_BGRA8888 GL_EXT_texture_rg GL_EXT_texture_type_2_10_10_10_REV GL_OES_fbo_render_mipmap GL_OES_element_index_uint GL_EXT_shadow_samplers GL_OES_texture_compression_astc GL_KHR_texture_compression_astc_ldr GL_KHR_texture_compression_astc_hdr GL_KHR_texture_compression_astc_sliced_3d GL_KHR_debug GL_EXT_occlusion_query_boolean GL_EXT_disjoint_timer_query GL_EXT_blend_minmax GL_EXT_discard_framebuffer GL_OES_get_program_binary GL_OES_texture_3D GL_EXT_texture_storage GL_EXT_multisamp
12-04 22:56:45.521  5296  5296 I SurfaceFlinger: GL_MAX_TEXTURE_SIZE = 16384
12-04 22:56:45.521  5296  5296 I SurfaceFlinger: GL_MAX_VIEWPORT_DIMS = 16384
12-04 22:56:45.522  5296  5296 D mali_winsys: EGLint new_window_surface(egl_winsys_display*, void*, EGLSurface, EGLConfig, egl_winsys_surface**, egl_color_buffer_format*, EGLBoolean) returns 0x3000,  [1440x2560]-format:1
12-04 22:56:45.524  5296  5296 D SurfaceFlinger: Set power mode=2, type=0 flinger=0x7f92e83c00
12-04 22:56:45.546  2929  2929 I ServiceManager: service 'media.radio' died
12-04 22:56:45.546  2929  2929 I ServiceManager: service 'media.sound_trigger_hw' died
12-04 22:56:45.546  2929  2929 I ServiceManager: service 'media.audio_flinger' died
12-04 22:56:45.546  2929  2929 I ServiceManager: service 'media.player' died
12-04 22:56:45.546  2929  2929 I ServiceManager: service 'media.resource_manager' died
12-04 22:56:45.546  2929  2929 I ServiceManager: service 'media.camera' died
12-04 22:56:45.546  2929  2929 I ServiceManager: service 'media.audio_policy' died
12-04 22:56:45.670  5322  5322 I Netd    : Netd 1.0 starting
12-04 22:56:45.670  5322  5322 I QtiConnectivityAdapter: Failed to open libconnctrl, some features may not be present.
12-04 22:56:45.670  5322  5322 D TetherController: Setting IP forward enable = 0
12-04 22:56:45.676  5320  5320 V MediaUtils: physMem: 3748511744
12-04 22:56:45.676  5320  5320 V MediaUtils: requested limit: 2436532605
12-04 22:56:45.676  5320  5320 V MediaUtils: actual limit: 2436532605
12-04 22:56:45.676  5320  5320 V MediaUtils: original limits: 4294967295/4294967295
12-04 22:56:45.676  5320  5320 V MediaUtils: new limits: 2436532605/4294967295
12-04 22:56:45.677  5320  5320 I mediaserver: ServiceManager: 0xf620e120
12-04 22:56:45.677  5320  5320 I AudioFlinger: Using default 3000 mSec as standby time.
12-04 22:56:46.109  5296  5296 D SurfaceFlinger: SF. shader cache generated - 26 shaders in 530.949768 ms
12-04 22:56:46.240  5318  5395 D libEGL  : loaded /vendor/lib64/egl/libGLES_mali.so
12-04 22:56:46.271  5318  5395 D mali_winsys: EGLint new_window_surface(egl_winsys_display*, void*, EGLSurface, EGLConfig, egl_winsys_surface**, egl_color_buffer_format*, EGLBoolean) returns 0x3000,  [1440x2560]-format:2
12-04 22:56:46.274  5318  5395 E BootAnimation: couldn't find audio_conf.txt
12-04 22:56:46.277  5318  5395 D BootAnimation: Use save memory method, maybe small fps in actual.
12-04 22:56:47.119  5319  5319 D AndroidRuntime: >>>>>> START com.android.internal.os.ZygoteInit uid 0 <<<<<<
12-04 22:56:47.128  5319  5319 D AndroidRuntime: CheckJNI is OFF
12-04 22:56:47.128  5319  5319 I art     : option[0]=-Xzygote
12-04 22:56:47.128  5319  5319 I art     : option[1]=-Xstacktracefile:/data/anr/traces.txt
12-04 22:56:47.128  5319  5319 I art     : option[2]=exit
12-04 22:56:47.128  5319  5319 I art     : option[3]=vfprintf
12-04 22:56:47.128  5319  5319 I art     : option[4]=sensitiveThread
12-04 22:56:47.128  5319  5319 I art     : option[5]=-verbose:gc
12-04 22:56:47.128  5319  5319 I art     : option[6]=-Xms8m
12-04 22:56:47.128  5319  5319 I art     : option[7]=-Xmx512m
12-04 22:56:47.128  5319  5319 I art     : option[8]=-XX:HeapGrowthLimit=256m
12-04 22:56:47.128  5319  5319 I art     : option[9]=-XX:HeapMinFree=2m
12-04 22:56:47.128  5319  5319 I art     : option[10]=-XX:HeapMaxFree=8m
12-04 22:56:47.128  5319  5319 I art     : option[11]=-XX:HeapTargetUtilization=0.75
12-04 22:56:47.128  5319  5319 I art     : option[12]=-agentlib:jdwp=transport=dt_android_adb,suspend=n,server=y
12-04 22:56:47.128  5319  5319 I art     : option[13]=-Xlockprofthreshold:500
12-04 22:56:47.128  5319  5319 I art     : option[14]=-Ximage-compiler-option
12-04 22:56:47.128  5319  5319 I art     : option[15]=--runtime-arg
12-04 22:56:47.128  5319  5319 I art     : option[16]=-Ximage-compiler-option
12-04 22:56:47.128  5319  5319 I art     : option[17]=-Xms64m
12-04 22:56:47.128  5319  5319 I art     : option[18]=-Ximage-compiler-option
12-04 22:56:47.128  5319  5319 I art     : option[19]=--runtime-arg
12-04 22:56:47.129  5319  5319 I art     : option[20]=-Ximage-compiler-option
12-04 22:56:47.129  5319  5319 I art     : option[21]=-Xmx64m
12-04 22:56:47.129  5319  5319 I art     : option[22]=-Ximage-compiler-option
12-04 22:56:47.129  5319  5319 I art     : option[23]=--compiler-filter=speed
12-04 22:56:47.129  5319  5319 I art     : option[24]=-Ximage-compiler-option
12-04 22:56:47.129  5319  5319 I art     : option[25]=--image-classes=/system/etc/preloaded-classes
12-04 22:56:47.129  5319  5319 I art     : option[26]=-Xcompiler-option
12-04 22:56:47.129  5319  5319 I art     : option[27]=--runtime-arg
12-04 22:56:47.129  5319  5319 I art     : option[28]=-Xcompiler-option
12-04 22:56:47.129  5319  5319 I art     : option[29]=-Xms64m
12-04 22:56:47.129  5319  5319 I art     : option[30]=-Xcompiler-option
12-04 22:56:47.129  5319  5319 I art     : option[31]=--runtime-arg
12-04 22:56:47.129  5319  5319 I art     : option[32]=-Xcompiler-option
12-04 22:56:47.129  5319  5319 I art     : option[33]=-Xmx512m
12-04 22:56:47.129  5319  5319 I art     : option[34]=-Xcompiler-option
12-04 22:56:47.129  5319  5319 I art     : option[35]=--compiler-filter=speed
12-04 22:56:47.129  5319  5319 I art     : option[36]=-Ximage-compiler-option
12-04 22:56:47.129  5319  5319 I art     : option[37]=--instruction-set-variant=generic
12-04 22:56:47.129  5319  5319 I art     : option[38]=-Xcompiler-option
12-04 22:56:47.129  5319  5319 I art     : option[39]=--instruction-set-variant=generic
12-04 22:56:47.129  5319  5319 I art     : option[40]=-Ximage-compiler-option
12-04 22:56:47.129  5319  5319 I art     : option[41]=--instruction-set-features=default
12-04 22:56:47.129  5319  5319 I art     : option[42]=-Xcompiler-option
12-04 22:56:47.129  5319  5319 I art     : option[43]=--instruction-set-features=default
12-04 22:56:47.129  5319  5319 I art     : option[44]=-Duser.locale=en-US
12-04 22:56:47.129  5319  5319 I art     : option[45]=--cpu-abilist=arm64-v8a,armeabi
12-04 22:56:47.129  5319  5319 I art     : option[46]=-Xfingerprint:samsung/cm_hero2ltexx/hero2ltexx:6.0.1/MOB31K/08500c6cdc:userdebug/test-keys
12-04 22:56:47.230  5319  5319 D ICU     : No timezone override file found: /data/misc/zoneinfo/current/icu/icu_tzdata.dat
12-04 22:56:47.337  5319  5319 I Radio-JNI: register_android_hardware_Radio DONE
12-04 22:56:47.355  5319  5319 I SamplingProfilerIntegration: Profiling disabled.
12-04 22:56:47.355  5319  5319 D Zygote  : begin preload
12-04 22:56:47.356  5319  5319 I Zygote  : Preloading classes...
12-04 22:56:47.475  5322  5322 V NatController: runCmd(/system/bin/iptables -w -F natctrl_FORWARD) res=0
12-04 22:56:47.487  5322  5322 V NatController: runCmd(/system/bin/iptables -w -A natctrl_FORWARD -j DROP) res=0
12-04 22:56:47.493  5319  5319 E Minikin : addFont failed to create font /system/fonts/NanumGothic.ttf
12-04 22:56:47.494  5319  5319 E Minikin : addFont failed to create font /system/fonts/DroidSansFallback.ttf
12-04 22:56:47.494  5319  5319 E Minikin : addFont failed to create font /system/fonts/MTLmr3m.ttf
12-04 22:56:47.498  5322  5322 V NatController: runCmd(/system/bin/iptables -w -t nat -F natctrl_nat_POSTROUTING) res=0
12-04 22:56:47.510  5322  5322 V NatController: runCmd(/system/bin/iptables -w -F natctrl_tether_counters) res=0
12-04 22:56:47.522  5322  5322 V NatController: runCmd(/system/bin/iptables -w -X natctrl_tether_counters) res=0
12-04 22:56:47.535  5322  5322 V NatController: runCmd(/system/bin/iptables -w -N natctrl_tether_counters) res=0
12-04 22:56:47.547  5322  5322 V NatController: runCmd(/system/bin/iptables -w -t mangle -A natctrl_mangle_FORWARD -p tcp --tcp-flags SYN SYN -j TCPMSS --clamp-mss-to-pmtu) res=0
12-04 22:56:47.631  5319  5319 V DngCreator_JNI: DngCreator_nativeClassInit:
12-04 22:56:47.684  5543  5543 F libc    : page record for 0x7fb5fff010 was not found (block_size=16)
12-04 22:56:47.839  5319  5319 I art     : Thread[1,tid=5319,Native,Thread*=0x7f954fba00,peer=0x12c2d100,"main"] recursive attempt to load library "/system/lib64/libmedia_jni.so"
12-04 22:56:47.839  5319  5319 D MtpDeviceJNI: register_android_mtp_MtpDevice
12-04 22:56:47.840  5319  5319 I art     : Thread[1,tid=5319,Native,Thread*=0x7f954fba00,peer=0x12c2d100,"main"] recursive attempt to load library "/system/lib64/libmedia_jni.so"
12-04 22:56:47.840  5319  5319 I art     : Thread[1,tid=5319,Native,Thread*=0x7f954fba00,peer=0x12c2d100,"main"] recursive attempt to load library "/system/lib64/libmedia_jni.so"
