07-09 20:27:26.769  4419  4419 V NatController: runCmd(/system/bin/iptables -w -t mangle -A natctrl_mangle_FORWARD -p tcp --tcp-flags SYN SYN -j TCPMSS --clamp-mss-to-pmtu) res=0
07-09 20:27:26.849  3052  3052 W auditd  : type=1325 audit(0.0:573): table=raw family=10 entries=9
07-09 20:27:26.849  3052  3052 W auditd  : type=1320 audit(0.0:573): 
07-09 20:27:26.849  3052  3052 W auditd  : type=1325 audit(0.0:574): table=mangle family=2 entries=16
07-09 20:27:26.849  3052  3052 W auditd  : type=1320 audit(0.0:574): 
07-09 20:27:26.859  3052  3052 W auditd  : type=1325 audit(0.0:575): table=mangle family=10 entries=12
07-09 20:27:26.859  3052  3052 W auditd  : type=1320 audit(0.0:575): 
07-09 20:27:26.869  3052  3052 W auditd  : type=1325 audit(0.0:576): table=filter family=2 entries=49
07-09 20:27:26.869  3052  3052 W auditd  : type=1320 audit(0.0:576): 
07-09 20:27:26.869  3052  3052 W auditd  : type=1325 audit(0.0:577): table=filter family=10 entries=52
07-09 20:27:26.869  3052  3052 W auditd  : type=1320 audit(0.0:577): 
07-09 20:27:26.879  3052  3052 W auditd  : type=1325 audit(0.0:578): table=filter family=2 entries=47
07-09 20:27:26.879  3052  3052 W auditd  : type=1320 audit(0.0:578): 
07-09 20:27:26.879  3052  3052 W auditd  : type=1325 audit(0.0:579): table=filter family=10 entries=50
07-09 20:27:26.879  3052  3052 W auditd  : type=1320 audit(0.0:579): 
07-09 20:27:26.889  3052  3052 W auditd  : type=1325 audit(0.0:580): table=filter family=2 entries=45
07-09 20:27:26.889  3052  3052 W auditd  : type=1320 audit(0.0:580): 
07-09 20:27:26.889  3052  3052 W auditd  : type=1325 audit(0.0:581): table=filter family=10 entries=48
07-09 20:27:26.889  3052  3052 W auditd  : type=1320 audit(0.0:581): 
07-09 20:27:26.899  3052  3052 W auditd  : type=1325 audit(0.0:582): table=filter family=2 entries=43
07-09 20:27:26.899  3052  3052 W auditd  : type=1320 audit(0.0:582): 
07-09 20:27:27.116  4419  4419 E Netd    : cannot find interface dummy0
07-09 20:27:27.118  4419  4419 D MDnsDS  : MDnsSdListener::Hander starting up
07-09 20:27:27.118  4419  4683 D MDnsDS  : MDnsSdListener starting to monitor
07-09 20:27:27.118  4419  4683 D MDnsDS  : Going to poll with pollCount 1
07-09 20:27:27.171  4416  4416 I art     : Thread[1,tid=4416,Native,Thread*=0x7f8043ba00,peer=0x12c532e0,"main"] recursive attempt to load library "/system/lib64/libmedia_jni.so"
07-09 20:27:27.171  4416  4416 D MtpDeviceJNI: register_android_mtp_MtpDevice
07-09 20:27:27.171  4416  4416 I art     : Thread[1,tid=4416,Native,Thread*=0x7f8043ba00,peer=0x12c532e0,"main"] recursive attempt to load library "/system/lib64/libmedia_jni.so"
07-09 20:27:27.172  4416  4416 I art     : Thread[1,tid=4416,Native,Thread*=0x7f8043ba00,peer=0x12c532e0,"main"] recursive attempt to load library "/system/lib64/libmedia_jni.so"
07-09 20:27:27.622  4416  4416 W System  : ClassLoader referenced unknown path: /system/framework/tcmclient.jar
07-09 20:27:27.920  4416  4416 I System  : Loaded time zone names for "" in 20ms (17ms in ICU)
07-09 20:27:27.952  4416  4416 I System  : Loaded time zone names for "en_US" in 32ms (11ms in ICU)
07-09 20:27:28.101  4416  4416 I Zygote  : ...preloaded 3831 classes in 1978ms.
07-09 20:27:28.101  4416  4416 I art     : VMRuntime.preloadDexCaches starting
07-09 20:27:28.131  4416  4416 I art     : VMRuntime.preloadDexCaches strings total=248969 before=10083 after=10083
07-09 20:27:28.131  4416  4416 I art     : VMRuntime.preloadDexCaches types total=20332 before=8245 after=9836
07-09 20:27:28.131  4416  4416 I art     : VMRuntime.preloadDexCaches fields total=100378 before=35761 after=47726
07-09 20:27:28.131  4416  4416 I art     : VMRuntime.preloadDexCaches methods total=172817 before=67604 after=83308
07-09 20:27:28.131  4416  4416 I art     : VMRuntime.preloadDexCaches finished
07-09 20:27:28.143  4687  4687 D idmap   : error: no read access to /vendor/overlay: No such file or directory
07-09 20:27:28.146  4416  4416 I Zygote  : Preloading resources...
07-09 20:27:28.517  4416  4416 I Zygote  : ...preloaded 342 resources in 371ms.
07-09 20:27:28.526  4416  4416 I Zygote  : ...preloaded 41 resources in 9ms.
07-09 20:27:28.532  4416  4416 D libEGL  : loaded /vendor/lib64/egl/libGLES_mali.so
07-09 20:27:28.538  4416  4416 I Zygote  : Preloading shared libraries...
07-09 20:27:28.544  4416  4416 D Zygote  : end preload
07-09 20:27:28.544  4416  4416 I art     : Starting a blocking GC Explicit
07-09 20:27:28.554  4416  4416 I art     : Explicit concurrent mark sweep GC freed 11350(457KB) AllocSpace objects, 0(0B) LOS objects, 35% free, 29MB/45MB, paused 55us total 9.943ms
07-09 20:27:28.559  4416  4416 I art     : Starting a blocking GC Explicit
07-09 20:27:28.568  4416  4416 I art     : Explicit concurrent mark sweep GC freed 2330(110KB) AllocSpace objects, 0(0B) LOS objects, 35% free, 28MB/44MB, paused 58us total 8.875ms
07-09 20:27:28.569  4416  4456 I art     : Starting a blocking GC HeapTrim
07-09 20:27:28.570  4416  4416 I art     : Starting a blocking GC Background
07-09 20:27:28.619  4416  4416 I Zygote  : System server process 4689 has been created
07-09 20:27:28.621  4416  4416 I Zygote  : Accepting command socket connections
07-09 20:27:28.636  4689  4689 I Zygote  : Process: zygote socket opened, supported ABIS: armeabi-v7a,armeabi
07-09 20:27:28.637  4689  4689 I InstallerConnection: connecting...
07-09 20:27:28.637  2949  2949 I installd: new connection
07-09 20:27:28.639  4689  4689 I InstallerConnection: disconnecting...
07-09 20:27:28.639  2949  2949 E installd: eof
07-09 20:27:28.639  2949  2949 E installd: failed to read size
07-09 20:27:28.639  2949  2949 I installd: closing connection
07-09 20:27:28.674  4689  4689 I SystemServer: Entered the Android system server!
07-09 20:27:28.725  4689  4689 I SystemServiceManager: Starting com.android.server.pm.Installer
07-09 20:27:28.727  4689  4689 I Installer: Waiting for installd to be ready.
07-09 20:27:28.727  4689  4689 I InstallerConnection: connecting...
07-09 20:27:28.728  2949  2949 I installd: new connection
07-09 20:27:28.728  4689  4689 I SystemServiceManager: Starting com.android.server.am.ActivityManagerService$Lifecycle
07-09 20:27:28.808  4689  4689 I XXXXXX  : choosing minFree values for 64 Bit
07-09 20:27:28.808  4689  4689 I XXXXXX  : choosing minFree values for 64 Bit
07-09 20:27:28.808  4689  4689 I XXXXXX  : choosing minFree values for 64 Bit
07-09 20:27:28.808  4689  4689 I XXXXXX  : choosing minFree values for 64 Bit
07-09 20:27:28.808  4689  4689 I XXXXXX  : choosing minFree values for 64 Bit
07-09 20:27:28.808  4689  4689 I XXXXXX  : choosing minFree values for 64 Bit
07-09 20:27:28.814  4689  4689 I ActivityManager: Memory class: 256
07-09 20:27:28.815  4689  4705 I ServiceThread: Enabled StrictMode logging for ActivityManager looper.
07-09 20:27:28.820  4689  4706 I ServiceThread: Enabled StrictMode logging for android.ui looper.
07-09 20:27:28.882  4689  4689 D BatteryStatsImpl: Reading daily items from /data/system/batterystats-daily.xml
07-09 20:27:28.912  4689  4689 I AppOps  : No existing app ops /data/system/appops.xml; starting empty
07-09 20:27:28.968  4689  4689 I IntentFirewall: Read new rules (A:0 B:0 S:0)
07-09 20:27:28.988  4689  4710 I ServiceThread: Enabled StrictMode logging for android.display looper.
07-09 20:27:28.992  4689  4689 D AppOps  : AppOpsService published
07-09 20:27:28.993  4689  4689 I SystemServiceManager: Starting com.android.server.power.PowerManagerService
07-09 20:27:28.994  4689  4712 I ServiceThread: Enabled StrictMode logging for PowerManagerService looper.
07-09 20:27:28.995  4689  4689 W libsuspend: Error writing 'on' to /sys/power/state: Invalid argument
07-09 20:27:28.995  4689  4689 I libsuspend: Selected wakeup count
07-09 20:27:28.997  4689  4689 I SystemServiceManager: Starting com.android.server.lights.LightsService
07-09 20:27:28.998  4689  4689 I SystemServiceManager: Starting com.android.server.display.DisplayManagerService
07-09 20:27:29.004  4689  4689 I SystemServiceManager: Starting phase 100
07-09 20:27:29.007  2919  3038 E SurfaceFlinger: getDefaultDisplay: id=2 is not a valid default display id
07-09 20:27:29.009  4689  4710 I DisplayManagerService: Display device added: DisplayDeviceInfo{"Built-in Screen": uniqueId="local:0", 1440 x 2560, modeId 1, defaultModeId 1, supportedModes [{id=1, width=1440, height=2560, fps=59.0}], colorTransformId 1, defaultColorTransformId 1, supportedColorTransforms [{id=1, colorTransform=0}], density 640, 537.8823 x 532.9836 dpi, appVsyncOff 0, presDeadline 17949152, touch INTERNAL, rotation 0, type BUILT_IN, state UNKNOWN, FLAG_DEFAULT_DISPLAY, FLAG_ROTATES_WITH_CONTENT, FLAG_SECURE, FLAG_SUPPORTS_PROTECTED_BUFFERS}
07-09 20:27:29.010  2919  2919 D SurfaceFlinger: Set power mode=2, type=0 flinger=0x7f7f383c00
07-09 20:27:29.010  2919  2919 D SurfaceFlinger: Screen type=0 is already mode=2
07-09 20:27:29.011  4689  4710 I DisplayManagerService: Display device changed state: "Built-in Screen", ON
07-09 20:27:29.011  4689  4689 I SystemServer: Package Manager
07-09 20:27:29.079  4689  4689 W SELinuxMMAC: Error opening /data/system/seapp_hash. Assuming first boot.
07-09 20:27:29.112  4689  4689 W SystemConfig: No directory /system/etc/sysconfig, skipping
07-09 20:27:29.191  4689  4689 D SELinuxMMAC: Using policy file /system/etc/security/mac_permissions.xml
07-09 20:27:29.912  4689  4689 E art     : DexFile_getDexOptNeeded file '/system/framework/org.apache.http.legacy.jar' does not exist
07-09 20:27:29.912  4689  4689 W PackageManager: Library not found: /system/framework/org.apache.http.legacy.jar
07-09 20:27:29.912  4689  4689 E art     : DexFile_getDexOptNeeded file '/system/framework/com.android.nfc_extras.jar' does not exist
07-09 20:27:29.912  4689  4689 W PackageManager: Library not found: /system/framework/com.android.nfc_extras.jar
07-09 20:27:29.913  4689  4689 E art     : DexFile_getDexOptNeeded file '/system/framework/org.apache.http.legacy.jar' does not exist
07-09 20:27:29.913  4689  4689 W PackageManager: Library not found: /system/framework/org.apache.http.legacy.jar
07-09 20:27:29.913  4689  4689 E art     : DexFile_getDexOptNeeded file '/system/framework/com.android.nfc_extras.jar' does not exist
07-09 20:27:29.913  4689  4689 W PackageManager: Library not found: /system/framework/com.android.nfc_extras.jar
07-09 20:27:29.930  4689  4689 D PackageManager: No files in app dir /vendor/overlay
07-09 20:27:30.881  4689  4689 W PackageManager: Permission android.permission.SET_KEYGUARD_WALLPAPER from package android in an unknown group android.permission-group.WALLPAPER
07-09 20:27:30.884  4689  4689 W PackageManager: Permission android.permission.MODIFY_PROTECTED_SMS_LIST from package android in an unknown group android.permission-group.MESSAGES
07-09 20:27:30.884  4689  4689 W PackageManager: Permission android.permission.RECEIVE_PROTECTED_SMS from package android in an unknown group android.permission-group.MESSAGES
07-09 20:27:30.884  4689  4689 W PackageManager: Permission android.permission.RESET_BATTERY_STATS from package android in an unknown group android.permission-group.SYSTEM_TOOLS
07-09 20:27:30.905  4689  4689 I PackageManager: SELinux relabeling of cyanogenmod.platform issued.
07-09 20:27:30.908  4689  4689 W PackageManager: Permission cyanogenmod.permission.WRITE_ALARMS from package cyanogenmod.platform in an unknown group android.permission-group.SYSTEM_CLOCK
07-09 20:27:30.909  4689  4689 W PackageManager: Permission cyanogenmod.permission.MANAGE_ALARMS from package cyanogenmod.platform in an unknown group android.permission-group.SYSTEM_CLOCK
07-09 20:27:30.909  4689  4689 W PackageManager: Permission cyanogenmod.permission.READ_ALARMS from package cyanogenmod.platform in an unknown group android.permission-group.SYSTEM_CLOCK
07-09 20:27:30.939  4689  4689 I PackageManager: SELinux relabeling of org.cyanogenmod.audiofx issued.
07-09 20:27:30.958  4689  4689 I PackageManager: SELinux relabeling of com.android.backupconfirm issued.
07-09 20:27:30.976  4689  4689 I PackageManager: SELinux relabeling of org.cyanogenmod.cmsettings issued.
07-09 20:27:31.043  4689  4689 I PackageManager: SELinux relabeling of com.cyanogenmod.updater issued.
07-09 20:27:31.066  4689  4689 I PackageManager: SELinux relabeling of com.android.providers.calendar issued.
07-09 20:27:31.083  4689  4689 I PackageManager: SELinux relabeling of com.android.calllogbackup issued.
07-09 20:27:31.182  4689  4689 I PackageManager: SELinux relabeling of com.android.carrierconfig issued.
07-09 20:27:31.209  4689  4689 I PackageManager: SELinux relabeling of com.android.cellbroadcastreceiver issued.
07-09 20:27:31.226  4689  4689 W PackageParser: No actions in intent filter at /system/priv-app/Contacts/Contacts.apk Binary XML file line #301
07-09 20:27:31.780  4689  4689 I PackageManager: SELinux relabeling of com.android.contacts issued.
07-09 20:27:31.808  4689  4689 I PackageManager: SELinux relabeling of com.android.providers.contacts issued.
07-09 20:27:32.285  4689  4689 I PackageManager: SELinux relabeling of com.cyanogenmod.setupwizard issued.
07-09 20:27:32.307  4689  4689 I PackageManager: SELinux relabeling of org.cyanogenmod.providers.datausage issued.
07-09 20:27:32.324  4689  4689 I PackageManager: SELinux relabeling of com.android.defcontainer issued.
07-09 20:27:32.336  4689  4689 W PackageParser: No actions in intent filter at /system/priv-app/Dialer/Dialer.apk Binary XML file line #151
07-09 20:27:32.946  4689  4689 I PackageManager: SELinux relabeling of com.android.dialer issued.
07-09 20:27:32.972  4689  4689 I PackageManager: SELinux relabeling of com.android.providers.downloads issued.
07-09 20:27:32.976  4689  4689 W PackageManager: Permission android.permission.DOWNLOAD_WITHOUT_NOTIFICATION from package com.android.providers.downloads in an unknown group android.permission-group.NETWORK
07-09 20:27:32.990  4689  4689 I PackageManager: SELinux relabeling of com.android.externalstorage issued.
07-09 20:27:33.007  4689  4689 I PackageManager: SELinux relabeling of com.android.location.fused issued.
07-09 20:27:33.036  4689  4689 I PackageManager: SELinux relabeling of com.android.inputdevices issued.
07-09 20:27:33.053  4689  4689 I PackageManager: SELinux relabeling of org.cyanogenmod.livelockscreen.service issued.
07-09 20:27:33.090  4689  4689 I PackageManager: SELinux relabeling of com.android.managedprovisioning issued.
07-09 20:27:33.113  4689  4689 I PackageManager: SELinux relabeling of com.android.providers.media issued.
07-09 20:27:33.133  4689  4689 I PackageManager: SELinux relabeling of com.android.mms.service issued.
07-09 20:27:33.149  4689  4689 I PackageManager: SELinux relabeling of com.android.onetimeinitializer issued.
07-09 20:27:33.290  4689  4689 I PackageManager: SELinux relabeling of com.android.packageinstaller issued.
07-09 20:27:33.311  4689  4689 I PackageManager: SELinux relabeling of com.android.proxyhandler issued.
07-09 20:27:33.337  4689  4689 I PackageManager: SELinux relabeling of org.cyanogenmod.screencast issued.
07-09 20:27:34.147  4689  4689 I PackageManager: SELinux relabeling of com.android.settings issued.
07-09 20:27:34.191  4689  4689 I PackageManager: SELinux relabeling of com.android.providers.settings issued.
07-09 20:27:34.207  4689  4689 I PackageManager: SELinux relabeling of com.android.sharedstoragebackup issued.
07-09 20:27:34.230  4689  4689 I PackageManager: SELinux relabeling of com.android.shell issued.
07-09 20:27:34.248  4689  4689 I PackageManager: SELinux relabeling of com.android.statementservice issued.
07-09 20:27:34.535  4689  4689 I PackageManager: SELinux relabeling of com.android.systemui issued.
07-09 20:27:34.554  4689  4689 W PackageParser: Ignoring duplicate uses-permissions/uses-permissions-sdk-m: android.permission.ACCESS_WIFI_STATE in package: com.android.phone at: Binary XML file line #132
07-09 20:27:34.626  4689  4689 I PackageManager: SELinux relabeling of com.android.phone issued.
07-09 20:27:34.663  4689  4689 I PackageManager: SELinux relabeling of com.android.server.telecom issued.
07-09 20:27:34.685  4689  4689 I PackageManager: SELinux relabeling of com.android.providers.telephony issued.
07-09 20:27:34.720  4689  4689 I PackageManager: SELinux relabeling of org.cyanogenmod.theme.chooser issued.
07-09 20:27:34.742  4689  4689 I PackageManager: SELinux relabeling of org.cyanogenmod.themes.provider issued.
07-09 20:27:34.841  4689  4689 I PackageManager: SELinux relabeling of com.cyanogenmod.trebuchet issued.
07-09 20:27:34.846  4689  4689 W PackageManager: Permission com.android.launcher.permission.INSTALL_SHORTCUT from package com.cyanogenmod.trebuchet in an unknown group android.permission-group.SYSTEM_TOOLS
07-09 20:27:34.846  4689  4689 W PackageManager: Permission com.android.launcher3.permission.READ_SETTINGS from package com.cyanogenmod.trebuchet in an unknown group android.permission-group.SYSTEM_TOOLS
07-09 20:27:34.846  4689  4689 W PackageManager: Permission com.android.launcher3.permission.WRITE_SETTINGS from package com.cyanogenmod.trebuchet in an unknown group android.permission-group.SYSTEM_TOOLS
07-09 20:27:34.865  4689  4689 I PackageManager: SELinux relabeling of com.android.vpndialogs issued.
07-09 20:27:34.885  4689  4689 I PackageManager: SELinux relabeling of com.android.wallpapercropper issued.
07-09 20:27:34.901  4689  4689 I PackageManager: SELinux relabeling of org.cyanogenmod.weather.provider issued.
07-09 20:27:34.920  4689  4689 I PackageManager: SELinux relabeling of com.android.dreams.basic issued.
07-09 20:27:34.933  4689  4689 W PackageParser: No actions in intent filter at /system/app/Bluetooth/Bluetooth.apk Binary XML file line #234
07-09 20:27:34.955  4689  4689 I PackageManager: SELinux relabeling of com.android.bluetooth issued.
07-09 20:27:34.981  4689  4689 I PackageManager: SELinux relabeling of com.android.bluetoothmidiservice issued.
07-09 20:27:35.071  4689  4689 I PackageManager: SELinux relabeling of com.android.browser issued.
07-09 20:27:35.083  4689  4689 W PackageParser: No actions in intent filter at /system/app/CMFileManager/CMFileManager.apk Binary XML file line #164
07-09 20:27:35.169  4689  4689 I PackageManager: SELinux relabeling of com.cyanogenmod.filemanager issued.
07-09 20:27:35.206  4689  4689 I PackageManager: SELinux relabeling of com.cyanogenmod.wallpapers issued.
07-09 20:27:35.325  4689  4689 I PackageManager: SELinux relabeling of com.android.calendar issued.
07-09 20:27:35.509  4689  4689 I PackageManager: SELinux relabeling of com.android.camera2 issued.
07-09 20:27:35.529  4689  4689 I PackageManager: SELinux relabeling of com.android.captiveportallogin issued.
07-09 20:27:35.549  4689  4689 I PackageManager: SELinux relabeling of com.android.certinstaller issued.
07-09 20:27:35.703  4689  4689 I PackageManager: SELinux relabeling of com.android.deskclock issued.
07-09 20:27:35.740  4689  4689 I PackageManager: SELinux relabeling of com.android.development issued.
07-09 20:27:35.798  4689  4689 I PackageManager: SELinux relabeling of com.android.documentsui issued.
07-09 20:27:35.819  4689  4689 I PackageManager: SELinux relabeling of com.android.providers.downloads.ui issued.
07-09 20:27:35.883  4689  4689 I PackageManager: SELinux relabeling of com.cyanogenmod.eleven issued.
07-09 20:27:36.132  4689  4689 I PackageManager: SELinux relabeling of com.android.email issued.
07-09 20:27:36.162  4689  4689 I PackageManager: SELinux relabeling of com.android.calculator2 issued.
07-09 20:27:36.186  4689  4689 I PackageManager: SELinux relabeling of com.android.exchange issued.
07-09 20:27:36.210  4689  4689 I PackageManager: SELinux relabeling of com.android.galaxy4 issued.
07-09 20:27:36.225  4689  4689 W PackageParser: Unknown element under <application>: permission at /system/app/Gallery2/Gallery2.apk Binary XML file line #278
07-09 20:27:36.225  4689  4689 W PackageParser: Unknown element under <application>: permission at /system/app/Gallery2/Gallery2.apk Binary XML file line #281
07-09 20:27:36.406  4689  4689 I PackageManager: SELinux relabeling of com.android.gallery3d issued.
07-09 20:27:36.429  4689  4689 I PackageManager: SELinux relabeling of com.android.htmlviewer issued.
07-09 20:27:36.451  4689  4689 I PackageManager: SELinux relabeling of com.android.wallpaper.holospiral issued.
07-09 20:27:36.469  4689  4689 I PackageManager: SELinux relabeling of com.android.keychain issued.
07-09 20:27:36.983  4689  4689 I PackageManager: SELinux relabeling of com.android.inputmethod.latin issued.
07-09 20:27:37.014  4689  4689 I PackageManager: SELinux relabeling of com.android.wallpaper issued.
07-09 20:27:37.036  4689  4689 I PackageManager: SELinux relabeling of com.android.wallpaper.livepicker issued.
07-09 20:27:37.131  4689  4689 I PackageManager: SELinux relabeling of com.cyanogenmod.lockclock issued.
07-09 20:27:37.155  4689  4689 I PackageManager: SELinux relabeling of com.android.noisefield issued.
07-09 20:27:37.171  4689  4689 I PackageManager: SELinux relabeling of com.android.pacprocessor issued.
07-09 20:27:37.194  4689  4689 I PackageManager: SELinux relabeling of com.android.phasebeam issued.
07-09 20:27:37.241  4689  4689 I PackageManager: SELinux relabeling of org.cyanogenmod.wallpapers.photophase issued.
07-09 20:27:37.267  4689  4689 I PackageManager: SELinux relabeling of com.android.dreams.phototable issued.
07-09 20:27:37.287  4689  4689 I PackageManager: SELinux relabeling of com.svox.pico issued.
07-09 20:27:37.315  4689  4689 I PackageManager: SELinux relabeling of com.android.printspooler issued.
07-09 20:27:37.333  4689  4689 I PackageManager: SELinux relabeling of org.cyanogenmod.profiles issued.
07-09 20:27:37.349  4689  4689 I PackageManager: SELinux relabeling of com.android.provision issued.
07-09 20:27:37.366  4689  4689 I PackageManager: SELinux relabeling of com.gd.mobicore.pa issued.
07-09 20:27:37.387  4689  4689 I PackageManager: SELinux relabeling of com.cyanogenmod.samsungservicemode issued.
07-09 20:27:37.412  4689  4689 I PackageManager: SELinux relabeling of com.android.soundrecorder issued.
07-09 20:27:37.437  4689  4689 I PackageManager: SELinux relabeling of com.android.stk issued.
07-09 20:27:37.457  4689  4689 I PackageManager: SELinux relabeling of com.android.terminal issued.
07-09 20:27:37.473  4689  4689 I PackageManager: SELinux relabeling of com.android.providers.userdictionary issued.
07-09 20:27:37.489  4689  4689 I PackageManager: SELinux relabeling of com.android.smspush issued.
07-09 20:27:37.514  4689  4689 I PackageManager: SELinux relabeling of org.cyanogenmod.wallpaperpicker issued.
07-09 20:27:37.518  4689  4689 W PackageManager: Failed to parse /system/app/mcRegistry: Missing base APK in /system/app/mcRegistry
07-09 20:27:38.197  4689  4689 I PackageManager: SELinux relabeling of com.android.messaging issued.
07-09 20:27:38.218  4689  4689 I PackageManager: SELinux relabeling of com.android.frameworks.telresources issued.
07-09 20:27:38.285  4689  4689 I PackageManager: SELinux relabeling of com.android.webview issued.
07-09 20:27:38.289  4689  4689 D PackageManager: No files in app dir /system/vendor/app
07-09 20:27:38.289  4689  4689 D PackageManager: No files in app dir /oem/app
07-09 20:27:38.289  4689  4689 D PackageManager: No files in app dir /vendor/bundled-app
07-09 20:27:38.291  4689  4689 W PackageManager: Failed to parse /data/app/mcRegistry: Missing base APK in /data/app/mcRegistry
07-09 20:27:38.291  4689  4689 D PackageManager: No files in app dir /data/app-private
07-09 20:27:38.291  4689  4689 E PackageManager: updateAllSharedLibrariesLPw failed: Package com.android.dialer requires unavailable shared library com.qualcomm.qti.smartsearch; failing!
07-09 20:27:38.291  4689  4689 W PackageManager: Package com.android.gallery3d desires unavailable shared library com.google.android.media.effects; ignoring!
07-09 20:27:38.291  4689  4689 W PackageManager: Package com.android.gallery3d desires unavailable shared library com.google.android.media.effects; ignoring!
07-09 20:27:38.291  4689  4689 I PackageManager: Adjusting ABI for : com.android.location.fused to arm64-v8a
07-09 20:27:38.292  4689  4689 I PackageManager: Adjusting ABI for : org.cyanogenmod.providers.datausage to arm64-v8a
07-09 20:27:38.292  4689  4689 I PackageManager: Adjusting ABI for : com.android.server.telecom to arm64-v8a
07-09 20:27:38.292  4689  4689 I PackageManager: Adjusting ABI for : com.android.development to arm64-v8a
07-09 20:27:38.292  4689  4689 I PackageManager: Adjusting ABI for : org.cyanogenmod.cmsettings to arm64-v8a
07-09 20:27:38.293  4689  4689 I PackageManager: Adjusting ABI for : com.android.keychain to arm64-v8a
07-09 20:27:38.294  4689  4689 I PackageManager: Adjusting ABI for : com.android.providers.settings to arm64-v8a
07-09 20:27:38.294  4689  4689 I PackageManager: Adjusting ABI for : com.android.inputdevices to arm64-v8a
07-09 20:27:38.295  4689  4689 I PackageManager: Adjusting ABI for : com.android.settings to arm64-v8a
07-09 20:27:38.295  4689  4689 I PackageManager: Adjusting ABI for : cyanogenmod.platform to arm64-v8a
07-09 20:27:38.296  2949  2949 E installd: invalid apk path '/system/framework/org.cyanogenmod.platform-res.apk' (bad prefix)
07-09 20:27:38.296  4689  4689 I PackageManager: Adjusting ABI for : com.cyanogenmod.setupwizard to arm64-v8a
07-09 20:27:38.296  4689  4689 I PackageManager: Time to scan packages: 8.387 seconds
07-09 20:27:38.297  4689  4689 W PackageManager: Unknown permission com.google.android.googleapps.permission.GOOGLE_AUTH in package com.android.providers.calendar
07-09 20:27:38.297  4689  4689 W PackageManager: Unknown permission com.google.android.googleapps.permission.GOOGLE_AUTH.cl in package com.android.providers.calendar
07-09 20:27:38.298  4689  4689 W PackageManager: Not granting permission android.permission.REAL_GET_TASKS to package org.cyanogenmod.wallpapers.photophase (protectionLevel=18 flags=0x3818be45)
07-09 20:27:38.299  4689  4689 W PackageManager: Unknown permission com.cyanogen.ambient.permission.BIND_CALLER_INFO in package com.android.messaging
07-09 20:27:38.299  4689  4689 W PackageManager: Not granting permission android.permission.ACCESS_DOWNLOAD_MANAGER to package com.android.browser (protectionLevel=18 flags=0x3849be45)
07-09 20:27:38.299  4689  4689 W PackageManager: Not granting permission android.permission.SEND_DOWNLOAD_COMPLETED_INTENTS to package com.android.browser (protectionLevel=2 flags=0x3849be45)
07-09 20:27:38.300  4689  4689 W PackageManager: Unknown permission com.cyngn.stats.SEND_ANALYTICS in package com.cyanogenmod.setupwizard
07-09 20:27:38.300  4689  4689 W PackageManager: Unknown permission com.cyanogen.permission.REQUEST_KILL_SWITCH_OP in package com.cyanogenmod.setupwizard
07-09 20:27:38.301  4689  4689 W PackageManager: Unknown permission com.cyanogen.ambient.permission.BIND_INCALL_SERVICE in package com.android.contacts
07-09 20:27:38.301  4689  4689 W PackageManager: Unknown permission com.cyanogen.ambient.permission.PLUGIN_STATUS_CHANGED in package com.android.contacts
07-09 20:27:38.301  4689  4689 W PackageManager: Unknown permission com.cyanogen.ambient.permission.BIND_CALLER_INFO in package com.android.contacts
07-09 20:27:38.302  4689  4689 W PackageManager: Unknown permission com.google.android.googleapps.permission.GOOGLE_AUTH.mail in package com.android.calendar
07-09 20:27:38.303  4689  4689 W PackageManager: Unknown permission com.android.launcher.permission.READ_SETTINGS in package com.android.onetimeinitializer
07-09 20:27:38.303  4689  4689 W PackageManager: Unknown permission com.android.launcher.permission.WRITE_SETTINGS in package com.android.onetimeinitializer
07-09 20:27:38.304  4689  4689 W PackageManager: Unknown permission com.cyanogen.ambient.permission.BIND_INCALL_SERVICE in package com.android.dialer
07-09 20:27:38.304  4689  4689 W PackageManager: Unknown permission com.cyanogen.ambient.permission.PLUGIN_STATUS_CHANGED in package com.android.dialer
07-09 20:27:38.304  4689  4689 W PackageManager: Unknown permission com.cyanogen.ambient.permission.PUBLISH_DISCOVERY_NUDGE in package com.android.dialer
07-09 20:27:38.304  4689  4689 W PackageManager: Unknown permission com.cyanogen.ambient.permission.BIND_DEEPLINK_SERVICE in package com.android.dialer
07-09 20:27:38.304  4689  4689 W PackageManager: Unknown permission com.cyanogen.ambient.permission.READ_DEEPLINK_DATABASE in package com.android.dialer
07-09 20:27:38.304  4689  4689 W PackageManager: Unknown permission com.cyanogen.ambient.permission.BIND_CALLER_INFO in package com.android.dialer
07-09 20:27:38.304  4689  4689 W PackageManager: Unknown permission com.android.launcher.permission.READ_SETTINGS in package com.cyanogenmod.trebuchet
07-09 20:27:38.305  4689  4689 W PackageManager: Unknown permission com.android.launcher.permission.WRITE_SETTINGS in package com.cyanogenmod.trebuchet
07-09 20:27:38.305  4689  4689 W PackageManager: Unknown permission com.cyngn.stats.SEND_ANALYTICS in package com.cyanogenmod.trebuchet
07-09 20:27:38.305  4689  4689 W PackageManager: Unknown permission android.permission.CANCEL_NOTIFICATIONS in package org.cyanogenmod.theme.chooser
07-09 20:27:38.305  4689  4689 W PackageManager: Unknown permission com.google.android.permission.INSTALL_WEARABLE_PACKAGES in package com.android.packageinstaller
07-09 20:27:38.305  4689  4689 W PackageManager: Not granting permission android.permission.DELETE_PACKAGES to package com.svox.pico (protectionLevel=18 flags=0x3808be45)
07-09 20:27:38.305  4689  4689 W PackageManager: Unknown permission android.permission.ACCESS_SUPERUSER in package com.cyanogenmod.filemanager
07-09 20:27:38.305  4689  4689 W PackageManager: Unknown permission com.cyanogenmod.filemanager.permissions.READ_THEME in package com.cyanogenmod.filemanager
07-09 20:27:38.306  4689  4689 W PackageManager: Unknown permission com.google.android.gallery3d.permission.PICASA_STORE in package com.android.dreams.phototable
07-09 20:27:38.307  4689  4689 W PackageManager: Unknown permission com.google.android.googleapps.permission.GOOGLE_AUTH in package com.android.settings
07-09 20:27:38.307  4689  4689 W PackageManager: Unknown permission com.android.launcher.permission.READ_SETTINGS in package com.android.settings
07-09 20:27:38.307  4689  4689 W PackageManager: Unknown permission com.android.launcher.permission.WRITE_SETTINGS in package com.android.settings
07-09 20:27:38.308  4689  4689 W PackageManager: Not granting permission android.permission.REAL_GET_TASKS to package com.cyanogenmod.eleven (protectionLevel=18 flags=0x3818be65)
07-09 20:27:38.313  4689  4689 W PackageManager: Unknown permission com.google.android.gallery3d.permission.GALLERY_PROVIDER in package com.android.bluetooth
07-09 20:27:38.313  4689  4689 W PackageManager: Unknown permission com.google.android.googleapps.permission.ACCESS_GOOGLE_PASSWORD in package com.android.development
07-09 20:27:38.313  4689  4689 W PackageManager: Unknown permission com.google.android.googleapps.permission.GOOGLE_AUTH in package com.android.development
07-09 20:27:38.314  4689  4689 W PackageManager: Unknown permission com.google.android.googleapps.permission.GOOGLE_AUTH.ALL_SERVICES in package com.android.development
07-09 20:27:38.314  4689  4689 W PackageManager: Unknown permission com.google.android.googleapps.permission.GOOGLE_AUTH.YouTubeUser in package com.android.development
07-09 20:27:38.315  4689  4689 V PackageManager: Disabling com.google.android.gsf/com.google.android.gsf.update.SystemUpdateActivity
07-09 20:27:38.315  4689  4689 W PackageManager: Unable to disable com.google.android.gsf/com.google.android.gsf.update.SystemUpdateActivity
07-09 20:27:38.315  4689  4689 V PackageManager: Disabling com.google.android.gsf/com.google.android.gsf.update.SystemUpdateService$Receiver
07-09 20:27:38.315  4689  4689 W PackageManager: Unable to disable com.google.android.gsf/com.google.android.gsf.update.SystemUpdateService$Receiver
07-09 20:27:38.315  4689  4689 V PackageManager: Disabling com.google.android.gsf/com.google.android.gsf.update.SystemUpdateService$SecretCodeReceiver
07-09 20:27:38.315  4689  4689 W PackageManager: Unable to disable com.google.android.gsf/com.google.android.gsf.update.SystemUpdateService$SecretCodeReceiver
07-09 20:27:38.315  4689  4689 V PackageManager: Disabling com.google.android.gms/com.google.android.gms.update.SystemUpdateActivity
07-09 20:27:38.315  4689  4689 W PackageManager: Unable to disable com.google.android.gms/com.google.android.gms.update.SystemUpdateActivity
07-09 20:27:38.315  4689  4689 V PackageManager: Disabling com.google.android.gms/com.google.android.gms.update.SystemUpdateService$Receiver
07-09 20:27:38.315  4689  4689 W PackageManager: Unable to disable com.google.android.gms/com.google.android.gms.update.SystemUpdateService$Receiver
07-09 20:27:38.315  4689  4689 V PackageManager: Disabling com.google.android.gms/com.google.android.gms.update.SystemUpdateService$ActiveReceiver
07-09 20:27:38.315  4689  4689 W PackageManager: Unable to disable com.google.android.gms/com.google.android.gms.update.SystemUpdateService$ActiveReceiver
07-09 20:27:38.315  4689  4689 V PackageManager: Disabling com.google.android.gms/com.google.android.gms.update.SystemUpdateService$SecretCodeReceiver
07-09 20:27:38.315  4689  4689 W PackageManager: Unable to disable com.google.android.gms/com.google.android.gms.update.SystemUpdateService$SecretCodeReceiver
07-09 20:27:38.315  4689  4689 V PackageManager: Enabling com.google.android.gsf/com.google.android.gsf.update.SystemUpdateService
07-09 20:27:38.315  4689  4689 W PackageManager: Unable to enable com.google.android.gsf/com.google.android.gsf.update.SystemUpdateService
07-09 20:27:38.315  4689  4689 V PackageManager: Enabling com.google.android.gms/com.google.android.gms.update.SystemUpdateService
07-09 20:27:38.315  4689  4689 W PackageManager: Unable to enable com.google.android.gms/com.google.android.gms.update.SystemUpdateService
07-09 20:27:38.522  4689  4689 I art     : Starting a blocking GC Explicit
07-09 20:27:38.540  4689  4689 I art     : Explicit concurrent mark sweep GC freed 50812(2MB) AllocSpace objects, 8(416KB) LOS objects, 33% free, 28MB/42MB, paused 109us total 17.887ms
07-09 20:27:38.541  4689  4689 I SystemServer: User Service
07-09 20:27:38.551  2917  2917 I lowmemorykiller: ActivityManager connected
07-09 20:27:38.556  4689  4689 I SystemServiceManager: Starting com.android.server.BatteryService
07-09 20:27:38.556  4689  4722 I         : System server: starting sensor init.
07-09 20:27:38.556  4689  4722 D SensorService: nuSensorService starting...
07-09 20:27:38.557  4689  4722 I Sensors : getName:gyro_sensor name = K6DS3TR.
07-09 20:27:38.558  4689  4722 I Sensors : Proximity old sensor_state 0, new sensor_state : 128 en : 1
07-09 20:27:38.568  4689  4722 I Sensors : Light old sensor_state 128, new sensor_state : 640 en : 1
07-09 20:27:38.569  4689  4689 I SystemServiceManager: Starting com.android.server.usage.UsageStatsService
07-09 20:27:38.573  4689  4722 I Sensors : Light_IR old sensor_state 640, new sensor_state : 16777856 en : 1
07-09 20:27:38.573  4689  4722 E Sensors : Light_IR_Sensor write failed. ret = -1, sensor_state = 16777856
07-09 20:27:38.574  4689  4722 I Sensors : SigMotionSensor old sensor_state 640, new sensor_state : 17024 en : 1
07-09 20:27:38.579  4689  4722 I Sensors : getName:gyro_sensor name = K6DS3TR.
07-09 20:27:38.580  4689  4722 I Sensors : StepCounterSensor old sensor_state 17024, new sensor_state : 279168 en : 1
07-09 20:27:38.580  4689  4722 E Sensors : StepCounterSensor write failed. ret = -1, sensor_state = 279168
07-09 20:27:38.580  4689  4722 I Sensors : Int.Gyro old sensor_state 17024, new sensor_state : 33571456 en : 1
07-09 20:27:38.580  4689  4722 E Sensors : Int.GyroSensor write failed. ret = -1, sensor_state = 33571456
07-09 20:27:38.580  4689  4722 I Sensors : getName:gyro_sensor name = K6DS3TR.
07-09 20:27:38.580  4689  4722 I Sensors : HrmSpO2Sensor:: part type = 12.
07-09 20:27:38.580  4689  4722 D Sensors : HrmSpO2Sensor::type:12, prox threshold:10000
07-09 20:27:38.580  4689  4722 D Sensors : HrmSpO2Sensor::handle:0 ,en:1
07-09 20:27:38.580  4689  4722 E Sensors : HrmSpO2Sensor::Error MAXIM Flicker Library...handle=0x0
07-09 20:27:38.580  4689  4722 D Sensors : HrmSpO2Sensor::HrmSpO2Sensor: Shared version Registered
07-09 20:27:38.580  4689  4722 D Sensors : HrmLedSensor enable: mEnabled 0, handle 20, en 1
07-09 20:27:38.580  4689  4722 D Sensors : HRMSensor led enabled:1, en:1
07-09 20:27:38.584  4689  4722 I Sensors : getVendor:hrm_sensor vendor = MAXIM.
07-09 20:27:38.584  4689  4722 I Sensors : HrmLedSensor: HrmLedSensor vendor = MAXIM.
07-09 20:27:38.585  4689  4722 D Sensors : HRMSensor_LED::libhr open start!! 
07-09 20:27:38.585  4689  4722 E Sensors : HRMSensor_LED::libhr open failed 
07-09 20:27:38.585  4689  4722 E Sensors : GripSensor: enable
07-09 20:27:38.613  4689  4722 I Sensors : Proximity old sensor_state 17024, new sensor_state : 16896 en : 0
07-09 20:27:38.613  4689  4722 I Sensors : Light old sensor_state 16896, new sensor_state : 16384 en : 0
07-09 20:27:38.613  4689  4722 I Sensors : SigMotionSensor old sensor_state 16384, new sensor_state : 0 en : 0
07-09 20:27:38.614  4689  4722 E Sensors : GripSensor: enable
07-09 20:27:38.614  4689  4722 D Sensors : HrmSpO2Sensor::handle:19 ,en:0
07-09 20:27:38.614  4689  4722 D Sensors : HrmSpO2Sensor::isEnabled:0 ,en:0, mEn:0
07-09 20:27:38.614  4689  4722 D Sensors : HrmSpO2Sensor::handle:28 ,en:0
07-09 20:27:38.614  4689  4722 D Sensors : HrmSpO2Sensor::isEnabled:0 ,en:0, mEn:0
07-09 20:27:38.614  4689  4722 D Sensors : HrmLedSensor enable: mEnabled 1, handle 20, en 0
07-09 20:27:38.614  4689  4722 D Sensors : HRMSensor_LED::enable 
07-09 20:27:38.614  4689  4722 D Sensors : HRMSensor led enabled:0, en:0
07-09 20:27:38.615  4689  4722 D Sensors : HrmLedSensor enable: mEnabled 0, handle 21, en 0
07-09 20:27:38.615  4689  4722 D Sensors : HrmLedSensor isEnabled:0 ,en:0
07-09 20:27:38.615  4689  4722 D Sensors : HrmSpO2Sensor::handle:18 ,en:0
07-09 20:27:38.615  4689  4722 D Sensors : HrmSpO2Sensor::isEnabled:0 ,en:0, mEn:0
07-09 20:27:38.615  4689  4722 I         : System server: sensor init done.
07-09 20:27:38.615  4689  4723 D SensorService: new thread SensorEventAckReceiver
07-09 20:27:38.623  4689  4724 D SensorService: nuSensorService thread starting...
07-09 20:27:38.673  4689  4689 I UsageStatsService: User[0] Rollover scheduled @ 2016-07-10 00:00:00(1468108800000)
07-09 20:27:38.676  4689  4689 I SystemServiceManager: Starting com.android.server.webkit.WebViewUpdateService
07-09 20:27:38.678  4689  4689 I SystemServer: Reading configuration...
07-09 20:27:38.678  4689  4689 I SystemServer: Scheduling Policy
07-09 20:27:38.678  4689  4689 I SystemServiceManager: Starting com.android.server.telecom.TelecomLoaderService
07-09 20:27:38.679  4689  4689 I SystemServer: Telephony Registry
07-09 20:27:38.687  4689  4689 I SystemServer: Entropy Mixer
07-09 20:27:38.713  4689  4689 I EntropyMixer: Added HW RNG output to entropy pool
07-09 20:27:38.713  4689  4689 I EntropyMixer: Writing entropy...
07-09 20:27:38.727  4689  4689 I SystemServer: Camera Service
07-09 20:27:38.727  4689  4689 I SystemServiceManager: Starting com.android.server.camera.CameraService
07-09 20:27:38.729  4689  4725 I ServiceThread: Enabled StrictMode logging for CameraService_proxy looper.
07-09 20:27:38.730  4689  4689 I SystemServer: Account Manager
07-09 20:27:38.750  4689  4689 I SystemServer: Content Manager
07-09 20:27:38.755  4689  4689 I SystemServer: System Content Providers
07-09 20:27:38.760  4689  4689 W System  : ClassLoader referenced unknown path: /system/priv-app/CMSettingsProvider/lib/arm64
07-09 20:27:38.775  4689  4689 W System  : ClassLoader referenced unknown path: /system/priv-app/SettingsProvider/lib/arm64
07-09 20:27:38.812  4689  4689 I SystemServer: Vibrator Service
07-09 20:27:38.817  4689  4689 I SystemServer: Consumer IR Service
07-09 20:27:38.818  4689  4689 E ConsumerIrService: Can't open consumer IR HW Module, error: -2
07-09 20:27:38.818  4689  4689 E System  : ******************************************
07-09 20:27:38.818  4689  4689 E System  : ************ Failure starting core service
07-09 20:27:38.818  4689  4689 E System  : java.lang.RuntimeException: FEATURE_CONSUMER_IR present, but no IR HAL loaded!
07-09 20:27:38.818  4689  4689 E System  : 	at com.android.server.ConsumerIrService.<init>(ConsumerIrService.java:51)
07-09 20:27:38.818  4689  4689 E System  : 	at com.android.server.SystemServer.startOtherServices(SystemServer.java:508)
07-09 20:27:38.818  4689  4689 E System  : 	at com.android.server.SystemServer.run(SystemServer.java:290)
07-09 20:27:38.818  4689  4689 E System  : 	at com.android.server.SystemServer.main(SystemServer.java:175)
07-09 20:27:38.818  4689  4689 E System  : 	at java.lang.reflect.Method.invoke(Native Method)
07-09 20:27:38.818  4689  4689 E System  : 	at com.android.internal.os.ZygoteInit$MethodAndArgsCaller.run(ZygoteInit.java:726)
07-09 20:27:38.818  4689  4689 E System  : 	at com.android.internal.os.ZygoteInit.main(ZygoteInit.java:616)
07-09 20:27:38.818  4689  4689 I SystemServer: Input Method Service
07-09 20:27:38.855  4689  4689 W InputMethodManagerService: No IME selected. Choose the most applicable IME.
07-09 20:27:38.855  4689  4689 I InputMethodManagerService: Default found, using com.android.inputmethod.latin/.LatinIME
07-09 20:27:38.859  4689  4689 I SystemServer: Accessibility Manager
07-09 20:27:38.869  4689  4689 W SystemServer: ***********************************************
07-09 20:27:38.870  4689  4689 E SystemServer: BOOT FAILURE making display ready
07-09 20:27:38.870  4689  4689 E SystemServer: java.lang.NullPointerException: Attempt to invoke virtual method 'void com.android.server.wm.WindowManagerService.displayReady()' on a null object reference
07-09 20:27:38.870  4689  4689 E SystemServer: 	at com.android.server.SystemServer.startOtherServices(SystemServer.java:590)
07-09 20:27:38.870  4689  4689 E SystemServer: 	at com.android.server.SystemServer.run(SystemServer.java:290)
07-09 20:27:38.870  4689  4689 E SystemServer: 	at com.android.server.SystemServer.main(SystemServer.java:175)
07-09 20:27:38.870  4689  4689 E SystemServer: 	at java.lang.reflect.Method.invoke(Native Method)
07-09 20:27:38.870  4689  4689 E SystemServer: 	at com.android.internal.os.ZygoteInit$MethodAndArgsCaller.run(ZygoteInit.java:726)
07-09 20:27:38.870  4689  4689 E SystemServer: 	at com.android.internal.os.ZygoteInit.main(ZygoteInit.java:616)
07-09 20:27:38.872  4689  4689 I SystemServiceManager: Starting com.android.server.MountService$Lifecycle
07-09 20:27:38.884  4689  4728 D MountService: Thinking about reset, mSystemReady=false, mDaemonConnected=true
07-09 20:27:38.886  4689  4689 I SystemServiceManager: Starting com.android.server.UiModeManagerService
07-09 20:27:38.886  4689  4728 D MountService: Thinking about reset, mSystemReady=false, mDaemonConnected=true
07-09 20:27:38.886  4689  4728 D CryptdConnector: SND -> {1 cryptfs getfield SystemLocale}
07-09 20:27:38.886  2906  2939 I Ext4Crypt: ext4 crypto complete called on /data
07-09 20:27:38.887  2906  2939 I Ext4Crypt: No master key, so not ext4enc
07-09 20:27:38.888  4689  4730 D CryptdConnector: RCV <- {200 1 -1}
07-09 20:27:38.888  4689  4689 I ActivityManager: Config changes=200 {1.0 ?mcc?mnc en_US ldltr ?swdp ?wdp ?hdp ?density ?lsize ?long ?orien ?touch ?keyb/?/? ?nav/? s.2 themeResource=null}
07-09 20:27:38.891  4689  4728 W MountService: No primary storage mounted!
07-09 20:27:38.891  4689  4728 D VoldConnector: SND -> {1 asec list}
07-09 20:27:38.892  4689  4729 D VoldConnector: RCV <- {200 1 asec operation succeeded}
07-09 20:27:38.892  4689  4728 I PackageManager: No secure containers found
07-09 20:27:38.893  4689  4689 E System  : ******************************************
07-09 20:27:38.893  4689  4728 W PackageManager: Unknown permission com.google.android.googleapps.permission.GOOGLE_AUTH in package com.android.providers.calendar
07-09 20:27:38.893  4689  4728 W PackageManager: Unknown permission com.google.android.googleapps.permission.GOOGLE_AUTH.cl in package com.android.providers.calendar
07-09 20:27:38.893  4689  4689 E System  : ************ Failure starting system services
07-09 20:27:38.893  4689  4689 E System  : java.lang.NullPointerException: Attempt to invoke virtual method 'void com.android.server.wm.WindowManagerService.showBootMessage(java.lang.CharSequence, boolean)' on a null object reference
07-09 20:27:38.893  4689  4689 E System  : 	at com.android.server.am.ActivityManagerService.showBootMessage(ActivityManagerService.java:6565)
07-09 20:27:38.893  4689  4689 E System  : 	at com.android.server.SystemServer.startOtherServices(SystemServer.java:623)
07-09 20:27:38.893  4689  4689 E System  : 	at com.android.server.SystemServer.run(SystemServer.java:290)
07-09 20:27:38.893  4689  4689 E System  : 	at com.android.server.SystemServer.main(SystemServer.java:175)
07-09 20:27:38.893  4689  4689 E System  : 	at java.lang.reflect.Method.invoke(Native Method)
07-09 20:27:38.893  4689  4689 E System  : 	at com.android.internal.os.ZygoteInit$MethodAndArgsCaller.run(ZygoteInit.java:726)
07-09 20:27:38.893  4689  4689 E System  : 	at com.android.internal.os.ZygoteInit.main(ZygoteInit.java:616)
07-09 20:27:38.893  4689  4689 D AndroidRuntime: Shutting down VM
07-09 20:27:38.893  4689  4728 W PackageManager: Not granting permission android.permission.REAL_GET_TASKS to package org.cyanogenmod.wallpapers.photophase (protectionLevel=18 flags=0x3818be45)
07-09 20:27:38.894  4689  4689 E AndroidRuntime: *** FATAL EXCEPTION IN SYSTEM PROCESS: main
07-09 20:27:38.894  4689  4689 E AndroidRuntime: java.lang.NullPointerException: Attempt to invoke virtual method 'void com.android.server.wm.WindowManagerService.showBootMessage(java.lang.CharSequence, boolean)' on a null object reference
07-09 20:27:38.894  4689  4689 E AndroidRuntime: 	at com.android.server.am.ActivityManagerService.showBootMessage(ActivityManagerService.java:6565)
07-09 20:27:38.894  4689  4689 E AndroidRuntime: 	at com.android.server.SystemServer.startOtherServices(SystemServer.java:623)
07-09 20:27:38.894  4689  4689 E AndroidRuntime: 	at com.android.server.SystemServer.run(SystemServer.java:290)
07-09 20:27:38.894  4689  4689 E AndroidRuntime: 	at com.android.server.SystemServer.main(SystemServer.java:175)
07-09 20:27:38.894  4689  4689 E AndroidRuntime: 	at java.lang.reflect.Method.invoke(Native Method)
07-09 20:27:38.894  4689  4689 E AndroidRuntime: 	at com.android.internal.os.ZygoteInit$MethodAndArgsCaller.run(ZygoteInit.java:726)
07-09 20:27:38.894  4689  4689 E AndroidRuntime: 	at com.android.internal.os.ZygoteInit.main(ZygoteInit.java:616)
07-09 20:27:38.894  4689  4728 W PackageManager: Unknown permission com.cyanogen.ambient.permission.BIND_CALLER_INFO in package com.android.messaging
07-09 20:27:38.894  4689  4728 W PackageManager: Not granting permission android.permission.ACCESS_DOWNLOAD_MANAGER to package com.android.browser (protectionLevel=18 flags=0x3849be45)
07-09 20:27:38.894  4689  4728 W PackageManager: Not granting permission android.permission.SEND_DOWNLOAD_COMPLETED_INTENTS to package com.android.browser (protectionLevel=2 flags=0x3849be45)
07-09 20:27:38.894  4689  4689 I Process : Sending signal. PID: 4689 SIG: 9
07-09 20:27:38.920  2949  2949 E installd: eof
07-09 20:27:38.921  2949  2949 E installd: failed to read size
07-09 20:27:38.921  2949  2949 I installd: closing connection
07-09 20:27:38.921  2917  2917 I lowmemorykiller: ActivityManager disconnected
07-09 20:27:38.921  2918  2918 I ServiceManager: service 'scheduling_policy' died
07-09 20:27:38.921  2917  2917 I lowmemorykiller: Closing Activity Manager data connection
07-09 20:27:38.921  2918  2918 I ServiceManager: service 'cpuinfo' died
07-09 20:27:38.921  2918  2918 I ServiceManager: service 'batterymanager' died
07-09 20:27:38.921  2918  2918 I ServiceManager: service 'webviewupdate' died
07-09 20:27:38.921  2918  2918 I ServiceManager: service 'telephony.registry' died
07-09 20:27:38.921  2918  2918 I ServiceManager: service 'usagestats' died
07-09 20:27:38.921  2918  2918 I ServiceManager: service 'media.camera.proxy' died
07-09 20:27:38.921  2918  2918 I ServiceManager: service 'account' died
07-09 20:27:38.921  2918  2918 I ServiceManager: service 'content' died
07-09 20:27:38.921  2918  2918 I ServiceManager: service 'dbinfo' died
07-09 20:27:38.921  2918  2918 I ServiceManager: service 'processinfo' died
07-09 20:27:38.921  2918  2918 I ServiceManager: service 'permission' died
07-09 20:27:38.921  2918  2918 I ServiceManager: service 'vibrator' died
07-09 20:27:38.921  2918  2918 I ServiceManager: service 'input_method' died
07-09 20:27:38.921  2918  2918 I ServiceManager: service 'accessibility' died
07-09 20:27:38.921  2918  2918 I ServiceManager: service 'user' died
07-09 20:27:38.921  2918  2918 I ServiceManager: service 'procstats' died
07-09 20:27:38.922  2918  2918 I ServiceManager: service 'package' died
07-09 20:27:38.922  2918  2918 I ServiceManager: service 'activity' died
07-09 20:27:38.922  2918  2918 I ServiceManager: service 'meminfo' died
07-09 20:27:38.922  2918  2918 I ServiceManager: service 'gfxinfo' died
07-09 20:27:38.922  2918  2918 I ServiceManager: service 'mount' died
07-09 20:27:38.922  2918  2918 I ServiceManager: service 'uimode' died
07-09 20:27:38.922  2918  2918 I ServiceManager: service 'appops' died
07-09 20:27:38.922  2918  2918 I ServiceManager: service 'batterystats' died
07-09 20:27:38.922  2918  2918 I ServiceManager: service 'power' died
07-09 20:27:38.922  2918  2918 I ServiceManager: service 'display' died
