12-04 08:20:42.914  3360  3390 I PackageManager: /system/priv-app/ThemeChooser changed; collecting certs
12-04 08:20:43.049  3360  3391 I PackageManager: /system/priv-app/ThemesProvider changed; collecting certs
12-04 08:20:43.130  3360  3388 I PackageManager: /system/priv-app/Trebuchet changed; collecting certs
12-04 08:20:43.165  3360  3391 I PackageManager: New shared user org.cyanogenmod.themes: id=10020
12-04 08:20:43.280  3360  3391 I PackageManager: /system/priv-app/VpnDialogs changed; collecting certs
12-04 08:20:43.497  3360  3390 I PackageManager: /system/priv-app/WallpaperCropper changed; collecting certs
12-04 08:20:43.535  3360  3391 I PackageManager: /system/priv-app/WeatherManagerService changed; collecting certs
12-04 08:20:43.631  3360  3387 I PackageManager: New shared user android.uid.systemui: id=10024
12-04 08:20:43.741  3360  3390 I PackageManager: /system/priv-app/WeatherProvider changed; collecting certs
12-04 08:20:43.751  3360  3370 I art     : Background partial concurrent mark sweep GC freed 266737(15MB) AllocSpace objects, 67(4MB) LOS objects, 31% free, 35MB/51MB, paused 6.034ms total 741.052ms
12-04 08:20:43.764  3360  3388 W PackageManager: Permission com.android.launcher.permission.INSTALL_SHORTCUT from package com.cyanogenmod.trebuchet in an unknown group android.permission-group.SYSTEM_TOOLS
12-04 08:20:43.764  3360  3388 W PackageManager: Permission com.android.launcher3.permission.READ_SETTINGS from package com.cyanogenmod.trebuchet in an unknown group android.permission-group.SYSTEM_TOOLS
12-04 08:20:43.764  3360  3388 W PackageManager: Permission com.android.launcher3.permission.WRITE_SETTINGS from package com.cyanogenmod.trebuchet in an unknown group android.permission-group.SYSTEM_TOOLS
12-04 08:20:43.917  3360  3370 I art     : Background sticky concurrent mark sweep GC freed 36289(2MB) AllocSpace objects, 16(504KB) LOS objects, 31% free, 34MB/50MB, paused 2.301ms total 132.871ms
12-04 08:20:44.285  3360  3360 D PackageManager: end scanDirLI:/system/priv-app
12-04 08:20:44.285  3360  3360 D PackageManager: start scanDirLI:/system/app
12-04 08:20:44.285  3360  3360 D PackageManager: max thread:6
12-04 08:20:44.307  3360  3387 I PackageManager: /system/app/BasicDreams changed; collecting certs
12-04 08:20:44.313  3360  3391 I PackageManager: /system/app/BluetoothMidiService changed; collecting certs
12-04 08:20:44.354  3360  3389 I PackageManager: /system/app/CMWallpapers changed; collecting certs
12-04 08:20:44.368  3360  3386 W PackageParser: No actions in intent filter at /system/app/CMFileManager/CMFileManager.apk Binary XML file line #164
12-04 08:20:44.369  3360  3386 I PackageManager: /system/app/CMFileManager changed; collecting certs
12-04 08:20:44.376  3360  3388 W PackageParser: No actions in intent filter at /system/app/Bluetooth/Bluetooth.apk Binary XML file line #235
12-04 08:20:44.413  3360  3390 I PackageManager: /system/app/Browser changed; collecting certs
12-04 08:20:44.420  3360  3388 I PackageManager: /system/app/Bluetooth changed; collecting certs
12-04 08:20:44.555  3360  3391 I PackageManager: /system/app/Calendar changed; collecting certs
12-04 08:20:44.605  3360  3387 I PackageManager: /system/app/Camera2 changed; collecting certs
12-04 08:20:44.671  3360  3388 I PackageManager: /system/app/CaptivePortalLogin changed; collecting certs
12-04 08:20:44.715  3360  3389 I PackageManager: /system/app/CertInstaller changed; collecting certs
12-04 08:20:44.973  3360  3389 I PackageManager: /system/app/Development changed; collecting certs
12-04 08:20:44.983  3360  3388 I PackageManager: /system/app/DeskClock changed; collecting certs
12-04 08:20:45.019  3360  3390 I PackageManager: /system/app/DocumentsUI changed; collecting certs
12-04 08:20:45.053  3360  3386 I PackageManager: /system/app/DownloadProviderUi changed; collecting certs
12-04 08:20:45.290  3360  3386 I PackageManager: /system/app/Eleven changed; collecting certs
12-04 08:20:45.413  3360  3391 I PackageManager: /system/app/ExactCalculator changed; collecting certs
12-04 08:20:45.445  3360  3389 I PackageManager: /system/app/Email changed; collecting certs
12-04 08:20:45.618  3360  3390 I PackageManager: /system/app/Exchange2 changed; collecting certs
12-04 08:20:45.655  3360  3391 I PackageManager: /system/app/Galaxy4 changed; collecting certs
12-04 08:20:45.848  3360  3390 I PackageManager: /system/app/HTMLViewer changed; collecting certs
12-04 08:20:45.914  3360  3386 W PackageParser: Unknown element under <application>: permission at /system/app/Gallery2/Gallery2.apk Binary XML file line #279
12-04 08:20:45.914  3360  3386 W PackageParser: Unknown element under <application>: permission at /system/app/Gallery2/Gallery2.apk Binary XML file line #282
12-04 08:20:45.958  3360  3386 I PackageManager: /system/app/Gallery2 changed; collecting certs
12-04 08:20:45.990  3360  3391 I PackageManager: /system/app/HoloSpiralWallpaper changed; collecting certs
12-04 08:20:46.018  3360  3370 I art     : Background partial concurrent mark sweep GC freed 301201(18MB) AllocSpace objects, 138(5MB) LOS objects, 32% free, 33MB/49MB, paused 2.808ms total 594.246ms
12-04 08:20:46.059  3360  3388 I PackageManager: /system/app/KeyChain changed; collecting certs
12-04 08:20:46.108  3360  3387 I PackageManager: /system/app/HexoLibre changed; collecting certs
12-04 08:20:46.180  3360  3390 I PackageManager: /system/app/LatinIME changed; collecting certs
12-04 08:20:46.246  3360  3391 I PackageManager: /system/app/LiveWallpapers changed; collecting certs
12-04 08:20:46.261  3360  3388 I PackageManager: /system/app/LiveWallpapersPicker changed; collecting certs
12-04 08:20:46.515  3360  3388 I PackageManager: /system/app/NoiseField changed; collecting certs
12-04 08:20:46.587  3360  3391 I PackageManager: /system/app/LockClock changed; collecting certs
12-04 08:20:46.827  3360  3388 I PackageManager: /system/app/PacProcessor changed; collecting certs
12-04 08:20:47.005  3360  3388 I PackageManager: /system/app/PhaseBeam changed; collecting certs
12-04 08:20:47.094  3360  3389 I PackageManager: /system/app/PhotoPhase changed; collecting certs
12-04 08:20:47.301  3360  3388 I PackageManager: /system/app/PhotoTable changed; collecting certs
12-04 08:20:47.375  3360  3391 I PackageManager: /system/app/PicoTts changed; collecting certs
12-04 08:20:47.380  3360  3386 I PackageManager: /system/app/PrintSpooler changed; collecting certs
12-04 08:20:47.504  3360  3389 I PackageManager: /system/app/Profiles changed; collecting certs
12-04 08:20:47.574  3360  3388 I PackageManager: /system/app/Provision changed; collecting certs
12-04 08:20:47.651  3360  3391 I PackageManager: /system/app/RootPA changed; collecting certs
12-04 08:20:47.734  3360  3387 I PackageManager: /system/app/Stk changed; collecting certs
12-04 08:20:47.736  3360  3386 I PackageManager: /system/app/SoundRecorder changed; collecting certs
12-04 08:20:47.785  3360  3388 I PackageManager: /system/app/Terminal changed; collecting certs
12-04 08:20:47.799  3360  3389 I PackageManager: /system/app/SamsungServiceMode changed; collecting certs
12-04 08:20:47.911  3360  3391 I PackageManager: /system/app/UserDictionaryProvider changed; collecting certs
12-04 08:20:47.998  3360  3389 W PackageManager: Failed to parse /system/app/mcRegistry: Missing base APK in /system/app/mcRegistry
12-04 08:20:48.005  3360  3387 I PackageManager: /system/app/WAPPushManager changed; collecting certs
12-04 08:20:48.031  3360  3370 I art     : Background sticky concurrent mark sweep GC freed 205967(13MB) AllocSpace objects, 116(4MB) LOS objects, 22% free, 38MB/49MB, paused 5.965ms total 768.455ms
12-04 08:20:48.033  3360  3386 I PackageManager: /system/app/WallpaperPicker changed; collecting certs
12-04 08:20:48.040  3360  3388 I PackageManager: /system/app/telresources changed; collecting certs
12-04 08:20:48.083  3360  3391 I PackageManager: /system/app/webview changed; collecting certs
12-04 08:20:48.182  3360  3389 I PackageManager: /system/app/messaging changed; collecting certs
12-04 08:20:48.992  3360  3370 I art     : Background partial concurrent mark sweep GC freed 259914(15MB) AllocSpace objects, 92(5MB) LOS objects, 33% free, 29MB/43MB, paused 814us total 199.067ms
12-04 08:20:49.224  3360  3360 D PackageManager: end scanDirLI:/system/app
12-04 08:20:49.225  3360  3360 D PackageManager: No files in app dir /system/vendor/app
12-04 08:20:49.225  3360  3360 D PackageManager: No files in app dir /oem/app
12-04 08:20:49.225  3360  3360 D PackageManager: No files in app dir /vendor/bundled-app
12-04 08:20:49.226  3360  3360 D PackageManager: No files in app dir /data/app
12-04 08:20:49.226  3360  3360 D PackageManager: No files in app dir /data/app-private
12-04 08:20:49.226  3360  3360 W PackageManager: Package com.android.dialer desires unavailable shared library com.qualcomm.qti.smartsearch; ignoring!
12-04 08:20:49.226  3360  3360 W PackageManager: Package com.android.gallery3d desires unavailable shared library com.google.android.media.effects; ignoring!
12-04 08:20:49.226  3360  3360 W PackageManager: Package com.android.gallery3d desires unavailable shared library com.google.android.media.effects; ignoring!
12-04 08:20:49.226  3360  3360 I PackageManager: Adjusting ABI for : com.android.keychain to arm64-v8a
12-04 08:20:49.237  3360  3360 I PackageManager: Adjusting ABI for : com.android.location.fused to arm64-v8a
12-04 08:20:49.238  3360  3360 I PackageManager: Adjusting ABI for : org.cyanogenmod.providers.datausage to arm64-v8a
12-04 08:20:49.238  3360  3360 I PackageManager: Adjusting ABI for : com.android.inputdevices to arm64-v8a
12-04 08:20:49.238  3360  3360 I PackageManager: Adjusting ABI for : com.android.development to arm64-v8a
12-04 08:20:49.238  3360  3360 I PackageManager: Adjusting ABI for : com.android.providers.settings to arm64-v8a
12-04 08:20:49.238  3360  3360 I PackageManager: Adjusting ABI for : com.android.server.telecom to arm64-v8a
12-04 08:20:49.239  3360  3360 I PackageManager: Adjusting ABI for : com.android.settings to arm64-v8a
12-04 08:20:49.239  3360  3360 I PackageManager: Adjusting ABI for : cyanogenmod.platform to arm64-v8a
12-04 08:20:49.239  3009  3009 E installd: invalid apk path '/system/framework/org.cyanogenmod.platform-res.apk' (bad prefix)
12-04 08:20:49.239  3360  3360 I PackageManager: Adjusting ABI for : org.cyanogenmod.cmsettings to arm64-v8a
12-04 08:20:49.239  3360  3360 I PackageManager: Adjusting ABI for : com.cyanogenmod.setupwizard to arm64-v8a
12-04 08:20:49.240  3360  3360 I PackageManager: Time to scan packages: 11.339 seconds
12-04 08:20:49.242  3360  3360 W PackageManager: Unknown permission com.google.android.googleapps.permission.GOOGLE_AUTH in package com.android.providers.calendar
12-04 08:20:49.242  3360  3360 W PackageManager: Unknown permission com.google.android.googleapps.permission.GOOGLE_AUTH.cl in package com.android.providers.calendar
12-04 08:20:49.242  3360  3360 W PackageManager: Not granting permission android.permission.REAL_GET_TASKS to package org.cyanogenmod.wallpapers.photophase (protectionLevel=18 flags=0x3818be45)
12-04 08:20:49.242  3360  3360 W PackageManager: Unknown permission android.permission.CANCEL_NOTIFICATIONS in package org.cyanogenmod.theme.chooser2
12-04 08:20:49.243  3360  3360 W PackageManager: Unknown permission com.cyanogen.ambient.permission.BIND_CALLER_INFO in package com.android.messaging
12-04 08:20:49.243  3360  3360 W PackageManager: Unknown permission com.cyanogen.ambient.permission.BIND_RIDEINPROGRESS_SERVICE in package com.android.messaging
12-04 08:20:49.243  3360  3360 W PackageManager: Unknown permission com.cyanogen.ambient.permission.BIND_RIDESHARING_SERVICE in package com.android.messaging
12-04 08:20:49.243  3360  3360 W PackageManager: Not granting permission android.permission.ACCESS_DOWNLOAD_MANAGER to package com.android.browser (protectionLevel=18 flags=0x3849be45)
12-04 08:20:49.243  3360  3360 W PackageManager: Not granting permission android.permission.SEND_DOWNLOAD_COMPLETED_INTENTS to package com.android.browser (protectionLevel=2 flags=0x3849be45)
12-04 08:20:49.244  3360  3360 W PackageManager: Unknown permission com.cyngn.stats.SEND_ANALYTICS in package com.cyanogenmod.setupwizard
12-04 08:20:49.244  3360  3360 W PackageManager: Unknown permission com.cyanogen.permission.REQUEST_KILL_SWITCH_OP in package com.cyanogenmod.setupwizard
12-04 08:20:49.245  3360  3360 W PackageManager: Unknown permission com.cyanogen.ambient.permission.BIND_INCALL_SERVICE in package com.android.contacts
12-04 08:20:49.245  3360  3360 W PackageManager: Unknown permission com.cyanogen.ambient.permission.PLUGIN_STATUS_CHANGED in package com.android.contacts
12-04 08:20:49.245  3360  3360 W PackageManager: Unknown permission com.cyanogen.ambient.permission.BIND_CALLER_INFO in package com.android.contacts
12-04 08:20:49.246  3360  3360 W PackageManager: Unknown permission com.google.android.googleapps.permission.GOOGLE_AUTH.mail in package com.android.calendar
12-04 08:20:49.246  3360  3360 W PackageManager: Unknown permission com.android.launcher.permission.READ_SETTINGS in package com.android.onetimeinitializer
12-04 08:20:49.246  3360  3360 W PackageManager: Unknown permission com.android.launcher.permission.WRITE_SETTINGS in package com.android.onetimeinitializer
12-04 08:20:49.247  3360  3360 W PackageManager: Unknown permission com.cyanogen.ambient.permission.BIND_INCALL_SERVICE in package com.android.dialer
12-04 08:20:49.247  3360  3360 W PackageManager: Unknown permission com.cyanogen.ambient.permission.PLUGIN_STATUS_CHANGED in package com.android.dialer
12-04 08:20:49.247  3360  3360 W PackageManager: Unknown permission com.cyanogen.ambient.permission.PUBLISH_DISCOVERY_NUDGE in package com.android.dialer
12-04 08:20:49.247  3360  3360 W PackageManager: Unknown permission com.cyanogen.ambient.permission.BIND_DEEPLINK_SERVICE in package com.android.dialer
12-04 08:20:49.247  3360  3360 W PackageManager: Unknown permission com.cyanogen.ambient.permission.READ_DEEPLINK_DATABASE in package com.android.dialer
12-04 08:20:49.247  3360  3360 W PackageManager: Unknown permission com.cyanogen.ambient.permission.BIND_CALLER_INFO in package com.android.dialer
12-04 08:20:49.247  3360  3360 W PackageManager: Unknown permission com.android.launcher.permission.READ_SETTINGS in package com.cyanogenmod.trebuchet
12-04 08:20:49.247  3360  3360 W PackageManager: Unknown permission com.android.launcher.permission.WRITE_SETTINGS in package com.cyanogenmod.trebuchet
12-04 08:20:49.247  3360  3360 W PackageManager: Unknown permission com.cyngn.stats.SEND_ANALYTICS in package com.cyanogenmod.trebuchet
12-04 08:20:49.248  3360  3360 W PackageManager: Unknown permission com.google.android.permission.INSTALL_WEARABLE_PACKAGES in package com.android.packageinstaller
12-04 08:20:49.248  3360  3360 W PackageManager: Not granting permission android.permission.DELETE_PACKAGES to package com.svox.pico (protectionLevel=18 flags=0x3808be45)
12-04 08:20:49.248  3360  3360 W PackageManager: Unknown permission android.permission.ACCESS_SUPERUSER in package com.cyanogenmod.filemanager
12-04 08:20:49.248  3360  3360 W PackageManager: Unknown permission com.cyanogenmod.filemanager.permissions.READ_THEME in package com.cyanogenmod.filemanager
12-04 08:20:49.248  3360  3360 W PackageManager: Unknown permission com.google.android.gallery3d.permission.PICASA_STORE in package com.android.dreams.phototable
12-04 08:20:49.249  3360  3360 W PackageManager: Unknown permission com.google.android.googleapps.permission.GOOGLE_AUTH in package com.android.settings
12-04 08:20:49.249  3360  3360 W PackageManager: Unknown permission com.android.launcher.permission.READ_SETTINGS in package com.android.settings
12-04 08:20:49.249  3360  3360 W PackageManager: Unknown permission com.android.launcher.permission.WRITE_SETTINGS in package com.android.settings
12-04 08:20:49.254  3360  3360 W PackageManager: Not granting permission android.permission.REAL_GET_TASKS to package com.cyanogenmod.eleven (protectionLevel=18 flags=0x3818be65)
12-04 08:20:49.260  3360  3360 W PackageManager: Unknown permission com.google.android.gallery3d.permission.GALLERY_PROVIDER in package com.android.bluetooth
12-04 08:20:49.271  3360  3360 W PackageManager: Unknown permission com.google.android.googleapps.permission.ACCESS_GOOGLE_PASSWORD in package com.android.development
12-04 08:20:49.271  3360  3360 W PackageManager: Unknown permission com.google.android.googleapps.permission.GOOGLE_AUTH in package com.android.development
12-04 08:20:49.271  3360  3360 W PackageManager: Unknown permission com.google.android.googleapps.permission.GOOGLE_AUTH.ALL_SERVICES in package com.android.development
12-04 08:20:49.271  3360  3360 W PackageManager: Unknown permission com.google.android.googleapps.permission.GOOGLE_AUTH.YouTubeUser in package com.android.development
12-04 08:20:49.273  3360  3360 V PackageManager: Disabling com.google.android.gsf/com.google.android.gsf.update.SystemUpdateActivity
12-04 08:20:49.273  3360  3360 W PackageManager: Unable to disable com.google.android.gsf/com.google.android.gsf.update.SystemUpdateActivity
12-04 08:20:49.273  3360  3360 V PackageManager: Disabling com.google.android.gsf/com.google.android.gsf.update.SystemUpdateService$Receiver
12-04 08:20:49.273  3360  3360 W PackageManager: Unable to disable com.google.android.gsf/com.google.android.gsf.update.SystemUpdateService$Receiver
12-04 08:20:49.273  3360  3360 V PackageManager: Disabling com.google.android.gsf/com.google.android.gsf.update.SystemUpdateService$SecretCodeReceiver
12-04 08:20:49.273  3360  3360 W PackageManager: Unable to disable com.google.android.gsf/com.google.android.gsf.update.SystemUpdateService$SecretCodeReceiver
12-04 08:20:49.273  3360  3360 V PackageManager: Disabling com.google.android.gms/com.google.android.gms.update.SystemUpdateActivity
12-04 08:20:49.273  3360  3360 W PackageManager: Unable to disable com.google.android.gms/com.google.android.gms.update.SystemUpdateActivity
12-04 08:20:49.273  3360  3360 V PackageManager: Disabling com.google.android.gms/com.google.android.gms.update.SystemUpdateService$Receiver
12-04 08:20:49.273  3360  3360 W PackageManager: Unable to disable com.google.android.gms/com.google.android.gms.update.SystemUpdateService$Receiver
12-04 08:20:49.273  3360  3360 V PackageManager: Disabling com.google.android.gms/com.google.android.gms.update.SystemUpdateService$ActiveReceiver
12-04 08:20:49.273  3360  3360 W PackageManager: Unable to disable com.google.android.gms/com.google.android.gms.update.SystemUpdateService$ActiveReceiver
12-04 08:20:49.273  3360  3360 V PackageManager: Disabling com.google.android.gms/com.google.android.gms.update.SystemUpdateService$SecretCodeReceiver
12-04 08:20:49.273  3360  3360 W PackageManager: Unable to disable com.google.android.gms/com.google.android.gms.update.SystemUpdateService$SecretCodeReceiver
12-04 08:20:49.273  3360  3360 V PackageManager: Enabling com.google.android.gsf/com.google.android.gsf.update.SystemUpdateService
12-04 08:20:49.273  3360  3360 W PackageManager: Unable to enable com.google.android.gsf/com.google.android.gsf.update.SystemUpdateService
12-04 08:20:49.273  3360  3360 V PackageManager: Enabling com.google.android.gms/com.google.android.gms.update.SystemUpdateService
12-04 08:20:49.273  3360  3360 W PackageManager: Unable to enable com.google.android.gms/com.google.android.gms.update.SystemUpdateService
12-04 08:20:49.373  3360  3360 I art     : Starting a blocking GC Explicit
12-04 08:20:49.424  3360  3360 I art     : Explicit concurrent mark sweep GC freed 74699(4MB) AllocSpace objects, 7(960KB) LOS objects, 33% free, 27MB/41MB, paused 572us total 50.246ms
12-04 08:20:49.425  3360  3360 I SystemServer: User Service
12-04 08:20:49.449  2931  2931 I lowmemorykiller: ActivityManager connected
12-04 08:20:49.455  3360  3360 I SystemServiceManager: Starting com.android.server.BatteryService
12-04 08:20:49.456  3360  3411 I         : System server: starting sensor init.
12-04 08:20:49.456  3360  3411 D SensorService: nuSensorService starting...
12-04 08:20:49.473  3360  3360 I SystemServiceManager: Starting com.android.server.usage.UsageStatsService
12-04 08:20:49.476  3360  3411 I Sensors : getName:gyro_sensor name = K6DS3TR.
12-04 08:20:49.477  3360  3411 I Sensors : Proximity old sensor_state 0, new sensor_state : 128 en : 1
12-04 08:20:49.491  3360  3360 I UsageStatsDatabase: Upgrading from version 0 to 3
12-04 08:20:49.491  3360  3360 I UsageStatsDatabase: Deleting all usage stats files
12-04 08:20:49.493  3360  3360 I UsageStatsService: User[0] Rollover scheduled @ 2016-12-05 00:00:00(1480896000000)
12-04 08:20:49.518  3360  3411 I Sensors : Light old sensor_state 128, new sensor_state : 640 en : 1
12-04 08:20:49.525  3360  3360 I UsageStatsService: User[0] Flushing usage stats to disk
12-04 08:20:49.528  3360  3411 I Sensors : Light_IR old sensor_state 640, new sensor_state : 16777856 en : 1
12-04 08:20:49.528  3360  3411 E Sensors : Light_IR_Sensor write failed. ret = -1, sensor_state = 16777856
12-04 08:20:49.539  3360  3411 I Sensors : SigMotionSensor old sensor_state 640, new sensor_state : 17024 en : 1
12-04 08:20:49.544  3360  3411 I Sensors : getName:gyro_sensor name = K6DS3TR.
12-04 08:20:49.545  3360  3411 I Sensors : StepCounterSensor old sensor_state 17024, new sensor_state : 279168 en : 1
12-04 08:20:49.545  3360  3411 E Sensors : StepCounterSensor write failed. ret = -1, sensor_state = 279168
12-04 08:20:49.546  3360  3411 I Sensors : Int.Gyro old sensor_state 17024, new sensor_state : 33571456 en : 1
12-04 08:20:49.546  3360  3411 E Sensors : Int.GyroSensor write failed. ret = -1, sensor_state = 33571456
12-04 08:20:49.546  3360  3411 I Sensors : getName:gyro_sensor name = K6DS3TR.
12-04 08:20:49.546  3360  3411 I Sensors : HrmSpO2Sensor:: part type = 12.
12-04 08:20:49.546  3360  3411 D Sensors : HrmSpO2Sensor::type:12, prox threshold:10000
12-04 08:20:49.546  3360  3411 D Sensors : HrmSpO2Sensor::handle:0 ,en:1
12-04 08:20:49.546  3360  3411 E Sensors : HrmSpO2Sensor::Error MAXIM Flicker Library...handle=0x0
12-04 08:20:49.546  3360  3411 D Sensors : HrmSpO2Sensor::HrmSpO2Sensor: Shared version Registered
12-04 08:20:49.546  3360  3411 D Sensors : HrmLedSensor enable: mEnabled 0, handle 20, en 1
12-04 08:20:49.546  3360  3411 D Sensors : HRMSensor led enabled:1, en:1
12-04 08:20:49.559  3360  3411 I Sensors : getVendor:hrm_sensor vendor = MAXIM.
12-04 08:20:49.559  3360  3411 I Sensors : HrmLedSensor: HrmLedSensor vendor = MAXIM.
12-04 08:20:49.559  3360  3411 D Sensors : HRMSensor_LED::libhr open start!! 
12-04 08:20:49.559  3360  3411 E Sensors : HRMSensor_LED::libhr open failed 
12-04 08:20:49.559  3360  3411 E Sensors : GripSensor: enable
12-04 08:20:49.580  3360  3360 I SystemServiceManager: Starting com.android.server.webkit.WebViewUpdateService
12-04 08:20:49.587  3360  3411 I Sensors : Proximity old sensor_state 17024, new sensor_state : 16896 en : 0
12-04 08:20:49.587  3360  3411 I Sensors : Light old sensor_state 16896, new sensor_state : 16384 en : 0
12-04 08:20:49.587  3360  3411 I Sensors : SigMotionSensor old sensor_state 16384, new sensor_state : 0 en : 0
12-04 08:20:49.587  3360  3411 E Sensors : GripSensor: enable
12-04 08:20:49.588  3360  3360 I SystemServer: Reading configuration...
12-04 08:20:49.588  3360  3360 I SystemServer: Scheduling Policy
12-04 08:20:49.589  3360  3411 D Sensors : HrmSpO2Sensor::handle:19 ,en:0
12-04 08:20:49.589  3360  3411 D Sensors : HrmSpO2Sensor::isEnabled:0 ,en:0, mEn:0
12-04 08:20:49.589  3360  3411 D Sensors : HrmSpO2Sensor::handle:28 ,en:0
12-04 08:20:49.589  3360  3411 D Sensors : HrmSpO2Sensor::isEnabled:0 ,en:0, mEn:0
12-04 08:20:49.589  3360  3411 D Sensors : HrmLedSensor enable: mEnabled 1, handle 20, en 0
12-04 08:20:49.589  3360  3411 D Sensors : HRMSensor_LED::enable 
12-04 08:20:49.589  3360  3411 D Sensors : HRMSensor led enabled:0, en:0
12-04 08:20:49.589  3360  3360 I SystemServiceManager: Starting com.android.server.telecom.TelecomLoaderService
12-04 08:20:49.590  3360  3411 D Sensors : HrmLedSensor enable: mEnabled 0, handle 21, en 0
12-04 08:20:49.590  3360  3411 D Sensors : HrmLedSensor isEnabled:0 ,en:0
12-04 08:20:49.590  3360  3411 D Sensors : HrmSpO2Sensor::handle:18 ,en:0
12-04 08:20:49.590  3360  3411 D Sensors : HrmSpO2Sensor::isEnabled:0 ,en:0, mEn:0
12-04 08:20:49.591  3360  3360 I SystemServer: Telephony Registry
12-04 08:20:49.594  3360  3411 I         : System server: sensor init done.
12-04 08:20:49.595  3360  3360 I SystemServer: Entropy Mixer
12-04 08:20:49.607  3360  3360 W EntropyMixer: No existing entropy file -- first boot?
12-04 08:20:49.609  3360  3413 D SensorService: new thread SensorEventAckReceiver
12-04 08:20:49.610  3360  3414 D SensorService: nuSensorService thread starting...
12-04 08:20:49.627  3360  3360 I EntropyMixer: Added HW RNG output to entropy pool
12-04 08:20:49.627  3360  3360 I EntropyMixer: Writing entropy...
12-04 08:20:49.641  3360  3360 I SystemServer: Camera Service
12-04 08:20:49.642  3360  3360 I SystemServiceManager: Starting com.android.server.camera.CameraService
12-04 08:20:49.651  3360  3416 I ServiceThread: Enabled StrictMode logging for CameraService_proxy looper.
12-04 08:20:49.652  3360  3360 I SystemServer: Account Manager
12-04 08:20:49.656  3360  3360 I SystemServer: Content Manager
12-04 08:20:49.658  3360  3360 I SystemServer: System Content Providers
12-04 08:20:49.662  3360  3360 W System  : ClassLoader referenced unknown path: /system/priv-app/CMSettingsProvider/lib/arm64
12-04 08:20:49.725  3360  3360 D ActivityThread: Loading provider settings: com.android.providers.settings.SettingsProvider
12-04 08:20:49.728  3360  3360 W System  : ClassLoader referenced unknown path: /system/priv-app/SettingsProvider/lib/arm64
12-04 08:20:49.816  3360  3360 W SettingsProvider: Invalid ro.telephony.default_network: 
12-04 08:20:49.852  3360  3360 D SettingsProvider: Generated and saved new ANDROID_ID [e362a2a0ad8a185e] for user 0
12-04 08:20:49.910  3360  3360 I SystemServer: Vibrator Service
12-04 08:20:49.916  3360  3360 I SystemServer: Consumer IR Service
12-04 08:20:49.916  3360  3360 E ConsumerIrService: Can't open consumer IR HW Module, error: -2
12-04 08:20:49.917  3360  3360 I SystemServiceManager: Starting com.android.server.AlarmManagerService
12-04 08:20:49.961  3360  3360 I SystemServer: Init Watchdog
12-04 08:20:49.962  3360  3360 I SystemServer: Input Manager
12-04 08:20:49.963  3360  3360 I InputManager: Initializing input manager, mUseDevInputEventForAudioJack=false
12-04 08:20:49.963  3360  3360 I SystemServer: Window Manager
12-04 08:20:49.977  3360  3373 I SyncManager: No initial accounts
12-04 08:20:49.978  3360  3373 I SyncManager: No initial status
12-04 08:20:49.978  3360  3373 I SyncManager: No initial statistics
12-04 08:20:49.994  3360  3379 I WindowManager: No existing display settings /data/system/display_settings.xml; starting empty
12-04 08:20:50.086  3360  3360 I InputManager: Starting input manager
12-04 08:20:50.089  3360  3360 I SystemServer: Bluetooth Service
12-04 08:20:50.089  3360  3360 I SystemServiceManager: Starting com.android.server.BluetoothService
12-04 08:20:50.091  3360  3360 D BluetoothManagerService: Loading stored name and address
12-04 08:20:50.092  3360  3360 D BluetoothManagerService: Stored bluetooth Name=null,Address=null
12-04 08:20:50.092  3360  3360 D BluetoothService: onStart: publishing BluetoothManagerService
12-04 08:20:50.092  3360  3360 I SystemServer: Input Method Service
12-04 08:20:50.118  3360  3422 D EventHub: No input device configuration file found for device 'certify_hall'.
12-04 08:20:50.196  3360  3360 W InputMethodManagerService: No IME selected. Choose the most applicable IME.
12-04 08:20:50.196  3360  3360 I InputMethodManagerService: Default found, using com.android.inputmethod.latin/.LatinIME
12-04 08:20:50.198  3360  3360 I SystemServer: Accessibility Manager
12-04 08:20:50.215  3360  3360 I ActivityManager: choosing minFree values for 64 Bit
12-04 08:20:50.216  3360  3360 I ActivityManager: choosing minFree values for 64 Bit
12-04 08:20:50.216  3360  3360 I ActivityManager: choosing minFree values for 64 Bit
12-04 08:20:50.216  3360  3360 I ActivityManager: choosing minFree values for 64 Bit
12-04 08:20:50.216  3360  3360 I ActivityManager: choosing minFree values for 64 Bit
12-04 08:20:50.216  3360  3360 I ActivityManager: choosing minFree values for 64 Bit
12-04 08:20:50.217  3360  3360 I ActivityManager: Config changes=1df8 {1.0 ?mcc?mnc en_US ldltr sw360dp w360dp h640dp 640dpi nrml long port ?uimode ?night -touch -keyb/h/h -nav/h s.2 themeResource=null}
12-04 08:20:50.222  3360  3422 D EventHub: No input device configuration file found for device 'ssp_context'.
12-04 08:20:50.225  3360  3360 I ActivityManager: Config changes=400 {1.0 ?mcc?mnc en_US ldltr sw360dp w360dp h616dp 640dpi nrml long port ?uimode ?night -touch -keyb/h/h -nav/h s.3 themeResource=null}
12-04 08:20:50.226  3360  3360 I SystemServiceManager: Starting com.android.server.MountService$Lifecycle
12-04 08:20:50.248  3360  3360 I SystemServiceManager: Starting com.android.server.UiModeManagerService
12-04 08:20:50.249  3360  3360 I ActivityManager: Config changes=200 {1.0 ?mcc?mnc en_US ldltr sw360dp w360dp h616dp 640dpi nrml long port -touch -keyb/h/h -nav/h s.4 themeResource=null}
12-04 08:20:50.253  3360  3360 W PackageManager: No disk maintenance in 1480839650253; running immediately
12-04 08:20:50.254  3360  3423 I MountService: fstrim requested, but no daemon connection yet; trying again
12-04 08:20:50.254  3360  3360 I SystemServer: LockSettingsService
12-04 08:20:50.256  3360  3423 D MountService: Thinking about reset, mSystemReady=false, mDaemonConnected=true
12-04 08:20:50.256  3360  3423 D MountService: Thinking about reset, mSystemReady=false, mDaemonConnected=true
12-04 08:20:50.257  3360  3423 D CryptdConnector: SND -> {1 cryptfs getfield SystemLocale}
12-04 08:20:50.258  2920  2961 I Ext4Crypt: ext4 crypto complete called on /data
12-04 08:20:50.258  2920  2961 I Ext4Crypt: No master key, so not ext4enc
12-04 08:20:50.260  3360  3360 I SystemServiceManager: Starting com.android.server.DeviceIdleController
12-04 08:20:50.266  3360  3425 D CryptdConnector: RCV <- {200 1 -1}
12-04 08:20:50.267  3360  3423 W MountService: No primary storage mounted!
12-04 08:20:50.267  3360  3423 D VoldConnector: SND -> {1 asec list}
12-04 08:20:50.277  3360  3424 D VoldConnector: RCV <- {200 1 asec operation succeeded}
12-04 08:20:50.278  3360  3423 I PackageManager: No secure containers found
12-04 08:20:50.278  3360  3423 W PackageManager: Unknown permission com.google.android.googleapps.permission.GOOGLE_AUTH in package com.android.providers.calendar
12-04 08:20:50.278  3360  3423 W PackageManager: Unknown permission com.google.android.googleapps.permission.GOOGLE_AUTH.cl in package com.android.providers.calendar
12-04 08:20:50.278  3360  3423 W PackageManager: Not granting permission android.permission.REAL_GET_TASKS to package org.cyanogenmod.wallpapers.photophase (protectionLevel=18 flags=0x3898be45)
12-04 08:20:50.279  3360  3423 W PackageManager: Unknown permission android.permission.CANCEL_NOTIFICATIONS in package org.cyanogenmod.theme.chooser2
12-04 08:20:50.279  3360  3423 W PackageManager: Unknown permission com.cyanogen.ambient.permission.BIND_CALLER_INFO in package com.android.messaging
12-04 08:20:50.279  3360  3423 W PackageManager: Unknown permission com.cyanogen.ambient.permission.BIND_RIDEINPROGRESS_SERVICE in package com.android.messaging
12-04 08:20:50.279  3360  3423 W PackageManager: Unknown permission com.cyanogen.ambient.permission.BIND_RIDESHARING_SERVICE in package com.android.messaging
12-04 08:20:50.279  3360  3423 W PackageManager: Not granting permission android.permission.ACCESS_DOWNLOAD_MANAGER to package com.android.browser (protectionLevel=18 flags=0x38c9be45)
12-04 08:20:50.279  3360  3423 W PackageManager: Not granting permission android.permission.SEND_DOWNLOAD_COMPLETED_INTENTS to package com.android.browser (protectionLevel=2 flags=0x38c9be45)
12-04 08:20:50.280  3360  3423 W PackageManager: Unknown permission com.cyngn.stats.SEND_ANALYTICS in package com.cyanogenmod.setupwizard
12-04 08:20:50.280  3360  3423 W PackageManager: Unknown permission com.cyanogen.permission.REQUEST_KILL_SWITCH_OP in package com.cyanogenmod.setupwizard
12-04 08:20:50.280  3360  3423 W PackageManager: Unknown permission com.cyanogen.ambient.permission.BIND_INCALL_SERVICE in package com.android.contacts
12-04 08:20:50.280  3360  3423 W PackageManager: Unknown permission com.cyanogen.ambient.permission.PLUGIN_STATUS_CHANGED in package com.android.contacts
12-04 08:20:50.280  3360  3423 W PackageManager: Unknown permission com.cyanogen.ambient.permission.BIND_CALLER_INFO in package com.android.contacts
12-04 08:20:50.281  3360  3423 W PackageManager: Unknown permission com.google.android.googleapps.permission.GOOGLE_AUTH.mail in package com.android.calendar
12-04 08:20:50.281  3360  3423 W PackageManager: Unknown permission com.android.launcher.permission.READ_SETTINGS in package com.android.onetimeinitializer
12-04 08:20:50.281  3360  3423 W PackageManager: Unknown permission com.android.launcher.permission.WRITE_SETTINGS in package com.android.onetimeinitializer
12-04 08:20:50.281  3360  3423 W PackageManager: Unknown permission com.cyanogen.ambient.permission.BIND_INCALL_SERVICE in package com.android.dialer
12-04 08:20:50.281  3360  3423 W PackageManager: Unknown permission com.cyanogen.ambient.permission.PLUGIN_STATUS_CHANGED in package com.android.dialer
12-04 08:20:50.281  3360  3423 W PackageManager: Unknown permission com.cyanogen.ambient.permission.PUBLISH_DISCOVERY_NUDGE in package com.android.dialer
12-04 08:20:50.281  3360  3423 W PackageManager: Unknown permission com.cyanogen.ambient.permission.BIND_DEEPLINK_SERVICE in package com.android.dialer
12-04 08:20:50.281  3360  3423 W PackageManager: Unknown permission com.cyanogen.ambient.permission.READ_DEEPLINK_DATABASE in package com.android.dialer
12-04 08:20:50.281  3360  3423 W PackageManager: Unknown permission com.cyanogen.ambient.permission.BIND_CALLER_INFO in package com.android.dialer
12-04 08:20:50.282  3360  3423 W PackageManager: Unknown permission com.android.launcher.permission.READ_SETTINGS in package com.cyanogenmod.trebuchet
12-04 08:20:50.282  3360  3423 W PackageManager: Unknown permission com.android.launcher.permission.WRITE_SETTINGS in package com.cyanogenmod.trebuchet
12-04 08:20:50.282  3360  3423 W PackageManager: Unknown permission com.cyngn.stats.SEND_ANALYTICS in package com.cyanogenmod.trebuchet
12-04 08:20:50.282  3360  3423 W PackageManager: Unknown permission com.google.android.permission.INSTALL_WEARABLE_PACKAGES in package com.android.packageinstaller
12-04 08:20:50.282  3360  3423 W PackageManager: Not granting permission android.permission.DELETE_PACKAGES to package com.svox.pico (protectionLevel=18 flags=0x3888be45)
12-04 08:20:50.282  3360  3423 W PackageManager: Unknown permission android.permission.ACCESS_SUPERUSER in package com.cyanogenmod.filemanager
12-04 08:20:50.282  3360  3423 W PackageManager: Unknown permission com.cyanogenmod.filemanager.permissions.READ_THEME in package com.cyanogenmod.filemanager
12-04 08:20:50.283  3360  3423 W PackageManager: Unknown permission com.google.android.gallery3d.permission.PICASA_STORE in package com.android.dreams.phototable
12-04 08:20:50.283  3360  3423 W PackageManager: Unknown permission com.google.android.googleapps.permission.GOOGLE_AUTH in package com.android.settings
12-04 08:20:50.283  3360  3423 W PackageManager: Unknown permission com.android.launcher.permission.READ_SETTINGS in package com.android.settings
12-04 08:20:50.283  3360  3423 W PackageManager: Unknown permission com.android.launcher.permission.WRITE_SETTINGS in package com.android.settings
12-04 08:20:50.285  3360  3360 I SystemServiceManager: Starting com.android.server.devicepolicy.DevicePolicyManagerService$Lifecycle
12-04 08:20:50.285  3360  3423 W PackageManager: Not granting permission android.permission.REAL_GET_TASKS to package com.cyanogenmod.eleven (protectionLevel=18 flags=0x3898be65)
12-04 08:20:50.292  3360  3423 W PackageManager: Unknown permission com.google.android.gallery3d.permission.GALLERY_PROVIDER in package com.android.bluetooth
12-04 08:20:50.293  3360  3423 W PackageManager: Unknown permission com.google.android.googleapps.permission.ACCESS_GOOGLE_PASSWORD in package com.android.development
12-04 08:20:50.293  3360  3423 W PackageManager: Unknown permission com.google.android.googleapps.permission.GOOGLE_AUTH in package com.android.development
12-04 08:20:50.293  3360  3423 W PackageManager: Unknown permission com.google.android.googleapps.permission.GOOGLE_AUTH.ALL_SERVICES in package com.android.development
12-04 08:20:50.293  3360  3423 W PackageManager: Unknown permission com.google.android.googleapps.permission.GOOGLE_AUTH.YouTubeUser in package com.android.development
12-04 08:20:50.352  3360  3422 D EventHub: No input device configuration file found for device 'meta_event'.
12-04 08:20:50.402  3360  3422 D EventHub: No input device configuration file found for device 'interrupt_gyro_sensor'.
12-04 08:20:50.412  3360  3423 W MountService: No primary storage defined yet; hacking together a stub
12-04 08:20:50.413  3360  3360 I SystemServer: Status Bar
12-04 08:20:50.417  3360  3423 W MountService: No primary storage defined yet; hacking together a stub
12-04 08:20:50.417  3360  3360 I SystemServer: Clipboard Service
12-04 08:20:50.418  3360  3423 W MountService: No primary storage mounted!
12-04 08:20:50.418  3360  3423 D VoldConnector: SND -> {2 asec list}
12-04 08:20:50.418  3360  3424 D VoldConnector: RCV <- {200 2 asec operation succeeded}
12-04 08:20:50.421  3360  3360 I SystemServer: NetworkManagement Service
12-04 08:20:50.430  3360  3360 I SystemServer: Text Service Manager Service
12-04 08:20:50.443  3360  3360 I SystemServer: Network Score Service
12-04 08:20:50.444  3360  3360 I SystemServer: NetworkStats Service
12-04 08:20:50.452  3360  3422 D EventHub: No input device configuration file found for device 'step_cnt_sensor'.
12-04 08:20:50.457  3360  3360 I SystemServer: NetworkPolicy Service
12-04 08:20:50.496  3360  3360 I SystemServiceManager: Starting com.android.server.wifi.p2p.WifiP2pService
12-04 08:20:50.512  3360  3422 D EventHub: No input device configuration file found for device 'sig_motion_sensor'.
12-04 08:20:50.547  3360  3360 I WifiP2pService: Registering wifip2p
12-04 08:20:50.549  3360  3360 I SystemServiceManager: Starting com.android.server.wifi.WifiService
12-04 08:20:50.576  3360  3422 D EventHub: No input device configuration file found for device 'gesture_sensor'.
12-04 08:20:50.692  3360  3422 D EventHub: No input device configuration file found for device 'temp_humidity_sensor'.
12-04 08:20:50.763  3360  3360 D HS20    : Passpoint is disabled
12-04 08:20:50.792  3360  3422 D EventHub: No input device configuration file found for device 'proximity_sensor'.
12-04 08:20:50.797  3360  3360 D WifiController: isAirplaneModeOn = false, isWifiEnabled = false, isScanningAvailable = false
12-04 08:20:50.799  3360  3360 I WifiService: Registering wifi
12-04 08:20:50.800  3360  3360 I SystemServiceManager: Starting com.android.server.wifi.WifiScanningService
12-04 08:20:50.800  3360  3360 I WifiScanningService: Creating wifiscanner
12-04 08:20:50.801  3360  3360 I WifiScanningService: Starting wifiscanner
12-04 08:20:50.802  3360  3360 I SystemServiceManager: Starting com.android.server.wifi.RttService
12-04 08:20:50.802  3360  3360 I RttService: Creating rttmanager
12-04 08:20:50.803  3360  3360 I RttService: Starting rttmanager
12-04 08:20:50.804  3360  3360 I SystemServiceManager: Starting com.android.server.ethernet.EthernetService
12-04 08:20:50.816  3360  3360 I EthernetServiceImpl: Creating EthernetConfigStore
12-04 08:20:50.817  3360  3360 E IpConfigStore: Error parsing configuration: java.io.FileNotFoundException: /data/misc/ethernet/ipconfig.txt: open failed: ENOENT (No such file or directory)
12-04 08:20:50.817  3360  3360 W EthernetConfigStore: No Ethernet configuration found. Using default.
12-04 08:20:50.817  3360  3360 I EthernetServiceImpl: Read stored IP configuration: IP assignment: DHCP
12-04 08:20:50.817  3360  3360 I EthernetServiceImpl: Proxy settings: NONE
12-04 08:20:50.818  3360  3360 I EthernetService: Registering service ethernet
12-04 08:20:50.818  3360  3360 I SystemServer: Connectivity Service
12-04 08:20:50.821  3360  3360 D ConnectivityService: ConnectivityService starting up
12-04 08:20:50.831  3360  3360 D ConnectivityService: wifiOnly=false
12-04 08:20:50.831  3360  3360 E ConnectivityService: Error in networkAttributes - ignoring attempt to redefine type 7
12-04 08:20:50.831  3360  3360 E ConnectivityService: Ignoring protectedNetwork 15
12-04 08:20:50.850  3360  3360 I SystemServer: Network Service Discovery Service
12-04 08:20:50.853  3360  3360 D NsdService: Network service discovery enabled true
12-04 08:20:50.854  3360  3360 I SystemServer: UpdateLock Service
12-04 08:20:50.856  3360  3360 I SystemServiceManager: Starting com.android.server.notification.NotificationManagerService
12-04 08:20:50.862  3360  3422 D EventHub: No input device configuration file found for device 'light_ir_sensor'.
12-04 08:20:50.889  3360  3360 I ZenModeConfig: Migrating existing shared 'from': stars
12-04 08:20:50.929  3360  3360 I SystemServiceManager: Starting com.android.server.storage.DeviceStorageMonitorService
12-04 08:20:50.931  3360  3360 I SystemServer: Location Manager
12-04 08:20:50.935  3360  3360 I SystemServer: Country Detector
12-04 08:20:50.936  3360  3360 I SystemServer: Search Service
12-04 08:20:50.938  3360  3360 I SystemServer: DropBox Service
12-04 08:20:50.950  3360  3360 I SystemServer: Wallpaper Service
12-04 08:20:50.955  3360  3360 W WallpaperManagerService: no current wallpaper -- first boot?
12-04 08:20:50.956  3360  3360 W WallpaperManagerService: no current wallpaper -- first boot?
12-04 08:20:50.959  3360  3360 I SystemServer: Audio Service
12-04 08:20:50.982  3360  3422 D EventHub: No input device configuration file found for device 'light_sensor'.
12-04 08:20:50.983  3008  3221 D PermissionCache: checking android.permission.MODIFY_AUDIO_SETTINGS for uid=1000 => granted (500 us)
12-04 08:20:50.985  3360  3430 D WifiApConfigStore: 2G band allowed channels are:1,6,11
12-04 08:20:50.986  3360  3360 W TelecomManager: Telecom Service not found.
12-04 08:20:50.996  3008  3218 E AudioFlinger: no wake lock to update!
12-04 08:20:50.997  3008  3221 V audio_hw_primary: adev_set_mic_mute: set mic mute: 0
12-04 08:20:51.030  3360  3360 I SystemServiceManager: Starting com.android.server.DockObserver
12-04 08:20:51.033  3360  3360 I SystemServer: Wired Accessory Manager
12-04 08:20:51.034  3360  3360 W WiredAccessoryManager: This kernel does not have usb audio support
12-04 08:20:51.034  3360  3360 W WiredAccessoryManager: This kernel does not have HDMI audio support
12-04 08:20:51.034  3360  3360 I SystemServiceManager: Starting com.android.server.usb.UsbService$Lifecycle
12-04 08:20:51.052  3360  3422 D EventHub: No input device configuration file found for device 'grip_sensor'.
12-04 08:20:51.066  3360  3360 I SystemServer: Serial Service
12-04 08:20:51.067  3360  3360 I SystemServiceManager: Starting com.android.server.twilight.TwilightService
12-04 08:20:51.069  3360  3360 I SystemServiceManager: Starting com.android.server.job.JobSchedulerService
12-04 08:20:51.087  3360  3360 I SystemServiceManager: Starting com.android.server.backup.BackupManagerService$Lifecycle
12-04 08:20:51.093  3360  3360 I SystemServiceManager: Starting com.android.server.appwidget.AppWidgetService
12-04 08:20:51.096  3360  3360 I SystemServiceManager: Starting com.android.server.voiceinteraction.VoiceInteractionManagerService
12-04 08:20:51.097  3008  3441 D PermissionCache: checking android.permission.CAPTURE_AUDIO_HOTWORD for uid=1000 => granted (324 us)
12-04 08:20:51.098  3360  3360 W SoundTriggerHelper: listModules status=0, # of modules=0
12-04 08:20:51.099  3360  3360 I SystemServer: Gesture Launcher Service
12-04 08:20:51.099  3360  3360 I SystemServiceManager: Starting com.android.server.GestureLauncherService
12-04 08:20:51.100  3360  3360 I SystemServer: DiskStats Service
12-04 08:20:51.100  3360  3360 I SystemServer: SamplingProfiler Service
12-04 08:20:51.112  3360  3422 D EventHub: No input device configuration file found for device 'uv_sensor'.
12-04 08:20:51.120  3360  3360 I SystemServer: NetworkTimeUpdateService
12-04 08:20:51.120  3360  3360 I SystemServer: CommonTimeManagementService
12-04 08:20:51.123  3360  3360 I SystemServer: CertBlacklister
12-04 08:20:51.124  3360  3360 I SystemServiceManager: Starting com.android.server.dreams.DreamManagerService
12-04 08:20:51.125  3360  3360 I SystemServer: Assets Atlas Service
12-04 08:20:51.130  3360  3360 I SystemServiceManager: Starting com.android.server.print.PrintManagerService
12-04 08:20:51.131  3360  3443 D AssetAtlas: Computing best atlas configuration...
12-04 08:20:51.136  3360  3360 I SystemServiceManager: Starting com.android.server.restrictions.RestrictionsManagerService
12-04 08:20:51.136  3360  3445 D AssetAtlas: Running Atlas Worker #2
12-04 08:20:51.137  3360  3360 I SystemServiceManager: Starting com.android.server.media.MediaSessionService
12-04 08:20:51.154  3360  3360 I SystemServer: Media Router Service
12-04 08:20:51.158  3360  3360 I SystemServiceManager: Starting com.android.server.trust.TrustManagerService
12-04 08:20:51.161  3360  3448 D AssetAtlas: Running Atlas Worker #5
12-04 08:20:51.161  3360  3447 D AssetAtlas: Running Atlas Worker #4
12-04 08:20:51.161  3360  3449 D AssetAtlas: Running Atlas Worker #6
12-04 08:20:51.162  3360  3450 D AssetAtlas: Running Atlas Worker #7
12-04 08:20:51.162  3360  3446 D AssetAtlas: Running Atlas Worker #3
12-04 08:20:51.162  3360  3451 D AssetAtlas: Running Atlas Worker #8
12-04 08:20:51.194  3360  3360 I SystemServiceManager: Starting com.android.server.fingerprint.FingerprintService
12-04 08:20:51.196  3360  3444 D AssetAtlas: Running Atlas Worker #1
12-04 08:20:51.220  3017  3017 D PermissionCache: checking android.permission.MANAGE_FINGERPRINT for uid=1000 => granted (8716 us)
12-04 08:20:51.220  3017  3017 V fingerprintd: nativeOpenHal()
12-04 08:20:51.221  3017  3017 E fingerprintd: Can't open fingerprint HW Module, error: -2
12-04 08:20:51.221  3360  3360 W FingerprintService: Failed to open Fingerprint HAL!
12-04 08:20:51.221  3360  3360 V FingerprintService: Fingerprint HAL id: 0
12-04 08:20:51.221  3360  3360 I SystemServer: BackgroundDexOptService
12-04 08:20:51.231  3360  3360 I SystemServiceManager: Starting com.android.server.pm.LauncherAppsService
12-04 08:20:51.242  3360  3422 D EventHub: No input device configuration file found for device 'hrmled_sensor'.
12-04 08:20:51.256  3360  3423 I MountService: Running fstrim idle maintenance
12-04 08:20:51.256  3360  3423 D VoldConnector: SND -> {3 fstrim dotrim}
12-04 08:20:51.257  3360  3424 D VoldConnector: RCV <- {200 3 Command succeeded}
12-04 08:20:51.257  2920  3454 D vold    : Starting trim of /efs
12-04 08:20:51.277  3360  3360 I SystemServiceManager: Starting com.android.server.media.projection.MediaProjectionManagerService
12-04 08:20:51.283  2920  3454 I vold    : Trimmed 13369344 bytes on /efs in 25ms
12-04 08:20:51.283  2920  3454 D vold    : Starting trim of /cache
12-04 08:20:51.283  3360  3424 D VoldConnector: RCV <- {662 /efs 13369344 25997808}
12-04 08:20:51.322  3360  3422 D EventHub: No input device configuration file found for device 'hrm_sensor'.
12-04 08:20:51.326  2920  3454 I vold    : Trimmed 201957376 bytes on /cache in 43ms
12-04 08:20:51.326  2920  3454 D vold    : Starting trim of /data
12-04 08:20:51.326  3360  3424 D VoldConnector: RCV <- {662 /cache 201957376 43410000}
12-04 08:20:51.362  3360  3422 E EventHub: could not get driver version for /dev/input/mice, Not a typewriter
12-04 08:20:51.452  3360  3422 D EventHub: No input device configuration file found for device 'sec_touchscreen'.
12-04 08:20:51.467  3360  3422 W EventHub: Unable to disable kernel key repeat for /dev/input/event1: Function not implemented
12-04 08:20:51.467  3360  3422 I EventHub: New device: id=16, fd=124, path='/dev/input/event1', name='sec_touchscreen', classes=0x15, configuration='', keyLayout='/system/usr/keylayout/Generic.kl', keyCharacterMap='/system/usr/keychars/Generic.kcm', builtinKeyboard=false, wakeMechanism=EPOLLWAKEUP, usingClockIoctl=true
12-04 08:20:51.468  3360  3422 D EventHub: No input device configuration file found for device 'gpio_keys'.
12-04 08:20:51.474  3360  3422 W EventHub: Unable to disable kernel key repeat for /dev/input/event17: Function not implemented
12-04 08:20:51.474  3360  3422 I EventHub: New device: id=17, fd=125, path='/dev/input/event17', name='gpio_keys', classes=0x1, configuration='', keyLayout='/system/usr/keylayout/Generic.kl', keyCharacterMap='/system/usr/keychars/Generic.kcm', builtinKeyboard=false, wakeMechanism=EPOLLWAKEUP, usingClockIoctl=true
12-04 08:20:51.475  3360  3422 D EventHub: No input device configuration file found for device 'Headset'.
12-04 08:20:51.479  3360  3422 W EventHub: Unable to disable kernel key repeat for /dev/input/event16: Function not implemented
12-04 08:20:51.479  3360  3422 I EventHub: New device: id=18, fd=126, path='/dev/input/event16', name='Headset', classes=0x1, configuration='', keyLayout='/system/usr/keylayout/Generic.kl', keyCharacterMap='/system/usr/keychars/Generic.kcm', builtinKeyboard=false, wakeMechanism=EPOLLWAKEUP, usingClockIoctl=true
