09-01 01:05:33.916  3783  3783 V NatController: runCmd(/system/bin/iptables -w -t nat -F natctrl_nat_POSTROUTING) res=0
09-01 01:05:33.920  3783  3783 V NatController: runCmd(/system/bin/iptables -w -F natctrl_tether_counters) res=0
09-01 01:05:33.925  3783  3783 V NatController: runCmd(/system/bin/iptables -w -X natctrl_tether_counters) res=0
09-01 01:05:33.929  3783  3783 V NatController: runCmd(/system/bin/iptables -w -N natctrl_tether_counters) res=0
09-01 01:05:33.933  3783  3783 V NatController: runCmd(/system/bin/iptables -w -t mangle -A natctrl_mangle_FORWARD -p tcp --tcp-flags SYN SYN -j TCPMSS --clamp-mss-to-pmtu) res=0
09-01 01:05:34.079  3065  3065 W auditd  : type=1325 audit(0.0:593): table=filter family=2 entries=49
09-01 01:05:34.079  3065  3065 W auditd  : type=1320 audit(0.0:593): 
09-01 01:05:34.079  3065  3065 W auditd  : type=1325 audit(0.0:594): table=filter family=10 entries=52
09-01 01:05:34.079  3065  3065 W auditd  : type=1320 audit(0.0:594): 
09-01 01:05:34.079  3065  3065 W auditd  : type=1325 audit(0.0:595): table=filter family=2 entries=49
09-01 01:05:34.079  3065  3065 W auditd  : type=1320 audit(0.0:595): 
09-01 01:05:34.089  3065  3065 W auditd  : type=1325 audit(0.0:596): table=filter family=10 entries=52
09-01 01:05:34.089  3065  3065 W auditd  : type=1320 audit(0.0:596): 
09-01 01:05:34.089  3065  3065 W auditd  : type=1325 audit(0.0:597): table=filter family=2 entries=49
09-01 01:05:34.089  3065  3065 W auditd  : type=1320 audit(0.0:597): 
09-01 01:05:34.099  3065  3065 W auditd  : type=1325 audit(0.0:598): table=filter family=10 entries=52
09-01 01:05:34.099  3065  3065 W auditd  : type=1320 audit(0.0:598): 
09-01 01:05:34.099  3065  3065 W auditd  : type=1325 audit(0.0:599): table=raw family=2 entries=9
09-01 01:05:34.099  3065  3065 W auditd  : type=1320 audit(0.0:599): 
09-01 01:05:34.109  3065  3065 W auditd  : type=1325 audit(0.0:600): table=raw family=10 entries=9
09-01 01:05:34.109  3065  3065 W auditd  : type=1320 audit(0.0:600): 
09-01 01:05:34.109  3065  3065 W auditd  : type=1325 audit(0.0:601): table=mangle family=2 entries=16
09-01 01:05:34.109  3065  3065 W auditd  : type=1320 audit(0.0:601): 
09-01 01:05:34.109  3065  3065 W auditd  : type=1325 audit(0.0:602): table=mangle family=10 entries=12
09-01 01:05:34.109  3065  3065 W auditd  : type=1320 audit(0.0:602): 
09-01 01:05:34.173  3783  3783 E Netd    : cannot find interface dummy0
09-01 01:05:34.174  3783  3783 D MDnsDS  : MDnsSdListener::Hander starting up
09-01 01:05:34.175  3783  4044 D MDnsDS  : MDnsSdListener starting to monitor
09-01 01:05:34.175  3783  4044 D MDnsDS  : Going to poll with pollCount 1
09-01 01:05:34.359  3778  3778 I art     : Thread[1,tid=3778,Native,Thread*=0x7f890bba00,peer=0x12c532e0,"main"] recursive attempt to load library "/system/lib64/libmedia_jni.so"
09-01 01:05:34.360  3778  3778 D MtpDeviceJNI: register_android_mtp_MtpDevice
09-01 01:05:34.360  3778  3778 I art     : Thread[1,tid=3778,Native,Thread*=0x7f890bba00,peer=0x12c532e0,"main"] recursive attempt to load library "/system/lib64/libmedia_jni.so"
09-01 01:05:34.361  3778  3778 I art     : Thread[1,tid=3778,Native,Thread*=0x7f890bba00,peer=0x12c532e0,"main"] recursive attempt to load library "/system/lib64/libmedia_jni.so"
09-01 01:05:34.844  3778  3778 W System  : ClassLoader referenced unknown path: /system/framework/tcmclient.jar
09-01 01:05:35.155  3778  3778 I System  : Loaded time zone names for "" in 19ms (16ms in ICU)
09-01 01:05:35.186  3778  3778 I System  : Loaded time zone names for "en_US" in 31ms (10ms in ICU)
09-01 01:05:35.352  3778  3778 I Zygote  : ...preloaded 3831 classes in 2056ms.
09-01 01:05:35.352  3778  3778 I art     : VMRuntime.preloadDexCaches starting
09-01 01:05:35.384  3778  3778 I art     : VMRuntime.preloadDexCaches strings total=249075 before=10084 after=10084
09-01 01:05:35.384  3778  3778 I art     : VMRuntime.preloadDexCaches types total=20336 before=8244 after=9837
09-01 01:05:35.384  3778  3778 I art     : VMRuntime.preloadDexCaches fields total=100427 before=35771 after=47736
09-01 01:05:35.385  3778  3778 I art     : VMRuntime.preloadDexCaches methods total=172851 before=67608 after=83315
09-01 01:05:35.385  3778  3778 I art     : VMRuntime.preloadDexCaches finished
09-01 01:05:35.397  4048  4048 D idmap   : error: no read access to /vendor/overlay: No such file or directory
09-01 01:05:35.400  3778  3778 I Zygote  : Preloading resources...
09-01 01:05:35.770  3778  3778 I Zygote  : ...preloaded 342 resources in 370ms.
09-01 01:05:35.779  3778  3778 I Zygote  : ...preloaded 41 resources in 9ms.
09-01 01:05:35.786  3778  3778 D libEGL  : loaded /vendor/lib64/egl/libGLES_mali.so
09-01 01:05:35.793  3778  3778 I Zygote  : Preloading shared libraries...
09-01 01:05:35.800  3778  3778 D Zygote  : end preload
09-01 01:05:35.800  3778  3778 I art     : Starting a blocking GC Explicit
09-01 01:05:35.810  3778  3778 I art     : Explicit concurrent mark sweep GC freed 11399(460KB) AllocSpace objects, 0(0B) LOS objects, 35% free, 29MB/45MB, paused 45us total 10.534ms
09-01 01:05:35.821  3778  3778 I art     : Starting a blocking GC Explicit
09-01 01:05:35.829  3778  3778 I art     : Explicit concurrent mark sweep GC freed 2657(124KB) AllocSpace objects, 0(0B) LOS objects, 35% free, 28MB/44MB, paused 42us total 8.587ms
09-01 01:05:35.830  3778  3803 I art     : Starting a blocking GC HeapTrim
09-01 01:05:35.831  3778  3778 I art     : Starting a blocking GC Background
09-01 01:05:35.878  3778  3778 I Zygote  : System server process 4049 has been created
09-01 01:05:35.881  3778  3778 I Zygote  : Accepting command socket connections
09-01 01:05:35.894  4049  4049 I Zygote  : Process: zygote socket opened, supported ABIS: armeabi-v7a,armeabi
09-01 01:05:35.895  4049  4049 I InstallerConnection: connecting...
09-01 01:05:35.896  2950  2950 I installd: new connection
09-01 01:05:35.897  4049  4049 I InstallerConnection: disconnecting...
09-01 01:05:35.897  2950  2950 E installd: eof
09-01 01:05:35.897  2950  2950 E installd: failed to read size
09-01 01:05:35.897  2950  2950 I installd: closing connection
09-01 01:05:35.929  4049  4049 I SystemServer: Entered the Android system server!
09-01 01:05:35.969  4049  4049 I SystemServiceManager: Starting com.android.server.pm.Installer
09-01 01:05:35.970  4049  4049 I Installer: Waiting for installd to be ready.
09-01 01:05:35.971  4049  4049 I InstallerConnection: connecting...
09-01 01:05:35.971  2950  2950 I installd: new connection
09-01 01:05:35.971  4049  4049 I SystemServiceManager: Starting com.android.server.am.ActivityManagerService$Lifecycle
09-01 01:05:36.049  4049  4049 I ActivityManager: choosing minFree values for 64 Bit
09-01 01:05:36.049  4049  4049 I ActivityManager: choosing minFree values for 64 Bit
09-01 01:05:36.049  4049  4049 I ActivityManager: choosing minFree values for 64 Bit
09-01 01:05:36.049  4049  4049 I ActivityManager: choosing minFree values for 64 Bit
09-01 01:05:36.049  4049  4049 I ActivityManager: choosing minFree values for 64 Bit
09-01 01:05:36.049  4049  4049 I ActivityManager: choosing minFree values for 64 Bit
09-01 01:05:36.055  4049  4049 I ActivityManager: Memory class: 288
09-01 01:05:36.056  4049  4063 I ServiceThread: Enabled StrictMode logging for ActivityManager looper.
09-01 01:05:36.062  4049  4064 I ServiceThread: Enabled StrictMode logging for android.ui looper.
09-01 01:05:36.129  4049  4049 D BatteryStatsImpl: Reading daily items from /data/system/batterystats-daily.xml
09-01 01:05:36.161  4049  4049 I AppOps  : No existing app ops /data/system/appops.xml; starting empty
09-01 01:05:36.220  4049  4049 I IntentFirewall: Read new rules (A:0 B:0 S:0)
09-01 01:05:36.242  4049  4068 I ServiceThread: Enabled StrictMode logging for android.display looper.
09-01 01:05:36.247  4049  4049 D AppOps  : AppOpsService published
09-01 01:05:36.247  4049  4049 I SystemServiceManager: Starting com.android.server.power.PowerManagerService
09-01 01:05:36.248  4049  4070 I ServiceThread: Enabled StrictMode logging for PowerManagerService looper.
09-01 01:05:36.249  4049  4049 W libsuspend: Error writing 'on' to /sys/power/state: Invalid argument
09-01 01:05:36.249  4049  4049 I libsuspend: Selected wakeup count
09-01 01:05:36.252  4049  4049 I SystemServiceManager: Starting com.android.server.lights.LightsService
09-01 01:05:36.253  4049  4049 I SystemServiceManager: Starting com.android.server.display.DisplayManagerService
09-01 01:05:36.260  4049  4049 I SystemServiceManager: Starting phase 100
09-01 01:05:36.263  2934  3046 E SurfaceFlinger: getDefaultDisplay: id=2 is not a valid default display id
09-01 01:05:36.264  4049  4068 I DisplayManagerService: Display device added: DisplayDeviceInfo{"Built-in Screen": uniqueId="local:0", 1440 x 2560, modeId 1, defaultModeId 1, supportedModes [{id=1, width=1440, height=2560, fps=59.417}], colorTransformId 1, defaultColorTransformId 1, supportedColorTransforms [{id=1, colorTransform=0}], density 640, 537.8823 x 532.9836 dpi, appVsyncOff 0, presDeadline 17830200, touch INTERNAL, rotation 0, type BUILT_IN, state UNKNOWN, FLAG_DEFAULT_DISPLAY, FLAG_ROTATES_WITH_CONTENT, FLAG_SECURE, FLAG_SUPPORTS_PROTECTED_BUFFERS}
09-01 01:05:36.368  2934  2934 D SurfaceFlinger: Set power mode=2, type=0 flinger=0x7faca83c00
09-01 01:05:36.368  2934  2934 D SurfaceFlinger: Screen type=0 is already mode=2
09-01 01:05:36.368  4049  4068 D SurfaceControl: Excessive delay in setPowerMode(): 102ms
09-01 01:05:36.369  4049  4049 W art     : Long monitor contention event with owner method=void com.android.server.display.DisplayManagerService.handleDisplayDeviceAdded(com.android.server.display.DisplayDevice) from DisplayManagerService.java:677 waiters=1 for 104ms
09-01 01:05:36.369  4049  4049 I SystemServer: Package Manager
09-01 01:05:36.369  4049  4068 I DisplayManagerService: Display device changed state: "Built-in Screen", ON
09-01 01:05:36.543  4049  4049 D SELinuxMMAC: Using policy file /system/etc/security/mac_permissions.xml
09-01 01:05:36.949  4076  4076 I McDaemon: Daemon starting up...
09-01 01:05:36.949  4076  4076 I McDaemon: Socket interface version is 0.2
09-01 01:05:36.949  4076  4076 I McDaemon: *** t-base-300-Ares-2-Android-V001 ###
09-01 01:05:36.949  4076  4076 I McDaemon: Build timestamp is Aug 31 2016 19:11:45
09-01 01:05:36.949  4076  4076 E McDaemon:   *****************************
09-01 01:05:36.949  4076  4076 E McDaemon:   *** ERROR: ioctl MC_IO_VERSION failed with "Not a typewriter"(errno 25)
09-01 01:05:36.949  4076  4076 E McDaemon:   *** Detected in checkVersion/545()
09-01 01:05:36.949  4076  4076 E McDaemon:   *****************************
09-01 01:05:36.949  4076  4076 E McDaemon:   *****************************
09-01 01:05:36.949  4076  4076 E McDaemon:   *** ERROR: ret = -1
09-01 01:05:36.949  4076  4076 E McDaemon:   *** Detected in checkVersion/546()
09-01 01:05:36.949  4076  4076 E McDaemon:   *****************************
09-01 01:05:36.949  4076  4076 E McDaemon:   *****************************
09-01 01:05:36.949  4076  4076 E McDaemon:   *** ERROR: kernel module version mismatch
09-01 01:05:36.949  4076  4076 E McDaemon:   *** Detected in initDevice/118()
09-01 01:05:36.949  4076  4076 E McDaemon:   *****************************
09-01 01:05:36.949  4076  4076 E McDaemon:   *****************************
09-01 01:05:36.949  4076  4076 E McDaemon:   *** ERROR: Could not initialize <t-base (because /dev/mobicore could not be openend)!
09-01 01:05:36.949  4076  4076 E McDaemon:   *** Detected in run/139()
09-01 01:05:36.949  4076  4076 E McDaemon:   *****************************
09-01 01:05:36.949  4076  4076 E McDaemon:   *****************************
09-01 01:05:36.949  4076  4076 E McDaemon:   *** ERROR: Exiting <t-base Daemon
09-01 01:05:36.949  4076  4076 E McDaemon:   *** Detected in main/1391()
09-01 01:05:36.949  4076  4076 E McDaemon:   *****************************
09-01 01:05:37.304  4049  4049 E art     : DexFile_getDexOptNeeded file '/system/framework/org.apache.http.legacy.jar' does not exist
09-01 01:05:37.304  4049  4049 W PackageManager: Library not found: /system/framework/org.apache.http.legacy.jar
09-01 01:05:37.304  4049  4049 E art     : DexFile_getDexOptNeeded file '/system/framework/com.android.nfc_extras.jar' does not exist
09-01 01:05:37.305  4049  4049 W PackageManager: Library not found: /system/framework/com.android.nfc_extras.jar
09-01 01:05:37.306  4049  4049 E art     : DexFile_getDexOptNeeded file '/system/framework/org.apache.http.legacy.jar' does not exist
09-01 01:05:37.306  4049  4049 W PackageManager: Library not found: /system/framework/org.apache.http.legacy.jar
09-01 01:05:37.306  4049  4049 E art     : DexFile_getDexOptNeeded file '/system/framework/com.android.nfc_extras.jar' does not exist
09-01 01:05:37.306  4049  4049 W PackageManager: Library not found: /system/framework/com.android.nfc_extras.jar
09-01 01:05:37.324  4049  4049 D PackageManager: No files in app dir /vendor/overlay
09-01 01:05:37.325  4049  4049 D PackageManager: start scanDirLI:/system/framework
09-01 01:05:37.325  4049  4049 D PackageManager: max thread:6
09-01 01:05:37.408  4049  4078 W PackageManager: Permission cyanogenmod.permission.WRITE_ALARMS from package cyanogenmod.platform in an unknown group android.permission-group.SYSTEM_CLOCK
09-01 01:05:37.408  4049  4078 W PackageManager: Permission cyanogenmod.permission.MANAGE_ALARMS from package cyanogenmod.platform in an unknown group android.permission-group.SYSTEM_CLOCK
09-01 01:05:37.408  4049  4078 W PackageManager: Permission cyanogenmod.permission.READ_ALARMS from package cyanogenmod.platform in an unknown group android.permission-group.SYSTEM_CLOCK
09-01 01:05:38.297  4049  4077 W PackageManager: Permission android.permission.SET_KEYGUARD_WALLPAPER from package android in an unknown group android.permission-group.WALLPAPER
09-01 01:05:38.299  4049  4077 W PackageManager: Permission android.permission.MODIFY_PROTECTED_SMS_LIST from package android in an unknown group android.permission-group.MESSAGES
09-01 01:05:38.300  4049  4077 W PackageManager: Permission android.permission.RECEIVE_PROTECTED_SMS from package android in an unknown group android.permission-group.MESSAGES
09-01 01:05:38.300  4049  4077 W PackageManager: Permission android.permission.RESET_BATTERY_STATS from package android in an unknown group android.permission-group.SYSTEM_TOOLS
09-01 01:05:38.302  4049  4049 D PackageManager: end scanDirLI:/system/framework
09-01 01:05:38.303  4049  4049 D PackageManager: start scanDirLI:/system/priv-app
09-01 01:05:38.303  4049  4049 D PackageManager: max thread:6
09-01 01:05:38.365  4049  4080 W PackageParser: No actions in intent filter at /system/priv-app/Contacts/Contacts.apk Binary XML file line #301
09-01 01:05:38.413  4049  4077 W PackageParser: No actions in intent filter at /system/priv-app/Dialer/Dialer.apk Binary XML file line #152
09-01 01:05:38.474  4049  4082 W PackageManager: Permission android.permission.DOWNLOAD_WITHOUT_NOTIFICATION from package com.android.providers.downloads in an unknown group android.permission-group.NETWORK
09-01 01:05:38.917  4049  4081 W PackageParser: Ignoring duplicate uses-permissions/uses-permissions-sdk-m: android.permission.ACCESS_WIFI_STATE in package: com.android.phone at: Binary XML file line #132
09-01 01:05:39.308  4049  4080 W PackageManager: Permission com.android.launcher.permission.INSTALL_SHORTCUT from package com.cyanogenmod.trebuchet in an unknown group android.permission-group.SYSTEM_TOOLS
09-01 01:05:39.308  4049  4080 W PackageManager: Permission com.android.launcher3.permission.READ_SETTINGS from package com.cyanogenmod.trebuchet in an unknown group android.permission-group.SYSTEM_TOOLS
09-01 01:05:39.309  4049  4080 W PackageManager: Permission com.android.launcher3.permission.WRITE_SETTINGS from package com.cyanogenmod.trebuchet in an unknown group android.permission-group.SYSTEM_TOOLS
09-01 01:05:39.687  4049  4049 D PackageManager: end scanDirLI:/system/priv-app
09-01 01:05:39.687  4049  4049 D PackageManager: start scanDirLI:/system/app
09-01 01:05:39.687  4049  4049 D PackageManager: max thread:6
09-01 01:05:39.701  4049  4082 W PackageParser: No actions in intent filter at /system/app/Bluetooth/Bluetooth.apk Binary XML file line #235
09-01 01:05:39.703  4049  4077 W PackageParser: No actions in intent filter at /system/app/CMFileManager/CMFileManager.apk Binary XML file line #164
09-01 01:05:39.966  4049  4081 W PackageParser: Unknown element under <application>: permission at /system/app/Gallery2/Gallery2.apk Binary XML file line #278
09-01 01:05:39.966  4049  4081 W PackageParser: Unknown element under <application>: permission at /system/app/Gallery2/Gallery2.apk Binary XML file line #281
09-01 01:05:40.388  4049  4077 W PackageManager: Failed to parse /system/app/mcRegistry: Missing base APK in /system/app/mcRegistry
09-01 01:05:41.156  4049  4049 D PackageManager: end scanDirLI:/system/app
09-01 01:05:41.156  4049  4049 D PackageManager: No files in app dir /system/vendor/app
09-01 01:05:41.156  4049  4049 D PackageManager: No files in app dir /oem/app
09-01 01:05:41.156  4049  4049 D PackageManager: No files in app dir /vendor/bundled-app
09-01 01:05:41.158  4049  4049 D PackageManager: start scanDirLI:/data/app
09-01 01:05:41.158  4049  4049 D PackageManager: max thread:6
09-01 01:05:41.158  4049  4080 W PackageManager: Failed to parse /data/app/mcRegistry: Missing base APK in /data/app/mcRegistry
09-01 01:05:41.158  4049  4049 D PackageManager: end scanDirLI:/data/app
09-01 01:05:41.158  4049  4049 D PackageManager: No files in app dir /data/app-private
09-01 01:05:41.158  4049  4049 W PackageManager: Package com.android.dialer desires unavailable shared library com.qualcomm.qti.smartsearch; ignoring!
09-01 01:05:41.158  4049  4049 W PackageManager: Package com.android.gallery3d desires unavailable shared library com.google.android.media.effects; ignoring!
09-01 01:05:41.158  4049  4049 W PackageManager: Package com.android.gallery3d desires unavailable shared library com.google.android.media.effects; ignoring!
09-01 01:05:41.159  4049  4049 I PackageManager: Adjusting ABI for : com.android.inputdevices to arm64-v8a
09-01 01:05:41.159  4049  4049 I PackageManager: Adjusting ABI for : com.android.location.fused to arm64-v8a
09-01 01:05:41.160  4049  4049 I PackageManager: Adjusting ABI for : com.android.settings to arm64-v8a
09-01 01:05:41.160  4049  4049 I PackageManager: Adjusting ABI for : com.android.server.telecom to arm64-v8a
09-01 01:05:41.160  4049  4049 I PackageManager: Adjusting ABI for : com.android.development to arm64-v8a
09-01 01:05:41.160  4049  4049 I PackageManager: Adjusting ABI for : cyanogenmod.platform to arm64-v8a
09-01 01:05:41.160  2950  2950 E installd: invalid apk path '/system/framework/org.cyanogenmod.platform-res.apk' (bad prefix)
09-01 01:05:41.160  4049  4049 I PackageManager: Adjusting ABI for : com.android.keychain to arm64-v8a
09-01 01:05:41.161  4049  4049 I PackageManager: Adjusting ABI for : com.android.providers.settings to arm64-v8a
09-01 01:05:41.161  4049  4049 I PackageManager: Adjusting ABI for : org.cyanogenmod.cmsettings to arm64-v8a
09-01 01:05:41.161  4049  4049 I PackageManager: Adjusting ABI for : com.cyanogenmod.setupwizard to arm64-v8a
09-01 01:05:41.161  4049  4049 I PackageManager: Adjusting ABI for : org.cyanogenmod.providers.datausage to arm64-v8a
09-01 01:05:41.162  4049  4049 I PackageManager: Time to scan packages: 3.86 seconds
09-01 01:05:41.162  4049  4049 W PackageManager: Unknown permission com.google.android.googleapps.permission.GOOGLE_AUTH in package com.android.providers.calendar
09-01 01:05:41.162  4049  4049 W PackageManager: Unknown permission com.google.android.googleapps.permission.GOOGLE_AUTH.cl in package com.android.providers.calendar
09-01 01:05:41.163  4049  4049 W PackageManager: Not granting permission android.permission.REAL_GET_TASKS to package org.cyanogenmod.wallpapers.photophase (protectionLevel=18 flags=0x3818be45)
09-01 01:05:41.164  4049  4049 W PackageManager: Unknown permission com.cyanogen.ambient.permission.BIND_CALLER_INFO in package com.android.messaging
09-01 01:05:41.164  4049  4049 W PackageManager: Not granting permission android.permission.ACCESS_DOWNLOAD_MANAGER to package com.android.browser (protectionLevel=18 flags=0x3849be45)
09-01 01:05:41.164  4049  4049 W PackageManager: Not granting permission android.permission.SEND_DOWNLOAD_COMPLETED_INTENTS to package com.android.browser (protectionLevel=2 flags=0x3849be45)
09-01 01:05:41.165  4049  4049 W PackageManager: Unknown permission com.cyngn.stats.SEND_ANALYTICS in package com.cyanogenmod.setupwizard
09-01 01:05:41.165  4049  4049 W PackageManager: Unknown permission com.cyanogen.permission.REQUEST_KILL_SWITCH_OP in package com.cyanogenmod.setupwizard
09-01 01:05:41.166  4049  4049 W PackageManager: Unknown permission com.cyanogen.ambient.permission.BIND_INCALL_SERVICE in package com.android.contacts
09-01 01:05:41.166  4049  4049 W PackageManager: Unknown permission com.cyanogen.ambient.permission.PLUGIN_STATUS_CHANGED in package com.android.contacts
09-01 01:05:41.166  4049  4049 W PackageManager: Unknown permission com.cyanogen.ambient.permission.BIND_CALLER_INFO in package com.android.contacts
09-01 01:05:41.167  4049  4049 W PackageManager: Unknown permission com.google.android.googleapps.permission.GOOGLE_AUTH.mail in package com.android.calendar
09-01 01:05:41.168  4049  4049 W PackageManager: Unknown permission com.android.launcher.permission.READ_SETTINGS in package com.android.onetimeinitializer
09-01 01:05:41.168  4049  4049 W PackageManager: Unknown permission com.android.launcher.permission.WRITE_SETTINGS in package com.android.onetimeinitializer
09-01 01:05:41.169  4049  4049 W PackageManager: Unknown permission com.cyanogen.ambient.permission.BIND_INCALL_SERVICE in package com.android.dialer
09-01 01:05:41.169  4049  4049 W PackageManager: Unknown permission com.cyanogen.ambient.permission.PLUGIN_STATUS_CHANGED in package com.android.dialer
09-01 01:05:41.169  4049  4049 W PackageManager: Unknown permission com.cyanogen.ambient.permission.PUBLISH_DISCOVERY_NUDGE in package com.android.dialer
09-01 01:05:41.169  4049  4049 W PackageManager: Unknown permission com.cyanogen.ambient.permission.BIND_DEEPLINK_SERVICE in package com.android.dialer
09-01 01:05:41.169  4049  4049 W PackageManager: Unknown permission com.cyanogen.ambient.permission.READ_DEEPLINK_DATABASE in package com.android.dialer
09-01 01:05:41.169  4049  4049 W PackageManager: Unknown permission com.cyanogen.ambient.permission.BIND_CALLER_INFO in package com.android.dialer
09-01 01:05:41.170  4049  4049 W PackageManager: Unknown permission com.android.launcher.permission.READ_SETTINGS in package com.cyanogenmod.trebuchet
09-01 01:05:41.170  4049  4049 W PackageManager: Unknown permission com.android.launcher.permission.WRITE_SETTINGS in package com.cyanogenmod.trebuchet
09-01 01:05:41.170  4049  4049 W PackageManager: Unknown permission com.cyngn.stats.SEND_ANALYTICS in package com.cyanogenmod.trebuchet
09-01 01:05:41.170  4049  4049 W PackageManager: Unknown permission android.permission.CANCEL_NOTIFICATIONS in package org.cyanogenmod.theme.chooser
09-01 01:05:41.171  4049  4049 W PackageManager: Unknown permission com.google.android.permission.INSTALL_WEARABLE_PACKAGES in package com.android.packageinstaller
09-01 01:05:41.171  4049  4049 W PackageManager: Not granting permission android.permission.DELETE_PACKAGES to package com.svox.pico (protectionLevel=18 flags=0x3808be45)
09-01 01:05:41.171  4049  4049 W PackageManager: Unknown permission android.permission.ACCESS_SUPERUSER in package com.cyanogenmod.filemanager
09-01 01:05:41.171  4049  4049 W PackageManager: Unknown permission com.cyanogenmod.filemanager.permissions.READ_THEME in package com.cyanogenmod.filemanager
09-01 01:05:41.172  4049  4049 W PackageManager: Unknown permission com.google.android.gallery3d.permission.PICASA_STORE in package com.android.dreams.phototable
09-01 01:05:41.172  4049  4049 W PackageManager: Unknown permission com.google.android.googleapps.permission.GOOGLE_AUTH in package com.android.settings
09-01 01:05:41.172  4049  4049 W PackageManager: Unknown permission com.android.launcher.permission.READ_SETTINGS in package com.android.settings
09-01 01:05:41.172  4049  4049 W PackageManager: Unknown permission com.android.launcher.permission.WRITE_SETTINGS in package com.android.settings
09-01 01:05:41.173  4049  4049 W PackageManager: Not granting permission android.permission.REAL_GET_TASKS to package com.cyanogenmod.eleven (protectionLevel=18 flags=0x3818be65)
09-01 01:05:41.178  4049  4049 W PackageManager: Unknown permission com.google.android.gallery3d.permission.GALLERY_PROVIDER in package com.android.bluetooth
09-01 01:05:41.178  4049  4049 W PackageManager: Unknown permission com.google.android.googleapps.permission.ACCESS_GOOGLE_PASSWORD in package com.android.development
09-01 01:05:41.178  4049  4049 W PackageManager: Unknown permission com.google.android.googleapps.permission.GOOGLE_AUTH in package com.android.development
09-01 01:05:41.178  4049  4049 W PackageManager: Unknown permission com.google.android.googleapps.permission.GOOGLE_AUTH.ALL_SERVICES in package com.android.development
09-01 01:05:41.179  4049  4049 W PackageManager: Unknown permission com.google.android.googleapps.permission.GOOGLE_AUTH.YouTubeUser in package com.android.development
09-01 01:05:41.180  4049  4049 V PackageManager: Disabling com.google.android.gsf/com.google.android.gsf.update.SystemUpdateActivity
09-01 01:05:41.180  4049  4049 W PackageManager: Unable to disable com.google.android.gsf/com.google.android.gsf.update.SystemUpdateActivity
09-01 01:05:41.180  4049  4049 V PackageManager: Disabling com.google.android.gsf/com.google.android.gsf.update.SystemUpdateService$Receiver
09-01 01:05:41.180  4049  4049 W PackageManager: Unable to disable com.google.android.gsf/com.google.android.gsf.update.SystemUpdateService$Receiver
09-01 01:05:41.180  4049  4049 V PackageManager: Disabling com.google.android.gsf/com.google.android.gsf.update.SystemUpdateService$SecretCodeReceiver
09-01 01:05:41.180  4049  4049 W PackageManager: Unable to disable com.google.android.gsf/com.google.android.gsf.update.SystemUpdateService$SecretCodeReceiver
09-01 01:05:41.180  4049  4049 V PackageManager: Disabling com.google.android.gms/com.google.android.gms.update.SystemUpdateActivity
09-01 01:05:41.180  4049  4049 W PackageManager: Unable to disable com.google.android.gms/com.google.android.gms.update.SystemUpdateActivity
09-01 01:05:41.180  4049  4049 V PackageManager: Disabling com.google.android.gms/com.google.android.gms.update.SystemUpdateService$Receiver
09-01 01:05:41.180  4049  4049 W PackageManager: Unable to disable com.google.android.gms/com.google.android.gms.update.SystemUpdateService$Receiver
09-01 01:05:41.180  4049  4049 V PackageManager: Disabling com.google.android.gms/com.google.android.gms.update.SystemUpdateService$ActiveReceiver
09-01 01:05:41.180  4049  4049 W PackageManager: Unable to disable com.google.android.gms/com.google.android.gms.update.SystemUpdateService$ActiveReceiver
09-01 01:05:41.180  4049  4049 V PackageManager: Disabling com.google.android.gms/com.google.android.gms.update.SystemUpdateService$SecretCodeReceiver
09-01 01:05:41.180  4049  4049 W PackageManager: Unable to disable com.google.android.gms/com.google.android.gms.update.SystemUpdateService$SecretCodeReceiver
09-01 01:05:41.180  4049  4049 V PackageManager: Enabling com.google.android.gsf/com.google.android.gsf.update.SystemUpdateService
09-01 01:05:41.180  4049  4049 W PackageManager: Unable to enable com.google.android.gsf/com.google.android.gsf.update.SystemUpdateService
09-01 01:05:41.180  4049  4049 V PackageManager: Enabling com.google.android.gms/com.google.android.gms.update.SystemUpdateService
09-01 01:05:41.180  4049  4049 W PackageManager: Unable to enable com.google.android.gms/com.google.android.gms.update.SystemUpdateService
09-01 01:05:41.382  4049  4049 I art     : Starting a blocking GC Explicit
09-01 01:05:41.413  4049  4049 I art     : Explicit concurrent mark sweep GC freed 273602(15MB) AllocSpace objects, 66(3MB) LOS objects, 33% free, 28MB/42MB, paused 114us total 30.464ms
09-01 01:05:41.414  4049  4049 I SystemServer: User Service
09-01 01:05:41.423  2932  2932 I lowmemorykiller: ActivityManager connected
09-01 01:05:41.428  4049  4049 I SystemServiceManager: Starting com.android.server.BatteryService
09-01 01:05:41.429  4049  4084 I         : System server: starting sensor init.
09-01 01:05:41.429  4049  4084 D SensorService: nuSensorService starting...
09-01 01:05:41.430  4049  4084 I Sensors : getName:gyro_sensor name = K6DS3TR.
09-01 01:05:41.430  4049  4084 I Sensors : Proximity old sensor_state 0, new sensor_state : 128 en : 1
09-01 01:05:41.438  4049  4049 I SystemServiceManager: Starting com.android.server.usage.UsageStatsService
09-01 01:05:41.440  4049  4084 I Sensors : Light old sensor_state 128, new sensor_state : 640 en : 1
09-01 01:05:41.446  4049  4084 I Sensors : Light_IR old sensor_state 640, new sensor_state : 16777856 en : 1
09-01 01:05:41.446  4049  4084 E Sensors : Light_IR_Sensor write failed. ret = -1, sensor_state = 16777856
09-01 01:05:41.446  4049  4084 I Sensors : SigMotionSensor old sensor_state 640, new sensor_state : 17024 en : 1
09-01 01:05:41.452  4049  4084 I Sensors : getName:gyro_sensor name = K6DS3TR.
09-01 01:05:41.452  4049  4084 I Sensors : StepCounterSensor old sensor_state 17024, new sensor_state : 279168 en : 1
09-01 01:05:41.452  4049  4084 E Sensors : StepCounterSensor write failed. ret = -1, sensor_state = 279168
09-01 01:05:41.452  4049  4084 I Sensors : Int.Gyro old sensor_state 17024, new sensor_state : 33571456 en : 1
09-01 01:05:41.452  4049  4084 E Sensors : Int.GyroSensor write failed. ret = -1, sensor_state = 33571456
09-01 01:05:41.452  4049  4084 I Sensors : getName:gyro_sensor name = K6DS3TR.
09-01 01:05:41.453  4049  4084 I Sensors : HrmSpO2Sensor:: part type = 12.
09-01 01:05:41.453  4049  4084 D Sensors : HrmSpO2Sensor::type:12, prox threshold:10000
09-01 01:05:41.453  4049  4084 D Sensors : HrmSpO2Sensor::handle:0 ,en:1
09-01 01:05:41.453  4049  4084 E Sensors : HrmSpO2Sensor::Error MAXIM Flicker Library...handle=0x0
09-01 01:05:41.453  4049  4084 D Sensors : HrmSpO2Sensor::HrmSpO2Sensor: Shared version Registered
09-01 01:05:41.453  4049  4084 D Sensors : HrmLedSensor enable: mEnabled 0, handle 20, en 1
09-01 01:05:41.453  4049  4084 D Sensors : HRMSensor led enabled:1, en:1
09-01 01:05:41.457  4049  4084 I Sensors : getVendor:hrm_sensor vendor = MAXIM.
09-01 01:05:41.457  4049  4084 I Sensors : HrmLedSensor: HrmLedSensor vendor = MAXIM.
09-01 01:05:41.457  4049  4084 D Sensors : HRMSensor_LED::libhr open start!! 
09-01 01:05:41.457  4049  4084 E Sensors : HRMSensor_LED::libhr open failed 
09-01 01:05:41.457  4049  4084 E Sensors : GripSensor: enable
09-01 01:05:41.495  4049  4084 I Sensors : Proximity old sensor_state 17024, new sensor_state : 16896 en : 0
09-01 01:05:41.495  4049  4084 I Sensors : Light old sensor_state 16896, new sensor_state : 16384 en : 0
09-01 01:05:41.495  4049  4084 I Sensors : SigMotionSensor old sensor_state 16384, new sensor_state : 0 en : 0
09-01 01:05:41.495  4049  4084 E Sensors : GripSensor: enable
09-01 01:05:41.495  4049  4084 D Sensors : HrmSpO2Sensor::handle:19 ,en:0
09-01 01:05:41.495  4049  4084 D Sensors : HrmSpO2Sensor::isEnabled:0 ,en:0, mEn:0
09-01 01:05:41.495  4049  4084 D Sensors : HrmSpO2Sensor::handle:28 ,en:0
09-01 01:05:41.495  4049  4084 D Sensors : HrmSpO2Sensor::isEnabled:0 ,en:0, mEn:0
09-01 01:05:41.495  4049  4084 D Sensors : HrmLedSensor enable: mEnabled 1, handle 20, en 0
09-01 01:05:41.495  4049  4084 D Sensors : HRMSensor_LED::enable 
09-01 01:05:41.495  4049  4084 D Sensors : HRMSensor led enabled:0, en:0
09-01 01:05:41.496  4049  4084 D Sensors : HrmLedSensor enable: mEnabled 0, handle 21, en 0
09-01 01:05:41.496  4049  4084 D Sensors : HrmLedSensor isEnabled:0 ,en:0
09-01 01:05:41.496  4049  4084 D Sensors : HrmSpO2Sensor::handle:18 ,en:0
09-01 01:05:41.496  4049  4084 D Sensors : HrmSpO2Sensor::isEnabled:0 ,en:0, mEn:0
09-01 01:05:41.496  4049  4084 I         : System server: sensor init done.
09-01 01:05:41.497  4049  4086 D SensorService: nuSensorService thread starting...
09-01 01:05:41.497  4049  4085 D SensorService: new thread SensorEventAckReceiver
09-01 01:05:41.555  4049  4049 I UsageStatsService: User[0] Rollover scheduled @ 2016-09-02 00:00:00(1472774400000)
09-01 01:05:41.559  4049  4049 I SystemServiceManager: Starting com.android.server.webkit.WebViewUpdateService
09-01 01:05:41.560  4049  4049 I SystemServer: Reading configuration...
09-01 01:05:41.560  4049  4049 I SystemServer: Scheduling Policy
09-01 01:05:41.560  4049  4049 I SystemServiceManager: Starting com.android.server.telecom.TelecomLoaderService
09-01 01:05:41.562  4049  4049 I SystemServer: Telephony Registry
09-01 01:05:41.571  4049  4049 I SystemServer: Entropy Mixer
09-01 01:05:41.591  4049  4049 I EntropyMixer: Added HW RNG output to entropy pool
09-01 01:05:41.591  4049  4049 I EntropyMixer: Writing entropy...
09-01 01:05:41.603  4049  4049 I SystemServer: Camera Service
09-01 01:05:41.603  4049  4049 I SystemServiceManager: Starting com.android.server.camera.CameraService
09-01 01:05:41.605  4049  4087 I ServiceThread: Enabled StrictMode logging for CameraService_proxy looper.
09-01 01:05:41.605  4049  4049 I SystemServer: Account Manager
09-01 01:05:41.619  4049  4049 I SystemServer: Content Manager
09-01 01:05:41.623  4049  4049 I SystemServer: System Content Providers
09-01 01:05:41.626  4049  4049 W System  : ClassLoader referenced unknown path: /system/priv-app/CMSettingsProvider/lib/arm64
09-01 01:05:41.636  4049  4049 W System  : ClassLoader referenced unknown path: /system/priv-app/SettingsProvider/lib/arm64
09-01 01:05:41.673  4049  4049 I SystemServer: Vibrator Service
09-01 01:05:41.678  4049  4049 I SystemServer: Consumer IR Service
09-01 01:05:41.678  4049  4049 E ConsumerIrService: Can't open consumer IR HW Module, error: -2
09-01 01:05:41.678  4049  4049 E System  : ******************************************
09-01 01:05:41.679  4049  4049 E System  : ************ Failure starting core service
09-01 01:05:41.679  4049  4049 E System  : java.lang.RuntimeException: FEATURE_CONSUMER_IR present, but no IR HAL loaded!
09-01 01:05:41.679  4049  4049 E System  : 	at com.android.server.ConsumerIrService.<init>(ConsumerIrService.java:51)
09-01 01:05:41.679  4049  4049 E System  : 	at com.android.server.SystemServer.startOtherServices(SystemServer.java:509)
09-01 01:05:41.679  4049  4049 E System  : 	at com.android.server.SystemServer.run(SystemServer.java:291)
09-01 01:05:41.679  4049  4049 E System  : 	at com.android.server.SystemServer.main(SystemServer.java:176)
09-01 01:05:41.679  4049  4049 E System  : 	at java.lang.reflect.Method.invoke(Native Method)
09-01 01:05:41.679  4049  4049 E System  : 	at com.android.internal.os.ZygoteInit$MethodAndArgsCaller.run(ZygoteInit.java:726)
09-01 01:05:41.679  4049  4049 E System  : 	at com.android.internal.os.ZygoteInit.main(ZygoteInit.java:616)
09-01 01:05:41.679  4049  4049 I SystemServer: Input Method Service
09-01 01:05:41.717  4049  4049 W InputMethodManagerService: No IME selected. Choose the most applicable IME.
09-01 01:05:41.717  4049  4049 I InputMethodManagerService: Default found, using com.android.inputmethod.latin/.LatinIME
09-01 01:05:41.721  4049  4049 I SystemServer: Accessibility Manager
09-01 01:05:41.733  4049  4049 W SystemServer: ***********************************************
09-01 01:05:41.733  4049  4049 E SystemServer: BOOT FAILURE making display ready
09-01 01:05:41.733  4049  4049 E SystemServer: java.lang.NullPointerException: Attempt to invoke virtual method 'void com.android.server.wm.WindowManagerService.displayReady()' on a null object reference
09-01 01:05:41.733  4049  4049 E SystemServer: 	at com.android.server.SystemServer.startOtherServices(SystemServer.java:591)
09-01 01:05:41.733  4049  4049 E SystemServer: 	at com.android.server.SystemServer.run(SystemServer.java:291)
09-01 01:05:41.733  4049  4049 E SystemServer: 	at com.android.server.SystemServer.main(SystemServer.java:176)
09-01 01:05:41.733  4049  4049 E SystemServer: 	at java.lang.reflect.Method.invoke(Native Method)
09-01 01:05:41.733  4049  4049 E SystemServer: 	at com.android.internal.os.ZygoteInit$MethodAndArgsCaller.run(ZygoteInit.java:726)
09-01 01:05:41.733  4049  4049 E SystemServer: 	at com.android.internal.os.ZygoteInit.main(ZygoteInit.java:616)
09-01 01:05:41.735  4049  4049 I SystemServiceManager: Starting com.android.server.MountService$Lifecycle
09-01 01:05:41.748  4049  4091 D MountService: Thinking about reset, mSystemReady=false, mDaemonConnected=true
09-01 01:05:41.748  4049  4091 D MountService: Thinking about reset, mSystemReady=false, mDaemonConnected=true
09-01 01:05:41.749  4049  4091 D CryptdConnector: SND -> {1 cryptfs getfield SystemLocale}
09-01 01:05:41.749  2920  2961 I Ext4Crypt: ext4 crypto complete called on /data
09-01 01:05:41.749  2920  2961 I Ext4Crypt: No master key, so not ext4enc
09-01 01:05:41.750  4049  4093 D CryptdConnector: RCV <- {200 1 -1}
09-01 01:05:41.751  4049  4049 I SystemServiceManager: Starting com.android.server.UiModeManagerService
09-01 01:05:41.752  4049  4091 W MountService: No primary storage mounted!
09-01 01:05:41.752  4049  4091 D VoldConnector: SND -> {1 asec list}
09-01 01:05:41.753  4049  4092 D VoldConnector: RCV <- {200 1 asec operation succeeded}
09-01 01:05:41.754  4049  4091 I PackageManager: No secure containers found
09-01 01:05:41.754  4049  4091 W PackageManager: Unknown permission com.google.android.googleapps.permission.GOOGLE_AUTH in package com.android.providers.calendar
09-01 01:05:41.754  4049  4091 W PackageManager: Unknown permission com.google.android.googleapps.permission.GOOGLE_AUTH.cl in package com.android.providers.calendar
09-01 01:05:41.755  4049  4091 W PackageManager: Not granting permission android.permission.REAL_GET_TASKS to package org.cyanogenmod.wallpapers.photophase (protectionLevel=18 flags=0x3818be45)
09-01 01:05:41.756  4049  4091 W PackageManager: Unknown permission com.cyanogen.ambient.permission.BIND_CALLER_INFO in package com.android.messaging
09-01 01:05:41.756  4049  4091 W PackageManager: Not granting permission android.permission.ACCESS_DOWNLOAD_MANAGER to package com.android.browser (protectionLevel=18 flags=0x3849be45)
09-01 01:05:41.757  4049  4091 W PackageManager: Not granting permission android.permission.SEND_DOWNLOAD_COMPLETED_INTENTS to package com.android.browser (protectionLevel=2 flags=0x3849be45)
09-01 01:05:41.758  4049  4091 W PackageManager: Unknown permission com.cyngn.stats.SEND_ANALYTICS in package com.cyanogenmod.setupwizard
09-01 01:05:41.758  4049  4091 W PackageManager: Unknown permission com.cyanogen.permission.REQUEST_KILL_SWITCH_OP in package com.cyanogenmod.setupwizard
09-01 01:05:41.759  4049  4091 W PackageManager: Unknown permission com.cyanogen.ambient.permission.BIND_INCALL_SERVICE in package com.android.contacts
09-01 01:05:41.759  4049  4091 W PackageManager: Unknown permission com.cyanogen.ambient.permission.PLUGIN_STATUS_CHANGED in package com.android.contacts
09-01 01:05:41.759  4049  4091 W PackageManager: Unknown permission com.cyanogen.ambient.permission.BIND_CALLER_INFO in package com.android.contacts
09-01 01:05:41.760  4049  4091 W PackageManager: Unknown permission com.google.android.googleapps.permission.GOOGLE_AUTH.mail in package com.android.calendar
09-01 01:05:41.761  4049  4091 W PackageManager: Unknown permission com.android.launcher.permission.READ_SETTINGS in package com.android.onetimeinitializer
09-01 01:05:41.761  4049  4091 W PackageManager: Unknown permission com.android.launcher.permission.WRITE_SETTINGS in package com.android.onetimeinitializer
09-01 01:05:41.762  4049  4091 W PackageManager: Unknown permission com.cyanogen.ambient.permission.BIND_INCALL_SERVICE in package com.android.dialer
09-01 01:05:41.762  4049  4091 W PackageManager: Unknown permission com.cyanogen.ambient.permission.PLUGIN_STATUS_CHANGED in package com.android.dialer
09-01 01:05:41.762  4049  4091 W PackageManager: Unknown permission com.cyanogen.ambient.permission.PUBLISH_DISCOVERY_NUDGE in package com.android.dialer
09-01 01:05:41.762  4049  4091 W PackageManager: Unknown permission com.cyanogen.ambient.permission.BIND_DEEPLINK_SERVICE in package com.android.dialer
09-01 01:05:41.762  4049  4091 W PackageManager: Unknown permission com.cyanogen.ambient.permission.READ_DEEPLINK_DATABASE in package com.android.dialer
09-01 01:05:41.763  4049  4091 W PackageManager: Unknown permission com.cyanogen.ambient.permission.BIND_CALLER_INFO in package com.android.dialer
09-01 01:05:41.763  4049  4091 W PackageManager: Unknown permission com.android.launcher.permission.READ_SETTINGS in package com.cyanogenmod.trebuchet
09-01 01:05:41.763  4049  4091 W PackageManager: Unknown permission com.android.launcher.permission.WRITE_SETTINGS in package com.cyanogenmod.trebuchet
09-01 01:05:41.763  4049  4091 W PackageManager: Unknown permission com.cyngn.stats.SEND_ANALYTICS in package com.cyanogenmod.trebuchet
09-01 01:05:41.764  4049  4091 W PackageManager: Unknown permission android.permission.CANCEL_NOTIFICATIONS in package org.cyanogenmod.theme.chooser
09-01 01:05:41.764  4049  4091 W PackageManager: Unknown permission com.google.android.permission.INSTALL_WEARABLE_PACKAGES in package com.android.packageinstaller
09-01 01:05:41.764  4049  4091 W PackageManager: Not granting permission android.permission.DELETE_PACKAGES to package com.svox.pico (protectionLevel=18 flags=0x3808be45)
09-01 01:05:41.764  4049  4091 W PackageManager: Unknown permission android.permission.ACCESS_SUPERUSER in package com.cyanogenmod.filemanager
09-01 01:05:41.765  4049  4091 W PackageManager: Unknown permission com.cyanogenmod.filemanager.permissions.READ_THEME in package com.cyanogenmod.filemanager
09-01 01:05:41.765  4049  4091 W PackageManager: Unknown permission com.google.android.gallery3d.permission.PICASA_STORE in package com.android.dreams.phototable
09-01 01:05:41.766  4049  4091 W PackageManager: Unknown permission com.google.android.googleapps.permission.GOOGLE_AUTH in package com.android.settings
09-01 01:05:41.766  4049  4091 W PackageManager: Unknown permission com.android.launcher.permission.READ_SETTINGS in package com.android.settings
09-01 01:05:41.766  4049  4091 W PackageManager: Unknown permission com.android.launcher.permission.WRITE_SETTINGS in package com.android.settings
09-01 01:05:41.767  4049  4091 W PackageManager: Not granting permission android.permission.REAL_GET_TASKS to package com.cyanogenmod.eleven (protectionLevel=18 flags=0x3818be65)
09-01 01:05:41.773  4049  4091 W PackageManager: Unknown permission com.google.android.gallery3d.permission.GALLERY_PROVIDER in package com.android.bluetooth
09-01 01:05:41.774  4049  4091 W PackageManager: Unknown permission com.google.android.googleapps.permission.ACCESS_GOOGLE_PASSWORD in package com.android.development
09-01 01:05:41.774  4049  4091 W PackageManager: Unknown permission com.google.android.googleapps.permission.GOOGLE_AUTH in package com.android.development
09-01 01:05:41.774  4049  4091 W PackageManager: Unknown permission com.google.android.googleapps.permission.GOOGLE_AUTH.ALL_SERVICES in package com.android.development
09-01 01:05:41.774  4049  4091 W PackageManager: Unknown permission com.google.android.googleapps.permission.GOOGLE_AUTH.YouTubeUser in package com.android.development
09-01 01:05:41.964  4095  4095 I McDaemon: Daemon starting up...
09-01 01:05:41.964  4095  4095 I McDaemon: Socket interface version is 0.2
09-01 01:05:41.964  4095  4095 I McDaemon: *** t-base-300-Ares-2-Android-V001 ###
09-01 01:05:41.964  4095  4095 I McDaemon: Build timestamp is Aug 31 2016 19:11:45
09-01 01:05:41.965  4095  4095 E McDaemon:   *****************************
09-01 01:05:41.965  4095  4095 E McDaemon:   *** ERROR: ioctl MC_IO_VERSION failed with "Not a typewriter"(errno 25)
09-01 01:05:41.965  4095  4095 E McDaemon:   *** Detected in checkVersion/545()
09-01 01:05:41.965  4095  4095 E McDaemon:   *****************************
09-01 01:05:41.965  4095  4095 E McDaemon:   *****************************
09-01 01:05:41.965  4095  4095 E McDaemon:   *** ERROR: ret = -1
09-01 01:05:41.965  4095  4095 E McDaemon:   *** Detected in checkVersion/546()
09-01 01:05:41.965  4095  4095 E McDaemon:   *****************************
09-01 01:05:41.965  4095  4095 E McDaemon:   *****************************
09-01 01:05:41.965  4095  4095 E McDaemon:   *** ERROR: kernel module version mismatch
09-01 01:05:41.965  4095  4095 E McDaemon:   *** Detected in initDevice/118()
09-01 01:05:41.965  4095  4095 E McDaemon:   *****************************
09-01 01:05:41.965  4095  4095 E McDaemon:   *****************************
09-01 01:05:41.965  4095  4095 E McDaemon:   *** ERROR: Could not initialize <t-base (because /dev/mobicore could not be openend)!
09-01 01:05:41.965  4095  4095 E McDaemon:   *** Detected in run/139()
09-01 01:05:41.965  4095  4095 E McDaemon:   *****************************
09-01 01:05:41.965  4095  4095 E McDaemon:   *****************************
09-01 01:05:41.965  4095  4095 E McDaemon:   *** ERROR: Exiting <t-base Daemon
09-01 01:05:41.965  4095  4095 E McDaemon:   *** Detected in main/1391()
09-01 01:05:41.965  4095  4095 E McDaemon:   *****************************
09-01 01:05:41.992  4049  4049 W art     : Long monitor contention event with owner method=void com.android.server.pm.PackageManagerService.loadMediaPackages(android.util.ArrayMap, int[], boolean) from PackageManagerService.java:16768 waiters=0 for 238ms
09-01 01:05:41.992  4049  4091 W MountService: No primary storage defined yet; hacking together a stub
09-01 01:05:41.993  4049  4091 W MountService: No primary storage defined yet; hacking together a stub
09-01 01:05:41.993  4049  4049 I ActivityManager: Config changes=200 {1.0 ?mcc?mnc en_US ldltr ?swdp ?wdp ?hdp ?density ?lsize ?long ?orien ?touch ?keyb/?/? ?nav/? s.2 themeResource=null}
09-01 01:05:41.993  4049  4091 W MountService: No primary storage mounted!
09-01 01:05:41.993  4049  4091 D VoldConnector: SND -> {2 asec list}
09-01 01:05:41.994  4049  4092 D VoldConnector: RCV <- {200 2 asec operation succeeded}
09-01 01:05:41.997  4049  4049 E System  : ******************************************
09-01 01:05:41.997  4049  4049 E System  : ************ Failure starting system services
09-01 01:05:41.997  4049  4049 E System  : java.lang.NullPointerException: Attempt to invoke virtual method 'void com.android.server.wm.WindowManagerService.updateBootProgress(int, android.content.pm.ApplicationInfo, int, int, boolean)' on a null object reference
09-01 01:05:41.997  4049  4049 E System  : 	at com.android.server.am.ActivityManagerService.updateBootProgress(ActivityManagerService.java:6568)
09-01 01:05:41.997  4049  4049 E System  : 	at com.android.server.SystemServer.startOtherServices(SystemServer.java:624)
09-01 01:05:41.997  4049  4049 E System  : 	at com.android.server.SystemServer.run(SystemServer.java:291)
09-01 01:05:41.997  4049  4049 E System  : 	at com.android.server.SystemServer.main(SystemServer.java:176)
09-01 01:05:41.997  4049  4049 E System  : 	at java.lang.reflect.Method.invoke(Native Method)
09-01 01:05:41.997  4049  4049 E System  : 	at com.android.internal.os.ZygoteInit$MethodAndArgsCaller.run(ZygoteInit.java:726)
09-01 01:05:41.997  4049  4049 E System  : 	at com.android.internal.os.ZygoteInit.main(ZygoteInit.java:616)
09-01 01:05:41.997  4049  4049 D AndroidRuntime: Shutting down VM
09-01 01:05:41.998  4049  4049 E AndroidRuntime: *** FATAL EXCEPTION IN SYSTEM PROCESS: main
09-01 01:05:41.998  4049  4049 E AndroidRuntime: java.lang.NullPointerException: Attempt to invoke virtual method 'void com.android.server.wm.WindowManagerService.updateBootProgress(int, android.content.pm.ApplicationInfo, int, int, boolean)' on a null object reference
09-01 01:05:41.998  4049  4049 E AndroidRuntime: 	at com.android.server.am.ActivityManagerService.updateBootProgress(ActivityManagerService.java:6568)
09-01 01:05:41.998  4049  4049 E AndroidRuntime: 	at com.android.server.SystemServer.startOtherServices(SystemServer.java:624)
09-01 01:05:41.998  4049  4049 E AndroidRuntime: 	at com.android.server.SystemServer.run(SystemServer.java:291)
09-01 01:05:41.998  4049  4049 E AndroidRuntime: 	at com.android.server.SystemServer.main(SystemServer.java:176)
09-01 01:05:41.998  4049  4049 E AndroidRuntime: 	at java.lang.reflect.Method.invoke(Native Method)
09-01 01:05:41.998  4049  4049 E AndroidRuntime: 	at com.android.internal.os.ZygoteInit$MethodAndArgsCaller.run(ZygoteInit.java:726)
09-01 01:05:41.998  4049  4049 E AndroidRuntime: 	at com.android.internal.os.ZygoteInit.main(ZygoteInit.java:616)
09-01 01:05:41.998  4049  4049 I Process : Sending signal. PID: 4049 SIG: 9
09-01 01:05:42.010  3778  3778 E Zygote  : Exit zygote because system server (4049) has terminated
09-01 01:05:42.023  2933  2933 I ServiceManager: service 'media.radio' died
09-01 01:05:42.023  2933  2933 I ServiceManager: service 'media.sound_trigger_hw' died
09-01 01:05:42.023  2933  2933 I ServiceManager: service 'media.audio_flinger' died
09-01 01:05:42.023  2933  2933 I ServiceManager: service 'media.player' died
09-01 01:05:42.023  2933  2933 I ServiceManager: service 'media.resource_manager' died
09-01 01:05:42.023  2933  2933 I ServiceManager: service 'media.camera' died
09-01 01:05:42.023  2933  2933 I ServiceManager: service 'media.audio_policy' died
