09-01 02:52:16.754  3096  3126 E         : invalid gralloc handle (at 0x7f90fe9300)
09-01 02:52:16.754  3096  3126 E         : Runtime and build version of gralloc private structure does not match. Errors will likely follow.
09-01 02:52:16.762  2935  2935 E         : invalid gralloc handle (at 0x7f833d6460)
09-01 02:52:16.763  2935  2935 E         : Runtime and build version of gralloc private structure does not match. Errors will likely follow.
09-01 02:52:16.767  2935  2935 D gralloc : fb_post E
09-01 02:52:16.767  2935  2935 D gralloc : fb_post format=0x5
09-01 02:52:16.779  3729  3729 I dex2oat : dex2oat took 30.467ms (threads: 8) arena alloc=128B java alloc=94KB native alloc=932KB free=1115KB
09-01 02:52:16.788  3096  3126 E         : invalid gralloc handle (at 0x7f90fe9380)
09-01 02:52:16.788  3096  3126 E         : Runtime and build version of gralloc private structure does not match. Errors will likely follow.
09-01 02:52:16.796  2935  2935 E         : invalid gralloc handle (at 0x7f833d63f0)
09-01 02:52:16.796  2935  2935 E         : Runtime and build version of gralloc private structure does not match. Errors will likely follow.
09-01 02:52:16.798  3738  3738 I dex2oat : /system/bin/dex2oat --compiler-filter=verify-at-runtime
09-01 02:52:16.800  2935  2935 D gralloc : fb_post E
09-01 02:52:16.800  2935  2935 D gralloc : fb_post format=0x5
09-01 02:52:16.816  3738  3738 I dex2oat : dex2oat took 18.185ms (threads: 8) arena alloc=0B java alloc=21KB native alloc=784KB free=751KB
09-01 02:52:16.821  3096  3126 E         : invalid gralloc handle (at 0x7f90fe9300)
09-01 02:52:16.821  3096  3126 E         : Runtime and build version of gralloc private structure does not match. Errors will likely follow.
09-01 02:52:16.830  2935  2935 E         : invalid gralloc handle (at 0x7f833d65b0)
09-01 02:52:16.830  2935  2935 E         : Runtime and build version of gralloc private structure does not match. Errors will likely follow.
09-01 02:52:16.834  2935  2935 D gralloc : fb_post E
09-01 02:52:16.834  2935  2935 D gralloc : fb_post format=0x5
09-01 02:52:16.835  3747  3747 I dex2oat : /system/bin/dex2oat --compiler-filter=verify-at-runtime
09-01 02:52:16.854  3096  3126 E         : invalid gralloc handle (at 0x7f90fe9380)
09-01 02:52:16.855  3096  3126 E         : Runtime and build version of gralloc private structure does not match. Errors will likely follow.
09-01 02:52:16.864  2935  2935 E         : invalid gralloc handle (at 0x7f833d6540)
09-01 02:52:16.864  2935  2935 E         : Runtime and build version of gralloc private structure does not match. Errors will likely follow.
09-01 02:52:16.868  2935  2935 D gralloc : fb_post E
09-01 02:52:16.868  2935  2935 D gralloc : fb_post format=0x5
09-01 02:52:16.888  3096  3126 E         : invalid gralloc handle (at 0x7f90fe9300)
09-01 02:52:16.888  3096  3126 E         : Runtime and build version of gralloc private structure does not match. Errors will likely follow.
09-01 02:52:16.892  3747  3747 I dex2oat : dex2oat took 57.645ms (threads: 8) arena alloc=2944B java alloc=557KB native alloc=1064KB free=1495KB
09-01 02:52:16.898  2935  2935 E         : invalid gralloc handle (at 0x7f833d64d0)
09-01 02:52:16.898  2935  2935 E         : Runtime and build version of gralloc private structure does not match. Errors will likely follow.
09-01 02:52:16.902  2935  2935 D gralloc : fb_post E
09-01 02:52:16.902  2935  2935 D gralloc : fb_post format=0x5
09-01 02:52:16.911  3756  3756 I dex2oat : /system/bin/dex2oat --compiler-filter=verify-at-runtime
09-01 02:52:16.922  3096  3126 E         : invalid gralloc handle (at 0x7f90fe9380)
09-01 02:52:16.922  3096  3126 E         : Runtime and build version of gralloc private structure does not match. Errors will likely follow.
09-01 02:52:16.926  3756  3756 I dex2oat : dex2oat took 15.093ms (threads: 8) arena alloc=0B java alloc=21KB native alloc=780KB free=755KB
09-01 02:52:16.932  2935  2935 E         : invalid gralloc handle (at 0x7f833d6460)
09-01 02:52:16.932  2935  2935 E         : Runtime and build version of gralloc private structure does not match. Errors will likely follow.
09-01 02:52:16.936  2935  2935 D gralloc : fb_post E
09-01 02:52:16.936  2935  2935 D gralloc : fb_post format=0x5
09-01 02:52:16.944  3765  3765 I dex2oat : /system/bin/dex2oat --compiler-filter=verify-at-runtime
09-01 02:52:16.955  3096  3126 E         : invalid gralloc handle (at 0x7f90fe9300)
09-01 02:52:16.955  3096  3126 E         : Runtime and build version of gralloc private structure does not match. Errors will likely follow.
09-01 02:52:16.963  3765  3765 I dex2oat : dex2oat took 18.678ms (threads: 8) arena alloc=0B java alloc=72KB native alloc=783KB free=752KB
09-01 02:52:16.966  2935  2935 E         : invalid gralloc handle (at 0x7f833d63f0)
09-01 02:52:16.966  2935  2935 E         : Runtime and build version of gralloc private structure does not match. Errors will likely follow.
09-01 02:52:16.970  2935  2935 D gralloc : fb_post E
09-01 02:52:16.970  2935  2935 D gralloc : fb_post format=0x5
09-01 02:52:16.981  3774  3774 I dex2oat : /system/bin/dex2oat --compiler-filter=verify-at-runtime
09-01 02:52:16.989  3096  3126 E         : invalid gralloc handle (at 0x7f90fe9380)
09-01 02:52:16.989  3096  3126 E         : Runtime and build version of gralloc private structure does not match. Errors will likely follow.
09-01 02:52:16.996  3774  3774 I dex2oat : dex2oat took 15.007ms (threads: 8) arena alloc=0B java alloc=25KB native alloc=783KB free=752KB
09-01 02:52:17.000  2935  2935 E         : invalid gralloc handle (at 0x7f833d65b0)
09-01 02:52:17.000  2935  2935 E         : Runtime and build version of gralloc private structure does not match. Errors will likely follow.
09-01 02:52:17.004  2935  2935 D gralloc : fb_post E
09-01 02:52:17.004  2935  2935 D gralloc : fb_post format=0x5
09-01 02:52:17.015  3783  3783 I dex2oat : /system/bin/dex2oat --compiler-filter=verify-at-runtime
09-01 02:52:17.022  3096  3126 E         : invalid gralloc handle (at 0x7f90fe9300)
09-01 02:52:17.022  3096  3126 E         : Runtime and build version of gralloc private structure does not match. Errors will likely follow.
09-01 02:52:17.034  2935  2935 E         : invalid gralloc handle (at 0x7f833d6540)
09-01 02:52:17.034  2935  2935 E         : Runtime and build version of gralloc private structure does not match. Errors will likely follow.
09-01 02:52:17.038  2935  2935 D gralloc : fb_post E
09-01 02:52:17.038  2935  2935 D gralloc : fb_post format=0x5
09-01 02:52:17.056  3096  3126 E         : invalid gralloc handle (at 0x7f90fe9380)
09-01 02:52:17.056  3096  3126 E         : Runtime and build version of gralloc private structure does not match. Errors will likely follow.
09-01 02:52:17.065  3783  3783 I dex2oat : dex2oat took 50.137ms (threads: 8) arena alloc=128B java alloc=556KB native alloc=890KB free=1669KB
09-01 02:52:17.068  2935  2935 E         : invalid gralloc handle (at 0x7f833d64d0)
09-01 02:52:17.068  2935  2935 E         : Runtime and build version of gralloc private structure does not match. Errors will likely follow.
09-01 02:52:17.072  2935  2935 D gralloc : fb_post E
09-01 02:52:17.072  2935  2935 D gralloc : fb_post format=0x5
09-01 02:52:17.085  3792  3792 I dex2oat : /system/bin/dex2oat --compiler-filter=verify-at-runtime
09-01 02:52:17.089  3096  3126 E         : invalid gralloc handle (at 0x7f90fe9300)
09-01 02:52:17.089  3096  3126 E         : Runtime and build version of gralloc private structure does not match. Errors will likely follow.
09-01 02:52:17.101  2935  2935 E         : invalid gralloc handle (at 0x7f833d6460)
09-01 02:52:17.102  2935  2935 E         : Runtime and build version of gralloc private structure does not match. Errors will likely follow.
09-01 02:52:17.105  2935  2935 D gralloc : fb_post E
09-01 02:52:17.106  2935  2935 D gralloc : fb_post format=0x5
09-01 02:52:17.108  3792  3792 I dex2oat : dex2oat took 23.320ms (threads: 8) arena alloc=512B java alloc=183KB native alloc=915KB free=1132KB
09-01 02:52:17.122  3096  3126 E         : invalid gralloc handle (at 0x7f90fe9380)
09-01 02:52:17.122  3096  3126 E         : Runtime and build version of gralloc private structure does not match. Errors will likely follow.
09-01 02:52:17.126  3801  3801 I dex2oat : /system/bin/dex2oat --compiler-filter=verify-at-runtime
09-01 02:52:17.135  2935  2935 E         : invalid gralloc handle (at 0x7f833d63f0)
09-01 02:52:17.135  2935  2935 E         : Runtime and build version of gralloc private structure does not match. Errors will likely follow.
09-01 02:52:17.139  2935  2935 D gralloc : fb_post E
09-01 02:52:17.140  2935  2935 D gralloc : fb_post format=0x5
09-01 02:52:17.145  3801  3801 I dex2oat : dex2oat took 18.572ms (threads: 8) arena alloc=0B java alloc=21KB native alloc=780KB free=755KB
09-01 02:52:17.156  3096  3126 E         : invalid gralloc handle (at 0x7f90fe9300)
09-01 02:52:17.156  3096  3126 E         : Runtime and build version of gralloc private structure does not match. Errors will likely follow.
09-01 02:52:17.162  3810  3810 I dex2oat : /system/bin/dex2oat --compiler-filter=verify-at-runtime
09-01 02:52:17.169  2935  2935 E         : invalid gralloc handle (at 0x7f833d65b0)
09-01 02:52:17.169  2935  2935 E         : Runtime and build version of gralloc private structure does not match. Errors will likely follow.
09-01 02:52:17.173  2935  2935 D gralloc : fb_post E
09-01 02:52:17.174  2935  2935 D gralloc : fb_post format=0x5
09-01 02:52:17.183  3810  3810 I dex2oat : dex2oat took 21.004ms (threads: 8) arena alloc=608B java alloc=70KB native alloc=941KB free=1106KB
09-01 02:52:17.190  3096  3126 E         : invalid gralloc handle (at 0x7f90fe9380)
09-01 02:52:17.190  3096  3126 E         : Runtime and build version of gralloc private structure does not match. Errors will likely follow.
09-01 02:52:17.201  3819  3819 I dex2oat : /system/bin/dex2oat --compiler-filter=verify-at-runtime
09-01 02:52:17.203  2935  2935 E         : invalid gralloc handle (at 0x7f833d6540)
09-01 02:52:17.203  2935  2935 E         : Runtime and build version of gralloc private structure does not match. Errors will likely follow.
09-01 02:52:17.207  2935  2935 D gralloc : fb_post E
09-01 02:52:17.207  2935  2935 D gralloc : fb_post format=0x5
09-01 02:52:17.220  3819  3819 I dex2oat : dex2oat took 18.841ms (threads: 8) arena alloc=0B java alloc=19KB native alloc=784KB free=751KB
09-01 02:52:17.223  3096  3126 E         : invalid gralloc handle (at 0x7f90fe9300)
09-01 02:52:17.223  3096  3126 E         : Runtime and build version of gralloc private structure does not match. Errors will likely follow.
09-01 02:52:17.237  2935  2935 E         : invalid gralloc handle (at 0x7f833d64d0)
09-01 02:52:17.237  2935  2935 E         : Runtime and build version of gralloc private structure does not match. Errors will likely follow.
09-01 02:52:17.238  3828  3828 I dex2oat : /system/bin/dex2oat --compiler-filter=verify-at-runtime
09-01 02:52:17.241  2935  2935 D gralloc : fb_post E
09-01 02:52:17.241  2935  2935 D gralloc : fb_post format=0x5
09-01 02:52:17.253  3828  3828 I dex2oat : dex2oat took 15.170ms (threads: 8) arena alloc=0B java alloc=40KB native alloc=819KB free=972KB
09-01 02:52:17.257  3096  3126 E         : invalid gralloc handle (at 0x7f90fe9380)
09-01 02:52:17.257  3096  3126 E         : Runtime and build version of gralloc private structure does not match. Errors will likely follow.
09-01 02:52:17.271  2935  2935 E         : invalid gralloc handle (at 0x7f833d6460)
09-01 02:52:17.271  2935  2935 E         : Runtime and build version of gralloc private structure does not match. Errors will likely follow.
09-01 02:52:17.271  3837  3837 I dex2oat : /system/bin/dex2oat --compiler-filter=verify-at-runtime
09-01 02:52:17.275  2935  2935 D gralloc : fb_post E
09-01 02:52:17.275  2935  2935 D gralloc : fb_post format=0x5
09-01 02:52:17.290  3096  3126 E         : invalid gralloc handle (at 0x7f90fe9300)
09-01 02:52:17.290  3096  3126 E         : Runtime and build version of gralloc private structure does not match. Errors will likely follow.
09-01 02:52:17.290  3837  3837 I dex2oat : dex2oat took 19.475ms (threads: 8) arena alloc=432B java alloc=25KB native alloc=912KB free=879KB
09-01 02:52:17.305  2935  2935 E         : invalid gralloc handle (at 0x7f833d63f0)
09-01 02:52:17.305  2935  2935 E         : Runtime and build version of gralloc private structure does not match. Errors will likely follow.
09-01 02:52:17.309  2935  2935 D gralloc : fb_post E
09-01 02:52:17.309  2935  2935 D gralloc : fb_post format=0x5
09-01 02:52:17.309  3846  3846 I dex2oat : /system/bin/dex2oat --compiler-filter=verify-at-runtime
09-01 02:52:17.324  3096  3126 E         : invalid gralloc handle (at 0x7f90fe9380)
09-01 02:52:17.324  3096  3126 E         : Runtime and build version of gralloc private structure does not match. Errors will likely follow.
09-01 02:52:17.327  3846  3846 I dex2oat : dex2oat took 18.389ms (threads: 8) arena alloc=0B java alloc=25KB native alloc=813KB free=722KB
09-01 02:52:17.339  2935  2935 E         : invalid gralloc handle (at 0x7f833d65b0)
09-01 02:52:17.339  2935  2935 E         : Runtime and build version of gralloc private structure does not match. Errors will likely follow.
09-01 02:52:17.343  2935  2935 D gralloc : fb_post E
09-01 02:52:17.343  2935  2935 D gralloc : fb_post format=0x5
09-01 02:52:17.346  3855  3855 I dex2oat : /system/bin/dex2oat --compiler-filter=verify-at-runtime
09-01 02:52:17.357  3096  3126 E         : invalid gralloc handle (at 0x7f90fe9300)
09-01 02:52:17.357  3096  3126 E         : Runtime and build version of gralloc private structure does not match. Errors will likely follow.
09-01 02:52:17.365  3855  3855 I dex2oat : dex2oat took 19.254ms (threads: 8) arena alloc=0B java alloc=57KB native alloc=784KB free=1007KB
09-01 02:52:17.373  2935  2935 E         : invalid gralloc handle (at 0x7f833d6540)
09-01 02:52:17.373  2935  2935 E         : Runtime and build version of gralloc private structure does not match. Errors will likely follow.
09-01 02:52:17.377  2935  2935 D gralloc : fb_post E
09-01 02:52:17.377  2935  2935 D gralloc : fb_post format=0x5
09-01 02:52:17.383  3864  3864 I dex2oat : /system/bin/dex2oat --compiler-filter=verify-at-runtime
09-01 02:52:17.390  3096  3126 E         : invalid gralloc handle (at 0x7f90fe9380)
09-01 02:52:17.390  3096  3126 E         : Runtime and build version of gralloc private structure does not match. Errors will likely follow.
09-01 02:52:17.401  3864  3864 I dex2oat : dex2oat took 18.678ms (threads: 8) arena alloc=0B java alloc=22KB native alloc=818KB free=717KB
09-01 02:52:17.407  2935  2935 E         : invalid gralloc handle (at 0x7f833d64d0)
09-01 02:52:17.407  2935  2935 E         : Runtime and build version of gralloc private structure does not match. Errors will likely follow.
09-01 02:52:17.411  2935  2935 D gralloc : fb_post E
09-01 02:52:17.411  2935  2935 D gralloc : fb_post format=0x5
09-01 02:52:17.419  3873  3873 I dex2oat : /system/bin/dex2oat --compiler-filter=verify-at-runtime
09-01 02:52:17.424  3096  3126 E         : invalid gralloc handle (at 0x7f90fe9300)
09-01 02:52:17.424  3096  3126 E         : Runtime and build version of gralloc private structure does not match. Errors will likely follow.
09-01 02:52:17.438  3873  3873 I dex2oat : dex2oat took 18.578ms (threads: 8) arena alloc=0B java alloc=41KB native alloc=864KB free=927KB
09-01 02:52:17.441  2935  2935 E         : invalid gralloc handle (at 0x7f833d6460)
09-01 02:52:17.441  2935  2935 E         : Runtime and build version of gralloc private structure does not match. Errors will likely follow.
09-01 02:52:17.445  2935  2935 D gralloc : fb_post E
09-01 02:52:17.445  2935  2935 D gralloc : fb_post format=0x5
09-01 02:52:17.456  3882  3882 I dex2oat : /system/bin/dex2oat --compiler-filter=verify-at-runtime
09-01 02:52:17.457  3096  3126 E         : invalid gralloc handle (at 0x7f90fe9380)
09-01 02:52:17.457  3096  3126 E         : Runtime and build version of gralloc private structure does not match. Errors will likely follow.
09-01 02:52:17.474  3882  3882 I dex2oat : dex2oat took 18.617ms (threads: 8) arena alloc=0B java alloc=25KB native alloc=818KB free=717KB
09-01 02:52:17.474  2935  2935 E         : invalid gralloc handle (at 0x7f833d63f0)
09-01 02:52:17.474  2935  2935 E         : Runtime and build version of gralloc private structure does not match. Errors will likely follow.
09-01 02:52:17.478  2935  2935 D gralloc : fb_post E
09-01 02:52:17.478  2935  2935 D gralloc : fb_post format=0x5
09-01 02:52:17.490  3096  3126 E         : invalid gralloc handle (at 0x7f90fe9300)
09-01 02:52:17.490  3096  3126 E         : Runtime and build version of gralloc private structure does not match. Errors will likely follow.
09-01 02:52:17.492  3891  3891 I dex2oat : /system/bin/dex2oat --compiler-filter=verify-at-runtime
09-01 02:52:17.508  2935  2935 E         : invalid gralloc handle (at 0x7f833d65b0)
09-01 02:52:17.508  2935  2935 E         : Runtime and build version of gralloc private structure does not match. Errors will likely follow.
09-01 02:52:17.509  3891  3891 I dex2oat : dex2oat took 17.198ms (threads: 8) arena alloc=0B java alloc=20KB native alloc=784KB free=751KB
09-01 02:52:17.512  2935  2935 D gralloc : fb_post E
09-01 02:52:17.512  2935  2935 D gralloc : fb_post format=0x5
09-01 02:52:17.524  3096  3126 E         : invalid gralloc handle (at 0x7f90fe9380)
09-01 02:52:17.524  3096  3126 E         : Runtime and build version of gralloc private structure does not match. Errors will likely follow.
09-01 02:52:17.528  3900  3900 I dex2oat : /system/bin/dex2oat --compiler-filter=verify-at-runtime
09-01 02:52:17.542  2935  2935 E         : invalid gralloc handle (at 0x7f833d6540)
09-01 02:52:17.542  2935  2935 E         : Runtime and build version of gralloc private structure does not match. Errors will likely follow.
09-01 02:52:17.546  3900  3900 I dex2oat : dex2oat took 18.862ms (threads: 8) arena alloc=1200B java alloc=33KB native alloc=972KB free=819KB
09-01 02:52:17.546  2935  2935 D gralloc : fb_post E
09-01 02:52:17.546  2935  2935 D gralloc : fb_post format=0x5
09-01 02:52:17.557  3096  3126 E         : invalid gralloc handle (at 0x7f90fe9300)
09-01 02:52:17.557  3096  3126 E         : Runtime and build version of gralloc private structure does not match. Errors will likely follow.
09-01 02:52:17.565  3909  3909 I dex2oat : /system/bin/dex2oat --compiler-filter=verify-at-runtime
09-01 02:52:17.576  2935  2935 E         : invalid gralloc handle (at 0x7f833d64d0)
09-01 02:52:17.576  2935  2935 E         : Runtime and build version of gralloc private structure does not match. Errors will likely follow.
09-01 02:52:17.580  2935  2935 D gralloc : fb_post E
09-01 02:52:17.580  2935  2935 D gralloc : fb_post format=0x5
09-01 02:52:17.591  3096  3126 E         : invalid gralloc handle (at 0x7f90fe9380)
09-01 02:52:17.591  3096  3126 E         : Runtime and build version of gralloc private structure does not match. Errors will likely follow.
09-01 02:52:17.594  3909  3909 I dex2oat : dex2oat took 30.124ms (threads: 8) arena alloc=608B java alloc=217KB native alloc=968KB free=1079KB
09-01 02:52:17.610  2935  2935 E         : invalid gralloc handle (at 0x7f833d6460)
09-01 02:52:17.610  2935  2935 E         : Runtime and build version of gralloc private structure does not match. Errors will likely follow.
09-01 02:52:17.613  3918  3918 I dex2oat : /system/bin/dex2oat --compiler-filter=verify-at-runtime
09-01 02:52:17.614  2935  2935 D gralloc : fb_post E
09-01 02:52:17.614  2935  2935 D gralloc : fb_post format=0x5
09-01 02:52:17.628  3096  3126 E         : invalid gralloc handle (at 0x7f90fe9300)
09-01 02:52:17.628  3096  3126 E         : Runtime and build version of gralloc private structure does not match. Errors will likely follow.
09-01 02:52:17.636  3918  3918 I dex2oat : dex2oat took 23.259ms (threads: 8) arena alloc=144B java alloc=81KB native alloc=937KB free=1366KB
09-01 02:52:17.644  2935  2935 E         : invalid gralloc handle (at 0x7f833d63f0)
09-01 02:52:17.644  2935  2935 E         : Runtime and build version of gralloc private structure does not match. Errors will likely follow.
09-01 02:52:17.648  2935  2935 D gralloc : fb_post E
09-01 02:52:17.648  2935  2935 D gralloc : fb_post format=0x5
09-01 02:52:17.654  3927  3927 I dex2oat : /system/bin/dex2oat --compiler-filter=verify-at-runtime
09-01 02:52:17.658  3096  3126 E         : invalid gralloc handle (at 0x7f90fe9380)
09-01 02:52:17.658  3096  3126 E         : Runtime and build version of gralloc private structure does not match. Errors will likely follow.
09-01 02:52:17.673  3927  3927 I dex2oat : dex2oat took 19.070ms (threads: 8) arena alloc=0B java alloc=22KB native alloc=784KB free=751KB
09-01 02:52:17.678  2935  2935 E         : invalid gralloc handle (at 0x7f833d65b0)
09-01 02:52:17.678  2935  2935 E         : Runtime and build version of gralloc private structure does not match. Errors will likely follow.
09-01 02:52:17.682  2935  2935 D gralloc : fb_post E
09-01 02:52:17.682  2935  2935 D gralloc : fb_post format=0x5
09-01 02:52:17.691  3937  3937 I dex2oat : /system/bin/dex2oat --compiler-filter=verify-at-runtime
09-01 02:52:17.692  3096  3126 E         : invalid gralloc handle (at 0x7f90fe9300)
09-01 02:52:17.692  3096  3126 E         : Runtime and build version of gralloc private structure does not match. Errors will likely follow.
09-01 02:52:17.695  2935  2935 E         : invalid gralloc handle (at 0x7f833d6540)
09-01 02:52:17.695  2935  2935 E         : Runtime and build version of gralloc private structure does not match. Errors will likely follow.
09-01 02:52:17.699  2935  2935 D gralloc : fb_post E
09-01 02:52:17.699  2935  2935 D gralloc : fb_post format=0x5
09-01 02:52:17.725  3096  3126 E         : invalid gralloc handle (at 0x7f90fe9380)
09-01 02:52:17.725  3096  3126 E         : Runtime and build version of gralloc private structure does not match. Errors will likely follow.
09-01 02:52:17.728  2935  2935 E         : invalid gralloc handle (at 0x7f833d64d0)
09-01 02:52:17.728  2935  2935 E         : Runtime and build version of gralloc private structure does not match. Errors will likely follow.
09-01 02:52:17.732  2935  2935 D gralloc : fb_post E
09-01 02:52:17.733  2935  2935 D gralloc : fb_post format=0x5
09-01 02:52:17.740  3937  3937 I dex2oat : dex2oat took 49.582ms (threads: 8) arena alloc=144B java alloc=770KB native alloc=967KB free=1336KB
09-01 02:52:17.758  3096  3126 E         : invalid gralloc handle (at 0x7f90fe9300)
09-01 02:52:17.758  3096  3126 E         : Runtime and build version of gralloc private structure does not match. Errors will likely follow.
09-01 02:52:17.759  3946  3946 I dex2oat : /system/bin/dex2oat --compiler-filter=verify-at-runtime
09-01 02:52:17.763  2935  2935 E         : invalid gralloc handle (at 0x7f833d6460)
09-01 02:52:17.763  2935  2935 E         : Runtime and build version of gralloc private structure does not match. Errors will likely follow.
09-01 02:52:17.767  2935  2935 D gralloc : fb_post E
09-01 02:52:17.767  2935  2935 D gralloc : fb_post format=0x5
09-01 02:52:17.777  3946  3946 I dex2oat : dex2oat took 18.866ms (threads: 8) arena alloc=0B java alloc=22KB native alloc=784KB free=751KB
09-01 02:52:17.792  3096  3126 E         : invalid gralloc handle (at 0x7f90fe9380)
09-01 02:52:17.792  3096  3126 E         : Runtime and build version of gralloc private structure does not match. Errors will likely follow.
09-01 02:52:17.795  3955  3955 I dex2oat : /system/bin/dex2oat --compiler-filter=verify-at-runtime
09-01 02:52:17.796  2935  2935 E         : invalid gralloc handle (at 0x7f833d63f0)
09-01 02:52:17.796  2935  2935 E         : Runtime and build version of gralloc private structure does not match. Errors will likely follow.
09-01 02:52:17.800  2935  2935 D gralloc : fb_post E
09-01 02:52:17.800  2935  2935 D gralloc : fb_post format=0x5
09-01 02:52:17.818  3955  3955 I dex2oat : dex2oat took 23.587ms (threads: 8) arena alloc=0B java alloc=28KB native alloc=784KB free=751KB
09-01 02:52:17.825  3096  3126 E         : invalid gralloc handle (at 0x7f90fe9300)
09-01 02:52:17.825  3096  3126 E         : Runtime and build version of gralloc private structure does not match. Errors will likely follow.
09-01 02:52:17.830  2935  2935 E         : invalid gralloc handle (at 0x7f833d65b0)
09-01 02:52:17.830  2935  2935 E         : Runtime and build version of gralloc private structure does not match. Errors will likely follow.
09-01 02:52:17.834  2935  2935 D gralloc : fb_post E
09-01 02:52:17.834  2935  2935 D gralloc : fb_post format=0x5
09-01 02:52:17.837  3964  3964 I dex2oat : /system/bin/dex2oat --compiler-filter=verify-at-runtime
09-01 02:52:17.855  3964  3964 I dex2oat : dex2oat took 18.282ms (threads: 8) arena alloc=0B java alloc=19KB native alloc=784KB free=751KB
09-01 02:52:17.859  3096  3126 E         : invalid gralloc handle (at 0x7f90fe9380)
09-01 02:52:17.859  3096  3126 E         : Runtime and build version of gralloc private structure does not match. Errors will likely follow.
09-01 02:52:17.864  2935  2935 E         : invalid gralloc handle (at 0x7f833d6540)
09-01 02:52:17.864  2935  2935 E         : Runtime and build version of gralloc private structure does not match. Errors will likely follow.
09-01 02:52:17.868  2935  2935 D gralloc : fb_post E
09-01 02:52:17.868  2935  2935 D gralloc : fb_post format=0x5
09-01 02:52:17.873  3973  3973 I dex2oat : /system/bin/dex2oat --compiler-filter=verify-at-runtime
09-01 02:52:17.892  3096  3126 E         : invalid gralloc handle (at 0x7f90fe9300)
09-01 02:52:17.892  3096  3126 E         : Runtime and build version of gralloc private structure does not match. Errors will likely follow.
09-01 02:52:17.898  2935  2935 E         : invalid gralloc handle (at 0x7f833d64d0)
09-01 02:52:17.898  2935  2935 E         : Runtime and build version of gralloc private structure does not match. Errors will likely follow.
09-01 02:52:17.902  2935  2935 D gralloc : fb_post E
09-01 02:52:17.902  2935  2935 D gralloc : fb_post format=0x5
09-01 02:52:17.926  3096  3126 E         : invalid gralloc handle (at 0x7f90fe9380)
09-01 02:52:17.926  3096  3126 E         : Runtime and build version of gralloc private structure does not match. Errors will likely follow.
09-01 02:52:17.926  3973  3973 I dex2oat : dex2oat took 53.279ms (threads: 8) arena alloc=144B java alloc=758KB native alloc=811KB free=1492KB
09-01 02:52:17.932  2935  2935 E         : invalid gralloc handle (at 0x7f833d6460)
09-01 02:52:17.932  2935  2935 E         : Runtime and build version of gralloc private structure does not match. Errors will likely follow.
09-01 02:52:17.936  2935  2935 D gralloc : fb_post E
09-01 02:52:17.936  2935  2935 D gralloc : fb_post format=0x5
09-01 02:52:17.945  3982  3982 I dex2oat : /system/bin/dex2oat --compiler-filter=verify-at-runtime
09-01 02:52:17.959  3096  3126 E         : invalid gralloc handle (at 0x7f90fe9300)
09-01 02:52:17.959  3096  3126 E         : Runtime and build version of gralloc private structure does not match. Errors will likely follow.
09-01 02:52:17.966  2935  2935 E         : invalid gralloc handle (at 0x7f833d63f0)
09-01 02:52:17.966  2935  2935 E         : Runtime and build version of gralloc private structure does not match. Errors will likely follow.
09-01 02:52:17.969  3982  3982 I dex2oat : dex2oat took 24.437ms (threads: 8) arena alloc=608B java alloc=151KB native alloc=913KB free=1134KB
09-01 02:52:17.970  2935  2935 D gralloc : fb_post E
09-01 02:52:17.970  2935  2935 D gralloc : fb_post format=0x5
09-01 02:52:17.987  3991  3991 I dex2oat : /system/bin/dex2oat --compiler-filter=verify-at-runtime
09-01 02:52:17.992  3096  3126 E         : invalid gralloc handle (at 0x7f90fe9380)
09-01 02:52:17.992  3096  3126 E         : Runtime and build version of gralloc private structure does not match. Errors will likely follow.
09-01 02:52:18.000  2935  2935 E         : invalid gralloc handle (at 0x7f833d65b0)
09-01 02:52:18.000  2935  2935 E         : Runtime and build version of gralloc private structure does not match. Errors will likely follow.
09-01 02:52:18.004  2935  2935 D gralloc : fb_post E
09-01 02:52:18.004  2935  2935 D gralloc : fb_post format=0x5
09-01 02:52:18.006  3991  3991 I dex2oat : dex2oat took 18.604ms (threads: 8) arena alloc=0B java alloc=23KB native alloc=783KB free=752KB
09-01 02:52:18.011  3423  3423 D PackageManager: No files in app dir /vendor/overlay
09-01 02:52:18.012  3423  3423 D PackageManager: start scanDirLI:/system/framework
09-01 02:52:18.012  3423  3423 D PackageManager: max thread:6
09-01 02:52:18.026  3096  3126 E         : invalid gralloc handle (at 0x7f90fe9300)
09-01 02:52:18.026  3096  3126 E         : Runtime and build version of gralloc private structure does not match. Errors will likely follow.
09-01 02:52:18.034  2935  2935 E         : invalid gralloc handle (at 0x7f833d6540)
09-01 02:52:18.034  2935  2935 E         : Runtime and build version of gralloc private structure does not match. Errors will likely follow.
09-01 02:52:18.038  2935  2935 D gralloc : fb_post E
09-01 02:52:18.038  2935  2935 D gralloc : fb_post format=0x5
09-01 02:52:18.040  3423  4001 I PackageManager: /system/framework/org.cyanogenmod.platform-res.apk changed; collecting certs
09-01 02:52:18.059  3096  3126 E         : invalid gralloc handle (at 0x7f90fe9380)
09-01 02:52:18.059  3096  3126 E         : Runtime and build version of gralloc private structure does not match. Errors will likely follow.
09-01 02:52:18.067  2935  2935 E         : invalid gralloc handle (at 0x7f833d64d0)
09-01 02:52:18.068  2935  2935 E         : Runtime and build version of gralloc private structure does not match. Errors will likely follow.
09-01 02:52:18.072  2935  2935 D gralloc : fb_post E
09-01 02:52:18.072  2935  2935 D gralloc : fb_post format=0x5
09-01 02:52:18.075  3423  4000 I PackageManager: /system/framework/framework-res.apk changed; collecting certs
09-01 02:52:18.093  3096  3126 E         : invalid gralloc handle (at 0x7f90fe9300)
09-01 02:52:18.093  3096  3126 E         : Runtime and build version of gralloc private structure does not match. Errors will likely follow.
09-01 02:52:18.102  2935  2935 E         : invalid gralloc handle (at 0x7f833d6460)
09-01 02:52:18.102  2935  2935 E         : Runtime and build version of gralloc private structure does not match. Errors will likely follow.
09-01 02:52:18.106  2935  2935 D gralloc : fb_post E
09-01 02:52:18.106  2935  2935 D gralloc : fb_post format=0x5
09-01 02:52:18.126  3096  3126 E         : invalid gralloc handle (at 0x7f90fe9380)
09-01 02:52:18.126  3096  3126 E         : Runtime and build version of gralloc private structure does not match. Errors will likely follow.
09-01 02:52:18.134  3423  4001 W PackageManager: Permission cyanogenmod.permission.WRITE_ALARMS from package cyanogenmod.platform in an unknown group android.permission-group.SYSTEM_CLOCK
09-01 02:52:18.134  3423  4001 W PackageManager: Permission cyanogenmod.permission.MANAGE_ALARMS from package cyanogenmod.platform in an unknown group android.permission-group.SYSTEM_CLOCK
09-01 02:52:18.134  3423  4001 W PackageManager: Permission cyanogenmod.permission.READ_ALARMS from package cyanogenmod.platform in an unknown group android.permission-group.SYSTEM_CLOCK
09-01 02:52:18.135  2935  2935 E         : invalid gralloc handle (at 0x7f833d63f0)
09-01 02:52:18.135  2935  2935 E         : Runtime and build version of gralloc private structure does not match. Errors will likely follow.
09-01 02:52:18.139  2935  2935 D gralloc : fb_post E
09-01 02:52:18.139  2935  2935 D gralloc : fb_post format=0x5
09-01 02:52:18.160  3096  3126 E         : invalid gralloc handle (at 0x7f90fe9300)
09-01 02:52:18.160  3096  3126 E         : Runtime and build version of gralloc private structure does not match. Errors will likely follow.
09-01 02:52:18.169  2935  2935 E         : invalid gralloc handle (at 0x7f833d65b0)
09-01 02:52:18.169  2935  2935 E         : Runtime and build version of gralloc private structure does not match. Errors will likely follow.
09-01 02:52:18.173  2935  2935 D gralloc : fb_post E
09-01 02:52:18.173  2935  2935 D gralloc : fb_post format=0x5
09-01 02:52:18.193  3096  3126 E         : invalid gralloc handle (at 0x7f90fe9380)
09-01 02:52:18.193  3096  3126 E         : Runtime and build version of gralloc private structure does not match. Errors will likely follow.
09-01 02:52:18.203  2935  2935 E         : invalid gralloc handle (at 0x7f833d6540)
09-01 02:52:18.203  2935  2935 E         : Runtime and build version of gralloc private structure does not match. Errors will likely follow.
09-01 02:52:18.207  2935  2935 D gralloc : fb_post E
09-01 02:52:18.207  2935  2935 D gralloc : fb_post format=0x5
09-01 02:52:18.227  3096  3126 E         : invalid gralloc handle (at 0x7f90fe9300)
09-01 02:52:18.227  3096  3126 E         : Runtime and build version of gralloc private structure does not match. Errors will likely follow.
09-01 02:52:18.237  2935  2935 E         : invalid gralloc handle (at 0x7f833d64d0)
09-01 02:52:18.237  2935  2935 E         : Runtime and build version of gralloc private structure does not match. Errors will likely follow.
09-01 02:52:18.241  2935  2935 D gralloc : fb_post E
09-01 02:52:18.241  2935  2935 D gralloc : fb_post format=0x5
09-01 02:52:18.260  3096  3126 E         : invalid gralloc handle (at 0x7f90fe9380)
09-01 02:52:18.260  3096  3126 E         : Runtime and build version of gralloc private structure does not match. Errors will likely follow.
09-01 02:52:18.271  2935  2935 E         : invalid gralloc handle (at 0x7f833d6460)
09-01 02:52:18.271  2935  2935 E         : Runtime and build version of gralloc private structure does not match. Errors will likely follow.
09-01 02:52:18.275  2935  2935 D gralloc : fb_post E
09-01 02:52:18.275  2935  2935 D gralloc : fb_post format=0x5
09-01 02:52:18.294  3096  3126 E         : invalid gralloc handle (at 0x7f90fe9300)
09-01 02:52:18.294  3096  3126 E         : Runtime and build version of gralloc private structure does not match. Errors will likely follow.
09-01 02:52:18.305  2935  2935 E         : invalid gralloc handle (at 0x7f833d63f0)
09-01 02:52:18.305  2935  2935 E         : Runtime and build version of gralloc private structure does not match. Errors will likely follow.
09-01 02:52:18.309  2935  2935 D gralloc : fb_post E
09-01 02:52:18.309  2935  2935 D gralloc : fb_post format=0x5
09-01 02:52:18.327  3096  3126 E         : invalid gralloc handle (at 0x7f90fe9380)
09-01 02:52:18.327  3096  3126 E         : Runtime and build version of gralloc private structure does not match. Errors will likely follow.
09-01 02:52:18.339  2935  2935 E         : invalid gralloc handle (at 0x7f833d65b0)
09-01 02:52:18.339  2935  2935 E         : Runtime and build version of gralloc private structure does not match. Errors will likely follow.
09-01 02:52:18.343  2935  2935 D gralloc : fb_post E
09-01 02:52:18.343  2935  2935 D gralloc : fb_post format=0x5
09-01 02:52:18.361  3096  3126 E         : invalid gralloc handle (at 0x7f90fe9300)
09-01 02:52:18.361  3096  3126 E         : Runtime and build version of gralloc private structure does not match. Errors will likely follow.
09-01 02:52:18.373  2935  2935 E         : invalid gralloc handle (at 0x7f833d6540)
09-01 02:52:18.373  2935  2935 E         : Runtime and build version of gralloc private structure does not match. Errors will likely follow.
09-01 02:52:18.377  2935  2935 D gralloc : fb_post E
09-01 02:52:18.377  2935  2935 D gralloc : fb_post format=0x5
09-01 02:52:18.394  3096  3126 E         : invalid gralloc handle (at 0x7f90fe9380)
09-01 02:52:18.394  3096  3126 E         : Runtime and build version of gralloc private structure does not match. Errors will likely follow.
09-01 02:52:18.407  2935  2935 E         : invalid gralloc handle (at 0x7f833d64d0)
09-01 02:52:18.407  2935  2935 E         : Runtime and build version of gralloc private structure does not match. Errors will likely follow.
09-01 02:52:18.411  2935  2935 D gralloc : fb_post E
09-01 02:52:18.411  2935  2935 D gralloc : fb_post format=0x5
09-01 02:52:18.428  3096  3126 E         : invalid gralloc handle (at 0x7f90fe9300)
09-01 02:52:18.428  3096  3126 E         : Runtime and build version of gralloc private structure does not match. Errors will likely follow.
09-01 02:52:18.440  2935  2935 E         : invalid gralloc handle (at 0x7f833d6460)
09-01 02:52:18.441  2935  2935 E         : Runtime and build version of gralloc private structure does not match. Errors will likely follow.
09-01 02:52:18.445  2935  2935 D gralloc : fb_post E
09-01 02:52:18.445  2935  2935 D gralloc : fb_post format=0x5
09-01 02:52:18.461  3096  3126 E         : invalid gralloc handle (at 0x7f90fe9380)
09-01 02:52:18.461  3096  3126 E         : Runtime and build version of gralloc private structure does not match. Errors will likely follow.
09-01 02:52:18.474  2935  2935 E         : invalid gralloc handle (at 0x7f833d63f0)
09-01 02:52:18.474  2935  2935 E         : Runtime and build version of gralloc private structure does not match. Errors will likely follow.
09-01 02:52:18.478  2935  2935 D gralloc : fb_post E
09-01 02:52:18.478  2935  2935 D gralloc : fb_post format=0x5
09-01 02:52:18.495  3096  3126 E         : invalid gralloc handle (at 0x7f90fe9300)
09-01 02:52:18.495  3096  3126 E         : Runtime and build version of gralloc private structure does not match. Errors will likely follow.
09-01 02:52:18.508  2935  2935 E         : invalid gralloc handle (at 0x7f833d65b0)
09-01 02:52:18.508  2935  2935 E         : Runtime and build version of gralloc private structure does not match. Errors will likely follow.
09-01 02:52:18.512  2935  2935 D gralloc : fb_post E
09-01 02:52:18.512  2935  2935 D gralloc : fb_post format=0x5
09-01 02:52:18.528  3096  3126 E         : invalid gralloc handle (at 0x7f90fe9380)
09-01 02:52:18.528  3096  3126 E         : Runtime and build version of gralloc private structure does not match. Errors will likely follow.
09-01 02:52:18.542  2935  2935 E         : invalid gralloc handle (at 0x7f833d6540)
09-01 02:52:18.542  2935  2935 E         : Runtime and build version of gralloc private structure does not match. Errors will likely follow.
09-01 02:52:18.546  2935  2935 D gralloc : fb_post E
09-01 02:52:18.546  2935  2935 D gralloc : fb_post format=0x5
09-01 02:52:18.562  3096  3126 E         : invalid gralloc handle (at 0x7f90fe9300)
09-01 02:52:18.562  3096  3126 E         : Runtime and build version of gralloc private structure does not match. Errors will likely follow.
09-01 02:52:18.576  2935  2935 E         : invalid gralloc handle (at 0x7f833d64d0)
09-01 02:52:18.576  2935  2935 E         : Runtime and build version of gralloc private structure does not match. Errors will likely follow.
09-01 02:52:18.580  2935  2935 D gralloc : fb_post E
09-01 02:52:18.580  2935  2935 D gralloc : fb_post format=0x5
09-01 02:52:18.595  3096  3126 E         : invalid gralloc handle (at 0x7f90fe9380)
09-01 02:52:18.595  3096  3126 E         : Runtime and build version of gralloc private structure does not match. Errors will likely follow.
09-01 02:52:18.610  2935  2935 E         : invalid gralloc handle (at 0x7f833d6460)
09-01 02:52:18.610  2935  2935 E         : Runtime and build version of gralloc private structure does not match. Errors will likely follow.
09-01 02:52:18.614  2935  2935 D gralloc : fb_post E
09-01 02:52:18.614  2935  2935 D gralloc : fb_post format=0x5
09-01 02:52:18.629  3096  3126 E         : invalid gralloc handle (at 0x7f90fe9300)
09-01 02:52:18.629  3096  3126 E         : Runtime and build version of gralloc private structure does not match. Errors will likely follow.
09-01 02:52:18.644  2935  2935 E         : invalid gralloc handle (at 0x7f833d63f0)
09-01 02:52:18.644  2935  2935 E         : Runtime and build version of gralloc private structure does not match. Errors will likely follow.
09-01 02:52:18.648  2935  2935 D gralloc : fb_post E
09-01 02:52:18.648  2935  2935 D gralloc : fb_post format=0x5
09-01 02:52:18.662  3096  3126 E         : invalid gralloc handle (at 0x7f90fe9380)
09-01 02:52:18.662  3096  3126 E         : Runtime and build version of gralloc private structure does not match. Errors will likely follow.
09-01 02:52:18.678  2935  2935 E         : invalid gralloc handle (at 0x7f833d65b0)
09-01 02:52:18.678  2935  2935 E         : Runtime and build version of gralloc private structure does not match. Errors will likely follow.
09-01 02:52:18.682  2935  2935 D gralloc : fb_post E
09-01 02:52:18.682  2935  2935 D gralloc : fb_post format=0x5
09-01 02:52:18.696  3096  3126 E         : invalid gralloc handle (at 0x7f90fe9300)
09-01 02:52:18.696  3096  3126 E         : Runtime and build version of gralloc private structure does not match. Errors will likely follow.
09-01 02:52:18.712  2935  2935 E         : invalid gralloc handle (at 0x7f833d6540)
09-01 02:52:18.712  2935  2935 E         : Runtime and build version of gralloc private structure does not match. Errors will likely follow.
09-01 02:52:18.716  2935  2935 D gralloc : fb_post E
09-01 02:52:18.716  2935  2935 D gralloc : fb_post format=0x5
09-01 02:52:18.729  3096  3126 E         : invalid gralloc handle (at 0x7f90fe9380)
09-01 02:52:18.729  3096  3126 E         : Runtime and build version of gralloc private structure does not match. Errors will likely follow.
09-01 02:52:18.746  2935  2935 E         : invalid gralloc handle (at 0x7f833d64d0)
09-01 02:52:18.746  2935  2935 E         : Runtime and build version of gralloc private structure does not match. Errors will likely follow.
09-01 02:52:18.750  2935  2935 D gralloc : fb_post E
09-01 02:52:18.750  2935  2935 D gralloc : fb_post format=0x5
09-01 02:52:18.763  3096  3126 E         : invalid gralloc handle (at 0x7f90fe9300)
09-01 02:52:18.763  3096  3126 E         : Runtime and build version of gralloc private structure does not match. Errors will likely follow.
09-01 02:52:18.780  2935  2935 E         : invalid gralloc handle (at 0x7f833d6460)
09-01 02:52:18.780  2935  2935 E         : Runtime and build version of gralloc private structure does not match. Errors will likely follow.
09-01 02:52:18.784  2935  2935 D gralloc : fb_post E
09-01 02:52:18.784  2935  2935 D gralloc : fb_post format=0x5
09-01 02:52:18.796  3096  3126 E         : invalid gralloc handle (at 0x7f90fe9380)
09-01 02:52:18.796  3096  3126 E         : Runtime and build version of gralloc private structure does not match. Errors will likely follow.
09-01 02:52:18.813  2935  2935 E         : invalid gralloc handle (at 0x7f833d63f0)
09-01 02:52:18.813  2935  2935 E         : Runtime and build version of gralloc private structure does not match. Errors will likely follow.
09-01 02:52:18.817  2935  2935 D gralloc : fb_post E
09-01 02:52:18.818  2935  2935 D gralloc : fb_post format=0x5
09-01 02:52:18.830  3096  3126 E         : invalid gralloc handle (at 0x7f90fe9300)
09-01 02:52:18.830  3096  3126 E         : Runtime and build version of gralloc private structure does not match. Errors will likely follow.
09-01 02:52:18.847  2935  2935 E         : invalid gralloc handle (at 0x7f833d65b0)
09-01 02:52:18.847  2935  2935 E         : Runtime and build version of gralloc private structure does not match. Errors will likely follow.
09-01 02:52:18.851  2935  2935 D gralloc : fb_post E
09-01 02:52:18.851  2935  2935 D gralloc : fb_post format=0x5
09-01 02:52:18.863  3096  3126 E         : invalid gralloc handle (at 0x7f90fe9380)
09-01 02:52:18.863  3096  3126 E         : Runtime and build version of gralloc private structure does not match. Errors will likely follow.
09-01 02:52:18.881  2935  2935 E         : invalid gralloc handle (at 0x7f833d6540)
09-01 02:52:18.881  2935  2935 E         : Runtime and build version of gralloc private structure does not match. Errors will likely follow.
09-01 02:52:18.885  2935  2935 D gralloc : fb_post E
09-01 02:52:18.885  2935  2935 D gralloc : fb_post format=0x5
09-01 02:52:18.897  3096  3126 E         : invalid gralloc handle (at 0x7f90fe9300)
09-01 02:52:18.897  3096  3126 E         : Runtime and build version of gralloc private structure does not match. Errors will likely follow.
09-01 02:52:18.915  2935  2935 E         : invalid gralloc handle (at 0x7f833d64d0)
09-01 02:52:18.915  2935  2935 E         : Runtime and build version of gralloc private structure does not match. Errors will likely follow.
09-01 02:52:18.919  2935  2935 D gralloc : fb_post E
09-01 02:52:18.919  2935  2935 D gralloc : fb_post format=0x5
09-01 02:52:18.930  3096  3126 E         : invalid gralloc handle (at 0x7f90fe9380)
09-01 02:52:18.930  3096  3126 E         : Runtime and build version of gralloc private structure does not match. Errors will likely follow.
09-01 02:52:18.949  2935  2935 E         : invalid gralloc handle (at 0x7f833d6460)
09-01 02:52:18.949  2935  2935 E         : Runtime and build version of gralloc private structure does not match. Errors will likely follow.
09-01 02:52:18.953  2935  2935 D gralloc : fb_post E
09-01 02:52:18.953  2935  2935 D gralloc : fb_post format=0x5
09-01 02:52:18.964  3096  3126 E         : invalid gralloc handle (at 0x7f90fe9300)
09-01 02:52:18.964  3096  3126 E         : Runtime and build version of gralloc private structure does not match. Errors will likely follow.
09-01 02:52:18.983  2935  2935 E         : invalid gralloc handle (at 0x7f833d63f0)
09-01 02:52:18.983  2935  2935 E         : Runtime and build version of gralloc private structure does not match. Errors will likely follow.
09-01 02:52:18.987  2935  2935 D gralloc : fb_post E
09-01 02:52:18.987  2935  2935 D gralloc : fb_post format=0x5
09-01 02:52:18.997  3096  3126 E         : invalid gralloc handle (at 0x7f90fe9380)
09-01 02:52:18.997  3096  3126 E         : Runtime and build version of gralloc private structure does not match. Errors will likely follow.
09-01 02:52:19.000  2935  2935 E         : invalid gralloc handle (at 0x7f833d65b0)
09-01 02:52:19.000  2935  2935 E         : Runtime and build version of gralloc private structure does not match. Errors will likely follow.
09-01 02:52:19.004  2935  2935 D gralloc : fb_post E
09-01 02:52:19.004  2935  2935 D gralloc : fb_post format=0x5
09-01 02:52:19.031  3096  3126 E         : invalid gralloc handle (at 0x7f90fe9300)
09-01 02:52:19.031  3096  3126 E         : Runtime and build version of gralloc private structure does not match. Errors will likely follow.
09-01 02:52:19.034  2935  2935 E         : invalid gralloc handle (at 0x7f833d6540)
09-01 02:52:19.034  2935  2935 E         : Runtime and build version of gralloc private structure does not match. Errors will likely follow.
09-01 02:52:19.038  2935  2935 D gralloc : fb_post E
09-01 02:52:19.038  2935  2935 D gralloc : fb_post format=0x5
09-01 02:52:19.064  3096  3126 E         : invalid gralloc handle (at 0x7f90fe9380)
09-01 02:52:19.064  3096  3126 E         : Runtime and build version of gralloc private structure does not match. Errors will likely follow.
09-01 02:52:19.068  2935  2935 E         : invalid gralloc handle (at 0x7f833d64d0)
09-01 02:52:19.068  2935  2935 E         : Runtime and build version of gralloc private structure does not match. Errors will likely follow.
09-01 02:52:19.072  2935  2935 D gralloc : fb_post E
09-01 02:52:19.072  2935  2935 D gralloc : fb_post format=0x5
09-01 02:52:19.097  3096  3126 E         : invalid gralloc handle (at 0x7f90fe9300)
09-01 02:52:19.097  3096  3126 E         : Runtime and build version of gralloc private structure does not match. Errors will likely follow.
09-01 02:52:19.101  2935  2935 E         : invalid gralloc handle (at 0x7f833d6460)
09-01 02:52:19.102  2935  2935 E         : Runtime and build version of gralloc private structure does not match. Errors will likely follow.
09-01 02:52:19.105  2935  2935 D gralloc : fb_post E
09-01 02:52:19.105  2935  2935 D gralloc : fb_post format=0x5
09-01 02:52:19.131  3096  3126 E         : invalid gralloc handle (at 0x7f90fe9380)
09-01 02:52:19.131  3096  3126 E         : Runtime and build version of gralloc private structure does not match. Errors will likely follow.
09-01 02:52:19.135  2935  2935 E         : invalid gralloc handle (at 0x7f833d63f0)
09-01 02:52:19.135  2935  2935 E         : Runtime and build version of gralloc private structure does not match. Errors will likely follow.
09-01 02:52:19.139  2935  2935 D gralloc : fb_post E
09-01 02:52:19.139  2935  2935 D gralloc : fb_post format=0x5
09-01 02:52:19.164  3096  3126 E         : invalid gralloc handle (at 0x7f90fe9300)
09-01 02:52:19.164  3096  3126 E         : Runtime and build version of gralloc private structure does not match. Errors will likely follow.
09-01 02:52:19.169  2935  2935 E         : invalid gralloc handle (at 0x7f833d65b0)
09-01 02:52:19.169  2935  2935 E         : Runtime and build version of gralloc private structure does not match. Errors will likely follow.
09-01 02:52:19.173  2935  2935 D gralloc : fb_post E
09-01 02:52:19.173  2935  2935 D gralloc : fb_post format=0x5
09-01 02:52:19.198  3096  3126 E         : invalid gralloc handle (at 0x7f90fe9380)
09-01 02:52:19.198  3096  3126 E         : Runtime and build version of gralloc private structure does not match. Errors will likely follow.
09-01 02:52:19.203  2935  2935 E         : invalid gralloc handle (at 0x7f833d6540)
09-01 02:52:19.203  2935  2935 E         : Runtime and build version of gralloc private structure does not match. Errors will likely follow.
09-01 02:52:19.207  2935  2935 D gralloc : fb_post E
09-01 02:52:19.207  2935  2935 D gralloc : fb_post format=0x5
