12-05 02:39:19.405  4852  4852 E gpsd    : ASSERT in ../../../../tmp/14804949_263294/customers/samsung/V64LHE2Swordtailandroid/delivery/gpsd/hal/BrcmGpsLhdHal.cpp:190: Condition [m_pIpc] failed
12-05 02:39:19.405  4852  4852 F libc    : Fatal signal 6 (SIGABRT), code -6 in tid 4852 (gpsd)
12-05 02:39:19.405  2997  2997 I DEBUG   : property debug.db.uid not set; NOT waiting for gdb.
12-05 02:39:19.405  2997  2997 I DEBUG   : HINT: adb shell setprop debug.db.uid 100000
12-05 02:39:19.405  2997  2997 I DEBUG   : HINT: adb forward tcp:5039 tcp:5039
12-05 02:39:19.456  2997  2997 F DEBUG   : *** *** *** *** *** *** *** *** *** *** *** *** *** *** *** ***
12-05 02:39:19.456  2997  2997 F DEBUG   : CM Version: '13.0-20161204-UNOFFICIAL-hero2ltexx'
12-05 02:39:19.456  2997  2997 F DEBUG   : Build fingerprint: 'samsung/cm_hero2ltexx/hero2ltexx:6.0.1/MOB31K/e933b1c43c:userdebug/test-keys'
12-05 02:39:19.456  2997  2997 F DEBUG   : Revision: '0'
12-05 02:39:19.456  2997  2997 F DEBUG   : ABI: 'arm64'
12-05 02:39:19.456  2997  2997 F DEBUG   : pid: 4852, tid: 4852, name: gpsd  >>> /system/bin/gpsd <<<
12-05 02:39:19.456  2997  2997 F DEBUG   : signal 6 (SIGABRT), code -6 (SI_TKILL), fault addr --------
12-05 02:39:19.456  3330  3647 W NativeCrashListener: Couldn't find ProcessRecord for pid 4852
12-05 02:39:19.459  2997  2997 F DEBUG   :     x0   0000000000000000  x1   00000000000012f4  x2   0000000000000006  x3   0000000000000000
12-05 02:39:19.459  2997  2997 E DEBUG   : AM write failed: Broken pipe
12-05 02:39:19.459  2997  2997 F DEBUG   :     x4   0000000000000000  x5   0000000000000001  x6   0000000000000000  x7   0000000000000000
12-05 02:39:19.459  2997  2997 F DEBUG   :     x8   0000000000000083  x9   000000000000009d  x10  0000007ff3501a7c  x11  0000007ff3501ab8
12-05 02:39:19.459  2997  2997 F DEBUG   :     x12  0000007ff3501990  x13  0000000000000097  x14  0000007ff3501b58  x15  0000000000000000
12-05 02:39:19.459  2997  2997 F DEBUG   :     x16  0000007f837c1560  x17  0000007f83752d6c  x18  0000007f83d84fd8  x19  0000007f83e160d8
12-05 02:39:19.459  2997  2997 F DEBUG   :     x20  0000007f83e16018  x21  0000000000000002  x22  0000000000000006  x23  0000007ff3502698
12-05 02:39:19.459  2997  2997 F DEBUG   :     x24  0000007f846a3000  x25  0000007f845b1000  x26  0000007f845af000  x27  0000007f845b0000
12-05 02:39:19.459  2997  2997 F DEBUG   :     x28  0000007f84335000  x29  0000007ff3501fd0  x30  0000007f83750508
12-05 02:39:19.459  2997  2997 F DEBUG   :     sp   0000007ff3501fd0  pc   0000007f83752d74  pstate 0000000020000000
12-05 02:39:19.462  2997  2997 F DEBUG   : 
12-05 02:39:19.462  2997  2997 F DEBUG   : backtrace:
12-05 02:39:19.462  2997  2997 F DEBUG   :     #00 pc 0000000000069d74  /system/lib64/libc.so (tgkill+8)
12-05 02:39:19.462  2997  2997 F DEBUG   :     #01 pc 0000000000067504  /system/lib64/libc.so (pthread_kill+68)
12-05 02:39:19.462  2997  2997 F DEBUG   :     #02 pc 0000000000023448  /system/lib64/libc.so (raise+28)
12-05 02:39:19.462  2997  2997 F DEBUG   :     #03 pc 000000000001dbe8  /system/lib64/libc.so (abort+60)
12-05 02:39:19.462  2997  2997 F DEBUG   :     #04 pc 000000000023bf78  /system/bin/gpsd
12-05 02:39:19.462  2997  2997 F DEBUG   :     #05 pc 0000000000090a08  /system/bin/gpsd
12-05 02:39:19.462  2997  2997 F DEBUG   :     #06 pc 0000000000088ef4  /system/bin/gpsd
12-05 02:39:19.462  2997  2997 F DEBUG   :     #07 pc 0000000000092cd4  /system/bin/gpsd
12-05 02:39:19.462  2997  2997 F DEBUG   :     #08 pc 000000000023bf68  /system/bin/gpsd
12-05 02:39:19.462  2997  2997 F DEBUG   :     #09 pc 000000000008a8a4  /system/bin/gpsd
12-05 02:39:19.462  2997  2997 F DEBUG   :     #10 pc 0000000000090e9c  /system/bin/gpsd
12-05 02:39:19.462  2997  2997 F DEBUG   :     #11 pc 0000000000091634  /system/bin/gpsd
12-05 02:39:19.462  2997  2997 F DEBUG   :     #12 pc 000000000005d8a0  /system/bin/gpsd (main+376)
12-05 02:39:19.462  2997  2997 F DEBUG   :     #13 pc 000000000001bcd8  /system/lib64/libc.so (__libc_init+100)
12-05 02:39:19.462  2997  2997 F DEBUG   :     #14 pc 000000000005e89c  /system/bin/gpsd
12-05 02:39:19.496  2997  2997 F DEBUG   : 
12-05 02:39:19.496  2997  2997 F DEBUG   : Tombstone written to: /data/tombstones/tombstone_05
12-05 02:39:19.496  3330  3357 I BootReceiver: Copying /data/tombstones/tombstone_05 to DropBox (SYSTEM_TOMBSTONE)
12-05 02:39:19.489  4852  4852 W gpsd    : type=1701 audit(0.0:214): auid=4294967295 uid=1021 gid=1000 ses=4294967295 exe="/system/bin/gpsd" sig=6
12-05 02:39:19.994  3330  3344 I ActivityManager: Waited long enough for: ServiceRecord{8839770 u0 com.android.providers.media/.MediaScannerService}
12-05 02:39:20.276  3330  3344 I ActivityManager: Waited long enough for: ServiceRecord{be2ba9c u0 com.android.calendar/.alerts.InitAlarmsService}
12-05 02:39:20.507  3330  3344 I ActivityManager: Waited long enough for: ServiceRecord{2e79c07 u0 com.android.email/.service.LegacyImapSyncAdapterService}
12-05 02:39:23.730  4859  4859 E gpsd    : ASSERT in GlGpsdInterface.cpp:417: Failed to read config file.
12-05 02:39:23.730  4859  4859 E gpsd    : ASSERT in ../../../../tmp/14804949_263294/customers/samsung/V64LHE2Swordtailandroid/delivery/gpsd/hal/BrcmGpsLhdHal.cpp:190: Condition [m_pIpc] failed
12-05 02:39:23.730  4859  4859 F libc    : Fatal signal 6 (SIGABRT), code -6 in tid 4859 (gpsd)
12-05 02:39:23.730  2997  2997 I DEBUG   : property debug.db.uid not set; NOT waiting for gdb.
12-05 02:39:23.730  2997  2997 I DEBUG   : HINT: adb shell setprop debug.db.uid 100000
12-05 02:39:23.730  2997  2997 I DEBUG   : HINT: adb forward tcp:5039 tcp:5039
12-05 02:39:23.780  2997  2997 F DEBUG   : *** *** *** *** *** *** *** *** *** *** *** *** *** *** *** ***
12-05 02:39:23.780  2997  2997 F DEBUG   : CM Version: '13.0-20161204-UNOFFICIAL-hero2ltexx'
12-05 02:39:23.780  2997  2997 F DEBUG   : Build fingerprint: 'samsung/cm_hero2ltexx/hero2ltexx:6.0.1/MOB31K/e933b1c43c:userdebug/test-keys'
12-05 02:39:23.780  2997  2997 F DEBUG   : Revision: '0'
12-05 02:39:23.780  2997  2997 F DEBUG   : ABI: 'arm64'
12-05 02:39:23.780  3330  3647 W NativeCrashListener: Couldn't find ProcessRecord for pid 4859
12-05 02:39:23.780  2997  2997 F DEBUG   : pid: 4859, tid: 4859, name: gpsd  >>> /system/bin/gpsd <<<
12-05 02:39:23.780  2997  2997 F DEBUG   : signal 6 (SIGABRT), code -6 (SI_TKILL), fault addr --------
12-05 02:39:23.780  2997  2997 E DEBUG   : AM write failed: Broken pipe
12-05 02:39:23.783  2997  2997 F DEBUG   :     x0   0000000000000000  x1   00000000000012fb  x2   0000000000000006  x3   0000000000000000
12-05 02:39:23.783  2997  2997 F DEBUG   :     x4   0000000000000000  x5   0000000000000001  x6   0000000000000000  x7   0000000000000000
12-05 02:39:23.783  2997  2997 F DEBUG   :     x8   0000000000000083  x9   000000000000009d  x10  0000007fe44b78dc  x11  0000007fe44b7918
12-05 02:39:23.783  2997  2997 F DEBUG   :     x12  0000007fe44b77f0  x13  0000000000000097  x14  0000007fe44b79b8  x15  0000000000000000
12-05 02:39:23.783  2997  2997 F DEBUG   :     x16  0000007f9811b560  x17  0000007f980acd6c  x18  0000007f986defd8  x19  0000007f987700d8
12-05 02:39:23.783  2997  2997 F DEBUG   :     x20  0000007f98770018  x21  0000000000000002  x22  0000000000000006  x23  0000007fe44b84f8
12-05 02:39:23.783  2997  2997 F DEBUG   :     x24  0000007f98ffd000  x25  0000007f98f0b000  x26  0000007f98f09000  x27  0000007f98f0a000
12-05 02:39:23.783  2997  2997 F DEBUG   :     x28  0000007f98c8f000  x29  0000007fe44b7e30  x30  0000007f980aa508
12-05 02:39:23.783  2997  2997 F DEBUG   :     sp   0000007fe44b7e30  pc   0000007f980acd74  pstate 0000000020000000
12-05 02:39:23.787  2997  2997 F DEBUG   : 
12-05 02:39:23.787  2997  2997 F DEBUG   : backtrace:
12-05 02:39:23.787  2997  2997 F DEBUG   :     #00 pc 0000000000069d74  /system/lib64/libc.so (tgkill+8)
12-05 02:39:23.787  2997  2997 F DEBUG   :     #01 pc 0000000000067504  /system/lib64/libc.so (pthread_kill+68)
12-05 02:39:23.787  2997  2997 F DEBUG   :     #02 pc 0000000000023448  /system/lib64/libc.so (raise+28)
12-05 02:39:23.787  2997  2997 F DEBUG   :     #03 pc 000000000001dbe8  /system/lib64/libc.so (abort+60)
12-05 02:39:23.787  2997  2997 F DEBUG   :     #04 pc 000000000023bf78  /system/bin/gpsd
12-05 02:39:23.787  2997  2997 F DEBUG   :     #05 pc 0000000000090a08  /system/bin/gpsd
12-05 02:39:23.787  2997  2997 F DEBUG   :     #06 pc 0000000000088ef4  /system/bin/gpsd
12-05 02:39:23.787  2997  2997 F DEBUG   :     #07 pc 0000000000092cd4  /system/bin/gpsd
12-05 02:39:23.787  2997  2997 F DEBUG   :     #08 pc 000000000023bf68  /system/bin/gpsd
12-05 02:39:23.787  2997  2997 F DEBUG   :     #09 pc 000000000008a8a4  /system/bin/gpsd
12-05 02:39:23.787  2997  2997 F DEBUG   :     #10 pc 0000000000090e9c  /system/bin/gpsd
12-05 02:39:23.787  2997  2997 F DEBUG   :     #11 pc 0000000000091634  /system/bin/gpsd
12-05 02:39:23.787  2997  2997 F DEBUG   :     #12 pc 000000000005d8a0  /system/bin/gpsd (main+376)
12-05 02:39:23.787  2997  2997 F DEBUG   :     #13 pc 000000000001bcd8  /system/lib64/libc.so (__libc_init+100)
12-05 02:39:23.787  2997  2997 F DEBUG   :     #14 pc 000000000005e89c  /system/bin/gpsd
12-05 02:39:23.820  2997  2997 F DEBUG   : 
12-05 02:39:23.820  2997  2997 F DEBUG   : Tombstone written to: /data/tombstones/tombstone_06
12-05 02:39:23.809  4859  4859 W gpsd    : type=1701 audit(0.0:215): auid=4294967295 uid=1021 gid=1000 ses=4294967295 exe="/system/bin/gpsd" sig=6
12-05 02:39:23.820  3330  3357 I BootReceiver: Copying /data/tombstones/tombstone_06 to DropBox (SYSTEM_TOMBSTONE)
12-05 02:39:29.075  4867  4867 E gpsd    : ASSERT in GlGpsdInterface.cpp:417: Failed to read config file.
12-05 02:39:29.075  4867  4867 E gpsd    : ASSERT in ../../../../tmp/14804949_263294/customers/samsung/V64LHE2Swordtailandroid/delivery/gpsd/hal/BrcmGpsLhdHal.cpp:190: Condition [m_pIpc] failed
12-05 02:39:29.075  4867  4867 F libc    : Fatal signal 6 (SIGABRT), code -6 in tid 4867 (gpsd)
12-05 02:39:29.075  2997  2997 I DEBUG   : property debug.db.uid not set; NOT waiting for gdb.
12-05 02:39:29.075  2997  2997 I DEBUG   : HINT: adb shell setprop debug.db.uid 100000
12-05 02:39:29.075  2997  2997 I DEBUG   : HINT: adb forward tcp:5039 tcp:5039
12-05 02:39:29.126  2997  2997 F DEBUG   : *** *** *** *** *** *** *** *** *** *** *** *** *** *** *** ***
12-05 02:39:29.126  2997  2997 F DEBUG   : CM Version: '13.0-20161204-UNOFFICIAL-hero2ltexx'
12-05 02:39:29.126  2997  2997 F DEBUG   : Build fingerprint: 'samsung/cm_hero2ltexx/hero2ltexx:6.0.1/MOB31K/e933b1c43c:userdebug/test-keys'
12-05 02:39:29.126  2997  2997 F DEBUG   : Revision: '0'
12-05 02:39:29.126  2997  2997 F DEBUG   : ABI: 'arm64'
12-05 02:39:29.126  3330  3647 W NativeCrashListener: Couldn't find ProcessRecord for pid 4867
12-05 02:39:29.126  2997  2997 F DEBUG   : pid: 4867, tid: 4867, name: gpsd  >>> /system/bin/gpsd <<<
12-05 02:39:29.126  2997  2997 E DEBUG   : AM write failed: Broken pipe
12-05 02:39:29.126  2997  2997 F DEBUG   : signal 6 (SIGABRT), code -6 (SI_TKILL), fault addr --------
12-05 02:39:29.129  2997  2997 F DEBUG   :     x0   0000000000000000  x1   0000000000001303  x2   0000000000000006  x3   0000000000000000
12-05 02:39:29.129  2997  2997 F DEBUG   :     x4   0000000000000000  x5   0000000000000001  x6   0000000000000000  x7   0000000000000000
12-05 02:39:29.129  2997  2997 F DEBUG   :     x8   0000000000000083  x9   000000000000009d  x10  0000007fce9db1dc  x11  0000007fce9db218
12-05 02:39:29.129  2997  2997 F DEBUG   :     x12  0000007fce9db0f0  x13  0000000000000097  x14  0000007fce9db2b8  x15  0000000000000000
12-05 02:39:29.129  2997  2997 F DEBUG   :     x16  0000007f99d33560  x17  0000007f99cc4d6c  x18  0000007f9a2f6fd8  x19  0000007f9a3880d8
12-05 02:39:29.129  2997  2997 F DEBUG   :     x20  0000007f9a388018  x21  0000000000000002  x22  0000000000000006  x23  0000007fce9dbdf8
12-05 02:39:29.129  2997  2997 F DEBUG   :     x24  0000007f9ac15000  x25  0000007f9ab23000  x26  0000007f9ab21000  x27  0000007f9ab22000
12-05 02:39:29.129  2997  2997 F DEBUG   :     x28  0000007f9a8a7000  x29  0000007fce9db730  x30  0000007f99cc2508
12-05 02:39:29.129  2997  2997 F DEBUG   :     sp   0000007fce9db730  pc   0000007f99cc4d74  pstate 0000000020000000
12-05 02:39:29.132  2997  2997 F DEBUG   : 
12-05 02:39:29.132  2997  2997 F DEBUG   : backtrace:
12-05 02:39:29.132  2997  2997 F DEBUG   :     #00 pc 0000000000069d74  /system/lib64/libc.so (tgkill+8)
12-05 02:39:29.132  2997  2997 F DEBUG   :     #01 pc 0000000000067504  /system/lib64/libc.so (pthread_kill+68)
12-05 02:39:29.132  2997  2997 F DEBUG   :     #02 pc 0000000000023448  /system/lib64/libc.so (raise+28)
12-05 02:39:29.132  2997  2997 F DEBUG   :     #03 pc 000000000001dbe8  /system/lib64/libc.so (abort+60)
12-05 02:39:29.132  2997  2997 F DEBUG   :     #04 pc 000000000023bf78  /system/bin/gpsd
12-05 02:39:29.132  2997  2997 F DEBUG   :     #05 pc 0000000000090a08  /system/bin/gpsd
12-05 02:39:29.132  2997  2997 F DEBUG   :     #06 pc 0000000000088ef4  /system/bin/gpsd
12-05 02:39:29.132  2997  2997 F DEBUG   :     #07 pc 0000000000092cd4  /system/bin/gpsd
12-05 02:39:29.132  2997  2997 F DEBUG   :     #08 pc 000000000023bf68  /system/bin/gpsd
12-05 02:39:29.132  2997  2997 F DEBUG   :     #09 pc 000000000008a8a4  /system/bin/gpsd
12-05 02:39:29.132  2997  2997 F DEBUG   :     #10 pc 0000000000090e9c  /system/bin/gpsd
12-05 02:39:29.132  2997  2997 F DEBUG   :     #11 pc 0000000000091634  /system/bin/gpsd
12-05 02:39:29.132  2997  2997 F DEBUG   :     #12 pc 000000000005d8a0  /system/bin/gpsd (main+376)
12-05 02:39:29.132  2997  2997 F DEBUG   :     #13 pc 000000000001bcd8  /system/lib64/libc.so (__libc_init+100)
12-05 02:39:29.132  2997  2997 F DEBUG   :     #14 pc 000000000005e89c  /system/bin/gpsd
12-05 02:39:29.167  2997  2997 F DEBUG   : 
12-05 02:39:29.167  2997  2997 F DEBUG   : Tombstone written to: /data/tombstones/tombstone_07
12-05 02:39:29.167  3330  3357 I BootReceiver: Copying /data/tombstones/tombstone_07 to DropBox (SYSTEM_TOMBSTONE)
12-05 02:39:29.159  4867  4867 W gpsd    : type=1701 audit(0.0:216): auid=4294967295 uid=1021 gid=1000 ses=4294967295 exe="/system/bin/gpsd" sig=6
12-05 02:39:29.950  3616  3773 I vol.Events: writeEvent level_changed STREAM_MUSIC 7
12-05 02:39:32.489  3000  3910 I FFmpegExtractor: android-source:0xf6621ee0
12-05 02:39:32.492  3000  3910 I FFMPEG  : [mp3 @ 0xf1321600] Skipping 0 bytes of junk at 8736.
12-05 02:39:32.493  3000  3910 D FFmpegExtractor: suppoted codec(mp3) by official Stagefright
12-05 02:39:32.493  3000  3910 D FFmpegExtractor: ffmpeg detected media content as 'audio/mpeg' with confidence 0.08
12-05 02:39:32.501  3000  3418 I FFmpegExtractor: android-source:0xf66220c0
12-05 02:39:32.507  3000  3418 I FFMPEG  : [mp3 @ 0xf131e000] Skipping 0 bytes of junk at 12714.
12-05 02:39:32.508  3000  3418 D FFmpegExtractor: suppoted codec(mp3) by official Stagefright
12-05 02:39:32.508  3000  3418 D FFmpegExtractor: ffmpeg detected media content as 'audio/mpeg' with confidence 0.08
12-05 02:39:32.516  3000  3984 I FFmpegExtractor: android-source:0xf6621ee0
12-05 02:39:32.519  3000  3984 I FFMPEG  : [mp3 @ 0xf111da00] Skipping 0 bytes of junk at 5001.
12-05 02:39:32.520  3000  3984 D FFmpegExtractor: suppoted codec(mp3) by official Stagefright
12-05 02:39:32.520  3000  3984 D FFmpegExtractor: ffmpeg detected media content as 'audio/mpeg' with confidence 0.08
12-05 02:39:32.527  3000  3419 I FFmpegExtractor: android-source:0xf66220c0
12-05 02:39:32.530  3000  3419 I FFMPEG  : [mp3 @ 0xf34a0a00] Skipping 0 bytes of junk at 7765.
12-05 02:39:32.530  3000  3419 D FFmpegExtractor: suppoted codec(mp3) by official Stagefright
12-05 02:39:32.530  3000  3419 D FFmpegExtractor: ffmpeg detected media content as 'audio/mpeg' with confidence 0.08
12-05 02:39:32.537  3000  4127 I FFmpegExtractor: android-source:0xf6621ee0
12-05 02:39:32.541  3000  4127 I FFMPEG  : [mp3 @ 0xf111bc00] Skipping 0 bytes of junk at 10565.
12-05 02:39:32.541  3000  4127 D FFmpegExtractor: suppoted codec(mp3) by official Stagefright
12-05 02:39:32.542  3000  4127 D FFmpegExtractor: ffmpeg detected media content as 'audio/mpeg' with confidence 0.08
12-05 02:39:32.549  3000  4128 I FFmpegExtractor: android-source:0xf66220c0
12-05 02:39:32.551  3000  4128 I FFMPEG  : [mp3 @ 0xf1419800] Skipping 0 bytes of junk at 661.
12-05 02:39:32.551  3000  4128 D FFmpegExtractor: suppoted codec(mp3) by official Stagefright
12-05 02:39:32.551  3000  4128 D FFmpegExtractor: ffmpeg detected media content as 'audio/mpeg' with confidence 0.08
12-05 02:39:32.560  3000  3907 I FFmpegExtractor: android-source:0xf6621ee0
12-05 02:39:32.562  3000  3907 I FFMPEG  : [mp3 @ 0xf1322e00] Skipping 0 bytes of junk at 661.
12-05 02:39:32.562  3000  3907 D FFmpegExtractor: suppoted codec(mp3) by official Stagefright
12-05 02:39:32.562  3000  3907 D FFmpegExtractor: ffmpeg detected media content as 'audio/mpeg' with confidence 0.08
12-05 02:39:32.571  3000  3000 I FFmpegExtractor: android-source:0xf66220c0
12-05 02:39:32.574  3000  3000 I FFMPEG  : [mp3 @ 0xf2bff400] Skipping 0 bytes of junk at 8675.
12-05 02:39:32.575  3000  3000 D FFmpegExtractor: suppoted codec(mp3) by official Stagefright
12-05 02:39:32.575  3000  3000 D FFmpegExtractor: ffmpeg detected media content as 'audio/mpeg' with confidence 0.08
12-05 02:39:32.584  3000  3910 I FFmpegExtractor: android-source:0xf6621ee0
12-05 02:39:32.590  3000  3910 I FFMPEG  : [mp3 @ 0xf1321600] Skipping 0 bytes of junk at 13845.
12-05 02:39:32.590  3000  3910 D FFmpegExtractor: suppoted codec(mp3) by official Stagefright
12-05 02:39:32.590  3000  3910 D FFmpegExtractor: ffmpeg detected media content as 'audio/mpeg' with confidence 0.08
12-05 02:39:32.599  3000  3418 I FFmpegExtractor: android-source:0xf66220c0
12-05 02:39:32.605  3000  3418 I FFMPEG  : [mp3 @ 0xf131e000] Skipping 0 bytes of junk at 9978.
12-05 02:39:32.605  3000  3418 D FFmpegExtractor: suppoted codec(mp3) by official Stagefright
12-05 02:39:32.605  3000  3418 D FFmpegExtractor: ffmpeg detected media content as 'audio/mpeg' with confidence 0.08
12-05 02:39:32.617  3000  3984 I FFmpegExtractor: android-source:0xf6621ee0
12-05 02:39:32.623  3000  3984 I FFMPEG  : [mp3 @ 0xf111da00] Skipping 0 bytes of junk at 12522.
12-05 02:39:32.623  3000  3984 D FFmpegExtractor: suppoted codec(mp3) by official Stagefright
12-05 02:39:32.623  3000  3984 D FFmpegExtractor: ffmpeg detected media content as 'audio/mpeg' with confidence 0.08
12-05 02:39:32.634  3000  3419 I FFmpegExtractor: android-source:0xf66220c0
12-05 02:39:32.647  3000  3419 I FFMPEG  : [mp3 @ 0xf34a0a00] Skipping 0 bytes of junk at 35796.
12-05 02:39:32.647  3000  3419 D FFmpegExtractor: suppoted codec(mp3) by official Stagefright
12-05 02:39:32.647  3000  3419 D FFmpegExtractor: ffmpeg detected media content as 'audio/mpeg' with confidence 0.08
12-05 02:39:32.657  3000  4127 I FFmpegExtractor: android-source:0xf6621ee0
12-05 02:39:32.660  3000  4127 I FFMPEG  : [mp3 @ 0xf111bc00] Skipping 0 bytes of junk at 6783.
12-05 02:39:32.660  3000  4127 D FFmpegExtractor: suppoted codec(mp3) by official Stagefright
12-05 02:39:32.660  3000  4127 D FFmpegExtractor: ffmpeg detected media content as 'audio/mpeg' with confidence 0.08
12-05 02:39:32.669  3000  4128 I FFmpegExtractor: android-source:0xf66220c0
12-05 02:39:32.671  3000  4128 I FFMPEG  : [mp3 @ 0xf1419800] Skipping 0 bytes of junk at 661.
12-05 02:39:32.671  3000  4128 D FFmpegExtractor: suppoted codec(mp3) by official Stagefright
12-05 02:39:32.671  3000  4128 D FFmpegExtractor: ffmpeg detected media content as 'audio/mpeg' with confidence 0.08
12-05 02:39:32.680  3000  3907 I FFmpegExtractor: android-source:0xf6621ee0
12-05 02:39:32.683  3000  3907 I FFMPEG  : [mp3 @ 0xf1322e00] Skipping 0 bytes of junk at 8311.
12-05 02:39:32.684  3000  3907 D FFmpegExtractor: suppoted codec(mp3) by official Stagefright
12-05 02:39:32.684  3000  3907 D FFmpegExtractor: ffmpeg detected media content as 'audio/mpeg' with confidence 0.08
12-05 02:39:32.693  3000  3000 I FFmpegExtractor: android-source:0xf66220c0
12-05 02:39:32.699  3000  3000 I FFMPEG  : [mp3 @ 0xf2bff400] Skipping 0 bytes of junk at 14185.
12-05 02:39:32.699  3000  3000 D FFmpegExtractor: suppoted codec(mp3) by official Stagefright
12-05 02:39:32.699  3000  3000 D FFmpegExtractor: ffmpeg detected media content as 'audio/mpeg' with confidence 0.08
12-05 02:39:32.708  3000  3910 I FFmpegExtractor: android-source:0xf6621ee0
12-05 02:39:32.712  3000  3910 I FFMPEG  : [mp3 @ 0xf1321600] Skipping 0 bytes of junk at 10060.
12-05 02:39:32.713  3000  3910 D FFmpegExtractor: suppoted codec(mp3) by official Stagefright
12-05 02:39:32.713  3000  3910 D FFmpegExtractor: ffmpeg detected media content as 'audio/mpeg' with confidence 0.08
12-05 02:39:32.722  3000  3418 I FFmpegExtractor: android-source:0xf66220c0
12-05 02:39:32.724  3000  3418 I FFMPEG  : [mp3 @ 0xf131e000] Skipping 0 bytes of junk at 661.
12-05 02:39:32.724  3000  3418 D FFmpegExtractor: suppoted codec(mp3) by official Stagefright
12-05 02:39:32.724  3000  3418 D FFmpegExtractor: ffmpeg detected media content as 'audio/mpeg' with confidence 0.08
12-05 02:39:32.733  3000  3984 I FFmpegExtractor: android-source:0xf6621ee0
12-05 02:39:32.737  3000  3984 I FFMPEG  : [mp3 @ 0xf111da00] Skipping 0 bytes of junk at 6481.
12-05 02:39:32.737  3000  3984 D FFmpegExtractor: suppoted codec(mp3) by official Stagefright
12-05 02:39:32.737  3000  3984 D FFmpegExtractor: ffmpeg detected media content as 'audio/mpeg' with confidence 0.08
12-05 02:39:32.746  3000  3419 I FFmpegExtractor: android-source:0xf66220c0
12-05 02:39:32.751  3000  3419 I FFMPEG  : [mp3 @ 0xf34a0a00] Skipping 0 bytes of junk at 16491.
12-05 02:39:32.751  3000  3419 D FFmpegExtractor: suppoted codec(mp3) by official Stagefright
12-05 02:39:32.751  3000  3419 D FFmpegExtractor: ffmpeg detected media content as 'audio/mpeg' with confidence 0.08
12-05 02:39:32.760  3000  4127 I FFmpegExtractor: android-source:0xf6621ee0
12-05 02:39:32.762  3000  4127 I FFMPEG  : [mp3 @ 0xf111bc00] Skipping 0 bytes of junk at 661.
12-05 02:39:32.762  3000  4127 D FFmpegExtractor: suppoted codec(mp3) by official Stagefright
12-05 02:39:32.762  3000  4127 D FFmpegExtractor: ffmpeg detected media content as 'audio/mpeg' with confidence 0.08
12-05 02:39:32.772  3000  4128 I FFmpegExtractor: android-source:0xf66220c0
12-05 02:39:32.776  3000  4128 I FFMPEG  : [mp3 @ 0xf1419800] Skipping 0 bytes of junk at 6255.
12-05 02:39:32.776  3000  4128 D FFmpegExtractor: suppoted codec(mp3) by official Stagefright
12-05 02:39:32.776  3000  4128 D FFmpegExtractor: ffmpeg detected media content as 'audio/mpeg' with confidence 0.08
12-05 02:39:32.785  3000  3907 I FFmpegExtractor: android-source:0xf6621ee0
12-05 02:39:32.786  3000  3907 I FFMPEG  : [mp3 @ 0xf1322e00] Skipping 0 bytes of junk at 661.
12-05 02:39:32.786  3000  3907 D FFmpegExtractor: suppoted codec(mp3) by official Stagefright
12-05 02:39:32.787  3000  3907 D FFmpegExtractor: ffmpeg detected media content as 'audio/mpeg' with confidence 0.08
12-05 02:39:32.795  3000  3000 I FFmpegExtractor: android-source:0xf66220c0
12-05 02:39:32.797  3000  3000 I FFMPEG  : [mp3 @ 0xf2bff400] Skipping 0 bytes of junk at 661.
12-05 02:39:32.797  3000  3000 D FFmpegExtractor: suppoted codec(mp3) by official Stagefright
12-05 02:39:32.797  3000  3000 D FFmpegExtractor: ffmpeg detected media content as 'audio/mpeg' with confidence 0.08
12-05 02:39:32.806  3000  3910 I FFmpegExtractor: android-source:0xf6621ee0
12-05 02:39:32.810  3000  3910 I FFMPEG  : [mp3 @ 0xf1321600] Skipping 0 bytes of junk at 9305.
12-05 02:39:32.810  3000  3910 D FFmpegExtractor: suppoted codec(mp3) by official Stagefright
12-05 02:39:32.810  3000  3910 D FFmpegExtractor: ffmpeg detected media content as 'audio/mpeg' with confidence 0.08
12-05 02:39:32.820  3000  3418 I FFmpegExtractor: android-source:0xf66220c0
12-05 02:39:32.823  3000  3418 I FFMPEG  : [mp3 @ 0xf131e000] Skipping 0 bytes of junk at 8914.
12-05 02:39:32.823  3000  3418 D FFmpegExtractor: suppoted codec(mp3) by official Stagefright
12-05 02:39:32.823  3000  3418 D FFmpegExtractor: ffmpeg detected media content as 'audio/mpeg' with confidence 0.08
12-05 02:39:32.832  3000  3984 I FFmpegExtractor: android-source:0xf6621ee0
12-05 02:39:32.836  3000  3984 I FFMPEG  : [mp3 @ 0xf111da00] Skipping 0 bytes of junk at 11329.
12-05 02:39:32.836  3000  3984 D FFmpegExtractor: suppoted codec(mp3) by official Stagefright
12-05 02:39:32.836  3000  3984 D FFmpegExtractor: ffmpeg detected media content as 'audio/mpeg' with confidence 0.08
12-05 02:39:32.846  3000  3419 I FFmpegExtractor: android-source:0xf66220c0
12-05 02:39:32.852  3000  3419 I FFMPEG  : [mp3 @ 0xf34a0a00] Skipping 0 bytes of junk at 19662.
12-05 02:39:32.852  3000  3419 D FFmpegExtractor: suppoted codec(mp3) by official Stagefright
12-05 02:39:32.853  3000  3419 D FFmpegExtractor: ffmpeg detected media content as 'audio/mpeg' with confidence 0.08
12-05 02:39:32.863  3000  4127 I FFmpegExtractor: android-source:0xf6621ee0
12-05 02:39:32.866  3000  4127 I FFMPEG  : [mp3 @ 0xf111bc00] Skipping 0 bytes of junk at 6938.
12-05 02:39:32.866  3000  4127 D FFmpegExtractor: suppoted codec(mp3) by official Stagefright
12-05 02:39:32.866  3000  4127 D FFmpegExtractor: ffmpeg detected media content as 'audio/mpeg' with confidence 0.08
12-05 02:39:32.875  3000  4128 I FFmpegExtractor: android-source:0xf66220c0
12-05 02:39:32.879  3000  4128 I FFMPEG  : [mp3 @ 0xf1419800] Skipping 0 bytes of junk at 12120.
12-05 02:39:32.879  3000  4128 D FFmpegExtractor: suppoted codec(mp3) by official Stagefright
12-05 02:39:32.879  3000  4128 D FFmpegExtractor: ffmpeg detected media content as 'audio/mpeg' with confidence 0.08
12-05 02:39:32.888  3000  3907 I FFmpegExtractor: android-source:0xf6621ee0
12-05 02:39:32.890  3000  3907 I FFMPEG  : [mp3 @ 0xf1322e00] Skipping 0 bytes of junk at 661.
12-05 02:39:32.890  3000  3907 D FFmpegExtractor: suppoted codec(mp3) by official Stagefright
12-05 02:39:32.890  3000  3907 D FFmpegExtractor: ffmpeg detected media content as 'audio/mpeg' with confidence 0.08
12-05 02:39:32.898  3000  3000 I FFmpegExtractor: android-source:0xf66220c0
12-05 02:39:32.904  3000  3000 I FFMPEG  : [mp3 @ 0xf2bff400] Skipping 0 bytes of junk at 12288.
12-05 02:39:32.905  3000  3000 D FFmpegExtractor: suppoted codec(mp3) by official Stagefright
12-05 02:39:32.905  3000  3000 D FFmpegExtractor: ffmpeg detected media content as 'audio/mpeg' with confidence 0.08
12-05 02:39:32.914  3000  3910 I FFmpegExtractor: android-source:0xf6621ee0
12-05 02:39:32.918  3000  3910 I FFMPEG  : [mp3 @ 0xf1321600] Skipping 0 bytes of junk at 9885.
12-05 02:39:32.918  3000  3910 D FFmpegExtractor: suppoted codec(mp3) by official Stagefright
12-05 02:39:32.918  3000  3910 D FFmpegExtractor: ffmpeg detected media content as 'audio/mpeg' with confidence 0.08
12-05 02:39:32.927  3000  3418 I FFmpegExtractor: android-source:0xf66220c0
12-05 02:39:32.931  3000  3418 I FFMPEG  : [mp3 @ 0xf131e000] Skipping 0 bytes of junk at 10182.
12-05 02:39:32.931  3000  3418 D FFmpegExtractor: suppoted codec(mp3) by official Stagefright
12-05 02:39:32.931  3000  3418 D FFmpegExtractor: ffmpeg detected media content as 'audio/mpeg' with confidence 0.08
12-05 02:39:32.941  3000  3984 I FFmpegExtractor: android-source:0xf6621ee0
12-05 02:39:32.948  3000  3984 I FFMPEG  : [mp3 @ 0xf111da00] Skipping 0 bytes of junk at 18282.
12-05 02:39:32.948  3000  3984 D FFmpegExtractor: suppoted codec(mp3) by official Stagefright
12-05 02:39:32.948  3000  3984 D FFmpegExtractor: ffmpeg detected media content as 'audio/mpeg' with confidence 0.08
12-05 02:39:32.958  3000  3419 I FFmpegExtractor: android-source:0xf66220c0
12-05 02:39:32.961  3000  3419 I FFMPEG  : [mp3 @ 0xf34a0a00] Skipping 0 bytes of junk at 937.
12-05 02:39:32.961  3000  3419 D FFmpegExtractor: suppoted codec(mp3) by official Stagefright
12-05 02:39:32.962  3000  3419 D FFmpegExtractor: ffmpeg detected media content as 'audio/mpeg' with confidence 0.08
12-05 02:39:32.971  3000  4127 I FFmpegExtractor: android-source:0xf6621ee0
12-05 02:39:32.975  3000  4127 I FFMPEG  : [mp3 @ 0xf111bc00] Skipping 0 bytes of junk at 11516.
12-05 02:39:32.975  3000  4127 D FFmpegExtractor: suppoted codec(mp3) by official Stagefright
12-05 02:39:32.975  3000  4127 D FFmpegExtractor: ffmpeg detected media content as 'audio/mpeg' with confidence 0.08
12-05 02:39:32.984  3000  4128 I FFmpegExtractor: android-source:0xf66220c0
12-05 02:39:32.988  3000  4128 I FFMPEG  : [mp3 @ 0xf1419800] Skipping 0 bytes of junk at 7407.
12-05 02:39:32.988  3000  4128 D FFmpegExtractor: suppoted codec(mp3) by official Stagefright
12-05 02:39:32.988  3000  4128 D FFmpegExtractor: ffmpeg detected media content as 'audio/mpeg' with confidence 0.08
12-05 02:39:32.996  3000  3907 I FFmpegExtractor: android-source:0xf6621ee0
12-05 02:39:33.000  3000  3907 I FFMPEG  : [mp3 @ 0xf1322e00] Skipping 0 bytes of junk at 9476.
12-05 02:39:33.000  3000  3907 D FFmpegExtractor: suppoted codec(mp3) by official Stagefright
12-05 02:39:33.000  3000  3907 D FFmpegExtractor: ffmpeg detected media content as 'audio/mpeg' with confidence 0.08
12-05 02:39:33.009  3000  3000 I FFmpegExtractor: android-source:0xf66220c0
12-05 02:39:33.012  3000  3000 I FFMPEG  : [mp3 @ 0xf2bff400] Skipping 0 bytes of junk at 915.
12-05 02:39:33.012  3000  3000 D FFmpegExtractor: suppoted codec(mp3) by official Stagefright
12-05 02:39:33.012  3000  3000 D FFmpegExtractor: ffmpeg detected media content as 'audio/mpeg' with confidence 0.08
12-05 02:39:33.023  3000  3910 I FFmpegExtractor: android-source:0xf6621ee0
12-05 02:39:33.029  3000  3910 I FFMPEG  : [mp3 @ 0xf1321600] Skipping 0 bytes of junk at 13969.
12-05 02:39:33.029  3000  3910 D FFmpegExtractor: suppoted codec(mp3) by official Stagefright
12-05 02:39:33.029  3000  3910 D FFmpegExtractor: ffmpeg detected media content as 'audio/mpeg' with confidence 0.08
12-05 02:39:33.039  3000  3418 I FFmpegExtractor: android-source:0xf66220c0
12-05 02:39:33.041  3000  3418 I FFMPEG  : [mp3 @ 0xf131e000] Skipping 0 bytes of junk at 661.
12-05 02:39:33.041  3000  3418 D FFmpegExtractor: suppoted codec(mp3) by official Stagefright
12-05 02:39:33.041  3000  3418 D FFmpegExtractor: ffmpeg detected media content as 'audio/mpeg' with confidence 0.08
12-05 02:39:33.050  3000  3984 I FFmpegExtractor: android-source:0xf6621ee0
12-05 02:39:33.053  3000  3984 I FFMPEG  : [mp3 @ 0xf111da00] Skipping 0 bytes of junk at 6043.
12-05 02:39:33.053  3000  3984 D FFmpegExtractor: suppoted codec(mp3) by official Stagefright
12-05 02:39:33.053  3000  3984 D FFmpegExtractor: ffmpeg detected media content as 'audio/mpeg' with confidence 0.08
12-05 02:39:33.063  3000  3419 I FFmpegExtractor: android-source:0xf66220c0
12-05 02:39:33.066  3000  3419 I FFMPEG  : [mp3 @ 0xf34a0a00] Skipping 0 bytes of junk at 1024.
12-05 02:39:33.066  3000  3419 D FFmpegExtractor: suppoted codec(mp3) by official Stagefright
12-05 02:39:33.066  3000  3419 D FFmpegExtractor: ffmpeg detected media content as 'audio/mpeg' with confidence 0.08
12-05 02:39:33.075  3000  4127 I FFmpegExtractor: android-source:0xf6621ee0
12-05 02:39:33.079  3000  4127 I FFMPEG  : [mp3 @ 0xf111bc00] Skipping 0 bytes of junk at 6043.
12-05 02:39:33.079  3000  4127 D FFmpegExtractor: suppoted codec(mp3) by official Stagefright
12-05 02:39:33.079  3000  4127 D FFmpegExtractor: ffmpeg detected media content as 'audio/mpeg' with confidence 0.08
12-05 02:39:33.088  3000  4128 I FFmpegExtractor: android-source:0xf66220c0
12-05 02:39:33.094  3000  4128 I FFMPEG  : [mp3 @ 0xf1419800] Skipping 0 bytes of junk at 13467.
12-05 02:39:33.094  3000  4128 D FFmpegExtractor: suppoted codec(mp3) by official Stagefright
12-05 02:39:33.094  3000  4128 D FFmpegExtractor: ffmpeg detected media content as 'audio/mpeg' with confidence 0.08
12-05 02:39:33.104  3000  3907 I FFmpegExtractor: android-source:0xf6621ee0
12-05 02:39:33.107  3000  3907 I FFMPEG  : [mp3 @ 0xf1322e00] Skipping 0 bytes of junk at 6476.
12-05 02:39:33.108  3000  3907 D FFmpegExtractor: suppoted codec(mp3) by official Stagefright
12-05 02:39:33.108  3000  3907 D FFmpegExtractor: ffmpeg detected media content as 'audio/mpeg' with confidence 0.08
12-05 02:39:33.116  3000  3000 I FFmpegExtractor: android-source:0xf66220c0
12-05 02:39:33.120  3000  3000 I FFMPEG  : [mp3 @ 0xf2bff400] Skipping 0 bytes of junk at 5377.
12-05 02:39:33.120  3000  3000 D FFmpegExtractor: suppoted codec(mp3) by official Stagefright
12-05 02:39:33.120  3000  3000 D FFmpegExtractor: ffmpeg detected media content as 'audio/mpeg' with confidence 0.08
12-05 02:39:33.129  3000  3910 I FFmpegExtractor: android-source:0xf6621ee0
12-05 02:39:33.132  3000  3910 I FFMPEG  : [mp3 @ 0xf1321600] Skipping 0 bytes of junk at 913.
12-05 02:39:33.132  3000  3910 D FFmpegExtractor: suppoted codec(mp3) by official Stagefright
12-05 02:39:33.132  3000  3910 D FFmpegExtractor: ffmpeg detected media content as 'audio/mpeg' with confidence 0.08
12-05 02:39:33.141  3000  3418 I FFmpegExtractor: android-source:0xf66220c0
12-05 02:39:33.144  3000  3418 I FFMPEG  : [mp3 @ 0xf131e000] Skipping 0 bytes of junk at 6999.
12-05 02:39:33.145  3000  3418 D FFmpegExtractor: suppoted codec(mp3) by official Stagefright
12-05 02:39:33.145  3000  3418 D FFmpegExtractor: ffmpeg detected media content as 'audio/mpeg' with confidence 0.08
12-05 02:39:33.155  3000  3984 I FFmpegExtractor: android-source:0xf6621ee0
12-05 02:39:33.159  3000  3984 I FFMPEG  : [mp3 @ 0xf111da00] Skipping 0 bytes of junk at 17152.
12-05 02:39:33.160  3000  3984 D FFmpegExtractor: suppoted codec(mp3) by official Stagefright
12-05 02:39:33.160  3000  3984 D FFmpegExtractor: ffmpeg detected media content as 'audio/mpeg' with confidence 0.08
12-05 02:39:33.171  3000  3419 I FFmpegExtractor: android-source:0xf66220c0
12-05 02:39:33.178  3000  3419 I FFMPEG  : [mp3 @ 0xf34a0a00] Skipping 0 bytes of junk at 13066.
12-05 02:39:33.178  3000  3419 D FFmpegExtractor: suppoted codec(mp3) by official Stagefright
12-05 02:39:33.179  3000  3419 D FFmpegExtractor: ffmpeg detected media content as 'audio/mpeg' with confidence 0.08
12-05 02:39:33.255  4188  4628 W ExifInterface: Skip the tag entry since tag number is not defined: 2
12-05 02:39:33.264  4188  4628 W ExifInterface: Skip the tag entry since tag number is not defined: 2
12-05 02:39:33.272  4188  4628 W ExifInterface: Skip the tag entry since tag number is not defined: 2
12-05 02:39:33.280  4188  4628 W ExifInterface: Skip the tag entry since tag number is not defined: 2
12-05 02:39:33.288  4188  4628 W ExifInterface: Skip the tag entry since tag number is not defined: 2
12-05 02:39:33.302  4188  4628 W ExifInterface: Skip the tag entry since tag number is not defined: 2
12-05 02:39:33.311  4188  4628 W ExifInterface: Skip the tag entry since tag number is not defined: 2
12-05 02:39:33.319  4188  4628 W ExifInterface: Skip the tag entry since tag number is not defined: 2
12-05 02:39:33.328  4188  4628 W ExifInterface: Skip the tag entry since tag number is not defined: 2
12-05 02:39:33.337  4188  4628 W ExifInterface: Skip the tag entry since tag number is not defined: 2
12-05 02:39:33.345  4188  4628 D skia    : --- SkImageDecoder::Factory returned null
12-05 02:39:33.412  3000  4127 I FFmpegExtractor: android-source:0xf6621ee0
12-05 02:39:33.431  3000  4127 D FFmpegExtractor: suppoted codec(h264) by official Stagefright
12-05 02:39:33.431  3000  4127 D FFmpegExtractor: suppoted codec(aac) by official Stagefright
12-05 02:39:33.431  3000  4127 D FFmpegExtractor: ffmpeg detected media content as 'video/mp4' with confidence 0.08
12-05 02:39:33.486  3000  4128 I FFmpegExtractor: android-source:0xf66220c0
12-05 02:39:33.492  3000  4128 I FFMPEG  : [mp3 @ 0xf1419800] Skipping 0 bytes of junk at 13485.
12-05 02:39:33.492  3000  4128 D FFmpegExtractor: suppoted codec(mp3) by official Stagefright
12-05 02:39:33.492  3000  4128 D FFmpegExtractor: ffmpeg detected media content as 'audio/mpeg' with confidence 0.08
12-05 02:39:33.502  3000  3907 I FFmpegExtractor: android-source:0xf6621ee0
12-05 02:39:33.507  3000  3907 I FFMPEG  : [mp3 @ 0xf1322e00] Skipping 0 bytes of junk at 16030.
12-05 02:39:33.507  3000  3907 D FFmpegExtractor: suppoted codec(mp3) by official Stagefright
12-05 02:39:33.507  3000  3907 D FFmpegExtractor: ffmpeg detected media content as 'audio/mpeg' with confidence 0.08
12-05 02:39:33.517  3000  3000 I FFmpegExtractor: android-source:0xf66220c0
12-05 02:39:33.520  3000  3000 I FFMPEG  : [mp3 @ 0xf2bff400] Skipping 0 bytes of junk at 7761.
12-05 02:39:33.521  3000  3000 D FFmpegExtractor: suppoted codec(mp3) by official Stagefright
12-05 02:39:33.521  3000  3000 D FFmpegExtractor: ffmpeg detected media content as 'audio/mpeg' with confidence 0.08
12-05 02:39:33.532  3000  3419 I FFmpegExtractor: android-source:0xf2991b40
12-05 02:39:33.535  3000  3419 I FFMPEG  : [mp3 @ 0xf34a0a00] Skipping 0 bytes of junk at 32.
12-05 02:39:33.535  3000  3419 D FFmpegExtractor: suppoted codec(mp3) by official Stagefright
12-05 02:39:33.535  3000  3419 D FFmpegExtractor: ffmpeg detected media content as 'audio/mpeg' with confidence 0.08
12-05 02:39:33.566  3000  3418 I FFmpegExtractor: android-source:0xf66220c0
12-05 02:39:33.573  3000  3418 D FFmpegExtractor: suppoted codec(h264) by official Stagefright
12-05 02:39:33.573  3000  3418 D FFmpegExtractor: suppoted codec(aac) by official Stagefright
12-05 02:39:33.573  3000  3418 D FFmpegExtractor: ffmpeg detected media content as 'video/mp4' with confidence 0.08
12-05 02:39:33.675  4877  4877 E gpsd    : ASSERT in GlGpsdInterface.cpp:417: Failed to read config file.
12-05 02:39:33.675  4877  4877 E gpsd    : ASSERT in ../../../../tmp/14804949_263294/customers/samsung/V64LHE2Swordtailandroid/delivery/gpsd/hal/BrcmGpsLhdHal.cpp:190: Condition [m_pIpc] failed
12-05 02:39:33.675  4877  4877 F libc    : Fatal signal 6 (SIGABRT), code -6 in tid 4877 (gpsd)
12-05 02:39:33.676  2997  2997 I DEBUG   : property debug.db.uid not set; NOT waiting for gdb.
12-05 02:39:33.676  2997  2997 I DEBUG   : HINT: adb shell setprop debug.db.uid 100000
12-05 02:39:33.676  2997  2997 I DEBUG   : HINT: adb forward tcp:5039 tcp:5039
12-05 02:39:33.712  4188  4628 W ExifInterface: Skip the tag entry since tag number is not defined: 2
12-05 02:39:33.714  4188  4628 W ExifInterface: Skip the tag entry since tag number is not defined: 2
12-05 02:39:33.717  4188  4628 W ExifInterface: Skip the tag entry since tag number is not defined: 2
12-05 02:39:33.719  4188  4628 W ExifInterface: Skip the tag entry since tag number is not defined: 2
12-05 02:39:33.721  4188  4628 W ExifInterface: Skip the tag entry since tag number is not defined: 2
12-05 02:39:33.723  4188  4628 W ExifInterface: Skip the tag entry since tag number is not defined: 2
12-05 02:39:33.726  2997  2997 F DEBUG   : *** *** *** *** *** *** *** *** *** *** *** *** *** *** *** ***
12-05 02:39:33.726  2997  2997 F DEBUG   : CM Version: '13.0-20161204-UNOFFICIAL-hero2ltexx'
12-05 02:39:33.726  2997  2997 F DEBUG   : Build fingerprint: 'samsung/cm_hero2ltexx/hero2ltexx:6.0.1/MOB31K/e933b1c43c:userdebug/test-keys'
12-05 02:39:33.726  2997  2997 F DEBUG   : Revision: '0'
12-05 02:39:33.726  2997  2997 F DEBUG   : ABI: 'arm64'
12-05 02:39:33.726  3330  3647 W NativeCrashListener: Couldn't find ProcessRecord for pid 4877
12-05 02:39:33.726  2997  2997 F DEBUG   : pid: 4877, tid: 4877, name: gpsd  >>> /system/bin/gpsd <<<
12-05 02:39:33.726  2997  2997 E DEBUG   : AM write failed: Broken pipe
12-05 02:39:33.726  2997  2997 F DEBUG   : signal 6 (SIGABRT), code -6 (SI_TKILL), fault addr --------
12-05 02:39:33.729  2997  2997 F DEBUG   :     x0   0000000000000000  x1   000000000000130d  x2   0000000000000006  x3   0000000000000000
12-05 02:39:33.729  2997  2997 F DEBUG   :     x4   0000000000000000  x5   0000000000000001  x6   0000000000000000  x7   0000000000000000
12-05 02:39:33.729  2997  2997 F DEBUG   :     x8   0000000000000083  x9   000000000000009d  x10  0000007fc858bf3c  x11  0000007fc858bf78
12-05 02:39:33.729  2997  2997 F DEBUG   :     x12  0000007fc858be50  x13  0000000000000097  x14  0000007fc858c018  x15  0000000000000000
12-05 02:39:33.729  2997  2997 F DEBUG   :     x16  0000007f955fd560  x17  0000007f9558ed6c  x18  0000007f95bc0fd8  x19  0000007f95c520d8
12-05 02:39:33.729  2997  2997 F DEBUG   :     x20  0000007f95c52018  x21  0000000000000002  x22  0000000000000006  x23  0000007fc858cb58
12-05 02:39:33.729  2997  2997 F DEBUG   :     x24  0000007f964df000  x25  0000007f963ed000  x26  0000007f963eb000  x27  0000007f963ec000
12-05 02:39:33.729  2997  2997 F DEBUG   :     x28  0000007f96171000  x29  0000007fc858c490  x30  0000007f9558c508
12-05 02:39:33.729  2997  2997 F DEBUG   :     sp   0000007fc858c490  pc   0000007f9558ed74  pstate 0000000020000000
12-05 02:39:33.732  2997  2997 F DEBUG   : 
12-05 02:39:33.732  2997  2997 F DEBUG   : backtrace:
12-05 02:39:33.732  2997  2997 F DEBUG   :     #00 pc 0000000000069d74  /system/lib64/libc.so (tgkill+8)
12-05 02:39:33.732  2997  2997 F DEBUG   :     #01 pc 0000000000067504  /system/lib64/libc.so (pthread_kill+68)
12-05 02:39:33.732  2997  2997 F DEBUG   :     #02 pc 0000000000023448  /system/lib64/libc.so (raise+28)
12-05 02:39:33.732  2997  2997 F DEBUG   :     #03 pc 000000000001dbe8  /system/lib64/libc.so (abort+60)
12-05 02:39:33.732  2997  2997 F DEBUG   :     #04 pc 000000000023bf78  /system/bin/gpsd
12-05 02:39:33.732  2997  2997 F DEBUG   :     #05 pc 0000000000090a08  /system/bin/gpsd
12-05 02:39:33.732  2997  2997 F DEBUG   :     #06 pc 0000000000088ef4  /system/bin/gpsd
12-05 02:39:33.732  2997  2997 F DEBUG   :     #07 pc 0000000000092cd4  /system/bin/gpsd
12-05 02:39:33.732  2997  2997 F DEBUG   :     #08 pc 000000000023bf68  /system/bin/gpsd
12-05 02:39:33.732  2997  2997 F DEBUG   :     #09 pc 000000000008a8a4  /system/bin/gpsd
12-05 02:39:33.732  2997  2997 F DEBUG   :     #10 pc 0000000000090e9c  /system/bin/gpsd
12-05 02:39:33.732  2997  2997 F DEBUG   :     #11 pc 0000000000091634  /system/bin/gpsd
12-05 02:39:33.732  2997  2997 F DEBUG   :     #12 pc 000000000005d8a0  /system/bin/gpsd (main+376)
12-05 02:39:33.732  2997  2997 F DEBUG   :     #13 pc 000000000001bcd8  /system/lib64/libc.so (__libc_init+100)
12-05 02:39:33.732  2997  2997 F DEBUG   :     #14 pc 000000000005e89c  /system/bin/gpsd
12-05 02:39:33.734  4188  4628 W ExifInterface: Skip the tag entry since tag number is not defined: 2
12-05 02:39:33.736  4188  4628 W ExifInterface: Skip the tag entry since tag number is not defined: 2
12-05 02:39:33.739  4188  4628 W ExifInterface: Skip the tag entry since tag number is not defined: 2
12-05 02:39:33.742  4188  4628 W ExifInterface: Skip the tag entry since tag number is not defined: 2
12-05 02:39:33.765  4188  4628 W ExifInterface: Skip the tag entry since tag number is not defined: 2
12-05 02:39:33.767  2997  2997 F DEBUG   : 
12-05 02:39:33.767  2997  2997 F DEBUG   : Tombstone written to: /data/tombstones/tombstone_08
12-05 02:39:33.759  4877  4877 W gpsd    : type=1701 audit(0.0:217): auid=4294967295 uid=1021 gid=1000 ses=4294967295 exe="/system/bin/gpsd" sig=6
12-05 02:39:33.767  3330  3357 I BootReceiver: Copying /data/tombstones/tombstone_08 to DropBox (SYSTEM_TOMBSTONE)
12-05 02:39:33.769  4188  4628 W ExifInterface: Skip the tag entry since tag number is not defined: 2
12-05 02:39:33.778  4188  4628 W ExifInterface: Skip the tag entry since tag number is not defined: 2
12-05 02:39:33.782  4188  4628 W ExifInterface: Skip the tag entry since tag number is not defined: 2
12-05 02:39:33.798  4188  4628 W ExifInterface: Skip the tag entry since tag number is not defined: 2
12-05 02:39:33.802  4188  4628 W ExifInterface: Skip the tag entry since tag number is not defined: 2
12-05 02:39:33.805  4188  4628 W ExifInterface: Skip the tag entry since tag number is not defined: 2
12-05 02:39:33.809  4188  4628 W ExifInterface: Skip the tag entry since tag number is not defined: 2
12-05 02:39:33.817  4188  4628 W ExifInterface: Skip the tag entry since tag number is not defined: 2
12-05 02:39:33.820  4188  4628 W ExifInterface: Skip the tag entry since tag number is not defined: 2
12-05 02:39:33.824  4188  4628 W ExifInterface: Skip the tag entry since tag number is not defined: 2
12-05 02:39:33.827  4188  4628 W ExifInterface: Skip the tag entry since tag number is not defined: 2
12-05 02:39:33.830  4188  4628 W ExifInterface: Skip the tag entry since tag number is not defined: 2
12-05 02:39:33.833  4188  4628 W ExifInterface: Skip the tag entry since tag number is not defined: 2
12-05 02:39:33.837  4188  4628 W ExifInterface: Skip the tag entry since tag number is not defined: 2
12-05 02:39:33.840  4188  4628 W ExifInterface: Skip the tag entry since tag number is not defined: 2
12-05 02:39:33.843  4188  4628 W ExifInterface: Skip the tag entry since tag number is not defined: 2
12-05 02:39:33.847  4188  4628 W ExifInterface: Skip the tag entry since tag number is not defined: 2
12-05 02:39:33.850  4188  4628 W ExifInterface: Skip the tag entry since tag number is not defined: 2
12-05 02:39:33.854  4188  4628 W ExifInterface: Skip the tag entry since tag number is not defined: 2
12-05 02:39:33.857  4188  4628 W ExifInterface: Skip the tag entry since tag number is not defined: 2
12-05 02:39:33.860  4188  4628 W ExifInterface: Skip the tag entry since tag number is not defined: 2
12-05 02:39:33.864  4188  4628 W ExifInterface: Skip the tag entry since tag number is not defined: 2
12-05 02:39:33.867  4188  4628 W ExifInterface: Skip the tag entry since tag number is not defined: 2
12-05 02:39:33.871  4188  4628 W ExifInterface: Skip the tag entry since tag number is not defined: 2
12-05 02:39:33.897  3000  4128 I FFmpegExtractor: android-source:0xf2991b40
12-05 02:39:33.930  3000  4128 D FFmpegExtractor: suppoted codec(h264) by official Stagefright
12-05 02:39:33.930  3000  4128 D FFmpegExtractor: suppoted codec(aac) by official Stagefright
12-05 02:39:33.930  3000  4128 D FFmpegExtractor: ffmpeg detected media content as 'video/mp4' with confidence 0.08
12-05 02:39:33.965  3000  3910 I FFmpegExtractor: android-source:0xf66220c0
12-05 02:39:33.984  3000  3910 D FFmpegExtractor: suppoted codec(h264) by official Stagefright
12-05 02:39:33.985  3000  3910 D FFmpegExtractor: suppoted codec(aac) by official Stagefright
12-05 02:39:33.985  3000  3910 D FFmpegExtractor: ffmpeg detected media content as 'video/mp4' with confidence 0.08
12-05 02:39:33.997  4188  4628 W ExifInterface: Skip the tag entry since tag number is not defined: 2
12-05 02:39:34.026  4188  4628 W ExifInterface: Skip the tag entry since tag number is not defined: 2
12-05 02:39:34.032  4188  4628 W ExifInterface: Skip the tag entry since tag number is not defined: 2
12-05 02:39:34.038  4188  4628 W ExifInterface: Skip the tag entry since tag number is not defined: 2
12-05 02:39:34.045  4188  4628 W ExifInterface: Skip the tag entry since tag number is not defined: 2
12-05 02:39:34.051  4188  4628 W ExifInterface: Skip the tag entry since tag number is not defined: 2
12-05 02:39:34.059  4188  4628 W ExifInterface: Skip the tag entry since tag number is not defined: 2
12-05 02:39:34.068  4188  4628 W ExifInterface: Skip the tag entry since tag number is not defined: 2
12-05 02:39:34.076  4188  4628 W ExifInterface: Skip the tag entry since tag number is not defined: 2
12-05 02:39:34.084  4188  4628 W ExifInterface: Skip the tag entry since tag number is not defined: 2
12-05 02:39:34.092  4188  4628 W ExifInterface: Skip the tag entry since tag number is not defined: 2
12-05 02:39:34.100  4188  4628 W ExifInterface: Skip the tag entry since tag number is not defined: 2
12-05 02:39:34.108  4188  4628 W ExifInterface: Skip the tag entry since tag number is not defined: 2
12-05 02:39:34.117  4188  4628 W ExifInterface: Skip the tag entry since tag number is not defined: 2
12-05 02:39:34.125  4188  4628 W ExifInterface: Skip the tag entry since tag number is not defined: 2
12-05 02:39:34.152  3000  4127 I FFmpegExtractor: android-source:0xf2991b40
12-05 02:39:34.167  3000  4127 D FFmpegExtractor: suppoted codec(h264) by official Stagefright
12-05 02:39:34.167  3000  4127 D FFmpegExtractor: suppoted codec(aac) by official Stagefright
12-05 02:39:34.167  3000  4127 D FFmpegExtractor: ffmpeg detected media content as 'video/mp4' with confidence 0.08
12-05 02:39:34.184  4188  4628 W ExifInterface: Skip the tag entry since tag number is not defined: 2
12-05 02:39:34.190  4188  4628 W ExifInterface: Skip the tag entry since tag number is not defined: 2
12-05 02:39:34.197  4188  4628 W ExifInterface: Skip the tag entry since tag number is not defined: 2
12-05 02:39:34.203  4188  4628 W ExifInterface: Skip the tag entry since tag number is not defined: 2
12-05 02:39:34.209  4188  4628 W ExifInterface: Skip the tag entry since tag number is not defined: 2
12-05 02:39:34.216  4188  4628 W ExifInterface: Skip the tag entry since tag number is not defined: 2
12-05 02:39:34.222  4188  4628 W ExifInterface: Skip the tag entry since tag number is not defined: 2
12-05 02:39:34.231  4188  4628 W ExifInterface: Skip the tag entry since tag number is not defined: 2
12-05 02:39:34.239  4188  4628 W ExifInterface: Skip the tag entry since tag number is not defined: 2
12-05 02:39:34.245  4188  4628 W ExifInterface: Skip the tag entry since tag number is not defined: 2
12-05 02:39:34.251  4188  4628 W ExifInterface: Skip the tag entry since tag number is not defined: 2
12-05 02:39:34.257  4188  4628 W ExifInterface: Skip the tag entry since tag number is not defined: 2
12-05 02:39:34.277  4188  4628 W ExifInterface: Skip the tag entry since tag number is not defined: 2
12-05 02:39:34.285  4188  4628 W ExifInterface: Skip the tag entry since tag number is not defined: 2
