12-04 12:40:47.861  7274  7274 I Choreographer: Skipped 67 frames!  The application may be doing too much work on its main thread.
12-04 12:40:47.863  7657  7953 D mali_winsys: EGLint new_window_surface(egl_winsys_display*, void*, EGLSurface, EGLConfig, egl_winsys_surface**, egl_color_buffer_format*, EGLBoolean) returns 0x3000,  [1440x2560]-format:1
12-04 12:40:47.876  6982  7930 W Telecom : : No account found for the calling user
12-04 12:40:47.877  7274  7274 D ViewRootImpl: changeCanvasOpacity: opaque=true
12-04 12:40:47.897  7643  7643 E PhoneInterfaceManager: [PhoneIntfMgr] getIccId: No UICC
12-04 12:40:47.937  6982  7357 I ActivityManager: Start proc 7986:com.android.cellbroadcastreceiver/u0a6 for broadcast com.android.cellbroadcastreceiver/.CellBroadcastReceiver
12-04 12:40:47.939  6982  7017 I ActivityManager: Displayed com.cyanogenmod.setupwizard/.ui.SetupWizardActivity: +1s659ms
12-04 12:40:47.942  6982  7006 V KeyguardServiceDelegate: *** Keyguard started
12-04 12:40:47.942  6982  6982 V KeyguardServiceDelegate: *** Keyguard connected (yay!)
12-04 12:40:47.946  6982  7006 I Sensors : Acc old sensor_state 1, new sensor_state : 1 en : 1
12-04 12:40:47.946  6982  7006 V KeyguardServiceDelegate: onStartedWakingUp()
12-04 12:40:47.946  6982  7006 V KeyguardServiceDelegate: onScreenTurnedOn(showListener = com.android.server.policy.PhoneWindowManager$2@cf05651)
12-04 12:40:47.946  6982  7006 V KeyguardServiceDelegate: onScreenTurnedOn()
12-04 12:40:47.967  7851  7962 I Email   : Observing account changes for notifications
12-04 12:40:47.976  6982  6998 D CryptdConnector: SND -> {2 cryptfs getpw}
12-04 12:40:47.977  2921  2967 D VoldCryptCmdListener: cryptfs getpw
12-04 12:40:47.977  2921  2967 I Ext4Crypt: ext4 crypto complete called on /data
12-04 12:40:47.977  2921  2967 I Ext4Crypt: No master key, so not ext4enc
12-04 12:40:47.977  2921  2967 I Ext4Crypt: ext4 crypto complete called on /data
12-04 12:40:47.977  2921  2967 I Ext4Crypt: No master key, so not ext4enc
12-04 12:40:47.977  6982  7200 D CryptdConnector: RCV <- {200 2 -1}
12-04 12:40:47.977  6982  6998 D CryptdConnector: SND -> {3 cryptfs clearpw}
12-04 12:40:47.978  2921  2967 D VoldCryptCmdListener: cryptfs clearpw
12-04 12:40:47.978  2921  2967 I Ext4Crypt: ext4 crypto complete called on /data
12-04 12:40:47.978  2921  2967 I Ext4Crypt: No master key, so not ext4enc
12-04 12:40:47.980  6982  7200 D CryptdConnector: RCV <- {200 3 0}
12-04 12:40:48.021  7986  7986 W System  : ClassLoader referenced unknown path: /system/priv-app/CellBroadcastReceiver/lib/arm64
12-04 12:40:48.030  7986  7986 D CellBroadcastReceiver: onReceive Intent { act=android.intent.action.SERVICE_STATE flg=0x10 cmp=com.android.cellbroadcastreceiver/.CellBroadcastReceiver (has extras) }
12-04 12:40:48.030  7986  7986 D CellBroadcastReceiver: Intent ACTION_SERVICE_STATE_CHANGED
12-04 12:40:48.030  7986  7986 D CellBroadcastReceiver: subscriptionId = -2
12-04 12:40:48.031  7657  7957 I TextToSpeech: Set up connection to ComponentInfo{com.svox.pico/com.svox.pico.PicoService}
12-04 12:40:48.044  7643  8005 D SIP     : [SipSharedPreferences] isReceivingCallsEnabled, option not set; use default value, exception: android.provider.Settings$SettingNotFoundException: sip_receive_calls
12-04 12:40:48.051  7819  7819 I Exchange: RestartPingsTask did not start any pings.
12-04 12:40:48.051  7819  7819 I Exchange: PSS stopIfIdle
12-04 12:40:48.051  7819  7819 I Exchange: PSS has no active accounts; stopping service.
12-04 12:40:48.052  7819  7819 I Exchange: onDestroy
12-04 12:40:48.053  6982  6991 W CursorWrapperInner: Cursor finalized without prior close()
12-04 12:40:48.062  6982  6991 W CursorWrapperInner: Cursor finalized without prior close()
12-04 12:40:48.074  7819  7819 I Exchange: EasService.onCreate
12-04 12:40:48.078  7819  8020 I Exchange: RestartPingTask
12-04 12:40:48.079  7274  7771 I OpenGLRenderer: Initialized EGL, version 1.4
12-04 12:40:48.087  7274  7771 D mali_winsys: EGLint new_window_surface(egl_winsys_display*, void*, EGLSurface, EGLConfig, egl_winsys_surface**, egl_color_buffer_format*, EGLBoolean) returns 0x3000,  [1440x96]-format:1
12-04 12:40:48.109  6982  7208 D WifiService: New client listening to asynchronous messages
12-04 12:40:48.116  7806  7806 W WakefulBroadcastReceiver: No active wake lock id #1
12-04 12:40:48.142  7819  7819 I Exchange: RestartPingsTask did not start any pings.
12-04 12:40:48.142  7819  7819 I Exchange: PSS stopIfIdle
12-04 12:40:48.142  7819  7819 I Exchange: PSS has no active accounts; stopping service.
12-04 12:40:48.143  7819  7819 I Exchange: onDestroy
12-04 12:40:48.229  6982  7005 D libgps  : agps_set_server: Waiting for IPC connection - timeout
12-04 12:40:48.229  6982  7005 E libgps  : LIBGPS: Cannot communicate (write) with a GPSD
12-04 12:40:48.229  6982  7005 E libgps  : IPC Communication Error, ../../../../tmp/14804949_263294/allPartners/os/android/gps_interface/gpsi_client/GpsiClient.cpp:1586 agps_set_server
12-04 12:40:48.229  6982  7005 D GpsLocationProvider: GPS configuration:
12-04 12:40:48.229  6982  7005 D GpsLocationProvider:  #Sun Dec 04 12:40:48 GMT-11:00 2016
12-04 12:40:48.229  6982  7005 D GpsLocationProvider: SUPL_VER=0x20000
12-04 12:40:48.229  6982  7005 D GpsLocationProvider: SUPL_HOST=supl.google.com
12-04 12:40:48.229  6982  7005 D GpsLocationProvider: NTP_SERVER=north-america.pool.ntp.org
12-04 12:40:48.229  6982  7005 D GpsLocationProvider: SUPL_PORT=7275
12-04 12:40:48.229  6982  7005 D GpsLocationProvider: SUPL_MODE=1
12-04 12:40:48.229  6982  7005 D libgps  : SendGpsExtensionMessage: Waiting for IPC connection...
12-04 12:40:48.369  8029  8029 F libc    : page record for 0x7f94c35010 was not found (block_size=16)
12-04 12:40:48.553  7274  7274 D mali_winsys: EGLint new_window_surface(egl_winsys_display*, void*, EGLSurface, EGLConfig, egl_winsys_surface**, egl_color_buffer_format*, EGLBoolean) returns 0x3000,  [2880x2560]-format:2
12-04 12:40:48.605  7274  7274 I Choreographer: Skipped 43 frames!  The application may be doing too much work on its main thread.
12-04 12:40:48.655  7806  7850 E ELEVEN  : calling refresh!
12-04 12:40:48.672  7274  7274 D PhoneStatusBar: disable: < EXPAND ICONS ALERTS SYSTEM_INFO* BACK HOME RECENT clock SEARCH quick_settings >
12-04 12:40:48.699  7274  7274 D PhoneStatusBar: disable: < EXPAND ICONS ALERTS SYSTEM_INFO BACK HOME RECENT clock SEARCH quick_settings >
12-04 12:40:48.729  6982  7314 V KeyguardServiceDelegate: **** SHOWN CALLED ****
12-04 12:40:48.740  6982  7838 V KeyguardServiceDelegate: **** SHOWN CALLED ****
12-04 12:40:48.744  7274  7274 W KeyguardUpdateMonitor: invalid subId in handleSimStateChange()
12-04 12:40:48.753  7274  7274 W KeyguardUpdateMonitor: invalid subId in handleServiceStateChange()
12-04 12:40:48.839  7274  7771 D mali_winsys: EGLint new_window_surface(egl_winsys_display*, void*, EGLSurface, EGLConfig, egl_winsys_surface**, egl_color_buffer_format*, EGLBoolean) returns 0x3000,  [1440x2560]-format:1
12-04 12:40:48.882  6821  7680 I SurfaceFlinger: Boot is finished (7905 ms)
12-04 12:40:48.903  7274  7771 D mali_winsys: EGLint new_window_surface(egl_winsys_display*, void*, EGLSurface, EGLConfig, egl_winsys_surface**, egl_color_buffer_format*, EGLBoolean) returns 0x3000,  [1520x416]-format:1
12-04 12:40:48.919  7274  7274 D PhoneStatusBar: disable: < EXPAND ICONS ALERTS SYSTEM_INFO back* HOME RECENT clock SEARCH quick_settings >
12-04 12:40:49.233  6982  7005 D libgps  : SendGpsExtensionMessage: Waiting for IPC connection - timeout
12-04 12:40:49.233  6982  7005 E libgps  : LIBGPS: Cannot communicate (write) with a GPSD
12-04 12:40:49.233  6982  7005 E libgps  : IPC Communication Error, ../../../../tmp/14804949_263294/allPartners/os/android/gps_interface/gpsi_client/GpsiClient.cpp:625 SendGpsExtensionMessage
12-04 12:40:49.233  6982  7005 D GpsLocationProvider: final config = #Sun Dec 04 12:40:48 GMT-11:00 2016
12-04 12:40:49.233  6982  7005 D GpsLocationProvider: SUPL_VER=0x20000
12-04 12:40:49.233  6982  7005 D GpsLocationProvider: SUPL_HOST=supl.google.com
12-04 12:40:49.233  6982  7005 D GpsLocationProvider: NTP_SERVER=north-america.pool.ntp.org
12-04 12:40:49.233  6982  7005 D GpsLocationProvider: SUPL_PORT=7275
12-04 12:40:49.233  6982  7005 D GpsLocationProvider: SUPL_MODE=1
12-04 12:40:49.239  6982  7005 D libgps  : Init: created thread tid(0x653bf440)
12-04 12:40:49.239  6982  7005 D libgps  : SendGpsExtensionMessage: Waiting for IPC connection...
12-04 12:40:49.242  6982  8033 D libgps  : ipc_thread_proc: IPC thread started by Java framework
12-04 12:40:50.243  6982  7005 D libgps  : SendGpsExtensionMessage: Waiting for IPC connection - timeout
12-04 12:40:50.243  6982  7005 E libgps  : LIBGPS: Cannot communicate (write) with a GPSD
12-04 12:40:50.243  6982  7005 E libgps  : IPC Communication Error, ../../../../tmp/14804949_263294/allPartners/os/android/gps_interface/gpsi_client/GpsiClient.cpp:625 SendGpsExtensionMessage
12-04 12:40:50.244  6982  7005 D libgps  : SendGpsExtensionMessage: Waiting for IPC connection...
12-04 12:40:50.471  6844  6847 D BootAnimation: Use save memory method, maybe small fps in actual.
12-04 12:40:51.110  6844  6847 D BootAnimation: playing boot audio here
12-04 12:40:51.111  6844  6847 W BootAnimation: Audio service is not initiated.
12-04 12:40:51.247  6982  7005 D libgps  : SendGpsExtensionMessage: Waiting for IPC connection - timeout
12-04 12:40:51.247  6982  7005 E libgps  : LIBGPS: Cannot communicate (write) with a GPSD
12-04 12:40:51.247  6982  7005 E libgps  : IPC Communication Error, ../../../../tmp/14804949_263294/allPartners/os/android/gps_interface/gpsi_client/GpsiClient.cpp:625 SendGpsExtensionMessage
12-04 12:40:51.247  6982  7005 D libgps  : agps_set_server: Waiting for IPC connection...
12-04 12:40:51.462  2946  2946 E installd: Unable to unlink boot marker at /data/dalvik-cache/arm/.booting, error=No such file or directory
12-04 12:40:51.462  6982  7017 E ActivityManager: Unable to mark boot complete for abi: armeabi
12-04 12:40:51.466  6982  7017 I SystemServiceManager: Starting phase 1000
12-04 12:40:51.545  6982  7017 W ContextImpl: Calling a method in the system process without a qualified user: android.app.ContextImpl.sendBroadcast:788 org.cyanogenmod.platform.internal.CMHardwareService.onBootPhase:429 com.android.server.SystemServiceManager.startBootPhase:135 com.android.server.am.ActivityManagerService.finishBooting:6688 com.android.server.am.ActivityManagerService.bootAnimationComplete:6755 
12-04 12:40:51.654  6982  8056 I ActivityManager: Start proc 8058:com.android.keychain/1000 for service com.android.keychain/.KeyChainService
12-04 12:40:51.664  6982  8069 I RecoverySystem: No recovery log file
12-04 12:40:51.686  6982  7665 I ActivityManager: Start proc 8073:com.android.dialer/u0a25 for broadcast com.android.dialer/.calllog.CallLogReceiver
12-04 12:40:51.687  6982  8057 W Searchables: No global search activity found
12-04 12:40:51.714  8058  8058 W System  : ClassLoader referenced unknown path: /system/app/KeyChain/lib/arm64
12-04 12:40:51.725  8073  8073 W System  : ClassLoader referenced unknown path: /system/priv-app/Dialer/lib/arm64
12-04 12:40:51.731  8073  8073 W MOD.CyanogenAmbientUtil: Cyanogen Ambient package is missing! Version 1050100 is required.
12-04 12:40:51.731  8073  8073 E MOD.AmbientApiClientImp: This application will not run unless you install Ambient services
12-04 12:40:51.732  8073  8073 W PhoneCommon.AmbientSingletonHolder: Connection failed: com.cyanogen.ambient.common.ConnectionResult@8a3ddb2
12-04 12:40:51.733  8073  8073 W Ambient : AmbientApiClient is not connected. Please ensure connection before calling any APIs.
12-04 12:40:51.733  8073  8073 W Ambient : java.lang.Exception
12-04 12:40:51.733  8073  8073 W Ambient : 	at com.cyanogen.ambient.common.api.internal.AbstractAsynchronousApi.execute(AbstractAsynchronousApi.java:18)
12-04 12:40:51.733  8073  8073 W Ambient : 	at com.cyanogen.ambient.incall.internal.InCallApiImpl.getInstalledPlugins(InCallApiImpl.java:88)
12-04 12:40:51.733  8073  8073 W Ambient : 	at com.android.phone.common.incall.api.InCallQueries.updateCallPlugins(InCallQueries.java:45)
12-04 12:40:51.733  8073  8073 W Ambient : 	at com.android.phone.common.incall.DialerDataSubscription.onRefreshRequested(DialerDataSubscription.java:91)
12-04 12:40:51.733  8073  8073 W Ambient : 	at com.android.phone.common.ambient.AmbientDataSubscription.refresh(AmbientDataSubscription.java:308)
12-04 12:40:51.733  8073  8073 W Ambient : 	at com.android.phone.common.incall.DialerDataSubscription.init(DialerDataSubscription.java:86)
12-04 12:40:51.733  8073  8073 W Ambient : 	at com.android.dialer.DialerApplication.onCreate(DialerApplication.java:57)
12-04 12:40:51.733  8073  8073 W Ambient : 	at android.app.Instrumentation.callApplicationOnCreate(Instrumentation.java:1014)
12-04 12:40:51.733  8073  8073 W Ambient : 	at android.app.ActivityThread.handleBindApplication(ActivityThread.java:4751)
12-04 12:40:51.733  8073  8073 W Ambient : 	at android.app.ActivityThread.-wrap1(ActivityThread.java)
12-04 12:40:51.733  8073  8073 W Ambient : 	at android.app.ActivityThread$H.handleMessage(ActivityThread.java:1424)
12-04 12:40:51.733  8073  8073 W Ambient : 	at android.os.Handler.dispatchMessage(Handler.java:102)
12-04 12:40:51.733  8073  8073 W Ambient : 	at android.os.Looper.loop(Looper.java:148)
12-04 12:40:51.733  8073  8073 W Ambient : 	at android.app.ActivityThread.main(ActivityThread.java:5461)
12-04 12:40:51.733  8073  8073 W Ambient : 	at java.lang.reflect.Method.invoke(Native Method)
12-04 12:40:51.733  8073  8073 W Ambient : 	at com.android.internal.os.ZygoteInit$MethodAndArgsCaller.run(ZygoteInit.java:726)
12-04 12:40:51.733  8073  8073 W Ambient : 	at com.android.internal.os.ZygoteInit.main(ZygoteInit.java:616)
12-04 12:40:51.737  8073  8073 W MOD.CyanogenAmbientUtil: Cyanogen Ambient package is missing! Version 1050100 is required.
12-04 12:40:51.744  6982  7207 D WIFI    : Registering NetworkFactory
12-04 12:40:51.744  6982  7207 D WIFI_UT : Registering NetworkFactory
12-04 12:40:51.744  6982  7209 D ConnectivityService: Got NetworkFactory Messenger for WIFI
12-04 12:40:51.744  6982  7209 D ConnectivityService: Got NetworkFactory Messenger for WIFI_UT
12-04 12:40:51.744  6982  7207 D WIFI    : got request NetworkRequest [ id=1, legacyType=-1, [ Capabilities: INTERNET&NOT_RESTRICTED&TRUSTED&NOT_VPN] ] with score 0
12-04 12:40:51.744  6982  7207 D WIFI_UT : got request NetworkRequest [ id=1, legacyType=-1, [ Capabilities: INTERNET&NOT_RESTRICTED&TRUSTED&NOT_VPN] ] with score 0
12-04 12:40:51.757  6982  7623 I ActivityManager: Start proc 8092:com.android.providers.calendar/u0a2 for broadcast com.android.providers.calendar/.CalendarReceiver
12-04 12:40:51.778  8092  8092 W System  : ClassLoader referenced unknown path: /system/priv-app/CalendarProvider/lib/arm64
12-04 12:40:51.787  8092  8092 I CalendarProvider2: Created com.android.providers.calendar.CalendarAlarmManager@6239526(com.android.providers.calendar.CalendarProvider2@5fc4567)
12-04 12:40:51.805  6982  7357 I ActivityManager: Start proc 8107:com.cyanogenmod.updater/u0a3 for broadcast com.cyanogenmod.updater/.receiver.UpdateCheckReceiver
12-04 12:40:51.832  8107  8107 W System  : ClassLoader referenced unknown path: /system/priv-app/CMUpdater/lib/arm64
12-04 12:40:51.841  8107  8107 I UpdateCheckReceiver: Scheduling future, repeating update checks.
12-04 12:40:51.858  6982  7315 I ActivityManager: Start proc 8127:org.cyanogenmod.providers.datausage/1000 for broadcast org.cyanogenmod.providers.datausage/.BootReceiver
12-04 12:40:51.891  8127  8127 W System  : ClassLoader referenced unknown path: /system/priv-app/DataUsageProvider/lib/arm64
12-04 12:40:51.955  6982  7315 I ActivityManager: Start proc 8141:com.android.managedprovisioning/u0a12 for broadcast com.android.managedprovisioning/.BootReminder
12-04 12:40:52.004  8141  8141 W System  : ClassLoader referenced unknown path: /system/priv-app/ManagedProvisioning/lib/arm64
12-04 12:40:52.036  6982  7361 I ActivityManager: Start proc 8156:com.android.onetimeinitializer/u0a13 for broadcast com.android.onetimeinitializer/.OneTimeInitializerReceiver
12-04 12:40:52.089  8156  8156 W System  : ClassLoader referenced unknown path: /system/priv-app/OneTimeInitializer/lib/arm64
12-04 12:40:52.092  8156  8156 V OneTimeInitializerRece: OneTimeInitializerReceiver.onReceive
12-04 12:40:52.125  6982  7361 I ActivityManager: Start proc 8171:com.cyanogenmod.trebuchet/u0a27 for broadcast com.cyanogenmod.trebuchet/com.android.launcher3.StartupReceiver
12-04 12:40:52.184  8171  8171 W System  : ClassLoader referenced unknown path: /system/priv-app/Trebuchet/lib/arm64
12-04 12:40:52.202  8171  8171 W MOD.CyanogenAmbientUtil: Cyanogen Ambient package is missing! Version 1050100 is required.
12-04 12:40:52.202  8171  8171 E MOD.AmbientApiClientImp: This application will not run unless you install Ambient services
12-04 12:40:52.224  7752  7752 D ReportingServiceManager: Next sync attempt in : 23 hours
12-04 12:40:52.238  6982  7665 I ActivityManager: Start proc 8187:com.android.calendar/u0a36 for broadcast com.android.calendar/.alerts.AlertReceiver
12-04 12:40:52.251  6982  7005 D libgps  : agps_set_server: Waiting for IPC connection - timeout
12-04 12:40:52.251  6982  7005 E libgps  : LIBGPS: Cannot communicate (write) with a GPSD
12-04 12:40:52.251  6982  7005 E libgps  : IPC Communication Error, ../../../../tmp/14804949_263294/allPartners/os/android/gps_interface/gpsi_client/GpsiClient.cpp:1586 agps_set_server
12-04 12:40:52.284  6982  7005 I ActivityManager: Start proc 8200:com.android.printspooler/u0a58 for service com.android.printspooler/.model.PrintSpoolerService
12-04 12:40:52.313  8187  8187 W System  : ClassLoader referenced unknown path: /system/app/Calendar/lib/arm64
12-04 12:40:52.330  8187  8187 D ExtensionsFactory: No custom extensions.
12-04 12:40:52.332  8187  8187 D AlertReceiver: onReceive: a=android.intent.action.BOOT_COMPLETED Intent { act=android.intent.action.BOOT_COMPLETED flg=0x8000010 cmp=com.android.calendar/.alerts.AlertReceiver (has extras) }
12-04 12:40:52.351  8200  8200 I PrintSpoolerService: No existing print spooler state.
12-04 12:40:52.362  6982  7314 I ActivityManager: Start proc 8219:com.android.deskclock/u0a41 for broadcast com.android.deskclock/.AlarmInitReceiver
12-04 12:40:52.365  8187  8217 D AlertService: 0 Action = android.intent.action.BOOT_COMPLETED
12-04 12:40:52.372  8187  8217 D AlertService: Scheduling next alarm with AlarmScheduler. sEventReminderReceived: null
12-04 12:40:52.408  8187  8217 D AlarmScheduler: No events found starting within 1 week.
12-04 12:40:52.443  8219  8219 W System  : ClassLoader referenced unknown path: /system/app/DeskClock/lib/arm64
12-04 12:40:52.455  8219  8219 V AlarmClock: AlarmInitReceiver android.intent.action.BOOT_COMPLETED
12-04 12:40:52.493  8219  8234 V AlarmClock: AlarmInitReceiver - Reset timers and clear stopwatch data
12-04 12:40:52.514  8219  8234 V AlarmClock: AlarmInitReceiver finished
12-04 12:40:52.517  7851  7851 D EmailBroadcastReceiver: Received android.intent.action.BOOT_COMPLETED
12-04 12:40:52.533  6982  6982 I FusedLocation: engine started (com.android.location.fused)
12-04 12:40:52.537  6982  7005 D GpsLocationProvider: received SIM change, new known MCC/MNC: []
12-04 12:40:52.538  6982  7005 D GpsLocationProvider: received SIM change, new known MCC/MNC: []
12-04 12:40:52.539  3003  3003 W auditd  : type=1325 audit(0.0:539): table=filter family=2 entries=76
12-04 12:40:52.539  3003  3003 W auditd  : type=1320 audit(0.0:539): 
12-04 12:40:52.548  6982  7315 I ActivityManager: Start proc 8237:com.android.gallery3d/u0a52 for broadcast com.android.gallery3d/org.codeaurora.gallery3d.video.DmReceiver
12-04 12:40:52.552  7819  7819 I Exchange: EasService.onCreate
12-04 12:40:52.557  7819  8249 I Exchange: RestartPingTask
12-04 12:40:52.559  3003  3003 W auditd  : type=1325 audit(0.0:540): table=filter family=10 entries=79
12-04 12:40:52.559  3003  3003 W auditd  : type=1320 audit(0.0:540): 
12-04 12:40:52.559  3003  3003 W auditd  : type=1325 audit(0.0:541): table=filter family=2 entries=75
12-04 12:40:52.559  3003  3003 W auditd  : type=1320 audit(0.0:541): 
12-04 12:40:52.569  3003  3003 W auditd  : type=1325 audit(0.0:542): table=filter family=10 entries=78
12-04 12:40:52.569  3003  3003 W auditd  : type=1320 audit(0.0:542): 
12-04 12:40:52.591  8256  8256 F libc    : page record for 0x7f96749010 was not found (block_size=16)
12-04 12:40:52.593  7819  7819 I Exchange: RestartPingsTask did not start any pings.
12-04 12:40:52.594  7819  7819 I Exchange: PSS stopIfIdle
12-04 12:40:52.594  7819  7819 I Exchange: PSS has no active accounts; stopping service.
12-04 12:40:52.595  7819  7819 I Exchange: onDestroy
12-04 12:40:52.619  6982  6998 W SettingsProvider: You shouldn't keep your settings in the secure settings. This will soon become an error.
12-04 12:40:52.620  6982  7623 W SettingsProvider: You shouldn't keep your settings in the secure settings. This will soon become an error.
12-04 12:40:52.621  6982  7645 W SettingsProvider: You shouldn't keep your settings in the secure settings. This will soon become an error.
12-04 12:40:52.631  7643  7643 W System  : ClassLoader referenced unknown path: /system/app/Stk/lib/arm64
12-04 12:40:52.646  7610  7610 I SystemBroadcastReceiver: Boot has been completed
12-04 12:40:52.646  7610  7610 I SystemBroadcastReceiver: toggleAppIcon() : FLAG_SYSTEM = true
12-04 12:40:52.668  6982  7645 I ActivityManager: Start proc 8260:com.android.messaging/u0a69 for broadcast com.android.messaging/.receiver.BootAndPackageReplacedReceiver
12-04 12:40:52.724  8260  8260 W System  : ClassLoader referenced unknown path: /system/app/messaging/lib/arm64
12-04 12:40:52.783  8260  8260 W MessagingApp: PhoneUtils.getForLMR1(): invalid subId = -1
12-04 12:40:52.795  8092  8092 I CalendarProvider2: Sending notification intent: Intent { act=android.intent.action.PROVIDER_CHANGED dat=content://com.android.calendar flg=0x20000000 }
12-04 12:40:52.795  8092  8092 W ContentResolver: Failed to get type for: content://com.android.calendar (Unknown URL content://com.android.calendar)
12-04 12:40:52.797  8260  8275 W MessagingApp: PhoneUtils.getForLMR1(): invalid subId = -1
12-04 12:40:52.813  8187  8187 D AlertReceiver: onReceive: a=android.intent.action.PROVIDER_CHANGED Intent { act=android.intent.action.PROVIDER_CHANGED dat=content://com.android.calendar flg=0x20000010 cmp=com.android.calendar/.alerts.AlertReceiver }
12-04 12:40:52.830  8260  8277 I MessagingAppDataModel: Fixup: Send failed - 0 Download failed - 0
12-04 12:40:52.831  7643  7655 V BlacklistProvider: Query uri=content://blacklist, match=0
12-04 12:40:52.834  8187  8278 D AlertService: 0 Action = android.intent.action.PROVIDER_CHANGED
12-04 12:40:52.839  8260  8279 W MessagingApp: PhoneUtils.getForLMR1(): invalid subId = -1
12-04 12:40:52.841  8260  8280 W MessagingApp: PhoneUtils.getForLMR1(): invalid subId = -1
12-04 12:40:52.844  8260  8277 W MessagingApp: PhoneUtils.getForLMR1(): invalid subId = -1
12-04 12:40:52.876  8260  8277 W MessagingApp: PhoneUtils.getForLMR1(): invalid subId = -1
12-04 12:40:52.893  8260  8280 W MessagingApp: PhoneUtils.getForLMR1(): invalid subId = -1
12-04 12:40:52.894  8260  8280 W MessagingApp: PhoneUtils.getForLMR1(): invalid subId = -1
12-04 12:40:52.899  8260  8280 W MessagingApp: PhoneUtils.getSelfRawNumber: subInfo is null for -1
12-04 12:40:52.900  8260  8280 W MessagingApp: PhoneUtils.getForLMR1(): invalid subId = -1
12-04 12:40:52.930  8260  8277 W MessagingApp: PhoneUtils.getForLMR1(): invalid subId = -1
12-04 12:40:52.931  8260  8286 I MessagingAppDataModel: SyncMessagesAction: Starting batch for messages from 1480894485507 to 1480894852772 (message update limit = 80, message scan limit = 4000)
12-04 12:40:53.001  8260  8287 I MessagingAppDataModel: SyncMessagesAction: All messages now in sync
12-04 12:40:53.233  7329  7883 I chatty  : uid=10010(com.android.providers.media) android.process.media expire 708 lines
12-04 12:40:53.439  8107  8290 I UpdateCheckService: Could not check for updates. Not connected to the network.
12-04 12:40:53.460  7329  7883 D MediaProvider: object removed 21995
12-04 12:40:53.460  7329  7883 E MtpServerJNI: server is null in send_object_removed
12-04 12:40:53.461  7329  7883 D MediaProvider: object removed 21996
12-04 12:40:53.461  7329  7883 E MtpServerJNI: server is null in send_object_removed
12-04 12:40:53.461  7329  7883 D MediaProvider: object removed 21997
12-04 12:40:53.461  7329  7883 E MtpServerJNI: server is null in send_object_removed
12-04 12:40:53.461  7329  7883 D MediaProvider: object removed 21998
12-04 12:40:53.461  7329  7883 E MtpServerJNI: server is null in send_object_removed
12-04 12:40:53.461  7329  7883 D MediaProvider: object removed 21999
12-04 12:40:53.461  7329  7883 E MtpServerJNI: server is null in send_object_removed
12-04 12:40:53.461  7329  7883 D MediaProvider: object removed 22000
12-04 12:40:53.461  7329  7883 E MtpServerJNI: server is null in send_object_removed
12-04 12:40:53.461  7329  7883 D MediaProvider: object removed 22001
12-04 12:40:53.461  7329  7883 E MtpServerJNI: server is null in send_object_removed
12-04 12:40:53.461  7329  7883 D MediaProvider: object removed 22002
12-04 12:40:53.461  7329  7883 E MtpServerJNI: server is null in send_object_removed
12-04 12:40:53.462  7329  7883 D MediaProvider: object removed 22003
12-04 12:40:53.462  7329  7883 E MtpServerJNI: server is null in send_object_removed
12-04 12:40:53.462  7329  7883 D MediaProvider: object removed 22004
12-04 12:40:53.462  7329  7883 E MtpServerJNI: server is null in send_object_removed
12-04 12:40:53.462  7329  7883 D MediaProvider: object removed 22005
12-04 12:40:53.462  7329  7883 E MtpServerJNI: server is null in send_object_removed
12-04 12:40:53.462  7329  7883 D MediaProvider: object removed 22006
12-04 12:40:53.462  7329  7883 E MtpServerJNI: server is null in send_object_removed
12-04 12:40:53.462  7329  7883 D MediaProvider: object removed 22007
12-04 12:40:53.462  7329  7883 E MtpServerJNI: server is null in send_object_removed
12-04 12:40:53.462  7329  7883 D MediaProvider: object removed 22008
12-04 12:40:53.462  7329  7883 E MtpServerJNI: server is null in send_object_removed
12-04 12:40:53.462  7329  7883 D MediaProvider: object removed 22009
12-04 12:40:53.463  7329  7883 E MtpServerJNI: server is null in send_object_removed
12-04 12:40:53.463  7329  7883 D MediaProvider: object removed 22010
12-04 12:40:53.463  7329  7883 E MtpServerJNI: server is null in send_object_removed
12-04 12:40:53.463  7329  7883 D MediaProvider: object removed 22011
12-04 12:40:53.463  7329  7883 E MtpServerJNI: server is null in send_object_removed
12-04 12:40:53.463  7329  7883 D MediaProvider: object removed 22012
12-04 12:40:53.463  7329  7883 E MtpServerJNI: server is null in send_object_removed
12-04 12:40:53.463  7329  7883 D MediaProvider: object removed 22013
12-04 12:40:53.463  7329  7883 E MtpServerJNI: server is null in send_object_removed
12-04 12:40:53.463  7329  7883 D MediaProvider: object removed 22014
12-04 12:40:53.463  7329  7883 E MtpServerJNI: server is null in send_object_removed
12-04 12:40:53.463  7329  7883 D MediaProvider: object removed 22015
12-04 12:40:53.463  7329  7883 E MtpServerJNI: server is null in send_object_removed
12-04 12:40:53.464  7329  7883 D MediaProvider: object removed 22016
12-04 12:40:53.464  7329  7883 E MtpServerJNI: server is null in send_object_removed
12-04 12:40:53.464  7329  7883 D MediaProvider: object removed 22017
12-04 12:40:53.464  7329  7883 E MtpServerJNI: server is null in send_object_removed
12-04 12:40:53.464  7329  7883 D MediaProvider: object removed 22018
12-04 12:40:53.464  7329  7883 E MtpServerJNI: server is null in send_object_removed
12-04 12:40:53.464  7329  7883 D MediaProvider: object removed 22019
12-04 12:40:53.464  7329  7883 E MtpServerJNI: server is null in send_object_removed
12-04 12:40:53.464  7329  7883 D MediaProvider: object removed 22020
12-04 12:40:53.464  7329  7883 E MtpServerJNI: server is null in send_object_removed
12-04 12:40:53.464  7329  7883 D MediaProvider: object removed 22021
12-04 12:40:53.464  7329  7883 E MtpServerJNI: server is null in send_object_removed
12-04 12:40:53.464  7329  7883 D MediaProvider: object removed 22022
12-04 12:40:53.465  7329  7883 E MtpServerJNI: server is null in send_object_removed
12-04 12:40:53.465  7329  7883 D MediaProvider: object removed 22023
12-04 12:40:53.465  7329  7883 E MtpServerJNI: server is null in send_object_removed
12-04 12:40:53.465  7329  7883 D MediaProvider: object removed 22024
12-04 12:40:53.465  7329  7883 E MtpServerJNI: server is null in send_object_removed
12-04 12:40:53.465  7329  7883 D MediaProvider: object removed 22025
12-04 12:40:53.465  7329  7883 E MtpServerJNI: server is null in send_object_removed
12-04 12:40:53.465  7329  7883 D MediaProvider: object removed 22026
12-04 12:40:53.465  7329  7883 E MtpServerJNI: server is null in send_object_removed
12-04 12:40:53.465  7329  7883 D MediaProvider: object removed 22027
12-04 12:40:53.465  7329  7883 E MtpServerJNI: server is null in send_object_removed
12-04 12:40:53.465  7329  7883 D MediaProvider: object removed 22028
12-04 12:40:53.465  7329  7883 E MtpServerJNI: server is null in send_object_removed
12-04 12:40:53.465  7329  7883 D MediaProvider: object removed 22029
12-04 12:40:53.466  7329  7883 E MtpServerJNI: server is null in send_object_removed
12-04 12:40:53.466  7329  7883 D MediaProvider: object removed 22030
12-04 12:40:53.466  7329  7883 E MtpServerJNI: server is null in send_object_removed
12-04 12:40:53.466  7329  7883 D MediaProvider: object removed 22031
12-04 12:40:53.466  7329  7883 E MtpServerJNI: server is null in send_object_removed
12-04 12:40:53.466  7329  7883 D MediaProvider: object removed 22032
12-04 12:40:53.466  7329  7883 E MtpServerJNI: server is null in send_object_removed
12-04 12:40:53.466  7329  7883 D MediaProvider: object removed 22033
12-04 12:40:53.466  7329  7883 E MtpServerJNI: server is null in send_object_removed
12-04 12:40:53.466  7329  7883 D MediaProvider: object removed 22034
12-04 12:40:53.466  7329  7883 E MtpServerJNI: server is null in send_object_removed
12-04 12:40:53.466  7329  7883 D MediaProvider: object removed 22035
12-04 12:40:53.466  7329  7883 E MtpServerJNI: server is null in send_object_removed
12-04 12:40:53.466  7329  7883 D MediaProvider: object removed 22036
12-04 12:40:53.467  7329  7883 E MtpServerJNI: server is null in send_object_removed
12-04 12:40:53.467  7329  7883 D MediaProvider: object removed 22037
12-04 12:40:53.467  7329  7883 E MtpServerJNI: server is null in send_object_removed
12-04 12:40:53.467  7329  7883 D MediaProvider: object removed 22038
12-04 12:40:53.467  7329  7883 E MtpServerJNI: server is null in send_object_removed
12-04 12:40:53.467  7329  7883 D MediaProvider: object removed 22039
12-04 12:40:53.467  7329  7883 E MtpServerJNI: server is null in send_object_removed
12-04 12:40:53.467  7329  7883 D MediaProvider: object removed 22040
12-04 12:40:53.467  7329  7883 E MtpServerJNI: server is null in send_object_removed
12-04 12:40:53.467  7329  7883 D MediaProvider: object removed 22041
12-04 12:40:53.467  7329  7883 E MtpServerJNI: server is null in send_object_removed
12-04 12:40:53.467  7329  7883 D MediaProvider: object removed 22042
12-04 12:40:53.467  7329  7883 E MtpServerJNI: server is null in send_object_removed
12-04 12:40:53.467  7329  7883 D MediaProvider: object removed 22043
12-04 12:40:53.468  7329  7883 E MtpServerJNI: server is null in send_object_removed
12-04 12:40:53.468  7329  7883 D MediaProvider: object removed 22044
12-04 12:40:53.468  7329  7883 E MtpServerJNI: server is null in send_object_removed
12-04 12:40:53.520  7329  7883 D MediaProvider: object removed 22045
12-04 12:40:53.520  7329  7883 E MtpServerJNI: server is null in send_object_removed
12-04 12:40:53.521  7329  7883 D MediaProvider: object removed 22046
12-04 12:40:53.521  7329  7883 E MtpServerJNI: server is null in send_object_removed
12-04 12:40:53.522  7329  7883 D MediaProvider: object removed 22047
12-04 12:40:53.522  7329  7883 E MtpServerJNI: server is null in send_object_removed
12-04 12:40:53.522  7329  7883 D MediaProvider: object removed 22048
12-04 12:40:53.522  7329  7883 E MtpServerJNI: server is null in send_object_removed
12-04 12:40:53.523  7329  7883 D MediaProvider: object removed 22049
12-04 12:40:53.523  7329  7883 E MtpServerJNI: server is null in send_object_removed
12-04 12:40:53.523  7329  7883 D MediaProvider: object removed 22050
12-04 12:40:53.523  7329  7883 E MtpServerJNI: server is null in send_object_removed
12-04 12:40:53.524  7329  7883 D MediaProvider: object removed 22051
12-04 12:40:53.524  7329  7883 E MtpServerJNI: server is null in send_object_removed
12-04 12:40:53.524  7329  7883 D MediaProvider: object removed 22052
12-04 12:40:53.524  7329  7883 E MtpServerJNI: server is null in send_object_removed
12-04 12:40:53.525  7329  7883 D MediaProvider: object removed 22053
12-04 12:40:53.525  7329  7883 E MtpServerJNI: server is null in send_object_removed
12-04 12:40:53.525  7329  7883 D MediaProvider: object removed 22054
12-04 12:40:53.525  7329  7883 E MtpServerJNI: server is null in send_object_removed
12-04 12:40:53.526  7329  7883 D MediaProvider: object removed 22055
12-04 12:40:53.526  7329  7883 E MtpServerJNI: server is null in send_object_removed
12-04 12:40:53.526  7329  7883 D MediaProvider: object removed 22056
12-04 12:40:53.526  7329  7883 E MtpServerJNI: server is null in send_object_removed
12-04 12:40:53.526  7329  7883 D MediaProvider: object removed 22057
12-04 12:40:53.527  7329  7883 E MtpServerJNI: server is null in send_object_removed
12-04 12:40:53.527  7329  7883 D MediaProvider: object removed 22058
12-04 12:40:53.527  7329  7883 E MtpServerJNI: server is null in send_object_removed
12-04 12:40:53.527  7329  7883 D MediaProvider: object removed 22059
12-04 12:40:53.527  7329  7883 E MtpServerJNI: server is null in send_object_removed
12-04 12:40:53.528  7329  7883 D MediaProvider: object removed 22060
12-04 12:40:53.528  7329  7883 E MtpServerJNI: server is null in send_object_removed
12-04 12:40:53.528  7329  7883 D MediaProvider: object removed 22061
12-04 12:40:53.528  7329  7883 E MtpServerJNI: server is null in send_object_removed
12-04 12:40:53.529  7329  7883 D MediaProvider: object removed 22062
12-04 12:40:53.529  7329  7883 E MtpServerJNI: server is null in send_object_removed
12-04 12:40:53.530  7329  7883 D MediaProvider: object removed 22063
12-04 12:40:53.530  7329  7883 E MtpServerJNI: server is null in send_object_removed
12-04 12:40:53.530  7329  7883 D MediaProvider: object removed 22064
12-04 12:40:53.530  7329  7883 E MtpServerJNI: server is null in send_object_removed
12-04 12:40:53.531  7329  7883 D MediaProvider: object removed 22065
12-04 12:40:53.531  7329  7883 E MtpServerJNI: server is null in send_object_removed
12-04 12:40:53.531  7329  7883 D MediaProvider: object removed 22066
12-04 12:40:53.531  7329  7883 E MtpServerJNI: server is null in send_object_removed
12-04 12:40:53.532  7329  7883 D MediaProvider: object removed 22067
12-04 12:40:53.532  7329  7883 E MtpServerJNI: server is null in send_object_removed
12-04 12:40:53.532  7329  7883 D MediaProvider: object removed 22068
12-04 12:40:53.533  7329  7883 E MtpServerJNI: server is null in send_object_removed
12-04 12:40:53.533  7329  7883 D MediaProvider: object removed 22069
12-04 12:40:53.534  7329  7883 E MtpServerJNI: server is null in send_object_removed
12-04 12:40:53.534  7329  7883 D MediaProvider: object removed 22070
12-04 12:40:53.534  7329  7883 E MtpServerJNI: server is null in send_object_removed
12-04 12:40:53.535  7329  7883 D MediaProvider: object removed 22071
12-04 12:40:53.535  7329  7883 E MtpServerJNI: server is null in send_object_removed
12-04 12:40:53.535  7329  7883 D MediaProvider: object removed 22072
12-04 12:40:53.535  7329  7883 E MtpServerJNI: server is null in send_object_removed
12-04 12:40:53.536  7329  7883 D MediaProvider: object removed 22073
12-04 12:40:53.536  7329  7883 E MtpServerJNI: server is null in send_object_removed
12-04 12:40:53.536  7329  7883 D MediaProvider: object removed 22074
12-04 12:40:53.536  7329  7883 E MtpServerJNI: server is null in send_object_removed
12-04 12:40:53.537  7329  7883 D MediaProvider: object removed 22075
12-04 12:40:53.537  7329  7883 E MtpServerJNI: server is null in send_object_removed
12-04 12:40:53.537  7329  7883 D MediaProvider: object removed 22076
12-04 12:40:53.537  7329  7883 E MtpServerJNI: server is null in send_object_removed
12-04 12:40:53.538  7329  7883 D MediaProvider: object removed 22077
12-04 12:40:53.538  7329  7883 E MtpServerJNI: server is null in send_object_removed
12-04 12:40:53.539  7329  7883 D MediaProvider: object removed 22078
12-04 12:40:53.539  7329  7883 E MtpServerJNI: server is null in send_object_removed
12-04 12:40:53.540  7329  7883 D MediaProvider: object removed 22079
12-04 12:40:53.540  7329  7883 E MtpServerJNI: server is null in send_object_removed
12-04 12:40:53.540  7329  7883 D MediaProvider: object removed 22080
12-04 12:40:53.540  7329  7883 E MtpServerJNI: server is null in send_object_removed
12-04 12:40:53.541  7329  7883 D MediaProvider: object removed 22081
12-04 12:40:53.541  7329  7883 E MtpServerJNI: server is null in send_object_removed
12-04 12:40:53.541  7329  7883 D MediaProvider: object removed 22082
12-04 12:40:53.541  7329  7883 E MtpServerJNI: server is null in send_object_removed
12-04 12:40:53.542  7329  7883 D MediaProvider: object removed 22083
12-04 12:40:53.542  7329  7883 E MtpServerJNI: server is null in send_object_removed
12-04 12:40:53.542  7329  7883 D MediaProvider: object removed 22084
12-04 12:40:53.542  7329  7883 E MtpServerJNI: server is null in send_object_removed
12-04 12:40:53.542  7329  7883 D MediaProvider: object removed 22085
12-04 12:40:53.542  7329  7883 E MtpServerJNI: server is null in send_object_removed
12-04 12:40:53.542  7329  7883 D MediaProvider: object removed 22086
12-04 12:40:53.542  7329  7883 E MtpServerJNI: server is null in send_object_removed
12-04 12:40:53.543  7329  7883 D MediaProvider: object removed 22087
12-04 12:40:53.543  7329  7883 E MtpServerJNI: server is null in send_object_removed
12-04 12:40:53.543  7329  7883 D MediaProvider: object removed 22088
12-04 12:40:53.543  7329  7883 E MtpServerJNI: server is null in send_object_removed
12-04 12:40:53.543  7329  7883 D MediaProvider: object removed 22089
12-04 12:40:53.543  7329  7883 E MtpServerJNI: server is null in send_object_removed
12-04 12:40:53.543  7329  7883 D MediaProvider: object removed 22090
12-04 12:40:53.543  7329  7883 E MtpServerJNI: server is null in send_object_removed
12-04 12:40:53.543  7329  7883 D MediaProvider: object removed 22091
12-04 12:40:53.543  7329  7883 E MtpServerJNI: server is null in send_object_removed
12-04 12:40:53.543  7329  7883 D MediaProvider: object removed 22092
12-04 12:40:53.543  7329  7883 E MtpServerJNI: server is null in send_object_removed
12-04 12:40:53.544  7329  7883 D MediaProvider: object removed 22093
12-04 12:40:53.544  7329  7883 E MtpServerJNI: server is null in send_object_removed
12-04 12:40:53.544  7329  7883 D MediaProvider: object removed 22094
12-04 12:40:53.544  7329  7883 E MtpServerJNI: server is null in send_object_removed
12-04 12:40:53.544  7329  7883 D MediaProvider: object removed 22095
12-04 12:40:53.544  7329  7883 E MtpServerJNI: server is null in send_object_removed
12-04 12:40:53.544  7329  7883 D MediaProvider: object removed 22096
12-04 12:40:53.544  7329  7883 E MtpServerJNI: server is null in send_object_removed
12-04 12:40:53.544  7329  7883 D MediaProvider: object removed 22097
12-04 12:40:53.544  7329  7883 E MtpServerJNI: server is null in send_object_removed
12-04 12:40:53.544  7329  7883 D MediaProvider: object removed 22098
12-04 12:40:53.544  7329  7883 E MtpServerJNI: server is null in send_object_removed
12-04 12:40:53.545  7329  7883 D MediaProvider: object removed 22099
12-04 12:40:53.545  7329  7883 E MtpServerJNI: server is null in send_object_removed
12-04 12:40:53.545  7329  7883 D MediaProvider: object removed 22100
12-04 12:40:53.545  7329  7883 E MtpServerJNI: server is null in send_object_removed
12-04 12:40:53.545  7329  7883 D MediaProvider: object removed 22101
12-04 12:40:53.545  7329  7883 E MtpServerJNI: server is null in send_object_removed
12-04 12:40:53.545  7329  7883 D MediaProvider: object removed 22102
12-04 12:40:53.545  7329  7883 E MtpServerJNI: server is null in send_object_removed
12-04 12:40:53.545  7329  7883 D MediaProvider: object removed 22103
12-04 12:40:53.545  7329  7883 E MtpServerJNI: server is null in send_object_removed
12-04 12:40:53.545  7329  7883 D MediaProvider: object removed 22104
12-04 12:40:53.545  7329  7883 E MtpServerJNI: server is null in send_object_removed
12-04 12:40:53.546  7329  7883 D MediaProvider: object removed 22105
12-04 12:40:53.546  7329  7883 E MtpServerJNI: server is null in send_object_removed
12-04 12:40:53.546  7329  7883 D MediaProvider: object removed 22106
12-04 12:40:53.546  7329  7883 E MtpServerJNI: server is null in send_object_removed
12-04 12:40:53.546  7329  7883 D MediaProvider: object removed 22107
12-04 12:40:53.546  7329  7883 E MtpServerJNI: server is null in send_object_removed
12-04 12:40:53.546  7329  7883 D MediaProvider: object removed 22108
12-04 12:40:53.546  7329  7883 E MtpServerJNI: server is null in send_object_removed
12-04 12:40:53.546  7329  7883 D MediaProvider: object removed 22109
12-04 12:40:53.546  7329  7883 E MtpServerJNI: server is null in send_object_removed
12-04 12:40:53.547  7329  7883 D MediaProvider: object removed 22110
12-04 12:40:53.547  7329  7883 E MtpServerJNI: server is null in send_object_removed
12-04 12:40:53.547  7329  7883 D MediaProvider: object removed 22111
12-04 12:40:53.547  7329  7883 E MtpServerJNI: server is null in send_object_removed
12-04 12:40:53.547  7329  7883 D MediaProvider: object removed 22112
12-04 12:40:53.547  7329  7883 E MtpServerJNI: server is null in send_object_removed
12-04 12:40:53.547  7329  7883 D MediaProvider: object removed 22113
12-04 12:40:53.547  7329  7883 E MtpServerJNI: server is null in send_object_removed
12-04 12:40:53.547  7329  7883 D MediaProvider: object removed 22114
12-04 12:40:53.547  7329  7883 E MtpServerJNI: server is null in send_object_removed
12-04 12:40:53.547  7329  7883 D MediaProvider: object removed 22115
12-04 12:40:53.547  7329  7883 E MtpServerJNI: server is null in send_object_removed
12-04 12:40:53.547  7329  7883 D MediaProvider: object removed 22116
12-04 12:40:53.547  7329  7883 E MtpServerJNI: server is null in send_object_removed
12-04 12:40:53.548  7329  7883 D MediaProvider: object removed 22117
12-04 12:40:53.548  7329  7883 E MtpServerJNI: server is null in send_object_removed
12-04 12:40:53.548  7329  7883 D MediaProvider: object removed 22118
12-04 12:40:53.548  7329  7883 E MtpServerJNI: server is null in send_object_removed
12-04 12:40:53.548  7329  7883 D MediaProvider: object removed 22119
12-04 12:40:53.548  7329  7883 E MtpServerJNI: server is null in send_object_removed
12-04 12:40:53.548  7329  7883 D MediaProvider: object removed 22120
12-04 12:40:53.548  7329  7883 E MtpServerJNI: server is null in send_object_removed
12-04 12:40:53.548  7329  7883 D MediaProvider: object removed 22121
12-04 12:40:53.548  7329  7883 E MtpServerJNI: server is null in send_object_removed
12-04 12:40:53.549  7329  7883 D MediaProvider: object removed 22122
12-04 12:40:53.549  7329  7883 E MtpServerJNI: server is null in send_object_removed
12-04 12:40:53.549  7329  7883 D MediaProvider: object removed 22123
12-04 12:40:53.549  7329  7883 E MtpServerJNI: server is null in send_object_removed
12-04 12:40:53.549  7329  7883 D MediaProvider: object removed 22124
12-04 12:40:53.549  7329  7883 E MtpServerJNI: server is null in send_object_removed
12-04 12:40:53.549  7329  7883 D MediaProvider: object removed 22125
12-04 12:40:53.549  7329  7883 E MtpServerJNI: server is null in send_object_removed
12-04 12:40:53.549  7329  7883 D MediaProvider: object removed 22126
12-04 12:40:53.549  7329  7883 E MtpServerJNI: server is null in send_object_removed
12-04 12:40:53.549  7329  7883 D MediaProvider: object removed 22127
12-04 12:40:53.549  7329  7883 E MtpServerJNI: server is null in send_object_removed
12-04 12:40:53.549  7329  7883 D MediaProvider: object removed 22128
12-04 12:40:53.550  7329  7883 E MtpServerJNI: server is null in send_object_removed
12-04 12:40:53.550  7329  7883 D MediaProvider: object removed 22129
12-04 12:40:53.550  7329  7883 E MtpServerJNI: server is null in send_object_removed
12-04 12:40:53.550  7329  7883 D MediaProvider: object removed 22130
12-04 12:40:53.550  7329  7883 E MtpServerJNI: server is null in send_object_removed
12-04 12:40:53.550  7329  7883 D MediaProvider: object removed 22131
12-04 12:40:53.550  7329  7883 E MtpServerJNI: server is null in send_object_removed
12-04 12:40:53.550  7329  7883 D MediaProvider: object removed 22132
12-04 12:40:53.550  7329  7883 E MtpServerJNI: server is null in send_object_removed
12-04 12:40:53.550  7329  7883 D MediaProvider: object removed 22133
12-04 12:40:53.550  7329  7883 E MtpServerJNI: server is null in send_object_removed
12-04 12:40:53.550  7329  7883 D MediaProvider: object removed 22134
12-04 12:40:53.550  7329  7883 E MtpServerJNI: server is null in send_object_removed
12-04 12:40:53.551  7329  7883 D MediaProvider: object removed 22135
12-04 12:40:53.551  7329  7883 E MtpServerJNI: server is null in send_object_removed
12-04 12:40:53.551  7329  7883 D MediaProvider: object removed 22136
12-04 12:40:53.551  7329  7883 E MtpServerJNI: server is null in send_object_removed
12-04 12:40:53.551  7329  7883 D MediaProvider: object removed 22137
12-04 12:40:53.551  7329  7883 E MtpServerJNI: server is null in send_object_removed
12-04 12:40:53.551  7329  7883 D MediaProvider: object removed 22138
12-04 12:40:53.551  7329  7883 E MtpServerJNI: server is null in send_object_removed
12-04 12:40:53.551  7329  7883 D MediaProvider: object removed 22139
12-04 12:40:53.551  7329  7883 E MtpServerJNI: server is null in send_object_removed
12-04 12:40:53.551  7329  7883 D MediaProvider: object removed 22140
12-04 12:40:53.551  7329  7883 E MtpServerJNI: server is null in send_object_removed
12-04 12:40:53.552  7329  7883 D MediaProvider: object removed 22141
12-04 12:40:53.552  7329  7883 E MtpServerJNI: server is null in send_object_removed
12-04 12:40:53.552  7329  7883 D MediaProvider: object removed 22142
12-04 12:40:53.552  7329  7883 E MtpServerJNI: server is null in send_object_removed
12-04 12:40:53.552  7329  7883 D MediaProvider: object removed 22143
12-04 12:40:53.552  7329  7883 E MtpServerJNI: server is null in send_object_removed
12-04 12:40:53.552  7329  7883 D MediaProvider: object removed 22144
12-04 12:40:53.552  7329  7883 E MtpServerJNI: server is null in send_object_removed
12-04 12:40:53.553  7329  7883 D MediaProvider: object removed 22145
12-04 12:40:53.553  7329  7883 E MtpServerJNI: server is null in send_object_removed
12-04 12:40:53.602  7329  7883 D MediaProvider: object removed 22146
12-04 12:40:53.602  7329  7883 E MtpServerJNI: server is null in send_object_removed
12-04 12:40:53.602  7329  7883 D MediaProvider: object removed 22147
12-04 12:40:53.602  7329  7883 E MtpServerJNI: server is null in send_object_removed
12-04 12:40:53.602  7329  7883 D MediaProvider: object removed 22148
12-04 12:40:53.602  7329  7883 E MtpServerJNI: server is null in send_object_removed
12-04 12:40:53.602  7329  7883 D MediaProvider: object removed 22149
12-04 12:40:53.602  7329  7883 E MtpServerJNI: server is null in send_object_removed
12-04 12:40:53.602  7329  7883 D MediaProvider: object removed 22150
12-04 12:40:53.602  7329  7883 E MtpServerJNI: server is null in send_object_removed
12-04 12:40:53.603  7329  7883 D MediaProvider: object removed 22151
12-04 12:40:53.603  7329  7883 E MtpServerJNI: server is null in send_object_removed
12-04 12:40:53.603  7329  7883 D MediaProvider: object removed 22152
12-04 12:40:53.603  7329  7883 E MtpServerJNI: server is null in send_object_removed
12-04 12:40:53.603  7329  7883 D MediaProvider: object removed 22153
12-04 12:40:53.603  7329  7883 E MtpServerJNI: server is null in send_object_removed
12-04 12:40:53.603  7329  7883 D MediaProvider: object removed 22154
12-04 12:40:53.603  7329  7883 E MtpServerJNI: server is null in send_object_removed
12-04 12:40:53.603  7329  7883 D MediaProvider: object removed 22155
12-04 12:40:53.603  7329  7883 E MtpServerJNI: server is null in send_object_removed
12-04 12:40:53.603  7329  7883 D MediaProvider: object removed 22156
12-04 12:40:53.603  7329  7883 E MtpServerJNI: server is null in send_object_removed
12-04 12:40:53.604  7329  7883 D MediaProvider: object removed 22157
12-04 12:40:53.604  7329  7883 E MtpServerJNI: server is null in send_object_removed
12-04 12:40:53.604  7329  7883 D MediaProvider: object removed 22158
12-04 12:40:53.604  7329  7883 E MtpServerJNI: server is null in send_object_removed
12-04 12:40:53.604  7329  7883 D MediaProvider: object removed 22159
12-04 12:40:53.604  7329  7883 E MtpServerJNI: server is null in send_object_removed
12-04 12:40:53.604  7329  7883 D MediaProvider: object removed 22160
12-04 12:40:53.604  7329  7883 E MtpServerJNI: server is null in send_object_removed
12-04 12:40:53.604  7329  7883 D MediaProvider: object removed 22161
12-04 12:40:53.604  7329  7883 E MtpServerJNI: server is null in send_object_removed
