07-09 17:45:37.066  3086  3115 E         : Runtime and build version of gralloc private structure does not match. Errors will likely follow.
07-09 17:45:37.099  3086  3115 E         : invalid gralloc handle (at 0x7f9ca2b400)
07-09 17:45:37.099  3086  3115 E         : Runtime and build version of gralloc private structure does not match. Errors will likely follow.
07-09 17:45:37.133  3086  3115 E         : invalid gralloc handle (at 0x7f9ca2b300)
07-09 17:45:37.133  3086  3115 E         : Runtime and build version of gralloc private structure does not match. Errors will likely follow.
07-09 17:45:37.166  3086  3115 E         : invalid gralloc handle (at 0x7f9ca2b380)
07-09 17:45:37.166  3086  3115 E         : Runtime and build version of gralloc private structure does not match. Errors will likely follow.
07-09 17:45:37.200  3086  3115 E         : invalid gralloc handle (at 0x7f9ca2b400)
07-09 17:45:37.200  3086  3115 E         : Runtime and build version of gralloc private structure does not match. Errors will likely follow.
07-09 17:45:37.233  3086  3115 E         : invalid gralloc handle (at 0x7f9ca2b300)
07-09 17:45:37.233  3086  3115 E         : Runtime and build version of gralloc private structure does not match. Errors will likely follow.
07-09 17:45:37.267  3086  3115 E         : invalid gralloc handle (at 0x7f9ca2b380)
07-09 17:45:37.267  3086  3115 E         : Runtime and build version of gralloc private structure does not match. Errors will likely follow.
07-09 17:45:37.300  3086  3115 E         : invalid gralloc handle (at 0x7f9ca2b400)
07-09 17:45:37.300  3086  3115 E         : Runtime and build version of gralloc private structure does not match. Errors will likely follow.
07-09 17:45:37.334  3086  3115 E         : invalid gralloc handle (at 0x7f9ca2b300)
07-09 17:45:37.334  3086  3115 E         : Runtime and build version of gralloc private structure does not match. Errors will likely follow.
07-09 17:45:37.367  3086  3115 E         : invalid gralloc handle (at 0x7f9ca2b380)
07-09 17:45:37.367  3086  3115 E         : Runtime and build version of gralloc private structure does not match. Errors will likely follow.
07-09 17:45:37.400  3086  3115 E         : invalid gralloc handle (at 0x7f9ca2b400)
07-09 17:45:37.401  3086  3115 E         : Runtime and build version of gralloc private structure does not match. Errors will likely follow.
07-09 17:45:37.434  3086  3115 E         : invalid gralloc handle (at 0x7f9ca2b300)
07-09 17:45:37.434  3086  3115 E         : Runtime and build version of gralloc private structure does not match. Errors will likely follow.
07-09 17:45:37.468  3086  3115 E         : invalid gralloc handle (at 0x7f9ca2b380)
07-09 17:45:37.468  3086  3115 E         : Runtime and build version of gralloc private structure does not match. Errors will likely follow.
07-09 17:45:37.501  3086  3115 E         : invalid gralloc handle (at 0x7f9ca2b400)
07-09 17:45:37.501  3086  3115 E         : Runtime and build version of gralloc private structure does not match. Errors will likely follow.
07-09 17:45:37.513  4371  4371 I PackageManager: SELinux relabeling of com.android.dialer issued.
07-09 17:45:37.534  3086  3115 E         : invalid gralloc handle (at 0x7f9ca2b300)
07-09 17:45:37.534  3086  3115 E         : Runtime and build version of gralloc private structure does not match. Errors will likely follow.
07-09 17:45:37.542  4371  4371 I PackageManager: SELinux relabeling of com.android.providers.downloads issued.
07-09 17:45:37.546  4371  4371 W PackageManager: Permission android.permission.DOWNLOAD_WITHOUT_NOTIFICATION from package com.android.providers.downloads in an unknown group android.permission-group.NETWORK
07-09 17:45:37.562  4371  4371 I PackageManager: SELinux relabeling of com.android.externalstorage issued.
07-09 17:45:37.568  3086  3115 E         : invalid gralloc handle (at 0x7f9ca2b380)
07-09 17:45:37.568  3086  3115 E         : Runtime and build version of gralloc private structure does not match. Errors will likely follow.
07-09 17:45:37.580  4371  4371 I PackageManager: SELinux relabeling of com.android.location.fused issued.
07-09 17:45:37.601  3086  3115 E         : invalid gralloc handle (at 0x7f9ca2b400)
07-09 17:45:37.601  3086  3115 E         : Runtime and build version of gralloc private structure does not match. Errors will likely follow.
07-09 17:45:37.613  4371  4371 I PackageManager: SELinux relabeling of com.android.inputdevices issued.
07-09 17:45:37.631  4371  4371 I PackageManager: SELinux relabeling of org.cyanogenmod.livelockscreen.service issued.
07-09 17:45:37.635  3086  3115 E         : invalid gralloc handle (at 0x7f9ca2b300)
07-09 17:45:37.635  3086  3115 E         : Runtime and build version of gralloc private structure does not match. Errors will likely follow.
07-09 17:45:37.668  3086  3115 E         : invalid gralloc handle (at 0x7f9ca2b380)
07-09 17:45:37.668  3086  3115 E         : Runtime and build version of gralloc private structure does not match. Errors will likely follow.
07-09 17:45:37.673  4371  4371 I PackageManager: SELinux relabeling of com.android.managedprovisioning issued.
07-09 17:45:37.699  4371  4371 I PackageManager: SELinux relabeling of com.android.providers.media issued.
07-09 17:45:37.702  3086  3115 E         : invalid gralloc handle (at 0x7f9ca2b400)
07-09 17:45:37.702  3086  3115 E         : Runtime and build version of gralloc private structure does not match. Errors will likely follow.
07-09 17:45:37.721  4371  4371 I PackageManager: SELinux relabeling of com.android.mms.service issued.
07-09 17:45:37.735  3086  3115 E         : invalid gralloc handle (at 0x7f9ca2b300)
07-09 17:45:37.735  3086  3115 E         : Runtime and build version of gralloc private structure does not match. Errors will likely follow.
07-09 17:45:37.738  4371  4371 I PackageManager: SELinux relabeling of com.android.onetimeinitializer issued.
07-09 17:45:37.769  3086  3115 E         : invalid gralloc handle (at 0x7f9ca2b380)
07-09 17:45:37.769  3086  3115 E         : Runtime and build version of gralloc private structure does not match. Errors will likely follow.
07-09 17:45:37.802  3086  3115 E         : invalid gralloc handle (at 0x7f9ca2b400)
07-09 17:45:37.802  3086  3115 E         : Runtime and build version of gralloc private structure does not match. Errors will likely follow.
07-09 17:45:37.836  3086  3115 E         : invalid gralloc handle (at 0x7f9ca2b300)
07-09 17:45:37.836  3086  3115 E         : Runtime and build version of gralloc private structure does not match. Errors will likely follow.
07-09 17:45:37.869  3086  3115 E         : invalid gralloc handle (at 0x7f9ca2b380)
07-09 17:45:37.869  3086  3115 E         : Runtime and build version of gralloc private structure does not match. Errors will likely follow.
07-09 17:45:37.898  4371  4371 I PackageManager: SELinux relabeling of com.android.packageinstaller issued.
07-09 17:45:37.903  3086  3115 E         : invalid gralloc handle (at 0x7f9ca2b400)
07-09 17:45:37.903  3086  3115 E         : Runtime and build version of gralloc private structure does not match. Errors will likely follow.
07-09 17:45:37.919  4371  4371 I PackageManager: SELinux relabeling of com.android.proxyhandler issued.
07-09 17:45:37.936  3086  3115 E         : invalid gralloc handle (at 0x7f9ca2b300)
07-09 17:45:37.936  3086  3115 E         : Runtime and build version of gralloc private structure does not match. Errors will likely follow.
07-09 17:45:37.944  4371  4371 I PackageManager: SELinux relabeling of org.cyanogenmod.screencast issued.
07-09 17:45:37.970  3086  3115 E         : invalid gralloc handle (at 0x7f9ca2b380)
07-09 17:45:37.970  3086  3115 E         : Runtime and build version of gralloc private structure does not match. Errors will likely follow.
07-09 17:45:38.003  3086  3115 E         : invalid gralloc handle (at 0x7f9ca2b400)
07-09 17:45:38.003  3086  3115 E         : Runtime and build version of gralloc private structure does not match. Errors will likely follow.
07-09 17:45:38.037  3086  3115 E         : invalid gralloc handle (at 0x7f9ca2b300)
07-09 17:45:38.037  3086  3115 E         : Runtime and build version of gralloc private structure does not match. Errors will likely follow.
07-09 17:45:38.070  3086  3115 E         : invalid gralloc handle (at 0x7f9ca2b380)
07-09 17:45:38.070  3086  3115 E         : Runtime and build version of gralloc private structure does not match. Errors will likely follow.
07-09 17:45:38.104  3086  3115 E         : invalid gralloc handle (at 0x7f9ca2b400)
07-09 17:45:38.104  3086  3115 E         : Runtime and build version of gralloc private structure does not match. Errors will likely follow.
07-09 17:45:38.154  3086  3115 E         : invalid gralloc handle (at 0x7f9ca2b300)
07-09 17:45:38.154  3086  3115 E         : Runtime and build version of gralloc private structure does not match. Errors will likely follow.
07-09 17:45:38.175  3086  3115 E         : invalid gralloc handle (at 0x7f9ca2b380)
07-09 17:45:38.175  3086  3115 E         : Runtime and build version of gralloc private structure does not match. Errors will likely follow.
07-09 17:45:38.208  3086  3115 E         : invalid gralloc handle (at 0x7f9ca2b400)
07-09 17:45:38.208  3086  3115 E         : Runtime and build version of gralloc private structure does not match. Errors will likely follow.
07-09 17:45:38.243  3086  3115 E         : invalid gralloc handle (at 0x7f9ca2b300)
07-09 17:45:38.243  3086  3115 E         : Runtime and build version of gralloc private structure does not match. Errors will likely follow.
07-09 17:45:38.280  3086  3115 E         : invalid gralloc handle (at 0x7f9ca2b380)
07-09 17:45:38.281  3086  3115 E         : Runtime and build version of gralloc private structure does not match. Errors will likely follow.
07-09 17:45:38.309  3086  3115 E         : invalid gralloc handle (at 0x7f9ca2b400)
07-09 17:45:38.309  3086  3115 E         : Runtime and build version of gralloc private structure does not match. Errors will likely follow.
07-09 17:45:38.350  3086  3115 E         : invalid gralloc handle (at 0x7f9ca2b300)
07-09 17:45:38.350  3086  3115 E         : Runtime and build version of gralloc private structure does not match. Errors will likely follow.
07-09 17:45:38.376  3086  3115 E         : invalid gralloc handle (at 0x7f9ca2b380)
07-09 17:45:38.376  3086  3115 E         : Runtime and build version of gralloc private structure does not match. Errors will likely follow.
07-09 17:45:38.409  3086  3115 E         : invalid gralloc handle (at 0x7f9ca2b400)
07-09 17:45:38.409  3086  3115 E         : Runtime and build version of gralloc private structure does not match. Errors will likely follow.
07-09 17:45:38.443  3086  3115 E         : invalid gralloc handle (at 0x7f9ca2b300)
07-09 17:45:38.443  3086  3115 E         : Runtime and build version of gralloc private structure does not match. Errors will likely follow.
07-09 17:45:38.478  3086  3115 E         : invalid gralloc handle (at 0x7f9ca2b380)
07-09 17:45:38.478  3086  3115 E         : Runtime and build version of gralloc private structure does not match. Errors will likely follow.
07-09 17:45:38.511  3086  3115 E         : invalid gralloc handle (at 0x7f9ca2b400)
07-09 17:45:38.512  3086  3115 E         : Runtime and build version of gralloc private structure does not match. Errors will likely follow.
07-09 17:45:38.545  3086  3115 E         : invalid gralloc handle (at 0x7f9ca2b300)
07-09 17:45:38.545  3086  3115 E         : Runtime and build version of gralloc private structure does not match. Errors will likely follow.
07-09 17:45:38.579  3086  3115 E         : invalid gralloc handle (at 0x7f9ca2b380)
07-09 17:45:38.579  3086  3115 E         : Runtime and build version of gralloc private structure does not match. Errors will likely follow.
07-09 17:45:38.612  3086  3115 E         : invalid gralloc handle (at 0x7f9ca2b400)
07-09 17:45:38.612  3086  3115 E         : Runtime and build version of gralloc private structure does not match. Errors will likely follow.
07-09 17:45:38.647  3086  3115 E         : invalid gralloc handle (at 0x7f9ca2b300)
07-09 17:45:38.647  3086  3115 E         : Runtime and build version of gralloc private structure does not match. Errors will likely follow.
07-09 17:45:38.679  3086  3115 E         : invalid gralloc handle (at 0x7f9ca2b380)
07-09 17:45:38.679  3086  3115 E         : Runtime and build version of gralloc private structure does not match. Errors will likely follow.
07-09 17:45:38.714  3086  3115 E         : invalid gralloc handle (at 0x7f9ca2b400)
07-09 17:45:38.714  3086  3115 E         : Runtime and build version of gralloc private structure does not match. Errors will likely follow.
07-09 17:45:38.760  4371  4371 I PackageManager: SELinux relabeling of com.android.settings issued.
07-09 17:45:38.765  3086  3115 E         : invalid gralloc handle (at 0x7f9ca2b300)
07-09 17:45:38.765  3086  3115 E         : Runtime and build version of gralloc private structure does not match. Errors will likely follow.
07-09 17:45:38.780  3086  3115 E         : invalid gralloc handle (at 0x7f9ca2b380)
07-09 17:45:38.780  3086  3115 E         : Runtime and build version of gralloc private structure does not match. Errors will likely follow.
07-09 17:45:38.803  4371  4371 I PackageManager: SELinux relabeling of com.android.providers.settings issued.
07-09 17:45:38.822  4371  4371 I PackageManager: SELinux relabeling of com.android.sharedstoragebackup issued.
07-09 17:45:38.827  3086  3115 E         : invalid gralloc handle (at 0x7f9ca2b400)
07-09 17:45:38.827  3086  3115 E         : Runtime and build version of gralloc private structure does not match. Errors will likely follow.
07-09 17:45:38.847  3086  3115 E         : invalid gralloc handle (at 0x7f9ca2b300)
07-09 17:45:38.847  3086  3115 E         : Runtime and build version of gralloc private structure does not match. Errors will likely follow.
07-09 17:45:38.847  4371  4371 I PackageManager: SELinux relabeling of com.android.shell issued.
07-09 17:45:38.867  4371  4371 I PackageManager: SELinux relabeling of com.android.statementservice issued.
07-09 17:45:38.881  3086  3115 E         : invalid gralloc handle (at 0x7f9ca2b380)
07-09 17:45:38.881  3086  3115 E         : Runtime and build version of gralloc private structure does not match. Errors will likely follow.
07-09 17:45:38.920  3086  3115 E         : invalid gralloc handle (at 0x7f9ca2b400)
07-09 17:45:38.920  3086  3115 E         : Runtime and build version of gralloc private structure does not match. Errors will likely follow.
07-09 17:45:38.962  3086  3115 E         : invalid gralloc handle (at 0x7f9ca2b300)
07-09 17:45:38.962  3086  3115 E         : Runtime and build version of gralloc private structure does not match. Errors will likely follow.
07-09 17:45:38.981  3086  3115 E         : invalid gralloc handle (at 0x7f9ca2b380)
07-09 17:45:38.981  3086  3115 E         : Runtime and build version of gralloc private structure does not match. Errors will likely follow.
07-09 17:45:39.015  3086  3115 E         : invalid gralloc handle (at 0x7f9ca2b400)
07-09 17:45:39.015  3086  3115 E         : Runtime and build version of gralloc private structure does not match. Errors will likely follow.
07-09 17:45:39.050  3086  3115 E         : invalid gralloc handle (at 0x7f9ca2b300)
07-09 17:45:39.050  3086  3115 E         : Runtime and build version of gralloc private structure does not match. Errors will likely follow.
07-09 17:45:39.091  3086  3115 E         : invalid gralloc handle (at 0x7f9ca2b380)
07-09 17:45:39.091  3086  3115 E         : Runtime and build version of gralloc private structure does not match. Errors will likely follow.
07-09 17:45:39.124  3086  3115 E         : invalid gralloc handle (at 0x7f9ca2b400)
07-09 17:45:39.124  3086  3115 E         : Runtime and build version of gralloc private structure does not match. Errors will likely follow.
07-09 17:45:39.158  3086  3115 E         : invalid gralloc handle (at 0x7f9ca2b300)
07-09 17:45:39.158  3086  3115 E         : Runtime and build version of gralloc private structure does not match. Errors will likely follow.
07-09 17:45:39.166  4371  4371 I PackageManager: SELinux relabeling of com.android.systemui issued.
07-09 17:45:39.184  4371  4371 W PackageParser: Ignoring duplicate uses-permissions/uses-permissions-sdk-m: android.permission.ACCESS_WIFI_STATE in package: com.android.phone at: Binary XML file line #132
07-09 17:45:39.192  3086  3115 E         : invalid gralloc handle (at 0x7f9ca2b380)
07-09 17:45:39.192  3086  3115 E         : Runtime and build version of gralloc private structure does not match. Errors will likely follow.
07-09 17:45:39.216  3086  3115 E         : invalid gralloc handle (at 0x7f9ca2b400)
07-09 17:45:39.216  3086  3115 E         : Runtime and build version of gralloc private structure does not match. Errors will likely follow.
07-09 17:45:39.255  4371  4371 I PackageManager: SELinux relabeling of com.android.phone issued.
07-09 17:45:39.263  3086  3115 E         : invalid gralloc handle (at 0x7f9ca2b300)
07-09 17:45:39.264  3086  3115 E         : Runtime and build version of gralloc private structure does not match. Errors will likely follow.
07-09 17:45:39.292  4371  4371 I PackageManager: SELinux relabeling of com.android.server.telecom issued.
07-09 17:45:39.295  3086  3115 E         : invalid gralloc handle (at 0x7f9ca2b380)
07-09 17:45:39.295  3086  3115 E         : Runtime and build version of gralloc private structure does not match. Errors will likely follow.
07-09 17:45:39.315  4371  4371 I PackageManager: SELinux relabeling of com.android.providers.telephony issued.
07-09 17:45:39.317  3086  3115 E         : invalid gralloc handle (at 0x7f9ca2b400)
07-09 17:45:39.317  3086  3115 E         : Runtime and build version of gralloc private structure does not match. Errors will likely follow.
07-09 17:45:39.354  4371  4371 I PackageManager: SELinux relabeling of org.cyanogenmod.theme.chooser issued.
07-09 17:45:39.356  3086  3115 E         : invalid gralloc handle (at 0x7f9ca2b300)
07-09 17:45:39.356  3086  3115 E         : Runtime and build version of gralloc private structure does not match. Errors will likely follow.
07-09 17:45:39.376  4371  4371 I PackageManager: SELinux relabeling of org.cyanogenmod.themes.provider issued.
07-09 17:45:39.395  3086  3115 E         : invalid gralloc handle (at 0x7f9ca2b380)
07-09 17:45:39.395  3086  3115 E         : Runtime and build version of gralloc private structure does not match. Errors will likely follow.
07-09 17:45:39.430  3086  3115 E         : invalid gralloc handle (at 0x7f9ca2b400)
07-09 17:45:39.430  3086  3115 E         : Runtime and build version of gralloc private structure does not match. Errors will likely follow.
07-09 17:45:39.460  3086  3115 E         : invalid gralloc handle (at 0x7f9ca2b300)
07-09 17:45:39.460  3086  3115 E         : Runtime and build version of gralloc private structure does not match. Errors will likely follow.
07-09 17:45:39.466  4371  4371 I PackageManager: SELinux relabeling of com.cyanogenmod.trebuchet issued.
07-09 17:45:39.470  4371  4371 W PackageManager: Permission com.android.launcher.permission.INSTALL_SHORTCUT from package com.cyanogenmod.trebuchet in an unknown group android.permission-group.SYSTEM_TOOLS
07-09 17:45:39.470  4371  4371 W PackageManager: Permission com.android.launcher3.permission.READ_SETTINGS from package com.cyanogenmod.trebuchet in an unknown group android.permission-group.SYSTEM_TOOLS
07-09 17:45:39.470  4371  4371 W PackageManager: Permission com.android.launcher3.permission.WRITE_SETTINGS from package com.cyanogenmod.trebuchet in an unknown group android.permission-group.SYSTEM_TOOLS
07-09 17:45:39.485  4371  4371 I PackageManager: SELinux relabeling of com.android.vpndialogs issued.
07-09 17:45:39.493  3086  3115 E         : invalid gralloc handle (at 0x7f9ca2b380)
07-09 17:45:39.493  3086  3115 E         : Runtime and build version of gralloc private structure does not match. Errors will likely follow.
07-09 17:45:39.503  4371  4371 I PackageManager: SELinux relabeling of com.android.wallpapercropper issued.
07-09 17:45:39.518  3086  3115 E         : invalid gralloc handle (at 0x7f9ca2b400)
07-09 17:45:39.518  3086  3115 E         : Runtime and build version of gralloc private structure does not match. Errors will likely follow.
07-09 17:45:39.519  4371  4371 I PackageManager: SELinux relabeling of org.cyanogenmod.weather.provider issued.
07-09 17:45:39.538  4371  4371 I PackageManager: SELinux relabeling of com.android.dreams.basic issued.
07-09 17:45:39.551  4371  4371 W PackageParser: No actions in intent filter at /system/app/Bluetooth/Bluetooth.apk Binary XML file line #234
07-09 17:45:39.560  3086  3115 E         : invalid gralloc handle (at 0x7f9ca2b300)
07-09 17:45:39.560  3086  3115 E         : Runtime and build version of gralloc private structure does not match. Errors will likely follow.
07-09 17:45:39.572  4371  4371 I PackageManager: SELinux relabeling of com.android.bluetooth issued.
07-09 17:45:39.592  4371  4371 I PackageManager: SELinux relabeling of com.android.bluetoothmidiservice issued.
07-09 17:45:39.594  3086  3115 E         : invalid gralloc handle (at 0x7f9ca2b380)
07-09 17:45:39.594  3086  3115 E         : Runtime and build version of gralloc private structure does not match. Errors will likely follow.
07-09 17:45:39.618  3086  3115 E         : invalid gralloc handle (at 0x7f9ca2b400)
07-09 17:45:39.618  3086  3115 E         : Runtime and build version of gralloc private structure does not match. Errors will likely follow.
07-09 17:45:39.657  3086  3115 E         : invalid gralloc handle (at 0x7f9ca2b300)
07-09 17:45:39.657  3086  3115 E         : Runtime and build version of gralloc private structure does not match. Errors will likely follow.
07-09 17:45:39.690  3086  3115 E         : invalid gralloc handle (at 0x7f9ca2b380)
07-09 17:45:39.690  3086  3115 E         : Runtime and build version of gralloc private structure does not match. Errors will likely follow.
07-09 17:45:39.690  4371  4371 I PackageManager: SELinux relabeling of com.android.browser issued.
07-09 17:45:39.703  4371  4371 W PackageParser: No actions in intent filter at /system/app/CMFileManager/CMFileManager.apk Binary XML file line #164
07-09 17:45:39.718  3086  3115 E         : invalid gralloc handle (at 0x7f9ca2b400)
07-09 17:45:39.718  3086  3115 E         : Runtime and build version of gralloc private structure does not match. Errors will likely follow.
07-09 17:45:39.762  3086  3115 E         : invalid gralloc handle (at 0x7f9ca2b300)
07-09 17:45:39.762  3086  3115 E         : Runtime and build version of gralloc private structure does not match. Errors will likely follow.
07-09 17:45:39.786  3086  3115 E         : invalid gralloc handle (at 0x7f9ca2b380)
07-09 17:45:39.786  3086  3115 E         : Runtime and build version of gralloc private structure does not match. Errors will likely follow.
07-09 17:45:39.799  4371  4371 I PackageManager: SELinux relabeling of com.cyanogenmod.filemanager issued.
07-09 17:45:39.832  3086  3115 E         : invalid gralloc handle (at 0x7f9ca2b400)
07-09 17:45:39.832  3086  3115 E         : Runtime and build version of gralloc private structure does not match. Errors will likely follow.
07-09 17:45:39.836  4371  4371 I PackageManager: SELinux relabeling of com.cyanogenmod.wallpapers issued.
07-09 17:45:39.864  3086  3115 E         : invalid gralloc handle (at 0x7f9ca2b300)
07-09 17:45:39.864  3086  3115 E         : Runtime and build version of gralloc private structure does not match. Errors will likely follow.
07-09 17:45:39.886  3086  3115 E         : invalid gralloc handle (at 0x7f9ca2b380)
07-09 17:45:39.886  3086  3115 E         : Runtime and build version of gralloc private structure does not match. Errors will likely follow.
07-09 17:45:39.920  3086  3115 E         : invalid gralloc handle (at 0x7f9ca2b400)
07-09 17:45:39.920  3086  3115 E         : Runtime and build version of gralloc private structure does not match. Errors will likely follow.
07-09 17:45:39.956  4371  4371 I PackageManager: SELinux relabeling of com.android.calendar issued.
07-09 17:45:39.966  3086  3115 E         : invalid gralloc handle (at 0x7f9ca2b300)
07-09 17:45:39.966  3086  3115 E         : Runtime and build version of gralloc private structure does not match. Errors will likely follow.
07-09 17:45:39.987  3086  3115 E         : invalid gralloc handle (at 0x7f9ca2b380)
07-09 17:45:39.987  3086  3115 E         : Runtime and build version of gralloc private structure does not match. Errors will likely follow.
07-09 17:45:40.020  3086  3115 E         : invalid gralloc handle (at 0x7f9ca2b400)
07-09 17:45:40.020  3086  3115 E         : Runtime and build version of gralloc private structure does not match. Errors will likely follow.
07-09 17:45:40.059  3086  3115 E         : invalid gralloc handle (at 0x7f9ca2b300)
07-09 17:45:40.059  3086  3115 E         : Runtime and build version of gralloc private structure does not match. Errors will likely follow.
07-09 17:45:40.087  3086  3115 E         : invalid gralloc handle (at 0x7f9ca2b380)
07-09 17:45:40.087  3086  3115 E         : Runtime and build version of gralloc private structure does not match. Errors will likely follow.
07-09 17:45:40.121  3086  3115 E         : invalid gralloc handle (at 0x7f9ca2b400)
07-09 17:45:40.121  3086  3115 E         : Runtime and build version of gralloc private structure does not match. Errors will likely follow.
07-09 17:45:40.137  4371  4371 I PackageManager: SELinux relabeling of com.android.camera2 issued.
07-09 17:45:40.154  3086  3115 E         : invalid gralloc handle (at 0x7f9ca2b300)
07-09 17:45:40.154  3086  3115 E         : Runtime and build version of gralloc private structure does not match. Errors will likely follow.
07-09 17:45:40.157  4371  4371 I PackageManager: SELinux relabeling of com.android.captiveportallogin issued.
07-09 17:45:40.177  4371  4371 I PackageManager: SELinux relabeling of com.android.certinstaller issued.
07-09 17:45:40.188  3086  3115 E         : invalid gralloc handle (at 0x7f9ca2b380)
07-09 17:45:40.188  3086  3115 E         : Runtime and build version of gralloc private structure does not match. Errors will likely follow.
07-09 17:45:40.221  3086  3115 E         : invalid gralloc handle (at 0x7f9ca2b400)
07-09 17:45:40.221  3086  3115 E         : Runtime and build version of gralloc private structure does not match. Errors will likely follow.
07-09 17:45:40.256  3086  3115 E         : invalid gralloc handle (at 0x7f9ca2b300)
07-09 17:45:40.256  3086  3115 E         : Runtime and build version of gralloc private structure does not match. Errors will likely follow.
07-09 17:45:40.288  3086  3115 E         : invalid gralloc handle (at 0x7f9ca2b380)
07-09 17:45:40.288  3086  3115 E         : Runtime and build version of gralloc private structure does not match. Errors will likely follow.
07-09 17:45:40.322  3086  3115 E         : invalid gralloc handle (at 0x7f9ca2b400)
07-09 17:45:40.322  3086  3115 E         : Runtime and build version of gralloc private structure does not match. Errors will likely follow.
07-09 17:45:40.329  4371  4371 I PackageManager: SELinux relabeling of com.android.deskclock issued.
07-09 17:45:40.365  4371  4371 I PackageManager: SELinux relabeling of com.android.development issued.
07-09 17:45:40.366  3086  3115 E         : invalid gralloc handle (at 0x7f9ca2b300)
07-09 17:45:40.366  3086  3115 E         : Runtime and build version of gralloc private structure does not match. Errors will likely follow.
07-09 17:45:40.398  3086  3115 E         : invalid gralloc handle (at 0x7f9ca2b380)
07-09 17:45:40.398  3086  3115 E         : Runtime and build version of gralloc private structure does not match. Errors will likely follow.
07-09 17:45:40.423  4371  4371 I PackageManager: SELinux relabeling of com.android.documentsui issued.
07-09 17:45:40.431  3086  3115 E         : invalid gralloc handle (at 0x7f9ca2b400)
07-09 17:45:40.431  3086  3115 E         : Runtime and build version of gralloc private structure does not match. Errors will likely follow.
07-09 17:45:40.443  4371  4371 I PackageManager: SELinux relabeling of com.android.providers.downloads.ui issued.
07-09 17:45:40.456  3086  3115 E         : invalid gralloc handle (at 0x7f9ca2b300)
07-09 17:45:40.456  3086  3115 E         : Runtime and build version of gralloc private structure does not match. Errors will likely follow.
07-09 17:45:40.501  3086  3115 E         : invalid gralloc handle (at 0x7f9ca2b380)
07-09 17:45:40.501  3086  3115 E         : Runtime and build version of gralloc private structure does not match. Errors will likely follow.
07-09 17:45:40.507  4371  4371 I PackageManager: SELinux relabeling of com.cyanogenmod.eleven issued.
07-09 17:45:40.531  3086  3115 E         : invalid gralloc handle (at 0x7f9ca2b400)
07-09 17:45:40.531  3086  3115 E         : Runtime and build version of gralloc private structure does not match. Errors will likely follow.
07-09 17:45:40.556  3086  3115 E         : invalid gralloc handle (at 0x7f9ca2b300)
07-09 17:45:40.556  3086  3115 E         : Runtime and build version of gralloc private structure does not match. Errors will likely follow.
07-09 17:45:40.604  3086  3115 E         : invalid gralloc handle (at 0x7f9ca2b380)
07-09 17:45:40.604  3086  3115 E         : Runtime and build version of gralloc private structure does not match. Errors will likely follow.
07-09 17:45:40.635  3086  3115 E         : invalid gralloc handle (at 0x7f9ca2b400)
07-09 17:45:40.635  3086  3115 E         : Runtime and build version of gralloc private structure does not match. Errors will likely follow.
07-09 17:45:40.657  3086  3115 E         : invalid gralloc handle (at 0x7f9ca2b300)
07-09 17:45:40.657  3086  3115 E         : Runtime and build version of gralloc private structure does not match. Errors will likely follow.
07-09 17:45:40.701  3086  3115 E         : invalid gralloc handle (at 0x7f9ca2b380)
07-09 17:45:40.702  3086  3115 E         : Runtime and build version of gralloc private structure does not match. Errors will likely follow.
07-09 17:45:40.724  3086  3115 E         : invalid gralloc handle (at 0x7f9ca2b400)
07-09 17:45:40.724  3086  3115 E         : Runtime and build version of gralloc private structure does not match. Errors will likely follow.
07-09 17:45:40.770  3086  3115 E         : invalid gralloc handle (at 0x7f9ca2b300)
07-09 17:45:40.770  3086  3115 E         : Runtime and build version of gralloc private structure does not match. Errors will likely follow.
07-09 17:45:40.770  4371  4371 I PackageManager: SELinux relabeling of com.android.email issued.
07-09 17:45:40.800  3086  3115 E         : invalid gralloc handle (at 0x7f9ca2b380)
07-09 17:45:40.800  3086  3115 E         : Runtime and build version of gralloc private structure does not match. Errors will likely follow.
07-09 17:45:40.801  4371  4371 I PackageManager: SELinux relabeling of com.android.calculator2 issued.
07-09 17:45:40.824  4371  4371 I PackageManager: SELinux relabeling of com.android.exchange issued.
07-09 17:45:40.834  3086  3115 E         : invalid gralloc handle (at 0x7f9ca2b400)
07-09 17:45:40.834  3086  3115 E         : Runtime and build version of gralloc private structure does not match. Errors will likely follow.
07-09 17:45:40.848  4371  4371 I PackageManager: SELinux relabeling of com.android.galaxy4 issued.
07-09 17:45:40.858  3086  3115 E         : invalid gralloc handle (at 0x7f9ca2b300)
07-09 17:45:40.858  3086  3115 E         : Runtime and build version of gralloc private structure does not match. Errors will likely follow.
07-09 17:45:40.863  4371  4371 W PackageParser: Unknown element under <application>: permission at /system/app/Gallery2/Gallery2.apk Binary XML file line #278
07-09 17:45:40.863  4371  4371 W PackageParser: Unknown element under <application>: permission at /system/app/Gallery2/Gallery2.apk Binary XML file line #281
07-09 17:45:40.892  3086  3115 E         : invalid gralloc handle (at 0x7f9ca2b380)
07-09 17:45:40.892  3086  3115 E         : Runtime and build version of gralloc private structure does not match. Errors will likely follow.
07-09 17:45:40.925  3086  3115 E         : invalid gralloc handle (at 0x7f9ca2b400)
07-09 17:45:40.925  3086  3115 E         : Runtime and build version of gralloc private structure does not match. Errors will likely follow.
07-09 17:45:40.960  3086  3115 E         : invalid gralloc handle (at 0x7f9ca2b300)
07-09 17:45:40.960  3086  3115 E         : Runtime and build version of gralloc private structure does not match. Errors will likely follow.
07-09 17:45:41.004  3086  3115 E         : invalid gralloc handle (at 0x7f9ca2b380)
07-09 17:45:41.004  3086  3115 E         : Runtime and build version of gralloc private structure does not match. Errors will likely follow.
07-09 17:45:41.026  3086  3115 E         : invalid gralloc handle (at 0x7f9ca2b400)
07-09 17:45:41.026  3086  3115 E         : Runtime and build version of gralloc private structure does not match. Errors will likely follow.
07-09 17:45:41.043  4371  4371 I PackageManager: SELinux relabeling of com.android.gallery3d issued.
07-09 17:45:41.066  4371  4371 I PackageManager: SELinux relabeling of com.android.htmlviewer issued.
07-09 17:45:41.068  3086  3115 E         : invalid gralloc handle (at 0x7f9ca2b300)
07-09 17:45:41.068  3086  3115 E         : Runtime and build version of gralloc private structure does not match. Errors will likely follow.
07-09 17:45:41.088  4371  4371 I PackageManager: SELinux relabeling of com.android.wallpaper.holospiral issued.
07-09 17:45:41.105  3086  3115 E         : invalid gralloc handle (at 0x7f9ca2b380)
07-09 17:45:41.105  3086  3115 E         : Runtime and build version of gralloc private structure does not match. Errors will likely follow.
07-09 17:45:41.106  4371  4371 I PackageManager: SELinux relabeling of com.android.keychain issued.
07-09 17:45:41.127  3086  3115 E         : invalid gralloc handle (at 0x7f9ca2b400)
07-09 17:45:41.127  3086  3115 E         : Runtime and build version of gralloc private structure does not match. Errors will likely follow.
07-09 17:45:41.166  3086  3115 E         : invalid gralloc handle (at 0x7f9ca2b300)
07-09 17:45:41.166  3086  3115 E         : Runtime and build version of gralloc private structure does not match. Errors will likely follow.
07-09 17:45:41.194  3086  3115 E         : invalid gralloc handle (at 0x7f9ca2b380)
07-09 17:45:41.194  3086  3115 E         : Runtime and build version of gralloc private structure does not match. Errors will likely follow.
07-09 17:45:41.233  3086  3115 E         : invalid gralloc handle (at 0x7f9ca2b400)
07-09 17:45:41.233  3086  3115 E         : Runtime and build version of gralloc private structure does not match. Errors will likely follow.
07-09 17:45:41.270  3086  3115 E         : invalid gralloc handle (at 0x7f9ca2b300)
07-09 17:45:41.270  3086  3115 E         : Runtime and build version of gralloc private structure does not match. Errors will likely follow.
