12-13 23:44:20.379  4668  4668 W System  : ClassLoader referenced unknown path: /system/priv-app/CMUpdater/lib/arm64
12-13 23:44:20.418  4668  4668 I UpdateCheckReceiver: Scheduling future, repeating update checks.
12-13 23:44:20.492  3403  3679 I ActivityManager: Start proc 4689:org.cyanogenmod.providers.datausage/1000 for broadcast org.cyanogenmod.providers.datausage/.BootReceiver
12-13 23:44:20.506  4689  4689 W System  : ClassLoader referenced unknown path: /system/priv-app/DataUsageProvider/lib/arm64
12-13 23:44:20.523  3403  3562 I ActivityManager: Start proc 4703:com.android.managedprovisioning/u0a12 for broadcast com.android.managedprovisioning/.BootReminder
12-13 23:44:20.537  4703  4703 W System  : ClassLoader referenced unknown path: /system/priv-app/ManagedProvisioning/lib/arm64
12-13 23:44:20.555  3403  3561 I ActivityManager: Start proc 4718:com.android.onetimeinitializer/u0a13 for broadcast com.android.onetimeinitializer/.OneTimeInitializerReceiver
12-13 23:44:20.569  4718  4718 W System  : ClassLoader referenced unknown path: /system/priv-app/OneTimeInitializer/lib/arm64
12-13 23:44:20.569  4718  4718 V OneTimeInitializerRece: OneTimeInitializerReceiver.onReceive
12-13 23:44:20.572  4718  4731 I OneTimeInitializerServ: Updating to version 1.
12-13 23:44:20.573  4718  4731 E ActivityThread: Failed to find provider info for com.android.launcher2.settings
12-13 23:44:20.677  3403  3998 W BroadcastQueue: Permission Denial: receiving Intent { act=android.intent.action.BOOT_COMPLETED flg=0x8000010 (has extras) } to org.cyanogenmod.snap/com.android.camera.DisableCameraReceiver requires android.permission.RECEIVE_BOOT_COMPLETED due to sender null (uid 1000)
12-13 23:44:20.687  3403  3417 I ActivityManager: Start proc 4734:com.cyanogenmod.trebuchet/u0a29 for broadcast com.cyanogenmod.trebuchet/com.android.launcher3.StartupReceiver
12-13 23:44:20.702  4734  4734 W System  : ClassLoader referenced unknown path: /system/priv-app/Trebuchet/lib/arm64
12-13 23:44:20.753  3969  4310 W AudioFxService: self destructing, no sessions active and nothing to do.
12-13 23:44:20.883  4164  4733 I MediaProvider: Upgrading media database from version 0 to 800, which will destroy all old data
12-13 23:44:20.921  4164  4733 D MediaProvider: Adjusting external storage paths to: /storage/emulated/0
12-13 23:44:20.959  4164  4733 E SQLiteLog: (1) no such table: files
12-13 23:44:20.978  2995  2995 E WVMExtractor: Failed to open libwvm.so: dlopen failed: library "libwvm.so" not found
12-13 23:44:21.053  4164  4733 W MediaScanner: forcing rescan of /system/media/audio/alarms/Argon.oggsince ringtone setting didn't finish
12-13 23:44:21.125  3403  3416 W Searchables: No global search activity found
12-13 23:44:21.126  3403  3455 I InputReader: Reconfiguring input devices.  changes=0x00000010
12-13 23:44:21.127  3403  3455 I InputReader: Reconfiguring input devices.  changes=0x00000010
12-13 23:44:21.127  3403  3455 I InputReader: Reconfiguring input devices.  changes=0x00000010
12-13 23:44:21.129  3403  3455 I InputReader: Reconfiguring input devices.  changes=0x00000010
12-13 23:44:21.129  3403  3416 W Searchables: No global search activity found
12-13 23:44:21.131  3403  3416 W Searchables: No global search activity found
12-13 23:44:21.134  3403  3416 W Searchables: No global search activity found
12-13 23:44:21.165  4164  4733 W MediaScanner: forcing rescan of /system/media/audio/alarms/Helium.oggsince ringtone setting didn't finish
12-13 23:44:21.176  4734  4734 W MOD.CyanogenAmbientUtil: Cyanogen Ambient package is missing! Version 1050100 is required.
12-13 23:44:21.176  4734  4734 E MOD.AmbientApiClientImp: This application will not run unless you install Ambient services
12-13 23:44:21.186  4637  4637 D AlertReceiver: onReceive: a=android.intent.action.BOOT_COMPLETED Intent { act=android.intent.action.BOOT_COMPLETED flg=0x8000010 cmp=com.android.calendar/.alerts.AlertReceiver (has extras) }
12-13 23:44:21.189  4164  4733 W MediaProvider: Missing volume for /system; assuming invalid
12-13 23:44:21.191  4164  4733 W MediaProvider: Missing volume for /system/media; assuming invalid
12-13 23:44:21.192  4164  4733 W MediaProvider: Missing volume for /system/media/audio; assuming invalid
12-13 23:44:21.193  4637  4637 D AlertUtils: Flushing old alerts from shared prefs table
12-13 23:44:21.194  4164  4733 W MediaProvider: Missing volume for /system/media/audio/alarms; assuming invalid
12-13 23:44:21.198  3403  3998 I ActivityManager: Start proc 4758:com.android.deskclock/u0a42 for broadcast com.android.deskclock/.AlarmInitReceiver
12-13 23:44:21.199  4637  4756 D AlertService: 0 Action = android.intent.action.BOOT_COMPLETED
12-13 23:44:21.200  4637  4756 D AlertService: Scheduling next alarm with AlarmScheduler. sEventReminderReceived: null
12-13 23:44:21.205  4637  4756 D AlarmScheduler: No events found starting within 1 week.
12-13 23:44:21.215  4758  4758 W System  : ClassLoader referenced unknown path: /system/app/DeskClock/lib/arm64
12-13 23:44:21.228  4164  4733 W MediaProvider: Missing volume for /system/media/audio/alarms/Alarm_Beep_01.ogg; assuming invalid
12-13 23:44:21.230  4164  4733 W MediaProvider: Missing volume for /system/media/audio/alarms/Alarm_Beep_02.ogg; assuming invalid
12-13 23:44:21.231  4164  4733 W MediaProvider: Missing volume for /system/media/audio/alarms/Alarm_Beep_03.ogg; assuming invalid
12-13 23:44:21.233  4164  4733 W MediaProvider: Missing volume for /system/media/audio/alarms/Alarm_Buzzer.ogg; assuming invalid
12-13 23:44:21.234  4164  4733 W MediaProvider: Missing volume for /system/media/audio/alarms/Alarm_Rooster_02.ogg; assuming invalid
12-13 23:44:21.235  2995  3953 E MetadataRetrieverClient: failed to extract an album art
12-13 23:44:21.235  4164  4733 W MediaProvider: Missing volume for /system/media/audio/alarms/Argon.ogg; assuming invalid
12-13 23:44:21.237  4164  4733 W MediaProvider: Missing volume for /system/media/audio/alarms/Barium.ogg; assuming invalid
12-13 23:44:21.238  4164  4733 W MediaProvider: Missing volume for /system/media/audio/alarms/Carbon.ogg; assuming invalid
12-13 23:44:21.239  4164  4733 W MediaProvider: Missing volume for /system/media/audio/alarms/CyanAlarm.ogg; assuming invalid
12-13 23:44:21.276  4164  4733 W MediaProvider: Missing volume for /system/media/audio/alarms/Helium.ogg; assuming invalid
12-13 23:44:21.336  4090  4755 D ReportingServiceManager: Next sync attempt in : 23 hours
12-13 23:44:21.350  4653  4653 I CalendarProvider2: Sending notification intent: Intent { act=android.intent.action.PROVIDER_CHANGED dat=content://com.android.calendar flg=0x20000000 }
12-13 23:44:21.350  4653  4653 W ContentResolver: Failed to get type for: content://com.android.calendar (Unknown URL content://com.android.calendar)
12-13 23:44:21.364  4758  4758 V AlarmClock: AlarmInitReceiver android.intent.action.BOOT_COMPLETED
12-13 23:44:21.406  4758  4775 V AlarmClock: AlarmInitReceiver - Reset timers and clear stopwatch data
12-13 23:44:21.410  4758  4775 V AlarmClock: AlarmInitReceiver - resetting volume button default
12-13 23:44:21.520  4758  4775 I AlarmClock: Alarms Table created
12-13 23:44:21.521  4758  4775 I AlarmClock: Instance table created
12-13 23:44:21.521  4758  4775 I AlarmClock: Cities table created
12-13 23:44:21.521  4758  4775 I AlarmClock: Inserting default alarms
12-13 23:44:21.551  4758  4775 V AlarmClock: AlarmInitReceiver finished
12-13 23:44:21.554  4277  4277 D EmailBroadcastReceiver: Received android.intent.action.BOOT_COMPLETED
12-13 23:44:21.566  3403  4000 I ActivityManager: Start proc 4778:com.android.gallery3d/u0a52 for broadcast com.android.gallery3d/com.android.camera.DisableCameraReceiver
12-13 23:44:21.567  4277  4777 I Email   : Onetime initialization: 1
12-13 23:44:21.567  4277  4777 I Email   : Onetime initialization: 2
12-13 23:44:21.569  4277  4777 I Email   : Onetime initialization: completed.
12-13 23:44:21.573  4211  4211 I Exchange: EasService.onCreate
12-13 23:44:21.576  4211  4791 I Exchange: RestartPingTask
12-13 23:44:21.581  4211  4211 I Exchange: RestartPingsTask did not start any pings.
12-13 23:44:21.581  4211  4211 I Exchange: PSS stopIfIdle
12-13 23:44:21.581  4211  4211 I Exchange: PSS has no active accounts; stopping service.
12-13 23:44:21.582  4211  4211 I Exchange: onDestroy
12-13 23:44:21.611  4164  4733 W MediaScanner: forcing rescan of /system/media/audio/notifications/Argon.oggsince ringtone setting didn't finish
12-13 23:44:21.629  4164  4733 W MediaProvider: Missing volume for /system/media/audio/notifications; assuming invalid
12-13 23:44:21.669  4164  4733 W MediaProvider: Missing volume for /system/media/audio/alarms/Krypton.ogg; assuming invalid
12-13 23:44:21.670  4164  4733 W MediaProvider: Missing volume for /system/media/audio/alarms/Neon.ogg; assuming invalid
12-13 23:44:21.672  4164  4733 W MediaProvider: Missing volume for /system/media/audio/alarms/NuclearLaunch.ogg; assuming invalid
12-13 23:44:21.673  4164  4733 W MediaProvider: Missing volume for /system/media/audio/alarms/Osmium.ogg; assuming invalid
12-13 23:44:21.674  4164  4733 W MediaProvider: Missing volume for /system/media/audio/alarms/Oxygen.ogg; assuming invalid
12-13 23:44:21.676  4164  4733 W MediaProvider: Missing volume for /system/media/audio/alarms/Platinum.ogg; assuming invalid
12-13 23:44:21.677  4164  4733 W MediaProvider: Missing volume for /system/media/audio/alarms/Scandium.ogg; assuming invalid
12-13 23:44:21.678  4164  4733 W MediaProvider: Missing volume for /system/media/audio/notifications/Adara.ogg; assuming invalid
12-13 23:44:21.680  4164  4733 W MediaProvider: Missing volume for /system/media/audio/notifications/Aldebaran.ogg; assuming invalid
12-13 23:44:21.681  4164  4733 W MediaProvider: Missing volume for /system/media/audio/notifications/Altair.ogg; assuming invalid
12-13 23:44:21.683  4164  4733 W MediaProvider: Missing volume for /system/media/audio/notifications/Alya.ogg; assuming invalid
12-13 23:44:21.684  4164  4733 W MediaProvider: Missing volume for /system/media/audio/notifications/Antares.ogg; assuming invalid
12-13 23:44:21.685  4164  4733 W MediaProvider: Missing volume for /system/media/audio/notifications/Antimony.ogg; assuming invalid
12-13 23:44:21.687  4164  4733 W MediaProvider: Missing volume for /system/media/audio/notifications/Arcturus.ogg; assuming invalid
12-13 23:44:21.688  2995  3953 E MetadataRetrieverClient: failed to extract an album art
12-13 23:44:21.713  4164  4733 W MediaProvider: Missing volume for /system/media/audio/notifications/Argon.ogg; assuming invalid
12-13 23:44:21.724  4778  4778 I G:DisableCameraReceiver: back camera found: 0
12-13 23:44:21.733  3403  3678 W SettingsProvider: You shouldn't keep your settings in the secure settings. This will soon become an error.
12-13 23:44:21.734  3403  3675 W SettingsProvider: You shouldn't keep your settings in the secure settings. This will soon become an error.
12-13 23:44:21.735  3403  3676 W SettingsProvider: You shouldn't keep your settings in the secure settings. This will soon become an error.
12-13 23:44:21.747  3403  3998 I ActivityManager: Start proc 4793:org.cyanogenmod.profiles/u0a56 for broadcast org.cyanogenmod.profiles/.StartUpReceiver
12-13 23:44:21.765  4793  4793 W System  : ClassLoader referenced unknown path: /system/app/Profiles/lib/arm64
12-13 23:44:21.777  3403  3415 I ActivityManager: Start proc 4806:com.cyanogenmod.lockclock/u0a59 for broadcast com.cyanogenmod.lockclock/.ClockWidgetProvider
12-13 23:44:21.794  4806  4806 W System  : ClassLoader referenced unknown path: /system/app/LockClock/lib/arm64
12-13 23:44:21.832  3403  3562 I ActivityManager: Killing 4023:com.android.externalstorage/u0a9 (adj 15): empty #17
12-13 23:44:21.843  3403  3676 D ActivityManager: cleanUpApplicationRecord -- 4023
12-13 23:44:21.844  3982  3982 W System  : ClassLoader referenced unknown path: /system/app/Stk/lib/arm64
12-13 23:44:21.850  3935  3935 I SystemBroadcastReceiver: Boot has been completed
12-13 23:44:21.850  3935  3935 I SystemBroadcastReceiver: toggleAppIcon() : FLAG_SYSTEM = true
12-13 23:44:21.863  3403  3415 I ActivityManager: Start proc 4822:com.android.messaging/u0a69 for broadcast com.android.messaging/.receiver.BootAndPackageReplacedReceiver
12-13 23:44:21.882  4822  4822 W System  : ClassLoader referenced unknown path: /system/app/messaging/lib/arm64
12-13 23:44:22.010  3769  3884 I Choreographer: Skipped 227 frames!  The application may be doing too much work on its main thread.
12-13 23:44:22.068  4822  4822 W MessagingApp: PhoneUtils.getForLMR1(): invalid subId = -1
12-13 23:44:22.070  4822  4837 I MessagingApp: Upgrading shared prefs from -1 to 1
12-13 23:44:22.071  4822  4837 W MessagingApp: PhoneUtils.getForLMR1(): invalid subId = -1
12-13 23:44:22.102  4822  4837 W MessagingApp: PhoneUtils.getForLMR1(): invalid subId = -1
12-13 23:44:22.108  4822  4840 W MessagingApp: PhoneUtils.getForLMR1(): invalid subId = -1
12-13 23:44:22.112  4689  4689 W ContextImpl: Calling a method in the system process without a qualified user: android.app.ContextImpl.startService:1231 android.content.ContextWrapper.startService:587 android.content.ContextWrapper.startService:587 org.cyanogenmod.providers.datausage.DataUsageAppInstallReceiver.onReceive:47 android.app.ActivityThread.handleReceiver:2759 
12-13 23:44:22.121  4689  4689 W ContextImpl: Calling a method in the system process without a qualified user: android.app.ContextImpl.startService:1231 android.content.ContextWrapper.startService:587 android.content.ContextWrapper.startService:587 org.cyanogenmod.providers.datausage.DataUsageAppInstallReceiver.onReceive:47 android.app.ActivityThread.handleReceiver:2759 
12-13 23:44:22.127  4689  4689 W ContextImpl: Calling a method in the system process without a qualified user: android.app.ContextImpl.startService:1231 android.content.ContextWrapper.startService:587 android.content.ContextWrapper.startService:587 org.cyanogenmod.providers.datausage.DataUsageAppInstallReceiver.onReceive:47 android.app.ActivityThread.handleReceiver:2759 
12-13 23:44:22.133  4689  4689 W ContextImpl: Calling a method in the system process without a qualified user: android.app.ContextImpl.startService:1231 android.content.ContextWrapper.startService:587 android.content.ContextWrapper.startService:587 org.cyanogenmod.providers.datausage.DataUsageAppInstallReceiver.onReceive:47 android.app.ActivityThread.handleReceiver:2759 
12-13 23:44:22.138  4637  4637 D AlertReceiver: onReceive: a=android.intent.action.PROVIDER_CHANGED Intent { act=android.intent.action.PROVIDER_CHANGED dat=content://com.android.calendar flg=0x20000010 cmp=com.android.calendar/.alerts.AlertReceiver }
12-13 23:44:22.142  4637  4847 D AlertService: 0 Action = android.intent.action.PROVIDER_CHANGED
12-13 23:44:22.163  4822  4838 W MessagingApp: Rebuilt databases: reseting related state
12-13 23:44:22.218  4822  4841 W MessagingApp: PhoneUtils.getForLMR1(): invalid subId = -1
12-13 23:44:22.218  4822  4839 I MessagingAppDataModel: Fixup: Send failed - 0 Download failed - 0
12-13 23:44:22.220  4322  4365 E ELEVEN  : calling refresh!
12-13 23:44:22.224  4822  4839 W MessagingApp: PhoneUtils.getForLMR1(): invalid subId = -1
12-13 23:44:22.224  3982  4454 V BlacklistProvider: Query uri=content://blacklist, match=0
12-13 23:44:22.227  4822  4839 W MessagingApp: PhoneUtils.getForLMR1(): invalid subId = -1
12-13 23:44:22.232  4822  4853 I MessagingAppDataModel: SyncMessagesAction: Starting batch for messages from -1 to 1481672662065 (message update limit = 80, message scan limit = 4000)
12-13 23:44:22.234  4822  4839 W MessagingApp: PhoneUtils.getForLMR1(): invalid subId = -1
12-13 23:44:22.255  4822  4841 W MessagingApp: PhoneUtils.getForLMR1(): invalid subId = -1
12-13 23:44:22.256  4822  4841 W MessagingApp: PhoneUtils.getForLMR1(): invalid subId = -1
12-13 23:44:22.258  4822  4841 W MessagingApp: PhoneUtils.getSelfRawNumber: subInfo is null for -1
12-13 23:44:22.259  4822  4841 W MessagingApp: PhoneUtils.getForLMR1(): invalid subId = -1
12-13 23:44:22.259  4822  4841 W MessagingApp: PhoneUtils.getForLMR1(): invalid subId = -1
12-13 23:44:22.320  4822  4855 I MessagingAppDataModel: SyncMessagesAction: All messages now in sync
12-13 23:44:22.340  3403  3677 I ActivityManager: Killing 4304:com.cyanogenmod.eleven/u0a40 (adj 15): empty #17
12-13 23:44:22.351  3403  3678 D ActivityManager: cleanUpApplicationRecord -- 4304
12-13 23:44:22.685  4668  4859 I UpdateCheckService: Could not check for updates. Not connected to the network.
12-13 23:44:22.904  3403  3467 D WifiService: New client listening to asynchronous messages
12-13 23:44:22.906  3403  3562 D WifiService: setWifiEnabled: true pid=4112, uid=1000
12-13 23:44:22.906  3403  3562 E WifiService: Invoking mWifiStateMachine.setWifiEnabled
12-13 23:44:22.907  3403  3466 E WifiMonitor: killSupplicant p2ptrue init.svc.wpa_supplicant=unknown init.svc.p2p_supplicant=unknown
12-13 23:44:22.914  2995  3484 V audio_hw_primary: out_set_parameters: key value pairs: routing=2
12-13 23:44:22.922  3403  3415 I ActivityManager: START u0 {act=com.android.net.wifi.SETUP_WIFI_NETWORK cmp=com.android.settings/.wifi.WifiSetupActivity (has extras)} from uid 1000 on display 0
12-13 23:44:22.924  2995  3484 V audio_hw_primary: start_output_stream: starting stream
12-13 23:44:22.960  2995  3484 V audio_hw_primary: select_devices() devices 0x2 input src 0 output route media-speaker input route none
12-13 23:44:23.008  2981  3389 D SoftapController: Softap fwReload - Ok
12-13 23:44:23.011  2981  3389 D CommandListener: Setting iface cfg
12-13 23:44:23.011  2981  3389 D CommandListener: Trying to bring down wlan0
12-13 23:44:23.011  2981  3389 D CommandListener: Clearing all IP addresses on wlan0
12-13 23:44:23.032  4090  4876 D OpenGLRenderer: Use EGL_SWAP_BEHAVIOR_PRESERVED: true
12-13 23:44:23.060  4090  4876 I OpenGLRenderer: Initialized EGL, version 1.4
12-13 23:44:23.065  4090  4876 D mali_winsys: EGLint new_window_surface(egl_winsys_display*, void*, EGLSurface, EGLConfig, egl_winsys_surface**, egl_color_buffer_format*, EGLBoolean) returns 0x3000,  [1440x2560]-format:1
12-13 23:44:23.069  2995  3484 V audio_hw_primary: adev_set_call_audio_path: ril_set_call_audio_path(2)
12-13 23:44:23.070  2995  3484 E audio_hw_primary: Connect_RILD() failed
12-13 23:44:23.070  2995  3484 V audio_hw_primary: start_output_stream: stream out device: 2, actual: 2
12-13 23:44:23.161  3403  3422 I ActivityManager: Displayed com.android.settings/.wifi.WifiSetupActivity: +223ms
12-13 23:44:23.185  4112  4393 D OpenGLRenderer: endAllStagingAnimators on 0x7f6f4fa800 (RippleDrawable) with handle 0x7f83fff5a0
12-13 23:44:23.685  3769  3884 I Choreographer: Skipped 98 frames!  The application may be doing too much work on its main thread.
12-13 23:44:23.995  4164  4733 W MediaScanner: forcing rescan of /system/media/audio/ringtones/Orion.oggsince ringtone setting didn't finish
12-13 23:44:24.006  4164  4733 W MediaProvider: Missing volume for /system/media/audio/ringtones; assuming invalid
12-13 23:44:24.013  4902  4902 I McDaemon: Daemon starting up...
12-13 23:44:24.013  4902  4902 I McDaemon: Socket interface version is 0.2
12-13 23:44:24.013  4902  4902 I McDaemon: *** t-base-300-Ares-2-Android-V001 ###
12-13 23:44:24.013  4902  4902 I McDaemon: Build timestamp is Nov 28 2016 04:11:40
12-13 23:44:24.013  4902  4902 E McDaemon:   *****************************
12-13 23:44:24.013  4902  4902 E McDaemon:   *** ERROR: ioctl MC_IO_VERSION failed with "Not a typewriter"(errno 25)
12-13 23:44:24.013  4902  4902 E McDaemon:   *** Detected in checkVersion/545()
12-13 23:44:24.013  4902  4902 E McDaemon:   *****************************
12-13 23:44:24.013  4902  4902 E McDaemon:   *****************************
12-13 23:44:24.013  4902  4902 E McDaemon:   *** ERROR: ret = -1
12-13 23:44:24.013  4902  4902 E McDaemon:   *** Detected in checkVersion/546()
12-13 23:44:24.013  4902  4902 E McDaemon:   *****************************
12-13 23:44:24.013  4902  4902 E McDaemon:   *****************************
12-13 23:44:24.013  4902  4902 E McDaemon:   *** ERROR: kernel module version mismatch
12-13 23:44:24.013  4902  4902 E McDaemon:   *** Detected in initDevice/115()
12-13 23:44:24.013  4902  4902 E McDaemon:   *****************************
12-13 23:44:24.013  4902  4902 E McDaemon:   *****************************
12-13 23:44:24.013  4902  4902 E McDaemon:   *** ERROR: Could not initialize <t-base (because /dev/mobicore could not be openend)!
12-13 23:44:24.013  4902  4902 E McDaemon:   *** Detected in run/139()
12-13 23:44:24.013  4902  4902 E McDaemon:   *****************************
12-13 23:44:24.013  4902  4902 E McDaemon:   *****************************
12-13 23:44:24.013  4902  4902 E McDaemon:   *** ERROR: Exiting <t-base Daemon
12-13 23:44:24.013  4902  4902 E McDaemon:   *** Detected in main/1388()
12-13 23:44:24.013  4902  4902 E McDaemon:   *****************************
12-13 23:44:24.016  4164  4733 W MediaProvider: Missing volume for /system/media/audio/notifications/Ariel.ogg; assuming invalid
12-13 23:44:24.018  4164  4733 W MediaProvider: Missing volume for /system/media/audio/notifications/Beat_Box_Android.ogg; assuming invalid
12-13 23:44:24.019  4164  4733 W MediaProvider: Missing volume for /system/media/audio/notifications/Bellatrix.ogg; assuming invalid
12-13 23:44:24.020  4164  4733 W MediaProvider: Missing volume for /system/media/audio/notifications/Beryllium.ogg; assuming invalid
12-13 23:44:24.021  4164  4733 W MediaProvider: Missing volume for /system/media/audio/notifications/Betelgeuse.ogg; assuming invalid
12-13 23:44:24.023  4164  4733 W MediaProvider: Missing volume for /system/media/audio/notifications/CaffeineSnake.ogg; assuming invalid
12-13 23:44:24.024  4164  4733 W MediaProvider: Missing volume for /system/media/audio/notifications/Canopus.ogg; assuming invalid
12-13 23:44:24.025  4164  4733 W MediaProvider: Missing volume for /system/media/audio/notifications/Capella.ogg; assuming invalid
12-13 23:44:24.026  4164  4733 W MediaProvider: Missing volume for /system/media/audio/notifications/Carme.ogg; assuming invalid
12-13 23:44:24.027  4164  4733 W MediaProvider: Missing volume for /system/media/audio/notifications/Castor.ogg; assuming invalid
12-13 23:44:24.028  4164  4733 W MediaProvider: Missing volume for /system/media/audio/notifications/Ceres.ogg; assuming invalid
12-13 23:44:24.029  4164  4733 W MediaProvider: Missing volume for /system/media/audio/notifications/CetiAlpha.ogg; assuming invalid
12-13 23:44:24.030  4164  4733 W MediaProvider: Missing volume for /system/media/audio/notifications/Cobalt.ogg; assuming invalid
12-13 23:44:24.032  4164  4733 W MediaProvider: Missing volume for /system/media/audio/notifications/Cricket.ogg; assuming invalid
12-13 23:44:24.033  4164  4733 W MediaProvider: Missing volume for /system/media/audio/notifications/CyanDoink.ogg; assuming invalid
12-13 23:44:24.034  4164  4733 W MediaProvider: Missing volume for /system/media/audio/notifications/CyanMail.ogg; assuming invalid
12-13 23:44:24.035  4164  4733 W MediaProvider: Missing volume for /system/media/audio/notifications/CyanMessage.ogg; assuming invalid
12-13 23:44:24.036  4164  4733 W MediaProvider: Missing volume for /system/media/audio/notifications/DearDeer.ogg; assuming invalid
12-13 23:44:24.037  4164  4733 W MediaProvider: Missing volume for /system/media/audio/notifications/Deneb.ogg; assuming invalid
12-13 23:44:24.038  4164  4733 W MediaProvider: Missing volume for /system/media/audio/notifications/Doink.ogg; assuming invalid
12-13 23:44:24.038  4164  4733 W MediaProvider: Missing volume for /system/media/audio/notifications/DontPanic.ogg; assuming invalid
12-13 23:44:24.039  4164  4733 W MediaProvider: Missing volume for /system/media/audio/notifications/Drip.ogg; assuming invalid
12-13 23:44:24.040  4164  4733 W MediaProvider: Missing volume for /system/media/audio/notifications/Elara.ogg; assuming invalid
12-13 23:44:24.041  4164  4733 W MediaProvider: Missing volume for /system/media/audio/notifications/Electra.ogg; assuming invalid
12-13 23:44:24.042  4164  4733 W MediaProvider: Missing volume for /system/media/audio/notifications/Europa.ogg; assuming invalid
12-13 23:44:24.043  4164  4733 W MediaProvider: Missing volume for /system/media/audio/notifications/F1_New_SMS.ogg; assuming invalid
12-13 23:44:24.044  4164  4733 W MediaProvider: Missing volume for /system/media/audio/notifications/Fluorine.ogg; assuming invalid
12-13 23:44:24.045  4164  4733 W MediaProvider: Missing volume for /system/media/audio/notifications/Fomalhaut.ogg; assuming invalid
12-13 23:44:24.046  4164  4733 W MediaProvider: Missing volume for /system/media/audio/notifications/Gallium.ogg; assuming invalid
12-13 23:44:24.047  4164  4733 W MediaProvider: Missing volume for /system/media/audio/notifications/Heaven.ogg; assuming invalid
12-13 23:44:24.048  4164  4733 W MediaProvider: Missing volume for /system/media/audio/notifications/Helium.ogg; assuming invalid
12-13 23:44:24.049  4164  4733 W MediaProvider: Missing volume for /system/media/audio/notifications/Highwire.ogg; assuming invalid
12-13 23:44:24.050  4164  4733 W MediaProvider: Missing volume for /system/media/audio/notifications/Hojus.ogg; assuming invalid
12-13 23:44:24.052  4164  4733 W MediaProvider: Missing volume for /system/media/audio/notifications/Iapetus.ogg; assuming invalid
12-13 23:44:24.053  4164  4733 W MediaProvider: Missing volume for /system/media/audio/notifications/Io.ogg; assuming invalid
12-13 23:44:24.054  4164  4733 W MediaProvider: Missing volume for /system/media/audio/notifications/Iridium.ogg; assuming invalid
12-13 23:44:24.055  4164  4733 W MediaProvider: Missing volume for /system/media/audio/notifications/Krypton.ogg; assuming invalid
12-13 23:44:24.056  4164  4733 W MediaProvider: Missing volume for /system/media/audio/notifications/KzurbSonar.ogg; assuming invalid
12-13 23:44:24.057  4164  4733 W MediaProvider: Missing volume for /system/media/audio/notifications/Laser.ogg; assuming invalid
12-13 23:44:24.058  4164  4733 W MediaProvider: Missing volume for /system/media/audio/notifications/Merope.ogg; assuming invalid
12-13 23:44:24.059  4164  4733 W MediaProvider: Missing volume for /system/media/audio/notifications/Mira.ogg; assuming invalid
12-13 23:44:24.060  4164  4733 W MediaProvider: Missing volume for /system/media/audio/notifications/Naughty.ogg; assuming invalid
12-13 23:44:24.061  4164  4733 W MediaProvider: Missing volume for /system/media/audio/notifications/OnTheHunt.ogg; assuming invalid
12-13 23:44:24.062  4164  4733 W MediaProvider: Missing volume for /system/media/audio/notifications/Palladium.ogg; assuming invalid
12-13 23:44:24.063  4164  4733 W MediaProvider: Missing volume for /system/media/audio/notifications/Plastic_Pipe.ogg; assuming invalid
12-13 23:44:24.064  4164  4733 W MediaProvider: Missing volume for /system/media/audio/notifications/Polaris.ogg; assuming invalid
12-13 23:44:24.065  4164  4733 W MediaProvider: Missing volume for /system/media/audio/notifications/Pollux.ogg; assuming invalid
12-13 23:44:24.067  4164  4733 W MediaProvider: Missing volume for /system/media/audio/notifications/Pong.ogg; assuming invalid
12-13 23:44:24.068  4164  4733 W MediaProvider: Missing volume for /system/media/audio/notifications/Procyon.ogg; assuming invalid
12-13 23:44:24.069  4164  4733 W MediaProvider: Missing volume for /system/media/audio/notifications/Proxima.ogg; assuming invalid
12-13 23:44:24.071  4164  4733 W MediaProvider: Missing volume for /system/media/audio/notifications/Radon.ogg; assuming invalid
12-13 23:44:24.072  2995  3953 E MetadataRetrieverClient: failed to extract an album art
12-13 23:44:24.072  4164  4733 W MediaProvider: Missing volume for /system/media/audio/notifications/Rang.ogg; assuming invalid
12-13 23:44:24.073  4164  4733 W MediaProvider: Missing volume for /system/media/audio/notifications/Rhea.ogg; assuming invalid
12-13 23:44:24.074  4164  4733 W MediaProvider: Missing volume for /system/media/audio/notifications/Rubidium.ogg; assuming invalid
12-13 23:44:24.075  4164  4733 W MediaProvider: Missing volume for /system/media/audio/notifications/Salacia.ogg; assuming invalid
12-13 23:44:24.076  4164  4733 W MediaProvider: Missing volume for /system/media/audio/notifications/Selenium.ogg; assuming invalid
12-13 23:44:24.077  4164  4733 W MediaProvider: Missing volume for /system/media/audio/notifications/Shaula.ogg; assuming invalid
12-13 23:44:24.079  4164  4733 W MediaProvider: Missing volume for /system/media/audio/notifications/Sirrah.ogg; assuming invalid
12-13 23:44:24.080  4164  4733 W MediaProvider: Missing volume for /system/media/audio/notifications/Spica.ogg; assuming invalid
12-13 23:44:24.081  4164  4733 W MediaProvider: Missing volume for /system/media/audio/notifications/Stone.ogg; assuming invalid
12-13 23:44:24.082  4164  4733 W MediaProvider: Missing volume for /system/media/audio/notifications/Strontium.ogg; assuming invalid
12-13 23:44:24.083  4164  4733 W MediaProvider: Missing volume for /system/media/audio/notifications/Syrma.ogg; assuming invalid
12-13 23:44:24.084  4164  4733 W MediaProvider: Missing volume for /system/media/audio/notifications/TaDa.ogg; assuming invalid
12-13 23:44:24.085  4164  4733 W MediaProvider: Missing volume for /system/media/audio/notifications/Talitha.ogg; assuming invalid
12-13 23:44:24.086  4164  4733 W MediaProvider: Missing volume for /system/media/audio/notifications/Tethys.ogg; assuming invalid
12-13 23:44:24.087  4164  4733 W MediaProvider: Missing volume for /system/media/audio/notifications/Thallium.ogg; assuming invalid
12-13 23:44:24.088  4164  4733 W MediaProvider: Missing volume for /system/media/audio/notifications/Titan.ogg; assuming invalid
12-13 23:44:24.090  4164  4733 W MediaProvider: Missing volume for /system/media/audio/notifications/Upsilon.ogg; assuming invalid
12-13 23:44:24.090  4164  4733 W MediaProvider: Missing volume for /system/media/audio/notifications/Vega.ogg; assuming invalid
12-13 23:44:24.091  4164  4733 W MediaProvider: Missing volume for /system/media/audio/notifications/Voila.ogg; assuming invalid
12-13 23:44:24.092  4164  4733 W MediaProvider: Missing volume for /system/media/audio/notifications/Xenon.ogg; assuming invalid
12-13 23:44:24.093  4164  4733 W MediaProvider: Missing volume for /system/media/audio/notifications/Zirconium.ogg; assuming invalid
12-13 23:44:24.095  4164  4733 W MediaProvider: Missing volume for /system/media/audio/notifications/moonbeam.ogg; assuming invalid
12-13 23:44:24.096  4164  4733 W MediaProvider: Missing volume for /system/media/audio/notifications/pixiedust.ogg; assuming invalid
12-13 23:44:24.097  4164  4733 W MediaProvider: Missing volume for /system/media/audio/notifications/pizzicato.ogg; assuming invalid
12-13 23:44:24.098  4164  4733 W MediaProvider: Missing volume for /system/media/audio/notifications/regulus.ogg; assuming invalid
12-13 23:44:24.099  4164  4733 W MediaProvider: Missing volume for /system/media/audio/notifications/sirius.ogg; assuming invalid
12-13 23:44:24.100  4164  4733 W MediaProvider: Missing volume for /system/media/audio/notifications/tweeters.ogg; assuming invalid
12-13 23:44:24.102  4164  4733 W MediaProvider: Missing volume for /system/media/audio/ringtones/Andromeda.ogg; assuming invalid
12-13 23:44:24.103  4164  4733 W MediaProvider: Missing volume for /system/media/audio/ringtones/Aquila.ogg; assuming invalid
12-13 23:44:24.104  4164  4733 W MediaProvider: Missing volume for /system/media/audio/ringtones/ArgoNavis.ogg; assuming invalid
12-13 23:44:24.106  4164  4733 W MediaProvider: Missing volume for /system/media/audio/ringtones/Atria.ogg; assuming invalid
12-13 23:44:24.107  4164  4733 W MediaProvider: Missing volume for /system/media/audio/ringtones/BOOTES.ogg; assuming invalid
12-13 23:44:24.107  2995  3487 E MetadataRetrieverClient: failed to extract an album art
12-13 23:44:24.109  4164  4733 W MediaProvider: Missing volume for /system/media/audio/ringtones/Backroad.ogg; assuming invalid
12-13 23:44:24.110  4164  4733 W MediaProvider: Missing volume for /system/media/audio/ringtones/BeatPlucker.ogg; assuming invalid
12-13 23:44:24.112  4164  4733 W MediaProvider: Missing volume for /system/media/audio/ringtones/BentleyDubs.ogg; assuming invalid
12-13 23:44:24.113  4164  4733 W MediaProvider: Missing volume for /system/media/audio/ringtones/Big_Easy.ogg; assuming invalid
12-13 23:44:24.114  4164  4733 W MediaProvider: Missing volume for /system/media/audio/ringtones/BirdLoop.ogg; assuming invalid
12-13 23:44:24.115  4164  4733 W MediaProvider: Missing volume for /system/media/audio/ringtones/Bollywood.ogg; assuming invalid
12-13 23:44:24.116  4164  4733 W MediaProvider: Missing volume for /system/media/audio/ringtones/Boxbeat.ogg; assuming invalid
12-13 23:44:24.117  4164  4733 W MediaProvider: Missing volume for /system/media/audio/ringtones/BussaMove.ogg; assuming invalid
12-13 23:44:24.118  4164  4733 W MediaProvider: Missing volume for /system/media/audio/ringtones/CASSIOPEIA.ogg; assuming invalid
12-13 23:44:24.119  4164  4733 W MediaProvider: Missing volume for /system/media/audio/ringtones/Cairo.ogg; assuming invalid
12-13 23:44:24.120  4164  4733 W MediaProvider: Missing volume for /system/media/audio/ringtones/Callisto.ogg; assuming invalid
12-13 23:44:24.121  4164  4733 W MediaProvider: Missing volume for /system/media/audio/ringtones/Calypso_Steel.ogg; assuming invalid
12-13 23:44:24.122  4164  4733 W MediaProvider: Missing volume for /system/media/audio/ringtones/CanisMajor.ogg; assuming invalid
12-13 23:44:24.123  4164  4733 W MediaProvider: Missing volume for /system/media/audio/ringtones/CaribbeanIce.ogg; assuming invalid
12-13 23:44:24.124  4164  4733 W MediaProvider: Missing volume for /system/media/audio/ringtones/Carina.ogg; assuming invalid
12-13 23:44:24.125  4164  4733 W MediaProvider: Missing volume for /system/media/audio/ringtones/Centaurus.ogg; assuming invalid
12-13 23:44:24.126  4164  4733 W MediaProvider: Missing volume for /system/media/audio/ringtones/Champagne_Edition.ogg; assuming invalid
12-13 23:44:24.127  4164  4733 W MediaProvider: Missing volume for /system/media/audio/ringtones/Club_Cubano.ogg; assuming invalid
12-13 23:44:24.128  4164  4733 W MediaProvider: Missing volume for /system/media/audio/ringtones/CrayonRock.ogg; assuming invalid
12-13 23:44:24.129  4164  4733 W MediaProvider: Missing volume for /system/media/audio/ringtones/CrazyDream.ogg; assuming invalid
12-13 23:44:24.129  4164  4733 W MediaProvider: Missing volume for /system/media/audio/ringtones/CurveBall.ogg; assuming invalid
12-13 23:44:24.130  4164  4733 W MediaProvider: Missing volume for /system/media/audio/ringtones/CyanTone.ogg; assuming invalid
12-13 23:44:24.132  4164  4733 W MediaProvider: Missing volume for /system/media/audio/ringtones/Cygnus.ogg; assuming invalid
12-13 23:44:24.132  4164  4733 W MediaProvider: Missing volume for /system/media/audio/ringtones/DancinFool.ogg; assuming invalid
12-13 23:44:24.134  4164  4733 W MediaProvider: Missing volume for /system/media/audio/ringtones/Dione.ogg; assuming invalid
12-13 23:44:24.134  4164  4733 W MediaProvider: Missing volume for /system/media/audio/ringtones/DonMessWivIt.ogg; assuming invalid
12-13 23:44:24.135  4164  4733 W MediaProvider: Missing volume for /system/media/audio/ringtones/Draco.ogg; assuming invalid
12-13 23:44:24.136  4164  4733 W MediaProvider: Missing volume for /system/media/audio/ringtones/DreamTheme.ogg; assuming invalid
12-13 23:44:24.137  4164  4733 W MediaProvider: Missing volume for /system/media/audio/ringtones/Eastern_Sky.ogg; assuming invalid
12-13 23:44:24.138  4164  4733 W MediaProvider: Missing volume for /system/media/audio/ringtones/Enter_the_Nexus.ogg; assuming invalid
12-13 23:44:24.139  4164  4733 W MediaProvider: Missing volume for /system/media/audio/ringtones/Eridani.ogg; assuming invalid
12-13 23:44:24.140  4164  4733 W MediaProvider: Missing volume for /system/media/audio/ringtones/EtherShake.ogg; assuming invalid
12-13 23:44:24.140  4164  4733 W MediaProvider: Missing volume for /system/media/audio/ringtones/FreeFlight.ogg; assuming invalid
12-13 23:44:24.141  4164  4733 W MediaProvider: Missing volume for /system/media/audio/ringtones/FriendlyGhost.ogg; assuming invalid
12-13 23:44:24.142  4164  4733 W MediaProvider: Missing volume for /system/media/audio/ringtones/Funk_Yall.ogg; assuming invalid
12-13 23:44:24.143  4164  4733 W MediaProvider: Missing volume for /system/media/audio/ringtones/GameOverGuitar.ogg; assuming invalid
12-13 23:44:24.144  4164  4733 W MediaProvider: Missing volume for /system/media/audio/ringtones/Ganymede.ogg; assuming invalid
12-13 23:44:24.145  4164  4733 W MediaProvider: Missing volume for /system/media/audio/ringtones/Gimme_Mo_Town.ogg; assuming invalid
12-13 23:44:24.146  4164  4733 W MediaProvider: Missing volume for /system/media/audio/ringtones/Girtab.ogg; assuming invalid
12-13 23:44:24.147  4164  4733 W MediaProvider: Missing volume for /system/media/audio/ringtones/Glacial_Groove.ogg; assuming invalid
12-13 23:44:24.148  4164  4733 W MediaProvider: Missing volume for /system/media/audio/ringtones/Growl.ogg; assuming invalid
12-13 23:44:24.148  4164  4733 W MediaProvider: Missing volume for /system/media/audio/ringtones/HalfwayHome.ogg; assuming invalid
12-13 23:44:24.150  4164  4733 W MediaProvider: Missing volume for /system/media/audio/ringtones/Highscore.ogg; assuming invalid
12-13 23:44:24.151  4164  4733 W MediaProvider: Missing volume for /system/media/audio/ringtones/Hydra.ogg; assuming invalid
12-13 23:44:24.151  4164  4733 W MediaProvider: Missing volume for /system/media/audio/ringtones/InsertCoin.ogg; assuming invalid
12-13 23:44:24.152  4164  4733 W MediaProvider: Missing volume for /system/media/audio/ringtones/Kuma.ogg; assuming invalid
12-13 23:44:24.153  4164  4733 W MediaProvider: Missing volume for /system/media/audio/ringtones/LoopyLounge.ogg; assuming invalid
12-13 23:44:24.154  4164  4733 W MediaProvider: Missing volume for /system/media/audio/ringtones/LoveFlute.ogg; assuming invalid
12-13 23:44:24.155  4164  4733 W MediaProvider: Missing volume for /system/media/audio/ringtones/Luna.ogg; assuming invalid
12-13 23:44:24.156  4164  4733 W MediaProvider: Missing volume for /system/media/audio/ringtones/Lyon.ogg; assuming invalid
12-13 23:44:24.157  4164  4733 W MediaProvider: Missing volume for /system/media/audio/ringtones/Lyra.ogg; assuming invalid
12-13 23:44:24.158  4164  4733 W MediaProvider: Missing volume for /system/media/audio/ringtones/Machina.ogg; assuming invalid
12-13 23:44:24.159  4164  4733 W MediaProvider: Missing volume for /system/media/audio/ringtones/MidEvilJaunt.ogg; assuming invalid
12-13 23:44:24.160  4164  4733 W MediaProvider: Missing volume for /system/media/audio/ringtones/Nairobi.ogg; assuming invalid
12-13 23:44:24.161  4164  4733 W MediaProvider: Missing volume for /system/media/audio/ringtones/Nassau.ogg; assuming invalid
12-13 23:44:24.162  4164  4733 W MediaProvider: Missing volume for /system/media/audio/ringtones/NewPlayer.ogg; assuming invalid
12-13 23:44:24.163  4164  4733 W MediaProvider: Missing volume for /system/media/audio/ringtones/No_Limits.ogg; assuming invalid
12-13 23:44:24.163  4164  4733 W MediaProvider: Missing volume for /system/media/audio/ringtones/Noises2.ogg; assuming invalid
12-13 23:44:24.164  4164  4733 W MediaProvider: Missing volume for /system/media/audio/ringtones/Noises3.ogg; assuming invalid
12-13 23:44:24.165  4164  4733 W MediaProvider: Missing volume for /system/media/audio/ringtones/Oberon.ogg; assuming invalid
12-13 23:44:24.166  4164  4733 W MediaProvider: Missing volume for /system/media/audio/ringtones/OrganDub.ogg; assuming invalid
12-13 23:44:24.175  4164  4733 W MediaProvider: Missing volume for /system/media/audio/ringtones/Orion.ogg; assuming invalid
12-13 23:44:24.540  2995  4082 I FFmpegExtractor: android-source:0xf2703270
12-13 23:44:24.590  2995  4082 I FFMPEG  : [mp3 @ 0xf080a600] Skipping 0 bytes of junk at 431.
12-13 23:44:24.596  2995  4082 D FFmpegExtractor: suppoted codec(mp3) by official Stagefright
12-13 23:44:24.596  2995  4082 D FFmpegExtractor: ffmpeg detected media content as 'audio/mpeg' with confidence 0.08
12-13 23:44:24.699  4322  4365 E ELEVEN  : calling refresh!
12-13 23:44:24.819  3403  3466 E wifi    : Could not set interface wlan0 flags: 1
12-13 23:44:24.819  3403  3466 E WifiNative-HAL: Could not start hal
12-13 23:44:24.819  3403  3466 E WifiStateMachine: Failed to start HAL
12-13 23:44:24.866  4903  4903 I wpa_supplicant: Successfully initialized wpa_supplicant
12-13 23:44:24.923  3403  3466 E WifiStateMachine: Failed to start supplicant!
12-13 23:44:24.924  3403  3403 E WifiService: Wi-Fi state is failed
12-13 23:44:24.924  3403  3403 D WifiService: setWifiEnabled: false pid=3403, uid=1000
12-13 23:44:24.924  3403  3403 E WifiService: Invoking mWifiStateMachine.setWifiEnabled
12-13 23:44:25.101  4164  4733 W MediaScanner: Error opening directory '/oem/media/', skipping: No such file or directory.
12-13 23:44:25.102  4164  4733 W MediaProvider: Missing volume for /system/media/audio/ui; assuming invalid
12-13 23:44:25.115  4164  4733 W MediaProvider: Missing volume for /system/media/bootanimation.zip; assuming invalid
12-13 23:44:25.123  4164  4733 W MediaProvider: Missing volume for /system/media/audio/ringtones/Paradise_Island.ogg; assuming invalid
12-13 23:44:25.124  4164  4733 W MediaProvider: Missing volume for /system/media/audio/ringtones/Pegasus.ogg; assuming invalid
12-13 23:44:25.126  4164  4733 W MediaProvider: Missing volume for /system/media/audio/ringtones/Perseus.ogg; assuming invalid
12-13 23:44:25.127  4164  4733 W MediaProvider: Missing volume for /system/media/audio/ringtones/Phobos.ogg; assuming invalid
12-13 23:44:25.128  4164  4733 W MediaProvider: Missing volume for /system/media/audio/ringtones/Playa.ogg; assuming invalid
12-13 23:44:25.129  4164  4733 W MediaProvider: Missing volume for /system/media/audio/ringtones/Pyxis.ogg; assuming invalid
12-13 23:44:25.130  4164  4733 W MediaProvider: Missing volume for /system/media/audio/ringtones/Rasalas.ogg; assuming invalid
12-13 23:44:25.131  4164  4733 W MediaProvider: Missing volume for /system/media/audio/ringtones/Revelation.ogg; assuming invalid
12-13 23:44:25.132  4164  4733 W MediaProvider: Missing volume for /system/media/audio/ringtones/Rigel.ogg; assuming invalid
12-13 23:44:25.133  4164  4733 W MediaProvider: Missing volume for /system/media/audio/ringtones/Ring_Classic_02.ogg; assuming invalid
12-13 23:44:25.134  4164  4733 W MediaProvider: Missing volume for /system/media/audio/ringtones/Ring_Digital_02.ogg; assuming invalid
12-13 23:44:25.136  4164  4733 W MediaProvider: Missing volume for /system/media/audio/ringtones/Ring_Synth_02.ogg; assuming invalid
12-13 23:44:25.137  4164  4733 W MediaProvider: Missing volume for /system/media/audio/ringtones/Ring_Synth_04.ogg; assuming invalid
12-13 23:44:25.137  4164  4733 W MediaProvider: Missing volume for /system/media/audio/ringtones/Road_Trip.ogg; assuming invalid
12-13 23:44:25.139  4164  4733 W MediaProvider: Missing volume for /system/media/audio/ringtones/Rockin.ogg; assuming invalid
12-13 23:44:25.140  4164  4733 W MediaProvider: Missing volume for /system/media/audio/ringtones/RomancingTheTone.ogg; assuming invalid
12-13 23:44:25.140  4164  4733 W MediaProvider: Missing volume for /system/media/audio/ringtones/Safari.ogg; assuming invalid
12-13 23:44:25.141  4164  4733 W MediaProvider: Missing volume for /system/media/audio/ringtones/Savannah.ogg; assuming invalid
12-13 23:44:25.142  4164  4733 W MediaProvider: Missing volume for /system/media/audio/ringtones/Scarabaeus.ogg; assuming invalid
12-13 23:44:25.144  4164  4733 W MediaProvider: Missing volume for /system/media/audio/ringtones/Sceptrum.ogg; assuming invalid
12-13 23:44:25.145  4164  4733 W MediaProvider: Missing volume for /system/media/audio/ringtones/Sedna.ogg; assuming invalid
12-13 23:44:25.145  4164  4733 W MediaProvider: Missing volume for /system/media/audio/ringtones/Seville.ogg; assuming invalid
12-13 23:44:25.147  4164  4733 W MediaProvider: Missing volume for /system/media/audio/ringtones/Sheep.mp3; assuming invalid
12-13 23:44:25.147  4164  4733 W MediaProvider: Missing volume for /system/media/audio/ringtones/Shes_All_That.ogg; assuming invalid
12-13 23:44:25.148  4164  4733 W MediaProvider: Missing volume for /system/media/audio/ringtones/SilkyWay.ogg; assuming invalid
12-13 23:44:25.149  4164  4733 W MediaProvider: Missing volume for /system/media/audio/ringtones/SitarVsSitar.ogg; assuming invalid
12-13 23:44:25.150  4164  4733 W MediaProvider: Missing volume for /system/media/audio/ringtones/Solarium.ogg; assuming invalid
12-13 23:44:25.151  4164  4733 W MediaProvider: Missing volume for /system/media/audio/ringtones/SpringyJalopy.ogg; assuming invalid
12-13 23:44:25.152  4164  4733 W MediaProvider: Missing volume for /system/media/audio/ringtones/Steppin_Out.ogg; assuming invalid
12-13 23:44:25.153  4164  4733 W MediaProvider: Missing volume for /system/media/audio/ringtones/Terminated.ogg; assuming invalid
12-13 23:44:25.154  4164  4733 W MediaProvider: Missing volume for /system/media/audio/ringtones/Testudo.ogg; assuming invalid
12-13 23:44:25.155  4164  4733 W MediaProvider: Missing volume for /system/media/audio/ringtones/Themos.ogg; assuming invalid
12-13 23:44:25.156  4164  4733 W MediaProvider: Missing volume for /system/media/audio/ringtones/Third_Eye.ogg; assuming invalid
12-13 23:44:25.157  4164  4733 W MediaProvider: Missing volume for /system/media/audio/ringtones/Thunderfoot.ogg; assuming invalid
12-13 23:44:25.158  4164  4733 W MediaProvider: Missing volume for /system/media/audio/ringtones/Titania.ogg; assuming invalid
12-13 23:44:25.159  4164  4733 W MediaProvider: Missing volume for /system/media/audio/ringtones/Triton.ogg; assuming invalid
12-13 23:44:25.160  4164  4733 W MediaProvider: Missing volume for /system/media/audio/ringtones/TwirlAway.ogg; assuming invalid
12-13 23:44:25.161  4164  4733 W MediaProvider: Missing volume for /system/media/audio/ringtones/Umbriel.ogg; assuming invalid
12-13 23:44:25.162  4164  4733 W MediaProvider: Missing volume for /system/media/audio/ringtones/UrsaMinor.ogg; assuming invalid
12-13 23:44:25.163  4164  4733 W MediaProvider: Missing volume for /system/media/audio/ringtones/VeryAlarmed.ogg; assuming invalid
12-13 23:44:25.164  4164  4733 W MediaProvider: Missing volume for /system/media/audio/ringtones/Vespa.ogg; assuming invalid
12-13 23:44:25.165  4164  4733 W MediaProvider: Missing volume for /system/media/audio/ringtones/World.ogg; assuming invalid
12-13 23:44:25.166  4164  4733 W MediaProvider: Missing volume for /system/media/audio/ringtones/Yukaay.ogg; assuming invalid
12-13 23:44:25.167  4164  4733 W MediaProvider: Missing volume for /system/media/audio/ringtones/Zeta.ogg; assuming invalid
12-13 23:44:25.168  4164  4733 W MediaProvider: Missing volume for /system/media/audio/ui/Dock.ogg; assuming invalid
12-13 23:44:25.170  4164  4733 W MediaProvider: Missing volume for /system/media/audio/ui/Effect_Tick.ogg; assuming invalid
12-13 23:44:25.171  4164  4733 W MediaProvider: Missing volume for /system/media/audio/ui/KeypressDelete.ogg; assuming invalid
12-13 23:44:25.173  4164  4733 W MediaProvider: Missing volume for /system/media/audio/ui/KeypressInvalid.ogg; assuming invalid
12-13 23:44:25.174  4164  4733 W MediaProvider: Missing volume for /system/media/audio/ui/KeypressReturn.ogg; assuming invalid
12-13 23:44:25.175  4164  4733 W MediaProvider: Missing volume for /system/media/audio/ui/KeypressSpacebar.ogg; assuming invalid
12-13 23:44:25.177  4164  4733 W MediaProvider: Missing volume for /system/media/audio/ui/KeypressStandard.ogg; assuming invalid
12-13 23:44:25.178  2995  4246 E MetadataRetrieverClient: failed to extract an album art
12-13 23:44:25.178  4164  4733 W MediaProvider: Missing volume for /system/media/audio/ui/Lock.ogg; assuming invalid
12-13 23:44:25.179  4164  4733 W MediaProvider: Missing volume for /system/media/audio/ui/LowBattery.ogg; assuming invalid
12-13 23:44:25.181  4164  4733 W MediaProvider: Missing volume for /system/media/audio/ui/Trusted.ogg; assuming invalid
12-13 23:44:25.182  4164  4733 W MediaProvider: Missing volume for /system/media/audio/ui/Undock.ogg; assuming invalid
12-13 23:44:25.183  4164  4733 W MediaProvider: Missing volume for /system/media/audio/ui/Unlock.ogg; assuming invalid
12-13 23:44:25.184  4164  4733 W MediaProvider: Missing volume for /system/media/audio/ui/VideoRecord.ogg; assuming invalid
12-13 23:44:25.185  4164  4733 W MediaProvider: Missing volume for /system/media/audio/ui/VideoStop.ogg; assuming invalid
12-13 23:44:25.186  4164  4733 W MediaProvider: Missing volume for /system/media/audio/ui/WirelessChargingStarted.ogg; assuming invalid
12-13 23:44:25.187  4164  4733 W MediaProvider: Missing volume for /system/media/audio/ui/camera_click.ogg; assuming invalid
12-13 23:44:25.188  4164  4733 W MediaProvider: Missing volume for /system/media/audio/ui/camera_focus.ogg; assuming invalid
12-13 23:44:26.056  4322  4365 E ELEVEN  : calling refresh!
12-13 23:44:26.212  2995  3484 V audio_hw_primary: do_out_standby: output standby: 0
12-13 23:44:27.143  4637  4847 I GlobalDismissManager: no sender configured
12-13 23:44:27.143  4637  4847 D AlertService: Beginning updateAlertNotification
12-13 23:44:27.146  4637  4847 D AlertService: No fired or scheduled alerts
12-13 23:44:27.149  4637  4847 D AlertService: Scheduling next alarm with AlarmScheduler. sEventReminderReceived: null
12-13 23:44:27.152  4637  4847 D AlarmScheduler: No events found starting within 1 week.
12-13 23:44:28.932  4909  4909 I McDaemon: Daemon starting up...
