07-26 23:04:11.379  3409  3409 E System  : 	at java.lang.reflect.Method.invoke(Native Method)
07-26 23:04:11.379  3409  3409 E System  : 	at com.android.internal.os.ZygoteInit$MethodAndArgsCaller.run(ZygoteInit.java:726)
07-26 23:04:11.379  3409  3409 E System  : 	at com.android.internal.os.ZygoteInit.main(ZygoteInit.java:616)
07-26 23:04:11.379  3409  3409 I SystemServer: Input Method Service
07-26 23:04:11.386  3409  3468 I SyncManager: No initial accounts
07-26 23:04:11.386  3409  3468 I SyncManager: No initial status
07-26 23:04:11.386  3409  3468 I SyncManager: No initial statistics
07-26 23:04:11.426  3409  3409 W InputMethodManagerService: No IME selected. Choose the most applicable IME.
07-26 23:04:11.426  3409  3409 I InputMethodManagerService: Default found, using com.android.inputmethod.latin/.LatinIME
07-26 23:04:11.431  3409  3409 I SystemServer: Accessibility Manager
07-26 23:04:11.443  3409  3409 W SystemServer: ***********************************************
07-26 23:04:11.443  3409  3409 E SystemServer: BOOT FAILURE making display ready
07-26 23:04:11.443  3409  3409 E SystemServer: java.lang.NullPointerException: Attempt to invoke virtual method 'void com.android.server.wm.WindowManagerService.displayReady()' on a null object reference
07-26 23:04:11.443  3409  3409 E SystemServer: 	at com.android.server.SystemServer.startOtherServices(SystemServer.java:590)
07-26 23:04:11.443  3409  3409 E SystemServer: 	at com.android.server.SystemServer.run(SystemServer.java:290)
07-26 23:04:11.443  3409  3409 E SystemServer: 	at com.android.server.SystemServer.main(SystemServer.java:175)
07-26 23:04:11.443  3409  3409 E SystemServer: 	at java.lang.reflect.Method.invoke(Native Method)
07-26 23:04:11.443  3409  3409 E SystemServer: 	at com.android.internal.os.ZygoteInit$MethodAndArgsCaller.run(ZygoteInit.java:726)
07-26 23:04:11.443  3409  3409 E SystemServer: 	at com.android.internal.os.ZygoteInit.main(ZygoteInit.java:616)
07-26 23:04:11.445  3409  3409 I SystemServiceManager: Starting com.android.server.MountService$Lifecycle
07-26 23:04:11.459  3409  4097 D MountService: Thinking about reset, mSystemReady=false, mDaemonConnected=true
07-26 23:04:11.459  3409  4097 D MountService: Thinking about reset, mSystemReady=false, mDaemonConnected=true
07-26 23:04:11.459  3409  4097 D CryptdConnector: SND -> {1 cryptfs getfield SystemLocale}
07-26 23:04:11.460  2908  2980 I Ext4Crypt: ext4 crypto complete called on /data
07-26 23:04:11.460  2908  2980 I Ext4Crypt: No master key, so not ext4enc
07-26 23:04:11.461  3409  3409 I SystemServiceManager: Starting com.android.server.UiModeManagerService
07-26 23:04:11.461  3409  4099 D CryptdConnector: RCV <- {200 1 -1}
07-26 23:04:11.463  3409  4097 W MountService: No primary storage mounted!
07-26 23:04:11.464  3409  4097 D VoldConnector: SND -> {1 asec list}
07-26 23:04:11.464  3409  3409 I ActivityManager: Config changes=200 {1.0 ?mcc?mnc en_US ldltr ?swdp ?wdp ?hdp ?density ?lsize ?long ?orien ?touch ?keyb/?/? ?nav/? s.2 themeResource=null}
07-26 23:04:11.464  3409  4098 D VoldConnector: RCV <- {200 1 asec operation succeeded}
07-26 23:04:11.465  3409  4097 I PackageManager: No secure containers found
07-26 23:04:11.465  3409  3409 W PackageManager: No disk maintenance in 1469574251465; running immediately
07-26 23:04:11.465  3409  4097 W PackageManager: Unknown permission com.google.android.googleapps.permission.GOOGLE_AUTH in package com.android.providers.calendar
07-26 23:04:11.466  3409  4097 W PackageManager: Unknown permission com.google.android.googleapps.permission.GOOGLE_AUTH.cl in package com.android.providers.calendar
07-26 23:04:11.466  3409  4097 W PackageManager: Not granting permission android.permission.REAL_GET_TASKS to package org.cyanogenmod.wallpapers.photophase (protectionLevel=18 flags=0x3898be45)
07-26 23:04:11.468  3409  4097 W PackageManager: Unknown permission com.cyanogen.ambient.permission.BIND_CALLER_INFO in package com.android.messaging
07-26 23:04:11.468  3409  4097 W PackageManager: Not granting permission android.permission.ACCESS_DOWNLOAD_MANAGER to package com.android.browser (protectionLevel=18 flags=0x38c9be45)
07-26 23:04:11.468  3409  4097 W PackageManager: Not granting permission android.permission.SEND_DOWNLOAD_COMPLETED_INTENTS to package com.android.browser (protectionLevel=2 flags=0x38c9be45)
07-26 23:04:11.470  3409  4097 W PackageManager: Unknown permission com.cyngn.stats.SEND_ANALYTICS in package com.cyanogenmod.setupwizard
07-26 23:04:11.470  3409  4097 W PackageManager: Unknown permission com.cyanogen.permission.REQUEST_KILL_SWITCH_OP in package com.cyanogenmod.setupwizard
07-26 23:04:11.471  3409  4097 W PackageManager: Unknown permission com.cyanogen.ambient.permission.BIND_INCALL_SERVICE in package com.android.contacts
07-26 23:04:11.471  3409  4097 W PackageManager: Unknown permission com.cyanogen.ambient.permission.PLUGIN_STATUS_CHANGED in package com.android.contacts
07-26 23:04:11.471  3409  4097 W PackageManager: Unknown permission com.cyanogen.ambient.permission.BIND_CALLER_INFO in package com.android.contacts
07-26 23:04:11.473  3409  4097 W PackageManager: Unknown permission com.google.android.googleapps.permission.GOOGLE_AUTH.mail in package com.android.calendar
07-26 23:04:11.474  3409  4097 W PackageManager: Unknown permission com.android.launcher.permission.READ_SETTINGS in package com.android.onetimeinitializer
07-26 23:04:11.474  3409  4097 W PackageManager: Unknown permission com.android.launcher.permission.WRITE_SETTINGS in package com.android.onetimeinitializer
07-26 23:04:11.476  3409  4097 W PackageManager: Unknown permission com.cyanogen.ambient.permission.BIND_INCALL_SERVICE in package com.android.dialer
07-26 23:04:11.476  3409  4097 W PackageManager: Unknown permission com.cyanogen.ambient.permission.PLUGIN_STATUS_CHANGED in package com.android.dialer
07-26 23:04:11.476  3409  4097 W PackageManager: Unknown permission com.cyanogen.ambient.permission.PUBLISH_DISCOVERY_NUDGE in package com.android.dialer
07-26 23:04:11.476  3409  4097 W PackageManager: Unknown permission com.cyanogen.ambient.permission.BIND_DEEPLINK_SERVICE in package com.android.dialer
07-26 23:04:11.476  3409  4097 W PackageManager: Unknown permission com.cyanogen.ambient.permission.READ_DEEPLINK_DATABASE in package com.android.dialer
07-26 23:04:11.476  3409  4097 W PackageManager: Unknown permission com.cyanogen.ambient.permission.BIND_CALLER_INFO in package com.android.dialer
07-26 23:04:11.477  3409  4097 W PackageManager: Unknown permission com.android.launcher.permission.READ_SETTINGS in package com.cyanogenmod.trebuchet
07-26 23:04:11.477  3409  4097 W PackageManager: Unknown permission com.android.launcher.permission.WRITE_SETTINGS in package com.cyanogenmod.trebuchet
07-26 23:04:11.477  3409  4097 W PackageManager: Unknown permission com.cyngn.stats.SEND_ANALYTICS in package com.cyanogenmod.trebuchet
07-26 23:04:11.477  3409  4097 W PackageManager: Unknown permission android.permission.CANCEL_NOTIFICATIONS in package org.cyanogenmod.theme.chooser
07-26 23:04:11.478  3409  4097 W PackageManager: Unknown permission com.google.android.permission.INSTALL_WEARABLE_PACKAGES in package com.android.packageinstaller
07-26 23:04:11.478  3409  4097 W PackageManager: Not granting permission android.permission.DELETE_PACKAGES to package com.svox.pico (protectionLevel=18 flags=0x3888be45)
07-26 23:04:11.479  3409  4097 W PackageManager: Unknown permission android.permission.ACCESS_SUPERUSER in package com.cyanogenmod.filemanager
07-26 23:04:11.479  3409  4097 W PackageManager: Unknown permission com.cyanogenmod.filemanager.permissions.READ_THEME in package com.cyanogenmod.filemanager
07-26 23:04:11.480  3409  4097 W PackageManager: Unknown permission com.google.android.gallery3d.permission.PICASA_STORE in package com.android.dreams.phototable
07-26 23:04:11.481  3409  4097 W PackageManager: Unknown permission com.google.android.googleapps.permission.GOOGLE_AUTH in package com.android.settings
07-26 23:04:11.482  3409  4097 W PackageManager: Unknown permission com.android.launcher.permission.READ_SETTINGS in package com.android.settings
07-26 23:04:11.482  3409  4097 W PackageManager: Unknown permission com.android.launcher.permission.WRITE_SETTINGS in package com.android.settings
07-26 23:04:11.484  3409  4097 W PackageManager: Not granting permission android.permission.REAL_GET_TASKS to package com.cyanogenmod.eleven (protectionLevel=18 flags=0x3898be65)
07-26 23:04:11.498  3409  4097 W PackageManager: Unknown permission com.google.android.gallery3d.permission.GALLERY_PROVIDER in package com.android.bluetooth
07-26 23:04:11.499  3409  4097 W PackageManager: Unknown permission com.google.android.googleapps.permission.ACCESS_GOOGLE_PASSWORD in package com.android.development
07-26 23:04:11.499  3409  4097 W PackageManager: Unknown permission com.google.android.googleapps.permission.GOOGLE_AUTH in package com.android.development
07-26 23:04:11.499  3409  4097 W PackageManager: Unknown permission com.google.android.googleapps.permission.GOOGLE_AUTH.ALL_SERVICES in package com.android.development
07-26 23:04:11.499  3409  4097 W PackageManager: Unknown permission com.google.android.googleapps.permission.GOOGLE_AUTH.YouTubeUser in package com.android.development
07-26 23:04:11.709  3409  3409 W art     : Long monitor contention event with owner method=int android.util.ContainerHelpers.binarySearch(int[], int, int) from ContainerHelpers.java:31 waiters=0 for 244ms
07-26 23:04:11.709  3409  4097 W MountService: No primary storage defined yet; hacking together a stub
07-26 23:04:11.709  3409  4097 W MountService: No primary storage defined yet; hacking together a stub
07-26 23:04:11.710  3409  4097 W MountService: No primary storage mounted!
07-26 23:04:11.710  3409  4097 D VoldConnector: SND -> {2 asec list}
07-26 23:04:11.711  3409  4098 D VoldConnector: RCV <- {200 2 asec operation succeeded}
07-26 23:04:11.711  3409  3409 W SystemServer: ***********************************************
07-26 23:04:11.712  3409  3409 E SystemServer: BOOT FAILURE performing boot dexopt
07-26 23:04:11.712  3409  3409 E SystemServer: java.lang.NullPointerException: Attempt to invoke virtual method 'void com.android.server.wm.WindowManagerService.showBootMessage(java.lang.CharSequence, boolean)' on a null object reference
07-26 23:04:11.712  3409  3409 E SystemServer: 	at com.android.server.am.ActivityManagerService.showBootMessage(ActivityManagerService.java:6565)
07-26 23:04:11.712  3409  3409 E SystemServer: 	at com.android.server.pm.PackageManagerService.performBootDexOpt(PackageManagerService.java:6452)
07-26 23:04:11.712  3409  3409 E SystemServer: 	at com.android.server.pm.PackageManagerService.performBootDexOpt(PackageManagerService.java:6399)
07-26 23:04:11.712  3409  3409 E SystemServer: 	at com.android.server.SystemServer.startOtherServices(SystemServer.java:617)
07-26 23:04:11.712  3409  3409 E SystemServer: 	at com.android.server.SystemServer.run(SystemServer.java:290)
07-26 23:04:11.712  3409  3409 E SystemServer: 	at com.android.server.SystemServer.main(SystemServer.java:175)
07-26 23:04:11.712  3409  3409 E SystemServer: 	at java.lang.reflect.Method.invoke(Native Method)
07-26 23:04:11.712  3409  3409 E SystemServer: 	at com.android.internal.os.ZygoteInit$MethodAndArgsCaller.run(ZygoteInit.java:726)
07-26 23:04:11.712  3409  3409 E SystemServer: 	at com.android.internal.os.ZygoteInit.main(ZygoteInit.java:616)
07-26 23:04:11.713  3409  3409 E System  : ******************************************
07-26 23:04:11.713  3409  3409 E System  : ************ Failure starting system services
07-26 23:04:11.713  3409  3409 E System  : java.lang.NullPointerException: Attempt to invoke virtual method 'void com.android.server.wm.WindowManagerService.showBootMessage(java.lang.CharSequence, boolean)' on a null object reference
07-26 23:04:11.713  3409  3409 E System  : 	at com.android.server.am.ActivityManagerService.showBootMessage(ActivityManagerService.java:6565)
07-26 23:04:11.713  3409  3409 E System  : 	at com.android.server.SystemServer.startOtherServices(SystemServer.java:623)
07-26 23:04:11.713  3409  3409 E System  : 	at com.android.server.SystemServer.run(SystemServer.java:290)
07-26 23:04:11.713  3409  3409 E System  : 	at com.android.server.SystemServer.main(SystemServer.java:175)
07-26 23:04:11.713  3409  3409 E System  : 	at java.lang.reflect.Method.invoke(Native Method)
07-26 23:04:11.713  3409  3409 E System  : 	at com.android.internal.os.ZygoteInit$MethodAndArgsCaller.run(ZygoteInit.java:726)
07-26 23:04:11.713  3409  3409 E System  : 	at com.android.internal.os.ZygoteInit.main(ZygoteInit.java:616)
07-26 23:04:11.714  3409  3409 D AndroidRuntime: Shutting down VM
--------- beginning of crash
07-26 23:04:11.714  3409  3409 E AndroidRuntime: *** FATAL EXCEPTION IN SYSTEM PROCESS: main
07-26 23:04:11.714  3409  3409 E AndroidRuntime: java.lang.NullPointerException: Attempt to invoke virtual method 'void com.android.server.wm.WindowManagerService.showBootMessage(java.lang.CharSequence, boolean)' on a null object reference
07-26 23:04:11.714  3409  3409 E AndroidRuntime: 	at com.android.server.am.ActivityManagerService.showBootMessage(ActivityManagerService.java:6565)
07-26 23:04:11.714  3409  3409 E AndroidRuntime: 	at com.android.server.SystemServer.startOtherServices(SystemServer.java:623)
07-26 23:04:11.714  3409  3409 E AndroidRuntime: 	at com.android.server.SystemServer.run(SystemServer.java:290)
07-26 23:04:11.714  3409  3409 E AndroidRuntime: 	at com.android.server.SystemServer.main(SystemServer.java:175)
07-26 23:04:11.714  3409  3409 E AndroidRuntime: 	at java.lang.reflect.Method.invoke(Native Method)
07-26 23:04:11.714  3409  3409 E AndroidRuntime: 	at com.android.internal.os.ZygoteInit$MethodAndArgsCaller.run(ZygoteInit.java:726)
07-26 23:04:11.714  3409  3409 E AndroidRuntime: 	at com.android.internal.os.ZygoteInit.main(ZygoteInit.java:616)
07-26 23:04:11.715  3409  3409 I Process : Sending signal. PID: 3409 SIG: 9
07-26 23:04:11.728  2920  2920 I ServiceManager: service 'processinfo' died
07-26 23:04:11.728  2939  2939 E installd: eof
07-26 23:04:11.728  2939  2939 E installd: failed to read size
07-26 23:04:11.728  2939  2939 I installd: closing connection
07-26 23:04:11.728  2919  2919 I lowmemorykiller: ActivityManager disconnected
07-26 23:04:11.728  2919  2919 I lowmemorykiller: Closing Activity Manager data connection
07-26 23:04:11.728  2920  2920 I ServiceManager: service 'dbinfo' died
07-26 23:04:11.728  2920  2920 I ServiceManager: service 'permission' died
07-26 23:04:11.728  2920  2920 I ServiceManager: service 'telephony.registry' died
07-26 23:04:11.728  2920  2920 I ServiceManager: service 'batterymanager' died
07-26 23:04:11.728  2920  2920 I ServiceManager: service 'scheduling_policy' died
07-26 23:04:11.728  2920  2920 I ServiceManager: service 'webviewupdate' died
07-26 23:04:11.728  2920  2920 I ServiceManager: service 'usagestats' died
07-26 23:04:11.728  2920  2920 I ServiceManager: service 'media.camera.proxy' died
07-26 23:04:11.728  2920  2920 I ServiceManager: service 'account' died
07-26 23:04:11.728  2920  2920 I ServiceManager: service 'content' died
07-26 23:04:11.728  2920  2920 I ServiceManager: service 'vibrator' died
07-26 23:04:11.729  2920  2920 I ServiceManager: service 'input_method' died
07-26 23:04:11.729  2920  2920 I ServiceManager: service 'accessibility' died
07-26 23:04:11.729  2920  2920 I ServiceManager: service 'uimode' died
07-26 23:04:11.729  2920  2920 I ServiceManager: service 'mount' died
07-26 23:04:11.729  2920  2920 I ServiceManager: service 'meminfo' died
07-26 23:04:11.729  2920  2920 I ServiceManager: service 'gfxinfo' died
07-26 23:04:11.729  2920  2920 I ServiceManager: service 'cpuinfo' died
07-26 23:04:11.729  2920  2920 I ServiceManager: service 'user' died
07-26 23:04:11.729  2920  2920 I ServiceManager: service 'procstats' died
07-26 23:04:11.729  2920  2920 I ServiceManager: service 'package' died
07-26 23:04:11.729  2920  2920 I ServiceManager: service 'activity' died
07-26 23:04:11.729  2920  2920 I ServiceManager: service 'appops' died
07-26 23:04:11.729  2920  2920 I ServiceManager: service 'batterystats' died
07-26 23:04:11.729  2920  2920 I ServiceManager: service 'power' died
07-26 23:04:11.729  2920  2920 I ServiceManager: service 'display' died
07-26 23:04:11.729  2920  2920 I ServiceManager: service 'sensorservice' died
07-26 23:04:12.713  2953  2953 E Zygote  : Exit zygote because system server (3409) has terminated
07-26 23:04:12.733  2920  2920 I ServiceManager: service 'media.radio' died
07-26 23:04:12.733  2920  2920 I ServiceManager: service 'media.sound_trigger_hw' died
07-26 23:04:12.733  2920  2920 I ServiceManager: service 'media.audio_flinger' died
07-26 23:04:12.733  2920  2920 I ServiceManager: service 'media.player' died
07-26 23:04:12.733  2920  2920 I ServiceManager: service 'media.resource_manager' died
07-26 23:04:12.733  2920  2920 I ServiceManager: service 'media.camera' died
07-26 23:04:12.733  2920  2920 I ServiceManager: service 'media.audio_policy' died
07-26 23:04:12.852  4102  4102 I mediaserver: ServiceManager: 0xf680e120
07-26 23:04:12.852  4102  4102 I AudioFlinger: Using default 3000 mSec as standby time.
07-26 23:04:12.852  4102  4102 E BatteryNotifier: batterystats service unavailable!
07-26 23:04:12.852  4102  4102 E BatteryNotifier: batterystats service unavailable!
07-26 23:04:12.852  4102  4102 I CameraService: CameraService started (pid=4102)
07-26 23:04:12.852  4102  4102 I CameraService: CameraService process starting
07-26 23:04:12.853  4102  4102 E BatteryNotifier: batterystats service unavailable!
07-26 23:04:12.853  4102  4102 E BatteryNotifier: batterystats service unavailable!
07-26 23:04:12.853  4102  4102 E CameraService: Could not load camera HAL module: -2 (No such file or directory)
07-26 23:04:12.853  4102  4102 I AudioPolicyService: AudioPolicyService CSTOR in new mode
07-26 23:04:12.854  4102  4102 I APM::ConfigParsingUtils: loadAudioPolicyConfig() loaded /system/etc/audio_policy.conf
07-26 23:04:12.873  4106  4106 I Netd    : Netd 1.0 starting
07-26 23:04:12.874  4106  4106 I QtiConnectivityAdapter: Failed to open libconnctrl, some features may not be present.
07-26 23:04:12.874  4106  4106 D TetherController: Setting IP forward enable = 0
07-26 23:04:12.869  3060  3060 W auditd  : type=1325 audit(0.0:137): table=filter family=2 entries=52
07-26 23:04:12.869  3060  3060 W auditd  : type=1320 audit(0.0:137): 
07-26 23:04:12.879  3060  3060 W auditd  : type=1325 audit(0.0:138): table=filter family=10 entries=55
07-26 23:04:12.879  3060  3060 W auditd  : type=1320 audit(0.0:138): 
07-26 23:04:12.879  3060  3060 W auditd  : type=1325 audit(0.0:139): table=filter family=2 entries=51
07-26 23:04:12.879  3060  3060 W auditd  : type=1320 audit(0.0:139): 
07-26 23:04:12.889  3060  3060 W auditd  : type=1325 audit(0.0:140): table=filter family=10 entries=54
07-26 23:04:12.889  3060  3060 W auditd  : type=1320 audit(0.0:140): 
07-26 23:04:12.889  3060  3060 W auditd  : type=1325 audit(0.0:141): table=filter family=2 entries=50
07-26 23:04:12.889  3060  3060 W auditd  : type=1320 audit(0.0:141): 
07-26 23:04:12.889  3060  3060 W auditd  : type=1325 audit(0.0:142): table=filter family=10 entries=53
07-26 23:04:12.889  3060  3060 W auditd  : type=1320 audit(0.0:142): 
07-26 23:04:12.899  3060  3060 W auditd  : type=1325 audit(0.0:143): table=filter family=2 entries=48
07-26 23:04:12.899  3060  3060 W auditd  : type=1320 audit(0.0:143): 
07-26 23:04:12.899  3060  3060 W auditd  : type=1325 audit(0.0:144): table=filter family=10 entries=51
07-26 23:04:12.899  3060  3060 W auditd  : type=1320 audit(0.0:144): 
07-26 23:04:12.909  3060  3060 W auditd  : type=1325 audit(0.0:145): table=filter family=2 entries=50
07-26 23:04:12.909  3060  3060 W auditd  : type=1320 audit(0.0:145): 
07-26 23:04:12.909  3060  3060 W auditd  : type=1325 audit(0.0:146): table=filter family=10 entries=53
07-26 23:04:12.909  3060  3060 W auditd  : type=1320 audit(0.0:146): 
07-26 23:04:12.926  4101  4101 D AndroidRuntime: >>>>>> START com.android.internal.os.ZygoteInit uid 0 <<<<<<
07-26 23:04:12.929  4101  4101 D AndroidRuntime: CheckJNI is ON
07-26 23:04:12.929  4101  4101 I art     : option[0]=-Xzygote
07-26 23:04:12.929  4101  4101 I art     : option[1]=-Xcheck:jni
07-26 23:04:12.929  4101  4101 I art     : option[2]=-Xstacktracefile:/data/anr/traces.txt
07-26 23:04:12.929  4101  4101 I art     : option[3]=exit
07-26 23:04:12.929  4101  4101 I art     : option[4]=vfprintf
07-26 23:04:12.929  4101  4101 I art     : option[5]=sensitiveThread
07-26 23:04:12.929  4101  4101 I art     : option[6]=-verbose:gc
07-26 23:04:12.929  4101  4101 I art     : option[7]=-Xms8m
07-26 23:04:12.929  4101  4101 I art     : option[8]=-Xmx512m
07-26 23:04:12.929  4101  4101 I art     : option[9]=-XX:HeapGrowthLimit=256m
07-26 23:04:12.929  4101  4101 I art     : option[10]=-XX:HeapMinFree=2m
07-26 23:04:12.929  4101  4101 I art     : option[11]=-XX:HeapMaxFree=8m
07-26 23:04:12.929  4101  4101 I art     : option[12]=-XX:HeapTargetUtilization=0.75
07-26 23:04:12.929  4101  4101 I art     : option[13]=-Xusejit:true
07-26 23:04:12.929  4101  4101 I art     : option[14]=-agentlib:jdwp=transport=dt_android_adb,suspend=n,server=y
07-26 23:04:12.929  4101  4101 I art     : option[15]=-Xlockprofthreshold:500
07-26 23:04:12.929  4101  4101 I art     : option[16]=-Ximage-compiler-option
07-26 23:04:12.929  4101  4101 I art     : option[17]=--runtime-arg
07-26 23:04:12.929  4101  4101 I art     : option[18]=-Ximage-compiler-option
07-26 23:04:12.929  4101  4101 I art     : option[19]=-Xms64m
07-26 23:04:12.929  4101  4101 I art     : option[20]=-Ximage-compiler-option
07-26 23:04:12.929  4101  4101 I art     : option[21]=--runtime-arg
07-26 23:04:12.929  4101  4101 I art     : option[22]=-Ximage-compiler-option
07-26 23:04:12.929  4101  4101 I art     : option[23]=-Xmx64m
07-26 23:04:12.929  4101  4101 I art     : option[24]=-Ximage-compiler-option
07-26 23:04:12.929  4101  4101 I art     : option[25]=--compiler-filter=verify-at-runtime
07-26 23:04:12.929  4101  4101 I art     : option[26]=-Ximage-compiler-option
07-26 23:04:12.929  4101  4101 I art     : option[27]=--image-classes=/system/etc/preloaded-classes
07-26 23:04:12.929  4101  4101 I art     : option[28]=-Xcompiler-option
07-26 23:04:12.929  4101  4101 I art     : option[29]=--runtime-arg
07-26 23:04:12.929  4101  4101 I art     : option[30]=-Xcompiler-option
07-26 23:04:12.929  4101  4101 I art     : option[31]=-Xms64m
07-26 23:04:12.929  4101  4101 I art     : option[32]=-Xcompiler-option
07-26 23:04:12.929  4101  4101 I art     : option[33]=--runtime-arg
07-26 23:04:12.929  4101  4101 I art     : option[34]=-Xcompiler-option
07-26 23:04:12.929  4101  4101 I art     : option[35]=-Xmx512m
07-26 23:04:12.929  4101  4101 I art     : option[36]=-Xcompiler-option
07-26 23:04:12.929  4101  4101 I art     : option[37]=--compiler-filter=verify-at-runtime
07-26 23:04:12.929  4101  4101 I art     : option[38]=-Ximage-compiler-option
07-26 23:04:12.929  4101  4101 I art     : option[39]=--instruction-set-variant=generic
07-26 23:04:12.929  4101  4101 I art     : option[40]=-Xcompiler-option
07-26 23:04:12.929  4101  4101 I art     : option[41]=--instruction-set-variant=generic
07-26 23:04:12.929  4101  4101 I art     : option[42]=-Ximage-compiler-option
07-26 23:04:12.929  4101  4101 I art     : option[43]=--instruction-set-features=default
07-26 23:04:12.929  4101  4101 I art     : option[44]=-Xcompiler-option
07-26 23:04:12.929  4101  4101 I art     : option[45]=--instruction-set-features=default
07-26 23:04:12.929  4101  4101 I art     : option[46]=-Duser.locale=en-US
07-26 23:04:12.929  4101  4101 I art     : option[47]=--cpu-abilist=arm64-v8a,armeabi
07-26 23:04:12.929  4101  4101 I art     : option[48]=-Xfingerprint:samsung/cm_hero2ltexx/hero2ltexx:6.0.1/MOB30M/3b080cd42d:eng/test-keys
07-26 23:04:12.961  4101  4101 D ICU     : No timezone override file found: /data/misc/zoneinfo/current/icu/icu_tzdata.dat
07-26 23:04:13.089  4101  4101 I Radio-JNI: register_android_hardware_Radio DONE
07-26 23:04:13.133  4101  4101 I SamplingProfilerIntegration: Profiling disabled.
07-26 23:04:13.134  4101  4101 D Zygote  : begin preload
07-26 23:04:13.135  4101  4101 I Zygote  : Preloading classes...
07-26 23:04:13.384  4102  4102 E audio_route: Failed to open /system/etc/mixer_paths.xml
07-26 23:04:13.389  4102  4102 I AudioFlinger: loadHwModule() Loaded primary audio interface from Samsung audio HW HAL (audio) handle 1
07-26 23:04:13.389  4102  4102 I AudioFlinger: openOutput(), module 1 Device 2, SamplingRate 44100, Format 0x000001, Channels 3, flags 2
07-26 23:04:13.389  4102  4102 I AudioFlinger: AudioStreamOut::open(), mHalFormatIsLinearPcm = 1
07-26 23:04:13.389  4102  4102 I AudioFlinger: HAL output buffer size 256 frames, normal sink buffer size 960 frames
07-26 23:04:13.391  4102  4102 I BufferProvider: found effect "Multichannel Downmix To Stereo" from The Android Open Source Project
07-26 23:04:13.391  4102  4102 E MonoPipe: Failed to fetch local time frequency when constructing a MonoPipe (res = -32).  getNextWriteTimestamp calls will be non-functional
07-26 23:04:13.391  4102  4102 I AudioFlinger: Using module 1 has the primary audio interface
07-26 23:04:13.391  4102  4222 I AudioFlinger: AudioFlinger's thread 0xf4cc0000 ready to run
07-26 23:04:13.391  4102  4222 V audio_hw_primary: do_out_standby: output standby: 1
07-26 23:04:13.392  4102  4222 V audio_hw_primary: out_set_parameters: key value pairs: routing=2
07-26 23:04:13.392  4102  4222 E AudioFlinger: no wake lock to update!
07-26 23:04:13.392  4102  4102 V audio_hw_primary: adev_open_input_stream: Created resampler converting 48000 -> 16000
07-26 23:04:13.392  4102  4102 V audio_hw_primary: adev_open_input_stream: Requesting input stream with rate: 16000, channels: 0xc
07-26 23:04:13.393  4102  4223 I AudioFlinger: AudioFlinger's thread 0xf4900000 ready to run
07-26 23:04:13.393  4102  4102 I r_submix: adev_open(name=audio_hw_if)
07-26 23:04:13.393  4102  4102 I r_submix: adev_init_check()
07-26 23:04:13.393  4102  4102 I AudioFlinger: loadHwModule() Loaded r_submix audio interface from Wifi Display audio HAL (audio) handle 4
07-26 23:04:13.393  4102  4102 D r_submix: adev_open_input_stream(addr=0)
07-26 23:04:13.393  4102  4102 D r_submix: submix_audio_device_create_pipe_l(addr=0, idx=9)
07-26 23:04:13.393  4102  4102 D r_submix:   now using address 0 for route 9
07-26 23:04:13.394  4102  4225 I AudioFlinger: AudioFlinger's thread 0xf4900000 ready to run
07-26 23:04:13.394  4102  4102 D r_submix: adev_close_input_stream()
07-26 23:04:13.394  4102  4102 D r_submix: submix_audio_device_release_pipe_l(idx=9) addr=0
07-26 23:04:13.394  4102  4102 D r_submix: submix_audio_device_destroy_pipe_l(): pipe destroyed
07-26 23:04:13.394  4102  4102 E SoundTriggerHwService: couldn't load sound trigger module sound_trigger.primary (No such file or directory)
07-26 23:04:13.394  4102  4102 I RadioService: RadioService
07-26 23:04:13.394  4102  4102 I RadioService: onFirstRef
07-26 23:04:13.394  4102  4102 E RadioService: couldn't load radio module radio.primary (No such file or directory)
07-26 23:04:13.487  4101  4101 E Minikin : addFont failed to create font /system/fonts/NanumGothic.ttf
07-26 23:04:13.488  4101  4101 E Minikin : addFont failed to create font /system/fonts/DroidSansFallback.ttf
07-26 23:04:13.488  4101  4101 E Minikin : addFont failed to create font /system/fonts/MTLmr3m.ttf
07-26 23:04:13.573  4101  4101 V DngCreator_JNI: DngCreator_nativeClassInit:
07-26 23:04:13.700  4106  4106 V NatController: runCmd(/system/bin/iptables -w -F natctrl_FORWARD) res=0
07-26 23:04:13.705  4106  4106 V NatController: runCmd(/system/bin/iptables -w -A natctrl_FORWARD -j DROP) res=0
07-26 23:04:13.709  4106  4106 V NatController: runCmd(/system/bin/iptables -w -t nat -F natctrl_nat_POSTROUTING) res=0
07-26 23:04:13.713  4106  4106 V NatController: runCmd(/system/bin/iptables -w -F natctrl_tether_counters) res=0
07-26 23:04:13.718  4106  4106 V NatController: runCmd(/system/bin/iptables -w -X natctrl_tether_counters) res=0
07-26 23:04:13.722  4106  4106 V NatController: runCmd(/system/bin/iptables -w -N natctrl_tether_counters) res=0
07-26 23:04:13.727  4106  4106 V NatController: runCmd(/system/bin/iptables -w -t mangle -A natctrl_mangle_FORWARD -p tcp --tcp-flags SYN SYN -j TCPMSS --clamp-mss-to-pmtu) res=0
07-26 23:04:13.879  3060  3060 W auditd  : type=1325 audit(0.0:356): table=filter family=10 entries=52
07-26 23:04:13.879  3060  3060 W auditd  : type=1320 audit(0.0:356): 
07-26 23:04:13.879  3060  3060 W auditd  : type=1325 audit(0.0:357): table=filter family=2 entries=49
07-26 23:04:13.879  3060  3060 W auditd  : type=1320 audit(0.0:357): 
07-26 23:04:13.889  3060  3060 W auditd  : type=1325 audit(0.0:358): table=filter family=10 entries=52
07-26 23:04:13.889  3060  3060 W auditd  : type=1320 audit(0.0:358): 
07-26 23:04:13.889  3060  3060 W auditd  : type=1325 audit(0.0:359): table=filter family=2 entries=49
07-26 23:04:13.889  3060  3060 W auditd  : type=1320 audit(0.0:359): 
07-26 23:04:13.899  3060  3060 W auditd  : type=1325 audit(0.0:360): table=filter family=10 entries=52
07-26 23:04:13.899  3060  3060 W auditd  : type=1320 audit(0.0:360): 
07-26 23:04:13.899  3060  3060 W auditd  : type=1325 audit(0.0:361): table=raw family=2 entries=9
07-26 23:04:13.899  3060  3060 W auditd  : type=1320 audit(0.0:361): 
07-26 23:04:13.899  3060  3060 W auditd  : type=1325 audit(0.0:362): table=raw family=10 entries=9
07-26 23:04:13.899  3060  3060 W auditd  : type=1320 audit(0.0:362): 
07-26 23:04:13.909  3060  3060 W auditd  : type=1325 audit(0.0:363): table=mangle family=2 entries=16
07-26 23:04:13.909  3060  3060 W auditd  : type=1320 audit(0.0:363): 
07-26 23:04:13.909  3060  3060 W auditd  : type=1325 audit(0.0:364): table=mangle family=10 entries=12
07-26 23:04:13.909  3060  3060 W auditd  : type=1320 audit(0.0:364): 
07-26 23:04:13.919  3060  3060 W auditd  : type=1325 audit(0.0:365): table=filter family=2 entries=49
07-26 23:04:13.919  3060  3060 W auditd  : type=1320 audit(0.0:365): 
07-26 23:04:13.972  4106  4106 E Netd    : cannot find interface dummy0
07-26 23:04:13.983  4106  4106 D MDnsDS  : MDnsSdListener::Hander starting up
07-26 23:04:13.984  4106  4367 D MDnsDS  : MDnsSdListener starting to monitor
07-26 23:04:13.984  4106  4367 D MDnsDS  : Going to poll with pollCount 1
07-26 23:04:14.191  4101  4101 I art     : Thread[1,tid=4101,Native,Thread*=0x7f8d77ba00,peer=0x12c532e0,"main"] recursive attempt to load library "/system/lib64/libmedia_jni.so"
07-26 23:04:14.192  4101  4101 D MtpDeviceJNI: register_android_mtp_MtpDevice
07-26 23:04:14.192  4101  4101 I art     : Thread[1,tid=4101,Native,Thread*=0x7f8d77ba00,peer=0x12c532e0,"main"] recursive attempt to load library "/system/lib64/libmedia_jni.so"
07-26 23:04:14.192  4101  4101 I art     : Thread[1,tid=4101,Native,Thread*=0x7f8d77ba00,peer=0x12c532e0,"main"] recursive attempt to load library "/system/lib64/libmedia_jni.so"
07-26 23:04:14.692  4101  4101 W System  : ClassLoader referenced unknown path: /system/framework/tcmclient.jar
07-26 23:04:15.014  4101  4101 I System  : Loaded time zone names for "" in 18ms (17ms in ICU)
07-26 23:04:15.048  4101  4101 I System  : Loaded time zone names for "en_US" in 34ms (11ms in ICU)
07-26 23:04:15.215  4101  4101 I Zygote  : ...preloaded 3831 classes in 2080ms.
07-26 23:04:15.215  4101  4101 I art     : VMRuntime.preloadDexCaches starting
07-26 23:04:15.247  4101  4101 I art     : VMRuntime.preloadDexCaches strings total=248969 before=10083 after=10083
07-26 23:04:15.247  4101  4101 I art     : VMRuntime.preloadDexCaches types total=20332 before=8245 after=9836
07-26 23:04:15.247  4101  4101 I art     : VMRuntime.preloadDexCaches fields total=100378 before=35761 after=47726
07-26 23:04:15.247  4101  4101 I art     : VMRuntime.preloadDexCaches methods total=172817 before=67604 after=83308
07-26 23:04:15.247  4101  4101 I art     : VMRuntime.preloadDexCaches finished
07-26 23:04:15.260  4371  4371 D idmap   : error: no read access to /vendor/overlay: No such file or directory
07-26 23:04:15.263  4101  4101 I Zygote  : Preloading resources...
07-26 23:04:15.643  4101  4101 I Zygote  : ...preloaded 342 resources in 380ms.
07-26 23:04:15.653  4101  4101 I Zygote  : ...preloaded 41 resources in 10ms.
07-26 23:04:15.660  4101  4101 D libEGL  : loaded /vendor/lib64/egl/libGLES_mali.so
07-26 23:04:15.667  4101  4101 I Zygote  : Preloading shared libraries...
07-26 23:04:15.674  4101  4101 D Zygote  : end preload
07-26 23:04:15.674  4101  4101 I art     : Starting a blocking GC Explicit
07-26 23:04:15.685  4101  4101 I art     : Explicit concurrent mark sweep GC freed 11419(461KB) AllocSpace objects, 0(0B) LOS objects, 35% free, 29MB/45MB, paused 48us total 10.591ms
07-26 23:04:15.695  4101  4101 I art     : Starting a blocking GC Explicit
07-26 23:04:15.704  4101  4101 I art     : Explicit concurrent mark sweep GC freed 2696(126KB) AllocSpace objects, 0(0B) LOS objects, 35% free, 28MB/44MB, paused 44us total 8.754ms
07-26 23:04:15.704  4101  4137 I art     : Starting a blocking GC HeapTrim
07-26 23:04:15.705  4101  4101 I art     : Starting a blocking GC Background
07-26 23:04:15.752  4101  4101 I Zygote  : System server process 4372 has been created
07-26 23:04:15.754  4101  4101 I Zygote  : Accepting command socket connections
07-26 23:04:15.769  4372  4372 I Zygote  : Process: zygote socket opened, supported ABIS: armeabi-v7a,armeabi
07-26 23:04:15.770  4372  4372 I InstallerConnection: connecting...
07-26 23:04:15.770  2939  2939 I installd: new connection
07-26 23:04:15.772  4372  4372 I InstallerConnection: disconnecting...
07-26 23:04:15.772  2939  2939 E installd: eof
07-26 23:04:15.772  2939  2939 E installd: failed to read size
07-26 23:04:15.772  2939  2939 I installd: closing connection
07-26 23:04:15.806  4372  4372 I SystemServer: Entered the Android system server!
07-26 23:04:15.844  4372  4372 I SystemServiceManager: Starting com.android.server.pm.Installer
07-26 23:04:15.845  4372  4372 I Installer: Waiting for installd to be ready.
07-26 23:04:15.845  4372  4372 I InstallerConnection: connecting...
07-26 23:04:15.846  2939  2939 I installd: new connection
07-26 23:04:15.846  4372  4372 I SystemServiceManager: Starting com.android.server.am.ActivityManagerService$Lifecycle
07-26 23:04:15.926  4372  4372 I XXXXXX  : choosing minFree values for 64 Bit
07-26 23:04:15.926  4372  4372 I XXXXXX  : choosing minFree values for 64 Bit
07-26 23:04:15.926  4372  4372 I XXXXXX  : choosing minFree values for 64 Bit
07-26 23:04:15.926  4372  4372 I XXXXXX  : choosing minFree values for 64 Bit
07-26 23:04:15.926  4372  4372 I XXXXXX  : choosing minFree values for 64 Bit
07-26 23:04:15.926  4372  4372 I XXXXXX  : choosing minFree values for 64 Bit
07-26 23:04:15.932  4372  4372 I ActivityManager: Memory class: 256
07-26 23:04:15.933  4372  4386 I ServiceThread: Enabled StrictMode logging for ActivityManager looper.
07-26 23:04:15.939  4372  4387 I ServiceThread: Enabled StrictMode logging for android.ui looper.
07-26 23:04:16.007  4372  4372 D BatteryStatsImpl: Reading daily items from /data/system/batterystats-daily.xml
07-26 23:04:16.041  4372  4372 I AppOps  : No existing app ops /data/system/appops.xml; starting empty
07-26 23:04:16.102  4372  4372 I IntentFirewall: Read new rules (A:0 B:0 S:0)
07-26 23:04:16.124  4372  4391 I ServiceThread: Enabled StrictMode logging for android.display looper.
07-26 23:04:16.130  4372  4372 D AppOps  : AppOpsService published
07-26 23:04:16.130  4372  4372 I SystemServiceManager: Starting com.android.server.power.PowerManagerService
07-26 23:04:16.131  4372  4393 I ServiceThread: Enabled StrictMode logging for PowerManagerService looper.
07-26 23:04:16.132  4372  4372 W libsuspend: Error writing 'on' to /sys/power/state: Invalid argument
07-26 23:04:16.132  4372  4372 I libsuspend: Selected wakeup count
07-26 23:04:16.135  4372  4372 I SystemServiceManager: Starting com.android.server.lights.LightsService
07-26 23:04:16.136  4372  4372 I SystemServiceManager: Starting com.android.server.display.DisplayManagerService
07-26 23:04:16.143  4372  4372 I SystemServiceManager: Starting phase 100
07-26 23:04:16.145  2921  3020 E SurfaceFlinger: getDefaultDisplay: id=2 is not a valid default display id
07-26 23:04:16.147  4372  4391 I DisplayManagerService: Display device added: DisplayDeviceInfo{"Built-in Screen": uniqueId="local:0", 1440 x 2560, modeId 1, defaultModeId 1, supportedModes [{id=1, width=1440, height=2560, fps=59.0}], colorTransformId 1, defaultColorTransformId 1, supportedColorTransforms [{id=1, colorTransform=-22}], density 640, 537.882 x 532.983 dpi, appVsyncOff 0, presDeadline 17949152, touch INTERNAL, rotation 0, type BUILT_IN, state UNKNOWN, FLAG_DEFAULT_DISPLAY, FLAG_ROTATES_WITH_CONTENT, FLAG_SECURE, FLAG_SUPPORTS_PROTECTED_BUFFERS}
07-26 23:04:16.148  2921  2921 D SurfaceFlinger: Set power mode=2, type=0 flinger=0x7fa2b03c00
07-26 23:04:16.148  2921  2921 D SurfaceFlinger: Screen type=0 is already mode=2
07-26 23:04:16.149  4372  4372 I SystemServer: Package Manager
07-26 23:04:16.149  4372  4391 I DisplayManagerService: Display device changed state: "Built-in Screen", ON
07-26 23:04:16.216  4372  4372 W SELinuxMMAC: Error opening /data/system/seapp_hash. Assuming first boot.
07-26 23:04:16.247  4372  4372 W SystemConfig: No directory /system/etc/sysconfig, skipping
07-26 23:04:16.329  4372  4372 D SELinuxMMAC: Using policy file /system/etc/security/mac_permissions.xml
07-26 23:04:17.108  4372  4372 E art     : DexFile_getDexOptNeeded file '/system/framework/org.apache.http.legacy.jar' does not exist
07-26 23:04:17.108  4372  4372 W PackageManager: Library not found: /system/framework/org.apache.http.legacy.jar
07-26 23:04:17.108  4372  4372 E art     : DexFile_getDexOptNeeded file '/system/framework/com.android.nfc_extras.jar' does not exist
07-26 23:04:17.108  4372  4372 W PackageManager: Library not found: /system/framework/com.android.nfc_extras.jar
07-26 23:04:17.110  4372  4372 E art     : DexFile_getDexOptNeeded file '/system/framework/org.apache.http.legacy.jar' does not exist
07-26 23:04:17.110  4372  4372 W PackageManager: Library not found: /system/framework/org.apache.http.legacy.jar
07-26 23:04:17.110  4372  4372 E art     : DexFile_getDexOptNeeded file '/system/framework/com.android.nfc_extras.jar' does not exist
07-26 23:04:17.110  4372  4372 W PackageManager: Library not found: /system/framework/com.android.nfc_extras.jar
07-26 23:04:17.128  4372  4372 D PackageManager: No files in app dir /vendor/overlay
07-26 23:04:18.207  4372  4372 W PackageManager: Permission android.permission.SET_KEYGUARD_WALLPAPER from package android in an unknown group android.permission-group.WALLPAPER
07-26 23:04:18.210  4372  4372 W PackageManager: Permission android.permission.MODIFY_PROTECTED_SMS_LIST from package android in an unknown group android.permission-group.MESSAGES
07-26 23:04:18.210  4372  4372 W PackageManager: Permission android.permission.RECEIVE_PROTECTED_SMS from package android in an unknown group android.permission-group.MESSAGES
07-26 23:04:18.210  4372  4372 W PackageManager: Permission android.permission.RESET_BATTERY_STATS from package android in an unknown group android.permission-group.SYSTEM_TOOLS
07-26 23:04:18.234  4372  4372 I PackageManager: SELinux relabeling of cyanogenmod.platform issued.
07-26 23:04:18.238  4372  4372 W PackageManager: Permission cyanogenmod.permission.WRITE_ALARMS from package cyanogenmod.platform in an unknown group android.permission-group.SYSTEM_CLOCK
07-26 23:04:18.238  4372  4372 W PackageManager: Permission cyanogenmod.permission.MANAGE_ALARMS from package cyanogenmod.platform in an unknown group android.permission-group.SYSTEM_CLOCK
07-26 23:04:18.238  4372  4372 W PackageManager: Permission cyanogenmod.permission.READ_ALARMS from package cyanogenmod.platform in an unknown group android.permission-group.SYSTEM_CLOCK
07-26 23:04:18.272  4372  4372 I PackageManager: SELinux relabeling of org.cyanogenmod.audiofx issued.
07-26 23:04:18.293  4372  4372 I PackageManager: SELinux relabeling of com.android.backupconfirm issued.
07-26 23:04:18.314  4372  4372 I PackageManager: SELinux relabeling of org.cyanogenmod.cmsettings issued.
07-26 23:04:18.389  4372  4372 I PackageManager: SELinux relabeling of com.cyanogenmod.updater issued.
07-26 23:04:18.414  4372  4372 I PackageManager: SELinux relabeling of com.android.providers.calendar issued.
07-26 23:04:18.434  4372  4372 I PackageManager: SELinux relabeling of com.android.calllogbackup issued.
07-26 23:04:18.545  4372  4372 I PackageManager: SELinux relabeling of com.android.carrierconfig issued.
07-26 23:04:18.575  4372  4372 I PackageManager: SELinux relabeling of com.android.cellbroadcastreceiver issued.
07-26 23:04:18.595  4372  4372 W PackageParser: No actions in intent filter at /system/priv-app/Contacts/Contacts.apk Binary XML file line #301
07-26 23:04:19.199  4372  4372 I PackageManager: SELinux relabeling of com.android.contacts issued.
07-26 23:04:19.231  4372  4372 I PackageManager: SELinux relabeling of com.android.providers.contacts issued.
07-26 23:04:19.765  4372  4372 I PackageManager: SELinux relabeling of com.cyanogenmod.setupwizard issued.
07-26 23:04:19.789  4372  4372 I PackageManager: SELinux relabeling of org.cyanogenmod.providers.datausage issued.
07-26 23:04:19.808  4372  4372 I PackageManager: SELinux relabeling of com.android.defcontainer issued.
07-26 23:04:19.822  4372  4372 W PackageParser: No actions in intent filter at /system/priv-app/Dialer/Dialer.apk Binary XML file line #151
07-26 23:04:20.505  4372  4372 I PackageManager: SELinux relabeling of com.android.dialer issued.
07-26 23:04:20.534  4372  4372 I PackageManager: SELinux relabeling of com.android.providers.downloads issued.
07-26 23:04:20.538  4372  4372 W PackageManager: Permission android.permission.DOWNLOAD_WITHOUT_NOTIFICATION from package com.android.providers.downloads in an unknown group android.permission-group.NETWORK
07-26 23:04:20.554  4372  4372 I PackageManager: SELinux relabeling of com.android.externalstorage issued.
07-26 23:04:20.573  4372  4372 I PackageManager: SELinux relabeling of com.android.location.fused issued.
07-26 23:04:20.606  4372  4372 I PackageManager: SELinux relabeling of com.android.inputdevices issued.
07-26 23:04:20.625  4372  4372 I PackageManager: SELinux relabeling of org.cyanogenmod.livelockscreen.service issued.
07-26 23:04:20.667  4372  4372 I PackageManager: SELinux relabeling of com.android.managedprovisioning issued.
07-26 23:04:20.692  4372  4372 I PackageManager: SELinux relabeling of com.android.providers.media issued.
07-26 23:04:20.713  4372  4372 I PackageManager: SELinux relabeling of com.android.mms.service issued.
07-26 23:04:20.731  4372  4372 I PackageManager: SELinux relabeling of com.android.onetimeinitializer issued.
07-26 23:04:20.889  4372  4372 I PackageManager: SELinux relabeling of com.android.packageinstaller issued.
07-26 23:04:20.910  4372  4372 I PackageManager: SELinux relabeling of com.android.proxyhandler issued.
07-26 23:04:20.936  4372  4372 I PackageManager: SELinux relabeling of org.cyanogenmod.screencast issued.
07-26 23:04:21.761  4372  4372 I PackageManager: SELinux relabeling of com.android.settings issued.
07-26 23:04:21.803  4372  4372 I PackageManager: SELinux relabeling of com.android.providers.settings issued.
07-26 23:04:21.819  4372  4372 I PackageManager: SELinux relabeling of com.android.sharedstoragebackup issued.
07-26 23:04:21.842  4372  4372 I PackageManager: SELinux relabeling of com.android.shell issued.
07-26 23:04:21.863  4372  4372 I PackageManager: SELinux relabeling of com.android.statementservice issued.
07-26 23:04:22.158  4372  4372 I PackageManager: SELinux relabeling of com.android.systemui issued.
07-26 23:04:22.178  4372  4372 W PackageParser: Ignoring duplicate uses-permissions/uses-permissions-sdk-m: android.permission.ACCESS_WIFI_STATE in package: com.android.phone at: Binary XML file line #132
07-26 23:04:22.258  4372  4372 I PackageManager: SELinux relabeling of com.android.phone issued.
07-26 23:04:22.299  4372  4372 I PackageManager: SELinux relabeling of com.android.server.telecom issued.
07-26 23:04:22.322  4372  4372 I PackageManager: SELinux relabeling of com.android.providers.telephony issued.
07-26 23:04:22.356  4372  4372 I PackageManager: SELinux relabeling of org.cyanogenmod.theme.chooser issued.
07-26 23:04:22.376  4372  4372 I PackageManager: SELinux relabeling of org.cyanogenmod.themes.provider issued.
07-26 23:04:22.462  4372  4372 I PackageManager: SELinux relabeling of com.cyanogenmod.trebuchet issued.
07-26 23:04:22.466  4372  4372 W PackageManager: Permission com.android.launcher.permission.INSTALL_SHORTCUT from package com.cyanogenmod.trebuchet in an unknown group android.permission-group.SYSTEM_TOOLS
07-26 23:04:22.466  4372  4372 W PackageManager: Permission com.android.launcher3.permission.READ_SETTINGS from package com.cyanogenmod.trebuchet in an unknown group android.permission-group.SYSTEM_TOOLS
07-26 23:04:22.466  4372  4372 W PackageManager: Permission com.android.launcher3.permission.WRITE_SETTINGS from package com.cyanogenmod.trebuchet in an unknown group android.permission-group.SYSTEM_TOOLS
07-26 23:04:22.482  4372  4372 I PackageManager: SELinux relabeling of com.android.vpndialogs issued.
07-26 23:04:22.499  4372  4372 I PackageManager: SELinux relabeling of com.android.wallpapercropper issued.
07-26 23:04:22.516  4372  4372 I PackageManager: SELinux relabeling of org.cyanogenmod.weather.provider issued.
07-26 23:04:22.535  4372  4372 I PackageManager: SELinux relabeling of com.android.dreams.basic issued.
07-26 23:04:22.548  4372  4372 W PackageParser: No actions in intent filter at /system/app/Bluetooth/Bluetooth.apk Binary XML file line #234
07-26 23:04:22.569  4372  4372 I PackageManager: SELinux relabeling of com.android.bluetooth issued.
07-26 23:04:22.589  4372  4372 I PackageManager: SELinux relabeling of com.android.bluetoothmidiservice issued.
07-26 23:04:22.690  4372  4372 I PackageManager: SELinux relabeling of com.android.browser issued.
07-26 23:04:22.703  4372  4372 W PackageParser: No actions in intent filter at /system/app/CMFileManager/CMFileManager.apk Binary XML file line #164
07-26 23:04:22.799  4372  4372 I PackageManager: SELinux relabeling of com.cyanogenmod.filemanager issued.
07-26 23:04:22.836  4372  4372 I PackageManager: SELinux relabeling of com.cyanogenmod.wallpapers issued.
07-26 23:04:22.956  4372  4372 I PackageManager: SELinux relabeling of com.android.calendar issued.
07-26 23:04:23.137  4372  4372 I PackageManager: SELinux relabeling of com.android.camera2 issued.
07-26 23:04:23.157  4372  4372 I PackageManager: SELinux relabeling of com.android.captiveportallogin issued.
07-26 23:04:23.177  4372  4372 I PackageManager: SELinux relabeling of com.android.certinstaller issued.
07-26 23:04:23.328  4372  4372 I PackageManager: SELinux relabeling of com.android.deskclock issued.
07-26 23:04:23.365  4372  4372 I PackageManager: SELinux relabeling of com.android.development issued.
07-26 23:04:23.429  4372  4372 I PackageManager: SELinux relabeling of com.android.documentsui issued.
07-26 23:04:23.452  4372  4372 I PackageManager: SELinux relabeling of com.android.providers.downloads.ui issued.
07-26 23:04:23.516  4372  4372 I PackageManager: SELinux relabeling of com.cyanogenmod.eleven issued.
07-26 23:04:23.762  4372  4372 I PackageManager: SELinux relabeling of com.android.email issued.
07-26 23:04:23.792  4372  4372 I PackageManager: SELinux relabeling of com.android.calculator2 issued.
07-26 23:04:23.816  4372  4372 I PackageManager: SELinux relabeling of com.android.exchange issued.
07-26 23:04:23.840  4372  4372 I PackageManager: SELinux relabeling of com.android.galaxy4 issued.
07-26 23:04:23.854  4372  4372 W PackageParser: Unknown element under <application>: permission at /system/app/Gallery2/Gallery2.apk Binary XML file line #278
07-26 23:04:23.855  4372  4372 W PackageParser: Unknown element under <application>: permission at /system/app/Gallery2/Gallery2.apk Binary XML file line #281
07-26 23:04:24.033  4372  4372 I PackageManager: SELinux relabeling of com.android.gallery3d issued.
07-26 23:04:24.056  4372  4372 I PackageManager: SELinux relabeling of com.android.htmlviewer issued.
07-26 23:04:24.077  4372  4372 I PackageManager: SELinux relabeling of com.android.wallpaper.holospiral issued.
07-26 23:04:24.096  4372  4372 I PackageManager: SELinux relabeling of com.android.keychain issued.
07-26 23:04:24.610  4372  4372 I PackageManager: SELinux relabeling of com.android.inputmethod.latin issued.
07-26 23:04:24.641  4372  4372 I PackageManager: SELinux relabeling of com.android.wallpaper issued.
07-26 23:04:24.663  4372  4372 I PackageManager: SELinux relabeling of com.android.wallpaper.livepicker issued.
07-26 23:04:24.756  4372  4372 I PackageManager: SELinux relabeling of com.cyanogenmod.lockclock issued.
07-26 23:04:24.779  4372  4372 I PackageManager: SELinux relabeling of com.android.noisefield issued.
07-26 23:04:24.796  4372  4372 I PackageManager: SELinux relabeling of com.android.pacprocessor issued.
07-26 23:04:24.821  4372  4372 I PackageManager: SELinux relabeling of com.android.phasebeam issued.
07-26 23:04:24.874  4372  4372 I PackageManager: SELinux relabeling of org.cyanogenmod.wallpapers.photophase issued.
07-26 23:04:24.903  4372  4372 I PackageManager: SELinux relabeling of com.android.dreams.phototable issued.
07-26 23:04:24.926  4372  4372 I PackageManager: SELinux relabeling of com.svox.pico issued.
