12-15 13:28:19.446  3414  3481 E WifiConfigStore: 	at com.android.server.wifi.WifiConfigStore.loadConfiguredNetworks(WifiConfigStore.java:2022)
12-15 13:28:19.446  3414  3481 E WifiConfigStore: 	at com.android.server.wifi.WifiConfigStore.loadAndEnableAllNetworks(WifiConfigStore.java:729)
12-15 13:28:19.446  3414  3481 E WifiConfigStore: 	at com.android.server.wifi.WifiStateMachine$SupplicantStartingState.processMessage(WifiStateMachine.java:6178)
12-15 13:28:19.446  3414  3481 E WifiConfigStore: 	at com.android.internal.util.StateMachine$SmHandler.processMsg(StateMachine.java:968)
12-15 13:28:19.446  3414  3481 E WifiConfigStore: 	at com.android.internal.util.StateMachine$SmHandler.handleMessage(StateMachine.java:791)
12-15 13:28:19.446  3414  3481 E WifiConfigStore: 	at android.os.Handler.dispatchMessage(Handler.java:102)
12-15 13:28:19.446  3414  3481 E WifiConfigStore: 	at android.os.Looper.loop(Looper.java:148)
12-15 13:28:19.446  3414  3481 E WifiConfigStore: 	at android.os.HandlerThread.run(HandlerThread.java:61)
12-15 13:28:19.446  3414  3481 E WifiConfigStore: Caused by: android.system.ErrnoException: open failed: ENOENT (No such file or directory)
12-15 13:28:19.446  3414  3481 E WifiConfigStore: 	at libcore.io.Posix.open(Native Method)
12-15 13:28:19.446  3414  3481 E WifiConfigStore: 	at libcore.io.BlockGuardOs.open(BlockGuardOs.java:186)
12-15 13:28:19.446  3414  3481 E WifiConfigStore: 	at libcore.io.IoBridge.open(IoBridge.java:438)
12-15 13:28:19.446  3414  3481 E WifiConfigStore: 	... 11 more
12-15 13:28:19.446  3414  3481 E WifiConfigStore: readAutoJoinStatus: Error parsing configurationjava.io.FileNotFoundException: /data/misc/wifi/autojoinconfig.txt: open failed: ENOENT (No such file or directory)
12-15 13:28:19.446  3414  3481 E WifiConfigStore: buildPnoList sortedWifiConfigurations size 0
12-15 13:28:19.449  3414  3481 E WifiConfigStore: --- Begin /data/misc/wifi/wpa_supplicant.conf ---
12-15 13:28:19.449  3414  3432 D Tethering: sendTetherStateChangedBroadcast 1, 0, 0
12-15 13:28:19.450  3414  3481 E WifiConfigStore: update_config=1
12-15 13:28:19.450  3414  3481 E WifiConfigStore: eapol_version=1
12-15 13:28:19.450  3414  3481 E WifiConfigStore: ap_scan=1
12-15 13:28:19.450  3414  3481 E WifiConfigStore: fast_reauth=1
12-15 13:28:19.451  3414  3481 E WifiConfigStore: pmf=1
12-15 13:28:19.452  3414  3481 E WifiConfigStore: --- End /data/misc/wifi/wpa_supplicant.conf Contents ---
12-15 13:28:19.452  3414  3481 E WifiConfigStore: --- Begin /data/misc/wifi/wpa_supplicant.conf.tmp ---
12-15 13:28:19.453  3414  3481 E WifiConfigStore: Could not open /data/misc/wifi/wpa_supplicant.conf.tmp, java.io.FileNotFoundException: /data/misc/wifi/wpa_supplicant.conf.tmp: open failed: ENOENT (No such file or directory)
12-15 13:28:19.453  3414  3481 E WifiConfigStore: --- End /data/misc/wifi/wpa_supplicant.conf.tmp Contents ---
12-15 13:28:19.453  3414  3481 E WifiConfigStore: --- Begin /data/misc/wifi/networkHistory.txt ---
12-15 13:28:19.454  3414  3481 E WifiConfigStore: Could not open /data/misc/wifi/networkHistory.txt, java.io.FileNotFoundException: /data/misc/wifi/networkHistory.txt: open failed: ENOENT (No such file or directory)
12-15 13:28:19.454  3414  3481 E WifiConfigStore: --- End /data/misc/wifi/networkHistory.txt Contents ---
12-15 13:28:19.461  3414  3481 D WifiNative-HAL: Setting external_sim to 1
12-15 13:28:19.462  3414  3481 D wifi    : setting dfs flag to true, 0x7f828fae60
12-15 13:28:19.463  3414  3481 D WifiStateMachine: Setting OUI to DA-A1-19
12-15 13:28:19.463  3414  3481 D wifi    : setting scan oui 0x7f828fae60
12-15 13:28:19.463  3414  3481 D WifiHAL : Sending mac address OUI
12-15 13:28:19.480  3414  3481 D WifiConfigStore: Retrieve network priorities after PNO.
12-15 13:28:19.482  3414  3481 D wifi    : android_net_wifi_setLinkLayerStats: 1
12-15 13:28:19.482  3414  3414 D RttService: SCAN_AVAILABLE : 3
12-15 13:28:19.483  3414  3543 D RttService: DefaultState got{ when=0 what=160512 target=com.android.internal.util.StateMachine$SmHandler }
12-15 13:28:19.484  3009  3400 D CommandListener: Setting iface cfg
12-15 13:28:19.484  3009  3400 D CommandListener: Trying to bring up p2p0
12-15 13:28:19.485  3414  3480 D WifiMonitor: startMonitoring(p2p0) with mConnected = true
12-15 13:28:19.499  3414  3481 D WifiConfigStore: Retrieve network priorities after PNO.
12-15 13:28:19.505  3414  3480 D WifiNative-HAL: p2pGetDeviceAddress
12-15 13:28:19.512  3414  3480 D WifiNative-HAL: p2pGetDeviceAddress returning 62:f1:89:8a:1f:e7
12-15 13:28:19.517  3414  3481 E native  : do suspend false
12-15 13:28:19.553  3414  3481 D WifiConfigStore: No blacklist allowed without epno enabled
12-15 13:28:19.554  3414  3481 D WifiConfigStore: Retrieve network priorities after PNO.
12-15 13:28:20.889  4649  4792 D InitAlarmsService: Clearing and rescheduling alarms.
12-15 13:28:22.006  3019  3499 V audio_hw_primary: do_out_standby: output standby: 0
12-15 13:28:24.452  3019  3499 V audio_hw_primary: out_set_parameters: key value pairs: routing=2
12-15 13:28:24.463  3019  3499 V audio_hw_primary: start_output_stream: starting stream
12-15 13:28:24.501  3019  3499 V audio_hw_primary: start_output_stream: stream out device: 2, actual: 2
12-15 13:28:24.569  4092  4927 D mali_winsys: EGLint new_window_surface(egl_winsys_display*, void*, EGLSurface, EGLConfig, egl_winsys_surface**, egl_color_buffer_format*, EGLBoolean) returns 0x3000,  [1624x1472]-format:1
12-15 13:28:24.773  3964  3964 W SubtypeLocaleUtils: KeyboardLayoutSet not found, use QWERTY: locale=en_AU extraValue=TrySuppressingImeSwitcher,AsciiCapable,SupportTouchPositionCorrection,EmojiCapable
12-15 13:28:24.773  3964  3964 W RichInputMethodSubtype: Can't find emoji subtype
12-15 13:28:24.774  3964  3964 W RichInputMethodSubtype: No input method subtype found; returning dummy subtype: Multi-lingual subtype: android.view.inputmethod.InputMethodSubtype@d78b2ed0, zz
12-15 13:28:24.828  3964  3964 W ViewPager: Requested offscreen page limit 0 too small; defaulting to 1
12-15 13:28:24.835  3964  3964 I LatinIME: Starting input. Cursor position = 0,0
12-15 13:28:24.865  3964  4960 D OpenGLRenderer: Use EGL_SWAP_BEHAVIOR_PRESERVED: true
12-15 13:28:24.900  3964  4960 I OpenGLRenderer: Initialized EGL, version 1.4
12-15 13:28:24.907  3964  4960 D mali_winsys: EGLint new_window_surface(egl_winsys_display*, void*, EGLSurface, EGLConfig, egl_winsys_surface**, egl_color_buffer_format*, EGLBoolean) returns 0x3000,  [1440x2464]-format:1
12-15 13:28:25.007  3964  4972 W         : g2d stretchFimgApi_v5 function does not exist
12-15 13:28:25.010  3964  4972 W         : fimg library or stretchFimgApi_v5 symbol can not be loaded
12-15 13:28:25.012  3964  4972 W         : fimg library or stretchFimgApi_v5 symbol can not be loaded
12-15 13:28:27.647  3019  3499 V audio_hw_primary: do_out_standby: output standby: 0
12-15 13:28:29.477  3414  3481 D WifiConfigStore: Retrieve network priorities after PNO.
12-15 13:28:29.512  3964  4971 W         : fimg library or stretchFimgApi_v5 symbol can not be loaded
12-15 13:28:29.903  3964  4972 W         : fimg library or stretchFimgApi_v5 symbol can not be loaded
12-15 13:28:34.515  3964  3964 I LatinIME: Starting input. Cursor position = 9,9
12-15 13:28:34.517  3019  3499 V audio_hw_primary: out_set_parameters: key value pairs: routing=2
12-15 13:28:34.526  4092  4092 W IInputConnectionWrapper: getSelectedText on inactive InputConnection
12-15 13:28:34.528  3019  3499 V audio_hw_primary: start_output_stream: starting stream
12-15 13:28:34.541  4092  4092 W IInputConnectionWrapper: requestCursorAnchorInfo on inactive InputConnection
12-15 13:28:34.555  4092  4092 W IInputConnectionWrapper: getTextBeforeCursor on inactive InputConnection
12-15 13:28:34.556  3964  3964 E RichInputConnection: Unable to connect to the editor to retrieve text.
12-15 13:28:34.556  3964  3964 D RichInputConnection: Will try to retrieve text later.
12-15 13:28:34.569  3019  3499 V audio_hw_primary: start_output_stream: stream out device: 2, actual: 2
12-15 13:28:34.572  4092  4092 W IInputConnectionWrapper: getTextBeforeCursor on inactive InputConnection
12-15 13:28:34.572  3964  3964 E RichInputConnection: Unable to connect to the editor to retrieve text.
12-15 13:28:34.572  3964  3964 W RichInputConnection: Unable to connect to the editor. Setting caps mode without knowing text.
12-15 13:28:34.581  3964  3964 I LatinIME: Starting input. Cursor position = 0,0
12-15 13:28:35.590  3019  3499 V audio_hw_primary: out_set_parameters: key value pairs: routing=2
12-15 13:28:35.603  4092  4092 D WifiSetupActivity: Network selected by user
12-15 13:28:35.604  3414  3484 E WiFiServiceImpl : SAVE nid=0 uid=1000 name=android.uid.system:1000
12-15 13:28:35.604  3414  3484 D WifiService: Connect with config* ID: -1 SSID: "Mary" PROVIDER-NAME: null BSSID: null FQDN: null PRIO: 0
12-15 13:28:35.604  3414  3484 D WifiService:  KeyMgmt: WPA_PSK Protocols:
12-15 13:28:35.604  3414  3484 D WifiService:  AuthAlgorithms:
12-15 13:28:35.604  3414  3484 D WifiService:  PairwiseCiphers:
12-15 13:28:35.604  3414  3484 D WifiService:  GroupCiphers:
12-15 13:28:35.604  3414  3484 D WifiService:  PSK: *
12-15 13:28:35.604  3414  3484 D WifiService:  sim_num 
12-15 13:28:35.604  3414  3484 D WifiService: Enterprise config:
12-15 13:28:35.604  3414  3484 D WifiService: IP config:
12-15 13:28:35.604  3414  3484 D WifiService: IP assignment: DHCP
12-15 13:28:35.604  3414  3484 D WifiService: Proxy settings: NONE
12-15 13:28:35.604  3414  3484 D WifiService:  cuid=-1 luid=-1 lcuid=0 userApproved=USER_UNSPECIFIED noInternetAccessExpected=false roamingFailureBlackListTimeMilli: 1000
12-15 13:28:35.604  3414  3484 D WifiService: triggeredLow: 0 triggeredBad: 0 triggeredNotHigh: 0
12-15 13:28:35.604  3414  3484 D WifiService: ticksLow: 0 ticksBad: 0 ticksNotHigh: 0
12-15 13:28:35.604  3414  3484 D WifiService: triggeredJoin: 0
12-15 13:28:35.604  3414  3484 D WifiService: autoJoinBailedDueToLowRssi: false
12-15 13:28:35.604  3414  3484 D WifiService: autoJoinUseAggressiveJoinAttemptThreshold: 0
12-15 13:28:35.604  3414  3484 E WiFiServiceImpl : CONNECT  nid=-1 uid=1000 name=android.uid.system:1000
12-15 13:28:35.604  3414  3484 D WifiService: Connect with config* ID: -1 SSID: "Mary" PROVIDER-NAME: null BSSID: null FQDN: null PRIO: 0
12-15 13:28:35.604  3414  3484 D WifiService:  KeyMgmt: WPA_PSK Protocols:
12-15 13:28:35.604  3414  3484 D WifiService:  AuthAlgorithms:
12-15 13:28:35.604  3414  3484 D WifiService:  PairwiseCiphers:
12-15 13:28:35.604  3414  3484 D WifiService:  GroupCiphers:
12-15 13:28:35.604  3414  3484 D WifiService:  PSK: *
12-15 13:28:35.604  3414  3484 D WifiService:  sim_num 
12-15 13:28:35.604  3414  3484 D WifiService: Enterprise config:
12-15 13:28:35.604  3414  3484 D WifiService: IP config:
12-15 13:28:35.604  3414  3484 D WifiService: IP assignment: DHCP
12-15 13:28:35.604  3414  3484 D WifiService: Proxy settings: NONE
12-15 13:28:35.604  3414  3484 D WifiService:  cuid=-1 luid=-1 lcuid=0 userApproved=USER_UNSPECIFIED noInternetAccessExpected=false roamingFailureBlackListTimeMilli: 1000
12-15 13:28:35.604  3414  3484 D WifiService: triggeredLow: 0 triggeredBad: 0 triggeredNotHigh: 0
12-15 13:28:35.604  3414  3484 D WifiService: ticksLow: 0 ticksBad: 0 ticksNotHigh: 0
12-15 13:28:35.604  3414  3484 D WifiService: triggeredJoin: 0
12-15 13:28:35.604  3414  3484 D WifiService: autoJoinBailedDueToLowRssi: false
12-15 13:28:35.604  3414  3484 D WifiService: autoJoinUseAggressiveJoinAttemptThreshold: 0
12-15 13:28:35.604  3414  3481 D WifiStateMachine: SAVE_NETWORK id=-1 config="Mary" nid=-1 supstate=ScanState my state DisconnectedState
12-15 13:28:35.605  3414  3481 E WifiConfigStore: addOrUpdateNetworkNative created netId=0
12-15 13:28:35.614  3414  3481 D WifiConfigStore: created new config netId=0 uid=1000 name=android.uid.system:1000
12-15 13:28:35.616  3414  3481 E WifiConfigStore:  rewrite network history for "Mary"-WPA_PSK
12-15 13:28:35.623  4092  4927 D OpenGLRenderer: endAllStagingAnimators on 0x7f83da3000 (RippleDrawable) with handle 0x7f8520bb80
12-15 13:28:35.627  3019  3499 D AudioFlinger: mixer(0xf3040000) throttle end: throttle time(4)
12-15 13:28:35.631  3414  3481 D WifiAutoJoinController : updateConfigurationHistory found 0 networks
12-15 13:28:35.631  3414  3481 D WifiAutoJoinController : updateConfigurationHistory try to connect to an old network!! : "Mary"-WPA_PSK
12-15 13:28:35.631  3414  3481 E WifiConfigStore:  rewrite network history for "Mary"-WPA_PSK
12-15 13:28:35.633  3414  3481 D WifiStateMachine: CONNECT_NETWORK updating existing config with id=0 configKey="Mary"-WPA_PSK
12-15 13:28:35.659  3414  3481 D WifiStateMachine: CONNECT_NETWORK id=0 config="Mary" cnid=0 supstate=ScanState my state DisconnectedState uid = 1000
12-15 13:28:35.659  3414  3481 E WifiConfigStore: saveWifiConfigBSSID Setting BSSID for "Mary"-WPA_PSK to any
12-15 13:28:35.667  3414  3481 E WifiConfigStore: saveWifiConfigBSSID Setting BSSID for "Mary"-WPA_PSK to any
12-15 13:28:35.684  3414  3481 D WifiAutoJoinController : updateConfigurationHistory found 0 networks
12-15 13:28:35.684  3414  3481 D WifiAutoJoinController : updateConfigurationHistory try to connect to an old network!! : "Mary"-WPA_PSK
12-15 13:28:35.684  3414  3481 E WifiConfigStore:  rewrite network history for "Mary"-WPA_PSK
12-15 13:28:35.688  3414  3481 E WifiConfigStore: buildPnoList sortedWifiConfigurations size 1
12-15 13:28:35.688  3414  3481 E WifiConfigStore: found sortedWifiConfigurations : "Mary"-WPA_PSK
12-15 13:28:35.695  3414  3481 E WifiConfigStore:  rewrite network history for "Mary"-WPA_PSK
12-15 13:28:35.697  4949  4949 I wpa_supplicant: wlan0: Trying to associate with 00:11:22:33:44:55 (SSID='Mary' freq=2462 MHz)
12-15 13:28:35.820  3414  3481 D WifiConfigStore: Retrieve network priorities after PNO.
12-15 13:28:35.894  4949  4949 I wpa_supplicant: wlan0: Associated with 00:11:22:33:44:55
12-15 13:28:35.896  4949  4949 I wpa_supplicant: wlan0: CTRL-EVENT-SUBNET-STATUS-UPDATE status=0
12-15 13:28:35.924  4949  4949 I wpa_supplicant: wlan0: WPA: Key negotiation completed with 00:11:22:33:44:55 [PTK=CCMP GTK=TKIP]
12-15 13:28:35.925  4949  4949 I wpa_supplicant: wlan0: CTRL-EVENT-CONNECTED - Connection to 00:11:22:33:44:55 completed [id=0 id_str=]
12-15 13:28:35.928  3414  3481 D WifiConfigStore: Retrieve network priorities after PNO.
12-15 13:28:35.942  3414  3481 D ConnectivityService: registerNetworkAgent NetworkAgentInfo{ ni{[type: WIFI[], state: CONNECTING/CONNECTING, reason: (unspecified), extra: "Mary", roaming: false, failover: false, isAvailable: true]}  network{100}  lp{{LinkAddresses: []  Routes: [] DnsAddresses: [] Domains: null MTU: 0 TcpBufferSizes: 524288,1048576,2097152,262144,524288,1048576}}  nc{[ Transports: WIFI Capabilities: INTERNET&NOT_RESTRICTED&TRUSTED&NOT_VPN LinkUpBandwidth>=1048576Kbps LinkDnBandwidth>=1048576Kbps]}  Score{20}  everValidated{false}  lastValidated{false}  created{false} lingering{false} explicitlySelected{false} acceptUnvalidated{false} everCaptivePortalDetected{false} lastCaptivePortalDetected{false} }
12-15 13:28:35.942  3414  3481 E WifiConfigStore: saveWifiConfigBSSID Setting BSSID for "Mary"-WPA_PSK to any
12-15 13:28:35.944  3414  3485 D ConnectivityService: NetworkAgentInfo [WIFI () - 100] EVENT_NETWORK_INFO_CHANGED, going from null to CONNECTING
12-15 13:28:35.959  3414  3481 E WifiConfigStore: saveWifiConfigBSSID Setting BSSID for "Mary"-WPA_PSK to any
12-15 13:28:35.969  3009  3400 D CommandListener: Setting iface cfg
12-15 13:28:35.978  3414  3481 D WifiStateMachine: Start Dhcp Watchdog 1
12-15 13:28:35.997  3414  3481 D IpReachabilityMonitor: watch: iface{wlan0/14}, v{1}, ntable=[]
12-15 13:28:35.998  3414  3485 D ConnectivityService: notifyType CAP_CHANGED for NetworkAgentInfo [WIFI () - 100]
12-15 13:28:35.998  3414  3485 D ConnectivityService: updateNetworkScore for NetworkAgentInfo [WIFI () - 100] to 60
12-15 13:28:36.011  3414  4988 D DhcpClient: Receive thread started
12-15 13:28:36.099  3414  3481 E native  : do suspend false
12-15 13:28:36.123  3414  4987 D DhcpClient: Broadcasting DHCPDISCOVER
12-15 13:28:36.413  3414  4988 D DhcpClient: Received packet: 60:f1:89:8a:1f:e7 OFFER, ip /192.168.1.109, mask /255.255.255.0, DNS servers: /192.168.1.1 , gateways [/192.168.1.1] lease time 946041257, domain FevaxHost
12-15 13:28:36.414  3414  4987 D DhcpClient: Got pending lease: IP address 192.168.1.109/24 Gateway 192.168.1.1  DNS servers: [ 192.168.1.1 ] DomainsFevaxHost DHCP server /192.168.1.50 Vendor info null lease 946041257 seconds
12-15 13:28:36.416  3414  4987 D DhcpClient: Broadcasting DHCPREQUEST ciaddr=0.0.0.0 request=192.168.1.109 serverid=192.168.1.50
12-15 13:28:36.721  3414  4988 D DhcpClient: Received packet: 60:f1:89:8a:1f:e7 ACK: your new IP /192.168.1.109, netmask /255.255.255.0, gateways [/192.168.1.1] DNS servers: /192.168.1.1 , lease time 946080000
12-15 13:28:36.722  3414  4987 D DhcpClient: Confirmed lease: IP address 192.168.1.109/24 Gateway 192.168.1.1  DNS servers: [ 192.168.1.1 ] DomainsFevaxHost DHCP server /192.168.1.50 Vendor info null lease 946080000 seconds
12-15 13:28:36.724  3009  3400 D CommandListener: Setting iface cfg
12-15 13:28:36.728  3414  3481 D IpReachabilityMonitor: watch: iface{wlan0/14}, v{2}, ntable=[]
12-15 13:28:36.733  3414  4987 D DhcpClient: Scheduling renewal in 473039999s
12-15 13:28:36.745  3414  3481 D IpReachabilityMonitor: watch: iface{wlan0/14}, v{3}, ntable=[192.168.1.1/NUD_NONE]
12-15 13:28:36.746  3414  3481 D WifiStateMachine: WifiStateMachine: handleSuccessfulIpConfiguration and no scan results"Mary"-WPA_PSK
12-15 13:28:36.748  3414  3485 D ConnectivityService: NetworkAgentInfo [WIFI () - 100] EVENT_NETWORK_INFO_CHANGED, going from CONNECTING to CONNECTED
12-15 13:28:36.753  3414  3485 D ConnectivityService: Adding iface wlan0 to network 100
12-15 13:28:36.769  3414  3481 E WifiStateMachine: Did not find remoteAddress {192.168.1.1} in /proc/net/arp
12-15 13:28:36.759  2999  2999 W auditd  : type=1325 audit(0.0:209): table=mangle family=2 entries=17
12-15 13:28:36.759  2999  2999 W auditd  : type=1320 audit(0.0:209): 
12-15 13:28:36.779  2999  2999 W auditd  : type=1325 audit(0.0:210): table=mangle family=10 entries=13
12-15 13:28:36.779  2999  2999 W auditd  : type=1320 audit(0.0:210): 
12-15 13:28:36.796  3414  3485 E ConnectivityService: Unexpected mtu value: 0, wlan0
12-15 13:28:36.797  3414  3485 D ConnectivityService: Adding Route [fe80::/64 -> :: wlan0] to network 100
12-15 13:28:36.807  3414  3485 D ConnectivityService: Adding Route [192.168.1.0/24 -> 0.0.0.0 wlan0] to network 100
12-15 13:28:36.817  3414  3485 D ConnectivityService: Adding Route [0.0.0.0/0 -> 192.168.1.1 wlan0] to network 100
12-15 13:28:36.821  3414  3485 D ConnectivityService: Setting Dns servers for network 100 to [/192.168.1.1]
12-15 13:28:36.829  3414  3485 D ConnectivityService: notifyType IP_CHANGED for NetworkAgentInfo [WIFI () - 100]
12-15 13:28:36.840  3414  3485 D ConnectivityService: scheduleUnvalidatedPrompt 100
12-15 13:28:36.840  3414  3485 D ConnectivityService: updateSignalStrengthThresholds: CONNECT, sending [] to NetworkAgentInfo [WIFI () - 100]
12-15 13:28:36.840  3414  3485 D ConnectivityService: rematch for NetworkAgentInfo [WIFI () - 100]
12-15 13:28:36.840  3414  3485 D ConnectivityService:    accepting network in place of null
12-15 13:28:36.840  3414  3481 D WifiNetworkAgent: NetworkAgent: Received signal strength thresholds: []
12-15 13:28:36.841  3414  3481 D WifiNative-HAL: stopRssiMonitoring, cmdId 0
12-15 13:28:36.842  3414  3485 D ConnectivityService: Switching to new default network: NetworkAgentInfo{ ni{[type: WIFI[], state: CONNECTED/CONNECTED, reason: (unspecified), extra: "Mary", roaming: false, failover: false, isAvailable: true]}  network{100}  lp{{InterfaceName: wlan0 LinkAddresses: [fe80::62f1:89ff:fe8a:1fe7/64,192.168.1.109/24,]  Routes: [fe80::/64 -> :: wlan0,192.168.1.0/24 -> 0.0.0.0 wlan0,0.0.0.0/0 -> 192.168.1.1 wlan0,] DnsAddresses: [192.168.1.1,] Domains: FevaxHost MTU: 0 TcpBufferSizes: 524288,1048576,2097152,262144,524288,1048576}}  nc{[ Transports: WIFI Capabilities: INTERNET&NOT_RESTRICTED&TRUSTED&NOT_VPN LinkUpBandwidth>=1048576Kbps LinkDnBandwidth>=1048576Kbps SignalStrength: -60]}  Score{20}  everValidated{false}  lastValidated{false}  created{true} lingering{false} explicitlySelected{true} acceptUnvalidated{false} everCaptivePortalDetected{false} lastCaptivePortalDetected{false} }
12-15 13:28:36.839  2999  2999 W auditd  : type=1325 audit(0.0:211): table=raw family=2 entries=10
12-15 13:28:36.839  2999  2999 W auditd  : type=1320 audit(0.0:211): 
12-15 13:28:36.868  3009  3400 V IdletimerController: runCmd(/system/bin/ip6tables -w -t raw -A idletimer_raw_PREROUTING -i wlan0 -j IDLETIMER --timeout 15 --label 1 --send_nl_msg 1) res_ipv4=0, res_ipv6=0
12-15 13:28:36.849  2999  2999 W auditd  : type=1325 audit(0.0:212): table=raw family=10 entries=10
12-15 13:28:36.849  2999  2999 W auditd  : type=1320 audit(0.0:212): 
12-15 13:28:36.869  2999  2999 W auditd  : type=1325 audit(0.0:213): table=mangle family=2 entries=18
12-15 13:28:36.869  2999  2999 W auditd  : type=1320 audit(0.0:213): 
12-15 13:28:36.879  2999  2999 W auditd  : type=1325 audit(0.0:214): table=mangle family=10 entries=14
12-15 13:28:36.879  2999  2999 W auditd  : type=1320 audit(0.0:214): 
12-15 13:28:36.894  3009  3400 V IdletimerController: runCmd(/system/bin/ip6tables -w -t mangle -A idletimer_mangle_POSTROUTING -o wlan0 -j IDLETIMER --timeout 15 --label 1 --send_nl_msg 1) res_ipv4=0, res_ipv6=0
12-15 13:28:36.896  3414  3485 D ConnectivityService: Setting tx/rx TCP buffers to 524288,1048576,2097152,262144,524288,1048576
12-15 13:28:36.903  3414  3485 D CSLegacyTypeTracker: Sending CONNECTED broadcast for type 1 NetworkAgentInfo [WIFI () - 100] isDefaultNetwork=true
12-15 13:28:36.903  3414  3485 D ConnectivityService: sendStickyBroadcast: action=android.net.conn.CONNECTIVITY_CHANGE
12-15 13:28:36.904  3414  3485 D ConnectivityService: notifyType PRECHECK for NetworkAgentInfo [WIFI () - 100]
12-15 13:28:36.905  3414  3485 D ConnectivityService: notifyType CAP_CHANGED for NetworkAgentInfo [WIFI () - 100]
12-15 13:28:36.908  3414  3432 D Tethering: MasterInitialState.processMessage what=3
12-15 13:28:36.909  3414  3485 D ConnectivityService: setProvNotificationVisibleIntent null visible=false networkType=MOBILE extraInfo=null highPriority=false
12-15 13:28:36.909  3414  3485 D ConnectivityService: NetworkAgentInfo [WIFI () - 100] validation  passed
12-15 13:28:36.910  3414  3485 D ConnectivityService: notifyType CAP_CHANGED for NetworkAgentInfo [WIFI () - 100]
12-15 13:28:36.915  4690  4690 I UpdateCheckReceiver: Got connectivity change, has connection: true
12-15 13:28:36.915  4690  4690 I UpdateCheckReceiver: Scheduling future, repeating update checks.
12-15 13:28:36.918  3414  3485 D ConnectivityService: sendStickyBroadcast: action=android.net.conn.INET_CONDITION_ACTION
12-15 13:28:36.919  3414  4986 D NetlinkSocketObserver: NeighborEvent{elapsedMs=65459, 192.168.1.1, [5CDC96114482], RTM_NEWNEIGH, NUD_REACHABLE}
12-15 13:28:36.920  3414  3481 E WifiConfigStore:  rewrite network history for "Mary"-WPA_PSK
12-15 13:28:36.956  4092  4999 W ActivityThread: ClassLoader.loadClass: The class loader returned by Thread.getContextClassLoader() may fail for processes that host multiple applications. You should explicitly specify a context class loader. For example: Thread.setContextClassLoader(getClass().getClassLoader());
12-15 13:28:36.957  4092  4999 W System  : ClassLoader referenced unknown path: /system/framework/tcmclient.jar
12-15 13:28:36.971  4813  4813 D WeatherUpdateService: onCreate
12-15 13:28:36.983  4813  4813 D WeatherUpdateService: Service started, but shouldn't update ... stopping
12-15 13:28:36.989  4813  4813 D WeatherUpdateService: onDestroy
12-15 13:28:37.016  4690  4704 W System  : ClassLoader referenced unknown path: /system/framework/tcmclient.jar
12-15 13:28:37.180  3414  3977 D AlarmManagerService: Setting time of day to sec=1481808517
12-15 13:28:37.123  4777  4777 V AlarmClock: AlarmInitReceiver android.intent.action.TIME_SET
12-15 13:28:37.183  4777  4794 V AlarmClock: AlarmInitReceiver finished
12-15 13:28:38.644  3019  3499 V audio_hw_primary: do_out_standby: output standby: 0
12-15 13:28:38.801  4690  4690 I State   : No state info stored
12-15 13:28:38.801  4690  4690 D UpdateCheckService: Got update JSON data with 0 entries
12-15 13:28:38.804  4690  4690 I UpdateCheckService: The update check successfully completed at Thu Dec 15 13:28:38 GMT+00:00 2016 and found 0 updates (0 newer than installed)
12-15 13:28:40.686  4092  4092 D WifiSetupActivity: finishing, resultCode=-1
12-15 13:28:40.689  3019  3499 V audio_hw_primary: out_set_parameters: key value pairs: routing=2
12-15 13:28:40.699  3019  3499 V audio_hw_primary: start_output_stream: starting stream
12-15 13:28:40.716  4106  5014 W System  : ClassLoader referenced unknown path: /system/framework/tcmclient.jar
12-15 13:28:40.734  3019  3499 V audio_hw_primary: start_output_stream: stream out device: 2, actual: 2
12-15 13:28:40.735  4106  4408 D mali_winsys: EGLint new_window_surface(egl_winsys_display*, void*, EGLSurface, EGLConfig, egl_winsys_surface**, egl_color_buffer_format*, EGLBoolean) returns 0x3000,  [1440x2560]-format:1
12-15 13:28:40.790  4092  4927 D OpenGLRenderer: endAllStagingAnimators on 0x7f872ff800 (RippleDrawable) with handle 0x7f92ca4ca0
12-15 13:28:43.895  3019  3499 V audio_hw_primary: do_out_standby: output standby: 0
12-15 13:28:44.391  3019  3499 V audio_hw_primary: out_set_parameters: key value pairs: routing=2
