12-04 08:21:14.389  4078  4078 E LockSettingsStorage: Cannot read file java.io.FileNotFoundException: /data/system/password.key: open failed: ENOENT (No such file or directory)
12-04 08:21:14.389  4078  4078 E LockSettingsStorage: Cannot read file java.io.FileNotFoundException: /data/system/gatekeeper.pattern.key: open failed: ENOENT (No such file or directory)
12-04 08:21:14.389  4078  4078 E LockSettingsStorage: Cannot read file java.io.FileNotFoundException: /data/system/gatekeeper.gesture.key: open failed: ENOENT (No such file or directory)
12-04 08:21:14.390  4078  4078 E LockSettingsStorage: Cannot read file java.io.FileNotFoundException: /data/system/gesture.key: open failed: ENOENT (No such file or directory)
12-04 08:21:14.390  4078  4078 E LockSettingsStorage: Cannot read file java.io.FileNotFoundException: /data/system/cm_gesture.key: open failed: ENOENT (No such file or directory)
12-04 08:21:14.390  4078  4078 I SystemServiceManager: Starting phase 480
12-04 08:21:14.395  4078  4078 I SystemServiceManager: Starting phase 500
12-04 08:21:14.400  4078  4078 D BluetoothService: onBootPhase: PHASE_SYSTEM_SERVICES_READY
12-04 08:21:14.400  4078  4078 D BluetoothManagerService: Bluetooth boot completed
12-04 08:21:14.400  4078  4078 D BluetoothManagerService: Retrieving Bluetooth Adapter name and address...
12-04 08:21:14.400  4078  4078 D BluetoothManagerService: getNameAndAddress(): mBluetooth = null mBinding = false
12-04 08:21:14.401  4078  4096 D BluetoothManagerService: Message: 200
12-04 08:21:14.401  4078  4096 D BluetoothManagerService: MESSAGE_GET_NAME_AND_ADDRESS
12-04 08:21:14.402  4078  4096 D BluetoothManagerService: Binding to service to get name and address
12-04 08:21:14.419  4078  4078 I WifiService: WifiService starting up with Wi-Fi disabled
12-04 08:21:14.432  4078  4078 I WifiScanningService: Registering wifiscanner
12-04 08:21:14.436  4078  4078 I RttService: Registering rttmanager
12-04 08:21:14.439  4078  4078 I EthernetServiceImpl: Starting Ethernet service
12-04 08:21:14.453  4078  4078 D Ethernet: Registering NetworkFactory
12-04 08:21:14.454  4078  4146 D ConnectivityService: Got NetworkFactory Messenger for Ethernet
12-04 08:21:14.456  4078  4179 D Ethernet: got request NetworkRequest [ id=1, legacyType=-1, [ Capabilities: INTERNET&NOT_RESTRICTED&TRUSTED&NOT_VPN] ] with score 0
12-04 08:21:14.463  4078  4078 V BackupManagerService: No ancestral data
12-04 08:21:14.523  4078  4078 V KeyValueBackupJob: Scheduling k/v pass in 249 minutes
12-04 08:21:14.585  4078  4078 V BackupManagerService: Starting with transport com.google.android.gms/.backup.BackupTransportService
12-04 08:21:14.585  4078  4078 V BackupManagerService: Found transports: 1
12-04 08:21:14.586  4078  4078 I BackupManagerService: Binding to transport host ComponentInfo{android/com.android.internal.backup.LocalTransportService}
12-04 08:21:14.589  4078  4078 I BackupManagerService: Found stale backup journal, scheduling
12-04 08:21:14.802  4078  4078 W PackageManager: Unable to get pkg for processing system
12-04 08:21:14.803  4078  4078 E PackageManager: Unable to find icon pack: system
12-04 08:21:14.808  4078  4099 W KeyguardServiceDelegate: onScreenTurningOn(): no keyguard service!
12-04 08:21:14.833  4078  4078 I ActivityManager: System now ready
12-04 08:21:14.855  4078  4078 I SystemServer: Making services ready
12-04 08:21:14.855  4078  4078 I SystemServiceManager: Starting phase 550
12-04 08:21:14.861  4078  4133 D MountService: Thinking about reset, mSystemReady=true, mDaemonConnected=true
12-04 08:21:14.861  4078  4133 D VoldConnector: SND -> {3 volume reset}
12-04 08:21:14.862  4078  4092 I ActivityManager: Force stopping com.android.providers.media appid=10010 user=-1: vold reset
12-04 08:21:14.863  4078  4134 D VoldConnector: RCV <- {651 emulated 5}
12-04 08:21:14.865  4078  4078 D UsbAlsaManager: Adding ALSA device AlsaDevice: [card: 0, device: 9, type: 1]
12-04 08:21:14.865  4078  4078 D UsbAlsaManager: Adding ALSA device AlsaDevice: [card: 0, device: 8, type: 1]
12-04 08:21:14.865  4078  4078 D UsbAlsaManager: Adding ALSA device AlsaDevice: [card: 0, device: 7, type: 1]
12-04 08:21:14.865  4078  4078 D UsbAlsaManager: Adding ALSA device AlsaDevice: [card: 0, device: 6, type: 1]
12-04 08:21:14.865  4078  4078 D UsbAlsaManager: Adding ALSA device AlsaDevice: [card: 0, device: 3, type: 1]
12-04 08:21:14.865  4078  4078 D UsbAlsaManager: Adding ALSA device AlsaDevice: [card: 0, device: 2, type: 1]
12-04 08:21:14.865  4078  4078 D UsbAlsaManager: Adding ALSA device AlsaDevice: [card: 0, device: 1, type: 1]
12-04 08:21:14.865  4078  4078 D UsbAlsaManager: Adding ALSA device AlsaDevice: [card: 0, device: 2, type: 2]
12-04 08:21:14.865  4078  4078 D UsbAlsaManager: Adding ALSA device AlsaDevice: [card: 0, device: 0, type: 1]
12-04 08:21:14.865  4078  4078 D UsbAlsaManager: Adding ALSA device AlsaDevice: [card: 0, device: 1, type: 2]
12-04 08:21:14.865  4078  4078 D UsbAlsaManager: Adding ALSA device AlsaDevice: [card: 0, device: 0, type: 2]
12-04 08:21:14.941  4078  4134 D VoldConnector: RCV <- {651 emulated 0}
12-04 08:21:14.941  4078  4134 D VoldConnector: RCV <- {651 emulated 8}
12-04 08:21:14.941  4078  4134 D VoldConnector: RCV <- {659 emulated}
12-04 08:21:14.941  4078  4134 D VoldConnector: RCV <- {650 emulated 2 "" ""}
12-04 08:21:14.941  4078  4134 D VoldConnector: RCV <- {654 emulated emulated}
12-04 08:21:14.941  4078  4134 D VoldConnector: RCV <- {651 emulated 0}
12-04 08:21:14.941  4078  4134 D VoldConnector: RCV <- {200 3 Command succeeded}
12-04 08:21:14.942  4078  4133 D VoldConnector: SND -> {4 volume user_added 0 0}
12-04 08:21:14.952  4078  4134 D VoldConnector: RCV <- {200 4 Command succeeded}
12-04 08:21:14.954  4078  4094 V MountService: Found primary storage at VolumeInfo{emulated}:
12-04 08:21:14.954  4078  4094 V MountService:     type=EMULATED diskId=null partGuid=null mountFlags=0 mountUserId=-1 
12-04 08:21:14.954  4078  4094 V MountService:     state=UNMOUNTED 
12-04 08:21:14.954  4078  4094 V MountService:     fsType=null fsUuid=null fsLabel=null 
12-04 08:21:14.954  4078  4094 V MountService:     path=null internalPath=null 
12-04 08:21:14.961  4078  4133 D VoldConnector: SND -> {5 volume mount emulated 3 -1}
12-04 08:21:14.963  2920  2960 V vold    : Waiting for FUSE to spin up...
12-04 08:21:14.963  4078  4134 D VoldConnector: RCV <- {651 emulated 1}
12-04 08:21:14.963  4078  4134 D VoldConnector: RCV <- {656 emulated /data/media}
12-04 08:21:14.963  4078  4134 D VoldConnector: RCV <- {655 emulated /storage/emulated}
12-04 08:21:14.968  4078  4078 I Zygote  : Process: zygote socket opened, supported ABIS: arm64-v8a,armeabi
12-04 08:21:14.984  4078  4078 I ActivityManager: Start proc 4197:com.android.systemui/u0a24 for service com.android.systemui/.keyguard.KeyguardService
12-04 08:21:14.984  4078  4078 I BrokerableCMSystemService: Connecting to implementation
12-04 08:21:14.985  4078  4078 W ContextImpl: Calling a method in the system process without a qualified user: android.app.ContextImpl.bindService:1295 org.cyanogenmod.platform.internal.BrokerableCMSystemService.tryConnecting:199 org.cyanogenmod.platform.internal.ThemeManagerServiceBroker.onBootPhase:270 com.android.server.SystemServiceManager.startBootPhase:135 com.android.server.SystemServer$2.run:1180 
12-04 08:21:15.001  4078  4078 I ActivityManager: Start proc 4202:org.cyanogenmod.themeservice/u0a19 for service org.cyanogenmod.themeservice/.ThemeManagerService
12-04 08:21:15.001  4078  4078 I SystemServer: WebViewFactory preparation
12-04 08:21:15.007  4078  4078 I Zygote  : Process: zygote socket opened, supported ABIS: armeabi-v7a,armeabi
12-04 08:21:15.022  4078  4134 D VoldConnector: RCV <- {651 emulated 2}
12-04 08:21:15.022  4078  4134 D VoldConnector: RCV <- {200 5 Command succeeded}
12-04 08:21:15.028  4078  4078 I ActivityManager: Start proc 4208:WebViewLoader-armeabi-v7a/1037 [android.webkit.WebViewFactory$RelroFileCreator] for 
12-04 08:21:15.037  4197  4197 I art     : Late-enabling JIT
12-04 08:21:15.074  4202  4202 I art     : Late-enabling JIT
12-04 08:21:15.101  4197  4197 I art     : JIT created with code_cache_capacity=2MB compile_threshold=1000
12-04 08:21:15.105  4078  4092 I ActivityManager: Start proc 4214:com.android.externalstorage/u0a8 for broadcast com.android.externalstorage/.MountReceiver
12-04 08:21:15.130  4208  4208 I art     : Late-enabling JIT
12-04 08:21:15.164  4214  4214 I art     : Late-enabling JIT
12-04 08:21:15.175  4208  4208 I art     : JIT created with code_cache_capacity=2MB compile_threshold=1000
12-04 08:21:15.190  4078  4078 I ActivityManager: Start proc 4221:WebViewLoader-arm64-v8a/1037 [android.webkit.WebViewFactory$RelroFileCreator] for 
12-04 08:21:15.192  4078  4078 D NetworkManagement: enabling bandwidth control
12-04 08:21:15.205  4221  4221 I art     : Late-enabling JIT
12-04 08:21:15.293  4214  4214 I art     : JIT created with code_cache_capacity=2MB compile_threshold=1000
12-04 08:21:15.326  4208  4208 V WebViewFactory: RelroFileCreator (64bit = false),  32-bit lib: /system/app/webview/webview.apk!/lib/armeabi-v7a/libwebviewchromium.so, 64-bit lib: /system/app/webview/webview.apk!/lib/arm64-v8a/libwebviewchromium.so
12-04 08:21:15.368  4078  4092 I ActivityManager: Start proc 4243:android.process.media/u0a10 for broadcast com.android.providers.media/.MtpReceiver
12-04 08:21:15.369  4078  4133 W art     : Long monitor contention event with owner method=void com.android.server.am.BroadcastQueue.processNextBroadcast(boolean) from BroadcastQueue.java:654 waiters=1 for 169ms
12-04 08:21:15.379  4243  4243 I art     : Late-enabling JIT
12-04 08:21:15.394  4202  4202 I art     : JIT created with code_cache_capacity=2MB compile_threshold=1000
12-04 08:21:15.219  3331  3331 W auditd  : type=1325 audit(0.0:440): table=filter family=2 entries=72
12-04 08:21:15.219  3331  3331 W auditd  : type=1320 audit(0.0:440): 
12-04 08:21:15.229  3331  3331 W auditd  : type=1325 audit(0.0:441): table=filter family=10 entries=75
12-04 08:21:15.229  3331  3331 W auditd  : type=1320 audit(0.0:441): 
12-04 08:21:15.449  4221  4221 I art     : JIT created with code_cache_capacity=2MB compile_threshold=1000
12-04 08:21:15.554  4243  4243 I art     : JIT created with code_cache_capacity=2MB compile_threshold=1000
12-04 08:21:15.588  4221  4221 V WebViewFactory: RelroFileCreator (64bit = true),  32-bit lib: /system/app/webview/webview.apk!/lib/armeabi-v7a/libwebviewchromium.so, 64-bit lib: /system/app/webview/webview.apk!/lib/arm64-v8a/libwebviewchromium.so
12-04 08:21:15.594  4078  4089 W SchedPolicy: zygote64 add_tid_to_cpuset failed to write '4214' (Permission denied); fd=49
12-04 08:21:15.595  4078  4089 W ActivityManager: Failed setting process group of 4214 to 0
12-04 08:21:15.595  4078  4089 W System.err: java.lang.IllegalArgumentException
12-04 08:21:15.595  4078  4089 W System.err: 	at android.os.Process.setProcessGroup(Native Method)
12-04 08:21:15.595  4078  4089 W System.err: 	at com.android.server.am.ActivityManagerService.applyOomAdjLocked(ActivityManagerService.java:19193)
12-04 08:21:15.595  4078  4089 W System.err: 	at com.android.server.am.ActivityManagerService.updateOomAdjLocked(ActivityManagerService.java:19716)
12-04 08:21:15.595  4078  4089 W System.err: 	at com.android.server.am.BroadcastQueue.processCurBroadcastLocked(BroadcastQueue.java:267)
12-04 08:21:15.595  4078  4089 W System.err: 	at com.android.server.am.BroadcastQueue.sendPendingBroadcastsLocked(BroadcastQueue.java:307)
12-04 08:21:15.595  4078  4089 W System.err: 	at com.android.server.am.ActivityManagerService.sendPendingBroadcastsLocked(ActivityManagerService.java:16632)
12-04 08:21:15.595  4078  4089 W System.err: 	at com.android.server.am.ActivityManagerService.attachApplicationLocked(ActivityManagerService.java:6491)
12-04 08:21:15.595  4078  4089 W System.err: 	at com.android.server.am.ActivityManagerService.attachApplication(ActivityManagerService.java:6532)
12-04 08:21:15.595  4078  4089 W System.err: 	at android.app.ActivityManagerNative.onTransact(ActivityManagerNative.java:507)
12-04 08:21:15.595  4078  4089 W System.err: 	at com.android.server.am.ActivityManagerService.onTransact(ActivityManagerService.java:2680)
12-04 08:21:15.595  4078  4089 W System.err: 	at android.os.Binder.execTransact(Binder.java:453)
12-04 08:21:15.730  4197  4197 W System  : ClassLoader referenced unknown path: /system/priv-app/SystemUI/lib/arm64
12-04 08:21:15.801  4208  4208 I art     : System.exit called, status: 0
12-04 08:21:15.801  4208  4208 I AndroidRuntime: VM exiting with result code 0, cleanup skipped.
12-04 08:21:15.812  4078  4093 W WindowManager: Keyguard drawn timeout. Setting mKeyguardDrawComplete
12-04 08:21:15.827  4197  4197 V SystemUIService: Starting SystemUI services.
12-04 08:21:15.856  4214  4214 W System  : ClassLoader referenced unknown path: /system/priv-app/ExternalStorageProvider/lib/arm64
12-04 08:21:15.901  4214  4214 D ExternalStorage: After updating volumes, found 1 active roots
12-04 08:21:15.958  4214  4214 D ExternalStorage: After updating volumes, found 1 active roots
12-04 08:21:15.989  4214  4214 D ExternalStorage: After updating volumes, found 1 active roots
12-04 08:21:16.023  4221  4221 I art     : System.exit called, status: 0
12-04 08:21:16.023  4221  4221 I AndroidRuntime: VM exiting with result code 0, cleanup skipped.
12-04 08:21:16.067  4202  4202 W System  : ClassLoader referenced unknown path: /system/priv-app/ThemeManagerService/lib/arm64
12-04 08:21:16.099  4243  4243 W System  : ClassLoader referenced unknown path: /system/priv-app/MediaProvider/lib/arm64
12-04 08:21:16.124  4202  4202 I ThemeManagerService: Spawned worker thread
12-04 08:21:15.239  3331  3331 W auditd  : type=1325 audit(0.0:442): table=filter family=2 entries=71
12-04 08:21:15.239  3331  3331 W auditd  : type=1320 audit(0.0:442): 
12-04 08:21:15.259  3331  3331 W auditd  : type=1325 audit(0.0:443): table=filter family=10 entries=74
12-04 08:21:15.259  3331  3331 W auditd  : type=1320 audit(0.0:443): 
12-04 08:21:15.269  3331  3331 W auditd  : type=1325 audit(0.0:444): table=filter family=2 entries=70
12-04 08:21:15.269  3331  3331 W auditd  : type=1320 audit(0.0:444): 
12-04 08:21:15.279  3331  3331 W auditd  : type=1325 audit(0.0:445): table=filter family=10 entries=73
12-04 08:21:15.279  3331  3331 W auditd  : type=1320 audit(0.0:445): 
12-04 08:21:15.299  3331  3331 W auditd  : type=1325 audit(0.0:446): table=filter family=2 entries=70
12-04 08:21:15.299  3331  3331 W auditd  : type=1320 audit(0.0:446): 
12-04 08:21:15.309  3331  3331 W auditd  : type=1325 audit(0.0:447): table=filter family=10 entries=73
12-04 08:21:15.309  3331  3331 W auditd  : type=1320 audit(0.0:447): 
12-04 08:21:15.319  3331  3331 W auditd  : type=1325 audit(0.0:448): table=filter family=2 entries=70
12-04 08:21:15.319  3331  3331 W auditd  : type=1320 audit(0.0:448): 
12-04 08:21:15.339  3331  3331 W auditd  : type=1325 audit(0.0:449): table=filter family=10 entries=73
12-04 08:21:15.339  3331  3331 W auditd  : type=1320 audit(0.0:449): 
12-04 08:21:15.349  3331  3331 W auditd  : type=1325 audit(0.0:450): table=filter family=2 entries=70
12-04 08:21:15.349  3331  3331 W auditd  : type=1320 audit(0.0:450): 
12-04 08:21:15.359  3331  3331 W auditd  : type=1325 audit(0.0:451): table=filter family=10 entries=73
12-04 08:21:15.359  3331  3331 W auditd  : type=1320 audit(0.0:451): 
12-04 08:21:15.369  3331  3331 W auditd  : type=1325 audit(0.0:452): table=raw family=2 entries=10
12-04 08:21:15.369  3331  3331 W auditd  : type=1320 audit(0.0:452): 
12-04 08:21:15.379  3331  3331 W auditd  : type=1325 audit(0.0:453): table=raw family=10 entries=10
12-04 08:21:15.379  3331  3331 W auditd  : type=1320 audit(0.0:453): 
12-04 08:21:16.369  3331  3331 W auditd  : type=1325 audit(0.0:520): table=filter family=2 entries=74
12-04 08:21:16.171  4078  4078 E NetdConnector: NDC Command {3 strict enable} took too long (624ms)
12-04 08:21:16.206  4243  4243 W System  : ClassLoader referenced unknown path: /system/priv-app/DownloadProvider/lib/arm64
12-04 08:21:16.225  4078  4078 W System  : ClassLoader referenced unknown path: /system/framework/ConnectivityExt.jar
12-04 08:21:16.226  4078  4078 W ConnectivityExtension: Connectivity extension is not available
12-04 08:21:16.309  4202  4202 D ThemeManagerService: Previous api level not found. First time booting?
12-04 08:21:16.310  4202  4202 D ThemeManagerService: Prev api level was: -1, api is now: 23
12-04 08:21:16.310  4202  4202 D ThemeManagerService: The system has been upgraded to a theme new api, checking if currently set theme is compatible
12-04 08:21:16.392  4078  4271 I ActivityManager: Start proc 4379:org.cyanogenmod.themes.provider/u0a20 for content provider org.cyanogenmod.themes.provider/.ThemesProvider
12-04 08:21:16.426  4078  4078 D PermissionMonitor: Monitoring
12-04 08:21:16.457  4243  4243 I DownloadManager: Upgrading downloads database from version 0 to version 109, which will destroy all old data
12-04 08:21:16.465  4197  4385 E WVMExtractor: Failed to open libwvm.so: dlopen failed: library "libwvm.so" not found
12-04 08:21:16.474  4078  4078 D PermissionMonitor: Users: 1, Apps: 74
12-04 08:21:16.508  4078  4078 I SystemServiceManager: Starting phase 600
12-04 08:21:16.547  4078  4096 D BluetoothManagerService: Message: 20
12-04 08:21:16.547  4078  4096 D BluetoothManagerService: Added callback: android.bluetooth.BluetoothAdapter$1@b05ed11:true
12-04 08:21:16.547  4078  4096 D BluetoothManagerService: Message: 30
12-04 08:21:16.562  4078  4096 D BluetoothManagerService: Message: 30
12-04 08:21:16.575  3786  4154 I AudioFlinger: systemReady
12-04 08:21:16.586  3786  4076 I EXYNOS_COMP_REGS: Loading the library: libOMX.Exynos.AVC.Decoder.so
12-04 08:21:16.598  3786  4076 I EXYNOS_COMP_REGS: Loading the library: libOMX.Exynos.AVC.Encoder.so
12-04 08:21:16.603  3786  4076 I EXYNOS_COMP_REGS: Loading the library: libOMX.Exynos.MPEG4.Decoder.so
12-04 08:21:16.609  3786  4076 I EXYNOS_COMP_REGS: Loading the library: libOMX.Exynos.MPEG4.Encoder.so
12-04 08:21:16.615  3786  4076 I EXYNOS_COMP_REGS: Loading the library: libOMX.Exynos.VP8.Decoder.so
12-04 08:21:16.620  3786  4076 I EXYNOS_COMP_REGS: Loading the library: libOMX.Exynos.VP8.Encoder.so
12-04 08:21:16.638  4078  4078 I BackupManagerService: Backup enabled => false
12-04 08:21:16.648  3786  4076 D libexynosv4l2: try node: /dev/video6
12-04 08:21:16.648  3786  4076 I libexynosv4l2: node found for device s5p-mfc-dec: /dev/video6
12-04 08:21:16.664  3786  4076 I libexynosv4l2: open video device /dev/video6
12-04 08:21:16.672  3786  4076 D libexynosv4l2: try node: /dev/video6
12-04 08:21:16.672  3786  4076 I libexynosv4l2: node found for device s5p-mfc-dec: /dev/video6
12-04 08:21:16.674  4078  4078 D BrokerableCMSystemService: Third party apps ready
12-04 08:21:16.674  4078  4078 I BrokerableCMSystemService: Connecting to implementation
12-04 08:21:16.674  4078  4078 W ContextImpl: Calling a method in the system process without a qualified user: android.app.ContextImpl.bindService:1295 org.cyanogenmod.platform.internal.BrokerableCMSystemService.tryConnecting:199 org.cyanogenmod.platform.internal.BrokerableCMSystemService.onBootPhase:127 org.cyanogenmod.platform.internal.ThemeManagerServiceBroker.onBootPhase:272 com.android.server.SystemServiceManager.startBootPhase:135 
12-04 08:21:16.675  4078  4078 D BrokerableCMSystemService: Third party apps ready
12-04 08:21:16.675  4078  4078 I BrokerableCMSystemService: Connecting to implementation
12-04 08:21:16.675  4078  4078 W ContextImpl: Calling a method in the system process without a qualified user: android.app.ContextImpl.bindService:1295 org.cyanogenmod.platform.internal.BrokerableCMSystemService.tryConnecting:199 org.cyanogenmod.platform.internal.BrokerableCMSystemService.onBootPhase:127 com.android.server.SystemServiceManager.startBootPhase:135 com.android.server.SystemServer$2.run:1231 
12-04 08:21:16.678  3786  4076 I libexynosv4l2: open video device /dev/video6
12-04 08:21:16.684  3786  4076 D libexynosv4l2: try node: /dev/video6
12-04 08:21:16.684  3786  4076 I libexynosv4l2: node found for device s5p-mfc-dec: /dev/video6
12-04 08:21:16.689  3786  4076 I libexynosv4l2: open video device /dev/video6
12-04 08:21:16.691  3786  4076 E OMX     : FAILED to allocate omx component 'OMX.Exynos.avc.dec.secure' err=InvalidComponentName(0x80001002)
12-04 08:21:16.695  4078  4078 D BrokerableCMSystemService: Third party apps ready
12-04 08:21:16.695  4078  4078 I BrokerableCMSystemService: Connecting to implementation
12-04 08:21:16.696  3786  4076 D libexynosv4l2: try node: /dev/video6
12-04 08:21:16.696  3786  4076 I libexynosv4l2: node found for device s5p-mfc-dec: /dev/video6
12-04 08:21:16.701  3786  4076 I libexynosv4l2: open video device /dev/video6
12-04 08:21:16.702  3786  4076 E OMXNodeInstance: getParameter(4:Exynos.VP8.Decoder, ParamVideoProfileLevelQuerySupported(0x600000f)) ERROR: UnsupportedIndex(0x8000101a)
12-04 08:21:16.703  3786  4076 E OMX     : FAILED to allocate omx component 'OMX.Exynos.HEVC.Decoder' err=InvalidComponentName(0x80001002)
12-04 08:21:16.703  3786  4076 E OMX     : FAILED to allocate omx component 'OMX.Exynos.VP9.Decoder' err=InvalidComponentName(0x80001002)
12-04 08:21:16.704  3786  4076 E OMX     : FAILED to allocate omx component 'OMX.Exynos.VC1.Decoder' err=InvalidComponentName(0x80001002)
12-04 08:21:16.704  3786  4076 E OMX     : FAILED to allocate omx component 'OMX.Exynos.VC1.Decoder' err=InvalidComponentName(0x80001002)
12-04 08:21:16.704  3786  4076 W MediaCodecList: ignoring Limit specified outside of a Type
12-04 08:21:16.704  3786  4076 W MediaCodecList: ignoring Limit specified outside of a Type
12-04 08:21:16.704  3786  4076 W MediaCodecList: ignoring Limit specified outside of a Type
12-04 08:21:16.704  3786  4076 W MediaCodecList: ignoring Limit specified outside of a Type
12-04 08:21:16.704  3786  4076 W MediaCodecList: ignoring Limit specified outside of a Type
12-04 08:21:16.704  3786  4076 W MediaCodecList: ignoring Limit specified outside of a Type
12-04 08:21:16.704  3786  4076 W MediaCodecList: ignoring Feature specified outside of a Type
12-04 08:21:16.704  3786  4076 E OMX     : FAILED to allocate omx component 'OMX.Exynos.MP3.Decoder' err=InvalidComponentName(0x80001002)
12-04 08:21:16.704  3786  4076 E OMX     : FAILED to allocate omx component 'OMX.Exynos.MP3.Decoder' err=InvalidComponentName(0x80001002)
12-04 08:21:16.704  3786  4076 E OMX     : FAILED to allocate omx component 'OMX.Exynos.MP3.Decoder' err=InvalidComponentName(0x80001002)
12-04 08:21:16.704  3786  4076 E OMX     : FAILED to allocate omx component 'OMX.Exynos.AAC.Decoder' err=InvalidComponentName(0x80001002)
12-04 08:21:16.708  3786  4076 D libexynosv4l2: try node: /dev/video6
12-04 08:21:16.709  3786  4076 D libexynosv4l2: try node: /dev/video7
12-04 08:21:16.709  3786  4076 I libexynosv4l2: node found for device s5p-mfc-enc: /dev/video7
12-04 08:21:16.714  3786  4076 I libexynosv4l2: open video device /dev/video7
12-04 08:21:16.714  3786  4076 W ACodec  : do not know color format 0x7f000011 = 2130706449
12-04 08:21:16.714  3786  4076 W ACodec  : do not know color format 0x10 = 16
12-04 08:21:16.714  3786  4076 W ACodec  : do not know color format 0x7f000013 = 2130706451
12-04 08:21:16.714  3786  4076 W ACodec  : do not know color format 0x7f000789 = 2130708361
12-04 08:21:16.720  3786  4076 D libexynosv4l2: try node: /dev/video6
12-04 08:21:16.720  3786  4076 D libexynosv4l2: try node: /dev/video7
12-04 08:21:16.720  3786  4076 I libexynosv4l2: node found for device s5p-mfc-enc: /dev/video7
12-04 08:21:16.725  3786  4076 I libexynosv4l2: open video device /dev/video7
12-04 08:21:16.725  3786  4076 W ACodec  : do not know color format 0x7f000011 = 2130706449
12-04 08:21:16.725  3786  4076 W ACodec  : do not know color format 0x10 = 16
12-04 08:21:16.725  3786  4076 W ACodec  : do not know color format 0x7f000013 = 2130706451
12-04 08:21:16.725  3786  4076 W ACodec  : do not know color format 0x7f000789 = 2130708361
12-04 08:21:16.730  3786  4076 D libexynosv4l2: try node: /dev/video6
12-04 08:21:16.730  3786  4076 D libexynosv4l2: try node: /dev/video7
12-04 08:21:16.730  3786  4076 I libexynosv4l2: node found for device s5p-mfc-enc: /dev/video7
12-04 08:21:16.735  3786  4076 I libexynosv4l2: open video device /dev/video7
12-04 08:21:16.736  3786  4076 W ACodec  : do not know color format 0x7f000011 = 2130706449
12-04 08:21:16.736  3786  4076 W ACodec  : do not know color format 0x10 = 16
12-04 08:21:16.736  3786  4076 W ACodec  : do not know color format 0x7f000013 = 2130706451
12-04 08:21:16.736  3786  4076 W ACodec  : do not know color format 0x7f000789 = 2130708361
12-04 08:21:16.736  4078  4078 W ContextImpl: Calling a method in the system process without a qualified user: android.app.ContextImpl.bindService:1295 org.cyanogenmod.platform.internal.BrokerableCMSystemService.tryConnecting:199 org.cyanogenmod.platform.internal.BrokerableCMSystemService.onBootPhase:127 org.cyanogenmod.platform.internal.LiveLockScreenServiceBroker.onBootPhase:273 com.android.server.SystemServiceManager.startBootPhase:135 
12-04 08:21:16.740  3786  4076 D libexynosv4l2: try node: /dev/video6
12-04 08:21:16.741  3786  4076 D libexynosv4l2: try node: /dev/video7
12-04 08:21:16.741  3786  4076 I libexynosv4l2: node found for device s5p-mfc-enc: /dev/video7
12-04 08:21:16.746  3786  4076 I libexynosv4l2: open video device /dev/video7
12-04 08:21:16.746  3786  4076 W ACodec  : do not know color format 0x7f000011 = 2130706449
12-04 08:21:16.746  3786  4076 W ACodec  : do not know color format 0x10 = 16
12-04 08:21:16.746  3786  4076 W ACodec  : do not know color format 0x7f000013 = 2130706451
12-04 08:21:16.746  3786  4076 W ACodec  : do not know color format 0x7f000789 = 2130708361
12-04 08:21:16.747  3786  4076 E OMX     : FAILED to allocate omx component 'OMX.Exynos.HEVC.Encoder' err=InvalidComponentName(0x80001002)
12-04 08:21:16.747  3786  4076 E OMX     : FAILED to allocate omx component 'OMX.Exynos.VP9.Encoder' err=InvalidComponentName(0x80001002)
12-04 08:21:16.750  3786  4076 W OMXNodeInstance: [9:google.mpeg4.decoder] component does not support metadata mode; using fallback
12-04 08:21:16.752  3786  4076 W OMXNodeInstance: [a:google.mpeg4.decoder] component does not support metadata mode; using fallback
12-04 08:21:16.752  3786  4076 W MediaCodecList: ignoring Limit specified outside of a Type
12-04 08:21:16.752  3786  4076 W MediaCodecList: ignoring Limit specified outside of a Type
12-04 08:21:16.752  3786  4076 W MediaCodecList: ignoring Limit specified outside of a Type
12-04 08:21:16.753  3786  4076 W MediaCodecList: ignoring Limit specified outside of a Type
12-04 08:21:16.753  3786  4076 W MediaCodecList: ignoring Limit specified outside of a Type
12-04 08:21:16.753  3786  4076 W MediaCodecList: ignoring Feature specified outside of a Type
12-04 08:21:16.754  3786  4076 W OMXNodeInstance: [b:google.h263.decoder] component does not support metadata mode; using fallback
12-04 08:21:16.757  3786  4076 W OMXNodeInstance: [c:google.h264.decoder] component does not support metadata mode; using fallback
12-04 08:21:16.763  3786  4076 W OMXNodeInstance: [d:google.hevc.decoder] component does not support metadata mode; using fallback
12-04 08:21:16.768  3786  4076 W OMXNodeInstance: [e:google.vp8.decoder] component does not support metadata mode; using fallback
12-04 08:21:16.770  3786  4076 W OMXNodeInstance: [f:google.vp9.decoder] component does not support metadata mode; using fallback
12-04 08:21:16.773  3786  4076 I SoftMPEG4Encoder: Construct SoftMPEG4Encoder
12-04 08:21:16.773  3786  4076 W ACodec  : do not know color format 0x7f000789 = 2130708361
12-04 08:21:16.777  3786  4076 W ACodec  : do not know color format 0x7f000789 = 2130708361
12-04 08:21:16.777  4078  4398 E WVMExtractor: Failed to open libwvm.so: dlopen failed: library "libwvm.so" not found
12-04 08:21:16.779  3786  4076 I SoftMPEG4Encoder: Construct SoftMPEG4Encoder
12-04 08:21:16.779  3786  4076 W ACodec  : do not know color format 0x7f000789 = 2130708361
12-04 08:21:16.783  3786  4076 W ACodec  : do not know color format 0x7f000789 = 2130708361
12-04 08:21:16.801  4078  4078 I ActivityManager: Start proc 4421:org.cyanogenmod.livelockscreen.service/u0a11 for service org.cyanogenmod.livelockscreen.service/.LiveLockScreenManagerService
12-04 08:21:16.801  4078  4078 D BrokerableCMSystemService: Third party apps ready
12-04 08:21:16.801  4078  4078 I BrokerableCMSystemService: Connecting to implementation
12-04 08:21:16.801  4078  4078 W ContextImpl: Calling a method in the system process without a qualified user: android.app.ContextImpl.bindService:1295 org.cyanogenmod.platform.internal.BrokerableCMSystemService.tryConnecting:199 org.cyanogenmod.platform.internal.BrokerableCMSystemService.onBootPhase:127 com.android.server.SystemServiceManager.startBootPhase:135 com.android.server.SystemServer$2.run:1231 
12-04 08:21:16.822  3786  4076 W MediaCodecList: Component OMX.Exynos.MP3.Decoder does not support any type of media?
12-04 08:21:16.822  3786  4076 W MediaCodecList: Component OMX.Exynos.VC1.Decoder does not support any type of media?
12-04 08:21:16.823  3786  4076 W MediaCodecList: unable to open media codecs configuration xml file: /etc/media_codecs_performance.xml
12-04 08:21:16.823  3786  4076 W MediaCodecList: unable to open media codecs configuration xml file: /data/misc/media/media_codecs_profiling_results.xml
12-04 08:21:16.826  4197  4392 I OMXClient: Using client-side OMX mux.
12-04 08:21:16.924  4078  4078 I ActivityManager: Start proc 4471:org.cyanogenmod.weatherservice/u0a26 for service org.cyanogenmod.weatherservice/.WeatherManagerService
12-04 08:21:16.924  4078  4078 D BrokerableCMSystemService: Third party apps ready
12-04 08:21:16.924  4078  4078 I BrokerableCMSystemService: Connecting to implementation
12-04 08:21:16.925  4078  4078 W ContextImpl: Calling a method in the system process without a qualified user: android.app.ContextImpl.bindService:1295 org.cyanogenmod.platform.internal.BrokerableCMSystemService.tryConnecting:199 org.cyanogenmod.platform.internal.BrokerableCMSystemService.onBootPhase:127 org.cyanogenmod.platform.internal.CMAudioServiceBroker.onBootPhase:58 com.android.server.SystemServiceManager.startBootPhase:135 
12-04 08:21:16.926  4078  4093 W art     : Long monitor contention event with owner method=int com.android.server.am.ActivityManagerService.bindService(android.app.IApplicationThread, android.os.IBinder, android.content.Intent, java.lang.String, android.app.IServiceConnection, int, java.lang.String, int) from ActivityManagerService.java:16405 waiters=0 for 123ms
12-04 08:21:16.975  4078  4477 I OMXClient: Using client-side OMX mux.
12-04 08:21:17.011  4078  4078 I ActivityManager: Start proc 4480:org.cyanogenmod.cmaudio.service/u0a0 for service org.cyanogenmod.cmaudio.service/.CMAudioService
12-04 08:21:17.012  4078  4306 W art     : Long monitor contention event with owner method=int com.android.server.am.ActivityManagerService.bindService(android.app.IApplicationThread, android.os.IBinder, android.content.Intent, java.lang.String, android.app.IServiceConnection, int, java.lang.String, int) from ActivityManagerService.java:16405 waiters=2 for 104ms
12-04 08:21:17.206  4078  4078 E InputMethodManagerService: Ignoring updateSystemUiLocked due to an invalid token. uid:1000 token:null
12-04 08:21:17.234  4197  4489 I OMXClient: Using client-side OMX mux.
12-04 08:21:17.244  4078  4078 W InputMethodManagerService: Reset the default IME as "Resource" is ready here.
12-04 08:21:17.281  4078  4078 I InputMethodManagerService: Selected default: com.android.inputmethod.latin/.LatinIME
12-04 08:21:17.300  4078  4078 W InputMethodManagerService: Illegal subtype state: old subtype = null, new subtype = android.view.inputmethod.InputMethodSubtype@c9194f98
12-04 08:21:17.301  4243  4243 I MediaProvider: Upgrading media database from version 0 to 800, which will destroy all old data
12-04 08:21:17.329  4078  4494 I OMXClient: Using client-side OMX mux.
12-04 08:21:17.400  4078  4078 I ActivityManager: Start proc 4498:com.android.inputmethod.latin/u0a68 for service com.android.inputmethod.latin/.LatinIME
12-04 08:21:17.403  4078  4096 D BluetoothManagerService: Message: 100
12-04 08:21:17.403  4078  4096 E BluetoothManagerService: MESSAGE_TIMEOUT_BIND
12-04 08:21:17.415  4078  4078 V InputMethodManagerService: Adding window token: android.os.Binder@bba0ec5
12-04 08:21:17.439  4078  4078 E libgps  : proxy__gps_get_extension: Unsupported GpsInterface extension: "gps_measurement"
12-04 08:21:17.439  4078  4078 E libgps  : proxy__gps_get_extension: Unsupported GpsInterface extension: "gps_navigation_message"
12-04 08:21:17.483  4078  4078 W ServiceWatcher: com.google.android.gms not found
12-04 08:21:17.497  4078  4078 W ServiceWatcher: com.google.android.gms not found
12-04 08:21:17.498  4078  4078 W LocationManagerService: no network location provider found
12-04 08:21:17.498  4078  4078 W ServiceWatcher: com.google.android.gms not found
12-04 08:21:17.502  4078  4078 W ServiceWatcher: com.google.android.gms not found
12-04 08:21:17.502  4078  4078 E LocationManagerService: no geocoder provider found
12-04 08:21:17.503  4078  4078 E FlpHardwareProvider: Error hw_get_module 'flp': -2
12-04 08:21:17.503  4078  4078 E LocationManagerService: FLP HAL not supported
12-04 08:21:17.504  4078  4078 W ServiceWatcher: com.google.android.gms not found
12-04 08:21:17.506  4078  4078 E LocationManagerService: Unable to bind FLP Geofence proxy.
12-04 08:21:17.507  4078  4078 E ActivityRecognitionHardware: Error hw_get_module: -2
12-04 08:21:17.507  4078  4078 E LocationManagerService: Hardware Activity-Recognition not supported.
12-04 08:21:17.508  4078  4078 W ServiceWatcher: com.google.android.gms not found
12-04 08:21:17.508  4078  4078 E ActivityRecognitionProxy: ServiceWatcher could not start.
12-04 08:21:17.508  4078  4078 E LocationManagerService: Unable to bind ActivityRecognitionProxy.
12-04 08:21:17.516  4078  4351 W AppWidgetServiceImpl: Failed to read state: java.io.FileNotFoundException: /data/system/users/0/appwidgets.xml: open failed: ENOENT (No such file or directory)
12-04 08:21:17.516  4078  4351 V AppWidgetServiceImpl: Upgrading widget database from 0 to 1
12-04 08:21:17.668  4197  4504 I OMXClient: Using client-side OMX mux.
12-04 08:21:17.693  4078  4092 I ActivityManager: Start proc 4507:com.android.settings/1000 for broadcast com.android.settings/.widget.SettingsAppWidgetProvider
12-04 08:21:17.708  4379  4379 I art     : Late-enabling JIT
12-04 08:21:17.734  4379  4379 I art     : JIT created with code_cache_capacity=2MB compile_threshold=1000
12-04 08:21:16.369  3331  3331 W auditd  : type=1320 audit(0.0:520): 
12-04 08:21:16.379  3331  3331 W auditd  : type=1325 audit(0.0:521): table=filter family=10 entries=77
12-04 08:21:16.379  3331  3331 W auditd  : type=1320 audit(0.0:521): 
12-04 08:21:16.389  3331  3331 W auditd  : type=1325 audit(0.0:522): table=filter family=2 entries=75
12-04 08:21:16.389  3331  3331 W auditd  : type=1320 audit(0.0:522): 
12-04 08:21:17.775  4421  4421 I art     : Late-enabling JIT
12-04 08:21:17.802  4078  4078 I CommonTimeManagementService: No common time service detected on this platform.  Common time services will be unavailable.
12-04 08:21:17.803  4078  4132 I InputReader: Reconfiguring input devices.  changes=0x00000020
12-04 08:21:17.809  4078  4132 I InputReader: Reconfiguring input devices.  changes=0x00000010
12-04 08:21:17.816  4078  4078 I MmsServiceBroker: Delay connecting to MmsService until an API is called
12-04 08:21:17.840  4078  4078 D MountService: onStartUser 0
12-04 08:21:17.840  4078  4078 D VoldConnector: SND -> {6 volume user_started 0}
12-04 08:21:17.844  4471  4471 I art     : Late-enabling JIT
12-04 08:21:17.853  4480  4480 I art     : Late-enabling JIT
12-04 08:21:17.858  4498  4498 I art     : Late-enabling JIT
12-04 08:21:17.863  4507  4507 I art     : Late-enabling JIT
12-04 08:21:17.901  2920  2960 D vold    : Linking /storage/emulated/0 to /mnt/user/0/primary
12-04 08:21:17.902  4078  4134 D VoldConnector: RCV <- {200 6 Command succeeded}
12-04 08:21:17.934  4078  4133 D MountService: Volume emulated broadcasting mounted to UserHandle{0}
12-04 08:21:17.957  4078  4078 W VoiceInteractionManagerService: no available voice interaction services found for user 0
12-04 08:21:17.960  4078  4078 W VoiceInteractionManagerService: no available voice recognition services found for user 0
12-04 08:21:18.035  4498  4498 I art     : JIT created with code_cache_capacity=2MB compile_threshold=1000
12-04 08:21:18.039  4480  4480 I art     : JIT created with code_cache_capacity=2MB compile_threshold=1000
12-04 08:21:18.065  4471  4471 I art     : JIT created with code_cache_capacity=2MB compile_threshold=1000
12-04 08:21:18.067  4421  4421 I art     : JIT created with code_cache_capacity=2MB compile_threshold=1000
12-04 08:21:18.068  4078  4078 I ActivityManager: Start proc 4525:org.cyanogenmod.audiofx/u0a4 for added application org.cyanogenmod.audiofx
12-04 08:21:18.088  4507  4507 I art     : JIT created with code_cache_capacity=2MB compile_threshold=1000
12-04 08:21:18.093  4525  4525 I art     : Late-enabling JIT
12-04 08:21:18.096  4078  4528 I OMXClient: Using client-side OMX mux.
12-04 08:21:18.171  4197  4197 I vol.Events: writeEvent collection_started
12-04 08:21:18.251  4078  4078 I ActivityManager: Start proc 4544:com.android.phone/1001 for added application com.android.phone
12-04 08:21:18.252  4078  4078 I ActivityManager: START u0 {act=android.intent.action.MAIN cat=[android.intent.category.HOME] flg=0x10000000 cmp=com.android.settings/.CryptKeeper} from uid 0 on display 0
12-04 08:21:18.284  4544  4544 I art     : Late-enabling JIT
12-04 08:21:18.349  4525  4525 I art     : JIT created with code_cache_capacity=2MB compile_threshold=1000
12-04 08:21:18.355  4544  4544 I art     : JIT created with code_cache_capacity=2MB compile_threshold=1000
12-04 08:21:18.464  4078  4078 I ActivityManager: Start proc 4580:com.android.settings:CryptKeeper/1000 for activity com.android.settings/.CryptKeeper
12-04 08:21:18.473  4580  4580 I art     : Late-enabling JIT
12-04 08:21:18.521  4078  4093 W art     : Long monitor contention event with owner method=void com.android.server.am.ActivityManagerService.systemReady(java.lang.Runnable) from ActivityManagerService.java:12228 waiters=0 for 560ms
12-04 08:21:18.522  4078  4092 W art     : Long monitor contention event with owner method=void com.android.server.am.ActivityManagerService.systemReady(java.lang.Runnable) from ActivityManagerService.java:12228 waiters=1 for 537ms
12-04 08:21:18.522  4078  4351 W art     : Long monitor contention event with owner method=void com.android.server.am.ActivityManagerService.systemReady(java.lang.Runnable) from ActivityManagerService.java:12228 waiters=2 for 424ms
12-04 08:21:18.628  4580  4580 I art     : JIT created with code_cache_capacity=2MB compile_threshold=1000
12-04 08:21:18.633  4078  4078 I SystemServer: Enabled StrictMode for system server main thread.
12-04 08:21:18.641  4078  4306 W art     : Long monitor contention event with owner method=void com.android.server.am.ActivityManagerService.attachApplication(android.app.IApplicationThread) from ActivityManagerService.java:6529 waiters=3 for 118ms
12-04 08:21:18.676  4078  4089 W art     : Long monitor contention event with owner method=void com.android.server.am.ActivityManagerService.attachApplication(android.app.IApplicationThread) from ActivityManagerService.java:6529 waiters=3 for 153ms
12-04 08:21:18.677  4078  4589 W art     : Long monitor contention event with owner method=void com.android.server.am.ActivityManagerService.attachApplication(android.app.IApplicationThread) from ActivityManagerService.java:6529 waiters=3 for 153ms
12-04 08:21:18.703  4078  4092 W BroadcastQueue: Permission Denial: receiving Intent { act=android.intent.action.USER_SWITCHED flg=0x50000010 (has extras) } to ProcessRecord{e8e556 4202:org.cyanogenmod.themeservice/u0a19} (pid=4202, uid=10019) requires android.permission.MANAGE_USERS due to sender null (uid 1000)
12-04 08:21:18.744  4197  4549 I vol.Events: writeEvent external_ringer_mode_changed normal
12-04 08:21:18.751  4197  4549 I vol.Events: writeEvent internal_ringer_mode_changed normal
12-04 08:21:18.956  4078  4078 D RttService: SCAN_AVAILABLE : 1
12-04 08:21:18.959  4078  4178 D RttService: DefaultState got{ when=-2ms what=160513 target=com.android.internal.util.StateMachine$SmHandler }
12-04 08:21:19.006  4078  4078 I Choreographer: Skipped 259 frames!  The application may be doing too much work on its main thread.
12-04 08:21:19.022  4078  4610 I OMXClient: Using client-side OMX mux.
12-04 08:21:19.064  4078  4078 W System  : ClassLoader referenced unknown path: /system/priv-app/Telecom/lib/arm64
12-04 08:21:19.369  4078  4096 D BluetoothManagerService: Message: 30
12-04 08:21:19.405  4471  4471 W System  : ClassLoader referenced unknown path: /system/priv-app/WeatherManagerService/lib/arm64
12-04 08:21:19.412  4379  4379 W System  : ClassLoader referenced unknown path: /system/priv-app/ThemesProvider/lib/arm64
12-04 08:21:19.446  4243  4243 D MediaProvider: Adjusting external storage paths to: /storage/emulated/0
12-04 08:21:19.544  4078  4623 I OMXClient: Using client-side OMX mux.
12-04 08:21:19.740  4243  4243 E SQLiteLog: (1) no such table: album_info
12-04 08:21:19.773  4078  4351 W art     : Long monitor contention event with owner method=void android.util.ArrayMap.allocArrays(int) from ArrayMap.java:164 waiters=0 for 575ms
12-04 08:21:19.774  4078  4595 W art     : Long monitor contention event with owner method=void android.util.ArrayMap.allocArrays(int) from ArrayMap.java:164 waiters=1 for 567ms
12-04 08:21:19.774  4078  4589 W art     : Long monitor contention event with owner method=void android.util.ArrayMap.allocArrays(int) from ArrayMap.java:164 waiters=2 for 367ms
12-04 08:21:19.774  4078  4606 W art     : Long monitor contention event with owner method=void android.util.ArrayMap.allocArrays(int) from ArrayMap.java:164 waiters=3 for 367ms
12-04 08:21:19.775  4078  4078 W art     : Long monitor contention event with owner method=void android.util.ArrayMap.allocArrays(int) from ArrayMap.java:164 waiters=6 for 279ms
12-04 08:21:19.776  4078  4306 W art     : Long monitor contention event with owner method=void android.util.ArrayMap.allocArrays(int) from ArrayMap.java:164 waiters=7 for 191ms
12-04 08:21:19.806  4078  4078 I Telecom : ViceNotificationImpl: ViceNotificationImpl
12-04 08:21:19.842  4078  4627 I OMXClient: Using client-side OMX mux.
12-04 08:21:20.019  4078  4096 D BluetoothManagerService: Message: 30
12-04 08:21:20.037  4078  4078 I Telecom : Class: TelecomSystem.INSTANCE being set
12-04 08:21:20.049  4078  4078 W ContextImpl: Calling a method in the system process without a qualified user: android.app.ContextImpl.startService:1231 android.content.ContextWrapper.startService:587 com.android.server.telecom.components.TelecomService.initializeTelecomSystem:141 com.android.server.telecom.components.TelecomService.onBind:69 android.app.ActivityThread.handleBindService:2938 
12-04 08:21:20.090  4580  4580 W System  : ClassLoader referenced unknown path: /system/priv-app/Settings/lib/arm64
12-04 08:21:20.125  4078  4632 I ActivityManager: Start proc 4634:android.process.acore/u0a3 for content provider com.android.providers.contacts/.CallLogProvider
12-04 08:21:20.145  4078  4078 D ZenLog  : disable_effects: -1|android|17040481|null|1000,booleanState
12-04 08:21:20.150  4078  4078 D ZenLog  : disable_effects: -1|android|17040487|null|1000,booleanState
12-04 08:21:20.258  4580  4580 D CryptKeeper: Disabling component ComponentInfo{com.android.settings/com.android.settings.CryptKeeper}
12-04 08:21:20.304  4379  4379 W art     : Long monitor contention event with owner method=void android.database.sqlite.SQLiteConnection.nativeExecute(long, long) from SQLiteConnection.java:4294967294 waiters=0 for 750ms
12-04 08:21:20.318  4078  4078 W System  : ClassLoader referenced unknown path: /system/priv-app/FusedLocation/lib/arm64
12-04 08:21:20.332  4078  4180 V KeyValueBackupJob: Scheduling k/v pass in 245 minutes
12-04 08:21:20.419  4078  4078 D GpsNetInitiatedHandler: location enabled :true
12-04 08:21:20.419  4078  4078 V WiredAccessoryManager: init()
12-04 08:21:20.450  4078  4351 I ActivityManager: START u0 {act=android.intent.action.MAIN cat=[android.intent.category.HOME] flg=0x10000000 cmp=com.cyanogenmod.setupwizard/.ui.SetupWizardActivity} from uid 0 on display 0
12-04 08:21:20.488  4421  4421 W System  : ClassLoader referenced unknown path: /system/priv-app/LiveLockScreenService/lib/arm64
12-04 08:21:20.498  4544  4544 W System  : ClassLoader referenced unknown path: /system/priv-app/TeleService/lib/arm64
12-04 08:21:20.505  4525  4525 W System  : ClassLoader referenced unknown path: /system/priv-app/AudioFX/lib/arm64
12-04 08:21:20.668  4078  4351 I ActivityManager: Start proc 4645:com.cyanogenmod.setupwizard/1000 for activity com.cyanogenmod.setupwizard/.ui.SetupWizardActivity
12-04 08:21:20.671  4078  4089 W art     : Long monitor contention event with owner method=void com.android.server.am.ActivityManagerService.activityPaused(android.os.IBinder) from ActivityManagerService.java:6793 waiters=3 for 209ms
12-04 08:21:20.675  4078  4078 W art     : Long monitor contention event with owner method=void com.android.server.am.ActivityManagerService.activityPaused(android.os.IBinder) from ActivityManagerService.java:6793 waiters=5 for 158ms
12-04 08:21:20.693  4078  4093 I ActivityManager: Config changes=20 {1.0 ?mcc?mnc en_US ldltr sw360dp w360dp h616dp 640dpi nrml long port finger -keyb/v/h -nav/h s.6 themeResource=null}
12-04 08:21:20.775  4544  4544 W System  : ClassLoader referenced unknown path: /system/priv-app/TelephonyProvider/lib/arm64
12-04 08:21:21.018  4243  4243 I art     : Waiting for a blocking GC DisableMovingGc
12-04 08:21:21.035  4498  4498 I LatinIME: Hardware accelerated drawing: true
12-04 08:21:21.036  4243  4243 I art     : WaitForGcToComplete blocked for 18.528ms for cause DisableMovingGc
12-04 08:21:21.036  4243  4243 I art     : Starting a blocking GC DisableMovingGc
12-04 08:21:21.039  4078  4097 W WindowManager: Window freeze timeout expired.
12-04 08:21:21.039  4078  4097 W WindowManager: Force clearing orientation change: Window{ae3fa3b u0 KeyguardScrim}
12-04 08:21:21.097  3761  4337 D PermissionCache: checking android.permission.HARDWARE_TEST for uid=1000 => granted (11138 us)
12-04 08:21:21.244  3786  3786 V audio_hw_primary: adev_set_mic_mute: set mic mute: 0
12-04 08:21:21.308  4197  4549 I vol.Events: writeEvent level_changed STREAM_ALARM 6
12-04 08:21:21.343  4197  4197 D StorageNotification: Notifying about private volume: VolumeInfo{private}:
12-04 08:21:21.343  4197  4197 D StorageNotification:     type=PRIVATE diskId=null partGuid=null mountFlags=0 mountUserId=-1 
12-04 08:21:21.343  4197  4197 D StorageNotification:     state=MOUNTED 
12-04 08:21:21.343  4197  4197 D StorageNotification:     fsType=null fsUuid=null fsLabel=null 
12-04 08:21:21.343  4197  4197 D StorageNotification:     path=/data internalPath=null 
12-04 08:21:21.422  4078  4078 E CMHardwareService: Vibrator is not supported
12-04 08:21:21.434  4078  4078 E CMHardwareService: Vibrator is not supported
12-04 08:21:21.440  4197  4549 I vol.Events: writeEvent level_changed STREAM_BLUETOOTH_SCO 7
12-04 08:21:21.451  4197  4549 I vol.Events: writeEvent level_changed STREAM_MUSIC 11
12-04 08:21:21.474  4078  4589 I ActivityManager: Start proc 4654:com.cyanogenmod.eleven/u0a39 for broadcast com.cyanogenmod.eleven/.MediaButtonIntentReceiver
12-04 08:21:21.474  4078  4093 W art     : Long monitor contention event with owner method=void com.android.server.am.BroadcastQueue.processNextBroadcast(boolean) from BroadcastQueue.java:654 waiters=0 for 165ms
12-04 08:21:21.479  4078  4078 V BackupManagerService: Connected to transport ComponentInfo{android/com.android.internal.backup.LocalTransportService}
12-04 08:21:21.479  4078  4078 V BackupManagerService: Registering transport android/com.android.internal.backup.LocalTransportService::android/com.android.internal.backup.LocalTransport = android.app.backup.BackupTransport$TransportImpl@74368b
12-04 08:21:21.481  4078  4078 I Choreographer: Skipped 141 frames!  The application may be doing too much work on its main thread.
12-04 08:21:21.503  4525  4653 D AudioFx-AudioOutputChangeListener: onAudioOutputChanged id: 1 type: 2 name: SM-G935F address:  [android.media.AudioDeviceInfo@7308bc9]
12-04 08:21:21.506  4202  4202 D ThemeManagerService: Current overlay theme is same as default. Not doing anything for mods_status_bar
12-04 08:21:21.506  4202  4202 D ThemeManagerService: Current overlay theme is same as default. Not doing anything for mods_navigation_bar
12-04 08:21:21.506  4202  4202 D ThemeManagerService: Current overlay theme is same as default. Not doing anything for mods_overlays
12-04 08:21:21.506  4202  4202 D ThemeManagerService: Current theme is compatible with the system. Not unapplying anything
12-04 08:21:21.532  4525  4525 D AudioFxService: rebuilding presets due to preference upgrade from 0 to 3
12-04 08:21:21.599  4078  4078 I BrokerableCMSystemService: Implementation service connected
12-04 08:21:21.610  4634  4634 I art     : Late-enabling JIT
12-04 08:21:21.629  4634  4634 I art     : JIT created with code_cache_capacity=2MB compile_threshold=1000
