11-28 17:38:56.528  4062  4092 I PackageManager: SELinux relabeling of org.cyanogenmod.cmaudio.service issued.
11-28 17:38:56.546  4062  4089 I PackageManager: SELinux relabeling of org.cyanogenmod.cmsettings issued.
11-28 17:38:56.630  4062  4091 I PackageManager: SELinux relabeling of com.android.providers.calendar issued.
11-28 17:38:56.649  4062  4093 I PackageManager: SELinux relabeling of com.cyanogenmod.updater issued.
11-28 17:38:56.654  4062  4090 I PackageManager: SELinux relabeling of com.android.calllogbackup issued.
11-28 17:38:56.660  4062  4096 I PackageManager: SELinux relabeling of org.cyanogenmod.audiofx issued.
11-28 17:38:56.688  4062  4089 I PackageManager: SELinux relabeling of com.android.cellbroadcastreceiver issued.
11-28 17:38:56.757  4062  4091 W PackageParser: No actions in intent filter at /system/priv-app/Contacts/Contacts.apk Binary XML file line #301
11-28 17:38:56.820  4062  4090 I PackageManager: SELinux relabeling of com.android.providers.contacts issued.
11-28 17:38:56.828  4062  4089 I PackageManager: SELinux relabeling of com.android.defcontainer issued.
11-28 17:38:56.883  4062  4096 I PackageManager: SELinux relabeling of org.cyanogenmod.providers.datausage issued.
11-28 17:38:56.986  4062  4092 I PackageManager: SELinux relabeling of com.android.carrierconfig issued.
11-28 17:38:56.997  4062  4096 I PackageManager: SELinux relabeling of com.android.providers.downloads issued.
11-28 17:38:57.060  4062  4092 I PackageManager: SELinux relabeling of com.android.location.fused issued.
11-28 17:38:57.062  4062  4089 I PackageManager: SELinux relabeling of com.android.externalstorage issued.
11-28 17:38:57.079  4062  4090 W PackageParser: No actions in intent filter at /system/priv-app/Dialer/Dialer.apk Binary XML file line #152
11-28 17:38:57.100  4062  4096 W PackageManager: Permission android.permission.DOWNLOAD_WITHOUT_NOTIFICATION from package com.android.providers.downloads in an unknown group android.permission-group.NETWORK
11-28 17:38:57.132  4062  4072 I art     : Background sticky concurrent mark sweep GC freed 156768(10MB) AllocSpace objects, 113(4MB) LOS objects, 23% free, 31MB/41MB, paused 1.934ms total 276.475ms
11-28 17:38:57.217  4062  4096 I PackageManager: SELinux relabeling of com.android.inputdevices issued.
11-28 17:38:57.249  4062  4089 I PackageManager: SELinux relabeling of org.cyanogenmod.livelockscreen.service issued.
11-28 17:38:57.298  4062  4092 I PackageManager: SELinux relabeling of com.android.managedprovisioning issued.
11-28 17:38:57.369  4062  4089 I PackageManager: SELinux relabeling of com.android.mms.service issued.
11-28 17:38:57.394  4062  4096 I PackageManager: SELinux relabeling of com.android.providers.media issued.
11-28 17:38:57.528  4062  4092 I PackageManager: SELinux relabeling of com.android.onetimeinitializer issued.
11-28 17:38:57.593  4062  4096 I PackageManager: SELinux relabeling of com.android.proxyhandler issued.
11-28 17:38:57.694  4062  4092 I PackageManager: SELinux relabeling of org.cyanogenmod.screencast issued.
11-28 17:38:57.890  4062  4092 I PackageManager: SELinux relabeling of com.android.providers.settings issued.
11-28 17:38:57.968  4062  4089 I PackageManager: SELinux relabeling of com.android.packageinstaller issued.
11-28 17:38:58.005  4062  4092 I PackageManager: SELinux relabeling of com.android.sharedstoragebackup issued.
11-28 17:38:58.205  4062  4089 I PackageManager: SELinux relabeling of com.android.shell issued.
11-28 17:38:58.256  4062  4092 I PackageManager: SELinux relabeling of com.android.statementservice issued.
11-28 17:38:58.259  4062  4093 I PackageManager: SELinux relabeling of com.cyanogenmod.setupwizard issued.
11-28 17:38:58.369  4103  4103 V lhd     : GlLhdInterface::Init(/system/etc/lhd.conf)
11-28 17:38:58.369  4103  4103 E lhd     : Failed to read config file "/system/etc/lhd.conf"
11-28 17:38:58.369  4103  4103 E lhd     : ASSERT in GlLhdInterface.cpp:145: Failed to parse config file.
11-28 17:38:58.370  4103  4103 F libc    : Fatal signal 6 (SIGABRT), code -6 in tid 4103 (lhd)
11-28 17:38:58.370  3005  3005 I DEBUG   : property debug.db.uid not set; NOT waiting for gdb.
11-28 17:38:58.370  3005  3005 I DEBUG   : HINT: adb shell setprop debug.db.uid 100000
11-28 17:38:58.370  3005  3005 I DEBUG   : HINT: adb forward tcp:5039 tcp:5039
11-28 17:38:58.420  3005  3005 F DEBUG   : *** *** *** *** *** *** *** *** *** *** *** *** *** *** *** ***
11-28 17:38:58.421  3005  3005 F DEBUG   : CM Version: '13.0-20161128-UNOFFICIAL-hero2ltexx'
11-28 17:38:58.421  3005  3005 F DEBUG   : Build fingerprint: 'samsung/cm_hero2ltexx/hero2ltexx:6.0.1/MOB31K/2397aefd48:eng/test-keys'
11-28 17:38:58.421  3005  3005 F DEBUG   : Revision: '0'
11-28 17:38:58.421  3005  3005 F DEBUG   : ABI: 'arm64'
11-28 17:38:58.421  3005  3005 F DEBUG   : pid: 4103, tid: 4103, name: lhd  >>> /system/bin/lhd <<<
11-28 17:38:58.421  3005  3005 F DEBUG   : signal 6 (SIGABRT), code -6 (SI_TKILL), fault addr --------
11-28 17:38:58.423  3005  3005 F DEBUG   :     x0   0000000000000000  x1   0000000000001007  x2   0000000000000006  x3   0000000000000000
11-28 17:38:58.423  3005  3005 F DEBUG   :     x4   0000000000000000  x5   0000000000000001  x6   0000000000000000  x7   0000000000000000
11-28 17:38:58.423  3005  3005 F DEBUG   :     x8   0000000000000083  x9   0000007fd95b17c0  x10  00000000ffffffd8  x11  00000000ffffff80
11-28 17:38:58.423  3005  3005 F DEBUG   :     x12  0000007fa11e6c90  x13  ddadc537014c314c  x14  ddadc537014c314c  x15  0000000000000001
11-28 17:38:58.423  3005  3005 F DEBUG   :     x16  0000007fa0d73560  x17  0000007fa0d04d6c  x18  000000000000002a  x19  0000007fa11930d8
11-28 17:38:58.423  3005  3005 F DEBUG   :     x20  0000007fa1193018  x21  0000000000000002  x22  0000000000000006  x23  0000007fa11c4000
11-28 17:38:58.423  3005  3005 F DEBUG   :     x24  0000007fd95b1db8  x25  0000007fa11e9420  x26  0000000000000000  x27  0000000000000000
11-28 17:38:58.423  3005  3005 F DEBUG   :     x28  0000000000000000  x29  0000007fd95b1890  x30  0000007fa0d02508
11-28 17:38:58.423  3005  3005 F DEBUG   :     sp   0000007fd95b1890  pc   0000007fa0d04d74  pstate 0000000020000000
11-28 17:38:58.426  3005  3005 F DEBUG   : 
11-28 17:38:58.426  3005  3005 F DEBUG   : backtrace:
11-28 17:38:58.426  3005  3005 F DEBUG   :     #00 pc 0000000000069d74  /system/lib64/libc.so (tgkill+8)
11-28 17:38:58.426  3005  3005 F DEBUG   :     #01 pc 0000000000067504  /system/lib64/libc.so (pthread_kill+68)
11-28 17:38:58.426  3005  3005 F DEBUG   :     #02 pc 0000000000023448  /system/lib64/libc.so (raise+28)
11-28 17:38:58.426  3005  3005 F DEBUG   :     #03 pc 000000000001dbe8  /system/lib64/libc.so (abort+60)
11-28 17:38:58.426  3005  3005 F DEBUG   :     #04 pc 000000000000b9a8  /system/bin/lhd
11-28 17:38:58.426  3005  3005 F DEBUG   :     #05 pc 000000000000ba48  /system/bin/lhd
11-28 17:38:58.426  3005  3005 F DEBUG   :     #06 pc 000000000000c42c  /system/bin/lhd
11-28 17:38:58.426  3005  3005 F DEBUG   :     #07 pc 000000000000c6d8  /system/bin/lhd
11-28 17:38:58.426  3005  3005 F DEBUG   :     #08 pc 0000000000009a4c  /system/bin/lhd (main+64)
11-28 17:38:58.426  3005  3005 F DEBUG   :     #09 pc 000000000001bcd8  /system/lib64/libc.so (__libc_init+100)
11-28 17:38:58.426  3005  3005 F DEBUG   :     #10 pc 0000000000009df0  /system/bin/lhd
11-28 17:38:58.494  4062  4092 W PackageParser: Ignoring duplicate uses-permissions/uses-permissions-sdk-m: android.permission.ACCESS_WIFI_STATE in package: com.android.phone at: Binary XML file line #134
11-28 17:38:58.504  4062  4091 I PackageManager: SELinux relabeling of com.android.contacts issued.
11-28 17:38:58.574  4062  4093 I PackageManager: SELinux relabeling of com.android.server.telecom issued.
11-28 17:38:58.856  4062  4091 I PackageManager: SELinux relabeling of com.android.providers.telephony issued.
11-28 17:38:58.953  4062  4092 I PackageManager: SELinux relabeling of com.android.phone issued.
11-28 17:38:59.016  4062  4091 I PackageManager: SELinux relabeling of org.cyanogenmod.themeservice issued.
11-28 17:38:59.043  4062  4093 I PackageManager: SELinux relabeling of org.cyanogenmod.theme.chooser2 issued.
11-28 17:38:59.048  4062  4072 I art     : Background partial concurrent mark sweep GC freed 138424(9MB) AllocSpace objects, 71(4MB) LOS objects, 30% free, 36MB/52MB, paused 4.027ms total 952.483ms
11-28 17:38:59.060  4062  4090 I PackageManager: SELinux relabeling of com.android.dialer issued.
11-28 17:38:59.209  4062  4092 I PackageManager: SELinux relabeling of org.cyanogenmod.themes.provider issued.
11-28 17:38:59.216  4062  4093 I PackageManager: SELinux relabeling of com.android.vpndialogs issued.
11-28 17:38:59.257  4062  4090 I PackageManager: SELinux relabeling of com.android.wallpapercropper issued.
11-28 17:38:59.348  4062  4092 I PackageManager: SELinux relabeling of org.cyanogenmod.weatherservice issued.
11-28 17:38:59.382  4062  4093 I PackageManager: SELinux relabeling of org.cyanogenmod.weather.provider issued.
11-28 17:38:59.420  4062  4089 I PackageManager: SELinux relabeling of com.android.systemui issued.
11-28 17:38:59.422  4062  4091 I PackageManager: SELinux relabeling of com.cyanogenmod.trebuchet issued.
11-28 17:38:59.447  4062  4091 W PackageManager: Permission com.android.launcher.permission.INSTALL_SHORTCUT from package com.cyanogenmod.trebuchet in an unknown group android.permission-group.SYSTEM_TOOLS
11-28 17:38:59.447  4062  4091 W PackageManager: Permission com.android.launcher3.permission.READ_SETTINGS from package com.cyanogenmod.trebuchet in an unknown group android.permission-group.SYSTEM_TOOLS
11-28 17:38:59.447  4062  4091 W PackageManager: Permission com.android.launcher3.permission.WRITE_SETTINGS from package com.cyanogenmod.trebuchet in an unknown group android.permission-group.SYSTEM_TOOLS
11-28 17:38:59.649  3005  3005 F DEBUG   : 
11-28 17:38:59.649  3005  3005 F DEBUG   : Tombstone written to: /data/tombstones/tombstone_07
11-28 17:38:59.639  4103  4103 W lhd     : type=1701 audit(0.0:621): auid=4294967295 uid=1021 gid=1000 ses=4294967295 exe="/system/bin/lhd" sig=6
11-28 17:38:59.656  4062  4096 I PackageManager: SELinux relabeling of com.android.settings issued.
11-28 17:38:59.691  4062  4062 D PackageManager: end scanDirLI:/system/priv-app
11-28 17:38:59.692  4062  4062 D PackageManager: start scanDirLI:/system/app
11-28 17:38:59.692  4062  4062 D PackageManager: max thread:6
11-28 17:38:59.729  4062  4089 W PackageParser: No actions in intent filter at /system/app/CMFileManager/CMFileManager.apk Binary XML file line #164
11-28 17:38:59.790  4062  4092 W PackageParser: No actions in intent filter at /system/app/Bluetooth/Bluetooth.apk Binary XML file line #235
11-28 17:38:59.796  4062  4090 I PackageManager: SELinux relabeling of com.android.dreams.basic issued.
11-28 17:38:59.812  4062  4093 I PackageManager: SELinux relabeling of com.android.bluetoothmidiservice issued.
11-28 17:38:59.897  4062  4092 I PackageManager: SELinux relabeling of com.android.bluetooth issued.
11-28 17:38:59.915  4062  4096 I PackageManager: SELinux relabeling of com.cyanogenmod.wallpapers issued.
11-28 17:38:59.982  4062  4091 I PackageManager: SELinux relabeling of com.android.browser issued.
11-28 17:39:00.033  4062  4089 I PackageManager: SELinux relabeling of com.cyanogenmod.filemanager issued.
11-28 17:39:00.149  4062  4096 I PackageManager: SELinux relabeling of com.android.captiveportallogin issued.
11-28 17:39:00.164  4062  4092 I PackageManager: SELinux relabeling of com.android.certinstaller issued.
11-28 17:39:00.283  4062  4089 I PackageManager: SELinux relabeling of com.android.development issued.
11-28 17:39:00.291  4062  4093 I PackageManager: SELinux relabeling of com.android.calendar issued.
11-28 17:39:00.328  4062  4092 I PackageManager: SELinux relabeling of com.android.providers.downloads.ui issued.
11-28 17:39:00.419  4062  4096 I PackageManager: SELinux relabeling of com.android.documentsui issued.
11-28 17:39:00.585  4062  4092 I PackageManager: SELinux relabeling of com.android.calculator2 issued.
11-28 17:39:00.587  4062  4090 I PackageManager: SELinux relabeling of com.android.camera2 issued.
11-28 17:39:00.604  4062  4091 I PackageManager: SELinux relabeling of com.android.deskclock issued.
11-28 17:39:00.623  4062  4089 I PackageManager: SELinux relabeling of com.cyanogenmod.eleven issued.
11-28 17:39:00.627  4062  4096 I PackageManager: SELinux relabeling of com.android.exchange issued.
11-28 17:39:00.755  4062  4090 W PackageParser: Unknown element under <application>: permission at /system/app/Gallery2/Gallery2.apk Binary XML file line #279
11-28 17:39:00.756  4062  4090 W PackageParser: Unknown element under <application>: permission at /system/app/Gallery2/Gallery2.apk Binary XML file line #282
11-28 17:39:00.790  4062  4092 I PackageManager: SELinux relabeling of com.android.galaxy4 issued.
11-28 17:39:00.854  4062  4091 I PackageManager: SELinux relabeling of com.android.htmlviewer issued.
11-28 17:39:00.872  4062  4096 I PackageManager: SELinux relabeling of com.android.wallpaper.holospiral issued.
11-28 17:39:01.072  4062  4092 I PackageManager: SELinux relabeling of com.android.keychain issued.
11-28 17:39:01.160  4062  4096 I PackageManager: SELinux relabeling of com.android.wallpaper issued.
11-28 17:39:01.321  4062  4092 I PackageManager: SELinux relabeling of com.android.wallpaper.livepicker issued.
11-28 17:39:01.419  4062  4093 I PackageManager: SELinux relabeling of com.android.email issued.
11-28 17:39:01.475  4062  4090 I PackageManager: SELinux relabeling of com.android.gallery3d issued.
11-28 17:39:01.540  4062  4092 I PackageManager: SELinux relabeling of com.android.noisefield issued.
11-28 17:39:01.655  4062  4093 I PackageManager: SELinux relabeling of com.android.pacprocessor issued.
11-28 17:39:01.683  4062  4096 I PackageManager: SELinux relabeling of com.cyanogenmod.lockclock issued.
11-28 17:39:01.727  4062  4089 I PackageManager: SELinux relabeling of org.cyanogenmod.hexolibre issued.
11-28 17:39:01.756  4062  4090 I PackageManager: SELinux relabeling of com.android.phasebeam issued.
11-28 17:39:01.819  4062  4092 I PackageManager: SELinux relabeling of org.cyanogenmod.wallpapers.photophase issued.
11-28 17:39:01.847  4062  4093 I PackageManager: SELinux relabeling of com.android.dreams.phototable issued.
11-28 17:39:01.908  4062  4072 I art     : Background sticky concurrent mark sweep GC freed 219501(15MB) AllocSpace objects, 127(4MB) LOS objects, 16% free, 43MB/52MB, paused 15.143ms total 1.175s
11-28 17:39:01.978  4062  4089 I PackageManager: SELinux relabeling of com.svox.pico issued.
11-28 17:39:01.994  4062  4096 I PackageManager: SELinux relabeling of com.android.printspooler issued.
11-28 17:39:02.018  4062  4093 I PackageManager: SELinux relabeling of com.android.provision issued.
11-28 17:39:02.020  4062  4090 I PackageManager: SELinux relabeling of org.cyanogenmod.profiles issued.
11-28 17:39:02.128  4062  4089 I PackageManager: SELinux relabeling of com.gd.mobicore.pa issued.
11-28 17:39:02.210  4062  4096 I PackageManager: SELinux relabeling of com.android.soundrecorder issued.
11-28 17:39:02.211  4062  4092 I PackageManager: SELinux relabeling of com.cyanogenmod.samsungservicemode issued.
11-28 17:39:02.222  4062  4090 I PackageManager: SELinux relabeling of com.android.stk issued.
11-28 17:39:02.255  4062  4089 I PackageManager: SELinux relabeling of com.android.providers.userdictionary issued.
11-28 17:39:02.262  4062  4093 I PackageManager: SELinux relabeling of com.android.terminal issued.
11-28 17:39:02.285  4062  4090 W PackageManager: Failed to parse /system/app/mcRegistry: Missing base APK in /system/app/mcRegistry
11-28 17:39:02.351  4062  4096 I PackageManager: SELinux relabeling of com.android.smspush issued.
11-28 17:39:02.359  4062  4093 I PackageManager: SELinux relabeling of com.android.frameworks.telresources issued.
11-28 17:39:02.421  4062  4092 I PackageManager: SELinux relabeling of org.cyanogenmod.wallpaperpicker issued.
11-28 17:39:02.505  4062  4089 I PackageManager: SELinux relabeling of com.android.webview issued.
11-28 17:39:02.536  4062  4091 I PackageManager: SELinux relabeling of com.android.inputmethod.latin issued.
11-28 17:39:02.689  4116  4116 V lhd     : GlLhdInterface::Init(/system/etc/lhd.conf)
11-28 17:39:02.689  4116  4116 E lhd     : Failed to read config file "/system/etc/lhd.conf"
11-28 17:39:02.689  4116  4116 E lhd     : ASSERT in GlLhdInterface.cpp:145: Failed to parse config file.
11-28 17:39:02.689  4116  4116 F libc    : Fatal signal 6 (SIGABRT), code -6 in tid 4116 (lhd)
11-28 17:39:02.690  3005  3005 I DEBUG   : property debug.db.uid not set; NOT waiting for gdb.
11-28 17:39:02.690  3005  3005 I DEBUG   : HINT: adb shell setprop debug.db.uid 100000
11-28 17:39:02.690  3005  3005 I DEBUG   : HINT: adb forward tcp:5039 tcp:5039
11-28 17:39:02.748  3005  3005 F DEBUG   : *** *** *** *** *** *** *** *** *** *** *** *** *** *** *** ***
11-28 17:39:02.748  3005  3005 F DEBUG   : CM Version: '13.0-20161128-UNOFFICIAL-hero2ltexx'
11-28 17:39:02.748  3005  3005 F DEBUG   : Build fingerprint: 'samsung/cm_hero2ltexx/hero2ltexx:6.0.1/MOB31K/2397aefd48:eng/test-keys'
11-28 17:39:02.748  3005  3005 F DEBUG   : Revision: '0'
11-28 17:39:02.748  3005  3005 F DEBUG   : ABI: 'arm64'
11-28 17:39:02.748  3005  3005 F DEBUG   : pid: 4116, tid: 4116, name: lhd  >>> /system/bin/lhd <<<
11-28 17:39:02.748  3005  3005 F DEBUG   : signal 6 (SIGABRT), code -6 (SI_TKILL), fault addr --------
11-28 17:39:02.750  3005  3005 F DEBUG   :     x0   0000000000000000  x1   0000000000001014  x2   0000000000000006  x3   0000000000000000
11-28 17:39:02.750  3005  3005 F DEBUG   :     x4   0000000000000000  x5   0000000000000001  x6   0000000000000000  x7   0000000000000000
11-28 17:39:02.750  3005  3005 F DEBUG   :     x8   0000000000000083  x9   0000007fcc84ba10  x10  00000000ffffffd8  x11  00000000ffffff80
11-28 17:39:02.750  3005  3005 F DEBUG   :     x12  0000007fa5ca6c90  x13  25d4c03d7f40923a  x14  25d4c03d7f40923a  x15  0000000000000001
11-28 17:39:02.750  3005  3005 F DEBUG   :     x16  0000007fa5833560  x17  0000007fa57c4d6c  x18  000000000000002f  x19  0000007fa5c530d8
11-28 17:39:02.750  3005  3005 F DEBUG   :     x20  0000007fa5c53018  x21  0000000000000002  x22  0000000000000006  x23  0000007fa5c84000
11-28 17:39:02.750  3005  3005 F DEBUG   :     x24  0000007fcc84c008  x25  0000007fa5ca9420  x26  0000000000000000  x27  0000000000000000
11-28 17:39:02.750  3005  3005 F DEBUG   :     x28  0000000000000000  x29  0000007fcc84bae0  x30  0000007fa57c2508
11-28 17:39:02.750  3005  3005 F DEBUG   :     sp   0000007fcc84bae0  pc   0000007fa57c4d74  pstate 0000000020000000
11-28 17:39:02.755  3005  3005 F DEBUG   : 
11-28 17:39:02.755  3005  3005 F DEBUG   : backtrace:
11-28 17:39:02.755  3005  3005 F DEBUG   :     #00 pc 0000000000069d74  /system/lib64/libc.so (tgkill+8)
11-28 17:39:02.755  3005  3005 F DEBUG   :     #01 pc 0000000000067504  /system/lib64/libc.so (pthread_kill+68)
11-28 17:39:02.755  3005  3005 F DEBUG   :     #02 pc 0000000000023448  /system/lib64/libc.so (raise+28)
11-28 17:39:02.755  3005  3005 F DEBUG   :     #03 pc 000000000001dbe8  /system/lib64/libc.so (abort+60)
11-28 17:39:02.755  3005  3005 F DEBUG   :     #04 pc 000000000000b9a8  /system/bin/lhd
11-28 17:39:02.755  3005  3005 F DEBUG   :     #05 pc 000000000000ba48  /system/bin/lhd
11-28 17:39:02.755  3005  3005 F DEBUG   :     #06 pc 000000000000c42c  /system/bin/lhd
11-28 17:39:02.755  3005  3005 F DEBUG   :     #07 pc 000000000000c6d8  /system/bin/lhd
11-28 17:39:02.755  3005  3005 F DEBUG   :     #08 pc 0000000000009a4c  /system/bin/lhd (main+64)
11-28 17:39:02.755  3005  3005 F DEBUG   :     #09 pc 000000000001bcd8  /system/lib64/libc.so (__libc_init+100)
11-28 17:39:02.755  3005  3005 F DEBUG   :     #10 pc 0000000000009df0  /system/bin/lhd
11-28 17:39:02.954  4062  4072 I art     : Background partial concurrent mark sweep GC freed 301028(18MB) AllocSpace objects, 70(4MB) LOS objects, 33% free, 30MB/46MB, paused 769us total 221.926ms
11-28 17:39:02.970  4062  4090 I PackageManager: SELinux relabeling of com.android.messaging issued.
11-28 17:39:02.995  4062  4062 D PackageManager: end scanDirLI:/system/app
11-28 17:39:02.995  4062  4062 D PackageManager: No files in app dir /system/vendor/app
11-28 17:39:02.995  4062  4062 D PackageManager: No files in app dir /oem/app
11-28 17:39:02.996  4062  4062 D PackageManager: No files in app dir /vendor/bundled-app
11-28 17:39:02.997  4062  4062 D PackageManager: No files in app dir /data/app
11-28 17:39:02.997  4062  4062 D PackageManager: No files in app dir /data/app-private
11-28 17:39:02.997  4062  4062 W PackageManager: Package com.android.dialer desires unavailable shared library com.qualcomm.qti.smartsearch; ignoring!
11-28 17:39:02.997  4062  4062 W PackageManager: Package com.android.gallery3d desires unavailable shared library com.google.android.media.effects; ignoring!
11-28 17:39:02.997  4062  4062 W PackageManager: Package com.android.gallery3d desires unavailable shared library com.google.android.media.effects; ignoring!
11-28 17:39:02.997  4062  4062 I PackageManager: Adjusting ABI for : cyanogenmod.platform to arm64-v8a
11-28 17:39:02.998  3009  3009 E installd: invalid apk path '/system/framework/org.cyanogenmod.platform-res.apk' (bad prefix)
11-28 17:39:02.998  4062  4062 I PackageManager: Adjusting ABI for : com.android.inputdevices to arm64-v8a
11-28 17:39:02.999  4062  4062 I PackageManager: Adjusting ABI for : com.cyanogenmod.setupwizard to arm64-v8a
11-28 17:39:02.999  4062  4062 I PackageManager: Adjusting ABI for : com.android.development to arm64-v8a
11-28 17:39:03.000  4062  4062 I PackageManager: Adjusting ABI for : com.android.settings to arm64-v8a
11-28 17:39:03.000  4062  4062 I PackageManager: Adjusting ABI for : com.android.keychain to arm64-v8a
11-28 17:39:03.000  4062  4062 I PackageManager: Adjusting ABI for : com.android.location.fused to arm64-v8a
11-28 17:39:03.000  4062  4062 I PackageManager: Adjusting ABI for : org.cyanogenmod.providers.datausage to arm64-v8a
11-28 17:39:03.003  4062  4062 I PackageManager: Adjusting ABI for : com.android.providers.settings to arm64-v8a
11-28 17:39:03.004  4062  4062 I PackageManager: Adjusting ABI for : org.cyanogenmod.cmsettings to arm64-v8a
11-28 17:39:03.005  4062  4062 I PackageManager: Adjusting ABI for : com.android.server.telecom to arm64-v8a
11-28 17:39:03.006  4062  4062 I PackageManager: Time to scan packages: 7.099 seconds
11-28 17:39:03.018  4062  4062 W PackageManager: Unknown permission com.google.android.googleapps.permission.GOOGLE_AUTH in package com.android.providers.calendar
11-28 17:39:03.018  4062  4062 W PackageManager: Unknown permission com.google.android.googleapps.permission.GOOGLE_AUTH.cl in package com.android.providers.calendar
11-28 17:39:03.019  4062  4062 W PackageManager: Not granting permission android.permission.REAL_GET_TASKS to package org.cyanogenmod.wallpapers.photophase (protectionLevel=18 flags=0x3818be45)
11-28 17:39:03.019  4062  4062 W PackageManager: Unknown permission android.permission.CANCEL_NOTIFICATIONS in package org.cyanogenmod.theme.chooser2
11-28 17:39:03.019  4062  4062 W PackageManager: Unknown permission com.cyanogen.ambient.permission.BIND_CALLER_INFO in package com.android.messaging
11-28 17:39:03.020  4062  4062 W PackageManager: Unknown permission com.cyanogen.ambient.permission.BIND_RIDEINPROGRESS_SERVICE in package com.android.messaging
11-28 17:39:03.020  4062  4062 W PackageManager: Unknown permission com.cyanogen.ambient.permission.BIND_RIDESHARING_SERVICE in package com.android.messaging
11-28 17:39:03.020  4062  4062 W PackageManager: Not granting permission android.permission.ACCESS_DOWNLOAD_MANAGER to package com.android.browser (protectionLevel=18 flags=0x3849be45)
11-28 17:39:03.020  4062  4062 W PackageManager: Not granting permission android.permission.SEND_DOWNLOAD_COMPLETED_INTENTS to package com.android.browser (protectionLevel=2 flags=0x3849be45)
11-28 17:39:03.020  4062  4062 W PackageManager: Unknown permission com.cyngn.stats.SEND_ANALYTICS in package com.cyanogenmod.setupwizard
11-28 17:39:03.020  4062  4062 W PackageManager: Unknown permission com.cyanogen.permission.REQUEST_KILL_SWITCH_OP in package com.cyanogenmod.setupwizard
11-28 17:39:03.020  4062  4062 W PackageManager: Unknown permission com.cyanogen.ambient.permission.BIND_INCALL_SERVICE in package com.android.contacts
11-28 17:39:03.020  4062  4062 W PackageManager: Unknown permission com.cyanogen.ambient.permission.PLUGIN_STATUS_CHANGED in package com.android.contacts
11-28 17:39:03.020  4062  4062 W PackageManager: Unknown permission com.cyanogen.ambient.permission.BIND_CALLER_INFO in package com.android.contacts
11-28 17:39:03.021  4062  4062 W PackageManager: Unknown permission com.google.android.googleapps.permission.GOOGLE_AUTH.mail in package com.android.calendar
11-28 17:39:03.021  4062  4062 W PackageManager: Unknown permission com.android.launcher.permission.READ_SETTINGS in package com.android.onetimeinitializer
11-28 17:39:03.021  4062  4062 W PackageManager: Unknown permission com.android.launcher.permission.WRITE_SETTINGS in package com.android.onetimeinitializer
11-28 17:39:03.021  4062  4062 W PackageManager: Unknown permission com.cyanogen.ambient.permission.BIND_INCALL_SERVICE in package com.android.dialer
11-28 17:39:03.021  4062  4062 W PackageManager: Unknown permission com.cyanogen.ambient.permission.PLUGIN_STATUS_CHANGED in package com.android.dialer
11-28 17:39:03.021  4062  4062 W PackageManager: Unknown permission com.cyanogen.ambient.permission.PUBLISH_DISCOVERY_NUDGE in package com.android.dialer
11-28 17:39:03.021  4062  4062 W PackageManager: Unknown permission com.cyanogen.ambient.permission.BIND_DEEPLINK_SERVICE in package com.android.dialer
11-28 17:39:03.021  4062  4062 W PackageManager: Unknown permission com.cyanogen.ambient.permission.READ_DEEPLINK_DATABASE in package com.android.dialer
11-28 17:39:03.021  4062  4062 W PackageManager: Unknown permission com.cyanogen.ambient.permission.BIND_CALLER_INFO in package com.android.dialer
11-28 17:39:03.022  4062  4062 W PackageManager: Unknown permission com.android.launcher.permission.READ_SETTINGS in package com.cyanogenmod.trebuchet
11-28 17:39:03.022  4062  4062 W PackageManager: Unknown permission com.android.launcher.permission.WRITE_SETTINGS in package com.cyanogenmod.trebuchet
11-28 17:39:03.022  4062  4062 W PackageManager: Unknown permission com.cyngn.stats.SEND_ANALYTICS in package com.cyanogenmod.trebuchet
11-28 17:39:03.022  4062  4062 W PackageManager: Unknown permission com.google.android.permission.INSTALL_WEARABLE_PACKAGES in package com.android.packageinstaller
11-28 17:39:03.022  4062  4062 W PackageManager: Not granting permission android.permission.DELETE_PACKAGES to package com.svox.pico (protectionLevel=18 flags=0x3808be45)
11-28 17:39:03.022  4062  4062 W PackageManager: Unknown permission android.permission.ACCESS_SUPERUSER in package com.cyanogenmod.filemanager
11-28 17:39:03.022  4062  4062 W PackageManager: Unknown permission com.cyanogenmod.filemanager.permissions.READ_THEME in package com.cyanogenmod.filemanager
11-28 17:39:03.023  4062  4062 W PackageManager: Unknown permission com.google.android.gallery3d.permission.PICASA_STORE in package com.android.dreams.phototable
11-28 17:39:03.023  4062  4062 W PackageManager: Unknown permission com.google.android.googleapps.permission.GOOGLE_AUTH in package com.android.settings
11-28 17:39:03.023  4062  4062 W PackageManager: Unknown permission com.android.launcher.permission.READ_SETTINGS in package com.android.settings
11-28 17:39:03.023  4062  4062 W PackageManager: Unknown permission com.android.launcher.permission.WRITE_SETTINGS in package com.android.settings
11-28 17:39:03.023  4062  4062 W PackageManager: Not granting permission android.permission.REAL_GET_TASKS to package com.cyanogenmod.eleven (protectionLevel=18 flags=0x3818be65)
11-28 17:39:03.025  4062  4062 W PackageManager: Unknown permission com.google.android.gallery3d.permission.GALLERY_PROVIDER in package com.android.bluetooth
11-28 17:39:03.025  4062  4062 W PackageManager: Unknown permission com.google.android.googleapps.permission.ACCESS_GOOGLE_PASSWORD in package com.android.development
11-28 17:39:03.025  4062  4062 W PackageManager: Unknown permission com.google.android.googleapps.permission.GOOGLE_AUTH in package com.android.development
11-28 17:39:03.025  4062  4062 W PackageManager: Unknown permission com.google.android.googleapps.permission.GOOGLE_AUTH.ALL_SERVICES in package com.android.development
11-28 17:39:03.025  4062  4062 W PackageManager: Unknown permission com.google.android.googleapps.permission.GOOGLE_AUTH.YouTubeUser in package com.android.development
11-28 17:39:03.026  4062  4062 V PackageManager: Disabling com.google.android.gsf/com.google.android.gsf.update.SystemUpdateActivity
11-28 17:39:03.026  4062  4062 W PackageManager: Unable to disable com.google.android.gsf/com.google.android.gsf.update.SystemUpdateActivity
11-28 17:39:03.026  4062  4062 V PackageManager: Disabling com.google.android.gsf/com.google.android.gsf.update.SystemUpdateService$Receiver
11-28 17:39:03.026  4062  4062 W PackageManager: Unable to disable com.google.android.gsf/com.google.android.gsf.update.SystemUpdateService$Receiver
11-28 17:39:03.026  4062  4062 V PackageManager: Disabling com.google.android.gsf/com.google.android.gsf.update.SystemUpdateService$SecretCodeReceiver
11-28 17:39:03.026  4062  4062 W PackageManager: Unable to disable com.google.android.gsf/com.google.android.gsf.update.SystemUpdateService$SecretCodeReceiver
11-28 17:39:03.026  4062  4062 V PackageManager: Disabling com.google.android.gms/com.google.android.gms.update.SystemUpdateActivity
11-28 17:39:03.026  4062  4062 W PackageManager: Unable to disable com.google.android.gms/com.google.android.gms.update.SystemUpdateActivity
11-28 17:39:03.026  4062  4062 V PackageManager: Disabling com.google.android.gms/com.google.android.gms.update.SystemUpdateService$Receiver
11-28 17:39:03.026  4062  4062 W PackageManager: Unable to disable com.google.android.gms/com.google.android.gms.update.SystemUpdateService$Receiver
11-28 17:39:03.026  4062  4062 V PackageManager: Disabling com.google.android.gms/com.google.android.gms.update.SystemUpdateService$ActiveReceiver
11-28 17:39:03.026  4062  4062 W PackageManager: Unable to disable com.google.android.gms/com.google.android.gms.update.SystemUpdateService$ActiveReceiver
11-28 17:39:03.026  4062  4062 V PackageManager: Disabling com.google.android.gms/com.google.android.gms.update.SystemUpdateService$SecretCodeReceiver
11-28 17:39:03.026  4062  4062 W PackageManager: Unable to disable com.google.android.gms/com.google.android.gms.update.SystemUpdateService$SecretCodeReceiver
11-28 17:39:03.026  4062  4062 V PackageManager: Enabling com.google.android.gsf/com.google.android.gsf.update.SystemUpdateService
11-28 17:39:03.026  4062  4062 W PackageManager: Unable to enable com.google.android.gsf/com.google.android.gsf.update.SystemUpdateService
11-28 17:39:03.026  4062  4062 V PackageManager: Enabling com.google.android.gms/com.google.android.gms.update.SystemUpdateService
11-28 17:39:03.026  4062  4062 W PackageManager: Unable to enable com.google.android.gms/com.google.android.gms.update.SystemUpdateService
11-28 17:39:03.093  3005  3005 F DEBUG   : 
11-28 17:39:03.093  3005  3005 F DEBUG   : Tombstone written to: /data/tombstones/tombstone_08
11-28 17:39:03.089  4116  4116 W lhd     : type=1701 audit(0.0:622): auid=4294967295 uid=1021 gid=1000 ses=4294967295 exe="/system/bin/lhd" sig=6
11-28 17:39:03.167  4062  4062 I art     : Starting a blocking GC Explicit
11-28 17:39:03.239  4062  4062 I art     : Explicit concurrent mark sweep GC freed 57642(3MB) AllocSpace objects, 6(704KB) LOS objects, 33% free, 27MB/41MB, paused 618us total 71.361ms
11-28 17:39:03.240  4062  4062 I SystemServer: User Service
11-28 17:39:03.270  2931  2931 I lowmemorykiller: ActivityManager connected
11-28 17:39:03.274  4062  4062 I SystemServiceManager: Starting com.android.server.BatteryService
11-28 17:39:03.286  4062  4123 I         : System server: starting sensor init.
11-28 17:39:03.291  4062  4123 D SensorService: nuSensorService starting...
11-28 17:39:03.295  4062  4123 I Sensors : getName:gyro_sensor name = K6DS3TR.
11-28 17:39:03.296  4062  4123 I Sensors : Proximity old sensor_state 0, new sensor_state : 128 en : 1
11-28 17:39:03.309  4062  4062 I SystemServiceManager: Starting com.android.server.usage.UsageStatsService
11-28 17:39:03.334  4062  4123 I Sensors : Light old sensor_state 128, new sensor_state : 640 en : 1
11-28 17:39:03.379  4062  4123 I Sensors : Light_IR old sensor_state 640, new sensor_state : 16777856 en : 1
11-28 17:39:03.379  4062  4123 E Sensors : Light_IR_Sensor write failed. ret = -1, sensor_state = 16777856
11-28 17:39:03.380  4062  4123 I Sensors : SigMotionSensor old sensor_state 640, new sensor_state : 17024 en : 1
11-28 17:39:03.392  4062  4123 I Sensors : getName:gyro_sensor name = K6DS3TR.
11-28 17:39:03.393  4062  4123 I Sensors : StepCounterSensor old sensor_state 17024, new sensor_state : 279168 en : 1
11-28 17:39:03.393  4062  4123 E Sensors : StepCounterSensor write failed. ret = -1, sensor_state = 279168
11-28 17:39:03.394  4062  4123 I Sensors : Int.Gyro old sensor_state 17024, new sensor_state : 33571456 en : 1
11-28 17:39:03.394  4062  4123 E Sensors : Int.GyroSensor write failed. ret = -1, sensor_state = 33571456
11-28 17:39:03.394  4062  4123 I Sensors : getName:gyro_sensor name = K6DS3TR.
11-28 17:39:03.394  4062  4123 I Sensors : HrmSpO2Sensor:: part type = 12.
11-28 17:39:03.394  4062  4123 D Sensors : HrmSpO2Sensor::type:12, prox threshold:10000
11-28 17:39:03.394  4062  4123 D Sensors : HrmSpO2Sensor::handle:0 ,en:1
11-28 17:39:03.394  4062  4123 E Sensors : HrmSpO2Sensor::Error MAXIM Flicker Library...handle=0x0
11-28 17:39:03.394  4062  4123 D Sensors : HrmSpO2Sensor::HrmSpO2Sensor: Shared version Registered
11-28 17:39:03.395  4062  4123 D Sensors : HrmLedSensor enable: mEnabled 0, handle 20, en 1
11-28 17:39:03.395  4062  4123 D Sensors : HRMSensor led enabled:1, en:1
11-28 17:39:03.463  4062  4123 I Sensors : getVendor:hrm_sensor vendor = MAXIM.
11-28 17:39:03.463  4062  4123 I Sensors : HrmLedSensor: HrmLedSensor vendor = MAXIM.
11-28 17:39:03.463  4062  4123 D Sensors : HRMSensor_LED::libhr open start!! 
11-28 17:39:03.463  4062  4123 E Sensors : HRMSensor_LED::libhr open failed 
11-28 17:39:03.463  4062  4123 E Sensors : GripSensor: enable
11-28 17:39:03.473  4062  4062 I UsageStatsService: User[0] Rollover scheduled @ 2016-11-29 00:00:00(1480377600000)
11-28 17:39:03.474  4062  4062 I SystemServiceManager: Starting com.android.server.webkit.WebViewUpdateService
11-28 17:39:03.476  4062  4062 I SystemServer: Reading configuration...
11-28 17:39:03.476  4062  4062 I SystemServer: Scheduling Policy
11-28 17:39:03.477  4062  4062 I SystemServiceManager: Starting com.android.server.telecom.TelecomLoaderService
11-28 17:39:03.478  4062  4062 I SystemServer: Telephony Registry
11-28 17:39:03.487  4062  4062 I SystemServer: Entropy Mixer
11-28 17:39:03.493  4062  4123 I Sensors : Proximity old sensor_state 17024, new sensor_state : 16896 en : 0
11-28 17:39:03.494  4062  4123 I Sensors : Light old sensor_state 16896, new sensor_state : 16384 en : 0
11-28 17:39:03.494  4062  4123 I Sensors : SigMotionSensor old sensor_state 16384, new sensor_state : 0 en : 0
11-28 17:39:03.494  4062  4123 E Sensors : GripSensor: enable
11-28 17:39:03.495  4062  4123 D Sensors : HrmSpO2Sensor::handle:19 ,en:0
11-28 17:39:03.495  4062  4123 D Sensors : HrmSpO2Sensor::isEnabled:0 ,en:0, mEn:0
11-28 17:39:03.495  4062  4123 D Sensors : HrmSpO2Sensor::handle:28 ,en:0
11-28 17:39:03.495  4062  4123 D Sensors : HrmSpO2Sensor::isEnabled:0 ,en:0, mEn:0
11-28 17:39:03.495  4062  4123 D Sensors : HrmLedSensor enable: mEnabled 1, handle 20, en 0
11-28 17:39:03.495  4062  4123 D Sensors : HRMSensor_LED::enable 
11-28 17:39:03.495  4062  4123 D Sensors : HRMSensor led enabled:0, en:0
11-28 17:39:03.496  4062  4123 D Sensors : HrmLedSensor enable: mEnabled 0, handle 21, en 0
11-28 17:39:03.496  4062  4123 D Sensors : HrmLedSensor isEnabled:0 ,en:0
11-28 17:39:03.496  4062  4123 D Sensors : HrmSpO2Sensor::handle:18 ,en:0
11-28 17:39:03.496  4062  4123 D Sensors : HrmSpO2Sensor::isEnabled:0 ,en:0, mEn:0
11-28 17:39:03.497  4062  4123 I         : System server: sensor init done.
11-28 17:39:03.499  4062  4126 D SensorService: new thread SensorEventAckReceiver
11-28 17:39:03.499  4062  4127 D SensorService: nuSensorService thread starting...
11-28 17:39:03.537  4062  4062 I EntropyMixer: Added HW RNG output to entropy pool
11-28 17:39:03.537  4062  4062 I EntropyMixer: Writing entropy...
11-28 17:39:03.558  4062  4062 I SystemServer: Camera Service
11-28 17:39:03.558  4062  4062 I SystemServiceManager: Starting com.android.server.camera.CameraService
11-28 17:39:03.561  4062  4128 I ServiceThread: Enabled StrictMode logging for CameraService_proxy looper.
11-28 17:39:03.562  4062  4062 I SystemServer: Account Manager
11-28 17:39:03.566  4062  4062 I SystemServer: Content Manager
11-28 17:39:03.568  4062  4062 I SystemServer: System Content Providers
11-28 17:39:03.573  4062  4062 W System  : ClassLoader referenced unknown path: /system/priv-app/CMSettingsProvider/lib/arm64
11-28 17:39:03.604  4062  4062 W System  : ClassLoader referenced unknown path: /system/priv-app/SettingsProvider/lib/arm64
11-28 17:39:03.641  4062  4075 I SyncManager: No initial statistics
11-28 17:39:03.662  4062  4062 I SystemServer: Vibrator Service
11-28 17:39:03.666  4062  4062 I SystemServer: Consumer IR Service
11-28 17:39:03.667  4062  4062 E ConsumerIrService: Can't open consumer IR HW Module, error: -2
11-28 17:39:03.667  4062  4062 E System  : ******************************************
11-28 17:39:03.667  4062  4062 E System  : ************ Failure starting core service
11-28 17:39:03.667  4062  4062 E System  : java.lang.RuntimeException: FEATURE_CONSUMER_IR present, but no IR HAL loaded!
11-28 17:39:03.667  4062  4062 E System  : 	at com.android.server.ConsumerIrService.<init>(ConsumerIrService.java:51)
11-28 17:39:03.667  4062  4062 E System  : 	at com.android.server.SystemServer.startOtherServices(SystemServer.java:509)
11-28 17:39:03.667  4062  4062 E System  : 	at com.android.server.SystemServer.run(SystemServer.java:291)
11-28 17:39:03.667  4062  4062 E System  : 	at com.android.server.SystemServer.main(SystemServer.java:176)
11-28 17:39:03.667  4062  4062 E System  : 	at java.lang.reflect.Method.invoke(Native Method)
11-28 17:39:03.667  4062  4062 E System  : 	at com.android.internal.os.ZygoteInit$MethodAndArgsCaller.run(ZygoteInit.java:726)
11-28 17:39:03.667  4062  4062 E System  : 	at com.android.internal.os.ZygoteInit.main(ZygoteInit.java:616)
11-28 17:39:03.667  4062  4062 I SystemServer: Input Method Service
11-28 17:39:03.770  4062  4062 W InputMethodManagerService: No IME selected. Choose the most applicable IME.
11-28 17:39:03.770  4062  4062 I InputMethodManagerService: Default found, using com.android.inputmethod.latin/.LatinIME
11-28 17:39:03.775  4062  4062 I SystemServer: Accessibility Manager
11-28 17:39:03.779  4062  4062 W SystemServer: ***********************************************
11-28 17:39:03.780  4062  4062 E SystemServer: BOOT FAILURE making display ready
11-28 17:39:03.780  4062  4062 E SystemServer: java.lang.NullPointerException: Attempt to invoke virtual method 'void com.android.server.wm.WindowManagerService.displayReady()' on a null object reference
11-28 17:39:03.780  4062  4062 E SystemServer: 	at com.android.server.SystemServer.startOtherServices(SystemServer.java:591)
11-28 17:39:03.780  4062  4062 E SystemServer: 	at com.android.server.SystemServer.run(SystemServer.java:291)
11-28 17:39:03.780  4062  4062 E SystemServer: 	at com.android.server.SystemServer.main(SystemServer.java:176)
11-28 17:39:03.780  4062  4062 E SystemServer: 	at java.lang.reflect.Method.invoke(Native Method)
11-28 17:39:03.780  4062  4062 E SystemServer: 	at com.android.internal.os.ZygoteInit$MethodAndArgsCaller.run(ZygoteInit.java:726)
11-28 17:39:03.780  4062  4062 E SystemServer: 	at com.android.internal.os.ZygoteInit.main(ZygoteInit.java:616)
11-28 17:39:03.790  4062  4062 I SystemServiceManager: Starting com.android.server.MountService$Lifecycle
11-28 17:39:03.804  4062  4062 I SystemServiceManager: Starting com.android.server.UiModeManagerService
11-28 17:39:03.806  4062  4062 I ActivityManager: Config changes=200 {1.0 ?mcc?mnc en_US ldltr ?swdp ?wdp ?hdp ?density ?lsize ?long ?orien ?touch ?keyb/?/? ?nav/? s.2 themeResource=null}
11-28 17:39:03.809  4062  4062 E System  : ******************************************
11-28 17:39:03.810  4062  4062 E System  : ************ Failure starting system services
11-28 17:39:03.810  4062  4062 E System  : java.lang.NullPointerException: Attempt to invoke virtual method 'void com.android.server.wm.WindowManagerService.updateBootProgress(int, android.content.pm.ApplicationInfo, int, int, boolean)' on a null object reference
11-28 17:39:03.810  4062  4062 E System  : 	at com.android.server.am.ActivityManagerService.updateBootProgress(ActivityManagerService.java:6581)
11-28 17:39:03.810  4062  4062 E System  : 	at com.android.server.SystemServer.startOtherServices(SystemServer.java:624)
11-28 17:39:03.810  4062  4062 E System  : 	at com.android.server.SystemServer.run(SystemServer.java:291)
11-28 17:39:03.810  4062  4062 E System  : 	at com.android.server.SystemServer.main(SystemServer.java:176)
11-28 17:39:03.810  4062  4062 E System  : 	at java.lang.reflect.Method.invoke(Native Method)
11-28 17:39:03.810  4062  4062 E System  : 	at com.android.internal.os.ZygoteInit$MethodAndArgsCaller.run(ZygoteInit.java:726)
11-28 17:39:03.810  4062  4062 E System  : 	at com.android.internal.os.ZygoteInit.main(ZygoteInit.java:616)
11-28 17:39:03.813  4062  4062 D AndroidRuntime: Shutting down VM
11-28 17:39:03.813  4062  4062 E AndroidRuntime: *** FATAL EXCEPTION IN SYSTEM PROCESS: main
11-28 17:39:03.813  4062  4062 E AndroidRuntime: java.lang.NullPointerException: Attempt to invoke virtual method 'void com.android.server.wm.WindowManagerService.updateBootProgress(int, android.content.pm.ApplicationInfo, int, int, boolean)' on a null object reference
11-28 17:39:03.813  4062  4062 E AndroidRuntime: 	at com.android.server.am.ActivityManagerService.updateBootProgress(ActivityManagerService.java:6581)
11-28 17:39:03.813  4062  4062 E AndroidRuntime: 	at com.android.server.SystemServer.startOtherServices(SystemServer.java:624)
11-28 17:39:03.813  4062  4062 E AndroidRuntime: 	at com.android.server.SystemServer.run(SystemServer.java:291)
11-28 17:39:03.813  4062  4062 E AndroidRuntime: 	at com.android.server.SystemServer.main(SystemServer.java:176)
11-28 17:39:03.813  4062  4062 E AndroidRuntime: 	at java.lang.reflect.Method.invoke(Native Method)
11-28 17:39:03.813  4062  4062 E AndroidRuntime: 	at com.android.internal.os.ZygoteInit$MethodAndArgsCaller.run(ZygoteInit.java:726)
11-28 17:39:03.813  4062  4062 E AndroidRuntime: 	at com.android.internal.os.ZygoteInit.main(ZygoteInit.java:616)
11-28 17:39:03.826  4062  4062 I Process : Sending signal. PID: 4062 SIG: 9
11-28 17:39:03.878  3009  3009 E installd: eof
11-28 17:39:03.878  3009  3009 E installd: failed to read size
11-28 17:39:03.878  3009  3009 I installd: closing connection
11-28 17:39:03.878  2931  2931 I lowmemorykiller: ActivityManager disconnected
11-28 17:39:03.878  2931  2931 I lowmemorykiller: Closing Activity Manager data connection
11-28 17:39:03.878  2932  2932 I ServiceManager: service 'sensorservice' died
11-28 17:39:03.878  2932  2932 I ServiceManager: service 'package' died
11-28 17:39:03.878  2932  2932 I ServiceManager: service 'user' died
11-28 17:39:03.878  2932  2932 I ServiceManager: service 'activity' died
11-28 17:39:03.878  2932  2932 I ServiceManager: service 'procstats' died
11-28 17:39:03.878  2932  2932 I ServiceManager: service 'meminfo' died
11-28 17:39:03.878  2932  2932 I ServiceManager: service 'gfxinfo' died
11-28 17:39:03.878  2932  2932 I ServiceManager: service 'dbinfo' died
11-28 17:39:03.878  2932  2932 I ServiceManager: service 'cpuinfo' died
11-28 17:39:03.878  2932  2932 I ServiceManager: service 'permission' died
11-28 17:39:03.878  2932  2932 I ServiceManager: service 'processinfo' died
11-28 17:39:03.878  2932  2932 I ServiceManager: service 'batterymanager' died
11-28 17:39:03.878  2932  2932 I ServiceManager: service 'usagestats' died
11-28 17:39:03.878  2932  2932 I ServiceManager: service 'webviewupdate' died
11-28 17:39:03.878  2932  2932 I ServiceManager: service 'scheduling_policy' died
11-28 17:39:03.878  2932  2932 I ServiceManager: service 'telephony.registry' died
11-28 17:39:03.878  2932  2932 I ServiceManager: service 'media.camera.proxy' died
11-28 17:39:03.878  2932  2932 I ServiceManager: service 'account' died
11-28 17:39:03.878  2932  2932 I ServiceManager: service 'content' died
11-28 17:39:03.878  2932  2932 I ServiceManager: service 'vibrator' died
11-28 17:39:03.878  2932  2932 I ServiceManager: service 'input_method' died
11-28 17:39:03.878  2932  2932 I ServiceManager: service 'accessibility' died
11-28 17:39:03.878  2932  2932 I ServiceManager: service 'mount' died
11-28 17:39:03.878  2932  2932 I ServiceManager: service 'uimode' died
11-28 17:39:03.878  2932  2932 I ServiceManager: service 'batterystats' died
11-28 17:39:03.878  2932  2932 I ServiceManager: service 'appops' died
11-28 17:39:03.878  2932  2932 I ServiceManager: service 'power' died
11-28 17:39:03.878  2932  2932 I ServiceManager: service 'display' died
11-28 17:39:04.752  3782  3782 E Zygote  : Exit zygote because system server (4062) has terminated
11-28 17:39:04.792  2932  2932 I ServiceManager: service 'media.radio' died
11-28 17:39:04.792  2932  2932 I ServiceManager: service 'media.sound_trigger_hw' died
11-28 17:39:04.792  2932  2932 I ServiceManager: service 'media.audio_flinger' died
11-28 17:39:04.792  2932  2932 I ServiceManager: service 'media.player' died
11-28 17:39:04.792  2932  2932 I ServiceManager: service 'media.resource_manager' died
11-28 17:39:04.792  2932  2932 I ServiceManager: service 'media.camera' died
11-28 17:39:04.792  2932  2932 I ServiceManager: service 'media.audio_policy' died
11-28 17:39:04.889  3332  3332 W auditd  : type=1325 audit(0.0:623): table=filter family=2 entries=52
11-28 17:39:04.889  3332  3332 W auditd  : type=1320 audit(0.0:623): 
11-28 17:39:04.899  3332  3332 W auditd  : type=1325 audit(0.0:624): table=filter family=10 entries=55
11-28 17:39:04.899  3332  3332 W auditd  : type=1320 audit(0.0:624): 
11-28 17:39:04.909  3332  3332 W auditd  : type=1325 audit(0.0:625): table=filter family=2 entries=51
11-28 17:39:04.909  3332  3332 W auditd  : type=1320 audit(0.0:625): 
11-28 17:39:04.892  4136  4136 I Netd    : Netd 1.0 starting
11-28 17:39:04.892  4136  4136 I QtiConnectivityAdapter: Failed to open libconnctrl, some features may not be present.
11-28 17:39:04.892  4136  4136 D TetherController: Setting IP forward enable = 0
11-28 17:39:04.918  4135  4135 V MediaUtils: physMem: 3748511744
11-28 17:39:04.918  4135  4135 V MediaUtils: requested limit: 2436532605
11-28 17:39:04.918  4135  4135 V MediaUtils: actual limit: 2436532605
11-28 17:39:04.918  4135  4135 V MediaUtils: original limits: 4294967295/4294967295
11-28 17:39:04.918  4135  4135 V MediaUtils: new limits: 2436532605/4294967295
11-28 17:39:04.919  4135  4135 I mediaserver: ServiceManager: 0xf620e120
11-28 17:39:04.919  4135  4135 I AudioFlinger: Using default 3000 mSec as standby time.
11-28 17:39:04.919  4135  4135 E BatteryNotifier: batterystats service unavailable!
11-28 17:39:04.919  4135  4135 E BatteryNotifier: batterystats service unavailable!
11-28 17:39:04.919  4135  4135 I CameraService: CameraService started (pid=4135)
11-28 17:39:04.919  4135  4135 I CameraService: CameraService process starting
11-28 17:39:04.919  4135  4135 E BatteryNotifier: batterystats service unavailable!
11-28 17:39:04.919  4135  4135 E BatteryNotifier: batterystats service unavailable!
11-28 17:39:04.920  4135  4135 E CameraService: Could not load camera HAL module: -2 (No such file or directory)
11-28 17:39:04.920  4135  4135 I AudioPolicyService: AudioPolicyService CSTOR in new mode
11-28 17:39:04.920  4135  4135 I APM::ConfigParsingUtils: loadAudioPolicyConfig() loaded /system/etc/audio_policy.conf
11-28 17:39:04.909  3332  3332 W auditd  : type=1325 audit(0.0:626): table=filter family=10 entries=54
11-28 17:39:04.909  3332  3332 W auditd  : type=1320 audit(0.0:626): 
11-28 17:39:04.919  3332  3332 W auditd  : type=1325 audit(0.0:627): table=filter family=2 entries=50
11-28 17:39:04.919  3332  3332 W auditd  : type=1320 audit(0.0:627): 
11-28 17:39:04.929  3332  3332 W auditd  : type=1325 audit(0.0:628): table=filter family=10 entries=53
11-28 17:39:04.929  3332  3332 W auditd  : type=1320 audit(0.0:628): 
11-28 17:39:04.939  3332  3332 W auditd  : type=1325 audit(0.0:629): table=filter family=2 entries=48
11-28 17:39:04.939  3332  3332 W auditd  : type=1320 audit(0.0:629): 
11-28 17:39:04.949  3332  3332 W auditd  : type=1325 audit(0.0:630): table=filter family=10 entries=51
11-28 17:39:04.949  3332  3332 W auditd  : type=1320 audit(0.0:630): 
11-28 17:39:04.959  3332  3332 W auditd  : type=1325 audit(0.0:631): table=filter family=2 entries=50
11-28 17:39:04.959  3332  3332 W auditd  : type=1320 audit(0.0:631): 
11-28 17:39:04.969  3332  3332 W auditd  : type=1325 audit(0.0:632): table=filter family=10 entries=53
11-28 17:39:04.969  3332  3332 W auditd  : type=1320 audit(0.0:632): 
