12-14 11:14:47.199  4770  5585 E AutoInstalls: 	at com.android.launcher3.AutoInstallsLayout.parseLayout(AutoInstallsLayout.java:217)
12-14 11:14:47.199  4770  5585 E AutoInstalls: 	at com.android.launcher3.AutoInstallsLayout.loadLayout(AutoInstallsLayout.java:193)
12-14 11:14:47.199  4770  5585 E AutoInstalls: 	at com.android.launcher3.LauncherProvider$DatabaseHelper.loadFavorites(LauncherProvider.java:1292)
12-14 11:14:47.199  4770  5585 E AutoInstalls: 	at com.android.launcher3.LauncherProvider.loadDefaultFavoritesIfNecessary(LauncherProvider.java:406)
12-14 11:14:47.199  4770  5585 E AutoInstalls: 	at com.android.launcher3.LauncherModel$LoaderTask.loadWorkspace(LauncherModel.java:1967)
12-14 11:14:47.199  4770  5585 E AutoInstalls: 	at com.android.launcher3.LauncherModel$LoaderTask.loadAndBindWorkspace(LauncherModel.java:1558)
12-14 11:14:47.199  4770  5585 E AutoInstalls: 	at com.android.launcher3.LauncherModel$LoaderTask.run(LauncherModel.java:1655)
12-14 11:14:47.199  4770  5585 E AutoInstalls: 	at android.os.Handler.handleCallback(Handler.java:739)
12-14 11:14:47.199  4770  5585 E AutoInstalls: 	at android.os.Handler.dispatchMessage(Handler.java:95)
12-14 11:14:47.199  4770  5585 E AutoInstalls: 	at android.os.Looper.loop(Looper.java:148)
12-14 11:14:47.199  4770  5585 E AutoInstalls: 	at android.os.HandlerThread.run(HandlerThread.java:61)
12-14 11:14:47.212  4770  5585 E AutoInstalls: Unable to add favorite: com.cyngn.themestore/com.cyngn.themestore.ui.StoreActivity
12-14 11:14:47.212  4770  5585 E AutoInstalls: android.content.pm.PackageManager$NameNotFoundException: ComponentInfo{com.cyngn.themestore/com.cyngn.themestore.ui.StoreActivity}
12-14 11:14:47.212  4770  5585 E AutoInstalls: 	at android.app.ApplicationPackageManager.getActivityInfo(ApplicationPackageManager.java:343)
12-14 11:14:47.212  4770  5585 E AutoInstalls: 	at com.android.launcher3.AutoInstallsLayout$AppShortcutParser.parseAndAdd(AutoInstallsLayout.java:347)
12-14 11:14:47.212  4770  5585 E AutoInstalls: 	at com.android.launcher3.AutoInstallsLayout.parseAndAddNode(AutoInstallsLayout.java:272)
12-14 11:14:47.212  4770  5585 E AutoInstalls: 	at com.android.launcher3.AutoInstallsLayout.parseLayout(AutoInstallsLayout.java:217)
12-14 11:14:47.212  4770  5585 E AutoInstalls: 	at com.android.launcher3.AutoInstallsLayout.loadLayout(AutoInstallsLayout.java:193)
12-14 11:14:47.212  4770  5585 E AutoInstalls: 	at com.android.launcher3.LauncherProvider$DatabaseHelper.loadFavorites(LauncherProvider.java:1292)
12-14 11:14:47.212  4770  5585 E AutoInstalls: 	at com.android.launcher3.LauncherProvider.loadDefaultFavoritesIfNecessary(LauncherProvider.java:406)
12-14 11:14:47.212  4770  5585 E AutoInstalls: 	at com.android.launcher3.LauncherModel$LoaderTask.loadWorkspace(LauncherModel.java:1967)
12-14 11:14:47.212  4770  5585 E AutoInstalls: 	at com.android.launcher3.LauncherModel$LoaderTask.loadAndBindWorkspace(LauncherModel.java:1558)
12-14 11:14:47.212  4770  5585 E AutoInstalls: 	at com.android.launcher3.LauncherModel$LoaderTask.run(LauncherModel.java:1655)
12-14 11:14:47.212  4770  5585 E AutoInstalls: 	at android.os.Handler.handleCallback(Handler.java:739)
12-14 11:14:47.212  4770  5585 E AutoInstalls: 	at android.os.Handler.dispatchMessage(Handler.java:95)
12-14 11:14:47.212  4770  5585 E AutoInstalls: 	at android.os.Looper.loop(Looper.java:148)
12-14 11:14:47.212  4770  5585 E AutoInstalls: 	at android.os.HandlerThread.run(HandlerThread.java:61)
12-14 11:14:47.214  4770  5585 E AutoInstalls: Unable to add favorite: com.android.vending/com.android.vending.AssetBrowserActivity
12-14 11:14:47.214  4770  5585 E AutoInstalls: android.content.pm.PackageManager$NameNotFoundException: ComponentInfo{com.android.vending/com.android.vending.AssetBrowserActivity}
12-14 11:14:47.214  4770  5585 E AutoInstalls: 	at android.app.ApplicationPackageManager.getActivityInfo(ApplicationPackageManager.java:343)
12-14 11:14:47.214  4770  5585 E AutoInstalls: 	at com.android.launcher3.AutoInstallsLayout$AppShortcutParser.parseAndAdd(AutoInstallsLayout.java:347)
12-14 11:14:47.214  4770  5585 E AutoInstalls: 	at com.android.launcher3.DefaultLayoutParser$ResolveParser.parseAndAdd(DefaultLayoutParser.java:222)
12-14 11:14:47.214  4770  5585 E AutoInstalls: 	at com.android.launcher3.AutoInstallsLayout.parseAndAddNode(AutoInstallsLayout.java:272)
12-14 11:14:47.214  4770  5585 E AutoInstalls: 	at com.android.launcher3.AutoInstallsLayout.parseLayout(AutoInstallsLayout.java:217)
12-14 11:14:47.214  4770  5585 E AutoInstalls: 	at com.android.launcher3.AutoInstallsLayout.loadLayout(AutoInstallsLayout.java:193)
12-14 11:14:47.214  4770  5585 E AutoInstalls: 	at com.android.launcher3.LauncherProvider$DatabaseHelper.loadFavorites(LauncherProvider.java:1292)
12-14 11:14:47.214  4770  5585 E AutoInstalls: 	at com.android.launcher3.LauncherProvider.loadDefaultFavoritesIfNecessary(LauncherProvider.java:406)
12-14 11:14:47.214  4770  5585 E AutoInstalls: 	at com.android.launcher3.LauncherModel$LoaderTask.loadWorkspace(LauncherModel.java:1967)
12-14 11:14:47.214  4770  5585 E AutoInstalls: 	at com.android.launcher3.LauncherModel$LoaderTask.loadAndBindWorkspace(LauncherModel.java:1558)
12-14 11:14:47.214  4770  5585 E AutoInstalls: 	at com.android.launcher3.LauncherModel$LoaderTask.run(LauncherModel.java:1655)
12-14 11:14:47.214  4770  5585 E AutoInstalls: 	at android.os.Handler.handleCallback(Handler.java:739)
12-14 11:14:47.214  4770  5585 E AutoInstalls: 	at android.os.Handler.dispatchMessage(Handler.java:95)
12-14 11:14:47.214  4770  5585 E AutoInstalls: 	at android.os.Looper.loop(Looper.java:148)
12-14 11:14:47.214  4770  5585 E AutoInstalls: 	at android.os.HandlerThread.run(HandlerThread.java:61)
12-14 11:14:47.215  4770  5585 E AutoInstalls: Unable to add favorite: org.cyanogenmod.theme.chooser/org.cyanogenmod.theme.chooser.ChooserActivity
12-14 11:14:47.215  4770  5585 E AutoInstalls: android.content.pm.PackageManager$NameNotFoundException: ComponentInfo{org.cyanogenmod.theme.chooser/org.cyanogenmod.theme.chooser.ChooserActivity}
12-14 11:14:47.215  4770  5585 E AutoInstalls: 	at android.app.ApplicationPackageManager.getActivityInfo(ApplicationPackageManager.java:343)
12-14 11:14:47.215  4770  5585 E AutoInstalls: 	at com.android.launcher3.AutoInstallsLayout$AppShortcutParser.parseAndAdd(AutoInstallsLayout.java:347)
12-14 11:14:47.215  4770  5585 E AutoInstalls: 	at com.android.launcher3.DefaultLayoutParser$ResolveParser.parseAndAdd(DefaultLayoutParser.java:222)
12-14 11:14:47.215  4770  5585 E AutoInstalls: 	at com.android.launcher3.AutoInstallsLayout.parseAndAddNode(AutoInstallsLayout.java:272)
12-14 11:14:47.215  4770  5585 E AutoInstalls: 	at com.android.launcher3.AutoInstallsLayout.parseLayout(AutoInstallsLayout.java:217)
12-14 11:14:47.215  4770  5585 E AutoInstalls: 	at com.android.launcher3.AutoInstallsLayout.loadLayout(AutoInstallsLayout.java:193)
12-14 11:14:47.215  4770  5585 E AutoInstalls: 	at com.android.launcher3.LauncherProvider$DatabaseHelper.loadFavorites(LauncherProvider.java:1292)
12-14 11:14:47.215  4770  5585 E AutoInstalls: 	at com.android.launcher3.LauncherProvider.loadDefaultFavoritesIfNecessary(LauncherProvider.java:406)
12-14 11:14:47.215  4770  5585 E AutoInstalls: 	at com.android.launcher3.LauncherModel$LoaderTask.loadWorkspace(LauncherModel.java:1967)
12-14 11:14:47.215  4770  5585 E AutoInstalls: 	at com.android.launcher3.LauncherModel$LoaderTask.loadAndBindWorkspace(LauncherModel.java:1558)
12-14 11:14:47.215  4770  5585 E AutoInstalls: 	at com.android.launcher3.LauncherModel$LoaderTask.run(LauncherModel.java:1655)
12-14 11:14:47.215  4770  5585 E AutoInstalls: 	at android.os.Handler.handleCallback(Handler.java:739)
12-14 11:14:47.215  4770  5585 E AutoInstalls: 	at android.os.Handler.dispatchMessage(Handler.java:95)
12-14 11:14:47.215  4770  5585 E AutoInstalls: 	at android.os.Looper.loop(Looper.java:148)
12-14 11:14:47.215  4770  5585 E AutoInstalls: 	at android.os.HandlerThread.run(HandlerThread.java:61)
12-14 11:14:47.232  3418  3432 I ActivityManager: Start proc 5606:com.cyanogenmod.eleven/u0a39 for broadcast com.cyanogenmod.eleven/.appwidgets.AppWidgetLarge
12-14 11:14:47.265  4770  5585 E AutoInstalls: Unable to add favorite: com.cyngn.gallerynext/com.cyngn.gallerynext.app.GalleryActivity
12-14 11:14:47.265  4770  5585 E AutoInstalls: android.content.pm.PackageManager$NameNotFoundException: ComponentInfo{com.cyngn.gallerynext/com.cyngn.gallerynext.app.GalleryActivity}
12-14 11:14:47.265  4770  5585 E AutoInstalls: 	at android.app.ApplicationPackageManager.getActivityInfo(ApplicationPackageManager.java:343)
12-14 11:14:47.265  4770  5585 E AutoInstalls: 	at com.android.launcher3.AutoInstallsLayout$AppShortcutParser.parseAndAdd(AutoInstallsLayout.java:347)
12-14 11:14:47.265  4770  5585 E AutoInstalls: 	at com.android.launcher3.DefaultLayoutParser$ResolveParser.parseAndAdd(DefaultLayoutParser.java:222)
12-14 11:14:47.265  4770  5585 E AutoInstalls: 	at com.android.launcher3.AutoInstallsLayout.parseAndAddNode(AutoInstallsLayout.java:272)
12-14 11:14:47.265  4770  5585 E AutoInstalls: 	at com.android.launcher3.AutoInstallsLayout.parseLayout(AutoInstallsLayout.java:217)
12-14 11:14:47.265  4770  5585 E AutoInstalls: 	at com.android.launcher3.AutoInstallsLayout.loadLayout(AutoInstallsLayout.java:193)
12-14 11:14:47.265  4770  5585 E AutoInstalls: 	at com.android.launcher3.LauncherProvider$DatabaseHelper.loadFavorites(LauncherProvider.java:1292)
12-14 11:14:47.265  4770  5585 E AutoInstalls: 	at com.android.launcher3.LauncherProvider.loadDefaultFavoritesIfNecessary(LauncherProvider.java:406)
12-14 11:14:47.265  4770  5585 E AutoInstalls: 	at com.android.launcher3.LauncherModel$LoaderTask.loadWorkspace(LauncherModel.java:1967)
12-14 11:14:47.265  4770  5585 E AutoInstalls: 	at com.android.launcher3.LauncherModel$LoaderTask.loadAndBindWorkspace(LauncherModel.java:1558)
12-14 11:14:47.265  4770  5585 E AutoInstalls: 	at com.android.launcher3.LauncherModel$LoaderTask.run(LauncherModel.java:1655)
12-14 11:14:47.265  4770  5585 E AutoInstalls: 	at android.os.Handler.handleCallback(Handler.java:739)
12-14 11:14:47.265  4770  5585 E AutoInstalls: 	at android.os.Handler.dispatchMessage(Handler.java:95)
12-14 11:14:47.265  4770  5585 E AutoInstalls: 	at android.os.Looper.loop(Looper.java:148)
12-14 11:14:47.265  4770  5585 E AutoInstalls: 	at android.os.HandlerThread.run(HandlerThread.java:61)
12-14 11:14:47.268  5606  5606 W System  : ClassLoader referenced unknown path: /system/app/Eleven/lib/arm64
12-14 11:14:47.334  4770  5585 E AutoInstalls: Unable to add favorite: org.cyanogenmod.gello.browser/com.android.browser.BrowserActivity
12-14 11:14:47.334  4770  5585 E AutoInstalls: android.content.pm.PackageManager$NameNotFoundException: ComponentInfo{org.cyanogenmod.gello.browser/com.android.browser.BrowserActivity}
12-14 11:14:47.334  4770  5585 E AutoInstalls: 	at android.app.ApplicationPackageManager.getActivityInfo(ApplicationPackageManager.java:343)
12-14 11:14:47.334  4770  5585 E AutoInstalls: 	at com.android.launcher3.AutoInstallsLayout$AppShortcutParser.parseAndAdd(AutoInstallsLayout.java:347)
12-14 11:14:47.334  4770  5585 E AutoInstalls: 	at com.android.launcher3.DefaultLayoutParser$ResolveParser.parseAndAdd(DefaultLayoutParser.java:222)
12-14 11:14:47.334  4770  5585 E AutoInstalls: 	at com.android.launcher3.AutoInstallsLayout.parseAndAddNode(AutoInstallsLayout.java:272)
12-14 11:14:47.334  4770  5585 E AutoInstalls: 	at com.android.launcher3.AutoInstallsLayout.parseLayout(AutoInstallsLayout.java:217)
12-14 11:14:47.334  4770  5585 E AutoInstalls: 	at com.android.launcher3.AutoInstallsLayout.loadLayout(AutoInstallsLayout.java:193)
12-14 11:14:47.334  4770  5585 E AutoInstalls: 	at com.android.launcher3.LauncherProvider$DatabaseHelper.loadFavorites(LauncherProvider.java:1292)
12-14 11:14:47.334  4770  5585 E AutoInstalls: 	at com.android.launcher3.LauncherProvider.loadDefaultFavoritesIfNecessary(LauncherProvider.java:406)
12-14 11:14:47.334  4770  5585 E AutoInstalls: 	at com.android.launcher3.LauncherModel$LoaderTask.loadWorkspace(LauncherModel.java:1967)
12-14 11:14:47.334  4770  5585 E AutoInstalls: 	at com.android.launcher3.LauncherModel$LoaderTask.loadAndBindWorkspace(LauncherModel.java:1558)
12-14 11:14:47.334  4770  5585 E AutoInstalls: 	at com.android.launcher3.LauncherModel$LoaderTask.run(LauncherModel.java:1655)
12-14 11:14:47.334  4770  5585 E AutoInstalls: 	at android.os.Handler.handleCallback(Handler.java:739)
12-14 11:14:47.334  4770  5585 E AutoInstalls: 	at android.os.Handler.dispatchMessage(Handler.java:95)
12-14 11:14:47.334  4770  5585 E AutoInstalls: 	at android.os.Looper.loop(Looper.java:148)
12-14 11:14:47.334  4770  5585 E AutoInstalls: 	at android.os.HandlerThread.run(HandlerThread.java:61)
12-14 11:14:47.357  4770  5585 E AutoInstalls: Unable to add favorite: com.cyngn.cameranext/com.android.camera.CameraLauncher
12-14 11:14:47.357  4770  5585 E AutoInstalls: android.content.pm.PackageManager$NameNotFoundException: ComponentInfo{com.cyngn.cameranext/com.android.camera.CameraLauncher}
12-14 11:14:47.357  4770  5585 E AutoInstalls: 	at android.app.ApplicationPackageManager.getActivityInfo(ApplicationPackageManager.java:343)
12-14 11:14:47.357  4770  5585 E AutoInstalls: 	at com.android.launcher3.AutoInstallsLayout$AppShortcutParser.parseAndAdd(AutoInstallsLayout.java:347)
12-14 11:14:47.357  4770  5585 E AutoInstalls: 	at com.android.launcher3.DefaultLayoutParser$ResolveParser.parseAndAdd(DefaultLayoutParser.java:222)
12-14 11:14:47.357  4770  5585 E AutoInstalls: 	at com.android.launcher3.AutoInstallsLayout.parseAndAddNode(AutoInstallsLayout.java:272)
12-14 11:14:47.357  4770  5585 E AutoInstalls: 	at com.android.launcher3.AutoInstallsLayout.parseLayout(AutoInstallsLayout.java:217)
12-14 11:14:47.357  4770  5585 E AutoInstalls: 	at com.android.launcher3.AutoInstallsLayout.loadLayout(AutoInstallsLayout.java:193)
12-14 11:14:47.357  4770  5585 E AutoInstalls: 	at com.android.launcher3.LauncherProvider$DatabaseHelper.loadFavorites(LauncherProvider.java:1292)
12-14 11:14:47.357  4770  5585 E AutoInstalls: 	at com.android.launcher3.LauncherProvider.loadDefaultFavoritesIfNecessary(LauncherProvider.java:406)
12-14 11:14:47.357  4770  5585 E AutoInstalls: 	at com.android.launcher3.LauncherModel$LoaderTask.loadWorkspace(LauncherModel.java:1967)
12-14 11:14:47.357  4770  5585 E AutoInstalls: 	at com.android.launcher3.LauncherModel$LoaderTask.loadAndBindWorkspace(LauncherModel.java:1558)
12-14 11:14:47.357  4770  5585 E AutoInstalls: 	at com.android.launcher3.LauncherModel$LoaderTask.run(LauncherModel.java:1655)
12-14 11:14:47.357  4770  5585 E AutoInstalls: 	at android.os.Handler.handleCallback(Handler.java:739)
12-14 11:14:47.357  4770  5585 E AutoInstalls: 	at android.os.Handler.dispatchMessage(Handler.java:95)
12-14 11:14:47.357  4770  5585 E AutoInstalls: 	at android.os.Looper.loop(Looper.java:148)
12-14 11:14:47.357  4770  5585 E AutoInstalls: 	at android.os.HandlerThread.run(HandlerThread.java:61)
12-14 11:14:47.399  4770  5585 W Launcher: setApplicationContext called twice! old=com.android.launcher3.LauncherApplication@a530c60 new=com.android.launcher3.LauncherApplication@a530c60
12-14 11:14:47.427  3418  3432 I ActivityManager: Killing 4738:com.android.managedprovisioning/u0a12 (adj 15): empty #17
12-14 11:14:47.451  3418  3714 D ActivityManager: cleanUpApplicationRecord -- 4738
12-14 11:14:47.724  4770  4770 D Launcher: bindAppWidget: AppWidget(id=2)
12-14 11:14:47.724  4770  4770 D Launcher: bindAppWidget: id=2 belongs to component ComponentInfo{com.cyanogenmod.lockclock/com.cyanogenmod.lockclock.ClockWidgetProvider}
12-14 11:14:47.839  4770  4770 D Launcher: bound widget id=2 in 116ms
12-14 11:14:47.846  4770  4770 D Launcher: bindAppWidget: AppWidget(id=3)
12-14 11:14:47.846  4770  4770 D Launcher: bindAppWidget: id=3 belongs to component ComponentInfo{com.cyanogenmod.eleven/com.cyanogenmod.eleven.appwidgets.AppWidgetLarge}
12-14 11:14:47.872  4770  4770 D Launcher: bound widget id=3 in 26ms
12-14 11:14:47.875  4770  4770 D android.widget.GridLayout: vertical constraints: y2-y0>=528, y2-y0<=512, y2-y1<=208 are inconsistent; permanently removing: y2-y0<=512. 
12-14 11:14:47.886  4770  5589 V RenderScript: 0x7f6aa89000 Launching thread(s), CPUs 8
12-14 11:14:48.287  3016  4301 I FFmpegExtractor: android-source:0xf67e2200
12-14 11:14:48.296  3016  4301 I FFMPEG  : [mp3 @ 0xf0c38800] Skipping 0 bytes of junk at 1024.
12-14 11:14:48.296  3016  4301 D FFmpegExtractor: suppoted codec(mp3) by official Stagefright
12-14 11:14:48.296  3016  4301 D FFmpegExtractor: ffmpeg detected media content as 'audio/mpeg' with confidence 0.08
12-14 11:14:48.319  3016  3508 I FFmpegExtractor: android-source:0xf67e24d0
12-14 11:14:48.322  3016  3508 I FFMPEG  : [mp3 @ 0xf0fda800] Skipping 0 bytes of junk at 2810.
12-14 11:14:48.322  3016  3508 D FFmpegExtractor: suppoted codec(mp3) by official Stagefright
12-14 11:14:48.322  3016  3508 D FFmpegExtractor: ffmpeg detected media content as 'audio/mpeg' with confidence 0.08
12-14 11:14:48.342  3016  3985 I FFmpegExtractor: android-source:0xf67e2570
12-14 11:14:48.343  3016  3985 I FFMPEG  : [mp3 @ 0xf0f5be00] Skipping 0 bytes of junk at 368.
12-14 11:14:48.343  3016  3985 D FFmpegExtractor: suppoted codec(mp3) by official Stagefright
12-14 11:14:48.343  3016  3985 D FFmpegExtractor: ffmpeg detected media content as 'audio/mpeg' with confidence 0.08
12-14 11:14:48.350  3016  3504 V audio_hw_primary: out_set_parameters: key value pairs: routing=2
12-14 11:14:48.354  3016  3507 I FFmpegExtractor: android-source:0xf67e2890
12-14 11:14:48.355  3016  3507 I FFMPEG  : [mp3 @ 0xf0e5d600] Skipping 0 bytes of junk at 320.
12-14 11:14:48.355  3016  3507 D FFmpegExtractor: suppoted codec(mp3) by official Stagefright
12-14 11:14:48.355  3016  3507 D FFmpegExtractor: ffmpeg detected media content as 'audio/mpeg' with confidence 0.08
12-14 11:14:48.367  3016  4308 I FFmpegExtractor: android-source:0xf294e370
12-14 11:14:48.369  3016  4308 I FFMPEG  : [mp3 @ 0xf0946800] Skipping 0 bytes of junk at 720.
12-14 11:14:48.369  3016  4308 D FFmpegExtractor: suppoted codec(mp3) by official Stagefright
12-14 11:14:48.370  3016  4308 D FFmpegExtractor: ffmpeg detected media content as 'audio/mpeg' with confidence 0.08
12-14 11:14:48.386  3016  3504 D AudioFlinger: mixer(0xf3040000) throttle end: throttle time(4)
12-14 11:14:48.394  3016  4300 I FFmpegExtractor: android-source:0xf294e320
12-14 11:14:48.396  3016  4300 I FFMPEG  : [mp3 @ 0xf0cefc00] Skipping 0 bytes of junk at 417.
12-14 11:14:48.396  3016  4300 D FFmpegExtractor: suppoted codec(mp3) by official Stagefright
12-14 11:14:48.396  3016  4300 D FFmpegExtractor: ffmpeg detected media content as 'audio/mpeg' with confidence 0.08
12-14 11:14:48.407  3016  3945 I FFmpegExtractor: android-source:0xf294eb90
12-14 11:14:48.409  3016  3945 I FFMPEG  : [mp3 @ 0xf0f5a000] Skipping 0 bytes of junk at 1024.
12-14 11:14:48.409  3016  3945 D FFmpegExtractor: suppoted codec(mp3) by official Stagefright
12-14 11:14:48.409  3016  3945 D FFmpegExtractor: ffmpeg detected media content as 'audio/mpeg' with confidence 0.08
12-14 11:14:48.429  3016  3985 I FFmpegExtractor: android-source:0xf67e2890
12-14 11:14:48.431  3016  3985 I FFmpegExtractor: adjust mime(video/mp4 -> audio/mp4a-latm)
12-14 11:14:48.431  3016  3985 D FFmpegExtractor: suppoted codec(aac) by official Stagefright
12-14 11:14:48.431  3016  3985 D FFmpegExtractor: ffmpeg detected media content as 'audio/mp4a-latm' with confidence 0.08
12-14 11:14:48.471  3016  4301 I FFmpegExtractor: android-source:0xf294e370
12-14 11:14:48.472  3016  4301 I FFmpegExtractor: adjust mime(video/ffmpeg -> audio/ffmpeg)
12-14 11:14:48.472  3016  4301 D FFmpegExtractor: suppoted codec(aac) by official Stagefright
12-14 11:14:48.472  3016  4301 D FFmpegExtractor: ffmpeg detected media content as 'audio/ffmpeg' with confidence 0.08
12-14 11:14:48.502  3016  3985 I FFmpegExtractor: android-source:0xf67e2430
12-14 11:14:48.506  3016  3985 I FFMPEG  : [mp3 @ 0xf0f5be00] Skipping 0 bytes of junk at 70.
12-14 11:14:48.506  3016  3985 D FFmpegExtractor: suppoted codec(mp3) by official Stagefright
12-14 11:14:48.506  3016  3985 D FFmpegExtractor: ffmpeg detected media content as 'audio/mpeg' with confidence 0.08
12-14 11:14:48.525  3016  3508 I FFmpegExtractor: android-source:0xf294e320
12-14 11:14:48.528  3016  3508 I FFMPEG  : [mp3 @ 0xf0fda800] Skipping 0 bytes of junk at 70.
12-14 11:14:48.529  3016  3508 D FFmpegExtractor: suppoted codec(mp3) by official Stagefright
12-14 11:14:48.529  3016  3508 D FFmpegExtractor: ffmpeg detected media content as 'audio/mpeg' with confidence 0.08
12-14 11:14:48.560  3016  3016 I FFmpegExtractor: android-source:0xf294eb90
12-14 11:14:48.562  3016  3016 I FFMPEG  : [mp3 @ 0xf0945c00] Skipping 0 bytes of junk at 314.
12-14 11:14:48.563  3016  3016 D FFmpegExtractor: suppoted codec(mp3) by official Stagefright
12-14 11:14:48.563  3016  3016 D FFmpegExtractor: ffmpeg detected media content as 'audio/mpeg' with confidence 0.08
12-14 11:14:48.583  3016  4329 I FFmpegExtractor: android-source:0xf294e370
12-14 11:14:48.586  3016  4329 I FFMPEG  : [mp3 @ 0xf2d35800] Skipping 0 bytes of junk at 1024.
12-14 11:14:48.586  3016  4329 D FFmpegExtractor: suppoted codec(mp3) by official Stagefright
12-14 11:14:48.587  3016  4329 D FFmpegExtractor: ffmpeg detected media content as 'audio/mpeg' with confidence 0.08
12-14 11:14:48.626  3016  4330 I FFmpegExtractor: android-source:0xf67e2430
12-14 11:14:48.627  3016  4330 I FFmpegExtractor: adjust mime(video/ffmpeg -> audio/ffmpeg)
12-14 11:14:48.627  3016  4330 D FFmpegExtractor: suppoted codec(aac) by official Stagefright
12-14 11:14:48.627  3016  4330 D FFmpegExtractor: ffmpeg detected media content as 'audio/ffmpeg' with confidence 0.08
12-14 11:14:48.647  3016  4295 I FFmpegExtractor: android-source:0xf294e320
12-14 11:14:48.647  3016  4295 I FFmpegExtractor: adjust mime(video/ffmpeg -> audio/ffmpeg)
12-14 11:14:48.648  3016  4295 D FFmpegExtractor: suppoted codec(aac) by official Stagefright
12-14 11:14:48.648  3016  4295 D FFmpegExtractor: ffmpeg detected media content as 'audio/ffmpeg' with confidence 0.08
12-14 11:14:48.662  3016  3507 I FFmpegExtractor: android-source:0xf294eb90
12-14 11:14:48.688  3016  3507 I FFMPEG  : [mp3 @ 0xf0e5d600] Skipping 128 bytes of junk at 16871.
12-14 11:14:48.688  3016  3507 D FFmpegExtractor: suppoted codec(mp3) by official Stagefright
12-14 11:14:48.689  3016  3507 D FFmpegExtractor: ffmpeg detected media content as 'audio/mpeg' with confidence 0.08
12-14 11:14:48.711  3016  4308 I FFmpegExtractor: android-source:0xf294e370
12-14 11:14:48.712  3016  4308 I FFmpegExtractor: adjust mime(video/ffmpeg -> audio/ffmpeg)
12-14 11:14:48.712  3016  4308 D FFmpegExtractor: suppoted codec(aac) by official Stagefright
12-14 11:14:48.712  3016  4308 D FFmpegExtractor: ffmpeg detected media content as 'audio/ffmpeg' with confidence 0.08
12-14 11:14:48.734  3016  4300 I FFmpegExtractor: android-source:0xf67e2430
12-14 11:14:48.735  3016  4300 I FFMPEG  : [mp3 @ 0xf0cefc00] Skipping 0 bytes of junk at 227.
12-14 11:14:48.735  3016  4300 D FFmpegExtractor: suppoted codec(mp3) by official Stagefright
12-14 11:14:48.735  3016  4300 D FFmpegExtractor: ffmpeg detected media content as 'audio/mpeg' with confidence 0.08
12-14 11:14:48.749  3016  3945 I FFmpegExtractor: android-source:0xf294e320
12-14 11:14:48.751  3016  3945 I FFMPEG  : [mp3 @ 0xf0f5a000] Skipping 0 bytes of junk at 346.
12-14 11:14:48.751  3016  3945 D FFmpegExtractor: suppoted codec(mp3) by official Stagefright
12-14 11:14:48.751  3016  3945 D FFmpegExtractor: ffmpeg detected media content as 'audio/mpeg' with confidence 0.08
12-14 11:14:48.761  3016  4301 I FFmpegExtractor: android-source:0xf294eb90
12-14 11:14:48.763  3016  4301 I FFMPEG  : [mp3 @ 0xf0c38800] Skipping 0 bytes of junk at 1024.
12-14 11:14:48.763  3016  4301 D FFmpegExtractor: suppoted codec(mp3) by official Stagefright
12-14 11:14:48.763  3016  4301 D FFmpegExtractor: ffmpeg detected media content as 'audio/mpeg' with confidence 0.08
12-14 11:14:48.786  3016  3985 I FFmpegExtractor: android-source:0xf294e370
12-14 11:14:48.787  3016  3985 I FFmpegExtractor: adjust mime(video/ffmpeg -> audio/ffmpeg)
12-14 11:14:48.787  3016  3985 D FFmpegExtractor: suppoted codec(aac) by official Stagefright
12-14 11:14:48.787  3016  3985 D FFmpegExtractor: ffmpeg detected media content as 'audio/ffmpeg' with confidence 0.08
12-14 11:14:48.817  3016  3508 I FFmpegExtractor: android-source:0xf67e2430
12-14 11:14:48.819  3016  3508 I FFMPEG  : [mp3 @ 0xf0fda800] Skipping 0 bytes of junk at 1024.
12-14 11:14:48.819  3016  3508 D FFmpegExtractor: suppoted codec(mp3) by official Stagefright
12-14 11:14:48.819  3016  3508 D FFmpegExtractor: ffmpeg detected media content as 'audio/mpeg' with confidence 0.08
12-14 11:14:48.832  3016  3016 I FFmpegExtractor: android-source:0xf294e320
12-14 11:14:48.834  3016  3016 I FFMPEG  : [mp3 @ 0xf0945c00] Skipping 0 bytes of junk at 1024.
12-14 11:14:48.834  3016  3016 D FFmpegExtractor: suppoted codec(mp3) by official Stagefright
12-14 11:14:48.834  3016  3016 D FFmpegExtractor: ffmpeg detected media content as 'audio/mpeg' with confidence 0.08
12-14 11:14:48.859  3016  4329 I FFmpegExtractor: android-source:0xf294eb90
12-14 11:14:48.860  3016  4329 I FFmpegExtractor: adjust mime(video/ffmpeg -> audio/ffmpeg)
12-14 11:14:48.860  3016  4329 D FFmpegExtractor: suppoted codec(aac) by official Stagefright
12-14 11:14:48.860  3016  4329 D FFmpegExtractor: ffmpeg detected media content as 'audio/ffmpeg' with confidence 0.08
12-14 11:14:48.885  3016  4330 I FFmpegExtractor: android-source:0xf294e370
12-14 11:14:48.888  3016  4330 I FFMPEG  : [mp3 @ 0xf0cf2c00] Skipping 0 bytes of junk at 4206.
12-14 11:14:48.888  3016  4330 D FFmpegExtractor: suppoted codec(mp3) by official Stagefright
12-14 11:14:48.888  3016  4330 D FFmpegExtractor: ffmpeg detected media content as 'audio/mpeg' with confidence 0.08
12-14 11:14:48.922  3016  4295 I FFmpegExtractor: android-source:0xf67e2430
12-14 11:14:48.929  3016  4295 D FFmpegExtractor: suppoted codec(h264) by official Stagefright
12-14 11:14:48.930  3016  4295 D FFmpegExtractor: ffmpeg detected media content as 'video/mp4' with confidence 0.08
12-14 11:14:48.959  3016  3507 I FFmpegExtractor: android-source:0xf294e320
12-14 11:14:48.965  3016  3507 D FFmpegExtractor: suppoted codec(h264) by official Stagefright
12-14 11:14:48.965  3016  3507 D FFmpegExtractor: ffmpeg detected media content as 'video/mp4' with confidence 0.08
12-14 11:14:48.990  3016  4308 I FFmpegExtractor: android-source:0xf294eb90
12-14 11:14:48.997  3016  4308 D FFmpegExtractor: suppoted codec(h264) by official Stagefright
12-14 11:14:48.998  3016  4308 D FFmpegExtractor: suppoted codec(aac) by official Stagefright
12-14 11:14:48.998  3016  4308 D FFmpegExtractor: ffmpeg detected media content as 'video/mp4' with confidence 0.08
12-14 11:14:49.023  3016  4300 I FFmpegExtractor: android-source:0xf294e370
12-14 11:14:49.029  3016  4300 D FFmpegExtractor: suppoted codec(h264) by official Stagefright
12-14 11:14:49.029  3016  4300 D FFmpegExtractor: ffmpeg detected media content as 'video/mp4' with confidence 0.08
12-14 11:14:49.053  3016  3945 I FFmpegExtractor: android-source:0xf67e2430
12-14 11:14:49.059  3016  3945 D FFmpegExtractor: suppoted codec(h264) by official Stagefright
12-14 11:14:49.059  3016  3945 D FFmpegExtractor: ffmpeg detected media content as 'video/mp4' with confidence 0.08
12-14 11:14:49.065  3016  3504 V audio_hw_primary: out_set_parameters: key value pairs: routing=2
12-14 11:14:49.079  3016  4295 I FFmpegExtractor: android-source:0xf294ed70
12-14 11:14:49.083  3016  4295 D FFmpegExtractor: suppoted codec(h264) by official Stagefright
12-14 11:14:49.083  3016  4295 D FFmpegExtractor: ffmpeg detected media content as 'video/mp4' with confidence 0.08
12-14 11:14:49.094  3016  3945 I FFmpegExtractor: android-source:0xf67e24d0
12-14 11:14:49.097  3016  3945 D FFmpegExtractor: suppoted codec(h264) by official Stagefright
12-14 11:14:49.097  3016  3945 D FFmpegExtractor: ffmpeg detected media content as 'video/mp4' with confidence 0.08
12-14 11:14:49.109  3016  3507 I FFmpegExtractor: android-source:0xf67e2840
12-14 11:14:49.112  3016  3507 D FFmpegExtractor: suppoted codec(h264) by official Stagefright
12-14 11:14:49.112  3016  3507 D FFmpegExtractor: ffmpeg detected media content as 'video/mp4' with confidence 0.08
12-14 11:14:49.121  3016  4308 I FFmpegExtractor: android-source:0xf294e4b0
12-14 11:14:49.124  3016  4308 D FFmpegExtractor: suppoted codec(h264) by official Stagefright
12-14 11:14:49.124  3016  4308 D FFmpegExtractor: ffmpeg detected media content as 'video/mp4' with confidence 0.08
12-14 11:14:49.145  3016  4300 I FFmpegExtractor: android-source:0xf294ed70
12-14 11:14:49.150  3016  4300 D FFmpegExtractor: suppoted codec(h264) by official Stagefright
12-14 11:14:49.150  3016  4300 D FFmpegExtractor: ffmpeg detected media content as 'video/mp4' with confidence 0.08
12-14 11:14:49.163  3016  4301 I FFmpegExtractor: android-source:0xf67e24d0
12-14 11:14:49.165  3016  4301 D FFmpegExtractor: suppoted codec(h264) by official Stagefright
12-14 11:14:49.165  3016  4301 D FFmpegExtractor: ffmpeg detected media content as 'video/mp4' with confidence 0.08
12-14 11:14:49.183  3016  4301 I FFmpegExtractor: android-source:0xf294e320
12-14 11:14:49.188  3016  4301 D FFmpegExtractor: suppoted codec(h264) by official Stagefright
12-14 11:14:49.188  3016  4301 D FFmpegExtractor: ffmpeg detected media content as 'video/mp4' with confidence 0.08
12-14 11:14:49.213  3016  3985 I FFmpegExtractor: android-source:0xf67e2840
12-14 11:14:49.218  3016  3985 D FFmpegExtractor: suppoted codec(h264) by official Stagefright
12-14 11:14:49.218  3016  3985 D FFmpegExtractor: ffmpeg detected media content as 'video/mp4' with confidence 0.08
12-14 11:14:50.830  3418  3712 I ActivityManager: START u0 {act=android.intent.action.MAIN cat=[android.intent.category.LAUNCHER] flg=0x10200000 cmp=com.android.settings/.Settings (has extras)} from uid 10029 on display 0
12-14 11:14:50.845  3016  3504 V audio_hw_primary: out_set_parameters: key value pairs: routing=2
12-14 11:14:50.898  3418  3715 I ActivityManager: Start proc 5632:com.android.cellbroadcastreceiver/u0a6 for content provider com.android.cellbroadcastreceiver/.CellBroadcastSearchIndexableProvider
12-14 11:14:50.918  5632  5632 W System  : ClassLoader referenced unknown path: /system/priv-app/CellBroadcastReceiver/lib/arm64
12-14 11:14:50.964  4094  4094 D Index   : Cannot find field 'SEARCH_INDEX_DATA_PROVIDER'
12-14 11:14:50.979  4378  4403 E ELEVEN  : calling refresh!
12-14 11:14:50.988  4094  5646 I IndexDatabaseHelper: Bootstrapped database
12-14 11:14:50.992  4094  5646 I IndexDatabaseHelper: Using schema version: 121
12-14 11:14:50.993  4094  5646 I IndexDatabaseHelper: Index is fine
12-14 11:14:51.031  4014  4026 D PhoneInterfaceManager: [PhoneIntfMgr] getDataEnabled: subId=-1 phoneId=-1
12-14 11:14:51.032  4014  4026 E PhoneInterfaceManager: [PhoneIntfMgr] getDataEnabled: no phone subId=-1 retVal=false
12-14 11:14:51.032  4094  4094 D TelephonyManager: getDataEnabled: retVal=false
12-14 11:14:51.036  3418  3714 E ConnectivityService: Carrier Provisioning Urls file not found
12-14 11:14:51.036  3418  3714 D ConnectivityService: getMobileProvisioningUrl: mobile_provisioining_url from resource =
12-14 11:14:51.077  4094  4094 D DashboardSummary: rebuildUI took: 83 ms
12-14 11:14:51.101  4094  4924 D mali_winsys: EGLint new_window_surface(egl_winsys_display*, void*, EGLSurface, EGLConfig, egl_winsys_surface**, egl_color_buffer_format*, EGLBoolean) returns 0x3000,  [1440x2560]-format:1
12-14 11:14:51.191  4094  4935 W         : g2d stretchFimgApi_v5 function does not exist
12-14 11:14:51.200  3418  3437 I ActivityManager: Displayed com.android.settings/.Settings: +355ms
12-14 11:14:51.288  4094  5646 D Index   : Indexing locale 'en_US' took 295 millis
12-14 11:14:51.305  4094  5651 D Index   : Deleting data for locale 'en_US' took 0 millis
12-14 11:14:51.307  4094  5651 D Index   : Indexing locale 'en_US' took 2 millis
12-14 11:14:51.314  4094  5652 D Index   : Deleting data for locale 'en_US' took 1 millis
12-14 11:14:51.315  4094  5652 D Index   : Indexing locale 'en_US' took 1 millis
12-14 11:14:51.319  4094  5653 D Index   : Deleting data for locale 'en_US' took 1 millis
12-14 11:14:51.322  4094  5653 D Index   : Indexing locale 'en_US' took 3 millis
12-14 11:14:52.101  4850  4850 D WeatherUpdateService: onCreate
12-14 11:14:52.103  4850  4850 D WeatherUpdateService: Service started, but shouldn't update ... stopping
12-14 11:14:52.105  4850  4850 D WeatherUpdateService: onDestroy
12-14 11:14:53.306  3418  3986 I ActivityManager: START u0 {act=android.intent.action.MAIN cmp=com.android.settings/.SubSettings (has extras)} from uid 1000 on display 0
12-14 11:14:53.315  3016  3504 V audio_hw_primary: out_set_parameters: key value pairs: routing=2
12-14 11:14:53.339  4094  4094 D SubSettings: Launching fragment com.android.settings.DeviceInfoSettings
12-14 11:14:53.343  3016  4295 I FFmpegExtractor: android-source:0xf294ea00
12-14 11:14:53.350  3016  4295 D FFmpegExtractor: suppoted codec(h264) by official Stagefright
12-14 11:14:53.350  3016  4295 D FFmpegExtractor: suppoted codec(aac) by official Stagefright
12-14 11:14:53.350  3016  4295 D FFmpegExtractor: ffmpeg detected media content as 'video/mp4' with confidence 0.08
12-14 11:14:53.352  3016  3504 D AudioFlinger: mixer(0xf3040000) throttle end: throttle time(4)
12-14 11:14:53.353  4094  4094 D DeviceInfoSettings: Property 'ro.url.safetylegal' missing and no 'safetylegal' preference
12-14 11:14:53.383  3016  3945 I FFmpegExtractor: android-source:0xf67e2480
12-14 11:14:53.391  3016  3945 D FFmpegExtractor: suppoted codec(h264) by official Stagefright
12-14 11:14:53.391  3016  3945 D FFmpegExtractor: suppoted codec(aac) by official Stagefright
12-14 11:14:53.391  3016  3945 D FFmpegExtractor: ffmpeg detected media content as 'video/mp4' with confidence 0.08
12-14 11:14:53.392  3016  4295 I SampleTable: There are reordered frames present.
12-14 11:14:53.395  4094  4924 D mali_winsys: EGLint new_window_surface(egl_winsys_display*, void*, EGLSurface, EGLConfig, egl_winsys_surface**, egl_color_buffer_format*, EGLBoolean) returns 0x3000,  [1440x2560]-format:1
12-14 11:14:53.428  3016  3507 I FFmpegExtractor: android-source:0xf67e07c0
12-14 11:14:53.450  3016  3507 D FFmpegExtractor: suppoted codec(h264) by official Stagefright
12-14 11:14:53.450  3016  3507 D FFmpegExtractor: suppoted codec(aac) by official Stagefright
12-14 11:14:53.450  3016  3507 D FFmpegExtractor: ffmpeg detected media content as 'video/mp4' with confidence 0.08
12-14 11:14:53.470  3418  3437 I ActivityManager: Displayed com.android.settings/.SubSettings: +154ms
12-14 11:14:53.484  3016  3945 I FFmpegExtractor: android-source:0xf67e2660
12-14 11:14:53.493  3016  3945 D FFmpegExtractor: suppoted codec(h264) by official Stagefright
12-14 11:14:53.493  3016  3945 D FFmpegExtractor: suppoted codec(aac) by official Stagefright
12-14 11:14:53.493  3016  3945 D FFmpegExtractor: ffmpeg detected media content as 'video/mp4' with confidence 0.08
12-14 11:14:53.502  4094  4924 D OpenGLRenderer: endAllStagingAnimators on 0x7f69992c00 (RippleDrawable) with handle 0x7f68695140
12-14 11:14:53.515  3016  4308 I FFmpegExtractor: android-source:0xf294e410
12-14 11:14:53.527  3016  4308 D FFmpegExtractor: suppoted codec(h264) by official Stagefright
12-14 11:14:53.527  3016  4308 D FFmpegExtractor: suppoted codec(aac) by official Stagefright
12-14 11:14:53.527  3016  4308 D FFmpegExtractor: ffmpeg detected media content as 'video/mp4' with confidence 0.08
12-14 11:14:53.551  3016  4300 I FFmpegExtractor: android-source:0xf294ea00
12-14 11:14:53.559  3016  4300 D FFmpegExtractor: suppoted codec(h264) by official Stagefright
12-14 11:14:53.559  3016  4300 D FFmpegExtractor: suppoted codec(aac) by official Stagefright
12-14 11:14:53.559  3016  4300 D FFmpegExtractor: ffmpeg detected media content as 'video/mp4' with confidence 0.08
12-14 11:14:53.586  3016  4301 I FFmpegExtractor: android-source:0xf67e07c0
12-14 11:14:53.603  3016  4301 D FFmpegExtractor: suppoted codec(h264) by official Stagefright
12-14 11:14:53.603  3016  4301 D FFmpegExtractor: suppoted codec(aac) by official Stagefright
12-14 11:14:53.603  3016  4301 D FFmpegExtractor: ffmpeg detected media content as 'video/mp4' with confidence 0.08
12-14 11:14:53.632  3016  3985 I FFmpegExtractor: android-source:0xf67e2660
12-14 11:14:53.638  3016  3985 D FFmpegExtractor: suppoted codec(h264) by official Stagefright
12-14 11:14:53.638  3016  3985 D FFmpegExtractor: suppoted codec(aac) by official Stagefright
12-14 11:14:53.638  3016  3985 D FFmpegExtractor: ffmpeg detected media content as 'video/mp4' with confidence 0.08
12-14 11:14:53.661  3016  3508 I FFmpegExtractor: android-source:0xf294e410
12-14 11:14:53.693  3016  3508 D FFmpegExtractor: suppoted codec(h264) by official Stagefright
12-14 11:14:53.693  3016  3508 D FFmpegExtractor: suppoted codec(aac) by official Stagefright
12-14 11:14:53.693  3016  3508 D FFmpegExtractor: ffmpeg detected media content as 'video/mp4' with confidence 0.08
12-14 11:14:53.729  3016  3016 I FFmpegExtractor: android-source:0xf294ea00
12-14 11:14:53.736  3016  3016 D FFmpegExtractor: suppoted codec(h264) by official Stagefright
12-14 11:14:53.736  3016  3016 D FFmpegExtractor: suppoted codec(aac) by official Stagefright
12-14 11:14:53.736  3016  3016 D FFmpegExtractor: ffmpeg detected media content as 'video/mp4' with confidence 0.08
12-14 11:14:53.762  3016  4329 I FFmpegExtractor: android-source:0xf67e07c0
12-14 11:14:53.785  3016  4329 D FFmpegExtractor: suppoted codec(h264) by official Stagefright
12-14 11:14:53.785  3016  4329 D FFmpegExtractor: suppoted codec(aac) by official Stagefright
12-14 11:14:53.786  3016  4329 D FFmpegExtractor: ffmpeg detected media content as 'video/mp4' with confidence 0.08
12-14 11:14:53.813  3016  4330 I FFmpegExtractor: android-source:0xf67e2660
12-14 11:14:53.834  3016  4330 D FFmpegExtractor: suppoted codec(h264) by official Stagefright
12-14 11:14:53.834  3016  4330 D FFmpegExtractor: suppoted codec(aac) by official Stagefright
12-14 11:14:53.834  3016  4330 D FFmpegExtractor: ffmpeg detected media content as 'video/mp4' with confidence 0.08
12-14 11:14:53.856  3016  4295 I FFmpegExtractor: android-source:0xf294e410
12-14 11:14:53.900  3016  4295 D FFmpegExtractor: suppoted codec(h264) by official Stagefright
12-14 11:14:53.900  3016  4295 D FFmpegExtractor: suppoted codec(aac) by official Stagefright
12-14 11:14:53.901  3016  4295 D FFmpegExtractor: ffmpeg detected media content as 'video/mp4' with confidence 0.08
12-14 11:14:53.913  3016  3507 I FFmpegExtractor: android-source:0xf294ea00
12-14 11:14:53.917  3016  3507 D FFmpegExtractor: suppoted codec(h264) by official Stagefright
12-14 11:14:53.917  3016  3507 D FFmpegExtractor: suppoted codec(aac) by official Stagefright
12-14 11:14:53.917  3016  3507 D FFmpegExtractor: ffmpeg detected media content as 'video/mp4' with confidence 0.08
12-14 11:14:53.940  3016  3945 I FFmpegExtractor: android-source:0xf67e07c0
12-14 11:14:53.963  3016  3945 D FFmpegExtractor: suppoted codec(h264) by official Stagefright
12-14 11:14:53.963  3016  3945 D FFmpegExtractor: suppoted codec(aac) by official Stagefright
12-14 11:14:53.963  3016  3945 D FFmpegExtractor: ffmpeg detected media content as 'video/mp4' with confidence 0.08
12-14 11:14:53.991  3016  4308 I FFmpegExtractor: android-source:0xf67e2660
12-14 11:14:54.003  3016  4308 D FFmpegExtractor: suppoted codec(h264) by official Stagefright
12-14 11:14:54.003  3016  4308 D FFmpegExtractor: suppoted codec(aac) by official Stagefright
12-14 11:14:54.003  3016  4308 D FFmpegExtractor: ffmpeg detected media content as 'video/mp4' with confidence 0.08
12-14 11:14:54.028  3016  4300 I FFmpegExtractor: android-source:0xf294e410
12-14 11:14:54.040  3016  4300 D FFmpegExtractor: suppoted codec(h264) by official Stagefright
12-14 11:14:54.040  3016  4300 D FFmpegExtractor: suppoted codec(aac) by official Stagefright
12-14 11:14:54.040  3016  4300 D FFmpegExtractor: ffmpeg detected media content as 'video/mp4' with confidence 0.08
12-14 11:14:54.064  3016  4301 I FFmpegExtractor: android-source:0xf294ea00
12-14 11:14:54.075  3016  4301 D FFmpegExtractor: suppoted codec(h264) by official Stagefright
12-14 11:14:54.075  3016  4301 D FFmpegExtractor: suppoted codec(aac) by official Stagefright
12-14 11:14:54.075  3016  4301 D FFmpegExtractor: ffmpeg detected media content as 'video/mp4' with confidence 0.08
12-14 11:14:54.098  3016  3985 I FFmpegExtractor: android-source:0xf67e07c0
12-14 11:14:54.103  3016  3985 D FFmpegExtractor: suppoted codec(h264) by official Stagefright
12-14 11:14:54.103  3016  3985 D FFmpegExtractor: suppoted codec(aac) by official Stagefright
12-14 11:14:54.103  3016  3985 D FFmpegExtractor: ffmpeg detected media content as 'video/mp4' with confidence 0.08
12-14 11:14:54.126  3016  3508 I FFmpegExtractor: android-source:0xf67e2660
12-14 11:14:54.132  3016  3508 D FFmpegExtractor: suppoted codec(h264) by official Stagefright
12-14 11:14:54.132  3016  3508 D FFmpegExtractor: suppoted codec(aac) by official Stagefright
12-14 11:14:54.132  3016  3508 D FFmpegExtractor: ffmpeg detected media content as 'video/mp4' with confidence 0.08
12-14 11:14:54.160  3016  3016 I FFmpegExtractor: android-source:0xf294e410
12-14 11:14:54.167  3016  3016 D FFmpegExtractor: suppoted codec(h264) by official Stagefright
12-14 11:14:54.167  3016  3016 D FFmpegExtractor: suppoted codec(aac) by official Stagefright
12-14 11:14:54.167  3016  3016 D FFmpegExtractor: ffmpeg detected media content as 'video/mp4' with confidence 0.08
12-14 11:14:54.190  3016  4329 I FFmpegExtractor: android-source:0xf294ea00
12-14 11:14:54.196  3016  4329 D FFmpegExtractor: suppoted codec(h264) by official Stagefright
12-14 11:14:54.196  3016  4329 D FFmpegExtractor: suppoted codec(aac) by official Stagefright
12-14 11:14:54.197  3016  4329 D FFmpegExtractor: ffmpeg detected media content as 'video/mp4' with confidence 0.08
12-14 11:14:54.197  3016  3016 I SampleTable: There are reordered frames present.
12-14 11:14:54.219  3016  4330 I FFmpegExtractor: android-source:0xf67e07c0
12-14 11:14:54.244  3016  4330 D FFmpegExtractor: suppoted codec(h264) by official Stagefright
12-14 11:14:54.244  3016  4330 D FFmpegExtractor: suppoted codec(aac) by official Stagefright
12-14 11:14:54.244  3016  4330 D FFmpegExtractor: ffmpeg detected media content as 'video/mp4' with confidence 0.08
12-14 11:14:54.276  3016  4295 I FFmpegExtractor: android-source:0xf67e2660
12-14 11:14:54.282  3016  4295 D FFmpegExtractor: suppoted codec(h264) by official Stagefright
12-14 11:14:54.282  3016  4295 D FFmpegExtractor: suppoted codec(aac) by official Stagefright
12-14 11:14:54.282  3016  4295 D FFmpegExtractor: ffmpeg detected media content as 'video/mp4' with confidence 0.08
12-14 11:14:54.311  3016  3507 I FFmpegExtractor: android-source:0xf294e410
12-14 11:14:54.318  3016  3507 D FFmpegExtractor: suppoted codec(h264) by official Stagefright
12-14 11:14:54.318  3016  3507 D FFmpegExtractor: suppoted codec(aac) by official Stagefright
12-14 11:14:54.318  3016  3507 D FFmpegExtractor: ffmpeg detected media content as 'video/mp4' with confidence 0.08
12-14 11:14:54.346  3016  3945 I FFmpegExtractor: android-source:0xf294ea00
12-14 11:14:54.355  3016  3945 D FFmpegExtractor: suppoted codec(h264) by official Stagefright
12-14 11:14:54.355  3016  3945 D FFmpegExtractor: suppoted codec(aac) by official Stagefright
12-14 11:14:54.355  3016  3945 D FFmpegExtractor: ffmpeg detected media content as 'video/mp4' with confidence 0.08
12-14 11:14:54.381  3016  4308 I FFmpegExtractor: android-source:0xf67e07c0
12-14 11:14:54.390  3016  4308 D FFmpegExtractor: suppoted codec(h264) by official Stagefright
12-14 11:14:54.390  3016  4308 D FFmpegExtractor: suppoted codec(aac) by official Stagefright
12-14 11:14:54.390  3016  4308 D FFmpegExtractor: ffmpeg detected media content as 'video/mp4' with confidence 0.08
12-14 11:14:54.412  3016  4300 I FFmpegExtractor: android-source:0xf67e2660
12-14 11:14:54.419  3016  4300 D FFmpegExtractor: suppoted codec(h264) by official Stagefright
12-14 11:14:54.419  3016  4300 D FFmpegExtractor: suppoted codec(aac) by official Stagefright
12-14 11:14:54.419  3016  4300 D FFmpegExtractor: ffmpeg detected media content as 'video/mp4' with confidence 0.08
12-14 11:14:54.445  3016  4301 I FFmpegExtractor: android-source:0xf294e410
12-14 11:14:54.453  3016  4301 D FFmpegExtractor: suppoted codec(h264) by official Stagefright
12-14 11:14:54.453  3016  4301 D FFmpegExtractor: suppoted codec(aac) by official Stagefright
12-14 11:14:54.453  3016  4301 D FFmpegExtractor: ffmpeg detected media content as 'video/mp4' with confidence 0.08
12-14 11:14:54.480  3016  3985 I FFmpegExtractor: android-source:0xf294ea00
12-14 11:14:54.487  3016  3985 D FFmpegExtractor: suppoted codec(h264) by official Stagefright
12-14 11:14:54.487  3016  3985 D FFmpegExtractor: suppoted codec(aac) by official Stagefright
12-14 11:14:54.488  3016  3985 D FFmpegExtractor: ffmpeg detected media content as 'video/mp4' with confidence 0.08
12-14 11:14:54.514  3016  3508 I FFmpegExtractor: android-source:0xf67e07c0
12-14 11:14:54.520  3016  3508 D FFmpegExtractor: suppoted codec(h264) by official Stagefright
12-14 11:14:54.520  3016  3508 D FFmpegExtractor: suppoted codec(aac) by official Stagefright
12-14 11:14:54.520  3016  3508 D FFmpegExtractor: ffmpeg detected media content as 'video/mp4' with confidence 0.08
12-14 11:14:54.544  3016  3016 I FFmpegExtractor: android-source:0xf67e2660
12-14 11:14:54.600  3016  3016 D FFmpegExtractor: suppoted codec(h264) by official Stagefright
12-14 11:14:54.600  3016  3016 D FFmpegExtractor: suppoted codec(aac) by official 