12-04 05:46:10.530  4703  4732 I PackageManager: SELinux relabeling of com.android.defcontainer issued.
12-04 05:46:10.553  4703  4733 I PackageManager: SELinux relabeling of com.android.providers.contacts issued.
12-04 05:46:10.557  4703  4736 I PackageManager: SELinux relabeling of org.cyanogenmod.providers.datausage issued.
12-04 05:46:10.663  4703  4729 I PackageManager: SELinux relabeling of com.android.carrierconfig issued.
12-04 05:46:10.757  4703  4733 W PackageParser: No actions in intent filter at /system/priv-app/Dialer/Dialer.apk Binary XML file line #152
12-04 05:46:10.796  4703  4732 I PackageManager: SELinux relabeling of com.android.externalstorage issued.
12-04 05:46:10.831  4703  4736 I PackageManager: SELinux relabeling of com.android.providers.downloads issued.
12-04 05:46:10.883  4703  4729 I PackageManager: SELinux relabeling of com.android.location.fused issued.
12-04 05:46:10.950  4703  4736 W PackageManager: Permission android.permission.DOWNLOAD_WITHOUT_NOTIFICATION from package com.android.providers.downloads in an unknown group android.permission-group.NETWORK
12-04 05:46:11.016  4703  4732 I PackageManager: SELinux relabeling of com.android.inputdevices issued.
12-04 05:46:11.114  4703  4729 I PackageManager: SELinux relabeling of org.cyanogenmod.livelockscreen.service issued.
12-04 05:46:11.134  4703  4713 I art     : Background sticky concurrent mark sweep GC freed 165233(11MB) AllocSpace objects, 122(5MB) LOS objects, 21% free, 32MB/41MB, paused 13.670ms total 618.933ms
12-04 05:46:11.166  4703  4736 I PackageManager: SELinux relabeling of com.android.managedprovisioning issued.
12-04 05:46:11.255  4703  4732 I PackageManager: SELinux relabeling of com.android.providers.media issued.
12-04 05:46:11.320  4703  4729 I PackageManager: SELinux relabeling of com.android.mms.service issued.
12-04 05:46:11.422  4703  4736 I PackageManager: SELinux relabeling of com.android.onetimeinitializer issued.
12-04 05:46:11.483  4703  4729 I PackageManager: SELinux relabeling of com.android.proxyhandler issued.
12-04 05:46:11.652  4703  4736 I PackageManager: SELinux relabeling of org.cyanogenmod.screencast issued.
12-04 05:46:11.761  4703  4736 I PackageManager: SELinux relabeling of com.android.providers.settings issued.
12-04 05:46:11.858  4703  4732 I PackageManager: SELinux relabeling of com.android.packageinstaller issued.
12-04 05:46:12.016  4703  4730 I PackageManager: SELinux relabeling of com.cyanogenmod.setupwizard issued.
12-04 05:46:12.075  4703  4736 I PackageManager: SELinux relabeling of com.android.sharedstoragebackup issued.
12-04 05:46:12.128  4703  4732 I PackageManager: SELinux relabeling of com.android.shell issued.
12-04 05:46:12.176  4703  4731 I PackageManager: SELinux relabeling of com.android.contacts issued.
12-04 05:46:12.198  4703  4730 I PackageManager: SELinux relabeling of com.android.statementservice issued.
12-04 05:46:12.430  4703  4732 W PackageParser: Ignoring duplicate uses-permissions/uses-permissions-sdk-m: android.permission.ACCESS_WIFI_STATE in package: com.android.phone at: Binary XML file line #134
12-04 05:46:12.483  4703  4731 I PackageManager: SELinux relabeling of com.android.providers.telephony issued.
12-04 05:46:12.580  4703  4730 I PackageManager: SELinux relabeling of com.android.server.telecom issued.
12-04 05:46:12.699  4703  4730 I PackageManager: SELinux relabeling of org.cyanogenmod.themeservice issued.
12-04 05:46:12.710  4703  4733 I PackageManager: SELinux relabeling of com.android.dialer issued.
12-04 05:46:12.757  4703  4732 I PackageManager: SELinux relabeling of com.android.phone issued.
12-04 05:46:12.880  4703  4731 I PackageManager: SELinux relabeling of org.cyanogenmod.theme.chooser2 issued.
12-04 05:46:12.947  4703  4730 I PackageManager: SELinux relabeling of org.cyanogenmod.themes.provider issued.
12-04 05:46:12.986  4703  4713 I art     : Background partial concurrent mark sweep GC freed 157570(10MB) AllocSpace objects, 63(3MB) LOS objects, 31% free, 35MB/51MB, paused 5.137ms total 916.018ms
