11-28 17:39:17.093  4417  4417 W PackageManager: Unknown permission android.permission.ACCESS_SUPERUSER in package com.cyanogenmod.filemanager
11-28 17:39:17.093  4417  4417 W PackageManager: Unknown permission com.cyanogenmod.filemanager.permissions.READ_THEME in package com.cyanogenmod.filemanager
11-28 17:39:17.093  4417  4417 W PackageManager: Unknown permission com.google.android.gallery3d.permission.PICASA_STORE in package com.android.dreams.phototable
11-28 17:39:17.093  4417  4417 W PackageManager: Unknown permission com.google.android.googleapps.permission.GOOGLE_AUTH in package com.android.settings
11-28 17:39:17.093  4417  4417 W PackageManager: Unknown permission com.android.launcher.permission.READ_SETTINGS in package com.android.settings
11-28 17:39:17.093  4417  4417 W PackageManager: Unknown permission com.android.launcher.permission.WRITE_SETTINGS in package com.android.settings
11-28 17:39:17.094  4417  4417 W PackageManager: Not granting permission android.permission.REAL_GET_TASKS to package com.cyanogenmod.eleven (protectionLevel=18 flags=0x3818be65)
11-28 17:39:17.095  4417  4417 W PackageManager: Unknown permission com.google.android.gallery3d.permission.GALLERY_PROVIDER in package com.android.bluetooth
11-28 17:39:17.095  4417  4417 W PackageManager: Unknown permission com.google.android.googleapps.permission.ACCESS_GOOGLE_PASSWORD in package com.android.development
11-28 17:39:17.095  4417  4417 W PackageManager: Unknown permission com.google.android.googleapps.permission.GOOGLE_AUTH in package com.android.development
11-28 17:39:17.095  4417  4417 W PackageManager: Unknown permission com.google.android.googleapps.permission.GOOGLE_AUTH.ALL_SERVICES in package com.android.development
11-28 17:39:17.095  4417  4417 W PackageManager: Unknown permission com.google.android.googleapps.permission.GOOGLE_AUTH.YouTubeUser in package com.android.development
11-28 17:39:17.096  4417  4417 V PackageManager: Disabling com.google.android.gsf/com.google.android.gsf.update.SystemUpdateActivity
11-28 17:39:17.096  4417  4417 W PackageManager: Unable to disable com.google.android.gsf/com.google.android.gsf.update.SystemUpdateActivity
11-28 17:39:17.096  4417  4417 V PackageManager: Disabling com.google.android.gsf/com.google.android.gsf.update.SystemUpdateService$Receiver
11-28 17:39:17.096  4417  4417 W PackageManager: Unable to disable com.google.android.gsf/com.google.android.gsf.update.SystemUpdateService$Receiver
11-28 17:39:17.096  4417  4417 V PackageManager: Disabling com.google.android.gsf/com.google.android.gsf.update.SystemUpdateService$SecretCodeReceiver
11-28 17:39:17.096  4417  4417 W PackageManager: Unable to disable com.google.android.gsf/com.google.android.gsf.update.SystemUpdateService$SecretCodeReceiver
11-28 17:39:17.096  4417  4417 V PackageManager: Disabling com.google.android.gms/com.google.android.gms.update.SystemUpdateActivity
11-28 17:39:17.096  4417  4417 W PackageManager: Unable to disable com.google.android.gms/com.google.android.gms.update.SystemUpdateActivity
11-28 17:39:17.096  4417  4417 V PackageManager: Disabling com.google.android.gms/com.google.android.gms.update.SystemUpdateService$Receiver
11-28 17:39:17.096  4417  4417 W PackageManager: Unable to disable com.google.android.gms/com.google.android.gms.update.SystemUpdateService$Receiver
11-28 17:39:17.096  4417  4417 V PackageManager: Disabling com.google.android.gms/com.google.android.gms.update.SystemUpdateService$ActiveReceiver
11-28 17:39:17.096  4417  4417 W PackageManager: Unable to disable com.google.android.gms/com.google.android.gms.update.SystemUpdateService$ActiveReceiver
11-28 17:39:17.096  4417  4417 V PackageManager: Disabling com.google.android.gms/com.google.android.gms.update.SystemUpdateService$SecretCodeReceiver
11-28 17:39:17.096  4417  4417 W PackageManager: Unable to disable com.google.android.gms/com.google.android.gms.update.SystemUpdateService$SecretCodeReceiver
11-28 17:39:17.097  4417  4417 V PackageManager: Enabling com.google.android.gsf/com.google.android.gsf.update.SystemUpdateService
11-28 17:39:17.097  4417  4417 W PackageManager: Unable to enable com.google.android.gsf/com.google.android.gsf.update.SystemUpdateService
11-28 17:39:17.097  4417  4417 V PackageManager: Enabling com.google.android.gms/com.google.android.gms.update.SystemUpdateService
11-28 17:39:17.097  4417  4417 W PackageManager: Unable to enable com.google.android.gms/com.google.android.gms.update.SystemUpdateService
11-28 17:39:17.225  4417  4417 I art     : Starting a blocking GC Explicit
11-28 17:39:17.296  4417  4417 I art     : Explicit concurrent mark sweep GC freed 63479(3MB) AllocSpace objects, 6(704KB) LOS objects, 33% free, 27MB/41MB, paused 739us total 70.585ms
11-28 17:39:17.297  4417  4417 I SystemServer: User Service
11-28 17:39:17.327  2931  2931 I lowmemorykiller: ActivityManager connected
11-28 17:39:17.330  4417  4417 I SystemServiceManager: Starting com.android.server.BatteryService
11-28 17:39:17.333  4417  4465 I         : System server: starting sensor init.
11-28 17:39:17.345  4417  4465 D SensorService: nuSensorService starting...
11-28 17:39:17.347  4417  4465 I Sensors : getName:gyro_sensor name = K6DS3TR.
11-28 17:39:17.348  4417  4465 I Sensors : Proximity old sensor_state 0, new sensor_state : 128 en : 1
11-28 17:39:17.363  4417  4417 I SystemServiceManager: Starting com.android.server.usage.UsageStatsService
11-28 17:39:17.365  4417  4465 I Sensors : Light old sensor_state 128, new sensor_state : 640 en : 1
11-28 17:39:17.382  4417  4465 I Sensors : Light_IR old sensor_state 640, new sensor_state : 16777856 en : 1
11-28 17:39:17.382  4417  4465 E Sensors : Light_IR_Sensor write failed. ret = -1, sensor_state = 16777856
11-28 17:39:17.386  4417  4465 I Sensors : SigMotionSensor old sensor_state 640, new sensor_state : 17024 en : 1
11-28 17:39:17.392  4417  4465 I Sensors : getName:gyro_sensor name = K6DS3TR.
11-28 17:39:17.393  4417  4465 I Sensors : StepCounterSensor old sensor_state 17024, new sensor_state : 279168 en : 1
11-28 17:39:17.393  4417  4465 E Sensors : StepCounterSensor write failed. ret = -1, sensor_state = 279168
11-28 17:39:17.393  4417  4465 I Sensors : Int.Gyro old sensor_state 17024, new sensor_state : 33571456 en : 1
11-28 17:39:17.393  4417  4465 E Sensors : Int.GyroSensor write failed. ret = -1, sensor_state = 33571456
11-28 17:39:17.393  4417  4465 I Sensors : getName:gyro_sensor name = K6DS3TR.
11-28 17:39:17.393  4417  4465 I Sensors : HrmSpO2Sensor:: part type = 12.
11-28 17:39:17.393  4417  4465 D Sensors : HrmSpO2Sensor::type:12, prox threshold:10000
11-28 17:39:17.393  4417  4465 D Sensors : HrmSpO2Sensor::handle:0 ,en:1
11-28 17:39:17.394  4417  4465 E Sensors : HrmSpO2Sensor::Error MAXIM Flicker Library...handle=0x0
11-28 17:39:17.394  4417  4465 D Sensors : HrmSpO2Sensor::HrmSpO2Sensor: Shared version Registered
11-28 17:39:17.394  4417  4465 D Sensors : HrmLedSensor enable: mEnabled 0, handle 20, en 1
11-28 17:39:17.394  4417  4465 D Sensors : HRMSensor led enabled:1, en:1
11-28 17:39:17.453  4417  4465 I Sensors : getVendor:hrm_sensor vendor = MAXIM.
11-28 17:39:17.453  4417  4465 I Sensors : HrmLedSensor: HrmLedSensor vendor = MAXIM.
11-28 17:39:17.453  4417  4465 D Sensors : HRMSensor_LED::libhr open start!! 
11-28 17:39:17.453  4417  4465 E Sensors : HRMSensor_LED::libhr open failed 
11-28 17:39:17.453  4417  4465 E Sensors : GripSensor: enable
11-28 17:39:17.462  4417  4417 I UsageStatsService: User[0] Rollover scheduled @ 2016-11-29 00:00:00(1480377600000)
11-28 17:39:17.463  4417  4417 I SystemServiceManager: Starting com.android.server.webkit.WebViewUpdateService
11-28 17:39:17.465  4417  4417 I SystemServer: Reading configuration...
11-28 17:39:17.465  4417  4417 I SystemServer: Scheduling Policy
11-28 17:39:17.466  4417  4417 I SystemServiceManager: Starting com.android.server.telecom.TelecomLoaderService
11-28 17:39:17.467  4417  4417 I SystemServer: Telephony Registry
11-28 17:39:17.482  4417  4465 I Sensors : Proximity old sensor_state 17024, new sensor_state : 16896 en : 0
11-28 17:39:17.483  4417  4465 I Sensors : Light old sensor_state 16896, new sensor_state : 16384 en : 0
11-28 17:39:17.483  4417  4465 I Sensors : SigMotionSensor old sensor_state 16384, new sensor_state : 0 en : 0
11-28 17:39:17.483  4417  4465 E Sensors : GripSensor: enable
11-28 17:39:17.485  4417  4465 D Sensors : HrmSpO2Sensor::handle:19 ,en:0
11-28 17:39:17.485  4417  4465 D Sensors : HrmSpO2Sensor::isEnabled:0 ,en:0, mEn:0
11-28 17:39:17.485  4417  4465 D Sensors : HrmSpO2Sensor::handle:28 ,en:0
11-28 17:39:17.485  4417  4465 D Sensors : HrmSpO2Sensor::isEnabled:0 ,en:0, mEn:0
11-28 17:39:17.485  4417  4465 D Sensors : HrmLedSensor enable: mEnabled 1, handle 20, en 0
11-28 17:39:17.485  4417  4465 D Sensors : HRMSensor_LED::enable 
11-28 17:39:17.485  4417  4465 D Sensors : HRMSensor led enabled:0, en:0
11-28 17:39:17.487  4417  4417 I SystemServer: Entropy Mixer
11-28 17:39:17.488  4417  4465 D Sensors : HrmLedSensor enable: mEnabled 0, handle 21, en 0
11-28 17:39:17.488  4417  4465 D Sensors : HrmLedSensor isEnabled:0 ,en:0
11-28 17:39:17.488  4417  4465 D Sensors : HrmSpO2Sensor::handle:18 ,en:0
11-28 17:39:17.488  4417  4465 D Sensors : HrmSpO2Sensor::isEnabled:0 ,en:0, mEn:0
11-28 17:39:17.492  4417  4465 I         : System server: sensor init done.
11-28 17:39:17.496  4417  4466 D SensorService: new thread SensorEventAckReceiver
11-28 17:39:17.497  4417  4467 D SensorService: nuSensorService thread starting...
11-28 17:39:17.528  4417  4417 I EntropyMixer: Added HW RNG output to entropy pool
11-28 17:39:17.528  4417  4417 I EntropyMixer: Writing entropy...
11-28 17:39:17.548  4417  4417 I SystemServer: Camera Service
11-28 17:39:17.548  4417  4417 I SystemServiceManager: Starting com.android.server.camera.CameraService
11-28 17:39:17.579  4417  4470 I ServiceThread: Enabled StrictMode logging for CameraService_proxy looper.
11-28 17:39:17.580  4417  4417 I SystemServer: Account Manager
11-28 17:39:17.584  4417  4417 I SystemServer: Content Manager
11-28 17:39:17.589  4417  4417 I SystemServer: System Content Providers
11-28 17:39:17.594  4417  4417 W System  : ClassLoader referenced unknown path: /system/priv-app/CMSettingsProvider/lib/arm64
11-28 17:39:17.608  4417  4417 W System  : ClassLoader referenced unknown path: /system/priv-app/SettingsProvider/lib/arm64
11-28 17:39:17.658  4417  4417 I SystemServer: Vibrator Service
11-28 17:39:17.661  4417  4417 I SystemServer: Consumer IR Service
11-28 17:39:17.662  4417  4417 E ConsumerIrService: Can't open consumer IR HW Module, error: -2
11-28 17:39:17.662  4417  4417 E System  : ******************************************
11-28 17:39:17.663  4417  4417 E System  : ************ Failure starting core service
11-28 17:39:17.663  4417  4417 E System  : java.lang.RuntimeException: FEATURE_CONSUMER_IR present, but no IR HAL loaded!
11-28 17:39:17.663  4417  4417 E System  : 	at com.android.server.ConsumerIrService.<init>(ConsumerIrService.java:51)
11-28 17:39:17.663  4417  4417 E System  : 	at com.android.server.SystemServer.startOtherServices(SystemServer.java:509)
11-28 17:39:17.663  4417  4417 E System  : 	at com.android.server.SystemServer.run(SystemServer.java:291)
11-28 17:39:17.663  4417  4417 E System  : 	at com.android.server.SystemServer.main(SystemServer.java:176)
11-28 17:39:17.663  4417  4417 E System  : 	at java.lang.reflect.Method.invoke(Native Method)
11-28 17:39:17.663  4417  4417 E System  : 	at com.android.internal.os.ZygoteInit$MethodAndArgsCaller.run(ZygoteInit.java:726)
11-28 17:39:17.663  4417  4417 E System  : 	at com.android.internal.os.ZygoteInit.main(ZygoteInit.java:616)
11-28 17:39:17.663  4417  4417 I SystemServer: Input Method Service
11-28 17:39:17.765  4417  4417 W InputMethodManagerService: No IME selected. Choose the most applicable IME.
11-28 17:39:17.765  4417  4417 I InputMethodManagerService: Default found, using com.android.inputmethod.latin/.LatinIME
11-28 17:39:17.768  4417  4417 I SystemServer: Accessibility Manager
11-28 17:39:17.769  4474  4474 V lhd     : GlLhdInterface::Init(/system/etc/lhd.conf)
11-28 17:39:17.770  4474  4474 E lhd     : Failed to read config file "/system/etc/lhd.conf"
11-28 17:39:17.770  4474  4474 E lhd     : ASSERT in GlLhdInterface.cpp:145: Failed to parse config file.
11-28 17:39:17.770  4474  4474 F libc    : Fatal signal 6 (SIGABRT), code -6 in tid 4474 (lhd)
11-28 17:39:17.770  3005  3005 I DEBUG   : property debug.db.uid not set; NOT waiting for gdb.
11-28 17:39:17.770  3005  3005 I DEBUG   : HINT: adb shell setprop debug.db.uid 100000
11-28 17:39:17.770  3005  3005 I DEBUG   : HINT: adb forward tcp:5039 tcp:5039
11-28 17:39:17.775  4417  4417 W SystemServer: ***********************************************
11-28 17:39:17.776  4417  4417 E SystemServer: BOOT FAILURE making display ready
11-28 17:39:17.776  4417  4417 E SystemServer: java.lang.NullPointerException: Attempt to invoke virtual method 'void com.android.server.wm.WindowManagerService.displayReady()' on a null object reference
11-28 17:39:17.776  4417  4417 E SystemServer: 	at com.android.server.SystemServer.startOtherServices(SystemServer.java:591)
11-28 17:39:17.776  4417  4417 E SystemServer: 	at com.android.server.SystemServer.run(SystemServer.java:291)
11-28 17:39:17.776  4417  4417 E SystemServer: 	at com.android.server.SystemServer.main(SystemServer.java:176)
11-28 17:39:17.776  4417  4417 E SystemServer: 	at java.lang.reflect.Method.invoke(Native Method)
11-28 17:39:17.776  4417  4417 E SystemServer: 	at com.android.internal.os.ZygoteInit$MethodAndArgsCaller.run(ZygoteInit.java:726)
11-28 17:39:17.776  4417  4417 E SystemServer: 	at com.android.internal.os.ZygoteInit.main(ZygoteInit.java:616)
11-28 17:39:17.777  4417  4417 I SystemServiceManager: Starting com.android.server.MountService$Lifecycle
11-28 17:39:17.795  4417  4417 I SystemServiceManager: Starting com.android.server.UiModeManagerService
11-28 17:39:17.797  4417  4417 I ActivityManager: Config changes=200 {1.0 ?mcc?mnc en_US ldltr ?swdp ?wdp ?hdp ?density ?lsize ?long ?orien ?touch ?keyb/?/? ?nav/? s.2 themeResource=null}
11-28 17:39:17.799  4417  4417 E System  : ******************************************
11-28 17:39:17.800  4417  4417 E System  : ************ Failure starting system services
11-28 17:39:17.800  4417  4417 E System  : java.lang.NullPointerException: Attempt to invoke virtual method 'void com.android.server.wm.WindowManagerService.updateBootProgress(int, android.content.pm.ApplicationInfo, int, int, boolean)' on a null object reference
11-28 17:39:17.800  4417  4417 E System  : 	at com.android.server.am.ActivityManagerService.updateBootProgress(ActivityManagerService.java:6581)
11-28 17:39:17.800  4417  4417 E System  : 	at com.android.server.SystemServer.startOtherServices(SystemServer.java:624)
11-28 17:39:17.800  4417  4417 E System  : 	at com.android.server.SystemServer.run(SystemServer.java:291)
11-28 17:39:17.800  4417  4417 E System  : 	at com.android.server.SystemServer.main(SystemServer.java:176)
11-28 17:39:17.800  4417  4417 E System  : 	at java.lang.reflect.Method.invoke(Native Method)
11-28 17:39:17.800  4417  4417 E System  : 	at com.android.internal.os.ZygoteInit$MethodAndArgsCaller.run(ZygoteInit.java:726)
11-28 17:39:17.800  4417  4417 E System  : 	at com.android.internal.os.ZygoteInit.main(ZygoteInit.java:616)
11-28 17:39:17.800  4417  4417 D AndroidRuntime: Shutting down VM
11-28 17:39:17.800  4417  4417 E AndroidRuntime: *** FATAL EXCEPTION IN SYSTEM PROCESS: main
11-28 17:39:17.800  4417  4417 E AndroidRuntime: java.lang.NullPointerException: Attempt to invoke virtual method 'void com.android.server.wm.WindowManagerService.updateBootProgress(int, android.content.pm.ApplicationInfo, int, int, boolean)' on a null object reference
11-28 17:39:17.800  4417  4417 E AndroidRuntime: 	at com.android.server.am.ActivityManagerService.updateBootProgress(ActivityManagerService.java:6581)
11-28 17:39:17.800  4417  4417 E AndroidRuntime: 	at com.android.server.SystemServer.startOtherServices(SystemServer.java:624)
11-28 17:39:17.800  4417  4417 E AndroidRuntime: 	at com.android.server.SystemServer.run(SystemServer.java:291)
11-28 17:39:17.800  4417  4417 E AndroidRuntime: 	at com.android.server.SystemServer.main(SystemServer.java:176)
11-28 17:39:17.800  4417  4417 E AndroidRuntime: 	at java.lang.reflect.Method.invoke(Native Method)
11-28 17:39:17.800  4417  4417 E AndroidRuntime: 	at com.android.internal.os.ZygoteInit$MethodAndArgsCaller.run(ZygoteInit.java:726)
11-28 17:39:17.800  4417  4417 E AndroidRuntime: 	at com.android.internal.os.ZygoteInit.main(ZygoteInit.java:616)
11-28 17:39:17.801  4417  4417 I Process : Sending signal. PID: 4417 SIG: 9
11-28 17:39:17.821  3005  3005 F DEBUG   : *** *** *** *** *** *** *** *** *** *** *** *** *** *** *** ***
11-28 17:39:17.821  3005  3005 F DEBUG   : CM Version: '13.0-20161128-UNOFFICIAL-hero2ltexx'
11-28 17:39:17.821  3005  3005 F DEBUG   : Build fingerprint: 'samsung/cm_hero2ltexx/hero2ltexx:6.0.1/MOB31K/2397aefd48:eng/test-keys'
11-28 17:39:17.821  3005  3005 F DEBUG   : Revision: '0'
11-28 17:39:17.821  3005  3005 F DEBUG   : ABI: 'arm64'
11-28 17:39:17.821  3005  3005 F DEBUG   : pid: 4474, tid: 4474, name: lhd  >>> /system/bin/lhd <<<
11-28 17:39:17.821  3005  3005 F DEBUG   : signal 6 (SIGABRT), code -6 (SI_TKILL), fault addr --------
11-28 17:39:17.826  3005  3005 F DEBUG   :     x0   0000000000000000  x1   000000000000117a  x2   0000000000000006  x3   0000000000000000
11-28 17:39:17.826  3005  3005 F DEBUG   :     x4   0000000000000000  x5   0000000000000001  x6   0000000000000000  x7   0000000000000000
11-28 17:39:17.826  3005  3005 F DEBUG   :     x8   0000000000000083  x9   0000007fe4cdc860  x10  00000000ffffffd8  x11  00000000ffffff80
11-28 17:39:17.826  3005  3005 F DEBUG   :     x12  0000007f7e34ec90  x13  1c4537fa6533837c  x14  1c4537fa6533837c  x15  0000000000000001
11-28 17:39:17.826  3005  3005 F DEBUG   :     x16  0000007f7dedb560  x17  0000007f7de6cd6c  x18  000000000000003e  x19  0000007f7e2fb0d8
11-28 17:39:17.826  3005  3005 F DEBUG   :     x20  0000007f7e2fb018  x21  0000000000000002  x22  0000000000000006  x23  0000007f7e32c000
11-28 17:39:17.826  3005  3005 F DEBUG   :     x24  0000007fe4cdce58  x25  0000007f7e351420  x26  0000000000000000  x27  0000000000000000
11-28 17:39:17.826  3005  3005 F DEBUG   :     x28  0000000000000000  x29  0000007fe4cdc930  x30  0000007f7de6a508
11-28 17:39:17.826  3005  3005 F DEBUG   :     sp   0000007fe4cdc930  pc   0000007f7de6cd74  pstate 0000000020000000
11-28 17:39:17.829  3005  3005 F DEBUG   : 
11-28 17:39:17.829  3005  3005 F DEBUG   : backtrace:
11-28 17:39:17.829  3005  3005 F DEBUG   :     #00 pc 0000000000069d74  /system/lib64/libc.so (tgkill+8)
11-28 17:39:17.829  3005  3005 F DEBUG   :     #01 pc 0000000000067504  /system/lib64/libc.so (pthread_kill+68)
11-28 17:39:17.829  3005  3005 F DEBUG   :     #02 pc 0000000000023448  /system/lib64/libc.so (raise+28)
11-28 17:39:17.829  3005  3005 F DEBUG   :     #03 pc 000000000001dbe8  /system/lib64/libc.so (abort+60)
11-28 17:39:17.829  3005  3005 F DEBUG   :     #04 pc 000000000000b9a8  /system/bin/lhd
11-28 17:39:17.829  3005  3005 F DEBUG   :     #05 pc 000000000000ba48  /system/bin/lhd
11-28 17:39:17.829  3005  3005 F DEBUG   :     #06 pc 000000000000c42c  /system/bin/lhd
11-28 17:39:17.829  3005  3005 F DEBUG   :     #07 pc 000000000000c6d8  /system/bin/lhd
11-28 17:39:17.829  3005  3005 F DEBUG   :     #08 pc 0000000000009a4c  /system/bin/lhd (main+64)
11-28 17:39:17.829  3005  3005 F DEBUG   :     #09 pc 000000000001bcd8  /system/lib64/libc.so (__libc_init+100)
11-28 17:39:17.829  3005  3005 F DEBUG   :     #10 pc 0000000000009df0  /system/bin/lhd
11-28 17:39:17.871  3009  3009 E installd: eof
11-28 17:39:17.871  3009  3009 E installd: failed to read size
11-28 17:39:17.871  3009  3009 I installd: closing connection
11-28 17:39:17.871  2932  2932 I ServiceManager: service 'sensorservice' died
11-28 17:39:17.871  2932  2932 I ServiceManager: service 'package' died
11-28 17:39:17.871  2932  2932 I ServiceManager: service 'user' died
11-28 17:39:17.871  2932  2932 I ServiceManager: service 'activity' died
11-28 17:39:17.871  2932  2932 I ServiceManager: service 'procstats' died
11-28 17:39:17.871  2932  2932 I ServiceManager: service 'meminfo' died
11-28 17:39:17.871  2932  2932 I ServiceManager: service 'gfxinfo' died
11-28 17:39:17.871  2932  2932 I ServiceManager: service 'dbinfo' died
11-28 17:39:17.871  2932  2932 I ServiceManager: service 'cpuinfo' died
11-28 17:39:17.871  2932  2932 I ServiceManager: service 'permission' died
11-28 17:39:17.871  2932  2932 I ServiceManager: service 'processinfo' died
11-28 17:39:17.871  2932  2932 I ServiceManager: service 'batterymanager' died
11-28 17:39:17.871  2932  2932 I ServiceManager: service 'usagestats' died
11-28 17:39:17.871  2932  2932 I ServiceManager: service 'webviewupdate' died
11-28 17:39:17.871  2932  2932 I ServiceManager: service 'scheduling_policy' died
11-28 17:39:17.871  2932  2932 I ServiceManager: service 'telephony.registry' died
11-28 17:39:17.871  2932  2932 I ServiceManager: service 'media.camera.proxy' died
11-28 17:39:17.871  2932  2932 I ServiceManager: service 'account' died
11-28 17:39:17.871  2932  2932 I ServiceManager: service 'content' died
11-28 17:39:17.871  2932  2932 I ServiceManager: service 'vibrator' died
11-28 17:39:17.871  2932  2932 I ServiceManager: service 'input_method' died
11-28 17:39:17.871  2932  2932 I ServiceManager: service 'accessibility' died
11-28 17:39:17.871  2932  2932 I ServiceManager: service 'mount' died
11-28 17:39:17.871  2932  2932 I ServiceManager: service 'uimode' died
11-28 17:39:17.871  2932  2932 I ServiceManager: service 'batterystats' died
11-28 17:39:17.871  2932  2932 I ServiceManager: service 'appops' died
11-28 17:39:17.871  2932  2932 I ServiceManager: service 'power' died
11-28 17:39:17.871  2932  2932 I ServiceManager: service 'display' died
11-28 17:39:17.872  2931  2931 I lowmemorykiller: ActivityManager disconnected
11-28 17:39:17.872  2931  2931 I lowmemorykiller: Closing Activity Manager data connection
11-28 17:39:17.875  3005  3005 F DEBUG   : 
11-28 17:39:17.875  3005  3005 F DEBUG   : Tombstone written to: /data/tombstones/tombstone_01
11-28 17:39:17.869  4474  4474 W lhd     : type=1701 audit(0.0:863): auid=4294967295 uid=1021 gid=1000 ses=4294967295 exe="/system/bin/lhd" sig=6
11-28 17:39:18.773  4134  4134 E Zygote  : Exit zygote because system server (4417) has terminated
11-28 17:39:18.845  2932  2932 I ServiceManager: service 'media.radio' died
11-28 17:39:18.845  2932  2932 I ServiceManager: service 'media.sound_trigger_hw' died
11-28 17:39:18.845  2932  2932 I ServiceManager: service 'media.audio_flinger' died
11-28 17:39:18.845  2932  2932 I ServiceManager: service 'media.player' died
11-28 17:39:18.845  2932  2932 I ServiceManager: service 'media.resource_manager' died
11-28 17:39:18.845  2932  2932 I ServiceManager: service 'media.camera' died
11-28 17:39:18.845  2932  2932 I ServiceManager: service 'media.audio_policy' died
11-28 17:39:18.942  4486  4486 I Netd    : Netd 1.0 starting
11-28 17:39:18.942  4486  4486 I QtiConnectivityAdapter: Failed to open libconnctrl, some features may not be present.
11-28 17:39:18.942  4486  4486 D TetherController: Setting IP forward enable = 0
11-28 17:39:18.939  3332  3332 W auditd  : type=1325 audit(0.0:864): table=filter family=2 entries=52
11-28 17:39:18.939  3332  3332 W auditd  : type=1320 audit(0.0:864): 
11-28 17:39:18.949  3332  3332 W auditd  : type=1325 audit(0.0:865): table=filter family=10 entries=55
11-28 17:39:18.949  3332  3332 W auditd  : type=1320 audit(0.0:865): 
11-28 17:39:18.959  3332  3332 W auditd  : type=1325 audit(0.0:866): table=filter family=2 entries=51
11-28 17:39:18.959  3332  3332 W auditd  : type=1320 audit(0.0:866): 
11-28 17:39:18.982  4485  4485 V MediaUtils: physMem: 3748511744
11-28 17:39:18.982  4485  4485 V MediaUtils: requested limit: 2436532605
11-28 17:39:18.982  4485  4485 V MediaUtils: actual limit: 2436532605
11-28 17:39:18.982  4485  4485 V MediaUtils: original limits: 4294967295/4294967295
11-28 17:39:18.982  4485  4485 V MediaUtils: new limits: 2436532605/4294967295
11-28 17:39:18.983  4485  4485 I mediaserver: ServiceManager: 0xf640e120
11-28 17:39:18.983  4485  4485 I AudioFlinger: Using default 3000 mSec as standby time.
11-28 17:39:18.983  4485  4485 E BatteryNotifier: batterystats service unavailable!
11-28 17:39:18.983  4485  4485 E BatteryNotifier: batterystats service unavailable!
11-28 17:39:18.984  4485  4485 I CameraService: CameraService started (pid=4485)
11-28 17:39:18.984  4485  4485 I CameraService: CameraService process starting
11-28 17:39:18.984  4485  4485 E BatteryNotifier: batterystats service unavailable!
11-28 17:39:18.984  4485  4485 E BatteryNotifier: batterystats service unavailable!
11-28 17:39:18.984  4485  4485 E CameraService: Could not load camera HAL module: -2 (No such file or directory)
11-28 17:39:18.969  3332  3332 W auditd  : type=1325 audit(0.0:867): table=filter family=10 entries=54
11-28 17:39:18.969  3332  3332 W auditd  : type=1320 audit(0.0:867): 
11-28 17:39:18.979  3332  3332 W auditd  : type=1325 audit(0.0:868): table=filter family=2 entries=50
11-28 17:39:18.979  3332  3332 W auditd  : type=1320 audit(0.0:868): 
11-28 17:39:18.989  3332  3332 W auditd  : type=1325 audit(0.0:869): table=filter family=10 entries=53
11-28 17:39:18.989  3332  3332 W auditd  : type=1320 audit(0.0:869): 
11-28 17:39:18.999  3332  3332 W auditd  : type=1325 audit(0.0:870): table=filter family=2 entries=48
11-28 17:39:18.999  3332  3332 W auditd  : type=1320 audit(0.0:870): 
11-28 17:39:19.009  3332  3332 W auditd  : type=1325 audit(0.0:871): table=filter family=10 entries=51
11-28 17:39:19.009  3332  3332 W auditd  : type=1320 audit(0.0:871): 
11-28 17:39:18.985  4485  4485 I AudioPolicyService: AudioPolicyService CSTOR in new mode
11-28 17:39:18.985  4485  4485 I APM::ConfigParsingUtils: loadAudioPolicyConfig() loaded /system/etc/audio_policy.conf
11-28 17:39:19.019  3332  3332 W auditd  : type=1325 audit(0.0:872): table=filter family=2 entries=50
11-28 17:39:19.019  3332  3332 W auditd  : type=1320 audit(0.0:872): 
11-28 17:39:19.029  3332  3332 W auditd  : type=1325 audit(0.0:873): table=filter family=10 entries=53
11-28 17:39:19.029  3332  3332 W auditd  : type=1320 audit(0.0:873): 
11-28 17:39:19.039  3332  3332 W auditd  : type=1325 audit(0.0:874): table=filter family=2 entries=51
11-28 17:39:19.039  3332  3332 W auditd  : type=1320 audit(0.0:874): 
11-28 17:39:19.049  3332  3332 W auditd  : type=1325 audit(0.0:875): table=filter family=10 entries=54
11-28 17:39:19.049  3332  3332 W auditd  : type=1320 audit(0.0:875): 
11-28 17:39:19.059  3332  3332 W auditd  : type=1325 audit(0.0:876): table=filter family=2 entries=50
11-28 17:39:19.059  3332  3332 W auditd  : type=1320 audit(0.0:876): 
11-28 17:39:19.069  3332  3332 W auditd  : type=1325 audit(0.0:877): table=filter family=10 entries=53
11-28 17:39:19.069  3332  3332 W auditd  : type=1320 audit(0.0:877): 
11-28 17:39:19.079  3332  3332 W auditd  : type=1325 audit(0.0:878): table=filter family=2 entries=50
11-28 17:39:19.079  3332  3332 W auditd  : type=1320 audit(0.0:878): 
11-28 17:39:19.089  3332  3332 W auditd  : type=1325 audit(0.0:879): table=filter family=10 entries=53
11-28 17:39:19.089  3332  3332 W auditd  : type=1320 audit(0.0:879): 
11-28 17:39:19.099  3332  3332 W auditd  : type=1325 audit(0.0:880): table=filter family=2 entries=48
11-28 17:39:19.099  3332  3332 W auditd  : type=1320 audit(0.0:880): 
11-28 17:39:19.109  3332  3332 W auditd  : type=1325 audit(0.0:881): table=filter family=10 entries=51
11-28 17:39:19.109  3332  3332 W auditd  : type=1320 audit(0.0:881): 
11-28 17:39:19.119  3332  3332 W auditd  : type=1325 audit(0.0:882): table=filter family=2 entries=50
11-28 17:39:19.514  4485  4485 E audio_route: Failed to open /system/etc/mixer_paths.xml
11-28 17:39:19.520  4485  4485 I AudioFlinger: loadHwModule() Loaded primary audio interface from Samsung audio HW HAL (audio) handle 1
11-28 17:39:19.520  4485  4485 I AudioFlinger: openOutput(), module 1 Device 2, SamplingRate 44100, Format 0x000001, Channels 3, flags 2
11-28 17:39:19.520  4485  4485 I AudioFlinger: AudioStreamOut::open(), mHalFormatIsLinearPcm = 1
11-28 17:39:19.520  4485  4485 I AudioFlinger: HAL output buffer size 256 frames, normal sink buffer size 960 frames
11-28 17:39:19.522  4485  4485 I BufferProvider: found effect "Multichannel Downmix To Stereo" from The Android Open Source Project
11-28 17:39:19.522  4485  4485 E MonoPipe: Failed to fetch local time frequency when constructing a MonoPipe (res = -32).  getNextWriteTimestamp calls will be non-functional
11-28 17:39:19.522  4485  4485 I AudioFlinger: Using module 1 has the primary audio interface
11-28 17:39:19.522  4485  4592 I AudioFlinger: AudioFlinger's thread 0xf48c0000 ready to run
11-28 17:39:19.523  4485  4592 V audio_hw_primary: out_set_parameters: key value pairs: routing=2
11-28 17:39:19.523  4485  4592 V audio_hw_primary: do_out_standby: output standby: 1
11-28 17:39:19.523  4485  4592 E AudioFlinger: no wake lock to update!
11-28 17:39:19.524  4485  4485 V audio_hw_primary: adev_open_input_stream: Created resampler converting 48000 -> 16000
11-28 17:39:19.524  4485  4485 V audio_hw_primary: adev_open_input_stream: Requesting input stream with rate: 16000, channels: 0xc
11-28 17:39:19.524  4485  4594 I AudioFlinger: AudioFlinger's thread 0xf4500000 ready to run
11-28 17:39:19.525  4485  4485 I r_submix: adev_open(name=audio_hw_if)
11-28 17:39:19.525  4485  4485 I r_submix: adev_init_check()
11-28 17:39:19.525  4485  4485 I AudioFlinger: loadHwModule() Loaded r_submix audio interface from Wifi Display audio HAL (audio) handle 4
11-28 17:39:19.525  4485  4485 D r_submix: adev_open_input_stream(addr=0)
11-28 17:39:19.525  4485  4485 D r_submix: submix_audio_device_create_pipe_l(addr=0, idx=9)
11-28 17:39:19.525  4485  4485 D r_submix:   now using address 0 for route 9
11-28 17:39:19.525  4485  4595 I AudioFlinger: AudioFlinger's thread 0xf4500000 ready to run
11-28 17:39:19.526  4485  4485 D r_submix: adev_close_input_stream()
11-28 17:39:19.526  4485  4485 D r_submix: submix_audio_device_release_pipe_l(idx=9) addr=0
11-28 17:39:19.526  4485  4485 D r_submix: submix_audio_device_destroy_pipe_l(): pipe destroyed
11-28 17:39:19.526  4485  4485 E SoundTriggerHwService: couldn't load sound trigger module sound_trigger.primary (No such file or directory)
11-28 17:39:19.526  4485  4485 I RadioService: RadioService
11-28 17:39:19.526  4485  4485 I RadioService: onFirstRef
11-28 17:39:19.526  4485  4485 E RadioService: couldn't load radio module radio.primary (No such file or directory)
11-28 17:39:19.704  4484  4484 D AndroidRuntime: >>>>>> START com.android.internal.os.ZygoteInit uid 0 <<<<<<
11-28 17:39:19.708  4484  4484 D AndroidRuntime: CheckJNI is ON
11-28 17:39:19.711  4484  4484 I art     : option[0]=-Xzygote
11-28 17:39:19.711  4484  4484 I art     : option[1]=-Xcheck:jni
11-28 17:39:19.711  4484  4484 I art     : option[2]=-Xstacktracefile:/data/anr/traces.txt
11-28 17:39:19.711  4484  4484 I art     : option[3]=exit
11-28 17:39:19.711  4484  4484 I art     : option[4]=vfprintf
11-28 17:39:19.711  4484  4484 I art     : option[5]=sensitiveThread
11-28 17:39:19.711  4484  4484 I art     : option[6]=-verbose:gc
11-28 17:39:19.711  4484  4484 I art     : option[7]=-Xms8m
11-28 17:39:19.711  4484  4484 I art     : option[8]=-Xmx768m
11-28 17:39:19.711  4484  4484 I art     : option[9]=-XX:HeapGrowthLimit=288m
11-28 17:39:19.711  4484  4484 I art     : option[10]=-XX:HeapMinFree=2m
11-28 17:39:19.712  4484  4484 I art     : option[11]=-XX:HeapMaxFree=8m
11-28 17:39:19.712  4484  4484 I art     : option[12]=-XX:HeapTargetUtilization=0.75
11-28 17:39:19.712  4484  4484 I art     : option[13]=-Xusejit:true
11-28 17:39:19.712  4484  4484 I art     : option[14]=-agentlib:jdwp=transport=dt_android_adb,suspend=n,server=y
11-28 17:39:19.712  4484  4484 I art     : option[15]=-Xlockprofthreshold:500
11-28 17:39:19.712  4484  4484 I art     : option[16]=-Ximage-compiler-option
11-28 17:39:19.712  4484  4484 I art     : option[17]=--runtime-arg
11-28 17:39:19.712  4484  4484 I art     : option[18]=-Ximage-compiler-option
11-28 17:39:19.712  4484  4484 I art     : option[19]=-Xms64m
11-28 17:39:19.712  4484  4484 I art     : option[20]=-Ximage-compiler-option
11-28 17:39:19.712  4484  4484 I art     : option[21]=--runtime-arg
11-28 17:39:19.712  4484  4484 I art     : option[22]=-Ximage-compiler-option
11-28 17:39:19.712  4484  4484 I art     : option[23]=-Xmx64m
11-28 17:39:19.712  4484  4484 I art     : option[24]=-Ximage-compiler-option
11-28 17:39:19.712  4484  4484 I art     : option[25]=--compiler-filter=verify-at-runtime
11-28 17:39:19.712  4484  4484 I art     : option[26]=-Ximage-compiler-option
11-28 17:39:19.712  4484  4484 I art     : option[27]=--image-classes=/system/etc/preloaded-classes
11-28 17:39:19.712  4484  4484 I art     : option[28]=-Xcompiler-option
11-28 17:39:19.712  4484  4484 I art     : option[29]=--runtime-arg
11-28 17:39:19.712  4484  4484 I art     : option[30]=-Xcompiler-option
11-28 17:39:19.712  4484  4484 I art     : option[31]=-Xms64m
11-28 17:39:19.712  4484  4484 I art     : option[32]=-Xcompiler-option
11-28 17:39:19.712  4484  4484 I art     : option[33]=--runtime-arg
11-28 17:39:19.712  4484  4484 I art     : option[34]=-Xcompiler-option
11-28 17:39:19.712  4484  4484 I art     : option[35]=-Xmx512m
11-28 17:39:19.712  4484  4484 I art     : option[36]=-Xcompiler-option
11-28 17:39:19.712  4484  4484 I art     : option[37]=--compiler-filter=verify-at-runtime
11-28 17:39:19.712  4484  4484 I art     : option[38]=-Ximage-compiler-option
11-28 17:39:19.712  4484  4484 I art     : option[39]=--instruction-set-variant=generic
11-28 17:39:19.712  4484  4484 I art     : option[40]=-Xcompiler-option
11-28 17:39:19.712  4484  4484 I art     : option[41]=--instruction-set-variant=generic
11-28 17:39:19.712  4484  4484 I art     : option[42]=-Ximage-compiler-option
11-28 17:39:19.712  4484  4484 I art     : option[43]=--instruction-set-features=default
11-28 17:39:19.712  4484  4484 I art     : option[44]=-Xcompiler-option
11-28 17:39:19.712  4484  4484 I art     : option[45]=--instruction-set-features=default
11-28 17:39:19.712  4484  4484 I art     : option[46]=-Duser.locale=en-US
11-28 17:39:19.712  4484  4484 I art     : option[47]=--cpu-abilist=arm64-v8a,armeabi
11-28 17:39:19.712  4484  4484 I art     : option[48]=-Xfingerprint:samsung/cm_hero2ltexx/hero2ltexx:6.0.1/MOB31K/2397aefd48:eng/test-keys
11-28 17:39:19.807  4484  4484 D ICU     : No timezone override file found: /data/misc/zoneinfo/current/icu/icu_tzdata.dat
11-28 17:39:19.953  4484  4484 I Radio-JNI: register_android_hardware_Radio DONE
11-28 17:39:19.971  4484  4484 I SamplingProfilerIntegration: Profiling disabled.
11-28 17:39:19.972  4484  4484 D Zygote  : begin preload
11-28 17:39:19.972  4484  4484 I Zygote  : Preloading classes...
11-28 17:39:20.029  3332  3332 W auditd  : type=1325 audit(0.0:1035): table=filter family=2 entries=49
11-28 17:39:20.029  3332  3332 W auditd  : type=1320 audit(0.0:1035): 
11-28 17:39:20.039  3332  3332 W auditd  : type=1325 audit(0.0:1036): table=filter family=10 entries=53
11-28 17:39:20.039  3332  3332 W auditd  : type=1320 audit(0.0:1036): 
11-28 17:39:20.049  3332  3332 W auditd  : type=1325 audit(0.0:1037): table=filter family=2 entries=49
11-28 17:39:20.049  3332  3332 W auditd  : type=1320 audit(0.0:1037): 
11-28 17:39:20.059  3332  3332 W auditd  : type=1325 audit(0.0:1038): table=filter family=10 entries=53
11-28 17:39:20.059  3332  3332 W auditd  : type=1320 audit(0.0:1038): 
11-28 17:39:20.069  3332  3332 W auditd  : type=1325 audit(0.0:1039): table=filter family=2 entries=47
11-28 17:39:20.069  3332  3332 W auditd  : type=1320 audit(0.0:1039): 
11-28 17:39:20.099  4486  4486 V NatController: runCmd(/system/bin/iptables -w -F natctrl_FORWARD) res=0
11-28 17:39:20.079  3332  3332 W auditd  : type=1325 audit(0.0:1040): table=filter family=10 entries=51
11-28 17:39:20.079  3332  3332 W auditd  : type=1320 audit(0.0:1040): 
11-28 17:39:20.089  3332  3332 W auditd  : type=1325 audit(0.0:1041): table=filter family=2 entries=49
11-28 17:39:20.089  3332  3332 W auditd  : type=1320 audit(0.0:1041): 
11-28 17:39:20.099  3332  3332 W auditd  : type=1325 audit(0.0:1042): table=filter family=2 entries=49
11-28 17:39:20.099  3332  3332 W auditd  : type=1320 audit(0.0:1042): 
11-28 17:39:20.109  4486  4486 V NatController: runCmd(/system/bin/iptables -w -A natctrl_FORWARD -j DROP) res=0
11-28 17:39:20.111  4484  4484 E Minikin : addFont failed to create font /system/fonts/NanumGothic.ttf
11-28 17:39:20.111  4484  4484 E Minikin : addFont failed to create font /system/fonts/DroidSansFallback.ttf
11-28 17:39:20.111  4484  4484 E Minikin : addFont failed to create font /system/fonts/MTLmr3m.ttf
11-28 17:39:20.119  4486  4486 V NatController: runCmd(/system/bin/iptables -w -t nat -F natctrl_nat_POSTROUTING) res=0
11-28 17:39:20.131  4486  4486 V NatController: runCmd(/system/bin/iptables -w -F natctrl_tether_counters) res=0
11-28 17:39:20.142  4486  4486 V NatController: runCmd(/system/bin/iptables -w -X natctrl_tether_counters) res=0
11-28 17:39:20.153  4486  4486 V NatController: runCmd(/system/bin/iptables -w -N natctrl_tether_counters) res=0
11-28 17:39:20.164  4486  4486 V NatController: runCmd(/system/bin/iptables -w -t mangle -A natctrl_mangle_FORWARD -p tcp --tcp-flags SYN SYN -j TCPMSS --clamp-mss-to-pmtu) res=0
11-28 17:39:20.109  3332  3332 W auditd  : type=1325 audit(0.0:1043): table=nat family=2 entries=11
11-28 17:39:20.109  3332  3332 W auditd  : type=1320 audit(0.0:1043): 
11-28 17:39:20.119  3332  3332 W auditd  : type=1325 audit(0.0:1044): table=filter family=2 entries=50
11-28 17:39:20.119  3332  3332 W auditd  : type=1320 audit(0.0:1044): 
11-28 17:39:20.243  4484  4484 V DngCreator_JNI: DngCreator_nativeClassInit:
11-28 17:39:20.448  4484  4484 I art     : Thread[1,tid=4484,Native,Thread*=0x7f7c0fba00,peer=0x12c2d100,"main"] recursive attempt to load library "/system/lib64/libmedia_jni.so"
11-28 17:39:20.448  4484  4484 D MtpDeviceJNI: register_android_mtp_MtpDevice
11-28 17:39:20.448  4484  4484 I art     : Thread[1,tid=4484,Native,Thread*=0x7f7c0fba00,peer=0x12c2d100,"main"] recursive attempt to load library "/system/lib64/libmedia_jni.so"
11-28 17:39:20.449  4484  4484 I art     : Thread[1,tid=4484,Native,Thread*=0x7f7c0fba00,peer=0x12c2d100,"main"] recursive attempt to load library "/system/lib64/libmedia_jni.so"
11-28 17:39:20.675  4484  4484 W System  : ClassLoader referenced unknown path: /system/framework/tcmclient.jar
11-28 17:39:20.841  4486  4486 E Netd    : cannot find interface dummy0
11-28 17:39:20.845  4486  4486 D MDnsDS  : MDnsSdListener::Hander starting up
11-28 17:39:20.845  4486  4752 D MDnsDS  : MDnsSdListener starting to monitor
11-28 17:39:20.845  4486  4752 D MDnsDS  : Going to poll with pollCount 1
11-28 17:39:20.867  4484  4484 I System  : Loaded time zone names for "" in 79ms (71ms in ICU)
11-28 17:39:20.921  4484  4484 I System  : Loaded time zone names for "en_US" in 54ms (51ms in ICU)
11-28 17:39:20.951  4484  4484 I Zygote  : ...preloaded 3831 classes in 979ms.
11-28 17:39:20.952  4484  4484 I art     : VMRuntime.preloadDexCaches starting
11-28 17:39:21.137  4484  4484 I art     : VMRuntime.preloadDexCaches strings total=249480 before=44901 after=44901
11-28 17:39:21.137  4484  4484 I art     : VMRuntime.preloadDexCaches types total=20343 before=6892 after=6923
11-28 17:39:21.137  4484  4484 I art     : VMRuntime.preloadDexCaches fields total=100632 before=36118 after=36550
11-28 17:39:21.137  4484  4484 I art     : VMRuntime.preloadDexCaches methods total=172964 before=71279 after=71806
11-28 17:39:21.137  4484  4484 I art     : VMRuntime.preloadDexCaches finished
11-28 17:39:21.189  4756  4756 D idmap   : error: no read access to /vendor/overlay: No such file or directory
11-28 17:39:21.194  4484  4484 I Zygote  : Preloading resources...
11-28 17:39:22.575  4484  4484 I Zygote  : ...preloaded 342 resources in 1380ms.
11-28 17:39:22.601  4484  4484 I Zygote  : ...preloaded 41 resources in 26ms.
11-28 17:39:22.631  4484  4484 D libEGL  : loaded /vendor/lib64/egl/libGLES_mali.so
11-28 17:39:22.658  4484  4484 I Zygote  : Preloading shared libraries...
11-28 17:39:22.669  4484  4484 D Zygote  : end preload
11-28 17:39:22.669  4484  4484 I art     : Starting a blocking GC Explicit
11-28 17:39:22.706  4484  4484 I art     : Explicit concurrent mark sweep GC freed 11291(455KB) AllocSpace objects, 0(0B) LOS objects, 38% free, 25MB/41MB, paused 187us total 30.818ms
11-28 17:39:22.707  4484  4484 I art     : Starting a blocking GC Explicit
11-28 17:39:22.735  4484  4484 I art     : Explicit concurrent mark sweep GC freed 2434(115KB) AllocSpace objects, 0(0B) LOS objects, 38% free, 25MB/41MB, paused 153us total 27.600ms
11-28 17:39:22.735  4484  4654 I art     : Starting a blocking GC HeapTrim
11-28 17:39:22.744  4484  4484 I art     : Starting a blocking GC Background
11-28 17:39:22.837  4484  4484 I Zygote  : System server process 4759 has been created
11-28 17:39:22.838  4484  4484 I Zygote  : Accepting command socket connections
11-28 17:39:22.861  4759  4759 I Zygote  : Process: zygote socket opened, supported ABIS: armeabi-v7a,armeabi
11-28 17:39:22.866  4759  4759 I InstallerConnection: connecting...
11-28 17:39:22.866  3009  3009 I installd: new connection
11-28 17:39:22.869  4759  4759 I InstallerConnection: disconnecting...
11-28 17:39:22.870  3009  3009 E installd: eof
11-28 17:39:22.870  3009  3009 E installd: failed to read size
11-28 17:39:22.870  3009  3009 I installd: closing connection
11-28 17:39:22.895  4759  4759 I SystemServer: Entered the Android system server!
11-28 17:39:22.948  4773  4773 V lhd     : GlLhdInterface::Init(/system/etc/lhd.conf)
11-28 17:39:22.948  4773  4773 E lhd     : Failed to read config file "/system/etc/lhd.conf"
11-28 17:39:22.948  4773  4773 E lhd     : ASSERT in GlLhdInterface.cpp:145: Failed to parse config file.
11-28 17:39:22.948  4773  4773 F libc    : Fatal signal 6 (SIGABRT), code -6 in tid 4773 (lhd)
11-28 17:39:22.956  3005  3005 I DEBUG   : property debug.db.uid not set; NOT waiting for gdb.
11-28 17:39:22.956  3005  3005 I DEBUG   : HINT: adb shell setprop debug.db.uid 100000
11-28 17:39:22.956  3005  3005 I DEBUG   : HINT: adb forward tcp:5039 tcp:5039
11-28 17:39:22.992  4759  4759 I SystemServiceManager: Starting com.android.server.pm.Installer
11-28 17:39:22.992  4759  4759 I Installer: Waiting for installd to be ready.
11-28 17:39:22.992  4759  4759 I InstallerConnection: connecting...
11-28 17:39:22.993  3009  3009 I installd: new connection
11-28 17:39:22.993  4759  4759 I SystemServiceManager: Starting com.android.server.am.ActivityManagerService$Lifecycle
11-28 17:39:23.006  4759  4759 I ActivityManager: choosing minFree values for 64 Bit
11-28 17:39:23.006  4759  4759 I ActivityManager: choosing minFree values for 64 Bit
11-28 17:39:23.006  4759  4759 I ActivityManager: choosing minFree values for 64 Bit
11-28 17:39:23.006  4759  4759 I ActivityManager: choosing minFree values for 64 Bit
11-28 17:39:23.006  4759  4759 I ActivityManager: choosing minFree values for 64 Bit
11-28 17:39:23.006  4759  4759 I ActivityManager: choosing minFree values for 64 Bit
11-28 17:39:23.007  3005  3005 F DEBUG   : *** *** *** *** *** *** *** *** *** *** *** *** *** *** *** ***
11-28 17:39:23.007  3005  3005 F DEBUG   : CM Version: '13.0-20161128-UNOFFICIAL-hero2ltexx'
11-28 17:39:23.007  3005  3005 F DEBUG   : Build fingerprint: 'samsung/cm_hero2ltexx/hero2ltexx:6.0.1/MOB31K/2397aefd48:eng/test-keys'
11-28 17:39:23.007  3005  3005 F DEBUG   : Revision: '0'
11-28 17:39:23.007  3005  3005 F DEBUG   : ABI: 'arm64'
11-28 17:39:23.007  3005  3005 F DEBUG   : pid: 4773, tid: 4773, name: lhd  >>> /system/bin/lhd <<<
11-28 17:39:23.007  3005  3005 F DEBUG   : signal 6 (SIGABRT), code -6 (SI_TKILL), fault addr --------
11-28 17:39:23.009  3005  3005 F DEBUG   :     x0   0000000000000000  x1   00000000000012a5  x2   0000000000000006  x3   0000000000000000
11-28 17:39:23.009  3005  3005 F DEBUG   :     x4   0000000000000000  x5   0000000000000001  x6   0000000000000000  x7   0000000000000000
11-28 17:39:23.009  3005  3005 F DEBUG   :     x8   0000000000000083  x9   0000007fe16e09b0  x10  00000000ffffffd8  x11  00000000ffffff80
11-28 17:39:23.009  3005  3005 F DEBUG   :     x12  0000007fa5d14c90  x13  2686b79bafe815fb  x14  2686b79bafe815fb  x15  0000000000000001
11-28 17:39:23.009  3005  3005 F DEBUG   :     x16  0000007fa58a1560  x17  0000007fa5832d6c  x18  0000000000000043  x19  0000007fa5cc10d8
11-28 17:39:23.009  3005  3005 F DEBUG   :     x20  0000007fa5cc1018  x21  0000000000000002  x22  0000000000000006  x23  0000007fa5cf2000
11-28 17:39:23.009  3005  3005 F DEBUG   :     x24  0000007fe16e0fa8  x25  0000007fa5d17420  x26  0000000000000000  x27  0000000000000000
11-28 17:39:23.009  3005  3005 F DEBUG   :     x28  0000000000000000  x29  0000007fe16e0a80  x30  0000007fa5830508
11-28 17:39:23.009  3005  3005 F DEBUG   :     sp   0000007fe16e0a80  pc   0000007fa5832d74  pstate 0000000020000000
11-28 17:39:23.012  3005  3005 F DEBUG   : 
11-28 17:39:23.012  3005  3005 F DEBUG   : backtrace:
11-28 17:39:23.012  3005  3005 F DEBUG   :     #00 pc 0000000000069d74  /system/lib64/libc.so (tgkill+8)
11-28 17:39:23.012  3005  3005 F DEBUG   :     #01 pc 0000000000067504  /system/lib64/libc.so (pthread_kill+68)
11-28 17:39:23.012  3005  3005 F DEBUG   :     #02 pc 0000000000023448  /system/lib64/libc.so (raise+28)
11-28 17:39:23.012  3005  3005 F DEBUG   :     #03 pc 000000000001dbe8  /system/lib64/libc.so (abort+60)
11-28 17:39:23.012  3005  3005 F DEBUG   :     #04 pc 000000000000b9a8  /system/bin/lhd
11-28 17:39:23.012  3005  3005 F DEBUG   :     #05 pc 000000000000ba48  /system/bin/lhd
11-28 17:39:23.012  3005  3005 F DEBUG   :     #06 pc 000000000000c42c  /system/bin/lhd
11-28 17:39:23.012  3005  3005 F DEBUG   :     #07 pc 000000000000c6d8  /system/bin/lhd
11-28 17:39:23.012  3005  3005 F DEBUG   :     #08 pc 0000000000009a4c  /system/bin/lhd (main+64)
11-28 17:39:23.012  3005  3005 F DEBUG   :     #09 pc 000000000001bcd8  /system/lib64/libc.so (__libc_init+100)
11-28 17:39:23.012  3005  3005 F DEBUG   :     #10 pc 0000000000009df0  /system/bin/lhd
11-28 17:39:23.036  4759  4759 I ActivityManager: Memory class: 288
11-28 17:39:23.042  4759  4776 I ServiceThread: Enabled StrictMode logging for ActivityManager looper.
11-28 17:39:23.045  4759  4777 I ServiceThread: Enabled StrictMode logging for android.ui looper.
11-28 17:39:23.069  4759  4759 D BatteryStatsImpl: Reading daily items from /data/system/batterystats-daily.xml
11-28 17:39:23.074  4759  4759 I AppOps  : No existing app ops /data/system/appops.xml; starting empty
11-28 17:39:23.205  4759  4759 I IntentFirewall: Read new rules (A:0 B:0 S:0)
11-28 17:39:23.213  4759  4781 I ServiceThread: Enabled StrictMode logging for android.display looper.
11-28 17:39:23.218  4759  4759 D AppOps  : AppOpsService published
11-28 17:39:23.218  4759  4759 I SystemServiceManager: Starting com.android.server.power.PowerManagerService
11-28 17:39:23.232  4759  4784 I ServiceThread: Enabled StrictMode logging for PowerManagerService looper.
11-28 17:39:23.237  4759  4759 W libsuspend: Error writing 'on' to /sys/power/state: Invalid argument
11-28 17:39:23.237  4759  4759 I libsuspend: Selected wakeup count
11-28 17:39:23.241  4759  4759 I SystemServiceManager: Starting com.android.server.lights.LightsService
11-28 17:39:23.243  4759  4759 I SystemServiceManager: Starting com.android.server.display.DisplayManagerService
11-28 17:39:23.250  2933  2997 E SurfaceFlinger: getDefaultDisplay: id=2 is not a valid default display id
11-28 17:39:23.264  4759  4781 I DisplayManagerService: Display device added: DisplayDeviceInfo{"Built-in Screen": uniqueId="local:0", 1440 x 2560, modeId 1, defaultModeId 1, supportedModes [{id=1, width=1440, height=2560, fps=59.312}], colorTransformId 1, defaultColorTransformId 1, supportedColorTransforms [{id=1, colorTransform=0}], density 640, 537.8823 x 532.9836 dpi, appVsyncOff 0, presDeadline 17859994, touch INTERNAL, rotation 0, type BUILT_IN, state UNKNOWN, FLAG_DEFAULT_DISPLAY, FLAG_ROTATES_WITH_CONTENT, FLAG_SECURE, FLAG_SUPPORTS_PROTECTED_BUFFERS}
11-28 17:39:23.265  2933  2933 D SurfaceFlinger: Set power mode=2, type=0 flinger=0x7f8cb83c00
11-28 17:39:23.265  2933  2933 D SurfaceFlinger: Screen type=0 is already mode=2
11-28 17:39:23.265  4759  4759 I SystemServiceManager: Starting phase 100
11-28 17:39:23.270  4759  4781 I DisplayManagerService: Display device changed state: "Built-in Screen", ON
11-28 17:39:23.271  4759  4759 I SystemServer: Package Manager
11-28 17:39:23.278  4759  4759 W SELinuxMMAC: Error opening /data/system/seapp_hash. Assuming first boot.
11-28 17:39:23.403  4759  4759 D SELinuxMMAC: Using policy file /system/etc/security/mac_permissions.xml
11-28 17:39:23.452  3005  3005 F DEBUG   : 
11-28 17:39:23.452  3005  3005 F DEBUG   : Tombstone written to: /data/tombstones/tombstone_02
11-28 17:39:23.449  4773  4773 W lhd     : type=1701 audit(0.0:1102): auid=4294967295 uid=1021 gid=1000 ses=4294967295 exe="/system/bin/lhd" sig=6
11-28 17:39:23.669  4759  4759 E art     : DexFile_getDexOptNeeded file '/system/framework/org.apache.http.legacy.jar' does not exist
11-28 17:39:23.669  4759  4759 W PackageManager: Library not found: /system/framework/org.apache.http.legacy.jar
11-28 17:39:23.669  4759  4759 E art     : DexFile_getDexOptNeeded file '/system/framework/com.android.nfc_extras.jar' does not exist
