12-04 06:17:39.193  3421  3421 D libEGL  : loaded /vendor/lib64/egl/libGLES_mali.so
12-04 06:17:39.221  3421  3421 I Zygote  : Preloading shared libraries...
12-04 06:17:39.238  3421  3421 D Zygote  : end preload
12-04 06:17:39.239  3421  3421 I art     : Starting a blocking GC Explicit
12-04 06:17:39.272  3421  3421 I art     : Explicit concurrent mark sweep GC freed 11299(456KB) AllocSpace objects, 0(0B) LOS objects, 38% free, 25MB/41MB, paused 159us total 17.273ms
12-04 06:17:39.273  3421  3421 I art     : Starting a blocking GC Explicit
12-04 06:17:39.288  3421  3421 I art     : Explicit concurrent mark sweep GC freed 2513(118KB) AllocSpace objects, 0(0B) LOS objects, 38% free, 25MB/41MB, paused 146us total 14.820ms
12-04 06:17:39.288  3421  3642 I art     : Starting a blocking GC HeapTrim
12-04 06:17:39.307  3421  3421 I art     : Starting a blocking GC Background
12-04 06:17:39.382  3421  3421 I Zygote  : System server process 3698 has been created
12-04 06:17:39.383  3421  3421 I Zygote  : Accepting command socket connections
12-04 06:17:39.392  3698  3698 I Zygote  : Process: zygote socket opened, supported ABIS: armeabi-v7a,armeabi
12-04 06:17:39.393  3698  3698 I InstallerConnection: connecting...
12-04 06:17:39.394  3007  3007 I installd: new connection
12-04 06:17:39.406  3698  3698 I InstallerConnection: disconnecting...
12-04 06:17:39.406  3007  3007 E installd: eof
12-04 06:17:39.406  3007  3007 E installd: failed to read size
12-04 06:17:39.406  3007  3007 I installd: closing connection
12-04 06:17:39.420  3698  3698 I SystemServer: Entered the Android system server!
12-04 06:17:39.494  3698  3698 I SystemServiceManager: Starting com.android.server.pm.Installer
12-04 06:17:39.494  3698  3698 I Installer: Waiting for installd to be ready.
12-04 06:17:39.494  3698  3698 I InstallerConnection: connecting...
12-04 06:17:39.494  3007  3007 I installd: new connection
12-04 06:17:39.495  3698  3698 I SystemServiceManager: Starting com.android.server.am.ActivityManagerService$Lifecycle
12-04 06:17:39.518  3698  3698 I ActivityManager: choosing minFree values for 64 Bit
12-04 06:17:39.518  3698  3698 I ActivityManager: choosing minFree values for 64 Bit
12-04 06:17:39.518  3698  3698 I ActivityManager: choosing minFree values for 64 Bit
12-04 06:17:39.518  3698  3698 I ActivityManager: choosing minFree values for 64 Bit
12-04 06:17:39.518  3698  3698 I ActivityManager: choosing minFree values for 64 Bit
12-04 06:17:39.518  3698  3698 I ActivityManager: choosing minFree values for 64 Bit
12-04 06:17:39.521  3698  3698 I ActivityManager: Memory class: 256
12-04 06:17:39.523  3698  3712 I ServiceThread: Enabled StrictMode logging for ActivityManager looper.
12-04 06:17:39.525  3698  3713 I ServiceThread: Enabled StrictMode logging for android.ui looper.
12-04 06:17:39.550  3698  3698 D BatteryStatsImpl: Reading daily items from /data/system/batterystats-daily.xml
12-04 06:17:39.555  3698  3698 I AppOps  : No existing app ops /data/system/appops.xml; starting empty
12-04 06:17:39.659  3698  3698 I IntentFirewall: Read new rules (A:0 B:0 S:0)
12-04 06:17:39.675  3698  3717 I ServiceThread: Enabled StrictMode logging for android.display looper.
12-04 06:17:39.682  3698  3698 D AppOps  : AppOpsService published
12-04 06:17:39.682  3698  3698 I SystemServiceManager: Starting com.android.server.power.PowerManagerService
12-04 06:17:39.685  3698  3719 I ServiceThread: Enabled StrictMode logging for PowerManagerService looper.
12-04 06:17:39.687  3698  3698 W libsuspend: Error writing 'on' to /sys/power/state: Invalid argument
12-04 06:17:39.687  3698  3698 I libsuspend: Selected wakeup count
12-04 06:17:39.689  3698  3698 I SystemServiceManager: Starting com.android.server.lights.LightsService
12-04 06:17:39.691  3698  3698 I SystemServiceManager: Starting com.android.server.display.DisplayManagerService
12-04 06:17:39.698  2932  2993 E SurfaceFlinger: getDefaultDisplay: id=2 is not a valid default display id
12-04 06:17:39.705  3698  3698 I SystemServiceManager: Starting phase 100
12-04 06:17:39.707  3698  3717 I DisplayManagerService: Display device added: DisplayDeviceInfo{"Built-in Screen": uniqueId="local:0", 1440 x 2560, modeId 1, defaultModeId 1, supportedModes [{id=1, width=1440, height=2560, fps=59.0}], colorTransformId 1, defaultColorTransformId 1, supportedColorTransforms [{id=1, colorTransform=-22}], density 640, 537.882 x 532.983 dpi, appVsyncOff 0, presDeadline 17949152, touch INTERNAL, rotation 0, type BUILT_IN, state UNKNOWN, FLAG_DEFAULT_DISPLAY, FLAG_ROTATES_WITH_CONTENT, FLAG_SECURE, FLAG_SUPPORTS_PROTECTED_BUFFERS}
12-04 06:17:39.708  2932  2932 D SurfaceFlinger: Set power mode=2, type=0 flinger=0x7f9e3c3c00
12-04 06:17:39.708  2932  2932 D SurfaceFlinger: Screen type=0 is already mode=2
12-04 06:17:39.714  3698  3698 I SystemServer: Package Manager
12-04 06:17:39.720  3698  3698 W SELinuxMMAC: Error opening /data/system/seapp_hash. Assuming first boot.
12-04 06:17:39.725  3698  3717 I DisplayManagerService: Display device changed state: "Built-in Screen", ON
12-04 06:17:39.822  3698  3698 D SELinuxMMAC: Using policy file /system/etc/security/mac_permissions.xml
12-04 06:17:40.045  3698  3698 E art     : DexFile_getDexOptNeeded file '/system/framework/org.apache.http.legacy.jar' does not exist
12-04 06:17:40.045  3698  3698 W PackageManager: Library not found: /system/framework/org.apache.http.legacy.jar
12-04 06:17:40.045  3698  3698 E art     : DexFile_getDexOptNeeded file '/system/framework/com.android.nfc_extras.jar' does not exist
12-04 06:17:40.045  3698  3698 W PackageManager: Library not found: /system/framework/com.android.nfc_extras.jar
12-04 06:17:40.049  3698  3698 E art     : DexFile_getDexOptNeeded file '/system/framework/org.apache.http.legacy.jar' does not exist
12-04 06:17:40.049  3698  3698 W PackageManager: Library not found: /system/framework/org.apache.http.legacy.jar
12-04 06:17:40.049  3698  3698 E art     : DexFile_getDexOptNeeded file '/system/framework/com.android.nfc_extras.jar' does not exist
12-04 06:17:40.049  3698  3698 W PackageManager: Library not found: /system/framework/com.android.nfc_extras.jar
12-04 06:17:40.094  3698  3698 D PackageManager: No files in app dir /vendor/overlay
12-04 06:17:40.095  3698  3698 D PackageManager: start scanDirLI:/system/framework
12-04 06:17:40.095  3698  3698 D PackageManager: max thread:6
12-04 06:17:40.113  3698  3726 W PackageManager: Failed to parse /system/framework/arm64: Missing base APK in /system/framework/arm64
12-04 06:17:40.116  3698  3725 W PackageManager: Failed to parse /system/framework/arm: Missing base APK in /system/framework/arm
12-04 06:17:40.117  3698  3728 W PackageManager: Failed to parse /system/framework/oat: Missing base APK in /system/framework/oat
12-04 06:17:40.191  3698  3729 I PackageManager: SELinux relabeling of cyanogenmod.platform issued.
12-04 06:17:40.197  3698  3729 W PackageManager: Permission cyanogenmod.permission.WRITE_ALARMS from package cyanogenmod.platform in an unknown group android.permission-group.SYSTEM_CLOCK
12-04 06:17:40.197  3698  3729 W PackageManager: Permission cyanogenmod.permission.MANAGE_ALARMS from package cyanogenmod.platform in an unknown group android.permission-group.SYSTEM_CLOCK
12-04 06:17:40.197  3698  3729 W PackageManager: Permission cyanogenmod.permission.READ_ALARMS from package cyanogenmod.platform in an unknown group android.permission-group.SYSTEM_CLOCK
12-04 06:17:40.582  3698  3727 W PackageManager: Permission android.permission.SET_KEYGUARD_WALLPAPER from package android in an unknown group android.permission-group.WALLPAPER
12-04 06:17:40.583  3698  3727 W PackageManager: Permission android.permission.MODIFY_PROTECTED_SMS_LIST from package android in an unknown group android.permission-group.MESSAGES
12-04 06:17:40.583  3698  3727 W PackageManager: Permission android.permission.RECEIVE_PROTECTED_SMS from package android in an unknown group android.permission-group.MESSAGES
12-04 06:17:40.583  3698  3727 W PackageManager: Permission android.permission.RESET_BATTERY_STATS from package android in an unknown group android.permission-group.SYSTEM_TOOLS
12-04 06:17:40.583  3698  3698 D PackageManager: end scanDirLI:/system/framework
12-04 06:17:40.584  3698  3698 D PackageManager: start scanDirLI:/system/priv-app
12-04 06:17:40.584  3698  3698 D PackageManager: max thread:6
12-04 06:17:40.624  3698  3726 I PackageManager: SELinux relabeling of com.android.backupconfirm issued.
12-04 06:17:40.648  3698  3725 I PackageManager: SELinux relabeling of org.cyanogenmod.cmaudio.service issued.
12-04 06:17:40.682  3698  3728 I PackageManager: SELinux relabeling of org.cyanogenmod.cmsettings issued.
12-04 06:17:40.715  3698  3727 I PackageManager: SELinux relabeling of com.android.providers.calendar issued.
12-04 06:17:40.751  3698  3726 I PackageManager: SELinux relabeling of com.android.calllogbackup issued.
12-04 06:17:40.781  3698  3729 I PackageManager: SELinux relabeling of com.cyanogenmod.updater issued.
12-04 06:17:40.799  3698  3730 I PackageManager: SELinux relabeling of org.cyanogenmod.audiofx issued.
12-04 06:17:40.833  3698  3728 I PackageManager: SELinux relabeling of com.android.cellbroadcastreceiver issued.
12-04 06:17:40.899  3698  3727 W PackageParser: No actions in intent filter at /system/priv-app/Contacts/Contacts.apk Binary XML file line #301
12-04 06:17:40.955  3698  3728 I PackageManager: SELinux relabeling of org.cyanogenmod.providers.datausage issued.
12-04 06:17:40.981  3698  3730 I PackageManager: SELinux relabeling of com.android.defcontainer issued.
12-04 06:17:41.023  3698  3729 I PackageManager: SELinux relabeling of com.android.providers.contacts issued.
12-04 06:17:41.082  3698  3725 I PackageManager: SELinux relabeling of com.android.carrierconfig issued.
12-04 06:17:41.170  3698  3729 W PackageParser: No actions in intent filter at /system/priv-app/Dialer/Dialer.apk Binary XML file line #152
12-04 06:17:41.190  3698  3728 I PackageManager: SELinux relabeling of com.android.externalstorage issued.
12-04 06:17:41.228  3698  3730 I PackageManager: SELinux relabeling of com.android.providers.downloads issued.
12-04 06:17:41.250  3698  3725 I PackageManager: SELinux relabeling of com.android.location.fused issued.
12-04 06:17:41.284  3698  3730 W PackageManager: Permission android.permission.DOWNLOAD_WITHOUT_NOTIFICATION from package com.android.providers.downloads in an unknown group android.permission-group.NETWORK
12-04 06:17:41.304  3698  3728 I PackageManager: SELinux relabeling of com.android.inputdevices issued.
12-04 06:17:41.366  3698  3725 I PackageManager: SELinux relabeling of org.cyanogenmod.livelockscreen.service issued.
12-04 06:17:41.421  3698  3708 I art     : Background sticky concurrent mark sweep GC freed 161523(11MB) AllocSpace objects, 119(5MB) LOS objects, 21% free, 32MB/41MB, paused 13.178ms total 518.297ms
12-04 06:17:41.436  3698  3730 I PackageManager: SELinux relabeling of com.android.managedprovisioning issued.
12-04 06:17:41.528  3698  3725 I PackageManager: SELinux relabeling of com.android.providers.media issued.
12-04 06:17:41.559  3698  3728 I PackageManager: SELinux relabeling of com.android.mms.service issued.
12-04 06:17:41.598  3698  3730 I PackageManager: SELinux relabeling of com.android.onetimeinitializer issued.
12-04 06:17:41.700  3698  3725 I PackageManager: SELinux relabeling of com.android.proxyhandler issued.
12-04 06:17:41.770  3698  3730 I PackageManager: SELinux relabeling of org.cyanogenmod.screencast issued.
12-04 06:17:41.960  3698  3730 I PackageManager: SELinux relabeling of com.android.providers.settings issued.
12-04 06:17:42.060  3698  3728 I PackageManager: SELinux relabeling of com.android.packageinstaller issued.
12-04 06:17:42.086  3698  3730 I PackageManager: SELinux relabeling of com.android.sharedstoragebackup issued.
12-04 06:17:42.175  3698  3726 I PackageManager: SELinux relabeling of com.cyanogenmod.setupwizard issued.
12-04 06:17:42.194  3698  3730 I PackageManager: SELinux relabeling of com.android.statementservice issued.
12-04 06:17:42.221  3698  3728 I PackageManager: SELinux relabeling of com.android.shell issued.
12-04 06:17:42.372  3698  3728 W PackageParser: Ignoring duplicate uses-permissions/uses-permissions-sdk-m: android.permission.ACCESS_WIFI_STATE in package: com.android.phone at: Binary XML file line #134
12-04 06:17:42.431  3698  3727 I PackageManager: SELinux relabeling of com.android.contacts issued.
12-04 06:17:42.524  3698  3726 I PackageManager: SELinux relabeling of com.android.server.telecom issued.
12-04 06:17:42.626  3698  3727 I PackageManager: SELinux relabeling of com.android.providers.telephony issued.
12-04 06:17:42.634  3698  3728 I PackageManager: SELinux relabeling of com.android.phone issued.
12-04 06:17:42.795  3698  3727 I PackageManager: SELinux relabeling of org.cyanogenmod.themeservice issued.
12-04 06:17:42.799  3698  3726 I PackageManager: SELinux relabeling of org.cyanogenmod.theme.chooser2 issued.
12-04 06:17:42.867  3698  3727 I PackageManager: SELinux relabeling of com.android.vpndialogs issued.
12-04 06:17:42.900  3698  3728 I PackageManager: SELinux relabeling of org.cyanogenmod.themes.provider issued.
12-04 06:17:42.939  3698  3729 I PackageManager: SELinux relabeling of com.android.dialer issued.
12-04 06:17:43.057  3698  3708 I art     : Background partial concurrent mark sweep GC freed 168887(11MB) AllocSpace objects, 74(4MB) LOS objects, 30% free, 35MB/51MB, paused 3.860ms total 801.248ms
12-04 06:17:43.068  3698  3728 I PackageManager: SELinux relabeling of com.android.wallpapercropper issued.
12-04 06:17:43.097  3698  3727 I PackageManager: SELinux relabeling of org.cyanogenmod.weatherservice issued.
12-04 06:17:43.106  3698  3729 I PackageManager: SELinux relabeling of org.cyanogenmod.weather.provider issued.
12-04 06:17:43.129  3698  3726 I PackageManager: SELinux relabeling of com.cyanogenmod.trebuchet issued.
12-04 06:17:43.162  3698  3730 I PackageManager: SELinux relabeling of com.android.systemui issued.
12-04 06:17:43.164  3698  3726 W PackageManager: Permission com.android.launcher.permission.INSTALL_SHORTCUT from package com.cyanogenmod.trebuchet in an unknown group android.permission-group.SYSTEM_TOOLS
12-04 06:17:43.164  3698  3726 W PackageManager: Permission com.android.launcher3.permission.READ_SETTINGS from package com.cyanogenmod.trebuchet in an unknown group android.permission-group.SYSTEM_TOOLS
12-04 06:17:43.164  3698  3726 W PackageManager: Permission com.android.launcher3.permission.WRITE_SETTINGS from package com.cyanogenmod.trebuchet in an unknown group android.permission-group.SYSTEM_TOOLS
12-04 06:17:43.405  3698  3725 I PackageManager: SELinux relabeling of com.android.settings issued.
12-04 06:17:43.438  3698  3698 D PackageManager: end scanDirLI:/system/priv-app
12-04 06:17:43.438  3698  3698 D PackageManager: start scanDirLI:/system/app
12-04 06:17:43.438  3698  3698 D PackageManager: max thread:6
12-04 06:17:43.500  3698  3730 W PackageParser: No actions in intent filter at /system/app/CMFileManager/CMFileManager.apk Binary XML file line #164
12-04 06:17:43.508  3698  3729 I PackageManager: SELinux relabeling of com.android.bluetoothmidiservice issued.
12-04 06:17:43.509  3698  3727 W PackageParser: No actions in intent filter at /system/app/Bluetooth/Bluetooth.apk Binary XML file line #235
12-04 06:17:43.529  3698  3728 I PackageManager: SELinux relabeling of com.android.dreams.basic issued.
12-04 06:17:43.599  3698  3727 I PackageManager: SELinux relabeling of com.android.bluetooth issued.
12-04 06:17:43.612  3698  3725 I PackageManager: SELinux relabeling of com.cyanogenmod.wallpapers issued.
12-04 06:17:43.737  3698  3730 I PackageManager: SELinux relabeling of com.cyanogenmod.filemanager issued.
12-04 06:17:43.744  3698  3726 I PackageManager: SELinux relabeling of com.android.browser issued.
12-04 06:17:43.770  3698  3727 I PackageManager: SELinux relabeling of com.android.captiveportallogin issued.
12-04 06:17:43.794  3698  3725 I PackageManager: SELinux relabeling of com.android.certinstaller issued.
12-04 06:17:43.913  3698  3726 I PackageManager: SELinux relabeling of com.android.development issued.
12-04 06:17:43.942  3698  3729 I PackageManager: SELinux relabeling of com.android.calendar issued.
12-04 06:17:43.970  3698  3725 I PackageManager: SELinux relabeling of com.android.providers.downloads.ui issued.
12-04 06:17:44.011  3698  3730 I PackageManager: SELinux relabeling of com.android.documentsui issued.
12-04 06:17:44.116  3698  3728 I PackageManager: SELinux relabeling of com.android.camera2 issued.
12-04 06:17:44.131  3698  3726 I PackageManager: SELinux relabeling of com.android.calculator2 issued.
12-04 06:17:44.206  3698  3730 I PackageManager: SELinux relabeling of com.android.exchange issued.
12-04 06:17:44.246  3698  3729 I PackageManager: SELinux relabeling of com.cyanogenmod.eleven issued.
12-04 06:17:44.279  3698  3728 W PackageParser: Unknown element under <application>: permission at /system/app/Gallery2/Gallery2.apk Binary XML file line #279
12-04 06:17:44.279  3698  3728 W PackageParser: Unknown element under <application>: permission at /system/app/Gallery2/Gallery2.apk Binary XML file line #282
12-04 06:17:44.310  3698  3726 I PackageManager: SELinux relabeling of com.android.galaxy4 issued.
12-04 06:17:44.348  3698  3727 I PackageManager: SELinux relabeling of com.android.deskclock issued.
12-04 06:17:44.352  3698  3730 I PackageManager: SELinux relabeling of com.android.htmlviewer issued.
12-04 06:17:44.440  3698  3726 I PackageManager: SELinux relabeling of com.android.wallpaper.holospiral issued.
12-04 06:17:44.536  3698  3727 I PackageManager: SELinux relabeling of com.android.keychain issued.
12-04 06:17:44.718  3698  3726 I PackageManager: SELinux relabeling of com.android.wallpaper issued.
12-04 06:17:44.770  3698  3727 I PackageManager: SELinux relabeling of com.android.wallpaper.livepicker issued.
12-04 06:17:44.843  3698  3725 I PackageManager: SELinux relabeling of com.android.email issued.
12-04 06:17:44.893  3698  3727 I PackageManager: SELinux relabeling of com.android.noisefield issued.
12-04 06:17:44.913  3698  3728 I PackageManager: SELinux relabeling of com.android.gallery3d issued.
12-04 06:17:45.024  3698  3725 I PackageManager: SELinux relabeling of com.android.pacprocessor issued.
12-04 06:17:45.129  3698  3727 I PackageManager: SELinux relabeling of com.android.phasebeam issued.
12-04 06:17:45.193  3698  3729 I PackageManager: SELinux relabeling of org.cyanogenmod.hexolibre issued.
12-04 06:17:45.204  3698  3728 I PackageManager: SELinux relabeling of org.cyanogenmod.wallpapers.photophase issued.
12-04 06:17:45.208  3698  3726 I PackageManager: SELinux relabeling of com.cyanogenmod.lockclock issued.
12-04 06:17:45.225  3698  3725 I PackageManager: SELinux relabeling of com.android.dreams.phototable issued.
12-04 06:17:45.257  3698  3727 I PackageManager: SELinux relabeling of com.svox.pico issued.
12-04 06:17:45.316  3698  3708 I art     : Background sticky concurrent mark sweep GC freed 209055(14MB) AllocSpace objects, 129(4MB) LOS objects, 19% free, 41MB/51MB, paused 2.335ms total 870.472ms
12-04 06:17:45.356  3698  3728 I PackageManager: SELinux relabeling of org.cyanogenmod.profiles issued.
12-04 06:17:45.360  3698  3726 I PackageManager: SELinux relabeling of com.android.provision issued.
12-04 06:17:45.391  3698  3725 I PackageManager: SELinux relabeling of com.gd.mobicore.pa issued.
12-04 06:17:45.394  3698  3729 I PackageManager: SELinux relabeling of com.android.printspooler issued.
12-04 06:17:45.507  3698  3727 I PackageManager: SELinux relabeling of com.cyanogenmod.samsungservicemode issued.
12-04 06:17:45.517  3698  3726 I PackageManager: SELinux relabeling of com.android.stk issued.
12-04 06:17:45.528  3698  3728 I PackageManager: SELinux relabeling of com.android.soundrecorder issued.
12-04 06:17:45.539  3698  3729 I PackageManager: SELinux relabeling of com.android.providers.userdictionary issued.
12-04 06:17:45.558  3698  3725 I PackageManager: SELinux relabeling of com.android.terminal issued.
12-04 06:17:45.590  3698  3727 I PackageManager: SELinux relabeling of com.android.smspush issued.
12-04 06:17:45.606  3698  3728 W PackageManager: Failed to parse /system/app/mcRegistry: Missing base APK in /system/app/mcRegistry
12-04 06:17:45.635  3698  3725 I PackageManager: SELinux relabeling of com.android.frameworks.telresources issued.
12-04 06:17:45.652  3698  3726 I PackageManager: SELinux relabeling of org.cyanogenmod.wallpaperpicker issued.
12-04 06:17:45.786  3698  3729 I PackageManager: SELinux relabeling of com.android.webview issued.
12-04 06:17:45.831  2932  2932 E Fence   : merge: sync_merge("FramebufferSurface:1", 130, 1019) returned an error: Too many open files (-24)
12-04 06:17:45.882  3698  3730 I PackageManager: SELinux relabeling of com.android.inputmethod.latin issued.
12-04 06:17:45.898  2932  2932 E Fence   : merge: sync_merge("FramebufferSurface:4", 740, 1021) returned an error: Too many open files (-24)
12-04 06:17:45.964  2932  2932 E Fence   : merge: sync_merge("FramebufferSurface:2", 874, 1021) returned an error: Too many open files (-24)
12-04 06:17:45.997  2932  2932 W display : release fence dup failed: Too many open files
12-04 06:17:46.029  2932  2932 E Surface : dequeueBuffer: error duping fence: 24
12-04 06:17:46.019  2932  2932 W surfaceflinger: type=1701 audit(0.0:375): auid=4294967295 uid=1000 gid=1003 ses=4294967295 exe="/system/bin/surfaceflinger" sig=6
12-04 06:17:46.030  2932  2932 E display : ioctl S3CFB_WIN_CONFIG failed: Too many open files
12-04 06:17:46.031  2932  2932 F display : ioctl S3CFB_WIN_CONFIG failed to clear screen: Too many open files
12-04 06:17:46.044  3058  3261 D         : NULL == surf->write_back_color_buffer
12-04 06:17:46.044  3058  3261 W         : GLES-MALI OOM error: failed to allocate CPU memory (gles_fb_first_drawcall_cb at hardware/samsung_slsi/MaliT880_r12p0_JF/product/gles/src/fb/mali_gles_fb_module_api.c:1281)
12-04 06:17:46.044  3058  3261 D         : NULL == surf->write_back_color_buffer
12-04 06:17:46.079  3058  3261 D         : NULL == surf->write_back_color_buffer
12-04 06:17:46.088  2931  2931 I ServiceManager: service 'SurfaceFlinger' died
12-04 06:17:46.089  3058  3058 W SurfaceComposerClient: ComposerService remote (surfaceflinger) died [0x7fac0a3320]
12-04 06:17:46.089  3058  3058 D BootAnimation: SurfaceFlinger died, exiting...
12-04 06:17:46.089  3698  3709 W SurfaceComposerClient: ComposerService remote (surfaceflinger) died [0x7f7872d320]
12-04 06:17:46.131  3698  3717 E DisplayEventReceiver: Display event receiver pipe was closed or an error occurred.  events=0x9
12-04 06:17:46.148  3741  3741 I SurfaceFlinger: SurfaceFlinger is starting
12-04 06:17:46.148  3741  3741 I SurfaceFlinger: SurfaceFlinger's main thread ready to run. Initializing graphics H/W...
12-04 06:17:46.162  3741  3741 D libEGL  : loaded /vendor/lib64/egl/libGLES_mali.so
12-04 06:17:46.179  3741  3741 I gralloc : using (id=)
12-04 06:17:46.179  3741  3741 I gralloc : xres         = 1440 px
12-04 06:17:46.179  3741  3741 I gralloc : yres         = 2560 px
12-04 06:17:46.179  3741  3741 I gralloc : width        = 68 mm (537.882324 dpi)
12-04 06:17:46.179  3741  3741 I gralloc : height       = 122 mm (532.983582 dpi)
12-04 06:17:46.179  3741  3741 I gralloc : refresh rate = 59.31 Hz
12-04 06:17:46.186  3741  3741 D hwcomposer: using
12-04 06:17:46.186  3741  3741 D hwcomposer: xres         = 1440 px
12-04 06:17:46.186  3741  3741 D hwcomposer: yres         = 2560 px
12-04 06:17:46.186  3741  3741 D hwcomposer: width        = 68 mm (537.882000 dpi)
12-04 06:17:46.186  3741  3741 D hwcomposer: height       = 122 mm (532.983000 dpi)
12-04 06:17:46.186  3741  3741 D hwcomposer: refresh rate = 59 Hz
12-04 06:17:46.186  3741  3741 I hwcomposer: PSR info devname = /sys/devices/13960000.decon_f/psr_info
12-04 06:17:46.186  3741  3741 I hwcomposer: PSR mode is 6(0: video mode, 1: DP PSR mode, 2: MIPI-DSI command mode)
12-04 06:17:46.186  3741  3741 I SurfaceFlinger: Using composer version 1.3
12-04 06:17:46.186  3741  3741 E display : unknown display attribute 6
12-04 06:17:46.187  3741  3741 I SurfaceFlinger: EGL information:
12-04 06:17:46.187  3741  3741 I SurfaceFlinger: vendor    : Android
12-04 06:17:46.187  3741  3741 I SurfaceFlinger: version   : 1.4 Android META-EGL
12-04 06:17:46.187  3741  3741 I SurfaceFlinger: extensions: EGL_KHR_get_all_proc_addresses EGL_ANDROID_presentation_time EGL_KHR_swap_buffers_with_damage EGL_KHR_image EGL_KHR_image_base EGL_KHR_gl_texture_2D_image EGL_KHR_gl_texture_cubemap_image EGL_KHR_gl_renderbuffer_image EGL_KHR_fence_sync EGL_KHR_create_context EGL_KHR_config_attribs EGL_KHR_surfaceless_context EGL_EXT_create_context_robustness EGL_ANDROID_image_native_buffer EGL_KHR_wait_sync EGL_ANDROID_recordable EGL_KHR_partial_update 
12-04 06:17:46.187  3741  3741 I SurfaceFlinger: Client API: OpenGL_ES
12-04 06:17:46.187  3741  3741 I SurfaceFlinger: EGLSurface: 8-8-8-8, config=0x7fb353b138
12-04 06:17:46.193  3741  3741 I SurfaceFlinger: OpenGL ES informations:
12-04 06:17:46.193  3741  3741 I SurfaceFlinger: vendor    : ARM
12-04 06:17:46.193  3741  3741 I SurfaceFlinger: renderer  : Mali-T880
12-04 06:17:46.193  3741  3741 I SurfaceFlinger: version   : OpenGL ES 3.2 v1.r12p1-00dev0.60546d7cd0bfd82d0ba92ca3bb825c75
12-04 06:17:46.193  3741  3741 I SurfaceFlinger: extensions: GL_EXT_debug_marker GL_ARM_rgba8 GL_ARM_mali_shader_binary GL_OES_depth24 GL_OES_depth_texture GL_OES_depth_texture_cube_map GL_OES_packed_depth_stencil GL_OES_rgb8_rgba8 GL_EXT_read_format_bgra GL_OES_compressed_paletted_texture GL_OES_compressed_ETC1_RGB8_texture GL_OES_standard_derivatives GL_OES_EGL_image GL_OES_EGL_image_external GL_OES_EGL_image_external_essl3 GL_OES_EGL_sync GL_OES_texture_npot GL_OES_vertex_half_float GL_OES_required_internalformat GL_OES_vertex_array_object GL_OES_mapbuffer GL_EXT_texture_format_BGRA8888 GL_EXT_texture_rg GL_EXT_texture_type_2_10_10_10_REV GL_OES_fbo_render_mipmap GL_OES_element_index_uint GL_EXT_shadow_samplers GL_OES_texture_compression_astc GL_KHR_texture_compression_astc_ldr GL_KHR_texture_compression_astc_hdr GL_KHR_texture_compression_astc_sliced_3d GL_KHR_debug GL_EXT_occlusion_query_boolean GL_EXT_disjoint_timer_query GL_EXT_blend_minmax GL_EXT_discard_framebuffer GL_OES_get_program_binary GL_OES_texture_3D GL_EXT_texture_storage GL_EXT_multisamp
12-04 06:17:46.193  3741  3741 I SurfaceFlinger: GL_MAX_TEXTURE_SIZE = 16384
12-04 06:17:46.193  3741  3741 I SurfaceFlinger: GL_MAX_VIEWPORT_DIMS = 16384
12-04 06:17:46.194  3741  3741 D mali_winsys: EGLint new_window_surface(egl_winsys_display*, void*, EGLSurface, EGLConfig, egl_winsys_surface**, egl_color_buffer_format*, EGLBoolean) returns 0x3000,  [1440x2560]-format:1
12-04 06:17:46.196  3741  3741 D SurfaceFlinger: Set power mode=2, type=0 flinger=0x7fb3503c00
12-04 06:17:46.198  2931  2931 I ServiceManager: service 'media.radio' died
12-04 06:17:46.198  2931  2931 I ServiceManager: service 'media.sound_trigger_hw' died
12-04 06:17:46.198  2931  2931 I ServiceManager: service 'media.audio_flinger' died
12-04 06:17:46.198  2931  2931 I ServiceManager: service 'media.player' died
12-04 06:17:46.198  2931  2931 I ServiceManager: service 'media.resource_manager' died
12-04 06:17:46.198  2931  2931 I ServiceManager: service 'media.camera' died
12-04 06:17:46.198  2931  2931 I ServiceManager: service 'media.audio_policy' died
12-04 06:17:46.299  3331  3331 W auditd  : type=1325 audit(0.0:376): table=filter family=2 entries=52
12-04 06:17:46.299  3331  3331 W auditd  : type=1320 audit(0.0:376): 
12-04 06:17:46.309  3331  3331 W auditd  : type=1325 audit(0.0:377): table=filter family=10 entries=55
12-04 06:17:46.309  3331  3331 W auditd  : type=1320 audit(0.0:377): 
12-04 06:17:46.309  3331  3331 W auditd  : type=1325 audit(0.0:378): table=filter family=2 entries=51
12-04 06:17:46.308  3767  3767 I Netd    : Netd 1.0 starting
12-04 06:17:46.308  3767  3767 I QtiConnectivityAdapter: Failed to open libconnctrl, some features may not be present.
12-04 06:17:46.308  3767  3767 D TetherController: Setting IP forward enable = 0
12-04 06:17:46.313  3763  3763 V MediaUtils: physMem: 3748511744
12-04 06:17:46.313  3763  3763 V MediaUtils: requested limit: 2436532605
12-04 06:17:46.313  3763  3763 V MediaUtils: actual limit: 2436532605
12-04 06:17:46.313  3763  3763 V MediaUtils: original limits: 4294967295/4294967295
12-04 06:17:46.313  3763  3763 V MediaUtils: new limits: 2436532605/4294967295
12-04 06:17:46.314  3763  3763 I mediaserver: ServiceManager: 0xf65ce120
12-04 06:17:46.314  3763  3763 I AudioFlinger: Using default 3000 mSec as standby time.
12-04 06:17:46.314  3763  3763 I CameraService: CameraService started (pid=3763)
12-04 06:17:46.319  3331  3331 W auditd  : type=1325 audit(0.0:379): table=filter family=10 entries=54
12-04 06:17:46.319  3331  3331 W auditd  : type=1320 audit(0.0:379): 
12-04 06:17:46.319  3331  3331 W auditd  : type=1325 audit(0.0:380): table=filter family=2 entries=50
12-04 06:17:46.319  3331  3331 W auditd  : type=1320 audit(0.0:380): 
12-04 06:17:46.319  3331  3331 W auditd  : type=1325 audit(0.0:381): table=filter family=10 entries=53
12-04 06:17:46.319  3331  3331 W auditd  : type=1320 audit(0.0:381): 
12-04 06:17:46.329  3331  3331 W auditd  : type=1325 audit(0.0:382): table=filter family=2 entries=48
12-04 06:17:46.314  3763  3763 I CameraService: CameraService process starting
12-04 06:17:46.314  3763  3763 E CameraService: Could not load camera HAL module: -2 (No such file or directory)
12-04 06:17:46.315  3763  3763 I AudioPolicyService: AudioPolicyService CSTOR in new mode
12-04 06:17:46.315  3763  3763 I APM::ConfigParsingUtils: loadAudioPolicyConfig() loaded /system/etc/audio_policy.conf
12-04 06:17:46.325  2931  2931 I ServiceManager: service 'batterystats' died
12-04 06:17:46.325  2931  2931 I ServiceManager: service 'appops' died
12-04 06:17:46.325  2931  2931 I ServiceManager: service 'power' died
12-04 06:17:46.325  2931  2931 I ServiceManager: service 'display' died
12-04 06:17:46.329  3007  3007 E installd: eof
12-04 06:17:46.329  3007  3007 E installd: failed to read size
12-04 06:17:46.329  3007  3007 I installd: closing connection
12-04 06:17:46.736  3741  3741 D SurfaceFlinger: SF. shader cache generated - 26 shaders in 474.693420 ms
12-04 06:17:46.856  3763  3763 E audio_route: Failed to open /system/etc/mixer_paths.xml
12-04 06:17:46.861  3763  3763 V audio_hw_primary: adev_open: Forcing voice config: wide
12-04 06:17:46.861  3763  3763 I AudioFlinger: loadHwModule() Loaded primary audio interface from Samsung audio HW HAL (audio) handle 1
12-04 06:17:46.861  3763  3763 I AudioFlinger: openOutput(), module 1 Device 2, SamplingRate 44100, Format 0x000001, Channels 3, flags 2
12-04 06:17:46.861  3763  3763 I AudioFlinger: AudioStreamOut::open(), mHalFormatIsLinearPcm = 1
12-04 06:17:46.861  3763  3763 I AudioFlinger: HAL output buffer size 256 frames, normal sink buffer size 960 frames
12-04 06:17:46.863  3765  3874 D libEGL  : loaded /vendor/lib64/egl/libGLES_mali.so
12-04 06:17:46.863  3763  3763 I BufferProvider: found effect "Multichannel Downmix To Stereo" from The Android Open Source Project
12-04 06:17:46.863  3763  3763 E MonoPipe: Failed to fetch local time frequency when constructing a MonoPipe (res = -32).  getNextWriteTimestamp calls will be non-functional
12-04 06:17:46.864  3763  3763 I AudioFlinger: Using module 1 has the primary audio interface
12-04 06:17:46.864  3763  3884 I AudioFlinger: AudioFlinger's thread 0xf49c0000 ready to run
12-04 06:17:46.864  3763  3884 V audio_hw_primary: out_set_parameters: key value pairs: routing=2
12-04 06:17:46.864  3763  3884 V audio_hw_primary: do_out_standby: output standby: 1
12-04 06:17:46.864  3763  3884 E AudioFlinger: no wake lock to update!
12-04 06:17:46.864  3763  3763 V audio_hw_primary: adev_open_input_stream: Created resampler converting 48000 -> 16000
12-04 06:17:46.864  3763  3763 V audio_hw_primary: adev_open_input_stream: Requesting input stream with rate: 16000, channels: 0xc
12-04 06:17:46.865  3763  3885 I AudioFlinger: AudioFlinger's thread 0xf4640000 ready to run
12-04 06:17:46.865  3763  3763 I r_submix: adev_open(name=audio_hw_if)
12-04 06:17:46.865  3763  3763 I r_submix: adev_init_check()
12-04 06:17:46.865  3763  3763 I AudioFlinger: loadHwModule() Loaded r_submix audio interface from Wifi Display audio HAL (audio) handle 4
12-04 06:17:46.865  3763  3763 D r_submix: adev_open_input_stream(addr=0)
12-04 06:17:46.865  3763  3763 D r_submix: submix_audio_device_create_pipe_l(addr=0, idx=9)
12-04 06:17:46.865  3763  3763 D r_submix:   now using address 0 for route 9
12-04 06:17:46.865  3763  3886 I AudioFlinger: AudioFlinger's thread 0xf4640000 ready to run
12-04 06:17:46.865  3763  3763 D r_submix: adev_close_input_stream()
12-04 06:17:46.865  3763  3763 D r_submix: submix_audio_device_release_pipe_l(idx=9) addr=0
12-04 06:17:46.865  3763  3763 D r_submix: submix_audio_device_destroy_pipe_l(): pipe destroyed
12-04 06:17:46.866  3763  3763 E SoundTriggerHwService: couldn't load sound trigger module sound_trigger.primary (No such file or directory)
12-04 06:17:46.866  3763  3763 I RadioService: RadioService
12-04 06:17:46.866  3763  3763 I RadioService: onFirstRef
12-04 06:17:46.866  3763  3763 E RadioService: couldn't load radio module radio.primary (No such file or directory)
12-04 06:17:46.329  3331  3331 W auditd  : type=1320 audit(0.0:382): 
12-04 06:17:46.329  3331  3331 W auditd  : type=1325 audit(0.0:383): table=filter family=10 entries=51
12-04 06:17:46.329  3331  3331 W auditd  : type=1320 audit(0.0:383): 
12-04 06:17:46.339  3331  3331 W auditd  : type=1325 audit(0.0:384): table=filter family=2 entries=50
12-04 06:17:46.339  3331  3331 W auditd  : type=1320 audit(0.0:384): 
12-04 06:17:46.339  3331  3331 W auditd  : type=1325 audit(0.0:385): table=filter family=10 entries=53
12-04 06:17:46.339  3331  3331 W auditd  : type=1320 audit(0.0:385): 
12-04 06:17:46.349  3331  3331 W auditd  : type=1325 audit(0.0:386): table=filter family=2 entries=51
12-04 06:17:46.349  3331  3331 W auditd  : type=1320 audit(0.0:386): 
12-04 06:17:46.349  3331  3331 W auditd  : type=1325 audit(0.0:387): table=filter family=10 entries=54
12-04 06:17:46.349  3331  3331 W auditd  : type=1320 audit(0.0:387): 
12-04 06:17:46.349  3331  3331 W auditd  : type=1325 audit(0.0:388): table=filter family=2 entries=50
12-04 06:17:46.349  3331  3331 W auditd  : type=1320 audit(0.0:388): 
12-04 06:17:46.359  3331  3331 W auditd  : type=1325 audit(0.0:389): table=filter family=10 entries=53
12-04 06:17:46.359  3331  3331 W auditd  : type=1320 audit(0.0:389): 
12-04 06:17:46.359  3331  3331 W auditd  : type=1325 audit(0.0:390): table=filter family=2 entries=50
12-04 06:17:46.359  3331  3331 W auditd  : type=1320 audit(0.0:390): 
12-04 06:17:46.369  3331  3331 W auditd  : type=1325 audit(0.0:391): table=filter family=10 entries=53
12-04 06:17:46.369  3331  3331 W auditd  : type=1320 audit(0.0:391): 
12-04 06:17:46.369  3331  3331 W auditd  : type=1325 audit(0.0:392): table=filter family=2 entries=48
12-04 06:17:46.889  3765  3874 D mali_winsys: EGLint new_window_surface(egl_winsys_display*, void*, EGLSurface, EGLConfig, egl_winsys_surface**, egl_color_buffer_format*, EGLBoolean) returns 0x3000,  [1440x2560]-format:2
12-04 06:17:46.892  3765  3874 E BootAnimation: couldn't find audio_conf.txt
12-04 06:17:46.894  3765  3874 D BootAnimation: Use save memory method, maybe small fps in actual.
12-04 06:17:47.157  3767  3767 V NatController: runCmd(/system/bin/iptables -w -F natctrl_FORWARD) res=0
12-04 06:17:47.161  3767  3767 V NatController: runCmd(/system/bin/iptables -w -A natctrl_FORWARD -j DROP) res=0
12-04 06:17:47.165  3767  3767 V NatController: runCmd(/system/bin/iptables -w -t nat -F natctrl_nat_POSTROUTING) res=0
12-04 06:17:47.169  3767  3767 V NatController: runCmd(/system/bin/iptables -w -F natctrl_tether_counters) res=0
12-04 06:17:47.173  3767  3767 V NatController: runCmd(/system/bin/iptables -w -X natctrl_tether_counters) res=0
12-04 06:17:47.177  3767  3767 V NatController: runCmd(/system/bin/iptables -w -N natctrl_tether_counters) res=0
12-04 06:17:47.181  3767  3767 V NatController: runCmd(/system/bin/iptables -w -t mangle -A natctrl_mangle_FORWARD -p tcp --tcp-flags SYN SYN -j TCPMSS --clamp-mss-to-pmtu) res=0
12-04 06:17:47.425  3767  3767 E Netd    : cannot find interface dummy0
12-04 06:17:47.426  3767  3767 D MDnsDS  : MDnsSdListener::Hander starting up
12-04 06:17:47.426  3767  4047 D MDnsDS  : MDnsSdListener starting to monitor
12-04 06:17:47.426  3767  4047 D MDnsDS  : Going to poll with pollCount 1
12-04 06:17:47.339  3331  3331 W auditd  : type=1325 audit(0.0:597): table=filter family=10 entries=52
12-04 06:17:47.339  3331  3331 W auditd  : type=1320 audit(0.0:597): 
12-04 06:17:47.601  3762  3762 D AndroidRuntime: >>>>>> START com.android.internal.os.ZygoteInit uid 0 <<<<<<
12-04 06:17:47.605  3762  3762 D AndroidRuntime: CheckJNI is ON
12-04 06:17:47.605  3762  3762 I art     : option[0]=-Xzygote
12-04 06:17:47.605  3762  3762 I art     : option[1]=-Xcheck:jni
12-04 06:17:47.605  3762  3762 I art     : option[2]=-Xstacktracefile:/data/anr/traces.txt
12-04 06:17:47.605  3762  3762 I art     : option[3]=exit
12-04 06:17:47.605  3762  3762 I art     : option[4]=vfprintf
12-04 06:17:47.605  3762  3762 I art     : option[5]=sensitiveThread
12-04 06:17:47.605  3762  3762 I art     : option[6]=-verbose:gc
12-04 06:17:47.605  3762  3762 I art     : option[7]=-Xms8m
12-04 06:17:47.605  3762  3762 I art     : option[8]=-Xmx512m
12-04 06:17:47.605  3762  3762 I art     : option[9]=-XX:HeapGrowthLimit=256m
12-04 06:17:47.605  3762  3762 I art     : option[10]=-XX:HeapMinFree=2m
12-04 06:17:47.605  3762  3762 I art     : option[11]=-XX:HeapMaxFree=8m
12-04 06:17:47.605  3762  3762 I art     : option[12]=-XX:HeapTargetUtilization=0.75
12-04 06:17:47.605  3762  3762 I art     : option[13]=-Xusejit:true
12-04 06:17:47.605  3762  3762 I art     : option[14]=-agentlib:jdwp=transport=dt_android_adb,suspend=n,server=y
12-04 06:17:47.605  3762  3762 I art     : option[15]=-Xlockprofthreshold:500
12-04 06:17:47.606  3762  3762 I art     : option[16]=-Ximage-compiler-option
12-04 06:17:47.606  3762  3762 I art     : option[17]=--runtime-arg
12-04 06:17:47.606  3762  3762 I art     : option[18]=-Ximage-compiler-option
12-04 06:17:47.606  3762  3762 I art     : option[19]=-Xms64m
12-04 06:17:47.606  3762  3762 I art     : option[20]=-Ximage-compiler-option
12-04 06:17:47.606  3762  3762 I art     : option[21]=--runtime-arg
12-04 06:17:47.606  3762  3762 I art     : option[22]=-Ximage-compiler-option
12-04 06:17:47.606  3762  3762 I art     : option[23]=-Xmx64m
12-04 06:17:47.606  3762  3762 I art     : option[24]=-Ximage-compiler-option
12-04 06:17:47.606  3762  3762 I art     : option[25]=--compiler-filter=speed
12-04 06:17:47.606  3762  3762 I art     : option[26]=-Ximage-compiler-option
12-04 06:17:47.606  3762  3762 I art     : option[27]=--image-classes=/system/etc/preloaded-classes
12-04 06:17:47.606  3762  3762 I art     : option[28]=-Xcompiler-option
12-04 06:17:47.606  3762  3762 I art     : option[29]=--runtime-arg
12-04 06:17:47.606  3762  3762 I art     : option[30]=-Xcompiler-option
12-04 06:17:47.606  3762  3762 I art     : option[31]=-Xms64m
12-04 06:17:47.606  3762  3762 I art     : option[32]=-Xcompiler-option
12-04 06:17:47.606  3762  3762 I art     : option[33]=--runtime-arg
12-04 06:17:47.606  3762  3762 I art     : option[34]=-Xcompiler-option
12-04 06:17:47.606  3762  3762 I art     : option[35]=-Xmx512m
12-04 06:17:47.606  3762  3762 I art     : option[36]=-Xcompiler-option
12-04 06:17:47.606  3762  3762 I art     : option[37]=--compiler-filter=speed
12-04 06:17:47.606  3762  3762 I art     : option[38]=-Ximage-compiler-option
12-04 06:17:47.606  3762  3762 I art     : option[39]=--instruction-set-variant=generic
12-04 06:17:47.606  3762  3762 I art     : option[40]=-Xcompiler-option
12-04 06:17:47.606  3762  3762 I art     : option[41]=--instruction-set-variant=generic
12-04 06:17:47.606  3762  3762 I art     : option[42]=-Ximage-compiler-option
12-04 06:17:47.606  3762  3762 I art     : option[43]=--instruction-set-features=default
12-04 06:17:47.606  3762  3762 I art     : option[44]=-Xcompiler-option
12-04 06:17:47.606  3762  3762 I art     : option[45]=--instruction-set-features=default
12-04 06:17:47.606  3762  3762 I art     : option[46]=-Duser.locale=en-US
12-04 06:17:47.606  3762  3762 I art     : option[47]=--cpu-abilist=arm64-v8a,armeabi
12-04 06:17:47.606  3762  3762 I art     : option[48]=-Xfingerprint:samsung/cm_hero2ltexx/hero2ltexx:6.0.1/MOB31K/16bed01c09:eng/test-keys
12-04 06:17:47.339  3331  3331 W auditd  : type=1325 audit(0.0:598): table=filter family=2 entries=49
12-04 06:17:47.339  3331  3331 W auditd  : type=1320 audit(0.0:598): 
12-04 06:17:47.349  3331  3331 W auditd  : type=1325 audit(0.0:599): table=filter family=10 entries=52
12-04 06:17:47.349  3331  3331 W auditd  : type=1320 audit(0.0:599): 
12-04 06:17:47.349  3331  3331 W auditd  : type=1325 audit(0.0:600): table=raw family=2 entries=9
12-04 06:17:47.349  3331  3331 W auditd  : type=1320 audit(0.0:600): 
12-04 06:17:47.349  3331  3331 W auditd  : type=1325 audit(0.0:601): table=raw family=10 entries=9
12-04 06:17:47.349  3331  3331 W auditd  : type=1320 audit(0.0:601): 
12-04 06:17:47.359  3331  3331 W auditd  : type=1325 audit(0.0:602): table=mangle family=2 entries=16
12-04 06:17:47.359  3331  3331 W auditd  : type=1320 audit(0.0:602): 
12-04 06:17:47.359  3331  3331 W auditd  : type=1325 audit(0.0:603): table=mangle family=10 entries=12
12-04 06:17:47.359  3331  3331 W auditd  : type=1320 audit(0.0:603): 
12-04 06:17:47.369  3331  3331 W auditd  : type=1325 audit(0.0:604): table=filter family=2 entries=49
12-04 06:17:47.369  3331  3331 W auditd  : type=1320 audit(0.0:604): 
12-04 06:17:47.369  3331  3331 W auditd  : type=1325 audit(0.0:605): table=filter family=10 entries=52
12-04 06:17:47.369  3331  3331 W auditd  : type=1320 audit(0.0:605): 
12-04 06:17:47.369  3331  3331 W auditd  : type=1325 audit(0.0:606): table=filter family=2 entries=50
12-04 06:17:47.369  3331  3331 W auditd  : type=1320 audit(0.0:606): 
12-04 06:17:47.683  3762  3762 D ICU     : No timezone override file found: /data/misc/zoneinfo/current/icu/icu_tzdata.dat
12-04 06:17:47.779  3762  3762 I Radio-JNI: register_android_hardware_Radio DONE
12-04 06:17:47.785  3762  3762 I SamplingProfilerIntegration: Profiling disabled.
12-04 06:17:47.785  3762  3762 D Zygote  : begin preload
12-04 06:17:47.785  3762  3762 I Zygote  : Preloading classes...
12-04 06:17:47.903  3762  3762 E Minikin : addFont failed to create font /system/fonts/NanumGothic.ttf
12-04 06:17:47.903  3762  3762 E Minikin : addFont failed to create font /system/fonts/DroidSansFallback.ttf
12-04 06:17:47.903  3762  3762 E Minikin : addFont failed to create font /system/fonts/MTLmr3m.ttf
12-04 06:17:48.013  3762  3762 V DngCreator_JNI: DngCreator_nativeClassInit:
12-04 06:17:48.199  3762  3762 I art     : Thread[1,tid=3762,Native,Thread*=0x7fafc7ba00,peer=0x12c2d100,"main"] recursive attempt to load library "/system/lib64/libmedia_jni.so"
12-04 06:17:48.200  3762  3762 D MtpDeviceJNI: register_android_mtp_MtpDevice
12-04 06:17:48.200  3762  3762 I art     : Thread[1,tid=3762,Native,Thread*=0x7fafc7ba00,peer=0x12c2d100,"main"] recursive attempt to load library "/system/lib64/libmedia_jni.so"
12-04 06:17:48.200  3762  3762 I art     : Thread[1,tid=3762,Native,Thread*=0x7fafc7ba00,peer=0x12c2d100,"main"] recursive attempt to load library "/system/lib64/libmedia_jni.so"
12-04 06:17:48.368  3762  3762 W System  : ClassLoader referenced unknown path: /system/framework/tcmclient.jar
12-04 06:17:48.546  3762  3762 I System  : Loaded time zone names for "" in 67ms (65ms in ICU)
12-04 06:17:48.585  3762  3762 I System  : Loaded time zone names for "en_US" in 39ms (37ms in ICU)
12-04 06:17:48.619  3762  3762 I Zygote  : ...preloaded 3831 classes in 834ms.
12-04 06:17:48.619  3762  3762 I art     : VMRuntime.preloadDexCaches starting
12-04 06:17:48.777  3762  3762 I art     : VMRuntime.preloadDexCaches strings total=249480 before=44901 after=44901
12-04 06:17:48.777  3762  3762 I art     : VMRuntime.preloadDexCaches types total=20343 before=6892 after=6923
12-04 06:17:48.777  3762  3762 I art     : VMRuntime.preloadDexCaches fields total=100632 before=36118 after=36550
12-04 06:17:48.777  3762  3762 I art     : VMRuntime.preloadDexCaches methods total=172964 before=71279 after=71806
12-04 06:17:48.777  3762  3762 I art     : VMRuntime.preloadDexCaches finished
12-04 06:17:48.812  4055  4055 D idmap   : error: no read access to /vendor/overlay: No such file or directory
12-04 06:17:48.816  3762  3762 I Zygote  : Preloading resources...
12-04 06:17:48.959  3765  3874 D BootAnimation: Use save memory method, maybe small fps in actual.
12-04 06:17:50.023  3762  3762 I Zygote  : ...preloaded 342 resources in 1206ms.
12-04 06:17:50.050  3762  3762 I Zygote  : ...preloaded 41 resources in 27ms.
12-04 06:17:50.082  3762  3762 D libEGL  : loaded /vendor/lib64/egl/libGLES_mali.so
12-04 06:17:50.110  3762  3762 I Zygote  : Preloading shared libraries...
12-04 06:17:50.115  3762  3762 D Zygote  : end preload
12-04 06:17:50.115  3762  3762 I art     : Starting a blocking GC Explicit
12-04 06:17:50.140  3762  3762 I art     : Explicit concurrent mark sweep GC freed 1003(45KB) AllocSpace objects, 0(0B) LOS objects, 38% free, 25MB/41MB, paused 145us total 14.256ms
12-04 06:17:50.145  3762  3762 I art     : Starting a blocking GC Explicit
12-04 06:17:50.175  3762  3762 I art     : Explicit concurrent mark sweep GC freed 77(2320B) AllocSpace objects, 0(0B) LOS objects, 38% free, 25MB/41MB, paused 133us total 29.834ms
12-04 06:17:50.175  3762  4054 I art     : Starting a blocking GC HeapTrim
12-04 06:17:50.186  3762  3762 I art     : Starting a blocking GC Background
12-04 06:17:50.208  3762  3762 I art     : Background concurrent mark sweep GC freed 76(3KB) AllocSpace objects, 0(0B) LOS objects, 38% free, 25MB/41MB, paused 10.182ms total 21.532ms
12-04 06:17:50.255  3762  3762 I Zygote  : System server process 4058 has been created
12-04 06:17:50.256  3762  3762 I Zygote  : Accepting command socket connections
12-04 06:17:50.274  4058  4058 I Zygote  : Process: zygote socket opened, supported ABIS: armeabi-v7a,armeabi
12-04 06:17:50.275  4058  4058 I InstallerConnection: connecting...
12-04 06:17:50.276  3007  3007 I installd: new connection
12-04 06:17:50.278  4058  4058 I InstallerConnection: disconnecting...
12-04 06:17:50.279  3007  3007 E installd: eof
12-04 06:17:50.279  3007  3007 E installd: failed to read size
12-04 06:17:50.279  3007  3007 I installd: closing connection
12-04 06:17:50.292  4058  4058 I SystemServer: Entered the Android system server!
12-04 06:17:50.362  4058  4058 I SystemServiceManager: Starting com.android.server.pm.Installer
12-04 06:17:50.363  4058  4058 I Installer: Waiting for installd to be ready.
12-04 06:17:50.363  4058  4058 I InstallerConnection: connecting...
12-04 06:17:50.363  3007  3007 I installd: new connection
12-04 06:17:50.363  4058  4058 I SystemServiceManager: Starting com.android.server.am.ActivityManagerService$Lifecycle
12-04 06:17:50.381  4058  4058 I ActivityManager: choosing minFree values for 64 Bit
12-04 06:17:50.381  4058  4058 I ActivityManager: choosing minFree values for 64 Bit
12-04 06:17:50.381  4058  4058 I ActivityManager: choosing minFree values for 64 Bit
12-04 06:17:50.381  4058  4058 I ActivityManager: choosing minFree values for 64 Bit
12-04 06:17:50.381  4058  4058 I ActivityManager: choosing minFree values for 64 Bit
12-04 06:17:50.381  4058  4058 I ActivityManager: choosing minFree values for 64 Bit
12-04 06:17:50.388  4058  4058 I ActivityManager: Memory class: 256
12-04 06:17:50.390  4058  4074 I ServiceThread: Enabled StrictMode logging for ActivityManager looper.
12-04 06:17:50.392  4058  4075 I ServiceThread: Enabled StrictMode logging for android.ui looper.
12-04 06:17:50.415  4058  4058 D BatteryStatsImpl: Reading daily items from /data/system/batterystats-daily.xml
12-04 06:17:50.424  4058  4058 I AppOps  : No existing app ops /data/system/appops.xml; starting empty
12-04 06:17:50.523  4058  4058 I IntentFirewall: Read new rules (A:0 B:0 S:0)
12-04 06:17:50.528  4058  4079 I ServiceThread: Enabled StrictMode logging for android.display looper.
12-04 06:17:50.532  4058  4058 D AppOps  : AppOpsService published
12-04 06:17:50.532  4058  4058 I SystemServiceManager: Starting com.android.server.power.PowerManagerService
12-04 06:17:50.544  4058  4081 I ServiceThread: Enabled StrictMode logging for PowerManagerService looper.
12-04 06:17:50.545  4058  4058 W libsuspend: Error writing 'on' to /sys/power/state: Invalid argument
12-04 06:17:50.545  4058  4058 I libsuspend: Selected wakeup count
12-04 06:17:50.548  4058  4058 I SystemServiceManager: Starting com.android.server.lights.LightsService
12-04 06:17:50.550  4058  4058 I SystemServiceManager: Starting com.android.server.display.DisplayManagerService
12-04 06:17:50.558  3741  3744 E SurfaceFlinger: getDefaultDisplay: id=2 is not a valid default display id
