12-04 08:20:59.211  3360  3360 I Telecom : Class: TelecomSystem.INSTANCE being set
12-04 08:20:59.211  3360  3360 W ContextImpl: Calling a method in the system process without a qualified user: android.app.ContextImpl.startService:1231 android.content.ContextWrapper.startService:587 com.android.server.telecom.components.TelecomService.initializeTelecomSystem:141 com.android.server.telecom.components.TelecomService.onBind:69 android.app.ActivityThread.handleBindService:2938 
12-04 08:20:59.211  3003  3325 I ip6tables: ip6tables: No chain/target/match by that name.
12-04 08:20:59.211  3003  3325 I ip6tables: ip6tables terminated by exit(1)
12-04 08:20:59.211  3003  3325 E Netd    : exec() res=0, status=256 for /system/bin/ip6tables -w -F st_clear_detect 
12-04 08:20:59.216  3003  3325 I iptables: iptables: No chain/target/match by that name.
12-04 08:20:59.216  3003  3325 I iptables: iptables terminated by exit(1)
12-04 08:20:59.216  3003  3325 E Netd    : exec() res=0, status=256 for /system/bin/iptables -w -X st_penalty_log 
12-04 08:20:59.220  3003  3325 I ip6tables: ip6tables: No chain/target/match by that name.
12-04 08:20:59.220  3003  3325 I ip6tables: ip6tables terminated by exit(1)
12-04 08:20:59.220  3003  3325 E Netd    : exec() res=0, status=256 for /system/bin/ip6tables -w -X st_penalty_log 
12-04 08:20:59.224  3003  3325 I iptables: iptables: No chain/target/match by that name.
12-04 08:20:59.224  3003  3325 I iptables: iptables terminated by exit(1)
12-04 08:20:59.224  3003  3325 E Netd    : exec() res=0, status=256 for /system/bin/iptables -w -X st_penalty_reject 
12-04 08:20:59.228  3003  3325 I ip6tables: ip6tables: No chain/target/match by that name.
12-04 08:20:59.229  3003  3325 I ip6tables: ip6tables terminated by exit(1)
12-04 08:20:59.229  3003  3325 E Netd    : exec() res=0, status=256 for /system/bin/ip6tables -w -X st_penalty_reject 
12-04 08:20:59.233  3003  3325 I iptables: iptables: No chain/target/match by that name.
12-04 08:20:59.233  3003  3325 I iptables: iptables terminated by exit(1)
12-04 08:20:59.233  3003  3325 E Netd    : exec() res=0, status=256 for /system/bin/iptables -w -X st_clear_caught 
12-04 08:20:59.235  3605  3605 W System  : ClassLoader referenced unknown path: /system/priv-app/ThemeManagerService/lib/arm64
12-04 08:20:59.237  3003  3325 I ip6tables: ip6tables: No chain/target/match by that name.
12-04 08:20:59.237  3003  3325 I ip6tables: ip6tables terminated by exit(1)
12-04 08:20:59.237  3003  3325 E Netd    : exec() res=0, status=256 for /system/bin/ip6tables -w -X st_clear_caught 
12-04 08:20:59.241  3003  3325 I iptables: iptables: No chain/target/match by that name.
12-04 08:20:59.241  3003  3325 I iptables: iptables terminated by exit(1)
12-04 08:20:59.241  3003  3325 E Netd    : exec() res=0, status=256 for /system/bin/iptables -w -X st_clear_detect 
12-04 08:20:59.244  3360  3662 I ActivityManager: Start proc 3682:android.process.acore/u0a3 for content provider com.android.providers.contacts/.CallLogProvider
12-04 08:20:59.245  3003  3325 I ip6tables: ip6tables: No chain/target/match by that name.
12-04 08:20:59.246  3003  3325 I ip6tables: ip6tables terminated by exit(1)
12-04 08:20:59.246  3003  3325 E Netd    : exec() res=0, status=256 for /system/bin/ip6tables -w -X st_clear_detect 
12-04 08:20:59.270  3600  3600 W System  : ClassLoader referenced unknown path: /system/priv-app/SystemUI/lib/arm64
12-04 08:20:59.302  3682  3682 I art     : Late-enabling JIT
12-04 08:20:59.312  3605  3605 I ThemeManagerService: Spawned worker thread
12-04 08:20:59.331  3634  3634 I art     : JIT created with code_cache_capacity=2MB compile_threshold=1000
12-04 08:20:59.355  3629  3629 I art     : JIT created with code_cache_capacity=2MB compile_threshold=1000
12-04 08:20:59.360  3682  3682 I art     : JIT created with code_cache_capacity=2MB compile_threshold=1000
12-04 08:20:59.363  3360  3360 I PackageManager: Replacing preferred activity com.android.messaging/.ui.conversation.LaunchConversationActivity for user 0:
12-04 08:20:59.364  3360  3360 I PackageManager:   Action: "android.intent.action.SENDTO"
12-04 08:20:59.364  3360  3360 I PackageManager:   Category: "android.intent.category.DEFAULT"
12-04 08:20:59.069  3331  3331 W auditd  : type=1325 audit(0.0:144): table=filter family=10 entries=53
12-04 08:20:59.069  3331  3331 W auditd  : type=1320 audit(0.0:144): 
12-04 08:20:59.079  3331  3331 W auditd  : type=1325 audit(0.0:145): table=filter family=2 entries=50
12-04 08:20:59.079  3331  3331 W auditd  : type=1320 audit(0.0:145): 
12-04 08:20:59.079  3331  3331 W auditd  : type=1325 audit(0.0:146): table=filter family=10 entries=53
12-04 08:20:59.079  3331  3331 W auditd  : type=1320 audit(0.0:146): 
12-04 08:20:59.364  3360  3360 I PackageManager:   Scheme: "sms"
12-04 08:20:59.364  3360  3360 I PackageManager:   AutoVerify=false
12-04 08:20:59.364  3360  3360 I PackageManager: Replacing preferred activity com.android.messaging/.ui.conversation.LaunchConversationActivity for user 0:
12-04 08:20:59.364  3360  3360 I PackageManager:   Action: "android.intent.action.SENDTO"
12-04 08:20:59.364  3360  3360 I PackageManager:   Category: "android.intent.category.DEFAULT"
12-04 08:20:59.364  3360  3360 I PackageManager:   Scheme: "smsto"
12-04 08:20:59.364  3360  3360 I PackageManager:   AutoVerify=false
12-04 08:20:59.365  3360  3360 I PackageManager: Replacing preferred activity com.android.messaging/.ui.conversation.LaunchConversationActivity for user 0:
12-04 08:20:59.365  3360  3360 I PackageManager:   Action: "android.intent.action.SENDTO"
12-04 08:20:59.365  3360  3360 I PackageManager:   Category: "android.intent.category.DEFAULT"
12-04 08:20:59.365  3360  3360 I PackageManager:   Scheme: "mms"
12-04 08:20:59.365  3360  3360 I PackageManager:   AutoVerify=false
12-04 08:20:59.365  3360  3360 I PackageManager: Replacing preferred activity com.android.messaging/.ui.conversation.LaunchConversationActivity for user 0:
12-04 08:20:59.365  3360  3360 I PackageManager:   Action: "android.intent.action.SENDTO"
12-04 08:20:59.365  3360  3360 I PackageManager:   Category: "android.intent.category.DEFAULT"
12-04 08:20:59.365  3360  3360 I PackageManager:   Scheme: "mmsto"
12-04 08:20:59.365  3360  3360 I PackageManager:   AutoVerify=false
12-04 08:20:59.370  3360  3360 I DefaultPermGrantPolicy: Granting permissions to default sms app for user:0
12-04 08:20:59.374  3634  3634 V WebViewFactory: RelroFileCreator (64bit = true),  32-bit lib: /system/app/webview/webview.apk!/lib/armeabi-v7a/libwebviewchromium.so, 64-bit lib: /system/app/webview/webview.apk!/lib/arm64-v8a/libwebviewchromium.so
12-04 08:20:59.377  3360  3360 I DefaultPermGrantPolicy: Granting permissions to default dialer app for user:0
12-04 08:20:59.380  3360  3360 I Telecom : PhoneAccountRegistrar: SimCallManager queried, returning: null
12-04 08:20:59.383  3360  3360 I DefaultPermGrantPolicy: Granting permissions to default sms app for user:0
12-04 08:20:59.392  3629  3629 V WebViewFactory: RelroFileCreator (64bit = false),  32-bit lib: /system/app/webview/webview.apk!/lib/armeabi-v7a/libwebviewchromium.so, 64-bit lib: /system/app/webview/webview.apk!/lib/arm64-v8a/libwebviewchromium.so
12-04 08:20:59.450  3600  3600 V SystemUIService: Starting SystemUI services.
12-04 08:20:59.453  3360  3374 W System  : ClassLoader referenced unknown path: /system/framework/ConnectivityExt.jar
12-04 08:20:59.456  2933  2933 E Fence   : merge: sync_merge("FramebufferSurface:2", 1017, 1023) returned an error: Too many open files (-24)
12-04 08:20:59.474  3360  3374 W ConnectivityExtension: Connectivity extension is not available
12-04 08:20:59.490  2933  2933 W display : release fence dup failed: Too many open files
12-04 08:20:59.588  2933  2933 E Fence   : merge: sync_merge("FramebufferSurface:3", 992, 1021) returned an error: Too many open files (-24)
12-04 08:20:59.622  2933  2933 W display : release fence dup failed: Too many open files
12-04 08:20:59.655  2933  2933 E Fence   : merge: sync_merge("FramebufferSurface:1", -1, 1022) returned an error: Too many open files (-24)
12-04 08:20:59.686  2933  2933 E Surface : dequeueBuffer: error duping fence: 24
12-04 08:20:59.688  2933  2933 E display : ioctl S3CFB_WIN_CONFIG failed: Too many open files
12-04 08:20:59.688  2933  2933 F display : ioctl S3CFB_WIN_CONFIG failed to clear screen: Too many open files
12-04 08:20:59.693  3629  3629 I art     : System.exit called, status: 0
12-04 08:20:59.693  3629  3629 I AndroidRuntime: VM exiting with result code 0, cleanup skipped.
12-04 08:20:59.695  3634  3634 I art     : System.exit called, status: 0
12-04 08:20:59.695  3634  3634 I AndroidRuntime: VM exiting with result code 0, cleanup skipped.
12-04 08:20:59.703  3050  3264 D         : NULL == surf->write_back_color_buffer
12-04 08:20:59.703  3050  3264 W         : GLES-MALI OOM error: failed to allocate CPU memory (gles_fb_first_drawcall_cb at hardware/samsung_slsi/MaliT880_r12p0_JF/product/gles/src/fb/mali_gles_fb_module_api.c:1281)
12-04 08:20:59.703  3050  3264 D         : NULL == surf->write_back_color_buffer
12-04 08:20:59.734  3050  3264 D         : NULL == surf->write_back_color_buffer
12-04 08:20:59.756  2932  2932 I ServiceManager: service 'SurfaceFlinger' died
12-04 08:20:59.756  3360  3589 W SurfaceComposerClient: ComposerService remote (surfaceflinger) died [0x7f9502d320]
12-04 08:20:59.756  3050  3050 W SurfaceComposerClient: ComposerService remote (surfaceflinger) died [0x7fa9323320]
12-04 08:20:59.756  3050  3050 D BootAnimation: SurfaceFlinger died, exiting...
12-04 08:20:59.805  3360  3360 E DisplayEventReceiver: Display event receiver pipe was closed or an error occurred.  events=0x9
12-04 08:20:59.822  3761  3761 I SurfaceFlinger: SurfaceFlinger is starting
12-04 08:20:59.822  3761  3761 I SurfaceFlinger: SurfaceFlinger's main thread ready to run. Initializing graphics H/W...
12-04 08:20:59.841  3761  3761 D libEGL  : loaded /vendor/lib64/egl/libGLES_mali.so
12-04 08:20:59.865  3761  3761 I gralloc : using (id=)
12-04 08:20:59.865  3761  3761 I gralloc : xres         = 1440 px
12-04 08:20:59.865  3761  3761 I gralloc : yres         = 2560 px
12-04 08:20:59.865  3761  3761 I gralloc : width        = 68 mm (537.882324 dpi)
12-04 08:20:59.865  3761  3761 I gralloc : height       = 122 mm (532.983582 dpi)
12-04 08:20:59.865  3761  3761 I gralloc : refresh rate = 59.31 Hz
12-04 08:20:59.882  3761  3761 D hwcomposer: using
12-04 08:20:59.882  3761  3761 D hwcomposer: xres         = 1440 px
12-04 08:20:59.882  3761  3761 D hwcomposer: yres         = 2560 px
12-04 08:20:59.882  3761  3761 D hwcomposer: width        = 68 mm (537.882000 dpi)
12-04 08:20:59.882  3761  3761 D hwcomposer: height       = 122 mm (532.983000 dpi)
12-04 08:20:59.882  3761  3761 D hwcomposer: refresh rate = 59 Hz
12-04 08:20:59.882  3761  3761 I hwcomposer: PSR info devname = /sys/devices/13960000.decon_f/psr_info
12-04 08:20:59.882  3761  3761 I hwcomposer: PSR mode is 6(0: video mode, 1: DP PSR mode, 2: MIPI-DSI command mode)
12-04 08:20:59.882  3761  3761 I SurfaceFlinger: Using composer version 1.3
12-04 08:20:59.882  3761  3761 E display : unknown display attribute 6
12-04 08:20:59.882  3761  3761 I SurfaceFlinger: EGL information:
12-04 08:20:59.882  3761  3761 I SurfaceFlinger: vendor    : Android
12-04 08:20:59.882  3761  3761 I SurfaceFlinger: version   : 1.4 Android META-EGL
12-04 08:20:59.882  3761  3761 I SurfaceFlinger: extensions: EGL_KHR_get_all_proc_addresses EGL_ANDROID_presentation_time EGL_KHR_swap_buffers_with_damage EGL_KHR_image EGL_KHR_image_base EGL_KHR_gl_texture_2D_image EGL_KHR_gl_texture_cubemap_image EGL_KHR_gl_renderbuffer_image EGL_KHR_fence_sync EGL_KHR_create_context EGL_KHR_config_attribs EGL_KHR_surfaceless_context EGL_EXT_create_context_robustness EGL_ANDROID_image_native_buffer EGL_KHR_wait_sync EGL_ANDROID_recordable EGL_KHR_partial_update 
12-04 08:20:59.882  3761  3761 I SurfaceFlinger: Client API: OpenGL_ES
12-04 08:20:59.882  3761  3761 I SurfaceFlinger: EGLSurface: 8-8-8-8, config=0x7f9c850138
12-04 08:20:59.886  3761  3761 I SurfaceFlinger: OpenGL ES informations:
12-04 08:20:59.886  3761  3761 I SurfaceFlinger: vendor    : ARM
12-04 08:20:59.886  3761  3761 I SurfaceFlinger: renderer  : Mali-T880
12-04 08:20:59.886  3761  3761 I SurfaceFlinger: version   : OpenGL ES 3.2 v1.r12p1-00dev0.60546d7cd0bfd82d0ba92ca3bb825c75
12-04 08:20:59.886  3761  3761 I SurfaceFlinger: extensions: GL_EXT_debug_marker GL_ARM_rgba8 GL_ARM_mali_shader_binary GL_OES_depth24 GL_OES_depth_texture GL_OES_depth_texture_cube_map GL_OES_packed_depth_stencil GL_OES_rgb8_rgba8 GL_EXT_read_format_bgra GL_OES_compressed_paletted_texture GL_OES_compressed_ETC1_RGB8_texture GL_OES_standard_derivatives GL_OES_EGL_image GL_OES_EGL_image_external GL_OES_EGL_image_external_essl3 GL_OES_EGL_sync GL_OES_texture_npot GL_OES_vertex_half_float GL_OES_required_internalformat GL_OES_vertex_array_object GL_OES_mapbuffer GL_EXT_texture_format_BGRA8888 GL_EXT_texture_rg GL_EXT_texture_type_2_10_10_10_REV GL_OES_fbo_render_mipmap GL_OES_element_index_uint GL_EXT_shadow_samplers GL_OES_texture_compression_astc GL_KHR_texture_compression_astc_ldr GL_KHR_texture_compression_astc_hdr GL_KHR_texture_compression_astc_sliced_3d GL_KHR_debug GL_EXT_occlusion_query_boolean GL_EXT_disjoint_timer_query GL_EXT_blend_minmax GL_EXT_discard_framebuffer GL_OES_get_program_binary GL_OES_texture_3D GL_EXT_texture_storage GL_EXT_multisamp
12-04 08:20:59.886  3761  3761 I SurfaceFlinger: GL_MAX_TEXTURE_SIZE = 16384
12-04 08:21:00.179  3331  3331 W auditd  : type=1325 audit(0.0:202): table=filter family=2 entries=74
12-04 08:21:00.179  3331  3331 W auditd  : type=1320 audit(0.0:202): 
12-04 08:21:00.189  3331  3331 W auditd  : type=1325 audit(0.0:203): table=filter family=10 entries=77
12-04 08:21:00.189  3331  3331 W auditd  : type=1320 audit(0.0:203): 
12-04 08:21:00.189  3331  3331 W auditd  : type=1325 audit(0.0:204): table=filter family=2 entries=73
12-04 08:21:00.189  3331  3331 W auditd  : type=1320 audit(0.0:204): 
12-04 08:21:00.189  3331  3331 W auditd  : type=1325 audit(0.0:205): table=filter family=10 entries=76
12-04 08:20:59.886  3761  3761 I SurfaceFlinger: GL_MAX_VIEWPORT_DIMS = 16384
12-04 08:20:59.887  3761  3761 D mali_winsys: EGLint new_window_surface(egl_winsys_display*, void*, EGLSurface, EGLConfig, egl_winsys_surface**, egl_color_buffer_format*, EGLBoolean) returns 0x3000,  [1440x2560]-format:1
12-04 08:20:59.889  3761  3761 D SurfaceFlinger: Set power mode=2, type=0 flinger=0x7f9cd03c00
12-04 08:20:59.952  2932  2932 I ServiceManager: service 'media.radio' died
12-04 08:20:59.952  2932  2932 I ServiceManager: service 'media.sound_trigger_hw' died
12-04 08:20:59.952  2932  2932 I ServiceManager: service 'media.audio_flinger' died
12-04 08:20:59.952  2932  2932 I ServiceManager: service 'media.player' died
12-04 08:20:59.952  2932  2932 I ServiceManager: service 'media.resource_manager' died
12-04 08:20:59.952  2932  2932 I ServiceManager: service 'media.camera' died
12-04 08:20:59.952  2932  2932 I ServiceManager: service 'media.audio_policy' died
12-04 08:21:00.059  3786  3786 V MediaUtils: physMem: 3748511744
12-04 08:21:00.189  3331  3331 W auditd  : type=1320 audit(0.0:205): 
12-04 08:21:00.059  3786  3786 V MediaUtils: requested limit: 2436532605
12-04 08:21:00.059  3786  3786 V MediaUtils: actual limit: 2436532605
12-04 08:21:00.059  3786  3786 V MediaUtils: original limits: 4294967295/4294967295
12-04 08:21:00.059  3786  3786 V MediaUtils: new limits: 2436532605/4294967295
12-04 08:21:00.060  3786  3786 I mediaserver: ServiceManager: 0xf644e120
12-04 08:21:00.060  3786  3786 I AudioFlinger: Using default 3000 mSec as standby time.
12-04 08:21:00.182  3787  3787 I Netd    : Netd 1.0 starting
12-04 08:21:00.199  3331  3331 W auditd  : type=1325 audit(0.0:206): table=filter family=2 entries=71
12-04 08:21:00.199  3331  3331 W auditd  : type=1320 audit(0.0:206): 
12-04 08:21:00.199  3331  3331 W auditd  : type=1325 audit(0.0:207): table=filter family=10 entries=74
12-04 08:21:00.182  3787  3787 D TetherController: Setting IP forward enable = 0
12-04 08:21:00.419  3761  3761 D SurfaceFlinger: SF. shader cache generated - 26 shaders in 484.298492 ms
12-04 08:21:00.520  3783  3860 D libEGL  : loaded /vendor/lib64/egl/libGLES_mali.so
12-04 08:21:00.542  3783  3860 D mali_winsys: EGLint new_window_surface(egl_winsys_display*, void*, EGLSurface, EGLConfig, egl_winsys_surface**, egl_color_buffer_format*, EGLBoolean) returns 0x3000,  [1440x2560]-format:2
12-04 08:21:00.549  3783  3860 E BootAnimation: couldn't find audio_conf.txt
12-04 08:21:00.199  3331  3331 W auditd  : type=1320 audit(0.0:207): 
12-04 08:21:00.209  3331  3331 W auditd  : type=1325 audit(0.0:208): table=filter family=2 entries=69
12-04 08:21:00.209  3331  3331 W auditd  : type=1320 audit(0.0:208): 
12-04 08:21:00.209  3331  3331 W auditd  : type=1325 audit(0.0:209): table=filter family=10 entries=72
12-04 08:21:00.209  3331  3331 W auditd  : type=1320 audit(0.0:209): 
12-04 08:21:00.219  3331  3331 W auditd  : type=1325 audit(0.0:210): table=filter family=2 entries=71
12-04 08:21:00.219  3331  3331 W auditd  : type=1320 audit(0.0:210): 
12-04 08:21:00.219  3331  3331 W auditd  : type=1325 audit(0.0:211): table=filter family=10 entries=74
12-04 08:21:00.219  3331  3331 W auditd  : type=1320 audit(0.0:211): 
12-04 08:21:00.949  3787  3787 V NatController: runCmd(/system/bin/iptables -w -F natctrl_FORWARD) res=0
12-04 08:21:00.954  3787  3787 V NatController: runCmd(/system/bin/iptables -w -A natctrl_FORWARD -j DROP) res=0
12-04 08:21:00.958  3787  3787 V NatController: runCmd(/system/bin/iptables -w -t nat -F natctrl_nat_POSTROUTING) res=0
12-04 08:21:00.962  3787  3787 V NatController: runCmd(/system/bin/iptables -w -F natctrl_tether_counters) res=0
12-04 08:21:00.966  3787  3787 V NatController: runCmd(/system/bin/iptables -w -X natctrl_tether_counters) res=0
12-04 08:21:00.970  3787  3787 V NatController: runCmd(/system/bin/iptables -w -N natctrl_tether_counters) res=0
12-04 08:21:00.974  3787  3787 V NatController: runCmd(/system/bin/iptables -w -t mangle -A natctrl_mangle_FORWARD -p tcp --tcp-flags SYN SYN -j TCPMSS --clamp-mss-to-pmtu) res=0
12-04 08:21:01.189  3331  3331 W auditd  : type=1325 audit(0.0:434): table=filter family=2 entries=71
12-04 08:21:01.189  3331  3331 W auditd  : type=1320 audit(0.0:434): 
12-04 08:21:01.189  3331  3331 W auditd  : type=1325 audit(0.0:435): table=filter family=10 entries=74
12-04 08:21:01.189  3331  3331 W auditd  : type=1320 audit(0.0:435): 
12-04 08:21:01.199  3331  3331 W auditd  : type=1325 audit(0.0:436): table=raw family=2 entries=9
12-04 08:21:01.199  3331  3331 W auditd  : type=1320 audit(0.0:436): 
12-04 08:21:01.199  3331  3331 W auditd  : type=1325 audit(0.0:437): table=raw family=10 entries=9
12-04 08:21:01.199  3331  3331 W auditd  : type=1320 audit(0.0:437): 
12-04 08:21:01.199  3331  3331 W auditd  : type=1325 audit(0.0:438): table=mangle family=2 entries=16
12-04 08:21:01.225  3787  3787 E Netd    : cannot find interface dummy0
12-04 08:21:01.226  3787  3787 D MDnsDS  : MDnsSdListener::Hander starting up
12-04 08:21:01.226  3787  4056 D MDnsDS  : MDnsSdListener starting to monitor
12-04 08:21:01.226  3787  4056 D MDnsDS  : Going to poll with pollCount 1
12-04 08:21:01.199  3331  3331 W auditd  : type=1320 audit(0.0:438): 
12-04 08:21:01.209  3331  3331 W auditd  : type=1325 audit(0.0:439): table=mangle family=10 entries=12
12-04 08:21:01.209  3331  3331 W auditd  : type=1320 audit(0.0:439): 
12-04 08:21:01.334  3785  3785 D AndroidRuntime: >>>>>> START com.android.internal.os.ZygoteInit uid 0 <<<<<<
12-04 08:21:01.339  3785  3785 D AndroidRuntime: CheckJNI is ON
12-04 08:21:01.350  3785  3785 I art     : option[0]=-Xzygote
12-04 08:21:01.350  3785  3785 I art     : option[1]=-Xcheck:jni
12-04 08:21:01.350  3785  3785 I art     : option[2]=-Xstacktracefile:/data/anr/traces.txt
12-04 08:21:01.350  3785  3785 I art     : option[3]=exit
12-04 08:21:01.350  3785  3785 I art     : option[4]=vfprintf
12-04 08:21:01.350  3785  3785 I art     : option[5]=sensitiveThread
12-04 08:21:01.350  3785  3785 I art     : option[6]=-verbose:gc
12-04 08:21:01.350  3785  3785 I art     : option[7]=-Xms8m
12-04 08:21:01.350  3785  3785 I art     : option[8]=-Xmx512m
12-04 08:21:01.350  3785  3785 I art     : option[9]=-XX:HeapGrowthLimit=256m
12-04 08:21:01.350  3785  3785 I art     : option[10]=-XX:HeapMinFree=2m
12-04 08:21:01.350  3785  3785 I art     : option[11]=-XX:HeapMaxFree=8m
12-04 08:21:01.350  3785  3785 I art     : option[12]=-XX:HeapTargetUtilization=0.75
12-04 08:21:01.350  3785  3785 I art     : option[13]=-Xusejit:true
12-04 08:21:01.350  3785  3785 I art     : option[14]=-agentlib:jdwp=transport=dt_android_adb,suspend=n,server=y
12-04 08:21:01.350  3785  3785 I art     : option[15]=-Xlockprofthreshold:500
12-04 08:21:01.350  3785  3785 I art     : option[16]=-Ximage-compiler-option
12-04 08:21:01.350  3785  3785 I art     : option[17]=--runtime-arg
12-04 08:21:01.350  3785  3785 I art     : option[18]=-Ximage-compiler-option
12-04 08:21:01.350  3785  3785 I art     : option[19]=-Xms64m
12-04 08:21:01.350  3785  3785 I art     : option[20]=-Ximage-compiler-option
12-04 08:21:01.350  3785  3785 I art     : option[21]=--runtime-arg
12-04 08:21:01.350  3785  3785 I art     : option[22]=-Ximage-compiler-option
12-04 08:21:01.350  3785  3785 I art     : option[23]=-Xmx64m
12-04 08:21:01.350  3785  3785 I art     : option[24]=-Ximage-compiler-option
12-04 08:21:01.350  3785  3785 I art     : option[25]=--compiler-filter=speed
12-04 08:21:01.350  3785  3785 I art     : option[26]=-Ximage-compiler-option
12-04 08:21:01.350  3785  3785 I art     : option[27]=--image-classes=/system/etc/preloaded-classes
12-04 08:21:01.350  3785  3785 I art     : option[28]=-Xcompiler-option
12-04 08:21:01.350  3785  3785 I art     : option[29]=--runtime-arg
12-04 08:21:01.350  3785  3785 I art     : option[30]=-Xcompiler-option
12-04 08:21:01.350  3785  3785 I art     : option[31]=-Xms64m
12-04 08:21:01.350  3785  3785 I art     : option[32]=-Xcompiler-option
12-04 08:21:01.350  3785  3785 I art     : option[33]=--runtime-arg
12-04 08:21:01.350  3785  3785 I art     : option[34]=-Xcompiler-option
12-04 08:21:01.350  3785  3785 I art     : option[35]=-Xmx512m
12-04 08:21:01.350  3785  3785 I art     : option[36]=-Xcompiler-option
12-04 08:21:01.350  3785  3785 I art     : option[37]=--compiler-filter=speed
12-04 08:21:01.350  3785  3785 I art     : option[38]=-Ximage-compiler-option
12-04 08:21:01.350  3785  3785 I art     : option[39]=--instruction-set-variant=generic
12-04 08:21:01.350  3785  3785 I art     : option[40]=-Xcompiler-option
12-04 08:21:01.350  3785  3785 I art     : option[41]=--instruction-set-variant=generic
12-04 08:21:01.350  3785  3785 I art     : option[42]=-Ximage-compiler-option
12-04 08:21:01.350  3785  3785 I art     : option[43]=--instruction-set-features=default
12-04 08:21:01.350  3785  3785 I art     : option[44]=-Xcompiler-option
12-04 08:21:01.350  3785  3785 I art     : option[45]=--instruction-set-features=default
12-04 08:21:01.350  3785  3785 I art     : option[46]=-Duser.locale=en-US
12-04 08:21:01.350  3785  3785 I art     : option[47]=--cpu-abilist=arm64-v8a,armeabi
12-04 08:21:01.350  3785  3785 I art     : option[48]=-Xfingerprint:samsung/cm_hero2ltexx/hero2ltexx:6.0.1/MOB31K/2c9a5fb2ba:eng/test-keys
12-04 08:21:01.432  3785  3785 D ICU     : No timezone override file found: /data/misc/zoneinfo/current/icu/icu_tzdata.dat
12-04 08:21:01.532  3785  3785 I Radio-JNI: register_android_hardware_Radio DONE
12-04 08:21:01.538  3785  3785 I SamplingProfilerIntegration: Profiling disabled.
12-04 08:21:01.538  3785  3785 D Zygote  : begin preload
12-04 08:21:01.538  3785  3785 I Zygote  : Preloading classes...
12-04 08:21:01.661  3785  3785 E Minikin : addFont failed to create font /system/fonts/NanumGothic.ttf
12-04 08:21:01.661  3785  3785 E Minikin : addFont failed to create font /system/fonts/DroidSansFallback.ttf
12-04 08:21:01.661  3785  3785 E Minikin : addFont failed to create font /system/fonts/MTLmr3m.ttf
12-04 08:21:01.770  3785  3785 V DngCreator_JNI: DngCreator_nativeClassInit:
12-04 08:21:01.962  3785  3785 I art     : Thread[1,tid=3785,Native,Thread*=0x7fab0bba00,peer=0x12c2d100,"main"] recursive attempt to load library "/system/lib64/libmedia_jni.so"
12-04 08:21:01.963  3785  3785 D MtpDeviceJNI: register_android_mtp_MtpDevice
12-04 08:21:01.963  3785  3785 I art     : Thread[1,tid=3785,Native,Thread*=0x7fab0bba00,peer=0x12c2d100,"main"] recursive attempt to load library "/system/lib64/libmedia_jni.so"
12-04 08:21:01.963  3785  3785 I art     : Thread[1,tid=3785,Native,Thread*=0x7fab0bba00,peer=0x12c2d100,"main"] recursive attempt to load library "/system/lib64/libmedia_jni.so"
12-04 08:21:02.139  3785  3785 W System  : ClassLoader referenced unknown path: /system/framework/tcmclient.jar
12-04 08:21:02.331  3785  3785 I System  : Loaded time zone names for "" in 71ms (66ms in ICU)
12-04 08:21:02.371  3785  3785 I System  : Loaded time zone names for "en_US" in 39ms (37ms in ICU)
12-04 08:21:02.395  3785  3785 I Zygote  : ...preloaded 3831 classes in 857ms.
12-04 08:21:02.395  3785  3785 I art     : VMRuntime.preloadDexCaches starting
12-04 08:21:02.564  3785  3785 I art     : VMRuntime.preloadDexCaches strings total=249480 before=44901 after=44901
12-04 08:21:02.564  3785  3785 I art     : VMRuntime.preloadDexCaches types total=20343 before=6892 after=6923
12-04 08:21:02.564  3785  3785 I art     : VMRuntime.preloadDexCaches fields total=100632 before=36118 after=36550
12-04 08:21:02.564  3785  3785 I art     : VMRuntime.preloadDexCaches methods total=172964 before=71279 after=71806
12-04 08:21:02.564  3785  3785 I art     : VMRuntime.preloadDexCaches finished
12-04 08:21:02.600  4066  4066 D idmap   : error: no read access to /vendor/overlay: No such file or directory
12-04 08:21:02.607  3785  3785 I Zygote  : Preloading resources...
12-04 08:21:02.613  3783  3860 D BootAnimation: Use save memory method, maybe small fps in actual.
12-04 08:21:03.139  3009  3009 E installd: eof
12-04 08:21:03.139  3009  3009 E installd: failed to read size
12-04 08:21:03.139  3009  3009 I installd: closing connection
12-04 08:21:03.139  2932  2932 I ServiceManager: service 'imms' died
12-04 08:21:03.139  3017  3017 D fingerprintd: binder died
12-04 08:21:03.139  3017  3017 V fingerprintd: nativeCloseHal()
12-04 08:21:03.139  3017  3017 E fingerprintd: No valid device
12-04 08:21:03.139  3017  3017 E fingerprintd: Can't close fingerprint device, error: -38
12-04 08:21:03.139  2932  2932 I ServiceManager: service 'cmstatusbar' died
12-04 08:21:03.139  2932  2932 I ServiceManager: service 'profile' died
12-04 08:21:03.139  2932  2932 I ServiceManager: service 'cmpartnerinterface' died
12-04 08:21:03.139  2932  2932 I ServiceManager: service 'cmtelephonymanager' died
12-04 08:21:03.139  2932  2932 I ServiceManager: service 'cmhardware' died
12-04 08:21:03.139  2932  2932 I ServiceManager: service 'cmappsuggest' died
12-04 08:21:03.139  2932  2932 I ServiceManager: service 'cmperformance' died
12-04 08:21:03.139  2932  2932 I ServiceManager: service 'cmlivelockscreen' died
12-04 08:21:03.139  2932  2932 I ServiceManager: service 'cmiconcache' died
12-04 08:21:03.139  2932  2932 I ServiceManager: service 'cmthemes' died
12-04 08:21:03.139  2932  2932 I ServiceManager: service 'cmweather' died
12-04 08:21:03.139  2932  2932 I ServiceManager: service 'cmlivedisplay' died
12-04 08:21:03.139  2932  2932 I ServiceManager: service 'user' died
12-04 08:21:03.139  2932  2932 I ServiceManager: service 'activity' died
12-04 08:21:03.139  2932  2932 I ServiceManager: service 'procstats' died
12-04 08:21:03.139  2932  2932 I ServiceManager: service 'meminfo' died
12-04 08:21:03.139  2932  2932 I ServiceManager: service 'gfxinfo' died
12-04 08:21:03.139  2932  2932 I ServiceManager: service 'dbinfo' died
12-04 08:21:03.139  2932  2932 I ServiceManager: service 'cpuinfo' died
12-04 08:21:03.139  2932  2932 I ServiceManager: service 'permission' died
12-04 08:21:03.139  2932  2932 I ServiceManager: service 'processinfo' died
12-04 08:21:03.139  2932  2932 I ServiceManager: service 'batterymanager' died
12-04 08:21:03.139  2932  2932 I ServiceManager: service 'usagestats' died
12-04 08:21:03.139  2932  2932 I ServiceManager: service 'webviewupdate' died
12-04 08:21:03.139  2932  2932 I ServiceManager: service 'scheduling_policy' died
12-04 08:21:03.139  2932  2932 I ServiceManager: service 'telephony.registry' died
12-04 08:21:03.139  2932  2932 I ServiceManager: service 'media.camera.proxy' died
12-04 08:21:03.139  2932  2932 I ServiceManager: service 'account' died
12-04 08:21:03.139  2932  2932 I ServiceManager: service 'content' died
12-04 08:21:03.139  2932  2932 I ServiceManager: service 'telecom' died
12-04 08:21:03.139  2932  2932 I ServiceManager: service 'package' died
12-04 08:21:03.139  2932  2932 I ServiceManager: service 'vibrator' died
12-04 08:21:03.139  2932  2932 I ServiceManager: service 'consumer_ir' died
12-04 08:21:03.139  2932  2932 I ServiceManager: service 'alarm' died
12-04 08:21:03.139  2932  2932 I ServiceManager: service 'window' died
12-04 08:21:03.139  2932  2932 I ServiceManager: service 'input' died
12-04 08:21:03.139  2932  2932 I ServiceManager: service 'input_method' died
12-04 08:21:03.139  2932  2932 I ServiceManager: service 'bluetooth_manager' died
12-04 08:21:03.139  2932  2932 I ServiceManager: service 'accessibility' died
12-04 08:21:03.139  2932  2932 I ServiceManager: service 'mount' died
12-04 08:21:03.139  2932  2932 I ServiceManager: service 'uimode' died
12-04 08:21:03.139  2932  2932 I ServiceManager: service 'lock_settings' died
12-04 08:21:03.139  2932  2932 I ServiceManager: service 'deviceidle' died
12-04 08:21:03.139  2932  2932 I ServiceManager: service 'device_policy' died
12-04 08:21:03.139  2932  2932 I ServiceManager: service 'statusbar' died
12-04 08:21:03.139  2932  2932 I ServiceManager: service 'clipboard' died
12-04 08:21:03.139  2932  2932 I ServiceManager: service 'network_management' died
12-04 08:21:03.139  2932  2932 I ServiceManager: service 'textservices' died
12-04 08:21:03.139  2932  2932 I ServiceManager: service 'network_score' died
12-04 08:21:03.139  2932  2932 I ServiceManager: service 'netstats' died
12-04 08:21:03.139  2932  2932 I ServiceManager: service 'netpolicy' died
12-04 08:21:03.139  2932  2932 I ServiceManager: service 'wifip2p' died
12-04 08:21:03.139  2932  2932 I ServiceManager: service 'wifi' died
12-04 08:21:03.139  2932  2932 I ServiceManager: service 'wifiscanner' died
12-04 08:21:03.139  2932  2932 I ServiceManager: service 'rttmanager' died
12-04 08:21:03.140  2932  2932 I ServiceManager: service 'ethernet' died
12-04 08:21:03.140  2932  2932 I ServiceManager: service 'connectivity' died
12-04 08:21:03.140  2932  2932 I ServiceManager: service 'servicediscovery' died
12-04 08:21:03.140  2932  2932 I ServiceManager: service 'updatelock' died
12-04 08:21:03.140  2932  2932 I ServiceManager: service 'notification' died
12-04 08:21:03.140  2932  2932 I ServiceManager: service 'devicestoragemonitor' died
12-04 08:21:03.140  2932  2932 I ServiceManager: service 'location' died
12-04 08:21:03.140  2932  2932 I ServiceManager: service 'country_detector' died
12-04 08:21:03.140  2932  2932 I ServiceManager: service 'search' died
12-04 08:21:03.140  2932  2932 I ServiceManager: service 'dropbox' died
12-04 08:21:03.140  2932  2932 I ServiceManager: service 'wallpaper' died
12-04 08:21:03.140  2932  2932 I ServiceManager: service 'audio' died
12-04 08:21:03.140  2932  2932 I ServiceManager: service 'DockObserver' died
12-04 08:21:03.140  2932  2932 I ServiceManager: service 'sensorservice' died
12-04 08:21:03.140  2932  2932 I ServiceManager: service 'usb' died
12-04 08:21:03.140  2932  2932 I ServiceManager: service 'serial' died
12-04 08:21:03.140  2932  2932 I ServiceManager: service 'jobscheduler' died
12-04 08:21:03.140  2932  2932 I ServiceManager: service 'backup' died
12-04 08:21:03.140  2932  2932 I ServiceManager: service 'appwidget' died
12-04 08:21:03.140  2932  2932 I ServiceManager: service 'voiceinteraction' died
12-04 08:21:03.140  2932  2932 I ServiceManager: service 'diskstats' died
12-04 08:21:03.140  2932  2932 I ServiceManager: service 'samplingprofiler' died
12-04 08:21:03.140  2932  2932 I ServiceManager: service 'commontime_management' died
12-04 08:21:03.140  2932  2932 I ServiceManager: service 'dreams' died
12-04 08:21:03.140  2932  2932 I ServiceManager: service 'assetatlas' died
12-04 08:21:03.140  2932  2932 I ServiceManager: service 'graphicsstats' died
12-04 08:21:03.140  2932  2932 I ServiceManager: service 'print' died
12-04 08:21:03.140  2932  2932 I ServiceManager: service 'restrictions' died
12-04 08:21:03.140  2932  2932 I ServiceManager: service 'media_session' died
12-04 08:21:03.140  2932  2932 I ServiceManager: service 'media_router' died
12-04 08:21:03.140  2932  2932 I ServiceManager: service 'trust' died
12-04 08:21:03.140  2932  2932 I ServiceManager: service 'fingerprint' died
12-04 08:21:03.140  2932  2932 I ServiceManager: service 'launcherapps' died
12-04 08:21:03.140  2932  2932 I ServiceManager: service 'media_projection' died
12-04 08:21:03.140  2932  2932 I ServiceManager: service 'batterystats' died
12-04 08:21:03.140  2932  2932 I ServiceManager: service 'appops' died
12-04 08:21:03.140  2932  2932 I ServiceManager: service 'power' died
12-04 08:21:03.140  2932  2932 I ServiceManager: service 'display' died
12-04 08:21:03.140  3786  3786 I CameraService: CameraService started (pid=3786)
12-04 08:21:03.140  3786  3786 I CameraService: CameraService process starting
12-04 08:21:03.140  3786  3786 E CameraService: Could not load camera HAL module: -2 (No such file or directory)
12-04 08:21:03.140  3786  3786 I AudioPolicyService: AudioPolicyService CSTOR in new mode
12-04 08:21:03.141  3786  3786 I APM::ConfigParsingUtils: loadAudioPolicyConfig() loaded /system/etc/audio_policy.conf
12-04 08:21:03.241  2931  2931 I lowmemorykiller: ActivityManager disconnected
12-04 08:21:03.241  2931  2931 I lowmemorykiller: Closing Activity Manager data connection
12-04 08:21:03.671  3786  3786 E audio_route: Failed to open /system/etc/mixer_paths.xml
12-04 08:21:03.676  3786  3786 V audio_hw_primary: adev_open: Forcing voice config: wide
12-04 08:21:03.676  3786  3786 I AudioFlinger: loadHwModule() Loaded primary audio interface from Samsung audio HW HAL (audio) handle 1
12-04 08:21:03.676  3786  3786 I AudioFlinger: openOutput(), module 1 Device 2, SamplingRate 44100, Format 0x000001, Channels 3, flags 2
12-04 08:21:03.676  3786  3786 I AudioFlinger: AudioStreamOut::open(), mHalFormatIsLinearPcm = 1
12-04 08:21:03.676  3786  3786 I AudioFlinger: HAL output buffer size 256 frames, normal sink buffer size 960 frames
12-04 08:21:03.678  3786  3786 I BufferProvider: found effect "Multichannel Downmix To Stereo" from The Android Open Source Project
12-04 08:21:03.679  3786  3786 E MonoPipe: Failed to fetch local time frequency when constructing a MonoPipe (res = -32).  getNextWriteTimestamp calls will be non-functional
12-04 08:21:03.679  3786  3786 I AudioFlinger: Using module 1 has the primary audio interface
12-04 08:21:03.679  3786  4073 I AudioFlinger: AudioFlinger's thread 0xf4840000 ready to run
12-04 08:21:03.679  3786  4073 V audio_hw_primary: do_out_standby: output standby: 1
12-04 08:21:03.679  3786  4073 V audio_hw_primary: out_set_parameters: key value pairs: routing=2
12-04 08:21:03.679  3786  4073 E AudioFlinger: no wake lock to update!
12-04 08:21:03.680  3786  3786 V audio_hw_primary: adev_open_input_stream: Created resampler converting 48000 -> 16000
12-04 08:21:03.680  3786  3786 V audio_hw_primary: adev_open_input_stream: Requesting input stream with rate: 16000, channels: 0xc
12-04 08:21:03.680  3786  4074 I AudioFlinger: AudioFlinger's thread 0xf44c0000 ready to run
12-04 08:21:03.681  3786  3786 I r_submix: adev_open(name=audio_hw_if)
12-04 08:21:03.681  3786  3786 I r_submix: adev_init_check()
12-04 08:21:03.681  3786  3786 I AudioFlinger: loadHwModule() Loaded r_submix audio interface from Wifi Display audio HAL (audio) handle 4
12-04 08:21:03.681  3786  3786 D r_submix: adev_open_input_stream(addr=0)
12-04 08:21:03.681  3786  3786 D r_submix: submix_audio_device_create_pipe_l(addr=0, idx=9)
12-04 08:21:03.681  3786  3786 D r_submix:   now using address 0 for route 9
12-04 08:21:03.681  3786  4075 I AudioFlinger: AudioFlinger's thread 0xf44c0000 ready to run
12-04 08:21:03.681  3786  3786 D r_submix: adev_close_input_stream()
12-04 08:21:03.681  3786  3786 D r_submix: submix_audio_device_release_pipe_l(idx=9) addr=0
12-04 08:21:03.681  3786  3786 D r_submix: submix_audio_device_destroy_pipe_l(): pipe destroyed
12-04 08:21:03.681  3786  3786 E SoundTriggerHwService: couldn't load sound trigger module sound_trigger.primary (No such file or directory)
12-04 08:21:03.681  3786  3786 I RadioService: RadioService
12-04 08:21:03.681  3786  3786 I RadioService: onFirstRef
12-04 08:21:03.681  3786  3786 E RadioService: couldn't load radio module radio.primary (No such file or directory)
12-04 08:21:03.863  3785  3785 I Zygote  : ...preloaded 342 resources in 1256ms.
12-04 08:21:03.897  3785  3785 I Zygote  : ...preloaded 41 resources in 34ms.
12-04 08:21:03.931  3785  3785 D libEGL  : loaded /vendor/lib64/egl/libGLES_mali.so
12-04 08:21:03.948  3785  3785 I Zygote  : Preloading shared libraries...
12-04 08:21:03.965  3785  3785 D Zygote  : end preload
12-04 08:21:03.965  3785  3785 I art     : Starting a blocking GC Explicit
12-04 08:21:03.980  3785  3785 I art     : Explicit concurrent mark sweep GC freed 975(44KB) AllocSpace objects, 0(0B) LOS objects, 38% free, 25MB/41MB, paused 142us total 14.024ms
12-04 08:21:03.985  3785  3785 I art     : Starting a blocking GC Explicit
12-04 08:21:04.007  3785  3785 I art     : Explicit concurrent mark sweep GC freed 107(3KB) AllocSpace objects, 0(0B) LOS objects, 38% free, 25MB/41MB, paused 134us total 22.017ms
12-04 08:21:04.007  3785  4063 I art     : Starting a blocking GC HeapTrim
12-04 08:21:04.018  3785  3785 I art     : Starting a blocking GC Background
12-04 08:21:04.103  3785  3785 I Zygote  : System server process 4078 has been created
12-04 08:21:04.104  3785  3785 I Zygote  : Accepting command socket connections
12-04 08:21:04.117  4078  4078 I Zygote  : Process: zygote socket opened, supported ABIS: armeabi-v7a,armeabi
12-04 08:21:04.118  4078  4078 I InstallerConnection: connecting...
12-04 08:21:04.119  3009  3009 I installd: new connection
12-04 08:21:04.132  4078  4078 I InstallerConnection: disconnecting...
12-04 08:21:04.132  3009  3009 E installd: eof
12-04 08:21:04.132  3009  3009 E installd: failed to read size
12-04 08:21:04.132  3009  3009 I installd: closing connection
12-04 08:21:04.146  4078  4078 I SystemServer: Entered the Android system server!
12-04 08:21:04.220  4078  4078 I SystemServiceManager: Starting com.android.server.pm.Installer
12-04 08:21:04.230  4078  4078 I Installer: Waiting for installd to be ready.
12-04 08:21:04.230  4078  4078 I InstallerConnection: connecting...
12-04 08:21:04.230  3009  3009 I installd: new connection
12-04 08:21:04.232  4078  4078 I SystemServiceManager: Starting com.android.server.am.ActivityManagerService$Lifecycle
12-04 08:21:04.244  4078  4078 I ActivityManager: choosing minFree values for 64 Bit
12-04 08:21:04.244  4078  4078 I ActivityManager: choosing minFree values for 64 Bit
12-04 08:21:04.244  4078  4078 I ActivityManager: choosing minFree values for 64 Bit
12-04 08:21:04.244  4078  4078 I ActivityManager: choosing minFree values for 64 Bit
12-04 08:21:04.244  4078  4078 I ActivityManager: choosing minFree values for 64 Bit
12-04 08:21:04.244  4078  4078 I ActivityManager: choosing minFree values for 64 Bit
12-04 08:21:04.248  4078  4078 I ActivityManager: Memory class: 256
12-04 08:21:04.250  4078  4092 I ServiceThread: Enabled StrictMode logging for ActivityManager looper.
12-04 08:21:04.252  4078  4093 I ServiceThread: Enabled StrictMode logging for android.ui looper.
12-04 08:21:04.277  4078  4078 D BatteryStatsImpl: Reading daily items from /data/system/batterystats-daily.xml
12-04 08:21:04.283  4078  4078 I AppOps  : No existing app ops /data/system/appops.xml; starting empty
12-04 08:21:04.387  4078  4078 I IntentFirewall: Read new rules (A:0 B:0 S:0)
12-04 08:21:04.403  4078  4097 I ServiceThread: Enabled StrictMode logging for android.display looper.
12-04 08:21:04.411  4078  4078 D AppOps  : AppOpsService published
12-04 08:21:04.411  4078  4078 I SystemServiceManager: Starting com.android.server.power.PowerManagerService
12-04 08:21:04.414  4078  4099 I ServiceThread: Enabled StrictMode logging for PowerManagerService looper.
12-04 08:21:04.416  4078  4078 W libsuspend: Error writing 'on' to /sys/power/state: Invalid argument
12-04 08:21:04.416  4078  4078 I libsuspend: Selected wakeup count
12-04 08:21:04.418  4078  4078 I SystemServiceManager: Starting com.android.server.lights.LightsService
12-04 08:21:04.420  4078  4078 I SystemServiceManager: Starting com.android.server.display.DisplayManagerService
12-04 08:21:04.436  3761  3762 E SurfaceFlinger: getDefaultDisplay: id=2 is not a valid default display id
12-04 08:21:04.438  4078  4097 I DisplayManagerService: Display device added: DisplayDeviceInfo{"Built-in Screen": uniqueId="local:0", 1440 x 2560, modeId 1, defaultModeId 1, supportedModes [{id=1, width=1440, height=2560, fps=59.0}], colorTransformId 1, defaultColorTransformId 1, supportedColorTransforms [{id=1, colorTransform=-22}], density 640, 537.882 x 532.983 dpi, appVsyncOff 0, presDeadline 17949152, touch INTERNAL, rotation 0, type BUILT_IN, state UNKNOWN, FLAG_DEFAULT_DISPLAY, FLAG_ROTATES_WITH_CONTENT, FLAG_SECURE, FLAG_SUPPORTS_PROTECTED_BUFFERS}
12-04 08:21:04.439  3761  3761 D SurfaceFlinger: Set power mode=2, type=0 flinger=0x7f9cd03c00
12-04 08:21:04.439  3761  3761 D SurfaceFlinger: Screen type=0 is already mode=2
12-04 08:21:04.439  4078  4078 I SystemServiceManager: Starting phase 100
12-04 08:21:04.444  4078  4097 I DisplayManagerService: Display device changed state: "Built-in Screen", ON
12-04 08:21:04.444  4078  4078 I SystemServer: Package Manager
12-04 08:21:04.564  4078  4078 D SELinuxMMAC: Using policy file /system/etc/security/mac_permissions.xml
12-04 08:21:04.769  4078  4078 I PackageManager: Need to read from backup stopped packages file
12-04 08:21:04.771  4078  4078 W PackageManager: Cleaning up stopped packages file /data/system/users/0/package-restrictions.xml
12-04 08:21:04.813  4078  4078 E art     : DexFile_getDexOptNeeded file '/system/framework/org.apache.http.legacy.jar' does not exist
12-04 08:21:04.813  4078  4078 W PackageManager: Library not found: /system/framework/org.apache.http.legacy.jar
12-04 08:21:04.813  4078  4078 E art     : DexFile_getDexOptNeeded file '/system/framework/com.android.nfc_extras.jar' does not exist
12-04 08:21:04.813  4078  4078 W PackageManager: Library not found: /system/framework/com.android.nfc_extras.jar
12-04 08:21:04.816  4078  4078 E art     : DexFile_getDexOptNeeded file '/system/framework/org.apache.http.legacy.jar' does not exist
12-04 08:21:04.817  4078  4078 W PackageManager: Library not found: /system/framework/org.apache.http.legacy.jar
12-04 08:21:04.817  4078  4078 E art     : DexFile_getDexOptNeeded file '/system/framework/com.android.nfc_extras.jar' does not exist
12-04 08:21:04.817  4078  4078 W PackageManager: Library not found: /system/framework/com.android.nfc_extras.jar
12-04 08:21:04.883  4078  4078 D PackageManager: No files in app dir /vendor/overlay
12-04 08:21:04.883  4078  4078 D PackageManager: start scanDirLI:/system/framework
12-04 08:21:04.883  4078  4078 D PackageManager: max thread:6
12-04 08:21:04.888  4078  4105 W PackageManager: Failed to parse /system/framework/arm64: Missing base APK in /system/framework/arm64
12-04 08:21:04.900  4078  4107 W PackageManager: Failed to parse /system/framework/oat: Missing base APK in /system/framework/oat
12-04 08:21:04.901  4078  4104 W PackageManager: Failed to parse /system/framework/arm: Missing base APK in /system/framework/arm
12-04 08:21:05.016  4078  4108 W PackageManager: Permission cyanogenmod.permission.WRITE_ALARMS from package cyanogenmod.platform in an unknown group android.permission-group.SYSTEM_CLOCK
12-04 08:21:05.016  4078  4108 W PackageManager: Permission cyanogenmod.permission.MANAGE_ALARMS from package cyanogenmod.platform in an unknown group android.permission-group.SYSTEM_CLOCK
12-04 08:21:05.016  4078  4108 W PackageManager: Permission cyanogenmod.permission.READ_ALARMS from package cyanogenmod.platform in an unknown group android.permission-group.SYSTEM_CLOCK
12-04 08:21:05.392  4078  4106 W PackageManager: Permission android.permission.SET_KEYGUARD_WALLPAPER from package android in an unknown group android.permission-group.WALLPAPER
12-04 08:21:05.403  4078  4106 W PackageManager: Permission android.permission.MODIFY_PROTECTED_SMS_LIST from package android in an unknown group android.permission-group.MESSAGES
12-04 08:21:05.403  4078  4106 W PackageManager: Permission android.permission.RECEIVE_PROTECTED_SMS from package android in an unknown group android.permission-group.MESSAGES
12-04 08:21:05.403  4078  4106 W PackageManager: Permission android.permission.RESET_BATTERY_STATS from package android in an unknown group android.permission-group.SYSTEM_TOOLS
12-04 08:21:05.403  4078  4078 D PackageManager: end scanDirLI:/system/framework
12-04 08:21:05.404  4078  4078 D PackageManager: start scanDirLI:/system/priv-app
12-04 08:21:05.404  4078  4078 D PackageManager: max thread:6
12-04 08:21:05.679  4078  4106 W PackageParser: No actions in intent filter at /system/priv-app/Contacts/Contacts.apk Binary XML file line #301
12-04 08:21:05.990  4078  4108 W PackageParser: No actions in intent filter at /system/priv-app/Dialer/Dialer.apk Binary XML file line #152
12-04 08:21:06.108  4078  4112 W PackageManager: Permission android.permission.DOWNLOAD_WITHOUT_NOTIFICATION from package com.android.providers.downloads in an unknown group android.permission-group.NETWORK
12-04 08:21:06.282  4078  4088 I art     : Background sticky concurrent mark sweep GC freed 162333(11MB) AllocSpace objects, 119(5MB) LOS objects, 20% free, 32MB/41MB, paused 3.708ms total 568.301ms
12-04 08:21:06.822  4078  4088 W art     : Suspending all threads took: 5.961ms
12-04 08:21:07.102  4078  4088 I art     : Background partial concurrent mark sweep GC freed 72697(4MB) AllocSpace objects, 34(1888KB) LOS objects, 32% free, 32MB/48MB, paused 8.707ms total 740.730ms
12-04 08:21:07.635  4078  4104 W PackageParser: Ignoring duplicate uses-permissions/uses-permissions-sdk-m: android.permission.ACCESS_WIFI_STATE in package: com.android.phone at: Binary XML file line #134
12-04 08:21:08.407  4078  4106 W PackageManager: Permission com.android.launcher.permission.INSTALL_SHORTCUT from package com.cyanogenmod.trebuchet in an unknown group android.permission-group.SYSTEM_TOOLS
12-04 08:21:08.407  4078  4106 W PackageManager: Permission com.android.launcher3.permission.READ_SETTINGS from package com.cyanogenmod.trebuchet in an unknown group android.permission-group.SYSTEM_TOOLS
12-04 08:21:08.407  4078  4106 W PackageManager: Permission com.android.launcher3.permission.WRITE_SETTINGS from package com.cyanogenmod.trebuchet in an unknown group android.permission-group.SYSTEM_TOOLS
12-04 08:21:08.681  4078  4078 D PackageManager: end scanDirLI:/system/priv-app
12-04 08:21:08.682  4078  4078 D PackageManager: start scanDirLI:/system/app
12-04 08:21:08.682  4078  4078 D PackageManager: max thread:6
12-04 08:21:08.746  4078  4105 W PackageParser: No actions in intent filter at /system/app/CMFileManager/CMFileManager.apk Binary XML file line #164
12-04 08:21:08.754  4078  4104 W PackageParser: No actions in intent filter at /system/app/Bluetooth/Bluetooth.apk Binary XML file line #235
12-04 08:21:08.910  4078  4088 I art     : Background sticky concurrent mark sweep GC freed 152197(10MB) AllocSpace objects, 63(2MB) LOS objects, 20% free, 38MB/48MB, paused 2.180ms total 293.521ms
12-04 08:21:09.248  4078  4107 W PackageParser: Unknown element under <application>: permission at /system/app/Gallery2/Gallery2.apk Binary XML file line #279
12-04 08:21:09.248  4078  4107 W PackageParser: Unknown element under <application>: permission at /system/app/Gallery2/Gallery2.apk Binary XML file line #282
12-04 08:21:10.282  4078  4088 I art     : Background sticky concurrent mark sweep GC freed 135425(9MB) AllocSpace objects, 98(3MB) LOS objects, 11% free, 42MB/48MB, paused 2.092ms total 655.566ms
12-04 08:21:10.801  4078  4105 W PackageManager: Failed to parse /system/app/mcRegistry: Missing base APK in /system/app/mcRegistry
12-04 08:21:11.315  4078  4088 I art     : Background sticky concurrent mark sweep GC freed 82733(6MB) AllocSpace objects, 34(1416KB) LOS objects, 11% free, 43MB/48MB, paused 2.518ms total 292.152ms
12-04 08:21:11.593  4078  4078 D PackageManager: end scanDirLI:/system/app
12-04 08:21:11.593  4078  4078 D PackageManager: No files in app dir /system/vendor/app
12-04 08:21:11.593  4078  4078 D PackageManager: No files in app dir /oem/app
12-04 08:21:11.593  4078  4078 D PackageManager: No files in app dir /vendor/bundled-app
12-04 08:21:11.595  4078  4078 D PackageManager: No files in app dir /data/app
12-04 08:21:11.595  4078  4078 D PackageManager: No files in app dir /data/app-private
12-04 08:21:11.595  4078  4078 W PackageManager: Package com.android.dialer desires unavailable shared library com.qualcomm.qti.smartsearch; ignoring!
