12-06 01:30:22.109  3005  3005 W auditd  : type=1325 audit(0.0:207): table=filter family=2 entries=75
12-06 01:30:22.109  3005  3005 W auditd  : type=1320 audit(0.0:207): 
12-06 01:30:22.119  3005  3005 W auditd  : type=1325 audit(0.0:208): table=filter family=10 entries=78
12-06 01:30:22.119  3005  3005 W auditd  : type=1320 audit(0.0:208): 
12-06 01:30:22.220  4671  4688 V AlarmClock: AlarmInitReceiver finished
12-06 01:30:22.223  4227  4227 D EmailBroadcastReceiver: Received android.intent.action.BOOT_COMPLETED
12-06 01:30:22.234  3341  3530 I ActivityManager: Start proc 4710:com.android.gallery3d/u0a52 for broadcast com.android.gallery3d/com.android.camera.DisableCameraReceiver
12-06 01:30:22.235  4227  4709 I Email   : Onetime initialization: 1
12-06 01:30:22.236  4227  4709 I Email   : Onetime initialization: 2
12-06 01:30:22.237  4227  4709 I Email   : Onetime initialization: completed.
12-06 01:30:22.247  4180  4180 I Exchange: EasService.onCreate
12-06 01:30:22.248  4180  4723 I Exchange: RestartPingTask
12-06 01:30:22.257  4180  4180 I Exchange: RestartPingsTask did not start any pings.
12-06 01:30:22.257  4180  4180 I Exchange: PSS stopIfIdle
12-06 01:30:22.257  4180  4180 I Exchange: PSS has no active accounts; stopping service.
12-06 01:30:22.258  4180  4180 I Exchange: onDestroy
12-06 01:30:22.339  4124  4633 W MediaScanner: forcing rescan of /system/media/audio/notifications/Argon.oggsince ringtone setting didn't finish
12-06 01:30:22.349  4124  4633 W MediaProvider: Missing volume for /system/media/audio/notifications; assuming invalid
12-06 01:30:22.395  4124  4633 W MediaProvider: Missing volume for /system/media/audio/alarms/Krypton.ogg; assuming invalid
12-06 01:30:22.397  4124  4633 W MediaProvider: Missing volume for /system/media/audio/alarms/Neon.ogg; assuming invalid
12-06 01:30:22.398  4124  4633 W MediaProvider: Missing volume for /system/media/audio/alarms/NuclearLaunch.ogg; assuming invalid
12-06 01:30:22.399  4124  4633 W MediaProvider: Missing volume for /system/media/audio/alarms/Osmium.ogg; assuming invalid
12-06 01:30:22.400  4124  4633 W MediaProvider: Missing volume for /system/media/audio/alarms/Oxygen.ogg; assuming invalid
12-06 01:30:22.401  4124  4633 W MediaProvider: Missing volume for /system/media/audio/alarms/Platinum.ogg; assuming invalid
12-06 01:30:22.403  4124  4633 W MediaProvider: Missing volume for /system/media/audio/alarms/Scandium.ogg; assuming invalid
12-06 01:30:22.405  4124  4633 W MediaProvider: Missing volume for /system/media/audio/notifications/Adara.ogg; assuming invalid
12-06 01:30:22.407  4124  4633 W MediaProvider: Missing volume for /system/media/audio/notifications/Aldebaran.ogg; assuming invalid
12-06 01:30:22.408  4124  4633 W MediaProvider: Missing volume for /system/media/audio/notifications/Altair.ogg; assuming invalid
12-06 01:30:22.410  4124  4633 W MediaProvider: Missing volume for /system/media/audio/notifications/Alya.ogg; assuming invalid
12-06 01:30:22.411  4124  4633 W MediaProvider: Missing volume for /system/media/audio/notifications/Antares.ogg; assuming invalid
12-06 01:30:22.412  4124  4633 W MediaProvider: Missing volume for /system/media/audio/notifications/Antimony.ogg; assuming invalid
12-06 01:30:22.414  4124  4633 W MediaProvider: Missing volume for /system/media/audio/notifications/Arcturus.ogg; assuming invalid
12-06 01:30:22.417  2995  3432 E MetadataRetrieverClient: failed to extract an album art
12-06 01:30:22.445  4124  4633 W MediaProvider: Missing volume for /system/media/audio/notifications/Argon.ogg; assuming invalid
12-06 01:30:22.527  3341  3354 W Searchables: No global search activity found
12-06 01:30:22.528  3341  3401 I InputReader: Reconfiguring input devices.  changes=0x00000010
12-06 01:30:22.528  3341  3401 I InputReader: Reconfiguring input devices.  changes=0x00000010
12-06 01:30:22.529  3341  3401 I InputReader: Reconfiguring input devices.  changes=0x00000010
12-06 01:30:22.530  3341  3401 I InputReader: Reconfiguring input devices.  changes=0x00000010
12-06 01:30:22.532  3341  3354 W Searchables: No global search activity found
12-06 01:30:22.534  3341  3354 W Searchables: No global search activity found
12-06 01:30:22.536  3341  3354 W Searchables: No global search activity found
12-06 01:30:22.608  4710  4710 I G:DisableCameraReceiver: back camera found: 0
12-06 01:30:22.633  3341  3626 W SettingsProvider: You shouldn't keep your settings in the secure settings. This will soon become an error.
12-06 01:30:22.634  3341  3628 W SettingsProvider: You shouldn't keep your settings in the secure settings. This will soon become an error.
12-06 01:30:22.634  3341  3530 W SettingsProvider: You shouldn't keep your settings in the secure settings. This will soon become an error.
12-06 01:30:22.645  3341  3622 I ActivityManager: Start proc 4733:org.cyanogenmod.profiles/u0a56 for broadcast org.cyanogenmod.profiles/.StartUpReceiver
12-06 01:30:22.667  4733  4733 W System  : ClassLoader referenced unknown path: /system/app/Profiles/lib/arm64
12-06 01:30:22.679  3341  3530 I ActivityManager: Start proc 4747:com.cyanogenmod.lockclock/u0a59 for broadcast com.cyanogenmod.lockclock/.ClockWidgetProvider
12-06 01:30:22.725  4747  4747 W System  : ClassLoader referenced unknown path: /system/app/LockClock/lib/arm64
12-06 01:30:22.832  3959  3959 W System  : ClassLoader referenced unknown path: /system/app/Stk/lib/arm64
12-06 01:30:22.838  3917  3917 I SystemBroadcastReceiver: Boot has been completed
12-06 01:30:22.839  3917  3917 I SystemBroadcastReceiver: toggleAppIcon() : FLAG_SYSTEM = true
12-06 01:30:22.851  3341  3530 I ActivityManager: Start proc 4763:com.android.messaging/u0a69 for broadcast com.android.messaging/.receiver.BootAndPackageReplacedReceiver
12-06 01:30:22.868  4763  4763 W System  : ClassLoader referenced unknown path: /system/app/messaging/lib/arm64
12-06 01:30:22.961  4244  4281 E ELEVEN  : calling refresh!
12-06 01:30:23.218  4763  4763 W MessagingApp: PhoneUtils.getForLMR1(): invalid subId = -1
12-06 01:30:23.220  4763  4778 I MessagingApp: Upgrading shared prefs from -1 to 1
12-06 01:30:23.220  4763  4778 W MessagingApp: PhoneUtils.getForLMR1(): invalid subId = -1
12-06 01:30:23.249  4763  4778 W MessagingApp: PhoneUtils.getForLMR1(): invalid subId = -1
12-06 01:30:23.261  4763  4781 W MessagingApp: PhoneUtils.getForLMR1(): invalid subId = -1
12-06 01:30:23.328  4763  4779 W MessagingApp: Rebuilt databases: reseting related state
12-06 01:30:23.376  4763  4782 W MessagingApp: PhoneUtils.getForLMR1(): invalid subId = -1
12-06 01:30:23.377  4763  4780 I MessagingAppDataModel: Fixup: Send failed - 0 Download failed - 0
12-06 01:30:23.379  4763  4780 W MessagingApp: PhoneUtils.getForLMR1(): invalid subId = -1
12-06 01:30:23.380  3959  4357 V BlacklistProvider: Query uri=content://blacklist, match=0
12-06 01:30:23.383  4763  4780 W MessagingApp: PhoneUtils.getForLMR1(): invalid subId = -1
12-06 01:30:23.388  4763  4783 I MessagingAppDataModel: SyncMessagesAction: Starting batch for messages from -1 to 1480987823216 (message update limit = 80, message scan limit = 4000)
12-06 01:30:23.389  4763  4780 W MessagingApp: PhoneUtils.getForLMR1(): invalid subId = -1
12-06 01:30:23.441  4763  4782 W MessagingApp: PhoneUtils.getForLMR1(): invalid subId = -1
12-06 01:30:23.442  4763  4782 W MessagingApp: PhoneUtils.getForLMR1(): invalid subId = -1
12-06 01:30:23.444  4763  4782 W MessagingApp: PhoneUtils.getSelfRawNumber: subInfo is null for -1
12-06 01:30:23.445  4763  4782 W MessagingApp: PhoneUtils.getForLMR1(): invalid subId = -1
12-06 01:30:23.445  4763  4782 W MessagingApp: PhoneUtils.getForLMR1(): invalid subId = -1
12-06 01:30:23.500  4763  4785 I MessagingAppDataModel: SyncMessagesAction: All messages now in sync
12-06 01:30:23.508  4530  4530 D AlertReceiver: onReceive: a=android.intent.action.PROVIDER_CHANGED Intent { act=android.intent.action.PROVIDER_CHANGED dat=content://com.android.calendar flg=0x20000010 cmp=com.android.calendar/.alerts.AlertReceiver }
12-06 01:30:23.510  4530  4787 D AlertService: 0 Action = android.intent.action.PROVIDER_CHANGED
12-06 01:30:23.521  3341  3625 I ActivityManager: Killing 4002:com.android.externalstorage/u0a9 (adj 15): empty #17
12-06 01:30:23.533  3341  3628 D ActivityManager: cleanUpApplicationRecord -- 4002
12-06 01:30:23.535  4604  4604 W ContextImpl: Calling a method in the system process without a qualified user: android.app.ContextImpl.startService:1231 android.content.ContextWrapper.startService:587 android.content.ContextWrapper.startService:587 org.cyanogenmod.providers.datausage.DataUsageAppInstallReceiver.onReceive:47 android.app.ActivityThread.handleReceiver:2759 
12-06 01:30:23.543  4604  4604 W ContextImpl: Calling a method in the system process without a qualified user: android.app.ContextImpl.startService:1231 android.content.ContextWrapper.startService:587 android.content.ContextWrapper.startService:587 org.cyanogenmod.providers.datausage.DataUsageAppInstallReceiver.onReceive:47 android.app.ActivityThread.handleReceiver:2759 
12-06 01:30:23.551  4604  4604 W ContextImpl: Calling a method in the system process without a qualified user: android.app.ContextImpl.startService:1231 android.content.ContextWrapper.startService:587 android.content.ContextWrapper.startService:587 org.cyanogenmod.providers.datausage.DataUsageAppInstallReceiver.onReceive:47 android.app.ActivityThread.handleReceiver:2759 
12-06 01:30:23.557  4604  4604 W ContextImpl: Calling a method in the system process without a qualified user: android.app.ContextImpl.startService:1231 android.content.ContextWrapper.startService:587 android.content.ContextWrapper.startService:587 org.cyanogenmod.providers.datausage.DataUsageAppInstallReceiver.onReceive:47 android.app.ActivityThread.handleReceiver:2759 
12-06 01:30:24.050  4582  4798 I UpdateCheckService: Could not check for updates. Not connected to the network.
12-06 01:30:24.096  3721  3784 I Choreographer: Skipped 245 frames!  The application may be doing too much work on its main thread.
12-06 01:30:25.067  4124  4633 W MediaScanner: forcing rescan of /system/media/audio/ringtones/Orion.oggsince ringtone setting didn't finish
12-06 01:30:25.079  4124  4633 W MediaProvider: Missing volume for /system/media/audio/ringtones; assuming invalid
12-06 01:30:25.085  4124  4633 W MediaProvider: Missing volume for /system/media/audio/notifications/Ariel.ogg; assuming invalid
12-06 01:30:25.086  4124  4633 W MediaProvider: Missing volume for /system/media/audio/notifications/Beat_Box_Android.ogg; assuming invalid
12-06 01:30:25.087  4124  4633 W MediaProvider: Missing volume for /system/media/audio/notifications/Bellatrix.ogg; assuming invalid
12-06 01:30:25.088  4124  4633 W MediaProvider: Missing volume for /system/media/audio/notifications/Beryllium.ogg; assuming invalid
12-06 01:30:25.089  4124  4633 W MediaProvider: Missing volume for /system/media/audio/notifications/Betelgeuse.ogg; assuming invalid
12-06 01:30:25.091  4124  4633 W MediaProvider: Missing volume for /system/media/audio/notifications/CaffeineSnake.ogg; assuming invalid
12-06 01:30:25.092  4124  4633 W MediaProvider: Missing volume for /system/media/audio/notifications/Canopus.ogg; assuming invalid
12-06 01:30:25.093  4124  4633 W MediaProvider: Missing volume for /system/media/audio/notifications/Capella.ogg; assuming invalid
12-06 01:30:25.094  4124  4633 W MediaProvider: Missing volume for /system/media/audio/notifications/Carme.ogg; assuming invalid
12-06 01:30:25.095  4124  4633 W MediaProvider: Missing volume for /system/media/audio/notifications/Castor.ogg; assuming invalid
12-06 01:30:25.096  4124  4633 W MediaProvider: Missing volume for /system/media/audio/notifications/Ceres.ogg; assuming invalid
12-06 01:30:25.097  4124  4633 W MediaProvider: Missing volume for /system/media/audio/notifications/CetiAlpha.ogg; assuming invalid
12-06 01:30:25.098  4124  4633 W MediaProvider: Missing volume for /system/media/audio/notifications/Cobalt.ogg; assuming invalid
12-06 01:30:25.099  4124  4633 W MediaProvider: Missing volume for /system/media/audio/notifications/Cricket.ogg; assuming invalid
12-06 01:30:25.101  4124  4633 W MediaProvider: Missing volume for /system/media/audio/notifications/CyanDoink.ogg; assuming invalid
12-06 01:30:25.101  4124  4633 W MediaProvider: Missing volume for /system/media/audio/notifications/CyanMail.ogg; assuming invalid
12-06 01:30:25.103  4124  4633 W MediaProvider: Missing volume for /system/media/audio/notifications/CyanMessage.ogg; assuming invalid
12-06 01:30:25.103  4124  4633 W MediaProvider: Missing volume for /system/media/audio/notifications/DearDeer.ogg; assuming invalid
12-06 01:30:25.104  4124  4633 W MediaProvider: Missing volume for /system/media/audio/notifications/Deneb.ogg; assuming invalid
12-06 01:30:25.105  4124  4633 W MediaProvider: Missing volume for /system/media/audio/notifications/Doink.ogg; assuming invalid
12-06 01:30:25.105  4124  4633 W MediaProvider: Missing volume for /system/media/audio/notifications/DontPanic.ogg; assuming invalid
12-06 01:30:25.106  4124  4633 W MediaProvider: Missing volume for /system/media/audio/notifications/Drip.ogg; assuming invalid
12-06 01:30:25.107  4124  4633 W MediaProvider: Missing volume for /system/media/audio/notifications/Elara.ogg; assuming invalid
12-06 01:30:25.108  4124  4633 W MediaProvider: Missing volume for /system/media/audio/notifications/Electra.ogg; assuming invalid
12-06 01:30:25.109  4124  4633 W MediaProvider: Missing volume for /system/media/audio/notifications/Europa.ogg; assuming invalid
12-06 01:30:25.110  4124  4633 W MediaProvider: Missing volume for /system/media/audio/notifications/F1_New_SMS.ogg; assuming invalid
12-06 01:30:25.111  4124  4633 W MediaProvider: Missing volume for /system/media/audio/notifications/Fluorine.ogg; assuming invalid
12-06 01:30:25.112  4124  4633 W MediaProvider: Missing volume for /system/media/audio/notifications/Fomalhaut.ogg; assuming invalid
12-06 01:30:25.113  4124  4633 W MediaProvider: Missing volume for /system/media/audio/notifications/Gallium.ogg; assuming invalid
12-06 01:30:25.114  4124  4633 W MediaProvider: Missing volume for /system/media/audio/notifications/Heaven.ogg; assuming invalid
12-06 01:30:25.115  4124  4633 W MediaProvider: Missing volume for /system/media/audio/notifications/Helium.ogg; assuming invalid
12-06 01:30:25.116  4124  4633 W MediaProvider: Missing volume for /system/media/audio/notifications/Highwire.ogg; assuming invalid
12-06 01:30:25.117  4124  4633 W MediaProvider: Missing volume for /system/media/audio/notifications/Hojus.ogg; assuming invalid
12-06 01:30:25.118  4124  4633 W MediaProvider: Missing volume for /system/media/audio/notifications/Iapetus.ogg; assuming invalid
12-06 01:30:25.119  4124  4633 W MediaProvider: Missing volume for /system/media/audio/notifications/Io.ogg; assuming invalid
12-06 01:30:25.120  4124  4633 W MediaProvider: Missing volume for /system/media/audio/notifications/Iridium.ogg; assuming invalid
12-06 01:30:25.121  4124  4633 W MediaProvider: Missing volume for /system/media/audio/notifications/Krypton.ogg; assuming invalid
12-06 01:30:25.122  4124  4633 W MediaProvider: Missing volume for /system/media/audio/notifications/KzurbSonar.ogg; assuming invalid
12-06 01:30:25.123  4124  4633 W MediaProvider: Missing volume for /system/media/audio/notifications/Laser.ogg; assuming invalid
12-06 01:30:25.124  4124  4633 W MediaProvider: Missing volume for /system/media/audio/notifications/Merope.ogg; assuming invalid
12-06 01:30:25.125  4124  4633 W MediaProvider: Missing volume for /system/media/audio/notifications/Mira.ogg; assuming invalid
12-06 01:30:25.126  4124  4633 W MediaProvider: Missing volume for /system/media/audio/notifications/Naughty.ogg; assuming invalid
12-06 01:30:25.127  4124  4633 W MediaProvider: Missing volume for /system/media/audio/notifications/OnTheHunt.ogg; assuming invalid
12-06 01:30:25.128  4124  4633 W MediaProvider: Missing volume for /system/media/audio/notifications/Palladium.ogg; assuming invalid
12-06 01:30:25.129  4124  4633 W MediaProvider: Missing volume for /system/media/audio/notifications/Plastic_Pipe.ogg; assuming invalid
12-06 01:30:25.130  4124  4633 W MediaProvider: Missing volume for /system/media/audio/notifications/Polaris.ogg; assuming invalid
12-06 01:30:25.132  4124  4633 W MediaProvider: Missing volume for /system/media/audio/notifications/Pollux.ogg; assuming invalid
12-06 01:30:25.133  4124  4633 W MediaProvider: Missing volume for /system/media/audio/notifications/Pong.ogg; assuming invalid
12-06 01:30:25.134  4124  4633 W MediaProvider: Missing volume for /system/media/audio/notifications/Procyon.ogg; assuming invalid
12-06 01:30:25.135  4124  4633 W MediaProvider: Missing volume for /system/media/audio/notifications/Proxima.ogg; assuming invalid
12-06 01:30:25.137  4124  4633 W MediaProvider: Missing volume for /system/media/audio/notifications/Radon.ogg; assuming invalid
12-06 01:30:25.138  2995  3944 E MetadataRetrieverClient: failed to extract an album art
12-06 01:30:25.138  4124  4633 W MediaProvider: Missing volume for /system/media/audio/notifications/Rang.ogg; assuming invalid
12-06 01:30:25.139  4124  4633 W MediaProvider: Missing volume for /system/media/audio/notifications/Rhea.ogg; assuming invalid
12-06 01:30:25.140  4124  4633 W MediaProvider: Missing volume for /system/media/audio/notifications/Rubidium.ogg; assuming invalid
12-06 01:30:25.141  4124  4633 W MediaProvider: Missing volume for /system/media/audio/notifications/Salacia.ogg; assuming invalid
12-06 01:30:25.142  4124  4633 W MediaProvider: Missing volume for /system/media/audio/notifications/Selenium.ogg; assuming invalid
12-06 01:30:25.143  4124  4633 W MediaProvider: Missing volume for /system/media/audio/notifications/Shaula.ogg; assuming invalid
12-06 01:30:25.144  4124  4633 W MediaProvider: Missing volume for /system/media/audio/notifications/Sirrah.ogg; assuming invalid
12-06 01:30:25.145  4124  4633 W MediaProvider: Missing volume for /system/media/audio/notifications/Spica.ogg; assuming invalid
12-06 01:30:25.146  4124  4633 W MediaProvider: Missing volume for /system/media/audio/notifications/Stone.ogg; assuming invalid
12-06 01:30:25.148  4124  4633 W MediaProvider: Missing volume for /system/media/audio/notifications/Strontium.ogg; assuming invalid
12-06 01:30:25.149  4124  4633 W MediaProvider: Missing volume for /system/media/audio/notifications/Syrma.ogg; assuming invalid
12-06 01:30:25.150  4124  4633 W MediaProvider: Missing volume for /system/media/audio/notifications/TaDa.ogg; assuming invalid
12-06 01:30:25.151  4124  4633 W MediaProvider: Missing volume for /system/media/audio/notifications/Talitha.ogg; assuming invalid
12-06 01:30:25.152  4124  4633 W MediaProvider: Missing volume for /system/media/audio/notifications/Tethys.ogg; assuming invalid
12-06 01:30:25.153  4124  4633 W MediaProvider: Missing volume for /system/media/audio/notifications/Thallium.ogg; assuming invalid
12-06 01:30:25.154  4124  4633 W MediaProvider: Missing volume for /system/media/audio/notifications/Titan.ogg; assuming invalid
12-06 01:30:25.155  4124  4633 W MediaProvider: Missing volume for /system/media/audio/notifications/Upsilon.ogg; assuming invalid
12-06 01:30:25.156  4124  4633 W MediaProvider: Missing volume for /system/media/audio/notifications/Vega.ogg; assuming invalid
12-06 01:30:25.156  4124  4633 W MediaProvider: Missing volume for /system/media/audio/notifications/Voila.ogg; assuming invalid
12-06 01:30:25.157  4124  4633 W MediaProvider: Missing volume for /system/media/audio/notifications/Xenon.ogg; assuming invalid
12-06 01:30:25.159  4124  4633 W MediaProvider: Missing volume for /system/media/audio/notifications/Zirconium.ogg; assuming invalid
12-06 01:30:25.160  4124  4633 W MediaProvider: Missing volume for /system/media/audio/notifications/moonbeam.ogg; assuming invalid
12-06 01:30:25.161  4124  4633 W MediaProvider: Missing volume for /system/media/audio/notifications/pixiedust.ogg; assuming invalid
12-06 01:30:25.162  4124  4633 W MediaProvider: Missing volume for /system/media/audio/notifications/pizzicato.ogg; assuming invalid
12-06 01:30:25.163  4124  4633 W MediaProvider: Missing volume for /system/media/audio/notifications/regulus.ogg; assuming invalid
12-06 01:30:25.163  4124  4633 W MediaProvider: Missing volume for /system/media/audio/notifications/sirius.ogg; assuming invalid
12-06 01:30:25.164  4124  4633 W MediaProvider: Missing volume for /system/media/audio/notifications/tweeters.ogg; assuming invalid
12-06 01:30:25.166  4124  4633 W MediaProvider: Missing volume for /system/media/audio/ringtones/Andromeda.ogg; assuming invalid
12-06 01:30:25.167  4124  4633 W MediaProvider: Missing volume for /system/media/audio/ringtones/Aquila.ogg; assuming invalid
12-06 01:30:25.168  4124  4633 W MediaProvider: Missing volume for /system/media/audio/ringtones/ArgoNavis.ogg; assuming invalid
12-06 01:30:25.170  4124  4633 W MediaProvider: Missing volume for /system/media/audio/ringtones/Atria.ogg; assuming invalid
12-06 01:30:25.170  4124  4633 W MediaProvider: Missing volume for /system/media/audio/ringtones/BOOTES.ogg; assuming invalid
12-06 01:30:25.171  2995  4157 E MetadataRetrieverClient: failed to extract an album art
12-06 01:30:25.172  4124  4633 W MediaProvider: Missing volume for /system/media/audio/ringtones/Backroad.ogg; assuming invalid
12-06 01:30:25.173  4124  4633 W MediaProvider: Missing volume for /system/media/audio/ringtones/BeatPlucker.ogg; assuming invalid
12-06 01:30:25.174  4124  4633 W MediaProvider: Missing volume for /system/media/audio/ringtones/BentleyDubs.ogg; assuming invalid
12-06 01:30:25.174  4124  4633 W MediaProvider: Missing volume for /system/media/audio/ringtones/Big_Easy.ogg; assuming invalid
12-06 01:30:25.175  4124  4633 W MediaProvider: Missing volume for /system/media/audio/ringtones/BirdLoop.ogg; assuming invalid
12-06 01:30:25.176  4124  4633 W MediaProvider: Missing volume for /system/media/audio/ringtones/Bollywood.ogg; assuming invalid
12-06 01:30:25.177  4124  4633 W MediaProvider: Missing volume for /system/media/audio/ringtones/Boxbeat.ogg; assuming invalid
12-06 01:30:25.178  4124  4633 W MediaProvider: Missing volume for /system/media/audio/ringtones/BussaMove.ogg; assuming invalid
12-06 01:30:25.179  4124  4633 W MediaProvider: Missing volume for /system/media/audio/ringtones/CASSIOPEIA.ogg; assuming invalid
12-06 01:30:25.180  4124  4633 W MediaProvider: Missing volume for /system/media/audio/ringtones/Cairo.ogg; assuming invalid
12-06 01:30:25.181  4124  4633 W MediaProvider: Missing volume for /system/media/audio/ringtones/Callisto.ogg; assuming invalid
12-06 01:30:25.182  4124  4633 W MediaProvider: Missing volume for /system/media/audio/ringtones/Calypso_Steel.ogg; assuming invalid
12-06 01:30:25.183  4124  4633 W MediaProvider: Missing volume for /system/media/audio/ringtones/CanisMajor.ogg; assuming invalid
12-06 01:30:25.184  4124  4633 W MediaProvider: Missing volume for /system/media/audio/ringtones/CaribbeanIce.ogg; assuming invalid
12-06 01:30:25.185  4124  4633 W MediaProvider: Missing volume for /system/media/audio/ringtones/Carina.ogg; assuming invalid
12-06 01:30:25.186  4124  4633 W MediaProvider: Missing volume for /system/media/audio/ringtones/Centaurus.ogg; assuming invalid
12-06 01:30:25.187  4124  4633 W MediaProvider: Missing volume for /system/media/audio/ringtones/Champagne_Edition.ogg; assuming invalid
12-06 01:30:25.187  4124  4633 W MediaProvider: Missing volume for /system/media/audio/ringtones/Club_Cubano.ogg; assuming invalid
12-06 01:30:25.188  4124  4633 W MediaProvider: Missing volume for /system/media/audio/ringtones/CrayonRock.ogg; assuming invalid
12-06 01:30:25.189  4124  4633 W MediaProvider: Missing volume for /system/media/audio/ringtones/CrazyDream.ogg; assuming invalid
12-06 01:30:25.190  4124  4633 W MediaProvider: Missing volume for /system/media/audio/ringtones/CurveBall.ogg; assuming invalid
12-06 01:30:25.191  4124  4633 W MediaProvider: Missing volume for /system/media/audio/ringtones/CyanTone.ogg; assuming invalid
12-06 01:30:25.192  4124  4633 W MediaProvider: Missing volume for /system/media/audio/ringtones/Cygnus.ogg; assuming invalid
12-06 01:30:25.193  4124  4633 W MediaProvider: Missing volume for /system/media/audio/ringtones/DancinFool.ogg; assuming invalid
12-06 01:30:25.194  4124  4633 W MediaProvider: Missing volume for /system/media/audio/ringtones/Dione.ogg; assuming invalid
12-06 01:30:25.195  4124  4633 W MediaProvider: Missing volume for /system/media/audio/ringtones/DonMessWivIt.ogg; assuming invalid
12-06 01:30:25.196  4124  4633 W MediaProvider: Missing volume for /system/media/audio/ringtones/Draco.ogg; assuming invalid
12-06 01:30:25.196  4124  4633 W MediaProvider: Missing volume for /system/media/audio/ringtones/DreamTheme.ogg; assuming invalid
12-06 01:30:25.197  4124  4633 W MediaProvider: Missing volume for /system/media/audio/ringtones/Eastern_Sky.ogg; assuming invalid
12-06 01:30:25.198  4124  4633 W MediaProvider: Missing volume for /system/media/audio/ringtones/Enter_the_Nexus.ogg; assuming invalid
12-06 01:30:25.199  4124  4633 W MediaProvider: Missing volume for /system/media/audio/ringtones/Eridani.ogg; assuming invalid
12-06 01:30:25.199  4124  4633 W MediaProvider: Missing volume for /system/media/audio/ringtones/EtherShake.ogg; assuming invalid
12-06 01:30:25.200  4124  4633 W MediaProvider: Missing volume for /system/media/audio/ringtones/FreeFlight.ogg; assuming invalid
12-06 01:30:25.201  4124  4633 W MediaProvider: Missing volume for /system/media/audio/ringtones/FriendlyGhost.ogg; assuming invalid
12-06 01:30:25.202  4124  4633 W MediaProvider: Missing volume for /system/media/audio/ringtones/Funk_Yall.ogg; assuming invalid
12-06 01:30:25.203  4124  4633 W MediaProvider: Missing volume for /system/media/audio/ringtones/GameOverGuitar.ogg; assuming invalid
12-06 01:30:25.204  4124  4633 W MediaProvider: Missing volume for /system/media/audio/ringtones/Ganymede.ogg; assuming invalid
12-06 01:30:25.205  4124  4633 W MediaProvider: Missing volume for /system/media/audio/ringtones/Gimme_Mo_Town.ogg; assuming invalid
12-06 01:30:25.206  4124  4633 W MediaProvider: Missing volume for /system/media/audio/ringtones/Girtab.ogg; assuming invalid
12-06 01:30:25.206  4124  4633 W MediaProvider: Missing volume for /system/media/audio/ringtones/Glacial_Groove.ogg; assuming invalid
12-06 01:30:25.207  4124  4633 W MediaProvider: Missing volume for /system/media/audio/ringtones/Growl.ogg; assuming invalid
12-06 01:30:25.208  4124  4633 W MediaProvider: Missing volume for /system/media/audio/ringtones/HalfwayHome.ogg; assuming invalid
12-06 01:30:25.209  4124  4633 W MediaProvider: Missing volume for /system/media/audio/ringtones/Highscore.ogg; assuming invalid
12-06 01:30:25.210  4124  4633 W MediaProvider: Missing volume for /system/media/audio/ringtones/Hydra.ogg; assuming invalid
12-06 01:30:25.211  4124  4633 W MediaProvider: Missing volume for /system/media/audio/ringtones/InsertCoin.ogg; assuming invalid
12-06 01:30:25.212  4124  4633 W MediaProvider: Missing volume for /system/media/audio/ringtones/Kuma.ogg; assuming invalid
12-06 01:30:25.213  4124  4633 W MediaProvider: Missing volume for /system/media/audio/ringtones/LoopyLounge.ogg; assuming invalid
12-06 01:30:25.214  4124  4633 W MediaProvider: Missing volume for /system/media/audio/ringtones/LoveFlute.ogg; assuming invalid
12-06 01:30:25.215  4124  4633 W MediaProvider: Missing volume for /system/media/audio/ringtones/Luna.ogg; assuming invalid
12-06 01:30:25.216  4124  4633 W MediaProvider: Missing volume for /system/media/audio/ringtones/Lyon.ogg; assuming invalid
12-06 01:30:25.217  4124  4633 W MediaProvider: Missing volume for /system/media/audio/ringtones/Lyra.ogg; assuming invalid
12-06 01:30:25.218  4124  4633 W MediaProvider: Missing volume for /system/media/audio/ringtones/Machina.ogg; assuming invalid
12-06 01:30:25.218  4124  4633 W MediaProvider: Missing volume for /system/media/audio/ringtones/MidEvilJaunt.ogg; assuming invalid
12-06 01:30:25.219  4124  4633 W MediaProvider: Missing volume for /system/media/audio/ringtones/Nairobi.ogg; assuming invalid
12-06 01:30:25.220  4124  4633 W MediaProvider: Missing volume for /system/media/audio/ringtones/Nassau.ogg; assuming invalid
12-06 01:30:25.221  4124  4633 W MediaProvider: Missing volume for /system/media/audio/ringtones/NewPlayer.ogg; assuming invalid
12-06 01:30:25.221  4124  4633 W MediaProvider: Missing volume for /system/media/audio/ringtones/No_Limits.ogg; assuming invalid
12-06 01:30:25.222  4124  4633 W MediaProvider: Missing volume for /system/media/audio/ringtones/Noises2.ogg; assuming invalid
12-06 01:30:25.223  4124  4633 W MediaProvider: Missing volume for /system/media/audio/ringtones/Noises3.ogg; assuming invalid
12-06 01:30:25.224  4124  4633 W MediaProvider: Missing volume for /system/media/audio/ringtones/Oberon.ogg; assuming invalid
12-06 01:30:25.225  4124  4633 W MediaProvider: Missing volume for /system/media/audio/ringtones/OrganDub.ogg; assuming invalid
12-06 01:30:25.238  4124  4633 W MediaProvider: Missing volume for /system/media/audio/ringtones/Orion.ogg; assuming invalid
12-06 01:30:25.634  2995  3945 I FFmpegExtractor: android-source:0xf35facc0
12-06 01:30:25.692  2995  3945 I FFMPEG  : [mp3 @ 0xf0b3be00] Skipping 0 bytes of junk at 431.
12-06 01:30:25.699  2995  3945 D FFmpegExtractor: suppoted codec(mp3) by official Stagefright
12-06 01:30:25.699  2995  3945 D FFmpegExtractor: ffmpeg detected media content as 'audio/mpeg' with confidence 0.08
12-06 01:30:25.767  4244  4281 E ELEVEN  : calling refresh!
12-06 01:30:25.788  3721  3784 W MessageQueue: Handler (android.view.Choreographer$FrameHandler) {7617168} sending message to a Handler on a dead thread
12-06 01:30:25.788  3721  3784 W MessageQueue: java.lang.IllegalStateException: Handler (android.view.Choreographer$FrameHandler) {7617168} sending message to a Handler on a dead thread
12-06 01:30:25.788  3721  3784 W MessageQueue: 	at android.os.MessageQueue.enqueueMessage(MessageQueue.java:543)
12-06 01:30:25.788  3721  3784 W MessageQueue: 	at android.os.Handler.enqueueMessage(Handler.java:631)
12-06 01:30:25.788  3721  3784 W MessageQueue: 	at android.os.Handler.sendMessageAtTime(Handler.java:600)
12-06 01:30:25.788  3721  3784 W MessageQueue: 	at android.view.Choreographer$FrameDisplayEventReceiver.onVsync(Choreographer.java:838)
12-06 01:30:25.788  3721  3784 W MessageQueue: 	at android.view.DisplayEventReceiver.dispatchVsync(DisplayEventReceiver.java:141)
12-06 01:30:25.788  3721  3784 W MessageQueue: 	at android.os.MessageQueue.nativePollOnce(Native Method)
12-06 01:30:25.788  3721  3784 W MessageQueue: 	at android.os.MessageQueue.next(MessageQueue.java:323)
12-06 01:30:25.788  3721  3784 W MessageQueue: 	at android.os.Looper.loop(Looper.java:135)
12-06 01:30:25.788  3721  3784 W MessageQueue: 	at android.os.HandlerThread.run(HandlerThread.java:61)
12-06 01:30:26.175  4124  4633 W MediaScanner: Error opening directory '/oem/media/', skipping: No such file or directory.
12-06 01:30:26.176  4124  4633 W MediaProvider: Missing volume for /system/media/audio/ui; assuming invalid
12-06 01:30:26.188  4124  4633 W MediaProvider: Missing volume for /system/media/bootanimation.zip; assuming invalid
12-06 01:30:26.196  4124  4633 W MediaProvider: Missing volume for /system/media/audio/ringtones/Paradise_Island.ogg; assuming invalid
12-06 01:30:26.197  4124  4633 W MediaProvider: Missing volume for /system/media/audio/ringtones/Pegasus.ogg; assuming invalid
12-06 01:30:26.198  4124  4633 W MediaProvider: Missing volume for /system/media/audio/ringtones/Perseus.ogg; assuming invalid
12-06 01:30:26.199  4124  4633 W MediaProvider: Missing volume for /system/media/audio/ringtones/Phobos.ogg; assuming invalid
12-06 01:30:26.200  4124  4633 W MediaProvider: Missing volume for /system/media/audio/ringtones/Playa.ogg; assuming invalid
12-06 01:30:26.201  4124  4633 W MediaProvider: Missing volume for /system/media/audio/ringtones/Pyxis.ogg; assuming invalid
12-06 01:30:26.202  4124  4633 W MediaProvider: Missing volume for /system/media/audio/ringtones/Rasalas.ogg; assuming invalid
12-06 01:30:26.203  4124  4633 W MediaProvider: Missing volume for /system/media/audio/ringtones/Revelation.ogg; assuming invalid
12-06 01:30:26.204  4124  4633 W MediaProvider: Missing volume for /system/media/audio/ringtones/Rigel.ogg; assuming invalid
12-06 01:30:26.205  4124  4633 W MediaProvider: Missing volume for /system/media/audio/ringtones/Ring_Classic_02.ogg; assuming invalid
12-06 01:30:26.206  4124  4633 W MediaProvider: Missing volume for /system/media/audio/ringtones/Ring_Digital_02.ogg; assuming invalid
12-06 01:30:26.207  4124  4633 W MediaProvider: Missing volume for /system/media/audio/ringtones/Ring_Synth_02.ogg; assuming invalid
12-06 01:30:26.208  4124  4633 W MediaProvider: Missing volume for /system/media/audio/ringtones/Ring_Synth_04.ogg; assuming invalid
12-06 01:30:26.209  4124  4633 W MediaProvider: Missing volume for /system/media/audio/ringtones/Road_Trip.ogg; assuming invalid
12-06 01:30:26.210  4124  4633 W MediaProvider: Missing volume for /system/media/audio/ringtones/Rockin.ogg; assuming invalid
12-06 01:30:26.211  4124  4633 W MediaProvider: Missing volume for /system/media/audio/ringtones/RomancingTheTone.ogg; assuming invalid
12-06 01:30:26.211  4124  4633 W MediaProvider: Missing volume for /system/media/audio/ringtones/Safari.ogg; assuming invalid
12-06 01:30:26.212  4124  4633 W MediaProvider: Missing volume for /system/media/audio/ringtones/Savannah.ogg; assuming invalid
12-06 01:30:26.213  4124  4633 W MediaProvider: Missing volume for /system/media/audio/ringtones/Scarabaeus.ogg; assuming invalid
12-06 01:30:26.214  4124  4633 W MediaProvider: Missing volume for /system/media/audio/ringtones/Sceptrum.ogg; assuming invalid
12-06 01:30:26.215  4124  4633 W MediaProvider: Missing volume for /system/media/audio/ringtones/Sedna.ogg; assuming invalid
12-06 01:30:26.216  4124  4633 W MediaProvider: Missing volume for /system/media/audio/ringtones/Seville.ogg; assuming invalid
12-06 01:30:26.217  4124  4633 W MediaProvider: Missing volume for /system/media/audio/ringtones/Sheep.mp3; assuming invalid
12-06 01:30:26.218  4124  4633 W MediaProvider: Missing volume for /system/media/audio/ringtones/Shes_All_That.ogg; assuming invalid
12-06 01:30:26.218  4124  4633 W MediaProvider: Missing volume for /system/media/audio/ringtones/SilkyWay.ogg; assuming invalid
12-06 01:30:26.219  4124  4633 W MediaProvider: Missing volume for /system/media/audio/ringtones/SitarVsSitar.ogg; assuming invalid
12-06 01:30:26.220  4124  4633 W MediaProvider: Missing volume for /system/media/audio/ringtones/Solarium.ogg; assuming invalid
12-06 01:30:26.221  4124  4633 W MediaProvider: Missing volume for /system/media/audio/ringtones/SpringyJalopy.ogg; assuming invalid
12-06 01:30:26.222  4124  4633 W MediaProvider: Missing volume for /system/media/audio/ringtones/Steppin_Out.ogg; assuming invalid
12-06 01:30:26.222  4124  4633 W MediaProvider: Missing volume for /system/media/audio/ringtones/Terminated.ogg; assuming invalid
12-06 01:30:26.224  4124  4633 W MediaProvider: Missing volume for /system/media/audio/ringtones/Testudo.ogg; assuming invalid
12-06 01:30:26.225  4124  4633 W MediaProvider: Missing volume for /system/media/audio/ringtones/Themos.ogg; assuming invalid
12-06 01:30:26.225  4124  4633 W MediaProvider: Missing volume for /system/media/audio/ringtones/Third_Eye.ogg; assuming invalid
12-06 01:30:26.226  4124  4633 W MediaProvider: Missing volume for /system/media/audio/ringtones/Thunderfoot.ogg; assuming invalid
12-06 01:30:26.227  4124  4633 W MediaProvider: Missing volume for /system/media/audio/ringtones/Titania.ogg; assuming invalid
12-06 01:30:26.228  4124  4633 W MediaProvider: Missing volume for /system/media/audio/ringtones/Triton.ogg; assuming invalid
12-06 01:30:26.229  4124  4633 W MediaProvider: Missing volume for /system/media/audio/ringtones/TwirlAway.ogg; assuming invalid
12-06 01:30:26.230  4124  4633 W MediaProvider: Missing volume for /system/media/audio/ringtones/Umbriel.ogg; assuming invalid
12-06 01:30:26.231  4124  4633 W MediaProvider: Missing volume for /system/media/audio/ringtones/UrsaMinor.ogg; assuming invalid
12-06 01:30:26.232  4124  4633 W MediaProvider: Missing volume for /system/media/audio/ringtones/VeryAlarmed.ogg; assuming invalid
12-06 01:30:26.232  4124  4633 W MediaProvider: Missing volume for /system/media/audio/ringtones/Vespa.ogg; assuming invalid
12-06 01:30:26.233  4124  4633 W MediaProvider: Missing volume for /system/media/audio/ringtones/World.ogg; assuming invalid
12-06 01:30:26.234  4124  4633 W MediaProvider: Missing volume for /system/media/audio/ringtones/Yukaay.ogg; assuming invalid
12-06 01:30:26.235  4124  4633 W MediaProvider: Missing volume for /system/media/audio/ringtones/Zeta.ogg; assuming invalid
12-06 01:30:26.237  4124  4633 W MediaProvider: Missing volume for /system/media/audio/ui/Dock.ogg; assuming invalid
12-06 01:30:26.238  4124  4633 W MediaProvider: Missing volume for /system/media/audio/ui/Effect_Tick.ogg; assuming invalid
12-06 01:30:26.239  4124  4633 W MediaProvider: Missing volume for /system/media/audio/ui/KeypressDelete.ogg; assuming invalid
12-06 01:30:26.241  4124  4633 W MediaProvider: Missing volume for /system/media/audio/ui/KeypressInvalid.ogg; assuming invalid
12-06 01:30:26.242  4124  4633 W MediaProvider: Missing volume for /system/media/audio/ui/KeypressReturn.ogg; assuming invalid
12-06 01:30:26.243  4124  4633 W MediaProvider: Missing volume for /system/media/audio/ui/KeypressSpacebar.ogg; assuming invalid
12-06 01:30:26.244  4124  4633 W MediaProvider: Missing volume for /system/media/audio/ui/KeypressStandard.ogg; assuming invalid
12-06 01:30:26.246  4124  4633 W MediaProvider: Missing volume for /system/media/audio/ui/Lock.ogg; assuming invalid
12-06 01:30:26.246  2995  4158 E MetadataRetrieverClient: failed to extract an album art
12-06 01:30:26.247  4124  4633 W MediaProvider: Missing volume for /system/media/audio/ui/LowBattery.ogg; assuming invalid
12-06 01:30:26.248  4124  4633 W MediaProvider: Missing volume for /system/media/audio/ui/Trusted.ogg; assuming invalid
12-06 01:30:26.249  4124  4633 W MediaProvider: Missing volume for /system/media/audio/ui/Undock.ogg; assuming invalid
12-06 01:30:26.250  4124  4633 W MediaProvider: Missing volume for /system/media/audio/ui/Unlock.ogg; assuming invalid
12-06 01:30:26.251  4124  4633 W MediaProvider: Missing volume for /system/media/audio/ui/VideoRecord.ogg; assuming invalid
12-06 01:30:26.252  4124  4633 W MediaProvider: Missing volume for /system/media/audio/ui/VideoStop.ogg; assuming invalid
12-06 01:30:26.253  4124  4633 W MediaProvider: Missing volume for /system/media/audio/ui/WirelessChargingStarted.ogg; assuming invalid
12-06 01:30:26.253  4124  4633 W MediaProvider: Missing volume for /system/media/audio/ui/camera_click.ogg; assuming invalid
12-06 01:30:26.254  4124  4633 W MediaProvider: Missing volume for /system/media/audio/ui/camera_focus.ogg; assuming invalid
12-06 01:30:26.962  3341  3352 I ActivityManager: Killing 4211:com.cyanogenmod.eleven/u0a40 (adj 15): empty #17
12-06 01:30:26.973  3341  3530 D ActivityManager: cleanUpApplicationRecord -- 4211
12-06 01:30:27.131  4244  4281 E ELEVEN  : calling refresh!
12-06 01:30:28.511  4530  4787 I GlobalDismissManager: no sender configured
12-06 01:30:28.511  4530  4787 D AlertService: Beginning updateAlertNotification
12-06 01:30:28.515  4530  4787 D AlertService: No fired or scheduled alerts
12-06 01:30:28.517  4530  4787 D AlertService: Scheduling next alarm with AlarmScheduler. sEventReminderReceived: null
12-06 01:30:28.520  4530  4787 D AlarmScheduler: No events found starting within 1 week.
12-06 01:30:32.624  3341  3401 I InputReader: Reconfiguring input devices.  changes=0x00000010
12-06 01:30:32.625  3341  3401 I InputReader: Reconfiguring input devices.  changes=0x00000010
12-06 01:30:32.625  3341  3401 I InputReader: Reconfiguring input devices.  changes=0x00000010
12-06 01:30:32.626  4604  4604 W ContextImpl: Calling a method in the system process without a qualified user: android.app.ContextImpl.startService:1231 android.content.ContextWrapper.startService:587 android.content.ContextWrapper.startService:587 org.cyanogenmod.providers.datausage.DataUsageAppInstallReceiver.onReceive:47 android.app.ActivityThread.handleReceiver:2759 
12-06 01:30:32.627  3341  3401 I InputReader: Reconfiguring input devices.  changes=0x00000010
12-06 01:30:32.627  3341  3401 I InputReader: Reconfiguring input devices.  changes=0x00000010
12-06 01:30:32.637  4604  4604 W ContextImpl: Calling a method in the system process without a qualified user: android.app.ContextImpl.startService:1231 android.content.ContextWrapper.startService:587 android.content.ContextWrapper.startService:587 org.cyanogenmod.providers.datausage.DataUsageAppInstallReceiver.onReceive:47 android.app.ActivityThread.handleReceiver:2759 
12-06 01:30:32.637  3341  3354 W Searchables: No global search activity found
12-06 01:30:32.640  3341  3354 W Searchables: No global search activity found
12-06 01:30:32.643  3341  3354 W Searchables: No global search activity found
12-06 01:30:32.645  4604  4604 W ContextImpl: Calling a method in the system process without a qualified user: android.app.ContextImpl.startService:1231 android.content.ContextWrapper.startService:587 android.content.ContextWrapper.startService:587 org.cyanogenmod.providers.datausage.DataUsageAppInstallReceiver.onReceive:47 android.app.ActivityThread.handleReceiver:2759 
12-06 01:30:32.646  3341  3354 W Searchables: No global search activity found
12-06 01:30:32.648  3341  3354 W Searchables: No global search activity found
12-06 01:30:32.650  4604  4604 W ContextImpl: Calling a method in the system process without a qualified user: android.app.ContextImpl.startService:1231 android.content.ContextWrapper.startService:587 android.content.ContextWrapper.startService:587 org.cyanogenmod.providers.datausage.DataUsageAppInstallReceiver.onReceive:47 android.app.ActivityThread.handleReceiver:2759 
12-06 01:30:32.655  4604  4604 W ContextImpl: Calling a method in the system process without a qualified user: android.app.ContextImpl.startService:1231 android.content.ContextWrapper.startService:587 android.content.ContextWrapper.startService:587 org.cyanogenmod.providers.datausage.DataUsageAppInstallReceiver.onReceive:47 android.app.ActivityThread.handleReceiver:2759 
12-06 01:30:36.148  3341  3355 I ActivityManager: Waited long enough for: ServiceRecord{1bd6b3e u0 com.android.providers.media/.MediaScannerService}
12-06 01:30:36.712  3341  3355 I ActivityManager: Waited long enough for: ServiceRecord{3a0fd4a u0 com.android.calendar/.alerts.InitAlarmsService}
12-06 01:30:37.252  3341  3355 I ActivityManager: Waited long enough for: ServiceRecord{d1b4cfa u0 com.android.email/.service.LegacyImapSyncAdapterService}
12-06 01:30:38.758  2919  3406 I vold    : Trimmed 10432258048 bytes on /data in 29085ms
12-06 01:30:38.758  3341  3403 D VoldConnector: RCV <- {662 /data 10432258048 29085640056}
12-06 01:30:39.632  4244  4281 E ELEVEN  : calling refresh!
12-06 01:30:45.811  3631  3793 I vol.Events: writeEvent level_changed STREAM_MUSIC 10
12-06 01:30:51.747  4530  4686 D InitAlarmsService: Clearing and rescheduling alarms.
12-06 01:30:51.776  3341  3626 I ActivityManager: Killing 4478:com.android.keychain/1000 (adj 15): empty #17
12-06 01:30:51.806  3341  3626 I ActivityManager: Killing 4387:com.android.cellbroadcastreceiver/u0a6 (adj 15): empty #18
12-06 01:30:51.835  3341  3626 I ActivityManager: Killing 3974:com.android.settings:CryptKeeper/1000 (adj 15): empty #19
12-06 01:30:51.869  3341  3626 I ActivityManager: Killing 4067:org.cyanogenmod.weather.provider/u0a28 (adj 15): empty #20
12-06 01:30:51.881  3341  3354 W art     : Long monitor contention event with owner method=void com.android.server.am.ActivityManagerService.removeContentProvider(android.os.IBinder, boolean) from ActivityManagerService.java:10193 waiters=2 for 109ms
12-06 01:30:51.882  3341  3625 D ActivityManager: cleanUpApplicationRecord -- 4387
12-06 01:30:51.883  3341  3628 D ActivityManager: cleanUpApplicationRecord -- 3974
12-06 01:30:51.884  3341  3352 D ActivityManager: cleanUpApplicationRecord -- 4067
12-06 01:30:51.885  3341  3353 D ActivityManager: cleanUpApplicationRecord -- 4478
12-06 01:30:51.887  3341  4817 I ActivityManager: Killing 4495:com.android.dialer/u0a20 (adj 15): empty #17
12-06 01:30:51.904  3341  3627 D ActivityManager: cleanUpApplicationRecord -- 4495
12-06 01:30:58.253  3341  3416 D WifiService: New client listening to asynchronous messages
12-06 01:30:58.256  3341  3627 D WifiService: setWifiEnabled: true pid=4082, uid=1000
12-06 01:30:58.256  3341  3627 E WifiService: Invoking mWifiStateMachine.setWifiEnabled
12-06 01:30:58.259  3341  3412 E WifiMonitor: killSupplicant p2ptrue init.svc.wpa_supplicant=unknown init.svc.p2p_supplicant=unknown
12-06 01:30:58.262  2995  3428 V audio_hw_primary: out_set_parameters: key value pairs: routing=2
12-06 01:30:58.272  2995  3428 V audio_hw_primary: start_output_stream: starting stream
12-06 01:30:58.283  3341  3628 I ActivityManager: START u0 {act=com.android.net.wifi.SETUP_WIFI_NETWORK cmp=com.android.settings/.wifi.WifiSetupActivity (has extras)} from uid 1000 on display 0
12-06 01:30:58.314  2995  3428 V audio_hw_primary: select_devices() devices 0x2 input src 0 output route media-speaker input route none
12-06 01:30:58.360  2989  3328 D SoftapController: Softap fwReload - Ok
12-06 01:30:58.363  2989  3328 W CommandListener: Failed to retrieve HW addr for wlan0 (No such device)
12-06 01:30:58.366  2989  3328 D CommandListener: Setting iface cfg
12-06 01:30:58.368  3341  3412 E WifiStateMachine: Unable to change interface settings: java.lang.IllegalStateException: command '22 interface setcfg wlan0 0.0.0.0 0 down' failed with '400 22 Failed to set address (No such device)'
12-06 01:30:58.368  3341  3412 E wifi    : Could not read interface wlan0 flags: 19
12-06 01:30:58.368  3341  3412 E WifiNative-HAL: Could not start hal
12-06 01:30:58.369  3341  3412 E WifiStateMachine: Failed to start HAL
12-06 01:30:58.369  3341  3412 E WifiHW  : Cannot open "/system/etc/wifi/wpa_supplicant.conf": No such file or directory
12-06 01:30:58.369  3341  3412 E WifiHW  : Failed to create a p2p config file
12-06 01:30:58.369  3341  3412 E WifiStateMachine: Failed to start supplicant!
12-06 01:30:58.372  3341  3341 E WifiService: Wi-Fi state is failed
12-06 01:30:58.372  3341  3341 D WifiService: setWifiEnabled: false pid=3341, uid=1000
12-06 01:30:58.372  3341  3341 E WifiService: Invoking mWifiStateMachine.setWifiEnabled
12-06 01:30:58.433  2995  3428 V audio_hw_primary: adev_set_call_audio_path: ril_set_call_audio_path(2)
12-06 01:30:58.433  2995  3428 E audio_hw_primary: Connect_RILD() failed
12-06 01:30:58.433  2995  3428 V audio_hw_primary: start_output_stream: stream out device: 2, actual: 2
12-06 01:30:58.452  4053  4843 D OpenGLRenderer: Use EGL_SWAP_BEHAVIOR_PRESERVED: true
12-06 01:30:58.476  4053  4843 I OpenGLRenderer: Initialized EGL, version 1.4
12-06 01:30:58.480  4053  4843 D mali_winsys: EGLint new_window_surface(egl_winsys_display*, void*, EGLSurface, EGLConfig, egl_winsys_surface**, egl_color_buffer_format*, EGLBoolean) returns 0x3000,  [1440x2560]-format:1
12-06 01:30:58.568  3341  3360 I ActivityManager: Displayed com.android.settings/.wifi.WifiSetupActivity: +247ms
12-06 01:30:58.599  4082  4311 D OpenGLRenderer: endAllStagingAnimators on 0x7f783ea000 (RippleDrawable) with handle 0x7f8cdff5c0
12-06 01:30:59.147  2995  3428 V audio_hw_primary: out_set_parameters: key value pairs: routing=2
12-06 01:30:59.175  4053  4843 D mali_winsys: EGLint new_window_surface(egl_winsys_display*, void*, EGLSurface, EGLConfig, egl_winsys_surface**, egl_color_buffer_format*, EGLBoolean) returns 0x3000,  [1624x1441]-format:1
12-06 01:30:59.184  2995  3428 D AudioFlinger: mixer(0xf2f00000) throttle end: throttle time(4)
12-06 01:30:59.982  2995  3428 V audio_hw_primary: out_set_parameters: key value pairs: routing=2
12-06 01:30:59.986  4053  4053 D WifiSetupActivity: finishing, resultCode=1
12-06 01:31:00.006  4053  4843 D OpenGLRenderer: endAllStagingAnimators on 0x7f742a9c00 (RippleDrawable) with handle 0x7f7407e360
12-06 01:31:00.019  2995  3428 D AudioFlinger: mixer(0xf2f00000) throttle end: throttle time(4)
12-06 01:31:00.047  4082  4311 D mali_winsys: EGLint new_window_surface(egl_winsys_display*, void*, EGLSurface, EGLConfig, egl_winsys_surface**, egl_color_buffer_format*, EGLBoolean) returns 0x3000,  [1440x2560]-format:1
12-06 01:31:00.832  2995  3428 V audio_hw_primary: out_set_parameters: key value pairs: routing=2
12-06 01:31:01.505  2995  3428 V audio_hw_primary: out_set_parameters: key value pairs: routing=2
12-06 01:31:01.537  2995  3428 D AudioFlinger: mixer(0xf2f00000) throttle end: throttle time(9)
12-05 14:31:01.562  3341  4817 D AlarmManagerService: Kernel timezone updated to 660 minutes west of GMT
12-05 14:31:01.598  4671  4671 V AlarmClock: AlarmInitReceiver android.intent.action.TIMEZONE_CHANGED
12-05 14:31:01.657  4671  4688 V AlarmClock: AlarmInitReceiver finished
12-05 14:31:02.210  2995  3428 V audio_hw_primary: out_set_parameters: key value pairs: routing=2
12-05 14:31:02.914  3631  3631 D PhoneStatusBar: disable: < expand* icons* alerts* system_info back home* recent* clock search* quick_settings >
12-05 14:31:02.916  3631  3631 D PhoneStatusBar: heads up is enabled
12-05 14:31:02.920  2995  3428 V audio_hw_primary: out_set_parameters: key value pairs: routing=2
