12-14 02:57:20.555  2979  3432 I AudioFlinger: AudioFlinger's thread 0xf2e00000 ready to run
12-14 02:57:20.555  2979  3432 V audio_hw_primary: do_out_standby: output standby: 1
12-14 02:57:20.555  2979  3432 V audio_hw_primary: out_set_parameters: key value pairs: routing=2
12-14 02:57:20.555  2979  3432 E AudioFlinger: no wake lock to update!
12-14 02:57:20.555  2979  2979 V audio_hw_primary: adev_open_input_stream: Requesting input stream with rate: 48000, channels: 0xc
12-14 02:57:20.555  2979  3433 I AudioFlinger: AudioFlinger's thread 0xf2b00000 ready to run
12-14 02:57:20.569  2979  2979 I bt_a2dp_hw: adev_open:  adev_open in A2dp_hw module
12-14 02:57:20.569  2979  2979 I AudioFlinger: loadHwModule() Loaded a2dp audio interface from A2DP Audio HW HAL (audio) handle 5
12-14 02:57:20.582  2979  2979 I AudioFlinger: loadHwModule() Loaded usb audio interface from USB audio HW HAL (audio) handle 6
12-14 02:57:20.587  2979  2979 I r_submix: adev_open(name=audio_hw_if)
12-14 02:57:20.587  2979  2979 I r_submix: adev_init_check()
12-14 02:57:20.587  2979  2979 I AudioFlinger: loadHwModule() Loaded r_submix audio interface from Wifi Display audio HAL (audio) handle 7
12-14 02:57:20.587  2979  2979 D r_submix: adev_open_input_stream(addr=0)
12-14 02:57:20.587  2979  2979 D r_submix: submix_audio_device_create_pipe_l(addr=0, idx=9)
12-14 02:57:20.587  2979  2979 D r_submix:   now using address 0 for route 9
12-14 02:57:20.587  2979  3434 I AudioFlinger: AudioFlinger's thread 0xf2b00000 ready to run
12-14 02:57:20.587  2979  2979 D r_submix: adev_close_input_stream()
12-14 02:57:20.587  2979  2979 D r_submix: submix_audio_device_release_pipe_l(idx=9) addr=0
12-14 02:57:20.587  2979  2979 D r_submix: submix_audio_device_destroy_pipe_l(): pipe destroyed
12-14 02:57:20.588  2979  2979 E SoundTriggerHwService: couldn't load sound trigger module sound_trigger.primary (No such file or directory)
12-14 02:57:20.588  2979  2979 I RadioService: RadioService
12-14 02:57:20.588  2979  2979 I RadioService: onFirstRef
12-14 02:57:20.588  2979  2979 E RadioService: couldn't load radio module radio.primary (No such file or directory)
12-14 02:57:20.589  2979  3435 D PermissionCache: checking android.permission.MODIFY_AUDIO_SETTINGS for uid=1000 => granted (152 us)
12-14 02:57:20.589  2979  2979 V audio_hw_primary: adev_set_mic_mute: set mic mute: 0
12-14 02:57:20.607  3346  3346 I SystemServiceManager: Starting com.android.server.DockObserver
12-14 02:57:20.608  3346  3346 I SystemServer: Wired Accessory Manager
12-14 02:57:20.608  3346  3346 W WiredAccessoryManager: This kernel does not have usb audio support
12-14 02:57:20.608  3346  3346 W WiredAccessoryManager: This kernel does not have HDMI audio support
12-14 02:57:20.608  3346  3346 I SystemServiceManager: Starting com.android.server.usb.UsbService$Lifecycle
12-14 02:57:20.615  3346  3346 I SystemServer: Serial Service
12-14 02:57:20.615  3346  3346 I SystemServiceManager: Starting com.android.server.twilight.TwilightService
12-14 02:57:20.616  3346  3346 I SystemServiceManager: Starting com.android.server.job.JobSchedulerService
12-14 02:57:20.623  3346  3346 I SystemServiceManager: Starting com.android.server.backup.BackupManagerService$Lifecycle
12-14 02:57:20.624  3346  3346 I SystemServiceManager: Starting com.android.server.appwidget.AppWidgetService
12-14 02:57:20.625  3346  3346 I SystemServiceManager: Starting com.android.server.voiceinteraction.VoiceInteractionManagerService
12-14 02:57:20.625  2979  3435 D PermissionCache: checking android.permission.CAPTURE_AUDIO_HOTWORD for uid=1000 => granted (92 us)
12-14 02:57:20.625  3346  3346 W SoundTriggerHelper: listModules status=0, # of modules=0
12-14 02:57:20.626  3346  3346 I SystemServer: Gesture Launcher Service
12-14 02:57:20.626  3346  3346 I SystemServiceManager: Starting com.android.server.GestureLauncherService
12-14 02:57:20.626  3346  3346 I SystemServer: DiskStats Service
12-14 02:57:20.626  3346  3346 I SystemServer: SamplingProfiler Service
12-14 02:57:20.654  3346  3346 I SystemServer: NetworkTimeUpdateService
12-14 02:57:20.654  3346  3346 I SystemServer: CommonTimeManagementService
12-14 02:57:20.655  3346  3346 I SystemServer: CertBlacklister
12-14 02:57:20.655  3346  3346 I SystemServiceManager: Starting com.android.server.dreams.DreamManagerService
12-14 02:57:20.656  3346  3346 I SystemServer: Assets Atlas Service
12-14 02:57:20.658  3346  3346 I SystemServiceManager: Starting com.android.server.print.PrintManagerService
12-14 02:57:20.658  3346  3438 D AssetAtlas: Computing best atlas configuration...
12-14 02:57:20.659  3346  3439 D AssetAtlas: Running Atlas Worker #1
12-14 02:57:20.659  3346  3440 D AssetAtlas: Running Atlas Worker #2
12-14 02:57:20.660  3346  3441 D AssetAtlas: Running Atlas Worker #3
12-14 02:57:20.660  3346  3443 D AssetAtlas: Running Atlas Worker #5
12-14 02:57:20.664  3346  3442 D AssetAtlas: Running Atlas Worker #4
12-14 02:57:20.666  3346  3346 I SystemServiceManager: Starting com.android.server.restrictions.RestrictionsManagerService
12-14 02:57:20.667  3346  3346 I SystemServiceManager: Starting com.android.server.media.MediaSessionService
12-14 02:57:20.671  3346  3346 I SystemServer: Media Router Service
12-14 02:57:20.671  3346  3346 I SystemServiceManager: Starting com.android.server.trust.TrustManagerService
12-14 02:57:20.674  3346  3445 D AssetAtlas: Running Atlas Worker #7
12-14 02:57:20.674  3346  3444 D AssetAtlas: Running Atlas Worker #6
12-14 02:57:20.674  3346  3346 I SystemServiceManager: Starting com.android.server.fingerprint.FingerprintService
12-14 02:57:20.676  3000  3000 D PermissionCache: checking android.permission.MANAGE_FINGERPRINT for uid=1000 => granted (375 us)
12-14 02:57:20.676  3000  3000 V fingerprintd: nativeOpenHal()
12-14 02:57:20.676  3000  3000 E fingerprintd: Can't open fingerprint HW Module, error: -2
12-14 02:57:20.676  3346  3446 D AssetAtlas: Running Atlas Worker #8
12-14 02:57:20.676  3346  3346 W FingerprintService: Failed to open Fingerprint HAL!
12-14 02:57:20.676  3346  3346 V FingerprintService: Fingerprint HAL id: 0
12-14 02:57:20.677  3346  3346 I SystemServer: BackgroundDexOptService
12-14 02:57:20.678  3346  3346 I SystemServiceManager: Starting com.android.server.pm.LauncherAppsService
12-14 02:57:20.678  3346  3346 I SystemServiceManager: Starting com.android.server.media.projection.MediaProjectionManagerService
12-14 02:57:20.696  3346  3438 D AssetAtlas: Found best atlas configuration (out of 496) in 0.04s
12-14 02:57:20.702  3346  3438 D AssetAtlas: Loaded configuration: SliceMinArea (2048x2048) flags=0x2 count=267
12-14 02:57:20.737  3346  3354 W JavaBinder: BinderProxy is being destroyed but the application did not call unlinkToDeath to unlink all of its death recipients beforehand.  Releasing leaked death recipient: com.android.server.fingerprint.FingerprintService
12-14 02:57:20.769  3346  3346 I WindowManager: SAFE MODE not enabled
12-14 02:57:20.769  3346  3438 D AssetAtlas: Rendered atlas in 61.72ms (53.15+8.57ms)
12-14 02:57:20.770  3346  3346 I SystemServiceManager: Starting com.android.server.MmsServiceBroker
12-14 02:57:20.771  3346  3346 I CMSystemServer: Attempting to start service org.cyanogenmod.platform.internal.CMStatusBarManagerService
12-14 02:57:20.774  3346  3346 I CMSystemServer: Starting service org.cyanogenmod.platform.internal.CMStatusBarManagerService
12-14 02:57:20.774  3346  3346 I SystemServiceManager: Starting org.cyanogenmod.platform.internal.CMStatusBarManagerService
12-14 02:57:20.774  3346  3346 D CMStatusBarManagerService: registerCMStatusBar cmstatusbar: org.cyanogenmod.platform.internal.CMStatusBarManagerService@c85371d
12-14 02:57:20.775  3346  3346 I CMSystemServer: Attempting to start service org.cyanogenmod.platform.internal.ProfileManagerService
12-14 02:57:20.777  3346  3346 I CMSystemServer: Starting service org.cyanogenmod.platform.internal.ProfileManagerService
12-14 02:57:20.777  3346  3346 I SystemServiceManager: Starting org.cyanogenmod.platform.internal.ProfileManagerService
12-14 02:57:20.777  2938  2938 E ServiceManager: add_service('profile',61) uid=1000 - ALREADY REGISTERED, OVERRIDE
12-14 02:57:20.777  2938  2938 I ServiceManager: service 'profile' died
12-14 02:57:20.778  3346  3413 D WifiService: New client listening to asynchronous messages
12-14 02:57:20.779  3346  3346 V ProfileTriggerHelper: Enabling
12-14 02:57:20.781  3346  3346 D CMProfileService: Set active profile to: 0230226d-0d05-494a-a9bd-d222a1117655 - Default
12-14 02:57:20.781  3346  3346 D CMProfileService: Saving profile data...
12-14 02:57:20.782  3346  3346 D CMProfileService: Save completed.
12-14 02:57:20.782  3346  3346 I CMSystemServer: Attempting to start service org.cyanogenmod.platform.internal.PartnerInterfaceService
12-14 02:57:20.783  3346  3346 I CMSystemServer: Starting service org.cyanogenmod.platform.internal.PartnerInterfaceService
12-14 02:57:20.783  3346  3346 I SystemServiceManager: Starting org.cyanogenmod.platform.internal.PartnerInterfaceService
12-14 02:57:20.783  2938  2938 E ServiceManager: add_service('cmpartnerinterface',62) uid=1000 - ALREADY REGISTERED, OVERRIDE
12-14 02:57:20.783  2938  2938 I ServiceManager: service 'cmpartnerinterface' died
12-14 02:57:20.783  3346  3346 I CMSystemServer: Attempting to start service org.cyanogenmod.platform.internal.CMTelephonyManagerService
12-14 02:57:20.784  3346  3346 I CMSystemServer: Starting service org.cyanogenmod.platform.internal.CMTelephonyManagerService
12-14 02:57:20.784  3346  3346 I SystemServiceManager: Starting org.cyanogenmod.platform.internal.CMTelephonyManagerService
12-14 02:57:20.784  3346  3346 I CMSystemServer: Attempting to start service org.cyanogenmod.platform.internal.CMHardwareService
12-14 02:57:20.788  3346  3346 I CMSystemServer: Starting service org.cyanogenmod.platform.internal.CMHardwareService
12-14 02:57:20.788  3346  3346 I SystemServiceManager: Starting org.cyanogenmod.platform.internal.CMHardwareService
12-14 02:57:20.789  2938  2938 E ServiceManager: add_service('cmhardware',64) uid=1000 - ALREADY REGISTERED, OVERRIDE
12-14 02:57:20.789  2938  2938 I ServiceManager: service 'cmhardware' died
12-14 02:57:20.789  3346  3346 I CMSystemServer: Attempting to start service org.cyanogenmod.platform.internal.AppSuggestManagerService
12-14 02:57:20.789  3346  3346 I CMSystemServer: Starting service org.cyanogenmod.platform.internal.AppSuggestManagerService
12-14 02:57:20.789  3346  3346 I SystemServiceManager: Starting org.cyanogenmod.platform.internal.AppSuggestManagerService
12-14 02:57:20.790  3346  3346 W ServiceWatcher: com.cyanogen.app.suggest not found
12-14 02:57:20.790  3346  3346 E AppSgstMgrService: no app suggest provider found
12-14 02:57:20.790  3346  3346 I CMSystemServer: Attempting to start service org.cyanogenmod.platform.internal.PerformanceManagerService
12-14 02:57:20.797  3346  3462 I ServiceThread: Enabled StrictMode logging for PerformanceManager looper.
12-14 02:57:20.797  3346  3346 I CMSystemServer: Starting service org.cyanogenmod.platform.internal.PerformanceManagerService
12-14 02:57:20.797  3346  3346 I SystemServiceManager: Starting org.cyanogenmod.platform.internal.PerformanceManagerService
12-14 02:57:20.797  3346  3463 I ServiceThread: Enabled StrictMode logging for PerformanceManager looper.
12-14 02:57:20.798  3346  3346 I CMSystemServer: Attempting to start service org.cyanogenmod.platform.internal.ThemeManagerServiceBroker
12-14 02:57:20.799  3346  3346 E BrokerableCMSystemService: Setting brokered service connection org.cyanogenmod.platform.internal.ThemeManagerServiceBroker$2@8f95224
12-14 02:57:20.799  3346  3346 I CMSystemServer: Starting service org.cyanogenmod.platform.internal.ThemeManagerServiceBroker
12-14 02:57:20.799  3346  3346 I SystemServiceManager: Starting org.cyanogenmod.platform.internal.ThemeManagerServiceBroker
12-14 02:57:20.799  3346  3346 E BrokerableCMSystemService: Setting brokered service connection org.cyanogenmod.platform.internal.ThemeManagerServiceBroker$2@507218d
12-14 02:57:20.799  3346  3346 I CMSystemServer: Attempting to start service org.cyanogenmod.platform.internal.IconCacheManagerServiceBroker
12-14 02:57:20.800  3346  3346 E BrokerableCMSystemService: Setting brokered service connection org.cyanogenmod.platform.internal.IconCacheManagerServiceBroker$2@506f42
12-14 02:57:20.800  3346  3346 I CMSystemServer: Starting service org.cyanogenmod.platform.internal.IconCacheManagerServiceBroker
12-14 02:57:20.800  3346  3346 I SystemServiceManager: Starting org.cyanogenmod.platform.internal.IconCacheManagerServiceBroker
12-14 02:57:20.800  3346  3346 E BrokerableCMSystemService: Setting brokered service connection org.cyanogenmod.platform.internal.IconCacheManagerServiceBroker$2@331ab53
12-14 02:57:20.800  3346  3346 I CMSystemServer: Attempting to start service org.cyanogenmod.platform.internal.LiveLockScreenServiceBroker
12-14 02:57:20.801  3346  3346 E BrokerableCMSystemService: Setting brokered service connection org.cyanogenmod.platform.internal.LiveLockScreenServiceBroker$2@38b6c90
12-14 02:57:20.801  3346  3346 I CMSystemServer: Starting service org.cyanogenmod.platform.internal.LiveLockScreenServiceBroker
12-14 02:57:20.801  3346  3346 I SystemServiceManager: Starting org.cyanogenmod.platform.internal.LiveLockScreenServiceBroker
12-14 02:57:20.801  3346  3346 E BrokerableCMSystemService: Setting brokered service connection org.cyanogenmod.platform.internal.LiveLockScreenServiceBroker$2@4d14989
12-14 02:57:20.801  3346  3346 I CMSystemServer: Attempting to start service org.cyanogenmod.platform.internal.WeatherManagerServiceBroker
12-14 02:57:20.801  3346  3346 I CMSystemServer: Starting service org.cyanogenmod.platform.internal.WeatherManagerServiceBroker
12-14 02:57:20.801  3346  3346 I SystemServiceManager: Starting org.cyanogenmod.platform.internal.WeatherManagerServiceBroker
12-14 02:57:20.801  3346  3346 I CMSystemServer: Attempting to start service org.cyanogenmod.platform.internal.display.LiveDisplayService
12-14 02:57:20.804  3346  3464 I ServiceThread: Enabled StrictMode logging for LiveDisplay looper.
12-14 02:57:20.804  3346  3346 I CMSystemServer: Starting service org.cyanogenmod.platform.internal.display.LiveDisplayService
12-14 02:57:20.804  3346  3346 I SystemServiceManager: Starting org.cyanogenmod.platform.internal.display.LiveDisplayService
12-14 02:57:20.805  3346  3465 I ServiceThread: Enabled StrictMode logging for LiveDisplay looper.
12-14 02:57:20.805  3346  3346 I CMSystemServer: Attempting to start service org.cyanogenmod.platform.internal.CMAudioServiceBroker
12-14 02:57:20.806  3346  3346 I CMSystemServer: Starting service org.cyanogenmod.platform.internal.CMAudioServiceBroker
12-14 02:57:20.806  3346  3346 I SystemServiceManager: Starting org.cyanogenmod.platform.internal.CMAudioServiceBroker
12-14 02:57:20.985  3346  3346 E SQLiteLog: (1) no such table: locksettings
12-14 02:57:21.058  3346  3346 I LockSettingsService: Migrated lock settings to new location
12-14 02:57:21.123  3346  3346 I LockSettingsService: Migrated per-user lock settings to new location
12-14 02:57:21.168  3346  3346 I LockSettingsService: Migrated biometric weak to use the fallback instead
12-14 02:57:21.189  3346  3346 I LockSettingsService: Migrated lockscreen disabled flag
12-14 02:57:21.196  3346  3346 I LockSettingsService: Migrated primary user pattern size
12-14 02:57:21.197  3346  3346 E LockSettingsStorage: Cannot read file java.io.FileNotFoundException: /data/system/gatekeeper.password.key: open failed: ENOENT (No such file or directory)
12-14 02:57:21.197  3346  3346 E LockSettingsStorage: Cannot read file java.io.FileNotFoundException: /data/system/password.key: open failed: ENOENT (No such file or directory)
12-14 02:57:21.198  3346  3346 E LockSettingsStorage: Cannot read file java.io.FileNotFoundException: /data/system/gatekeeper.pattern.key: open failed: ENOENT (No such file or directory)
12-14 02:57:21.198  3346  3346 E LockSettingsStorage: Cannot read file java.io.FileNotFoundException: /data/system/gatekeeper.gesture.key: open failed: ENOENT (No such file or directory)
12-14 02:57:21.198  3346  3346 E LockSettingsStorage: Cannot read file java.io.FileNotFoundException: /data/system/gesture.key: open failed: ENOENT (No such file or directory)
12-14 02:57:21.198  3346  3346 E LockSettingsStorage: Cannot read file java.io.FileNotFoundException: /data/system/cm_gesture.key: open failed: ENOENT (No such file or directory)
12-14 02:57:21.198  3346  3346 I SystemServiceManager: Starting phase 480
12-14 02:57:21.199  3346  3346 I SystemServiceManager: Starting phase 500
12-14 02:57:21.200  3346  3346 D BluetoothService: onBootPhase: PHASE_SYSTEM_SERVICES_READY
12-14 02:57:21.200  3346  3346 D BluetoothManagerService: Bluetooth boot completed
12-14 02:57:21.200  3346  3346 D BluetoothManagerService: Retrieving Bluetooth Adapter name and address...
12-14 02:57:21.200  3346  3346 D BluetoothManagerService: getNameAndAddress(): mBluetooth = null mBinding = false
12-14 02:57:21.200  3346  3367 D BluetoothManagerService: Message: 200
12-14 02:57:21.200  3346  3367 D BluetoothManagerService: MESSAGE_GET_NAME_AND_ADDRESS
12-14 02:57:21.200  3346  3367 D BluetoothManagerService: Binding to service to get name and address
12-14 02:57:21.201  3346  3346 I WifiService: WifiService starting up with Wi-Fi disabled
12-14 02:57:21.204  3346  3346 I WifiScanningService: Registering wifiscanner
12-14 02:57:21.205  3346  3346 I RttService: Registering rttmanager
12-14 02:57:21.206  3346  3346 I EthernetServiceImpl: Starting Ethernet service
12-14 02:57:21.207  3346  3346 D Ethernet: Registering NetworkFactory
12-14 02:57:21.207  3346  3414 D ConnectivityService: Got NetworkFactory Messenger for Ethernet
12-14 02:57:21.207  3346  3469 D Ethernet: got request NetworkRequest [ id=1, legacyType=-1, [ Capabilities: INTERNET&NOT_RESTRICTED&TRUSTED&NOT_VPN] ] with score 0
12-14 02:57:21.210  3346  3346 V BackupManagerService: No ancestral data
12-14 02:57:21.268  3346  3346 V KeyValueBackupJob: Scheduling k/v pass in 240 minutes
12-14 02:57:21.577  3346  3346 V BackupManagerService: Starting with transport com.google.android.gms/.backup.BackupTransportService
12-14 02:57:21.577  3346  3346 V BackupManagerService: Found transports: 1
12-14 02:57:21.578  3346  3346 I BackupManagerService: Binding to transport host ComponentInfo{android/com.android.internal.backup.LocalTransportService}
12-14 02:57:21.580  3346  3346 W ThemeManagerServiceBroker: Cannot stat /data/system/theme/alarms
12-14 02:57:21.623  3346  3346 W PackageManager: Unable to get pkg for processing system
12-14 02:57:21.623  3346  3346 E PackageManager: Unable to find icon pack: system
12-14 02:57:21.624  3346  3346 I DefaultPermGrantPolicy: Granting permissions to platform components for user 0
12-14 02:57:21.624  3346  3346 D VoldConnector: SND -> {4 volume remount_uid 1001 none}
12-14 02:57:21.624  3346  3370 W KeyguardServiceDelegate: onScreenTurningOn(): no keyguard service!
12-14 02:57:21.624  2925  2985 D vold    : Remounting 1001 as mode none
12-14 02:57:21.627  2925  2985 D vold    : Found matching PID 2977
12-14 02:57:21.627  2925  2985 W vold    : Skipping due to root namespace
12-14 02:57:21.627  3346  3405 D VoldConnector: RCV <- {200 4 Command succeeded}
12-14 02:57:21.627  3346  3346 D VoldConnector: SND -> {5 volume remount_uid 1001 none}
12-14 02:57:21.627  2925  2985 D vold    : Remounting 1001 as mode none
12-14 02:57:21.629  2925  2985 D vold    : Found matching PID 2977
12-14 02:57:21.629  2925  2985 W vold    : Skipping due to root namespace
12-14 02:57:21.629  3346  3405 D VoldConnector: RCV <- {200 5 Command succeeded}
12-14 02:57:21.630  3346  3346 D VoldConnector: SND -> {6 volume remount_uid 1000 none}
12-14 02:57:21.630  2925  2985 D vold    : Remounting 1000 as mode none
12-14 02:57:21.632  2925  2985 D vold    : Found matching PID 2938
12-14 02:57:21.632  2925  2985 W vold    : Skipping due to root namespace
12-14 02:57:21.632  2925  2985 D vold    : Found matching PID 2939
12-14 02:57:21.632  2925  2985 W vold    : Skipping due to root namespace
12-14 02:57:21.632  2925  2985 D vold    : Found matching PID 2984
12-14 02:57:21.632  2925  2985 W vold    : Skipping due to root namespace
12-14 02:57:21.632  2925  2985 D vold    : Found matching PID 3000
12-14 02:57:21.632  2925  2985 W vold    : Skipping due to root namespace
12-14 02:57:21.632  2925  2985 D vold    : Found matching PID 3346
12-14 02:57:21.633  3346  3405 D VoldConnector: RCV <- {200 6 Command succeeded}
12-14 02:57:21.634  3346  3346 D VoldConnector: SND -> {7 volume remount_uid 1000 none}
12-14 02:57:21.634  2925  2985 D vold    : Remounting 1000 as mode none
12-14 02:57:21.636  2925  2985 D vold    : Found matching PID 2938
12-14 02:57:21.636  2925  2985 W vold    : Skipping due to root namespace
12-14 02:57:21.636  2925  2985 D vold    : Found matching PID 2939
12-14 02:57:21.636  2925  2985 W vold    : Skipping due to root namespace
12-14 02:57:21.636  2925  2985 D vold    : Found matching PID 2984
12-14 02:57:21.636  2925  2985 W vold    : Skipping due to root namespace
12-14 02:57:21.636  2925  2985 D vold    : Found matching PID 3000
12-14 02:57:21.636  2925  2985 W vold    : Skipping due to root namespace
12-14 02:57:21.636  2925  2985 D vold    : Found matching PID 3346
12-14 02:57:21.637  3346  3405 D VoldConnector: RCV <- {200 7 Command succeeded}
12-14 02:57:21.638  3346  3346 D VoldConnector: SND -> {8 volume remount_uid 2000 none}
12-14 02:57:21.638  2925  2985 D vold    : Remounting 2000 as mode none
12-14 02:57:21.640  3346  3405 D VoldConnector: RCV <- {200 8 Command succeeded}
12-14 02:57:21.640  3346  3346 D VoldConnector: SND -> {9 volume remount_uid 2000 none}
12-14 02:57:21.640  2925  2985 D vold    : Remounting 2000 as mode none
12-14 02:57:21.643  3346  3405 D VoldConnector: RCV <- {200 9 Command succeeded}
12-14 02:57:21.643  3346  3346 D VoldConnector: SND -> {10 volume remount_uid 10023 none}
12-14 02:57:21.643  2925  2985 D vold    : Remounting 10023 as mode none
12-14 02:57:21.645  3346  3405 D VoldConnector: RCV <- {200 10 Command succeeded}
12-14 02:57:21.645  3346  3346 D VoldConnector: SND -> {11 volume remount_uid 10023 none}
12-14 02:57:21.645  2925  2985 D vold    : Remounting 10023 as mode none
12-14 02:57:21.647  3346  3405 D VoldConnector: RCV <- {200 11 Command succeeded}
12-14 02:57:21.648  3346  3346 D VoldConnector: SND -> {12 volume remount_uid 1002 none}
12-14 02:57:21.648  2925  2985 D vold    : Remounting 1002 as mode none
12-14 02:57:21.650  3346  3405 D VoldConnector: RCV <- {200 12 Command succeeded}
12-14 02:57:21.650  3346  3346 D VoldConnector: SND -> {13 volume remount_uid 1002 none}
12-14 02:57:21.650  2925  2985 D vold    : Remounting 1002 as mode none
12-14 02:57:21.652  3346  3405 D VoldConnector: RCV <- {200 13 Command succeeded}
12-14 02:57:21.653  3346  3346 I DefaultPermGrantPolicy: Granting permissions to default platform handlers for user 0
12-14 02:57:21.653  3346  3346 W VoiceInteractionManagerService: no available voice interaction services found for user 0
12-14 02:57:21.653  3346  3346 W VoiceInteractionManagerService: no available voice recognition services found for user 0
12-14 02:57:21.653  3346  3346 D VoldConnector: SND -> {14 volume remount_uid 10017 none}
12-14 02:57:21.653  2925  2985 D vold    : Remounting 10017 as mode none
12-14 02:57:21.655  3346  3405 D VoldConnector: RCV <- {200 14 Command succeeded}
12-14 02:57:21.656  3346  3346 D VoldConnector: SND -> {15 volume remount_uid 10020 none}
12-14 02:57:21.656  2925  2985 D vold    : Remounting 10020 as mode none
12-14 02:57:21.658  3346  3405 D VoldConnector: RCV <- {200 15 Command succeeded}
12-14 02:57:21.659  3346  3346 D VoldConnector: SND -> {16 volume remount_uid 10020 none}
12-14 02:57:21.659  2925  2985 D vold    : Remounting 10020 as mode none
12-14 02:57:21.661  3346  3405 D VoldConnector: RCV <- {200 16 Command succeeded}
12-14 02:57:21.661  3346  3346 D VoldConnector: SND -> {17 volume remount_uid 10010 none}
12-14 02:57:21.661  2925  2985 D vold    : Remounting 10010 as mode none
12-14 02:57:21.663  3346  3405 D VoldConnector: RCV <- {200 17 Command succeeded}
12-14 02:57:21.663  3346  3346 D VoldConnector: SND -> {18 volume remount_uid 10010 none}
12-14 02:57:21.663  2925  2985 D vold    : Remounting 10010 as mode none
12-14 02:57:21.665  3346  3405 D VoldConnector: RCV <- {200 18 Command succeeded}
12-14 02:57:21.666  3346  3346 D VoldConnector: SND -> {19 volume remount_uid 10009 none}
12-14 02:57:21.666  2925  2985 D vold    : Remounting 10009 as mode none
12-14 02:57:21.668  3346  3405 D VoldConnector: RCV <- {200 19 Command succeeded}
12-14 02:57:21.668  3346  3346 D VoldConnector: SND -> {20 volume remount_uid 10009 none}
12-14 02:57:21.668  2925  2985 D vold    : Remounting 10009 as mode none
12-14 02:57:21.670  3346  3405 D VoldConnector: RCV <- {200 20 Command succeeded}
12-14 02:57:21.671  3346  3346 D VoldConnector: SND -> {21 volume remount_uid 10002 none}
12-14 02:57:21.671  2925  2985 D vold    : Remounting 10002 as mode none
12-14 02:57:21.673  3346  3405 D VoldConnector: RCV <- {200 21 Command succeeded}
12-14 02:57:21.674  3346  3346 D VoldConnector: SND -> {22 volume remount_uid 10002 none}
12-14 02:57:21.674  2925  2985 D vold    : Remounting 10002 as mode none
12-14 02:57:21.676  3346  3405 D VoldConnector: RCV <- {200 22 Command succeeded}
12-14 02:57:21.677  3346  3346 D VoldConnector: SND -> {23 volume remount_uid 10040 none}
12-14 02:57:21.677  2925  2985 D vold    : Remounting 10040 as mode none
12-14 02:57:21.679  3346  3405 D VoldConnector: RCV <- {200 23 Command succeeded}
12-14 02:57:21.679  3346  3346 D VoldConnector: SND -> {24 volume remount_uid 10040 none}
12-14 02:57:21.679  2925  2985 D vold    : Remounting 10040 as mode none
12-14 02:57:21.682  3346  3405 D VoldConnector: RCV <- {200 24 Command succeeded}
12-14 02:57:21.683  3346  3346 I ActivityManager: Pre-boot of {org.cyanogenmod.cmsettings/org.cyanogenmod.cmsettings.PreBootReceiver} for user 0
12-14 02:57:21.684  3346  3346 I SystemServer: Enabled StrictMode for system server main thread.
12-14 02:57:21.692  3346  3346 D RttService: SCAN_AVAILABLE : 1
12-14 02:57:21.692  3346  3468 D RttService: DefaultState got{ when=0 what=160513 target=com.android.internal.util.StateMachine$SmHandler }
12-14 02:57:21.839  3346  3346 W CMSettings: Setting dev_force_show_navbar has moved from CMSettings.Secure to CMSettings.Global, value is unchanged.
12-14 02:57:21.907  3346  3346 I ActivityManager: Pre-boot of {com.android.providers.calendar/com.android.providers.calendar.CalendarUpgradeReceiver} for user 0
12-14 02:57:21.917  3346  3346 I Zygote  : Process: zygote socket opened, supported ABIS: arm64-v8a,armeabi
12-14 02:57:21.918  2982  3351 I art     : Starting a blocking GC HeapTrim
12-14 02:57:21.928  3346  3346 I ActivityManager: Start proc 3507:com.android.providers.calendar/u0a2 for broadcast com.android.providers.calendar/.CalendarUpgradeReceiver
12-14 02:57:21.933  3346  3358 I ActivityManager: Launching preboot mode app: ProcessRecord{509a8c5 3507:com.android.providers.calendar/u0a2}
12-14 02:57:21.934  3346  3358 W SchedPolicy: zygote64 add_tid_to_cpuset failed to write '3507' (Permission denied); fd=49
12-14 02:57:21.935  3346  3358 W ActivityManager: Failed setting process group of 3507 to 0
12-14 02:57:21.935  3346  3358 W System.err: java.lang.IllegalArgumentException
12-14 02:57:21.935  3346  3358 W System.err: 	at android.os.Process.setProcessGroup(Native Method)
12-14 02:57:21.935  3346  3358 W System.err: 	at com.android.server.am.ActivityManagerService.applyOomAdjLocked(ActivityManagerService.java:19193)
12-14 02:57:21.935  3346  3358 W System.err: 	at com.android.server.am.ActivityManagerService.updateOomAdjLocked(ActivityManagerService.java:19716)
12-14 02:57:21.935  3346  3358 W System.err: 	at com.android.server.am.BroadcastQueue.processCurBroadcastLocked(BroadcastQueue.java:267)
12-14 02:57:21.935  3346  3358 W System.err: 	at com.android.server.am.BroadcastQueue.sendPendingBroadcastsLocked(BroadcastQueue.java:307)
12-14 02:57:21.935  3346  3358 W System.err: 	at com.android.server.am.ActivityManagerService.sendPendingBroadcastsLocked(ActivityManagerService.java:16632)
12-14 02:57:21.935  3346  3358 W System.err: 	at com.android.server.am.ActivityManagerService.attachApplicationLocked(ActivityManagerService.java:6491)
12-14 02:57:21.935  3346  3358 W System.err: 	at com.android.server.am.ActivityManagerService.attachApplication(ActivityManagerService.java:6532)
12-14 02:57:21.935  3346  3358 W System.err: 	at android.app.ActivityManagerNative.onTransact(ActivityManagerNative.java:507)
12-14 02:57:21.935  3346  3358 W System.err: 	at com.android.server.am.ActivityManagerService.onTransact(ActivityManagerService.java:2680)
12-14 02:57:21.935  3346  3358 W System.err: 	at android.os.Binder.execTransact(Binder.java:453)
12-14 02:57:21.945  3507  3507 W System  : ClassLoader referenced unknown path: /system/priv-app/CalendarProvider/lib/arm64
12-14 02:57:21.955  3346  3346 V BackupManagerService: Connected to transport ComponentInfo{android/com.android.internal.backup.LocalTransportService}
12-14 02:57:21.955  3346  3346 V BackupManagerService: Registering transport android/com.android.internal.backup.LocalTransportService::android/com.android.internal.backup.LocalTransport = android.app.backup.BackupTransport$TransportImpl@3e7121a
12-14 02:57:22.057  3346  3358 I ActivityManager: Pre-boot of {com.android.providers.contacts/com.android.providers.contacts.ContactsUpgradeReceiver} for user 0
12-14 02:57:22.067  3346  3358 I ActivityManager: Start proc 3542:android.process.acore/u0a4 for broadcast com.android.providers.contacts/.ContactsUpgradeReceiver
12-14 02:57:22.071  3346  3531 I ActivityManager: Launching preboot mode app: ProcessRecord{b02d14b 3542:android.process.acore/u0a4}
12-14 02:57:22.072  3346  3531 W SchedPolicy: zygote64 add_tid_to_cpuset failed to write '3542' (Permission denied); fd=49
12-14 02:57:22.072  3346  3531 W ActivityManager: Failed setting process group of 3542 to 0
12-14 02:57:22.072  3346  3531 W System.err: java.lang.IllegalArgumentException
12-14 02:57:22.072  3346  3531 W System.err: 	at android.os.Process.setProcessGroup(Native Method)
12-14 02:57:22.072  3346  3531 W System.err: 	at com.android.server.am.ActivityManagerService.applyOomAdjLocked(ActivityManagerService.java:19193)
12-14 02:57:22.072  3346  3531 W System.err: 	at com.android.server.am.ActivityManagerService.updateOomAdjLocked(ActivityManagerService.java:19716)
12-14 02:57:22.072  3346  3531 W System.err: 	at com.android.server.am.BroadcastQueue.processCurBroadcastLocked(BroadcastQueue.java:267)
12-14 02:57:22.072  3346  3531 W System.err: 	at com.android.server.am.BroadcastQueue.sendPendingBroadcastsLocked(BroadcastQueue.java:307)
12-14 02:57:22.072  3346  3531 W System.err: 	at com.android.server.am.ActivityManagerService.sendPendingBroadcastsLocked(ActivityManagerService.java:16632)
12-14 02:57:22.072  3346  3531 W System.err: 	at com.android.server.am.ActivityManagerService.attachApplicationLocked(ActivityManagerService.java:6491)
12-14 02:57:22.072  3346  3531 W System.err: 	at com.android.server.am.ActivityManagerService.attachApplication(ActivityManagerService.java:6532)
12-14 02:57:22.072  3346  3531 W System.err: 	at android.app.ActivityManagerNative.onTransact(ActivityManagerNative.java:507)
12-14 02:57:22.072  3346  3531 W System.err: 	at com.android.server.am.ActivityManagerService.onTransact(ActivityManagerService.java:2680)
12-14 02:57:22.072  3346  3531 W System.err: 	at android.os.Binder.execTransact(Binder.java:453)
12-14 02:57:22.081  3542  3542 W System  : ClassLoader referenced unknown path: /system/priv-app/ContactsProvider/lib/arm64
12-14 02:57:22.156  3542  3542 I ContactsUpgradeReceiver: Creating or opening contacts database
12-14 02:57:22.312  3542  3542 I ContactsDatabaseHelper: Bootstrapping database version: 1013
12-14 02:57:22.377  3542  3542 I ContactsProviderV1: Bootstrapping database legacy support
12-14 02:57:22.625  3346  3362 W WindowManager: Keyguard drawn timeout. Setting mKeyguardDrawComplete
12-14 02:57:22.848  3542  3542 I ContactsDatabaseHelper: Bootstrapping database version: 1013
12-14 02:57:22.890  3542  3542 I ContactsProviderV1: Bootstrapping database legacy support
12-14 02:57:23.192  3542  3542 I ContactsProvider: Locale has changed from null to en-US
12-14 02:57:23.193  3542  3542 I ContactsDatabaseHelper: Switching to locale en-US (ICU v55.1)
12-14 02:57:23.361  3542  3542 I ContactsDatabaseHelper: Locale change completed in 168ms
12-14 02:57:23.362  3542  3542 I ContactsDatabaseHelper: Switching to locale en-US (ICU v55.1)
12-14 02:57:23.498  3542  3542 I ContactsDatabaseHelper: Locale change completed in 136ms
12-14 02:57:23.726  3346  3531 I ActivityManager: Pre-boot of {com.android.managedprovisioning/com.android.managedprovisioning.PreBootListener} for user 0
12-14 02:57:23.737  3346  3531 I ActivityManager: Start proc 3569:com.android.managedprovisioning/u0a12 for broadcast com.android.managedprovisioning/.PreBootListener
12-14 02:57:23.741  3346  3358 I ActivityManager: Launching preboot mode app: ProcessRecord{6fa2728 3569:com.android.managedprovisioning/u0a12}
12-14 02:57:23.742  3346  3358 W SchedPolicy: zygote64 add_tid_to_cpuset failed to write '3569' (Permission denied); fd=49
12-14 02:57:23.742  3346  3358 W ActivityManager: Failed setting process group of 3569 to 0
12-14 02:57:23.742  3346  3358 W System.err: java.lang.IllegalArgumentException
12-14 02:57:23.742  3346  3358 W System.err: 	at android.os.Process.setProcessGroup(Native Method)
12-14 02:57:23.742  3346  3358 W System.err: 	at com.android.server.am.ActivityManagerService.applyOomAdjLocked(ActivityManagerService.java:19193)
12-14 02:57:23.742  3346  3358 W System.err: 	at com.android.server.am.ActivityManagerService.updateOomAdjLocked(ActivityManagerService.java:19716)
12-14 02:57:23.742  3346  3358 W System.err: 	at com.android.server.am.BroadcastQueue.processCurBroadcastLocked(BroadcastQueue.java:267)
12-14 02:57:23.742  3346  3358 W System.err: 	at com.android.server.am.BroadcastQueue.sendPendingBroadcastsLocked(BroadcastQueue.java:307)
12-14 02:57:23.742  3346  3358 W System.err: 	at com.android.server.am.ActivityManagerService.sendPendingBroadcastsLocked(ActivityManagerService.java:16632)
12-14 02:57:23.742  3346  3358 W System.err: 	at com.android.server.am.ActivityManagerService.attachApplicationLocked(ActivityManagerService.java:6491)
12-14 02:57:23.742  3346  3358 W System.err: 	at com.android.server.am.ActivityManagerService.attachApplication(ActivityManagerService.java:6532)
12-14 02:57:23.742  3346  3358 W System.err: 	at android.app.ActivityManagerNative.onTransact(ActivityManagerNative.java:507)
12-14 02:57:23.742  3346  3358 W System.err: 	at com.android.server.am.ActivityManagerService.onTransact(ActivityManagerService.java:2680)
12-14 02:57:23.742  3346  3358 W System.err: 	at android.os.Binder.execTransact(Binder.java:453)
12-14 02:57:23.751  3569  3569 W System  : ClassLoader referenced unknown path: /system/priv-app/ManagedProvisioning/lib/arm64
12-14 02:57:23.755  3346  3531 I ActivityManager: Pre-boot of {com.android.providers.media/com.android.providers.media.MediaUpgradeReceiver} for user 0
12-14 02:57:23.766  3346  3531 I ActivityManager: Start proc 3582:android.process.media/u0a10 for broadcast com.android.providers.media/.MediaUpgradeReceiver
12-14 02:57:23.769  3346  3359 I ActivityManager: Launching preboot mode app: ProcessRecord{1610c41 3582:android.process.media/u0a10}
12-14 02:57:23.769  3346  3359 W SchedPolicy: zygote64 add_tid_to_cpuset failed to write '3582' (Permission denied); fd=49
12-14 02:57:23.770  3346  3359 W ActivityManager: Failed setting process group of 3582 to 0
12-14 02:57:23.770  3346  3359 W System.err: java.lang.IllegalArgumentException
12-14 02:57:23.770  3346  3359 W System.err: 	at android.os.Process.setProcessGroup(Native Method)
12-14 02:57:23.770  3346  3359 W System.err: 	at com.android.server.am.ActivityManagerService.applyOomAdjLocked(ActivityManagerService.java:19193)
12-14 02:57:23.770  3346  3359 W System.err: 	at com.android.server.am.ActivityManagerService.updateOomAdjLocked(ActivityManagerService.java:19716)
12-14 02:57:23.770  3346  3359 W System.err: 	at com.android.server.am.BroadcastQueue.processCurBroadcastLocked(BroadcastQueue.java:267)
12-14 02:57:23.770  3346  3359 W System.err: 	at com.android.server.am.BroadcastQueue.sendPendingBroadcastsLocked(BroadcastQueue.java:307)
12-14 02:57:23.770  3346  3359 W System.err: 	at com.android.server.am.ActivityManagerService.sendPendingBroadcastsLocked(ActivityManagerService.java:16632)
12-14 02:57:23.770  3346  3359 W System.err: 	at com.android.server.am.ActivityManagerService.attachApplicationLocked(ActivityManagerService.java:6491)
12-14 02:57:23.770  3346  3359 W System.err: 	at com.android.server.am.ActivityManagerService.attachApplication(ActivityManagerService.java:6532)
12-14 02:57:23.770  3346  3359 W System.err: 	at android.app.ActivityManagerNative.onTransact(ActivityManagerNative.java:507)
12-14 02:57:23.770  3346  3359 W System.err: 	at com.android.server.am.ActivityManagerService.onTransact(ActivityManagerService.java:2680)
12-14 02:57:23.770  3346  3359 W System.err: 	at android.os.Binder.execTransact(Binder.java:453)
12-14 02:57:23.778  3582  3582 W System  : ClassLoader referenced unknown path: /system/priv-app/MediaProvider/lib/arm64
12-14 02:57:23.811  3346  3359 I ActivityManager: Pre-boot of {com.android.dialer/com.android.dialer.SystemUpdateReceiver} for user 0
12-14 02:57:23.822  3346  3359 I ActivityManager: Start proc 3596:com.android.dialer/u0a22 for broadcast com.android.dialer/.SystemUpdateReceiver
12-14 02:57:23.826  3346  3531 I ActivityManager: Launching preboot mode app: ProcessRecord{35435e6 3596:com.android.dialer/u0a22}
12-14 02:57:23.826  3346  3531 W SchedPolicy: zygote64 add_tid_to_cpuset failed to write '3596' (Permission denied); fd=49
12-14 02:57:23.827  3346  3531 W ActivityManager: Failed setting process group of 3596 to 0
12-14 02:57:23.827  3346  3531 W System.err: java.lang.IllegalArgumentException
12-14 02:57:23.827  3346  3531 W System.err: 	at android.os.Process.setProcessGroup(Native Method)
12-14 02:57:23.827  3346  3531 W System.err: 	at com.android.server.am.ActivityManagerService.applyOomAdjLocked(ActivityManagerService.java:19193)
12-14 02:57:23.827  3346  3531 W System.err: 	at com.android.server.am.ActivityManagerService.updateOomAdjLocked(ActivityManagerService.java:19716)
12-14 02:57:23.827  3346  3531 W System.err: 	at com.android.server.am.BroadcastQueue.processCurBroadcastLocked(BroadcastQueue.java:267)
12-14 02:57:23.827  3346  3531 W System.err: 	at com.android.server.am.BroadcastQueue.sendPendingBroadcastsLocked(BroadcastQueue.java:307)
12-14 02:57:23.827  3346  3531 W System.err: 	at com.android.server.am.ActivityManagerService.sendPendingBroadcastsLocked(ActivityManagerService.java:16632)
12-14 02:57:23.827  3346  3531 W System.err: 	at com.android.server.am.ActivityManagerService.attachApplicationLocked(ActivityManagerService.java:6491)
12-14 02:57:23.827  3346  3531 W System.err: 	at com.android.server.am.ActivityManagerService.attachApplication(ActivityManagerService.java:6532)
12-14 02:57:23.827  3346  3531 W System.err: 	at android.app.ActivityManagerNative.onTransact(ActivityManagerNative.java:507)
12-14 02:57:23.827  3346  3531 W System.err: 	at com.android.server.am.ActivityManagerService.onTransact(ActivityManagerService.java:2680)
12-14 02:57:23.827  3346  3531 W System.err: 	at android.os.Binder.execTransact(Binder.java:453)
12-14 02:57:23.839  3596  3596 W System  : ClassLoader referenced unknown path: /system/priv-app/Dialer/lib/arm64
12-14 02:57:23.908  3596  3596 W MOD.CyanogenAmbientUtil: Cyanogen Ambient package is missing! Version 1050100 is required.
12-14 02:57:23.908  3346  3556 I ActivityManager: Pre-boot of {com.android.settings/com.android.settings.ManagedProfileSetup} for user 0
12-14 02:57:23.919  3346  3556 I ActivityManager: Start proc 3609:com.android.settings/1000 for broadcast com.android.settings/.ManagedProfileSetup
12-14 02:57:23.923  3346  3359 I ActivityManager: Launching preboot mode app: ProcessRecord{92b3727 3609:com.android.settings/1000}
12-14 02:57:23.944  3609  3609 W System  : ClassLoader referenced unknown path: /system/priv-app/Settings/lib/arm64
12-14 02:57:24.023  3346  3361 I ActivityManager: Removing system update proc: ProcessRecord{509a8c5 3507:com.android.providers.calendar/u0a2}
12-14 02:57:24.024  3346  3361 I ActivityManager: Killing 3507:com.android.providers.calendar/u0a2 (adj 13): system update done
12-14 02:57:24.034  3346  3361 D ActivityManager: cleanUpApplicationRecord -- 3507
12-14 02:57:24.034  3346  3361 I ActivityManager: Removing system update proc: ProcessRecord{b02d14b 3542:android.process.acore/u0a4}
12-14 02:57:24.035  3346  3361 I ActivityManager: Killing 3542:android.process.acore/u0a4 (adj 13): system update done
12-14 02:57:24.045  3346  3361 D ActivityManager: cleanUpApplicationRecord -- 3542
12-14 02:57:24.045  3346  3361 I ActivityManager: Removing system update proc: ProcessRecord{6fa2728 3569:com.android.managedprovisioning/u0a12}
12-14 02:57:24.045  3346  3361 I ActivityManager: Killing 3569:com.android.managedprovisioning/u0a12 (adj 11): system update done
12-14 02:57:24.056  3346  3361 D ActivityManager: cleanUpApplicationRecord -- 3569
12-14 02:57:24.056  3346  3361 I ActivityManager: Removing system update proc: ProcessRecord{1610c41 3582:android.process.media/u0a10}
12-14 02:57:24.056  3346  3361 I ActivityManager: Killing 3582:android.process.media/u0a10 (adj 11): system update done
12-14 02:57:24.066  3346  3361 D ActivityManager: cleanUpApplicationRecord -- 3582
12-14 02:57:24.067  3346  3361 I ActivityManager: Removing system update proc: ProcessRecord{35435e6 3596:com.android.dialer/u0a22}
12-14 02:57:24.067  3346  3361 I ActivityManager: Killing 3596:com.android.dialer/u0a22 (adj 9): system update done
12-14 02:57:24.077  3346  3361 D ActivityManager: cleanUpApplicationRecord -- 3596
12-14 02:57:24.077  3346  3361 I ActivityManager: Removing system update proc: ProcessRecord{92b3727 3609:com.android.settings/1000}
12-14 02:57:24.077  3346  3361 I ActivityManager: Killing 3609:com.android.settings/1000 (adj 9): system update done
12-14 02:57:24.088  3346  3361 D ActivityManager: cleanUpApplicationRecord -- 3609
12-14 02:57:24.088  3346  3361 I ActivityManager: System now ready
12-14 02:57:24.088  3346  3531 W ActivityManager: Spurious death for ProcessRecord{509a8c5 0:com.android.providers.calendar/u0a2}, curProc for 3507: null
12-14 02:57:24.088  3346  3359 W ActivityManager: Spurious death for ProcessRecord{1610c41 0:android.process.media/u0a10}, curProc for 3582: null
12-14 02:57:24.088  3346  3623 W ActivityManager: Spurious death for ProcessRecord{35435e6 0:com.android.dialer/u0a22}, curProc for 3596: null
12-14 02:57:24.088  3346  3556 W ActivityManager: Spurious death for ProcessRecord{92b3727 0:com.android.settings/1000}, curProc for 3609: null
12-14 02:57:24.088  3346  3358 W ActivityManager: Spurious death for ProcessRecord{6fa2728 0:com.android.managedprovisioning/u0a12}, curProc for 3569: null
12-14 02:57:24.089  3346  3361 I SystemServer: Making services ready
12-14 02:57:24.089  3346  3361 I SystemServiceManager: Starting phase 550
12-14 02:57:24.090  3346  3404 D MountService: Thinking about reset, mSystemReady=true, mDaemonConnected=true
12-14 02:57:24.090  3346  3404 D VoldConnector: SND -> {25 volume reset}
12-14 02:57:24.090  3346  3361 D UsbAlsaManager: Adding ALSA device AlsaDevice: [card: 0, device: 9, type: 1]
12-14 02:57:24.090  3346  3361 D UsbAlsaManager: Adding ALSA device AlsaDevice: [card: 0, device: 8, type: 1]
12-14 02:57:24.090  3346  3361 D UsbAlsaManager: Adding ALSA device AlsaDevice: [card: 0, device: 7, type: 1]
12-14 02:57:24.090  3346  3361 D UsbAlsaManager: Adding ALSA device AlsaDevice: [card: 0, device: 6, type: 1]
12-14 02:57:24.090  3346  3405 D VoldConnector: RCV <- {651 emulated 7}
12-14 02:57:24.090  3346  3361 D UsbAlsaManager: Adding ALSA device AlsaDevice: [card: 0, device: 3, type: 1]
12-14 02:57:24.090  3346  3361 D UsbAlsaManager: Adding ALSA device AlsaDevice: [card: 0, device: 2, type: 1]
12-14 02:57:24.090  3346  3361 D UsbAlsaManager: Adding ALSA device AlsaDevice: [card: 0, device: 1, type: 1]
12-14 02:57:24.090  3346  3361 D UsbAlsaManager: Adding ALSA device AlsaDevice: [card: 0, device: 2, type: 2]
12-14 02:57:24.090  3346  3405 D VoldConnector: RCV <- {659 emulated}
12-14 02:57:24.090  3346  3361 D UsbAlsaManager: Adding ALSA device AlsaDevice: [card: 0, device: 0, type: 1]
12-14 02:57:24.090  3346  3361 D UsbAlsaManager: Adding ALSA device AlsaDevice: [card: 0, device: 1, type: 2]
12-14 02:57:24.090  3346  3361 D UsbAlsaManager: Adding ALSA device AlsaDevice: [card: 0, device: 0, type: 2]
12-14 02:57:24.090  3346  3405 D VoldConnector: RCV <- {650 emulated 2 "" ""}
12-14 02:57:24.090  3346  3405 D VoldConnector: RCV <- {654 emulated emulated}
12-14 02:57:24.091  3346  3405 D VoldConnector: RCV <- {651 emulated 0}
12-14 02:57:24.091  3346  3405 D VoldConnector: RCV <- {200 25 Command succeeded}
12-14 02:57:24.091  3346  3404 D VoldConnector: SND -> {26 volume user_added 0 0}
12-14 02:57:24.091  3346  3405 D VoldConnector: RCV <- {200 26 Command succeeded}
12-14 02:57:24.091  3346  3346 W System  : ClassLoader referenced unknown path: /system/priv-app/Telecom/lib/arm64
12-14 02:57:24.091  3346  3361 W MountService: No primary storage defined yet; hacking together a stub
12-14 02:57:24.092  3346  3363 V MountService: Found primary storage at VolumeInfo{emulated}:
12-14 02:57:24.092  3346  3363 V MountService:     type=EMULATED diskId=null partGuid=null mountFlags=0 mountUserId=-1 
12-14 02:57:24.092  3346  3363 V MountService:     state=UNMOUNTED 
12-14 02:57:24.092  3346  3363 V MountService:     fsType=null fsUuid=null fsLabel=null 
12-14 02:57:24.092  3346  3363 V MountService:     path=null internalPath=null 
12-14 02:57:24.092  3346  3404 D VoldConnector: SND -> {27 volume mount emulated 3 -1}
12-14 02:57:24.092  3346  3405 D VoldConnector: RCV <- {651 emulated 1}
12-14 02:57:24.092  3346  3405 D VoldConnector: RCV <- {656 emulated /data/media}
12-14 02:57:24.092  3346  3405 D VoldConnector: RCV <- {655 emulated /storage/emulated}
12-14 02:57:24.093  2925  2985 V vold    : Waiting for FUSE to spin up...
12-14 02:57:24.103  3346  3361 I ActivityManager: Start proc 3628:com.android.systemui/u0a23 for service com.android.systemui/.keyguard.KeyguardService
12-14 02:57:24.103  3346  3361 I BrokerableCMSystemService: Connecting to implementation
12-14 02:57:24.103  3346  3361 W ContextImpl: Calling a method in the system process without a qualified user: android.app.ContextImpl.bindService:1295 org.cyanogenmod.platform.internal.BrokerableCMSystemService.tryConnecting:199 org.cyanogenmod.platform.internal.ThemeManagerServiceBroker.onBootPhase:270 com.android.server.SystemServiceManager.startBootPhase:135 com.android.server.SystemServer$2.run:1180 
12-14 02:57:24.114  3346  3361 I ActivityManager: Start proc 3647:org.cyanogenmod.themeservice/u0a19 for service org.cyanogenmod.themeservice/.ThemeManagerService
12-14 02:57:24.114  3346  3361 I SystemServer: WebViewFactory preparation
12-14 02:57:24.126  3628  3628 W System  : ClassLoader referenced unknown path: /system/priv-app/SystemUI/lib/arm64
12-14 02:57:24.131  3346  3361 I Zygote  : Process: zygote socket opened, supported ABIS: armeabi-v7a,armeabi
12-14 02:57:24.132  2983  2983 I art     : Starting a blocking GC Background
12-14 02:57:24.143  3346  3405 D VoldConnector: RCV <- {651 emulated 2}
12-14 02:57:24.143  3346  3405 D VoldConnector: RCV <- {200 27 Command succeeded}
12-14 02:57:24.160  3346  3361 I ActivityManager: Start proc 3661:WebViewLoader-armeabi-v7a/1037 [android.webkit.WebViewFactory$RelroFileCreator] for 
12-14 02:57:24.164  3661  3661 V WebViewFactory: RelroFileCreator (64bit = false),  32-bit lib: /system/app/webview/webview.apk!/lib/armeabi-v7a/libwebviewchromium.so, 64-bit lib: /system/app/webview/webview.apk!/lib/arm64-v8a/libwebviewchromium.so
12-14 02:57:24.170  3346  3361 I ActivityManager: Start proc 3674:WebViewLoader-arm64-v8a/1037 [android.webkit.WebViewFactory$RelroFileCreator] for 
12-14 02:57:24.171  3674  3674 V WebViewFactory: RelroFileCreator (64bit = true),  32-bit lib: /system/app/webview/webview.apk!/lib/armeabi-v7a/libwebviewchromium.so, 64-bit lib: /system/app/webview/webview.apk!/lib/arm64-v8a/libwebviewchromium.so
12-14 02:57:24.172  3346  3361 D NetworkManagement: enabling bandwidth control
12-14 02:57:24.172  3346  3367 D BluetoothManagerService: Message: 20
12-14 02:57:24.172  3346  3367 D BluetoothManagerService: Added callback: android.bluetooth.BluetoothAdapter$1@ffd8634:true
12-14 02:57:24.173  3346  3367 D BluetoothManagerService: Message: 30
12-14 02:57:24.176  3346  3346 I Telecom : ViceNotificationImpl: ViceNotificationImpl
12-14 02:57:24.177  3647  3647 W System  : ClassLoader referenced unknown path: /system/priv-app/ThemeManagerService/lib/arm64
12-14 02:57:24.179  3029  3029 W auditd  : type=1325 audit(0.0:137): table=filter family=2 entries=52
12-14 02:57:24.179  3029  3029 W auditd  : type=1320 audit(0.0:137): 
12-14 02:57:24.179  3029  3029 W auditd  : type=1325 audit(0.0:138): table=filter family=10 entries=55
12-14 02:57:24.179  3029  3029 W auditd  : type=1320 audit(0.0:138): 
12-14 02:57:24.180  3647  3647 I ThemeManagerService: Spawned worker thread
12-14 02:57:24.189  3029  3029 W auditd  : type=1325 audit(0.0:139): table=filter family=2 entries=51
