12-04 07:00:27.031  3353  3393 I PackageManager: /system/priv-app/Trebuchet changed; collecting certs
12-04 07:00:27.085  3353  3390 I PackageManager: /system/priv-app/VpnDialogs changed; collecting certs
12-04 07:00:27.232  3353  3394 I PackageManager: /system/priv-app/WallpaperCropper changed; collecting certs
12-04 07:00:27.287  3353  3390 I PackageManager: /system/priv-app/WeatherManagerService changed; collecting certs
12-04 07:00:27.455  3353  3394 I PackageManager: /system/priv-app/WeatherProvider changed; collecting certs
12-04 07:00:27.590  3353  3388 I PackageManager: New shared user android.uid.systemui: id=10027
12-04 07:00:27.664  3353  3393 W PackageManager: Permission com.android.launcher.permission.INSTALL_SHORTCUT from package com.cyanogenmod.trebuchet in an unknown group android.permission-group.SYSTEM_TOOLS
12-04 07:00:27.664  3353  3393 W PackageManager: Permission com.android.launcher3.permission.READ_SETTINGS from package com.cyanogenmod.trebuchet in an unknown group android.permission-group.SYSTEM_TOOLS
12-04 07:00:27.664  3353  3393 W PackageManager: Permission com.android.launcher3.permission.WRITE_SETTINGS from package com.cyanogenmod.trebuchet in an unknown group android.permission-group.SYSTEM_TOOLS
12-04 07:00:27.761  3353  3367 I art     : Background partial concurrent mark sweep GC freed 271484(16MB) AllocSpace objects, 73(4MB) LOS objects, 32% free, 33MB/49MB, paused 3.848ms total 576.693ms
12-04 07:00:28.111  3353  3353 D PackageManager: end scanDirLI:/system/priv-app
12-04 07:00:28.111  3353  3353 D PackageManager: start scanDirLI:/system/app
12-04 07:00:28.111  3353  3353 D PackageManager: max thread:6
12-04 07:00:28.118  3353  3389 I PackageManager: /system/app/BluetoothMidiService changed; collecting certs
12-04 07:00:28.127  3353  3390 I PackageManager: /system/app/BasicDreams changed; collecting certs
12-04 07:00:28.165  3353  3391 I PackageManager: /system/app/CMWallpapers changed; collecting certs
12-04 07:00:28.174  3353  3388 W PackageParser: No actions in intent filter at /system/app/CMFileManager/CMFileManager.apk Binary XML file line #164
12-04 07:00:28.175  3353  3388 I PackageManager: /system/app/CMFileManager changed; collecting certs
12-04 07:00:28.263  3353  3394 W PackageParser: No actions in intent filter at /system/app/Bluetooth/Bluetooth.apk Binary XML file line #235
12-04 07:00:28.265  3353  3394 I PackageManager: /system/app/Bluetooth changed; collecting certs
12-04 07:00:28.277  3353  3393 I PackageManager: /system/app/Browser changed; collecting certs
12-04 07:00:28.416  3353  3390 I PackageManager: /system/app/Camera2 changed; collecting certs
12-04 07:00:28.435  3353  3389 I PackageManager: /system/app/Calendar changed; collecting certs
12-04 07:00:28.566  3353  3394 I PackageManager: /system/app/CaptivePortalLogin changed; collecting certs
12-04 07:00:28.580  3353  3391 I PackageManager: /system/app/CertInstaller changed; collecting certs
12-04 07:00:28.788  3353  3391 I PackageManager: /system/app/Development changed; collecting certs
12-04 07:00:28.816  3353  3394 I PackageManager: /system/app/DeskClock changed; collecting certs
12-04 07:00:28.943  3353  3388 I PackageManager: /system/app/DocumentsUI changed; collecting certs
12-04 07:00:28.946  3353  3393 I PackageManager: /system/app/DownloadProviderUi changed; collecting certs
12-04 07:00:29.144  3353  3391 I PackageManager: /system/app/Eleven changed; collecting certs
12-04 07:00:29.261  3353  3389 I PackageManager: /system/app/ExactCalculator changed; collecting certs
12-04 07:00:29.349  3353  3393 I PackageManager: /system/app/Email changed; collecting certs
12-04 07:00:29.479  3353  3388 I PackageManager: /system/app/Exchange2 changed; collecting certs
12-04 07:00:29.579  3353  3389 I PackageManager: /system/app/Galaxy4 changed; collecting certs
12-04 07:00:29.677  3353  3367 I art     : Background sticky concurrent mark sweep GC freed 203817(13MB) AllocSpace objects, 119(4MB) LOS objects, 22% free, 38MB/49MB, paused 2.767ms total 612.622ms
12-04 07:00:29.764  3353  3388 I PackageManager: /system/app/HTMLViewer changed; collecting certs
12-04 07:00:29.778  3353  3391 W PackageParser: Unknown element under <application>: permission at /system/app/Gallery2/Gallery2.apk Binary XML file line #279
12-04 07:00:29.778  3353  3391 W PackageParser: Unknown element under <application>: permission at /system/app/Gallery2/Gallery2.apk Binary XML file line #282
12-04 07:00:29.781  3353  3391 I PackageManager: /system/app/Gallery2 changed; collecting certs
12-04 07:00:29.879  3353  3389 I PackageManager: /system/app/HoloSpiralWallpaper changed; collecting certs
12-04 07:00:29.911  3353  3390 I PackageManager: /system/app/HexoLibre changed; collecting certs
12-04 07:00:29.947  3353  3394 I PackageManager: /system/app/KeyChain changed; collecting certs
12-04 07:00:30.061  3353  3388 I PackageManager: /system/app/LatinIME changed; collecting certs
12-04 07:00:30.147  3353  3389 I PackageManager: /system/app/LiveWallpapers changed; collecting certs
12-04 07:00:30.159  3353  3394 I PackageManager: /system/app/LiveWallpapersPicker changed; collecting certs
12-04 07:00:30.415  3353  3394 I PackageManager: /system/app/LockClock changed; collecting certs
12-04 07:00:30.421  3353  3389 I PackageManager: /system/app/NoiseField changed; collecting certs
12-04 07:00:30.714  3353  3389 I PackageManager: /system/app/PacProcessor changed; collecting certs
12-04 07:00:30.924  3353  3389 I PackageManager: /system/app/PhaseBeam changed; collecting certs
12-04 07:00:31.124  3353  3393 I PackageManager: /system/app/PhotoPhase changed; collecting certs
12-04 07:00:31.240  3353  3389 I PackageManager: /system/app/PicoTts changed; collecting certs
12-04 07:00:31.247  3353  3391 I PackageManager: /system/app/PhotoTable changed; collecting certs
12-04 07:00:31.387  3353  3367 I art     : Background partial concurrent mark sweep GC freed 269088(16MB) AllocSpace objects, 117(6MB) LOS objects, 31% free, 35MB/51MB, paused 3.072ms total 821.213ms
12-04 07:00:31.419  3353  3394 I PackageManager: /system/app/PrintSpooler changed; collecting certs
12-04 07:00:31.487  3353  3389 I PackageManager: /system/app/Profiles changed; collecting certs
12-04 07:00:31.526  3353  3391 I PackageManager: /system/app/RootPA changed; collecting certs
12-04 07:00:31.545  3353  3393 I PackageManager: /system/app/Provision changed; collecting certs
12-04 07:00:31.618  3353  3390 I PackageManager: /system/app/SamsungServiceMode changed; collecting certs
12-04 07:00:31.688  3353  3394 I PackageManager: /system/app/Stk changed; collecting certs
12-04 07:00:31.711  3353  3389 I PackageManager: /system/app/SoundRecorder changed; collecting certs
12-04 07:00:31.721  3353  3391 I PackageManager: /system/app/UserDictionaryProvider changed; collecting certs
12-04 07:00:31.725  3353  3393 I PackageManager: /system/app/Terminal changed; collecting certs
12-04 07:00:31.821  3353  3390 I PackageManager: /system/app/WAPPushManager changed; collecting certs
12-04 07:00:31.917  3353  3394 W PackageManager: Failed to parse /system/app/mcRegistry: Missing base APK in /system/app/mcRegistry
12-04 07:00:31.927  3353  3391 I PackageManager: /system/app/webview changed; collecting certs
12-04 07:00:31.940  3353  3394 I PackageManager: /system/app/telresources changed; collecting certs
12-04 07:00:31.975  3353  3389 I PackageManager: /system/app/WallpaperPicker changed; collecting certs
12-04 07:00:32.073  3353  3393 I PackageManager: /system/app/messaging changed; collecting certs
12-04 07:00:32.841  3353  3367 I art     : Background sticky concurrent mark sweep GC freed 190238(12MB) AllocSpace objects, 84(3MB) LOS objects, 28% free, 36MB/51MB, paused 693us total 204.469ms
12-04 07:00:33.152  3353  3353 D PackageManager: end scanDirLI:/system/app
12-04 07:00:33.152  3353  3353 D PackageManager: No files in app dir /system/vendor/app
12-04 07:00:33.152  3353  3353 D PackageManager: No files in app dir /oem/app
12-04 07:00:33.153  3353  3353 D PackageManager: No files in app dir /vendor/bundled-app
12-04 07:00:33.154  3353  3353 D PackageManager: No files in app dir /data/app
12-04 07:00:33.154  3353  3353 D PackageManager: No files in app dir /data/app-private
12-04 07:00:33.154  3353  3353 W PackageManager: Package com.android.dialer desires unavailable shared library com.qualcomm.qti.smartsearch; ignoring!
12-04 07:00:33.154  3353  3353 W PackageManager: Package com.android.gallery3d desires unavailable shared library com.google.android.media.effects; ignoring!
12-04 07:00:33.154  3353  3353 W PackageManager: Package com.android.gallery3d desires unavailable shared library com.google.android.media.effects; ignoring!
12-04 07:00:33.154  3353  3353 I PackageManager: Adjusting ABI for : com.android.inputdevices to arm64-v8a
12-04 07:00:33.155  3353  3353 I PackageManager: Adjusting ABI for : cyanogenmod.platform to arm64-v8a
12-04 07:00:33.155  2956  2956 E installd: invalid apk path '/system/framework/org.cyanogenmod.platform-res.apk' (bad prefix)
12-04 07:00:33.155  3353  3353 I PackageManager: Adjusting ABI for : com.android.location.fused to arm64-v8a
12-04 07:00:33.156  3353  3353 I PackageManager: Adjusting ABI for : org.cyanogenmod.providers.datausage to arm64-v8a
12-04 07:00:33.156  3353  3353 I PackageManager: Adjusting ABI for : com.android.providers.settings to arm64-v8a
12-04 07:00:33.156  3353  3353 I PackageManager: Adjusting ABI for : org.cyanogenmod.cmsettings to arm64-v8a
12-04 07:00:33.156  3353  3353 I PackageManager: Adjusting ABI for : com.cyanogenmod.setupwizard to arm64-v8a
12-04 07:00:33.156  3353  3353 I PackageManager: Adjusting ABI for : com.android.development to arm64-v8a
12-04 07:00:33.157  3353  3353 I PackageManager: Adjusting ABI for : com.android.settings to arm64-v8a
12-04 07:00:33.157  3353  3353 I PackageManager: Adjusting ABI for : com.android.server.telecom to arm64-v8a
12-04 07:00:33.157  3353  3353 I PackageManager: Adjusting ABI for : com.android.keychain to arm64-v8a
12-04 07:00:33.158  3353  3353 I PackageManager: Time to scan packages: 11.291 seconds
12-04 07:00:33.159  3353  3353 W PackageManager: Unknown permission com.google.android.googleapps.permission.GOOGLE_AUTH in package com.android.providers.calendar
12-04 07:00:33.163  3353  3353 W PackageManager: Unknown permission com.google.android.googleapps.permission.GOOGLE_AUTH.cl in package com.android.providers.calendar
12-04 07:00:33.163  3353  3353 W PackageManager: Not granting permission android.permission.REAL_GET_TASKS to package org.cyanogenmod.wallpapers.photophase (protectionLevel=18 flags=0x3818be45)
12-04 07:00:33.163  3353  3353 W PackageManager: Unknown permission android.permission.CANCEL_NOTIFICATIONS in package org.cyanogenmod.theme.chooser2
12-04 07:00:33.164  3353  3353 W PackageManager: Unknown permission com.cyanogen.ambient.permission.BIND_CALLER_INFO in package com.android.messaging
12-04 07:00:33.164  3353  3353 W PackageManager: Unknown permission com.cyanogen.ambient.permission.BIND_RIDEINPROGRESS_SERVICE in package com.android.messaging
12-04 07:00:33.164  3353  3353 W PackageManager: Unknown permission com.cyanogen.ambient.permission.BIND_RIDESHARING_SERVICE in package com.android.messaging
12-04 07:00:33.164  3353  3353 W PackageManager: Not granting permission android.permission.ACCESS_DOWNLOAD_MANAGER to package com.android.browser (protectionLevel=18 flags=0x3849be45)
12-04 07:00:33.164  3353  3353 W PackageManager: Not granting permission android.permission.SEND_DOWNLOAD_COMPLETED_INTENTS to package com.android.browser (protectionLevel=2 flags=0x3849be45)
12-04 07:00:33.166  3353  3353 W PackageManager: Unknown permission com.cyngn.stats.SEND_ANALYTICS in package com.cyanogenmod.setupwizard
12-04 07:00:33.166  3353  3353 W PackageManager: Unknown permission com.cyanogen.permission.REQUEST_KILL_SWITCH_OP in package com.cyanogenmod.setupwizard
12-04 07:00:33.166  3353  3353 W PackageManager: Unknown permission com.cyanogen.ambient.permission.BIND_INCALL_SERVICE in package com.android.contacts
12-04 07:00:33.166  3353  3353 W PackageManager: Unknown permission com.cyanogen.ambient.permission.PLUGIN_STATUS_CHANGED in package com.android.contacts
12-04 07:00:33.166  3353  3353 W PackageManager: Unknown permission com.cyanogen.ambient.permission.BIND_CALLER_INFO in package com.android.contacts
12-04 07:00:33.167  3353  3353 W PackageManager: Unknown permission com.google.android.googleapps.permission.GOOGLE_AUTH.mail in package com.android.calendar
12-04 07:00:33.178  3353  3353 W PackageManager: Unknown permission com.android.launcher.permission.READ_SETTINGS in package com.android.onetimeinitializer
12-04 07:00:33.178  3353  3353 W PackageManager: Unknown permission com.android.launcher.permission.WRITE_SETTINGS in package com.android.onetimeinitializer
12-04 07:00:33.179  3353  3353 W PackageManager: Unknown permission com.cyanogen.ambient.permission.BIND_INCALL_SERVICE in package com.android.dialer
12-04 07:00:33.179  3353  3353 W PackageManager: Unknown permission com.cyanogen.ambient.permission.PLUGIN_STATUS_CHANGED in package com.android.dialer
12-04 07:00:33.179  3353  3353 W PackageManager: Unknown permission com.cyanogen.ambient.permission.PUBLISH_DISCOVERY_NUDGE in package com.android.dialer
12-04 07:00:33.179  3353  3353 W PackageManager: Unknown permission com.cyanogen.ambient.permission.BIND_DEEPLINK_SERVICE in package com.android.dialer
12-04 07:00:33.179  3353  3353 W PackageManager: Unknown permission com.cyanogen.ambient.permission.READ_DEEPLINK_DATABASE in package com.android.dialer
12-04 07:00:33.179  3353  3353 W PackageManager: Unknown permission com.cyanogen.ambient.permission.BIND_CALLER_INFO in package com.android.dialer
12-04 07:00:33.180  3353  3353 W PackageManager: Unknown permission com.android.launcher.permission.READ_SETTINGS in package com.cyanogenmod.trebuchet
12-04 07:00:33.180  3353  3353 W PackageManager: Unknown permission com.android.launcher.permission.WRITE_SETTINGS in package com.cyanogenmod.trebuchet
12-04 07:00:33.180  3353  3353 W PackageManager: Unknown permission com.cyngn.stats.SEND_ANALYTICS in package com.cyanogenmod.trebuchet
12-04 07:00:33.180  3353  3353 W PackageManager: Unknown permission com.google.android.permission.INSTALL_WEARABLE_PACKAGES in package com.android.packageinstaller
12-04 07:00:33.180  3353  3353 W PackageManager: Not granting permission android.permission.DELETE_PACKAGES to package com.svox.pico (protectionLevel=18 flags=0x3808be45)
12-04 07:00:33.180  3353  3353 W PackageManager: Unknown permission android.permission.ACCESS_SUPERUSER in package com.cyanogenmod.filemanager
12-04 07:00:33.180  3353  3353 W PackageManager: Unknown permission com.cyanogenmod.filemanager.permissions.READ_THEME in package com.cyanogenmod.filemanager
12-04 07:00:33.181  3353  3353 W PackageManager: Unknown permission com.google.android.gallery3d.permission.PICASA_STORE in package com.android.dreams.phototable
12-04 07:00:33.181  3353  3353 W PackageManager: Unknown permission com.google.android.googleapps.permission.GOOGLE_AUTH in package com.android.settings
12-04 07:00:33.182  3353  3353 W PackageManager: Unknown permission com.android.launcher.permission.READ_SETTINGS in package com.android.settings
12-04 07:00:33.182  3353  3353 W PackageManager: Unknown permission com.android.launcher.permission.WRITE_SETTINGS in package com.android.settings
12-04 07:00:33.183  3353  3353 W PackageManager: Not granting permission android.permission.REAL_GET_TASKS to package com.cyanogenmod.eleven (protectionLevel=18 flags=0x3818be65)
12-04 07:00:33.189  3353  3353 W PackageManager: Unknown permission com.google.android.gallery3d.permission.GALLERY_PROVIDER in package com.android.bluetooth
12-04 07:00:33.189  3353  3353 W PackageManager: Unknown permission com.google.android.googleapps.permission.ACCESS_GOOGLE_PASSWORD in package com.android.development
12-04 07:00:33.189  3353  3353 W PackageManager: Unknown permission com.google.android.googleapps.permission.GOOGLE_AUTH in package com.android.development
12-04 07:00:33.189  3353  3353 W PackageManager: Unknown permission com.google.android.googleapps.permission.GOOGLE_AUTH.ALL_SERVICES in package com.android.development
12-04 07:00:33.189  3353  3353 W PackageManager: Unknown permission com.google.android.googleapps.permission.GOOGLE_AUTH.YouTubeUser in package com.android.development
12-04 07:00:33.191  3353  3353 V PackageManager: Disabling com.google.android.gsf/com.google.android.gsf.update.SystemUpdateActivity
12-04 07:00:33.191  3353  3353 W PackageManager: Unable to disable com.google.android.gsf/com.google.android.gsf.update.SystemUpdateActivity
12-04 07:00:33.191  3353  3353 V PackageManager: Disabling com.google.android.gsf/com.google.android.gsf.update.SystemUpdateService$Receiver
12-04 07:00:33.191  3353  3353 W PackageManager: Unable to disable com.google.android.gsf/com.google.android.gsf.update.SystemUpdateService$Receiver
12-04 07:00:33.191  3353  3353 V PackageManager: Disabling com.google.android.gsf/com.google.android.gsf.update.SystemUpdateService$SecretCodeReceiver
12-04 07:00:33.191  3353  3353 W PackageManager: Unable to disable com.google.android.gsf/com.google.android.gsf.update.SystemUpdateService$SecretCodeReceiver
12-04 07:00:33.191  3353  3353 V PackageManager: Disabling com.google.android.gms/com.google.android.gms.update.SystemUpdateActivity
12-04 07:00:33.191  3353  3353 W PackageManager: Unable to disable com.google.android.gms/com.google.android.gms.update.SystemUpdateActivity
12-04 07:00:33.191  3353  3353 V PackageManager: Disabling com.google.android.gms/com.google.android.gms.update.SystemUpdateService$Receiver
12-04 07:00:33.191  3353  3353 W PackageManager: Unable to disable com.google.android.gms/com.google.android.gms.update.SystemUpdateService$Receiver
12-04 07:00:33.191  3353  3353 V PackageManager: Disabling com.google.android.gms/com.google.android.gms.update.SystemUpdateService$ActiveReceiver
12-04 07:00:33.191  3353  3353 W PackageManager: Unable to disable com.google.android.gms/com.google.android.gms.update.SystemUpdateService$ActiveReceiver
12-04 07:00:33.191  3353  3353 V PackageManager: Disabling com.google.android.gms/com.google.android.gms.update.SystemUpdateService$SecretCodeReceiver
12-04 07:00:33.191  3353  3353 W PackageManager: Unable to disable com.google.android.gms/com.google.android.gms.update.SystemUpdateService$SecretCodeReceiver
12-04 07:00:33.191  3353  3353 V PackageManager: Enabling com.google.android.gsf/com.google.android.gsf.update.SystemUpdateService
12-04 07:00:33.191  3353  3353 W PackageManager: Unable to enable com.google.android.gsf/com.google.android.gsf.update.SystemUpdateService
12-04 07:00:33.191  3353  3353 V PackageManager: Enabling com.google.android.gms/com.google.android.gms.update.SystemUpdateService
12-04 07:00:33.191  3353  3353 W PackageManager: Unable to enable com.google.android.gms/com.google.android.gms.update.SystemUpdateService
12-04 07:00:33.324  3353  3353 I art     : Starting a blocking GC Explicit
12-04 07:00:33.400  3353  3353 I art     : Explicit concurrent mark sweep GC freed 181456(10MB) AllocSpace objects, 34(3MB) LOS objects, 33% free, 27MB/41MB, paused 625us total 74.483ms
12-04 07:00:33.401  3353  3353 I SystemServer: User Service
12-04 07:00:33.425  2929  2929 I lowmemorykiller: ActivityManager connected
12-04 07:00:33.431  3353  3353 I SystemServiceManager: Starting com.android.server.BatteryService
12-04 07:00:33.448  3353  3411 I         : System server: starting sensor init.
12-04 07:00:33.448  3353  3353 I SystemServiceManager: Starting com.android.server.usage.UsageStatsService
12-04 07:00:33.449  3353  3411 D SensorService: nuSensorService starting...
12-04 07:00:33.456  3353  3411 I Sensors : getName:gyro_sensor name = K6DS3TR.
12-04 07:00:33.457  3353  3411 I Sensors : Proximity old sensor_state 0, new sensor_state : 128 en : 1
12-04 07:00:33.483  3353  3353 I UsageStatsDatabase: Upgrading from version 0 to 3
12-04 07:00:33.483  3353  3353 I UsageStatsDatabase: Deleting all usage stats files
12-04 07:00:33.485  3353  3353 I UsageStatsService: User[0] Rollover scheduled @ 2016-12-05 00:00:00(1480896000000)
12-04 07:00:33.495  3353  3411 I Sensors : Light old sensor_state 128, new sensor_state : 640 en : 1
12-04 07:00:33.501  3353  3411 I Sensors : Light_IR old sensor_state 640, new sensor_state : 16777856 en : 1
12-04 07:00:33.501  3353  3411 E Sensors : Light_IR_Sensor write failed. ret = -1, sensor_state = 16777856
12-04 07:00:33.502  3353  3411 I Sensors : SigMotionSensor old sensor_state 640, new sensor_state : 17024 en : 1
12-04 07:00:33.513  3353  3411 I Sensors : getName:gyro_sensor name = K6DS3TR.
12-04 07:00:33.515  3353  3411 I Sensors : StepCounterSensor old sensor_state 17024, new sensor_state : 279168 en : 1
12-04 07:00:33.515  3353  3411 E Sensors : StepCounterSensor write failed. ret = -1, sensor_state = 279168
12-04 07:00:33.516  3353  3411 I Sensors : Int.Gyro old sensor_state 17024, new sensor_state : 33571456 en : 1
12-04 07:00:33.516  3353  3411 E Sensors : Int.GyroSensor write failed. ret = -1, sensor_state = 33571456
12-04 07:00:33.516  3353  3411 I Sensors : getName:gyro_sensor name = K6DS3TR.
12-04 07:00:33.516  3353  3411 I Sensors : HrmSpO2Sensor:: part type = 12.
12-04 07:00:33.516  3353  3411 D Sensors : HrmSpO2Sensor::type:12, prox threshold:10000
12-04 07:00:33.516  3353  3411 D Sensors : HrmSpO2Sensor::handle:0 ,en:1
12-04 07:00:33.517  3353  3353 I UsageStatsService: User[0] Flushing usage stats to disk
12-04 07:00:33.519  3353  3411 E Sensors : HrmSpO2Sensor::Error MAXIM Flicker Library...handle=0x0
12-04 07:00:33.519  3353  3411 D Sensors : HrmSpO2Sensor::HrmSpO2Sensor: Shared version Registered
12-04 07:00:33.519  3353  3411 D Sensors : HrmLedSensor enable: mEnabled 0, handle 20, en 1
12-04 07:00:33.519  3353  3411 D Sensors : HRMSensor led enabled:1, en:1
12-04 07:00:33.525  3353  3411 I Sensors : getVendor:hrm_sensor vendor = MAXIM.
12-04 07:00:33.525  3353  3411 I Sensors : HrmLedSensor: HrmLedSensor vendor = MAXIM.
12-04 07:00:33.528  3353  3411 D Sensors : HRMSensor_LED::libhr open start!! 
12-04 07:00:33.528  3353  3411 E Sensors : HRMSensor_LED::libhr open failed 
12-04 07:00:33.528  3353  3411 E Sensors : GripSensor: enable
12-04 07:00:33.553  3353  3353 I SystemServiceManager: Starting com.android.server.webkit.WebViewUpdateService
12-04 07:00:33.554  3353  3411 I Sensors : Proximity old sensor_state 17024, new sensor_state : 16896 en : 0
12-04 07:00:33.554  3353  3411 I Sensors : Light old sensor_state 16896, new sensor_state : 16384 en : 0
12-04 07:00:33.555  3353  3411 I Sensors : SigMotionSensor old sensor_state 16384, new sensor_state : 0 en : 0
12-04 07:00:33.555  3353  3411 E Sensors : GripSensor: enable
12-04 07:00:33.556  3353  3411 D Sensors : HrmSpO2Sensor::handle:19 ,en:0
12-04 07:00:33.556  3353  3411 D Sensors : HrmSpO2Sensor::isEnabled:0 ,en:0, mEn:0
12-04 07:00:33.556  3353  3411 D Sensors : HrmSpO2Sensor::handle:28 ,en:0
12-04 07:00:33.556  3353  3411 D Sensors : HrmSpO2Sensor::isEnabled:0 ,en:0, mEn:0
12-04 07:00:33.556  3353  3411 D Sensors : HrmLedSensor enable: mEnabled 1, handle 20, en 0
12-04 07:00:33.556  3353  3411 D Sensors : HRMSensor_LED::enable 
12-04 07:00:33.556  3353  3353 I SystemServer: Reading configuration...
12-04 07:00:33.556  3353  3353 I SystemServer: Scheduling Policy
12-04 07:00:33.557  3353  3411 D Sensors : HRMSensor led enabled:0, en:0
12-04 07:00:33.558  3353  3353 I SystemServiceManager: Starting com.android.server.telecom.TelecomLoaderService
12-04 07:00:33.560  3353  3411 D Sensors : HrmLedSensor enable: mEnabled 0, handle 21, en 0
12-04 07:00:33.560  3353  3411 D Sensors : HrmLedSensor isEnabled:0 ,en:0
12-04 07:00:33.560  3353  3411 D Sensors : HrmSpO2Sensor::handle:18 ,en:0
12-04 07:00:33.560  3353  3411 D Sensors : HrmSpO2Sensor::isEnabled:0 ,en:0, mEn:0
12-04 07:00:33.563  3353  3353 I SystemServer: Telephony Registry
12-04 07:00:33.565  3353  3411 I         : System server: sensor init done.
12-04 07:00:33.567  3353  3353 I SystemServer: Entropy Mixer
12-04 07:00:33.568  3353  3353 W EntropyMixer: No existing entropy file -- first boot?
12-04 07:00:33.570  3353  3412 D SensorService: new thread SensorEventAckReceiver
12-04 07:00:33.581  3353  3413 D SensorService: nuSensorService thread starting...
12-04 07:00:33.598  3353  3353 I EntropyMixer: Added HW RNG output to entropy pool
12-04 07:00:33.598  3353  3353 I EntropyMixer: Writing entropy...
12-04 07:00:33.609  3353  3353 I SystemServer: Camera Service
12-04 07:00:33.609  3353  3353 I SystemServiceManager: Starting com.android.server.camera.CameraService
12-04 07:00:33.618  3353  3414 I ServiceThread: Enabled StrictMode logging for CameraService_proxy looper.
12-04 07:00:33.619  3353  3353 I SystemServer: Account Manager
12-04 07:00:33.622  3353  3353 I SystemServer: Content Manager
12-04 07:00:33.624  3353  3353 I SystemServer: System Content Providers
12-04 07:00:33.632  3353  3353 W System  : ClassLoader referenced unknown path: /system/priv-app/CMSettingsProvider/lib/arm64
12-04 07:00:33.686  3353  3353 D ActivityThread: Loading provider settings: com.android.providers.settings.SettingsProvider
12-04 07:00:33.689  3353  3353 W System  : ClassLoader referenced unknown path: /system/priv-app/SettingsProvider/lib/arm64
12-04 07:00:33.766  3353  3353 W SettingsProvider: Invalid ro.telephony.default_network: 
12-04 07:00:33.802  3353  3353 D SettingsProvider: Generated and saved new ANDROID_ID [c951dd63a023bcf1] for user 0
12-04 07:00:33.857  3353  3353 I SystemServer: Vibrator Service
12-04 07:00:33.863  3353  3353 I SystemServer: Consumer IR Service
12-04 07:00:33.864  3353  3353 E ConsumerIrService: Can't open consumer IR HW Module, error: -2
12-04 07:00:33.864  3353  3353 I SystemServiceManager: Starting com.android.server.AlarmManagerService
12-04 07:00:33.918  3353  3353 I SystemServer: Init Watchdog
12-04 07:00:33.918  3353  3353 I SystemServer: Input Manager
12-04 07:00:33.919  3353  3353 I InputManager: Initializing input manager, mUseDevInputEventForAudioJack=false
12-04 07:00:33.919  3353  3353 I SystemServer: Window Manager
12-04 07:00:33.937  3353  3378 I WindowManager: No existing display settings /data/system/display_settings.xml; starting empty
12-04 07:00:33.997  3353  3372 I SyncManager: No initial accounts
12-04 07:00:34.004  3353  3372 I SyncManager: No initial status
12-04 07:00:34.020  3353  3372 I SyncManager: No initial statistics
12-04 07:00:34.031  3353  3353 I InputManager: Starting input manager
12-04 07:00:34.034  3353  3353 I SystemServer: Bluetooth Service
12-04 07:00:34.035  3353  3353 I SystemServiceManager: Starting com.android.server.BluetoothService
12-04 07:00:34.037  3353  3353 D BluetoothManagerService: Loading stored name and address
12-04 07:00:34.037  3353  3353 D BluetoothManagerService: Stored bluetooth Name=null,Address=null
12-04 07:00:34.038  3353  3353 D BluetoothService: onStart: publishing BluetoothManagerService
12-04 07:00:34.038  3353  3353 I SystemServer: Input Method Service
12-04 07:00:34.064  3353  3420 D EventHub: No input device configuration file found for device 'certify_hall'.
12-04 07:00:34.135  3353  3353 W InputMethodManagerService: No IME selected. Choose the most applicable IME.
12-04 07:00:34.135  3353  3353 I InputMethodManagerService: Default found, using com.android.inputmethod.latin/.LatinIME
12-04 07:00:34.137  3353  3353 I SystemServer: Accessibility Manager
12-04 07:00:34.152  3353  3353 I ActivityManager: choosing minFree values for 64 Bit
12-04 07:00:34.152  3353  3353 I ActivityManager: choosing minFree values for 64 Bit
12-04 07:00:34.152  3353  3353 I ActivityManager: choosing minFree values for 64 Bit
12-04 07:00:34.152  3353  3353 I ActivityManager: choosing minFree values for 64 Bit
12-04 07:00:34.152  3353  3353 I ActivityManager: choosing minFree values for 64 Bit
12-04 07:00:34.152  3353  3353 I ActivityManager: choosing minFree values for 64 Bit
12-04 07:00:34.153  3353  3353 I ActivityManager: Config changes=1df8 {1.0 ?mcc?mnc en_US ldltr sw360dp w360dp h640dp 640dpi nrml long port ?uimode ?night -touch -keyb/h/h -nav/h s.2 themeResource=null}
12-04 07:00:34.163  3353  3353 I ActivityManager: Config changes=400 {1.0 ?mcc?mnc en_US ldltr sw360dp w360dp h616dp 640dpi nrml long port ?uimode ?night -touch -keyb/h/h -nav/h s.3 themeResource=null}
12-04 07:00:34.165  3353  3353 I SystemServiceManager: Starting com.android.server.MountService$Lifecycle
12-04 07:00:34.183  3353  3420 D EventHub: No input device configuration file found for device 'ssp_context'.
12-04 07:00:34.185  3353  3353 I SystemServiceManager: Starting com.android.server.UiModeManagerService
12-04 07:00:34.187  3353  3353 I ActivityManager: Config changes=200 {1.0 ?mcc?mnc en_US ldltr sw360dp w360dp h616dp 640dpi nrml long port -touch -keyb/h/h -nav/h s.4 themeResource=null}
12-04 07:00:34.190  3353  3353 W PackageManager: No disk maintenance in 1480834834190; running immediately
12-04 07:00:34.190  3353  3353 I SystemServer: LockSettingsService
12-04 07:00:34.190  3353  3421 I MountService: fstrim requested, but no daemon connection yet; trying again
12-04 07:00:34.196  3353  3421 D MountService: Thinking about reset, mSystemReady=false, mDaemonConnected=true
12-04 07:00:34.197  3353  3421 D MountService: Thinking about reset, mSystemReady=false, mDaemonConnected=true
12-04 07:00:34.198  3353  3421 D CryptdConnector: SND -> {1 cryptfs getfield SystemLocale}
12-04 07:00:34.198  2918  2972 I Ext4Crypt: ext4 crypto complete called on /data
12-04 07:00:34.198  2918  2972 I Ext4Crypt: No master key, so not ext4enc
12-04 07:00:34.201  3353  3423 D CryptdConnector: RCV <- {200 1 -1}
12-04 07:00:34.201  3353  3353 I SystemServiceManager: Starting com.android.server.DeviceIdleController
12-04 07:00:34.205  3353  3421 W MountService: No primary storage mounted!
12-04 07:00:34.205  3353  3421 D VoldConnector: SND -> {1 asec list}
12-04 07:00:34.205  3353  3422 D VoldConnector: RCV <- {200 1 asec operation succeeded}
12-04 07:00:34.205  3353  3421 I PackageManager: No secure containers found
12-04 07:00:34.206  3353  3421 W PackageManager: Unknown permission com.google.android.googleapps.permission.GOOGLE_AUTH in package com.android.providers.calendar
12-04 07:00:34.206  3353  3421 W PackageManager: Unknown permission com.google.android.googleapps.permission.GOOGLE_AUTH.cl in package com.android.providers.calendar
12-04 07:00:34.206  3353  3421 W PackageManager: Not granting permission android.permission.REAL_GET_TASKS to package org.cyanogenmod.wallpapers.photophase (protectionLevel=18 flags=0x3898be45)
12-04 07:00:34.206  3353  3421 W PackageManager: Unknown permission android.permission.CANCEL_NOTIFICATIONS in package org.cyanogenmod.theme.chooser2
12-04 07:00:34.217  3353  3353 I SystemServiceManager: Starting com.android.server.devicepolicy.DevicePolicyManagerService$Lifecycle
12-04 07:00:34.217  3353  3421 W PackageManager: Unknown permission com.cyanogen.ambient.permission.BIND_CALLER_INFO in package com.android.messaging
12-04 07:00:34.217  3353  3421 W PackageManager: Unknown permission com.cyanogen.ambient.permission.BIND_RIDEINPROGRESS_SERVICE in package com.android.messaging
12-04 07:00:34.217  3353  3421 W PackageManager: Unknown permission com.cyanogen.ambient.permission.BIND_RIDESHARING_SERVICE in package com.android.messaging
12-04 07:00:34.217  3353  3421 W PackageManager: Not granting permission android.permission.ACCESS_DOWNLOAD_MANAGER to package com.android.browser (protectionLevel=18 flags=0x38c9be45)
12-04 07:00:34.218  3353  3421 W PackageManager: Not granting permission android.permission.SEND_DOWNLOAD_COMPLETED_INTENTS to package com.android.browser (protectionLevel=2 flags=0x38c9be45)
12-04 07:00:34.218  3353  3421 W PackageManager: Unknown permission com.cyngn.stats.SEND_ANALYTICS in package com.cyanogenmod.setupwizard
12-04 07:00:34.218  3353  3421 W PackageManager: Unknown permission com.cyanogen.permission.REQUEST_KILL_SWITCH_OP in package com.cyanogenmod.setupwizard
12-04 07:00:34.219  3353  3421 W PackageManager: Unknown permission com.cyanogen.ambient.permission.BIND_INCALL_SERVICE in package com.android.contacts
12-04 07:00:34.219  3353  3421 W PackageManager: Unknown permission com.cyanogen.ambient.permission.PLUGIN_STATUS_CHANGED in package com.android.contacts
12-04 07:00:34.219  3353  3421 W PackageManager: Unknown permission com.cyanogen.ambient.permission.BIND_CALLER_INFO in package com.android.contacts
12-04 07:00:34.219  3353  3421 W PackageManager: Unknown permission com.google.android.googleapps.permission.GOOGLE_AUTH.mail in package com.android.calendar
12-04 07:00:34.219  3353  3421 W PackageManager: Unknown permission com.android.launcher.permission.READ_SETTINGS in package com.android.onetimeinitializer
12-04 07:00:34.219  3353  3421 W PackageManager: Unknown permission com.android.launcher.permission.WRITE_SETTINGS in package com.android.onetimeinitializer
12-04 07:00:34.220  3353  3421 W PackageManager: Unknown permission com.cyanogen.ambient.permission.BIND_INCALL_SERVICE in package com.android.dialer
12-04 07:00:34.220  3353  3421 W PackageManager: Unknown permission com.cyanogen.ambient.permission.PLUGIN_STATUS_CHANGED in package com.android.dialer
12-04 07:00:34.220  3353  3421 W PackageManager: Unknown permission com.cyanogen.ambient.permission.PUBLISH_DISCOVERY_NUDGE in package com.android.dialer
12-04 07:00:34.220  3353  3421 W PackageManager: Unknown permission com.cyanogen.ambient.permission.BIND_DEEPLINK_SERVICE in package com.android.dialer
12-04 07:00:34.220  3353  3421 W PackageManager: Unknown permission com.cyanogen.ambient.permission.READ_DEEPLINK_DATABASE in package com.android.dialer
12-04 07:00:34.220  3353  3421 W PackageManager: Unknown permission com.cyanogen.ambient.permission.BIND_CALLER_INFO in package com.android.dialer
12-04 07:00:34.220  3353  3421 W PackageManager: Unknown permission com.android.launcher.permission.READ_SETTINGS in package com.cyanogenmod.trebuchet
12-04 07:00:34.220  3353  3421 W PackageManager: Unknown permission com.android.launcher.permission.WRITE_SETTINGS in package com.cyanogenmod.trebuchet
12-04 07:00:34.220  3353  3421 W PackageManager: Unknown permission com.cyngn.stats.SEND_ANALYTICS in package com.cyanogenmod.trebuchet
12-04 07:00:34.226  3353  3421 W PackageManager: Unknown permission com.google.android.permission.INSTALL_WEARABLE_PACKAGES in package com.android.packageinstaller
12-04 07:00:34.226  3353  3421 W PackageManager: Not granting permission android.permission.DELETE_PACKAGES to package com.svox.pico (protectionLevel=18 flags=0x3888be45)
12-04 07:00:34.227  3353  3421 W PackageManager: Unknown permission android.permission.ACCESS_SUPERUSER in package com.cyanogenmod.filemanager
12-04 07:00:34.227  3353  3421 W PackageManager: Unknown permission com.cyanogenmod.filemanager.permissions.READ_THEME in package com.cyanogenmod.filemanager
12-04 07:00:34.227  3353  3421 W PackageManager: Unknown permission com.google.android.gallery3d.permission.PICASA_STORE in package com.android.dreams.phototable
12-04 07:00:34.228  3353  3421 W PackageManager: Unknown permission com.google.android.googleapps.permission.GOOGLE_AUTH in package com.android.settings
12-04 07:00:34.228  3353  3421 W PackageManager: Unknown permission com.android.launcher.permission.READ_SETTINGS in package com.android.settings
12-04 07:00:34.228  3353  3421 W PackageManager: Unknown permission com.android.launcher.permission.WRITE_SETTINGS in package com.android.settings
12-04 07:00:34.229  3353  3421 W PackageManager: Not granting permission android.permission.REAL_GET_TASKS to package com.cyanogenmod.eleven (protectionLevel=18 flags=0x3898be65)
12-04 07:00:34.234  3353  3421 W PackageManager: Unknown permission com.google.android.gallery3d.permission.GALLERY_PROVIDER in package com.android.bluetooth
12-04 07:00:34.234  3353  3421 W PackageManager: Unknown permission com.google.android.googleapps.permission.ACCESS_GOOGLE_PASSWORD in package com.android.development
12-04 07:00:34.235  3353  3421 W PackageManager: Unknown permission com.google.android.googleapps.permission.GOOGLE_AUTH in package com.android.development
12-04 07:00:34.235  3353  3421 W PackageManager: Unknown permission com.google.android.googleapps.permission.GOOGLE_AUTH.ALL_SERVICES in package com.android.development
12-04 07:00:34.235  3353  3421 W PackageManager: Unknown permission com.google.android.googleapps.permission.GOOGLE_AUTH.YouTubeUser in package com.android.development
12-04 07:00:34.293  3353  3420 D EventHub: No input device configuration file found for device 'meta_event'.
12-04 07:00:34.340  3353  3353 I SystemServer: Status Bar
12-04 07:00:34.351  3353  3353 I SystemServer: Clipboard Service
12-04 07:00:34.354  3353  3421 W MountService: No primary storage defined yet; hacking together a stub
12-04 07:00:34.354  3353  3421 W MountService: No primary storage defined yet; hacking together a stub
12-04 07:00:34.355  3353  3421 W MountService: No primary storage mounted!
12-04 07:00:34.355  3353  3421 D VoldConnector: SND -> {2 asec list}
12-04 07:00:34.355  3353  3422 D VoldConnector: RCV <- {200 2 asec operation succeeded}
12-04 07:00:34.356  3353  3353 I SystemServer: NetworkManagement Service
12-04 07:00:34.363  3353  3420 D EventHub: No input device configuration file found for device 'interrupt_gyro_sensor'.
12-04 07:00:34.367  3353  3353 I SystemServer: Text Service Manager Service
12-04 07:00:34.373  3353  3353 I SystemServer: Network Score Service
12-04 07:00:34.374  3353  3353 I SystemServer: NetworkStats Service
12-04 07:00:34.394  3353  3353 I SystemServer: NetworkPolicy Service
12-04 07:00:34.403  3353  3420 D EventHub: No input device configuration file found for device 'step_cnt_sensor'.
12-04 07:00:34.413  3353  3353 I SystemServiceManager: Starting com.android.server.wifi.p2p.WifiP2pService
12-04 07:00:34.463  3353  3353 I WifiP2pService: Registering wifip2p
12-04 07:00:34.465  3353  3353 I SystemServiceManager: Starting com.android.server.wifi.WifiService
12-04 07:00:34.473  3353  3420 D EventHub: No input device configuration file found for device 'sig_motion_sensor'.
12-04 07:00:34.533  3353  3420 D EventHub: No input device configuration file found for device 'gesture_sensor'.
12-04 07:00:34.643  3353  3420 D EventHub: No input device configuration file found for device 'temp_humidity_sensor'.
12-04 07:00:34.692  3353  3353 D HS20    : Passpoint is disabled
12-04 07:00:34.708  3353  3353 D WifiController: isAirplaneModeOn = false, isWifiEnabled = false, isScanningAvailable = false
12-04 07:00:34.720  3353  3353 I WifiService: Registering wifi
12-04 07:00:34.722  3353  3353 I SystemServiceManager: Starting com.android.server.wifi.WifiScanningService
12-04 07:00:34.722  3353  3353 I WifiScanningService: Creating wifiscanner
12-04 07:00:34.725  3353  3353 I WifiScanningService: Starting wifiscanner
12-04 07:00:34.726  3353  3353 I SystemServiceManager: Starting com.android.server.wifi.RttService
12-04 07:00:34.726  3353  3353 I RttService: Creating rttmanager
12-04 07:00:34.727  3353  3353 I RttService: Starting rttmanager
12-04 07:00:34.729  3353  3353 I SystemServiceManager: Starting com.android.server.ethernet.EthernetService
12-04 07:00:34.730  3353  3353 I EthernetServiceImpl: Creating EthernetConfigStore
12-04 07:00:34.731  3353  3353 E IpConfigStore: Error parsing configuration: java.io.FileNotFoundException: /data/misc/ethernet/ipconfig.txt: open failed: ENOENT (No such file or directory)
12-04 07:00:34.731  3353  3353 W EthernetConfigStore: No Ethernet configuration found. Using default.
12-04 07:00:34.732  3353  3353 I EthernetServiceImpl: Read stored IP configuration: IP assignment: DHCP
12-04 07:00:34.732  3353  3353 I EthernetServiceImpl: Proxy settings: NONE
12-04 07:00:34.733  3353  3353 I EthernetService: Registering service ethernet
12-04 07:00:34.733  3353  3353 I SystemServer: Connectivity Service
12-04 07:00:34.736  3353  3353 D ConnectivityService: ConnectivityService starting up
12-04 07:00:34.742  3353  3353 D ConnectivityService: wifiOnly=false
12-04 07:00:34.742  3353  3353 E ConnectivityService: Error in networkAttributes - ignoring attempt to redefine type 7
12-04 07:00:34.743  3353  3353 E ConnectivityService: Ignoring protectedNetwork 15
12-04 07:00:34.763  3353  3420 D EventHub: No input device configuration file found for device 'proximity_sensor'.
12-04 07:00:34.765  3353  3353 I SystemServer: Network Service Discovery Service
12-04 07:00:34.768  3353  3353 D NsdService: Network service discovery enabled true
12-04 07:00:34.770  3353  3353 I SystemServer: UpdateLock Service
12-04 07:00:34.772  3353  3353 I SystemServiceManager: Starting com.android.server.notification.NotificationManagerService
12-04 07:00:34.799  3353  3353 I ZenModeConfig: Migrating existing shared 'from': stars
12-04 07:00:34.803  3353  3420 D EventHub: No input device configuration file found for device 'light_ir_sensor'.
12-04 07:00:34.838  3353  3353 I SystemServiceManager: Starting com.android.server.storage.DeviceStorageMonitorService
12-04 07:00:34.841  3353  3353 I SystemServer: Location Manager
12-04 07:00:34.858  3353  3353 I SystemServer: Country Detector
12-04 07:00:34.859  3353  3353 I SystemServer: Search Service
12-04 07:00:34.861  3353  3353 I SystemServer: DropBox Service
12-04 07:00:34.863  3353  3420 D EventHub: No input device configuration file found for device 'light_sensor'.
12-04 07:00:34.864  3353  3353 I SystemServer: Wallpaper Service
12-04 07:00:34.868  3353  3353 W WallpaperManagerService: no current wallpaper -- first boot?
12-04 07:00:34.870  3353  3353 W WallpaperManagerService: no current wallpaper -- first boot?
12-04 07:00:34.870  3353  3353 I SystemServer: Audio Service
12-04 07:00:34.892  3353  3353 W TelecomManager: Telecom Service not found.
12-04 07:00:34.892  2955  3227 D PermissionCache: checking android.permission.MODIFY_AUDIO_SETTINGS for uid=1000 => granted (507 us)
12-04 07:00:34.897  2955  3223 E AudioFlinger: no wake lock to update!
12-04 07:00:34.897  2955  2955 V audio_hw_primary: adev_set_mic_mute: set mic mute: 0
12-04 07:00:34.904  3353  3428 D WifiApConfigStore: 2G band allowed channels are:1,6,11
12-04 07:00:34.923  3353  3420 D EventHub: No input device configuration file found for device 'grip_sensor'.
12-04 07:00:34.936  3353  3353 I SystemServiceManager: Starting com.android.server.DockObserver
12-04 07:00:34.939  3353  3353 I SystemServer: Wired Accessory Manager
12-04 07:00:34.940  3353  3353 W WiredAccessoryManager: This kernel does not have usb audio support
12-04 07:00:34.940  3353  3353 W WiredAccessoryManager: This kernel does not have HDMI audio support
12-04 07:00:34.941  3353  3353 I SystemServiceManager: Starting com.android.server.usb.UsbService$Lifecycle
12-04 07:00:34.972  3353  3353 I SystemServer: Serial Service
12-04 07:00:34.973  3353  3353 I SystemServiceManager: Starting com.android.server.twilight.TwilightService
12-04 07:00:34.975  3353  3353 I SystemServiceManager: Starting com.android.server.job.JobSchedulerService
12-04 07:00:34.993  3353  3420 D EventHub: No input device configuration file found for device 'uv_sensor'.
12-04 07:00:34.995  3353  3353 I SystemServiceManager: Starting com.android.server.backup.BackupManagerService$Lifecycle
12-04 07:00:34.997  3353  3353 I SystemServiceManager: Starting com.android.server.appwidget.AppWidgetService
12-04 07:00:35.000  3353  3353 I SystemServiceManager: Starting com.android.server.voiceinteraction.VoiceInteractionManagerService
12-04 07:00:35.001  2955  2955 D PermissionCache: checking android.permission.CAPTURE_AUDIO_HOTWORD for uid=1000 => granted (220 us)
12-04 07:00:35.001  3353  3353 W SoundTriggerHelper: listModules status=0, # of modules=0
12-04 07:00:35.003  3353  3353 I SystemServer: Gesture Launcher Service
12-04 07:00:35.003  3353  3353 I SystemServiceManager: Starting com.android.server.GestureLauncherService
12-04 07:00:35.004  3353  3353 I SystemServer: DiskStats Service
12-04 07:00:35.004  3353  3353 I SystemServer: SamplingProfiler Service
12-04 07:00:35.018  3353  3353 I SystemServer: NetworkTimeUpdateService
12-04 07:00:35.019  3353  3353 I SystemServer: CommonTimeManagementService
12-04 07:00:35.026  3353  3353 I SystemServer: CertBlacklister
12-04 07:00:35.027  3353  3353 I SystemServiceManager: Starting com.android.server.dreams.DreamManagerService
12-04 07:00:35.028  3353  3353 I SystemServer: Assets Atlas Service
12-04 07:00:35.034  3353  3353 I SystemServiceManager: Starting com.android.server.print.PrintManagerService
12-04 07:00:35.035  3353  3440 D AssetAtlas: Computing best atlas configuration...
12-04 07:00:35.041  3353  3353 I SystemServiceManager: Starting com.android.server.restrictions.RestrictionsManagerService
12-04 07:00:35.042  3353  3353 I SystemServiceManager: Starting com.android.server.media.MediaSessionService
12-04 07:00:35.058  3353  3353 I SystemServer: Media Router Service
12-04 07:00:35.060  3353  3353 I SystemServiceManager: Starting com.android.server.trust.TrustManagerService
12-04 07:00:35.063  3353  3353 I SystemServiceManager: Starting com.android.server.fingerprint.FingerprintService
12-04 07:00:35.067  2964  2964 D PermissionCache: checking android.permission.MANAGE_FINGERPRINT for uid=1000 => granted (318 us)
12-04 07:00:35.067  3353  3442 D AssetAtlas: Running Atlas Worker #2
12-04 07:00:35.067  2964  2964 V fingerprintd: nativeOpenHal()
12-04 07:00:35.067  2964  2964 E fingerprintd: Can't open fingerprint HW Module, error: -2
12-04 07:00:35.067  3353  3353 W FingerprintService: Failed to open Fingerprint HAL!
12-04 07:00:35.067  3353  3353 V FingerprintService: Fingerprint HAL id: 0
12-04 07:00:35.068  3353  3353 I SystemServer: BackgroundDexOptService
12-04 07:00:35.069  3353  3444 D AssetAtlas: Running Atlas Worker #4
12-04 07:00:35.070  3353  3443 D AssetAtlas: Running Atlas Worker #3
12-04 07:00:35.070  3353  3445 D AssetAtlas: Running Atlas Worker #5
12-04 07:00:35.070  3353  3448 D AssetAtlas: Running Atlas Worker #8
12-04 07:00:35.071  3353  3447 D AssetAtlas: Running Atlas Worker #7
12-04 07:00:35.071  3353  3446 D AssetAtlas: Running Atlas Worker #6
12-04 07:00:35.093  3353  3420 D EventHub: No input device configuration file found for device 'hrmled_sensor'.
12-04 07:00:35.100  3353  3353 I SystemServiceManager: Starting com.android.server.pm.LauncherAppsService
12-04 07:00:35.107  3353  3441 D AssetAtlas: Running Atlas Worker #1
12-04 07:00:35.123  3353  3353 I SystemServiceManager: Starting com.android.server.media.projection.MediaProjectionManagerService
12-04 07:00:35.143  3353  3420 D EventHub: No input device configuration file found for device 'hrm_sensor'.
12-04 07:00:35.184  3353  3420 E EventHub: could not get driver version for /dev/input/mice, Not a typewriter
12-04 07:00:35.192  3353  3421 I MountService: Running fstrim idle maintenance
12-04 07:00:35.192  3353  3421 D VoldConnector: SND -> {3 fstrim dotrim}
12-04 07:00:35.192  2918  3449 D vold    : Starting trim of /efs
12-04 07:00:35.192  3353  3422 D VoldConnector: RCV <- {200 3 Command succeeded}
12-04 07:00:35.223  3353  3420 D EventHub: No input device configuration file found for device 'sec_touchscreen'.
12-04 07:00:35.227  2918  3449 I vold    : Trimmed 13369344 bytes on /efs in 34ms
12-04 07:00:35.227  2918  3449 D vold    : Starting trim of /cache
12-04 07:00:35.227  3353  3422 D VoldConnector: RCV <- {662 /efs 13369344 34592807}
12-04 07:00:35.254  3353  3420 W EventHub: Unable to disable kernel key repeat for /dev/input/event1: Function not implemented
12-04 07:00:35.254  3353  3420 I EventHub: New device: id=16, fd=125, path='/dev/input/event1', name='sec_touchscreen', classes=0x15, configuration='', keyLayout='/system/usr/keylayout/Generic.kl', keyCharacterMap='/system/usr/keychars/Generic.kcm', builtinKeyboard=false, wakeMechanism=EPOLLWAKEUP, usingClockIoctl=true
12-04 07:00:35.254  3353  3420 D EventHub: No input device configuration file found for device 'gpio_keys'.
12-04 07:00:35.257  3353  3420 W EventHub: Unable to disable kernel key repeat for /dev/input/event17: Function not implemented
12-04 07:00:35.257  3353  3420 I EventHub: New device: id=17, fd=126, path='/dev/input/event17', name='gpio_keys', classes=0x1, configuration='', keyLayout='/system/usr/keylayout/Generic.kl', keyCharacterMap='/system/usr/keychars/Generic.kcm', builtinKeyboard=false, wakeMechanism=EPOLLWAKEUP, usingClockIoctl=true
12-04 07:00:35.257  3353  3420 D EventHub: No input device configuration file found for device 'Headset'.
12-04 07:00:35.260  3353  3420 W EventHub: Unable to disable kernel key repeat for /dev/input/event16: Function not implemented
12-04 07:00:35.260  3353  3420 I EventHub: New device: id=18, fd=127, path='/dev/input/event16', name='Headset', classes=0x1, configuration='', keyLayout='/system/usr/keylayout/Generic.kl', keyCharacterMap='/system/usr/keychars/Generic.kcm', builtinKeyboard=false, wakeMechanism=EPOLLWAKEUP, usingClockIoctl=true
12-04 07:00:35.260  3353  3420 D EventHub: No input device configuration file found for device 'sec_touchkey'.
12-04 07:00:35.264  3353  3420 W EventHub: Unable to disable kernel key repeat for /dev/input/event0: Function not implemented
12-04 07:00:35.264  3353  3420 I EventHub: New device: id=19, fd=128, path='/dev/input/event0', name='sec_touchkey', classes=0x1, configuration='', keyLayout='/system/usr/keylayout/Generic.kl', keyCharacterMap='/system/usr/keychars/Generic.kcm', builtinKeyboard=false, wakeMechanism=EPOLLWAKEUP, usingClockIoctl=true
12-04 07:00:35.264  3353  3420 D EventHub: No input device configuration file found for device 'hall'.
12-04 07:00:35.269  2918  3449 I vold    : Trimmed 201998336 bytes on /cache in 41ms
