12-14 22:44:51.592  3006  3401 E Netd    : exec() res=0, status=256 for /system/bin/ip6tables -w -F st_clear_detect 
12-14 22:44:51.596  3006  3401 I iptables: iptables: No chain/target/match by that name.
12-14 22:44:51.596  3006  3401 I iptables: iptables terminated by exit(1)
12-14 22:44:51.596  3006  3401 E Netd    : exec() res=0, status=256 for /system/bin/iptables -w -X st_penalty_log 
12-14 22:44:51.601  3006  3401 I ip6tables: ip6tables: No chain/target/match by that name.
12-14 22:44:51.601  3006  3401 I ip6tables: ip6tables terminated by exit(1)
12-14 22:44:51.601  3006  3401 E Netd    : exec() res=0, status=256 for /system/bin/ip6tables -w -X st_penalty_log 
12-14 22:44:51.605  3006  3401 I iptables: iptables: No chain/target/match by that name.
12-14 22:44:51.606  3006  3401 I iptables: iptables terminated by exit(1)
12-14 22:44:51.606  3006  3401 E Netd    : exec() res=0, status=256 for /system/bin/iptables -w -X st_penalty_reject 
12-14 22:44:51.610  3006  3401 I ip6tables: ip6tables: No chain/target/match by that name.
12-14 22:44:51.611  3006  3401 I ip6tables: ip6tables terminated by exit(1)
12-14 22:44:51.611  3006  3401 E Netd    : exec() res=0, status=256 for /system/bin/ip6tables -w -X st_penalty_reject 
12-14 22:44:51.615  3006  3401 I iptables: iptables: No chain/target/match by that name.
12-14 22:44:51.616  3006  3401 I iptables: iptables terminated by exit(1)
12-14 22:44:51.616  3006  3401 E Netd    : exec() res=0, status=256 for /system/bin/iptables -w -X st_clear_caught 
12-14 22:44:51.620  3006  3401 I ip6tables: ip6tables: No chain/target/match by that name.
12-14 22:44:51.620  3006  3401 I ip6tables: ip6tables terminated by exit(1)
12-14 22:44:51.620  3006  3401 E Netd    : exec() res=0, status=256 for /system/bin/ip6tables -w -X st_clear_caught 
12-14 22:44:51.625  3006  3401 I iptables: iptables: No chain/target/match by that name.
12-14 22:44:51.625  3006  3401 I iptables: iptables terminated by exit(1)
12-14 22:44:51.626  3006  3401 E Netd    : exec() res=0, status=256 for /system/bin/iptables -w -X st_clear_detect 
12-14 22:44:51.630  3006  3401 I ip6tables: ip6tables: No chain/target/match by that name.
12-14 22:44:51.631  3006  3401 I ip6tables: ip6tables terminated by exit(1)
12-14 22:44:51.631  3006  3401 E Netd    : exec() res=0, status=256 for /system/bin/ip6tables -w -X st_clear_detect 
12-14 22:44:51.653  3746  3746 I art     : System.exit called, status: 0
12-14 22:44:51.653  3746  3746 I AndroidRuntime: VM exiting with result code 0, cleanup skipped.
12-14 22:44:51.780  3701  3876 E WVMExtractor: Failed to open libwvm.so: dlopen failed: library "libwvm.so" not found
12-14 22:44:51.788  3414  3428 W System  : ClassLoader referenced unknown path: /system/framework/ConnectivityExt.jar
12-14 22:44:51.789  3414  3428 W ConnectivityExtension: Connectivity extension is not available
12-14 22:44:51.801  3790  3888 D ThemesProvider: Deleted 0
12-14 22:44:51.803  3414  3414 I BrokerableCMSystemService: Connecting to implementation
12-14 22:44:51.803  3414  3414 W ContextImpl: Calling a method in the system process without a qualified user: android.app.ContextImpl.bindService:1295 org.cyanogenmod.platform.internal.BrokerableCMSystemService.tryConnecting:199 org.cyanogenmod.platform.internal.BrokerableCMSystemService$1.handleMessage:165 android.os.Handler.dispatchMessage:102 android.os.Looper.loop:148 
12-14 22:44:51.810  3414  3693 W AppWidgetServiceImpl: Failed to read state: java.io.FileNotFoundException: /data/system/users/0/appwidgets.xml: open failed: ENOENT (No such file or directory)
12-14 22:44:51.810  3414  3693 V AppWidgetServiceImpl: Upgrading widget database from 0 to 1
12-14 22:44:51.841  3414  3428 D PermissionMonitor: Monitoring
12-14 22:44:51.845  3414  3428 D PermissionMonitor: Users: 1, Apps: 74
12-14 22:44:51.848  3011  3499 I EXYNOS_COMP_REGS: Loading the library: libOMX.Exynos.AVC.Decoder.so
12-14 22:44:51.848  3414  3428 I SystemServiceManager: Starting phase 600
12-14 22:44:51.848  3011  3498 E bt_a2dp_hw: adev_set_parameters: ERROR: set param called even when stream out is null
12-14 22:44:51.849  3414  3432 D BluetoothManagerService: Message: 30
12-14 22:44:51.850  3701  3701 I vol.Events: writeEvent collection_started
12-14 22:44:51.851  3414  3432 D BluetoothManagerService: Message: 30
12-14 22:44:51.854  3011  3011 I AudioFlinger: systemReady
12-14 22:44:51.855  3414  3428 I BackupManagerService: Backup enabled => false
12-14 22:44:51.857  3414  3428 D BrokerableCMSystemService: Third party apps ready
12-14 22:44:51.857  3414  3428 I BrokerableCMSystemService: Connecting to implementation
12-14 22:44:51.857  3414  3428 W ContextImpl: Calling a method in the system process without a qualified user: android.app.ContextImpl.bindService:1295 org.cyanogenmod.platform.internal.BrokerableCMSystemService.tryConnecting:199 org.cyanogenmod.platform.internal.BrokerableCMSystemService.onBootPhase:127 org.cyanogenmod.platform.internal.ThemeManagerServiceBroker.onBootPhase:272 com.android.server.SystemServiceManager.startBootPhase:135 
12-14 22:44:51.857  3414  3428 D BrokerableCMSystemService: Third party apps ready
12-14 22:44:51.857  3414  3428 I BrokerableCMSystemService: Connecting to implementation
12-14 22:44:51.857  3414  3428 W ContextImpl: Calling a method in the system process without a qualified user: android.app.ContextImpl.bindService:1295 org.cyanogenmod.platform.internal.BrokerableCMSystemService.tryConnecting:199 org.cyanogenmod.platform.internal.BrokerableCMSystemService.onBootPhase:127 com.android.server.SystemServiceManager.startBootPhase:135 com.android.server.SystemServer$2.run:1231 
12-14 22:44:51.860  3414  3428 D BrokerableCMSystemService: Third party apps ready
12-14 22:44:51.860  3414  3428 I BrokerableCMSystemService: Connecting to implementation
12-14 22:44:51.861  3414  3428 W ContextImpl: Calling a method in the system process without a qualified user: android.app.ContextImpl.bindService:1295 org.cyanogenmod.platform.internal.BrokerableCMSystemService.tryConnecting:199 org.cyanogenmod.platform.internal.BrokerableCMSystemService.onBootPhase:127 org.cyanogenmod.platform.internal.LiveLockScreenServiceBroker.onBootPhase:273 com.android.server.SystemServiceManager.startBootPhase:135 
12-14 22:44:51.871  3414  3904 E WVMExtractor: Failed to open libwvm.so: dlopen failed: library "libwvm.so" not found
12-14 22:44:51.871  3414  3428 I ActivityManager: Start proc 3906:org.cyanogenmod.livelockscreen.service/u0a11 for service org.cyanogenmod.livelockscreen.service/.LiveLockScreenManagerService
12-14 22:44:51.871  3414  3428 D BrokerableCMSystemService: Third party apps ready
12-14 22:44:51.871  3414  3428 I BrokerableCMSystemService: Connecting to implementation
12-14 22:44:51.872  3414  3428 W ContextImpl: Calling a method in the system process without a qualified user: android.app.ContextImpl.bindService:1295 org.cyanogenmod.platform.internal.BrokerableCMSystemService.tryConnecting:199 org.cyanogenmod.platform.internal.BrokerableCMSystemService.onBootPhase:127 com.android.server.SystemServiceManager.startBootPhase:135 com.android.server.SystemServer$2.run:1231 
12-14 22:44:51.882  3011  3499 I EXYNOS_COMP_REGS: Loading the library: libOMX.Exynos.AVC.Encoder.so
12-14 22:44:51.886  3414  3428 I ActivityManager: Start proc 3920:org.cyanogenmod.weatherservice/u0a27 for service org.cyanogenmod.weatherservice/.WeatherManagerService
12-14 22:44:51.886  3414  3428 D BrokerableCMSystemService: Third party apps ready
12-14 22:44:51.886  3414  3428 I BrokerableCMSystemService: Connecting to implementation
12-14 22:44:51.886  3414  3428 W ContextImpl: Calling a method in the system process without a qualified user: android.app.ContextImpl.bindService:1295 org.cyanogenmod.platform.internal.BrokerableCMSystemService.tryConnecting:199 org.cyanogenmod.platform.internal.BrokerableCMSystemService.onBootPhase:127 org.cyanogenmod.platform.internal.CMAudioServiceBroker.onBootPhase:58 com.android.server.SystemServiceManager.startBootPhase:135 
12-14 22:44:51.898  3414  3428 I ActivityManager: Start proc 3934:org.cyanogenmod.cmaudio.service/u0a0 for service org.cyanogenmod.cmaudio.service/.CMAudioService
12-14 22:44:51.904  3414  3539 V KeyValueBackupJob: Scheduling k/v pass in 244 minutes
12-14 22:44:51.907  3011  3499 I EXYNOS_COMP_REGS: Loading the library: libOMX.Exynos.HEVC.Decoder.so
12-14 22:44:51.910  3414  3428 E InputMethodManagerService: Ignoring updateSystemUiLocked due to an invalid token. uid:1000 token:null
12-14 22:44:51.912  3414  3428 W InputMethodManagerService: Reset the default IME as "Resource" is ready here.
12-14 22:44:51.914  3414  3428 I InputMethodManagerService: Selected default: com.android.inputmethod.latin/.LatinIME
12-14 22:44:51.914  3414  3428 W InputMethodManagerService: Illegal subtype state: old subtype = null, new subtype = android.view.inputmethod.InputMethodSubtype@c9194f98
12-14 22:44:51.917  3701  3902 I vol.Events: writeEvent level_changed STREAM_ALARM 6
12-14 22:44:51.919  3906  3906 W System  : ClassLoader referenced unknown path: /system/priv-app/LiveLockScreenService/lib/arm64
12-14 22:44:51.921  3011  3499 I EXYNOS_COMP_REGS: Loading the library: libOMX.Exynos.HEVC.Encoder.so
12-14 22:44:51.924  3414  3428 I ActivityManager: Start proc 3951:com.android.inputmethod.latin/u0a68 for service com.android.inputmethod.latin/.LatinIME
12-14 22:44:51.924  3414  3428 V InputMethodManagerService: Adding window token: android.os.Binder@2f29ed4
12-14 22:44:51.925  3414  3429 I ActivityManager: Config changes=20 {1.0 ?mcc?mnc en_US ldltr sw360dp w360dp h616dp 640dpi nrml long port finger -keyb/v/h -nav/h s.6 themeResource=null}
12-14 22:44:51.926  3414  3428 W ServiceWatcher: com.google.android.gms not found
12-14 22:44:51.927  3414  3428 W ServiceWatcher: com.google.android.gms not found
12-14 22:44:51.928  3414  3428 W LocationManagerService: no network location provider found
12-14 22:44:51.928  3414  3428 W ServiceWatcher: com.google.android.gms not found
12-14 22:44:51.929  3414  3428 W ServiceWatcher: com.google.android.gms not found
12-14 22:44:51.929  3414  3428 E LocationManagerService: no geocoder provider found
12-14 22:44:51.930  3414  3428 E FlpHardwareProvider: Error hw_get_module 'flp': -2
12-14 22:44:51.930  3414  3428 E LocationManagerService: FLP HAL not supported
12-14 22:44:51.930  3414  3428 W ServiceWatcher: com.google.android.gms not found
12-14 22:44:51.931  3414  3428 E LocationManagerService: Unable to bind FLP Geofence proxy.
12-14 22:44:51.931  3414  3428 E ActivityRecognitionHardware: Error hw_get_module: -2
12-14 22:44:51.931  3414  3428 E LocationManagerService: Hardware Activity-Recognition not supported.
12-14 22:44:51.931  3414  3428 W ServiceWatcher: com.google.android.gms not found
12-14 22:44:51.932  3414  3428 E ActivityRecognitionProxy: ServiceWatcher could not start.
12-14 22:44:51.932  3414  3428 E LocationManagerService: Unable to bind ActivityRecognitionProxy.
12-14 22:44:51.935  3414  3428 I CommonTimeManagementService: No common time service detected on this platform.  Common time services will be unavailable.
12-14 22:44:51.935  3414  3467 I InputReader: Reconfiguring input devices.  changes=0x00000020
12-14 22:44:51.935  3414  3414 V WiredAccessoryManager: init()
12-14 22:44:51.935  3414  3428 I MmsServiceBroker: Delay connecting to MmsService until an API is called
12-14 22:44:51.935  3701  3902 I vol.Events: writeEvent level_changed STREAM_BLUETOOTH_SCO 7
12-14 22:44:51.937  3414  3467 I InputReader: Reconfiguring input devices.  changes=0x00000010
12-14 22:44:51.938  3701  3701 D StorageNotification: Notifying about private volume: VolumeInfo{private}:
12-14 22:44:51.938  3701  3701 D StorageNotification:     type=PRIVATE diskId=null partGuid=null mountFlags=0 mountUserId=-1 
12-14 22:44:51.938  3701  3701 D StorageNotification:     state=MOUNTED 
12-14 22:44:51.938  3701  3701 D StorageNotification:     fsType=null fsUuid=null fsLabel=null 
12-14 22:44:51.938  3701  3701 D StorageNotification:     path=/data internalPath=null 
12-14 22:44:51.939  3414  3428 D MountService: onStartUser 0
12-14 22:44:51.939  3414  3428 D VoldConnector: SND -> {28 volume user_started 0}
12-14 22:44:51.940  2921  2965 D vold    : Linking /storage/emulated/0 to /mnt/user/0/primary
12-14 22:44:51.940  3414  3469 D VoldConnector: RCV <- {200 28 Command succeeded}
12-14 22:44:51.940  3414  3468 D MountService: Volume emulated broadcasting mounted to UserHandle{0}
12-14 22:44:51.940  3414  3428 W VoiceInteractionManagerService: no available voice interaction services found for user 0
12-14 22:44:51.940  3414  3428 W VoiceInteractionManagerService: no available voice recognition services found for user 0
12-14 22:44:51.944  3414  3414 W System  : ClassLoader referenced unknown path: /system/priv-app/FusedLocation/lib/arm64
12-14 22:44:51.951  3414  3428 I ActivityManager: Start proc 3969:org.cyanogenmod.audiofx/u0a3 for added application org.cyanogenmod.audiofx
12-14 22:44:51.953  3011  3499 I EXYNOS_COMP_REGS: Loading the library: libOMX.Exynos.MPEG4.Decoder.so
12-14 22:44:51.962  3701  3902 I vol.Events: writeEvent level_changed STREAM_MUSIC 11
12-14 22:44:51.962  3414  3428 I ActivityManager: Start proc 3981:com.android.phone/1001 for added application com.android.phone
12-14 22:44:51.962  3414  3428 I ActivityManager: START u0 {act=android.intent.action.MAIN cat=[android.intent.category.HOME] flg=0x10000000 cmp=com.android.settings/.CryptKeeper} from uid 0 on display 0
12-14 22:44:51.968  3920  3920 W System  : ClassLoader referenced unknown path: /system/priv-app/WeatherManagerService/lib/arm64
12-14 22:44:51.971  3701  3902 I vol.Events: writeEvent level_changed STREAM_RING 5
12-14 22:44:51.972  3701  3902 I vol.Events: writeEvent level_changed STREAM_SYSTEM 5
12-14 22:44:51.974  3701  3902 I vol.Events: writeEvent level_changed STREAM_VOICE_CALL 4
12-14 22:44:51.976  3701  3902 I vol.Events: writeEvent external_ringer_mode_changed normal
12-14 22:44:51.978  3414  3428 I ActivityManager: Start proc 3996:com.android.settings:CryptKeeper/1000 for activity com.android.settings/.CryptKeeper
12-14 22:44:51.998  3414  3427 I ActivityManager: Start proc 4021:com.android.printspooler/u0a58 for service com.android.printspooler/.model.PrintSpoolerService
12-14 22:44:52.000  3011  3499 I EXYNOS_COMP_REGS: Loading the library: libOMX.Exynos.MPEG4.Encoder.so
12-14 22:44:52.015  3414  3428 I ActivityManager: Start proc 4037:com.android.externalstorage/u0a10 for broadcast com.android.externalstorage/.MountReceiver
12-14 22:44:52.016  3414  3428 I ActivityManager: Force stopping com.android.providers.media appid=10009 user=-1: vold reset
12-14 22:44:52.017  3414  3428 W BroadcastQueue: Permission Denial: receiving Intent { act=android.intent.action.USER_SWITCHED flg=0x50000010 (has extras) } to ProcessRecord{e1305eb 3720:org.cyanogenmod.themeservice/u0a20} (pid=3720, uid=10020) requires android.permission.MANAGE_USERS due to sender null (uid 1000)
12-14 22:44:52.019  3701  3902 I vol.Events: writeEvent internal_ringer_mode_changed normal
12-14 22:44:52.035  3011  3499 I EXYNOS_COMP_REGS: Loading the library: libOMX.Exynos.VP8.Decoder.so
12-14 22:44:52.035  3765  3804 I ContactLocale: AddressBook Labels [en-US]: [, A, B, C, D, E, F, G, H, I, J, K, L, M, N, O, P, Q, R, S, T, U, V, W, X, Y, Z, , , , , , , , , , , , , , , , , , , , , , , , , , , , , , , , , , , , , , , , , , , , , , , , , , , , , , , , , , , , , , , , , , , , , , , , , , , , , , , , , , , , , , , , , , , , , , , , , , , , , , , , , , , , , , , , , , , , , , , , , , , , , , , , , , , , , , , , , , , , , , , , , , , , , , , , , , , , , , , , , , , , , , , , , , , , , , , , , , , , , , , , , , , #, ]
12-14 22:44:52.058  3011  3499 I EXYNOS_COMP_REGS: Loading the library: libOMX.Exynos.VP8.Encoder.so
12-14 22:44:52.059  3981  3981 W System  : ClassLoader referenced unknown path: /system/priv-app/TeleService/lib/arm64
12-14 22:44:52.064  3996  3996 W System  : ClassLoader referenced unknown path: /system/priv-app/Settings/lib/arm64
12-14 22:44:52.066  3969  3969 W System  : ClassLoader referenced unknown path: /system/priv-app/AudioFX/lib/arm64
12-14 22:44:52.069  2941  3949 D PermissionCache: checking android.permission.HARDWARE_TEST for uid=1000 => granted (267 us)
12-14 22:44:52.071  3011  3499 I EXYNOS_COMP_REGS: Loading the library: libOMX.Exynos.VP9.Decoder.so
12-14 22:44:52.078  4037  4037 W System  : ClassLoader referenced unknown path: /system/priv-app/ExternalStorageProvider/lib/arm64
12-14 22:44:52.081  3011  3930 V audio_hw_primary: adev_set_mic_mute: set mic mute: 0
12-14 22:44:52.081  4037  4037 D ExternalStorage: After updating volumes, found 1 active roots
12-14 22:44:52.083  4037  4037 D ExternalStorage: After updating volumes, found 1 active roots
12-14 22:44:52.084  4037  4037 D ExternalStorage: After updating volumes, found 1 active roots
12-14 22:44:52.089  3414  3414 E CMHardwareService: Vibrator is not supported
12-14 22:44:52.090  3414  3414 E CMHardwareService: Vibrator is not supported
12-14 22:44:52.092  3011  3499 I EXYNOS_COMP_REGS: Loading the library: libOMX.Exynos.VP9.Encoder.so
12-14 22:44:52.097  3414  3473 I ActivityManager: Start proc 4080:com.android.settings/1000 for broadcast com.android.settings/.widget.SettingsAppWidgetProvider
12-14 22:44:52.097  3414  3414 I BrokerableCMSystemService: Implementation service connected
12-14 22:44:52.098  3414  3414 I BrokerableCMSystemService: Notifying service connected
12-14 22:44:52.098  3414  3414 I BrokerableCMSystemService: Implementation service connected
12-14 22:44:52.098  3414  3414 I BrokerableCMSystemService: Implementation service connected
12-14 22:44:52.103  4021  4021 I PrintSpoolerService: No existing print spooler state.
12-14 22:44:52.106  3011  3499 I EXYNOS_COMP_REGS: Loading the library: libOMX.Exynos.WMV.Decoder.so
12-14 22:44:52.107  3996  3996 D CryptKeeper: Disabling component ComponentInfo{com.android.settings/com.android.settings.CryptKeeper}
12-14 22:44:52.111  3981  3981 W System  : ClassLoader referenced unknown path: /system/priv-app/TelephonyProvider/lib/arm64
12-14 22:44:52.112  3414  3603 I ActivityManager: START u0 {act=android.intent.action.MAIN cat=[android.intent.category.HOME] flg=0x10000000 cmp=com.cyanogenmod.setupwizard/.ui.SetupWizardActivity} from uid 0 on display 0
12-14 22:44:52.129  3414  3603 I ActivityManager: Start proc 4093:com.cyanogenmod.setupwizard/1000 for activity com.cyanogenmod.setupwizard/.ui.SetupWizardActivity
12-14 22:44:52.133  3414  3694 I StatusBarManagerService: registerStatusBar bar=com.android.internal.statusbar.IStatusBar$Stub$Proxy@da80daf
12-14 22:44:52.146  4080  4080 W System  : ClassLoader referenced unknown path: /system/priv-app/Settings/lib/arm64
12-14 22:44:52.150  3414  3414 I FusedLocation: engine started (com.android.location.fused)
12-14 22:44:52.156  4093  4093 W System  : ClassLoader referenced unknown path: /system/priv-app/CyanogenSetupWizard/lib/arm64
12-14 22:44:52.171  3011  3499 D libexynosv4l2: try node: /dev/video6
12-14 22:44:52.171  3011  3499 I libexynosv4l2: node found for device s5p-mfc-dec: /dev/video6
12-14 22:44:52.195  3414  3477 D WifiService: New client listening to asynchronous messages
12-14 22:44:52.204  3414  3477 D WifiService: New client listening to asynchronous messages
12-14 22:44:52.205  3011  3499 I libexynosv4l2: open video device /dev/video6
12-14 22:44:52.205  3011  3499 W ACodec  : do not know color format 0x7f000012 = 2130706450
12-14 22:44:52.206  3011  3499 W ACodec  : do not know color format 0x7f000011 = 2130706449
12-14 22:44:52.206  3011  3499 I Exynos_OSAL_Android: output buffer sharing mode is on (15)
12-14 22:44:52.207  3011  3499 D libexynosv4l2: try node: /dev/video6
12-14 22:44:52.207  3011  3499 I libexynosv4l2: node found for device s5p-mfc-dec: /dev/video6
12-14 22:44:52.211  3011  3499 I libexynosv4l2: open video device /dev/video6
12-14 22:44:52.211  3011  3499 W ACodec  : do not know color format 0x7f000012 = 2130706450
12-14 22:44:52.211  3011  3499 W ACodec  : do not know color format 0x7f000011 = 2130706449
12-14 22:44:52.211  3011  3499 I Exynos_OSAL_Android: output buffer sharing mode is on (15)
12-14 22:44:52.218  3011  3499 D libexynosv4l2: try node: /dev/video6
12-14 22:44:52.218  3011  3499 I libexynosv4l2: node found for device s5p-mfc-dec: /dev/video6
12-14 22:44:52.221  3011  3499 I libexynosv4l2: open video device /dev/video6
12-14 22:44:52.221  3011  3499 W ACodec  : do not know color format 0x7f000012 = 2130706450
12-14 22:44:52.221  3011  3499 W ACodec  : do not know color format 0x7f000011 = 2130706449
12-14 22:44:52.221  3011  3499 I Exynos_OSAL_Android: output buffer sharing mode is on (15)
12-14 22:44:52.223  3011  3499 D libexynosv4l2: try node: /dev/video6
12-14 22:44:52.223  3011  3499 I libexynosv4l2: node found for device s5p-mfc-dec: /dev/video6
12-14 22:44:52.226  3011  3499 I libexynosv4l2: open video device /dev/video6
12-14 22:44:52.226  3011  3499 I Exynos_OSAL_Android: output buffer sharing mode is on (15)
12-14 22:44:52.227  3951  3951 I LatinIME: Hardware accelerated drawing: true
12-14 22:44:52.228  3011  3499 D libexynosv4l2: try node: /dev/video6
12-14 22:44:52.228  3011  3499 I libexynosv4l2: node found for device s5p-mfc-dec: /dev/video6
12-14 22:44:52.232  3011  3499 I libexynosv4l2: open video device /dev/video6
12-14 22:44:52.232  3011  3499 W ACodec  : do not know color format 0x7f000012 = 2130706450
12-14 22:44:52.232  3011  3499 W ACodec  : do not know color format 0x7f000011 = 2130706449
12-14 22:44:52.232  3011  3499 I Exynos_OSAL_Android: output buffer sharing mode is on (15)
12-14 22:44:52.234  3011  3499 D libexynosv4l2: try node: /dev/video6
12-14 22:44:52.234  3011  3499 I libexynosv4l2: node found for device s5p-mfc-dec: /dev/video6
12-14 22:44:52.237  3011  3499 I libexynosv4l2: open video device /dev/video6
12-14 22:44:52.237  3011  3499 W ACodec  : do not know color format 0x7f000012 = 2130706450
12-14 22:44:52.237  3011  3499 W ACodec  : do not know color format 0x7f000011 = 2130706449
12-14 22:44:52.237  3011  3499 I Exynos_OSAL_Android: output buffer sharing mode is on (15)
12-14 22:44:52.239  3011  3499 D libexynosv4l2: try node: /dev/video6
12-14 22:44:52.239  3011  3499 I libexynosv4l2: node found for device s5p-mfc-dec: /dev/video6
12-14 22:44:52.240  3414  3432 D BluetoothManagerService: Message: 20
12-14 22:44:52.240  3414  3432 D BluetoothManagerService: Added callback: android.bluetooth.IBluetoothManagerCallback$Stub$Proxy@29e11a8:true
12-14 22:44:52.242  3011  3499 I libexynosv4l2: open video device /dev/video6
12-14 22:44:52.243  3011  3499 E OMXNodeInstance: getParameter(7:Exynos.VP9.Decoder, ParamVideoProfileLevelQuerySupported(0x600000f)) ERROR: UnsupportedIndex(0x8000101a)
12-14 22:44:52.243  3011  3499 W ACodec  : do not know color format 0x7f000012 = 2130706450
12-14 22:44:52.243  3011  3499 W ACodec  : do not know color format 0x7f000011 = 2130706449
12-14 22:44:52.243  3011  3499 I Exynos_OSAL_Android: output buffer sharing mode is on (15)
12-14 22:44:52.243  3414  3432 D BluetoothManagerService: Message: 30
12-14 22:44:52.243  3011  3499 E OMX     : FAILED to allocate omx component 'OMX.Exynos.VC1.Decoder' err=InvalidComponentName(0x80001002)
12-14 22:44:52.243  3011  3499 E OMX     : FAILED to allocate omx component 'OMX.Exynos.VC1.Decoder' err=InvalidComponentName(0x80001002)
12-14 22:44:52.243  3011  3499 W MediaCodecList: ignoring Limit specified outside of a Type
12-14 22:44:52.243  3011  3499 W MediaCodecList: ignoring Limit specified outside of a Type
12-14 22:44:52.243  3011  3499 W MediaCodecList: ignoring Limit specified outside of a Type
12-14 22:44:52.243  3011  3499 W MediaCodecList: ignoring Limit specified outside of a Type
12-14 22:44:52.243  3011  3499 W MediaCodecList: ignoring Limit specified outside of a Type
12-14 22:44:52.243  3011  3499 W MediaCodecList: ignoring Limit specified outside of a Type
12-14 22:44:52.243  3011  3499 W MediaCodecList: ignoring Feature specified outside of a Type
12-14 22:44:52.243  3011  3499 E OMX     : FAILED to allocate omx component 'OMX.Exynos.MP3.Decoder' err=InvalidComponentName(0x80001002)
12-14 22:44:52.243  3011  3499 E OMX     : FAILED to allocate omx component 'OMX.Exynos.MP3.Decoder' err=InvalidComponentName(0x80001002)
12-14 22:44:52.243  3011  3499 E OMX     : FAILED to allocate omx component 'OMX.Exynos.MP3.Decoder' err=InvalidComponentName(0x80001002)
12-14 22:44:52.243  3011  3499 E OMX     : FAILED to allocate omx component 'OMX.Exynos.AAC.Decoder' err=InvalidComponentName(0x80001002)
12-14 22:44:52.244  3011  3499 D libexynosv4l2: try node: /dev/video6
12-14 22:44:52.244  3011  3499 D libexynosv4l2: try node: /dev/video7
12-14 22:44:52.244  3011  3499 I libexynosv4l2: node found for device s5p-mfc-enc: /dev/video7
12-14 22:44:52.245  3414  3432 D BluetoothManagerService: Message: 30
12-14 22:44:52.247  4080  4080 D LocalBluetoothProfileManager: Adding local MAP profile
12-14 22:44:52.247  4080  4080 D BluetoothMap: Create BluetoothMap proxy object
12-14 22:44:52.248  3011  3499 I libexynosv4l2: open video device /dev/video7
12-14 22:44:52.248  3414  3432 D BluetoothManagerService: Message: 30
12-14 22:44:52.248  3011  3499 W ACodec  : do not know color format 0x7f000011 = 2130706449
12-14 22:44:52.248  3011  3499 W ACodec  : do not know color format 0x10 = 16
12-14 22:44:52.248  3011  3499 W ACodec  : do not know color format 0x7f00a000 = 2130747392
12-14 22:44:52.248  3011  3499 W ACodec  : do not know color format 0x7f000789 = 2130708361
12-14 22:44:52.248  3011  3499 W ACodec  : do not know color format 0x7f000012 = 2130706450
12-14 22:44:52.249  3011  3499 D libexynosv4l2: try node: /dev/video6
12-14 22:44:52.249  3011  3499 D libexynosv4l2: try node: /dev/video7
12-14 22:44:52.249  3011  3499 I libexynosv4l2: node found for device s5p-mfc-enc: /dev/video7
12-14 22:44:52.250  3414  3432 D BluetoothManagerService: Message: 30
12-14 22:44:52.251  4080  4080 D LocalBluetoothProfileManager: LocalBluetoothProfileManager construction complete
12-14 22:44:52.253  3011  3499 I libexynosv4l2: open video device /dev/video7
12-14 22:44:52.253  3011  3499 W ACodec  : do not know color format 0x7f000011 = 2130706449
12-14 22:44:52.253  3011  3499 W ACodec  : do not know color format 0x10 = 16
12-14 22:44:52.253  3011  3499 W ACodec  : do not know color format 0x7f00a000 = 2130747392
12-14 22:44:52.253  3011  3499 W ACodec  : do not know color format 0x7f000789 = 2130708361
12-14 22:44:52.253  3011  3499 W ACodec  : do not know color format 0x7f000012 = 2130706450
12-14 22:44:52.254  3011  3499 D libexynosv4l2: try node: /dev/video6
12-14 22:44:52.255  3011  3499 D libexynosv4l2: try node: /dev/video7
12-14 22:44:52.255  3011  3499 I libexynosv4l2: node found for device s5p-mfc-enc: /dev/video7
12-14 22:44:52.258  3011  3499 I libexynosv4l2: open video device /dev/video7
12-14 22:44:52.258  3011  3499 W ACodec  : do not know color format 0x7f000011 = 2130706449
12-14 22:44:52.258  3011  3499 W ACodec  : do not know color format 0x10 = 16
12-14 22:44:52.258  3011  3499 W ACodec  : do not know color format 0x7f00a000 = 2130747392
12-14 22:44:52.258  3011  3499 W ACodec  : do not know color format 0x7f000789 = 2130708361
12-14 22:44:52.258  3011  3499 W ACodec  : do not know color format 0x7f000012 = 2130706450
12-14 22:44:52.260  3011  3499 D libexynosv4l2: try node: /dev/video6
12-14 22:44:52.260  3011  3499 D libexynosv4l2: try node: /dev/video7
12-14 22:44:52.260  3011  3499 I libexynosv4l2: node found for device s5p-mfc-enc: /dev/video7
12-14 22:44:52.263  3011  3499 I libexynosv4l2: open video device /dev/video7
12-14 22:44:52.264  3011  3499 W ACodec  : do not know color format 0x7f000011 = 2130706449
12-14 22:44:52.264  3011  3499 W ACodec  : do not know color format 0x10 = 16
12-14 22:44:52.264  3011  3499 W ACodec  : do not know color format 0x7f00a000 = 2130747392
12-14 22:44:52.264  3011  3499 W ACodec  : do not know color format 0x7f000789 = 2130708361
12-14 22:44:52.264  3011  3499 W ACodec  : do not know color format 0x7f000012 = 2130706450
12-14 22:44:52.265  3011  3499 D libexynosv4l2: try node: /dev/video6
12-14 22:44:52.265  3011  3499 D libexynosv4l2: try node: /dev/video7
12-14 22:44:52.265  3011  3499 I libexynosv4l2: node found for device s5p-mfc-enc: /dev/video7
12-14 22:44:52.269  3011  3499 I libexynosv4l2: open video device /dev/video7
12-14 22:44:52.269  3011  3499 W ACodec  : do not know color format 0x7f000011 = 2130706449
12-14 22:44:52.269  3011  3499 W ACodec  : do not know color format 0x10 = 16
12-14 22:44:52.269  3011  3499 W ACodec  : do not know color format 0x7f00a000 = 2130747392
12-14 22:44:52.269  3011  3499 W ACodec  : do not know color format 0x7f000789 = 2130708361
12-14 22:44:52.269  3011  3499 W ACodec  : do not know color format 0x7f000012 = 2130706450
12-14 22:44:52.270  3011  3499 E OMX     : FAILED to allocate omx component 'OMX.Exynos.VP9.Encoder' err=InvalidComponentName(0x80001002)
12-14 22:44:52.273  3701  4145 D OpenGLRenderer: Use EGL_SWAP_BEHAVIOR_PRESERVED: true
12-14 22:44:52.274  3414  3426 I ActivityManager: Start proc 4146:android.process.media/u0a9 for broadcast com.android.providers.downloads/.DownloadReceiver
12-14 22:44:52.285  3011  3499 W OMXNodeInstance: [d:google.mpeg4.decoder] component does not support metadata mode; using fallback
12-14 22:44:52.285  3951  3951 W InputAttributes: No editor info for this field. Bug?
12-14 22:44:52.286  4093  4093 W GooglePlayServicesUtil: Google Play services is missing.
12-14 22:44:52.289  4093  4093 D TelephonyManager: getDataEnabled: retVal=false
12-14 22:44:52.291  3011  3499 W OMXNodeInstance: [e:google.mpeg4.decoder] component does not support metadata mode; using fallback
12-14 22:44:52.291  3011  3499 W MediaCodecList: ignoring Limit specified outside of a Type
12-14 22:44:52.291  3011  3499 W MediaCodecList: ignoring Limit specified outside of a Type
12-14 22:44:52.291  3011  3499 W MediaCodecList: ignoring Limit specified outside of a Type
12-14 22:44:52.291  3011  3499 W MediaCodecList: ignoring Limit specified outside of a Type
12-14 22:44:52.291  3011  3499 W MediaCodecList: ignoring Limit specified outside of a Type
12-14 22:44:52.291  3011  3499 W MediaCodecList: ignoring Feature specified outside of a Type
12-14 22:44:52.292  3011  3499 W OMXNodeInstance: [f:google.h263.decoder] component does not support metadata mode; using fallback
12-14 22:44:52.304  3951  4167 I LatinIME:LogUtils: Dictionary info: dictionary = contacts.en_US ; version = 1481755492 ; date = ?
12-14 22:44:52.304  4146  4146 W System  : ClassLoader referenced unknown path: /system/priv-app/DownloadProvider/lib/arm64
12-14 22:44:52.308  4093  4093 W ContextImpl: Calling a method in the system process without a qualified user: android.app.ContextImpl.bindService:1295 android.content.ContextWrapper.bindService:610 android.speech.tts.TextToSpeech.connectToEngine:800 android.speech.tts.TextToSpeech.initTts:770 android.speech.tts.TextToSpeech.<init>:723 
12-14 22:44:52.319  3414  3696 I ActivityManager: Start proc 4169:com.svox.pico/u0a55 for service com.svox.pico/.PicoService
12-14 22:44:52.319  4093  4093 I TextToSpeech: Sucessfully bound to com.svox.pico
12-14 22:44:52.320  4146  4146 W System  : ClassLoader referenced unknown path: /system/priv-app/MediaProvider/lib/arm64
12-14 22:44:52.321  4093  4093 E MediaPlayer-JNI: JNIMediaPlayerFactory: bIsQCMediaPlayerPresent 0
12-14 22:44:52.321  4093  4093 E MediaPlayer-JNI: JNIMediaPlayerFactory: bIsQCMediaPlayerPresent 0
12-14 22:44:52.327  4093  4093 D Ringtone: Problem opening; delegating to remote player
12-14 22:44:52.328  4093  4093 E MediaPlayer-JNI: JNIMediaPlayerFactory: bIsQCMediaPlayerPresent 0
12-14 22:44:52.328  4093  4093 E MediaPlayer-JNI: JNIMediaPlayerFactory: bIsQCMediaPlayerPresent 0
12-14 22:44:52.328  4093  4093 D Ringtone: Problem opening; delegating to remote player
12-14 22:44:52.332  3011  3499 W OMXNodeInstance: [10:google.h264.decoder] component does not support metadata mode; using fallback
12-14 22:44:52.340  3414  3432 D BluetoothManagerService: Message: 20
12-14 22:44:52.340  3414  3432 D BluetoothManagerService: Added callback: android.bluetooth.IBluetoothManagerCallback$Stub$Proxy@3e726:true
12-14 22:44:52.342  3414  3432 D BluetoothManagerService: Message: 30
12-14 22:44:52.343  3414  3432 D BluetoothManagerService: Message: 30
12-14 22:44:52.346  3701  3701 D LocalBluetoothProfileManager: Adding local MAP profile
12-14 22:44:52.346  3701  3701 D BluetoothMap: Create BluetoothMap proxy object
12-14 22:44:52.347  3414  3432 D BluetoothManagerService: Message: 30
12-14 22:44:52.348  3414  3432 D BluetoothManagerService: Message: 30
12-14 22:44:52.348  3701  3701 D LocalBluetoothProfileManager: LocalBluetoothProfileManager construction complete
12-14 22:44:52.351  3414  3693 D ConnectivityService: listenForNetwork for Listen from uid/pid:10022/3701 for NetworkRequest [ id=3, legacyType=-1, [] ]
12-14 22:44:52.356  3701  3701 I CameraManagerGlobal: Connecting to camera service
12-14 22:44:52.373  3011  3499 W OMXNodeInstance: [11:google.hevc.decoder] component does not support metadata mode; using fallback
12-14 22:44:52.374  3414  3698 I ActivityManager: Start proc 4187:org.cyanogenmod.weather.provider/u0a28 for content provider org.cyanogenmod.weather.provider/.WeatherContentProvider
12-14 22:44:52.385  4169  4169 V SynthProxy: About to load libttspico.so, applyFilter=true
12-14 22:44:52.389  4187  4187 W System  : ClassLoader referenced unknown path: /system/priv-app/WeatherProvider/lib/arm64
12-14 22:44:52.398  3701  3701 W QSTileHost: Error creating tile for spec: live_display
12-14 22:44:52.398  3701  3701 W QSTileHost: java.lang.IllegalArgumentException: Bad tile spec: live_display
12-14 22:44:52.398  3701  3701 W QSTileHost: 	at com.android.systemui.statusbar.phone.QSTileHost.createTile(QSTileHost.java:382)
12-14 22:44:52.398  3701  3701 W QSTileHost: 	at com.android.systemui.statusbar.phone.QSTileHost.onTuningChanged(QSTileHost.java:325)
12-14 22:44:52.398  3701  3701 W QSTileHost: 	at com.android.systemui.tuner.TunerService.addTunableByProvider(TunerService.java:114)
12-14 22:44:52.398  3701  3701 W QSTileHost: 	at com.android.systemui.statusbar.phone.QSTileHost.<init>(QSTileHost.java:153)
12-14 22:44:52.398  3701  3701 W QSTileHost: 	at com.android.systemui.statusbar.phone.PhoneStatusBar.makeStatusBarView(PhoneStatusBar.java:1189)
12-14 22:44:52.398  3701  3701 W QSTileHost: 	at com.android.systemui.statusbar.phone.PhoneStatusBar.addStatusBarWindow(PhoneStatusBar.java:3463)
12-14 22:44:52.398  3701  3701 W QSTileHost: 	at com.android.systemui.statusbar.phone.PhoneStatusBar.createAndAddWindows(PhoneStatusBar.java:3459)
12-14 22:44:52.398  3701  3701 W QSTileHost: 	at com.android.systemui.statusbar.BaseStatusBar.start(BaseStatusBar.java:631)
12-14 22:44:52.398  3701  3701 W QSTileHost: 	at com.android.systemui.statusbar.phone.PhoneStatusBar.start(PhoneStatusBar.java:818)
12-14 22:44:52.398  3701  3701 W QSTileHost: 	at com.android.systemui.statusbar.SystemBars.createStatusBarFromConfig(SystemBars.java:106)
12-14 22:44:52.398  3701  3701 W QSTileHost: 	at com.android.systemui.statusbar.SystemBars.onNoService(SystemBars.java:58)
12-14 22:44:52.398  3701  3701 W QSTileHost: 	at com.android.systemui.statusbar.ServiceMonitor.startService(ServiceMonitor.java:230)
12-14 22:44:52.398  3701  3701 W QSTileHost: 	at com.android.systemui.statusbar.ServiceMonitor.-wrap5(ServiceMonitor.java)
12-14 22:44:52.398  3701  3701 W QSTileHost: 	at com.android.systemui.statusbar.ServiceMonitor$1.handleMessage(ServiceMonitor.java:73)
12-14 22:44:52.398  3701  3701 W QSTileHost: 	at android.os.Handler.dispatchMessage(Handler.java:102)
12-14 22:44:52.398  3701  3701 W QSTileHost: 	at android.os.Looper.loop(Looper.java:148)
12-14 22:44:52.398  3701  3701 W QSTileHost: 	at android.app.ActivityThread.main(ActivityThread.java:5461)
12-14 22:44:52.398  3701  3701 W QSTileHost: 	at java.lang.reflect.Method.invoke(Native Method)
12-14 22:44:52.398  3701  3701 W QSTileHost: 	at com.android.internal.os.ZygoteInit$MethodAndArgsCaller.run(ZygoteInit.java:726)
12-14 22:44:52.398  3701  3701 W QSTileHost: 	at com.android.internal.os.ZygoteInit.main(ZygoteInit.java:616)
12-14 22:44:52.399  3011  3499 W OMXNodeInstance: [12:google.vp8.decoder] component does not support metadata mode; using fallback
12-14 22:44:52.401  3011  3499 W OMXNodeInstance: [13:google.vp9.decoder] component does not support metadata mode; using fallback
12-14 22:44:52.405  3701  3701 W CustomTileListenerService[]: CustomTile listener service not yet bound.
12-14 22:44:52.409  3701  3701 W Resources: Drawable com.android.systemui:drawable/ic_battery_circle has unresolved theme attributes! Consider using Resources.getDrawable(int, Theme) or Context.getDrawable(int).
12-14 22:44:52.409  3701  3701 W Resources: java.lang.RuntimeException
12-14 22:44:52.409  3701  3701 W Resources: 	at android.content.res.Resources.getDrawable(Resources.java:799)
12-14 22:44:52.409  3701  3701 W Resources: 	at com.android.systemui.BatteryMeterView$AllInOneBatteryMeterDrawable.loadBatteryDrawables(BatteryMeterView.java:637)
12-14 22:44:52.409  3701  3701 W Resources: 	at com.android.systemui.BatteryMeterView$AllInOneBatteryMeterDrawable.<init>(BatteryMeterView.java:492)
12-14 22:44:52.409  3701  3701 W Resources: 	at com.android.systemui.BatteryMeterView.createBatteryMeterDrawable(BatteryMeterView.java:264)
12-14 22:44:52.409  3701  3701 W Resources: 	at com.android.systemui.BatteryMeterView.setMode(BatteryMeterView.java:366)
12-14 22:44:52.409  3701  3701 W Resources: 	at com.android.systemui.BatteryMeterView.onBatteryStyleChanged(BatteryMeterView.java:336)
12-14 22:44:52.409  3701  3701 W Resources: 	at com.android.systemui.statusbar.policy.BatteryController.addStateChangedCallback(BatteryController.java:100)
12-14 22:44:52.409  3701  3701 W Resources: 	at com.android.systemui.BatteryMeterView.setBatteryStateRegistar(BatteryMeterView.java:283)
12-14 22:44:52.409  3701  3701 W Resources: 	at com.android.systemui.statusbar.phone.StatusBarHeaderView.setBatteryController(StatusBarHeaderView.java:350)
12-14 22:44:52.409  3701  3701 W Resources: 	at com.android.systemui.statusbar.phone.PhoneStatusBar.makeStatusBarView(PhoneStatusBar.java:1297)
12-14 22:44:52.409  3701  3701 W Resources: 	at com.android.systemui.statusbar.phone.PhoneStatusBar.addStatusBarWindow(PhoneStatusBar.java:3463)
12-14 22:44:52.409  3701  3701 W Resources: 	at com.android.systemui.statusbar.phone.PhoneStatusBar.createAndAddWindows(PhoneStatusBar.java:3459)
12-14 22:44:52.409  3701  3701 W Resources: 	at com.android.systemui.statusbar.BaseStatusBar.start(BaseStatusBar.java:631)
12-14 22:44:52.409  3701  3701 W Resources: 	at com.android.systemui.statusbar.phone.PhoneStatusBar.start(PhoneStatusBar.java:818)
12-14 22:44:52.409  3701  3701 W Resources: 	at com.android.systemui.statusbar.SystemBars.createStatusBarFromConfig(SystemBars.java:106)
12-14 22:44:52.409  3701  3701 W Resources: 	at com.android.systemui.statusbar.SystemBars.onNoService(SystemBars.java:58)
12-14 22:44:52.409  3701  3701 W Resources: 	at com.android.systemui.statusbar.ServiceMonitor.startService(ServiceMonitor.java:230)
12-14 22:44:52.409  3701  3701 W Resources: 	at com.android.systemui.statusbar.ServiceMonitor.-wrap5(ServiceMonitor.java)
12-14 22:44:52.409  3701  3701 W Resources: 	at com.android.systemui.statusbar.ServiceMonitor$1.handleMessage(ServiceMonitor.java:73)
12-14 22:44:52.409  3701  3701 W Resources: 	at android.os.Handler.dispatchMessage(Handler.java:102)
12-14 22:44:52.409  3701  3701 W Resources: 	at android.os.Looper.loop(Looper.java:148)
12-14 22:44:52.409  3701  3701 W Resources: 	at android.app.ActivityThread.main(ActivityThread.java:5461)
12-14 22:44:52.409  3701  3701 W Resources: 	at java.lang.reflect.Method.invoke(Native Method)
12-14 22:44:52.409  3701  3701 W Resources: 	at com.android.internal.os.ZygoteInit$MethodAndArgsCaller.run(ZygoteInit.java:726)
12-14 22:44:52.409  3701  3701 W Resources: 	at com.android.internal.os.ZygoteInit.main(ZygoteInit.java:616)
12-14 22:44:52.410  3701  3701 D BatteryMeterView: mTextGravity=17
12-14 22:44:52.410  3701  3701 D BatteryMeterView: mTextGravity=17
12-14 22:44:52.410  3701  3701 D BatteryMeterView: mTextGravity=17
12-14 22:44:52.413  3701  4145 D OpenGLRenderer: profile bars disabled
12-14 22:44:52.413  3701  4145 D OpenGLRenderer: ambientRatio = 1.50
12-14 22:44:52.416  2941  3002 D PermissionCache: checking android.permission.ACCESS_SURFACE_FLINGER for uid=10022 => granted (84 us)
12-14 22:44:52.418  3701  3701 D PhoneStatusBar: disable: < EXPAND* icons alerts system_info BACK* HOME* RECENT* clock SEARCH* quick_settings >
12-14 22:44:52.419  3011  3499 I SoftMPEG4Encoder: Construct SoftMPEG4Encoder
12-14 22:44:52.420  3011  3499 W ACodec  : do not know color format 0x7f000789 = 2130708361
12-14 22:44:52.437  3701  3701 D PhoneStatusBar: heads up is enabled
12-14 22:44:52.440  3701  3701 D StatusBar: user hasn't seen notification about hidden notifications
12-14 22:44:52.441  3701  3701 D StatusBar: insecure lockscreen, skipping notification
12-14 22:44:52.447  3011  3499 W ACodec  : do not know color format 0x7f000789 = 2130708361
12-14 22:44:52.448  3011  3499 I SoftMPEG4Encoder: Construct SoftMPEG4Encoder
12-14 22:44:52.449  3011  3499 W ACodec  : do not know color format 0x7f000789 = 2130708361
12-14 22:44:52.478  3011  3499 W ACodec  : do not know color format 0x7f000789 = 2130708361
12-14 22:44:52.526  3414  3483 D NotificationSQLiteLog: Pruned event entries: 0
12-14 22:44:52.546  4169  4169 I SVOX Pico Engine: loaded en-US successfully
12-14 22:44:52.550  4146  4146 I DownloadManager: Upgrading downloads database from version 0 to version 109, which will destroy all old data
12-14 22:44:52.577  3765  3804 D ContactDirectoryManager: Found com.android.exchange.directory.provider
12-14 22:44:52.593  3414  3698 I ActivityManager: Start proc 4238:com.android.exchange/u0a42 for content provider com.android.exchange/.provider.ExchangeDirectoryProvider
12-14 22:44:52.617  3951  4167 I LatinIME:LogUtils: Dictionary info: dictionary = userunigram.en_US ; version = 1481755492 ; date = ?
12-14 22:44:52.620  4238  4238 W System  : ClassLoader referenced unknown path: /system/app/Exchange2/lib/arm64
12-14 22:44:52.648  3011  3499 W MediaCodecList: Component OMX.Exynos.MP3.Decoder does not support any type of media?
12-14 22:44:52.648  3011  3499 W MediaCodecList: Component OMX.Exynos.VC1.Decoder does not support any type of media?
12-14 22:44:52.649  3011  3499 W MediaCodecList: unable to open media codecs configuration xml file: /etc/media_codecs_performance.xml
12-14 22:44:52.649  3011  3499 W MediaCodecList: unable to open media codecs configuration xml file: /data/misc/media/media_codecs_profiling_results.xml
12-14 22:44:52.650  3701  3890 I OMXClient: Using client-side OMX mux.
12-14 22:44:52.650  3414  3919 I OMXClient: Using client-side OMX mux.
12-14 22:44:52.696  3414  4270 I OMXClient: Using client-side OMX mux.
12-14 22:44:52.718  3701  4273 I OMXClient: Using client-side OMX mux.
12-14 22:44:52.731  3414  3425 I ActivityManager: Start proc 4276:com.android.email/u0a48 for content provider com.android.email/.provider.EmailProvider
12-14 22:44:52.734  3765  3804 I ContactDirectoryManager: deleted 0 stale rows which don't have any relevant directory
12-14 22:44:52.736  3414  4287 I OMXClient: Using client-side OMX mux.
12-14 22:44:52.768  3981  3981 D TelephonyProvider: dbh.onCreate:+ db=SQLiteDatabase: /data/user/0/com.android.providers.telephony/databases/telephony.db
12-14 22:44:52.768  3981  3981 D TelephonyProvider: dbh.createSimInfoTable:+
12-14 22:44:52.771  4276  4276 W System  : ClassLoader referenced unknown path: /system/app/Email/lib/arm64
12-14 22:44:52.772  3981  3981 D TelephonyProvider: dbh.createSimInfoTable:-
12-14 22:44:52.772  3981  3981 D TelephonyProvider: dbh.createCarriersTable: carriers
12-14 22:44:52.774  3981  3981 D TelephonyProvider: dbh.createCarriersTable:-
12-14 22:44:52.774  3981  3981 D TelephonyProvider: No APNs in OEM image = /oem/telephony/apns-conf.xml Load APNs from system image
12-14 22:44:52.775  3981  3981 D TelephonyProvider: No APNs in OEM image = /data/misc/apns-conf.xml Load APNs from system image
12-14 22:44:52.775  3981  3981 D TelephonyProvider: confFile = /system/etc/apns-conf.xml
12-14 22:44:52.779  3701  4292 I OMXClient: Using client-side OMX mux.
12-14 22:44:52.779  3414  4293 I OMXClient: Using client-side OMX mux.
12-14 22:44:52.790  4146  4146 I MediaProvider: Upgrading media database from version 0 to 800, which will destroy all old data
12-14 22:44:52.790  3701  3701 D mali_winsys: EGLint new_window_surface(egl_winsys_display*, void*, EGLSurface, EGLConfig, egl_winsys_surface**, egl_color_buffer_format*, EGLBoolean) returns 0x3000,  [2880x2560]-format:2
12-14 22:44:52.807  3765  3804 I ContactDirectoryManager: Discovered 0 contact directories in 361ms
12-14 22:44:52.832  3951  4167 I LatinIME:LogUtils: Dictionary info: dictionary = UserHistoryDictionary.en_US ; version = 1481755492 ; date = ?
12-14 22:44:52.846  3765  3804 I ContactsProvider: Upgrading aggregation algorithm
12-14 22:44:52.847  3414  4312 I OMXClient: Using client-side OMX mux.
12-14 22:44:52.849  3765  3804 I ContactAggregator: Marked all visible contacts for aggregation: 0 raw contacts, 2 ms
12-14 22:44:52.865  4146  4146 D MediaProvider: Adjusting external storage paths to: /storage/emulated/0
12-14 22:44:52.866  3701  3701 D PhoneStatusBar: disable: < EXPAND ICONS* ALERTS* system_info BACK HOME RECENT clock SEARCH quick_settings >
12-14 22:44:52.867  3701  3701 D PhoneStatusBar: heads up is disabled
12-14 22:44:52.867  3701  3701 D PhoneStatusBar: dismissing any existing heads up notification on disable event
12-14 22:44:52.867  3701  3701 I Choreographer: Skipped 34 frames!  The application may be doing too much work on its main thread.
12-14 22:44:52.873  3701  3701 D ViewRootImpl: changeCanvasOpacity: opaque=true
12-14 22:44:52.898  3414  4315 I OMXClient: Using client-side OMX mux.
12-14 22:44:52.901  4146  4146 E SQLiteLog: (1) no such table: album_info
12-14 22:44:52.945  3414  3994 I ActivityManager: Start proc 4319:com.cyanogenmod.eleven/u0a39 for broadcast com.cyanogenmod.eleven/.MediaButtonIntentReceiver
12-14 22:44:52.956  3969  4318 D AudioFx-AudioOutputChangeListener: onAudioOutputChanged id: 2 type: 2 name: SM-G935F address:  [android.media.AudioDeviceInfo@dbd337b]
12-14 22:44:52.957  3969  3969 D AudioFxService: rebuilding presets due to preference upgrade from 0 to 3
12-14 22:44:52.958  3701  4145 I OpenGLRenderer: Initialized EGL, version 1.4
12-14 22:44:52.962  3701  4145 D mali_winsys: EGLint new_window_surface(egl_winsys_display*, void*, EGLSurface, EGLConfig, egl_winsys_surface**, egl_color_buffer_format*, EGLBoolean) returns 0x3000,  [1440x96]-format:1
12-14 22:44:52.972  4319  4319 W System  : ClassLoader referenced unknown path: /system/app/Eleven/lib/arm64
12-14 22:44:52.976  3011  3499 D PermissionCache: checking android.permission.MODIFY_AUDIO_SETTINGS for uid=10003 => granted (306 us)
12-14 22:44:52.978  3969  3969 W Equalizer: WARNING: attaching an Equalizer to global output mix is deprecated!
12-14 22:44:52.980  3414  3477 D WifiService: New client listening to asynchronous messages
12-14 22:44:52.983  3969  3969 W BassBoost: WARNING: attaching a BassBoost to global output mix is deprecated!
12-14 22:44:52.984  3969  3969 W Virtualizer: WARNING: attaching a Virtualizer to global output mix is deprecated!
12-14 22:44:53.043  3765  3804 I ContactsProvider: Aggregation algorithm upgraded for 0 raw contacts in 198ms
12-14 22:44:53.062  3765  3804 I ContactsFTS: Rebuild contact search index in 10ms, 0 contacts
12-14 22:44:53.100  4276  4343 D ActivityThread: Loading provider com.android.email.provider;com.android.email.notifier: com.android.email.provider.EmailProvider
12-14 22:44:53.102  4276  4345 D ActivityThread: Loading provider com.android.email.provider;com.android.email.notifier: com.android.email.provider.EmailProvider
12-14 22:44:53.105  4276  4347 D ActivityThread: Loading provider com.android.email.provider;com.android.email.notifier: com.android.email.provider.EmailProvider
12-14 22:44:53.109  4276  4349 D ActivityThread: Loading provider com.android.email.provider;com.android.email.notifier: com.android.email.provider.EmailProvider
12-14 22:44:53.113  4276  4351 D ActivityThread: Loading provider com.android.email.provider;com.android.email.notifier: com.android.email.provider.EmailProvider
12-14 22:44:53.114  4276  4348 D ActivityThread: Loading provider com.android.email.provider;com.android.email.notifier: com.android.email.provider.EmailProvider
12-14 22:44:53.121  4276  4276 D ActivityThread: Loading provider com.android.email.provider;com.android.email.notifier: com.android.email.provider.EmailProvider
12-14 22:44:53.174  3414  3426 I ActivityManager: Start proc 4353:com.cyanogenmod.eleven:main/u0a39 for service com.cyanogenmod.eleven/.MusicPlaybackService
12-14 22:44:53.179  3951  4167 I BinaryDictionaryFileDumper: reinitializeClientRecordInDictionaryContentProvider() : MetadataFileUri = 
12-14 22:44:53.203  4353  4353 W System  : ClassLoader referenced unknown path: /system/app/Eleven/lib/arm64
12-14 22:44:53.304  4353  4353 V RenderScript_jni: RS native mode
12-14 22:44:53.305  4353  4353 V RenderScript_jni: Unable to load libRSSupportIO.so, USAGE_IO not supported
12-14 22:44:53.390  4353  4368 V RenderScript: 0x7f8aaa3000 Launching thread(s), CPUs 8
12-14 22:44:53.435  4353  4353 E MediaPlayer-JNI: JNIMediaPlayerFactory: bIsQCMediaPlayerPresent 0
12-14 22:44:53.435  4353  4353 E MediaPlayer-JNI: JNIMediaPlayerFactory: bIsQCMediaPlayerPresent 0
