12-05 14:31:04.717  4649  4895 E AutoInstalls: 	at com.android.launcher3.AutoInstallsLayout.parseLayout(AutoInstallsLayout.java:217)
12-05 14:31:04.717  4649  4895 E AutoInstalls: 	at com.android.launcher3.AutoInstallsLayout.loadLayout(AutoInstallsLayout.java:193)
12-05 14:31:04.717  4649  4895 E AutoInstalls: 	at com.android.launcher3.LauncherProvider$DatabaseHelper.loadFavorites(LauncherProvider.java:1292)
12-05 14:31:04.717  4649  4895 E AutoInstalls: 	at com.android.launcher3.LauncherProvider.loadDefaultFavoritesIfNecessary(LauncherProvider.java:406)
12-05 14:31:04.717  4649  4895 E AutoInstalls: 	at com.android.launcher3.LauncherModel$LoaderTask.loadWorkspace(LauncherModel.java:1967)
12-05 14:31:04.717  4649  4895 E AutoInstalls: 	at com.android.launcher3.LauncherModel$LoaderTask.loadAndBindWorkspace(LauncherModel.java:1558)
12-05 14:31:04.717  4649  4895 E AutoInstalls: 	at com.android.launcher3.LauncherModel$LoaderTask.run(LauncherModel.java:1655)
12-05 14:31:04.717  4649  4895 E AutoInstalls: 	at android.os.Handler.handleCallback(Handler.java:739)
12-05 14:31:04.717  4649  4895 E AutoInstalls: 	at android.os.Handler.dispatchMessage(Handler.java:95)
12-05 14:31:04.717  4649  4895 E AutoInstalls: 	at android.os.Looper.loop(Looper.java:148)
12-05 14:31:04.717  4649  4895 E AutoInstalls: 	at android.os.HandlerThread.run(HandlerThread.java:61)
12-05 14:31:04.719  4649  4895 E AutoInstalls: Unable to add favorite: com.google.android.calendar/com.android.calendar.AllInOneActivity
12-05 14:31:04.719  4649  4895 E AutoInstalls: android.content.pm.PackageManager$NameNotFoundException: ComponentInfo{com.google.android.calendar/com.android.calendar.AllInOneActivity}
12-05 14:31:04.719  4649  4895 E AutoInstalls: 	at android.app.ApplicationPackageManager.getActivityInfo(ApplicationPackageManager.java:343)
12-05 14:31:04.719  4649  4895 E AutoInstalls: 	at com.android.launcher3.AutoInstallsLayout$AppShortcutParser.parseAndAdd(AutoInstallsLayout.java:347)
12-05 14:31:04.719  4649  4895 E AutoInstalls: 	at com.android.launcher3.AutoInstallsLayout$FolderParser.parseAndAdd(AutoInstallsLayout.java:595)
12-05 14:31:04.719  4649  4895 E AutoInstalls: 	at com.android.launcher3.DefaultLayoutParser$MyFolderParser.parseAndAdd(DefaultLayoutParser.java:271)
12-05 14:31:04.719  4649  4895 E AutoInstalls: 	at com.android.launcher3.AutoInstallsLayout.parseAndAddNode(AutoInstallsLayout.java:272)
12-05 14:31:04.719  4649  4895 E AutoInstalls: 	at com.android.launcher3.AutoInstallsLayout.parseLayout(AutoInstallsLayout.java:217)
12-05 14:31:04.719  4649  4895 E AutoInstalls: 	at com.android.launcher3.AutoInstallsLayout.loadLayout(AutoInstallsLayout.java:193)
12-05 14:31:04.719  4649  4895 E AutoInstalls: 	at com.android.launcher3.LauncherProvider$DatabaseHelper.loadFavorites(LauncherProvider.java:1292)
12-05 14:31:04.719  4649  4895 E AutoInstalls: 	at com.android.launcher3.LauncherProvider.loadDefaultFavoritesIfNecessary(LauncherProvider.java:406)
12-05 14:31:04.719  4649  4895 E AutoInstalls: 	at com.android.launcher3.LauncherModel$LoaderTask.loadWorkspace(LauncherModel.java:1967)
12-05 14:31:04.719  4649  4895 E AutoInstalls: 	at com.android.launcher3.LauncherModel$LoaderTask.loadAndBindWorkspace(LauncherModel.java:1558)
12-05 14:31:04.719  4649  4895 E AutoInstalls: 	at com.android.launcher3.LauncherModel$LoaderTask.run(LauncherModel.java:1655)
12-05 14:31:04.719  4649  4895 E AutoInstalls: 	at android.os.Handler.handleCallback(Handler.java:739)
12-05 14:31:04.719  4649  4895 E AutoInstalls: 	at android.os.Handler.dispatchMessage(Handler.java:95)
12-05 14:31:04.719  4649  4895 E AutoInstalls: 	at android.os.Looper.loop(Looper.java:148)
12-05 14:31:04.719  4649  4895 E AutoInstalls: 	at android.os.HandlerThread.run(HandlerThread.java:61)
12-05 14:31:04.721  4649  4895 E AutoInstalls: Unable to add favorite: com.google.android.apps.plus/com.google.android.apps.plus.phone.HomeActivity
12-05 14:31:04.721  4649  4895 E AutoInstalls: android.content.pm.PackageManager$NameNotFoundException: ComponentInfo{com.google.android.apps.plus/com.google.android.apps.plus.phone.HomeActivity}
12-05 14:31:04.721  4649  4895 E AutoInstalls: 	at android.app.ApplicationPackageManager.getActivityInfo(ApplicationPackageManager.java:343)
12-05 14:31:04.721  4649  4895 E AutoInstalls: 	at com.android.launcher3.AutoInstallsLayout$AppShortcutParser.parseAndAdd(AutoInstallsLayout.java:347)
12-05 14:31:04.721  4649  4895 E AutoInstalls: 	at com.android.launcher3.AutoInstallsLayout$FolderParser.parseAndAdd(AutoInstallsLayout.java:595)
12-05 14:31:04.721  4649  4895 E AutoInstalls: 	at com.android.launcher3.DefaultLayoutParser$MyFolderParser.parseAndAdd(DefaultLayoutParser.java:271)
12-05 14:31:04.721  4649  4895 E AutoInstalls: 	at com.android.launcher3.AutoInstallsLayout.parseAndAddNode(AutoInstallsLayout.java:272)
12-05 14:31:04.721  4649  4895 E AutoInstalls: 	at com.android.launcher3.AutoInstallsLayout.parseLayout(AutoInstallsLayout.java:217)
12-05 14:31:04.721  4649  4895 E AutoInstalls: 	at com.android.launcher3.AutoInstallsLayout.loadLayout(AutoInstallsLayout.java:193)
12-05 14:31:04.721  4649  4895 E AutoInstalls: 	at com.android.launcher3.LauncherProvider$DatabaseHelper.loadFavorites(LauncherProvider.java:1292)
12-05 14:31:04.721  4649  4895 E AutoInstalls: 	at com.android.launcher3.LauncherProvider.loadDefaultFavoritesIfNecessary(LauncherProvider.java:406)
12-05 14:31:04.721  4649  4895 E AutoInstalls: 	at com.android.launcher3.LauncherModel$LoaderTask.loadWorkspace(LauncherModel.java:1967)
12-05 14:31:04.721  4649  4895 E AutoInstalls: 	at com.android.launcher3.LauncherModel$LoaderTask.loadAndBindWorkspace(LauncherModel.java:1558)
12-05 14:31:04.721  4649  4895 E AutoInstalls: 	at com.android.launcher3.LauncherModel$LoaderTask.run(LauncherModel.java:1655)
12-05 14:31:04.721  4649  4895 E AutoInstalls: 	at android.os.Handler.handleCallback(Handler.java:739)
12-05 14:31:04.721  4649  4895 E AutoInstalls: 	at android.os.Handler.dispatchMessage(Handler.java:95)
12-05 14:31:04.721  4649  4895 E AutoInstalls: 	at android.os.Looper.loop(Looper.java:148)
12-05 14:31:04.721  4649  4895 E AutoInstalls: 	at android.os.HandlerThread.run(HandlerThread.java:61)
12-05 14:31:04.729  4649  4909 W         : g2d fimg library does not exist
12-05 14:31:04.745  4649  4895 E AutoInstalls: Unable to add favorite: com.google.android.music/com.android.music.activitymanagement.TopLevelActivity
12-05 14:31:04.745  4649  4895 E AutoInstalls: android.content.pm.PackageManager$NameNotFoundException: ComponentInfo{com.google.android.music/com.android.music.activitymanagement.TopLevelActivity}
12-05 14:31:04.745  4649  4895 E AutoInstalls: 	at android.app.ApplicationPackageManager.getActivityInfo(ApplicationPackageManager.java:343)
12-05 14:31:04.745  4649  4895 E AutoInstalls: 	at com.android.launcher3.AutoInstallsLayout$AppShortcutParser.parseAndAdd(AutoInstallsLayout.java:347)
12-05 14:31:04.745  4649  4895 E AutoInstalls: 	at com.android.launcher3.AutoInstallsLayout$FolderParser.parseAndAdd(AutoInstallsLayout.java:595)
12-05 14:31:04.745  4649  4895 E AutoInstalls: 	at com.android.launcher3.DefaultLayoutParser$MyFolderParser.parseAndAdd(DefaultLayoutParser.java:271)
12-05 14:31:04.745  4649  4895 E AutoInstalls: 	at com.android.launcher3.AutoInstallsLayout.parseAndAddNode(AutoInstallsLayout.java:272)
12-05 14:31:04.745  4649  4895 E AutoInstalls: 	at com.android.launcher3.AutoInstallsLayout.parseLayout(AutoInstallsLayout.java:217)
12-05 14:31:04.745  4649  4895 E AutoInstalls: 	at com.android.launcher3.AutoInstallsLayout.loadLayout(AutoInstallsLayout.java:193)
12-05 14:31:04.745  4649  4895 E AutoInstalls: 	at com.android.launcher3.LauncherProvider$DatabaseHelper.loadFavorites(LauncherProvider.java:1292)
12-05 14:31:04.745  4649  4895 E AutoInstalls: 	at com.android.launcher3.LauncherProvider.loadDefaultFavoritesIfNecessary(LauncherProvider.java:406)
12-05 14:31:04.745  4649  4895 E AutoInstalls: 	at com.android.launcher3.LauncherModel$LoaderTask.loadWorkspace(LauncherModel.java:1967)
12-05 14:31:04.745  4649  4895 E AutoInstalls: 	at com.android.launcher3.LauncherModel$LoaderTask.loadAndBindWorkspace(LauncherModel.java:1558)
12-05 14:31:04.745  4649  4895 E AutoInstalls: 	at com.android.launcher3.LauncherModel$LoaderTask.run(LauncherModel.java:1655)
12-05 14:31:04.745  4649  4895 E AutoInstalls: 	at android.os.Handler.handleCallback(Handler.java:739)
12-05 14:31:04.745  4649  4895 E AutoInstalls: 	at android.os.Handler.dispatchMessage(Handler.java:95)
12-05 14:31:04.745  4649  4895 E AutoInstalls: 	at android.os.Looper.loop(Looper.java:148)
12-05 14:31:04.745  4649  4895 E AutoInstalls: 	at android.os.HandlerThread.run(HandlerThread.java:61)
12-05 14:31:04.752  4649  4895 E AutoInstalls: Unable to add favorite: com.google.android.videos/com.google.android.youtube.videos.EntryPoint
12-05 14:31:04.752  4649  4895 E AutoInstalls: android.content.pm.PackageManager$NameNotFoundException: ComponentInfo{com.google.android.videos/com.google.android.youtube.videos.EntryPoint}
12-05 14:31:04.752  4649  4895 E AutoInstalls: 	at android.app.ApplicationPackageManager.getActivityInfo(ApplicationPackageManager.java:343)
12-05 14:31:04.752  4649  4895 E AutoInstalls: 	at com.android.launcher3.AutoInstallsLayout$AppShortcutParser.parseAndAdd(AutoInstallsLayout.java:347)
12-05 14:31:04.752  4649  4895 E AutoInstalls: 	at com.android.launcher3.AutoInstallsLayout$FolderParser.parseAndAdd(AutoInstallsLayout.java:595)
12-05 14:31:04.752  4649  4895 E AutoInstalls: 	at com.android.launcher3.DefaultLayoutParser$MyFolderParser.parseAndAdd(DefaultLayoutParser.java:271)
12-05 14:31:04.752  4649  4895 E AutoInstalls: 	at com.android.launcher3.AutoInstallsLayout.parseAndAddNode(AutoInstallsLayout.java:272)
12-05 14:31:04.752  4649  4895 E AutoInstalls: 	at com.android.launcher3.AutoInstallsLayout.parseLayout(AutoInstallsLayout.java:217)
12-05 14:31:04.752  4649  4895 E AutoInstalls: 	at com.android.launcher3.AutoInstallsLayout.loadLayout(AutoInstallsLayout.java:193)
12-05 14:31:04.752  4649  4895 E AutoInstalls: 	at com.android.launcher3.LauncherProvider$DatabaseHelper.loadFavorites(LauncherProvider.java:1292)
12-05 14:31:04.752  4649  4895 E AutoInstalls: 	at com.android.launcher3.LauncherProvider.loadDefaultFavoritesIfNecessary(LauncherProvider.java:406)
12-05 14:31:04.752  4649  4895 E AutoInstalls: 	at com.android.launcher3.LauncherModel$LoaderTask.loadWorkspace(LauncherModel.java:1967)
12-05 14:31:04.752  4649  4895 E AutoInstalls: 	at com.android.launcher3.LauncherModel$LoaderTask.loadAndBindWorkspace(LauncherModel.java:1558)
12-05 14:31:04.752  4649  4895 E AutoInstalls: 	at com.android.launcher3.LauncherModel$LoaderTask.run(LauncherModel.java:1655)
12-05 14:31:04.752  4649  4895 E AutoInstalls: 	at android.os.Handler.handleCallback(Handler.java:739)
12-05 14:31:04.752  4649  4895 E AutoInstalls: 	at android.os.Handler.dispatchMessage(Handler.java:95)
12-05 14:31:04.752  4649  4895 E AutoInstalls: 	at android.os.Looper.loop(Looper.java:148)
12-05 14:31:04.752  4649  4895 E AutoInstalls: 	at android.os.HandlerThread.run(HandlerThread.java:61)
12-05 14:31:04.752  3341  3360 I ActivityManager: Displayed com.cyanogenmod.trebuchet/com.android.launcher3.Launcher: +434ms
12-05 14:31:04.755  4649  4895 E AutoInstalls: Unable to add favorite: com.google.android.play.games/com.google.android.gms.games.ui.destination.main.MainActivity
12-05 14:31:04.755  4649  4895 E AutoInstalls: android.content.pm.PackageManager$NameNotFoundException: ComponentInfo{com.google.android.play.games/com.google.android.gms.games.ui.destination.main.MainActivity}
12-05 14:31:04.755  4649  4895 E AutoInstalls: 	at android.app.ApplicationPackageManager.getActivityInfo(ApplicationPackageManager.java:343)
12-05 14:31:04.755  4649  4895 E AutoInstalls: 	at com.android.launcher3.AutoInstallsLayout$AppShortcutParser.parseAndAdd(AutoInstallsLayout.java:347)
12-05 14:31:04.755  4649  4895 E AutoInstalls: 	at com.android.launcher3.AutoInstallsLayout$FolderParser.parseAndAdd(AutoInstallsLayout.java:595)
12-05 14:31:04.755  4649  4895 E AutoInstalls: 	at com.android.launcher3.DefaultLayoutParser$MyFolderParser.parseAndAdd(DefaultLayoutParser.java:271)
12-05 14:31:04.755  4649  4895 E AutoInstalls: 	at com.android.launcher3.AutoInstallsLayout.parseAndAddNode(AutoInstallsLayout.java:272)
12-05 14:31:04.755  4649  4895 E AutoInstalls: 	at com.android.launcher3.AutoInstallsLayout.parseLayout(AutoInstallsLayout.java:217)
12-05 14:31:04.755  4649  4895 E AutoInstalls: 	at com.android.launcher3.AutoInstallsLayout.loadLayout(AutoInstallsLayout.java:193)
12-05 14:31:04.755  4649  4895 E AutoInstalls: 	at com.android.launcher3.LauncherProvider$DatabaseHelper.loadFavorites(LauncherProvider.java:1292)
12-05 14:31:04.755  4649  4895 E AutoInstalls: 	at com.android.launcher3.LauncherProvider.loadDefaultFavoritesIfNecessary(LauncherProvider.java:406)
12-05 14:31:04.755  4649  4895 E AutoInstalls: 	at com.android.launcher3.LauncherModel$LoaderTask.loadWorkspace(LauncherModel.java:1967)
12-05 14:31:04.755  4649  4895 E AutoInstalls: 	at com.android.launcher3.LauncherModel$LoaderTask.loadAndBindWorkspace(LauncherModel.java:1558)
12-05 14:31:04.755  4649  4895 E AutoInstalls: 	at com.android.launcher3.LauncherModel$LoaderTask.run(LauncherModel.java:1655)
12-05 14:31:04.755  4649  4895 E AutoInstalls: 	at android.os.Handler.handleCallback(Handler.java:739)
12-05 14:31:04.755  4649  4895 E AutoInstalls: 	at android.os.Handler.dispatchMessage(Handler.java:95)
12-05 14:31:04.755  4649  4895 E AutoInstalls: 	at android.os.Looper.loop(Looper.java:148)
12-05 14:31:04.755  4649  4895 E AutoInstalls: 	at android.os.HandlerThread.run(HandlerThread.java:61)
12-05 14:31:04.758  4649  4895 E AutoInstalls: Unable to add favorite: com.google.android.apps.books/com.google.android.apps.books.app.BooksActivity
12-05 14:31:04.758  4649  4895 E AutoInstalls: android.content.pm.PackageManager$NameNotFoundException: ComponentInfo{com.google.android.apps.books/com.google.android.apps.books.app.BooksActivity}
12-05 14:31:04.758  4649  4895 E AutoInstalls: 	at android.app.ApplicationPackageManager.getActivityInfo(ApplicationPackageManager.java:343)
12-05 14:31:04.758  4649  4895 E AutoInstalls: 	at com.android.launcher3.AutoInstallsLayout$AppShortcutParser.parseAndAdd(AutoInstallsLayout.java:347)
12-05 14:31:04.758  4649  4895 E AutoInstalls: 	at com.android.launcher3.AutoInstallsLayout$FolderParser.parseAndAdd(AutoInstallsLayout.java:595)
12-05 14:31:04.758  4649  4895 E AutoInstalls: 	at com.android.launcher3.DefaultLayoutParser$MyFolderParser.parseAndAdd(DefaultLayoutParser.java:271)
12-05 14:31:04.758  4649  4895 E AutoInstalls: 	at com.android.launcher3.AutoInstallsLayout.parseAndAddNode(AutoInstallsLayout.java:272)
12-05 14:31:04.758  4649  4895 E AutoInstalls: 	at com.android.launcher3.AutoInstallsLayout.parseLayout(AutoInstallsLayout.java:217)
12-05 14:31:04.758  4649  4895 E AutoInstalls: 	at com.android.launcher3.AutoInstallsLayout.loadLayout(AutoInstallsLayout.java:193)
12-05 14:31:04.758  4649  4895 E AutoInstalls: 	at com.android.launcher3.LauncherProvider$DatabaseHelper.loadFavorites(LauncherProvider.java:1292)
12-05 14:31:04.758  4649  4895 E AutoInstalls: 	at com.android.launcher3.LauncherProvider.loadDefaultFavoritesIfNecessary(LauncherProvider.java:406)
12-05 14:31:04.758  4649  4895 E AutoInstalls: 	at com.android.launcher3.LauncherModel$LoaderTask.loadWorkspace(LauncherModel.java:1967)
12-05 14:31:04.758  4649  4895 E AutoInstalls: 	at com.android.launcher3.LauncherModel$LoaderTask.loadAndBindWorkspace(LauncherModel.java:1558)
12-05 14:31:04.758  4649  4895 E AutoInstalls: 	at com.android.launcher3.LauncherModel$LoaderTask.run(LauncherModel.java:1655)
12-05 14:31:04.758  4649  4895 E AutoInstalls: 	at android.os.Handler.handleCallback(Handler.java:739)
12-05 14:31:04.758  4649  4895 E AutoInstalls: 	at android.os.Handler.dispatchMessage(Handler.java:95)
12-05 14:31:04.758  4649  4895 E AutoInstalls: 	at android.os.Looper.loop(Looper.java:148)
12-05 14:31:04.758  4649  4895 E AutoInstalls: 	at android.os.HandlerThread.run(HandlerThread.java:61)
12-05 14:31:04.762  4649  4895 E AutoInstalls: Unable to add favorite: com.google.android.apps.magazines/com.google.apps.dots.android.app.activity.CurrentsStartActivity
12-05 14:31:04.762  4649  4895 E AutoInstalls: android.content.pm.PackageManager$NameNotFoundException: ComponentInfo{com.google.android.apps.magazines/com.google.apps.dots.android.app.activity.CurrentsStartActivity}
12-05 14:31:04.762  4649  4895 E AutoInstalls: 	at android.app.ApplicationPackageManager.getActivityInfo(ApplicationPackageManager.java:343)
12-05 14:31:04.762  4649  4895 E AutoInstalls: 	at com.android.launcher3.AutoInstallsLayout$AppShortcutParser.parseAndAdd(AutoInstallsLayout.java:347)
12-05 14:31:04.762  4649  4895 E AutoInstalls: 	at com.android.launcher3.AutoInstallsLayout$FolderParser.parseAndAdd(AutoInstallsLayout.java:595)
12-05 14:31:04.762  4649  4895 E AutoInstalls: 	at com.android.launcher3.DefaultLayoutParser$MyFolderParser.parseAndAdd(DefaultLayoutParser.java:271)
12-05 14:31:04.762  4649  4895 E AutoInstalls: 	at com.android.launcher3.AutoInstallsLayout.parseAndAddNode(AutoInstallsLayout.java:272)
12-05 14:31:04.762  4649  4895 E AutoInstalls: 	at com.android.launcher3.AutoInstallsLayout.parseLayout(AutoInstallsLayout.java:217)
12-05 14:31:04.762  4649  4895 E AutoInstalls: 	at com.android.launcher3.AutoInstallsLayout.loadLayout(AutoInstallsLayout.java:193)
12-05 14:31:04.762  4649  4895 E AutoInstalls: 	at com.android.launcher3.LauncherProvider$DatabaseHelper.loadFavorites(LauncherProvider.java:1292)
12-05 14:31:04.762  4649  4895 E AutoInstalls: 	at com.android.launcher3.LauncherProvider.loadDefaultFavoritesIfNecessary(LauncherProvider.java:406)
12-05 14:31:04.762  4649  4895 E AutoInstalls: 	at com.android.launcher3.LauncherModel$LoaderTask.loadWorkspace(LauncherModel.java:1967)
12-05 14:31:04.762  4649  4895 E AutoInstalls: 	at com.android.launcher3.LauncherModel$LoaderTask.loadAndBindWorkspace(LauncherModel.java:1558)
12-05 14:31:04.762  4649  4895 E AutoInstalls: 	at com.android.launcher3.LauncherModel$LoaderTask.run(LauncherModel.java:1655)
12-05 14:31:04.762  4649  4895 E AutoInstalls: 	at android.os.Handler.handleCallback(Handler.java:739)
12-05 14:31:04.762  4649  4895 E AutoInstalls: 	at android.os.Handler.dispatchMessage(Handler.java:95)
12-05 14:31:04.762  4649  4895 E AutoInstalls: 	at android.os.Looper.loop(Looper.java:148)
12-05 14:31:04.762  4649  4895 E AutoInstalls: 	at android.os.HandlerThread.run(HandlerThread.java:61)
12-05 14:31:04.786  4649  4895 E AutoInstalls: Unable to add favorite: com.cyngn.themestore/com.cyngn.themestore.ui.StoreActivity
12-05 14:31:04.786  4649  4895 E AutoInstalls: android.content.pm.PackageManager$NameNotFoundException: ComponentInfo{com.cyngn.themestore/com.cyngn.themestore.ui.StoreActivity}
12-05 14:31:04.786  4649  4895 E AutoInstalls: 	at android.app.ApplicationPackageManager.getActivityInfo(ApplicationPackageManager.java:343)
12-05 14:31:04.786  4649  4895 E AutoInstalls: 	at com.android.launcher3.AutoInstallsLayout$AppShortcutParser.parseAndAdd(AutoInstallsLayout.java:347)
12-05 14:31:04.786  4649  4895 E AutoInstalls: 	at com.android.launcher3.AutoInstallsLayout.parseAndAddNode(AutoInstallsLayout.java:272)
12-05 14:31:04.786  4649  4895 E AutoInstalls: 	at com.android.launcher3.AutoInstallsLayout.parseLayout(AutoInstallsLayout.java:217)
12-05 14:31:04.786  4649  4895 E AutoInstalls: 	at com.android.launcher3.AutoInstallsLayout.loadLayout(AutoInstallsLayout.java:193)
12-05 14:31:04.786  4649  4895 E AutoInstalls: 	at com.android.launcher3.LauncherProvider$DatabaseHelper.loadFavorites(LauncherProvider.java:1292)
12-05 14:31:04.786  4649  4895 E AutoInstalls: 	at com.android.launcher3.LauncherProvider.loadDefaultFavoritesIfNecessary(LauncherProvider.java:406)
12-05 14:31:04.786  4649  4895 E AutoInstalls: 	at com.android.launcher3.LauncherModel$LoaderTask.loadWorkspace(LauncherModel.java:1967)
12-05 14:31:04.786  4649  4895 E AutoInstalls: 	at com.android.launcher3.LauncherModel$LoaderTask.loadAndBindWorkspace(LauncherModel.java:1558)
12-05 14:31:04.786  4649  4895 E AutoInstalls: 	at com.android.launcher3.LauncherModel$LoaderTask.run(LauncherModel.java:1655)
12-05 14:31:04.786  4649  4895 E AutoInstalls: 	at android.os.Handler.handleCallback(Handler.java:739)
12-05 14:31:04.786  4649  4895 E AutoInstalls: 	at android.os.Handler.dispatchMessage(Handler.java:95)
12-05 14:31:04.786  4649  4895 E AutoInstalls: 	at android.os.Looper.loop(Looper.java:148)
12-05 14:31:04.786  4649  4895 E AutoInstalls: 	at android.os.HandlerThread.run(HandlerThread.java:61)
12-05 14:31:04.788  4649  4895 E AutoInstalls: Unable to add favorite: com.android.vending/com.android.vending.AssetBrowserActivity
12-05 14:31:04.788  4649  4895 E AutoInstalls: android.content.pm.PackageManager$NameNotFoundException: ComponentInfo{com.android.vending/com.android.vending.AssetBrowserActivity}
12-05 14:31:04.788  4649  4895 E AutoInstalls: 	at android.app.ApplicationPackageManager.getActivityInfo(ApplicationPackageManager.java:343)
12-05 14:31:04.788  4649  4895 E AutoInstalls: 	at com.android.launcher3.AutoInstallsLayout$AppShortcutParser.parseAndAdd(AutoInstallsLayout.java:347)
12-05 14:31:04.788  4649  4895 E AutoInstalls: 	at com.android.launcher3.DefaultLayoutParser$ResolveParser.parseAndAdd(DefaultLayoutParser.java:222)
12-05 14:31:04.788  4649  4895 E AutoInstalls: 	at com.android.launcher3.AutoInstallsLayout.parseAndAddNode(AutoInstallsLayout.java:272)
12-05 14:31:04.788  4649  4895 E AutoInstalls: 	at com.android.launcher3.AutoInstallsLayout.parseLayout(AutoInstallsLayout.java:217)
12-05 14:31:04.788  4649  4895 E AutoInstalls: 	at com.android.launcher3.AutoInstallsLayout.loadLayout(AutoInstallsLayout.java:193)
12-05 14:31:04.788  4649  4895 E AutoInstalls: 	at com.android.launcher3.LauncherProvider$DatabaseHelper.loadFavorites(LauncherProvider.java:1292)
12-05 14:31:04.788  4649  4895 E AutoInstalls: 	at com.android.launcher3.LauncherProvider.loadDefaultFavoritesIfNecessary(LauncherProvider.java:406)
12-05 14:31:04.788  4649  4895 E AutoInstalls: 	at com.android.launcher3.LauncherModel$LoaderTask.loadWorkspace(LauncherModel.java:1967)
12-05 14:31:04.788  4649  4895 E AutoInstalls: 	at com.android.launcher3.LauncherModel$LoaderTask.loadAndBindWorkspace(LauncherModel.java:1558)
12-05 14:31:04.788  4649  4895 E AutoInstalls: 	at com.android.launcher3.LauncherModel$LoaderTask.run(LauncherModel.java:1655)
12-05 14:31:04.788  4649  4895 E AutoInstalls: 	at android.os.Handler.handleCallback(Handler.java:739)
12-05 14:31:04.788  4649  4895 E AutoInstalls: 	at android.os.Handler.dispatchMessage(Handler.java:95)
12-05 14:31:04.788  4649  4895 E AutoInstalls: 	at android.os.Looper.loop(Looper.java:148)
12-05 14:31:04.788  4649  4895 E AutoInstalls: 	at android.os.HandlerThread.run(HandlerThread.java:61)
12-05 14:31:04.789  4649  4895 E AutoInstalls: Unable to add favorite: org.cyanogenmod.theme.chooser/org.cyanogenmod.theme.chooser.ChooserActivity
12-05 14:31:04.789  4649  4895 E AutoInstalls: android.content.pm.PackageManager$NameNotFoundException: ComponentInfo{org.cyanogenmod.theme.chooser/org.cyanogenmod.theme.chooser.ChooserActivity}
12-05 14:31:04.789  4649  4895 E AutoInstalls: 	at android.app.ApplicationPackageManager.getActivityInfo(ApplicationPackageManager.java:343)
12-05 14:31:04.789  4649  4895 E AutoInstalls: 	at com.android.launcher3.AutoInstallsLayout$AppShortcutParser.parseAndAdd(AutoInstallsLayout.java:347)
12-05 14:31:04.789  4649  4895 E AutoInstalls: 	at com.android.launcher3.DefaultLayoutParser$ResolveParser.parseAndAdd(DefaultLayoutParser.java:222)
12-05 14:31:04.789  4649  4895 E AutoInstalls: 	at com.android.launcher3.AutoInstallsLayout.parseAndAddNode(AutoInstallsLayout.java:272)
12-05 14:31:04.789  4649  4895 E AutoInstalls: 	at com.android.launcher3.AutoInstallsLayout.parseLayout(AutoInstallsLayout.java:217)
12-05 14:31:04.789  4649  4895 E AutoInstalls: 	at com.android.launcher3.AutoInstallsLayout.loadLayout(AutoInstallsLayout.java:193)
12-05 14:31:04.789  4649  4895 E AutoInstalls: 	at com.android.launcher3.LauncherProvider$DatabaseHelper.loadFavorites(LauncherProvider.java:1292)
12-05 14:31:04.789  4649  4895 E AutoInstalls: 	at com.android.launcher3.LauncherProvider.loadDefaultFavoritesIfNecessary(LauncherProvider.java:406)
12-05 14:31:04.789  4649  4895 E AutoInstalls: 	at com.android.launcher3.LauncherModel$LoaderTask.loadWorkspace(LauncherModel.java:1967)
12-05 14:31:04.789  4649  4895 E AutoInstalls: 	at com.android.launcher3.LauncherModel$LoaderTask.loadAndBindWorkspace(LauncherModel.java:1558)
12-05 14:31:04.789  4649  4895 E AutoInstalls: 	at com.android.launcher3.LauncherModel$LoaderTask.run(LauncherModel.java:1655)
12-05 14:31:04.789  4649  4895 E AutoInstalls: 	at android.os.Handler.handleCallback(Handler.java:739)
12-05 14:31:04.789  4649  4895 E AutoInstalls: 	at android.os.Handler.dispatchMessage(Handler.java:95)
12-05 14:31:04.789  4649  4895 E AutoInstalls: 	at android.os.Looper.loop(Looper.java:148)
12-05 14:31:04.789  4649  4895 E AutoInstalls: 	at android.os.HandlerThread.run(HandlerThread.java:61)
12-05 14:31:04.815  3341  3355 I ActivityManager: Start proc 4914:com.cyanogenmod.eleven/u0a40 for broadcast com.cyanogenmod.eleven/.appwidgets.AppWidgetLarge
12-05 14:31:04.834  4649  4895 E AutoInstalls: Unable to add favorite: com.cyngn.gallerynext/com.cyngn.gallerynext.app.GalleryActivity
12-05 14:31:04.834  4649  4895 E AutoInstalls: android.content.pm.PackageManager$NameNotFoundException: ComponentInfo{com.cyngn.gallerynext/com.cyngn.gallerynext.app.GalleryActivity}
12-05 14:31:04.834  4649  4895 E AutoInstalls: 	at android.app.ApplicationPackageManager.getActivityInfo(ApplicationPackageManager.java:343)
12-05 14:31:04.834  4649  4895 E AutoInstalls: 	at com.android.launcher3.AutoInstallsLayout$AppShortcutParser.parseAndAdd(AutoInstallsLayout.java:347)
12-05 14:31:04.834  4649  4895 E AutoInstalls: 	at com.android.launcher3.DefaultLayoutParser$ResolveParser.parseAndAdd(DefaultLayoutParser.java:222)
12-05 14:31:04.834  4649  4895 E AutoInstalls: 	at com.android.launcher3.AutoInstallsLayout.parseAndAddNode(AutoInstallsLayout.java:272)
12-05 14:31:04.834  4649  4895 E AutoInstalls: 	at com.android.launcher3.AutoInstallsLayout.parseLayout(AutoInstallsLayout.java:217)
12-05 14:31:04.834  4649  4895 E AutoInstalls: 	at com.android.launcher3.AutoInstallsLayout.loadLayout(AutoInstallsLayout.java:193)
12-05 14:31:04.834  4649  4895 E AutoInstalls: 	at com.android.launcher3.LauncherProvider$DatabaseHelper.loadFavorites(LauncherProvider.java:1292)
12-05 14:31:04.834  4649  4895 E AutoInstalls: 	at com.android.launcher3.LauncherProvider.loadDefaultFavoritesIfNecessary(LauncherProvider.java:406)
12-05 14:31:04.834  4649  4895 E AutoInstalls: 	at com.android.launcher3.LauncherModel$LoaderTask.loadWorkspace(LauncherModel.java:1967)
12-05 14:31:04.834  4649  4895 E AutoInstalls: 	at com.android.launcher3.LauncherModel$LoaderTask.loadAndBindWorkspace(LauncherModel.java:1558)
12-05 14:31:04.834  4649  4895 E AutoInstalls: 	at com.android.launcher3.LauncherModel$LoaderTask.run(LauncherModel.java:1655)
12-05 14:31:04.834  4649  4895 E AutoInstalls: 	at android.os.Handler.handleCallback(Handler.java:739)
12-05 14:31:04.834  4649  4895 E AutoInstalls: 	at android.os.Handler.dispatchMessage(Handler.java:95)
12-05 14:31:04.834  4649  4895 E AutoInstalls: 	at android.os.Looper.loop(Looper.java:148)
12-05 14:31:04.834  4649  4895 E AutoInstalls: 	at android.os.HandlerThread.run(HandlerThread.java:61)
12-05 14:31:04.871  4914  4914 W System  : ClassLoader referenced unknown path: /system/app/Eleven/lib/arm64
12-05 14:31:04.961  4649  4895 E AutoInstalls: Unable to add favorite: org.cyanogenmod.gello.browser/com.android.browser.BrowserActivity
12-05 14:31:04.961  4649  4895 E AutoInstalls: android.content.pm.PackageManager$NameNotFoundException: ComponentInfo{org.cyanogenmod.gello.browser/com.android.browser.BrowserActivity}
12-05 14:31:04.961  4649  4895 E AutoInstalls: 	at android.app.ApplicationPackageManager.getActivityInfo(ApplicationPackageManager.java:343)
12-05 14:31:04.961  4649  4895 E AutoInstalls: 	at com.android.launcher3.AutoInstallsLayout$AppShortcutParser.parseAndAdd(AutoInstallsLayout.java:347)
12-05 14:31:04.961  4649  4895 E AutoInstalls: 	at com.android.launcher3.DefaultLayoutParser$ResolveParser.parseAndAdd(DefaultLayoutParser.java:222)
12-05 14:31:04.961  4649  4895 E AutoInstalls: 	at com.android.launcher3.AutoInstallsLayout.parseAndAddNode(AutoInstallsLayout.java:272)
12-05 14:31:04.961  4649  4895 E AutoInstalls: 	at com.android.launcher3.AutoInstallsLayout.parseLayout(AutoInstallsLayout.java:217)
12-05 14:31:04.961  4649  4895 E AutoInstalls: 	at com.android.launcher3.AutoInstallsLayout.loadLayout(AutoInstallsLayout.java:193)
12-05 14:31:04.961  4649  4895 E AutoInstalls: 	at com.android.launcher3.LauncherProvider$DatabaseHelper.loadFavorites(LauncherProvider.java:1292)
12-05 14:31:04.961  4649  4895 E AutoInstalls: 	at com.android.launcher3.LauncherProvider.loadDefaultFavoritesIfNecessary(LauncherProvider.java:406)
12-05 14:31:04.961  4649  4895 E AutoInstalls: 	at com.android.launcher3.LauncherModel$LoaderTask.loadWorkspace(LauncherModel.java:1967)
12-05 14:31:04.961  4649  4895 E AutoInstalls: 	at com.android.launcher3.LauncherModel$LoaderTask.loadAndBindWorkspace(LauncherModel.java:1558)
12-05 14:31:04.961  4649  4895 E AutoInstalls: 	at com.android.launcher3.LauncherModel$LoaderTask.run(LauncherModel.java:1655)
12-05 14:31:04.961  4649  4895 E AutoInstalls: 	at android.os.Handler.handleCallback(Handler.java:739)
12-05 14:31:04.961  4649  4895 E AutoInstalls: 	at android.os.Handler.dispatchMessage(Handler.java:95)
12-05 14:31:04.961  4649  4895 E AutoInstalls: 	at android.os.Looper.loop(Looper.java:148)
12-05 14:31:04.961  4649  4895 E AutoInstalls: 	at android.os.HandlerThread.run(HandlerThread.java:61)
12-05 14:31:04.978  4649  4895 E AutoInstalls: Unable to add favorite: com.cyngn.cameranext/com.android.camera.CameraLauncher
12-05 14:31:04.978  4649  4895 E AutoInstalls: android.content.pm.PackageManager$NameNotFoundException: ComponentInfo{com.cyngn.cameranext/com.android.camera.CameraLauncher}
12-05 14:31:04.978  4649  4895 E AutoInstalls: 	at android.app.ApplicationPackageManager.getActivityInfo(ApplicationPackageManager.java:343)
12-05 14:31:04.978  4649  4895 E AutoInstalls: 	at com.android.launcher3.AutoInstallsLayout$AppShortcutParser.parseAndAdd(AutoInstallsLayout.java:347)
12-05 14:31:04.978  4649  4895 E AutoInstalls: 	at com.android.launcher3.DefaultLayoutParser$ResolveParser.parseAndAdd(DefaultLayoutParser.java:222)
12-05 14:31:04.978  4649  4895 E AutoInstalls: 	at com.android.launcher3.AutoInstallsLayout.parseAndAddNode(AutoInstallsLayout.java:272)
12-05 14:31:04.978  4649  4895 E AutoInstalls: 	at com.android.launcher3.AutoInstallsLayout.parseLayout(AutoInstallsLayout.java:217)
12-05 14:31:04.978  4649  4895 E AutoInstalls: 	at com.android.launcher3.AutoInstallsLayout.loadLayout(AutoInstallsLayout.java:193)
12-05 14:31:04.978  4649  4895 E AutoInstalls: 	at com.android.launcher3.LauncherProvider$DatabaseHelper.loadFavorites(LauncherProvider.java:1292)
12-05 14:31:04.978  4649  4895 E AutoInstalls: 	at com.android.launcher3.LauncherProvider.loadDefaultFavoritesIfNecessary(LauncherProvider.java:406)
12-05 14:31:04.978  4649  4895 E AutoInstalls: 	at com.android.launcher3.LauncherModel$LoaderTask.loadWorkspace(LauncherModel.java:1967)
12-05 14:31:04.978  4649  4895 E AutoInstalls: 	at com.android.launcher3.LauncherModel$LoaderTask.loadAndBindWorkspace(LauncherModel.java:1558)
12-05 14:31:04.978  4649  4895 E AutoInstalls: 	at com.android.launcher3.LauncherModel$LoaderTask.run(LauncherModel.java:1655)
12-05 14:31:04.978  4649  4895 E AutoInstalls: 	at android.os.Handler.handleCallback(Handler.java:739)
12-05 14:31:04.978  4649  4895 E AutoInstalls: 	at android.os.Handler.dispatchMessage(Handler.java:95)
12-05 14:31:04.978  4649  4895 E AutoInstalls: 	at android.os.Looper.loop(Looper.java:148)
12-05 14:31:04.978  4649  4895 E AutoInstalls: 	at android.os.HandlerThread.run(HandlerThread.java:61)
12-05 14:31:04.995  3341  3355 I ActivityManager: Killing 4618:com.android.managedprovisioning/u0a12 (adj 15): empty #17
12-05 14:31:05.014  3341  3625 D ActivityManager: cleanUpApplicationRecord -- 4618
12-05 14:31:05.020  4649  4895 W Launcher: setApplicationContext called twice! old=com.android.launcher3.LauncherApplication@8cfa7c4 new=com.android.launcher3.LauncherApplication@8cfa7c4
12-05 14:31:05.277  4649  4649 D Launcher: bindAppWidget: AppWidget(id=2)
12-05 14:31:05.278  4649  4649 D Launcher: bindAppWidget: id=2 belongs to component ComponentInfo{com.cyanogenmod.lockclock/com.cyanogenmod.lockclock.ClockWidgetProvider}
12-05 14:31:05.390  4649  4649 D Launcher: bound widget id=2 in 113ms
12-05 14:31:05.399  4649  4649 D Launcher: bindAppWidget: AppWidget(id=3)
12-05 14:31:05.399  4649  4649 D Launcher: bindAppWidget: id=3 belongs to component ComponentInfo{com.cyanogenmod.eleven/com.cyanogenmod.eleven.appwidgets.AppWidgetLarge}
12-05 14:31:05.424  4649  4649 D Launcher: bound widget id=3 in 25ms
12-05 14:31:05.427  4649  4649 D android.widget.GridLayout: vertical constraints: y2-y0>=528, y2-y0<=512, y2-y1<=208 are inconsistent; permanently removing: y2-y0<=512. 
12-05 14:31:05.442  4649  4898 V RenderScript: 0x7f7652e000 Launching thread(s), CPUs 8
12-05 14:31:09.659  4747  4747 D WeatherUpdateService: onCreate
12-05 14:31:09.667  4747  4747 D WeatherUpdateService: Service started, but shouldn't update ... stopping
12-05 14:31:09.671  4747  4747 D WeatherUpdateService: onDestroy
12-05 14:31:10.533  3341  4817 I ActivityManager: START u0 {act=android.intent.action.MAIN cat=[android.intent.category.LAUNCHER] flg=0x10200000 cmp=org.cyanogenmod.snap/com.android.camera.CameraLauncher bnds=[1132,2268][1400,2572] (has extras)} from uid 10029 on display 0
12-05 14:31:10.533  2995  3428 I chatty  : uid=1013(media) /system/bin/mediaserver expire 14 lines
12-05 14:31:10.553  3341  3622 I ActivityManager: Start proc 4945:org.cyanogenmod.snap/u0a22 for activity org.cyanogenmod.snap/com.android.camera.CameraLauncher
12-05 14:31:10.576  4945  4945 I chatty  : uid=10022(org.cyanogenmod.snap) expire 5 lines
12-05 14:31:10.600  3341  3530 I ActivityManager: START u0 {cmp=org.cyanogenmod.snap/com.android.camera.PermissionsActivity} from uid 10022 on display 0
12-05 14:31:10.637  3341  4817 I ActivityManager: START u0 {act=android.content.pm.action.REQUEST_PERMISSIONS pkg=com.android.packageinstaller cmp=com.android.packageinstaller/.permission.ui.GrantPermissionsActivity (has extras)} from uid 10022 on display 0
12-05 14:31:10.670  4945  4960 I chatty  : uid=10022(org.cyanogenmod.snap) expire 3 lines
12-05 14:31:10.701  3341  3625 I ActivityManager: Start proc 4961:com.android.packageinstaller/u0a17 for activity com.android.packageinstaller/.permission.ui.GrantPermissionsActivity
12-05 14:31:10.766  4961  4961 W System  : ClassLoader referenced unknown path: /system/priv-app/PackageInstaller/lib/arm64
12-05 14:31:10.870  4961  4988 D OpenGLRenderer: Use EGL_SWAP_BEHAVIOR_PRESERVED: true
12-05 14:31:10.898  4961  4988 I OpenGLRenderer: Initialized EGL, version 1.4
12-05 14:31:10.903  4961  4988 D mali_winsys: EGLint new_window_surface(egl_winsys_display*, void*, EGLSurface, EGLConfig, egl_winsys_surface**, egl_color_buffer_format*, EGLBoolean) returns 0x3000,  [1536x1047]-format:1
12-05 14:31:10.996  3341  3360 I ActivityManager: Displayed com.android.packageinstaller/.permission.ui.GrantPermissionsActivity: +313ms (total +454ms)
12-05 14:31:11.873  3341  3622 I ActivityManager: Killing 4634:com.android.onetimeinitializer/u0a13 (adj 15): empty #17
12-05 14:31:11.891  3341  3627 I ActivityManager: START u0 {cmp=org.cyanogenmod.snap/com.android.camera.CameraActivity} from uid 10022 on display 0
12-05 14:31:11.897  3341  3352 D ActivityManager: cleanUpApplicationRecord -- 4634
12-05 14:31:11.900  3341  3353 W InputMethodManagerService: Starting input on non-focused client com.android.internal.view.IInputMethodClient$Stub$Proxy@de8db38 (uid=10017 pid=4961)
12-05 14:31:11.908  4961  4988 D OpenGLRenderer: endAllStagingAnimators on 0x7f82373000 (RippleDrawable) with handle 0x7f85f55920
12-05 14:31:11.979  3341  4817 W BackupManagerService: dataChanged but no participant pkg='org.cyanogenmod.snap' uid=10022
12-05 14:31:11.980  3341  3530 W BackupManagerService: dataChanged but no participant pkg='org.cyanogenmod.snap' uid=10022
12-05 14:31:11.980  3341  3625 W BackupManagerService: dataChanged but no participant pkg='org.cyanogenmod.snap' uid=10022
12-05 14:31:11.984  3341  3628 W BackupManagerService: dataChanged but no participant pkg='org.cyanogenmod.snap' uid=10022
12-05 14:31:11.985  4945  5010 I chatty  : uid=10022(org.cyanogenmod.snap) expire 17 lines
12-05 14:31:11.996  4945  5013 I chatty  : uid=10022(org.cyanogenmod.snap) expire 1 line
12-05 14:31:12.000  2995  5014 I chatty  : uid=1013(media) /system/bin/mediaserver expire 36 lines
12-05 14:31:12.008  2995  5016 I chatty  : uid=1013(media) /system/bin/mediaserver expire 1 line
12-05 14:31:12.008  4945  5018 I chatty  : uid=10022(org.cyanogenmod.snap) expire 1 line
12-05 14:31:12.016  2995  5019 I chatty  : uid=1013(media) /system/bin/mediaserver expire 1 line
12-05 14:31:12.024  2995  5029 I chatty  : uid=1013(media) /system/bin/mediaserver expire 22 lines
12-05 14:31:12.025  2995  4158 I chatty  : uid=1013(media) /system/bin/mediaserver expire 218 lines
12-05 14:31:12.026  2995  5028 I chatty  : uid=1013(media) /system/bin/mediaserver expire 5 lines
12-05 14:31:12.028  4945  5026 I chatty  : uid=10022(org.cyanogenmod.snap) expire 1 line
12-05 14:31:12.066  4945  5011 I chatty  : uid=10022(org.cyanogenmod.snap) expire 1 line
12-05 14:31:12.095  2995  4046 I chatty  : uid=1013(media) /system/bin/mediaserver expire 98 lines
12-05 14:31:12.114  4945  4945 V CAM_PhotoModule: On resume.
12-05 14:31:12.115  4945  4945 V CAM_PhotoModule: Executing onResumeTasks.
12-05 14:31:12.118  2933  2933 W SurfaceFlinger: couldn't log to binary event log: overflow.
12-05 14:31:12.141  2995  5036 I chatty  : uid=1013(media) /system/bin/mediaserver expire 2 lines
12-05 14:31:12.148  2995  5039 I chatty  : uid=1013(media) /system/bin/mediaserver expire 199 lines
12-05 14:31:12.164  3341  3626 I Sensors : Mag old sensor_state 1, new sensor_state : 17 en : 1
12-05 14:31:12.173  4945  5010 W CAM_FocusManager: The coordinate transformer could not be built because the preview rectdid not have a width and height
12-05 14:31:12.177  4945  4945 D CAM_Activity: send the turn off Flashlight broadcast
12-05 14:31:12.180  4945  5044 I OMXClient: Using client-side OMX mux.
12-05 14:31:12.221  3341  3625 W BackupManagerService: dataChanged but no participant pkg='org.cyanogenmod.snap' uid=10022
12-05 14:31:12.224  4945  4945 D CAM_PhotoModule: addIdleHandler in first time initialization
12-05 14:31:12.226  3341  3626 W BackupManagerService: dataChanged but no participant pkg='org.cyanogenmod.snap' uid=10022
12-05 14:31:12.227  3341  3352 W BackupManagerService: dataChanged but no participant pkg='org.cyanogenmod.snap' uid=10022
12-05 14:31:12.239  4945  4945 D LocationManager: provider does not exist provider doesn't exist: network
12-05 14:31:12.242  3341  3354 D libgps  : SendGpsExtensionMessage: Waiting for IPC connection...
12-05 14:31:12.244  4945  4945 D LocationManager: startReceivingLocationUpdates
12-05 14:31:12.244  4945  4945 V CAM_PhotoModule: onCameraOpened
12-05 14:31:12.244  4945  4945 D CameraSettings: Using key for iso: iso
12-05 14:31:12.244  4945  4945 D CameraSettings: Using key for iso-values: iso-values
12-05 14:31:12.274  4945  4945 D CameraSettings: check storage menu false
12-05 14:31:12.274  4945  4945 D CameraSettings: Supported iso values: auto,100,200,400,800
12-05 14:31:12.287  4945  4945 V CAM_PhotoModule: old picture_size = 4032 x 3024
12-05 14:31:12.287  4945  4945 V CAM_PhotoModule: new picture_size = 4032 x 3024
12-05 14:31:12.292  4945  4945 E CAM_PhotoModule: Invalid preview resolution: 
12-05 14:31:12.293  4945  4945 V CAM_PhotoModule: Preview size is 1440x1080
12-05 14:31:12.293  4945  4945 V CAM_PhotoModule: Thumbnail size is 512x384
12-05 14:31:12.293  4945  4945 V CAM_PhotoModule: Picture format value =jpeg
12-05 14:31:12.293  4945  4945 D CameraSettings: Supported iso values: auto,100,200,400,800
12-05 14:31:12.293  4945  4945 V CAM_PhotoModule: Color effect value =none
12-05 14:31:12.293  4945  4945 V CAM_PhotoModule: Face Recognition value = off
12-05 14:31:12.293  4945  4945 V CAM_PhotoModule: AE Bracketing value =Off
12-05 14:31:12.294  4945  4945 E CAM_PhotoModule:  advancedFeature value =none
12-05 14:31:12.294  4945  4945 V CAM_PhotoModule: autoExposure value =frame-average
12-05 14:31:12.294  4945  4945 V CAM_PhotoModule: antiBanding value =auto
12-05 14:31:12.295  4945  4945 D Util    : Parameters: [3dnr=false, Infinity=Infinity, antibanding-values=auto,50hz, antibanding=auto, auto-exposure-lock-supported=true, auto-exposure-lock=false, auto-whitebalance-lock-supported=true, auto-whitebalance-lock=false, best-capture=0, brightness-max=2, brightness-min=-2, brightness=0, burst-capture=0, burstshot-fps-values=(10,20), camera-mode=1, constant-growth-rate-zoom-supported=true, contrast=auto, drc=false, dual_mode=-1, dualrecording-hint=-1, dynamic-range-control=off, effect-values=none, effect=none, effectrecording-hint=0, exposure-compensation-step=0.1, exposure-compensation=0, exposure-time=0, fast-fps-mode=-1, flash-mode-values=off,auto,on,torch, flash-mode=auto, fnumber-value-denominator=10, fnumber-value-numerator=17, focal-length=4.20, focallength-35mm-value=26, focallength-value-denominator=100, focallength-value-numerator=420, focus-areas=(0,0,0,0,0), focus-distance=-1, focus-distances=0.10,1.20,Infinity, focus-mode-values=auto,infinity,macro,continuous-video,continuous-picture, focus-mode=continuous-picture, hdr-mode=0, horizontal-view-angle=53, hue-max=2, hue-min=-2, hue=0, imageuniqueid-value=0, intelligent-mode=-1, iso-values=auto,100,200,400,800, iso=auto, jpeg-quality=85, jpeg-thumbnail-height=384, jpeg-thumbnail-quality=100, jpeg-thumbnail-size-values=512x384,512x288,384x384,0x0,0x0, jpeg-thumbnail-width=512, long-shot=off, max-exposure-compensation=20, max-exposure-time=10000000, max-longshot-snap=-1, max-num-detected-faces-hw=16, max-num-detected-faces-sw=0, max-num-focus-areas=1, max-num-metering-areas=0, max-wb-k=10000, max-zoom=99, maxaperture-value-denominator=100, maxaperture-value-numerator=153, metering-areas=, metering-values=matrix,center,spot, metering=center, min-exposure-compensation=-20, min-exposure-time=32, min-wb-k=2300, motion-speed=-1, odc=false, ois-supported=true, ois=still, phase-af-values=off,on, phase-af=off, picture-format-values=jpeg, picture-format=jpeg, 
12-05 14:31:12.295  4945  4945 D Util    : Parameters: picture-size-values=4032x3024,4032x2268,3024x3024,3984x2988,3264x2448,3264x1836,2976x2976,2880x2160,2560x1440,2160x2160,2048x1152,1920x1080,1280x720,960x720,640x480, picture-size=4032x3024, preferred-preview-size-for-video=1920x1080, preview-format-values=yuv420sp,yuv420p, preview-format=yuv420sp, preview-fps-range-values=(15000,15000),(24000,24000),(15000,30000),(30000,30000), preview-fps-range=15000,30000, preview-frame-rate-values=15,16,17,18,19,20,21,22,23,24,25,26,27,28,29,30, preview-frame-rate=30, preview-size-values=1920x1080,1440x1080,1088x1088,1280x720,1056x704,1024x768,960x720,800x450,720x720,720x480,640x480,352x288,320x240,256x144,176x144, preview-size=1440x1080, quick-shot=0, rear-lens-distortion-correction=on, recording-hint=false, rotation=0, rt-hdr-values=off,on,auto, rt-hdr=off, saturation-max=2, saturation-min=-2, saturation=0, scene-mode-values=auto,hdr, scene-mode=auto, sharpness-max=2, sharpness-min=-2, sharpness=0, shot-mode=0, smooth-zoom-supported=false, vertical-view-angle=41, video-frame-format=nv21, video-size-values=1920x1080,1440x1440,1440x1080,1088x1088,1280x720,960x720,800x450,720x480,640x480,480x320,352x288,320x240,256x144,176x144, video-size=1920x1080, video-snapshot-supported=true, video-stabilization-supported=false, vrmode-supported=true, vrmode=-1, wb-k=0, wdr=0, whitebalance-values=auto,incandescent,fluorescent,daylight,cloudy-daylight, whitebalance=auto, zoom-ratios=100,102,104,106,108,111,113,115,118,120,123,125,128,131,134,137,139,142,145,149,152,155,158,162,165,169,172,176,180,183,187,191,195,200,204,208,213,217,222,226,231,236,241,246,251,257,262,268,274,279,285,291,298,304,310,317,324,331,338,345,352,360,367,375,383,391,400,408,417,426,435,444,453,463,473,483,493,503,514,525,536,548,559,571,583,596,608,621,634,648,662,676,690,705,720,735,751,767,783,800, zoom-supported=true, zoom=0, zsl=on]
12-05 14:31:12.509  2995  4157 I chatty  : uid=1013(media) /system/bin/mediaserver expire 362 lines
12-05 14:31:12.969  2995  5047 I chatty  : uid=1013(media) /system/bin/mediaserver expire 67 lines
12-05 14:31:13.068  2995  5056 I chatty  : uid=1013(media) /system/bin/mediaserver expire 97 lines
12-05 14:31:13.068  2995  5057 I chatty  : uid=1013(media) /system/bin/mediaserver expire 56 lines
12-05 14:31:13.074  2995  4156 I chatty  : uid=1013(media) /system/bin/mediaserver expire 12 lines
12-05 14:31:13.075  2995  5035 I chatty  : uid=1013(media) /system/bin/mediaserver expire 100 lines
12-05 14:31:13.084  3341  3530 W BackupManagerService: dataChanged but no participant pkg='org.cyanogenmod.snap' uid=10022
12-05 14:31:13.085  3341  3626 W BackupManagerService: dataChanged but no participant pkg='org.cyanogenmod.snap' uid=10022
12-05 14:31:13.088  4945  4945 I CAM_PhotoModule: Using preview width = 1440& height = 1080
12-05 14:31:13.088  4945  4945 D CAM_UI  : setAspectRatio() ratio[1.3333334] mAspectRatio[1.3333334]
12-05 14:31:13.091  4945  4945 I CAM_PhotoModule: Using preview width = 1440& height = 1080
12-05 14:31:13.091  4945  4945 D CAM_UI  : setAspectRatio() ratio[1.3333334] mAspectRatio[1.3333334]
12-05 14:31:13.097  2995  5054 I chatty  : uid=1013(media) /system/bin/mediaserver expire 3 lines
12-05 14:31:13.097  2995  5061 I chatty  : uid=1013(media) /system/bin/mediaserver expire 6 lines
12-05 14:31:13.101  4945  4945 D CameraStorage: External storage state=mounted
12-05 14:31:13.111  4945  4945 D CameraStorage: External storage state=mounted
12-05 14:31:13.122  4945  4945 I Choreographer: Skipped 54 frames!  The application may be doing too much work on its main thread.
12-05 14:31:13.140  4945  4960 D mali_winsys: EGLint new_window_surface(egl_winsys_display*, void*, EGLSurface, EGLConfig, egl_winsys_surface**, egl_color_buffer_format*, EGLBoolean) returns 0x3000,  [1440x2560]-format:1
12-05 14:31:13.141  4945  4945 V CAM_UI  : setTransformMatrix: scaledTextureWidth = 1440.0, scaledTextureHeight = 1920.0
12-05 14:31:13.142  4945  4945 D CAM_UI  : mSurfaceTextureUncroppedWidth=1440.0mSurfaceTextureUncroppedHeight=1920.0
12-05 14:31:13.166  4945  4945 V CAM_UI  : surfaceCreated
12-05 14:31:13.166  4945  4945 V CAM_PhotoModule: onPreviewUIReady
12-05 14:31:13.167  4945  4945 V CAM_UI  : surfaceChanged: width =1440, height = 2560
12-05 14:31:13.170  2995  5058 I chatty  : uid=1013(media) /system/bin/mediaserver expire 2 lines
12-05 14:31:13.174  2995  5063 I chatty  : uid=1013(media) /system/bin/mediaserver expire 1 line
12-05 14:31:13.179  2995  5060 I chatty  : uid=1013(media) /system/bin/mediaserver expire 1 line
12-05 14:31:13.182  2995  5062 I chatty  : uid=1013(media) /system/bin/mediaserver expire 1 line
12-05 14:31:13.182  2995  5059 I chatty  : uid=1013(media) /system/bin/mediaserver expire 1 line
12-05 14:31:13.182  2995  5052 I chatty  : uid=1013(media) /system/bin/mediaserver expire 2 lines
12-05 14:31:13.184  2995  5051 I chatty  : uid=1013(media) /system/bin/mediaserver expire 2 lines
12-05 14:31:13.185  4945  4945 I FocusRingView: Computing center via view bounds.
12-05 14:31:13.240  2995  3432 I chatty  : uid=1013(media) /system/bin/mediaserver expire 206 lines
12-05 14:31:13.245  3341  3354 D libgps  : SendGpsExtensionMessage: Waiting for IPC connection - timeout
12-05 14:31:13.245  3341  3354 E libgps  : LIBGPS: Cannot communicate (write) with a GPSD
12-05 14:31:13.245  3341  3354 E libgps  : IPC Communication Error, ../../../../tmp/14804949_263294/allPartners/os/android/gps_interface/gpsi_client/GpsiClient.cpp:625 SendGpsExtensionMessage
12-05 14:31:13.245  3341  3354 D libgps  : gps_set_position_mode: Waiting for IPC connection...
12-05 14:31:13.277  2995  5064 I chatty  : uid=1013(media) /system/bin/mediaserver expire 2 lines
12-05 14:31:13.281  2995  5067 I chatty  : uid=1013(media) /system/bin/mediaserver expire 139 lines
12-05 14:31:13.311  3341  3360 I ActivityManager: Displayed org.cyanogenmod.snap/com.android.camera.CameraActivity: +1s411ms
12-05 14:31:13.319  2995  5070 I chatty  : uid=1013(media) /system/bin/mediaserver expire 3 lines
12-05 14:31:13.348  4945  4945 V CAM_UI  : surfaceChanged: width =1440, height = 1920
12-05 14:31:13.375  3341  3530 I ActivityManager: Killing 4180:com.android.exchange/u0a41 (adj 15): empty #17
12-05 14:31:13.392  3341  3622 D ActivityManager: cleanUpApplicationRecord -- 4180
12-05 14:31:13.409  2995  5077 I chatty  : uid=1013(media) /system/bin/mediaserver expire 56 lines
12-05 14:31:13.411  2995  5076 I chatty  : uid=1013(media) /system/bin/mediaserver expire 78 lines
12-05 14:31:13.473  2995  5080 I chatty  : uid=1013(media) /system/bin/mediaserver expire 16 lines
12-05 14:31:13.620  2995  5083 I chatty  : uid=1013(media) /system/bin/mediaserver expire 7 lines
