--------- beginning of main
12-06 01:30:04.461  3005  3005 W auditd  : type=1325 audit(0.0:2): table=filter family=2 entries=0
12-06 01:30:04.461  3005  3005 W auditd  : type=1325 audit(0.0:3): table=mangle family=2 entries=0
12-06 01:30:04.461  3005  3005 W auditd  : type=1325 audit(0.0:4): table=nat family=2 entries=0
12-06 01:30:04.461  3005  3005 W auditd  : type=1325 audit(0.0:5): table=raw family=2 entries=0
12-06 01:30:04.461  3005  3005 W auditd  : type=1325 audit(0.0:6): table=security family=2 entries=0
12-06 01:30:04.461  3005  3005 W auditd  : type=1325 audit(0.0:7): table=filter family=3 entries=0
12-06 01:30:04.461  3005  3005 W auditd  : type=1325 audit(0.0:8): table=filter family=10 entries=0
12-06 01:30:04.461  3005  3005 W auditd  : type=1325 audit(0.0:9): table=mangle family=10 entries=0
12-06 01:30:04.461  3005  3005 W auditd  : type=1325 audit(0.0:10): table=raw family=10 entries=0
12-06 01:30:04.461  3005  3005 W auditd  : type=1325 audit(0.0:11): table=nat family=10 entries=0
12-06 01:30:04.829  3005  3005 W auditd  : type=1305 audit(0.0:12): audit_pid=2918 old=0 auid=4294967295 ses=4294967295 res=1
12-06 01:30:04.829  3005  3005 W auditd  : type=1305 audit(0.0:13): audit_rate_limit=20 old=0 auid=4294967295 ses=4294967295 res=1
12-06 01:30:04.851  2925  2925 I /system/bin/tzdatacheck: tzdata file /data/misc/zoneinfo/current/tzdata does not exist. No action required.
--------- beginning of system
12-06 01:30:04.867  2919  2919 I vold    : Vold 3.0 (the awakening) firing up
12-06 01:30:04.867  2919  2919 V vold    : Detected support for: exfat ext4 ntfs vfat
12-06 01:30:04.875  2930  2930 I lowmemorykiller: Using in-kernel low memory killer interface
12-06 01:30:04.881  2931  2931 I sysinit : Running /system/etc/init.d/00banner 
12-06 01:30:04.892  2996  2996 I installd: installd firing up
12-06 01:30:04.893  2991  2991 I DEBUG   : debuggerd: starting
12-06 01:30:04.902  3001  3001 I cm      : ____ _   _ ____ _  _ ____ ____ ____ _  _ _  _ ____ ___ 
12-06 01:30:04.905  2933  2933 I SurfaceFlinger: SurfaceFlinger is starting
12-06 01:30:04.906  2933  2933 E SchedPolicy: /system/bin/surfaceflinger add_tid_to_cgroup failed; fd=-1
12-06 01:30:04.906  2933  2933 I SurfaceFlinger: SurfaceFlinger's main thread ready to run. Initializing graphics H/W...
12-06 01:30:04.907  3006  3006 I cm      : |     \_/  |__| |\ | |  | | __ |___ |\ | |\/| |  | |  \ 
12-06 01:30:04.909  2989  2989 I Netd    : Netd 1.0 starting
12-06 01:30:04.909  2989  2989 I QtiConnectivityAdapter: Failed to open libconnctrl, some features may not be present.
12-06 01:30:04.909  2989  2989 D TetherController: Setting IP forward enable = 0
12-06 01:30:04.910  3002  3002 I perfprofd: starting Android Wide Profiling daemon
12-06 01:30:04.918  3010  3010 I cm      : |___   |   |  | | \| |__| |__] |___ | \| |  | |__| |__/ 
12-06 01:30:04.918  3002  3002 E perfprofd: unable to open configuration file /data/data/com.google.android.gms/files/perfprofd.conf
12-06 01:30:04.918  3002  3002 I perfprofd: random seed set to 17772404
12-06 01:30:04.918  3003  3003 I fingerprintd: Starting fingerprintd
12-06 01:30:04.919  2997  2997 I keystore: Found keymaster0 module Keymaster OpenSSL HAL, version 2
12-06 01:30:04.919  2997  2997 I SoftKeymaster: system/keymaster/soft_keymaster_device.cpp, Line 122: Creating device
12-06 01:30:04.919  2997  2997 D SoftKeymaster: system/keymaster/soft_keymaster_device.cpp, Line 123: Device address: 0x7fb12a3000
12-06 01:30:04.920  2997  2997 I keystore: Keymaster0 module is software-only.  Using SoftKeymasterDevice instead.
12-06 01:30:04.920  2997  2997 I SoftKeymaster: system/keymaster/soft_keymaster_device.cpp, Line 122: Creating device
12-06 01:30:04.920  2997  2997 D SoftKeymaster: system/keymaster/soft_keymaster_device.cpp, Line 123: Device address: 0x7fb12a3300
12-06 01:30:04.920  2997  2997 I keystore: SELinux: Keystore SELinux is disabled.
12-06 01:30:04.928  3000  3000 I gatekeeperd: Starting gatekeeperd...
12-06 01:30:04.928  3000  3000 W gatekeeperd: falling back to software GateKeeper
12-06 01:30:04.928  3000  3000 I gatekeeperd: cold boot: clearing state
12-06 01:30:04.953  2990  2990 I DEBUG   : debuggerd: starting
12-06 01:30:04.956  3021  3021 I cm      : Welcome to Android 6.0.1 / CyanogenMod-13.0-20161205-UNOFFICIAL-hero2ltexx 
12-06 01:30:04.959  3005  3005 W auditd  : type=1325 audit(0.0:14): table=filter family=2 entries=4
12-06 01:30:04.959  3005  3005 W auditd  : type=1320 audit(0.0:14): 
12-06 01:30:04.963  3024  3024 I sysinit : Running /system/etc/init.d/90userinit 
12-06 01:30:04.966  2933  2933 D libEGL  : loaded /vendor/lib64/egl/libGLES_mali.so
12-06 01:30:04.969  3005  3005 W auditd  : type=1325 audit(0.0:15): table=filter family=10 entries=4
12-06 01:30:04.969  3005  3005 W auditd  : type=1320 audit(0.0:15): 
12-06 01:30:04.979  3005  3005 W auditd  : type=1325 audit(0.0:16): table=filter family=2 entries=6
12-06 01:30:04.979  3005  3005 W auditd  : type=1320 audit(0.0:16): 
12-06 01:30:04.985  2933  2933 I gralloc : using (id=)
12-06 01:30:04.985  2933  2933 I gralloc : xres         = 1440 px
12-06 01:30:04.985  2933  2933 I gralloc : yres         = 2560 px
12-06 01:30:04.985  2933  2933 I gralloc : width        = 68 mm (537.882324 dpi)
12-06 01:30:04.985  2933  2933 I gralloc : height       = 122 mm (532.983582 dpi)
12-06 01:30:04.985  2933  2933 I gralloc : refresh rate = 59.31 Hz
12-06 01:30:04.999  3005  3005 W auditd  : type=1325 audit(0.0:17): table=filter family=10 entries=6
12-06 01:30:04.999  3005  3005 W auditd  : type=1320 audit(0.0:17): 
12-06 01:30:05.001  2933  2933 D hwcomposer: using
12-06 01:30:05.001  2933  2933 D hwcomposer: xres         = 1440 px
12-06 01:30:05.001  2933  2933 D hwcomposer: yres         = 2560 px
12-06 01:30:05.001  2933  2933 D hwcomposer: width        = 68 mm (537.882000 dpi)
12-06 01:30:05.001  2933  2933 D hwcomposer: height       = 122 mm (532.983000 dpi)
12-06 01:30:05.001  2933  2933 D hwcomposer: refresh rate = 59 Hz
12-06 01:30:05.001  2933  2933 I hwcomposer: PSR info devname = /sys/devices/13960000.decon_f/psr_info
12-06 01:30:05.001  2933  2933 I hwcomposer: PSR mode is 6(0: video mode, 1: DP PSR mode, 2: MIPI-DSI command mode)
12-06 01:30:05.001  2933  2933 I SurfaceFlinger: Using composer version 1.3
12-06 01:30:05.001  2933  2933 E display : unknown display attribute 6
12-06 01:30:05.001  2933  2933 I SurfaceFlinger: EGL information:
12-06 01:30:05.001  2933  2933 I SurfaceFlinger: vendor    : Android
12-06 01:30:05.001  2933  2933 I SurfaceFlinger: version   : 1.4 Android META-EGL
12-06 01:30:05.001  2933  2933 I SurfaceFlinger: extensions: EGL_KHR_get_all_proc_addresses EGL_ANDROID_presentation_time EGL_KHR_swap_buffers_with_damage EGL_KHR_image EGL_KHR_image_base EGL_KHR_gl_texture_2D_image EGL_KHR_gl_texture_cubemap_image EGL_KHR_gl_renderbuffer_image EGL_KHR_fence_sync EGL_KHR_create_context EGL_KHR_config_attribs EGL_KHR_surfaceless_context EGL_EXT_create_context_robustness EGL_ANDROID_image_native_buffer EGL_KHR_wait_sync EGL_ANDROID_recordable EGL_KHR_partial_update 
12-06 01:30:05.001  2933  2933 I SurfaceFlinger: Client API: OpenGL_ES
12-06 01:30:05.001  2933  2933 I SurfaceFlinger: EGLSurface: 8-8-8-8, config=0x7f9c710138
12-06 01:30:05.011  2933  2933 I SurfaceFlinger: OpenGL ES informations:
12-06 01:30:05.011  2933  2933 I SurfaceFlinger: vendor    : ARM
12-06 01:30:05.011  2933  2933 I SurfaceFlinger: renderer  : Mali-T880
12-06 01:30:05.011  2933  2933 I SurfaceFlinger: version   : OpenGL ES 3.2 v1.r12p1-00dev0.60546d7cd0bfd82d0ba92ca3bb825c75
12-06 01:30:05.011  2933  2933 I SurfaceFlinger: extensions: GL_EXT_debug_marker GL_ARM_rgba8 GL_ARM_mali_shader_binary GL_OES_depth24 GL_OES_depth_texture GL_OES_depth_texture_cube_map GL_OES_packed_depth_stencil GL_OES_rgb8_rgba8 GL_EXT_read_format_bgra GL_OES_compressed_paletted_texture GL_OES_compressed_ETC1_RGB8_texture GL_OES_standard_derivatives GL_OES_EGL_image GL_OES_EGL_image_external GL_OES_EGL_image_external_essl3 GL_OES_EGL_sync GL_OES_texture_npot GL_OES_vertex_half_float GL_OES_required_internalformat GL_OES_vertex_array_object GL_OES_mapbuffer GL_EXT_texture_format_BGRA8888 GL_EXT_texture_rg GL_EXT_texture_type_2_10_10_10_REV GL_OES_fbo_render_mipmap GL_OES_element_index_uint GL_EXT_shadow_samplers GL_OES_texture_compression_astc GL_KHR_texture_compression_astc_ldr GL_KHR_texture_compression_astc_hdr GL_KHR_texture_compression_astc_sliced_3d GL_KHR_debug GL_EXT_occlusion_query_boolean GL_EXT_disjoint_timer_query GL_EXT_blend_minmax GL_EXT_discard_framebuffer GL_OES_get_program_binary GL_OES_texture_3D GL_EXT_texture_storage GL_EXT_multisamp
12-06 01:30:05.011  2933  2933 I SurfaceFlinger: GL_MAX_TEXTURE_SIZE = 16384
12-06 01:30:05.011  2933  2933 I SurfaceFlinger: GL_MAX_VIEWPORT_DIMS = 16384
12-06 01:30:05.011  2933  2933 D mali_winsys: EGLint new_window_surface(egl_winsys_display*, void*, EGLSurface, EGLConfig, egl_winsys_surface**, egl_color_buffer_format*, EGLBoolean) returns 0x3000,  [1440x2560]-format:1
12-06 01:30:05.030  2933  2933 D SurfaceFlinger: Set power mode=2, type=0 flinger=0x7f9cbc3c00
12-06 01:30:05.069  3005  3005 W auditd  : type=1325 audit(0.0:18): table=filter family=2 entries=7
12-06 01:30:05.069  3005  3005 W auditd  : type=1320 audit(0.0:18): 
12-06 01:30:05.079  3005  3005 W auditd  : type=1325 audit(0.0:19): table=filter family=10 entries=7
12-06 01:30:05.079  3005  3005 W auditd  : type=1320 audit(0.0:19): 
12-06 01:30:05.089  3005  3005 W auditd  : type=1325 audit(0.0:20): table=filter family=2 entries=9
12-06 01:30:05.089  3005  3005 W auditd  : type=1320 audit(0.0:20): 
12-06 01:30:05.089  3005  3005 W auditd  : type=1325 audit(0.0:21): table=filter family=10 entries=9
12-06 01:30:05.089  3005  3005 W auditd  : type=1320 audit(0.0:21): 
12-06 01:30:05.149  3005  3005 W auditd  : type=1325 audit(0.0:22): table=filter family=2 entries=10
12-06 01:30:05.149  3005  3005 W auditd  : type=1320 audit(0.0:22): 
12-06 01:30:05.149  3005  3005 W auditd  : type=1325 audit(0.0:23): table=filter family=10 entries=10
12-06 01:30:05.149  3005  3005 W auditd  : type=1320 audit(0.0:23): 
12-06 01:30:05.149  2995  2995 V MediaUtils: physMem: 3746938880
12-06 01:30:05.149  2995  2995 V MediaUtils: requested limit: 2435510220
12-06 01:30:05.149  2995  2995 V MediaUtils: actual limit: 2435510220
12-06 01:30:05.150  2995  2995 V MediaUtils: original limits: 4294967295/4294967295
12-06 01:30:05.150  2995  2995 V MediaUtils: new limits: 2435510220/4294967295
12-06 01:30:05.159  3005  3005 W auditd  : type=1325 audit(0.0:24): table=filter family=2 entries=12
12-06 01:30:05.159  3005  3005 W auditd  : type=1320 audit(0.0:24): 
12-06 01:30:05.160  2995  2995 I mediaserver: ServiceManager: 0xf664e120
12-06 01:30:05.160  2995  2995 I AudioFlinger: Using default 3000 mSec as standby time.
12-06 01:30:05.160  2995  2995 E BatteryNotifier: batterystats service unavailable!
12-06 01:30:05.160  2995  2995 E BatteryNotifier: batterystats service unavailable!
12-06 01:30:05.161  2995  2995 I CameraService: CameraService started (pid=2995)
12-06 01:30:05.161  2995  2995 I CameraService: CameraService process starting
12-06 01:30:05.161  2995  2995 E BatteryNotifier: batterystats service unavailable!
12-06 01:30:05.161  2995  2995 E BatteryNotifier: batterystats service unavailable!
12-06 01:30:05.169  3005  3005 W auditd  : type=1325 audit(0.0:25): table=filter family=10 entries=12
12-06 01:30:05.169  3005  3005 W auditd  : type=1320 audit(0.0:25): 
12-06 01:30:05.239  3005  3005 W auditd  : type=1325 audit(0.0:26): table=filter family=2 entries=13
12-06 01:30:05.239  3005  3005 W auditd  : type=1320 audit(0.0:26): 
12-06 01:30:05.239  3005  3005 W auditd  : type=1325 audit(0.0:27): table=filter family=10 entries=13
12-06 01:30:05.239  3005  3005 W auditd  : type=1320 audit(0.0:27): 
12-06 01:30:05.249  3005  3005 W auditd  : type=1325 audit(0.0:28): table=filter family=2 entries=15
12-06 01:30:05.249  3005  3005 W auditd  : type=1320 audit(0.0:28): 
12-06 01:30:05.259  3005  3005 W auditd  : type=1325 audit(0.0:29): table=filter family=10 entries=15
12-06 01:30:05.259  3005  3005 W auditd  : type=1320 audit(0.0:29): 
12-06 01:30:05.289  2933  2933 D SurfaceFlinger: SF. shader cache generated - 26 shaders in 225.380844 ms
12-06 01:30:05.307  3052  3063 D libEGL  : loaded /vendor/lib64/egl/libGLES_mali.so
12-06 01:30:05.309  3005  3005 W auditd  : type=1325 audit(0.0:30): table=filter family=2 entries=16
12-06 01:30:05.309  3005  3005 W auditd  : type=1320 audit(0.0:30): 
12-06 01:30:05.315  3052  3063 D mali_winsys: EGLint new_window_surface(egl_winsys_display*, void*, EGLSurface, EGLConfig, egl_winsys_surface**, egl_color_buffer_format*, EGLBoolean) returns 0x3000,  [1440x2560]-format:2
12-06 01:30:05.319  3005  3005 W auditd  : type=1325 audit(0.0:31): table=filter family=10 entries=16
12-06 01:30:05.319  3005  3005 W auditd  : type=1320 audit(0.0:31): 
12-06 01:30:05.319  3005  3005 W auditd  : type=1325 audit(0.0:32): table=filter family=2 entries=18
12-06 01:30:05.319  3005  3005 W auditd  : type=1320 audit(0.0:32): 
12-06 01:30:05.319  3052  3063 E BootAnimation: couldn't find audio_conf.txt
12-06 01:30:05.329  3005  3005 W auditd  : type=1325 audit(0.0:33): table=filter family=10 entries=18
12-06 01:30:05.339  2998  2998 D AndroidRuntime: >>>>>> START com.android.internal.os.ZygoteInit uid 0 <<<<<<
12-06 01:30:05.345  3052  3063 D BootAnimation: Use save memory method, maybe small fps in actual.
12-06 01:30:05.352  2998  2998 D AndroidRuntime: CheckJNI is OFF
12-06 01:30:05.356  2998  2998 I art     : option[0]=-Xzygote
12-06 01:30:05.356  2998  2998 I art     : option[1]=-Xstacktracefile:/data/anr/traces.txt
12-06 01:30:05.356  2998  2998 I art     : option[2]=exit
12-06 01:30:05.356  2998  2998 I art     : option[3]=vfprintf
12-06 01:30:05.356  2998  2998 I art     : option[4]=sensitiveThread
12-06 01:30:05.356  2998  2998 I art     : option[5]=-verbose:gc
12-06 01:30:05.356  2998  2998 I art     : option[6]=-Xms8m
12-06 01:30:05.357  2998  2998 I art     : option[7]=-Xmx512m
12-06 01:30:05.357  2998  2998 I art     : option[8]=-XX:HeapGrowthLimit=256m
12-06 01:30:05.357  2998  2998 I art     : option[9]=-XX:HeapMinFree=2m
12-06 01:30:05.357  2998  2998 I art     : option[10]=-XX:HeapMaxFree=8m
12-06 01:30:05.357  2998  2998 I art     : option[11]=-XX:HeapTargetUtilization=0.75
12-06 01:30:05.357  2998  2998 I art     : option[12]=-agentlib:jdwp=transport=dt_android_adb,suspend=n,server=y
12-06 01:30:05.357  2998  2998 I art     : option[13]=-Xlockprofthreshold:500
12-06 01:30:05.357  2998  2998 I art     : option[14]=-Ximage-compiler-option
12-06 01:30:05.357  2998  2998 I art     : option[15]=--runtime-arg
12-06 01:30:05.357  2998  2998 I art     : option[16]=-Ximage-compiler-option
12-06 01:30:05.357  2998  2998 I art     : option[17]=-Xms64m
12-06 01:30:05.357  2998  2998 I art     : option[18]=-Ximage-compiler-option
12-06 01:30:05.357  2998  2998 I art     : option[19]=--runtime-arg
12-06 01:30:05.357  2998  2998 I art     : option[20]=-Ximage-compiler-option
12-06 01:30:05.357  2998  2998 I art     : option[21]=-Xmx64m
12-06 01:30:05.357  2998  2998 I art     : option[22]=-Ximage-compiler-option
12-06 01:30:05.357  2998  2998 I art     : option[23]=--compiler-filter=speed
12-06 01:30:05.357  2998  2998 I art     : option[24]=-Ximage-compiler-option
12-06 01:30:05.357  2998  2998 I art     : option[25]=--image-classes=/system/etc/preloaded-classes
12-06 01:30:05.357  2998  2998 I art     : option[26]=-Xcompiler-option
12-06 01:30:05.357  2998  2998 I art     : option[27]=--runtime-arg
12-06 01:30:05.357  2998  2998 I art     : option[28]=-Xcompiler-option
12-06 01:30:05.357  2998  2998 I art     : option[29]=-Xms64m
12-06 01:30:05.357  2998  2998 I art     : option[30]=-Xcompiler-option
12-06 01:30:05.357  2998  2998 I art     : option[31]=--runtime-arg
12-06 01:30:05.357  2998  2998 I art     : option[32]=-Xcompiler-option
12-06 01:30:05.357  2998  2998 I art     : option[33]=-Xmx512m
12-06 01:30:05.357  2998  2998 I art     : option[34]=-Xcompiler-option
12-06 01:30:05.357  2998  2998 I art     : option[35]=--compiler-filter=speed
12-06 01:30:05.357  2998  2998 I art     : option[36]=-Ximage-compiler-option
12-06 01:30:05.357  2998  2998 I art     : option[37]=--instruction-set-variant=generic
12-06 01:30:05.357  2998  2998 I art     : option[38]=-Xcompiler-option
12-06 01:30:05.357  2998  2998 I art     : option[39]=--instruction-set-variant=generic
12-06 01:30:05.357  2998  2998 I art     : option[40]=-Ximage-compiler-option
12-06 01:30:05.357  2998  2998 I art     : option[41]=--instruction-set-features=default
12-06 01:30:05.357  2998  2998 I art     : option[42]=-Xcompiler-option
12-06 01:30:05.357  2998  2998 I art     : option[43]=--instruction-set-features=default
12-06 01:30:05.357  2998  2998 I art     : option[44]=-Duser.locale=en-US
12-06 01:30:05.357  2998  2998 I art     : option[45]=--cpu-abilist=arm64-v8a,armeabi
12-06 01:30:05.357  2998  2998 I art     : option[46]=-Xfingerprint:samsung/cm_hero2ltexx/hero2ltexx:6.0.1/MOB31K/562e795b65:userdebug/test-keys
12-06 01:30:05.376  2998  2998 I art     : Pruning dalvik-cache since we are relocating an image and will need to recompile
12-06 01:30:05.376  2998  2998 I art     : RelocateImage: /system/bin/patchoat --input-image-location=/system/framework/boot.art --output-image-file=/data/dalvik-cache/arm64/system@framework@boot.art --input-oat-location=/system/framework/boot.oat --output-oat-file=/data/dalvik-cache/arm64/system@framework@boot.oat --instruction-set=arm64 --base-offset-delta=-6209536
12-06 01:30:05.402  2999  2999 D AndroidRuntime: >>>>>> START com.android.internal.os.ZygoteInit uid 0 <<<<<<
12-06 01:30:05.404  2995  2995 I UniHAL  : loaded HAL id=camera path=/system/lib/hw/camera.exynos5.so hmi=0x0 handle=0xf6736684
12-06 01:30:05.404  2995  2995 I UniHAL  : HAL module_api_version = 0x204
12-06 01:30:05.404  2995  2995 I ExynosCamera3Interface: INFO(HAL_init[580]):in =====
12-06 01:30:05.404  2995  2995 I ExynosCamera3Interface: INFO(HAL_init[587]):out =====
12-06 01:30:05.404  2995  2995 D ExynosCamera3Interface: DEBUG:duration time(    0 msec):(HAL_init)
12-06 01:30:05.404  2995  2995 I CameraService: Loaded "Samsung CameraHardware Module" camera module
12-06 01:30:05.404  2995  3134 I ExynosCamera3Interface: INFO(init_func[555]):in =====
12-06 01:30:05.405  2995  2995 I ExynosCamera3Interface: INFO(HAL_getCameraInfo[381]):in =====
12-06 01:30:05.405  2999  2999 D AndroidRuntime: CheckJNI is OFF
12-06 01:30:05.405  2995  2995 D ExynosCameraMetadataConverter: DEBUG(constructStaticInfo[384]):ID(0)
12-06 01:30:05.407  2999  2999 I art     : option[0]=-Xzygote
12-06 01:30:05.407  2999  2999 I art     : option[1]=-Xstacktracefile:/data/anr/traces.txt
12-06 01:30:05.407  2999  2999 I art     : option[2]=exit
12-06 01:30:05.407  2999  2999 I art     : option[3]=vfprintf
12-06 01:30:05.407  2999  2999 I art     : option[4]=sensitiveThread
12-06 01:30:05.407  2999  2999 I art     : option[5]=-verbose:gc
12-06 01:30:05.407  2999  2999 I art     : option[6]=-Xms8m
12-06 01:30:05.407  2999  2999 I art     : option[7]=-Xmx512m
12-06 01:30:05.407  2999  2999 I art     : option[8]=-XX:HeapGrowthLimit=256m
12-06 01:30:05.407  2999  2999 I art     : option[9]=-XX:HeapMinFree=2m
12-06 01:30:05.407  2999  2999 I art     : option[10]=-XX:HeapMaxFree=8m
12-06 01:30:05.407  2999  2999 I art     : option[11]=-XX:HeapTargetUtilization=0.75
12-06 01:30:05.407  2999  2999 I art     : option[12]=-agentlib:jdwp=transport=dt_android_adb,suspend=n,server=y
12-06 01:30:05.407  2999  2999 I art     : option[13]=-Xlockprofthreshold:500
12-06 01:30:05.407  2999  2999 I art     : option[14]=-Ximage-compiler-option
12-06 01:30:05.407  2999  2999 I art     : option[15]=--runtime-arg
12-06 01:30:05.407  2999  2999 I art     : option[16]=-Ximage-compiler-option
12-06 01:30:05.407  2999  2999 I art     : option[17]=-Xms64m
12-06 01:30:05.407  2999  2999 I art     : option[18]=-Ximage-compiler-option
12-06 01:30:05.407  2999  2999 I art     : option[19]=--runtime-arg
12-06 01:30:05.407  2999  2999 I art     : option[20]=-Ximage-compiler-option
12-06 01:30:05.407  2999  2999 I art     : option[21]=-Xmx64m
12-06 01:30:05.407  2999  2999 I art     : option[22]=-Ximage-compiler-option
12-06 01:30:05.408  2999  2999 I art     : option[23]=--compiler-filter=speed
12-06 01:30:05.408  2999  2999 I art     : option[24]=-Ximage-compiler-option
12-06 01:30:05.408  2999  2999 I art     : option[25]=--image-classes=/system/etc/preloaded-classes
12-06 01:30:05.408  2999  2999 I art     : option[26]=-Xcompiler-option
12-06 01:30:05.408  2999  2999 I art     : option[27]=--runtime-arg
12-06 01:30:05.408  2999  2999 I art     : option[28]=-Xcompiler-option
12-06 01:30:05.408  2999  2999 I art     : option[29]=-Xms64m
12-06 01:30:05.408  2999  2999 I art     : option[30]=-Xcompiler-option
12-06 01:30:05.408  2999  2999 I art     : option[31]=--runtime-arg
12-06 01:30:05.408  2999  2999 I art     : option[32]=-Xcompiler-option
12-06 01:30:05.408  2999  2999 I art     : option[33]=-Xmx512m
12-06 01:30:05.408  2999  2999 I art     : option[34]=-Xcompiler-option
12-06 01:30:05.408  2999  2999 I art     : option[35]=--compiler-filter=speed
12-06 01:30:05.408  2999  2999 I art     : option[36]=-Ximage-compiler-option
12-06 01:30:05.408  2999  2999 I art     : option[37]=--instruction-set-variant=cortex-a53
12-06 01:30:05.408  2999  2999 I art     : option[38]=-Xcompiler-option
12-06 01:30:05.408  2999  2999 I art     : option[39]=--instruction-set-variant=cortex-a53
12-06 01:30:05.408  2999  2999 I art     : option[40]=-Ximage-compiler-option
12-06 01:30:05.408  2999  2999 I art     : option[41]=--instruction-set-features=default
12-06 01:30:05.408  2999  2999 I art     : option[42]=-Xcompiler-option
12-06 01:30:05.408  2999  2999 I art     : option[43]=--instruction-set-features=default
12-06 01:30:05.408  2999  2999 I art     : option[44]=-Duser.locale=en-US
12-06 01:30:05.408  2999  2999 I art     : option[45]=--cpu-abilist=armeabi-v7a,armeabi
12-06 01:30:05.408  2999  2999 I art     : option[46]=-Xfingerprint:samsung/cm_hero2ltexx/hero2ltexx:6.0.1/MOB31K/562e795b65:userdebug/test-keys
12-06 01:30:05.417  2999  2999 I art     : Pruning dalvik-cache since we are relocating an image and will need to recompile
12-06 01:30:05.418  2999  2999 I art     : RelocateImage: /system/bin/patchoat --input-image-location=/system/framework/boot.art --output-image-file=/data/dalvik-cache/arm/system@framework@boot.art --input-oat-location=/system/framework/boot.oat --output-oat-file=/data/dalvik-cache/arm/system@framework@boot.oat --instruction-set=arm --base-offset-delta=6443008
12-06 01:30:05.874  2995  2995 D ExynosCameraUtils: DEBUG(getSensorIdFromFile[1770]):Sensor name is 29
12-06 01:30:05.874  2995  2995 D ExynosCameraUtils: (3)
12-06 01:30:05.874  2995  2995 I ExynosCamera3SensorInfo: INFO(createExynosCamera3SensorInfo[52]):sensor ID 29
12-06 01:30:05.874  2995  2995 I UniHAL  : [Uni_GetCameraInfo][215] device_version(771)
12-06 01:30:05.874  2995  2995 I ExynosCamera3Interface: INFO(HAL_getCameraInfo[381]):in =====
12-06 01:30:05.874  2995  2995 D ExynosCameraMetadataConverter: DEBUG(constructStaticInfo[384]):ID(1)
12-06 01:30:05.874  2995  2995 D ExynosCameraUtils: DEBUG(getSensorIdFromFile[1770]):Sensor name is 21
12-06 01:30:05.874  2995  2995 D ExynosCameraUtils: (3)
12-06 01:30:05.874  2995  2995 I ExynosCamera3SensorInfo: INFO(createExynosCamera3SensorInfo[52]):sensor ID 21
12-06 01:30:05.874  2995  2995 D ExynosCameraMetadataConverter: DEBUG(m_createControlAvailableHighSpeedVideoConfigurations[3758]) Front camera does not support High Speed Video
12-06 01:30:05.874  2995  2995 D ExynosCameraMetadataConverter: DEBUG(constructStaticInfo[523]):ANDROID_CONTROL_AVAILABLE_HIGH_SPEED_VIDEO_CONFIGURATIONS is NULL
12-06 01:30:05.875  2995  2995 D ExynosCameraMetadataConverter: DEBUG(constructStaticInfo[1024]):vendorMeteringModes at sensorStaticInfo is NULL
12-06 01:30:05.875  2995  2995 D ExynosCameraMetadataConverter: DEBUG(constructStaticInfo[1038]):vendorOISModes at sensorStaticInfo is NULL
12-06 01:30:05.875  2995  2995 I UniHAL  : [Uni_GetCameraInfo][215] device_version(771)
12-06 01:30:05.875  2995  2995 D ExynosCamera3Interface: DEBUG:duration time(    0 msec):(HAL_set_callbacks)
12-06 01:30:05.875  2995  2995 I ServiceManager: Waiting for service media.camera.proxy...
12-06 01:30:05.966  2989  2989 V NatController: runCmd(/system/bin/iptables -w -F natctrl_FORWARD) res=0
12-06 01:30:05.971  2989  2989 V NatController: runCmd(/system/bin/iptables -w -A natctrl_FORWARD -j DROP) res=0
12-06 01:30:05.976  2989  2989 V NatController: runCmd(/system/bin/iptables -w -t nat -F natctrl_nat_POSTROUTING) res=0
12-06 01:30:05.981  2989  2989 V NatController: runCmd(/system/bin/iptables -w -F natctrl_tether_counters) res=1
12-06 01:30:05.987  2989  2989 V NatController: runCmd(/system/bin/iptables -w -X natctrl_tether_counters) res=1
12-06 01:30:05.992  2989  2989 V NatController: runCmd(/system/bin/iptables -w -N natctrl_tether_counters) res=0
12-06 01:30:05.997  2989  2989 V NatController: runCmd(/system/bin/iptables -w -t mangle -A natctrl_mangle_FORWARD -p tcp --tcp-flags SYN SYN -j TCPMSS --clamp-mss-to-pmtu) res=0
12-06 01:30:06.159  3005  3005 W auditd  : type=1325 audit(0.0:115): table=filter family=2 entries=49
12-06 01:30:06.159  3005  3005 W auditd  : type=1320 audit(0.0:115): 
12-06 01:30:06.159  3005  3005 W auditd  : type=1325 audit(0.0:116): table=filter family=10 entries=52
12-06 01:30:06.159  3005  3005 W auditd  : type=1320 audit(0.0:116): 
12-06 01:30:06.159  3005  3005 W auditd  : type=1325 audit(0.0:117): table=filter family=2 entries=49
12-06 01:30:06.159  3005  3005 W auditd  : type=1320 audit(0.0:117): 
12-06 01:30:06.169  3005  3005 W auditd  : type=1325 audit(0.0:118): table=filter family=10 entries=52
12-06 01:30:06.169  3005  3005 W auditd  : type=1320 audit(0.0:118): 
12-06 01:30:06.169  3005  3005 W auditd  : type=1325 audit(0.0:119): table=filter family=2 entries=49
12-06 01:30:06.169  3005  3005 W auditd  : type=1320 audit(0.0:119): 
12-06 01:30:06.179  3005  3005 W auditd  : type=1325 audit(0.0:120): table=filter family=10 entries=52
12-06 01:30:06.179  3005  3005 W auditd  : type=1320 audit(0.0:120): 
12-06 01:30:06.179  3005  3005 W auditd  : type=1325 audit(0.0:121): table=filter family=2 entries=49
12-06 01:30:06.179  3005  3005 W auditd  : type=1320 audit(0.0:121): 
12-06 01:30:06.189  3005  3005 W auditd  : type=1325 audit(0.0:122): table=filter family=10 entries=52
12-06 01:30:06.189  3005  3005 W auditd  : type=1320 audit(0.0:122): 
12-06 01:30:06.189  3005  3005 W auditd  : type=1325 audit(0.0:123): table=raw family=2 entries=9
12-06 01:30:06.189  3005  3005 W auditd  : type=1320 audit(0.0:123): 
12-06 01:30:06.199  3005  3005 W auditd  : type=1325 audit(0.0:124): table=raw family=10 entries=9
12-06 01:30:06.199  3005  3005 W auditd  : type=1320 audit(0.0:124): 
12-06 01:30:06.302  2995  3134 I ExynosCamera3Interface: INFO(init_func[569]):out =====
12-06 01:30:06.302  2995  3134 D ExynosCamera3Interface: DEBUG:duration time(  898 msec):(init_func)
12-06 01:30:06.448  2989  2989 E Netd    : cannot find interface dummy0
12-06 01:30:06.448  2989  2989 D MDnsDS  : MDnsSdListener::Hander starting up
12-06 01:30:06.448  2989  3325 D MDnsDS  : MDnsSdListener starting to monitor
12-06 01:30:06.448  2989  3325 D MDnsDS  : Going to poll with pollCount 1
12-06 01:30:06.851  2999  2999 D ICU     : No timezone override file found: /data/misc/zoneinfo/current/icu/icu_tzdata.dat
12-06 01:30:06.875  2995  2995 I ServiceManager: Waiting for service media.camera.proxy...
12-06 01:30:06.914  2999  2999 I Radio-JNI: register_android_hardware_Radio DONE
12-06 01:30:06.916  2999  2999 I SamplingProfilerIntegration: Profiling disabled.
12-06 01:30:06.916  2999  2999 D Zygote  : begin preload
12-06 01:30:06.916  2999  2999 I Zygote  : Preloading classes...
12-06 01:30:06.917  2998  2998 D ICU     : No timezone override file found: /data/misc/zoneinfo/current/icu/icu_tzdata.dat
12-06 01:30:06.951  2998  2998 I Radio-JNI: register_android_hardware_Radio DONE
12-06 01:30:06.954  2998  2998 I SamplingProfilerIntegration: Profiling disabled.
12-06 01:30:06.954  2998  2998 D Zygote  : begin preload
12-06 01:30:06.954  2998  2998 I Zygote  : Preloading classes...
12-06 01:30:07.026  2999  2999 E Minikin : addFont failed to create font /system/fonts/NanumGothic.ttf
12-06 01:30:07.026  2999  2999 E Minikin : addFont failed to create font /system/fonts/DroidSansFallback.ttf
12-06 01:30:07.026  2999  2999 E Minikin : addFont failed to create font /system/fonts/MTLmr3m.ttf
12-06 01:30:07.026  2998  2998 E Minikin : addFont failed to create font /system/fonts/NanumGothic.ttf
12-06 01:30:07.026  2998  2998 E Minikin : addFont failed to create font /system/fonts/DroidSansFallback.ttf
12-06 01:30:07.026  2998  2998 E Minikin : addFont failed to create font /system/fonts/MTLmr3m.ttf
12-06 01:30:07.067  2998  2998 V DngCreator_JNI: DngCreator_nativeClassInit:
12-06 01:30:07.067  2999  2999 V DngCreator_JNI: DngCreator_nativeClassInit:
12-06 01:30:07.119  2998  2998 I art     : Thread[1,tid=2998,Native,Thread*=0x7f8e67ba00,peer=0x12c2d100,"main"] recursive attempt to load library "/system/lib64/libmedia_jni.so"
12-06 01:30:07.119  2998  2998 D MtpDeviceJNI: register_android_mtp_MtpDevice
12-06 01:30:07.120  2998  2998 I art     : Thread[1,tid=2998,Native,Thread*=0x7f8e67ba00,peer=0x12c2d100,"main"] recursive attempt to load library "/system/lib64/libmedia_jni.so"
12-06 01:30:07.120  2998  2998 I art     : Thread[1,tid=2998,Native,Thread*=0x7f8e67ba00,peer=0x12c2d100,"main"] recursive attempt to load library "/system/lib64/libmedia_jni.so"
12-06 01:30:07.121  2999  2999 I art     : Thread[1,tid=2999,Native,Thread*=0xf54f6500,peer=0x12c35100,"main"] recursive attempt to load library "/system/lib/libmedia_jni.so"
12-06 01:30:07.121  2999  2999 D MtpDeviceJNI: register_android_mtp_MtpDevice
12-06 01:30:07.121  2999  2999 I art     : Thread[1,tid=2999,Native,Thread*=0xf54f6500,peer=0x12c35100,"main"] recursive attempt to load library "/system/lib/libmedia_jni.so"
12-06 01:30:07.121  2999  2999 I art     : Thread[1,tid=2999,Native,Thread*=0xf54f6500,peer=0x12c35100,"main"] recursive attempt to load library "/system/lib/libmedia_jni.so"
12-06 01:30:07.172  2999  2999 W System  : ClassLoader referenced unknown path: /system/framework/tcmclient.jar
12-06 01:30:07.172  2998  2998 W System  : ClassLoader referenced unknown path: /system/framework/tcmclient.jar
12-06 01:30:07.221  2999  2999 I System  : Loaded time zone names for "" in 17ms (15ms in ICU)
12-06 01:30:07.222  2998  2998 I System  : Loaded time zone names for "" in 20ms (19ms in ICU)
12-06 01:30:07.234  2998  2998 I System  : Loaded time zone names for "en_US" in 12ms (10ms in ICU)
12-06 01:30:07.239  2999  2999 I System  : Loaded time zone names for "en_US" in 18ms (17ms in ICU)
12-06 01:30:07.239  2998  2998 I Zygote  : ...preloaded 3831 classes in 285ms.
12-06 01:30:07.239  2998  2998 I art     : VMRuntime.preloadDexCaches starting
12-06 01:30:07.245  2999  2999 I Zygote  : ...preloaded 3831 classes in 328ms.
12-06 01:30:07.245  2999  2999 I art     : VMRuntime.preloadDexCaches starting
12-06 01:30:07.278  2998  2998 I art     : VMRuntime.preloadDexCaches strings total=249480 before=44901 after=44901
12-06 01:30:07.278  2998  2998 I art     : VMRuntime.preloadDexCaches types total=20343 before=6892 after=6923
12-06 01:30:07.278  2998  2998 I art     : VMRuntime.preloadDexCaches fields total=100632 before=36118 after=36550
12-06 01:30:07.278  2998  2998 I art     : VMRuntime.preloadDexCaches methods total=172964 before=71279 after=71806
12-06 01:30:07.278  2998  2998 I art     : VMRuntime.preloadDexCaches finished
12-06 01:30:07.287  2999  2999 I art     : VMRuntime.preloadDexCaches strings total=249480 before=44901 after=44901
12-06 01:30:07.287  2999  2999 I art     : VMRuntime.preloadDexCaches types total=20343 before=6892 after=6923
12-06 01:30:07.287  2999  2999 I art     : VMRuntime.preloadDexCaches fields total=100632 before=36118 after=36550
12-06 01:30:07.287  2999  2999 I art     : VMRuntime.preloadDexCaches methods total=172964 before=71279 after=71806
12-06 01:30:07.287  2999  2999 I art     : VMRuntime.preloadDexCaches finished
12-06 01:30:07.296  3337  3337 D idmap   : error: no read access to /vendor/overlay: No such file or directory
12-06 01:30:07.299  3338  3338 D idmap   : error: no read access to /vendor/overlay: No such file or directory
12-06 01:30:07.319  2998  2998 I Zygote  : Preloading resources...
12-06 01:30:07.319  2999  2999 I Zygote  : Preloading resources...
12-06 01:30:07.388  3052  3063 D BootAnimation: Use save memory method, maybe small fps in actual.
12-06 01:30:07.583  2998  2998 I Zygote  : ...preloaded 342 resources in 264ms.
12-06 01:30:07.586  2998  2998 I Zygote  : ...preloaded 41 resources in 3ms.
12-06 01:30:07.593  2998  2998 D libEGL  : loaded /vendor/lib64/egl/libGLES_mali.so
12-06 01:30:07.596  2999  2999 I Zygote  : ...preloaded 342 resources in 277ms.
12-06 01:30:07.599  2999  2999 I Zygote  : ...preloaded 41 resources in 3ms.
12-06 01:30:07.599  2998  2998 I Zygote  : Preloading shared libraries...
12-06 01:30:07.608  2998  2998 D Zygote  : end preload
12-06 01:30:07.608  2998  2998 I art     : Starting a blocking GC Explicit
12-06 01:30:07.615  2998  2998 I art     : Explicit concurrent mark sweep GC freed 10998(440KB) AllocSpace objects, 0(0B) LOS objects, 38% free, 25MB/41MB, paused 65us total 6.575ms
12-06 01:30:07.621  2998  2998 I art     : Starting a blocking GC Explicit
12-06 01:30:07.627  2998  2998 I art     : Explicit concurrent mark sweep GC freed 2265(107KB) AllocSpace objects, 0(0B) LOS objects, 38% free, 25MB/41MB, paused 59us total 5.643ms
12-06 01:30:07.627  2998  3336 I art     : Starting a blocking GC HeapTrim
12-06 01:30:07.628  2998  2998 I art     : Starting a blocking GC Background
12-06 01:30:07.640  2999  2999 D libEGL  : loaded /vendor/lib/egl/libGLES_mali.so
12-06 01:30:07.650  2999  2999 I Zygote  : Preloading shared libraries...
12-06 01:30:07.653  2998  2998 I Zygote  : System server process 3341 has been created
12-06 01:30:07.654  2998  2998 I Zygote  : Accepting command socket connections
12-06 01:30:07.655  2999  2999 D Zygote  : end preload
12-06 01:30:07.655  2999  2999 I art     : Starting a blocking GC Explicit
12-06 01:30:07.661  2999  2999 I art     : Explicit concurrent mark sweep GC freed 11143(448KB) AllocSpace objects, 0(0B) LOS objects, 38% free, 25MB/41MB, paused 94us total 6.330ms
12-06 01:30:07.672  2999  2999 I art     : Starting a blocking GC Explicit
12-06 01:30:07.677  2999  2999 I art     : Explicit concurrent mark sweep GC freed 2328(110KB) AllocSpace objects, 0(0B) LOS objects, 38% free, 25MB/41MB, paused 87us total 4.789ms
12-06 01:30:07.677  2999  2999 I Zygote  : Accepting command socket connections
12-06 01:30:07.679  3341  3341 I Zygote  : Process: zygote socket opened, supported ABIS: armeabi-v7a,armeabi
12-06 01:30:07.680  3341  3341 I InstallerConnection: connecting...
12-06 01:30:07.680  2996  2996 I installd: new connection
12-06 01:30:07.691  3341  3341 I InstallerConnection: disconnecting...
12-06 01:30:07.691  2996  2996 E installd: eof
12-06 01:30:07.691  2996  2996 E installd: failed to read size
12-06 01:30:07.691  2996  2996 I installd: closing connection
12-06 01:30:07.709  3341  3341 I SystemServer: Entered the Android system server!
12-06 01:30:07.736  3341  3341 I SystemServiceManager: Starting com.android.server.pm.Installer
12-06 01:30:07.739  3341  3341 I Installer: Waiting for installd to be ready.
12-06 01:30:07.739  3341  3341 I InstallerConnection: connecting...
12-06 01:30:07.739  2996  2996 I installd: new connection
12-06 01:30:07.739  3341  3341 I SystemServiceManager: Starting com.android.server.am.ActivityManagerService$Lifecycle
12-06 01:30:07.748  3341  3341 I ActivityManager: choosing minFree values for 64 Bit
12-06 01:30:07.748  3341  3341 I ActivityManager: choosing minFree values for 64 Bit
12-06 01:30:07.748  3341  3341 I ActivityManager: choosing minFree values for 64 Bit
12-06 01:30:07.748  3341  3341 I ActivityManager: choosing minFree values for 64 Bit
12-06 01:30:07.748  3341  3341 I ActivityManager: choosing minFree values for 64 Bit
12-06 01:30:07.748  3341  3341 I ActivityManager: choosing minFree values for 64 Bit
12-06 01:30:07.754  3341  3341 I ActivityManager: Memory class: 256
12-06 01:30:07.756  3341  3355 I ServiceThread: Enabled StrictMode logging for ActivityManager looper.
12-06 01:30:07.757  3341  3356 I ServiceThread: Enabled StrictMode logging for android.ui looper.
12-06 01:30:07.763  3341  3341 D BatteryStatsImpl: Reading daily items from /data/system/batterystats-daily.xml
12-06 01:30:07.770  3341  3341 I AppOps  : No existing app ops /data/system/appops.xml; starting empty
12-06 01:30:07.799  3341  3341 I IntentFirewall: Read new rules (A:0 B:0 S:0)
12-06 01:30:07.802  3341  3360 I ServiceThread: Enabled StrictMode logging for android.display looper.
12-06 01:30:07.805  3341  3341 D AppOps  : AppOpsService published
12-06 01:30:07.805  3341  3341 I SystemServiceManager: Starting com.android.server.power.PowerManagerService
12-06 01:30:07.807  3341  3362 I ServiceThread: Enabled StrictMode logging for PowerManagerService looper.
12-06 01:30:07.811  3341  3341 W libsuspend: Error writing 'on' to /sys/power/state: Invalid argument
12-06 01:30:07.811  3341  3341 I libsuspend: Selected wakeup count
12-06 01:30:07.812  3341  3341 I SystemServiceManager: Starting com.android.server.lights.LightsService
12-06 01:30:07.813  3341  3341 I SystemServiceManager: Starting com.android.server.display.DisplayManagerService
12-06 01:30:07.817  3341  3341 I SystemServiceManager: Starting phase 100
12-06 01:30:07.818  2933  3012 E SurfaceFlinger: getDefaultDisplay: id=2 is not a valid default display id
12-06 01:30:07.819  3341  3360 I DisplayManagerService: Display device added: DisplayDeviceInfo{"Built-in Screen": uniqueId="local:0", 1440 x 2560, modeId 1, defaultModeId 1, supportedModes [{id=1, width=1440, height=2560, fps=59.0}], colorTransformId 1, defaultColorTransformId 1, supportedColorTransforms [{id=1, colorTransform=-22}], density 640, 537.882 x 532.983 dpi, appVsyncOff 0, presDeadline 17949152, touch INTERNAL, rotation 0, type BUILT_IN, state UNKNOWN, FLAG_DEFAULT_DISPLAY, FLAG_ROTATES_WITH_CONTENT, FLAG_SECURE, FLAG_SUPPORTS_PROTECTED_BUFFERS}
12-06 01:30:07.819  2933  2933 D SurfaceFlinger: Set power mode=2, type=0 flinger=0x7f9cbc3c00
12-06 01:30:07.819  2933  2933 D SurfaceFlinger: Screen type=0 is already mode=2
12-06 01:30:07.834  3341  3341 I SystemServer: Package Manager
12-06 01:30:07.834  3341  3360 I DisplayManagerService: Display device changed state: "Built-in Screen", ON
12-06 01:30:07.841  3341  3341 W SELinuxMMAC: Error opening /data/system/seapp_hash. Assuming first boot.
12-06 01:30:07.843  3341  3341 W FileUtils: Failed to chmod(/data/system/packages.list): android.system.ErrnoException: chmod failed: ENOENT (No such file or directory)
12-06 01:30:07.875  2995  2995 I ServiceManager: Waiting for service media.camera.proxy...
12-06 01:30:07.878  3341  3341 D SELinuxMMAC: Using policy file /system/etc/security/mac_permissions.xml
12-06 01:30:07.880  3341  3341 I PackageManager: No settings file; creating initial state
12-06 01:30:07.886  3341  3341 E art     : DexFile_getDexOptNeeded file '/system/framework/org.apache.http.legacy.jar' does not exist
12-06 01:30:07.886  3341  3341 W PackageManager: Library not found: /system/framework/org.apache.http.legacy.jar
12-06 01:30:07.886  3341  3341 E art     : DexFile_getDexOptNeeded file '/system/framework/com.android.nfc_extras.jar' does not exist
12-06 01:30:07.886  3341  3341 W PackageManager: Library not found: /system/framework/com.android.nfc_extras.jar
12-06 01:30:07.892  3341  3341 E art     : DexFile_getDexOptNeeded file '/system/framework/org.apache.http.legacy.jar' does not exist
12-06 01:30:07.892  3341  3341 W PackageManager: Library not found: /system/framework/org.apache.http.legacy.jar
12-06 01:30:07.892  3341  3341 E art     : DexFile_getDexOptNeeded file '/system/framework/com.android.nfc_extras.jar' does not exist
12-06 01:30:07.892  3341  3341 W PackageManager: Library not found: /system/framework/com.android.nfc_extras.jar
12-06 01:30:07.930  3341  3341 D PackageManager: No files in app dir /vendor/overlay
12-06 01:30:07.930  3341  3341 D PackageManager: start scanDirLI:/system/framework
12-06 01:30:07.931  3341  3341 D PackageManager: max thread:6
12-06 01:30:07.933  3341  3367 W PackageManager: Failed to parse /system/framework/arm: Missing base APK in /system/framework/arm
12-06 01:30:07.933  3341  3368 W PackageManager: Failed to parse /system/framework/arm64: Missing base APK in /system/framework/arm64
12-06 01:30:07.934  3341  3370 W PackageManager: Failed to parse /system/framework/oat: Missing base APK in /system/framework/oat
12-06 01:30:07.937  3341  3371 I PackageManager: /system/framework/org.cyanogenmod.platform-res.apk changed; collecting certs
12-06 01:30:07.944  3341  3369 I PackageManager: /system/framework/framework-res.apk changed; collecting certs
12-06 01:30:07.952  3341  3371 W PackageManager: Permission cyanogenmod.permission.WRITE_ALARMS from package cyanogenmod.platform in an unknown group android.permission-group.SYSTEM_CLOCK
12-06 01:30:07.952  3341  3371 W PackageManager: Permission cyanogenmod.permission.MANAGE_ALARMS from package cyanogenmod.platform in an unknown group android.permission-group.SYSTEM_CLOCK
12-06 01:30:07.952  3341  3371 W PackageManager: Permission cyanogenmod.permission.READ_ALARMS from package cyanogenmod.platform in an unknown group android.permission-group.SYSTEM_CLOCK
12-06 01:30:08.140  3341  3369 W PackageManager: Permission android.permission.SET_KEYGUARD_WALLPAPER from package android in an unknown group android.permission-group.WALLPAPER
12-06 01:30:08.140  3341  3369 W PackageManager: Permission android.permission.MODIFY_PROTECTED_SMS_LIST from package android in an unknown group android.permission-group.MESSAGES
12-06 01:30:08.140  3341  3369 W PackageManager: Permission android.permission.RECEIVE_PROTECTED_SMS from package android in an unknown group android.permission-group.MESSAGES
12-06 01:30:08.140  3341  3369 W PackageManager: Permission android.permission.RESET_BATTERY_STATS from package android in an unknown group android.permission-group.SYSTEM_TOOLS
12-06 01:30:08.140  3341  3341 D PackageManager: end scanDirLI:/system/framework
12-06 01:30:08.144  3341  3341 D PackageManager: start scanDirLI:/system/priv-app
12-06 01:30:08.144  3341  3341 D PackageManager: max thread:6
12-06 01:30:08.150  3341  3367 I PackageManager: /system/priv-app/BackupRestoreConfirmation changed; collecting certs
12-06 01:30:08.151  3341  3370 I PackageManager: /system/priv-app/CMSettingsProvider changed; collecting certs
12-06 01:30:08.151  3341  3368 I PackageManager: /system/priv-app/CMAudioService changed; collecting certs
12-06 01:30:08.152  3341  3369 I PackageManager: /system/priv-app/CalendarProvider changed; collecting certs
12-06 01:30:08.153  3341  3372 I PackageManager: /system/priv-app/AudioFX changed; collecting certs
12-06 01:30:08.155  3341  3371 I PackageManager: /system/priv-app/CMUpdater changed; collecting certs
12-06 01:30:08.157  3341  3369 I PackageManager: New shared user android.uid.calendar: id=10001
12-06 01:30:08.165  3341  3367 I PackageManager: /system/priv-app/CallLogBackup changed; collecting certs
12-06 01:30:08.169  3341  3367 I PackageManager: New shared user android.uid.shared: id=10004
12-06 01:30:08.170  3341  3370 I PackageManager: /system/priv-app/CarrierConfig changed; collecting certs
12-06 01:30:08.177  3341  3369 I PackageManager: /system/priv-app/CellBroadcastReceiver changed; collecting certs
12-06 01:30:08.184  3341  3372 I PackageManager: /system/priv-app/ContactsProvider changed; collecting certs
12-06 01:30:08.185  3341  3371 I PackageManager: /system/priv-app/DataUsageProvider changed; collecting certs
12-06 01:30:08.186  3341  3368 W PackageParser: No actions in intent filter at /system/priv-app/Contacts/Contacts.apk Binary XML file line #301
12-06 01:30:08.188  3341  3368 I PackageManager: /system/priv-app/Contacts changed; collecting certs
12-06 01:30:08.194  3341  3367 I PackageManager: /system/priv-app/CyanogenSetupWizard changed; collecting certs
12-06 01:30:08.206  3341  3369 I PackageManager: /system/priv-app/DefaultContainerService changed; collecting certs
12-06 01:30:08.215  3341  3370 I PackageManager: /system/priv-app/DownloadProvider changed; collecting certs
12-06 01:30:08.217  3341  3372 I PackageManager: /system/priv-app/ExternalStorageProvider changed; collecting certs
12-06 01:30:08.223  3341  3370 I PackageManager: New shared user android.media: id=10010
12-06 01:30:08.224  3341  3369 I PackageManager: /system/priv-app/FusedLocation changed; collecting certs
12-06 01:30:08.227  3341  3371 W PackageParser: No actions in intent filter at /system/priv-app/Dialer/Dialer.apk Binary XML file line #152
12-06 01:30:08.230  3341  3371 I PackageManager: /system/priv-app/Dialer changed; collecting certs
12-06 01:30:08.239  3341  3370 W PackageManager: Permission android.permission.DOWNLOAD_WITHOUT_NOTIFICATION from package com.android.providers.downloads in an unknown group android.permission-group.NETWORK
12-06 01:30:08.245  3341  3372 I PackageManager: /system/priv-app/InputDevices changed; collecting certs
12-06 01:30:08.250  3341  3370 I PackageManager: /system/priv-app/LiveLockScreenService changed; collecting certs
12-06 01:30:08.254  3341  3369 I PackageManager: /system/priv-app/ManagedProvisioning changed; collecting certs
12-06 01:30:08.272  3341  3372 I PackageManager: /system/priv-app/MediaProvider changed; collecting certs
12-06 01:30:08.273  3341  3370 I PackageManager: /system/priv-app/MmsService changed; collecting certs
12-06 01:30:08.278  3341  3369 I PackageManager: /system/priv-app/OneTimeInitializer changed; collecting certs
12-06 01:30:08.290  3341  3370 I PackageManager: /system/priv-app/ProxyHandler changed; collecting certs
12-06 01:30:08.291  3341  3369 I PackageManager: /system/priv-app/Screencast changed; collecting certs
12-06 01:30:08.294  3341  3372 I PackageManager: /system/priv-app/PackageInstaller changed; collecting certs
12-06 01:30:08.305  3341  3370 I PackageManager: /system/priv-app/SettingsProvider changed; collecting certs
12-06 01:30:08.321  3341  3370 I PackageManager: /system/priv-app/SharedStorageBackup changed; collecting certs
12-06 01:30:08.343  3341  3370 I PackageManager: /system/priv-app/Shell changed; collecting certs
12-06 01:30:08.380  3341  3367 I PackageManager: /system/priv-app/StatementService changed; collecting certs
12-06 01:30:08.390  3341  3372 I PackageManager: /system/priv-app/Snap changed; collecting certs
12-06 01:30:08.392  3341  3369 I PackageManager: /system/priv-app/Settings changed; collecting certs
12-06 01:30:08.404  3341  3370 I PackageManager: /system/priv-app/SystemUI changed; collecting certs
12-06 01:30:08.408  3341  3368 W PackageParser: Ignoring duplicate uses-permissions/uses-permissions-sdk-m: android.permission.ACCESS_WIFI_STATE in package: com.android.phone at: Binary XML file line #134
12-06 01:30:08.408  3341  3367 I PackageManager: /system/priv-app/Telecom changed; collecting certs
12-06 01:30:08.415  3341  3368 I PackageManager: /system/priv-app/TeleService changed; collecting certs
12-06 01:30:08.428  3341  3367 I PackageManager: /system/priv-app/TelephonyProvider changed; collecting certs
12-06 01:30:08.447  3341  3367 I PackageManager: /system/priv-app/ThemeChooser changed; collecting certs
12-06 01:30:08.454  3341  3368 I PackageManager: /system/priv-app/ThemeManagerService changed; collecting certs
12-06 01:30:08.470  3341  3368 I PackageManager: /system/priv-app/ThemesProvider changed; collecting certs
12-06 01:30:08.481  3341  3368 I PackageManager: New shared user org.cyanogenmod.themes: id=10023
12-06 01:30:08.493  3341  3370 I PackageManager: New shared user android.uid.systemui: id=10024
12-06 01:30:08.497  3341  3372 I PackageManager: /system/priv-app/WallpaperCropper changed; collecting certs
12-06 01:30:08.497  3341  3371 I PackageManager: /system/priv-app/VpnDialogs changed; collecting certs
12-06 01:30:08.500  3341  3367 I PackageManager: /system/priv-app/Trebuchet changed; collecting certs
12-06 01:30:08.507  3341  3368 I PackageManager: /system/priv-app/WeatherManagerService changed; collecting certs
12-06 01:30:08.509  3341  3370 I PackageManager: /system/priv-app/WeatherProvider changed; collecting certs
12-06 01:30:08.528  3341  3367 W PackageManager: Permission com.android.launcher.permission.INSTALL_SHORTCUT from package com.cyanogenmod.trebuchet in an unknown group android.permission-group.SYSTEM_TOOLS
12-06 01:30:08.528  3341  3367 W PackageManager: Permission com.android.launcher3.permission.READ_SETTINGS from package com.cyanogenmod.trebuchet in an unknown group android.permission-group.SYSTEM_TOOLS
12-06 01:30:08.528  3341  3367 W PackageManager: Permission com.android.launcher3.permission.WRITE_SETTINGS from package com.cyanogenmod.trebuchet in an unknown group android.permission-group.SYSTEM_TOOLS
12-06 01:30:08.614  3341  3341 D PackageManager: end scanDirLI:/system/priv-app
12-06 01:30:08.615  3341  3341 D PackageManager: start scanDirLI:/system/app
12-06 01:30:08.615  3341  3341 D PackageManager: max thread:6
12-06 01:30:08.620  3341  3372 I PackageManager: /system/app/BasicDreams changed; collecting certs
12-06 01:30:08.621  3341  3368 I PackageManager: /system/app/BluetoothMidiService changed; collecting certs
