12-14 00:27:30.361  3412  3439 I PackageManager: /system/priv-app/ThemeChooser changed; collecting certs
12-14 00:27:30.394  3412  3441 I PackageManager: New shared user android.uid.systemui: id=10020
12-14 00:27:30.395  3412  3440 I PackageManager: /system/priv-app/ThemeManagerService changed; collecting certs
12-14 00:27:30.403  3412  3438 I PackageManager: /system/priv-app/ThemesProvider changed; collecting certs
12-14 00:27:30.407  3412  3438 I PackageManager: New shared user org.cyanogenmod.themes: id=10023
12-14 00:27:30.414  3412  3441 I PackageManager: /system/priv-app/VpnDialogs changed; collecting certs
12-14 00:27:30.415  3412  3439 I PackageManager: /system/priv-app/WallpaperCropper changed; collecting certs
12-14 00:27:30.416  3412  3440 I PackageManager: /system/priv-app/Trebuchet changed; collecting certs
12-14 00:27:30.419  3412  3438 I PackageManager: /system/priv-app/WeatherManagerService changed; collecting certs
12-14 00:27:30.424  3412  3442 I PackageManager: /system/priv-app/WeatherProvider changed; collecting certs
12-14 00:27:30.443  3412  3440 W PackageManager: Permission com.android.launcher.permission.INSTALL_SHORTCUT from package com.cyanogenmod.trebuchet in an unknown group android.permission-group.SYSTEM_TOOLS
12-14 00:27:30.443  3412  3440 W PackageManager: Permission com.android.launcher3.permission.READ_SETTINGS from package com.cyanogenmod.trebuchet in an unknown group android.permission-group.SYSTEM_TOOLS
12-14 00:27:30.443  3412  3440 W PackageManager: Permission com.android.launcher3.permission.WRITE_SETTINGS from package com.cyanogenmod.trebuchet in an unknown group android.permission-group.SYSTEM_TOOLS
12-14 00:27:30.511  3018  3018 I ServiceManager: Waiting for service media.camera.proxy...
12-14 00:27:30.522  3412  3412 D PackageManager: end scanDirLI:/system/priv-app
12-14 00:27:30.523  3412  3412 D PackageManager: start scanDirLI:/system/app
12-14 00:27:30.523  3412  3412 D PackageManager: max thread:6
12-14 00:27:30.528  3412  3439 I PackageManager: /system/app/BasicDreams changed; collecting certs
12-14 00:27:30.528  3412  3438 I PackageManager: /system/app/BluetoothMidiService changed; collecting certs
12-14 00:27:30.528  3412  3443 I PackageManager: /system/app/CMWallpapers changed; collecting certs
12-14 00:27:30.536  3412  3440 W PackageParser: No actions in intent filter at /system/app/CMFileManager/CMFileManager.apk Binary XML file line #164
12-14 00:27:30.537  3412  3442 I PackageManager: /system/app/Browser changed; collecting certs
12-14 00:27:30.537  3412  3440 I PackageManager: /system/app/CMFileManager changed; collecting certs
12-14 00:27:30.538  3412  3441 W PackageParser: No actions in intent filter at /system/app/Bluetooth/Bluetooth.apk Binary XML file line #235
12-14 00:27:30.540  3412  3441 I PackageManager: /system/app/Bluetooth changed; collecting certs
12-14 00:27:30.545  3412  3439 I PackageManager: /system/app/CaptivePortalLogin changed; collecting certs
12-14 00:27:30.547  3412  3438 I PackageManager: /system/app/Calendar changed; collecting certs
12-14 00:27:30.563  3412  3441 I PackageManager: /system/app/CertInstaller changed; collecting certs
12-14 00:27:30.587  3412  3439 I PackageManager: /system/app/DeskClock changed; collecting certs
12-14 00:27:30.595  3412  3443 I PackageManager: /system/app/Development changed; collecting certs
12-14 00:27:30.613  3412  3442 I PackageManager: /system/app/DocumentsUI changed; collecting certs
12-14 00:27:30.614  3412  3440 I PackageManager: /system/app/DownloadProviderUi changed; collecting certs
12-14 00:27:30.618  3412  3441 I PackageManager: /system/app/Eleven changed; collecting certs
12-14 00:27:30.628  3412  3443 I PackageManager: /system/app/ExactCalculator changed; collecting certs
12-14 00:27:30.637  3412  3438 I PackageManager: /system/app/Email changed; collecting certs
12-14 00:27:30.638  3412  3440 I PackageManager: /system/app/Exchange2 changed; collecting certs
12-14 00:27:30.640  3412  3439 I PackageManager: /system/app/Galaxy4 changed; collecting certs
12-14 00:27:30.647  3412  3442 I PackageManager: /system/app/HTMLViewer changed; collecting certs
12-14 00:27:30.657  3412  3441 W PackageParser: Unknown element under <application>: permission at /system/app/Gallery2/Gallery2.apk Binary XML file line #279
12-14 00:27:30.657  3412  3441 W PackageParser: Unknown element under <application>: permission at /system/app/Gallery2/Gallery2.apk Binary XML file line #282
12-14 00:27:30.659  3412  3441 I PackageManager: /system/app/Gallery2 changed; collecting certs
12-14 00:27:30.660  3412  3440 I PackageManager: /system/app/HoloSpiralWallpaper changed; collecting certs
12-14 00:27:30.661  3412  3443 I PackageManager: /system/app/HexoLibre changed; collecting certs
12-14 00:27:30.667  3412  3439 I PackageManager: /system/app/KeyChain changed; collecting certs
12-14 00:27:30.674  3412  3440 I PackageManager: /system/app/LiveWallpapers changed; collecting certs
12-14 00:27:30.681  3412  3439 I PackageManager: /system/app/LiveWallpapersPicker changed; collecting certs
12-14 00:27:30.684  3412  3442 I PackageManager: /system/app/LatinIME changed; collecting certs
12-14 00:27:30.699  3412  3439 I PackageManager: /system/app/NoiseField changed; collecting certs
12-14 00:27:30.701  3412  3440 I PackageManager: /system/app/LockClock changed; collecting certs
12-14 00:27:30.717  3412  3439 I PackageManager: /system/app/PacProcessor changed; collecting certs
12-14 00:27:30.722  3412  3438 I PackageManager: /system/app/PhaseBeam changed; collecting certs
12-14 00:27:30.734  3412  3439 I PackageManager: /system/app/PhotoPhase changed; collecting certs
12-14 00:27:30.738  3412  3438 I PackageManager: /system/app/PhotoTable changed; collecting certs
12-14 00:27:30.742  3412  3441 I PackageManager: /system/app/PicoTts changed; collecting certs
12-14 00:27:30.754  3412  3441 I PackageManager: /system/app/Profiles changed; collecting certs
12-14 00:27:30.756  3412  3438 I PackageManager: /system/app/PrintSpooler changed; collecting certs
12-14 00:27:30.757  3412  3439 I PackageManager: /system/app/Provision changed; collecting certs
12-14 00:27:30.768  3412  3441 I PackageManager: /system/app/RootPA changed; collecting certs
12-14 00:27:30.778  3412  3439 I PackageManager: /system/app/SamsungServiceMode changed; collecting certs
12-14 00:27:30.783  3412  3440 I PackageManager: /system/app/SoundRecorder changed; collecting certs
12-14 00:27:30.786  3412  3438 I PackageManager: /system/app/Stk changed; collecting certs
12-14 00:27:30.796  3412  3441 I PackageManager: /system/app/Terminal changed; collecting certs
12-14 00:27:30.813  3412  3439 I PackageManager: /system/app/UserDictionaryProvider changed; collecting certs
12-14 00:27:30.818  3412  3440 I PackageManager: /system/app/WAPPushManager changed; collecting certs
12-14 00:27:30.821  3412  3443 W PackageManager: Failed to parse /system/app/mcRegistry: Missing base APK in /system/app/mcRegistry
12-14 00:27:30.824  3412  3438 I PackageManager: /system/app/WallpaperPicker changed; collecting certs
12-14 00:27:30.828  3412  3441 I PackageManager: /system/app/telresources changed; collecting certs
12-14 00:27:30.834  3412  3439 I PackageManager: /system/app/webview changed; collecting certs
12-14 00:27:30.841  3412  3443 I PackageManager: /system/app/messaging changed; collecting certs
12-14 00:27:30.991  3412  3412 D PackageManager: end scanDirLI:/system/app
12-14 00:27:30.991  3412  3412 D PackageManager: No files in app dir /system/vendor/app
12-14 00:27:30.991  3412  3412 D PackageManager: No files in app dir /oem/app
12-14 00:27:30.992  3412  3412 D PackageManager: No files in app dir /vendor/bundled-app
12-14 00:27:30.992  3412  3412 D PackageManager: start scanDirLI:/data/app
12-14 00:27:30.992  3412  3412 D PackageManager: max thread:6
12-14 00:27:30.992  3412  3440 W PackageManager: Failed to parse /data/app/mcRegistry: Missing base APK in /data/app/mcRegistry
12-14 00:27:30.992  3412  3412 D PackageManager: end scanDirLI:/data/app
12-14 00:27:30.992  3412  3412 D PackageManager: No files in app dir /data/app-private
12-14 00:27:30.992  3412  3412 W PackageManager: Package com.android.dialer desires unavailable shared library com.qualcomm.qti.smartsearch; ignoring!
12-14 00:27:30.992  3412  3412 W PackageManager: Package com.android.gallery3d desires unavailable shared library com.google.android.media.effects; ignoring!
12-14 00:27:30.992  3412  3412 W PackageManager: Package com.android.gallery3d desires unavailable shared library com.google.android.media.effects; ignoring!
12-14 00:27:30.993  3412  3412 I PackageManager: Adjusting ABI for : com.android.inputdevices to arm64-v8a
12-14 00:27:30.993  3412  3412 I PackageManager: Adjusting ABI for : com.android.settings to arm64-v8a
12-14 00:27:30.993  3412  3412 I PackageManager: Adjusting ABI for : org.cyanogenmod.providers.datausage to arm64-v8a
12-14 00:27:30.993  3412  3412 I PackageManager: Adjusting ABI for : com.android.development to arm64-v8a
12-14 00:27:30.993  3412  3412 I PackageManager: Adjusting ABI for : com.android.providers.settings to arm64-v8a
12-14 00:27:30.993  3412  3412 I PackageManager: Adjusting ABI for : com.android.keychain to arm64-v8a
12-14 00:27:30.993  3412  3412 I PackageManager: Adjusting ABI for : com.android.server.telecom to arm64-v8a
12-14 00:27:30.993  3412  3412 I PackageManager: Adjusting ABI for : com.android.location.fused to arm64-v8a
12-14 00:27:30.993  3412  3412 I PackageManager: Adjusting ABI for : org.cyanogenmod.cmsettings to arm64-v8a
12-14 00:27:30.994  3412  3412 I PackageManager: Adjusting ABI for : com.cyanogenmod.setupwizard to arm64-v8a
12-14 00:27:30.994  3412  3412 I PackageManager: Adjusting ABI for : cyanogenmod.platform to arm64-v8a
12-14 00:27:30.994  3019  3019 E installd: invalid apk path '/system/framework/org.cyanogenmod.platform-res.apk' (bad prefix)
12-14 00:27:30.994  3412  3412 I PackageManager: Time to scan packages: 1.206 seconds
12-14 00:27:30.995  3412  3412 W PackageManager: Not granting permission android.permission.INTERACT_ACROSS_USERS_FULL to package org.cyanogenmod.snap (protectionLevel=258 flags=0x3858bc45)
12-14 00:27:30.995  3412  3412 W PackageManager: Not granting permission android.permission.SET_ORIENTATION to package org.cyanogenmod.snap (protectionLevel=2 flags=0x3858bc45)
12-14 00:27:30.995  3412  3412 W PackageManager: Unknown permission com.google.android.googleapps.permission.GOOGLE_AUTH in package com.android.providers.calendar
12-14 00:27:30.995  3412  3412 W PackageManager: Unknown permission com.google.android.googleapps.permission.GOOGLE_AUTH.cl in package com.android.providers.calendar
12-14 00:27:30.995  3412  3412 W PackageManager: Not granting permission android.permission.REAL_GET_TASKS to package org.cyanogenmod.wallpapers.photophase (protectionLevel=18 flags=0x3818be45)
12-14 00:27:30.995  3412  3412 W PackageManager: Unknown permission android.permission.CANCEL_NOTIFICATIONS in package org.cyanogenmod.theme.chooser2
12-14 00:27:30.995  3412  3412 W PackageManager: Unknown permission com.cyanogen.ambient.permission.BIND_CALLER_INFO in package com.android.messaging
12-14 00:27:30.995  3412  3412 W PackageManager: Unknown permission com.cyanogen.ambient.permission.BIND_RIDEINPROGRESS_SERVICE in package com.android.messaging
12-14 00:27:30.995  3412  3412 W PackageManager: Unknown permission com.cyanogen.ambient.permission.BIND_RIDESHARING_SERVICE in package com.android.messaging
12-14 00:27:30.995  3412  3412 W PackageManager: Not granting permission android.permission.ACCESS_DOWNLOAD_MANAGER to package com.android.browser (protectionLevel=18 flags=0x3849be45)
12-14 00:27:30.995  3412  3412 W PackageManager: Not granting permission android.permission.SEND_DOWNLOAD_COMPLETED_INTENTS to package com.android.browser (protectionLevel=2 flags=0x3849be45)
12-14 00:27:30.996  3412  3412 W PackageManager: Unknown permission com.cyngn.stats.SEND_ANALYTICS in package com.cyanogenmod.setupwizard
12-14 00:27:30.996  3412  3412 W PackageManager: Unknown permission com.cyanogen.permission.REQUEST_KILL_SWITCH_OP in package com.cyanogenmod.setupwizard
12-14 00:27:30.996  3412  3412 W PackageManager: Unknown permission com.cyanogen.ambient.permission.BIND_INCALL_SERVICE in package com.android.contacts
12-14 00:27:30.996  3412  3412 W PackageManager: Unknown permission com.cyanogen.ambient.permission.PLUGIN_STATUS_CHANGED in package com.android.contacts
12-14 00:27:30.996  3412  3412 W PackageManager: Unknown permission com.cyanogen.ambient.permission.BIND_CALLER_INFO in package com.android.contacts
12-14 00:27:30.996  3412  3412 W PackageManager: Unknown permission com.google.android.googleapps.permission.GOOGLE_AUTH.mail in package com.android.calendar
12-14 00:27:30.996  3412  3412 W PackageManager: Unknown permission com.android.launcher.permission.READ_SETTINGS in package com.android.onetimeinitializer
12-14 00:27:30.996  3412  3412 W PackageManager: Unknown permission com.android.launcher.permission.WRITE_SETTINGS in package com.android.onetimeinitializer
12-14 00:27:30.997  3412  3412 W PackageManager: Unknown permission com.cyanogen.ambient.permission.BIND_INCALL_SERVICE in package com.android.dialer
12-14 00:27:30.997  3412  3412 W PackageManager: Unknown permission com.cyanogen.ambient.permission.PLUGIN_STATUS_CHANGED in package com.android.dialer
12-14 00:27:30.997  3412  3412 W PackageManager: Unknown permission com.cyanogen.ambient.permission.PUBLISH_DISCOVERY_NUDGE in package com.android.dialer
12-14 00:27:30.997  3412  3412 W PackageManager: Unknown permission com.cyanogen.ambient.permission.BIND_DEEPLINK_SERVICE in package com.android.dialer
12-14 00:27:30.997  3412  3412 W PackageManager: Unknown permission com.cyanogen.ambient.permission.READ_DEEPLINK_DATABASE in package com.android.dialer
12-14 00:27:30.997  3412  3412 W PackageManager: Unknown permission com.cyanogen.ambient.permission.BIND_CALLER_INFO in package com.android.dialer
12-14 00:27:30.997  3412  3412 W PackageManager: Unknown permission com.android.launcher.permission.READ_SETTINGS in package com.cyanogenmod.trebuchet
12-14 00:27:30.997  3412  3412 W PackageManager: Unknown permission com.android.launcher.permission.WRITE_SETTINGS in package com.cyanogenmod.trebuchet
12-14 00:27:30.997  3412  3412 W PackageManager: Unknown permission com.cyngn.stats.SEND_ANALYTICS in package com.cyanogenmod.trebuchet
12-14 00:27:30.997  3412  3412 W PackageManager: Unknown permission com.google.android.permission.INSTALL_WEARABLE_PACKAGES in package com.android.packageinstaller
12-14 00:27:30.997  3412  3412 W PackageManager: Not granting permission android.permission.DELETE_PACKAGES to package com.svox.pico (protectionLevel=18 flags=0x3808be45)
12-14 00:27:30.997  3412  3412 W PackageManager: Unknown permission android.permission.ACCESS_SUPERUSER in package com.cyanogenmod.filemanager
12-14 00:27:30.997  3412  3412 W PackageManager: Unknown permission com.cyanogenmod.filemanager.permissions.READ_THEME in package com.cyanogenmod.filemanager
12-14 00:27:30.997  3412  3412 W PackageManager: Unknown permission com.google.android.gallery3d.permission.PICASA_STORE in package com.android.dreams.phototable
12-14 00:27:30.998  3412  3412 W PackageManager: Unknown permission com.google.android.googleapps.permission.GOOGLE_AUTH in package com.android.settings
12-14 00:27:30.998  3412  3412 W PackageManager: Unknown permission com.android.launcher.permission.READ_SETTINGS in package com.android.settings
12-14 00:27:30.998  3412  3412 W PackageManager: Unknown permission com.android.launcher.permission.WRITE_SETTINGS in package com.android.settings
12-14 00:27:30.998  3412  3412 W PackageManager: Not granting permission android.permission.REAL_GET_TASKS to package com.cyanogenmod.eleven (protectionLevel=18 flags=0x3818be65)
12-14 00:27:31.000  3412  3412 W PackageManager: Unknown permission com.google.android.gallery3d.permission.GALLERY_PROVIDER in package com.android.bluetooth
12-14 00:27:31.000  3412  3412 W PackageManager: Unknown permission com.google.android.googleapps.permission.ACCESS_GOOGLE_PASSWORD in package com.android.development
12-14 00:27:31.000  3412  3412 W PackageManager: Unknown permission com.google.android.googleapps.permission.GOOGLE_AUTH in package com.android.development
12-14 00:27:31.000  3412  3412 W PackageManager: Unknown permission com.google.android.googleapps.permission.GOOGLE_AUTH.ALL_SERVICES in package com.android.development
12-14 00:27:31.000  3412  3412 W PackageManager: Unknown permission com.google.android.googleapps.permission.GOOGLE_AUTH.YouTubeUser in package com.android.development
12-14 00:27:31.001  3412  3412 V PackageManager: Disabling com.google.android.gsf/com.google.android.gsf.update.SystemUpdateActivity
12-14 00:27:31.001  3412  3412 W PackageManager: Unable to disable com.google.android.gsf/com.google.android.gsf.update.SystemUpdateActivity
12-14 00:27:31.001  3412  3412 V PackageManager: Disabling com.google.android.gsf/com.google.android.gsf.update.SystemUpdateService$Receiver
12-14 00:27:31.001  3412  3412 W PackageManager: Unable to disable com.google.android.gsf/com.google.android.gsf.update.SystemUpdateService$Receiver
12-14 00:27:31.001  3412  3412 V PackageManager: Disabling com.google.android.gsf/com.google.android.gsf.update.SystemUpdateService$SecretCodeReceiver
12-14 00:27:31.001  3412  3412 W PackageManager: Unable to disable com.google.android.gsf/com.google.android.gsf.update.SystemUpdateService$SecretCodeReceiver
12-14 00:27:31.001  3412  3412 V PackageManager: Disabling com.google.android.gms/com.google.android.gms.update.SystemUpdateActivity
12-14 00:27:31.001  3412  3412 W PackageManager: Unable to disable com.google.android.gms/com.google.android.gms.update.SystemUpdateActivity
12-14 00:27:31.001  3412  3412 V PackageManager: Disabling com.google.android.gms/com.google.android.gms.update.SystemUpdateService$Receiver
12-14 00:27:31.001  3412  3412 W PackageManager: Unable to disable com.google.android.gms/com.google.android.gms.update.SystemUpdateService$Receiver
12-14 00:27:31.001  3412  3412 V PackageManager: Disabling com.google.android.gms/com.google.android.gms.update.SystemUpdateService$ActiveReceiver
12-14 00:27:31.001  3412  3412 W PackageManager: Unable to disable com.google.android.gms/com.google.android.gms.update.SystemUpdateService$ActiveReceiver
12-14 00:27:31.001  3412  3412 V PackageManager: Disabling com.google.android.gms/com.google.android.gms.update.SystemUpdateService$SecretCodeReceiver
12-14 00:27:31.001  3412  3412 W PackageManager: Unable to disable com.google.android.gms/com.google.android.gms.update.SystemUpdateService$SecretCodeReceiver
12-14 00:27:31.001  3412  3412 V PackageManager: Enabling com.google.android.gsf/com.google.android.gsf.update.SystemUpdateService
12-14 00:27:31.001  3412  3412 W PackageManager: Unable to enable com.google.android.gsf/com.google.android.gsf.update.SystemUpdateService
12-14 00:27:31.001  3412  3412 V PackageManager: Enabling com.google.android.gms/com.google.android.gms.update.SystemUpdateService
12-14 00:27:31.001  3412  3412 W PackageManager: Unable to enable com.google.android.gms/com.google.android.gms.update.SystemUpdateService
12-14 00:27:31.040  3412  3412 I art     : Starting a blocking GC Explicit
12-14 00:27:31.064  3412  3412 I art     : Explicit concurrent mark sweep GC freed 221373(12MB) AllocSpace objects, 34(3MB) LOS objects, 33% free, 27MB/41MB, paused 185us total 24.017ms
12-14 00:27:31.064  3412  3412 I SystemServer: User Service
12-14 00:27:31.071  2938  2938 I lowmemorykiller: ActivityManager connected
12-14 00:27:31.072  3412  3445 I         : System server: starting sensor init.
12-14 00:27:31.072  3412  3445 D SensorService: nuSensorService starting...
12-14 00:27:31.072  3412  3412 I SystemServiceManager: Starting com.android.server.BatteryService
12-14 00:27:31.074  3412  3445 I Sensors : getName:gyro_sensor name = K6DS3TR.
12-14 00:27:31.075  3412  3445 I Sensors : Proximity old sensor_state 0, new sensor_state : 128 en : 1
12-14 00:27:31.076  3412  3412 I SystemServiceManager: Starting com.android.server.usage.UsageStatsService
12-14 00:27:31.084  3412  3412 I UsageStatsDatabase: Upgrading from version 0 to 3
12-14 00:27:31.084  3412  3412 I UsageStatsDatabase: Deleting all usage stats files
12-14 00:27:31.085  3412  3412 I UsageStatsService: User[0] Rollover scheduled @ 2016-12-15 00:00:00(1481760000000)
12-14 00:27:31.088  3412  3412 I UsageStatsService: User[0] Flushing usage stats to disk
12-14 00:27:31.090  3412  3445 I Sensors : Light old sensor_state 128, new sensor_state : 640 en : 1
12-14 00:27:31.096  3412  3445 I Sensors : Light_IR old sensor_state 640, new sensor_state : 16777856 en : 1
12-14 00:27:31.096  3412  3445 E Sensors : Light_IR_Sensor write failed. ret = -1, sensor_state = 16777856
12-14 00:27:31.096  3412  3445 I Sensors : SigMotionSensor old sensor_state 640, new sensor_state : 17024 en : 1
12-14 00:27:31.100  3412  3412 I SystemServiceManager: Starting com.android.server.webkit.WebViewUpdateService
12-14 00:27:31.102  3412  3445 I Sensors : getName:gyro_sensor name = K6DS3TR.
12-14 00:27:31.102  3412  3412 I SystemServer: Reading configuration...
12-14 00:27:31.102  3412  3412 I SystemServer: Scheduling Policy
12-14 00:27:31.102  3412  3412 I SystemServiceManager: Starting com.android.server.telecom.TelecomLoaderService
12-14 00:27:31.102  3412  3445 I Sensors : StepCounterSensor old sensor_state 17024, new sensor_state : 279168 en : 1
12-14 00:27:31.102  3412  3445 E Sensors : StepCounterSensor write failed. ret = -1, sensor_state = 279168
12-14 00:27:31.102  3412  3445 I Sensors : Int.Gyro old sensor_state 17024, new sensor_state : 33571456 en : 1
12-14 00:27:31.102  3412  3445 E Sensors : Int.GyroSensor write failed. ret = -1, sensor_state = 33571456
12-14 00:27:31.102  3412  3445 I Sensors : getName:gyro_sensor name = K6DS3TR.
12-14 00:27:31.103  3412  3445 I Sensors : HrmSpO2Sensor:: part type = 12.
12-14 00:27:31.103  3412  3445 D Sensors : HrmSpO2Sensor::type:12, prox threshold:10000
12-14 00:27:31.103  3412  3445 D Sensors : HrmSpO2Sensor::handle:0 ,en:1
12-14 00:27:31.103  3412  3445 E Sensors : HrmSpO2Sensor::Error MAXIM Flicker Library...handle=0x0
12-14 00:27:31.103  3412  3445 D Sensors : HrmSpO2Sensor::HrmSpO2Sensor: Shared version Registered
12-14 00:27:31.103  3412  3445 D Sensors : HrmLedSensor enable: mEnabled 0, handle 20, en 1
12-14 00:27:31.103  3412  3445 D Sensors : HRMSensor led enabled:1, en:1
12-14 00:27:31.103  3412  3412 I SystemServer: Telephony Registry
12-14 00:27:31.105  3412  3412 I SystemServer: Entropy Mixer
12-14 00:27:31.105  3412  3412 W EntropyMixer: No existing entropy file -- first boot?
12-14 00:27:31.107  3412  3445 I Sensors : getVendor:hrm_sensor vendor = MAXIM.
12-14 00:27:31.107  3412  3445 I Sensors : HrmLedSensor: HrmLedSensor vendor = MAXIM.
12-14 00:27:31.107  3412  3445 D Sensors : HRMSensor_LED::libhr open start!! 
12-14 00:27:31.107  3412  3445 E Sensors : HRMSensor_LED::libhr open failed 
12-14 00:27:31.108  3412  3445 E Sensors : GripSensor: enable
12-14 00:27:31.123  3412  3412 I EntropyMixer: Added HW RNG output to entropy pool
12-14 00:27:31.123  3412  3412 I EntropyMixer: Writing entropy...
12-14 00:27:31.129  3412  3412 I SystemServer: Camera Service
12-14 00:27:31.129  3412  3412 I SystemServiceManager: Starting com.android.server.camera.CameraService
12-14 00:27:31.131  3412  3446 I ServiceThread: Enabled StrictMode logging for CameraService_proxy looper.
12-14 00:27:31.131  3412  3412 I SystemServer: Account Manager
12-14 00:27:31.133  3412  3412 I SystemServer: Content Manager
12-14 00:27:31.133  3412  3445 I Sensors : Proximity old sensor_state 17024, new sensor_state : 16896 en : 0
12-14 00:27:31.134  3412  3445 I Sensors : Light old sensor_state 16896, new sensor_state : 16384 en : 0
12-14 00:27:31.134  3412  3445 I Sensors : SigMotionSensor old sensor_state 16384, new sensor_state : 0 en : 0
12-14 00:27:31.134  3412  3445 E Sensors : GripSensor: enable
12-14 00:27:31.134  3412  3445 D Sensors : HrmSpO2Sensor::handle:19 ,en:0
12-14 00:27:31.134  3412  3445 D Sensors : HrmSpO2Sensor::isEnabled:0 ,en:0, mEn:0
12-14 00:27:31.134  3412  3445 D Sensors : HrmSpO2Sensor::handle:28 ,en:0
12-14 00:27:31.134  3412  3445 D Sensors : HrmSpO2Sensor::isEnabled:0 ,en:0, mEn:0
12-14 00:27:31.134  3412  3445 D Sensors : HrmLedSensor enable: mEnabled 1, handle 20, en 0
12-14 00:27:31.134  3412  3445 D Sensors : HRMSensor_LED::enable 
12-14 00:27:31.134  3412  3445 D Sensors : HRMSensor led enabled:0, en:0
12-14 00:27:31.135  3412  3412 I SystemServer: System Content Providers
12-14 00:27:31.135  3412  3445 D Sensors : HrmLedSensor enable: mEnabled 0, handle 21, en 0
12-14 00:27:31.135  3412  3445 D Sensors : HrmLedSensor isEnabled:0 ,en:0
12-14 00:27:31.135  3412  3445 D Sensors : HrmSpO2Sensor::handle:18 ,en:0
12-14 00:27:31.135  3412  3445 D Sensors : HrmSpO2Sensor::isEnabled:0 ,en:0, mEn:0
12-14 00:27:31.135  3412  3445 I         : System server: sensor init done.
12-14 00:27:31.136  3412  3447 D SensorService: new thread SensorEventAckReceiver
12-14 00:27:31.137  3412  3412 W System  : ClassLoader referenced unknown path: /system/priv-app/CMSettingsProvider/lib/arm64
12-14 00:27:31.139  3412  3448 D SensorService: nuSensorService thread starting...
12-14 00:27:31.154  3412  3412 D ActivityThread: Loading provider settings: com.android.providers.settings.SettingsProvider
12-14 00:27:31.156  3412  3412 W System  : ClassLoader referenced unknown path: /system/priv-app/SettingsProvider/lib/arm64
12-14 00:27:31.176  3412  3412 W SettingsProvider: Invalid ro.telephony.default_network: 
12-14 00:27:31.187  3412  3412 D SettingsProvider: Generated and saved new ANDROID_ID [14e5f6b7ae15c390] for user 0
12-14 00:27:31.206  3412  3412 I SystemServer: Vibrator Service
12-14 00:27:31.207  3412  3425 I SyncManager: No initial accounts
12-14 00:27:31.207  3412  3425 I SyncManager: No initial status
12-14 00:27:31.207  3412  3425 I SyncManager: No initial statistics
12-14 00:27:31.207  3412  3412 I SystemServer: Consumer IR Service
12-14 00:27:31.208  3412  3412 E ConsumerIrService: Can't open consumer IR HW Module, error: -2
12-14 00:27:31.208  3412  3412 I SystemServiceManager: Starting com.android.server.AlarmManagerService
12-14 00:27:31.221  3412  3412 I SystemServer: Init Watchdog
12-14 00:27:31.221  3412  3412 I SystemServer: Input Manager
12-14 00:27:31.221  3412  3412 I InputManager: Initializing input manager, mUseDevInputEventForAudioJack=false
12-14 00:27:31.221  3412  3412 I SystemServer: Window Manager
12-14 00:27:31.229  3412  3431 I WindowManager: No existing display settings /data/system/display_settings.xml; starting empty
12-14 00:27:31.251  3412  3412 I InputManager: Starting input manager
12-14 00:27:31.252  3412  3412 I SystemServer: Bluetooth Service
12-14 00:27:31.252  3412  3412 I SystemServiceManager: Starting com.android.server.BluetoothService
12-14 00:27:31.253  3412  3464 D EventHub: No input device configuration file found for device 'certify_hall'.
12-14 00:27:31.254  3412  3412 D BluetoothManagerService: Loading stored name and address
12-14 00:27:31.254  3412  3412 D BluetoothManagerService: Stored bluetooth Name=null,Address=null
12-14 00:27:31.254  3412  3412 D BluetoothService: onStart: publishing BluetoothManagerService
12-14 00:27:31.254  3412  3412 I SystemServer: Input Method Service
12-14 00:27:31.278  3412  3412 W InputMethodManagerService: No IME selected. Choose the most applicable IME.
12-14 00:27:31.278  3412  3412 I InputMethodManagerService: Default found, using com.android.inputmethod.latin/.LatinIME
12-14 00:27:31.279  3412  3412 I SystemServer: Accessibility Manager
12-14 00:27:31.280  3412  3412 I ActivityManager: choosing minFree values for 64 Bit
12-14 00:27:31.280  3412  3412 I ActivityManager: choosing minFree values for 64 Bit
12-14 00:27:31.280  3412  3412 I ActivityManager: choosing minFree values for 64 Bit
12-14 00:27:31.280  3412  3412 I ActivityManager: choosing minFree values for 64 Bit
12-14 00:27:31.280  3412  3412 I ActivityManager: choosing minFree values for 64 Bit
12-14 00:27:31.280  3412  3412 I ActivityManager: choosing minFree values for 64 Bit
12-14 00:27:31.281  3412  3412 I ActivityManager: Config changes=1df8 {1.0 ?mcc?mnc en_US ldltr sw360dp w360dp h640dp 640dpi nrml long port ?uimode ?night -touch -keyb/h/h -nav/h s.2 themeResource=null}
12-14 00:27:31.283  3412  3412 I ActivityManager: Config changes=400 {1.0 ?mcc?mnc en_US ldltr sw360dp w360dp h616dp 640dpi nrml long port ?uimode ?night -touch -keyb/h/h -nav/h s.3 themeResource=null}
12-14 00:27:31.284  3412  3412 I SystemServiceManager: Starting com.android.server.MountService$Lifecycle
12-14 00:27:31.287  3412  3412 I SystemServiceManager: Starting com.android.server.UiModeManagerService
12-14 00:27:31.288  3412  3465 D MountService: Thinking about reset, mSystemReady=false, mDaemonConnected=true
12-14 00:27:31.288  3412  3465 D MountService: Thinking about reset, mSystemReady=false, mDaemonConnected=true
12-14 00:27:31.288  3412  3465 D CryptdConnector: SND -> {1 cryptfs getfield SystemLocale}
12-14 00:27:31.288  3412  3412 I ActivityManager: Config changes=200 {1.0 ?mcc?mnc en_US ldltr sw360dp w360dp h616dp 640dpi nrml long port -touch -keyb/h/h -nav/h s.4 themeResource=null}
12-14 00:27:31.288  2927  2970 I Ext4Crypt: ext4 crypto complete called on /data
12-14 00:27:31.288  2927  2970 I Ext4Crypt: No master key, so not ext4enc
12-14 00:27:31.288  3412  3467 D CryptdConnector: RCV <- {200 1 -1}
12-14 00:27:31.289  3412  3465 W MountService: No primary storage mounted!
12-14 00:27:31.289  3412  3465 D VoldConnector: SND -> {1 asec list}
12-14 00:27:31.289  3412  3412 W PackageManager: No disk maintenance in 1481675251289; running immediately
12-14 00:27:31.289  3412  3466 D VoldConnector: RCV <- {200 1 asec operation succeeded}
12-14 00:27:31.289  3412  3465 I PackageManager: No secure containers found
12-14 00:27:31.289  3412  3412 I SystemServer: LockSettingsService
12-14 00:27:31.289  3412  3465 W PackageManager: Not granting permission android.permission.INTERACT_ACROSS_USERS_FULL to package org.cyanogenmod.snap (protectionLevel=258 flags=0x38d8bc45)
12-14 00:27:31.289  3412  3465 W PackageManager: Not granting permission android.permission.SET_ORIENTATION to package org.cyanogenmod.snap (protectionLevel=2 flags=0x38d8bc45)
12-14 00:27:31.289  3412  3465 W PackageManager: Unknown permission com.google.android.googleapps.permission.GOOGLE_AUTH in package com.android.providers.calendar
12-14 00:27:31.289  3412  3465 W PackageManager: Unknown permission com.google.android.googleapps.permission.GOOGLE_AUTH.cl in package com.android.providers.calendar
12-14 00:27:31.289  3412  3465 W PackageManager: Not granting permission android.permission.REAL_GET_TASKS to package org.cyanogenmod.wallpapers.photophase (protectionLevel=18 flags=0x3898be45)
12-14 00:27:31.289  3412  3465 W PackageManager: Unknown permission android.permission.CANCEL_NOTIFICATIONS in package org.cyanogenmod.theme.chooser2
12-14 00:27:31.289  3412  3465 W PackageManager: Unknown permission com.cyanogen.ambient.permission.BIND_CALLER_INFO in package com.android.messaging
12-14 00:27:31.289  3412  3465 W PackageManager: Unknown permission com.cyanogen.ambient.permission.BIND_RIDEINPROGRESS_SERVICE in package com.android.messaging
12-14 00:27:31.289  3412  3465 W PackageManager: Unknown permission com.cyanogen.ambient.permission.BIND_RIDESHARING_SERVICE in package com.android.messaging
12-14 00:27:31.290  3412  3465 W PackageManager: Not granting permission android.permission.ACCESS_DOWNLOAD_MANAGER to package com.android.browser (protectionLevel=18 flags=0x38c9be45)
12-14 00:27:31.290  3412  3465 W PackageManager: Not granting permission android.permission.SEND_DOWNLOAD_COMPLETED_INTENTS to package com.android.browser (protectionLevel=2 flags=0x38c9be45)
12-14 00:27:31.290  3412  3465 W PackageManager: Unknown permission com.cyngn.stats.SEND_ANALYTICS in package com.cyanogenmod.setupwizard
12-14 00:27:31.290  3412  3465 W PackageManager: Unknown permission com.cyanogen.permission.REQUEST_KILL_SWITCH_OP in package com.cyanogenmod.setupwizard
12-14 00:27:31.290  3412  3465 W PackageManager: Unknown permission com.cyanogen.ambient.permission.BIND_INCALL_SERVICE in package com.android.contacts
12-14 00:27:31.290  3412  3465 W PackageManager: Unknown permission com.cyanogen.ambient.permission.PLUGIN_STATUS_CHANGED in package com.android.contacts
12-14 00:27:31.290  3412  3465 W PackageManager: Unknown permission com.cyanogen.ambient.permission.BIND_CALLER_INFO in package com.android.contacts
12-14 00:27:31.290  3412  3465 W PackageManager: Unknown permission com.google.android.googleapps.permission.GOOGLE_AUTH.mail in package com.android.calendar
12-14 00:27:31.290  3412  3465 W PackageManager: Unknown permission com.android.launcher.permission.READ_SETTINGS in package com.android.onetimeinitializer
12-14 00:27:31.290  3412  3465 W PackageManager: Unknown permission com.android.launcher.permission.WRITE_SETTINGS in package com.android.onetimeinitializer
12-14 00:27:31.290  3412  3465 W PackageManager: Unknown permission com.cyanogen.ambient.permission.BIND_INCALL_SERVICE in package com.android.dialer
12-14 00:27:31.290  3412  3465 W PackageManager: Unknown permission com.cyanogen.ambient.permission.PLUGIN_STATUS_CHANGED in package com.android.dialer
12-14 00:27:31.290  3412  3465 W PackageManager: Unknown permission com.cyanogen.ambient.permission.PUBLISH_DISCOVERY_NUDGE in package com.android.dialer
12-14 00:27:31.290  3412  3465 W PackageManager: Unknown permission com.cyanogen.ambient.permission.BIND_DEEPLINK_SERVICE in package com.android.dialer
12-14 00:27:31.290  3412  3465 W PackageManager: Unknown permission com.cyanogen.ambient.permission.READ_DEEPLINK_DATABASE in package com.android.dialer
12-14 00:27:31.290  3412  3465 W PackageManager: Unknown permission com.cyanogen.ambient.permission.BIND_CALLER_INFO in package com.android.dialer
12-14 00:27:31.290  3412  3465 W PackageManager: Unknown permission com.android.launcher.permission.READ_SETTINGS in package com.cyanogenmod.trebuchet
12-14 00:27:31.290  3412  3465 W PackageManager: Unknown permission com.android.launcher.permission.WRITE_SETTINGS in package com.cyanogenmod.trebuchet
12-14 00:27:31.290  3412  3465 W PackageManager: Unknown permission com.cyngn.stats.SEND_ANALYTICS in package com.cyanogenmod.trebuchet
12-14 00:27:31.291  3412  3465 W PackageManager: Unknown permission com.google.android.permission.INSTALL_WEARABLE_PACKAGES in package com.android.packageinstaller
12-14 00:27:31.291  3412  3465 W PackageManager: Not granting permission android.permission.DELETE_PACKAGES to package com.svox.pico (protectionLevel=18 flags=0x3888be45)
12-14 00:27:31.291  3412  3465 W PackageManager: Unknown permission android.permission.ACCESS_SUPERUSER in package com.cyanogenmod.filemanager
12-14 00:27:31.291  3412  3465 W PackageManager: Unknown permission com.cyanogenmod.filemanager.permissions.READ_THEME in package com.cyanogenmod.filemanager
12-14 00:27:31.291  3412  3412 I SystemServiceManager: Starting com.android.server.DeviceIdleController
12-14 00:27:31.291  3412  3465 W PackageManager: Unknown permission com.google.android.gallery3d.permission.PICASA_STORE in package com.android.dreams.phototable
12-14 00:27:31.291  3412  3465 W PackageManager: Unknown permission com.google.android.googleapps.permission.GOOGLE_AUTH in package com.android.settings
12-14 00:27:31.291  3412  3465 W PackageManager: Unknown permission com.android.launcher.permission.READ_SETTINGS in package com.android.settings
12-14 00:27:31.291  3412  3465 W PackageManager: Unknown permission com.android.launcher.permission.WRITE_SETTINGS in package com.android.settings
12-14 00:27:31.291  3412  3465 W PackageManager: Not granting permission android.permission.REAL_GET_TASKS to package com.cyanogenmod.eleven (protectionLevel=18 flags=0x3898be65)
12-14 00:27:31.293  3412  3465 W PackageManager: Unknown permission com.google.android.gallery3d.permission.GALLERY_PROVIDER in package com.android.bluetooth
12-14 00:27:31.293  3412  3465 W PackageManager: Unknown permission com.google.android.googleapps.permission.ACCESS_GOOGLE_PASSWORD in package com.android.development
12-14 00:27:31.293  3412  3465 W PackageManager: Unknown permission com.google.android.googleapps.permission.GOOGLE_AUTH in package com.android.development
12-14 00:27:31.293  3412  3465 W PackageManager: Unknown permission com.google.android.googleapps.permission.GOOGLE_AUTH.ALL_SERVICES in package com.android.development
12-14 00:27:31.293  3412  3465 W PackageManager: Unknown permission com.google.android.googleapps.permission.GOOGLE_AUTH.YouTubeUser in package com.android.development
12-14 00:27:31.327  3412  3465 W MountService: No primary storage defined yet; hacking together a stub
12-14 00:27:31.328  3412  3465 W MountService: No primary storage defined yet; hacking together a stub
12-14 00:27:31.328  3412  3465 W MountService: No primary storage mounted!
12-14 00:27:31.328  3412  3465 D VoldConnector: SND -> {2 asec list}
12-14 00:27:31.328  3412  3466 D VoldConnector: RCV <- {200 2 asec operation succeeded}
12-14 00:27:31.328  3412  3412 I SystemServiceManager: Starting com.android.server.devicepolicy.DevicePolicyManagerService$Lifecycle
12-14 00:27:31.330  3412  3412 I SystemServer: Status Bar
12-14 00:27:31.331  3412  3412 I SystemServer: Clipboard Service
12-14 00:27:31.331  3412  3412 I SystemServer: NetworkManagement Service
12-14 00:27:31.334  3412  3412 I SystemServer: Text Service Manager Service
12-14 00:27:31.335  3412  3465 I MountService: Running fstrim idle maintenance
12-14 00:27:31.335  3412  3465 D VoldConnector: SND -> {3 fstrim dotrim}
12-14 00:27:31.335  2927  3469 D vold    : Starting trim of /efs
12-14 00:27:31.336  3412  3466 D VoldConnector: RCV <- {200 3 Command succeeded}
12-14 00:27:31.336  3412  3412 I SystemServer: Network Score Service
12-14 00:27:31.336  3412  3412 I SystemServer: NetworkStats Service
12-14 00:27:31.341  3412  3412 I SystemServer: NetworkPolicy Service
12-14 00:27:31.363  3412  3464 D EventHub: No input device configuration file found for device 'ssp_context'.
12-14 00:27:31.387  2927  3469 I vold    : Trimmed 13369344 bytes on /efs in 51ms
12-14 00:27:31.387  2927  3469 D vold    : Starting trim of /cache
12-14 00:27:31.387  3412  3466 D VoldConnector: RCV <- {662 /efs 13369344 51707769}
12-14 00:27:31.406  3412  3412 I SystemServiceManager: Starting com.android.server.wifi.p2p.WifiP2pService
12-14 00:27:31.428  2927  3469 I vold    : Trimmed 201965568 bytes on /cache in 40ms
12-14 00:27:31.428  2927  3469 D vold    : Starting trim of /data
12-14 00:27:31.428  3412  3466 D VoldConnector: RCV <- {662 /cache 201965568 40535384}
12-14 00:27:31.453  3412  3464 D EventHub: No input device configuration file found for device 'meta_event'.
12-14 00:27:31.479  3412  3412 I WifiP2pService: Registering wifip2p
12-14 00:27:31.480  3412  3412 I SystemServiceManager: Starting com.android.server.wifi.WifiService
12-14 00:27:31.483  3412  3464 D EventHub: No input device configuration file found for device 'interrupt_gyro_sensor'.
12-14 00:27:31.511  3018  3018 I AudioPolicyService: AudioPolicyService CSTOR in new mode
12-14 00:27:31.523  3018  3018 W APM::HwModule: loadOutput() invalid supported devices
12-14 00:27:31.523  3018  3018 W APM::HwModule: loadOutput() invalid supported devices
12-14 00:27:31.523  3018  3018 W APM::HwModule: loadInput() invalid supported devices
12-14 00:27:31.523  3018  3018 W APM::HwModule: loadInput() invalid supported devices
12-14 00:27:31.523  3018  3018 I APM::ConfigParsingUtils: loadAudioPolicyConfig() loaded /system/etc/audio_policy.conf
12-14 00:27:31.543  3412  3464 D EventHub: No input device configuration file found for device 'step_cnt_sensor'.
12-14 00:27:31.573  3412  3464 D EventHub: No input device configuration file found for device 'sig_motion_sensor'.
12-14 00:27:31.580  3412  3412 D HS20    : Passpoint is disabled
12-14 00:27:31.591  3412  3412 D WifiController: isAirplaneModeOn = false, isWifiEnabled = false, isScanningAvailable = false
12-14 00:27:31.592  3412  3412 I WifiService: Registering wifi
12-14 00:27:31.592  3412  3412 I SystemServiceManager: Starting com.android.server.wifi.WifiScanningService
12-14 00:27:31.592  3412  3412 I WifiScanningService: Creating wifiscanner
12-14 00:27:31.592  3412  3412 I WifiScanningService: Starting wifiscanner
12-14 00:27:31.593  3412  3412 I SystemServiceManager: Starting com.android.server.wifi.RttService
12-14 00:27:31.593  3412  3412 I RttService: Creating rttmanager
12-14 00:27:31.593  3412  3412 I RttService: Starting rttmanager
12-14 00:27:31.593  3412  3412 I SystemServiceManager: Starting com.android.server.ethernet.EthernetService
12-14 00:27:31.594  3412  3412 I EthernetServiceImpl: Creating EthernetConfigStore
12-14 00:27:31.595  3412  3412 E IpConfigStore: Error parsing configuration: java.io.FileNotFoundException: /data/misc/ethernet/ipconfig.txt: open failed: ENOENT (No such file or directory)
12-14 00:27:31.595  3412  3412 W EthernetConfigStore: No Ethernet configuration found. Using default.
12-14 00:27:31.595  3412  3412 I EthernetServiceImpl: Read stored IP configuration: IP assignment: DHCP
12-14 00:27:31.595  3412  3412 I EthernetServiceImpl: Proxy settings: NONE
12-14 00:27:31.595  3412  3412 I EthernetService: Registering service ethernet
12-14 00:27:31.595  3412  3412 I SystemServer: Connectivity Service
12-14 00:27:31.596  3412  3412 D ConnectivityService: ConnectivityService starting up
12-14 00:27:31.603  3479  3479 I McDaemon: Daemon starting up...
12-14 00:27:31.603  3479  3479 I McDaemon: Socket interface version is 0.2
12-14 00:27:31.603  3479  3479 I McDaemon: *** t-base-300-Ares-2-Android-V001 ###
12-14 00:27:31.603  3479  3479 I McDaemon: Build timestamp is Nov 28 2016 04:11:40
12-14 00:27:31.603  3479  3479 E McDaemon:   *****************************
12-14 00:27:31.603  3479  3479 E McDaemon:   *** ERROR: ioctl MC_IO_VERSION failed with "Not a typewriter"(errno 25)
12-14 00:27:31.603  3479  3479 E McDaemon:   *** Detected in checkVersion/545()
12-14 00:27:31.603  3479  3479 E McDaemon:   *****************************
12-14 00:27:31.603  3479  3479 E McDaemon:   *****************************
12-14 00:27:31.603  3479  3479 E McDaemon:   *** ERROR: ret = -1
12-14 00:27:31.603  3479  3479 E McDaemon:   *** Detected in checkVersion/546()
12-14 00:27:31.603  3479  3479 E McDaemon:   *****************************
12-14 00:27:31.603  3479  3479 E McDaemon:   *****************************
12-14 00:27:31.603  3479  3479 E McDaemon:   *** ERROR: kernel module version mismatch
12-14 00:27:31.603  3479  3479 E McDaemon:   *** Detected in initDevice/115()
12-14 00:27:31.603  3479  3479 E McDaemon:   *****************************
12-14 00:27:31.603  3479  3479 E McDaemon:   *****************************
12-14 00:27:31.603  3479  3479 E McDaemon:   *** ERROR: Could not initialize <t-base (because /dev/mobicore could not be openend)!
12-14 00:27:31.603  3479  3479 E McDaemon:   *** Detected in run/139()
12-14 00:27:31.603  3479  3479 E McDaemon:   *****************************
12-14 00:27:31.603  3479  3479 E McDaemon:   *****************************
12-14 00:27:31.603  3479  3479 E McDaemon:   *** ERROR: Exiting <t-base Daemon
12-14 00:27:31.603  3479  3479 E McDaemon:   *** Detected in main/1388()
12-14 00:27:31.603  3479  3479 E McDaemon:   *****************************
12-14 00:27:31.603  3412  3412 D ConnectivityService: wifiOnly=false
12-14 00:27:31.608  3412  3412 I SystemServer: Network Service Discovery Service
12-14 00:27:31.609  3412  3412 D NsdService: Network service discovery enabled true
12-14 00:27:31.610  3412  3412 I SystemServer: UpdateLock Service
12-14 00:27:31.611  3412  3412 I SystemServiceManager: Starting com.android.server.notification.NotificationManagerService
12-14 00:27:31.621  3412  3412 I ZenModeConfig: Migrating existing shared 'from': stars
12-14 00:27:31.629  3412  3412 I SystemServiceManager: Starting com.android.server.storage.DeviceStorageMonitorService
12-14 00:27:31.630  3412  3412 I SystemServer: Location Manager
12-14 00:27:31.631  3412  3412 I SystemServer: Country Detector
12-14 00:27:31.632  3412  3412 I SystemServer: Search Service
12-14 00:27:31.633  3412  3412 I SystemServer: DropBox Service
12-14 00:27:31.633  3412  3464 D EventHub: No input device configuration file found for device 'gesture_sensor'.
12-14 00:27:31.633  3412  3412 I SystemServer: Wallpaper Service
12-14 00:27:31.635  3412  3412 W WallpaperManagerService: no current wallpaper -- first boot?
12-14 00:27:31.635  3412  3412 W WallpaperManagerService: no current wallpaper -- first boot?
12-14 00:27:31.636  3412  3412 I SystemServer: Audio Service
12-14 00:27:31.643  3412  3486 I ServiceManager: Waiting for service media.audio_policy...
12-14 00:27:31.644  3412  3412 W TelecomManager: Telecom Service not found.
12-14 00:27:31.763  3412  3464 D EventHub: No input device configuration file found for device 'temp_humidity_sensor'.
12-14 00:27:31.790  3412  3476 D WifiApConfigStore: 2G band allowed channels are:1,6,11
12-14 00:27:31.843  3412  3464 D EventHub: No input device configuration file found for device 'proximity_sensor'.
12-14 00:27:31.903  3412  3464 D EventHub: No input device configuration file found for device 'light_ir_sensor'.
12-14 00:27:31.963  3412  3464 D EventHub: No input device configuration file found for device 'light_sensor'.
12-14 00:27:32.003  3412  3464 D EventHub: No input device configuration file found for device 'grip_sensor'.
12-14 00:27:32.043  3412  3464 D EventHub: No input device configuration file found for device 'uv_sensor'.
12-14 00:27:32.137  3018  3018 V audio_hw_primary: adev_open: Forcing voice config: wide
12-14 00:27:32.137  3018  3018 I AudioFlinger: loadHwModule() Loaded primary audio interface from Samsung audio HW HAL (audio) handle 1
12-14 00:27:32.137  3018  3018 I AudioFlinger: openOutput(), module 1 Device 2, SamplingRate 48000, Format 0x000001, Channels 3, flags a
12-14 00:27:32.137  3018  3018 I AudioFlinger: AudioStreamOut::open(), mHalFormatIsLinearPcm = 1
12-14 00:27:32.137  3018  3018 I AudioFlinger: HAL output buffer size 1024 frames, normal sink buffer size 1024 frames
12-14 00:27:32.143  3412  3464 D EventHub: No input device configuration file found for device 'hrmled_sensor'.
12-14 00:27:32.173  3412  3464 D EventHub: No input device configuration file found for device 'hrm_sensor'.
12-14 00:27:32.212  3018  3018 I BufferProvider: found effect "Multichannel Downmix To Stereo" from The Android Open Source Project
12-14 00:27:32.212  3018  3018 I AudioFlinger: Using module 1 has the primary audio interface
12-14 00:27:32.212  3018  3490 I AudioFlinger: AudioFlinger's thread 0xf2cc0000 ready to run
12-14 00:27:32.212  3018  3490 V audio_hw_primary: do_out_standby: output standby: 1
12-14 00:27:32.213  3018  3490 V audio_hw_primary: out_set_parameters: key value pairs: routing=2
12-14 00:27:32.213  3018  3490 E AudioFlinger: no wake lock to update!
12-14 00:27:32.213  3018  3018 I AudioFlinger: openOutput(), module 1 Device 2, SamplingRate 48000, Format 0x000001, Channels 3, flags 4
12-14 00:27:32.213  3018  3018 I AudioFlinger: AudioStreamOut::open(), mHalFormatIsLinearPcm = 1
12-14 00:27:32.213  3018  3018 I AudioFlinger: HAL output buffer size 256 frames, normal sink buffer size 960 frames
12-14 00:27:32.214  3018  3018 E MonoPipe: Failed to fetch local time frequency when constructing a MonoPipe (res = -32).  getNextWriteTimestamp calls will be non-functional
12-14 00:27:32.214  3018  3492 I AudioFlinger: AudioFlinger's thread 0xf2b00000 ready to run
12-14 00:27:32.214  3018  3492 V audio_hw_primary: do_out_standby: output standby: 1
12-14 00:27:32.214  3018  3492 V audio_hw_primary: out_set_parameters: key value pairs: routing=2
12-14 00:27:32.214  3018  3492 E AudioFlinger: no wake lock to update!
12-14 00:27:32.214  3018  3018 V audio_hw_primary: adev_open_input_stream: Requesting input stream with rate: 48000, channels: 0xc
12-14 00:27:32.214  3018  3493 I AudioFlinger: AudioFlinger's thread 0xf2800000 ready to run
12-14 00:27:32.223  3412  3464 E EventHub: could not get driver version for /dev/input/mice, Not a typewriter
12-14 00:27:32.224  3018  3018 I bt_a2dp_hw: adev_open:  adev_open in A2dp_hw module
12-14 00:27:32.224  3018  3018 I AudioFlinger: loadHwModule() Loaded a2dp audio interface from A2DP Audio HW HAL (audio) handle 5
12-14 00:27:32.249  3018  3018 I AudioFlinger: loadHwModule() Loaded usb audio interface from USB audio HW HAL (audio) handle 6
12-14 00:27:32.261  3018  3018 I r_submix: adev_open(name=audio_hw_if)
12-14 00:27:32.261  3018  3018 I r_submix: adev_init_check()
12-14 00:27:32.261  3018  3018 I AudioFlinger: loadHwModule() Loaded r_submix audio interface from Wifi Display audio HAL (audio) handle 7
12-14 00:27:32.261  3018  3018 D r_submix: adev_open_input_stream(addr=0)
12-14 00:27:32.261  3018  3018 D r_submix: submix_audio_device_create_pipe_l(addr=0, idx=9)
12-14 00:27:32.261  3018  3018 D r_submix:   now using address 0 for route 9
12-14 00:27:32.261  3018  3494 I AudioFlinger: AudioFlinger's thread 0xf2800000 ready to run
12-14 00:27:32.261  3018  3018 D r_submix: adev_close_input_stream()
12-14 00:27:32.261  3018  3018 D r_submix: submix_audio_device_release_pipe_l(idx=9) addr=0
12-14 00:27:32.261  3018  3018 D r_submix: submix_audio_device_destroy_pipe_l(): pipe destroyed
12-14 00:27:32.262  3018  3018 E SoundTriggerHwService: couldn't load sound trigger module sound_trigger.primary (No such file or directory)
12-14 00:27:32.262  3018  3018 I RadioService: RadioService
