12-05 02:41:54.579  3323  3323 W PackageManager: Unknown permission com.cyanogen.ambient.permission.BIND_CALLER_INFO in package com.android.dialer
12-05 02:41:54.579  3323  3323 W PackageManager: Unknown permission com.android.launcher.permission.READ_SETTINGS in package com.cyanogenmod.trebuchet
12-05 02:41:54.579  3323  3323 W PackageManager: Unknown permission com.android.launcher.permission.WRITE_SETTINGS in package com.cyanogenmod.trebuchet
12-05 02:41:54.579  3323  3323 W PackageManager: Unknown permission com.cyngn.stats.SEND_ANALYTICS in package com.cyanogenmod.trebuchet
12-05 02:41:54.579  3323  3323 W PackageManager: Unknown permission com.google.android.permission.INSTALL_WEARABLE_PACKAGES in package com.android.packageinstaller
12-05 02:41:54.579  3323  3323 W PackageManager: Not granting permission android.permission.DELETE_PACKAGES to package com.svox.pico (protectionLevel=18 flags=0x3808be45)
12-05 02:41:54.579  3323  3323 W PackageManager: Unknown permission android.permission.ACCESS_SUPERUSER in package com.cyanogenmod.filemanager
12-05 02:41:54.579  3323  3323 W PackageManager: Unknown permission com.cyanogenmod.filemanager.permissions.READ_THEME in package com.cyanogenmod.filemanager
12-05 02:41:54.579  3323  3323 W PackageManager: Unknown permission com.google.android.gallery3d.permission.PICASA_STORE in package com.android.dreams.phototable
12-05 02:41:54.579  3323  3323 W PackageManager: Unknown permission com.google.android.googleapps.permission.GOOGLE_AUTH in package com.android.settings
12-05 02:41:54.579  3323  3323 W PackageManager: Unknown permission com.android.launcher.permission.READ_SETTINGS in package com.android.settings
12-05 02:41:54.579  3323  3323 W PackageManager: Unknown permission com.android.launcher.permission.WRITE_SETTINGS in package com.android.settings
12-05 02:41:54.579  3323  3323 W PackageManager: Not granting permission android.permission.REAL_GET_TASKS to package com.cyanogenmod.eleven (protectionLevel=18 flags=0x3818be65)
12-05 02:41:54.580  3323  3323 W PackageManager: Unknown permission com.google.android.gallery3d.permission.GALLERY_PROVIDER in package com.android.bluetooth
12-05 02:41:54.580  3323  3323 W PackageManager: Unknown permission com.google.android.googleapps.permission.ACCESS_GOOGLE_PASSWORD in package com.android.development
12-05 02:41:54.580  3323  3323 W PackageManager: Unknown permission com.google.android.googleapps.permission.GOOGLE_AUTH in package com.android.development
12-05 02:41:54.580  3323  3323 W PackageManager: Unknown permission com.google.android.googleapps.permission.GOOGLE_AUTH.ALL_SERVICES in package com.android.development
12-05 02:41:54.580  3323  3323 W PackageManager: Unknown permission com.google.android.googleapps.permission.GOOGLE_AUTH.YouTubeUser in package com.android.development
12-05 02:41:54.580  3323  3323 V PackageManager: Disabling com.google.android.gsf/com.google.android.gsf.update.SystemUpdateActivity
12-05 02:41:54.580  3323  3323 W PackageManager: Unable to disable com.google.android.gsf/com.google.android.gsf.update.SystemUpdateActivity
12-05 02:41:54.581  3323  3323 V PackageManager: Disabling com.google.android.gsf/com.google.android.gsf.update.SystemUpdateService$Receiver
12-05 02:41:54.581  3323  3323 W PackageManager: Unable to disable com.google.android.gsf/com.google.android.gsf.update.SystemUpdateService$Receiver
12-05 02:41:54.581  3323  3323 V PackageManager: Disabling com.google.android.gsf/com.google.android.gsf.update.SystemUpdateService$SecretCodeReceiver
12-05 02:41:54.581  3323  3323 W PackageManager: Unable to disable com.google.android.gsf/com.google.android.gsf.update.SystemUpdateService$SecretCodeReceiver
12-05 02:41:54.581  3323  3323 V PackageManager: Disabling com.google.android.gms/com.google.android.gms.update.SystemUpdateActivity
12-05 02:41:54.581  3323  3323 W PackageManager: Unable to disable com.google.android.gms/com.google.android.gms.update.SystemUpdateActivity
12-05 02:41:54.581  3323  3323 V PackageManager: Disabling com.google.android.gms/com.google.android.gms.update.SystemUpdateService$Receiver
12-05 02:41:54.581  3323  3323 W PackageManager: Unable to disable com.google.android.gms/com.google.android.gms.update.SystemUpdateService$Receiver
12-05 02:41:54.581  3323  3323 V PackageManager: Disabling com.google.android.gms/com.google.android.gms.update.SystemUpdateService$ActiveReceiver
12-05 02:41:54.581  3323  3323 W PackageManager: Unable to disable com.google.android.gms/com.google.android.gms.update.SystemUpdateService$ActiveReceiver
12-05 02:41:54.581  3323  3323 V PackageManager: Disabling com.google.android.gms/com.google.android.gms.update.SystemUpdateService$SecretCodeReceiver
12-05 02:41:54.581  3323  3323 W PackageManager: Unable to disable com.google.android.gms/com.google.android.gms.update.SystemUpdateService$SecretCodeReceiver
12-05 02:41:54.581  3323  3323 V PackageManager: Enabling com.google.android.gsf/com.google.android.gsf.update.SystemUpdateService
12-05 02:41:54.581  3323  3323 W PackageManager: Unable to enable com.google.android.gsf/com.google.android.gsf.update.SystemUpdateService
12-05 02:41:54.581  3323  3323 V PackageManager: Enabling com.google.android.gms/com.google.android.gms.update.SystemUpdateService
12-05 02:41:54.581  3323  3323 W PackageManager: Unable to enable com.google.android.gms/com.google.android.gms.update.SystemUpdateService
12-05 02:41:54.624  3323  3323 I art     : Starting a blocking GC Explicit
12-05 02:41:54.640  3323  3323 I art     : Explicit concurrent mark sweep GC freed 47651(2MB) AllocSpace objects, 4(464KB) LOS objects, 33% free, 27MB/41MB, paused 166us total 16.200ms
12-05 02:41:54.640  3323  3323 I SystemServer: User Service
12-05 02:41:54.646  2976  2976 I lowmemorykiller: ActivityManager connected
12-05 02:41:54.647  3323  3368 I         : System server: starting sensor init.
12-05 02:41:54.647  3323  3368 D SensorService: nuSensorService starting...
12-05 02:41:54.647  3323  3323 I SystemServiceManager: Starting com.android.server.BatteryService
12-05 02:41:54.649  3323  3368 I Sensors : getName:gyro_sensor name = K6DS3TR.
12-05 02:41:54.649  3323  3368 I Sensors : Proximity old sensor_state 0, new sensor_state : 128 en : 1
12-05 02:41:54.650  3323  3323 I SystemServiceManager: Starting com.android.server.usage.UsageStatsService
12-05 02:41:54.661  3323  3323 I UsageStatsService: User[0] Rollover scheduled @ 2016-12-06 00:00:00(1480982400000)
12-05 02:41:54.662  3323  3323 I SystemServiceManager: Starting com.android.server.webkit.WebViewUpdateService
12-05 02:41:54.664  3323  3323 I SystemServer: Reading configuration...
12-05 02:41:54.664  3323  3323 I SystemServer: Scheduling Policy
12-05 02:41:54.664  3323  3323 I SystemServiceManager: Starting com.android.server.telecom.TelecomLoaderService
12-05 02:41:54.665  3323  3323 I SystemServer: Telephony Registry
12-05 02:41:54.665  3323  3368 I Sensors : Light old sensor_state 128, new sensor_state : 640 en : 1
12-05 02:41:54.667  3323  3323 I SystemServer: Entropy Mixer
12-05 02:41:54.670  3323  3368 I Sensors : Light_IR old sensor_state 640, new sensor_state : 16777856 en : 1
12-05 02:41:54.670  3323  3368 E Sensors : Light_IR_Sensor write failed. ret = -1, sensor_state = 16777856
12-05 02:41:54.671  3323  3368 I Sensors : SigMotionSensor old sensor_state 640, new sensor_state : 17024 en : 1
12-05 02:41:54.676  3323  3368 I Sensors : getName:gyro_sensor name = K6DS3TR.
12-05 02:41:54.677  3323  3368 I Sensors : StepCounterSensor old sensor_state 17024, new sensor_state : 279168 en : 1
12-05 02:41:54.677  3323  3368 E Sensors : StepCounterSensor write failed. ret = -1, sensor_state = 279168
12-05 02:41:54.677  3323  3368 I Sensors : Int.Gyro old sensor_state 17024, new sensor_state : 33571456 en : 1
12-05 02:41:54.677  3323  3368 E Sensors : Int.GyroSensor write failed. ret = -1, sensor_state = 33571456
12-05 02:41:54.677  3323  3368 I Sensors : getName:gyro_sensor name = K6DS3TR.
12-05 02:41:54.677  3323  3368 I Sensors : HrmSpO2Sensor:: part type = 12.
12-05 02:41:54.677  3323  3368 D Sensors : HrmSpO2Sensor::type:12, prox threshold:10000
12-05 02:41:54.677  3323  3368 D Sensors : HrmSpO2Sensor::handle:0 ,en:1
12-05 02:41:54.677  3323  3368 E Sensors : HrmSpO2Sensor::Error MAXIM Flicker Library...handle=0x0
12-05 02:41:54.677  3323  3368 D Sensors : HrmSpO2Sensor::HrmSpO2Sensor: Shared version Registered
12-05 02:41:54.677  3323  3368 D Sensors : HrmLedSensor enable: mEnabled 0, handle 20, en 1
12-05 02:41:54.677  3323  3368 D Sensors : HRMSensor led enabled:1, en:1
12-05 02:41:54.681  3323  3368 I Sensors : getVendor:hrm_sensor vendor = MAXIM.
12-05 02:41:54.682  3323  3368 I Sensors : HrmLedSensor: HrmLedSensor vendor = MAXIM.
12-05 02:41:54.682  3323  3368 D Sensors : HRMSensor_LED::libhr open start!! 
12-05 02:41:54.682  3323  3368 E Sensors : HRMSensor_LED::libhr open failed 
12-05 02:41:54.682  3323  3368 E Sensors : GripSensor: enable
12-05 02:41:54.685  3323  3323 I EntropyMixer: Added HW RNG output to entropy pool
12-05 02:41:54.685  3323  3323 I EntropyMixer: Writing entropy...
12-05 02:41:54.697  3323  3323 I SystemServer: Camera Service
12-05 02:41:54.698  3323  3323 I SystemServiceManager: Starting com.android.server.camera.CameraService
12-05 02:41:54.700  3323  3369 I ServiceThread: Enabled StrictMode logging for CameraService_proxy looper.
12-05 02:41:54.700  3323  3323 I SystemServer: Account Manager
12-05 02:41:54.702  3323  3323 I SystemServer: Content Manager
12-05 02:41:54.704  3323  3323 I SystemServer: System Content Providers
12-05 02:41:54.705  3323  3323 W System  : ClassLoader referenced unknown path: /system/priv-app/CMSettingsProvider/lib/arm64
12-05 02:41:54.711  3323  3368 I Sensors : Proximity old sensor_state 17024, new sensor_state : 16896 en : 0
12-05 02:41:54.711  3323  3368 I Sensors : Light old sensor_state 16896, new sensor_state : 16384 en : 0
12-05 02:41:54.711  3323  3368 I Sensors : SigMotionSensor old sensor_state 16384, new sensor_state : 0 en : 0
12-05 02:41:54.711  3323  3368 E Sensors : GripSensor: enable
12-05 02:41:54.711  3323  3368 D Sensors : HrmSpO2Sensor::handle:19 ,en:0
12-05 02:41:54.711  3323  3368 D Sensors : HrmSpO2Sensor::isEnabled:0 ,en:0, mEn:0
12-05 02:41:54.711  3323  3368 D Sensors : HrmSpO2Sensor::handle:28 ,en:0
12-05 02:41:54.711  3323  3368 D Sensors : HrmSpO2Sensor::isEnabled:0 ,en:0, mEn:0
12-05 02:41:54.711  3323  3368 D Sensors : HrmLedSensor enable: mEnabled 1, handle 20, en 0
12-05 02:41:54.711  3323  3368 D Sensors : HRMSensor_LED::enable 
12-05 02:41:54.711  3323  3368 D Sensors : HRMSensor led enabled:0, en:0
12-05 02:41:54.712  3323  3368 D Sensors : HrmLedSensor enable: mEnabled 0, handle 21, en 0
12-05 02:41:54.712  3323  3368 D Sensors : HrmLedSensor isEnabled:0 ,en:0
12-05 02:41:54.712  3323  3368 D Sensors : HrmSpO2Sensor::handle:18 ,en:0
12-05 02:41:54.712  3323  3368 D Sensors : HrmSpO2Sensor::isEnabled:0 ,en:0, mEn:0
12-05 02:41:54.713  3323  3368 I         : System server: sensor init done.
12-05 02:41:54.713  3323  3371 D SensorService: new thread SensorEventAckReceiver
12-05 02:41:54.715  3323  3372 D SensorService: nuSensorService thread starting...
12-05 02:41:54.715  3323  3323 W System  : ClassLoader referenced unknown path: /system/priv-app/SettingsProvider/lib/arm64
12-05 02:41:54.731  3323  3323 I SystemServer: Vibrator Service
12-05 02:41:54.732  3323  3323 I SystemServer: Consumer IR Service
12-05 02:41:54.732  3323  3323 E ConsumerIrService: Can't open consumer IR HW Module, error: -2
12-05 02:41:54.732  3323  3323 I SystemServiceManager: Starting com.android.server.AlarmManagerService
12-05 02:41:54.746  3323  3323 I SystemServer: Init Watchdog
12-05 02:41:54.746  3323  3323 I SystemServer: Input Manager
12-05 02:41:54.746  3323  3323 I InputManager: Initializing input manager, mUseDevInputEventForAudioJack=false
12-05 02:41:54.746  3323  3323 I SystemServer: Window Manager
12-05 02:41:54.756  3323  3352 I WindowManager: No existing display settings /data/system/display_settings.xml; starting empty
12-05 02:41:54.778  3323  3323 I InputManager: Starting input manager
12-05 02:41:54.779  3323  3323 I SystemServer: Bluetooth Service
12-05 02:41:54.779  3323  3384 D EventHub: No input device configuration file found for device 'certify_hall'.
12-05 02:41:54.779  3323  3323 I SystemServiceManager: Starting com.android.server.BluetoothService
12-05 02:41:54.781  3323  3323 D BluetoothManagerService: Loading stored name and address
12-05 02:41:54.781  3323  3323 D BluetoothManagerService: Stored bluetooth Name=SM-G935F,Address=D8:C4:E9:A9:2E:B5
12-05 02:41:54.781  3323  3323 D BluetoothService: onStart: publishing BluetoothManagerService
12-05 02:41:54.781  3323  3323 I SystemServer: Input Method Service
12-05 02:41:54.803  3323  3323 I SystemServer: Accessibility Manager
12-05 02:41:54.807  3323  3323 I ActivityManager: choosing minFree values for 64 Bit
12-05 02:41:54.807  3323  3323 I ActivityManager: choosing minFree values for 64 Bit
12-05 02:41:54.807  3323  3323 I ActivityManager: choosing minFree values for 64 Bit
12-05 02:41:54.807  3323  3323 I ActivityManager: choosing minFree values for 64 Bit
12-05 02:41:54.807  3323  3323 I ActivityManager: choosing minFree values for 64 Bit
12-05 02:41:54.807  3323  3323 I ActivityManager: choosing minFree values for 64 Bit
12-05 02:41:54.807  3323  3323 I ActivityManager: Config changes=1df8 {1.0 ?mcc?mnc en_US ldltr sw360dp w360dp h640dp 640dpi nrml long port ?uimode ?night -touch -keyb/h/h -nav/h s.2 themeResource=null}
12-05 02:41:54.809  3323  3323 I ActivityManager: Config changes=400 {1.0 ?mcc?mnc en_US ldltr sw360dp w360dp h616dp 640dpi nrml long port ?uimode ?night -touch -keyb/h/h -nav/h s.3 themeResource=null}
12-05 02:41:54.810  3323  3323 I SystemServiceManager: Starting com.android.server.MountService$Lifecycle
12-05 02:41:54.813  3323  3323 I SystemServiceManager: Starting com.android.server.UiModeManagerService
12-05 02:41:54.813  3323  3385 D MountService: Thinking about reset, mSystemReady=false, mDaemonConnected=true
12-05 02:41:54.813  3323  3385 D MountService: Thinking about reset, mSystemReady=false, mDaemonConnected=true
12-05 02:41:54.814  3323  3385 D CryptdConnector: SND -> {1 cryptfs getfield SystemLocale}
12-05 02:41:54.814  2918  2987 I Ext4Crypt: ext4 crypto complete called on /data
12-05 02:41:54.814  3323  3323 I ActivityManager: Config changes=200 {1.0 ?mcc?mnc en_US ldltr sw360dp w360dp h616dp 640dpi nrml long port -touch -keyb/h/h -nav/h s.4 themeResource=null}
12-05 02:41:54.814  2918  2987 I Ext4Crypt: No master key, so not ext4enc
12-05 02:41:54.814  3323  3387 D CryptdConnector: RCV <- {200 1 -1}
12-05 02:41:54.814  3323  3385 W MountService: No primary storage mounted!
12-05 02:41:54.814  3323  3385 D VoldConnector: SND -> {1 asec list}
12-05 02:41:54.815  3323  3323 I SystemServer: LockSettingsService
12-05 02:41:54.815  3323  3386 D VoldConnector: RCV <- {200 1 asec operation succeeded}
12-05 02:41:54.815  3323  3385 I PackageManager: No secure containers found
12-05 02:41:54.815  3323  3385 W PackageManager: Not granting permission android.permission.INTERACT_ACROSS_USERS_FULL to package org.cyanogenmod.snap (protectionLevel=258 flags=0x3858bc45)
12-05 02:41:54.815  3323  3385 W PackageManager: Not granting permission android.permission.SET_ORIENTATION to package org.cyanogenmod.snap (protectionLevel=2 flags=0x3858bc45)
12-05 02:41:54.815  3323  3385 W PackageManager: Unknown permission com.google.android.googleapps.permission.GOOGLE_AUTH in package com.android.providers.calendar
12-05 02:41:54.815  3323  3385 W PackageManager: Unknown permission com.google.android.googleapps.permission.GOOGLE_AUTH.cl in package com.android.providers.calendar
12-05 02:41:54.815  3323  3385 W PackageManager: Not granting permission android.permission.REAL_GET_TASKS to package org.cyanogenmod.wallpapers.photophase (protectionLevel=18 flags=0x3818be45)
12-05 02:41:54.815  3323  3385 W PackageManager: Unknown permission android.permission.CANCEL_NOTIFICATIONS in package org.cyanogenmod.theme.chooser2
12-05 02:41:54.816  3323  3385 W PackageManager: Unknown permission com.cyanogen.ambient.permission.BIND_CALLER_INFO in package com.android.messaging
12-05 02:41:54.816  3323  3385 W PackageManager: Unknown permission com.cyanogen.ambient.permission.BIND_RIDEINPROGRESS_SERVICE in package com.android.messaging
12-05 02:41:54.816  3323  3385 W PackageManager: Unknown permission com.cyanogen.ambient.permission.BIND_RIDESHARING_SERVICE in package com.android.messaging
12-05 02:41:54.816  3323  3385 W PackageManager: Not granting permission android.permission.ACCESS_DOWNLOAD_MANAGER to package com.android.browser (protectionLevel=18 flags=0x3849be45)
12-05 02:41:54.816  3323  3385 W PackageManager: Not granting permission android.permission.SEND_DOWNLOAD_COMPLETED_INTENTS to package com.android.browser (protectionLevel=2 flags=0x3849be45)
12-05 02:41:54.816  3323  3385 W PackageManager: Unknown permission com.cyngn.stats.SEND_ANALYTICS in package com.cyanogenmod.setupwizard
12-05 02:41:54.816  3323  3385 W PackageManager: Unknown permission com.cyanogen.permission.REQUEST_KILL_SWITCH_OP in package com.cyanogenmod.setupwizard
12-05 02:41:54.816  3323  3385 W PackageManager: Unknown permission com.cyanogen.ambient.permission.BIND_INCALL_SERVICE in package com.android.contacts
12-05 02:41:54.816  3323  3385 W PackageManager: Unknown permission com.cyanogen.ambient.permission.PLUGIN_STATUS_CHANGED in package com.android.contacts
12-05 02:41:54.816  3323  3385 W PackageManager: Unknown permission com.cyanogen.ambient.permission.BIND_CALLER_INFO in package com.android.contacts
12-05 02:41:54.816  3323  3385 W PackageManager: Unknown permission com.google.android.googleapps.permission.GOOGLE_AUTH.mail in package com.android.calendar
12-05 02:41:54.816  3323  3385 W PackageManager: Unknown permission com.android.launcher.permission.READ_SETTINGS in package com.android.onetimeinitializer
12-05 02:41:54.816  3323  3385 W PackageManager: Unknown permission com.android.launcher.permission.WRITE_SETTINGS in package com.android.onetimeinitializer
12-05 02:41:54.816  3323  3323 I SystemServiceManager: Starting com.android.server.DeviceIdleController
12-05 02:41:54.816  3323  3385 W PackageManager: Unknown permission com.cyanogen.ambient.permission.BIND_INCALL_SERVICE in package com.android.dialer
12-05 02:41:54.816  3323  3385 W PackageManager: Unknown permission com.cyanogen.ambient.permission.PLUGIN_STATUS_CHANGED in package com.android.dialer
12-05 02:41:54.816  3323  3385 W PackageManager: Unknown permission com.cyanogen.ambient.permission.PUBLISH_DISCOVERY_NUDGE in package com.android.dialer
12-05 02:41:54.816  3323  3385 W PackageManager: Unknown permission com.cyanogen.ambient.permission.BIND_DEEPLINK_SERVICE in package com.android.dialer
12-05 02:41:54.816  3323  3385 W PackageManager: Unknown permission com.cyanogen.ambient.permission.READ_DEEPLINK_DATABASE in package com.android.dialer
12-05 02:41:54.816  3323  3385 W PackageManager: Unknown permission com.cyanogen.ambient.permission.BIND_CALLER_INFO in package com.android.dialer
12-05 02:41:54.816  3323  3385 W PackageManager: Unknown permission com.android.launcher.permission.READ_SETTINGS in package com.cyanogenmod.trebuchet
12-05 02:41:54.816  3323  3385 W PackageManager: Unknown permission com.android.launcher.permission.WRITE_SETTINGS in package com.cyanogenmod.trebuchet
12-05 02:41:54.817  3323  3385 W PackageManager: Unknown permission com.cyngn.stats.SEND_ANALYTICS in package com.cyanogenmod.trebuchet
12-05 02:41:54.817  3323  3385 W PackageManager: Unknown permission com.google.android.permission.INSTALL_WEARABLE_PACKAGES in package com.android.packageinstaller
12-05 02:41:54.817  3323  3385 W PackageManager: Not granting permission android.permission.DELETE_PACKAGES to package com.svox.pico (protectionLevel=18 flags=0x3808be45)
12-05 02:41:54.817  3323  3385 W PackageManager: Unknown permission android.permission.ACCESS_SUPERUSER in package com.cyanogenmod.filemanager
12-05 02:41:54.817  3323  3385 W PackageManager: Unknown permission com.cyanogenmod.filemanager.permissions.READ_THEME in package com.cyanogenmod.filemanager
12-05 02:41:54.817  3323  3385 W PackageManager: Unknown permission com.google.android.gallery3d.permission.PICASA_STORE in package com.android.dreams.phototable
12-05 02:41:54.817  3323  3385 W PackageManager: Unknown permission com.google.android.googleapps.permission.GOOGLE_AUTH in package com.android.settings
12-05 02:41:54.817  3323  3385 W PackageManager: Unknown permission com.android.launcher.permission.READ_SETTINGS in package com.android.settings
12-05 02:41:54.817  3323  3385 W PackageManager: Unknown permission com.android.launcher.permission.WRITE_SETTINGS in package com.android.settings
12-05 02:41:54.817  3323  3385 W PackageManager: Not granting permission android.permission.REAL_GET_TASKS to package com.cyanogenmod.eleven (protectionLevel=18 flags=0x3818be65)
12-05 02:41:54.818  2993  2993 I AudioPolicyService: AudioPolicyService CSTOR in new mode
12-05 02:41:54.819  3323  3385 W PackageManager: Unknown permission com.google.android.gallery3d.permission.GALLERY_PROVIDER in package com.android.bluetooth
12-05 02:41:54.819  3323  3385 W PackageManager: Unknown permission com.google.android.googleapps.permission.ACCESS_GOOGLE_PASSWORD in package com.android.development
12-05 02:41:54.819  3323  3385 W PackageManager: Unknown permission com.google.android.googleapps.permission.GOOGLE_AUTH in package com.android.development
12-05 02:41:54.819  3323  3385 W PackageManager: Unknown permission com.google.android.googleapps.permission.GOOGLE_AUTH.ALL_SERVICES in package com.android.development
12-05 02:41:54.819  3323  3385 W PackageManager: Unknown permission com.google.android.googleapps.permission.GOOGLE_AUTH.YouTubeUser in package com.android.development
12-05 02:41:54.819  2993  2993 I APM::ConfigParsingUtils: loadAudioPolicyConfig() loaded /system/etc/audio_policy.conf
12-05 02:41:54.856  3323  3385 W MountService: No primary storage defined yet; hacking together a stub
12-05 02:41:54.857  3323  3385 W MountService: No primary storage defined yet; hacking together a stub
12-05 02:41:54.857  3323  3323 I SystemServiceManager: Starting com.android.server.devicepolicy.DevicePolicyManagerService$Lifecycle
12-05 02:41:54.857  3323  3385 W MountService: No primary storage mounted!
12-05 02:41:54.857  3323  3385 D VoldConnector: SND -> {2 asec list}
12-05 02:41:54.857  3323  3386 D VoldConnector: RCV <- {200 2 asec operation succeeded}
12-05 02:41:54.859  3323  3323 I SystemServer: Status Bar
12-05 02:41:54.860  3323  3323 I SystemServer: Clipboard Service
12-05 02:41:54.861  3323  3323 I SystemServer: NetworkManagement Service
12-05 02:41:54.863  3323  3323 I SystemServer: Text Service Manager Service
12-05 02:41:54.864  3323  3323 I SystemServer: Network Score Service
12-05 02:41:54.864  3323  3323 I SystemServer: NetworkStats Service
12-05 02:41:54.867  3323  3323 I SystemServer: NetworkPolicy Service
12-05 02:41:54.870  3323  3384 D EventHub: No input device configuration file found for device 'ssp_context'.
12-05 02:41:54.876  3323  3323 I SystemServiceManager: Starting com.android.server.wifi.p2p.WifiP2pService
12-05 02:41:54.891  3323  3323 I WifiP2pService: Registering wifip2p
12-05 02:41:54.892  3323  3323 I SystemServiceManager: Starting com.android.server.wifi.WifiService
12-05 02:41:54.940  3323  3384 D EventHub: No input device configuration file found for device 'meta_event'.
12-05 02:41:54.952  3323  3323 D HS20    : Passpoint is disabled
12-05 02:41:54.959  3323  3323 D WifiController: isAirplaneModeOn = false, isWifiEnabled = false, isScanningAvailable = false
12-05 02:41:54.959  3323  3323 I WifiService: Registering wifi
12-05 02:41:54.960  3323  3323 I SystemServiceManager: Starting com.android.server.wifi.WifiScanningService
12-05 02:41:54.960  3323  3323 I WifiScanningService: Creating wifiscanner
12-05 02:41:54.960  3323  3323 I WifiScanningService: Starting wifiscanner
12-05 02:41:54.960  3323  3323 I SystemServiceManager: Starting com.android.server.wifi.RttService
12-05 02:41:54.960  3323  3323 I RttService: Creating rttmanager
12-05 02:41:54.960  3323  3323 I RttService: Starting rttmanager
12-05 02:41:54.961  3323  3323 I SystemServiceManager: Starting com.android.server.ethernet.EthernetService
12-05 02:41:54.962  3323  3323 I EthernetServiceImpl: Creating EthernetConfigStore
12-05 02:41:54.962  3323  3323 E IpConfigStore: Error parsing configuration: java.io.FileNotFoundException: /data/misc/ethernet/ipconfig.txt: open failed: ENOENT (No such file or directory)
12-05 02:41:54.962  3323  3323 W EthernetConfigStore: No Ethernet configuration found. Using default.
12-05 02:41:54.963  3323  3323 I EthernetServiceImpl: Read stored IP configuration: IP assignment: DHCP
12-05 02:41:54.963  3323  3323 I EthernetServiceImpl: Proxy settings: NONE
12-05 02:41:54.963  3323  3323 I EthernetService: Registering service ethernet
12-05 02:41:54.963  3323  3323 I SystemServer: Connectivity Service
12-05 02:41:54.964  3323  3323 D ConnectivityService: ConnectivityService starting up
12-05 02:41:54.967  3323  3323 D ConnectivityService: wifiOnly=false
12-05 02:41:54.967  3323  3323 E ConnectivityService: Error in networkAttributes - ignoring attempt to redefine type 7
12-05 02:41:54.967  3323  3323 E ConnectivityService: Ignoring protectedNetwork 15
12-05 02:41:54.970  3323  3323 I SystemServer: Network Service Discovery Service
12-05 02:41:54.971  3323  3323 D NsdService: Network service discovery enabled true
12-05 02:41:54.972  3323  3323 I SystemServer: UpdateLock Service
12-05 02:41:54.973  3323  3323 I SystemServiceManager: Starting com.android.server.notification.NotificationManagerService
12-05 02:41:54.979  3323  3323 I ZenModeConfig: Migrating existing shared 'from': stars
12-05 02:41:54.986  3323  3323 I SystemServiceManager: Starting com.android.server.storage.DeviceStorageMonitorService
12-05 02:41:54.987  3323  3323 I SystemServer: Location Manager
12-05 02:41:54.990  3323  3323 I SystemServer: Country Detector
12-05 02:41:54.990  3323  3323 I SystemServer: Search Service
12-05 02:41:54.990  3323  3384 D EventHub: No input device configuration file found for device 'interrupt_gyro_sensor'.
12-05 02:41:54.991  3323  3323 I SystemServer: DropBox Service
12-05 02:41:54.992  3323  3323 I SystemServer: Wallpaper Service
12-05 02:41:54.995  3323  3323 W WallpaperManagerService: no current wallpaper -- first boot?
12-05 02:41:54.995  3323  3323 I SystemServer: Audio Service
12-05 02:41:54.999  3323  3404 I ServiceManager: Waiting for service media.audio_policy...
12-05 02:41:54.999  3323  3323 W TelecomManager: Telecom Service not found.
12-05 02:41:55.040  3323  3384 D EventHub: No input device configuration file found for device 'step_cnt_sensor'.
12-05 02:41:55.080  3323  3384 D EventHub: No input device configuration file found for device 'sig_motion_sensor'.
12-05 02:41:55.130  3323  3384 D EventHub: No input device configuration file found for device 'gesture_sensor'.
12-05 02:41:55.157  3323  3395 D WifiApConfigStore: 2G band allowed channels are:1,6,11
12-05 02:41:55.240  3323  3384 D EventHub: No input device configuration file found for device 'temp_humidity_sensor'.
12-05 02:41:55.320  3323  3384 D EventHub: No input device configuration file found for device 'proximity_sensor'.
12-05 02:41:55.370  3323  3384 D EventHub: No input device configuration file found for device 'light_ir_sensor'.
12-05 02:41:55.430  3323  3384 D EventHub: No input device configuration file found for device 'light_sensor'.
12-05 02:41:55.452  2993  2993 V audio_hw_primary: adev_open: Forcing voice config: wide
12-05 02:41:55.452  2993  2993 I AudioFlinger: loadHwModule() Loaded primary audio interface from Samsung audio HW HAL (audio) handle 1
12-05 02:41:55.452  2993  2993 I AudioFlinger: openOutput(), module 1 Device 2, SamplingRate 44100, Format 0x000001, Channels 3, flags 2
12-05 02:41:55.452  2993  2993 I AudioFlinger: AudioStreamOut::open(), mHalFormatIsLinearPcm = 1
12-05 02:41:55.452  2993  2993 I AudioFlinger: HAL output buffer size 256 frames, normal sink buffer size 960 frames
12-05 02:41:55.461  2993  2993 I BufferProvider: found effect "Multichannel Downmix To Stereo" from The Android Open Source Project
12-05 02:41:55.461  2993  2993 E MonoPipe: Failed to fetch local time frequency when constructing a MonoPipe (res = -32).  getNextWriteTimestamp calls will be non-functional
12-05 02:41:55.461  2993  2993 I AudioFlinger: Using module 1 has the primary audio interface
12-05 02:41:55.461  2993  3407 I AudioFlinger: AudioFlinger's thread 0xf2f00000 ready to run
12-05 02:41:55.461  2993  3407 V audio_hw_primary: do_out_standby: output standby: 1
12-05 02:41:55.461  2993  3407 V audio_hw_primary: out_set_parameters: key value pairs: routing=2
12-05 02:41:55.461  2993  3407 E AudioFlinger: no wake lock to update!
12-05 02:41:55.462  2993  2993 V audio_hw_primary: adev_open_input_stream: Created resampler converting 48000 -> 16000
12-05 02:41:55.462  2993  2993 V audio_hw_primary: adev_open_input_stream: Requesting input stream with rate: 16000, channels: 0xc
12-05 02:41:55.462  2993  3408 I AudioFlinger: AudioFlinger's thread 0xf2bc0000 ready to run
12-05 02:41:55.463  2993  2993 I r_submix: adev_open(name=audio_hw_if)
12-05 02:41:55.463  2993  2993 I r_submix: adev_init_check()
12-05 02:41:55.463  2993  2993 I AudioFlinger: loadHwModule() Loaded r_submix audio interface from Wifi Display audio HAL (audio) handle 4
12-05 02:41:55.463  2993  2993 D r_submix: adev_open_input_stream(addr=0)
12-05 02:41:55.463  2993  2993 D r_submix: submix_audio_device_create_pipe_l(addr=0, idx=9)
12-05 02:41:55.463  2993  2993 D r_submix:   now using address 0 for route 9
12-05 02:41:55.463  2993  3409 I AudioFlinger: AudioFlinger's thread 0xf2bc0000 ready to run
12-05 02:41:55.463  2993  2993 D r_submix: adev_close_input_stream()
12-05 02:41:55.463  2993  2993 D r_submix: submix_audio_device_release_pipe_l(idx=9) addr=0
12-05 02:41:55.463  2993  2993 D r_submix: submix_audio_device_destroy_pipe_l(): pipe destroyed
12-05 02:41:55.464  2993  2993 E SoundTriggerHwService: couldn't load sound trigger module sound_trigger.primary (No such file or directory)
12-05 02:41:55.464  2993  2993 I RadioService: RadioService
12-05 02:41:55.464  2993  2993 I RadioService: onFirstRef
12-05 02:41:55.464  2993  2993 E RadioService: couldn't load radio module radio.primary (No such file or directory)
12-05 02:41:55.464  2993  3410 D PermissionCache: checking android.permission.MODIFY_AUDIO_SETTINGS for uid=1000 => granted (165 us)
12-05 02:41:55.464  2993  2993 V audio_hw_primary: adev_set_mic_mute: set mic mute: 0
12-05 02:41:55.470  3323  3384 D EventHub: No input device configuration file found for device 'grip_sensor'.
12-05 02:41:55.511  3323  3384 D EventHub: No input device configuration file found for device 'uv_sensor'.
12-05 02:41:55.580  3323  3384 D EventHub: No input device configuration file found for device 'hrmled_sensor'.
12-05 02:41:55.620  3323  3384 D EventHub: No input device configuration file found for device 'hrm_sensor'.
12-05 02:41:55.660  3323  3384 E EventHub: could not get driver version for /dev/input/mice, Not a typewriter
12-05 02:41:55.710  3323  3384 D EventHub: No input device configuration file found for device 'sec_touchscreen'.
12-05 02:41:55.715  3323  3384 W EventHub: Unable to disable kernel key repeat for /dev/input/event1: Function not implemented
12-05 02:41:55.715  3323  3384 I EventHub: New device: id=16, fd=119, path='/dev/input/event1', name='sec_touchscreen', classes=0x15, configuration='', keyLayout='/system/usr/keylayout/Generic.kl', keyCharacterMap='/system/usr/keychars/Generic.kcm', builtinKeyboard=false, wakeMechanism=EPOLLWAKEUP, usingClockIoctl=true
12-05 02:41:55.715  3323  3384 D EventHub: No input device configuration file found for device 'gpio_keys'.
12-05 02:41:55.717  3323  3384 W EventHub: Unable to disable kernel key repeat for /dev/input/event17: Function not implemented
12-05 02:41:55.717  3323  3384 I EventHub: New device: id=17, fd=120, path='/dev/input/event17', name='gpio_keys', classes=0x1, configuration='', keyLayout='/system/usr/keylayout/Generic.kl', keyCharacterMap='/system/usr/keychars/Generic.kcm', builtinKeyboard=false, wakeMechanism=EPOLLWAKEUP, usingClockIoctl=true
12-05 02:41:55.717  3323  3384 D EventHub: No input device configuration file found for device 'Headset'.
12-05 02:41:55.718  3323  3384 W EventHub: Unable to disable kernel key repeat for /dev/input/event16: Function not implemented
12-05 02:41:55.718  3323  3384 I EventHub: New device: id=18, fd=121, path='/dev/input/event16', name='Headset', classes=0x1, configuration='', keyLayout='/system/usr/keylayout/Generic.kl', keyCharacterMap='/system/usr/keychars/Generic.kcm', builtinKeyboard=false, wakeMechanism=EPOLLWAKEUP, usingClockIoctl=true
12-05 02:41:55.718  3323  3384 D EventHub: No input device configuration file found for device 'sec_touchkey'.
12-05 02:41:55.719  3323  3384 W EventHub: Unable to disable kernel key repeat for /dev/input/event0: Function not implemented
12-05 02:41:55.719  3323  3384 I EventHub: New device: id=19, fd=122, path='/dev/input/event0', name='sec_touchkey', classes=0x1, configuration='', keyLayout='/system/usr/keylayout/Generic.kl', keyCharacterMap='/system/usr/keychars/Generic.kcm', builtinKeyboard=false, wakeMechanism=EPOLLWAKEUP, usingClockIoctl=true
12-05 02:41:55.719  3323  3384 D EventHub: No input device configuration file found for device 'hall'.
12-05 02:41:55.794  3323  3384 I InputReader: Device added: id=-1, name='Virtual', sources=0x00000301
12-05 02:41:55.794  3323  3384 I InputReader: Device added: id=19, name='sec_touchkey', sources=0x00000101
12-05 02:41:55.794  3323  3384 I InputReader: Device added: id=18, name='Headset', sources=0x00000101
12-05 02:41:55.794  3323  3384 I InputReader: Device added: id=17, name='gpio_keys', sources=0x00000101
12-05 02:41:55.795  3323  3384 I InputReader:   Touch device 'sec_touchscreen' could not query the properties of its associated display.  The device will be inoperable until the display size becomes available.
12-05 02:41:55.795  3323  3384 I InputReader: Device added: id=16, name='sec_touchscreen', sources=0x00001103
12-05 02:41:55.795  3323  3384 I InputReader: Reconfiguring input devices.  changes=0x00000004
12-05 02:41:55.795  3323  3384 I InputReader: Device reconfigured: id=16, name='sec_touchscreen', size 1440x2560, orientation 0, mode 1, display id 0
12-05 02:41:55.795  3323  3383 I ActivityManager: Config changes=8 {1.0 ?mcc?mnc en_US ldltr sw360dp w360dp h616dp 640dpi nrml long port finger -keyb/h/h -nav/h s.5 themeResource=null}
12-05 02:41:56.009  3323  3323 I SystemServiceManager: Starting com.android.server.DockObserver
12-05 02:41:56.010  3323  3323 I SystemServer: Wired Accessory Manager
12-05 02:41:56.011  3323  3323 W WiredAccessoryManager: This kernel does not have usb audio support
12-05 02:41:56.011  3323  3323 W WiredAccessoryManager: This kernel does not have HDMI audio support
12-05 02:41:56.011  3323  3323 I SystemServiceManager: Starting com.android.server.usb.UsbService$Lifecycle
12-05 02:41:56.021  3323  3323 I SystemServer: Serial Service
12-05 02:41:56.022  3323  3323 I SystemServiceManager: Starting com.android.server.twilight.TwilightService
12-05 02:41:56.022  3323  3323 I SystemServiceManager: Starting com.android.server.job.JobSchedulerService
12-05 02:41:56.026  3323  3323 D JobStore: job-info
12-05 02:41:56.027  3323  3323 I SystemServiceManager: Starting com.android.server.backup.BackupManagerService$Lifecycle
12-05 02:41:56.027  3323  3323 I SystemServiceManager: Starting com.android.server.appwidget.AppWidgetService
12-05 02:41:56.029  3323  3323 I SystemServiceManager: Starting com.android.server.voiceinteraction.VoiceInteractionManagerService
12-05 02:41:56.029  2993  3411 D PermissionCache: checking android.permission.CAPTURE_AUDIO_HOTWORD for uid=1000 => granted (84 us)
12-05 02:41:56.029  3323  3323 W SoundTriggerHelper: listModules status=0, # of modules=0
12-05 02:41:56.030  3323  3323 I SystemServer: Gesture Launcher Service
12-05 02:41:56.030  3323  3323 I SystemServiceManager: Starting com.android.server.GestureLauncherService
12-05 02:41:56.030  3323  3323 I SystemServer: DiskStats Service
12-05 02:41:56.030  3323  3323 I SystemServer: SamplingProfiler Service
12-05 02:41:56.039  3323  3323 I SystemServer: NetworkTimeUpdateService
12-05 02:41:56.039  3323  3323 I SystemServer: CommonTimeManagementService
12-05 02:41:56.040  3323  3323 I SystemServer: CertBlacklister
12-05 02:41:56.040  3323  3323 I SystemServiceManager: Starting com.android.server.dreams.DreamManagerService
12-05 02:41:56.041  3323  3323 I SystemServer: Assets Atlas Service
12-05 02:41:56.043  3323  3323 I SystemServiceManager: Starting com.android.server.print.PrintManagerService
12-05 02:41:56.044  3323  3413 D AssetAtlas: Loaded configuration: SliceMinArea (2048x2048) flags=0x2 count=267
12-05 02:41:56.044  3323  3323 I SystemServiceManager: Starting com.android.server.restrictions.RestrictionsManagerService
12-05 02:41:56.045  3323  3323 I SystemServiceManager: Starting com.android.server.media.MediaSessionService
12-05 02:41:56.047  3323  3323 I SystemServer: Media Router Service
12-05 02:41:56.048  3323  3323 I SystemServiceManager: Starting com.android.server.trust.TrustManagerService
12-05 02:41:56.051  3323  3323 I SystemServiceManager: Starting com.android.server.fingerprint.FingerprintService
12-05 02:41:56.053  3000  3000 D PermissionCache: checking android.permission.MANAGE_FINGERPRINT for uid=1000 => granted (133 us)
12-05 02:41:56.053  3000  3000 V fingerprintd: nativeOpenHal()
12-05 02:41:56.053  3000  3000 E fingerprintd: Can't open fingerprint HW Module, error: -2
12-05 02:41:56.054  3323  3323 W FingerprintService: Failed to open Fingerprint HAL!
12-05 02:41:56.054  3323  3323 V FingerprintService: Fingerprint HAL id: 0
12-05 02:41:56.054  3323  3323 I SystemServer: BackgroundDexOptService
12-05 02:41:56.055  3323  3323 I SystemServiceManager: Starting com.android.server.pm.LauncherAppsService
12-05 02:41:56.055  3323  3323 I SystemServiceManager: Starting com.android.server.media.projection.MediaProjectionManagerService
12-05 02:41:56.067  3323  3331 W JavaBinder: BinderProxy is being destroyed but the application did not call unlinkToDeath to unlink all of its death recipients beforehand.  Releasing leaked death recipient: com.android.server.fingerprint.FingerprintService
12-05 02:41:56.075  3323  3323 I WindowManager: SAFE MODE not enabled
12-05 02:41:56.077  3323  3323 I SystemServiceManager: Starting com.android.server.MmsServiceBroker
12-05 02:41:56.078  3323  3323 I CMSystemServer: Attempting to start service org.cyanogenmod.platform.internal.CMStatusBarManagerService
12-05 02:41:56.080  3323  3323 I CMSystemServer: Starting service org.cyanogenmod.platform.internal.CMStatusBarManagerService
12-05 02:41:56.080  3323  3323 I SystemServiceManager: Starting org.cyanogenmod.platform.internal.CMStatusBarManagerService
12-05 02:41:56.080  3323  3323 D CMStatusBarManagerService: registerCMStatusBar cmstatusbar: org.cyanogenmod.platform.internal.CMStatusBarManagerService@c3892c6
12-05 02:41:56.081  3323  3323 I CMSystemServer: Attempting to start service org.cyanogenmod.platform.internal.ProfileManagerService
12-05 02:41:56.085  3323  3323 I CMSystemServer: Starting service org.cyanogenmod.platform.internal.ProfileManagerService
12-05 02:41:56.085  3323  3323 I SystemServiceManager: Starting org.cyanogenmod.platform.internal.ProfileManagerService
12-05 02:41:56.085  2979  2979 E ServiceManager: add_service('profile',61) uid=1000 - ALREADY REGISTERED, OVERRIDE
12-05 02:41:56.085  2979  2979 I ServiceManager: service 'profile' died
12-05 02:41:56.086  3323  3396 D WifiService: New client listening to asynchronous messages
12-05 02:41:56.087  3323  3323 V ProfileTriggerHelper: Enabling
12-05 02:41:56.088  3323  3323 D CMProfileService: Found active: 0230226d-0d05-494a-a9bd-d222a1117655
12-05 02:41:56.089  3323  3323 D CMProfileService: Set active profile to: 0230226d-0d05-494a-a9bd-d222a1117655 - Default
12-05 02:41:56.089  3323  3323 D CMProfileService: Saving profile data...
12-05 02:41:56.090  3323  3323 D CMProfileService: Save completed.
12-05 02:41:56.091  3323  3323 I CMSystemServer: Attempting to start service org.cyanogenmod.platform.internal.PartnerInterfaceService
12-05 02:41:56.092  3323  3323 I CMSystemServer: Starting service org.cyanogenmod.platform.internal.PartnerInterfaceService
12-05 02:41:56.092  3323  3323 I SystemServiceManager: Starting org.cyanogenmod.platform.internal.PartnerInterfaceService
12-05 02:41:56.092  2979  2979 E ServiceManager: add_service('cmpartnerinterface',62) uid=1000 - ALREADY REGISTERED, OVERRIDE
12-05 02:41:56.092  2979  2979 I ServiceManager: service 'cmpartnerinterface' died
12-05 02:41:56.092  3323  3323 I CMSystemServer: Attempting to start service org.cyanogenmod.platform.internal.CMTelephonyManagerService
12-05 02:41:56.093  3323  3323 I CMSystemServer: Starting service org.cyanogenmod.platform.internal.CMTelephonyManagerService
12-05 02:41:56.093  3323  3323 I SystemServiceManager: Starting org.cyanogenmod.platform.internal.CMTelephonyManagerService
12-05 02:41:56.093  3323  3323 I CMSystemServer: Attempting to start service org.cyanogenmod.platform.internal.CMHardwareService
12-05 02:41:56.098  3323  3323 I CMSystemServer: Starting service org.cyanogenmod.platform.internal.CMHardwareService
12-05 02:41:56.098  3323  3323 I SystemServiceManager: Starting org.cyanogenmod.platform.internal.CMHardwareService
12-05 02:41:56.099  2979  2979 E ServiceManager: add_service('cmhardware',64) uid=1000 - ALREADY REGISTERED, OVERRIDE
12-05 02:41:56.099  2979  2979 I ServiceManager: service 'cmhardware' died
12-05 02:41:56.100  3323  3323 I CMSystemServer: Attempting to start service org.cyanogenmod.platform.internal.AppSuggestManagerService
12-05 02:41:56.100  3323  3323 I CMSystemServer: Starting service org.cyanogenmod.platform.internal.AppSuggestManagerService
12-05 02:41:56.100  3323  3323 I SystemServiceManager: Starting org.cyanogenmod.platform.internal.AppSuggestManagerService
12-05 02:41:56.101  3323  3323 W ServiceWatcher: com.cyanogen.app.suggest not found
12-05 02:41:56.101  3323  3323 E AppSgstMgrService: no app suggest provider found
12-05 02:41:56.101  3323  3323 I CMSystemServer: Attempting to start service org.cyanogenmod.platform.internal.PerformanceManagerService
12-05 02:41:56.104  3323  3418 I ServiceThread: Enabled StrictMode logging for PerformanceManager looper.
12-05 02:41:56.104  3323  3323 I CMSystemServer: Starting service org.cyanogenmod.platform.internal.PerformanceManagerService
12-05 02:41:56.104  3323  3323 I SystemServiceManager: Starting org.cyanogenmod.platform.internal.PerformanceManagerService
12-05 02:41:56.105  3323  3430 I ServiceThread: Enabled StrictMode logging for PerformanceManager looper.
12-05 02:41:56.105  3323  3323 I CMSystemServer: Attempting to start service org.cyanogenmod.platform.internal.ThemeManagerServiceBroker
12-05 02:41:56.107  3323  3323 E BrokerableCMSystemService: Setting brokered service connection org.cyanogenmod.platform.internal.ThemeManagerServiceBroker$2@568a411
12-05 02:41:56.107  3323  3323 I CMSystemServer: Starting service org.cyanogenmod.platform.internal.ThemeManagerServiceBroker
12-05 02:41:56.107  3323  3323 I SystemServiceManager: Starting org.cyanogenmod.platform.internal.ThemeManagerServiceBroker
12-05 02:41:56.107  3323  3323 E BrokerableCMSystemService: Setting brokered service connection org.cyanogenmod.platform.internal.ThemeManagerServiceBroker$2@5b13976
12-05 02:41:56.107  3323  3323 I CMSystemServer: Attempting to start service org.cyanogenmod.platform.internal.IconCacheManagerServiceBroker
12-05 02:41:56.108  3323  3323 E BrokerableCMSystemService: Setting brokered service connection org.cyanogenmod.platform.internal.IconCacheManagerServiceBroker$2@33b9b77
12-05 02:41:56.108  3323  3323 I CMSystemServer: Starting service org.cyanogenmod.platform.internal.IconCacheManagerServiceBroker
12-05 02:41:56.108  3323  3323 I SystemServiceManager: Starting org.cyanogenmod.platform.internal.IconCacheManagerServiceBroker
12-05 02:41:56.108  3323  3323 E BrokerableCMSystemService: Setting brokered service connection org.cyanogenmod.platform.internal.IconCacheManagerServiceBroker$2@ec9a3e4
12-05 02:41:56.109  3323  3323 I CMSystemServer: Attempting to start service org.cyanogenmod.platform.internal.LiveLockScreenServiceBroker
12-05 02:41:56.110  3323  3323 E BrokerableCMSystemService: Setting brokered service connection org.cyanogenmod.platform.internal.LiveLockScreenServiceBroker$2@222704d
12-05 02:41:56.110  3323  3323 I CMSystemServer: Starting service org.cyanogenmod.platform.internal.LiveLockScreenServiceBroker
12-05 02:41:56.110  3323  3323 I SystemServiceManager: Starting org.cyanogenmod.platform.internal.LiveLockScreenServiceBroker
12-05 02:41:56.111  3323  3323 E BrokerableCMSystemService: Setting brokered service connection org.cyanogenmod.platform.internal.LiveLockScreenServiceBroker$2@f6f7702
12-05 02:41:56.111  3323  3323 I CMSystemServer: Attempting to start service org.cyanogenmod.platform.internal.WeatherManagerServiceBroker
12-05 02:41:56.111  3323  3323 I CMSystemServer: Starting service org.cyanogenmod.platform.internal.WeatherManagerServiceBroker
12-05 02:41:56.111  3323  3413 D AssetAtlas: Rendered atlas in 62.49ms (52.89+9.60ms)
12-05 02:41:56.111  3323  3323 I SystemServiceManager: Starting org.cyanogenmod.platform.internal.WeatherManagerServiceBroker
12-05 02:41:56.111  3323  3323 I CMSystemServer: Attempting to start service org.cyanogenmod.platform.internal.display.LiveDisplayService
12-05 02:41:56.114  3323  3431 I ServiceThread: Enabled StrictMode logging for LiveDisplay looper.
12-05 02:41:56.114  3323  3323 I CMSystemServer: Starting service org.cyanogenmod.platform.internal.display.LiveDisplayService
12-05 02:41:56.114  3323  3323 I SystemServiceManager: Starting org.cyanogenmod.platform.internal.display.LiveDisplayService
12-05 02:41:56.115  3323  3432 I ServiceThread: Enabled StrictMode logging for LiveDisplay looper.
12-05 02:41:56.115  3323  3323 I CMSystemServer: Attempting to start service org.cyanogenmod.platform.internal.CMAudioServiceBroker
12-05 02:41:56.115  3323  3323 I CMSystemServer: Starting service org.cyanogenmod.platform.internal.CMAudioServiceBroker
12-05 02:41:56.115  3323  3323 I SystemServiceManager: Starting org.cyanogenmod.platform.internal.CMAudioServiceBroker
12-05 02:41:56.122  3323  3323 E LockSettingsStorage: Cannot read file java.io.FileNotFoundException: /data/system/gatekeeper.password.key: open failed: ENOENT (No such file or directory)
12-05 02:41:56.122  3323  3323 E LockSettingsStorage: Cannot read file java.io.FileNotFoundException: /data/system/password.key: open failed: ENOENT (No such file or directory)
12-05 02:41:56.122  3323  3323 E LockSettingsStorage: Cannot read file java.io.FileNotFoundException: /data/system/gatekeeper.pattern.key: open failed: ENOENT (No such file or directory)
12-05 02:41:56.122  3323  3323 E LockSettingsStorage: Cannot read file java.io.FileNotFoundException: /data/system/gatekeeper.gesture.key: open failed: ENOENT (No such file or directory)
12-05 02:41:56.122  3323  3323 E LockSettingsStorage: Cannot read file java.io.FileNotFoundException: /data/system/gesture.key: open failed: ENOENT (No such file or directory)
12-05 02:41:56.122  3323  3323 E LockSettingsStorage: Cannot read file java.io.FileNotFoundException: /data/system/cm_gesture.key: open failed: ENOENT (No such file or directory)
12-05 02:41:56.122  3323  3323 I SystemServiceManager: Starting phase 480
12-05 02:41:56.124  3323  3323 I SystemServiceManager: Starting phase 500
12-05 02:41:56.124  3323  3323 D BluetoothService: onBootPhase: PHASE_SYSTEM_SERVICES_READY
12-05 02:41:56.124  3323  3323 D BluetoothManagerService: Bluetooth boot completed
12-05 02:41:56.125  3323  3323 I WifiService: WifiService starting up with Wi-Fi disabled
12-05 02:41:56.128  3323  3323 I WifiScanningService: Registering wifiscanner
12-05 02:41:56.129  3323  3323 I RttService: Registering rttmanager
12-05 02:41:56.130  3323  3323 I EthernetServiceImpl: Starting Ethernet service
12-05 02:41:56.131  3323  3323 D Ethernet: Registering NetworkFactory
12-05 02:41:56.131  3323  3397 D ConnectivityService: Got NetworkFactory Messenger for Ethernet
12-05 02:41:56.131  3323  3436 D Ethernet: got request NetworkRequest [ id=1, legacyType=-1, [ Capabilities: INTERNET&NOT_RESTRICTED&TRUSTED&NOT_VPN] ] with score 0
12-05 02:41:56.136  3323  3323 V BackupManagerService: No ancestral data
12-05 02:41:56.154  3323  3323 V KeyValueBackupJob: Scheduling k/v pass in 246 minutes
12-05 02:41:56.171  3323  3323 V BackupManagerService: Starting with transport com.google.android.gms/.backup.BackupTransportService
12-05 02:41:56.171  3323  3323 V BackupManagerService: Found transports: 1
12-05 02:41:56.172  3323  3323 I BackupManagerService: Binding to transport host ComponentInfo{android/com.android.internal.backup.LocalTransportService}
12-05 02:41:56.173  3323  3323 I BackupManagerService: Found stale backup journal, scheduling
12-05 02:41:56.186  3323  3323 I ActivityManager: Config changes=20 {1.0 ?mcc?mnc en_US ldltr sw360dp w360dp h616dp 640dpi nrml long port finger -keyb/v/h -nav/h s.6 themeResource=null}
12-05 02:41:56.230  3323  3323 W PackageManager: Unable to get pkg for processing system
12-05 02:41:56.231  3323  3323 E PackageManager: Unable to find icon pack: system
