12-13 17:53:28.262  3342  3355 W Searchables: No global search activity found
12-13 17:53:28.264  3342  3355 W Searchables: No global search activity found
12-13 17:53:28.364  4576  4576 I CalendarProvider2: Sending notification intent: Intent { act=android.intent.action.PROVIDER_CHANGED dat=content://com.android.calendar flg=0x20000000 }
12-13 17:53:28.364  4576  4576 W ContentResolver: Failed to get type for: content://com.android.calendar (Unknown URL content://com.android.calendar)
12-13 17:53:28.379  4698  4713 V AlarmClock: AlarmInitReceiver finished
12-13 17:53:28.382  4244  4244 D EmailBroadcastReceiver: Received android.intent.action.BOOT_COMPLETED
12-13 17:53:28.394  3342  3509 I ActivityManager: Start proc 4716:com.android.gallery3d/u0a54 for broadcast com.android.gallery3d/com.android.camera.DisableCameraReceiver
12-13 17:53:28.395  4244  4715 I Email   : Onetime initialization: 1
12-13 17:53:28.395  4244  4715 I Email   : Onetime initialization: 2
12-13 17:53:28.396  4244  4715 I Email   : Onetime initialization: completed.
12-13 17:53:28.399  4198  4198 I Exchange: EasService.onCreate
12-13 17:53:28.402  4198  4729 I Exchange: RestartPingTask
12-13 17:53:28.410  4198  4198 I Exchange: RestartPingsTask did not start any pings.
12-13 17:53:28.410  4198  4198 I Exchange: PSS stopIfIdle
12-13 17:53:28.410  4198  4198 I Exchange: PSS has no active accounts; stopping service.
12-13 17:53:28.411  4198  4198 I Exchange: onDestroy
12-13 17:53:28.469  4175  4626 W MediaScanner: forcing rescan of /system/media/audio/notifications/Argon.oggsince ringtone setting didn't finish
12-13 17:53:28.481  4175  4626 W MediaProvider: Missing volume for /system/media/audio/notifications; assuming invalid
12-13 17:53:28.585  4175  4626 W MediaProvider: Missing volume for /system/media/audio/alarms/Krypton.ogg; assuming invalid
12-13 17:53:28.587  4175  4626 W MediaProvider: Missing volume for /system/media/audio/alarms/Neon.ogg; assuming invalid
12-13 17:53:28.588  4175  4626 W MediaProvider: Missing volume for /system/media/audio/alarms/NuclearLaunch.ogg; assuming invalid
12-13 17:53:28.589  4175  4626 W MediaProvider: Missing volume for /system/media/audio/alarms/Osmium.ogg; assuming invalid
12-13 17:53:28.590  4175  4626 W MediaProvider: Missing volume for /system/media/audio/alarms/Oxygen.ogg; assuming invalid
12-13 17:53:28.591  4175  4626 W MediaProvider: Missing volume for /system/media/audio/alarms/Platinum.ogg; assuming invalid
12-13 17:53:28.592  4175  4626 W MediaProvider: Missing volume for /system/media/audio/alarms/Scandium.ogg; assuming invalid
12-13 17:53:28.594  4175  4626 W MediaProvider: Missing volume for /system/media/audio/notifications/Adara.ogg; assuming invalid
12-13 17:53:28.595  4175  4626 W MediaProvider: Missing volume for /system/media/audio/notifications/Aldebaran.ogg; assuming invalid
12-13 17:53:28.596  4175  4626 W MediaProvider: Missing volume for /system/media/audio/notifications/Altair.ogg; assuming invalid
12-13 17:53:28.598  4175  4626 W MediaProvider: Missing volume for /system/media/audio/notifications/Alya.ogg; assuming invalid
12-13 17:53:28.599  4175  4626 W MediaProvider: Missing volume for /system/media/audio/notifications/Antares.ogg; assuming invalid
12-13 17:53:28.600  4175  4626 W MediaProvider: Missing volume for /system/media/audio/notifications/Antimony.ogg; assuming invalid
12-13 17:53:28.601  4175  4626 W MediaProvider: Missing volume for /system/media/audio/notifications/Arcturus.ogg; assuming invalid
12-13 17:53:28.604  2997  4197 E MetadataRetrieverClient: failed to extract an album art
12-13 17:53:28.611  4258  4296 E ELEVEN  : calling refresh!
12-13 17:53:28.646  4175  4626 W MediaProvider: Missing volume for /system/media/audio/notifications/Argon.ogg; assuming invalid
12-13 17:53:28.784  4716  4716 I G:DisableCameraReceiver: back camera found: 0
12-13 17:53:28.805  3342  3509 W SettingsProvider: You shouldn't keep your settings in the secure settings. This will soon become an error.
12-13 17:53:28.805  3342  3625 W SettingsProvider: You shouldn't keep your settings in the secure settings. This will soon become an error.
12-13 17:53:28.807  3342  3353 W SettingsProvider: You shouldn't keep your settings in the secure settings. This will soon become an error.
12-13 17:53:28.819  3342  3354 I ActivityManager: Start proc 4731:org.cyanogenmod.profiles/u0a57 for broadcast org.cyanogenmod.profiles/.StartUpReceiver
12-13 17:53:28.837  4731  4731 W System  : ClassLoader referenced unknown path: /system/app/Profiles/lib/arm64
12-13 17:53:28.850  3342  3353 I ActivityManager: Start proc 4744:com.cyanogenmod.lockclock/u0a58 for broadcast com.cyanogenmod.lockclock/.ClockWidgetProvider
12-13 17:53:28.865  4744  4744 W System  : ClassLoader referenced unknown path: /system/app/LockClock/lib/arm64
12-13 17:53:28.982  3930  3930 W System  : ClassLoader referenced unknown path: /system/app/Stk/lib/arm64
12-13 17:53:28.987  3888  3888 I SystemBroadcastReceiver: Boot has been completed
12-13 17:53:28.987  3888  3888 I SystemBroadcastReceiver: toggleAppIcon() : FLAG_SYSTEM = true
12-13 17:53:29.000  3342  3628 I ActivityManager: Start proc 4761:com.android.messaging/u0a69 for broadcast com.android.messaging/.receiver.BootAndPackageReplacedReceiver
12-13 17:53:29.017  4761  4761 W System  : ClassLoader referenced unknown path: /system/app/messaging/lib/arm64
12-13 17:53:29.186  4258  4296 E ELEVEN  : calling refresh!
12-13 17:53:29.235  4761  4761 W MessagingApp: PhoneUtils.getForLMR1(): invalid subId = -1
12-13 17:53:29.237  4761  4776 I MessagingApp: Upgrading shared prefs from -1 to 1
12-13 17:53:29.238  4761  4776 W MessagingApp: PhoneUtils.getForLMR1(): invalid subId = -1
12-13 17:53:29.298  4761  4776 W MessagingApp: PhoneUtils.getForLMR1(): invalid subId = -1
12-13 17:53:29.329  4761  4779 W MessagingApp: PhoneUtils.getForLMR1(): invalid subId = -1
12-13 17:53:29.429  4761  4777 W MessagingApp: Rebuilt databases: reseting related state
12-13 17:53:29.533  4761  4780 W MessagingApp: PhoneUtils.getForLMR1(): invalid subId = -1
12-13 17:53:29.534  4761  4778 I MessagingAppDataModel: Fixup: Send failed - 0 Download failed - 0
12-13 17:53:29.536  4761  4778 W MessagingApp: PhoneUtils.getForLMR1(): invalid subId = -1
12-13 17:53:29.537  3930  4368 V BlacklistProvider: Query uri=content://blacklist, match=0
12-13 17:53:29.539  4761  4778 W MessagingApp: PhoneUtils.getForLMR1(): invalid subId = -1
12-13 17:53:29.544  4761  4781 I MessagingAppDataModel: SyncMessagesAction: Starting batch for messages from -1 to 1481651609233 (message update limit = 80, message scan limit = 4000)
12-13 17:53:29.547  4761  4778 W MessagingApp: PhoneUtils.getForLMR1(): invalid subId = -1
12-13 17:53:29.645  4761  4780 W MessagingApp: PhoneUtils.getForLMR1(): invalid subId = -1
12-13 17:53:29.646  4761  4780 W MessagingApp: PhoneUtils.getForLMR1(): invalid subId = -1
12-13 17:53:29.648  4761  4780 W MessagingApp: PhoneUtils.getSelfRawNumber: subInfo is null for -1
12-13 17:53:29.648  4761  4780 W MessagingApp: PhoneUtils.getForLMR1(): invalid subId = -1
12-13 17:53:29.649  4761  4780 W MessagingApp: PhoneUtils.getForLMR1(): invalid subId = -1
12-13 17:53:29.670  4761  4783 I MessagingAppDataModel: SyncMessagesAction: All messages now in sync
12-13 17:53:29.772  4612  4612 W ContextImpl: Calling a method in the system process without a qualified user: android.app.ContextImpl.startService:1231 android.content.ContextWrapper.startService:587 android.content.ContextWrapper.startService:587 org.cyanogenmod.providers.datausage.DataUsageAppInstallReceiver.onReceive:47 android.app.ActivityThread.handleReceiver:2759 
12-13 17:53:29.777  4612  4612 W ContextImpl: Calling a method in the system process without a qualified user: android.app.ContextImpl.startService:1231 android.content.ContextWrapper.startService:587 android.content.ContextWrapper.startService:587 org.cyanogenmod.providers.datausage.DataUsageAppInstallReceiver.onReceive:47 android.app.ActivityThread.handleReceiver:2759 
12-13 17:53:29.782  4612  4612 W ContextImpl: Calling a method in the system process without a qualified user: android.app.ContextImpl.startService:1231 android.content.ContextWrapper.startService:587 android.content.ContextWrapper.startService:587 org.cyanogenmod.providers.datausage.DataUsageAppInstallReceiver.onReceive:47 android.app.ActivityThread.handleReceiver:2759 
12-13 17:53:29.785  4612  4612 W ContextImpl: Calling a method in the system process without a qualified user: android.app.ContextImpl.startService:1231 android.content.ContextWrapper.startService:587 android.content.ContextWrapper.startService:587 org.cyanogenmod.providers.datausage.DataUsageAppInstallReceiver.onReceive:47 android.app.ActivityThread.handleReceiver:2759 
12-13 17:53:29.789  4560  4560 D AlertReceiver: onReceive: a=android.intent.action.PROVIDER_CHANGED Intent { act=android.intent.action.PROVIDER_CHANGED dat=content://com.android.calendar flg=0x20000010 cmp=com.android.calendar/.alerts.AlertReceiver }
12-13 17:53:29.791  4560  4788 D AlertService: 0 Action = android.intent.action.PROVIDER_CHANGED
12-13 17:53:30.149  3342  3353 I ActivityManager: Killing 3974:com.android.externalstorage/u0a9 (adj 15): empty #17
12-13 17:53:30.160  3342  3509 D ActivityManager: cleanUpApplicationRecord -- 3974
12-13 17:53:30.353  4591  4797 I UpdateCheckService: Could not check for updates. Not connected to the network.
12-13 17:53:30.930  3723  3822 I Choreographer: Skipped 308 frames!  The application may be doing too much work on its main thread.
12-13 17:53:31.897  4175  4626 W MediaScanner: forcing rescan of /system/media/audio/ringtones/Orion.oggsince ringtone setting didn't finish
12-13 17:53:31.910  4175  4626 W MediaProvider: Missing volume for /system/media/audio/ringtones; assuming invalid
12-13 17:53:31.917  4175  4626 W MediaProvider: Missing volume for /system/media/audio/notifications/Ariel.ogg; assuming invalid
12-13 17:53:31.918  4175  4626 W MediaProvider: Missing volume for /system/media/audio/notifications/Beat_Box_Android.ogg; assuming invalid
12-13 17:53:31.920  4175  4626 W MediaProvider: Missing volume for /system/media/audio/notifications/Bellatrix.ogg; assuming invalid
12-13 17:53:31.921  4175  4626 W MediaProvider: Missing volume for /system/media/audio/notifications/Beryllium.ogg; assuming invalid
12-13 17:53:31.922  4175  4626 W MediaProvider: Missing volume for /system/media/audio/notifications/Betelgeuse.ogg; assuming invalid
12-13 17:53:31.923  4175  4626 W MediaProvider: Missing volume for /system/media/audio/notifications/CaffeineSnake.ogg; assuming invalid
12-13 17:53:31.925  4175  4626 W MediaProvider: Missing volume for /system/media/audio/notifications/Canopus.ogg; assuming invalid
12-13 17:53:31.926  4175  4626 W MediaProvider: Missing volume for /system/media/audio/notifications/Capella.ogg; assuming invalid
12-13 17:53:31.927  4175  4626 W MediaProvider: Missing volume for /system/media/audio/notifications/Carme.ogg; assuming invalid
12-13 17:53:31.928  4175  4626 W MediaProvider: Missing volume for /system/media/audio/notifications/Castor.ogg; assuming invalid
12-13 17:53:31.929  4175  4626 W MediaProvider: Missing volume for /system/media/audio/notifications/Ceres.ogg; assuming invalid
12-13 17:53:31.930  4175  4626 W MediaProvider: Missing volume for /system/media/audio/notifications/CetiAlpha.ogg; assuming invalid
12-13 17:53:31.931  4175  4626 W MediaProvider: Missing volume for /system/media/audio/notifications/Cobalt.ogg; assuming invalid
12-13 17:53:31.932  4175  4626 W MediaProvider: Missing volume for /system/media/audio/notifications/Cricket.ogg; assuming invalid
12-13 17:53:31.933  4175  4626 W MediaProvider: Missing volume for /system/media/audio/notifications/CyanDoink.ogg; assuming invalid
12-13 17:53:31.934  4175  4626 W MediaProvider: Missing volume for /system/media/audio/notifications/CyanMail.ogg; assuming invalid
12-13 17:53:31.936  4175  4626 W MediaProvider: Missing volume for /system/media/audio/notifications/CyanMessage.ogg; assuming invalid
12-13 17:53:31.936  4175  4626 W MediaProvider: Missing volume for /system/media/audio/notifications/DearDeer.ogg; assuming invalid
12-13 17:53:31.937  4175  4626 W MediaProvider: Missing volume for /system/media/audio/notifications/Deneb.ogg; assuming invalid
12-13 17:53:31.938  4175  4626 W MediaProvider: Missing volume for /system/media/audio/notifications/Doink.ogg; assuming invalid
12-13 17:53:31.939  4175  4626 W MediaProvider: Missing volume for /system/media/audio/notifications/DontPanic.ogg; assuming invalid
12-13 17:53:31.940  4175  4626 W MediaProvider: Missing volume for /system/media/audio/notifications/Drip.ogg; assuming invalid
12-13 17:53:31.941  4175  4626 W MediaProvider: Missing volume for /system/media/audio/notifications/Elara.ogg; assuming invalid
12-13 17:53:31.942  4175  4626 W MediaProvider: Missing volume for /system/media/audio/notifications/Electra.ogg; assuming invalid
12-13 17:53:31.943  4175  4626 W MediaProvider: Missing volume for /system/media/audio/notifications/Europa.ogg; assuming invalid
12-13 17:53:31.944  4175  4626 W MediaProvider: Missing volume for /system/media/audio/notifications/F1_New_SMS.ogg; assuming invalid
12-13 17:53:31.945  4175  4626 W MediaProvider: Missing volume for /system/media/audio/notifications/Fluorine.ogg; assuming invalid
12-13 17:53:31.946  4175  4626 W MediaProvider: Missing volume for /system/media/audio/notifications/Fomalhaut.ogg; assuming invalid
12-13 17:53:31.947  4175  4626 W MediaProvider: Missing volume for /system/media/audio/notifications/Gallium.ogg; assuming invalid
12-13 17:53:31.948  4175  4626 W MediaProvider: Missing volume for /system/media/audio/notifications/Heaven.ogg; assuming invalid
12-13 17:53:31.949  4175  4626 W MediaProvider: Missing volume for /system/media/audio/notifications/Helium.ogg; assuming invalid
12-13 17:53:31.950  4175  4626 W MediaProvider: Missing volume for /system/media/audio/notifications/Highwire.ogg; assuming invalid
12-13 17:53:31.951  4175  4626 W MediaProvider: Missing volume for /system/media/audio/notifications/Hojus.ogg; assuming invalid
12-13 17:53:31.952  4175  4626 W MediaProvider: Missing volume for /system/media/audio/notifications/Iapetus.ogg; assuming invalid
12-13 17:53:31.953  4175  4626 W MediaProvider: Missing volume for /system/media/audio/notifications/Io.ogg; assuming invalid
12-13 17:53:31.955  4175  4626 W MediaProvider: Missing volume for /system/media/audio/notifications/Iridium.ogg; assuming invalid
12-13 17:53:31.956  4175  4626 W MediaProvider: Missing volume for /system/media/audio/notifications/Krypton.ogg; assuming invalid
12-13 17:53:31.957  4175  4626 W MediaProvider: Missing volume for /system/media/audio/notifications/KzurbSonar.ogg; assuming invalid
12-13 17:53:31.958  4175  4626 W MediaProvider: Missing volume for /system/media/audio/notifications/Laser.ogg; assuming invalid
12-13 17:53:31.960  4175  4626 W MediaProvider: Missing volume for /system/media/audio/notifications/Merope.ogg; assuming invalid
12-13 17:53:31.961  4175  4626 W MediaProvider: Missing volume for /system/media/audio/notifications/Mira.ogg; assuming invalid
12-13 17:53:31.963  4175  4626 W MediaProvider: Missing volume for /system/media/audio/notifications/Naughty.ogg; assuming invalid
12-13 17:53:31.964  4175  4626 W MediaProvider: Missing volume for /system/media/audio/notifications/OnTheHunt.ogg; assuming invalid
12-13 17:53:31.965  4175  4626 W MediaProvider: Missing volume for /system/media/audio/notifications/Palladium.ogg; assuming invalid
12-13 17:53:31.967  4175  4626 W MediaProvider: Missing volume for /system/media/audio/notifications/Plastic_Pipe.ogg; assuming invalid
12-13 17:53:31.968  4175  4626 W MediaProvider: Missing volume for /system/media/audio/notifications/Polaris.ogg; assuming invalid
12-13 17:53:31.970  4175  4626 W MediaProvider: Missing volume for /system/media/audio/notifications/Pollux.ogg; assuming invalid
12-13 17:53:31.971  4175  4626 W MediaProvider: Missing volume for /system/media/audio/notifications/Pong.ogg; assuming invalid
12-13 17:53:31.973  4175  4626 W MediaProvider: Missing volume for /system/media/audio/notifications/Procyon.ogg; assuming invalid
12-13 17:53:31.974  4175  4626 W MediaProvider: Missing volume for /system/media/audio/notifications/Proxima.ogg; assuming invalid
12-13 17:53:31.975  4175  4626 W MediaProvider: Missing volume for /system/media/audio/notifications/Radon.ogg; assuming invalid
12-13 17:53:31.976  2997  3433 E MetadataRetrieverClient: failed to extract an album art
12-13 17:53:31.976  4175  4626 W MediaProvider: Missing volume for /system/media/audio/notifications/Rang.ogg; assuming invalid
12-13 17:53:31.978  4175  4626 W MediaProvider: Missing volume for /system/media/audio/notifications/Rhea.ogg; assuming invalid
12-13 17:53:31.979  4175  4626 W MediaProvider: Missing volume for /system/media/audio/notifications/Rubidium.ogg; assuming invalid
12-13 17:53:31.980  4175  4626 W MediaProvider: Missing volume for /system/media/audio/notifications/Salacia.ogg; assuming invalid
12-13 17:53:31.981  4175  4626 W MediaProvider: Missing volume for /system/media/audio/notifications/Selenium.ogg; assuming invalid
12-13 17:53:31.982  4175  4626 W MediaProvider: Missing volume for /system/media/audio/notifications/Shaula.ogg; assuming invalid
12-13 17:53:31.983  4175  4626 W MediaProvider: Missing volume for /system/media/audio/notifications/Sirrah.ogg; assuming invalid
12-13 17:53:31.984  4175  4626 W MediaProvider: Missing volume for /system/media/audio/notifications/Spica.ogg; assuming invalid
12-13 17:53:31.985  4175  4626 W MediaProvider: Missing volume for /system/media/audio/notifications/Stone.ogg; assuming invalid
12-13 17:53:31.987  4175  4626 W MediaProvider: Missing volume for /system/media/audio/notifications/Strontium.ogg; assuming invalid
12-13 17:53:31.988  4175  4626 W MediaProvider: Missing volume for /system/media/audio/notifications/Syrma.ogg; assuming invalid
12-13 17:53:31.989  4175  4626 W MediaProvider: Missing volume for /system/media/audio/notifications/TaDa.ogg; assuming invalid
12-13 17:53:31.990  4175  4626 W MediaProvider: Missing volume for /system/media/audio/notifications/Talitha.ogg; assuming invalid
12-13 17:53:31.991  4175  4626 W MediaProvider: Missing volume for /system/media/audio/notifications/Tethys.ogg; assuming invalid
12-13 17:53:31.992  4175  4626 W MediaProvider: Missing volume for /system/media/audio/notifications/Thallium.ogg; assuming invalid
12-13 17:53:31.994  4175  4626 W MediaProvider: Missing volume for /system/media/audio/notifications/Titan.ogg; assuming invalid
12-13 17:53:31.995  4175  4626 W MediaProvider: Missing volume for /system/media/audio/notifications/Upsilon.ogg; assuming invalid
12-13 17:53:31.995  4175  4626 W MediaProvider: Missing volume for /system/media/audio/notifications/Vega.ogg; assuming invalid
12-13 17:53:31.996  4175  4626 W MediaProvider: Missing volume for /system/media/audio/notifications/Voila.ogg; assuming invalid
12-13 17:53:31.997  4175  4626 W MediaProvider: Missing volume for /system/media/audio/notifications/Xenon.ogg; assuming invalid
12-13 17:53:31.998  4175  4626 W MediaProvider: Missing volume for /system/media/audio/notifications/Zirconium.ogg; assuming invalid
12-13 17:53:31.999  4175  4626 W MediaProvider: Missing volume for /system/media/audio/notifications/moonbeam.ogg; assuming invalid
12-13 17:53:32.001  4175  4626 W MediaProvider: Missing volume for /system/media/audio/notifications/pixiedust.ogg; assuming invalid
12-13 17:53:32.002  4175  4626 W MediaProvider: Missing volume for /system/media/audio/notifications/pizzicato.ogg; assuming invalid
12-13 17:53:32.003  4175  4626 W MediaProvider: Missing volume for /system/media/audio/notifications/regulus.ogg; assuming invalid
12-13 17:53:32.003  4175  4626 W MediaProvider: Missing volume for /system/media/audio/notifications/sirius.ogg; assuming invalid
12-13 17:53:32.004  4175  4626 W MediaProvider: Missing volume for /system/media/audio/notifications/tweeters.ogg; assuming invalid
12-13 17:53:32.006  4175  4626 W MediaProvider: Missing volume for /system/media/audio/ringtones/Andromeda.ogg; assuming invalid
12-13 17:53:32.007  4175  4626 W MediaProvider: Missing volume for /system/media/audio/ringtones/Aquila.ogg; assuming invalid
12-13 17:53:32.009  4175  4626 W MediaProvider: Missing volume for /system/media/audio/ringtones/ArgoNavis.ogg; assuming invalid
12-13 17:53:32.010  4175  4626 W MediaProvider: Missing volume for /system/media/audio/ringtones/Atria.ogg; assuming invalid
12-13 17:53:32.011  4175  4626 W MediaProvider: Missing volume for /system/media/audio/ringtones/BOOTES.ogg; assuming invalid
12-13 17:53:32.011  2997  4158 E MetadataRetrieverClient: failed to extract an album art
12-13 17:53:32.013  4175  4626 W MediaProvider: Missing volume for /system/media/audio/ringtones/Backroad.ogg; assuming invalid
12-13 17:53:32.013  4175  4626 W MediaProvider: Missing volume for /system/media/audio/ringtones/BeatPlucker.ogg; assuming invalid
12-13 17:53:32.014  4175  4626 W MediaProvider: Missing volume for /system/media/audio/ringtones/BentleyDubs.ogg; assuming invalid
12-13 17:53:32.015  4175  4626 W MediaProvider: Missing volume for /system/media/audio/ringtones/Big_Easy.ogg; assuming invalid
12-13 17:53:32.016  4175  4626 W MediaProvider: Missing volume for /system/media/audio/ringtones/BirdLoop.ogg; assuming invalid
12-13 17:53:32.017  4175  4626 W MediaProvider: Missing volume for /system/media/audio/ringtones/Bollywood.ogg; assuming invalid
12-13 17:53:32.018  4175  4626 W MediaProvider: Missing volume for /system/media/audio/ringtones/Boxbeat.ogg; assuming invalid
12-13 17:53:32.019  4175  4626 W MediaProvider: Missing volume for /system/media/audio/ringtones/BussaMove.ogg; assuming invalid
12-13 17:53:32.020  4175  4626 W MediaProvider: Missing volume for /system/media/audio/ringtones/CASSIOPEIA.ogg; assuming invalid
12-13 17:53:32.020  4175  4626 W MediaProvider: Missing volume for /system/media/audio/ringtones/Cairo.ogg; assuming invalid
12-13 17:53:32.021  4175  4626 W MediaProvider: Missing volume for /system/media/audio/ringtones/Callisto.ogg; assuming invalid
12-13 17:53:32.022  4175  4626 W MediaProvider: Missing volume for /system/media/audio/ringtones/Calypso_Steel.ogg; assuming invalid
12-13 17:53:32.023  4175  4626 W MediaProvider: Missing volume for /system/media/audio/ringtones/CanisMajor.ogg; assuming invalid
12-13 17:53:32.024  4175  4626 W MediaProvider: Missing volume for /system/media/audio/ringtones/CaribbeanIce.ogg; assuming invalid
12-13 17:53:32.025  4175  4626 W MediaProvider: Missing volume for /system/media/audio/ringtones/Carina.ogg; assuming invalid
12-13 17:53:32.026  4175  4626 W MediaProvider: Missing volume for /system/media/audio/ringtones/Centaurus.ogg; assuming invalid
12-13 17:53:32.027  4175  4626 W MediaProvider: Missing volume for /system/media/audio/ringtones/Champagne_Edition.ogg; assuming invalid
12-13 17:53:32.028  4175  4626 W MediaProvider: Missing volume for /system/media/audio/ringtones/Club_Cubano.ogg; assuming invalid
12-13 17:53:32.029  4175  4626 W MediaProvider: Missing volume for /system/media/audio/ringtones/CrayonRock.ogg; assuming invalid
12-13 17:53:32.030  4175  4626 W MediaProvider: Missing volume for /system/media/audio/ringtones/CrazyDream.ogg; assuming invalid
12-13 17:53:32.031  4175  4626 W MediaProvider: Missing volume for /system/media/audio/ringtones/CurveBall.ogg; assuming invalid
12-13 17:53:32.032  4175  4626 W MediaProvider: Missing volume for /system/media/audio/ringtones/CyanTone.ogg; assuming invalid
12-13 17:53:32.033  4175  4626 W MediaProvider: Missing volume for /system/media/audio/ringtones/Cygnus.ogg; assuming invalid
12-13 17:53:32.034  4175  4626 W MediaProvider: Missing volume for /system/media/audio/ringtones/DancinFool.ogg; assuming invalid
12-13 17:53:32.035  4175  4626 W MediaProvider: Missing volume for /system/media/audio/ringtones/Dione.ogg; assuming invalid
12-13 17:53:32.036  4175  4626 W MediaProvider: Missing volume for /system/media/audio/ringtones/DonMessWivIt.ogg; assuming invalid
12-13 17:53:32.037  4175  4626 W MediaProvider: Missing volume for /system/media/audio/ringtones/Draco.ogg; assuming invalid
12-13 17:53:32.038  4175  4626 W MediaProvider: Missing volume for /system/media/audio/ringtones/DreamTheme.ogg; assuming invalid
12-13 17:53:32.038  4175  4626 W MediaProvider: Missing volume for /system/media/audio/ringtones/Eastern_Sky.ogg; assuming invalid
12-13 17:53:32.039  4175  4626 W MediaProvider: Missing volume for /system/media/audio/ringtones/Enter_the_Nexus.ogg; assuming invalid
12-13 17:53:32.040  4175  4626 W MediaProvider: Missing volume for /system/media/audio/ringtones/Eridani.ogg; assuming invalid
12-13 17:53:32.041  4175  4626 W MediaProvider: Missing volume for /system/media/audio/ringtones/EtherShake.ogg; assuming invalid
12-13 17:53:32.042  4175  4626 W MediaProvider: Missing volume for /system/media/audio/ringtones/FreeFlight.ogg; assuming invalid
12-13 17:53:32.043  4175  4626 W MediaProvider: Missing volume for /system/media/audio/ringtones/FriendlyGhost.ogg; assuming invalid
12-13 17:53:32.044  4175  4626 W MediaProvider: Missing volume for /system/media/audio/ringtones/Funk_Yall.ogg; assuming invalid
12-13 17:53:32.045  4175  4626 W MediaProvider: Missing volume for /system/media/audio/ringtones/GameOverGuitar.ogg; assuming invalid
12-13 17:53:32.046  4175  4626 W MediaProvider: Missing volume for /system/media/audio/ringtones/Ganymede.ogg; assuming invalid
12-13 17:53:32.047  4175  4626 W MediaProvider: Missing volume for /system/media/audio/ringtones/Gimme_Mo_Town.ogg; assuming invalid
12-13 17:53:32.048  4175  4626 W MediaProvider: Missing volume for /system/media/audio/ringtones/Girtab.ogg; assuming invalid
12-13 17:53:32.049  4175  4626 W MediaProvider: Missing volume for /system/media/audio/ringtones/Glacial_Groove.ogg; assuming invalid
12-13 17:53:32.049  4175  4626 W MediaProvider: Missing volume for /system/media/audio/ringtones/Growl.ogg; assuming invalid
12-13 17:53:32.050  4175  4626 W MediaProvider: Missing volume for /system/media/audio/ringtones/HalfwayHome.ogg; assuming invalid
12-13 17:53:32.051  4175  4626 W MediaProvider: Missing volume for /system/media/audio/ringtones/Highscore.ogg; assuming invalid
12-13 17:53:32.053  4175  4626 W MediaProvider: Missing volume for /system/media/audio/ringtones/Hydra.ogg; assuming invalid
12-13 17:53:32.053  4175  4626 W MediaProvider: Missing volume for /system/media/audio/ringtones/InsertCoin.ogg; assuming invalid
12-13 17:53:32.055  4175  4626 W MediaProvider: Missing volume for /system/media/audio/ringtones/Kuma.ogg; assuming invalid
12-13 17:53:32.055  4175  4626 W MediaProvider: Missing volume for /system/media/audio/ringtones/LoopyLounge.ogg; assuming invalid
12-13 17:53:32.056  4175  4626 W MediaProvider: Missing volume for /system/media/audio/ringtones/LoveFlute.ogg; assuming invalid
12-13 17:53:32.057  4175  4626 W MediaProvider: Missing volume for /system/media/audio/ringtones/Luna.ogg; assuming invalid
12-13 17:53:32.058  4175  4626 W MediaProvider: Missing volume for /system/media/audio/ringtones/Lyon.ogg; assuming invalid
12-13 17:53:32.059  4175  4626 W MediaProvider: Missing volume for /system/media/audio/ringtones/Lyra.ogg; assuming invalid
12-13 17:53:32.060  4175  4626 W MediaProvider: Missing volume for /system/media/audio/ringtones/Machina.ogg; assuming invalid
12-13 17:53:32.061  4175  4626 W MediaProvider: Missing volume for /system/media/audio/ringtones/MidEvilJaunt.ogg; assuming invalid
12-13 17:53:32.062  4175  4626 W MediaProvider: Missing volume for /system/media/audio/ringtones/Nairobi.ogg; assuming invalid
12-13 17:53:32.063  4175  4626 W MediaProvider: Missing volume for /system/media/audio/ringtones/Nassau.ogg; assuming invalid
12-13 17:53:32.064  4175  4626 W MediaProvider: Missing volume for /system/media/audio/ringtones/NewPlayer.ogg; assuming invalid
12-13 17:53:32.065  4175  4626 W MediaProvider: Missing volume for /system/media/audio/ringtones/No_Limits.ogg; assuming invalid
12-13 17:53:32.066  4175  4626 W MediaProvider: Missing volume for /system/media/audio/ringtones/Noises2.ogg; assuming invalid
12-13 17:53:32.066  4175  4626 W MediaProvider: Missing volume for /system/media/audio/ringtones/Noises3.ogg; assuming invalid
12-13 17:53:32.067  4175  4626 W MediaProvider: Missing volume for /system/media/audio/ringtones/Oberon.ogg; assuming invalid
12-13 17:53:32.068  4175  4626 W MediaProvider: Missing volume for /system/media/audio/ringtones/OrganDub.ogg; assuming invalid
12-13 17:53:32.080  4175  4626 W MediaProvider: Missing volume for /system/media/audio/ringtones/Orion.ogg; assuming invalid
12-13 17:53:32.467  2997  4187 I FFmpegExtractor: android-source:0xf64e1df0
12-13 17:53:32.518  2997  4187 I FFMPEG  : [mp3 @ 0xf0aa0400] Skipping 0 bytes of junk at 431.
12-13 17:53:32.524  2997  4187 D FFmpegExtractor: suppoted codec(mp3) by official Stagefright
12-13 17:53:32.524  2997  4187 D FFmpegExtractor: ffmpeg detected media content as 'audio/mpeg' with confidence 0.08
12-13 17:53:32.566  3342  3509 I ActivityManager: Killing 4228:com.cyanogenmod.eleven/u0a40 (adj 15): empty #17
12-13 17:53:32.577  3342  3354 D ActivityManager: cleanUpApplicationRecord -- 4228
12-13 17:53:32.600  3723  3822 I Choreographer: Skipped 98 frames!  The application may be doing too much work on its main thread.
12-13 17:53:32.606  4258  4296 E ELEVEN  : calling refresh!
12-13 17:53:33.005  4175  4626 W MediaScanner: Error opening directory '/oem/media/', skipping: No such file or directory.
12-13 17:53:33.006  4175  4626 W MediaProvider: Missing volume for /system/media/audio/ui; assuming invalid
12-13 17:53:33.017  4175  4626 W MediaProvider: Missing volume for /system/media/bootanimation.zip; assuming invalid
12-13 17:53:33.025  4175  4626 W MediaProvider: Missing volume for /system/media/audio/ringtones/Paradise_Island.ogg; assuming invalid
12-13 17:53:33.027  4175  4626 W MediaProvider: Missing volume for /system/media/audio/ringtones/Pegasus.ogg; assuming invalid
12-13 17:53:33.028  4175  4626 W MediaProvider: Missing volume for /system/media/audio/ringtones/Perseus.ogg; assuming invalid
12-13 17:53:33.029  4175  4626 W MediaProvider: Missing volume for /system/media/audio/ringtones/Phobos.ogg; assuming invalid
12-13 17:53:33.030  4175  4626 W MediaProvider: Missing volume for /system/media/audio/ringtones/Playa.ogg; assuming invalid
12-13 17:53:33.031  4175  4626 W MediaProvider: Missing volume for /system/media/audio/ringtones/Pyxis.ogg; assuming invalid
12-13 17:53:33.032  4175  4626 W MediaProvider: Missing volume for /system/media/audio/ringtones/Rasalas.ogg; assuming invalid
12-13 17:53:33.033  4175  4626 W MediaProvider: Missing volume for /system/media/audio/ringtones/Revelation.ogg; assuming invalid
12-13 17:53:33.034  4175  4626 W MediaProvider: Missing volume for /system/media/audio/ringtones/Rigel.ogg; assuming invalid
12-13 17:53:33.035  4175  4626 W MediaProvider: Missing volume for /system/media/audio/ringtones/Ring_Classic_02.ogg; assuming invalid
12-13 17:53:33.036  4175  4626 W MediaProvider: Missing volume for /system/media/audio/ringtones/Ring_Digital_02.ogg; assuming invalid
12-13 17:53:33.037  4175  4626 W MediaProvider: Missing volume for /system/media/audio/ringtones/Ring_Synth_02.ogg; assuming invalid
12-13 17:53:33.038  4175  4626 W MediaProvider: Missing volume for /system/media/audio/ringtones/Ring_Synth_04.ogg; assuming invalid
12-13 17:53:33.039  4175  4626 W MediaProvider: Missing volume for /system/media/audio/ringtones/Road_Trip.ogg; assuming invalid
12-13 17:53:33.040  4175  4626 W MediaProvider: Missing volume for /system/media/audio/ringtones/Rockin.ogg; assuming invalid
12-13 17:53:33.041  4175  4626 W MediaProvider: Missing volume for /system/media/audio/ringtones/RomancingTheTone.ogg; assuming invalid
12-13 17:53:33.042  4175  4626 W MediaProvider: Missing volume for /system/media/audio/ringtones/Safari.ogg; assuming invalid
12-13 17:53:33.043  4175  4626 W MediaProvider: Missing volume for /system/media/audio/ringtones/Savannah.ogg; assuming invalid
12-13 17:53:33.044  4175  4626 W MediaProvider: Missing volume for /system/media/audio/ringtones/Scarabaeus.ogg; assuming invalid
12-13 17:53:33.045  4175  4626 W MediaProvider: Missing volume for /system/media/audio/ringtones/Sceptrum.ogg; assuming invalid
12-13 17:53:33.046  4175  4626 W MediaProvider: Missing volume for /system/media/audio/ringtones/Sedna.ogg; assuming invalid
12-13 17:53:33.047  4175  4626 W MediaProvider: Missing volume for /system/media/audio/ringtones/Seville.ogg; assuming invalid
12-13 17:53:33.048  4175  4626 W MediaProvider: Missing volume for /system/media/audio/ringtones/Sheep.mp3; assuming invalid
12-13 17:53:33.049  4175  4626 W MediaProvider: Missing volume for /system/media/audio/ringtones/Shes_All_That.ogg; assuming invalid
12-13 17:53:33.050  4175  4626 W MediaProvider: Missing volume for /system/media/audio/ringtones/SilkyWay.ogg; assuming invalid
12-13 17:53:33.050  4175  4626 W MediaProvider: Missing volume for /system/media/audio/ringtones/SitarVsSitar.ogg; assuming invalid
12-13 17:53:33.051  4175  4626 W MediaProvider: Missing volume for /system/media/audio/ringtones/Solarium.ogg; assuming invalid
12-13 17:53:33.052  4175  4626 W MediaProvider: Missing volume for /system/media/audio/ringtones/SpringyJalopy.ogg; assuming invalid
12-13 17:53:33.053  4175  4626 W MediaProvider: Missing volume for /system/media/audio/ringtones/Steppin_Out.ogg; assuming invalid
12-13 17:53:33.054  4175  4626 W MediaProvider: Missing volume for /system/media/audio/ringtones/Terminated.ogg; assuming invalid
12-13 17:53:33.055  4175  4626 W MediaProvider: Missing volume for /system/media/audio/ringtones/Testudo.ogg; assuming invalid
12-13 17:53:33.056  4175  4626 W MediaProvider: Missing volume for /system/media/audio/ringtones/Themos.ogg; assuming invalid
12-13 17:53:33.057  4175  4626 W MediaProvider: Missing volume for /system/media/audio/ringtones/Third_Eye.ogg; assuming invalid
12-13 17:53:33.058  4175  4626 W MediaProvider: Missing volume for /system/media/audio/ringtones/Thunderfoot.ogg; assuming invalid
12-13 17:53:33.059  4175  4626 W MediaProvider: Missing volume for /system/media/audio/ringtones/Titania.ogg; assuming invalid
12-13 17:53:33.060  4175  4626 W MediaProvider: Missing volume for /system/media/audio/ringtones/Triton.ogg; assuming invalid
12-13 17:53:33.061  4175  4626 W MediaProvider: Missing volume for /system/media/audio/ringtones/TwirlAway.ogg; assuming invalid
12-13 17:53:33.062  4175  4626 W MediaProvider: Missing volume for /system/media/audio/ringtones/Umbriel.ogg; assuming invalid
12-13 17:53:33.063  4175  4626 W MediaProvider: Missing volume for /system/media/audio/ringtones/UrsaMinor.ogg; assuming invalid
12-13 17:53:33.064  4175  4626 W MediaProvider: Missing volume for /system/media/audio/ringtones/VeryAlarmed.ogg; assuming invalid
12-13 17:53:33.064  4175  4626 W MediaProvider: Missing volume for /system/media/audio/ringtones/Vespa.ogg; assuming invalid
12-13 17:53:33.065  4175  4626 W MediaProvider: Missing volume for /system/media/audio/ringtones/World.ogg; assuming invalid
12-13 17:53:33.066  4175  4626 W MediaProvider: Missing volume for /system/media/audio/ringtones/Yukaay.ogg; assuming invalid
12-13 17:53:33.067  4175  4626 W MediaProvider: Missing volume for /system/media/audio/ringtones/Zeta.ogg; assuming invalid
12-13 17:53:33.069  4175  4626 W MediaProvider: Missing volume for /system/media/audio/ui/Dock.ogg; assuming invalid
12-13 17:53:33.070  4175  4626 W MediaProvider: Missing volume for /system/media/audio/ui/Effect_Tick.ogg; assuming invalid
12-13 17:53:33.072  4175  4626 W MediaProvider: Missing volume for /system/media/audio/ui/KeypressDelete.ogg; assuming invalid
12-13 17:53:33.073  4175  4626 W MediaProvider: Missing volume for /system/media/audio/ui/KeypressInvalid.ogg; assuming invalid
12-13 17:53:33.075  4175  4626 W MediaProvider: Missing volume for /system/media/audio/ui/KeypressReturn.ogg; assuming invalid
12-13 17:53:33.076  4175  4626 W MediaProvider: Missing volume for /system/media/audio/ui/KeypressSpacebar.ogg; assuming invalid
12-13 17:53:33.077  4175  4626 W MediaProvider: Missing volume for /system/media/audio/ui/KeypressStandard.ogg; assuming invalid
12-13 17:53:33.078  2997  4187 E MetadataRetrieverClient: failed to extract an album art
12-13 17:53:33.079  4175  4626 W MediaProvider: Missing volume for /system/media/audio/ui/Lock.ogg; assuming invalid
12-13 17:53:33.080  4175  4626 W MediaProvider: Missing volume for /system/media/audio/ui/LowBattery.ogg; assuming invalid
12-13 17:53:33.081  4175  4626 W MediaProvider: Missing volume for /system/media/audio/ui/Trusted.ogg; assuming invalid
12-13 17:53:33.082  4175  4626 W MediaProvider: Missing volume for /system/media/audio/ui/Undock.ogg; assuming invalid
12-13 17:53:33.083  4175  4626 W MediaProvider: Missing volume for /system/media/audio/ui/Unlock.ogg; assuming invalid
12-13 17:53:33.085  4175  4626 W MediaProvider: Missing volume for /system/media/audio/ui/VideoRecord.ogg; assuming invalid
12-13 17:53:33.085  4175  4626 W MediaProvider: Missing volume for /system/media/audio/ui/VideoStop.ogg; assuming invalid
12-13 17:53:33.087  4175  4626 W MediaProvider: Missing volume for /system/media/audio/ui/WirelessChargingStarted.ogg; assuming invalid
12-13 17:53:33.087  4175  4626 W MediaProvider: Missing volume for /system/media/audio/ui/camera_click.ogg; assuming invalid
12-13 17:53:33.088  4175  4626 W MediaProvider: Missing volume for /system/media/audio/ui/camera_focus.ogg; assuming invalid
12-13 17:53:33.949  4258  4296 E ELEVEN  : calling refresh!
12-13 17:53:34.791  4560  4788 I GlobalDismissManager: no sender configured
12-13 17:53:34.791  4560  4788 D AlertService: Beginning updateAlertNotification
12-13 17:53:34.795  4560  4788 D AlertService: No fired or scheduled alerts
12-13 17:53:34.799  4560  4788 D AlertService: Scheduling next alarm with AlarmScheduler. sEventReminderReceived: null
12-13 17:53:34.802  4560  4788 D AlarmScheduler: No events found starting within 1 week.
12-13 17:53:38.396  4612  4612 W ContextImpl: Calling a method in the system process without a qualified user: android.app.ContextImpl.startService:1231 android.content.ContextWrapper.startService:587 android.content.ContextWrapper.startService:587 org.cyanogenmod.providers.datausage.DataUsageAppInstallReceiver.onReceive:47 android.app.ActivityThread.handleReceiver:2759 
12-13 17:53:38.398  3342  3403 I InputReader: Reconfiguring input devices.  changes=0x00000010
12-13 17:53:38.399  3342  3403 I InputReader: Reconfiguring input devices.  changes=0x00000010
12-13 17:53:38.399  3342  3403 I InputReader: Reconfiguring input devices.  changes=0x00000010
12-13 17:53:38.400  3342  3403 I InputReader: Reconfiguring input devices.  changes=0x00000010
12-13 17:53:38.400  3342  3403 I InputReader: Reconfiguring input devices.  changes=0x00000010
12-13 17:53:38.401  3342  3403 I InputReader: Reconfiguring input devices.  changes=0x00000010
12-13 17:53:38.407  3342  3355 W Searchables: No global search activity found
12-13 17:53:38.410  3342  3355 W Searchables: No global search activity found
12-13 17:53:38.410  4612  4612 W ContextImpl: Calling a method in the system process without a qualified user: android.app.ContextImpl.startService:1231 android.content.ContextWrapper.startService:587 android.content.ContextWrapper.startService:587 org.cyanogenmod.providers.datausage.DataUsageAppInstallReceiver.onReceive:47 android.app.ActivityThread.handleReceiver:2759 
12-13 17:53:38.412  3342  3355 W Searchables: No global search activity found
12-13 17:53:38.415  3342  3355 W Searchables: No global search activity found
12-13 17:53:38.419  4612  4612 W ContextImpl: Calling a method in the system process without a qualified user: android.app.ContextImpl.startService:1231 android.content.ContextWrapper.startService:587 android.content.ContextWrapper.startService:587 org.cyanogenmod.providers.datausage.DataUsageAppInstallReceiver.onReceive:47 android.app.ActivityThread.handleReceiver:2759 
12-13 17:53:38.420  3342  3355 W Searchables: No global search activity found
12-13 17:53:38.423  3342  3355 W Searchables: No global search activity found
12-13 17:53:38.425  4612  4612 W ContextImpl: Calling a method in the system process without a qualified user: android.app.ContextImpl.startService:1231 android.content.ContextWrapper.startService:587 android.content.ContextWrapper.startService:587 org.cyanogenmod.providers.datausage.DataUsageAppInstallReceiver.onReceive:47 android.app.ActivityThread.handleReceiver:2759 
12-13 17:53:38.432  4612  4612 W ContextImpl: Calling a method in the system process without a qualified user: android.app.ContextImpl.startService:1231 android.content.ContextWrapper.startService:587 android.content.ContextWrapper.startService:587 org.cyanogenmod.providers.datausage.DataUsageAppInstallReceiver.onReceive:47 android.app.ActivityThread.handleReceiver:2759 
12-13 17:53:38.436  4612  4612 W ContextImpl: Calling a method in the system process without a qualified user: android.app.ContextImpl.startService:1231 android.content.ContextWrapper.startService:587 android.content.ContextWrapper.startService:587 org.cyanogenmod.providers.datausage.DataUsageAppInstallReceiver.onReceive:47 android.app.ActivityThread.handleReceiver:2759 
12-13 17:53:42.456  3342  3356 I ActivityManager: Waited long enough for: ServiceRecord{25bc7c1 u0 com.android.providers.media/.MediaScannerService}
12-13 17:53:42.881  3342  3356 I ActivityManager: Waited long enough for: ServiceRecord{3ab134a u0 com.android.calendar/.alerts.InitAlarmsService}
12-13 17:53:43.405  3342  3356 I ActivityManager: Waited long enough for: ServiceRecord{87f95e4 u0 com.android.email/.service.LegacyImapSyncAdapterService}
12-13 17:53:47.070  4258  4296 E ELEVEN  : calling refresh!
12-13 17:53:47.247  2920  3408 I vold    : Trimmed 9335791616 bytes on /data in 31678ms
12-13 17:53:47.247  3342  3405 D VoldConnector: RCV <- {662 /data 9335791616 31678649631}
12-13 17:53:51.416  3632  3813 I vol.Events: writeEvent level_changed STREAM_MUSIC 10
12-13 17:53:57.891  4560  4711 D InitAlarmsService: Clearing and rescheduling alarms.
12-13 17:53:57.921  3342  3628 I ActivityManager: Killing 4513:com.android.keychain/1000 (adj 15): empty #17
12-13 17:53:57.956  3342  3628 I ActivityManager: Killing 4397:com.android.cellbroadcastreceiver/u0a6 (adj 15): empty #18
12-13 17:53:57.985  3342  3628 I ActivityManager: Killing 3945:com.android.settings:CryptKeeper/1000 (adj 15): empty #19
12-13 17:53:58.015  3342  3628 I ActivityManager: Killing 4059:org.cyanogenmod.weather.provider/u0a28 (adj 15): empty #20
12-13 17:53:58.045  3342  3510 D ActivityManager: cleanUpApplicationRecord -- 3945
12-13 17:53:58.047  3342  3354 D ActivityManager: cleanUpApplicationRecord -- 4059
12-13 17:53:58.050  3342  3625 D ActivityManager: cleanUpApplicationRecord -- 4513
12-13 17:53:58.052  3342  3626 D ActivityManager: cleanUpApplicationRecord -- 4397
12-13 17:53:58.059  3342  3629 I ActivityManager: Killing 4528:com.android.dialer/u0a19 (adj 15): empty #17
12-13 17:53:58.088  3342  3353 D ActivityManager: cleanUpApplicationRecord -- 4528
12-13 17:54:09.588  3342  3352 I art     : Background partial concurrent mark sweep GC freed 314101(14MB) AllocSpace objects, 5(100KB) LOS objects, 33% free, 32MB/48MB, paused 1.067ms total 103.489ms
12-13 17:54:19.993  3342  3416 D WifiService: New client listening to asynchronous messages
12-13 17:54:19.997  3342  3626 D WifiService: setWifiEnabled: true pid=4042, uid=1000
12-13 17:54:19.997  3342  3626 E WifiService: Invoking mWifiStateMachine.setWifiEnabled
12-13 17:54:19.999  3342  3415 E WifiMonitor: killSupplicant p2ptrue init.svc.wpa_supplicant=unknown init.svc.p2p_supplicant=unknown
12-13 17:54:20.000  2997  3430 V audio_hw_primary: out_set_parameters: key value pairs: routing=2
12-13 17:54:20.001  2992  3326 D SoftapController: Softap fwReload - Ok
12-13 17:54:20.003  2992  3326 W CommandListener: Failed to retrieve HW addr for wlan0 (No such device)
12-13 17:54:20.007  2992  3326 D CommandListener: Setting iface cfg
12-13 17:54:20.010  3342  3415 E WifiStateMachine: Unable to change interface settings: java.lang.IllegalStateException: command '22 interface setcfg wlan0 0.0.0.0 0 down' failed with '400 22 Failed to set address (No such device)'
12-13 17:54:20.011  2997  3430 V audio_hw_primary: start_output_stream: starting stream
12-13 17:54:20.011  3342  3415 E wifi    : Could not read interface wlan0 flags: 19
12-13 17:54:20.011  3342  3415 E WifiNative-HAL: Could not start hal
12-13 17:54:20.012  3342  3415 E WifiStateMachine: Failed to start HAL
12-13 17:54:20.022  3342  3625 I ActivityManager: START u0 {act=com.android.net.wifi.SETUP_WIFI_NETWORK cmp=com.android.settings/.wifi.WifiSetupActivity (has extras)} from uid 1000 on display 0
12-13 17:54:20.052  2997  3430 V audio_hw_primary: select_devices() devices 0x2 input src 0 output route media-speaker input route none
12-13 17:54:20.057  4866  4866 I wpa_supplicant: Successfully initialized wpa_supplicant
12-13 17:54:20.057  4866  4866 E wpa_supplicant: Failed to open config file '/system/etc/wifi/wpa_supplicant_overlay.conf', error: No such file or directory
12-13 17:54:20.059  4866  4866 I wpa_supplicant: rfkill: Cannot open RFKILL control device
12-13 17:54:20.059  4866  4866 E wpa_supplicant: Could not read interface wlan0 flags: No such device
12-13 17:54:20.059  4866  4866 I wpa_supplicant: nl80211: Driver does not support authentication/association or connect commands
12-13 17:54:20.059  4866  4866 I wpa_supplicant: nl80211: deinit ifname=wlan0 disabled_11b_rates=0
12-13 17:54:20.059  4866  4866 E wpa_supplicant: Could not read interface wlan0 flags: No such device
12-13 17:54:20.059  4866  4866 E wpa_supplicant: wlan0: Failed to initialize driver interface
12-13 17:54:20.117  3342  3415 D WifiMonitor: startMonitoring(wlan0) with mConnected = false
12-13 17:54:20.182  2997  3430 V audio_hw_primary: adev_set_call_audio_path: ril_set_call_audio_path(2)
12-13 17:54:20.182  2997  3430 E audio_hw_primary: Connect_RILD() failed
12-13 17:54:20.182  2997  3430 V audio_hw_primary: start_output_stream: stream out device: 2, actual: 2
12-13 17:54:20.197  4025  4894 D OpenGLRenderer: Use EGL_SWAP_BEHAVIOR_PRESERVED: true
12-13 17:54:20.222  4025  4894 I OpenGLRenderer: Initialized EGL, version 1.4
12-13 17:54:20.227  4025  4894 D mali_winsys: EGLint new_window_surface(egl_winsys_display*, void*, EGLSurface, EGLConfig, egl_winsys_surface**, egl_color_buffer_format*, EGLBoolean) returns 0x3000,  [1440x2560]-format:1
12-13 17:54:20.340  3342  3361 I ActivityManager: Displayed com.android.settings/.wifi.WifiSetupActivity: +281ms
12-13 17:54:20.381  4042  4315 D OpenGLRenderer: endAllStagingAnimators on 0x7f647b8000 (RippleDrawable) with handle 0x7f7480c420
