12-14 22:08:45.632  3418  3486 E WifiHW  : Supplicant not running, cannot connect
12-14 22:08:45.732  3418  3486 E WifiHW  : Supplicant not running, cannot connect
12-14 22:08:45.833  3418  3486 E WifiHW  : Supplicant not running, cannot connect
12-14 22:08:45.857  3016  3504 V audio_hw_primary: out_set_parameters: key value pairs: routing=2
12-14 22:08:45.933  3418  3486 E WifiHW  : Supplicant not running, cannot connect
12-14 22:08:46.033  3418  3486 E WifiHW  : Supplicant not running, cannot connect
12-14 22:08:46.133  3418  3486 E WifiHW  : Supplicant not running, cannot connect
12-14 22:08:46.233  3418  3486 E WifiHW  : Supplicant not running, cannot connect
12-14 22:08:46.334  3418  3486 E WifiHW  : Supplicant not running, cannot connect
12-14 22:08:46.434  3418  3486 E WifiHW  : Supplicant not running, cannot connect
12-14 22:08:46.534  3418  3486 E WifiHW  : Supplicant not running, cannot connect
12-14 22:08:46.635  3418  3486 E WifiHW  : Supplicant not running, cannot connect
12-14 22:08:46.735  3418  3486 E WifiHW  : Supplicant not running, cannot connect
12-14 22:08:46.835  3418  3486 E WifiHW  : Supplicant not running, cannot connect
12-14 22:08:46.936  3418  3486 E WifiHW  : Supplicant not running, cannot connect
12-14 22:08:47.036  3418  3486 E WifiHW  : Supplicant not running, cannot connect
12-14 22:08:47.136  3418  3486 E WifiHW  : Supplicant not running, cannot connect
12-14 22:08:47.236  3418  3486 E WifiHW  : Supplicant not running, cannot connect
12-14 22:08:47.336  3418  3486 E WifiHW  : Supplicant not running, cannot connect
12-14 22:08:47.437  3418  3486 E WifiHW  : Supplicant not running, cannot connect
12-14 22:08:47.537  3418  3486 E WifiHW  : Supplicant not running, cannot connect
12-14 22:08:47.637  3418  3486 E WifiHW  : Supplicant not running, cannot connect
12-14 22:08:47.738  3418  3486 E WifiHW  : Supplicant not running, cannot connect
12-14 22:08:47.838  3418  3486 E WifiHW  : Supplicant not running, cannot connect
12-14 22:08:47.939  3418  3486 E WifiHW  : Supplicant not running, cannot connect
12-14 22:08:48.039  3418  3486 E WifiHW  : Supplicant not running, cannot connect
12-14 22:08:48.139  3418  3486 E WifiHW  : Supplicant not running, cannot connect
12-14 22:08:48.240  3418  3486 E WifiHW  : Supplicant not running, cannot connect
12-14 22:08:48.340  3418  3486 E WifiHW  : Supplicant not running, cannot connect
12-14 22:08:48.440  3418  3486 E WifiHW  : Supplicant not running, cannot connect
12-14 22:08:48.541  3418  3486 E WifiHW  : Supplicant not running, cannot connect
12-14 22:08:48.641  3418  3486 E WifiHW  : Supplicant not running, cannot connect
12-14 22:08:48.742  3418  3486 E WifiHW  : Supplicant not running, cannot connect
12-14 22:08:48.842  3418  3486 E WifiHW  : Supplicant not running, cannot connect
12-14 22:08:48.942  3418  3486 E WifiHW  : Supplicant not running, cannot connect
12-14 22:08:48.995  3016  3504 V audio_hw_primary: do_out_standby: output standby: 0
12-14 22:08:49.043  3418  3486 E WifiHW  : Supplicant not running, cannot connect
12-14 22:08:49.143  3418  3486 E WifiHW  : Supplicant not running, cannot connect
12-14 22:08:49.244  3418  3486 E WifiHW  : Supplicant not running, cannot connect
12-14 22:08:49.245  3418  3486 E WifiMonitor: startMonitoring(wlan0) failed!
12-14 22:08:49.246  3418  3486 E WifiStateMachine: Failed to setup control channel, restart supplicant
12-14 22:08:49.247  3418  3486 E WifiMonitor: killSupplicant p2ptrue init.svc.wpa_supplicant=unknown init.svc.p2p_supplicant=unknown
12-14 22:08:50.836  3719  3912 I vol.Events: writeEvent level_changed STREAM_MUSIC 10
12-14 22:08:54.249  3418  3486 E WifiMonitor: killSupplicant p2ptrue init.svc.wpa_supplicant=unknown init.svc.p2p_supplicant=unknown
12-14 22:08:54.251  3011  3402 D SoftapController: Softap fwReload - Ok
12-14 22:08:54.257  3011  3402 D CommandListener: Setting iface cfg
12-14 22:08:54.257  3011  3402 D CommandListener: Trying to bring down wlan0
12-14 22:08:54.259  3011  3402 D CommandListener: Clearing all IP addresses on wlan0
12-14 22:08:56.149  3418  3486 E wifi    : Could not set interface wlan0 flags: 1
12-14 22:08:56.149  3418  3486 E WifiNative-HAL: Could not start hal
12-14 22:08:56.149  3418  3486 E WifiStateMachine: Failed to start HAL
12-14 22:08:56.152  3418  3486 D WifiMonitor: startMonitoring(wlan0) with mConnected = false
12-14 22:08:56.165  3418  3432 I ActivityManager: Killing 4602:com.android.keychain/1000 (adj 15): empty #17
12-14 22:08:56.189  4959  4959 I wpa_supplicant: Successfully initialized wpa_supplicant
12-14 22:08:56.190  4959  4959 I wpa_supplicant: rfkill: Cannot open RFKILL control device
12-14 22:08:56.199  3418  3432 I ActivityManager: Killing 4500:com.android.cellbroadcastreceiver/u0a6 (adj 15): empty #18
12-14 22:08:56.221  3418  3432 I ActivityManager: Killing 4030:com.android.settings:CryptKeeper/1000 (adj 15): empty #19
12-14 22:08:56.243  3418  3432 I ActivityManager: Killing 4205:org.cyanogenmod.weather.provider/u0a28 (adj 15): empty #20
12-14 22:08:56.266  3418  3433 W art     : Long monitor contention event with owner method=void com.android.server.am.BroadcastQueue.processNextBroadcast(boolean) from BroadcastQueue.java:654 waiters=1 for 108ms
12-14 22:08:56.266  3418  4027 D ActivityManager: cleanUpApplicationRecord -- 4602
12-14 22:08:56.267  3418  3713 D ActivityManager: cleanUpApplicationRecord -- 4500
12-14 22:08:56.268  3418  3429 D ActivityManager: cleanUpApplicationRecord -- 4030
12-14 22:08:56.270  3418  3716 D ActivityManager: cleanUpApplicationRecord -- 4205
12-14 22:08:57.087  4654  4806 D InitAlarmsService: Clearing and rescheduling alarms.
12-14 22:08:57.979  4959  4959 E wpa_supplicant: Could not set interface wlan0 flags (UP): Operation not permitted
12-14 22:08:57.979  4959  4959 E wpa_supplicant: nl80211: Could not set interface 'wlan0' UP
12-14 22:08:57.979  4959  4959 I wpa_supplicant: nl80211: deinit ifname=wlan0 disabled_11b_rates=0
12-14 22:08:57.980  4959  4959 E wpa_supplicant: wlan0: Failed to initialize driver interface
12-14 22:09:06.260  3418  3486 E WifiHW  : Supplicant not running, cannot connect
12-14 22:09:06.361  3418  3486 E WifiHW  : Supplicant not running, cannot connect
12-14 22:09:06.462  3418  3486 E WifiHW  : Supplicant not running, cannot connect
12-14 22:09:06.562  3418  3486 E WifiHW  : Supplicant not running, cannot connect
12-14 22:09:06.663  3418  3486 E WifiHW  : Supplicant not running, cannot connect
12-14 22:09:06.764  3418  3486 E WifiHW  : Supplicant not running, cannot connect
12-14 22:09:06.865  3418  3486 E WifiHW  : Supplicant not running, cannot connect
12-14 22:09:06.965  3418  3486 E WifiHW  : Supplicant not running, cannot connect
12-14 22:09:07.066  3418  3486 E WifiHW  : Supplicant not running, cannot connect
12-14 22:09:07.167  3418  3486 E WifiHW  : Supplicant not running, cannot connect
12-14 22:09:07.268  3418  3486 E WifiHW  : Supplicant not running, cannot connect
12-14 22:09:07.369  3418  3486 E WifiHW  : Supplicant not running, cannot connect
12-14 22:09:07.470  3418  3486 E WifiHW  : Supplicant not running, cannot connect
12-14 22:09:07.571  3418  3486 E WifiHW  : Supplicant not running, cannot connect
12-14 22:09:07.672  3418  3486 E WifiHW  : Supplicant not running, cannot connect
12-14 22:09:07.773  3418  3486 E WifiHW  : Supplicant not running, cannot connect
12-14 22:09:07.874  3418  3486 E WifiHW  : Supplicant not running, cannot connect
12-14 22:09:07.975  3418  3486 E WifiHW  : Supplicant not running, cannot connect
12-14 22:09:08.076  3418  3486 E WifiHW  : Supplicant not running, cannot connect
12-14 22:09:08.176  3418  3486 E WifiHW  : Supplicant not running, cannot connect
12-14 22:09:08.277  3418  3486 E WifiHW  : Supplicant not running, cannot connect
12-14 22:09:08.378  3418  3486 E WifiHW  : Supplicant not running, cannot connect
12-14 22:09:08.479  3418  3486 E WifiHW  : Supplicant not running, cannot connect
12-14 22:09:08.580  3418  3486 E WifiHW  : Supplicant not running, cannot connect
12-14 22:09:08.680  3418  3486 E WifiHW  : Supplicant not running, cannot connect
12-14 22:09:08.781  3418  3486 E WifiHW  : Supplicant not running, cannot connect
12-14 22:09:08.882  3418  3486 E WifiHW  : Supplicant not running, cannot connect
12-14 22:09:08.983  3418  3486 E WifiHW  : Supplicant not running, cannot connect
12-14 22:09:09.084  3418  3486 E WifiHW  : Supplicant not running, cannot connect
12-14 22:09:09.185  3418  3486 E WifiHW  : Supplicant not running, cannot connect
12-14 22:09:09.286  3418  3486 E WifiHW  : Supplicant not running, cannot connect
12-14 22:09:09.387  3418  3486 E WifiHW  : Supplicant not running, cannot connect
12-14 22:09:09.487  3418  3486 E WifiHW  : Supplicant not running, cannot connect
12-14 22:09:09.588  3418  3486 E WifiHW  : Supplicant not running, cannot connect
12-14 22:09:09.689  3418  3486 E WifiHW  : Supplicant not running, cannot connect
12-14 22:09:09.790  3418  3486 E WifiHW  : Supplicant not running, cannot connect
12-14 22:09:09.891  3418  3486 E WifiHW  : Supplicant not running, cannot connect
12-14 22:09:09.991  3418  3486 E WifiHW  : Supplicant not running, cannot connect
12-14 22:09:10.092  3418  3486 E WifiHW  : Supplicant not running, cannot connect
12-14 22:09:10.193  3418  3486 E WifiHW  : Supplicant not running, cannot connect
12-14 22:09:10.294  3418  3486 E WifiHW  : Supplicant not running, cannot connect
12-14 22:09:10.395  3418  3486 E WifiHW  : Supplicant not running, cannot connect
12-14 22:09:10.496  3418  3486 E WifiHW  : Supplicant not running, cannot connect
12-14 22:09:10.597  3418  3486 E WifiHW  : Supplicant not running, cannot connect
12-14 22:09:10.698  3418  3486 E WifiHW  : Supplicant not running, cannot connect
12-14 22:09:10.799  3418  3486 E WifiHW  : Supplicant not running, cannot connect
12-14 22:09:10.900  3418  3486 E WifiHW  : Supplicant not running, cannot connect
12-14 22:09:11.001  3418  3486 E WifiHW  : Supplicant not running, cannot connect
12-14 22:09:11.101  3418  3486 E WifiHW  : Supplicant not running, cannot connect
12-14 22:09:11.202  3418  3486 E WifiHW  : Supplicant not running, cannot connect
12-14 22:09:11.202  3418  3486 E WifiMonitor: startMonitoring(wlan0) failed!
12-14 22:09:11.202  3418  3486 E WifiStateMachine: Failed to setup control channel, restart supplicant
12-14 22:09:11.202  3418  3486 E WifiMonitor: killSupplicant p2ptrue init.svc.wpa_supplicant=unknown init.svc.p2p_supplicant=unknown
12-14 22:09:16.207  3418  3486 E WifiMonitor: killSupplicant p2ptrue init.svc.wpa_supplicant=unknown init.svc.p2p_supplicant=unknown
12-14 22:09:16.208  3011  3402 D SoftapController: Softap fwReload - Ok
12-14 22:09:16.215  3011  3402 D CommandListener: Setting iface cfg
12-14 22:09:16.215  3011  3402 D CommandListener: Trying to bring down wlan0
12-14 22:09:16.217  3011  3402 D CommandListener: Clearing all IP addresses on wlan0
12-14 22:09:18.049  3418  3486 E wifi    : Could not set interface wlan0 flags: 1
12-14 22:09:18.049  3418  3486 E WifiNative-HAL: Could not start hal
12-14 22:09:18.049  3418  3486 E WifiStateMachine: Failed to start HAL
12-14 22:09:18.091  4966  4966 I wpa_supplicant: Successfully initialized wpa_supplicant
12-14 22:09:18.092  4966  4966 I wpa_supplicant: rfkill: Cannot open RFKILL control device
12-14 22:09:18.151  3418  3486 D WifiMonitor: startMonitoring(wlan0) with mConnected = false
12-14 22:09:18.156  3418  3432 I ActivityManager: Killing 4618:com.android.dialer/u0a20 (adj 15): empty #17
12-14 22:09:18.191  3418  3712 D ActivityManager: cleanUpApplicationRecord -- 4618
12-14 22:09:20.009  4966  4966 E wpa_supplicant: Could not set interface wlan0 flags (UP): Operation not permitted
12-14 22:09:20.009  4966  4966 E wpa_supplicant: nl80211: Could not set interface 'wlan0' UP
12-14 22:09:20.009  4966  4966 I wpa_supplicant: nl80211: deinit ifname=wlan0 disabled_11b_rates=0
12-14 22:09:20.010  4966  4966 E wpa_supplicant: wlan0: Failed to initialize driver interface
12-14 22:09:28.260  3418  3486 E WifiHW  : Supplicant not running, cannot connect
12-14 22:09:28.361  3418  3486 E WifiHW  : Supplicant not running, cannot connect
12-14 22:09:28.462  3418  3486 E WifiHW  : Supplicant not running, cannot connect
12-14 22:09:28.563  3418  3486 E WifiHW  : Supplicant not running, cannot connect
12-14 22:09:28.663  3418  3486 E WifiHW  : Supplicant not running, cannot connect
12-14 22:09:28.764  3418  3486 E WifiHW  : Supplicant not running, cannot connect
12-14 22:09:28.865  3418  3486 E WifiHW  : Supplicant not running, cannot connect
12-14 22:09:28.967  3418  3486 E WifiHW  : Supplicant not running, cannot connect
12-14 22:09:29.068  3418  3486 E WifiHW  : Supplicant not running, cannot connect
12-14 22:09:29.169  3418  3486 E WifiHW  : Supplicant not running, cannot connect
12-14 22:09:29.270  3418  3486 E WifiHW  : Supplicant not running, cannot connect
12-14 22:09:29.371  3418  3486 E WifiHW  : Supplicant not running, cannot connect
12-14 22:09:29.472  3418  3486 E WifiHW  : Supplicant not running, cannot connect
12-14 22:09:29.573  3418  3486 E WifiHW  : Supplicant not running, cannot connect
12-14 22:09:29.674  3418  3486 E WifiHW  : Supplicant not running, cannot connect
12-14 22:09:29.775  3418  3486 E WifiHW  : Supplicant not running, cannot connect
12-14 22:09:29.875  3418  3486 E WifiHW  : Supplicant not running, cannot connect
12-14 22:09:29.976  3418  3486 E WifiHW  : Supplicant not running, cannot connect
12-14 22:09:30.077  3418  3486 E WifiHW  : Supplicant not running, cannot connect
12-14 22:09:30.178  3418  3486 E WifiHW  : Supplicant not running, cannot connect
12-14 22:09:30.280  3418  3486 E WifiHW  : Supplicant not running, cannot connect
12-14 22:09:30.380  3418  3486 E WifiHW  : Supplicant not running, cannot connect
12-14 22:09:30.482  3418  3486 E WifiHW  : Supplicant not running, cannot connect
12-14 22:09:30.583  3418  3486 E WifiHW  : Supplicant not running, cannot connect
12-14 22:09:30.684  3418  3486 E WifiHW  : Supplicant not running, cannot connect
12-14 22:09:30.785  3418  3486 E WifiHW  : Supplicant not running, cannot connect
12-14 22:09:30.886  3418  3486 E WifiHW  : Supplicant not running, cannot connect
12-14 22:09:30.986  3418  3486 E WifiHW  : Supplicant not running, cannot connect
12-14 22:09:31.087  3418  3486 E WifiHW  : Supplicant not running, cannot connect
12-14 22:09:31.188  3418  3486 E WifiHW  : Supplicant not running, cannot connect
12-14 22:09:31.289  3418  3486 E WifiHW  : Supplicant not running, cannot connect
12-14 22:09:31.389  3418  3486 E WifiHW  : Supplicant not running, cannot connect
12-14 22:09:31.490  3418  3486 E WifiHW  : Supplicant not running, cannot connect
12-14 22:09:31.591  3418  3486 E WifiHW  : Supplicant not running, cannot connect
12-14 22:09:31.692  3418  3486 E WifiHW  : Supplicant not running, cannot connect
12-14 22:09:31.793  3418  3486 E WifiHW  : Supplicant not running, cannot connect
12-14 22:09:31.894  3418  3486 E WifiHW  : Supplicant not running, cannot connect
12-14 22:09:31.995  3418  3486 E WifiHW  : Supplicant not running, cannot connect
12-14 22:09:32.097  3418  3486 E WifiHW  : Supplicant not running, cannot connect
12-14 22:09:32.197  3418  3486 E WifiHW  : Supplicant not running, cannot connect
12-14 22:09:32.298  3418  3486 E WifiHW  : Supplicant not running, cannot connect
12-14 22:09:32.399  3418  3486 E WifiHW  : Supplicant not running, cannot connect
12-14 22:09:32.500  3418  3486 E WifiHW  : Supplicant not running, cannot connect
12-14 22:09:32.601  3418  3486 E WifiHW  : Supplicant not running, cannot connect
12-14 22:09:32.701  3418  3486 E WifiHW  : Supplicant not running, cannot connect
12-14 22:09:32.802  3418  3486 E WifiHW  : Supplicant not running, cannot connect
12-14 22:09:32.903  3418  3486 E WifiHW  : Supplicant not running, cannot connect
12-14 22:09:33.004  3418  3486 E WifiHW  : Supplicant not running, cannot connect
12-14 22:09:33.104  3418  3486 E WifiHW  : Supplicant not running, cannot connect
12-14 22:09:33.205  3418  3486 E WifiHW  : Supplicant not running, cannot connect
12-14 22:09:33.205  3418  3486 E WifiMonitor: startMonitoring(wlan0) failed!
12-14 22:09:33.206  3418  3486 E WifiStateMachine: Failed to setup control channel, restart supplicant
12-14 22:09:33.206  3418  3486 E WifiMonitor: killSupplicant p2ptrue init.svc.wpa_supplicant=unknown init.svc.p2p_supplicant=unknown
12-14 22:09:38.209  3418  3486 E WifiMonitor: killSupplicant p2ptrue init.svc.wpa_supplicant=unknown init.svc.p2p_supplicant=unknown
12-14 22:09:38.212  3011  3402 D SoftapController: Softap fwReload - Ok
12-14 22:09:38.216  3011  3402 D CommandListener: Setting iface cfg
12-14 22:09:38.216  3011  3402 D CommandListener: Trying to bring down wlan0
12-14 22:09:38.218  3011  3402 D CommandListener: Clearing all IP addresses on wlan0
12-14 22:09:40.039  3418  3486 E wifi    : Could not set interface wlan0 flags: 1
12-14 22:09:40.039  3418  3486 E WifiNative-HAL: Could not start hal
12-14 22:09:40.040  3418  3486 E WifiStateMachine: Failed to start HAL
12-14 22:09:40.080  4997  4997 I wpa_supplicant: Successfully initialized wpa_supplicant
12-14 22:09:40.081  4997  4997 I wpa_supplicant: rfkill: Cannot open RFKILL control device
12-14 22:09:40.141  3418  3486 D WifiMonitor: startMonitoring(wlan0) with mConnected = false
12-14 22:09:41.939  4997  4997 E wpa_supplicant: Could not set interface wlan0 flags (UP): Operation not permitted
12-14 22:09:41.939  4997  4997 E wpa_supplicant: nl80211: Could not set interface 'wlan0' UP
12-14 22:09:41.939  4997  4997 I wpa_supplicant: nl80211: deinit ifname=wlan0 disabled_11b_rates=0
12-14 22:09:41.940  4997  4997 E wpa_supplicant: wlan0: Failed to initialize driver interface
12-14 22:09:45.789  3418  3439 I PowerManagerService: Going to sleep due to screen timeout (uid 1000)...
12-14 22:09:45.792  3418  3439 I PowerManagerService: Sleeping (uid 1000)...
12-14 22:09:45.821  3418  3439 D mali_winsys: EGLint new_window_surface(egl_winsys_display*, void*, EGLSurface, EGLConfig, egl_winsys_surface**, egl_color_buffer_format*, EGLBoolean) returns 0x3000,  [1440x2560]-format:1
12-14 22:09:45.827  2937  3975 D PermissionCache: checking android.permission.READ_FRAME_BUFFER for uid=1000 => granted (297 us)
12-14 22:09:46.381  3418  3439 I Sensors : Acc old sensor_state 1, new sensor_state : 0 en : 0
12-14 22:09:46.382  3418  3439 V KeyguardServiceDelegate: onScreenTurnedOff()
12-14 22:09:46.390  3418  3439 E libEGL  : call to OpenGL ES API with no current context (logged once per thread)
12-14 22:09:46.393  3418  3437 I DisplayManagerService: Display device changed state: "Built-in Screen", OFF
12-14 22:09:46.398  2937  2937 D SurfaceFlinger: Set power mode=0, type=0 flinger=0x7f9e783c00
12-14 22:09:46.581  3418  3563 D SurfaceControl: Excessive delay in setPowerMode(): 188ms
12-14 22:09:46.588  3016  4301 E bt_a2dp_hw: adev_set_parameters: ERROR: set param called even when stream out is null
12-14 22:09:46.603  3016  4300 E bt_a2dp_hw: adev_set_parameters: ERROR: set param called even when stream out is null
12-14 22:09:47.792  3418  3439 W PowerManagerService: Sandman unresponsive, releasing suspend blocker
12-14 22:09:50.254  3418  3486 E WifiHW  : Supplicant not running, cannot connect
12-14 22:09:50.355  3418  3486 E WifiHW  : Supplicant not running, cannot connect
12-14 22:09:50.456  3418  3486 E WifiHW  : Supplicant not running, cannot connect
12-14 22:09:50.557  3418  3486 E WifiHW  : Supplicant not running, cannot connect
12-14 22:09:50.658  3418  3486 E WifiHW  : Supplicant not running, cannot connect
12-14 22:09:50.760  3418  3486 E WifiHW  : Supplicant not running, cannot connect
12-14 22:09:50.861  3418  3486 E WifiHW  : Supplicant not running, cannot connect
12-14 22:09:50.962  3418  3486 E WifiHW  : Supplicant not running, cannot connect
12-14 22:09:51.063  3418  3486 E WifiHW  : Supplicant not running, cannot connect
12-14 22:09:51.164  3418  3486 E WifiHW  : Supplicant not running, cannot connect
12-14 22:09:51.265  3418  3486 E WifiHW  : Supplicant not running, cannot connect
12-14 22:09:51.366  3418  3486 E WifiHW  : Supplicant not running, cannot connect
12-14 22:09:51.467  3418  3486 E WifiHW  : Supplicant not running, cannot connect
12-14 22:09:51.568  3418  3486 E WifiHW  : Supplicant not running, cannot connect
12-14 22:09:51.670  3418  3486 E WifiHW  : Supplicant not running, cannot connect
12-14 22:09:51.771  3418  3486 E WifiHW  : Supplicant not running, cannot connect
12-14 22:09:51.872  3418  3486 E WifiHW  : Supplicant not running, cannot connect
12-14 22:09:51.973  3418  3486 E WifiHW  : Supplicant not running, cannot connect
12-14 22:09:52.074  3418  3486 E WifiHW  : Supplicant not running, cannot connect
12-14 22:09:52.175  3418  3486 E WifiHW  : Supplicant not running, cannot connect
12-14 22:09:52.276  3418  3486 E WifiHW  : Supplicant not running, cannot connect
12-14 22:09:52.377  3418  3486 E WifiHW  : Supplicant not running, cannot connect
12-14 22:09:52.478  3418  3486 E WifiHW  : Supplicant not running, cannot connect
12-14 22:09:52.579  3418  3486 E WifiHW  : Supplicant not running, cannot connect
12-14 22:09:52.680  3418  3486 E WifiHW  : Supplicant not running, cannot connect
12-14 22:09:52.781  3418  3486 E WifiHW  : Supplicant not running, cannot connect
12-14 22:09:52.883  3418  3486 E WifiHW  : Supplicant not running, cannot connect
12-14 22:09:52.984  3418  3486 E WifiHW  : Supplicant not running, cannot connect
12-14 22:09:53.085  3418  3486 E WifiHW  : Supplicant not running, cannot connect
12-14 22:09:53.186  3418  3486 E WifiHW  : Supplicant not running, cannot connect
12-14 22:09:53.287  3418  3486 E WifiHW  : Supplicant not running, cannot connect
12-14 22:09:53.388  3418  3486 E WifiHW  : Supplicant not running, cannot connect
12-14 22:09:53.489  3418  3486 E WifiHW  : Supplicant not running, cannot connect
12-14 22:09:53.590  3418  3486 E WifiHW  : Supplicant not running, cannot connect
12-14 22:09:53.691  3418  3486 E WifiHW  : Supplicant not running, cannot connect
12-14 22:09:53.792  3418  3486 E WifiHW  : Supplicant not running, cannot connect
12-14 22:09:53.893  3418  3486 E WifiHW  : Supplicant not running, cannot connect
12-14 22:09:53.994  3418  3486 E WifiHW  : Supplicant not running, cannot connect
12-14 22:09:54.095  3418  3486 E WifiHW  : Supplicant not running, cannot connect
12-14 22:09:54.196  3418  3486 E WifiHW  : Supplicant not running, cannot connect
12-14 22:09:54.297  3418  3486 E WifiHW  : Supplicant not running, cannot connect
12-14 22:09:54.398  3418  3486 E WifiHW  : Supplicant not running, cannot connect
12-14 22:09:54.499  3418  3486 E WifiHW  : Supplicant not running, cannot connect
12-14 22:09:54.600  3418  3486 E WifiHW  : Supplicant not running, cannot connect
12-14 22:09:54.701  3418  3486 E WifiHW  : Supplicant not running, cannot connect
12-14 22:09:54.802  3418  3486 E WifiHW  : Supplicant not running, cannot connect
12-14 22:09:54.903  3418  3486 E WifiHW  : Supplicant not running, cannot connect
12-14 22:09:55.004  3418  3486 E WifiHW  : Supplicant not running, cannot connect
12-14 22:09:55.105  3418  3486 E WifiHW  : Supplicant not running, cannot connect
12-14 22:09:55.207  3418  3486 E WifiHW  : Supplicant not running, cannot connect
12-14 22:09:55.207  3418  3486 E WifiMonitor: startMonitoring(wlan0) failed!
12-14 22:09:55.207  3418  3486 D WifiConfigStore: Retrieve network priorities after PNO.
12-14 22:09:55.208  3418  3486 E WifiStateMachine:  Fail to set up pno, want false now false
12-14 22:09:55.210  3418  3486 D WifiConfigStore: Retrieve network priorities after PNO.
12-14 22:09:55.211  3418  3486 E WifiStateMachine:  Fail to set up pno, want false now false
12-14 22:09:55.211  3418  3486 E WifiStateMachine: Failed to setup control channel, restart supplicant
12-14 22:09:55.211  3418  3486 E WifiMonitor: killSupplicant p2ptrue init.svc.wpa_supplicant=unknown init.svc.p2p_supplicant=unknown
12-14 22:10:00.216  3418  3486 E WifiMonitor: killSupplicant p2ptrue init.svc.wpa_supplicant=unknown init.svc.p2p_supplicant=unknown
12-14 22:10:00.218  3011  3402 D SoftapController: Softap fwReload - Ok
12-14 22:10:00.224  3011  3402 D CommandListener: Setting iface cfg
12-14 22:10:00.225  3011  3402 D CommandListener: Trying to bring down wlan0
12-14 22:10:00.226  3011  3402 D CommandListener: Clearing all IP addresses on wlan0
12-14 22:10:02.129  3418  3486 E wifi    : Could not set interface wlan0 flags: 1
12-14 22:10:02.129  3418  3486 E WifiNative-HAL: Could not start hal
12-14 22:10:02.129  3418  3486 E WifiStateMachine: Failed to start HAL
12-14 22:10:02.165  5012  5012 I wpa_supplicant: Successfully initialized wpa_supplicant
12-14 22:10:02.166  5012  5012 I wpa_supplicant: rfkill: Cannot open RFKILL control device
12-14 22:10:02.231  3418  3486 D WifiMonitor: startMonitoring(wlan0) with mConnected = false
12-14 22:10:04.089  5012  5012 E wpa_supplicant: Could not set interface wlan0 flags (UP): Operation not permitted
12-14 22:10:04.089  5012  5012 E wpa_supplicant: nl80211: Could not set interface 'wlan0' UP
12-14 22:10:04.089  5012  5012 I wpa_supplicant: nl80211: deinit ifname=wlan0 disabled_11b_rates=0
12-14 22:10:04.090  5012  5012 E wpa_supplicant: wlan0: Failed to initialize driver interface
12-14 22:10:12.344  3418  3486 E WifiHW  : Supplicant not running, cannot connect
12-14 22:10:12.445  3418  3486 E WifiHW  : Supplicant not running, cannot connect
12-14 22:10:12.546  3418  3486 E WifiHW  : Supplicant not running, cannot connect
12-14 22:10:12.647  3418  3486 E WifiHW  : Supplicant not running, cannot connect
12-14 22:10:12.749  3418  3486 E WifiHW  : Supplicant not running, cannot connect
12-14 22:10:12.850  3418  3486 E WifiHW  : Supplicant not running, cannot connect
12-14 22:10:12.951  3418  3486 E WifiHW  : Supplicant not running, cannot connect
12-14 22:10:13.052  3418  3486 E WifiHW  : Supplicant not running, cannot connect
12-14 22:10:13.153  3418  3486 E WifiHW  : Supplicant not running, cannot connect
12-14 22:10:13.254  3418  3486 E WifiHW  : Supplicant not running, cannot connect
12-14 22:10:13.355  3418  3486 E WifiHW  : Supplicant not running, cannot connect
12-14 22:10:13.456  3418  3486 E WifiHW  : Supplicant not running, cannot connect
12-14 22:10:13.558  3418  3486 E WifiHW  : Supplicant not running, cannot connect
12-14 22:10:13.659  3418  3486 E WifiHW  : Supplicant not running, cannot connect
12-14 22:10:13.760  3418  3486 E WifiHW  : Supplicant not running, cannot connect
12-14 22:10:13.861  3418  3486 E WifiHW  : Supplicant not running, cannot connect
12-14 22:10:13.962  3418  3486 E WifiHW  : Supplicant not running, cannot connect
12-14 22:10:14.063  3418  3486 E WifiHW  : Supplicant not running, cannot connect
12-14 22:10:14.165  3418  3486 E WifiHW  : Supplicant not running, cannot connect
12-14 22:10:14.266  3418  3486 E WifiHW  : Supplicant not running, cannot connect
12-14 22:10:14.367  3418  3486 E WifiHW  : Supplicant not running, cannot connect
12-14 22:10:14.468  3418  3486 E WifiHW  : Supplicant not running, cannot connect
12-14 22:10:14.569  3418  3486 E WifiHW  : Supplicant not running, cannot connect
12-14 22:10:14.670  3418  3486 E WifiHW  : Supplicant not running, cannot connect
12-14 22:10:14.771  3418  3486 E WifiHW  : Supplicant not running, cannot connect
12-14 22:10:14.872  3418  3486 E WifiHW  : Supplicant not running, cannot connect
12-14 22:10:14.973  3418  3486 E WifiHW  : Supplicant not running, cannot connect
12-14 22:10:15.074  3418  3486 E WifiHW  : Supplicant not running, cannot connect
12-14 22:10:15.175  3418  3486 E WifiHW  : Supplicant not running, cannot connect
12-14 22:10:15.276  3418  3486 E WifiHW  : Supplicant not running, cannot connect
12-14 22:10:15.377  3418  3486 E WifiHW  : Supplicant not running, cannot connect
12-14 22:10:15.478  3418  3486 E WifiHW  : Supplicant not running, cannot connect
12-14 22:10:15.579  3418  3486 E WifiHW  : Supplicant not running, cannot connect
12-14 22:10:15.680  3418  3486 E WifiHW  : Supplicant not running, cannot connect
12-14 22:10:15.781  3418  3486 E WifiHW  : Supplicant not running, cannot connect
12-14 22:10:15.882  3418  3486 E WifiHW  : Supplicant not running, cannot connect
12-14 22:10:15.983  3418  3486 E WifiHW  : Supplicant not running, cannot connect
12-14 22:10:16.084  3418  3486 E WifiHW  : Supplicant not running, cannot connect
12-14 22:10:16.185  3418  3486 E WifiHW  : Supplicant not running, cannot connect
12-14 22:10:16.286  3418  3486 E WifiHW  : Supplicant not running, cannot connect
12-14 22:10:16.387  3418  3486 E WifiHW  : Supplicant not running, cannot connect
12-14 22:10:16.488  3418  3486 E WifiHW  : Supplicant not running, cannot connect
12-14 22:10:16.590  3418  3486 E WifiHW  : Supplicant not running, cannot connect
12-14 22:10:16.691  3418  3486 E WifiHW  : Supplicant not running, cannot connect
12-14 22:10:16.792  3418  3486 E WifiHW  : Supplicant not running, cannot connect
12-14 22:10:16.893  3418  3486 E WifiHW  : Supplicant not running, cannot connect
12-14 22:10:16.994  3418  3486 E WifiHW  : Supplicant not running, cannot connect
12-14 22:10:17.095  3418  3486 E WifiHW  : Supplicant not running, cannot connect
12-14 22:10:17.196  3418  3486 E WifiHW  : Supplicant not running, cannot connect
12-14 22:10:17.297  3418  3486 E WifiHW  : Supplicant not running, cannot connect
12-14 22:10:17.297  3418  3486 E WifiMonitor: startMonitoring(wlan0) failed!
12-14 22:10:17.297  3418  3486 E WifiStateMachine: Failed to setup control channel, restart supplicant
12-14 22:10:17.298  3418  3486 E WifiMonitor: killSupplicant p2ptrue init.svc.wpa_supplicant=unknown init.svc.p2p_supplicant=unknown
12-14 22:10:21.338  4378  4403 E ELEVEN  : calling refresh!
12-14 22:10:22.299  3418  3486 E WifiMonitor: killSupplicant p2ptrue init.svc.wpa_supplicant=unknown init.svc.p2p_supplicant=unknown
12-14 22:10:22.302  3011  3402 D SoftapController: Softap fwReload - Ok
12-14 22:10:22.306  3011  3402 D CommandListener: Setting iface cfg
12-14 22:10:22.307  3011  3402 D CommandListener: Trying to bring down wlan0
12-14 22:10:22.309  3011  3402 D CommandListener: Clearing all IP addresses on wlan0
12-14 22:10:24.079  3418  3486 E wifi    : Could not set interface wlan0 flags: 1
12-14 22:10:24.079  3418  3486 E WifiNative-HAL: Could not start hal
12-14 22:10:24.079  3418  3486 E WifiStateMachine: Failed to start HAL
12-14 22:10:24.116  5015  5015 I wpa_supplicant: Successfully initialized wpa_supplicant
12-14 22:10:24.117  5015  5015 I wpa_supplicant: rfkill: Cannot open RFKILL control device
12-14 22:10:24.181  3418  3486 D WifiMonitor: startMonitoring(wlan0) with mConnected = false
12-14 22:10:26.009  5015  5015 E wpa_supplicant: Could not set interface wlan0 flags (UP): Operation not permitted
12-14 22:10:26.009  5015  5015 E wpa_supplicant: nl80211: Could not set interface 'wlan0' UP
12-14 22:10:26.009  5015  5015 I wpa_supplicant: nl80211: deinit ifname=wlan0 disabled_11b_rates=0
12-14 22:10:26.010  5015  5015 E wpa_supplicant: wlan0: Failed to initialize driver interface
12-14 22:10:34.295  3418  3486 E WifiHW  : Supplicant not running, cannot connect
12-14 22:10:34.396  3418  3486 E WifiHW  : Supplicant not running, cannot connect
12-14 22:10:34.496  3418  3486 E WifiHW  : Supplicant not running, cannot connect
12-14 22:10:34.597  3418  3486 E WifiHW  : Supplicant not running, cannot connect
12-14 22:10:34.698  3418  3486 E WifiHW  : Supplicant not running, cannot connect
12-14 22:10:34.800  3418  3486 E WifiHW  : Supplicant not running, cannot connect
12-14 22:10:34.901  3418  3486 E WifiHW  : Supplicant not running, cannot connect
12-14 22:10:35.002  3418  3486 E WifiHW  : Supplicant not running, cannot connect
12-14 22:10:35.103  3418  3486 E WifiHW  : Supplicant not running, cannot connect
12-14 22:10:35.204  3418  3486 E WifiHW  : Supplicant not running, cannot connect
12-14 22:10:35.305  3418  3486 E WifiHW  : Supplicant not running, cannot connect
12-14 22:10:35.406  3418  3486 E WifiHW  : Supplicant not running, cannot connect
12-14 22:10:35.507  3418  3486 E WifiHW  : Supplicant not running, cannot connect
12-14 22:10:35.608  3418  3486 E WifiHW  : Supplicant not running, cannot connect
12-14 22:10:35.709  3418  3486 E WifiHW  : Supplicant not running, cannot connect
12-14 22:10:35.810  3418  3486 E WifiHW  : Supplicant not running, cannot connect
12-14 22:10:35.911  3418  3486 E WifiHW  : Supplicant not running, cannot connect
12-14 22:10:36.012  3418  3486 E WifiHW  : Supplicant not running, cannot connect
12-14 22:10:36.114  3418  3486 E WifiHW  : Supplicant not running, cannot connect
12-14 22:10:36.214  3418  3486 E WifiHW  : Supplicant not running, cannot connect
12-14 22:10:36.316  3418  3486 E WifiHW  : Supplicant not running, cannot connect
12-14 22:10:36.417  3418  3486 E WifiHW  : Supplicant not running, cannot connect
12-14 22:10:36.518  3418  3486 E WifiHW  : Supplicant not running, cannot connect
12-14 22:10:36.619  3418  3486 E WifiHW  : Supplicant not running, cannot connect
12-14 22:10:36.720  3418  3486 E WifiHW  : Supplicant not running, cannot connect
12-14 22:10:36.821  3418  3486 E WifiHW  : Supplicant not running, cannot connect
12-14 22:10:36.922  3418  3486 E WifiHW  : Supplicant not running, cannot connect
12-14 22:10:37.023  3418  3486 E WifiHW  : Supplicant not running, cannot connect
12-14 22:10:37.124  3418  3486 E WifiHW  : Supplicant not running, cannot connect
12-14 22:10:37.225  3418  3486 E WifiHW  : Supplicant not running, cannot connect
12-14 22:10:37.326  3418  3486 E WifiHW  : Supplicant not running, cannot connect
12-14 22:10:37.427  3418  3486 E WifiHW  : Supplicant not running, cannot connect
12-14 22:10:37.528  3418  3486 E WifiHW  : Supplicant not running, cannot connect
12-14 22:10:37.630  3418  3486 E WifiHW  : Supplicant not running, cannot connect
12-14 22:10:37.731  3418  3486 E WifiHW  : Supplicant not running, cannot connect
12-14 22:10:37.832  3418  3486 E WifiHW  : Supplicant not running, cannot connect
12-14 22:10:37.933  3418  3486 E WifiHW  : Supplicant not running, cannot connect
12-14 22:10:38.034  3418  3486 E WifiHW  : Supplicant not running, cannot connect
12-14 22:10:38.135  3418  3486 E WifiHW  : Supplicant not running, cannot connect
12-14 22:10:38.236  3418  3486 E WifiHW  : Supplicant not running, cannot connect
12-14 22:10:38.337  3418  3486 E WifiHW  : Supplicant not running, cannot connect
12-14 22:10:38.438  3418  3486 E WifiHW  : Supplicant not running, cannot connect
12-14 22:10:38.539  3418  3486 E WifiHW  : Supplicant not running, cannot connect
12-14 22:10:38.640  3418  3486 E WifiHW  : Supplicant not running, cannot connect
12-14 22:10:38.741  3418  3486 E WifiHW  : Supplicant not running, cannot connect
12-14 22:10:38.843  3418  3486 E WifiHW  : Supplicant not running, cannot connect
12-14 22:10:38.944  3418  3486 E WifiHW  : Supplicant not running, cannot connect
12-14 22:10:39.045  3418  3486 E WifiHW  : Supplicant not running, cannot connect
12-14 22:10:39.146  3418  3486 E WifiHW  : Supplicant not running, cannot connect
12-14 22:10:39.247  3418  3486 E WifiHW  : Supplicant not running, cannot connect
12-14 22:10:39.247  3418  3486 E WifiMonitor: startMonitoring(wlan0) failed!
12-14 22:10:39.248  3418  3486 E WifiStateMachine: Failed 6 times to start supplicant, unload driver
12-14 22:11:20.076  3418  3428 I art     : Background partial concurrent mark sweep GC freed 305583(14MB) AllocSpace objects, 3(60KB) LOS objects, 33% free, 32MB/48MB, paused 1.112ms total 103.112ms
12-14 22:14:22.096  3016  4329 I FFmpegExtractor: android-source:0xf294e370
12-14 22:14:22.100  3016  4329 I FFMPEG  : [mp3 @ 0xf2d35800] Skipping 0 bytes of junk at 8736.
12-14 22:14:22.100  3016  4329 D FFmpegExtractor: suppoted codec(mp3) by official Stagefright
12-14 22:14:22.100  3016  4329 D FFmpegExtractor: ffmpeg detected media content as 'audio/mpeg' with confidence 0.08
12-14 22:14:22.111  3016  4330 I FFmpegExtractor: android-source:0xf294eb90
12-14 22:14:22.117  3016  4330 I FFMPEG  : [mp3 @ 0xf0cf2c00] Skipping 0 bytes of junk at 12714.
12-14 22:14:22.117  3016  4330 D FFmpegExtractor: suppoted codec(mp3) by official Stagefright
12-14 22:14:22.117  3016  4330 D FFmpegExtractor: ffmpeg detected media content as 'audio/mpeg' with confidence 0.08
12-14 22:14:22.132  3016  4295 I FFmpegExtractor: android-source:0xf67e0090
12-14 22:14:22.137  3016  4295 I FFMPEG  : [mp3 @ 0xf0c38800] Skipping 0 bytes of junk at 5001.
12-14 22:14:22.138  3016  4295 D FFmpegExtractor: suppoted codec(mp3) by official Stagefright
12-14 22:14:22.138  3016  4295 D FFmpegExtractor: ffmpeg detected media content as 'audio/mpeg' with confidence 0.08
12-14 22:14:22.155  3016  4308 I FFmpegExtractor: android-source:0xf294ed70
12-14 22:14:22.160  3016  4308 I FFMPEG  : [mp3 @ 0xf0946800] Skipping 0 bytes of junk at 7765.
12-14 22:14:22.160  3016  4308 D FFmpegExtractor: suppoted codec(mp3) by official Stagefright
12-14 22:14:22.161  3016  4308 D FFmpegExtractor: ffmpeg detected media content as 'audio/mpeg' with confidence 0.08
12-14 22:14:22.177  3016  3945 I FFmpegExtractor: android-source:0xf294e370
12-14 22:14:22.183  3016  3945 I FFMPEG  : [mp3 @ 0xf0fdae00] Skipping 0 bytes of junk at 10565.
12-14 22:14:22.183  3016  3945 D FFmpegExtractor: suppoted codec(mp3) by official Stagefright
12-14 22:14:22.183  3016  3945 D FFmpegExtractor: ffmpeg detected media content as 'audio/mpeg' with confidence 0.08
12-14 22:14:22.200  3016  3507 I FFmpegExtractor: android-source:0xf294eb90
12-14 22:14:22.203  3016  3507 I FFMPEG  : [mp3 @ 0xf0e5d600] Skipping 0 bytes of junk at 661.
12-14 22:14:22.203  3016  3507 D FFmpegExtractor: suppoted codec(mp3) by official Stagefright
12-14 22:14:22.203  3016  3507 D FFmpegExtractor: ffmpeg detected media content as 'audio/mpeg' with confidence 0.08
12-14 22:14:22.220  3016  4300 I FFmpegExtractor: android-source:0xf67e0090
12-14 22:14:22.225  3016  4300 I FFMPEG  : [mp3 @ 0xf0cefc00] Skipping 0 bytes of junk at 661.
12-14 22:14:22.225  3016  4300 D FFmpegExtractor: suppoted codec(mp3) by official Stagefright
12-14 22:14:22.225  3016  4300 D FFmpegExtractor: ffmpeg detected media content as 'audio/mpeg' with confidence 0.08
12-14 22:14:22.252  3016  4301 I FFmpegExtractor: android-source:0xf294ed70
12-14 22:14:22.260  3016  4301 I FFMPEG  : [mp3 @ 0xf0cf3800] Skipping 0 bytes of junk at 8675.
12-14 22:14:22.260  3016  4301 D FFmpegExtractor: suppoted codec(mp3) by official Stagefright
12-14 22:14:22.260  3016  4301 D FFmpegExtractor: ffmpeg detected media content as 'audio/mpeg' with confidence 0.08
12-14 22:14:22.288  3016  3508 I FFmpegExtractor: android-source:0xf294e370
12-14 22:14:22.302  3016  3508 I FFMPEG  : [mp3 @ 0xf0cf3e00] Skipping 0 bytes of junk at 13845.
12-14 22:14:22.302  3016  3508 D FFmpegExtractor: suppoted codec(mp3) by official Stagefright
12-14 22:14:22.302  3016  3508 D FFmpegExtractor: ffmpeg detected media content as 'audio/mpeg' with confidence 0.08
12-14 22:14:22.331  3016  3985 I FFmpegExtractor: android-source:0xf294eb90
12-14 22:14:22.342  3016  3985 I FFMPEG  : [mp3 @ 0xf0f5be00] Skipping 0 bytes of junk at 9978.
12-14 22:14:22.342  3016  3985 D FFmpegExtractor: suppoted codec(mp3) by official Stagefright
12-14 22:14:22.342  3016  3985 D FFmpegExtractor: ffmpeg detected media content as 'audio/mpeg' with confidence 0.08
12-14 22:14:22.374  3016  3016 I FFmpegExtractor: android-source:0xf67e0090
12-14 22:14:22.389  3016  3016 I FFMPEG  : [mp3 @ 0xf0f5a000] Skipping 0 bytes of junk at 12522.
12-14 22:14:22.390  3016  3016 D FFmpegExtractor: suppoted codec(mp3) by official Stagefright
12-14 22:14:22.390  3016  3016 D FFmpegExtractor: ffmpeg detected media content as 'audio/mpeg' with confidence 0.08
12-14 22:14:22.418  3016  4329 I FFmpegExtractor: android-source:0xf294ed70
12-14 22:14:22.450  3016  4329 I FFMPEG  : [mp3 @ 0xf2d35800] Skipping 0 bytes of junk at 35796.
12-14 22:14:22.451  3016  4329 D FFmpegExtractor: suppoted codec(mp3) by official Stagefright
12-14 22:14:22.451  3016  4329 D FFmpegExtractor: ffmpeg detected media content as 'audio/mpeg' with confidence 0.08
12-14 22:14:22.464  3016  4330 I FFmpegExtractor: android-source:0xf294e370
12-14 22:14:22.468  3016  4330 I FFMPEG  : [mp3 @ 0xf0cf2c00] Skipping 0 bytes of junk at 6783.
12-14 22:14:22.468  3016  4330 D FFmpegExtractor: suppoted codec(mp3) by official Stagefright
12-14 22:14:22.468  3016  4330 D FFmpegExtractor: ffmpeg detected media content as 'audio/mpeg' with confidence 0.08
12-14 22:14:22.480  3016  4295 I FFmpegExtractor: android-source:0xf294eb90
12-14 22:14:22.481  3016  4295 I FFMPEG  : [mp3 @ 0xf0c38800] Skipping 0 bytes of junk at 661.
12-14 22:14:22.482  3016  4295 D FFmpegExtractor: suppoted codec(mp3) by official Stagefright
12-14 22:14:22.482  3016  4295 D FFmpegExtractor: ffmpeg detected media content as 'audio/mpeg' with confidence 0.08
12-14 22:14:22.491  3016  4308 I FFmpegExtractor: android-source:0xf67e0090
12-14 22:14:22.495  3016  4308 I FFMPEG  : [mp3 @ 0xf0946800] Skipping 0 bytes of junk at 8311.
12-14 22:14:22.495  3016  4308 D FFmpegExtractor: suppoted codec(mp3) by official Stagefright
12-14 22:14:22.495  3016  4308 D FFmpegExtractor: ffmpeg detected media content as 'audio/mpeg' with confidence 0.08
12-14 22:14:22.505  3016  3945 I FFmpegExtractor: android-source:0xf294ed70
12-14 22:14:22.511  3016  3945 I FFMPEG  : [mp3 @ 0xf0fdae00] Skipping 0 bytes of junk at 14185.
12-14 22:14:22.511  3016  3945 D FFmpegExtractor: suppoted codec(mp3) by official Stagefright
12-14 22:14:22.511  3016  3945 D FFmpegExtractor: ffmpeg detected media content as 'audio/mpeg' with confidence 0.08
12-14 22:14:22.521  3016  3507 I FFmpegExtractor: android-source:0xf294e370
12-14 22:14:22.525  3016  3507 I FFMPEG  : [mp3 @ 0xf0e5d600] Skipping 0 bytes of junk at 10060.
12-14 22:14:22.526  3016  3507 D FFmpegExtractor: suppoted codec(mp3) by official Stagefright
12-14 22:14:22.526  3016  3507 D FFmpegExtractor: ffmpeg detected media content as 'audio/mpeg' with confidence 0.08
12-14 22:14:22.536  3016  4300 I FFmpegExtractor: android-source:0xf294eb90
12-14 22:14:22.538  3016  4300 I FFMPEG  : [mp3 @ 0xf0cefc00] Skipping 0 bytes of junk at 661.
12-14 22:14:22.538  3016  4300 D FFmpegExtractor: suppoted codec(mp3) by official Stagefright
12-14 22:14:22.538  3016  4300 D FFmpegExtractor: ffmpeg detected media content as 'audio/mpeg' with confidence 0.08
12-14 22:14:22.549  3016  4301 I FFmpegExtractor: android-source:0xf67e0090
12-14 22:14:22.554  3016  4301 I FFMPEG  : [mp3 @ 0xf0cf3800] Skipping 0 bytes of junk at 6481.
12-14 22:14:22.554  3016  4301 D FFmpegExtractor: suppoted codec(mp3) by official Stagefright
12-14 22:14:22.554  3016  4301 D FFmpegExtractor: ffmpeg detected media content as 'audio/mpeg' with confidence 0.08
12-14 22:14:22.568  3016  3508 I FFmpegExtractor: android-source:0xf294ed70
12-14 22:14:22.576  3016  3508 I FFMPEG  : [mp3 @ 0xf0cf3e00] Skipping 0 bytes of junk at 16491.
12-14 22:14:22.576  3016  3508 D FFmpegExtractor: suppoted codec(mp3) by official Stagefright
12-14 22:14:22.576  3016  3508 D FFmpegExtractor: ffmpeg detected media content as 'audio/mpeg' with confidence 0.08
12-14 22:14:22.592  3016  3985 I FFmpegExtractor: android-source:0xf294e370
12-14 22:14:22.595  3016  3985 I FFMPEG  : [mp3 @ 0xf0f5be00] Skipping 0 bytes of junk at 661.
12-14 22:14:22.595  3016  3985 D FFmpegExtractor: suppoted codec(mp3) by official Stagefright
12-14 22:14:22.595  3016  3985 D FFmpegExtractor: ffmpeg detected media content as 'audio/mpeg' with confidence 0.08
12-14 22:14:22.609  3016  3016 I FFmpegExtractor: android-source:0xf294eb90
12-14 22:14:22.614  3016  3016 I FFMPEG  : [mp3 @ 0xf0f5a000] Skipping 0 bytes of junk at 6255.
12-14 22:14:22.614  3016  3016 D FFmpegExtractor: suppoted codec(mp3) by official Stagefright
12-14 22:14:22.614  3016  3016 D FFmpegExtractor: ffmpeg detected media content as 'audio/mpeg' with confidence 0.08
12-14 22:14:22.629  3016  4329 I FFmpegExtractor: android-source:0xf67e0090
12-14 22:14:22.633  3016  4329 I FFMPEG  : [mp3 @ 0xf2d35800] Skipping 0 bytes of junk at 661.
12-14 22:14:22.633  3016  4329 D FFmpegExtractor: suppoted codec(mp3) by official Stagefright
12-14 22:14:22.633  3016  4329 D FFmpegExtractor: ffmpeg detected media content as 'audio/mpeg' with confidence 0.08
12-14 22:14:22.652  3016  4330 I FFmpegExtractor: android-source:0xf294ed70
12-14 22:14:22.655  3016  4330 I FFMPEG  : [mp3 @ 0xf0cf2c00] Skipping 0 bytes of junk at 661.
12-14 22:14:22.655  3016  4330 D FFmpegExtractor: suppoted codec(mp3) by official Stagefright
12-14 22:14:22.655  3016  4330 D FFmpegExtractor: ffmpeg detected media content as 'audio/mpeg' with confidence 0.08
12-14 22:14:22.674  3016  4295 I FFmpegExtractor: android-source:0xf294e370
12-14 22:14:22.682  3016  4295 I FFMPEG  : [mp3 @ 0xf0c38800] Skipping 0 bytes of junk at 9305.
12-14 22:14:22.682  3016  4295 D FFmpegExtractor: suppoted codec(mp3) by official Stagefright
12-14 22:14:22.683  3016  4295 D FFmpegExtractor: ffmpeg detected media content as 'audio/mpeg' with confidence 0.08
12-14 22:14:22.707  3016  4308 I FFmpegExtractor: android-source:0xf294eb90
12-14 22:14:22.713  3016  4308 I FFMPEG  : [mp3 @ 0xf0946800] Skipping 0 bytes of junk at 8914.
12-14 22:14:22.713  3016  4308 D FFmpegExtractor: suppoted codec(mp3) by official Stagefright
12-14 22:14:22.713  3016  4308 D FFmpegExtractor: ffmpeg detected media content as 'audio/mpeg' with confidence 0.08
12-14 22:14:22.748  3016  3945 I FFmpegExtractor: android-source:0xf67e0090
12-14 22:14:22.761  3016  3945 I FFMPEG  : [mp3 @ 0xf0fdae00] Skipping 0 bytes of junk at 11329.
12-14 22:14:22.762  3016  3945 D FFmpegExtractor: suppoted codec(mp3) by official Stagefright
12-14 22:14:22.762  3016  3945 D FFmpegExtractor: ffmpeg detected media content as 'audio/mpeg' with confidence 0.08
12-14 22:14:22.798  3016  3507 I FFmpegExtractor: android-source:0xf294ed70
12-14 22:14:22.818  3016  3507 I FFMPEG  : [mp3 @ 0xf0e5d600] Skipping 0 bytes of junk at 19662.
12-14 22:14:22.818  3016  3507 D FFmpegExtractor: suppoted codec(mp3) by official Stagefright
12-14 22:14:22.818  3016  3507 D FFmpegExtractor: ffmpeg detected media content as 'audio/mpeg' with confidence 0.08
12-14 22:14:22.845  3016  4300 I FFmpegExtractor: android-source:0xf294e370
12-14 22:14:22.853  3016  4300 I FFMPEG  : [mp3 @ 0xf0cefc00] Skipping 0 bytes of junk at 6938.
12-14 22:14:22.854  3016  4300 D FFmpegExtractor: suppoted codec(mp3) by official Stagefright
12-14 22:14:22.854  3016  4300 D FFmpegExtractor: ffmpeg detected media content as 'audio/mpeg' with confidence 0.08
12-14 22:14:22.882  3016  4301 I FFmpegExtractor: android-source:0xf294eb90
12-14 22:14:22.890  3016  4301 I FFMPEG  : [mp3 @ 0xf0cf3800] Skipping 0 bytes of junk at 12120.
12-14 22:14:22.891  3016  4301 D FFmpegExtractor: suppoted codec(mp3) by official Stagefright
12-14 22:14:22.891  3016  4301 D FFmpegExtractor: ffmpeg detected media content as 'audio/mpeg' with confidence 0.08
12-14 22:14:22.918  3016  3508 I FFmpegExtractor: android-source:0xf67e0090
12-14 22:14:22.923  3016  3508 I FFMPEG  : [mp3 @ 0xf0cf3e00] Skipping 0 bytes of junk at 661.
12-14 22:14:22.923  3016  3508 D FFmpegExtractor: suppoted codec(mp3) by official Stagefright
12-14 22:14:22.923  3016  3508 D FFmpegExtractor: ffmpeg detected media content as 'audio/mpeg' with confidence 0.08
12-14 22:14:22.950  3016  3985 I FFmpegExtractor: android-source:0xf294ed70
12-14 22:14:22.964  3016  3985 I FFMPEG  : [mp3 @ 0xf0f5be00] Skipping 0 bytes of junk at 12288.
12-14 22:14:22.964  3016  3985 D FFmpegExtractor: suppoted codec(mp3) by official Stagefright
12-14 22:14:22.965  3016  3985 D FFmpegExtractor: ffmpeg detected media content as 'audio/mpeg' with confidence 0.08
12-14 22:14:22.991  3016  3016 I FFmpegExtractor: android-source:0xf294e370
12-14 22:14:23.000  3016  3016 I FFMPEG  : [mp3 @ 0xf0f5a000] Skipping 0 bytes of junk at 9885.
12-14 22:14:23.001  3016  3016 D FFmpegExtractor: suppoted codec(mp3) by official Stagefright
12-14 22:14:23.001  3016  3016 D FFmpegExtractor: ffmpeg detected media content as 'audio/mpeg' with confidence 0.08
12-14 22:14:23.025  3016  4329 I FFmpegExtractor: android-source:0xf294eb90
12-14 22:14:23.035  3016  4329 I FFMPEG  : [mp3 @ 0xf2d35800] Skipping 0 bytes of junk at 10182.
12-14 22:14:23.035  3016  4329 D FFmpegExtractor: suppoted codec(mp3) by official Stagefright
12-14 22:14:23.035  3016  4329 D FFmpegExtractor: ffmpeg detected media content as 'audio/mpeg' with confidence 0.08
12-14 22:14:23.059  3016  4330 I FFmpegExtractor: android-source:0xf67e0090
12-14 22:14:23.073  3016  4330 I FFMPEG  : [mp3 @ 0xf0cf2c00] Skipping 0 bytes of junk at 18282.
12-14 22:14:23.073  3016  4330 D FFmpegExtractor: suppoted codec(mp3) by official Stagefright
12-14 22:14:23.074  3016  4330 D FFmpegExtractor: ffmpeg detected media content as 'audio/mpeg' with confidence 0.08
12-14 22:14:23.096  3016  4295 I FFmpegExtractor: android-source:0xf294ed70
12-14 22:14:23.102  3016  4295 I FFMPEG  : [mp3 @ 0xf0c38800] Skipping 0 bytes of junk at 937.
12-14 22:14:23.102  3016  4295 D FFmpegExtractor: suppoted codec(mp3) by official Stagefright
12-14 22:14:23.102  3016  4295 D FFmpegExtractor: ffmpeg detected media content as 'audio/mpeg' with confidence 0.08
12-14 22:14:23.125  3016  4308 I FFmpegExtractor: android-source:0xf294e370
12-14 22:14:23.132  3016  4308 I FFMPEG  : [mp3 @ 0xf0946800] Skipping 0 bytes of junk at 11516.
12-14 22:14:23.132  3016  4308 D FFmpegExtractor: suppoted codec(mp3) by official Stagefright
12-14 22:14:23.133  3016  4308 D FFmpegExtractor: ffmpeg detected media content as 'audio/mpeg' with confidence 0.08
12-14 22:14:23.156  3016  3945 I FFmpegExtractor: android-source:0xf294eb90
12-14 22:14:23.162  3016  3945 I FFMPEG  : [mp3 @ 0xf0fdae00] Skipping 0 bytes of junk at 7407.
