07-01 21:44:07.108  3093  3114 E         : invalid gralloc handle (at 0x7fb5d6b380)
07-01 21:44:07.108  3093  3114 E         : Runtime and build version of gralloc private structure does not match. Errors will likely follow.
07-01 21:44:07.119  2920  2920 W display : release fence dup failed: Bad file descriptor
07-01 21:44:07.141  3093  3114 E         : invalid gralloc handle (at 0x7fb5d6b400)
07-01 21:44:07.141  3093  3114 E         : Runtime and build version of gralloc private structure does not match. Errors will likely follow.
07-01 21:44:07.152  2920  2920 W display : release fence dup failed: Bad file descriptor
07-01 21:44:07.175  3093  3114 E         : invalid gralloc handle (at 0x7fb5d6b300)
07-01 21:44:07.175  3093  3114 E         : Runtime and build version of gralloc private structure does not match. Errors will likely follow.
07-01 21:44:07.186  2920  2920 W display : release fence dup failed: Bad file descriptor
07-01 21:44:07.208  3093  3114 E         : invalid gralloc handle (at 0x7fb5d6b380)
07-01 21:44:07.209  3093  3114 E         : Runtime and build version of gralloc private structure does not match. Errors will likely follow.
07-01 21:44:07.220  2920  2920 W display : release fence dup failed: Bad file descriptor
07-01 21:44:07.242  3093  3114 E         : invalid gralloc handle (at 0x7fb5d6b400)
07-01 21:44:07.242  3093  3114 E         : Runtime and build version of gralloc private structure does not match. Errors will likely follow.
07-01 21:44:07.254  2920  2920 W display : release fence dup failed: Bad file descriptor
07-01 21:44:07.276  3093  3114 E         : invalid gralloc handle (at 0x7fb5d6b300)
07-01 21:44:07.276  3093  3114 E         : Runtime and build version of gralloc private structure does not match. Errors will likely follow.
07-01 21:44:07.288  2920  2920 W display : release fence dup failed: Bad file descriptor
07-01 21:44:07.309  3093  3114 E         : invalid gralloc handle (at 0x7fb5d6b380)
07-01 21:44:07.309  3093  3114 E         : Runtime and build version of gralloc private structure does not match. Errors will likely follow.
07-01 21:44:07.322  2920  2920 W display : release fence dup failed: Bad file descriptor
07-01 21:44:07.342  3093  3114 E         : invalid gralloc handle (at 0x7fb5d6b400)
07-01 21:44:07.342  3093  3114 E         : Runtime and build version of gralloc private structure does not match. Errors will likely follow.
07-01 21:44:07.356  2920  2920 W display : release fence dup failed: Bad file descriptor
07-01 21:44:07.376  3093  3114 E         : invalid gralloc handle (at 0x7fb5d6b300)
07-01 21:44:07.376  3093  3114 E         : Runtime and build version of gralloc private structure does not match. Errors will likely follow.
07-01 21:44:07.377  3391  3391 W PackageManager: Permission android.permission.SET_KEYGUARD_WALLPAPER from package android in an unknown group android.permission-group.WALLPAPER
07-01 21:44:07.380  3391  3391 W PackageManager: Permission android.permission.MODIFY_PROTECTED_SMS_LIST from package android in an unknown group android.permission-group.MESSAGES
07-01 21:44:07.380  3391  3391 W PackageManager: Permission android.permission.RECEIVE_PROTECTED_SMS from package android in an unknown group android.permission-group.MESSAGES
07-01 21:44:07.380  3391  3391 W PackageManager: Permission android.permission.RESET_BATTERY_STATS from package android in an unknown group android.permission-group.SYSTEM_TOOLS
07-01 21:44:07.390  2920  2920 W display : release fence dup failed: Bad file descriptor
07-01 21:44:07.410  3093  3114 E         : invalid gralloc handle (at 0x7fb5d6b380)
07-01 21:44:07.410  3093  3114 E         : Runtime and build version of gralloc private structure does not match. Errors will likely follow.
07-01 21:44:07.411  3391  3391 W PackageManager: Permission cyanogenmod.permission.WRITE_ALARMS from package cyanogenmod.platform in an unknown group android.permission-group.SYSTEM_CLOCK
07-01 21:44:07.411  3391  3391 W PackageManager: Permission cyanogenmod.permission.MANAGE_ALARMS from package cyanogenmod.platform in an unknown group android.permission-group.SYSTEM_CLOCK
07-01 21:44:07.411  3391  3391 W PackageManager: Permission cyanogenmod.permission.READ_ALARMS from package cyanogenmod.platform in an unknown group android.permission-group.SYSTEM_CLOCK
07-01 21:44:07.424  2920  2920 W display : release fence dup failed: Bad file descriptor
07-01 21:44:07.443  3093  3114 E         : invalid gralloc handle (at 0x7fb5d6b400)
07-01 21:44:07.443  3093  3114 E         : Runtime and build version of gralloc private structure does not match. Errors will likely follow.
07-01 21:44:07.458  2920  2920 W display : release fence dup failed: Bad file descriptor
07-01 21:44:07.477  3093  3114 E         : invalid gralloc handle (at 0x7fb5d6b300)
07-01 21:44:07.477  3093  3114 E         : Runtime and build version of gralloc private structure does not match. Errors will likely follow.
07-01 21:44:07.492  2920  2920 W display : release fence dup failed: Bad file descriptor
07-01 21:44:07.510  3093  3114 E         : invalid gralloc handle (at 0x7fb5d6b380)
07-01 21:44:07.510  3093  3114 E         : Runtime and build version of gralloc private structure does not match. Errors will likely follow.
07-01 21:44:07.525  2920  2920 W display : release fence dup failed: Bad file descriptor
07-01 21:44:07.543  3093  3114 E         : invalid gralloc handle (at 0x7fb5d6b400)
07-01 21:44:07.543  3093  3114 E         : Runtime and build version of gralloc private structure does not match. Errors will likely follow.
07-01 21:44:07.559  2920  2920 W display : release fence dup failed: Bad file descriptor
07-01 21:44:07.577  3093  3114 E         : invalid gralloc handle (at 0x7fb5d6b300)
07-01 21:44:07.577  3093  3114 E         : Runtime and build version of gralloc private structure does not match. Errors will likely follow.
07-01 21:44:07.593  2920  2920 W display : release fence dup failed: Bad file descriptor
07-01 21:44:07.610  3093  3114 E         : invalid gralloc handle (at 0x7fb5d6b380)
07-01 21:44:07.610  3093  3114 E         : Runtime and build version of gralloc private structure does not match. Errors will likely follow.
07-01 21:44:07.627  2920  2920 W display : release fence dup failed: Bad file descriptor
07-01 21:44:07.644  3093  3114 E         : invalid gralloc handle (at 0x7fb5d6b400)
07-01 21:44:07.644  3093  3114 E         : Runtime and build version of gralloc private structure does not match. Errors will likely follow.
07-01 21:44:07.661  2920  2920 W display : release fence dup failed: Bad file descriptor
07-01 21:44:07.677  3093  3114 E         : invalid gralloc handle (at 0x7fb5d6b300)
07-01 21:44:07.677  3093  3114 E         : Runtime and build version of gralloc private structure does not match. Errors will likely follow.
07-01 21:44:07.695  2920  2920 W display : release fence dup failed: Bad file descriptor
07-01 21:44:07.711  3093  3114 E         : invalid gralloc handle (at 0x7fb5d6b380)
07-01 21:44:07.711  3093  3114 E         : Runtime and build version of gralloc private structure does not match. Errors will likely follow.
07-01 21:44:07.729  2920  2920 W display : release fence dup failed: Bad file descriptor
07-01 21:44:07.744  3093  3114 E         : invalid gralloc handle (at 0x7fb5d6b400)
07-01 21:44:07.744  3093  3114 E         : Runtime and build version of gralloc private structure does not match. Errors will likely follow.
07-01 21:44:07.763  2920  2920 W display : release fence dup failed: Bad file descriptor
07-01 21:44:07.778  3093  3114 E         : invalid gralloc handle (at 0x7fb5d6b300)
07-01 21:44:07.778  3093  3114 E         : Runtime and build version of gralloc private structure does not match. Errors will likely follow.
07-01 21:44:07.797  2920  2920 W display : release fence dup failed: Bad file descriptor
07-01 21:44:07.811  3391  3391 W PackageParser: No actions in intent filter at /system/priv-app/Contacts/Contacts.apk Binary XML file line #301
07-01 21:44:07.811  3093  3114 E         : invalid gralloc handle (at 0x7fb5d6b380)
07-01 21:44:07.811  3093  3114 E         : Runtime and build version of gralloc private structure does not match. Errors will likely follow.
07-01 21:44:07.814  2920  2920 W display : release fence dup failed: Bad file descriptor
07-01 21:44:07.845  3093  3114 E         : invalid gralloc handle (at 0x7fb5d6b400)
07-01 21:44:07.845  3093  3114 E         : Runtime and build version of gralloc private structure does not match. Errors will likely follow.
07-01 21:44:07.847  2920  2920 W display : release fence dup failed: Bad file descriptor
07-01 21:44:07.878  3093  3114 E         : invalid gralloc handle (at 0x7fb5d6b300)
07-01 21:44:07.878  3093  3114 E         : Runtime and build version of gralloc private structure does not match. Errors will likely follow.
07-01 21:44:07.881  2920  2920 W display : release fence dup failed: Bad file descriptor
07-01 21:44:07.912  3093  3114 E         : invalid gralloc handle (at 0x7fb5d6b380)
07-01 21:44:07.912  3093  3114 E         : Runtime and build version of gralloc private structure does not match. Errors will likely follow.
07-01 21:44:07.915  2920  2920 W display : release fence dup failed: Bad file descriptor
07-01 21:44:07.945  3093  3114 E         : invalid gralloc handle (at 0x7fb5d6b400)
07-01 21:44:07.945  3093  3114 E         : Runtime and build version of gralloc private structure does not match. Errors will likely follow.
07-01 21:44:07.949  2920  2920 W display : release fence dup failed: Bad file descriptor
07-01 21:44:07.979  3093  3114 E         : invalid gralloc handle (at 0x7fb5d6b300)
07-01 21:44:07.979  3093  3114 E         : Runtime and build version of gralloc private structure does not match. Errors will likely follow.
07-01 21:44:07.983  2920  2920 W display : release fence dup failed: Bad file descriptor
07-01 21:44:08.012  3093  3114 E         : invalid gralloc handle (at 0x7fb5d6b380)
07-01 21:44:08.012  3093  3114 E         : Runtime and build version of gralloc private structure does not match. Errors will likely follow.
07-01 21:44:08.017  2920  2920 W display : release fence dup failed: Bad file descriptor
07-01 21:44:08.046  3093  3114 E         : invalid gralloc handle (at 0x7fb5d6b400)
07-01 21:44:08.046  3093  3114 E         : Runtime and build version of gralloc private structure does not match. Errors will likely follow.
07-01 21:44:08.051  2920  2920 W display : release fence dup failed: Bad file descriptor
07-01 21:44:08.079  3093  3114 E         : invalid gralloc handle (at 0x7fb5d6b300)
07-01 21:44:08.079  3093  3114 E         : Runtime and build version of gralloc private structure does not match. Errors will likely follow.
07-01 21:44:08.085  2920  2920 W display : release fence dup failed: Bad file descriptor
07-01 21:44:08.113  3093  3114 E         : invalid gralloc handle (at 0x7fb5d6b380)
07-01 21:44:08.113  3093  3114 E         : Runtime and build version of gralloc private structure does not match. Errors will likely follow.
07-01 21:44:08.118  2920  2920 W display : release fence dup failed: Bad file descriptor
07-01 21:44:08.146  3093  3114 E         : invalid gralloc handle (at 0x7fb5d6b400)
07-01 21:44:08.146  3093  3114 E         : Runtime and build version of gralloc private structure does not match. Errors will likely follow.
07-01 21:44:08.153  2920  2920 W display : release fence dup failed: Bad file descriptor
07-01 21:44:08.180  3093  3114 E         : invalid gralloc handle (at 0x7fb5d6b300)
07-01 21:44:08.180  3093  3114 E         : Runtime and build version of gralloc private structure does not match. Errors will likely follow.
07-01 21:44:08.186  2920  2920 W display : release fence dup failed: Bad file descriptor
07-01 21:44:08.213  3093  3114 E         : invalid gralloc handle (at 0x7fb5d6b380)
07-01 21:44:08.213  3093  3114 E         : Runtime and build version of gralloc private structure does not match. Errors will likely follow.
07-01 21:44:08.220  2920  2920 W display : release fence dup failed: Bad file descriptor
07-01 21:44:08.247  3093  3114 E         : invalid gralloc handle (at 0x7fb5d6b400)
07-01 21:44:08.247  3093  3114 E         : Runtime and build version of gralloc private structure does not match. Errors will likely follow.
07-01 21:44:08.254  2920  2920 W display : release fence dup failed: Bad file descriptor
07-01 21:44:08.280  3093  3114 E         : invalid gralloc handle (at 0x7fb5d6b300)
07-01 21:44:08.280  3093  3114 E         : Runtime and build version of gralloc private structure does not match. Errors will likely follow.
07-01 21:44:08.288  2920  2920 W display : release fence dup failed: Bad file descriptor
07-01 21:44:08.314  3093  3114 E         : invalid gralloc handle (at 0x7fb5d6b380)
07-01 21:44:08.314  3093  3114 E         : Runtime and build version of gralloc private structure does not match. Errors will likely follow.
07-01 21:44:08.322  2920  2920 W display : release fence dup failed: Bad file descriptor
07-01 21:44:08.347  3093  3114 E         : invalid gralloc handle (at 0x7fb5d6b400)
07-01 21:44:08.347  3093  3114 E         : Runtime and build version of gralloc private structure does not match. Errors will likely follow.
07-01 21:44:08.356  2920  2920 W display : release fence dup failed: Bad file descriptor
07-01 21:44:08.381  3093  3114 E         : invalid gralloc handle (at 0x7fb5d6b300)
07-01 21:44:08.381  3093  3114 E         : Runtime and build version of gralloc private structure does not match. Errors will likely follow.
07-01 21:44:08.390  2920  2920 W display : release fence dup failed: Bad file descriptor
07-01 21:44:08.414  3093  3114 E         : invalid gralloc handle (at 0x7fb5d6b380)
07-01 21:44:08.414  3093  3114 E         : Runtime and build version of gralloc private structure does not match. Errors will likely follow.
07-01 21:44:08.424  2920  2920 W display : release fence dup failed: Bad file descriptor
07-01 21:44:08.448  3093  3114 E         : invalid gralloc handle (at 0x7fb5d6b400)
07-01 21:44:08.448  3093  3114 E         : Runtime and build version of gralloc private structure does not match. Errors will likely follow.
07-01 21:44:08.458  2920  2920 W display : release fence dup failed: Bad file descriptor
07-01 21:44:08.481  3093  3114 E         : invalid gralloc handle (at 0x7fb5d6b300)
07-01 21:44:08.481  3093  3114 E         : Runtime and build version of gralloc private structure does not match. Errors will likely follow.
07-01 21:44:08.492  2920  2920 W display : release fence dup failed: Bad file descriptor
07-01 21:44:08.515  3093  3114 E         : invalid gralloc handle (at 0x7fb5d6b380)
07-01 21:44:08.515  3093  3114 E         : Runtime and build version of gralloc private structure does not match. Errors will likely follow.
07-01 21:44:08.525  2920  2920 W display : release fence dup failed: Bad file descriptor
07-01 21:44:08.548  3093  3114 E         : invalid gralloc handle (at 0x7fb5d6b400)
07-01 21:44:08.548  3093  3114 E         : Runtime and build version of gralloc private structure does not match. Errors will likely follow.
07-01 21:44:08.559  2920  2920 W display : release fence dup failed: Bad file descriptor
07-01 21:44:08.581  3093  3114 E         : invalid gralloc handle (at 0x7fb5d6b300)
07-01 21:44:08.581  3093  3114 E         : Runtime and build version of gralloc private structure does not match. Errors will likely follow.
07-01 21:44:08.593  2920  2920 W display : release fence dup failed: Bad file descriptor
07-01 21:44:08.615  3093  3114 E         : invalid gralloc handle (at 0x7fb5d6b380)
07-01 21:44:08.615  3093  3114 E         : Runtime and build version of gralloc private structure does not match. Errors will likely follow.
07-01 21:44:08.627  2920  2920 W display : release fence dup failed: Bad file descriptor
07-01 21:44:08.648  3093  3114 E         : invalid gralloc handle (at 0x7fb5d6b400)
07-01 21:44:08.648  3093  3114 E         : Runtime and build version of gralloc private structure does not match. Errors will likely follow.
07-01 21:44:08.661  2920  2920 W display : release fence dup failed: Bad file descriptor
07-01 21:44:08.682  3093  3114 E         : invalid gralloc handle (at 0x7fb5d6b300)
07-01 21:44:08.682  3093  3114 E         : Runtime and build version of gralloc private structure does not match. Errors will likely follow.
07-01 21:44:08.695  2920  2920 W display : release fence dup failed: Bad file descriptor
07-01 21:44:08.715  3093  3114 E         : invalid gralloc handle (at 0x7fb5d6b380)
07-01 21:44:08.715  3093  3114 E         : Runtime and build version of gralloc private structure does not match. Errors will likely follow.
07-01 21:44:08.729  2920  2920 W display : release fence dup failed: Bad file descriptor
07-01 21:44:08.749  3093  3114 E         : invalid gralloc handle (at 0x7fb5d6b400)
07-01 21:44:08.749  3093  3114 E         : Runtime and build version of gralloc private structure does not match. Errors will likely follow.
07-01 21:44:08.763  2920  2920 W display : release fence dup failed: Bad file descriptor
07-01 21:44:08.782  3093  3114 E         : invalid gralloc handle (at 0x7fb5d6b300)
07-01 21:44:08.782  3093  3114 E         : Runtime and build version of gralloc private structure does not match. Errors will likely follow.
07-01 21:44:08.797  2920  2920 W display : release fence dup failed: Bad file descriptor
07-01 21:44:08.816  3093  3114 E         : invalid gralloc handle (at 0x7fb5d6b380)
07-01 21:44:08.816  3093  3114 E         : Runtime and build version of gralloc private structure does not match. Errors will likely follow.
07-01 21:44:08.830  2920  2920 W display : release fence dup failed: Bad file descriptor
07-01 21:44:08.849  3093  3114 E         : invalid gralloc handle (at 0x7fb5d6b400)
07-01 21:44:08.849  3093  3114 E         : Runtime and build version of gralloc private structure does not match. Errors will likely follow.
07-01 21:44:08.864  2920  2920 W display : release fence dup failed: Bad file descriptor
07-01 21:44:08.882  3093  3114 E         : invalid gralloc handle (at 0x7fb5d6b300)
07-01 21:44:08.882  3093  3114 E         : Runtime and build version of gralloc private structure does not match. Errors will likely follow.
07-01 21:44:08.898  2920  2920 W display : release fence dup failed: Bad file descriptor
07-01 21:44:08.916  3093  3114 E         : invalid gralloc handle (at 0x7fb5d6b380)
07-01 21:44:08.916  3093  3114 E         : Runtime and build version of gralloc private structure does not match. Errors will likely follow.
07-01 21:44:08.932  2920  2920 W display : release fence dup failed: Bad file descriptor
07-01 21:44:08.950  3093  3114 E         : invalid gralloc handle (at 0x7fb5d6b400)
07-01 21:44:08.950  3093  3114 E         : Runtime and build version of gralloc private structure does not match. Errors will likely follow.
07-01 21:44:08.966  2920  2920 W display : release fence dup failed: Bad file descriptor
07-01 21:44:08.983  3093  3114 E         : invalid gralloc handle (at 0x7fb5d6b300)
07-01 21:44:08.983  3093  3114 E         : Runtime and build version of gralloc private structure does not match. Errors will likely follow.
07-01 21:44:09.000  2920  2920 W display : release fence dup failed: Bad file descriptor
07-01 21:44:09.016  3093  3114 E         : invalid gralloc handle (at 0x7fb5d6b380)
07-01 21:44:09.017  3093  3114 E         : Runtime and build version of gralloc private structure does not match. Errors will likely follow.
07-01 21:44:09.034  2920  2920 W display : release fence dup failed: Bad file descriptor
07-01 21:44:09.050  3093  3114 E         : invalid gralloc handle (at 0x7fb5d6b400)
07-01 21:44:09.050  3093  3114 E         : Runtime and build version of gralloc private structure does not match. Errors will likely follow.
07-01 21:44:09.068  2920  2920 W display : release fence dup failed: Bad file descriptor
07-01 21:44:09.084  3093  3114 E         : invalid gralloc handle (at 0x7fb5d6b300)
07-01 21:44:09.084  3093  3114 E         : Runtime and build version of gralloc private structure does not match. Errors will likely follow.
07-01 21:44:09.102  2920  2920 W display : release fence dup failed: Bad file descriptor
07-01 21:44:09.103  3391  3391 W PackageParser: No actions in intent filter at /system/priv-app/Dialer/Dialer.apk Binary XML file line #151
07-01 21:44:09.117  3093  3114 E         : invalid gralloc handle (at 0x7fb5d6b380)
07-01 21:44:09.117  3093  3114 E         : Runtime and build version of gralloc private structure does not match. Errors will likely follow.
07-01 21:44:09.136  2920  2920 W display : release fence dup failed: Bad file descriptor
07-01 21:44:09.150  3093  3114 E         : invalid gralloc handle (at 0x7fb5d6b400)
07-01 21:44:09.150  3093  3114 E         : Runtime and build version of gralloc private structure does not match. Errors will likely follow.
07-01 21:44:09.152  2920  2920 W display : release fence dup failed: Bad file descriptor
07-01 21:44:09.184  3093  3114 E         : invalid gralloc handle (at 0x7fb5d6b300)
07-01 21:44:09.184  3093  3114 E         : Runtime and build version of gralloc private structure does not match. Errors will likely follow.
07-01 21:44:09.203  2920  2920 W display : release fence dup failed: Bad file descriptor
07-01 21:44:09.217  3093  3114 E         : invalid gralloc handle (at 0x7fb5d6b380)
07-01 21:44:09.217  3093  3114 E         : Runtime and build version of gralloc private structure does not match. Errors will likely follow.
07-01 21:44:09.220  2920  2920 W display : release fence dup failed: Bad file descriptor
07-01 21:44:09.251  3093  3114 E         : invalid gralloc handle (at 0x7fb5d6b400)
07-01 21:44:09.251  3093  3114 E         : Runtime and build version of gralloc private structure does not match. Errors will likely follow.
07-01 21:44:09.254  2920  2920 W display : release fence dup failed: Bad file descriptor
07-01 21:44:09.284  3093  3114 E         : invalid gralloc handle (at 0x7fb5d6b300)
07-01 21:44:09.284  3093  3114 E         : Runtime and build version of gralloc private structure does not match. Errors will likely follow.
07-01 21:44:09.288  2920  2920 W display : release fence dup failed: Bad file descriptor
07-01 21:44:09.318  3093  3114 E         : invalid gralloc handle (at 0x7fb5d6b380)
07-01 21:44:09.318  3093  3114 E         : Runtime and build version of gralloc private structure does not match. Errors will likely follow.
07-01 21:44:09.322  2920  2920 W display : release fence dup failed: Bad file descriptor
07-01 21:44:09.351  3093  3114 E         : invalid gralloc handle (at 0x7fb5d6b400)
07-01 21:44:09.351  3093  3114 E         : Runtime and build version of gralloc private structure does not match. Errors will likely follow.
07-01 21:44:09.356  2920  2920 W display : release fence dup failed: Bad file descriptor
07-01 21:44:09.385  3093  3114 E         : invalid gralloc handle (at 0x7fb5d6b300)
07-01 21:44:09.385  3093  3114 E         : Runtime and build version of gralloc private structure does not match. Errors will likely follow.
07-01 21:44:09.390  2920  2920 W display : release fence dup failed: Bad file descriptor
07-01 21:44:09.419  3093  3114 E         : invalid gralloc handle (at 0x7fb5d6b380)
07-01 21:44:09.419  3093  3114 E         : Runtime and build version of gralloc private structure does not match. Errors will likely follow.
07-01 21:44:09.424  2920  2920 W display : release fence dup failed: Bad file descriptor
07-01 21:44:09.452  3093  3114 E         : invalid gralloc handle (at 0x7fb5d6b400)
07-01 21:44:09.452  3093  3114 E         : Runtime and build version of gralloc private structure does not match. Errors will likely follow.
07-01 21:44:09.458  2920  2920 W display : release fence dup failed: Bad file descriptor
07-01 21:44:09.485  3093  3114 E         : invalid gralloc handle (at 0x7fb5d6b300)
07-01 21:44:09.485  3093  3114 E         : Runtime and build version of gralloc private structure does not match. Errors will likely follow.
07-01 21:44:09.492  2920  2920 W display : release fence dup failed: Bad file descriptor
07-01 21:44:09.519  3093  3114 E         : invalid gralloc handle (at 0x7fb5d6b380)
07-01 21:44:09.519  3093  3114 E         : Runtime and build version of gralloc private structure does not match. Errors will likely follow.
07-01 21:44:09.525  2920  2920 W display : release fence dup failed: Bad file descriptor
07-01 21:44:09.552  3093  3114 E         : invalid gralloc handle (at 0x7fb5d6b400)
07-01 21:44:09.552  3093  3114 E         : Runtime and build version of gralloc private structure does not match. Errors will likely follow.
07-01 21:44:09.559  2920  2920 W display : release fence dup failed: Bad file descriptor
07-01 21:44:09.586  3093  3114 E         : invalid gralloc handle (at 0x7fb5d6b300)
07-01 21:44:09.586  3093  3114 E         : Runtime and build version of gralloc private structure does not match. Errors will likely follow.
07-01 21:44:09.593  2920  2920 W display : release fence dup failed: Bad file descriptor
07-01 21:44:09.619  3093  3114 E         : invalid gralloc handle (at 0x7fb5d6b380)
07-01 21:44:09.619  3093  3114 E         : Runtime and build version of gralloc private structure does not match. Errors will likely follow.
07-01 21:44:09.627  2920  2920 W display : release fence dup failed: Bad file descriptor
07-01 21:44:09.652  3093  3114 E         : invalid gralloc handle (at 0x7fb5d6b400)
07-01 21:44:09.652  3093  3114 E         : Runtime and build version of gralloc private structure does not match. Errors will likely follow.
07-01 21:44:09.661  2920  2920 W display : release fence dup failed: Bad file descriptor
07-01 21:44:09.686  3093  3114 E         : invalid gralloc handle (at 0x7fb5d6b300)
07-01 21:44:09.686  3093  3114 E         : Runtime and build version of gralloc private structure does not match. Errors will likely follow.
07-01 21:44:09.695  2920  2920 W display : release fence dup failed: Bad file descriptor
07-01 21:44:09.720  3093  3114 E         : invalid gralloc handle (at 0x7fb5d6b380)
07-01 21:44:09.720  3093  3114 E         : Runtime and build version of gralloc private structure does not match. Errors will likely follow.
07-01 21:44:09.729  2920  2920 W display : release fence dup failed: Bad file descriptor
07-01 21:44:09.753  3093  3114 E         : invalid gralloc handle (at 0x7fb5d6b400)
07-01 21:44:09.753  3093  3114 E         : Runtime and build version of gralloc private structure does not match. Errors will likely follow.
07-01 21:44:09.763  2920  2920 W display : release fence dup failed: Bad file descriptor
07-01 21:44:09.787  3093  3114 E         : invalid gralloc handle (at 0x7fb5d6b300)
07-01 21:44:09.787  3093  3114 E         : Runtime and build version of gralloc private structure does not match. Errors will likely follow.
07-01 21:44:09.797  2920  2920 W display : release fence dup failed: Bad file descriptor
07-01 21:44:09.821  3093  3114 E         : invalid gralloc handle (at 0x7fb5d6b380)
07-01 21:44:09.821  3093  3114 E         : Runtime and build version of gralloc private structure does not match. Errors will likely follow.
07-01 21:44:09.830  2920  2920 W display : release fence dup failed: Bad file descriptor
07-01 21:44:09.846  3391  3391 W PackageManager: Permission android.permission.DOWNLOAD_WITHOUT_NOTIFICATION from package com.android.providers.downloads in an unknown group android.permission-group.NETWORK
07-01 21:44:09.854  3093  3114 E         : invalid gralloc handle (at 0x7fb5d6b400)
07-01 21:44:09.854  3093  3114 E         : Runtime and build version of gralloc private structure does not match. Errors will likely follow.
07-01 21:44:09.864  2920  2920 W display : release fence dup failed: Bad file descriptor
07-01 21:44:09.887  3093  3114 E         : invalid gralloc handle (at 0x7fb5d6b300)
07-01 21:44:09.887  3093  3114 E         : Runtime and build version of gralloc private structure does not match. Errors will likely follow.
07-01 21:44:09.898  2920  2920 W display : release fence dup failed: Bad file descriptor
07-01 21:44:09.921  3093  3114 E         : invalid gralloc handle (at 0x7fb5d6b380)
07-01 21:44:09.921  3093  3114 E         : Runtime and build version of gralloc private structure does not match. Errors will likely follow.
07-01 21:44:09.932  2920  2920 W display : release fence dup failed: Bad file descriptor
07-01 21:44:09.955  3093  3114 E         : invalid gralloc handle (at 0x7fb5d6b400)
07-01 21:44:09.955  3093  3114 E         : Runtime and build version of gralloc private structure does not match. Errors will likely follow.
07-01 21:44:09.966  2920  2920 W display : release fence dup failed: Bad file descriptor
07-01 21:44:09.988  3093  3114 E         : invalid gralloc handle (at 0x7fb5d6b300)
07-01 21:44:09.988  3093  3114 E         : Runtime and build version of gralloc private structure does not match. Errors will likely follow.
07-01 21:44:10.000  2920  2920 W display : release fence dup failed: Bad file descriptor
07-01 21:44:10.021  3093  3114 E         : invalid gralloc handle (at 0x7fb5d6b380)
07-01 21:44:10.021  3093  3114 E         : Runtime and build version of gralloc private structure does not match. Errors will likely follow.
07-01 21:44:10.034  2920  2920 W display : release fence dup failed: Bad file descriptor
07-01 21:44:10.055  3093  3114 E         : invalid gralloc handle (at 0x7fb5d6b400)
07-01 21:44:10.055  3093  3114 E         : Runtime and build version of gralloc private structure does not match. Errors will likely follow.
07-01 21:44:10.068  2920  2920 W display : release fence dup failed: Bad file descriptor
07-01 21:44:10.088  3093  3114 E         : invalid gralloc handle (at 0x7fb5d6b300)
07-01 21:44:10.088  3093  3114 E         : Runtime and build version of gralloc private structure does not match. Errors will likely follow.
07-01 21:44:10.102  2920  2920 W display : release fence dup failed: Bad file descriptor
07-01 21:44:10.122  3093  3114 E         : invalid gralloc handle (at 0x7fb5d6b380)
07-01 21:44:10.122  3093  3114 E         : Runtime and build version of gralloc private structure does not match. Errors will likely follow.
07-01 21:44:10.136  2920  2920 W display : release fence dup failed: Bad file descriptor
07-01 21:44:10.156  3093  3114 E         : invalid gralloc handle (at 0x7fb5d6b400)
07-01 21:44:10.156  3093  3114 E         : Runtime and build version of gralloc private structure does not match. Errors will likely follow.
07-01 21:44:10.170  2920  2920 W display : release fence dup failed: Bad file descriptor
07-01 21:44:10.189  3093  3114 E         : invalid gralloc handle (at 0x7fb5d6b300)
07-01 21:44:10.189  3093  3114 E         : Runtime and build version of gralloc private structure does not match. Errors will likely follow.
07-01 21:44:10.203  2920  2920 W display : release fence dup failed: Bad file descriptor
07-01 21:44:10.222  3093  3114 E         : invalid gralloc handle (at 0x7fb5d6b380)
07-01 21:44:10.222  3093  3114 E         : Runtime and build version of gralloc private structure does not match. Errors will likely follow.
07-01 21:44:10.237  2920  2920 W display : release fence dup failed: Bad file descriptor
07-01 21:44:10.256  3093  3114 E         : invalid gralloc handle (at 0x7fb5d6b400)
07-01 21:44:10.256  3093  3114 E         : Runtime and build version of gralloc private structure does not match. Errors will likely follow.
07-01 21:44:10.271  2920  2920 W display : release fence dup failed: Bad file descriptor
07-01 21:44:10.289  3093  3114 E         : invalid gralloc handle (at 0x7fb5d6b300)
07-01 21:44:10.289  3093  3114 E         : Runtime and build version of gralloc private structure does not match. Errors will likely follow.
07-01 21:44:10.305  2920  2920 W display : release fence dup failed: Bad file descriptor
07-01 21:44:10.323  3093  3114 E         : invalid gralloc handle (at 0x7fb5d6b380)
07-01 21:44:10.323  3093  3114 E         : Runtime and build version of gralloc private structure does not match. Errors will likely follow.
07-01 21:44:10.339  2920  2920 W display : release fence dup failed: Bad file descriptor
07-01 21:44:10.356  3093  3114 E         : invalid gralloc handle (at 0x7fb5d6b400)
07-01 21:44:10.356  3093  3114 E         : Runtime and build version of gralloc private structure does not match. Errors will likely follow.
07-01 21:44:10.373  2920  2920 W display : release fence dup failed: Bad file descriptor
07-01 21:44:10.390  3093  3114 E         : invalid gralloc handle (at 0x7fb5d6b300)
07-01 21:44:10.390  3093  3114 E         : Runtime and build version of gralloc private structure does not match. Errors will likely follow.
07-01 21:44:10.407  2920  2920 W display : release fence dup failed: Bad file descriptor
07-01 21:44:10.423  3093  3114 E         : invalid gralloc handle (at 0x7fb5d6b380)
07-01 21:44:10.423  3093  3114 E         : Runtime and build version of gralloc private structure does not match. Errors will likely follow.
07-01 21:44:10.441  2920  2920 W display : release fence dup failed: Bad file descriptor
07-01 21:44:10.457  3093  3114 E         : invalid gralloc handle (at 0x7fb5d6b400)
07-01 21:44:10.457  3093  3114 E         : Runtime and build version of gralloc private structure does not match. Errors will likely follow.
07-01 21:44:10.475  2920  2920 W display : release fence dup failed: Bad file descriptor
07-01 21:44:10.490  3093  3114 E         : invalid gralloc handle (at 0x7fb5d6b300)
07-01 21:44:10.490  3093  3114 E         : Runtime and build version of gralloc private structure does not match. Errors will likely follow.
07-01 21:44:10.508  2920  2920 W display : release fence dup failed: Bad file descriptor
07-01 21:44:10.524  3093  3114 E         : invalid gralloc handle (at 0x7fb5d6b380)
07-01 21:44:10.524  3093  3114 E         : Runtime and build version of gralloc private structure does not match. Errors will likely follow.
07-01 21:44:10.542  2920  2920 W display : release fence dup failed: Bad file descriptor
07-01 21:44:10.557  3093  3114 E         : invalid gralloc handle (at 0x7fb5d6b400)
07-01 21:44:10.557  3093  3114 E         : Runtime and build version of gralloc private structure does not match. Errors will likely follow.
07-01 21:44:10.576  2920  2920 W display : release fence dup failed: Bad file descriptor
07-01 21:44:10.591  3093  3114 E         : invalid gralloc handle (at 0x7fb5d6b300)
07-01 21:44:10.591  3093  3114 E         : Runtime and build version of gralloc private structure does not match. Errors will likely follow.
07-01 21:44:10.593  2920  2920 W display : release fence dup failed: Bad file descriptor
07-01 21:44:10.624  3093  3114 E         : invalid gralloc handle (at 0x7fb5d6b380)
07-01 21:44:10.624  3093  3114 E         : Runtime and build version of gralloc private structure does not match. Errors will likely follow.
07-01 21:44:10.627  2920  2920 W display : release fence dup failed: Bad file descriptor
07-01 21:44:10.658  3093  3114 E         : invalid gralloc handle (at 0x7fb5d6b400)
07-01 21:44:10.658  3093  3114 E         : Runtime and build version of gralloc private structure does not match. Errors will likely follow.
07-01 21:44:10.661  2920  2920 W display : release fence dup failed: Bad file descriptor
07-01 21:44:10.691  3093  3114 E         : invalid gralloc handle (at 0x7fb5d6b300)
07-01 21:44:10.691  3093  3114 E         : Runtime and build version of gralloc private structure does not match. Errors will likely follow.
07-01 21:44:10.695  2920  2920 W display : release fence dup failed: Bad file descriptor
07-01 21:44:10.725  3093  3114 E         : invalid gralloc handle (at 0x7fb5d6b380)
07-01 21:44:10.725  3093  3114 E         : Runtime and build version of gralloc private structure does not match. Errors will likely follow.
07-01 21:44:10.729  2920  2920 W display : release fence dup failed: Bad file descriptor
07-01 21:44:10.758  3093  3114 E         : invalid gralloc handle (at 0x7fb5d6b400)
07-01 21:44:10.758  3093  3114 E         : Runtime and build version of gralloc private structure does not match. Errors will likely follow.
07-01 21:44:10.762  2920  2920 W display : release fence dup failed: Bad file descriptor
07-01 21:44:10.791  3093  3114 E         : invalid gralloc handle (at 0x7fb5d6b300)
07-01 21:44:10.791  3093  3114 E         : Runtime and build version of gralloc private structure does not match. Errors will likely follow.
07-01 21:44:10.797  2920  2920 W display : release fence dup failed: Bad file descriptor
07-01 21:44:10.825  3093  3114 E         : invalid gralloc handle (at 0x7fb5d6b380)
07-01 21:44:10.825  3093  3114 E         : Runtime and build version of gralloc private structure does not match. Errors will likely follow.
07-01 21:44:10.830  2920  2920 W display : release fence dup failed: Bad file descriptor
07-01 21:44:10.859  3093  3114 E         : invalid gralloc handle (at 0x7fb5d6b400)
07-01 21:44:10.859  3093  3114 E         : Runtime and build version of gralloc private structure does not match. Errors will likely follow.
07-01 21:44:10.864  2920  2920 W display : release fence dup failed: Bad file descriptor
07-01 21:44:10.892  3093  3114 E         : invalid gralloc handle (at 0x7fb5d6b300)
07-01 21:44:10.892  3093  3114 E         : Runtime and build version of gralloc private structure does not match. Errors will likely follow.
07-01 21:44:10.898  2920  2920 W display : release fence dup failed: Bad file descriptor
07-01 21:44:10.925  3093  3114 E         : invalid gralloc handle (at 0x7fb5d6b380)
07-01 21:44:10.925  3093  3114 E         : Runtime and build version of gralloc private structure does not match. Errors will likely follow.
07-01 21:44:10.932  2920  2920 W display : release fence dup failed: Bad file descriptor
07-01 21:44:10.959  3093  3114 E         : invalid gralloc handle (at 0x7fb5d6b400)
07-01 21:44:10.959  3093  3114 E         : Runtime and build version of gralloc private structure does not match. Errors will likely follow.
07-01 21:44:10.966  2920  2920 W display : release fence dup failed: Bad file descriptor
07-01 21:44:10.992  3093  3114 E         : invalid gralloc handle (at 0x7fb5d6b300)
07-01 21:44:10.992  3093  3114 E         : Runtime and build version of gralloc private structure does not match. Errors will likely follow.
07-01 21:44:11.000  2920  2920 W display : release fence dup failed: Bad file descriptor
07-01 21:44:11.026  3093  3114 E         : invalid gralloc handle (at 0x7fb5d6b380)
07-01 21:44:11.026  3093  3114 E         : Runtime and build version of gralloc private structure does not match. Errors will likely follow.
07-01 21:44:11.034  2920  2920 W display : release fence dup failed: Bad file descriptor
07-01 21:44:11.059  3093  3114 E         : invalid gralloc handle (at 0x7fb5d6b400)
07-01 21:44:11.059  3093  3114 E         : Runtime and build version of gralloc private structure does not match. Errors will likely follow.
07-01 21:44:11.068  2920  2920 W display : release fence dup failed: Bad file descriptor
07-01 21:44:11.092  3093  3114 E         : invalid gralloc handle (at 0x7fb5d6b300)
07-01 21:44:11.092  3093  3114 E         : Runtime and build version of gralloc private structure does not match. Errors will likely follow.
07-01 21:44:11.102  2920  2920 W display : release fence dup failed: Bad file descriptor
07-01 21:44:11.126  3093  3114 E         : invalid gralloc handle (at 0x7fb5d6b380)
07-01 21:44:11.126  3093  3114 E         : Runtime and build version of gralloc private structure does not match. Errors will likely follow.
07-01 21:44:11.136  2920  2920 W display : release fence dup failed: Bad file descriptor
07-01 21:44:11.159  3093  3114 E         : invalid gralloc handle (at 0x7fb5d6b400)
07-01 21:44:11.159  3093  3114 E         : Runtime and build version of gralloc private structure does not match. Errors will likely follow.
07-01 21:44:11.169  2920  2920 W display : release fence dup failed: Bad file descriptor
07-01 21:44:11.193  3093  3114 E         : invalid gralloc handle (at 0x7fb5d6b300)
07-01 21:44:11.193  3093  3114 E         : Runtime and build version of gralloc private structure does not match. Errors will likely follow.
07-01 21:44:11.203  2920  2920 W display : release fence dup failed: Bad file descriptor
07-01 21:44:11.226  3093  3114 E         : invalid gralloc handle (at 0x7fb5d6b380)
07-01 21:44:11.226  3093  3114 E         : Runtime and build version of gralloc private structure does not match. Errors will likely follow.
07-01 21:44:11.237  2920  2920 W display : release fence dup failed: Bad file descriptor
07-01 21:44:11.260  3093  3114 E         : invalid gralloc handle (at 0x7fb5d6b400)
07-01 21:44:11.260  3093  3114 E         : Runtime and build version of gralloc private structure does not match. Errors will likely follow.
07-01 21:44:11.271  2920  2920 W display : release fence dup failed: Bad file descriptor
07-01 21:44:11.293  3093  3114 E         : invalid gralloc handle (at 0x7fb5d6b300)
07-01 21:44:11.293  3093  3114 E         : Runtime and build version of gralloc private structure does not match. Errors will likely follow.
07-01 21:44:11.305  2920  2920 W display : release fence dup failed: Bad file descriptor
07-01 21:44:11.327  3093  3114 E         : invalid gralloc handle (at 0x7fb5d6b380)
07-01 21:44:11.327  3093  3114 E         : Runtime and build version of gralloc private structure does not match. Errors will likely follow.
07-01 21:44:11.339  2920  2920 W display : release fence dup failed: Bad file descriptor
07-01 21:44:11.361  3093  3114 E         : invalid gralloc handle (at 0x7fb5d6b400)
07-01 21:44:11.361  3093  3114 E         : Runtime and build version of gralloc private structure does not match. Errors will likely follow.
07-01 21:44:11.373  2920  2920 W display : release fence dup failed: Bad file descriptor
07-01 21:44:11.394  3093  3114 E         : invalid gralloc handle (at 0x7fb5d6b300)
07-01 21:44:11.394  3093  3114 E         : Runtime and build version of gralloc private structure does not match. Errors will likely follow.
07-01 21:44:11.407  2920  2920 W display : release fence dup failed: Bad file descriptor
07-01 21:44:11.427  3093  3114 E         : invalid gralloc handle (at 0x7fb5d6b380)
07-01 21:44:11.427  3093  3114 E         : Runtime and build version of gralloc private structure does not match. Errors will likely follow.
07-01 21:44:11.441  2920  2920 W display : release fence dup failed: Bad file descriptor
07-01 21:44:11.460  3093  3114 E         : invalid gralloc handle (at 0x7fb5d6b400)
07-01 21:44:11.461  3093  3114 E         : Runtime and build version of gralloc private structure does not match. Errors will likely follow.
07-01 21:44:11.474  2920  2920 W display : release fence dup failed: Bad file descriptor
07-01 21:44:11.494  3093  3114 E         : invalid gralloc handle (at 0x7fb5d6b300)
07-01 21:44:11.494  3093  3114 E         : Runtime and build version of gralloc private structure does not match. Errors will likely follow.
07-01 21:44:11.508  2920  2920 W display : release fence dup failed: Bad file descriptor
07-01 21:44:11.528  3093  3114 E         : invalid gralloc handle (at 0x7fb5d6b380)
07-01 21:44:11.528  3093  3114 E         : Runtime and build version of gralloc private structure does not match. Errors will likely follow.
07-01 21:44:11.542  2920  2920 W display : release fence dup failed: Bad file descriptor
07-01 21:44:11.561  3093  3114 E         : invalid gralloc handle (at 0x7fb5d6b400)
07-01 21:44:11.561  3093  3114 E         : Runtime and build version of gralloc private structure does not match. Errors will likely follow.
07-01 21:44:11.576  2920  2920 W display : release fence dup failed: Bad file descriptor
07-01 21:44:11.595  3093  3114 E         : invalid gralloc handle (at 0x7fb5d6b300)
07-01 21:44:11.595  3093  3114 E         : Runtime and build version of gralloc private structure does not match. Errors will likely follow.
07-01 21:44:11.610  2920  2920 W display : release fence dup failed: Bad file descriptor
07-01 21:44:11.628  3093  3114 E         : invalid gralloc handle (at 0x7fb5d6b380)
07-01 21:44:11.628  3093  3114 E         : Runtime and build version of gralloc private structure does not match. Errors will likely follow.
07-01 21:44:11.644  2920  2920 W display : release fence dup failed: Bad file descriptor
07-01 21:44:11.661  3093  3114 E         : invalid gralloc handle (at 0x7fb5d6b400)
07-01 21:44:11.661  3093  3114 E         : Runtime and build version of gralloc private structure does not match. Errors will likely follow.
07-01 21:44:11.678  2920  2920 W display : release fence dup failed: Bad file descriptor
07-01 21:44:11.695  3093  3114 E         : invalid gralloc handle (at 0x7fb5d6b300)
07-01 21:44:11.695  3093  3114 E         : Runtime and build version of gralloc private structure does not match. Errors will likely follow.
07-01 21:44:11.712  2920  2920 W display : release fence dup failed: Bad file descriptor
07-01 21:44:11.729  3093  3114 E         : invalid gralloc handle (at 0x7fb5d6b380)
07-01 21:44:11.729  3093  3114 E         : Runtime and build version of gralloc private structure does not match. Errors will likely follow.
07-01 21:44:11.746  2920  2920 W display : release fence dup failed: Bad file descriptor
07-01 21:44:11.762  3093  3114 E         : invalid gralloc handle (at 0x7fb5d6b400)
07-01 21:44:11.762  3093  3114 E         : Runtime and build version of gralloc private structure does not match. Errors will likely follow.
07-01 21:44:11.780  2920  2920 W display : release fence dup failed: Bad file descriptor
07-01 21:44:11.783  3391  3391 W PackageParser: Ignoring duplicate uses-permissions/uses-permissions-sdk-m: android.permission.ACCESS_WIFI_STATE in package: com.android.phone at: Binary XML file line #132
07-01 21:44:11.796  3093  3114 E         : invalid gralloc handle (at 0x7fb5d6b300)
07-01 21:44:11.796  3093  3114 E         : Runtime and build version of gralloc private structure does not match. Errors will likely follow.
07-01 21:44:11.814  2920  2920 W display : release fence dup failed: Bad file descriptor
07-01 21:44:11.829  3093  3114 E         : invalid gralloc handle (at 0x7fb5d6b380)
07-01 21:44:11.829  3093  3114 E         : Runtime and build version of gralloc private structure does not match. Errors will likely follow.
07-01 21:44:11.847  2920  2920 W display : release fence dup failed: Bad file descriptor
07-01 21:44:11.862  3093  3114 E         : invalid gralloc handle (at 0x7fb5d6b400)
07-01 21:44:11.862  3093  3114 E         : Runtime and build version of gralloc private structure does not match. Errors will likely follow.
07-01 21:44:11.881  2920  2920 W display : release fence dup failed: Bad file descriptor
07-01 21:44:11.896  3093  3114 E         : invalid gralloc handle (at 0x7fb5d6b300)
07-01 21:44:11.896  3093  3114 E         : Runtime and build version of gralloc private structure does not match. Errors will likely follow.
07-01 21:44:11.898  2920  2920 W display : release fence dup failed: Bad file descriptor
07-01 21:44:11.929  3093  3114 E         : invalid gralloc handle (at 0x7fb5d6b380)
07-01 21:44:11.929  3093  3114 E         : Runtime and build version of gralloc private structure does not match. Errors will likely follow.
07-01 21:44:11.932  2920  2920 W display : release fence dup failed: Bad file descriptor
07-01 21:44:11.963  3093  3114 E         : invalid gralloc handle (at 0x7fb5d6b400)
07-01 21:44:11.963  3093  3114 E         : Runtime and build version of gralloc private structure does not match. Errors will likely follow.
07-01 21:44:11.966  2920  2920 W display : release fence dup failed: Bad file descriptor
07-01 21:44:11.997  3093  3114 E         : invalid gralloc handle (at 0x7fb5d6b300)
07-01 21:44:11.997  3093  3114 E         : Runtime and build version of gralloc private structure does not match. Errors will likely follow.
07-01 21:44:12.000  2920  2920 W display : release fence dup failed: Bad file descriptor
07-01 21:44:12.030  3093  3114 E         : invalid gralloc handle (at 0x7fb5d6b380)
07-01 21:44:12.030  3093  3114 E         : Runtime and build version of gralloc private structure does not match. Errors will likely follow.
07-01 21:44:12.034  2920  2920 W display : release fence dup failed: Bad file descriptor
07-01 21:44:12.063  3093  3114 E         : invalid gralloc handle (at 0x7fb5d6b400)
07-01 21:44:12.064  3093  3114 E         : Runtime and build version of gralloc private structure does not match. Errors will likely follow.
07-01 21:44:12.068  2920  2920 W display : release fence dup failed: Bad file descriptor
07-01 21:44:12.097  3093  3114 E         : invalid gralloc handle (at 0x7fb5d6b300)
07-01 21:44:12.097  3093  3114 E         : Runtime and build version of gralloc private structure does not match. Errors will likely follow.
07-01 21:44:12.102  2920  2920 W display : release fence dup failed: Bad file descriptor
07-01 21:44:12.126  3391  3391 W PackageManager: Permission com.android.launcher.permission.INSTALL_SHORTCUT from package com.cyanogenmod.trebuchet in an unknown group android.permission-group.SYSTEM_TOOLS
07-01 21:44:12.126  3391  3391 W PackageManager: Permission com.android.launcher3.permission.READ_SETTINGS from package com.cyanogenmod.trebuchet in an unknown group android.permission-group.SYSTEM_TOOLS
07-01 21:44:12.126  3391  3391 W PackageManager: Permission com.android.launcher3.permission.WRITE_SETTINGS from package com.cyanogenmod.trebuchet in an unknown group android.permission-group.SYSTEM_TOOLS
07-01 21:44:12.130  3093  3114 E         : invalid gralloc handle (at 0x7fb5d6b380)
07-01 21:44:12.130  3093  3114 E         : Runtime and build version of gralloc private structure does not match. Errors will likely follow.
