* daemon not running. starting it now on port 5037 *
* daemon started successfully *
--------- beginning of main
12-15 13:27:33.457  2999  2999 W auditd  : type=1325 audit(0.0:2): table=filter family=2 entries=0
12-15 13:27:33.457  2999  2999 W auditd  : type=1325 audit(0.0:3): table=mangle family=2 entries=0
12-15 13:27:33.457  2999  2999 W auditd  : type=1325 audit(0.0:4): table=nat family=2 entries=0
12-15 13:27:33.457  2999  2999 W auditd  : type=1325 audit(0.0:5): table=raw family=2 entries=0
12-15 13:27:33.457  2999  2999 W auditd  : type=1325 audit(0.0:6): table=security family=2 entries=0
12-15 13:27:33.457  2999  2999 W auditd  : type=1325 audit(0.0:7): table=filter family=3 entries=0
12-15 13:27:33.457  2999  2999 W auditd  : type=1325 audit(0.0:8): table=filter family=10 entries=0
12-15 13:27:33.457  2999  2999 W auditd  : type=1325 audit(0.0:9): table=mangle family=10 entries=0
12-15 13:27:33.457  2999  2999 W auditd  : type=1325 audit(0.0:10): table=raw family=10 entries=0
12-15 13:27:33.457  2999  2999 W auditd  : type=1325 audit(0.0:11): table=nat family=10 entries=0
12-15 13:27:33.829  2999  2999 W auditd  : type=1305 audit(0.0:12): audit_pid=2921 old=0 auid=4294967295 ses=4294967295 res=1
12-15 13:27:33.829  2999  2999 W auditd  : type=1305 audit(0.0:13): audit_rate_limit=20 old=0 auid=4294967295 ses=4294967295 res=1
12-15 13:27:33.856  2928  2928 I /system/bin/tzdatacheck: tzdata file /data/misc/zoneinfo/current/tzdata does not exist. No action required.
--------- beginning of system
12-15 13:27:33.876  2922  2922 I vold    : Vold 3.0 (the awakening) firing up
12-15 13:27:33.876  2933  2933 I lowmemorykiller: Using in-kernel low memory killer interface
12-15 13:27:33.876  2922  2922 V vold    : Detected support for: exfat ext4 ntfs vfat
12-15 13:27:33.879  2938  2938 I sysinit : Running /system/etc/init.d/00banner 
12-15 13:27:33.894  2978  2978 I cm      : ____ _   _ ____ _  _ ____ ____ ____ _  _ _  _ ____ ___ 
12-15 13:27:33.899  2996  2996 I cm      : |     \_/  |__| |\ | |  | | __ |___ |\ | |\/| |  | |  \ 
12-15 13:27:33.903  2935  2935 I SurfaceFlinger: SurfaceFlinger is starting
12-15 13:27:33.904  2935  2935 E SchedPolicy: /system/bin/surfaceflinger add_tid_to_cgroup failed; fd=-1
12-15 13:27:33.904  2935  2935 I SurfaceFlinger: SurfaceFlinger's main thread ready to run. Initializing graphics H/W...
12-15 13:27:33.904  2997  2997 I cm      : |___   |   |  | | \| |__| |__] |___ | \| |  | |__| |__/ 
12-15 13:27:33.921  3005  3005 I cm      : Welcome to Android 6.0.1 / CyanogenMod-13.0-20161215-UNOFFICIAL-hero2ltexx 
12-15 13:27:33.926  3006  3006 I sysinit : Running /system/etc/init.d/90userinit 
12-15 13:27:33.939  2935  2935 D libEGL  : loaded /vendor/lib64/egl/libGLES_mali.so
12-15 13:27:33.961  3021  3021 I installd: installd firing up
12-15 13:27:33.962  3028  3028 D wifiloader: Trigger initcall of deferred modules
12-15 13:27:33.963  3011  3011 I DEBUG   : debuggerd: starting
12-15 13:27:33.974  2935  2935 I gralloc : using (id=)
12-15 13:27:33.974  2935  2935 I gralloc : xres         = 1440 px
12-15 13:27:33.974  2935  2935 I gralloc : yres         = 2560 px
12-15 13:27:33.974  2935  2935 I gralloc : width        = 68 mm (537.882324 dpi)
12-15 13:27:33.974  2935  2935 I gralloc : height       = 122 mm (532.983582 dpi)
12-15 13:27:33.974  2935  2935 I gralloc : refresh rate = 59.31 Hz
12-15 13:27:33.977  3035  3035 I perfprofd: starting Android Wide Profiling daemon
12-15 13:27:33.977  3035  3035 E perfprofd: unable to open configuration file /data/data/com.google.android.gms/files/perfprofd.conf
12-15 13:27:33.977  3035  3035 I perfprofd: random seed set to 825480558
12-15 13:27:33.981  3024  3024 I keystore: Found keymaster0 module Keymaster OpenSSL HAL, version 2
12-15 13:27:33.981  3024  3024 I SoftKeymaster: system/keymaster/soft_keymaster_device.cpp, Line 122: Creating device
12-15 13:27:33.981  3024  3024 D SoftKeymaster: system/keymaster/soft_keymaster_device.cpp, Line 123: Device address: 0x7f7c5e3000
12-15 13:27:33.983  3024  3024 I keystore: Keymaster0 module is software-only.  Using SoftKeymasterDevice instead.
12-15 13:27:33.983  3024  3024 I SoftKeymaster: system/keymaster/soft_keymaster_device.cpp, Line 122: Creating device
12-15 13:27:33.983  3024  3024 D SoftKeymaster: system/keymaster/soft_keymaster_device.cpp, Line 123: Device address: 0x7f7c5e3300
12-15 13:27:33.983  3024  3024 I keystore: SELinux: Keystore SELinux is disabled.
12-15 13:27:33.987  3009  3009 I Netd    : Netd 1.0 starting
12-15 13:27:33.987  3009  3009 I QtiConnectivityAdapter: Failed to open libconnctrl, some features may not be present.
12-15 13:27:33.988  3009  3009 D TetherController: Setting IP forward enable = 0
12-15 13:27:33.989  3036  3036 I fingerprintd: Starting fingerprintd
12-15 13:27:33.993  2935  2935 D hwcomposer: using
12-15 13:27:33.993  2935  2935 D hwcomposer: xres         = 1440 px
12-15 13:27:33.993  2935  2935 D hwcomposer: yres         = 2560 px
12-15 13:27:33.993  2935  2935 D hwcomposer: width        = 68 mm (537.882000 dpi)
12-15 13:27:33.993  2935  2935 D hwcomposer: height       = 122 mm (532.983000 dpi)
12-15 13:27:33.993  2935  2935 D hwcomposer: refresh rate = 59 Hz
12-15 13:27:33.993  2935  2935 I hwcomposer: PSR info devname = /sys/devices/13960000.decon_f/psr_info
12-15 13:27:33.993  2935  2935 I hwcomposer: PSR mode is 6(0: video mode, 1: DP PSR mode, 2: MIPI-DSI command mode)
12-15 13:27:33.993  2935  2935 I SurfaceFlinger: Using composer version 1.3
12-15 13:27:33.993  2935  2935 E display : unknown display attribute 6
12-15 13:27:33.993  2935  2935 I SurfaceFlinger: EGL information:
12-15 13:27:33.993  2935  2935 I SurfaceFlinger: vendor    : Android
12-15 13:27:33.993  2935  2935 I SurfaceFlinger: version   : 1.4 Android META-EGL
12-15 13:27:33.993  2935  2935 I SurfaceFlinger: extensions: EGL_KHR_get_all_proc_addresses EGL_ANDROID_presentation_time EGL_KHR_swap_buffers_with_damage EGL_KHR_image EGL_KHR_image_base EGL_KHR_gl_texture_2D_image EGL_KHR_gl_texture_cubemap_image EGL_KHR_gl_renderbuffer_image EGL_KHR_fence_sync EGL_KHR_create_context EGL_KHR_config_attribs EGL_KHR_surfaceless_context EGL_EXT_create_context_robustness EGL_ANDROID_image_native_buffer EGL_KHR_wait_sync EGL_ANDROID_recordable EGL_KHR_partial_update 
12-15 13:27:33.993  2935  2935 I SurfaceFlinger: Client API: OpenGL_ES
12-15 13:27:33.993  2935  2935 I SurfaceFlinger: EGLSurface: 8-8-8-8, config=0x7f85350138
12-15 13:27:34.001  2935  2935 I SurfaceFlinger: OpenGL ES informations:
12-15 13:27:34.002  2935  2935 I SurfaceFlinger: vendor    : ARM
12-15 13:27:34.002  2935  2935 I SurfaceFlinger: renderer  : Mali-T880
12-15 13:27:34.002  2935  2935 I SurfaceFlinger: version   : OpenGL ES 3.2 v1.r12p1-00dev0.60546d7cd0bfd82d0ba92ca3bb825c75
12-15 13:27:34.002  2935  2935 I SurfaceFlinger: extensions: GL_EXT_debug_marker GL_ARM_rgba8 GL_ARM_mali_shader_binary GL_OES_depth24 GL_OES_depth_texture GL_OES_depth_texture_cube_map GL_OES_packed_depth_stencil GL_OES_rgb8_rgba8 GL_EXT_read_format_bgra GL_OES_compressed_paletted_texture GL_OES_compressed_ETC1_RGB8_texture GL_OES_standard_derivatives GL_OES_EGL_image GL_OES_EGL_image_external GL_OES_EGL_image_external_essl3 GL_OES_EGL_sync GL_OES_texture_npot GL_OES_vertex_half_float GL_OES_required_internalformat GL_OES_vertex_array_object GL_OES_mapbuffer GL_EXT_texture_format_BGRA8888 GL_EXT_texture_rg GL_EXT_texture_type_2_10_10_10_REV GL_OES_fbo_render_mipmap GL_OES_element_index_uint GL_EXT_shadow_samplers GL_OES_texture_compression_astc GL_KHR_texture_compression_astc_ldr GL_KHR_texture_compression_astc_hdr GL_KHR_texture_compression_astc_sliced_3d GL_KHR_debug GL_EXT_occlusion_query_boolean GL_EXT_disjoint_timer_query GL_EXT_blend_minmax GL_EXT_discard_framebuffer GL_OES_get_program_binary GL_OES_texture_3D GL_EXT_texture_storage GL_EXT_multisamp
12-15 13:27:34.002  2935  2935 I SurfaceFlinger: GL_MAX_TEXTURE_SIZE = 16384
12-15 13:27:34.002  2935  2935 I SurfaceFlinger: GL_MAX_VIEWPORT_DIMS = 16384
12-15 13:27:34.002  2935  2935 D mali_winsys: EGLint new_window_surface(egl_winsys_display*, void*, EGLSurface, EGLConfig, egl_winsys_surface**, egl_color_buffer_format*, EGLBoolean) returns 0x3000,  [1440x2560]-format:1
12-15 13:27:34.004  3010  3010 I DEBUG   : debuggerd: starting
12-15 13:27:34.006  3033  3033 I gatekeeperd: Starting gatekeeperd...
12-15 13:27:34.006  3033  3033 W gatekeeperd: falling back to software GateKeeper
12-15 13:27:34.006  3033  3033 I gatekeeperd: cold boot: clearing state
12-15 13:27:34.020  2935  2935 D SurfaceFlinger: Set power mode=2, type=0 flinger=0x7f85883c00
12-15 13:27:34.029  2999  2999 W auditd  : type=1325 audit(0.0:14): table=filter family=2 entries=4
12-15 13:27:34.029  2999  2999 W auditd  : type=1320 audit(0.0:14): 
12-15 13:27:34.039  2999  2999 W auditd  : type=1325 audit(0.0:15): table=filter family=10 entries=4
12-15 13:27:34.039  2999  2999 W auditd  : type=1320 audit(0.0:15): 
12-15 13:27:34.049  2999  2999 W auditd  : type=1325 audit(0.0:16): table=filter family=2 entries=6
12-15 13:27:34.049  2999  2999 W auditd  : type=1320 audit(0.0:16): 
12-15 13:27:34.059  2999  2999 W auditd  : type=1325 audit(0.0:17): table=filter family=10 entries=6
12-15 13:27:34.059  2999  2999 W auditd  : type=1320 audit(0.0:17): 
12-15 13:27:34.141  2937  2937 W McDaemon: mcRegistry read So.Soc failed: 16 [hardware/samsung_slsi/exynos8890/mobicore/Daemon/src/PrivateRegistry.cpp:374]
12-15 13:27:34.141  2937  2937 W McDaemon: mcRegistry read So.Soc failed: 16 [hardware/samsung_slsi/exynos8890/mobicore/Daemon/src/PrivateRegistry.cpp:429]
12-15 13:27:34.141  2937  2937 W McDaemon: mcRegistry read So.Root failed: 16 [hardware/samsung_slsi/exynos8890/mobicore/Daemon/src/PrivateRegistry.cpp:533]
12-15 13:27:34.141  2937  2937 W McDaemon: Device endorsements not supported! [hardware/samsung_slsi/exynos8890/mobicore/Daemon/src/MobiCoreDriverDaemon.cpp:588]
12-15 13:27:34.141  2937  2937 I McDaemon: Daemon starting up... [hardware/samsung_slsi/exynos8890/mobicore/Daemon/src/MobiCoreDriverDaemon.cpp:548]
12-15 13:27:34.141  2937  2937 I McDaemon: Interface version is 0.4 [hardware/samsung_slsi/exynos8890/mobicore/Daemon/src/MobiCoreDriverDaemon.cpp:550]
12-15 13:27:34.141  2937  2937 I McDaemon: t-base-EXYNOS64-Android-310B-V007-20160505_211700_344 [hardware/samsung_slsi/exynos8890/mobicore/Daemon/src/MobiCoreDriverDaemon.cpp:552]
12-15 13:27:34.141  2937  2937 I McDaemon: Build timestamp is Aug  9 2016 18:54:04 [hardware/samsung_slsi/exynos8890/mobicore/Daemon/src/MobiCoreDriverDaemon.cpp:553]
12-15 13:27:34.141  2937  3108 I TeeDriverClient: driver client open [hardware/samsung_slsi/exynos8890/mobicore/ClientLib/src/driver_client.cpp:103]
12-15 13:27:34.142  2937  2937 W McDaemon: Cannot open trustlet /data/app/mcRegistry/07050501000000000000000000000020.tlbin (2) [hardware/samsung_slsi/exynos8890/mobicore/Daemon/src/SecureWorld.cpp:178]
12-15 13:27:34.143  2937  3108 I TeeFilesystem: void FileSystem::Impl::run(): Start listening for request from STH2 [hardware/samsung_slsi/exynos8890/mobicore/Daemon/src/FSD2.cpp:376]
12-15 13:27:34.149  2999  2999 W auditd  : type=1325 audit(0.0:18): table=filter family=2 entries=7
12-15 13:27:34.149  2999  2999 W auditd  : type=1320 audit(0.0:18): 
12-15 13:27:34.149  3110  3110 I CSTORAGE: ============================================================
12-15 13:27:34.149  3110  3110 I CSTORAGE:  CSTORAGE, v1.1.14, OS = android, ChipId = ex8890
12-15 13:27:34.149  3110  3110 I CSTORAGE: ============================================================
12-15 13:27:34.149  3110  3110 I CSTORAGE: ============================================================
12-15 13:27:34.149  3110  3110 I CSTORAGE:  CSTORAGE_SKM_LIB, v1.1.14, OS = android, ChipId = ex8890
12-15 13:27:34.149  3110  3110 I CSTORAGE: ============================================================
12-15 13:27:34.159  2999  2999 W auditd  : type=1325 audit(0.0:19): table=filter family=10 entries=7
12-15 13:27:34.159  2999  2999 W auditd  : type=1320 audit(0.0:19): 
12-15 13:27:34.169  2999  2999 W auditd  : type=1325 audit(0.0:20): table=filter family=2 entries=9
12-15 13:27:34.169  2999  2999 W auditd  : type=1320 audit(0.0:20): 
12-15 13:27:34.179  2999  2999 W auditd  : type=1325 audit(0.0:21): table=filter family=10 entries=9
12-15 13:27:34.179  2999  2999 W auditd  : type=1320 audit(0.0:21): 
12-15 13:27:34.185  3019  3019 V MediaUtils: physMem: 3746938880
12-15 13:27:34.185  3019  3019 V MediaUtils: requested limit: 2435510220
12-15 13:27:34.185  3019  3019 V MediaUtils: actual limit: 2435510220
12-15 13:27:34.185  3019  3019 V MediaUtils: original limits: 4294967295/4294967295
12-15 13:27:34.185  3019  3019 V MediaUtils: new limits: 2435510220/4294967295
12-15 13:27:34.197  3019  3019 I mediaserver: ServiceManager: 0xf678e120
12-15 13:27:34.197  3019  3019 I AudioFlinger: Using default 3000 mSec as standby time.
12-15 13:27:34.197  3019  3019 E BatteryNotifier: batterystats service unavailable!
12-15 13:27:34.197  3019  3019 E BatteryNotifier: batterystats service unavailable!
12-15 13:27:34.198  3019  3019 I CameraService: CameraService started (pid=3019)
12-15 13:27:34.198  3019  3019 I CameraService: CameraService process starting
12-15 13:27:34.198  3019  3019 E BatteryNotifier: batterystats service unavailable!
12-15 13:27:34.198  3019  3019 E BatteryNotifier: batterystats service unavailable!
12-15 13:27:34.269  2999  2999 W auditd  : type=1325 audit(0.0:22): table=filter family=2 entries=10
12-15 13:27:34.269  2999  2999 W auditd  : type=1320 audit(0.0:22): 
12-15 13:27:34.279  2999  2999 W auditd  : type=1325 audit(0.0:23): table=filter family=10 entries=10
12-15 13:27:34.279  2999  2999 W auditd  : type=1320 audit(0.0:23): 
12-15 13:27:34.289  2999  2999 W auditd  : type=1325 audit(0.0:24): table=filter family=2 entries=12
12-15 13:27:34.289  2999  2999 W auditd  : type=1320 audit(0.0:24): 
12-15 13:27:34.291  2935  2935 D SurfaceFlinger: SF. shader cache generated - 26 shaders in 232.158356 ms
12-15 13:27:34.299  2999  2999 W auditd  : type=1325 audit(0.0:25): table=filter family=10 entries=12
12-15 13:27:34.299  2999  2999 W auditd  : type=1320 audit(0.0:25): 
12-15 13:27:34.322  3087  3107 D libEGL  : loaded /vendor/lib64/egl/libGLES_mali.so
12-15 13:27:34.343  3087  3107 D mali_winsys: EGLint new_window_surface(egl_winsys_display*, void*, EGLSurface, EGLConfig, egl_winsys_surface**, egl_color_buffer_format*, EGLBoolean) returns 0x3000,  [1440x2560]-format:2
12-15 13:27:34.346  3087  3107 E BootAnimation: couldn't find audio_conf.txt
12-15 13:27:34.369  2999  2999 W auditd  : type=1325 audit(0.0:26): table=filter family=2 entries=13
12-15 13:27:34.369  2999  2999 W auditd  : type=1320 audit(0.0:26): 
12-15 13:27:34.371  3087  3107 D BootAnimation: Use save memory method, maybe small fps in actual.
12-15 13:27:34.379  2999  2999 W auditd  : type=1325 audit(0.0:27): table=filter family=10 entries=13
12-15 13:27:34.379  2999  2999 W auditd  : type=1320 audit(0.0:27): 
12-15 13:27:34.389  2999  2999 W auditd  : type=1325 audit(0.0:28): table=filter family=2 entries=15
12-15 13:27:34.389  2999  2999 W auditd  : type=1320 audit(0.0:28): 
12-15 13:27:34.399  2999  2999 W auditd  : type=1325 audit(0.0:29): table=filter family=10 entries=15
12-15 13:27:34.399  2999  2999 W auditd  : type=1320 audit(0.0:29): 
12-15 13:27:34.439  2999  2999 W auditd  : type=1325 audit(0.0:30): table=filter family=2 entries=16
12-15 13:27:34.439  2999  2999 W auditd  : type=1320 audit(0.0:30): 
12-15 13:27:34.439  2999  2999 W auditd  : type=1325 audit(0.0:31): table=filter family=10 entries=16
12-15 13:27:34.439  2999  2999 W auditd  : type=1320 audit(0.0:31): 
12-15 13:27:34.449  2999  2999 W auditd  : type=1325 audit(0.0:32): table=filter family=2 entries=18
12-15 13:27:34.449  2999  2999 W auditd  : type=1320 audit(0.0:32): 
12-15 13:27:34.449  2999  2999 W auditd  : type=1325 audit(0.0:33): table=filter family=10 entries=18
12-15 13:27:34.461  3028  3028 V wifiloader: /proc/deferred_initcalls=0
12-15 13:27:34.461  3028  3028 V wifiloader: 
12-15 13:27:34.463  3031  3031 D AndroidRuntime: >>>>>> START com.android.internal.os.ZygoteInit uid 0 <<<<<<
12-15 13:27:34.464  3019  3019 I UniHAL  : loaded HAL id=camera path=/system/lib/hw/camera.exynos5.so hmi=0x0 handle=0xf686e684
12-15 13:27:34.464  3019  3019 I UniHAL  : HAL module_api_version = 0x204
12-15 13:27:34.464  3019  3019 I ExynosCamera3Interface: INFO(HAL_init[580]):in =====
12-15 13:27:34.464  3019  3019 I ExynosCamera3Interface: INFO(HAL_init[587]):out =====
12-15 13:27:34.464  3019  3019 D ExynosCamera3Interface: DEBUG:duration time(    0 msec):(HAL_init)
12-15 13:27:34.464  3019  3019 I CameraService: Loaded "Samsung CameraHardware Module" camera module
12-15 13:27:34.464  3019  3189 I ExynosCamera3Interface: INFO(init_func[555]):in =====
12-15 13:27:34.465  3019  3019 I ExynosCamera3Interface: INFO(HAL_getCameraInfo[381]):in =====
12-15 13:27:34.466  3019  3019 D ExynosCameraMetadataConverter: DEBUG(constructStaticInfo[384]):ID(0)
12-15 13:27:34.478  3031  3031 D AndroidRuntime: CheckJNI is OFF
12-15 13:27:34.483  3031  3031 I art     : option[0]=-Xzygote
12-15 13:27:34.483  3031  3031 I art     : option[1]=-Xstacktracefile:/data/anr/traces.txt
12-15 13:27:34.483  3031  3031 I art     : option[2]=exit
12-15 13:27:34.483  3031  3031 I art     : option[3]=vfprintf
12-15 13:27:34.483  3031  3031 I art     : option[4]=sensitiveThread
12-15 13:27:34.483  3031  3031 I art     : option[5]=-verbose:gc
12-15 13:27:34.483  3031  3031 I art     : option[6]=-Xms8m
12-15 13:27:34.483  3031  3031 I art     : option[7]=-Xmx512m
12-15 13:27:34.483  3031  3031 I art     : option[8]=-XX:HeapGrowthLimit=256m
12-15 13:27:34.483  3031  3031 I art     : option[9]=-XX:HeapMinFree=2m
12-15 13:27:34.483  3031  3031 I art     : option[10]=-XX:HeapMaxFree=8m
12-15 13:27:34.483  3031  3031 I art     : option[11]=-XX:HeapTargetUtilization=0.75
12-15 13:27:34.483  3031  3031 I art     : option[12]=-agentlib:jdwp=transport=dt_android_adb,suspend=n,server=y
12-15 13:27:34.483  3031  3031 I art     : option[13]=-Xlockprofthreshold:500
12-15 13:27:34.483  3031  3031 I art     : option[14]=-Ximage-compiler-option
12-15 13:27:34.483  3031  3031 I art     : option[15]=--runtime-arg
12-15 13:27:34.483  3031  3031 I art     : option[16]=-Ximage-compiler-option
12-15 13:27:34.483  3031  3031 I art     : option[17]=-Xms64m
12-15 13:27:34.483  3031  3031 I art     : option[18]=-Ximage-compiler-option
12-15 13:27:34.483  3031  3031 I art     : option[19]=--runtime-arg
12-15 13:27:34.483  3031  3031 I art     : option[20]=-Ximage-compiler-option
12-15 13:27:34.483  3031  3031 I art     : option[21]=-Xmx64m
12-15 13:27:34.483  3031  3031 I art     : option[22]=-Ximage-compiler-option
12-15 13:27:34.483  3031  3031 I art     : option[23]=--compiler-filter=speed
12-15 13:27:34.483  3031  3031 I art     : option[24]=-Ximage-compiler-option
12-15 13:27:34.483  3031  3031 I art     : option[25]=--image-classes=/system/etc/preloaded-classes
12-15 13:27:34.483  3031  3031 I art     : option[26]=-Xcompiler-option
12-15 13:27:34.483  3031  3031 I art     : option[27]=--runtime-arg
12-15 13:27:34.483  3031  3031 I art     : option[28]=-Xcompiler-option
12-15 13:27:34.483  3031  3031 I art     : option[29]=-Xms64m
12-15 13:27:34.483  3031  3031 I art     : option[30]=-Xcompiler-option
12-15 13:27:34.483  3031  3031 I art     : option[31]=--runtime-arg
12-15 13:27:34.483  3031  3031 I art     : option[32]=-Xcompiler-option
12-15 13:27:34.483  3031  3031 I art     : option[33]=-Xmx512m
12-15 13:27:34.483  3031  3031 I art     : option[34]=-Xcompiler-option
12-15 13:27:34.483  3031  3031 I art     : option[35]=--compiler-filter=speed
12-15 13:27:34.484  3031  3031 I art     : option[36]=-Ximage-compiler-option
12-15 13:27:34.484  3031  3031 I art     : option[37]=--instruction-set-variant=cortex-a53
12-15 13:27:34.484  3031  3031 I art     : option[38]=-Xcompiler-option
12-15 13:27:34.484  3031  3031 I art     : option[39]=--instruction-set-variant=cortex-a53
12-15 13:27:34.484  3031  3031 I art     : option[40]=-Ximage-compiler-option
12-15 13:27:34.484  3031  3031 I art     : option[41]=--instruction-set-features=default
12-15 13:27:34.484  3031  3031 I art     : option[42]=-Xcompiler-option
12-15 13:27:34.484  3031  3031 I art     : option[43]=--instruction-set-features=default
12-15 13:27:34.484  3031  3031 I art     : option[44]=-Duser.locale=en-US
12-15 13:27:34.484  3031  3031 I art     : option[45]=--cpu-abilist=armeabi-v7a,armeabi
12-15 13:27:34.484  3031  3031 I art     : option[46]=-Xfingerprint:samsung/cm_hero2ltexx/hero2ltexx:6.0.1/MOB31K/edbfc1e02a:userdebug/test-keys
12-15 13:27:34.495  3031  3031 I art     : Pruning dalvik-cache since we are relocating an image and will need to recompile
12-15 13:27:34.495  3031  3031 I art     : RelocateImage: /system/bin/patchoat --input-image-location=/system/framework/boot.art --output-image-file=/data/dalvik-cache/arm/system@framework@boot.art --input-oat-location=/system/framework/boot.oat --output-oat-file=/data/dalvik-cache/arm/system@framework@boot.oat --instruction-set=arm --base-offset-delta=-15249408
12-15 13:27:34.508  3030  3030 D AndroidRuntime: >>>>>> START com.android.internal.os.ZygoteInit uid 0 <<<<<<
12-15 13:27:34.521  3030  3030 D AndroidRuntime: CheckJNI is OFF
12-15 13:27:34.526  3030  3030 I art     : option[0]=-Xzygote
12-15 13:27:34.526  3030  3030 I art     : option[1]=-Xstacktracefile:/data/anr/traces.txt
12-15 13:27:34.526  3030  3030 I art     : option[2]=exit
12-15 13:27:34.526  3030  3030 I art     : option[3]=vfprintf
12-15 13:27:34.526  3030  3030 I art     : option[4]=sensitiveThread
12-15 13:27:34.526  3030  3030 I art     : option[5]=-verbose:gc
12-15 13:27:34.526  3030  3030 I art     : option[6]=-Xms8m
12-15 13:27:34.526  3030  3030 I art     : option[7]=-Xmx512m
12-15 13:27:34.526  3030  3030 I art     : option[8]=-XX:HeapGrowthLimit=256m
12-15 13:27:34.526  3030  3030 I art     : option[9]=-XX:HeapMinFree=2m
12-15 13:27:34.526  3030  3030 I art     : option[10]=-XX:HeapMaxFree=8m
12-15 13:27:34.526  3030  3030 I art     : option[11]=-XX:HeapTargetUtilization=0.75
12-15 13:27:34.526  3030  3030 I art     : option[12]=-agentlib:jdwp=transport=dt_android_adb,suspend=n,server=y
12-15 13:27:34.526  3030  3030 I art     : option[13]=-Xlockprofthreshold:500
12-15 13:27:34.526  3030  3030 I art     : option[14]=-Ximage-compiler-option
12-15 13:27:34.526  3030  3030 I art     : option[15]=--runtime-arg
12-15 13:27:34.526  3030  3030 I art     : option[16]=-Ximage-compiler-option
12-15 13:27:34.526  3030  3030 I art     : option[17]=-Xms64m
12-15 13:27:34.526  3030  3030 I art     : option[18]=-Ximage-compiler-option
12-15 13:27:34.526  3030  3030 I art     : option[19]=--runtime-arg
12-15 13:27:34.526  3030  3030 I art     : option[20]=-Ximage-compiler-option
12-15 13:27:34.526  3030  3030 I art     : option[21]=-Xmx64m
12-15 13:27:34.526  3030  3030 I art     : option[22]=-Ximage-compiler-option
12-15 13:27:34.526  3030  3030 I art     : option[23]=--compiler-filter=speed
12-15 13:27:34.526  3030  3030 I art     : option[24]=-Ximage-compiler-option
12-15 13:27:34.526  3030  3030 I art     : option[25]=--image-classes=/system/etc/preloaded-classes
12-15 13:27:34.526  3030  3030 I art     : option[26]=-Xcompiler-option
12-15 13:27:34.526  3030  3030 I art     : option[27]=--runtime-arg
12-15 13:27:34.526  3030  3030 I art     : option[28]=-Xcompiler-option
12-15 13:27:34.526  3030  3030 I art     : option[29]=-Xms64m
12-15 13:27:34.526  3030  3030 I art     : option[30]=-Xcompiler-option
12-15 13:27:34.526  3030  3030 I art     : option[31]=--runtime-arg
12-15 13:27:34.526  3030  3030 I art     : option[32]=-Xcompiler-option
12-15 13:27:34.526  3030  3030 I art     : option[33]=-Xmx512m
12-15 13:27:34.526  3030  3030 I art     : option[34]=-Xcompiler-option
12-15 13:27:34.526  3030  3030 I art     : option[35]=--compiler-filter=speed
12-15 13:27:34.526  3030  3030 I art     : option[36]=-Ximage-compiler-option
12-15 13:27:34.526  3030  3030 I art     : option[37]=--instruction-set-variant=generic
12-15 13:27:34.526  3030  3030 I art     : option[38]=-Xcompiler-option
12-15 13:27:34.526  3030  3030 I art     : option[39]=--instruction-set-variant=generic
12-15 13:27:34.526  3030  3030 I art     : option[40]=-Ximage-compiler-option
12-15 13:27:34.526  3030  3030 I art     : option[41]=--instruction-set-features=default
12-15 13:27:34.526  3030  3030 I art     : option[42]=-Xcompiler-option
12-15 13:27:34.526  3030  3030 I art     : option[43]=--instruction-set-features=default
12-15 13:27:34.526  3030  3030 I art     : option[44]=-Duser.locale=en-US
12-15 13:27:34.526  3030  3030 I art     : option[45]=--cpu-abilist=arm64-v8a,armeabi
12-15 13:27:34.526  3030  3030 I art     : option[46]=-Xfingerprint:samsung/cm_hero2ltexx/hero2ltexx:6.0.1/MOB31K/edbfc1e02a:userdebug/test-keys
12-15 13:27:34.537  3030  3030 I art     : Pruning dalvik-cache since we are relocating an image and will need to recompile
12-15 13:27:34.537  3030  3030 I art     : RelocateImage: /system/bin/patchoat --input-image-location=/system/framework/boot.art --output-image-file=/data/dalvik-cache/arm64/system@framework@boot.art --input-oat-location=/system/framework/boot.oat --output-oat-file=/data/dalvik-cache/arm64/system@framework@boot.oat --instruction-set=arm64 --base-offset-delta=-10272768
12-15 13:27:34.956  3019  3019 D ExynosCameraUtils: DEBUG(getSensorIdFromFile[1770]):Sensor name is 29
12-15 13:27:34.956  3019  3019 D ExynosCameraUtils: (3)
12-15 13:27:34.956  3019  3019 I ExynosCamera3SensorInfo: INFO(createExynosCamera3SensorInfo[52]):sensor ID 29
12-15 13:27:34.957  3019  3019 I UniHAL  : [Uni_GetCameraInfo][215] device_version(771)
12-15 13:27:34.957  3019  3019 I ExynosCamera3Interface: INFO(HAL_getCameraInfo[381]):in =====
12-15 13:27:34.957  3019  3019 D ExynosCameraMetadataConverter: DEBUG(constructStaticInfo[384]):ID(1)
12-15 13:27:34.957  3019  3019 D ExynosCameraUtils: DEBUG(getSensorIdFromFile[1770]):Sensor name is 21
12-15 13:27:34.957  3019  3019 D ExynosCameraUtils: (3)
12-15 13:27:34.957  3019  3019 I ExynosCamera3SensorInfo: INFO(createExynosCamera3SensorInfo[52]):sensor ID 21
12-15 13:27:34.957  3019  3019 D ExynosCameraMetadataConverter: DEBUG(m_createControlAvailableHighSpeedVideoConfigurations[3758]) Front camera does not support High Speed Video
12-15 13:27:34.957  3019  3019 D ExynosCameraMetadataConverter: DEBUG(constructStaticInfo[523]):ANDROID_CONTROL_AVAILABLE_HIGH_SPEED_VIDEO_CONFIGURATIONS is NULL
12-15 13:27:34.957  3019  3019 D ExynosCameraMetadataConverter: DEBUG(constructStaticInfo[1024]):vendorMeteringModes at sensorStaticInfo is NULL
12-15 13:27:34.957  3019  3019 D ExynosCameraMetadataConverter: DEBUG(constructStaticInfo[1038]):vendorOISModes at sensorStaticInfo is NULL
12-15 13:27:34.957  3019  3019 I UniHAL  : [Uni_GetCameraInfo][215] device_version(771)
12-15 13:27:34.957  3019  3019 D ExynosCamera3Interface: DEBUG:duration time(    0 msec):(HAL_set_callbacks)
12-15 13:27:34.957  3019  3019 I ServiceManager: Waiting for service media.camera.proxy...
12-15 13:27:35.091  3009  3009 V NatController: runCmd(/system/bin/iptables -w -F natctrl_FORWARD) res=0
12-15 13:27:35.096  3009  3009 V NatController: runCmd(/system/bin/iptables -w -A natctrl_FORWARD -j DROP) res=0
12-15 13:27:35.100  3009  3009 V NatController: runCmd(/system/bin/iptables -w -t nat -F natctrl_nat_POSTROUTING) res=0
12-15 13:27:35.104  3009  3009 V NatController: runCmd(/system/bin/iptables -w -F natctrl_tether_counters) res=1
12-15 13:27:35.107  3009  3009 V NatController: runCmd(/system/bin/iptables -w -X natctrl_tether_counters) res=1
12-15 13:27:35.113  3009  3009 V NatController: runCmd(/system/bin/iptables -w -N natctrl_tether_counters) res=0
12-15 13:27:35.117  3009  3009 V NatController: runCmd(/system/bin/iptables -w -t mangle -A natctrl_mangle_FORWARD -p tcp --tcp-flags SYN SYN -j TCPMSS --clamp-mss-to-pmtu) res=0
12-15 13:27:35.289  2999  2999 W auditd  : type=1325 audit(0.0:121): table=filter family=2 entries=49
12-15 13:27:35.289  2999  2999 W auditd  : type=1320 audit(0.0:121): 
12-15 13:27:35.289  2999  2999 W auditd  : type=1325 audit(0.0:122): table=filter family=10 entries=52
12-15 13:27:35.289  2999  2999 W auditd  : type=1320 audit(0.0:122): 
12-15 13:27:35.299  2999  2999 W auditd  : type=1325 audit(0.0:123): table=raw family=2 entries=9
12-15 13:27:35.299  2999  2999 W auditd  : type=1320 audit(0.0:123): 
12-15 13:27:35.299  2999  2999 W auditd  : type=1325 audit(0.0:124): table=raw family=10 entries=9
12-15 13:27:35.299  2999  2999 W auditd  : type=1320 audit(0.0:124): 
12-15 13:27:35.309  2999  2999 W auditd  : type=1325 audit(0.0:125): table=mangle family=2 entries=16
12-15 13:27:35.309  2999  2999 W auditd  : type=1320 audit(0.0:125): 
12-15 13:27:35.309  2999  2999 W auditd  : type=1325 audit(0.0:126): table=mangle family=10 entries=12
12-15 13:27:35.309  2999  2999 W auditd  : type=1320 audit(0.0:126): 
12-15 13:27:35.309  2999  2999 W auditd  : type=1325 audit(0.0:127): table=filter family=2 entries=49
12-15 13:27:35.309  2999  2999 W auditd  : type=1320 audit(0.0:127): 
12-15 13:27:35.319  2999  2999 W auditd  : type=1325 audit(0.0:128): table=filter family=10 entries=52
12-15 13:27:35.319  2999  2999 W auditd  : type=1320 audit(0.0:128): 
12-15 13:27:35.319  2999  2999 W auditd  : type=1325 audit(0.0:129): table=filter family=2 entries=50
12-15 13:27:35.319  2999  2999 W auditd  : type=1320 audit(0.0:129): 
12-15 13:27:35.329  2999  2999 W auditd  : type=1325 audit(0.0:130): table=filter family=10 entries=53
12-15 13:27:35.329  2999  2999 W auditd  : type=1320 audit(0.0:130): 
12-15 13:27:35.387  3019  3189 I ExynosCamera3Interface: INFO(init_func[569]):out =====
12-15 13:27:35.387  3019  3189 D ExynosCamera3Interface: DEBUG:duration time(  923 msec):(init_func)
12-15 13:27:35.396  3031  3031 D ICU     : No timezone override file found: /data/misc/zoneinfo/current/icu/icu_tzdata.dat
12-15 13:27:35.534  3009  3009 E Netd    : cannot find interface dummy0
12-15 13:27:35.535  3009  3009 D MDnsDS  : MDnsSdListener::Hander starting up
12-15 13:27:35.535  3009  3397 D MDnsDS  : MDnsSdListener starting to monitor
12-15 13:27:35.535  3009  3397 D MDnsDS  : Going to poll with pollCount 1
12-15 13:27:35.673  3031  3031 I Radio-JNI: register_android_hardware_Radio DONE
12-15 13:27:35.675  3031  3031 I SamplingProfilerIntegration: Profiling disabled.
12-15 13:27:35.676  3031  3031 D Zygote  : begin preload
12-15 13:27:35.676  3031  3031 I Zygote  : Preloading classes...
12-15 13:27:35.958  3019  3019 I ServiceManager: Waiting for service media.camera.proxy...
12-15 13:27:35.987  3030  3030 D ICU     : No timezone override file found: /data/misc/zoneinfo/current/icu/icu_tzdata.dat
12-15 13:27:36.020  3030  3030 I Radio-JNI: register_android_hardware_Radio DONE
12-15 13:27:36.023  3030  3030 I SamplingProfilerIntegration: Profiling disabled.
12-15 13:27:36.023  3030  3030 D Zygote  : begin preload
12-15 13:27:36.023  3030  3030 I Zygote  : Preloading classes...
12-15 13:27:36.032  3031  3031 E Minikin : addFont failed to create font /system/fonts/NanumGothic.ttf
12-15 13:27:36.032  3031  3031 E Minikin : addFont failed to create font /system/fonts/DroidSansFallback.ttf
12-15 13:27:36.032  3031  3031 E Minikin : addFont failed to create font /system/fonts/MTLmr3m.ttf
12-15 13:27:36.055  3030  3030 E Minikin : addFont failed to create font /system/fonts/NanumGothic.ttf
12-15 13:27:36.055  3030  3030 E Minikin : addFont failed to create font /system/fonts/DroidSansFallback.ttf
12-15 13:27:36.055  3030  3030 E Minikin : addFont failed to create font /system/fonts/MTLmr3m.ttf
12-15 13:27:36.073  3031  3031 V DngCreator_JNI: DngCreator_nativeClassInit:
12-15 13:27:36.084  3030  3030 V DngCreator_JNI: DngCreator_nativeClassInit:
12-15 13:27:36.133  3031  3031 I art     : Thread[1,tid=3031,Native,Thread*=0xf4ff6500,peer=0x12c35100,"main"] recursive attempt to load library "/system/lib/libmedia_jni.so"
12-15 13:27:36.133  3031  3031 D MtpDeviceJNI: register_android_mtp_MtpDevice
12-15 13:27:36.133  3031  3031 I art     : Thread[1,tid=3031,Native,Thread*=0xf4ff6500,peer=0x12c35100,"main"] recursive attempt to load library "/system/lib/libmedia_jni.so"
12-15 13:27:36.134  3031  3031 I art     : Thread[1,tid=3031,Native,Thread*=0xf4ff6500,peer=0x12c35100,"main"] recursive attempt to load library "/system/lib/libmedia_jni.so"
12-15 13:27:36.134  3030  3030 I art     : Thread[1,tid=3030,Native,Thread*=0x7f9ef7ba00,peer=0x12c2d100,"main"] recursive attempt to load library "/system/lib64/libmedia_jni.so"
12-15 13:27:36.134  3030  3030 D MtpDeviceJNI: register_android_mtp_MtpDevice
12-15 13:27:36.134  3030  3030 I art     : Thread[1,tid=3030,Native,Thread*=0x7f9ef7ba00,peer=0x12c2d100,"main"] recursive attempt to load library "/system/lib64/libmedia_jni.so"
12-15 13:27:36.134  3030  3030 I art     : Thread[1,tid=3030,Native,Thread*=0x7f9ef7ba00,peer=0x12c2d100,"main"] recursive attempt to load library "/system/lib64/libmedia_jni.so"
12-15 13:27:36.184  3031  3031 W System  : ClassLoader referenced unknown path: /system/framework/tcmclient.jar
12-15 13:27:36.185  3030  3030 W System  : ClassLoader referenced unknown path: /system/framework/tcmclient.jar
12-15 13:27:36.234  3031  3031 I System  : Loaded time zone names for "" in 18ms (17ms in ICU)
12-15 13:27:36.235  3030  3030 I System  : Loaded time zone names for "" in 21ms (20ms in ICU)
12-15 13:27:36.247  3031  3031 I System  : Loaded time zone names for "en_US" in 11ms (11ms in ICU)
12-15 13:27:36.247  3030  3030 I System  : Loaded time zone names for "en_US" in 12ms (10ms in ICU)
12-15 13:27:36.252  3030  3030 I Zygote  : ...preloaded 3831 classes in 229ms.
12-15 13:27:36.252  3031  3031 I Zygote  : ...preloaded 3831 classes in 577ms.
12-15 13:27:36.252  3030  3030 I art     : VMRuntime.preloadDexCaches starting
12-15 13:27:36.252  3031  3031 I art     : VMRuntime.preloadDexCaches starting
12-15 13:27:36.291  3030  3030 I art     : VMRuntime.preloadDexCaches strings total=249480 before=44901 after=44901
12-15 13:27:36.291  3030  3030 I art     : VMRuntime.preloadDexCaches types total=20343 before=6892 after=6923
12-15 13:27:36.291  3030  3030 I art     : VMRuntime.preloadDexCaches fields total=100632 before=36118 after=36550
12-15 13:27:36.291  3030  3030 I art     : VMRuntime.preloadDexCaches methods total=172964 before=71279 after=71806
12-15 13:27:36.291  3030  3030 I art     : VMRuntime.preloadDexCaches finished
12-15 13:27:36.294  3031  3031 I art     : VMRuntime.preloadDexCaches strings total=249480 before=44901 after=44901
12-15 13:27:36.294  3031  3031 I art     : VMRuntime.preloadDexCaches types total=20343 before=6892 after=6923
12-15 13:27:36.294  3031  3031 I art     : VMRuntime.preloadDexCaches fields total=100632 before=36118 after=36550
12-15 13:27:36.294  3031  3031 I art     : VMRuntime.preloadDexCaches methods total=172964 before=71279 after=71806
12-15 13:27:36.294  3031  3031 I art     : VMRuntime.preloadDexCaches finished
12-15 13:27:36.307  3410  3410 D idmap   : error: no read access to /vendor/overlay: No such file or directory
12-15 13:27:36.307  3409  3409 D idmap   : error: no read access to /vendor/overlay: No such file or directory
12-15 13:27:36.331  3030  3030 I Zygote  : Preloading resources...
12-15 13:27:36.331  3031  3031 I Zygote  : Preloading resources...
12-15 13:27:36.413  3087  3107 D BootAnimation: Use save memory method, maybe small fps in actual.
12-15 13:27:36.607  3030  3030 I Zygote  : ...preloaded 342 resources in 276ms.
12-15 13:27:36.610  3030  3030 I Zygote  : ...preloaded 41 resources in 3ms.
12-15 13:27:36.610  3031  3031 I Zygote  : ...preloaded 342 resources in 279ms.
12-15 13:27:36.612  3031  3031 I Zygote  : ...preloaded 41 resources in 3ms.
12-15 13:27:36.617  3030  3030 D libEGL  : loaded /vendor/lib64/egl/libGLES_mali.so
12-15 13:27:36.624  3030  3030 I Zygote  : Preloading shared libraries...
12-15 13:27:36.631  3030  3030 D Zygote  : end preload
12-15 13:27:36.631  3030  3030 I art     : Starting a blocking GC Explicit
12-15 13:27:36.637  3030  3030 I art     : Explicit concurrent mark sweep GC freed 10998(440KB) AllocSpace objects, 0(0B) LOS objects, 38% free, 25MB/41MB, paused 64us total 6.600ms
12-15 13:27:36.643  3030  3030 I art     : Starting a blocking GC Explicit
12-15 13:27:36.649  3030  3030 I art     : Explicit concurrent mark sweep GC freed 2263(107KB) AllocSpace objects, 0(0B) LOS objects, 38% free, 25MB/41MB, paused 56us total 5.258ms
12-15 13:27:36.649  3030  3405 I art     : Starting a blocking GC HeapTrim
12-15 13:27:36.649  3031  3031 D libEGL  : loaded /vendor/lib/egl/libGLES_mali.so
12-15 13:27:36.651  3030  3030 I art     : Starting a blocking GC Background
12-15 13:27:36.660  3031  3031 I Zygote  : Preloading shared libraries...
12-15 13:27:36.665  3031  3031 D Zygote  : end preload
12-15 13:27:36.665  3031  3031 I art     : Starting a blocking GC Explicit
12-15 13:27:36.671  3031  3031 I art     : Explicit concurrent mark sweep GC freed 11070(442KB) AllocSpace objects, 0(0B) LOS objects, 38% free, 25MB/41MB, paused 104us total 6.025ms
12-15 13:27:36.674  3031  3031 I art     : Starting a blocking GC Explicit
12-15 13:27:36.676  3030  3030 I Zygote  : System server process 3414 has been created
12-15 13:27:36.677  3030  3030 I Zygote  : Accepting command socket connections
12-15 13:27:36.679  3031  3031 I art     : Explicit concurrent mark sweep GC freed 2283(108KB) AllocSpace objects, 0(0B) LOS objects, 38% free, 25MB/41MB, paused 107us total 5.167ms
12-15 13:27:36.679  3031  3031 I Zygote  : Accepting command socket connections
12-15 13:27:36.692  3414  3414 I Zygote  : Process: zygote socket opened, supported ABIS: armeabi-v7a,armeabi
12-15 13:27:36.692  3414  3414 I InstallerConnection: connecting...
12-15 13:27:36.692  3021  3021 I installd: new connection
12-15 13:27:36.703  3414  3414 I InstallerConnection: disconnecting...
12-15 13:27:36.703  3021  3021 E installd: eof
12-15 13:27:36.703  3021  3021 E installd: failed to read size
12-15 13:27:36.703  3021  3021 I installd: closing connection
12-15 13:27:36.721  3414  3414 I SystemServer: Entered the Android system server!
12-15 13:27:36.747  3414  3414 I SystemServiceManager: Starting com.android.server.pm.Installer
12-15 13:27:36.750  3414  3414 I Installer: Waiting for installd to be ready.
12-15 13:27:36.750  3414  3414 I InstallerConnection: connecting...
12-15 13:27:36.750  3021  3021 I installd: new connection
12-15 13:27:36.750  3414  3414 I SystemServiceManager: Starting com.android.server.am.ActivityManagerService$Lifecycle
12-15 13:27:36.760  3414  3414 I ActivityManager: choosing minFree values for 64 Bit
12-15 13:27:36.760  3414  3414 I ActivityManager: choosing minFree values for 64 Bit
12-15 13:27:36.760  3414  3414 I ActivityManager: choosing minFree values for 64 Bit
12-15 13:27:36.760  3414  3414 I ActivityManager: choosing minFree values for 64 Bit
12-15 13:27:36.760  3414  3414 I ActivityManager: choosing minFree values for 64 Bit
12-15 13:27:36.760  3414  3414 I ActivityManager: choosing minFree values for 64 Bit
12-15 13:27:36.765  3414  3414 I ActivityManager: Memory class: 256
12-15 13:27:36.767  3414  3428 I ServiceThread: Enabled StrictMode logging for ActivityManager looper.
12-15 13:27:36.768  3414  3429 I ServiceThread: Enabled StrictMode logging for android.ui looper.
12-15 13:27:36.774  3414  3414 D BatteryStatsImpl: Reading daily items from /data/system/batterystats-daily.xml
12-15 13:27:36.780  3414  3414 I AppOps  : No existing app ops /data/system/appops.xml; starting empty
12-15 13:27:36.809  3414  3414 I IntentFirewall: Read new rules (A:0 B:0 S:0)
12-15 13:27:36.813  3414  3433 I ServiceThread: Enabled StrictMode logging for android.display looper.
12-15 13:27:36.815  3414  3414 D AppOps  : AppOpsService published
12-15 13:27:36.815  3414  3414 I SystemServiceManager: Starting com.android.server.power.PowerManagerService
12-15 13:27:36.817  3414  3435 I ServiceThread: Enabled StrictMode logging for PowerManagerService looper.
12-15 13:27:36.822  3414  3414 W libsuspend: Error writing 'on' to /sys/power/state: Invalid argument
12-15 13:27:36.822  3414  3414 I libsuspend: Selected wakeup count
12-15 13:27:36.824  3414  3414 I SystemServiceManager: Starting com.android.server.lights.LightsService
12-15 13:27:36.825  3414  3414 I SystemServiceManager: Starting com.android.server.display.DisplayManagerService
12-15 13:27:36.828  3414  3414 I SystemServiceManager: Starting phase 100
12-15 13:27:36.830  2935  3000 E SurfaceFlinger: getDefaultDisplay: id=2 is not a valid default display id
12-15 13:27:36.831  3414  3433 I DisplayManagerService: Display device added: DisplayDeviceInfo{"Built-in Screen": uniqueId="local:0", 1440 x 2560, modeId 1, defaultModeId 1, supportedModes [{id=1, width=1440, height=2560, fps=59.0}], colorTransformId 1, defaultColorTransformId 1, supportedColorTransforms [{id=1, colorTransform=-22}], density 640, 537.882 x 532.983 dpi, appVsyncOff 0, presDeadline 17949152, touch INTERNAL, rotation 0, type BUILT_IN, state UNKNOWN, FLAG_DEFAULT_DISPLAY, FLAG_ROTATES_WITH_CONTENT, FLAG_SECURE, FLAG_SUPPORTS_PROTECTED_BUFFERS}
12-15 13:27:36.831  2935  2935 D SurfaceFlinger: Set power mode=2, type=0 flinger=0x7f85883c00
12-15 13:27:36.831  2935  2935 D SurfaceFlinger: Screen type=0 is already mode=2
12-15 13:27:36.832  3414  3433 I DisplayManagerService: Display device changed state: "Built-in Screen", ON
12-15 13:27:36.832  3414  3414 I SystemServer: Package Manager
12-15 13:27:36.837  3414  3414 W SELinuxMMAC: Error opening /data/system/seapp_hash. Assuming first boot.
12-15 13:27:36.840  3414  3414 W FileUtils: Failed to chmod(/data/system/packages.list): android.system.ErrnoException: chmod failed: ENOENT (No such file or directory)
12-15 13:27:36.873  3414  3414 D SELinuxMMAC: Using policy file /system/etc/security/mac_permissions.xml
12-15 13:27:36.876  3414  3414 I PackageManager: No settings file; creating initial state
12-15 13:27:36.882  3414  3414 E art     : DexFile_getDexOptNeeded file '/system/framework/org.apache.http.legacy.jar' does not exist
12-15 13:27:36.882  3414  3414 W PackageManager: Library not found: /system/framework/org.apache.http.legacy.jar
12-15 13:27:36.882  3414  3414 E art     : DexFile_getDexOptNeeded file '/system/framework/com.android.nfc_extras.jar' does not exist
12-15 13:27:36.882  3414  3414 W PackageManager: Library not found: /system/framework/com.android.nfc_extras.jar
12-15 13:27:36.888  3414  3414 E art     : DexFile_getDexOptNeeded file '/system/framework/org.apache.http.legacy.jar' does not exist
12-15 13:27:36.888  3414  3414 W PackageManager: Library not found: /system/framework/org.apache.http.legacy.jar
12-15 13:27:36.888  3414  3414 E art     : DexFile_getDexOptNeeded file '/system/framework/com.android.nfc_extras.jar' does not exist
12-15 13:27:36.888  3414  3414 W PackageManager: Library not found: /system/framework/com.android.nfc_extras.jar
12-15 13:27:36.925  3414  3414 D PackageManager: No files in app dir /vendor/overlay
12-15 13:27:36.925  3414  3414 D PackageManager: start scanDirLI:/system/framework
12-15 13:27:36.925  3414  3414 D PackageManager: max thread:6
12-15 13:27:36.928  3414  3440 W PackageManager: Failed to parse /system/framework/arm: Missing base APK in /system/framework/arm
12-15 13:27:36.928  3414  3441 W PackageManager: Failed to parse /system/framework/arm64: Missing base APK in /system/framework/arm64
12-15 13:27:36.928  3414  3443 W PackageManager: Failed to parse /system/framework/oat: Missing base APK in /system/framework/oat
12-15 13:27:36.931  3414  3444 I PackageManager: /system/framework/org.cyanogenmod.platform-res.apk changed; collecting certs
12-15 13:27:36.939  3414  3442 I PackageManager: /system/framework/framework-res.apk changed; collecting certs
12-15 13:27:36.946  3414  3444 W PackageManager: Permission cyanogenmod.permission.WRITE_ALARMS from package cyanogenmod.platform in an unknown group android.permission-group.SYSTEM_CLOCK
12-15 13:27:36.946  3414  3444 W PackageManager: Permission cyanogenmod.permission.MANAGE_ALARMS from package cyanogenmod.platform in an unknown group android.permission-group.SYSTEM_CLOCK
12-15 13:27:36.946  3414  3444 W PackageManager: Permission cyanogenmod.permission.READ_ALARMS from package cyanogenmod.platform in an unknown group android.permission-group.SYSTEM_CLOCK
12-15 13:27:36.958  3019  3019 I ServiceManager: Waiting for service media.camera.proxy...
12-15 13:27:37.135  3414  3442 W PackageManager: Permission android.permission.SET_KEYGUARD_WALLPAPER from package android in an unknown group android.permission-group.WALLPAPER
12-15 13:27:37.135  3414  3442 W PackageManager: Permission android.permission.MODIFY_PROTECTED_SMS_LIST from package android in an unknown group android.permission-group.MESSAGES
12-15 13:27:37.135  3414  3442 W PackageManager: Permission android.permission.RECEIVE_PROTECTED_SMS from package android in an unknown group android.permission-group.MESSAGES
12-15 13:27:37.135  3414  3442 W PackageManager: Permission android.permission.RESET_BATTERY_STATS from package android in an unknown group android.permission-group.SYSTEM_TOOLS
12-15 13:27:37.135  3414  3414 D PackageManager: end scanDirLI:/system/framework
12-15 13:27:37.138  3414  3414 D PackageManager: start scanDirLI:/system/priv-app
12-15 13:27:37.138  3414  3414 D PackageManager: max thread:6
12-15 13:27:37.145  3414  3440 I PackageManager: /system/priv-app/BackupRestoreConfirmation changed; collecting certs
12-15 13:27:37.145  3414  3443 I PackageManager: /system/priv-app/CMSettingsProvider changed; collecting certs
12-15 13:27:37.146  3414  3441 I PackageManager: /system/priv-app/CMAudioService changed; collecting certs
12-15 13:27:37.146  3414  3442 I PackageManager: /system/priv-app/CalendarProvider changed; collecting certs
12-15 13:27:37.148  3414  3445 I PackageManager: /system/priv-app/AudioFX changed; collecting certs
12-15 13:27:37.151  3414  3444 I PackageManager: /system/priv-app/CMUpdater changed; collecting certs
12-15 13:27:37.151  3414  3442 I PackageManager: New shared user android.uid.calendar: id=10001
12-15 13:27:37.159  3414  3442 I PackageManager: /system/priv-app/CallLogBackup changed; collecting certs
12-15 13:27:37.163  3414  3442 I PackageManager: New shared user android.uid.shared: id=10004
12-15 13:27:37.163  3414  3440 I PackageManager: /system/priv-app/CarrierConfig changed; collecting certs
12-15 13:27:37.170  3414  3441 I PackageManager: /system/priv-app/CellBroadcastReceiver changed; collecting certs
12-15 13:27:37.176  3414  3445 I PackageManager: /system/priv-app/ContactsProvider changed; collecting certs
12-15 13:27:37.177  3414  3443 W PackageParser: No actions in intent filter at /system/priv-app/Contacts/Contacts.apk Binary XML file line #301
12-15 13:27:37.179  3414  3443 I PackageManager: /system/priv-app/Contacts changed; collecting certs
12-15 13:27:37.181  3414  3444 I PackageManager: /system/priv-app/DataUsageProvider changed; collecting certs
12-15 13:27:37.186  3414  3442 I PackageManager: /system/priv-app/CyanogenSetupWizard changed; collecting certs
12-15 13:27:37.206  3414  3441 I PackageManager: /system/priv-app/DefaultContainerService changed; collecting certs
12-15 13:27:37.217  3414  3444 I PackageManager: /system/priv-app/DownloadProvider changed; collecting certs
12-15 13:27:37.223  3414  3444 I PackageManager: New shared user android.media: id=10009
12-15 13:27:37.226  3414  3441 I PackageManager: /system/priv-app/ExternalStorageProvider changed; collecting certs
12-15 13:27:37.227  3414  3440 I PackageManager: /system/priv-app/FusedLocation changed; collecting certs
12-15 13:27:37.232  3414  3444 W PackageManager: Permission android.permission.DOWNLOAD_WITHOUT_NOTIFICATION from package com.android.providers.downloads in an unknown group android.permission-group.NETWORK
12-15 13:27:37.234  3414  3445 W PackageParser: No actions in intent filter at /system/priv-app/Dialer/Dialer.apk Binary XML file line #152
12-15 13:27:37.237  3414  3445 I PackageManager: /system/priv-app/Dialer changed; collecting certs
12-15 13:27:37.239  3414  3444 I PackageManager: /system/priv-app/InputDevices changed; collecting certs
12-15 13:27:37.241  3414  3441 I PackageManager: /system/priv-app/LiveLockScreenService changed; collecting certs
12-15 13:27:37.267  3414  3440 I PackageManager: /system/priv-app/ManagedProvisioning changed; collecting certs
12-15 13:27:37.273  3414  3444 I PackageManager: /system/priv-app/MediaProvider changed; collecting certs
12-15 13:27:37.276  3414  3441 I PackageManager: /system/priv-app/MmsService changed; collecting certs
12-15 13:27:37.295  3414  3444 I PackageManager: /system/priv-app/OneTimeInitializer changed; collecting certs
12-15 13:27:37.304  3414  3441 I PackageManager: /system/priv-app/ProxyHandler changed; collecting certs
12-15 13:27:37.306  3414  3440 I PackageManager: /system/priv-app/PackageInstaller changed; collecting certs
12-15 13:27:37.311  3414  3444 I PackageManager: /system/priv-app/Screencast changed; collecting certs
12-15 13:27:37.327  3414  3444 I PackageManager: /system/priv-app/SettingsProvider changed; collecting certs
12-15 13:27:37.342  3414  3444 I PackageManager: /system/priv-app/SharedStorageBackup changed; collecting certs
12-15 13:27:37.359  3414  3444 I PackageManager: /system/priv-app/Shell changed; collecting certs
12-15 13:27:37.378  3414  3441 I PackageManager: /system/priv-app/Settings changed; collecting certs
12-15 13:27:37.383  3414  3444 I PackageManager: /system/priv-app/Snap changed; collecting certs
12-15 13:27:37.411  3414  3440 I PackageManager: /system/priv-app/StatementService changed; collecting certs
