07-27 04:54:32.724  3516  3516 I dex2oat : dex2oat took 16.076ms (threads: 8) arena alloc=0B java alloc=61KB native alloc=785KB free=1006KB
07-27 04:54:32.743  3525  3525 I dex2oat : /system/bin/dex2oat --compiler-filter=verify-at-runtime
07-27 04:54:32.774  3525  3525 I dex2oat : dex2oat took 30.749ms (threads: 8) arena alloc=0B java alloc=291KB native alloc=668KB free=2MB
07-27 04:54:32.776  3408  3408 E art     : DexFile_getDexOptNeeded file '/system/framework/org.apache.http.legacy.jar' does not exist
07-27 04:54:32.776  3408  3408 W PackageManager: Library not found: /system/framework/org.apache.http.legacy.jar
07-27 04:54:32.776  3408  3408 E art     : DexFile_getDexOptNeeded file '/system/framework/com.android.nfc_extras.jar' does not exist
07-27 04:54:32.776  3408  3408 W PackageManager: Library not found: /system/framework/com.android.nfc_extras.jar
07-27 04:54:32.793  3534  3534 I dex2oat : /system/bin/dex2oat --compiler-filter=verify-at-runtime
07-27 04:54:32.812  3534  3534 I dex2oat : dex2oat took 19.431ms (threads: 8) arena alloc=512B java alloc=45KB native alloc=913KB free=878KB
07-27 04:54:32.830  3543  3543 I dex2oat : /system/bin/dex2oat --compiler-filter=verify-at-runtime
07-27 04:54:32.847  3543  3543 I dex2oat : dex2oat took 17.454ms (threads: 8) arena alloc=0B java alloc=33KB native alloc=791KB free=1000KB
07-27 04:54:32.865  3552  3552 I dex2oat : /system/bin/dex2oat --compiler-filter=verify-at-runtime
07-27 04:54:32.886  3552  3552 I dex2oat : dex2oat took 21.002ms (threads: 8) arena alloc=432B java alloc=140KB native alloc=1308KB free=1251KB
07-27 04:54:32.904  3561  3561 I dex2oat : /system/bin/dex2oat --compiler-filter=verify-at-runtime
07-27 04:54:32.929  3561  3561 I dex2oat : dex2oat took 25.324ms (threads: 8) arena alloc=0B java alloc=23KB native alloc=814KB free=977KB
07-27 04:54:32.947  3570  3570 I dex2oat : /system/bin/dex2oat --compiler-filter=verify-at-runtime
07-27 04:54:32.970  3570  3570 I dex2oat : dex2oat took 22.969ms (threads: 8) arena alloc=0B java alloc=103KB native alloc=785KB free=1006KB
07-27 04:54:32.988  3579  3579 I dex2oat : /system/bin/dex2oat --compiler-filter=verify-at-runtime
07-27 04:54:33.029  3579  3579 I dex2oat : dex2oat took 41.442ms (threads: 8) arena alloc=0B java alloc=327KB native alloc=606KB free=1441KB
07-27 04:54:33.032  3408  3408 E art     : DexFile_getDexOptNeeded file '/system/framework/org.apache.http.legacy.jar' does not exist
07-27 04:54:33.032  3408  3408 W PackageManager: Library not found: /system/framework/org.apache.http.legacy.jar
07-27 04:54:33.032  3408  3408 E art     : DexFile_getDexOptNeeded file '/system/framework/com.android.nfc_extras.jar' does not exist
07-27 04:54:33.032  3408  3408 W PackageManager: Library not found: /system/framework/com.android.nfc_extras.jar
07-27 04:54:33.048  3588  3588 I dex2oat : /system/bin/dex2oat --compiler-filter=verify-at-runtime
07-27 04:54:33.069  3588  3588 I dex2oat : dex2oat took 21.355ms (threads: 8) arena alloc=608B java alloc=37KB native alloc=912KB free=879KB
07-27 04:54:33.087  3597  3597 I dex2oat : /system/bin/dex2oat --compiler-filter=verify-at-runtime
07-27 04:54:33.105  3597  3597 I dex2oat : dex2oat took 17.988ms (threads: 8) arena alloc=0B java alloc=31KB native alloc=791KB free=744KB
07-27 04:54:33.124  3606  3606 I dex2oat : /system/bin/dex2oat --compiler-filter=verify-at-runtime
07-27 04:54:33.143  3606  3606 I dex2oat : dex2oat took 19.632ms (threads: 8) arena alloc=704B java alloc=85KB native alloc=1064KB free=983KB
07-27 04:54:33.162  3615  3615 I dex2oat : /system/bin/dex2oat --compiler-filter=verify-at-runtime
07-27 04:54:33.180  3615  3615 I dex2oat : dex2oat took 18.122ms (threads: 8) arena alloc=0B java alloc=22KB native alloc=782KB free=753KB
07-27 04:54:33.198  3624  3624 I dex2oat : /system/bin/dex2oat --compiler-filter=verify-at-runtime
07-27 04:54:33.216  3624  3624 I dex2oat : dex2oat took 17.806ms (threads: 8) arena alloc=0B java alloc=46KB native alloc=818KB free=717KB
07-27 04:54:33.234  3633  3633 I dex2oat : /system/bin/dex2oat --compiler-filter=verify-at-runtime
07-27 04:54:33.252  3633  3633 I dex2oat : dex2oat took 18.331ms (threads: 8) arena alloc=368B java alloc=38KB native alloc=911KB free=880KB
07-27 04:54:33.270  3642  3642 I dex2oat : /system/bin/dex2oat --compiler-filter=verify-at-runtime
07-27 04:54:33.288  3642  3642 I dex2oat : dex2oat took 17.775ms (threads: 8) arena alloc=0B java alloc=24KB native alloc=810KB free=981KB
07-27 04:54:33.306  3651  3651 I dex2oat : /system/bin/dex2oat --compiler-filter=verify-at-runtime
07-27 04:54:33.325  3651  3651 I dex2oat : dex2oat took 18.957ms (threads: 8) arena alloc=0B java alloc=68KB native alloc=783KB free=1008KB
07-27 04:54:33.343  3660  3660 I dex2oat : /system/bin/dex2oat --compiler-filter=verify-at-runtime
07-27 04:54:33.362  3660  3660 I dex2oat : dex2oat took 18.375ms (threads: 8) arena alloc=0B java alloc=21KB native alloc=817KB free=974KB
07-27 04:54:33.380  3669  3669 I dex2oat : /system/bin/dex2oat --compiler-filter=verify-at-runtime
07-27 04:54:33.398  3669  3669 I dex2oat : dex2oat took 18.123ms (threads: 8) arena alloc=0B java alloc=44KB native alloc=863KB free=1184KB
07-27 04:54:33.416  3678  3678 I dex2oat : /system/bin/dex2oat --compiler-filter=verify-at-runtime
07-27 04:54:33.434  3678  3678 I dex2oat : dex2oat took 17.764ms (threads: 8) arena alloc=0B java alloc=21KB native alloc=817KB free=974KB
07-27 04:54:33.452  3687  3687 I dex2oat : /system/bin/dex2oat --compiler-filter=verify-at-runtime
07-27 04:54:33.471  3687  3687 I dex2oat : dex2oat took 18.624ms (threads: 8) arena alloc=0B java alloc=19KB native alloc=783KB free=752KB
07-27 04:54:33.489  3696  3696 I dex2oat : /system/bin/dex2oat --compiler-filter=verify-at-runtime
07-27 04:54:33.507  3696  3696 I dex2oat : dex2oat took 18.257ms (threads: 8) arena alloc=1008B java alloc=41KB native alloc=971KB free=820KB
07-27 04:54:33.526  3705  3705 I dex2oat : /system/bin/dex2oat --compiler-filter=verify-at-runtime
07-27 04:54:33.554  3705  3705 I dex2oat : dex2oat took 27.917ms (threads: 8) arena alloc=512B java alloc=231KB native alloc=969KB free=1334KB
07-27 04:54:33.573  3714  3714 I dex2oat : /system/bin/dex2oat --compiler-filter=verify-at-runtime
07-27 04:54:33.593  3714  3714 I dex2oat : dex2oat took 20.602ms (threads: 8) arena alloc=128B java alloc=95KB native alloc=933KB free=1370KB
07-27 04:54:33.611  3723  3723 I dex2oat : /system/bin/dex2oat --compiler-filter=verify-at-runtime
07-27 04:54:33.628  3723  3723 I dex2oat : dex2oat took 17.490ms (threads: 8) arena alloc=0B java alloc=21KB native alloc=784KB free=751KB
07-27 04:54:33.647  3732  3732 I dex2oat : /system/bin/dex2oat --compiler-filter=verify-at-runtime
07-27 04:54:33.694  3732  3732 I dex2oat : dex2oat took 46.864ms (threads: 8) arena alloc=568B java alloc=457KB native alloc=811KB free=1748KB
07-27 04:54:33.712  3741  3741 I dex2oat : /system/bin/dex2oat --compiler-filter=verify-at-runtime
07-27 04:54:33.730  3741  3741 I dex2oat : dex2oat took 18.174ms (threads: 8) arena alloc=0B java alloc=21KB native alloc=780KB free=755KB
07-27 04:54:33.749  3750  3750 I dex2oat : /system/bin/dex2oat --compiler-filter=verify-at-runtime
07-27 04:54:33.766  3750  3750 I dex2oat : dex2oat took 17.594ms (threads: 8) arena alloc=0B java alloc=72KB native alloc=783KB free=752KB
07-27 04:54:33.784  3759  3759 I dex2oat : /system/bin/dex2oat --compiler-filter=verify-at-runtime
07-27 04:54:33.802  3759  3759 I dex2oat : dex2oat took 18.182ms (threads: 8) arena alloc=0B java alloc=25KB native alloc=783KB free=752KB
07-27 04:54:33.821  3768  3768 I dex2oat : /system/bin/dex2oat --compiler-filter=verify-at-runtime
07-27 04:54:33.877  3768  3768 I dex2oat : dex2oat took 56.010ms (threads: 8) arena alloc=128B java alloc=511KB native alloc=873KB free=1686KB
07-27 04:54:33.896  3777  3777 I dex2oat : /system/bin/dex2oat --compiler-filter=verify-at-runtime
07-27 04:54:33.917  3777  3777 I dex2oat : dex2oat took 21.461ms (threads: 8) arena alloc=512B java alloc=207KB native alloc=915KB free=1132KB
07-27 04:54:33.936  3786  3786 I dex2oat : /system/bin/dex2oat --compiler-filter=verify-at-runtime
07-27 04:54:33.951  3786  3786 I dex2oat : dex2oat took 15.544ms (threads: 8) arena alloc=0B java alloc=21KB native alloc=780KB free=755KB
07-27 04:54:33.969  3795  3795 I dex2oat : /system/bin/dex2oat --compiler-filter=verify-at-runtime
07-27 04:54:33.987  3795  3795 I dex2oat : dex2oat took 18.728ms (threads: 8) arena alloc=832B java alloc=70KB native alloc=1069KB free=1234KB
07-27 04:54:34.006  3804  3804 I dex2oat : /system/bin/dex2oat --compiler-filter=verify-at-runtime
07-27 04:54:34.024  3804  3804 I dex2oat : dex2oat took 18.509ms (threads: 8) arena alloc=0B java alloc=19KB native alloc=784KB free=751KB
07-27 04:54:34.042  3813  3813 I dex2oat : /system/bin/dex2oat --compiler-filter=verify-at-runtime
07-27 04:54:34.057  3813  3813 I dex2oat : dex2oat took 15.478ms (threads: 8) arena alloc=0B java alloc=40KB native alloc=819KB free=716KB
07-27 04:54:34.075  3822  3822 I dex2oat : /system/bin/dex2oat --compiler-filter=verify-at-runtime
07-27 04:54:34.093  3822  3822 I dex2oat : dex2oat took 18.616ms (threads: 8) arena alloc=432B java alloc=25KB native alloc=912KB free=879KB
07-27 04:54:34.111  3831  3831 I dex2oat : /system/bin/dex2oat --compiler-filter=verify-at-runtime
07-27 04:54:34.128  3831  3831 I dex2oat : dex2oat took 17.594ms (threads: 8) arena alloc=0B java alloc=25KB native alloc=813KB free=978KB
07-27 04:54:34.147  3840  3840 I dex2oat : /system/bin/dex2oat --compiler-filter=verify-at-runtime
07-27 04:54:34.165  3840  3840 I dex2oat : dex2oat took 18.552ms (threads: 8) arena alloc=0B java alloc=57KB native alloc=784KB free=751KB
07-27 04:54:34.183  3849  3849 I dex2oat : /system/bin/dex2oat --compiler-filter=verify-at-runtime
07-27 04:54:34.201  3849  3849 I dex2oat : dex2oat took 18.581ms (threads: 8) arena alloc=0B java alloc=22KB native alloc=818KB free=717KB
07-27 04:54:34.219  3858  3858 I dex2oat : /system/bin/dex2oat --compiler-filter=verify-at-runtime
07-27 04:54:34.238  3858  3858 I dex2oat : dex2oat took 19.274ms (threads: 8) arena alloc=0B java alloc=41KB native alloc=864KB free=927KB
07-27 04:54:34.256  3867  3867 I dex2oat : /system/bin/dex2oat --compiler-filter=verify-at-runtime
07-27 04:54:34.274  3867  3867 I dex2oat : dex2oat took 17.881ms (threads: 8) arena alloc=0B java alloc=25KB native alloc=818KB free=717KB
07-27 04:54:34.292  3876  3876 I dex2oat : /system/bin/dex2oat --compiler-filter=verify-at-runtime
07-27 04:54:34.310  3876  3876 I dex2oat : dex2oat took 18.498ms (threads: 8) arena alloc=0B java alloc=20KB native alloc=784KB free=751KB
07-27 04:54:34.328  3885  3885 I dex2oat : /system/bin/dex2oat --compiler-filter=verify-at-runtime
07-27 04:54:34.347  3885  3885 I dex2oat : dex2oat took 18.737ms (threads: 8) arena alloc=1200B java alloc=33KB native alloc=972KB free=819KB
07-27 04:54:34.365  3894  3894 I dex2oat : /system/bin/dex2oat --compiler-filter=verify-at-runtime
07-27 04:54:34.388  3894  3894 I dex2oat : dex2oat took 23.042ms (threads: 8) arena alloc=608B java alloc=193KB native alloc=968KB free=1079KB
07-27 04:54:34.406  3903  3903 I dex2oat : /system/bin/dex2oat --compiler-filter=verify-at-runtime
07-27 04:54:34.426  3903  3903 I dex2oat : dex2oat took 20.297ms (threads: 8) arena alloc=144B java alloc=77KB native alloc=937KB free=854KB
07-27 04:54:34.444  3912  3912 I dex2oat : /system/bin/dex2oat --compiler-filter=verify-at-runtime
07-27 04:54:34.463  3912  3912 I dex2oat : dex2oat took 18.673ms (threads: 8) arena alloc=0B java alloc=26KB native alloc=784KB free=751KB
07-27 04:54:34.481  3921  3921 I dex2oat : /system/bin/dex2oat --compiler-filter=verify-at-runtime
07-27 04:54:34.537  3921  3921 I dex2oat : dex2oat took 56.286ms (threads: 8) arena alloc=696B java alloc=685KB native alloc=1035KB free=2036KB
07-27 04:54:34.556  3930  3930 I dex2oat : /system/bin/dex2oat --compiler-filter=verify-at-runtime
07-27 04:54:34.574  3930  3930 I dex2oat : dex2oat took 18.651ms (threads: 8) arena alloc=0B java alloc=22KB native alloc=784KB free=751KB
07-27 04:54:34.592  3939  3939 I dex2oat : /system/bin/dex2oat --compiler-filter=verify-at-runtime
07-27 04:54:34.619  3939  3939 I dex2oat : dex2oat took 27.256ms (threads: 8) arena alloc=0B java alloc=28KB native alloc=784KB free=751KB
07-27 04:54:34.637  3948  3948 I dex2oat : /system/bin/dex2oat --compiler-filter=verify-at-runtime
07-27 04:54:34.659  3948  3948 I dex2oat : dex2oat took 21.425ms (threads: 8) arena alloc=0B java alloc=19KB native alloc=784KB free=751KB
07-27 04:54:34.677  3958  3958 I dex2oat : /system/bin/dex2oat --compiler-filter=verify-at-runtime
07-27 04:54:34.723  3958  3958 I dex2oat : dex2oat took 46.716ms (threads: 8) arena alloc=536B java alloc=681KB native alloc=811KB free=2004KB
07-27 04:54:34.741  3967  3967 I dex2oat : /system/bin/dex2oat --compiler-filter=verify-at-runtime
07-27 04:54:34.766  3967  3967 I dex2oat : dex2oat took 24.748ms (threads: 8) arena alloc=608B java alloc=155KB native alloc=913KB free=1134KB
07-27 04:54:34.784  3976  3976 I dex2oat : /system/bin/dex2oat --compiler-filter=verify-at-runtime
07-27 04:54:34.802  3976  3976 I dex2oat : dex2oat took 18.292ms (threads: 8) arena alloc=0B java alloc=23KB native alloc=783KB free=752KB
07-27 04:54:34.807  3408  3408 D PackageManager: No files in app dir /vendor/overlay
07-27 04:54:34.877  3408  3408 I PackageManager: /system/framework/framework-res.apk changed; collecting certs
07-27 04:54:36.875  3408  3408 W PackageManager: Permission android.permission.SET_KEYGUARD_WALLPAPER from package android in an unknown group android.permission-group.WALLPAPER
07-27 04:54:36.877  3408  3408 W PackageManager: Permission android.permission.MODIFY_PROTECTED_SMS_LIST from package android in an unknown group android.permission-group.MESSAGES
07-27 04:54:36.877  3408  3408 W PackageManager: Permission android.permission.RECEIVE_PROTECTED_SMS from package android in an unknown group android.permission-group.MESSAGES
07-27 04:54:36.877  3408  3408 W PackageManager: Permission android.permission.RESET_BATTERY_STATS from package android in an unknown group android.permission-group.SYSTEM_TOOLS
07-27 04:54:36.887  3408  3408 I PackageManager: /system/framework/org.cyanogenmod.platform-res.apk changed; collecting certs
07-27 04:54:36.925  3408  3408 W PackageManager: Permission cyanogenmod.permission.WRITE_ALARMS from package cyanogenmod.platform in an unknown group android.permission-group.SYSTEM_CLOCK
07-27 04:54:36.925  3408  3408 W PackageManager: Permission cyanogenmod.permission.MANAGE_ALARMS from package cyanogenmod.platform in an unknown group android.permission-group.SYSTEM_CLOCK
07-27 04:54:36.925  3408  3408 W PackageManager: Permission cyanogenmod.permission.READ_ALARMS from package cyanogenmod.platform in an unknown group android.permission-group.SYSTEM_CLOCK
07-27 04:54:36.937  3408  3408 I PackageManager: /system/priv-app/AudioFX changed; collecting certs
07-27 04:54:37.002  3408  3408 I PackageManager: /system/priv-app/BackupRestoreConfirmation changed; collecting certs
07-27 04:54:37.038  3408  3408 I PackageManager: /system/priv-app/CMSettingsProvider changed; collecting certs
07-27 04:54:37.082  3408  3408 I PackageManager: /system/priv-app/CMUpdater changed; collecting certs
07-27 04:54:37.229  3408  3408 I PackageManager: /system/priv-app/CalendarProvider changed; collecting certs
07-27 04:54:37.258  3408  3408 I PackageManager: New shared user android.uid.calendar: id=10003
07-27 04:54:37.270  3408  3408 I PackageManager: /system/priv-app/CallLogBackup changed; collecting certs
07-27 04:54:37.294  3408  3408 I PackageManager: New shared user android.uid.shared: id=10004
07-27 04:54:37.304  3408  3408 I PackageManager: /system/priv-app/CarrierConfig changed; collecting certs
07-27 04:54:37.531  3408  3408 I PackageManager: /system/priv-app/CellBroadcastReceiver changed; collecting certs
07-27 04:54:37.601  3408  3408 W PackageParser: No actions in intent filter at /system/priv-app/Contacts/Contacts.apk Binary XML file line #301
07-27 04:54:37.606  3408  3408 I PackageManager: /system/priv-app/Contacts changed; collecting certs
07-27 04:54:38.855  3408  3408 I PackageManager: /system/priv-app/ContactsProvider changed; collecting certs
07-27 04:54:38.902  3408  3408 I PackageManager: /system/priv-app/CyanogenSetupWizard changed; collecting certs
07-27 04:54:39.974  3408  3408 I PackageManager: /system/priv-app/DataUsageProvider changed; collecting certs
07-27 04:54:40.013  3408  3408 I PackageManager: /system/priv-app/DefaultContainerService changed; collecting certs
07-27 04:54:40.065  3408  3408 W PackageParser: No actions in intent filter at /system/priv-app/Dialer/Dialer.apk Binary XML file line #151
07-27 04:54:40.070  3408  3408 I PackageManager: /system/priv-app/Dialer changed; collecting certs
07-27 04:54:41.475  3408  3408 I PackageManager: /system/priv-app/DownloadProvider changed; collecting certs
07-27 04:54:41.505  3408  3408 I PackageManager: New shared user android.media: id=10009
07-27 04:54:41.509  3408  3408 W PackageManager: Permission android.permission.DOWNLOAD_WITHOUT_NOTIFICATION from package com.android.providers.downloads in an unknown group android.permission-group.NETWORK
07-27 04:54:41.516  3408  3408 I PackageManager: /system/priv-app/ExternalStorageProvider changed; collecting certs
07-27 04:54:41.549  3408  3408 I PackageManager: /system/priv-app/FusedLocation changed; collecting certs
07-27 04:54:41.584  3408  3408 I PackageManager: /system/priv-app/InputDevices changed; collecting certs
07-27 04:54:41.646  3408  3408 I PackageManager: /system/priv-app/LiveLockScreenService changed; collecting certs
07-27 04:54:41.686  3408  3408 I PackageManager: /system/priv-app/ManagedProvisioning changed; collecting certs
07-27 04:54:41.762  3408  3408 I PackageManager: /system/priv-app/MediaProvider changed; collecting certs
07-27 04:54:41.804  3408  3408 I PackageManager: /system/priv-app/MmsService changed; collecting certs
07-27 04:54:41.843  3408  3408 I PackageManager: /system/priv-app/OneTimeInitializer changed; collecting certs
07-27 04:54:41.883  3408  3408 I PackageManager: /system/priv-app/PackageInstaller changed; collecting certs
07-27 04:54:42.198  3408  3408 I PackageManager: /system/priv-app/ProxyHandler changed; collecting certs
07-27 04:54:42.234  3408  3408 I PackageManager: /system/priv-app/Screencast changed; collecting certs
07-27 04:54:42.406  3408  3408 I PackageManager: /system/priv-app/Settings changed; collecting certs
07-27 04:54:44.099  3408  3408 I PackageManager: /system/priv-app/SettingsProvider changed; collecting certs
07-27 04:54:44.138  3408  3408 I PackageManager: /system/priv-app/SharedStorageBackup changed; collecting certs
07-27 04:54:44.177  3408  3408 I PackageManager: /system/priv-app/Shell changed; collecting certs
07-27 04:54:44.215  3408  3408 I PackageManager: /system/priv-app/StatementService changed; collecting certs
07-27 04:54:44.271  3408  3408 I PackageManager: /system/priv-app/SystemUI changed; collecting certs
07-27 04:54:44.898  3408  3408 I PackageManager: New shared user android.uid.systemui: id=10019
07-27 04:54:44.930  3408  3408 W PackageParser: Ignoring duplicate uses-permissions/uses-permissions-sdk-m: android.permission.ACCESS_WIFI_STATE in package: com.android.phone at: Binary XML file line #132
07-27 04:54:44.946  3408  3408 I PackageManager: /system/priv-app/TeleService changed; collecting certs
07-27 04:54:45.106  3408  3408 I PackageManager: /system/priv-app/Telecom changed; collecting certs
07-27 04:54:45.163  3408  3408 I PackageManager: /system/priv-app/TelephonyProvider changed; collecting certs
07-27 04:54:45.204  3408  3408 I PackageManager: /system/priv-app/ThemeChooser changed; collecting certs
07-27 04:54:45.266  3408  3408 I PackageManager: New shared user org.cyanogenmod.themes: id=10020
07-27 04:54:45.279  3408  3408 I PackageManager: /system/priv-app/ThemesProvider changed; collecting certs
07-27 04:54:45.325  3408  3408 I PackageManager: /system/priv-app/Trebuchet changed; collecting certs
07-27 04:54:45.513  3408  3408 W PackageManager: Permission com.android.launcher.permission.INSTALL_SHORTCUT from package com.cyanogenmod.trebuchet in an unknown group android.permission-group.SYSTEM_TOOLS
07-27 04:54:45.513  3408  3408 W PackageManager: Permission com.android.launcher3.permission.READ_SETTINGS from package com.cyanogenmod.trebuchet in an unknown group android.permission-group.SYSTEM_TOOLS
07-27 04:54:45.513  3408  3408 W PackageManager: Permission com.android.launcher3.permission.WRITE_SETTINGS from package com.cyanogenmod.trebuchet in an unknown group android.permission-group.SYSTEM_TOOLS
07-27 04:54:45.520  3408  3408 I PackageManager: /system/priv-app/VpnDialogs changed; collecting certs
07-27 04:54:45.558  3408  3408 I PackageManager: /system/priv-app/WallpaperCropper changed; collecting certs
07-27 04:54:45.596  3408  3408 I PackageManager: /system/priv-app/WeatherProvider changed; collecting certs
07-27 04:54:45.631  3408  3408 I PackageManager: /system/app/BasicDreams changed; collecting certs
07-27 04:54:45.680  3408  3408 W PackageParser: No actions in intent filter at /system/app/Bluetooth/Bluetooth.apk Binary XML file line #234
07-27 04:54:45.683  3408  3408 I PackageManager: /system/app/Bluetooth changed; collecting certs
07-27 04:54:45.739  3408  3408 I PackageManager: /system/app/BluetoothMidiService changed; collecting certs
07-27 04:54:45.784  3408  3408 I PackageManager: /system/app/Browser changed; collecting certs
07-27 04:54:45.989  3408  3408 W PackageParser: No actions in intent filter at /system/app/CMFileManager/CMFileManager.apk Binary XML file line #164
07-27 04:54:45.991  3408  3408 I PackageManager: /system/app/CMFileManager changed; collecting certs
07-27 04:54:46.202  3408  3408 I PackageManager: /system/app/CMWallpapers changed; collecting certs
07-27 04:54:46.297  3408  3408 I PackageManager: /system/app/Calendar changed; collecting certs
07-27 04:54:46.569  3408  3408 I PackageManager: /system/app/Camera2 changed; collecting certs
07-27 04:54:46.992  3408  3408 I PackageManager: /system/app/CaptivePortalLogin changed; collecting certs
07-27 04:54:47.032  3408  3408 I PackageManager: /system/app/CertInstaller changed; collecting certs
07-27 04:54:47.087  3408  3408 I PackageManager: /system/app/DeskClock changed; collecting certs
07-27 04:54:47.426  3408  3408 I PackageManager: /system/app/Development changed; collecting certs
07-27 04:54:47.489  3408  3408 I PackageManager: /system/app/DocumentsUI changed; collecting certs
07-27 04:54:47.616  3408  3408 I PackageManager: /system/app/DownloadProviderUi changed; collecting certs
07-27 04:54:47.664  3408  3408 I PackageManager: /system/app/Eleven changed; collecting certs
07-27 04:54:47.826  3408  3408 I PackageManager: /system/app/Email changed; collecting certs
07-27 04:54:48.367  3408  3408 I PackageManager: /system/app/ExactCalculator changed; collecting certs
07-27 04:54:48.423  3408  3408 I PackageManager: /system/app/Exchange2 changed; collecting certs
07-27 04:54:48.469  3408  3408 I PackageManager: /system/app/Galaxy4 changed; collecting certs
07-27 04:54:48.536  3408  3408 W PackageParser: Unknown element under <application>: permission at /system/app/Gallery2/Gallery2.apk Binary XML file line #278
07-27 04:54:48.536  3408  3408 W PackageParser: Unknown element under <application>: permission at /system/app/Gallery2/Gallery2.apk Binary XML file line #281
07-27 04:54:48.540  3408  3408 I PackageManager: /system/app/Gallery2 changed; collecting certs
07-27 04:54:48.985  3408  3408 I PackageManager: /system/app/HTMLViewer changed; collecting certs
07-27 04:54:49.021  3408  3408 I PackageManager: /system/app/HoloSpiralWallpaper changed; collecting certs
07-27 04:54:49.067  3408  3408 I PackageManager: /system/app/KeyChain changed; collecting certs
07-27 04:54:49.123  3408  3408 I PackageManager: /system/app/LatinIME changed; collecting certs
07-27 04:54:50.271  3408  3408 I PackageManager: /system/app/LiveWallpapers changed; collecting certs
07-27 04:54:50.333  3408  3408 I PackageManager: /system/app/LiveWallpapersPicker changed; collecting certs
07-27 04:54:50.383  3408  3408 I PackageManager: /system/app/LockClock changed; collecting certs
07-27 04:54:50.617  3408  3408 I PackageManager: /system/app/NoiseField changed; collecting certs
07-27 04:54:50.664  3408  3408 I PackageManager: /system/app/PacProcessor changed; collecting certs
07-27 04:54:50.698  3408  3408 I PackageManager: /system/app/PhaseBeam changed; collecting certs
07-27 04:54:50.753  3408  3408 I PackageManager: /system/app/PhotoPhase changed; collecting certs
07-27 04:54:50.858  3408  3408 I PackageManager: /system/app/PhotoTable changed; collecting certs
07-27 04:54:50.913  3408  3408 I PackageManager: /system/app/PicoTts changed; collecting certs
07-27 04:54:50.954  3408  3408 I PackageManager: /system/app/PrintSpooler changed; collecting certs
07-27 04:54:51.011  3408  3408 I PackageManager: /system/app/Profiles changed; collecting certs
07-27 04:54:51.046  3408  3408 I PackageManager: /system/app/Provision changed; collecting certs
07-27 04:54:51.080  3408  3408 I PackageManager: /system/app/RootPA changed; collecting certs
07-27 04:54:51.118  3408  3408 I PackageManager: /system/app/SamsungServiceMode changed; collecting certs
07-27 04:54:51.158  3408  3408 I PackageManager: /system/app/SoundRecorder changed; collecting certs
07-27 04:54:51.212  3408  3408 I PackageManager: /system/app/Stk changed; collecting certs
07-27 04:54:51.260  3408  3408 I PackageManager: /system/app/Terminal changed; collecting certs
07-27 04:54:51.300  3408  3408 I PackageManager: /system/app/UserDictionaryProvider changed; collecting certs
07-27 04:54:51.334  3408  3408 I PackageManager: /system/app/WAPPushManager changed; collecting certs
07-27 04:54:51.369  3408  3408 I PackageManager: /system/app/WallpaperPicker changed; collecting certs
07-27 04:54:51.415  3408  3408 W PackageManager: Failed to parse /system/app/mcRegistry: Missing base APK in /system/app/mcRegistry
07-27 04:54:51.444  3408  3408 I PackageManager: /system/app/messaging changed; collecting certs
07-27 04:54:52.976  3408  3408 I PackageManager: /system/app/telresources changed; collecting certs
07-27 04:54:53.012  3408  3408 I PackageManager: /system/app/webview changed; collecting certs
07-27 04:54:53.155  3408  3408 D PackageManager: No files in app dir /system/vendor/app
07-27 04:54:53.155  3408  3408 D PackageManager: No files in app dir /oem/app
07-27 04:54:53.155  3408  3408 D PackageManager: No files in app dir /vendor/bundled-app
07-27 04:54:53.157  3408  3408 W PackageManager: Failed to parse /data/app/mcRegistry: Missing base APK in /data/app/mcRegistry
07-27 04:54:53.157  3408  3408 D PackageManager: No files in app dir /data/app-private
07-27 04:54:53.157  3408  3408 E PackageManager: updateAllSharedLibrariesLPw failed: Package com.android.dialer requires unavailable shared library com.qualcomm.qti.smartsearch; failing!
07-27 04:54:53.157  3408  3408 W PackageManager: Package com.android.gallery3d desires unavailable shared library com.google.android.media.effects; ignoring!
07-27 04:54:53.157  3408  3408 W PackageManager: Package com.android.gallery3d desires unavailable shared library com.google.android.media.effects; ignoring!
07-27 04:54:53.157  3408  3408 I PackageManager: Adjusting ABI for : com.android.location.fused to arm64-v8a
07-27 04:54:53.158  3408  3408 I PackageManager.DexOptimizer: Running dexopt (dex2oat) on: /system/priv-app/FusedLocation/FusedLocation.apk pkg=com.android.location.fused isa=arm64 vmSafeMode=false debuggable=false oatDir = null bootComplete=false
07-27 04:54:53.173  3998  3998 I dex2oat : /system/bin/dex2oat --compiler-filter=verify-at-runtime
07-27 04:54:53.194  3998  3998 I dex2oat : dex2oat took 20.680ms (threads: 8) arena alloc=0B java alloc=52KB native alloc=804KB free=1243KB
07-27 04:54:53.197  3408  3408 I PackageManager: Adjusting ABI for : org.cyanogenmod.providers.datausage to arm64-v8a
07-27 04:54:53.197  3408  3408 I PackageManager.DexOptimizer: Running dexopt (dex2oat) on: /system/priv-app/DataUsageProvider/DataUsageProvider.apk pkg=org.cyanogenmod.providers.datausage isa=arm64 vmSafeMode=false debuggable=false oatDir = null bootComplete=false
07-27 04:54:53.212  4007  4007 I dex2oat : /system/bin/dex2oat --compiler-filter=verify-at-runtime
07-27 04:54:53.248  4007  4007 I dex2oat : dex2oat took 35.882ms (threads: 8) arena alloc=224B java alloc=540KB native alloc=739KB free=1564KB
07-27 04:54:53.251  3408  3408 I PackageManager: Adjusting ABI for : org.cyanogenmod.cmsettings to arm64-v8a
07-27 04:54:53.252  3408  3408 I PackageManager.DexOptimizer: Running dexopt (dex2oat) on: /system/priv-app/CMSettingsProvider/CMSettingsProvider.apk pkg=org.cyanogenmod.cmsettings isa=arm64 vmSafeMode=false debuggable=false oatDir = null bootComplete=false
07-27 04:54:53.267  4016  4016 I dex2oat : /system/bin/dex2oat --compiler-filter=verify-at-runtime
07-27 04:54:53.291  4016  4016 I dex2oat : dex2oat took 24.372ms (threads: 8) arena alloc=224B java alloc=206KB native alloc=912KB free=879KB
07-27 04:54:53.294  3408  3408 I PackageManager: Adjusting ABI for : com.android.development to arm64-v8a
07-27 04:54:53.295  3408  3408 I PackageManager.DexOptimizer: Running dexopt (dex2oat) on: /system/app/Development/Development.apk pkg=com.android.development isa=arm64 vmSafeMode=false debuggable=false oatDir = null bootComplete=false
07-27 04:54:53.310  4025  4025 I dex2oat : /system/bin/dex2oat --compiler-filter=verify-at-runtime
07-27 04:54:53.338  4025  4025 I dex2oat : dex2oat took 27.823ms (threads: 8) arena alloc=144B java alloc=547KB native alloc=1073KB free=2MB
07-27 04:54:53.341  3408  3408 I PackageManager: Adjusting ABI for : com.android.server.telecom to arm64-v8a
07-27 04:54:53.341  3408  3408 I PackageManager.DexOptimizer: Running dexopt (dex2oat) on: /system/priv-app/Telecom/Telecom.apk pkg=com.android.server.telecom isa=arm64 vmSafeMode=false debuggable=false oatDir = null bootComplete=false
07-27 04:54:53.357  4034  4034 I dex2oat : /system/bin/dex2oat --compiler-filter=verify-at-runtime
07-27 04:54:53.398  4034  4034 I dex2oat : dex2oat took 41.123ms (threads: 8) arena alloc=1000B java alloc=671KB native alloc=799KB free=2016KB
07-27 04:54:53.401  3408  3408 I PackageManager: Adjusting ABI for : com.cyanogenmod.setupwizard to arm64-v8a
07-27 04:54:53.402  3408  3408 I PackageManager.DexOptimizer: Running dexopt (dex2oat) on: /system/priv-app/CyanogenSetupWizard/CyanogenSetupWizard.apk pkg=com.cyanogenmod.setupwizard isa=arm64 vmSafeMode=false debuggable=false oatDir = null bootComplete=false
07-27 04:54:53.418  4043  4043 I dex2oat : /system/bin/dex2oat --compiler-filter=verify-at-runtime
07-27 04:54:53.552  4043  4043 I dex2oat : dex2oat took 135.166ms (threads: 8) arena alloc=368B java alloc=3MB native alloc=1509KB free=2MB
07-27 04:54:53.556  3408  3408 I PackageManager: Adjusting ABI for : com.android.settings to arm64-v8a
07-27 04:54:53.557  3408  3408 I PackageManager.DexOptimizer: Running dexopt (dex2oat) on: /system/priv-app/Settings/Settings.apk pkg=com.android.settings isa=arm64 vmSafeMode=false debuggable=false oatDir = null bootComplete=false
07-27 04:54:53.573  4052  4052 I dex2oat : /system/bin/dex2oat --compiler-filter=verify-at-runtime
07-27 04:54:53.795  4052  4052 I dex2oat : dex2oat took 222.994ms (threads: 8) arena alloc=288B java alloc=8MB native alloc=1782KB free=2MB
07-27 04:54:53.800  3408  3408 I PackageManager: Adjusting ABI for : com.android.keychain to arm64-v8a
07-27 04:54:53.800  3408  3408 I PackageManager.DexOptimizer: Running dexopt (dex2oat) on: /system/app/KeyChain/KeyChain.apk pkg=com.android.keychain isa=arm64 vmSafeMode=false debuggable=false oatDir = null bootComplete=false
07-27 04:54:53.816  4061  4061 I dex2oat : /system/bin/dex2oat --compiler-filter=verify-at-runtime
07-27 04:54:53.836  4061  4061 I dex2oat : dex2oat took 20.325ms (threads: 8) arena alloc=1416B java alloc=122KB native alloc=1040KB free=1519KB
07-27 04:54:53.839  3408  3408 I PackageManager: Adjusting ABI for : com.android.providers.settings to arm64-v8a
07-27 04:54:53.839  3408  3408 I PackageManager.DexOptimizer: Running dexopt (dex2oat) on: /system/priv-app/SettingsProvider/SettingsProvider.apk pkg=com.android.providers.settings isa=arm64 vmSafeMode=false debuggable=false oatDir = null bootComplete=false
07-27 04:54:53.855  4070  4070 I dex2oat : /system/bin/dex2oat --compiler-filter=verify-at-runtime
07-27 04:54:53.888  4070  4070 I dex2oat : dex2oat took 33.096ms (threads: 8) arena alloc=224B java alloc=264KB native alloc=1197KB free=1618KB
07-27 04:54:53.891  3408  3408 I PackageManager: Adjusting ABI for : cyanogenmod.platform to arm64-v8a
07-27 04:54:53.891  2949  2949 E installd: invalid apk path '/system/framework/org.cyanogenmod.platform-res.apk' (bad prefix)
07-27 04:54:53.891  3408  3408 I PackageManager: Adjusting ABI for : com.android.inputdevices to arm64-v8a
07-27 04:54:53.891  3408  3408 I PackageManager.DexOptimizer: Running dexopt (dex2oat) on: /system/priv-app/InputDevices/InputDevices.apk pkg=com.android.inputdevices isa=arm64 vmSafeMode=false debuggable=false oatDir = null bootComplete=false
07-27 04:54:53.907  4079  4079 I dex2oat : /system/bin/dex2oat --compiler-filter=verify-at-runtime
07-27 04:54:53.925  4079  4079 I dex2oat : dex2oat took 17.807ms (threads: 8) arena alloc=0B java alloc=17KB native alloc=784KB free=751KB
07-27 04:54:53.928  3408  3408 I PackageManager: Time to scan packages: 21.417 seconds
07-27 04:54:53.929  3408  3408 W PackageManager: Unknown permission com.google.android.googleapps.permission.GOOGLE_AUTH in package com.android.providers.calendar
07-27 04:54:53.929  3408  3408 W PackageManager: Unknown permission com.google.android.googleapps.permission.GOOGLE_AUTH.cl in package com.android.providers.calendar
07-27 04:54:53.930  3408  3408 W PackageManager: Not granting permission android.permission.REAL_GET_TASKS to package org.cyanogenmod.wallpapers.photophase (protectionLevel=18 flags=0x3818be45)
07-27 04:54:53.933  3408  3408 W PackageManager: Unknown permission com.cyanogen.ambient.permission.BIND_CALLER_INFO in package com.android.messaging
07-27 04:54:53.933  3408  3408 W PackageManager: Not granting permission android.permission.ACCESS_DOWNLOAD_MANAGER to package com.android.browser (protectionLevel=18 flags=0x3849be45)
07-27 04:54:53.933  3408  3408 W PackageManager: Not granting permission android.permission.SEND_DOWNLOAD_COMPLETED_INTENTS to package com.android.browser (protectionLevel=2 flags=0x3849be45)
07-27 04:54:53.936  3408  3408 W PackageManager: Unknown permission com.cyngn.stats.SEND_ANALYTICS in package com.cyanogenmod.setupwizard
07-27 04:54:53.936  3408  3408 W PackageManager: Unknown permission com.cyanogen.permission.REQUEST_KILL_SWITCH_OP in package com.cyanogenmod.setupwizard
07-27 04:54:53.938  3408  3408 W PackageManager: Unknown permission com.cyanogen.ambient.permission.BIND_INCALL_SERVICE in package com.android.contacts
07-27 04:54:53.938  3408  3408 W PackageManager: Unknown permission com.cyanogen.ambient.permission.PLUGIN_STATUS_CHANGED in package com.android.contacts
07-27 04:54:53.938  3408  3408 W PackageManager: Unknown permission com.cyanogen.ambient.permission.BIND_CALLER_INFO in package com.android.contacts
07-27 04:54:53.941  3408  3408 W PackageManager: Unknown permission com.google.android.googleapps.permission.GOOGLE_AUTH.mail in package com.android.calendar
07-27 04:54:53.942  3408  3408 W PackageManager: Unknown permission com.android.launcher.permission.READ_SETTINGS in package com.android.onetimeinitializer
07-27 04:54:53.942  3408  3408 W PackageManager: Unknown permission com.android.launcher.permission.WRITE_SETTINGS in package com.android.onetimeinitializer
07-27 04:54:53.945  3408  3408 W PackageManager: Unknown permission com.cyanogen.ambient.permission.BIND_INCALL_SERVICE in package com.android.dialer
07-27 04:54:53.945  3408  3408 W PackageManager: Unknown permission com.cyanogen.ambient.permission.PLUGIN_STATUS_CHANGED in package com.android.dialer
07-27 04:54:53.945  3408  3408 W PackageManager: Unknown permission com.cyanogen.ambient.permission.PUBLISH_DISCOVERY_NUDGE in package com.android.dialer
07-27 04:54:53.945  3408  3408 W PackageManager: Unknown permission com.cyanogen.ambient.permission.BIND_DEEPLINK_SERVICE in package com.android.dialer
07-27 04:54:53.945  3408  3408 W PackageManager: Unknown permission com.cyanogen.ambient.permission.READ_DEEPLINK_DATABASE in package com.android.dialer
07-27 04:54:53.945  3408  3408 W PackageManager: Unknown permission com.cyanogen.ambient.permission.BIND_CALLER_INFO in package com.android.dialer
07-27 04:54:53.947  3408  3408 W PackageManager: Unknown permission com.android.launcher.permission.READ_SETTINGS in package com.cyanogenmod.trebuchet
07-27 04:54:53.947  3408  3408 W PackageManager: Unknown permission com.android.launcher.permission.WRITE_SETTINGS in package com.cyanogenmod.trebuchet
07-27 04:54:53.947  3408  3408 W PackageManager: Unknown permission com.cyngn.stats.SEND_ANALYTICS in package com.cyanogenmod.trebuchet
07-27 04:54:53.948  3408  3408 W PackageManager: Unknown permission android.permission.CANCEL_NOTIFICATIONS in package org.cyanogenmod.theme.chooser
07-27 04:54:53.949  3408  3408 W PackageManager: Unknown permission com.google.android.permission.INSTALL_WEARABLE_PACKAGES in package com.android.packageinstaller
07-27 04:54:53.949  3408  3408 W PackageManager: Not granting permission android.permission.DELETE_PACKAGES to package com.svox.pico (protectionLevel=18 flags=0x3808be45)
07-27 04:54:53.949  3408  3408 W PackageManager: Unknown permission android.permission.ACCESS_SUPERUSER in package com.cyanogenmod.filemanager
07-27 04:54:53.949  3408  3408 W PackageManager: Unknown permission com.cyanogenmod.filemanager.permissions.READ_THEME in package com.cyanogenmod.filemanager
07-27 04:54:53.952  3408  3408 W PackageManager: Unknown permission com.google.android.gallery3d.permission.PICASA_STORE in package com.android.dreams.phototable
07-27 04:54:53.953  3408  3408 W PackageManager: Unknown permission com.google.android.googleapps.permission.GOOGLE_AUTH in package com.android.settings
07-27 04:54:53.954  3408  3408 W PackageManager: Unknown permission com.android.launcher.permission.READ_SETTINGS in package com.android.settings
07-27 04:54:53.954  3408  3408 W PackageManager: Unknown permission com.android.launcher.permission.WRITE_SETTINGS in package com.android.settings
07-27 04:54:53.956  3408  3408 W PackageManager: Not granting permission android.permission.REAL_GET_TASKS to package com.cyanogenmod.eleven (protectionLevel=18 flags=0x3818be65)
07-27 04:54:53.976  3408  3408 W PackageManager: Unknown permission com.google.android.gallery3d.permission.GALLERY_PROVIDER in package com.android.bluetooth
07-27 04:54:53.978  3408  3408 W PackageManager: Unknown permission com.google.android.googleapps.permission.ACCESS_GOOGLE_PASSWORD in package com.android.development
07-27 04:54:53.978  3408  3408 W PackageManager: Unknown permission com.google.android.googleapps.permission.GOOGLE_AUTH in package com.android.development
07-27 04:54:53.978  3408  3408 W PackageManager: Unknown permission com.google.android.googleapps.permission.GOOGLE_AUTH.ALL_SERVICES in package com.android.development
07-27 04:54:53.978  3408  3408 W PackageManager: Unknown permission com.google.android.googleapps.permission.GOOGLE_AUTH.YouTubeUser in package com.android.development
07-27 04:54:53.980  3408  3408 V PackageManager: Disabling com.google.android.gsf/com.google.android.gsf.update.SystemUpdateActivity
07-27 04:54:53.980  3408  3408 W PackageManager: Unable to disable com.google.android.gsf/com.google.android.gsf.update.SystemUpdateActivity
07-27 04:54:53.980  3408  3408 V PackageManager: Disabling com.google.android.gsf/com.google.android.gsf.update.SystemUpdateService$Receiver
07-27 04:54:53.980  3408  3408 W PackageManager: Unable to disable com.google.android.gsf/com.google.android.gsf.update.SystemUpdateService$Receiver
07-27 04:54:53.980  3408  3408 V PackageManager: Disabling com.google.android.gsf/com.google.android.gsf.update.SystemUpdateService$SecretCodeReceiver
07-27 04:54:53.980  3408  3408 W PackageManager: Unable to disable com.google.android.gsf/com.google.android.gsf.update.SystemUpdateService$SecretCodeReceiver
07-27 04:54:53.981  3408  3408 V PackageManager: Disabling com.google.android.gms/com.google.android.gms.update.SystemUpdateActivity
07-27 04:54:53.981  3408  3408 W PackageManager: Unable to disable com.google.android.gms/com.google.android.gms.update.SystemUpdateActivity
07-27 04:54:53.981  3408  3408 V PackageManager: Disabling com.google.android.gms/com.google.android.gms.update.SystemUpdateService$Receiver
07-27 04:54:53.981  3408  3408 W PackageManager: Unable to disable com.google.android.gms/com.google.android.gms.update.SystemUpdateService$Receiver
07-27 04:54:53.981  3408  3408 V PackageManager: Disabling com.google.android.gms/com.google.android.gms.update.SystemUpdateService$ActiveReceiver
07-27 04:54:53.981  3408  3408 W PackageManager: Unable to disable com.google.android.gms/com.google.android.gms.update.SystemUpdateService$ActiveReceiver
07-27 04:54:53.981  3408  3408 V PackageManager: Disabling com.google.android.gms/com.google.android.gms.update.SystemUpdateService$SecretCodeReceiver
07-27 04:54:53.981  3408  3408 W PackageManager: Unable to disable com.google.android.gms/com.google.android.gms.update.SystemUpdateService$SecretCodeReceiver
07-27 04:54:53.981  3408  3408 V PackageManager: Enabling com.google.android.gsf/com.google.android.gsf.update.SystemUpdateService
07-27 04:54:53.981  3408  3408 W PackageManager: Unable to enable com.google.android.gsf/com.google.android.gsf.update.SystemUpdateService
07-27 04:54:53.981  3408  3408 V PackageManager: Enabling com.google.android.gms/com.google.android.gms.update.SystemUpdateService
07-27 04:54:53.981  3408  3408 W PackageManager: Unable to enable com.google.android.gms/com.google.android.gms.update.SystemUpdateService
07-27 04:54:54.191  3408  3408 I art     : Starting a blocking GC Explicit
07-27 04:54:54.216  3408  3408 I art     : Explicit concurrent mark sweep GC freed 212440(10MB) AllocSpace objects, 37(3MB) LOS objects, 33% free, 27MB/41MB, paused 112us total 25.319ms
07-27 04:54:54.217  3408  3408 I SystemServer: User Service
07-27 04:54:54.225  2917  2917 I lowmemorykiller: ActivityManager connected
07-27 04:54:54.231  3408  3408 I SystemServiceManager: Starting com.android.server.BatteryService
07-27 04:54:54.231  3408  4089 I         : System server: starting sensor init.
07-27 04:54:54.231  3408  4089 D SensorService: nuSensorService starting...
07-27 04:54:54.236  3408  4089 I Sensors : getName:gyro_sensor name = K6DS3TR.
07-27 04:54:54.236  3408  4089 I Sensors : Proximity old sensor_state 0, new sensor_state : 128 en : 1
07-27 04:54:54.240  3408  3408 I SystemServiceManager: Starting com.android.server.usage.UsageStatsService
07-27 04:54:54.252  3408  4089 I Sensors : Light old sensor_state 128, new sensor_state : 640 en : 1
07-27 04:54:54.257  3408  4089 I Sensors : Light_IR old sensor_state 640, new sensor_state : 16777856 en : 1
07-27 04:54:54.257  3408  4089 E Sensors : Light_IR_Sensor write failed. ret = -1, sensor_state = 16777856
07-27 04:54:54.258  3408  4089 I Sensors : SigMotionSensor old sensor_state 640, new sensor_state : 17024 en : 1
07-27 04:54:54.259  3408  3408 I UsageStatsDatabase: Upgrading from version 0 to 3
07-27 04:54:54.259  3408  3408 I UsageStatsDatabase: Deleting all usage stats files
07-27 04:54:54.261  3408  3408 I UsageStatsService: User[0] Rollover scheduled @ 2016-07-28 00:00:00(1469664000000)
07-27 04:54:54.263  3408  4089 I Sensors : getName:gyro_sensor name = K6DS3TR.
07-27 04:54:54.264  3408  4089 I Sensors : StepCounterSensor old sensor_state 17024, new sensor_state : 279168 en : 1
07-27 04:54:54.264  3408  4089 E Sensors : StepCounterSensor write failed. ret = -1, sensor_state = 279168
07-27 04:54:54.264  3408  4089 I Sensors : Int.Gyro old sensor_state 17024, new sensor_state : 33571456 en : 1
07-27 04:54:54.264  3408  4089 E Sensors : Int.GyroSensor write failed. ret = -1, sensor_state = 33571456
07-27 04:54:54.264  3408  4089 I Sensors : getName:gyro_sensor name = K6DS3TR.
07-27 04:54:54.264  3408  4089 I Sensors : HrmSpO2Sensor:: part type = 12.
07-27 04:54:54.264  3408  4089 D Sensors : HrmSpO2Sensor::type:12, prox threshold:10000
07-27 04:54:54.264  3408  4089 D Sensors : HrmSpO2Sensor::handle:0 ,en:1
07-27 04:54:54.264  3408  4089 E Sensors : HrmSpO2Sensor::Error MAXIM Flicker Library...handle=0x0
07-27 04:54:54.264  3408  4089 D Sensors : HrmSpO2Sensor::HrmSpO2Sensor: Shared version Registered
07-27 04:54:54.264  3408  4089 D Sensors : HrmLedSensor enable: mEnabled 0, handle 20, en 1
07-27 04:54:54.264  3408  4089 D Sensors : HRMSensor led enabled:1, en:1
07-27 04:54:54.269  3408  4089 I Sensors : getVendor:hrm_sensor vendor = MAXIM.
07-27 04:54:54.269  3408  4089 I Sensors : HrmLedSensor: HrmLedSensor vendor = MAXIM.
07-27 04:54:54.269  3408  4089 D Sensors : HRMSensor_LED::libhr open start!! 
07-27 04:54:54.269  3408  4089 E Sensors : HRMSensor_LED::libhr open failed 
07-27 04:54:54.269  3408  4089 E Sensors : GripSensor: enable
07-27 04:54:54.300  3408  4089 I Sensors : Proximity old sensor_state 17024, new sensor_state : 16896 en : 0
07-27 04:54:54.300  3408  4089 I Sensors : Light old sensor_state 16896, new sensor_state : 16384 en : 0
07-27 04:54:54.300  3408  4089 I Sensors : SigMotionSensor old sensor_state 16384, new sensor_state : 0 en : 0
07-27 04:54:54.300  3408  4089 E Sensors : GripSensor: enable
07-27 04:54:54.301  3408  4089 D Sensors : HrmSpO2Sensor::handle:19 ,en:0
07-27 04:54:54.301  3408  4089 D Sensors : HrmSpO2Sensor::isEnabled:0 ,en:0, mEn:0
07-27 04:54:54.301  3408  4089 D Sensors : HrmSpO2Sensor::handle:28 ,en:0
07-27 04:54:54.301  3408  4089 D Sensors : HrmSpO2Sensor::isEnabled:0 ,en:0, mEn:0
07-27 04:54:54.301  3408  4089 D Sensors : HrmLedSensor enable: mEnabled 1, handle 20, en 0
07-27 04:54:54.301  3408  4089 D Sensors : HRMSensor_LED::enable 
07-27 04:54:54.301  3408  4089 D Sensors : HRMSensor led enabled:0, en:0
07-27 04:54:54.302  3408  4089 D Sensors : HrmLedSensor enable: mEnabled 0, handle 21, en 0
07-27 04:54:54.302  3408  4089 D Sensors : HrmLedSensor isEnabled:0 ,en:0
07-27 04:54:54.302  3408  4089 D Sensors : HrmSpO2Sensor::handle:18 ,en:0
07-27 04:54:54.302  3408  4089 D Sensors : HrmSpO2Sensor::isEnabled:0 ,en:0, mEn:0
07-27 04:54:54.302  3408  4089 I         : System server: sensor init done.
07-27 04:54:54.303  3408  4090 D SensorService: new thread SensorEventAckReceiver
07-27 04:54:54.303  3408  4091 D SensorService: nuSensorService thread starting...
07-27 04:54:54.312  3408  3408 I UsageStatsService: User[0] Flushing usage stats to disk
07-27 04:54:54.355  3408  3408 I SystemServiceManager: Starting com.android.server.webkit.WebViewUpdateService
07-27 04:54:54.357  3408  3408 I SystemServer: Reading configuration...
07-27 04:54:54.357  3408  3408 I SystemServer: Scheduling Policy
07-27 04:54:54.357  3408  3408 I SystemServiceManager: Starting com.android.server.telecom.TelecomLoaderService
07-27 04:54:54.359  3408  3408 I SystemServer: Telephony Registry
07-27 04:54:54.368  3408  3408 I SystemServer: Entropy Mixer
07-27 04:54:54.369  3408  3408 W EntropyMixer: No existing entropy file -- first boot?
07-27 04:54:54.388  3408  3408 I EntropyMixer: Added HW RNG output to entropy pool
07-27 04:54:54.388  3408  3408 I EntropyMixer: Writing entropy...
07-27 04:54:54.396  3408  3408 I SystemServer: Camera Service
07-27 04:54:54.396  3408  3408 I SystemServiceManager: Starting com.android.server.camera.CameraService
07-27 04:54:54.398  3408  4092 I ServiceThread: Enabled StrictMode logging for CameraService_proxy looper.
07-27 04:54:54.398  3408  3408 I SystemServer: Account Manager
07-27 04:54:54.413  3408  3408 I SystemServer: Content Manager
07-27 04:54:54.417  3408  3408 I SystemServer: System Content Providers
07-27 04:54:54.421  3408  3408 W System  : ClassLoader referenced unknown path: /system/priv-app/CMSettingsProvider/lib/arm64
07-27 04:54:54.450  3408  3408 D ActivityThread: Loading provider settings: com.android.providers.settings.SettingsProvider
07-27 04:54:54.453  3408  3408 W System  : ClassLoader referenced unknown path: /system/priv-app/SettingsProvider/lib/arm64
07-27 04:54:54.505  3408  3408 W SettingsProvider: Invalid ro.telephony.default_network: 
07-27 04:54:54.536  3408  3408 D SettingsProvider: Generated and saved new ANDROID_ID [1b1a3b6581958e32] for user 0
07-27 04:54:54.572  3408  3408 I SystemServer: Vibrator Service
07-27 04:54:54.576  3408  3408 I SystemServer: Consumer IR Service
07-27 04:54:54.577  3408  3408 E ConsumerIrService: Can't open consumer IR HW Module, error: -2
07-27 04:54:54.577  3408  3408 E System  : ******************************************
07-27 04:54:54.578  3408  3408 E System  : ************ Failure starting core service
07-27 04:54:54.578  3408  3408 E System  : java.lang.RuntimeException: FEATURE_CONSUMER_IR present, but no IR HAL loaded!
07-27 04:54:54.578  3408  3408 E System  : 	at com.android.server.ConsumerIrService.<init>(ConsumerIrService.java:51)
07-27 04:54:54.578  3408  3408 E System  : 	at com.android.server.SystemServer.startOtherServices(SystemServer.java:508)
07-27 04:54:54.578  3408  3408 E System  : 	at com.android.server.SystemServer.run(SystemServer.java:290)
07-27 04:54:54.578  3408  3408 E System  : 	at com.android.server.SystemServer.main(SystemServer.java:175)
