12-18 05:21:39.116  5482  5498 D mali_winsys: EGLint new_window_surface(egl_winsys_display*, void*, EGLSurface, EGLConfig, egl_winsys_surface**, egl_color_buffer_format*, EGLBoolean) returns 0x3000,  [1440x2560]-format:1
12-18 05:21:39.130  5482  5482 E DialtactsActivity: Somehow our CallMethod is Null. This should never happen.
12-18 05:21:39.130  5482  5482 E DialtactsActivity: java.lang.Exception
12-18 05:21:39.130  5482  5482 E DialtactsActivity: 	at com.android.dialer.DialtactsActivity.onCallMethodChangedListener(DialtactsActivity.java:307)
12-18 05:21:39.130  5482  5482 E DialtactsActivity: 	at com.android.dialer.incall.CallMethodSpinnerHelper.updateCallMethodUI(CallMethodSpinnerHelper.java:139)
12-18 05:21:39.130  5482  5482 E DialtactsActivity: 	at com.android.dialer.incall.CallMethodSpinnerHelper.updateCallMethodUI(CallMethodSpinnerHelper.java:88)
12-18 05:21:39.130  5482  5482 E DialtactsActivity: 	at com.android.dialer.widget.SearchEditTextLayout.updateSpinner(SearchEditTextLayout.java:366)
12-18 05:21:39.130  5482  5482 E DialtactsActivity: 	at com.android.dialer.DialtactsActivity.providersUpdated(DialtactsActivity.java:386)
12-18 05:21:39.130  5482  5482 E DialtactsActivity: 	at com.android.dialer.DialtactsActivity.-wrap5(DialtactsActivity.java)
12-18 05:21:39.130  5482  5482 E DialtactsActivity: 	at com.android.dialer.DialtactsActivity$3.onChanged(DialtactsActivity.java:299)
12-18 05:21:39.130  5482  5482 E DialtactsActivity: 	at com.android.phone.common.ambient.AmbientDataSubscription$2.run(AmbientDataSubscription.java:210)
12-18 05:21:39.130  5482  5482 E DialtactsActivity: 	at android.os.Handler.handleCallback(Handler.java:739)
12-18 05:21:39.130  5482  5482 E DialtactsActivity: 	at android.os.Handler.dispatchMessage(Handler.java:95)
12-18 05:21:39.130  5482  5482 E DialtactsActivity: 	at android.os.Looper.loop(Looper.java:148)
12-18 05:21:39.130  5482  5482 E DialtactsActivity: 	at android.app.ActivityThread.main(ActivityThread.java:5461)
12-18 05:21:39.130  5482  5482 E DialtactsActivity: 	at java.lang.reflect.Method.invoke(Native Method)
12-18 05:21:39.130  5482  5482 E DialtactsActivity: 	at com.android.internal.os.ZygoteInit$MethodAndArgsCaller.run(ZygoteInit.java:726)
12-18 05:21:39.130  5482  5482 E DialtactsActivity: 	at com.android.internal.os.ZygoteInit.main(ZygoteInit.java:616)
12-18 05:21:39.285  3416  3435 I ActivityManager: Displayed com.android.dialer/.DialtactsActivity: +421ms
12-18 05:21:40.128  4236  4316 V audio_hw_primary: out_set_parameters: key value pairs: routing=2
12-18 05:21:40.165  4236  4316 D AudioFlinger: mixer(0xf3000000) throttle end: throttle time(4)
12-18 05:21:40.221  5482  5482 D DialpadFragment: Displaying normal Dialer UI.
12-18 05:21:40.224  5482  5482 D DialpadFragment: Displaying normal Dialer UI.
12-18 05:21:40.233  5482  5482 E DialtactsActivity: Somehow our CallMethod is Null. This should never happen.
12-18 05:21:40.233  5482  5482 E DialtactsActivity: java.lang.Exception
12-18 05:21:40.233  5482  5482 E DialtactsActivity: 	at com.android.dialer.DialtactsActivity.onCallMethodChangedListener(DialtactsActivity.java:307)
12-18 05:21:40.233  5482  5482 E DialtactsActivity: 	at com.android.dialer.incall.CallMethodSpinnerHelper.updateCallMethodUI(CallMethodSpinnerHelper.java:139)
12-18 05:21:40.233  5482  5482 E DialtactsActivity: 	at com.android.dialer.dialpad.DialpadFragment.updateSpinner(DialpadFragment.java:519)
12-18 05:21:40.233  5482  5482 E DialtactsActivity: 	at com.android.dialer.dialpad.DialpadFragment.providersUpdated(DialpadFragment.java:486)
12-18 05:21:40.233  5482  5482 E DialtactsActivity: 	at com.android.dialer.DialtactsActivity.onDialpadShown(DialtactsActivity.java:1051)
12-18 05:21:40.233  5482  5482 E DialtactsActivity: 	at com.android.dialer.dialpad.DialpadFragment.onHiddenChanged(DialpadFragment.java:1837)
12-18 05:21:40.233  5482  5482 E DialtactsActivity: 	at com.android.dialer.dialpad.DialpadFragment.onResume(DialpadFragment.java:796)
12-18 05:21:40.233  5482  5482 E DialtactsActivity: 	at android.app.Fragment.performResume(Fragment.java:2263)
12-18 05:21:40.233  5482  5482 E DialtactsActivity: 	at android.app.FragmentManagerImpl.moveToState(FragmentManager.java:1008)
12-18 05:21:40.233  5482  5482 E DialtactsActivity: 	at android.app.FragmentManagerImpl.moveToState(FragmentManager.java:1148)
12-18 05:21:40.233  5482  5482 E DialtactsActivity: 	at android.app.BackStackRecord.run(BackStackRecord.java:793)
12-18 05:21:40.233  5482  5482 E DialtactsActivity: 	at android.app.FragmentManagerImpl.execPendingActions(FragmentManager.java:1535)
12-18 05:21:40.233  5482  5482 E DialtactsActivity: 	at android.app.FragmentManagerImpl$1.run(FragmentManager.java:482)
12-18 05:21:40.233  5482  5482 E DialtactsActivity: 	at android.os.Handler.handleCallback(Handler.java:739)
12-18 05:21:40.233  5482  5482 E DialtactsActivity: 	at android.os.Handler.dispatchMessage(Handler.java:95)
12-18 05:21:40.233  5482  5482 E DialtactsActivity: 	at android.os.Looper.loop(Looper.java:148)
12-18 05:21:40.233  5482  5482 E DialtactsActivity: 	at android.app.ActivityThread.main(ActivityThread.java:5461)
12-18 05:21:40.233  5482  5482 E DialtactsActivity: 	at java.lang.reflect.Method.invoke(Native Method)
12-18 05:21:40.233  5482  5482 E DialtactsActivity: 	at com.android.internal.os.ZygoteInit$MethodAndArgsCaller.run(ZygoteInit.java:726)
12-18 05:21:40.233  5482  5482 E DialtactsActivity: 	at com.android.internal.os.ZygoteInit.main(ZygoteInit.java:616)
12-18 05:21:41.168  4236  4316 V audio_hw_primary: out_set_parameters: key value pairs: routing=2
12-18 05:21:41.204  4236  4316 D AudioFlinger: mixer(0xf3000000) throttle end: throttle time(4)
12-18 05:21:41.457  4236  4316 V audio_hw_primary: out_set_parameters: key value pairs: routing=2
12-18 05:21:41.740  4236  4316 V audio_hw_primary: out_set_parameters: key value pairs: routing=2
12-18 05:21:41.978  4236  4316 V audio_hw_primary: out_set_parameters: key value pairs: routing=2
12-18 05:21:42.261  4236  4316 V audio_hw_primary: out_set_parameters: key value pairs: routing=2
12-18 05:21:42.282  5482  5482 V ConfigResourceUtil: resourceName = config_enable_display_14digit_imei resourceId = 2130837507resourceValue = false
12-18 05:21:42.312  5482  5482 E SpannableStringBuilder: SPAN_EXCLUSIVE_EXCLUSIVE spans cannot have a zero length
12-18 05:21:42.313  5482  5482 E SpannableStringBuilder: SPAN_EXCLUSIVE_EXCLUSIVE spans cannot have a zero length
12-18 05:21:42.340  5482  5498 D mali_winsys: EGLint new_window_surface(egl_winsys_display*, void*, EGLSurface, EGLConfig, egl_winsys_surface**, egl_color_buffer_format*, EGLBoolean) returns 0x3000,  [1536x979]-format:1
12-18 05:21:43.456  4236  4316 V audio_hw_primary: out_set_parameters: key value pairs: routing=2
12-18 05:21:43.479  3416  3709 W InputMethodManagerService: Window already focused, ignoring focus gain of: com.android.internal.view.IInputMethodClient$Stub$Proxy@e779802 attribute=null, token = android.os.BinderProxy@dc01add
12-18 05:21:43.952  3416  3486 D WifiConfigStore: Retrieve network priorities after PNO.
12-18 05:21:46.600  4236  4316 V audio_hw_primary: do_out_standby: output standby: 0
12-18 05:21:58.962  3416  3486 D WifiConfigStore: Retrieve network priorities after PNO.
12-18 05:22:13.972  3416  3486 D WifiConfigStore: Retrieve network priorities after PNO.
12-18 05:22:28.982  3416  3486 D WifiConfigStore: Retrieve network priorities after PNO.
12-18 05:22:38.209  5587  5587 I rild    : type=1400 audit(0.0:236): avc: denied { read } for name="sda8" dev="tmpfs" ino=2496 scontext=u:r:rild:s0 tcontext=u:object_r:block_device:s0 tclass=blk_file permissive=1
12-18 05:22:38.209  5587  5587 I rild    : type=1400 audit(0.0:236): avc: denied { open } for path="/dev/block/sda8" dev="tmpfs" ino=2496 scontext=u:r:rild:s0 tcontext=u:object_r:block_device:s0 tclass=blk_file permissive=1
12-18 05:22:38.209  5587  5587 W rild    : type=1300 audit(0.0:236): arch=c00000b7 syscall=56 success=yes exit=11 a0=ffffff9c a1=7faafc2174 a2=0 a3=0 items=0 ppid=1 auid=4294967295 uid=1001 gid=1001 euid=1001 suid=1001 fsuid=1001 egid=1001 sgid=1001 fsgid=1001 tty=(none) ses=4294967295 exe="/system/bin/rild" subj=u:r:rild:s0 key=(null)
12-18 05:22:38.209  2932  2932 W auditd  : type=1327 audit(0.0:236): proctitle="/system/bin/rild"
12-18 05:22:38.209  2932  2932 W auditd  : type=1320 audit(0.0:236): 
12-18 05:22:43.398  3416  3437 I PowerManagerService: Going to sleep due to screen timeout (uid 1000)...
12-18 05:22:43.400  3416  3437 I PowerManagerService: Sleeping (uid 1000)...
12-18 05:22:43.412  3416  3437 D mali_winsys: EGLint new_window_surface(egl_winsys_display*, void*, EGLSurface, EGLConfig, egl_winsys_surface**, egl_color_buffer_format*, EGLBoolean) returns 0x3000,  [1440x2560]-format:1
12-18 05:22:43.548  5482  5482 W Settings: Setting airplane_mode_on has moved from android.provider.Settings.System to android.provider.Settings.Global, returning read-only value.
12-18 05:22:43.992  3416  3486 D WifiConfigStore: Retrieve network priorities after PNO.
12-18 05:22:43.993  3416  3437 I Sensors : Acc old sensor_state 1, new sensor_state : 0 en : 0
12-18 05:22:43.994  3416  3437 V KeyguardServiceDelegate: onScreenTurnedOff()
12-18 05:22:44.008  2994  2994 D SurfaceFlinger: Set power mode=0, type=0 flinger=0x7fb6203c00
12-18 05:22:44.008  3416  3435 I DisplayManagerService: Display device changed state: "Built-in Screen", OFF
12-18 05:22:44.192  3416  3553 D SurfaceControl: Excessive delay in setPowerMode(): 185ms
12-18 05:22:44.197  4236  4499 E bt_a2dp_hw: adev_set_parameters: ERROR: set param called even when stream out is null
12-18 05:22:44.205  3416  3486 E native  : do suspend true
12-18 05:22:45.400  3416  3437 W PowerManagerService: Sandman unresponsive, releasing suspend blocker
12-18 05:22:48.633  3714  3714 D PhoneStatusBar: disable: < expand ICONS* alerts SYSTEM_INFO* back home recent clock search quick_settings >
12-18 05:22:48.764  3714  4117 D mali_winsys: EGLint new_window_surface(egl_winsys_display*, void*, EGLSurface, EGLConfig, egl_winsys_surface**, egl_color_buffer_format*, EGLBoolean) returns 0x3000,  [1440x2560]-format:1
12-18 05:22:48.805  3714  4117 D mali_winsys: EGLint new_window_surface(egl_winsys_display*, void*, EGLSurface, EGLConfig, egl_winsys_surface**, egl_color_buffer_format*, EGLBoolean) returns 0x3000,  [1520x416]-format:1
12-18 05:22:48.813  3714  3714 D PhoneStatusBar: disable: < expand ICONS alerts SYSTEM_INFO back HOME* RECENT* clock SEARCH* quick_settings >
12-18 05:22:49.294  4236  4321 I FFmpegExtractor: android-source:0xf67a05e0
12-18 05:22:49.304  4236  4321 I FFMPEG  : [mp3 @ 0xf076f000] Skipping 0 bytes of junk at 8736.
12-18 05:22:49.305  4236  4321 D FFmpegExtractor: suppoted codec(mp3) by official Stagefright
12-18 05:22:49.305  4236  4321 D FFmpegExtractor: ffmpeg detected media content as 'audio/mpeg' with confidence 0.08
12-18 05:22:49.346  4236  4319 I FFmpegExtractor: android-source:0xf2702410
12-18 05:22:49.367  4236  4319 I FFMPEG  : [mp3 @ 0xf1265c00] Skipping 0 bytes of junk at 12714.
12-18 05:22:49.367  4236  4319 D FFmpegExtractor: suppoted codec(mp3) by official Stagefright
12-18 05:22:49.368  4236  4319 D FFmpegExtractor: ffmpeg detected media content as 'audio/mpeg' with confidence 0.08
12-18 05:22:49.412  4236  4506 I FFmpegExtractor: android-source:0xf67a09f0
12-18 05:22:49.425  4236  4506 I FFMPEG  : [mp3 @ 0xf0ecdc00] Skipping 0 bytes of junk at 5001.
12-18 05:22:49.425  4236  4506 D FFmpegExtractor: suppoted codec(mp3) by official Stagefright
12-18 05:22:49.426  4236  4506 D FFmpegExtractor: ffmpeg detected media content as 'audio/mpeg' with confidence 0.08
12-18 05:22:49.468  4236  4321 I FFmpegExtractor: android-source:0xf67a05e0
12-18 05:22:49.478  4236  4321 I FFMPEG  : [mp3 @ 0xf076f000] Skipping 0 bytes of junk at 7765.
12-18 05:22:49.478  4236  4321 D FFmpegExtractor: suppoted codec(mp3) by official Stagefright
12-18 05:22:49.479  4236  4321 D FFmpegExtractor: ffmpeg detected media content as 'audio/mpeg' with confidence 0.08
12-18 05:22:49.517  4236  4319 I FFmpegExtractor: android-source:0xf2702410
12-18 05:22:49.528  4236  4319 I FFMPEG  : [mp3 @ 0xf1265c00] Skipping 0 bytes of junk at 10565.
12-18 05:22:49.528  4236  4319 D FFmpegExtractor: suppoted codec(mp3) by official Stagefright
12-18 05:22:49.528  4236  4319 D FFmpegExtractor: ffmpeg detected media content as 'audio/mpeg' with confidence 0.08
12-18 05:22:49.565  4236  4506 I FFmpegExtractor: android-source:0xf67a09f0
12-18 05:22:49.569  4236  4506 I FFMPEG  : [mp3 @ 0xf0ecdc00] Skipping 0 bytes of junk at 661.
12-18 05:22:49.570  4236  4506 D FFmpegExtractor: suppoted codec(mp3) by official Stagefright
12-18 05:22:49.570  4236  4506 D FFmpegExtractor: ffmpeg detected media content as 'audio/mpeg' with confidence 0.08
12-18 05:22:49.603  4236  4321 I FFmpegExtractor: android-source:0xf67a05e0
12-18 05:22:49.608  4236  4321 I FFMPEG  : [mp3 @ 0xf076f000] Skipping 0 bytes of junk at 661.
12-18 05:22:49.608  4236  4321 D FFmpegExtractor: suppoted codec(mp3) by official Stagefright
12-18 05:22:49.608  4236  4321 D FFmpegExtractor: ffmpeg detected media content as 'audio/mpeg' with confidence 0.08
12-18 05:22:49.643  4236  4319 I FFmpegExtractor: android-source:0xf2702410
12-18 05:22:49.652  4236  4319 I FFMPEG  : [mp3 @ 0xf1265c00] Skipping 0 bytes of junk at 8675.
12-18 05:22:49.652  4236  4319 D FFmpegExtractor: suppoted codec(mp3) by official Stagefright
12-18 05:22:49.652  4236  4319 D FFmpegExtractor: ffmpeg detected media content as 'audio/mpeg' with confidence 0.08
12-18 05:22:49.687  4236  4506 I FFmpegExtractor: android-source:0xf67a09f0
12-18 05:22:49.704  4236  4506 I FFMPEG  : [mp3 @ 0xf0ecdc00] Skipping 0 bytes of junk at 13845.
12-18 05:22:49.704  4236  4506 D FFmpegExtractor: suppoted codec(mp3) by official Stagefright
12-18 05:22:49.704  4236  4506 D FFmpegExtractor: ffmpeg detected media content as 'audio/mpeg' with confidence 0.08
12-18 05:22:49.742  4236  4321 I FFmpegExtractor: android-source:0xf67a05e0
12-18 05:22:49.755  4236  4321 I FFMPEG  : [mp3 @ 0xf076f000] Skipping 0 bytes of junk at 9978.
12-18 05:22:49.755  4236  4321 D FFmpegExtractor: suppoted codec(mp3) by official Stagefright
12-18 05:22:49.755  4236  4321 D FFmpegExtractor: ffmpeg detected media content as 'audio/mpeg' with confidence 0.08
12-18 05:22:49.799  4236  4319 I FFmpegExtractor: android-source:0xf2702410
12-18 05:22:49.816  4236  4319 I FFMPEG  : [mp3 @ 0xf1265c00] Skipping 0 bytes of junk at 12522.
12-18 05:22:49.816  4236  4319 D FFmpegExtractor: suppoted codec(mp3) by official Stagefright
12-18 05:22:49.816  4236  4319 D FFmpegExtractor: ffmpeg detected media content as 'audio/mpeg' with confidence 0.08
12-18 05:22:49.853  4236  4506 I FFmpegExtractor: android-source:0xf67a09f0
12-18 05:22:49.887  4236  4506 I FFMPEG  : [mp3 @ 0xf0ecdc00] Skipping 0 bytes of junk at 35796.
12-18 05:22:49.887  4236  4506 D FFmpegExtractor: suppoted codec(mp3) by official Stagefright
12-18 05:22:49.887  4236  4506 D FFmpegExtractor: ffmpeg detected media content as 'audio/mpeg' with confidence 0.08
12-18 05:22:49.902  4236  4321 I FFmpegExtractor: android-source:0xf67a05e0
12-18 05:22:49.905  4236  4321 I FFMPEG  : [mp3 @ 0xf076f000] Skipping 0 bytes of junk at 6783.
12-18 05:22:49.906  4236  4321 D FFmpegExtractor: suppoted codec(mp3) by official Stagefright
12-18 05:22:49.906  4236  4321 D FFmpegExtractor: ffmpeg detected media content as 'audio/mpeg' with confidence 0.08
12-18 05:22:49.917  4236  4319 I FFmpegExtractor: android-source:0xf2702410
12-18 05:22:49.919  4236  4319 I FFMPEG  : [mp3 @ 0xf1265c00] Skipping 0 bytes of junk at 661.
12-18 05:22:49.920  4236  4319 D FFmpegExtractor: suppoted codec(mp3) by official Stagefright
12-18 05:22:49.920  4236  4319 D FFmpegExtractor: ffmpeg detected media content as 'audio/mpeg' with confidence 0.08
12-18 05:22:49.933  4236  4506 I FFmpegExtractor: android-source:0xf67a09f0
12-18 05:22:49.936  4236  4506 I FFMPEG  : [mp3 @ 0xf0ecdc00] Skipping 0 bytes of junk at 8311.
12-18 05:22:49.936  4236  4506 D FFmpegExtractor: suppoted codec(mp3) by official Stagefright
12-18 05:22:49.936  4236  4506 D FFmpegExtractor: ffmpeg detected media content as 'audio/mpeg' with confidence 0.08
12-18 05:22:49.948  4236  4321 I FFmpegExtractor: android-source:0xf67a05e0
12-18 05:22:49.954  4236  4321 I FFMPEG  : [mp3 @ 0xf076f000] Skipping 0 bytes of junk at 14185.
12-18 05:22:49.954  4236  4321 D FFmpegExtractor: suppoted codec(mp3) by official Stagefright
12-18 05:22:49.954  4236  4321 D FFmpegExtractor: ffmpeg detected media content as 'audio/mpeg' with confidence 0.08
12-18 05:22:49.967  4236  4319 I FFmpegExtractor: android-source:0xf2702410
12-18 05:22:49.971  4236  4319 I FFMPEG  : [mp3 @ 0xf1265c00] Skipping 0 bytes of junk at 10060.
12-18 05:22:49.971  4236  4319 D FFmpegExtractor: suppoted codec(mp3) by official Stagefright
12-18 05:22:49.971  4236  4319 D FFmpegExtractor: ffmpeg detected media content as 'audio/mpeg' with confidence 0.08
12-18 05:22:49.984  4236  4506 I FFmpegExtractor: android-source:0xf67a09f0
12-18 05:22:49.987  4236  4506 I FFMPEG  : [mp3 @ 0xf0ecdc00] Skipping 0 bytes of junk at 661.
12-18 05:22:49.987  4236  4506 D FFmpegExtractor: suppoted codec(mp3) by official Stagefright
12-18 05:22:49.987  4236  4506 D FFmpegExtractor: ffmpeg detected media content as 'audio/mpeg' with confidence 0.08
12-18 05:22:50.001  4236  4321 I FFmpegExtractor: android-source:0xf67a05e0
12-18 05:22:50.006  4236  4321 I FFMPEG  : [mp3 @ 0xf076f000] Skipping 0 bytes of junk at 6481.
12-18 05:22:50.006  4236  4321 D FFmpegExtractor: suppoted codec(mp3) by official Stagefright
12-18 05:22:50.006  4236  4321 D FFmpegExtractor: ffmpeg detected media content as 'audio/mpeg' with confidence 0.08
12-18 05:22:50.020  4236  4319 I FFmpegExtractor: android-source:0xf2702410
12-18 05:22:50.028  4236  4319 I FFMPEG  : [mp3 @ 0xf1265c00] Skipping 0 bytes of junk at 16491.
12-18 05:22:50.028  4236  4319 D FFmpegExtractor: suppoted codec(mp3) by official Stagefright
12-18 05:22:50.028  4236  4319 D FFmpegExtractor: ffmpeg detected media content as 'audio/mpeg' with confidence 0.08
12-18 05:22:50.042  4236  4506 I FFmpegExtractor: android-source:0xf67a09f0
12-18 05:22:50.045  4236  4506 I FFMPEG  : [mp3 @ 0xf0ecdc00] Skipping 0 bytes of junk at 661.
12-18 05:22:50.045  4236  4506 D FFmpegExtractor: suppoted codec(mp3) by official Stagefright
12-18 05:22:50.045  4236  4506 D FFmpegExtractor: ffmpeg detected media content as 'audio/mpeg' with confidence 0.08
12-18 05:22:50.059  4236  4321 I FFmpegExtractor: android-source:0xf67a05e0
12-18 05:22:50.064  4236  4321 I FFMPEG  : [mp3 @ 0xf076f000] Skipping 0 bytes of junk at 6255.
12-18 05:22:50.064  4236  4321 D FFmpegExtractor: suppoted codec(mp3) by official Stagefright
12-18 05:22:50.065  4236  4321 D FFmpegExtractor: ffmpeg detected media content as 'audio/mpeg' with confidence 0.08
12-18 05:22:50.083  4236  4319 I FFmpegExtractor: android-source:0xf2702410
12-18 05:22:50.086  4236  4319 I FFMPEG  : [mp3 @ 0xf1265c00] Skipping 0 bytes of junk at 661.
12-18 05:22:50.086  4236  4319 D FFmpegExtractor: suppoted codec(mp3) by official Stagefright
12-18 05:22:50.086  4236  4319 D FFmpegExtractor: ffmpeg detected media content as 'audio/mpeg' with confidence 0.08
12-18 05:22:50.102  4236  4506 I FFmpegExtractor: android-source:0xf67a09f0
12-18 05:22:50.105  4236  4506 I FFMPEG  : [mp3 @ 0xf0ecdc00] Skipping 0 bytes of junk at 661.
12-18 05:22:50.105  4236  4506 D FFmpegExtractor: suppoted codec(mp3) by official Stagefright
12-18 05:22:50.105  4236  4506 D FFmpegExtractor: ffmpeg detected media content as 'audio/mpeg' with confidence 0.08
12-18 05:22:50.120  4236  4321 I FFmpegExtractor: android-source:0xf67a05e0
12-18 05:22:50.127  4236  4321 I FFMPEG  : [mp3 @ 0xf076f000] Skipping 0 bytes of junk at 9305.
12-18 05:22:50.127  4236  4321 D FFmpegExtractor: suppoted codec(mp3) by official Stagefright
12-18 05:22:50.127  4236  4321 D FFmpegExtractor: ffmpeg detected media content as 'audio/mpeg' with confidence 0.08
12-18 05:22:50.147  4236  4319 I FFmpegExtractor: android-source:0xf2702410
12-18 05:22:50.152  4236  4319 I FFMPEG  : [mp3 @ 0xf1265c00] Skipping 0 bytes of junk at 8914.
12-18 05:22:50.152  4236  4319 D FFmpegExtractor: suppoted codec(mp3) by official Stagefright
12-18 05:22:50.152  4236  4319 D FFmpegExtractor: ffmpeg detected media content as 'audio/mpeg' with confidence 0.08
12-18 05:22:50.171  4236  4506 I FFmpegExtractor: android-source:0xf67a09f0
12-18 05:22:50.180  4236  4506 I FFMPEG  : [mp3 @ 0xf0ecdc00] Skipping 0 bytes of junk at 11329.
12-18 05:22:50.181  4236  4506 D FFmpegExtractor: suppoted codec(mp3) by official Stagefright
12-18 05:22:50.181  4236  4506 D FFmpegExtractor: ffmpeg detected media content as 'audio/mpeg' with confidence 0.08
12-18 05:22:50.211  4236  4321 I FFmpegExtractor: android-source:0xf67a05e0
12-18 05:22:50.227  4236  4321 I FFMPEG  : [mp3 @ 0xf076f000] Skipping 0 bytes of junk at 19662.
12-18 05:22:50.227  4236  4321 D FFmpegExtractor: suppoted codec(mp3) by official Stagefright
12-18 05:22:50.227  4236  4321 D FFmpegExtractor: ffmpeg detected media content as 'audio/mpeg' with confidence 0.08
12-18 05:22:50.256  4236  4319 I FFmpegExtractor: android-source:0xf2702410
12-18 05:22:50.263  4236  4319 I FFMPEG  : [mp3 @ 0xf1265c00] Skipping 0 bytes of junk at 6938.
12-18 05:22:50.263  4236  4319 D FFmpegExtractor: suppoted codec(mp3) by official Stagefright
12-18 05:22:50.263  4236  4319 D FFmpegExtractor: ffmpeg detected media content as 'audio/mpeg' with confidence 0.08
12-18 05:22:50.287  4236  4506 I FFmpegExtractor: android-source:0xf67a09f0
12-18 05:22:50.295  4236  4506 I FFMPEG  : [mp3 @ 0xf0ecdc00] Skipping 0 bytes of junk at 12120.
12-18 05:22:50.295  4236  4506 D FFmpegExtractor: suppoted codec(mp3) by official Stagefright
12-18 05:22:50.296  4236  4506 D FFmpegExtractor: ffmpeg detected media content as 'audio/mpeg' with confidence 0.08
12-18 05:22:50.321  4236  4321 I FFmpegExtractor: android-source:0xf67a05e0
12-18 05:22:50.327  4236  4321 I FFMPEG  : [mp3 @ 0xf076f000] Skipping 0 bytes of junk at 661.
12-18 05:22:50.327  4236  4321 D FFmpegExtractor: suppoted codec(mp3) by official Stagefright
12-18 05:22:50.327  4236  4321 D FFmpegExtractor: ffmpeg detected media content as 'audio/mpeg' with confidence 0.08
12-18 05:22:50.361  4236  4319 I FFmpegExtractor: android-source:0xf2702410
12-18 05:22:50.378  4236  4319 I FFMPEG  : [mp3 @ 0xf1265c00] Skipping 0 bytes of junk at 12288.
12-18 05:22:50.379  4236  4319 D FFmpegExtractor: suppoted codec(mp3) by official Stagefright
12-18 05:22:50.379  4236  4319 D FFmpegExtractor: ffmpeg detected media content as 'audio/mpeg' with confidence 0.08
12-18 05:22:50.411  4236  4506 I FFmpegExtractor: android-source:0xf67a09f0
12-18 05:22:50.420  4236  4506 I FFMPEG  : [mp3 @ 0xf0ecdc00] Skipping 0 bytes of junk at 9885.
12-18 05:22:50.421  4236  4506 D FFmpegExtractor: suppoted codec(mp3) by official Stagefright
12-18 05:22:50.421  4236  4506 D FFmpegExtractor: ffmpeg detected media content as 'audio/mpeg' with confidence 0.08
12-18 05:22:50.435  4236  4321 I FFmpegExtractor: android-source:0xf67a05e0
12-18 05:22:50.439  4236  4321 I FFMPEG  : [mp3 @ 0xf076f000] Skipping 0 bytes of junk at 10182.
12-18 05:22:50.439  4236  4321 D FFmpegExtractor: suppoted codec(mp3) by official Stagefright
12-18 05:22:50.439  4236  4321 D FFmpegExtractor: ffmpeg detected media content as 'audio/mpeg' with confidence 0.08
12-18 05:22:50.453  4236  4319 I FFmpegExtractor: android-source:0xf2702410
12-18 05:22:50.459  4236  4319 I FFMPEG  : [mp3 @ 0xf1265c00] Skipping 0 bytes of junk at 18282.
12-18 05:22:50.460  4236  4319 D FFmpegExtractor: suppoted codec(mp3) by official Stagefright
12-18 05:22:50.460  4236  4319 D FFmpegExtractor: ffmpeg detected media content as 'audio/mpeg' with confidence 0.08
12-18 05:22:50.472  4236  4506 I FFmpegExtractor: android-source:0xf67a09f0
12-18 05:22:50.475  4236  4506 I FFMPEG  : [mp3 @ 0xf0ecdc00] Skipping 0 bytes of junk at 937.
12-18 05:22:50.475  4236  4506 D FFmpegExtractor: suppoted codec(mp3) by official Stagefright
12-18 05:22:50.475  4236  4506 D FFmpegExtractor: ffmpeg detected media content as 'audio/mpeg' with confidence 0.08
12-18 05:22:50.487  4236  4321 I FFmpegExtractor: android-source:0xf67a05e0
12-18 05:22:50.491  4236  4321 I FFMPEG  : [mp3 @ 0xf076f000] Skipping 0 bytes of junk at 11516.
12-18 05:22:50.491  4236  4321 D FFmpegExtractor: suppoted codec(mp3) by official Stagefright
12-18 05:22:50.492  4236  4321 D FFmpegExtractor: ffmpeg detected media content as 'audio/mpeg' with confidence 0.08
12-18 05:22:50.504  4236  4319 I FFmpegExtractor: android-source:0xf2702410
12-18 05:22:50.508  4236  4319 I FFMPEG  : [mp3 @ 0xf1265c00] Skipping 0 bytes of junk at 7407.
12-18 05:22:50.508  4236  4319 D FFmpegExtractor: suppoted codec(mp3) by official Stagefright
12-18 05:22:50.508  4236  4319 D FFmpegExtractor: ffmpeg detected media content as 'audio/mpeg' with confidence 0.08
12-18 05:22:50.522  4236  4506 I FFmpegExtractor: android-source:0xf67a09f0
12-18 05:22:50.526  4236  4506 I FFMPEG  : [mp3 @ 0xf0ecdc00] Skipping 0 bytes of junk at 9476.
12-18 05:22:50.527  4236  4506 D FFmpegExtractor: suppoted codec(mp3) by official Stagefright
12-18 05:22:50.527  4236  4506 D FFmpegExtractor: ffmpeg detected media content as 'audio/mpeg' with confidence 0.08
12-18 05:22:50.538  4236  4321 I FFmpegExtractor: android-source:0xf67a05e0
12-18 05:22:50.542  4236  4321 I FFMPEG  : [mp3 @ 0xf076f000] Skipping 0 bytes of junk at 915.
12-18 05:22:50.542  4236  4321 D FFmpegExtractor: suppoted codec(mp3) by official Stagefright
12-18 05:22:50.542  4236  4321 D FFmpegExtractor: ffmpeg detected media content as 'audio/mpeg' with confidence 0.08
12-18 05:22:50.554  4236  4319 I FFmpegExtractor: android-source:0xf2702410
12-18 05:22:50.560  4236  4319 I FFMPEG  : [mp3 @ 0xf1265c00] Skipping 0 bytes of junk at 13969.
12-18 05:22:50.561  4236  4319 D FFmpegExtractor: suppoted codec(mp3) by official Stagefright
12-18 05:22:50.561  4236  4319 D FFmpegExtractor: ffmpeg detected media content as 'audio/mpeg' with confidence 0.08
12-18 05:22:50.573  4236  4506 I FFmpegExtractor: android-source:0xf67a09f0
12-18 05:22:50.575  4236  4506 I FFMPEG  : [mp3 @ 0xf0ecdc00] Skipping 0 bytes of junk at 661.
12-18 05:22:50.575  4236  4506 D FFmpegExtractor: suppoted codec(mp3) by official Stagefright
12-18 05:22:50.575  4236  4506 D FFmpegExtractor: ffmpeg detected media content as 'audio/mpeg' with confidence 0.08
12-18 05:22:50.587  4236  4321 I FFmpegExtractor: android-source:0xf67a05e0
12-18 05:22:50.590  4236  4321 I FFMPEG  : [mp3 @ 0xf076f000] Skipping 0 bytes of junk at 6043.
12-18 05:22:50.591  4236  4321 D FFmpegExtractor: suppoted codec(mp3) by official Stagefright
12-18 05:22:50.591  4236  4321 D FFmpegExtractor: ffmpeg detected media content as 'audio/mpeg' with confidence 0.08
12-18 05:22:50.603  4236  4319 I FFmpegExtractor: android-source:0xf2702410
12-18 05:22:50.606  4236  4319 I FFMPEG  : [mp3 @ 0xf1265c00] Skipping 0 bytes of junk at 1024.
12-18 05:22:50.606  4236  4319 D FFmpegExtractor: suppoted codec(mp3) by official Stagefright
12-18 05:22:50.606  4236  4319 D FFmpegExtractor: ffmpeg detected media content as 'audio/mpeg' with confidence 0.08
12-18 05:22:50.617  4236  4506 I FFmpegExtractor: android-source:0xf67a09f0
12-18 05:22:50.621  4236  4506 I FFMPEG  : [mp3 @ 0xf0ecdc00] Skipping 0 bytes of junk at 6043.
12-18 05:22:50.621  4236  4506 D FFmpegExtractor: suppoted codec(mp3) by official Stagefright
12-18 05:22:50.622  4236  4506 D FFmpegExtractor: ffmpeg detected media content as 'audio/mpeg' with confidence 0.08
12-18 05:22:50.633  4236  4321 I FFmpegExtractor: android-source:0xf67a05e0
12-18 05:22:50.639  4236  4321 I FFMPEG  : [mp3 @ 0xf076f000] Skipping 0 bytes of junk at 13467.
12-18 05:22:50.640  4236  4321 D FFmpegExtractor: suppoted codec(mp3) by official Stagefright
12-18 05:22:50.640  4236  4321 D FFmpegExtractor: ffmpeg detected media content as 'audio/mpeg' with confidence 0.08
12-18 05:22:50.653  4236  4319 I FFmpegExtractor: android-source:0xf2702410
12-18 05:22:50.657  4236  4319 I FFMPEG  : [mp3 @ 0xf1265c00] Skipping 0 bytes of junk at 6476.
12-18 05:22:50.657  4236  4319 D FFmpegExtractor: suppoted codec(mp3) by official Stagefright
12-18 05:22:50.657  4236  4319 D FFmpegExtractor: ffmpeg detected media content as 'audio/mpeg' with confidence 0.08
12-18 05:22:50.669  4236  4506 I FFmpegExtractor: android-source:0xf67a09f0
12-18 05:22:50.673  4236  4506 I FFMPEG  : [mp3 @ 0xf0ecdc00] Skipping 0 bytes of junk at 5377.
12-18 05:22:50.673  4236  4506 D FFmpegExtractor: suppoted codec(mp3) by official Stagefright
12-18 05:22:50.673  4236  4506 D FFmpegExtractor: ffmpeg detected media content as 'audio/mpeg' with confidence 0.08
12-18 05:22:50.687  4236  4321 I FFmpegExtractor: android-source:0xf67a05e0
12-18 05:22:50.690  4236  4321 I FFMPEG  : [mp3 @ 0xf076f000] Skipping 0 bytes of junk at 913.
12-18 05:22:50.690  4236  4321 D FFmpegExtractor: suppoted codec(mp3) by official Stagefright
12-18 05:22:50.690  4236  4321 D FFmpegExtractor: ffmpeg detected media content as 'audio/mpeg' with confidence 0.08
12-18 05:22:50.702  4236  4319 I FFmpegExtractor: android-source:0xf2702410
12-18 05:22:50.706  4236  4319 I FFMPEG  : [mp3 @ 0xf1265c00] Skipping 0 bytes of junk at 6999.
12-18 05:22:50.706  4236  4319 D FFmpegExtractor: suppoted codec(mp3) by official Stagefright
12-18 05:22:50.706  4236  4319 D FFmpegExtractor: ffmpeg detected media content as 'audio/mpeg' with confidence 0.08
12-18 05:22:50.719  4236  4506 I FFmpegExtractor: android-source:0xf67a09f0
12-18 05:22:50.726  4236  4506 I FFMPEG  : [mp3 @ 0xf0ecdc00] Skipping 0 bytes of junk at 17152.
12-18 05:22:50.726  4236  4506 D FFmpegExtractor: suppoted codec(mp3) by official Stagefright
12-18 05:22:50.726  4236  4506 D FFmpegExtractor: ffmpeg detected media content as 'audio/mpeg' with confidence 0.08
12-18 05:22:50.741  4236  4321 I FFmpegExtractor: android-source:0xf67a05e0
12-18 05:22:50.749  4236  4321 I FFMPEG  : [mp3 @ 0xf076f000] Skipping 0 bytes of junk at 13066.
12-18 05:22:50.749  4236  4321 D FFmpegExtractor: suppoted codec(mp3) by official Stagefright
12-18 05:22:50.749  4236  4321 D FFmpegExtractor: ffmpeg detected media content as 'audio/mpeg' with confidence 0.08
12-18 05:22:50.834  4137  4940 W ExifInterface: Skip the tag entry since tag number is not defined: 2
12-18 05:22:50.843  4137  4940 W ExifInterface: Skip the tag entry since tag number is not defined: 2
12-18 05:22:50.851  4137  4940 W ExifInterface: Skip the tag entry since tag number is not defined: 2
12-18 05:22:50.859  4137  4940 W ExifInterface: Skip the tag entry since tag number is not defined: 2
12-18 05:22:50.867  4137  4940 W ExifInterface: Skip the tag entry since tag number is not defined: 2
12-18 05:22:50.881  4137  4940 W ExifInterface: Skip the tag entry since tag number is not defined: 2
12-18 05:22:50.890  4137  4940 W ExifInterface: Skip the tag entry since tag number is not defined: 2
12-18 05:22:50.900  4137  4940 W ExifInterface: Skip the tag entry since tag number is not defined: 2
12-18 05:22:50.910  4137  4940 W ExifInterface: Skip the tag entry since tag number is not defined: 2
12-18 05:22:50.920  4137  4940 W ExifInterface: Skip the tag entry since tag number is not defined: 2
12-18 05:22:50.930  4137  4940 W ExifInterface: Skip the tag entry since tag number is not defined: 2
12-18 05:22:50.941  4137  4940 W ExifInterface: Skip the tag entry since tag number is not defined: 2
12-18 05:22:50.952  4137  4940 W ExifInterface: Skip the tag entry since tag number is not defined: 2
12-18 05:22:50.962  4137  4940 W ExifInterface: Skip the tag entry since tag number is not defined: 2
12-18 05:22:51.023  3416  3486 D WifiConfigStore: Retrieve network priorities after PNO.
12-18 05:22:51.026  3416  3607 I MediaFocusControl:  AudioFocus  abandonAudioFocus() from android.media.AudioManager@f2be043com.cyanogenmod.eleven.MusicPlaybackService$3@ad516c0
12-18 05:22:51.071  3416  4070 I MediaFocusControl:  AudioFocus  abandonAudioFocus() from android.media.AudioManager@f2be043com.cyanogenmod.eleven.MusicPlaybackService$3@ad516c0
12-18 05:22:51.200  4236  4497 I FFmpegExtractor: android-source:0xf67a0180
12-18 05:22:51.217  4236  4497 I FFMPEG  : [mp3 @ 0xf0772600] Skipping 0 bytes of junk at 13485.
12-18 05:22:51.218  4236  4497 D FFmpegExtractor: suppoted codec(mp3) by official Stagefright
12-18 05:22:51.218  4236  4497 D FFmpegExtractor: ffmpeg detected media content as 'audio/mpeg' with confidence 0.08
12-18 05:22:51.252  4236  4499 I FFmpegExtractor: android-source:0xf67a0fe0
12-18 05:22:51.265  4236  4499 I FFMPEG  : [mp3 @ 0xf0773200] Skipping 0 bytes of junk at 16030.
12-18 05:22:51.265  4236  4499 D FFmpegExtractor: suppoted codec(mp3) by official Stagefright
12-18 05:22:51.265  4236  4499 D FFmpegExtractor: ffmpeg detected media content as 'audio/mpeg' with confidence 0.08
12-18 05:22:51.305  4236  4320 I FFmpegExtractor: android-source:0xf27020a0
12-18 05:22:51.312  4236  4320 I FFMPEG  : [mp3 @ 0xf0fa9c00] Skipping 0 bytes of junk at 7761.
12-18 05:22:51.312  4236  4320 D FFmpegExtractor: suppoted codec(mp3) by official Stagefright
12-18 05:22:51.313  4236  4320 D FFmpegExtractor: ffmpeg detected media content as 'audio/mpeg' with confidence 0.08
12-18 05:22:51.349  4236  4497 I FFmpegExtractor: android-source:0xf67a0180
12-18 05:22:51.353  4236  4497 I FFMPEG  : [mp3 @ 0xf0772600] Skipping 0 bytes of junk at 32.
12-18 05:22:51.353  4236  4497 D FFmpegExtractor: suppoted codec(mp3) by official Stagefright
12-18 05:22:51.354  4236  4497 D FFmpegExtractor: ffmpeg detected media content as 'audio/mpeg' with confidence 0.08
12-18 05:22:51.416  4236  4499 I FFmpegExtractor: android-source:0xf67a0fe0
12-18 05:22:51.432  4236  4499 D FFmpegExtractor: suppoted codec(h264) by official Stagefright
12-18 05:22:51.433  4236  4499 D FFmpegExtractor: suppoted codec(aac) by official Stagefright
12-18 05:22:51.433  4236  4499 D FFmpegExtractor: ffmpeg detected media content as 'video/mp4' with confidence 0.08
12-18 05:22:52.413  4137  4940 W ExifInterface: Skip the tag entry since tag number is not defined: 2
12-18 05:22:52.429  4137  4940 W ExifInterface: Skip the tag entry since tag number is not defined: 2
12-18 05:22:52.445  4137  4940 W ExifInterface: Skip the tag entry since tag number is not defined: 2
12-18 05:22:52.461  4137  4940 W ExifInterface: Skip the tag entry since tag number is not defined: 2
12-18 05:22:52.476  4137  4940 W ExifInterface: Skip the tag entry since tag number is not defined: 2
12-18 05:22:52.491  4137  4940 W ExifInterface: Skip the tag entry since tag number is not defined: 2
12-18 05:22:52.506  4137  4940 W ExifInterface: Skip the tag entry since tag number is not defined: 2
12-18 05:22:52.522  4137  4940 W ExifInterface: Skip the tag entry since tag number is not defined: 2
12-18 05:22:52.539  4137  4940 W ExifInterface: Skip the tag entry since tag number is not defined: 2
12-18 05:22:52.558  4137  4940 W ExifInterface: Skip the tag entry since tag number is not defined: 2
12-18 05:22:52.747  4137  4940 W ExifInterface: Skip the tag entry since tag number is not defined: 2
12-18 05:22:52.765  4137  4940 W ExifInterface: Skip the tag entry since tag number is not defined: 2
12-18 05:22:52.782  4137  4940 W ExifInterface: Skip the tag entry since tag number is not defined: 2
12-18 05:22:52.801  4137  4940 W ExifInterface: Skip the tag entry since tag number is not defined: 2
12-18 05:22:52.821  4137  4940 W ExifInterface: Skip the tag entry since tag number is not defined: 2
12-18 05:22:52.841  4137  4940 W ExifInterface: Skip the tag entry since tag number is not defined: 2
12-18 05:22:52.866  4137  4940 W ExifInterface: Skip the tag entry since tag number is not defined: 2
12-18 05:22:52.882  4137  4940 W ExifInterface: Skip the tag entry since tag number is not defined: 2
12-18 05:22:52.929  4137  4940 W ExifInterface: Skip the tag entry since tag number is not defined: 2
12-18 05:22:52.947  4137  4940 W ExifInterface: Skip the tag entry since tag number is not defined: 2
12-18 05:22:52.964  4137  4940 W ExifInterface: Skip the tag entry since tag number is not defined: 2
12-18 05:22:52.980  4137  4940 W ExifInterface: Skip the tag entry since tag number is not defined: 2
12-18 05:22:52.999  4137  4940 W ExifInterface: Skip the tag entry since tag number is not defined: 2
12-18 05:22:53.016  4137  4940 W ExifInterface: Skip the tag entry since tag number is not defined: 2
12-18 05:22:53.033  4137  4940 W ExifInterface: Skip the tag entry since tag number is not defined: 2
12-18 05:22:53.051  4137  4940 W ExifInterface: Skip the tag entry since tag number is not defined: 2
12-18 05:22:53.071  4137  4940 W ExifInterface: Skip the tag entry since tag number is not defined: 2
12-18 05:22:53.090  4137  4940 W ExifInterface: Skip the tag entry since tag number is not defined: 2
12-18 05:22:53.108  4137  4940 W ExifInterface: Skip the tag entry since tag number is not defined: 2
12-18 05:22:53.126  4137  4940 W ExifInterface: Skip the tag entry since tag number is not defined: 2
12-18 05:22:53.145  4137  4940 W ExifInterface: Skip the tag entry since tag number is not defined: 2
12-18 05:22:53.164  4137  4940 W ExifInterface: Skip the tag entry since tag number is not defined: 2
12-18 05:22:53.183  4137  4940 W ExifInterface: Skip the tag entry since tag number is not defined: 2
12-18 05:22:53.201  4137  4940 W ExifInterface: Skip the tag entry since tag number is not defined: 2
12-18 05:22:53.221  4137  4940 W ExifInterface: Skip the tag entry since tag number is not defined: 2
12-18 05:22:53.283  4236  4320 I FFmpegExtractor: android-source:0xf27020a0
12-18 05:22:53.303  4236  4320 D FFmpegExtractor: suppoted codec(h264) by official Stagefright
12-18 05:22:53.303  4236  4320 D FFmpegExtractor: suppoted codec(aac) by official Stagefright
12-18 05:22:53.304  4236  4320 D FFmpegExtractor: ffmpeg detected media content as 'video/mp4' with confidence 0.08
12-18 05:22:53.334  4236  4497 I FFmpegExtractor: android-source:0xf67a0180
12-18 05:22:53.346  4236  4497 D FFmpegExtractor: suppoted codec(h264) by official Stagefright
12-18 05:22:53.346  4236  4497 D FFmpegExtractor: suppoted codec(aac) by official Stagefright
12-18 05:22:53.346  4236  4497 D FFmpegExtractor: ffmpeg detected media content as 'video/mp4' with confidence 0.08
12-18 05:22:53.358  4137  4940 W ExifInterface: Skip the tag entry since tag number is not defined: 2
12-18 05:22:53.390  4137  4940 W ExifInterface: Skip the tag entry since tag number is not defined: 2
12-18 05:22:53.396  4137  4940 W ExifInterface: Skip the tag entry since tag number is not defined: 2
12-18 05:22:53.404  4137  4940 W ExifInterface: Skip the tag entry since tag number is not defined: 2
12-18 05:22:53.413  4137  4940 W ExifInterface: Skip the tag entry since tag number is not defined: 2
12-18 05:22:53.424  4137  4940 W ExifInterface: Skip the tag entry since tag number is not defined: 2
12-18 05:22:53.432  4137  4940 W ExifInterface: Skip the tag entry since tag number is not defined: 2
12-18 05:22:53.440  4137  4940 W ExifInterface: Skip the tag entry since tag number is not defined: 2
12-18 05:22:53.448  4137  4940 W ExifInterface: Skip the tag entry since tag number is not defined: 2
12-18 05:22:53.455  4137  4940 W ExifInterface: Skip the tag entry since tag number is not defined: 2
12-18 05:22:53.463  4137  4940 W ExifInterface: Skip the tag entry since tag number is not defined: 2
12-18 05:22:53.469  4137  4940 W ExifInterface: Skip the tag entry since tag number is not defined: 2
12-18 05:22:53.476  4137  4940 W ExifInterface: Skip the tag entry since tag number is not defined: 2
12-18 05:22:53.485  4137  4940 W ExifInterface: Skip the tag entry since tag number is not defined: 2
12-18 05:22:53.498  4137  4940 W ExifInterface: Skip the tag entry since tag number is not defined: 2
12-18 05:22:53.522  4236  4499 I FFmpegExtractor: android-source:0xf67a0fe0
12-18 05:22:53.533  4236  4499 D FFmpegExtractor: suppoted codec(h264) by official Stagefright
12-18 05:22:53.534  4236  4499 D FFmpegExtractor: suppoted codec(aac) by official Stagefright
12-18 05:22:53.534  4236  4499 D FFmpegExtractor: ffmpeg detected media content as 'video/mp4' with confidence 0.08
12-18 05:22:53.555  4137  4940 W ExifInterface: Skip the tag entry since tag number is not defined: 2
12-18 05:22:53.563  4137  4940 W ExifInterface: Skip the tag entry since tag number is not defined: 2
12-18 05:22:53.571  4137  4940 W ExifInterface: Skip the tag entry since tag number is not defined: 2
12-18 05:22:53.578  4137  4940 W ExifInterface: Skip the tag entry since tag number is not defined: 2
12-18 05:22:53.585  4137  4940 W ExifInterface: Skip the tag entry since tag number is not defined: 2
12-18 05:22:53.593  4137  4940 W ExifInterface: Skip the tag entry since tag number is not defined: 2
12-18 05:22:53.600  4137  4940 W ExifInterface: Skip the tag entry since tag number is not defined: 2
12-18 05:22:53.607  4137  4940 W ExifInterface: Skip the tag entry since tag number is not defined: 2
12-18 05:22:53.614  4137  4940 W ExifInterface: Skip the tag entry since tag number is not defined: 2
12-18 05:22:53.621  4137  4940 W ExifInterface: Skip the tag entry since tag number is not defined: 2
12-18 05:22:53.629  4137  4940 W ExifInterface: Skip the tag entry since tag number is not defined: 2
12-18 05:22:53.638  4137  4940 W ExifInterface: Skip the tag entry since tag number is not defined: 2
12-18 05:22:53.659  4137  4940 W ExifInterface: Skip the tag entry since tag number is not defined: 2
12-18 05:22:53.665  4137  4940 W ExifInterface: Skip the tag entry since tag number is not defined: 2
12-18 05:22:53.671  4137  4940 W ExifInterface: Skip the tag entry since tag number is not defined: 2
12-18 05:22:53.677  4137  4940 W ExifInterface: Skip the tag entry since tag number is not defined: 2
12-18 05:22:53.683  4137  4940 W ExifInterface: Skip the tag entry since tag number is not defined: 2
12-18 05:22:53.688  4137  4940 W ExifInterface: Skip the tag entry since tag number is not defined: 2
12-18 05:22:53.693  4137  4940 W ExifInterface: Skip the tag entry since tag number is not defined: 2
12-18 05:22:53.698  4137  4940 W ExifInterface: Skip the tag entry since tag number is not defined: 2
12-18 05:22:53.704  4137  4940 W ExifInterface: Skip the tag entry since tag number is not defined: 2
12-18 05:22:53.709  4137  4940 W ExifInterface: Skip the tag entry since tag number is not defined: 2
12-18 05:22:53.715  4137  4940 W ExifInterface: Skip the tag entry since tag number is not defined: 2
12-18 05:22:53.720  4137  4940 W ExifInterface: Skip the tag entry since tag number is not defined: 2
12-18 05:22:53.725  4137  4940 W ExifInterface: Skip the tag entry since tag number is not defined: 2
12-18 05:22:53.730  4137  4940 W ExifInterface: Skip the tag entry since tag number is not defined: 2
12-18 05:22:53.737  4137  4940 W ExifInterface: Skip the tag entry since tag number is not defined: 2
12-18 05:22:53.743  4137  4940 W ExifInterface: Skip the tag entry since tag number is not defined: 2
12-18 05:22:53.750  4137  4940 W ExifInterface: Skip the tag entry since tag number is not defined: 2
12-18 05:22:53.757  4137  4940 W ExifInterface: Skip the tag entry since tag number is not defined: 2
12-18 05:22:53.763  4137  4940 W ExifInterface: Skip the tag entry since tag number is not defined: 2
12-18 05:22:53.770  4137  4940 W ExifInterface: Skip the tag entry since tag number is not defined: 2
12-18 05:22:53.777  4137  4940 W ExifInterface: Skip the tag entry since tag number is not defined: 2
12-18 05:22:53.784  4137  4940 W ExifInterface: Skip the tag entry since tag number is not defined: 2
12-18 05:22:53.790  4137  4940 W ExifInterface: Skip the tag entry since tag number is not defined: 2
12-18 05:22:53.798  4137  4940 W ExifInterface: Skip the tag entry since tag number is not defined: 2
12-18 05:22:53.806  4137  4940 W ExifInterface: Skip the tag entry since tag number is not defined: 2
12-18 05:22:53.815  4137  4940 W ExifInterface: Skip the tag entry since tag number is not defined: 2
12-18 05:22:53.823  4137  4940 W ExifInterface: Skip the tag entry since tag number is not defined: 2
12-18 05:22:53.831  4137  4940 W ExifInterface: Skip the tag entry since tag number is not defined: 2
12-18 05:22:53.839  4137  4940 W ExifInterface: Skip the tag entry since tag number is not defined: 2
12-18 05:22:53.865  4236  4320 I FFmpegExtractor: android-source:0xf27020a0
12-18 05:22:53.896  4236  4320 D FFmpegExtractor: suppoted codec(h264) by official Stagefright
12-18 05:22:53.896  4236  4320 D FFmpegExtractor: suppoted codec(aac) by official Stagefright
12-18 05:22:53.896  4236  4320 D FFmpegExtractor: ffmpeg detected media content as 'video/mp4' with confidence 0.08
12-18 05:22:53.916  4137  4940 W ExifInterface: Skip the tag entry since tag number is not defined: 2
12-18 05:22:53.983  4137  4940 W ExifInterface: Skip the tag entry since tag number is not defined: 2
12-18 05:22:53.992  4137  4940 W ExifInterface: Skip the tag entry since tag number is not defined: 2
12-18 05:22:53.999  4137  4940 W ExifInterface: Skip the tag entry since tag number is not defined: 2
12-18 05:22:54.008  4137  4940 W ExifInterface: Skip the tag entry since tag number is not defined: 2
12-18 05:22:54.016  4137  4940 W ExifInterface: Skip the tag entry since tag number is not defined: 2
12-18 05:22:54.024  4137  4940 W ExifInterface: Skip the tag entry since tag number is not defined: 2
12-18 05:22:54.033  4137  4940 W ExifInterface: Skip the tag entry since tag number is not defined: 2
12-18 05:22:54.041  4137  4940 W ExifInterface: Skip the tag entry since tag number is not defined: 2
12-18 05:22:54.049  4137  4940 W ExifInterface: Skip the tag entry since tag number is not defined: 2
12-18 05:22:54.057  4137  4940 W ExifInterface: Skip the tag entry since tag number is not defined: 2
12-18 05:22:54.066  4137  4940 W ExifInterface: Skip the tag entry since tag number is not defined: 2
12-18 05:22:54.073  4137  4940 W ExifInterface: Skip the tag entry since tag number is not defined: 2
12-18 05:22:54.080  4137  4940 W ExifInterface: Skip the tag entry since tag number is not defined: 2
12-18 05:22:54.086  4137  4940 W ExifInterface: Skip the tag entry since tag number is not defined: 2
12-18 05:2