12-05 14:31:02.956  2995  3428 D AudioFlinger: mixer(0xf2f00000) throttle end: throttle time(4)
12-05 14:31:02.968  4053  4053 D ConnectivityManager: getMobileDataEnabled()+ subId=-1
12-05 14:31:02.969  3959  4356 D PhoneInterfaceManager: [PhoneIntfMgr] getDataEnabled: subId=-1 phoneId=-1
12-05 14:31:02.969  3959  4356 E PhoneInterfaceManager: [PhoneIntfMgr] getDataEnabled: no phone subId=-1 retVal=false
12-05 14:31:02.969  4053  4053 D ConnectivityManager: getMobileDataEnabled()- subId=-1 retVal=false
12-05 14:31:02.971  4053  4053 E NFC     : could not retrieve NFC service
12-05 14:31:02.980  3341  3353 D CMProfileService: Saving profile data...
12-05 14:31:02.983  3341  3353 D CMProfileService: Save completed.
12-05 14:31:02.983  3341  3353 D CMProfileService: Set active profile to: 0230226d-0d05-494a-a9bd-d222a1117655 - Default
12-05 14:31:02.996  3631  3793 I vol.Events: writeEvent level_changed STREAM_MUSIC 11
12-05 14:31:02.997  3341  3353 E NFC     : could not retrieve NFC service
12-05 14:31:02.997  3341  3353 E NFC     : could not retrieve NFC service
12-05 14:31:02.998  3341  3353 E NFC     : could not retrieve NFC service
12-05 14:31:03.003  3959  4357 D PhoneInterfaceManager: [PhoneIntfMgr] getDataEnabled: subId=-1 phoneId=-1
12-05 14:31:03.003  3959  4357 E PhoneInterfaceManager: [PhoneIntfMgr] getDataEnabled: no phone subId=-1 retVal=false
12-05 14:31:03.004  3341  3353 D TelephonyManager: getDataEnabled: retVal=false
12-05 14:31:03.005  3341  3353 E NFC     : could not retrieve NFC service
12-05 14:31:03.006  3341  3353 E NFC     : could not retrieve NFC service
12-05 14:31:03.007  3341  3353 E NFC     : could not retrieve NFC service
12-05 14:31:03.008  3341  3353 D CMProfileService: Saving profile data...
12-05 14:31:03.013  3341  3353 D CMProfileService: Save completed.
12-05 14:31:04.111  4082  4870 E SetupWizardUtils: Unable to disable GMS
12-05 14:31:04.119  3341  3628 I ActivityManager: START u0 {act=android.intent.action.MAIN cat=[android.intent.category.HOME] cmp=com.android.provision/.DefaultActivity} from uid 1000 on display 0
12-05 14:31:04.159  3341  3352 I ActivityManager: Start proc 4881:com.android.provision/u0a58 for activity com.android.provision/.DefaultActivity
12-05 14:31:04.225  4881  4881 W System  : ClassLoader referenced unknown path: /system/app/Provision/lib/arm64
12-05 14:31:04.234  2933  3008 D PermissionCache: checking android.permission.READ_FRAME_BUFFER for uid=1000 => granted (407 us)
12-05 14:31:04.306  3341  3352 I ActivityManager: START u0 {act=android.intent.action.MAIN cat=[android.intent.category.HOME] flg=0x10000000 cmp=com.cyanogenmod.trebuchet/com.android.launcher3.Launcher} from uid 0 on display 0
12-05 14:31:04.339  4649  4649 V Launcher: LauncherAppState inited
12-05 14:31:04.406  4649  4649 D Launcher.Model: Old launcher provider: content://com.android.launcher2.settings/favorites?notify=true
12-05 14:31:04.406  4649  4649 D Launcher.Model: Old launcher provider does not exist.
12-05 14:31:04.553  4649  4895 D LauncherProvider: loading default workspace
12-05 14:31:04.570  4649  4898 D OpenGLRenderer: Use EGL_SWAP_BEHAVIOR_PRESERVED: true
12-05 14:31:04.584  4649  4649 W Launcher: setApplicationContext called twice! old=com.android.launcher3.LauncherApplication@8cfa7c4 new=com.android.launcher3.LauncherApplication@8cfa7c4
12-05 14:31:04.613  4649  4898 I OpenGLRenderer: Initialized EGL, version 1.4
12-05 14:31:04.626  4649  4898 D mali_winsys: EGLint new_window_surface(egl_winsys_display*, void*, EGLSurface, EGLConfig, egl_winsys_surface**, egl_color_buffer_format*, EGLBoolean) returns 0x3000,  [1440x2560]-format:1
12-05 14:31:04.671  4649  4895 E AutoInstalls: Unable to add favorite: com.google.android.googlequicksearchbox/com.google.android.googlequicksearchbox.SearchActivity
12-05 14:31:04.671  4649  4895 E AutoInstalls: android.content.pm.PackageManager$NameNotFoundException: ComponentInfo{com.google.android.googlequicksearchbox/com.google.android.googlequicksearchbox.SearchActivity}
12-05 14:31:04.671  4649  4895 E AutoInstalls: 	at android.app.ApplicationPackageManager.getActivityInfo(ApplicationPackageManager.java:343)
12-05 14:31:04.671  4649  4895 E AutoInstalls: 	at com.android.launcher3.AutoInstallsLayout$AppShortcutParser.parseAndAdd(AutoInstallsLayout.java:347)
12-05 14:31:04.671  4649  4895 E AutoInstalls: 	at com.android.launcher3.AutoInstallsLayout$FolderParser.parseAndAdd(AutoInstallsLayout.java:595)
12-05 14:31:04.671  4649  4895 E AutoInstalls: 	at com.android.launcher3.DefaultLayoutParser$MyFolderParser.parseAndAdd(DefaultLayoutParser.java:271)
12-05 14:31:04.671  4649  4895 E AutoInstalls: 	at com.android.launcher3.AutoInstallsLayout.parseAndAddNode(AutoInstallsLayout.java:272)
12-05 14:31:04.671  4649  4895 E AutoInstalls: 	at com.android.launcher3.AutoInstallsLayout.parseLayout(AutoInstallsLayout.java:217)
12-05 14:31:04.671  4649  4895 E AutoInstalls: 	at com.android.launcher3.AutoInstallsLayout.loadLayout(AutoInstallsLayout.java:193)
12-05 14:31:04.671  4649  4895 E AutoInstalls: 	at com.android.launcher3.LauncherProvider$DatabaseHelper.loadFavorites(LauncherProvider.java:1292)
12-05 14:31:04.671  4649  4895 E AutoInstalls: 	at com.android.launcher3.LauncherProvider.loadDefaultFavoritesIfNecessary(LauncherProvider.java:406)
12-05 14:31:04.671  4649  4895 E AutoInstalls: 	at com.android.launcher3.LauncherModel$LoaderTask.loadWorkspace(LauncherModel.java:1967)
12-05 14:31:04.671  4649  4895 E AutoInstalls: 	at com.android.launcher3.LauncherModel$LoaderTask.loadAndBindWorkspace(LauncherModel.java:1558)
12-05 14:31:04.671  4649  4895 E AutoInstalls: 	at com.android.launcher3.LauncherModel$LoaderTask.run(LauncherModel.java:1655)
12-05 14:31:04.671  4649  4895 E AutoInstalls: 	at android.os.Handler.handleCallback(Handler.java:739)
12-05 14:31:04.671  4649  4895 E AutoInstalls: 	at android.os.Handler.dispatchMessage(Handler.java:95)
12-05 14:31:04.671  4649  4895 E AutoInstalls: 	at android.os.Looper.loop(Looper.java:148)
12-05 14:31:04.671  4649  4895 E AutoInstalls: 	at android.os.HandlerThread.run(HandlerThread.java:61)
12-05 14:31:04.681  4649  4895 E AutoInstalls: Unable to add favorite: com.android.chrome/com.google.android.apps.chrome.Main
12-05 14:31:04.681  4649  4895 E AutoInstalls: android.content.pm.PackageManager$NameNotFoundException: ComponentInfo{com.android.chrome/com.google.android.apps.chrome.Main}
12-05 14:31:04.681  4649  4895 E AutoInstalls: 	at android.app.ApplicationPackageManager.getActivityInfo(ApplicationPackageManager.java:343)
12-05 14:31:04.681  4649  4895 E AutoInstalls: 	at com.android.launcher3.AutoInstallsLayout$AppShortcutParser.parseAndAdd(AutoInstallsLayout.java:347)
12-05 14:31:04.681  4649  4895 E AutoInstalls: 	at com.android.launcher3.AutoInstallsLayout$FolderParser.parseAndAdd(AutoInstallsLayout.java:595)
12-05 14:31:04.681  4649  4895 E AutoInstalls: 	at com.android.launcher3.DefaultLayoutParser$MyFolderParser.parseAndAdd(DefaultLayoutParser.java:271)
12-05 14:31:04.681  4649  4895 E AutoInstalls: 	at com.android.launcher3.AutoInstallsLayout.parseAndAddNode(AutoInstallsLayout.java:272)
12-05 14:31:04.681  4649  4895 E AutoInstalls: 	at com.android.launcher3.AutoInstallsLayout.parseLayout(AutoInstallsLayout.java:217)
12-05 14:31:04.681  4649  4895 E AutoInstalls: 	at com.android.launcher3.AutoInstallsLayout.loadLayout(AutoInstallsLayout.java:193)
12-05 14:31:04.681  4649  4895 E AutoInstalls: 	at com.android.launcher3.LauncherProvider$DatabaseHelper.loadFavorites(LauncherProvider.java:1292)
12-05 14:31:04.681  4649  4895 E AutoInstalls: 	at com.android.launcher3.LauncherProvider.loadDefaultFavoritesIfNecessary(LauncherProvider.java:406)
12-05 14:31:04.681  4649  4895 E AutoInstalls: 	at com.android.launcher3.LauncherModel$LoaderTask.loadWorkspace(LauncherModel.java:1967)
12-05 14:31:04.681  4649  4895 E AutoInstalls: 	at com.android.launcher3.LauncherModel$LoaderTask.loadAndBindWorkspace(LauncherModel.java:1558)
12-05 14:31:04.681  4649  4895 E AutoInstalls: 	at com.android.launcher3.LauncherModel$LoaderTask.run(LauncherModel.java:1655)
12-05 14:31:04.681  4649  4895 E AutoInstalls: 	at android.os.Handler.handleCallback(Handler.java:739)
12-05 14:31:04.681  4649  4895 E AutoInstalls: 	at android.os.Handler.dispatchMessage(Handler.java:95)
12-05 14:31:04.681  4649  4895 E AutoInstalls: 	at android.os.Looper.loop(Looper.java:148)
12-05 14:31:04.681  4649  4895 E AutoInstalls: 	at android.os.HandlerThread.run(HandlerThread.java:61)
12-05 14:31:04.689  4649  4895 E AutoInstalls: Unable to add favorite: com.google.android.gm/com.google.android.gm.ConversationListActivityGmail
12-05 14:31:04.689  4649  4895 E AutoInstalls: android.content.pm.PackageManager$NameNotFoundException: ComponentInfo{com.google.android.gm/com.google.android.gm.ConversationListActivityGmail}
12-05 14:31:04.689  4649  4895 E AutoInstalls: 	at android.app.ApplicationPackageManager.getActivityInfo(ApplicationPackageManager.java:343)
12-05 14:31:04.689  4649  4895 E AutoInstalls: 	at com.android.launcher3.AutoInstallsLayout$AppShortcutParser.parseAndAdd(AutoInstallsLayout.java:347)
12-05 14:31:04.689  4649  4895 E AutoInstalls: 	at com.android.launcher3.AutoInstallsLayout$FolderParser.parseAndAdd(AutoInstallsLayout.java:595)
12-05 14:31:04.689  4649  4895 E AutoInstalls: 	at com.android.launcher3.DefaultLayoutParser$MyFolderParser.parseAndAdd(DefaultLayoutParser.java:271)
12-05 14:31:04.689  4649  4895 E AutoInstalls: 	at com.android.launcher3.AutoInstallsLayout.parseAndAddNode(AutoInstallsLayout.java:272)
12-05 14:31:04.689  4649  4895 E AutoInstalls: 	at com.android.launcher3.AutoInstallsLayout.parseLayout(AutoInstallsLayout.java:217)
12-05 14:31:04.689  4649  4895 E AutoInstalls: 	at com.android.launcher3.AutoInstallsLayout.loadLayout(AutoInstallsLayout.java:193)
12-05 14:31:04.689  4649  4895 E AutoInstalls: 	at com.android.launcher3.LauncherProvider$DatabaseHelper.loadFavorites(LauncherProvider.java:1292)
12-05 14:31:04.689  4649  4895 E AutoInstalls: 	at com.android.launcher3.LauncherProvider.loadDefaultFavoritesIfNecessary(LauncherProvider.java:406)
12-05 14:31:04.689  4649  4895 E AutoInstalls: 	at com.android.launcher3.LauncherModel$LoaderTask.loadWorkspace(LauncherModel.java:1967)
12-05 14:31:04.689  4649  4895 E AutoInstalls: 	at com.android.launcher3.LauncherModel$LoaderTask.loadAndBindWorkspace(LauncherModel.java:1558)
12-05 14:31:04.689  4649  4895 E AutoInstalls: 	at com.android.launcher3.LauncherModel$LoaderTask.run(LauncherModel.java:1655)
12-05 14:31:04.689  4649  4895 E AutoInstalls: 	at android.os.Handler.handleCallback(Handler.java:739)
12-05 14:31:04.689  4649  4895 E AutoInstalls: 	at android.os.Handler.dispatchMessage(Handler.java:95)
12-05 14:31:04.689  4649  4895 E AutoInstalls: 	at android.os.Looper.loop(Looper.java:148)
12-05 14:31:04.689  4649  4895 E AutoInstalls: 	at android.os.HandlerThread.run(HandlerThread.java:61)
12-05 14:31:04.697  4649  4895 E AutoInstalls: Unable to add favorite: com.google.android.apps.maps/com.google.android.maps.MapsActivity
12-05 14:31:04.697  4649  4895 E AutoInstalls: android.content.pm.PackageManager$NameNotFoundException: ComponentInfo{com.google.android.apps.maps/com.google.android.maps.MapsActivity}
12-05 14:31:04.697  4649  4895 E AutoInstalls: 	at android.app.ApplicationPackageManager.getActivityInfo(ApplicationPackageManager.java:343)
12-05 14:31:04.697  4649  4895 E AutoInstalls: 	at com.android.launcher3.AutoInstallsLayout$AppShortcutParser.parseAndAdd(AutoInstallsLayout.java:347)
12-05 14:31:04.697  4649  4895 E AutoInstalls: 	at com.android.launcher3.AutoInstallsLayout$FolderParser.parseAndAdd(AutoInstallsLayout.java:595)
12-05 14:31:04.697  4649  4895 E AutoInstalls: 	at com.android.launcher3.DefaultLayoutParser$MyFolderParser.parseAndAdd(DefaultLayoutParser.java:271)
12-05 14:31:04.697  4649  4895 E AutoInstalls: 	at com.android.launcher3.AutoInstallsLayout.parseAndAddNode(AutoInstallsLayout.java:272)
12-05 14:31:04.697  4649  4895 E AutoInstalls: 	at com.android.launcher3.AutoInstallsLayout.parseLayout(AutoInstallsLayout.java:217)
12-05 14:31:04.697  4649  4895 E AutoInstalls: 	at com.android.launcher3.AutoInstallsLayout.loadLayout(AutoInstallsLayout.java:193)
12-05 14:31:04.697  4649  4895 E AutoInstalls: 	at com.android.launcher3.LauncherProvider$DatabaseHelper.loadFavorites(LauncherProvider.java:1292)
12-05 14:31:04.697  4649  4895 E AutoInstalls: 	at com.android.launcher3.LauncherProvider.loadDefaultFavoritesIfNecessary(LauncherProvider.java:406)
12-05 14:31:04.697  4649  4895 E AutoInstalls: 	at com.android.launcher3.LauncherModel$LoaderTask.loadWorkspace(LauncherModel.java:1967)
12-05 14:31:04.697  4649  4895 E AutoInstalls: 	at com.android.launcher3.LauncherModel$LoaderTask.loadAndBindWorkspace(LauncherModel.java:1558)
12-05 14:31:04.697  4649  4895 E AutoInstalls: 	at com.android.launcher3.LauncherModel$LoaderTask.run(LauncherModel.java:1655)
12-05 14:31:04.697  4649  4895 E AutoInstalls: 	at android.os.Handler.handleCallback(Handler.java:739)
12-05 14:31:04.697  4649  4895 E AutoInstalls: 	at android.os.Handler.dispatchMessage(Handler.java:95)
12-05 14:31:04.697  4649  4895 E AutoInstalls: 	at android.os.Looper.loop(Looper.java:148)
12-05 14:31:04.697  4649  4895 E AutoInstalls: 	at android.os.HandlerThread.run(HandlerThread.java:61)
12-05 14:31:04.701  4649  4895 E AutoInstalls: Unable to add favorite: com.google.android.youtube/com.google.android.youtube.app.honeycomb.Shell$HomeActivity
12-05 14:31:04.701  4649  4895 E AutoInstalls: android.content.pm.PackageManager$NameNotFoundException: ComponentInfo{com.google.android.youtube/com.google.android.youtube.app.honeycomb.Shell$HomeActivity}
12-05 14:31:04.701  4649  4895 E AutoInstalls: 	at android.app.ApplicationPackageManager.getActivityInfo(ApplicationPackageManager.java:343)
12-05 14:31:04.701  4649  4895 E AutoInstalls: 	at com.android.launcher3.AutoInstallsLayout$AppShortcutParser.parseAndAdd(AutoInstallsLayout.java:347)
12-05 14:31:04.701  4649  4895 E AutoInstalls: 	at com.android.launcher3.AutoInstallsLayout$FolderParser.parseAndAdd(AutoInstallsLayout.java:595)
12-05 14:31:04.701  4649  4895 E AutoInstalls: 	at com.android.launcher3.DefaultLayoutParser$MyFolderParser.parseAndAdd(DefaultLayoutParser.java:271)
12-05 14:31:04.701  4649  4895 E AutoInstalls: 	at com.android.launcher3.AutoInstallsLayout.parseAndAddNode(AutoInstallsLayout.java:272)
12-05 14:31:04.701  4649  4895 E AutoInstalls: 	at com.android.launcher3.AutoInstallsLayout.parseLayout(AutoInstallsLayout.java:217)
12-05 14:31:04.701  4649  4895 E AutoInstalls: 	at com.android.launcher3.AutoInstallsLayout.loadLayout(AutoInstallsLayout.java:193)
12-05 14:31:04.701  4649  4895 E AutoInstalls: 	at com.android.launcher3.LauncherProvider$DatabaseHelper.loadFavorites(LauncherProvider.java:1292)
12-05 14:31:04.701  4649  4895 E AutoInstalls: 	at com.android.launcher3.LauncherProvider.loadDefaultFavoritesIfNecessary(LauncherProvider.java:406)
12-05 14:31:04.701  4649  4895 E AutoInstalls: 	at com.android.launcher3.LauncherModel$LoaderTask.loadWorkspace(LauncherModel.java:1967)
12-05 14:31:04.701  4649  4895 E AutoInstalls: 	at com.android.launcher3.LauncherModel$LoaderTask.loadAndBindWorkspace(LauncherModel.java:1558)
12-05 14:31:04.701  4649  4895 E AutoInstalls: 	at com.android.launcher3.LauncherModel$LoaderTask.run(LauncherModel.java:1655)
12-05 14:31:04.701  4649  4895 E AutoInstalls: 	at android.os.Handler.handleCallback(Handler.java:739)
12-05 14:31:04.701  4649  4895 E AutoInstalls: 	at android.os.Handler.dispatchMessage(Handler.java:95)
12-05 14:31:04.701  4649  4895 E AutoInstalls: 	at android.os.Looper.loop(Looper.java:148)
12-05 14:31:04.701  4649  4895 E AutoInstalls: 	at android.os.HandlerThread.run(HandlerThread.java:61)
12-05 14:31:04.704  4649  4895 E AutoInstalls: Unable to add favorite: com.google.android.apps.docs/com.google.android.apps.docs.app.NewMainProxyActivity
12-05 14:31:04.704  4649  4895 E AutoInstalls: android.content.pm.PackageManager$NameNotFoundException: ComponentInfo{com.google.android.apps.docs/com.google.android.apps.docs.app.NewMainProxyActivity}
12-05 14:31:04.704  4649  4895 E AutoInstalls: 	at android.app.ApplicationPackageManager.getActivityInfo(ApplicationPackageManager.java:343)
12-05 14:31:04.704  4649  4895 E AutoInstalls: 	at com.android.launcher3.AutoInstallsLayout$AppShortcutParser.parseAndAdd(AutoInstallsLayout.java:347)
12-05 14:31:04.704  4649  4895 E AutoInstalls: 	at com.android.launcher3.AutoInstallsLayout$FolderParser.parseAndAdd(AutoInstallsLayout.java:595)
12-05 14:31:04.704  4649  4895 E AutoInstalls: 	at com.android.launcher3.DefaultLayoutParser$MyFolderParser.parseAndAdd(DefaultLayoutParser.java:271)
12-05 14:31:04.704  4649  4895 E AutoInstalls: 	at com.android.launcher3.AutoInstallsLayout.parseAndAddNode(AutoInstallsLayout.java:272)
12-05 14:31:04.704  4649  4895 E AutoInstalls: 	at com.android.launcher3.AutoInstallsLayout.parseLayout(AutoInstallsLayout.java:217)
12-05 14:31:04.704  4649  4895 E AutoInstalls: 	at com.android.launcher3.AutoInstallsLayout.loadLayout(AutoInstallsLayout.java:193)
12-05 14:31:04.704  4649  4895 E AutoInstalls: 	at com.android.launcher3.LauncherProvider$DatabaseHelper.loadFavorites(LauncherProvider.java:1292)
12-05 14:31:04.704  4649  4895 E AutoInstalls: 	at com.android.launcher3.LauncherProvider.loadDefaultFavoritesIfNecessary(LauncherProvider.java:406)
12-05 14:31:04.704  4649  4895 E AutoInstalls: 	at com.android.launcher3.LauncherModel$LoaderTask.loadWorkspace(LauncherModel.java:1967)
12-05 14:31:04.704  4649  4895 E AutoInstalls: 	at com.android.launcher3.LauncherModel$LoaderTask.loadAndBindWorkspace(LauncherModel.java:1558)
12-05 14:31:04.704  4649  4895 E AutoInstalls: 	at com.android.launcher3.LauncherModel$LoaderTask.run(LauncherModel.java:1655)
12-05 14:31:04.704  4649  4895 E AutoInstalls: 	at android.os.Handler.handleCallback(Handler.java:739)
12-05 14:31:04.704  4649  4895 E AutoInstalls: 	at android.os.Handler.dispatchMessage(Handler.java:95)
12-05 14:31:04.704  4649  4895 E AutoInstalls: 	at android.os.Looper.loop(Looper.java:148)
12-05 14:31:04.704  4649  4895 E AutoInstalls: 	at android.os.HandlerThread.run(HandlerThread.java:61)
12-05 14:31:04.707  4649  4895 E AutoInstalls: Unable to add favorite: com.google.android.talk/com.google.android.talk.SigningInActivity
12-05 14:31:04.707  4649  4895 E AutoInstalls: android.content.pm.PackageManager$NameNotFoundException: ComponentInfo{com.google.android.talk/com.google.android.talk.SigningInActivity}
12-05 14:31:04.707  4649  4895 E AutoInstalls: 	at android.app.ApplicationPackageManager.getActivityInfo(ApplicationPackageManager.java:343)
12-05 14:31:04.707  4649  4895 E AutoInstalls: 	at com.android.launcher3.AutoInstallsLayout$AppShortcutParser.parseAndAdd(AutoInstallsLayout.java:347)
12-05 14:31:04.707  4649  4895 E AutoInstalls: 	at com.android.launcher3.AutoInstallsLayout$FolderParser.parseAndAdd(AutoInstallsLayout.java:595)
12-05 14:31:04.707  4649  4895 E AutoInstalls: 	at com.android.launcher3.DefaultLayoutParser$MyFolderParser.parseAndAdd(DefaultLayoutParser.java:271)
12-05 14:31:04.707  4649  4895 E AutoInstalls: 	at com.android.launcher3.AutoInstallsLayout.parseAndAddNode(AutoInstallsLayout.java:272)
12-05 14:31:04.707  4649  4895 E AutoInstalls: 	at com.android.launcher3.AutoInstallsLayout.parseLayout(AutoInstallsLayout.java:217)
12-05 14:31:04.707  4649  4895 E AutoInstalls: 	at com.android.launcher3.AutoInstallsLayout.loadLayout(AutoInstallsLayout.java:193)
12-05 14:31:04.707  4649  4895 E AutoInstalls: 	at com.android.launcher3.LauncherProvider$DatabaseHelper.loadFavorites(LauncherProvider.java:1292)
12-05 14:31:04.707  4649  4895 E AutoInstalls: 	at com.android.launcher3.LauncherProvider.loadDefaultFavoritesIfNecessary(LauncherProvider.java:406)
12-05 14:31:04.707  4649  4895 E AutoInstalls: 	at com.android.launcher3.LauncherModel$LoaderTask.loadWorkspace(LauncherModel.java:1967)
12-05 14:31:04.707  4649  4895 E AutoInstalls: 	at com.android.launcher3.LauncherModel$LoaderTask.loadAndBindWorkspace(LauncherModel.java:1558)
12-05 14:31:04.707  4649  4895 E AutoInstalls: 	at com.android.launcher3.LauncherModel$LoaderTask.run(LauncherModel.java:1655)
12-05 14:31:04.707  4649  4895 E AutoInstalls: 	at android.os.Handler.handleCallback(Handler.java:739)
12-05 14:31:04.707  4649  4895 E AutoInstalls: 	at android.os.Handler.dispatchMessage(Handler.java:95)
12-05 14:31:04.707  4649  4895 E AutoInstalls: 	at android.os.Looper.loop(Looper.java:148)
12-05 14:31:04.707  4649  4895 E AutoInstalls: 	at android.os.HandlerThread.run(HandlerThread.java:61)
12-05 14:31:04.715  4649  4895 E AutoInstalls: Unable to add favorite: com.google.android.apps.photos/com.google.android.apps.photos.home.HomeActivity
12-05 14:31:04.715  4649  4895 E AutoInstalls: android.content.pm.PackageManager$NameNotFoundException: ComponentInfo{com.google.android.apps.photos/com.google.android.apps.photos.home.HomeActivity}
12-05 14:31:04.715  4649  4895 E AutoInstalls: 	at android.app.ApplicationPackageManager.getActivityInfo(ApplicationPackageManager.java:343)
12-05 14:31:04.715  4649  4895 E AutoInstalls: 	at com.android.launcher3.AutoInstallsLayout$AppShortcutParser.parseAndAdd(AutoInstallsLayout.java:347)
12-05 14:31:04.715  4649  4895 E AutoInstalls: 	at com.android.launcher3.AutoInstallsLayout$FolderParser.parseAndAdd(AutoInstallsLayout.java:595)
12-05 14:31:04.715  4649  4895 E AutoInstalls: 	at com.android.launcher3.DefaultLayoutParser$MyFolderParser.parseAndAdd(DefaultLayoutParser.java:271)
12-05 14:31:04.715  4649  4895 E AutoInstalls: 	at com.android.launcher3.AutoInstallsLayout.parseAndAddNode(AutoInstallsLayout.java:272)
12-05 14:31:04.715  4649  4895 E AutoInstalls: 	at com.android.launcher3.AutoInstallsLayout.parseLayout(AutoInstallsLayout.java:217)
12-05 14:31:04.715  4649  4895 E AutoInstalls: 	at com.android.launcher3.AutoInstallsLayout.loadLayout(AutoInstallsLayout.java:193)
12-05 14:31:04.715  4649  4895 E AutoInstalls: 	at com.android.launcher3.LauncherProvider$DatabaseHelper.loadFavorites(LauncherProvider.java:1292)
12-05 14:31:04.715  4649  4895 E AutoInstalls: 	at com.android.launcher3.LauncherProvider.loadDefaultFavoritesIfNecessary(LauncherProvider.java:406)
12-05 14:31:04.715  4649  4895 E AutoInstalls: 	at com.android.launcher3.LauncherModel$LoaderTask.loadWorkspace(LauncherModel.java:1967)
12-05 14:31:04.715  4649  4895 E AutoInstalls: 	at com.android.launcher3.LauncherModel$LoaderTask.loadAndBindWorkspace(LauncherModel.java:1558)
12-05 14:31:04.715  4649  4895 E AutoInstalls: 	at com.android.launcher3.LauncherModel$LoaderTask.run(LauncherModel.java:1655)
12-05 14:31:04.715  4649  4895 E AutoInstalls: 	at android.os.Handler.handleCallback(Handler.java:739)
12-05 14:31:04.715  4649  4895 E AutoInstalls: 	at android.os.Handler.dispatchMessage(Handler.java:95)
12-05 14:31:04.715  4649  4895 E AutoInstalls: 	at android.os.Looper.loop(Looper.java:148)
12-05 14:31:04.715  4649  4895 E AutoInstalls: 	at android.os.HandlerThread.run(HandlerThread.java:61)
12-05 14:31:04.717  4649  4895 E AutoInstalls: Unable to add favorite: com.google.android.apps.walletnfcrel/com.google.android.apps.wallet.entrypoint.WalletRootActivity
12-05 14:31:04.717  4649  4895 E AutoInstalls: android.content.pm.PackageManager$NameNotFoundException: ComponentInfo{com.google.android.apps.walletnfcrel/com.google.android.apps.wallet.entrypoint.WalletRootActivity}
12-05 14:31:04.717  4649  4895 E AutoInstalls: 	at android.app.ApplicationPackageManager.getActivityInfo(ApplicationPackageManager.java:343)
12-05 14:31:04.717  4649  4895 E AutoInstalls: 	at com.android.launcher3.AutoInstallsLayout$AppShortcutParser.parseAndAdd(AutoInstallsLayout.java:347)
12-05 14:31:04.717  4649  4895 E AutoInstalls: 	at com.android.launcher3.AutoInstallsLayout$FolderParser.parseAndAdd(AutoInstallsLayout.java:595)
12-05 14:31:04.717  4649  4895 E AutoInstalls: 	at com.android.launcher3.DefaultLayoutParser$MyFolderParser.parseAndAdd(DefaultLayoutParser.java:271)
12-05 14:31:04.717  4649  4895 E AutoInstalls: 	at com.android.launcher3.AutoInstallsLayout.parseAndAddNode(AutoInstallsLayout.java:272)
12-05 14:31:04.717  4649  4895 E AutoInstalls: 	at com.android.launcher3.AutoInstallsLayout.parseLayout(AutoInstallsLayout.java:217)
12-05 14:31:04.717  4649  4895 E AutoInstalls: 	at com.android.launcher3.AutoInstallsLayout.loadLayout(AutoInstallsLayout.java:193)
12-05 14:31:04.717  4649  4895 E AutoInstalls: 	at com.android.launcher3.LauncherProvider$DatabaseHelper.loadFavorites(LauncherProvider.java:1292)
12-05 14:31:04.717  4649  4895 E AutoInstalls: 	at com.android.launcher3.LauncherProvider.loadDefaultFavoritesIfNecessary(LauncherProvider.java:406)
12-05 14:31:04.717  4649  4895 E AutoInstalls: 	at com.android.launcher3.LauncherModel$LoaderTask.loadWorkspace(LauncherModel.java:1967)
12-05 14:31:04.717  4649  4895 E AutoInstalls: 	at com.android.launcher3.LauncherModel$LoaderTask.loadAndBindWorkspace(LauncherModel.java:1558)
12-05 14:31:04.717  4649  4895 E AutoInstalls: 	at com.android.launcher3.LauncherModel$LoaderTask.run(LauncherModel.java:1655)
12-05 14:31:04.717  4649  4895 E AutoInstalls: 	at android.os.Handler.handleCallback(Handler.java:739)
12-05 14:31:04.717  4649  4895 E AutoInstalls: 	at android.os.Handler.dispatchMessage(Handler.java:95)
12-05 14:31:04.717  4649  4895 E AutoInstalls: 	at android.os.Looper.loop(Looper.java:148)
12-05 14:31:04.717  4649  4895 E AutoInstalls: 	at android.os.HandlerThread.run(HandlerThread.java:61)
12-05 14:31:04.719  4649  4895 E AutoInstalls: Unable to add favorite: com.google.android.calendar/com.android.calendar.AllInOneActivity
12-05 14:31:04.719  4649  4895 E AutoInstalls: android.content.pm.PackageManager$NameNotFoundException: ComponentInfo{com.google.android.calendar/com.android.calendar.AllInOneActivity}
12-05 14:31:04.719  4649  4895 E AutoInstalls: 	at android.app.ApplicationPackageManager.getActivityInfo(ApplicationPackageManager.java:343)
12-05 14:31:04.719  4649  4895 E AutoInstalls: 	at com.android.launcher3.AutoInstallsLayout$AppShortcutParser.parseAndAdd(AutoInstallsLayout.java:347)
12-05 14:31:04.719  4649  4895 E AutoInstalls: 	at com.android.launcher3.AutoInstallsLayout$FolderParser.parseAndAdd(AutoInstallsLayout.java:595)
12-05 14:31:04.719  4649  4895 E AutoInstalls: 	at com.android.launcher3.DefaultLayoutParser$MyFolderParser.parseAndAdd(DefaultLayoutParser.java:271)
12-05 14:31:04.719  4649  4895 E AutoInstalls: 	at com.android.launcher3.AutoInstallsLayout.parseAndAddNode(AutoInstallsLayout.java:272)
12-05 14:31:04.719  4649  4895 E AutoInstalls: 	at com.android.launcher3.AutoInstallsLayout.parseLayout(AutoInstallsLayout.java:217)
12-05 14:31:04.719  4649  4895 E AutoInstalls: 	at com.android.launcher3.AutoInstallsLayout.loadLayout(AutoInstallsLayout.java:193)
12-05 14:31:04.719  4649  4895 E AutoInstalls: 	at com.android.launcher3.LauncherProvider$DatabaseHelper.loadFavorites(LauncherProvider.java:1292)
12-05 14:31:04.719  4649  4895 E AutoInstalls: 	at com.android.launcher3.LauncherProvider.loadDefaultFavoritesIfNecessary(LauncherProvider.java:406)
12-05 14:31:04.719  4649  4895 E AutoInstalls: 	at com.android.launcher3.LauncherModel$LoaderTask.loadWorkspace(LauncherModel.java:1967)
12-05 14:31:04.719  4649  4895 E AutoInstalls: 	at com.android.launcher3.LauncherModel$LoaderTask.loadAndBindWorkspace(LauncherModel.java:1558)
12-05 14:31:04.719  4649  4895 E AutoInstalls: 	at com.android.launcher3.LauncherModel$LoaderTask.run(LauncherModel.java:1655)
12-05 14:31:04.719  4649  4895 E AutoInstalls: 	at android.os.Handler.handleCallback(Handler.java:739)
12-05 14:31:04.719  4649  4895 E AutoInstalls: 	at android.os.Handler.dispatchMessage(Handler.java:95)
12-05 14:31:04.719  4649  4895 E AutoInstalls: 	at android.os.Looper.loop(Looper.java:148)
12-05 14:31:04.719  4649  4895 E AutoInstalls: 	at android.os.HandlerThread.run(HandlerThread.java:61)
12-05 14:31:04.721  4649  4895 E AutoInstalls: Unable to add favorite: com.google.android.apps.plus/com.google.android.apps.plus.phone.HomeActivity
12-05 14:31:04.721  4649  4895 E AutoInstalls: android.content.pm.PackageManager$NameNotFoundException: ComponentInfo{com.google.android.apps.plus/com.google.android.apps.plus.phone.HomeActivity}
12-05 14:31:04.721  4649  4895 E AutoInstalls: 	at android.app.ApplicationPackageManager.getActivityInfo(ApplicationPackageManager.java:343)
12-05 14:31:04.721  4649  4895 E AutoInstalls: 	at com.android.launcher3.AutoInstallsLayout$AppShortcutParser.parseAndAdd(AutoInstallsLayout.java:347)
12-05 14:31:04.721  4649  4895 E AutoInstalls: 	at com.android.launcher3.AutoInstallsLayout$FolderParser.parseAndAdd(AutoInstallsLayout.java:595)
12-05 14:31:04.721  4649  4895 E AutoInstalls: 	at com.android.launcher3.DefaultLayoutParser$MyFolderParser.parseAndAdd(DefaultLayoutParser.java:271)
12-05 14:31:04.721  4649  4895 E AutoInstalls: 	at com.android.launcher3.AutoInstallsLayout.parseAndAddNode(AutoInstallsLayout.java:272)
12-05 14:31:04.721  4649  4895 E AutoInstalls: 	at com.android.launcher3.AutoInstallsLayout.parseLayout(AutoInstallsLayout.java:217)
12-05 14:31:04.721  4649  4895 E AutoInstalls: 	at com.android.launcher3.AutoInstallsLayout.loadLayout(AutoInstallsLayout.java:193)
12-05 14:31:04.721  4649  4895 E AutoInstalls: 	at com.android.launcher3.LauncherProvider$DatabaseHelper.loadFavorites(LauncherProvider.java:1292)
12-05 14:31:04.721  4649  4895 E AutoInstalls: 	at com.android.launcher3.LauncherProvider.loadDefaultFavoritesIfNecessary(LauncherProvider.java:406)
12-05 14:31:04.721  4649  4895 E AutoInstalls: 	at com.android.launcher3.LauncherModel$LoaderTask.loadWorkspace(LauncherModel.java:1967)
12-05 14:31:04.721  4649  4895 E AutoInstalls: 	at com.android.launcher3.LauncherModel$LoaderTask.loadAndBindWorkspace(LauncherModel.java:1558)
12-05 14:31:04.721  4649  4895 E AutoInstalls: 	at com.android.launcher3.LauncherModel$LoaderTask.run(LauncherModel.java:1655)
12-05 14:31:04.721  4649  4895 E AutoInstalls: 	at android.os.Handler.handleCallback(Handler.java:739)
12-05 14:31:04.721  4649  4895 E AutoInstalls: 	at android.os.Handler.dispatchMessage(Handler.java:95)
12-05 14:31:04.721  4649  4895 E AutoInstalls: 	at android.os.Looper.loop(Looper.java:148)
12-05 14:31:04.721  4649  4895 E AutoInstalls: 	at android.os.HandlerThread.run(HandlerThread.java:61)
12-05 14:31:04.729  4649  4909 W         : g2d fimg library does not exist
12-05 14:31:04.745  4649  4895 E AutoInstalls: Unable to add favorite: com.google.android.music/com.android.music.activitymanagement.TopLevelActivity
12-05 14:31:04.745  4649  4895 E AutoInstalls: android.content.pm.PackageManager$NameNotFoundException: ComponentInfo{com.google.android.music/com.android.music.activitymanagement.TopLevelActivity}
12-05 14:31:04.745  4649  4895 E AutoInstalls: 	at android.app.ApplicationPackageManager.getActivityInfo(ApplicationPackageManager.java:343)
12-05 14:31:04.745  4649  4895 E AutoInstalls: 	at com.android.launcher3.AutoInstallsLayout$AppShortcutParser.parseAndAdd(AutoInstallsLayout.java:347)
12-05 14:31:04.745  4649  4895 E AutoInstalls: 	at com.android.launcher3.AutoInstallsLayout$FolderParser.parseAndAdd(AutoInstallsLayout.java:595)
12-05 14:31:04.745  4649  4895 E AutoInstalls: 	at com.android.launcher3.DefaultLayoutParser$MyFolderParser.parseAndAdd(DefaultLayoutParser.java:271)
12-05 14:31:04.745  4649  4895 E AutoInstalls: 	at com.android.launcher3.AutoInstallsLayout.parseAndAddNode(AutoInstallsLayout.java:272)
12-05 14:31:04.745  4649  4895 E AutoInstalls: 	at com.android.launcher3.AutoInstallsLayout.parseLayout(AutoInstallsLayout.java:217)
12-05 14:31:04.745  4649  4895 E AutoInstalls: 	at com.android.launcher3.AutoInstallsLayout.loadLayout(AutoInstallsLayout.java:193)
12-05 14:31:04.745  4649  4895 E AutoInstalls: 	at com.android.launcher3.LauncherProvider$DatabaseHelper.loadFavorites(LauncherProvider.java:1292)
12-05 14:31:04.745  4649  4895 E AutoInstalls: 	at com.android.launcher3.LauncherProvider.loadDefaultFavoritesIfNecessary(LauncherProvider.java:406)
12-05 14:31:04.745  4649  4895 E AutoInstalls: 	at com.android.launcher3.LauncherModel$LoaderTask.loadWorkspace(LauncherModel.java:1967)
12-05 14:31:04.745  4649  4895 E AutoInstalls: 	at com.android.launcher3.LauncherModel$LoaderTask.loadAndBindWorkspace(LauncherModel.java:1558)
12-05 14:31:04.745  4649  4895 E AutoInstalls: 	at com.android.launcher3.LauncherModel$LoaderTask.run(LauncherModel.java:1655)
12-05 14:31:04.745  4649  4895 E AutoInstalls: 	at android.os.Handler.handleCallback(Handler.java:739)
12-05 14:31:04.745  4649  4895 E AutoInstalls: 	at android.os.Handler.dispatchMessage(Handler.java:95)
12-05 14:31:04.745  4649  4895 E AutoInstalls: 	at android.os.Looper.loop(Looper.java:148)
12-05 14:31:04.745  4649  4895 E AutoInstalls: 	at android.os.HandlerThread.run(HandlerThread.java:61)
12-05 14:31:04.752  4649  4895 E AutoInstalls: Unable to add favorite: com.google.android.videos/com.google.android.youtube.videos.EntryPoint
12-05 14:31:04.752  4649  4895 E AutoInstalls: android.content.pm.PackageManager$NameNotFoundException: ComponentInfo{com.google.android.videos/com.google.android.youtube.videos.EntryPoint}
12-05 14:31:04.752  4649  4895 E AutoInstalls: 	at android.app.ApplicationPackageManager.getActivityInfo(ApplicationPackageManager.java:343)
12-05 14:31:04.752  4649  4895 E AutoInstalls: 	at com.android.launcher3.AutoInstallsLayout$AppShortcutParser.parseAndAdd(AutoInstallsLayout.java:347)
12-05 14:31:04.752  4649  4895 E AutoInstalls: 	at com.android.launcher3.AutoInstallsLayout$FolderParser.parseAndAdd(AutoInstallsLayout.java:595)
12-05 14:31:04.752  4649  4895 E AutoInstalls: 	at com.android.launcher3.DefaultLayoutParser$MyFolderParser.parseAndAdd(DefaultLayoutParser.java:271)
12-05 14:31:04.752  4649  4895 E AutoInstalls: 	at com.android.launcher3.AutoInstallsLayout.parseAndAddNode(AutoInstallsLayout.java:272)
12-05 14:31:04.752  4649  4895 E AutoInstalls: 	at com.android.launcher3.AutoInstallsLayout.parseLayout(AutoInstallsLayout.java:217)
12-05 14:31:04.752  4649  4895 E AutoInstalls: 	at com.android.launcher3.AutoInstallsLayout.loadLayout(AutoInstallsLayout.java:193)
12-05 14:31:04.752  4649  4895 E AutoInstalls: 	at com.android.launcher3.LauncherProvider$DatabaseHelper.loadFavorites(LauncherProvider.java:1292)
12-05 14:31:04.752  4649  4895 E AutoInstalls: 	at com.android.launcher3.LauncherProvider.loadDefaultFavoritesIfNecessary(LauncherProvider.java:406)
12-05 14:31:04.752  4649  4895 E AutoInstalls: 	at com.android.launcher3.LauncherModel$LoaderTask.loadWorkspace(LauncherModel.java:1967)
12-05 14:31:04.752  4649  4895 E AutoInstalls: 	at com.android.launcher3.LauncherModel$LoaderTask.loadAndBindWorkspace(LauncherModel.java:1558)
12-05 14:31:04.752  4649  4895 E AutoInstalls: 	at com.android.launcher3.LauncherModel$LoaderTask.run(LauncherModel.java:1655)
12-05 14:31:04.752  4649  4895 E AutoInstalls: 	at android.os.Handler.handleCallback(Handler.java:739)
12-05 14:31:04.752  4649  4895 E AutoInstalls: 	at android.os.Handler.dispatchMessage(Handler.java:95)
12-05 14:31:04.752  4649  4895 E AutoInstalls: 	at android.os.Looper.loop(Looper.java:148)
12-05 14:31:04.752  4649  4895 E AutoInstalls: 	at android.os.HandlerThread.run(HandlerThread.java:61)
12-05 14:31:04.752  3341  3360 I ActivityManager: Displayed com.cyanogenmod.trebuchet/com.android.launcher3.Launcher: +434ms
12-05 14:31:04.755  4649  4895 E AutoInstalls: Unable to add favorite: com.google.android.play.games/com.google.android.gms.games.ui.destination.main.MainActivity
12-05 14:31:04.755  4649  4895 E AutoInstalls: android.content.pm.PackageManager$NameNotFoundException: ComponentInfo{com.google.android.play.games/com.google.android.gms.games.ui.destination.main.MainActivity}
12-05 14:31:04.755  4649  4895 E AutoInstalls: 	at android.app.ApplicationPackageManager.getActivityInfo(ApplicationPackageManager.java:343)
12-05 14:31:04.755  4649  4895 E AutoInstalls: 	at com.android.launcher3.AutoInstallsLayout$AppShortcutParser.parseAndAdd(AutoInstallsLayout.java:347)
12-05 14:31:04.755  4649  4895 E AutoInstalls: 	at com.android.launcher3.AutoInstallsLayout$FolderParser.parseAndAdd(AutoInstallsLayout.java:595)
12-05 14:31:04.755  4649  4895 E AutoInstalls: 	at com.android.launcher3.DefaultLayoutParser$MyFolderParser.parseAndAdd(DefaultLayoutParser.java:271)
12-05 14:31:04.755  4649  4895 E AutoInstalls: 	at com.android.launcher3.AutoInstallsLayout.parseAndAddNode(AutoInstallsLayout.java:272)
12-05 14:31:04.755  4649  4895 E AutoInstalls: 	at com.android.launcher3.AutoInstallsLayout.parseLayout(AutoInstallsLayout.java:217)
12-05 14:31:04.755  4649  4895 E AutoInstalls: 	at com.android.launcher3.AutoInstallsLayout.loadLayout(AutoInstallsLayout.java:193)
12-05 14:31:04.755  4649  4895 E AutoInstalls: 	at com.android.launcher3.LauncherProvider$DatabaseHelper.loadFavorites(LauncherProvider.java:1292)
12-05 14:31:04.755  4649  4895 E AutoInstalls: 	at com.android.launcher3.LauncherProvider.loadDefaultFavoritesIfNecessary(LauncherProvider.java:406)
12-05 14:31:04.755  4649  4895 E AutoInstalls: 	at com.android.launcher3.LauncherModel$LoaderTask.loadWorkspace(LauncherModel.java:1967)
12-05 14:31:04.755  4649  4895 E AutoInstalls: 	at com.android.launcher3.LauncherModel$LoaderTask.loadAndBindWorkspace(LauncherModel.java:1558)
12-05 14:31:04.755  4649  4895 E AutoInstalls: 	at com.android.launcher3.LauncherModel$LoaderTask.run(LauncherModel.java:1655)
12-05 14:31:04.755  4649  4895 E AutoInstalls: 	at android.os.Handler.handleCallback(Handler.java:739)
12-05 14:31:04.755  4649  4895 E AutoInstalls: 	at android.os.Handler.dispatchMessage(Handler.java:95)
12-05 14:31:04.755  4649  4895 E AutoInstalls: 	at android.os.Looper.loop(Looper.java:148)
12-05 14:31:04.755  4649  4895 E AutoInstalls: 	at android.os.HandlerThread.run(HandlerThread.java:61)
12-05 14:31:04.758  4649  4895 E AutoInstalls: Unable to add favorite: com.google.android.apps.books/com.google.android.apps.books.app.BooksActivity
12-05 14:31:04.758  4649  4895 E AutoInstalls: android.content.pm.PackageManager$NameNotFoundException: ComponentInfo{com.google.android.apps.books/com.google.android.apps.books.app.BooksActivity}
12-05 14:31:04.758  4649  4895 E AutoInstalls: 	at android.app.ApplicationPackageManager.getActivityInfo(ApplicationPackageManager.java:343)
12-05 14:31:04.758  4649  4895 E AutoInstalls: 	at com.android.launcher3.AutoInstallsLayout$AppShortcutParser.parseAndAdd(AutoInstallsLayout.java:347)
12-05 14:31:04.758  4649  4895 E AutoInstalls: 	at com.android.launcher3.AutoInstallsLayout$FolderParser.parseAndAdd(AutoInstallsLayout.java:595)
12-05 14:31:04.758  4649  4895 E AutoInstalls: 	at com.android.launcher3.DefaultLayoutParser$MyFolderParser.parseAndAdd(DefaultLayoutParser.java:271)
12-05 14:31:04.758  4649  4895 E AutoInstalls: 	at com.android.launcher3.AutoInstallsLayout.parseAndAddNode(AutoInstallsLayout.java:272)
12-05 14:31:04.758  4649  4895 E AutoInstalls: 	at com.android.launcher3.AutoInstallsLayout.parseLayout(AutoInstallsLayout.java:217)
12-05 14:31:04.758  4649  4895 E AutoInstalls: 	at com.android.launcher3.AutoInstallsLayout.loadLayout(AutoInstallsLayout.java:193)
12-05 14:31:04.758  4649  4895 E AutoInstalls: 	at com.android.launcher3.LauncherProvider$DatabaseHelper.loadFavorites(LauncherProvider.java:1292)
12-05 14:31:04.758  4649  4895 E AutoInstalls: 	at com.android.launcher3.LauncherProvider.loadDefaultFavoritesIfNecessary(LauncherProvider.java:406)
12-05 14:31:04.758  4649  4895 E AutoInstalls: 	at com.android.launcher3.LauncherModel$LoaderTask.loadWorkspace(LauncherModel.java:1967)
12-05 14:31:04.758  4649  4895 E AutoInstalls: 	at com.android.launcher3.LauncherModel$LoaderTask.loadAndBindWorkspace(LauncherModel.java:1558)
12-05 14:31:04.758  4649  4895 E AutoInstalls: 	at com.android.launcher3.LauncherModel$LoaderTask.run(LauncherModel.java:1655)
12-05 14:31:04.758  4649  4895 E AutoInstalls: 	at android.os.Handler.handleCallback(Handler.java:739)
12-05 14:31:04.758  4649  4895 E AutoInstalls: 	at android.os.Handler.dispatchMessage(Handler.java:95)
12-05 14:31:04.758  4649  4895 E AutoInstalls: 	at android.os.Looper.loop(Looper.java:148)
12-05 14:31:04.758  4649  4895 E AutoInstalls: 	at android.os.HandlerThread.run(HandlerThread.java:61)
12-05 14:31:04.762  4649  4895 E AutoInstalls: Unable to add favorite: com.google.android.apps.magazines/com.google.apps.dots.android.app.activity.CurrentsStartActivity
12-05 14:31:04.762  4649  4895 E AutoInstalls: android.content.pm.PackageManager$NameNotFoundException: ComponentInfo{com.google.android.apps.magazines/com.google.apps.dots.android.app.activity.CurrentsStartActivity}
12-05 14:31:04.762  4649  4895 E AutoInstalls: 	at android.app.ApplicationPackageManager.getActivityInfo(ApplicationPackageManager.java:343)
12-05 14:31:04.762  4649  4895 E AutoInstalls: 	at com.android.launcher3.AutoInstallsLayout$AppShortcutParser.parseAndAdd(AutoInstallsLayout.java:347)
12-05 14:31:04.762  4649  4895 E AutoInstalls: 	at com.android.launcher3.AutoInstallsLayout$FolderParser.parseAndAdd(AutoInstallsLayout.java:595)
12-05 14:31:04.762  4649  4895 E AutoInstalls: 	at com.android.launcher3.DefaultLayoutParser$MyFolderParser.parseAndAdd(DefaultLayoutParser.java:271)
12-05 14:31:04.762  4649  4895 E AutoInstalls: 	at com.android.launcher3.AutoInstallsLayout.parseAndAddNode(AutoInstallsLayout.java:272)
12-05 14:31:04.762  4649  4895 E AutoInstalls: 	at com.android.launcher3.AutoInstallsLayout.parseLayout(AutoInstallsLayout.java:217)
12-05 14:31:04.762  4649  4895 E AutoInstalls: 	at com.android.launcher3.AutoInstallsLayout.loadLayout(AutoInstallsLayout.java:193)
12-05 14:31:04.762  4649  4895 E AutoInstalls: 	at com.android.launcher3.LauncherProvider$DatabaseHelper.loadFavorites(LauncherProvider.java:1292)
12-05 14:31:04.762  4649  4895 E AutoInstalls: 	at com.android.launcher3.LauncherProvider.loadDefaultFavoritesIfNecessary(LauncherProvider.java:406)
12-05 14:31:04.762  4649  4895 E AutoInstalls: 	at com.android.launcher3.LauncherModel$LoaderTask.loadWorkspace(LauncherModel.java:1967)
12-05 14:31:04.762  4649  4895 E AutoInstalls: 	at com.android.launcher3.LauncherModel$LoaderTask.loadAndBindWorkspace(LauncherModel.java:1558)
12-05 14:31:04.762  4649  4895 E AutoInstalls: 	at com.android.launcher3.LauncherModel$LoaderTask.run(LauncherModel.java:1655)
12-05 14:31:04.762  4649  4895 E AutoInstalls: 	at android.os.Handler.handleCallback(Handler.java:739)
12-05 14:31:04.762  4649  4895 E AutoInstalls: 	at android.os.Handler.dispatchMessage(Handler.java:95)
12-05 14:31:04.762  4649  4895 E AutoInstalls: 	at android.os.Looper.loop(Looper.java:148)
12-05 14:31:04.762  4649  4895 E AutoInstalls: 	at android.os.HandlerThread.run(HandlerThread.java:61)
12-05 14:31:04.786  4649  4895 E AutoInstalls: Unable to add favorite: com.cyngn.themestore/com.cyngn.themestore.ui.StoreActivity
12-05 14:31:04.786  4649  4895 E AutoInstalls: android.content.pm.PackageManager$NameNotFoundException: ComponentInfo{com.cyngn.themestore/com.cyngn.themestore.ui.StoreActivity}
12-05 14:31:04.786  4649  4895 E AutoInstalls: 	at android.app.ApplicationPackageManager.getActivityInfo(ApplicationPackageManager.java:343)
12-05 14:31:04.786  4649  4895 E AutoInstalls: 	at com.android.launcher3.AutoInstallsLayout$AppShortcutParser.parseAndAdd(AutoInstallsLayout.java:347)
12-05 14:31:04.786  4649  4895 E AutoInstalls: 	at com.android.launcher3.AutoInstallsLayout.parseAndAddNode(AutoInstallsLayout.java:272)
12-05 14:31:04.786  4649  4895 E AutoInstalls: 	at com.android.launcher3.AutoInstallsLayout.parseLayout(AutoInstallsLayout.java:217)
12-05 14:31:04.786  4649  4895 E AutoInstalls: 	at com.android.launcher3.AutoInstallsLayout.loadLayout(AutoInstallsLayout.java:193)
12-05 14:31:04.786  4649  4895 E AutoInstalls: 	at com.android.launcher3.LauncherProvider$DatabaseHelper.loadFavorites(LauncherProvider.java:1292)
12-05 14:31:04.786  4649  4895 E AutoInstalls: 	at com.android.launcher3.LauncherProvider.loadDefaultFavoritesIfNecessary(LauncherProvider.java:406)
12-05 14:31:04.786  4649  4895 E AutoInstalls: 	at com.android.launcher3.LauncherModel$LoaderTask.loadWorkspace(LauncherModel.java:1967)
12-05 14:31:04.786  4649  4895 E AutoInstalls: 	at com.android.launcher3.LauncherModel$LoaderTask.loadAndBindWorkspace(LauncherModel.java:1558)
12-05 14:31:04.786  4649  4895 E AutoInstalls: 	at com.android.launcher3.LauncherModel$LoaderTask.run(LauncherModel.java:1655)
12-05 14:31:04.786  4649  4895 E AutoInstalls: 	at android.os.Handler.handleCallback(Handler.java:739)
12-05 14:31:04.786  4649  4895 E AutoInstalls: 	at android.os.Handler.dispatchMessage(Handler.java:95)
12-05 14:31:04.786  4649  4895 E AutoInstalls: 	at android.os.Looper.loop(Looper.java:148)
12-05 14:31:04.786  4649  4895 E AutoInstalls: 	at android.os.HandlerThread.run(HandlerThread.java:61)
12-05 14:31:04.788  4649  4895 E AutoInstalls: Unable to add favorite: com.android.vending/com.android.vending.AssetBrowserActivity
12-05 14:31:04.788  4649  4895 E AutoInstalls: android.content.pm.PackageManager$NameNotFoundException: ComponentInfo{com.android.vending/com.android.vending.AssetBrowserActivity}
12-05 14:31:04.788  4649  4895 E AutoInstalls: 	at android.app.ApplicationPackageManager.getActivityInfo(ApplicationPackageManager.java:343)
12-05 14:31:04.788  4649  4895 E AutoInstalls: 	at com.android.launcher3.AutoInstallsLayout$AppShortcutParser.parseAndAdd(AutoInstallsLayout.java:347)
12-05 14:31:04.788  4649  4895 E AutoInstalls: 	at com.android.launcher3.DefaultLayoutParser$ResolveParser.parseAndAdd(DefaultLayoutParser.java:222)
12-05 14:31:04.788  4649  4895 E AutoInstalls: 	at com.android.launcher3.AutoInstallsLayout.parseAndAddNode(AutoInstallsLayout.java:272)
12-05 14:31:04.788  4649  4895 E AutoInstalls: 	at com.android.launcher3.AutoInstallsLayout.parseLayout(AutoInstallsLayout.java:217)
12-05 14:31:04.788  4649  4895 E AutoInstalls: 	at com.android.launcher3.AutoInstallsLayout.loadLayout(AutoInstallsLayout.java:193)
12-05 14:31:04.788  4649  4895 E AutoInstalls: 	at com.android.launcher3.LauncherProvider$DatabaseHelper.loadFavorites(LauncherProvider.java:1292)
12-05 14:31:04.788  4649  4895 E AutoInstalls: 	at com.android.launcher3.LauncherProvider.loadDefaultFavoritesIfNecessary(LauncherProvider.java:406)
12-05 14:31:04.788  4649  4895 E AutoInstalls: 	at com.android.launcher3.LauncherModel$LoaderTask.loadWorkspace(LauncherModel.java:1967)
12-05 14:31:04.788  4649  4895 E AutoInstalls: 	at com.android.launcher3.LauncherModel$LoaderTask.loadAndBindWorkspace(LauncherModel.java:1558)
12-05 14:31:04.788  4649  4895 E AutoInstalls: 	at com.android.launcher3.LauncherModel$LoaderTask.run(LauncherModel.java:1655)
12-05 14:31:04.788  4649  4895 E AutoInstalls: 	at android.os.Handler.handleCallback(Handler.java:739)
12-05 14:31:04.788  4649  4895 E AutoInstalls: 	at android.os.Handler.dispatchMessage(Handler.java:95)
12-05 14:31:04.788  4649  4895 E AutoInstalls: 	at android.os.Looper.loop(Looper.java:148)
12-05 14:31:04.788  4649  4895 E AutoInstalls: 	at android.os.HandlerThread.run(HandlerThread.java:61)
12-05 14:31:04.789  4649  4895 E AutoInstalls: Unable to add favorite: org.cyanogenmod.theme.chooser/org.cyanogenmod.theme.chooser.ChooserActivity
12-05 14:31:04.789  4649  4895 E AutoInstalls: android.content.pm.PackageManager$NameNotFoundException: ComponentInfo{org.cyanogenmod.theme.chooser/org.cyanogenmod.theme.chooser.ChooserActivity}
12-05 14:31:04.789  4649  4895 E AutoInstalls: 	at android.app.ApplicationPackageManager.getActivityInfo(ApplicationPackageManager.java:343)
12-05 14:31:04.789  4649  4895 E AutoInstalls: 	at com.android.launcher3.AutoInstallsLayout$AppShortcutParser.parseAndAdd(AutoInstallsLayout.java:347)
12-05 14:31:04.789  4649  4895 E AutoInstalls: 	at com.android.launcher3.DefaultLayoutParser$ResolveParser.parseAndAdd(DefaultLayoutParser.java:222)
12-05 14:31:04.789  4649  4895 E AutoInstalls: 	at com.android.launcher3.AutoInstallsLayout.parseAndAddNode(AutoInstallsLayout.java:272)
12-05 14:31:04.789  4649  4895 E AutoInstalls: 	at com.android.launcher3.AutoInstallsLayout.parseLayout(AutoInstallsLayout.java:217)
12-05 14:31:04.789  4649  4895 E AutoInstalls: 	at com.android.launcher3.AutoInstallsLayout.loadLayout(AutoInstallsLayout.java:193)
12-05 14:31:04.789  4649  4895 E AutoInstalls: 	at com.android.launcher3.LauncherProvider$DatabaseHelper.loadFavorites(LauncherProvider.java:1292)
12-05 14:31:04.789  4649  4895 E AutoInstalls: 	at com.android.launcher3.LauncherProvider.loadDefaultFavoritesIfNecessary(LauncherProvider.java:406)
12-05 14:31:04.789  4649  4895 E AutoInstalls: 	at com.android.launcher3.LauncherModel$LoaderTask.loadWorkspace(LauncherModel.java:1967)
12-05 14:31:04.789  4649  4895 E AutoInstalls: 	at com.android.launcher3.LauncherModel$LoaderTask.loadAndBindWorkspace(LauncherModel.java:1558)
12-05 14:31:04.789  4649  4895 E AutoInstalls: 	at com.android.launcher3.LauncherModel$LoaderTask.run(LauncherModel.java:1655)
12-05 14:31:04.789  4649  4895 E AutoInstalls: 	at android.os.Handler.handleCallback(Handler.java:739)
12-05 14:31:04.789  4649  4895 E AutoInstalls: 	at android.os.Handler.dispatchMessage(Handler.java:95)
12-05 14:31:04.789  4649  4895 E AutoInstalls: 	at android.os.Looper.loop(Looper.java:148)
12-05 14:31:04.789  4649  4895 E AutoInstalls: 	at android.os.HandlerThread.run(HandlerThread.java:61)
12-05 14:31:04.815  3341  3355 I ActivityManager: Start proc 4914:com.cyanogenmod.eleven/u0a40 for broadcast com.cyanogenmod.eleven/.appwidgets.AppWidgetLarge
12-05 14:31:04.834  4649  4895 E AutoInstalls: Unable to add favorite: com.cyngn.gallerynext/com.cyngn.gallerynext.app.GalleryActivity
