12-13 17:53:14.610  3342  3342 D PackageManager: max thread:6
12-13 17:53:14.616  3342  3369 I PackageManager: /system/app/BluetoothMidiService changed; collecting certs
12-13 17:53:14.616  3342  3370 I PackageManager: /system/app/BasicDreams changed; collecting certs
12-13 17:53:14.617  3342  3368 I PackageManager: /system/app/CMWallpapers changed; collecting certs
12-13 17:53:14.622  3342  3372 W PackageParser: No actions in intent filter at /system/app/Bluetooth/Bluetooth.apk Binary XML file line #235
12-13 17:53:14.623  3342  3374 W PackageParser: No actions in intent filter at /system/app/CMFileManager/CMFileManager.apk Binary XML file line #164
12-13 17:53:14.623  3342  3372 I PackageManager: /system/app/Bluetooth changed; collecting certs
12-13 17:53:14.623  3342  3374 I PackageManager: /system/app/CMFileManager changed; collecting certs
12-13 17:53:14.625  3342  3371 I PackageManager: /system/app/Browser changed; collecting certs
12-13 17:53:14.633  3342  3370 I PackageManager: /system/app/CaptivePortalLogin changed; collecting certs
12-13 17:53:14.635  3342  3369 I PackageManager: /system/app/Calendar changed; collecting certs
12-13 17:53:14.653  3342  3372 I PackageManager: /system/app/CertInstaller changed; collecting certs
12-13 17:53:14.678  3342  3368 I PackageManager: /system/app/Development changed; collecting certs
12-13 17:53:14.681  3342  3371 I PackageManager: /system/app/DocumentsUI changed; collecting certs
12-13 17:53:14.684  3342  3370 I PackageManager: /system/app/DeskClock changed; collecting certs
12-13 17:53:14.690  3342  3374 I PackageManager: /system/app/DownloadProviderUi changed; collecting certs
12-13 17:53:14.700  3342  3372 I PackageManager: /system/app/Eleven changed; collecting certs
12-13 17:53:14.706  3342  3368 I PackageManager: /system/app/ExactCalculator changed; collecting certs
12-13 17:53:14.715  3342  3371 I PackageManager: /system/app/Galaxy4 changed; collecting certs
12-13 17:53:14.716  3342  3374 I PackageManager: /system/app/Exchange2 changed; collecting certs
12-13 17:53:14.722  3342  3369 I PackageManager: /system/app/Email changed; collecting certs
12-13 17:53:14.739  3342  3368 I PackageManager: /system/app/HTMLViewer changed; collecting certs
12-13 17:53:14.753  3342  3371 I PackageManager: /system/app/HoloSpiralWallpaper changed; collecting certs
12-13 17:53:14.756  3342  3370 I PackageManager: /system/app/KeyChain changed; collecting certs
12-13 17:53:14.761  3342  3374 I PackageManager: /system/app/HexoLibre changed; collecting certs
12-13 17:53:14.762  3342  3372 W PackageParser: Unknown element under <application>: permission at /system/app/Gallery2/Gallery2.apk Binary XML file line #279
12-13 17:53:14.762  3342  3372 W PackageParser: Unknown element under <application>: permission at /system/app/Gallery2/Gallery2.apk Binary XML file line #282
12-13 17:53:14.763  3342  3372 I PackageManager: /system/app/Gallery2 changed; collecting certs
12-13 17:53:14.776  3342  3371 I PackageManager: /system/app/LiveWallpapers changed; collecting certs
12-13 17:53:14.778  3342  3370 I PackageManager: /system/app/LiveWallpapersPicker changed; collecting certs
12-13 17:53:14.783  3342  3368 I PackageManager: /system/app/LatinIME changed; collecting certs
12-13 17:53:14.799  3342  3369 I PackageManager: /system/app/NoiseField changed; collecting certs
12-13 17:53:14.802  3342  3370 I PackageManager: /system/app/LockClock changed; collecting certs
12-13 17:53:14.804  3342  3371 I PackageManager: /system/app/PacProcessor changed; collecting certs
12-13 17:53:14.816  3342  3369 I PackageManager: /system/app/PhaseBeam changed; collecting certs
12-13 17:53:14.823  3342  3371 I PackageManager: /system/app/PhotoPhase changed; collecting certs
12-13 17:53:14.830  3342  3369 I PackageManager: /system/app/PhotoTable changed; collecting certs
12-13 17:53:14.844  3342  3369 I PackageManager: /system/app/PicoTts changed; collecting certs
12-13 17:53:14.854  3342  3371 I PackageManager: /system/app/PrintSpooler changed; collecting certs
12-13 17:53:14.859  3342  3372 I PackageManager: /system/app/Profiles changed; collecting certs
12-13 17:53:14.864  3342  3369 I PackageManager: /system/app/Provision changed; collecting certs
12-13 17:53:14.872  3342  3371 I PackageManager: /system/app/RootPA changed; collecting certs
12-13 17:53:14.873  3342  3372 I PackageManager: /system/app/SamsungServiceMode changed; collecting certs
12-13 17:53:14.887  3342  3370 I PackageManager: /system/app/SoundRecorder changed; collecting certs
12-13 17:53:14.891  3342  3369 I PackageManager: /system/app/Stk changed; collecting certs
12-13 17:53:14.894  3342  3371 I PackageManager: /system/app/Terminal changed; collecting certs
12-13 17:53:14.895  3342  3372 I PackageManager: /system/app/UserDictionaryProvider changed; collecting certs
12-13 17:53:14.913  3342  3370 I PackageManager: /system/app/WAPPushManager changed; collecting certs
12-13 17:53:14.915  3342  3369 I PackageManager: /system/app/WallpaperPicker changed; collecting certs
12-13 17:53:14.923  3342  3371 W PackageManager: Failed to parse /system/app/mcRegistry: Missing base APK in /system/app/mcRegistry
12-13 17:53:14.927  3342  3372 I PackageManager: /system/app/telresources changed; collecting certs
12-13 17:53:14.940  3342  3370 I PackageManager: /system/app/webview changed; collecting certs
12-13 17:53:14.943  3342  3371 I PackageManager: /system/app/messaging changed; collecting certs
12-13 17:53:15.093  3342  3342 D PackageManager: end scanDirLI:/system/app
12-13 17:53:15.093  3342  3342 D PackageManager: No files in app dir /system/vendor/app
12-13 17:53:15.093  3342  3342 D PackageManager: No files in app dir /oem/app
12-13 17:53:15.093  3342  3342 D PackageManager: No files in app dir /vendor/bundled-app
12-13 17:53:15.094  3342  3342 D PackageManager: No files in app dir /data/app
12-13 17:53:15.094  3342  3342 D PackageManager: No files in app dir /data/app-private
12-13 17:53:15.094  3342  3342 W PackageManager: Package com.android.dialer desires unavailable shared library com.qualcomm.qti.smartsearch; ignoring!
12-13 17:53:15.094  3342  3342 W PackageManager: Package com.android.gallery3d desires unavailable shared library com.google.android.media.effects; ignoring!
12-13 17:53:15.094  3342  3342 W PackageManager: Package com.android.gallery3d desires unavailable shared library com.google.android.media.effects; ignoring!
12-13 17:53:15.094  3342  3342 I PackageManager: Adjusting ABI for : org.cyanogenmod.cmsettings to arm64-v8a
12-13 17:53:15.094  3342  3342 I PackageManager: Adjusting ABI for : cyanogenmod.platform to arm64-v8a
12-13 17:53:15.094  2998  2998 E installd: invalid apk path '/system/framework/org.cyanogenmod.platform-res.apk' (bad prefix)
12-13 17:53:15.094  3342  3342 I PackageManager: Adjusting ABI for : com.android.server.telecom to arm64-v8a
12-13 17:53:15.095  3342  3342 I PackageManager: Adjusting ABI for : com.cyanogenmod.setupwizard to arm64-v8a
12-13 17:53:15.095  3342  3342 I PackageManager: Adjusting ABI for : com.android.keychain to arm64-v8a
12-13 17:53:15.095  3342  3342 I PackageManager: Adjusting ABI for : com.android.inputdevices to arm64-v8a
12-13 17:53:15.095  3342  3342 I PackageManager: Adjusting ABI for : com.android.location.fused to arm64-v8a
12-13 17:53:15.095  3342  3342 I PackageManager: Adjusting ABI for : com.android.development to arm64-v8a
12-13 17:53:15.095  3342  3342 I PackageManager: Adjusting ABI for : com.android.settings to arm64-v8a
12-13 17:53:15.095  3342  3342 I PackageManager: Adjusting ABI for : org.cyanogenmod.providers.datausage to arm64-v8a
12-13 17:53:15.095  3342  3342 I PackageManager: Adjusting ABI for : com.android.providers.settings to arm64-v8a
12-13 17:53:15.096  3342  3342 I PackageManager: Time to scan packages: 1.229 seconds
12-13 17:53:15.096  3342  3342 W PackageManager: Not granting permission android.permission.INTERACT_ACROSS_USERS_FULL to package org.cyanogenmod.snap (protectionLevel=258 flags=0x3858bc45)
12-13 17:53:15.096  3342  3342 W PackageManager: Not granting permission android.permission.SET_ORIENTATION to package org.cyanogenmod.snap (protectionLevel=2 flags=0x3858bc45)
12-13 17:53:15.096  3342  3342 W PackageManager: Unknown permission com.google.android.googleapps.permission.GOOGLE_AUTH in package com.android.providers.calendar
12-13 17:53:15.096  3342  3342 W PackageManager: Unknown permission com.google.android.googleapps.permission.GOOGLE_AUTH.cl in package com.android.providers.calendar
12-13 17:53:15.097  3342  3342 W PackageManager: Not granting permission android.permission.REAL_GET_TASKS to package org.cyanogenmod.wallpapers.photophase (protectionLevel=18 flags=0x3818be45)
12-13 17:53:15.097  3342  3342 W PackageManager: Unknown permission android.permission.CANCEL_NOTIFICATIONS in package org.cyanogenmod.theme.chooser2
12-13 17:53:15.097  3342  3342 W PackageManager: Unknown permission com.cyanogen.ambient.permission.BIND_CALLER_INFO in package com.android.messaging
12-13 17:53:15.097  3342  3342 W PackageManager: Unknown permission com.cyanogen.ambient.permission.BIND_RIDEINPROGRESS_SERVICE in package com.android.messaging
12-13 17:53:15.097  3342  3342 W PackageManager: Unknown permission com.cyanogen.ambient.permission.BIND_RIDESHARING_SERVICE in package com.android.messaging
12-13 17:53:15.097  3342  3342 W PackageManager: Not granting permission android.permission.ACCESS_DOWNLOAD_MANAGER to package com.android.browser (protectionLevel=18 flags=0x3849be45)
12-13 17:53:15.097  3342  3342 W PackageManager: Not granting permission android.permission.SEND_DOWNLOAD_COMPLETED_INTENTS to package com.android.browser (protectionLevel=2 flags=0x3849be45)
12-13 17:53:15.098  3342  3342 W PackageManager: Unknown permission com.cyngn.stats.SEND_ANALYTICS in package com.cyanogenmod.setupwizard
12-13 17:53:15.098  3342  3342 W PackageManager: Unknown permission com.cyanogen.permission.REQUEST_KILL_SWITCH_OP in package com.cyanogenmod.setupwizard
12-13 17:53:15.098  3342  3342 W PackageManager: Unknown permission com.cyanogen.ambient.permission.BIND_INCALL_SERVICE in package com.android.contacts
12-13 17:53:15.098  3342  3342 W PackageManager: Unknown permission com.cyanogen.ambient.permission.PLUGIN_STATUS_CHANGED in package com.android.contacts
12-13 17:53:15.098  3342  3342 W PackageManager: Unknown permission com.cyanogen.ambient.permission.BIND_CALLER_INFO in package com.android.contacts
12-13 17:53:15.098  3342  3342 W PackageManager: Unknown permission com.google.android.googleapps.permission.GOOGLE_AUTH.mail in package com.android.calendar
12-13 17:53:15.098  3342  3342 W PackageManager: Unknown permission com.android.launcher.permission.READ_SETTINGS in package com.android.onetimeinitializer
12-13 17:53:15.098  3342  3342 W PackageManager: Unknown permission com.android.launcher.permission.WRITE_SETTINGS in package com.android.onetimeinitializer
12-13 17:53:15.099  3342  3342 W PackageManager: Unknown permission com.cyanogen.ambient.permission.BIND_INCALL_SERVICE in package com.android.dialer
12-13 17:53:15.099  3342  3342 W PackageManager: Unknown permission com.cyanogen.ambient.permission.PLUGIN_STATUS_CHANGED in package com.android.dialer
12-13 17:53:15.099  3342  3342 W PackageManager: Unknown permission com.cyanogen.ambient.permission.PUBLISH_DISCOVERY_NUDGE in package com.android.dialer
12-13 17:53:15.099  3342  3342 W PackageManager: Unknown permission com.cyanogen.ambient.permission.BIND_DEEPLINK_SERVICE in package com.android.dialer
12-13 17:53:15.099  3342  3342 W PackageManager: Unknown permission com.cyanogen.ambient.permission.READ_DEEPLINK_DATABASE in package com.android.dialer
12-13 17:53:15.099  3342  3342 W PackageManager: Unknown permission com.cyanogen.ambient.permission.BIND_CALLER_INFO in package com.android.dialer
12-13 17:53:15.099  3342  3342 W PackageManager: Unknown permission com.android.launcher.permission.READ_SETTINGS in package com.cyanogenmod.trebuchet
12-13 17:53:15.099  3342  3342 W PackageManager: Unknown permission com.android.launcher.permission.WRITE_SETTINGS in package com.cyanogenmod.trebuchet
12-13 17:53:15.099  3342  3342 W PackageManager: Unknown permission com.cyngn.stats.SEND_ANALYTICS in package com.cyanogenmod.trebuchet
12-13 17:53:15.099  3342  3342 W PackageManager: Unknown permission com.google.android.permission.INSTALL_WEARABLE_PACKAGES in package com.android.packageinstaller
12-13 17:53:15.099  3342  3342 W PackageManager: Not granting permission android.permission.DELETE_PACKAGES to package com.svox.pico (protectionLevel=18 flags=0x3808be45)
12-13 17:53:15.099  3342  3342 W PackageManager: Unknown permission android.permission.ACCESS_SUPERUSER in package com.cyanogenmod.filemanager
12-13 17:53:15.099  3342  3342 W PackageManager: Unknown permission com.cyanogenmod.filemanager.permissions.READ_THEME in package com.cyanogenmod.filemanager
12-13 17:53:15.099  3342  3342 W PackageManager: Unknown permission com.google.android.gallery3d.permission.PICASA_STORE in package com.android.dreams.phototable
12-13 17:53:15.100  3342  3342 W PackageManager: Unknown permission com.google.android.googleapps.permission.GOOGLE_AUTH in package com.android.settings
12-13 17:53:15.100  3342  3342 W PackageManager: Unknown permission com.android.launcher.permission.READ_SETTINGS in package com.android.settings
12-13 17:53:15.100  3342  3342 W PackageManager: Unknown permission com.android.launcher.permission.WRITE_SETTINGS in package com.android.settings
12-13 17:53:15.100  3342  3342 W PackageManager: Not granting permission android.permission.REAL_GET_TASKS to package com.cyanogenmod.eleven (protectionLevel=18 flags=0x3818be65)
12-13 17:53:15.102  3342  3342 W PackageManager: Unknown permission com.google.android.gallery3d.permission.GALLERY_PROVIDER in package com.android.bluetooth
12-13 17:53:15.103  3342  3342 W PackageManager: Unknown permission com.google.android.googleapps.permission.ACCESS_GOOGLE_PASSWORD in package com.android.development
12-13 17:53:15.103  3342  3342 W PackageManager: Unknown permission com.google.android.googleapps.permission.GOOGLE_AUTH in package com.android.development
12-13 17:53:15.103  3342  3342 W PackageManager: Unknown permission com.google.android.googleapps.permission.GOOGLE_AUTH.ALL_SERVICES in package com.android.development
12-13 17:53:15.103  3342  3342 W PackageManager: Unknown permission com.google.android.googleapps.permission.GOOGLE_AUTH.YouTubeUser in package com.android.development
12-13 17:53:15.103  3342  3342 V PackageManager: Disabling com.google.android.gsf/com.google.android.gsf.update.SystemUpdateActivity
12-13 17:53:15.103  3342  3342 W PackageManager: Unable to disable com.google.android.gsf/com.google.android.gsf.update.SystemUpdateActivity
12-13 17:53:15.103  3342  3342 V PackageManager: Disabling com.google.android.gsf/com.google.android.gsf.update.SystemUpdateService$Receiver
12-13 17:53:15.103  3342  3342 W PackageManager: Unable to disable com.google.android.gsf/com.google.android.gsf.update.SystemUpdateService$Receiver
12-13 17:53:15.103  3342  3342 V PackageManager: Disabling com.google.android.gsf/com.google.android.gsf.update.SystemUpdateService$SecretCodeReceiver
12-13 17:53:15.103  3342  3342 W PackageManager: Unable to disable com.google.android.gsf/com.google.android.gsf.update.SystemUpdateService$SecretCodeReceiver
12-13 17:53:15.103  3342  3342 V PackageManager: Disabling com.google.android.gms/com.google.android.gms.update.SystemUpdateActivity
12-13 17:53:15.103  3342  3342 W PackageManager: Unable to disable com.google.android.gms/com.google.android.gms.update.SystemUpdateActivity
12-13 17:53:15.103  3342  3342 V PackageManager: Disabling com.google.android.gms/com.google.android.gms.update.SystemUpdateService$Receiver
12-13 17:53:15.103  3342  3342 W PackageManager: Unable to disable com.google.android.gms/com.google.android.gms.update.SystemUpdateService$Receiver
12-13 17:53:15.103  3342  3342 V PackageManager: Disabling com.google.android.gms/com.google.android.gms.update.SystemUpdateService$ActiveReceiver
12-13 17:53:15.103  3342  3342 W PackageManager: Unable to disable com.google.android.gms/com.google.android.gms.update.SystemUpdateService$ActiveReceiver
12-13 17:53:15.103  3342  3342 V PackageManager: Disabling com.google.android.gms/com.google.android.gms.update.SystemUpdateService$SecretCodeReceiver
12-13 17:53:15.103  3342  3342 W PackageManager: Unable to disable com.google.android.gms/com.google.android.gms.update.SystemUpdateService$SecretCodeReceiver
12-13 17:53:15.103  3342  3342 V PackageManager: Enabling com.google.android.gsf/com.google.android.gsf.update.SystemUpdateService
12-13 17:53:15.103  3342  3342 W PackageManager: Unable to enable com.google.android.gsf/com.google.android.gsf.update.SystemUpdateService
12-13 17:53:15.103  3342  3342 V PackageManager: Enabling com.google.android.gms/com.google.android.gms.update.SystemUpdateService
12-13 17:53:15.103  3342  3342 W PackageManager: Unable to enable com.google.android.gms/com.google.android.gms.update.SystemUpdateService
12-13 17:53:15.142  3342  3342 I art     : Starting a blocking GC Explicit
12-13 17:53:15.168  3342  3342 I art     : Explicit concurrent mark sweep GC freed 238074(13MB) AllocSpace objects, 56(5MB) LOS objects, 33% free, 27MB/41MB, paused 184us total 25.225ms
12-13 17:53:15.168  3342  3342 I SystemServer: User Service
12-13 17:53:15.174  2935  2935 I lowmemorykiller: ActivityManager connected
12-13 17:53:15.175  3342  3378 I         : System server: starting sensor init.
12-13 17:53:15.175  3342  3342 I SystemServiceManager: Starting com.android.server.BatteryService
12-13 17:53:15.175  3342  3378 D SensorService: nuSensorService starting...
12-13 17:53:15.178  3342  3378 I Sensors : getName:gyro_sensor name = K6DS3TR.
12-13 17:53:15.178  3342  3378 I Sensors : Proximity old sensor_state 0, new sensor_state : 128 en : 1
12-13 17:53:15.179  3342  3342 I SystemServiceManager: Starting com.android.server.usage.UsageStatsService
12-13 17:53:15.190  3342  3342 I UsageStatsDatabase: Upgrading from version 0 to 3
12-13 17:53:15.190  3342  3342 I UsageStatsDatabase: Deleting all usage stats files
12-13 17:53:15.191  3342  3342 I UsageStatsService: User[0] Rollover scheduled @ 2016-12-14 00:00:00(1481673600000)
12-13 17:53:15.194  3342  3378 I Sensors : Light old sensor_state 128, new sensor_state : 640 en : 1
12-13 17:53:15.195  3342  3342 I UsageStatsService: User[0] Flushing usage stats to disk
12-13 17:53:15.199  3342  3378 I Sensors : Light_IR old sensor_state 640, new sensor_state : 16777856 en : 1
12-13 17:53:15.199  3342  3378 E Sensors : Light_IR_Sensor write failed. ret = -1, sensor_state = 16777856
12-13 17:53:15.200  3342  3378 I Sensors : SigMotionSensor old sensor_state 640, new sensor_state : 17024 en : 1
12-13 17:53:15.205  3342  3342 I SystemServiceManager: Starting com.android.server.webkit.WebViewUpdateService
12-13 17:53:15.205  3342  3378 I Sensors : getName:gyro_sensor name = K6DS3TR.
12-13 17:53:15.206  3342  3378 I Sensors : StepCounterSensor old sensor_state 17024, new sensor_state : 279168 en : 1
12-13 17:53:15.206  3342  3378 E Sensors : StepCounterSensor write failed. ret = -1, sensor_state = 279168
12-13 17:53:15.206  3342  3378 I Sensors : Int.Gyro old sensor_state 17024, new sensor_state : 33571456 en : 1
12-13 17:53:15.206  3342  3378 E Sensors : Int.GyroSensor write failed. ret = -1, sensor_state = 33571456
12-13 17:53:15.206  3342  3378 I Sensors : getName:gyro_sensor name = K6DS3TR.
12-13 17:53:15.206  3342  3378 I Sensors : HrmSpO2Sensor:: part type = 12.
12-13 17:53:15.206  3342  3378 D Sensors : HrmSpO2Sensor::type:12, prox threshold:10000
12-13 17:53:15.206  3342  3378 D Sensors : HrmSpO2Sensor::handle:0 ,en:1
12-13 17:53:15.206  3342  3378 E Sensors : HrmSpO2Sensor::Error MAXIM Flicker Library...handle=0x0
12-13 17:53:15.206  3342  3378 D Sensors : HrmSpO2Sensor::HrmSpO2Sensor: Shared version Registered
12-13 17:53:15.206  3342  3378 D Sensors : HrmLedSensor enable: mEnabled 0, handle 20, en 1
12-13 17:53:15.206  3342  3378 D Sensors : HRMSensor led enabled:1, en:1
12-13 17:53:15.206  3342  3342 I SystemServer: Reading configuration...
12-13 17:53:15.206  3342  3342 I SystemServer: Scheduling Policy
12-13 17:53:15.207  3342  3342 I SystemServiceManager: Starting com.android.server.telecom.TelecomLoaderService
12-13 17:53:15.208  3342  3342 I SystemServer: Telephony Registry
12-13 17:53:15.209  3342  3342 I SystemServer: Entropy Mixer
12-13 17:53:15.210  3342  3342 W EntropyMixer: No existing entropy file -- first boot?
12-13 17:53:15.210  3342  3378 I Sensors : getVendor:hrm_sensor vendor = MAXIM.
12-13 17:53:15.210  3342  3378 I Sensors : HrmLedSensor: HrmLedSensor vendor = MAXIM.
12-13 17:53:15.211  3342  3378 D Sensors : HRMSensor_LED::libhr open start!! 
12-13 17:53:15.211  3342  3378 E Sensors : HRMSensor_LED::libhr open failed 
12-13 17:53:15.211  3342  3378 E Sensors : GripSensor: enable
12-13 17:53:15.228  3342  3342 I EntropyMixer: Added HW RNG output to entropy pool
12-13 17:53:15.228  3342  3342 I EntropyMixer: Writing entropy...
12-13 17:53:15.240  3342  3342 I SystemServer: Camera Service
12-13 17:53:15.240  3342  3342 I SystemServiceManager: Starting com.android.server.camera.CameraService
12-13 17:53:15.242  3342  3378 I Sensors : Proximity old sensor_state 17024, new sensor_state : 16896 en : 0
12-13 17:53:15.242  3342  3378 I Sensors : Light old sensor_state 16896, new sensor_state : 16384 en : 0
12-13 17:53:15.242  3342  3378 I Sensors : SigMotionSensor old sensor_state 16384, new sensor_state : 0 en : 0
12-13 17:53:15.242  3342  3378 E Sensors : GripSensor: enable
12-13 17:53:15.242  3342  3378 D Sensors : HrmSpO2Sensor::handle:19 ,en:0
12-13 17:53:15.242  3342  3378 D Sensors : HrmSpO2Sensor::isEnabled:0 ,en:0, mEn:0
12-13 17:53:15.242  3342  3378 D Sensors : HrmSpO2Sensor::handle:28 ,en:0
12-13 17:53:15.242  3342  3378 D Sensors : HrmSpO2Sensor::isEnabled:0 ,en:0, mEn:0
12-13 17:53:15.242  3342  3378 D Sensors : HrmLedSensor enable: mEnabled 1, handle 20, en 0
12-13 17:53:15.242  3342  3378 D Sensors : HRMSensor_LED::enable 
12-13 17:53:15.242  3342  3378 D Sensors : HRMSensor led enabled:0, en:0
12-13 17:53:15.242  3342  3385 I ServiceThread: Enabled StrictMode logging for CameraService_proxy looper.
12-13 17:53:15.242  3342  3342 I SystemServer: Account Manager
12-13 17:53:15.243  3342  3378 D Sensors : HrmLedSensor enable: mEnabled 0, handle 21, en 0
12-13 17:53:15.243  3342  3378 D Sensors : HrmLedSensor isEnabled:0 ,en:0
12-13 17:53:15.243  3342  3378 D Sensors : HrmSpO2Sensor::handle:18 ,en:0
12-13 17:53:15.243  3342  3378 D Sensors : HrmSpO2Sensor::isEnabled:0 ,en:0, mEn:0
12-13 17:53:15.243  3342  3378 I         : System server: sensor init done.
12-13 17:53:15.244  3342  3386 D SensorService: new thread SensorEventAckReceiver
12-13 17:53:15.244  3342  3342 I SystemServer: Content Manager
12-13 17:53:15.244  3342  3387 D SensorService: nuSensorService thread starting...
12-13 17:53:15.245  3342  3342 I SystemServer: System Content Providers
12-13 17:53:15.247  3342  3342 W System  : ClassLoader referenced unknown path: /system/priv-app/CMSettingsProvider/lib/arm64
12-13 17:53:15.265  3342  3342 D ActivityThread: Loading provider settings: com.android.providers.settings.SettingsProvider
12-13 17:53:15.266  3342  3342 W System  : ClassLoader referenced unknown path: /system/priv-app/SettingsProvider/lib/arm64
12-13 17:53:15.286  3342  3342 W SettingsProvider: Invalid ro.telephony.default_network: 
12-13 17:53:15.301  3342  3342 D SettingsProvider: Generated and saved new ANDROID_ID [354207c576b44b1d] for user 0
12-13 17:53:15.321  3342  3342 I SystemServer: Vibrator Service
12-13 17:53:15.322  3342  3355 I SyncManager: No initial accounts
12-13 17:53:15.322  3342  3355 I SyncManager: No initial status
12-13 17:53:15.322  3342  3355 I SyncManager: No initial statistics
12-13 17:53:15.322  3342  3342 I SystemServer: Consumer IR Service
12-13 17:53:15.323  3342  3342 E ConsumerIrService: Can't open consumer IR HW Module, error: -2
12-13 17:53:15.323  3342  3342 I SystemServiceManager: Starting com.android.server.AlarmManagerService
12-13 17:53:15.337  3342  3342 I SystemServer: Init Watchdog
12-13 17:53:15.337  3342  3342 I SystemServer: Input Manager
12-13 17:53:15.337  3342  3342 I InputManager: Initializing input manager, mUseDevInputEventForAudioJack=false
12-13 17:53:15.337  3342  3342 I SystemServer: Window Manager
12-13 17:53:15.344  3342  3361 I WindowManager: No existing display settings /data/system/display_settings.xml; starting empty
12-13 17:53:15.366  3342  3342 I InputManager: Starting input manager
12-13 17:53:15.367  3342  3342 I SystemServer: Bluetooth Service
12-13 17:53:15.367  3342  3342 I SystemServiceManager: Starting com.android.server.BluetoothService
12-13 17:53:15.367  3342  3403 D EventHub: No input device configuration file found for device 'certify_hall'.
12-13 17:53:15.368  3342  3342 D BluetoothManagerService: Loading stored name and address
12-13 17:53:15.369  3342  3342 D BluetoothManagerService: Stored bluetooth Name=null,Address=null
12-13 17:53:15.369  3342  3342 D BluetoothService: onStart: publishing BluetoothManagerService
12-13 17:53:15.369  3342  3342 I SystemServer: Input Method Service
12-13 17:53:15.394  3342  3342 W InputMethodManagerService: No IME selected. Choose the most applicable IME.
12-13 17:53:15.394  3342  3342 I InputMethodManagerService: Default found, using com.android.inputmethod.latin/.LatinIME
12-13 17:53:15.395  3342  3342 I SystemServer: Accessibility Manager
12-13 17:53:15.396  3342  3342 I ActivityManager: choosing minFree values for 64 Bit
12-13 17:53:15.396  3342  3342 I ActivityManager: choosing minFree values for 64 Bit
12-13 17:53:15.396  3342  3342 I ActivityManager: choosing minFree values for 64 Bit
12-13 17:53:15.396  3342  3342 I ActivityManager: choosing minFree values for 64 Bit
12-13 17:53:15.396  3342  3342 I ActivityManager: choosing minFree values for 64 Bit
12-13 17:53:15.396  3342  3342 I ActivityManager: choosing minFree values for 64 Bit
12-13 17:53:15.396  3342  3342 I ActivityManager: Config changes=1df8 {1.0 ?mcc?mnc en_US ldltr sw360dp w360dp h640dp 640dpi nrml long port ?uimode ?night -touch -keyb/h/h -nav/h s.2 themeResource=null}
12-13 17:53:15.399  3342  3342 I ActivityManager: Config changes=400 {1.0 ?mcc?mnc en_US ldltr sw360dp w360dp h616dp 640dpi nrml long port ?uimode ?night -touch -keyb/h/h -nav/h s.3 themeResource=null}
12-13 17:53:15.399  3342  3342 I SystemServiceManager: Starting com.android.server.MountService$Lifecycle
12-13 17:53:15.403  3342  3342 I SystemServiceManager: Starting com.android.server.UiModeManagerService
12-13 17:53:15.403  3342  3404 D MountService: Thinking about reset, mSystemReady=false, mDaemonConnected=true
12-13 17:53:15.403  3342  3404 D MountService: Thinking about reset, mSystemReady=false, mDaemonConnected=true
12-13 17:53:15.403  3342  3404 D CryptdConnector: SND -> {1 cryptfs getfield SystemLocale}
12-13 17:53:15.403  3342  3342 I ActivityManager: Config changes=200 {1.0 ?mcc?mnc en_US ldltr sw360dp w360dp h616dp 640dpi nrml long port -touch -keyb/h/h -nav/h s.4 themeResource=null}
12-13 17:53:15.403  2920  2991 I Ext4Crypt: ext4 crypto complete called on /data
12-13 17:53:15.403  2920  2991 I Ext4Crypt: No master key, so not ext4enc
12-13 17:53:15.404  3342  3406 D CryptdConnector: RCV <- {200 1 -1}
12-13 17:53:15.404  3342  3404 W MountService: No primary storage mounted!
12-13 17:53:15.404  3342  3404 D VoldConnector: SND -> {1 asec list}
12-13 17:53:15.404  3342  3342 W PackageManager: No disk maintenance in 1481651595404; running immediately
12-13 17:53:15.404  3342  3342 I SystemServer: LockSettingsService
12-13 17:53:15.404  3342  3405 D VoldConnector: RCV <- {200 1 asec operation succeeded}
12-13 17:53:15.404  3342  3404 I PackageManager: No secure containers found
12-13 17:53:15.405  3342  3404 W PackageManager: Not granting permission android.permission.INTERACT_ACROSS_USERS_FULL to package org.cyanogenmod.snap (protectionLevel=258 flags=0x38d8bc45)
12-13 17:53:15.405  3342  3404 W PackageManager: Not granting permission android.permission.SET_ORIENTATION to package org.cyanogenmod.snap (protectionLevel=2 flags=0x38d8bc45)
12-13 17:53:15.405  3342  3404 W PackageManager: Unknown permission com.google.android.googleapps.permission.GOOGLE_AUTH in package com.android.providers.calendar
12-13 17:53:15.405  3342  3404 W PackageManager: Unknown permission com.google.android.googleapps.permission.GOOGLE_AUTH.cl in package com.android.providers.calendar
12-13 17:53:15.405  3342  3404 W PackageManager: Not granting permission android.permission.REAL_GET_TASKS to package org.cyanogenmod.wallpapers.photophase (protectionLevel=18 flags=0x3898be45)
12-13 17:53:15.405  3342  3404 W PackageManager: Unknown permission android.permission.CANCEL_NOTIFICATIONS in package org.cyanogenmod.theme.chooser2
12-13 17:53:15.405  3342  3404 W PackageManager: Unknown permission com.cyanogen.ambient.permission.BIND_CALLER_INFO in package com.android.messaging
12-13 17:53:15.405  3342  3404 W PackageManager: Unknown permission com.cyanogen.ambient.permission.BIND_RIDEINPROGRESS_SERVICE in package com.android.messaging
12-13 17:53:15.405  3342  3404 W PackageManager: Unknown permission com.cyanogen.ambient.permission.BIND_RIDESHARING_SERVICE in package com.android.messaging
12-13 17:53:15.405  3342  3404 W PackageManager: Not granting permission android.permission.ACCESS_DOWNLOAD_MANAGER to package com.android.browser (protectionLevel=18 flags=0x38c9be45)
12-13 17:53:15.405  3342  3404 W PackageManager: Not granting permission android.permission.SEND_DOWNLOAD_COMPLETED_INTENTS to package com.android.browser (protectionLevel=2 flags=0x38c9be45)
12-13 17:53:15.405  3342  3404 W PackageManager: Unknown permission com.cyngn.stats.SEND_ANALYTICS in package com.cyanogenmod.setupwizard
12-13 17:53:15.405  3342  3404 W PackageManager: Unknown permission com.cyanogen.permission.REQUEST_KILL_SWITCH_OP in package com.cyanogenmod.setupwizard
12-13 17:53:15.405  3342  3404 W PackageManager: Unknown permission com.cyanogen.ambient.permission.BIND_INCALL_SERVICE in package com.android.contacts
12-13 17:53:15.405  3342  3404 W PackageManager: Unknown permission com.cyanogen.ambient.permission.PLUGIN_STATUS_CHANGED in package com.android.contacts
12-13 17:53:15.405  3342  3404 W PackageManager: Unknown permission com.cyanogen.ambient.permission.BIND_CALLER_INFO in package com.android.contacts
12-13 17:53:15.405  3342  3404 W PackageManager: Unknown permission com.google.android.googleapps.permission.GOOGLE_AUTH.mail in package com.android.calendar
12-13 17:53:15.406  3342  3404 W PackageManager: Unknown permission com.android.launcher.permission.READ_SETTINGS in package com.android.onetimeinitializer
12-13 17:53:15.406  3342  3404 W PackageManager: Unknown permission com.android.launcher.permission.WRITE_SETTINGS in package com.android.onetimeinitializer
12-13 17:53:15.406  3342  3404 W PackageManager: Unknown permission com.cyanogen.ambient.permission.BIND_INCALL_SERVICE in package com.android.dialer
12-13 17:53:15.406  3342  3404 W PackageManager: Unknown permission com.cyanogen.ambient.permission.PLUGIN_STATUS_CHANGED in package com.android.dialer
12-13 17:53:15.406  3342  3404 W PackageManager: Unknown permission com.cyanogen.ambient.permission.PUBLISH_DISCOVERY_NUDGE in package com.android.dialer
12-13 17:53:15.406  3342  3404 W PackageManager: Unknown permission com.cyanogen.ambient.permission.BIND_DEEPLINK_SERVICE in package com.android.dialer
12-13 17:53:15.406  3342  3404 W PackageManager: Unknown permission com.cyanogen.ambient.permission.READ_DEEPLINK_DATABASE in package com.android.dialer
12-13 17:53:15.406  3342  3404 W PackageManager: Unknown permission com.cyanogen.ambient.permission.BIND_CALLER_INFO in package com.android.dialer
12-13 17:53:15.406  3342  3404 W PackageManager: Unknown permission com.android.launcher.permission.READ_SETTINGS in package com.cyanogenmod.trebuchet
12-13 17:53:15.406  3342  3404 W PackageManager: Unknown permission com.android.launcher.permission.WRITE_SETTINGS in package com.cyanogenmod.trebuchet
12-13 17:53:15.406  3342  3404 W PackageManager: Unknown permission com.cyngn.stats.SEND_ANALYTICS in package com.cyanogenmod.trebuchet
12-13 17:53:15.406  3342  3404 W PackageManager: Unknown permission com.google.android.permission.INSTALL_WEARABLE_PACKAGES in package com.android.packageinstaller
12-13 17:53:15.406  3342  3404 W PackageManager: Not granting permission android.permission.DELETE_PACKAGES to package com.svox.pico (protectionLevel=18 flags=0x3888be45)
12-13 17:53:15.406  3342  3342 I SystemServiceManager: Starting com.android.server.DeviceIdleController
12-13 17:53:15.406  3342  3404 W PackageManager: Unknown permission android.permission.ACCESS_SUPERUSER in package com.cyanogenmod.filemanager
12-13 17:53:15.406  3342  3404 W PackageManager: Unknown permission com.cyanogenmod.filemanager.permissions.READ_THEME in package com.cyanogenmod.filemanager
12-13 17:53:15.406  3342  3404 W PackageManager: Unknown permission com.google.android.gallery3d.permission.PICASA_STORE in package com.android.dreams.phototable
12-13 17:53:15.406  3342  3404 W PackageManager: Unknown permission com.google.android.googleapps.permission.GOOGLE_AUTH in package com.android.settings
12-13 17:53:15.406  3342  3404 W PackageManager: Unknown permission com.android.launcher.permission.READ_SETTINGS in package com.android.settings
12-13 17:53:15.406  3342  3404 W PackageManager: Unknown permission com.android.launcher.permission.WRITE_SETTINGS in package com.android.settings
12-13 17:53:15.407  3342  3404 W PackageManager: Not granting permission android.permission.REAL_GET_TASKS to package com.cyanogenmod.eleven (protectionLevel=18 flags=0x3898be65)
12-13 17:53:15.408  3342  3404 W PackageManager: Unknown permission com.google.android.gallery3d.permission.GALLERY_PROVIDER in package com.android.bluetooth
12-13 17:53:15.408  3342  3404 W PackageManager: Unknown permission com.google.android.googleapps.permission.ACCESS_GOOGLE_PASSWORD in package com.android.development
12-13 17:53:15.408  3342  3404 W PackageManager: Unknown permission com.google.android.googleapps.permission.GOOGLE_AUTH in package com.android.development
12-13 17:53:15.408  3342  3404 W PackageManager: Unknown permission com.google.android.googleapps.permission.GOOGLE_AUTH.ALL_SERVICES in package com.android.development
12-13 17:53:15.408  3342  3404 W PackageManager: Unknown permission com.google.android.googleapps.permission.GOOGLE_AUTH.YouTubeUser in package com.android.development
12-13 17:53:15.443  3342  3404 W MountService: No primary storage defined yet; hacking together a stub
12-13 17:53:15.444  3342  3404 W MountService: No primary storage defined yet; hacking together a stub
12-13 17:53:15.444  3342  3404 W MountService: No primary storage mounted!
12-13 17:53:15.444  3342  3404 D VoldConnector: SND -> {2 asec list}
12-13 17:53:15.444  3342  3405 D VoldConnector: RCV <- {200 2 asec operation succeeded}
12-13 17:53:15.444  3342  3342 I SystemServiceManager: Starting com.android.server.devicepolicy.DevicePolicyManagerService$Lifecycle
12-13 17:53:15.446  3342  3342 I SystemServer: Status Bar
12-13 17:53:15.446  3342  3342 I SystemServer: Clipboard Service
12-13 17:53:15.447  3342  3342 I SystemServer: NetworkManagement Service
12-13 17:53:15.449  3342  3342 I SystemServer: Text Service Manager Service
12-13 17:53:15.451  3342  3404 I MountService: Running fstrim idle maintenance
12-13 17:53:15.451  3342  3404 D VoldConnector: SND -> {3 fstrim dotrim}
12-13 17:53:15.452  3342  3405 D VoldConnector: RCV <- {200 3 Command succeeded}
12-13 17:53:15.452  2920  3408 D vold    : Starting trim of /efs
12-13 17:53:15.452  3342  3342 I SystemServer: Network Score Service
12-13 17:53:15.452  3342  3342 I SystemServer: NetworkStats Service
12-13 17:53:15.457  3342  3342 I SystemServer: NetworkPolicy Service
12-13 17:53:15.461  3342  3403 D EventHub: No input device configuration file found for device 'ssp_context'.
12-13 17:53:15.485  2997  2997 I AudioPolicyService: AudioPolicyService CSTOR in new mode
12-13 17:53:15.495  2997  2997 W APM::HwModule: loadOutput() invalid supported devices
12-13 17:53:15.495  2997  2997 W APM::HwModule: loadOutput() invalid supported devices
12-13 17:53:15.495  2997  2997 W APM::HwModule: loadInput() invalid supported devices
12-13 17:53:15.495  2997  2997 W APM::HwModule: loadInput() invalid supported devices
12-13 17:53:15.495  2997  2997 I APM::ConfigParsingUtils: loadAudioPolicyConfig() loaded /system/etc/audio_policy.conf
12-13 17:53:15.516  2920  3408 I vold    : Trimmed 13373440 bytes on /efs in 64ms
12-13 17:53:15.516  2920  3408 D vold    : Starting trim of /cache
12-13 17:53:15.516  3342  3405 D VoldConnector: RCV <- {662 /efs 13373440 64303807}
12-13 17:53:15.533  3342  3342 I SystemServiceManager: Starting com.android.server.wifi.p2p.WifiP2pService
12-13 17:53:15.551  3342  3403 D EventHub: No input device configuration file found for device 'meta_event'.
12-13 17:53:15.569  2920  3408 I vold    : Trimmed 178978816 bytes on /cache in 52ms
12-13 17:53:15.569  2920  3408 D vold    : Starting trim of /data
12-13 17:53:15.569  3342  3405 D VoldConnector: RCV <- {662 /cache 178978816 52386230}
12-13 17:53:15.611  3342  3403 D EventHub: No input device configuration file found for device 'interrupt_gyro_sensor'.
12-13 17:53:15.618  3342  3342 I WifiP2pService: Registering wifip2p
12-13 17:53:15.619  3342  3342 I SystemServiceManager: Starting com.android.server.wifi.WifiService
12-13 17:53:15.651  3342  3403 D EventHub: No input device configuration file found for device 'step_cnt_sensor'.
12-13 17:53:15.691  3342  3403 D EventHub: No input device configuration file found for device 'sig_motion_sensor'.
12-13 17:53:15.707  3342  3342 D HS20    : Passpoint is disabled
12-13 17:53:15.723  3342  3342 D WifiController: isAirplaneModeOn = false, isWifiEnabled = false, isScanningAvailable = false
12-13 17:53:15.724  3342  3342 I WifiService: Registering wifi
12-13 17:53:15.724  3342  3342 I SystemServiceManager: Starting com.android.server.wifi.WifiScanningService
12-13 17:53:15.724  3342  3342 I WifiScanningService: Creating wifiscanner
12-13 17:53:15.724  3342  3342 I WifiScanningService: Starting wifiscanner
12-13 17:53:15.725  3342  3342 I SystemServiceManager: Starting com.android.server.wifi.RttService
12-13 17:53:15.725  3342  3342 I RttService: Creating rttmanager
12-13 17:53:15.725  3342  3342 I RttService: Starting rttmanager
12-13 17:53:15.725  3342  3342 I SystemServiceManager: Starting com.android.server.ethernet.EthernetService
12-13 17:53:15.726  3342  3342 I EthernetServiceImpl: Creating EthernetConfigStore
12-13 17:53:15.727  3342  3342 E IpConfigStore: Error parsing configuration: java.io.FileNotFoundException: /data/misc/ethernet/ipconfig.txt: open failed: ENOENT (No such file or directory)
12-13 17:53:15.727  3342  3342 W EthernetConfigStore: No Ethernet configuration found. Using default.
12-13 17:53:15.727  3342  3342 I EthernetServiceImpl: Read stored IP configuration: IP assignment: DHCP
12-13 17:53:15.727  3342  3342 I EthernetServiceImpl: Proxy settings: NONE
12-13 17:53:15.727  3342  3342 I EthernetService: Registering service ethernet
12-13 17:53:15.727  3342  3342 I SystemServer: Connectivity Service
12-13 17:53:15.728  3342  3342 D ConnectivityService: ConnectivityService starting up
12-13 17:53:15.731  3342  3403 D EventHub: No input device configuration file found for device 'gesture_sensor'.
12-13 17:53:15.731  3342  3342 D ConnectivityService: wifiOnly=false
12-13 17:53:15.735  3342  3342 I SystemServer: Network Service Discovery Service
12-13 17:53:15.736  3342  3342 D NsdService: Network service discovery enabled true
12-13 17:53:15.737  3342  3342 I SystemServer: UpdateLock Service
12-13 17:53:15.737  3342  3342 I SystemServiceManager: Starting com.android.server.notification.NotificationManagerService
12-13 17:53:15.751  3342  3342 I ZenModeConfig: Migrating existing shared 'from': stars
12-13 17:53:15.759  3342  3342 I SystemServiceManager: Starting com.android.server.storage.DeviceStorageMonitorService
12-13 17:53:15.760  3342  3342 I SystemServer: Location Manager
12-13 17:53:15.761  3342  3342 I SystemServer: Country Detector
12-13 17:53:15.761  3342  3342 I SystemServer: Search Service
12-13 17:53:15.762  3342  3342 I SystemServer: DropBox Service
12-13 17:53:15.763  3342  3342 I SystemServer: Wallpaper Service
12-13 17:53:15.764  3342  3342 W WallpaperManagerService: no current wallpaper -- first boot?
12-13 17:53:15.764  3342  3342 W WallpaperManagerService: no current wallpaper -- first boot?
12-13 17:53:15.764  3342  3342 I SystemServer: Audio Service
12-13 17:53:15.772  3342  3424 I ServiceManager: Waiting for service media.audio_policy...
12-13 17:53:15.772  3342  3342 W TelecomManager: Telecom Service not found.
12-13 17:53:15.821  3342  3403 D EventHub: No input device configuration file found for device 'temp_humidity_sensor'.
12-13 17:53:15.922  3342  3415 D WifiApConfigStore: 2G band allowed channels are:1,6,11
12-13 17:53:15.931  3342  3403 D EventHub: No input device configuration file found for device 'proximity_sensor'.
12-13 17:53:15.991  3342  3403 D EventHub: No input device configuration file found for device 'light_ir_sensor'.
12-13 17:53:16.031  3342  3403 D EventHub: No input device configuration file found for device 'light_sensor'.
12-13 17:53:16.071  3342  3403 D EventHub: No input device configuration file found for device 'grip_sensor'.
12-13 17:53:16.111  3342  3403 D EventHub: No input device configuration file found for device 'uv_sensor'.
12-13 17:53:16.140  2997  2997 V audio_hw_primary: adev_open: Forcing voice config: wide
12-13 17:53:16.140  2997  2997 I AudioFlinger: loadHwModule() Loaded primary audio interface from Samsung audio HW HAL (audio) handle 1
12-13 17:53:16.140  2997  2997 I AudioFlinger: openOutput(), module 1 Device 2, SamplingRate 48000, Format 0x000001, Channels 3, flags a
12-13 17:53:16.140  2997  2997 I AudioFlinger: AudioStreamOut::open(), mHalFormatIsLinearPcm = 1
12-13 17:53:16.140  2997  2997 I AudioFlinger: HAL output buffer size 1024 frames, normal sink buffer size 1024 frames
12-13 17:53:16.181  3342  3403 D EventHub: No input device configuration file found for device 'hrmled_sensor'.
12-13 17:53:16.211  3342  3403 D EventHub: No input device configuration file found for device 'hrm_sensor'.
12-13 17:53:16.241  3342  3403 E EventHub: could not get driver version for /dev/input/mice, Not a typewriter
12-13 17:53:16.271  3342  3403 D EventHub: No input device configuration file found for device 'sec_touchscreen'.
12-13 17:53:16.293  2997  2997 I BufferProvider: found effect "Multichannel Downmix To Stereo" from The Android Open Source Project
12-13 17:53:16.293  2997  2997 I AudioFlinger: Using module 1 has the primary audio interface
12-13 17:53:16.293  2997  3428 I AudioFlinger: AudioFlinger's thread 0xf2f00000 ready to run
12-13 17:53:16.293  2997  3428 V audio_hw_primary: do_out_standby: output standby: 1
12-13 17:53:16.293  3342  3403 W EventHub: Unable to disable kernel key repeat for /dev/input/event1: Function not implemented
12-13 17:53:16.293  3342  3403 I EventHub: New device: id=16, fd=119, path='/dev/input/event1', name='sec_touchscreen', classes=0x15, configuration='', keyLayout='/system/usr/keylayout/Generic.kl', keyCharacterMap='/system/usr/keychars/Generic.kcm', builtinKeyboard=false, wakeMechanism=EPOLLWAKEUP, usingClockIoctl=true
12-13 17:53:16.293  2997  3428 V audio_hw_primary: out_set_parameters: key value pairs: routing=2
12-13 17:53:16.293  2997  3428 E AudioFlinger: no wake lock to update!
12-13 17:53:16.293  3342  3403 D EventHub: No input device configuration file found for device 'gpio_keys'.
12-13 17:53:16.294  2997  2997 I AudioFlinger: openOutput(), module 1 Device 2, SamplingRate 48000, Format 0x000001, Channels 3, flags 4
12-13 17:53:16.294  2997  2997 I AudioFlinger: AudioStreamOut::open(), mHalFormatIsLinearPcm = 1
12-13 17:53:16.294  2997  2997 I AudioFlinger: HAL output buffer size 256 frames, normal sink buffer size 960 frames
12-13 17:53:16.294  2997  2997 E MonoPipe: Failed to fetch local time frequency when constructing a MonoPipe (res = -32).  getNextWriteTimestamp calls will be non-functional
12-13 17:53:16.294  2997  3430 I AudioFlinger: AudioFlinger's thread 0xf2d40000 ready to run
12-13 17:53:16.294  2997  3430 V audio_hw_primary: out_set_parameters: key value pairs: routing=2
12-13 17:53:16.294  2997  3430 V audio_hw_primary: do_out_standby: output standby: 1
12-13 17:53:16.294  2997  3430 E AudioFlinger: no wake lock to update!
12-13 17:53:16.294  3342  3403 W EventHub: Unable to disable kernel key repeat for /dev/input/event17: Function not implemented
12-13 17:53:16.294  3342  3403 I EventHub: New device: id=17, fd=120, path='/dev/input/event17', name='gpio_keys', classes=0x1, configuration='', keyLayout='/system/usr/keylayout/Generic.kl', keyCharacterMap='/system/usr/keychars/Generic.kcm', builtinKeyboard=false, wakeMechanism=EPOLLWAKEUP, usingClockIoctl=true
12-13 17:53:16.294  3342  3403 D EventHub: No input device configuration file found for device 'Headset'.
12-13 17:53:16.295  2997  2997 V audio_hw_primary: adev_open_input_stream: Requesting input stream with rate: 48000, channels: 0xc
12-13 17:53:16.295  2997  3431 I AudioFlinger: AudioFlinger's thread 0xf2a40000 ready to run
12-13 17:53:16.295  3342  3403 W EventHub: Unable to disable kernel key repeat for /dev/input/event16: Function not implemented
12-13 17:53:16.295  3342  3403 I EventHub: New device: id=18, fd=121, path='/dev/input/event16', name='Headset', classes=0x1, configuration='', keyLayout='/system/usr/keylayout/Generic.kl', keyCharacterMap='/system/usr/keychars/Generic.kcm', builtinKeyboard=false, wakeMechanism=EPOLLWAKEUP, usingClockIoctl=true
12-13 17:53:16.296  3342  3403 D EventHub: No input device configuration file found for device 'sec_touchkey'.
12-13 17:53:16.297  3342  3403 W EventHub: Unable to disable kernel key repeat for /dev/input/event0: Function not implemented
12-13 17:53:16.297  3342  3403 I EventHub: New device: id=19, fd=122, path='/dev/input/event0', name='sec_touchkey', classes=0x1, configuration='', keyLayout='/system/usr/keylayout/Generic.kl', keyCharacterMap='/system/usr/keychars/Generic.kcm', builtinKeyboard=false, wakeMechanism=EPOLLWAKEUP, usingClockIoctl=true
12-13 17:53:16.297  3342  3403 D EventHub: No input device configuration file found for device 'hall'.
12-13 17:53:16.326  2997  2997 I bt_a2dp_hw: adev_open:  adev_open in A2dp_hw module
12-13 17:53:16.326  2997  2997 I AudioFlinger: loadHwModule() Loaded a2dp audio interface from A2DP Audio HW HAL (audio) handle 5
12-13 17:53:16.336  2997  2997 I AudioFlinger: loadHwModule() Loaded usb audio interface from USB audio HW HAL (audio) handle 6
12-13 17:53:16.370  2997  2997 I r_submix: adev_open(name=audio_hw_if)
12-13 17:53:16.370  2997  2997 I r_submix: adev_init_check()
12-13 17:53:16.370  2997  2997 I AudioFlinger: loadHwModule() Loaded r_submix audio interface from Wifi Display audio HAL (audio) handle 7
12-13 17:53:16.370  2997  2997 D r_submix: adev_open_input_stream(addr=0)
12-13 17:53:16.370  2997  2997 D r_submix: submix_audio_device_create_pipe_l(addr=0, idx=9)
12-13 17:53:16.370  2997  2997 D r_submix:   now using address 0 for route 9
12-13 17:53:16.370  2997  3432 I AudioFlinger: AudioFlinger's thread 0xf2a40000 ready to run
12-13 17:53:16.370  2997  2997 D r_submix: adev_close_input_stream()
12-13 17:53:16.370  2997  2997 D r_submix: submix_audio_device_release_pipe_l(idx=9) addr=0
12-13 17:53:16.370  2997  2997 D r_submix: submix_audio_device_destroy_pipe_l(): pipe destroyed
12-13 17:53:16.370  2997  2997 E SoundTriggerHwService: couldn't load sound trigger module sound_trigger.primary (No such file or directory)
12-13 17:53:16.371  2997  2997 I RadioService: RadioService
12-13 17:53:16.371  2997  2997 I RadioService: onFirstRef
12-13 17:53:16.371  2997  2997 E RadioService: couldn't load radio module radio.primary (No such file or directory)
12-13 17:53:16.371  2997  3433 D PermissionCache: checking android.permission.MODIFY_AUDIO_SETTINGS for uid=1000 => granted (236 us)
12-13 17:53:16.372  2997  2997 V audio_hw_primary: adev_set_mic_mute: set mic mute: 0
12-13 17:53:16.411  3342  3403 I InputReader: Device added: id=-1, name='Virtual', sources=0x00000301
12-13 17:53:16.411  3342  3403 I InputReader: Device added: id=19, name='sec_touchkey', sources=0x00000101
12-13 17:53:16.411  3342  3403 I InputReader: Device added: id=18, name='Headset', sources=0x00000101
12-13 17:53:16.411  3342  3403 I InputReader: Device added: id=17, name='gpio_keys', sources=0x00000101
12-13 17:53:16.411  3342  3403 I InputReader:   Touch device 'sec_touchscreen' could not query the properties of its associated display.  The device will be inoperable until the display size becomes available.
12-13 17:53:16.411  3342  3403 I InputReader: Device added: id=16, name='sec_touchscreen', sources=0x00001103
12-13 17:53:16.412  3342  3403 I InputReader: Reconfiguring input devices.  changes=0x00000004
12-13 17:53:16.412  3342  3403 I InputReader: Device reconfigured: id=16, name='sec_touchscreen', size 1440x2560, orientation 0, mode 1, display id 0
12-13 17:53:16.412  3342  3402 I ActivityManager: Config changes=8 {1.0 ?mcc?mnc en_US ldltr sw360dp w360dp h616dp 640dpi nrml long port finger -keyb/h/h -nav/h s.5 themeResource=null}
12-13 17:53:16.782  3342  3342 I SystemServiceManager: Starting com.android.server.DockObserver
12-13 17:53:16.783  3342  3342 I SystemServer: Wired Accessory Manager
12-13 17:53:16.783  3342  3342 W WiredAccessoryManager: This kernel does not have usb audio support
