12-04 07:42:46.722  3346  3411 W AudioSystem: AudioPolicyService not published, waiting...
12-04 07:42:46.725  4007  4549 W MediaMetadataRetriever: MediaPlayerService not published, waiting...
12-04 07:42:47.252  4867  4875 D PermissionCache: checking android.permission.MODIFY_AUDIO_SETTINGS for uid=1000 => granted (4565 us)
12-04 07:42:47.258  4867  4872 V audio_hw_primary: out_set_parameters: key value pairs: routing=2
12-04 07:42:47.269  4867  4872 E AudioFlinger: no wake lock to update!
12-04 07:42:47.269  4867  4872 V audio_hw_primary: start_output_stream: starting stream
12-04 07:42:47.271  4867  4867 I EXYNOS_COMP_REGS: Loading the library: libOMX.Exynos.AVC.Decoder.so
12-04 07:42:47.278  3346  3411 E AudioService: Media server started.
12-04 07:42:47.280  4867  4877 W APM::AudioPolicyEngine: setPhoneState() setting same state 0
12-04 07:42:47.280  4867  4877 W APM::AudioPolicyManager: setPhoneState() invalid or same state 0
12-04 07:42:47.288  4867  4867 I EXYNOS_COMP_REGS: Loading the library: libOMX.Exynos.AVC.Encoder.so
12-04 07:42:47.299  4867  4867 I EXYNOS_COMP_REGS: Loading the library: libOMX.Exynos.MPEG4.Decoder.so
12-04 07:42:47.310  4867  4867 I EXYNOS_COMP_REGS: Loading the library: libOMX.Exynos.MPEG4.Encoder.so
12-04 07:42:47.313  4867  4872 F libc    : Fatal signal 11 (SIGSEGV), code 1, fault addr 0x4 in tid 4872 (AudioOut_2)
12-04 07:42:47.314  3008  3008 I DEBUG   : property debug.db.uid not set; NOT waiting for gdb.
12-04 07:42:47.314  3008  3008 I DEBUG   : HINT: adb shell setprop debug.db.uid 100000
12-04 07:42:47.314  3008  3008 I DEBUG   : HINT: adb forward tcp:5039 tcp:5039
12-04 07:42:47.320  4867  4867 I EXYNOS_COMP_REGS: Loading the library: libOMX.Exynos.VP8.Decoder.so
12-04 07:42:47.329  4867  4867 I EXYNOS_COMP_REGS: Loading the library: libOMX.Exynos.VP8.Encoder.so
12-04 07:42:47.355  4867  4867 E WVMExtractor: Failed to open libwvm.so: dlopen failed: library "libwvm.so" not found
12-04 07:42:47.365  3008  3008 F DEBUG   : *** *** *** *** *** *** *** *** *** *** *** *** *** *** *** ***
12-04 07:42:47.365  3008  3008 F DEBUG   : CM Version: '13.0-20161204-UNOFFICIAL-hero2ltexx'
12-04 07:42:47.366  3008  3008 F DEBUG   : Build fingerprint: 'samsung/cm_hero2ltexx/hero2ltexx:6.0.1/MOB31K/774f069850:eng/test-keys'
12-04 07:42:47.366  3008  3008 F DEBUG   : Revision: '0'
12-04 07:42:47.366  3008  3008 F DEBUG   : ABI: 'arm'
12-04 07:42:47.366  3008  3008 F DEBUG   : pid: 4867, tid: 4872, name: AudioOut_2  >>> /system/bin/mediaserver <<<
12-04 07:42:47.366  3346  3579 W NativeCrashListener: Couldn't find ProcessRecord for pid 4867
12-04 07:42:47.366  3008  3008 F DEBUG   : signal 11 (SIGSEGV), code 1 (SEGV_MAPERR), fault addr 0x4
12-04 07:42:47.378  3008  3008 F DEBUG   :     r0 00000000  r1 00000000  r2 00000001  r3 00000000
12-04 07:42:47.378  3008  3008 E DEBUG   : AM write failed: Broken pipe
12-04 07:42:47.378  3008  3008 F DEBUG   :     r4 00000000  r5 00000000  r6 00000000  r7 00000014
12-04 07:42:47.378  3008  3008 F DEBUG   :     r8 f674d400  r9 f67ad000  sl f6828678  fp f4b81c88
12-04 07:42:47.378  3008  3008 F DEBUG   :     ip f682af7c  sp f49c07b0  lr f6825abf  pc f6816626  cpsr 200f0030
12-04 07:42:47.383  3008  3008 F DEBUG   : 
12-04 07:42:47.383  3008  3008 F DEBUG   : backtrace:
12-04 07:42:47.383  3008  3008 F DEBUG   :     #00 pc 00001626  /system/lib/libaudioroute.so (audio_route_reset+7)
12-04 07:42:47.383  3008  3008 F DEBUG   :     #01 pc 00002abb  /system/lib/hw/audio.primary.universal8890.so
12-04 07:42:47.383  3008  3008 F DEBUG   :     #02 pc 000030ef  /system/lib/hw/audio.primary.universal8890.so
12-04 07:42:47.383  3008  3008 F DEBUG   :     #03 pc 0003a4d1  /system/lib/libaudioflinger.so
12-04 07:42:47.383  3008  3008 F DEBUG   :     #04 pc 0002efb7  /system/lib/libaudioflinger.so
12-04 07:42:47.383  3008  3008 F DEBUG   :     #05 pc 00033387  /system/lib/libaudioflinger.so
12-04 07:42:47.383  3008  3008 F DEBUG   :     #06 pc 00010139  /system/lib/libutils.so (_ZN7android6Thread11_threadLoopEPv+112)
12-04 07:42:47.383  3008  3008 F DEBUG   :     #07 pc 0003fe4b  /system/lib/libc.so (_ZL15__pthread_startPv+30)
12-04 07:42:47.383  3008  3008 F DEBUG   :     #08 pc 00019c85  /system/lib/libc.so (__start_thread+6)
12-04 07:42:47.527  3008  3008 F DEBUG   : 
12-04 07:42:47.527  3008  3008 F DEBUG   : Tombstone written to: /data/tombstones/tombstone_07
12-04 07:42:47.529  3346  3363 I BootReceiver: Copying /data/tombstones/tombstone_07 to DropBox (SYSTEM_TOMBSTONE)
12-04 07:42:47.519  4872  4872 W AudioOut_2: type=1701 audit(0.0:216): auid=4294967295 uid=1013 gid=1005 ses=4294967295 exe="/system/bin/mediaserver" sig=11
12-04 07:42:47.539  2935  2935 I ServiceManager: service 'media.radio' died
12-04 07:42:47.541  4007  4023 W MediaMetadataRetriever: MediaMetadataRetriever server died!
12-04 07:42:47.542  3346  3470 W AudioSystem: AudioFlinger server died!
12-04 07:42:47.542  3346  3550 W AudioSystem: AudioPolicyService server died!
12-04 07:42:47.542  3346  3550 W AudioSystem: AudioPolicyService server died!
12-04 07:42:47.544  2935  2935 I ServiceManager: service 'media.sound_trigger_hw' died
12-04 07:42:47.545  2935  2935 I ServiceManager: service 'media.audio_flinger' died
12-04 07:42:47.546  2935  2935 I ServiceManager: service 'media.player' died
12-04 07:42:47.546  2935  2935 I ServiceManager: service 'media.resource_manager' died
12-04 07:42:47.546  2935  2935 I ServiceManager: service 'media.camera' died
12-04 07:42:47.546  2935  2935 I ServiceManager: service 'media.audio_policy' died
12-04 07:42:47.546  3346  3411 E AudioService: Media server died.
12-04 07:42:47.558  4007  4549 I ServiceManager: Waiting for service media.player...
12-04 07:42:47.572  3346  4710 W AudioTrack: dead IAudioTrack, PCM, creating a new one from processAudioBuffer()
12-04 07:42:47.572  3346  4710 I ServiceManager: Waiting for service media.audio_flinger...
12-04 07:42:48.047  3346  3411 E AudioService: Media server died.
12-04 07:42:48.560  4007  4549 I ServiceManager: Waiting for service media.player...
12-04 07:42:48.573  3346  4710 I ServiceManager: Waiting for service media.audio_flinger...
12-04 07:42:49.561  4007  4549 I ServiceManager: Waiting for service media.player...
12-04 07:42:49.574  3346  4710 I ServiceManager: Waiting for service media.audio_flinger...
12-04 07:42:50.562  4007  4549 I ServiceManager: Waiting for service media.player...
12-04 07:42:50.575  3346  4710 I ServiceManager: Waiting for service media.audio_flinger...
12-04 07:42:50.915  4889  4889 V MediaUtils: physMem: 3748515840
12-04 07:42:50.915  4889  4889 V MediaUtils: requested limit: 2436535270
12-04 07:42:50.915  4889  4889 V MediaUtils: actual limit: 2436535270
12-04 07:42:50.915  4889  4889 V MediaUtils: original limits: 4294967295/4294967295
12-04 07:42:50.915  4889  4889 V MediaUtils: new limits: 2436535270/4294967295
12-04 07:42:50.916  4889  4889 I mediaserver: ServiceManager: 0xf670e120
12-04 07:42:50.916  4889  4889 I AudioFlinger: Using default 3000 mSec as standby time.
12-04 07:42:50.919  4889  4889 I CameraService: CameraService started (pid=4889)
12-04 07:42:50.919  4889  4889 I CameraService: CameraService process starting
12-04 07:42:50.920  4889  4889 E CameraService: Could not load camera HAL module: -2 (No such file or directory)
12-04 07:42:50.921  4889  4889 I AudioPolicyService: AudioPolicyService CSTOR in new mode
12-04 07:42:50.921  4889  4889 I APM::ConfigParsingUtils: loadAudioPolicyConfig() loaded /system/etc/audio_policy.conf
12-04 07:42:51.384  4889  4889 E audio_route: Failed to open /system/etc/mixer_paths.xml
12-04 07:42:51.389  4889  4889 V audio_hw_primary: adev_open: Forcing voice config: wide
12-04 07:42:51.389  4889  4889 I AudioFlinger: loadHwModule() Loaded primary audio interface from Samsung audio HW HAL (audio) handle 1
12-04 07:42:51.389  4889  4889 I AudioFlinger: openOutput(), module 1 Device 2, SamplingRate 44100, Format 0x000001, Channels 3, flags 2
12-04 07:42:51.389  4889  4889 I AudioFlinger: AudioStreamOut::open(), mHalFormatIsLinearPcm = 1
12-04 07:42:51.389  4889  4889 I AudioFlinger: HAL output buffer size 256 frames, normal sink buffer size 960 frames
12-04 07:42:51.391  4889  4889 I BufferProvider: found effect "Multichannel Downmix To Stereo" from The Android Open Source Project
12-04 07:42:51.391  4889  4889 E MonoPipe: Failed to fetch local time frequency when constructing a MonoPipe (res = -32).  getNextWriteTimestamp calls will be non-functional
12-04 07:42:51.392  4889  4889 I AudioFlinger: Using module 1 has the primary audio interface
12-04 07:42:51.392  4889  4894 I AudioFlinger: AudioFlinger's thread 0xf4ac0000 ready to run
12-04 07:42:51.392  4889  4894 V audio_hw_primary: do_out_standby: output standby: 1
12-04 07:42:51.392  4889  4894 V audio_hw_primary: out_set_parameters: key value pairs: routing=2
12-04 07:42:51.392  4889  4894 E AudioFlinger: no wake lock to update!
12-04 07:42:51.393  4889  4889 V audio_hw_primary: adev_open_input_stream: Created resampler converting 48000 -> 16000
12-04 07:42:51.393  4889  4889 V audio_hw_primary: adev_open_input_stream: Requesting input stream with rate: 16000, channels: 0xc
12-04 07:42:51.394  4889  4895 I AudioFlinger: AudioFlinger's thread 0xf4780000 ready to run
12-04 07:42:51.394  4889  4889 I r_submix: adev_open(name=audio_hw_if)
12-04 07:42:51.394  4889  4889 I r_submix: adev_init_check()
12-04 07:42:51.394  4889  4889 I AudioFlinger: loadHwModule() Loaded r_submix audio interface from Wifi Display audio HAL (audio) handle 4
12-04 07:42:51.394  4889  4889 D r_submix: adev_open_input_stream(addr=0)
12-04 07:42:51.394  4889  4889 D r_submix: submix_audio_device_create_pipe_l(addr=0, idx=9)
12-04 07:42:51.394  4889  4889 D r_submix:   now using address 0 for route 9
12-04 07:42:51.394  4889  4896 I AudioFlinger: AudioFlinger's thread 0xf4780000 ready to run
12-04 07:42:51.394  4889  4889 D r_submix: adev_close_input_stream()
12-04 07:42:51.394  4889  4889 D r_submix: submix_audio_device_release_pipe_l(idx=9) addr=0
12-04 07:42:51.394  4889  4889 D r_submix: submix_audio_device_destroy_pipe_l(): pipe destroyed
12-04 07:42:51.395  4889  4889 E SoundTriggerHwService: couldn't load sound trigger module sound_trigger.primary (No such file or directory)
12-04 07:42:51.395  4889  4889 I RadioService: RadioService
12-04 07:42:51.395  4889  4889 I RadioService: onFirstRef
12-04 07:42:51.395  4889  4889 E RadioService: couldn't load radio module radio.primary (No such file or directory)
12-04 07:42:51.580  4889  4898 I AudioFlinger: systemReady
12-04 07:42:51.582  3346  3411 E AudioService: Media server started.
12-04 07:42:51.592  4889  4889 D PermissionCache: checking android.permission.MODIFY_AUDIO_SETTINGS for uid=1000 => granted (8733 us)
12-04 07:42:51.598  4889  4898 W APM::AudioPolicyEngine: setPhoneState() setting same state 0
12-04 07:42:51.598  4889  4898 W APM::AudioPolicyManager: setPhoneState() invalid or same state 0
12-04 07:42:51.602  4889  4894 V audio_hw_primary: out_set_parameters: key value pairs: routing=2
12-04 07:42:51.608  4889  4897 I EXYNOS_COMP_REGS: Loading the library: libOMX.Exynos.AVC.Decoder.so
12-04 07:42:51.613  4889  4894 V audio_hw_primary: out_set_parameters: key value pairs: routing=2
12-04 07:42:51.614  4889  4894 E AudioFlinger: no wake lock to update!
12-04 07:42:51.615  4889  4894 V audio_hw_primary: start_output_stream: starting stream
12-04 07:42:51.626  4889  4897 I EXYNOS_COMP_REGS: Loading the library: libOMX.Exynos.AVC.Encoder.so
12-04 07:42:51.639  4889  4897 I EXYNOS_COMP_REGS: Loading the library: libOMX.Exynos.MPEG4.Decoder.so
12-04 07:42:51.648  4889  4897 I EXYNOS_COMP_REGS: Loading the library: libOMX.Exynos.MPEG4.Encoder.so
12-04 07:42:51.652  4889  4897 I EXYNOS_COMP_REGS: Loading the library: libOMX.Exynos.VP8.Decoder.so
12-04 07:42:51.653  4889  4894 F libc    : Fatal signal 11 (SIGSEGV), code 1, fault addr 0x4 in tid 4894 (AudioOut_2)
12-04 07:42:51.654  3008  3008 I DEBUG   : property debug.db.uid not set; NOT waiting for gdb.
12-04 07:42:51.654  3008  3008 I DEBUG   : HINT: adb shell setprop debug.db.uid 100000
12-04 07:42:51.654  3008  3008 I DEBUG   : HINT: adb forward tcp:5039 tcp:5039
12-04 07:42:51.657  4889  4897 I EXYNOS_COMP_REGS: Loading the library: libOMX.Exynos.VP8.Encoder.so
12-04 07:42:51.674  4889  4897 E WVMExtractor: Failed to open libwvm.so: dlopen failed: library "libwvm.so" not found
12-04 07:42:51.705  3008  3008 F DEBUG   : *** *** *** *** *** *** *** *** *** *** *** *** *** *** *** ***
12-04 07:42:51.705  3008  3008 F DEBUG   : CM Version: '13.0-20161204-UNOFFICIAL-hero2ltexx'
12-04 07:42:51.705  3008  3008 F DEBUG   : Build fingerprint: 'samsung/cm_hero2ltexx/hero2ltexx:6.0.1/MOB31K/774f069850:eng/test-keys'
12-04 07:42:51.705  3008  3008 F DEBUG   : Revision: '0'
12-04 07:42:51.705  3008  3008 F DEBUG   : ABI: 'arm'
12-04 07:42:51.706  3346  3579 W NativeCrashListener: Couldn't find ProcessRecord for pid 4889
12-04 07:42:51.706  3008  3008 F DEBUG   : pid: 4889, tid: 4894, name: AudioOut_2  >>> /system/bin/mediaserver <<<
12-04 07:42:51.706  3008  3008 F DEBUG   : signal 11 (SIGSEGV), code 1 (SEGV_MAPERR), fault addr 0x4
12-04 07:42:51.712  3008  3008 F DEBUG   :     r0 00000000  r1 00000000  r2 00000001  r3 00000000
12-04 07:42:51.712  3008  3008 E DEBUG   : AM write failed: Broken pipe
12-04 07:42:51.712  3008  3008 F DEBUG   :     r4 00000000  r5 00000000  r6 00000000  r7 00000014
12-04 07:42:51.712  3008  3008 F DEBUG   :     r8 f66cd400  r9 f672d000  sl f4f94678  fp f4ac1c88
12-04 07:42:51.712  3008  3008 F DEBUG   :     ip f4f96f7c  sp f49407b0  lr f4f91abf  pc f6781626  cpsr 200f0030
12-04 07:42:51.715  3008  3008 F DEBUG   : 
12-04 07:42:51.715  3008  3008 F DEBUG   : backtrace:
12-04 07:42:51.715  3008  3008 F DEBUG   :     #00 pc 00001626  /system/lib/libaudioroute.so (audio_route_reset+7)
12-04 07:42:51.715  3008  3008 F DEBUG   :     #01 pc 00002abb  /system/lib/hw/audio.primary.universal8890.so
12-04 07:42:51.715  3008  3008 F DEBUG   :     #02 pc 000030ef  /system/lib/hw/audio.primary.universal8890.so
12-04 07:42:51.715  3008  3008 F DEBUG   :     #03 pc 0003a4d1  /system/lib/libaudioflinger.so
12-04 07:42:51.715  3008  3008 F DEBUG   :     #04 pc 0002efb7  /system/lib/libaudioflinger.so
12-04 07:42:51.715  3008  3008 F DEBUG   :     #05 pc 00033387  /system/lib/libaudioflinger.so
12-04 07:42:51.715  3008  3008 F DEBUG   :     #06 pc 00010139  /system/lib/libutils.so (_ZN7android6Thread11_threadLoopEPv+112)
12-04 07:42:51.715  3008  3008 F DEBUG   :     #07 pc 0003fe4b  /system/lib/libc.so (_ZL15__pthread_startPv+30)
12-04 07:42:51.715  3008  3008 F DEBUG   :     #08 pc 00019c85  /system/lib/libc.so (__start_thread+6)
12-04 07:42:51.865  3008  3008 F DEBUG   : 
12-04 07:42:51.865  3008  3008 F DEBUG   : Tombstone written to: /data/tombstones/tombstone_08
12-04 07:42:51.859  4894  4894 W AudioOut_2: type=1701 audit(0.0:217): auid=4294967295 uid=1013 gid=1005 ses=4294967295 exe="/system/bin/mediaserver" sig=11
12-04 07:42:51.866  3346  3363 I BootReceiver: Copying /data/tombstones/tombstone_08 to DropBox (SYSTEM_TOMBSTONE)
12-04 07:42:51.881  2935  2935 I ServiceManager: service 'media.radio' died
12-04 07:42:51.881  4007  4192 W MediaMetadataRetriever: MediaMetadataRetriever server died!
12-04 07:42:51.881  3346  3469 W AudioSystem: AudioPolicyService server died!
12-04 07:42:51.882  3346  3358 W AudioSystem: AudioFlinger server died!
12-04 07:42:51.882  2935  2935 I ServiceManager: service 'media.sound_trigger_hw' died
12-04 07:42:51.884  2935  2935 I ServiceManager: service 'media.audio_flinger' died
12-04 07:42:51.884  2935  2935 I ServiceManager: service 'media.player' died
12-04 07:42:51.884  2935  2935 I ServiceManager: service 'media.resource_manager' died
12-04 07:42:51.884  2935  2935 I ServiceManager: service 'media.camera' died
12-04 07:42:51.884  2935  2935 I ServiceManager: service 'media.audio_policy' died
12-04 07:42:51.892  3346  3411 I ServiceManager: Waiting for service media.audio_policy...
12-04 07:42:51.892  4007  4549 I ServiceManager: Waiting for service media.player...
12-04 07:42:51.916  3346  4710 W AudioTrack: dead IAudioTrack, PCM, creating a new one from processAudioBuffer()
12-04 07:42:52.893  3346  3411 I ServiceManager: Waiting for service media.audio_policy...
12-04 07:42:52.893  4007  4549 I ServiceManager: Waiting for service media.player...
12-04 07:42:53.894  3346  3411 I ServiceManager: Waiting for service media.audio_policy...
12-04 07:42:53.894  4007  4549 I ServiceManager: Waiting for service media.player...
12-04 07:42:54.895  3346  3411 I ServiceManager: Waiting for service media.audio_policy...
12-04 07:42:54.895  4007  4549 I ServiceManager: Waiting for service media.player...
12-04 07:42:55.896  3346  3411 I ServiceManager: Waiting for service media.audio_policy...
12-04 07:42:55.896  4007  4549 I ServiceManager: Waiting for service media.player...
12-04 07:42:56.074  4908  4908 V MediaUtils: physMem: 3748515840
12-04 07:42:56.074  4908  4908 V MediaUtils: requested limit: 2436535270
12-04 07:42:56.074  4908  4908 V MediaUtils: actual limit: 2436535270
12-04 07:42:56.074  4908  4908 V MediaUtils: original limits: 4294967295/4294967295
12-04 07:42:56.074  4908  4908 V MediaUtils: new limits: 2436535270/4294967295
12-04 07:42:56.075  4908  4908 I mediaserver: ServiceManager: 0xf658e120
12-04 07:42:56.075  4908  4908 I AudioFlinger: Using default 3000 mSec as standby time.
12-04 07:42:56.078  4908  4908 I CameraService: CameraService started (pid=4908)
12-04 07:42:56.078  4908  4908 I CameraService: CameraService process starting
12-04 07:42:56.079  4908  4908 E CameraService: Could not load camera HAL module: -2 (No such file or directory)
12-04 07:42:56.079  4908  4908 I AudioPolicyService: AudioPolicyService CSTOR in new mode
12-04 07:42:56.079  4908  4908 I APM::ConfigParsingUtils: loadAudioPolicyConfig() loaded /system/etc/audio_policy.conf
12-04 07:42:56.542  4908  4908 E audio_route: Failed to open /system/etc/mixer_paths.xml
12-04 07:42:56.547  4908  4908 V audio_hw_primary: adev_open: Forcing voice config: wide
12-04 07:42:56.547  4908  4908 I AudioFlinger: loadHwModule() Loaded primary audio interface from Samsung audio HW HAL (audio) handle 1
12-04 07:42:56.547  4908  4908 I AudioFlinger: openOutput(), module 1 Device 2, SamplingRate 44100, Format 0x000001, Channels 3, flags 2
12-04 07:42:56.547  4908  4908 I AudioFlinger: AudioStreamOut::open(), mHalFormatIsLinearPcm = 1
12-04 07:42:56.547  4908  4908 I AudioFlinger: HAL output buffer size 256 frames, normal sink buffer size 960 frames
12-04 07:42:56.549  4908  4908 I BufferProvider: found effect "Multichannel Downmix To Stereo" from The Android Open Source Project
12-04 07:42:56.549  4908  4908 E MonoPipe: Failed to fetch local time frequency when constructing a MonoPipe (res = -32).  getNextWriteTimestamp calls will be non-functional
12-04 07:42:56.550  4908  4908 I AudioFlinger: Using module 1 has the primary audio interface
12-04 07:42:56.550  4908  4913 I AudioFlinger: AudioFlinger's thread 0xf4940000 ready to run
12-04 07:42:56.550  4908  4913 V audio_hw_primary: do_out_standby: output standby: 1
12-04 07:42:56.550  4908  4913 V audio_hw_primary: out_set_parameters: key value pairs: routing=2
12-04 07:42:56.550  4908  4913 E AudioFlinger: no wake lock to update!
12-04 07:42:56.550  4908  4908 V audio_hw_primary: adev_open_input_stream: Created resampler converting 48000 -> 16000
12-04 07:42:56.551  4908  4908 V audio_hw_primary: adev_open_input_stream: Requesting input stream with rate: 16000, channels: 0xc
12-04 07:42:56.551  4908  4914 I AudioFlinger: AudioFlinger's thread 0xf4600000 ready to run
12-04 07:42:56.551  4908  4908 I r_submix: adev_open(name=audio_hw_if)
12-04 07:42:56.551  4908  4908 I r_submix: adev_init_check()
12-04 07:42:56.551  4908  4908 I AudioFlinger: loadHwModule() Loaded r_submix audio interface from Wifi Display audio HAL (audio) handle 4
12-04 07:42:56.551  4908  4908 D r_submix: adev_open_input_stream(addr=0)
12-04 07:42:56.551  4908  4908 D r_submix: submix_audio_device_create_pipe_l(addr=0, idx=9)
12-04 07:42:56.551  4908  4908 D r_submix:   now using address 0 for route 9
12-04 07:42:56.551  4908  4915 I AudioFlinger: AudioFlinger's thread 0xf4600000 ready to run
12-04 07:42:56.551  4908  4908 D r_submix: adev_close_input_stream()
12-04 07:42:56.551  4908  4908 D r_submix: submix_audio_device_release_pipe_l(idx=9) addr=0
12-04 07:42:56.551  4908  4908 D r_submix: submix_audio_device_destroy_pipe_l(): pipe destroyed
12-04 07:42:56.552  4908  4908 E SoundTriggerHwService: couldn't load sound trigger module sound_trigger.primary (No such file or directory)
12-04 07:42:56.552  4908  4908 I RadioService: RadioService
12-04 07:42:56.552  4908  4908 I RadioService: onFirstRef
12-04 07:42:56.552  4908  4908 E RadioService: couldn't load radio module radio.primary (No such file or directory)
12-04 07:42:56.897  3346  3411 W AudioSystem: AudioPolicyService not published, waiting...
12-04 07:42:56.897  4007  4549 W MediaMetadataRetriever: MediaPlayerService not published, waiting...
12-04 07:42:57.412  4908  4908 D PermissionCache: checking android.permission.MODIFY_AUDIO_SETTINGS for uid=1000 => granted (7046 us)
12-04 07:42:57.423  4908  4913 V audio_hw_primary: out_set_parameters: key value pairs: routing=2
12-04 07:42:57.432  4908  4917 I EXYNOS_COMP_REGS: Loading the library: libOMX.Exynos.AVC.Decoder.so
12-04 07:42:57.434  4908  4913 E AudioFlinger: no wake lock to update!
12-04 07:42:57.434  4908  4913 V audio_hw_primary: start_output_stream: starting stream
12-04 07:42:57.440  4908  4917 I EXYNOS_COMP_REGS: Loading the library: libOMX.Exynos.AVC.Encoder.so
12-04 07:42:57.446  4908  4917 I EXYNOS_COMP_REGS: Loading the library: libOMX.Exynos.MPEG4.Decoder.so
12-04 07:42:57.452  4908  4917 I EXYNOS_COMP_REGS: Loading the library: libOMX.Exynos.MPEG4.Encoder.so
12-04 07:42:57.457  4908  4917 I EXYNOS_COMP_REGS: Loading the library: libOMX.Exynos.VP8.Decoder.so
12-04 07:42:57.463  4908  4917 I EXYNOS_COMP_REGS: Loading the library: libOMX.Exynos.VP8.Encoder.so
12-04 07:42:57.473  4908  4913 F libc    : Fatal signal 11 (SIGSEGV), code 1, fault addr 0x4 in tid 4913 (AudioOut_2)
12-04 07:42:57.474  3008  3008 I DEBUG   : property debug.db.uid not set; NOT waiting for gdb.
12-04 07:42:57.474  3008  3008 I DEBUG   : HINT: adb shell setprop debug.db.uid 100000
12-04 07:42:57.474  3008  3008 I DEBUG   : HINT: adb forward tcp:5039 tcp:5039
12-04 07:42:57.474  4908  4917 E WVMExtractor: Failed to open libwvm.so: dlopen failed: library "libwvm.so" not found
12-04 07:42:57.525  3008  3008 F DEBUG   : *** *** *** *** *** *** *** *** *** *** *** *** *** *** *** ***
12-04 07:42:57.525  3008  3008 F DEBUG   : CM Version: '13.0-20161204-UNOFFICIAL-hero2ltexx'
12-04 07:42:57.525  3008  3008 F DEBUG   : Build fingerprint: 'samsung/cm_hero2ltexx/hero2ltexx:6.0.1/MOB31K/774f069850:eng/test-keys'
12-04 07:42:57.525  3008  3008 F DEBUG   : Revision: '0'
12-04 07:42:57.525  3008  3008 F DEBUG   : ABI: 'arm'
12-04 07:42:57.526  3346  3579 W NativeCrashListener: Couldn't find ProcessRecord for pid 4908
12-04 07:42:57.526  3008  3008 F DEBUG   : pid: 4908, tid: 4913, name: AudioOut_2  >>> /system/bin/mediaserver <<<
12-04 07:42:57.526  3008  3008 E DEBUG   : AM write failed: Broken pipe
12-04 07:42:57.526  3008  3008 F DEBUG   : signal 11 (SIGSEGV), code 1 (SEGV_MAPERR), fault addr 0x4
12-04 07:42:57.545  3008  3008 F DEBUG   :     r0 00000000  r1 00000000  r2 00000001  r3 00000000
12-04 07:42:57.545  3008  3008 F DEBUG   :     r4 00000000  r5 00000000  r6 00000000  r7 00000014
12-04 07:42:57.545  3008  3008 F DEBUG   :     r8 f654d400  r9 f65ad000  sl f4e14678  fp f4941c88
12-04 07:42:57.545  3008  3008 F DEBUG   :     ip f4e16f7c  sp f47c07b0  lr f4e11abf  pc f4e02626  cpsr 200f0030
12-04 07:42:57.554  3008  3008 F DEBUG   : 
12-04 07:42:57.554  3008  3008 F DEBUG   : backtrace:
12-04 07:42:57.554  3008  3008 F DEBUG   :     #00 pc 00001626  /system/lib/libaudioroute.so (audio_route_reset+7)
12-04 07:42:57.554  3008  3008 F DEBUG   :     #01 pc 00002abb  /system/lib/hw/audio.primary.universal8890.so
12-04 07:42:57.554  3008  3008 F DEBUG   :     #02 pc 000030ef  /system/lib/hw/audio.primary.universal8890.so
12-04 07:42:57.554  3008  3008 F DEBUG   :     #03 pc 0003a4d1  /system/lib/libaudioflinger.so
12-04 07:42:57.554  3008  3008 F DEBUG   :     #04 pc 0002efb7  /system/lib/libaudioflinger.so
12-04 07:42:57.554  3008  3008 F DEBUG   :     #05 pc 00033387  /system/lib/libaudioflinger.so
12-04 07:42:57.554  3008  3008 F DEBUG   :     #06 pc 00010139  /system/lib/libutils.so (_ZN7android6Thread11_threadLoopEPv+112)
12-04 07:42:57.554  3008  3008 F DEBUG   :     #07 pc 0003fe4b  /system/lib/libc.so (_ZL15__pthread_startPv+30)
12-04 07:42:57.554  3008  3008 F DEBUG   :     #08 pc 00019c85  /system/lib/libc.so (__start_thread+6)
12-04 07:42:57.692  3008  3008 F DEBUG   : 
12-04 07:42:57.692  3008  3008 F DEBUG   : Tombstone written to: /data/tombstones/tombstone_09
12-04 07:42:57.693  3346  3363 I BootReceiver: Copying /data/tombstones/tombstone_09 to DropBox (SYSTEM_TOMBSTONE)
12-04 07:42:57.689  4913  4913 W AudioOut_2: type=1701 audit(0.0:218): auid=4294967295 uid=1013 gid=1005 ses=4294967295 exe="/system/bin/mediaserver" sig=11
12-04 07:42:57.699  2935  2935 I ServiceManager: service 'media.radio' died
12-04 07:42:57.700  4007  4024 W MediaMetadataRetriever: MediaMetadataRetriever server died!
12-04 07:42:57.700  3346  3358 W AudioSystem: AudioFlinger server died!
12-04 07:42:57.700  3346  3550 W AudioSystem: AudioPolicyService server died!
12-04 07:42:57.700  3346  3550 W AudioSystem: AudioPolicyService server died!
12-04 07:42:57.701  2935  2935 I ServiceManager: service 'media.sound_trigger_hw' died
12-04 07:42:57.702  2935  2935 I ServiceManager: service 'media.audio_flinger' died
12-04 07:42:57.702  2935  2935 I ServiceManager: service 'media.player' died
12-04 07:42:57.702  2935  2935 I ServiceManager: service 'media.resource_manager' died
12-04 07:42:57.702  2935  2935 I ServiceManager: service 'media.camera' died
12-04 07:42:57.702  2935  2935 I ServiceManager: service 'media.audio_policy' died
12-04 07:42:57.702  3346  3411 E AudioService: Media server died.
12-04 07:42:57.703  3346  3411 E AudioService: Media server died.
12-04 07:42:57.713  4007  4549 I ServiceManager: Waiting for service media.player...
12-04 07:42:57.737  3346  4710 W AudioTrack: dead IAudioTrack, PCM, creating a new one from processAudioBuffer()
12-04 07:42:57.738  3346  4710 I ServiceManager: Waiting for service media.audio_flinger...
12-04 07:42:58.204  3346  3411 E AudioService: Media server died.
12-04 07:42:58.714  4007  4549 I ServiceManager: Waiting for service media.player...
12-04 07:42:58.739  3346  4710 I ServiceManager: Waiting for service media.audio_flinger...
12-04 07:42:59.715  4007  4549 I ServiceManager: Waiting for service media.player...
12-04 07:42:59.740  3346  4710 I ServiceManager: Waiting for service media.audio_flinger...
12-04 07:43:00.716  4007  4549 I ServiceManager: Waiting for service media.player...
12-04 07:43:00.741  3346  4710 I ServiceManager: Waiting for service media.audio_flinger...
12-04 07:43:00.877  4926  4926 V MediaUtils: physMem: 3748515840
12-04 07:43:00.877  4926  4926 V MediaUtils: requested limit: 2436535270
12-04 07:43:00.877  4926  4926 V MediaUtils: actual limit: 2436535270
12-04 07:43:00.877  4926  4926 V MediaUtils: original limits: 4294967295/4294967295
12-04 07:43:00.877  4926  4926 V MediaUtils: new limits: 2436535270/4294967295
12-04 07:43:00.877  4926  4926 I mediaserver: ServiceManager: 0xf638e120
12-04 07:43:00.877  4926  4926 I AudioFlinger: Using default 3000 mSec as standby time.
12-04 07:43:00.880  4926  4926 I CameraService: CameraService started (pid=4926)
12-04 07:43:00.880  4926  4926 I CameraService: CameraService process starting
12-04 07:43:00.881  4926  4926 E CameraService: Could not load camera HAL module: -2 (No such file or directory)
12-04 07:43:00.882  4926  4926 I AudioPolicyService: AudioPolicyService CSTOR in new mode
12-04 07:43:00.882  4926  4926 I APM::ConfigParsingUtils: loadAudioPolicyConfig() loaded /system/etc/audio_policy.conf
12-04 07:43:01.346  4926  4926 E audio_route: Failed to open /system/etc/mixer_paths.xml
12-04 07:43:01.351  4926  4926 V audio_hw_primary: adev_open: Forcing voice config: wide
12-04 07:43:01.351  4926  4926 I AudioFlinger: loadHwModule() Loaded primary audio interface from Samsung audio HW HAL (audio) handle 1
12-04 07:43:01.351  4926  4926 I AudioFlinger: openOutput(), module 1 Device 2, SamplingRate 44100, Format 0x000001, Channels 3, flags 2
12-04 07:43:01.351  4926  4926 I AudioFlinger: AudioStreamOut::open(), mHalFormatIsLinearPcm = 1
12-04 07:43:01.351  4926  4926 I AudioFlinger: HAL output buffer size 256 frames, normal sink buffer size 960 frames
12-04 07:43:01.353  4926  4926 I BufferProvider: found effect "Multichannel Downmix To Stereo" from The Android Open Source Project
12-04 07:43:01.353  4926  4926 E MonoPipe: Failed to fetch local time frequency when constructing a MonoPipe (res = -32).  getNextWriteTimestamp calls will be non-functional
12-04 07:43:01.353  4926  4926 I AudioFlinger: Using module 1 has the primary audio interface
12-04 07:43:01.353  4926  4931 I AudioFlinger: AudioFlinger's thread 0xf4740000 ready to run
12-04 07:43:01.353  4926  4931 V audio_hw_primary: do_out_standby: output standby: 1
12-04 07:43:01.354  4926  4931 V audio_hw_primary: out_set_parameters: key value pairs: routing=2
12-04 07:43:01.354  4926  4931 E AudioFlinger: no wake lock to update!
12-04 07:43:01.355  4926  4926 V audio_hw_primary: adev_open_input_stream: Created resampler converting 48000 -> 16000
12-04 07:43:01.355  4926  4926 V audio_hw_primary: adev_open_input_stream: Requesting input stream with rate: 16000, channels: 0xc
12-04 07:43:01.355  4926  4932 I AudioFlinger: AudioFlinger's thread 0xf43c0000 ready to run
12-04 07:43:01.355  4926  4926 I r_submix: adev_open(name=audio_hw_if)
12-04 07:43:01.355  4926  4926 I r_submix: adev_init_check()
12-04 07:43:01.355  4926  4926 I AudioFlinger: loadHwModule() Loaded r_submix audio interface from Wifi Display audio HAL (audio) handle 4
12-04 07:43:01.355  4926  4926 D r_submix: adev_open_input_stream(addr=0)
12-04 07:43:01.355  4926  4926 D r_submix: submix_audio_device_create_pipe_l(addr=0, idx=9)
12-04 07:43:01.355  4926  4926 D r_submix:   now using address 0 for route 9
12-04 07:43:01.356  4926  4933 I AudioFlinger: AudioFlinger's thread 0xf43c0000 ready to run
12-04 07:43:01.356  4926  4926 D r_submix: adev_close_input_stream()
12-04 07:43:01.356  4926  4926 D r_submix: submix_audio_device_release_pipe_l(idx=9) addr=0
12-04 07:43:01.356  4926  4926 D r_submix: submix_audio_device_destroy_pipe_l(): pipe destroyed
12-04 07:43:01.356  4926  4926 E SoundTriggerHwService: couldn't load sound trigger module sound_trigger.primary (No such file or directory)
12-04 07:43:01.356  4926  4926 I RadioService: RadioService
12-04 07:43:01.356  4926  4926 I RadioService: onFirstRef
12-04 07:43:01.356  4926  4926 E RadioService: couldn't load radio module radio.primary (No such file or directory)
12-04 07:43:01.737  4926  4934 I EXYNOS_COMP_REGS: Loading the library: libOMX.Exynos.AVC.Decoder.so
12-04 07:43:01.743  3346  3411 E AudioService: Media server started.
12-04 07:43:01.745  4926  4926 I AudioFlinger: systemReady
12-04 07:43:01.753  4926  4935 D PermissionCache: checking android.permission.MODIFY_AUDIO_SETTINGS for uid=1000 => granted (6081 us)
12-04 07:43:01.759  4926  4934 I EXYNOS_COMP_REGS: Loading the library: libOMX.Exynos.AVC.Encoder.so
12-04 07:43:01.761  4926  4937 W APM::AudioPolicyEngine: setPhoneState() setting same state 0
12-04 07:43:01.761  4926  4937 W APM::AudioPolicyManager: setPhoneState() invalid or same state 0
12-04 07:43:01.771  4926  4931 V audio_hw_primary: out_set_parameters: key value pairs: routing=2
12-04 07:43:01.775  4926  4934 I EXYNOS_COMP_REGS: Loading the library: libOMX.Exynos.MPEG4.Decoder.so
12-04 07:43:01.782  4926  4931 V audio_hw_primary: out_set_parameters: key value pairs: routing=2
12-04 07:43:01.782  4926  4931 E AudioFlinger: no wake lock to update!
12-04 07:43:01.782  4926  4931 V audio_hw_primary: start_output_stream: starting stream
12-04 07:43:01.789  4926  4934 I EXYNOS_COMP_REGS: Loading the library: libOMX.Exynos.MPEG4.Encoder.so
12-04 07:43:01.800  4926  4934 I EXYNOS_COMP_REGS: Loading the library: libOMX.Exynos.VP8.Decoder.so
12-04 07:43:01.809  4926  4934 I EXYNOS_COMP_REGS: Loading the library: libOMX.Exynos.VP8.Encoder.so
12-04 07:43:01.824  4926  4931 F libc    : Fatal signal 11 (SIGSEGV), code 1, fault addr 0x4 in tid 4931 (AudioOut_2)
12-04 07:43:01.825  3008  3008 I DEBUG   : property debug.db.uid not set; NOT waiting for gdb.
12-04 07:43:01.825  3008  3008 I DEBUG   : HINT: adb shell setprop debug.db.uid 100000
12-04 07:43:01.825  3008  3008 I DEBUG   : HINT: adb forward tcp:5039 tcp:5039
12-04 07:43:01.838  4926  4934 E WVMExtractor: Failed to open libwvm.so: dlopen failed: library "libwvm.so" not found
12-04 07:43:01.876  3008  3008 F DEBUG   : *** *** *** *** *** *** *** *** *** *** *** *** *** *** *** ***
12-04 07:43:01.876  3008  3008 F DEBUG   : CM Version: '13.0-20161204-UNOFFICIAL-hero2ltexx'
12-04 07:43:01.876  3008  3008 F DEBUG   : Build fingerprint: 'samsung/cm_hero2ltexx/hero2ltexx:6.0.1/MOB31K/774f069850:eng/test-keys'
12-04 07:43:01.876  3008  3008 F DEBUG   : Revision: '0'
12-04 07:43:01.876  3008  3008 F DEBUG   : ABI: 'arm'
12-04 07:43:01.877  3346  3579 W NativeCrashListener: Couldn't find ProcessRecord for pid 4926
12-04 07:43:01.877  3008  3008 F DEBUG   : pid: 4926, tid: 4931, name: AudioOut_2  >>> /system/bin/mediaserver <<<
12-04 07:43:01.877  3008  3008 F DEBUG   : signal 11 (SIGSEGV), code 1 (SEGV_MAPERR), fault addr 0x4
12-04 07:43:01.890  3008  3008 F DEBUG   :     r0 00000000  r1 00000000  r2 00000001  r3 00000000
12-04 07:43:01.890  3008  3008 E DEBUG   : AM write failed: Broken pipe
12-04 07:43:01.890  3008  3008 F DEBUG   :     r4 00000000  r5 00000000  r6 00000000  r7 00000014
12-04 07:43:01.890  3008  3008 F DEBUG   :     r8 f634d400  r9 f63ad000  sl f4c11678  fp f4741c88
12-04 07:43:01.890  3008  3008 F DEBUG   :     ip f4c13f7c  sp f45807b0  lr f4c0eabf  pc f48be626  cpsr 200f0030
12-04 07:43:01.895  3008  3008 F DEBUG   : 
12-04 07:43:01.895  3008  3008 F DEBUG   : backtrace:
12-04 07:43:01.895  3008  3008 F DEBUG   :     #00 pc 00001626  /system/lib/libaudioroute.so (audio_route_reset+7)
12-04 07:43:01.895  3008  3008 F DEBUG   :     #01 pc 00002abb  /system/lib/hw/audio.primary.universal8890.so
12-04 07:43:01.895  3008  3008 F DEBUG   :     #02 pc 000030ef  /system/lib/hw/audio.primary.universal8890.so
12-04 07:43:01.895  3008  3008 F DEBUG   :     #03 pc 0003a4d1  /system/lib/libaudioflinger.so
12-04 07:43:01.895  3008  3008 F DEBUG   :     #04 pc 0002efb7  /system/lib/libaudioflinger.so
12-04 07:43:01.895  3008  3008 F DEBUG   :     #05 pc 00033387  /system/lib/libaudioflinger.so
12-04 07:43:01.895  3008  3008 F DEBUG   :     #06 pc 00010139  /system/lib/libutils.so (_ZN7android6Thread11_threadLoopEPv+112)
12-04 07:43:01.895  3008  3008 F DEBUG   :     #07 pc 0003fe4b  /system/lib/libc.so (_ZL15__pthread_startPv+30)
12-04 07:43:01.895  3008  3008 F DEBUG   :     #08 pc 00019c85  /system/lib/libc.so (__start_thread+6)
12-04 07:43:02.049  3008  3008 F DEBUG   : 
12-04 07:43:02.049  3008  3008 F DEBUG   : Tombstone written to: /data/tombstones/tombstone_00
12-04 07:43:02.050  3346  3363 I BootReceiver: Copying /data/tombstones/tombstone_00 to DropBox (SYSTEM_TOMBSTONE)
12-04 07:43:02.039  4931  4931 W AudioOut_2: type=1701 audit(0.0:219): auid=4294967295 uid=1013 gid=1005 ses=4294967295 exe="/system/bin/mediaserver" sig=11
12-04 07:43:02.061  2935  2935 I ServiceManager: service 'media.radio' died
12-04 07:43:02.063  4007  4023 W MediaMetadataRetriever: MediaMetadataRetriever server died!
12-04 07:43:02.064  3346  3357 W AudioSystem: AudioFlinger server died!
12-04 07:43:02.064  3346  3547 W AudioSystem: AudioPolicyService server died!
12-04 07:43:02.065  2935  2935 I ServiceManager: service 'media.sound_trigger_hw' died
12-04 07:43:02.066  2935  2935 I ServiceManager: service 'media.audio_flinger' died
12-04 07:43:02.066  2935  2935 I ServiceManager: service 'media.player' died
12-04 07:43:02.066  2935  2935 I ServiceManager: service 'media.resource_manager' died
12-04 07:43:02.066  2935  2935 I ServiceManager: service 'media.camera' died
12-04 07:43:02.066  2935  2935 I ServiceManager: service 'media.audio_policy' died
12-04 07:43:02.067  3346  3411 E AudioService: Media server died.
12-04 07:43:02.077  4007  4549 I ServiceManager: Waiting for service media.player...
12-04 07:43:02.084  3346  4710 W AudioTrack: dead IAudioTrack, PCM, creating a new one from processAudioBuffer()
12-04 07:43:02.085  3346  4710 I ServiceManager: Waiting for service media.audio_flinger...
12-04 07:43:02.569  3346  3411 E AudioService: Media server died.
12-04 07:43:03.078  4007  4549 I ServiceManager: Waiting for service media.player...
12-04 07:43:03.086  3346  4710 I ServiceManager: Waiting for service media.audio_flinger...
12-04 07:43:04.079  4007  4549 I ServiceManager: Waiting for service media.player...
12-04 07:43:04.087  3346  4710 I ServiceManager: Waiting for service media.audio_flinger...
12-04 07:43:05.080  4007  4549 I ServiceManager: Waiting for service media.player...
12-04 07:43:05.088  3346  4710 I ServiceManager: Waiting for service media.audio_flinger...
12-04 07:43:06.081  4007  4549 I ServiceManager: Waiting for service media.player...
12-04 07:43:06.089  3346  4710 I ServiceManager: Waiting for service media.audio_flinger...
12-04 07:43:06.254  4944  4944 V MediaUtils: physMem: 3748515840
12-04 07:43:06.254  4944  4944 V MediaUtils: requested limit: 2436535270
12-04 07:43:06.254  4944  4944 V MediaUtils: actual limit: 2436535270
12-04 07:43:06.254  4944  4944 V MediaUtils: original limits: 4294967295/4294967295
12-04 07:43:06.254  4944  4944 V MediaUtils: new limits: 2436535270/4294967295
12-04 07:43:06.255  4944  4944 I mediaserver: ServiceManager: 0xf678e120
12-04 07:43:06.255  4944  4944 I AudioFlinger: Using default 3000 mSec as standby time.
12-04 07:43:06.258  4944  4944 I CameraService: CameraService started (pid=4944)
12-04 07:43:06.258  4944  4944 I CameraService: CameraService process starting
12-04 07:43:06.259  4944  4944 E CameraService: Could not load camera HAL module: -2 (No such file or directory)
12-04 07:43:06.260  4944  4944 I AudioPolicyService: AudioPolicyService CSTOR in new mode
12-04 07:43:06.260  4944  4944 I APM::ConfigParsingUtils: loadAudioPolicyConfig() loaded /system/etc/audio_policy.conf
12-04 07:43:06.724  4944  4944 E audio_route: Failed to open /system/etc/mixer_paths.xml
12-04 07:43:06.729  4944  4944 V audio_hw_primary: adev_open: Forcing voice config: wide
12-04 07:43:06.729  4944  4944 I AudioFlinger: loadHwModule() Loaded primary audio interface from Samsung audio HW HAL (audio) handle 1
12-04 07:43:06.729  4944  4944 I AudioFlinger: openOutput(), module 1 Device 2, SamplingRate 44100, Format 0x000001, Channels 3, flags 2
12-04 07:43:06.729  4944  4944 I AudioFlinger: AudioStreamOut::open(), mHalFormatIsLinearPcm = 1
12-04 07:43:06.729  4944  4944 I AudioFlinger: HAL output buffer size 256 frames, normal sink buffer size 960 frames
12-04 07:43:06.731  4944  4944 I BufferProvider: found effect "Multichannel Downmix To Stereo" from The Android Open Source Project
12-04 07:43:06.731  4944  4944 E MonoPipe: Failed to fetch local time frequency when constructing a MonoPipe (res = -32).  getNextWriteTimestamp calls will be non-functional
12-04 07:43:06.731  4944  4944 I AudioFlinger: Using module 1 has the primary audio interface
12-04 07:43:06.731  4944  4949 I AudioFlinger: AudioFlinger's thread 0xf4b40000 ready to run
12-04 07:43:06.731  4944  4949 V audio_hw_primary: do_out_standby: output standby: 1
12-04 07:43:06.732  4944  4949 V audio_hw_primary: out_set_parameters: key value pairs: routing=2
12-04 07:43:06.732  4944  4949 E AudioFlinger: no wake lock to update!
12-04 07:43:06.733  4944  4944 V audio_hw_primary: adev_open_input_stream: Created resampler converting 48000 -> 16000
12-04 07:43:06.733  4944  4944 V audio_hw_primary: adev_open_input_stream: Requesting input stream with rate: 16000, channels: 0xc
12-04 07:43:06.733  4944  4950 I AudioFlinger: AudioFlinger's thread 0xf47c0000 ready to run
12-04 07:43:06.733  4944  4944 I r_submix: adev_open(name=audio_hw_if)
12-04 07:43:06.734  4944  4944 I r_submix: adev_init_check()
12-04 07:43:06.734  4944  4944 I AudioFlinger: loadHwModule() Loaded r_submix audio interface from Wifi Display audio HAL (audio) handle 4
12-04 07:43:06.734  4944  4944 D r_submix: adev_open_input_stream(addr=0)
12-04 07:43:06.734  4944  4944 D r_submix: submix_audio_device_create_pipe_l(addr=0, idx=9)
12-04 07:43:06.734  4944  4944 D r_submix:   now using address 0 for route 9
12-04 07:43:06.734  4944  4951 I AudioFlinger: AudioFlinger's thread 0xf47c0000 ready to run
12-04 07:43:06.734  4944  4944 D r_submix: adev_close_input_stream()
12-04 07:43:06.734  4944  4944 D r_submix: submix_audio_device_release_pipe_l(idx=9) addr=0
12-04 07:43:06.734  4944  4944 D r_submix: submix_audio_device_destroy_pipe_l(): pipe destroyed
12-04 07:43:06.734  4944  4944 E SoundTriggerHwService: couldn't load sound trigger module sound_trigger.primary (No such file or directory)
12-04 07:43:06.734  4944  4944 I RadioService: RadioService
12-04 07:43:06.734  4944  4944 I RadioService: onFirstRef
12-04 07:43:06.734  4944  4944 E RadioService: couldn't load radio module radio.primary (No such file or directory)
12-04 07:43:07.082  4007  4549 W MediaMetadataRetriever: MediaPlayerService not published, waiting...
12-04 07:43:07.090  3346  4710 W AudioSystem: AudioFlinger not published, waiting...
12-04 07:43:07.589  3346  3346 I ActivityManager: Killing 4420:com.android.dialer/u0a20 (adj 15): empty #17
12-04 07:43:07.592  3346  3411 E AudioService: Media server started.
12-04 07:43:07.597  4944  4944 I AudioFlinger: systemReady
12-04 07:43:07.601  4944  4953 D PermissionCache: checking android.permission.MODIFY_AUDIO_SETTINGS for uid=1000 => granted (2877 us)
12-04 07:43:07.607  4944  4953 W APM::AudioPolicyEngine: setPhoneState() setting same state 0
12-04 07:43:07.607  4944  4953 W APM::AudioPolicyManager: setPhoneState() invalid or same state 0
12-04 07:43:07.617  4944  4949 V audio_hw_primary: out_set_parameters: key value pairs: routing=2
12-04 07:43:07.618  4944  4952 I EXYNOS_COMP_REGS: Loading the library: libOMX.Exynos.AVC.Decoder.so
12-04 07:43:07.625  4944  4952 I EXYNOS_COMP_REGS: Loading the library: libOMX.Exynos.AVC.Encoder.so
12-04 07:43:07.626  3346  3550 D ActivityManager: cleanUpApplicationRecord -- 4420
12-04 07:43:07.628  4944  4949 E AudioFlinger: no wake lock to update!
12-04 07:43:07.628  4944  4949 V audio_hw_primary: start_output_stream: starting stream
12-04 07:43:07.631  4944  4952 I EXYNOS_COMP_REGS: Loading the library: libOMX.Exynos.MPEG4.Decoder.so
12-04 07:43:07.635  4944  4952 I EXYNOS_COMP_REGS: Loading the library: libOMX.Exynos.MPEG4.Encoder.so
12-04 07:43:07.639  4944  4952 I EXYNOS_COMP_REGS: Loading the library: libOMX.Exynos.VP8.Decoder.so
12-04 07:43:07.644  4944  4952 I EXYNOS_COMP_REGS: Loading the library: libOMX.Exynos.VP8.Encoder.so
12-04 07:43:07.667  4944  4952 E WVMExtractor: Failed to open libwvm.so: dlopen failed: library "libwvm.so" not found
12-04 07:43:07.673  4944  4949 F libc    : Fatal signal 11 (SIGSEGV), code 1, fault addr 0x4 in tid 4949 (AudioOut_2)
12-04 07:43:07.674  3008  3008 I DEBUG   : property debug.db.uid not set; NOT waiting for gdb.
12-04 07:43:07.674  3008  3008 I DEBUG   : HINT: adb shell setprop debug.db.uid 100000
12-04 07:43:07.674  3008  3008 I DEBUG   : HINT: adb forward tcp:5039 tcp:5039
12-04 07:43:07.725  3008  3008 F DEBUG   : *** *** *** *** *** *** *** *** *** *** *** *** *** *** *** ***
12-04 07:43:07.725  3008  3008 F DEBUG   : CM Version: '13.0-20161204-UNOFFICIAL-hero2ltexx'
12-04 07:43:07.725  3008  3008 F DEBUG   : Build fingerprint: 'samsung/cm_hero2ltexx/hero2ltexx:6.0.1/MOB31K/774f069850:eng/test-keys'
12-04 07:43:07.725  3008  3008 F DEBUG   : Revision: '0'
12-04 07:43:07.725  3008  3008 F DEBUG   : ABI: 'arm'
12-04 07:43:07.725  3008  3008 F DEBUG   : pid: 4944, tid: 4949, name: AudioOut_2  >>> /system/bin/mediaserver <<<
12-04 07:43:07.725  3346  3579 W NativeCrashListener: Couldn't find ProcessRecord for pid 4944
12-04 07:43:07.725  3008  3008 F DEBUG   : signal 11 (SIGSEGV), code 1 (SEGV_MAPERR), fault addr 0x4
12-04 07:43:07.732  3008  3008 F DEBUG   :     r0 00000000  r1 00000000  r2 00000001  r3 00000000
12-04 07:43:07.732  3008  3008 E DEBUG   : AM write failed: Broken pipe
12-04 07:43:07.732  3008  3008 F DEBUG   :     r4 00000000  r5 00000000  r6 00000000  r7 00000014
12-04 07:43:07.732  3008  3008 F DEBUG   :     r8 f674d400  r9 f67ad000  sl f500b678  fp f4b41c88
12-04 07:43:07.732  3008  3008 F DEBUG   :     ip f500df7c  sp f49807b0  lr f5008abf  pc f5001626  cpsr 200f0030
12-04 07:43:07.735  3008  3008 F DEBUG   : 
12-04 07:43:07.735  3008  3008 F DEBUG   : backtrace:
12-04 07:43:07.735  3008  3008 F DEBUG   :     #00 pc 00001626  /system/lib/libaudioroute.so (audio_route_reset+7)
12-04 07:43:07.735  3008  3008 F DEBUG   :     #01 pc 00002abb  /system/lib/hw/audio.primary.universal8890.so
12-04 07:43:07.735  3008  3008 F DEBUG   :     #02 pc 000030ef  /system/lib/hw/audio.primary.universal8890.so
12-04 07:43:07.735  3008  3008 F DEBUG   :     #03 pc 0003a4d1  /system/lib/libaudioflinger.so
12-04 07:43:07.735  3008  3008 F DEBUG   :     #04 pc 0002efb7  /system/lib/libaudioflinger.so
12-04 07:43:07.735  3008  3008 F DEBUG   :     #05 pc 00033387  /system/lib/libaudioflinger.so
12-04 07:43:07.735  3008  3008 F DEBUG   :     #06 pc 00010139  /system/lib/libutils.so (_ZN7android6Thread11_threadLoopEPv+112)
12-04 07:43:07.735  3008  3008 F DEBUG   :     #07 pc 0003fe4b  /system/lib/libc.so (_ZL15__pthread_startPv+30)
12-04 07:43:07.735  3008  3008 F DEBUG   :     #08 pc 00019c85  /system/lib/libc.so (__start_thread+6)
12-04 07:43:07.845  3008  3008 F DEBUG   : 
12-04 07:43:07.845  3008  3008 F DEBUG   : Tombstone written to: /data/tombstones/tombstone_01
12-04 07:43:07.839  4949  4949 W AudioOut_2: type=1701 audit(0.0:220): auid=4294967295 uid=1013 gid=1005 ses=4294967295 exe="/system/bin/mediaserver" sig=11
12-04 07:43:07.846  3346  3363 I BootReceiver: Copying /data/tombstones/tombstone_01 to DropBox (SYSTEM_TOMBSTONE)
12-04 07:43:07.850  2935  2935 I ServiceManager: service 'media.radio' died
12-04 07:43:07.850  3346  3470 W AudioSystem: AudioFlinger server died!
12-04 07:43:07.850  3346  3469 W AudioSystem: AudioPolicyService server died!
12-04 07:43:07.850  4007  4192 W MediaMetadataRetriever: MediaMetadataRetriever server died!
12-04 07:43:07.850  2935  2935 I ServiceManager: service 'media.sound_trigger_hw' died
12-04 07:43:07.851  2935  2935 I ServiceManager: service 'media.audio_flinger' died
12-04 07:43:07.851  2935  2935 I ServiceManager: service 'media.player' died
12-04 07:43:07.851  2935  2935 I ServiceManager: service 'media.resource_manager' died
12-04 07:43:07.851  2935  2935 I ServiceManager: service 'media.camera' died
12-04 07:43:07.851  2935  2935 I ServiceManager: service 'media.audio_policy' died
12-04 07:43:07.851  3346  3411 E AudioService: Media server died.
12-04 07:43:07.855  4007  4549 I ServiceManager: Waiting for service media.player...
12-04 07:43:07.930  3346  4710 W AudioTrack: dead IAudioTrack, PCM, creating a new one from processAudioBuffer()
12-04 07:43:07.931  3346  4710 I ServiceManager: Waiting for service media.audio_flinger...
12-04 07:43:08.352  3346  3411 E AudioService: Media server died.
