12-04 09:17:12.463  3339  3603 W System.err: 	at com.android.server.print.RemotePrintSpooler$PrintSpoolerClient.onAllPrintJobsHandled(RemotePrintSpooler.java:616)
12-04 09:17:12.463  3339  3603 W System.err: 	at android.print.IPrintSpoolerClient$Stub.onTransact(IPrintSpoolerClient.java:79)
12-04 09:17:12.463  3339  3603 W System.err: 	at android.os.Binder.execTransact(Binder.java:453)
12-04 09:17:12.464  3339  3605 I ActivityManager: Killing 3936:com.android.settings:CryptKeeper/1000 (adj 15): empty #17
12-04 09:17:12.475  3339  3874 D ActivityManager: cleanUpApplicationRecord -- 3936
12-04 09:17:12.595  4124  4623 W MediaScanner: Error opening directory '/oem/media/', skipping: No such file or directory.
12-04 09:17:12.596  4124  4623 W MediaProvider: Missing volume for /system/media/audio/ui; assuming invalid
12-04 09:17:12.627  4124  4623 W MediaProvider: Missing volume for /system/media/bootanimation.zip; assuming invalid
12-04 09:17:12.644  4124  4623 W MediaProvider: Missing volume for /system/media/audio/ringtones/Paradise_Island.ogg; assuming invalid
12-04 09:17:12.646  4124  4623 W MediaProvider: Missing volume for /system/media/audio/ringtones/Pegasus.ogg; assuming invalid
12-04 09:17:12.647  4124  4623 W MediaProvider: Missing volume for /system/media/audio/ringtones/Perseus.ogg; assuming invalid
12-04 09:17:12.648  4124  4623 W MediaProvider: Missing volume for /system/media/audio/ringtones/Phobos.ogg; assuming invalid
12-04 09:17:12.649  4124  4623 W MediaProvider: Missing volume for /system/media/audio/ringtones/Playa.ogg; assuming invalid
12-04 09:17:12.650  4124  4623 W MediaProvider: Missing volume for /system/media/audio/ringtones/Pyxis.ogg; assuming invalid
12-04 09:17:12.651  4124  4623 W MediaProvider: Missing volume for /system/media/audio/ringtones/Rasalas.ogg; assuming invalid
12-04 09:17:12.652  4124  4623 W MediaProvider: Missing volume for /system/media/audio/ringtones/Revelation.ogg; assuming invalid
12-04 09:17:12.653  4124  4623 W MediaProvider: Missing volume for /system/media/audio/ringtones/Rigel.ogg; assuming invalid
12-04 09:17:12.654  4124  4623 W MediaProvider: Missing volume for /system/media/audio/ringtones/Ring_Classic_02.ogg; assuming invalid
12-04 09:17:12.655  4124  4623 W MediaProvider: Missing volume for /system/media/audio/ringtones/Ring_Digital_02.ogg; assuming invalid
12-04 09:17:12.656  4124  4623 W MediaProvider: Missing volume for /system/media/audio/ringtones/Ring_Synth_02.ogg; assuming invalid
12-04 09:17:12.657  4124  4623 W MediaProvider: Missing volume for /system/media/audio/ringtones/Ring_Synth_04.ogg; assuming invalid
12-04 09:17:12.658  4124  4623 W MediaProvider: Missing volume for /system/media/audio/ringtones/Road_Trip.ogg; assuming invalid
12-04 09:17:12.659  4124  4623 W MediaProvider: Missing volume for /system/media/audio/ringtones/Rockin.ogg; assuming invalid
12-04 09:17:12.660  4124  4623 W MediaProvider: Missing volume for /system/media/audio/ringtones/RomancingTheTone.ogg; assuming invalid
12-04 09:17:12.660  4124  4623 W MediaProvider: Missing volume for /system/media/audio/ringtones/Safari.ogg; assuming invalid
12-04 09:17:12.661  4124  4623 W MediaProvider: Missing volume for /system/media/audio/ringtones/Savannah.ogg; assuming invalid
12-04 09:17:12.662  4124  4623 W MediaProvider: Missing volume for /system/media/audio/ringtones/Scarabaeus.ogg; assuming invalid
12-04 09:17:12.663  4124  4623 W MediaProvider: Missing volume for /system/media/audio/ringtones/Sceptrum.ogg; assuming invalid
12-04 09:17:12.664  4124  4623 W MediaProvider: Missing volume for /system/media/audio/ringtones/Sedna.ogg; assuming invalid
12-04 09:17:12.665  4124  4623 W MediaProvider: Missing volume for /system/media/audio/ringtones/Seville.ogg; assuming invalid
12-04 09:17:12.666  4124  4623 W MediaProvider: Missing volume for /system/media/audio/ringtones/Sheep.mp3; assuming invalid
12-04 09:17:12.667  4124  4623 W MediaProvider: Missing volume for /system/media/audio/ringtones/Shes_All_That.ogg; assuming invalid
12-04 09:17:12.668  4124  4623 W MediaProvider: Missing volume for /system/media/audio/ringtones/SilkyWay.ogg; assuming invalid
12-04 09:17:12.669  4124  4623 W MediaProvider: Missing volume for /system/media/audio/ringtones/SitarVsSitar.ogg; assuming invalid
12-04 09:17:12.670  4124  4623 W MediaProvider: Missing volume for /system/media/audio/ringtones/Solarium.ogg; assuming invalid
12-04 09:17:12.670  4124  4623 W MediaProvider: Missing volume for /system/media/audio/ringtones/SpringyJalopy.ogg; assuming invalid
12-04 09:17:12.671  4124  4623 W MediaProvider: Missing volume for /system/media/audio/ringtones/Steppin_Out.ogg; assuming invalid
12-04 09:17:12.672  4124  4623 W MediaProvider: Missing volume for /system/media/audio/ringtones/Terminated.ogg; assuming invalid
12-04 09:17:12.673  4124  4623 W MediaProvider: Missing volume for /system/media/audio/ringtones/Testudo.ogg; assuming invalid
12-04 09:17:12.674  4124  4623 W MediaProvider: Missing volume for /system/media/audio/ringtones/Themos.ogg; assuming invalid
12-04 09:17:12.675  4124  4623 W MediaProvider: Missing volume for /system/media/audio/ringtones/Third_Eye.ogg; assuming invalid
12-04 09:17:12.676  4124  4623 W MediaProvider: Missing volume for /system/media/audio/ringtones/Thunderfoot.ogg; assuming invalid
12-04 09:17:12.677  4124  4623 W MediaProvider: Missing volume for /system/media/audio/ringtones/Titania.ogg; assuming invalid
12-04 09:17:12.679  4124  4623 W MediaProvider: Missing volume for /system/media/audio/ringtones/Triton.ogg; assuming invalid
12-04 09:17:12.680  4124  4623 W MediaProvider: Missing volume for /system/media/audio/ringtones/TwirlAway.ogg; assuming invalid
12-04 09:17:12.681  4124  4623 W MediaProvider: Missing volume for /system/media/audio/ringtones/Umbriel.ogg; assuming invalid
12-04 09:17:12.683  4124  4623 W MediaProvider: Missing volume for /system/media/audio/ringtones/UrsaMinor.ogg; assuming invalid
12-04 09:17:12.684  4124  4623 W MediaProvider: Missing volume for /system/media/audio/ringtones/VeryAlarmed.ogg; assuming invalid
12-04 09:17:12.685  4124  4623 W MediaProvider: Missing volume for /system/media/audio/ringtones/Vespa.ogg; assuming invalid
12-04 09:17:12.686  4124  4623 W MediaProvider: Missing volume for /system/media/audio/ringtones/World.ogg; assuming invalid
12-04 09:17:12.687  4124  4623 W MediaProvider: Missing volume for /system/media/audio/ringtones/Yukaay.ogg; assuming invalid
12-04 09:17:12.689  4124  4623 W MediaProvider: Missing volume for /system/media/audio/ringtones/Zeta.ogg; assuming invalid
12-04 09:17:12.691  4124  4623 W MediaProvider: Missing volume for /system/media/audio/ui/Dock.ogg; assuming invalid
12-04 09:17:12.692  4124  4623 W MediaProvider: Missing volume for /system/media/audio/ui/Effect_Tick.ogg; assuming invalid
12-04 09:17:12.693  4124  4623 W MediaProvider: Missing volume for /system/media/audio/ui/KeypressDelete.ogg; assuming invalid
12-04 09:17:12.695  4124  4623 W MediaProvider: Missing volume for /system/media/audio/ui/KeypressInvalid.ogg; assuming invalid
12-04 09:17:12.696  4124  4623 W MediaProvider: Missing volume for /system/media/audio/ui/KeypressReturn.ogg; assuming invalid
12-04 09:17:12.698  4124  4623 W MediaProvider: Missing volume for /system/media/audio/ui/KeypressSpacebar.ogg; assuming invalid
12-04 09:17:12.699  4124  4623 W MediaProvider: Missing volume for /system/media/audio/ui/KeypressStandard.ogg; assuming invalid
12-04 09:17:12.700  2939  3904 E MetadataRetrieverClient: failed to extract an album art
12-04 09:17:12.701  4124  4623 W MediaProvider: Missing volume for /system/media/audio/ui/Lock.ogg; assuming invalid
12-04 09:17:12.702  4124  4623 W MediaProvider: Missing volume for /system/media/audio/ui/LowBattery.ogg; assuming invalid
12-04 09:17:12.703  4124  4623 W MediaProvider: Missing volume for /system/media/audio/ui/Trusted.ogg; assuming invalid
12-04 09:17:12.704  4124  4623 W MediaProvider: Missing volume for /system/media/audio/ui/Undock.ogg; assuming invalid
12-04 09:17:12.705  4124  4623 W MediaProvider: Missing volume for /system/media/audio/ui/Unlock.ogg; assuming invalid
12-04 09:17:12.706  4124  4623 W MediaProvider: Missing volume for /system/media/audio/ui/VideoRecord.ogg; assuming invalid
12-04 09:17:12.707  4124  4623 W MediaProvider: Missing volume for /system/media/audio/ui/VideoStop.ogg; assuming invalid
12-04 09:17:12.708  4124  4623 W MediaProvider: Missing volume for /system/media/audio/ui/WirelessChargingStarted.ogg; assuming invalid
12-04 09:17:12.709  4124  4623 W MediaProvider: Missing volume for /system/media/audio/ui/camera_click.ogg; assuming invalid
12-04 09:17:12.710  4124  4623 W MediaProvider: Missing volume for /system/media/audio/ui/camera_focus.ogg; assuming invalid
12-04 09:17:13.724  4232  4267 E ELEVEN  : calling refresh!
12-04 09:17:14.495  4556  4782 I GlobalDismissManager: no sender configured
12-04 09:17:14.495  4556  4782 D AlertService: Beginning updateAlertNotification
12-04 09:17:14.499  4556  4782 D AlertService: No fired or scheduled alerts
12-04 09:17:14.501  4556  4782 D AlertService: Scheduling next alarm with AlarmScheduler. sEventReminderReceived: null
12-04 09:17:14.504  4556  4782 D AlarmScheduler: No events found starting within 1 week.
12-04 09:17:18.985  3339  3392 I InputReader: Reconfiguring input devices.  changes=0x00000010
12-04 09:17:18.985  3339  3392 I InputReader: Reconfiguring input devices.  changes=0x00000010
12-04 09:17:18.986  3339  3392 I InputReader: Reconfiguring input devices.  changes=0x00000010
12-04 09:17:18.987  3339  3392 I InputReader: Reconfiguring input devices.  changes=0x00000010
12-04 09:17:18.988  4609  4609 W ContextImpl: Calling a method in the system process without a qualified user: android.app.ContextImpl.startService:1231 android.content.ContextWrapper.startService:587 android.content.ContextWrapper.startService:587 org.cyanogenmod.providers.datausage.DataUsageAppInstallReceiver.onReceive:47 android.app.ActivityThread.handleReceiver:2759 
12-04 09:17:18.990  3339  3392 I InputReader: Reconfiguring input devices.  changes=0x00000010
12-04 09:17:18.992  3339  3392 I InputReader: Reconfiguring input devices.  changes=0x00000010
12-04 09:17:18.993  3339  3392 I InputReader: Reconfiguring input devices.  changes=0x00000010
12-04 09:17:18.997  3339  3352 W Searchables: No global search activity found
12-04 09:17:19.001  3339  3352 W Searchables: No global search activity found
12-04 09:17:19.003  3339  3352 W Searchables: No global search activity found
12-04 09:17:19.003  4609  4609 W ContextImpl: Calling a method in the system process without a qualified user: android.app.ContextImpl.startService:1231 android.content.ContextWrapper.startService:587 android.content.ContextWrapper.startService:587 org.cyanogenmod.providers.datausage.DataUsageAppInstallReceiver.onReceive:47 android.app.ActivityThread.handleReceiver:2759 
12-04 09:17:19.005  3339  3352 W Searchables: No global search activity found
12-04 09:17:19.009  3339  3352 W Searchables: No global search activity found
12-04 09:17:19.011  4609  4609 W ContextImpl: Calling a method in the system process without a qualified user: android.app.ContextImpl.startService:1231 android.content.ContextWrapper.startService:587 android.content.ContextWrapper.startService:587 org.cyanogenmod.providers.datausage.DataUsageAppInstallReceiver.onReceive:47 android.app.ActivityThread.handleReceiver:2759 
12-04 09:17:19.012  3339  3352 W Searchables: No global search activity found
12-04 09:17:19.013  3339  3352 W Searchables: No global search activity found
12-04 09:17:19.017  4609  4609 W ContextImpl: Calling a method in the system process without a qualified user: android.app.ContextImpl.startService:1231 android.content.ContextWrapper.startService:587 android.content.ContextWrapper.startService:587 org.cyanogenmod.providers.datausage.DataUsageAppInstallReceiver.onReceive:47 android.app.ActivityThread.handleReceiver:2759 
12-04 09:17:19.022  4609  4609 W ContextImpl: Calling a method in the system process without a qualified user: android.app.ContextImpl.startService:1231 android.content.ContextWrapper.startService:587 android.content.ContextWrapper.startService:587 org.cyanogenmod.providers.datausage.DataUsageAppInstallReceiver.onReceive:47 android.app.ActivityThread.handleReceiver:2759 
12-04 09:17:19.027  4609  4609 W ContextImpl: Calling a method in the system process without a qualified user: android.app.ContextImpl.startService:1231 android.content.ContextWrapper.startService:587 android.content.ContextWrapper.startService:587 org.cyanogenmod.providers.datausage.DataUsageAppInstallReceiver.onReceive:47 android.app.ActivityThread.handleReceiver:2759 
12-04 09:17:19.031  4609  4609 W ContextImpl: Calling a method in the system process without a qualified user: android.app.ContextImpl.startService:1231 android.content.ContextWrapper.startService:587 android.content.ContextWrapper.startService:587 org.cyanogenmod.providers.datausage.DataUsageAppInstallReceiver.onReceive:47 android.app.ActivityThread.handleReceiver:2759 
12-04 09:17:20.950  2919  3397 I vold    : Trimmed 10561409024 bytes on /data in 24609ms
12-04 09:17:20.950  3339  3395 D VoldConnector: RCV <- {662 /data 10561409024 24609954751}
12-04 09:17:23.197  3339  3353 I ActivityManager: Waited long enough for: ServiceRecord{b7a9f51 u0 com.android.providers.media/.MediaScannerService}
12-04 09:17:23.631  3339  3353 I ActivityManager: Waited long enough for: ServiceRecord{4e1286d u0 com.android.calendar/.alerts.InitAlarmsService}
12-04 09:17:24.012  3339  3353 I ActivityManager: Waited long enough for: ServiceRecord{4bf841c u0 com.android.email/.service.LegacyImapSyncAdapterService}
12-04 09:17:24.367  4232  4267 E ELEVEN  : calling refresh!
12-04 09:17:31.283  3608  3760 I vol.Events: writeEvent level_changed STREAM_MUSIC 7
12-04 09:17:38.636  4556  4692 D InitAlarmsService: Clearing and rescheduling alarms.
12-04 09:17:38.662  3339  3350 I ActivityManager: Killing 4519:com.android.keychain/1000 (adj 15): empty #17
12-04 09:17:38.692  3339  3350 I ActivityManager: Killing 3695:org.cyanogenmod.themes.provider/u0a22 (adj 15): empty #18
12-04 09:17:38.737  3339  3350 I ActivityManager: Killing 4374:com.android.cellbroadcastreceiver/u0a6 (adj 15): empty #19
12-04 09:17:38.761  3339  3350 I ActivityManager: Killing 4028:org.cyanogenmod.weather.provider/u0a26 (adj 15): empty #20
12-04 09:17:38.786  3339  3605 D ActivityManager: cleanUpApplicationRecord -- 4519
12-04 09:17:38.788  3339  3962 D ActivityManager: cleanUpApplicationRecord -- 4028
12-04 09:17:38.788  3339  3352 W art     : Long monitor contention event with owner method=void com.android.server.am.ActivityManagerService.removeContentProvider(android.os.IBinder, boolean) from ActivityManagerService.java:10193 waiters=2 for 129ms
12-04 09:17:38.790  3339  3604 D ActivityManager: cleanUpApplicationRecord -- 4374
12-04 09:17:38.794  3339  3351 I ActivityManager: Killing 4534:com.android.dialer/u0a21 (adj 15): empty #17
12-04 09:17:38.822  3339  3874 D ActivityManager: cleanUpApplicationRecord -- 3695
12-04 09:17:38.824  3339  3875 D ActivityManager: cleanUpApplicationRecord -- 4534
12-04 09:18:00.007  3339  3339 I ActivityManager: Killing 4624:com.android.managedprovisioning/u0a12 (adj 15): empty #17
12-04 09:18:00.039  3339  3875 D ActivityManager: cleanUpApplicationRecord -- 4624
