08-29 22:50:22.515  2945  2945 F DEBUG   :     #09 pc 000000000002e488  /system/lib64/libsurfaceflinger.so
08-29 22:50:22.515  2945  2945 F DEBUG   :     #10 pc 000000000001aed4  /system/lib64/libutils.so (_ZN7android6Looper9pollInnerEi+312)
08-29 22:50:22.515  2945  2945 F DEBUG   :     #11 pc 000000000001b20c  /system/lib64/libutils.so (_ZN7android6Looper8pollOnceEiPiS1_PPv+80)
08-29 22:50:22.515  2945  2945 F DEBUG   :     #12 pc 000000000002a6f4  /system/lib64/libsurfaceflinger.so
08-29 22:50:22.515  2945  2945 F DEBUG   :     #13 pc 000000000002df7c  /system/lib64/libsurfaceflinger.so (_ZN7android14SurfaceFlinger3runEv+20)
08-29 22:50:22.515  2945  2945 F DEBUG   :     #14 pc 00000000000011ec  /system/bin/surfaceflinger
08-29 22:50:22.515  2945  2945 F DEBUG   :     #15 pc 000000000001bcd8  /system/lib64/libc.so (__libc_init+100)
08-29 22:50:22.515  2945  2945 F DEBUG   :     #16 pc 000000000000101c  /system/bin/surfaceflinger
08-29 22:50:22.621  6044  6044 E audio_route: Failed to open /system/etc/mixer_paths.xml
08-29 22:50:22.627  6044  6044 I AudioFlinger: loadHwModule() Loaded primary audio interface from Samsung audio HW HAL (audio) handle 1
08-29 22:50:22.627  6044  6044 I AudioFlinger: openOutput(), module 1 Device 2, SamplingRate 44100, Format 0x000001, Channels 3, flags 2
08-29 22:50:22.627  6044  6044 I AudioFlinger: AudioStreamOut::open(), mHalFormatIsLinearPcm = 1
08-29 22:50:22.627  6044  6044 I AudioFlinger: HAL output buffer size 256 frames, normal sink buffer size 960 frames
08-29 22:50:22.629  6044  6044 I BufferProvider: found effect "Multichannel Downmix To Stereo" from The Android Open Source Project
08-29 22:50:22.629  6044  6044 E MonoPipe: Failed to fetch local time frequency when constructing a MonoPipe (res = -32).  getNextWriteTimestamp calls will be non-functional
08-29 22:50:22.629  6044  6044 I AudioFlinger: Using module 1 has the primary audio interface
08-29 22:50:22.629  6044  6200 I AudioFlinger: AudioFlinger's thread 0xf4800000 ready to run
08-29 22:50:22.629  6044  6200 V audio_hw_primary: do_out_standby: output standby: 1
08-29 22:50:22.630  6044  6200 V audio_hw_primary: out_set_parameters: key value pairs: routing=2
08-29 22:50:22.630  6044  6200 E AudioFlinger: no wake lock to update!
08-29 22:50:22.631  6044  6044 V audio_hw_primary: adev_open_input_stream: Created resampler converting 48000 -> 16000
08-29 22:50:22.631  6044  6044 V audio_hw_primary: adev_open_input_stream: Requesting input stream with rate: 16000, channels: 0xc
08-29 22:50:22.631  6044  6201 I AudioFlinger: AudioFlinger's thread 0xf4440000 ready to run
08-29 22:50:22.632  6044  6044 I r_submix: adev_open(name=audio_hw_if)
08-29 22:50:22.632  6044  6044 I r_submix: adev_init_check()
08-29 22:50:22.632  6044  6044 I AudioFlinger: loadHwModule() Loaded r_submix audio interface from Wifi Display audio HAL (audio) handle 4
08-29 22:50:22.632  6044  6044 D r_submix: adev_open_input_stream(addr=0)
08-29 22:50:22.632  6044  6044 D r_submix: submix_audio_device_create_pipe_l(addr=0, idx=9)
08-29 22:50:22.632  6044  6044 D r_submix:   now using address 0 for route 9
08-29 22:50:22.632  6044  6202 I AudioFlinger: AudioFlinger's thread 0xf4440000 ready to run
08-29 22:50:22.632  6044  6044 D r_submix: adev_close_input_stream()
08-29 22:50:22.632  6044  6044 D r_submix: submix_audio_device_release_pipe_l(idx=9) addr=0
08-29 22:50:22.632  6044  6044 D r_submix: submix_audio_device_destroy_pipe_l(): pipe destroyed
08-29 22:50:22.633  6044  6044 E SoundTriggerHwService: couldn't load sound trigger module sound_trigger.primary (No such file or directory)
08-29 22:50:22.633  6044  6044 I RadioService: RadioService
08-29 22:50:22.633  6044  6044 I RadioService: onFirstRef
08-29 22:50:22.633  6044  6044 E RadioService: couldn't load radio module radio.primary (No such file or directory)
08-29 22:50:22.715  6045  6045 E Minikin : addFont failed to create font /system/fonts/NanumGothic.ttf
08-29 22:50:22.715  6045  6045 E Minikin : addFont failed to create font /system/fonts/DroidSansFallback.ttf
08-29 22:50:22.715  6045  6045 E Minikin : addFont failed to create font /system/fonts/MTLmr3m.ttf
08-29 22:50:22.724  2945  2945 F DEBUG   : 
08-29 22:50:22.724  2945  2945 F DEBUG   : Tombstone written to: /data/tombstones/tombstone_01
08-29 22:50:22.770  6088  6088 W SurfaceComposerClient: ComposerService remote (surfaceflinger) died [0x7fb2fa3320]
08-29 22:50:22.770  6088  6088 D BootAnimation: SurfaceFlinger died, exiting...
08-29 22:50:22.770  6088  6107 E SurfaceControl: invalid handle (0x0) or client (0x7fb2f9c640)
08-29 22:50:22.770  2931  2931 I ServiceManager: service 'SurfaceFlinger' died
08-29 22:50:22.770  2931  2931 I ServiceManager: service 'Exynos.HWCService' died
08-29 22:50:22.788  2931  2931 I ServiceManager: service 'media.radio' died
08-29 22:50:22.788  2931  2931 I ServiceManager: service 'media.sound_trigger_hw' died
08-29 22:50:22.788  2931  2931 I ServiceManager: service 'media.audio_flinger' died
08-29 22:50:22.788  2931  2931 I ServiceManager: service 'media.player' died
08-29 22:50:22.788  2931  2931 I ServiceManager: service 'media.resource_manager' died
08-29 22:50:22.788  2931  2931 I ServiceManager: service 'media.camera' died
08-29 22:50:22.788  2931  2931 I ServiceManager: service 'media.audio_policy' died
08-29 22:50:26.825  6238  6238 I Netd    : Netd 1.0 starting
08-29 22:50:26.825  6238  6238 I QtiConnectivityAdapter: Failed to open libconnctrl, some features may not be present.
08-29 22:50:26.825  6238  6238 D TetherController: Setting IP forward enable = 0
08-29 22:50:26.839  3066  3066 W auditd  : type=1325 audit(0.0:2131): table=filter family=2 entries=42
08-29 22:50:26.839  3066  3066 W auditd  : type=1320 audit(0.0:2131): 
08-29 22:50:26.872  6240  6240 I SurfaceFlinger: SurfaceFlinger is starting
08-29 22:50:26.873  6240  6240 I SurfaceFlinger: SurfaceFlinger's main thread ready to run. Initializing graphics H/W...
08-29 22:50:26.859  3066  3066 W auditd  : type=1325 audit(0.0:2132): table=filter family=10 entries=46
08-29 22:50:26.859  3066  3066 W auditd  : type=1320 audit(0.0:2132): 
08-29 22:50:26.888  6240  6240 D libEGL  : loaded /vendor/lib64/egl/libGLES_mali.so
08-29 22:50:26.906  6240  6240 I gralloc : using (id=)
08-29 22:50:26.906  6240  6240 I gralloc : xres         = 1440 px
08-29 22:50:26.906  6240  6240 I gralloc : yres         = 2560 px
08-29 22:50:26.906  6240  6240 I gralloc : width        = 68 mm (537.882324 dpi)
08-29 22:50:26.906  6240  6240 I gralloc : height       = 122 mm (532.983582 dpi)
08-29 22:50:26.906  6240  6240 I gralloc : refresh rate = 59.42 Hz
08-29 22:50:26.889  3066  3066 W auditd  : type=1325 audit(0.0:2133): table=filter family=2 entries=41
08-29 22:50:26.889  3066  3066 W auditd  : type=1320 audit(0.0:2133): 
08-29 22:50:26.912  6240  6240 D hwcomposer: using
08-29 22:50:26.912  6240  6240 D hwcomposer: xres         = 1440 px
08-29 22:50:26.912  6240  6240 D hwcomposer: yres         = 2560 px
08-29 22:50:26.912  6240  6240 D hwcomposer: width        = 68 mm (537.882000 dpi)
08-29 22:50:26.912  6240  6240 D hwcomposer: height       = 122 mm (532.983000 dpi)
08-29 22:50:26.912  6240  6240 D hwcomposer: refresh rate = 59 Hz
08-29 22:50:26.912  6240  6240 I DisplayResourceManagerModule: internalMPP type(10), index(1)
08-29 22:50:26.912  6240  6240 I DisplayResourceManagerModule: internalMPP type(10), index(2)
08-29 22:50:26.912  6240  6240 I DisplayResourceManagerModule: internalMPP type(10), index(3)
08-29 22:50:26.912  6240  6240 I DisplayResourceManagerModule: internalMPP type(0), index(0)
08-29 22:50:26.912  6240  6240 I DisplayResourceManagerModule: internalMPP type(0), index(1)
08-29 22:50:26.912  6240  6240 I DisplayResourceManagerModule: internalMPP type(2), index(0)
08-29 22:50:26.912  6240  6240 I DisplayResourceManagerModule: internalMPP type(2), index(1)
08-29 22:50:26.912  6240  6240 I DisplayResourceManagerModule: externalMPP type(4), index(0)
08-29 22:50:26.912  6240  6240 I hwcutils: Open /dev/s5p-smem
08-29 22:50:26.912  6240  6240 I DisplayResourceManagerModule: externalMPP type(4), index(0)
08-29 22:50:26.912  6240  6240 I hwcutils: Open /dev/s5p-smem
08-29 22:50:26.912  6240  6240 I DisplayResourceManagerModule: externalMPP type(4), index(0)
08-29 22:50:26.912  6240  6240 I hwcutils: Open /dev/s5p-smem
08-29 22:50:26.913  6240  6240 I DisplayResourceManagerModule: externalMPP type(4), index(0)
08-29 22:50:26.913  6240  6240 I hwcutils: Open /dev/s5p-smem
08-29 22:50:26.913  6240  6240 I DisplayResourceManagerModule: externalMPP type(4), index(0)
08-29 22:50:26.913  6240  6240 I hwcutils: Open /dev/s5p-smem
08-29 22:50:26.913  6240  6240 I hwcomposer: PSR info devname = /sys/devices/13960000.decon_f/psr_info
08-29 22:50:26.913  6240  6240 I hwcomposer: PSR mode   = 2 (0: video mode, 1: DP PSR mode, 2: MIPI-DSI command mode)
08-29 22:50:26.913  6240  6240 I hwcomposer: Panel type = 1 (0: Legacy, 1: DSC)
08-29 22:50:26.914  6240  6240 I SurfaceFlinger: Using composer version 1.5
08-29 22:50:26.914  6240  6240 E display : [PrimaryDisplay] unknown display attribute 6
08-29 22:50:26.914  6240  6240 I SurfaceFlinger: EGL information:
08-29 22:50:26.914  6240  6240 I SurfaceFlinger: vendor    : Android
08-29 22:50:26.914  6240  6240 I SurfaceFlinger: version   : 1.4 Android META-EGL
08-29 22:50:26.914  6240  6240 I SurfaceFlinger: extensions: EGL_KHR_get_all_proc_addresses EGL_ANDROID_presentation_time EGL_KHR_swap_buffers_with_damage EGL_KHR_image EGL_KHR_image_base EGL_KHR_gl_texture_2D_image EGL_KHR_gl_texture_cubemap_image EGL_KHR_gl_renderbuffer_image EGL_KHR_fence_sync EGL_KHR_create_context EGL_KHR_config_attribs EGL_KHR_surfaceless_context EGL_EXT_create_context_robustness EGL_ANDROID_image_native_buffer EGL_KHR_wait_sync EGL_ANDROID_recordable EGL_KHR_partial_update 
08-29 22:50:26.914  6240  6240 I SurfaceFlinger: Client API: OpenGL_ES
08-29 22:50:26.914  6240  6240 I SurfaceFlinger: EGLSurface: 8-8-8-8, config=0x7f7d5bb138
08-29 22:50:26.918  6240  6240 I SurfaceFlinger: OpenGL ES informations:
08-29 22:50:26.918  6240  6240 I SurfaceFlinger: vendor    : ARM
08-29 22:50:26.918  6240  6240 I SurfaceFlinger: renderer  : Mali-T880
08-29 22:50:26.918  6240  6240 I SurfaceFlinger: version   : OpenGL ES 3.2 v1.r12p1-00dev0.60546d7cd0bfd82d0ba92ca3bb825c75
08-29 22:50:26.918  6240  6240 I SurfaceFlinger: extensions: GL_EXT_debug_marker GL_ARM_rgba8 GL_ARM_mali_shader_binary GL_OES_depth24 GL_OES_depth_texture GL_OES_depth_texture_cube_map GL_OES_packed_depth_stencil GL_OES_rgb8_rgba8 GL_EXT_read_format_bgra GL_OES_compressed_paletted_texture GL_OES_compressed_ETC1_RGB8_texture GL_OES_standard_derivatives GL_OES_EGL_image GL_OES_EGL_image_external GL_OES_EGL_image_external_essl3 GL_OES_EGL_sync GL_OES_texture_npot GL_OES_vertex_half_float GL_OES_required_internalformat GL_OES_vertex_array_object GL_OES_mapbuffer GL_EXT_texture_format_BGRA8888 GL_EXT_texture_rg GL_EXT_texture_type_2_10_10_10_REV GL_OES_fbo_render_mipmap GL_OES_element_index_uint GL_EXT_shadow_samplers GL_OES_texture_compression_astc GL_KHR_texture_compression_astc_ldr GL_KHR_texture_compression_astc_hdr GL_KHR_texture_compression_astc_sliced_3d GL_KHR_debug GL_EXT_occlusion_query_boolean GL_EXT_disjoint_timer_query GL_EXT_blend_minmax GL_EXT_discard_framebuffer GL_OES_get_program_binary GL_OES_texture_3D GL_EXT_texture_storage GL_EXT_multisamp
08-29 22:50:26.918  6240  6240 I SurfaceFlinger: GL_MAX_TEXTURE_SIZE = 16384
08-29 22:50:26.918  6240  6240 I SurfaceFlinger: GL_MAX_VIEWPORT_DIMS = 16384
08-29 22:50:26.922  6240  6240 D mali_winsys: EGLint new_window_surface(egl_winsys_display*, void*, EGLSurface, EGLConfig, egl_winsys_surface**, egl_color_buffer_format*, EGLBoolean) returns 0x3000,  [1440x2560]-format:1
08-29 22:50:26.922  6240  6240 E ion     : ioctl c0084904 failed with code -1: Invalid argument
08-29 22:50:26.922  6240  6240 E gralloc : invalid yuv format 5
08-29 22:50:26.922  6240  6240 W GraphicBufferAllocator: alloc(1440, 2560, 5, 00001a00, ...) failed -22 (Invalid argument)
08-29 22:50:26.922  6240  6240 E         : GraphicBufferAlloc::createGraphicBuffer(w=1440, h=2560) failed (Invalid argument), handle=0x0
08-29 22:50:26.922  6240  6240 E BufferQueueProducer: [FramebufferSurface] allocateBuffers: failed to allocate buffer (0 x 0, format 5, usage 512)
08-29 22:50:26.924  6240  6240 D SurfaceFlinger: Set power mode=2, type=0 flinger=0x7f7d583c00
08-29 22:50:26.924  6240  6240 I hwcomposer: int exynos_setPowerMode(hwc_composer_device_1*, int, int):: disp(0), mode(2)
08-29 22:50:26.909  3066  3066 W auditd  : type=1325 audit(0.0:2134): table=filter family=10 entries=45
08-29 22:50:26.909  3066  3066 W auditd  : type=1320 audit(0.0:2134): 
08-29 22:50:26.929  3066  3066 W auditd  : type=1325 audit(0.0:2135): table=filter family=2 entries=41
08-29 22:50:26.929  3066  3066 W auditd  : type=1320 audit(0.0:2135): 
08-29 22:50:26.939  3066  3066 W auditd  : type=1325 audit(0.0:2136): table=filter family=10 entries=45
08-29 22:50:26.939  3066  3066 W auditd  : type=1320 audit(0.0:2136): 
08-29 22:50:26.949  3066  3066 W auditd  : type=1325 audit(0.0:2137): table=filter family=2 entries=39
08-29 22:50:26.949  3066  3066 W auditd  : type=1320 audit(0.0:2137): 
08-29 22:50:26.949  3066  3066 W auditd  : type=1325 audit(0.0:2138): table=filter family=10 entries=43
08-29 22:50:26.949  3066  3066 W auditd  : type=1320 audit(0.0:2138): 
08-29 22:50:26.959  3066  3066 W auditd  : type=1325 audit(0.0:2139): table=filter family=2 entries=41
08-29 22:50:26.959  3066  3066 W auditd  : type=1320 audit(0.0:2139): 
08-29 22:50:26.959  3066  3066 W auditd  : type=1325 audit(0.0:2140): table=filter family=10 entries=45
08-29 22:50:26.959  3066  3066 W auditd  : type=1320 audit(0.0:2140): 
08-29 22:50:27.023  6241  6241 V MediaUtils: physMem: 3759357952
08-29 22:50:27.023  6241  6241 V MediaUtils: requested limit: 2443582635
08-29 22:50:27.023  6241  6241 V MediaUtils: actual limit: 2443582635
08-29 22:50:27.023  6241  6241 V MediaUtils: original limits: 4294967295/4294967295
08-29 22:50:27.023  6241  6241 V MediaUtils: new limits: 2443582635/4294967295
08-29 22:50:27.023  6241  6241 I mediaserver: ServiceManager: 0xf634e120
08-29 22:50:27.023  6241  6241 I AudioFlinger: Using default 3000 mSec as standby time.
08-29 22:50:27.023  6241  6241 E BatteryNotifier: batterystats service unavailable!
08-29 22:50:27.023  6241  6241 E BatteryNotifier: batterystats service unavailable!
08-29 22:50:27.024  6241  6241 I CameraService: CameraService started (pid=6241)
08-29 22:50:27.024  6241  6241 I CameraService: CameraService process starting
08-29 22:50:27.024  6241  6241 E BatteryNotifier: batterystats service unavailable!
08-29 22:50:27.024  6241  6241 E BatteryNotifier: batterystats service unavailable!
08-29 22:50:27.024  6241  6241 E CameraService: Could not load camera HAL module: -2 (No such file or directory)
08-29 22:50:27.025  6241  6241 I AudioPolicyService: AudioPolicyService CSTOR in new mode
08-29 22:50:27.025  6241  6241 I APM::ConfigParsingUtils: loadAudioPolicyConfig() loaded /system/etc/audio_policy.conf
08-29 22:50:27.057  6242  6242 D AndroidRuntime: >>>>>> START com.android.internal.os.ZygoteInit uid 0 <<<<<<
08-29 22:50:27.060  6242  6242 D AndroidRuntime: CheckJNI is ON
08-29 22:50:27.060  6242  6242 I art     : option[0]=-Xzygote
08-29 22:50:27.060  6242  6242 I art     : option[1]=-Xcheck:jni
08-29 22:50:27.060  6242  6242 I art     : option[2]=-Xstacktracefile:/data/anr/traces.txt
08-29 22:50:27.060  6242  6242 I art     : option[3]=exit
08-29 22:50:27.060  6242  6242 I art     : option[4]=vfprintf
08-29 22:50:27.060  6242  6242 I art     : option[5]=sensitiveThread
08-29 22:50:27.060  6242  6242 I art     : option[6]=-verbose:gc
08-29 22:50:27.060  6242  6242 I art     : option[7]=-Xms8m
08-29 22:50:27.060  6242  6242 I art     : option[8]=-Xmx768m
08-29 22:50:27.060  6242  6242 I art     : option[9]=-XX:HeapGrowthLimit=288m
08-29 22:50:27.060  6242  6242 I art     : option[10]=-XX:HeapMinFree=2m
08-29 22:50:27.060  6242  6242 I art     : option[11]=-XX:HeapMaxFree=8m
08-29 22:50:27.060  6242  6242 I art     : option[12]=-XX:HeapTargetUtilization=0.75
08-29 22:50:27.060  6242  6242 I art     : option[13]=-Xusejit:true
08-29 22:50:27.060  6242  6242 I art     : option[14]=-agentlib:jdwp=transport=dt_android_adb,suspend=n,server=y
08-29 22:50:27.060  6242  6242 I art     : option[15]=-Xlockprofthreshold:500
08-29 22:50:27.060  6242  6242 I art     : option[16]=-Ximage-compiler-option
08-29 22:50:27.060  6242  6242 I art     : option[17]=--runtime-arg
08-29 22:50:27.060  6242  6242 I art     : option[18]=-Ximage-compiler-option
08-29 22:50:27.060  6242  6242 I art     : option[19]=-Xms64m
08-29 22:50:27.060  6242  6242 I art     : option[20]=-Ximage-compiler-option
08-29 22:50:27.060  6242  6242 I art     : option[21]=--runtime-arg
08-29 22:50:27.060  6242  6242 I art     : option[22]=-Ximage-compiler-option
08-29 22:50:27.060  6242  6242 I art     : option[23]=-Xmx64m
08-29 22:50:27.060  6242  6242 I art     : option[24]=-Ximage-compiler-option
08-29 22:50:27.060  6242  6242 I art     : option[25]=--compiler-filter=verify-at-runtime
08-29 22:50:27.060  6242  6242 I art     : option[26]=-Ximage-compiler-option
08-29 22:50:27.060  6242  6242 I art     : option[27]=--image-classes=/system/etc/preloaded-classes
08-29 22:50:27.060  6242  6242 I art     : option[28]=-Xcompiler-option
08-29 22:50:27.060  6242  6242 I art     : option[29]=--runtime-arg
08-29 22:50:27.060  6242  6242 I art     : option[30]=-Xcompiler-option
08-29 22:50:27.060  6242  6242 I art     : option[31]=-Xms64m
08-29 22:50:27.060  6242  6242 I art     : option[32]=-Xcompiler-option
08-29 22:50:27.060  6242  6242 I art     : option[33]=--runtime-arg
08-29 22:50:27.060  6242  6242 I art     : option[34]=-Xcompiler-option
08-29 22:50:27.060  6242  6242 I art     : option[35]=-Xmx512m
08-29 22:50:27.060  6242  6242 I art     : option[36]=-Xcompiler-option
08-29 22:50:27.060  6242  6242 I art     : option[37]=--compiler-filter=verify-at-runtime
08-29 22:50:27.060  6242  6242 I art     : option[38]=-Ximage-compiler-option
08-29 22:50:27.060  6242  6242 I art     : option[39]=--instruction-set-variant=generic
08-29 22:50:27.060  6242  6242 I art     : option[40]=-Xcompiler-option
08-29 22:50:27.060  6242  6242 I art     : option[41]=--instruction-set-variant=generic
08-29 22:50:27.060  6242  6242 I art     : option[42]=-Ximage-compiler-option
08-29 22:50:27.060  6242  6242 I art     : option[43]=--instruction-set-features=default
08-29 22:50:27.060  6242  6242 I art     : option[44]=-Xcompiler-option
08-29 22:50:27.060  6242  6242 I art     : option[45]=--instruction-set-features=default
08-29 22:50:27.060  6242  6242 I art     : option[46]=-Duser.locale=en-US
08-29 22:50:27.060  6242  6242 I art     : option[47]=--cpu-abilist=arm64-v8a,armeabi
08-29 22:50:27.060  6242  6242 I art     : option[48]=-Xfingerprint:samsung/cm_hero2ltexx/hero2ltexx:6.0.1/MOB30Z/1f26c43fa1:eng/test-keys
08-29 22:50:27.088  6242  6242 D ICU     : No timezone override file found: /data/misc/zoneinfo/current/icu/icu_tzdata.dat
08-29 22:50:27.221  6242  6242 I Radio-JNI: register_android_hardware_Radio DONE
08-29 22:50:27.265  6242  6242 I SamplingProfilerIntegration: Profiling disabled.
08-29 22:50:27.266  6242  6242 D Zygote  : begin preload
08-29 22:50:27.267  6242  6242 I Zygote  : Preloading classes...
08-29 22:50:27.334  6240  6240 D SurfaceFlinger: SF. shader cache generated - 26 shaders in 361.109741 ms
08-29 22:50:27.334  6240  6240 E gralloc : invalid yuv format 5
08-29 22:50:27.334  6240  6240 W GraphicBufferAllocator: alloc(1440, 2560, 5, 00001a00, ...) failed -22 (Invalid argument)
08-29 22:50:27.334  6240  6240 E         : GraphicBufferAlloc::createGraphicBuffer(w=1440, h=2560) failed (Invalid argument), handle=0x0
08-29 22:50:27.334  6240  6240 E BufferQueueProducer: [FramebufferSurface] dequeueBuffer: createGraphicBuffer failed
08-29 22:50:27.334  6240  6240 D         : NULL == surf->write_back_color_buffer
08-29 22:50:27.334  6240  6240 W         : GLES-MALI OOM error: failed to allocate CPU memory (gles_fb_first_drawcall_cb at hardware/samsung_slsi/MaliT880_r12p0_JF/product/gles/src/fb/mali_gles_fb_module_api.c:1281)
08-29 22:50:27.334  6240  6240 E BufferQueueProducer: [FramebufferSurface] dequeueBuffer: can't dequeue multiple buffers without setting the buffer count
08-29 22:50:27.334  6240  6240 D         : NULL == surf->write_back_color_buffer
08-29 22:50:27.334  6240  6240 F SurfaceFlinger: eglSwapBuffers(0x1, 0x7f7d0e3700) failed with 0x0000300d
08-29 22:50:27.334  6240  6240 F libc    : Fatal signal 6 (SIGABRT), code -6 in tid 6240 (surfaceflinger)
08-29 22:50:27.334  2945  2945 I DEBUG   : property debug.db.uid not set; NOT waiting for gdb.
08-29 22:50:27.334  2945  2945 I DEBUG   : HINT: adb shell setprop debug.db.uid 100000
08-29 22:50:27.334  2945  2945 I DEBUG   : HINT: adb forward tcp:5039 tcp:5039
08-29 22:50:27.386  2945  2945 F DEBUG   : *** *** *** *** *** *** *** *** *** *** *** *** *** *** *** ***
08-29 22:50:27.386  2945  2945 F DEBUG   : CM Version: '13.0-20160829-UNOFFICIAL-hero2ltexx'
08-29 22:50:27.387  2945  2945 F DEBUG   : Build fingerprint: 'samsung/cm_hero2ltexx/hero2ltexx:6.0.1/MOB30Z/1f26c43fa1:eng/test-keys'
08-29 22:50:27.387  2945  2945 F DEBUG   : Revision: '0'
08-29 22:50:27.387  2945  2945 F DEBUG   : ABI: 'arm64'
08-29 22:50:27.387  2945  2945 F DEBUG   : pid: 6240, tid: 6240, name: surfaceflinger  >>> /system/bin/surfaceflinger <<<
08-29 22:50:27.387  2945  2945 F DEBUG   : signal 6 (SIGABRT), code -6 (SI_TKILL), fault addr --------
08-29 22:50:27.403  2945  2945 F DEBUG   : Abort message: 'eglSwapBuffers(0x1, 0x7f7d0e3700) failed with 0x0000300d'
08-29 22:50:27.404  2945  2945 F DEBUG   :     x0   0000000000000000  x1   0000000000001860  x2   0000000000000006  x3   0000000000000000
08-29 22:50:27.404  2945  2945 F DEBUG   :     x4   0000000000000000  x5   0000000000000001  x6   0000000000000000  x7   0000000000000000
08-29 22:50:27.404  2945  2945 F DEBUG   :     x8   0000000000000083  x9   0000000000000049  x10  0000007fec50abcc  x11  0000007fec50ac08
08-29 22:50:27.404  2945  2945 F DEBUG   :     x12  0000007fec50aae0  x13  0000000000000039  x14  0000007fec50acb8  x15  0000000000000000
08-29 22:50:27.404  2945  2945 F DEBUG   :     x16  0000007f7dca6560  x17  0000007f7dc37d6c  x18  0000007f7de5c3a4  x19  0000007f7df510d8
08-29 22:50:27.404  2945  2945 F DEBUG   :     x20  0000007f7df51018  x21  0000000000000009  x22  0000000000000006  x23  0000000000000001
08-29 22:50:27.404  2945  2945 F DEBUG   :     x24  0000000000000000  x25  0000000000000018  x26  0000007f7d58f4a8  x27  0000007f7ded7000
08-29 22:50:27.404  2945  2945 F DEBUG   :     x28  0000000000000001  x29  0000007fec50ab70  x30  0000007f7dc35508
08-29 22:50:27.404  2945  2945 F DEBUG   :     sp   0000007fec50ab70  pc   0000007f7dc37d74  pstate 0000000020000000
08-29 22:50:27.417  2945  2945 F DEBUG   : 
08-29 22:50:27.417  2945  2945 F DEBUG   : backtrace:
08-29 22:50:27.417  2945  2945 F DEBUG   :     #00 pc 0000000000069d74  /system/lib64/libc.so (tgkill+8)
08-29 22:50:27.417  2945  2945 F DEBUG   :     #01 pc 0000000000067504  /system/lib64/libc.so (pthread_kill+68)
08-29 22:50:27.417  2945  2945 F DEBUG   :     #02 pc 0000000000023448  /system/lib64/libc.so (raise+28)
08-29 22:50:27.418  2945  2945 F DEBUG   :     #03 pc 000000000001dbe8  /system/lib64/libc.so (abort+60)
08-29 22:50:27.418  2945  2945 F DEBUG   :     #04 pc 000000000000de78  /system/lib64/libcutils.so (__android_log_assert+236)
08-29 22:50:27.418  2945  2945 F DEBUG   :     #05 pc 000000000001e400  /system/lib64/libsurfaceflinger.so
08-29 22:50:27.418  2945  2945 F DEBUG   :     #06 pc 0000000000030cac  /system/lib64/libsurfaceflinger.so
08-29 22:50:27.418  2945  2945 F DEBUG   :     #07 pc 000000000002f804  /system/lib64/libsurfaceflinger.so
08-29 22:50:27.418  2945  2945 F DEBUG   :     #08 pc 000000000002e720  /system/lib64/libsurfaceflinger.so
08-29 22:50:27.418  2945  2945 F DEBUG   :     #09 pc 000000000002e488  /system/lib64/libsurfaceflinger.so
08-29 22:50:27.418  2945  2945 F DEBUG   :     #10 pc 000000000001aed4  /system/lib64/libutils.so (_ZN7android6Looper9pollInnerEi+312)
08-29 22:50:27.418  2945  2945 F DEBUG   :     #11 pc 000000000001b20c  /system/lib64/libutils.so (_ZN7android6Looper8pollOnceEiPiS1_PPv+80)
08-29 22:50:27.418  2945  2945 F DEBUG   :     #12 pc 000000000002a6f4  /system/lib64/libsurfaceflinger.so
08-29 22:50:27.418  2945  2945 F DEBUG   :     #13 pc 000000000002df7c  /system/lib64/libsurfaceflinger.so (_ZN7android14SurfaceFlinger3runEv+20)
08-29 22:50:27.418  2945  2945 F DEBUG   :     #14 pc 00000000000011ec  /system/bin/surfaceflinger
08-29 22:50:27.418  2945  2945 F DEBUG   :     #15 pc 000000000001bcd8  /system/lib64/libc.so (__libc_init+100)
08-29 22:50:27.419  2945  2945 F DEBUG   :     #16 pc 000000000000101c  /system/bin/surfaceflinger
08-29 22:50:27.621  2945  2945 F DEBUG   : 
08-29 22:50:27.621  2945  2945 F DEBUG   : Tombstone written to: /data/tombstones/tombstone_02
08-29 22:50:27.625  6242  6242 E Minikin : addFont failed to create font /system/fonts/NanumGothic.ttf
08-29 22:50:27.626  6242  6242 E Minikin : addFont failed to create font /system/fonts/DroidSansFallback.ttf
08-29 22:50:27.626  6242  6242 E Minikin : addFont failed to create font /system/fonts/MTLmr3m.ttf
