11-28 18:48:14.643  4354  4354 W PackageManager: Unknown permission com.cyngn.stats.SEND_ANALYTICS in package com.cyanogenmod.setupwizard
11-28 18:48:14.643  4354  4354 W PackageManager: Unknown permission com.cyanogen.permission.REQUEST_KILL_SWITCH_OP in package com.cyanogenmod.setupwizard
11-28 18:48:14.643  4354  4354 W PackageManager: Unknown permission com.cyanogen.ambient.permission.BIND_INCALL_SERVICE in package com.android.contacts
11-28 18:48:14.643  4354  4354 W PackageManager: Unknown permission com.cyanogen.ambient.permission.PLUGIN_STATUS_CHANGED in package com.android.contacts
11-28 18:48:14.643  4354  4354 W PackageManager: Unknown permission com.cyanogen.ambient.permission.BIND_CALLER_INFO in package com.android.contacts
11-28 18:48:14.643  4354  4354 W PackageManager: Unknown permission com.google.android.googleapps.permission.GOOGLE_AUTH.mail in package com.android.calendar
11-28 18:48:14.643  4354  4354 W PackageManager: Unknown permission com.android.launcher.permission.READ_SETTINGS in package com.android.onetimeinitializer
11-28 18:48:14.643  4354  4354 W PackageManager: Unknown permission com.android.launcher.permission.WRITE_SETTINGS in package com.android.onetimeinitializer
11-28 18:48:14.643  4354  4354 W PackageManager: Unknown permission com.cyanogen.ambient.permission.BIND_INCALL_SERVICE in package com.android.dialer
11-28 18:48:14.643  4354  4354 W PackageManager: Unknown permission com.cyanogen.ambient.permission.PLUGIN_STATUS_CHANGED in package com.android.dialer
11-28 18:48:14.643  4354  4354 W PackageManager: Unknown permission com.cyanogen.ambient.permission.PUBLISH_DISCOVERY_NUDGE in package com.android.dialer
11-28 18:48:14.643  4354  4354 W PackageManager: Unknown permission com.cyanogen.ambient.permission.BIND_DEEPLINK_SERVICE in package com.android.dialer
11-28 18:48:14.643  4354  4354 W PackageManager: Unknown permission com.cyanogen.ambient.permission.READ_DEEPLINK_DATABASE in package com.android.dialer
11-28 18:48:14.643  4354  4354 W PackageManager: Unknown permission com.cyanogen.ambient.permission.BIND_CALLER_INFO in package com.android.dialer
11-28 18:48:14.644  4354  4354 W PackageManager: Unknown permission com.android.launcher.permission.READ_SETTINGS in package com.cyanogenmod.trebuchet
11-28 18:48:14.644  4354  4354 W PackageManager: Unknown permission com.android.launcher.permission.WRITE_SETTINGS in package com.cyanogenmod.trebuchet
11-28 18:48:14.644  4354  4354 W PackageManager: Unknown permission com.cyngn.stats.SEND_ANALYTICS in package com.cyanogenmod.trebuchet
11-28 18:48:14.644  4354  4354 W PackageManager: Unknown permission com.google.android.permission.INSTALL_WEARABLE_PACKAGES in package com.android.packageinstaller
11-28 18:48:14.644  4354  4354 W PackageManager: Not granting permission android.permission.DELETE_PACKAGES to package com.svox.pico (protectionLevel=18 flags=0x3808be45)
11-28 18:48:14.644  4354  4354 W PackageManager: Unknown permission android.permission.ACCESS_SUPERUSER in package com.cyanogenmod.filemanager
11-28 18:48:14.644  4354  4354 W PackageManager: Unknown permission com.cyanogenmod.filemanager.permissions.READ_THEME in package com.cyanogenmod.filemanager
11-28 18:48:14.644  4354  4354 W PackageManager: Unknown permission com.google.android.gallery3d.permission.PICASA_STORE in package com.android.dreams.phototable
11-28 18:48:14.644  4354  4354 W PackageManager: Unknown permission com.google.android.googleapps.permission.GOOGLE_AUTH in package com.android.settings
11-28 18:48:14.644  4354  4354 W PackageManager: Unknown permission com.android.launcher.permission.READ_SETTINGS in package com.android.settings
11-28 18:48:14.644  4354  4354 W PackageManager: Unknown permission com.android.launcher.permission.WRITE_SETTINGS in package com.android.settings
11-28 18:48:14.644  4354  4354 W PackageManager: Not granting permission android.permission.REAL_GET_TASKS to package com.cyanogenmod.eleven (protectionLevel=18 flags=0x3818be65)
11-28 18:48:14.645  4354  4354 W PackageManager: Unknown permission com.google.android.gallery3d.permission.GALLERY_PROVIDER in package com.android.bluetooth
11-28 18:48:14.645  4354  4354 W PackageManager: Unknown permission com.google.android.googleapps.permission.ACCESS_GOOGLE_PASSWORD in package com.android.development
11-28 18:48:14.645  4354  4354 W PackageManager: Unknown permission com.google.android.googleapps.permission.GOOGLE_AUTH in package com.android.development
11-28 18:48:14.645  4354  4354 W PackageManager: Unknown permission com.google.android.googleapps.permission.GOOGLE_AUTH.ALL_SERVICES in package com.android.development
11-28 18:48:14.645  4354  4354 W PackageManager: Unknown permission com.google.android.googleapps.permission.GOOGLE_AUTH.YouTubeUser in package com.android.development
11-28 18:48:14.646  4354  4354 V PackageManager: Disabling com.google.android.gsf/com.google.android.gsf.update.SystemUpdateActivity
11-28 18:48:14.646  4354  4354 W PackageManager: Unable to disable com.google.android.gsf/com.google.android.gsf.update.SystemUpdateActivity
11-28 18:48:14.646  4354  4354 V PackageManager: Disabling com.google.android.gsf/com.google.android.gsf.update.SystemUpdateService$Receiver
11-28 18:48:14.646  4354  4354 W PackageManager: Unable to disable com.google.android.gsf/com.google.android.gsf.update.SystemUpdateService$Receiver
11-28 18:48:14.646  4354  4354 V PackageManager: Disabling com.google.android.gsf/com.google.android.gsf.update.SystemUpdateService$SecretCodeReceiver
11-28 18:48:14.646  4354  4354 W PackageManager: Unable to disable com.google.android.gsf/com.google.android.gsf.update.SystemUpdateService$SecretCodeReceiver
11-28 18:48:14.646  4354  4354 V PackageManager: Disabling com.google.android.gms/com.google.android.gms.update.SystemUpdateActivity
11-28 18:48:14.646  4354  4354 W PackageManager: Unable to disable com.google.android.gms/com.google.android.gms.update.SystemUpdateActivity
11-28 18:48:14.646  4354  4354 V PackageManager: Disabling com.google.android.gms/com.google.android.gms.update.SystemUpdateService$Receiver
11-28 18:48:14.646  4354  4354 W PackageManager: Unable to disable com.google.android.gms/com.google.android.gms.update.SystemUpdateService$Receiver
11-28 18:48:14.646  4354  4354 V PackageManager: Disabling com.google.android.gms/com.google.android.gms.update.SystemUpdateService$ActiveReceiver
11-28 18:48:14.646  4354  4354 W PackageManager: Unable to disable com.google.android.gms/com.google.android.gms.update.SystemUpdateService$ActiveReceiver
11-28 18:48:14.646  4354  4354 V PackageManager: Disabling com.google.android.gms/com.google.android.gms.update.SystemUpdateService$SecretCodeReceiver
11-28 18:48:14.646  4354  4354 W PackageManager: Unable to disable com.google.android.gms/com.google.android.gms.update.SystemUpdateService$SecretCodeReceiver
11-28 18:48:14.647  4354  4354 V PackageManager: Enabling com.google.android.gsf/com.google.android.gsf.update.SystemUpdateService
11-28 18:48:14.647  4354  4354 W PackageManager: Unable to enable com.google.android.gsf/com.google.android.gsf.update.SystemUpdateService
11-28 18:48:14.647  4354  4354 V PackageManager: Enabling com.google.android.gms/com.google.android.gms.update.SystemUpdateService
11-28 18:48:14.647  4354  4354 W PackageManager: Unable to enable com.google.android.gms/com.google.android.gms.update.SystemUpdateService
11-28 18:48:14.775  4354  4354 I art     : Starting a blocking GC Explicit
11-28 18:48:14.874  4354  4354 I art     : Explicit concurrent mark sweep GC freed 131781(8MB) AllocSpace objects, 30(2MB) LOS objects, 33% free, 27MB/41MB, paused 669us total 82.327ms
11-28 18:48:14.875  4354  4354 I SystemServer: User Service
11-28 18:48:14.887  2929  2929 I lowmemorykiller: ActivityManager connected
11-28 18:48:14.890  4354  4354 I SystemServiceManager: Starting com.android.server.BatteryService
11-28 18:48:14.892  4354  4400 I         : System server: starting sensor init.
11-28 18:48:14.893  4354  4400 D SensorService: nuSensorService starting...
11-28 18:48:14.940  4354  4354 I SystemServiceManager: Starting com.android.server.usage.UsageStatsService
11-28 18:48:14.944  4354  4400 I Sensors : getName:gyro_sensor name = K6DS3TR.
11-28 18:48:14.945  4354  4400 I Sensors : Proximity old sensor_state 0, new sensor_state : 128 en : 1
11-28 18:48:14.973  4354  4400 I Sensors : Light old sensor_state 128, new sensor_state : 640 en : 1
11-28 18:48:14.979  4354  4400 I Sensors : Light_IR old sensor_state 640, new sensor_state : 16777856 en : 1
11-28 18:48:14.979  4354  4400 E Sensors : Light_IR_Sensor write failed. ret = -1, sensor_state = 16777856
11-28 18:48:14.990  4354  4400 I Sensors : SigMotionSensor old sensor_state 640, new sensor_state : 17024 en : 1
11-28 18:48:15.016  4354  4354 I UsageStatsService: User[0] Rollover scheduled @ 2016-11-29 00:00:00(1480377600000)
11-28 18:48:15.018  4354  4400 I Sensors : getName:gyro_sensor name = K6DS3TR.
11-28 18:48:15.020  4354  4400 I Sensors : StepCounterSensor old sensor_state 17024, new sensor_state : 279168 en : 1
11-28 18:48:15.020  4354  4400 E Sensors : StepCounterSensor write failed. ret = -1, sensor_state = 279168
11-28 18:48:15.020  4354  4400 I Sensors : Int.Gyro old sensor_state 17024, new sensor_state : 33571456 en : 1
11-28 18:48:15.020  4354  4400 E Sensors : Int.GyroSensor write failed. ret = -1, sensor_state = 33571456
11-28 18:48:15.020  4354  4400 I Sensors : getName:gyro_sensor name = K6DS3TR.
11-28 18:48:15.020  4354  4400 I Sensors : HrmSpO2Sensor:: part type = 12.
11-28 18:48:15.020  4354  4400 D Sensors : HrmSpO2Sensor::type:12, prox threshold:10000
11-28 18:48:15.020  4354  4400 D Sensors : HrmSpO2Sensor::handle:0 ,en:1
11-28 18:48:15.020  4354  4400 E Sensors : HrmSpO2Sensor::Error MAXIM Flicker Library...handle=0x0
11-28 18:48:15.020  4354  4400 D Sensors : HrmSpO2Sensor::HrmSpO2Sensor: Shared version Registered
11-28 18:48:15.020  4354  4400 D Sensors : HrmLedSensor enable: mEnabled 0, handle 20, en 1
11-28 18:48:15.020  4354  4400 D Sensors : HRMSensor led enabled:1, en:1
11-28 18:48:15.022  4354  4354 I SystemServiceManager: Starting com.android.server.webkit.WebViewUpdateService
11-28 18:48:15.024  4354  4354 I SystemServer: Reading configuration...
11-28 18:48:15.024  4354  4354 I SystemServer: Scheduling Policy
11-28 18:48:15.025  4354  4354 I SystemServiceManager: Starting com.android.server.telecom.TelecomLoaderService
11-28 18:48:15.025  4354  4354 I SystemServer: Telephony Registry
11-28 18:48:15.038  4354  4354 I SystemServer: Entropy Mixer
11-28 18:48:15.045  4354  4400 I Sensors : getVendor:hrm_sensor vendor = MAXIM.
11-28 18:48:15.045  4354  4400 I Sensors : HrmLedSensor: HrmLedSensor vendor = MAXIM.
11-28 18:48:15.045  4354  4400 D Sensors : HRMSensor_LED::libhr open start!! 
11-28 18:48:15.045  4354  4400 E Sensors : HRMSensor_LED::libhr open failed 
11-28 18:48:15.045  4354  4400 E Sensors : GripSensor: enable
11-28 18:48:15.073  4354  4400 I Sensors : Proximity old sensor_state 17024, new sensor_state : 16896 en : 0
11-28 18:48:15.073  4354  4400 I Sensors : Light old sensor_state 16896, new sensor_state : 16384 en : 0
11-28 18:48:15.073  4354  4400 I Sensors : SigMotionSensor old sensor_state 16384, new sensor_state : 0 en : 0
11-28 18:48:15.073  4354  4400 E Sensors : GripSensor: enable
11-28 18:48:15.076  4354  4400 D Sensors : HrmSpO2Sensor::handle:19 ,en:0
11-28 18:48:15.076  4354  4400 D Sensors : HrmSpO2Sensor::isEnabled:0 ,en:0, mEn:0
11-28 18:48:15.076  4354  4400 D Sensors : HrmSpO2Sensor::handle:28 ,en:0
11-28 18:48:15.076  4354  4400 D Sensors : HrmSpO2Sensor::isEnabled:0 ,en:0, mEn:0
11-28 18:48:15.076  4354  4400 D Sensors : HrmLedSensor enable: mEnabled 1, handle 20, en 0
11-28 18:48:15.076  4354  4400 D Sensors : HRMSensor_LED::enable 
11-28 18:48:15.076  4354  4400 D Sensors : HRMSensor led enabled:0, en:0
11-28 18:48:15.078  4354  4400 D Sensors : HrmLedSensor enable: mEnabled 0, handle 21, en 0
11-28 18:48:15.078  4354  4400 D Sensors : HrmLedSensor isEnabled:0 ,en:0
11-28 18:48:15.078  4354  4400 D Sensors : HrmSpO2Sensor::handle:18 ,en:0
11-28 18:48:15.078  4354  4400 D Sensors : HrmSpO2Sensor::isEnabled:0 ,en:0, mEn:0
11-28 18:48:15.079  4354  4400 I         : System server: sensor init done.
11-28 18:48:15.080  4354  4401 D SensorService: new thread SensorEventAckReceiver
11-28 18:48:15.081  4354  4402 D SensorService: nuSensorService thread starting...
11-28 18:48:15.084  4354  4354 I EntropyMixer: Added HW RNG output to entropy pool
11-28 18:48:15.084  4354  4354 I EntropyMixer: Writing entropy...
11-28 18:48:15.108  4354  4354 I SystemServer: Camera Service
11-28 18:48:15.108  4354  4354 I SystemServiceManager: Starting com.android.server.camera.CameraService
11-28 18:48:15.111  4354  4403 I ServiceThread: Enabled StrictMode logging for CameraService_proxy looper.
11-28 18:48:15.112  4354  4354 I SystemServer: Account Manager
11-28 18:48:15.116  4354  4354 I SystemServer: Content Manager
11-28 18:48:15.119  4354  4354 I SystemServer: System Content Providers
11-28 18:48:15.124  4354  4354 W System  : ClassLoader referenced unknown path: /system/priv-app/CMSettingsProvider/lib/arm64
11-28 18:48:15.149  4354  4354 W System  : ClassLoader referenced unknown path: /system/priv-app/SettingsProvider/lib/arm64
11-28 18:48:15.186  4354  4354 I SystemServer: Vibrator Service
11-28 18:48:15.189  4354  4354 I SystemServer: Consumer IR Service
11-28 18:48:15.190  4354  4354 E ConsumerIrService: Can't open consumer IR HW Module, error: -2
11-28 18:48:15.190  4354  4354 E System  : ******************************************
11-28 18:48:15.191  4354  4354 E System  : ************ Failure starting core service
11-28 18:48:15.191  4354  4354 E System  : java.lang.RuntimeException: FEATURE_CONSUMER_IR present, but no IR HAL loaded!
11-28 18:48:15.191  4354  4354 E System  : 	at com.android.server.ConsumerIrService.<init>(ConsumerIrService.java:51)
11-28 18:48:15.191  4354  4354 E System  : 	at com.android.server.SystemServer.startOtherServices(SystemServer.java:509)
11-28 18:48:15.191  4354  4354 E System  : 	at com.android.server.SystemServer.run(SystemServer.java:291)
11-28 18:48:15.191  4354  4354 E System  : 	at com.android.server.SystemServer.main(SystemServer.java:176)
11-28 18:48:15.191  4354  4354 E System  : 	at java.lang.reflect.Method.invoke(Native Method)
11-28 18:48:15.191  4354  4354 E System  : 	at com.android.internal.os.ZygoteInit$MethodAndArgsCaller.run(ZygoteInit.java:726)
11-28 18:48:15.191  4354  4354 E System  : 	at com.android.internal.os.ZygoteInit.main(ZygoteInit.java:616)
11-28 18:48:15.191  4354  4354 I SystemServer: Input Method Service
11-28 18:48:15.225  4354  4367 I SyncManager: No initial statistics
11-28 18:48:15.291  4354  4354 W InputMethodManagerService: No IME selected. Choose the most applicable IME.
11-28 18:48:15.291  4354  4354 I InputMethodManagerService: Default found, using com.android.inputmethod.latin/.LatinIME
11-28 18:48:15.296  4354  4354 I SystemServer: Accessibility Manager
11-28 18:48:15.311  4354  4354 W SystemServer: ***********************************************
11-28 18:48:15.312  4354  4354 E SystemServer: BOOT FAILURE making display ready
11-28 18:48:15.312  4354  4354 E SystemServer: java.lang.NullPointerException: Attempt to invoke virtual method 'void com.android.server.wm.WindowManagerService.displayReady()' on a null object reference
11-28 18:48:15.312  4354  4354 E SystemServer: 	at com.android.server.SystemServer.startOtherServices(SystemServer.java:591)
11-28 18:48:15.312  4354  4354 E SystemServer: 	at com.android.server.SystemServer.run(SystemServer.java:291)
11-28 18:48:15.312  4354  4354 E SystemServer: 	at com.android.server.SystemServer.main(SystemServer.java:176)
11-28 18:48:15.312  4354  4354 E SystemServer: 	at java.lang.reflect.Method.invoke(Native Method)
11-28 18:48:15.312  4354  4354 E SystemServer: 	at com.android.internal.os.ZygoteInit$MethodAndArgsCaller.run(ZygoteInit.java:726)
11-28 18:48:15.312  4354  4354 E SystemServer: 	at com.android.internal.os.ZygoteInit.main(ZygoteInit.java:616)
11-28 18:48:15.314  4354  4354 I SystemServiceManager: Starting com.android.server.MountService$Lifecycle
11-28 18:48:15.346  4354  4354 I SystemServiceManager: Starting com.android.server.UiModeManagerService
11-28 18:48:15.348  4354  4354 I ActivityManager: Config changes=200 {1.0 ?mcc?mnc en_US ldltr ?swdp ?wdp ?hdp ?density ?lsize ?long ?orien ?touch ?keyb/?/? ?nav/? s.2 themeResource=null}
11-28 18:48:15.352  4354  4354 E System  : ******************************************
11-28 18:48:15.353  4354  4354 E System  : ************ Failure starting system services
11-28 18:48:15.353  4354  4354 E System  : java.lang.NullPointerException: Attempt to invoke virtual method 'void com.android.server.wm.WindowManagerService.updateBootProgress(int, android.content.pm.ApplicationInfo, int, int, boolean)' on a null object reference
11-28 18:48:15.353  4354  4354 E System  : 	at com.android.server.am.ActivityManagerService.updateBootProgress(ActivityManagerService.java:6581)
11-28 18:48:15.353  4354  4354 E System  : 	at com.android.server.SystemServer.startOtherServices(SystemServer.java:624)
11-28 18:48:15.353  4354  4354 E System  : 	at com.android.server.SystemServer.run(SystemServer.java:291)
11-28 18:48:15.353  4354  4354 E System  : 	at com.android.server.SystemServer.main(SystemServer.java:176)
11-28 18:48:15.353  4354  4354 E System  : 	at java.lang.reflect.Method.invoke(Native Method)
11-28 18:48:15.353  4354  4354 E System  : 	at com.android.internal.os.ZygoteInit$MethodAndArgsCaller.run(ZygoteInit.java:726)
11-28 18:48:15.353  4354  4354 E System  : 	at com.android.internal.os.ZygoteInit.main(ZygoteInit.java:616)
11-28 18:48:15.353  4354  4354 D AndroidRuntime: Shutting down VM
11-28 18:48:15.353  4354  4354 E AndroidRuntime: *** FATAL EXCEPTION IN SYSTEM PROCESS: main
11-28 18:48:15.353  4354  4354 E AndroidRuntime: java.lang.NullPointerException: Attempt to invoke virtual method 'void com.android.server.wm.WindowManagerService.updateBootProgress(int, android.content.pm.ApplicationInfo, int, int, boolean)' on a null object reference
11-28 18:48:15.353  4354  4354 E AndroidRuntime: 	at com.android.server.am.ActivityManagerService.updateBootProgress(ActivityManagerService.java:6581)
11-28 18:48:15.353  4354  4354 E AndroidRuntime: 	at com.android.server.SystemServer.startOtherServices(SystemServer.java:624)
11-28 18:48:15.353  4354  4354 E AndroidRuntime: 	at com.android.server.SystemServer.run(SystemServer.java:291)
11-28 18:48:15.353  4354  4354 E AndroidRuntime: 	at com.android.server.SystemServer.main(SystemServer.java:176)
11-28 18:48:15.353  4354  4354 E AndroidRuntime: 	at java.lang.reflect.Method.invoke(Native Method)
11-28 18:48:15.353  4354  4354 E AndroidRuntime: 	at com.android.internal.os.ZygoteInit$MethodAndArgsCaller.run(ZygoteInit.java:726)
11-28 18:48:15.353  4354  4354 E AndroidRuntime: 	at com.android.internal.os.ZygoteInit.main(ZygoteInit.java:616)
11-28 18:48:15.354  4354  4354 I Process : Sending signal. PID: 4354 SIG: 9
11-28 18:48:15.447  3006  3006 E installd: eof
11-28 18:48:15.447  3006  3006 E installd: failed to read size
11-28 18:48:15.447  3006  3006 I installd: closing connection
11-28 18:48:15.447  2930  2930 I ServiceManager: service 'sensorservice' died
11-28 18:48:15.447  2930  2930 I ServiceManager: service 'activity' died
11-28 18:48:15.447  2930  2930 I ServiceManager: service 'procstats' died
11-28 18:48:15.447  2930  2930 I ServiceManager: service 'meminfo' died
11-28 18:48:15.447  2930  2930 I ServiceManager: service 'gfxinfo' died
11-28 18:48:15.447  2930  2930 I ServiceManager: service 'dbinfo' died
11-28 18:48:15.447  2930  2930 I ServiceManager: service 'cpuinfo' died
11-28 18:48:15.447  2930  2930 I ServiceManager: service 'permission' died
11-28 18:48:15.448  2930  2930 I ServiceManager: service 'processinfo' died
11-28 18:48:15.448  2930  2930 I ServiceManager: service 'batterymanager' died
11-28 18:48:15.448  2930  2930 I ServiceManager: service 'usagestats' died
11-28 18:48:15.448  2930  2930 I ServiceManager: service 'webviewupdate' died
11-28 18:48:15.448  2930  2930 I ServiceManager: service 'scheduling_policy' died
11-28 18:48:15.448  2930  2930 I ServiceManager: service 'telephony.registry' died
11-28 18:48:15.448  2930  2930 I ServiceManager: service 'media.camera.proxy' died
11-28 18:48:15.448  2930  2930 I ServiceManager: service 'account' died
11-28 18:48:15.448  2930  2930 I ServiceManager: service 'content' died
11-28 18:48:15.448  2930  2930 I ServiceManager: service 'package' died
11-28 18:48:15.448  2930  2930 I ServiceManager: service 'user' died
11-28 18:48:15.448  2930  2930 I ServiceManager: service 'vibrator' died
11-28 18:48:15.448  2930  2930 I ServiceManager: service 'input_method' died
11-28 18:48:15.448  2930  2930 I ServiceManager: service 'accessibility' died
11-28 18:48:15.448  2930  2930 I ServiceManager: service 'mount' died
11-28 18:48:15.448  2930  2930 I ServiceManager: service 'uimode' died
11-28 18:48:15.448  2930  2930 I ServiceManager: service 'batterystats' died
11-28 18:48:15.448  2930  2930 I ServiceManager: service 'appops' died
11-28 18:48:15.448  2930  2930 I ServiceManager: service 'power' died
11-28 18:48:15.448  2930  2930 I ServiceManager: service 'display' died
11-28 18:48:15.451  2929  2929 I lowmemorykiller: ActivityManager disconnected
11-28 18:48:15.451  2929  2929 I lowmemorykiller: Closing Activity Manager data connection
11-28 18:48:16.454  4077  4077 E Zygote  : Exit zygote because system server (4354) has terminated
11-28 18:48:16.492  2930  2930 I ServiceManager: service 'media.radio' died
11-28 18:48:16.492  2930  2930 I ServiceManager: service 'media.sound_trigger_hw' died
11-28 18:48:16.492  2930  2930 I ServiceManager: service 'media.audio_flinger' died
11-28 18:48:16.492  2930  2930 I ServiceManager: service 'media.player' died
11-28 18:48:16.492  2930  2930 I ServiceManager: service 'media.resource_manager' died
11-28 18:48:16.492  2930  2930 I ServiceManager: service 'media.camera' died
11-28 18:48:16.492  2930  2930 I ServiceManager: service 'media.audio_policy' died
11-28 18:48:16.600  4415  4415 I Netd    : Netd 1.0 starting
11-28 18:48:16.600  4415  4415 I QtiConnectivityAdapter: Failed to open libconnctrl, some features may not be present.
11-28 18:48:16.600  4415  4415 D TetherController: Setting IP forward enable = 0
11-28 18:48:16.589  3330  3330 W auditd  : type=1325 audit(0.0:851): table=filter family=2 entries=52
11-28 18:48:16.589  3330  3330 W auditd  : type=1320 audit(0.0:851): 
11-28 18:48:16.599  3330  3330 W auditd  : type=1325 audit(0.0:852): table=filter family=10 entries=55
11-28 18:48:16.599  3330  3330 W auditd  : type=1320 audit(0.0:852): 
11-28 18:48:16.609  3330  3330 W auditd  : type=1325 audit(0.0:853): table=filter family=2 entries=51
11-28 18:48:16.609  3330  3330 W auditd  : type=1320 audit(0.0:853): 
11-28 18:48:16.634  4414  4414 V MediaUtils: physMem: 3748511744
11-28 18:48:16.634  4414  4414 V MediaUtils: requested limit: 2436532605
11-28 18:48:16.634  4414  4414 V MediaUtils: actual limit: 2436532605
11-28 18:48:16.634  4414  4414 V MediaUtils: original limits: 4294967295/4294967295
11-28 18:48:16.634  4414  4414 V MediaUtils: new limits: 2436532605/4294967295
11-28 18:48:16.634  4414  4414 I mediaserver: ServiceManager: 0xf670e120
11-28 18:48:16.634  4414  4414 I AudioFlinger: Using default 3000 mSec as standby time.
11-28 18:48:16.635  4414  4414 E BatteryNotifier: batterystats service unavailable!
11-28 18:48:16.635  4414  4414 E BatteryNotifier: batterystats service unavailable!
11-28 18:48:16.635  4414  4414 I CameraService: CameraService started (pid=4414)
11-28 18:48:16.635  4414  4414 I CameraService: CameraService process starting
11-28 18:48:16.636  4414  4414 E BatteryNotifier: batterystats service unavailable!
11-28 18:48:16.636  4414  4414 E BatteryNotifier: batterystats service unavailable!
11-28 18:48:16.636  4414  4414 E CameraService: Could not load camera HAL module: -2 (No such file or directory)
11-28 18:48:16.636  4414  4414 I AudioPolicyService: AudioPolicyService CSTOR in new mode
11-28 18:48:16.636  4414  4414 I APM::ConfigParsingUtils: loadAudioPolicyConfig() loaded /system/etc/audio_policy.conf
11-28 18:48:16.619  3330  3330 W auditd  : type=1325 audit(0.0:854): table=filter family=10 entries=54
11-28 18:48:16.619  3330  3330 W auditd  : type=1320 audit(0.0:854): 
11-28 18:48:16.629  3330  3330 W auditd  : type=1325 audit(0.0:855): table=filter family=2 entries=50
11-28 18:48:16.629  3330  3330 W auditd  : type=1320 audit(0.0:855): 
11-28 18:48:16.639  3330  3330 W auditd  : type=1325 audit(0.0:856): table=filter family=10 entries=53
11-28 18:48:16.639  3330  3330 W auditd  : type=1320 audit(0.0:856): 
11-28 18:48:16.649  3330  3330 W auditd  : type=1325 audit(0.0:857): table=filter family=2 entries=48
11-28 18:48:16.649  3330  3330 W auditd  : type=1320 audit(0.0:857): 
11-28 18:48:16.659  3330  3330 W auditd  : type=1325 audit(0.0:858): table=filter family=10 entries=51
11-28 18:48:16.659  3330  3330 W auditd  : type=1320 audit(0.0:858): 
11-28 18:48:16.669  3330  3330 W auditd  : type=1325 audit(0.0:859): table=filter family=2 entries=50
11-28 18:48:16.669  3330  3330 W auditd  : type=1320 audit(0.0:859): 
11-28 18:48:16.679  3330  3330 W auditd  : type=1325 audit(0.0:860): table=filter family=10 entries=53
11-28 18:48:16.679  3330  3330 W auditd  : type=1320 audit(0.0:860): 
11-28 18:48:17.163  4414  4414 E audio_route: Failed to open /system/etc/mixer_paths.xml
11-28 18:48:17.169  4414  4414 I AudioFlinger: loadHwModule() Loaded primary audio interface from Samsung audio HW HAL (audio) handle 1
11-28 18:48:17.169  4414  4414 I AudioFlinger: openOutput(), module 1 Device 2, SamplingRate 44100, Format 0x000001, Channels 3, flags 2
11-28 18:48:17.169  4414  4414 I AudioFlinger: AudioStreamOut::open(), mHalFormatIsLinearPcm = 1
11-28 18:48:17.169  4414  4414 I AudioFlinger: HAL output buffer size 256 frames, normal sink buffer size 960 frames
11-28 18:48:17.171  4414  4414 I BufferProvider: found effect "Multichannel Downmix To Stereo" from The Android Open Source Project
11-28 18:48:17.171  4414  4414 E MonoPipe: Failed to fetch local time frequency when constructing a MonoPipe (res = -32).  getNextWriteTimestamp calls will be non-functional
11-28 18:48:17.171  4414  4414 I AudioFlinger: Using module 1 has the primary audio interface
11-28 18:48:17.172  4414  4524 I AudioFlinger: AudioFlinger's thread 0xf4bc0000 ready to run
11-28 18:48:17.172  4414  4524 V audio_hw_primary: do_out_standby: output standby: 1
11-28 18:48:17.173  4414  4524 V audio_hw_primary: out_set_parameters: key value pairs: routing=2
11-28 18:48:17.173  4414  4524 E AudioFlinger: no wake lock to update!
11-28 18:48:17.173  4414  4414 V audio_hw_primary: adev_open_input_stream: Created resampler converting 48000 -> 16000
11-28 18:48:17.173  4414  4414 V audio_hw_primary: adev_open_input_stream: Requesting input stream with rate: 16000, channels: 0xc
11-28 18:48:17.174  4414  4525 I AudioFlinger: AudioFlinger's thread 0xf4800000 ready to run
11-28 18:48:17.174  4414  4414 I r_submix: adev_open(name=audio_hw_if)
11-28 18:48:17.174  4414  4414 I r_submix: adev_init_check()
11-28 18:48:17.174  4414  4414 I AudioFlinger: loadHwModule() Loaded r_submix audio interface from Wifi Display audio HAL (audio) handle 4
11-28 18:48:17.174  4414  4414 D r_submix: adev_open_input_stream(addr=0)
11-28 18:48:17.174  4414  4414 D r_submix: submix_audio_device_create_pipe_l(addr=0, idx=9)
11-28 18:48:17.174  4414  4414 D r_submix:   now using address 0 for route 9
11-28 18:48:17.175  4414  4526 I AudioFlinger: AudioFlinger's thread 0xf4800000 ready to run
11-28 18:48:17.175  4414  4414 D r_submix: adev_close_input_stream()
11-28 18:48:17.175  4414  4414 D r_submix: submix_audio_device_release_pipe_l(idx=9) addr=0
11-28 18:48:17.175  4414  4414 D r_submix: submix_audio_device_destroy_pipe_l(): pipe destroyed
11-28 18:48:17.175  4414  4414 E SoundTriggerHwService: couldn't load sound trigger module sound_trigger.primary (No such file or directory)
11-28 18:48:17.175  4414  4414 I RadioService: RadioService
11-28 18:48:17.175  4414  4414 I RadioService: onFirstRef
11-28 18:48:17.175  4414  4414 E RadioService: couldn't load radio module radio.primary (No such file or directory)
11-28 18:48:17.304  4413  4413 D AndroidRuntime: >>>>>> START com.android.internal.os.ZygoteInit uid 0 <<<<<<
11-28 18:48:17.308  4413  4413 D AndroidRuntime: CheckJNI is ON
11-28 18:48:17.309  4413  4413 I art     : option[0]=-Xzygote
11-28 18:48:17.309  4413  4413 I art     : option[1]=-Xcheck:jni
11-28 18:48:17.309  4413  4413 I art     : option[2]=-Xstacktracefile:/data/anr/traces.txt
11-28 18:48:17.309  4413  4413 I art     : option[3]=exit
11-28 18:48:17.309  4413  4413 I art     : option[4]=vfprintf
11-28 18:48:17.309  4413  4413 I art     : option[5]=sensitiveThread
11-28 18:48:17.309  4413  4413 I art     : option[6]=-verbose:gc
11-28 18:48:17.309  4413  4413 I art     : option[7]=-Xms8m
11-28 18:48:17.309  4413  4413 I art     : option[8]=-Xmx768m
11-28 18:48:17.309  4413  4413 I art     : option[9]=-XX:HeapGrowthLimit=288m
11-28 18:48:17.309  4413  4413 I art     : option[10]=-XX:HeapMinFree=2m
11-28 18:48:17.309  4413  4413 I art     : option[11]=-XX:HeapMaxFree=8m
11-28 18:48:17.309  4413  4413 I art     : option[12]=-XX:HeapTargetUtilization=0.75
11-28 18:48:17.309  4413  4413 I art     : option[13]=-Xusejit:true
11-28 18:48:17.309  4413  4413 I art     : option[14]=-agentlib:jdwp=transport=dt_android_adb,suspend=n,server=y
11-28 18:48:17.309  4413  4413 I art     : option[15]=-Xlockprofthreshold:500
11-28 18:48:17.309  4413  4413 I art     : option[16]=-Ximage-compiler-option
11-28 18:48:17.309  4413  4413 I art     : option[17]=--runtime-arg
11-28 18:48:17.309  4413  4413 I art     : option[18]=-Ximage-compiler-option
11-28 18:48:17.309  4413  4413 I art     : option[19]=-Xms64m
11-28 18:48:17.309  4413  4413 I art     : option[20]=-Ximage-compiler-option
11-28 18:48:17.309  4413  4413 I art     : option[21]=--runtime-arg
11-28 18:48:17.309  4413  4413 I art     : option[22]=-Ximage-compiler-option
11-28 18:48:17.309  4413  4413 I art     : option[23]=-Xmx64m
11-28 18:48:17.309  4413  4413 I art     : option[24]=-Ximage-compiler-option
11-28 18:48:17.309  4413  4413 I art     : option[25]=--compiler-filter=verify-at-runtime
11-28 18:48:17.309  4413  4413 I art     : option[26]=-Ximage-compiler-option
11-28 18:48:17.309  4413  4413 I art     : option[27]=--image-classes=/system/etc/preloaded-classes
11-28 18:48:17.309  4413  4413 I art     : option[28]=-Xcompiler-option
11-28 18:48:17.309  4413  4413 I art     : option[29]=--runtime-arg
11-28 18:48:17.309  4413  4413 I art     : option[30]=-Xcompiler-option
11-28 18:48:17.309  4413  4413 I art     : option[31]=-Xms64m
11-28 18:48:17.309  4413  4413 I art     : option[32]=-Xcompiler-option
11-28 18:48:17.309  4413  4413 I art     : option[33]=--runtime-arg
11-28 18:48:17.309  4413  4413 I art     : option[34]=-Xcompiler-option
11-28 18:48:17.309  4413  4413 I art     : option[35]=-Xmx512m
11-28 18:48:17.309  4413  4413 I art     : option[36]=-Xcompiler-option
11-28 18:48:17.309  4413  4413 I art     : option[37]=--compiler-filter=verify-at-runtime
11-28 18:48:17.309  4413  4413 I art     : option[38]=-Ximage-compiler-option
11-28 18:48:17.309  4413  4413 I art     : option[39]=--instruction-set-variant=generic
11-28 18:48:17.309  4413  4413 I art     : option[40]=-Xcompiler-option
11-28 18:48:17.309  4413  4413 I art     : option[41]=--instruction-set-variant=generic
11-28 18:48:17.309  4413  4413 I art     : option[42]=-Ximage-compiler-option
11-28 18:48:17.309  4413  4413 I art     : option[43]=--instruction-set-features=default
11-28 18:48:17.311  4413  4413 I art     : option[44]=-Xcompiler-option
11-28 18:48:17.311  4413  4413 I art     : option[45]=--instruction-set-features=default
11-28 18:48:17.311  4413  4413 I art     : option[46]=-Duser.locale=en-US
11-28 18:48:17.311  4413  4413 I art     : option[47]=--cpu-abilist=arm64-v8a,armeabi
11-28 18:48:17.321  4413  4413 I art     : option[48]=-Xfingerprint:samsung/cm_hero2ltexx/hero2ltexx:6.0.1/MOB31K/2397aefd48:eng/test-keys
11-28 18:48:17.399  4413  4413 D ICU     : No timezone override file found: /data/misc/zoneinfo/current/icu/icu_tzdata.dat
11-28 18:48:17.503  4413  4413 I Radio-JNI: register_android_hardware_Radio DONE
11-28 18:48:17.510  4413  4413 I SamplingProfilerIntegration: Profiling disabled.
11-28 18:48:17.510  4413  4413 D Zygote  : begin preload
11-28 18:48:17.510  4413  4413 I Zygote  : Preloading classes...
11-28 18:48:17.609  3330  3330 W auditd  : type=1325 audit(0.0:1019): table=filter family=10 entries=51
11-28 18:48:17.609  3330  3330 W auditd  : type=1320 audit(0.0:1019): 
11-28 18:48:17.619  3330  3330 W auditd  : type=1325 audit(0.0:1020): table=filter family=2 entries=48
11-28 18:48:17.619  3330  3330 W auditd  : type=1320 audit(0.0:1020): 
11-28 18:48:17.642  4413  4413 E Minikin : addFont failed to create font /system/fonts/NanumGothic.ttf
11-28 18:48:17.643  4413  4413 E Minikin : addFont failed to create font /system/fonts/DroidSansFallback.ttf
11-28 18:48:17.643  4413  4413 E Minikin : addFont failed to create font /system/fonts/MTLmr3m.ttf
11-28 18:48:17.629  3330  3330 W auditd  : type=1325 audit(0.0:1021): table=filter family=10 entries=52
11-28 18:48:17.629  3330  3330 W auditd  : type=1320 audit(0.0:1021): 
11-28 18:48:17.669  3330  3330 W auditd  : type=1325 audit(0.0:1022): table=filter family=2 entries=49
11-28 18:48:17.669  3330  3330 W auditd  : type=1320 audit(0.0:1022): 
11-28 18:48:17.679  3330  3330 W auditd  : type=1325 audit(0.0:1023): table=filter family=10 entries=53
11-28 18:48:17.679  3330  3330 W auditd  : type=1320 audit(0.0:1023): 
11-28 18:48:17.689  3330  3330 W auditd  : type=1325 audit(0.0:1024): table=filter family=2 entries=49
11-28 18:48:17.689  3330  3330 W auditd  : type=1320 audit(0.0:1024): 
11-28 18:48:17.699  3330  3330 W auditd  : type=1325 audit(0.0:1025): table=filter family=10 entries=53
11-28 18:48:17.699  3330  3330 W auditd  : type=1320 audit(0.0:1025): 
11-28 18:48:17.709  3330  3330 W auditd  : type=1325 audit(0.0:1026): table=filter family=2 entries=47
11-28 18:48:17.709  3330  3330 W auditd  : type=1320 audit(0.0:1026): 
11-28 18:48:17.729  3330  3330 W auditd  : type=1325 audit(0.0:1027): table=filter family=10 entries=51
11-28 18:48:17.729  3330  3330 W auditd  : type=1320 audit(0.0:1027): 
11-28 18:48:17.754  4415  4415 V NatController: runCmd(/system/bin/iptables -w -F natctrl_FORWARD) res=0
11-28 18:48:17.766  4415  4415 V NatController: runCmd(/system/bin/iptables -w -A natctrl_FORWARD -j DROP) res=0
11-28 18:48:17.768  4413  4413 V DngCreator_JNI: DngCreator_nativeClassInit:
11-28 18:48:17.777  4415  4415 V NatController: runCmd(/system/bin/iptables -w -t nat -F natctrl_nat_POSTROUTING) res=0
11-28 18:48:17.789  4415  4415 V NatController: runCmd(/system/bin/iptables -w -F natctrl_tether_counters) res=0
11-28 18:48:17.801  4415  4415 V NatController: runCmd(/system/bin/iptables -w -X natctrl_tether_counters) res=0
11-28 18:48:17.813  4415  4415 V NatController: runCmd(/system/bin/iptables -w -N natctrl_tether_counters) res=0
11-28 18:48:17.825  4415  4415 V NatController: runCmd(/system/bin/iptables -w -t mangle -A natctrl_mangle_FORWARD -p tcp --tcp-flags SYN SYN -j TCPMSS --clamp-mss-to-pmtu) res=0
11-28 18:48:17.739  3330  3330 W auditd  : type=1325 audit(0.0:1028): table=filter family=2 entries=49
11-28 18:48:17.739  3330  3330 W auditd  : type=1320 audit(0.0:1028): 
11-28 18:48:17.963  4413  4413 I art     : Thread[1,tid=4413,Native,Thread*=0x7f751fba00,peer=0x12c2d100,"main"] recursive attempt to load library "/system/lib64/libmedia_jni.so"
11-28 18:48:17.964  4413  4413 D MtpDeviceJNI: register_android_mtp_MtpDevice
11-28 18:48:17.964  4413  4413 I art     : Thread[1,tid=4413,Native,Thread*=0x7f751fba00,peer=0x12c2d100,"main"] recursive attempt to load library "/system/lib64/libmedia_jni.so"
11-28 18:48:17.964  4413  4413 I art     : Thread[1,tid=4413,Native,Thread*=0x7f751fba00,peer=0x12c2d100,"main"] recursive attempt to load library "/system/lib64/libmedia_jni.so"
11-28 18:48:18.161  4413  4413 W System  : ClassLoader referenced unknown path: /system/framework/tcmclient.jar
11-28 18:48:18.381  4413  4413 I System  : Loaded time zone names for "" in 76ms (75ms in ICU)
11-28 18:48:18.433  4413  4413 I System  : Loaded time zone names for "en_US" in 51ms (49ms in ICU)
11-28 18:48:18.449  4413  4413 I Zygote  : ...preloaded 3831 classes in 939ms.
11-28 18:48:18.449  4413  4413 I art     : VMRuntime.preloadDexCaches starting
11-28 18:48:18.520  4415  4415 E Netd    : cannot find interface dummy0
11-28 18:48:18.523  4415  4415 D MDnsDS  : MDnsSdListener::Hander starting up
11-28 18:48:18.524  4415  4681 D MDnsDS  : MDnsSdListener starting to monitor
11-28 18:48:18.524  4415  4681 D MDnsDS  : Going to poll with pollCount 1
11-28 18:48:18.637  4413  4413 I art     : VMRuntime.preloadDexCaches strings total=249480 before=44901 after=44901
11-28 18:48:18.637  4413  4413 I art     : VMRuntime.preloadDexCaches types total=20343 before=6892 after=6923
11-28 18:48:18.637  4413  4413 I art     : VMRuntime.preloadDexCaches fields total=100632 before=36118 after=36550
11-28 18:48:18.637  4413  4413 I art     : VMRuntime.preloadDexCaches methods total=172964 before=71279 after=71806
11-28 18:48:18.637  4413  4413 I art     : VMRuntime.preloadDexCaches finished
11-28 18:48:18.678  4685  4685 D idmap   : error: no read access to /vendor/overlay: No such file or directory
11-28 18:48:18.683  4413  4413 I Zygote  : Preloading resources...
11-28 18:48:19.941  4413  4413 I Zygote  : ...preloaded 342 resources in 1257ms.
11-28 18:48:19.952  4413  4413 I Zygote  : ...preloaded 41 resources in 11ms.
11-28 18:48:19.981  4413  4413 D libEGL  : loaded /vendor/lib64/egl/libGLES_mali.so
11-28 18:48:20.008  4413  4413 I Zygote  : Preloading shared libraries...
11-28 18:48:20.016  4413  4413 D Zygote  : end preload
11-28 18:48:20.016  4413  4413 I art     : Starting a blocking GC Explicit
11-28 18:48:20.052  4413  4413 I art     : Explicit concurrent mark sweep GC freed 11312(456KB) AllocSpace objects, 0(0B) LOS objects, 38% free, 25MB/41MB, paused 201us total 30.524ms
11-28 18:48:20.053  4413  4413 I art     : Starting a blocking GC Explicit
11-28 18:48:20.080  4413  4413 I art     : Explicit concurrent mark sweep GC freed 2451(115KB) AllocSpace objects, 0(0B) LOS objects, 38% free, 25MB/41MB, paused 167us total 25.755ms
11-28 18:48:20.080  4413  4579 I art     : Starting a blocking GC HeapTrim
11-28 18:48:20.091  4413  4413 I art     : Starting a blocking GC Background
11-28 18:48:20.178  4413  4413 I Zygote  : System server process 4686 has been created
11-28 18:48:20.180  4413  4413 I Zygote  : Accepting command socket connections
11-28 18:48:20.193  4686  4686 I Zygote  : Process: zygote socket opened, supported ABIS: armeabi-v7a,armeabi
11-28 18:48:20.194  4686  4686 I InstallerConnection: connecting...
11-28 18:48:20.195  3006  3006 I installd: new connection
11-28 18:48:20.209  4686  4686 I InstallerConnection: disconnecting...
11-28 18:48:20.209  3006  3006 E installd: eof
11-28 18:48:20.209  3006  3006 E installd: failed to read size
11-28 18:48:20.209  3006  3006 I installd: closing connection
11-28 18:48:20.227  4686  4686 I SystemServer: Entered the Android system server!
11-28 18:48:20.310  4686  4686 I SystemServiceManager: Starting com.android.server.pm.Installer
11-28 18:48:20.310  4686  4686 I Installer: Waiting for installd to be ready.
11-28 18:48:20.311  4686  4686 I InstallerConnection: connecting...
11-28 18:48:20.311  3006  3006 I installd: new connection
11-28 18:48:20.311  4686  4686 I SystemServiceManager: Starting com.android.server.am.ActivityManagerService$Lifecycle
11-28 18:48:20.326  4686  4686 I ActivityManager: choosing minFree values for 64 Bit
11-28 18:48:20.326  4686  4686 I ActivityManager: choosing minFree values for 64 Bit
11-28 18:48:20.326  4686  4686 I ActivityManager: choosing minFree values for 64 Bit
11-28 18:48:20.326  4686  4686 I ActivityManager: choosing minFree values for 64 Bit
11-28 18:48:20.326  4686  4686 I ActivityManager: choosing minFree values for 64 Bit
11-28 18:48:20.326  4686  4686 I ActivityManager: choosing minFree values for 64 Bit
11-28 18:48:20.330  4686  4686 I ActivityManager: Memory class: 288
11-28 18:48:20.344  4686  4700 I ServiceThread: Enabled StrictMode logging for ActivityManager looper.
11-28 18:48:20.346  4686  4701 I ServiceThread: Enabled StrictMode logging for android.ui looper.
11-28 18:48:20.361  4686  4686 D BatteryStatsImpl: Reading daily items from /data/system/batterystats-daily.xml
11-28 18:48:20.380  4686  4686 I AppOps  : No existing app ops /data/system/appops.xml; starting empty
11-28 18:48:20.492  4686  4686 I IntentFirewall: Read new rules (A:0 B:0 S:0)
11-28 18:48:20.509  4686  4705 I ServiceThread: Enabled StrictMode logging for android.display looper.
11-28 18:48:20.514  4686  4686 D AppOps  : AppOpsService published
11-28 18:48:20.514  4686  4686 I SystemServiceManager: Starting com.android.server.power.PowerManagerService
11-28 18:48:20.517  4686  4707 I ServiceThread: Enabled StrictMode logging for PowerManagerService looper.
11-28 18:48:20.519  4686  4686 W libsuspend: Error writing 'on' to /sys/power/state: Invalid argument
11-28 18:48:20.519  4686  4686 I libsuspend: Selected wakeup count
11-28 18:48:20.524  4686  4686 I SystemServiceManager: Starting com.android.server.lights.LightsService
11-28 18:48:20.526  4686  4686 I SystemServiceManager: Starting com.android.server.display.DisplayManagerService
11-28 18:48:20.543  2931  4710 E SurfaceFlinger: getDefaultDisplay: id=2 is not a valid default display id
11-28 18:48:20.547  4686  4705 I DisplayManagerService: Display device added: DisplayDeviceInfo{"Built-in Screen": uniqueId="local:0", 1440 x 2560, modeId 1, defaultModeId 1, supportedModes [{id=1, width=1440, height=2560, fps=59.0}], colorTransformId 1, defaultColorTransformId 1, supportedColorTransforms [{id=1, colorTransform=-22}], density 640, 537.882 x 532.983 dpi, appVsyncOff 0, presDeadline 17949152, touch INTERNAL, rotation 0, type BUILT_IN, state UNKNOWN, FLAG_DEFAULT_DISPLAY, FLAG_ROTATES_WITH_CONTENT, FLAG_SECURE, FLAG_SUPPORTS_PROTECTED_BUFFERS}
11-28 18:48:20.548  2931  2931 D SurfaceFlinger: Set power mode=2, type=0 flinger=0x7f7aa43c00
11-28 18:48:20.548  2931  2931 D SurfaceFlinger: Screen type=0 is already mode=2
11-28 18:48:20.549  4686  4686 I SystemServiceManager: Starting phase 100
11-28 18:48:20.552  4686  4705 I DisplayManagerService: Display device changed state: "Built-in Screen", ON
11-28 18:48:20.554  4686  4686 I SystemServer: Package Manager
11-28 18:48:20.560  4686  4686 W SELinuxMMAC: Error opening /data/system/seapp_hash. Assuming first boot.
11-28 18:48:20.711  4686  4686 D SELinuxMMAC: Using policy file /system/etc/security/mac_permissions.xml
11-28 18:48:20.951  4686  4686 E art     : DexFile_getDexOptNeeded file '/system/framework/org.apache.http.legacy.jar' does not exist
11-28 18:48:20.951  4686  4686 W PackageManager: Library not found: /system/framework/org.apache.http.legacy.jar
11-28 18:48:20.951  4686  4686 E art     : DexFile_getDexOptNeeded file '/system/framework/com.android.nfc_extras.jar' does not exist
11-28 18:48:20.951  4686  4686 W PackageManager: Library not found: /system/framework/com.android.nfc_extras.jar
11-28 18:48:20.956  4686  4686 E art     : DexFile_getDexOptNeeded file '/system/framework/org.apache.http.legacy.jar' does not exist
11-28 18:48:20.956  4686  4686 W PackageManager: Library not found: /system/framework/org.apache.http.legacy.jar
11-28 18:48:20.956  4686  4686 E art     : DexFile_getDexOptNeeded file '/system/framework/com.android.nfc_extras.jar' does not exist
11-28 18:48:20.956  4686  4686 W PackageManager: Library not found: /system/framework/com.android.nfc_extras.jar
11-28 18:48:20.998  4686  4686 D PackageManager: No files in app dir /vendor/overlay
11-28 18:48:20.999  4686  4686 D PackageManager: start scanDirLI:/system/framework
11-28 18:48:20.999  4686  4686 D PackageManager: max thread:6
11-28 18:48:21.017  4686  4716 W PackageManager: Failed to parse /system/framework/arm64: Missing base APK in /system/framework/arm64
11-28 18:48:21.018  4686  4718 W PackageManager: Failed to parse /system/framework/oat: Missing base APK in /system/framework/oat
11-28 18:48:21.047  4686  4715 W PackageManager: Failed to parse /system/framework/arm: Missing base APK in /system/framework/arm
11-28 18:48:21.099  4686  4719 I PackageManager: SELinux relabeling of cyanogenmod.platform issued.
11-28 18:48:21.124  4686  4719 W PackageManager: Permission cyanogenmod.permission.WRITE_ALARMS from package cyanogenmod.platform in an unknown group android.permission-group.SYSTEM_CLOCK
11-28 18:48:21.124  4686  4719 W PackageManager: Permission cyanogenmod.permission.MANAGE_ALARMS from package cyanogenmod.platform in an unknown group android.permission-group.SYSTEM_CLOCK
11-28 18:48:21.124  4686  4719 W PackageManager: Permission cyanogenmod.permission.READ_ALARMS from package cyanogenmod.platform in an unknown group android.permission-group.SYSTEM_CLOCK
11-28 18:48:21.560  4686  4717 W PackageManager: Permission android.permission.SET_KEYGUARD_WALLPAPER from package android in an unknown group android.permission-group.WALLPAPER
11-28 18:48:21.560  4686  4717 W PackageManager: Permission android.permission.MODIFY_PROTECTED_SMS_LIST from package android in an unknown group android.permission-group.MESSAGES
11-28 18:48:21.560  4686  4717 W PackageManager: Permission android.permission.RECEIVE_PROTECTED_SMS from package android in an unknown group android.permission-group.MESSAGES
11-28 18:48:21.560  4686  4717 W PackageManager: Permission android.permission.RESET_BATTERY_STATS from package android in an unknown group android.permission-group.SYSTEM_TOOLS
11-28 18:48:21.561  4686  4686 D PackageManager: end scanDirLI:/system/framework
11-28 18:48:21.562  4686  4686 D PackageManager: start scanDirLI:/system/priv-app
11-28 18:48:21.562  4686  4686 D PackageManager: max thread:6
11-28 18:48:21.624  4686  4716 I PackageManager: SELinux relabeling of com.android.backupconfirm issued.
11-28 18:48:21.633  4686  4715 I PackageManager: SELinux relabeling of org.cyanogenmod.cmsettings issued.
11-28 18:48:21.637  4686  4718 I PackageManager: SELinux relabeling of org.cyanogenmod.cmaudio.service issued.
11-28 18:48:21.727  4686  4719 I PackageManager: SELinux relabeling of com.cyanogenmod.updater issued.
11-28 18:48:21.731  4686  4717 I PackageManager: SELinux relabeling of com.android.providers.calendar issued.
11-28 18:48:21.791  4686  4716 I PackageManager: SELinux relabeling of com.android.calllogbackup issued.
11-28 18:48:21.820  4686  4723 I PackageManager: SELinux relabeling of org.cyanogenmod.audiofx issued.
11-28 18:48:21.834  4686  4718 I PackageManager: SELinux relabeling of com.android.cellbroadcastreceiver issued.
11-28 18:48:21.930  4686  4717 W PackageParser: No actions in intent filter at /system/priv-app/Contacts/Contacts.apk Binary XML file line #301
11-28 18:48:21.959  4686  4719 I PackageManager: SELinux relabeling of com.android.providers.contacts issued.
11-28 18:48:22.002  4686  4723 I PackageManager: SELinux relabeling of org.cyanogenmod.providers.datausage issued.
11-28 18:48:22.028  4686  4718 I PackageManager: SELinux relabeling of com.android.defcontainer issued.
11-28 18:48:22.037  4686  4715 I PackageManager: SELinux relabeling of com.android.carrierconfig issued.
11-28 18:48:22.098  4686  4719 W PackageParser: No actions in intent filter at /system/priv-app/Dialer/Dialer.apk Binary XML file line #152
11-28 18:48:22.202  4686  4718 I PackageManager: SELinux relabeling of com.android.externalstorage issued.
11-28 18:48:22.226  4686  4723 I PackageManager: SELinux relabeling of com.android.providers.downloads issued.
11-28 18:48:22.270  4686  4715 I PackageManager: SELinux relabeling of com.android.location.fused issued.
11-28 18:48:22.374  4686  4723 W PackageManager: Permission android.permission.DOWNLOAD_WITHOUT_NOTIFICATION from package com.android.providers.downloads in an unknown group android.permission-group.NETWORK
11-28 18:48:22.436  4686  4715 I PackageManager: SELinux relabeling of org.cyanogenmod.livelockscreen.service issued.
11-28 18:48:22.473  4686  4718 I PackageManager: SELinux relabeling of com.android.inputdevices issued.
11-28 18:48:22.540  4686  4696 I art     : Background sticky concurrent mark sweep GC freed 164850(11MB) AllocSpace objects, 120(5MB) LOS objects, 20% free, 33MB/41MB, paused 2.922ms total 597.518ms
11-28 18:48:22.545  4686  4723 I PackageManager: SELinux relabeling of com.android.managedprovisioning issued.
11-28 18:48:22.605  4686  4715 I PackageManager: SELinux relabeling of com.android.providers.media issued.
11-28 18:48:22.635  4686  4718 I PackageManager: SELinux relabeling of com.android.mms.service issued.
11-28 18:48:22.710  4686  4723 I PackageManager: SELinux relabeling of com.android.onetimeinitializer issued.
11-28 18:48:22.777  4686  4715 I PackageManager: SELinux relabeling of com.android.proxyhandler issued.
11-28 18:48:22.807  4686  4723 I PackageManager: SELinux relabeling of org.cyanogenmod.screencast issued.
11-28 18:48:22.978  4686  4723 I PackageManager: SELinux relabeling of com.android.providers.settings issued.
11-28 18:48:23.142  4686  4718 I PackageManager: SELinux relabeling of com.android.packageinstaller issued.
11-28 18:48:23.222  4686  4716 I PackageManager: SELinux relabeling of com.cyanogenmod.setupwizard issued.
