11-28 18:48:02.972  4022  4022 I SystemServiceManager: Starting com.android.server.camera.CameraService
11-28 18:48:02.980  4022  4070 I ServiceThread: Enabled StrictMode logging for CameraService_proxy looper.
11-28 18:48:02.981  4022  4022 I SystemServer: Account Manager
11-28 18:48:02.985  4022  4022 I SystemServer: Content Manager
11-28 18:48:02.998  4022  4022 I SystemServer: System Content Providers
11-28 18:48:03.004  4022  4022 W System  : ClassLoader referenced unknown path: /system/priv-app/CMSettingsProvider/lib/arm64
11-28 18:48:03.017  4022  4022 W System  : ClassLoader referenced unknown path: /system/priv-app/SettingsProvider/lib/arm64
11-28 18:48:03.068  4022  4022 I SystemServer: Vibrator Service
11-28 18:48:03.072  4022  4022 I SystemServer: Consumer IR Service
11-28 18:48:03.072  4022  4022 E ConsumerIrService: Can't open consumer IR HW Module, error: -2
11-28 18:48:03.072  4022  4022 E System  : ******************************************
11-28 18:48:03.073  4022  4022 E System  : ************ Failure starting core service
11-28 18:48:03.073  4022  4022 E System  : java.lang.RuntimeException: FEATURE_CONSUMER_IR present, but no IR HAL loaded!
11-28 18:48:03.073  4022  4022 E System  : 	at com.android.server.ConsumerIrService.<init>(ConsumerIrService.java:51)
11-28 18:48:03.073  4022  4022 E System  : 	at com.android.server.SystemServer.startOtherServices(SystemServer.java:509)
11-28 18:48:03.073  4022  4022 E System  : 	at com.android.server.SystemServer.run(SystemServer.java:291)
11-28 18:48:03.073  4022  4022 E System  : 	at com.android.server.SystemServer.main(SystemServer.java:176)
11-28 18:48:03.073  4022  4022 E System  : 	at java.lang.reflect.Method.invoke(Native Method)
11-28 18:48:03.073  4022  4022 E System  : 	at com.android.internal.os.ZygoteInit$MethodAndArgsCaller.run(ZygoteInit.java:726)
11-28 18:48:03.073  4022  4022 E System  : 	at com.android.internal.os.ZygoteInit.main(ZygoteInit.java:616)
11-28 18:48:03.073  4022  4022 I SystemServer: Input Method Service
11-28 18:48:03.168  4022  4022 W InputMethodManagerService: No IME selected. Choose the most applicable IME.
11-28 18:48:03.168  4022  4022 I InputMethodManagerService: Default found, using com.android.inputmethod.latin/.LatinIME
11-28 18:48:03.174  4022  4022 I SystemServer: Accessibility Manager
11-28 18:48:03.178  4022  4022 W SystemServer: ***********************************************
11-28 18:48:03.179  4022  4022 E SystemServer: BOOT FAILURE making display ready
11-28 18:48:03.179  4022  4022 E SystemServer: java.lang.NullPointerException: Attempt to invoke virtual method 'void com.android.server.wm.WindowManagerService.displayReady()' on a null object reference
11-28 18:48:03.179  4022  4022 E SystemServer: 	at com.android.server.SystemServer.startOtherServices(SystemServer.java:591)
11-28 18:48:03.179  4022  4022 E SystemServer: 	at com.android.server.SystemServer.run(SystemServer.java:291)
11-28 18:48:03.179  4022  4022 E SystemServer: 	at com.android.server.SystemServer.main(SystemServer.java:176)
11-28 18:48:03.179  4022  4022 E SystemServer: 	at java.lang.reflect.Method.invoke(Native Method)
11-28 18:48:03.179  4022  4022 E SystemServer: 	at com.android.internal.os.ZygoteInit$MethodAndArgsCaller.run(ZygoteInit.java:726)
11-28 18:48:03.179  4022  4022 E SystemServer: 	at com.android.internal.os.ZygoteInit.main(ZygoteInit.java:616)
11-28 18:48:03.180  4022  4022 I SystemServiceManager: Starting com.android.server.MountService$Lifecycle
11-28 18:48:03.201  4022  4022 I SystemServiceManager: Starting com.android.server.UiModeManagerService
11-28 18:48:03.204  4022  4022 I ActivityManager: Config changes=200 {1.0 ?mcc?mnc en_US ldltr ?swdp ?wdp ?hdp ?density ?lsize ?long ?orien ?touch ?keyb/?/? ?nav/? s.2 themeResource=null}
11-28 18:48:03.207  4022  4022 E System  : ******************************************
11-28 18:48:03.208  4022  4022 E System  : ************ Failure starting system services
11-28 18:48:03.208  4022  4022 E System  : java.lang.NullPointerException: Attempt to invoke virtual method 'void com.android.server.wm.WindowManagerService.updateBootProgress(int, android.content.pm.ApplicationInfo, int, int, boolean)' on a null object reference
11-28 18:48:03.208  4022  4022 E System  : 	at com.android.server.am.ActivityManagerService.updateBootProgress(ActivityManagerService.java:6581)
11-28 18:48:03.208  4022  4022 E System  : 	at com.android.server.SystemServer.startOtherServices(SystemServer.java:624)
11-28 18:48:03.208  4022  4022 E System  : 	at com.android.server.SystemServer.run(SystemServer.java:291)
11-28 18:48:03.208  4022  4022 E System  : 	at com.android.server.SystemServer.main(SystemServer.java:176)
11-28 18:48:03.208  4022  4022 E System  : 	at java.lang.reflect.Method.invoke(Native Method)
11-28 18:48:03.208  4022  4022 E System  : 	at com.android.internal.os.ZygoteInit$MethodAndArgsCaller.run(ZygoteInit.java:726)
11-28 18:48:03.208  4022  4022 E System  : 	at com.android.internal.os.ZygoteInit.main(ZygoteInit.java:616)
11-28 18:48:03.208  4022  4022 D AndroidRuntime: Shutting down VM
11-28 18:48:03.208  4022  4022 E AndroidRuntime: *** FATAL EXCEPTION IN SYSTEM PROCESS: main
11-28 18:48:03.208  4022  4022 E AndroidRuntime: java.lang.NullPointerException: Attempt to invoke virtual method 'void com.android.server.wm.WindowManagerService.updateBootProgress(int, android.content.pm.ApplicationInfo, int, int, boolean)' on a null object reference
11-28 18:48:03.208  4022  4022 E AndroidRuntime: 	at com.android.server.am.ActivityManagerService.updateBootProgress(ActivityManagerService.java:6581)
11-28 18:48:03.208  4022  4022 E AndroidRuntime: 	at com.android.server.SystemServer.startOtherServices(SystemServer.java:624)
11-28 18:48:03.208  4022  4022 E AndroidRuntime: 	at com.android.server.SystemServer.run(SystemServer.java:291)
11-28 18:48:03.208  4022  4022 E AndroidRuntime: 	at com.android.server.SystemServer.main(SystemServer.java:176)
11-28 18:48:03.208  4022  4022 E AndroidRuntime: 	at java.lang.reflect.Method.invoke(Native Method)
11-28 18:48:03.208  4022  4022 E AndroidRuntime: 	at com.android.internal.os.ZygoteInit$MethodAndArgsCaller.run(ZygoteInit.java:726)
11-28 18:48:03.208  4022  4022 E AndroidRuntime: 	at com.android.internal.os.ZygoteInit.main(ZygoteInit.java:616)
11-28 18:48:03.209  4022  4022 I Process : Sending signal. PID: 4022 SIG: 9
11-28 18:48:03.284  3747  3747 E Zygote  : Exit zygote because system server (4022) has terminated
11-28 18:48:03.322  2930  2930 I ServiceManager: service 'media.radio' died
11-28 18:48:03.322  2930  2930 I ServiceManager: service 'media.sound_trigger_hw' died
11-28 18:48:03.322  2930  2930 I ServiceManager: service 'media.audio_flinger' died
11-28 18:48:03.322  2930  2930 I ServiceManager: service 'media.player' died
11-28 18:48:03.322  2930  2930 I ServiceManager: service 'media.resource_manager' died
11-28 18:48:03.322  2930  2930 I ServiceManager: service 'media.camera' died
11-28 18:48:03.322  2930  2930 I ServiceManager: service 'media.audio_policy' died
11-28 18:48:03.440  4079  4079 I Netd    : Netd 1.0 starting
11-28 18:48:03.440  4079  4079 I QtiConnectivityAdapter: Failed to open libconnctrl, some features may not be present.
11-28 18:48:03.440  4079  4079 D TetherController: Setting IP forward enable = 0
11-28 18:48:03.462  4078  4078 V MediaUtils: physMem: 3748511744
11-28 18:48:03.462  4078  4078 V MediaUtils: requested limit: 2436532605
11-28 18:48:03.462  4078  4078 V MediaUtils: actual limit: 2436532605
11-28 18:48:03.462  4078  4078 V MediaUtils: original limits: 4294967295/4294967295
11-28 18:48:03.462  4078  4078 V MediaUtils: new limits: 2436532605/4294967295
11-28 18:48:03.463  4078  4078 I mediaserver: ServiceManager: 0xf660e120
11-28 18:48:03.463  4078  4078 I AudioFlinger: Using default 3000 mSec as standby time.
11-28 18:48:03.429  3330  3330 W auditd  : type=1325 audit(0.0:613): table=filter family=2 entries=52
11-28 18:48:03.429  3330  3330 W auditd  : type=1320 audit(0.0:613): 
11-28 18:48:03.439  3330  3330 W auditd  : type=1325 audit(0.0:614): table=filter family=10 entries=55
11-28 18:48:03.439  3330  3330 W auditd  : type=1320 audit(0.0:614): 
11-28 18:48:03.449  3330  3330 W auditd  : type=1325 audit(0.0:615): table=filter family=2 entries=51
11-28 18:48:03.449  3330  3330 W auditd  : type=1320 audit(0.0:615): 
11-28 18:48:03.459  3330  3330 W auditd  : type=1325 audit(0.0:616): table=filter family=10 entries=54
11-28 18:48:03.459  3330  3330 W auditd  : type=1320 audit(0.0:616): 
11-28 18:48:03.469  3330  3330 W auditd  : type=1325 audit(0.0:617): table=filter family=2 entries=50
11-28 18:48:03.469  3330  3330 W auditd  : type=1320 audit(0.0:617): 
11-28 18:48:03.464  4078  4078 I CameraService: CameraService started (pid=4078)
11-28 18:48:03.464  4078  4078 I CameraService: CameraService process starting
11-28 18:48:03.464  4078  4078 E CameraService: Could not load camera HAL module: -2 (No such file or directory)
11-28 18:48:03.465  4078  4078 I AudioPolicyService: AudioPolicyService CSTOR in new mode
11-28 18:48:03.465  4078  4078 I APM::ConfigParsingUtils: loadAudioPolicyConfig() loaded /system/etc/audio_policy.conf
11-28 18:48:03.479  3330  3330 W auditd  : type=1325 audit(0.0:618): table=filter family=10 entries=53
11-28 18:48:03.479  3330  3330 W auditd  : type=1320 audit(0.0:618): 
11-28 18:48:03.489  3330  3330 W auditd  : type=1325 audit(0.0:619): table=filter family=2 entries=48
11-28 18:48:03.489  3330  3330 W auditd  : type=1320 audit(0.0:619): 
11-28 18:48:03.499  3330  3330 W auditd  : type=1325 audit(0.0:620): table=filter family=10 entries=51
11-28 18:48:03.499  3330  3330 W auditd  : type=1320 audit(0.0:620): 
11-28 18:48:03.509  3330  3330 W auditd  : type=1325 audit(0.0:621): table=filter family=2 entries=50
11-28 18:48:03.509  3330  3330 W auditd  : type=1320 audit(0.0:621): 
11-28 18:48:03.519  3330  3330 W auditd  : type=1325 audit(0.0:622): table=filter family=10 entries=53
11-28 18:48:03.519  3330  3330 W auditd  : type=1320 audit(0.0:622): 
11-28 18:48:03.992  4078  4078 E audio_route: Failed to open /system/etc/mixer_paths.xml
11-28 18:48:03.997  4078  4078 I AudioFlinger: loadHwModule() Loaded primary audio interface from Samsung audio HW HAL (audio) handle 1
11-28 18:48:03.997  4078  4078 I AudioFlinger: openOutput(), module 1 Device 2, SamplingRate 44100, Format 0x000001, Channels 3, flags 2
11-28 18:48:03.997  4078  4078 I AudioFlinger: AudioStreamOut::open(), mHalFormatIsLinearPcm = 1
11-28 18:48:03.997  4078  4078 I AudioFlinger: HAL output buffer size 256 frames, normal sink buffer size 960 frames
11-28 18:48:03.999  4078  4078 I BufferProvider: found effect "Multichannel Downmix To Stereo" from The Android Open Source Project
11-28 18:48:04.000  4078  4078 E MonoPipe: Failed to fetch local time frequency when constructing a MonoPipe (res = -32).  getNextWriteTimestamp calls will be non-functional
11-28 18:48:04.000  4078  4078 I AudioFlinger: Using module 1 has the primary audio interface
11-28 18:48:04.000  4078  4185 I AudioFlinger: AudioFlinger's thread 0xf4a00000 ready to run
11-28 18:48:04.000  4078  4185 V audio_hw_primary: out_set_parameters: key value pairs: routing=2
11-28 18:48:04.000  4078  4185 V audio_hw_primary: do_out_standby: output standby: 1
11-28 18:48:04.001  4078  4185 E AudioFlinger: no wake lock to update!
11-28 18:48:04.002  4078  4078 V audio_hw_primary: adev_open_input_stream: Created resampler converting 48000 -> 16000
11-28 18:48:04.002  4078  4078 V audio_hw_primary: adev_open_input_stream: Requesting input stream with rate: 16000, channels: 0xc
11-28 18:48:04.002  4078  4186 I AudioFlinger: AudioFlinger's thread 0xf4680000 ready to run
11-28 18:48:04.002  4078  4078 I r_submix: adev_open(name=audio_hw_if)
11-28 18:48:04.002  4078  4078 I r_submix: adev_init_check()
11-28 18:48:04.003  4078  4078 I AudioFlinger: loadHwModule() Loaded r_submix audio interface from Wifi Display audio HAL (audio) handle 4
11-28 18:48:04.003  4078  4078 D r_submix: adev_open_input_stream(addr=0)
11-28 18:48:04.003  4078  4078 D r_submix: submix_audio_device_create_pipe_l(addr=0, idx=9)
11-28 18:48:04.003  4078  4078 D r_submix:   now using address 0 for route 9
11-28 18:48:04.003  4078  4187 I AudioFlinger: AudioFlinger's thread 0xf4680000 ready to run
11-28 18:48:04.003  4078  4078 D r_submix: adev_close_input_stream()
11-28 18:48:04.003  4078  4078 D r_submix: submix_audio_device_release_pipe_l(idx=9) addr=0
11-28 18:48:04.003  4078  4078 D r_submix: submix_audio_device_destroy_pipe_l(): pipe destroyed
11-28 18:48:04.003  4078  4078 E SoundTriggerHwService: couldn't load sound trigger module sound_trigger.primary (No such file or directory)
11-28 18:48:04.003  4078  4078 I RadioService: RadioService
11-28 18:48:04.003  4078  4078 I RadioService: onFirstRef
11-28 18:48:04.003  4078  4078 E RadioService: couldn't load radio module radio.primary (No such file or directory)
11-28 18:48:04.167  4077  4077 D AndroidRuntime: >>>>>> START com.android.internal.os.ZygoteInit uid 0 <<<<<<
11-28 18:48:04.171  4077  4077 D AndroidRuntime: CheckJNI is ON
11-28 18:48:04.172  4077  4077 I art     : option[0]=-Xzygote
11-28 18:48:04.172  4077  4077 I art     : option[1]=-Xcheck:jni
11-28 18:48:04.172  4077  4077 I art     : option[2]=-Xstacktracefile:/data/anr/traces.txt
11-28 18:48:04.172  4077  4077 I art     : option[3]=exit
11-28 18:48:04.172  4077  4077 I art     : option[4]=vfprintf
11-28 18:48:04.172  4077  4077 I art     : option[5]=sensitiveThread
11-28 18:48:04.172  4077  4077 I art     : option[6]=-verbose:gc
11-28 18:48:04.172  4077  4077 I art     : option[7]=-Xms8m
11-28 18:48:04.172  4077  4077 I art     : option[8]=-Xmx768m
11-28 18:48:04.172  4077  4077 I art     : option[9]=-XX:HeapGrowthLimit=288m
11-28 18:48:04.172  4077  4077 I art     : option[10]=-XX:HeapMinFree=2m
11-28 18:48:04.172  4077  4077 I art     : option[11]=-XX:HeapMaxFree=8m
11-28 18:48:04.172  4077  4077 I art     : option[12]=-XX:HeapTargetUtilization=0.75
11-28 18:48:04.172  4077  4077 I art     : option[13]=-Xusejit:true
11-28 18:48:04.172  4077  4077 I art     : option[14]=-agentlib:jdwp=transport=dt_android_adb,suspend=n,server=y
11-28 18:48:04.172  4077  4077 I art     : option[15]=-Xlockprofthreshold:500
11-28 18:48:04.172  4077  4077 I art     : option[16]=-Ximage-compiler-option
11-28 18:48:04.172  4077  4077 I art     : option[17]=--runtime-arg
11-28 18:48:04.172  4077  4077 I art     : option[18]=-Ximage-compiler-option
11-28 18:48:04.172  4077  4077 I art     : option[19]=-Xms64m
11-28 18:48:04.172  4077  4077 I art     : option[20]=-Ximage-compiler-option
11-28 18:48:04.172  4077  4077 I art     : option[21]=--runtime-arg
11-28 18:48:04.172  4077  4077 I art     : option[22]=-Ximage-compiler-option
11-28 18:48:04.172  4077  4077 I art     : option[23]=-Xmx64m
11-28 18:48:04.172  4077  4077 I art     : option[24]=-Ximage-compiler-option
11-28 18:48:04.172  4077  4077 I art     : option[25]=--compiler-filter=verify-at-runtime
11-28 18:48:04.172  4077  4077 I art     : option[26]=-Ximage-compiler-option
11-28 18:48:04.172  4077  4077 I art     : option[27]=--image-classes=/system/etc/preloaded-classes
11-28 18:48:04.172  4077  4077 I art     : option[28]=-Xcompiler-option
11-28 18:48:04.172  4077  4077 I art     : option[29]=--runtime-arg
11-28 18:48:04.172  4077  4077 I art     : option[30]=-Xcompiler-option
11-28 18:48:04.172  4077  4077 I art     : option[31]=-Xms64m
11-28 18:48:04.172  4077  4077 I art     : option[32]=-Xcompiler-option
11-28 18:48:04.172  4077  4077 I art     : option[33]=--runtime-arg
11-28 18:48:04.172  4077  4077 I art     : option[34]=-Xcompiler-option
11-28 18:48:04.172  4077  4077 I art     : option[35]=-Xmx512m
11-28 18:48:04.172  4077  4077 I art     : option[36]=-Xcompiler-option
11-28 18:48:04.172  4077  4077 I art     : option[37]=--compiler-filter=verify-at-runtime
11-28 18:48:04.172  4077  4077 I art     : option[38]=-Ximage-compiler-option
11-28 18:48:04.172  4077  4077 I art     : option[39]=--instruction-set-variant=generic
11-28 18:48:04.172  4077  4077 I art     : option[40]=-Xcompiler-option
11-28 18:48:04.172  4077  4077 I art     : option[41]=--instruction-set-variant=generic
11-28 18:48:04.172  4077  4077 I art     : option[42]=-Ximage-compiler-option
11-28 18:48:04.172  4077  4077 I art     : option[43]=--instruction-set-features=default
11-28 18:48:04.172  4077  4077 I art     : option[44]=-Xcompiler-option
11-28 18:48:04.172  4077  4077 I art     : option[45]=--instruction-set-features=default
11-28 18:48:04.172  4077  4077 I art     : option[46]=-Duser.locale=en-US
11-28 18:48:04.172  4077  4077 I art     : option[47]=--cpu-abilist=arm64-v8a,armeabi
11-28 18:48:04.172  4077  4077 I art     : option[48]=-Xfingerprint:samsung/cm_hero2ltexx/hero2ltexx:6.0.1/MOB31K/2397aefd48:eng/test-keys
11-28 18:48:04.260  2929  2929 I lowmemorykiller: ActivityManager disconnected
11-28 18:48:04.260  2929  2929 I lowmemorykiller: Closing Activity Manager data connection
11-28 18:48:04.260  3006  3006 E installd: eof
11-28 18:48:04.260  3006  3006 E installd: failed to read size
11-28 18:48:04.260  3006  3006 I installd: closing connection
11-28 18:48:04.260  2930  2930 I ServiceManager: service 'package' died
11-28 18:48:04.261  2930  2930 I ServiceManager: service 'user' died
11-28 18:48:04.262  2930  2930 I ServiceManager: service 'activity' died
11-28 18:48:04.262  2930  2930 I ServiceManager: service 'procstats' died
11-28 18:48:04.262  2930  2930 I ServiceManager: service 'meminfo' died
11-28 18:48:04.262  2930  2930 I ServiceManager: service 'gfxinfo' died
11-28 18:48:04.262  2930  2930 I ServiceManager: service 'dbinfo' died
11-28 18:48:04.262  2930  2930 I ServiceManager: service 'cpuinfo' died
11-28 18:48:04.262  2930  2930 I ServiceManager: service 'permission' died
11-28 18:48:04.262  2930  2930 I ServiceManager: service 'processinfo' died
11-28 18:48:04.262  2930  2930 I ServiceManager: service 'batterymanager' died
11-28 18:48:04.262  2930  2930 I ServiceManager: service 'usagestats' died
11-28 18:48:04.262  2930  2930 I ServiceManager: service 'webviewupdate' died
11-28 18:48:04.262  2930  2930 I ServiceManager: service 'scheduling_policy' died
11-28 18:48:04.262  2930  2930 I ServiceManager: service 'telephony.registry' died
11-28 18:48:04.262  2930  2930 I ServiceManager: service 'media.camera.proxy' died
11-28 18:48:04.262  2930  2930 I ServiceManager: service 'account' died
11-28 18:48:04.262  2930  2930 I ServiceManager: service 'content' died
11-28 18:48:04.262  2930  2930 I ServiceManager: service 'vibrator' died
11-28 18:48:04.262  2930  2930 I ServiceManager: service 'input_method' died
11-28 18:48:04.262  2930  2930 I ServiceManager: service 'accessibility' died
11-28 18:48:04.262  2930  2930 I ServiceManager: service 'mount' died
11-28 18:48:04.262  2930  2930 I ServiceManager: service 'uimode' died
11-28 18:48:04.262  2930  2930 I ServiceManager: service 'sensorservice' died
11-28 18:48:04.262  2930  2930 I ServiceManager: service 'batterystats' died
11-28 18:48:04.262  2930  2930 I ServiceManager: service 'appops' died
11-28 18:48:04.262  2930  2930 I ServiceManager: service 'power' died
11-28 18:48:04.262  2930  2930 I ServiceManager: service 'display' died
11-28 18:48:04.273  4077  4077 D ICU     : No timezone override file found: /data/misc/zoneinfo/current/icu/icu_tzdata.dat
11-28 18:48:04.373  4077  4077 I Radio-JNI: register_android_hardware_Radio DONE
11-28 18:48:04.391  4077  4077 I SamplingProfilerIntegration: Profiling disabled.
11-28 18:48:04.391  4077  4077 D Zygote  : begin preload
11-28 18:48:04.391  4077  4077 I Zygote  : Preloading classes...
11-28 18:48:04.439  3330  3330 W auditd  : type=1325 audit(0.0:772): table=filter family=2 entries=45
11-28 18:48:04.439  3330  3330 W auditd  : type=1320 audit(0.0:772): 
11-28 18:48:04.449  3330  3330 W auditd  : type=1325 audit(0.0:773): table=filter family=10 entries=43
11-28 18:48:04.449  3330  3330 W auditd  : type=1320 audit(0.0:773): 
11-28 18:48:04.459  3330  3330 W auditd  : type=1325 audit(0.0:774): table=filter family=10 entries=45
11-28 18:48:04.459  3330  3330 W auditd  : type=1320 audit(0.0:774): 
11-28 18:48:04.469  3330  3330 W auditd  : type=1325 audit(0.0:775): table=filter family=10 entries=46
11-28 18:48:04.469  3330  3330 W auditd  : type=1320 audit(0.0:775): 
11-28 18:48:04.509  4077  4077 E Minikin : addFont failed to create font /system/fonts/NanumGothic.ttf
11-28 18:48:04.479  3330  3330 W auditd  : type=1325 audit(0.0:776): table=filter family=10 entries=47
11-28 18:48:04.479  3330  3330 W auditd  : type=1320 audit(0.0:776): 
11-28 18:48:04.510  4077  4077 E Minikin : addFont failed to create font /system/fonts/DroidSansFallback.ttf
11-28 18:48:04.510  4077  4077 E Minikin : addFont failed to create font /system/fonts/MTLmr3m.ttf
11-28 18:48:04.499  3330  3330 W auditd  : type=1325 audit(0.0:777): table=filter family=10 entries=48
11-28 18:48:04.499  3330  3330 W auditd  : type=1320 audit(0.0:777): 
11-28 18:48:04.509  3330  3330 W auditd  : type=1325 audit(0.0:778): table=filter family=10 entries=49
11-28 18:48:04.509  3330  3330 W auditd  : type=1320 audit(0.0:778): 
11-28 18:48:04.519  3330  3330 W auditd  : type=1325 audit(0.0:779): table=filter family=10 entries=50
11-28 18:48:04.519  3330  3330 W auditd  : type=1320 audit(0.0:779): 
11-28 18:48:04.529  3330  3330 W auditd  : type=1325 audit(0.0:780): table=filter family=2 entries=47
11-28 18:48:04.529  3330  3330 W auditd  : type=1320 audit(0.0:780): 
11-28 18:48:04.539  3330  3330 W auditd  : type=1325 audit(0.0:781): table=filter family=10 entries=51
11-28 18:48:04.539  3330  3330 W auditd  : type=1320 audit(0.0:781): 
11-28 18:48:04.636  4077  4077 V DngCreator_JNI: DngCreator_nativeClassInit:
11-28 18:48:04.692  4079  4079 V NatController: runCmd(/system/bin/iptables -w -F natctrl_FORWARD) res=0
11-28 18:48:04.705  4079  4079 V NatController: runCmd(/system/bin/iptables -w -A natctrl_FORWARD -j DROP) res=0
11-28 18:48:04.717  4079  4079 V NatController: runCmd(/system/bin/iptables -w -t nat -F natctrl_nat_POSTROUTING) res=0
11-28 18:48:04.728  4079  4079 V NatController: runCmd(/system/bin/iptables -w -F natctrl_tether_counters) res=0
11-28 18:48:04.739  4079  4079 V NatController: runCmd(/system/bin/iptables -w -X natctrl_tether_counters) res=0
11-28 18:48:04.752  4079  4079 V NatController: runCmd(/system/bin/iptables -w -N natctrl_tether_counters) res=0
11-28 18:48:04.764  4079  4079 V NatController: runCmd(/system/bin/iptables -w -t mangle -A natctrl_mangle_FORWARD -p tcp --tcp-flags SYN SYN -j TCPMSS --clamp-mss-to-pmtu) res=0
11-28 18:48:04.835  4077  4077 I art     : Thread[1,tid=4077,Native,Thread*=0x7f8947ba00,peer=0x12c2d100,"main"] recursive attempt to load library "/system/lib64/libmedia_jni.so"
11-28 18:48:04.835  4077  4077 D MtpDeviceJNI: register_android_mtp_MtpDevice
11-28 18:48:04.836  4077  4077 I art     : Thread[1,tid=4077,Native,Thread*=0x7f8947ba00,peer=0x12c2d100,"main"] recursive attempt to load library "/system/lib64/libmedia_jni.so"
11-28 18:48:04.836  4077  4077 I art     : Thread[1,tid=4077,Native,Thread*=0x7f8947ba00,peer=0x12c2d100,"main"] recursive attempt to load library "/system/lib64/libmedia_jni.so"
11-28 18:48:05.035  4077  4077 W System  : ClassLoader referenced unknown path: /system/framework/tcmclient.jar
11-28 18:48:05.233  4077  4077 I System  : Loaded time zone names for "" in 70ms (69ms in ICU)
11-28 18:48:05.280  4077  4077 I System  : Loaded time zone names for "en_US" in 47ms (45ms in ICU)
11-28 18:48:05.307  4077  4077 I Zygote  : ...preloaded 3831 classes in 915ms.
11-28 18:48:05.307  4077  4077 I art     : VMRuntime.preloadDexCaches starting
11-28 18:48:05.440  4079  4079 E Netd    : cannot find interface dummy0
11-28 18:48:05.443  4079  4079 D MDnsDS  : MDnsSdListener::Hander starting up
11-28 18:48:05.443  4079  4345 D MDnsDS  : MDnsSdListener starting to monitor
11-28 18:48:05.443  4079  4345 D MDnsDS  : Going to poll with pollCount 1
11-28 18:48:05.479  4077  4077 I art     : VMRuntime.preloadDexCaches strings total=249480 before=44901 after=44901
11-28 18:48:05.479  4077  4077 I art     : VMRuntime.preloadDexCaches types total=20343 before=6892 after=6923
11-28 18:48:05.479  4077  4077 I art     : VMRuntime.preloadDexCaches fields total=100632 before=36118 after=36550
11-28 18:48:05.479  4077  4077 I art     : VMRuntime.preloadDexCaches methods total=172964 before=71279 after=71806
11-28 18:48:05.479  4077  4077 I art     : VMRuntime.preloadDexCaches finished
11-28 18:48:05.530  4349  4349 D idmap   : error: no read access to /vendor/overlay: No such file or directory
11-28 18:48:05.535  4077  4077 I Zygote  : Preloading resources...
11-28 18:48:06.814  4077  4077 I Zygote  : ...preloaded 342 resources in 1279ms.
11-28 18:48:06.843  4077  4077 I Zygote  : ...preloaded 41 resources in 28ms.
11-28 18:48:06.869  4077  4077 D libEGL  : loaded /vendor/lib64/egl/libGLES_mali.so
11-28 18:48:06.885  4077  4077 I Zygote  : Preloading shared libraries...
11-28 18:48:06.905  4077  4077 D Zygote  : end preload
11-28 18:48:06.905  4077  4077 I art     : Starting a blocking GC Explicit
11-28 18:48:06.938  4077  4077 I art     : Explicit concurrent mark sweep GC freed 11215(452KB) AllocSpace objects, 0(0B) LOS objects, 38% free, 25MB/41MB, paused 170us total 16.867ms
11-28 18:48:06.939  4077  4077 I art     : Starting a blocking GC Explicit
11-28 18:48:06.953  4077  4077 I art     : Explicit concurrent mark sweep GC freed 2372(112KB) AllocSpace objects, 0(0B) LOS objects, 38% free, 25MB/41MB, paused 155us total 14.146ms
11-28 18:48:06.954  4077  4242 I art     : Starting a blocking GC HeapTrim
11-28 18:48:06.976  4077  4077 I art     : Starting a blocking GC Background
11-28 18:48:07.055  4077  4077 I Zygote  : System server process 4354 has been created
11-28 18:48:07.056  4077  4077 I Zygote  : Accepting command socket connections
11-28 18:48:07.080  4354  4354 I Zygote  : Process: zygote socket opened, supported ABIS: armeabi-v7a,armeabi
11-28 18:48:07.081  4354  4354 I InstallerConnection: connecting...
11-28 18:48:07.082  3006  3006 I installd: new connection
11-28 18:48:07.084  4354  4354 I InstallerConnection: disconnecting...
11-28 18:48:07.084  3006  3006 E installd: eof
11-28 18:48:07.085  3006  3006 E installd: failed to read size
11-28 18:48:07.085  3006  3006 I installd: closing connection
11-28 18:48:07.110  4354  4354 I SystemServer: Entered the Android system server!
11-28 18:48:07.189  4354  4354 I SystemServiceManager: Starting com.android.server.pm.Installer
11-28 18:48:07.189  4354  4354 I Installer: Waiting for installd to be ready.
11-28 18:48:07.189  4354  4354 I InstallerConnection: connecting...
11-28 18:48:07.189  3006  3006 I installd: new connection
11-28 18:48:07.191  4354  4354 I SystemServiceManager: Starting com.android.server.am.ActivityManagerService$Lifecycle
11-28 18:48:07.215  4354  4354 I ActivityManager: choosing minFree values for 64 Bit
11-28 18:48:07.215  4354  4354 I ActivityManager: choosing minFree values for 64 Bit
11-28 18:48:07.215  4354  4354 I ActivityManager: choosing minFree values for 64 Bit
11-28 18:48:07.215  4354  4354 I ActivityManager: choosing minFree values for 64 Bit
11-28 18:48:07.215  4354  4354 I ActivityManager: choosing minFree values for 64 Bit
11-28 18:48:07.215  4354  4354 I ActivityManager: choosing minFree values for 64 Bit
11-28 18:48:07.219  4354  4354 I ActivityManager: Memory class: 288
11-28 18:48:07.221  4354  4368 I ServiceThread: Enabled StrictMode logging for ActivityManager looper.
11-28 18:48:07.224  4354  4369 I ServiceThread: Enabled StrictMode logging for android.ui looper.
11-28 18:48:07.250  4354  4354 D BatteryStatsImpl: Reading daily items from /data/system/batterystats-daily.xml
11-28 18:48:07.256  4354  4354 I AppOps  : No existing app ops /data/system/appops.xml; starting empty
11-28 18:48:07.377  4354  4354 I IntentFirewall: Read new rules (A:0 B:0 S:0)
11-28 18:48:07.387  4354  4373 I ServiceThread: Enabled StrictMode logging for android.display looper.
11-28 18:48:07.393  4354  4354 D AppOps  : AppOpsService published
11-28 18:48:07.394  4354  4354 I SystemServiceManager: Starting com.android.server.power.PowerManagerService
11-28 18:48:07.396  4354  4375 I ServiceThread: Enabled StrictMode logging for PowerManagerService looper.
11-28 18:48:07.398  4354  4354 W libsuspend: Error writing 'on' to /sys/power/state: Invalid argument
11-28 18:48:07.398  4354  4354 I libsuspend: Selected wakeup count
11-28 18:48:07.412  4354  4354 I SystemServiceManager: Starting com.android.server.lights.LightsService
11-28 18:48:07.414  4354  4354 I SystemServiceManager: Starting com.android.server.display.DisplayManagerService
11-28 18:48:07.421  2931  2991 E SurfaceFlinger: getDefaultDisplay: id=2 is not a valid default display id
11-28 18:48:07.425  4354  4373 I DisplayManagerService: Display device added: DisplayDeviceInfo{"Built-in Screen": uniqueId="local:0", 1440 x 2560, modeId 1, defaultModeId 1, supportedModes [{id=1, width=1440, height=2560, fps=59.0}], colorTransformId 1, defaultColorTransformId 1, supportedColorTransforms [{id=1, colorTransform=-22}], density 640, 537.882 x 532.983 dpi, appVsyncOff 0, presDeadline 17949152, touch INTERNAL, rotation 0, type BUILT_IN, state UNKNOWN, FLAG_DEFAULT_DISPLAY, FLAG_ROTATES_WITH_CONTENT, FLAG_SECURE, FLAG_SUPPORTS_PROTECTED_BUFFERS}
11-28 18:48:07.426  4354  4354 I SystemServiceManager: Starting phase 100
11-28 18:48:07.426  2931  2931 D SurfaceFlinger: Set power mode=2, type=0 flinger=0x7f7aa43c00
11-28 18:48:07.426  2931  2931 D SurfaceFlinger: Screen type=0 is already mode=2
11-28 18:48:07.428  4354  4373 I DisplayManagerService: Display device changed state: "Built-in Screen", ON
11-28 18:48:07.428  4354  4354 I SystemServer: Package Manager
11-28 18:48:07.447  4354  4354 W SELinuxMMAC: Error opening /data/system/seapp_hash. Assuming first boot.
11-28 18:48:07.560  4354  4354 D SELinuxMMAC: Using policy file /system/etc/security/mac_permissions.xml
11-28 18:48:07.798  4354  4354 E art     : DexFile_getDexOptNeeded file '/system/framework/org.apache.http.legacy.jar' does not exist
11-28 18:48:07.798  4354  4354 W PackageManager: Library not found: /system/framework/org.apache.http.legacy.jar
11-28 18:48:07.798  4354  4354 E art     : DexFile_getDexOptNeeded file '/system/framework/com.android.nfc_extras.jar' does not exist
11-28 18:48:07.798  4354  4354 W PackageManager: Library not found: /system/framework/com.android.nfc_extras.jar
11-28 18:48:07.814  4354  4354 E art     : DexFile_getDexOptNeeded file '/system/framework/org.apache.http.legacy.jar' does not exist
11-28 18:48:07.814  4354  4354 W PackageManager: Library not found: /system/framework/org.apache.http.legacy.jar
11-28 18:48:07.814  4354  4354 E art     : DexFile_getDexOptNeeded file '/system/framework/com.android.nfc_extras.jar' does not exist
11-28 18:48:07.815  4354  4354 W PackageManager: Library not found: /system/framework/com.android.nfc_extras.jar
11-28 18:48:07.861  4354  4354 D PackageManager: No files in app dir /vendor/overlay
11-28 18:48:07.861  4354  4354 D PackageManager: start scanDirLI:/system/framework
11-28 18:48:07.861  4354  4354 D PackageManager: max thread:6
11-28 18:48:07.867  4354  4383 W PackageManager: Failed to parse /system/framework/arm64: Missing base APK in /system/framework/arm64
11-28 18:48:07.891  4354  4385 W PackageManager: Failed to parse /system/framework/oat: Missing base APK in /system/framework/oat
11-28 18:48:07.900  4354  4382 W PackageManager: Failed to parse /system/framework/arm: Missing base APK in /system/framework/arm
11-28 18:48:07.955  4354  4386 I PackageManager: SELinux relabeling of cyanogenmod.platform issued.
11-28 18:48:07.984  4354  4386 W PackageManager: Permission cyanogenmod.permission.WRITE_ALARMS from package cyanogenmod.platform in an unknown group android.permission-group.SYSTEM_CLOCK
11-28 18:48:07.985  4354  4386 W PackageManager: Permission cyanogenmod.permission.MANAGE_ALARMS from package cyanogenmod.platform in an unknown group android.permission-group.SYSTEM_CLOCK
11-28 18:48:07.985  4354  4386 W PackageManager: Permission cyanogenmod.permission.READ_ALARMS from package cyanogenmod.platform in an unknown group android.permission-group.SYSTEM_CLOCK
11-28 18:48:08.383  4354  4384 W PackageManager: Permission android.permission.SET_KEYGUARD_WALLPAPER from package android in an unknown group android.permission-group.WALLPAPER
11-28 18:48:08.383  4354  4384 W PackageManager: Permission android.permission.MODIFY_PROTECTED_SMS_LIST from package android in an unknown group android.permission-group.MESSAGES
11-28 18:48:08.383  4354  4384 W PackageManager: Permission android.permission.RECEIVE_PROTECTED_SMS from package android in an unknown group android.permission-group.MESSAGES
11-28 18:48:08.383  4354  4384 W PackageManager: Permission android.permission.RESET_BATTERY_STATS from package android in an unknown group android.permission-group.SYSTEM_TOOLS
11-28 18:48:08.384  4354  4354 D PackageManager: end scanDirLI:/system/framework
11-28 18:48:08.384  4354  4354 D PackageManager: start scanDirLI:/system/priv-app
11-28 18:48:08.384  4354  4354 D PackageManager: max thread:6
11-28 18:48:08.429  4354  4383 I PackageManager: SELinux relabeling of com.android.backupconfirm issued.
11-28 18:48:08.436  4354  4382 I PackageManager: SELinux relabeling of org.cyanogenmod.cmsettings issued.
11-28 18:48:08.470  4354  4385 I PackageManager: SELinux relabeling of org.cyanogenmod.cmaudio.service issued.
11-28 18:48:08.574  4354  4384 I PackageManager: SELinux relabeling of com.android.providers.calendar issued.
11-28 18:48:08.594  4354  4386 I PackageManager: SELinux relabeling of com.cyanogenmod.updater issued.
11-28 18:48:08.607  4354  4383 I PackageManager: SELinux relabeling of com.android.calllogbackup issued.
11-28 18:48:08.630  4354  4387 I PackageManager: SELinux relabeling of org.cyanogenmod.audiofx issued.
11-28 18:48:08.634  4354  4385 I PackageManager: SELinux relabeling of com.android.cellbroadcastreceiver issued.
11-28 18:48:08.748  4354  4384 W PackageParser: No actions in intent filter at /system/priv-app/Contacts/Contacts.apk Binary XML file line #301
11-28 18:48:08.756  4354  4386 I PackageManager: SELinux relabeling of org.cyanogenmod.providers.datausage issued.
11-28 18:48:08.839  4354  4383 I PackageManager: SELinux relabeling of com.android.providers.contacts issued.
11-28 18:48:08.857  4354  4385 I PackageManager: SELinux relabeling of com.android.defcontainer issued.
11-28 18:48:08.913  4354  4382 I PackageManager: SELinux relabeling of com.android.carrierconfig issued.
11-28 18:48:08.977  4354  4383 W PackageParser: No actions in intent filter at /system/priv-app/Dialer/Dialer.apk Binary XML file line #152
11-28 18:48:09.077  4354  4385 I PackageManager: SELinux relabeling of com.android.externalstorage issued.
11-28 18:48:09.100  4354  4386 I PackageManager: SELinux relabeling of com.android.providers.downloads issued.
11-28 18:48:09.104  4354  4382 I PackageManager: SELinux relabeling of com.android.location.fused issued.
11-28 18:48:09.171  4354  4386 W PackageManager: Permission android.permission.DOWNLOAD_WITHOUT_NOTIFICATION from package com.android.providers.downloads in an unknown group android.permission-group.NETWORK
11-28 18:48:09.268  4354  4386 I PackageManager: SELinux relabeling of org.cyanogenmod.livelockscreen.service issued.
11-28 18:48:09.283  4354  4385 I PackageManager: SELinux relabeling of com.android.inputdevices issued.
11-28 18:48:09.372  4354  4364 I art     : Background sticky concurrent mark sweep GC freed 160937(11MB) AllocSpace objects, 120(5MB) LOS objects, 21% free, 32MB/41MB, paused 1.195ms total 505.835ms
11-28 18:48:09.373  4354  4382 I PackageManager: SELinux relabeling of com.android.managedprovisioning issued.
11-28 18:48:09.415  4354  4385 I PackageManager: SELinux relabeling of com.android.mms.service issued.
11-28 18:48:09.445  4354  4386 I PackageManager: SELinux relabeling of com.android.providers.media issued.
11-28 18:48:09.540  4354  4382 I PackageManager: SELinux relabeling of com.android.onetimeinitializer issued.
11-28 18:48:09.574  4354  4386 I PackageManager: SELinux relabeling of com.android.proxyhandler issued.
11-28 18:48:09.703  4354  4382 I PackageManager: SELinux relabeling of org.cyanogenmod.screencast issued.
11-28 18:48:09.839  4354  4382 I PackageManager: SELinux relabeling of com.android.providers.settings issued.
11-28 18:48:09.973  4354  4382 I PackageManager: SELinux relabeling of com.android.sharedstoragebackup issued.
11-28 18:48:09.981  4354  4385 I PackageManager: SELinux relabeling of com.android.packageinstaller issued.
11-28 18:48:10.155  4354  4382 I PackageManager: SELinux relabeling of com.android.statementservice issued.
11-28 18:48:10.174  4354  4385 I PackageManager: SELinux relabeling of com.android.shell issued.
11-28 18:48:10.212  4354  4387 I PackageManager: SELinux relabeling of com.cyanogenmod.setupwizard issued.
11-28 18:48:10.374  4354  4382 W PackageParser: Ignoring duplicate uses-permissions/uses-permissions-sdk-m: android.permission.ACCESS_WIFI_STATE in package: com.android.phone at: Binary XML file line #134
11-28 18:48:10.391  4354  4384 I PackageManager: SELinux relabeling of com.android.contacts issued.
11-28 18:48:10.508  4354  4385 I PackageManager: SELinux relabeling of com.android.server.telecom issued.
11-28 18:48:10.711  4354  4384 I PackageManager: SELinux relabeling of com.android.providers.telephony issued.
11-28 18:48:10.720  4354  4382 I PackageManager: SELinux relabeling of com.android.phone issued.
11-28 18:48:10.787  4354  4385 I PackageManager: SELinux relabeling of org.cyanogenmod.theme.chooser2 issued.
11-28 18:48:10.861  4354  4383 I PackageManager: SELinux relabeling of com.android.dialer issued.
11-28 18:48:10.938  4354  4384 I PackageManager: SELinux relabeling of org.cyanogenmod.themeservice issued.
11-28 18:48:10.994  4354  4382 I PackageManager: SELinux relabeling of org.cyanogenmod.themes.provider issued.
11-28 18:48:11.095  4354  4364 I art     : Background partial concurrent mark sweep GC freed 145806(9MB) AllocSpace objects, 71(4MB) LOS objects, 30% free, 36MB/52MB, paused 14.628ms total 915.244ms
11-28 18:48:11.108  4354  4383 I PackageManager: SELinux relabeling of com.android.vpndialogs issued.
11-28 18:48:11.138  4354  4382 I PackageManager: SELinux relabeling of org.cyanogenmod.weatherservice issued.
11-28 18:48:11.194  4354  4384 I PackageManager: SELinux relabeling of com.android.wallpapercropper issued.
11-28 18:48:11.308  4354  4385 I PackageManager: SELinux relabeling of com.cyanogenmod.trebuchet issued.
11-28 18:48:11.314  4354  4383 I PackageManager: SELinux relabeling of org.cyanogenmod.weather.provider issued.
11-28 18:48:11.348  4354  4387 I PackageManager: SELinux relabeling of com.android.systemui issued.
11-28 18:48:11.353  4354  4385 W PackageManager: Permission com.android.launcher.permission.INSTALL_SHORTCUT from package com.cyanogenmod.trebuchet in an unknown group android.permission-group.SYSTEM_TOOLS
11-28 18:48:11.353  4354  4385 W PackageManager: Permission com.android.launcher3.permission.READ_SETTINGS from package com.cyanogenmod.trebuchet in an unknown group android.permission-group.SYSTEM_TOOLS
11-28 18:48:11.353  4354  4385 W PackageManager: Permission com.android.launcher3.permission.WRITE_SETTINGS from package com.cyanogenmod.trebuchet in an unknown group android.permission-group.SYSTEM_TOOLS
11-28 18:48:11.567  4354  4386 I PackageManager: SELinux relabeling of com.android.settings issued.
11-28 18:48:11.604  4354  4354 D PackageManager: end scanDirLI:/system/priv-app
11-28 18:48:11.604  4354  4354 D PackageManager: start scanDirLI:/system/app
11-28 18:48:11.604  4354  4354 D PackageManager: max thread:6
11-28 18:48:11.618  4354  4382 W PackageParser: No actions in intent filter at /system/app/Bluetooth/Bluetooth.apk Binary XML file line #235
11-28 18:48:11.681  4354  4387 W PackageParser: No actions in intent filter at /system/app/CMFileManager/CMFileManager.apk Binary XML file line #164
11-28 18:48:11.711  4354  4383 I PackageManager: SELinux relabeling of com.android.bluetoothmidiservice issued.
11-28 18:48:11.713  4354  4384 I PackageManager: SELinux relabeling of com.android.dreams.basic issued.
11-28 18:48:11.748  4354  4386 I PackageManager: SELinux relabeling of com.cyanogenmod.wallpapers issued.
11-28 18:48:11.844  4354  4382 I PackageManager: SELinux relabeling of com.android.bluetooth issued.
11-28 18:48:11.933  4354  4385 I PackageManager: SELinux relabeling of com.android.browser issued.
11-28 18:48:11.937  4354  4387 I PackageManager: SELinux relabeling of com.cyanogenmod.filemanager issued.
11-28 18:48:11.950  4354  4386 I PackageManager: SELinux relabeling of com.android.captiveportallogin issued.
11-28 18:48:12.012  4354  4382 I PackageManager: SELinux relabeling of com.android.certinstaller issued.
11-28 18:48:12.145  4354  4383 I PackageManager: SELinux relabeling of com.android.calendar issued.
11-28 18:48:12.171  4354  4386 I PackageManager: SELinux relabeling of com.android.development issued.
11-28 18:48:12.178  4354  4382 I PackageManager: SELinux relabeling of com.android.providers.downloads.ui issued.
11-28 18:48:12.247  4354  4384 I PackageManager: SELinux relabeling of com.android.camera2 issued.
11-28 18:48:12.250  4354  4387 I PackageManager: SELinux relabeling of com.android.documentsui issued.
11-28 18:48:12.354  4354  4382 I PackageManager: SELinux relabeling of com.android.calculator2 issued.
11-28 18:48:12.444  4354  4387 I PackageManager: SELinux relabeling of com.android.exchange issued.
11-28 18:48:12.448  4354  4384 I PackageManager: SELinux relabeling of com.android.galaxy4 issued.
11-28 18:48:12.475  4354  4383 I PackageManager: SELinux relabeling of com.cyanogenmod.eleven issued.
11-28 18:48:12.516  4354  4385 I PackageManager: SELinux relabeling of com.android.deskclock issued.
11-28 18:48:12.539  4354  4382 W PackageParser: Unknown element under <application>: permission at /system/app/Gallery2/Gallery2.apk Binary XML file line #279
11-28 18:48:12.539  4354  4382 W PackageParser: Unknown element under <application>: permission at /system/app/Gallery2/Gallery2.apk Binary XML file line #282
11-28 18:48:12.608  4354  4387 I PackageManager: SELinux relabeling of com.android.htmlviewer issued.
11-28 18:48:12.710  4354  4384 I PackageManager: SELinux relabeling of com.android.wallpaper.holospiral issued.
11-28 18:48:12.791  4354  4385 I PackageManager: SELinux relabeling of com.android.keychain issued.
11-28 18:48:12.927  4354  4385 I PackageManager: SELinux relabeling of com.android.wallpaper.livepicker issued.
11-28 18:48:12.958  4354  4384 I PackageManager: SELinux relabeling of com.android.wallpaper issued.
11-28 18:48:13.096  4354  4384 I PackageManager: SELinux relabeling of com.android.noisefield issued.
11-28 18:48:13.153  4354  4382 I PackageManager: SELinux relabeling of com.android.gallery3d issued.
11-28 18:48:13.163  4354  4386 I PackageManager: SELinux relabeling of com.android.email issued.
11-28 18:48:13.305  4354  4384 I PackageManager: SELinux relabeling of com.android.pacprocessor issued.
11-28 18:48:13.452  4354  4383 I PackageManager: SELinux relabeling of org.cyanogenmod.hexolibre issued.
11-28 18:48:13.457  4354  4385 I PackageManager: SELinux relabeling of com.cyanogenmod.lockclock issued.
11-28 18:48:13.462  4354  4384 I PackageManager: SELinux relabeling of com.android.dreams.phototable issued.
11-28 18:48:13.476  4354  4382 I PackageManager: SELinux relabeling of com.android.phasebeam issued.
11-28 18:48:13.505  4354  4386 I PackageManager: SELinux relabeling of org.cyanogenmod.wallpapers.photophase issued.
11-28 18:48:13.566  4354  4364 I art     : Background sticky concurrent mark sweep GC freed 210017(14MB) AllocSpace objects, 119(4MB) LOS objects, 16% free, 43MB/52MB, paused 7.082ms total 983.768ms
11-28 18:48:13.662  4354  4383 I PackageManager: SELinux relabeling of com.svox.pico issued.
11-28 18:48:13.744  4354  4382 I PackageManager: SELinux relabeling of com.android.printspooler issued.
11-28 18:48:13.762  4354  4386 I PackageManager: SELinux relabeling of com.android.provision issued.
11-28 18:48:13.778  4354  4385 I PackageManager: SELinux relabeling of org.cyanogenmod.profiles issued.
11-28 18:48:13.798  4354  4384 I PackageManager: SELinux relabeling of com.gd.mobicore.pa issued.
11-28 18:48:13.910  4354  4383 I PackageManager: SELinux relabeling of com.cyanogenmod.samsungservicemode issued.
11-28 18:48:13.977  4354  4384 I PackageManager: SELinux relabeling of com.android.terminal issued.
11-28 18:48:13.982  4354  4382 I PackageManager: SELinux relabeling of com.android.providers.userdictionary issued.
11-28 18:48:14.009  4354  4385 I PackageManager: SELinux relabeling of com.android.stk issued.
11-28 18:48:14.042  4354  4386 I PackageManager: SELinux relabeling of com.android.soundrecorder issued.
11-28 18:48:14.052  4354  4382 W PackageManager: Failed to parse /system/app/mcRegistry: Missing base APK in /system/app/mcRegistry
11-28 18:48:14.073  4354  4383 I PackageManager: SELinux relabeling of com.android.smspush issued.
11-28 18:48:14.171  4354  4382 I PackageManager: SELinux relabeling of com.android.frameworks.telresources issued.
11-28 18:48:14.208  4354  4385 I PackageManager: SELinux relabeling of org.cyanogenmod.wallpaperpicker issued.
11-28 18:48:14.218  4354  4364 I art     : Background partial concurrent mark sweep GC freed 223037(13MB) AllocSpace objects, 47(3MB) LOS objects, 33% free, 31MB/47MB, paused 3.111ms total 602.185ms
11-28 18:48:14.304  4354  4387 I PackageManager: SELinux relabeling of com.android.inputmethod.latin issued.
11-28 18:48:14.305  4354  4386 I PackageManager: SELinux relabeling of com.android.webview issued.
11-28 18:48:14.608  4354  4384 I PackageManager: SELinux relabeling of com.android.messaging issued.
11-28 18:48:14.621  4354  4354 D PackageManager: end scanDirLI:/system/app
11-28 18:48:14.621  4354  4354 D PackageManager: No files in app dir /system/vendor/app
11-28 18:48:14.621  4354  4354 D PackageManager: No files in app dir /oem/app
11-28 18:48:14.621  4354  4354 D PackageManager: No files in app dir /vendor/bundled-app
11-28 18:48:14.623  4354  4354 D PackageManager: No files in app dir /data/app
11-28 18:48:14.623  4354  4354 D PackageManager: No files in app dir /data/app-private
11-28 18:48:14.623  4354  4354 W PackageManager: Package com.android.dialer desires unavailable shared library com.qualcomm.qti.smartsearch; ignoring!
11-28 18:48:14.623  4354  4354 W PackageManager: Package com.android.gallery3d desires unavailable shared library com.google.android.media.effects; ignoring!
11-28 18:48:14.623  4354  4354 W PackageManager: Package com.android.gallery3d desires unavailable shared library com.google.android.media.effects; ignoring!
11-28 18:48:14.623  4354  4354 I PackageManager: Adjusting ABI for : com.android.providers.settings to arm64-v8a
11-28 18:48:14.624  4354  4354 I PackageManager: Adjusting ABI for : com.android.development to arm64-v8a
11-28 18:48:14.624  4354  4354 I PackageManager: Adjusting ABI for : org.cyanogenmod.cmsettings to arm64-v8a
11-28 18:48:14.634  4354  4354 I PackageManager: Adjusting ABI for : cyanogenmod.platform to arm64-v8a
11-28 18:48:14.634  3006  3006 E installd: invalid apk path '/system/framework/org.cyanogenmod.platform-res.apk' (bad prefix)
11-28 18:48:14.634  4354  4354 I PackageManager: Adjusting ABI for : com.android.server.telecom to arm64-v8a
11-28 18:48:14.636  4354  4354 I PackageManager: Adjusting ABI for : com.cyanogenmod.setupwizard to arm64-v8a
11-28 18:48:14.637  4354  4354 I PackageManager: Adjusting ABI for : com.android.settings to arm64-v8a
11-28 18:48:14.638  4354  4354 I PackageManager: Adjusting ABI for : com.android.location.fused to arm64-v8a
11-28 18:48:14.638  4354  4354 I PackageManager: Adjusting ABI for : com.android.keychain to arm64-v8a
11-28 18:48:14.639  4354  4354 I PackageManager: Adjusting ABI for : com.android.inputdevices to arm64-v8a
11-28 18:48:14.639  4354  4354 I PackageManager: Adjusting ABI for : org.cyanogenmod.providers.datausage to arm64-v8a
11-28 18:48:14.641  4354  4354 I PackageManager: Time to scan packages: 6.846 seconds
11-28 18:48:14.642  4354  4354 W PackageManager: Unknown permission com.google.android.googleapps.permission.GOOGLE_AUTH in package com.android.providers.calendar
11-28 18:48:14.642  4354  4354 W PackageManager: Unknown permission com.google.android.googleapps.permission.GOOGLE_AUTH.cl in package com.android.providers.calendar
11-28 18:48:14.642  4354  4354 W PackageManager: Not granting permission android.permission.REAL_GET_TASKS to package org.cyanogenmod.wallpapers.photophase (protectionLevel=18 flags=0x3818be45)
11-28 18:48:14.642  4354  4354 W PackageManager: Unknown permission android.permission.CANCEL_NOTIFICATIONS in package org.cyanogenmod.theme.chooser2
11-28 18:48:14.642  4354  4354 W PackageManager: Unknown permission com.cyanogen.ambient.permission.BIND_CALLER_INFO in package com.android.messaging
11-28 18:48:14.642  4354  4354 W PackageManager: Unknown permission com.cyanogen.ambient.permission.BIND_RIDEINPROGRESS_SERVICE in package com.android.messaging
11-28 18:48:14.642  4354  4354 W PackageManager: Unknown permission com.cyanogen.ambient.permission.BIND_RIDESHARING_SERVICE in package com.android.messaging
11-28 18:48:14.642  4354  4354 W PackageManager: Not granting permission android.permission.ACCESS_DOWNLOAD_MANAGER to package com.android.browser (protectionLevel=18 flags=0x3849be45)
11-28 18:48:14.642  4354  4354 W PackageManager: Not granting permission android.permission.SEND_DOWNLOAD_COMPLETED_INTENTS to package com.android.browser (protectionLevel=2 flags=0x3849be45)
