11-28 17:38:51.163  3722  3722 W PackageManager: Unknown permission com.android.launcher.permission.READ_SETTINGS in package com.android.onetimeinitializer
11-28 17:38:51.163  3722  3722 W PackageManager: Unknown permission com.android.launcher.permission.WRITE_SETTINGS in package com.android.onetimeinitializer
11-28 17:38:51.163  3722  3722 W PackageManager: Unknown permission com.cyanogen.ambient.permission.BIND_INCALL_SERVICE in package com.android.dialer
11-28 17:38:51.163  3722  3722 W PackageManager: Unknown permission com.cyanogen.ambient.permission.PLUGIN_STATUS_CHANGED in package com.android.dialer
11-28 17:38:51.163  3722  3722 W PackageManager: Unknown permission com.cyanogen.ambient.permission.PUBLISH_DISCOVERY_NUDGE in package com.android.dialer
11-28 17:38:51.163  3722  3722 W PackageManager: Unknown permission com.cyanogen.ambient.permission.BIND_DEEPLINK_SERVICE in package com.android.dialer
11-28 17:38:51.163  3722  3722 W PackageManager: Unknown permission com.cyanogen.ambient.permission.READ_DEEPLINK_DATABASE in package com.android.dialer
11-28 17:38:51.163  3722  3722 W PackageManager: Unknown permission com.cyanogen.ambient.permission.BIND_CALLER_INFO in package com.android.dialer
11-28 17:38:51.163  3722  3722 W PackageManager: Unknown permission com.android.launcher.permission.READ_SETTINGS in package com.cyanogenmod.trebuchet
11-28 17:38:51.163  3722  3722 W PackageManager: Unknown permission com.android.launcher.permission.WRITE_SETTINGS in package com.cyanogenmod.trebuchet
11-28 17:38:51.163  3722  3722 W PackageManager: Unknown permission com.cyngn.stats.SEND_ANALYTICS in package com.cyanogenmod.trebuchet
11-28 17:38:51.163  3722  3722 W PackageManager: Unknown permission com.google.android.permission.INSTALL_WEARABLE_PACKAGES in package com.android.packageinstaller
11-28 17:38:51.163  3722  3722 W PackageManager: Not granting permission android.permission.DELETE_PACKAGES to package com.svox.pico (protectionLevel=18 flags=0x3808be45)
11-28 17:38:51.163  3722  3722 W PackageManager: Unknown permission android.permission.ACCESS_SUPERUSER in package com.cyanogenmod.filemanager
11-28 17:38:51.164  3722  3722 W PackageManager: Unknown permission com.cyanogenmod.filemanager.permissions.READ_THEME in package com.cyanogenmod.filemanager
11-28 17:38:51.164  3722  3722 W PackageManager: Unknown permission com.google.android.gallery3d.permission.PICASA_STORE in package com.android.dreams.phototable
11-28 17:38:51.164  3722  3722 W PackageManager: Unknown permission com.google.android.googleapps.permission.GOOGLE_AUTH in package com.android.settings
11-28 17:38:51.164  3722  3722 W PackageManager: Unknown permission com.android.launcher.permission.READ_SETTINGS in package com.android.settings
11-28 17:38:51.164  3722  3722 W PackageManager: Unknown permission com.android.launcher.permission.WRITE_SETTINGS in package com.android.settings
11-28 17:38:51.164  3722  3722 W PackageManager: Not granting permission android.permission.REAL_GET_TASKS to package com.cyanogenmod.eleven (protectionLevel=18 flags=0x3818be65)
11-28 17:38:51.166  3722  3722 W PackageManager: Unknown permission com.google.android.gallery3d.permission.GALLERY_PROVIDER in package com.android.bluetooth
11-28 17:38:51.166  3722  3722 W PackageManager: Unknown permission com.google.android.googleapps.permission.ACCESS_GOOGLE_PASSWORD in package com.android.development
11-28 17:38:51.166  3722  3722 W PackageManager: Unknown permission com.google.android.googleapps.permission.GOOGLE_AUTH in package com.android.development
11-28 17:38:51.166  3722  3722 W PackageManager: Unknown permission com.google.android.googleapps.permission.GOOGLE_AUTH.ALL_SERVICES in package com.android.development
11-28 17:38:51.166  3722  3722 W PackageManager: Unknown permission com.google.android.googleapps.permission.GOOGLE_AUTH.YouTubeUser in package com.android.development
11-28 17:38:51.167  3722  3722 V PackageManager: Disabling com.google.android.gsf/com.google.android.gsf.update.SystemUpdateActivity
11-28 17:38:51.167  3722  3722 W PackageManager: Unable to disable com.google.android.gsf/com.google.android.gsf.update.SystemUpdateActivity
11-28 17:38:51.167  3722  3722 V PackageManager: Disabling com.google.android.gsf/com.google.android.gsf.update.SystemUpdateService$Receiver
11-28 17:38:51.167  3722  3722 W PackageManager: Unable to disable com.google.android.gsf/com.google.android.gsf.update.SystemUpdateService$Receiver
11-28 17:38:51.167  3722  3722 V PackageManager: Disabling com.google.android.gsf/com.google.android.gsf.update.SystemUpdateService$SecretCodeReceiver
11-28 17:38:51.167  3722  3722 W PackageManager: Unable to disable com.google.android.gsf/com.google.android.gsf.update.SystemUpdateService$SecretCodeReceiver
11-28 17:38:51.167  3722  3722 V PackageManager: Disabling com.google.android.gms/com.google.android.gms.update.SystemUpdateActivity
11-28 17:38:51.167  3722  3722 W PackageManager: Unable to disable com.google.android.gms/com.google.android.gms.update.SystemUpdateActivity
11-28 17:38:51.167  3722  3722 V PackageManager: Disabling com.google.android.gms/com.google.android.gms.update.SystemUpdateService$Receiver
11-28 17:38:51.167  3722  3722 W PackageManager: Unable to disable com.google.android.gms/com.google.android.gms.update.SystemUpdateService$Receiver
11-28 17:38:51.167  3722  3722 V PackageManager: Disabling com.google.android.gms/com.google.android.gms.update.SystemUpdateService$ActiveReceiver
11-28 17:38:51.167  3722  3722 W PackageManager: Unable to disable com.google.android.gms/com.google.android.gms.update.SystemUpdateService$ActiveReceiver
11-28 17:38:51.167  3722  3722 V PackageManager: Disabling com.google.android.gms/com.google.android.gms.update.SystemUpdateService$SecretCodeReceiver
11-28 17:38:51.167  3722  3722 W PackageManager: Unable to disable com.google.android.gms/com.google.android.gms.update.SystemUpdateService$SecretCodeReceiver
11-28 17:38:51.167  3722  3722 V PackageManager: Enabling com.google.android.gsf/com.google.android.gsf.update.SystemUpdateService
11-28 17:38:51.167  3722  3722 W PackageManager: Unable to enable com.google.android.gsf/com.google.android.gsf.update.SystemUpdateService
11-28 17:38:51.167  3722  3722 V PackageManager: Enabling com.google.android.gms/com.google.android.gms.update.SystemUpdateService
11-28 17:38:51.167  3722  3722 W PackageManager: Unable to enable com.google.android.gms/com.google.android.gms.update.SystemUpdateService
11-28 17:38:51.287  3722  3722 I art     : Starting a blocking GC Explicit
11-28 17:38:51.381  3722  3722 I art     : Explicit concurrent mark sweep GC freed 271987(15MB) AllocSpace objects, 38(3MB) LOS objects, 33% free, 27MB/41MB, paused 581us total 79.808ms
11-28 17:38:51.383  3722  3722 I SystemServer: User Service
11-28 17:38:51.398  2931  2931 I lowmemorykiller: ActivityManager connected
11-28 17:38:51.401  3722  3722 I SystemServiceManager: Starting com.android.server.BatteryService
11-28 17:38:51.402  3722  3770 I         : System server: starting sensor init.
11-28 17:38:51.402  3722  3770 D SensorService: nuSensorService starting...
11-28 17:38:51.433  3722  3722 I SystemServiceManager: Starting com.android.server.usage.UsageStatsService
11-28 17:38:51.436  3722  3770 I Sensors : getName:gyro_sensor name = K6DS3TR.
11-28 17:38:51.436  3722  3770 I Sensors : Proximity old sensor_state 0, new sensor_state : 128 en : 1
11-28 17:38:51.481  3722  3770 I Sensors : Light old sensor_state 128, new sensor_state : 640 en : 1
11-28 17:38:51.498  3722  3722 I UsageStatsService: User[0] Rollover scheduled @ 2016-11-29 00:00:00(1480377600000)
11-28 17:38:51.499  3722  3722 I SystemServiceManager: Starting com.android.server.webkit.WebViewUpdateService
11-28 17:38:51.501  3722  3770 I Sensors : Light_IR old sensor_state 640, new sensor_state : 16777856 en : 1
11-28 17:38:51.501  3722  3770 E Sensors : Light_IR_Sensor write failed. ret = -1, sensor_state = 16777856
11-28 17:38:51.502  3722  3770 I Sensors : SigMotionSensor old sensor_state 640, new sensor_state : 17024 en : 1
11-28 17:38:51.515  3722  3770 I Sensors : getName:gyro_sensor name = K6DS3TR.
11-28 17:38:51.516  3722  3770 I Sensors : StepCounterSensor old sensor_state 17024, new sensor_state : 279168 en : 1
11-28 17:38:51.516  3722  3770 E Sensors : StepCounterSensor write failed. ret = -1, sensor_state = 279168
11-28 17:38:51.516  3722  3770 I Sensors : Int.Gyro old sensor_state 17024, new sensor_state : 33571456 en : 1
11-28 17:38:51.516  3722  3770 E Sensors : Int.GyroSensor write failed. ret = -1, sensor_state = 33571456
11-28 17:38:51.516  3722  3770 I Sensors : getName:gyro_sensor name = K6DS3TR.
11-28 17:38:51.516  3722  3770 I Sensors : HrmSpO2Sensor:: part type = 12.
11-28 17:38:51.516  3722  3770 D Sensors : HrmSpO2Sensor::type:12, prox threshold:10000
11-28 17:38:51.516  3722  3770 D Sensors : HrmSpO2Sensor::handle:0 ,en:1
11-28 17:38:51.517  3722  3770 E Sensors : HrmSpO2Sensor::Error MAXIM Flicker Library...handle=0x0
11-28 17:38:51.517  3722  3770 D Sensors : HrmSpO2Sensor::HrmSpO2Sensor: Shared version Registered
11-28 17:38:51.517  3722  3770 D Sensors : HrmLedSensor enable: mEnabled 0, handle 20, en 1
11-28 17:38:51.517  3722  3770 D Sensors : HRMSensor led enabled:1, en:1
11-28 17:38:51.521  3722  3722 I SystemServer: Reading configuration...
11-28 17:38:51.521  3722  3722 I SystemServer: Scheduling Policy
11-28 17:38:51.525  3722  3722 I SystemServiceManager: Starting com.android.server.telecom.TelecomLoaderService
11-28 17:38:51.525  3722  3722 I SystemServer: Telephony Registry
11-28 17:38:51.529  3722  3770 I Sensors : getVendor:hrm_sensor vendor = MAXIM.
11-28 17:38:51.529  3722  3770 I Sensors : HrmLedSensor: HrmLedSensor vendor = MAXIM.
11-28 17:38:51.529  3722  3770 D Sensors : HRMSensor_LED::libhr open start!! 
11-28 17:38:51.529  3722  3770 E Sensors : HRMSensor_LED::libhr open failed 
11-28 17:38:51.529  3722  3770 E Sensors : GripSensor: enable
11-28 17:38:51.530  3722  3722 I SystemServer: Entropy Mixer
11-28 17:38:51.560  3722  3722 I EntropyMixer: Added HW RNG output to entropy pool
11-28 17:38:51.560  3722  3722 I EntropyMixer: Writing entropy...
11-28 17:38:51.562  3722  3770 I Sensors : Proximity old sensor_state 17024, new sensor_state : 16896 en : 0
11-28 17:38:51.562  3722  3770 I Sensors : Light old sensor_state 16896, new sensor_state : 16384 en : 0
11-28 17:38:51.563  3722  3770 I Sensors : SigMotionSensor old sensor_state 16384, new sensor_state : 0 en : 0
11-28 17:38:51.563  3722  3770 E Sensors : GripSensor: enable
11-28 17:38:51.563  3722  3770 D Sensors : HrmSpO2Sensor::handle:19 ,en:0
11-28 17:38:51.563  3722  3770 D Sensors : HrmSpO2Sensor::isEnabled:0 ,en:0, mEn:0
11-28 17:38:51.563  3722  3770 D Sensors : HrmSpO2Sensor::handle:28 ,en:0
11-28 17:38:51.563  3722  3770 D Sensors : HrmSpO2Sensor::isEnabled:0 ,en:0, mEn:0
11-28 17:38:51.563  3722  3770 D Sensors : HrmLedSensor enable: mEnabled 1, handle 20, en 0
11-28 17:38:51.563  3722  3770 D Sensors : HRMSensor_LED::enable 
11-28 17:38:51.563  3722  3770 D Sensors : HRMSensor led enabled:0, en:0
11-28 17:38:51.564  3722  3770 D Sensors : HrmLedSensor enable: mEnabled 0, handle 21, en 0
11-28 17:38:51.564  3722  3770 D Sensors : HrmLedSensor isEnabled:0 ,en:0
11-28 17:38:51.564  3722  3770 D Sensors : HrmSpO2Sensor::handle:18 ,en:0
11-28 17:38:51.564  3722  3770 D Sensors : HrmSpO2Sensor::isEnabled:0 ,en:0, mEn:0
11-28 17:38:51.565  3722  3770 I         : System server: sensor init done.
11-28 17:38:51.565  3722  3772 D SensorService: nuSensorService thread starting...
11-28 17:38:51.566  3722  3771 D SensorService: new thread SensorEventAckReceiver
11-28 17:38:51.569  3722  3722 I SystemServer: Camera Service
11-28 17:38:51.569  3722  3722 I SystemServiceManager: Starting com.android.server.camera.CameraService
11-28 17:38:51.571  3722  3773 I ServiceThread: Enabled StrictMode logging for CameraService_proxy looper.
11-28 17:38:51.580  3722  3722 I SystemServer: Account Manager
11-28 17:38:51.586  3722  3722 I SystemServer: Content Manager
11-28 17:38:51.590  3722  3722 I SystemServer: System Content Providers
11-28 17:38:51.594  3722  3722 W System  : ClassLoader referenced unknown path: /system/priv-app/CMSettingsProvider/lib/arm64
11-28 17:38:51.607  3722  3722 W System  : ClassLoader referenced unknown path: /system/priv-app/SettingsProvider/lib/arm64
11-28 17:38:51.682  3722  3722 I SystemServer: Vibrator Service
11-28 17:38:51.685  3722  3722 I SystemServer: Consumer IR Service
11-28 17:38:51.685  3722  3722 E ConsumerIrService: Can't open consumer IR HW Module, error: -2
11-28 17:38:51.685  3722  3722 E System  : ******************************************
11-28 17:38:51.686  3722  3722 E System  : ************ Failure starting core service
11-28 17:38:51.686  3722  3722 E System  : java.lang.RuntimeException: FEATURE_CONSUMER_IR present, but no IR HAL loaded!
11-28 17:38:51.686  3722  3722 E System  : 	at com.android.server.ConsumerIrService.<init>(ConsumerIrService.java:51)
11-28 17:38:51.686  3722  3722 E System  : 	at com.android.server.SystemServer.startOtherServices(SystemServer.java:509)
11-28 17:38:51.686  3722  3722 E System  : 	at com.android.server.SystemServer.run(SystemServer.java:291)
11-28 17:38:51.686  3722  3722 E System  : 	at com.android.server.SystemServer.main(SystemServer.java:176)
11-28 17:38:51.686  3722  3722 E System  : 	at java.lang.reflect.Method.invoke(Native Method)
11-28 17:38:51.686  3722  3722 E System  : 	at com.android.internal.os.ZygoteInit$MethodAndArgsCaller.run(ZygoteInit.java:726)
11-28 17:38:51.686  3722  3722 E System  : 	at com.android.internal.os.ZygoteInit.main(ZygoteInit.java:616)
11-28 17:38:51.686  3722  3722 I SystemServer: Input Method Service
11-28 17:38:51.761  3722  3735 I SyncManager: No initial statistics
11-28 17:38:51.768  3722  3722 W InputMethodManagerService: No IME selected. Choose the most applicable IME.
11-28 17:38:51.769  3722  3722 I InputMethodManagerService: Default found, using com.android.inputmethod.latin/.LatinIME
11-28 17:38:51.772  3722  3722 I SystemServer: Accessibility Manager
11-28 17:38:51.786  3722  3722 W SystemServer: ***********************************************
11-28 17:38:51.787  3722  3722 E SystemServer: BOOT FAILURE making display ready
11-28 17:38:51.787  3722  3722 E SystemServer: java.lang.NullPointerException: Attempt to invoke virtual method 'void com.android.server.wm.WindowManagerService.displayReady()' on a null object reference
11-28 17:38:51.787  3722  3722 E SystemServer: 	at com.android.server.SystemServer.startOtherServices(SystemServer.java:591)
11-28 17:38:51.787  3722  3722 E SystemServer: 	at com.android.server.SystemServer.run(SystemServer.java:291)
11-28 17:38:51.787  3722  3722 E SystemServer: 	at com.android.server.SystemServer.main(SystemServer.java:176)
11-28 17:38:51.787  3722  3722 E SystemServer: 	at java.lang.reflect.Method.invoke(Native Method)
11-28 17:38:51.787  3722  3722 E SystemServer: 	at com.android.internal.os.ZygoteInit$MethodAndArgsCaller.run(ZygoteInit.java:726)
11-28 17:38:51.787  3722  3722 E SystemServer: 	at com.android.internal.os.ZygoteInit.main(ZygoteInit.java:616)
11-28 17:38:51.788  3722  3722 I SystemServiceManager: Starting com.android.server.MountService$Lifecycle
11-28 17:38:51.799  3722  3722 I SystemServiceManager: Starting com.android.server.UiModeManagerService
11-28 17:38:51.801  3722  3722 I ActivityManager: Config changes=200 {1.0 ?mcc?mnc en_US ldltr ?swdp ?wdp ?hdp ?density ?lsize ?long ?orien ?touch ?keyb/?/? ?nav/? s.2 themeResource=null}
11-28 17:38:51.804  3722  3722 E System  : ******************************************
11-28 17:38:51.804  3722  3722 E System  : ************ Failure starting system services
11-28 17:38:51.804  3722  3722 E System  : java.lang.NullPointerException: Attempt to invoke virtual method 'void com.android.server.wm.WindowManagerService.updateBootProgress(int, android.content.pm.ApplicationInfo, int, int, boolean)' on a null object reference
11-28 17:38:51.804  3722  3722 E System  : 	at com.android.server.am.ActivityManagerService.updateBootProgress(ActivityManagerService.java:6581)
11-28 17:38:51.804  3722  3722 E System  : 	at com.android.server.SystemServer.startOtherServices(SystemServer.java:624)
11-28 17:38:51.804  3722  3722 E System  : 	at com.android.server.SystemServer.run(SystemServer.java:291)
11-28 17:38:51.804  3722  3722 E System  : 	at com.android.server.SystemServer.main(SystemServer.java:176)
11-28 17:38:51.804  3722  3722 E System  : 	at java.lang.reflect.Method.invoke(Native Method)
11-28 17:38:51.804  3722  3722 E System  : 	at com.android.internal.os.ZygoteInit$MethodAndArgsCaller.run(ZygoteInit.java:726)
11-28 17:38:51.804  3722  3722 E System  : 	at com.android.internal.os.ZygoteInit.main(ZygoteInit.java:616)
11-28 17:38:51.804  3722  3722 D AndroidRuntime: Shutting down VM
11-28 17:38:51.804  3722  3722 E AndroidRuntime: *** FATAL EXCEPTION IN SYSTEM PROCESS: main
11-28 17:38:51.804  3722  3722 E AndroidRuntime: java.lang.NullPointerException: Attempt to invoke virtual method 'void com.android.server.wm.WindowManagerService.updateBootProgress(int, android.content.pm.ApplicationInfo, int, int, boolean)' on a null object reference
11-28 17:38:51.804  3722  3722 E AndroidRuntime: 	at com.android.server.am.ActivityManagerService.updateBootProgress(ActivityManagerService.java:6581)
11-28 17:38:51.804  3722  3722 E AndroidRuntime: 	at com.android.server.SystemServer.startOtherServices(SystemServer.java:624)
11-28 17:38:51.804  3722  3722 E AndroidRuntime: 	at com.android.server.SystemServer.run(SystemServer.java:291)
11-28 17:38:51.804  3722  3722 E AndroidRuntime: 	at com.android.server.SystemServer.main(SystemServer.java:176)
11-28 17:38:51.804  3722  3722 E AndroidRuntime: 	at java.lang.reflect.Method.invoke(Native Method)
11-28 17:38:51.804  3722  3722 E AndroidRuntime: 	at com.android.internal.os.ZygoteInit$MethodAndArgsCaller.run(ZygoteInit.java:726)
11-28 17:38:51.804  3722  3722 E AndroidRuntime: 	at com.android.internal.os.ZygoteInit.main(ZygoteInit.java:616)
11-28 17:38:51.805  3722  3722 I Process : Sending signal. PID: 3722 SIG: 9
11-28 17:38:51.838  3442  3442 E Zygote  : Exit zygote because system server (3722) has terminated
11-28 17:38:51.991  3783  3783 V MediaUtils: physMem: 3748511744
11-28 17:38:51.991  3783  3783 V MediaUtils: requested limit: 2436532605
11-28 17:38:51.991  3783  3783 V MediaUtils: actual limit: 2436532605
11-28 17:38:51.991  3783  3783 V MediaUtils: original limits: 4294967295/4294967295
11-28 17:38:51.991  3783  3783 V MediaUtils: new limits: 2436532605/4294967295
11-28 17:38:51.991  3783  3783 I mediaserver: ServiceManager: 0xf63ce120
11-28 17:38:51.991  3783  3783 I AudioFlinger: Using default 3000 mSec as standby time.
11-28 17:38:51.991  2932  2932 E ServiceManager: add_service('media.audio_flinger',2a) uid=1013 - ALREADY REGISTERED, OVERRIDE
11-28 17:38:51.991  2932  2932 I ServiceManager: service 'media.audio_flinger' died
11-28 17:38:51.993  2932  2932 E ServiceManager: add_service('media.player',7) uid=1013 - ALREADY REGISTERED, OVERRIDE
11-28 17:38:51.993  2932  2932 I ServiceManager: service 'media.player' died
11-28 17:38:51.993  2932  2932 E ServiceManager: add_service('media.resource_manager',8) uid=1013 - ALREADY REGISTERED, OVERRIDE
11-28 17:38:51.993  2932  2932 I ServiceManager: service 'media.resource_manager' died
11-28 17:38:51.993  3783  3783 I CameraService: CameraService started (pid=3783)
11-28 17:38:51.993  3783  3783 I CameraService: CameraService process starting
11-28 17:38:51.993  3783  3783 E CameraService: Could not load camera HAL module: -2 (No such file or directory)
11-28 17:38:51.994  2932  2932 E ServiceManager: add_service('media.camera',9) uid=1013 - ALREADY REGISTERED, OVERRIDE
11-28 17:38:51.994  2932  2932 I ServiceManager: service 'media.camera' died
11-28 17:38:51.996  3783  3783 I AudioPolicyService: AudioPolicyService CSTOR in new mode
11-28 17:38:51.997  3783  3783 I APM::ConfigParsingUtils: loadAudioPolicyConfig() loaded /system/etc/audio_policy.conf
11-28 17:38:52.072  3787  3787 I Netd    : Netd 1.0 starting
11-28 17:38:52.072  3787  3787 I QtiConnectivityAdapter: Failed to open libconnctrl, some features may not be present.
11-28 17:38:52.072  3787  3787 D TetherController: Setting IP forward enable = 0
11-28 17:38:52.069  3332  3332 W auditd  : type=1325 audit(0.0:382): table=filter family=2 entries=52
11-28 17:38:52.069  3332  3332 W auditd  : type=1320 audit(0.0:382): 
11-28 17:38:52.079  3332  3332 W auditd  : type=1325 audit(0.0:383): table=filter family=10 entries=55
11-28 17:38:52.079  3332  3332 W auditd  : type=1320 audit(0.0:383): 
11-28 17:38:52.079  3332  3332 W auditd  : type=1325 audit(0.0:384): table=filter family=2 entries=51
11-28 17:38:52.079  3332  3332 W auditd  : type=1320 audit(0.0:384): 
11-28 17:38:52.089  3332  3332 W auditd  : type=1325 audit(0.0:385): table=filter family=10 entries=54
11-28 17:38:52.089  3332  3332 W auditd  : type=1320 audit(0.0:385): 
11-28 17:38:52.089  3332  3332 W auditd  : type=1325 audit(0.0:386): table=filter family=2 entries=50
11-28 17:38:52.089  3332  3332 W auditd  : type=1320 audit(0.0:386): 
11-28 17:38:52.089  3332  3332 W auditd  : type=1325 audit(0.0:387): table=filter family=10 entries=53
11-28 17:38:52.089  3332  3332 W auditd  : type=1320 audit(0.0:387): 
11-28 17:38:52.099  3332  3332 W auditd  : type=1325 audit(0.0:388): table=filter family=2 entries=48
11-28 17:38:52.099  3332  3332 W auditd  : type=1320 audit(0.0:388): 
11-28 17:38:52.099  3332  3332 W auditd  : type=1325 audit(0.0:389): table=filter family=10 entries=51
11-28 17:38:52.099  3332  3332 W auditd  : type=1320 audit(0.0:389): 
11-28 17:38:52.109  3332  3332 W auditd  : type=1325 audit(0.0:390): table=filter family=2 entries=50
11-28 17:38:52.109  3332  3332 W auditd  : type=1320 audit(0.0:390): 
11-28 17:38:52.109  3332  3332 W auditd  : type=1325 audit(0.0:391): table=filter family=10 entries=53
11-28 17:38:52.109  3332  3332 W auditd  : type=1320 audit(0.0:391): 
11-28 17:38:52.119  3332  3332 W auditd  : type=1325 audit(0.0:392): table=filter family=2 entries=51
11-28 17:38:52.119  3332  3332 W auditd  : type=1320 audit(0.0:392): 
11-28 17:38:52.119  3332  3332 W auditd  : type=1325 audit(0.0:393): table=filter family=10 entries=54
11-28 17:38:52.119  3332  3332 W auditd  : type=1320 audit(0.0:393): 
11-28 17:38:52.119  3332  3332 W auditd  : type=1325 audit(0.0:394): table=filter family=2 entries=50
11-28 17:38:52.119  3332  3332 W auditd  : type=1320 audit(0.0:394): 
11-28 17:38:52.129  3332  3332 W auditd  : type=1325 audit(0.0:395): table=filter family=10 entries=53
11-28 17:38:52.129  3332  3332 W auditd  : type=1320 audit(0.0:395): 
11-28 17:38:52.129  3332  3332 W auditd  : type=1325 audit(0.0:396): table=filter family=2 entries=50
11-28 17:38:52.129  3332  3332 W auditd  : type=1320 audit(0.0:396): 
11-28 17:38:52.139  3332  3332 W auditd  : type=1325 audit(0.0:397): table=filter family=10 entries=53
11-28 17:38:52.139  3332  3332 W auditd  : type=1320 audit(0.0:397): 
11-28 17:38:52.139  3332  3332 W auditd  : type=1325 audit(0.0:398): table=filter family=2 entries=48
11-28 17:38:52.139  3332  3332 W auditd  : type=1320 audit(0.0:398): 
11-28 17:38:52.149  3332  3332 W auditd  : type=1325 audit(0.0:399): table=filter family=10 entries=51
11-28 17:38:52.149  3332  3332 W auditd  : type=1320 audit(0.0:399): 
11-28 17:38:52.149  3332  3332 W auditd  : type=1325 audit(0.0:400): table=filter family=2 entries=50
11-28 17:38:52.149  3332  3332 W auditd  : type=1320 audit(0.0:400): 
11-28 17:38:52.547  3783  3783 E audio_route: Failed to open /system/etc/mixer_paths.xml
11-28 17:38:52.552  3783  3783 I AudioFlinger: loadHwModule() Loaded primary audio interface from Samsung audio HW HAL (audio) handle 1
11-28 17:38:52.552  3783  3783 I AudioFlinger: openOutput(), module 1 Device 2, SamplingRate 44100, Format 0x000001, Channels 3, flags 2
11-28 17:38:52.552  3783  3783 I AudioFlinger: AudioStreamOut::open(), mHalFormatIsLinearPcm = 1
11-28 17:38:52.552  3783  3783 I AudioFlinger: HAL output buffer size 256 frames, normal sink buffer size 960 frames
11-28 17:38:52.554  3783  3783 I BufferProvider: found effect "Multichannel Downmix To Stereo" from The Android Open Source Project
11-28 17:38:52.555  3783  3783 E MonoPipe: Failed to fetch local time frequency when constructing a MonoPipe (res = -32).  getNextWriteTimestamp calls will be non-functional
11-28 17:38:52.555  3783  3783 I AudioFlinger: Using module 1 has the primary audio interface
11-28 17:38:52.555  3783  3903 I AudioFlinger: AudioFlinger's thread 0xf47c0000 ready to run
11-28 17:38:52.555  3783  3903 V audio_hw_primary: out_set_parameters: key value pairs: routing=2
11-28 17:38:52.555  3783  3903 V audio_hw_primary: do_out_standby: output standby: 1
11-28 17:38:52.555  3783  3903 E AudioFlinger: no wake lock to update!
11-28 17:38:52.556  3783  3783 V audio_hw_primary: adev_open_input_stream: Created resampler converting 48000 -> 16000
11-28 17:38:52.556  3783  3783 V audio_hw_primary: adev_open_input_stream: Requesting input stream with rate: 16000, channels: 0xc
11-28 17:38:52.556  3783  3904 I AudioFlinger: AudioFlinger's thread 0xf4440000 ready to run
11-28 17:38:52.556  3783  3783 I r_submix: adev_open(name=audio_hw_if)
11-28 17:38:52.556  3783  3783 I r_submix: adev_init_check()
11-28 17:38:52.556  3783  3783 I AudioFlinger: loadHwModule() Loaded r_submix audio interface from Wifi Display audio HAL (audio) handle 4
11-28 17:38:52.556  3783  3783 D r_submix: adev_open_input_stream(addr=0)
11-28 17:38:52.556  3783  3783 D r_submix: submix_audio_device_create_pipe_l(addr=0, idx=9)
11-28 17:38:52.556  3783  3783 D r_submix:   now using address 0 for route 9
11-28 17:38:52.557  3783  3906 I AudioFlinger: AudioFlinger's thread 0xf4440000 ready to run
11-28 17:38:52.557  3783  3783 D r_submix: adev_close_input_stream()
11-28 17:38:52.557  3783  3783 D r_submix: submix_audio_device_release_pipe_l(idx=9) addr=0
11-28 17:38:52.557  3783  3783 D r_submix: submix_audio_device_destroy_pipe_l(): pipe destroyed
11-28 17:38:52.557  2932  2932 E ServiceManager: add_service('media.audio_policy',a) uid=1013 - ALREADY REGISTERED, OVERRIDE
11-28 17:38:52.557  2932  2932 I ServiceManager: service 'media.audio_policy' died
11-28 17:38:52.557  3783  3783 E SoundTriggerHwService: couldn't load sound trigger module sound_trigger.primary (No such file or directory)
11-28 17:38:52.557  2932  2932 E ServiceManager: add_service('media.sound_trigger_hw',b) uid=1013 - ALREADY REGISTERED, OVERRIDE
11-28 17:38:52.557  2932  2932 I ServiceManager: service 'media.sound_trigger_hw' died
11-28 17:38:52.557  3783  3783 I RadioService: RadioService
11-28 17:38:52.557  3783  3783 I RadioService: onFirstRef
11-28 17:38:52.557  3783  3783 E RadioService: couldn't load radio module radio.primary (No such file or directory)
11-28 17:38:52.557  2932  2932 E ServiceManager: add_service('media.radio',c) uid=1013 - ALREADY REGISTERED, OVERRIDE
11-28 17:38:52.557  2932  2932 I ServiceManager: service 'media.radio' died
11-28 17:38:52.705  3782  3782 D AndroidRuntime: >>>>>> START com.android.internal.os.ZygoteInit uid 0 <<<<<<
11-28 17:38:52.710  3782  3782 D AndroidRuntime: CheckJNI is ON
11-28 17:38:52.711  3782  3782 I art     : option[0]=-Xzygote
11-28 17:38:52.711  3782  3782 I art     : option[1]=-Xcheck:jni
11-28 17:38:52.711  3782  3782 I art     : option[2]=-Xstacktracefile:/data/anr/traces.txt
11-28 17:38:52.711  3782  3782 I art     : option[3]=exit
11-28 17:38:52.711  3782  3782 I art     : option[4]=vfprintf
11-28 17:38:52.711  3782  3782 I art     : option[5]=sensitiveThread
11-28 17:38:52.711  3782  3782 I art     : option[6]=-verbose:gc
11-28 17:38:52.711  3782  3782 I art     : option[7]=-Xms8m
11-28 17:38:52.711  3782  3782 I art     : option[8]=-Xmx768m
11-28 17:38:52.711  3782  3782 I art     : option[9]=-XX:HeapGrowthLimit=288m
11-28 17:38:52.711  3782  3782 I art     : option[10]=-XX:HeapMinFree=2m
11-28 17:38:52.711  3782  3782 I art     : option[11]=-XX:HeapMaxFree=8m
11-28 17:38:52.711  3782  3782 I art     : option[12]=-XX:HeapTargetUtilization=0.75
11-28 17:38:52.711  3782  3782 I art     : option[13]=-Xusejit:true
11-28 17:38:52.711  3782  3782 I art     : option[14]=-agentlib:jdwp=transport=dt_android_adb,suspend=n,server=y
11-28 17:38:52.711  3782  3782 I art     : option[15]=-Xlockprofthreshold:500
11-28 17:38:52.711  3782  3782 I art     : option[16]=-Ximage-compiler-option
11-28 17:38:52.711  3782  3782 I art     : option[17]=--runtime-arg
11-28 17:38:52.711  3782  3782 I art     : option[18]=-Ximage-compiler-option
11-28 17:38:52.711  3782  3782 I art     : option[19]=-Xms64m
11-28 17:38:52.711  3782  3782 I art     : option[20]=-Ximage-compiler-option
11-28 17:38:52.711  3782  3782 I art     : option[21]=--runtime-arg
11-28 17:38:52.711  3782  3782 I art     : option[22]=-Ximage-compiler-option
11-28 17:38:52.711  3782  3782 I art     : option[23]=-Xmx64m
11-28 17:38:52.711  3782  3782 I art     : option[24]=-Ximage-compiler-option
11-28 17:38:52.711  3782  3782 I art     : option[25]=--compiler-filter=verify-at-runtime
11-28 17:38:52.711  3782  3782 I art     : option[26]=-Ximage-compiler-option
11-28 17:38:52.711  3782  3782 I art     : option[27]=--image-classes=/system/etc/preloaded-classes
11-28 17:38:52.711  3782  3782 I art     : option[28]=-Xcompiler-option
11-28 17:38:52.711  3782  3782 I art     : option[29]=--runtime-arg
11-28 17:38:52.711  3782  3782 I art     : option[30]=-Xcompiler-option
11-28 17:38:52.711  3782  3782 I art     : option[31]=-Xms64m
11-28 17:38:52.711  3782  3782 I art     : option[32]=-Xcompiler-option
11-28 17:38:52.711  3782  3782 I art     : option[33]=--runtime-arg
11-28 17:38:52.711  3782  3782 I art     : option[34]=-Xcompiler-option
11-28 17:38:52.711  3782  3782 I art     : option[35]=-Xmx512m
11-28 17:38:52.711  3782  3782 I art     : option[36]=-Xcompiler-option
11-28 17:38:52.711  3782  3782 I art     : option[37]=--compiler-filter=verify-at-runtime
11-28 17:38:52.711  3782  3782 I art     : option[38]=-Ximage-compiler-option
11-28 17:38:52.711  3782  3782 I art     : option[39]=--instruction-set-variant=generic
11-28 17:38:52.711  3782  3782 I art     : option[40]=-Xcompiler-option
11-28 17:38:52.721  3782  3782 I art     : option[41]=--instruction-set-variant=generic
11-28 17:38:52.722  3782  3782 I art     : option[42]=-Ximage-compiler-option
11-28 17:38:52.722  3782  3782 I art     : option[43]=--instruction-set-features=default
11-28 17:38:52.722  3782  3782 I art     : option[44]=-Xcompiler-option
11-28 17:38:52.722  3782  3782 I art     : option[45]=--instruction-set-features=default
11-28 17:38:52.722  3782  3782 I art     : option[46]=-Duser.locale=en-US
11-28 17:38:52.722  3782  3782 I art     : option[47]=--cpu-abilist=arm64-v8a,armeabi
11-28 17:38:52.722  3782  3782 I art     : option[48]=-Xfingerprint:samsung/cm_hero2ltexx/hero2ltexx:6.0.1/MOB31K/2397aefd48:eng/test-keys
11-28 17:38:52.800  3782  3782 D ICU     : No timezone override file found: /data/misc/zoneinfo/current/icu/icu_tzdata.dat
11-28 17:38:52.840  3787  3787 V NatController: runCmd(/system/bin/iptables -w -F natctrl_FORWARD) res=0
11-28 17:38:52.844  3787  3787 V NatController: runCmd(/system/bin/iptables -w -A natctrl_FORWARD -j DROP) res=0
11-28 17:38:52.848  3787  3787 V NatController: runCmd(/system/bin/iptables -w -t nat -F natctrl_nat_POSTROUTING) res=0
11-28 17:38:52.852  3787  3787 V NatController: runCmd(/system/bin/iptables -w -F natctrl_tether_counters) res=0
11-28 17:38:52.856  3787  3787 V NatController: runCmd(/system/bin/iptables -w -X natctrl_tether_counters) res=0
11-28 17:38:52.860  3787  3787 V NatController: runCmd(/system/bin/iptables -w -N natctrl_tether_counters) res=0
11-28 17:38:52.864  3787  3787 V NatController: runCmd(/system/bin/iptables -w -t mangle -A natctrl_mangle_FORWARD -p tcp --tcp-flags SYN SYN -j TCPMSS --clamp-mss-to-pmtu) res=0
11-28 17:38:52.896  3782  3782 I Radio-JNI: register_android_hardware_Radio DONE
11-28 17:38:52.905  3782  3782 I SamplingProfilerIntegration: Profiling disabled.
11-28 17:38:52.905  3782  3782 D Zygote  : begin preload
11-28 17:38:52.905  3782  3782 I Zygote  : Preloading classes...
11-28 17:38:53.012  3782  3782 E Minikin : addFont failed to create font /system/fonts/NanumGothic.ttf
11-28 17:38:53.012  3782  3782 E Minikin : addFont failed to create font /system/fonts/DroidSansFallback.ttf
11-28 17:38:53.023  3782  3782 E Minikin : addFont failed to create font /system/fonts/MTLmr3m.ttf
11-28 17:38:53.079  4034  4034 V lhd     : GlLhdInterface::Init(/system/etc/lhd.conf)
11-28 17:38:53.079  4034  4034 E lhd     : Failed to read config file "/system/etc/lhd.conf"
11-28 17:38:53.079  4034  4034 E lhd     : ASSERT in GlLhdInterface.cpp:145: Failed to parse config file.
11-28 17:38:53.080  4034  4034 F libc    : Fatal signal 6 (SIGABRT), code -6 in tid 4034 (lhd)
11-28 17:38:53.080  3005  3005 I DEBUG   : property debug.db.uid not set; NOT waiting for gdb.
11-28 17:38:53.080  3005  3005 I DEBUG   : HINT: adb shell setprop debug.db.uid 100000
11-28 17:38:53.080  3005  3005 I DEBUG   : HINT: adb forward tcp:5039 tcp:5039
11-28 17:38:53.101  2931  2931 I lowmemorykiller: ActivityManager disconnected
11-28 17:38:53.101  2931  2931 I lowmemorykiller: Closing Activity Manager data connection
11-28 17:38:53.102  3009  3009 E installd: eof
11-28 17:38:53.102  3009  3009 E installd: failed to read size
11-28 17:38:53.102  3009  3009 I installd: closing connection
11-28 17:38:53.102  2932  2932 I ServiceManager: service 'sensorservice' died
11-28 17:38:53.102  2932  2932 I ServiceManager: service 'activity' died
11-28 17:38:53.102  2932  2932 I ServiceManager: service 'procstats' died
11-28 17:38:53.102  2932  2932 I ServiceManager: service 'meminfo' died
11-28 17:38:53.102  2932  2932 I ServiceManager: service 'gfxinfo' died
11-28 17:38:53.102  2932  2932 I ServiceManager: service 'dbinfo' died
11-28 17:38:53.102  2932  2932 I ServiceManager: service 'cpuinfo' died
11-28 17:38:53.102  2932  2932 I ServiceManager: service 'permission' died
11-28 17:38:53.102  2932  2932 I ServiceManager: service 'processinfo' died
11-28 17:38:53.102  2932  2932 I ServiceManager: service 'batterymanager' died
11-28 17:38:53.102  2932  2932 I ServiceManager: service 'usagestats' died
11-28 17:38:53.102  2932  2932 I ServiceManager: service 'webviewupdate' died
11-28 17:38:53.102  2932  2932 I ServiceManager: service 'scheduling_policy' died
11-28 17:38:53.102  2932  2932 I ServiceManager: service 'telephony.registry' died
11-28 17:38:53.102  2932  2932 I ServiceManager: service 'media.camera.proxy' died
11-28 17:38:53.102  2932  2932 I ServiceManager: service 'account' died
11-28 17:38:53.102  2932  2932 I ServiceManager: service 'content' died
11-28 17:38:53.102  2932  2932 I ServiceManager: service 'package' died
11-28 17:38:53.102  2932  2932 I ServiceManager: service 'user' died
11-28 17:38:53.102  2932  2932 I ServiceManager: service 'vibrator' died
11-28 17:38:53.102  2932  2932 I ServiceManager: service 'input_method' died
11-28 17:38:53.102  2932  2932 I ServiceManager: service 'accessibility' died
11-28 17:38:53.102  2932  2932 I ServiceManager: service 'mount' died
11-28 17:38:53.102  2932  2932 I ServiceManager: service 'uimode' died
11-28 17:38:53.102  2932  2932 I ServiceManager: service 'batterystats' died
11-28 17:38:53.102  2932  2932 I ServiceManager: service 'appops' died
11-28 17:38:53.102  2932  2932 I ServiceManager: service 'power' died
11-28 17:38:53.102  2932  2932 I ServiceManager: service 'display' died
11-28 17:38:53.110  3787  3787 E Netd    : cannot find interface dummy0
11-28 17:38:53.110  3787  3787 D MDnsDS  : MDnsSdListener::Hander starting up
11-28 17:38:53.111  3787  4051 D MDnsDS  : MDnsSdListener starting to monitor
11-28 17:38:53.111  3787  4051 D MDnsDS  : Going to poll with pollCount 1
11-28 17:38:53.131  3005  3005 F DEBUG   : *** *** *** *** *** *** *** *** *** *** *** *** *** *** *** ***
11-28 17:38:53.131  3005  3005 F DEBUG   : CM Version: '13.0-20161128-UNOFFICIAL-hero2ltexx'
11-28 17:38:53.131  3005  3005 F DEBUG   : Build fingerprint: 'samsung/cm_hero2ltexx/hero2ltexx:6.0.1/MOB31K/2397aefd48:eng/test-keys'
11-28 17:38:53.131  3005  3005 F DEBUG   : Revision: '0'
11-28 17:38:53.131  3005  3005 F DEBUG   : ABI: 'arm64'
11-28 17:38:53.131  3005  3005 F DEBUG   : pid: 4034, tid: 4034, name: lhd  >>> /system/bin/lhd <<<
11-28 17:38:53.131  3005  3005 F DEBUG   : signal 6 (SIGABRT), code -6 (SI_TKILL), fault addr --------
11-28 17:38:53.133  3005  3005 F DEBUG   :     x0   0000000000000000  x1   0000000000000fc2  x2   0000000000000006  x3   0000000000000000
11-28 17:38:53.133  3005  3005 F DEBUG   :     x4   0000000000000000  x5   0000000000000001  x6   0000000000000000  x7   0000000000000000
11-28 17:38:53.133  3005  3005 F DEBUG   :     x8   0000000000000083  x9   0000007fe3fac0a0  x10  00000000ffffffd8  x11  00000000ffffff80
11-28 17:38:53.133  3005  3005 F DEBUG   :     x12  0000007fa51c6c90  x13  b20f49915a4df55e  x14  b20f49915a4df55e  x15  0000000000000001
11-28 17:38:53.133  3005  3005 F DEBUG   :     x16  0000007fa4d53560  x17  0000007fa4ce4d6c  x18  0000000000000025  x19  0000007fa51730d8
11-28 17:38:53.133  3005  3005 F DEBUG   :     x20  0000007fa5173018  x21  0000000000000002  x22  0000000000000006  x23  0000007fa51a4000
11-28 17:38:53.133  3005  3005 F DEBUG   :     x24  0000007fe3fac698  x25  0000007fa51c9420  x26  0000000000000000  x27  0000000000000000
11-28 17:38:53.133  3005  3005 F DEBUG   :     x28  0000000000000000  x29  0000007fe3fac170  x30  0000007fa4ce2508
11-28 17:38:53.133  3005  3005 F DEBUG   :     sp   0000007fe3fac170  pc   0000007fa4ce4d74  pstate 0000000020000000
11-28 17:38:53.136  3005  3005 F DEBUG   : 
11-28 17:38:53.136  3005  3005 F DEBUG   : backtrace:
11-28 17:38:53.136  3005  3005 F DEBUG   :     #00 pc 0000000000069d74  /system/lib64/libc.so (tgkill+8)
11-28 17:38:53.136  3005  3005 F DEBUG   :     #01 pc 0000000000067504  /system/lib64/libc.so (pthread_kill+68)
11-28 17:38:53.136  3005  3005 F DEBUG   :     #02 pc 0000000000023448  /system/lib64/libc.so (raise+28)
11-28 17:38:53.136  3005  3005 F DEBUG   :     #03 pc 000000000001dbe8  /system/lib64/libc.so (abort+60)
11-28 17:38:53.136  3005  3005 F DEBUG   :     #04 pc 000000000000b9a8  /system/bin/lhd
11-28 17:38:53.136  3005  3005 F DEBUG   :     #05 pc 000000000000ba48  /system/bin/lhd
11-28 17:38:53.136  3005  3005 F DEBUG   :     #06 pc 000000000000c42c  /system/bin/lhd
11-28 17:38:53.136  3005  3005 F DEBUG   :     #07 pc 000000000000c6d8  /system/bin/lhd
11-28 17:38:53.136  3005  3005 F DEBUG   :     #08 pc 0000000000009a4c  /system/bin/lhd (main+64)
11-28 17:38:53.136  3005  3005 F DEBUG   :     #09 pc 000000000001bcd8  /system/lib64/libc.so (__libc_init+100)
11-28 17:38:53.136  3005  3005 F DEBUG   :     #10 pc 0000000000009df0  /system/bin/lhd
11-28 17:38:53.140  3782  3782 V DngCreator_JNI: DngCreator_nativeClassInit:
11-28 17:38:53.337  3782  3782 I art     : Thread[1,tid=3782,Native,Thread*=0x7fa183ba00,peer=0x12c2d100,"main"] recursive attempt to load library "/system/lib64/libmedia_jni.so"
11-28 17:38:53.337  3782  3782 D MtpDeviceJNI: register_android_mtp_MtpDevice
11-28 17:38:53.337  3782  3782 I art     : Thread[1,tid=3782,Native,Thread*=0x7fa183ba00,peer=0x12c2d100,"main"] recursive attempt to load library "/system/lib64/libmedia_jni.so"
11-28 17:38:53.338  3782  3782 I art     : Thread[1,tid=3782,Native,Thread*=0x7fa183ba00,peer=0x12c2d100,"main"] recursive attempt to load library "/system/lib64/libmedia_jni.so"
11-28 17:38:53.407  3005  3005 F DEBUG   : 
11-28 17:38:53.407  3005  3005 F DEBUG   : Tombstone written to: /data/tombstones/tombstone_06
11-28 17:38:53.399  4034  4034 W lhd     : type=1701 audit(0.0:620): auid=4294967295 uid=1021 gid=1000 ses=4294967295 exe="/system/bin/lhd" sig=6
11-28 17:38:53.512  3782  3782 W System  : ClassLoader referenced unknown path: /system/framework/tcmclient.jar
11-28 17:38:53.681  3782  3782 I System  : Loaded time zone names for "" in 49ms (48ms in ICU)
11-28 17:38:53.733  3782  3782 I System  : Loaded time zone names for "en_US" in 42ms (39ms in ICU)
11-28 17:38:53.746  3782  3782 I Zygote  : ...preloaded 3831 classes in 840ms.
11-28 17:38:53.746  3782  3782 I art     : VMRuntime.preloadDexCaches starting
11-28 17:38:53.903  3782  3782 I art     : VMRuntime.preloadDexCaches strings total=249480 before=44901 after=44901
11-28 17:38:53.903  3782  3782 I art     : VMRuntime.preloadDexCaches types total=20343 before=6892 after=6923
11-28 17:38:53.903  3782  3782 I art     : VMRuntime.preloadDexCaches fields total=100632 before=36118 after=36550
11-28 17:38:53.903  3782  3782 I art     : VMRuntime.preloadDexCaches methods total=172964 before=71279 after=71806
11-28 17:38:53.903  3782  3782 I art     : VMRuntime.preloadDexCaches finished
11-28 17:38:53.940  4059  4059 D idmap   : error: no read access to /vendor/overlay: No such file or directory
11-28 17:38:53.944  3782  3782 I Zygote  : Preloading resources...
11-28 17:38:55.068  3782  3782 I Zygote  : ...preloaded 342 resources in 1124ms.
11-28 17:38:55.080  3782  3782 I Zygote  : ...preloaded 41 resources in 12ms.
11-28 17:38:55.106  3782  3782 D libEGL  : loaded /vendor/lib64/egl/libGLES_mali.so
11-28 17:38:55.133  3782  3782 I Zygote  : Preloading shared libraries...
11-28 17:38:55.140  3782  3782 D Zygote  : end preload
11-28 17:38:55.140  3782  3782 I art     : Starting a blocking GC Explicit
11-28 17:38:55.174  3782  3782 I art     : Explicit concurrent mark sweep GC freed 11311(456KB) AllocSpace objects, 0(0B) LOS objects, 38% free, 25MB/41MB, paused 191us total 28.062ms
11-28 17:38:55.175  3782  3782 I art     : Starting a blocking GC Explicit
11-28 17:38:55.200  3782  3782 I art     : Explicit concurrent mark sweep GC freed 2483(117KB) AllocSpace objects, 0(0B) LOS objects, 38% free, 25MB/41MB, paused 10.686ms total 25.075ms
11-28 17:38:55.200  3782  3975 I art     : Starting a blocking GC HeapTrim
11-28 17:38:55.209  3782  3782 I art     : Starting a blocking GC Background
11-28 17:38:55.281  3782  3782 I Zygote  : System server process 4062 has been created
11-28 17:38:55.282  3782  3782 I Zygote  : Accepting command socket connections
11-28 17:38:55.302  4062  4062 I Zygote  : Process: zygote socket opened, supported ABIS: armeabi-v7a,armeabi
11-28 17:38:55.304  4062  4062 I InstallerConnection: connecting...
11-28 17:38:55.304  3009  3009 I installd: new connection
11-28 17:38:55.306  4062  4062 I InstallerConnection: disconnecting...
11-28 17:38:55.307  3009  3009 E installd: eof
11-28 17:38:55.307  3009  3009 E installd: failed to read size
11-28 17:38:55.307  3009  3009 I installd: closing connection
11-28 17:38:55.321  4062  4062 I SystemServer: Entered the Android system server!
11-28 17:38:55.387  4062  4062 I SystemServiceManager: Starting com.android.server.pm.Installer
11-28 17:38:55.387  4062  4062 I Installer: Waiting for installd to be ready.
11-28 17:38:55.388  4062  4062 I InstallerConnection: connecting...
11-28 17:38:55.388  3009  3009 I installd: new connection
11-28 17:38:55.388  4062  4062 I SystemServiceManager: Starting com.android.server.am.ActivityManagerService$Lifecycle
11-28 17:38:55.409  4062  4062 I ActivityManager: choosing minFree values for 64 Bit
11-28 17:38:55.409  4062  4062 I ActivityManager: choosing minFree values for 64 Bit
11-28 17:38:55.409  4062  4062 I ActivityManager: choosing minFree values for 64 Bit
11-28 17:38:55.409  4062  4062 I ActivityManager: choosing minFree values for 64 Bit
11-28 17:38:55.409  4062  4062 I ActivityManager: choosing minFree values for 64 Bit
11-28 17:38:55.409  4062  4062 I ActivityManager: choosing minFree values for 64 Bit
11-28 17:38:55.412  4062  4062 I ActivityManager: Memory class: 288
11-28 17:38:55.416  4062  4076 I ServiceThread: Enabled StrictMode logging for ActivityManager looper.
11-28 17:38:55.419  4062  4077 I ServiceThread: Enabled StrictMode logging for android.ui looper.
11-28 17:38:55.440  4062  4062 D BatteryStatsImpl: Reading daily items from /data/system/batterystats-daily.xml
11-28 17:38:55.446  4062  4062 I AppOps  : No existing app ops /data/system/appops.xml; starting empty
11-28 17:38:55.545  4062  4062 I IntentFirewall: Read new rules (A:0 B:0 S:0)
11-28 17:38:55.553  4062  4081 I ServiceThread: Enabled StrictMode logging for android.display looper.
11-28 17:38:55.558  4062  4062 D AppOps  : AppOpsService published
11-28 17:38:55.558  4062  4062 I SystemServiceManager: Starting com.android.server.power.PowerManagerService
11-28 17:38:55.560  4062  4083 I ServiceThread: Enabled StrictMode logging for PowerManagerService looper.
11-28 17:38:55.572  4062  4062 W libsuspend: Error writing 'on' to /sys/power/state: Invalid argument
11-28 17:38:55.572  4062  4062 I libsuspend: Selected wakeup count
11-28 17:38:55.575  4062  4062 I SystemServiceManager: Starting com.android.server.lights.LightsService
11-28 17:38:55.576  4062  4062 I SystemServiceManager: Starting com.android.server.display.DisplayManagerService
11-28 17:38:55.584  2933  2995 E SurfaceFlinger: getDefaultDisplay: id=2 is not a valid default display id
11-28 17:38:55.587  4062  4081 I DisplayManagerService: Display device added: DisplayDeviceInfo{"Built-in Screen": uniqueId="local:0", 1440 x 2560, modeId 1, defaultModeId 1, supportedModes [{id=1, width=1440, height=2560, fps=59.312}], colorTransformId 1, defaultColorTransformId 1, supportedColorTransforms [{id=1, colorTransform=0}], density 640, 537.8823 x 532.9836 dpi, appVsyncOff 0, presDeadline 17859994, touch INTERNAL, rotation 0, type BUILT_IN, state UNKNOWN, FLAG_DEFAULT_DISPLAY, FLAG_ROTATES_WITH_CONTENT, FLAG_SECURE, FLAG_SUPPORTS_PROTECTED_BUFFERS}
11-28 17:38:55.588  2933  2933 D SurfaceFlinger: Set power mode=2, type=0 flinger=0x7f8cb83c00
11-28 17:38:55.588  2933  2933 D SurfaceFlinger: Screen type=0 is already mode=2
11-28 17:38:55.588  4062  4062 I SystemServiceManager: Starting phase 100
11-28 17:38:55.590  4062  4081 I DisplayManagerService: Display device changed state: "Built-in Screen", ON
11-28 17:38:55.590  4062  4062 I SystemServer: Package Manager
11-28 17:38:55.606  4062  4062 W SELinuxMMAC: Error opening /data/system/seapp_hash. Assuming first boot.
11-28 17:38:55.694  4062  4062 D SELinuxMMAC: Using policy file /system/etc/security/mac_permissions.xml
11-28 17:38:55.910  4062  4062 E art     : DexFile_getDexOptNeeded file '/system/framework/org.apache.http.legacy.jar' does not exist
11-28 17:38:55.910  4062  4062 W PackageManager: Library not found: /system/framework/org.apache.http.legacy.jar
11-28 17:38:55.910  4062  4062 E art     : DexFile_getDexOptNeeded file '/system/framework/com.android.nfc_extras.jar' does not exist
11-28 17:38:55.910  4062  4062 W PackageManager: Library not found: /system/framework/com.android.nfc_extras.jar
11-28 17:38:55.914  4062  4062 E art     : DexFile_getDexOptNeeded file '/system/framework/org.apache.http.legacy.jar' does not exist
11-28 17:38:55.914  4062  4062 W PackageManager: Library not found: /system/framework/org.apache.http.legacy.jar
11-28 17:38:55.914  4062  4062 E art     : DexFile_getDexOptNeeded file '/system/framework/com.android.nfc_extras.jar' does not exist
11-28 17:38:55.914  4062  4062 W PackageManager: Library not found: /system/framework/com.android.nfc_extras.jar
11-28 17:38:55.956  4062  4062 D PackageManager: No files in app dir /vendor/overlay
11-28 17:38:55.957  4062  4062 D PackageManager: start scanDirLI:/system/framework
11-28 17:38:55.957  4062  4062 D PackageManager: max thread:6
11-28 17:38:55.982  4062  4090 W PackageManager: Failed to parse /system/framework/arm64: Missing base APK in /system/framework/arm64
11-28 17:38:55.984  4062  4092 W PackageManager: Failed to parse /system/framework/oat: Missing base APK in /system/framework/oat
11-28 17:38:55.990  4062  4089 W PackageManager: Failed to parse /system/framework/arm: Missing base APK in /system/framework/arm
11-28 17:38:56.044  4062  4093 I PackageManager: SELinux relabeling of cyanogenmod.platform issued.
11-28 17:38:56.058  4062  4093 W PackageManager: Permission cyanogenmod.permission.WRITE_ALARMS from package cyanogenmod.platform in an unknown group android.permission-group.SYSTEM_CLOCK
11-28 17:38:56.058  4062  4093 W PackageManager: Permission cyanogenmod.permission.MANAGE_ALARMS from package cyanogenmod.platform in an unknown group android.permission-group.SYSTEM_CLOCK
11-28 17:38:56.058  4062  4093 W PackageManager: Permission cyanogenmod.permission.READ_ALARMS from package cyanogenmod.platform in an unknown group android.permission-group.SYSTEM_CLOCK
11-28 17:38:56.453  4062  4091 W PackageManager: Permission android.permission.SET_KEYGUARD_WALLPAPER from package android in an unknown group android.permission-group.WALLPAPER
11-28 17:38:56.453  4062  4091 W PackageManager: Permission android.permission.MODIFY_PROTECTED_SMS_LIST from package android in an unknown group android.permission-group.MESSAGES
11-28 17:38:56.453  4062  4091 W PackageManager: Permission android.permission.RECEIVE_PROTECTED_SMS from package android in an unknown group android.permission-group.MESSAGES
11-28 17:38:56.453  4062  4091 W PackageManager: Permission android.permission.RESET_BATTERY_STATS from package android in an unknown group android.permission-group.SYSTEM_TOOLS
11-28 17:38:56.454  4062  4062 D PackageManager: end scanDirLI:/system/framework
11-28 17:38:56.455  4062  4062 D PackageManager: start scanDirLI:/system/priv-app
11-28 17:38:56.455  4062  4062 D PackageManager: max thread:6
11-28 17:38:56.488  4062  4090 I PackageManager: SELinux relabeling of com.android.backupconfirm issued.
