11-28 17:45:19.693  4355  4355 W PackageManager: Not granting permission android.permission.REAL_GET_TASKS to package com.cyanogenmod.eleven (protectionLevel=18 flags=0x3818be65)
11-28 17:45:19.694  4355  4355 W PackageManager: Unknown permission com.google.android.gallery3d.permission.GALLERY_PROVIDER in package com.android.bluetooth
11-28 17:45:19.695  4355  4355 W PackageManager: Unknown permission com.google.android.googleapps.permission.ACCESS_GOOGLE_PASSWORD in package com.android.development
11-28 17:45:19.695  4355  4355 W PackageManager: Unknown permission com.google.android.googleapps.permission.GOOGLE_AUTH in package com.android.development
11-28 17:45:19.695  4355  4355 W PackageManager: Unknown permission com.google.android.googleapps.permission.GOOGLE_AUTH.ALL_SERVICES in package com.android.development
11-28 17:45:19.695  4355  4355 W PackageManager: Unknown permission com.google.android.googleapps.permission.GOOGLE_AUTH.YouTubeUser in package com.android.development
11-28 17:45:19.695  4355  4355 V PackageManager: Disabling com.google.android.gsf/com.google.android.gsf.update.SystemUpdateActivity
11-28 17:45:19.695  4355  4355 W PackageManager: Unable to disable com.google.android.gsf/com.google.android.gsf.update.SystemUpdateActivity
11-28 17:45:19.695  4355  4355 V PackageManager: Disabling com.google.android.gsf/com.google.android.gsf.update.SystemUpdateService$Receiver
11-28 17:45:19.695  4355  4355 W PackageManager: Unable to disable com.google.android.gsf/com.google.android.gsf.update.SystemUpdateService$Receiver
11-28 17:45:19.695  4355  4355 V PackageManager: Disabling com.google.android.gsf/com.google.android.gsf.update.SystemUpdateService$SecretCodeReceiver
11-28 17:45:19.696  4355  4355 W PackageManager: Unable to disable com.google.android.gsf/com.google.android.gsf.update.SystemUpdateService$SecretCodeReceiver
11-28 17:45:19.696  4355  4355 V PackageManager: Disabling com.google.android.gms/com.google.android.gms.update.SystemUpdateActivity
11-28 17:45:19.696  4355  4355 W PackageManager: Unable to disable com.google.android.gms/com.google.android.gms.update.SystemUpdateActivity
11-28 17:45:19.696  4355  4355 V PackageManager: Disabling com.google.android.gms/com.google.android.gms.update.SystemUpdateService$Receiver
11-28 17:45:19.696  4355  4355 W PackageManager: Unable to disable com.google.android.gms/com.google.android.gms.update.SystemUpdateService$Receiver
11-28 17:45:19.696  4355  4355 V PackageManager: Disabling com.google.android.gms/com.google.android.gms.update.SystemUpdateService$ActiveReceiver
11-28 17:45:19.696  4355  4355 W PackageManager: Unable to disable com.google.android.gms/com.google.android.gms.update.SystemUpdateService$ActiveReceiver
11-28 17:45:19.696  4355  4355 V PackageManager: Disabling com.google.android.gms/com.google.android.gms.update.SystemUpdateService$SecretCodeReceiver
11-28 17:45:19.696  4355  4355 W PackageManager: Unable to disable com.google.android.gms/com.google.android.gms.update.SystemUpdateService$SecretCodeReceiver
11-28 17:45:19.696  4355  4355 V PackageManager: Enabling com.google.android.gsf/com.google.android.gsf.update.SystemUpdateService
11-28 17:45:19.696  4355  4355 W PackageManager: Unable to enable com.google.android.gsf/com.google.android.gsf.update.SystemUpdateService
11-28 17:45:19.696  4355  4355 V PackageManager: Enabling com.google.android.gms/com.google.android.gms.update.SystemUpdateService
11-28 17:45:19.696  4355  4355 W PackageManager: Unable to enable com.google.android.gms/com.google.android.gms.update.SystemUpdateService
11-28 17:45:19.834  4355  4355 I art     : Starting a blocking GC Explicit
11-28 17:45:19.920  4355  4355 I art     : Explicit concurrent mark sweep GC freed 95515(5MB) AllocSpace objects, 9(1268KB) LOS objects, 33% free, 27MB/41MB, paused 1.124ms total 84.489ms
11-28 17:45:19.925  4355  4355 I SystemServer: User Service
11-28 17:45:19.951  2932  2932 I lowmemorykiller: ActivityManager connected
11-28 17:45:19.954  4355  4355 I SystemServiceManager: Starting com.android.server.BatteryService
11-28 17:45:19.961  4355  4399 I         : System server: starting sensor init.
11-28 17:45:19.962  4355  4399 D SensorService: nuSensorService starting...
11-28 17:45:19.964  4355  4399 I Sensors : getName:gyro_sensor name = K6DS3TR.
11-28 17:45:19.965  4355  4399 I Sensors : Proximity old sensor_state 0, new sensor_state : 128 en : 1
11-28 17:45:19.986  4355  4355 I SystemServiceManager: Starting com.android.server.usage.UsageStatsService
11-28 17:45:20.025  4355  4399 I Sensors : Light old sensor_state 128, new sensor_state : 640 en : 1
11-28 17:45:20.031  4355  4399 I Sensors : Light_IR old sensor_state 640, new sensor_state : 16777856 en : 1
11-28 17:45:20.031  4355  4399 E Sensors : Light_IR_Sensor write failed. ret = -1, sensor_state = 16777856
11-28 17:45:20.032  4355  4399 I Sensors : SigMotionSensor old sensor_state 640, new sensor_state : 17024 en : 1
11-28 17:45:20.037  4355  4399 I Sensors : getName:gyro_sensor name = K6DS3TR.
11-28 17:45:20.038  4355  4399 I Sensors : StepCounterSensor old sensor_state 17024, new sensor_state : 279168 en : 1
11-28 17:45:20.038  4355  4399 E Sensors : StepCounterSensor write failed. ret = -1, sensor_state = 279168
11-28 17:45:20.039  4355  4399 I Sensors : Int.Gyro old sensor_state 17024, new sensor_state : 33571456 en : 1
11-28 17:45:20.039  4355  4399 E Sensors : Int.GyroSensor write failed. ret = -1, sensor_state = 33571456
11-28 17:45:20.039  4355  4399 I Sensors : getName:gyro_sensor name = K6DS3TR.
11-28 17:45:20.039  4355  4399 I Sensors : HrmSpO2Sensor:: part type = 12.
11-28 17:45:20.039  4355  4399 D Sensors : HrmSpO2Sensor::type:12, prox threshold:10000
11-28 17:45:20.039  4355  4399 D Sensors : HrmSpO2Sensor::handle:0 ,en:1
11-28 17:45:20.093  4355  4399 E Sensors : HrmSpO2Sensor::Error MAXIM Flicker Library...handle=0x0
11-28 17:45:20.093  4355  4399 D Sensors : HrmSpO2Sensor::HrmSpO2Sensor: Shared version Registered
11-28 17:45:20.093  4355  4399 D Sensors : HrmLedSensor enable: mEnabled 0, handle 20, en 1
11-28 17:45:20.093  4355  4399 D Sensors : HRMSensor led enabled:1, en:1
11-28 17:45:20.095  4355  4355 I UsageStatsService: User[0] Rollover scheduled @ 2016-11-29 00:00:00(1480377600000)
11-28 17:45:20.098  4355  4355 I SystemServiceManager: Starting com.android.server.webkit.WebViewUpdateService
11-28 17:45:20.101  4355  4399 I Sensors : getVendor:hrm_sensor vendor = MAXIM.
11-28 17:45:20.101  4355  4399 I Sensors : HrmLedSensor: HrmLedSensor vendor = MAXIM.
11-28 17:45:20.101  4355  4399 D Sensors : HRMSensor_LED::libhr open start!! 
11-28 17:45:20.101  4355  4399 E Sensors : HRMSensor_LED::libhr open failed 
11-28 17:45:20.101  4355  4399 E Sensors : GripSensor: enable
11-28 17:45:20.102  4355  4355 I SystemServer: Reading configuration...
11-28 17:45:20.102  4355  4355 I SystemServer: Scheduling Policy
11-28 17:45:20.103  4355  4355 I SystemServiceManager: Starting com.android.server.telecom.TelecomLoaderService
11-28 17:45:20.104  4355  4355 I SystemServer: Telephony Registry
11-28 17:45:20.108  4355  4355 I SystemServer: Entropy Mixer
11-28 17:45:20.131  4355  4399 I Sensors : Proximity old sensor_state 17024, new sensor_state : 16896 en : 0
11-28 17:45:20.131  4355  4399 I Sensors : Light old sensor_state 16896, new sensor_state : 16384 en : 0
11-28 17:45:20.131  4355  4399 I Sensors : SigMotionSensor old sensor_state 16384, new sensor_state : 0 en : 0
11-28 17:45:20.131  4355  4399 E Sensors : GripSensor: enable
11-28 17:45:20.131  4355  4399 D Sensors : HrmSpO2Sensor::handle:19 ,en:0
11-28 17:45:20.131  4355  4399 D Sensors : HrmSpO2Sensor::isEnabled:0 ,en:0, mEn:0
11-28 17:45:20.131  4355  4399 D Sensors : HrmSpO2Sensor::handle:28 ,en:0
11-28 17:45:20.131  4355  4399 D Sensors : HrmSpO2Sensor::isEnabled:0 ,en:0, mEn:0
11-28 17:45:20.132  4355  4399 D Sensors : HrmLedSensor enable: mEnabled 1, handle 20, en 0
11-28 17:45:20.132  4355  4399 D Sensors : HRMSensor_LED::enable 
11-28 17:45:20.132  4355  4399 D Sensors : HRMSensor led enabled:0, en:0
11-28 17:45:20.133  4355  4399 D Sensors : HrmLedSensor enable: mEnabled 0, handle 21, en 0
11-28 17:45:20.133  4355  4399 D Sensors : HrmLedSensor isEnabled:0 ,en:0
11-28 17:45:20.133  4355  4399 D Sensors : HrmSpO2Sensor::handle:18 ,en:0
11-28 17:45:20.133  4355  4399 D Sensors : HrmSpO2Sensor::isEnabled:0 ,en:0, mEn:0
11-28 17:45:20.134  4355  4399 I         : System server: sensor init done.
11-28 17:45:20.135  4355  4400 D SensorService: new thread SensorEventAckReceiver
11-28 17:45:20.136  4355  4401 D SensorService: nuSensorService thread starting...
11-28 17:45:20.171  4355  4355 I EntropyMixer: Added HW RNG output to entropy pool
11-28 17:45:20.171  4355  4355 I EntropyMixer: Writing entropy...
11-28 17:45:20.189  4355  4355 I SystemServer: Camera Service
11-28 17:45:20.190  4355  4355 I SystemServiceManager: Starting com.android.server.camera.CameraService
11-28 17:45:20.193  4355  4402 I ServiceThread: Enabled StrictMode logging for CameraService_proxy looper.
11-28 17:45:20.194  4355  4355 I SystemServer: Account Manager
11-28 17:45:20.198  4355  4355 I SystemServer: Content Manager
11-28 17:45:20.199  4355  4355 I SystemServer: System Content Providers
11-28 17:45:20.204  4355  4355 W System  : ClassLoader referenced unknown path: /system/priv-app/CMSettingsProvider/lib/arm64
11-28 17:45:20.236  4355  4355 W System  : ClassLoader referenced unknown path: /system/priv-app/SettingsProvider/lib/arm64
11-28 17:45:20.290  4355  4355 I SystemServer: Vibrator Service
11-28 17:45:20.297  4355  4355 I SystemServer: Consumer IR Service
11-28 17:45:20.297  4355  4355 E ConsumerIrService: Can't open consumer IR HW Module, error: -2
11-28 17:45:20.298  4355  4355 E System  : ******************************************
11-28 17:45:20.298  4355  4355 E System  : ************ Failure starting core service
11-28 17:45:20.298  4355  4355 E System  : java.lang.RuntimeException: FEATURE_CONSUMER_IR present, but no IR HAL loaded!
11-28 17:45:20.298  4355  4355 E System  : 	at com.android.server.ConsumerIrService.<init>(ConsumerIrService.java:51)
11-28 17:45:20.298  4355  4355 E System  : 	at com.android.server.SystemServer.startOtherServices(SystemServer.java:509)
11-28 17:45:20.298  4355  4355 E System  : 	at com.android.server.SystemServer.run(SystemServer.java:291)
11-28 17:45:20.298  4355  4355 E System  : 	at com.android.server.SystemServer.main(SystemServer.java:176)
11-28 17:45:20.298  4355  4355 E System  : 	at java.lang.reflect.Method.invoke(Native Method)
11-28 17:45:20.298  4355  4355 E System  : 	at com.android.internal.os.ZygoteInit$MethodAndArgsCaller.run(ZygoteInit.java:726)
11-28 17:45:20.298  4355  4355 E System  : 	at com.android.internal.os.ZygoteInit.main(ZygoteInit.java:616)
11-28 17:45:20.299  4355  4355 I SystemServer: Input Method Service
11-28 17:45:20.344  4355  4370 I SyncManager: No initial statistics
11-28 17:45:20.401  4355  4355 W InputMethodManagerService: No IME selected. Choose the most applicable IME.
11-28 17:45:20.401  4355  4355 I InputMethodManagerService: Default found, using com.android.inputmethod.latin/.LatinIME
11-28 17:45:20.407  4355  4355 I SystemServer: Accessibility Manager
11-28 17:45:20.411  4355  4355 W SystemServer: ***********************************************
11-28 17:45:20.412  4355  4355 E SystemServer: BOOT FAILURE making display ready
11-28 17:45:20.412  4355  4355 E SystemServer: java.lang.NullPointerException: Attempt to invoke virtual method 'void com.android.server.wm.WindowManagerService.displayReady()' on a null object reference
11-28 17:45:20.412  4355  4355 E SystemServer: 	at com.android.server.SystemServer.startOtherServices(SystemServer.java:591)
11-28 17:45:20.412  4355  4355 E SystemServer: 	at com.android.server.SystemServer.run(SystemServer.java:291)
11-28 17:45:20.412  4355  4355 E SystemServer: 	at com.android.server.SystemServer.main(SystemServer.java:176)
11-28 17:45:20.412  4355  4355 E SystemServer: 	at java.lang.reflect.Method.invoke(Native Method)
11-28 17:45:20.412  4355  4355 E SystemServer: 	at com.android.internal.os.ZygoteInit$MethodAndArgsCaller.run(ZygoteInit.java:726)
11-28 17:45:20.412  4355  4355 E SystemServer: 	at com.android.internal.os.ZygoteInit.main(ZygoteInit.java:616)
11-28 17:45:20.413  4355  4355 I SystemServiceManager: Starting com.android.server.MountService$Lifecycle
11-28 17:45:20.434  4355  4355 I SystemServiceManager: Starting com.android.server.UiModeManagerService
11-28 17:45:20.437  4355  4355 I ActivityManager: Config changes=200 {1.0 ?mcc?mnc en_US ldltr ?swdp ?wdp ?hdp ?density ?lsize ?long ?orien ?touch ?keyb/?/? ?nav/? s.2 themeResource=null}
11-28 17:45:20.440  4355  4355 E System  : ******************************************
11-28 17:45:20.440  4355  4355 E System  : ************ Failure starting system services
11-28 17:45:20.440  4355  4355 E System  : java.lang.NullPointerException: Attempt to invoke virtual method 'void com.android.server.wm.WindowManagerService.updateBootProgress(int, android.content.pm.ApplicationInfo, int, int, boolean)' on a null object reference
11-28 17:45:20.440  4355  4355 E System  : 	at com.android.server.am.ActivityManagerService.updateBootProgress(ActivityManagerService.java:6581)
11-28 17:45:20.440  4355  4355 E System  : 	at com.android.server.SystemServer.startOtherServices(SystemServer.java:624)
11-28 17:45:20.440  4355  4355 E System  : 	at com.android.server.SystemServer.run(SystemServer.java:291)
11-28 17:45:20.440  4355  4355 E System  : 	at com.android.server.SystemServer.main(SystemServer.java:176)
11-28 17:45:20.440  4355  4355 E System  : 	at java.lang.reflect.Method.invoke(Native Method)
11-28 17:45:20.440  4355  4355 E System  : 	at com.android.internal.os.ZygoteInit$MethodAndArgsCaller.run(ZygoteInit.java:726)
11-28 17:45:20.440  4355  4355 E System  : 	at com.android.internal.os.ZygoteInit.main(ZygoteInit.java:616)
11-28 17:45:20.440  4355  4355 D AndroidRuntime: Shutting down VM
11-28 17:45:20.441  4355  4355 E AndroidRuntime: *** FATAL EXCEPTION IN SYSTEM PROCESS: main
11-28 17:45:20.441  4355  4355 E AndroidRuntime: java.lang.NullPointerException: Attempt to invoke virtual method 'void com.android.server.wm.WindowManagerService.updateBootProgress(int, android.content.pm.ApplicationInfo, int, int, boolean)' on a null object reference
11-28 17:45:20.441  4355  4355 E AndroidRuntime: 	at com.android.server.am.ActivityManagerService.updateBootProgress(ActivityManagerService.java:6581)
11-28 17:45:20.441  4355  4355 E AndroidRuntime: 	at com.android.server.SystemServer.startOtherServices(SystemServer.java:624)
11-28 17:45:20.441  4355  4355 E AndroidRuntime: 	at com.android.server.SystemServer.run(SystemServer.java:291)
11-28 17:45:20.441  4355  4355 E AndroidRuntime: 	at com.android.server.SystemServer.main(SystemServer.java:176)
11-28 17:45:20.441  4355  4355 E AndroidRuntime: 	at java.lang.reflect.Method.invoke(Native Method)
11-28 17:45:20.441  4355  4355 E AndroidRuntime: 	at com.android.internal.os.ZygoteInit$MethodAndArgsCaller.run(ZygoteInit.java:726)
11-28 17:45:20.441  4355  4355 E AndroidRuntime: 	at com.android.internal.os.ZygoteInit.main(ZygoteInit.java:616)
11-28 17:45:20.443  4355  4355 I Process : Sending signal. PID: 4355 SIG: 9
11-28 17:45:20.498  3009  3009 E installd: eof
11-28 17:45:20.498  3009  3009 E installd: failed to read size
11-28 17:45:20.498  3009  3009 I installd: closing connection
11-28 17:45:20.499  2933  2933 I ServiceManager: service 'sensorservice' died
11-28 17:45:20.499  2933  2933 I ServiceManager: service 'procstats' died
11-28 17:45:20.499  2933  2933 I ServiceManager: service 'meminfo' died
11-28 17:45:20.499  2933  2933 I ServiceManager: service 'gfxinfo' died
11-28 17:45:20.499  2933  2933 I ServiceManager: service 'dbinfo' died
11-28 17:45:20.499  2933  2933 I ServiceManager: service 'cpuinfo' died
11-28 17:45:20.499  2933  2933 I ServiceManager: service 'permission' died
11-28 17:45:20.499  2933  2933 I ServiceManager: service 'processinfo' died
11-28 17:45:20.499  2933  2933 I ServiceManager: service 'batterymanager' died
11-28 17:45:20.499  2933  2933 I ServiceManager: service 'usagestats' died
11-28 17:45:20.499  2933  2933 I ServiceManager: service 'webviewupdate' died
11-28 17:45:20.499  2933  2933 I ServiceManager: service 'scheduling_policy' died
11-28 17:45:20.499  2933  2933 I ServiceManager: service 'telephony.registry' died
11-28 17:45:20.499  2933  2933 I ServiceManager: service 'media.camera.proxy' died
11-28 17:45:20.499  2933  2933 I ServiceManager: service 'account' died
11-28 17:45:20.499  2933  2933 I ServiceManager: service 'content' died
11-28 17:45:20.499  2933  2933 I ServiceManager: service 'package' died
11-28 17:45:20.499  2933  2933 I ServiceManager: service 'user' died
11-28 17:45:20.499  2933  2933 I ServiceManager: service 'activity' died
11-28 17:45:20.499  2933  2933 I ServiceManager: service 'vibrator' died
11-28 17:45:20.499  2933  2933 I ServiceManager: service 'input_method' died
11-28 17:45:20.499  2933  2933 I ServiceManager: service 'accessibility' died
11-28 17:45:20.499  2933  2933 I ServiceManager: service 'mount' died
11-28 17:45:20.499  2933  2933 I ServiceManager: service 'uimode' died
11-28 17:45:20.499  2933  2933 I ServiceManager: service 'batterystats' died
11-28 17:45:20.499  2933  2933 I ServiceManager: service 'appops' died
11-28 17:45:20.499  2933  2933 I ServiceManager: service 'power' died
11-28 17:45:20.499  2933  2933 I ServiceManager: service 'display' died
11-28 17:45:20.500  2932  2932 I lowmemorykiller: ActivityManager disconnected
11-28 17:45:20.500  2932  2932 I lowmemorykiller: Closing Activity Manager data connection
11-28 17:45:21.290  4078  4078 E Zygote  : Exit zygote because system server (4355) has terminated
11-28 17:45:21.329  2933  2933 I ServiceManager: service 'media.radio' died
11-28 17:45:21.329  2933  2933 I ServiceManager: service 'media.sound_trigger_hw' died
11-28 17:45:21.329  2933  2933 I ServiceManager: service 'media.audio_flinger' died
11-28 17:45:21.329  2933  2933 I ServiceManager: service 'media.player' died
11-28 17:45:21.329  2933  2933 I ServiceManager: service 'media.resource_manager' died
11-28 17:45:21.329  2933  2933 I ServiceManager: service 'media.camera' died
11-28 17:45:21.330  2933  2933 I ServiceManager: service 'media.audio_policy' died
11-28 17:45:21.421  4414  4414 I Netd    : Netd 1.0 starting
11-28 17:45:21.421  4414  4414 I QtiConnectivityAdapter: Failed to open libconnctrl, some features may not be present.
11-28 17:45:21.421  4414  4414 D TetherController: Setting IP forward enable = 0
11-28 17:45:21.409  3338  3338 W auditd  : type=1325 audit(0.0:851): table=filter family=2 entries=52
11-28 17:45:21.409  3338  3338 W auditd  : type=1320 audit(0.0:851): 
11-28 17:45:21.419  3338  3338 W auditd  : type=1325 audit(0.0:852): table=filter family=10 entries=55
11-28 17:45:21.419  3338  3338 W auditd  : type=1320 audit(0.0:852): 
11-28 17:45:21.429  3338  3338 W auditd  : type=1325 audit(0.0:853): table=filter family=2 entries=51
11-28 17:45:21.429  3338  3338 W auditd  : type=1320 audit(0.0:853): 
11-28 17:45:21.439  3338  3338 W auditd  : type=1325 audit(0.0:854): table=filter family=10 entries=54
11-28 17:45:21.439  3338  3338 W auditd  : type=1320 audit(0.0:854): 
11-28 17:45:21.449  3338  3338 W auditd  : type=1325 audit(0.0:855): table=filter family=2 entries=50
11-28 17:45:21.449  3338  3338 W auditd  : type=1320 audit(0.0:855): 
11-28 17:45:21.482  4413  4413 V MediaUtils: physMem: 3748511744
11-28 17:45:21.482  4413  4413 V MediaUtils: requested limit: 2436532605
11-28 17:45:21.482  4413  4413 V MediaUtils: actual limit: 2436532605
11-28 17:45:21.482  4413  4413 V MediaUtils: original limits: 4294967295/4294967295
11-28 17:45:21.482  4413  4413 V MediaUtils: new limits: 2436532605/4294967295
11-28 17:45:21.483  4413  4413 I mediaserver: ServiceManager: 0xf684e120
11-28 17:45:21.483  4413  4413 I AudioFlinger: Using default 3000 mSec as standby time.
11-28 17:45:21.483  4413  4413 E BatteryNotifier: batterystats service unavailable!
11-28 17:45:21.483  4413  4413 E BatteryNotifier: batterystats service unavailable!
11-28 17:45:21.484  4413  4413 I CameraService: CameraService started (pid=4413)
11-28 17:45:21.484  4413  4413 I CameraService: CameraService process starting
11-28 17:45:21.484  4413  4413 E BatteryNotifier: batterystats service unavailable!
11-28 17:45:21.484  4413  4413 E BatteryNotifier: batterystats service unavailable!
11-28 17:45:21.484  4413  4413 E CameraService: Could not load camera HAL module: -2 (No such file or directory)
11-28 17:45:21.484  4413  4413 I AudioPolicyService: AudioPolicyService CSTOR in new mode
11-28 17:45:21.484  4413  4413 I APM::ConfigParsingUtils: loadAudioPolicyConfig() loaded /system/etc/audio_policy.conf
11-28 17:45:21.459  3338  3338 W auditd  : type=1325 audit(0.0:856): table=filter family=10 entries=53
11-28 17:45:21.459  3338  3338 W auditd  : type=1320 audit(0.0:856): 
11-28 17:45:21.469  3338  3338 W auditd  : type=1325 audit(0.0:857): table=filter family=2 entries=48
11-28 17:45:21.469  3338  3338 W auditd  : type=1320 audit(0.0:857): 
11-28 17:45:21.479  3338  3338 W auditd  : type=1325 audit(0.0:858): table=filter family=10 entries=51
11-28 17:45:21.479  3338  3338 W auditd  : type=1320 audit(0.0:858): 
11-28 17:45:21.489  3338  3338 W auditd  : type=1325 audit(0.0:859): table=filter family=2 entries=50
11-28 17:45:21.489  3338  3338 W auditd  : type=1320 audit(0.0:859): 
11-28 17:45:21.499  3338  3338 W auditd  : type=1325 audit(0.0:860): table=filter family=10 entries=53
11-28 17:45:21.499  3338  3338 W auditd  : type=1320 audit(0.0:860): 
11-28 17:45:22.009  4413  4413 E audio_route: Failed to open /system/etc/mixer_paths.xml
11-28 17:45:22.014  4413  4413 I AudioFlinger: loadHwModule() Loaded primary audio interface from Samsung audio HW HAL (audio) handle 1
11-28 17:45:22.014  4413  4413 I AudioFlinger: openOutput(), module 1 Device 2, SamplingRate 44100, Format 0x000001, Channels 3, flags 2
11-28 17:45:22.014  4413  4413 I AudioFlinger: AudioStreamOut::open(), mHalFormatIsLinearPcm = 1
11-28 17:45:22.014  4413  4413 I AudioFlinger: HAL output buffer size 256 frames, normal sink buffer size 960 frames
11-28 17:45:22.016  4413  4413 I BufferProvider: found effect "Multichannel Downmix To Stereo" from The Android Open Source Project
11-28 17:45:22.016  4413  4413 E MonoPipe: Failed to fetch local time frequency when constructing a MonoPipe (res = -32).  getNextWriteTimestamp calls will be non-functional
11-28 17:45:22.016  4413  4413 I AudioFlinger: Using module 1 has the primary audio interface
11-28 17:45:22.017  4413  4523 I AudioFlinger: AudioFlinger's thread 0xf4d00000 ready to run
11-28 17:45:22.017  4413  4523 V audio_hw_primary: do_out_standby: output standby: 1
11-28 17:45:22.017  4413  4523 V audio_hw_primary: out_set_parameters: key value pairs: routing=2
11-28 17:45:22.017  4413  4523 E AudioFlinger: no wake lock to update!
11-28 17:45:22.018  4413  4413 V audio_hw_primary: adev_open_input_stream: Created resampler converting 48000 -> 16000
11-28 17:45:22.018  4413  4413 V audio_hw_primary: adev_open_input_stream: Requesting input stream with rate: 16000, channels: 0xc
11-28 17:45:22.018  4413  4525 I AudioFlinger: AudioFlinger's thread 0xf4940000 ready to run
11-28 17:45:22.018  4413  4413 I r_submix: adev_open(name=audio_hw_if)
11-28 17:45:22.019  4413  4413 I r_submix: adev_init_check()
11-28 17:45:22.019  4413  4413 I AudioFlinger: loadHwModule() Loaded r_submix audio interface from Wifi Display audio HAL (audio) handle 4
11-28 17:45:22.019  4413  4413 D r_submix: adev_open_input_stream(addr=0)
11-28 17:45:22.019  4413  4413 D r_submix: submix_audio_device_create_pipe_l(addr=0, idx=9)
11-28 17:45:22.019  4413  4413 D r_submix:   now using address 0 for route 9
11-28 17:45:22.019  4413  4526 I AudioFlinger: AudioFlinger's thread 0xf4940000 ready to run
11-28 17:45:22.019  4413  4413 D r_submix: adev_close_input_stream()
11-28 17:45:22.019  4413  4413 D r_submix: submix_audio_device_release_pipe_l(idx=9) addr=0
11-28 17:45:22.019  4413  4413 D r_submix: submix_audio_device_destroy_pipe_l(): pipe destroyed
11-28 17:45:22.019  4413  4413 E SoundTriggerHwService: couldn't load sound trigger module sound_trigger.primary (No such file or directory)
11-28 17:45:22.020  4413  4413 I RadioService: RadioService
11-28 17:45:22.020  4413  4413 I RadioService: onFirstRef
11-28 17:45:22.020  4413  4413 E RadioService: couldn't load radio module radio.primary (No such file or directory)
11-28 17:45:22.178  4412  4412 D AndroidRuntime: >>>>>> START com.android.internal.os.ZygoteInit uid 0 <<<<<<
11-28 17:45:22.193  4412  4412 D AndroidRuntime: CheckJNI is ON
11-28 17:45:22.193  4412  4412 I art     : option[0]=-Xzygote
11-28 17:45:22.193  4412  4412 I art     : option[1]=-Xcheck:jni
11-28 17:45:22.193  4412  4412 I art     : option[2]=-Xstacktracefile:/data/anr/traces.txt
11-28 17:45:22.193  4412  4412 I art     : option[3]=exit
11-28 17:45:22.193  4412  4412 I art     : option[4]=vfprintf
11-28 17:45:22.193  4412  4412 I art     : option[5]=sensitiveThread
11-28 17:45:22.193  4412  4412 I art     : option[6]=-verbose:gc
11-28 17:45:22.193  4412  4412 I art     : option[7]=-Xms8m
11-28 17:45:22.193  4412  4412 I art     : option[8]=-Xmx768m
11-28 17:45:22.193  4412  4412 I art     : option[9]=-XX:HeapGrowthLimit=288m
11-28 17:45:22.193  4412  4412 I art     : option[10]=-XX:HeapMinFree=2m
11-28 17:45:22.194  4412  4412 I art     : option[11]=-XX:HeapMaxFree=8m
11-28 17:45:22.194  4412  4412 I art     : option[12]=-XX:HeapTargetUtilization=0.75
11-28 17:45:22.194  4412  4412 I art     : option[13]=-Xusejit:true
11-28 17:45:22.194  4412  4412 I art     : option[14]=-agentlib:jdwp=transport=dt_android_adb,suspend=n,server=y
11-28 17:45:22.194  4412  4412 I art     : option[15]=-Xlockprofthreshold:500
11-28 17:45:22.194  4412  4412 I art     : option[16]=-Ximage-compiler-option
11-28 17:45:22.194  4412  4412 I art     : option[17]=--runtime-arg
11-28 17:45:22.194  4412  4412 I art     : option[18]=-Ximage-compiler-option
11-28 17:45:22.194  4412  4412 I art     : option[19]=-Xms64m
11-28 17:45:22.194  4412  4412 I art     : option[20]=-Ximage-compiler-option
11-28 17:45:22.194  4412  4412 I art     : option[21]=--runtime-arg
11-28 17:45:22.194  4412  4412 I art     : option[22]=-Ximage-compiler-option
11-28 17:45:22.194  4412  4412 I art     : option[23]=-Xmx64m
11-28 17:45:22.194  4412  4412 I art     : option[24]=-Ximage-compiler-option
11-28 17:45:22.194  4412  4412 I art     : option[25]=--compiler-filter=verify-at-runtime
11-28 17:45:22.194  4412  4412 I art     : option[26]=-Ximage-compiler-option
11-28 17:45:22.194  4412  4412 I art     : option[27]=--image-classes=/system/etc/preloaded-classes
11-28 17:45:22.194  4412  4412 I art     : option[28]=-Xcompiler-option
11-28 17:45:22.194  4412  4412 I art     : option[29]=--runtime-arg
11-28 17:45:22.194  4412  4412 I art     : option[30]=-Xcompiler-option
11-28 17:45:22.194  4412  4412 I art     : option[31]=-Xms64m
11-28 17:45:22.194  4412  4412 I art     : option[32]=-Xcompiler-option
11-28 17:45:22.194  4412  4412 I art     : option[33]=--runtime-arg
11-28 17:45:22.194  4412  4412 I art     : option[34]=-Xcompiler-option
11-28 17:45:22.194  4412  4412 I art     : option[35]=-Xmx512m
11-28 17:45:22.194  4412  4412 I art     : option[36]=-Xcompiler-option
11-28 17:45:22.194  4412  4412 I art     : option[37]=--compiler-filter=verify-at-runtime
11-28 17:45:22.194  4412  4412 I art     : option[38]=-Ximage-compiler-option
11-28 17:45:22.194  4412  4412 I art     : option[39]=--instruction-set-variant=generic
11-28 17:45:22.194  4412  4412 I art     : option[40]=-Xcompiler-option
11-28 17:45:22.194  4412  4412 I art     : option[41]=--instruction-set-variant=generic
11-28 17:45:22.194  4412  4412 I art     : option[42]=-Ximage-compiler-option
11-28 17:45:22.194  4412  4412 I art     : option[43]=--instruction-set-features=default
11-28 17:45:22.194  4412  4412 I art     : option[44]=-Xcompiler-option
11-28 17:45:22.194  4412  4412 I art     : option[45]=--instruction-set-features=default
11-28 17:45:22.194  4412  4412 I art     : option[46]=-Duser.locale=en-US
11-28 17:45:22.194  4412  4412 I art     : option[47]=--cpu-abilist=arm64-v8a,armeabi
11-28 17:45:22.194  4412  4412 I art     : option[48]=-Xfingerprint:samsung/cm_hero2ltexx/hero2ltexx:6.0.1/MOB31K/2397aefd48:eng/test-keys
11-28 17:45:22.291  4412  4412 D ICU     : No timezone override file found: /data/misc/zoneinfo/current/icu/icu_tzdata.dat
11-28 17:45:22.397  4412  4412 I Radio-JNI: register_android_hardware_Radio DONE
11-28 17:45:22.409  4412  4412 I SamplingProfilerIntegration: Profiling disabled.
11-28 17:45:22.409  4412  4412 D Zygote  : begin preload
11-28 17:45:22.409  4412  4412 I Zygote  : Preloading classes...
11-28 17:45:22.419  3338  3338 W auditd  : type=1325 audit(0.0:1018): table=filter family=2 entries=47
11-28 17:45:22.419  3338  3338 W auditd  : type=1320 audit(0.0:1018): 
11-28 17:45:22.429  3338  3338 W auditd  : type=1325 audit(0.0:1019): table=filter family=10 entries=51
11-28 17:45:22.429  3338  3338 W auditd  : type=1320 audit(0.0:1019): 
11-28 17:45:22.439  3338  3338 W auditd  : type=1325 audit(0.0:1020): table=filter family=2 entries=48
11-28 17:45:22.439  3338  3338 W auditd  : type=1320 audit(0.0:1020): 
11-28 17:45:22.459  3338  3338 W auditd  : type=1325 audit(0.0:1021): table=filter family=10 entries=52
11-28 17:45:22.459  3338  3338 W auditd  : type=1320 audit(0.0:1021): 
11-28 17:45:22.489  3338  3338 W auditd  : type=1325 audit(0.0:1022): table=filter family=2 entries=49
11-28 17:45:22.489  3338  3338 W auditd  : type=1320 audit(0.0:1022): 
11-28 17:45:22.499  3338  3338 W auditd  : type=1325 audit(0.0:1023): table=filter family=10 entries=53
11-28 17:45:22.499  3338  3338 W auditd  : type=1320 audit(0.0:1023): 
11-28 17:45:22.519  3338  3338 W auditd  : type=1325 audit(0.0:1024): table=filter family=2 entries=49
11-28 17:45:22.519  3338  3338 W auditd  : type=1320 audit(0.0:1024): 
11-28 17:45:22.561  4412  4412 E Minikin : addFont failed to create font /system/fonts/NanumGothic.ttf
11-28 17:45:22.561  4412  4412 E Minikin : addFont failed to create font /system/fonts/DroidSansFallback.ttf
11-28 17:45:22.561  4412  4412 E Minikin : addFont failed to create font /system/fonts/MTLmr3m.ttf
11-28 17:45:22.529  3338  3338 W auditd  : type=1325 audit(0.0:1025): table=filter family=10 entries=53
11-28 17:45:22.529  3338  3338 W auditd  : type=1320 audit(0.0:1025): 
11-28 17:45:22.539  3338  3338 W auditd  : type=1325 audit(0.0:1026): table=filter family=2 entries=47
11-28 17:45:22.539  3338  3338 W auditd  : type=1320 audit(0.0:1026): 
11-28 17:45:22.549  3338  3338 W auditd  : type=1325 audit(0.0:1027): table=filter family=10 entries=51
11-28 17:45:22.549  3338  3338 W auditd  : type=1320 audit(0.0:1027): 
11-28 17:45:22.580  4414  4414 V NatController: runCmd(/system/bin/iptables -w -F natctrl_FORWARD) res=0
11-28 17:45:22.592  4414  4414 V NatController: runCmd(/system/bin/iptables -w -A natctrl_FORWARD -j DROP) res=0
11-28 17:45:22.604  4414  4414 V NatController: runCmd(/system/bin/iptables -w -t nat -F natctrl_nat_POSTROUTING) res=0
11-28 17:45:22.616  4414  4414 V NatController: runCmd(/system/bin/iptables -w -F natctrl_tether_counters) res=0
11-28 17:45:22.629  4414  4414 V NatController: runCmd(/system/bin/iptables -w -X natctrl_tether_counters) res=0
11-28 17:45:22.640  4414  4414 V NatController: runCmd(/system/bin/iptables -w -N natctrl_tether_counters) res=0
11-28 17:45:22.652  4414  4414 V NatController: runCmd(/system/bin/iptables -w -t mangle -A natctrl_mangle_FORWARD -p tcp --tcp-flags SYN SYN -j TCPMSS --clamp-mss-to-pmtu) res=0
11-28 17:45:22.693  4412  4412 V DngCreator_JNI: DngCreator_nativeClassInit:
11-28 17:45:22.898  4412  4412 I art     : Thread[1,tid=4412,Native,Thread*=0x7f9d5fba00,peer=0x12c2d100,"main"] recursive attempt to load library "/system/lib64/libmedia_jni.so"
11-28 17:45:22.898  4412  4412 D MtpDeviceJNI: register_android_mtp_MtpDevice
11-28 17:45:22.899  4412  4412 I art     : Thread[1,tid=4412,Native,Thread*=0x7f9d5fba00,peer=0x12c2d100,"main"] recursive attempt to load library "/system/lib64/libmedia_jni.so"
11-28 17:45:22.900  4412  4412 I art     : Thread[1,tid=4412,Native,Thread*=0x7f9d5fba00,peer=0x12c2d100,"main"] recursive attempt to load library "/system/lib64/libmedia_jni.so"
11-28 17:45:23.116  4412  4412 W System  : ClassLoader referenced unknown path: /system/framework/tcmclient.jar
11-28 17:45:23.342  4414  4414 E Netd    : cannot find interface dummy0
11-28 17:45:23.346  4414  4414 D MDnsDS  : MDnsSdListener::Hander starting up
11-28 17:45:23.346  4414  4680 D MDnsDS  : MDnsSdListener starting to monitor
11-28 17:45:23.346  4414  4680 D MDnsDS  : Going to poll with pollCount 1
11-28 17:45:23.370  4412  4412 I System  : Loaded time zone names for "" in 71ms (69ms in ICU)
11-28 17:45:23.415  4412  4412 I System  : Loaded time zone names for "en_US" in 45ms (40ms in ICU)
11-28 17:45:23.442  4412  4412 I Zygote  : ...preloaded 3831 classes in 1033ms.
11-28 17:45:23.442  4412  4412 I art     : VMRuntime.preloadDexCaches starting
11-28 17:45:23.637  4412  4412 I art     : VMRuntime.preloadDexCaches strings total=249480 before=44901 after=44901
11-28 17:45:23.637  4412  4412 I art     : VMRuntime.preloadDexCaches types total=20343 before=6892 after=6923
11-28 17:45:23.637  4412  4412 I art     : VMRuntime.preloadDexCaches fields total=100632 before=36118 after=36550
11-28 17:45:23.637  4412  4412 I art     : VMRuntime.preloadDexCaches methods total=172964 before=71279 after=71806
11-28 17:45:23.637  4412  4412 I art     : VMRuntime.preloadDexCaches finished
11-28 17:45:23.678  4684  4684 D idmap   : error: no read access to /vendor/overlay: No such file or directory
11-28 17:45:23.683  4412  4412 I Zygote  : Preloading resources...
11-28 17:45:25.043  4412  4412 I Zygote  : ...preloaded 342 resources in 1361ms.
11-28 17:45:25.058  4412  4412 I Zygote  : ...preloaded 41 resources in 14ms.
11-28 17:45:25.089  4412  4412 D libEGL  : loaded /vendor/lib64/egl/libGLES_mali.so
11-28 17:45:25.119  4412  4412 I Zygote  : Preloading shared libraries...
11-28 17:45:25.127  4412  4412 D Zygote  : end preload
11-28 17:45:25.127  4412  4412 I art     : Starting a blocking GC Explicit
11-28 17:45:25.175  4412  4412 I art     : Explicit concurrent mark sweep GC freed 11329(457KB) AllocSpace objects, 0(0B) LOS objects, 38% free, 25MB/41MB, paused 177us total 30.771ms
11-28 17:45:25.176  4412  4412 I art     : Starting a blocking GC Explicit
11-28 17:45:25.193  4412  4412 I art     : Explicit concurrent mark sweep GC freed 2453(115KB) AllocSpace objects, 0(0B) LOS objects, 38% free, 25MB/41MB, paused 160us total 16.555ms
11-28 17:45:25.193  4412  4584 I art     : Starting a blocking GC HeapTrim
11-28 17:45:25.212  4412  4412 I art     : Starting a blocking GC Background
11-28 17:45:25.294  4412  4412 I Zygote  : System server process 4685 has been created
11-28 17:45:25.297  4412  4412 I Zygote  : Accepting command socket connections
11-28 17:45:25.322  4685  4685 I Zygote  : Process: zygote socket opened, supported ABIS: armeabi-v7a,armeabi
11-28 17:45:25.323  4685  4685 I InstallerConnection: connecting...
11-28 17:45:25.324  3009  3009 I installd: new connection
11-28 17:45:25.327  4685  4685 I InstallerConnection: disconnecting...
11-28 17:45:25.327  3009  3009 E installd: eof
11-28 17:45:25.327  3009  3009 E installd: failed to read size
11-28 17:45:25.327  3009  3009 I installd: closing connection
11-28 17:45:25.356  4685  4685 I SystemServer: Entered the Android system server!
11-28 17:45:25.446  4685  4685 I SystemServiceManager: Starting com.android.server.pm.Installer
11-28 17:45:25.447  4685  4685 I Installer: Waiting for installd to be ready.
11-28 17:45:25.447  4685  4685 I InstallerConnection: connecting...
11-28 17:45:25.447  3009  3009 I installd: new connection
11-28 17:45:25.448  4685  4685 I SystemServiceManager: Starting com.android.server.am.ActivityManagerService$Lifecycle
11-28 17:45:25.466  4685  4685 I ActivityManager: choosing minFree values for 64 Bit
11-28 17:45:25.466  4685  4685 I ActivityManager: choosing minFree values for 64 Bit
11-28 17:45:25.466  4685  4685 I ActivityManager: choosing minFree values for 64 Bit
11-28 17:45:25.466  4685  4685 I ActivityManager: choosing minFree values for 64 Bit
11-28 17:45:25.466  4685  4685 I ActivityManager: choosing minFree values for 64 Bit
11-28 17:45:25.466  4685  4685 I ActivityManager: choosing minFree values for 64 Bit
11-28 17:45:25.510  4685  4685 I ActivityManager: Memory class: 288
11-28 17:45:25.529  4685  4701 I ServiceThread: Enabled StrictMode logging for ActivityManager looper.
11-28 17:45:25.539  4685  4702 I ServiceThread: Enabled StrictMode logging for android.ui looper.
11-28 17:45:25.554  4685  4685 D BatteryStatsImpl: Reading daily items from /data/system/batterystats-daily.xml
11-28 17:45:25.563  4685  4685 I AppOps  : No existing app ops /data/system/appops.xml; starting empty
11-28 17:45:25.692  4685  4685 I IntentFirewall: Read new rules (A:0 B:0 S:0)
11-28 17:45:25.711  4685  4706 I ServiceThread: Enabled StrictMode logging for android.display looper.
11-28 17:45:25.716  4685  4685 D AppOps  : AppOpsService published
11-28 17:45:25.717  4685  4685 I SystemServiceManager: Starting com.android.server.power.PowerManagerService
11-28 17:45:25.720  4685  4708 I ServiceThread: Enabled StrictMode logging for PowerManagerService looper.
11-28 17:45:25.723  4685  4685 W libsuspend: Error writing 'on' to /sys/power/state: Invalid argument
11-28 17:45:25.724  4685  4685 I libsuspend: Selected wakeup count
11-28 17:45:25.728  4685  4685 I SystemServiceManager: Starting com.android.server.lights.LightsService
11-28 17:45:25.731  4685  4685 I SystemServiceManager: Starting com.android.server.display.DisplayManagerService
11-28 17:45:25.749  2934  2998 E SurfaceFlinger: getDefaultDisplay: id=2 is not a valid default display id
11-28 17:45:25.751  4685  4706 I DisplayManagerService: Display device added: DisplayDeviceInfo{"Built-in Screen": uniqueId="local:0", 1440 x 2560, modeId 1, defaultModeId 1, supportedModes [{id=1, width=1440, height=2560, fps=59.312}], colorTransformId 1, defaultColorTransformId 1, supportedColorTransforms [{id=1, colorTransform=0}], density 640, 537.8823 x 532.9836 dpi, appVsyncOff 0, presDeadline 17859994, touch INTERNAL, rotation 0, type BUILT_IN, state UNKNOWN, FLAG_DEFAULT_DISPLAY, FLAG_ROTATES_WITH_CONTENT, FLAG_SECURE, FLAG_SUPPORTS_PROTECTED_BUFFERS}
11-28 17:45:25.753  2934  2934 D SurfaceFlinger: Set power mode=2, type=0 flinger=0x7f8b803c00
11-28 17:45:25.753  2934  2934 D SurfaceFlinger: Screen type=0 is already mode=2
11-28 17:45:25.754  4685  4706 I DisplayManagerService: Display device changed state: "Built-in Screen", ON
11-28 17:45:25.758  4685  4685 I SystemServiceManager: Starting phase 100
11-28 17:45:25.758  4685  4685 I SystemServer: Package Manager
11-28 17:45:25.765  4685  4685 W SELinuxMMAC: Error opening /data/system/seapp_hash. Assuming first boot.
11-28 17:45:25.895  4685  4685 D SELinuxMMAC: Using policy file /system/etc/security/mac_permissions.xml
11-28 17:45:26.197  4685  4685 E art     : DexFile_getDexOptNeeded file '/system/framework/org.apache.http.legacy.jar' does not exist
11-28 17:45:26.197  4685  4685 W PackageManager: Library not found: /system/framework/org.apache.http.legacy.jar
11-28 17:45:26.197  4685  4685 E art     : DexFile_getDexOptNeeded file '/system/framework/com.android.nfc_extras.jar' does not exist
11-28 17:45:26.197  4685  4685 W PackageManager: Library not found: /system/framework/com.android.nfc_extras.jar
11-28 17:45:26.214  4685  4685 E art     : DexFile_getDexOptNeeded file '/system/framework/org.apache.http.legacy.jar' does not exist
11-28 17:45:26.214  4685  4685 W PackageManager: Library not found: /system/framework/org.apache.http.legacy.jar
11-28 17:45:26.215  4685  4685 E art     : DexFile_getDexOptNeeded file '/system/framework/com.android.nfc_extras.jar' does not exist
11-28 17:45:26.215  4685  4685 W PackageManager: Library not found: /system/framework/com.android.nfc_extras.jar
11-28 17:45:26.264  4685  4685 D PackageManager: No files in app dir /vendor/overlay
11-28 17:45:26.265  4685  4685 D PackageManager: start scanDirLI:/system/framework
11-28 17:45:26.265  4685  4685 D PackageManager: max thread:6
11-28 17:45:26.294  4685  4715 W PackageManager: Failed to parse /system/framework/arm64: Missing base APK in /system/framework/arm64
11-28 17:45:26.294  4685  4717 W PackageManager: Failed to parse /system/framework/oat: Missing base APK in /system/framework/oat
11-28 17:45:26.295  4685  4714 W PackageManager: Failed to parse /system/framework/arm: Missing base APK in /system/framework/arm
11-28 17:45:26.382  4685  4718 I PackageManager: SELinux relabeling of cyanogenmod.platform issued.
11-28 17:45:26.398  4685  4718 W PackageManager: Permission cyanogenmod.permission.WRITE_ALARMS from package cyanogenmod.platform in an unknown group android.permission-group.SYSTEM_CLOCK
11-28 17:45:26.399  4685  4718 W PackageManager: Permission cyanogenmod.permission.MANAGE_ALARMS from package cyanogenmod.platform in an unknown group android.permission-group.SYSTEM_CLOCK
11-28 17:45:26.399  4685  4718 W PackageManager: Permission cyanogenmod.permission.READ_ALARMS from package cyanogenmod.platform in an unknown group android.permission-group.SYSTEM_CLOCK
11-28 17:45:26.817  4685  4716 W PackageManager: Permission android.permission.SET_KEYGUARD_WALLPAPER from package android in an unknown group android.permission-group.WALLPAPER
11-28 17:45:26.820  4685  4716 W PackageManager: Permission android.permission.MODIFY_PROTECTED_SMS_LIST from package android in an unknown group android.permission-group.MESSAGES
11-28 17:45:26.820  4685  4716 W PackageManager: Permission android.permission.RECEIVE_PROTECTED_SMS from package android in an unknown group android.permission-group.MESSAGES
11-28 17:45:26.820  4685  4716 W PackageManager: Permission android.permission.RESET_BATTERY_STATS from package android in an unknown group android.permission-group.SYSTEM_TOOLS
11-28 17:45:26.822  4685  4685 D PackageManager: end scanDirLI:/system/framework
11-28 17:45:26.822  4685  4685 D PackageManager: start scanDirLI:/system/priv-app
11-28 17:45:26.822  4685  4685 D PackageManager: max thread:6
11-28 17:45:26.866  4685  4717 I PackageManager: SELinux relabeling of org.cyanogenmod.cmaudio.service issued.
11-28 17:45:26.933  4685  4715 I PackageManager: SELinux relabeling of com.android.backupconfirm issued.
11-28 17:45:26.936  4685  4714 I PackageManager: SELinux relabeling of org.cyanogenmod.cmsettings issued.
11-28 17:45:27.018  4685  4716 I PackageManager: SELinux relabeling of com.android.providers.calendar issued.
11-28 17:45:27.035  4685  4721 I PackageManager: SELinux relabeling of org.cyanogenmod.audiofx issued.
11-28 17:45:27.067  4685  4715 I PackageManager: SELinux relabeling of com.android.cellbroadcastreceiver issued.
11-28 17:45:27.071  4685  4717 I PackageManager: SELinux relabeling of com.android.calllogbackup issued.
11-28 17:45:27.084  4685  4718 I PackageManager: SELinux relabeling of com.cyanogenmod.updater issued.
11-28 17:45:27.262  4685  4716 W PackageParser: No actions in intent filter at /system/priv-app/Contacts/Contacts.apk Binary XML file line #301
11-28 17:45:27.296  4685  4721 I PackageManager: SELinux relabeling of org.cyanogenmod.providers.datausage issued.
11-28 17:45:27.326  4685  4717 I PackageManager: SELinux relabeling of com.android.providers.contacts issued.
11-28 17:45:27.387  4685  4715 I PackageManager: SELinux relabeling of com.android.defcontainer issued.
11-28 17:45:27.419  4685  4714 I PackageManager: SELinux relabeling of com.android.carrierconfig issued.
11-28 17:45:27.504  4685  4715 I PackageManager: SELinux relabeling of com.android.externalstorage issued.
11-28 17:45:27.508  4685  4717 I PackageManager: SELinux relabeling of com.android.providers.downloads issued.
11-28 17:45:27.524  4685  4721 W PackageParser: No actions in intent filter at /system/priv-app/Dialer/Dialer.apk Binary XML file line #152
11-28 17:45:27.588  4685  4714 I PackageManager: SELinux relabeling of com.android.location.fused issued.
11-28 17:45:27.607  4685  4717 W PackageManager: Permission android.permission.DOWNLOAD_WITHOUT_NOTIFICATION from package com.android.providers.downloads in an unknown group android.permission-group.NETWORK
11-28 17:45:27.704  4685  4717 I PackageManager: SELinux relabeling of org.cyanogenmod.livelockscreen.service issued.
11-28 17:45:27.757  4685  4715 I PackageManager: SELinux relabeling of com.android.inputdevices issued.
11-28 17:45:27.842  4685  4695 I art     : Background sticky concurrent mark sweep GC freed 162743(11MB) AllocSpace objects, 119(5MB) LOS objects, 20% free, 33MB/41MB, paused 14.442ms total 611.588ms
11-28 17:45:27.925  4685  4714 I PackageManager: SELinux relabeling of com.android.managedprovisioning issued.
11-28 17:45:27.975  4685  4715 I PackageManager: SELinux relabeling of com.android.providers.media issued.
11-28 17:45:27.992  4685  4717 I PackageManager: SELinux relabeling of com.android.mms.service issued.
11-28 17:45:28.095  4685  4714 I PackageManager: SELinux relabeling of com.android.onetimeinitializer issued.
11-28 17:45:28.175  4685  4715 I PackageManager: SELinux relabeling of com.android.proxyhandler issued.
11-28 17:45:28.208  4685  4714 I PackageManager: SELinux relabeling of org.cyanogenmod.screencast issued.
11-28 17:45:28.496  4685  4717 I PackageManager: SELinux relabeling of com.android.packageinstaller issued.
11-28 17:45:28.502  4685  4714 I PackageManager: SELinux relabeling of com.android.providers.settings issued.
11-28 17:45:28.661  4685  4714 I PackageManager: SELinux relabeling of com.android.sharedstoragebackup issued.
11-28 17:45:28.727  4685  4718 I PackageManager: SELinux relabeling of com.cyanogenmod.setupwizard issued.
11-28 17:45:28.768  4685  4717 I PackageManager: SELinux relabeling of com.android.shell issued.
11-28 17:45:28.867  4685  4716 I PackageManager: SELinux relabeling of com.android.contacts issued.
11-28 17:45:28.878  4685  4714 I PackageManager: SELinux relabeling of com.android.statementservice issued.
11-28 17:45:29.001  4685  4717 W PackageParser: Ignoring duplicate uses-permissions/uses-permissions-sdk-m: android.permission.ACCESS_WIFI_STATE in package: com.android.phone at: Binary XML file line #134
11-28 17:45:29.172  4685  4714 I PackageManager: SELinux relabeling of com.android.server.telecom issued.
11-28 17:45:29.306  4685  4716 I PackageManager: SELinux relabeling of com.android.providers.telephony issued.
11-28 17:45:29.373  4685  4717 I PackageManager: SELinux relabeling of com.android.phone issued.
11-28 17:45:29.439  4685  4716 I PackageManager: SELinux relabeling of org.cyanogenmod.themeservice issued.
11-28 17:45:29.604  4685  4714 I PackageManager: SELinux relabeling of org.cyanogenmod.theme.chooser2 issued.
11-28 17:45:29.610  4685  4721 I PackageManager: SELinux relabeling of com.android.dialer issued.
11-28 17:45:29.708  4685  4695 I art     : Background partial concurrent mark sweep GC freed 137432(9MB) AllocSpace objects, 65(3MB) LOS objects, 30% free, 37MB/53MB, paused 3.356ms total 1.021s
11-28 17:45:29.733  4685  4717 I PackageManager: SELinux relabeling of org.cyanogenmod.themes.provider issued.
11-28 17:45:29.749  4685  4721 I PackageManager: SELinux relabeling of com.android.wallpapercropper issued.
11-28 17:45:29.777  4685  4714 I PackageManager: SELinux relabeling of com.android.vpndialogs issued.
11-28 17:45:29.881  4685  4716 I PackageManager: SELinux relabeling of com.cyanogenmod.trebuchet issued.
11-28 17:45:29.898  4685  4717 I PackageManager: SELinux relabeling of org.cyanogenmod.weatherservice issued.
11-28 17:45:29.944  4685  4714 I PackageManager: SELinux relabeling of org.cyanogenmod.weather.provider issued.
11-28 17:45:29.947  4685  4716 W PackageManager: Permission com.android.launcher.permission.INSTALL_SHORTCUT from package com.cyanogenmod.trebuchet in an unknown group android.permission-group.SYSTEM_TOOLS
11-28 17:45:29.947  4685  4716 W PackageManager: Permission com.android.launcher3.permission.READ_SETTINGS from package com.cyanogenmod.trebuchet in an unknown group android.permission-group.SYSTEM_TOOLS
11-28 17:45:29.947  4685  4716 W PackageManager: Permission com.android.launcher3.permission.WRITE_SETTINGS from package com.cyanogenmod.trebuchet in an unknown group android.permission-group.SYSTEM_TOOLS
11-28 17:45:29.969  4685  4718 I PackageManager: SELinux relabeling of com.android.systemui issued.
11-28 17:45:30.220  4685  4715 I PackageManager: SELinux relabeling of com.android.settings issued.
11-28 17:45:30.250  4685  4685 D PackageManager: end scanDirLI:/system/priv-app
11-28 17:45:30.251  4685  4685 D PackageManager: start scanDirLI:/system/app
11-28 17:45:30.251  4685  4685 D PackageManager: max thread:6
11-28 17:45:30.313  4685  4718 W PackageParser: No actions in intent filter at /system/app/CMFileManager/CMFileManager.apk Binary XML file line #164
11-28 17:45:30.351  4685  4717 W PackageParser: No actions in intent filter at /system/app/Bluetooth/Bluetooth.apk Binary XML file line #235
11-28 17:45:30.375  4685  4721 I PackageManager: SELinux relabeling of com.android.dreams.basic issued.
11-28 17:45:30.375  4685  4716 I PackageManager: SELinux relabeling of com.android.bluetoothmidiservice issued.
11-28 17:45:30.478  4685  4717 I PackageManager: SELinux relabeling of com.android.bluetooth issued.
11-28 17:45:30.508  4685  4715 I PackageManager: SELinux relabeling of com.cyanogenmod.wallpapers issued.
