12-04 15:41:56.351  3323  3337 I ActivityManager: Start proc 3526:com.android.externalstorage/u0a9 for broadcast com.android.externalstorage/.MountReceiver
12-04 15:41:56.353  3323  3323 D NetworkManagement: enabling bandwidth control
12-04 15:41:56.430  3323  3337 I ActivityManager: Start proc 3556:org.cyanogenmod.themes.provider/u0a23 for broadcast org.cyanogenmod.themes.provider/.AppReceiver
12-04 15:41:56.596  3323  3334 I StatusBarManagerService: registerStatusBar bar=com.android.internal.statusbar.IStatusBar$Stub$Proxy@8a59a4c
12-04 15:41:56.697  3323  3396 D WifiService: New client listening to asynchronous messages
12-04 15:41:56.930  3323  3323 I SystemServiceManager: Starting phase 600
12-04 15:41:56.937  3323  3323 I BackupManagerService: Backup enabled => false
12-04 15:41:56.938  3323  3323 D BrokerableCMSystemService: Third party apps ready
12-04 15:41:56.938  3323  3323 I BrokerableCMSystemService: Connecting to implementation
12-04 15:41:56.938  3323  3323 W ContextImpl: Calling a method in the system process without a qualified user: android.app.ContextImpl.bindService:1295 org.cyanogenmod.platform.internal.BrokerableCMSystemService.tryConnecting:199 org.cyanogenmod.platform.internal.BrokerableCMSystemService.onBootPhase:127 org.cyanogenmod.platform.internal.ThemeManagerServiceBroker.onBootPhase:272 com.android.server.SystemServiceManager.startBootPhase:135 
12-04 15:41:56.938  3323  3323 D BrokerableCMSystemService: Third party apps ready
12-04 15:41:56.938  3323  3323 I BrokerableCMSystemService: Connecting to implementation
12-04 15:41:56.938  3323  3323 W ContextImpl: Calling a method in the system process without a qualified user: android.app.ContextImpl.bindService:1295 org.cyanogenmod.platform.internal.BrokerableCMSystemService.tryConnecting:199 org.cyanogenmod.platform.internal.BrokerableCMSystemService.onBootPhase:127 com.android.server.SystemServiceManager.startBootPhase:135 com.android.server.SystemServer$2.run:1231 
12-04 15:41:56.939  3323  3323 D BrokerableCMSystemService: Third party apps ready
12-04 15:41:56.939  3323  3323 I BrokerableCMSystemService: Connecting to implementation
12-04 15:41:56.940  3323  3323 W ContextImpl: Calling a method in the system process without a qualified user: android.app.ContextImpl.bindService:1295 org.cyanogenmod.platform.internal.BrokerableCMSystemService.tryConnecting:199 org.cyanogenmod.platform.internal.BrokerableCMSystemService.onBootPhase:127 org.cyanogenmod.platform.internal.LiveLockScreenServiceBroker.onBootPhase:273 com.android.server.SystemServiceManager.startBootPhase:135 
12-04 15:41:56.950  3323  3323 I ActivityManager: Start proc 3748:org.cyanogenmod.livelockscreen.service/u0a11 for service org.cyanogenmod.livelockscreen.service/.LiveLockScreenManagerService
12-04 15:41:56.950  3323  3323 D BrokerableCMSystemService: Third party apps ready
12-04 15:41:56.950  3323  3323 I BrokerableCMSystemService: Connecting to implementation
12-04 15:41:56.951  3323  3323 W ContextImpl: Calling a method in the system process without a qualified user: android.app.ContextImpl.bindService:1295 org.cyanogenmod.platform.internal.BrokerableCMSystemService.tryConnecting:199 org.cyanogenmod.platform.internal.BrokerableCMSystemService.onBootPhase:127 com.android.server.SystemServiceManager.startBootPhase:135 com.android.server.SystemServer$2.run:1231 
12-04 15:41:56.962  3323  3323 I ActivityManager: Start proc 3764:org.cyanogenmod.weatherservice/u0a26 for service org.cyanogenmod.weatherservice/.WeatherManagerService
12-04 15:41:56.962  3323  3323 D BrokerableCMSystemService: Third party apps ready
12-04 15:41:56.962  3323  3323 I BrokerableCMSystemService: Connecting to implementation
12-04 15:41:56.962  3323  3323 W ContextImpl: Calling a method in the system process without a qualified user: android.app.ContextImpl.bindService:1295 org.cyanogenmod.platform.internal.BrokerableCMSystemService.tryConnecting:199 org.cyanogenmod.platform.internal.BrokerableCMSystemService.onBootPhase:127 org.cyanogenmod.platform.internal.CMAudioServiceBroker.onBootPhase:58 com.android.server.SystemServiceManager.startBootPhase:135 
12-04 15:41:56.975  3323  3323 I ActivityManager: Start proc 3778:org.cyanogenmod.cmaudio.service/u0a2 for service org.cyanogenmod.cmaudio.service/.CMAudioService
12-04 15:41:56.989  3323  3323 E InputMethodManagerService: Ignoring updateSystemUiLocked due to an invalid token. uid:1000 token:null
12-04 15:41:57.002  3323  3323 I ActivityManager: Start proc 3793:com.android.inputmethod.latin/u0a69 for service com.android.inputmethod.latin/.LatinIME
12-04 15:41:57.002  3323  3323 V InputMethodManagerService: Adding window token: android.os.Binder@7c38693
12-04 15:41:57.019  3323  3323 W LocationManagerService: no network location provider found
12-04 15:41:57.021  3323  3323 E LocationManagerService: no geocoder provider found
12-04 15:41:57.021  3323  3323 E LocationManagerService: FLP HAL not supported
12-04 15:41:57.022  3323  3323 E LocationManagerService: Unable to bind FLP Geofence proxy.
12-04 15:41:57.023  3323  3323 E LocationManagerService: Hardware Activity-Recognition not supported.
12-04 15:41:57.023  3323  3323 E LocationManagerService: Unable to bind ActivityRecognitionProxy.
12-04 15:41:57.026  3323  3323 I MmsServiceBroker: Delay connecting to MmsService until an API is called
12-04 15:41:57.027  3323  3323 D MountService: onStartUser 0
12-04 15:41:57.027  3323  3323 D VoldConnector: SND -> {6 volume user_started 0}
12-04 15:41:57.027  2918  2986 D vold    : Linking /storage/emulated/0 to /mnt/user/0/primary
12-04 15:41:57.027  3323  3386 D VoldConnector: RCV <- {200 6 Command succeeded}
12-04 15:41:57.028  3323  3385 D MountService: Volume emulated broadcasting mounted to UserHandle{0}
12-04 15:41:57.029  3323  3323 W VoiceInteractionManagerService: no available voice interaction services found for user 0
12-04 15:41:57.029  3323  3323 W VoiceInteractionManagerService: no available voice recognition services found for user 0
12-04 15:41:57.040  3323  3323 I ActivityManager: Start proc 3815:org.cyanogenmod.audiofx/u0a3 for added application org.cyanogenmod.audiofx
12-04 15:41:57.050  3323  3323 I ActivityManager: Start proc 3827:com.android.phone/1001 for added application com.android.phone
12-04 15:41:57.051  3323  3323 I ActivityManager: START u0 {act=android.intent.action.MAIN cat=[android.intent.category.HOME] flg=0x10000000 cmp=com.cyanogenmod.setupwizard/.ui.SetupWizardActivity} from uid 0 on display 0
12-04 15:41:57.066  3323  3323 I ActivityManager: Start proc 3841:com.cyanogenmod.setupwizard/1000 for activity com.cyanogenmod.setupwizard/.ui.SetupWizardActivity
12-04 15:41:57.071  3323  3323 I SystemServer: Enabled StrictMode for system server main thread.
12-04 15:41:57.074  3323  3337 W BroadcastQueue: Permission Denial: receiving Intent { act=android.intent.action.USER_SWITCHED flg=0x50000010 (has extras) } to ProcessRecord{f762bf2 3488:org.cyanogenmod.themeservice/u0a22} (pid=3488, uid=10022) requires android.permission.MANAGE_USERS due to sender null (uid 1000)
12-04 15:41:57.131  3323  3323 I Telecom : ViceNotificationImpl: ViceNotificationImpl
12-04 15:41:57.152  3323  3870 I ActivityManager: Start proc 3871:android.process.acore/u0a5 for content provider com.android.providers.contacts/.CallLogProvider
12-04 15:41:57.155  3323  3323 I Telecom : Class: TelecomSystem.INSTANCE being set
12-04 15:41:57.155  3323  3323 W ContextImpl: Calling a method in the system process without a qualified user: android.app.ContextImpl.startService:1231 android.content.ContextWrapper.startService:587 com.android.server.telecom.components.TelecomService.initializeTelecomSystem:141 com.android.server.telecom.components.TelecomService.onBind:69 android.app.ActivityThread.handleBindService:2938 
12-04 15:41:57.162  3323  3323 I BrokerableCMSystemService: Implementation service connected
12-04 15:41:57.162  3323  3323 I BrokerableCMSystemService: Notifying service connected
12-04 15:41:57.162  3323  3323 I BrokerableCMSystemService: Connecting to implementation
12-04 15:41:57.163  3323  3323 W ContextImpl: Calling a method in the system process without a qualified user: android.app.ContextImpl.bindService:1295 org.cyanogenmod.platform.internal.BrokerableCMSystemService.tryConnecting:199 org.cyanogenmod.platform.internal.BrokerableCMSystemService$1.handleMessage:165 android.os.Handler.dispatchMessage:102 android.os.Looper.loop:148 
12-04 15:41:57.163  3323  3323 I BrokerableCMSystemService: Implementation service connected
12-04 15:41:57.163  3323  3323 I BrokerableCMSystemService: Notifying service connected
12-04 15:41:57.176  3323  3323 I ActivityManager: Start proc 3892:com.android.settings/1000 for broadcast com.android.settings/.widget.SettingsAppWidgetProvider
12-04 15:41:57.176  3323  3323 I BrokerableCMSystemService: Implementation service connected
12-04 15:41:57.186  3323  3323 I BrokerableCMSystemService: Implementation service connected
12-04 15:41:57.186  3323  3323 I BrokerableCMSystemService: Notifying service connected
12-04 15:41:57.186  3323  3323 V WiredAccessoryManager: init()
12-04 15:41:57.232  3323  3338 W WindowManager: Keyguard drawn timeout. Setting mKeyguardDrawComplete
12-04 15:41:57.274  3323  3323 V BackupManagerService: Connected to transport ComponentInfo{android/com.android.internal.backup.LocalTransportService}
12-04 15:41:57.274  3323  3323 V BackupManagerService: Registering transport android/com.android.internal.backup.LocalTransportService::android/com.android.internal.backup.LocalTransport = android.app.backup.BackupTransport$TransportImpl@30685e3
12-04 15:41:57.283  3323  3323 I BrokerableCMSystemService: Implementation service connected
12-04 15:41:57.332  3841  3841 W ContextImpl: Calling a method in the system process without a qualified user: android.app.ContextImpl.bindService:1295 android.content.ContextWrapper.bindService:610 android.speech.tts.TextToSpeech.connectToEngine:800 android.speech.tts.TextToSpeech.initTts:770 android.speech.tts.TextToSpeech.<init>:723 
12-04 15:41:57.344  3323  3487 I ActivityManager: Start proc 3946:com.svox.pico/u0a54 for service com.svox.pico/.PicoService
12-04 15:41:57.380  3323  3396 D WifiService: New client listening to asynchronous messages
12-04 15:41:57.466  3323  3803 I ActivityManager: Start proc 3973:com.cyanogenmod.eleven/u0a40 for broadcast com.cyanogenmod.eleven/.MediaButtonIntentReceiver
12-04 15:41:57.503  3323  3813 D ConnectivityService: listenForNetwork for Listen from uid/pid:10029/3460 for NetworkRequest [ id=3, legacyType=-1, [] ]
12-04 15:41:57.543  3323  3551 I ActivityManager: Start proc 4004:com.android.smspush/u0a65 for service com.android.smspush/.WapPushManager
12-04 15:41:57.558  3323  3334 I ActivityManager: Start proc 4020:com.cyanogenmod.eleven:main/u0a40 for service com.cyanogenmod.eleven/.MusicPlaybackService
12-04 15:41:57.571  3323  3487 I ActivityManager: Start proc 4033:com.android.exchange/u0a41 for content provider com.android.exchange/.provider.ExchangeDirectoryProvider
12-04 15:41:57.603  3323  3397 E ConnectivityService: Failed to find Messenger in unregisterNetworkFactory
12-04 15:41:57.606  3323  3397 D ConnectivityService: Got NetworkFactory Messenger for Telephony
12-04 15:41:57.618  3323  3812 I ActivityManager: Start proc 4051:org.cyanogenmod.weather.provider/u0a27 for content provider org.cyanogenmod.weather.provider/.WeatherContentProvider
12-04 15:41:57.696  3323  3812 I ActivityManager: Start proc 4081:com.android.email/u0a47 for content provider com.android.email/.provider.EmailProvider
12-04 15:41:57.828  4081  4118 D ActivityThread: Loading provider com.android.email.provider;com.android.email.notifier: com.android.email.provider.EmailProvider
12-04 15:41:57.887  3323  3437 V KeyValueBackupJob: Scheduling k/v pass in 241 minutes
12-04 15:41:57.970  3323  3335 W ActivityManager: Unable to start service Intent { cmp=com.android.email/.service.AttachmentService } U=0: not found
12-04 15:41:57.970  3323  3812 W ActivityManager: Unable to start service Intent { cmp=com.android.email/.service.AttachmentService } U=0: not found
12-04 15:41:57.983  3323  3396 D WifiService: New client listening to asynchronous messages
12-04 15:41:57.994  3323  3813 I Telecom : PhoneAccountRegistrar: [ComponentInfo{com.android.phone/com.android.services.telephony.TelephonyConnectionService}, [e0184adedf913b076626646d3f52c3b49c39ad6d], UserHandle{0}(icon: Icon(typ=BITMAP size=76x96) -> Icon(typ=BITMAP size=76x96))]
12-04 15:41:58.006  3323  3813 I Telecom : : Sending phone-account registered intent as user
12-04 15:41:58.014  3323  3487 W Telecom : : No account found for the calling user
12-04 15:41:58.044  3323  3396 D WifiService: New client listening to asynchronous messages
12-04 15:41:58.056  3323  3803 I ActivityManager: Start proc 4165:com.android.cellbroadcastreceiver/u0a6 for broadcast com.android.cellbroadcastreceiver/.CellBroadcastReceiver
12-04 15:41:58.527  3323  3323 W InputMethodManagerService: Starting input on non-focused client android.view.inputmethod.InputMethodManager$1@90c062b (uid=1000 pid=3323)
12-04 15:41:59.951  3323  3352 I SystemServiceManager: Starting phase 1000
12-04 15:41:59.991  3323  3352 W ContextImpl: Calling a method in the system process without a qualified user: android.app.ContextImpl.sendBroadcast:788 org.cyanogenmod.platform.internal.CMHardwareService.onBootPhase:429 com.android.server.SystemServiceManager.startBootPhase:135 com.android.server.am.ActivityManagerService.finishBooting:6688 com.android.server.am.ActivityManagerService.bootAnimationComplete:6755 
12-04 15:42:00.041  3323  4213 I ActivityManager: Start proc 4215:com.android.keychain/1000 for service com.android.keychain/.KeyChainService
12-04 15:42:00.078  3323  4229 I BootReceiver: Copying /proc/last_kmsg to DropBox (SYSTEM_LAST_KMSG)
12-04 15:42:00.081  3323  3335 I ActivityManager: Start proc 4232:com.android.dialer/u0a19 for broadcast com.android.dialer/.calllog.CallLogReceiver
12-04 15:42:00.103  3323  4229 I BootReceiver: Copying audit failures to DropBox
12-04 15:42:00.109  3323  4229 I BootReceiver: Copied 3106 worth of audits to DropBox
12-04 15:42:00.115  3323  4229 I BootReceiver: Checking for fsck errors
12-04 15:42:00.158  3323  3397 D ConnectivityService: Got NetworkFactory Messenger for WIFI
12-04 15:42:00.158  3323  3397 D ConnectivityService: Got NetworkFactory Messenger for WIFI_UT
12-04 15:42:00.168  3323  3323 I ActivityManager: Start proc 4250:com.android.providers.calendar/u0a1 for broadcast com.android.providers.calendar/.CalendarReceiver
12-04 15:42:00.224  3323  3809 I ActivityManager: Start proc 4265:com.cyanogenmod.updater/u0a4 for broadcast com.cyanogenmod.updater/.receiver.UpdateCheckReceiver
12-04 15:42:00.268  3323  3813 I ActivityManager: Start proc 4285:org.cyanogenmod.providers.datausage/1000 for broadcast org.cyanogenmod.providers.datausage/.BootReceiver
12-04 15:42:00.310  3323  3335 I ActivityManager: Start proc 4299:com.android.managedprovisioning/u0a12 for broadcast com.android.managedprovisioning/.BootReminder
12-04 15:42:00.349  3323  3803 I ActivityManager: Start proc 4314:com.android.onetimeinitializer/u0a13 for broadcast com.android.onetimeinitializer/.OneTimeInitializerReceiver
12-04 15:42:00.371  3323  3809 W BroadcastQueue: Permission Denial: receiving Intent { act=android.intent.action.BOOT_COMPLETED flg=0x8000010 (has extras) } to org.cyanogenmod.snap/com.android.camera.DisableCameraReceiver requires android.permission.RECEIVE_BOOT_COMPLETED due to sender null (uid 1000)
12-04 15:42:00.383  3323  3337 I ActivityManager: Start proc 4330:com.cyanogenmod.trebuchet/u0a28 for broadcast com.cyanogenmod.trebuchet/com.android.launcher3.StartupReceiver
12-04 15:42:00.448  3323  3809 I ActivityManager: Start proc 4346:com.android.calendar/u0a37 for broadcast com.android.calendar/.alerts.AlertReceiver
12-04 15:42:00.492  3323  3334 I ActivityManager: Start proc 4366:com.android.deskclock/u0a42 for broadcast com.android.deskclock/.AlarmInitReceiver
12-04 15:42:00.557  3323  3486 I ActivityManager: Start proc 4384:com.android.gallery3d/u0a52 for broadcast com.android.gallery3d/org.codeaurora.gallery3d.video.DmReceiver
12-04 15:42:00.613  3323  3812 W SettingsProvider: You shouldn't keep your settings in the secure settings. This will soon become an error.
12-04 15:42:00.613  3323  3486 W SettingsProvider: You shouldn't keep your settings in the secure settings. This will soon become an error.
12-04 15:42:00.613  3323  3813 W SettingsProvider: You shouldn't keep your settings in the secure settings. This will soon become an error.
12-04 15:42:00.624  3323  3487 I ActivityManager: Start proc 4399:com.cyanogenmod.lockclock/u0a62 for broadcast com.cyanogenmod.lockclock/.ClockWidgetProvider
12-04 15:42:00.667  3323  3486 I ActivityManager: Start proc 4415:com.android.messaging/u0a70 for broadcast com.android.messaging/.receiver.BootAndPackageReplacedReceiver
12-04 15:42:01.942  3323  3323 D ZenLog  : disable_effects: -1|android|17040481|null|1000,booleanState
12-04 15:42:01.945  3323  3323 D ZenLog  : disable_effects: -1|android|17040487|null|1000,booleanState
12-04 15:42:03.033  3323  3336 I ActivityManager: Start proc 4465:com.android.printspooler/u0a58 for service com.android.printspooler/.model.PrintSpoolerService
12-04 15:42:08.065  3323  3487 I ActivityManager: Killing 3526:com.android.externalstorage/u0a9 (adj 15): empty #17
12-04 15:42:08.075  3323  3812 D ActivityManager: cleanUpApplicationRecord -- 3526
12-04 15:42:15.497  3323  3337 I ActivityManager: Waited long enough for: ServiceRecord{58992eb u0 com.android.calendar/.alerts.InitAlarmsService}
12-04 15:42:15.561  3323  3337 I ActivityManager: Waited long enough for: ServiceRecord{f8fb0f4 u0 com.android.email/.service.LegacyImapSyncAdapterService}
12-04 15:42:30.505  3323  3335 I ActivityManager: Killing 4051:org.cyanogenmod.weather.provider/u0a27 (adj 15): empty #17
12-04 15:42:30.522  3323  3335 I ActivityManager: Killing 3973:com.cyanogenmod.eleven/u0a40 (adj 15): empty #18
12-04 15:42:30.532  3323  3335 I ActivityManager: Killing 3556:org.cyanogenmod.themes.provider/u0a23 (adj 15): empty #19
12-04 15:42:30.549  3323  3813 D ActivityManager: cleanUpApplicationRecord -- 3556
12-04 15:42:30.550  3323  3551 D ActivityManager: cleanUpApplicationRecord -- 3973
12-04 15:42:30.552  3323  3803 I ActivityManager: Killing 4165:com.android.cellbroadcastreceiver/u0a6 (adj 15): empty #17
12-04 15:42:30.563  3323  3487 D ActivityManager: cleanUpApplicationRecord -- 4051
12-04 15:42:30.564  3323  3809 D ActivityManager: cleanUpApplicationRecord -- 4165
12-04 15:42:34.066  3323  3396 D WifiService: New client listening to asynchronous messages
12-04 15:42:34.068  3323  3813 D WifiService: setWifiEnabled: true pid=3841, uid=1000
12-04 15:42:34.069  3323  3813 E WifiService: Invoking mWifiStateMachine.setWifiEnabled
12-04 15:42:34.086  3323  3335 I ActivityManager: START u0 {act=com.android.net.wifi.SETUP_WIFI_NETWORK cmp=com.android.settings/.wifi.WifiSetupActivity (has extras)} from uid 1000 on display 0
12-04 15:42:34.192  3323  3323 E WifiService: Wi-Fi state is failed
12-04 15:42:34.192  3323  3323 D WifiService: setWifiEnabled: false pid=3323, uid=1000
12-04 15:42:34.192  3323  3323 E WifiService: Invoking mWifiStateMachine.setWifiEnabled
12-04 15:42:40.197  3323  3812 I ActivityManager: START u0 {act=android.intent.action.MAIN cat=[android.intent.category.HOME] cmp=com.android.provision/.DefaultActivity} from uid 1000 on display 0
12-04 15:42:40.245  3323  3803 I ActivityManager: Start proc 4558:com.android.provision/u0a59 for activity com.android.provision/.DefaultActivity
12-04 15:42:40.396  3323  3943 I ActivityManager: START u0 {act=android.intent.action.MAIN cat=[android.intent.category.HOME] flg=0x10000000 cmp=com.cyanogenmod.trebuchet/com.android.launcher3.Launcher} from uid 0 on display 0
12-04 15:42:40.545  3323  3335 I ActivityManager: Start proc 4576:org.cyanogenmod.themes.provider/u0a23 for content provider org.cyanogenmod.themes.provider/.ThemesProvider
12-04 15:42:40.831  3323  3337 I ActivityManager: Start proc 4611:com.cyanogenmod.eleven/u0a40 for broadcast com.cyanogenmod.eleven/.appwidgets.AppWidgetLarge
12-04 15:42:41.064  3323  3337 I ActivityManager: Killing 4215:com.android.keychain/1000 (adj 15): empty #17
12-04 15:42:41.087  3323  3337 I ActivityManager: Killing 3871:android.process.acore/u0a5 (adj 15): empty #18
12-04 15:42:41.116  3323  3334 D ActivityManager: cleanUpApplicationRecord -- 4215
12-04 15:42:41.117  3323  3335 D ActivityManager: cleanUpApplicationRecord -- 3871
12-04 15:42:43.478  3323  3813 I ActivityManager: START u0 {act=android.intent.action.MAIN cat=[android.intent.category.LAUNCHER] flg=0x10200000 cmp=org.cyanogenmod.snap/com.android.camera.CameraLauncher bnds=[1132,2268][1400,2572] (has extras)} from uid 10028 on display 0
12-04 15:42:43.498  3323  3809 I ActivityManager: Start proc 4637:org.cyanogenmod.snap/u0a20 for activity org.cyanogenmod.snap/com.android.camera.CameraLauncher
12-04 15:42:43.542  3323  3809 I ActivityManager: START u0 {cmp=org.cyanogenmod.snap/com.android.camera.PermissionsActivity} from uid 10020 on display 0
12-04 15:42:43.552  3323  3486 I ActivityManager: START u0 {act=android.content.pm.action.REQUEST_PERMISSIONS pkg=com.android.packageinstaller cmp=com.android.packageinstaller/.permission.ui.GrantPermissionsActivity (has extras)} from uid 10020 on display 0
12-04 15:42:43.585  3323  3803 I ActivityManager: Start proc 4654:com.android.packageinstaller/u0a16 for activity com.android.packageinstaller/.permission.ui.GrantPermissionsActivity
12-04 15:42:48.138  3323  3487 D VoldConnector: SND -> {7 volume remount_uid 10020 default}
12-04 15:42:48.138  2918  2986 D vold    : Remounting 10020 as mode default
12-04 15:42:48.145  2918  2986 D vold    : Found matching PID 4637
12-04 15:42:48.149  3323  3386 D VoldConnector: RCV <- {200 7 Command succeeded}
12-04 15:42:48.152  3323  3943 D VoldConnector: SND -> {8 volume remount_uid 10020 default}
12-04 15:42:48.153  2918  2986 D vold    : Remounting 10020 as mode default
12-04 15:42:48.159  2918  2986 D vold    : Found matching PID 4637
12-04 15:42:48.162  3323  3386 D VoldConnector: RCV <- {200 8 Command succeeded}
12-04 15:42:48.186  3323  3813 I ActivityManager: START u0 {cmp=org.cyanogenmod.snap/com.android.camera.CameraActivity} from uid 10020 on display 0
12-04 15:42:48.333  3323  3813 W BackupManagerService: dataChanged but no participant pkg='org.cyanogenmod.snap' uid=10020
12-04 15:42:48.334  3323  3334 W BackupManagerService: dataChanged but no participant pkg='org.cyanogenmod.snap' uid=10020
12-04 15:42:48.335  3323  3334 W BackupManagerService: dataChanged but no participant pkg='org.cyanogenmod.snap' uid=10020
12-04 15:42:48.341  3323  3486 W BackupManagerService: dataChanged but no participant pkg='org.cyanogenmod.snap' uid=10020
12-04 15:42:48.579  3323  3335 W BackupManagerService: dataChanged but no participant pkg='org.cyanogenmod.snap' uid=10020
12-04 15:42:48.582  3323  3551 W BackupManagerService: dataChanged but no participant pkg='org.cyanogenmod.snap' uid=10020
12-04 15:42:48.584  3323  3486 W BackupManagerService: dataChanged but no participant pkg='org.cyanogenmod.snap' uid=10020
12-04 15:42:49.581  3323  3487 W BackupManagerService: dataChanged but no participant pkg='org.cyanogenmod.snap' uid=10020
12-04 15:42:49.582  3323  3809 W BackupManagerService: dataChanged but no participant pkg='org.cyanogenmod.snap' uid=10020
12-04 15:42:49.738  4768  4768 E SchedPolicy: /system/bin/surfaceflinger add_tid_to_cgroup failed; fd=-1
--------- beginning of main
12-04 15:42:49.799  2979  2979 I ServiceManager: service 'media.player' died
12-04 15:42:49.800  2979  2979 I ServiceManager: service 'media.resource_manager' died
12-04 15:42:49.800  2979  2979 I ServiceManager: service 'media.camera' died
12-04 15:42:49.800  2979  2979 I ServiceManager: service 'media.audio_policy' died
12-04 15:42:49.891  2994  2994 E installd: eof
12-04 15:42:49.891  2994  2994 E installd: failed to read size
12-04 15:42:49.891  2994  2994 I installd: closing connection
12-04 15:42:49.893  2979  2979 I ServiceManager: service 'telecom' died
12-04 15:42:49.893  3000  3000 D fingerprintd: binder died
12-04 15:42:49.893  3000  3000 V fingerprintd: nativeCloseHal()
12-04 15:42:49.893  3000  3000 E fingerprintd: No valid device
12-04 15:42:49.893  3000  3000 E fingerprintd: Can't close fingerprint device, error: -38
12-04 15:42:49.893  2979  2979 I ServiceManager: service 'cmaudio' died
12-04 15:42:49.893  2979  2979 I ServiceManager: service 'package' died
12-04 15:42:49.893  2979  2979 I ServiceManager: service 'user' died
12-04 15:42:49.893  2979  2979 I ServiceManager: service 'activity' died
12-04 15:42:49.893  2979  2979 I ServiceManager: service 'procstats' died
12-04 15:42:49.893  2979  2979 I ServiceManager: service 'meminfo' died
12-04 15:42:49.893  2979  2979 I ServiceManager: service 'gfxinfo' died
12-04 15:42:49.893  2979  2979 I ServiceManager: service 'dbinfo' died
12-04 15:42:49.893  2979  2979 I ServiceManager: service 'cpuinfo' died
12-04 15:42:49.893  2979  2979 I ServiceManager: service 'permission' died
12-04 15:42:49.893  2979  2979 I ServiceManager: service 'processinfo' died
12-04 15:42:49.894  2979  2979 I ServiceManager: service 'batterymanager' died
12-04 15:42:49.894  2979  2979 I ServiceManager: service 'usagestats' died
12-04 15:42:49.894  2979  2979 I ServiceManager: service 'webviewupdate' died
12-04 15:42:49.894  2979  2979 I ServiceManager: service 'scheduling_policy' died
12-04 15:42:49.894  2979  2979 I ServiceManager: service 'telephony.registry' died
12-04 15:42:49.894  2979  2979 I ServiceManager: service 'media.camera.proxy' died
12-04 15:42:49.894  2979  2979 I ServiceManager: service 'account' died
12-04 15:42:49.894  2979  2979 I ServiceManager: service 'content' died
12-04 15:42:49.894  2979  2979 I ServiceManager: service 'imms' died
12-04 15:42:49.894  2979  2979 I ServiceManager: service 'cmstatusbar' died
12-04 15:42:49.894  2979  2979 I ServiceManager: service 'vibrator' died
12-04 15:42:49.894  2979  2979 I ServiceManager: service 'consumer_ir' died
12-04 15:42:49.894  2979  2979 I ServiceManager: service 'alarm' died
12-04 15:42:49.894  2979  2979 I ServiceManager: service 'window' died
12-04 15:42:49.894  2979  2979 I ServiceManager: service 'input' died
12-04 15:42:49.894  2979  2979 I ServiceManager: service 'bluetooth_manager' died
12-04 15:42:49.894  2979  2979 I ServiceManager: service 'input_method' died
12-04 15:42:49.894  2979  2979 I ServiceManager: service 'sensorservice' died
12-04 15:42:49.894  2979  2979 I ServiceManager: service 'launcherapps' died
12-04 15:42:49.894  2979  2979 I ServiceManager: service 'media_projection' died
12-04 15:42:49.894  2979  2979 I ServiceManager: service 'profile' died
12-04 15:42:49.894  2979  2979 I ServiceManager: service 'cmpartnerinterface' died
12-04 15:42:49.894  2979  2979 I ServiceManager: service 'cmtelephonymanager' died
12-04 15:42:49.894  2979  2979 I ServiceManager: service 'cmhardware' died
12-04 15:42:49.894  2979  2979 I ServiceManager: service 'cmappsuggest' died
12-04 15:42:49.894  2979  2979 I ServiceManager: service 'cmperformance' died
12-04 15:42:49.894  2979  2979 I ServiceManager: service 'cmiconcache' died
12-04 15:42:49.894  2979  2979 I ServiceManager: service 'cmlivelockscreen' died
12-04 15:42:49.894  2979  2979 I ServiceManager: service 'cmthemes' died
12-04 15:42:49.894  2979  2979 I ServiceManager: service 'cmweather' died
12-04 15:42:49.894  2979  2979 I ServiceManager: service 'cmlivedisplay' died
12-04 15:42:49.894  2979  2979 I ServiceManager: service 'accessibility' died
12-04 15:42:49.894  2979  2979 I ServiceManager: service 'mount' died
12-04 15:42:49.894  2979  2979 I ServiceManager: service 'uimode' died
12-04 15:42:49.894  2979  2979 I ServiceManager: service 'lock_settings' died
12-04 15:42:49.894  2979  2979 I ServiceManager: service 'deviceidle' died
12-04 15:42:49.894  2979  2979 I ServiceManager: service 'device_policy' died
12-04 15:42:49.894  2979  2979 I ServiceManager: service 'statusbar' died
12-04 15:42:49.894  2979  2979 I ServiceManager: service 'clipboard' died
12-04 15:42:49.894  2979  2979 I ServiceManager: service 'network_management' died
12-04 15:42:49.894  2979  2979 I ServiceManager: service 'textservices' died
12-04 15:42:49.894  2979  2979 I ServiceManager: service 'network_score' died
12-04 15:42:49.894  2979  2979 I ServiceManager: service 'netstats' died
12-04 15:42:49.894  2979  2979 I ServiceManager: service 'netpolicy' died
12-04 15:42:49.894  2979  2979 I ServiceManager: service 'wifip2p' died
12-04 15:42:49.894  2979  2979 I ServiceManager: service 'wifi' died
12-04 15:42:49.894  2979  2979 I ServiceManager: service 'wifiscanner' died
12-04 15:42:49.894  2979  2979 I ServiceManager: service 'rttmanager' died
12-04 15:42:49.894  2979  2979 I ServiceManager: service 'ethernet' died
12-04 15:42:49.894  2979  2979 I ServiceManager: service 'connectivity' died
12-04 15:42:49.894  2979  2979 I ServiceManager: service 'servicediscovery' died
12-04 15:42:49.894  2979  2979 I ServiceManager: service 'updatelock' died
12-04 15:42:49.894  2979  2979 I ServiceManager: service 'notification' died
12-04 15:42:49.894  2979  2979 I ServiceManager: service 'devicestoragemonitor' died
12-04 15:42:49.894  2979  2979 I ServiceManager: service 'location' died
12-04 15:42:49.894  2979  2979 I ServiceManager: service 'country_detector' died
12-04 15:42:49.894  2979  2979 I ServiceManager: service 'search' died
12-04 15:42:49.894  2979  2979 I ServiceManager: service 'dropbox' died
12-04 15:42:49.894  2979  2979 I ServiceManager: service 'wallpaper' died
12-04 15:42:49.894  2979  2979 I ServiceManager: service 'audio' died
12-04 15:42:49.894  2979  2979 I ServiceManager: service 'DockObserver' died
12-04 15:42:49.894  2979  2979 I ServiceManager: service 'usb' died
12-04 15:42:49.894  2979  2979 I ServiceManager: service 'serial' died
12-04 15:42:49.894  2979  2979 I ServiceManager: service 'jobscheduler' died
12-04 15:42:49.894  2979  2979 I ServiceManager: service 'backup' died
12-04 15:42:49.894  2979  2979 I ServiceManager: service 'appwidget' died
12-04 15:42:49.894  2979  2979 I ServiceManager: service 'voiceinteraction' died
12-04 15:42:49.894  2979  2979 I ServiceManager: service 'diskstats' died
12-04 15:42:49.894  2979  2979 I ServiceManager: service 'samplingprofiler' died
12-04 15:42:49.894  2979  2979 I ServiceManager: service 'commontime_management' died
12-04 15:42:49.894  2979  2979 I ServiceManager: service 'dreams' died
12-04 15:42:49.894  2979  2979 I ServiceManager: service 'assetatlas' died
12-04 15:42:49.894  2979  2979 I ServiceManager: service 'graphicsstats' died
12-04 15:42:49.894  2979  2979 I ServiceManager: service 'print' died
12-04 15:42:49.894  2979  2979 I ServiceManager: service 'restrictions' died
12-04 15:42:49.894  2979  2979 I ServiceManager: service 'media_session' died
12-04 15:42:49.894  2979  2979 I ServiceManager: service 'media_router' died
12-04 15:42:49.894  2979  2979 I ServiceManager: service 'trust' died
12-04 15:42:49.894  2979  2979 I ServiceManager: service 'fingerprint' died
12-04 15:42:49.894  2979  2979 I ServiceManager: service 'batterystats' died
12-04 15:42:49.894  2979  2979 I ServiceManager: service 'appops' died
12-04 15:42:49.895  2979  2979 I ServiceManager: service 'power' died
12-04 15:42:49.895  2979  2979 I ServiceManager: service 'display' died
12-04 15:42:49.914  2976  2976 I lowmemorykiller: ActivityManager disconnected
12-04 15:42:49.914  2976  2976 I lowmemorykiller: Closing Activity Manager data connection
12-04 15:42:50.018  4796  4796 I chatty  : uid=1013(media) /system/bin/mediaserver expire 63 lines
12-04 15:42:50.022  4797  4797 I Netd    : Netd 1.0 starting
12-04 15:42:50.023  4797  4797 I QtiConnectivityAdapter: Failed to open libconnctrl, some features may not be present.
12-04 15:42:50.023  4797  4797 D TetherController: Setting IP forward enable = 0
12-04 15:42:50.025  4791  4791 D AndroidRuntime: >>>>>> START com.android.internal.os.ZygoteInit uid 0 <<<<<<
12-04 15:42:50.028  4791  4791 D AndroidRuntime: CheckJNI is OFF
12-04 15:42:50.028  4791  4791 I art     : option[0]=-Xzygote
12-04 15:42:50.028  4791  4791 I art     : option[1]=-Xstacktracefile:/data/anr/traces.txt
12-04 15:42:50.028  4791  4791 I art     : option[2]=exit
12-04 15:42:50.028  4791  4791 I art     : option[3]=vfprintf
12-04 15:42:50.028  4791  4791 I art     : option[4]=sensitiveThread
12-04 15:42:50.028  4791  4791 I art     : option[5]=-verbose:gc
12-04 15:42:50.028  4791  4791 I art     : option[6]=-Xms8m
12-04 15:42:50.028  4791  4791 I art     : option[7]=-Xmx512m
12-04 15:42:50.028  4791  4791 I art     : option[8]=-XX:HeapGrowthLimit=256m
12-04 15:42:50.028  4791  4791 I art     : option[9]=-XX:HeapMinFree=2m
12-04 15:42:50.028  4791  4791 I art     : option[10]=-XX:HeapMaxFree=8m
12-04 15:42:50.028  4791  4791 I art     : option[11]=-XX:HeapTargetUtilization=0.75
12-04 15:42:50.028  4791  4791 I art     : option[12]=-agentlib:jdwp=transport=dt_android_adb,suspend=n,server=y
12-04 15:42:50.028  4791  4791 I art     : option[13]=-Xlockprofthreshold:500
12-04 15:42:50.028  4791  4791 I art     : option[14]=-Ximage-compiler-option
12-04 15:42:50.028  4791  4791 I art     : option[15]=--runtime-arg
12-04 15:42:50.028  4791  4791 I art     : option[16]=-Ximage-compiler-option
12-04 15:42:50.028  4791  4791 I art     : option[17]=-Xms64m
12-04 15:42:50.028  4791  4791 I art     : option[18]=-Ximage-compiler-option
12-04 15:42:50.028  4791  4791 I art     : option[19]=--runtime-arg
12-04 15:42:50.028  4791  4791 I art     : option[20]=-Ximage-compiler-option
12-04 15:42:50.029  4791  4791 I art     : option[21]=-Xmx64m
12-04 15:42:50.029  4791  4791 I art     : option[22]=-Ximage-compiler-option
12-04 15:42:50.029  4791  4791 I art     : option[23]=--compiler-filter=speed
12-04 15:42:50.019  3008  3008 W auditd  : type=1325 audit(0.0:210): table=filter family=2 entries=74
12-04 15:42:50.029  4791  4791 I art     : option[24]=-Ximage-compiler-option
12-04 15:42:50.029  4791  4791 I art     : option[25]=--image-classes=/system/etc/preloaded-classes
12-04 15:42:50.019  3008  3008 W auditd  : type=1320 audit(0.0:210): 
12-04 15:42:50.029  4791  4791 I art     : option[26]=-Xcompiler-option
12-04 15:42:50.029  4791  4791 I art     : option[27]=--runtime-arg
12-04 15:42:50.029  4791  4791 I art     : option[28]=-Xcompiler-option
12-04 15:42:50.029  4791  4791 I art     : option[29]=-Xms64m
12-04 15:42:50.029  4791  4791 I art     : option[30]=-Xcompiler-option
12-04 15:42:50.029  4791  4791 I art     : option[31]=--runtime-arg
12-04 15:42:50.029  4791  4791 I art     : option[32]=-Xcompiler-option
12-04 15:42:50.029  4791  4791 I art     : option[33]=-Xmx512m
12-04 15:42:50.029  4791  4791 I art     : option[34]=-Xcompiler-option
12-04 15:42:50.029  4791  4791 I art     : option[35]=--compiler-filter=speed
12-04 15:42:50.029  4791  4791 I art     : option[36]=-Ximage-compiler-option
12-04 15:42:50.029  4791  4791 I art     : option[37]=--instruction-set-variant=generic
12-04 15:42:50.029  4791  4791 I art     : option[38]=-Xcompiler-option
12-04 15:42:50.029  4791  4791 I art     : option[39]=--instruction-set-variant=generic
12-04 15:42:50.029  4791  4791 I art     : option[40]=-Ximage-compiler-option
12-04 15:42:50.029  4791  4791 I art     : option[41]=--instruction-set-features=default
12-04 15:42:50.029  4791  4791 I art     : option[42]=-Xcompiler-option
12-04 15:42:50.029  4791  4791 I art     : option[43]=--instruction-set-features=default
12-04 15:42:50.029  4791  4791 I art     : option[44]=-Duser.locale=en-US
12-04 15:42:50.029  4791  4791 I art     : option[45]=--cpu-abilist=arm64-v8a,armeabi
12-04 15:42:50.029  4791  4791 I art     : option[46]=-Xfingerprint:samsung/cm_hero2ltexx/hero2ltexx:6.0.1/MOB31K/e933b1c43c:userdebug/test-keys
12-04 15:42:50.039  3008  3008 W auditd  : type=1325 audit(0.0:211): table=filter family=10 entries=77
12-04 15:42:50.039  3008  3008 W auditd  : type=1320 audit(0.0:211): 
12-04 15:42:50.049  3008  3008 W auditd  : type=1325 audit(0.0:212): table=filter family=2 entries=73
12-04 15:42:50.049  3008  3008 W auditd  : type=1320 audit(0.0:212): 
12-04 15:42:50.062  4768  4768 D SurfaceFlinger: SF. shader cache generated - 26 shaders in 242.849915 ms
12-04 15:42:50.062  4791  4791 D ICU     : No timezone override file found: /data/misc/zoneinfo/current/icu/icu_tzdata.dat
12-04 15:42:50.059  3008  3008 W auditd  : type=1325 audit(0.0:213): table=filter family=10 entries=76
12-04 15:42:50.059  3008  3008 W auditd  : type=1320 audit(0.0:213): 
12-04 15:42:50.069  3008  3008 W auditd  : type=1325 audit(0.0:214): table=filter family=2 entries=71
12-04 15:42:50.069  3008  3008 W auditd  : type=1320 audit(0.0:214): 
12-04 15:42:50.079  3008  3008 W auditd  : type=1325 audit(0.0:215): table=filter family=10 entries=74
12-04 15:42:50.079  3008  3008 W auditd  : type=1320 audit(0.0:215): 
12-04 15:42:50.079  3008  3008 W auditd  : type=1325 audit(0.0:216): table=filter family=2 entries=69
12-04 15:42:50.079  3008  3008 W auditd  : type=1320 audit(0.0:216): 
12-04 15:42:50.087  4791  4791 I Radio-JNI: register_android_hardware_Radio DONE
12-04 15:42:50.089  4791  4791 I SamplingProfilerIntegration: Profiling disabled.
12-04 15:42:50.089  4791  4791 D Zygote  : begin preload
12-04 15:42:50.089  4791  4791 I Zygote  : Preloading classes...
12-04 15:42:50.089  3008  3008 W auditd  : type=1325 audit(0.0:217): table=filter family=10 entries=72
12-04 15:42:50.089  3008  3008 W auditd  : type=1320 audit(0.0:217): 
12-04 15:42:50.089  3008  3008 W auditd  : type=1325 audit(0.0:218): table=filter family=2 entries=71
12-04 15:42:50.089  3008  3008 W auditd  : type=1320 audit(0.0:218): 
12-04 15:42:50.098  4790  4795 D libEGL  : loaded /vendor/lib64/egl/libGLES_mali.so
12-04 15:42:50.099  3008  3008 W auditd  : type=1325 audit(0.0:219): table=filter family=10 entries=74
12-04 15:42:50.099  3008  3008 W auditd  : type=1320 audit(0.0:219): 
12-04 15:42:50.099  3008  3008 W auditd  : type=1325 audit(0.0:220): table=filter family=2 entries=72
12-04 15:42:50.099  3008  3008 W auditd  : type=1320 audit(0.0:220): 
12-04 15:42:50.109  3008  3008 W auditd  : type=1325 audit(0.0:221): table=filter family=10 entries=75
12-04 15:42:50.109  3008  3008 W auditd  : type=1320 audit(0.0:221): 
12-04 15:42:50.116  4790  4795 D mali_winsys: EGLint new_window_surface(egl_winsys_display*, void*, EGLSurface, EGLConfig, egl_winsys_surface**, egl_color_buffer_format*, EGLBoolean) returns 0x3000,  [1440x2560]-format:2
12-04 15:42:50.109  3008  3008 W auditd  : type=1325 audit(0.0:222): table=filter family=2 entries=71
12-04 15:42:50.109  3008  3008 W auditd  : type=1320 audit(0.0:222): 
12-04 15:42:50.119  4790  4795 E BootAnimation: couldn't find audio_conf.txt
12-04 15:42:50.121  4790  4795 D BootAnimation: Use save memory method, maybe small fps in actual.
12-04 15:42:50.121  4791  4791 E Minikin : addFont failed to create font /system/fonts/NanumGothic.ttf
12-04 15:42:50.121  4791  4791 E Minikin : addFont failed to create font /system/fonts/DroidSansFallback.ttf
12-04 15:42:50.121  4791  4791 E Minikin : addFont failed to create font /system/fonts/MTLmr3m.ttf
12-04 15:42:50.119  3008  3008 W auditd  : type=1325 audit(0.0:223): table=filter family=10 entries=74
12-04 15:42:50.119  3008  3008 W auditd  : type=1320 audit(0.0:223): 
12-04 15:42:50.129  3008  3008 W auditd  : type=1325 audit(0.0:224): table=filter family=2 entries=71
12-04 15:42:50.129  3008  3008 W auditd  : type=1320 audit(0.0:224): 
12-04 15:42:50.139  3008  3008 W auditd  : type=1325 audit(0.0:225): table=filter family=10 entries=74
12-04 15:42:50.167  4791  4791 V DngCreator_JNI: DngCreator_nativeClassInit:
12-04 15:42:50.210  4791  4791 I art     : Thread[1,tid=4791,Native,Thread*=0x7f797bba00,peer=0x12c2d100,"main"] recursive attempt to load library "/system/lib64/libmedia_jni.so"
12-04 15:42:50.210  4791  4791 D MtpDeviceJNI: register_android_mtp_MtpDevice
12-04 15:42:50.210  4791  4791 I art     : Thread[1,tid=4791,Native,Thread*=0x7f797bba00,peer=0x12c2d100,"main"] recursive attempt to load library "/system/lib64/libmedia_jni.so"
12-04 15:42:50.210  4791  4791 I art     : Thread[1,tid=4791,Native,Thread*=0x7f797bba00,peer=0x12c2d100,"main"] recursive attempt to load library "/system/lib64/libmedia_jni.so"
12-04 15:42:50.242  4796  4848 I chatty  : uid=1013(media) /system/bin/mediaserver expire 3 lines
12-04 15:42:50.256  4791  4791 W System  : ClassLoader referenced unknown path: /system/framework/tcmclient.jar
12-04 15:42:50.296  4791  4791 I System  : Loaded time zone names for "" in 17ms (17ms in ICU)
12-04 15:42:50.306  4791  4791 I System  : Loaded time zone names for "en_US" in 10ms (10ms in ICU)
12-04 15:42:50.312  4791  4791 I Zygote  : ...preloaded 3831 classes in 222ms.
12-04 15:42:50.312  4791  4791 I art     : VMRuntime.preloadDexCaches starting
12-04 15:42:50.350  4791  4791 I art     : VMRuntime.preloadDexCaches strings total=249480 before=44901 after=44901
12-04 15:42:50.350  4791  4791 I art     : VMRuntime.preloadDexCaches types total=20343 before=6892 after=6923
12-04 15:42:50.350  4791  4791 I art     : VMRuntime.preloadDexCaches fields total=100632 before=36118 after=36550
12-04 15:42:50.350  4791  4791 I art     : VMRuntime.preloadDexCaches methods total=172964 before=71279 after=71806
12-04 15:42:50.350  4791  4791 I art     : VMRuntime.preloadDexCaches finished
12-04 15:42:50.364  4870  4870 D idmap   : error: no read access to /vendor/overlay: No such file or directory
12-04 15:42:50.367  4791  4791 I Zygote  : Preloading resources...
12-04 15:42:50.593  4791  4791 I Zygote  : ...preloaded 342 resources in 227ms.
12-04 15:42:50.596  4791  4791 I Zygote  : ...preloaded 41 resources in 3ms.
12-04 15:42:50.602  4791  4791 D libEGL  : loaded /vendor/lib64/egl/libGLES_mali.so
12-04 15:42:50.609  4791  4791 I Zygote  : Preloading shared libraries...
12-04 15:42:50.611  4791  4791 D Zygote  : end preload
12-04 15:42:50.611  4791  4791 I art     : Starting a blocking GC Explicit
12-04 15:42:50.617  4791  4791 I art     : Explicit concurrent mark sweep GC freed 1717(82KB) AllocSpace objects, 0(0B) LOS objects, 38% free, 25MB/41MB, paused 52us total 5.141ms
12-04 15:42:50.618  4791  4791 I art     : Starting a blocking GC Explicit
12-04 15:42:50.623  4791  4791 I art     : Explicit concurrent mark sweep GC freed 521(21KB) AllocSpace objects, 0(0B) LOS objects, 38% free, 25MB/41MB, paused 49us total 4.834ms
12-04 15:42:50.624  4791  4805 I art     : Starting a blocking GC HeapTrim
12-04 15:42:50.627  4791  4791 I art     : Starting a blocking GC Background
12-04 15:42:50.651  4791  4791 I Zygote  : System server process 4926 has been created
12-04 15:42:50.651  4791  4791 I Zygote  : Accepting command socket connections
12-04 15:42:50.670  4926  4926 I Zygote  : Process: zygote socket opened, supported ABIS: armeabi-v7a,armeabi
12-04 15:42:50.671  4926  4926 I InstallerConnection: connecting...
12-04 15:42:50.671  2994  2994 I installd: new connection
12-04 15:42:50.672  4926  4926 I InstallerConnection: disconnecting...
12-04 15:42:50.672  2994  2994 E installd: eof
12-04 15:42:50.672  2994  2994 E installd: failed to read size
12-04 15:42:50.672  2994  2994 I installd: closing connection
12-04 15:42:50.677  4926  4926 I SystemServer: Entered the Android system server!
12-04 15:42:50.699  4926  4926 I SystemServiceManager: Starting com.android.server.pm.Installer
12-04 15:42:50.699  4926  4926 I Installer: Waiting for installd to be ready.
12-04 15:42:50.699  4926  4926 I InstallerConnection: connecting...
12-04 15:42:50.700  2994  2994 I installd: new connection
12-04 15:42:50.700  4926  4926 I SystemServiceManager: Starting com.android.server.am.ActivityManagerService$Lifecycle
12-04 15:42:50.705  4926  4926 I ActivityManager: choosing minFree values for 64 Bit
12-04 15:42:50.705  4926  4926 I ActivityManager: choosing minFree values for 64 Bit
12-04 15:42:50.705  4926  4926 I ActivityManager: choosing minFree values for 64 Bit
12-04 15:42:50.705  4926  4926 I ActivityManager: choosing minFree values for 64 Bit
12-04 15:42:50.705  4926  4926 I ActivityManager: choosing minFree values for 64 Bit
12-04 15:42:50.705  4926  4926 I ActivityManager: choosing minFree values for 64 Bit
12-04 15:42:50.706  4926  4926 I ActivityManager: Memory class: 256
12-04 15:42:50.707  4926  4951 I ServiceThread: Enabled StrictMode logging for ActivityManager looper.
12-04 15:42:50.708  4926  4953 I ServiceThread: Enabled StrictMode logging for android.ui looper.
12-04 15:42:50.713  4926  4926 D BatteryStatsImpl: Reading daily items from /data/system/batterystats-daily.xml
12-04 15:42:50.736  4926  4926 W ProcessCpuTracker: Skipping unknown process pid 4956
12-04 15:42:50.738  4926  4926 I IntentFirewall: Read new rules (A:0 B:0 S:0)
12-04 15:42:50.742  4926  4963 I ServiceThread: Enabled StrictMode logging for android.display looper.
12-04 15:42:50.746  4926  4926 D AppOps  : AppOpsService published
12-04 15:42:50.746  4926  4926 I SystemServiceManager: Starting com.android.server.power.PowerManagerService
12-04 15:42:50.747  4926  4966 I ServiceThread: Enabled StrictMode logging for PowerManagerService looper.
12-04 15:42:50.747  4926  4926 W libsuspend: Error writing 'on' to /sys/power/state: Invalid argument
12-04 15:42:50.747  4926  4926 I libsuspend: Selected wakeup count
12-04 15:42:50.748  4926  4926 I SystemServiceManager: Starting com.android.server.lights.LightsService
12-04 15:42:50.749  4926  4926 I SystemServiceManager: Starting com.android.server.display.DisplayManagerService
12-04 15:42:50.751  4926  4926 I SystemServiceManager: Starting phase 100
12-04 15:42:50.753  4768  4769 E SurfaceFlinger: getDefaultDisplay: id=2 is not a valid default display id
12-04 15:42:50.754  4926  4963 I DisplayManagerService: Display device added: DisplayDeviceInfo{"Built-in Screen": uniqueId="local:0", 1440 x 2560, modeId 1, defaultModeId 1, supportedModes [{id=1, width=1440, height=2560, fps=59.0}], colorTransformId 1, defaultColorTransformId 1, supportedColorTransforms [{id=1, colorTransform=-22}], density 640, 537.882 x 532.983 dpi, appVsyncOff 0, presDeadline 17949152, touch INTERNAL, rotation 0, type BUILT_IN, state UNKNOWN, FLAG_DEFAULT_DISPLAY, FLAG_ROTATES_WITH_CONTENT, FLAG_SECURE, FLAG_SUPPORTS_PROTECTED_BUFFERS}
12-04 15:42:50.755  4768  4768 D SurfaceFlinger: Set power mode=2, type=0 flinger=0x7f9ef83c00
12-04 15:42:50.755  4768  4768 D SurfaceFlinger: Screen type=0 is already mode=2
12-04 15:42:50.762  4926  4963 I DisplayManagerService: Display device changed state: "Built-in Screen", ON
12-04 15:42:50.762  4926  4926 I SystemServer: Package Manager
12-04 15:42:50.792  4926  4926 D SELinuxMMAC: Using policy file /system/etc/security/mac_permissions.xml
12-04 15:42:50.844  4926  4926 E art     : DexFile_getDexOptNeeded file '/system/framework/org.apache.http.legacy.jar' does not exist
12-04 15:42:50.844  4926  4926 W PackageManager: Library not found: /system/framework/org.apache.http.legacy.jar
12-04 15:42:50.844  4926  4926 E art     : DexFile_getDexOptNeeded file '/system/framework/com.android.nfc_extras.jar' does not exist
12-04 15:42:50.844  4926  4926 W PackageManager: Library not found: /system/framework/com.android.nfc_extras.jar
12-04 15:42:50.846  4926  4926 E art     : DexFile_getDexOptNeeded file '/system/framework/org.apache.http.legacy.jar' does not exist
12-04 15:42:50.846  4926  4926 W PackageManager: Library not found: /system/framework/org.apache.http.legacy.jar
12-04 15:42:50.846  4926  4926 E art     : DexFile_getDexOptNeeded file '/system/framework/com.android.nfc_extras.jar' does not exist
12-04 15:42:50.846  4926  4926 W PackageManager: Library not found: /system/framework/com.android.nfc_extras.jar
12-04 15:42:50.856  4926  4926 D PackageManager: No files in app dir /vendor/overlay
12-04 15:42:50.856  4926  4926 D PackageManager: start scanDirLI:/system/framework
12-04 15:42:50.856  4926  4926 D PackageManager: max thread:6
12-04 15:42:50.858  4926  4994 W PackageManager: Failed to parse /system/framework/arm: Missing base APK in /system/framework/arm
12-04 15:42:50.861  4926  4998 W PackageManager: Failed to parse /system/framework/oat: Missing base APK in /system/framework/oat
12-04 15:42:50.862  4926  4995 W PackageManager: Failed to parse /system/framework/arm64: Missing base APK in /system/framework/arm64
12-04 15:42:50.872  4926  4999 W PackageManager: Permission cyanogenmod.permission.WRITE_ALARMS from package cyanogenmod.platform in an unknown group android.permission-group.SYSTEM_CLOCK
12-04 15:42:50.872  4926  4999 W PackageManager: Permission cyanogenmod.permission.MANAGE_ALARMS from package cyanogenmod.platform in an unknown group android.permission-group.SYSTEM_CLOCK
12-04 15:42:50.872  4926  4999 W PackageManager: Permission cyanogenmod.permission.READ_ALARMS from package cyanogenmod.platform in an unknown group android.permission-group.SYSTEM_CLOCK
12-04 15:42:50.943  4926  4997 W PackageManager: Permission android.permission.SET_KEYGUARD_WALLPAPER from package android in an unknown group android.permission-group.WALLPAPER
12-04 15:42:50.943  4926  4997 W PackageManager: Permission android.permission.MODIFY_PROTECTED_SMS_LIST from package android in an unknown group android.permission-group.MESSAGES
12-04 15:42:50.943  4926  4997 W PackageManager: Permission android.permission.RECEIVE_PROTECTED_SMS from package android in an unknown group android.permission-group.MESSAGES
12-04 15:42:50.943  4926  4997 W PackageManager: Permission android.permission.RESET_BATTERY_STATS from package android in an unknown group android.permission-group.SYSTEM_TOOLS
