07-09 20:27:16.446  4374  4374 W PackageManager: Permission android.permission.RECEIVE_PROTECTED_SMS from package android in an unknown group android.permission-group.MESSAGES
07-09 20:27:16.447  4374  4374 W PackageManager: Permission android.permission.RESET_BATTERY_STATS from package android in an unknown group android.permission-group.SYSTEM_TOOLS
07-09 20:27:16.470  4374  4374 I PackageManager: SELinux relabeling of cyanogenmod.platform issued.
07-09 20:27:16.474  4374  4374 W PackageManager: Permission cyanogenmod.permission.WRITE_ALARMS from package cyanogenmod.platform in an unknown group android.permission-group.SYSTEM_CLOCK
07-09 20:27:16.474  4374  4374 W PackageManager: Permission cyanogenmod.permission.MANAGE_ALARMS from package cyanogenmod.platform in an unknown group android.permission-group.SYSTEM_CLOCK
07-09 20:27:16.474  4374  4374 W PackageManager: Permission cyanogenmod.permission.READ_ALARMS from package cyanogenmod.platform in an unknown group android.permission-group.SYSTEM_CLOCK
07-09 20:27:16.510  4374  4374 I PackageManager: SELinux relabeling of org.cyanogenmod.audiofx issued.
07-09 20:27:16.530  4374  4374 I PackageManager: SELinux relabeling of com.android.backupconfirm issued.
07-09 20:27:16.551  4374  4374 I PackageManager: SELinux relabeling of org.cyanogenmod.cmsettings issued.
07-09 20:27:16.626  4374  4374 I PackageManager: SELinux relabeling of com.cyanogenmod.updater issued.
07-09 20:27:16.652  4374  4374 I PackageManager: SELinux relabeling of com.android.providers.calendar issued.
07-09 20:27:16.672  4374  4374 I PackageManager: SELinux relabeling of com.android.calllogbackup issued.
07-09 20:27:16.783  4374  4374 I PackageManager: SELinux relabeling of com.android.carrierconfig issued.
07-09 20:27:16.814  4374  4374 I PackageManager: SELinux relabeling of com.android.cellbroadcastreceiver issued.
07-09 20:27:16.833  4374  4374 W PackageParser: No actions in intent filter at /system/priv-app/Contacts/Contacts.apk Binary XML file line #301
07-09 20:27:17.447  4374  4374 I PackageManager: SELinux relabeling of com.android.contacts issued.
07-09 20:27:17.478  4374  4374 I PackageManager: SELinux relabeling of com.android.providers.contacts issued.
07-09 20:27:18.013  4374  4374 I PackageManager: SELinux relabeling of com.cyanogenmod.setupwizard issued.
07-09 20:27:18.037  4374  4374 I PackageManager: SELinux relabeling of org.cyanogenmod.providers.datausage issued.
07-09 20:27:18.057  4374  4374 I PackageManager: SELinux relabeling of com.android.defcontainer issued.
07-09 20:27:18.070  4374  4374 W PackageParser: No actions in intent filter at /system/priv-app/Dialer/Dialer.apk Binary XML file line #151
07-09 20:27:18.768  4374  4374 I PackageManager: SELinux relabeling of com.android.dialer issued.
07-09 20:27:18.797  4374  4374 I PackageManager: SELinux relabeling of com.android.providers.downloads issued.
07-09 20:27:18.801  4374  4374 W PackageManager: Permission android.permission.DOWNLOAD_WITHOUT_NOTIFICATION from package com.android.providers.downloads in an unknown group android.permission-group.NETWORK
07-09 20:27:18.817  4374  4374 I PackageManager: SELinux relabeling of com.android.externalstorage issued.
07-09 20:27:18.836  4374  4374 I PackageManager: SELinux relabeling of com.android.location.fused issued.
07-09 20:27:18.869  4374  4374 I PackageManager: SELinux relabeling of com.android.inputdevices issued.
07-09 20:27:18.888  4374  4374 I PackageManager: SELinux relabeling of org.cyanogenmod.livelockscreen.service issued.
07-09 20:27:18.930  4374  4374 I PackageManager: SELinux relabeling of com.android.managedprovisioning issued.
07-09 20:27:18.956  4374  4374 I PackageManager: SELinux relabeling of com.android.providers.media issued.
07-09 20:27:18.977  4374  4374 I PackageManager: SELinux relabeling of com.android.mms.service issued.
07-09 20:27:18.995  4374  4374 I PackageManager: SELinux relabeling of com.android.onetimeinitializer issued.
07-09 20:27:19.155  4374  4374 I PackageManager: SELinux relabeling of com.android.packageinstaller issued.
07-09 20:27:19.175  4374  4374 I PackageManager: SELinux relabeling of com.android.proxyhandler issued.
07-09 20:27:19.200  4374  4374 I PackageManager: SELinux relabeling of org.cyanogenmod.screencast issued.
07-09 20:27:20.007  4374  4374 I PackageManager: SELinux relabeling of com.android.settings issued.
07-09 20:27:20.051  4374  4374 I PackageManager: SELinux relabeling of com.android.providers.settings issued.
07-09 20:27:20.068  4374  4374 I PackageManager: SELinux relabeling of com.android.sharedstoragebackup issued.
07-09 20:27:20.094  4374  4374 I PackageManager: SELinux relabeling of com.android.shell issued.
07-09 20:27:20.114  4374  4374 I PackageManager: SELinux relabeling of com.android.statementservice issued.
07-09 20:27:20.409  4374  4374 I PackageManager: SELinux relabeling of com.android.systemui issued.
07-09 20:27:20.427  4374  4374 W PackageParser: Ignoring duplicate uses-permissions/uses-permissions-sdk-m: android.permission.ACCESS_WIFI_STATE in package: com.android.phone at: Binary XML file line #132
07-09 20:27:20.499  4374  4374 I PackageManager: SELinux relabeling of com.android.phone issued.
07-09 20:27:20.536  4374  4374 I PackageManager: SELinux relabeling of com.android.server.telecom issued.
07-09 20:27:20.558  4374  4374 I PackageManager: SELinux relabeling of com.android.providers.telephony issued.
07-09 20:27:20.592  4374  4374 I PackageManager: SELinux relabeling of org.cyanogenmod.theme.chooser issued.
07-09 20:27:20.612  4374  4374 I PackageManager: SELinux relabeling of org.cyanogenmod.themes.provider issued.
07-09 20:27:20.699  4374  4374 I PackageManager: SELinux relabeling of com.cyanogenmod.trebuchet issued.
07-09 20:27:20.704  4374  4374 W PackageManager: Permission com.android.launcher.permission.INSTALL_SHORTCUT from package com.cyanogenmod.trebuchet in an unknown group android.permission-group.SYSTEM_TOOLS
07-09 20:27:20.704  4374  4374 W PackageManager: Permission com.android.launcher3.permission.READ_SETTINGS from package com.cyanogenmod.trebuchet in an unknown group android.permission-group.SYSTEM_TOOLS
07-09 20:27:20.704  4374  4374 W PackageManager: Permission com.android.launcher3.permission.WRITE_SETTINGS from package com.cyanogenmod.trebuchet in an unknown group android.permission-group.SYSTEM_TOOLS
07-09 20:27:20.719  4374  4374 I PackageManager: SELinux relabeling of com.android.vpndialogs issued.
07-09 20:27:20.737  4374  4374 I PackageManager: SELinux relabeling of com.android.wallpapercropper issued.
07-09 20:27:20.754  4374  4374 I PackageManager: SELinux relabeling of org.cyanogenmod.weather.provider issued.
07-09 20:27:20.773  4374  4374 I PackageManager: SELinux relabeling of com.android.dreams.basic issued.
07-09 20:27:20.786  4374  4374 W PackageParser: No actions in intent filter at /system/app/Bluetooth/Bluetooth.apk Binary XML file line #234
07-09 20:27:20.807  4374  4374 I PackageManager: SELinux relabeling of com.android.bluetooth issued.
07-09 20:27:20.832  4374  4374 I PackageManager: SELinux relabeling of com.android.bluetoothmidiservice issued.
07-09 20:27:20.933  4374  4374 I PackageManager: SELinux relabeling of com.android.browser issued.
07-09 20:27:20.946  4374  4374 W PackageParser: No actions in intent filter at /system/app/CMFileManager/CMFileManager.apk Binary XML file line #164
07-09 20:27:21.041  4374  4374 I PackageManager: SELinux relabeling of com.cyanogenmod.filemanager issued.
07-09 20:27:21.078  4374  4374 I PackageManager: SELinux relabeling of com.cyanogenmod.wallpapers issued.
07-09 20:27:21.200  4374  4374 I PackageManager: SELinux relabeling of com.android.calendar issued.
07-09 20:27:21.392  4374  4374 I PackageManager: SELinux relabeling of com.android.camera2 issued.
07-09 20:27:21.411  4374  4374 I PackageManager: SELinux relabeling of com.android.captiveportallogin issued.
07-09 20:27:21.431  4374  4374 I PackageManager: SELinux relabeling of com.android.certinstaller issued.
07-09 20:27:21.586  4374  4374 I PackageManager: SELinux relabeling of com.android.deskclock issued.
07-09 20:27:21.623  4374  4374 I PackageManager: SELinux relabeling of com.android.development issued.
07-09 20:27:21.689  4374  4374 I PackageManager: SELinux relabeling of com.android.documentsui issued.
07-09 20:27:21.712  4374  4374 I PackageManager: SELinux relabeling of com.android.providers.downloads.ui issued.
07-09 20:27:21.783  4374  4374 I PackageManager: SELinux relabeling of com.cyanogenmod.eleven issued.
07-09 20:27:22.032  4374  4374 I PackageManager: SELinux relabeling of com.android.email issued.
07-09 20:27:22.063  4374  4374 I PackageManager: SELinux relabeling of com.android.calculator2 issued.
07-09 20:27:22.087  4374  4374 I PackageManager: SELinux relabeling of com.android.exchange issued.
07-09 20:27:22.111  4374  4374 I PackageManager: SELinux relabeling of com.android.galaxy4 issued.
07-09 20:27:22.125  4374  4374 W PackageParser: Unknown element under <application>: permission at /system/app/Gallery2/Gallery2.apk Binary XML file line #278
07-09 20:27:22.125  4374  4374 W PackageParser: Unknown element under <application>: permission at /system/app/Gallery2/Gallery2.apk Binary XML file line #281
07-09 20:27:22.307  4374  4374 I PackageManager: SELinux relabeling of com.android.gallery3d issued.
07-09 20:27:22.330  4374  4374 I PackageManager: SELinux relabeling of com.android.htmlviewer issued.
07-09 20:27:22.352  4374  4374 I PackageManager: SELinux relabeling of com.android.wallpaper.holospiral issued.
07-09 20:27:22.371  4374  4374 I PackageManager: SELinux relabeling of com.android.keychain issued.
07-09 20:27:22.891  4374  4374 I PackageManager: SELinux relabeling of com.android.inputmethod.latin issued.
07-09 20:27:22.921  4374  4374 I PackageManager: SELinux relabeling of com.android.wallpaper issued.
07-09 20:27:22.943  4374  4374 I PackageManager: SELinux relabeling of com.android.wallpaper.livepicker issued.
07-09 20:27:23.040  4374  4374 I PackageManager: SELinux relabeling of com.cyanogenmod.lockclock issued.
07-09 20:27:23.063  4374  4374 I PackageManager: SELinux relabeling of com.android.noisefield issued.
07-09 20:27:23.079  4374  4374 I PackageManager: SELinux relabeling of com.android.pacprocessor issued.
07-09 20:27:23.102  4374  4374 I PackageManager: SELinux relabeling of com.android.phasebeam issued.
07-09 20:27:23.149  4374  4374 I PackageManager: SELinux relabeling of org.cyanogenmod.wallpapers.photophase issued.
07-09 20:27:23.175  4374  4374 I PackageManager: SELinux relabeling of com.android.dreams.phototable issued.
07-09 20:27:23.195  4374  4374 I PackageManager: SELinux relabeling of com.svox.pico issued.
07-09 20:27:23.223  4374  4374 I PackageManager: SELinux relabeling of com.android.printspooler issued.
07-09 20:27:23.241  4374  4374 I PackageManager: SELinux relabeling of org.cyanogenmod.profiles issued.
07-09 20:27:23.258  4374  4374 I PackageManager: SELinux relabeling of com.android.provision issued.
07-09 20:27:23.274  4374  4374 I PackageManager: SELinux relabeling of com.gd.mobicore.pa issued.
07-09 20:27:23.295  4374  4374 I PackageManager: SELinux relabeling of com.cyanogenmod.samsungservicemode issued.
07-09 20:27:23.320  4374  4374 I PackageManager: SELinux relabeling of com.android.soundrecorder issued.
07-09 20:27:23.345  4374  4374 I PackageManager: SELinux relabeling of com.android.stk issued.
07-09 20:27:23.365  4374  4374 I PackageManager: SELinux relabeling of com.android.terminal issued.
07-09 20:27:23.381  4374  4374 I PackageManager: SELinux relabeling of com.android.providers.userdictionary issued.
07-09 20:27:23.397  4374  4374 I PackageManager: SELinux relabeling of com.android.smspush issued.
07-09 20:27:23.422  4374  4374 I PackageManager: SELinux relabeling of org.cyanogenmod.wallpaperpicker issued.
07-09 20:27:23.426  4374  4374 W PackageManager: Failed to parse /system/app/mcRegistry: Missing base APK in /system/app/mcRegistry
07-09 20:27:24.120  4374  4374 I PackageManager: SELinux relabeling of com.android.messaging issued.
07-09 20:27:24.141  4374  4374 I PackageManager: SELinux relabeling of com.android.frameworks.telresources issued.
07-09 20:27:24.204  4374  4374 I PackageManager: SELinux relabeling of com.android.webview issued.
07-09 20:27:24.207  4374  4374 D PackageManager: No files in app dir /system/vendor/app
07-09 20:27:24.207  4374  4374 D PackageManager: No files in app dir /oem/app
07-09 20:27:24.207  4374  4374 D PackageManager: No files in app dir /vendor/bundled-app
07-09 20:27:24.209  4374  4374 W PackageManager: Failed to parse /data/app/mcRegistry: Missing base APK in /data/app/mcRegistry
07-09 20:27:24.209  4374  4374 D PackageManager: No files in app dir /data/app-private
07-09 20:27:24.209  4374  4374 E PackageManager: updateAllSharedLibrariesLPw failed: Package com.android.dialer requires unavailable shared library com.qualcomm.qti.smartsearch; failing!
07-09 20:27:24.209  4374  4374 W PackageManager: Package com.android.gallery3d desires unavailable shared library com.google.android.media.effects; ignoring!
07-09 20:27:24.209  4374  4374 W PackageManager: Package com.android.gallery3d desires unavailable shared library com.google.android.media.effects; ignoring!
07-09 20:27:24.209  4374  4374 I PackageManager: Adjusting ABI for : com.android.providers.settings to arm64-v8a
07-09 20:27:24.210  4374  4374 I PackageManager: Adjusting ABI for : org.cyanogenmod.providers.datausage to arm64-v8a
07-09 20:27:24.210  4374  4374 I PackageManager: Adjusting ABI for : cyanogenmod.platform to arm64-v8a
07-09 20:27:24.210  2949  2949 E installd: invalid apk path '/system/framework/org.cyanogenmod.platform-res.apk' (bad prefix)
07-09 20:27:24.210  4374  4374 I PackageManager: Adjusting ABI for : com.android.inputdevices to arm64-v8a
07-09 20:27:24.210  4374  4374 I PackageManager: Adjusting ABI for : com.android.development to arm64-v8a
07-09 20:27:24.211  4374  4374 I PackageManager: Adjusting ABI for : com.android.location.fused to arm64-v8a
07-09 20:27:24.211  4374  4374 I PackageManager: Adjusting ABI for : com.cyanogenmod.setupwizard to arm64-v8a
07-09 20:27:24.211  4374  4374 I PackageManager: Adjusting ABI for : org.cyanogenmod.cmsettings to arm64-v8a
07-09 20:27:24.211  4374  4374 I PackageManager: Adjusting ABI for : com.android.server.telecom to arm64-v8a
07-09 20:27:24.212  4374  4374 I PackageManager: Adjusting ABI for : com.android.settings to arm64-v8a
07-09 20:27:24.212  4374  4374 I PackageManager: Adjusting ABI for : com.android.keychain to arm64-v8a
07-09 20:27:24.212  4374  4374 I PackageManager: Time to scan packages: 8.875 seconds
07-09 20:27:24.213  4374  4374 W PackageManager: Unknown permission com.google.android.googleapps.permission.GOOGLE_AUTH in package com.android.providers.calendar
07-09 20:27:24.213  4374  4374 W PackageManager: Unknown permission com.google.android.googleapps.permission.GOOGLE_AUTH.cl in package com.android.providers.calendar
07-09 20:27:24.214  4374  4374 W PackageManager: Not granting permission android.permission.REAL_GET_TASKS to package org.cyanogenmod.wallpapers.photophase (protectionLevel=18 flags=0x3818be45)
07-09 20:27:24.215  4374  4374 W PackageManager: Unknown permission com.cyanogen.ambient.permission.BIND_CALLER_INFO in package com.android.messaging
07-09 20:27:24.215  4374  4374 W PackageManager: Not granting permission android.permission.ACCESS_DOWNLOAD_MANAGER to package com.android.browser (protectionLevel=18 flags=0x3849be45)
07-09 20:27:24.215  4374  4374 W PackageManager: Not granting permission android.permission.SEND_DOWNLOAD_COMPLETED_INTENTS to package com.android.browser (protectionLevel=2 flags=0x3849be45)
07-09 20:27:24.216  4374  4374 W PackageManager: Unknown permission com.cyngn.stats.SEND_ANALYTICS in package com.cyanogenmod.setupwizard
07-09 20:27:24.216  4374  4374 W PackageManager: Unknown permission com.cyanogen.permission.REQUEST_KILL_SWITCH_OP in package com.cyanogenmod.setupwizard
07-09 20:27:24.217  4374  4374 W PackageManager: Unknown permission com.cyanogen.ambient.permission.BIND_INCALL_SERVICE in package com.android.contacts
07-09 20:27:24.217  4374  4374 W PackageManager: Unknown permission com.cyanogen.ambient.permission.PLUGIN_STATUS_CHANGED in package com.android.contacts
07-09 20:27:24.217  4374  4374 W PackageManager: Unknown permission com.cyanogen.ambient.permission.BIND_CALLER_INFO in package com.android.contacts
07-09 20:27:24.218  4374  4374 W PackageManager: Unknown permission com.google.android.googleapps.permission.GOOGLE_AUTH.mail in package com.android.calendar
07-09 20:27:24.218  4374  4374 W PackageManager: Unknown permission com.android.launcher.permission.READ_SETTINGS in package com.android.onetimeinitializer
07-09 20:27:24.218  4374  4374 W PackageManager: Unknown permission com.android.launcher.permission.WRITE_SETTINGS in package com.android.onetimeinitializer
07-09 20:27:24.219  4374  4374 W PackageManager: Unknown permission com.cyanogen.ambient.permission.BIND_INCALL_SERVICE in package com.android.dialer
07-09 20:27:24.219  4374  4374 W PackageManager: Unknown permission com.cyanogen.ambient.permission.PLUGIN_STATUS_CHANGED in package com.android.dialer
07-09 20:27:24.219  4374  4374 W PackageManager: Unknown permission com.cyanogen.ambient.permission.PUBLISH_DISCOVERY_NUDGE in package com.android.dialer
07-09 20:27:24.219  4374  4374 W PackageManager: Unknown permission com.cyanogen.ambient.permission.BIND_DEEPLINK_SERVICE in package com.android.dialer
07-09 20:27:24.219  4374  4374 W PackageManager: Unknown permission com.cyanogen.ambient.permission.READ_DEEPLINK_DATABASE in package com.android.dialer
07-09 20:27:24.219  4374  4374 W PackageManager: Unknown permission com.cyanogen.ambient.permission.BIND_CALLER_INFO in package com.android.dialer
07-09 20:27:24.220  4374  4374 W PackageManager: Unknown permission com.android.launcher.permission.READ_SETTINGS in package com.cyanogenmod.trebuchet
07-09 20:27:24.220  4374  4374 W PackageManager: Unknown permission com.android.launcher.permission.WRITE_SETTINGS in package com.cyanogenmod.trebuchet
07-09 20:27:24.220  4374  4374 W PackageManager: Unknown permission com.cyngn.stats.SEND_ANALYTICS in package com.cyanogenmod.trebuchet
07-09 20:27:24.220  4374  4374 W PackageManager: Unknown permission android.permission.CANCEL_NOTIFICATIONS in package org.cyanogenmod.theme.chooser
07-09 20:27:24.220  4374  4374 W PackageManager: Unknown permission com.google.android.permission.INSTALL_WEARABLE_PACKAGES in package com.android.packageinstaller
07-09 20:27:24.220  4374  4374 W PackageManager: Not granting permission android.permission.DELETE_PACKAGES to package com.svox.pico (protectionLevel=18 flags=0x3808be45)
07-09 20:27:24.221  4374  4374 W PackageManager: Unknown permission android.permission.ACCESS_SUPERUSER in package com.cyanogenmod.filemanager
07-09 20:27:24.221  4374  4374 W PackageManager: Unknown permission com.cyanogenmod.filemanager.permissions.READ_THEME in package com.cyanogenmod.filemanager
07-09 20:27:24.221  4374  4374 W PackageManager: Unknown permission com.google.android.gallery3d.permission.PICASA_STORE in package com.android.dreams.phototable
07-09 20:27:24.222  4374  4374 W PackageManager: Unknown permission com.google.android.googleapps.permission.GOOGLE_AUTH in package com.android.settings
07-09 20:27:24.222  4374  4374 W PackageManager: Unknown permission com.android.launcher.permission.READ_SETTINGS in package com.android.settings
07-09 20:27:24.222  4374  4374 W PackageManager: Unknown permission com.android.launcher.permission.WRITE_SETTINGS in package com.android.settings
07-09 20:27:24.223  4374  4374 W PackageManager: Not granting permission android.permission.REAL_GET_TASKS to package com.cyanogenmod.eleven (protectionLevel=18 flags=0x3818be65)
07-09 20:27:24.227  4374  4374 W PackageManager: Unknown permission com.google.android.gallery3d.permission.GALLERY_PROVIDER in package com.android.bluetooth
07-09 20:27:24.228  4374  4374 W PackageManager: Unknown permission com.google.android.googleapps.permission.ACCESS_GOOGLE_PASSWORD in package com.android.development
07-09 20:27:24.228  4374  4374 W PackageManager: Unknown permission com.google.android.googleapps.permission.GOOGLE_AUTH in package com.android.development
07-09 20:27:24.228  4374  4374 W PackageManager: Unknown permission com.google.android.googleapps.permission.GOOGLE_AUTH.ALL_SERVICES in package com.android.development
07-09 20:27:24.228  4374  4374 W PackageManager: Unknown permission com.google.android.googleapps.permission.GOOGLE_AUTH.YouTubeUser in package com.android.development
07-09 20:27:24.229  4374  4374 V PackageManager: Disabling com.google.android.gsf/com.google.android.gsf.update.SystemUpdateActivity
07-09 20:27:24.229  4374  4374 W PackageManager: Unable to disable com.google.android.gsf/com.google.android.gsf.update.SystemUpdateActivity
07-09 20:27:24.229  4374  4374 V PackageManager: Disabling com.google.android.gsf/com.google.android.gsf.update.SystemUpdateService$Receiver
07-09 20:27:24.229  4374  4374 W PackageManager: Unable to disable com.google.android.gsf/com.google.android.gsf.update.SystemUpdateService$Receiver
07-09 20:27:24.229  4374  4374 V PackageManager: Disabling com.google.android.gsf/com.google.android.gsf.update.SystemUpdateService$SecretCodeReceiver
07-09 20:27:24.229  4374  4374 W PackageManager: Unable to disable com.google.android.gsf/com.google.android.gsf.update.SystemUpdateService$SecretCodeReceiver
07-09 20:27:24.229  4374  4374 V PackageManager: Disabling com.google.android.gms/com.google.android.gms.update.SystemUpdateActivity
07-09 20:27:24.229  4374  4374 W PackageManager: Unable to disable com.google.android.gms/com.google.android.gms.update.SystemUpdateActivity
07-09 20:27:24.229  4374  4374 V PackageManager: Disabling com.google.android.gms/com.google.android.gms.update.SystemUpdateService$Receiver
07-09 20:27:24.229  4374  4374 W PackageManager: Unable to disable com.google.android.gms/com.google.android.gms.update.SystemUpdateService$Receiver
07-09 20:27:24.230  4374  4374 V PackageManager: Disabling com.google.android.gms/com.google.android.gms.update.SystemUpdateService$ActiveReceiver
07-09 20:27:24.230  4374  4374 W PackageManager: Unable to disable com.google.android.gms/com.google.android.gms.update.SystemUpdateService$ActiveReceiver
07-09 20:27:24.230  4374  4374 V PackageManager: Disabling com.google.android.gms/com.google.android.gms.update.SystemUpdateService$SecretCodeReceiver
07-09 20:27:24.230  4374  4374 W PackageManager: Unable to disable com.google.android.gms/com.google.android.gms.update.SystemUpdateService$SecretCodeReceiver
07-09 20:27:24.230  4374  4374 V PackageManager: Enabling com.google.android.gsf/com.google.android.gsf.update.SystemUpdateService
07-09 20:27:24.230  4374  4374 W PackageManager: Unable to enable com.google.android.gsf/com.google.android.gsf.update.SystemUpdateService
07-09 20:27:24.230  4374  4374 V PackageManager: Enabling com.google.android.gms/com.google.android.gms.update.SystemUpdateService
07-09 20:27:24.230  4374  4374 W PackageManager: Unable to enable com.google.android.gms/com.google.android.gms.update.SystemUpdateService
07-09 20:27:24.422  4374  4374 I art     : Starting a blocking GC Explicit
07-09 20:27:24.443  4374  4374 I art     : Explicit concurrent mark sweep GC freed 125034(6MB) AllocSpace objects, 20(1504KB) LOS objects, 33% free, 28MB/42MB, paused 78us total 20.536ms
07-09 20:27:24.444  4374  4374 I SystemServer: User Service
07-09 20:27:24.453  2917  2917 I lowmemorykiller: ActivityManager connected
07-09 20:27:24.458  4374  4405 I         : System server: starting sensor init.
07-09 20:27:24.458  4374  4405 D SensorService: nuSensorService starting...
07-09 20:27:24.459  4374  4374 I SystemServiceManager: Starting com.android.server.BatteryService
07-09 20:27:24.460  4374  4405 I Sensors : getName:gyro_sensor name = K6DS3TR.
07-09 20:27:24.460  4374  4405 I Sensors : Proximity old sensor_state 0, new sensor_state : 128 en : 1
07-09 20:27:24.470  4374  4405 I Sensors : Light old sensor_state 128, new sensor_state : 640 en : 1
07-09 20:27:24.476  4374  4405 I Sensors : Light_IR old sensor_state 640, new sensor_state : 16777856 en : 1
07-09 20:27:24.476  4374  4405 E Sensors : Light_IR_Sensor write failed. ret = -1, sensor_state = 16777856
07-09 20:27:24.476  4374  4405 I Sensors : SigMotionSensor old sensor_state 640, new sensor_state : 17024 en : 1
07-09 20:27:24.482  4374  4405 I Sensors : getName:gyro_sensor name = K6DS3TR.
07-09 20:27:24.482  4374  4405 I Sensors : StepCounterSensor old sensor_state 17024, new sensor_state : 279168 en : 1
07-09 20:27:24.482  4374  4405 E Sensors : StepCounterSensor write failed. ret = -1, sensor_state = 279168
07-09 20:27:24.482  4374  4405 I Sensors : Int.Gyro old sensor_state 17024, new sensor_state : 33571456 en : 1
07-09 20:27:24.482  4374  4405 E Sensors : Int.GyroSensor write failed. ret = -1, sensor_state = 33571456
07-09 20:27:24.482  4374  4405 I Sensors : getName:gyro_sensor name = K6DS3TR.
07-09 20:27:24.483  4374  4405 I Sensors : HrmSpO2Sensor:: part type = 12.
07-09 20:27:24.483  4374  4405 D Sensors : HrmSpO2Sensor::type:12, prox threshold:10000
07-09 20:27:24.483  4374  4405 D Sensors : HrmSpO2Sensor::handle:0 ,en:1
07-09 20:27:24.483  4374  4405 E Sensors : HrmSpO2Sensor::Error MAXIM Flicker Library...handle=0x0
07-09 20:27:24.483  4374  4405 D Sensors : HrmSpO2Sensor::HrmSpO2Sensor: Shared version Registered
07-09 20:27:24.483  4374  4405 D Sensors : HrmLedSensor enable: mEnabled 0, handle 20, en 1
07-09 20:27:24.483  4374  4405 D Sensors : HRMSensor led enabled:1, en:1
07-09 20:27:24.483  4374  4374 I SystemServiceManager: Starting com.android.server.usage.UsageStatsService
07-09 20:27:24.490  4374  4405 I Sensors : getVendor:hrm_sensor vendor = MAXIM.
07-09 20:27:24.490  4374  4405 I Sensors : HrmLedSensor: HrmLedSensor vendor = MAXIM.
07-09 20:27:24.490  4374  4405 D Sensors : HRMSensor_LED::libhr open start!! 
07-09 20:27:24.490  4374  4405 E Sensors : HRMSensor_LED::libhr open failed 
07-09 20:27:24.490  4374  4405 E Sensors : GripSensor: enable
07-09 20:27:24.514  4374  4405 I Sensors : Proximity old sensor_state 17024, new sensor_state : 16896 en : 0
07-09 20:27:24.514  4374  4405 I Sensors : Light old sensor_state 16896, new sensor_state : 16384 en : 0
07-09 20:27:24.514  4374  4405 I Sensors : SigMotionSensor old sensor_state 16384, new sensor_state : 0 en : 0
07-09 20:27:24.514  4374  4405 E Sensors : GripSensor: enable
07-09 20:27:24.514  4374  4405 D Sensors : HrmSpO2Sensor::handle:19 ,en:0
07-09 20:27:24.514  4374  4405 D Sensors : HrmSpO2Sensor::isEnabled:0 ,en:0, mEn:0
07-09 20:27:24.514  4374  4405 D Sensors : HrmSpO2Sensor::handle:28 ,en:0
07-09 20:27:24.514  4374  4405 D Sensors : HrmSpO2Sensor::isEnabled:0 ,en:0, mEn:0
07-09 20:27:24.514  4374  4405 D Sensors : HrmLedSensor enable: mEnabled 1, handle 20, en 0
07-09 20:27:24.514  4374  4405 D Sensors : HRMSensor_LED::enable 
07-09 20:27:24.514  4374  4405 D Sensors : HRMSensor led enabled:0, en:0
07-09 20:27:24.515  4374  4405 D Sensors : HrmLedSensor enable: mEnabled 0, handle 21, en 0
07-09 20:27:24.515  4374  4405 D Sensors : HrmLedSensor isEnabled:0 ,en:0
07-09 20:27:24.515  4374  4405 D Sensors : HrmSpO2Sensor::handle:18 ,en:0
07-09 20:27:24.515  4374  4405 D Sensors : HrmSpO2Sensor::isEnabled:0 ,en:0, mEn:0
07-09 20:27:24.516  4374  4405 I         : System server: sensor init done.
07-09 20:27:24.516  4374  4406 D SensorService: new thread SensorEventAckReceiver
07-09 20:27:24.523  4374  4407 D SensorService: nuSensorService thread starting...
07-09 20:27:24.601  4374  4374 I UsageStatsService: User[0] Rollover scheduled @ 2016-07-10 00:00:00(1468108800000)
07-09 20:27:24.604  4374  4374 I SystemServiceManager: Starting com.android.server.webkit.WebViewUpdateService
07-09 20:27:24.605  4374  4374 I SystemServer: Reading configuration...
07-09 20:27:24.605  4374  4374 I SystemServer: Scheduling Policy
07-09 20:27:24.606  4374  4374 I SystemServiceManager: Starting com.android.server.telecom.TelecomLoaderService
07-09 20:27:24.607  4374  4374 I SystemServer: Telephony Registry
07-09 20:27:24.616  4374  4374 I SystemServer: Entropy Mixer
07-09 20:27:24.653  4374  4374 I EntropyMixer: Added HW RNG output to entropy pool
07-09 20:27:24.653  4374  4374 I EntropyMixer: Writing entropy...
07-09 20:27:24.665  4374  4374 I SystemServer: Camera Service
07-09 20:27:24.665  4374  4374 I SystemServiceManager: Starting com.android.server.camera.CameraService
07-09 20:27:24.667  4374  4408 I ServiceThread: Enabled StrictMode logging for CameraService_proxy looper.
07-09 20:27:24.668  4374  4374 I SystemServer: Account Manager
07-09 20:27:24.684  4374  4374 I SystemServer: Content Manager
07-09 20:27:24.688  4374  4374 I SystemServer: System Content Providers
07-09 20:27:24.693  4374  4374 W System  : ClassLoader referenced unknown path: /system/priv-app/CMSettingsProvider/lib/arm64
07-09 20:27:24.703  4374  4374 W System  : ClassLoader referenced unknown path: /system/priv-app/SettingsProvider/lib/arm64
07-09 20:27:24.737  4374  4374 I SystemServer: Vibrator Service
07-09 20:27:24.742  4374  4374 I SystemServer: Consumer IR Service
07-09 20:27:24.742  4374  4374 E ConsumerIrService: Can't open consumer IR HW Module, error: -2
07-09 20:27:24.742  4374  4374 E System  : ******************************************
07-09 20:27:24.743  4374  4374 E System  : ************ Failure starting core service
07-09 20:27:24.743  4374  4374 E System  : java.lang.RuntimeException: FEATURE_CONSUMER_IR present, but no IR HAL loaded!
07-09 20:27:24.743  4374  4374 E System  : 	at com.android.server.ConsumerIrService.<init>(ConsumerIrService.java:51)
07-09 20:27:24.743  4374  4374 E System  : 	at com.android.server.SystemServer.startOtherServices(SystemServer.java:508)
07-09 20:27:24.743  4374  4374 E System  : 	at com.android.server.SystemServer.run(SystemServer.java:290)
07-09 20:27:24.743  4374  4374 E System  : 	at com.android.server.SystemServer.main(SystemServer.java:175)
07-09 20:27:24.743  4374  4374 E System  : 	at java.lang.reflect.Method.invoke(Native Method)
07-09 20:27:24.743  4374  4374 E System  : 	at com.android.internal.os.ZygoteInit$MethodAndArgsCaller.run(ZygoteInit.java:726)
07-09 20:27:24.743  4374  4374 E System  : 	at com.android.internal.os.ZygoteInit.main(ZygoteInit.java:616)
07-09 20:27:24.743  4374  4374 I SystemServer: Input Method Service
07-09 20:27:24.779  4374  4374 W InputMethodManagerService: No IME selected. Choose the most applicable IME.
07-09 20:27:24.779  4374  4374 I InputMethodManagerService: Default found, using com.android.inputmethod.latin/.LatinIME
07-09 20:27:24.783  4374  4374 I SystemServer: Accessibility Manager
07-09 20:27:24.794  4374  4374 W SystemServer: ***********************************************
07-09 20:27:24.794  4374  4374 E SystemServer: BOOT FAILURE making display ready
07-09 20:27:24.794  4374  4374 E SystemServer: java.lang.NullPointerException: Attempt to invoke virtual method 'void com.android.server.wm.WindowManagerService.displayReady()' on a null object reference
07-09 20:27:24.794  4374  4374 E SystemServer: 	at com.android.server.SystemServer.startOtherServices(SystemServer.java:590)
07-09 20:27:24.794  4374  4374 E SystemServer: 	at com.android.server.SystemServer.run(SystemServer.java:290)
07-09 20:27:24.794  4374  4374 E SystemServer: 	at com.android.server.SystemServer.main(SystemServer.java:175)
07-09 20:27:24.794  4374  4374 E SystemServer: 	at java.lang.reflect.Method.invoke(Native Method)
07-09 20:27:24.794  4374  4374 E SystemServer: 	at com.android.internal.os.ZygoteInit$MethodAndArgsCaller.run(ZygoteInit.java:726)
07-09 20:27:24.794  4374  4374 E SystemServer: 	at com.android.internal.os.ZygoteInit.main(ZygoteInit.java:616)
07-09 20:27:24.796  4374  4374 I SystemServiceManager: Starting com.android.server.MountService$Lifecycle
07-09 20:27:24.808  4374  4412 D MountService: Thinking about reset, mSystemReady=false, mDaemonConnected=true
07-09 20:27:24.809  4374  4374 I SystemServiceManager: Starting com.android.server.UiModeManagerService
07-09 20:27:24.812  4374  4374 I ActivityManager: Config changes=200 {1.0 ?mcc?mnc en_US ldltr ?swdp ?wdp ?hdp ?density ?lsize ?long ?orien ?touch ?keyb/?/? ?nav/? s.2 themeResource=null}
07-09 20:27:24.813  4374  4412 D MountService: Thinking about reset, mSystemReady=false, mDaemonConnected=true
07-09 20:27:24.813  4374  4412 D CryptdConnector: SND -> {1 cryptfs getfield SystemLocale}
07-09 20:27:24.814  2906  2939 I Ext4Crypt: ext4 crypto complete called on /data
07-09 20:27:24.814  2906  2939 I Ext4Crypt: No master key, so not ext4enc
07-09 20:27:24.817  4374  4374 E System  : ******************************************
07-09 20:27:24.817  4374  4414 D CryptdConnector: RCV <- {200 1 -1}
07-09 20:27:24.817  4374  4374 E System  : ************ Failure starting system services
07-09 20:27:24.817  4374  4374 E System  : java.lang.NullPointerException: Attempt to invoke virtual method 'void com.android.server.wm.WindowManagerService.showBootMessage(java.lang.CharSequence, boolean)' on a null object reference
07-09 20:27:24.817  4374  4374 E System  : 	at com.android.server.am.ActivityManagerService.showBootMessage(ActivityManagerService.java:6565)
07-09 20:27:24.817  4374  4374 E System  : 	at com.android.server.SystemServer.startOtherServices(SystemServer.java:623)
07-09 20:27:24.817  4374  4374 E System  : 	at com.android.server.SystemServer.run(SystemServer.java:290)
07-09 20:27:24.817  4374  4374 E System  : 	at com.android.server.SystemServer.main(SystemServer.java:175)
07-09 20:27:24.817  4374  4374 E System  : 	at java.lang.reflect.Method.invoke(Native Method)
07-09 20:27:24.817  4374  4374 E System  : 	at com.android.internal.os.ZygoteInit$MethodAndArgsCaller.run(ZygoteInit.java:726)
07-09 20:27:24.817  4374  4374 E System  : 	at com.android.internal.os.ZygoteInit.main(ZygoteInit.java:616)
07-09 20:27:24.818  4374  4374 D AndroidRuntime: Shutting down VM
07-09 20:27:24.818  4374  4374 E AndroidRuntime: *** FATAL EXCEPTION IN SYSTEM PROCESS: main
07-09 20:27:24.818  4374  4374 E AndroidRuntime: java.lang.NullPointerException: Attempt to invoke virtual method 'void com.android.server.wm.WindowManagerService.showBootMessage(java.lang.CharSequence, boolean)' on a null object reference
07-09 20:27:24.818  4374  4374 E AndroidRuntime: 	at com.android.server.am.ActivityManagerService.showBootMessage(ActivityManagerService.java:6565)
07-09 20:27:24.818  4374  4374 E AndroidRuntime: 	at com.android.server.SystemServer.startOtherServices(SystemServer.java:623)
07-09 20:27:24.818  4374  4374 E AndroidRuntime: 	at com.android.server.SystemServer.run(SystemServer.java:290)
07-09 20:27:24.818  4374  4374 E AndroidRuntime: 	at com.android.server.SystemServer.main(SystemServer.java:175)
07-09 20:27:24.818  4374  4374 E AndroidRuntime: 	at java.lang.reflect.Method.invoke(Native Method)
07-09 20:27:24.818  4374  4374 E AndroidRuntime: 	at com.android.internal.os.ZygoteInit$MethodAndArgsCaller.run(ZygoteInit.java:726)
07-09 20:27:24.818  4374  4374 E AndroidRuntime: 	at com.android.internal.os.ZygoteInit.main(ZygoteInit.java:616)
07-09 20:27:24.818  4374  4412 W MountService: No primary storage mounted!
07-09 20:27:24.818  4374  4412 D VoldConnector: SND -> {1 asec list}
07-09 20:27:24.819  4374  4374 I Process : Sending signal. PID: 4374 SIG: 9
07-09 20:27:24.833  2949  2949 E installd: eof
07-09 20:27:24.833  2949  2949 E installd: failed to read size
07-09 20:27:24.833  2949  2949 I installd: closing connection
07-09 20:27:24.833  2917  2917 I lowmemorykiller: ActivityManager disconnected
07-09 20:27:24.833  2917  2917 I lowmemorykiller: Closing Activity Manager data connection
07-09 20:27:24.833  2918  2918 I ServiceManager: service 'activity' died
07-09 20:27:24.833  2918  2918 I ServiceManager: service 'gfxinfo' died
07-09 20:27:24.833  2918  2918 I ServiceManager: service 'meminfo' died
07-09 20:27:24.833  2918  2918 I ServiceManager: service 'cpuinfo' died
07-09 20:27:24.833  2918  2918 I ServiceManager: service 'dbinfo' died
07-09 20:27:24.833  2918  2918 I ServiceManager: service 'permission' died
07-09 20:27:24.833  2918  2918 I ServiceManager: service 'scheduling_policy' died
07-09 20:27:24.833  2918  2918 I ServiceManager: service 'processinfo' died
07-09 20:27:24.833  2918  2918 I ServiceManager: service 'batterymanager' died
07-09 20:27:24.833  2918  2918 I ServiceManager: service 'webviewupdate' died
07-09 20:27:24.833  2918  2918 I ServiceManager: service 'telephony.registry' died
07-09 20:27:24.833  2918  2918 I ServiceManager: service 'usagestats' died
07-09 20:27:24.833  2918  2918 I ServiceManager: service 'media.camera.proxy' died
07-09 20:27:24.833  2918  2918 I ServiceManager: service 'account' died
07-09 20:27:24.833  2918  2918 I ServiceManager: service 'content' died
07-09 20:27:24.834  2918  2918 I ServiceManager: service 'vibrator' died
07-09 20:27:24.834  2918  2918 I ServiceManager: service 'input_method' died
07-09 20:27:24.834  2918  2918 I ServiceManager: service 'accessibility' died
07-09 20:27:24.834  2918  2918 I ServiceManager: service 'uimode' died
07-09 20:27:24.834  2918  2918 I ServiceManager: service 'mount' died
07-09 20:27:24.834  2918  2918 I ServiceManager: service 'user' died
07-09 20:27:24.834  2918  2918 I ServiceManager: service 'procstats' died
07-09 20:27:24.834  2918  2918 I ServiceManager: service 'package' died
07-09 20:27:24.834  2918  2918 I ServiceManager: service 'appops' died
07-09 20:27:24.834  2918  2918 I ServiceManager: service 'batterystats' died
07-09 20:27:24.834  2918  2918 I ServiceManager: service 'power' died
07-09 20:27:24.834  2918  2918 I ServiceManager: service 'display' died
07-09 20:27:24.834  2918  2918 I ServiceManager: service 'sensorservice' died
07-09 20:27:25.614  4103  4103 E Zygote  : Exit zygote because system server (4374) has terminated
07-09 20:27:25.661  2918  2918 I ServiceManager: service 'media.radio' died
07-09 20:27:25.661  2918  2918 I ServiceManager: service 'media.sound_trigger_hw' died
07-09 20:27:25.661  2918  2918 I ServiceManager: service 'media.audio_flinger' died
07-09 20:27:25.661  2918  2918 I ServiceManager: service 'media.player' died
07-09 20:27:25.661  2918  2918 I ServiceManager: service 'media.resource_manager' died
07-09 20:27:25.661  2918  2918 I ServiceManager: service 'media.camera' died
07-09 20:27:25.661  2918  2918 I ServiceManager: service 'media.audio_policy' died
07-09 20:27:25.843  4417  4417 I mediaserver: ServiceManager: 0xf644e120
07-09 20:27:25.843  4417  4417 I AudioFlinger: Using default 3000 mSec as standby time.
07-09 20:27:25.844  4417  4417 E BatteryNotifier: batterystats service unavailable!
07-09 20:27:25.845  4419  4419 I Netd    : Netd 1.0 starting
07-09 20:27:25.845  4419  4419 I QtiConnectivityAdapter: Failed to open libconnctrl, some features may not be present.
07-09 20:27:25.845  4419  4419 D TetherController: Setting IP forward enable = 0
07-09 20:27:25.845  4417  4417 E BatteryNotifier: batterystats service unavailable!
07-09 20:27:25.845  4417  4417 I CameraService: CameraService started (pid=4417)
07-09 20:27:25.845  4417  4417 I CameraService: CameraService process starting
07-09 20:27:25.846  4417  4417 E BatteryNotifier: batterystats service unavailable!
07-09 20:27:25.846  4417  4417 E BatteryNotifier: batterystats service unavailable!
07-09 20:27:25.846  4417  4417 E CameraService: Could not load camera HAL module: -2 (No such file or directory)
07-09 20:27:25.847  4417  4417 I AudioPolicyService: AudioPolicyService CSTOR in new mode
07-09 20:27:25.847  4417  4417 I APM::ConfigParsingUtils: loadAudioPolicyConfig() loaded /system/etc/audio_policy.conf
07-09 20:27:25.839  3052  3052 W auditd  : type=1325 audit(0.0:376): table=filter family=2 entries=52
07-09 20:27:25.839  3052  3052 W auditd  : type=1320 audit(0.0:376): 
07-09 20:27:25.849  3052  3052 W auditd  : type=1325 audit(0.0:377): table=filter family=10 entries=55
07-09 20:27:25.849  3052  3052 W auditd  : type=1320 audit(0.0:377): 
07-09 20:27:25.849  3052  3052 W auditd  : type=1325 audit(0.0:378): table=filter family=2 entries=51
07-09 20:27:25.849  3052  3052 W auditd  : type=1320 audit(0.0:378): 
07-09 20:27:25.859  3052  3052 W auditd  : type=1325 audit(0.0:379): table=filter family=10 entries=54
07-09 20:27:25.859  3052  3052 W auditd  : type=1320 audit(0.0:379): 
07-09 20:27:25.859  3052  3052 W auditd  : type=1325 audit(0.0:380): table=filter family=2 entries=50
07-09 20:27:25.859  3052  3052 W auditd  : type=1320 audit(0.0:380): 
07-09 20:27:25.869  3052  3052 W auditd  : type=1325 audit(0.0:381): table=filter family=10 entries=53
07-09 20:27:25.869  3052  3052 W auditd  : type=1320 audit(0.0:381): 
07-09 20:27:25.869  3052  3052 W auditd  : type=1325 audit(0.0:382): table=filter family=2 entries=48
07-09 20:27:25.869  3052  3052 W auditd  : type=1320 audit(0.0:382): 
07-09 20:27:25.879  3052  3052 W auditd  : type=1325 audit(0.0:383): table=filter family=10 entries=51
07-09 20:27:25.879  3052  3052 W auditd  : type=1320 audit(0.0:383): 
07-09 20:27:25.879  3052  3052 W auditd  : type=1325 audit(0.0:384): table=filter family=2 entries=50
07-09 20:27:25.879  3052  3052 W auditd  : type=1320 audit(0.0:384): 
07-09 20:27:25.879  3052  3052 W auditd  : type=1325 audit(0.0:385): table=filter family=10 entries=53
07-09 20:27:25.879  3052  3052 W auditd  : type=1320 audit(0.0:385): 
07-09 20:27:25.918  4416  4416 D AndroidRuntime: >>>>>> START com.android.internal.os.ZygoteInit uid 0 <<<<<<
07-09 20:27:25.921  4416  4416 D AndroidRuntime: CheckJNI is ON
07-09 20:27:25.921  4416  4416 I art     : option[0]=-Xzygote
07-09 20:27:25.921  4416  4416 I art     : option[1]=-Xcheck:jni
07-09 20:27:25.921  4416  4416 I art     : option[2]=-Xstacktracefile:/data/anr/traces.txt
07-09 20:27:25.921  4416  4416 I art     : option[3]=exit
07-09 20:27:25.921  4416  4416 I art     : option[4]=vfprintf
07-09 20:27:25.921  4416  4416 I art     : option[5]=sensitiveThread
07-09 20:27:25.921  4416  4416 I art     : option[6]=-verbose:gc
07-09 20:27:25.921  4416  4416 I art     : option[7]=-Xms8m
07-09 20:27:25.921  4416  4416 I art     : option[8]=-Xmx512m
07-09 20:27:25.921  4416  4416 I art     : option[9]=-XX:HeapGrowthLimit=256m
07-09 20:27:25.921  4416  4416 I art     : option[10]=-XX:HeapMinFree=2m
07-09 20:27:25.921  4416  4416 I art     : option[11]=-XX:HeapMaxFree=8m
07-09 20:27:25.921  4416  4416 I art     : option[12]=-XX:HeapTargetUtilization=0.75
07-09 20:27:25.921  4416  4416 I art     : option[13]=-Xusejit:true
07-09 20:27:25.921  4416  4416 I art     : option[14]=-agentlib:jdwp=transport=dt_android_adb,suspend=n,server=y
07-09 20:27:25.921  4416  4416 I art     : option[15]=-Xlockprofthreshold:500
07-09 20:27:25.921  4416  4416 I art     : option[16]=-Ximage-compiler-option
07-09 20:27:25.921  4416  4416 I art     : option[17]=--runtime-arg
07-09 20:27:25.921  4416  4416 I art     : option[18]=-Ximage-compiler-option
07-09 20:27:25.921  4416  4416 I art     : option[19]=-Xms64m
07-09 20:27:25.921  4416  4416 I art     : option[20]=-Ximage-compiler-option
07-09 20:27:25.921  4416  4416 I art     : option[21]=--runtime-arg
07-09 20:27:25.921  4416  4416 I art     : option[22]=-Ximage-compiler-option
07-09 20:27:25.921  4416  4416 I art     : option[23]=-Xmx64m
07-09 20:27:25.921  4416  4416 I art     : option[24]=-Ximage-compiler-option
07-09 20:27:25.921  4416  4416 I art     : option[25]=--compiler-filter=verify-at-runtime
07-09 20:27:25.921  4416  4416 I art     : option[26]=-Ximage-compiler-option
07-09 20:27:25.921  4416  4416 I art     : option[27]=--image-classes=/system/etc/preloaded-classes
07-09 20:27:25.921  4416  4416 I art     : option[28]=-Xcompiler-option
07-09 20:27:25.921  4416  4416 I art     : option[29]=--runtime-arg
07-09 20:27:25.921  4416  4416 I art     : option[30]=-Xcompiler-option
07-09 20:27:25.921  4416  4416 I art     : option[31]=-Xms64m
07-09 20:27:25.921  4416  4416 I art     : option[32]=-Xcompiler-option
07-09 20:27:25.921  4416  4416 I art     : option[33]=--runtime-arg
07-09 20:27:25.921  4416  4416 I art     : option[34]=-Xcompiler-option
07-09 20:27:25.921  4416  4416 I art     : option[35]=-Xmx512m
07-09 20:27:25.921  4416  4416 I art     : option[36]=-Xcompiler-option
07-09 20:27:25.921  4416  4416 I art     : option[37]=--compiler-filter=verify-at-runtime
07-09 20:27:25.921  4416  4416 I art     : option[38]=-Ximage-compiler-option
07-09 20:27:25.921  4416  4416 I art     : option[39]=--instruction-set-variant=generic
07-09 20:27:25.921  4416  4416 I art     : option[40]=-Xcompiler-option
07-09 20:27:25.921  4416  4416 I art     : option[41]=--instruction-set-variant=generic
07-09 20:27:25.921  4416  4416 I art     : option[42]=-Ximage-compiler-option
07-09 20:27:25.921  4416  4416 I art     : option[43]=--instruction-set-features=default
07-09 20:27:25.921  4416  4416 I art     : option[44]=-Xcompiler-option
07-09 20:27:25.921  4416  4416 I art     : option[45]=--instruction-set-features=default
07-09 20:27:25.921  4416  4416 I art     : option[46]=-Duser.locale=en-US
07-09 20:27:25.921  4416  4416 I art     : option[47]=--cpu-abilist=arm64-v8a,armeabi
07-09 20:27:25.921  4416  4416 I art     : option[48]=-Xfingerprint:samsung/cm_hero2ltexx/hero2ltexx:6.0.1/MOB30M/22af781526:eng/test-keys
07-09 20:27:25.947  4416  4416 D ICU     : No timezone override file found: /data/misc/zoneinfo/current/icu/icu_tzdata.dat
07-09 20:27:26.077  4416  4416 I Radio-JNI: register_android_hardware_Radio DONE
07-09 20:27:26.121  4416  4416 I SamplingProfilerIntegration: Profiling disabled.
07-09 20:27:26.122  4416  4416 D Zygote  : begin preload
07-09 20:27:26.123  4416  4416 I Zygote  : Preloading classes...
07-09 20:27:26.405  4417  4417 E audio_route: Failed to open /system/etc/mixer_paths.xml
07-09 20:27:26.410  4417  4417 I AudioFlinger: loadHwModule() Loaded primary audio interface from Samsung audio HW HAL (audio) handle 1
07-09 20:27:26.410  4417  4417 I AudioFlinger: openOutput(), module 1 Device 2, SamplingRate 44100, Format 0x000001, Channels 3, flags 2
07-09 20:27:26.410  4417  4417 I AudioFlinger: AudioStreamOut::open(), mHalFormatIsLinearPcm = 1
07-09 20:27:26.410  4417  4417 I AudioFlinger: HAL output buffer size 256 frames, normal sink buffer size 960 frames
07-09 20:27:26.412  4417  4417 I BufferProvider: found effect "Multichannel Downmix To Stereo" from The Android Open Source Project
07-09 20:27:26.412  4417  4417 E MonoPipe: Failed to fetch local time frequency when constructing a MonoPipe (res = -32).  getNextWriteTimestamp calls will be non-functional
07-09 20:27:26.413  4417  4552 I AudioFlinger: AudioFlinger's thread 0xf4940000 ready to run
07-09 20:27:26.413  4417  4417 I AudioFlinger: Using module 1 has the primary audio interface
07-09 20:27:26.413  4417  4552 V audio_hw_primary: do_out_standby: output standby: 1
07-09 20:27:26.413  4417  4552 V audio_hw_primary: out_set_parameters: key value pairs: routing=2
07-09 20:27:26.413  4417  4552 E AudioFlinger: no wake lock to update!
07-09 20:27:26.415  4417  4417 V audio_hw_primary: adev_open_input_stream: Created resampler converting 48000 -> 16000
07-09 20:27:26.415  4417  4417 V audio_hw_primary: adev_open_input_stream: Requesting input stream with rate: 16000, channels: 0xc
07-09 20:27:26.415  4417  4553 I AudioFlinger: AudioFlinger's thread 0xf4580000 ready to run
07-09 20:27:26.416  4417  4417 I r_submix: adev_open(name=audio_hw_if)
07-09 20:27:26.417  4417  4417 I r_submix: adev_init_check()
07-09 20:27:26.417  4417  4417 I AudioFlinger: loadHwModule() Loaded r_submix audio interface from Wifi Display audio HAL (audio) handle 4
07-09 20:27:26.417  4417  4417 D r_submix: adev_open_input_stream(addr=0)
07-09 20:27:26.417  4417  4417 D r_submix: submix_audio_device_create_pipe_l(addr=0, idx=9)
07-09 20:27:26.417  4417  4417 D r_submix:   now using address 0 for route 9
07-09 20:27:26.417  4417  4555 I AudioFlinger: AudioFlinger's thread 0xf4580000 ready to run
07-09 20:27:26.417  4417  4417 D r_submix: adev_close_input_stream()
07-09 20:27:26.417  4417  4417 D r_submix: submix_audio_device_release_pipe_l(idx=9) addr=0
07-09 20:27:26.417  4417  4417 D r_submix: submix_audio_device_destroy_pipe_l(): pipe destroyed
07-09 20:27:26.417  4417  4417 E SoundTriggerHwService: couldn't load sound trigger module sound_trigger.primary (No such file or directory)
07-09 20:27:26.418  4417  4417 I RadioService: RadioService
07-09 20:27:26.418  4417  4417 I RadioService: onFirstRef
07-09 20:27:26.418  4417  4417 E RadioService: couldn't load radio module radio.primary (No such file or directory)
07-09 20:27:26.479  4416  4416 E Minikin : addFont failed to create font /system/fonts/NanumGothic.ttf
07-09 20:27:26.479  4416  4416 E Minikin : addFont failed to create font /system/fonts/DroidSansFallback.ttf
07-09 20:27:26.479  4416  4416 E Minikin : addFont failed to create font /system/fonts/MTLmr3m.ttf
07-09 20:27:26.563  4416  4416 V DngCreator_JNI: DngCreator_nativeClassInit:
07-09 20:27:26.735  4419  4419 V NatController: runCmd(/system/bin/iptables -w -F natctrl_FORWARD) res=0
07-09 20:27:26.741  4419  4419 V NatController: runCmd(/system/bin/iptables -w -A natctrl_FORWARD -j DROP) res=0
07-09 20:27:26.746  4419  4419 V NatController: runCmd(/system/bin/iptables -w -t nat -F natctrl_nat_POSTROUTING) res=0
07-09 20:27:26.752  4419  4419 V NatController: runCmd(/system/bin/iptables -w -F natctrl_tether_counters) res=0
07-09 20:27:26.758  4419  4419 V NatController: runCmd(/system/bin/iptables -w -X natctrl_tether_counters) res=0
07-09 20:27:26.763  4419  4419 V NatController: runCmd(/system/bin/iptables -w -N natctrl_tether_counters) res=0
