--------- beginning of main
08-27 09:58:58.459  3076  3076 W auditd  : type=1325 audit(0.0:2): table=filter family=2 entries=0
08-27 09:58:58.459  3076  3076 W auditd  : type=1325 audit(0.0:3): table=mangle family=2 entries=0
08-27 09:58:58.459  3076  3076 W auditd  : type=1325 audit(0.0:4): table=nat family=2 entries=0
08-27 09:58:58.459  3076  3076 W auditd  : type=1325 audit(0.0:5): table=raw family=2 entries=0
08-27 09:58:58.459  3076  3076 W auditd  : type=1325 audit(0.0:6): table=security family=2 entries=0
08-27 09:58:58.459  3076  3076 W auditd  : type=1325 audit(0.0:7): table=filter family=3 entries=0
08-27 09:58:58.459  3076  3076 W auditd  : type=1325 audit(0.0:8): table=filter family=10 entries=0
08-27 09:58:58.459  3076  3076 W auditd  : type=1325 audit(0.0:9): table=mangle family=10 entries=0
08-27 09:58:58.459  3076  3076 W auditd  : type=1325 audit(0.0:10): table=raw family=10 entries=0
08-27 09:58:58.459  3076  3076 W auditd  : type=1325 audit(0.0:11): table=nat family=10 entries=0
08-27 09:58:58.849  3076  3076 W auditd  : type=1305 audit(0.0:12): audit_pid=2918 old=0 auid=4294967295 ses=4294967295 res=1
08-27 09:58:58.849  3076  3076 W auditd  : type=1305 audit(0.0:13): audit_rate_limit=20 old=0 auid=4294967295 ses=4294967295 res=1
--------- beginning of system
08-27 09:58:58.881  2920  2920 I vold    : Vold 3.0 (the awakening) firing up
08-27 09:58:58.881  2920  2920 V vold    : Detected support for: exfat ext4 ntfs vfat
08-27 09:58:58.882  2935  2935 I sysinit : Running /system/etc/init.d/00banner 
08-27 09:58:58.889  2931  2931 I lowmemorykiller: Using in-kernel low memory killer interface
08-27 09:58:58.896  2943  2943 I installd: installd firing up
08-27 09:58:58.909  2939  2939 I DEBUG   : debuggerd: starting
08-27 09:58:58.911  2964  2964 I perfprofd: starting Android Wide Profiling daemon
08-27 09:58:58.911  2964  2964 E perfprofd: unable to open configuration file /data/data/com.google.android.gms/files/perfprofd.conf
08-27 09:58:58.912  2964  2964 I perfprofd: random seed set to 2572117265
08-27 09:58:58.921  2933  2933 I SurfaceFlinger: SurfaceFlinger is starting
08-27 09:58:58.921  2933  2933 I SurfaceFlinger: SurfaceFlinger's main thread ready to run. Initializing graphics H/W...
08-27 09:58:58.923  2944  2944 I keystore: Found keymaster0 module Keymaster OpenSSL HAL, version 2
08-27 09:58:58.923  2944  2944 I SoftKeymaster: system/keymaster/soft_keymaster_device.cpp, Line 122: Creating device
08-27 09:58:58.923  2944  2944 D SoftKeymaster: system/keymaster/soft_keymaster_device.cpp, Line 123: Device address: 0x7fb0a63000
08-27 09:58:58.924  2944  2944 I keystore: Keymaster0 module is software-only.  Using SoftKeymasterDevice instead.
08-27 09:58:58.924  2944  2944 I SoftKeymaster: system/keymaster/soft_keymaster_device.cpp, Line 122: Creating device
08-27 09:58:58.924  2944  2944 D SoftKeymaster: system/keymaster/soft_keymaster_device.cpp, Line 123: Device address: 0x7fb0a63300
08-27 09:58:58.924  2944  2944 I keystore: SELinux: Keystore SELinux is disabled.
08-27 09:58:58.929  2938  2938 I DEBUG   : debuggerd: starting
08-27 09:58:58.930  2949  2949 I gatekeeperd: Starting gatekeeperd...
08-27 09:58:58.933  2948  2948 I cm      : ____ _   _ ____ _  _ ____ ____ ____ _  _ _  _ ____ ___ 
08-27 09:58:58.937  2965  2965 I fingerprintd: Starting fingerprintd
08-27 09:58:58.938  2937  2937 I Netd    : Netd 1.0 starting
08-27 09:58:58.939  2949  2949 W gatekeeperd: falling back to software GateKeeper
08-27 09:58:58.939  2949  2949 I gatekeeperd: cold boot: clearing state
08-27 09:58:58.939  2937  2937 I QtiConnectivityAdapter: Failed to open libconnctrl, some features may not be present.
08-27 09:58:58.940  2937  2937 D TetherController: Setting IP forward enable = 0
08-27 09:58:58.940  3039  3039 I cm      : |     \_/  |__| |\ | |  | | __ |___ |\ | |\/| |  | |  \ 
08-27 09:58:58.950  3051  3051 I cm      : |___   |   |  | | \| |__| |__] |___ | \| |  | |__| |__/ 
08-27 09:58:58.978  3057  3057 I cm      : Welcome to Android 6.0.1 / CyanogenMod-13.0-20160827-UNOFFICIAL-hero2ltexx 
08-27 09:58:58.979  2933  2933 D libEGL  : loaded /vendor/lib64/egl/libGLES_mali.so
08-27 09:58:58.990  3059  3059 I sysinit : Running /system/etc/init.d/90userinit 
08-27 09:58:59.012  2933  2933 D gralloc : gralloc_device_open 64 bit name=fb0
08-27 09:58:59.012  2933  2933 D gralloc : gralloc_device_open 64 bit name=gpu0
08-27 09:58:59.012  2933  2933 D gralloc : gralloc_device_open ionfd=18
08-27 09:58:59.012  2933  2933 I gralloc : using (id=)
08-27 09:58:59.012  2933  2933 I gralloc : xres         = 1440 px
08-27 09:58:59.012  2933  2933 I gralloc : yres         = 2560 px
08-27 09:58:59.012  2933  2933 I gralloc : width        = 68 mm (537.882324 dpi)
08-27 09:58:59.012  2933  2933 I gralloc : height       = 122 mm (532.983582 dpi)
08-27 09:58:59.012  2933  2933 I gralloc : refresh rate = 59.00 Hz
08-27 09:58:59.015  2933  2933 D gralloc : gralloc_device_open 64 bit name=gpu0
08-27 09:58:59.015  2933  2933 D gralloc : gralloc_device_open ionfd=18
08-27 09:58:59.015  2933  2933 D hwcomposer: using
08-27 09:58:59.015  2933  2933 D hwcomposer: xres         = 1440 px
08-27 09:58:59.015  2933  2933 D hwcomposer: yres         = 2560 px
08-27 09:58:59.015  2933  2933 D hwcomposer: width        = 68 mm (537.882000 dpi)
08-27 09:58:59.015  2933  2933 D hwcomposer: height       = 122 mm (532.983000 dpi)
08-27 09:58:59.015  2933  2933 D hwcomposer: refresh rate = 59 Hz
08-27 09:58:59.015  2933  2933 I DisplayResourceManagerModule: internalMPP type(10), index(1)
08-27 09:58:59.015  2933  2933 I DisplayResourceManagerModule: internalMPP type(10), index(2)
08-27 09:58:59.016  2933  2933 I DisplayResourceManagerModule: internalMPP type(10), index(3)
08-27 09:58:59.016  2933  2933 I DisplayResourceManagerModule: internalMPP type(0), index(0)
08-27 09:58:59.016  2933  2933 I DisplayResourceManagerModule: internalMPP type(0), index(1)
08-27 09:58:59.016  2933  2933 I DisplayResourceManagerModule: internalMPP type(2), index(0)
08-27 09:58:59.016  2933  2933 I DisplayResourceManagerModule: internalMPP type(2), index(1)
08-27 09:58:59.016  2933  2933 I DisplayResourceManagerModule: externalMPP type(4), index(0)
08-27 09:58:59.016  2933  2933 I hwcutils: Open /dev/s5p-smem
08-27 09:58:59.016  2933  2933 I DisplayResourceManagerModule: externalMPP type(4), index(0)
08-27 09:58:59.016  2933  2933 I hwcutils: Open /dev/s5p-smem
08-27 09:58:59.016  2933  2933 I DisplayResourceManagerModule: externalMPP type(4), index(0)
08-27 09:58:59.016  2933  2933 I hwcutils: Open /dev/s5p-smem
08-27 09:58:59.016  2933  2933 I DisplayResourceManagerModule: externalMPP type(4), index(0)
08-27 09:58:59.016  2933  2933 I hwcutils: Open /dev/s5p-smem
08-27 09:58:59.016  2933  2933 I DisplayResourceManagerModule: externalMPP type(4), index(0)
08-27 09:58:59.016  2933  2933 I hwcutils: Open /dev/s5p-smem
08-27 09:58:59.016  2933  2933 I hwcomposer: PSR info devname = /sys/devices/13960000.decon_f/psr_info
08-27 09:58:59.016  2933  2933 I hwcomposer: PSR mode   = 2 (0: video mode, 1: DP PSR mode, 2: MIPI-DSI command mode)
08-27 09:58:59.016  2933  2933 I hwcomposer: Panel type = 1 (0: Legacy, 1: DSC)
08-27 09:58:59.017  2933  2933 I SurfaceFlinger: Using composer version 1.5
08-27 09:58:59.017  2933  2933 E display : [PrimaryDisplay] unknown display attribute 6
08-27 09:58:59.017  2933  2933 I SurfaceFlinger: EGL information:
08-27 09:58:59.017  2933  2933 I SurfaceFlinger: vendor    : Android
08-27 09:58:59.017  2933  2933 I SurfaceFlinger: version   : 1.4 Android META-EGL
08-27 09:58:59.017  2933  2933 I SurfaceFlinger: extensions: EGL_KHR_get_all_proc_addresses EGL_ANDROID_presentation_time EGL_KHR_swap_buffers_with_damage EGL_KHR_image EGL_KHR_image_base EGL_KHR_gl_texture_2D_image EGL_KHR_gl_texture_cubemap_image EGL_KHR_gl_renderbuffer_image EGL_KHR_fence_sync EGL_KHR_create_context EGL_KHR_config_attribs EGL_KHR_surfaceless_context EGL_EXT_create_context_robustness EGL_ANDROID_image_native_buffer EGL_KHR_wait_sync EGL_ANDROID_recordable EGL_KHR_partial_update 
08-27 09:58:59.017  2933  2933 I SurfaceFlinger: Client API: OpenGL_ES
08-27 09:58:59.017  2933  2933 I SurfaceFlinger: EGLSurface: 8-8-8-8, config=0x7fb5fd0138
08-27 09:58:59.027  2933  2933 I SurfaceFlinger: OpenGL ES informations:
08-27 09:58:59.027  2933  2933 I SurfaceFlinger: vendor    : ARM
08-27 09:58:59.027  2933  2933 I SurfaceFlinger: renderer  : Mali-T880
08-27 09:58:59.027  2933  2933 I SurfaceFlinger: version   : OpenGL ES 3.2 v1.r12p1-00dev0.60546d7cd0bfd82d0ba92ca3bb825c75
08-27 09:58:59.027  2933  2933 I SurfaceFlinger: extensions: GL_EXT_debug_marker GL_ARM_rgba8 GL_ARM_mali_shader_binary GL_OES_depth24 GL_OES_depth_texture GL_OES_depth_texture_cube_map GL_OES_packed_depth_stencil GL_OES_rgb8_rgba8 GL_EXT_read_format_bgra GL_OES_compressed_paletted_texture GL_OES_compressed_ETC1_RGB8_texture GL_OES_standard_derivatives GL_OES_EGL_image GL_OES_EGL_image_external GL_OES_EGL_image_external_essl3 GL_OES_EGL_sync GL_OES_texture_npot GL_OES_vertex_half_float GL_OES_required_internalformat GL_OES_vertex_array_object GL_OES_mapbuffer GL_EXT_texture_format_BGRA8888 GL_EXT_texture_rg GL_EXT_texture_type_2_10_10_10_REV GL_OES_fbo_render_mipmap GL_OES_element_index_uint GL_EXT_shadow_samplers GL_OES_texture_compression_astc GL_KHR_texture_compression_astc_ldr GL_KHR_texture_compression_astc_hdr GL_KHR_texture_compression_astc_sliced_3d GL_KHR_debug GL_EXT_occlusion_query_boolean GL_EXT_disjoint_timer_query GL_EXT_blend_minmax GL_EXT_discard_framebuffer GL_OES_get_program_binary GL_OES_texture_3D GL_EXT_texture_storage GL_EXT_multisamp
08-27 09:58:59.027  2933  2933 I SurfaceFlinger: GL_MAX_TEXTURE_SIZE = 16384
08-27 09:58:59.027  2933  2933 I SurfaceFlinger: GL_MAX_VIEWPORT_DIMS = 16384
08-27 09:58:59.028  2933  2933 D mali_winsys: EGLint new_window_surface(egl_winsys_display*, void*, EGLSurface, EGLConfig, egl_winsys_surface**, egl_color_buffer_format*, EGLBoolean) returns 0x3000,  [1440x2560]-format:1
08-27 09:58:59.028  2933  2933 D gralloc : gralloc_device_open 64 bit name=gpu0
08-27 09:58:59.028  2933  2933 D gralloc : gralloc_device_open ionfd=18
08-27 09:58:59.028  2933  2933 D gralloc : gralloc_alloc fmt=0x5 usage=0x1a00 w=1440 h=2560
08-27 09:58:59.028  2933  2933 D gralloc : gralloc_alloc_rgb fmt=0x5 usage=0x1a00 w=1440 h=2560 ion_flags=0x0 heap_mask=0x1
08-27 09:58:59.034  2933  2933 D gralloc : gralloc_alloc_yuv fmt=0x5 usage=0x1a00 w=1440 h=2560 ion_flags=0x0 heap_mask=0x1
08-27 09:58:59.034  2933  2933 E gralloc : gralloc_alloc_yuv invalid yuv format 5
08-27 09:58:59.034  2933  2933 W GraphicBufferAllocator: alloc(1440, 2560, 5, 00001a00, ...) failed -22 (Invalid argument)
08-27 09:58:59.034  2933  2933 E         : GraphicBufferAlloc::createGraphicBuffer(w=1440, h=2560) failed (Invalid argument), handle=0x0
08-27 09:58:59.034  2933  2933 E BufferQueueProducer: [FramebufferSurface] allocateBuffers: failed to allocate buffer (0 x 0, format 5, usage 512)
08-27 09:58:59.035  2933  2933 D SurfaceFlinger: Set power mode=2, type=0 flinger=0x7fb6483c00
08-27 09:58:59.035  2933  2933 I hwcomposer: int exynos_setPowerMode(hwc_composer_device_1*, int, int):: disp(0), mode(2)
08-27 09:58:59.039  3076  3076 W auditd  : type=1325 audit(0.0:14): table=filter family=2 entries=4
08-27 09:58:59.039  3076  3076 W auditd  : type=1320 audit(0.0:14): 
08-27 09:58:59.039  3076  3076 W auditd  : type=1325 audit(0.0:15): table=filter family=10 entries=4
08-27 09:58:59.039  3076  3076 W auditd  : type=1320 audit(0.0:15): 
08-27 09:58:59.049  3076  3076 W auditd  : type=1325 audit(0.0:16): table=filter family=2 entries=6
08-27 09:58:59.049  3076  3076 W auditd  : type=1320 audit(0.0:16): 
08-27 09:58:59.059  3076  3076 W auditd  : type=1325 audit(0.0:17): table=filter family=10 entries=6
08-27 09:58:59.059  3076  3076 W auditd  : type=1320 audit(0.0:17): 
08-27 09:58:59.133  2934  2934 W McDaemon: mcRegistry read So.Soc failed: 16 [hardware/samsung_slsi/exynos8890/mobicore/Daemon/src/PrivateRegistry.cpp:374]
08-27 09:58:59.133  2934  2934 W McDaemon: mcRegistry read So.Soc failed: 16 [hardware/samsung_slsi/exynos8890/mobicore/Daemon/src/PrivateRegistry.cpp:429]
08-27 09:58:59.133  2934  2934 W McDaemon: mcRegistry read So.Root failed: 16 [hardware/samsung_slsi/exynos8890/mobicore/Daemon/src/PrivateRegistry.cpp:533]
08-27 09:58:59.133  2934  2934 W McDaemon: Device endorsements not supported! [hardware/samsung_slsi/exynos8890/mobicore/Daemon/src/MobiCoreDriverDaemon.cpp:588]
08-27 09:58:59.133  2934  2934 I McDaemon: Daemon starting up... [hardware/samsung_slsi/exynos8890/mobicore/Daemon/src/MobiCoreDriverDaemon.cpp:548]
08-27 09:58:59.133  2934  2934 I McDaemon: Interface version is 0.4 [hardware/samsung_slsi/exynos8890/mobicore/Daemon/src/MobiCoreDriverDaemon.cpp:550]
08-27 09:58:59.133  2934  2934 I McDaemon: t-base-EXYNOS64-Android-310B-V007-20160505_211700_344 [hardware/samsung_slsi/exynos8890/mobicore/Daemon/src/MobiCoreDriverDaemon.cpp:552]
08-27 09:58:59.133  2934  2934 I McDaemon: Build timestamp is Aug  9 2016 18:54:04 [hardware/samsung_slsi/exynos8890/mobicore/Daemon/src/MobiCoreDriverDaemon.cpp:553]
08-27 09:58:59.134  2934  3115 I TeeDriverClient: driver client open [hardware/samsung_slsi/exynos8890/mobicore/ClientLib/src/driver_client.cpp:103]
08-27 09:58:59.134  2934  2934 W McDaemon: Cannot open trustlet /data/app/mcRegistry/07050501000000000000000000000020.tlbin (2) [hardware/samsung_slsi/exynos8890/mobicore/Daemon/src/SecureWorld.cpp:178]
08-27 09:58:59.135  2934  3115 I TeeFilesystem: void FileSystem::Impl::run(): Start listening for request from STH2 [hardware/samsung_slsi/exynos8890/mobicore/Daemon/src/FSD2.cpp:376]
08-27 09:58:59.139  3076  3076 W auditd  : type=1325 audit(0.0:18): table=filter family=2 entries=7
08-27 09:58:59.139  3076  3076 W auditd  : type=1320 audit(0.0:18): 
08-27 09:58:59.139  3076  3076 W auditd  : type=1325 audit(0.0:19): table=filter family=10 entries=7
08-27 09:58:59.139  3076  3076 W auditd  : type=1320 audit(0.0:19): 
08-27 09:58:59.148  2942  2942 V MediaUtils: physMem: 3748511744
08-27 09:58:59.148  2942  2942 V MediaUtils: requested limit: 2436532605
08-27 09:58:59.148  2942  2942 V MediaUtils: actual limit: 2436532605
08-27 09:58:59.148  2942  2942 V MediaUtils: original limits: 4294967295/4294967295
08-27 09:58:59.148  2942  2942 V MediaUtils: new limits: 2436532605/4294967295
08-27 09:58:59.149  3076  3076 W auditd  : type=1325 audit(0.0:20): table=filter family=2 entries=9
08-27 09:58:59.149  3076  3076 W auditd  : type=1320 audit(0.0:20): 
08-27 09:58:59.149  3076  3076 W auditd  : type=1325 audit(0.0:21): table=filter family=10 entries=9
08-27 09:58:59.149  3076  3076 W auditd  : type=1320 audit(0.0:21): 
08-27 09:58:59.152  3117  3117 I CSTORAGE: ============================================================
08-27 09:58:59.152  3117  3117 I CSTORAGE:  CSTORAGE, v1.1.14, OS = android, ChipId = ex8890
08-27 09:58:59.152  3117  3117 I CSTORAGE: ============================================================
08-27 09:58:59.152  3117  3117 I CSTORAGE: ============================================================
08-27 09:58:59.152  3117  3117 I CSTORAGE:  CSTORAGE_SKM_LIB, v1.1.14, OS = android, ChipId = ex8890
08-27 09:58:59.152  3117  3117 I CSTORAGE: ============================================================
08-27 09:58:59.152  2942  2942 I mediaserver: ServiceManager: 0xf670e120
08-27 09:58:59.152  2942  2942 I AudioFlinger: Using default 3000 mSec as standby time.
08-27 09:58:59.152  2942  2942 E BatteryNotifier: batterystats service unavailable!
08-27 09:58:59.152  2942  2942 E BatteryNotifier: batterystats service unavailable!
08-27 09:58:59.153  2942  2942 I CameraService: CameraService started (pid=2942)
08-27 09:58:59.153  2942  2942 I CameraService: CameraService process starting
08-27 09:58:59.153  2942  2942 E BatteryNotifier: batterystats service unavailable!
08-27 09:58:59.153  2942  2942 E BatteryNotifier: batterystats service unavailable!
08-27 09:58:59.153  2942  2942 E CameraService: Could not load camera HAL module: -2 (No such file or directory)
08-27 09:58:59.154  2942  2942 I AudioPolicyService: AudioPolicyService CSTOR in new mode
08-27 09:58:59.161  2942  2942 I APM::ConfigParsingUtils: loadAudioPolicyConfig() loaded /system/etc/audio_policy.conf
08-27 09:58:59.219  3076  3076 W auditd  : type=1325 audit(0.0:22): table=filter family=2 entries=10
08-27 09:58:59.219  3076  3076 W auditd  : type=1320 audit(0.0:22): 
08-27 09:58:59.229  3076  3076 W auditd  : type=1325 audit(0.0:23): table=filter family=10 entries=10
08-27 09:58:59.229  3076  3076 W auditd  : type=1320 audit(0.0:23): 
08-27 09:58:59.239  3076  3076 W auditd  : type=1325 audit(0.0:24): table=filter family=2 entries=12
08-27 09:58:59.239  3076  3076 W auditd  : type=1320 audit(0.0:24): 
08-27 09:58:59.259  3076  3076 W auditd  : type=1325 audit(0.0:25): table=filter family=10 entries=12
08-27 09:58:59.259  3076  3076 W auditd  : type=1320 audit(0.0:25): 
08-27 09:58:59.299  3076  3076 W auditd  : type=1325 audit(0.0:26): table=filter family=2 entries=13
08-27 09:58:59.299  3076  3076 W auditd  : type=1320 audit(0.0:26): 
08-27 09:58:59.299  3076  3076 W auditd  : type=1325 audit(0.0:27): table=filter family=10 entries=13
08-27 09:58:59.299  3076  3076 W auditd  : type=1320 audit(0.0:27): 
08-27 09:58:59.309  3076  3076 W auditd  : type=1325 audit(0.0:28): table=filter family=2 entries=15
08-27 09:58:59.309  3076  3076 W auditd  : type=1320 audit(0.0:28): 
08-27 09:58:59.309  2946  2946 D AndroidRuntime: >>>>>> START com.android.internal.os.ZygoteInit uid 0 <<<<<<
08-27 09:58:59.319  3076  3076 W auditd  : type=1325 audit(0.0:29): table=filter family=10 entries=15
08-27 09:58:59.319  3076  3076 W auditd  : type=1320 audit(0.0:29): 
08-27 09:58:59.322  2946  2946 D AndroidRuntime: CheckJNI is ON
08-27 09:58:59.327  2946  2946 I art     : option[0]=-Xzygote
08-27 09:58:59.327  2946  2946 I art     : option[1]=-Xcheck:jni
08-27 09:58:59.327  2946  2946 I art     : option[2]=-Xstacktracefile:/data/anr/traces.txt
08-27 09:58:59.327  2946  2946 I art     : option[3]=exit
08-27 09:58:59.327  2946  2946 I art     : option[4]=vfprintf
08-27 09:58:59.327  2946  2946 I art     : option[5]=sensitiveThread
08-27 09:58:59.327  2946  2946 I art     : option[6]=-verbose:gc
08-27 09:58:59.327  2946  2946 I art     : option[7]=-Xms8m
08-27 09:58:59.327  2946  2946 I art     : option[8]=-Xmx768m
08-27 09:58:59.327  2946  2946 I art     : option[9]=-XX:HeapGrowthLimit=288m
08-27 09:58:59.327  2946  2946 I art     : option[10]=-XX:HeapMinFree=2m
08-27 09:58:59.327  2946  2946 I art     : option[11]=-XX:HeapMaxFree=8m
08-27 09:58:59.327  2946  2946 I art     : option[12]=-XX:HeapTargetUtilization=0.75
08-27 09:58:59.327  2946  2946 I art     : option[13]=-Xusejit:true
08-27 09:58:59.327  2946  2946 I art     : option[14]=-agentlib:jdwp=transport=dt_android_adb,suspend=n,server=y
08-27 09:58:59.327  2946  2946 I art     : option[15]=-Xlockprofthreshold:500
08-27 09:58:59.327  2946  2946 I art     : option[16]=-Ximage-compiler-option
08-27 09:58:59.327  2946  2946 I art     : option[17]=--runtime-arg
08-27 09:58:59.327  2946  2946 I art     : option[18]=-Ximage-compiler-option
08-27 09:58:59.327  2946  2946 I art     : option[19]=-Xms64m
08-27 09:58:59.327  2946  2946 I art     : option[20]=-Ximage-compiler-option
08-27 09:58:59.327  2946  2946 I art     : option[21]=--runtime-arg
08-27 09:58:59.327  2946  2946 I art     : option[22]=-Ximage-compiler-option
08-27 09:58:59.327  2946  2946 I art     : option[23]=-Xmx64m
08-27 09:58:59.327  2946  2946 I art     : option[24]=-Ximage-compiler-option
08-27 09:58:59.327  2946  2946 I art     : option[25]=--compiler-filter=verify-at-runtime
08-27 09:58:59.327  2946  2946 I art     : option[26]=-Ximage-compiler-option
08-27 09:58:59.327  2946  2946 I art     : option[27]=--image-classes=/system/etc/preloaded-classes
08-27 09:58:59.327  2946  2946 I art     : option[28]=-Xcompiler-option
08-27 09:58:59.327  2946  2946 I art     : option[29]=--runtime-arg
08-27 09:58:59.327  2946  2946 I art     : option[30]=-Xcompiler-option
08-27 09:58:59.327  2946  2946 I art     : option[31]=-Xms64m
08-27 09:58:59.327  2946  2946 I art     : option[32]=-Xcompiler-option
08-27 09:58:59.327  2946  2946 I art     : option[33]=--runtime-arg
08-27 09:58:59.327  2946  2946 I art     : option[34]=-Xcompiler-option
08-27 09:58:59.327  2946  2946 I art     : option[35]=-Xmx512m
08-27 09:58:59.328  2946  2946 I art     : option[36]=-Xcompiler-option
08-27 09:58:59.328  2946  2946 I art     : option[37]=--compiler-filter=verify-at-runtime
08-27 09:58:59.328  2946  2946 I art     : option[38]=-Ximage-compiler-option
08-27 09:58:59.328  2946  2946 I art     : option[39]=--instruction-set-variant=generic
08-27 09:58:59.328  2946  2946 I art     : option[40]=-Xcompiler-option
08-27 09:58:59.328  2946  2946 I art     : option[41]=--instruction-set-variant=generic
08-27 09:58:59.328  2946  2946 I art     : option[42]=-Ximage-compiler-option
08-27 09:58:59.328  2946  2946 I art     : option[43]=--instruction-set-features=default
08-27 09:58:59.328  2946  2946 I art     : option[44]=-Xcompiler-option
08-27 09:58:59.328  2946  2946 I art     : option[45]=--instruction-set-features=default
08-27 09:58:59.328  2946  2946 I art     : option[46]=-Duser.locale=en-US
08-27 09:58:59.328  2946  2946 I art     : option[47]=--cpu-abilist=arm64-v8a,armeabi
08-27 09:58:59.328  2946  2946 I art     : option[48]=-Xfingerprint:samsung/cm_hero2ltexx/hero2ltexx:6.0.1/MOB30Z/3e48d7afd6:eng/test-keys
08-27 09:58:59.335  2947  2947 D AndroidRuntime: >>>>>> START com.android.internal.os.ZygoteInit uid 0 <<<<<<
08-27 09:58:59.347  2946  2946 I art     : Pruning dalvik-cache since we are generating an image and will need to recompile
08-27 09:58:59.347  2946  2946 I art     : Using an offset of 0xf37000 from default art base address of 0x70000000
08-27 09:58:59.347  2946  2946 I art     : GenerateImage: /system/bin/dex2oat --image=/data/dalvik-cache/arm64/system@framework@boot.art --dex-file=/system/framework/core-libart.jar --dex-file=/system/framework/conscrypt.jar --dex-file=/system/framework/okhttp.jar --dex-file=/system/framework/core-junit.jar --dex-file=/system/framework/bouncycastle.jar --dex-file=/system/framework/ext.jar --dex-file=/system/framework/framework.jar --dex-file=/system/framework/telephony-common.jar --dex-file=/system/framework/voip-common.jar --dex-file=/system/framework/ims-common.jar --dex-file=/system/framework/apache-xml.jar --dex-file=/system/framework/org.apache.http.legacy.boot.jar --oat-file=/data/dalvik-cache/arm64/system@framework@boot.oat --instruction-set=arm64 --instruction-set-features=smp,a53 --base=0x70f37000 --runtime-arg -Xms64m --runtime-arg -Xmx64m --compiler-filter=verify-at-runtime --image-classes=/system/etc/preloaded-classes --instruction-set-variant=generic --instruction-set-features=default
08-27 09:58:59.349  3076  3076 W auditd  : type=1325 audit(0.0:30): table=filter family=2 entries=16
08-27 09:58:59.349  3076  3076 W auditd  : type=1320 audit(0.0:30): 
08-27 09:58:59.354  2947  2947 D AndroidRuntime: CheckJNI is ON
08-27 09:58:59.358  2947  2947 I art     : option[0]=-Xzygote
08-27 09:58:59.358  2947  2947 I art     : option[1]=-Xcheck:jni
08-27 09:58:59.358  2947  2947 I art     : option[2]=-Xstacktracefile:/data/anr/traces.txt
08-27 09:58:59.358  2947  2947 I art     : option[3]=exit
08-27 09:58:59.358  2947  2947 I art     : option[4]=vfprintf
08-27 09:58:59.358  2947  2947 I art     : option[5]=sensitiveThread
08-27 09:58:59.358  2947  2947 I art     : option[6]=-verbose:gc
08-27 09:58:59.358  2947  2947 I art     : option[7]=-Xms8m
08-27 09:58:59.358  2947  2947 I art     : option[8]=-Xmx768m
08-27 09:58:59.358  2947  2947 I art     : option[9]=-XX:HeapGrowthLimit=288m
08-27 09:58:59.358  2947  2947 I art     : option[10]=-XX:HeapMinFree=2m
08-27 09:58:59.358  2947  2947 I art     : option[11]=-XX:HeapMaxFree=8m
08-27 09:58:59.358  2947  2947 I art     : option[12]=-XX:HeapTargetUtilization=0.75
08-27 09:58:59.358  2947  2947 I art     : option[13]=-Xusejit:true
08-27 09:58:59.358  2947  2947 I art     : option[14]=-agentlib:jdwp=transport=dt_android_adb,suspend=n,server=y
08-27 09:58:59.358  2947  2947 I art     : option[15]=-Xlockprofthreshold:500
08-27 09:58:59.358  2947  2947 I art     : option[16]=-Ximage-compiler-option
08-27 09:58:59.358  2947  2947 I art     : option[17]=--runtime-arg
08-27 09:58:59.358  2947  2947 I art     : option[18]=-Ximage-compiler-option
08-27 09:58:59.358  2947  2947 I art     : option[19]=-Xms64m
08-27 09:58:59.358  2947  2947 I art     : option[20]=-Ximage-compiler-option
08-27 09:58:59.358  2947  2947 I art     : option[21]=--runtime-arg
08-27 09:58:59.358  2947  2947 I art     : option[22]=-Ximage-compiler-option
08-27 09:58:59.358  2947  2947 I art     : option[23]=-Xmx64m
08-27 09:58:59.358  2947  2947 I art     : option[24]=-Ximage-compiler-option
08-27 09:58:59.358  2947  2947 I art     : option[25]=--compiler-filter=verify-at-runtime
08-27 09:58:59.358  2947  2947 I art     : option[26]=-Ximage-compiler-option
08-27 09:58:59.358  2947  2947 I art     : option[27]=--image-classes=/system/etc/preloaded-classes
08-27 09:58:59.358  2947  2947 I art     : option[28]=-Xcompiler-option
08-27 09:58:59.358  2947  2947 I art     : option[29]=--runtime-arg
08-27 09:58:59.358  2947  2947 I art     : option[30]=-Xcompiler-option
08-27 09:58:59.358  2947  2947 I art     : option[31]=-Xms64m
08-27 09:58:59.358  2947  2947 I art     : option[32]=-Xcompiler-option
08-27 09:58:59.358  2947  2947 I art     : option[33]=--runtime-arg
08-27 09:58:59.358  2947  2947 I art     : option[34]=-Xcompiler-option
08-27 09:58:59.358  2947  2947 I art     : option[35]=-Xmx512m
08-27 09:58:59.358  2947  2947 I art     : option[36]=-Xcompiler-option
08-27 09:58:59.358  2947  2947 I art     : option[37]=--compiler-filter=verify-at-runtime
08-27 09:58:59.358  2947  2947 I art     : option[38]=-Ximage-compiler-option
08-27 09:58:59.358  2947  2947 I art     : option[39]=--instruction-set-variant=cortex-a53
08-27 09:58:59.358  2947  2947 I art     : option[40]=-Xcompiler-option
08-27 09:58:59.359  3076  3076 W auditd  : type=1325 audit(0.0:31): table=filter family=10 entries=16
08-27 09:58:59.359  3076  3076 W auditd  : type=1320 audit(0.0:31): 
08-27 09:58:59.359  3076  3076 W auditd  : type=1325 audit(0.0:32): table=filter family=2 entries=18
08-27 09:58:59.359  3076  3076 W auditd  : type=1320 audit(0.0:32): 
08-27 09:58:59.359  2947  2947 I art     : option[41]=--instruction-set-variant=cortex-a53
08-27 09:58:59.359  2947  2947 I art     : option[42]=-Ximage-compiler-option
08-27 09:58:59.359  2947  2947 I art     : option[43]=--instruction-set-features=default
08-27 09:58:59.359  2947  2947 I art     : option[44]=-Xcompiler-option
08-27 09:58:59.359  2947  2947 I art     : option[45]=--instruction-set-features=default
08-27 09:58:59.359  2947  2947 I art     : option[46]=-Duser.locale=en-US
08-27 09:58:59.359  2947  2947 I art     : option[47]=--cpu-abilist=armeabi-v7a,armeabi
08-27 09:58:59.359  2947  2947 I art     : option[48]=-Xfingerprint:samsung/cm_hero2ltexx/hero2ltexx:6.0.1/MOB30Z/3e48d7afd6:eng/test-keys
08-27 09:58:59.369  3076  3076 W auditd  : type=1325 audit(0.0:33): table=filter family=10 entries=18
08-27 09:58:59.369  2947  2947 I art     : Pruning dalvik-cache since we are generating an image and will need to recompile
08-27 09:58:59.369  2947  2947 I art     : Using an offset of 0xfff1c000 from default art base address of 0x70000000
08-27 09:58:59.369  2947  2947 I art     : GenerateImage: /system/bin/dex2oat --image=/data/dalvik-cache/arm/system@framework@boot.art --dex-file=/system/framework/core-libart.jar --dex-file=/system/framework/conscrypt.jar --dex-file=/system/framework/okhttp.jar --dex-file=/system/framework/core-junit.jar --dex-file=/system/framework/bouncycastle.jar --dex-file=/system/framework/ext.jar --dex-file=/system/framework/framework.jar --dex-file=/system/framework/telephony-common.jar --dex-file=/system/framework/voip-common.jar --dex-file=/system/framework/ims-common.jar --dex-file=/system/framework/apache-xml.jar --dex-file=/system/framework/org.apache.http.legacy.boot.jar --oat-file=/data/dalvik-cache/arm/system@framework@boot.oat --instruction-set=arm --instruction-set-features=smp,div,-atomic_ldrd_strd --base=0x6ff1c000 --runtime-arg -Xms64m --runtime-arg -Xmx64m --compiler-filter=verify-at-runtime --image-classes=/system/etc/preloaded-classes --instruction-set-variant=cortex-a53 --instruction-set-features=default
08-27 09:58:59.383  3175  3175 I dex2oat : /system/bin/dex2oat --image=/data/dalvik-cache/arm64/system@framework@boot.art --dex-file=/system/framework/core-libart.jar --dex-file=/system/framework/conscrypt.jar --dex-file=/system/framework/okhttp.jar --dex-file=/system/framework/core-junit.jar --dex-file=/system/framework/bouncycastle.jar --dex-file=/system/framework/ext.jar --dex-file=/system/framework/framework.jar --dex-file=/system/framework/telephony-common.jar --dex-file=/system/framework/voip-common.jar --dex-file=/system/framework/ims-common.jar --dex-file=/system/framework/apache-xml.jar --dex-file=/system/framework/org.apache.http.legacy.boot.jar --oat-file=/data/dalvik-cache/arm64/system@framework@boot.oat --instruction-set=arm64 --instruction-set-features=smp,a53 --base=0x70f37000 --runtime-arg -Xms64m --runtime-arg -Xmx64m --compiler-filter=verify-at-runtime --image-classes=/system/etc/preloaded-classes --instruction-set-variant=generic --instruction-set-features=default
08-27 09:58:59.386  3175  3175 I dex2oat : setting boot class path to /system/framework/core-libart.jar:/system/framework/conscrypt.jar:/system/framework/okhttp.jar:/system/framework/core-junit.jar:/system/framework/bouncycastle.jar:/system/framework/ext.jar:/system/framework/framework.jar:/system/framework/telephony-common.jar:/system/framework/voip-common.jar:/system/framework/ims-common.jar:/system/framework/apache-xml.jar:/system/framework/org.apache.http.legacy.boot.jar
08-27 09:58:59.387  3181  3181 I dex2oat : /system/bin/dex2oat --image=/data/dalvik-cache/arm/system@framework@boot.art --dex-file=/system/framework/core-libart.jar --dex-file=/system/framework/conscrypt.jar --dex-file=/system/framework/okhttp.jar --dex-file=/system/framework/core-junit.jar --dex-file=/system/framework/bouncycastle.jar --dex-file=/system/framework/ext.jar --dex-file=/system/framework/framework.jar --dex-file=/system/framework/telephony-common.jar --dex-file=/system/framework/voip-common.jar --dex-file=/system/framework/ims-common.jar --dex-file=/system/framework/apache-xml.jar --dex-file=/system/framework/org.apache.http.legacy.boot.jar --oat-file=/data/dalvik-cache/arm/system@framework@boot.oat --instruction-set=arm --instruction-set-features=smp,div,-atomic_ldrd_strd --base=0x6ff1c000 --runtime-arg -Xms64m --runtime-arg -Xmx64m --compiler-filter=verify-at-runtime --image-classes=/system/etc/preloaded-classes --instruction-set-variant=cortex-a53 --instruction-set-features=default
08-27 09:58:59.388  3181  3181 I dex2oat : setting boot class path to /system/framework/core-libart.jar:/system/framework/conscrypt.jar:/system/framework/okhttp.jar:/system/framework/core-junit.jar:/system/framework/bouncycastle.jar:/system/framework/ext.jar:/system/framework/framework.jar:/system/framework/telephony-common.jar:/system/framework/voip-common.jar:/system/framework/ims-common.jar:/system/framework/apache-xml.jar:/system/framework/org.apache.http.legacy.boot.jar
08-27 09:58:59.455  2933  2933 D SurfaceFlinger: SF. shader cache generated - 26 shaders in 377.616425 ms
08-27 09:58:59.455  2933  2933 D gralloc : gralloc_alloc fmt=0x5 usage=0x1a00 w=1440 h=2560
08-27 09:58:59.455  2933  2933 D gralloc : gralloc_alloc_rgb fmt=0x5 usage=0x1a00 w=1440 h=2560 ion_flags=0x0 heap_mask=0x1
08-27 09:58:59.460  2933  2933 D gralloc : gralloc_alloc_yuv fmt=0x5 usage=0x1a00 w=1440 h=2560 ion_flags=0x0 heap_mask=0x1
08-27 09:58:59.460  2933  2933 E gralloc : gralloc_alloc_yuv invalid yuv format 5
08-27 09:58:59.460  2933  2933 W GraphicBufferAllocator: alloc(1440, 2560, 5, 00001a00, ...) failed -22 (Invalid argument)
08-27 09:58:59.460  2933  2933 E         : GraphicBufferAlloc::createGraphicBuffer(w=1440, h=2560) failed (Invalid argument), handle=0x0
08-27 09:58:59.460  2933  2933 E BufferQueueProducer: [FramebufferSurface] dequeueBuffer: createGraphicBuffer failed
08-27 09:58:59.460  2933  2933 D         : NULL == surf->write_back_color_buffer
08-27 09:58:59.460  2933  2933 W         : GLES-MALI OOM error: failed to allocate CPU memory (gles_fb_first_drawcall_cb at hardware/samsung_slsi/MaliT880_r12p0_JF/product/gles/src/fb/mali_gles_fb_module_api.c:1281)
08-27 09:58:59.460  2933  2933 E BufferQueueProducer: [FramebufferSurface] dequeueBuffer: can't dequeue multiple buffers without setting the buffer count
08-27 09:58:59.460  2933  2933 D         : NULL == surf->write_back_color_buffer
08-27 09:58:59.460  2933  2933 F SurfaceFlinger: eglSwapBuffers(0x1, 0x7fb217e540) failed with 0x0000300d
--------- beginning of crash
08-27 09:58:59.461  2933  2933 F libc    : Fatal signal 6 (SIGABRT), code -6 in tid 2933 (surfaceflinger)
08-27 09:58:59.461  2939  2939 I DEBUG   : property debug.db.uid not set; NOT waiting for gdb.
08-27 09:58:59.461  2939  2939 I DEBUG   : HINT: adb shell setprop debug.db.uid 100000
08-27 09:58:59.461  2939  2939 I DEBUG   : HINT: adb forward tcp:5039 tcp:5039
08-27 09:58:59.512  2939  2939 F DEBUG   : *** *** *** *** *** *** *** *** *** *** *** *** *** *** *** ***
08-27 09:58:59.512  2939  2939 F DEBUG   : CM Version: '13.0-20160827-UNOFFICIAL-hero2ltexx'
08-27 09:58:59.512  2939  2939 F DEBUG   : Build fingerprint: 'samsung/cm_hero2ltexx/hero2ltexx:6.0.1/MOB30Z/3e48d7afd6:eng/test-keys'
08-27 09:58:59.512  2939  2939 F DEBUG   : Revision: '0'
08-27 09:58:59.512  2939  2939 F DEBUG   : ABI: 'arm64'
08-27 09:58:59.512  2939  2939 F DEBUG   : pid: 2933, tid: 2933, name: surfaceflinger  >>> /system/bin/surfaceflinger <<<
08-27 09:58:59.512  2939  2939 F DEBUG   : signal 6 (SIGABRT), code -6 (SI_TKILL), fault addr --------
08-27 09:58:59.518  2939  2939 F DEBUG   : Abort message: 'eglSwapBuffers(0x1, 0x7fb217e540) failed with 0x0000300d'
08-27 09:58:59.518  2939  2939 F DEBUG   :     x0   0000000000000000  x1   0000000000000b75  x2   0000000000000006  x3   0000000000000000
08-27 09:58:59.518  2939  2939 F DEBUG   :     x4   0000000000000000  x5   0000000000000001  x6   0000000000000000  x7   0000000000000000
08-27 09:58:59.518  2939  2939 F DEBUG   :     x8   0000000000000083  x9   0000000000000049  x10  0000007fdaf1377c  x11  0000007fdaf137b8
08-27 09:58:59.518  2939  2939 F DEBUG   :     x12  0000007fdaf13690  x13  0000000000000039  x14  0000007fdaf13868  x15  0000000000000000
08-27 09:58:59.518  2939  2939 F DEBUG   :     x16  0000007fb6ba4560  x17  0000007fb6b35d6c  x18  0000007fb6d5a3a4  x19  0000007fb6e4f0d8
08-27 09:58:59.518  2939  2939 F DEBUG   :     x20  0000007fb6e4f018  x21  0000000000000009  x22  0000000000000006  x23  0000000000000001
08-27 09:58:59.518  2939  2939 F DEBUG   :     x24  0000000000000000  x25  0000000000000018  x26  0000007fb648f4a8  x27  0000007fb6dd5000
08-27 09:58:59.518  2939  2939 F DEBUG   :     x28  0000000000000001  x29  0000007fdaf13720  x30  0000007fb6b33508
08-27 09:58:59.518  2939  2939 F DEBUG   :     sp   0000007fdaf13720  pc   0000007fb6b35d74  pstate 0000000020000000
08-27 09:58:59.526  2939  2939 F DEBUG   : 
08-27 09:58:59.526  2939  2939 F DEBUG   : backtrace:
08-27 09:58:59.526  2939  2939 F DEBUG   :     #00 pc 0000000000069d74  /system/lib64/libc.so (tgkill+8)
08-27 09:58:59.526  2939  2939 F DEBUG   :     #01 pc 0000000000067504  /system/lib64/libc.so (pthread_kill+68)
08-27 09:58:59.526  2939  2939 F DEBUG   :     #02 pc 0000000000023448  /system/lib64/libc.so (raise+28)
08-27 09:58:59.526  2939  2939 F DEBUG   :     #03 pc 000000000001dbe8  /system/lib64/libc.so (abort+60)
08-27 09:58:59.526  2939  2939 F DEBUG   :     #04 pc 000000000000de78  /system/lib64/libcutils.so (__android_log_assert+236)
08-27 09:58:59.526  2939  2939 F DEBUG   :     #05 pc 000000000001e400  /system/lib64/libsurfaceflinger.so
08-27 09:58:59.526  2939  2939 F DEBUG   :     #06 pc 0000000000030cac  /system/lib64/libsurfaceflinger.so
08-27 09:58:59.527  2939  2939 F DEBUG   :     #07 pc 000000000002f804  /system/lib64/libsurfaceflinger.so
08-27 09:58:59.527  2939  2939 F DEBUG   :     #08 pc 000000000002e720  /system/lib64/libsurfaceflinger.so
08-27 09:58:59.527  2939  2939 F DEBUG   :     #09 pc 000000000002e488  /system/lib64/libsurfaceflinger.so
08-27 09:58:59.527  2939  2939 F DEBUG   :     #10 pc 000000000001aed4  /system/lib64/libutils.so (_ZN7android6Looper9pollInnerEi+312)
08-27 09:58:59.527  2939  2939 F DEBUG   :     #11 pc 000000000001b20c  /system/lib64/libutils.so (_ZN7android6Looper8pollOnceEiPiS1_PPv+80)
08-27 09:58:59.527  2939  2939 F DEBUG   :     #12 pc 000000000002a6f4  /system/lib64/libsurfaceflinger.so
08-27 09:58:59.527  2939  2939 F DEBUG   :     #13 pc 000000000002df7c  /system/lib64/libsurfaceflinger.so (_ZN7android14SurfaceFlinger3runEv+20)
08-27 09:58:59.527  2939  2939 F DEBUG   :     #14 pc 00000000000011ec  /system/bin/surfaceflinger
08-27 09:58:59.527  2939  2939 F DEBUG   :     #15 pc 000000000001bcd8  /system/lib64/libc.so (__libc_init+100)
08-27 09:58:59.527  2939  2939 F DEBUG   :     #16 pc 000000000000101c  /system/bin/surfaceflinger
08-27 09:58:59.719  2939  2939 F DEBUG   : 
08-27 09:58:59.719  2939  2939 F DEBUG   : Tombstone written to: /data/tombstones/tombstone_00
08-27 09:58:59.723  2942  2942 E audio_route: Failed to open /system/etc/mixer_paths.xml
08-27 09:58:59.729  2942  2942 I AudioFlinger: loadHwModule() Loaded primary audio interface from Samsung audio HW HAL (audio) handle 1
08-27 09:58:59.729  2942  2942 I AudioFlinger: openOutput(), module 1 Device 2, SamplingRate 44100, Format 0x000001, Channels 3, flags 2
08-27 09:58:59.729  2942  2942 I AudioFlinger: AudioStreamOut::open(), mHalFormatIsLinearPcm = 1
08-27 09:58:59.729  2942  2942 I AudioFlinger: HAL output buffer size 256 frames, normal sink buffer size 960 frames
08-27 09:58:59.736  2942  2942 I BufferProvider: found effect "Multichannel Downmix To Stereo" from The Android Open Source Project
08-27 09:58:59.736  2942  2942 E MonoPipe: Failed to fetch local time frequency when constructing a MonoPipe (res = -32).  getNextWriteTimestamp calls will be non-functional
08-27 09:58:59.736  2942  2942 I AudioFlinger: Using module 1 has the primary audio interface
08-27 09:58:59.736  2942  3237 I AudioFlinger: AudioFlinger's thread 0xf4b80000 ready to run
08-27 09:58:59.736  2942  3237 V audio_hw_primary: do_out_standby: output standby: 1
08-27 09:58:59.737  2942  3237 V audio_hw_primary: out_set_parameters: key value pairs: routing=2
08-27 09:58:59.737  2942  3237 E AudioFlinger: no wake lock to update!
08-27 09:58:59.738  2942  2942 V audio_hw_primary: adev_open_input_stream: Created resampler converting 48000 -> 16000
08-27 09:58:59.738  2942  2942 V audio_hw_primary: adev_open_input_stream: Requesting input stream with rate: 16000, channels: 0xc
08-27 09:58:59.738  2942  3238 I AudioFlinger: AudioFlinger's thread 0xf47c0000 ready to run
08-27 09:58:59.739  2942  2942 I r_submix: adev_open(name=audio_hw_if)
08-27 09:58:59.739  2942  2942 I r_submix: adev_init_check()
08-27 09:58:59.739  2942  2942 I AudioFlinger: loadHwModule() Loaded r_submix audio interface from Wifi Display audio HAL (audio) handle 4
08-27 09:58:59.739  2942  2942 D r_submix: adev_open_input_stream(addr=0)
08-27 09:58:59.739  2942  2942 D r_submix: submix_audio_device_create_pipe_l(addr=0, idx=9)
08-27 09:58:59.739  2942  2942 D r_submix:   now using address 0 for route 9
08-27 09:58:59.739  2942  3239 I AudioFlinger: AudioFlinger's thread 0xf47c0000 ready to run
08-27 09:58:59.739  2942  2942 D r_submix: adev_close_input_stream()
08-27 09:58:59.739  2942  2942 D r_submix: submix_audio_device_release_pipe_l(idx=9) addr=0
08-27 09:58:59.739  2942  2942 D r_submix: submix_audio_device_destroy_pipe_l(): pipe destroyed
08-27 09:58:59.740  2942  2942 E SoundTriggerHwService: couldn't load sound trigger module sound_trigger.primary (No such file or directory)
08-27 09:58:59.740  2942  2942 I RadioService: RadioService
08-27 09:58:59.740  2942  2942 I RadioService: onFirstRef
08-27 09:58:59.740  2942  2942 E RadioService: couldn't load radio module radio.primary (No such file or directory)
08-27 09:58:59.781  3102  3128 E SurfaceControl: invalid handle (0x0) or client (0x7fa109c640)
08-27 09:58:59.781  2932  2932 I ServiceManager: service 'SurfaceFlinger' died
08-27 09:58:59.781  3102  3126 W SurfaceComposerClient: ComposerService remote (surfaceflinger) died [0x7fa10a3320]
08-27 09:58:59.781  2932  2932 I ServiceManager: service 'Exynos.HWCService' died
08-27 09:58:59.781  3102  3126 D BootAnimation: SurfaceFlinger died, exiting...
08-27 09:58:59.826  2932  2932 I ServiceManager: service 'media.radio' died
08-27 09:58:59.826  2932  2932 I ServiceManager: service 'media.sound_trigger_hw' died
08-27 09:58:59.826  2932  2932 I ServiceManager: service 'media.audio_flinger' died
08-27 09:58:59.826  2932  2932 I ServiceManager: service 'media.player' died
08-27 09:58:59.826  2932  2932 I ServiceManager: service 'media.resource_manager' died
08-27 09:58:59.826  2932  2932 I ServiceManager: service 'media.camera' died
08-27 09:58:59.826  2932  2932 I ServiceManager: service 'media.audio_policy' died
08-27 09:59:01.072  3181  3263 W dex2oat : Skipping class com.quicinc.tcmiface.DpmTcmIface from /system/framework/org.apache.http.legacy.boot.jar previously found in /system/framework/okhttp.jar
08-27 09:59:01.093  3175  3262 W dex2oat : Skipping class com.quicinc.tcmiface.DpmTcmIface from /system/framework/org.apache.http.legacy.boot.jar previously found in /system/framework/okhttp.jar
08-27 09:59:01.418  3181  3181 I dex2oat : Explicit concurrent mark sweep GC freed 58601(12MB) AllocSpace objects, 0(0B) LOS objects, 45% free, 4MB/8MB, paused 66us total 8.858ms
08-27 09:59:01.430  3175  3175 I dex2oat : Explicit concurrent mark sweep GC freed 58603(21MB) AllocSpace objects, 0(0B) LOS objects, 34% free, 7MB/11MB, paused 83us total 10.640ms
08-27 09:59:02.141  3181  3181 I dex2oat : dex2oat took 2.754s (threads: 8) arena alloc=544B java alloc=4MB native alloc=8MB free=8MB
08-27 09:59:02.141  3175  3175 I dex2oat : dex2oat took 2.758s (threads: 8) arena alloc=144B java alloc=7MB native alloc=10MB free=10MB
08-27 09:59:02.174  2947  2947 D ICU     : No timezone override file found: /data/misc/zoneinfo/current/icu/icu_tzdata.dat
08-27 09:59:02.317  2947  2947 I Radio-JNI: register_android_hardware_Radio DONE
08-27 09:59:02.361  2947  2947 I SamplingProfilerIntegration: Profiling disabled.
08-27 09:59:02.362  2947  2947 D Zygote  : begin preload
08-27 09:59:02.363  2947  2947 I Zygote  : Preloading classes...
08-27 09:59:02.809  2947  2947 E Minikin : addFont failed to create font /system/fonts/NanumGothic.ttf
08-27 09:59:02.809  2947  2947 E Minikin : addFont failed to create font /system/fonts/DroidSansFallback.ttf
08-27 09:59:02.809  2947  2947 E Minikin : addFont failed to create font /system/fonts/MTLmr3m.ttf
08-27 09:59:02.912  2947  2947 V DngCreator_JNI: DngCreator_nativeClassInit:
08-27 09:59:03.701  2947  2947 I art     : Thread[1,tid=2947,Native,Thread*=0xf51b6500,peer=0x12c21340,"main"] recursive attempt to load library "/system/lib/libmedia_jni.so"
08-27 09:59:03.701  2947  2947 D MtpDeviceJNI: register_android_mtp_MtpDevice
08-27 09:59:03.702  2947  2947 I art     : Thread[1,tid=2947,Native,Thread*=0xf51b6500,peer=0x12c21340,"main"] recursive attempt to load library "/system/lib/libmedia_jni.so"
08-27 09:59:03.702  2947  2947 I art     : Thread[1,tid=2947,Native,Thread*=0xf51b6500,peer=0x12c21340,"main"] recursive attempt to load library "/system/lib/libmedia_jni.so"
08-27 09:59:04.159  3076  3076 W auditd  : type=1325 audit(0.0:59): table=filter family=2 entries=34
08-27 09:59:04.159  3076  3076 W auditd  : type=1320 audit(0.0:59): 
08-27 09:59:04.162  3278  3278 I Netd    : Netd 1.0 starting
08-27 09:59:04.162  3278  3278 I QtiConnectivityAdapter: Failed to open libconnctrl, some features may not be present.
08-27 09:59:04.162  3278  3278 D TetherController: Setting IP forward enable = 0
08-27 09:59:04.169  3076  3076 W auditd  : type=1325 audit(0.0:60): table=filter family=10 entries=34
08-27 09:59:04.169  3076  3076 W auditd  : type=1320 audit(0.0:60): 
08-27 09:59:04.172  3280  3280 I SurfaceFlinger: SurfaceFlinger is starting
08-27 09:59:04.173  3280  3280 I SurfaceFlinger: SurfaceFlinger's main thread ready to run. Initializing graphics H/W...
08-27 09:59:04.179  3076  3076 W auditd  : type=1325 audit(0.0:61): table=filter family=2 entries=33
08-27 09:59:04.179  3076  3076 W auditd  : type=1320 audit(0.0:61): 
08-27 09:59:04.189  3076  3076 W auditd  : type=1325 audit(0.0:62): table=filter family=10 entries=33
08-27 09:59:04.189  3076  3076 W auditd  : type=1320 audit(0.0:62): 
08-27 09:59:04.190  3280  3280 D libEGL  : loaded /vendor/lib64/egl/libGLES_mali.so
08-27 09:59:04.199  3076  3076 W auditd  : type=1325 audit(0.0:63): table=filter family=2 entries=33
08-27 09:59:04.199  3076  3076 W auditd  : type=1320 audit(0.0:63): 
08-27 09:59:04.209  3076  3076 W auditd  : type=1325 audit(0.0:64): table=filter family=10 entries=33
08-27 09:59:04.209  3076  3076 W auditd  : type=1320 audit(0.0:64): 
08-27 09:59:04.209  3280  3280 D gralloc : gralloc_device_open 64 bit name=fb0
08-27 09:59:04.209  3280  3280 D gralloc : gralloc_device_open 64 bit name=gpu0
08-27 09:59:04.209  3280  3280 D gralloc : gralloc_device_open ionfd=18
08-27 09:59:04.219  3076  3076 W auditd  : type=1325 audit(0.0:65): table=filter family=2 entries=31
08-27 09:59:04.219  3076  3076 W auditd  : type=1320 audit(0.0:65): 
08-27 09:59:04.227  3280  3280 I gralloc : using (id=)
08-27 09:59:04.227  3280  3280 I gralloc : xres         = 1440 px
08-27 09:59:04.227  3280  3280 I gralloc : yres         = 2560 px
08-27 09:59:04.227  3280  3280 I gralloc : width        = 68 mm (537.882324 dpi)
08-27 09:59:04.227  3280  3280 I gralloc : height       = 122 mm (532.983582 dpi)
08-27 09:59:04.227  3280  3280 I gralloc : refresh rate = 59.00 Hz
08-27 09:59:04.228  3280  3280 D gralloc : gralloc_device_open 64 bit name=gpu0
08-27 09:59:04.228  3280  3280 D gralloc : gralloc_device_open ionfd=18
08-27 09:59:04.228  3280  3280 D hwcomposer: using
08-27 09:59:04.228  3280  3280 D hwcomposer: xres         = 1440 px
08-27 09:59:04.228  3280  3280 D hwcomposer: yres         = 2560 px
08-27 09:59:04.228  3280  3280 D hwcomposer: width        = 68 mm (537.882000 dpi)
08-27 09:59:04.228  3280  3280 D hwcomposer: height       = 122 mm (532.983000 dpi)
08-27 09:59:04.228  3280  3280 D hwcomposer: refresh rate = 59 Hz
08-27 09:59:04.228  3280  3280 I DisplayResourceManagerModule: internalMPP type(10), index(1)
08-27 09:59:04.228  3280  3280 I DisplayResourceManagerModule: internalMPP type(10), index(2)
08-27 09:59:04.229  3076  3076 W auditd  : type=1325 audit(0.0:66): table=filter family=10 entries=31
08-27 09:59:04.229  3076  3076 W auditd  : type=1320 audit(0.0:66): 
08-27 09:59:04.229  3280  3280 I DisplayResourceManagerModule: internalMPP type(10), index(3)
08-27 09:59:04.229  3280  3280 I DisplayResourceManagerModule: internalMPP type(0), index(0)
08-27 09:59:04.229  3280  3280 I DisplayResourceManagerModule: internalMPP type(0), index(1)
08-27 09:59:04.229  3280  3280 I DisplayResourceManagerModule: internalMPP type(2), index(0)
08-27 09:59:04.229  3280  3280 I DisplayResourceManagerModule: internalMPP type(2), index(1)
08-27 09:59:04.229  3280  3280 I DisplayResourceManagerModule: externalMPP type(4), index(0)
08-27 09:59:04.229  3280  3280 I hwcutils: Open /dev/s5p-smem
08-27 09:59:04.229  3280  3280 I DisplayResourceManagerModule: externalMPP type(4), index(0)
08-27 09:59:04.229  3280  3280 I hwcutils: Open /dev/s5p-smem
08-27 09:59:04.229  3280  3280 I DisplayResourceManagerModule: externalMPP type(4), index(0)
08-27 09:59:04.229  3280  3280 I hwcutils: Open /dev/s5p-smem
08-27 09:59:04.229  3280  3280 I DisplayResourceManagerModule: externalMPP type(4), index(0)
08-27 09:59:04.229  3280  3280 I hwcutils: Open /dev/s5p-smem
08-27 09:59:04.229  3280  3280 I DisplayResourceManagerModule: externalMPP type(4), index(0)
08-27 09:59:04.229  3280  3280 I hwcutils: Open /dev/s5p-smem
08-27 09:59:04.229  3280  3280 I hwcomposer: PSR info devname = /sys/devices/13960000.decon_f/psr_info
08-27 09:59:04.229  3280  3280 I hwcomposer: PSR mode   = 2 (0: video mode, 1: DP PSR mode, 2: MIPI-DSI command mode)
08-27 09:59:04.229  3280  3280 I hwcomposer: Panel type = 1 (0: Legacy, 1: DSC)
08-27 09:59:04.230  3280  3280 I SurfaceFlinger: Using composer version 1.5
08-27 09:59:04.230  3280  3280 E display : [PrimaryDisplay] unknown display attribute 6
08-27 09:59:04.230  3280  3280 I SurfaceFlinger: EGL information:
08-27 09:59:04.230  3280  3280 I SurfaceFlinger: vendor    : Android
08-27 09:59:04.230  3280  3280 I SurfaceFlinger: version   : 1.4 Android META-EGL
08-27 09:59:04.230  3280  3280 I SurfaceFlinger: extensions: EGL_KHR_get_all_proc_addresses EGL_ANDROID_presentation_time EGL_KHR_swap_buffers_with_damage EGL_KHR_image EGL_KHR_image_base EGL_KHR_gl_texture_2D_image EGL_KHR_gl_texture_cubemap_image EGL_KHR_gl_renderbuffer_image EGL_KHR_fence_sync EGL_KHR_create_context EGL_KHR_config_attribs EGL_KHR_surfaceless_context EGL_EXT_create_context_robustness EGL_ANDROID_image_native_buffer EGL_KHR_wait_sync EGL_ANDROID_recordable EGL_KHR_partial_update 
08-27 09:59:04.230  3280  3280 I SurfaceFlinger: Client API: OpenGL_ES
