12-04 12:54:12.179  2974  2974 W auditd  : type=1320 audit(0.0:221): 
12-04 12:54:12.189  2974  2974 W auditd  : type=1325 audit(0.0:222): table=filter family=2 entries=71
12-04 12:54:12.189  2974  2974 W auditd  : type=1320 audit(0.0:222): 
12-04 12:54:12.200  5000  5003 D libEGL  : loaded /vendor/lib64/egl/libGLES_mali.so
12-04 12:54:12.202  4979  4979 V DngCreator_JNI: DngCreator_nativeClassInit:
12-04 12:54:12.208  5000  5003 D mali_winsys: EGLint new_window_surface(egl_winsys_display*, void*, EGLSurface, EGLConfig, egl_winsys_surface**, egl_color_buffer_format*, EGLBoolean) returns 0x3000,  [1440x2560]-format:2
12-04 12:54:12.209  2974  2974 W auditd  : type=1325 audit(0.0:223): table=filter family=10 entries=74
12-04 12:54:12.209  2974  2974 W auditd  : type=1320 audit(0.0:223): 
12-04 12:54:12.210  5000  5003 E BootAnimation: couldn't find audio_conf.txt
12-04 12:54:12.212  5000  5003 D BootAnimation: Use save memory method, maybe small fps in actual.
12-04 12:54:12.229  2974  2974 W auditd  : type=1325 audit(0.0:224): table=filter family=2 entries=71
12-04 12:54:12.229  2974  2974 W auditd  : type=1320 audit(0.0:224): 
12-04 12:54:12.239  2974  2974 W auditd  : type=1325 audit(0.0:225): table=filter family=10 entries=74
12-04 12:54:12.247  4979  4979 I art     : Thread[1,tid=4979,Native,Thread*=0x7f7f77ba00,peer=0x12c2d100,"main"] recursive attempt to load library "/system/lib64/libmedia_jni.so"
12-04 12:54:12.247  4979  4979 D MtpDeviceJNI: register_android_mtp_MtpDevice
12-04 12:54:12.247  4979  4979 I art     : Thread[1,tid=4979,Native,Thread*=0x7f7f77ba00,peer=0x12c2d100,"main"] recursive attempt to load library "/system/lib64/libmedia_jni.so"
12-04 12:54:12.247  4979  4979 I art     : Thread[1,tid=4979,Native,Thread*=0x7f7f77ba00,peer=0x12c2d100,"main"] recursive attempt to load library "/system/lib64/libmedia_jni.so"
12-04 12:54:12.288  4979  4979 W System  : ClassLoader referenced unknown path: /system/framework/tcmclient.jar
12-04 12:54:12.329  4979  4979 I System  : Loaded time zone names for "" in 17ms (16ms in ICU)
12-04 12:54:12.340  4979  4979 I System  : Loaded time zone names for "en_US" in 11ms (10ms in ICU)
12-04 12:54:12.346  4979  4979 I Zygote  : ...preloaded 3831 classes in 206ms.
12-04 12:54:12.346  4979  4979 I art     : VMRuntime.preloadDexCaches starting
12-04 12:54:12.385  4979  4979 I art     : VMRuntime.preloadDexCaches strings total=249480 before=44901 after=44901
12-04 12:54:12.385  4979  4979 I art     : VMRuntime.preloadDexCaches types total=20343 before=6892 after=6923
12-04 12:54:12.385  4979  4979 I art     : VMRuntime.preloadDexCaches fields total=100632 before=36118 after=36550
12-04 12:54:12.385  4979  4979 I art     : VMRuntime.preloadDexCaches methods total=172964 before=71279 after=71806
12-04 12:54:12.385  4979  4979 I art     : VMRuntime.preloadDexCaches finished
12-04 12:54:12.400  5065  5065 D idmap   : error: no read access to /vendor/overlay: No such file or directory
12-04 12:54:12.402  4979  4979 I Zygote  : Preloading resources...
12-04 12:54:12.650  4980  4980 V audio_hw_primary: adev_open: Forcing voice config: wide
12-04 12:54:12.650  4980  4980 I AudioFlinger: loadHwModule() Loaded primary audio interface from Samsung audio HW HAL (audio) handle 1
12-04 12:54:12.650  4980  4980 I AudioFlinger: openOutput(), module 1 Device 2, SamplingRate 48000, Format 0x000001, Channels 3, flags a
12-04 12:54:12.650  4980  4980 I AudioFlinger: AudioStreamOut::open(), mHalFormatIsLinearPcm = 1
12-04 12:54:12.650  4980  4980 I AudioFlinger: HAL output buffer size 1024 frames, normal sink buffer size 1024 frames
12-04 12:54:12.652  4980  4980 I BufferProvider: found effect "Multichannel Downmix To Stereo" from The Android Open Source Project
12-04 12:54:12.652  4980  4980 I AudioFlinger: Using module 1 has the primary audio interface
12-04 12:54:12.652  4980  5119 I AudioFlinger: AudioFlinger's thread 0xf4900000 ready to run
12-04 12:54:12.652  4980  5119 V audio_hw_primary: do_out_standby: output standby: 1
12-04 12:54:12.653  4980  5119 V audio_hw_primary: out_set_parameters: key value pairs: routing=2
12-04 12:54:12.653  4980  5119 E AudioFlinger: no wake lock to update!
12-04 12:54:12.653  4980  4980 I AudioFlinger: openOutput(), module 1 Device 2, SamplingRate 48000, Format 0x000001, Channels 3, flags 4
12-04 12:54:12.653  4980  4980 I AudioFlinger: AudioStreamOut::open(), mHalFormatIsLinearPcm = 1
12-04 12:54:12.653  4980  4980 I AudioFlinger: HAL output buffer size 256 frames, normal sink buffer size 960 frames
12-04 12:54:12.654  4980  4980 E MonoPipe: Failed to fetch local time frequency when constructing a MonoPipe (res = -32).  getNextWriteTimestamp calls will be non-functional
12-04 12:54:12.654  4979  4979 I Zygote  : ...preloaded 342 resources in 251ms.
12-04 12:54:12.654  4980  5121 I AudioFlinger: AudioFlinger's thread 0xf46c0000 ready to run
12-04 12:54:12.654  4980  5121 V audio_hw_primary: out_set_parameters: key value pairs: routing=2
12-04 12:54:12.654  4980  5121 V audio_hw_primary: do_out_standby: output standby: 1
12-04 12:54:12.654  4980  5121 E AudioFlinger: no wake lock to update!
12-04 12:54:12.655  4980  4980 V audio_hw_primary: adev_open_input_stream: Requesting input stream with rate: 48000, channels: 0xc
12-04 12:54:12.655  4980  5123 I AudioFlinger: AudioFlinger's thread 0xf43c0000 ready to run
12-04 12:54:12.656  4980  4980 I bt_a2dp_hw: adev_open:  adev_open in A2dp_hw module
12-04 12:54:12.656  4980  4980 I AudioFlinger: loadHwModule() Loaded a2dp audio interface from A2DP Audio HW HAL (audio) handle 5
12-04 12:54:12.656  4980  4980 I AudioFlinger: loadHwModule() Loaded usb audio interface from USB audio HW HAL (audio) handle 6
12-04 12:54:12.657  4980  4980 I r_submix: adev_open(name=audio_hw_if)
12-04 12:54:12.657  4980  4980 I r_submix: adev_init_check()
12-04 12:54:12.657  4980  4980 I AudioFlinger: loadHwModule() Loaded r_submix audio interface from Wifi Display audio HAL (audio) handle 7
12-04 12:54:12.657  4980  4980 D r_submix: adev_open_input_stream(addr=0)
12-04 12:54:12.657  4980  4980 D r_submix: submix_audio_device_create_pipe_l(addr=0, idx=9)
12-04 12:54:12.657  4980  4980 D r_submix:   now using address 0 for route 9
12-04 12:54:12.657  4980  5124 I AudioFlinger: AudioFlinger's thread 0xf4300000 ready to run
12-04 12:54:12.657  4980  4980 D r_submix: adev_close_input_stream()
12-04 12:54:12.657  4980  4980 D r_submix: submix_audio_device_release_pipe_l(idx=9) addr=0
12-04 12:54:12.657  4980  4980 D r_submix: submix_audio_device_destroy_pipe_l(): pipe destroyed
12-04 12:54:12.657  4979  4979 I Zygote  : ...preloaded 41 resources in 4ms.
12-04 12:54:12.658  4980  4980 E SoundTriggerHwService: couldn't load sound trigger module sound_trigger.primary (No such file or directory)
12-04 12:54:12.658  4980  4980 I RadioService: RadioService
12-04 12:54:12.658  4980  4980 I RadioService: onFirstRef
12-04 12:54:12.658  4980  4980 E RadioService: couldn't load radio module radio.primary (No such file or directory)
12-04 12:54:12.664  4979  4979 D libEGL  : loaded /vendor/lib64/egl/libGLES_mali.so
12-04 12:54:12.671  4979  4979 I Zygote  : Preloading shared libraries...
12-04 12:54:12.674  4979  4979 D Zygote  : end preload
12-04 12:54:12.674  4979  4979 I art     : Starting a blocking GC Explicit
12-04 12:54:12.680  4979  4979 I art     : Explicit concurrent mark sweep GC freed 2170(105KB) AllocSpace objects, 0(0B) LOS objects, 38% free, 25MB/41MB, paused 69us total 5.827ms
12-04 12:54:12.684  4979  4979 I art     : Starting a blocking GC Explicit
12-04 12:54:12.690  4979  4979 I art     : Explicit concurrent mark sweep GC freed 701(29KB) AllocSpace objects, 0(0B) LOS objects, 38% free, 25MB/41MB, paused 69us total 5.450ms
12-04 12:54:12.690  4979  5016 I art     : Starting a blocking GC HeapTrim
12-04 12:54:12.692  4979  4979 I art     : Starting a blocking GC Background
12-04 12:54:12.718  4979  4979 I Zygote  : System server process 5139 has been created
12-04 12:54:12.720  4979  4979 I Zygote  : Accepting command socket connections
12-04 12:54:12.734  5139  5139 I Zygote  : Process: zygote socket opened, supported ABIS: armeabi-v7a,armeabi
12-04 12:54:12.735  5139  5139 I InstallerConnection: connecting...
12-04 12:54:12.735  2996  2996 I installd: new connection
12-04 12:54:12.736  5139  5139 I InstallerConnection: disconnecting...
12-04 12:54:12.736  2996  2996 E installd: eof
12-04 12:54:12.736  2996  2996 E installd: failed to read size
12-04 12:54:12.736  2996  2996 I installd: closing connection
12-04 12:54:12.742  5139  5139 I SystemServer: Entered the Android system server!
12-04 12:54:12.766  5139  5139 I SystemServiceManager: Starting com.android.server.pm.Installer
12-04 12:54:12.766  5139  5139 I Installer: Waiting for installd to be ready.
12-04 12:54:12.766  5139  5139 I InstallerConnection: connecting...
12-04 12:54:12.766  2996  2996 I installd: new connection
12-04 12:54:12.766  5139  5139 I SystemServiceManager: Starting com.android.server.am.ActivityManagerService$Lifecycle
12-04 12:54:12.771  5139  5139 I ActivityManager: choosing minFree values for 64 Bit
12-04 12:54:12.771  5139  5139 I ActivityManager: choosing minFree values for 64 Bit
12-04 12:54:12.771  5139  5139 I ActivityManager: choosing minFree values for 64 Bit
12-04 12:54:12.771  5139  5139 I ActivityManager: choosing minFree values for 64 Bit
12-04 12:54:12.771  5139  5139 I ActivityManager: choosing minFree values for 64 Bit
12-04 12:54:12.771  5139  5139 I ActivityManager: choosing minFree values for 64 Bit
12-04 12:54:12.773  5139  5139 I ActivityManager: Memory class: 256
12-04 12:54:12.774  5139  5164 I ServiceThread: Enabled StrictMode logging for ActivityManager looper.
12-04 12:54:12.775  5139  5165 I ServiceThread: Enabled StrictMode logging for android.ui looper.
12-04 12:54:12.780  5139  5139 D BatteryStatsImpl: Reading daily items from /data/system/batterystats-daily.xml
12-04 12:54:12.806  5139  5139 I IntentFirewall: Read new rules (A:0 B:0 S:0)
12-04 12:54:12.809  5139  5175 I ServiceThread: Enabled StrictMode logging for android.display looper.
12-04 12:54:12.812  5139  5139 D AppOps  : AppOpsService published
12-04 12:54:12.812  5139  5139 I SystemServiceManager: Starting com.android.server.power.PowerManagerService
12-04 12:54:12.813  5139  5178 I ServiceThread: Enabled StrictMode logging for PowerManagerService looper.
12-04 12:54:12.814  5139  5139 W libsuspend: Error writing 'on' to /sys/power/state: Invalid argument
12-04 12:54:12.814  5139  5139 I libsuspend: Selected wakeup count
12-04 12:54:12.815  5139  5139 I SystemServiceManager: Starting com.android.server.lights.LightsService
12-04 12:54:12.816  5139  5139 I SystemServiceManager: Starting com.android.server.display.DisplayManagerService
12-04 12:54:12.817  5139  5139 I SystemServiceManager: Starting phase 100
12-04 12:54:12.820  4975  4976 E SurfaceFlinger: getDefaultDisplay: id=2 is not a valid default display id
12-04 12:54:12.821  5139  5175 I DisplayManagerService: Display device added: DisplayDeviceInfo{"Built-in Screen": uniqueId="local:0", 1440 x 2560, modeId 1, defaultModeId 1, supportedModes [{id=1, width=1440, height=2560, fps=59.0}], colorTransformId 1, defaultColorTransformId 1, supportedColorTransforms [{id=1, colorTransform=-22}], density 640, 537.882 x 532.983 dpi, appVsyncOff 0, presDeadline 17949152, touch INTERNAL, rotation 0, type BUILT_IN, state UNKNOWN, FLAG_DEFAULT_DISPLAY, FLAG_ROTATES_WITH_CONTENT, FLAG_SECURE, FLAG_SUPPORTS_PROTECTED_BUFFERS}
12-04 12:54:12.821  4975  4975 D SurfaceFlinger: Set power mode=2, type=0 flinger=0x7f97c43c00
12-04 12:54:12.821  4975  4975 D SurfaceFlinger: Screen type=0 is already mode=2
12-04 12:54:12.823  5139  5139 I SystemServer: Package Manager
12-04 12:54:12.823  5139  5175 I DisplayManagerService: Display device changed state: "Built-in Screen", ON
12-04 12:54:12.853  5139  5139 D SELinuxMMAC: Using policy file /system/etc/security/mac_permissions.xml
12-04 12:54:12.910  5139  5139 E art     : DexFile_getDexOptNeeded file '/system/framework/org.apache.http.legacy.jar' does not exist
12-04 12:54:12.911  5139  5139 W PackageManager: Library not found: /system/framework/org.apache.http.legacy.jar
12-04 12:54:12.911  5139  5139 E art     : DexFile_getDexOptNeeded file '/system/framework/com.android.nfc_extras.jar' does not exist
12-04 12:54:12.911  5139  5139 W PackageManager: Library not found: /system/framework/com.android.nfc_extras.jar
12-04 12:54:12.912  5139  5139 E art     : DexFile_getDexOptNeeded file '/system/framework/org.apache.http.legacy.jar' does not exist
12-04 12:54:12.912  5139  5139 W PackageManager: Library not found: /system/framework/org.apache.http.legacy.jar
12-04 12:54:12.912  5139  5139 E art     : DexFile_getDexOptNeeded file '/system/framework/com.android.nfc_extras.jar' does not exist
12-04 12:54:12.912  5139  5139 W PackageManager: Library not found: /system/framework/com.android.nfc_extras.jar
12-04 12:54:12.924  5139  5139 D PackageManager: No files in app dir /vendor/overlay
12-04 12:54:12.924  5139  5139 D PackageManager: start scanDirLI:/system/framework
12-04 12:54:12.924  5139  5139 D PackageManager: max thread:6
12-04 12:54:12.929  5139  5203 W PackageManager: Failed to parse /system/framework/arm: Missing base APK in /system/framework/arm
12-04 12:54:12.929  5139  5206 W PackageManager: Failed to parse /system/framework/oat: Missing base APK in /system/framework/oat
12-04 12:54:12.929  5139  5204 W PackageManager: Failed to parse /system/framework/arm64: Missing base APK in /system/framework/arm64
12-04 12:54:12.939  5139  5207 W PackageManager: Permission cyanogenmod.permission.WRITE_ALARMS from package cyanogenmod.platform in an unknown group android.permission-group.SYSTEM_CLOCK
12-04 12:54:12.939  5139  5207 W PackageManager: Permission cyanogenmod.permission.MANAGE_ALARMS from package cyanogenmod.platform in an unknown group android.permission-group.SYSTEM_CLOCK
12-04 12:54:12.939  5139  5207 W PackageManager: Permission cyanogenmod.permission.READ_ALARMS from package cyanogenmod.platform in an unknown group android.permission-group.SYSTEM_CLOCK
12-04 12:54:13.016  5139  5205 W PackageManager: Permission android.permission.SET_KEYGUARD_WALLPAPER from package android in an unknown group android.permission-group.WALLPAPER
12-04 12:54:13.016  5139  5205 W PackageManager: Permission android.permission.MODIFY_PROTECTED_SMS_LIST from package android in an unknown group android.permission-group.MESSAGES
12-04 12:54:13.016  5139  5205 W PackageManager: Permission android.permission.RECEIVE_PROTECTED_SMS from package android in an unknown group android.permission-group.MESSAGES
12-04 12:54:13.016  5139  5205 W PackageManager: Permission android.permission.RESET_BATTERY_STATS from package android in an unknown group android.permission-group.SYSTEM_TOOLS
12-04 12:54:13.017  5139  5139 D PackageManager: end scanDirLI:/system/framework
12-04 12:54:13.017  5139  5139 D PackageManager: start scanDirLI:/system/priv-app
12-04 12:54:13.017  5139  5139 D PackageManager: max thread:6
12-04 12:54:13.068  5139  5205 W PackageParser: No actions in intent filter at /system/priv-app/Contacts/Contacts.apk Binary XML file line #301
12-04 12:54:13.130  5139  5206 W PackageParser: No actions in intent filter at /system/priv-app/Dialer/Dialer.apk Binary XML file line #152
12-04 12:54:13.139  2974  2974 W auditd  : type=1325 audit(0.0:385): table=filter family=2 entries=67
12-04 12:54:13.139  2974  2974 W auditd  : type=1320 audit(0.0:385): 
12-04 12:54:13.144  5139  5207 W PackageManager: Permission android.permission.DOWNLOAD_WITHOUT_NOTIFICATION from package com.android.providers.downloads in an unknown group android.permission-group.NETWORK
12-04 12:54:13.149  2974  2974 W auditd  : type=1325 audit(0.0:386): table=filter family=10 entries=71
12-04 12:54:13.149  2974  2974 W auditd  : type=1320 audit(0.0:386): 
12-04 12:54:13.149  2974  2974 W auditd  : type=1325 audit(0.0:387): table=filter family=2 entries=69
12-04 12:54:13.149  2974  2974 W auditd  : type=1320 audit(0.0:387): 
12-04 12:54:13.159  2974  2974 W auditd  : type=1325 audit(0.0:388): table=filter family=2 entries=69
12-04 12:54:13.159  2974  2974 W auditd  : type=1320 audit(0.0:388): 
12-04 12:54:13.159  2974  2974 W auditd  : type=1325 audit(0.0:389): table=nat family=2 entries=11
12-04 12:54:13.159  2974  2974 W auditd  : type=1320 audit(0.0:389): 
12-04 12:54:13.168  5008  5008 V NatController: runCmd(/system/bin/iptables -w -F natctrl_FORWARD) res=0
12-04 12:54:13.169  2974  2974 W auditd  : type=1325 audit(0.0:390): table=filter family=2 entries=70
12-04 12:54:13.169  2974  2974 W auditd  : type=1320 audit(0.0:390): 
12-04 12:54:13.173  5008  5008 V NatController: runCmd(/system/bin/iptables -w -A natctrl_FORWARD -j DROP) res=0
12-04 12:54:13.178  5008  5008 V NatController: runCmd(/system/bin/iptables -w -t nat -F natctrl_nat_POSTROUTING) res=0
12-04 12:54:13.179  2974  2974 W auditd  : type=1325 audit(0.0:391): table=filter family=2 entries=70
12-04 12:54:13.179  2974  2974 W auditd  : type=1320 audit(0.0:391): 
12-04 12:54:13.180  5139  5150 I art     : Background sticky concurrent mark sweep GC freed 167558(11MB) AllocSpace objects, 120(5MB) LOS objects, 15% free, 35MB/41MB, paused 2.835ms total 112.409ms
12-04 12:54:13.184  5008  5008 V NatController: runCmd(/system/bin/iptables -w -F natctrl_tether_counters) res=0
12-04 12:54:13.189  2974  2974 W auditd  : type=1325 audit(0.0:392): table=filter family=2 entries=68
12-04 12:54:13.189  2974  2974 W auditd  : type=1320 audit(0.0:392): 
12-04 12:54:13.189  2974  2974 W auditd  : type=1325 audit(0.0:393): table=mangle family=2 entries=15
12-04 12:54:13.189  2974  2974 W auditd  : type=1320 audit(0.0:393): 
12-04 12:54:13.190  5008  5008 V NatController: runCmd(/system/bin/iptables -w -X natctrl_tether_counters) res=0
12-04 12:54:13.199  2974  2974 W auditd  : type=1325 audit(0.0:394): table=filter family=2 entries=70
12-04 12:54:13.199  2974  2974 W auditd  : type=1320 audit(0.0:394): 
12-04 12:54:13.200  5008  5008 V NatController: runCmd(/system/bin/iptables -w -N natctrl_tether_counters) res=0
12-04 12:54:13.205  5008  5008 V NatController: runCmd(/system/bin/iptables -w -t mangle -A natctrl_mangle_FORWARD -p tcp --tcp-flags SYN SYN -j TCPMSS --clamp-mss-to-pmtu) res=0
12-04 12:54:13.295  5139  5203 W PackageParser: Ignoring duplicate uses-permissions/uses-permissions-sdk-m: android.permission.ACCESS_WIFI_STATE in package: com.android.phone at: Binary XML file line #134
12-04 12:54:13.432  5139  5206 W PackageManager: Permission com.android.launcher.permission.INSTALL_SHORTCUT from package com.cyanogenmod.trebuchet in an unknown group android.permission-group.SYSTEM_TOOLS
12-04 12:54:13.432  5139  5206 W PackageManager: Permission com.android.launcher3.permission.READ_SETTINGS from package com.cyanogenmod.trebuchet in an unknown group android.permission-group.SYSTEM_TOOLS
12-04 12:54:13.432  5139  5206 W PackageManager: Permission com.android.launcher3.permission.WRITE_SETTINGS from package com.cyanogenmod.trebuchet in an unknown group android.permission-group.SYSTEM_TOOLS
12-04 12:54:13.460  5139  5139 D PackageManager: end scanDirLI:/system/priv-app
12-04 12:54:13.461  5139  5139 D PackageManager: start scanDirLI:/system/app
12-04 12:54:13.461  5139  5139 D PackageManager: max thread:6
12-04 12:54:13.467  5139  5204 W PackageParser: No actions in intent filter at /system/app/Bluetooth/Bluetooth.apk Binary XML file line #235
12-04 12:54:13.484  5139  5207 W PackageParser: No actions in intent filter at /system/app/CMFileManager/CMFileManager.apk Binary XML file line #164
12-04 12:54:13.582  5139  5205 W PackageParser: Unknown element under <application>: permission at /system/app/Gallery2/Gallery2.apk Binary XML file line #279
12-04 12:54:13.582  5139  5205 W PackageParser: Unknown element under <application>: permission at /system/app/Gallery2/Gallery2.apk Binary XML file line #282
12-04 12:54:13.594  5008  5008 E Netd    : cannot find interface dummy0
12-04 12:54:13.595  5008  5008 D MDnsDS  : MDnsSdListener::Hander starting up
12-04 12:54:13.596  5008  5320 D MDnsDS  : MDnsSdListener starting to monitor
12-04 12:54:13.596  5008  5320 D MDnsDS  : Going to poll with pollCount 1
12-04 12:54:13.760  5325  5325 F libc    : page record for 0x7fb0d3f010 was not found (block_size=16)
12-04 12:54:13.769  5139  5203 W PackageManager: Failed to parse /system/app/mcRegistry: Missing base APK in /system/app/mcRegistry
12-04 12:54:13.844  5139  5139 D PackageManager: end scanDirLI:/system/app
12-04 12:54:13.844  5139  5139 D PackageManager: No files in app dir /system/vendor/app
12-04 12:54:13.844  5139  5139 D PackageManager: No files in app dir /oem/app
12-04 12:54:13.844  5139  5139 D PackageManager: No files in app dir /vendor/bundled-app
12-04 12:54:13.845  5139  5139 D PackageManager: No files in app dir /data/app
12-04 12:54:13.845  5139  5139 D PackageManager: No files in app dir /data/app-private
12-04 12:54:13.846  5139  5139 W PackageManager: Package com.android.dialer desires unavailable shared library com.qualcomm.qti.smartsearch; ignoring!
12-04 12:54:13.846  5139  5139 W PackageManager: Package com.android.gallery3d desires unavailable shared library com.google.android.media.effects; ignoring!
12-04 12:54:13.846  5139  5139 W PackageManager: Package com.android.gallery3d desires unavailable shared library com.google.android.media.effects; ignoring!
12-04 12:54:13.846  5139  5139 I PackageManager: Adjusting ABI for : org.cyanogenmod.providers.datausage to arm64-v8a
12-04 12:54:13.846  5139  5139 I PackageManager: Adjusting ABI for : com.android.providers.settings to arm64-v8a
12-04 12:54:13.846  5139  5139 I PackageManager: Adjusting ABI for : com.cyanogenmod.setupwizard to arm64-v8a
12-04 12:54:13.847  5139  5139 I PackageManager: Adjusting ABI for : com.android.settings to arm64-v8a
12-04 12:54:13.847  5139  5139 I PackageManager: Adjusting ABI for : org.cyanogenmod.cmsettings to arm64-v8a
12-04 12:54:13.847  5139  5139 I PackageManager: Adjusting ABI for : cyanogenmod.platform to arm64-v8a
12-04 12:54:13.847  2996  2996 E installd: invalid apk path '/system/framework/org.cyanogenmod.platform-res.apk' (bad prefix)
12-04 12:54:13.847  5139  5139 I PackageManager: Adjusting ABI for : com.android.development to arm64-v8a
12-04 12:54:13.847  5139  5139 I PackageManager: Adjusting ABI for : com.android.server.telecom to arm64-v8a
12-04 12:54:13.847  5139  5139 I PackageManager: Adjusting ABI for : com.android.keychain to arm64-v8a
12-04 12:54:13.848  5139  5139 I PackageManager: Adjusting ABI for : com.android.location.fused to arm64-v8a
12-04 12:54:13.848  5139  5139 I PackageManager: Adjusting ABI for : com.android.inputdevices to arm64-v8a
12-04 12:54:13.848  5139  5139 I PackageManager: Time to scan packages: 0.939 seconds
12-04 12:54:13.850  5139  5139 W PackageManager: Unknown permission com.google.android.googleapps.permission.GOOGLE_AUTH in package com.android.providers.calendar
12-04 12:54:13.850  5139  5139 W PackageManager: Unknown permission com.google.android.googleapps.permission.GOOGLE_AUTH.cl in package com.android.providers.calendar
12-04 12:54:13.850  5139  5139 W PackageManager: Not granting permission android.permission.REAL_GET_TASKS to package org.cyanogenmod.wallpapers.photophase (protectionLevel=18 flags=0x3818be45)
12-04 12:54:13.850  5139  5139 W PackageManager: Unknown permission android.permission.CANCEL_NOTIFICATIONS in package org.cyanogenmod.theme.chooser2
12-04 12:54:13.851  5139  5139 W PackageManager: Unknown permission com.cyanogen.ambient.permission.BIND_CALLER_INFO in package com.android.messaging
12-04 12:54:13.851  5139  5139 W PackageManager: Unknown permission com.cyanogen.ambient.permission.BIND_RIDEINPROGRESS_SERVICE in package com.android.messaging
12-04 12:54:13.851  5139  5139 W PackageManager: Unknown permission com.cyanogen.ambient.permission.BIND_RIDESHARING_SERVICE in package com.android.messaging
12-04 12:54:13.851  5139  5139 W PackageManager: Not granting permission android.permission.ACCESS_DOWNLOAD_MANAGER to package com.android.browser (protectionLevel=18 flags=0x3849be45)
12-04 12:54:13.851  5139  5139 W PackageManager: Not granting permission android.permission.SEND_DOWNLOAD_COMPLETED_INTENTS to package com.android.browser (protectionLevel=2 flags=0x3849be45)
12-04 12:54:13.851  5139  5139 W PackageManager: Unknown permission com.cyngn.stats.SEND_ANALYTICS in package com.cyanogenmod.setupwizard
12-04 12:54:13.851  5139  5139 W PackageManager: Unknown permission com.cyanogen.permission.REQUEST_KILL_SWITCH_OP in package com.cyanogenmod.setupwizard
12-04 12:54:13.852  5139  5139 W PackageManager: Unknown permission com.cyanogen.ambient.permission.BIND_INCALL_SERVICE in package com.android.contacts
12-04 12:54:13.852  5139  5139 W PackageManager: Unknown permission com.cyanogen.ambient.permission.PLUGIN_STATUS_CHANGED in package com.android.contacts
12-04 12:54:13.852  5139  5139 W PackageManager: Unknown permission com.cyanogen.ambient.permission.BIND_CALLER_INFO in package com.android.contacts
12-04 12:54:13.852  5139  5139 W PackageManager: Unknown permission com.google.android.googleapps.permission.GOOGLE_AUTH.mail in package com.android.calendar
12-04 12:54:13.852  5139  5139 W PackageManager: Unknown permission com.android.launcher.permission.READ_SETTINGS in package com.android.onetimeinitializer
12-04 12:54:13.852  5139  5139 W PackageManager: Unknown permission com.android.launcher.permission.WRITE_SETTINGS in package com.android.onetimeinitializer
12-04 12:54:13.853  5139  5139 W PackageManager: Unknown permission com.cyanogen.ambient.permission.BIND_INCALL_SERVICE in package com.android.dialer
12-04 12:54:13.853  5139  5139 W PackageManager: Unknown permission com.cyanogen.ambient.permission.PLUGIN_STATUS_CHANGED in package com.android.dialer
12-04 12:54:13.853  5139  5139 W PackageManager: Unknown permission com.cyanogen.ambient.permission.PUBLISH_DISCOVERY_NUDGE in package com.android.dialer
12-04 12:54:13.853  5139  5139 W PackageManager: Unknown permission com.cyanogen.ambient.permission.BIND_DEEPLINK_SERVICE in package com.android.dialer
12-04 12:54:13.853  5139  5139 W PackageManager: Unknown permission com.cyanogen.ambient.permission.READ_DEEPLINK_DATABASE in package com.android.dialer
12-04 12:54:13.853  5139  5139 W PackageManager: Unknown permission com.cyanogen.ambient.permission.BIND_CALLER_INFO in package com.android.dialer
12-04 12:54:13.853  5139  5139 W PackageManager: Unknown permission com.android.launcher.permission.READ_SETTINGS in package com.cyanogenmod.trebuchet
12-04 12:54:13.853  5139  5139 W PackageManager: Unknown permission com.android.launcher.permission.WRITE_SETTINGS in package com.cyanogenmod.trebuchet
12-04 12:54:13.853  5139  5139 W PackageManager: Unknown permission com.cyngn.stats.SEND_ANALYTICS in package com.cyanogenmod.trebuchet
12-04 12:54:13.853  5139  5139 W PackageManager: Unknown permission com.google.android.permission.INSTALL_WEARABLE_PACKAGES in package com.android.packageinstaller
12-04 12:54:13.853  5139  5139 W PackageManager: Not granting permission android.permission.DELETE_PACKAGES to package com.svox.pico (protectionLevel=18 flags=0x3808be45)
12-04 12:54:13.854  5139  5139 W PackageManager: Unknown permission android.permission.ACCESS_SUPERUSER in package com.cyanogenmod.filemanager
12-04 12:54:13.854  5139  5139 W PackageManager: Unknown permission com.cyanogenmod.filemanager.permissions.READ_THEME in package com.cyanogenmod.filemanager
12-04 12:54:13.854  5139  5139 W PackageManager: Unknown permission com.google.android.gallery3d.permission.PICASA_STORE in package com.android.dreams.phototable
12-04 12:54:13.854  5139  5139 W PackageManager: Unknown permission com.google.android.googleapps.permission.GOOGLE_AUTH in package com.android.settings
12-04 12:54:13.854  5139  5139 W PackageManager: Unknown permission com.android.launcher.permission.READ_SETTINGS in package com.android.settings
12-04 12:54:13.854  5139  5139 W PackageManager: Unknown permission com.android.launcher.permission.WRITE_SETTINGS in package com.android.settings
12-04 12:54:13.855  5139  5139 W PackageManager: Not granting permission android.permission.REAL_GET_TASKS to package com.cyanogenmod.eleven (protectionLevel=18 flags=0x3818be65)
12-04 12:54:13.856  5139  5139 W PackageManager: Unknown permission com.google.android.gallery3d.permission.GALLERY_PROVIDER in package com.android.bluetooth
12-04 12:54:13.856  5139  5139 W PackageManager: Unknown permission com.google.android.googleapps.permission.ACCESS_GOOGLE_PASSWORD in package com.android.development
12-04 12:54:13.856  5139  5139 W PackageManager: Unknown permission com.google.android.googleapps.permission.GOOGLE_AUTH in package com.android.development
12-04 12:54:13.856  5139  5139 W PackageManager: Unknown permission com.google.android.googleapps.permission.GOOGLE_AUTH.ALL_SERVICES in package com.android.development
12-04 12:54:13.856  5139  5139 W PackageManager: Unknown permission com.google.android.googleapps.permission.GOOGLE_AUTH.YouTubeUser in package com.android.development
12-04 12:54:13.857  5139  5139 V PackageManager: Disabling com.google.android.gsf/com.google.android.gsf.update.SystemUpdateActivity
12-04 12:54:13.857  5139  5139 W PackageManager: Unable to disable com.google.android.gsf/com.google.android.gsf.update.SystemUpdateActivity
12-04 12:54:13.857  5139  5139 V PackageManager: Disabling com.google.android.gsf/com.google.android.gsf.update.SystemUpdateService$Receiver
12-04 12:54:13.857  5139  5139 W PackageManager: Unable to disable com.google.android.gsf/com.google.android.gsf.update.SystemUpdateService$Receiver
12-04 12:54:13.857  5139  5139 V PackageManager: Disabling com.google.android.gsf/com.google.android.gsf.update.SystemUpdateService$SecretCodeReceiver
12-04 12:54:13.857  5139  5139 W PackageManager: Unable to disable com.google.android.gsf/com.google.android.gsf.update.SystemUpdateService$SecretCodeReceiver
12-04 12:54:13.857  5139  5139 V PackageManager: Disabling com.google.android.gms/com.google.android.gms.update.SystemUpdateActivity
12-04 12:54:13.857  5139  5139 W PackageManager: Unable to disable com.google.android.gms/com.google.android.gms.update.SystemUpdateActivity
12-04 12:54:13.857  5139  5139 V PackageManager: Disabling com.google.android.gms/com.google.android.gms.update.SystemUpdateService$Receiver
12-04 12:54:13.857  5139  5139 W PackageManager: Unable to disable com.google.android.gms/com.google.android.gms.update.SystemUpdateService$Receiver
12-04 12:54:13.857  5139  5139 V PackageManager: Disabling com.google.android.gms/com.google.android.gms.update.SystemUpdateService$ActiveReceiver
12-04 12:54:13.857  5139  5139 W PackageManager: Unable to disable com.google.android.gms/com.google.android.gms.update.SystemUpdateService$ActiveReceiver
12-04 12:54:13.857  5139  5139 V PackageManager: Disabling com.google.android.gms/com.google.android.gms.update.SystemUpdateService$SecretCodeReceiver
12-04 12:54:13.857  5139  5139 W PackageManager: Unable to disable com.google.android.gms/com.google.android.gms.update.SystemUpdateService$SecretCodeReceiver
12-04 12:54:13.858  5139  5139 V PackageManager: Enabling com.google.android.gsf/com.google.android.gsf.update.SystemUpdateService
12-04 12:54:13.858  5139  5139 W PackageManager: Unable to enable com.google.android.gsf/com.google.android.gsf.update.SystemUpdateService
12-04 12:54:13.858  5139  5139 V PackageManager: Enabling com.google.android.gms/com.google.android.gms.update.SystemUpdateService
12-04 12:54:13.858  5139  5139 W PackageManager: Unable to enable com.google.android.gms/com.google.android.gms.update.SystemUpdateService
12-04 12:54:13.920  5139  5139 I art     : Starting a blocking GC Explicit
12-04 12:54:13.937  5139  5139 I art     : Explicit concurrent mark sweep GC freed 86489(4MB) AllocSpace objects, 10(1052KB) LOS objects, 33% free, 27MB/41MB, paused 180us total 17.236ms
12-04 12:54:13.938  5139  5139 I SystemServer: User Service
12-04 12:54:13.942  2986  2986 I lowmemorykiller: ActivityManager connected
12-04 12:54:13.943  5139  5139 I SystemServiceManager: Starting com.android.server.BatteryService
12-04 12:54:13.943  5139  5327 I         : System server: starting sensor init.
12-04 12:54:13.943  5139  5327 D SensorService: nuSensorService starting...
12-04 12:54:13.944  5139  5327 I Sensors : getName:gyro_sensor name = K6DS3TR.
12-04 12:54:13.945  5139  5327 I Sensors : Proximity old sensor_state 1, new sensor_state : 129 en : 1
12-04 12:54:13.947  5139  5139 I SystemServiceManager: Starting com.android.server.usage.UsageStatsService
12-04 12:54:13.955  5139  5327 I Sensors : Light old sensor_state 129, new sensor_state : 641 en : 1
12-04 12:54:13.956  5139  5139 I UsageStatsService: User[0] Rollover scheduled @ 2016-12-04 13:00:00(1480896000000)
12-04 12:54:13.956  5139  5139 I SystemServiceManager: Starting com.android.server.webkit.WebViewUpdateService
12-04 12:54:13.957  5139  5139 I SystemServer: Reading configuration...
12-04 12:54:13.957  5139  5139 I SystemServer: Scheduling Policy
12-04 12:54:13.957  5139  5139 I SystemServiceManager: Starting com.android.server.telecom.TelecomLoaderService
12-04 12:54:13.958  5139  5139 I SystemServer: Telephony Registry
12-04 12:54:13.959  5139  5139 I SystemServer: Entropy Mixer
12-04 12:54:13.960  5139  5327 I Sensors : Light_IR old sensor_state 641, new sensor_state : 16777857 en : 1
12-04 12:54:13.960  5139  5327 E Sensors : Light_IR_Sensor write failed. ret = -1, sensor_state = 16777857
12-04 12:54:13.961  5139  5327 I Sensors : SigMotionSensor old sensor_state 641, new sensor_state : 17025 en : 1
12-04 12:54:13.967  5139  5327 I Sensors : getName:gyro_sensor name = K6DS3TR.
12-04 12:54:13.967  5139  5327 I Sensors : StepCounterSensor old sensor_state 17025, new sensor_state : 279169 en : 1
12-04 12:54:13.968  5139  5327 E Sensors : StepCounterSensor write failed. ret = -1, sensor_state = 279169
12-04 12:54:13.968  5139  5327 I Sensors : Int.Gyro old sensor_state 17025, new sensor_state : 33571457 en : 1
12-04 12:54:13.968  5139  5327 E Sensors : Int.GyroSensor write failed. ret = -1, sensor_state = 33571457
12-04 12:54:13.968  5139  5327 I Sensors : getName:gyro_sensor name = K6DS3TR.
12-04 12:54:13.968  5139  5327 I Sensors : HrmSpO2Sensor:: part type = 12.
12-04 12:54:13.968  5139  5327 D Sensors : HrmSpO2Sensor::type:12, prox threshold:10000
12-04 12:54:13.968  5139  5327 D Sensors : HrmSpO2Sensor::handle:0 ,en:1
12-04 12:54:13.969  5139  5327 E Sensors : HrmSpO2Sensor::Error MAXIM Flicker Library...handle=0x0
12-04 12:54:13.969  5139  5327 D Sensors : HrmSpO2Sensor::HrmSpO2Sensor: Shared version Registered
12-04 12:54:13.970  5139  5327 D Sensors : HrmLedSensor enable: mEnabled 0, handle 20, en 1
12-04 12:54:13.970  5139  5327 D Sensors : HRMSensor led enabled:1, en:1
12-04 12:54:13.974  5139  5327 I Sensors : getVendor:hrm_sensor vendor = MAXIM.
12-04 12:54:13.974  5139  5327 I Sensors : HrmLedSensor: HrmLedSensor vendor = MAXIM.
12-04 12:54:13.974  5139  5327 D Sensors : HRMSensor_LED::libhr open start!! 
12-04 12:54:13.974  5139  5327 E Sensors : HRMSensor_LED::libhr open failed 
12-04 12:54:13.974  5139  5327 E Sensors : GripSensor: enable
12-04 12:54:13.987  5139  5139 I EntropyMixer: Added HW RNG output to entropy pool
12-04 12:54:13.987  5139  5139 I EntropyMixer: Writing entropy...
12-04 12:54:13.999  5139  5327 I Sensors : Proximity old sensor_state 17025, new sensor_state : 16897 en : 0
12-04 12:54:13.999  5139  5327 I Sensors : Light old sensor_state 16897, new sensor_state : 16385 en : 0
12-04 12:54:13.999  5139  5327 I Sensors : SigMotionSensor old sensor_state 16385, new sensor_state : 1 en : 0
12-04 12:54:13.999  5139  5139 I SystemServer: Camera Service
12-04 12:54:13.999  5139  5327 E Sensors : GripSensor: enable
12-04 12:54:13.999  5139  5139 I SystemServiceManager: Starting com.android.server.camera.CameraService
12-04 12:54:14.000  5139  5327 D Sensors : HrmSpO2Sensor::handle:19 ,en:0
12-04 12:54:14.000  5139  5327 D Sensors : HrmSpO2Sensor::isEnabled:0 ,en:0, mEn:0
12-04 12:54:14.000  5139  5327 D Sensors : HrmSpO2Sensor::handle:28 ,en:0
12-04 12:54:14.000  5139  5327 D Sensors : HrmSpO2Sensor::isEnabled:0 ,en:0, mEn:0
12-04 12:54:14.000  5139  5327 D Sensors : HrmLedSensor enable: mEnabled 1, handle 20, en 0
12-04 12:54:14.000  5139  5327 D Sensors : HRMSensor_LED::enable 
12-04 12:54:14.000  5139  5327 D Sensors : HRMSensor led enabled:0, en:0
12-04 12:54:14.001  5139  5334 I ServiceThread: Enabled StrictMode logging for CameraService_proxy looper.
12-04 12:54:14.001  5139  5327 D Sensors : HrmLedSensor enable: mEnabled 0, handle 21, en 0
12-04 12:54:14.001  5139  5327 D Sensors : HrmLedSensor isEnabled:0 ,en:0
12-04 12:54:14.001  5139  5327 D Sensors : HrmSpO2Sensor::handle:18 ,en:0
12-04 12:54:14.001  5139  5327 D Sensors : HrmSpO2Sensor::isEnabled:0 ,en:0, mEn:0
12-04 12:54:14.001  5139  5327 I         : System server: sensor init done.
12-04 12:54:14.001  5139  5335 D SensorService: new thread SensorEventAckReceiver
12-04 12:54:14.001  5139  5139 I SystemServer: Account Manager
12-04 12:54:14.002  5139  5336 D SensorService: nuSensorService thread starting...
12-04 12:54:14.003  5139  5139 I SystemServer: Content Manager
12-04 12:54:14.004  5139  5139 I SystemServer: System Content Providers
12-04 12:54:14.006  5139  5139 W System  : ClassLoader referenced unknown path: /system/priv-app/CMSettingsProvider/lib/arm64
12-04 12:54:14.011  5139  5139 W System  : ClassLoader referenced unknown path: /system/priv-app/SettingsProvider/lib/arm64
12-04 12:54:14.019  5139  5139 I SystemServer: Vibrator Service
12-04 12:54:14.020  5139  5139 I SystemServer: Consumer IR Service
12-04 12:54:14.021  5139  5139 E ConsumerIrService: Can't open consumer IR HW Module, error: -2
12-04 12:54:14.021  5139  5139 I SystemServiceManager: Starting com.android.server.AlarmManagerService
12-04 12:54:14.030  5139  5139 D AlarmManagerService: Kernel timezone updated to 660 minutes west of GMT
12-04 12:54:14.032  5139  5139 I SystemServer: Init Watchdog
12-04 12:54:14.032  5139  5139 I SystemServer: Input Manager
12-04 12:54:14.032  5139  5139 I InputManager: Initializing input manager, mUseDevInputEventForAudioJack=false
12-04 12:54:14.033  5139  5139 I SystemServer: Window Manager
12-04 12:54:14.044  5139  5175 I WindowManager: No existing display settings /data/system/display_settings.xml; starting empty
12-04 12:54:14.092  5139  5139 I InputManager: Starting input manager
12-04 12:54:14.093  5139  5349 D EventHub: No input device configuration file found for device 'certify_hall'.
12-04 12:54:14.094  5139  5139 I SystemServer: Bluetooth Service
12-04 12:54:14.095  5139  5139 I SystemServiceManager: Starting com.android.server.BluetoothService
12-04 12:54:14.097  5139  5139 D BluetoothManagerService: Loading stored name and address
12-04 12:54:14.097  5139  5139 D BluetoothManagerService: Stored bluetooth Name=SM-G935F,Address=D8:C4:E9:A9:2E:B5
12-04 12:54:14.097  5139  5139 D BluetoothService: onStart: publishing BluetoothManagerService
12-04 12:54:14.097  5139  5139 I SystemServer: Input Method Service
12-04 12:54:14.145  5139  5139 I SystemServer: Accessibility Manager
12-04 12:54:14.151  5139  5139 I ActivityManager: choosing minFree values for 64 Bit
12-04 12:54:14.151  5139  5139 I ActivityManager: choosing minFree values for 64 Bit
12-04 12:54:14.151  5139  5139 I ActivityManager: choosing minFree values for 64 Bit
12-04 12:54:14.151  5139  5139 I ActivityManager: choosing minFree values for 64 Bit
12-04 12:54:14.151  5139  5139 I ActivityManager: choosing minFree values for 64 Bit
12-04 12:54:14.151  5139  5139 I ActivityManager: choosing minFree values for 64 Bit
12-04 12:54:14.152  5139  5139 I ActivityManager: Config changes=1df8 {1.0 ?mcc?mnc en_US ldltr sw360dp w360dp h640dp 640dpi nrml long port ?uimode ?night -touch -keyb/h/h -nav/h s.2 themeResource=null}
12-04 12:54:14.157  5139  5139 I ActivityManager: Config changes=400 {1.0 ?mcc?mnc en_US ldltr sw360dp w360dp h616dp 640dpi nrml long port ?uimode ?night -touch -keyb/h/h -nav/h s.3 themeResource=null}
12-04 12:54:14.159  5139  5139 I SystemServiceManager: Starting com.android.server.MountService$Lifecycle
12-04 12:54:14.166  5139  5139 I SystemServiceManager: Starting com.android.server.UiModeManagerService
12-04 12:54:14.166  5139  5350 D MountService: Thinking about reset, mSystemReady=false, mDaemonConnected=true
12-04 12:54:14.168  5139  5139 I ActivityManager: Config changes=200 {1.0 ?mcc?mnc en_US ldltr sw360dp w360dp h616dp 640dpi nrml long port -touch -keyb/h/h -nav/h s.4 themeResource=null}
12-04 12:54:14.169  5139  5350 D MountService: Thinking about reset, mSystemReady=false, mDaemonConnected=true
12-04 12:54:14.170  5139  5139 I SystemServer: LockSettingsService
12-04 12:54:14.170  5139  5350 D CryptdConnector: SND -> {1 cryptfs getfield SystemLocale}
12-04 12:54:14.171  2917  2984 I Ext4Crypt: ext4 crypto complete called on /data
12-04 12:54:14.171  2917  2984 I Ext4Crypt: No master key, so not ext4enc
12-04 12:54:14.171  5139  5352 D CryptdConnector: RCV <- {200 1 -1}
12-04 12:54:14.173  5139  5350 W MountService: No primary storage mounted!
12-04 12:54:14.173  5139  5350 D VoldConnector: SND -> {1 asec list}
12-04 12:54:14.173  5139  5139 I SystemServiceManager: Starting com.android.server.DeviceIdleController
12-04 12:54:14.173  5139  5351 D VoldConnector: RCV <- {200 1 asec operation succeeded}
12-04 12:54:14.173  5139  5350 I PackageManager: No secure containers found
12-04 12:54:14.174  5139  5350 W PackageManager: Unknown permission com.google.android.googleapps.permission.GOOGLE_AUTH in package com.android.providers.calendar
12-04 12:54:14.174  5139  5350 W PackageManager: Unknown permission com.google.android.googleapps.permission.GOOGLE_AUTH.cl in package com.android.providers.calendar
12-04 12:54:14.174  5139  5350 W PackageManager: Not granting permission android.permission.REAL_GET_TASKS to package org.cyanogenmod.wallpapers.photophase (protectionLevel=18 flags=0x3818be45)
12-04 12:54:14.174  5139  5350 W PackageManager: Unknown permission android.permission.CANCEL_NOTIFICATIONS in package org.cyanogenmod.theme.chooser2
12-04 12:54:14.175  5139  5350 W PackageManager: Unknown permission com.cyanogen.ambient.permission.BIND_CALLER_INFO in package com.android.messaging
12-04 12:54:14.175  5139  5350 W PackageManager: Unknown permission com.cyanogen.ambient.permission.BIND_RIDEINPROGRESS_SERVICE in package com.android.messaging
12-04 12:54:14.175  5139  5350 W PackageManager: Unknown permission com.cyanogen.ambient.permission.BIND_RIDESHARING_SERVICE in package com.android.messaging
12-04 12:54:14.175  5139  5350 W PackageManager: Not granting permission android.permission.ACCESS_DOWNLOAD_MANAGER to package com.android.browser (protectionLevel=18 flags=0x3849be45)
12-04 12:54:14.175  5139  5350 W PackageManager: Not granting permission android.permission.SEND_DOWNLOAD_COMPLETED_INTENTS to package com.android.browser (protectionLevel=2 flags=0x3849be45)
12-04 12:54:14.176  5139  5350 W PackageManager: Unknown permission com.cyngn.stats.SEND_ANALYTICS in package com.cyanogenmod.setupwizard
12-04 12:54:14.176  5139  5350 W PackageManager: Unknown permission com.cyanogen.permission.REQUEST_KILL_SWITCH_OP in package com.cyanogenmod.setupwizard
12-04 12:54:14.176  5139  5350 W PackageManager: Unknown permission com.cyanogen.ambient.permission.BIND_INCALL_SERVICE in package com.android.contacts
12-04 12:54:14.176  5139  5350 W PackageManager: Unknown permission com.cyanogen.ambient.permission.PLUGIN_STATUS_CHANGED in package com.android.contacts
12-04 12:54:14.176  5139  5350 W PackageManager: Unknown permission com.cyanogen.ambient.permission.BIND_CALLER_INFO in package com.android.contacts
12-04 12:54:14.177  5139  5350 W PackageManager: Unknown permission com.google.android.googleapps.permission.GOOGLE_AUTH.mail in package com.android.calendar
12-04 12:54:14.178  5139  5350 W PackageManager: Unknown permission com.android.launcher.permission.READ_SETTINGS in package com.android.onetimeinitializer
12-04 12:54:14.178  5139  5350 W PackageManager: Unknown permission com.android.launcher.permission.WRITE_SETTINGS in package com.android.onetimeinitializer
12-04 12:54:14.178  5139  5350 W PackageManager: Unknown permission com.cyanogen.ambient.permission.BIND_INCALL_SERVICE in package com.android.dialer
12-04 12:54:14.178  5139  5350 W PackageManager: Unknown permission com.cyanogen.ambient.permission.PLUGIN_STATUS_CHANGED in package com.android.dialer
12-04 12:54:14.178  5139  5350 W PackageManager: Unknown permission com.cyanogen.ambient.permission.PUBLISH_DISCOVERY_NUDGE in package com.android.dialer
12-04 12:54:14.178  5139  5350 W PackageManager: Unknown permission com.cyanogen.ambient.permission.BIND_DEEPLINK_SERVICE in package com.android.dialer
12-04 12:54:14.178  5139  5350 W PackageManager: Unknown permission com.cyanogen.ambient.permission.READ_DEEPLINK_DATABASE in package com.android.dialer
12-04 12:54:14.178  5139  5350 W PackageManager: Unknown permission com.cyanogen.ambient.permission.BIND_CALLER_INFO in package com.android.dialer
12-04 12:54:14.179  5139  5350 W PackageManager: Unknown permission com.android.launcher.permission.READ_SETTINGS in package com.cyanogenmod.trebuchet
12-04 12:54:14.179  5139  5350 W PackageManager: Unknown permission com.android.launcher.permission.WRITE_SETTINGS in package com.cyanogenmod.trebuchet
12-04 12:54:14.179  5139  5350 W PackageManager: Unknown permission com.cyngn.stats.SEND_ANALYTICS in package com.cyanogenmod.trebuchet
12-04 12:54:14.179  5139  5350 W PackageManager: Unknown permission com.google.android.permission.INSTALL_WEARABLE_PACKAGES in package com.android.packageinstaller
12-04 12:54:14.179  5139  5350 W PackageManager: Not granting permission android.permission.DELETE_PACKAGES to package com.svox.pico (protectionLevel=18 flags=0x3808be45)
12-04 12:54:14.179  5139  5350 W PackageManager: Unknown permission android.permission.ACCESS_SUPERUSER in package com.cyanogenmod.filemanager
12-04 12:54:14.179  5139  5350 W PackageManager: Unknown permission com.cyanogenmod.filemanager.permissions.READ_THEME in package com.cyanogenmod.filemanager
12-04 12:54:14.180  5139  5350 W PackageManager: Unknown permission com.google.android.gallery3d.permission.PICASA_STORE in package com.android.dreams.phototable
12-04 12:54:14.180  5139  5350 W PackageManager: Unknown permission com.google.android.googleapps.permission.GOOGLE_AUTH in package com.android.settings
12-04 12:54:14.180  5139  5350 W PackageManager: Unknown permission com.android.launcher.permission.READ_SETTINGS in package com.android.settings
12-04 12:54:14.180  5139  5350 W PackageManager: Unknown permission com.android.launcher.permission.WRITE_SETTINGS in package com.android.settings
12-04 12:54:14.181  5139  5350 W PackageManager: Not granting permission android.permission.REAL_GET_TASKS to package com.cyanogenmod.eleven (protectionLevel=18 flags=0x3818be65)
12-04 12:54:14.184  5139  5350 W PackageManager: Unknown permission com.google.android.gallery3d.permission.GALLERY_PROVIDER in package com.android.bluetooth
12-04 12:54:14.185  5139  5350 W PackageManager: Unknown permission com.google.android.googleapps.permission.ACCESS_GOOGLE_PASSWORD in package com.android.development
12-04 12:54:14.185  5139  5350 W PackageManager: Unknown permission com.google.android.googleapps.permission.GOOGLE_AUTH in package com.android.development
12-04 12:54:14.185  5139  5350 W PackageManager: Unknown permission com.google.android.googleapps.permission.GOOGLE_AUTH.ALL_SERVICES in package com.android.development
12-04 12:54:14.185  5139  5350 W PackageManager: Unknown permission com.google.android.googleapps.permission.GOOGLE_AUTH.YouTubeUser in package com.android.development
12-04 12:54:14.198  5139  5349 D EventHub: No input device configuration file found for device 'ssp_context'.
12-04 12:54:14.255  5000  5003 D BootAnimation: Use save memory method, maybe small fps in actual.
12-04 12:54:14.262  5139  5350 W MountService: No primary storage defined yet; hacking together a stub
12-04 12:54:14.263  5139  5350 W MountService: No primary storage defined yet; hacking together a stub
12-04 12:54:14.263  5139  5139 I SystemServiceManager: Starting com.android.server.devicepolicy.DevicePolicyManagerService$Lifecycle
12-04 12:54:14.264  5139  5350 W MountService: No primary storage mounted!
12-04 12:54:14.264  5139  5350 D VoldConnector: SND -> {2 asec list}
12-04 12:54:14.265  5139  5351 D VoldConnector: RCV <- {200 2 asec operation succeeded}
12-04 12:54:14.270  5139  5139 I SystemServer: Status Bar
12-04 12:54:14.273  5139  5139 I SystemServer: Clipboard Service
12-04 12:54:14.275  5139  5139 I SystemServer: NetworkManagement Service
12-04 12:54:14.281  5139  5139 I SystemServer: Text Service Manager Service
12-04 12:54:14.286  5139  5139 I SystemServer: Network Score Service
12-04 12:54:14.287  5139  5139 I SystemServer: NetworkStats Service
12-04 12:54:14.298  5139  5139 I SystemServer: NetworkPolicy Service
12-04 12:54:14.312  5139  5139 I SystemServiceManager: Starting com.android.server.wifi.p2p.WifiP2pService
12-04 12:54:14.319  5139  5349 D EventHub: No input device configuration file found for device 'meta_event'.
12-04 12:54:14.334  5139  5139 I WifiP2pService: Registering wifip2p
12-04 12:54:14.336  5139  5139 I SystemServiceManager: Starting com.android.server.wifi.WifiService
12-04 12:54:14.368  5139  5349 D EventHub: No input device configuration file found for device 'interrupt_gyro_sensor'.
12-04 12:54:14.408  5139  5349 D EventHub: No input device configuration file found for device 'step_cnt_sensor'.
12-04 12:54:14.424  5139  5139 D HS20    : Passpoint is disabled
