12-15 19:54:23.545  3413  3444 W PackageParser: Ignoring duplicate uses-permissions/uses-permissions-sdk-m: android.permission.ACCESS_WIFI_STATE in package: com.android.phone at: Binary XML file line #134
12-15 19:54:23.546  3413  3445 I PackageManager: /system/priv-app/SystemUI changed; collecting certs
12-15 19:54:23.549  3413  3444 I PackageManager: /system/priv-app/TeleService changed; collecting certs
12-15 19:54:23.570  3413  3441 I PackageManager: /system/priv-app/TelephonyProvider changed; collecting certs
12-15 19:54:23.572  3413  3442 I PackageManager: /system/priv-app/ThemeChooser changed; collecting certs
12-15 19:54:23.583  3413  3444 I PackageManager: /system/priv-app/ThemeManagerService changed; collecting certs
12-15 19:54:23.590  3413  3441 I PackageManager: /system/priv-app/ThemesProvider changed; collecting certs
12-15 19:54:23.594  3413  3441 I PackageManager: New shared user org.cyanogenmod.themes: id=10021
12-15 19:54:23.607  3413  3442 I PackageManager: /system/priv-app/WallpaperCropper changed; collecting certs
12-15 19:54:23.613  3413  3441 I PackageManager: /system/priv-app/VpnDialogs changed; collecting certs
12-15 19:54:23.615  3413  3444 I PackageManager: /system/priv-app/Trebuchet changed; collecting certs
12-15 19:54:23.617  3413  3443 I PackageManager: /system/priv-app/WeatherManagerService changed; collecting certs
12-15 19:54:23.618  3413  3445 I PackageManager: New shared user android.uid.systemui: id=10026
12-15 19:54:23.622  3413  3442 I PackageManager: /system/priv-app/WeatherProvider changed; collecting certs
12-15 19:54:23.643  3413  3444 W PackageManager: Permission com.android.launcher.permission.INSTALL_SHORTCUT from package com.cyanogenmod.trebuchet in an unknown group android.permission-group.SYSTEM_TOOLS
12-15 19:54:23.643  3413  3444 W PackageManager: Permission com.android.launcher3.permission.READ_SETTINGS from package com.cyanogenmod.trebuchet in an unknown group android.permission-group.SYSTEM_TOOLS
12-15 19:54:23.643  3413  3444 W PackageManager: Permission com.android.launcher3.permission.WRITE_SETTINGS from package com.cyanogenmod.trebuchet in an unknown group android.permission-group.SYSTEM_TOOLS
12-15 19:54:23.730  3413  3413 D PackageManager: end scanDirLI:/system/priv-app
12-15 19:54:23.730  3413  3413 D PackageManager: start scanDirLI:/system/app
12-15 19:54:23.730  3413  3413 D PackageManager: max thread:6
12-15 19:54:23.737  3413  3443 I PackageManager: /system/app/BluetoothMidiService changed; collecting certs
12-15 19:54:23.741  3413  3441 I PackageManager: /system/app/BasicDreams changed; collecting certs
12-15 19:54:23.742  3413  3440 I PackageManager: /system/app/CMWallpapers changed; collecting certs
12-15 19:54:23.749  3413  3444 W PackageParser: No actions in intent filter at /system/app/CMFileManager/CMFileManager.apk Binary XML file line #164
12-15 19:54:23.749  3413  3445 W PackageParser: No actions in intent filter at /system/app/Bluetooth/Bluetooth.apk Binary XML file line #235
12-15 19:54:23.750  3413  3444 I PackageManager: /system/app/CMFileManager changed; collecting certs
12-15 19:54:23.750  3413  3445 I PackageManager: /system/app/Bluetooth changed; collecting certs
12-15 19:54:23.750  3413  3442 I PackageManager: /system/app/Browser changed; collecting certs
12-15 19:54:23.763  3413  3441 I PackageManager: /system/app/CaptivePortalLogin changed; collecting certs
12-15 19:54:23.772  3413  3443 I PackageManager: /system/app/Calendar changed; collecting certs
12-15 19:54:23.779  3413  3440 I PackageManager: /system/app/CertInstaller changed; collecting certs
12-15 19:54:23.779  3413  3441 I PackageManager: /system/app/Development changed; collecting certs
12-15 19:54:23.788  3413  3445 I PackageManager: /system/app/DeskClock changed; collecting certs
12-15 19:54:23.798  3413  3444 I PackageManager: /system/app/DocumentsUI changed; collecting certs
12-15 19:54:23.802  3413  3442 I PackageManager: /system/app/DownloadProviderUi changed; collecting certs
12-15 19:54:23.817  3413  3443 I PackageManager: /system/app/ExactCalculator changed; collecting certs
12-15 19:54:23.821  3413  3441 I PackageManager: /system/app/Eleven changed; collecting certs
12-15 19:54:23.827  3413  3444 I PackageManager: /system/app/Galaxy4 changed; collecting certs
12-15 19:54:23.831  3413  3440 I PackageManager: /system/app/Email changed; collecting certs
12-15 19:54:23.831  3413  3442 I PackageManager: /system/app/Exchange2 changed; collecting certs
12-15 19:54:23.847  3413  3443 W PackageParser: Unknown element under <application>: permission at /system/app/Gallery2/Gallery2.apk Binary XML file line #279
12-15 19:54:23.847  3413  3443 W PackageParser: Unknown element under <application>: permission at /system/app/Gallery2/Gallery2.apk Binary XML file line #282
12-15 19:54:23.848  3413  3443 I PackageManager: /system/app/Gallery2 changed; collecting certs
12-15 19:54:23.852  3413  3444 I PackageManager: /system/app/HTMLViewer changed; collecting certs
12-15 19:54:23.863  3413  3445 I PackageManager: /system/app/HoloSpiralWallpaper changed; collecting certs
12-15 19:54:23.866  3413  3442 I PackageManager: /system/app/KeyChain changed; collecting certs
12-15 19:54:23.872  3413  3441 I PackageManager: /system/app/HexoLibre changed; collecting certs
12-15 19:54:23.882  3413  3445 I PackageManager: /system/app/LiveWallpapers changed; collecting certs
12-15 19:54:23.885  3413  3442 I PackageManager: /system/app/LiveWallpapersPicker changed; collecting certs
12-15 19:54:23.896  3413  3444 I PackageManager: /system/app/LatinIME changed; collecting certs
12-15 19:54:23.906  3413  3445 I PackageManager: /system/app/NoiseField changed; collecting certs
12-15 19:54:23.909  3413  3442 I PackageManager: /system/app/LockClock changed; collecting certs
12-15 19:54:23.912  3413  3440 I PackageManager: /system/app/PacProcessor changed; collecting certs
12-15 19:54:23.922  3413  3445 I PackageManager: /system/app/PhaseBeam changed; collecting certs
12-15 19:54:23.925  3413  3440 I PackageManager: /system/app/PhotoPhase changed; collecting certs
12-15 19:54:23.944  3413  3445 I PackageManager: /system/app/PhotoTable changed; collecting certs
12-15 19:54:23.946  3413  3443 I PackageManager: /system/app/PicoTts changed; collecting certs
12-15 19:54:23.949  3413  3440 I PackageManager: /system/app/PrintSpooler changed; collecting certs
12-15 19:54:23.957  3413  3445 I PackageManager: /system/app/Profiles changed; collecting certs
12-15 19:54:23.958  3413  3443 I PackageManager: /system/app/Provision changed; collecting certs
12-15 19:54:23.966  3413  3440 I PackageManager: /system/app/RootPA changed; collecting certs
12-15 19:54:23.976  3413  3445 I PackageManager: /system/app/SamsungServiceMode changed; collecting certs
12-15 19:54:23.981  3413  3443 I PackageManager: /system/app/SoundRecorder changed; collecting certs
12-15 19:54:23.996  3413  3440 I PackageManager: /system/app/Terminal changed; collecting certs
12-15 19:54:24.000  3413  3442 I PackageManager: /system/app/Stk changed; collecting certs
12-15 19:54:24.000  3413  3445 I PackageManager: /system/app/UserDictionaryProvider changed; collecting certs
12-15 19:54:24.015  2980  2980 I ServiceManager: Waiting for service media.camera.proxy...
12-15 19:54:24.020  3413  3441 W PackageManager: Failed to parse /system/app/mcRegistry: Missing base APK in /system/app/mcRegistry
12-15 19:54:24.020  3413  3443 I PackageManager: /system/app/WAPPushManager changed; collecting certs
12-15 19:54:24.025  3413  3445 I PackageManager: /system/app/WallpaperPicker changed; collecting certs
12-15 19:54:24.027  3413  3442 I PackageManager: /system/app/telresources changed; collecting certs
12-15 19:54:24.029  3413  3440 I PackageManager: /system/app/webview changed; collecting certs
12-15 19:54:24.051  3413  3441 I PackageManager: /system/app/messaging changed; collecting certs
12-15 19:54:24.196  3413  3413 D PackageManager: end scanDirLI:/system/app
12-15 19:54:24.196  3413  3413 D PackageManager: No files in app dir /system/vendor/app
12-15 19:54:24.196  3413  3413 D PackageManager: No files in app dir /oem/app
12-15 19:54:24.196  3413  3413 D PackageManager: No files in app dir /vendor/bundled-app
12-15 19:54:24.197  3413  3413 D PackageManager: start scanDirLI:/data/app
12-15 19:54:24.197  3413  3413 D PackageManager: max thread:6
12-15 19:54:24.197  3413  3443 W PackageManager: Failed to parse /data/app/mcRegistry: Missing base APK in /data/app/mcRegistry
12-15 19:54:24.197  3413  3413 D PackageManager: end scanDirLI:/data/app
12-15 19:54:24.197  3413  3413 D PackageManager: No files in app dir /data/app-private
12-15 19:54:24.197  3413  3413 W PackageManager: Package com.android.dialer desires unavailable shared library com.qualcomm.qti.smartsearch; ignoring!
12-15 19:54:24.197  3413  3413 W PackageManager: Package com.android.gallery3d desires unavailable shared library com.google.android.media.effects; ignoring!
12-15 19:54:24.197  3413  3413 W PackageManager: Package com.android.gallery3d desires unavailable shared library com.google.android.media.effects; ignoring!
12-15 19:54:24.197  3413  3413 I PackageManager: Adjusting ABI for : com.android.providers.settings to arm64-v8a
12-15 19:54:24.198  3413  3413 I PackageManager: Adjusting ABI for : com.android.development to arm64-v8a
12-15 19:54:24.198  3413  3413 I PackageManager: Adjusting ABI for : com.android.keychain to arm64-v8a
12-15 19:54:24.198  3413  3413 I PackageManager: Adjusting ABI for : com.android.location.fused to arm64-v8a
12-15 19:54:24.198  3413  3413 I PackageManager: Adjusting ABI for : com.cyanogenmod.setupwizard to arm64-v8a
12-15 19:54:24.198  3413  3413 I PackageManager: Adjusting ABI for : com.android.settings to arm64-v8a
12-15 19:54:24.198  3413  3413 I PackageManager: Adjusting ABI for : com.android.inputdevices to arm64-v8a
12-15 19:54:24.198  3413  3413 I PackageManager: Adjusting ABI for : org.cyanogenmod.cmsettings to arm64-v8a
12-15 19:54:24.198  3413  3413 I PackageManager: Adjusting ABI for : cyanogenmod.platform to arm64-v8a
12-15 19:54:24.198  2981  2981 E installd: invalid apk path '/system/framework/org.cyanogenmod.platform-res.apk' (bad prefix)
12-15 19:54:24.198  3413  3413 I PackageManager: Adjusting ABI for : com.android.server.telecom to arm64-v8a
12-15 19:54:24.198  3413  3413 I PackageManager: Adjusting ABI for : org.cyanogenmod.providers.datausage to arm64-v8a
12-15 19:54:24.199  3413  3413 I PackageManager: Time to scan packages: 1.201 seconds
12-15 19:54:24.199  3413  3413 W PackageManager: Not granting permission android.permission.INTERACT_ACROSS_USERS_FULL to package org.cyanogenmod.snap (protectionLevel=258 flags=0x3858bc45)
12-15 19:54:24.200  3413  3413 W PackageManager: Not granting permission android.permission.SET_ORIENTATION to package org.cyanogenmod.snap (protectionLevel=2 flags=0x3858bc45)
12-15 19:54:24.200  3413  3413 W PackageManager: Unknown permission com.google.android.googleapps.permission.GOOGLE_AUTH in package com.android.providers.calendar
12-15 19:54:24.200  3413  3413 W PackageManager: Unknown permission com.google.android.googleapps.permission.GOOGLE_AUTH.cl in package com.android.providers.calendar
12-15 19:54:24.200  3413  3413 W PackageManager: Not granting permission android.permission.REAL_GET_TASKS to package org.cyanogenmod.wallpapers.photophase (protectionLevel=18 flags=0x3818be45)
12-15 19:54:24.200  3413  3413 W PackageManager: Unknown permission android.permission.CANCEL_NOTIFICATIONS in package org.cyanogenmod.theme.chooser2
12-15 19:54:24.200  3413  3413 W PackageManager: Unknown permission com.cyanogen.ambient.permission.BIND_CALLER_INFO in package com.android.messaging
12-15 19:54:24.200  3413  3413 W PackageManager: Unknown permission com.cyanogen.ambient.permission.BIND_RIDEINPROGRESS_SERVICE in package com.android.messaging
12-15 19:54:24.200  3413  3413 W PackageManager: Unknown permission com.cyanogen.ambient.permission.BIND_RIDESHARING_SERVICE in package com.android.messaging
12-15 19:54:24.200  3413  3413 W PackageManager: Not granting permission android.permission.ACCESS_DOWNLOAD_MANAGER to package com.android.browser (protectionLevel=18 flags=0x3849be45)
12-15 19:54:24.200  3413  3413 W PackageManager: Not granting permission android.permission.SEND_DOWNLOAD_COMPLETED_INTENTS to package com.android.browser (protectionLevel=2 flags=0x3849be45)
12-15 19:54:24.201  3413  3413 W PackageManager: Unknown permission com.cyngn.stats.SEND_ANALYTICS in package com.cyanogenmod.setupwizard
12-15 19:54:24.201  3413  3413 W PackageManager: Unknown permission com.cyanogen.permission.REQUEST_KILL_SWITCH_OP in package com.cyanogenmod.setupwizard
12-15 19:54:24.201  3413  3413 W PackageManager: Unknown permission com.cyanogen.ambient.permission.BIND_INCALL_SERVICE in package com.android.contacts
12-15 19:54:24.201  3413  3413 W PackageManager: Unknown permission com.cyanogen.ambient.permission.PLUGIN_STATUS_CHANGED in package com.android.contacts
12-15 19:54:24.201  3413  3413 W PackageManager: Unknown permission com.cyanogen.ambient.permission.BIND_CALLER_INFO in package com.android.contacts
12-15 19:54:24.201  3413  3413 W PackageManager: Unknown permission com.google.android.googleapps.permission.GOOGLE_AUTH.mail in package com.android.calendar
12-15 19:54:24.201  3413  3413 W PackageManager: Unknown permission com.android.launcher.permission.READ_SETTINGS in package com.android.onetimeinitializer
12-15 19:54:24.201  3413  3413 W PackageManager: Unknown permission com.android.launcher.permission.WRITE_SETTINGS in package com.android.onetimeinitializer
12-15 19:54:24.202  3413  3413 W PackageManager: Unknown permission com.cyanogen.ambient.permission.BIND_INCALL_SERVICE in package com.android.dialer
12-15 19:54:24.202  3413  3413 W PackageManager: Unknown permission com.cyanogen.ambient.permission.PLUGIN_STATUS_CHANGED in package com.android.dialer
12-15 19:54:24.202  3413  3413 W PackageManager: Unknown permission com.cyanogen.ambient.permission.PUBLISH_DISCOVERY_NUDGE in package com.android.dialer
12-15 19:54:24.202  3413  3413 W PackageManager: Unknown permission com.cyanogen.ambient.permission.BIND_DEEPLINK_SERVICE in package com.android.dialer
12-15 19:54:24.202  3413  3413 W PackageManager: Unknown permission com.cyanogen.ambient.permission.READ_DEEPLINK_DATABASE in package com.android.dialer
12-15 19:54:24.202  3413  3413 W PackageManager: Unknown permission com.cyanogen.ambient.permission.BIND_CALLER_INFO in package com.android.dialer
12-15 19:54:24.202  3413  3413 W PackageManager: Unknown permission com.android.launcher.permission.READ_SETTINGS in package com.cyanogenmod.trebuchet
12-15 19:54:24.202  3413  3413 W PackageManager: Unknown permission com.android.launcher.permission.WRITE_SETTINGS in package com.cyanogenmod.trebuchet
12-15 19:54:24.202  3413  3413 W PackageManager: Unknown permission com.cyngn.stats.SEND_ANALYTICS in package com.cyanogenmod.trebuchet
12-15 19:54:24.202  3413  3413 W PackageManager: Unknown permission com.google.android.permission.INSTALL_WEARABLE_PACKAGES in package com.android.packageinstaller
12-15 19:54:24.202  3413  3413 W PackageManager: Not granting permission android.permission.DELETE_PACKAGES to package com.svox.pico (protectionLevel=18 flags=0x3808be45)
12-15 19:54:24.202  3413  3413 W PackageManager: Unknown permission android.permission.ACCESS_SUPERUSER in package com.cyanogenmod.filemanager
12-15 19:54:24.202  3413  3413 W PackageManager: Unknown permission com.cyanogenmod.filemanager.permissions.READ_THEME in package com.cyanogenmod.filemanager
12-15 19:54:24.202  3413  3413 W PackageManager: Unknown permission com.google.android.gallery3d.permission.PICASA_STORE in package com.android.dreams.phototable
12-15 19:54:24.203  3413  3413 W PackageManager: Unknown permission com.google.android.googleapps.permission.GOOGLE_AUTH in package com.android.settings
12-15 19:54:24.203  3413  3413 W PackageManager: Unknown permission com.android.launcher.permission.READ_SETTINGS in package com.android.settings
12-15 19:54:24.203  3413  3413 W PackageManager: Unknown permission com.android.launcher.permission.WRITE_SETTINGS in package com.android.settings
12-15 19:54:24.203  3413  3413 W PackageManager: Not granting permission android.permission.REAL_GET_TASKS to package com.cyanogenmod.eleven (protectionLevel=18 flags=0x3818be65)
12-15 19:54:24.205  3413  3413 W PackageManager: Unknown permission com.google.android.gallery3d.permission.GALLERY_PROVIDER in package com.android.bluetooth
12-15 19:54:24.205  3413  3413 W PackageManager: Unknown permission com.google.android.googleapps.permission.ACCESS_GOOGLE_PASSWORD in package com.android.development
12-15 19:54:24.205  3413  3413 W PackageManager: Unknown permission com.google.android.googleapps.permission.GOOGLE_AUTH in package com.android.development
12-15 19:54:24.205  3413  3413 W PackageManager: Unknown permission com.google.android.googleapps.permission.GOOGLE_AUTH.ALL_SERVICES in package com.android.development
12-15 19:54:24.205  3413  3413 W PackageManager: Unknown permission com.google.android.googleapps.permission.GOOGLE_AUTH.YouTubeUser in package com.android.development
12-15 19:54:24.206  3413  3413 V PackageManager: Disabling com.google.android.gsf/com.google.android.gsf.update.SystemUpdateActivity
12-15 19:54:24.206  3413  3413 W PackageManager: Unable to disable com.google.android.gsf/com.google.android.gsf.update.SystemUpdateActivity
12-15 19:54:24.206  3413  3413 V PackageManager: Disabling com.google.android.gsf/com.google.android.gsf.update.SystemUpdateService$Receiver
12-15 19:54:24.206  3413  3413 W PackageManager: Unable to disable com.google.android.gsf/com.google.android.gsf.update.SystemUpdateService$Receiver
12-15 19:54:24.206  3413  3413 V PackageManager: Disabling com.google.android.gsf/com.google.android.gsf.update.SystemUpdateService$SecretCodeReceiver
12-15 19:54:24.206  3413  3413 W PackageManager: Unable to disable com.google.android.gsf/com.google.android.gsf.update.SystemUpdateService$SecretCodeReceiver
12-15 19:54:24.206  3413  3413 V PackageManager: Disabling com.google.android.gms/com.google.android.gms.update.SystemUpdateActivity
12-15 19:54:24.206  3413  3413 W PackageManager: Unable to disable com.google.android.gms/com.google.android.gms.update.SystemUpdateActivity
12-15 19:54:24.206  3413  3413 V PackageManager: Disabling com.google.android.gms/com.google.android.gms.update.SystemUpdateService$Receiver
12-15 19:54:24.206  3413  3413 W PackageManager: Unable to disable com.google.android.gms/com.google.android.gms.update.SystemUpdateService$Receiver
12-15 19:54:24.206  3413  3413 V PackageManager: Disabling com.google.android.gms/com.google.android.gms.update.SystemUpdateService$ActiveReceiver
12-15 19:54:24.206  3413  3413 W PackageManager: Unable to disable com.google.android.gms/com.google.android.gms.update.SystemUpdateService$ActiveReceiver
12-15 19:54:24.206  3413  3413 V PackageManager: Disabling com.google.android.gms/com.google.android.gms.update.SystemUpdateService$SecretCodeReceiver
12-15 19:54:24.206  3413  3413 W PackageManager: Unable to disable com.google.android.gms/com.google.android.gms.update.SystemUpdateService$SecretCodeReceiver
12-15 19:54:24.206  3413  3413 V PackageManager: Enabling com.google.android.gsf/com.google.android.gsf.update.SystemUpdateService
12-15 19:54:24.206  3413  3413 W PackageManager: Unable to enable com.google.android.gsf/com.google.android.gsf.update.SystemUpdateService
12-15 19:54:24.206  3413  3413 V PackageManager: Enabling com.google.android.gms/com.google.android.gms.update.SystemUpdateService
12-15 19:54:24.206  3413  3413 W PackageManager: Unable to enable com.google.android.gms/com.google.android.gms.update.SystemUpdateService
12-15 19:54:24.246  3413  3413 I art     : Starting a blocking GC Explicit
12-15 19:54:24.264  3413  3413 I art     : Explicit concurrent mark sweep GC freed 100250(5MB) AllocSpace objects, 8(1128KB) LOS objects, 33% free, 27MB/41MB, paused 174us total 18.025ms
12-15 19:54:24.268  3413  3413 I SystemServer: User Service
12-15 19:54:24.276  2936  2936 I lowmemorykiller: ActivityManager connected
12-15 19:54:24.277  3413  3450 I         : System server: starting sensor init.
12-15 19:54:24.277  3413  3450 D SensorService: nuSensorService starting...
12-15 19:54:24.277  3413  3413 I SystemServiceManager: Starting com.android.server.BatteryService
12-15 19:54:24.279  3413  3450 I Sensors : getName:gyro_sensor name = K6DS3TR.
12-15 19:54:24.279  3413  3450 I Sensors : Proximity old sensor_state 0, new sensor_state : 128 en : 1
12-15 19:54:24.280  3413  3413 I SystemServiceManager: Starting com.android.server.usage.UsageStatsService
12-15 19:54:24.289  3413  3413 I UsageStatsDatabase: Upgrading from version 0 to 3
12-15 19:54:24.289  3413  3413 I UsageStatsDatabase: Deleting all usage stats files
12-15 19:54:24.290  3413  3413 I UsageStatsService: User[0] Rollover scheduled @ 2016-12-16 00:00:00(1481846400000)
12-15 19:54:24.293  3413  3413 I UsageStatsService: User[0] Flushing usage stats to disk
12-15 19:54:24.295  3413  3450 I Sensors : Light old sensor_state 128, new sensor_state : 640 en : 1
12-15 19:54:24.300  3413  3450 I Sensors : Light_IR old sensor_state 640, new sensor_state : 16777856 en : 1
12-15 19:54:24.300  3413  3450 E Sensors : Light_IR_Sensor write failed. ret = -1, sensor_state = 16777856
12-15 19:54:24.301  3413  3450 I Sensors : SigMotionSensor old sensor_state 640, new sensor_state : 17024 en : 1
12-15 19:54:24.306  3413  3450 I Sensors : getName:gyro_sensor name = K6DS3TR.
12-15 19:54:24.307  3413  3413 I SystemServiceManager: Starting com.android.server.webkit.WebViewUpdateService
12-15 19:54:24.307  3413  3450 I Sensors : StepCounterSensor old sensor_state 17024, new sensor_state : 279168 en : 1
12-15 19:54:24.307  3413  3450 E Sensors : StepCounterSensor write failed. ret = -1, sensor_state = 279168
12-15 19:54:24.307  3413  3450 I Sensors : Int.Gyro old sensor_state 17024, new sensor_state : 33571456 en : 1
12-15 19:54:24.307  3413  3450 E Sensors : Int.GyroSensor write failed. ret = -1, sensor_state = 33571456
12-15 19:54:24.307  3413  3450 I Sensors : getName:gyro_sensor name = K6DS3TR.
12-15 19:54:24.307  3413  3450 I Sensors : HrmSpO2Sensor:: part type = 12.
12-15 19:54:24.307  3413  3450 D Sensors : HrmSpO2Sensor::type:12, prox threshold:10000
12-15 19:54:24.307  3413  3450 D Sensors : HrmSpO2Sensor::handle:0 ,en:1
12-15 19:54:24.308  3413  3450 E Sensors : HrmSpO2Sensor::Error MAXIM Flicker Library...handle=0x0
12-15 19:54:24.308  3413  3450 D Sensors : HrmSpO2Sensor::HrmSpO2Sensor: Shared version Registered
12-15 19:54:24.308  3413  3450 D Sensors : HrmLedSensor enable: mEnabled 0, handle 20, en 1
12-15 19:54:24.308  3413  3450 D Sensors : HRMSensor led enabled:1, en:1
12-15 19:54:24.308  3413  3413 I SystemServer: Reading configuration...
12-15 19:54:24.308  3413  3413 I SystemServer: Scheduling Policy
12-15 19:54:24.309  3413  3413 I SystemServiceManager: Starting com.android.server.telecom.TelecomLoaderService
12-15 19:54:24.310  3413  3413 I SystemServer: Telephony Registry
12-15 19:54:24.311  3413  3413 I SystemServer: Entropy Mixer
12-15 19:54:24.312  3413  3413 W EntropyMixer: No existing entropy file -- first boot?
12-15 19:54:24.312  3413  3450 I Sensors : getVendor:hrm_sensor vendor = MAXIM.
12-15 19:54:24.312  3413  3450 I Sensors : HrmLedSensor: HrmLedSensor vendor = MAXIM.
12-15 19:54:24.312  3413  3450 D Sensors : HRMSensor_LED::libhr open start!! 
12-15 19:54:24.312  3413  3450 E Sensors : HRMSensor_LED::libhr open failed 
12-15 19:54:24.312  3413  3450 E Sensors : GripSensor: enable
12-15 19:54:24.330  3413  3413 I EntropyMixer: Added HW RNG output to entropy pool
12-15 19:54:24.330  3413  3413 I EntropyMixer: Writing entropy...
12-15 19:54:24.337  3413  3413 I SystemServer: Camera Service
12-15 19:54:24.337  3413  3413 I SystemServiceManager: Starting com.android.server.camera.CameraService
12-15 19:54:24.339  3413  3451 I ServiceThread: Enabled StrictMode logging for CameraService_proxy looper.
12-15 19:54:24.340  3413  3413 I SystemServer: Account Manager
12-15 19:54:24.341  3413  3450 I Sensors : Proximity old sensor_state 17024, new sensor_state : 16896 en : 0
12-15 19:54:24.341  3413  3450 I Sensors : Light old sensor_state 16896, new sensor_state : 16384 en : 0
12-15 19:54:24.341  3413  3450 I Sensors : SigMotionSensor old sensor_state 16384, new sensor_state : 0 en : 0
12-15 19:54:24.342  3413  3450 E Sensors : GripSensor: enable
12-15 19:54:24.342  3413  3413 I SystemServer: Content Manager
12-15 19:54:24.342  3413  3450 D Sensors : HrmSpO2Sensor::handle:19 ,en:0
12-15 19:54:24.342  3413  3450 D Sensors : HrmSpO2Sensor::isEnabled:0 ,en:0, mEn:0
12-15 19:54:24.342  3413  3450 D Sensors : HrmSpO2Sensor::handle:28 ,en:0
12-15 19:54:24.342  3413  3450 D Sensors : HrmSpO2Sensor::isEnabled:0 ,en:0, mEn:0
12-15 19:54:24.342  3413  3450 D Sensors : HrmLedSensor enable: mEnabled 1, handle 20, en 0
12-15 19:54:24.342  3413  3450 D Sensors : HRMSensor_LED::enable 
12-15 19:54:24.342  3413  3450 D Sensors : HRMSensor led enabled:0, en:0
12-15 19:54:24.343  3413  3450 D Sensors : HrmLedSensor enable: mEnabled 0, handle 21, en 0
12-15 19:54:24.343  3413  3450 D Sensors : HrmLedSensor isEnabled:0 ,en:0
12-15 19:54:24.343  3413  3450 D Sensors : HrmSpO2Sensor::handle:18 ,en:0
12-15 19:54:24.343  3413  3450 D Sensors : HrmSpO2Sensor::isEnabled:0 ,en:0, mEn:0
12-15 19:54:24.343  3413  3413 I SystemServer: System Content Providers
12-15 19:54:24.343  3413  3450 I         : System server: sensor init done.
12-15 19:54:24.344  3413  3452 D SensorService: new thread SensorEventAckReceiver
12-15 19:54:24.344  3413  3453 D SensorService: nuSensorService thread starting...
12-15 19:54:24.345  3413  3413 W System  : ClassLoader referenced unknown path: /system/priv-app/CMSettingsProvider/lib/arm64
12-15 19:54:24.361  3413  3413 D ActivityThread: Loading provider settings: com.android.providers.settings.SettingsProvider
12-15 19:54:24.363  3413  3413 W System  : ClassLoader referenced unknown path: /system/priv-app/SettingsProvider/lib/arm64
12-15 19:54:24.383  3413  3413 W SettingsProvider: Invalid ro.telephony.default_network: 
12-15 19:54:24.395  3413  3413 D SettingsProvider: Generated and saved new ANDROID_ID [52a4f74a965306db] for user 0
12-15 19:54:24.414  3413  3413 I SystemServer: Vibrator Service
12-15 19:54:24.415  3413  3426 I SyncManager: No initial accounts
12-15 19:54:24.415  3413  3426 I SyncManager: No initial status
12-15 19:54:24.415  3413  3426 I SyncManager: No initial statistics
12-15 19:54:24.415  3413  3413 I SystemServer: Consumer IR Service
12-15 19:54:24.416  3413  3413 E ConsumerIrService: Can't open consumer IR HW Module, error: -2
12-15 19:54:24.416  3413  3413 I SystemServiceManager: Starting com.android.server.AlarmManagerService
12-15 19:54:24.429  3413  3413 I SystemServer: Init Watchdog
12-15 19:54:24.430  3413  3413 I SystemServer: Input Manager
12-15 19:54:24.430  3413  3413 I InputManager: Initializing input manager, mUseDevInputEventForAudioJack=false
12-15 19:54:24.430  3413  3413 I SystemServer: Window Manager
12-15 19:54:24.438  3413  3432 I WindowManager: No existing display settings /data/system/display_settings.xml; starting empty
12-15 19:54:24.459  3413  3413 I InputManager: Starting input manager
12-15 19:54:24.460  3413  3413 I SystemServer: Bluetooth Service
12-15 19:54:24.460  3413  3467 D EventHub: No input device configuration file found for device 'certify_hall'.
12-15 19:54:24.460  3413  3413 I SystemServiceManager: Starting com.android.server.BluetoothService
12-15 19:54:24.461  3413  3413 D BluetoothManagerService: Loading stored name and address
12-15 19:54:24.461  3413  3413 D BluetoothManagerService: Stored bluetooth Name=null,Address=null
12-15 19:54:24.461  3413  3413 D BluetoothService: onStart: publishing BluetoothManagerService
12-15 19:54:24.461  3413  3413 I SystemServer: Input Method Service
12-15 19:54:24.489  3413  3413 W InputMethodManagerService: No IME selected. Choose the most applicable IME.
12-15 19:54:24.490  3413  3413 I InputMethodManagerService: Default found, using com.android.inputmethod.latin/.LatinIME
12-15 19:54:24.490  3413  3413 I SystemServer: Accessibility Manager
12-15 19:54:24.492  3413  3413 I ActivityManager: choosing minFree values for 64 Bit
12-15 19:54:24.492  3413  3413 I ActivityManager: choosing minFree values for 64 Bit
12-15 19:54:24.492  3413  3413 I ActivityManager: choosing minFree values for 64 Bit
12-15 19:54:24.492  3413  3413 I ActivityManager: choosing minFree values for 64 Bit
12-15 19:54:24.492  3413  3413 I ActivityManager: choosing minFree values for 64 Bit
12-15 19:54:24.492  3413  3413 I ActivityManager: choosing minFree values for 64 Bit
12-15 19:54:24.492  3413  3413 I ActivityManager: Config changes=1df8 {1.0 ?mcc?mnc en_US ldltr sw360dp w360dp h640dp 640dpi nrml long port ?uimode ?night -touch -keyb/h/h -nav/h s.2 themeResource=null}
12-15 19:54:24.495  3413  3413 I ActivityManager: Config changes=400 {1.0 ?mcc?mnc en_US ldltr sw360dp w360dp h616dp 640dpi nrml long port ?uimode ?night -touch -keyb/h/h -nav/h s.3 themeResource=null}
12-15 19:54:24.495  3413  3413 I SystemServiceManager: Starting com.android.server.MountService$Lifecycle
12-15 19:54:24.499  3413  3413 I SystemServiceManager: Starting com.android.server.UiModeManagerService
12-15 19:54:24.499  3413  3468 D MountService: Thinking about reset, mSystemReady=false, mDaemonConnected=true
12-15 19:54:24.499  3413  3468 D MountService: Thinking about reset, mSystemReady=false, mDaemonConnected=true
12-15 19:54:24.499  3413  3468 D CryptdConnector: SND -> {1 cryptfs getfield SystemLocale}
12-15 19:54:24.499  2925  3000 I Ext4Crypt: ext4 crypto complete called on /data
12-15 19:54:24.499  2925  3000 I Ext4Crypt: No master key, so not ext4enc
12-15 19:54:24.499  3413  3413 I ActivityManager: Config changes=200 {1.0 ?mcc?mnc en_US ldltr sw360dp w360dp h616dp 640dpi nrml long port -touch -keyb/h/h -nav/h s.4 themeResource=null}
12-15 19:54:24.500  3413  3470 D CryptdConnector: RCV <- {200 1 -1}
12-15 19:54:24.500  3413  3468 W MountService: No primary storage mounted!
12-15 19:54:24.500  3413  3468 D VoldConnector: SND -> {1 asec list}
12-15 19:54:24.500  3413  3413 W PackageManager: No disk maintenance in 1481831664500; running immediately
12-15 19:54:24.500  3413  3469 D VoldConnector: RCV <- {200 1 asec operation succeeded}
12-15 19:54:24.500  3413  3413 I SystemServer: LockSettingsService
12-15 19:54:24.500  3413  3468 I PackageManager: No secure containers found
12-15 19:54:24.500  3413  3468 W PackageManager: Not granting permission android.permission.INTERACT_ACROSS_USERS_FULL to package org.cyanogenmod.snap (protectionLevel=258 flags=0x38d8bc45)
12-15 19:54:24.500  3413  3468 W PackageManager: Not granting permission android.permission.SET_ORIENTATION to package org.cyanogenmod.snap (protectionLevel=2 flags=0x38d8bc45)
12-15 19:54:24.501  3413  3468 W PackageManager: Unknown permission com.google.android.googleapps.permission.GOOGLE_AUTH in package com.android.providers.calendar
12-15 19:54:24.501  3413  3468 W PackageManager: Unknown permission com.google.android.googleapps.permission.GOOGLE_AUTH.cl in package com.android.providers.calendar
12-15 19:54:24.501  3413  3468 W PackageManager: Not granting permission android.permission.REAL_GET_TASKS to package org.cyanogenmod.wallpapers.photophase (protectionLevel=18 flags=0x3898be45)
12-15 19:54:24.501  3413  3468 W PackageManager: Unknown permission android.permission.CANCEL_NOTIFICATIONS in package org.cyanogenmod.theme.chooser2
12-15 19:54:24.501  3413  3468 W PackageManager: Unknown permission com.cyanogen.ambient.permission.BIND_CALLER_INFO in package com.android.messaging
12-15 19:54:24.501  3413  3468 W PackageManager: Unknown permission com.cyanogen.ambient.permission.BIND_RIDEINPROGRESS_SERVICE in package com.android.messaging
12-15 19:54:24.501  3413  3468 W PackageManager: Unknown permission com.cyanogen.ambient.permission.BIND_RIDESHARING_SERVICE in package com.android.messaging
12-15 19:54:24.501  3413  3468 W PackageManager: Not granting permission android.permission.ACCESS_DOWNLOAD_MANAGER to package com.android.browser (protectionLevel=18 flags=0x38c9be45)
12-15 19:54:24.501  3413  3468 W PackageManager: Not granting permission android.permission.SEND_DOWNLOAD_COMPLETED_INTENTS to package com.android.browser (protectionLevel=2 flags=0x38c9be45)
12-15 19:54:24.501  3413  3468 W PackageManager: Unknown permission com.cyngn.stats.SEND_ANALYTICS in package com.cyanogenmod.setupwizard
12-15 19:54:24.501  3413  3468 W PackageManager: Unknown permission com.cyanogen.permission.REQUEST_KILL_SWITCH_OP in package com.cyanogenmod.setupwizard
12-15 19:54:24.501  3413  3468 W PackageManager: Unknown permission com.cyanogen.ambient.permission.BIND_INCALL_SERVICE in package com.android.contacts
12-15 19:54:24.501  3413  3468 W PackageManager: Unknown permission com.cyanogen.ambient.permission.PLUGIN_STATUS_CHANGED in package com.android.contacts
12-15 19:54:24.501  3413  3468 W PackageManager: Unknown permission com.cyanogen.ambient.permission.BIND_CALLER_INFO in package com.android.contacts
12-15 19:54:24.502  3413  3468 W PackageManager: Unknown permission com.google.android.googleapps.permission.GOOGLE_AUTH.mail in package com.android.calendar
12-15 19:54:24.502  3413  3468 W PackageManager: Unknown permission com.android.launcher.permission.READ_SETTINGS in package com.android.onetimeinitializer
12-15 19:54:24.502  3413  3468 W PackageManager: Unknown permission com.android.launcher.permission.WRITE_SETTINGS in package com.android.onetimeinitializer
12-15 19:54:24.502  3413  3468 W PackageManager: Unknown permission com.cyanogen.ambient.permission.BIND_INCALL_SERVICE in package com.android.dialer
12-15 19:54:24.502  3413  3468 W PackageManager: Unknown permission com.cyanogen.ambient.permission.PLUGIN_STATUS_CHANGED in package com.android.dialer
12-15 19:54:24.502  3413  3468 W PackageManager: Unknown permission com.cyanogen.ambient.permission.PUBLISH_DISCOVERY_NUDGE in package com.android.dialer
12-15 19:54:24.502  3413  3468 W PackageManager: Unknown permission com.cyanogen.ambient.permission.BIND_DEEPLINK_SERVICE in package com.android.dialer
12-15 19:54:24.502  3413  3468 W PackageManager: Unknown permission com.cyanogen.ambient.permission.READ_DEEPLINK_DATABASE in package com.android.dialer
12-15 19:54:24.502  3413  3468 W PackageManager: Unknown permission com.cyanogen.ambient.permission.BIND_CALLER_INFO in package com.android.dialer
12-15 19:54:24.502  3413  3468 W PackageManager: Unknown permission com.android.launcher.permission.READ_SETTINGS in package com.cyanogenmod.trebuchet
12-15 19:54:24.502  3413  3468 W PackageManager: Unknown permission com.android.launcher.permission.WRITE_SETTINGS in package com.cyanogenmod.trebuchet
12-15 19:54:24.502  3413  3468 W PackageManager: Unknown permission com.cyngn.stats.SEND_ANALYTICS in package com.cyanogenmod.trebuchet
12-15 19:54:24.502  3413  3468 W PackageManager: Unknown permission com.google.android.permission.INSTALL_WEARABLE_PACKAGES in package com.android.packageinstaller
12-15 19:54:24.502  3413  3468 W PackageManager: Not granting permission android.permission.DELETE_PACKAGES to package com.svox.pico (protectionLevel=18 flags=0x3888be45)
12-15 19:54:24.502  3413  3468 W PackageManager: Unknown permission android.permission.ACCESS_SUPERUSER in package com.cyanogenmod.filemanager
12-15 19:54:24.502  3413  3413 I SystemServiceManager: Starting com.android.server.DeviceIdleController
12-15 19:54:24.502  3413  3468 W PackageManager: Unknown permission com.cyanogenmod.filemanager.permissions.READ_THEME in package com.cyanogenmod.filemanager
12-15 19:54:24.502  3413  3468 W PackageManager: Unknown permission com.google.android.gallery3d.permission.PICASA_STORE in package com.android.dreams.phototable
12-15 19:54:24.502  3413  3468 W PackageManager: Unknown permission com.google.android.googleapps.permission.GOOGLE_AUTH in package com.android.settings
12-15 19:54:24.503  3413  3468 W PackageManager: Unknown permission com.android.launcher.permission.READ_SETTINGS in package com.android.settings
12-15 19:54:24.503  3413  3468 W PackageManager: Unknown permission com.android.launcher.permission.WRITE_SETTINGS in package com.android.settings
12-15 19:54:24.503  3413  3468 W PackageManager: Not granting permission android.permission.REAL_GET_TASKS to package com.cyanogenmod.eleven (protectionLevel=18 flags=0x3898be65)
12-15 19:54:24.505  3413  3468 W PackageManager: Unknown permission com.google.android.gallery3d.permission.GALLERY_PROVIDER in package com.android.bluetooth
12-15 19:54:24.505  3413  3468 W PackageManager: Unknown permission com.google.android.googleapps.permission.ACCESS_GOOGLE_PASSWORD in package com.android.development
12-15 19:54:24.505  3413  3468 W PackageManager: Unknown permission com.google.android.googleapps.permission.GOOGLE_AUTH in package com.android.development
12-15 19:54:24.505  3413  3468 W PackageManager: Unknown permission com.google.android.googleapps.permission.GOOGLE_AUTH.ALL_SERVICES in package com.android.development
12-15 19:54:24.505  3413  3468 W PackageManager: Unknown permission com.google.android.googleapps.permission.GOOGLE_AUTH.YouTubeUser in package com.android.development
12-15 19:54:24.539  3413  3468 W MountService: No primary storage defined yet; hacking together a stub
12-15 19:54:24.540  3413  3468 W MountService: No primary storage defined yet; hacking together a stub
12-15 19:54:24.540  3413  3468 W MountService: No primary storage mounted!
12-15 19:54:24.540  3413  3468 D VoldConnector: SND -> {2 asec list}
12-15 19:54:24.540  3413  3469 D VoldConnector: RCV <- {200 2 asec operation succeeded}
12-15 19:54:24.540  3413  3413 I SystemServiceManager: Starting com.android.server.devicepolicy.DevicePolicyManagerService$Lifecycle
12-15 19:54:24.542  3413  3413 I SystemServer: Status Bar
12-15 19:54:24.543  3413  3413 I SystemServer: Clipboard Service
12-15 19:54:24.544  3413  3413 I SystemServer: NetworkManagement Service
12-15 19:54:24.546  3413  3413 I SystemServer: Text Service Manager Service
12-15 19:54:24.547  3413  3468 I MountService: Running fstrim idle maintenance
12-15 19:54:24.547  3413  3468 D VoldConnector: SND -> {3 fstrim dotrim}
12-15 19:54:24.548  3413  3413 I SystemServer: Network Score Service
12-15 19:54:24.548  3413  3469 D VoldConnector: RCV <- {200 3 Command succeeded}
12-15 19:54:24.548  2925  3472 D vold    : Starting trim of /efs
12-15 19:54:24.548  3413  3413 I SystemServer: NetworkStats Service
12-15 19:54:24.553  3413  3413 I SystemServer: NetworkPolicy Service
12-15 19:54:24.561  3413  3467 D EventHub: No input device configuration file found for device 'ssp_context'.
12-15 19:54:24.584  2925  3472 I vold    : Trimmed 9183232 bytes on /efs in 35ms
12-15 19:54:24.584  2925  3472 D vold    : Starting trim of /cache
12-15 19:54:24.584  3413  3469 D VoldConnector: RCV <- {662 /efs 9183232 35951000}
12-15 19:54:24.612  3413  3413 I SystemServiceManager: Starting com.android.server.wifi.p2p.WifiP2pService
12-15 19:54:24.627  2925  3472 I vold    : Trimmed 201957376 bytes on /cache in 43ms
12-15 19:54:24.627  2925  3472 D vold    : Starting trim of /data
12-15 19:54:24.627  3413  3469 D VoldConnector: RCV <- {662 /cache 201957376 43316423}
12-15 19:54:24.651  3413  3467 D EventHub: No input device configuration file found for device 'meta_event'.
12-15 19:54:24.687  3413  3413 I WifiP2pService: Registering wifip2p
12-15 19:54:24.688  3413  3413 I SystemServiceManager: Starting com.android.server.wifi.WifiService
12-15 19:54:24.691  3413  3467 D EventHub: No input device configuration file found for device 'interrupt_gyro_sensor'.
12-15 19:54:24.731  3413  3467 D EventHub: No input device configuration file found for device 'step_cnt_sensor'.
12-15 19:54:24.790  3413  3413 D HS20    : Passpoint is disabled
12-15 19:54:24.791  3413  3467 D EventHub: No input device configuration file found for device 'sig_motion_sensor'.
12-15 19:54:24.800  3413  3413 D WifiController: isAirplaneModeOn = false, isWifiEnabled = false, isScanningAvailable = false
12-15 19:54:24.800  3413  3413 I WifiService: Registering wifi
12-15 19:54:24.801  3413  3413 I SystemServiceManager: Starting com.android.server.wifi.WifiScanningService
12-15 19:54:24.801  3413  3413 I WifiScanningService: Creating wifiscanner
12-15 19:54:24.801  3413  3413 I WifiScanningService: Starting wifiscanner
12-15 19:54:24.802  3413  3413 I SystemServiceManager: Starting com.android.server.wifi.RttService
12-15 19:54:24.802  3413  3413 I RttService: Creating rttmanager
12-15 19:54:24.802  3413  3413 I RttService: Starting rttmanager
12-15 19:54:24.802  3413  3413 I SystemServiceManager: Starting com.android.server.ethernet.EthernetService
12-15 19:54:24.803  3413  3413 I EthernetServiceImpl: Creating EthernetConfigStore
12-15 19:54:24.804  3413  3413 E IpConfigStore: Error parsing configuration: java.io.FileNotFoundException: /data/misc/ethernet/ipconfig.txt: open failed: ENOENT (No such file or directory)
12-15 19:54:24.804  3413  3413 W EthernetConfigStore: No Ethernet configuration found. Using default.
12-15 19:54:24.804  3413  3413 I EthernetServiceImpl: Read stored IP configuration: IP assignment: DHCP
12-15 19:54:24.804  3413  3413 I EthernetServiceImpl: Proxy settings: NONE
12-15 19:54:24.804  3413  3413 I EthernetService: Registering service ethernet
12-15 19:54:24.804  3413  3413 I SystemServer: Connectivity Service
12-15 19:54:24.805  3413  3413 D ConnectivityService: ConnectivityService starting up
12-15 19:54:24.808  3413  3413 D ConnectivityService: wifiOnly=false
12-15 19:54:24.811  3413  3413 I SystemServer: Network Service Discovery Service
12-15 19:54:24.812  3413  3413 D NsdService: Network service discovery enabled true
12-15 19:54:24.813  3413  3413 I SystemServer: UpdateLock Service
12-15 19:54:24.814  3413  3413 I SystemServiceManager: Starting com.android.server.notification.NotificationManagerService
12-15 19:54:24.840  3413  3413 I ZenModeConfig: Migrating existing shared 'from': stars
12-15 19:54:24.847  3413  3413 I SystemServiceManager: Starting com.android.server.storage.DeviceStorageMonitorService
12-15 19:54:24.849  3413  3413 I SystemServer: Location Manager
12-15 19:54:24.850  3413  3413 I SystemServer: Country Detector
12-15 19:54:24.850  3413  3413 I SystemServer: Search Service
12-15 19:54:24.851  3413  3413 I SystemServer: DropBox Service
12-15 19:54:24.852  3413  3413 I SystemServer: Wallpaper Service
12-15 19:54:24.853  3413  3413 W WallpaperManagerService: no current wallpaper -- first boot?
12-15 19:54:24.853  3413  3413 W WallpaperManagerService: no current wallpaper -- first boot?
12-15 19:54:24.853  3413  3413 I SystemServer: Audio Service
12-15 19:54:24.861  3413  3467 D EventHub: No input device configuration file found for device 'gesture_sensor'.
12-15 19:54:24.862  3413  3485 I ServiceManager: Waiting for service media.audio_policy...
12-15 19:54:24.863  3413  3413 W TelecomManager: Telecom Service not found.
12-15 19:54:24.951  3413  3467 D EventHub: No input device configuration file found for device 'temp_humidity_sensor'.
12-15 19:54:24.999  3413  3476 D WifiApConfigStore: 2G band allowed channels are:1,6,11
12-15 19:54:25.016  2980  2980 I AudioPolicyService: AudioPolicyService CSTOR in new mode
12-15 19:54:25.028  2980  2980 W APM::HwModule: loadOutput() invalid supported devices
12-15 19:54:25.028  2980  2980 W APM::HwModule: loadOutput() invalid supported devices
12-15 19:54:25.028  2980  2980 W APM::HwModule: loadInput() invalid supported devices
12-15 19:54:25.028  2980  2980 W APM::HwModule: loadInput() invalid supported devices
12-15 19:54:25.028  2980  2980 I APM::ConfigParsingUtils: loadAudioPolicyConfig() loaded /system/etc/audio_policy.conf
12-15 19:54:25.051  3413  3467 D EventHub: No input device configuration file found for device 'proximity_sensor'.
12-15 19:54:25.091  3413  3467 D EventHub: No input device configuration file found for device 'light_ir_sensor'.
12-15 19:54:25.151  3413  3467 D EventHub: No input device configuration file found for device 'light_sensor'.
12-15 19:54:25.211  3413  3467 D EventHub: No input device configuration file found for device 'grip_sensor'.
12-15 19:54:25.251  3413  3467 D EventHub: No input device configuration file found for device 'uv_sensor'.
12-15 19:54:25.371  3413  3467 D EventHub: No input device configuration file found for device 'hrmled_sensor'.
12-15 19:54:25.401  3413  3467 D EventHub: No input device configuration file found for device 'hrm_sensor'.
12-15 19:54:25.451  3413  3467 E EventHub: could not get driver version for /dev/input/mice, Not a typewriter
12-15 19:54:25.491  3413  3467 D EventHub: No input device configuration file found for device 'sec_touchscreen'.
12-15 19:54:25.513  3413  3467 W EventHub: Unable to disable kernel key repeat for /dev/input/event1: Function not implemented
12-15 19:54:25.513  3413  3467 I EventHub: New device: id=16, fd=119, path='/dev/input/event1', name='sec_touchscreen', classes=0x15, configuration='', keyLayout='/system/usr/keylayout/Generic.kl', keyCharacterMap='/system/usr/keychars/Generic.kcm', builtinKeyboard=false, wakeMechanism=EPOLLWAKEUP, usingClockIoctl=true
12-15 19:54:25.513  3413  3467 D EventHub: No input device configuration file found for device 'gpio_keys'.
12-15 19:54:25.514  3413  3467 W EventHub: Unable to disable kernel key repeat for /dev/input/event17: Function not implemented
12-15 19:54:25.514  3413  3467 I EventHub: New device: id=17, fd=120, path='/dev/input/event17', name='gpio_keys', classes=0x1, configuration='', keyLayout='/system/usr/keylayout/Generic.kl', keyCharacterMap='/system/usr/keychars/Generic.kcm', builtinKeyboard=false, wakeMechanism=EPOLLWAKEUP, usingClockIoctl=true
12-15 19:54:25.514  3413  3467 D EventHub: No input device configuration file found for device 'Headset'.
12-15 19:54:25.515  3413  3467 W EventHub: Unable to disable kernel key repeat for /dev/input/event16: Function not implemented
12-15 19:54:25.515  3413  3467 I EventHub: New device: id=18, fd=121, path='/dev/input/event16', name='Headset', classes=0x1, configuration='', keyLayout='/system/usr/keylayout/Generic.kl', keyCharacterMap='/system/usr/keychars/Generic.kcm', builtinKeyboard=false, wakeMechanism=EPOLLWAKEUP, usingClockIoctl=true
12-15 19:54:25.515  3413  3467 D EventHub: No input device configuration file found for device 'sec_touchkey'.
12-15 19:54:25.517  3413  3467 W EventHub: Unable to disable kernel key repeat for /dev/input/event0: Function not implemented
12-15 19:54:25.517  3413  3467 I EventHub: New device: id=19, fd=122, path='/dev/input/event0', name='sec_touchkey', classes=0x1, configuration='', keyLayout='/system/usr/keylayout/Generic.kl', keyCharacterMap='/system/usr/keychars/Generic.kcm', builtinKeyboard=false, wakeMechanism=EPOLLWAKEUP, usingClockIoctl=true
12-15 19:54:25.517  3413  3467 D EventHub: No input device configuration file found for device 'hall'.
12-15 19:54:25.628  3413  3467 I InputReader: Device added: id=-1, name='Virtual', sources=0x00000301
12-15 19:54:25.629  3413  3467 I InputReader: Device added: id=19, name='sec_touchkey', sources=0x00000101
12-15 19:54:25.629  3413  3467 I InputReader: Device added: id=18, name='Headset', sources=0x00000101
12-15 19:54:25.629  3413  3467 I InputReader: Device added: id=17, name='gpio_keys', sources=0x00000101
12-15 19:54:25.629  3413  3467 I InputReader:   Touch device 'sec_touchscreen' could not query the properties of its associated display.  The device will be inoperable until the display size becomes available.
12-15 19:54:25.629  3413  3467 I InputReader: Device added: id=16, name='sec_touchscreen', sources=0x00001103
12-15 19:54:25.629  3413  3467 I InputReader: Reconfiguring input devices.  changes=0x00000004
12-15 19:54:25.629  3413  3467 I InputReader: Device reconfigured: id=16, name='sec_touchscreen', size 1440x2560, orientation 0, mode 1, display id 0
12-15 19:54:25.629  3413  3466 I ActivityManager: Config changes=8 {1.0 ?mcc?mnc en_US ldltr sw360dp w360dp h616dp 640dpi nrml long port finger -keyb/h/h -nav/h s.5 themeResource=null}
12-15 19:54:25.643  2980  2980 V audio_hw_primary: adev_open: Forcing voice config: wide
12-15 19:54:25.643  2980  2980 I AudioFlinger: loadHwModule() Loaded primary audio interface from Samsung audio HW HAL (audio) handle 1
12-15 19:54:25.643  2980  2980 I AudioFlinger: openOutput(), module 1 Device 2, SamplingRate 48000, Format 0x000001, Channels 3, flags a
12-15 19:54:25.643  2980  2980 I AudioFlinger: AudioStreamOut::open(), mHalFormatIsLinearPcm = 1
12-15 19:54:25.643  2980  2980 I AudioFlinger: HAL output buffer size 1024 frames, normal sink buffer size 1024 frames
12-15 19:54:25.723  2980  2980 I BufferProvider: found effect "Multichannel Downmix To Stereo" from The Android Open Source Project
12-15 19:54:25.724  2980  2980 I AudioFlinger: Using module 1 has the primary audio interface
12-15 19:54:25.724  2980  3492 I AudioFlinger: AudioFlinger's thread 0xf2f00000 ready to run
12-15 19:54:25.724  2980  3492 V audio_hw_primary: do_out_standby: output standby: 1
12-15 19:54:25.724  2980  3492 V audio_hw_primary: out_set_parameters: key value pairs: routing=2
12-15 19:54:25.724  2980  3492 E AudioFlinger: no wake lock to update!
12-15 19:54:25.724  2980  2980 I AudioFlinger: openOutput(), module 1 Device 2, SamplingRate 48000, Format 0x000001, Channels 3, flags 4
12-15 19:54:25.724  2980  2980 I AudioFlinger: AudioStreamOut::open(), mHalFormatIsLinearPcm = 1
12-15 19:54:25.724  2980  2980 I AudioFlinger: HAL output buffer size 256 frames, normal sink buffer size 960 frames
