12-04 06:33:23.464  3691  3691 I SystemServiceManager: Starting com.android.server.lights.LightsService
12-04 06:33:23.468  3691  3691 I SystemServiceManager: Starting com.android.server.display.DisplayManagerService
12-04 06:33:23.474  2931  2992 E SurfaceFlinger: getDefaultDisplay: id=2 is not a valid default display id
12-04 06:33:23.476  3691  3711 I DisplayManagerService: Display device added: DisplayDeviceInfo{"Built-in Screen": uniqueId="local:0", 1440 x 2560, modeId 1, defaultModeId 1, supportedModes [{id=1, width=1440, height=2560, fps=59.312}], colorTransformId 1, defaultColorTransformId 1, supportedColorTransforms [{id=1, colorTransform=0}], density 640, 537.8823 x 532.9836 dpi, appVsyncOff 0, presDeadline 17859994, touch INTERNAL, rotation 0, type BUILT_IN, state UNKNOWN, FLAG_DEFAULT_DISPLAY, FLAG_ROTATES_WITH_CONTENT, FLAG_SECURE, FLAG_SUPPORTS_PROTECTED_BUFFERS}
12-04 06:33:23.477  2931  2931 D SurfaceFlinger: Set power mode=2, type=0 flinger=0x7f82e43c00
12-04 06:33:23.477  2931  2931 D SurfaceFlinger: Screen type=0 is already mode=2
12-04 06:33:23.489  3691  3711 I DisplayManagerService: Display device changed state: "Built-in Screen", ON
12-04 06:33:23.489  3691  3691 I SystemServiceManager: Starting phase 100
12-04 06:33:23.489  3691  3691 I SystemServer: Package Manager
12-04 06:33:23.495  3691  3691 W SELinuxMMAC: Error opening /data/system/seapp_hash. Assuming first boot.
12-04 06:33:23.631  3691  3691 D SELinuxMMAC: Using policy file /system/etc/security/mac_permissions.xml
12-04 06:33:23.845  3691  3691 E art     : DexFile_getDexOptNeeded file '/system/framework/org.apache.http.legacy.jar' does not exist
12-04 06:33:23.845  3691  3691 W PackageManager: Library not found: /system/framework/org.apache.http.legacy.jar
12-04 06:33:23.845  3691  3691 E art     : DexFile_getDexOptNeeded file '/system/framework/com.android.nfc_extras.jar' does not exist
12-04 06:33:23.845  3691  3691 W PackageManager: Library not found: /system/framework/com.android.nfc_extras.jar
12-04 06:33:23.859  3691  3691 E art     : DexFile_getDexOptNeeded file '/system/framework/org.apache.http.legacy.jar' does not exist
12-04 06:33:23.860  3691  3691 W PackageManager: Library not found: /system/framework/org.apache.http.legacy.jar
12-04 06:33:23.860  3691  3691 E art     : DexFile_getDexOptNeeded file '/system/framework/com.android.nfc_extras.jar' does not exist
12-04 06:33:23.860  3691  3691 W PackageManager: Library not found: /system/framework/com.android.nfc_extras.jar
12-04 06:33:23.900  3691  3691 D PackageManager: No files in app dir /vendor/overlay
12-04 06:33:23.900  3691  3691 D PackageManager: start scanDirLI:/system/framework
12-04 06:33:23.900  3691  3691 D PackageManager: max thread:6
12-04 06:33:23.913  3691  3721 W PackageManager: Failed to parse /system/framework/arm64: Missing base APK in /system/framework/arm64
12-04 06:33:23.925  3691  3723 W PackageManager: Failed to parse /system/framework/oat: Missing base APK in /system/framework/oat
12-04 06:33:23.926  3691  3720 W PackageManager: Failed to parse /system/framework/arm: Missing base APK in /system/framework/arm
12-04 06:33:23.994  3691  3724 I PackageManager: SELinux relabeling of cyanogenmod.platform issued.
12-04 06:33:24.001  3691  3724 W PackageManager: Permission cyanogenmod.permission.WRITE_ALARMS from package cyanogenmod.platform in an unknown group android.permission-group.SYSTEM_CLOCK
12-04 06:33:24.002  3691  3724 W PackageManager: Permission cyanogenmod.permission.MANAGE_ALARMS from package cyanogenmod.platform in an unknown group android.permission-group.SYSTEM_CLOCK
12-04 06:33:24.002  3691  3724 W PackageManager: Permission cyanogenmod.permission.READ_ALARMS from package cyanogenmod.platform in an unknown group android.permission-group.SYSTEM_CLOCK
12-04 06:33:24.372  3691  3722 W PackageManager: Permission android.permission.SET_KEYGUARD_WALLPAPER from package android in an unknown group android.permission-group.WALLPAPER
12-04 06:33:24.373  3691  3722 W PackageManager: Permission android.permission.MODIFY_PROTECTED_SMS_LIST from package android in an unknown group android.permission-group.MESSAGES
12-04 06:33:24.373  3691  3722 W PackageManager: Permission android.permission.RECEIVE_PROTECTED_SMS from package android in an unknown group android.permission-group.MESSAGES
12-04 06:33:24.373  3691  3722 W PackageManager: Permission android.permission.RESET_BATTERY_STATS from package android in an unknown group android.permission-group.SYSTEM_TOOLS
12-04 06:33:24.374  3691  3691 D PackageManager: end scanDirLI:/system/framework
12-04 06:33:24.375  3691  3691 D PackageManager: start scanDirLI:/system/priv-app
12-04 06:33:24.375  3691  3691 D PackageManager: max thread:6
12-04 06:33:24.392  3691  3720 I PackageManager: SELinux relabeling of org.cyanogenmod.cmsettings issued.
12-04 06:33:24.450  3691  3721 I PackageManager: SELinux relabeling of com.android.backupconfirm issued.
12-04 06:33:24.451  3691  3723 I PackageManager: SELinux relabeling of org.cyanogenmod.cmaudio.service issued.
12-04 06:33:24.544  3691  3722 I PackageManager: SELinux relabeling of com.android.providers.calendar issued.
12-04 06:33:24.593  3691  3721 I PackageManager: SELinux relabeling of com.android.calllogbackup issued.
12-04 06:33:24.615  3691  3724 I PackageManager: SELinux relabeling of com.cyanogenmod.updater issued.
12-04 06:33:24.620  3691  3725 I PackageManager: SELinux relabeling of org.cyanogenmod.audiofx issued.
12-04 06:33:24.623  3691  3723 I PackageManager: SELinux relabeling of com.android.cellbroadcastreceiver issued.
12-04 06:33:24.690  3691  3724 I PackageManager: SELinux relabeling of org.cyanogenmod.providers.datausage issued.
12-04 06:33:24.717  3691  3722 W PackageParser: No actions in intent filter at /system/priv-app/Contacts/Contacts.apk Binary XML file line #301
12-04 06:33:24.760  3691  3721 I PackageManager: SELinux relabeling of com.android.providers.contacts issued.
12-04 06:33:24.780  3691  3723 I PackageManager: SELinux relabeling of com.android.defcontainer issued.
12-04 06:33:24.847  3691  3720 I PackageManager: SELinux relabeling of com.android.carrierconfig issued.
12-04 06:33:24.891  3691  3724 W PackageParser: No actions in intent filter at /system/priv-app/Dialer/Dialer.apk Binary XML file line #152
12-04 06:33:24.938  3691  3723 I PackageManager: SELinux relabeling of com.android.externalstorage issued.
12-04 06:33:24.959  3691  3721 I PackageManager: SELinux relabeling of com.android.providers.downloads issued.
12-04 06:33:25.023  3691  3721 W PackageManager: Permission android.permission.DOWNLOAD_WITHOUT_NOTIFICATION from package com.android.providers.downloads in an unknown group android.permission-group.NETWORK
12-04 06:33:25.056  3691  3720 I PackageManager: SELinux relabeling of com.android.location.fused issued.
12-04 06:33:25.142  3691  3723 I PackageManager: SELinux relabeling of com.android.inputdevices issued.
12-04 06:33:25.144  3691  3701 I art     : Background sticky concurrent mark sweep GC freed 157856(11MB) AllocSpace objects, 119(5MB) LOS objects, 22% free, 32MB/41MB, paused 2.522ms total 465.206ms
12-04 06:33:25.172  3691  3721 I PackageManager: SELinux relabeling of org.cyanogenmod.livelockscreen.service issued.
12-04 06:33:25.282  3691  3723 I PackageManager: SELinux relabeling of com.android.providers.media issued.
12-04 06:33:25.291  3691  3721 I PackageManager: SELinux relabeling of com.android.mms.service issued.
12-04 06:33:25.294  3691  3720 I PackageManager: SELinux relabeling of com.android.managedprovisioning issued.
12-04 06:33:25.381  3691  3720 I PackageManager: SELinux relabeling of com.android.onetimeinitializer issued.
12-04 06:33:25.454  3691  3721 I PackageManager: SELinux relabeling of com.android.proxyhandler issued.
12-04 06:33:25.530  3691  3720 I PackageManager: SELinux relabeling of org.cyanogenmod.screencast issued.
12-04 06:33:25.686  3691  3720 I PackageManager: SELinux relabeling of com.android.providers.settings issued.
12-04 06:33:25.750  3691  3723 I PackageManager: SELinux relabeling of com.android.packageinstaller issued.
12-04 06:33:25.789  3691  3720 I PackageManager: SELinux relabeling of com.android.sharedstoragebackup issued.
12-04 06:33:25.956  3691  3720 I PackageManager: SELinux relabeling of com.android.statementservice issued.
12-04 06:33:25.966  3691  3723 I PackageManager: SELinux relabeling of com.android.shell issued.
12-04 06:33:26.063  3691  3725 I PackageManager: SELinux relabeling of com.cyanogenmod.setupwizard issued.
12-04 06:33:26.186  3691  3723 W PackageParser: Ignoring duplicate uses-permissions/uses-permissions-sdk-m: android.permission.ACCESS_WIFI_STATE in package: com.android.phone at: Binary XML file line #134
12-04 06:33:26.266  3691  3722 I PackageManager: SELinux relabeling of com.android.contacts issued.
12-04 06:33:26.319  3691  3725 I PackageManager: SELinux relabeling of com.android.server.telecom issued.
12-04 06:33:26.466  3691  3723 I PackageManager: SELinux relabeling of com.android.phone issued.
12-04 06:33:26.486  3691  3722 I PackageManager: SELinux relabeling of com.android.providers.telephony issued.
12-04 06:33:26.599  3691  3722 I PackageManager: SELinux relabeling of org.cyanogenmod.themeservice issued.
12-04 06:33:26.618  3691  3725 I PackageManager: SELinux relabeling of org.cyanogenmod.theme.chooser2 issued.
12-04 06:33:26.667  3691  3723 I PackageManager: SELinux relabeling of org.cyanogenmod.themes.provider issued.
12-04 06:33:26.723  3691  3701 I art     : Background partial concurrent mark sweep GC freed 139800(9MB) AllocSpace objects, 67(4MB) LOS objects, 30% free, 36MB/52MB, paused 2.478ms total 730.799ms
12-04 06:33:26.770  3691  3724 I PackageManager: SELinux relabeling of com.android.dialer issued.
12-04 06:33:26.830  3691  3722 I PackageManager: SELinux relabeling of com.android.vpndialogs issued.
12-04 06:33:26.863  3691  3723 I PackageManager: SELinux relabeling of com.android.wallpapercropper issued.
12-04 06:33:26.902  3691  3724 I PackageManager: SELinux relabeling of org.cyanogenmod.weather.provider issued.
12-04 06:33:26.981  3691  3722 I PackageManager: SELinux relabeling of org.cyanogenmod.weatherservice issued.
12-04 06:33:27.018  3691  3720 I PackageManager: SELinux relabeling of com.android.systemui issued.
12-04 06:33:27.019  3691  3725 I PackageManager: SELinux relabeling of com.cyanogenmod.trebuchet issued.
12-04 06:33:27.029  3691  3725 W PackageManager: Permission com.android.launcher.permission.INSTALL_SHORTCUT from package com.cyanogenmod.trebuchet in an unknown group android.permission-group.SYSTEM_TOOLS
12-04 06:33:27.029  3691  3725 W PackageManager: Permission com.android.launcher3.permission.READ_SETTINGS from package com.cyanogenmod.trebuchet in an unknown group android.permission-group.SYSTEM_TOOLS
12-04 06:33:27.029  3691  3725 W PackageManager: Permission com.android.launcher3.permission.WRITE_SETTINGS from package com.cyanogenmod.trebuchet in an unknown group android.permission-group.SYSTEM_TOOLS
12-04 06:33:27.198  3691  3721 I PackageManager: SELinux relabeling of com.android.settings issued.
12-04 06:33:27.229  3691  3691 D PackageManager: end scanDirLI:/system/priv-app
12-04 06:33:27.230  3691  3691 D PackageManager: start scanDirLI:/system/app
12-04 06:33:27.230  3691  3691 D PackageManager: max thread:6
12-04 06:33:27.251  3691  3724 W PackageParser: No actions in intent filter at /system/app/Bluetooth/Bluetooth.apk Binary XML file line #235
12-04 06:33:27.298  3691  3720 W PackageParser: No actions in intent filter at /system/app/CMFileManager/CMFileManager.apk Binary XML file line #164
12-04 06:33:27.323  3691  3722 I PackageManager: SELinux relabeling of com.android.bluetoothmidiservice issued.
12-04 06:33:27.354  3691  3723 I PackageManager: SELinux relabeling of com.android.dreams.basic issued.
12-04 06:33:27.391  3691  3724 I PackageManager: SELinux relabeling of com.android.bluetooth issued.
12-04 06:33:27.420  3691  3721 I PackageManager: SELinux relabeling of com.cyanogenmod.wallpapers issued.
12-04 06:33:27.528  3691  3724 I PackageManager: SELinux relabeling of com.android.captiveportallogin issued.
12-04 06:33:27.552  3691  3725 I PackageManager: SELinux relabeling of com.android.browser issued.
12-04 06:33:27.568  3691  3720 I PackageManager: SELinux relabeling of com.cyanogenmod.filemanager issued.
12-04 06:33:27.569  3691  3721 I PackageManager: SELinux relabeling of com.android.certinstaller issued.
12-04 06:33:27.727  3691  3721 I PackageManager: SELinux relabeling of com.android.providers.downloads.ui issued.
12-04 06:33:27.734  3691  3720 I PackageManager: SELinux relabeling of com.android.development issued.
12-04 06:33:27.751  3691  3722 I PackageManager: SELinux relabeling of com.android.calendar issued.
12-04 06:33:27.761  3691  3725 I PackageManager: SELinux relabeling of com.android.documentsui issued.
12-04 06:33:27.907  3691  3722 I PackageManager: SELinux relabeling of com.android.calculator2 issued.
12-04 06:33:27.921  3691  3723 I PackageManager: SELinux relabeling of com.android.camera2 issued.
12-04 06:33:27.958  3691  3725 I PackageManager: SELinux relabeling of com.android.exchange issued.
12-04 06:33:28.028  3691  3722 W PackageParser: Unknown element under <application>: permission at /system/app/Gallery2/Gallery2.apk Binary XML file line #279
12-04 06:33:28.028  3691  3722 W PackageParser: Unknown element under <application>: permission at /system/app/Gallery2/Gallery2.apk Binary XML file line #282
12-04 06:33:28.068  3691  3721 I PackageManager: SELinux relabeling of com.cyanogenmod.eleven issued.
12-04 06:33:28.091  3691  3724 I PackageManager: SELinux relabeling of com.android.deskclock issued.
12-04 06:33:28.129  3691  3723 I PackageManager: SELinux relabeling of com.android.galaxy4 issued.
12-04 06:33:28.175  3691  3725 I PackageManager: SELinux relabeling of com.android.htmlviewer issued.
12-04 06:33:28.398  3691  3723 I PackageManager: SELinux relabeling of com.android.keychain issued.
12-04 06:33:28.399  3691  3724 I PackageManager: SELinux relabeling of com.android.wallpaper.holospiral issued.
12-04 06:33:28.551  3691  3723 I PackageManager: SELinux relabeling of com.android.wallpaper.livepicker issued.
12-04 06:33:28.566  3691  3724 I PackageManager: SELinux relabeling of com.android.wallpaper issued.
12-04 06:33:28.697  3691  3722 I PackageManager: SELinux relabeling of com.android.gallery3d issued.
12-04 06:33:28.707  3691  3720 I PackageManager: SELinux relabeling of com.android.email issued.
12-04 06:33:28.746  3691  3724 I PackageManager: SELinux relabeling of com.android.noisefield issued.
12-04 06:33:28.840  3691  3720 I PackageManager: SELinux relabeling of com.android.pacprocessor issued.
12-04 06:33:28.905  3691  3724 I PackageManager: SELinux relabeling of com.android.phasebeam issued.
12-04 06:33:28.932  3691  3723 I PackageManager: SELinux relabeling of com.cyanogenmod.lockclock issued.
12-04 06:33:29.032  3691  3721 I PackageManager: SELinux relabeling of org.cyanogenmod.hexolibre issued.
12-04 06:33:29.042  3691  3722 I PackageManager: SELinux relabeling of org.cyanogenmod.wallpapers.photophase issued.
12-04 06:33:29.052  3691  3720 I PackageManager: SELinux relabeling of com.svox.pico issued.
12-04 06:33:29.084  3691  3724 I PackageManager: SELinux relabeling of com.android.dreams.phototable issued.
12-04 06:33:29.121  3691  3723 I PackageManager: SELinux relabeling of com.android.printspooler issued.
12-04 06:33:29.122  3691  3701 I art     : Background sticky concurrent mark sweep GC freed 205227(14MB) AllocSpace objects, 124(4MB) LOS objects, 15% free, 44MB/52MB, paused 6.441ms total 998.388ms
12-04 06:33:29.205  3691  3722 I PackageManager: SELinux relabeling of com.android.provision issued.
12-04 06:33:29.219  3691  3721 I PackageManager: SELinux relabeling of org.cyanogenmod.profiles issued.
12-04 06:33:29.240  3691  3720 I PackageManager: SELinux relabeling of com.gd.mobicore.pa issued.
12-04 06:33:29.325  3691  3723 I PackageManager: SELinux relabeling of com.android.soundrecorder issued.
12-04 06:33:29.339  3691  3724 I PackageManager: SELinux relabeling of com.cyanogenmod.samsungservicemode issued.
12-04 06:33:29.355  3691  3721 I PackageManager: SELinux relabeling of com.android.terminal issued.
12-04 06:33:29.373  3691  3722 I PackageManager: SELinux relabeling of com.android.stk issued.
12-04 06:33:29.380  3691  3720 I PackageManager: SELinux relabeling of com.android.providers.userdictionary issued.
12-04 06:33:29.405  3691  3721 W PackageManager: Failed to parse /system/app/mcRegistry: Missing base APK in /system/app/mcRegistry
12-04 06:33:29.458  3691  3723 I PackageManager: SELinux relabeling of com.android.smspush issued.
12-04 06:33:29.494  3691  3722 I PackageManager: SELinux relabeling of com.android.frameworks.telresources issued.
12-04 06:33:29.509  3691  3724 I PackageManager: SELinux relabeling of org.cyanogenmod.wallpaperpicker issued.
12-04 06:33:29.583  3691  3720 I PackageManager: SELinux relabeling of com.android.webview issued.
12-04 06:33:29.644  3691  3725 I PackageManager: SELinux relabeling of com.android.inputmethod.latin issued.
12-04 06:33:29.918  3691  3701 I art     : Background partial concurrent mark sweep GC freed 307785(18MB) AllocSpace objects, 71(4MB) LOS objects, 33% free, 30MB/45MB, paused 1.222ms total 191.353ms
12-04 06:33:29.994  3691  3721 I PackageManager: SELinux relabeling of com.android.messaging issued.
12-04 06:33:30.018  3691  3691 D PackageManager: end scanDirLI:/system/app
12-04 06:33:30.018  3691  3691 D PackageManager: No files in app dir /system/vendor/app
12-04 06:33:30.018  3691  3691 D PackageManager: No files in app dir /oem/app
12-04 06:33:30.018  3691  3691 D PackageManager: No files in app dir /vendor/bundled-app
12-04 06:33:30.019  3691  3691 D PackageManager: No files in app dir /data/app
12-04 06:33:30.019  3691  3691 D PackageManager: No files in app dir /data/app-private
12-04 06:33:30.019  3691  3691 W PackageManager: Package com.android.dialer desires unavailable shared library com.qualcomm.qti.smartsearch; ignoring!
12-04 06:33:30.019  3691  3691 W PackageManager: Package com.android.gallery3d desires unavailable shared library com.google.android.media.effects; ignoring!
12-04 06:33:30.020  3691  3691 W PackageManager: Package com.android.gallery3d desires unavailable shared library com.google.android.media.effects; ignoring!
12-04 06:33:30.020  3691  3691 I PackageManager: Adjusting ABI for : com.android.server.telecom to arm64-v8a
12-04 06:33:30.020  3691  3691 I PackageManager: Adjusting ABI for : com.android.location.fused to arm64-v8a
12-04 06:33:30.020  3691  3691 I PackageManager: Adjusting ABI for : com.android.providers.settings to arm64-v8a
12-04 06:33:30.021  3691  3691 I PackageManager: Adjusting ABI for : com.cyanogenmod.setupwizard to arm64-v8a
12-04 06:33:30.021  3691  3691 I PackageManager: Adjusting ABI for : com.android.settings to arm64-v8a
12-04 06:33:30.021  3691  3691 I PackageManager: Adjusting ABI for : org.cyanogenmod.providers.datausage to arm64-v8a
12-04 06:33:30.021  3691  3691 I PackageManager: Adjusting ABI for : com.android.development to arm64-v8a
12-04 06:33:30.021  3691  3691 I PackageManager: Adjusting ABI for : org.cyanogenmod.cmsettings to arm64-v8a
12-04 06:33:30.021  3691  3691 I PackageManager: Adjusting ABI for : cyanogenmod.platform to arm64-v8a
12-04 06:33:30.022  3003  3003 E installd: invalid apk path '/system/framework/org.cyanogenmod.platform-res.apk' (bad prefix)
12-04 06:33:30.022  3691  3691 I PackageManager: Adjusting ABI for : com.android.inputdevices to arm64-v8a
12-04 06:33:30.022  3691  3691 I PackageManager: Adjusting ABI for : com.android.keychain to arm64-v8a
12-04 06:33:30.023  3691  3691 I PackageManager: Time to scan packages: 6.181 seconds
12-04 06:33:30.024  3691  3691 W PackageManager: Unknown permission com.google.android.googleapps.permission.GOOGLE_AUTH in package com.android.providers.calendar
12-04 06:33:30.024  3691  3691 W PackageManager: Unknown permission com.google.android.googleapps.permission.GOOGLE_AUTH.cl in package com.android.providers.calendar
12-04 06:33:30.024  3691  3691 W PackageManager: Not granting permission android.permission.REAL_GET_TASKS to package org.cyanogenmod.wallpapers.photophase (protectionLevel=18 flags=0x3818be45)
12-04 06:33:30.024  3691  3691 W PackageManager: Unknown permission android.permission.CANCEL_NOTIFICATIONS in package org.cyanogenmod.theme.chooser2
12-04 06:33:30.025  3691  3691 W PackageManager: Unknown permission com.cyanogen.ambient.permission.BIND_CALLER_INFO in package com.android.messaging
12-04 06:33:30.025  3691  3691 W PackageManager: Unknown permission com.cyanogen.ambient.permission.BIND_RIDEINPROGRESS_SERVICE in package com.android.messaging
12-04 06:33:30.025  3691  3691 W PackageManager: Unknown permission com.cyanogen.ambient.permission.BIND_RIDESHARING_SERVICE in package com.android.messaging
12-04 06:33:30.025  3691  3691 W PackageManager: Not granting permission android.permission.ACCESS_DOWNLOAD_MANAGER to package com.android.browser (protectionLevel=18 flags=0x3849be45)
12-04 06:33:30.025  3691  3691 W PackageManager: Not granting permission android.permission.SEND_DOWNLOAD_COMPLETED_INTENTS to package com.android.browser (protectionLevel=2 flags=0x3849be45)
12-04 06:33:30.025  3691  3691 W PackageManager: Unknown permission com.cyngn.stats.SEND_ANALYTICS in package com.cyanogenmod.setupwizard
12-04 06:33:30.025  3691  3691 W PackageManager: Unknown permission com.cyanogen.permission.REQUEST_KILL_SWITCH_OP in package com.cyanogenmod.setupwizard
12-04 06:33:30.025  3691  3691 W PackageManager: Unknown permission com.cyanogen.ambient.permission.BIND_INCALL_SERVICE in package com.android.contacts
12-04 06:33:30.025  3691  3691 W PackageManager: Unknown permission com.cyanogen.ambient.permission.PLUGIN_STATUS_CHANGED in package com.android.contacts
12-04 06:33:30.025  3691  3691 W PackageManager: Unknown permission com.cyanogen.ambient.permission.BIND_CALLER_INFO in package com.android.contacts
12-04 06:33:30.026  3691  3691 W PackageManager: Unknown permission com.google.android.googleapps.permission.GOOGLE_AUTH.mail in package com.android.calendar
12-04 06:33:30.026  3691  3691 W PackageManager: Unknown permission com.android.launcher.permission.READ_SETTINGS in package com.android.onetimeinitializer
12-04 06:33:30.026  3691  3691 W PackageManager: Unknown permission com.android.launcher.permission.WRITE_SETTINGS in package com.android.onetimeinitializer
12-04 06:33:30.026  3691  3691 W PackageManager: Unknown permission com.cyanogen.ambient.permission.BIND_INCALL_SERVICE in package com.android.dialer
12-04 06:33:30.026  3691  3691 W PackageManager: Unknown permission com.cyanogen.ambient.permission.PLUGIN_STATUS_CHANGED in package com.android.dialer
12-04 06:33:30.026  3691  3691 W PackageManager: Unknown permission com.cyanogen.ambient.permission.PUBLISH_DISCOVERY_NUDGE in package com.android.dialer
12-04 06:33:30.026  3691  3691 W PackageManager: Unknown permission com.cyanogen.ambient.permission.BIND_DEEPLINK_SERVICE in package com.android.dialer
12-04 06:33:30.026  3691  3691 W PackageManager: Unknown permission com.cyanogen.ambient.permission.READ_DEEPLINK_DATABASE in package com.android.dialer
12-04 06:33:30.026  3691  3691 W PackageManager: Unknown permission com.cyanogen.ambient.permission.BIND_CALLER_INFO in package com.android.dialer
12-04 06:33:30.026  3691  3691 W PackageManager: Unknown permission com.android.launcher.permission.READ_SETTINGS in package com.cyanogenmod.trebuchet
12-04 06:33:30.026  3691  3691 W PackageManager: Unknown permission com.android.launcher.permission.WRITE_SETTINGS in package com.cyanogenmod.trebuchet
12-04 06:33:30.026  3691  3691 W PackageManager: Unknown permission com.cyngn.stats.SEND_ANALYTICS in package com.cyanogenmod.trebuchet
12-04 06:33:30.026  3691  3691 W PackageManager: Unknown permission com.google.android.permission.INSTALL_WEARABLE_PACKAGES in package com.android.packageinstaller
12-04 06:33:30.026  3691  3691 W PackageManager: Not granting permission android.permission.DELETE_PACKAGES to package com.svox.pico (protectionLevel=18 flags=0x3808be45)
12-04 06:33:30.026  3691  3691 W PackageManager: Unknown permission android.permission.ACCESS_SUPERUSER in package com.cyanogenmod.filemanager
12-04 06:33:30.027  3691  3691 W PackageManager: Unknown permission com.cyanogenmod.filemanager.permissions.READ_THEME in package com.cyanogenmod.filemanager
12-04 06:33:30.027  3691  3691 W PackageManager: Unknown permission com.google.android.gallery3d.permission.PICASA_STORE in package com.android.dreams.phototable
12-04 06:33:30.027  3691  3691 W PackageManager: Unknown permission com.google.android.googleapps.permission.GOOGLE_AUTH in package com.android.settings
12-04 06:33:30.027  3691  3691 W PackageManager: Unknown permission com.android.launcher.permission.READ_SETTINGS in package com.android.settings
12-04 06:33:30.027  3691  3691 W PackageManager: Unknown permission com.android.launcher.permission.WRITE_SETTINGS in package com.android.settings
12-04 06:33:30.027  3691  3691 W PackageManager: Not granting permission android.permission.REAL_GET_TASKS to package com.cyanogenmod.eleven (protectionLevel=18 flags=0x3818be65)
12-04 06:33:30.029  3691  3691 W PackageManager: Unknown permission com.google.android.gallery3d.permission.GALLERY_PROVIDER in package com.android.bluetooth
12-04 06:33:30.029  3691  3691 W PackageManager: Unknown permission com.google.android.googleapps.permission.ACCESS_GOOGLE_PASSWORD in package com.android.development
12-04 06:33:30.029  3691  3691 W PackageManager: Unknown permission com.google.android.googleapps.permission.GOOGLE_AUTH in package com.android.development
12-04 06:33:30.029  3691  3691 W PackageManager: Unknown permission com.google.android.googleapps.permission.GOOGLE_AUTH.ALL_SERVICES in package com.android.development
12-04 06:33:30.029  3691  3691 W PackageManager: Unknown permission com.google.android.googleapps.permission.GOOGLE_AUTH.YouTubeUser in package com.android.development
12-04 06:33:30.040  3691  3691 V PackageManager: Disabling com.google.android.gsf/com.google.android.gsf.update.SystemUpdateActivity
12-04 06:33:30.040  3691  3691 W PackageManager: Unable to disable com.google.android.gsf/com.google.android.gsf.update.SystemUpdateActivity
12-04 06:33:30.040  3691  3691 V PackageManager: Disabling com.google.android.gsf/com.google.android.gsf.update.SystemUpdateService$Receiver
12-04 06:33:30.040  3691  3691 W PackageManager: Unable to disable com.google.android.gsf/com.google.android.gsf.update.SystemUpdateService$Receiver
12-04 06:33:30.040  3691  3691 V PackageManager: Disabling com.google.android.gsf/com.google.android.gsf.update.SystemUpdateService$SecretCodeReceiver
12-04 06:33:30.040  3691  3691 W PackageManager: Unable to disable com.google.android.gsf/com.google.android.gsf.update.SystemUpdateService$SecretCodeReceiver
12-04 06:33:30.040  3691  3691 V PackageManager: Disabling com.google.android.gms/com.google.android.gms.update.SystemUpdateActivity
12-04 06:33:30.040  3691  3691 W PackageManager: Unable to disable com.google.android.gms/com.google.android.gms.update.SystemUpdateActivity
12-04 06:33:30.040  3691  3691 V PackageManager: Disabling com.google.android.gms/com.google.android.gms.update.SystemUpdateService$Receiver
12-04 06:33:30.040  3691  3691 W PackageManager: Unable to disable com.google.android.gms/com.google.android.gms.update.SystemUpdateService$Receiver
12-04 06:33:30.040  3691  3691 V PackageManager: Disabling com.google.android.gms/com.google.android.gms.update.SystemUpdateService$ActiveReceiver
12-04 06:33:30.040  3691  3691 W PackageManager: Unable to disable com.google.android.gms/com.google.android.gms.update.SystemUpdateService$ActiveReceiver
12-04 06:33:30.040  3691  3691 V PackageManager: Disabling com.google.android.gms/com.google.android.gms.update.SystemUpdateService$SecretCodeReceiver
12-04 06:33:30.040  3691  3691 W PackageManager: Unable to disable com.google.android.gms/com.google.android.gms.update.SystemUpdateService$SecretCodeReceiver
12-04 06:33:30.040  3691  3691 V PackageManager: Enabling com.google.android.gsf/com.google.android.gsf.update.SystemUpdateService
12-04 06:33:30.040  3691  3691 W PackageManager: Unable to enable com.google.android.gsf/com.google.android.gsf.update.SystemUpdateService
12-04 06:33:30.040  3691  3691 V PackageManager: Enabling com.google.android.gms/com.google.android.gms.update.SystemUpdateService
12-04 06:33:30.040  3691  3691 W PackageManager: Unable to enable com.google.android.gms/com.google.android.gms.update.SystemUpdateService
12-04 06:33:30.148  3691  3691 I art     : Starting a blocking GC Explicit
12-04 06:33:30.208  3691  3691 I art     : Explicit concurrent mark sweep GC freed 62566(3MB) AllocSpace objects, 6(704KB) LOS objects, 33% free, 27MB/41MB, paused 556us total 59.024ms
12-04 06:33:30.209  3691  3691 I SystemServer: User Service
12-04 06:33:30.225  2929  2929 I lowmemorykiller: ActivityManager connected
12-04 06:33:30.228  3691  3691 I SystemServiceManager: Starting com.android.server.BatteryService
12-04 06:33:30.229  3691  3734 I         : System server: starting sensor init.
12-04 06:33:30.241  3691  3734 D SensorService: nuSensorService starting...
12-04 06:33:30.248  3691  3691 I SystemServiceManager: Starting com.android.server.usage.UsageStatsService
12-04 06:33:30.252  3691  3734 I Sensors : getName:gyro_sensor name = K6DS3TR.
12-04 06:33:30.252  3691  3734 I Sensors : Proximity old sensor_state 0, new sensor_state : 128 en : 1
12-04 06:33:30.283  3691  3734 I Sensors : Light old sensor_state 128, new sensor_state : 640 en : 1
12-04 06:33:30.289  3691  3734 I Sensors : Light_IR old sensor_state 640, new sensor_state : 16777856 en : 1
12-04 06:33:30.289  3691  3734 E Sensors : Light_IR_Sensor write failed. ret = -1, sensor_state = 16777856
12-04 06:33:30.290  3691  3734 I Sensors : SigMotionSensor old sensor_state 640, new sensor_state : 17024 en : 1
12-04 06:33:30.318  3691  3691 I UsageStatsService: User[0] Rollover scheduled @ 2016-12-05 00:00:00(1480896000000)
12-04 06:33:30.319  3691  3734 I Sensors : getName:gyro_sensor name = K6DS3TR.
12-04 06:33:30.320  3691  3734 I Sensors : StepCounterSensor old sensor_state 17024, new sensor_state : 279168 en : 1
12-04 06:33:30.320  3691  3734 E Sensors : StepCounterSensor write failed. ret = -1, sensor_state = 279168
12-04 06:33:30.320  3691  3734 I Sensors : Int.Gyro old sensor_state 17024, new sensor_state : 33571456 en : 1
12-04 06:33:30.321  3691  3734 E Sensors : Int.GyroSensor write failed. ret = -1, sensor_state = 33571456
12-04 06:33:30.321  3691  3734 I Sensors : getName:gyro_sensor name = K6DS3TR.
12-04 06:33:30.321  3691  3734 I Sensors : HrmSpO2Sensor:: part type = 12.
12-04 06:33:30.321  3691  3734 D Sensors : HrmSpO2Sensor::type:12, prox threshold:10000
12-04 06:33:30.321  3691  3734 D Sensors : HrmSpO2Sensor::handle:0 ,en:1
12-04 06:33:30.321  3691  3734 E Sensors : HrmSpO2Sensor::Error MAXIM Flicker Library...handle=0x0
12-04 06:33:30.321  3691  3734 D Sensors : HrmSpO2Sensor::HrmSpO2Sensor: Shared version Registered
12-04 06:33:30.321  3691  3734 D Sensors : HrmLedSensor enable: mEnabled 0, handle 20, en 1
12-04 06:33:30.321  3691  3734 D Sensors : HRMSensor led enabled:1, en:1
12-04 06:33:30.322  3691  3691 I SystemServiceManager: Starting com.android.server.webkit.WebViewUpdateService
12-04 06:33:30.324  3691  3691 I SystemServer: Reading configuration...
12-04 06:33:30.324  3691  3691 I SystemServer: Scheduling Policy
12-04 06:33:30.325  3691  3691 I SystemServiceManager: Starting com.android.server.telecom.TelecomLoaderService
12-04 06:33:30.326  3691  3691 I SystemServer: Telephony Registry
12-04 06:33:30.327  3691  3734 I Sensors : getVendor:hrm_sensor vendor = MAXIM.
12-04 06:33:30.327  3691  3734 I Sensors : HrmLedSensor: HrmLedSensor vendor = MAXIM.
12-04 06:33:30.327  3691  3734 D Sensors : HRMSensor_LED::libhr open start!! 
12-04 06:33:30.327  3691  3734 E Sensors : HRMSensor_LED::libhr open failed 
12-04 06:33:30.327  3691  3734 E Sensors : GripSensor: enable
12-04 06:33:30.339  3691  3691 I SystemServer: Entropy Mixer
12-04 06:33:30.354  3691  3734 I Sensors : Proximity old sensor_state 17024, new sensor_state : 16896 en : 0
12-04 06:33:30.354  3691  3734 I Sensors : Light old sensor_state 16896, new sensor_state : 16384 en : 0
12-04 06:33:30.354  3691  3734 I Sensors : SigMotionSensor old sensor_state 16384, new sensor_state : 0 en : 0
12-04 06:33:30.354  3691  3734 E Sensors : GripSensor: enable
12-04 06:33:30.354  3691  3734 D Sensors : HrmSpO2Sensor::handle:19 ,en:0
12-04 06:33:30.354  3691  3734 D Sensors : HrmSpO2Sensor::isEnabled:0 ,en:0, mEn:0
12-04 06:33:30.354  3691  3734 D Sensors : HrmSpO2Sensor::handle:28 ,en:0
12-04 06:33:30.354  3691  3734 D Sensors : HrmSpO2Sensor::isEnabled:0 ,en:0, mEn:0
12-04 06:33:30.354  3691  3734 D Sensors : HrmLedSensor enable: mEnabled 1, handle 20, en 0
12-04 06:33:30.354  3691  3734 D Sensors : HRMSensor_LED::enable 
12-04 06:33:30.354  3691  3734 D Sensors : HRMSensor led enabled:0, en:0
12-04 06:33:30.355  3691  3734 D Sensors : HrmLedSensor enable: mEnabled 0, handle 21, en 0
12-04 06:33:30.355  3691  3734 D Sensors : HrmLedSensor isEnabled:0 ,en:0
12-04 06:33:30.355  3691  3734 D Sensors : HrmSpO2Sensor::handle:18 ,en:0
12-04 06:33:30.355  3691  3734 D Sensors : HrmSpO2Sensor::isEnabled:0 ,en:0, mEn:0
12-04 06:33:30.356  3691  3734 I         : System server: sensor init done.
12-04 06:33:30.357  3691  3737 D SensorService: nuSensorService thread starting...
12-04 06:33:30.358  3691  3736 D SensorService: new thread SensorEventAckReceiver
12-04 06:33:30.363  3691  3691 I EntropyMixer: Added HW RNG output to entropy pool
12-04 06:33:30.363  3691  3691 I EntropyMixer: Writing entropy...
12-04 06:33:30.384  3691  3691 I SystemServer: Camera Service
12-04 06:33:30.384  3691  3691 I SystemServiceManager: Starting com.android.server.camera.CameraService
12-04 06:33:30.386  3691  3738 I ServiceThread: Enabled StrictMode logging for CameraService_proxy looper.
12-04 06:33:30.387  3691  3691 I SystemServer: Account Manager
12-04 06:33:30.390  3691  3691 I SystemServer: Content Manager
12-04 06:33:30.392  3691  3691 I SystemServer: System Content Providers
12-04 06:33:30.396  3691  3691 W System  : ClassLoader referenced unknown path: /system/priv-app/CMSettingsProvider/lib/arm64
12-04 06:33:30.416  3691  3691 W System  : ClassLoader referenced unknown path: /system/priv-app/SettingsProvider/lib/arm64
12-04 06:33:30.449  3691  3691 I SystemServer: Vibrator Service
12-04 06:33:30.452  3691  3691 I SystemServer: Consumer IR Service
12-04 06:33:30.452  3691  3691 E ConsumerIrService: Can't open consumer IR HW Module, error: -2
12-04 06:33:30.453  3691  3691 E System  : ******************************************
12-04 06:33:30.453  3691  3691 E System  : ************ Failure starting core service
12-04 06:33:30.453  3691  3691 E System  : java.lang.RuntimeException: FEATURE_CONSUMER_IR present, but no IR HAL loaded!
12-04 06:33:30.453  3691  3691 E System  : 	at com.android.server.ConsumerIrService.<init>(ConsumerIrService.java:51)
12-04 06:33:30.453  3691  3691 E System  : 	at com.android.server.SystemServer.startOtherServices(SystemServer.java:509)
12-04 06:33:30.453  3691  3691 E System  : 	at com.android.server.SystemServer.run(SystemServer.java:291)
12-04 06:33:30.453  3691  3691 E System  : 	at com.android.server.SystemServer.main(SystemServer.java:176)
12-04 06:33:30.453  3691  3691 E System  : 	at java.lang.reflect.Method.invoke(Native Method)
12-04 06:33:30.453  3691  3691 E System  : 	at com.android.internal.os.ZygoteInit$MethodAndArgsCaller.run(ZygoteInit.java:726)
12-04 06:33:30.453  3691  3691 E System  : 	at com.android.internal.os.ZygoteInit.main(ZygoteInit.java:616)
12-04 06:33:30.453  3691  3691 I SystemServer: Input Method Service
12-04 06:33:30.534  3691  3691 W InputMethodManagerService: No IME selected. Choose the most applicable IME.
12-04 06:33:30.534  3691  3691 I InputMethodManagerService: Default found, using com.android.inputmethod.latin/.LatinIME
12-04 06:33:30.549  3691  3691 I SystemServer: Accessibility Manager
12-04 06:33:30.552  3691  3691 W SystemServer: ***********************************************
12-04 06:33:30.552  3691  3691 E SystemServer: BOOT FAILURE making display ready
12-04 06:33:30.552  3691  3691 E SystemServer: java.lang.NullPointerException: Attempt to invoke virtual method 'void com.android.server.wm.WindowManagerService.displayReady()' on a null object reference
12-04 06:33:30.552  3691  3691 E SystemServer: 	at com.android.server.SystemServer.startOtherServices(SystemServer.java:591)
12-04 06:33:30.552  3691  3691 E SystemServer: 	at com.android.server.SystemServer.run(SystemServer.java:291)
12-04 06:33:30.552  3691  3691 E SystemServer: 	at com.android.server.SystemServer.main(SystemServer.java:176)
12-04 06:33:30.552  3691  3691 E SystemServer: 	at java.lang.reflect.Method.invoke(Native Method)
12-04 06:33:30.552  3691  3691 E SystemServer: 	at com.android.internal.os.ZygoteInit$MethodAndArgsCaller.run(ZygoteInit.java:726)
12-04 06:33:30.552  3691  3691 E SystemServer: 	at com.android.internal.os.ZygoteInit.main(ZygoteInit.java:616)
12-04 06:33:30.554  3691  3691 I SystemServiceManager: Starting com.android.server.MountService$Lifecycle
12-04 06:33:30.562  3691  3691 I SystemServiceManager: Starting com.android.server.UiModeManagerService
12-04 06:33:30.567  3691  3691 I ActivityManager: Config changes=200 {1.0 ?mcc?mnc en_US ldltr ?swdp ?wdp ?hdp ?density ?lsize ?long ?orien ?touch ?keyb/?/? ?nav/? s.2 themeResource=null}
12-04 06:33:30.569  3691  3691 E System  : ******************************************
12-04 06:33:30.570  3691  3691 E System  : ************ Failure starting system services
12-04 06:33:30.570  3691  3691 E System  : java.lang.NullPointerException: Attempt to invoke virtual method 'void com.android.server.wm.WindowManagerService.updateBootProgress(int, android.content.pm.ApplicationInfo, int, int, boolean)' on a null object reference
12-04 06:33:30.570  3691  3691 E System  : 	at com.android.server.am.ActivityManagerService.updateBootProgress(ActivityManagerService.java:6581)
12-04 06:33:30.570  3691  3691 E System  : 	at com.android.server.SystemServer.startOtherServices(SystemServer.java:624)
12-04 06:33:30.570  3691  3691 E System  : 	at com.android.server.SystemServer.run(SystemServer.java:291)
12-04 06:33:30.570  3691  3691 E System  : 	at com.android.server.SystemServer.main(SystemServer.java:176)
12-04 06:33:30.570  3691  3691 E System  : 	at java.lang.reflect.Method.invoke(Native Method)
12-04 06:33:30.570  3691  3691 E System  : 	at com.android.internal.os.ZygoteInit$MethodAndArgsCaller.run(ZygoteInit.java:726)
12-04 06:33:30.570  3691  3691 E System  : 	at com.android.internal.os.ZygoteInit.main(ZygoteInit.java:616)
12-04 06:33:30.570  3691  3691 D AndroidRuntime: Shutting down VM
12-04 06:33:30.570  3691  3691 E AndroidRuntime: *** FATAL EXCEPTION IN SYSTEM PROCESS: main
12-04 06:33:30.570  3691  3691 E AndroidRuntime: java.lang.NullPointerException: Attempt to invoke virtual method 'void com.android.server.wm.WindowManagerService.updateBootProgress(int, android.content.pm.ApplicationInfo, int, int, boolean)' on a null object reference
12-04 06:33:30.570  3691  3691 E AndroidRuntime: 	at com.android.server.am.ActivityManagerService.updateBootProgress(ActivityManagerService.java:6581)
12-04 06:33:30.570  3691  3691 E AndroidRuntime: 	at com.android.server.SystemServer.startOtherServices(SystemServer.java:624)
12-04 06:33:30.570  3691  3691 E AndroidRuntime: 	at com.android.server.SystemServer.run(SystemServer.java:291)
12-04 06:33:30.570  3691  3691 E AndroidRuntime: 	at com.android.server.SystemServer.main(SystemServer.java:176)
12-04 06:33:30.570  3691  3691 E AndroidRuntime: 	at java.lang.reflect.Method.invoke(Native Method)
12-04 06:33:30.570  3691  3691 E AndroidRuntime: 	at com.android.internal.os.ZygoteInit$MethodAndArgsCaller.run(ZygoteInit.java:726)
12-04 06:33:30.570  3691  3691 E AndroidRuntime: 	at com.android.internal.os.ZygoteInit.main(ZygoteInit.java:616)
12-04 06:33:30.571  3691  3691 I Process : Sending signal. PID: 3691 SIG: 9
12-04 06:33:30.651  3003  3003 E installd: eof
12-04 06:33:30.651  3003  3003 E installd: failed to read size
12-04 06:33:30.651  3003  3003 I installd: closing connection
12-04 06:33:30.651  2930  2930 I ServiceManager: service 'sensorservice' died
12-04 06:33:30.651  2930  2930 I ServiceManager: service 'package' died
12-04 06:33:30.651  2930  2930 I ServiceManager: service 'user' died
12-04 06:33:30.651  2930  2930 I ServiceManager: service 'activity' died
12-04 06:33:30.651  2930  2930 I ServiceManager: service 'procstats' died
12-04 06:33:30.651  2930  2930 I ServiceManager: service 'meminfo' died
12-04 06:33:30.651  2930  2930 I ServiceManager: service 'gfxinfo' died
12-04 06:33:30.651  2930  2930 I ServiceManager: service 'dbinfo' died
12-04 06:33:30.651  2930  2930 I ServiceManager: service 'cpuinfo' died
12-04 06:33:30.651  2930  2930 I ServiceManager: service 'permission' died
12-04 06:33:30.651  2930  2930 I ServiceManager: service 'processinfo' died
12-04 06:33:30.651  2930  2930 I ServiceManager: service 'batterymanager' died
12-04 06:33:30.651  2930  2930 I ServiceManager: service 'usagestats' died
12-04 06:33:30.651  2930  2930 I ServiceManager: service 'webviewupdate' died
12-04 06:33:30.651  2930  2930 I ServiceManager: service 'scheduling_policy' died
12-04 06:33:30.651  2930  2930 I ServiceManager: service 'telephony.registry' died
12-04 06:33:30.651  2930  2930 I ServiceManager: service 'media.camera.proxy' died
12-04 06:33:30.651  2930  2930 I ServiceManager: service 'account' died
12-04 06:33:30.651  2930  2930 I ServiceManager: service 'content' died
12-04 06:33:30.651  2930  2930 I ServiceManager: service 'vibrator' died
12-04 06:33:30.651  2930  2930 I ServiceManager: service 'input_method' died
12-04 06:33:30.651  2930  2930 I ServiceManager: service 'accessibility' died
12-04 06:33:30.651  2930  2930 I ServiceManager: service 'mount' died
12-04 06:33:30.651  2930  2930 I ServiceManager: service 'uimode' died
12-04 06:33:30.651  2930  2930 I ServiceManager: service 'batterystats' died
12-04 06:33:30.651  2930  2930 I ServiceManager: service 'appops' died
12-04 06:33:30.651  2930  2930 I ServiceManager: service 'power' died
12-04 06:33:30.651  2930  2930 I ServiceManager: service 'display' died
12-04 06:33:30.652  2929  2929 I lowmemorykiller: ActivityManager disconnected
12-04 06:33:30.652  2929  2929 I lowmemorykiller: Closing Activity Manager data connection
12-04 06:33:31.423  3416  3416 E Zygote  : Exit zygote because system server (3691) has terminated
12-04 06:33:31.453  2930  2930 I ServiceManager: service 'media.radio' died
12-04 06:33:31.453  2930  2930 I ServiceManager: service 'media.sound_trigger_hw' died
12-04 06:33:31.453  2930  2930 I ServiceManager: service 'media.audio_flinger' died
12-04 06:33:31.453  2930  2930 I ServiceManager: service 'media.player' died
12-04 06:33:31.453  2930  2930 I ServiceManager: service 'media.resource_manager' died
12-04 06:33:31.453  2930  2930 I ServiceManager: service 'media.camera' died
12-04 06:33:31.453  2930  2930 I ServiceManager: service 'media.audio_policy' died
12-04 06:33:31.566  3749  3749 V MediaUtils: physMem: 3748511744
12-04 06:33:31.566  3749  3749 V MediaUtils: requested limit: 2436532605
12-04 06:33:31.566  3749  3749 V MediaUtils: actual limit: 2436532605
12-04 06:33:31.566  3749  3749 V MediaUtils: original limits: 4294967295/4294967295
12-04 06:33:31.566  3749  3749 V MediaUtils: new limits: 2436532605/4294967295
12-04 06:33:31.567  3749  3749 I mediaserver: ServiceManager: 0xf654e120
12-04 06:33:31.567  3749  3749 I AudioFlinger: Using default 3000 mSec as standby time.
12-04 06:33:31.567  3749  3749 E BatteryNotifier: batterystats service unavailable!
12-04 06:33:31.567  3749  3749 E BatteryNotifier: batterystats service unavailable!
12-04 06:33:31.567  3749  3749 I CameraService: CameraService started (pid=3749)
12-04 06:33:31.567  3749  3749 I CameraService: CameraService process starting
12-04 06:33:31.567  3749  3749 E BatteryNotifier: batterystats service unavailable!
12-04 06:33:31.567  3749  3749 E BatteryNotifier: batterystats service unavailable!
12-04 06:33:31.567  3749  3749 E CameraService: Could not load camera HAL module: -2 (No such file or directory)
12-04 06:33:31.568  3749  3749 I AudioPolicyService: AudioPolicyService CSTOR in new mode
12-04 06:33:31.568  3749  3749 I APM::ConfigParsingUtils: loadAudioPolicyConfig() loaded /system/etc/audio_policy.conf
12-04 06:33:31.653  3753  3753 I Netd    : Netd 1.0 starting
12-04 06:33:31.653  3753  3753 I QtiConnectivityAdapter: Failed to open libconnctrl, some features may not be present.
12-04 06:33:31.653  3753  3753 D TetherController: Setting IP forward enable = 0
12-04 06:33:31.649  3325  3325 W auditd  : type=1325 audit(0.0:375): table=filter family=2 entries=52
12-04 06:33:31.649  3325  3325 W auditd  : type=1320 audit(0.0:375): 
12-04 06:33:31.659  3325  3325 W auditd  : type=1325 audit(0.0:376): table=filter family=10 entries=55
12-04 06:33:31.659  3325  3325 W auditd  : type=1320 audit(0.0:376): 
12-04 06:33:31.659  3325  3325 W auditd  : type=1325 audit(0.0:377): table=filter family=2 entries=51
12-04 06:33:31.659  3325  3325 W auditd  : type=1320 audit(0.0:377): 
12-04 06:33:31.659  3325  3325 W auditd  : type=1325 audit(0.0:378): table=filter family=10 entries=54
12-04 06:33:31.659  3325  3325 W auditd  : type=1320 audit(0.0:378): 
12-04 06:33:31.669  3325  3325 W auditd  : type=1325 audit(0.0:379): table=filter family=2 entries=50
12-04 06:33:31.669  3325  3325 W auditd  : type=1320 audit(0.0:379): 
12-04 06:33:31.669  3325  3325 W auditd  : type=1325 audit(0.0:380): table=filter family=10 entries=53
12-04 06:33:31.669  3325  3325 W auditd  : type=1320 audit(0.0:380): 
12-04 06:33:31.679  3325  3325 W auditd  : type=1325 audit(0.0:381): table=filter family=2 entries=48
12-04 06:33:31.679  3325  3325 W auditd  : type=1320 audit(0.0:381): 
12-04 06:33:31.679  3325  3325 W auditd  : type=1325 audit(0.0:382): table=filter family=10 entries=51
12-04 06:33:31.679  3325  3325 W auditd  : type=1320 audit(0.0:382): 
12-04 06:33:31.689  3325  3325 W auditd  : type=1325 audit(0.0:383): table=filter family=2 entries=50
12-04 06:33:31.689  3325  3325 W auditd  : type=1320 audit(0.0:383): 
12-04 06:33:31.689  3325  3325 W auditd  : type=1325 audit(0.0:384): table=filter family=10 entries=53
12-04 06:33:31.689  3325  3325 W auditd  : type=1320 audit(0.0:384): 
12-04 06:33:32.107  3749  3749 E audio_route: Failed to open /system/etc/mixer_paths.xml
12-04 06:33:32.112  3749  3749 V audio_hw_primary: adev_open: Forcing voice config: wide
12-04 06:33:32.112  3749  3749 I AudioFlinger: loadHwModule() Loaded primary audio interface from Samsung audio HW HAL (audio) handle 1
12-04 06:33:32.112  3749  3749 I AudioFlinger: openOutput(), module 1 Device 2, SamplingRate 44100, Format 0x000001, Channels 3, flags 2
12-04 06:33:32.112  3749  3749 I AudioFlinger: AudioStreamOut::open(), mHalFormatIsLinearPcm = 1
12-04 06:33:32.113  3749  3749 I AudioFlinger: HAL output buffer size 256 frames, normal sink buffer size 960 frames
12-04 06:33:32.115  3749  3749 I BufferProvider: found effect "Multichannel Downmix To Stereo" from The Android Open Source Project
12-04 06:33:32.115  3749  3749 E MonoPipe: Failed to fetch local time frequency when constructing a MonoPipe (res = -32).  getNextWriteTimestamp calls will be non-functional
12-04 06:33:32.115  3749  3749 I AudioFlinger: Using module 1 has the primary audio interface
12-04 06:33:32.115  3749  3865 I AudioFlinger: AudioFlinger's thread 0xf4a00000 ready to run
12-04 06:33:32.115  3749  3865 V audio_hw_primary: do_out_standby: output standby: 1
12-04 06:33:32.115  3749  3865 V audio_hw_primary: out_set_parameters: key value pairs: routing=2
12-04 06:33:32.115  3749  3865 E AudioFlinger: no wake lock to update!
12-04 06:33:32.116  3749  3749 V audio_hw_primary: adev_open_input_stream: Created resampler converting 48000 -> 16000
12-04 06:33:32.116  3749  3749 V audio_hw_primary: adev_open_input_stream: Requesting input stream with rate: 16000, channels: 0xc
12-04 06:33:32.116  3749  3866 I AudioFlinger: AudioFlinger's thread 0xf4640000 ready to run
12-04 06:33:32.116  3749  3749 I r_submix: adev_open(name=audio_hw_if)
12-04 06:33:32.117  3749  3749 I r_submix: adev_init_check()
12-04 06:33:32.117  3749  3749 I AudioFlinger: loadHwModule() Loaded r_submix audio interface from Wifi Display audio HAL (audio) handle 4
12-04 06:33:32.117  3749  3749 D r_submix: adev_open_input_stream(addr=0)
12-04 06:33:32.117  3749  3749 D r_submix: submix_audio_device_create_pipe_l(addr=0, idx=9)
12-04 06:33:32.117  3749  3749 D r_submix:   now using address 0 for route 9
12-04 06:33:32.117  3749  3867 I AudioFlinger: AudioFlinger's thread 0xf4640000 ready to run
12-04 06:33:32.117  3749  3749 D r_submix: adev_close_input_stream()
12-04 06:33:32.117  3749  3749 D r_submix: submix_audio_device_release_pipe_l(idx=9) addr=0
12-04 06:33:32.117  3749  3749 D r_submix: submix_audio_device_destroy_pipe_l(): pipe destroyed
12-04 06:33:32.117  3749  3749 E SoundTriggerHwService: couldn't load sound trigger module sound_trigger.primary (No such file or directory)
12-04 06:33:32.117  3749  3749 I RadioService: RadioService
12-04 06:33:32.117  3749  3749 I RadioService: onFirstRef
12-04 06:33:32.117  3749  3749 E RadioService: couldn't load radio module radio.primary (No such file or directory)
12-04 06:33:32.298  3748  3748 D AndroidRuntime: >>>>>> START com.android.internal.os.ZygoteInit uid 0 <<<<<<
