--------- beginning of main
12-14 16:24:31.461  3000  3000 W auditd  : type=1325 audit(0.0:2): table=filter family=2 entries=0
12-14 16:24:31.461  3000  3000 W auditd  : type=1325 audit(0.0:3): table=mangle family=2 entries=0
12-14 16:24:31.461  3000  3000 W auditd  : type=1325 audit(0.0:4): table=nat family=2 entries=0
12-14 16:24:31.461  3000  3000 W auditd  : type=1325 audit(0.0:5): table=raw family=2 entries=0
12-14 16:24:31.461  3000  3000 W auditd  : type=1325 audit(0.0:6): table=security family=2 entries=0
12-14 16:24:31.461  3000  3000 W auditd  : type=1325 audit(0.0:7): table=filter family=3 entries=0
12-14 16:24:31.461  3000  3000 W auditd  : type=1325 audit(0.0:8): table=filter family=10 entries=0
12-14 16:24:31.461  3000  3000 W auditd  : type=1325 audit(0.0:9): table=mangle family=10 entries=0
12-14 16:24:31.461  3000  3000 W auditd  : type=1325 audit(0.0:10): table=raw family=10 entries=0
12-14 16:24:31.461  3000  3000 W auditd  : type=1325 audit(0.0:11): table=nat family=10 entries=0
12-14 16:24:31.829  3000  3000 W auditd  : type=1305 audit(0.0:12): audit_pid=2923 old=0 auid=4294967295 ses=4294967295 res=1
12-14 16:24:31.829  3000  3000 W auditd  : type=1305 audit(0.0:13): audit_rate_limit=20 old=0 auid=4294967295 ses=4294967295 res=1
12-14 16:24:31.854  2930  2930 I /system/bin/tzdatacheck: tzdata file /data/misc/zoneinfo/current/tzdata does not exist. No action required.
--------- beginning of system
12-14 16:24:31.870  2924  2924 I vold    : Vold 3.0 (the awakening) firing up
12-14 16:24:31.871  2924  2924 V vold    : Detected support for: exfat ext4 ntfs vfat
12-14 16:24:31.877  2935  2935 I lowmemorykiller: Using in-kernel low memory killer interface
12-14 16:24:31.882  2939  2939 I McDaemon: Daemon starting up...
12-14 16:24:31.882  2939  2939 I McDaemon: Socket interface version is 0.2
12-14 16:24:31.882  2939  2939 I McDaemon: *** t-base-300-Ares-2-Android-V001 ###
12-14 16:24:31.882  2939  2939 I McDaemon: Build timestamp is Nov 28 2016 04:11:40
12-14 16:24:31.884  2939  2939 E McDaemon:   *****************************
12-14 16:24:31.884  2939  2939 E McDaemon:   *** ERROR: ioctl MC_IO_VERSION failed with "Not a typewriter"(errno 25)
12-14 16:24:31.884  2939  2939 E McDaemon:   *** Detected in checkVersion/545()
12-14 16:24:31.884  2939  2939 E McDaemon:   *****************************
12-14 16:24:31.884  2939  2939 E McDaemon:   *****************************
12-14 16:24:31.884  2939  2939 E McDaemon:   *** ERROR: ret = -1
12-14 16:24:31.884  2939  2939 E McDaemon:   *** Detected in checkVersion/546()
12-14 16:24:31.884  2939  2939 E McDaemon:   *****************************
12-14 16:24:31.884  2939  2939 E McDaemon:   *****************************
12-14 16:24:31.884  2939  2939 E McDaemon:   *** ERROR: kernel module version mismatch
12-14 16:24:31.884  2939  2939 E McDaemon:   *** Detected in initDevice/115()
12-14 16:24:31.884  2939  2939 E McDaemon:   *****************************
12-14 16:24:31.884  2939  2939 E McDaemon:   *****************************
12-14 16:24:31.884  2939  2939 E McDaemon:   *** ERROR: Could not initialize <t-base (because /dev/mobicore could not be openend)!
12-14 16:24:31.884  2939  2939 E McDaemon:   *** Detected in run/139()
12-14 16:24:31.884  2939  2939 E McDaemon:   *****************************
12-14 16:24:31.884  2939  2939 E McDaemon:   *****************************
12-14 16:24:31.884  2939  2939 E McDaemon:   *** ERROR: Exiting <t-base Daemon
12-14 16:24:31.884  2939  2939 E McDaemon:   *** Detected in main/1388()
12-14 16:24:31.884  2939  2939 E McDaemon:   *****************************
12-14 16:24:31.885  2940  2940 I sysinit : Running /system/etc/init.d/00banner 
12-14 16:24:31.895  2998  2998 I cm      : ____ _   _ ____ _  _ ____ ____ ____ _  _ _  _ ____ ___ 
12-14 16:24:31.899  3001  3001 I cm      : |     \_/  |__| |\ | |  | | __ |___ |\ | |\/| |  | |  \ 
12-14 16:24:31.904  3002  3002 I cm      : |___   |   |  | | \| |__| |__] |___ | \| |  | |__| |__/ 
12-14 16:24:31.907  2937  2937 I SurfaceFlinger: SurfaceFlinger is starting
12-14 16:24:31.907  2937  2937 E SchedPolicy: /system/bin/surfaceflinger add_tid_to_cgroup failed; fd=-1
12-14 16:24:31.907  2937  2937 I SurfaceFlinger: SurfaceFlinger's main thread ready to run. Initializing graphics H/W...
12-14 16:24:31.922  3008  3008 I cm      : Welcome to Android 6.0.1 / CyanogenMod-13.0-20161214-UNOFFICIAL-hero2ltexx 
12-14 16:24:31.927  3009  3009 I sysinit : Running /system/etc/init.d/90userinit 
12-14 16:24:31.943  2937  2937 D libEGL  : loaded /vendor/lib64/egl/libGLES_mali.so
12-14 16:24:31.958  2937  2937 I gralloc : using (id=)
12-14 16:24:31.958  2937  2937 I gralloc : xres         = 1440 px
12-14 16:24:31.958  2937  2937 I gralloc : yres         = 2560 px
12-14 16:24:31.958  2937  2937 I gralloc : width        = 68 mm (537.882324 dpi)
12-14 16:24:31.958  2937  2937 I gralloc : height       = 122 mm (532.983582 dpi)
12-14 16:24:31.958  2937  2937 I gralloc : refresh rate = 59.31 Hz
12-14 16:24:31.969  2937  2937 D hwcomposer: using
12-14 16:24:31.969  2937  2937 D hwcomposer: xres         = 1440 px
12-14 16:24:31.969  2937  2937 D hwcomposer: yres         = 2560 px
12-14 16:24:31.969  2937  2937 D hwcomposer: width        = 68 mm (537.882000 dpi)
12-14 16:24:31.969  2937  2937 D hwcomposer: height       = 122 mm (532.983000 dpi)
12-14 16:24:31.969  2937  2937 D hwcomposer: refresh rate = 59 Hz
12-14 16:24:31.969  2937  2937 I hwcomposer: PSR info devname = /sys/devices/13960000.decon_f/psr_info
12-14 16:24:31.969  2937  2937 I hwcomposer: PSR mode is 6(0: video mode, 1: DP PSR mode, 2: MIPI-DSI command mode)
12-14 16:24:31.969  2937  2937 I SurfaceFlinger: Using composer version 1.3
12-14 16:24:31.969  2937  2937 E display : unknown display attribute 6
12-14 16:24:31.969  2937  2937 I SurfaceFlinger: EGL information:
12-14 16:24:31.969  2937  2937 I SurfaceFlinger: vendor    : Android
12-14 16:24:31.969  2937  2937 I SurfaceFlinger: version   : 1.4 Android META-EGL
12-14 16:24:31.969  2937  2937 I SurfaceFlinger: extensions: EGL_KHR_get_all_proc_addresses EGL_ANDROID_presentation_time EGL_KHR_swap_buffers_with_damage EGL_KHR_image EGL_KHR_image_base EGL_KHR_gl_texture_2D_image EGL_KHR_gl_texture_cubemap_image EGL_KHR_gl_renderbuffer_image EGL_KHR_fence_sync EGL_KHR_create_context EGL_KHR_config_attribs EGL_KHR_surfaceless_context EGL_EXT_create_context_robustness EGL_ANDROID_image_native_buffer EGL_KHR_wait_sync EGL_ANDROID_recordable EGL_KHR_partial_update 
12-14 16:24:31.969  2937  2937 I SurfaceFlinger: Client API: OpenGL_ES
12-14 16:24:31.969  2937  2937 I SurfaceFlinger: EGLSurface: 8-8-8-8, config=0x7f80f10138
12-14 16:24:31.972  3032  3032 I installd: installd firing up
12-14 16:24:31.975  3028  3028 I DEBUG   : debuggerd: starting
12-14 16:24:31.977  3035  3035 D wifiloader: Trigger initcall of deferred modules
12-14 16:24:31.986  3033  3033 I keystore: Found keymaster0 module Keymaster OpenSSL HAL, version 2
12-14 16:24:31.986  3033  3033 I SoftKeymaster: system/keymaster/soft_keymaster_device.cpp, Line 122: Creating device
12-14 16:24:31.986  3033  3033 D SoftKeymaster: system/keymaster/soft_keymaster_device.cpp, Line 123: Device address: 0x7fa4ba3000
12-14 16:24:31.987  2937  2937 I SurfaceFlinger: OpenGL ES informations:
12-14 16:24:31.987  2937  2937 I SurfaceFlinger: vendor    : ARM
12-14 16:24:31.987  2937  2937 I SurfaceFlinger: renderer  : Mali-T880
12-14 16:24:31.987  2937  2937 I SurfaceFlinger: version   : OpenGL ES 3.2 v1.r12p1-00dev0.60546d7cd0bfd82d0ba92ca3bb825c75
12-14 16:24:31.987  2937  2937 I SurfaceFlinger: extensions: GL_EXT_debug_marker GL_ARM_rgba8 GL_ARM_mali_shader_binary GL_OES_depth24 GL_OES_depth_texture GL_OES_depth_texture_cube_map GL_OES_packed_depth_stencil GL_OES_rgb8_rgba8 GL_EXT_read_format_bgra GL_OES_compressed_paletted_texture GL_OES_compressed_ETC1_RGB8_texture GL_OES_standard_derivatives GL_OES_EGL_image GL_OES_EGL_image_external GL_OES_EGL_image_external_essl3 GL_OES_EGL_sync GL_OES_texture_npot GL_OES_vertex_half_float GL_OES_required_internalformat GL_OES_vertex_array_object GL_OES_mapbuffer GL_EXT_texture_format_BGRA8888 GL_EXT_texture_rg GL_EXT_texture_type_2_10_10_10_REV GL_OES_fbo_render_mipmap GL_OES_element_index_uint GL_EXT_shadow_samplers GL_OES_texture_compression_astc GL_KHR_texture_compression_astc_ldr GL_KHR_texture_compression_astc_hdr GL_KHR_texture_compression_astc_sliced_3d GL_KHR_debug GL_EXT_occlusion_query_boolean GL_EXT_disjoint_timer_query GL_EXT_blend_minmax GL_EXT_discard_framebuffer GL_OES_get_program_binary GL_OES_texture_3D GL_EXT_texture_storage GL_EXT_multisamp
12-14 16:24:31.987  2937  2937 I SurfaceFlinger: GL_MAX_TEXTURE_SIZE = 16384
12-14 16:24:31.987  2937  2937 I SurfaceFlinger: GL_MAX_VIEWPORT_DIMS = 16384
12-14 16:24:31.987  2937  2937 D mali_winsys: EGLint new_window_surface(egl_winsys_display*, void*, EGLSurface, EGLConfig, egl_winsys_surface**, egl_color_buffer_format*, EGLBoolean) returns 0x3000,  [1440x2560]-format:1
12-14 16:24:31.988  3033  3033 I keystore: Keymaster0 module is software-only.  Using SoftKeymasterDevice instead.
12-14 16:24:31.988  3033  3033 I SoftKeymaster: system/keymaster/soft_keymaster_device.cpp, Line 122: Creating device
12-14 16:24:31.988  3033  3033 D SoftKeymaster: system/keymaster/soft_keymaster_device.cpp, Line 123: Device address: 0x7fa4ba3300
12-14 16:24:31.988  3033  3033 I keystore: SELinux: Keystore SELinux is disabled.
12-14 16:24:32.005  2937  2937 D SurfaceFlinger: Set power mode=2, type=0 flinger=0x7f81443c00
12-14 16:24:32.007  3026  3026 I Netd    : Netd 1.0 starting
12-14 16:24:32.008  3026  3026 I QtiConnectivityAdapter: Failed to open libconnctrl, some features may not be present.
12-14 16:24:32.008  3026  3026 D TetherController: Setting IP forward enable = 0
12-14 16:24:32.009  3039  3039 I gatekeeperd: Starting gatekeeperd...
12-14 16:24:32.010  3041  3041 I fingerprintd: Starting fingerprintd
12-14 16:24:32.011  3040  3040 I perfprofd: starting Android Wide Profiling daemon
12-14 16:24:32.011  3040  3040 E perfprofd: unable to open configuration file /data/data/com.google.android.gms/files/perfprofd.conf
12-14 16:24:32.011  3039  3039 W gatekeeperd: falling back to software GateKeeper
12-14 16:24:32.011  3039  3039 I gatekeeperd: cold boot: clearing state
12-14 16:24:32.011  3040  3040 I perfprofd: random seed set to 2033678402
12-14 16:24:32.018  3027  3027 I DEBUG   : debuggerd: starting
12-14 16:24:32.099  3000  3000 W auditd  : type=1325 audit(0.0:14): table=filter family=2 entries=4
12-14 16:24:32.099  3000  3000 W auditd  : type=1320 audit(0.0:14): 
12-14 16:24:32.109  3000  3000 W auditd  : type=1325 audit(0.0:15): table=filter family=10 entries=4
12-14 16:24:32.109  3000  3000 W auditd  : type=1320 audit(0.0:15): 
12-14 16:24:32.109  3000  3000 W auditd  : type=1325 audit(0.0:16): table=filter family=2 entries=6
12-14 16:24:32.109  3000  3000 W auditd  : type=1320 audit(0.0:16): 
12-14 16:24:32.119  3000  3000 W auditd  : type=1325 audit(0.0:17): table=filter family=10 entries=6
12-14 16:24:32.119  3000  3000 W auditd  : type=1320 audit(0.0:17): 
12-14 16:24:32.179  3000  3000 W auditd  : type=1325 audit(0.0:18): table=filter family=2 entries=7
12-14 16:24:32.179  3000  3000 W auditd  : type=1320 audit(0.0:18): 
12-14 16:24:32.189  3000  3000 W auditd  : type=1325 audit(0.0:19): table=filter family=10 entries=7
12-14 16:24:32.189  3000  3000 W auditd  : type=1320 audit(0.0:19): 
12-14 16:24:32.199  3000  3000 W auditd  : type=1325 audit(0.0:20): table=filter family=2 entries=9
12-14 16:24:32.199  3000  3000 W auditd  : type=1320 audit(0.0:20): 
12-14 16:24:32.223  3031  3031 V MediaUtils: physMem: 3746938880
12-14 16:24:32.223  3031  3031 V MediaUtils: requested limit: 2435510220
12-14 16:24:32.223  3031  3031 V MediaUtils: actual limit: 2435510220
12-14 16:24:32.223  3031  3031 V MediaUtils: original limits: 4294967295/4294967295
12-14 16:24:32.223  3031  3031 V MediaUtils: new limits: 2435510220/4294967295
12-14 16:24:32.228  3031  3031 I mediaserver: ServiceManager: 0xf660e120
12-14 16:24:32.228  3031  3031 I AudioFlinger: Using default 3000 mSec as standby time.
12-14 16:24:32.228  3031  3031 E BatteryNotifier: batterystats service unavailable!
12-14 16:24:32.228  3031  3031 E BatteryNotifier: batterystats service unavailable!
12-14 16:24:32.228  3031  3031 I CameraService: CameraService started (pid=3031)
12-14 16:24:32.228  3031  3031 I CameraService: CameraService process starting
12-14 16:24:32.228  3031  3031 E BatteryNotifier: batterystats service unavailable!
12-14 16:24:32.228  3031  3031 E BatteryNotifier: batterystats service unavailable!
12-14 16:24:32.229  3000  3000 W auditd  : type=1325 audit(0.0:21): table=filter family=10 entries=9
12-14 16:24:32.229  3000  3000 W auditd  : type=1320 audit(0.0:21): 
12-14 16:24:32.278  2937  2937 D SurfaceFlinger: SF. shader cache generated - 26 shaders in 234.333069 ms
12-14 16:24:32.279  3000  3000 W auditd  : type=1325 audit(0.0:22): table=filter family=2 entries=10
12-14 16:24:32.279  3000  3000 W auditd  : type=1320 audit(0.0:22): 
12-14 16:24:32.299  3000  3000 W auditd  : type=1325 audit(0.0:23): table=filter family=10 entries=10
12-14 16:24:32.299  3000  3000 W auditd  : type=1320 audit(0.0:23): 
12-14 16:24:32.300  3082  3105 D libEGL  : loaded /vendor/lib64/egl/libGLES_mali.so
12-14 16:24:32.308  3082  3105 D mali_winsys: EGLint new_window_surface(egl_winsys_display*, void*, EGLSurface, EGLConfig, egl_winsys_surface**, egl_color_buffer_format*, EGLBoolean) returns 0x3000,  [1440x2560]-format:2
12-14 16:24:32.309  3000  3000 W auditd  : type=1325 audit(0.0:24): table=filter family=2 entries=12
12-14 16:24:32.309  3000  3000 W auditd  : type=1320 audit(0.0:24): 
12-14 16:24:32.309  3000  3000 W auditd  : type=1325 audit(0.0:25): table=filter family=10 entries=12
12-14 16:24:32.309  3000  3000 W auditd  : type=1320 audit(0.0:25): 
12-14 16:24:32.313  3082  3105 E BootAnimation: couldn't find audio_conf.txt
12-14 16:24:32.359  3000  3000 W auditd  : type=1325 audit(0.0:26): table=filter family=2 entries=13
12-14 16:24:32.359  3000  3000 W auditd  : type=1320 audit(0.0:26): 
12-14 16:24:32.359  3000  3000 W auditd  : type=1325 audit(0.0:27): table=filter family=10 entries=13
12-14 16:24:32.359  3000  3000 W auditd  : type=1320 audit(0.0:27): 
12-14 16:24:32.367  3082  3105 D BootAnimation: Use save memory method, maybe small fps in actual.
12-14 16:24:32.369  3000  3000 W auditd  : type=1325 audit(0.0:28): table=filter family=2 entries=15
12-14 16:24:32.369  3000  3000 W auditd  : type=1320 audit(0.0:28): 
12-14 16:24:32.369  3000  3000 W auditd  : type=1325 audit(0.0:29): table=filter family=10 entries=15
12-14 16:24:32.369  3000  3000 W auditd  : type=1320 audit(0.0:29): 
12-14 16:24:32.420  3037  3037 D AndroidRuntime: >>>>>> START com.android.internal.os.ZygoteInit uid 0 <<<<<<
12-14 16:24:32.433  3037  3037 D AndroidRuntime: CheckJNI is OFF
12-14 16:24:32.438  3037  3037 I art     : option[0]=-Xzygote
12-14 16:24:32.438  3037  3037 I art     : option[1]=-Xstacktracefile:/data/anr/traces.txt
12-14 16:24:32.438  3037  3037 I art     : option[2]=exit
12-14 16:24:32.438  3037  3037 I art     : option[3]=vfprintf
12-14 16:24:32.438  3037  3037 I art     : option[4]=sensitiveThread
12-14 16:24:32.438  3037  3037 I art     : option[5]=-verbose:gc
12-14 16:24:32.438  3037  3037 I art     : option[6]=-Xms8m
12-14 16:24:32.438  3037  3037 I art     : option[7]=-Xmx512m
12-14 16:24:32.438  3037  3037 I art     : option[8]=-XX:HeapGrowthLimit=256m
12-14 16:24:32.438  3037  3037 I art     : option[9]=-XX:HeapMinFree=2m
12-14 16:24:32.438  3037  3037 I art     : option[10]=-XX:HeapMaxFree=8m
12-14 16:24:32.438  3037  3037 I art     : option[11]=-XX:HeapTargetUtilization=0.75
12-14 16:24:32.438  3037  3037 I art     : option[12]=-agentlib:jdwp=transport=dt_android_adb,suspend=n,server=y
12-14 16:24:32.438  3037  3037 I art     : option[13]=-Xlockprofthreshold:500
12-14 16:24:32.438  3037  3037 I art     : option[14]=-Ximage-compiler-option
12-14 16:24:32.438  3037  3037 I art     : option[15]=--runtime-arg
12-14 16:24:32.438  3037  3037 I art     : option[16]=-Ximage-compiler-option
12-14 16:24:32.438  3037  3037 I art     : option[17]=-Xms64m
12-14 16:24:32.438  3037  3037 I art     : option[18]=-Ximage-compiler-option
12-14 16:24:32.438  3037  3037 I art     : option[19]=--runtime-arg
12-14 16:24:32.438  3037  3037 I art     : option[20]=-Ximage-compiler-option
12-14 16:24:32.438  3037  3037 I art     : option[21]=-Xmx64m
12-14 16:24:32.438  3037  3037 I art     : option[22]=-Ximage-compiler-option
12-14 16:24:32.438  3037  3037 I art     : option[23]=--compiler-filter=speed
12-14 16:24:32.438  3037  3037 I art     : option[24]=-Ximage-compiler-option
12-14 16:24:32.438  3037  3037 I art     : option[25]=--image-classes=/system/etc/preloaded-classes
12-14 16:24:32.438  3037  3037 I art     : option[26]=-Xcompiler-option
12-14 16:24:32.438  3037  3037 I art     : option[27]=--runtime-arg
12-14 16:24:32.438  3037  3037 I art     : option[28]=-Xcompiler-option
12-14 16:24:32.438  3037  3037 I art     : option[29]=-Xms64m
12-14 16:24:32.438  3037  3037 I art     : option[30]=-Xcompiler-option
12-14 16:24:32.438  3037  3037 I art     : option[31]=--runtime-arg
12-14 16:24:32.438  3037  3037 I art     : option[32]=-Xcompiler-option
12-14 16:24:32.438  3037  3037 I art     : option[33]=-Xmx512m
12-14 16:24:32.438  3037  3037 I art     : option[34]=-Xcompiler-option
12-14 16:24:32.438  3037  3037 I art     : option[35]=--compiler-filter=speed
12-14 16:24:32.438  3037  3037 I art     : option[36]=-Ximage-compiler-option
12-14 16:24:32.438  3037  3037 I art     : option[37]=--instruction-set-variant=generic
12-14 16:24:32.438  3037  3037 I art     : option[38]=-Xcompiler-option
12-14 16:24:32.438  3037  3037 I art     : option[39]=--instruction-set-variant=generic
12-14 16:24:32.438  3037  3037 I art     : option[40]=-Ximage-compiler-option
12-14 16:24:32.438  3037  3037 I art     : option[41]=--instruction-set-features=default
12-14 16:24:32.438  3037  3037 I art     : option[42]=-Xcompiler-option
12-14 16:24:32.438  3037  3037 I art     : option[43]=--instruction-set-features=default
12-14 16:24:32.438  3037  3037 I art     : option[44]=-Duser.locale=en-US
12-14 16:24:32.438  3037  3037 I art     : option[45]=--cpu-abilist=arm64-v8a,armeabi
12-14 16:24:32.438  3037  3037 I art     : option[46]=-Xfingerprint:samsung/cm_hero2ltexx/hero2ltexx:6.0.1/MOB31K/943f82aac0:userdebug/test-keys
12-14 16:24:32.450  3037  3037 I art     : Pruning dalvik-cache since we are relocating an image and will need to recompile
12-14 16:24:32.451  3037  3037 I art     : RelocateImage: /system/bin/patchoat --input-image-location=/system/framework/boot.art --output-image-file=/data/dalvik-cache/arm64/system@framework@boot.art --input-oat-location=/system/framework/boot.oat --output-oat-file=/data/dalvik-cache/arm64/system@framework@boot.oat --instruction-set=arm64 --base-offset-delta=-12652544
12-14 16:24:32.455  3035  3035 V wifiloader: /proc/deferred_initcalls=0
12-14 16:24:32.455  3035  3035 V wifiloader: 
12-14 16:24:32.459  3000  3000 W auditd  : type=1325 audit(0.0:30): table=filter family=2 entries=16
12-14 16:24:32.459  3000  3000 W auditd  : type=1320 audit(0.0:30): 
12-14 16:24:32.469  3000  3000 W auditd  : type=1325 audit(0.0:31): table=filter family=10 entries=16
12-14 16:24:32.469  3000  3000 W auditd  : type=1320 audit(0.0:31): 
12-14 16:24:32.479  3000  3000 W auditd  : type=1325 audit(0.0:32): table=filter family=2 entries=18
12-14 16:24:32.479  3000  3000 W auditd  : type=1320 audit(0.0:32): 
12-14 16:24:32.489  3000  3000 W auditd  : type=1325 audit(0.0:33): table=filter family=10 entries=18
12-14 16:24:32.505  3031  3031 I UniHAL  : loaded HAL id=camera path=/system/lib/hw/camera.exynos5.so hmi=0x0 handle=0xf66dc684
12-14 16:24:32.505  3031  3031 I UniHAL  : HAL module_api_version = 0x204
12-14 16:24:32.505  3031  3031 I ExynosCamera3Interface: INFO(HAL_init[580]):in =====
12-14 16:24:32.506  3038  3038 D AndroidRuntime: >>>>>> START com.android.internal.os.ZygoteInit uid 0 <<<<<<
12-14 16:24:32.506  3031  3031 I ExynosCamera3Interface: INFO(HAL_init[587]):out =====
12-14 16:24:32.506  3031  3031 D ExynosCamera3Interface: DEBUG:duration time(    1 msec):(HAL_init)
12-14 16:24:32.506  3031  3031 I CameraService: Loaded "Samsung CameraHardware Module" camera module
12-14 16:24:32.506  3031  3190 I ExynosCamera3Interface: INFO(init_func[555]):in =====
12-14 16:24:32.506  3031  3031 I ExynosCamera3Interface: INFO(HAL_getCameraInfo[381]):in =====
12-14 16:24:32.508  3031  3031 D ExynosCameraMetadataConverter: DEBUG(constructStaticInfo[384]):ID(0)
12-14 16:24:32.510  3038  3038 D AndroidRuntime: CheckJNI is OFF
12-14 16:24:32.510  3038  3038 I art     : option[0]=-Xzygote
12-14 16:24:32.510  3038  3038 I art     : option[1]=-Xstacktracefile:/data/anr/traces.txt
12-14 16:24:32.510  3038  3038 I art     : option[2]=exit
12-14 16:24:32.510  3038  3038 I art     : option[3]=vfprintf
12-14 16:24:32.510  3038  3038 I art     : option[4]=sensitiveThread
12-14 16:24:32.510  3038  3038 I art     : option[5]=-verbose:gc
12-14 16:24:32.510  3038  3038 I art     : option[6]=-Xms8m
12-14 16:24:32.510  3038  3038 I art     : option[7]=-Xmx512m
12-14 16:24:32.510  3038  3038 I art     : option[8]=-XX:HeapGrowthLimit=256m
12-14 16:24:32.510  3038  3038 I art     : option[9]=-XX:HeapMinFree=2m
12-14 16:24:32.510  3038  3038 I art     : option[10]=-XX:HeapMaxFree=8m
12-14 16:24:32.510  3038  3038 I art     : option[11]=-XX:HeapTargetUtilization=0.75
12-14 16:24:32.510  3038  3038 I art     : option[12]=-agentlib:jdwp=transport=dt_android_adb,suspend=n,server=y
12-14 16:24:32.510  3038  3038 I art     : option[13]=-Xlockprofthreshold:500
12-14 16:24:32.510  3038  3038 I art     : option[14]=-Ximage-compiler-option
12-14 16:24:32.510  3038  3038 I art     : option[15]=--runtime-arg
12-14 16:24:32.510  3038  3038 I art     : option[16]=-Ximage-compiler-option
12-14 16:24:32.510  3038  3038 I art     : option[17]=-Xms64m
12-14 16:24:32.510  3038  3038 I art     : option[18]=-Ximage-compiler-option
12-14 16:24:32.510  3038  3038 I art     : option[19]=--runtime-arg
12-14 16:24:32.510  3038  3038 I art     : option[20]=-Ximage-compiler-option
12-14 16:24:32.510  3038  3038 I art     : option[21]=-Xmx64m
12-14 16:24:32.510  3038  3038 I art     : option[22]=-Ximage-compiler-option
12-14 16:24:32.510  3038  3038 I art     : option[23]=--compiler-filter=speed
12-14 16:24:32.510  3038  3038 I art     : option[24]=-Ximage-compiler-option
12-14 16:24:32.510  3038  3038 I art     : option[25]=--image-classes=/system/etc/preloaded-classes
12-14 16:24:32.510  3038  3038 I art     : option[26]=-Xcompiler-option
12-14 16:24:32.510  3038  3038 I art     : option[27]=--runtime-arg
12-14 16:24:32.510  3038  3038 I art     : option[28]=-Xcompiler-option
12-14 16:24:32.510  3038  3038 I art     : option[29]=-Xms64m
12-14 16:24:32.510  3038  3038 I art     : option[30]=-Xcompiler-option
12-14 16:24:32.510  3038  3038 I art     : option[31]=--runtime-arg
12-14 16:24:32.511  3038  3038 I art     : option[32]=-Xcompiler-option
12-14 16:24:32.511  3038  3038 I art     : option[33]=-Xmx512m
12-14 16:24:32.511  3038  3038 I art     : option[34]=-Xcompiler-option
12-14 16:24:32.511  3038  3038 I art     : option[35]=--compiler-filter=speed
12-14 16:24:32.511  3038  3038 I art     : option[36]=-Ximage-compiler-option
12-14 16:24:32.511  3038  3038 I art     : option[37]=--instruction-set-variant=cortex-a53
12-14 16:24:32.511  3038  3038 I art     : option[38]=-Xcompiler-option
12-14 16:24:32.511  3038  3038 I art     : option[39]=--instruction-set-variant=cortex-a53
12-14 16:24:32.511  3038  3038 I art     : option[40]=-Ximage-compiler-option
12-14 16:24:32.511  3038  3038 I art     : option[41]=--instruction-set-features=default
12-14 16:24:32.511  3038  3038 I art     : option[42]=-Xcompiler-option
12-14 16:24:32.511  3038  3038 I art     : option[43]=--instruction-set-features=default
12-14 16:24:32.511  3038  3038 I art     : option[44]=-Duser.locale=en-US
12-14 16:24:32.511  3038  3038 I art     : option[45]=--cpu-abilist=armeabi-v7a,armeabi
12-14 16:24:32.511  3038  3038 I art     : option[46]=-Xfingerprint:samsung/cm_hero2ltexx/hero2ltexx:6.0.1/MOB31K/943f82aac0:userdebug/test-keys
12-14 16:24:32.524  3038  3038 I art     : Pruning dalvik-cache since we are relocating an image and will need to recompile
12-14 16:24:32.525  3038  3038 I art     : RelocateImage: /system/bin/patchoat --input-image-location=/system/framework/boot.art --output-image-file=/data/dalvik-cache/arm/system@framework@boot.art --input-oat-location=/system/framework/boot.oat --output-oat-file=/data/dalvik-cache/arm/system@framework@boot.oat --instruction-set=arm --base-offset-delta=-2932736
12-14 16:24:33.014  3031  3031 D ExynosCameraUtils: DEBUG(getSensorIdFromFile[1770]):Sensor name is 29
12-14 16:24:33.014  3031  3031 D ExynosCameraUtils: (3)
12-14 16:24:33.014  3031  3031 I ExynosCamera3SensorInfo: INFO(createExynosCamera3SensorInfo[52]):sensor ID 29
12-14 16:24:33.015  3031  3031 I UniHAL  : [Uni_GetCameraInfo][215] device_version(771)
12-14 16:24:33.015  3031  3031 I ExynosCamera3Interface: INFO(HAL_getCameraInfo[381]):in =====
12-14 16:24:33.015  3031  3031 D ExynosCameraMetadataConverter: DEBUG(constructStaticInfo[384]):ID(1)
12-14 16:24:33.015  3031  3031 D ExynosCameraUtils: DEBUG(getSensorIdFromFile[1770]):Sensor name is 21
12-14 16:24:33.015  3031  3031 D ExynosCameraUtils: (3)
12-14 16:24:33.015  3031  3031 I ExynosCamera3SensorInfo: INFO(createExynosCamera3SensorInfo[52]):sensor ID 21
12-14 16:24:33.015  3031  3031 D ExynosCameraMetadataConverter: DEBUG(m_createControlAvailableHighSpeedVideoConfigurations[3758]) Front camera does not support High Speed Video
12-14 16:24:33.015  3031  3031 D ExynosCameraMetadataConverter: DEBUG(constructStaticInfo[523]):ANDROID_CONTROL_AVAILABLE_HIGH_SPEED_VIDEO_CONFIGURATIONS is NULL
12-14 16:24:33.015  3031  3031 D ExynosCameraMetadataConverter: DEBUG(constructStaticInfo[1024]):vendorMeteringModes at sensorStaticInfo is NULL
12-14 16:24:33.015  3031  3031 D ExynosCameraMetadataConverter: DEBUG(constructStaticInfo[1038]):vendorOISModes at sensorStaticInfo is NULL
12-14 16:24:33.015  3031  3031 I UniHAL  : [Uni_GetCameraInfo][215] device_version(771)
12-14 16:24:33.015  3031  3031 D ExynosCamera3Interface: DEBUG:duration time(    0 msec):(HAL_set_callbacks)
12-14 16:24:33.015  3031  3031 I ServiceManager: Waiting for service media.camera.proxy...
12-14 16:24:33.150  3026  3026 V NatController: runCmd(/system/bin/iptables -w -F natctrl_FORWARD) res=0
12-14 16:24:33.155  3026  3026 V NatController: runCmd(/system/bin/iptables -w -A natctrl_FORWARD -j DROP) res=0
12-14 16:24:33.159  3026  3026 V NatController: runCmd(/system/bin/iptables -w -t nat -F natctrl_nat_POSTROUTING) res=0
12-14 16:24:33.164  3026  3026 V NatController: runCmd(/system/bin/iptables -w -F natctrl_tether_counters) res=1
12-14 16:24:33.168  3026  3026 V NatController: runCmd(/system/bin/iptables -w -X natctrl_tether_counters) res=1
12-14 16:24:33.172  3026  3026 V NatController: runCmd(/system/bin/iptables -w -N natctrl_tether_counters) res=0
12-14 16:24:33.177  3026  3026 V NatController: runCmd(/system/bin/iptables -w -t mangle -A natctrl_mangle_FORWARD -p tcp --tcp-flags SYN SYN -j TCPMSS --clamp-mss-to-pmtu) res=0
12-14 16:24:33.309  3000  3000 W auditd  : type=1325 audit(0.0:111): table=filter family=2 entries=49
12-14 16:24:33.309  3000  3000 W auditd  : type=1320 audit(0.0:111): 
12-14 16:24:33.309  3000  3000 W auditd  : type=1325 audit(0.0:112): table=filter family=10 entries=52
12-14 16:24:33.309  3000  3000 W auditd  : type=1320 audit(0.0:112): 
12-14 16:24:33.319  3000  3000 W auditd  : type=1325 audit(0.0:113): table=filter family=2 entries=49
12-14 16:24:33.319  3000  3000 W auditd  : type=1320 audit(0.0:113): 
12-14 16:24:33.319  3000  3000 W auditd  : type=1325 audit(0.0:114): table=filter family=10 entries=52
12-14 16:24:33.319  3000  3000 W auditd  : type=1320 audit(0.0:114): 
12-14 16:24:33.329  3000  3000 W auditd  : type=1325 audit(0.0:115): table=filter family=2 entries=49
12-14 16:24:33.329  3000  3000 W auditd  : type=1320 audit(0.0:115): 
12-14 16:24:33.329  3000  3000 W auditd  : type=1325 audit(0.0:116): table=filter family=10 entries=52
12-14 16:24:33.329  3000  3000 W auditd  : type=1320 audit(0.0:116): 
12-14 16:24:33.329  3000  3000 W auditd  : type=1325 audit(0.0:117): table=filter family=2 entries=49
12-14 16:24:33.329  3000  3000 W auditd  : type=1320 audit(0.0:117): 
12-14 16:24:33.339  3000  3000 W auditd  : type=1325 audit(0.0:118): table=filter family=10 entries=52
12-14 16:24:33.339  3000  3000 W auditd  : type=1320 audit(0.0:118): 
12-14 16:24:33.339  3000  3000 W auditd  : type=1325 audit(0.0:119): table=filter family=2 entries=49
12-14 16:24:33.339  3000  3000 W auditd  : type=1320 audit(0.0:119): 
12-14 16:24:33.349  3000  3000 W auditd  : type=1325 audit(0.0:120): table=filter family=10 entries=52
12-14 16:24:33.349  3000  3000 W auditd  : type=1320 audit(0.0:120): 
12-14 16:24:33.497  3031  3190 I ExynosCamera3Interface: INFO(init_func[569]):out =====
12-14 16:24:33.497  3031  3190 D ExynosCamera3Interface: DEBUG:duration time(  991 msec):(init_func)
12-14 16:24:33.802  3038  3038 D ICU     : No timezone override file found: /data/misc/zoneinfo/current/icu/icu_tzdata.dat
12-14 16:24:33.873  3038  3038 I Radio-JNI: register_android_hardware_Radio DONE
12-14 16:24:33.875  3038  3038 I SamplingProfilerIntegration: Profiling disabled.
12-14 16:24:33.875  3038  3038 D Zygote  : begin preload
12-14 16:24:33.876  3038  3038 I Zygote  : Preloading classes...
12-14 16:24:33.898  3026  3026 E Netd    : cannot find interface dummy0
12-14 16:24:33.898  3026  3026 D MDnsDS  : MDnsSdListener::Hander starting up
12-14 16:24:33.898  3026  3395 D MDnsDS  : MDnsSdListener starting to monitor
12-14 16:24:33.898  3026  3395 D MDnsDS  : Going to poll with pollCount 1
12-14 16:24:34.005  3037  3037 D ICU     : No timezone override file found: /data/misc/zoneinfo/current/icu/icu_tzdata.dat
12-14 16:24:34.015  3031  3031 I ServiceManager: Waiting for service media.camera.proxy...
12-14 16:24:34.037  3037  3037 I Radio-JNI: register_android_hardware_Radio DONE
12-14 16:24:34.040  3037  3037 I SamplingProfilerIntegration: Profiling disabled.
12-14 16:24:34.040  3037  3037 D Zygote  : begin preload
12-14 16:24:34.040  3037  3037 I Zygote  : Preloading classes...
12-14 16:24:34.071  3038  3038 E Minikin : addFont failed to create font /system/fonts/NanumGothic.ttf
12-14 16:24:34.071  3037  3037 E Minikin : addFont failed to create font /system/fonts/NanumGothic.ttf
12-14 16:24:34.071  3038  3038 E Minikin : addFont failed to create font /system/fonts/DroidSansFallback.ttf
12-14 16:24:34.071  3038  3038 E Minikin : addFont failed to create font /system/fonts/MTLmr3m.ttf
12-14 16:24:34.071  3037  3037 E Minikin : addFont failed to create font /system/fonts/DroidSansFallback.ttf
12-14 16:24:34.071  3037  3037 E Minikin : addFont failed to create font /system/fonts/MTLmr3m.ttf
12-14 16:24:34.111  3037  3037 V DngCreator_JNI: DngCreator_nativeClassInit:
12-14 16:24:34.111  3038  3038 V DngCreator_JNI: DngCreator_nativeClassInit:
12-14 16:24:34.165  3037  3037 I art     : Thread[1,tid=3037,Native,Thread*=0x7f7bdbba00,peer=0x12c2d100,"main"] recursive attempt to load library "/system/lib64/libmedia_jni.so"
12-14 16:24:34.166  3037  3037 D MtpDeviceJNI: register_android_mtp_MtpDevice
12-14 16:24:34.166  3037  3037 I art     : Thread[1,tid=3037,Native,Thread*=0x7f7bdbba00,peer=0x12c2d100,"main"] recursive attempt to load library "/system/lib64/libmedia_jni.so"
12-14 16:24:34.166  3037  3037 I art     : Thread[1,tid=3037,Native,Thread*=0x7f7bdbba00,peer=0x12c2d100,"main"] recursive attempt to load library "/system/lib64/libmedia_jni.so"
12-14 16:24:34.166  3038  3038 I art     : Thread[1,tid=3038,Native,Thread*=0xf52f6500,peer=0x12c35100,"main"] recursive attempt to load library "/system/lib/libmedia_jni.so"
12-14 16:24:34.166  3038  3038 D MtpDeviceJNI: register_android_mtp_MtpDevice
12-14 16:24:34.166  3038  3038 I art     : Thread[1,tid=3038,Native,Thread*=0xf52f6500,peer=0x12c35100,"main"] recursive attempt to load library "/system/lib/libmedia_jni.so"
12-14 16:24:34.167  3038  3038 I art     : Thread[1,tid=3038,Native,Thread*=0xf52f6500,peer=0x12c35100,"main"] recursive attempt to load library "/system/lib/libmedia_jni.so"
12-14 16:24:34.217  3038  3038 W System  : ClassLoader referenced unknown path: /system/framework/tcmclient.jar
12-14 16:24:34.218  3037  3037 W System  : ClassLoader referenced unknown path: /system/framework/tcmclient.jar
12-14 16:24:34.267  3038  3038 I System  : Loaded time zone names for "" in 19ms (18ms in ICU)
12-14 16:24:34.268  3037  3037 I System  : Loaded time zone names for "" in 21ms (21ms in ICU)
12-14 16:24:34.279  3038  3038 I System  : Loaded time zone names for "en_US" in 12ms (10ms in ICU)
12-14 16:24:34.279  3037  3037 I System  : Loaded time zone names for "en_US" in 11ms (9ms in ICU)
12-14 16:24:34.285  3038  3038 I Zygote  : ...preloaded 3831 classes in 409ms.
12-14 16:24:34.285  3038  3038 I art     : VMRuntime.preloadDexCaches starting
12-14 16:24:34.285  3037  3037 I Zygote  : ...preloaded 3831 classes in 245ms.
12-14 16:24:34.285  3037  3037 I art     : VMRuntime.preloadDexCaches starting
12-14 16:24:34.323  3037  3037 I art     : VMRuntime.preloadDexCaches strings total=249480 before=44901 after=44901
12-14 16:24:34.323  3037  3037 I art     : VMRuntime.preloadDexCaches types total=20343 before=6892 after=6923
12-14 16:24:34.323  3037  3037 I art     : VMRuntime.preloadDexCaches fields total=100632 before=36118 after=36550
12-14 16:24:34.323  3037  3037 I art     : VMRuntime.preloadDexCaches methods total=172964 before=71279 after=71806
12-14 16:24:34.323  3037  3037 I art     : VMRuntime.preloadDexCaches finished
12-14 16:24:34.327  3038  3038 I art     : VMRuntime.preloadDexCaches strings total=249480 before=44901 after=44901
12-14 16:24:34.327  3038  3038 I art     : VMRuntime.preloadDexCaches types total=20343 before=6892 after=6923
12-14 16:24:34.327  3038  3038 I art     : VMRuntime.preloadDexCaches fields total=100632 before=36118 after=36550
12-14 16:24:34.327  3038  3038 I art     : VMRuntime.preloadDexCaches methods total=172964 before=71279 after=71806
12-14 16:24:34.327  3038  3038 I art     : VMRuntime.preloadDexCaches finished
12-14 16:24:34.339  3408  3408 D idmap   : error: no read access to /vendor/overlay: No such file or directory
12-14 16:24:34.339  3407  3407 D idmap   : error: no read access to /vendor/overlay: No such file or directory
12-14 16:24:34.361  3037  3037 I Zygote  : Preloading resources...
12-14 16:24:34.361  3038  3038 I Zygote  : Preloading resources...
12-14 16:24:34.416  3082  3105 D BootAnimation: Use save memory method, maybe small fps in actual.
12-14 16:24:34.628  3037  3037 I Zygote  : ...preloaded 342 resources in 266ms.
12-14 16:24:34.631  3037  3037 I Zygote  : ...preloaded 41 resources in 3ms.
12-14 16:24:34.636  3038  3038 I Zygote  : ...preloaded 342 resources in 275ms.
12-14 16:24:34.638  3037  3037 D libEGL  : loaded /vendor/lib64/egl/libGLES_mali.so
12-14 16:24:34.639  3038  3038 I Zygote  : ...preloaded 41 resources in 3ms.
12-14 16:24:34.644  3037  3037 I Zygote  : Preloading shared libraries...
12-14 16:24:34.650  3037  3037 D Zygote  : end preload
12-14 16:24:34.650  3037  3037 I art     : Starting a blocking GC Explicit
12-14 16:24:34.657  3037  3037 I art     : Explicit concurrent mark sweep GC freed 11148(449KB) AllocSpace objects, 0(0B) LOS objects, 38% free, 25MB/41MB, paused 64us total 6.830ms
12-14 16:24:34.665  3037  3037 I art     : Starting a blocking GC Explicit
12-14 16:24:34.670  3037  3037 I art     : Explicit concurrent mark sweep GC freed 2336(110KB) AllocSpace objects, 0(0B) LOS objects, 38% free, 25MB/41MB, paused 58us total 5.508ms
12-14 16:24:34.671  3037  3404 I art     : Starting a blocking GC HeapTrim
12-14 16:24:34.672  3037  3037 I art     : Starting a blocking GC Background
12-14 16:24:34.676  3038  3038 D libEGL  : loaded /vendor/lib/egl/libGLES_mali.so
12-14 16:24:34.686  3038  3038 I Zygote  : Preloading shared libraries...
12-14 16:24:34.691  3038  3038 D Zygote  : end preload
12-14 16:24:34.691  3038  3038 I art     : Starting a blocking GC Explicit
12-14 16:24:34.697  3038  3038 I art     : Explicit concurrent mark sweep GC freed 11197(450KB) AllocSpace objects, 0(0B) LOS objects, 38% free, 25MB/41MB, paused 90us total 6.031ms
12-14 16:24:34.697  3037  3037 I Zygote  : System server process 3412 has been created
12-14 16:24:34.698  3037  3037 I Zygote  : Accepting command socket connections
12-14 16:24:34.706  3038  3038 I art     : Starting a blocking GC Explicit
12-14 16:24:34.710  3038  3038 I art     : Explicit concurrent mark sweep GC freed 2366(112KB) AllocSpace objects, 0(0B) LOS objects, 38% free, 25MB/41MB, paused 87us total 4.702ms
12-14 16:24:34.710  3038  3038 I Zygote  : Accepting command socket connections
12-14 16:24:34.713  3412  3412 I Zygote  : Process: zygote socket opened, supported ABIS: armeabi-v7a,armeabi
12-14 16:24:34.714  3412  3412 I InstallerConnection: connecting...
12-14 16:24:34.714  3032  3032 I installd: new connection
12-14 16:24:34.725  3412  3412 I InstallerConnection: disconnecting...
12-14 16:24:34.725  3032  3032 E installd: eof
12-14 16:24:34.725  3032  3032 E installd: failed to read size
12-14 16:24:34.725  3032  3032 I installd: closing connection
12-14 16:24:34.742  3412  3412 I SystemServer: Entered the Android system server!
12-14 16:24:34.769  3412  3412 I SystemServiceManager: Starting com.android.server.pm.Installer
12-14 16:24:34.772  3412  3412 I Installer: Waiting for installd to be ready.
12-14 16:24:34.772  3412  3412 I InstallerConnection: connecting...
12-14 16:24:34.772  3032  3032 I installd: new connection
12-14 16:24:34.772  3412  3412 I SystemServiceManager: Starting com.android.server.am.ActivityManagerService$Lifecycle
12-14 16:24:34.781  3412  3412 I ActivityManager: choosing minFree values for 64 Bit
12-14 16:24:34.781  3412  3412 I ActivityManager: choosing minFree values for 64 Bit
12-14 16:24:34.781  3412  3412 I ActivityManager: choosing minFree values for 64 Bit
12-14 16:24:34.781  3412  3412 I ActivityManager: choosing minFree values for 64 Bit
12-14 16:24:34.781  3412  3412 I ActivityManager: choosing minFree values for 64 Bit
12-14 16:24:34.781  3412  3412 I ActivityManager: choosing minFree values for 64 Bit
12-14 16:24:34.787  3412  3412 I ActivityManager: Memory class: 256
12-14 16:24:34.789  3412  3426 I ServiceThread: Enabled StrictMode logging for ActivityManager looper.
12-14 16:24:34.790  3412  3427 I ServiceThread: Enabled StrictMode logging for android.ui looper.
12-14 16:24:34.796  3412  3412 D BatteryStatsImpl: Reading daily items from /data/system/batterystats-daily.xml
12-14 16:24:34.802  3412  3412 I AppOps  : No existing app ops /data/system/appops.xml; starting empty
12-14 16:24:34.830  3412  3412 I IntentFirewall: Read new rules (A:0 B:0 S:0)
12-14 16:24:34.834  3412  3431 I ServiceThread: Enabled StrictMode logging for android.display looper.
12-14 16:24:34.837  3412  3412 D AppOps  : AppOpsService published
12-14 16:24:34.837  3412  3412 I SystemServiceManager: Starting com.android.server.power.PowerManagerService
12-14 16:24:34.838  3412  3433 I ServiceThread: Enabled StrictMode logging for PowerManagerService looper.
12-14 16:24:34.843  3412  3412 W libsuspend: Error writing 'on' to /sys/power/state: Invalid argument
12-14 16:24:34.843  3412  3412 I libsuspend: Selected wakeup count
12-14 16:24:34.845  3412  3412 I SystemServiceManager: Starting com.android.server.lights.LightsService
12-14 16:24:34.846  3412  3412 I SystemServiceManager: Starting com.android.server.display.DisplayManagerService
12-14 16:24:34.849  3412  3412 I SystemServiceManager: Starting phase 100
12-14 16:24:34.851  2937  3004 E SurfaceFlinger: getDefaultDisplay: id=2 is not a valid default display id
12-14 16:24:34.852  3412  3431 I DisplayManagerService: Display device added: DisplayDeviceInfo{"Built-in Screen": uniqueId="local:0", 1440 x 2560, modeId 1, defaultModeId 1, supportedModes [{id=1, width=1440, height=2560, fps=59.0}], colorTransformId 1, defaultColorTransformId 1, supportedColorTransforms [{id=1, colorTransform=-22}], density 640, 537.882 x 532.983 dpi, appVsyncOff 0, presDeadline 17949152, touch INTERNAL, rotation 0, type BUILT_IN, state UNKNOWN, FLAG_DEFAULT_DISPLAY, FLAG_ROTATES_WITH_CONTENT, FLAG_SECURE, FLAG_SUPPORTS_PROTECTED_BUFFERS}
12-14 16:24:34.852  2937  2937 D SurfaceFlinger: Set power mode=2, type=0 flinger=0x7f81443c00
12-14 16:24:34.852  2937  2937 D SurfaceFlinger: Screen type=0 is already mode=2
12-14 16:24:34.866  3412  3431 I DisplayManagerService: Display device changed state: "Built-in Screen", ON
12-14 16:24:34.866  3412  3412 I SystemServer: Package Manager
12-14 16:24:34.875  3412  3412 W SELinuxMMAC: Error opening /data/system/seapp_hash. Assuming first boot.
12-14 16:24:34.877  3412  3412 W FileUtils: Failed to chmod(/data/system/packages.list): android.system.ErrnoException: chmod failed: ENOENT (No such file or directory)
12-14 16:24:34.911  3412  3412 D SELinuxMMAC: Using policy file /system/etc/security/mac_permissions.xml
12-14 16:24:34.913  3412  3412 I PackageManager: No settings file; creating initial state
12-14 16:24:34.920  3412  3412 E art     : DexFile_getDexOptNeeded file '/system/framework/org.apache.http.legacy.jar' does not exist
12-14 16:24:34.920  3412  3412 W PackageManager: Library not found: /system/framework/org.apache.http.legacy.jar
12-14 16:24:34.920  3412  3412 E art     : DexFile_getDexOptNeeded file '/system/framework/com.android.nfc_extras.jar' does not exist
12-14 16:24:34.920  3412  3412 W PackageManager: Library not found: /system/framework/com.android.nfc_extras.jar
12-14 16:24:34.926  3412  3412 E art     : DexFile_getDexOptNeeded file '/system/framework/org.apache.http.legacy.jar' does not exist
12-14 16:24:34.926  3412  3412 W PackageManager: Library not found: /system/framework/org.apache.http.legacy.jar
12-14 16:24:34.926  3412  3412 E art     : DexFile_getDexOptNeeded file '/system/framework/com.android.nfc_extras.jar' does not exist
12-14 16:24:34.926  3412  3412 W PackageManager: Library not found: /system/framework/com.android.nfc_extras.jar
12-14 16:24:34.964  3412  3412 D PackageManager: No files in app dir /vendor/overlay
12-14 16:24:34.964  3412  3412 D PackageManager: start scanDirLI:/system/framework
12-14 16:24:34.964  3412  3412 D PackageManager: max thread:6
12-14 16:24:34.966  3412  3438 W PackageManager: Failed to parse /system/framework/arm: Missing base APK in /system/framework/arm
12-14 16:24:34.966  3412  3439 W PackageManager: Failed to parse /system/framework/arm64: Missing base APK in /system/framework/arm64
12-14 16:24:34.967  3412  3441 W PackageManager: Failed to parse /system/framework/oat: Missing base APK in /system/framework/oat
12-14 16:24:34.970  3412  3442 I PackageManager: /system/framework/org.cyanogenmod.platform-res.apk changed; collecting certs
12-14 16:24:34.978  3412  3440 I PackageManager: /system/framework/framework-res.apk changed; collecting certs
12-14 16:24:34.985  3412  3442 W PackageManager: Permission cyanogenmod.permission.WRITE_ALARMS from package cyanogenmod.platform in an unknown group android.permission-group.SYSTEM_CLOCK
12-14 16:24:34.985  3412  3442 W PackageManager: Permission cyanogenmod.permission.MANAGE_ALARMS from package cyanogenmod.platform in an unknown group android.permission-group.SYSTEM_CLOCK
12-14 16:24:34.985  3412  3442 W PackageManager: Permission cyanogenmod.permission.READ_ALARMS from package cyanogenmod.platform in an unknown group android.permission-group.SYSTEM_CLOCK
12-14 16:24:35.016  3031  3031 I ServiceManager: Waiting for service media.camera.proxy...
12-14 16:24:35.170  3412  3440 W PackageManager: Permission android.permission.SET_KEYGUARD_WALLPAPER from package android in an unknown group android.permission-group.WALLPAPER
12-14 16:24:35.170  3412  3440 W PackageManager: Permission android.permission.MODIFY_PROTECTED_SMS_LIST from package android in an unknown group android.permission-group.MESSAGES
12-14 16:24:35.170  3412  3440 W PackageManager: Permission android.permission.RECEIVE_PROTECTED_SMS from package android in an unknown group android.permission-group.MESSAGES
12-14 16:24:35.170  3412  3440 W PackageManager: Permission android.permission.RESET_BATTERY_STATS from package android in an unknown group android.permission-group.SYSTEM_TOOLS
12-14 16:24:35.170  3412  3412 D PackageManager: end scanDirLI:/system/framework
12-14 16:24:35.174  3412  3412 D PackageManager: start scanDirLI:/system/priv-app
12-14 16:24:35.174  3412  3412 D PackageManager: max thread:6
12-14 16:24:35.179  3412  3438 I PackageManager: /system/priv-app/BackupRestoreConfirmation changed; collecting certs
12-14 16:24:35.180  3412  3439 I PackageManager: /system/priv-app/CMAudioService changed; collecting certs
12-14 16:24:35.180  3412  3441 I PackageManager: /system/priv-app/CMSettingsProvider changed; collecting certs
12-14 16:24:35.181  3412  3440 I PackageManager: /system/priv-app/CalendarProvider changed; collecting certs
12-14 16:24:35.182  3412  3443 I PackageManager: /system/priv-app/AudioFX changed; collecting certs
12-14 16:24:35.184  3412  3442 I PackageManager: /system/priv-app/CMUpdater changed; collecting certs
12-14 16:24:35.186  3412  3440 I PackageManager: New shared user android.uid.calendar: id=10002
12-14 16:24:35.195  3412  3438 I PackageManager: /system/priv-app/CallLogBackup changed; collecting certs
12-14 16:24:35.198  3412  3439 I PackageManager: /system/priv-app/CarrierConfig changed; collecting certs
12-14 16:24:35.199  3412  3438 I PackageManager: New shared user android.uid.shared: id=10004
12-14 16:24:35.205  3412  3440 I PackageManager: /system/priv-app/CellBroadcastReceiver changed; collecting certs
12-14 16:24:35.214  3412  3441 I PackageManager: /system/priv-app/ContactsProvider changed; collecting certs
12-14 16:24:35.216  3412  3442 I PackageManager: /system/priv-app/DataUsageProvider changed; collecting certs
12-14 16:24:35.216  3412  3443 W PackageParser: No actions in intent filter at /system/priv-app/Contacts/Contacts.apk Binary XML file line #301
12-14 16:24:35.217  3412  3443 I PackageManager: /system/priv-app/Contacts changed; collecting certs
12-14 16:24:35.235  3412  3440 I PackageManager: /system/priv-app/DefaultContainerService changed; collecting certs
12-14 16:24:35.243  3412  3438 I PackageManager: /system/priv-app/CyanogenSetupWizard changed; collecting certs
12-14 16:24:35.255  3412  3441 I PackageManager: /system/priv-app/ExternalStorageProvider changed; collecting certs
12-14 16:24:35.257  3412  3442 I PackageManager: /system/priv-app/DownloadProvider changed; collecting certs
12-14 16:24:35.263  3412  3442 I PackageManager: New shared user android.media: id=10010
12-14 16:24:35.264  3412  3440 I PackageManager: /system/priv-app/FusedLocation changed; collecting certs
12-14 16:24:35.274  3412  3442 W PackageManager: Permission android.permission.DOWNLOAD_WITHOUT_NOTIFICATION from package com.android.providers.downloads in an unknown group android.permission-group.NETWORK
12-14 16:24:35.275  3412  3441 I PackageManager: /system/priv-app/InputDevices changed; collecting certs
12-14 16:24:35.278  3412  3439 W PackageParser: No actions in intent filter at /system/priv-app/Dialer/Dialer.apk Binary XML file line #152
12-14 16:24:35.279  3412  3439 I PackageManager: /system/priv-app/Dialer changed; collecting certs
12-14 16:24:35.285  3412  3442 I PackageManager: /system/priv-app/LiveLockScreenService changed; collecting certs
12-14 16:24:35.302  3412  3440 I PackageManager: /system/priv-app/ManagedProvisioning changed; collecting certs
12-14 16:24:35.305  3412  3441 I PackageManager: /system/priv-app/MediaProvider changed; collecting certs
12-14 16:24:35.315  3412  3442 I PackageManager: /system/priv-app/MmsService changed; collecting certs
12-14 16:24:35.324  3412  3441 I PackageManager: /system/priv-app/OneTimeInitializer changed; collecting certs
12-14 16:24:35.338  3412  3442 I PackageManager: /system/priv-app/ProxyHandler changed; collecting certs
12-14 16:24:35.341  3412  3441 I PackageManager: /system/priv-app/Screencast changed; collecting certs
12-14 16:24:35.346  3412  3440 I PackageManager: /system/priv-app/PackageInstaller changed; collecting certs
12-14 16:24:35.368  3412  3441 I PackageManager: /system/priv-app/SettingsProvider changed; collecting certs
12-14 16:24:35.390  3412  3441 I PackageManager: /system/priv-app/SharedStorageBackup changed; collecting certs
12-14 16:24:35.413  3412  3438 I PackageManager: /system/priv-app/Shell changed; collecting certs
12-14 16:24:35.424  3412  3441 I PackageManager: /system/priv-app/StatementService changed; collecting certs
12-14 16:24:35.427  3412  3440 I PackageManager: /system/priv-app/Snap changed; collecting certs
12-14 16:24:35.448  3412  3442 I PackageManager: /system/priv-app/Settings changed; collecting certs
12-14 16:24:35.458  3412  3438 I PackageManager: /system/priv-app/Telecom changed; collecting certs
12-14 16:24:35.466  3412  3441 W PackageParser: Ignoring duplicate uses-permissions/uses-permissions-sdk-m: android.permission.ACCESS_WIFI_STATE in package: com.android.phone at: Binary XML file line #134
12-14 16:24:35.468  3412  3443 I PackageManager: /system/priv-app/SystemUI changed; collecting certs
12-14 16:24:35.471  3412  3441 I PackageManager: /system/priv-app/TeleService changed; collecting certs
12-14 16:24:35.490  3412  3438 I PackageManager: /system/priv-app/TelephonyProvider changed; collecting certs
