12-04 07:00:35.269  2918  3449 D vold    : Starting trim of /data
12-04 07:00:35.269  3353  3422 D VoldConnector: RCV <- {662 /cache 201998336 41564923}
12-04 07:00:35.369  3353  3420 I InputReader: Device added: id=-1, name='Virtual', sources=0x00000301
12-04 07:00:35.369  3353  3420 I InputReader: Device added: id=19, name='sec_touchkey', sources=0x00000101
12-04 07:00:35.369  3353  3420 I InputReader: Device added: id=18, name='Headset', sources=0x00000101
12-04 07:00:35.369  3353  3420 I InputReader: Device added: id=17, name='gpio_keys', sources=0x00000101
12-04 07:00:35.370  3353  3420 I InputReader:   Touch device 'sec_touchscreen' could not query the properties of its associated display.  The device will be inoperable until the display size becomes available.
12-04 07:00:35.370  3353  3420 I InputReader: Device added: id=16, name='sec_touchscreen', sources=0x00001103
12-04 07:00:35.371  3353  3419 I ActivityManager: Config changes=8 {1.0 ?mcc?mnc en_US ldltr sw360dp w360dp h616dp 640dpi nrml long port finger -keyb/h/h -nav/h s.5 themeResource=null}
12-04 07:00:35.372  3353  3420 I InputReader: Reconfiguring input devices.  changes=0x00000004
12-04 07:00:35.372  3353  3420 I InputReader: Device reconfigured: id=16, name='sec_touchscreen', size 1440x2560, orientation 0, mode 1, display id 0
12-04 07:00:35.375  3353  3353 I WindowManager: SAFE MODE not enabled
12-04 07:00:35.382  3353  3353 I SystemServiceManager: Starting com.android.server.MmsServiceBroker
12-04 07:00:35.386  3353  3353 I CMSystemServer: Attempting to start service org.cyanogenmod.platform.internal.CMStatusBarManagerService
12-04 07:00:35.427  3353  3353 I CMSystemServer: Starting service org.cyanogenmod.platform.internal.CMStatusBarManagerService
12-04 07:00:35.427  3353  3353 I SystemServiceManager: Starting org.cyanogenmod.platform.internal.CMStatusBarManagerService
12-04 07:00:35.427  3353  3353 D CMStatusBarManagerService: registerCMStatusBar cmstatusbar: org.cyanogenmod.platform.internal.CMStatusBarManagerService@cd781b2
12-04 07:00:35.443  3353  3353 I CMSystemServer: Attempting to start service org.cyanogenmod.platform.internal.ProfileManagerService
12-04 07:00:35.498  3353  3353 I CMSystemServer: Starting service org.cyanogenmod.platform.internal.ProfileManagerService
12-04 07:00:35.498  3353  3353 I SystemServiceManager: Starting org.cyanogenmod.platform.internal.ProfileManagerService
12-04 07:00:35.499  2930  2930 E ServiceManager: add_service('profile',61) uid=1000 - ALREADY REGISTERED, OVERRIDE
12-04 07:00:35.499  2930  2930 I ServiceManager: service 'profile' died
12-04 07:00:35.536  3353  3429 D WifiService: New client listening to asynchronous messages
12-04 07:00:35.540  3353  3353 V ProfileTriggerHelper: Enabling
12-04 07:00:35.563  3353  3353 D CMProfileService: Set active profile to: 0230226d-0d05-494a-a9bd-d222a1117655 - Default
12-04 07:00:35.563  3353  3353 D CMProfileService: Saving profile data...
12-04 07:00:35.565  3353  3353 D CMProfileService: Save completed.
12-04 07:00:35.575  3353  3353 I CMSystemServer: Attempting to start service org.cyanogenmod.platform.internal.PartnerInterfaceService
12-04 07:00:35.603  3353  3353 I CMSystemServer: Starting service org.cyanogenmod.platform.internal.PartnerInterfaceService
12-04 07:00:35.603  3353  3353 I SystemServiceManager: Starting org.cyanogenmod.platform.internal.PartnerInterfaceService
12-04 07:00:35.604  2930  2930 E ServiceManager: add_service('cmpartnerinterface',62) uid=1000 - ALREADY REGISTERED, OVERRIDE
12-04 07:00:35.604  2930  2930 I ServiceManager: service 'cmpartnerinterface' died
12-04 07:00:35.606  3353  3353 I CMSystemServer: Attempting to start service org.cyanogenmod.platform.internal.CMTelephonyManagerService
12-04 07:00:35.623  3353  3353 I CMSystemServer: Starting service org.cyanogenmod.platform.internal.CMTelephonyManagerService
12-04 07:00:35.624  3353  3353 I SystemServiceManager: Starting org.cyanogenmod.platform.internal.CMTelephonyManagerService
12-04 07:00:35.625  3353  3353 I CMSystemServer: Attempting to start service org.cyanogenmod.platform.internal.CMHardwareService
12-04 07:00:35.673  3353  3353 I CMSystemServer: Starting service org.cyanogenmod.platform.internal.CMHardwareService
12-04 07:00:35.673  3353  3353 I SystemServiceManager: Starting org.cyanogenmod.platform.internal.CMHardwareService
12-04 07:00:35.675  2930  2930 E ServiceManager: add_service('cmhardware',64) uid=1000 - ALREADY REGISTERED, OVERRIDE
12-04 07:00:35.675  2930  2930 I ServiceManager: service 'cmhardware' died
12-04 07:00:35.676  3353  3353 I CMSystemServer: Attempting to start service org.cyanogenmod.platform.internal.AppSuggestManagerService
12-04 07:00:35.677  3353  3353 I CMSystemServer: Starting service org.cyanogenmod.platform.internal.AppSuggestManagerService
12-04 07:00:35.677  3353  3353 I SystemServiceManager: Starting org.cyanogenmod.platform.internal.AppSuggestManagerService
12-04 07:00:35.678  3353  3353 W ServiceWatcher: com.cyanogen.app.suggest not found
12-04 07:00:35.678  3353  3353 E AppSgstMgrService: no app suggest provider found
12-04 07:00:35.679  3353  3353 I CMSystemServer: Attempting to start service org.cyanogenmod.platform.internal.PerformanceManagerService
12-04 07:00:35.699  3353  3440 D AssetAtlas: Found best atlas configuration (out of 496) in 0.66s
12-04 07:00:35.700  3353  3440 D AssetAtlas: Loaded configuration: SliceMinArea (2048x2048) flags=0x2 count=267
12-04 07:00:35.717  3353  3454 I ServiceThread: Enabled StrictMode logging for PerformanceManager looper.
12-04 07:00:35.717  3353  3353 I CMSystemServer: Starting service org.cyanogenmod.platform.internal.PerformanceManagerService
12-04 07:00:35.717  3353  3353 I SystemServiceManager: Starting org.cyanogenmod.platform.internal.PerformanceManagerService
12-04 07:00:35.745  3353  3455 I ServiceThread: Enabled StrictMode logging for PerformanceManager looper.
12-04 07:00:35.746  3353  3353 I CMSystemServer: Attempting to start service org.cyanogenmod.platform.internal.ThemeManagerServiceBroker
12-04 07:00:35.760  3353  3353 E BrokerableCMSystemService: Setting brokered service connection org.cyanogenmod.platform.internal.ThemeManagerServiceBroker$2@4c18a2d
12-04 07:00:35.760  3353  3353 I CMSystemServer: Starting service org.cyanogenmod.platform.internal.ThemeManagerServiceBroker
12-04 07:00:35.760  3353  3353 I SystemServiceManager: Starting org.cyanogenmod.platform.internal.ThemeManagerServiceBroker
12-04 07:00:35.760  3353  3353 E BrokerableCMSystemService: Setting brokered service connection org.cyanogenmod.platform.internal.ThemeManagerServiceBroker$2@a4fbb62
12-04 07:00:35.761  3353  3353 I CMSystemServer: Attempting to start service org.cyanogenmod.platform.internal.IconCacheManagerServiceBroker
12-04 07:00:35.762  3353  3353 E BrokerableCMSystemService: Setting brokered service connection org.cyanogenmod.platform.internal.IconCacheManagerServiceBroker$2@ed6d4f3
12-04 07:00:35.762  3353  3353 I CMSystemServer: Starting service org.cyanogenmod.platform.internal.IconCacheManagerServiceBroker
12-04 07:00:35.762  3353  3353 I SystemServiceManager: Starting org.cyanogenmod.platform.internal.IconCacheManagerServiceBroker
12-04 07:00:35.762  3353  3353 E BrokerableCMSystemService: Setting brokered service connection org.cyanogenmod.platform.internal.IconCacheManagerServiceBroker$2@d4ce5b0
12-04 07:00:35.763  3353  3353 I CMSystemServer: Attempting to start service org.cyanogenmod.platform.internal.LiveLockScreenServiceBroker
12-04 07:00:35.766  3353  3353 E BrokerableCMSystemService: Setting brokered service connection org.cyanogenmod.platform.internal.LiveLockScreenServiceBroker$2@dd99c29
12-04 07:00:35.767  3353  3353 I CMSystemServer: Starting service org.cyanogenmod.platform.internal.LiveLockScreenServiceBroker
12-04 07:00:35.767  3353  3353 I SystemServiceManager: Starting org.cyanogenmod.platform.internal.LiveLockScreenServiceBroker
12-04 07:00:35.767  3353  3353 E BrokerableCMSystemService: Setting brokered service connection org.cyanogenmod.platform.internal.LiveLockScreenServiceBroker$2@3f22bae
12-04 07:00:35.767  3353  3353 I CMSystemServer: Attempting to start service org.cyanogenmod.platform.internal.WeatherManagerServiceBroker
12-04 07:00:35.768  3353  3353 I CMSystemServer: Starting service org.cyanogenmod.platform.internal.WeatherManagerServiceBroker
12-04 07:00:35.768  3353  3353 I SystemServiceManager: Starting org.cyanogenmod.platform.internal.WeatherManagerServiceBroker
12-04 07:00:35.772  3353  3353 I CMSystemServer: Attempting to start service org.cyanogenmod.platform.internal.display.LiveDisplayService
12-04 07:00:35.812  3353  3456 I ServiceThread: Enabled StrictMode logging for LiveDisplay looper.
12-04 07:00:35.813  3353  3353 I CMSystemServer: Starting service org.cyanogenmod.platform.internal.display.LiveDisplayService
12-04 07:00:35.813  3353  3353 I SystemServiceManager: Starting org.cyanogenmod.platform.internal.display.LiveDisplayService
12-04 07:00:35.835  3353  3457 I ServiceThread: Enabled StrictMode logging for LiveDisplay looper.
12-04 07:00:35.839  3353  3353 I CMSystemServer: Attempting to start service org.cyanogenmod.platform.internal.CMAudioServiceBroker
12-04 07:00:35.840  3353  3353 I CMSystemServer: Starting service org.cyanogenmod.platform.internal.CMAudioServiceBroker
12-04 07:00:35.840  3353  3353 I SystemServiceManager: Starting org.cyanogenmod.platform.internal.CMAudioServiceBroker
12-04 07:00:35.916  3353  3365 W JavaBinder: BinderProxy is being destroyed but the application did not call unlinkToDeath to unlink all of its death recipients beforehand.  Releasing leaked death recipient: com.android.server.fingerprint.FingerprintService
12-04 07:00:35.932  3353  3367 I art     : Background sticky concurrent mark sweep GC freed 228027(9MB) AllocSpace objects, 21(420KB) LOS objects, 0% free, 46MB/46MB, paused 12.183ms total 207.904ms
12-04 07:00:36.011  3353  3440 D AssetAtlas: Rendered atlas in 292.17ms (242.16+50.02ms)
12-04 07:00:36.041  3353  3367 I art     : Background partial concurrent mark sweep GC freed 2560(177KB) AllocSpace objects, 0(0B) LOS objects, 25% free, 46MB/62MB, paused 5.174ms total 99.670ms
12-04 07:00:36.063  3353  3353 E SQLiteLog: (1) no such table: locksettings
12-04 07:00:36.116  3353  3353 I LockSettingsService: Migrated lock settings to new location
12-04 07:00:36.157  3353  3353 I LockSettingsService: Migrated per-user lock settings to new location
12-04 07:00:36.215  3353  3353 I LockSettingsService: Migrated biometric weak to use the fallback instead
12-04 07:00:36.241  3353  3353 I LockSettingsService: Migrated lockscreen disabled flag
12-04 07:00:36.272  3353  3353 I LockSettingsService: Migrated primary user pattern size
12-04 07:00:36.275  3353  3353 E LockSettingsStorage: Cannot read file java.io.FileNotFoundException: /data/system/gatekeeper.password.key: open failed: ENOENT (No such file or directory)
12-04 07:00:36.275  3353  3353 E LockSettingsStorage: Cannot read file java.io.FileNotFoundException: /data/system/password.key: open failed: ENOENT (No such file or directory)
12-04 07:00:36.275  3353  3353 E LockSettingsStorage: Cannot read file java.io.FileNotFoundException: /data/system/gatekeeper.pattern.key: open failed: ENOENT (No such file or directory)
12-04 07:00:36.275  3353  3353 E LockSettingsStorage: Cannot read file java.io.FileNotFoundException: /data/system/gatekeeper.gesture.key: open failed: ENOENT (No such file or directory)
12-04 07:00:36.275  3353  3353 E LockSettingsStorage: Cannot read file java.io.FileNotFoundException: /data/system/gesture.key: open failed: ENOENT (No such file or directory)
12-04 07:00:36.276  3353  3353 E LockSettingsStorage: Cannot read file java.io.FileNotFoundException: /data/system/cm_gesture.key: open failed: ENOENT (No such file or directory)
12-04 07:00:36.276  3353  3353 I SystemServiceManager: Starting phase 480
12-04 07:00:36.279  3353  3353 I SystemServiceManager: Starting phase 500
12-04 07:00:36.280  3353  3353 D BluetoothService: onBootPhase: PHASE_SYSTEM_SERVICES_READY
12-04 07:00:36.280  3353  3353 D BluetoothManagerService: Bluetooth boot completed
12-04 07:00:36.281  3353  3353 D BluetoothManagerService: Retrieving Bluetooth Adapter name and address...
12-04 07:00:36.281  3353  3353 D BluetoothManagerService: getNameAndAddress(): mBluetooth = null mBinding = false
12-04 07:00:36.281  3353  3377 D BluetoothManagerService: Message: 200
12-04 07:00:36.281  3353  3377 D BluetoothManagerService: MESSAGE_GET_NAME_AND_ADDRESS
12-04 07:00:36.281  3353  3377 D BluetoothManagerService: Binding to service to get name and address
12-04 07:00:36.297  3353  3353 I WifiService: WifiService starting up with Wi-Fi disabled
12-04 07:00:36.307  3353  3353 I WifiScanningService: Registering wifiscanner
12-04 07:00:36.310  3353  3353 I RttService: Registering rttmanager
12-04 07:00:36.313  3353  3353 I EthernetServiceImpl: Starting Ethernet service
12-04 07:00:36.316  3353  3353 D Ethernet: Registering NetworkFactory
12-04 07:00:36.317  3353  3430 D ConnectivityService: Got NetworkFactory Messenger for Ethernet
12-04 07:00:36.331  3353  3476 D Ethernet: got request NetworkRequest [ id=1, legacyType=-1, [ Capabilities: INTERNET&NOT_RESTRICTED&TRUSTED&NOT_VPN] ] with score 0
12-04 07:00:36.335  3353  3353 V BackupManagerService: No ancestral data
12-04 07:00:36.409  3353  3353 V KeyValueBackupJob: Scheduling k/v pass in 244 minutes
12-04 07:00:36.739  3353  3353 V BackupManagerService: Starting with transport com.google.android.gms/.backup.BackupTransportService
12-04 07:00:36.739  3353  3353 V BackupManagerService: Found transports: 1
12-04 07:00:36.739  3353  3353 I BackupManagerService: Binding to transport host ComponentInfo{android/com.android.internal.backup.LocalTransportService}
12-04 07:00:36.743  3353  3353 W ThemeManagerServiceBroker: Cannot stat /data/system/theme/alarms
12-04 07:00:36.903  3353  3353 W PackageManager: Unable to get pkg for processing system
12-04 07:00:36.904  3353  3353 E PackageManager: Unable to find icon pack: system
12-04 07:00:36.907  3353  3380 W KeyguardServiceDelegate: onScreenTurningOn(): no keyguard service!
12-04 07:00:36.908  3353  3353 I DefaultPermGrantPolicy: Granting permissions to platform components for user 0
12-04 07:00:36.909  3353  3353 D VoldConnector: SND -> {4 volume remount_uid 1001 none}
12-04 07:00:36.909  2918  2971 D vold    : Remounting 1001 as mode none
12-04 07:00:36.912  3353  3422 D VoldConnector: RCV <- {200 4 Command succeeded}
12-04 07:00:36.912  3353  3353 D VoldConnector: SND -> {5 volume remount_uid 1001 none}
12-04 07:00:36.913  2918  2971 D vold    : Remounting 1001 as mode none
12-04 07:00:36.915  3353  3422 D VoldConnector: RCV <- {200 5 Command succeeded}
12-04 07:00:36.916  3353  3353 D VoldConnector: SND -> {6 volume remount_uid 1000 none}
12-04 07:00:36.916  2918  2971 D vold    : Remounting 1000 as mode none
12-04 07:00:36.918  2918  2971 D vold    : Found matching PID 2930
12-04 07:00:36.918  2918  2971 W vold    : Skipping due to root namespace
12-04 07:00:36.918  2918  2971 D vold    : Found matching PID 2931
12-04 07:00:36.919  2918  2971 W vold    : Skipping due to root namespace
12-04 07:00:36.919  2918  2971 D vold    : Found matching PID 2961
12-04 07:00:36.919  2918  2971 W vold    : Skipping due to root namespace
12-04 07:00:36.919  2918  2971 D vold    : Found matching PID 2964
12-04 07:00:36.919  2918  2971 W vold    : Skipping due to root namespace
12-04 07:00:36.919  2918  2971 D vold    : Found matching PID 3353
12-04 07:00:36.920  3353  3422 D VoldConnector: RCV <- {200 6 Command succeeded}
12-04 07:00:36.925  3353  3353 D VoldConnector: SND -> {7 volume remount_uid 1000 none}
12-04 07:00:36.925  2918  2971 D vold    : Remounting 1000 as mode none
12-04 07:00:36.927  2918  2971 D vold    : Found matching PID 2930
12-04 07:00:36.927  2918  2971 W vold    : Skipping due to root namespace
12-04 07:00:36.927  2918  2971 D vold    : Found matching PID 2931
12-04 07:00:36.927  2918  2971 W vold    : Skipping due to root namespace
12-04 07:00:36.927  2918  2971 D vold    : Found matching PID 2961
12-04 07:00:36.927  2918  2971 W vold    : Skipping due to root namespace
12-04 07:00:36.927  2918  2971 D vold    : Found matching PID 2964
12-04 07:00:36.927  2918  2971 W vold    : Skipping due to root namespace
12-04 07:00:36.927  2918  2971 D vold    : Found matching PID 3353
12-04 07:00:36.929  3353  3422 D VoldConnector: RCV <- {200 7 Command succeeded}
12-04 07:00:36.936  3353  3353 D VoldConnector: SND -> {8 volume remount_uid 2000 none}
12-04 07:00:36.937  2918  2971 D vold    : Remounting 2000 as mode none
12-04 07:00:36.939  3353  3422 D VoldConnector: RCV <- {200 8 Command succeeded}
12-04 07:00:36.940  3353  3353 D VoldConnector: SND -> {9 volume remount_uid 2000 none}
12-04 07:00:36.940  2918  2971 D vold    : Remounting 2000 as mode none
12-04 07:00:36.942  3353  3422 D VoldConnector: RCV <- {200 9 Command succeeded}
12-04 07:00:36.943  3353  3353 D VoldConnector: SND -> {10 volume remount_uid 10027 none}
12-04 07:00:36.943  2918  2971 D vold    : Remounting 10027 as mode none
12-04 07:00:36.946  3353  3422 D VoldConnector: RCV <- {200 10 Command succeeded}
12-04 07:00:36.946  3353  3353 D VoldConnector: SND -> {11 volume remount_uid 10027 none}
12-04 07:00:36.946  2918  2971 D vold    : Remounting 10027 as mode none
12-04 07:00:36.948  3353  3422 D VoldConnector: RCV <- {200 11 Command succeeded}
12-04 07:00:36.949  3353  3353 D VoldConnector: SND -> {12 volume remount_uid 1002 none}
12-04 07:00:36.950  2918  2971 D vold    : Remounting 1002 as mode none
12-04 07:00:36.952  3353  3422 D VoldConnector: RCV <- {200 12 Command succeeded}
12-04 07:00:36.952  3353  3353 D VoldConnector: SND -> {13 volume remount_uid 1002 none}
12-04 07:00:36.953  2918  2971 D vold    : Remounting 1002 as mode none
12-04 07:00:36.955  3353  3422 D VoldConnector: RCV <- {200 13 Command succeeded}
12-04 07:00:36.955  3353  3353 I DefaultPermGrantPolicy: Granting permissions to default platform handlers for user 0
12-04 07:00:36.956  3353  3353 W VoiceInteractionManagerService: no available voice interaction services found for user 0
12-04 07:00:36.964  3353  3353 W VoiceInteractionManagerService: no available voice recognition services found for user 0
12-04 07:00:36.965  3353  3353 D VoldConnector: SND -> {14 volume remount_uid 10017 none}
12-04 07:00:36.970  2918  2971 D vold    : Remounting 10017 as mode none
12-04 07:00:36.972  3353  3422 D VoldConnector: RCV <- {200 14 Command succeeded}
12-04 07:00:36.974  3353  3353 D VoldConnector: SND -> {15 volume remount_uid 10040 none}
12-04 07:00:36.975  2918  2971 D vold    : Remounting 10040 as mode none
12-04 07:00:36.977  3353  3422 D VoldConnector: RCV <- {200 15 Command succeeded}
12-04 07:00:36.977  3353  3353 D VoldConnector: SND -> {16 volume remount_uid 10040 none}
12-04 07:00:36.978  2918  2971 D vold    : Remounting 10040 as mode none
12-04 07:00:36.980  3353  3422 D VoldConnector: RCV <- {200 16 Command succeeded}
12-04 07:00:36.980  3353  3353 D VoldConnector: SND -> {17 volume remount_uid 10008 none}
12-04 07:00:36.980  2918  2971 D vold    : Remounting 10008 as mode none
12-04 07:00:36.983  3353  3422 D VoldConnector: RCV <- {200 17 Command succeeded}
12-04 07:00:36.984  3353  3353 D VoldConnector: SND -> {18 volume remount_uid 10008 none}
12-04 07:00:36.984  2918  2971 D vold    : Remounting 10008 as mode none
12-04 07:00:36.986  3353  3422 D VoldConnector: RCV <- {200 18 Command succeeded}
12-04 07:00:36.987  3353  3353 D VoldConnector: SND -> {19 volume remount_uid 10009 none}
12-04 07:00:36.987  2918  2971 D vold    : Remounting 10009 as mode none
12-04 07:00:36.989  3353  3422 D VoldConnector: RCV <- {200 19 Command succeeded}
12-04 07:00:36.990  3353  3353 D VoldConnector: SND -> {20 volume remount_uid 10009 none}
12-04 07:00:36.990  2918  2971 D vold    : Remounting 10009 as mode none
12-04 07:00:36.992  3353  3422 D VoldConnector: RCV <- {200 20 Command succeeded}
12-04 07:00:37.002  3353  3353 D VoldConnector: SND -> {21 volume remount_uid 10002 none}
12-04 07:00:37.002  2918  2971 D vold    : Remounting 10002 as mode none
12-04 07:00:37.005  3353  3422 D VoldConnector: RCV <- {200 21 Command succeeded}
12-04 07:00:37.006  3353  3353 D VoldConnector: SND -> {22 volume remount_uid 10002 none}
12-04 07:00:37.006  2918  2971 D vold    : Remounting 10002 as mode none
12-04 07:00:37.008  3353  3422 D VoldConnector: RCV <- {200 22 Command succeeded}
12-04 07:00:37.011  3353  3353 D VoldConnector: SND -> {23 volume remount_uid 10039 none}
12-04 07:00:37.011  2918  2971 D vold    : Remounting 10039 as mode none
12-04 07:00:37.013  3353  3422 D VoldConnector: RCV <- {200 23 Command succeeded}
12-04 07:00:37.014  3353  3353 D VoldConnector: SND -> {24 volume remount_uid 10039 none}
12-04 07:00:37.014  2918  2971 D vold    : Remounting 10039 as mode none
12-04 07:00:37.016  3353  3422 D VoldConnector: RCV <- {200 24 Command succeeded}
12-04 07:00:37.019  3353  3353 I ActivityManager: Pre-boot of {org.cyanogenmod.cmsettings/org.cyanogenmod.cmsettings.PreBootReceiver} for user 0
12-04 07:00:37.041  3353  3353 I SystemServer: Enabled StrictMode for system server main thread.
12-04 07:00:37.066  3353  3353 D RttService: SCAN_AVAILABLE : 1
12-04 07:00:37.067  3353  3475 D RttService: DefaultState got{ when=-1ms what=160513 target=com.android.internal.util.StateMachine$SmHandler }
12-04 07:00:37.240  3353  3353 W CMSettings: Setting dev_force_show_navbar has moved from CMSettings.Secure to CMSettings.Global, value is unchanged.
12-04 07:00:37.342  3353  3353 I ActivityManager: Pre-boot of {com.android.providers.calendar/com.android.providers.calendar.CalendarUpgradeReceiver} for user 0
12-04 07:00:37.353  3353  3353 I Zygote  : Process: zygote socket opened, supported ABIS: arm64-v8a,armeabi
12-04 07:00:37.385  3353  3353 I ActivityManager: Start proc 3482:com.android.providers.calendar/u0a2 for broadcast com.android.providers.calendar/.CalendarUpgradeReceiver
12-04 07:00:37.409  3353  3353 V BackupManagerService: Connected to transport ComponentInfo{android/com.android.internal.backup.LocalTransportService}
12-04 07:00:37.409  3353  3353 V BackupManagerService: Registering transport android/com.android.internal.backup.LocalTransportService::android/com.android.internal.backup.LocalTransport = android.app.backup.BackupTransport$TransportImpl@dba9e92
12-04 07:00:37.413  3482  3482 I art     : Late-enabling JIT
12-04 07:00:37.608  3482  3482 I art     : JIT created with code_cache_capacity=2MB compile_threshold=1000
12-04 07:00:37.748  3353  3371 I ActivityManager: Launching preboot mode app: ProcessRecord{bb23063 3482:com.android.providers.calendar/u0a2}
12-04 07:00:37.752  3353  3371 W SchedPolicy: zygote64 add_tid_to_cpuset failed to write '3482' (Permission denied); fd=49
12-04 07:00:37.752  3353  3371 W ActivityManager: Failed setting process group of 3482 to 0
12-04 07:00:37.753  3353  3371 W System.err: java.lang.IllegalArgumentException
12-04 07:00:37.753  3353  3371 W System.err: 	at android.os.Process.setProcessGroup(Native Method)
12-04 07:00:37.753  3353  3371 W System.err: 	at com.android.server.am.ActivityManagerService.applyOomAdjLocked(ActivityManagerService.java:19193)
12-04 07:00:37.753  3353  3371 W System.err: 	at com.android.server.am.ActivityManagerService.updateOomAdjLocked(ActivityManagerService.java:19716)
12-04 07:00:37.753  3353  3371 W System.err: 	at com.android.server.am.BroadcastQueue.processCurBroadcastLocked(BroadcastQueue.java:267)
12-04 07:00:37.753  3353  3371 W System.err: 	at com.android.server.am.BroadcastQueue.sendPendingBroadcastsLocked(BroadcastQueue.java:307)
12-04 07:00:37.753  3353  3371 W System.err: 	at com.android.server.am.ActivityManagerService.sendPendingBroadcastsLocked(ActivityManagerService.java:16632)
12-04 07:00:37.753  3353  3371 W System.err: 	at com.android.server.am.ActivityManagerService.attachApplicationLocked(ActivityManagerService.java:6491)
12-04 07:00:37.753  3353  3371 W System.err: 	at com.android.server.am.ActivityManagerService.attachApplication(ActivityManagerService.java:6532)
12-04 07:00:37.753  3353  3371 W System.err: 	at android.app.ActivityManagerNative.onTransact(ActivityManagerNative.java:507)
12-04 07:00:37.753  3353  3371 W System.err: 	at com.android.server.am.ActivityManagerService.onTransact(ActivityManagerService.java:2680)
12-04 07:00:37.753  3353  3371 W System.err: 	at android.os.Binder.execTransact(Binder.java:453)
12-04 07:00:37.886  3482  3482 W System  : ClassLoader referenced unknown path: /system/priv-app/CalendarProvider/lib/arm64
12-04 07:00:37.976  3353  3370 I ActivityManager: Pre-boot of {com.android.providers.contacts/com.android.providers.contacts.ContactsUpgradeReceiver} for user 0
12-04 07:00:37.987  3353  3370 I ActivityManager: Start proc 3501:android.process.acore/u0a3 for broadcast com.android.providers.contacts/.ContactsUpgradeReceiver
12-04 07:00:38.021  3501  3501 I art     : Late-enabling JIT
12-04 07:00:38.075  3501  3501 I art     : JIT created with code_cache_capacity=2MB compile_threshold=1000
12-04 07:00:38.144  3353  3370 I ActivityManager: Launching preboot mode app: ProcessRecord{52ef460 3501:android.process.acore/u0a3}
12-04 07:00:38.144  3353  3370 W SchedPolicy: zygote64 add_tid_to_cpuset failed to write '3501' (Permission denied); fd=49
12-04 07:00:38.145  3353  3370 W ActivityManager: Failed setting process group of 3501 to 0
12-04 07:00:38.145  3353  3370 W System.err: java.lang.IllegalArgumentException
12-04 07:00:38.145  3353  3370 W System.err: 	at android.os.Process.setProcessGroup(Native Method)
12-04 07:00:38.145  3353  3370 W System.err: 	at com.android.server.am.ActivityManagerService.applyOomAdjLocked(ActivityManagerService.java:19193)
12-04 07:00:38.145  3353  3370 W System.err: 	at com.android.server.am.ActivityManagerService.updateOomAdjLocked(ActivityManagerService.java:19716)
12-04 07:00:38.145  3353  3370 W System.err: 	at com.android.server.am.BroadcastQueue.processCurBroadcastLocked(BroadcastQueue.java:267)
12-04 07:00:38.145  3353  3370 W System.err: 	at com.android.server.am.BroadcastQueue.sendPendingBroadcastsLocked(BroadcastQueue.java:307)
12-04 07:00:38.145  3353  3370 W System.err: 	at com.android.server.am.ActivityManagerService.sendPendingBroadcastsLocked(ActivityManagerService.java:16632)
12-04 07:00:38.145  3353  3370 W System.err: 	at com.android.server.am.ActivityManagerService.attachApplicationLocked(ActivityManagerService.java:6491)
12-04 07:00:38.145  3353  3370 W System.err: 	at com.android.server.am.ActivityManagerService.attachApplication(ActivityManagerService.java:6532)
12-04 07:00:38.145  3353  3370 W System.err: 	at android.app.ActivityManagerNative.onTransact(ActivityManagerNative.java:507)
12-04 07:00:38.145  3353  3370 W System.err: 	at com.android.server.am.ActivityManagerService.onTransact(ActivityManagerService.java:2680)
12-04 07:00:38.145  3353  3370 W System.err: 	at android.os.Binder.execTransact(Binder.java:453)
12-04 07:00:38.219  3501  3501 W System  : ClassLoader referenced unknown path: /system/priv-app/ContactsProvider/lib/arm64
12-04 07:00:38.327  3501  3501 I ContactsUpgradeReceiver: Creating or opening contacts database
12-04 07:00:38.455  3501  3501 I ContactsDatabaseHelper: Bootstrapping database version: 1013
12-04 07:00:39.053  3501  3501 I ContactsProviderV1: Bootstrapping database legacy support
12-04 07:00:39.282  3353  3377 D BluetoothManagerService: Message: 100
12-04 07:00:39.283  3353  3377 E BluetoothManagerService: MESSAGE_TIMEOUT_BIND
12-04 07:00:39.359  3353  3374 W WindowManager: Keyguard drawn timeout. Setting mKeyguardDrawComplete
12-04 07:00:40.449  3501  3501 I ContactsDatabaseHelper: Bootstrapping database version: 1013
12-04 07:00:40.630  3501  3501 I ContactsProviderV1: Bootstrapping database legacy support
12-04 07:00:41.457  3501  3501 I ContactsProvider: Locale has changed from null to en-US
12-04 07:00:41.458  3501  3501 I ContactsDatabaseHelper: Switching to locale en-US (ICU v55.1)
12-04 07:00:41.787  3501  3501 I ContactsDatabaseHelper: Locale change completed in 329ms
12-04 07:00:41.788  3501  3501 I ContactsDatabaseHelper: Switching to locale en-US (ICU v55.1)
12-04 07:00:42.080  3501  3501 I ContactsDatabaseHelper: Locale change completed in 292ms
12-04 07:00:42.251  3353  3370 I ActivityManager: Pre-boot of {com.android.providers.media/com.android.providers.media.MediaUpgradeReceiver} for user 0
12-04 07:00:42.272  3353  3370 I ActivityManager: Start proc 3523:android.process.media/u0a8 for broadcast com.android.providers.media/.MediaUpgradeReceiver
12-04 07:00:42.295  3523  3523 I art     : Late-enabling JIT
12-04 07:00:42.310  3523  3523 I art     : JIT created with code_cache_capacity=2MB compile_threshold=1000
12-04 07:00:42.372  3353  3371 I ActivityManager: Launching preboot mode app: ProcessRecord{5b37d19 3523:android.process.media/u0a8}
12-04 07:00:42.373  3353  3371 W SchedPolicy: zygote64 add_tid_to_cpuset failed to write '3523' (Permission denied); fd=49
12-04 07:00:42.373  3353  3371 W ActivityManager: Failed setting process group of 3523 to 0
12-04 07:00:42.373  3353  3371 W System.err: java.lang.IllegalArgumentException
12-04 07:00:42.373  3353  3371 W System.err: 	at android.os.Process.setProcessGroup(Native Method)
12-04 07:00:42.373  3353  3371 W System.err: 	at com.android.server.am.ActivityManagerService.applyOomAdjLocked(ActivityManagerService.java:19193)
12-04 07:00:42.373  3353  3371 W System.err: 	at com.android.server.am.ActivityManagerService.updateOomAdjLocked(ActivityManagerService.java:19716)
12-04 07:00:42.373  3353  3371 W System.err: 	at com.android.server.am.BroadcastQueue.processCurBroadcastLocked(BroadcastQueue.java:267)
12-04 07:00:42.373  3353  3371 W System.err: 	at com.android.server.am.BroadcastQueue.sendPendingBroadcastsLocked(BroadcastQueue.java:307)
12-04 07:00:42.373  3353  3371 W System.err: 	at com.android.server.am.ActivityManagerService.sendPendingBroadcastsLocked(ActivityManagerService.java:16632)
12-04 07:00:42.373  3353  3371 W System.err: 	at com.android.server.am.ActivityManagerService.attachApplicationLocked(ActivityManagerService.java:6491)
12-04 07:00:42.374  3353  3371 W System.err: 	at com.android.server.am.ActivityManagerService.attachApplication(ActivityManagerService.java:6532)
12-04 07:00:42.374  3353  3371 W System.err: 	at android.app.ActivityManagerNative.onTransact(ActivityManagerNative.java:507)
12-04 07:00:42.374  3353  3371 W System.err: 	at com.android.server.am.ActivityManagerService.onTransact(ActivityManagerService.java:2680)
12-04 07:00:42.374  3353  3371 W System.err: 	at android.os.Binder.execTransact(Binder.java:453)
12-04 07:00:42.413  3523  3523 W System  : ClassLoader referenced unknown path: /system/priv-app/MediaProvider/lib/arm64
12-04 07:00:42.471  3353  3371 I ActivityManager: Pre-boot of {com.android.managedprovisioning/com.android.managedprovisioning.PreBootListener} for user 0
12-04 07:00:42.483  3353  3371 I ActivityManager: Start proc 3540:com.android.managedprovisioning/u0a12 for broadcast com.android.managedprovisioning/.PreBootListener
12-04 07:00:42.509  3540  3540 I art     : Late-enabling JIT
12-04 07:00:42.531  3540  3540 I art     : JIT created with code_cache_capacity=2MB compile_threshold=1000
12-04 07:00:42.549  3353  3499 I ActivityManager: Launching preboot mode app: ProcessRecord{7e011de 3540:com.android.managedprovisioning/u0a12}
12-04 07:00:42.550  3353  3499 W SchedPolicy: zygote64 add_tid_to_cpuset failed to write '3540' (Permission denied); fd=49
12-04 07:00:42.550  3353  3499 W ActivityManager: Failed setting process group of 3540 to 0
12-04 07:00:42.550  3353  3499 W System.err: java.lang.IllegalArgumentException
12-04 07:00:42.560  3353  3499 W System.err: 	at android.os.Process.setProcessGroup(Native Method)
12-04 07:00:42.563  3353  3499 W System.err: 	at com.android.server.am.ActivityManagerService.applyOomAdjLocked(ActivityManagerService.java:19193)
12-04 07:00:42.563  3353  3499 W System.err: 	at com.android.server.am.ActivityManagerService.updateOomAdjLocked(ActivityManagerService.java:19716)
12-04 07:00:42.563  3353  3499 W System.err: 	at com.android.server.am.BroadcastQueue.processCurBroadcastLocked(BroadcastQueue.java:267)
12-04 07:00:42.563  3353  3499 W System.err: 	at com.android.server.am.BroadcastQueue.sendPendingBroadcastsLocked(BroadcastQueue.java:307)
12-04 07:00:42.563  3353  3499 W System.err: 	at com.android.server.am.ActivityManagerService.sendPendingBroadcastsLocked(ActivityManagerService.java:16632)
12-04 07:00:42.563  3353  3499 W System.err: 	at com.android.server.am.ActivityManagerService.attachApplicationLocked(ActivityManagerService.java:6491)
12-04 07:00:42.563  3353  3499 W System.err: 	at com.android.server.am.ActivityManagerService.attachApplication(ActivityManagerService.java:6532)
12-04 07:00:42.563  3353  3499 W System.err: 	at android.app.ActivityManagerNative.onTransact(ActivityManagerNative.java:507)
12-04 07:00:42.563  3353  3499 W System.err: 	at com.android.server.am.ActivityManagerService.onTransact(ActivityManagerService.java:2680)
12-04 07:00:42.563  3353  3499 W System.err: 	at android.os.Binder.execTransact(Binder.java:453)
12-04 07:00:42.599  3540  3540 W System  : ClassLoader referenced unknown path: /system/priv-app/ManagedProvisioning/lib/arm64
12-04 07:00:42.629  3353  3499 I ActivityManager: Pre-boot of {com.android.dialer/com.android.dialer.SystemUpdateReceiver} for user 0
12-04 07:00:42.641  3353  3499 I ActivityManager: Start proc 3554:com.android.dialer/u0a25 for broadcast com.android.dialer/.SystemUpdateReceiver
12-04 07:00:42.647  3554  3554 I art     : Late-enabling JIT
12-04 07:00:42.672  3554  3554 I art     : JIT created with code_cache_capacity=2MB compile_threshold=1000
12-04 07:00:42.697  3353  3370 I ActivityManager: Launching preboot mode app: ProcessRecord{f8d6fbf 3554:com.android.dialer/u0a25}
12-04 07:00:42.700  3353  3370 W SchedPolicy: zygote64 add_tid_to_cpuset failed to write '3554' (Permission denied); fd=49
12-04 07:00:42.700  3353  3370 W ActivityManager: Failed setting process group of 3554 to 0
12-04 07:00:42.700  3353  3370 W System.err: java.lang.IllegalArgumentException
12-04 07:00:42.704  3353  3370 W System.err: 	at android.os.Process.setProcessGroup(Native Method)
12-04 07:00:42.704  3353  3370 W System.err: 	at com.android.server.am.ActivityManagerService.applyOomAdjLocked(ActivityManagerService.java:19193)
12-04 07:00:42.704  3353  3370 W System.err: 	at com.android.server.am.ActivityManagerService.updateOomAdjLocked(ActivityManagerService.java:19716)
12-04 07:00:42.704  3353  3370 W System.err: 	at com.android.server.am.BroadcastQueue.processCurBroadcastLocked(BroadcastQueue.java:267)
12-04 07:00:42.704  3353  3370 W System.err: 	at com.android.server.am.BroadcastQueue.sendPendingBroadcastsLocked(BroadcastQueue.java:307)
12-04 07:00:42.704  3353  3370 W System.err: 	at com.android.server.am.ActivityManagerService.sendPendingBroadcastsLocked(ActivityManagerService.java:16632)
12-04 07:00:42.704  3353  3370 W System.err: 	at com.android.server.am.ActivityManagerService.attachApplicationLocked(ActivityManagerService.java:6491)
12-04 07:00:42.704  3353  3370 W System.err: 	at com.android.server.am.ActivityManagerService.attachApplication(ActivityManagerService.java:6532)
12-04 07:00:42.704  3353  3370 W System.err: 	at android.app.ActivityManagerNative.onTransact(ActivityManagerNative.java:507)
12-04 07:00:42.704  3353  3370 W System.err: 	at com.android.server.am.ActivityManagerService.onTransact(ActivityManagerService.java:2680)
12-04 07:00:42.704  3353  3370 W System.err: 	at android.os.Binder.execTransact(Binder.java:453)
12-04 07:00:42.743  3554  3554 W System  : ClassLoader referenced unknown path: /system/priv-app/Dialer/lib/arm64
12-04 07:00:42.842  3554  3554 W MOD.CyanogenAmbientUtil: Cyanogen Ambient package is missing! Version 1050100 is required.
12-04 07:00:42.843  3353  3371 I ActivityManager: Pre-boot of {com.android.settings/com.android.settings.ManagedProfileSetup} for user 0
12-04 07:00:42.860  3353  3371 I ActivityManager: Start proc 3568:com.android.settings/1000 for broadcast com.android.settings/.ManagedProfileSetup
12-04 07:00:42.871  3568  3568 I art     : Late-enabling JIT
12-04 07:00:42.883  3568  3568 I art     : JIT created with code_cache_capacity=2MB compile_threshold=1000
12-04 07:00:42.911  3353  3370 I ActivityManager: Launching preboot mode app: ProcessRecord{3fef68c 3568:com.android.settings/1000}
12-04 07:00:42.966  3568  3568 W System  : ClassLoader referenced unknown path: /system/priv-app/Settings/lib/arm64
12-04 07:00:43.112  3353  3373 I ActivityManager: Removing system update proc: ProcessRecord{bb23063 3482:com.android.providers.calendar/u0a2}
12-04 07:00:43.112  3353  3373 I ActivityManager: Killing 3482:com.android.providers.calendar/u0a2 (adj 13): system update done
12-04 07:00:43.142  3353  3373 D ActivityManager: cleanUpApplicationRecord -- 3482
12-04 07:00:43.143  3353  3373 I ActivityManager: Removing system update proc: ProcessRecord{52ef460 3501:android.process.acore/u0a3}
12-04 07:00:43.143  3353  3373 I ActivityManager: Killing 3501:android.process.acore/u0a3 (adj 13): system update done
12-04 07:00:43.169  3353  3373 D ActivityManager: cleanUpApplicationRecord -- 3501
12-04 07:00:43.170  3353  3373 I ActivityManager: Removing system update proc: ProcessRecord{5b37d19 3523:android.process.media/u0a8}
12-04 07:00:43.170  3353  3373 I ActivityManager: Killing 3523:android.process.media/u0a8 (adj 11): system update done
12-04 07:00:43.180  3353  3373 D ActivityManager: cleanUpApplicationRecord -- 3523
12-04 07:00:43.181  3353  3373 I ActivityManager: Removing system update proc: ProcessRecord{7e011de 3540:com.android.managedprovisioning/u0a12}
12-04 07:00:43.181  3353  3373 I ActivityManager: Killing 3540:com.android.managedprovisioning/u0a12 (adj 11): system update done
12-04 07:00:43.206  3353  3373 D ActivityManager: cleanUpApplicationRecord -- 3540
12-04 07:00:43.206  3353  3373 I ActivityManager: Removing system update proc: ProcessRecord{f8d6fbf 3554:com.android.dialer/u0a25}
12-04 07:00:43.206  3353  3373 I ActivityManager: Killing 3554:com.android.dialer/u0a25 (adj 9): system update done
12-04 07:00:43.223  3353  3373 D ActivityManager: cleanUpApplicationRecord -- 3554
12-04 07:00:43.223  3353  3373 I ActivityManager: Removing system update proc: ProcessRecord{3fef68c 3568:com.android.settings/1000}
12-04 07:00:43.223  3353  3373 I ActivityManager: Killing 3568:com.android.settings/1000 (adj 9): system update done
12-04 07:00:43.247  3353  3373 D ActivityManager: cleanUpApplicationRecord -- 3568
12-04 07:00:43.247  3353  3373 I ActivityManager: System now ready
12-04 07:00:43.248  3353  3371 W ActivityManager: Spurious death for ProcessRecord{bb23063 0:com.android.providers.calendar/u0a2}, curProc for 3482: null
12-04 07:00:43.248  3353  3370 W ActivityManager: Spurious death for ProcessRecord{7e011de 0:com.android.managedprovisioning/u0a12}, curProc for 3540: null
12-04 07:00:43.248  3353  3584 W ActivityManager: Spurious death for ProcessRecord{f8d6fbf 0:com.android.dialer/u0a25}, curProc for 3554: null
12-04 07:00:43.248  3353  3585 W ActivityManager: Spurious death for ProcessRecord{3fef68c 0:com.android.settings/1000}, curProc for 3568: null
12-04 07:00:43.249  3353  3499 W ActivityManager: Spurious death for ProcessRecord{52ef460 0:android.process.acore/u0a3}, curProc for 3501: null
12-04 07:00:43.249  3353  3582 W ActivityManager: Spurious death for ProcessRecord{5b37d19 0:android.process.media/u0a8}, curProc for 3523: null
12-04 07:00:43.255  3353  3373 I SystemServer: Making services ready
12-04 07:00:43.255  3353  3373 I SystemServiceManager: Starting phase 550
12-04 07:00:43.265  3353  3421 D MountService: Thinking about reset, mSystemReady=true, mDaemonConnected=true
12-04 07:00:43.265  3353  3421 D VoldConnector: SND -> {25 volume reset}
12-04 07:00:43.266  3353  3422 D VoldConnector: RCV <- {651 emulated 7}
12-04 07:00:43.266  3353  3422 D VoldConnector: RCV <- {659 emulated}
12-04 07:00:43.266  3353  3422 D VoldConnector: RCV <- {650 emulated 2 "" ""}
12-04 07:00:43.266  3353  3422 D VoldConnector: RCV <- {654 emulated emulated}
12-04 07:00:43.266  3353  3422 D VoldConnector: RCV <- {651 emulated 0}
12-04 07:00:43.266  3353  3422 D VoldConnector: RCV <- {200 25 Command succeeded}
12-04 07:00:43.269  3353  3353 W System  : ClassLoader referenced unknown path: /system/priv-app/Telecom/lib/arm64
12-04 07:00:43.270  3353  3373 D UsbAlsaManager: Adding ALSA device AlsaDevice: [card: 0, device: 9, type: 1]
12-04 07:00:43.270  3353  3373 D UsbAlsaManager: Adding ALSA device AlsaDevice: [card: 0, device: 8, type: 1]
12-04 07:00:43.270  3353  3373 D UsbAlsaManager: Adding ALSA device AlsaDevice: [card: 0, device: 7, type: 1]
12-04 07:00:43.270  3353  3373 D UsbAlsaManager: Adding ALSA device AlsaDevice: [card: 0, device: 6, type: 1]
12-04 07:00:43.270  3353  3373 D UsbAlsaManager: Adding ALSA device AlsaDevice: [card: 0, device: 3, type: 1]
12-04 07:00:43.275  3353  3373 D UsbAlsaManager: Adding ALSA device AlsaDevice: [card: 0, device: 2, type: 1]
12-04 07:00:43.275  3353  3373 D UsbAlsaManager: Adding ALSA device AlsaDevice: [card: 0, device: 1, type: 1]
12-04 07:00:43.275  3353  3373 D UsbAlsaManager: Adding ALSA device AlsaDevice: [card: 0, device: 2, type: 2]
12-04 07:00:43.275  3353  3373 D UsbAlsaManager: Adding ALSA device AlsaDevice: [card: 0, device: 0, type: 1]
12-04 07:00:43.275  3353  3373 D UsbAlsaManager: Adding ALSA device AlsaDevice: [card: 0, device: 1, type: 2]
12-04 07:00:43.275  3353  3373 D UsbAlsaManager: Adding ALSA device AlsaDevice: [card: 0, device: 0, type: 2]
12-04 07:00:43.276  3353  3421 D VoldConnector: SND -> {26 volume user_added 0 0}
12-04 07:00:43.276  3353  3422 D VoldConnector: RCV <- {200 26 Command succeeded}
12-04 07:00:43.278  3353  3375 V MountService: Found primary storage at VolumeInfo{emulated}:
12-04 07:00:43.278  3353  3375 V MountService:     type=EMULATED diskId=null partGuid=null mountFlags=0 mountUserId=-1 
12-04 07:00:43.278  3353  3375 V MountService:     state=UNMOUNTED 
12-04 07:00:43.278  3353  3375 V MountService:     fsType=null fsUuid=null fsLabel=null 
12-04 07:00:43.278  3353  3375 V MountService:     path=null internalPath=null 
12-04 07:00:43.280  3353  3421 D VoldConnector: SND -> {27 volume mount emulated 3 -1}
12-04 07:00:43.281  2918  2971 V vold    : Waiting for FUSE to spin up...
12-04 07:00:43.281  3353  3422 D VoldConnector: RCV <- {651 emulated 1}
12-04 07:00:43.281  3353  3422 D VoldConnector: RCV <- {656 emulated /data/media}
12-04 07:00:43.281  3353  3422 D VoldConnector: RCV <- {655 emulated /storage/emulated}
12-04 07:00:43.314  3353  3373 I ActivityManager: Start proc 3595:com.android.systemui/u0a27 for service com.android.systemui/.keyguard.KeyguardService
12-04 07:00:43.314  3353  3373 I BrokerableCMSystemService: Connecting to implementation
12-04 07:00:43.314  3353  3373 W ContextImpl: Calling a method in the system process without a qualified user: android.app.ContextImpl.bindService:1295 org.cyanogenmod.platform.internal.BrokerableCMSystemService.tryConnecting:199 org.cyanogenmod.platform.internal.ThemeManagerServiceBroker.onBootPhase:270 com.android.server.SystemServiceManager.startBootPhase:135 com.android.server.SystemServer$2.run:1180 
12-04 07:00:43.331  3353  3422 D VoldConnector: RCV <- {651 emulated 2}
12-04 07:00:43.331  3353  3422 D VoldConnector: RCV <- {200 27 Command succeeded}
12-04 07:00:43.376  3353  3373 I ActivityManager: Start proc 3600:org.cyanogenmod.themeservice/u0a19 for service org.cyanogenmod.themeservice/.ThemeManagerService
12-04 07:00:43.376  3353  3373 I SystemServer: WebViewFactory preparation
12-04 07:00:43.379  3595  3595 I art     : Late-enabling JIT
12-04 07:00:43.389  3600  3600 I art     : Late-enabling JIT
12-04 07:00:43.441  3595  3595 I art     : JIT created with code_cache_capacity=2MB compile_threshold=1000
12-04 07:00:43.476  3600  3600 I art     : JIT created with code_cache_capacity=2MB compile_threshold=1000
12-04 07:00:43.584  2931  2931 E Fence   : merge: sync_merge("FramebufferSurface:2", 1017, 1023) returned an error: Too many open files (-24)
12-04 07:00:43.613  3353  3367 I art     : Background sticky concurrent mark sweep GC freed 98256(14MB) AllocSpace objects, 12(692KB) LOS objects, 23% free, 47MB/62MB, paused 4.009ms total 309.401ms
12-04 07:00:43.650  2931  2931 E Fence   : merge: sync_merge("FramebufferSurface:0", 813, 1020) returned an error: Too many open files (-24)
12-04 07:00:43.684  2931  2931 E Fence   : merge: sync_merge("FramebufferSurface:4", 1020, 1023) returned an error: Too many open files (-24)
12-04 07:00:43.753  3353  3421 W art     : Long monitor contention event with owner method=void com.android.server.pm.PackageManagerService$PackageHandler.doHandleMessage(android.os.Message) from PackageManagerService.java:1592 waiters=2 for 375ms
12-04 07:00:43.753  3353  3353 W art     : Long monitor contention event with owner method=int com.android.server.am.ActivityManagerService.broadcastIntent(android.app.IApplicationThread, android.content.Intent, java.lang.String, android.content.IIntentReceiver, int, java.lang.String, android.os.Bundle, java.lang.String[], int, android.os.Bundle, boolean, boolean, int) from ActivityManagerService.java:17445 waiters=0 for 334ms
12-04 07:00:43.756  2931  2931 E Fence   : merge: sync_merge("FramebufferSurface:2", 876, 1022) returned an error: Too many open files (-24)
12-04 07:00:43.775  3353  3377 D BluetoothManagerService: Message: 20
12-04 07:00:43.775  3353  3377 D BluetoothManagerService: Added callback: android.bluetooth.BluetoothAdapter$1@410aaec:true
12-04 07:00:43.775  3353  3377 D BluetoothManagerService: Message: 30
12-04 07:00:43.782  2931  2931 E Surface : dequeueBuffer: error duping fence: 24
12-04 07:00:43.784  2931  2931 W display : release fence dup failed: Too many open files
12-04 07:00:43.817  2931  2931 E Fence   : merge: sync_merge("FramebufferSurface:0", -1, 1017) returned an error: Too many open files (-24)
12-04 07:00:43.824  3353  3373 I Zygote  : Process: zygote socket opened, supported ABIS: armeabi-v7a,armeabi
12-04 07:00:43.826  2960  2960 I art     : Starting a blocking GC Background
12-04 07:00:43.850  2931  2931 E display : ioctl S3CFB_WIN_CONFIG failed: Too many open files
12-04 07:00:43.850  2931  2931 F display : ioctl S3CFB_WIN_CONFIG failed to clear screen: Too many open files
12-04 07:00:43.854  3353  3353 I Telecom : ViceNotificationImpl: ViceNotificationImpl
12-04 07:00:43.839  2931  2931 W surfaceflinger: type=1701 audit(0.0:137): auid=4294967295 uid=1000 gid=1003 ses=4294967295 exe="/system/bin/surfaceflinger" sig=6
12-04 07:00:43.959  3331  3331 W auditd  : type=1325 audit(0.0:138): table=filter family=2 entries=52
12-04 07:00:43.959  3331  3331 W auditd  : type=1320 audit(0.0:138): 
12-04 07:00:43.959  3331  3331 W auditd  : type=1325 audit(0.0:139): table=filter family=10 entries=55
12-04 07:00:43.959  3331  3331 W auditd  : type=1320 audit(0.0:139): 
12-04 07:00:43.969  3331  3331 W auditd  : type=1325 audit(0.0:140): table=filter family=2 entries=51
12-04 07:00:43.969  3331  3331 W auditd  : type=1320 audit(0.0:140): 
12-04 07:00:43.969  3331  3331 W auditd  : type=1325 audit(0.0:141): table=filter family=10 entries=54
12-04 07:00:43.969  3331  3331 W auditd  : type=1320 audit(0.0:141): 
12-04 07:00:43.969  3331  3331 W auditd  : type=1325 audit(0.0:142): table=filter family=2 entries=50
12-04 07:00:43.969  3331  3331 W auditd  : type=1320 audit(0.0:142): 
12-04 07:00:43.979  3331  3331 W auditd  : type=1325 audit(0.0:143): table=filter family=10 entries=53
12-04 07:00:43.979  3331  3331 W auditd  : type=1320 audit(0.0:143): 
12-04 07:00:43.866  3059  3273 D         : NULL == surf->write_back_color_buffer
12-04 07:00:43.866  3059  3273 W         : GLES-MALI OOM error: failed to allocate CPU memory (gles_fb_first_drawcall_cb at hardware/samsung_slsi/MaliT880_r12p0_JF/product/gles/src/fb/mali_gles_fb_module_api.c:1281)
12-04 07:00:43.866  3059  3273 D         : NULL == surf->write_back_color_buffer
12-04 07:00:43.901  3059  3273 D         : NULL == surf->write_back_color_buffer
12-04 07:00:43.914  3353  3373 I ActivityManager: Start proc 3625:WebViewLoader-armeabi-v7a/1037 [android.webkit.WebViewFactory$RelroFileCreator] for 
12-04 07:00:43.925  3353  3373 I ActivityManager: Start proc 3630:WebViewLoader-arm64-v8a/1037 [android.webkit.WebViewFactory$RelroFileCreator] for 
12-04 07:00:43.927  3353  3585 W art     : Long monitor contention event with owner method=int com.android.server.am.ActivityManagerService.startIsolatedProcess(java.lang.String, java.lang.String[], java.lang.String, java.lang.String, int, java.lang.Runnable) from ActivityManagerService.java:3289 waiters=2 for 105ms
12-04 07:00:43.940  2930  2930 I ServiceManager: service 'SurfaceFlinger' died
12-04 07:00:43.940  3059  3059 W SurfaceComposerClient: ComposerService remote (surfaceflinger) died [0x7f78ae3320]
12-04 07:00:43.940  3059  3059 D BootAnimation: SurfaceFlinger died, exiting...
12-04 07:00:43.940  3353  3499 W SurfaceComposerClient: ComposerService remote (surfaceflinger) died [0x7f8485d460]
12-04 07:00:43.952  3353  3373 D NetworkManagement: enabling bandwidth control
12-04 07:00:43.975  3625  3625 I art     : Late-enabling JIT
12-04 07:00:43.980  3600  3600 W System  : ClassLoader referenced unknown path: /system/priv-app/ThemeManagerService/lib/arm64
12-04 07:00:43.983  3630  3630 I art     : Late-enabling JIT
12-04 07:00:43.991  3353  3377 D BluetoothManagerService: Message: 30
12-04 07:00:43.994  3353  3353 I Telecom : Class: TelecomSystem.INSTANCE being set
