07-27 00:00:25.721  4024  4056 I Sensors : SigMotionSensor old sensor_state 16384, new sensor_state : 0 en : 0
07-27 00:00:25.721  4024  4056 E Sensors : GripSensor: enable
07-27 00:00:25.721  4024  4056 D Sensors : HrmSpO2Sensor::handle:19 ,en:0
07-27 00:00:25.721  4024  4056 D Sensors : HrmSpO2Sensor::isEnabled:0 ,en:0, mEn:0
07-27 00:00:25.721  4024  4056 D Sensors : HrmSpO2Sensor::handle:28 ,en:0
07-27 00:00:25.721  4024  4056 D Sensors : HrmSpO2Sensor::isEnabled:0 ,en:0, mEn:0
07-27 00:00:25.721  4024  4056 D Sensors : HrmLedSensor enable: mEnabled 1, handle 20, en 0
07-27 00:00:25.721  4024  4056 D Sensors : HRMSensor_LED::enable 
07-27 00:00:25.721  4024  4056 D Sensors : HRMSensor led enabled:0, en:0
07-27 00:00:25.722  4024  4056 D Sensors : HrmLedSensor enable: mEnabled 0, handle 21, en 0
07-27 00:00:25.722  4024  4056 D Sensors : HrmLedSensor isEnabled:0 ,en:0
07-27 00:00:25.722  4024  4056 D Sensors : HrmSpO2Sensor::handle:18 ,en:0
07-27 00:00:25.722  4024  4056 D Sensors : HrmSpO2Sensor::isEnabled:0 ,en:0, mEn:0
07-27 00:00:25.722  4024  4056 I         : System server: sensor init done.
07-27 00:00:25.723  4024  4057 D SensorService: new thread SensorEventAckReceiver
07-27 00:00:25.730  4024  4058 D SensorService: nuSensorService thread starting...
07-27 00:00:25.775  4024  4024 I UsageStatsService: User[0] Rollover scheduled @ 2016-07-27 00:00:00(1469577600000)
07-27 00:00:25.776  4024  4024 I SystemServiceManager: Starting com.android.server.webkit.WebViewUpdateService
07-27 00:00:25.777  4024  4024 I SystemServer: Reading configuration...
07-27 00:00:25.777  4024  4024 I SystemServer: Scheduling Policy
07-27 00:00:25.778  4024  4024 I SystemServiceManager: Starting com.android.server.telecom.TelecomLoaderService
07-27 00:00:25.779  4024  4024 I SystemServer: Telephony Registry
07-27 00:00:25.787  4024  4024 I SystemServer: Entropy Mixer
07-27 00:00:25.824  4024  4024 I EntropyMixer: Added HW RNG output to entropy pool
07-27 00:00:25.824  4024  4024 I EntropyMixer: Writing entropy...
07-27 00:00:25.842  4024  4024 I SystemServer: Camera Service
07-27 00:00:25.842  4024  4024 I SystemServiceManager: Starting com.android.server.camera.CameraService
07-27 00:00:25.846  4024  4059 I ServiceThread: Enabled StrictMode logging for CameraService_proxy looper.
07-27 00:00:25.847  4024  4024 I SystemServer: Account Manager
07-27 00:00:25.877  4024  4024 I SystemServer: Content Manager
07-27 00:00:25.883  4024  4024 I SystemServer: System Content Providers
07-27 00:00:25.889  4024  4024 W System  : ClassLoader referenced unknown path: /system/priv-app/CMSettingsProvider/lib/arm64
07-27 00:00:25.908  4024  4024 W System  : ClassLoader referenced unknown path: /system/priv-app/SettingsProvider/lib/arm64
07-27 00:00:25.962  4024  4024 I SystemServer: Vibrator Service
07-27 00:00:25.968  4024  4024 I SystemServer: Consumer IR Service
07-27 00:00:25.968  4024  4024 E ConsumerIrService: Can't open consumer IR HW Module, error: -2
07-27 00:00:25.968  4024  4024 E System  : ******************************************
07-27 00:00:25.969  4024  4024 E System  : ************ Failure starting core service
07-27 00:00:25.969  4024  4024 E System  : java.lang.RuntimeException: FEATURE_CONSUMER_IR present, but no IR HAL loaded!
07-27 00:00:25.969  4024  4024 E System  : 	at com.android.server.ConsumerIrService.<init>(ConsumerIrService.java:51)
07-27 00:00:25.969  4024  4024 E System  : 	at com.android.server.SystemServer.startOtherServices(SystemServer.java:508)
07-27 00:00:25.969  4024  4024 E System  : 	at com.android.server.SystemServer.run(SystemServer.java:290)
07-27 00:00:25.969  4024  4024 E System  : 	at com.android.server.SystemServer.main(SystemServer.java:175)
07-27 00:00:25.969  4024  4024 E System  : 	at java.lang.reflect.Method.invoke(Native Method)
07-27 00:00:25.969  4024  4024 E System  : 	at com.android.internal.os.ZygoteInit$MethodAndArgsCaller.run(ZygoteInit.java:726)
07-27 00:00:25.969  4024  4024 E System  : 	at com.android.internal.os.ZygoteInit.main(ZygoteInit.java:616)
07-27 00:00:25.969  4024  4024 I SystemServer: Input Method Service
07-27 00:00:26.007  4024  4024 W InputMethodManagerService: No IME selected. Choose the most applicable IME.
07-27 00:00:26.007  4024  4024 I InputMethodManagerService: Default found, using com.android.inputmethod.latin/.LatinIME
07-27 00:00:26.011  4024  4024 I SystemServer: Accessibility Manager
07-27 00:00:26.022  4024  4024 W SystemServer: ***********************************************
07-27 00:00:26.022  4024  4024 E SystemServer: BOOT FAILURE making display ready
07-27 00:00:26.022  4024  4024 E SystemServer: java.lang.NullPointerException: Attempt to invoke virtual method 'void com.android.server.wm.WindowManagerService.displayReady()' on a null object reference
07-27 00:00:26.022  4024  4024 E SystemServer: 	at com.android.server.SystemServer.startOtherServices(SystemServer.java:590)
07-27 00:00:26.022  4024  4024 E SystemServer: 	at com.android.server.SystemServer.run(SystemServer.java:290)
07-27 00:00:26.022  4024  4024 E SystemServer: 	at com.android.server.SystemServer.main(SystemServer.java:175)
07-27 00:00:26.022  4024  4024 E SystemServer: 	at java.lang.reflect.Method.invoke(Native Method)
07-27 00:00:26.022  4024  4024 E SystemServer: 	at com.android.internal.os.ZygoteInit$MethodAndArgsCaller.run(ZygoteInit.java:726)
07-27 00:00:26.022  4024  4024 E SystemServer: 	at com.android.internal.os.ZygoteInit.main(ZygoteInit.java:616)
07-27 00:00:26.024  4024  4024 I SystemServiceManager: Starting com.android.server.MountService$Lifecycle
07-27 00:00:26.036  4024  4062 D MountService: Thinking about reset, mSystemReady=false, mDaemonConnected=true
07-27 00:00:26.037  4024  4062 D MountService: Thinking about reset, mSystemReady=false, mDaemonConnected=true
07-27 00:00:26.037  4024  4062 D CryptdConnector: SND -> {1 cryptfs getfield SystemLocale}
07-27 00:00:26.038  4024  4024 I SystemServiceManager: Starting com.android.server.UiModeManagerService
07-27 00:00:26.038  2907  2953 I Ext4Crypt: ext4 crypto complete called on /data
07-27 00:00:26.038  2907  2953 I Ext4Crypt: No master key, so not ext4enc
07-27 00:00:26.040  4024  4064 D CryptdConnector: RCV <- {200 1 -1}
07-27 00:00:26.040  4024  4024 I ActivityManager: Config changes=200 {1.0 ?mcc?mnc en_US ldltr ?swdp ?wdp ?hdp ?density ?lsize ?long ?orien ?touch ?keyb/?/? ?nav/? s.2 themeResource=null}
07-27 00:00:26.041  4024  4037 I UsageStatsService: User[0] Rolling over usage stats
07-27 00:00:26.042  4024  4062 W MountService: No primary storage mounted!
07-27 00:00:26.042  4024  4062 D VoldConnector: SND -> {1 asec list}
07-27 00:00:26.042  4024  4063 D VoldConnector: RCV <- {200 1 asec operation succeeded}
07-27 00:00:26.043  4024  4062 I PackageManager: No secure containers found
07-27 00:00:26.043  4024  4062 W PackageManager: Unknown permission com.google.android.googleapps.permission.GOOGLE_AUTH in package com.android.providers.calendar
07-27 00:00:26.043  4024  4062 W PackageManager: Unknown permission com.google.android.googleapps.permission.GOOGLE_AUTH.cl in package com.android.providers.calendar
07-27 00:00:26.044  4024  4062 W PackageManager: Not granting permission android.permission.REAL_GET_TASKS to package org.cyanogenmod.wallpapers.photophase (protectionLevel=18 flags=0x3818be45)
07-27 00:00:26.045  4024  4062 W PackageManager: Unknown permission com.cyanogen.ambient.permission.BIND_CALLER_INFO in package com.android.messaging
07-27 00:00:26.045  4024  4062 W PackageManager: Not granting permission android.permission.ACCESS_DOWNLOAD_MANAGER to package com.android.browser (protectionLevel=18 flags=0x3849be45)
07-27 00:00:26.045  4024  4062 W PackageManager: Not granting permission android.permission.SEND_DOWNLOAD_COMPLETED_INTENTS to package com.android.browser (protectionLevel=2 flags=0x3849be45)
07-27 00:00:26.046  4024  4062 W PackageManager: Unknown permission com.cyngn.stats.SEND_ANALYTICS in package com.cyanogenmod.setupwizard
07-27 00:00:26.046  4024  4062 W PackageManager: Unknown permission com.cyanogen.permission.REQUEST_KILL_SWITCH_OP in package com.cyanogenmod.setupwizard
07-27 00:00:26.047  4024  4062 W PackageManager: Unknown permission com.cyanogen.ambient.permission.BIND_INCALL_SERVICE in package com.android.contacts
07-27 00:00:26.047  4024  4062 W PackageManager: Unknown permission com.cyanogen.ambient.permission.PLUGIN_STATUS_CHANGED in package com.android.contacts
07-27 00:00:26.047  4024  4062 W PackageManager: Unknown permission com.cyanogen.ambient.permission.BIND_CALLER_INFO in package com.android.contacts
07-27 00:00:26.048  4024  4062 W PackageManager: Unknown permission com.google.android.googleapps.permission.GOOGLE_AUTH.mail in package com.android.calendar
07-27 00:00:26.049  4024  4062 W PackageManager: Unknown permission com.android.launcher.permission.READ_SETTINGS in package com.android.onetimeinitializer
07-27 00:00:26.049  4024  4062 W PackageManager: Unknown permission com.android.launcher.permission.WRITE_SETTINGS in package com.android.onetimeinitializer
07-27 00:00:26.050  4024  4037 I UsageStatsService: User[0] Rollover scheduled @ 2016-07-28 00:00:00(1469664000000)
07-27 00:00:26.050  4024  4062 W PackageManager: Unknown permission com.cyanogen.ambient.permission.BIND_INCALL_SERVICE in package com.android.dialer
07-27 00:00:26.050  4024  4062 W PackageManager: Unknown permission com.cyanogen.ambient.permission.PLUGIN_STATUS_CHANGED in package com.android.dialer
07-27 00:00:26.050  4024  4062 W PackageManager: Unknown permission com.cyanogen.ambient.permission.PUBLISH_DISCOVERY_NUDGE in package com.android.dialer
07-27 00:00:26.050  4024  4062 W PackageManager: Unknown permission com.cyanogen.ambient.permission.BIND_DEEPLINK_SERVICE in package com.android.dialer
07-27 00:00:26.050  4024  4062 W PackageManager: Unknown permission com.cyanogen.ambient.permission.READ_DEEPLINK_DATABASE in package com.android.dialer
07-27 00:00:26.050  4024  4062 W PackageManager: Unknown permission com.cyanogen.ambient.permission.BIND_CALLER_INFO in package com.android.dialer
07-27 00:00:26.051  4024  4037 I UsageStatsService: User[0] Rolling over usage stats complete. Took 9 milliseconds
07-27 00:00:26.051  4024  4062 W PackageManager: Unknown permission com.android.launcher.permission.READ_SETTINGS in package com.cyanogenmod.trebuchet
07-27 00:00:26.051  4024  4062 W PackageManager: Unknown permission com.android.launcher.permission.WRITE_SETTINGS in package com.cyanogenmod.trebuchet
07-27 00:00:26.051  4024  4062 W PackageManager: Unknown permission com.cyngn.stats.SEND_ANALYTICS in package com.cyanogenmod.trebuchet
07-27 00:00:26.051  4024  4062 W PackageManager: Unknown permission android.permission.CANCEL_NOTIFICATIONS in package org.cyanogenmod.theme.chooser
07-27 00:00:26.052  4024  4062 W PackageManager: Unknown permission com.google.android.permission.INSTALL_WEARABLE_PACKAGES in package com.android.packageinstaller
07-27 00:00:26.052  4024  4062 W PackageManager: Not granting permission android.permission.DELETE_PACKAGES to package com.svox.pico (protectionLevel=18 flags=0x3808be45)
07-27 00:00:26.052  4024  4062 W PackageManager: Unknown permission android.permission.ACCESS_SUPERUSER in package com.cyanogenmod.filemanager
07-27 00:00:26.052  4024  4062 W PackageManager: Unknown permission com.cyanogenmod.filemanager.permissions.READ_THEME in package com.cyanogenmod.filemanager
07-27 00:00:26.053  4024  4062 W PackageManager: Unknown permission com.google.android.gallery3d.permission.PICASA_STORE in package com.android.dreams.phototable
07-27 00:00:26.053  4024  4062 W PackageManager: Unknown permission com.google.android.googleapps.permission.GOOGLE_AUTH in package com.android.settings
07-27 00:00:26.053  4024  4062 W PackageManager: Unknown permission com.android.launcher.permission.READ_SETTINGS in package com.android.settings
07-27 00:00:26.054  4024  4062 W PackageManager: Unknown permission com.android.launcher.permission.WRITE_SETTINGS in package com.android.settings
07-27 00:00:26.054  4024  4062 W PackageManager: Not granting permission android.permission.REAL_GET_TASKS to package com.cyanogenmod.eleven (protectionLevel=18 flags=0x3818be65)
07-27 00:00:26.060  4024  4062 W PackageManager: Unknown permission com.google.android.gallery3d.permission.GALLERY_PROVIDER in package com.android.bluetooth
07-27 00:00:26.060  4024  4062 W PackageManager: Unknown permission com.google.android.googleapps.permission.ACCESS_GOOGLE_PASSWORD in package com.android.development
07-27 00:00:26.060  4024  4062 W PackageManager: Unknown permission com.google.android.googleapps.permission.GOOGLE_AUTH in package com.android.development
07-27 00:00:26.060  4024  4062 W PackageManager: Unknown permission com.google.android.googleapps.permission.GOOGLE_AUTH.ALL_SERVICES in package com.android.development
07-27 00:00:26.060  4024  4062 W PackageManager: Unknown permission com.google.android.googleapps.permission.GOOGLE_AUTH.YouTubeUser in package com.android.development
07-27 00:00:26.246  4024  4024 W art     : Long monitor contention event with owner method=java.lang.Object android.util.ArrayMap$1.colGetEntry(int, int) from ArrayMap.java:758 waiters=0 for 203ms
07-27 00:00:26.247  4024  4062 W MountService: No primary storage defined yet; hacking together a stub
07-27 00:00:26.247  4024  4062 W MountService: No primary storage defined yet; hacking together a stub
07-27 00:00:26.247  4024  4062 W MountService: No primary storage mounted!
07-27 00:00:26.248  4024  4062 D VoldConnector: SND -> {2 asec list}
07-27 00:00:26.249  4024  4063 D VoldConnector: RCV <- {200 2 asec operation succeeded}
07-27 00:00:26.250  4024  4024 E System  : ******************************************
07-27 00:00:26.253  4024  4024 E System  : ************ Failure starting system services
07-27 00:00:26.253  4024  4024 E System  : java.lang.NullPointerException: Attempt to invoke virtual method 'void com.android.server.wm.WindowManagerService.showBootMessage(java.lang.CharSequence, boolean)' on a null object reference
07-27 00:00:26.253  4024  4024 E System  : 	at com.android.server.am.ActivityManagerService.showBootMessage(ActivityManagerService.java:6565)
07-27 00:00:26.253  4024  4024 E System  : 	at com.android.server.SystemServer.startOtherServices(SystemServer.java:623)
07-27 00:00:26.253  4024  4024 E System  : 	at com.android.server.SystemServer.run(SystemServer.java:290)
07-27 00:00:26.253  4024  4024 E System  : 	at com.android.server.SystemServer.main(SystemServer.java:175)
07-27 00:00:26.253  4024  4024 E System  : 	at java.lang.reflect.Method.invoke(Native Method)
07-27 00:00:26.253  4024  4024 E System  : 	at com.android.internal.os.ZygoteInit$MethodAndArgsCaller.run(ZygoteInit.java:726)
07-27 00:00:26.253  4024  4024 E System  : 	at com.android.internal.os.ZygoteInit.main(ZygoteInit.java:616)
07-27 00:00:26.253  4024  4024 D AndroidRuntime: Shutting down VM
07-27 00:00:26.256  4024  4024 E AndroidRuntime: *** FATAL EXCEPTION IN SYSTEM PROCESS: main
07-27 00:00:26.256  4024  4024 E AndroidRuntime: java.lang.NullPointerException: Attempt to invoke virtual method 'void com.android.server.wm.WindowManagerService.showBootMessage(java.lang.CharSequence, boolean)' on a null object reference
07-27 00:00:26.256  4024  4024 E AndroidRuntime: 	at com.android.server.am.ActivityManagerService.showBootMessage(ActivityManagerService.java:6565)
07-27 00:00:26.256  4024  4024 E AndroidRuntime: 	at com.android.server.SystemServer.startOtherServices(SystemServer.java:623)
07-27 00:00:26.256  4024  4024 E AndroidRuntime: 	at com.android.server.SystemServer.run(SystemServer.java:290)
07-27 00:00:26.256  4024  4024 E AndroidRuntime: 	at com.android.server.SystemServer.main(SystemServer.java:175)
07-27 00:00:26.256  4024  4024 E AndroidRuntime: 	at java.lang.reflect.Method.invoke(Native Method)
07-27 00:00:26.256  4024  4024 E AndroidRuntime: 	at com.android.internal.os.ZygoteInit$MethodAndArgsCaller.run(ZygoteInit.java:726)
07-27 00:00:26.256  4024  4024 E AndroidRuntime: 	at com.android.internal.os.ZygoteInit.main(ZygoteInit.java:616)
07-27 00:00:26.261  4024  4024 I Process : Sending signal. PID: 4024 SIG: 9
07-27 00:00:26.281  2934  2934 E installd: eof
07-27 00:00:26.281  2934  2934 E installd: failed to read size
07-27 00:00:26.281  2934  2934 I installd: closing connection
07-27 00:00:26.281  2920  2920 I ServiceManager: service 'gfxinfo' died
07-27 00:00:26.282  2919  2919 I lowmemorykiller: ActivityManager disconnected
07-27 00:00:26.282  2920  2920 I ServiceManager: service 'cpuinfo' died
07-27 00:00:26.282  2919  2919 I lowmemorykiller: Closing Activity Manager data connection
07-27 00:00:26.282  2920  2920 I ServiceManager: service 'dbinfo' died
07-27 00:00:26.282  2920  2920 I ServiceManager: service 'permission' died
07-27 00:00:26.282  2920  2920 I ServiceManager: service 'activity' died
07-27 00:00:26.282  2920  2920 I ServiceManager: service 'usagestats' died
07-27 00:00:26.282  2920  2920 I ServiceManager: service 'processinfo' died
07-27 00:00:26.282  2920  2920 I ServiceManager: service 'batterymanager' died
07-27 00:00:26.282  2920  2920 I ServiceManager: service 'webviewupdate' died
07-27 00:00:26.282  2920  2920 I ServiceManager: service 'scheduling_policy' died
07-27 00:00:26.282  2920  2920 I ServiceManager: service 'telephony.registry' died
07-27 00:00:26.282  2920  2920 I ServiceManager: service 'media.camera.proxy' died
07-27 00:00:26.282  2920  2920 I ServiceManager: service 'account' died
07-27 00:00:26.282  2920  2920 I ServiceManager: service 'content' died
07-27 00:00:26.282  2920  2920 I ServiceManager: service 'meminfo' died
07-27 00:00:26.282  2920  2920 I ServiceManager: service 'vibrator' died
07-27 00:00:26.282  2920  2920 I ServiceManager: service 'input_method' died
07-27 00:00:26.282  2920  2920 I ServiceManager: service 'accessibility' died
07-27 00:00:26.282  2920  2920 I ServiceManager: service 'mount' died
07-27 00:00:26.282  2920  2920 I ServiceManager: service 'uimode' died
07-27 00:00:26.282  2920  2920 I ServiceManager: service 'user' died
07-27 00:00:26.282  2920  2920 I ServiceManager: service 'procstats' died
07-27 00:00:26.282  2920  2920 I ServiceManager: service 'package' died
07-27 00:00:26.282  2920  2920 I ServiceManager: service 'appops' died
07-27 00:00:26.282  2920  2920 I ServiceManager: service 'batterystats' died
07-27 00:00:26.282  2920  2920 I ServiceManager: service 'power' died
07-27 00:00:26.282  2920  2920 I ServiceManager: service 'display' died
07-27 00:00:26.282  2920  2920 I ServiceManager: service 'sensorservice' died
07-27 00:00:27.190  3752  3752 E Zygote  : Exit zygote because system server (4024) has terminated
07-27 00:00:27.227  2920  2920 I ServiceManager: service 'media.radio' died
07-27 00:00:27.227  2920  2920 I ServiceManager: service 'media.sound_trigger_hw' died
07-27 00:00:27.227  2920  2920 I ServiceManager: service 'media.audio_flinger' died
07-27 00:00:27.227  2920  2920 I ServiceManager: service 'media.player' died
07-27 00:00:27.227  2920  2920 I ServiceManager: service 'media.resource_manager' died
07-27 00:00:27.227  2920  2920 I ServiceManager: service 'media.camera' died
07-27 00:00:27.227  2920  2920 I ServiceManager: service 'media.audio_policy' died
07-27 00:00:27.355  4068  4068 I Netd    : Netd 1.0 starting
07-27 00:00:27.356  4068  4068 I QtiConnectivityAdapter: Failed to open libconnctrl, some features may not be present.
07-27 00:00:27.356  4068  4068 D TetherController: Setting IP forward enable = 0
07-27 00:00:27.349  3054  3054 W auditd  : type=1325 audit(0.0:613): table=filter family=2 entries=52
07-27 00:00:27.349  3054  3054 W auditd  : type=1320 audit(0.0:613): 
07-27 00:00:27.359  3054  3054 W auditd  : type=1325 audit(0.0:614): table=filter family=10 entries=55
07-27 00:00:27.359  3054  3054 W auditd  : type=1320 audit(0.0:614): 
07-27 00:00:27.369  3054  3054 W auditd  : type=1325 audit(0.0:615): table=filter family=2 entries=51
07-27 00:00:27.369  3054  3054 W auditd  : type=1320 audit(0.0:615): 
07-27 00:00:27.369  3054  3054 W auditd  : type=1325 audit(0.0:616): table=filter family=10 entries=54
07-27 00:00:27.369  3054  3054 W auditd  : type=1320 audit(0.0:616): 
07-27 00:00:27.379  3054  3054 W auditd  : type=1325 audit(0.0:617): table=filter family=2 entries=50
07-27 00:00:27.379  3054  3054 W auditd  : type=1320 audit(0.0:617): 
07-27 00:00:27.379  3054  3054 W auditd  : type=1325 audit(0.0:618): table=filter family=10 entries=53
07-27 00:00:27.379  3054  3054 W auditd  : type=1320 audit(0.0:618): 
07-27 00:00:27.389  3054  3054 W auditd  : type=1325 audit(0.0:619): table=filter family=2 entries=48
07-27 00:00:27.389  3054  3054 W auditd  : type=1320 audit(0.0:619): 
07-27 00:00:27.399  3054  3054 W auditd  : type=1325 audit(0.0:620): table=filter family=10 entries=51
07-27 00:00:27.399  3054  3054 W auditd  : type=1320 audit(0.0:620): 
07-27 00:00:27.399  3054  3054 W auditd  : type=1325 audit(0.0:621): table=filter family=2 entries=50
07-27 00:00:27.399  3054  3054 W auditd  : type=1320 audit(0.0:621): 
07-27 00:00:27.409  3054  3054 W auditd  : type=1325 audit(0.0:622): table=filter family=10 entries=53
07-27 00:00:27.409  3054  3054 W auditd  : type=1320 audit(0.0:622): 
07-27 00:00:27.439  4067  4067 I mediaserver: ServiceManager: 0xf64ce120
07-27 00:00:27.439  4067  4067 I AudioFlinger: Using default 3000 mSec as standby time.
07-27 00:00:27.439  4067  4067 E BatteryNotifier: batterystats service unavailable!
07-27 00:00:27.439  4067  4067 E BatteryNotifier: batterystats service unavailable!
07-27 00:00:27.440  4067  4067 I CameraService: CameraService started (pid=4067)
07-27 00:00:27.440  4067  4067 I CameraService: CameraService process starting
07-27 00:00:27.440  4067  4067 E BatteryNotifier: batterystats service unavailable!
07-27 00:00:27.441  4067  4067 E BatteryNotifier: batterystats service unavailable!
07-27 00:00:27.441  4067  4067 E CameraService: Could not load camera HAL module: -2 (No such file or directory)
07-27 00:00:27.442  4067  4067 I AudioPolicyService: AudioPolicyService CSTOR in new mode
07-27 00:00:27.442  4067  4067 I APM::ConfigParsingUtils: loadAudioPolicyConfig() loaded /system/etc/audio_policy.conf
07-27 00:00:27.511  4066  4066 D AndroidRuntime: >>>>>> START com.android.internal.os.ZygoteInit uid 0 <<<<<<
07-27 00:00:27.514  4066  4066 D AndroidRuntime: CheckJNI is ON
07-27 00:00:27.514  4066  4066 I art     : option[0]=-Xzygote
07-27 00:00:27.514  4066  4066 I art     : option[1]=-Xcheck:jni
07-27 00:00:27.514  4066  4066 I art     : option[2]=-Xstacktracefile:/data/anr/traces.txt
07-27 00:00:27.514  4066  4066 I art     : option[3]=exit
07-27 00:00:27.514  4066  4066 I art     : option[4]=vfprintf
07-27 00:00:27.514  4066  4066 I art     : option[5]=sensitiveThread
07-27 00:00:27.514  4066  4066 I art     : option[6]=-verbose:gc
07-27 00:00:27.514  4066  4066 I art     : option[7]=-Xms8m
07-27 00:00:27.514  4066  4066 I art     : option[8]=-Xmx512m
07-27 00:00:27.514  4066  4066 I art     : option[9]=-XX:HeapGrowthLimit=256m
07-27 00:00:27.514  4066  4066 I art     : option[10]=-XX:HeapMinFree=2m
07-27 00:00:27.514  4066  4066 I art     : option[11]=-XX:HeapMaxFree=8m
07-27 00:00:27.514  4066  4066 I art     : option[12]=-XX:HeapTargetUtilization=0.75
07-27 00:00:27.514  4066  4066 I art     : option[13]=-Xusejit:true
07-27 00:00:27.514  4066  4066 I art     : option[14]=-agentlib:jdwp=transport=dt_android_adb,suspend=n,server=y
07-27 00:00:27.514  4066  4066 I art     : option[15]=-Xlockprofthreshold:500
07-27 00:00:27.514  4066  4066 I art     : option[16]=-Ximage-compiler-option
07-27 00:00:27.514  4066  4066 I art     : option[17]=--runtime-arg
07-27 00:00:27.514  4066  4066 I art     : option[18]=-Ximage-compiler-option
07-27 00:00:27.514  4066  4066 I art     : option[19]=-Xms64m
07-27 00:00:27.514  4066  4066 I art     : option[20]=-Ximage-compiler-option
07-27 00:00:27.514  4066  4066 I art     : option[21]=--runtime-arg
07-27 00:00:27.514  4066  4066 I art     : option[22]=-Ximage-compiler-option
07-27 00:00:27.514  4066  4066 I art     : option[23]=-Xmx64m
07-27 00:00:27.514  4066  4066 I art     : option[24]=-Ximage-compiler-option
07-27 00:00:27.514  4066  4066 I art     : option[25]=--compiler-filter=verify-at-runtime
07-27 00:00:27.514  4066  4066 I art     : option[26]=-Ximage-compiler-option
07-27 00:00:27.514  4066  4066 I art     : option[27]=--image-classes=/system/etc/preloaded-classes
07-27 00:00:27.514  4066  4066 I art     : option[28]=-Xcompiler-option
07-27 00:00:27.514  4066  4066 I art     : option[29]=--runtime-arg
07-27 00:00:27.514  4066  4066 I art     : option[30]=-Xcompiler-option
07-27 00:00:27.514  4066  4066 I art     : option[31]=-Xms64m
07-27 00:00:27.514  4066  4066 I art     : option[32]=-Xcompiler-option
07-27 00:00:27.514  4066  4066 I art     : option[33]=--runtime-arg
07-27 00:00:27.514  4066  4066 I art     : option[34]=-Xcompiler-option
07-27 00:00:27.514  4066  4066 I art     : option[35]=-Xmx512m
07-27 00:00:27.514  4066  4066 I art     : option[36]=-Xcompiler-option
07-27 00:00:27.514  4066  4066 I art     : option[37]=--compiler-filter=verify-at-runtime
07-27 00:00:27.514  4066  4066 I art     : option[38]=-Ximage-compiler-option
07-27 00:00:27.514  4066  4066 I art     : option[39]=--instruction-set-variant=generic
07-27 00:00:27.514  4066  4066 I art     : option[40]=-Xcompiler-option
07-27 00:00:27.514  4066  4066 I art     : option[41]=--instruction-set-variant=generic
07-27 00:00:27.514  4066  4066 I art     : option[42]=-Ximage-compiler-option
07-27 00:00:27.514  4066  4066 I art     : option[43]=--instruction-set-features=default
07-27 00:00:27.514  4066  4066 I art     : option[44]=-Xcompiler-option
07-27 00:00:27.514  4066  4066 I art     : option[45]=--instruction-set-features=default
07-27 00:00:27.514  4066  4066 I art     : option[46]=-Duser.locale=en-US
07-27 00:00:27.514  4066  4066 I art     : option[47]=--cpu-abilist=arm64-v8a,armeabi
07-27 00:00:27.514  4066  4066 I art     : option[48]=-Xfingerprint:samsung/cm_hero2ltexx/hero2ltexx:6.0.1/MOB30M/96ef77da27:eng/test-keys
07-27 00:00:27.539  4066  4066 D ICU     : No timezone override file found: /data/misc/zoneinfo/current/icu/icu_tzdata.dat
07-27 00:00:27.668  4066  4066 I Radio-JNI: register_android_hardware_Radio DONE
07-27 00:00:27.712  4066  4066 I SamplingProfilerIntegration: Profiling disabled.
07-27 00:00:27.713  4066  4066 D Zygote  : begin preload
07-27 00:00:27.714  4066  4066 I Zygote  : Preloading classes...
07-27 00:00:27.971  4067  4067 E audio_route: Failed to open /system/etc/mixer_paths.xml
07-27 00:00:27.977  4067  4067 I AudioFlinger: loadHwModule() Loaded primary audio interface from Samsung audio HW HAL (audio) handle 1
07-27 00:00:27.977  4067  4067 I AudioFlinger: openOutput(), module 1 Device 2, SamplingRate 44100, Format 0x000001, Channels 3, flags 2
07-27 00:00:27.977  4067  4067 I AudioFlinger: AudioStreamOut::open(), mHalFormatIsLinearPcm = 1
07-27 00:00:27.977  4067  4067 I AudioFlinger: HAL output buffer size 256 frames, normal sink buffer size 960 frames
07-27 00:00:27.979  4067  4067 I BufferProvider: found effect "Multichannel Downmix To Stereo" from The Android Open Source Project
07-27 00:00:27.979  4067  4067 E MonoPipe: Failed to fetch local time frequency when constructing a MonoPipe (res = -32).  getNextWriteTimestamp calls will be non-functional
07-27 00:00:27.979  4067  4067 I AudioFlinger: Using module 1 has the primary audio interface
07-27 00:00:27.979  4067  4211 I AudioFlinger: AudioFlinger's thread 0xf4980000 ready to run
07-27 00:00:27.979  4067  4211 V audio_hw_primary: do_out_standby: output standby: 1
07-27 00:00:27.980  4067  4211 V audio_hw_primary: out_set_parameters: key value pairs: routing=2
07-27 00:00:27.980  4067  4211 E AudioFlinger: no wake lock to update!
07-27 00:00:27.982  4067  4067 V audio_hw_primary: adev_open_input_stream: Created resampler converting 48000 -> 16000
07-27 00:00:27.982  4067  4067 V audio_hw_primary: adev_open_input_stream: Requesting input stream with rate: 16000, channels: 0xc
07-27 00:00:27.982  4067  4213 I AudioFlinger: AudioFlinger's thread 0xf45c0000 ready to run
07-27 00:00:27.983  4067  4067 I r_submix: adev_open(name=audio_hw_if)
07-27 00:00:27.983  4067  4067 I r_submix: adev_init_check()
07-27 00:00:27.983  4067  4067 I AudioFlinger: loadHwModule() Loaded r_submix audio interface from Wifi Display audio HAL (audio) handle 4
07-27 00:00:27.983  4067  4067 D r_submix: adev_open_input_stream(addr=0)
07-27 00:00:27.983  4067  4067 D r_submix: submix_audio_device_create_pipe_l(addr=0, idx=9)
07-27 00:00:27.983  4067  4067 D r_submix:   now using address 0 for route 9
07-27 00:00:27.983  4067  4214 I AudioFlinger: AudioFlinger's thread 0xf45c0000 ready to run
07-27 00:00:27.983  4067  4067 D r_submix: adev_close_input_stream()
07-27 00:00:27.983  4067  4067 D r_submix: submix_audio_device_release_pipe_l(idx=9) addr=0
07-27 00:00:27.983  4067  4067 D r_submix: submix_audio_device_destroy_pipe_l(): pipe destroyed
07-27 00:00:27.984  4067  4067 E SoundTriggerHwService: couldn't load sound trigger module sound_trigger.primary (No such file or directory)
07-27 00:00:27.984  4067  4067 I RadioService: RadioService
07-27 00:00:27.984  4067  4067 I RadioService: onFirstRef
07-27 00:00:27.984  4067  4067 E RadioService: couldn't load radio module radio.primary (No such file or directory)
07-27 00:00:28.065  4066  4066 E Minikin : addFont failed to create font /system/fonts/NanumGothic.ttf
07-27 00:00:28.065  4066  4066 E Minikin : addFont failed to create font /system/fonts/DroidSansFallback.ttf
07-27 00:00:28.065  4066  4066 E Minikin : addFont failed to create font /system/fonts/MTLmr3m.ttf
07-27 00:00:28.149  4066  4066 V DngCreator_JNI: DngCreator_nativeClassInit:
07-27 00:00:28.222  4068  4068 V NatController: runCmd(/system/bin/iptables -w -F natctrl_FORWARD) res=0
07-27 00:00:28.228  4068  4068 V NatController: runCmd(/system/bin/iptables -w -A natctrl_FORWARD -j DROP) res=0
07-27 00:00:28.233  4068  4068 V NatController: runCmd(/system/bin/iptables -w -t nat -F natctrl_nat_POSTROUTING) res=0
07-27 00:00:28.240  4068  4068 V NatController: runCmd(/system/bin/iptables -w -F natctrl_tether_counters) res=0
07-27 00:00:28.246  4068  4068 V NatController: runCmd(/system/bin/iptables -w -X natctrl_tether_counters) res=0
07-27 00:00:28.252  4068  4068 V NatController: runCmd(/system/bin/iptables -w -N natctrl_tether_counters) res=0
07-27 00:00:28.257  4068  4068 V NatController: runCmd(/system/bin/iptables -w -t mangle -A natctrl_mangle_FORWARD -p tcp --tcp-flags SYN SYN -j TCPMSS --clamp-mss-to-pmtu) res=0
07-27 00:00:28.359  3054  3054 W auditd  : type=1325 audit(0.0:816): table=filter family=10 entries=50
07-27 00:00:28.359  3054  3054 W auditd  : type=1320 audit(0.0:816): 
07-27 00:00:28.359  3054  3054 W auditd  : type=1325 audit(0.0:817): table=filter family=2 entries=45
07-27 00:00:28.359  3054  3054 W auditd  : type=1320 audit(0.0:817): 
07-27 00:00:28.369  3054  3054 W auditd  : type=1325 audit(0.0:818): table=filter family=10 entries=48
07-27 00:00:28.369  3054  3054 W auditd  : type=1320 audit(0.0:818): 
07-27 00:00:28.369  3054  3054 W auditd  : type=1325 audit(0.0:819): table=filter family=2 entries=43
07-27 00:00:28.369  3054  3054 W auditd  : type=1320 audit(0.0:819): 
07-27 00:00:28.369  3054  3054 W auditd  : type=1325 audit(0.0:820): table=filter family=10 entries=46
07-27 00:00:28.369  3054  3054 W auditd  : type=1320 audit(0.0:820): 
07-27 00:00:28.379  3054  3054 W auditd  : type=1325 audit(0.0:821): table=filter family=2 entries=45
07-27 00:00:28.379  3054  3054 W auditd  : type=1320 audit(0.0:821): 
07-27 00:00:28.379  3054  3054 W auditd  : type=1325 audit(0.0:822): table=filter family=10 entries=48
07-27 00:00:28.379  3054  3054 W auditd  : type=1320 audit(0.0:822): 
07-27 00:00:28.389  3054  3054 W auditd  : type=1325 audit(0.0:823): table=filter family=2 entries=47
07-27 00:00:28.389  3054  3054 W auditd  : type=1320 audit(0.0:823): 
07-27 00:00:28.389  3054  3054 W auditd  : type=1325 audit(0.0:824): table=filter family=10 entries=50
07-27 00:00:28.389  3054  3054 W auditd  : type=1320 audit(0.0:824): 
07-27 00:00:28.409  3054  3054 W auditd  : type=1325 audit(0.0:825): table=filter family=2 entries=49
07-27 00:00:28.409  3054  3054 W auditd  : type=1320 audit(0.0:825): 
07-27 00:00:28.566  4068  4068 E Netd    : cannot find interface dummy0
07-27 00:00:28.568  4068  4068 D MDnsDS  : MDnsSdListener::Hander starting up
07-27 00:00:28.569  4068  4332 D MDnsDS  : MDnsSdListener starting to monitor
07-27 00:00:28.569  4068  4332 D MDnsDS  : Going to poll with pollCount 1
07-27 00:00:28.744  4066  4066 I art     : Thread[1,tid=4066,Native,Thread*=0x7f840bba00,peer=0x12c532e0,"main"] recursive attempt to load library "/system/lib64/libmedia_jni.so"
07-27 00:00:28.744  4066  4066 D MtpDeviceJNI: register_android_mtp_MtpDevice
07-27 00:00:28.745  4066  4066 I art     : Thread[1,tid=4066,Native,Thread*=0x7f840bba00,peer=0x12c532e0,"main"] recursive attempt to load library "/system/lib64/libmedia_jni.so"
07-27 00:00:28.745  4066  4066 I art     : Thread[1,tid=4066,Native,Thread*=0x7f840bba00,peer=0x12c532e0,"main"] recursive attempt to load library "/system/lib64/libmedia_jni.so"
07-27 00:00:29.186  4066  4066 W System  : ClassLoader referenced unknown path: /system/framework/tcmclient.jar
07-27 00:00:29.477  4066  4066 I System  : Loaded time zone names for "" in 19ms (16ms in ICU)
07-27 00:00:29.510  4066  4066 I System  : Loaded time zone names for "en_US" in 33ms (11ms in ICU)
07-27 00:00:29.663  4066  4066 I Zygote  : ...preloaded 3831 classes in 1949ms.
07-27 00:00:29.663  4066  4066 I art     : VMRuntime.preloadDexCaches starting
07-27 00:00:29.693  4066  4066 I art     : VMRuntime.preloadDexCaches strings total=248969 before=10083 after=10083
07-27 00:00:29.693  4066  4066 I art     : VMRuntime.preloadDexCaches types total=20332 before=8245 after=9836
07-27 00:00:29.693  4066  4066 I art     : VMRuntime.preloadDexCaches fields total=100378 before=35761 after=47726
07-27 00:00:29.693  4066  4066 I art     : VMRuntime.preloadDexCaches methods total=172817 before=67604 after=83308
07-27 00:00:29.693  4066  4066 I art     : VMRuntime.preloadDexCaches finished
07-27 00:00:29.704  4336  4336 D idmap   : error: no read access to /vendor/overlay: No such file or directory
07-27 00:00:29.707  4066  4066 I Zygote  : Preloading resources...
07-27 00:00:30.046  4066  4066 I Zygote  : ...preloaded 342 resources in 339ms.
07-27 00:00:30.055  4066  4066 I Zygote  : ...preloaded 41 resources in 9ms.
07-27 00:00:30.061  4066  4066 D libEGL  : loaded /vendor/lib64/egl/libGLES_mali.so
07-27 00:00:30.067  4066  4066 I Zygote  : Preloading shared libraries...
07-27 00:00:30.073  4066  4066 D Zygote  : end preload
07-27 00:00:30.073  4066  4066 I art     : Starting a blocking GC Explicit
07-27 00:00:30.083  4066  4066 I art     : Explicit concurrent mark sweep GC freed 11500(464KB) AllocSpace objects, 0(0B) LOS objects, 35% free, 29MB/45MB, paused 45us total 9.960ms
07-27 00:00:30.088  4066  4066 I art     : Starting a blocking GC Explicit
07-27 00:00:30.097  4066  4066 I art     : Explicit concurrent mark sweep GC freed 2455(116KB) AllocSpace objects, 0(0B) LOS objects, 35% free, 28MB/44MB, paused 46us total 8.817ms
07-27 00:00:30.098  4066  4119 I art     : Starting a blocking GC HeapTrim
07-27 00:00:30.100  4066  4066 I art     : Starting a blocking GC Background
07-27 00:00:30.148  4066  4066 I Zygote  : System server process 4338 has been created
07-27 00:00:30.150  4066  4066 I Zygote  : Accepting command socket connections
07-27 00:00:30.165  4338  4338 I Zygote  : Process: zygote socket opened, supported ABIS: armeabi-v7a,armeabi
07-27 00:00:30.166  4338  4338 I InstallerConnection: connecting...
07-27 00:00:30.166  2934  2934 I installd: new connection
07-27 00:00:30.168  4338  4338 I InstallerConnection: disconnecting...
07-27 00:00:30.168  2934  2934 E installd: eof
07-27 00:00:30.168  2934  2934 E installd: failed to read size
07-27 00:00:30.168  2934  2934 I installd: closing connection
07-27 00:00:30.203  4338  4338 I SystemServer: Entered the Android system server!
07-27 00:00:30.244  4338  4338 I SystemServiceManager: Starting com.android.server.pm.Installer
07-27 00:00:30.245  4338  4338 I Installer: Waiting for installd to be ready.
07-27 00:00:30.245  4338  4338 I InstallerConnection: connecting...
07-27 00:00:30.245  2934  2934 I installd: new connection
07-27 00:00:30.245  4338  4338 I SystemServiceManager: Starting com.android.server.am.ActivityManagerService$Lifecycle
07-27 00:00:30.315  4338  4338 I XXXXXX  : choosing minFree values for 64 Bit
07-27 00:00:30.315  4338  4338 I XXXXXX  : choosing minFree values for 64 Bit
07-27 00:00:30.315  4338  4338 I XXXXXX  : choosing minFree values for 64 Bit
07-27 00:00:30.315  4338  4338 I XXXXXX  : choosing minFree values for 64 Bit
07-27 00:00:30.315  4338  4338 I XXXXXX  : choosing minFree values for 64 Bit
07-27 00:00:30.315  4338  4338 I XXXXXX  : choosing minFree values for 64 Bit
07-27 00:00:30.321  4338  4338 I ActivityManager: Memory class: 256
07-27 00:00:30.322  4338  4353 I ServiceThread: Enabled StrictMode logging for ActivityManager looper.
07-27 00:00:30.326  4338  4354 I ServiceThread: Enabled StrictMode logging for android.ui looper.
07-27 00:00:30.386  4338  4338 D BatteryStatsImpl: Reading daily items from /data/system/batterystats-daily.xml
07-27 00:00:30.422  4338  4338 I AppOps  : No existing app ops /data/system/appops.xml; starting empty
07-27 00:00:30.478  4338  4338 I IntentFirewall: Read new rules (A:0 B:0 S:0)
07-27 00:00:30.497  4338  4358 I ServiceThread: Enabled StrictMode logging for android.display looper.
07-27 00:00:30.502  4338  4338 D AppOps  : AppOpsService published
07-27 00:00:30.503  4338  4338 I SystemServiceManager: Starting com.android.server.power.PowerManagerService
07-27 00:00:30.504  4338  4360 I ServiceThread: Enabled StrictMode logging for PowerManagerService looper.
07-27 00:00:30.505  4338  4338 W libsuspend: Error writing 'on' to /sys/power/state: Invalid argument
07-27 00:00:30.505  4338  4338 I libsuspend: Selected wakeup count
07-27 00:00:30.507  4338  4338 I SystemServiceManager: Starting com.android.server.lights.LightsService
07-27 00:00:30.508  4338  4338 I SystemServiceManager: Starting com.android.server.display.DisplayManagerService
07-27 00:00:30.514  4338  4338 I SystemServiceManager: Starting phase 100
07-27 00:00:30.518  2921  3017 E SurfaceFlinger: getDefaultDisplay: id=2 is not a valid default display id
07-27 00:00:30.520  4338  4358 I DisplayManagerService: Display device added: DisplayDeviceInfo{"Built-in Screen": uniqueId="local:0", 1440 x 2560, modeId 1, defaultModeId 1, supportedModes [{id=1, width=1440, height=2560, fps=59.0}], colorTransformId 1, defaultColorTransformId 1, supportedColorTransforms [{id=1, colorTransform=-22}], density 640, 537.882 x 532.983 dpi, appVsyncOff 0, presDeadline 17949152, touch INTERNAL, rotation 0, type BUILT_IN, state UNKNOWN, FLAG_DEFAULT_DISPLAY, FLAG_ROTATES_WITH_CONTENT, FLAG_SECURE, FLAG_SUPPORTS_PROTECTED_BUFFERS}
07-27 00:00:30.521  2921  2921 D SurfaceFlinger: Set power mode=2, type=0 flinger=0x7f8a743c00
07-27 00:00:30.521  2921  2921 D SurfaceFlinger: Screen type=0 is already mode=2
07-27 00:00:30.533  4338  4338 I SystemServer: Package Manager
07-27 00:00:30.533  4338  4358 I DisplayManagerService: Display device changed state: "Built-in Screen", ON
07-27 00:00:30.630  4338  4338 W SystemConfig: No directory /system/etc/sysconfig, skipping
07-27 00:00:30.707  4338  4338 D SELinuxMMAC: Using policy file /system/etc/security/mac_permissions.xml
07-27 00:00:31.391  4338  4338 E art     : DexFile_getDexOptNeeded file '/system/framework/org.apache.http.legacy.jar' does not exist
07-27 00:00:31.391  4338  4338 W PackageManager: Library not found: /system/framework/org.apache.http.legacy.jar
07-27 00:00:31.391  4338  4338 E art     : DexFile_getDexOptNeeded file '/system/framework/com.android.nfc_extras.jar' does not exist
07-27 00:00:31.391  4338  4338 W PackageManager: Library not found: /system/framework/com.android.nfc_extras.jar
07-27 00:00:31.393  4338  4338 E art     : DexFile_getDexOptNeeded file '/system/framework/org.apache.http.legacy.jar' does not exist
07-27 00:00:31.393  4338  4338 W PackageManager: Library not found: /system/framework/org.apache.http.legacy.jar
07-27 00:00:31.393  4338  4338 E art     : DexFile_getDexOptNeeded file '/system/framework/com.android.nfc_extras.jar' does not exist
07-27 00:00:31.393  4338  4338 W PackageManager: Library not found: /system/framework/com.android.nfc_extras.jar
07-27 00:00:31.409  4338  4338 D PackageManager: No files in app dir /vendor/overlay
07-27 00:00:32.337  4338  4338 W PackageManager: Permission android.permission.SET_KEYGUARD_WALLPAPER from package android in an unknown group android.permission-group.WALLPAPER
07-27 00:00:32.339  4338  4338 W PackageManager: Permission android.permission.MODIFY_PROTECTED_SMS_LIST from package android in an unknown group android.permission-group.MESSAGES
07-27 00:00:32.340  4338  4338 W PackageManager: Permission android.permission.RECEIVE_PROTECTED_SMS from package android in an unknown group android.permission-group.MESSAGES
07-27 00:00:32.340  4338  4338 W PackageManager: Permission android.permission.RESET_BATTERY_STATS from package android in an unknown group android.permission-group.SYSTEM_TOOLS
07-27 00:00:32.364  4338  4338 W PackageManager: Permission cyanogenmod.permission.WRITE_ALARMS from package cyanogenmod.platform in an unknown group android.permission-group.SYSTEM_CLOCK
07-27 00:00:32.364  4338  4338 W PackageManager: Permission cyanogenmod.permission.MANAGE_ALARMS from package cyanogenmod.platform in an unknown group android.permission-group.SYSTEM_CLOCK
07-27 00:00:32.364  4338  4338 W PackageManager: Permission cyanogenmod.permission.READ_ALARMS from package cyanogenmod.platform in an unknown group android.permission-group.SYSTEM_CLOCK
07-27 00:00:32.674  4338  4338 W PackageParser: No actions in intent filter at /system/priv-app/Contacts/Contacts.apk Binary XML file line #301
07-27 00:00:33.763  4338  4338 W PackageParser: No actions in intent filter at /system/priv-app/Dialer/Dialer.apk Binary XML file line #151
07-27 00:00:34.390  4338  4338 W PackageManager: Permission android.permission.DOWNLOAD_WITHOUT_NOTIFICATION from package com.android.providers.downloads in an unknown group android.permission-group.NETWORK
