07-27 04:54:54.578  3408  3408 E System  : 	at java.lang.reflect.Method.invoke(Native Method)
07-27 04:54:54.578  3408  3408 E System  : 	at com.android.internal.os.ZygoteInit$MethodAndArgsCaller.run(ZygoteInit.java:726)
07-27 04:54:54.578  3408  3408 E System  : 	at com.android.internal.os.ZygoteInit.main(ZygoteInit.java:616)
07-27 04:54:54.578  3408  3408 I SystemServer: Input Method Service
07-27 04:54:54.585  3408  3467 I SyncManager: No initial accounts
07-27 04:54:54.585  3408  3467 I SyncManager: No initial status
07-27 04:54:54.585  3408  3467 I SyncManager: No initial statistics
07-27 04:54:54.624  3408  3408 W InputMethodManagerService: No IME selected. Choose the most applicable IME.
07-27 04:54:54.625  3408  3408 I InputMethodManagerService: Default found, using com.android.inputmethod.latin/.LatinIME
07-27 04:54:54.629  3408  3408 I SystemServer: Accessibility Manager
07-27 04:54:54.641  3408  3408 W SystemServer: ***********************************************
07-27 04:54:54.642  3408  3408 E SystemServer: BOOT FAILURE making display ready
07-27 04:54:54.642  3408  3408 E SystemServer: java.lang.NullPointerException: Attempt to invoke virtual method 'void com.android.server.wm.WindowManagerService.displayReady()' on a null object reference
07-27 04:54:54.642  3408  3408 E SystemServer: 	at com.android.server.SystemServer.startOtherServices(SystemServer.java:590)
07-27 04:54:54.642  3408  3408 E SystemServer: 	at com.android.server.SystemServer.run(SystemServer.java:290)
07-27 04:54:54.642  3408  3408 E SystemServer: 	at com.android.server.SystemServer.main(SystemServer.java:175)
07-27 04:54:54.642  3408  3408 E SystemServer: 	at java.lang.reflect.Method.invoke(Native Method)
07-27 04:54:54.642  3408  3408 E SystemServer: 	at com.android.internal.os.ZygoteInit$MethodAndArgsCaller.run(ZygoteInit.java:726)
07-27 04:54:54.642  3408  3408 E SystemServer: 	at com.android.internal.os.ZygoteInit.main(ZygoteInit.java:616)
07-27 04:54:54.644  3408  3408 I SystemServiceManager: Starting com.android.server.MountService$Lifecycle
07-27 04:54:54.657  3408  4097 D MountService: Thinking about reset, mSystemReady=false, mDaemonConnected=true
07-27 04:54:54.658  3408  4097 D MountService: Thinking about reset, mSystemReady=false, mDaemonConnected=true
07-27 04:54:54.658  3408  4097 D CryptdConnector: SND -> {1 cryptfs getfield SystemLocale}
07-27 04:54:54.658  2906  2942 I Ext4Crypt: ext4 crypto complete called on /data
07-27 04:54:54.658  2906  2942 I Ext4Crypt: No master key, so not ext4enc
07-27 04:54:54.660  3408  3408 I SystemServiceManager: Starting com.android.server.UiModeManagerService
07-27 04:54:54.660  3408  4099 D CryptdConnector: RCV <- {200 1 -1}
07-27 04:54:54.662  3408  4097 W MountService: No primary storage mounted!
07-27 04:54:54.662  3408  4097 D VoldConnector: SND -> {1 asec list}
07-27 04:54:54.663  3408  4098 D VoldConnector: RCV <- {200 1 asec operation succeeded}
07-27 04:54:54.663  3408  3408 I ActivityManager: Config changes=200 {1.0 ?mcc?mnc en_US ldltr ?swdp ?wdp ?hdp ?density ?lsize ?long ?orien ?touch ?keyb/?/? ?nav/? s.2 themeResource=null}
07-27 04:54:54.663  3408  4097 I PackageManager: No secure containers found
07-27 04:54:54.664  3408  4097 W PackageManager: Unknown permission com.google.android.googleapps.permission.GOOGLE_AUTH in package com.android.providers.calendar
07-27 04:54:54.664  3408  4097 W PackageManager: Unknown permission com.google.android.googleapps.permission.GOOGLE_AUTH.cl in package com.android.providers.calendar
07-27 04:54:54.664  3408  4097 W PackageManager: Not granting permission android.permission.REAL_GET_TASKS to package org.cyanogenmod.wallpapers.photophase (protectionLevel=18 flags=0x3898be45)
07-27 04:54:54.665  3408  3408 W PackageManager: No disk maintenance in 1469595294665; running immediately
07-27 04:54:54.666  3408  4097 W PackageManager: Unknown permission com.cyanogen.ambient.permission.BIND_CALLER_INFO in package com.android.messaging
07-27 04:54:54.666  3408  4097 W PackageManager: Not granting permission android.permission.ACCESS_DOWNLOAD_MANAGER to package com.android.browser (protectionLevel=18 flags=0x38c9be45)
07-27 04:54:54.667  3408  4097 W PackageManager: Not granting permission android.permission.SEND_DOWNLOAD_COMPLETED_INTENTS to package com.android.browser (protectionLevel=2 flags=0x38c9be45)
07-27 04:54:54.669  3408  4097 W PackageManager: Unknown permission com.cyngn.stats.SEND_ANALYTICS in package com.cyanogenmod.setupwizard
07-27 04:54:54.669  3408  4097 W PackageManager: Unknown permission com.cyanogen.permission.REQUEST_KILL_SWITCH_OP in package com.cyanogenmod.setupwizard
07-27 04:54:54.670  3408  4097 W PackageManager: Unknown permission com.cyanogen.ambient.permission.BIND_INCALL_SERVICE in package com.android.contacts
07-27 04:54:54.670  3408  4097 W PackageManager: Unknown permission com.cyanogen.ambient.permission.PLUGIN_STATUS_CHANGED in package com.android.contacts
07-27 04:54:54.670  3408  4097 W PackageManager: Unknown permission com.cyanogen.ambient.permission.BIND_CALLER_INFO in package com.android.contacts
07-27 04:54:54.673  3408  4097 W PackageManager: Unknown permission com.google.android.googleapps.permission.GOOGLE_AUTH.mail in package com.android.calendar
07-27 04:54:54.674  3408  4097 W PackageManager: Unknown permission com.android.launcher.permission.READ_SETTINGS in package com.android.onetimeinitializer
07-27 04:54:54.674  3408  4097 W PackageManager: Unknown permission com.android.launcher.permission.WRITE_SETTINGS in package com.android.onetimeinitializer
07-27 04:54:54.675  3408  4097 W PackageManager: Unknown permission com.cyanogen.ambient.permission.BIND_INCALL_SERVICE in package com.android.dialer
07-27 04:54:54.675  3408  4097 W PackageManager: Unknown permission com.cyanogen.ambient.permission.PLUGIN_STATUS_CHANGED in package com.android.dialer
07-27 04:54:54.675  3408  4097 W PackageManager: Unknown permission com.cyanogen.ambient.permission.PUBLISH_DISCOVERY_NUDGE in package com.android.dialer
07-27 04:54:54.675  3408  4097 W PackageManager: Unknown permission com.cyanogen.ambient.permission.BIND_DEEPLINK_SERVICE in package com.android.dialer
07-27 04:54:54.675  3408  4097 W PackageManager: Unknown permission com.cyanogen.ambient.permission.READ_DEEPLINK_DATABASE in package com.android.dialer
07-27 04:54:54.676  3408  4097 W PackageManager: Unknown permission com.cyanogen.ambient.permission.BIND_CALLER_INFO in package com.android.dialer
07-27 04:54:54.676  3408  4097 W PackageManager: Unknown permission com.android.launcher.permission.READ_SETTINGS in package com.cyanogenmod.trebuchet
07-27 04:54:54.676  3408  4097 W PackageManager: Unknown permission com.android.launcher.permission.WRITE_SETTINGS in package com.cyanogenmod.trebuchet
07-27 04:54:54.677  3408  4097 W PackageManager: Unknown permission com.cyngn.stats.SEND_ANALYTICS in package com.cyanogenmod.trebuchet
07-27 04:54:54.677  3408  4097 W PackageManager: Unknown permission android.permission.CANCEL_NOTIFICATIONS in package org.cyanogenmod.theme.chooser
07-27 04:54:54.678  3408  4097 W PackageManager: Unknown permission com.google.android.permission.INSTALL_WEARABLE_PACKAGES in package com.android.packageinstaller
07-27 04:54:54.678  3408  4097 W PackageManager: Not granting permission android.permission.DELETE_PACKAGES to package com.svox.pico (protectionLevel=18 flags=0x3888be45)
07-27 04:54:54.678  3408  4097 W PackageManager: Unknown permission android.permission.ACCESS_SUPERUSER in package com.cyanogenmod.filemanager
07-27 04:54:54.679  3408  4097 W PackageManager: Unknown permission com.cyanogenmod.filemanager.permissions.READ_THEME in package com.cyanogenmod.filemanager
07-27 04:54:54.681  3408  4097 W PackageManager: Unknown permission com.google.android.gallery3d.permission.PICASA_STORE in package com.android.dreams.phototable
07-27 04:54:54.682  3408  4097 W PackageManager: Unknown permission com.google.android.googleapps.permission.GOOGLE_AUTH in package com.android.settings
07-27 04:54:54.683  3408  4097 W PackageManager: Unknown permission com.android.launcher.permission.READ_SETTINGS in package com.android.settings
07-27 04:54:54.683  3408  4097 W PackageManager: Unknown permission com.android.launcher.permission.WRITE_SETTINGS in package com.android.settings
07-27 04:54:54.685  3408  4097 W PackageManager: Not granting permission android.permission.REAL_GET_TASKS to package com.cyanogenmod.eleven (protectionLevel=18 flags=0x3898be65)
07-27 04:54:54.699  3408  4097 W PackageManager: Unknown permission com.google.android.gallery3d.permission.GALLERY_PROVIDER in package com.android.bluetooth
07-27 04:54:54.700  3408  4097 W PackageManager: Unknown permission com.google.android.googleapps.permission.ACCESS_GOOGLE_PASSWORD in package com.android.development
07-27 04:54:54.700  3408  4097 W PackageManager: Unknown permission com.google.android.googleapps.permission.GOOGLE_AUTH in package com.android.development
07-27 04:54:54.700  3408  4097 W PackageManager: Unknown permission com.google.android.googleapps.permission.GOOGLE_AUTH.ALL_SERVICES in package com.android.development
07-27 04:54:54.700  3408  4097 W PackageManager: Unknown permission com.google.android.googleapps.permission.GOOGLE_AUTH.YouTubeUser in package com.android.development
07-27 04:54:54.913  3408  3408 W art     : Long monitor contention event with owner method=boolean java.util.Arrays.equals(byte[], byte[]) from Arrays.java:1361 waiters=0 for 248ms
07-27 04:54:54.914  3408  4097 W MountService: No primary storage defined yet; hacking together a stub
07-27 04:54:54.914  3408  4097 W MountService: No primary storage defined yet; hacking together a stub
07-27 04:54:54.915  3408  4097 W MountService: No primary storage mounted!
07-27 04:54:54.915  3408  4097 D VoldConnector: SND -> {2 asec list}
07-27 04:54:54.915  3408  4098 D VoldConnector: RCV <- {200 2 asec operation succeeded}
07-27 04:54:54.916  3408  3408 W SystemServer: ***********************************************
07-27 04:54:54.916  3408  3408 E SystemServer: BOOT FAILURE performing boot dexopt
07-27 04:54:54.916  3408  3408 E SystemServer: java.lang.NullPointerException: Attempt to invoke virtual method 'void com.android.server.wm.WindowManagerService.showBootMessage(java.lang.CharSequence, boolean)' on a null object reference
07-27 04:54:54.916  3408  3408 E SystemServer: 	at com.android.server.am.ActivityManagerService.showBootMessage(ActivityManagerService.java:6565)
07-27 04:54:54.916  3408  3408 E SystemServer: 	at com.android.server.pm.PackageManagerService.performBootDexOpt(PackageManagerService.java:6452)
07-27 04:54:54.916  3408  3408 E SystemServer: 	at com.android.server.pm.PackageManagerService.performBootDexOpt(PackageManagerService.java:6399)
07-27 04:54:54.916  3408  3408 E SystemServer: 	at com.android.server.SystemServer.startOtherServices(SystemServer.java:617)
07-27 04:54:54.916  3408  3408 E SystemServer: 	at com.android.server.SystemServer.run(SystemServer.java:290)
07-27 04:54:54.916  3408  3408 E SystemServer: 	at com.android.server.SystemServer.main(SystemServer.java:175)
07-27 04:54:54.916  3408  3408 E SystemServer: 	at java.lang.reflect.Method.invoke(Native Method)
07-27 04:54:54.916  3408  3408 E SystemServer: 	at com.android.internal.os.ZygoteInit$MethodAndArgsCaller.run(ZygoteInit.java:726)
07-27 04:54:54.916  3408  3408 E SystemServer: 	at com.android.internal.os.ZygoteInit.main(ZygoteInit.java:616)
07-27 04:54:54.918  3408  3408 E System  : ******************************************
07-27 04:54:54.918  3408  3408 E System  : ************ Failure starting system services
07-27 04:54:54.918  3408  3408 E System  : java.lang.NullPointerException: Attempt to invoke virtual method 'void com.android.server.wm.WindowManagerService.showBootMessage(java.lang.CharSequence, boolean)' on a null object reference
07-27 04:54:54.918  3408  3408 E System  : 	at com.android.server.am.ActivityManagerService.showBootMessage(ActivityManagerService.java:6565)
07-27 04:54:54.918  3408  3408 E System  : 	at com.android.server.SystemServer.startOtherServices(SystemServer.java:623)
07-27 04:54:54.918  3408  3408 E System  : 	at com.android.server.SystemServer.run(SystemServer.java:290)
07-27 04:54:54.918  3408  3408 E System  : 	at com.android.server.SystemServer.main(SystemServer.java:175)
07-27 04:54:54.918  3408  3408 E System  : 	at java.lang.reflect.Method.invoke(Native Method)
07-27 04:54:54.918  3408  3408 E System  : 	at com.android.internal.os.ZygoteInit$MethodAndArgsCaller.run(ZygoteInit.java:726)
07-27 04:54:54.918  3408  3408 E System  : 	at com.android.internal.os.ZygoteInit.main(ZygoteInit.java:616)
07-27 04:54:54.918  3408  3408 D AndroidRuntime: Shutting down VM
--------- beginning of crash
07-27 04:54:54.919  3408  3408 E AndroidRuntime: *** FATAL EXCEPTION IN SYSTEM PROCESS: main
07-27 04:54:54.919  3408  3408 E AndroidRuntime: java.lang.NullPointerException: Attempt to invoke virtual method 'void com.android.server.wm.WindowManagerService.showBootMessage(java.lang.CharSequence, boolean)' on a null object reference
07-27 04:54:54.919  3408  3408 E AndroidRuntime: 	at com.android.server.am.ActivityManagerService.showBootMessage(ActivityManagerService.java:6565)
07-27 04:54:54.919  3408  3408 E AndroidRuntime: 	at com.android.server.SystemServer.startOtherServices(SystemServer.java:623)
07-27 04:54:54.919  3408  3408 E AndroidRuntime: 	at com.android.server.SystemServer.run(SystemServer.java:290)
07-27 04:54:54.919  3408  3408 E AndroidRuntime: 	at com.android.server.SystemServer.main(SystemServer.java:175)
07-27 04:54:54.919  3408  3408 E AndroidRuntime: 	at java.lang.reflect.Method.invoke(Native Method)
07-27 04:54:54.919  3408  3408 E AndroidRuntime: 	at com.android.internal.os.ZygoteInit$MethodAndArgsCaller.run(ZygoteInit.java:726)
07-27 04:54:54.919  3408  3408 E AndroidRuntime: 	at com.android.internal.os.ZygoteInit.main(ZygoteInit.java:616)
07-27 04:54:54.919  3408  3408 I Process : Sending signal. PID: 3408 SIG: 9
07-27 04:54:54.933  2949  2949 E installd: eof
07-27 04:54:54.933  2949  2949 E installd: failed to read size
07-27 04:54:54.933  2949  2949 I installd: closing connection
07-27 04:54:54.934  2918  2918 I ServiceManager: service 'processinfo' died
07-27 04:54:54.934  2917  2917 I lowmemorykiller: ActivityManager disconnected
07-27 04:54:54.934  2917  2917 I lowmemorykiller: Closing Activity Manager data connection
07-27 04:54:54.934  2918  2918 I ServiceManager: service 'dbinfo' died
07-27 04:54:54.934  2918  2918 I ServiceManager: service 'permission' died
07-27 04:54:54.934  2918  2918 I ServiceManager: service 'telephony.registry' died
07-27 04:54:54.934  2918  2918 I ServiceManager: service 'batterymanager' died
07-27 04:54:54.934  2918  2918 I ServiceManager: service 'scheduling_policy' died
07-27 04:54:54.934  2918  2918 I ServiceManager: service 'webviewupdate' died
07-27 04:54:54.934  2918  2918 I ServiceManager: service 'usagestats' died
07-27 04:54:54.934  2918  2918 I ServiceManager: service 'media.camera.proxy' died
07-27 04:54:54.934  2918  2918 I ServiceManager: service 'account' died
07-27 04:54:54.934  2918  2918 I ServiceManager: service 'content' died
07-27 04:54:54.934  2918  2918 I ServiceManager: service 'vibrator' died
07-27 04:54:54.934  2918  2918 I ServiceManager: service 'input_method' died
07-27 04:54:54.934  2918  2918 I ServiceManager: service 'accessibility' died
07-27 04:54:54.934  2918  2918 I ServiceManager: service 'uimode' died
07-27 04:54:54.934  2918  2918 I ServiceManager: service 'mount' died
07-27 04:54:54.934  2918  2918 I ServiceManager: service 'user' died
07-27 04:54:54.934  2918  2918 I ServiceManager: service 'procstats' died
07-27 04:54:54.934  2918  2918 I ServiceManager: service 'package' died
07-27 04:54:54.934  2918  2918 I ServiceManager: service 'activity' died
07-27 04:54:54.934  2918  2918 I ServiceManager: service 'meminfo' died
07-27 04:54:54.934  2918  2918 I ServiceManager: service 'gfxinfo' died
07-27 04:54:54.934  2918  2918 I ServiceManager: service 'cpuinfo' died
07-27 04:54:54.934  2918  2918 I ServiceManager: service 'appops' died
07-27 04:54:54.934  2918  2918 I ServiceManager: service 'batterystats' died
07-27 04:54:54.934  2918  2918 I ServiceManager: service 'power' died
07-27 04:54:54.934  2918  2918 I ServiceManager: service 'display' died
07-27 04:54:54.934  2918  2918 I ServiceManager: service 'sensorservice' died
07-27 04:54:55.950  2953  2953 E Zygote  : Exit zygote because system server (3408) has terminated
07-27 04:54:55.970  2918  2918 I ServiceManager: service 'media.radio' died
07-27 04:54:55.970  2918  2918 I ServiceManager: service 'media.sound_trigger_hw' died
07-27 04:54:55.970  2918  2918 I ServiceManager: service 'media.audio_flinger' died
07-27 04:54:55.970  2918  2918 I ServiceManager: service 'media.player' died
07-27 04:54:55.970  2918  2918 I ServiceManager: service 'media.resource_manager' died
07-27 04:54:55.970  2918  2918 I ServiceManager: service 'media.camera' died
07-27 04:54:55.970  2918  2918 I ServiceManager: service 'media.audio_policy' died
07-27 04:54:56.088  4102  4102 I mediaserver: ServiceManager: 0xf61ce120
07-27 04:54:56.088  4102  4102 I AudioFlinger: Using default 3000 mSec as standby time.
07-27 04:54:56.088  4102  4102 E BatteryNotifier: batterystats service unavailable!
07-27 04:54:56.088  4102  4102 E BatteryNotifier: batterystats service unavailable!
07-27 04:54:56.088  4102  4102 I CameraService: CameraService started (pid=4102)
07-27 04:54:56.088  4102  4102 I CameraService: CameraService process starting
07-27 04:54:56.088  4102  4102 E BatteryNotifier: batterystats service unavailable!
07-27 04:54:56.088  4102  4102 E BatteryNotifier: batterystats service unavailable!
07-27 04:54:56.088  4102  4102 E CameraService: Could not load camera HAL module: -2 (No such file or directory)
07-27 04:54:56.088  4102  4102 I AudioPolicyService: AudioPolicyService CSTOR in new mode
07-27 04:54:56.089  4102  4102 I APM::ConfigParsingUtils: loadAudioPolicyConfig() loaded /system/etc/audio_policy.conf
07-27 04:54:56.130  4106  4106 I Netd    : Netd 1.0 starting
07-27 04:54:56.131  4106  4106 I QtiConnectivityAdapter: Failed to open libconnctrl, some features may not be present.
07-27 04:54:56.131  4106  4106 D TetherController: Setting IP forward enable = 0
07-27 04:54:56.129  3073  3073 W auditd  : type=1325 audit(0.0:137): table=filter family=2 entries=52
07-27 04:54:56.129  3073  3073 W auditd  : type=1320 audit(0.0:137): 
07-27 04:54:56.139  3073  3073 W auditd  : type=1325 audit(0.0:138): table=filter family=10 entries=55
07-27 04:54:56.139  3073  3073 W auditd  : type=1320 audit(0.0:138): 
07-27 04:54:56.139  3073  3073 W auditd  : type=1325 audit(0.0:139): table=filter family=2 entries=51
07-27 04:54:56.139  3073  3073 W auditd  : type=1320 audit(0.0:139): 
07-27 04:54:56.149  3073  3073 W auditd  : type=1325 audit(0.0:140): table=filter family=10 entries=54
07-27 04:54:56.149  3073  3073 W auditd  : type=1320 audit(0.0:140): 
07-27 04:54:56.149  3073  3073 W auditd  : type=1325 audit(0.0:141): table=filter family=2 entries=50
07-27 04:54:56.149  3073  3073 W auditd  : type=1320 audit(0.0:141): 
07-27 04:54:56.159  3073  3073 W auditd  : type=1325 audit(0.0:142): table=filter family=10 entries=53
07-27 04:54:56.159  3073  3073 W auditd  : type=1320 audit(0.0:142): 
07-27 04:54:56.163  4101  4101 D AndroidRuntime: >>>>>> START com.android.internal.os.ZygoteInit uid 0 <<<<<<
07-27 04:54:56.166  4101  4101 D AndroidRuntime: CheckJNI is ON
07-27 04:54:56.166  4101  4101 I art     : option[0]=-Xzygote
07-27 04:54:56.166  4101  4101 I art     : option[1]=-Xcheck:jni
07-27 04:54:56.166  4101  4101 I art     : option[2]=-Xstacktracefile:/data/anr/traces.txt
07-27 04:54:56.166  4101  4101 I art     : option[3]=exit
07-27 04:54:56.166  4101  4101 I art     : option[4]=vfprintf
07-27 04:54:56.166  4101  4101 I art     : option[5]=sensitiveThread
07-27 04:54:56.166  4101  4101 I art     : option[6]=-verbose:gc
07-27 04:54:56.166  4101  4101 I art     : option[7]=-Xms8m
07-27 04:54:56.166  4101  4101 I art     : option[8]=-Xmx512m
07-27 04:54:56.166  4101  4101 I art     : option[9]=-XX:HeapGrowthLimit=256m
07-27 04:54:56.166  4101  4101 I art     : option[10]=-XX:HeapMinFree=2m
07-27 04:54:56.167  4101  4101 I art     : option[11]=-XX:HeapMaxFree=8m
07-27 04:54:56.167  4101  4101 I art     : option[12]=-XX:HeapTargetUtilization=0.75
07-27 04:54:56.167  4101  4101 I art     : option[13]=-Xusejit:true
07-27 04:54:56.167  4101  4101 I art     : option[14]=-agentlib:jdwp=transport=dt_android_adb,suspend=n,server=y
07-27 04:54:56.167  4101  4101 I art     : option[15]=-Xlockprofthreshold:500
07-27 04:54:56.167  4101  4101 I art     : option[16]=-Ximage-compiler-option
07-27 04:54:56.167  4101  4101 I art     : option[17]=--runtime-arg
07-27 04:54:56.167  4101  4101 I art     : option[18]=-Ximage-compiler-option
07-27 04:54:56.167  4101  4101 I art     : option[19]=-Xms64m
07-27 04:54:56.167  4101  4101 I art     : option[20]=-Ximage-compiler-option
07-27 04:54:56.167  4101  4101 I art     : option[21]=--runtime-arg
07-27 04:54:56.167  4101  4101 I art     : option[22]=-Ximage-compiler-option
07-27 04:54:56.167  4101  4101 I art     : option[23]=-Xmx64m
07-27 04:54:56.167  4101  4101 I art     : option[24]=-Ximage-compiler-option
07-27 04:54:56.167  4101  4101 I art     : option[25]=--compiler-filter=verify-at-runtime
07-27 04:54:56.167  4101  4101 I art     : option[26]=-Ximage-compiler-option
07-27 04:54:56.167  4101  4101 I art     : option[27]=--image-classes=/system/etc/preloaded-classes
07-27 04:54:56.167  4101  4101 I art     : option[28]=-Xcompiler-option
07-27 04:54:56.167  4101  4101 I art     : option[29]=--runtime-arg
07-27 04:54:56.167  4101  4101 I art     : option[30]=-Xcompiler-option
07-27 04:54:56.167  4101  4101 I art     : option[31]=-Xms64m
07-27 04:54:56.167  4101  4101 I art     : option[32]=-Xcompiler-option
07-27 04:54:56.167  4101  4101 I art     : option[33]=--runtime-arg
07-27 04:54:56.167  4101  4101 I art     : option[34]=-Xcompiler-option
07-27 04:54:56.167  4101  4101 I art     : option[35]=-Xmx512m
07-27 04:54:56.167  4101  4101 I art     : option[36]=-Xcompiler-option
07-27 04:54:56.167  4101  4101 I art     : option[37]=--compiler-filter=verify-at-runtime
07-27 04:54:56.167  4101  4101 I art     : option[38]=-Ximage-compiler-option
07-27 04:54:56.167  4101  4101 I art     : option[39]=--instruction-set-variant=generic
07-27 04:54:56.167  4101  4101 I art     : option[40]=-Xcompiler-option
07-27 04:54:56.167  4101  4101 I art     : option[41]=--instruction-set-variant=generic
07-27 04:54:56.167  4101  4101 I art     : option[42]=-Ximage-compiler-option
07-27 04:54:56.167  4101  4101 I art     : option[43]=--instruction-set-features=default
07-27 04:54:56.167  4101  4101 I art     : option[44]=-Xcompiler-option
07-27 04:54:56.167  4101  4101 I art     : option[45]=--instruction-set-features=default
07-27 04:54:56.167  4101  4101 I art     : option[46]=-Duser.locale=en-US
07-27 04:54:56.167  4101  4101 I art     : option[47]=--cpu-abilist=arm64-v8a,armeabi
07-27 04:54:56.167  4101  4101 I art     : option[48]=-Xfingerprint:samsung/cm_hero2ltexx/hero2ltexx:6.0.1/MOB30M/97bb5cb3c2:eng/test-keys
07-27 04:54:56.169  3073  3073 W auditd  : type=1325 audit(0.0:143): table=filter family=2 entries=48
07-27 04:54:56.169  3073  3073 W auditd  : type=1320 audit(0.0:143): 
07-27 04:54:56.169  3073  3073 W auditd  : type=1325 audit(0.0:144): table=filter family=10 entries=51
07-27 04:54:56.169  3073  3073 W auditd  : type=1320 audit(0.0:144): 
07-27 04:54:56.179  3073  3073 W auditd  : type=1325 audit(0.0:145): table=filter family=2 entries=50
07-27 04:54:56.179  3073  3073 W auditd  : type=1320 audit(0.0:145): 
07-27 04:54:56.179  3073  3073 W auditd  : type=1325 audit(0.0:146): table=filter family=10 entries=53
07-27 04:54:56.179  3073  3073 W auditd  : type=1320 audit(0.0:146): 
07-27 04:54:56.198  4101  4101 D ICU     : No timezone override file found: /data/misc/zoneinfo/current/icu/icu_tzdata.dat
07-27 04:54:56.327  4101  4101 I Radio-JNI: register_android_hardware_Radio DONE
07-27 04:54:56.371  4101  4101 I SamplingProfilerIntegration: Profiling disabled.
07-27 04:54:56.372  4101  4101 D Zygote  : begin preload
07-27 04:54:56.373  4101  4101 I Zygote  : Preloading classes...
07-27 04:54:56.618  4102  4102 E audio_route: Failed to open /system/etc/mixer_paths.xml
07-27 04:54:56.623  4102  4102 I AudioFlinger: loadHwModule() Loaded primary audio interface from Samsung audio HW HAL (audio) handle 1
07-27 04:54:56.623  4102  4102 I AudioFlinger: openOutput(), module 1 Device 2, SamplingRate 44100, Format 0x000001, Channels 3, flags 2
07-27 04:54:56.623  4102  4102 I AudioFlinger: AudioStreamOut::open(), mHalFormatIsLinearPcm = 1
07-27 04:54:56.623  4102  4102 I AudioFlinger: HAL output buffer size 256 frames, normal sink buffer size 960 frames
07-27 04:54:56.625  4102  4102 I BufferProvider: found effect "Multichannel Downmix To Stereo" from The Android Open Source Project
07-27 04:54:56.625  4102  4102 E MonoPipe: Failed to fetch local time frequency when constructing a MonoPipe (res = -32).  getNextWriteTimestamp calls will be non-functional
07-27 04:54:56.625  4102  4102 I AudioFlinger: Using module 1 has the primary audio interface
07-27 04:54:56.625  4102  4212 I AudioFlinger: AudioFlinger's thread 0xf4680000 ready to run
07-27 04:54:56.626  4102  4212 V audio_hw_primary: do_out_standby: output standby: 1
07-27 04:54:56.626  4102  4212 V audio_hw_primary: out_set_parameters: key value pairs: routing=2
07-27 04:54:56.626  4102  4212 E AudioFlinger: no wake lock to update!
07-27 04:54:56.626  4102  4102 V audio_hw_primary: adev_open_input_stream: Created resampler converting 48000 -> 16000
07-27 04:54:56.627  4102  4102 V audio_hw_primary: adev_open_input_stream: Requesting input stream with rate: 16000, channels: 0xc
07-27 04:54:56.627  4102  4213 I AudioFlinger: AudioFlinger's thread 0xf42c0000 ready to run
07-27 04:54:56.627  4102  4102 I r_submix: adev_open(name=audio_hw_if)
07-27 04:54:56.627  4102  4102 I r_submix: adev_init_check()
07-27 04:54:56.627  4102  4102 I AudioFlinger: loadHwModule() Loaded r_submix audio interface from Wifi Display audio HAL (audio) handle 4
07-27 04:54:56.627  4102  4102 D r_submix: adev_open_input_stream(addr=0)
07-27 04:54:56.627  4102  4102 D r_submix: submix_audio_device_create_pipe_l(addr=0, idx=9)
07-27 04:54:56.627  4102  4102 D r_submix:   now using address 0 for route 9
07-27 04:54:56.628  4102  4214 I AudioFlinger: AudioFlinger's thread 0xf42c0000 ready to run
07-27 04:54:56.628  4102  4102 D r_submix: adev_close_input_stream()
07-27 04:54:56.628  4102  4102 D r_submix: submix_audio_device_release_pipe_l(idx=9) addr=0
07-27 04:54:56.628  4102  4102 D r_submix: submix_audio_device_destroy_pipe_l(): pipe destroyed
07-27 04:54:56.628  4102  4102 E SoundTriggerHwService: couldn't load sound trigger module sound_trigger.primary (No such file or directory)
07-27 04:54:56.628  4102  4102 I RadioService: RadioService
07-27 04:54:56.628  4102  4102 I RadioService: onFirstRef
07-27 04:54:56.628  4102  4102 E RadioService: couldn't load radio module radio.primary (No such file or directory)
07-27 04:54:56.726  4101  4101 E Minikin : addFont failed to create font /system/fonts/NanumGothic.ttf
07-27 04:54:56.726  4101  4101 E Minikin : addFont failed to create font /system/fonts/DroidSansFallback.ttf
07-27 04:54:56.726  4101  4101 E Minikin : addFont failed to create font /system/fonts/MTLmr3m.ttf
07-27 04:54:56.812  4101  4101 V DngCreator_JNI: DngCreator_nativeClassInit:
07-27 04:54:56.979  4106  4106 V NatController: runCmd(/system/bin/iptables -w -F natctrl_FORWARD) res=0
07-27 04:54:56.983  4106  4106 V NatController: runCmd(/system/bin/iptables -w -A natctrl_FORWARD -j DROP) res=0
07-27 04:54:56.987  4106  4106 V NatController: runCmd(/system/bin/iptables -w -t nat -F natctrl_nat_POSTROUTING) res=0
07-27 04:54:56.992  4106  4106 V NatController: runCmd(/system/bin/iptables -w -F natctrl_tether_counters) res=0
07-27 04:54:56.996  4106  4106 V NatController: runCmd(/system/bin/iptables -w -X natctrl_tether_counters) res=0
07-27 04:54:57.000  4106  4106 V NatController: runCmd(/system/bin/iptables -w -N natctrl_tether_counters) res=0
07-27 04:54:57.004  4106  4106 V NatController: runCmd(/system/bin/iptables -w -t mangle -A natctrl_mangle_FORWARD -p tcp --tcp-flags SYN SYN -j TCPMSS --clamp-mss-to-pmtu) res=0
07-27 04:54:57.139  3073  3073 W auditd  : type=1325 audit(0.0:351): table=filter family=2 entries=49
07-27 04:54:57.139  3073  3073 W auditd  : type=1320 audit(0.0:351): 
07-27 04:54:57.139  3073  3073 W auditd  : type=1325 audit(0.0:352): table=filter family=10 entries=52
07-27 04:54:57.139  3073  3073 W auditd  : type=1320 audit(0.0:352): 
07-27 04:54:57.149  3073  3073 W auditd  : type=1325 audit(0.0:353): table=filter family=2 entries=49
07-27 04:54:57.149  3073  3073 W auditd  : type=1320 audit(0.0:353): 
07-27 04:54:57.149  3073  3073 W auditd  : type=1325 audit(0.0:354): table=filter family=10 entries=52
07-27 04:54:57.149  3073  3073 W auditd  : type=1320 audit(0.0:354): 
07-27 04:54:57.149  3073  3073 W auditd  : type=1325 audit(0.0:355): table=filter family=2 entries=49
07-27 04:54:57.149  3073  3073 W auditd  : type=1320 audit(0.0:355): 
07-27 04:54:57.159  3073  3073 W auditd  : type=1325 audit(0.0:356): table=filter family=10 entries=52
07-27 04:54:57.159  3073  3073 W auditd  : type=1320 audit(0.0:356): 
07-27 04:54:57.159  3073  3073 W auditd  : type=1325 audit(0.0:357): table=filter family=2 entries=49
07-27 04:54:57.159  3073  3073 W auditd  : type=1320 audit(0.0:357): 
07-27 04:54:57.169  3073  3073 W auditd  : type=1325 audit(0.0:358): table=filter family=10 entries=52
07-27 04:54:57.169  3073  3073 W auditd  : type=1320 audit(0.0:358): 
07-27 04:54:57.169  3073  3073 W auditd  : type=1325 audit(0.0:359): table=filter family=2 entries=49
07-27 04:54:57.169  3073  3073 W auditd  : type=1320 audit(0.0:359): 
07-27 04:54:57.179  3073  3073 W auditd  : type=1325 audit(0.0:360): table=filter family=10 entries=52
07-27 04:54:57.179  3073  3073 W auditd  : type=1320 audit(0.0:360): 
07-27 04:54:57.249  4106  4106 E Netd    : cannot find interface dummy0
07-27 04:54:57.250  4106  4106 D MDnsDS  : MDnsSdListener::Hander starting up
07-27 04:54:57.250  4106  4367 D MDnsDS  : MDnsSdListener starting to monitor
07-27 04:54:57.250  4106  4367 D MDnsDS  : Going to poll with pollCount 1
07-27 04:54:57.441  4101  4101 I art     : Thread[1,tid=4101,Native,Thread*=0x7fb487ba00,peer=0x12c532e0,"main"] recursive attempt to load library "/system/lib64/libmedia_jni.so"
07-27 04:54:57.441  4101  4101 D MtpDeviceJNI: register_android_mtp_MtpDevice
07-27 04:54:57.441  4101  4101 I art     : Thread[1,tid=4101,Native,Thread*=0x7fb487ba00,peer=0x12c532e0,"main"] recursive attempt to load library "/system/lib64/libmedia_jni.so"
07-27 04:54:57.442  4101  4101 I art     : Thread[1,tid=4101,Native,Thread*=0x7fb487ba00,peer=0x12c532e0,"main"] recursive attempt to load library "/system/lib64/libmedia_jni.so"
07-27 04:54:57.944  4101  4101 W System  : ClassLoader referenced unknown path: /system/framework/tcmclient.jar
07-27 04:54:58.267  4101  4101 I System  : Loaded time zone names for "" in 19ms (16ms in ICU)
07-27 04:54:58.300  4101  4101 I System  : Loaded time zone names for "en_US" in 33ms (11ms in ICU)
07-27 04:54:58.468  4101  4101 I Zygote  : ...preloaded 3831 classes in 2095ms.
07-27 04:54:58.468  4101  4101 I art     : VMRuntime.preloadDexCaches starting
07-27 04:54:58.500  4101  4101 I art     : VMRuntime.preloadDexCaches strings total=248969 before=10083 after=10083
07-27 04:54:58.500  4101  4101 I art     : VMRuntime.preloadDexCaches types total=20332 before=8245 after=9836
07-27 04:54:58.500  4101  4101 I art     : VMRuntime.preloadDexCaches fields total=100378 before=35761 after=47726
07-27 04:54:58.500  4101  4101 I art     : VMRuntime.preloadDexCaches methods total=172817 before=67604 after=83308
07-27 04:54:58.500  4101  4101 I art     : VMRuntime.preloadDexCaches finished
07-27 04:54:58.513  4371  4371 D idmap   : error: no read access to /vendor/overlay: No such file or directory
07-27 04:54:58.516  4101  4101 I Zygote  : Preloading resources...
07-27 04:54:58.896  4101  4101 I Zygote  : ...preloaded 342 resources in 380ms.
07-27 04:54:58.906  4101  4101 I Zygote  : ...preloaded 41 resources in 10ms.
07-27 04:54:58.913  4101  4101 D libEGL  : loaded /vendor/lib64/egl/libGLES_mali.so
07-27 04:54:58.919  4101  4101 I Zygote  : Preloading shared libraries...
07-27 04:54:58.926  4101  4101 D Zygote  : end preload
07-27 04:54:58.926  4101  4101 I art     : Starting a blocking GC Explicit
07-27 04:54:58.937  4101  4101 I art     : Explicit concurrent mark sweep GC freed 11399(460KB) AllocSpace objects, 0(0B) LOS objects, 35% free, 29MB/45MB, paused 50us total 10.704ms
07-27 04:54:58.946  4101  4101 I art     : Starting a blocking GC Explicit
07-27 04:54:58.955  4101  4101 I art     : Explicit concurrent mark sweep GC freed 2657(124KB) AllocSpace objects, 0(0B) LOS objects, 35% free, 28MB/44MB, paused 75us total 8.803ms
07-27 04:54:58.955  4101  4130 I art     : Starting a blocking GC HeapTrim
07-27 04:54:58.956  4101  4101 I art     : Starting a blocking GC Background
07-27 04:54:59.004  4101  4101 I Zygote  : System server process 4372 has been created
07-27 04:54:59.005  4101  4101 I Zygote  : Accepting command socket connections
07-27 04:54:59.020  4372  4372 I Zygote  : Process: zygote socket opened, supported ABIS: armeabi-v7a,armeabi
07-27 04:54:59.021  4372  4372 I InstallerConnection: connecting...
07-27 04:54:59.021  2949  2949 I installd: new connection
07-27 04:54:59.023  4372  4372 I InstallerConnection: disconnecting...
07-27 04:54:59.023  2949  2949 E installd: eof
07-27 04:54:59.023  2949  2949 E installd: failed to read size
07-27 04:54:59.023  2949  2949 I installd: closing connection
07-27 04:54:59.057  4372  4372 I SystemServer: Entered the Android system server!
07-27 04:54:59.094  4372  4372 I SystemServiceManager: Starting com.android.server.pm.Installer
07-27 04:54:59.095  4372  4372 I Installer: Waiting for installd to be ready.
07-27 04:54:59.095  4372  4372 I InstallerConnection: connecting...
07-27 04:54:59.095  2949  2949 I installd: new connection
07-27 04:54:59.095  4372  4372 I SystemServiceManager: Starting com.android.server.am.ActivityManagerService$Lifecycle
07-27 04:54:59.175  4372  4372 I XXXXXX  : choosing minFree values for 64 Bit
07-27 04:54:59.175  4372  4372 I XXXXXX  : choosing minFree values for 64 Bit
07-27 04:54:59.175  4372  4372 I XXXXXX  : choosing minFree values for 64 Bit
07-27 04:54:59.175  4372  4372 I XXXXXX  : choosing minFree values for 64 Bit
07-27 04:54:59.175  4372  4372 I XXXXXX  : choosing minFree values for 64 Bit
07-27 04:54:59.175  4372  4372 I XXXXXX  : choosing minFree values for 64 Bit
07-27 04:54:59.182  4372  4372 I ActivityManager: Memory class: 256
07-27 04:54:59.183  4372  4386 I ServiceThread: Enabled StrictMode logging for ActivityManager looper.
07-27 04:54:59.188  4372  4387 I ServiceThread: Enabled StrictMode logging for android.ui looper.
07-27 04:54:59.257  4372  4372 D BatteryStatsImpl: Reading daily items from /data/system/batterystats-daily.xml
07-27 04:54:59.290  4372  4372 I AppOps  : No existing app ops /data/system/appops.xml; starting empty
07-27 04:54:59.354  4372  4372 I IntentFirewall: Read new rules (A:0 B:0 S:0)
07-27 04:54:59.376  4372  4391 I ServiceThread: Enabled StrictMode logging for android.display looper.
07-27 04:54:59.381  4372  4372 D AppOps  : AppOpsService published
07-27 04:54:59.382  4372  4372 I SystemServiceManager: Starting com.android.server.power.PowerManagerService
07-27 04:54:59.383  4372  4393 I ServiceThread: Enabled StrictMode logging for PowerManagerService looper.
07-27 04:54:59.384  4372  4372 W libsuspend: Error writing 'on' to /sys/power/state: Invalid argument
07-27 04:54:59.384  4372  4372 I libsuspend: Selected wakeup count
07-27 04:54:59.386  4372  4372 I SystemServiceManager: Starting com.android.server.lights.LightsService
07-27 04:54:59.388  4372  4372 I SystemServiceManager: Starting com.android.server.display.DisplayManagerService
07-27 04:54:59.394  4372  4372 I SystemServiceManager: Starting phase 100
07-27 04:54:59.397  2919  2990 E SurfaceFlinger: getDefaultDisplay: id=2 is not a valid default display id
07-27 04:54:59.398  4372  4391 I DisplayManagerService: Display device added: DisplayDeviceInfo{"Built-in Screen": uniqueId="local:0", 1440 x 2560, modeId 1, defaultModeId 1, supportedModes [{id=1, width=1440, height=2560, fps=59.0}], colorTransformId 1, defaultColorTransformId 1, supportedColorTransforms [{id=1, colorTransform=-22}], density 640, 537.882 x 532.983 dpi, appVsyncOff 0, presDeadline 17949152, touch INTERNAL, rotation 0, type BUILT_IN, state UNKNOWN, FLAG_DEFAULT_DISPLAY, FLAG_ROTATES_WITH_CONTENT, FLAG_SECURE, FLAG_SUPPORTS_PROTECTED_BUFFERS}
07-27 04:54:59.399  2919  2919 D SurfaceFlinger: Set power mode=2, type=0 flinger=0x7f81483c00
07-27 04:54:59.399  2919  2919 D SurfaceFlinger: Screen type=0 is already mode=2
07-27 04:54:59.400  4372  4372 I SystemServer: Package Manager
07-27 04:54:59.400  4372  4391 I DisplayManagerService: Display device changed state: "Built-in Screen", ON
07-27 04:54:59.467  4372  4372 W SELinuxMMAC: Error opening /data/system/seapp_hash. Assuming first boot.
07-27 04:54:59.498  4372  4372 W SystemConfig: No directory /system/etc/sysconfig, skipping
07-27 04:54:59.580  4372  4372 D SELinuxMMAC: Using policy file /system/etc/security/mac_permissions.xml
07-27 04:55:00.369  4372  4372 E art     : DexFile_getDexOptNeeded file '/system/framework/org.apache.http.legacy.jar' does not exist
07-27 04:55:00.369  4372  4372 W PackageManager: Library not found: /system/framework/org.apache.http.legacy.jar
07-27 04:55:00.369  4372  4372 E art     : DexFile_getDexOptNeeded file '/system/framework/com.android.nfc_extras.jar' does not exist
07-27 04:55:00.369  4372  4372 W PackageManager: Library not found: /system/framework/com.android.nfc_extras.jar
07-27 04:55:00.371  4372  4372 E art     : DexFile_getDexOptNeeded file '/system/framework/org.apache.http.legacy.jar' does not exist
07-27 04:55:00.371  4372  4372 W PackageManager: Library not found: /system/framework/org.apache.http.legacy.jar
07-27 04:55:00.371  4372  4372 E art     : DexFile_getDexOptNeeded file '/system/framework/com.android.nfc_extras.jar' does not exist
07-27 04:55:00.371  4372  4372 W PackageManager: Library not found: /system/framework/com.android.nfc_extras.jar
07-27 04:55:00.389  4372  4372 D PackageManager: No files in app dir /vendor/overlay
07-27 04:55:01.448  4372  4372 W PackageManager: Permission android.permission.SET_KEYGUARD_WALLPAPER from package android in an unknown group android.permission-group.WALLPAPER
07-27 04:55:01.451  4372  4372 W PackageManager: Permission android.permission.MODIFY_PROTECTED_SMS_LIST from package android in an unknown group android.permission-group.MESSAGES
07-27 04:55:01.451  4372  4372 W PackageManager: Permission android.permission.RECEIVE_PROTECTED_SMS from package android in an unknown group android.permission-group.MESSAGES
07-27 04:55:01.452  4372  4372 W PackageManager: Permission android.permission.RESET_BATTERY_STATS from package android in an unknown group android.permission-group.SYSTEM_TOOLS
07-27 04:55:01.475  4372  4372 I PackageManager: SELinux relabeling of cyanogenmod.platform issued.
07-27 04:55:01.479  4372  4372 W PackageManager: Permission cyanogenmod.permission.WRITE_ALARMS from package cyanogenmod.platform in an unknown group android.permission-group.SYSTEM_CLOCK
07-27 04:55:01.479  4372  4372 W PackageManager: Permission cyanogenmod.permission.MANAGE_ALARMS from package cyanogenmod.platform in an unknown group android.permission-group.SYSTEM_CLOCK
07-27 04:55:01.479  4372  4372 W PackageManager: Permission cyanogenmod.permission.READ_ALARMS from package cyanogenmod.platform in an unknown group android.permission-group.SYSTEM_CLOCK
07-27 04:55:01.514  4372  4372 I PackageManager: SELinux relabeling of org.cyanogenmod.audiofx issued.
07-27 04:55:01.534  4372  4372 I PackageManager: SELinux relabeling of com.android.backupconfirm issued.
07-27 04:55:01.555  4372  4372 I PackageManager: SELinux relabeling of org.cyanogenmod.cmsettings issued.
07-27 04:55:01.629  4372  4372 I PackageManager: SELinux relabeling of com.cyanogenmod.updater issued.
07-27 04:55:01.655  4372  4372 I PackageManager: SELinux relabeling of com.android.providers.calendar issued.
07-27 04:55:01.674  4372  4372 I PackageManager: SELinux relabeling of com.android.calllogbackup issued.
07-27 04:55:01.784  4372  4372 I PackageManager: SELinux relabeling of com.android.carrierconfig issued.
07-27 04:55:01.814  4372  4372 I PackageManager: SELinux relabeling of com.android.cellbroadcastreceiver issued.
07-27 04:55:01.833  4372  4372 W PackageParser: No actions in intent filter at /system/priv-app/Contacts/Contacts.apk Binary XML file line #301
07-27 04:55:02.429  4372  4372 I PackageManager: SELinux relabeling of com.android.contacts issued.
07-27 04:55:02.460  4372  4372 I PackageManager: SELinux relabeling of com.android.providers.contacts issued.
07-27 04:55:02.984  4372  4372 I PackageManager: SELinux relabeling of com.cyanogenmod.setupwizard issued.
07-27 04:55:03.009  4372  4372 I PackageManager: SELinux relabeling of org.cyanogenmod.providers.datausage issued.
07-27 04:55:03.028  4372  4372 I PackageManager: SELinux relabeling of com.android.defcontainer issued.
07-27 04:55:03.041  4372  4372 W PackageParser: No actions in intent filter at /system/priv-app/Dialer/Dialer.apk Binary XML file line #151
07-27 04:55:03.711  4372  4372 I PackageManager: SELinux relabeling of com.android.dialer issued.
07-27 04:55:03.740  4372  4372 I PackageManager: SELinux relabeling of com.android.providers.downloads issued.
07-27 04:55:03.744  4372  4372 W PackageManager: Permission android.permission.DOWNLOAD_WITHOUT_NOTIFICATION from package com.android.providers.downloads in an unknown group android.permission-group.NETWORK
07-27 04:55:03.760  4372  4372 I PackageManager: SELinux relabeling of com.android.externalstorage issued.
07-27 04:55:03.778  4372  4372 I PackageManager: SELinux relabeling of com.android.location.fused issued.
07-27 04:55:03.810  4372  4372 I PackageManager: SELinux relabeling of com.android.inputdevices issued.
07-27 04:55:03.829  4372  4372 I PackageManager: SELinux relabeling of org.cyanogenmod.livelockscreen.service issued.
07-27 04:55:03.870  4372  4372 I PackageManager: SELinux relabeling of com.android.managedprovisioning issued.
07-27 04:55:03.895  4372  4372 I PackageManager: SELinux relabeling of com.android.providers.media issued.
07-27 04:55:03.917  4372  4372 I PackageManager: SELinux relabeling of com.android.mms.service issued.
07-27 04:55:03.934  4372  4372 I PackageManager: SELinux relabeling of com.android.onetimeinitializer issued.
07-27 04:55:04.088  4372  4372 I PackageManager: SELinux relabeling of com.android.packageinstaller issued.
07-27 04:55:04.108  4372  4372 I PackageManager: SELinux relabeling of com.android.proxyhandler issued.
07-27 04:55:04.132  4372  4372 I PackageManager: SELinux relabeling of org.cyanogenmod.screencast issued.
07-27 04:55:04.910  4372  4372 I PackageManager: SELinux relabeling of com.android.settings issued.
07-27 04:55:04.952  4372  4372 I PackageManager: SELinux relabeling of com.android.providers.settings issued.
07-27 04:55:04.969  4372  4372 I PackageManager: SELinux relabeling of com.android.sharedstoragebackup issued.
07-27 04:55:04.991  4372  4372 I PackageManager: SELinux relabeling of com.android.shell issued.
07-27 04:55:05.009  4372  4372 I PackageManager: SELinux relabeling of com.android.statementservice issued.
07-27 04:55:05.304  4372  4372 I PackageManager: SELinux relabeling of com.android.systemui issued.
07-27 04:55:05.322  4372  4372 W PackageParser: Ignoring duplicate uses-permissions/uses-permissions-sdk-m: android.permission.ACCESS_WIFI_STATE in package: com.android.phone at: Binary XML file line #132
07-27 04:55:05.392  4372  4372 I PackageManager: SELinux relabeling of com.android.phone issued.
07-27 04:55:05.428  4372  4372 I PackageManager: SELinux relabeling of com.android.server.telecom issued.
07-27 04:55:05.450  4372  4372 I PackageManager: SELinux relabeling of com.android.providers.telephony issued.
07-27 04:55:05.484  4372  4372 I PackageManager: SELinux relabeling of org.cyanogenmod.theme.chooser issued.
07-27 04:55:05.504  4372  4372 I PackageManager: SELinux relabeling of org.cyanogenmod.themes.provider issued.
07-27 04:55:05.589  4372  4372 I PackageManager: SELinux relabeling of com.cyanogenmod.trebuchet issued.
07-27 04:55:05.593  4372  4372 W PackageManager: Permission com.android.launcher.permission.INSTALL_SHORTCUT from package com.cyanogenmod.trebuchet in an unknown group android.permission-group.SYSTEM_TOOLS
07-27 04:55:05.593  4372  4372 W PackageManager: Permission com.android.launcher3.permission.READ_SETTINGS from package com.cyanogenmod.trebuchet in an unknown group android.permission-group.SYSTEM_TOOLS
07-27 04:55:05.593  4372  4372 W PackageManager: Permission com.android.launcher3.permission.WRITE_SETTINGS from package com.cyanogenmod.trebuchet in an unknown group android.permission-group.SYSTEM_TOOLS
07-27 04:55:05.608  4372  4372 I PackageManager: SELinux relabeling of com.android.vpndialogs issued.
07-27 04:55:05.626  4372  4372 I PackageManager: SELinux relabeling of com.android.wallpapercropper issued.
07-27 04:55:05.642  4372  4372 I PackageManager: SELinux relabeling of org.cyanogenmod.weather.provider issued.
07-27 04:55:05.661  4372  4372 I PackageManager: SELinux relabeling of com.android.dreams.basic issued.
07-27 04:55:05.674  4372  4372 W PackageParser: No actions in intent filter at /system/app/Bluetooth/Bluetooth.apk Binary XML file line #234
07-27 04:55:05.695  4372  4372 I PackageManager: SELinux relabeling of com.android.bluetooth issued.
07-27 04:55:05.715  4372  4372 I PackageManager: SELinux relabeling of com.android.bluetoothmidiservice issued.
07-27 04:55:05.814  4372  4372 I PackageManager: SELinux relabeling of com.android.browser issued.
07-27 04:55:05.827  4372  4372 W PackageParser: No actions in intent filter at /system/app/CMFileManager/CMFileManager.apk Binary XML file line #164
07-27 04:55:05.919  4372  4372 I PackageManager: SELinux relabeling of com.cyanogenmod.filemanager issued.
07-27 04:55:05.955  4372  4372 I PackageManager: SELinux relabeling of com.cyanogenmod.wallpapers issued.
07-27 04:55:06.073  4372  4372 I PackageManager: SELinux relabeling of com.android.calendar issued.
07-27 04:55:06.250  4372  4372 I PackageManager: SELinux relabeling of com.android.camera2 issued.
07-27 04:55:06.270  4372  4372 I PackageManager: SELinux relabeling of com.android.captiveportallogin issued.
07-27 04:55:06.290  4372  4372 I PackageManager: SELinux relabeling of com.android.certinstaller issued.
07-27 04:55:06.455  4372  4372 I PackageManager: SELinux relabeling of com.android.deskclock issued.
07-27 04:55:06.491  4372  4372 I PackageManager: SELinux relabeling of com.android.development issued.
07-27 04:55:06.548  4372  4372 I PackageManager: SELinux relabeling of com.android.documentsui issued.
07-27 04:55:06.568  4372  4372 I PackageManager: SELinux relabeling of com.android.providers.downloads.ui issued.
07-27 04:55:06.634  4372  4372 I PackageManager: SELinux relabeling of com.cyanogenmod.eleven issued.
07-27 04:55:06.893  4372  4372 I PackageManager: SELinux relabeling of com.android.email issued.
07-27 04:55:06.923  4372  4372 I PackageManager: SELinux relabeling of com.android.calculator2 issued.
07-27 04:55:06.947  4372  4372 I PackageManager: SELinux relabeling of com.android.exchange issued.
07-27 04:55:06.971  4372  4372 I PackageManager: SELinux relabeling of com.android.galaxy4 issued.
07-27 04:55:06.985  4372  4372 W PackageParser: Unknown element under <application>: permission at /system/app/Gallery2/Gallery2.apk Binary XML file line #278
07-27 04:55:06.985  4372  4372 W PackageParser: Unknown element under <application>: permission at /system/app/Gallery2/Gallery2.apk Binary XML file line #281
07-27 04:55:07.160  4372  4372 I PackageManager: SELinux relabeling of com.android.gallery3d issued.
07-27 04:55:07.183  4372  4372 I PackageManager: SELinux relabeling of com.android.htmlviewer issued.
07-27 04:55:07.206  4372  4372 I PackageManager: SELinux relabeling of com.android.wallpaper.holospiral issued.
07-27 04:55:07.227  4372  4372 I PackageManager: SELinux relabeling of com.android.keychain issued.
07-27 04:55:07.719  4372  4372 I PackageManager: SELinux relabeling of com.android.inputmethod.latin issued.
07-27 04:55:07.749  4372  4372 I PackageManager: SELinux relabeling of com.android.wallpaper issued.
07-27 04:55:07.771  4372  4372 I PackageManager: SELinux relabeling of com.android.wallpaper.livepicker issued.
07-27 04:55:07.864  4372  4372 I PackageManager: SELinux relabeling of com.cyanogenmod.lockclock issued.
07-27 04:55:07.887  4372  4372 I PackageManager: SELinux relabeling of com.android.noisefield issued.
07-27 04:55:07.903  4372  4372 I PackageManager: SELinux relabeling of com.android.pacprocessor issued.
07-27 04:55:07.926  4372  4372 I PackageManager: SELinux relabeling of com.android.phasebeam issued.
07-27 04:55:07.972  4372  4372 I PackageManager: SELinux relabeling of org.cyanogenmod.wallpapers.photophase issued.
07-27 04:55:07.998  4372  4372 I PackageManager: SELinux relabeling of com.android.dreams.phototable issued.
07-27 04:55:08.018  4372  4372 I PackageManager: SELinux relabeling of com.svox.pico issued.
