07-01 21:44:02.890  3093  3114 E         : invalid gralloc handle (at 0x7fb5d6b380)
07-01 21:44:02.890  3093  3114 E         : Runtime and build version of gralloc private structure does not match. Errors will likely follow.
07-01 21:44:02.898  2920  2920 W display : release fence dup failed: Bad file descriptor
07-01 21:44:02.923  3093  3114 E         : invalid gralloc handle (at 0x7fb5d6b400)
07-01 21:44:02.923  3093  3114 E         : Runtime and build version of gralloc private structure does not match. Errors will likely follow.
07-01 21:44:02.932  2920  2920 W display : release fence dup failed: Bad file descriptor
07-01 21:44:02.957  3093  3114 E         : invalid gralloc handle (at 0x7fb5d6b300)
07-01 21:44:02.957  3093  3114 E         : Runtime and build version of gralloc private structure does not match. Errors will likely follow.
07-01 21:44:02.966  2920  2920 W display : release fence dup failed: Bad file descriptor
07-01 21:44:02.990  3093  3114 E         : invalid gralloc handle (at 0x7fb5d6b380)
07-01 21:44:02.990  3093  3114 E         : Runtime and build version of gralloc private structure does not match. Errors will likely follow.
07-01 21:44:03.000  2920  2920 W display : release fence dup failed: Bad file descriptor
07-01 21:44:03.013  2937  2937 I art     : Thread[1,tid=2937,Native,Thread*=0xf54f6500,peer=0x12c21340,"main"] recursive attempt to load library "/system/lib/libmedia_jni.so"
07-01 21:44:03.014  2937  2937 D MtpDeviceJNI: register_android_mtp_MtpDevice
07-01 21:44:03.014  2937  2937 I art     : Thread[1,tid=2937,Native,Thread*=0xf54f6500,peer=0x12c21340,"main"] recursive attempt to load library "/system/lib/libmedia_jni.so"
07-01 21:44:03.015  2937  2937 I art     : Thread[1,tid=2937,Native,Thread*=0xf54f6500,peer=0x12c21340,"main"] recursive attempt to load library "/system/lib/libmedia_jni.so"
07-01 21:44:03.024  3093  3114 E         : invalid gralloc handle (at 0x7fb5d6b400)
07-01 21:44:03.024  3093  3114 E         : Runtime and build version of gralloc private structure does not match. Errors will likely follow.
07-01 21:44:03.034  2920  2920 W display : release fence dup failed: Bad file descriptor
07-01 21:44:03.057  3093  3114 E         : invalid gralloc handle (at 0x7fb5d6b300)
07-01 21:44:03.058  3093  3114 E         : Runtime and build version of gralloc private structure does not match. Errors will likely follow.
07-01 21:44:03.068  2920  2920 W display : release fence dup failed: Bad file descriptor
07-01 21:44:03.091  3093  3114 E         : invalid gralloc handle (at 0x7fb5d6b380)
07-01 21:44:03.091  3093  3114 E         : Runtime and build version of gralloc private structure does not match. Errors will likely follow.
07-01 21:44:03.102  2920  2920 W display : release fence dup failed: Bad file descriptor
07-01 21:44:03.124  3093  3114 E         : invalid gralloc handle (at 0x7fb5d6b400)
07-01 21:44:03.124  3093  3114 E         : Runtime and build version of gralloc private structure does not match. Errors will likely follow.
07-01 21:44:03.136  2920  2920 W display : release fence dup failed: Bad file descriptor
07-01 21:44:03.158  3093  3114 E         : invalid gralloc handle (at 0x7fb5d6b300)
07-01 21:44:03.158  3093  3114 E         : Runtime and build version of gralloc private structure does not match. Errors will likely follow.
07-01 21:44:03.170  2920  2920 W display : release fence dup failed: Bad file descriptor
07-01 21:44:03.191  3093  3114 E         : invalid gralloc handle (at 0x7fb5d6b380)
07-01 21:44:03.191  3093  3114 E         : Runtime and build version of gralloc private structure does not match. Errors will likely follow.
07-01 21:44:03.204  2920  2920 W display : release fence dup failed: Bad file descriptor
07-01 21:44:03.225  3093  3114 E         : invalid gralloc handle (at 0x7fb5d6b400)
07-01 21:44:03.225  3093  3114 E         : Runtime and build version of gralloc private structure does not match. Errors will likely follow.
07-01 21:44:03.237  2920  2920 W display : release fence dup failed: Bad file descriptor
07-01 21:44:03.258  3093  3114 E         : invalid gralloc handle (at 0x7fb5d6b300)
07-01 21:44:03.258  3093  3114 E         : Runtime and build version of gralloc private structure does not match. Errors will likely follow.
07-01 21:44:03.271  2920  2920 W display : release fence dup failed: Bad file descriptor
07-01 21:44:03.291  3093  3114 E         : invalid gralloc handle (at 0x7fb5d6b380)
07-01 21:44:03.291  3093  3114 E         : Runtime and build version of gralloc private structure does not match. Errors will likely follow.
07-01 21:44:03.305  2920  2920 W display : release fence dup failed: Bad file descriptor
07-01 21:44:03.325  3093  3114 E         : invalid gralloc handle (at 0x7fb5d6b400)
07-01 21:44:03.325  3093  3114 E         : Runtime and build version of gralloc private structure does not match. Errors will likely follow.
07-01 21:44:03.339  2920  2920 W display : release fence dup failed: Bad file descriptor
07-01 21:44:03.359  3093  3114 E         : invalid gralloc handle (at 0x7fb5d6b300)
07-01 21:44:03.359  3093  3114 E         : Runtime and build version of gralloc private structure does not match. Errors will likely follow.
07-01 21:44:03.373  2920  2920 W display : release fence dup failed: Bad file descriptor
07-01 21:44:03.385  3093  3114 D BootAnimation: Use save memory method, maybe small fps in actual.
07-01 21:44:03.393  3093  3114 E         : invalid gralloc handle (at 0x7fb5d6b380)
07-01 21:44:03.393  3093  3114 E         : Runtime and build version of gralloc private structure does not match. Errors will likely follow.
07-01 21:44:03.407  2920  2920 W display : release fence dup failed: Bad file descriptor
07-01 21:44:03.428  3093  3114 E         : invalid gralloc handle (at 0x7fb5d6b400)
07-01 21:44:03.428  3093  3114 E         : Runtime and build version of gralloc private structure does not match. Errors will likely follow.
07-01 21:44:03.431  2935  2935 W System  : ClassLoader referenced unknown path: /system/framework/tcmclient.jar
07-01 21:44:03.441  2920  2920 W display : release fence dup failed: Bad file descriptor
07-01 21:44:03.460  3093  3114 E         : invalid gralloc handle (at 0x7fb5d6b300)
07-01 21:44:03.460  3093  3114 E         : Runtime and build version of gralloc private structure does not match. Errors will likely follow.
07-01 21:44:03.475  2920  2920 W display : release fence dup failed: Bad file descriptor
07-01 21:44:03.493  3093  3114 E         : invalid gralloc handle (at 0x7fb5d6b380)
07-01 21:44:03.493  3093  3114 E         : Runtime and build version of gralloc private structure does not match. Errors will likely follow.
07-01 21:44:03.508  2920  2920 W display : release fence dup failed: Bad file descriptor
07-01 21:44:03.526  3093  3114 E         : invalid gralloc handle (at 0x7fb5d6b400)
07-01 21:44:03.526  3093  3114 E         : Runtime and build version of gralloc private structure does not match. Errors will likely follow.
07-01 21:44:03.542  2920  2920 W display : release fence dup failed: Bad file descriptor
07-01 21:44:03.560  3093  3114 E         : invalid gralloc handle (at 0x7fb5d6b300)
07-01 21:44:03.560  3093  3114 E         : Runtime and build version of gralloc private structure does not match. Errors will likely follow.
07-01 21:44:03.576  2920  2920 W display : release fence dup failed: Bad file descriptor
07-01 21:44:03.588  2937  2937 W System  : ClassLoader referenced unknown path: /system/framework/tcmclient.jar
07-01 21:44:03.593  3093  3114 E         : invalid gralloc handle (at 0x7fb5d6b380)
07-01 21:44:03.594  3093  3114 E         : Runtime and build version of gralloc private structure does not match. Errors will likely follow.
07-01 21:44:03.610  2920  2920 W display : release fence dup failed: Bad file descriptor
07-01 21:44:03.627  3093  3114 E         : invalid gralloc handle (at 0x7fb5d6b400)
07-01 21:44:03.627  3093  3114 E         : Runtime and build version of gralloc private structure does not match. Errors will likely follow.
07-01 21:44:03.644  2920  2920 W display : release fence dup failed: Bad file descriptor
07-01 21:44:03.660  3093  3114 E         : invalid gralloc handle (at 0x7fb5d6b300)
07-01 21:44:03.660  3093  3114 E         : Runtime and build version of gralloc private structure does not match. Errors will likely follow.
07-01 21:44:03.678  2920  2920 W display : release fence dup failed: Bad file descriptor
07-01 21:44:03.694  3093  3114 E         : invalid gralloc handle (at 0x7fb5d6b380)
07-01 21:44:03.694  3093  3114 E         : Runtime and build version of gralloc private structure does not match. Errors will likely follow.
07-01 21:44:03.712  2920  2920 W display : release fence dup failed: Bad file descriptor
07-01 21:44:03.727  3093  3114 E         : invalid gralloc handle (at 0x7fb5d6b400)
07-01 21:44:03.727  3093  3114 E         : Runtime and build version of gralloc private structure does not match. Errors will likely follow.
07-01 21:44:03.746  2920  2920 W display : release fence dup failed: Bad file descriptor
07-01 21:44:03.761  3093  3114 E         : invalid gralloc handle (at 0x7fb5d6b300)
07-01 21:44:03.761  3093  3114 E         : Runtime and build version of gralloc private structure does not match. Errors will likely follow.
07-01 21:44:03.776  2935  2935 I System  : Loaded time zone names for "" in 25ms (22ms in ICU)
07-01 21:44:03.780  2920  2920 W display : release fence dup failed: Bad file descriptor
07-01 21:44:03.794  3093  3114 E         : invalid gralloc handle (at 0x7fb5d6b380)
07-01 21:44:03.794  3093  3114 E         : Runtime and build version of gralloc private structure does not match. Errors will likely follow.
07-01 21:44:03.797  2920  2920 W display : release fence dup failed: Bad file descriptor
07-01 21:44:03.810  2935  2935 I System  : Loaded time zone names for "en_US" in 34ms (13ms in ICU)
07-01 21:44:03.827  3093  3114 E         : invalid gralloc handle (at 0x7fb5d6b400)
07-01 21:44:03.828  3093  3114 E         : Runtime and build version of gralloc private structure does not match. Errors will likely follow.
07-01 21:44:03.830  2920  2920 W display : release fence dup failed: Bad file descriptor
07-01 21:44:03.861  3093  3114 E         : invalid gralloc handle (at 0x7fb5d6b300)
07-01 21:44:03.861  3093  3114 E         : Runtime and build version of gralloc private structure does not match. Errors will likely follow.
07-01 21:44:03.864  2920  2920 W display : release fence dup failed: Bad file descriptor
07-01 21:44:03.895  3093  3114 E         : invalid gralloc handle (at 0x7fb5d6b380)
07-01 21:44:03.895  3093  3114 E         : Runtime and build version of gralloc private structure does not match. Errors will likely follow.
07-01 21:44:03.898  2920  2920 W display : release fence dup failed: Bad file descriptor
07-01 21:44:03.928  3093  3114 E         : invalid gralloc handle (at 0x7fb5d6b400)
07-01 21:44:03.928  3093  3114 E         : Runtime and build version of gralloc private structure does not match. Errors will likely follow.
07-01 21:44:03.932  2920  2920 W display : release fence dup failed: Bad file descriptor
07-01 21:44:03.948  2937  2937 I System  : Loaded time zone names for "" in 18ms (14ms in ICU)
07-01 21:44:03.961  3093  3114 E         : invalid gralloc handle (at 0x7fb5d6b300)
07-01 21:44:03.961  3093  3114 E         : Runtime and build version of gralloc private structure does not match. Errors will likely follow.
07-01 21:44:03.966  2920  2920 W display : release fence dup failed: Bad file descriptor
07-01 21:44:03.985  2935  2935 I Zygote  : ...preloaded 3831 classes in 2318ms.
07-01 21:44:03.985  2935  2935 I art     : VMRuntime.preloadDexCaches starting
07-01 21:44:03.985  2937  2937 I System  : Loaded time zone names for "en_US" in 37ms (10ms in ICU)
07-01 21:44:03.995  3093  3114 E         : invalid gralloc handle (at 0x7fb5d6b380)
07-01 21:44:03.995  3093  3114 E         : Runtime and build version of gralloc private structure does not match. Errors will likely follow.
07-01 21:44:04.000  2920  2920 W display : release fence dup failed: Bad file descriptor
07-01 21:44:04.022  2935  2935 I art     : VMRuntime.preloadDexCaches strings total=248969 before=10083 after=10083
07-01 21:44:04.022  2935  2935 I art     : VMRuntime.preloadDexCaches types total=20332 before=8245 after=9836
07-01 21:44:04.022  2935  2935 I art     : VMRuntime.preloadDexCaches fields total=100378 before=35761 after=47726
07-01 21:44:04.022  2935  2935 I art     : VMRuntime.preloadDexCaches methods total=172817 before=67604 after=83308
07-01 21:44:04.022  2935  2935 I art     : VMRuntime.preloadDexCaches finished
07-01 21:44:04.028  3093  3114 E         : invalid gralloc handle (at 0x7fb5d6b400)
07-01 21:44:04.029  3093  3114 E         : Runtime and build version of gralloc private structure does not match. Errors will likely follow.
07-01 21:44:04.034  2920  2920 W display : release fence dup failed: Bad file descriptor
07-01 21:44:04.037  3389  3389 D idmap   : error: no read access to /vendor/overlay: No such file or directory
07-01 21:44:04.060  2935  2935 I Zygote  : Preloading resources...
07-01 21:44:04.062  3093  3114 E         : invalid gralloc handle (at 0x7fb5d6b300)
07-01 21:44:04.062  3093  3114 E         : Runtime and build version of gralloc private structure does not match. Errors will likely follow.
07-01 21:44:04.068  2920  2920 W display : release fence dup failed: Bad file descriptor
07-01 21:44:04.095  3093  3114 E         : invalid gralloc handle (at 0x7fb5d6b380)
07-01 21:44:04.095  3093  3114 E         : Runtime and build version of gralloc private structure does not match. Errors will likely follow.
07-01 21:44:04.102  2920  2920 W display : release fence dup failed: Bad file descriptor
07-01 21:44:04.129  3093  3114 E         : invalid gralloc handle (at 0x7fb5d6b400)
07-01 21:44:04.129  3093  3114 E         : Runtime and build version of gralloc private structure does not match. Errors will likely follow.
07-01 21:44:04.136  2920  2920 W display : release fence dup failed: Bad file descriptor
07-01 21:44:04.162  3093  3114 E         : invalid gralloc handle (at 0x7fb5d6b300)
07-01 21:44:04.162  3093  3114 E         : Runtime and build version of gralloc private structure does not match. Errors will likely follow.
07-01 21:44:04.169  2920  2920 W display : release fence dup failed: Bad file descriptor
07-01 21:44:04.196  3093  3114 E         : invalid gralloc handle (at 0x7fb5d6b380)
07-01 21:44:04.196  3093  3114 E         : Runtime and build version of gralloc private structure does not match. Errors will likely follow.
07-01 21:44:04.203  2920  2920 W display : release fence dup failed: Bad file descriptor
07-01 21:44:04.213  2937  2937 I Zygote  : ...preloaded 3831 classes in 2511ms.
07-01 21:44:04.213  2937  2937 I art     : VMRuntime.preloadDexCaches starting
07-01 21:44:04.229  3093  3114 E         : invalid gralloc handle (at 0x7fb5d6b400)
07-01 21:44:04.229  3093  3114 E         : Runtime and build version of gralloc private structure does not match. Errors will likely follow.
07-01 21:44:04.237  2920  2920 W display : release fence dup failed: Bad file descriptor
07-01 21:44:04.256  2937  2937 I art     : VMRuntime.preloadDexCaches strings total=248969 before=10083 after=10083
07-01 21:44:04.256  2937  2937 I art     : VMRuntime.preloadDexCaches types total=20332 before=8245 after=9836
07-01 21:44:04.256  2937  2937 I art     : VMRuntime.preloadDexCaches fields total=100378 before=35761 after=47726
07-01 21:44:04.256  2937  2937 I art     : VMRuntime.preloadDexCaches methods total=172817 before=67604 after=83308
07-01 21:44:04.256  2937  2937 I art     : VMRuntime.preloadDexCaches finished
07-01 21:44:04.263  3093  3114 E         : invalid gralloc handle (at 0x7fb5d6b300)
07-01 21:44:04.263  3093  3114 E         : Runtime and build version of gralloc private structure does not match. Errors will likely follow.
07-01 21:44:04.269  3390  3390 D idmap   : error: no read access to /vendor/overlay: No such file or directory
07-01 21:44:04.271  2920  2920 W display : release fence dup failed: Bad file descriptor
07-01 21:44:04.272  2937  2937 I Zygote  : Preloading resources...
07-01 21:44:04.297  3093  3114 E         : invalid gralloc handle (at 0x7fb5d6b380)
07-01 21:44:04.297  3093  3114 E         : Runtime and build version of gralloc private structure does not match. Errors will likely follow.
07-01 21:44:04.305  2920  2920 W display : release fence dup failed: Bad file descriptor
07-01 21:44:04.330  3093  3114 E         : invalid gralloc handle (at 0x7fb5d6b400)
07-01 21:44:04.330  3093  3114 E         : Runtime and build version of gralloc private structure does not match. Errors will likely follow.
07-01 21:44:04.339  2920  2920 W display : release fence dup failed: Bad file descriptor
07-01 21:44:04.363  3093  3114 E         : invalid gralloc handle (at 0x7fb5d6b300)
07-01 21:44:04.363  3093  3114 E         : Runtime and build version of gralloc private structure does not match. Errors will likely follow.
07-01 21:44:04.373  2920  2920 W display : release fence dup failed: Bad file descriptor
07-01 21:44:04.397  3093  3114 E         : invalid gralloc handle (at 0x7fb5d6b380)
07-01 21:44:04.397  3093  3114 E         : Runtime and build version of gralloc private structure does not match. Errors will likely follow.
07-01 21:44:04.407  2920  2920 W display : release fence dup failed: Bad file descriptor
07-01 21:44:04.430  3093  3114 E         : invalid gralloc handle (at 0x7fb5d6b400)
07-01 21:44:04.430  3093  3114 E         : Runtime and build version of gralloc private structure does not match. Errors will likely follow.
07-01 21:44:04.441  2920  2920 W display : release fence dup failed: Bad file descriptor
07-01 21:44:04.464  3093  3114 E         : invalid gralloc handle (at 0x7fb5d6b300)
07-01 21:44:04.464  3093  3114 E         : Runtime and build version of gralloc private structure does not match. Errors will likely follow.
07-01 21:44:04.475  2920  2920 W display : release fence dup failed: Bad file descriptor
07-01 21:44:04.487  2935  2935 I Zygote  : ...preloaded 342 resources in 427ms.
07-01 21:44:04.497  2935  2935 I Zygote  : ...preloaded 41 resources in 10ms.
07-01 21:44:04.497  3093  3114 E         : invalid gralloc handle (at 0x7fb5d6b380)
07-01 21:44:04.497  3093  3114 E         : Runtime and build version of gralloc private structure does not match. Errors will likely follow.
07-01 21:44:04.504  2935  2935 D libEGL  : loaded /vendor/lib64/egl/libGLES_mali.so
07-01 21:44:04.508  2920  2920 W display : release fence dup failed: Bad file descriptor
07-01 21:44:04.510  2935  2935 I Zygote  : Preloading shared libraries...
07-01 21:44:04.523  2935  2935 D Zygote  : end preload
07-01 21:44:04.523  2935  2935 I art     : Starting a blocking GC Explicit
07-01 21:44:04.530  3093  3114 E         : invalid gralloc handle (at 0x7fb5d6b400)
07-01 21:44:04.530  3093  3114 E         : Runtime and build version of gralloc private structure does not match. Errors will likely follow.
07-01 21:44:04.534  2935  2935 I art     : Explicit concurrent mark sweep GC freed 11413(460KB) AllocSpace objects, 0(0B) LOS objects, 35% free, 29MB/45MB, paused 56us total 11.129ms
07-01 21:44:04.542  2920  2920 W display : release fence dup failed: Bad file descriptor
07-01 21:44:04.545  2935  2935 I art     : Starting a blocking GC Explicit
07-01 21:44:04.554  2935  2935 I art     : Explicit concurrent mark sweep GC freed 2676(125KB) AllocSpace objects, 0(0B) LOS objects, 35% free, 28MB/44MB, paused 42us total 8.887ms
07-01 21:44:04.555  2935  3204 I art     : Starting a blocking GC HeapTrim
07-01 21:44:04.556  2935  2935 I art     : Starting a blocking GC Background
07-01 21:44:04.564  3093  3114 E         : invalid gralloc handle (at 0x7fb5d6b300)
07-01 21:44:04.564  3093  3114 E         : Runtime and build version of gralloc private structure does not match. Errors will likely follow.
07-01 21:44:04.576  2920  2920 W display : release fence dup failed: Bad file descriptor
07-01 21:44:04.598  3093  3114 E         : invalid gralloc handle (at 0x7fb5d6b380)
07-01 21:44:04.598  3093  3114 E         : Runtime and build version of gralloc private structure does not match. Errors will likely follow.
07-01 21:44:04.604  2935  2935 I Zygote  : System server process 3391 has been created
07-01 21:44:04.607  2935  2935 I Zygote  : Accepting command socket connections
07-01 21:44:04.610  2920  2920 W display : release fence dup failed: Bad file descriptor
07-01 21:44:04.631  3093  3114 E         : invalid gralloc handle (at 0x7fb5d6b400)
07-01 21:44:04.631  3093  3114 E         : Runtime and build version of gralloc private structure does not match. Errors will likely follow.
07-01 21:44:04.644  2920  2920 W display : release fence dup failed: Bad file descriptor
07-01 21:44:04.664  3093  3114 E         : invalid gralloc handle (at 0x7fb5d6b300)
07-01 21:44:04.664  3093  3114 E         : Runtime and build version of gralloc private structure does not match. Errors will likely follow.
07-01 21:44:04.678  2920  2920 W display : release fence dup failed: Bad file descriptor
07-01 21:44:04.698  3093  3114 E         : invalid gralloc handle (at 0x7fb5d6b380)
07-01 21:44:04.698  3093  3114 E         : Runtime and build version of gralloc private structure does not match. Errors will likely follow.
07-01 21:44:04.701  2937  2937 I Zygote  : ...preloaded 342 resources in 428ms.
07-01 21:44:04.710  2937  2937 I Zygote  : ...preloaded 41 resources in 9ms.
07-01 21:44:04.712  2920  2920 W display : release fence dup failed: Bad file descriptor
07-01 21:44:04.732  3093  3114 E         : invalid gralloc handle (at 0x7fb5d6b400)
07-01 21:44:04.732  3093  3114 E         : Runtime and build version of gralloc private structure does not match. Errors will likely follow.
07-01 21:44:04.746  2920  2920 W display : release fence dup failed: Bad file descriptor
07-01 21:44:04.748  2937  2937 D libEGL  : loaded /vendor/lib/egl/libGLES_mali.so
07-01 21:44:04.757  2937  2937 I Zygote  : Preloading shared libraries...
07-01 21:44:04.765  3093  3114 E         : invalid gralloc handle (at 0x7fb5d6b300)
07-01 21:44:04.765  3093  3114 E         : Runtime and build version of gralloc private structure does not match. Errors will likely follow.
07-01 21:44:04.765  2937  2937 D Zygote  : end preload
07-01 21:44:04.765  2937  2937 I art     : Starting a blocking GC Explicit
07-01 21:44:04.775  2937  2937 I art     : Explicit concurrent mark sweep GC freed 11335(456KB) AllocSpace objects, 0(0B) LOS objects, 36% free, 27MB/43MB, paused 76us total 9.797ms
07-01 21:44:04.780  2920  2920 W display : release fence dup failed: Bad file descriptor
07-01 21:44:04.787  2937  2937 I art     : Starting a blocking GC Explicit
07-01 21:44:04.795  2937  2937 I art     : Explicit concurrent mark sweep GC freed 2431(114KB) AllocSpace objects, 0(0B) LOS objects, 36% free, 27MB/43MB, paused 63us total 8.021ms
07-01 21:44:04.795  2937  2937 I Zygote  : Accepting command socket connections
07-01 21:44:04.798  3093  3114 E         : invalid gralloc handle (at 0x7fb5d6b380)
07-01 21:44:04.798  3093  3114 E         : Runtime and build version of gralloc private structure does not match. Errors will likely follow.
07-01 21:44:04.804  3391  3391 I Zygote  : Process: zygote socket opened, supported ABIS: armeabi-v7a,armeabi
07-01 21:44:04.805  3391  3391 I InstallerConnection: connecting...
07-01 21:44:04.805  2932  2932 I installd: new connection
07-01 21:44:04.814  2920  2920 W display : release fence dup failed: Bad file descriptor
07-01 21:44:04.817  3391  3391 I InstallerConnection: disconnecting...
07-01 21:44:04.818  2932  2932 E installd: eof
07-01 21:44:04.818  2932  2932 E installd: failed to read size
07-01 21:44:04.818  2932  2932 I installd: closing connection
07-01 21:44:04.832  3093  3114 E         : invalid gralloc handle (at 0x7fb5d6b400)
07-01 21:44:04.832  3093  3114 E         : Runtime and build version of gralloc private structure does not match. Errors will likely follow.
07-01 21:44:04.847  2920  2920 W display : release fence dup failed: Bad file descriptor
07-01 21:44:04.861  3391  3391 I SystemServer: Entered the Android system server!
07-01 21:44:04.865  3093  3114 E         : invalid gralloc handle (at 0x7fb5d6b300)
07-01 21:44:04.865  3093  3114 E         : Runtime and build version of gralloc private structure does not match. Errors will likely follow.
07-01 21:44:04.881  2920  2920 W display : release fence dup failed: Bad file descriptor
07-01 21:44:04.899  3093  3114 E         : invalid gralloc handle (at 0x7fb5d6b380)
07-01 21:44:04.899  3093  3114 E         : Runtime and build version of gralloc private structure does not match. Errors will likely follow.
07-01 21:44:04.903  3391  3391 I SystemServiceManager: Starting com.android.server.pm.Installer
07-01 21:44:04.906  3391  3391 I Installer: Waiting for installd to be ready.
07-01 21:44:04.906  3391  3391 I InstallerConnection: connecting...
07-01 21:44:04.906  2932  2932 I installd: new connection
07-01 21:44:04.906  3391  3391 I SystemServiceManager: Starting com.android.server.am.ActivityManagerService$Lifecycle
07-01 21:44:04.915  2920  2920 W display : release fence dup failed: Bad file descriptor
07-01 21:44:04.932  3093  3114 E         : invalid gralloc handle (at 0x7fb5d6b400)
07-01 21:44:04.932  3093  3114 E         : Runtime and build version of gralloc private structure does not match. Errors will likely follow.
07-01 21:44:04.949  2920  2920 W display : release fence dup failed: Bad file descriptor
07-01 21:44:04.966  3093  3114 E         : invalid gralloc handle (at 0x7fb5d6b300)
07-01 21:44:04.966  3093  3114 E         : Runtime and build version of gralloc private structure does not match. Errors will likely follow.
07-01 21:44:04.983  2920  2920 W display : release fence dup failed: Bad file descriptor
07-01 21:44:04.985  3391  3391 I XXXXXX  : choosing minFree values for 64 Bit
07-01 21:44:04.985  3391  3391 I XXXXXX  : choosing minFree values for 64 Bit
07-01 21:44:04.985  3391  3391 I XXXXXX  : choosing minFree values for 64 Bit
07-01 21:44:04.985  3391  3391 I XXXXXX  : choosing minFree values for 64 Bit
07-01 21:44:04.985  3391  3391 I XXXXXX  : choosing minFree values for 64 Bit
07-01 21:44:04.985  3391  3391 I XXXXXX  : choosing minFree values for 64 Bit
07-01 21:44:04.992  3391  3391 I ActivityManager: Memory class: 256
07-01 21:44:04.993  3391  3405 I ServiceThread: Enabled StrictMode logging for ActivityManager looper.
07-01 21:44:04.998  3391  3406 I ServiceThread: Enabled StrictMode logging for android.ui looper.
07-01 21:44:04.999  3093  3114 E         : invalid gralloc handle (at 0x7fb5d6b380)
07-01 21:44:04.999  3093  3114 E         : Runtime and build version of gralloc private structure does not match. Errors will likely follow.
07-01 21:44:05.017  2920  2920 W display : release fence dup failed: Bad file descriptor
07-01 21:44:05.032  3093  3114 E         : invalid gralloc handle (at 0x7fb5d6b400)
07-01 21:44:05.032  3093  3114 E         : Runtime and build version of gralloc private structure does not match. Errors will likely follow.
07-01 21:44:05.051  2920  2920 W display : release fence dup failed: Bad file descriptor
07-01 21:44:05.066  3391  3391 D BatteryStatsImpl: Reading daily items from /data/system/batterystats-daily.xml
07-01 21:44:05.066  3093  3114 E         : invalid gralloc handle (at 0x7fb5d6b300)
07-01 21:44:05.066  3093  3114 E         : Runtime and build version of gralloc private structure does not match. Errors will likely follow.
07-01 21:44:05.085  2920  2920 W display : release fence dup failed: Bad file descriptor
07-01 21:44:05.099  3093  3114 E         : invalid gralloc handle (at 0x7fb5d6b380)
07-01 21:44:05.099  3093  3114 E         : Runtime and build version of gralloc private structure does not match. Errors will likely follow.
07-01 21:44:05.102  2920  2920 W display : release fence dup failed: Bad file descriptor
07-01 21:44:05.102  3391  3391 I AppOps  : No existing app ops /data/system/appops.xml; starting empty
07-01 21:44:05.133  3093  3114 E         : invalid gralloc handle (at 0x7fb5d6b400)
07-01 21:44:05.133  3093  3114 E         : Runtime and build version of gralloc private structure does not match. Errors will likely follow.
07-01 21:44:05.135  2920  2920 W display : release fence dup failed: Bad file descriptor
07-01 21:44:05.166  3093  3114 E         : invalid gralloc handle (at 0x7fb5d6b300)
07-01 21:44:05.166  3093  3114 E         : Runtime and build version of gralloc private structure does not match. Errors will likely follow.
07-01 21:44:05.169  2920  2920 W display : release fence dup failed: Bad file descriptor
07-01 21:44:05.170  3391  3391 I IntentFirewall: Read new rules (A:0 B:0 S:0)
07-01 21:44:05.191  3391  3410 I ServiceThread: Enabled StrictMode logging for android.display looper.
07-01 21:44:05.200  3391  3391 D AppOps  : AppOpsService published
07-01 21:44:05.200  3093  3114 E         : invalid gralloc handle (at 0x7fb5d6b380)
07-01 21:44:05.200  3391  3391 I SystemServiceManager: Starting com.android.server.power.PowerManagerService
07-01 21:44:05.200  3093  3114 E         : Runtime and build version of gralloc private structure does not match. Errors will likely follow.
07-01 21:44:05.201  3391  3412 I ServiceThread: Enabled StrictMode logging for PowerManagerService looper.
07-01 21:44:05.203  3391  3391 W libsuspend: Error writing 'on' to /sys/power/state: Invalid argument
07-01 21:44:05.203  3391  3391 I libsuspend: Selected wakeup count
07-01 21:44:05.203  2920  2920 W display : release fence dup failed: Bad file descriptor
07-01 21:44:05.206  3391  3391 I SystemServiceManager: Starting com.android.server.lights.LightsService
07-01 21:44:05.207  3391  3391 I SystemServiceManager: Starting com.android.server.display.DisplayManagerService
07-01 21:44:05.215  3391  3391 I SystemServiceManager: Starting phase 100
07-01 21:44:05.218  2920  3042 E SurfaceFlinger: getDefaultDisplay: id=2 is not a valid default display id
07-01 21:44:05.219  3391  3410 I DisplayManagerService: Display device added: DisplayDeviceInfo{"Built-in Screen": uniqueId="local:0", 1440 x 2560, modeId 1, defaultModeId 1, supportedModes [{id=1, width=1440, height=2560, fps=59.0}], colorTransformId 1, defaultColorTransformId 1, supportedColorTransforms [{id=1, colorTransform=-22}], density 640, 537.882 x 532.983 dpi, appVsyncOff 0, presDeadline 17949152, touch INTERNAL, rotation 0, type BUILT_IN, state UNKNOWN, FLAG_DEFAULT_DISPLAY, FLAG_ROTATES_WITH_CONTENT, FLAG_SECURE, FLAG_SUPPORTS_PROTECTED_BUFFERS}
07-01 21:44:05.220  2920  2920 D SurfaceFlinger: Set power mode=2, type=0 flinger=0x7fa0b03c00
07-01 21:44:05.220  2920  2920 D SurfaceFlinger: Screen type=0 is already mode=2
07-01 21:44:05.221  3391  3391 I SystemServer: Package Manager
07-01 21:44:05.222  3391  3410 I DisplayManagerService: Display device changed state: "Built-in Screen", ON
07-01 21:44:05.233  3093  3114 E         : invalid gralloc handle (at 0x7fb5d6b400)
07-01 21:44:05.233  3093  3114 E         : Runtime and build version of gralloc private structure does not match. Errors will likely follow.
07-01 21:44:05.237  2920  2920 W display : release fence dup failed: Bad file descriptor
07-01 21:44:05.267  3093  3114 E         : invalid gralloc handle (at 0x7fb5d6b300)
07-01 21:44:05.267  3093  3114 E         : Runtime and build version of gralloc private structure does not match. Errors will likely follow.
07-01 21:44:05.271  2920  2920 W display : release fence dup failed: Bad file descriptor
07-01 21:44:05.300  3093  3114 E         : invalid gralloc handle (at 0x7fb5d6b380)
07-01 21:44:05.300  3093  3114 E         : Runtime and build version of gralloc private structure does not match. Errors will likely follow.
07-01 21:44:05.305  2920  2920 W display : release fence dup failed: Bad file descriptor
07-01 21:44:05.325  3391  3391 W SystemConfig: No directory /system/etc/sysconfig, skipping
07-01 21:44:05.334  3093  3114 E         : invalid gralloc handle (at 0x7fb5d6b400)
07-01 21:44:05.334  3093  3114 E         : Runtime and build version of gralloc private structure does not match. Errors will likely follow.
07-01 21:44:05.339  2920  2920 W display : release fence dup failed: Bad file descriptor
07-01 21:44:05.367  3093  3114 E         : invalid gralloc handle (at 0x7fb5d6b300)
07-01 21:44:05.367  3093  3114 E         : Runtime and build version of gralloc private structure does not match. Errors will likely follow.
07-01 21:44:05.373  2920  2920 W display : release fence dup failed: Bad file descriptor
07-01 21:44:05.400  3093  3114 E         : invalid gralloc handle (at 0x7fb5d6b380)
07-01 21:44:05.401  3093  3114 E         : Runtime and build version of gralloc private structure does not match. Errors will likely follow.
07-01 21:44:05.407  2920  2920 W display : release fence dup failed: Bad file descriptor
07-01 21:44:05.420  3391  3391 D SELinuxMMAC: Using policy file /system/etc/security/mac_permissions.xml
07-01 21:44:05.434  3093  3114 E         : invalid gralloc handle (at 0x7fb5d6b400)
07-01 21:44:05.434  3093  3114 E         : Runtime and build version of gralloc private structure does not match. Errors will likely follow.
07-01 21:44:05.441  2920  2920 W display : release fence dup failed: Bad file descriptor
07-01 21:44:05.468  3093  3114 E         : invalid gralloc handle (at 0x7fb5d6b300)
07-01 21:44:05.468  3093  3114 E         : Runtime and build version of gralloc private structure does not match. Errors will likely follow.
07-01 21:44:05.475  2920  2920 W display : release fence dup failed: Bad file descriptor
07-01 21:44:05.501  3093  3114 E         : invalid gralloc handle (at 0x7fb5d6b380)
07-01 21:44:05.501  3093  3114 E         : Runtime and build version of gralloc private structure does not match. Errors will likely follow.
07-01 21:44:05.508  2920  2920 W display : release fence dup failed: Bad file descriptor
07-01 21:44:05.535  3093  3114 E         : invalid gralloc handle (at 0x7fb5d6b400)
07-01 21:44:05.535  3093  3114 E         : Runtime and build version of gralloc private structure does not match. Errors will likely follow.
07-01 21:44:05.542  2920  2920 W display : release fence dup failed: Bad file descriptor
07-01 21:44:05.568  3093  3114 E         : invalid gralloc handle (at 0x7fb5d6b300)
07-01 21:44:05.568  3093  3114 E         : Runtime and build version of gralloc private structure does not match. Errors will likely follow.
07-01 21:44:05.576  2920  2920 W display : release fence dup failed: Bad file descriptor
07-01 21:44:05.601  3093  3114 E         : invalid gralloc handle (at 0x7fb5d6b380)
07-01 21:44:05.601  3093  3114 E         : Runtime and build version of gralloc private structure does not match. Errors will likely follow.
07-01 21:44:05.610  2920  2920 W display : release fence dup failed: Bad file descriptor
07-01 21:44:05.635  3093  3114 E         : invalid gralloc handle (at 0x7fb5d6b400)
07-01 21:44:05.635  3093  3114 E         : Runtime and build version of gralloc private structure does not match. Errors will likely follow.
07-01 21:44:05.644  2920  2920 W display : release fence dup failed: Bad file descriptor
07-01 21:44:05.669  3093  3114 E         : invalid gralloc handle (at 0x7fb5d6b300)
07-01 21:44:05.669  3093  3114 E         : Runtime and build version of gralloc private structure does not match. Errors will likely follow.
07-01 21:44:05.678  2920  2920 W display : release fence dup failed: Bad file descriptor
07-01 21:44:05.702  3093  3114 E         : invalid gralloc handle (at 0x7fb5d6b380)
07-01 21:44:05.702  3093  3114 E         : Runtime and build version of gralloc private structure does not match. Errors will likely follow.
07-01 21:44:05.712  2920  2920 W display : release fence dup failed: Bad file descriptor
07-01 21:44:05.735  3093  3114 E         : invalid gralloc handle (at 0x7fb5d6b400)
07-01 21:44:05.736  3093  3114 E         : Runtime and build version of gralloc private structure does not match. Errors will likely follow.
07-01 21:44:05.746  2920  2920 W display : release fence dup failed: Bad file descriptor
07-01 21:44:05.769  3093  3114 E         : invalid gralloc handle (at 0x7fb5d6b300)
07-01 21:44:05.769  3093  3114 E         : Runtime and build version of gralloc private structure does not match. Errors will likely follow.
07-01 21:44:05.780  2920  2920 W display : release fence dup failed: Bad file descriptor
07-01 21:44:05.802  3093  3114 E         : invalid gralloc handle (at 0x7fb5d6b380)
07-01 21:44:05.802  3093  3114 E         : Runtime and build version of gralloc private structure does not match. Errors will likely follow.
07-01 21:44:05.814  2920  2920 W display : release fence dup failed: Bad file descriptor
07-01 21:44:05.836  3093  3114 E         : invalid gralloc handle (at 0x7fb5d6b400)
07-01 21:44:05.836  3093  3114 E         : Runtime and build version of gralloc private structure does not match. Errors will likely follow.
07-01 21:44:05.847  2920  2920 W display : release fence dup failed: Bad file descriptor
07-01 21:44:05.869  3093  3114 E         : invalid gralloc handle (at 0x7fb5d6b300)
07-01 21:44:05.870  3093  3114 E         : Runtime and build version of gralloc private structure does not match. Errors will likely follow.
07-01 21:44:05.881  2920  2920 W display : release fence dup failed: Bad file descriptor
07-01 21:44:05.903  3093  3114 E         : invalid gralloc handle (at 0x7fb5d6b380)
07-01 21:44:05.903  3093  3114 E         : Runtime and build version of gralloc private structure does not match. Errors will likely follow.
07-01 21:44:05.915  2920  2920 W display : release fence dup failed: Bad file descriptor
07-01 21:44:05.937  3093  3114 E         : invalid gralloc handle (at 0x7fb5d6b400)
07-01 21:44:05.937  3093  3114 E         : Runtime and build version of gralloc private structure does not match. Errors will likely follow.
07-01 21:44:05.949  2920  2920 W display : release fence dup failed: Bad file descriptor
07-01 21:44:05.970  3093  3114 E         : invalid gralloc handle (at 0x7fb5d6b300)
07-01 21:44:05.970  3093  3114 E         : Runtime and build version of gralloc private structure does not match. Errors will likely follow.
07-01 21:44:05.983  2920  2920 W display : release fence dup failed: Bad file descriptor
07-01 21:44:06.003  3093  3114 E         : invalid gralloc handle (at 0x7fb5d6b380)
07-01 21:44:06.004  3093  3114 E         : Runtime and build version of gralloc private structure does not match. Errors will likely follow.
07-01 21:44:06.017  2920  2920 W display : release fence dup failed: Bad file descriptor
07-01 21:44:06.037  3093  3114 E         : invalid gralloc handle (at 0x7fb5d6b400)
07-01 21:44:06.037  3093  3114 E         : Runtime and build version of gralloc private structure does not match. Errors will likely follow.
07-01 21:44:06.051  2920  2920 W display : release fence dup failed: Bad file descriptor
07-01 21:44:06.070  3093  3114 E         : invalid gralloc handle (at 0x7fb5d6b300)
07-01 21:44:06.070  3093  3114 E         : Runtime and build version of gralloc private structure does not match. Errors will likely follow.
07-01 21:44:06.085  2920  2920 W display : release fence dup failed: Bad file descriptor
07-01 21:44:06.104  3093  3114 E         : invalid gralloc handle (at 0x7fb5d6b380)
07-01 21:44:06.104  3093  3114 E         : Runtime and build version of gralloc private structure does not match. Errors will likely follow.
07-01 21:44:06.119  2920  2920 W display : release fence dup failed: Bad file descriptor
07-01 21:44:06.137  3093  3114 E         : invalid gralloc handle (at 0x7fb5d6b400)
07-01 21:44:06.137  3093  3114 E         : Runtime and build version of gralloc private structure does not match. Errors will likely follow.
07-01 21:44:06.152  2920  2920 W display : release fence dup failed: Bad file descriptor
07-01 21:44:06.171  3093  3114 E         : invalid gralloc handle (at 0x7fb5d6b300)
07-01 21:44:06.171  3093  3114 E         : Runtime and build version of gralloc private structure does not match. Errors will likely follow.
07-01 21:44:06.186  2920  2920 W display : release fence dup failed: Bad file descriptor
07-01 21:44:06.205  3093  3114 E         : invalid gralloc handle (at 0x7fb5d6b380)
07-01 21:44:06.205  3093  3114 E         : Runtime and build version of gralloc private structure does not match. Errors will likely follow.
07-01 21:44:06.219  3391  3391 E art     : DexFile_getDexOptNeeded file '/system/framework/org.apache.http.legacy.jar' does not exist
07-01 21:44:06.220  3391  3391 W PackageManager: Library not found: /system/framework/org.apache.http.legacy.jar
07-01 21:44:06.220  3391  3391 E art     : DexFile_getDexOptNeeded file '/system/framework/com.android.nfc_extras.jar' does not exist
07-01 21:44:06.220  3391  3391 W PackageManager: Library not found: /system/framework/com.android.nfc_extras.jar
07-01 21:44:06.220  2920  2920 W display : release fence dup failed: Bad file descriptor
07-01 21:44:06.224  3391  3391 E art     : DexFile_getDexOptNeeded file '/system/framework/org.apache.http.legacy.jar' does not exist
07-01 21:44:06.224  3391  3391 W PackageManager: Library not found: /system/framework/org.apache.http.legacy.jar
07-01 21:44:06.224  3391  3391 E art     : DexFile_getDexOptNeeded file '/system/framework/com.android.nfc_extras.jar' does not exist
07-01 21:44:06.224  3391  3391 W PackageManager: Library not found: /system/framework/com.android.nfc_extras.jar
07-01 21:44:06.238  3093  3114 E         : invalid gralloc handle (at 0x7fb5d6b400)
07-01 21:44:06.238  3093  3114 E         : Runtime and build version of gralloc private structure does not match. Errors will likely follow.
07-01 21:44:06.254  2920  2920 W display : release fence dup failed: Bad file descriptor
07-01 21:44:06.266  3391  3391 D PackageManager: No files in app dir /vendor/overlay
07-01 21:44:06.271  3093  3114 E         : invalid gralloc handle (at 0x7fb5d6b300)
07-01 21:44:06.271  3093  3114 E         : Runtime and build version of gralloc private structure does not match. Errors will likely follow.
07-01 21:44:06.288  2920  2920 W display : release fence dup failed: Bad file descriptor
07-01 21:44:06.305  3093  3114 E         : invalid gralloc handle (at 0x7fb5d6b380)
07-01 21:44:06.305  3093  3114 E         : Runtime and build version of gralloc private structure does not match. Errors will likely follow.
07-01 21:44:06.322  2920  2920 W display : release fence dup failed: Bad file descriptor
07-01 21:44:06.338  3093  3114 E         : invalid gralloc handle (at 0x7fb5d6b400)
07-01 21:44:06.338  3093  3114 E         : Runtime and build version of gralloc private structure does not match. Errors will likely follow.
07-01 21:44:06.356  2920  2920 W display : release fence dup failed: Bad file descriptor
07-01 21:44:06.372  3093  3114 E         : invalid gralloc handle (at 0x7fb5d6b300)
07-01 21:44:06.372  3093  3114 E         : Runtime and build version of gralloc private structure does not match. Errors will likely follow.
07-01 21:44:06.390  2920  2920 W display : release fence dup failed: Bad file descriptor
07-01 21:44:06.405  3093  3114 E         : invalid gralloc handle (at 0x7fb5d6b380)
07-01 21:44:06.405  3093  3114 E         : Runtime and build version of gralloc private structure does not match. Errors will likely follow.
07-01 21:44:06.424  2920  2920 W display : release fence dup failed: Bad file descriptor
07-01 21:44:06.439  3093  3114 E         : invalid gralloc handle (at 0x7fb5d6b400)
07-01 21:44:06.439  3093  3114 E         : Runtime and build version of gralloc private structure does not match. Errors will likely follow.
07-01 21:44:06.458  2920  2920 W display : release fence dup failed: Bad file descriptor
07-01 21:44:06.472  3093  3114 E         : invalid gralloc handle (at 0x7fb5d6b300)
07-01 21:44:06.472  3093  3114 E         : Runtime and build version of gralloc private structure does not match. Errors will likely follow.
07-01 21:44:06.475  2920  2920 W display : release fence dup failed: Bad file descriptor
07-01 21:44:06.506  3093  3114 E         : invalid gralloc handle (at 0x7fb5d6b380)
07-01 21:44:06.506  3093  3114 E         : Runtime and build version of gralloc private structure does not match. Errors will likely follow.
07-01 21:44:06.508  2920  2920 W display : release fence dup failed: Bad file descriptor
07-01 21:44:06.539  3093  3114 E         : invalid gralloc handle (at 0x7fb5d6b400)
07-01 21:44:06.539  3093  3114 E         : Runtime and build version of gralloc private structure does not match. Errors will likely follow.
07-01 21:44:06.542  2920  2920 W display : release fence dup failed: Bad file descriptor
07-01 21:44:06.572  3093  3114 E         : invalid gralloc handle (at 0x7fb5d6b300)
07-01 21:44:06.572  3093  3114 E         : Runtime and build version of gralloc private structure does not match. Errors will likely follow.
07-01 21:44:06.576  2920  2920 W display : release fence dup failed: Bad file descriptor
07-01 21:44:06.606  3093  3114 E         : invalid gralloc handle (at 0x7fb5d6b380)
07-01 21:44:06.606  3093  3114 E         : Runtime and build version of gralloc private structure does not match. Errors will likely follow.
07-01 21:44:06.610  2920  2920 W display : release fence dup failed: Bad file descriptor
07-01 21:44:06.639  3093  3114 E         : invalid gralloc handle (at 0x7fb5d6b400)
07-01 21:44:06.639  3093  3114 E         : Runtime and build version of gralloc private structure does not match. Errors will likely follow.
07-01 21:44:06.644  2920  2920 W display : release fence dup failed: Bad file descriptor
07-01 21:44:06.673  3093  3114 E         : invalid gralloc handle (at 0x7fb5d6b300)
07-01 21:44:06.673  3093  3114 E         : Runtime and build version of gralloc private structure does not match. Errors will likely follow.
07-01 21:44:06.678  2920  2920 W display : release fence dup failed: Bad file descriptor
07-01 21:44:06.706  3093  3114 E         : invalid gralloc handle (at 0x7fb5d6b380)
07-01 21:44:06.706  3093  3114 E         : Runtime and build version of gralloc private structure does not match. Errors will likely follow.
07-01 21:44:06.712  2920  2920 W display : release fence dup failed: Bad file descriptor
07-01 21:44:06.740  3093  3114 E         : invalid gralloc handle (at 0x7fb5d6b400)
07-01 21:44:06.740  3093  3114 E         : Runtime and build version of gralloc private structure does not match. Errors will likely follow.
07-01 21:44:06.746  2920  2920 W display : release fence dup failed: Bad file descriptor
07-01 21:44:06.774  3093  3114 E         : invalid gralloc handle (at 0x7fb5d6b300)
07-01 21:44:06.774  3093  3114 E         : Runtime and build version of gralloc private structure does not match. Errors will likely follow.
07-01 21:44:06.780  2920  2920 W display : release fence dup failed: Bad file descriptor
07-01 21:44:06.807  3093  3114 E         : invalid gralloc handle (at 0x7fb5d6b380)
07-01 21:44:06.807  3093  3114 E         : Runtime and build version of gralloc private structure does not match. Errors will likely follow.
07-01 21:44:06.814  2920  2920 W display : release fence dup failed: Bad file descriptor
07-01 21:44:06.840  3093  3114 E         : invalid gralloc handle (at 0x7fb5d6b400)
07-01 21:44:06.840  3093  3114 E         : Runtime and build version of gralloc private structure does not match. Errors will likely follow.
07-01 21:44:06.847  2920  2920 W display : release fence dup failed: Bad file descriptor
07-01 21:44:06.873  3093  3114 E         : invalid gralloc handle (at 0x7fb5d6b300)
07-01 21:44:06.874  3093  3114 E         : Runtime and build version of gralloc private structure does not match. Errors will likely follow.
07-01 21:44:06.881  2920  2920 W display : release fence dup failed: Bad file descriptor
07-01 21:44:06.907  3093  3114 E         : invalid gralloc handle (at 0x7fb5d6b380)
07-01 21:44:06.907  3093  3114 E         : Runtime and build version of gralloc private structure does not match. Errors will likely follow.
07-01 21:44:06.915  2920  2920 W display : release fence dup failed: Bad file descriptor
07-01 21:44:06.940  3093  3114 E         : invalid gralloc handle (at 0x7fb5d6b400)
07-01 21:44:06.940  3093  3114 E         : Runtime and build version of gralloc private structure does not match. Errors will likely follow.
07-01 21:44:06.949  2920  2920 W display : release fence dup failed: Bad file descriptor
07-01 21:44:06.974  3093  3114 E         : invalid gralloc handle (at 0x7fb5d6b300)
07-01 21:44:06.974  3093  3114 E         : Runtime and build version of gralloc private structure does not match. Errors will likely follow.
07-01 21:44:06.983  2920  2920 W display : release fence dup failed: Bad file descriptor
07-01 21:44:07.008  3093  3114 E         : invalid gralloc handle (at 0x7fb5d6b380)
07-01 21:44:07.008  3093  3114 E         : Runtime and build version of gralloc private structure does not match. Errors will likely follow.
07-01 21:44:07.017  2920  2920 W display : release fence dup failed: Bad file descriptor
07-01 21:44:07.041  3093  3114 E         : invalid gralloc handle (at 0x7fb5d6b400)
07-01 21:44:07.041  3093  3114 E         : Runtime and build version of gralloc private structure does not match. Errors will likely follow.
07-01 21:44:07.051  2920  2920 W display : release fence dup failed: Bad file descriptor
07-01 21:44:07.075  3093  3114 E         : invalid gralloc handle (at 0x7fb5d6b300)
07-01 21:44:07.075  3093  3114 E         : Runtime and build version of gralloc private structure does not match. Errors will likely follow.
07-01 21:44:07.085  2920  2920 W display : release fence dup failed: Bad file descriptor
