12-14 00:27:40.207  3940  4108 I LatinIME:LogUtils: Dictionary info: dictionary = main:en ; version = 54 ; date = 1414726273
12-14 00:27:40.210  3940  4108 I LatinIME:LogUtils: Dictionary info: dictionary = main:en ; version = 54 ; date = 1414726273
12-14 00:27:40.213  3940  4108 I LatinIME:LogUtils: Dictionary info: dictionary = main:en ; version = 54 ; date = 1414726273
12-14 00:27:40.217  3940  4108 I LatinIME:LogUtils: Dictionary info: dictionary = main:en ; version = 54 ; date = 1414726273
12-14 00:27:40.220  3940  4108 I LatinIME:LogUtils: Dictionary info: dictionary = main:en ; version = 54 ; date = 1414726273
12-14 00:27:40.225  3940  4108 I LatinIME:LogUtils: Dictionary info: dictionary = main:en ; version = 54 ; date = 1414726273
12-14 00:27:40.291  4464  4464 W WakefulBroadcastReceiver: No active wake lock id #1
12-14 00:27:40.345  3968  3968 D TelephonyProvider: Regional apns file not found
12-14 00:27:40.377  3968  3968 V ConfigResourceUtil: resourceName = telephony_plugin_jar_name resourceId = 2130903040resourceValue = 
12-14 00:27:40.377  3968  3968 V ConfigResourceUtil: resourceName = telephony_plugin_class_name resourceId = 2130903041resourceValue = 
12-14 00:27:40.423  3412  4115 I ActivityManager: Start proc 4541:com.android.smspush/u0a64 for service com.android.smspush/.WapPushManager
12-14 00:27:40.431  3688  3688 W KeyguardUpdateMonitor: invalid subId in handleSimStateChange()
12-14 00:27:40.440  3968  4560 E DcSwitchStateMachine-0: DctController is not ready
12-14 00:27:40.442  3412  3478 E ConnectivityService: Failed to find Messenger in unregisterNetworkFactory
12-14 00:27:40.442  3412  3478 D ConnectivityService: Got NetworkFactory Messenger for Telephony
12-14 00:27:40.443  4541  4541 W System  : ClassLoader referenced unknown path: /system/app/WAPPushManager/lib/arm64
12-14 00:27:40.466  3968  3968 D CarrierConfigLoader: CarrierConfigLoader has started
12-14 00:27:40.467  3412  3430 D BluetoothManagerService: Message: 20
12-14 00:27:40.467  3412  3430 D BluetoothManagerService: Added callback: android.bluetooth.IBluetoothManagerCallback$Stub$Proxy@6fb64aa:true
12-14 00:27:40.467  3412  3430 D BluetoothManagerService: Message: 30
12-14 00:27:40.508  3968  3968 I Telephony: TtyManager: updateUiTtyMode -1 -> 0
12-14 00:27:40.512  3968  3968 V ConfigResourceUtil: resourceName = config_spn_display_control resourceId = 2130837514resourceValue = false
12-14 00:27:40.534  3688  3688 W KeyguardUpdateMonitor: invalid subId in handleServiceStateChange()
12-14 00:27:40.566  3968  3968 E PhoneInterfaceManager: [PhoneIntfMgr] getIccId: No UICC
12-14 00:27:40.568  3968  3968 D TelephonyDebugService: TelephonyDebugService()
12-14 00:27:40.571  3412  3477 D WifiService: New client listening to asynchronous messages
12-14 00:27:40.572  3968  3968 D CarrierConfigLoader: mHandler: 12 phoneId: 0
12-14 00:27:40.573  3968  3968 D CarrierConfigLoader: Build fingerprint changed. old: null new: cm_hero2ltexx-userdebug 6.0.1 MOB31K 782d0af54f test-keys
12-14 00:27:40.581  3968  3968 W Telephony: TelecomAccountRegistry: Failed to get primary stack id
12-14 00:27:40.582  3968  3968 E PhoneInterfaceManager: [PhoneIntfMgr] getIccId: No UICC
12-14 00:27:40.587  3412  3681 I Telecom : PhoneAccountRegistrar: New phone account registered: [[ ] PhoneAccount: ComponentInfo{com.android.phone/com.android.services.telephony.TelephonyConnectionService}, [e0184adedf913b076626646d3f52c3b49c39ad6d], UserHandle{0} Capabilities: 54 Schemes: tel voicemail ]
12-14 00:27:40.613  3412  3681 I Telecom : : Sending phone-account registered intent as user
12-14 00:27:40.615  3968  3968 I Telephony: AccountEntry: Registered phoneAccount: [[ ] PhoneAccount: ComponentInfo{com.android.phone/com.android.services.telephony.TelephonyConnectionService}, [e0184adedf913b076626646d3f52c3b49c39ad6d], UserHandle{0} Capabilities: 54 Schemes: tel voicemail ] with handle: ComponentInfo{com.android.phone/com.android.services.telephony.TelephonyConnectionService}, [e0184adedf913b076626646d3f52c3b49c39ad6d], UserHandle{0}
12-14 00:27:40.615  3968  3968 I Telephony: PstnIncomingCallNotifier: Registering: Handler (com.android.internal.telephony.gsm.GSMPhone) {93fa57d}
12-14 00:27:40.618  3412  3684 W Telecom : : No account found for the calling user
12-14 00:27:40.639  3412  4115 I ActivityManager: Start proc 4568:com.android.cellbroadcastreceiver/u0a6 for broadcast com.android.cellbroadcastreceiver/.CellBroadcastReceiver
12-14 00:27:40.655  4568  4568 W System  : ClassLoader referenced unknown path: /system/priv-app/CellBroadcastReceiver/lib/arm64
12-14 00:27:40.661  4568  4568 D CellBroadcastReceiver: onReceive Intent { act=android.intent.action.SERVICE_STATE flg=0x10 cmp=com.android.cellbroadcastreceiver/.CellBroadcastReceiver (has extras) }
12-14 00:27:40.661  4568  4568 D CellBroadcastReceiver: Intent ACTION_SERVICE_STATE_CHANGED
12-14 00:27:40.661  4568  4568 D CellBroadcastReceiver: subscriptionId = -2
12-14 00:27:40.710  3968  4585 D SIP     : [SipSharedPreferences] isReceivingCallsEnabled, option not set; use default value, exception: android.provider.Settings$SettingNotFoundException: sip_receive_calls
12-14 00:27:40.727  3707  3707 D ThemeManagerService: Current overlay theme is same as default. Not doing anything for mods_status_bar
12-14 00:27:40.727  3707  3707 D ThemeManagerService: Current overlay theme is same as default. Not doing anything for mods_navigation_bar
12-14 00:27:40.727  3707  3707 D ThemeManagerService: Current overlay theme is same as default. Not doing anything for mods_overlays
12-14 00:27:40.727  3707  3707 D ThemeManagerService: Current theme is compatible with the system. Not unapplying anything
12-14 00:27:40.812  3019  3019 D installd: aapt source_apk=/system/app/HexoLibre/HexoLibre.apk internal_path=assets/icons/ out_restable=/data/resource-cache/org.cyanogenmod.hexolibre/icons uid=50062, pkgId=98,min_sdk_version=23,            app_res_path=, common_res_path=
12-14 00:27:40.814  3412  3412 I BrokerableCMSystemService: Implementation service connected
12-14 00:27:40.814  3412  3412 I BrokerableCMSystemService: Notifying service connected
12-14 00:27:40.815  3412  3412 I BrokerableCMSystemService: Implementation service connected
12-14 00:27:40.815  3412  3412 I BrokerableCMSystemService: Notifying service connected
12-14 00:27:40.873  3019  3019 D installd: aapt source_apk=/system/app/HexoLibre/HexoLibre.apk internal_path=assets/overlays/common/ out_restable=/data/resource-cache/org.cyanogenmod.hexolibre/common uid=50062, pkgId=95,min_sdk_version=23,            app_res_path=/system/framework/framework-res.apk, common_res_path=
12-14 00:27:40.904  3019  3019 D installd: aapt source_apk=/system/app/HexoLibre/HexoLibre.apk internal_path=assets/overlays/com.android.bluetooth/ out_restable=/data/resource-cache/org.cyanogenmod.hexolibre/com.android.bluetooth uid=50062, pkgId=97,min_sdk_version=23,            app_res_path=/system/app/Bluetooth/Bluetooth.apk, common_res_path=/data/resource-cache/org.cyanogenmod.hexolibre/common/resources.apk
12-14 00:27:40.931  3019  3019 D installd: idmap target_apk=/system/app/Bluetooth/Bluetooth.apk overlay_apk=/system/app/HexoLibre/HexoLibre.apk cache_path=/data/resource-cache/org.cyanogenmod.hexolibre/com.android.bluetooth uid=41002
12-14 00:27:40.956  3019  3019 D installd: aapt source_apk=/system/app/HexoLibre/HexoLibre.apk internal_path=assets/overlays/com.android.cellbroadcastreceiver/ out_restable=/data/resource-cache/org.cyanogenmod.hexolibre/com.android.cellbroadcastreceiver uid=50062, pkgId=97,min_sdk_version=23,            app_res_path=/system/priv-app/CellBroadcastReceiver/CellBroadcastReceiver.apk, common_res_path=/data/resource-cache/org.cyanogenmod.hexolibre/common/resources.apk
12-14 00:27:40.977  3019  3019 D installd: idmap target_apk=/system/priv-app/CellBroadcastReceiver/CellBroadcastReceiver.apk overlay_apk=/system/app/HexoLibre/HexoLibre.apk cache_path=/data/resource-cache/org.cyanogenmod.hexolibre/com.android.cellbroadcastreceiver uid=50006
12-14 00:27:41.002  3019  3019 D installd: aapt source_apk=/system/app/HexoLibre/HexoLibre.apk internal_path=assets/overlays/com.android.documentsui/ out_restable=/data/resource-cache/org.cyanogenmod.hexolibre/com.android.documentsui uid=50062, pkgId=97,min_sdk_version=23,            app_res_path=/system/app/DocumentsUI/DocumentsUI.apk, common_res_path=/data/resource-cache/org.cyanogenmod.hexolibre/common/resources.apk
12-14 00:27:41.041  3019  3019 D installd: idmap target_apk=/system/app/DocumentsUI/DocumentsUI.apk overlay_apk=/system/app/HexoLibre/HexoLibre.apk cache_path=/data/resource-cache/org.cyanogenmod.hexolibre/com.android.documentsui uid=50039
12-14 00:27:41.076  3019  3019 D installd: aapt source_apk=/system/app/HexoLibre/HexoLibre.apk internal_path=assets/overlays/com.android.deskclock/ out_restable=/data/resource-cache/org.cyanogenmod.hexolibre/com.android.deskclock uid=50062, pkgId=97,min_sdk_version=23,            app_res_path=/system/app/DeskClock/DeskClock.apk, common_res_path=/data/resource-cache/org.cyanogenmod.hexolibre/common/resources.apk
12-14 00:27:41.104  3089  3104 D BootAnimation: Use save memory method, maybe small fps in actual.
12-14 00:27:41.144  3019  3019 D installd: idmap target_apk=/system/app/DeskClock/DeskClock.apk overlay_apk=/system/app/HexoLibre/HexoLibre.apk cache_path=/data/resource-cache/org.cyanogenmod.hexolibre/com.android.deskclock uid=50038
12-14 00:27:41.199  3019  3019 D installd: aapt source_apk=/system/app/HexoLibre/HexoLibre.apk internal_path=assets/overlays/com.android.settings/ out_restable=/data/resource-cache/org.cyanogenmod.hexolibre/com.android.settings uid=50062, pkgId=97,min_sdk_version=23,            app_res_path=/system/priv-app/Settings/Settings.apk, common_res_path=/data/resource-cache/org.cyanogenmod.hexolibre/common/resources.apk
12-14 00:27:41.300  3019  3019 D installd: idmap target_apk=/system/priv-app/Settings/Settings.apk overlay_apk=/system/app/HexoLibre/HexoLibre.apk cache_path=/data/resource-cache/org.cyanogenmod.hexolibre/com.android.settings uid=41000
12-14 00:27:41.335  3019  3019 D installd: aapt source_apk=/system/app/HexoLibre/HexoLibre.apk internal_path=assets/overlays/com.android.inputmethod.latin/ out_restable=/data/resource-cache/org.cyanogenmod.hexolibre/com.android.inputmethod.latin uid=50062, pkgId=97,min_sdk_version=23,            app_res_path=/system/app/LatinIME/LatinIME.apk, common_res_path=/data/resource-cache/org.cyanogenmod.hexolibre/common/resources.apk
12-14 00:27:41.397  3019  3019 D installd: idmap target_apk=/system/app/LatinIME/LatinIME.apk overlay_apk=/system/app/HexoLibre/HexoLibre.apk cache_path=/data/resource-cache/org.cyanogenmod.hexolibre/com.android.inputmethod.latin uid=50068
12-14 00:27:41.432  3019  3019 D installd: aapt source_apk=/system/app/HexoLibre/HexoLibre.apk internal_path=assets/overlays/com.cyanogenmod.updater/ out_restable=/data/resource-cache/org.cyanogenmod.hexolibre/com.cyanogenmod.updater uid=50062, pkgId=97,min_sdk_version=23,            app_res_path=/system/priv-app/CMUpdater/CMUpdater.apk, common_res_path=/data/resource-cache/org.cyanogenmod.hexolibre/common/resources.apk
12-14 00:27:41.454  3019  3019 D installd: idmap target_apk=/system/priv-app/CMUpdater/CMUpdater.apk overlay_apk=/system/app/HexoLibre/HexoLibre.apk cache_path=/data/resource-cache/org.cyanogenmod.hexolibre/com.cyanogenmod.updater uid=50004
12-14 00:27:41.479  3019  3019 D installd: aapt source_apk=/system/app/HexoLibre/HexoLibre.apk internal_path=assets/overlays/com.android.packageinstaller/ out_restable=/data/resource-cache/org.cyanogenmod.hexolibre/com.android.packageinstaller uid=50062, pkgId=97,min_sdk_version=23,            app_res_path=/system/priv-app/PackageInstaller/PackageInstaller.apk, common_res_path=/data/resource-cache/org.cyanogenmod.hexolibre/common/resources.apk
12-14 00:27:41.503  3019  3019 D installd: idmap target_apk=/system/priv-app/PackageInstaller/PackageInstaller.apk overlay_apk=/system/app/HexoLibre/HexoLibre.apk cache_path=/data/resource-cache/org.cyanogenmod.hexolibre/com.android.packageinstaller uid=50016
12-14 00:27:41.530  3019  3019 D installd: aapt source_apk=/system/app/HexoLibre/HexoLibre.apk internal_path=assets/overlays/com.android.systemui/ out_restable=/data/resource-cache/org.cyanogenmod.hexolibre/com.android.systemui uid=50062, pkgId=97,min_sdk_version=23,            app_res_path=/system/priv-app/SystemUI/SystemUI.apk, common_res_path=/data/resource-cache/org.cyanogenmod.hexolibre/common/resources.apk
12-14 00:27:41.575  3019  3019 D installd: idmap target_apk=/system/priv-app/SystemUI/SystemUI.apk overlay_apk=/system/app/HexoLibre/HexoLibre.apk cache_path=/data/resource-cache/org.cyanogenmod.hexolibre/com.android.systemui uid=50020
12-14 00:27:41.606  3019  3019 D installd: aapt source_apk=/system/app/HexoLibre/HexoLibre.apk internal_path=assets/overlays/com.android.phone/ out_restable=/data/resource-cache/org.cyanogenmod.hexolibre/com.android.phone uid=50062, pkgId=97,min_sdk_version=23,            app_res_path=/system/priv-app/TeleService/TeleService.apk, common_res_path=/data/resource-cache/org.cyanogenmod.hexolibre/common/resources.apk
12-14 00:27:41.628  3019  3019 D installd: idmap target_apk=/system/priv-app/TeleService/TeleService.apk overlay_apk=/system/app/HexoLibre/HexoLibre.apk cache_path=/data/resource-cache/org.cyanogenmod.hexolibre/com.android.phone uid=41001
12-14 00:27:41.654  3019  3019 D installd: aapt source_apk=/system/app/HexoLibre/HexoLibre.apk internal_path=assets/overlays/android/ out_restable=/data/resource-cache/org.cyanogenmod.hexolibre/android uid=50062, pkgId=96,min_sdk_version=23,            app_res_path=/system/framework/framework-res.apk, common_res_path=/data/resource-cache/org.cyanogenmod.hexolibre/common/resources.apk
12-14 00:27:41.740  3089  3104 D BootAnimation: playing boot audio here
12-14 00:27:41.740  3089  3104 W BootAnimation: Audio service is not initiated.
12-14 00:27:41.776  3019  3019 D installd: idmap target_apk=/system/framework/framework-res.apk overlay_apk=/system/app/HexoLibre/HexoLibre.apk cache_path=/data/resource-cache/org.cyanogenmod.hexolibre/android uid=41000
12-14 00:27:41.804  4650  4650 I McDaemon: Daemon starting up...
12-14 00:27:41.804  4650  4650 I McDaemon: Socket interface version is 0.2
12-14 00:27:41.804  4650  4650 I McDaemon: *** t-base-300-Ares-2-Android-V001 ###
12-14 00:27:41.804  4650  4650 I McDaemon: Build timestamp is Nov 28 2016 04:11:40
12-14 00:27:41.804  4650  4650 E McDaemon:   *****************************
12-14 00:27:41.804  4650  4650 E McDaemon:   *** ERROR: ioctl MC_IO_VERSION failed with "Not a typewriter"(errno 25)
12-14 00:27:41.804  4650  4650 E McDaemon:   *** Detected in checkVersion/545()
12-14 00:27:41.804  4650  4650 E McDaemon:   *****************************
12-14 00:27:41.804  4650  4650 E McDaemon:   *****************************
12-14 00:27:41.804  4650  4650 E McDaemon:   *** ERROR: ret = -1
12-14 00:27:41.804  4650  4650 E McDaemon:   *** Detected in checkVersion/546()
12-14 00:27:41.804  4650  4650 E McDaemon:   *****************************
12-14 00:27:41.804  4650  4650 E McDaemon:   *****************************
12-14 00:27:41.804  4650  4650 E McDaemon:   *** ERROR: kernel module version mismatch
12-14 00:27:41.804  4650  4650 E McDaemon:   *** Detected in initDevice/115()
12-14 00:27:41.804  4650  4650 E McDaemon:   *****************************
12-14 00:27:41.804  4650  4650 E McDaemon:   *****************************
12-14 00:27:41.804  4650  4650 E McDaemon:   *** ERROR: Could not initialize <t-base (because /dev/mobicore could not be openend)!
12-14 00:27:41.804  4650  4650 E McDaemon:   *** Detected in run/139()
12-14 00:27:41.804  4650  4650 E McDaemon:   *****************************
12-14 00:27:41.804  4650  4650 E McDaemon:   *****************************
12-14 00:27:41.804  4650  4650 E McDaemon:   *** ERROR: Exiting <t-base Daemon
12-14 00:27:41.804  4650  4650 E McDaemon:   *** Detected in main/1388()
12-14 00:27:41.804  4650  4650 E McDaemon:   *****************************
12-14 00:27:41.826  3019  3019 D installd: aapt source_apk=/system/app/HexoLibre/HexoLibre.apk internal_path=assets/overlays/com.cyanogenmod.trebuchet/ out_restable=/data/resource-cache/org.cyanogenmod.hexolibre/com.cyanogenmod.trebuchet uid=50062, pkgId=97,min_sdk_version=23,            app_res_path=/system/priv-app/Trebuchet/Trebuchet.apk, common_res_path=/data/resource-cache/org.cyanogenmod.hexolibre/common/resources.apk
12-14 00:27:41.859  3019  3019 D installd: idmap target_apk=/system/priv-app/Trebuchet/Trebuchet.apk overlay_apk=/system/app/HexoLibre/HexoLibre.apk cache_path=/data/resource-cache/org.cyanogenmod.hexolibre/com.cyanogenmod.trebuchet uid=50029
12-14 00:27:42.076  3019  3019 E installd: Unable to unlink boot marker at /data/dalvik-cache/arm64/.booting, error=No such file or directory
12-14 00:27:42.076  3412  3431 E ActivityManager: Unable to mark boot complete for abi: arm64-v8a
12-14 00:27:42.076  3019  3019 E installd: Unable to unlink boot marker at /data/dalvik-cache/arm/.booting, error=No such file or directory
12-14 00:27:42.076  3412  3431 E ActivityManager: Unable to mark boot complete for abi: armeabi
12-14 00:27:42.077  3412  3431 I SystemServiceManager: Starting phase 1000
12-14 00:27:42.109  3003  3003 W auditd  : type=1325 audit(0.0:206): table=filter family=2 entries=76
12-14 00:27:42.109  3003  3003 W auditd  : type=1320 audit(0.0:206): 
12-14 00:27:42.109  3003  3003 W auditd  : type=1325 audit(0.0:207): table=filter family=10 entries=79
12-14 00:27:42.109  3003  3003 W auditd  : type=1320 audit(0.0:207): 
12-14 00:27:42.119  3003  3003 W auditd  : type=1325 audit(0.0:208): table=filter family=2 entries=75
12-14 00:27:42.119  3003  3003 W auditd  : type=1320 audit(0.0:208): 
12-14 00:27:42.119  3003  3003 W auditd  : type=1325 audit(0.0:209): table=filter family=10 entries=78
12-14 00:27:42.119  3003  3003 W auditd  : type=1320 audit(0.0:209): 
12-14 00:27:42.135  3412  3431 W ContextImpl: Calling a method in the system process without a qualified user: android.app.ContextImpl.sendBroadcast:788 org.cyanogenmod.platform.internal.CMHardwareService.onBootPhase:429 com.android.server.SystemServiceManager.startBootPhase:135 com.android.server.am.ActivityManagerService.finishBooting:6688 com.android.server.am.ActivityManagerService.bootAnimationComplete:6755 
12-14 00:27:42.232  3412  3431 I ActivityManager: Start proc 4663:com.android.bluetooth/1002 for on-hold
12-14 00:27:42.500  3412  4702 I ActivityManager: Start proc 4704:com.android.keychain/1000 for service com.android.keychain/.KeyChainService
12-14 00:27:42.513  3412  4703 W Searchables: No global search activity found
12-14 00:27:42.518  3412  4716 I RecoverySystem: Deleted: /cache/recovery/.version
12-14 00:27:42.518  3412  4716 I RecoverySystem: Deleted: /cache/recovery/recovery.fstab
12-14 00:27:42.518  3412  4716 I RecoverySystem: Deleted: /cache/recovery/storage.fstab
12-14 00:27:42.518  3412  4716 I RecoverySystem: Deleted: /cache/recovery/log
12-14 00:27:42.519  3412  4716 I RecoverySystem: Deleted: /cache/recovery/intent
12-14 00:27:42.522  3412  4115 I ActivityManager: Start proc 4719:com.android.dialer/u0a24 for broadcast com.android.dialer/.calllog.CallLogReceiver
12-14 00:27:42.530  4704  4704 W System  : ClassLoader referenced unknown path: /system/app/KeyChain/lib/arm64
12-14 00:27:42.542  4719  4719 W System  : ClassLoader referenced unknown path: /system/priv-app/Dialer/lib/arm64
12-14 00:27:42.548  4663  4663 D AdapterServiceConfig: addA2dpProfile: isA2dpSinkEnabled = falseisHfpClientEnabled false serviceName HeadsetService
12-14 00:27:42.548  4663  4663 D AdapterServiceConfig: Adding HeadsetService
12-14 00:27:42.548  4663  4663 D AdapterServiceConfig: addA2dpProfile: isA2dpSinkEnabled = falseisHfpClientEnabled false serviceName A2dpService
12-14 00:27:42.548  4663  4663 D AdapterServiceConfig: Adding A2dpService
12-14 00:27:42.548  4663  4663 D AdapterServiceConfig: addA2dpProfile: isA2dpSinkEnabled = falseisHfpClientEnabled false serviceName HidService
12-14 00:27:42.548  4663  4663 D AdapterServiceConfig: Adding HidService
12-14 00:27:42.548  4663  4663 D AdapterServiceConfig: addA2dpProfile: isA2dpSinkEnabled = falseisHfpClientEnabled false serviceName HealthService
12-14 00:27:42.548  4663  4663 D AdapterServiceConfig: Adding HealthService
12-14 00:27:42.548  4663  4663 D AdapterServiceConfig: addA2dpProfile: isA2dpSinkEnabled = falseisHfpClientEnabled false serviceName PanService
12-14 00:27:42.548  4663  4663 D AdapterServiceConfig: Adding PanService
12-14 00:27:42.548  4663  4663 D AdapterServiceConfig: addA2dpProfile: isA2dpSinkEnabled = falseisHfpClientEnabled false serviceName GattService
12-14 00:27:42.548  4663  4663 D AdapterServiceConfig: Adding GattService
12-14 00:27:42.548  4663  4663 D AdapterServiceConfig: addA2dpProfile: isA2dpSinkEnabled = falseisHfpClientEnabled false serviceName BluetoothMapService
12-14 00:27:42.549  4663  4663 D AdapterServiceConfig: Adding BluetoothMapService
12-14 00:27:42.549  4663  4663 D AdapterServiceConfig: Could not find profile bit mask
12-14 00:27:42.549  4663  4663 D AdapterServiceConfig: addA2dpProfile: isA2dpSinkEnabled = falseisHfpClientEnabled false serviceName HidDevService
12-14 00:27:42.549  4663  4663 D AdapterServiceConfig: Adding HidDevService
12-14 00:27:42.550  3412  4716 I BootReceiver: Copying /proc/last_kmsg to DropBox (SYSTEM_LAST_KMSG)
12-14 00:27:42.598  3412  4716 I BootReceiver: Copying audit failures to DropBox
12-14 00:27:42.602  3412  4716 I BootReceiver: Copied 0 worth of audits to DropBox
12-14 00:27:42.603  3412  3430 D BluetoothManagerService: Message: 20
12-14 00:27:42.603  3412  3430 D BluetoothManagerService: Added callback: android.bluetooth.IBluetoothManagerCallback$Stub$Proxy@c54a899:true
12-14 00:27:42.603  4663  4663 D BluetoothAdapterState: make() - Creating AdapterState
12-14 00:27:42.604  4663  4733 I BluetoothAdapterState: Entering OffState
12-14 00:27:42.605  4663  4663 I bt_bluedroid: init
12-14 00:27:42.614  4663  4734 E bt_osi_config: config_new unable to open file '/data/misc/bluedroid/bt_config.conf': No such file or directory
12-14 00:27:42.614  4663  4734 W bt_btif_config: init unable to load config file; attempting to transcode legacy file.
12-14 00:27:42.615  4663  4734 E bt_btif_config_transcode: config_t* btif_config_transcode(const char*) unable to load XML file '/data/misc/bluedroid/bt_config.xml': 3
12-14 00:27:42.615  4663  4734 W bt_btif_config: init unable to transcode legacy file, starting unconfigured.
12-14 00:27:42.652  3412  4716 I BootReceiver: Checking for fsck errors
12-14 00:27:42.652  3412  4716 I BootReceiver: Copying /data/tombstones/tombstone_00 to DropBox (SYSTEM_TOMBSTONE)
12-14 00:27:42.656  4719  4719 W MOD.CyanogenAmbientUtil: Cyanogen Ambient package is missing! Version 1050100 is required.
12-14 00:27:42.657  4719  4719 E MOD.AmbientApiClientImp: This application will not run unless you install Ambient services
12-14 00:27:42.657  4719  4719 W PhoneCommon.AmbientSingletonHolder: Connection failed: com.cyanogen.ambient.common.ConnectionResult@fe92d5a
12-14 00:27:42.679  4663  4734 I bt_bte_conf: bte_load_ble_conf attempt to load ble stack conf from /etc/bluetooth/ble_stack.conf
12-14 00:27:42.680  4719  4719 W Ambient : AmbientApiClient is not connected. Please ensure connection before calling any APIs.
12-14 00:27:42.680  4719  4719 W Ambient : java.lang.Exception
12-14 00:27:42.680  4719  4719 W Ambient : 	at com.cyanogen.ambient.common.api.internal.AbstractAsynchronousApi.execute(AbstractAsynchronousApi.java:18)
12-14 00:27:42.680  4719  4719 W Ambient : 	at com.cyanogen.ambient.incall.internal.InCallApiImpl.getInstalledPlugins(InCallApiImpl.java:88)
12-14 00:27:42.680  4719  4719 W Ambient : 	at com.android.phone.common.incall.api.InCallQueries.updateCallPlugins(InCallQueries.java:45)
12-14 00:27:42.680  4719  4719 W Ambient : 	at com.android.phone.common.incall.DialerDataSubscription.onRefreshRequested(DialerDataSubscription.java:91)
12-14 00:27:42.680  4719  4719 W Ambient : 	at com.android.phone.common.ambient.AmbientDataSubscription.refresh(AmbientDataSubscription.java:308)
12-14 00:27:42.680  4719  4719 W Ambient : 	at com.android.phone.common.incall.DialerDataSubscription.init(DialerDataSubscription.java:86)
12-14 00:27:42.680  4719  4719 W Ambient : 	at com.android.dialer.DialerApplication.onCreate(DialerApplication.java:57)
12-14 00:27:42.680  4719  4719 W Ambient : 	at android.app.Instrumentation.callApplicationOnCreate(Instrumentation.java:1014)
12-14 00:27:42.680  4719  4719 W Ambient : 	at android.app.ActivityThread.handleBindApplication(ActivityThread.java:4751)
12-14 00:27:42.680  4719  4719 W Ambient : 	at android.app.ActivityThread.-wrap1(ActivityThread.java)
12-14 00:27:42.680  4719  4719 W Ambient : 	at android.app.ActivityThread$H.handleMessage(ActivityThread.java:1424)
12-14 00:27:42.680  4719  4719 W Ambient : 	at android.os.Handler.dispatchMessage(Handler.java:102)
12-14 00:27:42.680  4719  4719 W Ambient : 	at android.os.Looper.loop(Looper.java:148)
12-14 00:27:42.680  4719  4719 W Ambient : 	at android.app.ActivityThread.main(ActivityThread.java:5461)
12-14 00:27:42.680  4719  4719 W Ambient : 	at java.lang.reflect.Method.invoke(Native Method)
12-14 00:27:42.680  4719  4719 W Ambient : 	at com.android.internal.os.ZygoteInit$MethodAndArgsCaller.run(ZygoteInit.java:726)
12-14 00:27:42.680  4719  4719 W Ambient : 	at com.android.internal.os.ZygoteInit.main(ZygoteInit.java:616)
12-14 00:27:42.684  4663  4734 E bt_osi_config: config_new unable to open file '/etc/bluetooth/ble_stack.conf': No such file or directory
12-14 00:27:42.684  4663  4734 I bt_bte_conf: bte_load_ble_conf file >/etc/bluetooth/ble_stack.conf< not found
12-14 00:27:42.684  4663  4734 I bt_stack_config: init attempt to load stack conf from /etc/bluetooth/bt_stack.conf
12-14 00:27:42.689  4719  4719 W MOD.CyanogenAmbientUtil: Cyanogen Ambient package is missing! Version 1050100 is required.
12-14 00:27:42.702  4663  4663 I bt_bluedroid: get_profile_interface socket
12-14 00:27:42.703  4663  4739 D BluetoothAdapterProperties: Address is:D8:C4:E9:A9:2E:B5
12-14 00:27:42.703  4663  4739 D BluetoothAdapterProperties: Name is: SM-G935F
12-14 00:27:42.704  3412  3412 D BluetoothManagerService: Bluetooth Adapter name changed to SM-G935F
12-14 00:27:42.704  3412  3412 D BluetoothManagerService: Stored Bluetooth name: SM-G935F
12-14 00:27:42.714  4663  4663 I bt_bluedroid: get_profile_interface sdp
12-14 00:27:42.716  3412  3412 D BluetoothManagerService: BluetoothServiceConnection: com.android.bluetooth.btservice.AdapterService
12-14 00:27:42.733  3412  3430 D BluetoothManagerService: Message: 40
12-14 00:27:42.733  3412  3430 D BluetoothManagerService: MESSAGE_BLUETOOTH_SERVICE_CONNECTED: 1
12-14 00:27:42.734  3412  3476 D WIFI    : Registering NetworkFactory
12-14 00:27:42.734  4663  4677 I bt_bluedroid: config_hci_snoop_log
12-14 00:27:42.734  3412  3430 D BluetoothManagerService: Message: 200
12-14 00:27:42.734  3412  3430 D BluetoothManagerService: MESSAGE_GET_NAME_AND_ADDRESS
12-14 00:27:42.734  3412  3430 D BluetoothManagerService: Message: 201
12-14 00:27:42.734  3412  3476 D WIFI_UT : Registering NetworkFactory
12-14 00:27:42.734  3412  3430 D BluetoothManagerService: MESSAGE_SAVE_NAME_AND_ADDRESS
12-14 00:27:42.734  3412  3478 D ConnectivityService: Got NetworkFactory Messenger for WIFI
12-14 00:27:42.734  3412  3478 D ConnectivityService: Got NetworkFactory Messenger for WIFI_UT
12-14 00:27:42.734  3412  3476 D WIFI    : got request NetworkRequest [ id=1, legacyType=-1, [ Capabilities: INTERNET&NOT_RESTRICTED&TRUSTED&NOT_VPN] ] with score 0
12-14 00:27:42.734  3412  3476 D WIFI_UT : got request NetworkRequest [ id=1, legacyType=-1, [ Capabilities: INTERNET&NOT_RESTRICTED&TRUSTED&NOT_VPN] ] with score 0
12-14 00:27:42.735  3412  3430 D BluetoothManagerService: Stored Bluetooth name: SM-G935F
12-14 00:27:42.735  3412  3430 D BluetoothManagerService: Stored Bluetoothaddress: D8:C4:E9:A9:2E:B5
12-14 00:27:42.735  3412  3430 D BluetoothManagerService: unbindAndFinish(): android.bluetooth.IBluetooth$Stub$Proxy@1f23436 mBinding = false
12-14 00:27:42.735  3412  3430 D BluetoothManagerService: Sending unbind request.
12-14 00:27:42.744  3412  3412 I ActivityManager: Start proc 4742:com.android.calendar/u0a37 for broadcast com.android.calendar/.UpgradeReceiver
12-14 00:27:42.746  4663  4663 W BluetoothAdapterService: onUnbind, calling cleanup
12-14 00:27:42.747  4663  4663 W BluetoothSdpJni: Cleaning up Bluetooth SDP Interface...
12-14 00:27:42.748  4663  4663 W BluetoothSdpJni: Cleaning up Bluetooth Health object
12-14 00:27:42.748  4663  4663 I BluetoothServiceJni: cleanupNative: return from cleanup
12-14 00:27:42.748  4663  4734 D bt_stack_manager: event_clean_up_stack is cleaning up the stack.
12-14 00:27:42.749  4663  4663 I art     : System.exit called, status: 0
12-14 00:27:42.749  4663  4663 I AndroidRuntime: VM exiting with result code 0, cleanup skipped.
12-14 00:27:42.761  4742  4742 W System  : ClassLoader referenced unknown path: /system/app/Calendar/lib/arm64
12-14 00:27:42.765  3412  3681 I ActivityManager: Process com.android.bluetooth (pid 4663) has died
12-14 00:27:42.765  3412  3681 D ActivityManager: cleanUpApplicationRecord -- 4663
12-14 00:27:42.821  4742  4742 D ExtensionsFactory: No custom extensions.
12-14 00:27:42.870  3412  3423 I ActivityManager: Start proc 4759:com.android.providers.calendar/u0a1 for broadcast com.android.providers.calendar/.CalendarReceiver
12-14 00:27:42.885  4759  4759 W System  : ClassLoader referenced unknown path: /system/priv-app/CalendarProvider/lib/arm64
12-14 00:27:43.014  4759  4759 I CalendarDatabaseHelper: Bootstrapping database
12-14 00:27:43.097  4759  4759 I CalendarProvider2: Created com.android.providers.calendar.CalendarAlarmManager@5c7ba4e(com.android.providers.calendar.CalendarProvider2@722476f)
12-14 00:27:43.114  3412  3423 I ActivityManager: Start proc 4774:com.cyanogenmod.updater/u0a4 for broadcast com.cyanogenmod.updater/.receiver.UpdateCheckReceiver
12-14 00:27:43.129  4774  4774 W System  : ClassLoader referenced unknown path: /system/priv-app/CMUpdater/lib/arm64
12-14 00:27:43.164  4774  4774 I UpdateCheckReceiver: Scheduling future, repeating update checks.
12-14 00:27:43.202  3412  3685 I ActivityManager: Start proc 4794:org.cyanogenmod.providers.datausage/1000 for broadcast org.cyanogenmod.providers.datausage/.BootReceiver
12-14 00:27:43.218  4794  4794 W System  : ClassLoader referenced unknown path: /system/priv-app/DataUsageProvider/lib/arm64
12-14 00:27:43.346  3412  4111 I ActivityManager: Start proc 4809:com.android.managedprovisioning/u0a12 for broadcast com.android.managedprovisioning/.BootReminder
12-14 00:27:43.360  4809  4809 W System  : ClassLoader referenced unknown path: /system/priv-app/ManagedProvisioning/lib/arm64
12-14 00:27:43.376  3412  3684 I ActivityManager: Start proc 4824:com.android.onetimeinitializer/u0a13 for broadcast com.android.onetimeinitializer/.OneTimeInitializerReceiver
12-14 00:27:43.390  4824  4824 W System  : ClassLoader referenced unknown path: /system/priv-app/OneTimeInitializer/lib/arm64
12-14 00:27:43.391  4824  4824 V OneTimeInitializerRece: OneTimeInitializerReceiver.onReceive
12-14 00:27:43.392  3412  4115 W BroadcastQueue: Permission Denial: receiving Intent { act=android.intent.action.BOOT_COMPLETED flg=0x8000010 (has extras) } to org.cyanogenmod.snap/com.android.camera.DisableCameraReceiver requires android.permission.RECEIVE_BOOT_COMPLETED due to sender null (uid 1000)
12-14 00:27:43.393  4824  4837 I OneTimeInitializerServ: Updating to version 1.
12-14 00:27:43.402  3412  3426 I ActivityManager: Start proc 4839:com.cyanogenmod.trebuchet/u0a29 for broadcast com.cyanogenmod.trebuchet/com.android.launcher3.StartupReceiver
12-14 00:27:43.403  4824  4837 E ActivityThread: Failed to find provider info for com.android.launcher2.settings
12-14 00:27:43.417  4839  4839 W System  : ClassLoader referenced unknown path: /system/priv-app/Trebuchet/lib/arm64
12-14 00:27:43.535  4120  4808 I MediaProvider: Upgrading media database from version 0 to 800, which will destroy all old data
12-14 00:27:43.572  4120  4808 D MediaProvider: Adjusting external storage paths to: /storage/emulated/0
12-14 00:27:43.614  4120  4808 E SQLiteLog: (1) no such table: files
12-14 00:27:43.635  4109  4433 E WVMExtractor: Failed to open libwvm.so: dlopen failed: library "libwvm.so" not found
12-14 00:27:43.687  4120  4808 W MediaScanner: forcing rescan of /system/media/audio/alarms/Argon.oggsince ringtone setting didn't finish
12-14 00:27:43.769  3958  4447 W AudioFxService: self destructing, no sessions active and nothing to do.
12-14 00:27:43.791  4120  4808 W MediaScanner: forcing rescan of /system/media/audio/alarms/Helium.oggsince ringtone setting didn't finish
12-14 00:27:43.825  4120  4808 W MediaProvider: Missing volume for /system; assuming invalid
12-14 00:27:43.825  4120  4808 W MediaProvider: Missing volume for /system/media; assuming invalid
12-14 00:27:43.826  4120  4808 W MediaProvider: Missing volume for /system/media/audio; assuming invalid
12-14 00:27:43.827  4120  4808 W MediaProvider: Missing volume for /system/media/audio/alarms; assuming invalid
12-14 00:27:43.850  4120  4808 W MediaProvider: Missing volume for /system/media/audio/alarms/Alarm_Beep_01.ogg; assuming invalid
12-14 00:27:43.851  4120  4808 W MediaProvider: Missing volume for /system/media/audio/alarms/Alarm_Beep_02.ogg; assuming invalid
12-14 00:27:43.853  4120  4808 W MediaProvider: Missing volume for /system/media/audio/alarms/Alarm_Beep_03.ogg; assuming invalid
12-14 00:27:43.854  4120  4808 W MediaProvider: Missing volume for /system/media/audio/alarms/Alarm_Buzzer.ogg; assuming invalid
12-14 00:27:43.855  4120  4808 W MediaProvider: Missing volume for /system/media/audio/alarms/Alarm_Rooster_02.ogg; assuming invalid
12-14 00:27:43.856  4109  4247 E MetadataRetrieverClient: failed to extract an album art
12-14 00:27:43.856  4120  4808 W MediaProvider: Missing volume for /system/media/audio/alarms/Argon.ogg; assuming invalid
12-14 00:27:43.857  4120  4808 W MediaProvider: Missing volume for /system/media/audio/alarms/Barium.ogg; assuming invalid
12-14 00:27:43.859  4120  4808 W MediaProvider: Missing volume for /system/media/audio/alarms/Carbon.ogg; assuming invalid
12-14 00:27:43.860  4120  4808 W MediaProvider: Missing volume for /system/media/audio/alarms/CyanAlarm.ogg; assuming invalid
12-14 00:27:43.880  4839  4839 W MOD.CyanogenAmbientUtil: Cyanogen Ambient package is missing! Version 1050100 is required.
12-14 00:27:43.880  4839  4839 E MOD.AmbientApiClientImp: This application will not run unless you install Ambient services
12-14 00:27:43.888  4742  4742 D AlertReceiver: onReceive: a=android.intent.action.BOOT_COMPLETED Intent { act=android.intent.action.BOOT_COMPLETED flg=0x8000010 cmp=com.android.calendar/.alerts.AlertReceiver (has extras) }
12-14 00:27:43.900  3412  4111 I ActivityManager: Start proc 4860:com.android.deskclock/u0a38 for broadcast com.android.deskclock/.AlarmInitReceiver
12-14 00:27:43.914  4860  4860 W System  : ClassLoader referenced unknown path: /system/app/DeskClock/lib/arm64
12-14 00:27:43.927  3412  3425 W Searchables: No global search activity found
12-14 00:27:43.927  3412  3464 I InputReader: Reconfiguring input devices.  changes=0x00000010
12-14 00:27:43.928  3412  3464 I InputReader: Reconfiguring input devices.  changes=0x00000010
12-14 00:27:43.929  3412  3464 I InputReader: Reconfiguring input devices.  changes=0x00000010
12-14 00:27:43.929  3412  3464 I InputReader: Reconfiguring input devices.  changes=0x00000010
12-14 00:27:43.931  3412  3425 W Searchables: No global search activity found
12-14 00:27:43.933  4742  4742 D AlertUtils: Flushing old alerts from shared prefs table
12-14 00:27:43.935  4742  4874 D AlertService: 0 Action = android.intent.action.BOOT_COMPLETED
12-14 00:27:43.935  3412  3425 W Searchables: No global search activity found
12-14 00:27:43.936  4120  4808 W MediaProvider: Missing volume for /system/media/audio/alarms/Helium.ogg; assuming invalid
12-14 00:27:43.937  4742  4874 D AlertService: Scheduling next alarm with AlarmScheduler. sEventReminderReceived: null
12-14 00:27:43.941  4742  4874 D AlarmScheduler: No events found starting within 1 week.
12-14 00:27:44.003  3412  3425 W Searchables: No global search activity found
12-14 00:27:44.036  4860  4860 V AlarmClock: AlarmInitReceiver android.intent.action.BOOT_COMPLETED
12-14 00:27:44.048  4073  4859 D ReportingServiceManager: Next sync attempt in : 23 hours
12-14 00:27:44.097  4860  4878 V AlarmClock: AlarmInitReceiver - Reset timers and clear stopwatch data
12-14 00:27:44.102  4759  4759 I CalendarProvider2: Sending notification intent: Intent { act=android.intent.action.PROVIDER_CHANGED dat=content://com.android.calendar flg=0x20000000 }
12-14 00:27:44.103  4759  4759 W ContentResolver: Failed to get type for: content://com.android.calendar (Unknown URL content://com.android.calendar)
12-14 00:27:44.106  4860  4878 V AlarmClock: AlarmInitReceiver - resetting volume button default
12-14 00:27:44.340  4120  4808 W MediaScanner: forcing rescan of /system/media/audio/notifications/Argon.oggsince ringtone setting didn't finish
12-14 00:27:44.352  4120  4808 W MediaProvider: Missing volume for /system/media/audio/notifications; assuming invalid
12-14 00:27:44.387  4860  4878 I AlarmClock: Alarms Table created
12-14 00:27:44.387  4860  4878 I AlarmClock: Instance table created
12-14 00:27:44.387  4860  4878 I AlarmClock: Cities table created
12-14 00:27:44.387  4860  4878 I AlarmClock: Inserting default alarms
12-14 00:27:44.423  4120  4808 W MediaProvider: Missing volume for /system/media/audio/alarms/Krypton.ogg; assuming invalid
12-14 00:27:44.425  4120  4808 W MediaProvider: Missing volume for /system/media/audio/alarms/Neon.ogg; assuming invalid
12-14 00:27:44.426  4120  4808 W MediaProvider: Missing volume for /system/media/audio/alarms/NuclearLaunch.ogg; assuming invalid
12-14 00:27:44.427  4120  4808 W MediaProvider: Missing volume for /system/media/audio/alarms/Osmium.ogg; assuming invalid
12-14 00:27:44.428  4120  4808 W MediaProvider: Missing volume for /system/media/audio/alarms/Oxygen.ogg; assuming invalid
12-14 00:27:44.429  4120  4808 W MediaProvider: Missing volume for /system/media/audio/alarms/Platinum.ogg; assuming invalid
12-14 00:27:44.430  4120  4808 W MediaProvider: Missing volume for /system/media/audio/alarms/Scandium.ogg; assuming invalid
12-14 00:27:44.432  4120  4808 W MediaProvider: Missing volume for /system/media/audio/notifications/Adara.ogg; assuming invalid
12-14 00:27:44.433  4120  4808 W MediaProvider: Missing volume for /system/media/audio/notifications/Aldebaran.ogg; assuming invalid
12-14 00:27:44.434  4120  4808 W MediaProvider: Missing volume for /system/media/audio/notifications/Altair.ogg; assuming invalid
12-14 00:27:44.435  4120  4808 W MediaProvider: Missing volume for /system/media/audio/notifications/Alya.ogg; assuming invalid
12-14 00:27:44.437  4120  4808 W MediaProvider: Missing volume for /system/media/audio/notifications/Antares.ogg; assuming invalid
12-14 00:27:44.438  4120  4808 W MediaProvider: Missing volume for /system/media/audio/notifications/Antimony.ogg; assuming invalid
12-14 00:27:44.440  4120  4808 W MediaProvider: Missing volume for /system/media/audio/notifications/Arcturus.ogg; assuming invalid
12-14 00:27:44.441  4109  4247 E MetadataRetrieverClient: failed to extract an album art
12-14 00:27:44.473  4860  4878 V AlarmClock: AlarmInitReceiver finished
12-14 00:27:44.475  4203  4203 D EmailBroadcastReceiver: Received android.intent.action.BOOT_COMPLETED
12-14 00:27:44.480  4120  4808 W MediaProvider: Missing volume for /system/media/audio/notifications/Argon.ogg; assuming invalid
12-14 00:27:44.486  3412  3681 I ActivityManager: Start proc 4881:com.android.gallery3d/u0a52 for broadcast com.android.gallery3d/com.android.camera.DisableCameraReceiver
12-14 00:27:44.487  4203  4880 I Email   : Onetime initialization: 1
12-14 00:27:44.487  4203  4880 I Email   : Onetime initialization: 2
12-14 00:27:44.489  4203  4880 I Email   : Onetime initialization: completed.
12-14 00:27:44.495  4148  4148 I Exchange: EasService.onCreate
12-14 00:27:44.498  4148  4894 I Exchange: RestartPingTask
12-14 00:27:44.510  4148  4148 I Exchange: RestartPingsTask did not start any pings.
12-14 00:27:44.511  4148  4148 I Exchange: PSS stopIfIdle
12-14 00:27:44.511  4148  4148 I Exchange: PSS has no active accounts; stopping service.
12-14 00:27:44.511  4148  4148 I Exchange: onDestroy
12-14 00:27:44.617  4881  4881 I G:DisableCameraReceiver: back camera found: 0
12-14 00:27:44.636  3412  3423 W SettingsProvider: You shouldn't keep your settings in the secure settings. This will soon become an error.
12-14 00:27:44.636  3412  3684 W SettingsProvider: You shouldn't keep your settings in the secure settings. This will soon become an error.
12-14 00:27:44.638  3412  3569 W SettingsProvider: You shouldn't keep your settings in the secure settings. This will soon become an error.
12-14 00:27:44.650  3412  3683 I ActivityManager: Start proc 4896:org.cyanogenmod.profiles/u0a56 for broadcast org.cyanogenmod.profiles/.StartUpReceiver
12-14 00:27:44.667  4896  4896 W System  : ClassLoader referenced unknown path: /system/app/Profiles/lib/arm64
12-14 00:27:44.679  3412  3423 I ActivityManager: Start proc 4909:com.cyanogenmod.lockclock/u0a58 for broadcast com.cyanogenmod.lockclock/.ClockWidgetProvider
12-14 00:27:44.696  4909  4909 W System  : ClassLoader referenced unknown path: /system/app/LockClock/lib/arm64
12-14 00:27:44.736  3412  3683 I ActivityManager: Killing 4026:com.android.externalstorage/u0a9 (adj 15): empty #17
12-14 00:27:44.747  3412  3682 D ActivityManager: cleanUpApplicationRecord -- 4026
12-14 00:27:44.748  3968  3968 W System  : ClassLoader referenced unknown path: /system/app/Stk/lib/arm64
12-14 00:27:44.754  3940  3940 I SystemBroadcastReceiver: Boot has been completed
12-14 00:27:44.754  3940  3940 I SystemBroadcastReceiver: toggleAppIcon() : FLAG_SYSTEM = true
12-14 00:27:44.767  3412  4115 I ActivityManager: Start proc 4925:com.android.messaging/u0a69 for broadcast com.android.messaging/.receiver.BootAndPackageReplacedReceiver
12-14 00:27:44.785  4925  4925 W System  : ClassLoader referenced unknown path: /system/app/messaging/lib/arm64
12-14 00:27:44.887  3783  3868 I Choreographer: Skipped 231 frames!  The application may be doing too much work on its main thread.
12-14 00:27:44.923  4925  4925 W MessagingApp: PhoneUtils.getForLMR1(): invalid subId = -1
12-14 00:27:44.926  4925  4940 I MessagingApp: Upgrading shared prefs from -1 to 1
12-14 00:27:44.926  4925  4940 W MessagingApp: PhoneUtils.getForLMR1(): invalid subId = -1
12-14 00:27:44.964  4925  4940 W MessagingApp: PhoneUtils.getForLMR1(): invalid subId = -1
12-14 00:27:44.990  4794  4794 W ContextImpl: Calling a method in the system process without a qualified user: android.app.ContextImpl.startService:1231 android.content.ContextWrapper.startService:587 android.content.ContextWrapper.startService:587 org.cyanogenmod.providers.datausage.DataUsageAppInstallReceiver.onReceive:47 android.app.ActivityThread.handleReceiver:2759 
12-14 00:27:44.990  4464  4487 E ELEVEN  : calling refresh!
12-14 00:27:44.996  4925  4943 W MessagingApp: PhoneUtils.getForLMR1(): invalid subId = -1
12-14 00:27:45.000  4794  4794 W ContextImpl: Calling a method in the system process without a qualified user: android.app.ContextImpl.startService:1231 android.content.ContextWrapper.startService:587 android.content.ContextWrapper.startService:587 org.cyanogenmod.providers.datausage.DataUsageAppInstallReceiver.onReceive:47 android.app.ActivityThread.handleReceiver:2759 
12-14 00:27:45.007  4794  4794 W ContextImpl: Calling a method in the system process without a qualified user: android.app.ContextImpl.startService:1231 android.content.ContextWrapper.startService:587 android.content.ContextWrapper.startService:587 org.cyanogenmod.providers.datausage.DataUsageAppInstallReceiver.onReceive:47 android.app.ActivityThread.handleReceiver:2759 
12-14 00:27:45.014  4794  4794 W ContextImpl: Calling a method in the system process without a qualified user: android.app.ContextImpl.startService:1231 android.content.ContextWrapper.startService:587 android.content.ContextWrapper.startService:587 org.cyanogenmod.providers.datausage.DataUsageAppInstallReceiver.onReceive:47 android.app.ActivityThread.handleReceiver:2759 
12-14 00:27:45.018  4742  4742 D AlertReceiver: onReceive: a=android.intent.action.PROVIDER_CHANGED Intent { act=android.intent.action.PROVIDER_CHANGED dat=content://com.android.calendar flg=0x20000010 cmp=com.android.calendar/.alerts.AlertReceiver }
12-14 00:27:45.021  4742  4949 D AlertService: 0 Action = android.intent.action.PROVIDER_CHANGED
12-14 00:27:45.058  4925  4941 W MessagingApp: Rebuilt databases: reseting related state
12-14 00:27:45.125  4925  4944 W MessagingApp: PhoneUtils.getForLMR1(): invalid subId = -1
12-14 00:27:45.125  4925  4942 I MessagingAppDataModel: Fixup: Send failed - 0 Download failed - 0
12-14 00:27:45.129  4925  4942 W MessagingApp: PhoneUtils.getForLMR1(): invalid subId = -1
12-14 00:27:45.129  3968  3983 V BlacklistProvider: Query uri=content://blacklist, match=0
12-14 00:27:45.132  4925  4942 W MessagingApp: PhoneUtils.getForLMR1(): invalid subId = -1
12-14 00:27:45.138  4925  4955 I MessagingAppDataModel: SyncMessagesAction: Starting batch for messages from -1 to 1481675264921 (message update limit = 80, message scan limit = 4000)
12-14 00:27:45.141  4925  4942 W MessagingApp: PhoneUtils.getForLMR1(): invalid subId = -1
12-14 00:27:45.174  4925  4944 W MessagingApp: PhoneUtils.getForLMR1(): invalid subId = -1
12-14 00:27:45.176  4925  4944 W MessagingApp: PhoneUtils.getForLMR1(): invalid subId = -1
12-14 00:27:45.178  4925  4944 W MessagingApp: PhoneUtils.getSelfRawNumber: subInfo is null for -1
12-14 00:27:45.179  4925  4944 W MessagingApp: PhoneUtils.getForLMR1(): invalid subId = -1
12-14 00:27:45.179  4925  4944 W MessagingApp: PhoneUtils.getForLMR1(): invalid subId = -1
12-14 00:27:45.250  4925  4957 I MessagingAppDataModel: SyncMessagesAction: All messages now in sync
12-14 00:27:45.263  3412  3683 I ActivityManager: Killing 4448:com.cyanogenmod.eleven/u0a40 (adj 15): empty #17
12-14 00:27:45.274  3412  3685 D ActivityManager: cleanUpApplicationRecord -- 4448
12-14 00:27:45.568  4774  4960 I UpdateCheckService: Could not check for updates. Not connected to the network.
12-14 00:27:46.576  3783  3868 I Choreographer: Skipped 98 frames!  The application may be doing too much work on its main thread.
12-14 00:27:46.644  4963  4963 I McDaemon: Daemon starting up...
12-14 00:27:46.644  4963  4963 I McDaemon: Socket interface version is 0.2
12-14 00:27:46.644  4963  4963 I McDaemon: *** t-base-300-Ares-2-Android-V001 ###
12-14 00:27:46.644  4963  4963 I McDaemon: Build timestamp is Nov 28 2016 04:11:40
12-14 00:27:46.644  4963  4963 E McDaemon:   *****************************
12-14 00:27:46.644  4963  4963 E McDaemon:   *** ERROR: ioctl MC_IO_VERSION failed with "Not a typewriter"(errno 25)
12-14 00:27:46.644  4963  4963 E McDaemon:   *** Detected in checkVersion/545()
12-14 00:27:46.644  4963  4963 E McDaemon:   *****************************
12-14 00:27:46.644  4963  4963 E McDaemon:   *****************************
12-14 00:27:46.644  4963  4963 E McDaemon:   *** ERROR: ret = -1
12-14 00:27:46.644  4963  4963 E McDaemon:   *** Detected in checkVersion/546()
12-14 00:27:46.644  4963  4963 E McDaemon:   *****************************
12-14 00:27:46.644  4963  4963 E McDaemon:   *****************************
12-14 00:27:46.644  4963  4963 E McDaemon:   *** ERROR: kernel module version mismatch
12-14 00:27:46.644  4963  4963 E McDaemon:   *** Detected in initDevice/115()
12-14 00:27:46.644  4963  4963 E McDaemon:   *****************************
12-14 00:27:46.644  4963  4963 E McDaemon:   *****************************
12-14 00:27:46.644  4963  4963 E McDaemon:   *** ERROR: Could not initialize <t-base (because /dev/mobicore could not be openend)!
12-14 00:27:46.644  4963  4963 E McDaemon:   *** Detected in run/139()
12-14 00:27:46.644  4963  4963 E McDaemon:   *****************************
12-14 00:27:46.644  4963  4963 E McDaemon:   *****************************
12-14 00:27:46.644  4963  4963 E McDaemon:   *** ERROR: Exiting <t-base Daemon
12-14 00:27:46.645  4963  4963 E McDaemon:   *** Detected in main/1388()
12-14 00:27:46.645  4963  4963 E McDaemon:   *****************************
12-14 00:27:46.712  4120  4808 W MediaScanner: forcing rescan of /system/media/audio/ringtones/Orion.oggsince ringtone setting didn't finish
12-14 00:27:46.723  4120  4808 W MediaProvider: Missing volume for /system/media/audio/ringtones; assuming invalid
12-14 00:27:46.732  4120  4808 W MediaProvider: Missing volume for /system/media/audio/notifications/Ariel.ogg; assuming invalid
12-14 00:27:46.733  4120  4808 W MediaProvider: Missing volume for /system/media/audio/notifications/Beat_Box_Android.ogg; assuming invalid
12-14 00:27:46.734  4120  4808 W MediaProvider: Missing volume for /system/media/audio/notifications/Bellatrix.ogg; assuming invalid
12-14 00:27:46.736  4120  4808 W MediaProvider: Missing volume for /system/media/audio/notifications/Beryllium.ogg; assuming invalid
12-14 00:27:46.736  4120  4808 W MediaProvider: Missing volume for /system/media/audio/notifications/Betelgeuse.ogg; assuming invalid
12-14 00:27:46.738  4120  4808 W MediaProvider: Missing volume for /system/media/audio/notifications/CaffeineSnake.ogg; assuming invalid
