08-30 04:35:47.584  3100  3129 E         : invalid gralloc handle (at 0x7f93eeb380)
08-30 04:35:47.584  3100  3129 E         : Runtime and build version of gralloc private structure does not match. Errors will likely follow.
08-30 04:35:47.579  3066  3066 W auditd  : type=1325 audit(0.0:587): table=filter family=2 entries=49
08-30 04:35:47.579  3066  3066 W auditd  : type=1320 audit(0.0:587): 
08-30 04:35:47.579  3066  3066 W auditd  : type=1325 audit(0.0:588): table=filter family=10 entries=52
08-30 04:35:47.579  3066  3066 W auditd  : type=1320 audit(0.0:588): 
08-30 04:35:47.589  3066  3066 W auditd  : type=1325 audit(0.0:589): table=filter family=2 entries=49
08-30 04:35:47.589  3066  3066 W auditd  : type=1320 audit(0.0:589): 
08-30 04:35:47.589  3066  3066 W auditd  : type=1325 audit(0.0:590): table=filter family=10 entries=52
08-30 04:35:47.589  3066  3066 W auditd  : type=1320 audit(0.0:590): 
08-30 04:35:47.599  3066  3066 W auditd  : type=1325 audit(0.0:591): table=filter family=2 entries=49
08-30 04:35:47.599  3066  3066 W auditd  : type=1320 audit(0.0:591): 
08-30 04:35:47.599  3066  3066 W auditd  : type=1325 audit(0.0:592): table=filter family=10 entries=52
08-30 04:35:47.599  3066  3066 W auditd  : type=1320 audit(0.0:592): 
08-30 04:35:47.599  3066  3066 W auditd  : type=1325 audit(0.0:593): table=filter family=2 entries=49
08-30 04:35:47.599  3066  3066 W auditd  : type=1320 audit(0.0:593): 
08-30 04:35:47.618  3100  3129 E         : invalid gralloc handle (at 0x7f93eeb300)
08-30 04:35:47.618  3100  3129 E         : Runtime and build version of gralloc private structure does not match. Errors will likely follow.
08-30 04:35:47.609  3066  3066 W auditd  : type=1325 audit(0.0:594): table=filter family=10 entries=52
08-30 04:35:47.609  3066  3066 W auditd  : type=1320 audit(0.0:594): 
08-30 04:35:47.609  3066  3066 W auditd  : type=1325 audit(0.0:595): table=filter family=2 entries=49
08-30 04:35:47.609  3066  3066 W auditd  : type=1320 audit(0.0:595): 
08-30 04:35:47.619  3066  3066 W auditd  : type=1325 audit(0.0:596): table=filter family=10 entries=52
08-30 04:35:47.619  3066  3066 W auditd  : type=1320 audit(0.0:596): 
08-30 04:35:47.651  3100  3129 E         : invalid gralloc handle (at 0x7f93eeb380)
08-30 04:35:47.651  3100  3129 E         : Runtime and build version of gralloc private structure does not match. Errors will likely follow.
08-30 04:35:47.685  3100  3129 E         : invalid gralloc handle (at 0x7f93eeb300)
08-30 04:35:47.685  3100  3129 E         : Runtime and build version of gralloc private structure does not match. Errors will likely follow.
08-30 04:35:47.710  3786  3786 E Netd    : cannot find interface dummy0
08-30 04:35:47.710  3786  3786 D MDnsDS  : MDnsSdListener::Hander starting up
08-30 04:35:47.710  3786  4047 D MDnsDS  : MDnsSdListener starting to monitor
08-30 04:35:47.710  3786  4047 D MDnsDS  : Going to poll with pollCount 1
08-30 04:35:47.718  3100  3129 E         : invalid gralloc handle (at 0x7f93eeb380)
08-30 04:35:47.718  3100  3129 E         : Runtime and build version of gralloc private structure does not match. Errors will likely follow.
08-30 04:35:47.752  3100  3129 E         : invalid gralloc handle (at 0x7f93eeb300)
08-30 04:35:47.752  3100  3129 E         : Runtime and build version of gralloc private structure does not match. Errors will likely follow.
08-30 04:35:47.785  3100  3129 E         : invalid gralloc handle (at 0x7f93eeb380)
08-30 04:35:47.785  3100  3129 E         : Runtime and build version of gralloc private structure does not match. Errors will likely follow.
08-30 04:35:47.818  3100  3129 E         : invalid gralloc handle (at 0x7f93eeb300)
08-30 04:35:47.819  3100  3129 E         : Runtime and build version of gralloc private structure does not match. Errors will likely follow.
08-30 04:35:47.852  3100  3129 E         : invalid gralloc handle (at 0x7f93eeb380)
08-30 04:35:47.852  3100  3129 E         : Runtime and build version of gralloc private structure does not match. Errors will likely follow.
08-30 04:35:47.885  3100  3129 E         : invalid gralloc handle (at 0x7f93eeb300)
08-30 04:35:47.886  3100  3129 E         : Runtime and build version of gralloc private structure does not match. Errors will likely follow.
08-30 04:35:47.910  3781  3781 I art     : Thread[1,tid=3781,Native,Thread*=0x7f7d53ba00,peer=0x12c532e0,"main"] recursive attempt to load library "/system/lib64/libmedia_jni.so"
08-30 04:35:47.910  3781  3781 D MtpDeviceJNI: register_android_mtp_MtpDevice
08-30 04:35:47.910  3781  3781 I art     : Thread[1,tid=3781,Native,Thread*=0x7f7d53ba00,peer=0x12c532e0,"main"] recursive attempt to load library "/system/lib64/libmedia_jni.so"
08-30 04:35:47.911  3781  3781 I art     : Thread[1,tid=3781,Native,Thread*=0x7f7d53ba00,peer=0x12c532e0,"main"] recursive attempt to load library "/system/lib64/libmedia_jni.so"
08-30 04:35:47.919  3100  3129 E         : invalid gralloc handle (at 0x7f93eeb380)
08-30 04:35:47.919  3100  3129 E         : Runtime and build version of gralloc private structure does not match. Errors will likely follow.
08-30 04:35:47.952  3100  3129 E         : invalid gralloc handle (at 0x7f93eeb300)
08-30 04:35:47.952  3100  3129 E         : Runtime and build version of gralloc private structure does not match. Errors will likely follow.
08-30 04:35:47.986  3100  3129 E         : invalid gralloc handle (at 0x7f93eeb380)
08-30 04:35:47.986  3100  3129 E         : Runtime and build version of gralloc private structure does not match. Errors will likely follow.
08-30 04:35:48.019  3100  3129 E         : invalid gralloc handle (at 0x7f93eeb300)
08-30 04:35:48.020  3100  3129 E         : Runtime and build version of gralloc private structure does not match. Errors will likely follow.
08-30 04:35:48.053  3100  3129 E         : invalid gralloc handle (at 0x7f93eeb380)
08-30 04:35:48.053  3100  3129 E         : Runtime and build version of gralloc private structure does not match. Errors will likely follow.
08-30 04:35:48.086  3100  3129 E         : invalid gralloc handle (at 0x7f93eeb300)
08-30 04:35:48.086  3100  3129 E         : Runtime and build version of gralloc private structure does not match. Errors will likely follow.
08-30 04:35:48.120  3100  3129 E         : invalid gralloc handle (at 0x7f93eeb380)
08-30 04:35:48.120  3100  3129 E         : Runtime and build version of gralloc private structure does not match. Errors will likely follow.
08-30 04:35:48.153  3100  3129 E         : invalid gralloc handle (at 0x7f93eeb300)
08-30 04:35:48.153  3100  3129 E         : Runtime and build version of gralloc private structure does not match. Errors will likely follow.
08-30 04:35:48.187  3100  3129 E         : invalid gralloc handle (at 0x7f93eeb380)
08-30 04:35:48.187  3100  3129 E         : Runtime and build version of gralloc private structure does not match. Errors will likely follow.
08-30 04:35:48.220  3100  3129 E         : invalid gralloc handle (at 0x7f93eeb300)
08-30 04:35:48.220  3100  3129 E         : Runtime and build version of gralloc private structure does not match. Errors will likely follow.
08-30 04:35:48.254  3100  3129 E         : invalid gralloc handle (at 0x7f93eeb380)
08-30 04:35:48.254  3100  3129 E         : Runtime and build version of gralloc private structure does not match. Errors will likely follow.
08-30 04:35:48.287  3100  3129 E         : invalid gralloc handle (at 0x7f93eeb300)
08-30 04:35:48.287  3100  3129 E         : Runtime and build version of gralloc private structure does not match. Errors will likely follow.
08-30 04:35:48.321  3100  3129 E         : invalid gralloc handle (at 0x7f93eeb380)
08-30 04:35:48.321  3100  3129 E         : Runtime and build version of gralloc private structure does not match. Errors will likely follow.
08-30 04:35:48.354  3100  3129 E         : invalid gralloc handle (at 0x7f93eeb300)
08-30 04:35:48.354  3100  3129 E         : Runtime and build version of gralloc private structure does not match. Errors will likely follow.
08-30 04:35:48.387  3100  3129 E         : invalid gralloc handle (at 0x7f93eeb380)
08-30 04:35:48.387  3100  3129 E         : Runtime and build version of gralloc private structure does not match. Errors will likely follow.
08-30 04:35:48.412  3781  3781 W System  : ClassLoader referenced unknown path: /system/framework/tcmclient.jar
08-30 04:35:48.421  3100  3129 E         : invalid gralloc handle (at 0x7f93eeb300)
08-30 04:35:48.421  3100  3129 E         : Runtime and build version of gralloc private structure does not match. Errors will likely follow.
08-30 04:35:48.455  3100  3129 E         : invalid gralloc handle (at 0x7f93eeb380)
08-30 04:35:48.455  3100  3129 E         : Runtime and build version of gralloc private structure does not match. Errors will likely follow.
08-30 04:35:48.488  3100  3129 E         : invalid gralloc handle (at 0x7f93eeb300)
08-30 04:35:48.488  3100  3129 E         : Runtime and build version of gralloc private structure does not match. Errors will likely follow.
08-30 04:35:48.522  3100  3129 E         : invalid gralloc handle (at 0x7f93eeb380)
08-30 04:35:48.522  3100  3129 E         : Runtime and build version of gralloc private structure does not match. Errors will likely follow.
08-30 04:35:48.555  3100  3129 E         : invalid gralloc handle (at 0x7f93eeb300)
08-30 04:35:48.555  3100  3129 E         : Runtime and build version of gralloc private structure does not match. Errors will likely follow.
08-30 04:35:48.588  3100  3129 E         : invalid gralloc handle (at 0x7f93eeb380)
08-30 04:35:48.588  3100  3129 E         : Runtime and build version of gralloc private structure does not match. Errors will likely follow.
08-30 04:35:48.622  3100  3129 E         : invalid gralloc handle (at 0x7f93eeb300)
08-30 04:35:48.622  3100  3129 E         : Runtime and build version of gralloc private structure does not match. Errors will likely follow.
08-30 04:35:48.655  3100  3129 E         : invalid gralloc handle (at 0x7f93eeb380)
08-30 04:35:48.655  3100  3129 E         : Runtime and build version of gralloc private structure does not match. Errors will likely follow.
08-30 04:35:48.689  3100  3129 E         : invalid gralloc handle (at 0x7f93eeb300)
08-30 04:35:48.689  3100  3129 E         : Runtime and build version of gralloc private structure does not match. Errors will likely follow.
08-30 04:35:48.723  3100  3129 E         : invalid gralloc handle (at 0x7f93eeb380)
08-30 04:35:48.723  3100  3129 E         : Runtime and build version of gralloc private structure does not match. Errors will likely follow.
08-30 04:35:48.736  3781  3781 I System  : Loaded time zone names for "" in 19ms (17ms in ICU)
08-30 04:35:48.756  3100  3129 E         : invalid gralloc handle (at 0x7f93eeb300)
08-30 04:35:48.756  3100  3129 E         : Runtime and build version of gralloc private structure does not match. Errors will likely follow.
08-30 04:35:48.768  3781  3781 I System  : Loaded time zone names for "en_US" in 32ms (11ms in ICU)
08-30 04:35:48.790  3100  3129 E         : invalid gralloc handle (at 0x7f93eeb380)
08-30 04:35:48.790  3100  3129 E         : Runtime and build version of gralloc private structure does not match. Errors will likely follow.
08-30 04:35:48.823  3100  3129 E         : invalid gralloc handle (at 0x7f93eeb300)
08-30 04:35:48.823  3100  3129 E         : Runtime and build version of gralloc private structure does not match. Errors will likely follow.
08-30 04:35:48.857  3100  3129 E         : invalid gralloc handle (at 0x7f93eeb380)
08-30 04:35:48.857  3100  3129 E         : Runtime and build version of gralloc private structure does not match. Errors will likely follow.
08-30 04:35:48.890  3100  3129 E         : invalid gralloc handle (at 0x7f93eeb300)
08-30 04:35:48.890  3100  3129 E         : Runtime and build version of gralloc private structure does not match. Errors will likely follow.
08-30 04:35:48.924  3100  3129 E         : invalid gralloc handle (at 0x7f93eeb380)
08-30 04:35:48.924  3100  3129 E         : Runtime and build version of gralloc private structure does not match. Errors will likely follow.
08-30 04:35:48.937  3781  3781 I Zygote  : ...preloaded 3831 classes in 2107ms.
08-30 04:35:48.937  3781  3781 I art     : VMRuntime.preloadDexCaches starting
08-30 04:35:48.957  3100  3129 E         : invalid gralloc handle (at 0x7f93eeb300)
08-30 04:35:48.957  3100  3129 E         : Runtime and build version of gralloc private structure does not match. Errors will likely follow.
08-30 04:35:48.970  3781  3781 I art     : VMRuntime.preloadDexCaches strings total=249075 before=10084 after=10084
08-30 04:35:48.970  3781  3781 I art     : VMRuntime.preloadDexCaches types total=20336 before=8244 after=9837
08-30 04:35:48.970  3781  3781 I art     : VMRuntime.preloadDexCaches fields total=100427 before=35771 after=47736
08-30 04:35:48.970  3781  3781 I art     : VMRuntime.preloadDexCaches methods total=172851 before=67608 after=83315
08-30 04:35:48.970  3781  3781 I art     : VMRuntime.preloadDexCaches finished
08-30 04:35:48.983  4051  4051 D idmap   : error: no read access to /vendor/overlay: No such file or directory
08-30 04:35:48.986  3781  3781 I Zygote  : Preloading resources...
08-30 04:35:48.991  3100  3129 E         : invalid gralloc handle (at 0x7f93eeb380)
08-30 04:35:48.991  3100  3129 E         : Runtime and build version of gralloc private structure does not match. Errors will likely follow.
08-30 04:35:49.024  3100  3129 E         : invalid gralloc handle (at 0x7f93eeb300)
08-30 04:35:49.024  3100  3129 E         : Runtime and build version of gralloc private structure does not match. Errors will likely follow.
08-30 04:35:49.057  3100  3129 E         : invalid gralloc handle (at 0x7f93eeb380)
08-30 04:35:49.057  3100  3129 E         : Runtime and build version of gralloc private structure does not match. Errors will likely follow.
08-30 04:35:49.091  3100  3129 E         : invalid gralloc handle (at 0x7f93eeb300)
08-30 04:35:49.091  3100  3129 E         : Runtime and build version of gralloc private structure does not match. Errors will likely follow.
08-30 04:35:49.124  3100  3129 E         : invalid gralloc handle (at 0x7f93eeb380)
08-30 04:35:49.124  3100  3129 E         : Runtime and build version of gralloc private structure does not match. Errors will likely follow.
08-30 04:35:49.158  3100  3129 E         : invalid gralloc handle (at 0x7f93eeb300)
08-30 04:35:49.158  3100  3129 E         : Runtime and build version of gralloc private structure does not match. Errors will likely follow.
08-30 04:35:49.192  3100  3129 E         : invalid gralloc handle (at 0x7f93eeb380)
08-30 04:35:49.192  3100  3129 E         : Runtime and build version of gralloc private structure does not match. Errors will likely follow.
08-30 04:35:49.225  3100  3129 E         : invalid gralloc handle (at 0x7f93eeb300)
08-30 04:35:49.225  3100  3129 E         : Runtime and build version of gralloc private structure does not match. Errors will likely follow.
08-30 04:35:49.258  3100  3129 E         : invalid gralloc handle (at 0x7f93eeb380)
08-30 04:35:49.258  3100  3129 E         : Runtime and build version of gralloc private structure does not match. Errors will likely follow.
08-30 04:35:49.292  3100  3129 E         : invalid gralloc handle (at 0x7f93eeb300)
08-30 04:35:49.292  3100  3129 E         : Runtime and build version of gralloc private structure does not match. Errors will likely follow.
08-30 04:35:49.325  3100  3129 E         : invalid gralloc handle (at 0x7f93eeb380)
08-30 04:35:49.325  3100  3129 E         : Runtime and build version of gralloc private structure does not match. Errors will likely follow.
08-30 04:35:49.359  3100  3129 E         : invalid gralloc handle (at 0x7f93eeb300)
08-30 04:35:49.359  3100  3129 E         : Runtime and build version of gralloc private structure does not match. Errors will likely follow.
08-30 04:35:49.369  3781  3781 I Zygote  : ...preloaded 342 resources in 384ms.
08-30 04:35:49.379  3781  3781 I Zygote  : ...preloaded 41 resources in 9ms.
08-30 04:35:49.386  3781  3781 D libEGL  : loaded /vendor/lib64/egl/libGLES_mali.so
08-30 04:35:49.392  3100  3129 E         : invalid gralloc handle (at 0x7f93eeb380)
08-30 04:35:49.392  3100  3129 E         : Runtime and build version of gralloc private structure does not match. Errors will likely follow.
08-30 04:35:49.393  3781  3781 I Zygote  : Preloading shared libraries...
08-30 04:35:49.399  3781  3781 D Zygote  : end preload
08-30 04:35:49.400  3781  3781 I art     : Starting a blocking GC Explicit
08-30 04:35:49.410  3781  3781 I art     : Explicit concurrent mark sweep GC freed 11401(460KB) AllocSpace objects, 0(0B) LOS objects, 35% free, 29MB/45MB, paused 61us total 10.761ms
08-30 04:35:49.421  3781  3781 I art     : Starting a blocking GC Explicit
08-30 04:35:49.426  3100  3129 E         : invalid gralloc handle (at 0x7f93eeb300)
08-30 04:35:49.426  3100  3129 E         : Runtime and build version of gralloc private structure does not match. Errors will likely follow.
08-30 04:35:49.430  3781  3781 I art     : Explicit concurrent mark sweep GC freed 2657(124KB) AllocSpace objects, 0(0B) LOS objects, 35% free, 28MB/44MB, paused 53us total 8.915ms
08-30 04:35:49.430  3781  3812 I art     : Starting a blocking GC HeapTrim
08-30 04:35:49.431  3781  3781 I art     : Starting a blocking GC Background
08-30 04:35:49.459  3100  3129 E         : invalid gralloc handle (at 0x7f93eeb380)
08-30 04:35:49.459  3100  3129 E         : Runtime and build version of gralloc private structure does not match. Errors will likely follow.
08-30 04:35:49.479  3781  3781 I Zygote  : System server process 4052 has been created
08-30 04:35:49.481  3781  3781 I Zygote  : Accepting command socket connections
08-30 04:35:49.493  3100  3129 E         : invalid gralloc handle (at 0x7f93eeb300)
08-30 04:35:49.493  3100  3129 E         : Runtime and build version of gralloc private structure does not match. Errors will likely follow.
08-30 04:35:49.495  4052  4052 I Zygote  : Process: zygote socket opened, supported ABIS: armeabi-v7a,armeabi
08-30 04:35:49.496  4052  4052 I InstallerConnection: connecting...
08-30 04:35:49.497  2968  2968 I installd: new connection
08-30 04:35:49.498  4052  4052 I InstallerConnection: disconnecting...
08-30 04:35:49.498  2968  2968 E installd: eof
08-30 04:35:49.498  2968  2968 E installd: failed to read size
08-30 04:35:49.498  2968  2968 I installd: closing connection
08-30 04:35:49.526  3100  3129 E         : invalid gralloc handle (at 0x7f93eeb380)
08-30 04:35:49.526  3100  3129 E         : Runtime and build version of gralloc private structure does not match. Errors will likely follow.
08-30 04:35:49.531  4052  4052 I SystemServer: Entered the Android system server!
08-30 04:35:49.560  3100  3129 E         : invalid gralloc handle (at 0x7f93eeb300)
08-30 04:35:49.560  3100  3129 E         : Runtime and build version of gralloc private structure does not match. Errors will likely follow.
08-30 04:35:49.582  4052  4052 I SystemServiceManager: Starting com.android.server.pm.Installer
08-30 04:35:49.583  4052  4052 I Installer: Waiting for installd to be ready.
08-30 04:35:49.583  4052  4052 I InstallerConnection: connecting...
08-30 04:35:49.583  2968  2968 I installd: new connection
08-30 04:35:49.583  4052  4052 I SystemServiceManager: Starting com.android.server.am.ActivityManagerService$Lifecycle
08-30 04:35:49.593  3100  3129 E         : invalid gralloc handle (at 0x7f93eeb380)
08-30 04:35:49.593  3100  3129 E         : Runtime and build version of gralloc private structure does not match. Errors will likely follow.
08-30 04:35:49.627  3100  3129 E         : invalid gralloc handle (at 0x7f93eeb300)
08-30 04:35:49.627  3100  3129 E         : Runtime and build version of gralloc private structure does not match. Errors will likely follow.
08-30 04:35:49.660  3100  3129 E         : invalid gralloc handle (at 0x7f93eeb380)
08-30 04:35:49.660  3100  3129 E         : Runtime and build version of gralloc private structure does not match. Errors will likely follow.
08-30 04:35:49.663  4052  4052 I ActivityManager: choosing minFree values for 64 Bit
08-30 04:35:49.663  4052  4052 I ActivityManager: choosing minFree values for 64 Bit
08-30 04:35:49.664  4052  4052 I ActivityManager: choosing minFree values for 64 Bit
08-30 04:35:49.664  4052  4052 I ActivityManager: choosing minFree values for 64 Bit
08-30 04:35:49.664  4052  4052 I ActivityManager: choosing minFree values for 64 Bit
08-30 04:35:49.664  4052  4052 I ActivityManager: choosing minFree values for 64 Bit
08-30 04:35:49.670  4052  4052 I ActivityManager: Memory class: 288
08-30 04:35:49.671  4052  4067 I ServiceThread: Enabled StrictMode logging for ActivityManager looper.
08-30 04:35:49.676  4052  4068 I ServiceThread: Enabled StrictMode logging for android.ui looper.
08-30 04:35:49.694  3100  3129 E         : invalid gralloc handle (at 0x7f93eeb300)
08-30 04:35:49.694  3100  3129 E         : Runtime and build version of gralloc private structure does not match. Errors will likely follow.
08-30 04:35:49.727  3100  3129 E         : invalid gralloc handle (at 0x7f93eeb380)
08-30 04:35:49.727  3100  3129 E         : Runtime and build version of gralloc private structure does not match. Errors will likely follow.
08-30 04:35:49.745  4052  4052 D BatteryStatsImpl: Reading daily items from /data/system/batterystats-daily.xml
08-30 04:35:49.761  3100  3129 E         : invalid gralloc handle (at 0x7f93eeb300)
08-30 04:35:49.761  3100  3129 E         : Runtime and build version of gralloc private structure does not match. Errors will likely follow.
08-30 04:35:49.787  4052  4052 I AppOps  : No existing app ops /data/system/appops.xml; starting empty
08-30 04:35:49.794  3100  3129 E         : invalid gralloc handle (at 0x7f93eeb380)
08-30 04:35:49.794  3100  3129 E         : Runtime and build version of gralloc private structure does not match. Errors will likely follow.
08-30 04:35:49.827  3100  3129 E         : invalid gralloc handle (at 0x7f93eeb300)
08-30 04:35:49.827  3100  3129 E         : Runtime and build version of gralloc private structure does not match. Errors will likely follow.
08-30 04:35:49.849  4052  4052 I IntentFirewall: Read new rules (A:0 B:0 S:0)
08-30 04:35:49.861  3100  3129 E         : invalid gralloc handle (at 0x7f93eeb380)
08-30 04:35:49.861  3100  3129 E         : Runtime and build version of gralloc private structure does not match. Errors will likely follow.
08-30 04:35:49.871  4052  4072 I ServiceThread: Enabled StrictMode logging for android.display looper.
08-30 04:35:49.876  4052  4052 D AppOps  : AppOpsService published
08-30 04:35:49.877  4052  4052 I SystemServiceManager: Starting com.android.server.power.PowerManagerService
08-30 04:35:49.878  4052  4074 I ServiceThread: Enabled StrictMode logging for PowerManagerService looper.
08-30 04:35:49.879  4052  4052 W libsuspend: Error writing 'on' to /sys/power/state: Invalid argument
08-30 04:35:49.879  4052  4052 I libsuspend: Selected wakeup count
08-30 04:35:49.882  4052  4052 I SystemServiceManager: Starting com.android.server.lights.LightsService
08-30 04:35:49.883  4052  4052 I SystemServiceManager: Starting com.android.server.display.DisplayManagerService
08-30 04:35:49.890  4052  4052 I SystemServiceManager: Starting phase 100
08-30 04:35:49.892  2935  3431 E SurfaceFlinger: getDefaultDisplay: id=2 is not a valid default display id
08-30 04:35:49.894  4052  4072 I DisplayManagerService: Display device added: DisplayDeviceInfo{"Built-in Screen": uniqueId="local:0", 1440 x 2560, modeId 1, defaultModeId 1, supportedModes [{id=1, width=1440, height=2560, fps=59.0}], colorTransformId 1, defaultColorTransformId 1, supportedColorTransforms [{id=1, colorTransform=-22}], density 640, 537.882 x 532.983 dpi, appVsyncOff 0, presDeadline 17949152, touch INTERNAL, rotation 0, type BUILT_IN, state UNKNOWN, FLAG_DEFAULT_DISPLAY, FLAG_ROTATES_WITH_CONTENT, FLAG_SECURE, FLAG_SUPPORTS_PROTECTED_BUFFERS}
08-30 04:35:49.895  3100  3129 E         : invalid gralloc handle (at 0x7f93eeb300)
08-30 04:35:49.895  3100  3129 E         : Runtime and build version of gralloc private structure does not match. Errors will likely follow.
08-30 04:35:49.895  2935  2935 D SurfaceFlinger: Set power mode=2, type=0 flinger=0x7fa55c3c00
08-30 04:35:49.895  2935  2935 D SurfaceFlinger: Screen type=0 is already mode=2
08-30 04:35:49.896  4052  4052 I SystemServer: Package Manager
08-30 04:35:49.896  4052  4072 I DisplayManagerService: Display device changed state: "Built-in Screen", ON
08-30 04:35:49.928  3100  3129 E         : invalid gralloc handle (at 0x7f93eeb380)
08-30 04:35:49.928  3100  3129 E         : Runtime and build version of gralloc private structure does not match. Errors will likely follow.
08-30 04:35:49.961  3100  3129 E         : invalid gralloc handle (at 0x7f93eeb300)
08-30 04:35:49.961  3100  3129 E         : Runtime and build version of gralloc private structure does not match. Errors will likely follow.
08-30 04:35:49.995  3100  3129 E         : invalid gralloc handle (at 0x7f93eeb380)
08-30 04:35:49.995  3100  3129 E         : Runtime and build version of gralloc private structure does not match. Errors will likely follow.
08-30 04:35:50.028  3100  3129 E         : invalid gralloc handle (at 0x7f93eeb300)
08-30 04:35:50.028  3100  3129 E         : Runtime and build version of gralloc private structure does not match. Errors will likely follow.
08-30 04:35:50.062  3100  3129 E         : invalid gralloc handle (at 0x7f93eeb380)
08-30 04:35:50.062  3100  3129 E         : Runtime and build version of gralloc private structure does not match. Errors will likely follow.
08-30 04:35:50.074  4052  4052 D SELinuxMMAC: Using policy file /system/etc/security/mac_permissions.xml
08-30 04:35:50.095  3100  3129 E         : invalid gralloc handle (at 0x7f93eeb300)
08-30 04:35:50.095  3100  3129 E         : Runtime and build version of gralloc private structure does not match. Errors will likely follow.
08-30 04:35:50.129  3100  3129 E         : invalid gralloc handle (at 0x7f93eeb380)
08-30 04:35:50.129  3100  3129 E         : Runtime and build version of gralloc private structure does not match. Errors will likely follow.
08-30 04:35:50.162  3100  3129 E         : invalid gralloc handle (at 0x7f93eeb300)
08-30 04:35:50.162  3100  3129 E         : Runtime and build version of gralloc private structure does not match. Errors will likely follow.
08-30 04:35:50.196  3100  3129 E         : invalid gralloc handle (at 0x7f93eeb380)
08-30 04:35:50.196  3100  3129 E         : Runtime and build version of gralloc private structure does not match. Errors will likely follow.
08-30 04:35:50.229  3100  3129 E         : invalid gralloc handle (at 0x7f93eeb300)
08-30 04:35:50.229  3100  3129 E         : Runtime and build version of gralloc private structure does not match. Errors will likely follow.
08-30 04:35:50.263  3100  3129 E         : invalid gralloc handle (at 0x7f93eeb380)
08-30 04:35:50.263  3100  3129 E         : Runtime and build version of gralloc private structure does not match. Errors will likely follow.
08-30 04:35:50.296  3100  3129 E         : invalid gralloc handle (at 0x7f93eeb300)
08-30 04:35:50.296  3100  3129 E         : Runtime and build version of gralloc private structure does not match. Errors will likely follow.
08-30 04:35:50.330  3100  3129 E         : invalid gralloc handle (at 0x7f93eeb380)
08-30 04:35:50.330  3100  3129 E         : Runtime and build version of gralloc private structure does not match. Errors will likely follow.
08-30 04:35:50.363  3100  3129 E         : invalid gralloc handle (at 0x7f93eeb300)
08-30 04:35:50.363  3100  3129 E         : Runtime and build version of gralloc private structure does not match. Errors will likely follow.
08-30 04:35:50.396  3100  3129 E         : invalid gralloc handle (at 0x7f93eeb380)
08-30 04:35:50.397  3100  3129 E         : Runtime and build version of gralloc private structure does not match. Errors will likely follow.
08-30 04:35:50.430  3100  3129 E         : invalid gralloc handle (at 0x7f93eeb300)
08-30 04:35:50.430  3100  3129 E         : Runtime and build version of gralloc private structure does not match. Errors will likely follow.
08-30 04:35:50.464  3100  3129 E         : invalid gralloc handle (at 0x7f93eeb380)
08-30 04:35:50.464  3100  3129 E         : Runtime and build version of gralloc private structure does not match. Errors will likely follow.
08-30 04:35:50.497  3100  3129 E         : invalid gralloc handle (at 0x7f93eeb300)
08-30 04:35:50.497  3100  3129 E         : Runtime and build version of gralloc private structure does not match. Errors will likely follow.
08-30 04:35:50.531  3100  3129 E         : invalid gralloc handle (at 0x7f93eeb380)
08-30 04:35:50.531  3100  3129 E         : Runtime and build version of gralloc private structure does not match. Errors will likely follow.
08-30 04:35:50.564  3100  3129 E         : invalid gralloc handle (at 0x7f93eeb300)
08-30 04:35:50.564  3100  3129 E         : Runtime and build version of gralloc private structure does not match. Errors will likely follow.
08-30 04:35:50.598  3100  3129 E         : invalid gralloc handle (at 0x7f93eeb380)
08-30 04:35:50.598  3100  3129 E         : Runtime and build version of gralloc private structure does not match. Errors will likely follow.
08-30 04:35:50.631  3100  3129 E         : invalid gralloc handle (at 0x7f93eeb300)
08-30 04:35:50.631  3100  3129 E         : Runtime and build version of gralloc private structure does not match. Errors will likely follow.
08-30 04:35:50.665  3100  3129 E         : invalid gralloc handle (at 0x7f93eeb380)
08-30 04:35:50.665  3100  3129 E         : Runtime and build version of gralloc private structure does not match. Errors will likely follow.
08-30 04:35:50.698  3100  3129 E         : invalid gralloc handle (at 0x7f93eeb300)
08-30 04:35:50.698  3100  3129 E         : Runtime and build version of gralloc private structure does not match. Errors will likely follow.
08-30 04:35:50.732  3100  3129 E         : invalid gralloc handle (at 0x7f93eeb380)
08-30 04:35:50.732  3100  3129 E         : Runtime and build version of gralloc private structure does not match. Errors will likely follow.
08-30 04:35:50.765  3100  3129 E         : invalid gralloc handle (at 0x7f93eeb300)
08-30 04:35:50.765  3100  3129 E         : Runtime and build version of gralloc private structure does not match. Errors will likely follow.
08-30 04:35:50.799  3100  3129 E         : invalid gralloc handle (at 0x7f93eeb380)
08-30 04:35:50.799  3100  3129 E         : Runtime and build version of gralloc private structure does not match. Errors will likely follow.
08-30 04:35:50.832  3100  3129 E         : invalid gralloc handle (at 0x7f93eeb300)
08-30 04:35:50.832  3100  3129 E         : Runtime and build version of gralloc private structure does not match. Errors will likely follow.
08-30 04:35:50.866  3100  3129 E         : invalid gralloc handle (at 0x7f93eeb380)
08-30 04:35:50.866  3100  3129 E         : Runtime and build version of gralloc private structure does not match. Errors will likely follow.
08-30 04:35:50.880  4052  4052 E art     : DexFile_getDexOptNeeded file '/system/framework/org.apache.http.legacy.jar' does not exist
08-30 04:35:50.880  4052  4052 W PackageManager: Library not found: /system/framework/org.apache.http.legacy.jar
08-30 04:35:50.880  4052  4052 E art     : DexFile_getDexOptNeeded file '/system/framework/com.android.nfc_extras.jar' does not exist
08-30 04:35:50.880  4052  4052 W PackageManager: Library not found: /system/framework/com.android.nfc_extras.jar
08-30 04:35:50.882  4052  4052 E art     : DexFile_getDexOptNeeded file '/system/framework/org.apache.http.legacy.jar' does not exist
08-30 04:35:50.882  4052  4052 W PackageManager: Library not found: /system/framework/org.apache.http.legacy.jar
08-30 04:35:50.882  4052  4052 E art     : DexFile_getDexOptNeeded file '/system/framework/com.android.nfc_extras.jar' does not exist
08-30 04:35:50.882  4052  4052 W PackageManager: Library not found: /system/framework/com.android.nfc_extras.jar
08-30 04:35:50.899  3100  3129 E         : invalid gralloc handle (at 0x7f93eeb300)
08-30 04:35:50.900  3100  3129 E         : Runtime and build version of gralloc private structure does not match. Errors will likely follow.
08-30 04:35:50.900  4052  4052 D PackageManager: No files in app dir /vendor/overlay
08-30 04:35:50.901  4052  4052 D PackageManager: start scanDirLI:/system/framework
08-30 04:35:50.901  4052  4052 D PackageManager: max thread:6
08-30 04:35:50.933  3100  3129 E         : invalid gralloc handle (at 0x7f93eeb380)
08-30 04:35:50.933  3100  3129 E         : Runtime and build version of gralloc private structure does not match. Errors will likely follow.
08-30 04:35:50.966  3100  3129 E         : invalid gralloc handle (at 0x7f93eeb300)
08-30 04:35:50.966  3100  3129 E         : Runtime and build version of gralloc private structure does not match. Errors will likely follow.
08-30 04:35:50.986  4052  4080 W PackageManager: Permission cyanogenmod.permission.WRITE_ALARMS from package cyanogenmod.platform in an unknown group android.permission-group.SYSTEM_CLOCK
08-30 04:35:50.986  4052  4080 W PackageManager: Permission cyanogenmod.permission.MANAGE_ALARMS from package cyanogenmod.platform in an unknown group android.permission-group.SYSTEM_CLOCK
08-30 04:35:50.986  4052  4080 W PackageManager: Permission cyanogenmod.permission.READ_ALARMS from package cyanogenmod.platform in an unknown group android.permission-group.SYSTEM_CLOCK
08-30 04:35:51.000  3100  3129 E         : invalid gralloc handle (at 0x7f93eeb380)
08-30 04:35:51.000  3100  3129 E         : Runtime and build version of gralloc private structure does not match. Errors will likely follow.
08-30 04:35:51.034  3100  3129 E         : invalid gralloc handle (at 0x7f93eeb300)
08-30 04:35:51.034  3100  3129 E         : Runtime and build version of gralloc private structure does not match. Errors will likely follow.
08-30 04:35:51.067  3100  3129 E         : invalid gralloc handle (at 0x7f93eeb380)
08-30 04:35:51.067  3100  3129 E         : Runtime and build version of gralloc private structure does not match. Errors will likely follow.
08-30 04:35:51.100  3100  3129 E         : invalid gralloc handle (at 0x7f93eeb300)
08-30 04:35:51.100  3100  3129 E         : Runtime and build version of gralloc private structure does not match. Errors will likely follow.
08-30 04:35:51.134  3100  3129 E         : invalid gralloc handle (at 0x7f93eeb380)
08-30 04:35:51.134  3100  3129 E         : Runtime and build version of gralloc private structure does not match. Errors will likely follow.
08-30 04:35:51.167  3100  3129 E         : invalid gralloc handle (at 0x7f93eeb300)
08-30 04:35:51.167  3100  3129 E         : Runtime and build version of gralloc private structure does not match. Errors will likely follow.
08-30 04:35:51.201  3100  3129 E         : invalid gralloc handle (at 0x7f93eeb380)
08-30 04:35:51.201  3100  3129 E         : Runtime and build version of gralloc private structure does not match. Errors will likely follow.
08-30 04:35:51.235  3100  3129 E         : invalid gralloc handle (at 0x7f93eeb300)
08-30 04:35:51.235  3100  3129 E         : Runtime and build version of gralloc private structure does not match. Errors will likely follow.
08-30 04:35:51.268  3100  3129 E         : invalid gralloc handle (at 0x7f93eeb380)
08-30 04:35:51.268  3100  3129 E         : Runtime and build version of gralloc private structure does not match. Errors will likely follow.
08-30 04:35:51.302  3100  3129 E         : invalid gralloc handle (at 0x7f93eeb300)
08-30 04:35:51.302  3100  3129 E         : Runtime and build version of gralloc private structure does not match. Errors will likely follow.
08-30 04:35:51.335  3100  3129 E         : invalid gralloc handle (at 0x7f93eeb380)
08-30 04:35:51.335  3100  3129 E         : Runtime and build version of gralloc private structure does not match. Errors will likely follow.
08-30 04:35:51.368  3100  3129 E         : invalid gralloc handle (at 0x7f93eeb300)
08-30 04:35:51.369  3100  3129 E         : Runtime and build version of gralloc private structure does not match. Errors will likely follow.
08-30 04:35:51.402  3100  3129 E         : invalid gralloc handle (at 0x7f93eeb380)
08-30 04:35:51.402  3100  3129 E         : Runtime and build version of gralloc private structure does not match. Errors will likely follow.
08-30 04:35:51.435  3100  3129 E         : invalid gralloc handle (at 0x7f93eeb300)
08-30 04:35:51.435  3100  3129 E         : Runtime and build version of gralloc private structure does not match. Errors will likely follow.
08-30 04:35:51.469  3100  3129 E         : invalid gralloc handle (at 0x7f93eeb380)
08-30 04:35:51.469  3100  3129 E         : Runtime and build version of gralloc private structure does not match. Errors will likely follow.
08-30 04:35:51.502  3100  3129 E         : invalid gralloc handle (at 0x7f93eeb300)
08-30 04:35:51.502  3100  3129 E         : Runtime and build version of gralloc private structure does not match. Errors will likely follow.
08-30 04:35:51.536  3100  3129 E         : invalid gralloc handle (at 0x7f93eeb380)
08-30 04:35:51.536  3100  3129 E         : Runtime and build version of gralloc private structure does not match. Errors will likely follow.
08-30 04:35:51.569  3100  3129 E         : invalid gralloc handle (at 0x7f93eeb300)
08-30 04:35:51.569  3100  3129 E         : Runtime and build version of gralloc private structure does not match. Errors will likely follow.
08-30 04:35:51.603  3100  3129 E         : invalid gralloc handle (at 0x7f93eeb380)
08-30 04:35:51.603  3100  3129 E         : Runtime and build version of gralloc private structure does not match. Errors will likely follow.
08-30 04:35:51.636  3100  3129 E         : invalid gralloc handle (at 0x7f93eeb300)
08-30 04:35:51.636  3100  3129 E         : Runtime and build version of gralloc private structure does not match. Errors will likely follow.
08-30 04:35:51.670  3100  3129 E         : invalid gralloc handle (at 0x7f93eeb380)
08-30 04:35:51.670  3100  3129 E         : Runtime and build version of gralloc private structure does not match. Errors will likely follow.
08-30 04:35:51.703  3100  3129 E         : invalid gralloc handle (at 0x7f93eeb300)
08-30 04:35:51.703  3100  3129 E         : Runtime and build version of gralloc private structure does not match. Errors will likely follow.
08-30 04:35:51.737  3100  3129 E         : invalid gralloc handle (at 0x7f93eeb380)
08-30 04:35:51.737  3100  3129 E         : Runtime and build version of gralloc private structure does not match. Errors will likely follow.
08-30 04:35:51.770  3100  3129 E         : invalid gralloc handle (at 0x7f93eeb300)
08-30 04:35:51.770  3100  3129 E         : Runtime and build version of gralloc private structure does not match. Errors will likely follow.
08-30 04:35:51.804  3100  3129 E         : invalid gralloc handle (at 0x7f93eeb380)
08-30 04:35:51.804  3100  3129 E         : Runtime and build version of gralloc private structure does not match. Errors will likely follow.
08-30 04:35:51.837  3100  3129 E         : invalid gralloc handle (at 0x7f93eeb300)
08-30 04:35:51.837  3100  3129 E         : Runtime and build version of gralloc private structure does not match. Errors will likely follow.
08-30 04:35:51.871  3100  3129 E         : invalid gralloc handle (at 0x7f93eeb380)
08-30 04:35:51.871  3100  3129 E         : Runtime and build version of gralloc private structure does not match. Errors will likely follow.
08-30 04:35:51.904  3100  3129 E         : invalid gralloc handle (at 0x7f93eeb300)
08-30 04:35:51.904  3100  3129 E         : Runtime and build version of gralloc private structure does not match. Errors will likely follow.
08-30 04:35:51.927  4052  4079 W PackageManager: Permission android.permission.SET_KEYGUARD_WALLPAPER from package android in an unknown group android.permission-group.WALLPAPER
08-30 04:35:51.930  4052  4079 W PackageManager: Permission android.permission.MODIFY_PROTECTED_SMS_LIST from package android in an unknown group android.permission-group.MESSAGES
08-30 04:35:51.930  4052  4079 W PackageManager: Permission android.permission.RECEIVE_PROTECTED_SMS from package android in an unknown group android.permission-group.MESSAGES
08-30 04:35:51.930  4052  4079 W PackageManager: Permission android.permission.RESET_BATTERY_STATS from package android in an unknown group android.permission-group.SYSTEM_TOOLS
08-30 04:35:51.933  4052  4052 D PackageManager: end scanDirLI:/system/framework
08-30 04:35:51.933  4052  4052 D PackageManager: start scanDirLI:/system/priv-app
08-30 04:35:51.934  4052  4052 D PackageManager: max thread:6
08-30 04:35:51.938  3100  3129 E         : invalid gralloc handle (at 0x7f93eeb380)
08-30 04:35:51.938  3100  3129 E         : Runtime and build version of gralloc private structure does not match. Errors will likely follow.
08-30 04:35:51.971  3100  3129 E         : invalid gralloc handle (at 0x7f93eeb300)
08-30 04:35:51.971  3100  3129 E         : Runtime and build version of gralloc private structure does not match. Errors will likely follow.
08-30 04:35:51.989  4052  4084 W PackageParser: No actions in intent filter at /system/priv-app/Contacts/Contacts.apk Binary XML file line #301
08-30 04:35:52.005  3100  3129 E         : invalid gralloc handle (at 0x7f93eeb380)
08-30 04:35:52.005  3100  3129 E         : Runtime and build version of gralloc private structure does not match. Errors will likely follow.
08-30 04:35:52.038  3100  3129 E         : invalid gralloc handle (at 0x7f93eeb300)
08-30 04:35:52.038  3100  3129 E         : Runtime and build version of gralloc private structure does not match. Errors will likely follow.
08-30 04:35:52.065  4052  4081 W PackageParser: No actions in intent filter at /system/priv-app/Dialer/Dialer.apk Binary XML file line #152
08-30 04:35:52.071  3100  3129 E         : invalid gralloc handle (at 0x7f93eeb380)
08-30 04:35:52.072  3100  3129 E         : Runtime and build version of gralloc private structure does not match. Errors will likely follow.
08-30 04:35:52.105  3100  3129 E         : invalid gralloc handle (at 0x7f93eeb300)
08-30 04:35:52.105  3100  3129 E         : Runtime and build version of gralloc private structure does not match. Errors will likely follow.
08-30 04:35:52.118  4052  4082 W PackageManager: Permission android.permission.DOWNLOAD_WITHOUT_NOTIFICATION from package com.android.providers.downloads in an unknown group android.permission-group.NETWORK
08-30 04:35:52.138  3100  3129 E         : invalid gralloc handle (at 0x7f93eeb380)
08-30 04:35:52.138  3100  3129 E         : Runtime and build version of gralloc private structure does not match. Errors will likely follow.
08-30 04:35:52.172  3100  3129 E         : invalid gralloc handle (at 0x7f93eeb300)
08-30 04:35:52.172  3100  3129 E         : Runtime and build version of gralloc private structure does not match. Errors will likely follow.
08-30 04:35:52.206  3100  3129 E         : invalid gralloc handle (at 0x7f93eeb380)
08-30 04:35:52.206  3100  3129 E         : Runtime and build version of gralloc private structure does not match. Errors will likely follow.
08-30 04:35:52.239  3100  3129 E         : invalid gralloc handle (at 0x7f93eeb300)
08-30 04:35:52.239  3100  3129 E         : Runtime and build version of gralloc private structure does not match. Errors will likely follow.
08-30 04:35:52.273  3100  3129 E         : invalid gralloc handle (at 0x7f93eeb380)
08-30 04:35:52.273  3100  3129 E         : Runtime and build version of gralloc private structure does not match. Errors will likely follow.
08-30 04:35:52.306  3100  3129 E         : invalid gralloc handle (at 0x7f93eeb300)
08-30 04:35:52.306  3100  3129 E         : Runtime and build version of gralloc private structure does not match. Errors will likely follow.
08-30 04:35:52.340  3100  3129 E         : invalid gralloc handle (at 0x7f93eeb380)
08-30 04:35:52.340  3100  3129 E         : Runtime and build version of gralloc private structure does not match. Errors will likely follow.
08-30 04:35:52.373  3100  3129 E         : invalid gralloc handle (at 0x7f93eeb300)
08-30 04:35:52.373  3100  3129 E         : Runtime and build version of gralloc private structure does not match. Errors will likely follow.
08-30 04:35:52.407  3100  3129 E         : invalid gralloc handle (at 0x7f93eeb380)
08-30 04:35:52.407  3100  3129 E         : Runtime and build version of gralloc private structure does not match. Errors will likely follow.
08-30 04:35:52.440  3100  3129 E         : invalid gralloc handle (at 0x7f93eeb300)
08-30 04:35:52.440  3100  3129 E         : Runtime and build version of gralloc private structure does not match. Errors will likely follow.
08-30 04:35:52.474  3100  3129 E         : invalid gralloc handle (at 0x7f93eeb380)
08-30 04:35:52.474  3100  3129 E         : Runtime and build version of gralloc private structure does not match. Errors will likely follow.
08-30 04:35:52.507  3100  3129 E         : invalid gralloc handle (at 0x7f93eeb300)
08-30 04:35:52.507  3100  3129 E         : Runtime and build version of gralloc private structure does not match. Errors will likely follow.
08-30 04:35:52.541  3100  3129 E         : invalid gralloc handle (at 0x7f93eeb380)
08-30 04:35:52.541  3100  3129 E         : Runtime and build version of gralloc private structure does not match. Errors will likely follow.
08-30 04:35:52.570  4052  4079 W PackageParser: Ignoring duplicate uses-permissions/uses-permissions-sdk-m: android.permission.ACCESS_WIFI_STATE in package: com.android.phone at: Binary XML file line #132
08-30 04:35:52.574  3100  3129 E         : invalid gralloc handle (at 0x7f93eeb300)
08-30 04:35:52.575  3100  3129 E         : Runtime and build version of gralloc private structure does not match. Errors will likely follow.
08-30 04:35:52.608  3100  3129 E         : invalid gralloc handle (at 0x7f93eeb380)
08-30 04:35:52.608  3100  3129 E         : Runtime and build version of gralloc private structure does not match. Errors will likely follow.
08-30 04:35:52.641  3100  3129 E         : invalid gralloc handle (at 0x7f93eeb300)
08-30 04:35:52.641  3100  3129 E         : Runtime and build version of gralloc private structure does not match. Errors will likely follow.
08-30 04:35:52.675  3100  3129 E         : invalid gralloc handle (at 0x7f93eeb380)
08-30 04:35:52.675  3100  3129 E         : Runtime and build version of gralloc private structure does not match. Errors will likely follow.
08-30 04:35:52.708  3100  3129 E         : invalid gralloc handle (at 0x7f93eeb300)
08-30 04:35:52.708  3100  3129 E         : Runtime and build version of gralloc private structure does not match. Errors will likely follow.
08-30 04:35:52.742  3100  3129 E         : invalid gralloc handle (at 0x7f93eeb380)
08-30 04:35:52.742  3100  3129 E         : Runtime and build version of gralloc private structure does not match. Errors will likely follow.
08-30 04:35:52.775  3100  3129 E         : invalid gralloc handle (at 0x7f93eeb300)
08-30 04:35:52.775  3100  3129 E         : Runtime and build version of gralloc private structure does not match. Errors will likely follow.
08-30 04:35:52.809  3100  3129 E         : invalid gralloc handle (at 0x7f93eeb380)
08-30 04:35:52.809  3100  3129 E         : Runtime and build version of gralloc private structure does not match. Errors will likely follow.
08-30 04:35:52.842  3100  3129 E         : invalid gralloc handle (at 0x7f93eeb300)
08-30 04:35:52.842  3100  3129 E         : Runtime and build version of gralloc private structure does not match. Errors will likely follow.
08-30 04:35:52.868  4052  4079 W PackageManager: Permission com.android.launcher.permission.INSTALL_SHORTCUT from package com.cyanogenmod.trebuchet in an unknown group android.permission-group.SYSTEM_TOOLS
08-30 04:35:52.869  4052  4079 W PackageManager: Permission com.android.launcher3.permission.READ_SETTINGS from package com.cyanogenmod.trebuchet in an unknown group android.permission-group.SYSTEM_TOOLS
08-30 04:35:52.869  4052  4079 W PackageManager: Permission com.android.launcher3.permission.WRITE_SETTINGS from package com.cyanogenmod.trebuchet in an unknown group android.permission-group.SYSTEM_TOOLS
08-30 04:35:52.876  3100  3129 E         : invalid gralloc handle (at 0x7f93eeb380)
08-30 04:35:52.876  3100  3129 E         : Runtime and build version of gralloc private structure does not match. Errors will likely follow.
08-30 04:35:52.909  3100  3129 E         : invalid gralloc handle (at 0x7f93eeb300)
08-30 04:35:52.909  3100  3129 E         : Runtime and build version of gralloc private structure does not match. Errors will likely follow.
08-30 04:35:52.943  3100  3129 E         : invalid gralloc handle (at 0x7f93eeb380)
08-30 04:35:52.943  3100  3129 E         : Runtime and build version of gralloc private structure does not match. Errors will likely follow.
08-30 04:35:52.976  3100  3129 E         : invalid gralloc handle (at 0x7f93eeb300)
08-30 04:35:52.976  3100  3129 E         : Runtime and build version of gralloc private structure does not match. Errors will likely follow.
08-30 04:35:53.010  3100  3129 E         : invalid gralloc handle (at 0x7f93eeb380)
08-30 04:35:53.010  3100  3129 E         : Runtime and build version of gralloc private structure does not match. Errors will likely follow.
08-30 04:35:53.043  3100  3129 E         : invalid gralloc handle (at 0x7f93eeb300)
08-30 04:35:53.043  3100  3129 E         : Runtime and build version of gralloc private structure does not match. Errors will likely follow.
