12-04 08:21:11.595  4078  4078 W PackageManager: Package com.android.gallery3d desires unavailable shared library com.google.android.media.effects; ignoring!
12-04 08:21:11.595  4078  4078 W PackageManager: Package com.android.gallery3d desires unavailable shared library com.google.android.media.effects; ignoring!
12-04 08:21:11.595  4078  4078 I PackageManager: Adjusting ABI for : com.android.keychain to arm64-v8a
12-04 08:21:11.599  4078  4078 I PackageManager: Adjusting ABI for : org.cyanogenmod.providers.datausage to arm64-v8a
12-04 08:21:11.599  4078  4078 I PackageManager: Adjusting ABI for : com.android.location.fused to arm64-v8a
12-04 08:21:11.600  4078  4078 I PackageManager: Adjusting ABI for : com.android.inputdevices to arm64-v8a
12-04 08:21:11.600  4078  4078 I PackageManager: Adjusting ABI for : cyanogenmod.platform to arm64-v8a
12-04 08:21:11.600  3009  3009 E installd: invalid apk path '/system/framework/org.cyanogenmod.platform-res.apk' (bad prefix)
12-04 08:21:11.600  4078  4078 I PackageManager: Adjusting ABI for : com.android.server.telecom to arm64-v8a
12-04 08:21:11.601  4078  4078 I PackageManager: Adjusting ABI for : com.cyanogenmod.setupwizard to arm64-v8a
12-04 08:21:11.601  4078  4078 I PackageManager: Adjusting ABI for : org.cyanogenmod.cmsettings to arm64-v8a
12-04 08:21:11.601  4078  4078 I PackageManager: Adjusting ABI for : com.android.providers.settings to arm64-v8a
12-04 08:21:11.602  4078  4078 I PackageManager: Adjusting ABI for : com.android.settings to arm64-v8a
12-04 08:21:11.602  4078  4078 I PackageManager: Adjusting ABI for : com.android.development to arm64-v8a
12-04 08:21:11.603  4078  4078 I PackageManager: Time to scan packages: 6.793 seconds
12-04 08:21:11.605  4078  4078 W PackageManager: Unknown permission com.google.android.googleapps.permission.GOOGLE_AUTH in package com.android.providers.calendar
12-04 08:21:11.605  4078  4078 W PackageManager: Unknown permission com.google.android.googleapps.permission.GOOGLE_AUTH.cl in package com.android.providers.calendar
12-04 08:21:11.605  4078  4078 W PackageManager: Not granting permission android.permission.REAL_GET_TASKS to package org.cyanogenmod.wallpapers.photophase (protectionLevel=18 flags=0x3818be45)
12-04 08:21:11.605  4078  4078 W PackageManager: Unknown permission android.permission.CANCEL_NOTIFICATIONS in package org.cyanogenmod.theme.chooser2
12-04 08:21:11.605  4078  4078 W PackageManager: Unknown permission com.cyanogen.ambient.permission.BIND_CALLER_INFO in package com.android.messaging
12-04 08:21:11.605  4078  4078 W PackageManager: Unknown permission com.cyanogen.ambient.permission.BIND_RIDEINPROGRESS_SERVICE in package com.android.messaging
12-04 08:21:11.605  4078  4078 W PackageManager: Unknown permission com.cyanogen.ambient.permission.BIND_RIDESHARING_SERVICE in package com.android.messaging
12-04 08:21:11.617  4078  4078 W PackageManager: Not granting permission android.permission.ACCESS_DOWNLOAD_MANAGER to package com.android.browser (protectionLevel=18 flags=0x3849be45)
12-04 08:21:11.617  4078  4078 W PackageManager: Not granting permission android.permission.SEND_DOWNLOAD_COMPLETED_INTENTS to package com.android.browser (protectionLevel=2 flags=0x3849be45)
12-04 08:21:11.617  4078  4078 W PackageManager: Unknown permission com.cyngn.stats.SEND_ANALYTICS in package com.cyanogenmod.setupwizard
12-04 08:21:11.617  4078  4078 W PackageManager: Unknown permission com.cyanogen.permission.REQUEST_KILL_SWITCH_OP in package com.cyanogenmod.setupwizard
12-04 08:21:11.618  4078  4078 W PackageManager: Unknown permission com.cyanogen.ambient.permission.BIND_INCALL_SERVICE in package com.android.contacts
12-04 08:21:11.618  4078  4078 W PackageManager: Unknown permission com.cyanogen.ambient.permission.PLUGIN_STATUS_CHANGED in package com.android.contacts
12-04 08:21:11.618  4078  4078 W PackageManager: Unknown permission com.cyanogen.ambient.permission.BIND_CALLER_INFO in package com.android.contacts
12-04 08:21:11.618  4078  4078 W PackageManager: Unknown permission com.google.android.googleapps.permission.GOOGLE_AUTH.mail in package com.android.calendar
12-04 08:21:11.619  4078  4078 W PackageManager: Unknown permission com.android.launcher.permission.READ_SETTINGS in package com.android.onetimeinitializer
12-04 08:21:11.619  4078  4078 W PackageManager: Unknown permission com.android.launcher.permission.WRITE_SETTINGS in package com.android.onetimeinitializer
12-04 08:21:11.619  4078  4078 W PackageManager: Unknown permission com.cyanogen.ambient.permission.BIND_INCALL_SERVICE in package com.android.dialer
12-04 08:21:11.619  4078  4078 W PackageManager: Unknown permission com.cyanogen.ambient.permission.PLUGIN_STATUS_CHANGED in package com.android.dialer
12-04 08:21:11.619  4078  4078 W PackageManager: Unknown permission com.cyanogen.ambient.permission.PUBLISH_DISCOVERY_NUDGE in package com.android.dialer
12-04 08:21:11.619  4078  4078 W PackageManager: Unknown permission com.cyanogen.ambient.permission.BIND_DEEPLINK_SERVICE in package com.android.dialer
12-04 08:21:11.619  4078  4078 W PackageManager: Unknown permission com.cyanogen.ambient.permission.READ_DEEPLINK_DATABASE in package com.android.dialer
12-04 08:21:11.619  4078  4078 W PackageManager: Unknown permission com.cyanogen.ambient.permission.BIND_CALLER_INFO in package com.android.dialer
12-04 08:21:11.619  4078  4078 W PackageManager: Unknown permission com.android.launcher.permission.READ_SETTINGS in package com.cyanogenmod.trebuchet
12-04 08:21:11.619  4078  4078 W PackageManager: Unknown permission com.android.launcher.permission.WRITE_SETTINGS in package com.cyanogenmod.trebuchet
12-04 08:21:11.619  4078  4078 W PackageManager: Unknown permission com.cyngn.stats.SEND_ANALYTICS in package com.cyanogenmod.trebuchet
12-04 08:21:11.619  4078  4078 W PackageManager: Unknown permission com.google.android.permission.INSTALL_WEARABLE_PACKAGES in package com.android.packageinstaller
12-04 08:21:11.619  4078  4078 W PackageManager: Not granting permission android.permission.DELETE_PACKAGES to package com.svox.pico (protectionLevel=18 flags=0x3808be45)
12-04 08:21:11.619  4078  4078 W PackageManager: Unknown permission android.permission.ACCESS_SUPERUSER in package com.cyanogenmod.filemanager
12-04 08:21:11.619  4078  4078 W PackageManager: Unknown permission com.cyanogenmod.filemanager.permissions.READ_THEME in package com.cyanogenmod.filemanager
12-04 08:21:11.620  4078  4078 W PackageManager: Unknown permission com.google.android.gallery3d.permission.PICASA_STORE in package com.android.dreams.phototable
12-04 08:21:11.620  4078  4078 W PackageManager: Unknown permission com.google.android.googleapps.permission.GOOGLE_AUTH in package com.android.settings
12-04 08:21:11.620  4078  4078 W PackageManager: Unknown permission com.android.launcher.permission.READ_SETTINGS in package com.android.settings
12-04 08:21:11.620  4078  4078 W PackageManager: Unknown permission com.android.launcher.permission.WRITE_SETTINGS in package com.android.settings
12-04 08:21:11.620  4078  4078 W PackageManager: Not granting permission android.permission.REAL_GET_TASKS to package com.cyanogenmod.eleven (protectionLevel=18 flags=0x3818be65)
12-04 08:21:11.621  4078  4078 W PackageManager: Unknown permission com.google.android.gallery3d.permission.GALLERY_PROVIDER in package com.android.bluetooth
12-04 08:21:11.622  4078  4078 W PackageManager: Unknown permission com.google.android.googleapps.permission.ACCESS_GOOGLE_PASSWORD in package com.android.development
12-04 08:21:11.622  4078  4078 W PackageManager: Unknown permission com.google.android.googleapps.permission.GOOGLE_AUTH in package com.android.development
12-04 08:21:11.622  4078  4078 W PackageManager: Unknown permission com.google.android.googleapps.permission.GOOGLE_AUTH.ALL_SERVICES in package com.android.development
12-04 08:21:11.622  4078  4078 W PackageManager: Unknown permission com.google.android.googleapps.permission.GOOGLE_AUTH.YouTubeUser in package com.android.development
12-04 08:21:11.623  4078  4078 V PackageManager: Disabling com.google.android.gsf/com.google.android.gsf.update.SystemUpdateActivity
12-04 08:21:11.623  4078  4078 W PackageManager: Unable to disable com.google.android.gsf/com.google.android.gsf.update.SystemUpdateActivity
12-04 08:21:11.623  4078  4078 V PackageManager: Disabling com.google.android.gsf/com.google.android.gsf.update.SystemUpdateService$Receiver
12-04 08:21:11.623  4078  4078 W PackageManager: Unable to disable com.google.android.gsf/com.google.android.gsf.update.SystemUpdateService$Receiver
12-04 08:21:11.623  4078  4078 V PackageManager: Disabling com.google.android.gsf/com.google.android.gsf.update.SystemUpdateService$SecretCodeReceiver
12-04 08:21:11.623  4078  4078 W PackageManager: Unable to disable com.google.android.gsf/com.google.android.gsf.update.SystemUpdateService$SecretCodeReceiver
12-04 08:21:11.623  4078  4078 V PackageManager: Disabling com.google.android.gms/com.google.android.gms.update.SystemUpdateActivity
12-04 08:21:11.623  4078  4078 W PackageManager: Unable to disable com.google.android.gms/com.google.android.gms.update.SystemUpdateActivity
12-04 08:21:11.623  4078  4078 V PackageManager: Disabling com.google.android.gms/com.google.android.gms.update.SystemUpdateService$Receiver
12-04 08:21:11.623  4078  4078 W PackageManager: Unable to disable com.google.android.gms/com.google.android.gms.update.SystemUpdateService$Receiver
12-04 08:21:11.623  4078  4078 V PackageManager: Disabling com.google.android.gms/com.google.android.gms.update.SystemUpdateService$ActiveReceiver
12-04 08:21:11.623  4078  4078 W PackageManager: Unable to disable com.google.android.gms/com.google.android.gms.update.SystemUpdateService$ActiveReceiver
12-04 08:21:11.623  4078  4078 V PackageManager: Disabling com.google.android.gms/com.google.android.gms.update.SystemUpdateService$SecretCodeReceiver
12-04 08:21:11.623  4078  4078 W PackageManager: Unable to disable com.google.android.gms/com.google.android.gms.update.SystemUpdateService$SecretCodeReceiver
12-04 08:21:11.623  4078  4078 V PackageManager: Enabling com.google.android.gsf/com.google.android.gsf.update.SystemUpdateService
12-04 08:21:11.623  4078  4078 W PackageManager: Unable to enable com.google.android.gsf/com.google.android.gsf.update.SystemUpdateService
12-04 08:21:11.623  4078  4078 V PackageManager: Enabling com.google.android.gms/com.google.android.gms.update.SystemUpdateService
12-04 08:21:11.623  4078  4078 W PackageManager: Unable to enable com.google.android.gms/com.google.android.gms.update.SystemUpdateService
12-04 08:21:11.805  4078  4078 I art     : Starting a blocking GC Explicit
12-04 08:21:11.931  4078  4078 I art     : Explicit concurrent mark sweep GC freed 266566(15MB) AllocSpace objects, 39(3MB) LOS objects, 33% free, 27MB/41MB, paused 739us total 119.140ms
12-04 08:21:11.933  4078  4078 I SystemServer: User Service
12-04 08:21:11.946  2931  2931 I lowmemorykiller: ActivityManager connected
12-04 08:21:11.958  4078  4078 I SystemServiceManager: Starting com.android.server.BatteryService
12-04 08:21:11.965  4078  4124 I         : System server: starting sensor init.
12-04 08:21:11.965  4078  4124 D SensorService: nuSensorService starting...
12-04 08:21:11.969  4078  4124 I Sensors : getName:gyro_sensor name = K6DS3TR.
12-04 08:21:11.970  4078  4124 I Sensors : Proximity old sensor_state 0, new sensor_state : 128 en : 1
12-04 08:21:11.991  4078  4078 I SystemServiceManager: Starting com.android.server.usage.UsageStatsService
12-04 08:21:12.002  4078  4124 I Sensors : Light old sensor_state 128, new sensor_state : 640 en : 1
12-04 08:21:12.037  4078  4124 I Sensors : Light_IR old sensor_state 640, new sensor_state : 16777856 en : 1
12-04 08:21:12.037  4078  4124 E Sensors : Light_IR_Sensor write failed. ret = -1, sensor_state = 16777856
12-04 08:21:12.038  4078  4124 I Sensors : SigMotionSensor old sensor_state 640, new sensor_state : 17024 en : 1
12-04 08:21:12.053  4078  4124 I Sensors : getName:gyro_sensor name = K6DS3TR.
12-04 08:21:12.055  4078  4124 I Sensors : StepCounterSensor old sensor_state 17024, new sensor_state : 279168 en : 1
12-04 08:21:12.055  4078  4124 E Sensors : StepCounterSensor write failed. ret = -1, sensor_state = 279168
12-04 08:21:12.055  4078  4124 I Sensors : Int.Gyro old sensor_state 17024, new sensor_state : 33571456 en : 1
12-04 08:21:12.055  4078  4124 E Sensors : Int.GyroSensor write failed. ret = -1, sensor_state = 33571456
12-04 08:21:12.055  4078  4124 I Sensors : getName:gyro_sensor name = K6DS3TR.
12-04 08:21:12.055  4078  4124 I Sensors : HrmSpO2Sensor:: part type = 12.
12-04 08:21:12.055  4078  4124 D Sensors : HrmSpO2Sensor::type:12, prox threshold:10000
12-04 08:21:12.055  4078  4124 D Sensors : HrmSpO2Sensor::handle:0 ,en:1
12-04 08:21:12.055  4078  4124 E Sensors : HrmSpO2Sensor::Error MAXIM Flicker Library...handle=0x0
12-04 08:21:12.055  4078  4124 D Sensors : HrmSpO2Sensor::HrmSpO2Sensor: Shared version Registered
12-04 08:21:12.056  4078  4124 D Sensors : HrmLedSensor enable: mEnabled 0, handle 20, en 1
12-04 08:21:12.056  4078  4124 D Sensors : HRMSensor led enabled:1, en:1
12-04 08:21:12.069  4078  4124 I Sensors : getVendor:hrm_sensor vendor = MAXIM.
12-04 08:21:12.069  4078  4124 I Sensors : HrmLedSensor: HrmLedSensor vendor = MAXIM.
12-04 08:21:12.070  4078  4124 D Sensors : HRMSensor_LED::libhr open start!! 
12-04 08:21:12.070  4078  4124 E Sensors : HRMSensor_LED::libhr open failed 
12-04 08:21:12.070  4078  4124 E Sensors : GripSensor: enable
12-04 08:21:12.074  4078  4078 I UsageStatsService: User[0] Rollover scheduled @ 2016-12-05 00:00:00(1480896000000)
12-04 08:21:12.087  4078  4078 I SystemServiceManager: Starting com.android.server.webkit.WebViewUpdateService
12-04 08:21:12.089  4078  4078 I SystemServer: Reading configuration...
12-04 08:21:12.089  4078  4078 I SystemServer: Scheduling Policy
12-04 08:21:12.091  4078  4078 I SystemServiceManager: Starting com.android.server.telecom.TelecomLoaderService
12-04 08:21:12.091  4078  4078 I SystemServer: Telephony Registry
12-04 08:21:12.099  4078  4124 I Sensors : Proximity old sensor_state 17024, new sensor_state : 16896 en : 0
12-04 08:21:12.099  4078  4124 I Sensors : Light old sensor_state 16896, new sensor_state : 16384 en : 0
12-04 08:21:12.099  4078  4124 I Sensors : SigMotionSensor old sensor_state 16384, new sensor_state : 0 en : 0
12-04 08:21:12.099  4078  4124 E Sensors : GripSensor: enable
12-04 08:21:12.099  4078  4124 D Sensors : HrmSpO2Sensor::handle:19 ,en:0
12-04 08:21:12.099  4078  4124 D Sensors : HrmSpO2Sensor::isEnabled:0 ,en:0, mEn:0
12-04 08:21:12.099  4078  4124 D Sensors : HrmSpO2Sensor::handle:28 ,en:0
12-04 08:21:12.099  4078  4124 D Sensors : HrmSpO2Sensor::isEnabled:0 ,en:0, mEn:0
12-04 08:21:12.099  4078  4124 D Sensors : HrmLedSensor enable: mEnabled 1, handle 20, en 0
12-04 08:21:12.099  4078  4124 D Sensors : HRMSensor_LED::enable 
12-04 08:21:12.099  4078  4124 D Sensors : HRMSensor led enabled:0, en:0
12-04 08:21:12.100  4078  4124 D Sensors : HrmLedSensor enable: mEnabled 0, handle 21, en 0
12-04 08:21:12.100  4078  4124 D Sensors : HrmLedSensor isEnabled:0 ,en:0
12-04 08:21:12.100  4078  4124 D Sensors : HrmSpO2Sensor::handle:18 ,en:0
12-04 08:21:12.100  4078  4124 D Sensors : HrmSpO2Sensor::isEnabled:0 ,en:0, mEn:0
12-04 08:21:12.101  4078  4124 I         : System server: sensor init done.
12-04 08:21:12.103  4078  4078 I SystemServer: Entropy Mixer
12-04 08:21:12.107  4078  4126 D SensorService: nuSensorService thread starting...
12-04 08:21:12.119  4078  4125 D SensorService: new thread SensorEventAckReceiver
12-04 08:21:12.160  4078  4078 I EntropyMixer: Added HW RNG output to entropy pool
12-04 08:21:12.160  4078  4078 I EntropyMixer: Writing entropy...
12-04 08:21:12.192  4078  4078 I SystemServer: Camera Service
12-04 08:21:12.192  4078  4078 I SystemServiceManager: Starting com.android.server.camera.CameraService
12-04 08:21:12.198  4078  4127 I ServiceThread: Enabled StrictMode logging for CameraService_proxy looper.
12-04 08:21:12.200  4078  4078 I SystemServer: Account Manager
12-04 08:21:12.204  4078  4078 I SystemServer: Content Manager
12-04 08:21:12.206  4078  4078 I SystemServer: System Content Providers
12-04 08:21:12.223  4078  4078 W System  : ClassLoader referenced unknown path: /system/priv-app/CMSettingsProvider/lib/arm64
12-04 08:21:12.240  4078  4078 W System  : ClassLoader referenced unknown path: /system/priv-app/SettingsProvider/lib/arm64
12-04 08:21:12.296  4078  4078 I SystemServer: Vibrator Service
12-04 08:21:12.300  4078  4078 I SystemServer: Consumer IR Service
12-04 08:21:12.301  4078  4078 E ConsumerIrService: Can't open consumer IR HW Module, error: -2
12-04 08:21:12.301  4078  4078 I SystemServiceManager: Starting com.android.server.AlarmManagerService
12-04 08:21:12.365  4078  4078 I SystemServer: Init Watchdog
12-04 08:21:12.365  4078  4078 I SystemServer: Input Manager
12-04 08:21:12.366  4078  4078 I InputManager: Initializing input manager, mUseDevInputEventForAudioJack=false
12-04 08:21:12.367  4078  4078 I SystemServer: Window Manager
12-04 08:21:12.396  4078  4097 I WindowManager: No existing display settings /data/system/display_settings.xml; starting empty
12-04 08:21:12.503  4078  4078 I InputManager: Starting input manager
12-04 08:21:12.506  4078  4078 I SystemServer: Bluetooth Service
12-04 08:21:12.509  4078  4078 I SystemServiceManager: Starting com.android.server.BluetoothService
12-04 08:21:12.528  4078  4078 D BluetoothManagerService: Loading stored name and address
12-04 08:21:12.529  4078  4078 D BluetoothManagerService: Stored bluetooth Name=null,Address=null
12-04 08:21:12.529  4078  4078 D BluetoothService: onStart: publishing BluetoothManagerService
12-04 08:21:12.529  4078  4078 I SystemServer: Input Method Service
12-04 08:21:12.541  4078  4132 D EventHub: No input device configuration file found for device 'certify_hall'.
12-04 08:21:12.622  4078  4132 D EventHub: No input device configuration file found for device 'ssp_context'.
12-04 08:21:12.631  4078  4078 W InputMethodManagerService: No IME selected. Choose the most applicable IME.
12-04 08:21:12.631  4078  4078 I InputMethodManagerService: Default found, using com.android.inputmethod.latin/.LatinIME
12-04 08:21:12.633  4078  4078 I SystemServer: Accessibility Manager
12-04 08:21:12.638  4078  4078 I ActivityManager: choosing minFree values for 64 Bit
12-04 08:21:12.638  4078  4078 I ActivityManager: choosing minFree values for 64 Bit
12-04 08:21:12.638  4078  4078 I ActivityManager: choosing minFree values for 64 Bit
12-04 08:21:12.638  4078  4078 I ActivityManager: choosing minFree values for 64 Bit
12-04 08:21:12.638  4078  4078 I ActivityManager: choosing minFree values for 64 Bit
12-04 08:21:12.638  4078  4078 I ActivityManager: choosing minFree values for 64 Bit
12-04 08:21:12.639  4078  4078 I ActivityManager: Config changes=1df8 {1.0 ?mcc?mnc en_US ldltr sw360dp w360dp h640dp 640dpi nrml long port ?uimode ?night -touch -keyb/h/h -nav/h s.2 themeResource=null}
12-04 08:21:12.653  4078  4078 I ActivityManager: Config changes=400 {1.0 ?mcc?mnc en_US ldltr sw360dp w360dp h616dp 640dpi nrml long port ?uimode ?night -touch -keyb/h/h -nav/h s.3 themeResource=null}
12-04 08:21:12.659  4078  4078 I SystemServiceManager: Starting com.android.server.MountService$Lifecycle
12-04 08:21:12.689  4078  4078 I SystemServiceManager: Starting com.android.server.UiModeManagerService
12-04 08:21:12.691  4078  4078 I ActivityManager: Config changes=200 {1.0 ?mcc?mnc en_US ldltr sw360dp w360dp h616dp 640dpi nrml long port -touch -keyb/h/h -nav/h s.4 themeResource=null}
12-04 08:21:12.697  4078  4133 D MountService: Thinking about reset, mSystemReady=false, mDaemonConnected=true
12-04 08:21:12.697  4078  4133 D MountService: Thinking about reset, mSystemReady=false, mDaemonConnected=true
12-04 08:21:12.699  4078  4133 D CryptdConnector: SND -> {1 cryptfs getfield SystemLocale}
12-04 08:21:12.699  2920  2961 I Ext4Crypt: ext4 crypto complete called on /data
12-04 08:21:12.699  2920  2961 I Ext4Crypt: No master key, so not ext4enc
12-04 08:21:12.701  4078  4078 I SystemServer: LockSettingsService
12-04 08:21:12.702  4078  4132 D EventHub: No input device configuration file found for device 'meta_event'.
12-04 08:21:12.705  4078  4135 D CryptdConnector: RCV <- {200 1 -1}
12-04 08:21:12.710  4078  4078 I SystemServiceManager: Starting com.android.server.DeviceIdleController
12-04 08:21:12.725  4078  4133 W MountService: No primary storage mounted!
12-04 08:21:12.726  4078  4133 D VoldConnector: SND -> {1 asec list}
12-04 08:21:12.726  4078  4134 D VoldConnector: RCV <- {200 1 asec operation succeeded}
12-04 08:21:12.727  4078  4133 I PackageManager: No secure containers found
12-04 08:21:12.727  4078  4133 W PackageManager: Unknown permission com.google.android.googleapps.permission.GOOGLE_AUTH in package com.android.providers.calendar
12-04 08:21:12.727  4078  4133 W PackageManager: Unknown permission com.google.android.googleapps.permission.GOOGLE_AUTH.cl in package com.android.providers.calendar
12-04 08:21:12.727  4078  4133 W PackageManager: Not granting permission android.permission.REAL_GET_TASKS to package org.cyanogenmod.wallpapers.photophase (protectionLevel=18 flags=0x3818be45)
12-04 08:21:12.727  4078  4133 W PackageManager: Unknown permission android.permission.CANCEL_NOTIFICATIONS in package org.cyanogenmod.theme.chooser2
12-04 08:21:12.728  4078  4133 W PackageManager: Unknown permission com.cyanogen.ambient.permission.BIND_CALLER_INFO in package com.android.messaging
12-04 08:21:12.728  4078  4133 W PackageManager: Unknown permission com.cyanogen.ambient.permission.BIND_RIDEINPROGRESS_SERVICE in package com.android.messaging
12-04 08:21:12.728  4078  4133 W PackageManager: Unknown permission com.cyanogen.ambient.permission.BIND_RIDESHARING_SERVICE in package com.android.messaging
12-04 08:21:12.728  4078  4133 W PackageManager: Not granting permission android.permission.ACCESS_DOWNLOAD_MANAGER to package com.android.browser (protectionLevel=18 flags=0x3849be45)
12-04 08:21:12.728  4078  4133 W PackageManager: Not granting permission android.permission.SEND_DOWNLOAD_COMPLETED_INTENTS to package com.android.browser (protectionLevel=2 flags=0x3849be45)
12-04 08:21:12.728  4078  4133 W PackageManager: Unknown permission com.cyngn.stats.SEND_ANALYTICS in package com.cyanogenmod.setupwizard
12-04 08:21:12.728  4078  4133 W PackageManager: Unknown permission com.cyanogen.permission.REQUEST_KILL_SWITCH_OP in package com.cyanogenmod.setupwizard
12-04 08:21:12.728  4078  4133 W PackageManager: Unknown permission com.cyanogen.ambient.permission.BIND_INCALL_SERVICE in package com.android.contacts
12-04 08:21:12.728  4078  4133 W PackageManager: Unknown permission com.cyanogen.ambient.permission.PLUGIN_STATUS_CHANGED in package com.android.contacts
12-04 08:21:12.728  4078  4133 W PackageManager: Unknown permission com.cyanogen.ambient.permission.BIND_CALLER_INFO in package com.android.contacts
12-04 08:21:12.729  4078  4133 W PackageManager: Unknown permission com.google.android.googleapps.permission.GOOGLE_AUTH.mail in package com.android.calendar
12-04 08:21:12.729  4078  4133 W PackageManager: Unknown permission com.android.launcher.permission.READ_SETTINGS in package com.android.onetimeinitializer
12-04 08:21:12.729  4078  4133 W PackageManager: Unknown permission com.android.launcher.permission.WRITE_SETTINGS in package com.android.onetimeinitializer
12-04 08:21:12.729  4078  4133 W PackageManager: Unknown permission com.cyanogen.ambient.permission.BIND_INCALL_SERVICE in package com.android.dialer
12-04 08:21:12.729  4078  4133 W PackageManager: Unknown permission com.cyanogen.ambient.permission.PLUGIN_STATUS_CHANGED in package com.android.dialer
12-04 08:21:12.729  4078  4133 W PackageManager: Unknown permission com.cyanogen.ambient.permission.PUBLISH_DISCOVERY_NUDGE in package com.android.dialer
12-04 08:21:12.729  4078  4133 W PackageManager: Unknown permission com.cyanogen.ambient.permission.BIND_DEEPLINK_SERVICE in package com.android.dialer
12-04 08:21:12.729  4078  4133 W PackageManager: Unknown permission com.cyanogen.ambient.permission.READ_DEEPLINK_DATABASE in package com.android.dialer
12-04 08:21:12.729  4078  4133 W PackageManager: Unknown permission com.cyanogen.ambient.permission.BIND_CALLER_INFO in package com.android.dialer
12-04 08:21:12.729  4078  4133 W PackageManager: Unknown permission com.android.launcher.permission.READ_SETTINGS in package com.cyanogenmod.trebuchet
12-04 08:21:12.729  4078  4133 W PackageManager: Unknown permission com.android.launcher.permission.WRITE_SETTINGS in package com.cyanogenmod.trebuchet
12-04 08:21:12.729  4078  4133 W PackageManager: Unknown permission com.cyngn.stats.SEND_ANALYTICS in package com.cyanogenmod.trebuchet
12-04 08:21:12.729  4078  4133 W PackageManager: Unknown permission com.google.android.permission.INSTALL_WEARABLE_PACKAGES in package com.android.packageinstaller
12-04 08:21:12.729  4078  4133 W PackageManager: Not granting permission android.permission.DELETE_PACKAGES to package com.svox.pico (protectionLevel=18 flags=0x3808be45)
12-04 08:21:12.729  4078  4133 W PackageManager: Unknown permission android.permission.ACCESS_SUPERUSER in package com.cyanogenmod.filemanager
12-04 08:21:12.729  4078  4133 W PackageManager: Unknown permission com.cyanogenmod.filemanager.permissions.READ_THEME in package com.cyanogenmod.filemanager
12-04 08:21:12.730  4078  4133 W PackageManager: Unknown permission com.google.android.gallery3d.permission.PICASA_STORE in package com.android.dreams.phototable
12-04 08:21:12.730  4078  4133 W PackageManager: Unknown permission com.google.android.googleapps.permission.GOOGLE_AUTH in package com.android.settings
12-04 08:21:12.730  4078  4133 W PackageManager: Unknown permission com.android.launcher.permission.READ_SETTINGS in package com.android.settings
12-04 08:21:12.730  4078  4133 W PackageManager: Unknown permission com.android.launcher.permission.WRITE_SETTINGS in package com.android.settings
12-04 08:21:12.730  4078  4133 W PackageManager: Not granting permission android.permission.REAL_GET_TASKS to package com.cyanogenmod.eleven (protectionLevel=18 flags=0x3818be65)
12-04 08:21:12.731  4078  4133 W PackageManager: Unknown permission com.google.android.gallery3d.permission.GALLERY_PROVIDER in package com.android.bluetooth
12-04 08:21:12.731  4078  4133 W PackageManager: Unknown permission com.google.android.googleapps.permission.ACCESS_GOOGLE_PASSWORD in package com.android.development
12-04 08:21:12.731  4078  4133 W PackageManager: Unknown permission com.google.android.googleapps.permission.GOOGLE_AUTH in package com.android.development
12-04 08:21:12.731  4078  4133 W PackageManager: Unknown permission com.google.android.googleapps.permission.GOOGLE_AUTH.ALL_SERVICES in package com.android.development
12-04 08:21:12.731  4078  4133 W PackageManager: Unknown permission com.google.android.googleapps.permission.GOOGLE_AUTH.YouTubeUser in package com.android.development
12-04 08:21:12.732  4078  4078 I SystemServiceManager: Starting com.android.server.devicepolicy.DevicePolicyManagerService$Lifecycle
12-04 08:21:12.742  4078  4132 D EventHub: No input device configuration file found for device 'interrupt_gyro_sensor'.
12-04 08:21:12.787  4078  4132 D EventHub: No input device configuration file found for device 'step_cnt_sensor'.
12-04 08:21:12.822  4078  4132 D EventHub: No input device configuration file found for device 'sig_motion_sensor'.
12-04 08:21:12.852  4078  4132 D EventHub: No input device configuration file found for device 'gesture_sensor'.
12-04 08:21:12.932  4078  4132 D EventHub: No input device configuration file found for device 'temp_humidity_sensor'.
12-04 08:21:12.946  4078  4078 W art     : Long monitor contention event with owner method=void com.android.server.pm.PackageManagerService.loadMediaPackages(android.util.ArrayMap, int[], boolean) from PackageManagerService.java:16768 waiters=0 for 211ms
12-04 08:21:12.948  4078  4133 W MountService: No primary storage defined yet; hacking together a stub
12-04 08:21:12.960  4078  4078 I SystemServer: Status Bar
12-04 08:21:12.963  4078  4133 W MountService: No primary storage defined yet; hacking together a stub
12-04 08:21:12.964  4078  4078 I SystemServer: Clipboard Service
12-04 08:21:12.965  4078  4133 W MountService: No primary storage mounted!
12-04 08:21:12.965  4078  4133 D VoldConnector: SND -> {2 asec list}
12-04 08:21:12.965  4078  4134 D VoldConnector: RCV <- {200 2 asec operation succeeded}
12-04 08:21:12.967  4078  4078 I SystemServer: NetworkManagement Service
12-04 08:21:12.977  4078  4078 I SystemServer: Text Service Manager Service
12-04 08:21:12.982  4078  4078 I SystemServer: Network Score Service
12-04 08:21:12.992  4078  4078 I SystemServer: NetworkStats Service
12-04 08:21:13.000  4078  4078 I SystemServer: NetworkPolicy Service
12-04 08:21:13.015  4078  4078 I SystemServiceManager: Starting com.android.server.wifi.p2p.WifiP2pService
12-04 08:21:13.022  4078  4132 D EventHub: No input device configuration file found for device 'proximity_sensor'.
12-04 08:21:13.032  2920  3454 I vold    : Trimmed 10572546048 bytes on /data in 21705ms
12-04 08:21:13.037  4078  4134 D VoldConnector: RCV <- {662 /data 10572546048 21705556715}
12-04 08:21:13.049  4078  4078 I WifiP2pService: Registering wifip2p
12-04 08:21:13.063  4078  4078 I SystemServiceManager: Starting com.android.server.wifi.WifiService
12-04 08:21:13.072  4078  4132 D EventHub: No input device configuration file found for device 'light_ir_sensor'.
12-04 08:21:13.112  4078  4132 D EventHub: No input device configuration file found for device 'light_sensor'.
12-04 08:21:13.152  4078  4132 D EventHub: No input device configuration file found for device 'grip_sensor'.
12-04 08:21:13.202  4078  4132 D EventHub: No input device configuration file found for device 'uv_sensor'.
12-04 08:21:13.272  4078  4132 D EventHub: No input device configuration file found for device 'hrmled_sensor'.
12-04 08:21:13.300  4078  4078 D HS20    : Passpoint is disabled
12-04 08:21:13.312  4078  4132 D EventHub: No input device configuration file found for device 'hrm_sensor'.
12-04 08:21:13.332  4078  4078 D WifiController: isAirplaneModeOn = false, isWifiEnabled = false, isScanningAvailable = false
12-04 08:21:13.334  4078  4078 I WifiService: Registering wifi
12-04 08:21:13.339  4078  4078 I SystemServiceManager: Starting com.android.server.wifi.WifiScanningService
12-04 08:21:13.340  4078  4078 I WifiScanningService: Creating wifiscanner
12-04 08:21:13.340  4078  4078 I WifiScanningService: Starting wifiscanner
12-04 08:21:13.342  4078  4078 I SystemServiceManager: Starting com.android.server.wifi.RttService
12-04 08:21:13.342  4078  4078 I RttService: Creating rttmanager
12-04 08:21:13.343  4078  4078 I RttService: Starting rttmanager
12-04 08:21:13.344  4078  4078 I SystemServiceManager: Starting com.android.server.ethernet.EthernetService
12-04 08:21:13.347  4078  4078 I EthernetServiceImpl: Creating EthernetConfigStore
12-04 08:21:13.348  4078  4078 E IpConfigStore: Error parsing configuration: java.io.FileNotFoundException: /data/misc/ethernet/ipconfig.txt: open failed: ENOENT (No such file or directory)
12-04 08:21:13.348  4078  4078 W EthernetConfigStore: No Ethernet configuration found. Using default.
12-04 08:21:13.348  4078  4078 I EthernetServiceImpl: Read stored IP configuration: IP assignment: DHCP
12-04 08:21:13.348  4078  4078 I EthernetServiceImpl: Proxy settings: NONE
12-04 08:21:13.349  4078  4078 I EthernetService: Registering service ethernet
12-04 08:21:13.349  4078  4078 I SystemServer: Connectivity Service
12-04 08:21:13.360  4078  4132 E EventHub: could not get driver version for /dev/input/mice, Not a typewriter
12-04 08:21:13.364  4078  4078 D ConnectivityService: ConnectivityService starting up
12-04 08:21:13.374  4078  4078 D ConnectivityService: wifiOnly=false
12-04 08:21:13.374  4078  4078 E ConnectivityService: Error in networkAttributes - ignoring attempt to redefine type 7
12-04 08:21:13.375  4078  4078 E ConnectivityService: Ignoring protectedNetwork 15
12-04 08:21:13.399  4078  4078 I SystemServer: Network Service Discovery Service
12-04 08:21:13.406  4078  4078 D NsdService: Network service discovery enabled true
12-04 08:21:13.409  4078  4078 I SystemServer: UpdateLock Service
12-04 08:21:13.418  4078  4078 I SystemServiceManager: Starting com.android.server.notification.NotificationManagerService
12-04 08:21:13.447  4078  4078 I ZenModeConfig: Migrating existing shared 'from': stars
12-04 08:21:13.464  4078  4132 D EventHub: No input device configuration file found for device 'sec_touchscreen'.
12-04 08:21:13.467  4078  4132 W EventHub: Unable to disable kernel key repeat for /dev/input/event1: Function not implemented
12-04 08:21:13.467  4078  4132 I EventHub: New device: id=16, fd=109, path='/dev/input/event1', name='sec_touchscreen', classes=0x15, configuration='', keyLayout='/system/usr/keylayout/Generic.kl', keyCharacterMap='/system/usr/keychars/Generic.kcm', builtinKeyboard=false, wakeMechanism=EPOLLWAKEUP, usingClockIoctl=true
12-04 08:21:13.468  4078  4132 D EventHub: No input device configuration file found for device 'gpio_keys'.
12-04 08:21:13.471  4078  4132 W EventHub: Unable to disable kernel key repeat for /dev/input/event17: Function not implemented
12-04 08:21:13.471  4078  4132 I EventHub: New device: id=17, fd=119, path='/dev/input/event17', name='gpio_keys', classes=0x1, configuration='', keyLayout='/system/usr/keylayout/Generic.kl', keyCharacterMap='/system/usr/keychars/Generic.kcm', builtinKeyboard=false, wakeMechanism=EPOLLWAKEUP, usingClockIoctl=true
12-04 08:21:13.471  4078  4132 D EventHub: No input device configuration file found for device 'Headset'.
12-04 08:21:13.475  4078  4132 W EventHub: Unable to disable kernel key repeat for /dev/input/event16: Function not implemented
12-04 08:21:13.475  4078  4132 I EventHub: New device: id=18, fd=120, path='/dev/input/event16', name='Headset', classes=0x1, configuration='', keyLayout='/system/usr/keylayout/Generic.kl', keyCharacterMap='/system/usr/keychars/Generic.kcm', builtinKeyboard=false, wakeMechanism=EPOLLWAKEUP, usingClockIoctl=true
12-04 08:21:13.475  4078  4132 D EventHub: No input device configuration file found for device 'sec_touchkey'.
12-04 08:21:13.478  4078  4132 W EventHub: Unable to disable kernel key repeat for /dev/input/event0: Function not implemented
12-04 08:21:13.478  4078  4132 I EventHub: New device: id=19, fd=121, path='/dev/input/event0', name='sec_touchkey', classes=0x1, configuration='', keyLayout='/system/usr/keylayout/Generic.kl', keyCharacterMap='/system/usr/keychars/Generic.kcm', builtinKeyboard=false, wakeMechanism=EPOLLWAKEUP, usingClockIoctl=true
12-04 08:21:13.478  4078  4132 D EventHub: No input device configuration file found for device 'hall'.
12-04 08:21:13.517  4078  4144 D WifiApConfigStore: 2G band allowed channels are:1,6,11
12-04 08:21:13.538  4078  4078 I SystemServiceManager: Starting com.android.server.storage.DeviceStorageMonitorService
12-04 08:21:13.543  4078  4078 I SystemServer: Location Manager
12-04 08:21:13.551  4078  4078 I SystemServer: Country Detector
12-04 08:21:13.553  4078  4078 I SystemServer: Search Service
12-04 08:21:13.555  4078  4078 I SystemServer: DropBox Service
12-04 08:21:13.569  4078  4078 I SystemServer: Wallpaper Service
12-04 08:21:13.573  4078  4078 W WallpaperManagerService: no current wallpaper -- first boot?
12-04 08:21:13.574  4078  4078 W WallpaperManagerService: no current wallpaper -- first boot?
12-04 08:21:13.574  4078  4078 I SystemServer: Audio Service
12-04 08:21:13.583  4078  4078 W TelecomManager: Telecom Service not found.
12-04 08:21:13.591  3786  4073 E AudioFlinger: no wake lock to update!
12-04 08:21:13.592  3786  3786 D PermissionCache: checking android.permission.MODIFY_AUDIO_SETTINGS for uid=1000 => granted (640 us)
12-04 08:21:13.592  3786  4077 D PermissionCache: checking android.permission.MODIFY_AUDIO_SETTINGS for uid=1000 => granted (462 us)
12-04 08:21:13.602  3786  4076 V audio_hw_primary: adev_set_mic_mute: set mic mute: 0
12-04 08:21:13.645  4078  4132 I InputReader: Device added: id=-1, name='Virtual', sources=0x00000301
12-04 08:21:13.645  4078  4132 I InputReader: Device added: id=19, name='sec_touchkey', sources=0x00000101
12-04 08:21:13.645  4078  4132 I InputReader: Device added: id=18, name='Headset', sources=0x00000101
12-04 08:21:13.645  4078  4132 I InputReader: Device added: id=17, name='gpio_keys', sources=0x00000101
12-04 08:21:13.646  4078  4132 I InputReader:   Touch device 'sec_touchscreen' could not query the properties of its associated display.  The device will be inoperable until the display size becomes available.
12-04 08:21:13.646  4078  4132 I InputReader: Device added: id=16, name='sec_touchscreen', sources=0x00001103
12-04 08:21:13.647  4078  4131 I ActivityManager: Config changes=8 {1.0 ?mcc?mnc en_US ldltr sw360dp w360dp h616dp 640dpi nrml long port finger -keyb/h/h -nav/h s.5 themeResource=null}
12-04 08:21:13.649  4078  4132 I InputReader: Reconfiguring input devices.  changes=0x00000004
12-04 08:21:13.649  4078  4132 I InputReader: Device reconfigured: id=16, name='sec_touchscreen', size 1440x2560, orientation 0, mode 1, display id 0
12-04 08:21:13.680  4078  4078 I SystemServiceManager: Starting com.android.server.DockObserver
12-04 08:21:13.682  4078  4078 I SystemServer: Wired Accessory Manager
12-04 08:21:13.687  4078  4078 W WiredAccessoryManager: This kernel does not have usb audio support
12-04 08:21:13.688  4078  4078 W WiredAccessoryManager: This kernel does not have HDMI audio support
12-04 08:21:13.688  4078  4078 I SystemServiceManager: Starting com.android.server.usb.UsbService$Lifecycle
12-04 08:21:13.738  4078  4078 I SystemServer: Serial Service
12-04 08:21:13.739  4078  4078 I SystemServiceManager: Starting com.android.server.twilight.TwilightService
12-04 08:21:13.742  4078  4078 I SystemServiceManager: Starting com.android.server.job.JobSchedulerService
12-04 08:21:13.749  4078  4078 I SystemServiceManager: Starting com.android.server.backup.BackupManagerService$Lifecycle
12-04 08:21:13.755  4078  4078 I SystemServiceManager: Starting com.android.server.appwidget.AppWidgetService
12-04 08:21:13.758  4078  4078 I SystemServiceManager: Starting com.android.server.voiceinteraction.VoiceInteractionManagerService
12-04 08:21:13.760  3786  3786 D PermissionCache: checking android.permission.CAPTURE_AUDIO_HOTWORD for uid=1000 => granted (402 us)
12-04 08:21:13.769  4078  4078 W SoundTriggerHelper: listModules status=0, # of modules=0
12-04 08:21:13.773  4078  4078 I SystemServer: Gesture Launcher Service
12-04 08:21:13.773  4078  4078 I SystemServiceManager: Starting com.android.server.GestureLauncherService
12-04 08:21:13.773  4078  4078 I SystemServer: DiskStats Service
12-04 08:21:13.774  4078  4078 I SystemServer: SamplingProfiler Service
12-04 08:21:13.789  4078  4078 I SystemServer: NetworkTimeUpdateService
12-04 08:21:13.789  4078  4078 I SystemServer: CommonTimeManagementService
12-04 08:21:13.791  4078  4078 I SystemServer: CertBlacklister
12-04 08:21:13.792  4078  4078 I SystemServiceManager: Starting com.android.server.dreams.DreamManagerService
12-04 08:21:13.805  4078  4078 I SystemServer: Assets Atlas Service
12-04 08:21:13.812  4078  4078 I SystemServiceManager: Starting com.android.server.print.PrintManagerService
12-04 08:21:13.814  4078  4078 I SystemServiceManager: Starting com.android.server.restrictions.RestrictionsManagerService
12-04 08:21:13.821  4078  4156 D AssetAtlas: Loaded configuration: SliceMinArea (2048x2048) flags=0x2 count=267
12-04 08:21:13.822  4078  4078 I SystemServiceManager: Starting com.android.server.media.MediaSessionService
12-04 08:21:13.825  4078  4078 I SystemServer: Media Router Service
12-04 08:21:13.838  4078  4078 I SystemServiceManager: Starting com.android.server.trust.TrustManagerService
12-04 08:21:13.855  4078  4078 I SystemServiceManager: Starting com.android.server.fingerprint.FingerprintService
12-04 08:21:13.874  3017  3017 V fingerprintd: nativeOpenHal()
12-04 08:21:13.874  3017  3017 E fingerprintd: Can't open fingerprint HW Module, error: -2
12-04 08:21:13.875  4078  4078 W FingerprintService: Failed to open Fingerprint HAL!
12-04 08:21:13.875  4078  4078 V FingerprintService: Fingerprint HAL id: 0
12-04 08:21:13.875  4078  4078 I SystemServer: BackgroundDexOptService
12-04 08:21:13.886  4078  4078 I SystemServiceManager: Starting com.android.server.pm.LauncherAppsService
12-04 08:21:13.908  4078  4078 I SystemServiceManager: Starting com.android.server.media.projection.MediaProjectionManagerService
12-04 08:21:13.978  4078  4086 W JavaBinder: BinderProxy is being destroyed but the application did not call unlinkToDeath to unlink all of its death recipients beforehand.  Releasing leaked death recipient: com.android.server.fingerprint.FingerprintService
12-04 08:21:13.980  4078  4088 I art     : Background sticky concurrent mark sweep GC freed 28413(2MB) AllocSpace objects, 23(460KB) LOS objects, 0% free, 46MB/46MB, paused 6.054ms total 135.703ms
12-04 08:21:13.993  4078  4078 I WindowManager: SAFE MODE not enabled
12-04 08:21:14.013  4078  4078 I SystemServiceManager: Starting com.android.server.MmsServiceBroker
12-04 08:21:14.021  4078  4078 I CMSystemServer: Attempting to start service org.cyanogenmod.platform.internal.CMStatusBarManagerService
12-04 08:21:14.026  4078  4078 I CMSystemServer: Starting service org.cyanogenmod.platform.internal.CMStatusBarManagerService
12-04 08:21:14.026  4078  4078 I SystemServiceManager: Starting org.cyanogenmod.platform.internal.CMStatusBarManagerService
12-04 08:21:14.026  4078  4078 D CMStatusBarManagerService: registerCMStatusBar cmstatusbar: org.cyanogenmod.platform.internal.CMStatusBarManagerService@aa978b5
12-04 08:21:14.053  4078  4078 I CMSystemServer: Attempting to start service org.cyanogenmod.platform.internal.ProfileManagerService
12-04 08:21:14.084  4078  4078 I CMSystemServer: Starting service org.cyanogenmod.platform.internal.ProfileManagerService
12-04 08:21:14.084  4078  4078 I SystemServiceManager: Starting org.cyanogenmod.platform.internal.ProfileManagerService
12-04 08:21:14.084  2932  2932 E ServiceManager: add_service('profile',61) uid=1000 - ALREADY REGISTERED, OVERRIDE
12-04 08:21:14.084  2932  2932 I ServiceManager: service 'profile' died
12-04 08:21:14.142  4078  4145 D WifiService: New client listening to asynchronous messages
12-04 08:21:14.144  4078  4078 V ProfileTriggerHelper: Enabling
12-04 08:21:14.150  4078  4078 D CMProfileService: Found active: 0230226d-0d05-494a-a9bd-d222a1117655
12-04 08:21:14.156  4078  4078 D CMProfileService: Set active profile to: 0230226d-0d05-494a-a9bd-d222a1117655 - Default
12-04 08:21:14.156  4078  4078 D CMProfileService: Saving profile data...
12-04 08:21:14.158  4078  4078 D CMProfileService: Save completed.
12-04 08:21:14.162  4078  4078 I CMSystemServer: Attempting to start service org.cyanogenmod.platform.internal.PartnerInterfaceService
12-04 08:21:14.184  4078  4078 I CMSystemServer: Starting service org.cyanogenmod.platform.internal.PartnerInterfaceService
12-04 08:21:14.184  4078  4078 I SystemServiceManager: Starting org.cyanogenmod.platform.internal.PartnerInterfaceService
12-04 08:21:14.184  2932  2932 E ServiceManager: add_service('cmpartnerinterface',62) uid=1000 - ALREADY REGISTERED, OVERRIDE
12-04 08:21:14.184  2932  2932 I ServiceManager: service 'cmpartnerinterface' died
12-04 08:21:14.186  4078  4078 I CMSystemServer: Attempting to start service org.cyanogenmod.platform.internal.CMTelephonyManagerService
12-04 08:21:14.188  4078  4078 I CMSystemServer: Starting service org.cyanogenmod.platform.internal.CMTelephonyManagerService
12-04 08:21:14.188  4078  4078 I SystemServiceManager: Starting org.cyanogenmod.platform.internal.CMTelephonyManagerService
12-04 08:21:14.188  4078  4078 I CMSystemServer: Attempting to start service org.cyanogenmod.platform.internal.CMHardwareService
12-04 08:21:14.230  4078  4078 I CMSystemServer: Starting service org.cyanogenmod.platform.internal.CMHardwareService
12-04 08:21:14.230  4078  4078 I SystemServiceManager: Starting org.cyanogenmod.platform.internal.CMHardwareService
12-04 08:21:14.245  2932  2932 E ServiceManager: add_service('cmhardware',64) uid=1000 - ALREADY REGISTERED, OVERRIDE
12-04 08:21:14.245  2932  2932 I ServiceManager: service 'cmhardware' died
12-04 08:21:14.249  4078  4078 I CMSystemServer: Attempting to start service org.cyanogenmod.platform.internal.AppSuggestManagerService
12-04 08:21:14.251  4078  4078 I CMSystemServer: Starting service org.cyanogenmod.platform.internal.AppSuggestManagerService
12-04 08:21:14.251  4078  4078 I SystemServiceManager: Starting org.cyanogenmod.platform.internal.AppSuggestManagerService
12-04 08:21:14.253  4078  4078 W ServiceWatcher: com.cyanogen.app.suggest not found
12-04 08:21:14.253  4078  4078 E AppSgstMgrService: no app suggest provider found
12-04 08:21:14.255  4078  4088 I art     : Background partial concurrent mark sweep GC freed 4299(379KB) AllocSpace objects, 3(60KB) LOS objects, 25% free, 46MB/62MB, paused 1.665ms total 260.610ms
12-04 08:21:14.256  4078  4078 I CMSystemServer: Attempting to start service org.cyanogenmod.platform.internal.PerformanceManagerService
12-04 08:21:14.286  4078  4172 I ServiceThread: Enabled StrictMode logging for PerformanceManager looper.
12-04 08:21:14.286  4078  4078 I CMSystemServer: Starting service org.cyanogenmod.platform.internal.PerformanceManagerService
12-04 08:21:14.286  4078  4078 I SystemServiceManager: Starting org.cyanogenmod.platform.internal.PerformanceManagerService
12-04 08:21:14.296  4078  4173 I ServiceThread: Enabled StrictMode logging for PerformanceManager looper.
12-04 08:21:14.297  4078  4078 I CMSystemServer: Attempting to start service org.cyanogenmod.platform.internal.ThemeManagerServiceBroker
12-04 08:21:14.301  4078  4078 E BrokerableCMSystemService: Setting brokered service connection org.cyanogenmod.platform.internal.ThemeManagerServiceBroker$2@91de91c
12-04 08:21:14.301  4078  4078 I CMSystemServer: Starting service org.cyanogenmod.platform.internal.ThemeManagerServiceBroker
12-04 08:21:14.301  4078  4078 I SystemServiceManager: Starting org.cyanogenmod.platform.internal.ThemeManagerServiceBroker
12-04 08:21:14.301  4078  4078 E BrokerableCMSystemService: Setting brokered service connection org.cyanogenmod.platform.internal.ThemeManagerServiceBroker$2@66af925
12-04 08:21:14.312  4078  4078 I CMSystemServer: Attempting to start service org.cyanogenmod.platform.internal.IconCacheManagerServiceBroker
12-04 08:21:14.314  4078  4078 E BrokerableCMSystemService: Setting brokered service connection org.cyanogenmod.platform.internal.IconCacheManagerServiceBroker$2@b138afa
12-04 08:21:14.314  4078  4078 I CMSystemServer: Starting service org.cyanogenmod.platform.internal.IconCacheManagerServiceBroker
12-04 08:21:14.314  4078  4078 I SystemServiceManager: Starting org.cyanogenmod.platform.internal.IconCacheManagerServiceBroker
12-04 08:21:14.315  4078  4078 E BrokerableCMSystemService: Setting brokered service connection org.cyanogenmod.platform.internal.IconCacheManagerServiceBroker$2@30688ab
12-04 08:21:14.317  4078  4156 D AssetAtlas: Rendered atlas in 463.31ms (375.92+87.39ms)
12-04 08:21:14.318  4078  4078 I CMSystemServer: Attempting to start service org.cyanogenmod.platform.internal.LiveLockScreenServiceBroker
12-04 08:21:14.320  4078  4078 E BrokerableCMSystemService: Setting brokered service connection org.cyanogenmod.platform.internal.LiveLockScreenServiceBroker$2@6ae7b08
12-04 08:21:14.321  4078  4078 I CMSystemServer: Starting service org.cyanogenmod.platform.internal.LiveLockScreenServiceBroker
12-04 08:21:14.321  4078  4078 I SystemServiceManager: Starting org.cyanogenmod.platform.internal.LiveLockScreenServiceBroker
12-04 08:21:14.321  4078  4078 E BrokerableCMSystemService: Setting brokered service connection org.cyanogenmod.platform.internal.LiveLockScreenServiceBroker$2@1f702a1
12-04 08:21:14.321  4078  4078 I CMSystemServer: Attempting to start service org.cyanogenmod.platform.internal.WeatherManagerServiceBroker
12-04 08:21:14.323  4078  4078 I CMSystemServer: Starting service org.cyanogenmod.platform.internal.WeatherManagerServiceBroker
12-04 08:21:14.323  4078  4078 I SystemServiceManager: Starting org.cyanogenmod.platform.internal.WeatherManagerServiceBroker
12-04 08:21:14.323  4078  4078 I CMSystemServer: Attempting to start service org.cyanogenmod.platform.internal.display.LiveDisplayService
12-04 08:21:14.346  4078  4174 I ServiceThread: Enabled StrictMode logging for LiveDisplay looper.
12-04 08:21:14.347  4078  4078 I CMSystemServer: Starting service org.cyanogenmod.platform.internal.display.LiveDisplayService
12-04 08:21:14.347  4078  4078 I SystemServiceManager: Starting org.cyanogenmod.platform.internal.display.LiveDisplayService
12-04 08:21:14.353  4078  4175 I ServiceThread: Enabled StrictMode logging for LiveDisplay looper.
12-04 08:21:14.354  4078  4078 I CMSystemServer: Attempting to start service org.cyanogenmod.platform.internal.CMAudioServiceBroker
12-04 08:21:14.355  4078  4078 I CMSystemServer: Starting service org.cyanogenmod.platform.internal.CMAudioServiceBroker
12-04 08:21:14.355  4078  4078 I SystemServiceManager: Starting org.cyanogenmod.platform.internal.CMAudioServiceBroker
12-04 08:21:14.389  4078  4078 E LockSettingsStorage: Cannot read file java.io.FileNotFoundException: /data/system/gatekeeper.password.key: open failed: ENOENT (No such file or directory)
