08-26 09:10:37.112  4789  4789 E SystemServer: 	at com.android.server.SystemServer.run(SystemServer.java:291)
08-26 09:10:37.112  4789  4789 E SystemServer: 	at com.android.server.SystemServer.main(SystemServer.java:176)
08-26 09:10:37.112  4789  4789 E SystemServer: 	at java.lang.reflect.Method.invoke(Native Method)
08-26 09:10:37.112  4789  4789 E SystemServer: 	at com.android.internal.os.ZygoteInit$MethodAndArgsCaller.run(ZygoteInit.java:726)
08-26 09:10:37.112  4789  4789 E SystemServer: 	at com.android.internal.os.ZygoteInit.main(ZygoteInit.java:616)
08-26 09:10:37.113  4789  4789 I SystemServiceManager: Starting com.android.server.MountService$Lifecycle
08-26 09:10:37.126  4789  4836 D MountService: Thinking about reset, mSystemReady=false, mDaemonConnected=true
08-26 09:10:37.126  4789  4836 D MountService: Thinking about reset, mSystemReady=false, mDaemonConnected=true
08-26 09:10:37.127  4789  4836 D CryptdConnector: SND -> {1 cryptfs getfield SystemLocale}
08-26 09:10:37.127  4789  4789 I SystemServiceManager: Starting com.android.server.UiModeManagerService
08-26 09:10:37.127  2918  2993 I Ext4Crypt: ext4 crypto complete called on /data
08-26 09:10:37.127  2918  2993 I Ext4Crypt: No master key, so not ext4enc
08-26 09:10:37.129  4789  4838 D CryptdConnector: RCV <- {200 1 -1}
08-26 09:10:37.130  4789  4789 I ActivityManager: Config changes=200 {1.0 ?mcc?mnc en_US ldltr ?swdp ?wdp ?hdp ?density ?lsize ?long ?orien ?touch ?keyb/?/? ?nav/? s.2 themeResource=null}
08-26 09:10:37.132  4789  4836 W MountService: No primary storage mounted!
08-26 09:10:37.132  4789  4836 D VoldConnector: SND -> {1 asec list}
08-26 09:10:37.132  4789  4837 D VoldConnector: RCV <- {200 1 asec operation succeeded}
08-26 09:10:37.133  4789  4836 I PackageManager: No secure containers found
08-26 09:10:37.133  4789  4789 E System  : ******************************************
08-26 09:10:37.134  4789  4836 W PackageManager: Unknown permission com.google.android.googleapps.permission.GOOGLE_AUTH in package com.android.providers.calendar
08-26 09:10:37.134  4789  4836 W PackageManager: Unknown permission com.google.android.googleapps.permission.GOOGLE_AUTH.cl in package com.android.providers.calendar
08-26 09:10:37.134  4789  4789 E System  : ************ Failure starting system services
08-26 09:10:37.134  4789  4789 E System  : java.lang.NullPointerException: Attempt to invoke virtual method 'void com.android.server.wm.WindowManagerService.updateBootProgress(int, android.content.pm.ApplicationInfo, int, int, boolean)' on a null object reference
08-26 09:10:37.134  4789  4789 E System  : 	at com.android.server.am.ActivityManagerService.updateBootProgress(ActivityManagerService.java:6568)
08-26 09:10:37.134  4789  4789 E System  : 	at com.android.server.SystemServer.startOtherServices(SystemServer.java:624)
08-26 09:10:37.134  4789  4789 E System  : 	at com.android.server.SystemServer.run(SystemServer.java:291)
08-26 09:10:37.134  4789  4789 E System  : 	at com.android.server.SystemServer.main(SystemServer.java:176)
08-26 09:10:37.134  4789  4789 E System  : 	at java.lang.reflect.Method.invoke(Native Method)
08-26 09:10:37.134  4789  4789 E System  : 	at com.android.internal.os.ZygoteInit$MethodAndArgsCaller.run(ZygoteInit.java:726)
08-26 09:10:37.134  4789  4789 E System  : 	at com.android.internal.os.ZygoteInit.main(ZygoteInit.java:616)
08-26 09:10:37.134  4789  4789 D AndroidRuntime: Shutting down VM
08-26 09:10:37.134  4789  4836 W PackageManager: Not granting permission android.permission.REAL_GET_TASKS to package org.cyanogenmod.wallpapers.photophase (protectionLevel=18 flags=0x3818be45)
08-26 09:10:37.134  4789  4789 E AndroidRuntime: *** FATAL EXCEPTION IN SYSTEM PROCESS: main
08-26 09:10:37.134  4789  4789 E AndroidRuntime: java.lang.NullPointerException: Attempt to invoke virtual method 'void com.android.server.wm.WindowManagerService.updateBootProgress(int, android.content.pm.ApplicationInfo, int, int, boolean)' on a null object reference
08-26 09:10:37.134  4789  4789 E AndroidRuntime: 	at com.android.server.am.ActivityManagerService.updateBootProgress(ActivityManagerService.java:6568)
08-26 09:10:37.134  4789  4789 E AndroidRuntime: 	at com.android.server.SystemServer.startOtherServices(SystemServer.java:624)
08-26 09:10:37.134  4789  4789 E AndroidRuntime: 	at com.android.server.SystemServer.run(SystemServer.java:291)
08-26 09:10:37.134  4789  4789 E AndroidRuntime: 	at com.android.server.SystemServer.main(SystemServer.java:176)
08-26 09:10:37.134  4789  4789 E AndroidRuntime: 	at java.lang.reflect.Method.invoke(Native Method)
08-26 09:10:37.134  4789  4789 E AndroidRuntime: 	at com.android.internal.os.ZygoteInit$MethodAndArgsCaller.run(ZygoteInit.java:726)
08-26 09:10:37.134  4789  4789 E AndroidRuntime: 	at com.android.internal.os.ZygoteInit.main(ZygoteInit.java:616)
08-26 09:10:37.135  4789  4836 W PackageManager: Unknown permission com.cyanogen.ambient.permission.BIND_CALLER_INFO in package com.android.messaging
08-26 09:10:37.135  4789  4789 I Process : Sending signal. PID: 4789 SIG: 9
08-26 09:10:37.146  2995  2995 E installd: eof
08-26 09:10:37.146  2995  2995 E installd: failed to read size
08-26 09:10:37.146  2995  2995 I installd: closing connection
08-26 09:10:37.146  2930  2930 I lowmemorykiller: ActivityManager disconnected
08-26 09:10:37.146  2930  2930 I lowmemorykiller: Closing Activity Manager data connection
08-26 09:10:37.146  2931  2931 I ServiceManager: service 'telephony.registry' died
08-26 09:10:37.147  2931  2931 I ServiceManager: service 'media.camera.proxy' died
08-26 09:10:37.147  2931  2931 I ServiceManager: service 'account' died
08-26 09:10:37.147  2931  2931 I ServiceManager: service 'content' died
08-26 09:10:37.147  2931  2931 I ServiceManager: service 'vibrator' died
08-26 09:10:37.147  2931  2931 I ServiceManager: service 'input_method' died
08-26 09:10:37.147  2931  2931 I ServiceManager: service 'accessibility' died
08-26 09:10:37.147  2931  2931 I ServiceManager: service 'mount' died
08-26 09:10:37.147  2931  2931 I ServiceManager: service 'uimode' died
08-26 09:10:37.147  2931  2931 I ServiceManager: service 'scheduling_policy' died
08-26 09:10:37.147  2931  2931 I ServiceManager: service 'webviewupdate' died
08-26 09:10:37.147  2931  2931 I ServiceManager: service 'sensorservice' died
08-26 09:10:37.147  2931  2931 I ServiceManager: service 'usagestats' died
08-26 09:10:37.147  2931  2931 I ServiceManager: service 'permission' died
08-26 09:10:37.147  2931  2931 I ServiceManager: service 'processinfo' died
08-26 09:10:37.147  2931  2931 I ServiceManager: service 'user' died
08-26 09:10:37.147  2931  2931 I ServiceManager: service 'procstats' died
08-26 09:10:37.147  2931  2931 I ServiceManager: service 'package' died
08-26 09:10:37.147  2931  2931 I ServiceManager: service 'activity' died
08-26 09:10:37.147  2931  2931 I ServiceManager: service 'meminfo' died
08-26 09:10:37.147  2931  2931 I ServiceManager: service 'batterymanager' died
08-26 09:10:37.147  2931  2931 I ServiceManager: service 'gfxinfo' died
08-26 09:10:37.147  2931  2931 I ServiceManager: service 'cpuinfo' died
08-26 09:10:37.147  2931  2931 I ServiceManager: service 'dbinfo' died
08-26 09:10:37.147  2931  2931 I ServiceManager: service 'appops' died
08-26 09:10:37.147  2931  2931 I ServiceManager: service 'batterystats' died
08-26 09:10:37.147  2931  2931 I ServiceManager: service 'power' died
08-26 09:10:37.147  2931  2931 I ServiceManager: service 'display' died
08-26 09:10:37.771  4518  4518 E Zygote  : Exit zygote because system server (4789) has terminated
08-26 09:10:37.818  2931  2931 I ServiceManager: service 'media.radio' died
08-26 09:10:37.818  2931  2931 I ServiceManager: service 'media.sound_trigger_hw' died
08-26 09:10:37.818  2931  2931 I ServiceManager: service 'media.audio_flinger' died
08-26 09:10:37.818  2931  2931 I ServiceManager: service 'media.player' died
08-26 09:10:37.818  2931  2931 I ServiceManager: service 'media.resource_manager' died
08-26 09:10:37.818  2931  2931 I ServiceManager: service 'media.camera' died
08-26 09:10:37.818  2931  2931 I ServiceManager: service 'media.audio_policy' died
08-26 09:10:37.853  4841  4841 I Netd    : Netd 1.0 starting
08-26 09:10:37.853  4841  4841 I QtiConnectivityAdapter: Failed to open libconnctrl, some features may not be present.
08-26 09:10:37.853  4841  4841 D TetherController: Setting IP forward enable = 0
08-26 09:10:37.849  3064  3064 W auditd  : type=1325 audit(0.0:1089): table=filter family=2 entries=52
08-26 09:10:37.849  3064  3064 W auditd  : type=1320 audit(0.0:1089): 
08-26 09:10:37.859  3064  3064 W auditd  : type=1325 audit(0.0:1090): table=filter family=10 entries=55
08-26 09:10:37.859  3064  3064 W auditd  : type=1320 audit(0.0:1090): 
08-26 09:10:37.869  3064  3064 W auditd  : type=1325 audit(0.0:1091): table=filter family=2 entries=51
08-26 09:10:37.869  3064  3064 W auditd  : type=1320 audit(0.0:1091): 
08-26 09:10:37.879  3064  3064 W auditd  : type=1325 audit(0.0:1092): table=filter family=10 entries=54
08-26 09:10:37.879  3064  3064 W auditd  : type=1320 audit(0.0:1092): 
08-26 09:10:37.889  3064  3064 W auditd  : type=1325 audit(0.0:1093): table=filter family=2 entries=50
08-26 09:10:37.889  3064  3064 W auditd  : type=1320 audit(0.0:1093): 
08-26 09:10:37.899  3064  3064 W auditd  : type=1325 audit(0.0:1094): table=filter family=10 entries=53
08-26 09:10:37.899  3064  3064 W auditd  : type=1320 audit(0.0:1094): 
08-26 09:10:37.909  3064  3064 W auditd  : type=1325 audit(0.0:1095): table=filter family=2 entries=48
08-26 09:10:37.909  3064  3064 W auditd  : type=1320 audit(0.0:1095): 
08-26 09:10:37.919  3064  3064 W auditd  : type=1325 audit(0.0:1096): table=filter family=10 entries=51
08-26 09:10:37.919  3064  3064 W auditd  : type=1320 audit(0.0:1096): 
08-26 09:10:37.929  3064  3064 W auditd  : type=1325 audit(0.0:1097): table=filter family=2 entries=50
08-26 09:10:37.929  3064  3064 W auditd  : type=1320 audit(0.0:1097): 
08-26 09:10:37.950  2932  3425 I ServiceManager: Waiting for service Exynos.HWCService...
08-26 09:10:37.939  3064  3064 W auditd  : type=1325 audit(0.0:1098): table=filter family=10 entries=53
08-26 09:10:37.939  3064  3064 W auditd  : type=1320 audit(0.0:1098): 
08-26 09:10:37.998  4840  4840 V MediaUtils: physMem: 3759357952
08-26 09:10:37.999  4840  4840 V MediaUtils: requested limit: 2443582635
08-26 09:10:37.999  4840  4840 V MediaUtils: actual limit: 2443582635
08-26 09:10:37.999  4840  4840 V MediaUtils: original limits: 4294967295/4294967295
08-26 09:10:37.999  4840  4840 V MediaUtils: new limits: 2443582635/4294967295
08-26 09:10:38.001  4840  4840 I mediaserver: ServiceManager: 0xf640e120
08-26 09:10:38.001  4840  4840 I AudioFlinger: Using default 3000 mSec as standby time.
08-26 09:10:38.001  4840  4840 E BatteryNotifier: batterystats service unavailable!
08-26 09:10:38.001  4840  4840 E BatteryNotifier: batterystats service unavailable!
08-26 09:10:38.002  4840  4840 I CameraService: CameraService started (pid=4840)
08-26 09:10:38.002  4840  4840 I CameraService: CameraService process starting
08-26 09:10:38.002  4840  4840 E BatteryNotifier: batterystats service unavailable!
08-26 09:10:38.002  4840  4840 E BatteryNotifier: batterystats service unavailable!
08-26 09:10:38.002  4840  4840 E CameraService: Could not load camera HAL module: -2 (No such file or directory)
08-26 09:10:38.003  4840  4840 I AudioPolicyService: AudioPolicyService CSTOR in new mode
08-26 09:10:38.003  4840  4840 I APM::ConfigParsingUtils: loadAudioPolicyConfig() loaded /system/etc/audio_policy.conf
08-26 09:10:38.064  4839  4839 D AndroidRuntime: >>>>>> START com.android.internal.os.ZygoteInit uid 0 <<<<<<
08-26 09:10:38.066  4839  4839 D AndroidRuntime: CheckJNI is ON
08-26 09:10:38.066  4839  4839 I art     : option[0]=-Xzygote
08-26 09:10:38.066  4839  4839 I art     : option[1]=-Xcheck:jni
08-26 09:10:38.066  4839  4839 I art     : option[2]=-Xstacktracefile:/data/anr/traces.txt
08-26 09:10:38.066  4839  4839 I art     : option[3]=exit
08-26 09:10:38.066  4839  4839 I art     : option[4]=vfprintf
08-26 09:10:38.066  4839  4839 I art     : option[5]=sensitiveThread
08-26 09:10:38.066  4839  4839 I art     : option[6]=-verbose:gc
08-26 09:10:38.066  4839  4839 I art     : option[7]=-Xms8m
08-26 09:10:38.066  4839  4839 I art     : option[8]=-Xmx768m
08-26 09:10:38.066  4839  4839 I art     : option[9]=-XX:HeapGrowthLimit=288m
08-26 09:10:38.066  4839  4839 I art     : option[10]=-XX:HeapMinFree=2m
08-26 09:10:38.066  4839  4839 I art     : option[11]=-XX:HeapMaxFree=8m
08-26 09:10:38.066  4839  4839 I art     : option[12]=-XX:HeapTargetUtilization=0.75
08-26 09:10:38.066  4839  4839 I art     : option[13]=-Xusejit:true
08-26 09:10:38.066  4839  4839 I art     : option[14]=-agentlib:jdwp=transport=dt_android_adb,suspend=n,server=y
08-26 09:10:38.066  4839  4839 I art     : option[15]=-Xlockprofthreshold:500
08-26 09:10:38.066  4839  4839 I art     : option[16]=-Ximage-compiler-option
08-26 09:10:38.066  4839  4839 I art     : option[17]=--runtime-arg
08-26 09:10:38.066  4839  4839 I art     : option[18]=-Ximage-compiler-option
08-26 09:10:38.066  4839  4839 I art     : option[19]=-Xms64m
08-26 09:10:38.066  4839  4839 I art     : option[20]=-Ximage-compiler-option
08-26 09:10:38.066  4839  4839 I art     : option[21]=--runtime-arg
08-26 09:10:38.066  4839  4839 I art     : option[22]=-Ximage-compiler-option
08-26 09:10:38.066  4839  4839 I art     : option[23]=-Xmx64m
08-26 09:10:38.066  4839  4839 I art     : option[24]=-Ximage-compiler-option
08-26 09:10:38.066  4839  4839 I art     : option[25]=--compiler-filter=verify-at-runtime
08-26 09:10:38.066  4839  4839 I art     : option[26]=-Ximage-compiler-option
08-26 09:10:38.066  4839  4839 I art     : option[27]=--image-classes=/system/etc/preloaded-classes
08-26 09:10:38.066  4839  4839 I art     : option[28]=-Xcompiler-option
08-26 09:10:38.066  4839  4839 I art     : option[29]=--runtime-arg
08-26 09:10:38.066  4839  4839 I art     : option[30]=-Xcompiler-option
08-26 09:10:38.066  4839  4839 I art     : option[31]=-Xms64m
08-26 09:10:38.066  4839  4839 I art     : option[32]=-Xcompiler-option
08-26 09:10:38.066  4839  4839 I art     : option[33]=--runtime-arg
08-26 09:10:38.066  4839  4839 I art     : option[34]=-Xcompiler-option
08-26 09:10:38.066  4839  4839 I art     : option[35]=-Xmx512m
08-26 09:10:38.066  4839  4839 I art     : option[36]=-Xcompiler-option
08-26 09:10:38.066  4839  4839 I art     : option[37]=--compiler-filter=verify-at-runtime
08-26 09:10:38.066  4839  4839 I art     : option[38]=-Ximage-compiler-option
08-26 09:10:38.066  4839  4839 I art     : option[39]=--instruction-set-variant=generic
08-26 09:10:38.066  4839  4839 I art     : option[40]=-Xcompiler-option
08-26 09:10:38.066  4839  4839 I art     : option[41]=--instruction-set-variant=generic
08-26 09:10:38.066  4839  4839 I art     : option[42]=-Ximage-compiler-option
08-26 09:10:38.066  4839  4839 I art     : option[43]=--instruction-set-features=default
08-26 09:10:38.066  4839  4839 I art     : option[44]=-Xcompiler-option
08-26 09:10:38.066  4839  4839 I art     : option[45]=--instruction-set-features=default
08-26 09:10:38.066  4839  4839 I art     : option[46]=-Duser.locale=en-US
08-26 09:10:38.066  4839  4839 I art     : option[47]=--cpu-abilist=arm64-v8a,armeabi
08-26 09:10:38.066  4839  4839 I art     : option[48]=-Xfingerprint:samsung/cm_hero2ltexx/hero2ltexx:6.0.1/MOB30Z/9a64775957:eng/test-keys
08-26 09:10:38.097  4839  4839 D ICU     : No timezone override file found: /data/misc/zoneinfo/current/icu/icu_tzdata.dat
08-26 09:10:38.207  4839  4839 I Radio-JNI: register_android_hardware_Radio DONE
08-26 09:10:38.243  4839  4839 I SamplingProfilerIntegration: Profiling disabled.
08-26 09:10:38.244  4839  4839 D Zygote  : begin preload
08-26 09:10:38.245  4839  4839 I Zygote  : Preloading classes...
08-26 09:10:38.508  4840  4840 E audio_route: Failed to open /system/etc/mixer_paths.xml
08-26 09:10:38.514  4840  4840 I AudioFlinger: loadHwModule() Loaded primary audio interface from Samsung audio HW HAL (audio) handle 1
08-26 09:10:38.514  4840  4840 I AudioFlinger: openOutput(), module 1 Device 2, SamplingRate 44100, Format 0x000001, Channels 3, flags 2
08-26 09:10:38.514  4840  4840 I AudioFlinger: AudioStreamOut::open(), mHalFormatIsLinearPcm = 1
08-26 09:10:38.514  4840  4840 I AudioFlinger: HAL output buffer size 256 frames, normal sink buffer size 960 frames
08-26 09:10:38.516  4840  4840 I BufferProvider: found effect "Multichannel Downmix To Stereo" from The Android Open Source Project
08-26 09:10:38.516  4840  4840 E MonoPipe: Failed to fetch local time frequency when constructing a MonoPipe (res = -32).  getNextWriteTimestamp calls will be non-functional
08-26 09:10:38.516  4840  4840 I AudioFlinger: Using module 1 has the primary audio interface
08-26 09:10:38.516  4840  4953 I AudioFlinger: AudioFlinger's thread 0xf48c0000 ready to run
08-26 09:10:38.517  4840  4953 V audio_hw_primary: do_out_standby: output standby: 1
08-26 09:10:38.517  4840  4953 V audio_hw_primary: out_set_parameters: key value pairs: routing=2
08-26 09:10:38.517  4840  4953 E AudioFlinger: no wake lock to update!
08-26 09:10:38.519  4840  4840 V audio_hw_primary: adev_open_input_stream: Created resampler converting 48000 -> 16000
08-26 09:10:38.519  4840  4840 V audio_hw_primary: adev_open_input_stream: Requesting input stream with rate: 16000, channels: 0xc
08-26 09:10:38.519  4840  4954 I AudioFlinger: AudioFlinger's thread 0xf4500000 ready to run
08-26 09:10:38.520  4840  4840 I r_submix: adev_open(name=audio_hw_if)
08-26 09:10:38.520  4840  4840 I r_submix: adev_init_check()
08-26 09:10:38.520  4840  4840 I AudioFlinger: loadHwModule() Loaded r_submix audio interface from Wifi Display audio HAL (audio) handle 4
08-26 09:10:38.520  4840  4840 D r_submix: adev_open_input_stream(addr=0)
08-26 09:10:38.520  4840  4840 D r_submix: submix_audio_device_create_pipe_l(addr=0, idx=9)
08-26 09:10:38.520  4840  4840 D r_submix:   now using address 0 for route 9
08-26 09:10:38.520  4840  4956 I AudioFlinger: AudioFlinger's thread 0xf4500000 ready to run
08-26 09:10:38.520  4840  4840 D r_submix: adev_close_input_stream()
08-26 09:10:38.520  4840  4840 D r_submix: submix_audio_device_release_pipe_l(idx=9) addr=0
08-26 09:10:38.520  4840  4840 D r_submix: submix_audio_device_destroy_pipe_l(): pipe destroyed
08-26 09:10:38.521  4840  4840 E SoundTriggerHwService: couldn't load sound trigger module sound_trigger.primary (No such file or directory)
08-26 09:10:38.521  4840  4840 I RadioService: RadioService
08-26 09:10:38.521  4840  4840 I RadioService: onFirstRef
08-26 09:10:38.521  4840  4840 E RadioService: couldn't load radio module radio.primary (No such file or directory)
08-26 09:10:38.596  4839  4839 E Minikin : addFont failed to create font /system/fonts/NanumGothic.ttf
08-26 09:10:38.596  4839  4839 E Minikin : addFont failed to create font /system/fonts/DroidSansFallback.ttf
08-26 09:10:38.597  4839  4839 E Minikin : addFont failed to create font /system/fonts/MTLmr3m.ttf
08-26 09:10:38.680  4839  4839 V DngCreator_JNI: DngCreator_nativeClassInit:
08-26 09:10:38.859  3064  3064 W auditd  : type=1325 audit(0.0:1253): table=filter family=10 entries=48
08-26 09:10:38.859  3064  3064 W auditd  : type=1320 audit(0.0:1253): 
08-26 09:10:38.859  3064  3064 W auditd  : type=1325 audit(0.0:1254): table=filter family=10 entries=49
08-26 09:10:38.859  3064  3064 W auditd  : type=1320 audit(0.0:1254): 
08-26 09:10:38.869  3064  3064 W auditd  : type=1325 audit(0.0:1255): table=filter family=10 entries=50
08-26 09:10:38.869  3064  3064 W auditd  : type=1320 audit(0.0:1255): 
08-26 09:10:38.869  3064  3064 W auditd  : type=1325 audit(0.0:1256): table=filter family=2 entries=47
08-26 09:10:38.869  3064  3064 W auditd  : type=1320 audit(0.0:1256): 
08-26 09:10:38.879  3064  3064 W auditd  : type=1325 audit(0.0:1257): table=filter family=10 entries=51
08-26 09:10:38.879  3064  3064 W auditd  : type=1320 audit(0.0:1257): 
08-26 09:10:38.889  3064  3064 W auditd  : type=1325 audit(0.0:1258): table=filter family=2 entries=48
08-26 09:10:38.889  3064  3064 W auditd  : type=1320 audit(0.0:1258): 
08-26 09:10:38.889  3064  3064 W auditd  : type=1325 audit(0.0:1259): table=filter family=10 entries=52
08-26 09:10:38.889  3064  3064 W auditd  : type=1320 audit(0.0:1259): 
08-26 09:10:38.909  3064  3064 W auditd  : type=1325 audit(0.0:1260): table=filter family=2 entries=49
08-26 09:10:38.909  3064  3064 W auditd  : type=1320 audit(0.0:1260): 
08-26 09:10:38.909  3064  3064 W auditd  : type=1325 audit(0.0:1261): table=filter family=10 entries=53
08-26 09:10:38.909  3064  3064 W auditd  : type=1320 audit(0.0:1261): 
08-26 09:10:38.919  3064  3064 W auditd  : type=1325 audit(0.0:1262): table=filter family=2 entries=49
08-26 09:10:38.919  3064  3064 W auditd  : type=1320 audit(0.0:1262): 
08-26 09:10:38.950  2932  3425 I ServiceManager: Waiting for service Exynos.HWCService...
08-26 09:10:38.957  4841  4841 V NatController: runCmd(/system/bin/iptables -w -F natctrl_FORWARD) res=0
08-26 09:10:38.963  4841  4841 V NatController: runCmd(/system/bin/iptables -w -A natctrl_FORWARD -j DROP) res=0
08-26 09:10:38.969  4841  4841 V NatController: runCmd(/system/bin/iptables -w -t nat -F natctrl_nat_POSTROUTING) res=0
08-26 09:10:38.975  4841  4841 V NatController: runCmd(/system/bin/iptables -w -F natctrl_tether_counters) res=0
08-26 09:10:38.981  4841  4841 V NatController: runCmd(/system/bin/iptables -w -X natctrl_tether_counters) res=0
08-26 09:10:38.987  4841  4841 V NatController: runCmd(/system/bin/iptables -w -N natctrl_tether_counters) res=0
08-26 09:10:38.993  4841  4841 V NatController: runCmd(/system/bin/iptables -w -t mangle -A natctrl_mangle_FORWARD -p tcp --tcp-flags SYN SYN -j TCPMSS --clamp-mss-to-pmtu) res=0
08-26 09:10:39.311  4839  4839 I art     : Thread[1,tid=4839,Native,Thread*=0x7fa5f7ba00,peer=0x12c532e0,"main"] recursive attempt to load library "/system/lib64/libmedia_jni.so"
08-26 09:10:39.311  4839  4839 D MtpDeviceJNI: register_android_mtp_MtpDevice
08-26 09:10:39.312  4839  4839 I art     : Thread[1,tid=4839,Native,Thread*=0x7fa5f7ba00,peer=0x12c532e0,"main"] recursive attempt to load library "/system/lib64/libmedia_jni.so"
08-26 09:10:39.312  4839  4839 I art     : Thread[1,tid=4839,Native,Thread*=0x7fa5f7ba00,peer=0x12c532e0,"main"] recursive attempt to load library "/system/lib64/libmedia_jni.so"
08-26 09:10:39.334  4841  4841 E Netd    : cannot find interface dummy0
08-26 09:10:39.337  4841  4841 D MDnsDS  : MDnsSdListener::Hander starting up
08-26 09:10:39.337  4841  5105 D MDnsDS  : MDnsSdListener starting to monitor
08-26 09:10:39.337  4841  5105 D MDnsDS  : Going to poll with pollCount 1
08-26 09:10:39.768  4839  4839 W System  : ClassLoader referenced unknown path: /system/framework/tcmclient.jar
08-26 09:10:39.951  2932  3425 I ServiceManager: Waiting for service Exynos.HWCService...
08-26 09:10:40.078  4839  4839 I System  : Loaded time zone names for "" in 19ms (17ms in ICU)
08-26 09:10:40.110  4839  4839 I System  : Loaded time zone names for "en_US" in 32ms (11ms in ICU)
08-26 09:10:40.264  4839  4839 I Zygote  : ...preloaded 3831 classes in 2019ms.
08-26 09:10:40.264  4839  4839 I art     : VMRuntime.preloadDexCaches starting
08-26 09:10:40.294  4839  4839 I art     : VMRuntime.preloadDexCaches strings total=249042 before=10084 after=10084
08-26 09:10:40.294  4839  4839 I art     : VMRuntime.preloadDexCaches types total=20335 before=8244 after=9837
08-26 09:10:40.294  4839  4839 I art     : VMRuntime.preloadDexCaches fields total=100408 before=35771 after=47736
08-26 09:10:40.294  4839  4839 I art     : VMRuntime.preloadDexCaches methods total=172844 before=67608 after=83315
08-26 09:10:40.294  4839  4839 I art     : VMRuntime.preloadDexCaches finished
08-26 09:10:40.305  5110  5110 D idmap   : error: no read access to /vendor/overlay: No such file or directory
08-26 09:10:40.308  4839  4839 I Zygote  : Preloading resources...
08-26 09:10:40.651  4839  4839 I Zygote  : ...preloaded 342 resources in 343ms.
08-26 09:10:40.660  4839  4839 I Zygote  : ...preloaded 41 resources in 8ms.
08-26 09:10:40.666  4839  4839 D libEGL  : loaded /vendor/lib64/egl/libGLES_mali.so
08-26 09:10:40.673  4839  4839 I Zygote  : Preloading shared libraries...
08-26 09:10:40.679  4839  4839 D Zygote  : end preload
08-26 09:10:40.679  4839  4839 I art     : Starting a blocking GC Explicit
08-26 09:10:40.689  4839  4839 I art     : Explicit concurrent mark sweep GC freed 11459(462KB) AllocSpace objects, 0(0B) LOS objects, 35% free, 29MB/45MB, paused 41us total 9.856ms
08-26 09:10:40.694  4839  4839 I art     : Starting a blocking GC Explicit
08-26 09:10:40.703  4839  4839 I art     : Explicit concurrent mark sweep GC freed 2292(108KB) AllocSpace objects, 0(0B) LOS objects, 35% free, 28MB/44MB, paused 49us total 8.960ms
08-26 09:10:40.704  4839  4880 I art     : Starting a blocking GC HeapTrim
08-26 09:10:40.707  4839  4839 I art     : Starting a blocking GC Background
08-26 09:10:40.754  4839  4839 I Zygote  : System server process 5111 has been created
08-26 09:10:40.757  4839  4839 I Zygote  : Accepting command socket connections
08-26 09:10:40.771  5111  5111 I Zygote  : Process: zygote socket opened, supported ABIS: armeabi-v7a,armeabi
08-26 09:10:40.772  5111  5111 I InstallerConnection: connecting...
08-26 09:10:40.772  2995  2995 I installd: new connection
08-26 09:10:40.774  5111  5111 I InstallerConnection: disconnecting...
08-26 09:10:40.774  2995  2995 E installd: eof
08-26 09:10:40.774  2995  2995 E installd: failed to read size
08-26 09:10:40.774  2995  2995 I installd: closing connection
08-26 09:10:40.807  5111  5111 I SystemServer: Entered the Android system server!
08-26 09:10:40.845  5111  5111 I SystemServiceManager: Starting com.android.server.pm.Installer
08-26 09:10:40.846  5111  5111 I Installer: Waiting for installd to be ready.
08-26 09:10:40.846  5111  5111 I InstallerConnection: connecting...
08-26 09:10:40.846  2995  2995 I installd: new connection
08-26 09:10:40.847  5111  5111 I SystemServiceManager: Starting com.android.server.am.ActivityManagerService$Lifecycle
08-26 09:10:40.918  5111  5111 I XXXXXX  : choosing minFree values for 64 Bit
08-26 09:10:40.918  5111  5111 I XXXXXX  : choosing minFree values for 64 Bit
08-26 09:10:40.918  5111  5111 I XXXXXX  : choosing minFree values for 64 Bit
08-26 09:10:40.918  5111  5111 I XXXXXX  : choosing minFree values for 64 Bit
08-26 09:10:40.918  5111  5111 I XXXXXX  : choosing minFree values for 64 Bit
08-26 09:10:40.918  5111  5111 I XXXXXX  : choosing minFree values for 64 Bit
08-26 09:10:40.924  5111  5111 I ActivityManager: Memory class: 288
08-26 09:10:40.925  5111  5126 I ServiceThread: Enabled StrictMode logging for ActivityManager looper.
08-26 09:10:40.930  5111  5127 I ServiceThread: Enabled StrictMode logging for android.ui looper.
08-26 09:10:40.951  2932  3425 E SurfaceFlinger: HWCService::notifyPSRExit failed
08-26 09:10:40.981  2932  3036 I ServiceManager: Waiting for service Exynos.HWCService...
08-26 09:10:40.990  5111  5111 D BatteryStatsImpl: Reading daily items from /data/system/batterystats-daily.xml
08-26 09:10:41.026  5111  5111 I AppOps  : No existing app ops /data/system/appops.xml; starting empty
08-26 09:10:41.084  5111  5111 I IntentFirewall: Read new rules (A:0 B:0 S:0)
08-26 09:10:41.103  5111  5131 I ServiceThread: Enabled StrictMode logging for android.display looper.
08-26 09:10:41.108  5111  5111 D AppOps  : AppOpsService published
08-26 09:10:41.108  5111  5111 I SystemServiceManager: Starting com.android.server.power.PowerManagerService
08-26 09:10:41.109  5111  5133 I ServiceThread: Enabled StrictMode logging for PowerManagerService looper.
08-26 09:10:41.110  5111  5111 W libsuspend: Error writing 'on' to /sys/power/state: Invalid argument
08-26 09:10:41.110  5111  5111 I libsuspend: Selected wakeup count
08-26 09:10:41.113  5111  5111 I SystemServiceManager: Starting com.android.server.lights.LightsService
08-26 09:10:41.114  5111  5111 I SystemServiceManager: Starting com.android.server.display.DisplayManagerService
08-26 09:10:41.120  5111  5111 I SystemServiceManager: Starting phase 100
08-26 09:10:41.123  2932  3040 E SurfaceFlinger: getDefaultDisplay: id=2 is not a valid default display id
08-26 09:10:41.124  5111  5131 I DisplayManagerService: Display device added: DisplayDeviceInfo{"Built-in Screen": uniqueId="local:0", 1440 x 2560, modeId 1, defaultModeId 1, supportedModes [{id=1, width=1440, height=2560, fps=59.312}], colorTransformId 1, defaultColorTransformId 1, supportedColorTransforms [{id=1, colorTransform=0}], density 640, 537.8823 x 532.9836 dpi, appVsyncOff 0, presDeadline 17859994, touch INTERNAL, rotation 0, type BUILT_IN, state UNKNOWN, FLAG_DEFAULT_DISPLAY, FLAG_ROTATES_WITH_CONTENT, FLAG_SECURE, FLAG_SUPPORTS_PROTECTED_BUFFERS}
08-26 09:10:41.126  2932  2932 D SurfaceFlinger: Set power mode=2, type=0 flinger=0x7f98ec3c00
08-26 09:10:41.126  2932  2932 D SurfaceFlinger: Screen type=0 is already mode=2
08-26 09:10:41.127  5111  5111 I SystemServer: Package Manager
08-26 09:10:41.127  5111  5131 I DisplayManagerService: Display device changed state: "Built-in Screen", ON
08-26 09:10:41.306  5111  5111 D SELinuxMMAC: Using policy file /system/etc/security/mac_permissions.xml
08-26 09:10:41.981  2932  3036 I ServiceManager: Waiting for service Exynos.HWCService...
08-26 09:10:42.041  5111  5111 E art     : DexFile_getDexOptNeeded file '/system/framework/org.apache.http.legacy.jar' does not exist
08-26 09:10:42.041  5111  5111 W PackageManager: Library not found: /system/framework/org.apache.http.legacy.jar
08-26 09:10:42.041  5111  5111 E art     : DexFile_getDexOptNeeded file '/system/framework/com.android.nfc_extras.jar' does not exist
08-26 09:10:42.041  5111  5111 W PackageManager: Library not found: /system/framework/com.android.nfc_extras.jar
08-26 09:10:42.042  5111  5111 E art     : DexFile_getDexOptNeeded file '/system/framework/org.apache.http.legacy.jar' does not exist
08-26 09:10:42.042  5111  5111 W PackageManager: Library not found: /system/framework/org.apache.http.legacy.jar
08-26 09:10:42.042  5111  5111 E art     : DexFile_getDexOptNeeded file '/system/framework/com.android.nfc_extras.jar' does not exist
08-26 09:10:42.042  5111  5111 W PackageManager: Library not found: /system/framework/com.android.nfc_extras.jar
08-26 09:10:42.059  5111  5111 D PackageManager: No files in app dir /vendor/overlay
08-26 09:10:42.060  5111  5111 D PackageManager: start scanDirLI:/system/framework
08-26 09:10:42.060  5111  5111 D PackageManager: max thread:6
08-26 09:10:42.143  5111  5139 W PackageManager: Permission cyanogenmod.permission.WRITE_ALARMS from package cyanogenmod.platform in an unknown group android.permission-group.SYSTEM_CLOCK
08-26 09:10:42.143  5111  5139 W PackageManager: Permission cyanogenmod.permission.MANAGE_ALARMS from package cyanogenmod.platform in an unknown group android.permission-group.SYSTEM_CLOCK
08-26 09:10:42.143  5111  5139 W PackageManager: Permission cyanogenmod.permission.READ_ALARMS from package cyanogenmod.platform in an unknown group android.permission-group.SYSTEM_CLOCK
08-26 09:10:42.982  2932  3036 I ServiceManager: Waiting for service Exynos.HWCService...
08-26 09:10:42.994  5111  5138 W PackageManager: Permission android.permission.SET_KEYGUARD_WALLPAPER from package android in an unknown group android.permission-group.WALLPAPER
08-26 09:10:42.997  5111  5138 W PackageManager: Permission android.permission.MODIFY_PROTECTED_SMS_LIST from package android in an unknown group android.permission-group.MESSAGES
08-26 09:10:42.997  5111  5138 W PackageManager: Permission android.permission.RECEIVE_PROTECTED_SMS from package android in an unknown group android.permission-group.MESSAGES
08-26 09:10:42.997  5111  5138 W PackageManager: Permission android.permission.RESET_BATTERY_STATS from package android in an unknown group android.permission-group.SYSTEM_TOOLS
08-26 09:10:42.999  5111  5111 D PackageManager: end scanDirLI:/system/framework
08-26 09:10:43.000  5111  5111 D PackageManager: start scanDirLI:/system/priv-app
08-26 09:10:43.000  5111  5111 D PackageManager: max thread:6
08-26 09:10:43.148  5111  5142 W PackageParser: No actions in intent filter at /system/priv-app/Contacts/Contacts.apk Binary XML file line #301
08-26 09:10:43.251  5111  5143 W PackageParser: No actions in intent filter at /system/priv-app/Dialer/Dialer.apk Binary XML file line #152
08-26 09:10:43.323  5111  5139 W PackageManager: Permission android.permission.DOWNLOAD_WITHOUT_NOTIFICATION from package com.android.providers.downloads in an unknown group android.permission-group.NETWORK
08-26 09:10:43.982  2932  3036 I ServiceManager: Waiting for service Exynos.HWCService...
08-26 09:10:44.062  5111  5139 W PackageParser: Ignoring duplicate uses-permissions/uses-permissions-sdk-m: android.permission.ACCESS_WIFI_STATE in package: com.android.phone at: Binary XML file line #132
08-26 09:10:44.347  5111  5121 I art     : Background partial concurrent mark sweep GC freed 157267(8MB) AllocSpace objects, 69(4MB) LOS objects, 32% free, 33MB/49MB, paused 1.332ms total 134.291ms
08-26 09:10:44.983  2932  3036 I ServiceManager: Waiting for service Exynos.HWCService...
08-26 09:10:45.069  5111  5139 W PackageManager: Permission com.android.launcher.permission.INSTALL_SHORTCUT from package com.cyanogenmod.trebuchet in an unknown group android.permission-group.SYSTEM_TOOLS
08-26 09:10:45.069  5111  5139 W PackageManager: Permission com.android.launcher3.permission.READ_SETTINGS from package com.cyanogenmod.trebuchet in an unknown group android.permission-group.SYSTEM_TOOLS
08-26 09:10:45.069  5111  5139 W PackageManager: Permission com.android.launcher3.permission.WRITE_SETTINGS from package com.cyanogenmod.trebuchet in an unknown group android.permission-group.SYSTEM_TOOLS
08-26 09:10:45.476  5111  5111 D PackageManager: end scanDirLI:/system/priv-app
08-26 09:10:45.477  5111  5111 D PackageManager: start scanDirLI:/system/app
08-26 09:10:45.477  5111  5111 D PackageManager: max thread:6
08-26 09:10:45.524  5111  5143 W PackageParser: No actions in intent filter at /system/app/CMFileManager/CMFileManager.apk Binary XML file line #164
08-26 09:10:45.529  5111  5140 W PackageParser: No actions in intent filter at /system/app/Bluetooth/Bluetooth.apk Binary XML file line #235
08-26 09:10:45.983  2932  3036 E SurfaceFlinger: HWCService::notifyPSRExit failed
08-26 09:10:46.013  2932  3040 I ServiceManager: Waiting for service Exynos.HWCService...
08-26 09:10:46.118  5111  5143 W PackageParser: Unknown element under <application>: permission at /system/app/Gallery2/Gallery2.apk Binary XML file line #278
08-26 09:10:46.118  5111  5143 W PackageParser: Unknown element under <application>: permission at /system/app/Gallery2/Gallery2.apk Binary XML file line #281
08-26 09:10:46.521  5111  5121 I art     : Background sticky concurrent mark sweep GC freed 100383(6MB) AllocSpace objects, 60(2MB) LOS objects, 14% free, 42MB/49MB, paused 1.732ms total 149.496ms
08-26 09:10:46.969  5111  5143 W PackageManager: Failed to parse /system/app/mcRegistry: Missing base APK in /system/app/mcRegistry
08-26 09:10:47.013  2932  3040 I ServiceManager: Waiting for service Exynos.HWCService...
08-26 09:10:47.774  5111  5111 D PackageManager: end scanDirLI:/system/app
08-26 09:10:47.774  5111  5111 D PackageManager: No files in app dir /system/vendor/app
08-26 09:10:47.774  5111  5111 D PackageManager: No files in app dir /oem/app
08-26 09:10:47.774  5111  5111 D PackageManager: No files in app dir /vendor/bundled-app
08-26 09:10:47.775  5111  5111 D PackageManager: start scanDirLI:/data/app
08-26 09:10:47.775  5111  5111 D PackageManager: max thread:6
08-26 09:10:47.776  5111  5140 W PackageManager: Failed to parse /data/app/mcRegistry: Missing base APK in /data/app/mcRegistry
08-26 09:10:47.776  5111  5111 D PackageManager: end scanDirLI:/data/app
08-26 09:10:47.776  5111  5111 D PackageManager: No files in app dir /data/app-private
08-26 09:10:47.776  5111  5111 W PackageManager: Package com.android.dialer desires unavailable shared library com.qualcomm.qti.smartsearch; ignoring!
08-26 09:10:47.776  5111  5111 W PackageManager: Package com.android.gallery3d desires unavailable shared library com.google.android.media.effects; ignoring!
08-26 09:10:47.776  5111  5111 W PackageManager: Package com.android.gallery3d desires unavailable shared library com.google.android.media.effects; ignoring!
08-26 09:10:47.776  5111  5111 I PackageManager: Adjusting ABI for : cyanogenmod.platform to arm64-v8a
08-26 09:10:47.777  2995  2995 E installd: invalid apk path '/system/framework/org.cyanogenmod.platform-res.apk' (bad prefix)
08-26 09:10:47.777  5111  5111 I PackageManager: Adjusting ABI for : com.android.development to arm64-v8a
08-26 09:10:47.777  5111  5111 I PackageManager: Adjusting ABI for : com.android.keychain to arm64-v8a
08-26 09:10:47.777  5111  5111 I PackageManager: Adjusting ABI for : com.android.location.fused to arm64-v8a
08-26 09:10:47.778  5111  5111 I PackageManager: Adjusting ABI for : com.android.providers.settings to arm64-v8a
08-26 09:10:47.778  5111  5111 I PackageManager: Adjusting ABI for : com.android.inputdevices to arm64-v8a
08-26 09:10:47.778  5111  5111 I PackageManager: Adjusting ABI for : com.android.settings to arm64-v8a
08-26 09:10:47.778  5111  5111 I PackageManager: Adjusting ABI for : com.android.server.telecom to arm64-v8a
08-26 09:10:47.779  5111  5111 I PackageManager: Adjusting ABI for : org.cyanogenmod.cmsettings to arm64-v8a
08-26 09:10:47.779  5111  5111 I PackageManager: Adjusting ABI for : com.cyanogenmod.setupwizard to arm64-v8a
08-26 09:10:47.779  5111  5111 I PackageManager: Adjusting ABI for : org.cyanogenmod.providers.datausage to arm64-v8a
08-26 09:10:47.780  5111  5111 I PackageManager: Time to scan packages: 5.741 seconds
08-26 09:10:47.780  5111  5111 W PackageManager: Unknown permission com.google.android.googleapps.permission.GOOGLE_AUTH in package com.android.providers.calendar
08-26 09:10:47.780  5111  5111 W PackageManager: Unknown permission com.google.android.googleapps.permission.GOOGLE_AUTH.cl in package com.android.providers.calendar
08-26 09:10:47.781  5111  5111 W PackageManager: Not granting permission android.permission.REAL_GET_TASKS to package org.cyanogenmod.wallpapers.photophase (protectionLevel=18 flags=0x3818be45)
08-26 09:10:47.782  5111  5111 W PackageManager: Unknown permission com.cyanogen.ambient.permission.BIND_CALLER_INFO in package com.android.messaging
08-26 09:10:47.782  5111  5111 W PackageManager: Not granting permission android.permission.ACCESS_DOWNLOAD_MANAGER to package com.android.browser (protectionLevel=18 flags=0x3849be45)
08-26 09:10:47.782  5111  5111 W PackageManager: Not granting permission android.permission.SEND_DOWNLOAD_COMPLETED_INTENTS to package com.android.browser (protectionLevel=2 flags=0x3849be45)
08-26 09:10:47.783  5111  5111 W PackageManager: Unknown permission com.cyngn.stats.SEND_ANALYTICS in package com.cyanogenmod.setupwizard
08-26 09:10:47.783  5111  5111 W PackageManager: Unknown permission com.cyanogen.permission.REQUEST_KILL_SWITCH_OP in package com.cyanogenmod.setupwizard
08-26 09:10:47.784  5111  5111 W PackageManager: Unknown permission com.cyanogen.ambient.permission.BIND_INCALL_SERVICE in package com.android.contacts
08-26 09:10:47.784  5111  5111 W PackageManager: Unknown permission com.cyanogen.ambient.permission.PLUGIN_STATUS_CHANGED in package com.android.contacts
08-26 09:10:47.784  5111  5111 W PackageManager: Unknown permission com.cyanogen.ambient.permission.BIND_CALLER_INFO in package com.android.contacts
08-26 09:10:47.785  5111  5111 W PackageManager: Unknown permission com.google.android.googleapps.permission.GOOGLE_AUTH.mail in package com.android.calendar
08-26 09:10:47.786  5111  5111 W PackageManager: Unknown permission com.android.launcher.permission.READ_SETTINGS in package com.android.onetimeinitializer
08-26 09:10:47.786  5111  5111 W PackageManager: Unknown permission com.android.launcher.permission.WRITE_SETTINGS in package com.android.onetimeinitializer
08-26 09:10:47.787  5111  5111 W PackageManager: Unknown permission com.cyanogen.ambient.permission.BIND_INCALL_SERVICE in package com.android.dialer
08-26 09:10:47.787  5111  5111 W PackageManager: Unknown permission com.cyanogen.ambient.permission.PLUGIN_STATUS_CHANGED in package com.android.dialer
08-26 09:10:47.787  5111  5111 W PackageManager: Unknown permission com.cyanogen.ambient.permission.PUBLISH_DISCOVERY_NUDGE in package com.android.dialer
08-26 09:10:47.787  5111  5111 W PackageManager: Unknown permission com.cyanogen.ambient.permission.BIND_DEEPLINK_SERVICE in package com.android.dialer
08-26 09:10:47.787  5111  5111 W PackageManager: Unknown permission com.cyanogen.ambient.permission.READ_DEEPLINK_DATABASE in package com.android.dialer
08-26 09:10:47.787  5111  5111 W PackageManager: Unknown permission com.cyanogen.ambient.permission.BIND_CALLER_INFO in package com.android.dialer
08-26 09:10:47.788  5111  5111 W PackageManager: Unknown permission com.android.launcher.permission.READ_SETTINGS in package com.cyanogenmod.trebuchet
08-26 09:10:47.788  5111  5111 W PackageManager: Unknown permission com.android.launcher.permission.WRITE_SETTINGS in package com.cyanogenmod.trebuchet
08-26 09:10:47.788  5111  5111 W PackageManager: Unknown permission com.cyngn.stats.SEND_ANALYTICS in package com.cyanogenmod.trebuchet
08-26 09:10:47.788  5111  5111 W PackageManager: Unknown permission android.permission.CANCEL_NOTIFICATIONS in package org.cyanogenmod.theme.chooser
08-26 09:10:47.788  5111  5111 W PackageManager: Unknown permission com.google.android.permission.INSTALL_WEARABLE_PACKAGES in package com.android.packageinstaller
08-26 09:10:47.788  5111  5111 W PackageManager: Not granting permission android.permission.DELETE_PACKAGES to package com.svox.pico (protectionLevel=18 flags=0x3808be45)
08-26 09:10:47.789  5111  5111 W PackageManager: Unknown permission android.permission.ACCESS_SUPERUSER in package com.cyanogenmod.filemanager
08-26 09:10:47.789  5111  5111 W PackageManager: Unknown permission com.cyanogenmod.filemanager.permissions.READ_THEME in package com.cyanogenmod.filemanager
08-26 09:10:47.790  5111  5111 W PackageManager: Unknown permission com.google.android.gallery3d.permission.PICASA_STORE in package com.android.dreams.phototable
08-26 09:10:47.790  5111  5111 W PackageManager: Unknown permission com.google.android.googleapps.permission.GOOGLE_AUTH in package com.android.settings
08-26 09:10:47.790  5111  5111 W PackageManager: Unknown permission com.android.launcher.permission.READ_SETTINGS in package com.android.settings
08-26 09:10:47.790  5111  5111 W PackageManager: Unknown permission com.android.launcher.permission.WRITE_SETTINGS in package com.android.settings
08-26 09:10:47.791  5111  5111 W PackageManager: Not granting permission android.permission.REAL_GET_TASKS to package com.cyanogenmod.eleven (protectionLevel=18 flags=0x3818be65)
08-26 09:10:47.796  5111  5111 W PackageManager: Unknown permission com.google.android.gallery3d.permission.GALLERY_PROVIDER in package com.android.bluetooth
08-26 09:10:47.797  5111  5111 W PackageManager: Unknown permission com.google.android.googleapps.permission.ACCESS_GOOGLE_PASSWORD in package com.android.development
08-26 09:10:47.797  5111  5111 W PackageManager: Unknown permission com.google.android.googleapps.permission.GOOGLE_AUTH in package com.android.development
08-26 09:10:47.797  5111  5111 W PackageManager: Unknown permission com.google.android.googleapps.permission.GOOGLE_AUTH.ALL_SERVICES in package com.android.development
08-26 09:10:47.797  5111  5111 W PackageManager: Unknown permission com.google.android.googleapps.permission.GOOGLE_AUTH.YouTubeUser in package com.android.development
08-26 09:10:47.798  5111  5111 V PackageManager: Disabling com.google.android.gsf/com.google.android.gsf.update.SystemUpdateActivity
08-26 09:10:47.798  5111  5111 W PackageManager: Unable to disable com.google.android.gsf/com.google.android.gsf.update.SystemUpdateActivity
08-26 09:10:47.798  5111  5111 V PackageManager: Disabling com.google.android.gsf/com.google.android.gsf.update.SystemUpdateService$Receiver
08-26 09:10:47.798  5111  5111 W PackageManager: Unable to disable com.google.android.gsf/com.google.android.gsf.update.SystemUpdateService$Receiver
08-26 09:10:47.798  5111  5111 V PackageManager: Disabling com.google.android.gsf/com.google.android.gsf.update.SystemUpdateService$SecretCodeReceiver
08-26 09:10:47.798  5111  5111 W PackageManager: Unable to disable com.google.android.gsf/com.google.android.gsf.update.SystemUpdateService$SecretCodeReceiver
08-26 09:10:47.798  5111  5111 V PackageManager: Disabling com.google.android.gms/com.google.android.gms.update.SystemUpdateActivity
08-26 09:10:47.798  5111  5111 W PackageManager: Unable to disable com.google.android.gms/com.google.android.gms.update.SystemUpdateActivity
08-26 09:10:47.798  5111  5111 V PackageManager: Disabling com.google.android.gms/com.google.android.gms.update.SystemUpdateService$Receiver
08-26 09:10:47.798  5111  5111 W PackageManager: Unable to disable com.google.android.gms/com.google.android.gms.update.SystemUpdateService$Receiver
08-26 09:10:47.798  5111  5111 V PackageManager: Disabling com.google.android.gms/com.google.android.gms.update.SystemUpdateService$ActiveReceiver
08-26 09:10:47.798  5111  5111 W PackageManager: Unable to disable com.google.android.gms/com.google.android.gms.update.SystemUpdateService$ActiveReceiver
08-26 09:10:47.798  5111  5111 V PackageManager: Disabling com.google.android.gms/com.google.android.gms.update.SystemUpdateService$SecretCodeReceiver
08-26 09:10:47.798  5111  5111 W PackageManager: Unable to disable com.google.android.gms/com.google.android.gms.update.SystemUpdateService$SecretCodeReceiver
08-26 09:10:47.798  5111  5111 V PackageManager: Enabling com.google.android.gsf/com.google.android.gsf.update.SystemUpdateService
08-26 09:10:47.798  5111  5111 W PackageManager: Unable to enable com.google.android.gsf/com.google.android.gsf.update.SystemUpdateService
08-26 09:10:47.798  5111  5111 V PackageManager: Enabling com.google.android.gms/com.google.android.gms.update.SystemUpdateService
08-26 09:10:47.798  5111  5111 W PackageManager: Unable to enable com.google.android.gms/com.google.android.gms.update.SystemUpdateService
08-26 09:10:47.988  5111  5111 I art     : Starting a blocking GC Explicit
08-26 09:10:48.014  2932  3040 I ServiceManager: Waiting for service Exynos.HWCService...
08-26 09:10:48.015  5111  5111 I art     : Explicit concurrent mark sweep GC freed 239833(13MB) AllocSpace objects, 53(3MB) LOS objects, 33% free, 28MB/42MB, paused 104us total 26.739ms
08-26 09:10:48.016  5111  5111 I SystemServer: User Service
08-26 09:10:48.025  2930  2930 I lowmemorykiller: ActivityManager connected
08-26 09:10:48.025  5111  5111 I SystemServiceManager: Starting com.android.server.BatteryService
08-26 09:10:48.025  5111  5151 I         : System server: starting sensor init.
08-26 09:10:48.025  5111  5151 D SensorService: nuSensorService starting...
08-26 09:10:48.027  5111  5151 I Sensors : getName:gyro_sensor name = K6DS3TR.
08-26 09:10:48.027  5111  5151 I Sensors : Proximity old sensor_state 0, new sensor_state : 128 en : 1
08-26 09:10:48.036  5111  5111 I SystemServiceManager: Starting com.android.server.usage.UsageStatsService
08-26 09:10:48.049  5111  5151 I Sensors : Light old sensor_state 128, new sensor_state : 640 en : 1
08-26 09:10:48.054  5111  5151 I Sensors : Light_IR old sensor_state 640, new sensor_state : 16777856 en : 1
08-26 09:10:48.054  5111  5151 E Sensors : Light_IR_Sensor write failed. ret = -1, sensor_state = 16777856
08-26 09:10:48.055  5111  5151 I Sensors : SigMotionSensor old sensor_state 640, new sensor_state : 17024 en : 1
08-26 09:10:48.063  5111  5151 I Sensors : getName:gyro_sensor name = K6DS3TR.
08-26 09:10:48.064  5111  5151 I Sensors : StepCounterSensor old sensor_state 17024, new sensor_state : 279168 en : 1
08-26 09:10:48.064  5111  5151 E Sensors : StepCounterSensor write failed. ret = -1, sensor_state = 279168
08-26 09:10:48.064  5111  5151 I Sensors : Int.Gyro old sensor_state 17024, new sensor_state : 33571456 en : 1
08-26 09:10:48.064  5111  5151 E Sensors : Int.GyroSensor write failed. ret = -1, sensor_state = 33571456
08-26 09:10:48.064  5111  5151 I Sensors : getName:gyro_sensor name = K6DS3TR.
08-26 09:10:48.064  5111  5151 I Sensors : HrmSpO2Sensor:: part type = 12.
08-26 09:10:48.064  5111  5151 D Sensors : HrmSpO2Sensor::type:12, prox threshold:10000
08-26 09:10:48.064  5111  5151 D Sensors : HrmSpO2Sensor::handle:0 ,en:1
08-26 09:10:48.065  5111  5151 E Sensors : HrmSpO2Sensor::Error MAXIM Flicker Library...handle=0x0
08-26 09:10:48.065  5111  5151 D Sensors : HrmSpO2Sensor::HrmSpO2Sensor: Shared version Registered
08-26 09:10:48.065  5111  5151 D Sensors : HrmLedSensor enable: mEnabled 0, handle 20, en 1
08-26 09:10:48.065  5111  5151 D Sensors : HRMSensor led enabled:1, en:1
08-26 09:10:48.069  5111  5151 I Sensors : getVendor:hrm_sensor vendor = MAXIM.
08-26 09:10:48.069  5111  5151 I Sensors : HrmLedSensor: HrmLedSensor vendor = MAXIM.
08-26 09:10:48.069  5111  5151 D Sensors : HRMSensor_LED::libhr open start!! 
08-26 09:10:48.069  5111  5151 E Sensors : HRMSensor_LED::libhr open failed 
08-26 09:10:48.069  5111  5151 E Sensors : GripSensor: enable
08-26 09:10:48.100  5111  5151 I Sensors : Proximity old sensor_state 17024, new sensor_state : 16896 en : 0
08-26 09:10:48.100  5111  5151 I Sensors : Light old sensor_state 16896, new sensor_state : 16384 en : 0
