12-05 00:13:25.258  4086  4650 W MediaProvider: Missing volume for /system/media/audio/alarms/Platinum.ogg; assuming invalid
12-05 00:13:25.259  4086  4650 W MediaProvider: Missing volume for /system/media/audio/alarms/Scandium.ogg; assuming invalid
12-05 00:13:25.261  4086  4650 W MediaProvider: Missing volume for /system/media/audio/notifications/Adara.ogg; assuming invalid
12-05 00:13:25.263  4086  4650 W MediaProvider: Missing volume for /system/media/audio/notifications/Aldebaran.ogg; assuming invalid
12-05 00:13:25.264  4086  4650 W MediaProvider: Missing volume for /system/media/audio/notifications/Altair.ogg; assuming invalid
12-05 00:13:25.265  4086  4650 W MediaProvider: Missing volume for /system/media/audio/notifications/Alya.ogg; assuming invalid
12-05 00:13:25.266  4086  4650 W MediaProvider: Missing volume for /system/media/audio/notifications/Antares.ogg; assuming invalid
12-05 00:13:25.267  4086  4650 W MediaProvider: Missing volume for /system/media/audio/notifications/Antimony.ogg; assuming invalid
12-05 00:13:25.269  4086  4650 W MediaProvider: Missing volume for /system/media/audio/notifications/Arcturus.ogg; assuming invalid
12-05 00:13:25.271  2940  2940 E MetadataRetrieverClient: failed to extract an album art
12-05 00:13:25.288  4086  4650 W MediaProvider: Missing volume for /system/media/audio/notifications/Argon.ogg; assuming invalid
12-05 00:13:25.373  4724  4724 I G:DisableCameraReceiver: no back camera
12-05 00:13:25.373  4724  4724 I G:DisableCameraReceiver: disable all camera activities
12-05 00:13:25.381  3342  3612 W SettingsProvider: You shouldn't keep your settings in the secure settings. This will soon become an error.
12-05 00:13:25.382  3342  3609 W SettingsProvider: You shouldn't keep your settings in the secure settings. This will soon become an error.
12-05 00:13:25.383  3342  3354 W SettingsProvider: You shouldn't keep your settings in the secure settings. This will soon become an error.
12-05 00:13:25.395  3342  3612 I ActivityManager: Start proc 4739:org.cyanogenmod.profiles/u0a56 for broadcast org.cyanogenmod.profiles/.StartUpReceiver
12-05 00:13:25.412  4739  4739 W System  : ClassLoader referenced unknown path: /system/app/Profiles/lib/arm64
12-05 00:13:25.425  3342  3612 I ActivityManager: Start proc 4752:com.cyanogenmod.lockclock/u0a60 for broadcast com.cyanogenmod.lockclock/.ClockWidgetProvider
12-05 00:13:25.440  4752  4752 W System  : ClassLoader referenced unknown path: /system/app/LockClock/lib/arm64
12-05 00:13:25.479  3342  3528 I ActivityManager: Killing 3971:com.android.externalstorage/u0a10 (adj 15): empty #17
12-05 00:13:25.490  3342  3610 D ActivityManager: cleanUpApplicationRecord -- 3971
12-05 00:13:25.491  3932  3932 W System  : ClassLoader referenced unknown path: /system/app/Stk/lib/arm64
12-05 00:13:25.497  3889  3889 I SystemBroadcastReceiver: Boot has been completed
12-05 00:13:25.497  3889  3889 I SystemBroadcastReceiver: toggleAppIcon() : FLAG_SYSTEM = true
12-05 00:13:25.510  3342  3354 I ActivityManager: Start proc 4768:com.android.messaging/u0a69 for broadcast com.android.messaging/.receiver.BootAndPackageReplacedReceiver
12-05 00:13:25.511  3699  3775 I Choreographer: Skipped 228 frames!  The application may be doing too much work on its main thread.
12-05 00:13:25.530  4768  4768 W System  : ClassLoader referenced unknown path: /system/app/messaging/lib/arm64
12-05 00:13:25.669  4768  4768 W MessagingApp: PhoneUtils.getForLMR1(): invalid subId = -1
12-05 00:13:25.671  4768  4783 I MessagingApp: Upgrading shared prefs from -1 to 1
12-05 00:13:25.672  4768  4783 W MessagingApp: PhoneUtils.getForLMR1(): invalid subId = -1
12-05 00:13:25.697  4768  4783 W MessagingApp: PhoneUtils.getForLMR1(): invalid subId = -1
12-05 00:13:25.719  4621  4621 W ContextImpl: Calling a method in the system process without a qualified user: android.app.ContextImpl.startService:1231 android.content.ContextWrapper.startService:587 android.content.ContextWrapper.startService:587 org.cyanogenmod.providers.datausage.DataUsageAppInstallReceiver.onReceive:47 android.app.ActivityThread.handleReceiver:2759 
12-05 00:13:25.722  4768  4786 W MessagingApp: PhoneUtils.getForLMR1(): invalid subId = -1
12-05 00:13:25.728  4621  4621 W ContextImpl: Calling a method in the system process without a qualified user: android.app.ContextImpl.startService:1231 android.content.ContextWrapper.startService:587 android.content.ContextWrapper.startService:587 org.cyanogenmod.providers.datausage.DataUsageAppInstallReceiver.onReceive:47 android.app.ActivityThread.handleReceiver:2759 
12-05 00:13:25.735  4621  4621 W ContextImpl: Calling a method in the system process without a qualified user: android.app.ContextImpl.startService:1231 android.content.ContextWrapper.startService:587 android.content.ContextWrapper.startService:587 org.cyanogenmod.providers.datausage.DataUsageAppInstallReceiver.onReceive:47 android.app.ActivityThread.handleReceiver:2759 
12-05 00:13:25.743  4621  4621 W ContextImpl: Calling a method in the system process without a qualified user: android.app.ContextImpl.startService:1231 android.content.ContextWrapper.startService:587 android.content.ContextWrapper.startService:587 org.cyanogenmod.providers.datausage.DataUsageAppInstallReceiver.onReceive:47 android.app.ActivityThread.handleReceiver:2759 
12-05 00:13:25.747  4563  4563 D AlertReceiver: onReceive: a=android.intent.action.PROVIDER_CHANGED Intent { act=android.intent.action.PROVIDER_CHANGED dat=content://com.android.calendar flg=0x20000010 cmp=com.android.calendar/.alerts.AlertReceiver }
12-05 00:13:25.752  4563  4792 D AlertService: 0 Action = android.intent.action.PROVIDER_CHANGED
12-05 00:13:25.786  4768  4784 W MessagingApp: Rebuilt databases: reseting related state
12-05 00:13:25.800  4240  4277 E ELEVEN  : calling refresh!
12-05 00:13:25.849  4768  4787 W MessagingApp: PhoneUtils.getForLMR1(): invalid subId = -1
12-05 00:13:25.851  4768  4785 I MessagingAppDataModel: Fixup: Send failed - 0 Download failed - 0
12-05 00:13:25.851  3932  3944 V BlacklistProvider: Query uri=content://blacklist, match=0
12-05 00:13:25.853  4768  4785 W MessagingApp: PhoneUtils.getForLMR1(): invalid subId = -1
12-05 00:13:25.856  4768  4785 W MessagingApp: PhoneUtils.getForLMR1(): invalid subId = -1
12-05 00:13:25.862  4768  4785 W MessagingApp: PhoneUtils.getForLMR1(): invalid subId = -1
12-05 00:13:25.862  4768  4798 I MessagingAppDataModel: SyncMessagesAction: Starting batch for messages from -1 to 1480896805667 (message update limit = 80, message scan limit = 4000)
12-05 00:13:25.912  4768  4787 W MessagingApp: PhoneUtils.getForLMR1(): invalid subId = -1
12-05 00:13:25.914  4768  4787 W MessagingApp: PhoneUtils.getForLMR1(): invalid subId = -1
12-05 00:13:25.916  4768  4787 W MessagingApp: PhoneUtils.getSelfRawNumber: subInfo is null for -1
12-05 00:13:25.917  4768  4787 W MessagingApp: PhoneUtils.getForLMR1(): invalid subId = -1
12-05 00:13:25.917  4768  4787 W MessagingApp: PhoneUtils.getForLMR1(): invalid subId = -1
12-05 00:13:25.966  4768  4800 I MessagingAppDataModel: SyncMessagesAction: All messages now in sync
12-05 00:13:25.981  3342  3527 I ActivityManager: Killing 4221:com.cyanogenmod.eleven/u0a39 (adj 15): empty #17
12-05 00:13:25.993  3342  3612 D ActivityManager: cleanUpApplicationRecord -- 4221
12-05 00:13:26.298  4601  4803 I UpdateCheckService: Could not check for updates. Not connected to the network.
12-05 00:13:27.141  3699  3775 W MessageQueue: Handler (android.view.Choreographer$FrameHandler) {5f37a3c} sending message to a Handler on a dead thread
12-05 00:13:27.141  3699  3775 W MessageQueue: java.lang.IllegalStateException: Handler (android.view.Choreographer$FrameHandler) {5f37a3c} sending message to a Handler on a dead thread
12-05 00:13:27.141  3699  3775 W MessageQueue: 	at android.os.MessageQueue.enqueueMessage(MessageQueue.java:543)
12-05 00:13:27.141  3699  3775 W MessageQueue: 	at android.os.Handler.enqueueMessage(Handler.java:631)
12-05 00:13:27.141  3699  3775 W MessageQueue: 	at android.os.Handler.sendMessageAtTime(Handler.java:600)
12-05 00:13:27.141  3699  3775 W MessageQueue: 	at android.view.Choreographer$FrameDisplayEventReceiver.onVsync(Choreographer.java:838)
12-05 00:13:27.141  3699  3775 W MessageQueue: 	at android.view.DisplayEventReceiver.dispatchVsync(DisplayEventReceiver.java:141)
12-05 00:13:27.141  3699  3775 W MessageQueue: 	at android.os.MessageQueue.nativePollOnce(Native Method)
12-05 00:13:27.141  3699  3775 W MessageQueue: 	at android.os.MessageQueue.next(MessageQueue.java:323)
12-05 00:13:27.141  3699  3775 W MessageQueue: 	at android.os.Looper.loop(Looper.java:135)
12-05 00:13:27.141  3699  3775 W MessageQueue: 	at android.os.HandlerThread.run(HandlerThread.java:61)
12-05 00:13:27.468  4086  4650 W MediaScanner: forcing rescan of /system/media/audio/ringtones/Orion.oggsince ringtone setting didn't finish
12-05 00:13:27.479  4086  4650 W MediaProvider: Missing volume for /system/media/audio/ringtones; assuming invalid
12-05 00:13:27.488  4086  4650 W MediaProvider: Missing volume for /system/media/audio/notifications/Ariel.ogg; assuming invalid
12-05 00:13:27.489  4086  4650 W MediaProvider: Missing volume for /system/media/audio/notifications/Beat_Box_Android.ogg; assuming invalid
12-05 00:13:27.490  4086  4650 W MediaProvider: Missing volume for /system/media/audio/notifications/Bellatrix.ogg; assuming invalid
12-05 00:13:27.491  4086  4650 W MediaProvider: Missing volume for /system/media/audio/notifications/Beryllium.ogg; assuming invalid
12-05 00:13:27.492  4086  4650 W MediaProvider: Missing volume for /system/media/audio/notifications/Betelgeuse.ogg; assuming invalid
12-05 00:13:27.493  4086  4650 W MediaProvider: Missing volume for /system/media/audio/notifications/CaffeineSnake.ogg; assuming invalid
12-05 00:13:27.495  4086  4650 W MediaProvider: Missing volume for /system/media/audio/notifications/Canopus.ogg; assuming invalid
12-05 00:13:27.496  4086  4650 W MediaProvider: Missing volume for /system/media/audio/notifications/Capella.ogg; assuming invalid
12-05 00:13:27.497  4086  4650 W MediaProvider: Missing volume for /system/media/audio/notifications/Carme.ogg; assuming invalid
12-05 00:13:27.497  4086  4650 W MediaProvider: Missing volume for /system/media/audio/notifications/Castor.ogg; assuming invalid
12-05 00:13:27.498  4086  4650 W MediaProvider: Missing volume for /system/media/audio/notifications/Ceres.ogg; assuming invalid
12-05 00:13:27.499  4086  4650 W MediaProvider: Missing volume for /system/media/audio/notifications/CetiAlpha.ogg; assuming invalid
12-05 00:13:27.501  4086  4650 W MediaProvider: Missing volume for /system/media/audio/notifications/Cobalt.ogg; assuming invalid
12-05 00:13:27.502  4086  4650 W MediaProvider: Missing volume for /system/media/audio/notifications/Cricket.ogg; assuming invalid
12-05 00:13:27.503  4086  4650 W MediaProvider: Missing volume for /system/media/audio/notifications/CyanDoink.ogg; assuming invalid
12-05 00:13:27.504  4086  4650 W MediaProvider: Missing volume for /system/media/audio/notifications/CyanMail.ogg; assuming invalid
12-05 00:13:27.505  4086  4650 W MediaProvider: Missing volume for /system/media/audio/notifications/CyanMessage.ogg; assuming invalid
12-05 00:13:27.506  4086  4650 W MediaProvider: Missing volume for /system/media/audio/notifications/DearDeer.ogg; assuming invalid
12-05 00:13:27.507  4086  4650 W MediaProvider: Missing volume for /system/media/audio/notifications/Deneb.ogg; assuming invalid
12-05 00:13:27.507  4086  4650 W MediaProvider: Missing volume for /system/media/audio/notifications/Doink.ogg; assuming invalid
12-05 00:13:27.508  4086  4650 W MediaProvider: Missing volume for /system/media/audio/notifications/DontPanic.ogg; assuming invalid
12-05 00:13:27.509  4086  4650 W MediaProvider: Missing volume for /system/media/audio/notifications/Drip.ogg; assuming invalid
12-05 00:13:27.510  4086  4650 W MediaProvider: Missing volume for /system/media/audio/notifications/Elara.ogg; assuming invalid
12-05 00:13:27.511  4086  4650 W MediaProvider: Missing volume for /system/media/audio/notifications/Electra.ogg; assuming invalid
12-05 00:13:27.512  4086  4650 W MediaProvider: Missing volume for /system/media/audio/notifications/Europa.ogg; assuming invalid
12-05 00:13:27.513  4086  4650 W MediaProvider: Missing volume for /system/media/audio/notifications/F1_New_SMS.ogg; assuming invalid
12-05 00:13:27.514  4086  4650 W MediaProvider: Missing volume for /system/media/audio/notifications/Fluorine.ogg; assuming invalid
12-05 00:13:27.515  4086  4650 W MediaProvider: Missing volume for /system/media/audio/notifications/Fomalhaut.ogg; assuming invalid
12-05 00:13:27.516  4086  4650 W MediaProvider: Missing volume for /system/media/audio/notifications/Gallium.ogg; assuming invalid
12-05 00:13:27.517  4086  4650 W MediaProvider: Missing volume for /system/media/audio/notifications/Heaven.ogg; assuming invalid
12-05 00:13:27.518  4086  4650 W MediaProvider: Missing volume for /system/media/audio/notifications/Helium.ogg; assuming invalid
12-05 00:13:27.519  4086  4650 W MediaProvider: Missing volume for /system/media/audio/notifications/Highwire.ogg; assuming invalid
12-05 00:13:27.520  4086  4650 W MediaProvider: Missing volume for /system/media/audio/notifications/Hojus.ogg; assuming invalid
12-05 00:13:27.521  4086  4650 W MediaProvider: Missing volume for /system/media/audio/notifications/Iapetus.ogg; assuming invalid
12-05 00:13:27.522  4086  4650 W MediaProvider: Missing volume for /system/media/audio/notifications/Io.ogg; assuming invalid
12-05 00:13:27.523  4086  4650 W MediaProvider: Missing volume for /system/media/audio/notifications/Iridium.ogg; assuming invalid
12-05 00:13:27.525  4086  4650 W MediaProvider: Missing volume for /system/media/audio/notifications/Krypton.ogg; assuming invalid
12-05 00:13:27.525  4086  4650 W MediaProvider: Missing volume for /system/media/audio/notifications/KzurbSonar.ogg; assuming invalid
12-05 00:13:27.526  4086  4650 W MediaProvider: Missing volume for /system/media/audio/notifications/Laser.ogg; assuming invalid
12-05 00:13:27.527  4086  4650 W MediaProvider: Missing volume for /system/media/audio/notifications/Merope.ogg; assuming invalid
12-05 00:13:27.529  4086  4650 W MediaProvider: Missing volume for /system/media/audio/notifications/Mira.ogg; assuming invalid
12-05 00:13:27.530  4086  4650 W MediaProvider: Missing volume for /system/media/audio/notifications/Naughty.ogg; assuming invalid
12-05 00:13:27.530  4086  4650 W MediaProvider: Missing volume for /system/media/audio/notifications/OnTheHunt.ogg; assuming invalid
12-05 00:13:27.531  4086  4650 W MediaProvider: Missing volume for /system/media/audio/notifications/Palladium.ogg; assuming invalid
12-05 00:13:27.533  4086  4650 W MediaProvider: Missing volume for /system/media/audio/notifications/Plastic_Pipe.ogg; assuming invalid
12-05 00:13:27.534  4086  4650 W MediaProvider: Missing volume for /system/media/audio/notifications/Polaris.ogg; assuming invalid
12-05 00:13:27.535  4086  4650 W MediaProvider: Missing volume for /system/media/audio/notifications/Pollux.ogg; assuming invalid
12-05 00:13:27.536  4086  4650 W MediaProvider: Missing volume for /system/media/audio/notifications/Pong.ogg; assuming invalid
12-05 00:13:27.538  4086  4650 W MediaProvider: Missing volume for /system/media/audio/notifications/Procyon.ogg; assuming invalid
12-05 00:13:27.539  4086  4650 W MediaProvider: Missing volume for /system/media/audio/notifications/Proxima.ogg; assuming invalid
12-05 00:13:27.540  4086  4650 W MediaProvider: Missing volume for /system/media/audio/notifications/Radon.ogg; assuming invalid
12-05 00:13:27.541  2940  4179 E MetadataRetrieverClient: failed to extract an album art
12-05 00:13:27.542  4086  4650 W MediaProvider: Missing volume for /system/media/audio/notifications/Rang.ogg; assuming invalid
12-05 00:13:27.543  4086  4650 W MediaProvider: Missing volume for /system/media/audio/notifications/Rhea.ogg; assuming invalid
12-05 00:13:27.544  4086  4650 W MediaProvider: Missing volume for /system/media/audio/notifications/Rubidium.ogg; assuming invalid
12-05 00:13:27.545  4086  4650 W MediaProvider: Missing volume for /system/media/audio/notifications/Salacia.ogg; assuming invalid
12-05 00:13:27.546  4086  4650 W MediaProvider: Missing volume for /system/media/audio/notifications/Selenium.ogg; assuming invalid
12-05 00:13:27.547  4086  4650 W MediaProvider: Missing volume for /system/media/audio/notifications/Shaula.ogg; assuming invalid
12-05 00:13:27.549  4086  4650 W MediaProvider: Missing volume for /system/media/audio/notifications/Sirrah.ogg; assuming invalid
12-05 00:13:27.550  4086  4650 W MediaProvider: Missing volume for /system/media/audio/notifications/Spica.ogg; assuming invalid
12-05 00:13:27.551  4086  4650 W MediaProvider: Missing volume for /system/media/audio/notifications/Stone.ogg; assuming invalid
12-05 00:13:27.552  4086  4650 W MediaProvider: Missing volume for /system/media/audio/notifications/Strontium.ogg; assuming invalid
12-05 00:13:27.553  4086  4650 W MediaProvider: Missing volume for /system/media/audio/notifications/Syrma.ogg; assuming invalid
12-05 00:13:27.554  4086  4650 W MediaProvider: Missing volume for /system/media/audio/notifications/TaDa.ogg; assuming invalid
12-05 00:13:27.555  4086  4650 W MediaProvider: Missing volume for /system/media/audio/notifications/Talitha.ogg; assuming invalid
12-05 00:13:27.556  4086  4650 W MediaProvider: Missing volume for /system/media/audio/notifications/Tethys.ogg; assuming invalid
12-05 00:13:27.557  4086  4650 W MediaProvider: Missing volume for /system/media/audio/notifications/Thallium.ogg; assuming invalid
12-05 00:13:27.558  4086  4650 W MediaProvider: Missing volume for /system/media/audio/notifications/Titan.ogg; assuming invalid
12-05 00:13:27.560  4086  4650 W MediaProvider: Missing volume for /system/media/audio/notifications/Upsilon.ogg; assuming invalid
12-05 00:13:27.560  4086  4650 W MediaProvider: Missing volume for /system/media/audio/notifications/Vega.ogg; assuming invalid
12-05 00:13:27.561  4086  4650 W MediaProvider: Missing volume for /system/media/audio/notifications/Voila.ogg; assuming invalid
12-05 00:13:27.562  4086  4650 W MediaProvider: Missing volume for /system/media/audio/notifications/Xenon.ogg; assuming invalid
12-05 00:13:27.563  4086  4650 W MediaProvider: Missing volume for /system/media/audio/notifications/Zirconium.ogg; assuming invalid
12-05 00:13:27.565  4086  4650 W MediaProvider: Missing volume for /system/media/audio/notifications/moonbeam.ogg; assuming invalid
12-05 00:13:27.566  4086  4650 W MediaProvider: Missing volume for /system/media/audio/notifications/pixiedust.ogg; assuming invalid
12-05 00:13:27.567  4086  4650 W MediaProvider: Missing volume for /system/media/audio/notifications/pizzicato.ogg; assuming invalid
12-05 00:13:27.568  4086  4650 W MediaProvider: Missing volume for /system/media/audio/notifications/regulus.ogg; assuming invalid
12-05 00:13:27.568  4086  4650 W MediaProvider: Missing volume for /system/media/audio/notifications/sirius.ogg; assuming invalid
12-05 00:13:27.569  4086  4650 W MediaProvider: Missing volume for /system/media/audio/notifications/tweeters.ogg; assuming invalid
12-05 00:13:27.571  4086  4650 W MediaProvider: Missing volume for /system/media/audio/ringtones/Andromeda.ogg; assuming invalid
12-05 00:13:27.572  4086  4650 W MediaProvider: Missing volume for /system/media/audio/ringtones/Aquila.ogg; assuming invalid
12-05 00:13:27.574  4086  4650 W MediaProvider: Missing volume for /system/media/audio/ringtones/ArgoNavis.ogg; assuming invalid
12-05 00:13:27.575  4086  4650 W MediaProvider: Missing volume for /system/media/audio/ringtones/Atria.ogg; assuming invalid
12-05 00:13:27.576  4086  4650 W MediaProvider: Missing volume for /system/media/audio/ringtones/BOOTES.ogg; assuming invalid
12-05 00:13:27.576  2940  4214 E MetadataRetrieverClient: failed to extract an album art
12-05 00:13:27.577  4086  4650 W MediaProvider: Missing volume for /system/media/audio/ringtones/Backroad.ogg; assuming invalid
12-05 00:13:27.578  4086  4650 W MediaProvider: Missing volume for /system/media/audio/ringtones/BeatPlucker.ogg; assuming invalid
12-05 00:13:27.579  4086  4650 W MediaProvider: Missing volume for /system/media/audio/ringtones/BentleyDubs.ogg; assuming invalid
12-05 00:13:27.580  4086  4650 W MediaProvider: Missing volume for /system/media/audio/ringtones/Big_Easy.ogg; assuming invalid
12-05 00:13:27.581  4086  4650 W MediaProvider: Missing volume for /system/media/audio/ringtones/BirdLoop.ogg; assuming invalid
12-05 00:13:27.581  4086  4650 W MediaProvider: Missing volume for /system/media/audio/ringtones/Bollywood.ogg; assuming invalid
12-05 00:13:27.583  4086  4650 W MediaProvider: Missing volume for /system/media/audio/ringtones/Boxbeat.ogg; assuming invalid
12-05 00:13:27.583  4086  4650 W MediaProvider: Missing volume for /system/media/audio/ringtones/BussaMove.ogg; assuming invalid
12-05 00:13:27.584  4086  4650 W MediaProvider: Missing volume for /system/media/audio/ringtones/CASSIOPEIA.ogg; assuming invalid
12-05 00:13:27.585  4086  4650 W MediaProvider: Missing volume for /system/media/audio/ringtones/Cairo.ogg; assuming invalid
12-05 00:13:27.586  4086  4650 W MediaProvider: Missing volume for /system/media/audio/ringtones/Callisto.ogg; assuming invalid
12-05 00:13:27.587  4086  4650 W MediaProvider: Missing volume for /system/media/audio/ringtones/Calypso_Steel.ogg; assuming invalid
12-05 00:13:27.588  4086  4650 W MediaProvider: Missing volume for /system/media/audio/ringtones/CanisMajor.ogg; assuming invalid
12-05 00:13:27.589  4086  4650 W MediaProvider: Missing volume for /system/media/audio/ringtones/CaribbeanIce.ogg; assuming invalid
12-05 00:13:27.590  4086  4650 W MediaProvider: Missing volume for /system/media/audio/ringtones/Carina.ogg; assuming invalid
12-05 00:13:27.591  4086  4650 W MediaProvider: Missing volume for /system/media/audio/ringtones/Centaurus.ogg; assuming invalid
12-05 00:13:27.592  4086  4650 W MediaProvider: Missing volume for /system/media/audio/ringtones/Champagne_Edition.ogg; assuming invalid
12-05 00:13:27.593  4086  4650 W MediaProvider: Missing volume for /system/media/audio/ringtones/Club_Cubano.ogg; assuming invalid
12-05 00:13:27.593  4086  4650 W MediaProvider: Missing volume for /system/media/audio/ringtones/CrayonRock.ogg; assuming invalid
12-05 00:13:27.594  4086  4650 W MediaProvider: Missing volume for /system/media/audio/ringtones/CrazyDream.ogg; assuming invalid
12-05 00:13:27.595  4086  4650 W MediaProvider: Missing volume for /system/media/audio/ringtones/CurveBall.ogg; assuming invalid
12-05 00:13:27.596  4086  4650 W MediaProvider: Missing volume for /system/media/audio/ringtones/CyanTone.ogg; assuming invalid
12-05 00:13:27.597  4086  4650 W MediaProvider: Missing volume for /system/media/audio/ringtones/Cygnus.ogg; assuming invalid
12-05 00:13:27.598  4086  4650 W MediaProvider: Missing volume for /system/media/audio/ringtones/DancinFool.ogg; assuming invalid
12-05 00:13:27.599  4086  4650 W MediaProvider: Missing volume for /system/media/audio/ringtones/Dione.ogg; assuming invalid
12-05 00:13:27.600  4086  4650 W MediaProvider: Missing volume for /system/media/audio/ringtones/DonMessWivIt.ogg; assuming invalid
12-05 00:13:27.601  4086  4650 W MediaProvider: Missing volume for /system/media/audio/ringtones/Draco.ogg; assuming invalid
12-05 00:13:27.602  4086  4650 W MediaProvider: Missing volume for /system/media/audio/ringtones/DreamTheme.ogg; assuming invalid
12-05 00:13:27.603  4086  4650 W MediaProvider: Missing volume for /system/media/audio/ringtones/Eastern_Sky.ogg; assuming invalid
12-05 00:13:27.604  4086  4650 W MediaProvider: Missing volume for /system/media/audio/ringtones/Enter_the_Nexus.ogg; assuming invalid
12-05 00:13:27.604  4086  4650 W MediaProvider: Missing volume for /system/media/audio/ringtones/Eridani.ogg; assuming invalid
12-05 00:13:27.605  4086  4650 W MediaProvider: Missing volume for /system/media/audio/ringtones/EtherShake.ogg; assuming invalid
12-05 00:13:27.606  4086  4650 W MediaProvider: Missing volume for /system/media/audio/ringtones/FreeFlight.ogg; assuming invalid
12-05 00:13:27.607  4086  4650 W MediaProvider: Missing volume for /system/media/audio/ringtones/FriendlyGhost.ogg; assuming invalid
12-05 00:13:27.607  4086  4650 W MediaProvider: Missing volume for /system/media/audio/ringtones/Funk_Yall.ogg; assuming invalid
12-05 00:13:27.608  4086  4650 W MediaProvider: Missing volume for /system/media/audio/ringtones/GameOverGuitar.ogg; assuming invalid
12-05 00:13:27.609  4086  4650 W MediaProvider: Missing volume for /system/media/audio/ringtones/Ganymede.ogg; assuming invalid
12-05 00:13:27.610  4086  4650 W MediaProvider: Missing volume for /system/media/audio/ringtones/Gimme_Mo_Town.ogg; assuming invalid
12-05 00:13:27.611  4086  4650 W MediaProvider: Missing volume for /system/media/audio/ringtones/Girtab.ogg; assuming invalid
12-05 00:13:27.612  4086  4650 W MediaProvider: Missing volume for /system/media/audio/ringtones/Glacial_Groove.ogg; assuming invalid
12-05 00:13:27.613  4086  4650 W MediaProvider: Missing volume for /system/media/audio/ringtones/Growl.ogg; assuming invalid
12-05 00:13:27.614  4086  4650 W MediaProvider: Missing volume for /system/media/audio/ringtones/HalfwayHome.ogg; assuming invalid
12-05 00:13:27.615  4086  4650 W MediaProvider: Missing volume for /system/media/audio/ringtones/Highscore.ogg; assuming invalid
12-05 00:13:27.616  4086  4650 W MediaProvider: Missing volume for /system/media/audio/ringtones/Hydra.ogg; assuming invalid
12-05 00:13:27.617  4086  4650 W MediaProvider: Missing volume for /system/media/audio/ringtones/InsertCoin.ogg; assuming invalid
12-05 00:13:27.618  4086  4650 W MediaProvider: Missing volume for /system/media/audio/ringtones/Kuma.ogg; assuming invalid
12-05 00:13:27.619  4086  4650 W MediaProvider: Missing volume for /system/media/audio/ringtones/LoopyLounge.ogg; assuming invalid
12-05 00:13:27.620  4086  4650 W MediaProvider: Missing volume for /system/media/audio/ringtones/LoveFlute.ogg; assuming invalid
12-05 00:13:27.621  4086  4650 W MediaProvider: Missing volume for /system/media/audio/ringtones/Luna.ogg; assuming invalid
12-05 00:13:27.622  4086  4650 W MediaProvider: Missing volume for /system/media/audio/ringtones/Lyon.ogg; assuming invalid
12-05 00:13:27.623  4086  4650 W MediaProvider: Missing volume for /system/media/audio/ringtones/Lyra.ogg; assuming invalid
12-05 00:13:27.624  4086  4650 W MediaProvider: Missing volume for /system/media/audio/ringtones/Machina.ogg; assuming invalid
12-05 00:13:27.625  4086  4650 W MediaProvider: Missing volume for /system/media/audio/ringtones/MidEvilJaunt.ogg; assuming invalid
12-05 00:13:27.626  4086  4650 W MediaProvider: Missing volume for /system/media/audio/ringtones/Nairobi.ogg; assuming invalid
12-05 00:13:27.626  4086  4650 W MediaProvider: Missing volume for /system/media/audio/ringtones/Nassau.ogg; assuming invalid
12-05 00:13:27.627  4086  4650 W MediaProvider: Missing volume for /system/media/audio/ringtones/NewPlayer.ogg; assuming invalid
12-05 00:13:27.628  4086  4650 W MediaProvider: Missing volume for /system/media/audio/ringtones/No_Limits.ogg; assuming invalid
12-05 00:13:27.629  4086  4650 W MediaProvider: Missing volume for /system/media/audio/ringtones/Noises2.ogg; assuming invalid
12-05 00:13:27.630  4086  4650 W MediaProvider: Missing volume for /system/media/audio/ringtones/Noises3.ogg; assuming invalid
12-05 00:13:27.631  4086  4650 W MediaProvider: Missing volume for /system/media/audio/ringtones/Oberon.ogg; assuming invalid
12-05 00:13:27.631  4086  4650 W MediaProvider: Missing volume for /system/media/audio/ringtones/OrganDub.ogg; assuming invalid
12-05 00:13:27.642  4086  4650 W MediaProvider: Missing volume for /system/media/audio/ringtones/Orion.ogg; assuming invalid
12-05 00:13:27.676  4807  4807 F libc    : page record for 0x7f9d0a5010 was not found (block_size=16)
12-05 00:13:27.699  3013  3013 W auditd  : type=1325 audit(0.0:209): table=filter family=2 entries=74
12-05 00:13:27.699  3013  3013 W auditd  : type=1320 audit(0.0:209): 
12-05 00:13:27.709  3013  3013 W auditd  : type=1325 audit(0.0:210): table=filter family=10 entries=77
12-05 00:13:27.709  3013  3013 W auditd  : type=1320 audit(0.0:210): 
12-05 00:13:27.719  3013  3013 W auditd  : type=1325 audit(0.0:211): table=filter family=2 entries=75
12-05 00:13:27.719  3013  3013 W auditd  : type=1320 audit(0.0:211): 
12-05 00:13:27.719  3013  3013 W auditd  : type=1325 audit(0.0:212): table=filter family=10 entries=78
12-05 00:13:27.719  3013  3013 W auditd  : type=1320 audit(0.0:212): 
12-05 00:13:28.020  2940  4210 I FFmpegExtractor: android-source:0xf483a8c0
12-05 00:13:28.085  2940  4210 I FFMPEG  : [mp3 @ 0xf2997000] Skipping 0 bytes of junk at 431.
12-05 00:13:28.094  2940  4210 D FFmpegExtractor: suppoted codec(mp3) by official Stagefright
12-05 00:13:28.094  2940  4210 D FFmpegExtractor: ffmpeg detected media content as 'audio/mpeg' with confidence 0.08
12-05 00:13:28.167  4240  4277 E ELEVEN  : calling refresh!
12-05 00:13:28.553  4086  4650 W MediaScanner: Error opening directory '/oem/media/', skipping: No such file or directory.
12-05 00:13:28.554  4086  4650 W MediaProvider: Missing volume for /system/media/audio/ui; assuming invalid
12-05 00:13:28.566  4086  4650 W MediaProvider: Missing volume for /system/media/bootanimation.zip; assuming invalid
12-05 00:13:28.575  4086  4650 W MediaProvider: Missing volume for /system/media/audio/ringtones/Paradise_Island.ogg; assuming invalid
12-05 00:13:28.577  4086  4650 W MediaProvider: Missing volume for /system/media/audio/ringtones/Pegasus.ogg; assuming invalid
12-05 00:13:28.578  4086  4650 W MediaProvider: Missing volume for /system/media/audio/ringtones/Perseus.ogg; assuming invalid
12-05 00:13:28.579  4086  4650 W MediaProvider: Missing volume for /system/media/audio/ringtones/Phobos.ogg; assuming invalid
12-05 00:13:28.580  4086  4650 W MediaProvider: Missing volume for /system/media/audio/ringtones/Playa.ogg; assuming invalid
12-05 00:13:28.582  4086  4650 W MediaProvider: Missing volume for /system/media/audio/ringtones/Pyxis.ogg; assuming invalid
12-05 00:13:28.583  4086  4650 W MediaProvider: Missing volume for /system/media/audio/ringtones/Rasalas.ogg; assuming invalid
12-05 00:13:28.585  4086  4650 W MediaProvider: Missing volume for /system/media/audio/ringtones/Revelation.ogg; assuming invalid
12-05 00:13:28.586  4086  4650 W MediaProvider: Missing volume for /system/media/audio/ringtones/Rigel.ogg; assuming invalid
12-05 00:13:28.587  4086  4650 W MediaProvider: Missing volume for /system/media/audio/ringtones/Ring_Classic_02.ogg; assuming invalid
12-05 00:13:28.589  4086  4650 W MediaProvider: Missing volume for /system/media/audio/ringtones/Ring_Digital_02.ogg; assuming invalid
12-05 00:13:28.590  4086  4650 W MediaProvider: Missing volume for /system/media/audio/ringtones/Ring_Synth_02.ogg; assuming invalid
12-05 00:13:28.591  4086  4650 W MediaProvider: Missing volume for /system/media/audio/ringtones/Ring_Synth_04.ogg; assuming invalid
12-05 00:13:28.592  4086  4650 W MediaProvider: Missing volume for /system/media/audio/ringtones/Road_Trip.ogg; assuming invalid
12-05 00:13:28.594  4086  4650 W MediaProvider: Missing volume for /system/media/audio/ringtones/Rockin.ogg; assuming invalid
12-05 00:13:28.595  4086  4650 W MediaProvider: Missing volume for /system/media/audio/ringtones/RomancingTheTone.ogg; assuming invalid
12-05 00:13:28.596  4086  4650 W MediaProvider: Missing volume for /system/media/audio/ringtones/Safari.ogg; assuming invalid
12-05 00:13:28.597  4086  4650 W MediaProvider: Missing volume for /system/media/audio/ringtones/Savannah.ogg; assuming invalid
12-05 00:13:28.599  4086  4650 W MediaProvider: Missing volume for /system/media/audio/ringtones/Scarabaeus.ogg; assuming invalid
12-05 00:13:28.600  4086  4650 W MediaProvider: Missing volume for /system/media/audio/ringtones/Sceptrum.ogg; assuming invalid
12-05 00:13:28.601  4086  4650 W MediaProvider: Missing volume for /system/media/audio/ringtones/Sedna.ogg; assuming invalid
12-05 00:13:28.603  4086  4650 W MediaProvider: Missing volume for /system/media/audio/ringtones/Seville.ogg; assuming invalid
12-05 00:13:28.604  4086  4650 W MediaProvider: Missing volume for /system/media/audio/ringtones/Sheep.mp3; assuming invalid
12-05 00:13:28.605  4086  4650 W MediaProvider: Missing volume for /system/media/audio/ringtones/Shes_All_That.ogg; assuming invalid
12-05 00:13:28.606  4086  4650 W MediaProvider: Missing volume for /system/media/audio/ringtones/SilkyWay.ogg; assuming invalid
12-05 00:13:28.607  4086  4650 W MediaProvider: Missing volume for /system/media/audio/ringtones/SitarVsSitar.ogg; assuming invalid
12-05 00:13:28.608  4086  4650 W MediaProvider: Missing volume for /system/media/audio/ringtones/Solarium.ogg; assuming invalid
12-05 00:13:28.609  4086  4650 W MediaProvider: Missing volume for /system/media/audio/ringtones/SpringyJalopy.ogg; assuming invalid
12-05 00:13:28.610  4086  4650 W MediaProvider: Missing volume for /system/media/audio/ringtones/Steppin_Out.ogg; assuming invalid
12-05 00:13:28.610  4086  4650 W MediaProvider: Missing volume for /system/media/audio/ringtones/Terminated.ogg; assuming invalid
12-05 00:13:28.612  4086  4650 W MediaProvider: Missing volume for /system/media/audio/ringtones/Testudo.ogg; assuming invalid
12-05 00:13:28.613  4086  4650 W MediaProvider: Missing volume for /system/media/audio/ringtones/Themos.ogg; assuming invalid
12-05 00:13:28.614  4086  4650 W MediaProvider: Missing volume for /system/media/audio/ringtones/Third_Eye.ogg; assuming invalid
12-05 00:13:28.614  4086  4650 W MediaProvider: Missing volume for /system/media/audio/ringtones/Thunderfoot.ogg; assuming invalid
12-05 00:13:28.615  4086  4650 W MediaProvider: Missing volume for /system/media/audio/ringtones/Titania.ogg; assuming invalid
12-05 00:13:28.617  4086  4650 W MediaProvider: Missing volume for /system/media/audio/ringtones/Triton.ogg; assuming invalid
12-05 00:13:28.617  4086  4650 W MediaProvider: Missing volume for /system/media/audio/ringtones/TwirlAway.ogg; assuming invalid
12-05 00:13:28.618  4086  4650 W MediaProvider: Missing volume for /system/media/audio/ringtones/Umbriel.ogg; assuming invalid
12-05 00:13:28.619  4086  4650 W MediaProvider: Missing volume for /system/media/audio/ringtones/UrsaMinor.ogg; assuming invalid
12-05 00:13:28.620  4086  4650 W MediaProvider: Missing volume for /system/media/audio/ringtones/VeryAlarmed.ogg; assuming invalid
12-05 00:13:28.621  4086  4650 W MediaProvider: Missing volume for /system/media/audio/ringtones/Vespa.ogg; assuming invalid
12-05 00:13:28.622  4086  4650 W MediaProvider: Missing volume for /system/media/audio/ringtones/World.ogg; assuming invalid
12-05 00:13:28.623  4086  4650 W MediaProvider: Missing volume for /system/media/audio/ringtones/Yukaay.ogg; assuming invalid
12-05 00:13:28.624  4086  4650 W MediaProvider: Missing volume for /system/media/audio/ringtones/Zeta.ogg; assuming invalid
12-05 00:13:28.626  4086  4650 W MediaProvider: Missing volume for /system/media/audio/ui/Dock.ogg; assuming invalid
12-05 00:13:28.627  4086  4650 W MediaProvider: Missing volume for /system/media/audio/ui/Effect_Tick.ogg; assuming invalid
12-05 00:13:28.628  4086  4650 W MediaProvider: Missing volume for /system/media/audio/ui/KeypressDelete.ogg; assuming invalid
12-05 00:13:28.630  4086  4650 W MediaProvider: Missing volume for /system/media/audio/ui/KeypressInvalid.ogg; assuming invalid
12-05 00:13:28.631  4086  4650 W MediaProvider: Missing volume for /system/media/audio/ui/KeypressReturn.ogg; assuming invalid
12-05 00:13:28.633  4086  4650 W MediaProvider: Missing volume for /system/media/audio/ui/KeypressSpacebar.ogg; assuming invalid
12-05 00:13:28.634  4086  4650 W MediaProvider: Missing volume for /system/media/audio/ui/KeypressStandard.ogg; assuming invalid
12-05 00:13:28.635  2940  4210 E MetadataRetrieverClient: failed to extract an album art
12-05 00:13:28.635  4086  4650 W MediaProvider: Missing volume for /system/media/audio/ui/Lock.ogg; assuming invalid
12-05 00:13:28.636  4086  4650 W MediaProvider: Missing volume for /system/media/audio/ui/LowBattery.ogg; assuming invalid
12-05 00:13:28.638  4086  4650 W MediaProvider: Missing volume for /system/media/audio/ui/Trusted.ogg; assuming invalid
12-05 00:13:28.639  4086  4650 W MediaProvider: Missing volume for /system/media/audio/ui/Undock.ogg; assuming invalid
12-05 00:13:28.640  4086  4650 W MediaProvider: Missing volume for /system/media/audio/ui/Unlock.ogg; assuming invalid
12-05 00:13:28.641  4086  4650 W MediaProvider: Missing volume for /system/media/audio/ui/VideoRecord.ogg; assuming invalid
12-05 00:13:28.642  4086  4650 W MediaProvider: Missing volume for /system/media/audio/ui/VideoStop.ogg; assuming invalid
12-05 00:13:28.643  4086  4650 W MediaProvider: Missing volume for /system/media/audio/ui/WirelessChargingStarted.ogg; assuming invalid
12-05 00:13:28.644  4086  4650 W MediaProvider: Missing volume for /system/media/audio/ui/camera_click.ogg; assuming invalid
12-05 00:13:28.645  4086  4650 W MediaProvider: Missing volume for /system/media/audio/ui/camera_focus.ogg; assuming invalid
12-05 00:13:28.707  3342  3609 I ActivityManager: Killing 3945:com.android.settings:CryptKeeper/1000 (adj 15): empty #17
12-05 00:13:28.718  3342  3613 D ActivityManager: cleanUpApplicationRecord -- 3945
12-05 00:13:29.572  4240  4277 E ELEVEN  : calling refresh!
12-05 00:13:30.752  4563  4792 I GlobalDismissManager: no sender configured
12-05 00:13:30.752  4563  4792 D AlertService: Beginning updateAlertNotification
12-05 00:13:30.756  4563  4792 D AlertService: No fired or scheduled alerts
12-05 00:13:30.759  4563  4792 D AlertService: Scheduling next alarm with AlarmScheduler. sEventReminderReceived: null
12-05 00:13:30.762  4563  4792 D AlarmScheduler: No events found starting within 1 week.
12-05 00:13:32.692  4819  4819 F libc    : page record for 0x7f958b9010 was not found (block_size=16)
12-05 00:13:35.221  4621  4621 W ContextImpl: Calling a method in the system process without a qualified user: android.app.ContextImpl.startService:1231 android.content.ContextWrapper.startService:587 android.content.ContextWrapper.startService:587 org.cyanogenmod.providers.datausage.DataUsageAppInstallReceiver.onReceive:47 android.app.ActivityThread.handleReceiver:2759 
12-05 00:13:35.222  3342  3398 I InputReader: Reconfiguring input devices.  changes=0x00000010
12-05 00:13:35.223  3342  3398 I InputReader: Reconfiguring input devices.  changes=0x00000010
12-05 00:13:35.224  3342  3398 I InputReader: Reconfiguring input devices.  changes=0x00000010
12-05 00:13:35.225  3342  3398 I InputReader: Reconfiguring input devices.  changes=0x00000010
12-05 00:13:35.226  3342  3398 I InputReader: Reconfiguring input devices.  changes=0x00000010
12-05 00:13:35.226  3342  3398 I InputReader: Reconfiguring input devices.  changes=0x00000010
12-05 00:13:35.227  3342  3398 I InputReader: Reconfiguring input devices.  changes=0x00000010
12-05 00:13:35.231  3342  3355 W Searchables: No global search activity found
12-05 00:13:35.233  4621  4621 W ContextImpl: Calling a method in the system process without a qualified user: android.app.ContextImpl.startService:1231 android.content.ContextWrapper.startService:587 android.content.ContextWrapper.startService:587 org.cyanogenmod.providers.datausage.DataUsageAppInstallReceiver.onReceive:47 android.app.ActivityThread.handleReceiver:2759 
12-05 00:13:35.235  3342  3355 W Searchables: No global search activity found
12-05 00:13:35.238  3342  3355 W Searchables: No global search activity found
12-05 00:13:35.240  4621  4621 W ContextImpl: Calling a method in the system process without a qualified user: android.app.ContextImpl.startService:1231 android.content.ContextWrapper.startService:587 android.content.ContextWrapper.startService:587 org.cyanogenmod.providers.datausage.DataUsageAppInstallReceiver.onReceive:47 android.app.ActivityThread.handleReceiver:2759 
12-05 00:13:35.241  3342  3355 W Searchables: No global search activity found
12-05 00:13:35.244  3342  3355 W Searchables: No global search activity found
12-05 00:13:35.247  3342  3355 W Searchables: No global search activity found
12-05 00:13:35.249  3342  3355 W Searchables: No global search activity found
12-05 00:13:35.250  4621  4621 W ContextImpl: Calling a method in the system process without a qualified user: android.app.ContextImpl.startService:1231 android.content.ContextWrapper.startService:587 android.content.ContextWrapper.startService:587 org.cyanogenmod.providers.datausage.DataUsageAppInstallReceiver.onReceive:47 android.app.ActivityThread.handleReceiver:2759 
12-05 00:13:35.256  4621  4621 W ContextImpl: Calling a method in the system process without a qualified user: android.app.ContextImpl.startService:1231 android.content.ContextWrapper.startService:587 android.content.ContextWrapper.startService:587 org.cyanogenmod.providers.datausage.DataUsageAppInstallReceiver.onReceive:47 android.app.ActivityThread.handleReceiver:2759 
12-05 00:13:35.261  4621  4621 W ContextImpl: Calling a method in the system process without a qualified user: android.app.ContextImpl.startService:1231 android.content.ContextWrapper.startService:587 android.content.ContextWrapper.startService:587 org.cyanogenmod.providers.datausage.DataUsageAppInstallReceiver.onReceive:47 android.app.ActivityThread.handleReceiver:2759 
12-05 00:13:35.268  4621  4621 W ContextImpl: Calling a method in the system process without a qualified user: android.app.ContextImpl.startService:1231 android.content.ContextWrapper.startService:587 android.content.ContextWrapper.startService:587 org.cyanogenmod.providers.datausage.DataUsageAppInstallReceiver.onReceive:47 android.app.ActivityThread.handleReceiver:2759 
12-05 00:13:37.708  4832  4832 F libc    : page record for 0x7f81e85010 was not found (block_size=16)
12-05 00:13:38.554  2920  3405 I vold    : Trimmed 10495172608 bytes on /data in 26015ms
12-05 00:13:38.555  3342  3402 D VoldConnector: RCV <- {662 /data 10495172608 26015524559}
12-05 00:13:39.269  3342  3356 I ActivityManager: Waited long enough for: ServiceRecord{a0679e0 u0 com.android.providers.media/.MediaScannerService}
12-05 00:13:39.879  3342  3356 I ActivityManager: Waited long enough for: ServiceRecord{417c86c u0 com.android.calendar/.alerts.InitAlarmsService}
12-05 00:13:40.251  3342  3356 I ActivityManager: Waited long enough for: ServiceRecord{b7b5117 u0 com.android.email/.service.LegacyImapSyncAdapterService}
12-05 00:13:40.451  4240  4277 E ELEVEN  : calling refresh!
12-05 00:13:42.721  4835  4835 F libc    : page record for 0x7f7d73d010 was not found (block_size=16)
12-05 00:13:47.487  3616  3774 I vol.Events: writeEvent level_changed STREAM_MUSIC 7
12-05 00:13:47.527  4841  4841 F libc    : page record for 0x7f7ac25010 was not found (block_size=16)
12-05 00:13:53.031  4847  4847 F libc    : page record for 0x7fa3c27010 was not found (block_size=16)
12-05 00:13:54.886  4563  4703 D InitAlarmsService: Clearing and rescheduling alarms.
12-05 00:13:54.918  3342  3353 I ActivityManager: Killing 4513:com.android.keychain/1000 (adj 15): empty #17
12-05 00:13:54.948  3342  3353 I ActivityManager: Killing 3699:org.cyanogenmod.themes.provider/u0a21 (adj 15): empty #18
12-05 00:13:54.993  3342  3353 I ActivityManager: Killing 4385:com.android.cellbroadcastreceiver/u0a6 (adj 15): empty #19
12-05 00:13:55.016  3342  3353 I ActivityManager: Killing 4057:org.cyanogenmod.weather.provider/u0a27 (adj 15): empty #20
12-05 00:13:55.039  3342  3609 D ActivityManager: cleanUpApplicationRecord -- 4385
12-05 00:13:55.041  3342  3611 D ActivityManager: cleanUpApplicationRecord -- 4057
12-05 00:13:55.042  3342  3354 D ActivityManager: cleanUpApplicationRecord -- 4513
12-05 00:13:55.046  3342  3527 I ActivityManager: Killing 4528:com.android.dialer/u0a19 (adj 15): empty #17
12-05 00:13:55.069  3342  3613 D ActivityManager: cleanUpApplicationRecord -- 3699
12-05 00:13:55.070  3342  3612 D ActivityManager: cleanUpApplicationRecord -- 4528
12-05 00:13:58.072  4853  4853 F libc    : page record for 0x7f887e5010 was not found (block_size=16)
12-05 00:14:03.111  4856  4856 F libc    : page record for 0x7fb3bbd010 was not found (block_size=16)
12-05 00:14:08.151  4859  4859 F libc    : page record for 0x7f803ff010 was not found (block_size=16)
12-05 00:14:13.190  4862  4862 F libc    : page record for 0x7f7d449010 was not found (block_size=16)
12-05 00:14:17.600  3342  3342 I ActivityManager: Killing 4635:com.android.managedprovisioning/u0a12 (adj 15): empty #17
12-05 00:14:17.626  3342  3528 D ActivityManager: cleanUpApplicationRecord -- 4635
12-05 00:14:17.979  3013  3013 W auditd  : type=1325 audit(0.0:213): table=filter family=2 entries=76
12-05 00:14:17.979  3013  3013 W auditd  : type=1320 audit(0.0:213): 
12-05 00:14:17.999  3013  3013 W auditd  : type=1325 audit(0.0:214): table=filter family=10 entries=79
12-05 00:14:17.999  3013  3013 W auditd  : type=1320 audit(0.0:214): 
12-05 00:14:18.012  3342  3342 I ActivityManager: Start proc 4895:com.android.dialer/u0a19 for service com.android.dialer/.incall.InCallMetricsJob
12-05 00:14:18.019  3013  3013 W auditd  : type=1325 audit(0.0:215): table=filter family=2 entries=75
12-05 00:14:18.019  3013  3013 W auditd  : type=1320 audit(0.0:215): 
12-05 00:14:18.029  3013  3013 W auditd  : type=1325 audit(0.0:216): table=filter family=10 entries=78
12-05 00:14:18.029  3013  3013 W auditd  : type=1320 audit(0.0:216): 
12-05 00:14:18.054  3342  3356 W ProcessCpuTracker: Skipping unknown process pid 4907
12-05 00:14:18.076  4895  4895 W System  : ClassLoader referenced unknown path: /system/priv-app/Dialer/lib/arm64
12-05 00:14:18.088  4895  4895 W MOD.CyanogenAmbientUtil: Cyanogen Ambient package is missing! Version 1050100 is required.
12-05 00:14:18.088  4895  4895 E MOD.AmbientApiClientImp: This application will not run unless you install Ambient services
12-05 00:14:18.088  4895  4895 W PhoneCommon.AmbientSingletonHolder: Connection failed: com.cyanogen.ambient.common.ConnectionResult@82c3697
12-05 00:14:18.090  4895  4895 W Ambient : AmbientApiClient is not connected. Please ensure connection before calling any APIs.
12-05 00:14:18.090  4895  4895 W Ambient : java.lang.Exception
12-05 00:14:18.090  4895  4895 W Ambient : 	at com.cyanogen.ambient.common.api.internal.AbstractAsynchronousApi.execute(AbstractAsynchronousApi.java:18)
12-05 00:14:18.090  4895  4895 W Ambient : 	at com.cyanogen.ambient.incall.internal.InCallApiImpl.getInstalledPlugins(InCallApiImpl.java:88)
12-05 00:14:18.090  4895  4895 W Ambient : 	at com.android.phone.common.incall.api.InCallQueries.updateCallPlugins(InCallQueries.java:45)
12-05 00:14:18.090  4895  4895 W Ambient : 	at com.android.phone.common.incall.DialerDataSubscription.onRefreshRequested(DialerDataSubscription.java:91)
12-05 00:14:18.090  4895  4895 W Ambient : 	at com.android.phone.common.ambient.AmbientDataSubscription.refresh(AmbientDataSubscription.java:308)
12-05 00:14:18.090  4895  4895 W Ambient : 	at com.android.phone.common.incall.DialerDataSubscription.init(DialerDataSubscription.java:86)
12-05 00:14:18.090  4895  4895 W Ambient : 	at com.android.dialer.DialerApplication.onCreate(DialerApplication.java:57)
12-05 00:14:18.090  4895  4895 W Ambient : 	at android.app.Instrumentation.callApplicationOnCreate(Instrumentation.java:1014)
12-05 00:14:18.090  4895  4895 W Ambient : 	at android.app.ActivityThread.handleBindApplication(ActivityThread.java:4751)
12-05 00:14:18.090  4895  4895 W Ambient : 	at android.app.ActivityThread.-wrap1(ActivityThread.java)
12-05 00:14:18.090  4895  4895 W Ambient : 	at android.app.ActivityThread$H.handleMessage(ActivityThread.java:1424)
12-05 00:14:18.090  4895  4895 W Ambient : 	at android.os.Handler.dispatchMessage(Handler.java:102)
12-05 00:14:18.090  4895  4895 W Ambient : 	at android.os.Looper.loop(Looper.java:148)
12-05 00:14:18.090  4895  4895 W Ambient : 	at android.app.ActivityThread.main(ActivityThread.java:5461)
12-05 00:14:18.090  4895  4895 W Ambient : 	at java.lang.reflect.Method.invoke(Native Method)
12-05 00:14:18.090  4895  4895 W Ambient : 	at com.android.internal.os.ZygoteInit$MethodAndArgsCaller.run(ZygoteInit.java:726)
12-05 00:14:18.090  4895  4895 W Ambient : 	at com.android.internal.os.ZygoteInit.main(ZygoteInit.java:616)
12-05 00:14:18.098  4895  4895 W MOD.CyanogenAmbientUtil: Cyanogen Ambient package is missing! Version 1050100 is required.
12-05 00:14:18.228  4915  4915 F libc    : page record for 0x7f7cbcf010 was not found (block_size=16)
