12-14 16:24:37.652  3031  3031 I AudioFlinger: openOutput(), module 1 Device 2, SamplingRate 48000, Format 0x000001, Channels 3, flags a
12-14 16:24:37.652  3031  3031 I AudioFlinger: AudioStreamOut::open(), mHalFormatIsLinearPcm = 1
12-14 16:24:37.652  3031  3031 I AudioFlinger: HAL output buffer size 1024 frames, normal sink buffer size 1024 frames
12-14 16:24:37.729  3031  3031 I BufferProvider: found effect "Multichannel Downmix To Stereo" from The Android Open Source Project
12-14 16:24:37.729  3031  3031 I AudioFlinger: Using module 1 has the primary audio interface
12-14 16:24:37.729  3031  3502 I AudioFlinger: AudioFlinger's thread 0xf3080000 ready to run
12-14 16:24:37.729  3031  3502 V audio_hw_primary: do_out_standby: output standby: 1
12-14 16:24:37.730  3031  3502 V audio_hw_primary: out_set_parameters: key value pairs: routing=2
12-14 16:24:37.730  3031  3502 E AudioFlinger: no wake lock to update!
12-14 16:24:37.730  3031  3031 I AudioFlinger: openOutput(), module 1 Device 2, SamplingRate 48000, Format 0x000001, Channels 3, flags 4
12-14 16:24:37.730  3031  3031 I AudioFlinger: AudioStreamOut::open(), mHalFormatIsLinearPcm = 1
12-14 16:24:37.730  3031  3031 I AudioFlinger: HAL output buffer size 256 frames, normal sink buffer size 960 frames
12-14 16:24:37.731  3031  3031 E MonoPipe: Failed to fetch local time frequency when constructing a MonoPipe (res = -32).  getNextWriteTimestamp calls will be non-functional
12-14 16:24:37.731  3031  3504 I AudioFlinger: AudioFlinger's thread 0xf2ec0000 ready to run
12-14 16:24:37.731  3031  3504 V audio_hw_primary: out_set_parameters: key value pairs: routing=2
12-14 16:24:37.731  3031  3504 V audio_hw_primary: do_out_standby: output standby: 1
12-14 16:24:37.731  3031  3504 E AudioFlinger: no wake lock to update!
12-14 16:24:37.732  3031  3031 V audio_hw_primary: adev_open_input_stream: Requesting input stream with rate: 48000, channels: 0xc
12-14 16:24:37.732  3031  3505 I AudioFlinger: AudioFlinger's thread 0xf2bc0000 ready to run
12-14 16:24:37.747  3031  3031 I bt_a2dp_hw: adev_open:  adev_open in A2dp_hw module
12-14 16:24:37.747  3031  3031 I AudioFlinger: loadHwModule() Loaded a2dp audio interface from A2DP Audio HW HAL (audio) handle 5
12-14 16:24:37.767  3412  3497 I ServiceManager: Waiting for service media.audio_policy...
12-14 16:24:37.774  3031  3031 I AudioFlinger: loadHwModule() Loaded usb audio interface from USB audio HW HAL (audio) handle 6
12-14 16:24:37.783  3031  3031 I r_submix: adev_open(name=audio_hw_if)
12-14 16:24:37.783  3031  3031 I r_submix: adev_init_check()
12-14 16:24:37.783  3031  3031 I AudioFlinger: loadHwModule() Loaded r_submix audio interface from Wifi Display audio HAL (audio) handle 7
12-14 16:24:37.783  3031  3031 D r_submix: adev_open_input_stream(addr=0)
12-14 16:24:37.783  3031  3031 D r_submix: submix_audio_device_create_pipe_l(addr=0, idx=9)
12-14 16:24:37.783  3031  3031 D r_submix:   now using address 0 for route 9
12-14 16:24:37.783  3031  3507 I AudioFlinger: AudioFlinger's thread 0xf2bc0000 ready to run
12-14 16:24:37.783  3031  3031 D r_submix: adev_close_input_stream()
12-14 16:24:37.783  3031  3031 D r_submix: submix_audio_device_release_pipe_l(idx=9) addr=0
12-14 16:24:37.784  3031  3031 D r_submix: submix_audio_device_destroy_pipe_l(): pipe destroyed
12-14 16:24:37.784  3031  3031 E SoundTriggerHwService: couldn't load sound trigger module sound_trigger.primary (No such file or directory)
12-14 16:24:37.784  3031  3031 I RadioService: RadioService
12-14 16:24:37.784  3031  3031 I RadioService: onFirstRef
12-14 16:24:37.784  3031  3031 E RadioService: couldn't load radio module radio.primary (No such file or directory)
12-14 16:24:37.785  3031  3508 D PermissionCache: checking android.permission.MODIFY_AUDIO_SETTINGS for uid=1000 => granted (154 us)
12-14 16:24:37.785  3031  3031 V audio_hw_primary: adev_set_mic_mute: set mic mute: 0
12-14 16:24:38.784  3412  3412 I SystemServiceManager: Starting com.android.server.DockObserver
12-14 16:24:38.784  3412  3412 I SystemServer: Wired Accessory Manager
12-14 16:24:38.785  3412  3412 W WiredAccessoryManager: This kernel does not have usb audio support
12-14 16:24:38.785  3412  3412 W WiredAccessoryManager: This kernel does not have HDMI audio support
12-14 16:24:38.785  3412  3412 I SystemServiceManager: Starting com.android.server.usb.UsbService$Lifecycle
12-14 16:24:38.792  3412  3412 I SystemServer: Serial Service
12-14 16:24:38.792  3412  3412 I SystemServiceManager: Starting com.android.server.twilight.TwilightService
12-14 16:24:38.793  3412  3412 I SystemServiceManager: Starting com.android.server.job.JobSchedulerService
12-14 16:24:38.807  3412  3412 I SystemServiceManager: Starting com.android.server.backup.BackupManagerService$Lifecycle
12-14 16:24:38.808  3412  3412 I SystemServiceManager: Starting com.android.server.appwidget.AppWidgetService
12-14 16:24:38.809  3412  3412 I SystemServiceManager: Starting com.android.server.voiceinteraction.VoiceInteractionManagerService
12-14 16:24:38.809  3031  3031 D PermissionCache: checking android.permission.CAPTURE_AUDIO_HOTWORD for uid=1000 => granted (104 us)
12-14 16:24:38.810  3412  3412 W SoundTriggerHelper: listModules status=0, # of modules=0
12-14 16:24:38.810  3412  3412 I SystemServer: Gesture Launcher Service
12-14 16:24:38.810  3412  3412 I SystemServiceManager: Starting com.android.server.GestureLauncherService
12-14 16:24:38.811  3412  3412 I SystemServer: DiskStats Service
12-14 16:24:38.811  3412  3412 I SystemServer: SamplingProfiler Service
12-14 16:24:38.845  3412  3412 I SystemServer: NetworkTimeUpdateService
12-14 16:24:38.845  3412  3412 I SystemServer: CommonTimeManagementService
12-14 16:24:38.846  3412  3412 I SystemServer: CertBlacklister
12-14 16:24:38.846  3412  3412 I SystemServiceManager: Starting com.android.server.dreams.DreamManagerService
12-14 16:24:38.847  3412  3412 I SystemServer: Assets Atlas Service
12-14 16:24:38.849  3412  3518 D AssetAtlas: Computing best atlas configuration...
12-14 16:24:38.849  3412  3412 I SystemServiceManager: Starting com.android.server.print.PrintManagerService
12-14 16:24:38.850  3412  3519 D AssetAtlas: Running Atlas Worker #1
12-14 16:24:38.850  3412  3520 D AssetAtlas: Running Atlas Worker #2
12-14 16:24:38.851  3412  3521 D AssetAtlas: Running Atlas Worker #3
12-14 16:24:38.852  3412  3522 D AssetAtlas: Running Atlas Worker #4
12-14 16:24:38.853  3412  3526 D AssetAtlas: Running Atlas Worker #8
12-14 16:24:38.853  3412  3524 D AssetAtlas: Running Atlas Worker #6
12-14 16:24:38.853  3412  3523 D AssetAtlas: Running Atlas Worker #5
12-14 16:24:38.853  3412  3525 D AssetAtlas: Running Atlas Worker #7
12-14 16:24:38.867  3412  3412 I SystemServiceManager: Starting com.android.server.restrictions.RestrictionsManagerService
12-14 16:24:38.868  3412  3412 I SystemServiceManager: Starting com.android.server.media.MediaSessionService
12-14 16:24:38.872  3412  3518 D AssetAtlas: Found best atlas configuration (out of 496) in 0.02s
12-14 16:24:38.873  3412  3518 D AssetAtlas: Loaded configuration: SliceMinArea (2048x2048) flags=0x2 count=267
12-14 16:24:38.893  3412  3412 I SystemServer: Media Router Service
12-14 16:24:38.894  3412  3412 I SystemServiceManager: Starting com.android.server.trust.TrustManagerService
12-14 16:24:38.895  3412  3412 I SystemServiceManager: Starting com.android.server.fingerprint.FingerprintService
12-14 16:24:38.896  3041  3041 D PermissionCache: checking android.permission.MANAGE_FINGERPRINT for uid=1000 => granted (143 us)
12-14 16:24:38.897  3041  3041 V fingerprintd: nativeOpenHal()
12-14 16:24:38.897  3041  3041 E fingerprintd: Can't open fingerprint HW Module, error: -2
12-14 16:24:38.897  3412  3412 W FingerprintService: Failed to open Fingerprint HAL!
12-14 16:24:38.897  3412  3412 V FingerprintService: Fingerprint HAL id: 0
12-14 16:24:38.897  3412  3412 I SystemServer: BackgroundDexOptService
12-14 16:24:38.898  3412  3412 I SystemServiceManager: Starting com.android.server.pm.LauncherAppsService
12-14 16:24:38.898  3412  3412 I SystemServiceManager: Starting com.android.server.media.projection.MediaProjectionManagerService
12-14 16:24:38.915  3412  3420 W JavaBinder: BinderProxy is being destroyed but the application did not call unlinkToDeath to unlink all of its death recipients beforehand.  Releasing leaked death recipient: com.android.server.fingerprint.FingerprintService
12-14 16:24:38.948  3412  3518 D AssetAtlas: Rendered atlas in 70.76ms (61.91+8.84ms)
12-14 16:24:39.062  3412  3412 I WindowManager: SAFE MODE not enabled
12-14 16:24:39.064  3412  3412 I SystemServiceManager: Starting com.android.server.MmsServiceBroker
12-14 16:24:39.065  3412  3412 I CMSystemServer: Attempting to start service org.cyanogenmod.platform.internal.CMStatusBarManagerService
12-14 16:24:39.074  3412  3412 I CMSystemServer: Starting service org.cyanogenmod.platform.internal.CMStatusBarManagerService
12-14 16:24:39.074  3412  3412 I SystemServiceManager: Starting org.cyanogenmod.platform.internal.CMStatusBarManagerService
12-14 16:24:39.074  3412  3412 D CMStatusBarManagerService: registerCMStatusBar cmstatusbar: org.cyanogenmod.platform.internal.CMStatusBarManagerService@a23449
12-14 16:24:39.075  3412  3412 I CMSystemServer: Attempting to start service org.cyanogenmod.platform.internal.ProfileManagerService
12-14 16:24:39.078  3412  3412 I CMSystemServer: Starting service org.cyanogenmod.platform.internal.ProfileManagerService
12-14 16:24:39.078  3412  3412 I SystemServiceManager: Starting org.cyanogenmod.platform.internal.ProfileManagerService
12-14 16:24:39.078  2936  2936 E ServiceManager: add_service('profile',61) uid=1000 - ALREADY REGISTERED, OVERRIDE
12-14 16:24:39.078  2936  2936 I ServiceManager: service 'profile' died
12-14 16:24:39.079  3412  3487 D WifiService: New client listening to asynchronous messages
12-14 16:24:39.080  3412  3412 V ProfileTriggerHelper: Enabling
12-14 16:24:39.082  3412  3412 D CMProfileService: Set active profile to: 0230226d-0d05-494a-a9bd-d222a1117655 - Default
12-14 16:24:39.082  3412  3412 D CMProfileService: Saving profile data...
12-14 16:24:39.082  3412  3412 D CMProfileService: Save completed.
12-14 16:24:39.083  3412  3412 I CMSystemServer: Attempting to start service org.cyanogenmod.platform.internal.PartnerInterfaceService
12-14 16:24:39.084  3412  3412 I CMSystemServer: Starting service org.cyanogenmod.platform.internal.PartnerInterfaceService
12-14 16:24:39.084  3412  3412 I SystemServiceManager: Starting org.cyanogenmod.platform.internal.PartnerInterfaceService
12-14 16:24:39.084  2936  2936 E ServiceManager: add_service('cmpartnerinterface',62) uid=1000 - ALREADY REGISTERED, OVERRIDE
12-14 16:24:39.084  2936  2936 I ServiceManager: service 'cmpartnerinterface' died
12-14 16:24:39.084  3412  3412 I CMSystemServer: Attempting to start service org.cyanogenmod.platform.internal.CMTelephonyManagerService
12-14 16:24:39.084  3412  3412 I CMSystemServer: Starting service org.cyanogenmod.platform.internal.CMTelephonyManagerService
12-14 16:24:39.084  3412  3412 I SystemServiceManager: Starting org.cyanogenmod.platform.internal.CMTelephonyManagerService
12-14 16:24:39.085  3412  3412 I CMSystemServer: Attempting to start service org.cyanogenmod.platform.internal.CMHardwareService
12-14 16:24:39.088  3412  3412 I CMSystemServer: Starting service org.cyanogenmod.platform.internal.CMHardwareService
12-14 16:24:39.088  3412  3412 I SystemServiceManager: Starting org.cyanogenmod.platform.internal.CMHardwareService
12-14 16:24:39.089  2936  2936 E ServiceManager: add_service('cmhardware',64) uid=1000 - ALREADY REGISTERED, OVERRIDE
12-14 16:24:39.089  2936  2936 I ServiceManager: service 'cmhardware' died
12-14 16:24:39.089  3412  3412 I CMSystemServer: Attempting to start service org.cyanogenmod.platform.internal.AppSuggestManagerService
12-14 16:24:39.090  3412  3412 I CMSystemServer: Starting service org.cyanogenmod.platform.internal.AppSuggestManagerService
12-14 16:24:39.090  3412  3412 I SystemServiceManager: Starting org.cyanogenmod.platform.internal.AppSuggestManagerService
12-14 16:24:39.090  3412  3412 W ServiceWatcher: com.cyanogen.app.suggest not found
12-14 16:24:39.090  3412  3412 E AppSgstMgrService: no app suggest provider found
12-14 16:24:39.090  3412  3412 I CMSystemServer: Attempting to start service org.cyanogenmod.platform.internal.PerformanceManagerService
12-14 16:24:39.098  3412  3542 I ServiceThread: Enabled StrictMode logging for PerformanceManager looper.
12-14 16:24:39.098  3412  3412 I CMSystemServer: Starting service org.cyanogenmod.platform.internal.PerformanceManagerService
12-14 16:24:39.098  3412  3412 I SystemServiceManager: Starting org.cyanogenmod.platform.internal.PerformanceManagerService
12-14 16:24:39.099  3412  3543 I ServiceThread: Enabled StrictMode logging for PerformanceManager looper.
12-14 16:24:39.099  3412  3412 I CMSystemServer: Attempting to start service org.cyanogenmod.platform.internal.ThemeManagerServiceBroker
12-14 16:24:39.100  3412  3412 E BrokerableCMSystemService: Setting brokered service connection org.cyanogenmod.platform.internal.ThemeManagerServiceBroker$2@9d8e780
12-14 16:24:39.100  3412  3412 I CMSystemServer: Starting service org.cyanogenmod.platform.internal.ThemeManagerServiceBroker
12-14 16:24:39.100  3412  3412 I SystemServiceManager: Starting org.cyanogenmod.platform.internal.ThemeManagerServiceBroker
12-14 16:24:39.100  3412  3412 E BrokerableCMSystemService: Setting brokered service connection org.cyanogenmod.platform.internal.ThemeManagerServiceBroker$2@4e3c1b9
12-14 16:24:39.100  3412  3412 I CMSystemServer: Attempting to start service org.cyanogenmod.platform.internal.IconCacheManagerServiceBroker
12-14 16:24:39.101  3412  3412 E BrokerableCMSystemService: Setting brokered service connection org.cyanogenmod.platform.internal.IconCacheManagerServiceBroker$2@81609fe
12-14 16:24:39.101  3412  3412 I CMSystemServer: Starting service org.cyanogenmod.platform.internal.IconCacheManagerServiceBroker
12-14 16:24:39.101  3412  3412 I SystemServiceManager: Starting org.cyanogenmod.platform.internal.IconCacheManagerServiceBroker
12-14 16:24:39.101  3412  3412 E BrokerableCMSystemService: Setting brokered service connection org.cyanogenmod.platform.internal.IconCacheManagerServiceBroker$2@e1d55f
12-14 16:24:39.101  3412  3412 I CMSystemServer: Attempting to start service org.cyanogenmod.platform.internal.LiveLockScreenServiceBroker
12-14 16:24:39.102  3412  3412 E BrokerableCMSystemService: Setting brokered service connection org.cyanogenmod.platform.internal.LiveLockScreenServiceBroker$2@5a4fbac
12-14 16:24:39.102  3412  3412 I CMSystemServer: Starting service org.cyanogenmod.platform.internal.LiveLockScreenServiceBroker
12-14 16:24:39.102  3412  3412 I SystemServiceManager: Starting org.cyanogenmod.platform.internal.LiveLockScreenServiceBroker
12-14 16:24:39.102  3412  3412 E BrokerableCMSystemService: Setting brokered service connection org.cyanogenmod.platform.internal.LiveLockScreenServiceBroker$2@ef5c075
12-14 16:24:39.102  3412  3412 I CMSystemServer: Attempting to start service org.cyanogenmod.platform.internal.WeatherManagerServiceBroker
12-14 16:24:39.103  3412  3412 I CMSystemServer: Starting service org.cyanogenmod.platform.internal.WeatherManagerServiceBroker
12-14 16:24:39.103  3412  3412 I SystemServiceManager: Starting org.cyanogenmod.platform.internal.WeatherManagerServiceBroker
12-14 16:24:39.103  3412  3412 I CMSystemServer: Attempting to start service org.cyanogenmod.platform.internal.display.LiveDisplayService
12-14 16:24:39.106  3412  3546 I ServiceThread: Enabled StrictMode logging for LiveDisplay looper.
12-14 16:24:39.106  3412  3412 I CMSystemServer: Starting service org.cyanogenmod.platform.internal.display.LiveDisplayService
12-14 16:24:39.106  3412  3412 I SystemServiceManager: Starting org.cyanogenmod.platform.internal.display.LiveDisplayService
12-14 16:24:39.106  3412  3547 I ServiceThread: Enabled StrictMode logging for LiveDisplay looper.
12-14 16:24:39.107  3412  3412 I CMSystemServer: Attempting to start service org.cyanogenmod.platform.internal.CMAudioServiceBroker
12-14 16:24:39.107  3412  3412 I CMSystemServer: Starting service org.cyanogenmod.platform.internal.CMAudioServiceBroker
12-14 16:24:39.107  3412  3412 I SystemServiceManager: Starting org.cyanogenmod.platform.internal.CMAudioServiceBroker
12-14 16:24:39.394  3412  3412 E SQLiteLog: (1) no such table: locksettings
12-14 16:24:39.479  3412  3412 I LockSettingsService: Migrated lock settings to new location
12-14 16:24:39.511  3412  3412 I LockSettingsService: Migrated per-user lock settings to new location
12-14 16:24:39.557  3412  3412 I LockSettingsService: Migrated biometric weak to use the fallback instead
12-14 16:24:39.571  3412  3412 I LockSettingsService: Migrated lockscreen disabled flag
12-14 16:24:39.594  3412  3412 I LockSettingsService: Migrated primary user pattern size
12-14 16:24:39.595  3412  3412 E LockSettingsStorage: Cannot read file java.io.FileNotFoundException: /data/system/gatekeeper.password.key: open failed: ENOENT (No such file or directory)
12-14 16:24:39.596  3412  3412 E LockSettingsStorage: Cannot read file java.io.FileNotFoundException: /data/system/password.key: open failed: ENOENT (No such file or directory)
12-14 16:24:39.596  3412  3412 E LockSettingsStorage: Cannot read file java.io.FileNotFoundException: /data/system/gatekeeper.pattern.key: open failed: ENOENT (No such file or directory)
12-14 16:24:39.596  3412  3412 E LockSettingsStorage: Cannot read file java.io.FileNotFoundException: /data/system/gatekeeper.gesture.key: open failed: ENOENT (No such file or directory)
12-14 16:24:39.596  3412  3412 E LockSettingsStorage: Cannot read file java.io.FileNotFoundException: /data/system/gesture.key: open failed: ENOENT (No such file or directory)
12-14 16:24:39.596  3412  3412 E LockSettingsStorage: Cannot read file java.io.FileNotFoundException: /data/system/cm_gesture.key: open failed: ENOENT (No such file or directory)
12-14 16:24:39.596  3412  3412 I SystemServiceManager: Starting phase 480
12-14 16:24:39.597  3412  3412 I SystemServiceManager: Starting phase 500
12-14 16:24:39.598  3412  3412 D BluetoothService: onBootPhase: PHASE_SYSTEM_SERVICES_READY
12-14 16:24:39.598  3412  3412 D BluetoothManagerService: Bluetooth boot completed
12-14 16:24:39.598  3412  3412 D BluetoothManagerService: Retrieving Bluetooth Adapter name and address...
12-14 16:24:39.598  3412  3412 D BluetoothManagerService: getNameAndAddress(): mBluetooth = null mBinding = false
12-14 16:24:39.598  3412  3430 D BluetoothManagerService: Message: 200
12-14 16:24:39.598  3412  3430 D BluetoothManagerService: MESSAGE_GET_NAME_AND_ADDRESS
12-14 16:24:39.598  3412  3430 D BluetoothManagerService: Binding to service to get name and address
12-14 16:24:39.599  3412  3412 I WifiService: WifiService starting up with Wi-Fi disabled
12-14 16:24:39.602  3412  3412 I WifiScanningService: Registering wifiscanner
12-14 16:24:39.603  3412  3412 I RttService: Registering rttmanager
12-14 16:24:39.604  3412  3412 I EthernetServiceImpl: Starting Ethernet service
12-14 16:24:39.605  3412  3412 D Ethernet: Registering NetworkFactory
12-14 16:24:39.606  3412  3488 D ConnectivityService: Got NetworkFactory Messenger for Ethernet
12-14 16:24:39.606  3412  3551 D Ethernet: got request NetworkRequest [ id=1, legacyType=-1, [ Capabilities: INTERNET&NOT_RESTRICTED&TRUSTED&NOT_VPN] ] with score 0
12-14 16:24:39.609  3412  3412 V BackupManagerService: No ancestral data
12-14 16:24:39.678  3412  3412 V KeyValueBackupJob: Scheduling k/v pass in 244 minutes
12-14 16:24:39.979  3412  3412 V BackupManagerService: Starting with transport com.google.android.gms/.backup.BackupTransportService
12-14 16:24:39.980  3412  3412 V BackupManagerService: Found transports: 1
12-14 16:24:39.980  3412  3412 I BackupManagerService: Binding to transport host ComponentInfo{android/com.android.internal.backup.LocalTransportService}
12-14 16:24:39.982  3412  3412 W ThemeManagerServiceBroker: Cannot stat /data/system/theme/alarms
12-14 16:24:40.023  3412  3412 W PackageManager: Unable to get pkg for processing system
12-14 16:24:40.023  3412  3412 E PackageManager: Unable to find icon pack: system
12-14 16:24:40.024  3412  3412 I DefaultPermGrantPolicy: Granting permissions to platform components for user 0
12-14 16:24:40.024  3412  3412 D VoldConnector: SND -> {4 volume remount_uid 1001 none}
12-14 16:24:40.024  2924  2991 D vold    : Remounting 1001 as mode none
12-14 16:24:40.027  3412  3433 W KeyguardServiceDelegate: onScreenTurningOn(): no keyguard service!
12-14 16:24:40.027  2924  2991 D vold    : Found matching PID 3034
12-14 16:24:40.027  2924  2991 W vold    : Skipping due to root namespace
12-14 16:24:40.028  2924  2991 D vold    : Found matching PID 3506
12-14 16:24:40.028  2924  2991 W vold    : Skipping due to root namespace
12-14 16:24:40.028  3412  3478 D VoldConnector: RCV <- {200 4 Command succeeded}
12-14 16:24:40.028  3412  3412 D VoldConnector: SND -> {5 volume remount_uid 1001 none}
12-14 16:24:40.028  2924  2991 D vold    : Remounting 1001 as mode none
12-14 16:24:40.031  2924  2991 D vold    : Found matching PID 3034
12-14 16:24:40.031  2924  2991 W vold    : Skipping due to root namespace
12-14 16:24:40.031  2924  2991 D vold    : Found matching PID 3506
12-14 16:24:40.031  2924  2991 W vold    : Skipping due to root namespace
12-14 16:24:40.031  3412  3478 D VoldConnector: RCV <- {200 5 Command succeeded}
12-14 16:24:40.031  3412  3412 D VoldConnector: SND -> {6 volume remount_uid 1000 none}
12-14 16:24:40.031  2924  2991 D vold    : Remounting 1000 as mode none
12-14 16:24:40.033  2924  2991 D vold    : Found matching PID 2936
12-14 16:24:40.033  2924  2991 W vold    : Skipping due to root namespace
12-14 16:24:40.033  2924  2991 D vold    : Found matching PID 2937
12-14 16:24:40.033  2924  2991 W vold    : Skipping due to root namespace
12-14 16:24:40.033  2924  2991 D vold    : Found matching PID 3039
12-14 16:24:40.033  2924  2991 W vold    : Skipping due to root namespace
12-14 16:24:40.033  2924  2991 D vold    : Found matching PID 3041
12-14 16:24:40.033  2924  2991 W vold    : Skipping due to root namespace
12-14 16:24:40.034  2924  2991 D vold    : Found matching PID 3412
12-14 16:24:40.035  3412  3478 D VoldConnector: RCV <- {200 6 Command succeeded}
12-14 16:24:40.035  3412  3412 D VoldConnector: SND -> {7 volume remount_uid 1000 none}
12-14 16:24:40.035  2924  2991 D vold    : Remounting 1000 as mode none
12-14 16:24:40.037  2924  2991 D vold    : Found matching PID 2936
12-14 16:24:40.037  2924  2991 W vold    : Skipping due to root namespace
12-14 16:24:40.037  2924  2991 D vold    : Found matching PID 2937
12-14 16:24:40.037  2924  2991 W vold    : Skipping due to root namespace
12-14 16:24:40.037  2924  2991 D vold    : Found matching PID 3039
12-14 16:24:40.038  2924  2991 W vold    : Skipping due to root namespace
12-14 16:24:40.038  2924  2991 D vold    : Found matching PID 3041
12-14 16:24:40.038  2924  2991 W vold    : Skipping due to root namespace
12-14 16:24:40.038  2924  2991 D vold    : Found matching PID 3412
12-14 16:24:40.039  3412  3478 D VoldConnector: RCV <- {200 7 Command succeeded}
12-14 16:24:40.040  3412  3412 D VoldConnector: SND -> {8 volume remount_uid 2000 none}
12-14 16:24:40.040  2924  2991 D vold    : Remounting 2000 as mode none
12-14 16:24:40.043  3412  3478 D VoldConnector: RCV <- {200 8 Command succeeded}
12-14 16:24:40.043  3412  3412 D VoldConnector: SND -> {9 volume remount_uid 2000 none}
12-14 16:24:40.043  2924  2991 D vold    : Remounting 2000 as mode none
12-14 16:24:40.045  3412  3478 D VoldConnector: RCV <- {200 9 Command succeeded}
12-14 16:24:40.046  3412  3412 D VoldConnector: SND -> {10 volume remount_uid 10024 none}
12-14 16:24:40.046  2924  2991 D vold    : Remounting 10024 as mode none
12-14 16:24:40.048  3412  3478 D VoldConnector: RCV <- {200 10 Command succeeded}
12-14 16:24:40.048  3412  3412 D VoldConnector: SND -> {11 volume remount_uid 10024 none}
12-14 16:24:40.048  2924  2991 D vold    : Remounting 10024 as mode none
12-14 16:24:40.050  3412  3478 D VoldConnector: RCV <- {200 11 Command succeeded}
12-14 16:24:40.050  3412  3412 D VoldConnector: SND -> {12 volume remount_uid 1002 none}
12-14 16:24:40.050  2924  2991 D vold    : Remounting 1002 as mode none
12-14 16:24:40.052  3412  3478 D VoldConnector: RCV <- {200 12 Command succeeded}
12-14 16:24:40.053  3412  3412 D VoldConnector: SND -> {13 volume remount_uid 1002 none}
12-14 16:24:40.053  2924  2991 D vold    : Remounting 1002 as mode none
12-14 16:24:40.055  3412  3478 D VoldConnector: RCV <- {200 13 Command succeeded}
12-14 16:24:40.055  3412  3412 I DefaultPermGrantPolicy: Granting permissions to default platform handlers for user 0
12-14 16:24:40.056  3412  3412 W VoiceInteractionManagerService: no available voice interaction services found for user 0
12-14 16:24:40.056  3412  3412 W VoiceInteractionManagerService: no available voice recognition services found for user 0
12-14 16:24:40.056  3412  3412 D VoldConnector: SND -> {14 volume remount_uid 10016 none}
12-14 16:24:40.056  2924  2991 D vold    : Remounting 10016 as mode none
12-14 16:24:40.058  3412  3478 D VoldConnector: RCV <- {200 14 Command succeeded}
12-14 16:24:40.059  3412  3412 D VoldConnector: SND -> {15 volume remount_uid 10021 none}
12-14 16:24:40.059  2924  2991 D vold    : Remounting 10021 as mode none
12-14 16:24:40.062  3412  3478 D VoldConnector: RCV <- {200 15 Command succeeded}
12-14 16:24:40.062  3412  3412 D VoldConnector: SND -> {16 volume remount_uid 10021 none}
12-14 16:24:40.062  2924  2991 D vold    : Remounting 10021 as mode none
12-14 16:24:40.064  3412  3478 D VoldConnector: RCV <- {200 16 Command succeeded}
12-14 16:24:40.064  3412  3412 D VoldConnector: SND -> {17 volume remount_uid 10010 none}
12-14 16:24:40.065  2924  2991 D vold    : Remounting 10010 as mode none
12-14 16:24:40.067  3412  3478 D VoldConnector: RCV <- {200 17 Command succeeded}
12-14 16:24:40.067  3412  3412 D VoldConnector: SND -> {18 volume remount_uid 10010 none}
12-14 16:24:40.067  2924  2991 D vold    : Remounting 10010 as mode none
12-14 16:24:40.069  3412  3478 D VoldConnector: RCV <- {200 18 Command succeeded}
12-14 16:24:40.069  3412  3412 D VoldConnector: SND -> {19 volume remount_uid 10009 none}
12-14 16:24:40.069  2924  2991 D vold    : Remounting 10009 as mode none
12-14 16:24:40.072  3412  3478 D VoldConnector: RCV <- {200 19 Command succeeded}
12-14 16:24:40.072  3412  3412 D VoldConnector: SND -> {20 volume remount_uid 10009 none}
12-14 16:24:40.072  2924  2991 D vold    : Remounting 10009 as mode none
12-14 16:24:40.075  3412  3478 D VoldConnector: RCV <- {200 20 Command succeeded}
12-14 16:24:40.076  3412  3412 D VoldConnector: SND -> {21 volume remount_uid 10002 none}
12-14 16:24:40.076  2924  2991 D vold    : Remounting 10002 as mode none
12-14 16:24:40.078  3412  3478 D VoldConnector: RCV <- {200 21 Command succeeded}
12-14 16:24:40.078  3412  3412 D VoldConnector: SND -> {22 volume remount_uid 10002 none}
12-14 16:24:40.078  2924  2991 D vold    : Remounting 10002 as mode none
12-14 16:24:40.081  3412  3478 D VoldConnector: RCV <- {200 22 Command succeeded}
12-14 16:24:40.082  3412  3412 D VoldConnector: SND -> {23 volume remount_uid 10040 none}
12-14 16:24:40.082  2924  2991 D vold    : Remounting 10040 as mode none
12-14 16:24:40.084  3412  3478 D VoldConnector: RCV <- {200 23 Command succeeded}
12-14 16:24:40.084  3412  3412 D VoldConnector: SND -> {24 volume remount_uid 10040 none}
12-14 16:24:40.084  2924  2991 D vold    : Remounting 10040 as mode none
12-14 16:24:40.086  3412  3478 D VoldConnector: RCV <- {200 24 Command succeeded}
12-14 16:24:40.088  3412  3412 I ActivityManager: Pre-boot of {com.android.providers.calendar/com.android.providers.calendar.CalendarUpgradeReceiver} for user 0
12-14 16:24:40.088  3412  3412 I SystemServer: Enabled StrictMode for system server main thread.
12-14 16:24:40.099  3412  3426 I Zygote  : Process: zygote socket opened, supported ABIS: arm64-v8a,armeabi
12-14 16:24:40.109  3412  3426 I ActivityManager: Start proc 3567:com.android.providers.calendar/u0a2 for broadcast com.android.providers.calendar/.CalendarUpgradeReceiver
12-14 16:24:40.115  3412  3423 I ActivityManager: Launching preboot mode app: ProcessRecord{337ba71 3567:com.android.providers.calendar/u0a2}
12-14 16:24:40.116  3412  3412 D RttService: SCAN_AVAILABLE : 1
12-14 16:24:40.116  3412  3550 D RttService: DefaultState got{ when=0 what=160513 target=com.android.internal.util.StateMachine$SmHandler }
12-14 16:24:40.126  3567  3567 W System  : ClassLoader referenced unknown path: /system/priv-app/CalendarProvider/lib/arm64
12-14 16:24:40.137  3412  3412 V BackupManagerService: Connected to transport ComponentInfo{android/com.android.internal.backup.LocalTransportService}
12-14 16:24:40.137  3412  3412 V BackupManagerService: Registering transport android/com.android.internal.backup.LocalTransportService::android/com.android.internal.backup.LocalTransport = android.app.backup.BackupTransport$TransportImpl@def0056
12-14 16:24:40.177  3412  3424 I ActivityManager: Pre-boot of {org.cyanogenmod.cmsettings/org.cyanogenmod.cmsettings.PreBootReceiver} for user 0
12-14 16:24:40.216  3412  3412 W CMSettings: Setting dev_force_show_navbar has moved from CMSettings.Secure to CMSettings.Global, value is unchanged.
12-14 16:24:40.228  3412  3412 I ActivityManager: Pre-boot of {com.android.providers.contacts/com.android.providers.contacts.ContactsUpgradeReceiver} for user 0
12-14 16:24:40.239  3412  3412 I ActivityManager: Start proc 3599:android.process.acore/u0a4 for broadcast com.android.providers.contacts/.ContactsUpgradeReceiver
12-14 16:24:40.245  3412  3424 I ActivityManager: Launching preboot mode app: ProcessRecord{96188d7 3599:android.process.acore/u0a4}
12-14 16:24:40.257  3599  3599 W System  : ClassLoader referenced unknown path: /system/priv-app/ContactsProvider/lib/arm64
12-14 16:24:40.301  3599  3599 I ContactsUpgradeReceiver: Creating or opening contacts database
12-14 16:24:40.395  3599  3599 I ContactsDatabaseHelper: Bootstrapping database version: 1013
12-14 16:24:40.457  3599  3599 I ContactsProviderV1: Bootstrapping database legacy support
12-14 16:24:40.836  3599  3599 I ContactsDatabaseHelper: Bootstrapping database version: 1013
12-14 16:24:40.878  3599  3599 I ContactsProviderV1: Bootstrapping database legacy support
12-14 16:24:41.027  3412  3427 W WindowManager: Keyguard drawn timeout. Setting mKeyguardDrawComplete
12-14 16:24:41.670  3599  3599 I ContactsProvider: Locale has changed from null to en-US
12-14 16:24:41.670  3599  3599 I ContactsDatabaseHelper: Switching to locale en-US (ICU v55.1)
12-14 16:24:41.846  3599  3599 I ContactsDatabaseHelper: Locale change completed in 175ms
12-14 16:24:41.847  3599  3599 I ContactsDatabaseHelper: Switching to locale en-US (ICU v55.1)
12-14 16:24:42.017  3599  3599 I ContactsDatabaseHelper: Locale change completed in 170ms
12-14 16:24:42.222  3655  3655 I McDaemon: Daemon starting up...
12-14 16:24:42.222  3655  3655 I McDaemon: Socket interface version is 0.2
12-14 16:24:42.222  3655  3655 I McDaemon: *** t-base-300-Ares-2-Android-V001 ###
12-14 16:24:42.222  3655  3655 I McDaemon: Build timestamp is Nov 28 2016 04:11:40
12-14 16:24:42.222  3655  3655 E McDaemon:   *****************************
12-14 16:24:42.222  3655  3655 E McDaemon:   *** ERROR: ioctl MC_IO_VERSION failed with "Not a typewriter"(errno 25)
12-14 16:24:42.222  3655  3655 E McDaemon:   *** Detected in checkVersion/545()
12-14 16:24:42.222  3655  3655 E McDaemon:   *****************************
12-14 16:24:42.222  3655  3655 E McDaemon:   *****************************
12-14 16:24:42.222  3655  3655 E McDaemon:   *** ERROR: ret = -1
12-14 16:24:42.222  3655  3655 E McDaemon:   *** Detected in checkVersion/546()
12-14 16:24:42.222  3655  3655 E McDaemon:   *****************************
12-14 16:24:42.222  3655  3655 E McDaemon:   *****************************
12-14 16:24:42.222  3655  3655 E McDaemon:   *** ERROR: kernel module version mismatch
12-14 16:24:42.222  3655  3655 E McDaemon:   *** Detected in initDevice/115()
12-14 16:24:42.222  3655  3655 E McDaemon:   *****************************
12-14 16:24:42.222  3655  3655 E McDaemon:   *****************************
12-14 16:24:42.222  3655  3655 E McDaemon:   *** ERROR: Could not initialize <t-base (because /dev/mobicore could not be openend)!
12-14 16:24:42.222  3655  3655 E McDaemon:   *** Detected in run/139()
12-14 16:24:42.222  3655  3655 E McDaemon:   *****************************
12-14 16:24:42.222  3655  3655 E McDaemon:   *****************************
12-14 16:24:42.222  3655  3655 E McDaemon:   *** ERROR: Exiting <t-base Daemon
12-14 16:24:42.222  3655  3655 E McDaemon:   *** Detected in main/1388()
12-14 16:24:42.222  3655  3655 E McDaemon:   *****************************
12-14 16:24:42.419  3412  3590 I ActivityManager: Pre-boot of {com.android.providers.media/com.android.providers.media.MediaUpgradeReceiver} for user 0
12-14 16:24:42.430  3412  3590 I ActivityManager: Start proc 3656:android.process.media/u0a10 for broadcast com.android.providers.media/.MediaUpgradeReceiver
12-14 16:24:42.433  3412  3423 I ActivityManager: Launching preboot mode app: ProcessRecord{382f5c4 3656:android.process.media/u0a10}
12-14 16:24:42.443  3656  3656 W System  : ClassLoader referenced unknown path: /system/priv-app/MediaProvider/lib/arm64
12-14 16:24:42.482  3412  3590 I ActivityManager: Pre-boot of {com.android.managedprovisioning/com.android.managedprovisioning.PreBootListener} for user 0
12-14 16:24:42.493  3412  3590 I ActivityManager: Start proc 3670:com.android.managedprovisioning/u0a12 for broadcast com.android.managedprovisioning/.PreBootListener
12-14 16:24:42.497  3412  3591 I ActivityManager: Launching preboot mode app: ProcessRecord{f3c8cad 3670:com.android.managedprovisioning/u0a12}
12-14 16:24:42.508  3670  3670 W System  : ClassLoader referenced unknown path: /system/priv-app/ManagedProvisioning/lib/arm64
12-14 16:24:42.513  3412  3590 I ActivityManager: Pre-boot of {com.android.dialer/com.android.dialer.SystemUpdateReceiver} for user 0
12-14 16:24:42.523  3412  3590 I ActivityManager: Start proc 3683:com.android.dialer/u0a20 for broadcast com.android.dialer/.SystemUpdateReceiver
12-14 16:24:42.529  3412  3424 I ActivityManager: Launching preboot mode app: ProcessRecord{a72cbe2 3683:com.android.dialer/u0a20}
12-14 16:24:42.541  3683  3683 W System  : ClassLoader referenced unknown path: /system/priv-app/Dialer/lib/arm64
12-14 16:24:42.599  3412  3430 D BluetoothManagerService: Message: 100
12-14 16:24:42.599  3412  3430 E BluetoothManagerService: MESSAGE_TIMEOUT_BIND
12-14 16:24:42.651  3683  3683 W MOD.CyanogenAmbientUtil: Cyanogen Ambient package is missing! Version 1050100 is required.
12-14 16:24:42.651  3412  3424 I ActivityManager: Pre-boot of {com.android.settings/com.android.settings.ManagedProfileSetup} for user 0
12-14 16:24:42.662  3412  3424 I ActivityManager: Start proc 3696:com.android.settings/1000 for broadcast com.android.settings/.ManagedProfileSetup
12-14 16:24:42.666  3412  3423 I ActivityManager: Launching preboot mode app: ProcessRecord{fcbdb73 3696:com.android.settings/1000}
12-14 16:24:42.683  3696  3696 W System  : ClassLoader referenced unknown path: /system/priv-app/Settings/lib/arm64
12-14 16:24:42.777  3412  3426 I ActivityManager: Removing system update proc: ProcessRecord{337ba71 3567:com.android.providers.calendar/u0a2}
12-14 16:24:42.777  3412  3426 I ActivityManager: Killing 3567:com.android.providers.calendar/u0a2 (adj 13): system update done
12-14 16:24:42.788  3412  3426 D ActivityManager: cleanUpApplicationRecord -- 3567
12-14 16:24:42.788  3412  3426 I ActivityManager: Removing system update proc: ProcessRecord{96188d7 3599:android.process.acore/u0a4}
12-14 16:24:42.788  3412  3426 I ActivityManager: Killing 3599:android.process.acore/u0a4 (adj 13): system update done
12-14 16:24:42.798  3412  3426 D ActivityManager: cleanUpApplicationRecord -- 3599
12-14 16:24:42.799  3412  3426 I ActivityManager: Removing system update proc: ProcessRecord{382f5c4 3656:android.process.media/u0a10}
12-14 16:24:42.799  3412  3426 I ActivityManager: Killing 3656:android.process.media/u0a10 (adj 11): system update done
12-14 16:24:42.809  3412  3426 D ActivityManager: cleanUpApplicationRecord -- 3656
12-14 16:24:42.809  3412  3426 I ActivityManager: Removing system update proc: ProcessRecord{f3c8cad 3670:com.android.managedprovisioning/u0a12}
12-14 16:24:42.809  3412  3426 I ActivityManager: Killing 3670:com.android.managedprovisioning/u0a12 (adj 11): system update done
12-14 16:24:42.820  3412  3426 D ActivityManager: cleanUpApplicationRecord -- 3670
12-14 16:24:42.820  3412  3426 I ActivityManager: Removing system update proc: ProcessRecord{a72cbe2 3683:com.android.dialer/u0a20}
12-14 16:24:42.820  3412  3426 I ActivityManager: Killing 3683:com.android.dialer/u0a20 (adj 9): system update done
12-14 16:24:42.831  3412  3426 D ActivityManager: cleanUpApplicationRecord -- 3683
12-14 16:24:42.831  3412  3426 I ActivityManager: Removing system update proc: ProcessRecord{fcbdb73 3696:com.android.settings/1000}
12-14 16:24:42.831  3412  3426 I ActivityManager: Killing 3696:com.android.settings/1000 (adj 9): system update done
12-14 16:24:42.841  3412  3426 D ActivityManager: cleanUpApplicationRecord -- 3696
12-14 16:24:42.842  3412  3426 I ActivityManager: System now ready
12-14 16:24:42.842  3412  3712 W ActivityManager: Spurious death for ProcessRecord{f3c8cad 0:com.android.managedprovisioning/u0a12}, curProc for 3670: null
12-14 16:24:42.842  3412  3590 W ActivityManager: Spurious death for ProcessRecord{a72cbe2 0:com.android.dialer/u0a20}, curProc for 3683: null
12-14 16:24:42.842  3412  3423 W ActivityManager: Spurious death for ProcessRecord{fcbdb73 0:com.android.settings/1000}, curProc for 3696: null
12-14 16:24:42.842  3412  3591 W ActivityManager: Spurious death for ProcessRecord{337ba71 0:com.android.providers.calendar/u0a2}, curProc for 3567: null
12-14 16:24:42.842  3412  3424 W ActivityManager: Spurious death for ProcessRecord{382f5c4 0:android.process.media/u0a10}, curProc for 3656: null
12-14 16:24:42.843  3412  3426 I SystemServer: Making services ready
12-14 16:24:42.843  3412  3426 I SystemServiceManager: Starting phase 550
12-14 16:24:42.844  3412  3477 D MountService: Thinking about reset, mSystemReady=true, mDaemonConnected=true
12-14 16:24:42.844  3412  3477 D VoldConnector: SND -> {25 volume reset}
12-14 16:24:42.844  3412  3426 D UsbAlsaManager: Adding ALSA device AlsaDevice: [card: 0, device: 9, type: 1]
12-14 16:24:42.845  3412  3426 D UsbAlsaManager: Adding ALSA device AlsaDevice: [card: 0, device: 8, type: 1]
12-14 16:24:42.845  3412  3426 D UsbAlsaManager: Adding ALSA device AlsaDevice: [card: 0, device: 7, type: 1]
12-14 16:24:42.845  3412  3478 D VoldConnector: RCV <- {651 emulated 7}
12-14 16:24:42.845  3412  3426 D UsbAlsaManager: Adding ALSA device AlsaDevice: [card: 0, device: 6, type: 1]
12-14 16:24:42.845  3412  3426 D UsbAlsaManager: Adding ALSA device AlsaDevice: [card: 0, device: 3, type: 1]
12-14 16:24:42.845  3412  3426 D UsbAlsaManager: Adding ALSA device AlsaDevice: [card: 0, device: 2, type: 1]
12-14 16:24:42.845  3412  3426 D UsbAlsaManager: Adding ALSA device AlsaDevice: [card: 0, device: 1, type: 1]
12-14 16:24:42.845  3412  3426 D UsbAlsaManager: Adding ALSA device AlsaDevice: [card: 0, device: 2, type: 2]
12-14 16:24:42.845  3412  3478 D VoldConnector: RCV <- {659 emulated}
12-14 16:24:42.845  3412  3426 D UsbAlsaManager: Adding ALSA device AlsaDevice: [card: 0, device: 0, type: 1]
12-14 16:24:42.845  3412  3426 D UsbAlsaManager: Adding ALSA device AlsaDevice: [card: 0, device: 1, type: 2]
12-14 16:24:42.845  3412  3426 D UsbAlsaManager: Adding ALSA device AlsaDevice: [card: 0, device: 0, type: 2]
12-14 16:24:42.845  3412  3478 D VoldConnector: RCV <- {650 emulated 2 "" ""}
12-14 16:24:42.845  3412  3478 D VoldConnector: RCV <- {654 emulated emulated}
12-14 16:24:42.845  3412  3478 D VoldConnector: RCV <- {651 emulated 0}
12-14 16:24:42.845  3412  3478 D VoldConnector: RCV <- {200 25 Command succeeded}
12-14 16:24:42.845  3412  3477 D VoldConnector: SND -> {26 volume user_added 0 0}
12-14 16:24:42.845  3412  3478 D VoldConnector: RCV <- {200 26 Command succeeded}
12-14 16:24:42.845  3412  3412 W System  : ClassLoader referenced unknown path: /system/priv-app/Telecom/lib/arm64
12-14 16:24:42.846  3412  3428 V MountService: Found primary storage at VolumeInfo{emulated}:
12-14 16:24:42.846  3412  3428 V MountService:     type=EMULATED diskId=null partGuid=null mountFlags=0 mountUserId=-1 
12-14 16:24:42.846  3412  3428 V MountService:     state=UNMOUNTED 
12-14 16:24:42.846  3412  3428 V MountService:     fsType=null fsUuid=null fsLabel=null 
12-14 16:24:42.846  3412  3428 V MountService:     path=null internalPath=null 
12-14 16:24:42.846  3412  3477 D VoldConnector: SND -> {27 volume mount emulated 3 -1}
12-14 16:24:42.846  3412  3478 D VoldConnector: RCV <- {651 emulated 1}
12-14 16:24:42.846  3412  3478 D VoldConnector: RCV <- {656 emulated /data/media}
12-14 16:24:42.846  3412  3478 D VoldConnector: RCV <- {655 emulated /storage/emulated}
12-14 16:24:42.847  2924  2991 V vold    : Waiting for FUSE to spin up...
12-14 16:24:42.859  3412  3426 I ActivityManager: Start proc 3718:com.android.systemui/u0a24 for service com.android.systemui/.keyguard.KeyguardService
12-14 16:24:42.859  3412  3426 I BrokerableCMSystemService: Connecting to implementation
12-14 16:24:42.859  3412  3426 W ContextImpl: Calling a method in the system process without a qualified user: android.app.ContextImpl.bindService:1295 org.cyanogenmod.platform.internal.BrokerableCMSystemService.tryConnecting:199 org.cyanogenmod.platform.internal.ThemeManagerServiceBroker.onBootPhase:270 com.android.server.SystemServiceManager.startBootPhase:135 com.android.server.SystemServer$2.run:1180 
12-14 16:24:42.870  3412  3426 I ActivityManager: Start proc 3737:org.cyanogenmod.themeservice/u0a19 for service org.cyanogenmod.themeservice/.ThemeManagerService
12-14 16:24:42.870  3412  3426 I SystemServer: WebViewFactory preparation
12-14 16:24:42.883  3412  3426 I Zygote  : Process: zygote socket opened, supported ABIS: armeabi-v7a,armeabi
12-14 16:24:42.885  3038  3038 I art     : Starting a blocking GC Background
12-14 16:24:42.897  3412  3478 D VoldConnector: RCV <- {651 emulated 2}
12-14 16:24:42.897  3412  3478 D VoldConnector: RCV <- {200 27 Command succeeded}
12-14 16:24:42.913  3412  3426 I ActivityManager: Start proc 3751:WebViewLoader-armeabi-v7a/1037 [android.webkit.WebViewFactory$RelroFileCreator] for 
12-14 16:24:42.918  3751  3751 V WebViewFactory: RelroFileCreator (64bit = false),  32-bit lib: /system/app/webview/webview.apk!/lib/armeabi-v7a/libwebviewchromium.so, 64-bit lib: /system/app/webview/webview.apk!/lib/arm64-v8a/libwebviewchromium.so
12-14 16:24:42.925  3412  3426 I ActivityManager: Start proc 3765:WebViewLoader-arm64-v8a/1037 [android.webkit.WebViewFactory$RelroFileCreator] for 
12-14 16:24:42.928  3412  3426 D NetworkManagement: enabling bandwidth control
12-14 16:24:42.929  3412  3430 D BluetoothManagerService: Message: 20
12-14 16:24:42.929  3412  3430 D BluetoothManagerService: Added callback: android.bluetooth.BluetoothAdapter$1@b1af18e:true
12-14 16:24:42.929  3412  3430 D BluetoothManagerService: Message: 30
12-14 16:24:42.935  3765  3765 V WebViewFactory: RelroFileCreator (64bit = true),  32-bit lib: /system/app/webview/webview.apk!/lib/armeabi-v7a/libwebviewchromium.so, 64-bit lib: /system/app/webview/webview.apk!/lib/arm64-v8a/libwebviewchromium.so
12-14 16:24:42.937  3718  3718 W System  : ClassLoader referenced unknown path: /system/priv-app/SystemUI/lib/arm64
12-14 16:24:42.937  3412  3412 I Telecom : ViceNotificationImpl: ViceNotificationImpl
12-14 16:24:42.942  3737  3737 W System  : ClassLoader referenced unknown path: /system/priv-app/ThemeManagerService/lib/arm64
12-14 16:24:42.939  3000  3000 W auditd  : type=1325 audit(0.0:137): table=filter family=2 entries=52
12-14 16:24:42.939  3000  3000 W auditd  : type=1320 audit(0.0:137): 
12-14 16:24:42.946  3737  3737 I ThemeManagerService: Spawned worker thread
12-14 16:24:42.939  3000  3000 W auditd  : type=1325 audit(0.0:138): table=filter family=10 entries=55
12-14 16:24:42.939  3000  3000 W auditd  : type=1320 audit(0.0:138): 
12-14 16:24:42.952  3412  3780 I ActivityManager: Start proc 3783:android.process.acore/u0a4 for content provider com.android.providers.contacts/.CallLogProvider
12-14 16:24:42.953  3412  3430 D BluetoothManagerService: Message: 30
12-14 16:24:42.957  3412  3412 I Telecom : Class: TelecomSystem.INSTANCE being set
12-14 16:24:42.957  3412  3412 W ContextImpl: Calling a method in the system process without a qualified user: android.app.ContextImpl.startService:1231 android.content.ContextWrapper.startService:587 com.android.server.telecom.components.TelecomService.initializeTelecomSystem:141 com.android.server.telecom.components.TelecomService.onBind:69 android.app.ActivityThread.handleBindService:2938 
12-14 16:24:42.949  3000  3000 W auditd  : type=1325 audit(0.0:139): table=filter family=2 entries=51
12-14 16:24:42.949  3000  3000 W auditd  : type=1320 audit(0.0:139): 
12-14 16:24:42.959  3000  3000 W auditd  : type=1325 audit(0.0:140): table=filter family=10 entries=54
12-14 16:24:42.959  3000  3000 W auditd  : type=1320 audit(0.0:140): 
12-14 16:24:42.968  3737  3737 D ThemeManagerService: Previous api level not found. First time booting?
12-14 16:24:42.969  3737  3737 D ThemeManagerService: Prev api level was: -1, api is now: 23
12-14 16:24:42.969  3737  3737 D ThemeManagerService: The system has been upgraded to a theme new api, checking if currently set theme is compatible
12-14 16:24:42.959  3000  3000 W auditd  : type=1325 audit(0.0:141): table=filter family=2 entries=50
12-14 16:24:42.959  3000  3000 W auditd  : type=1320 audit(0.0:141): 
12-14 16:24:42.969  3000  3000 W auditd  : type=1325 audit(0.0:142): table=filter family=10 entries=53
12-14 16:24:42.969  3000  3000 W auditd  : type=1320 audit(0.0:142): 
12-14 16:24:42.979  3783  3783 W System  : ClassLoader referenced unknown path: /system/priv-app/ContactsProvider/lib/arm64
12-14 16:24:42.985  3412  3714 I ActivityManager: Start proc 3807:org.cyanogenmod.themes.provider/u0a23 for content provider org.cyanogenmod.themes.provider/.ThemesProvider
12-14 16:24:42.979  3000  3000 W auditd  : type=1325 audit(0.0:143): table=filter family=2 entries=50
12-14 16:24:42.979  3000  3000 W auditd  : type=1320 audit(0.0:143): 
12-14 16:24:42.989  3412  3412 I PackageManager: Replacing preferred activity com.android.messaging/.ui.conversation.LaunchConversationActivity for user 0:
12-14 16:24:42.989  3412  3412 I PackageManager:   Action: "android.intent.action.SENDTO"
12-14 16:24:42.989  3412  3412 I PackageManager:   Category: "android.intent.category.DEFAULT"
12-14 16:24:42.989  3412  3412 I PackageManager:   Scheme: "sms"
12-14 16:24:42.989  3412  3412 I PackageManager:   AutoVerify=false
12-14 16:24:42.990  3412  3412 I PackageManager: Replacing preferred activity com.android.messaging/.ui.conversation.LaunchConversationActivity for user 0:
12-14 16:24:42.990  3412  3412 I PackageManager:   Action: "android.intent.action.SENDTO"
12-14 16:24:42.990  3412  3412 I PackageManager:   Category: "android.intent.category.DEFAULT"
12-14 16:24:42.990  3412  3412 I PackageManager:   Scheme: "smsto"
12-14 16:24:42.990  3412  3412 I PackageManager:   AutoVerify=false
12-14 16:24:42.990  3412  3412 I PackageManager: Replacing preferred activity com.android.messaging/.ui.conversation.LaunchConversationActivity for user 0:
12-14 16:24:42.990  3412  3412 I PackageManager:   Action: "android.intent.action.SENDTO"
12-14 16:24:42.990  3412  3412 I PackageManager:   Category: "android.intent.category.DEFAULT"
12-14 16:24:42.990  3412  3412 I PackageManager:   Scheme: "mms"
12-14 16:24:42.990  3412  3412 I PackageManager:   AutoVerify=false
12-14 16:24:42.990  3412  3412 I PackageManager: Replacing preferred activity com.android.messaging/.ui.conversation.LaunchConversationActivity for user 0:
12-14 16:24:42.990  3412  3412 I PackageManager:   Action: "android.intent.action.SENDTO"
12-14 16:24:42.990  3412  3412 I PackageManager:   Category: "android.intent.category.DEFAULT"
12-14 16:24:42.990  3412  3412 I PackageManager:   Scheme: "mmsto"
12-14 16:24:42.990  3412  3412 I PackageManager:   AutoVerify=false
12-14 16:24:42.991  3412  3412 I DefaultPermGrantPolicy: Granting permissions to default sms app for user:0
12-14 16:24:42.992  3412  3412 I DefaultPermGrantPolicy: Granting permissions to default dialer app for user:0
12-14 16:24:42.994  3412  3412 I Telecom : PhoneAccountRegistrar: SimCallManager queried, returning: null
12-14 16:24:42.995  3412  3412 I DefaultPermGrantPolicy: Granting permissions to default sms app for user:0
12-14 16:24:42.989  3000  3000 W auditd  : type=1325 audit(0.0:144): table=filter family=10 entries=53
12-14 16:24:42.989  3000  3000 W auditd  : type=1320 audit(0.0:144): 
12-14 16:24:42.999  3718  3718 V SystemUIService: Starting SystemUI services.
12-14 16:24:42.989  3000  3000 W auditd  : type=1325 audit(0.0:145): table=filter family=2 entries=50
12-14 16:24:42.989  3000  3000 W auditd  : type=1320 audit(0.0:145): 
12-14 16:24:43.005  3751  3751 I art     : System.exit called, status: 0
12-14 16:24:43.005  3751  3751 I AndroidRuntime: VM exiting with result code 0, cleanup skipped.
12-14 16:24:42.999  3000  3000 W auditd  : type=1325 audit(0.0:146): table=filter family=10 entries=53
12-14 16:24:42.999  3000  3000 W auditd  : type=1320 audit(0.0:146): 
