08-26 04:10:10.584  5988  5988 I art     : option[39]=--instruction-set-variant=generic
08-26 04:10:10.584  5988  5988 I art     : option[40]=-Xcompiler-option
08-26 04:10:10.584  5988  5988 I art     : option[41]=--instruction-set-variant=generic
08-26 04:10:10.584  5988  5988 I art     : option[42]=-Ximage-compiler-option
08-26 04:10:10.584  5988  5988 I art     : option[43]=--instruction-set-features=default
08-26 04:10:10.584  5988  5988 I art     : option[44]=-Xcompiler-option
08-26 04:10:10.584  5988  5988 I art     : option[45]=--instruction-set-features=default
08-26 04:10:10.584  5988  5988 I art     : option[46]=-Duser.locale=en-US
08-26 04:10:10.584  5988  5988 I art     : option[47]=--cpu-abilist=arm64-v8a,armeabi
08-26 04:10:10.584  5988  5988 I art     : option[48]=-Xfingerprint:samsung/cm_hero2ltexx/hero2ltexx:6.0.1/MOB30Z/ca86ffce5d:eng/test-keys
08-26 04:10:10.613  5988  5988 D ICU     : No timezone override file found: /data/misc/zoneinfo/current/icu/icu_tzdata.dat
08-26 04:10:10.742  5988  5988 I Radio-JNI: register_android_hardware_Radio DONE
08-26 04:10:10.786  5988  5988 I SamplingProfilerIntegration: Profiling disabled.
08-26 04:10:10.786  5988  5988 D Zygote  : begin preload
08-26 04:10:10.788  5988  5988 I Zygote  : Preloading classes...
08-26 04:10:10.850  5986  5986 D SurfaceFlinger: SF. shader cache generated - 26 shaders in 361.989227 ms
08-26 04:10:10.850  5986  5986 E gralloc : invalid yuv format 1
08-26 04:10:10.850  5986  5986 W GraphicBufferAllocator: alloc(1440, 2560, 1, 00001a00, ...) failed -22 (Invalid argument)
08-26 04:10:10.850  5986  5986 E         : GraphicBufferAlloc::createGraphicBuffer(w=1440, h=2560) failed (Invalid argument), handle=0x0
08-26 04:10:10.850  5986  5986 E BufferQueueProducer: [FramebufferSurface] dequeueBuffer: createGraphicBuffer failed
08-26 04:10:10.850  5986  5986 D         : NULL == surf->write_back_color_buffer
08-26 04:10:10.850  5986  5986 W         : GLES-MALI OOM error: failed to allocate CPU memory (gles_fb_first_drawcall_cb at hardware/samsung_slsi/MaliT880_r12p0_JF/product/gles/src/fb/mali_gles_fb_module_api.c:1281)
08-26 04:10:10.850  5986  5986 E BufferQueueProducer: [FramebufferSurface] dequeueBuffer: can't dequeue multiple buffers without setting the buffer count
08-26 04:10:10.850  5986  5986 D         : NULL == surf->write_back_color_buffer
08-26 04:10:10.850  5986  5986 F SurfaceFlinger: eglSwapBuffers(0x1, 0x7f9fb63700) failed with 0x0000300d
08-26 04:10:10.850  5986  5986 F libc    : Fatal signal 6 (SIGABRT), code -6 in tid 5986 (surfaceflinger)
08-26 04:10:10.851  2949  2949 I DEBUG   : property debug.db.uid not set; NOT waiting for gdb.
08-26 04:10:10.851  2949  2949 I DEBUG   : HINT: adb shell setprop debug.db.uid 100000
08-26 04:10:10.851  2949  2949 I DEBUG   : HINT: adb forward tcp:5039 tcp:5039
08-26 04:10:10.903  2949  2949 F DEBUG   : *** *** *** *** *** *** *** *** *** *** *** *** *** *** *** ***
08-26 04:10:10.903  2949  2949 F DEBUG   : CM Version: '13.0-20160826-UNOFFICIAL-hero2ltexx'
08-26 04:10:10.903  2949  2949 F DEBUG   : Build fingerprint: 'samsung/cm_hero2ltexx/hero2ltexx:6.0.1/MOB30Z/ca86ffce5d:eng/test-keys'
08-26 04:10:10.903  2949  2949 F DEBUG   : Revision: '0'
08-26 04:10:10.903  2949  2949 F DEBUG   : ABI: 'arm64'
08-26 04:10:10.903  2949  2949 F DEBUG   : pid: 5986, tid: 5986, name: surfaceflinger  >>> /system/bin/surfaceflinger <<<
08-26 04:10:10.903  2949  2949 F DEBUG   : signal 6 (SIGABRT), code -6 (SI_TKILL), fault addr --------
08-26 04:10:10.920  2949  2949 F DEBUG   : Abort message: 'eglSwapBuffers(0x1, 0x7f9fb63700) failed with 0x0000300d'
08-26 04:10:10.920  2949  2949 F DEBUG   :     x0   0000000000000000  x1   0000000000001762  x2   0000000000000006  x3   0000000000000000
08-26 04:10:10.920  2949  2949 F DEBUG   :     x4   0000000000000000  x5   0000000000000001  x6   0000000000000000  x7   0000000000000000
08-26 04:10:10.920  2949  2949 F DEBUG   :     x8   0000000000000083  x9   0000000000000049  x10  0000007fd9de2c0c  x11  0000007fd9de2c48
08-26 04:10:10.920  2949  2949 F DEBUG   :     x12  0000007fd9de2b20  x13  0000000000000039  x14  0000007fd9de2cf8  x15  0000000000000000
08-26 04:10:10.920  2949  2949 F DEBUG   :     x16  0000007fa072e560  x17  0000007fa06bfd6c  x18  0000007fa08e43a4  x19  0000007fa09d90d8
08-26 04:10:10.920  2949  2949 F DEBUG   :     x20  0000007fa09d9018  x21  0000000000000009  x22  0000000000000006  x23  0000000000000001
08-26 04:10:10.920  2949  2949 F DEBUG   :     x24  0000000000000000  x25  0000000000000018  x26  0000007fa000f4a8  x27  0000007fa095f000
08-26 04:10:10.920  2949  2949 F DEBUG   :     x28  0000000000000001  x29  0000007fd9de2bb0  x30  0000007fa06bd508
08-26 04:10:10.920  2949  2949 F DEBUG   :     sp   0000007fd9de2bb0  pc   0000007fa06bfd74  pstate 0000000020000000
08-26 04:10:10.934  2949  2949 F DEBUG   : 
08-26 04:10:10.934  2949  2949 F DEBUG   : backtrace:
08-26 04:10:10.934  2949  2949 F DEBUG   :     #00 pc 0000000000069d74  /system/lib64/libc.so (tgkill+8)
08-26 04:10:10.934  2949  2949 F DEBUG   :     #01 pc 0000000000067504  /system/lib64/libc.so (pthread_kill+68)
08-26 04:10:10.934  2949  2949 F DEBUG   :     #02 pc 0000000000023448  /system/lib64/libc.so (raise+28)
08-26 04:10:10.934  2949  2949 F DEBUG   :     #03 pc 000000000001dbe8  /system/lib64/libc.so (abort+60)
08-26 04:10:10.934  2949  2949 F DEBUG   :     #04 pc 000000000000de78  /system/lib64/libcutils.so (__android_log_assert+236)
08-26 04:10:10.934  2949  2949 F DEBUG   :     #05 pc 000000000001e400  /system/lib64/libsurfaceflinger.so
08-26 04:10:10.934  2949  2949 F DEBUG   :     #06 pc 0000000000030cac  /system/lib64/libsurfaceflinger.so
08-26 04:10:10.934  2949  2949 F DEBUG   :     #07 pc 000000000002f804  /system/lib64/libsurfaceflinger.so
08-26 04:10:10.934  2949  2949 F DEBUG   :     #08 pc 000000000002e720  /system/lib64/libsurfaceflinger.so
08-26 04:10:10.934  2949  2949 F DEBUG   :     #09 pc 000000000002e488  /system/lib64/libsurfaceflinger.so
08-26 04:10:10.934  2949  2949 F DEBUG   :     #10 pc 000000000001aed4  /system/lib64/libutils.so (_ZN7android6Looper9pollInnerEi+312)
08-26 04:10:10.934  2949  2949 F DEBUG   :     #11 pc 000000000001b20c  /system/lib64/libutils.so (_ZN7android6Looper8pollOnceEiPiS1_PPv+80)
08-26 04:10:10.934  2949  2949 F DEBUG   :     #12 pc 000000000002a6f4  /system/lib64/libsurfaceflinger.so
08-26 04:10:10.934  2949  2949 F DEBUG   :     #13 pc 000000000002df7c  /system/lib64/libsurfaceflinger.so (_ZN7android14SurfaceFlinger3runEv+20)
08-26 04:10:10.934  2949  2949 F DEBUG   :     #14 pc 00000000000011ec  /system/bin/surfaceflinger
08-26 04:10:10.934  2949  2949 F DEBUG   :     #15 pc 000000000001bcd8  /system/lib64/libc.so (__libc_init+100)
08-26 04:10:10.934  2949  2949 F DEBUG   :     #16 pc 000000000000101c  /system/bin/surfaceflinger
08-26 04:10:11.102  5987  5987 E audio_route: Failed to open /system/etc/mixer_paths.xml
08-26 04:10:11.108  5987  5987 I AudioFlinger: loadHwModule() Loaded primary audio interface from Samsung audio HW HAL (audio) handle 1
08-26 04:10:11.108  5987  5987 I AudioFlinger: openOutput(), module 1 Device 2, SamplingRate 44100, Format 0x000001, Channels 3, flags 2
08-26 04:10:11.108  5987  5987 I AudioFlinger: AudioStreamOut::open(), mHalFormatIsLinearPcm = 1
08-26 04:10:11.108  5987  5987 I AudioFlinger: HAL output buffer size 256 frames, normal sink buffer size 960 frames
08-26 04:10:11.110  5987  5987 I BufferProvider: found effect "Multichannel Downmix To Stereo" from The Android Open Source Project
08-26 04:10:11.110  5987  5987 E MonoPipe: Failed to fetch local time frequency when constructing a MonoPipe (res = -32).  getNextWriteTimestamp calls will be non-functional
08-26 04:10:11.110  5987  5987 I AudioFlinger: Using module 1 has the primary audio interface
08-26 04:10:11.110  5987  6191 I AudioFlinger: AudioFlinger's thread 0xf4940000 ready to run
08-26 04:10:11.110  5987  6191 V audio_hw_primary: do_out_standby: output standby: 1
08-26 04:10:11.111  5987  6191 V audio_hw_primary: out_set_parameters: key value pairs: routing=2
08-26 04:10:11.111  5987  6191 E AudioFlinger: no wake lock to update!
08-26 04:10:11.112  5987  5987 V audio_hw_primary: adev_open_input_stream: Created resampler converting 48000 -> 16000
08-26 04:10:11.112  5987  5987 V audio_hw_primary: adev_open_input_stream: Requesting input stream with rate: 16000, channels: 0xc
08-26 04:10:11.112  5987  6193 I AudioFlinger: AudioFlinger's thread 0xf4580000 ready to run
08-26 04:10:11.113  5987  5987 I r_submix: adev_open(name=audio_hw_if)
08-26 04:10:11.113  5987  5987 I r_submix: adev_init_check()
08-26 04:10:11.113  5987  5987 I AudioFlinger: loadHwModule() Loaded r_submix audio interface from Wifi Display audio HAL (audio) handle 4
08-26 04:10:11.113  5987  5987 D r_submix: adev_open_input_stream(addr=0)
08-26 04:10:11.113  5987  5987 D r_submix: submix_audio_device_create_pipe_l(addr=0, idx=9)
08-26 04:10:11.113  5987  5987 D r_submix:   now using address 0 for route 9
08-26 04:10:11.113  5987  6194 I AudioFlinger: AudioFlinger's thread 0xf4580000 ready to run
08-26 04:10:11.113  5987  5987 D r_submix: adev_close_input_stream()
08-26 04:10:11.113  5987  5987 D r_submix: submix_audio_device_release_pipe_l(idx=9) addr=0
08-26 04:10:11.113  5987  5987 D r_submix: submix_audio_device_destroy_pipe_l(): pipe destroyed
08-26 04:10:11.113  5987  5987 E SoundTriggerHwService: couldn't load sound trigger module sound_trigger.primary (No such file or directory)
08-26 04:10:11.114  5987  5987 I RadioService: RadioService
08-26 04:10:11.114  5987  5987 I RadioService: onFirstRef
08-26 04:10:11.114  5987  5987 E RadioService: couldn't load radio module radio.primary (No such file or directory)
08-26 04:10:11.137  2949  2949 F DEBUG   : 
08-26 04:10:11.137  2949  2949 F DEBUG   : Tombstone written to: /data/tombstones/tombstone_03
08-26 04:10:11.143  5988  5988 E Minikin : addFont failed to create font /system/fonts/NanumGothic.ttf
08-26 04:10:11.143  5988  5988 E Minikin : addFont failed to create font /system/fonts/DroidSansFallback.ttf
08-26 04:10:11.143  5988  5988 E Minikin : addFont failed to create font /system/fonts/MTLmr3m.ttf
08-26 04:10:11.183  2934  2934 I ServiceManager: service 'SurfaceFlinger' died
08-26 04:10:11.183  6033  6062 E SurfaceControl: invalid handle (0x0) or client (0x7f92f5c640)
08-26 04:10:11.183  2934  2934 I ServiceManager: service 'Exynos.HWCService' died
08-26 04:10:11.184  6033  6060 W SurfaceComposerClient: ComposerService remote (surfaceflinger) died [0x7f92f63320]
08-26 04:10:11.184  6033  6060 D BootAnimation: SurfaceFlinger died, exiting...
08-26 04:10:11.202  2934  2934 I ServiceManager: service 'media.radio' died
08-26 04:10:11.202  2934  2934 I ServiceManager: service 'media.sound_trigger_hw' died
08-26 04:10:11.202  2934  2934 I ServiceManager: service 'media.audio_flinger' died
08-26 04:10:11.202  2934  2934 I ServiceManager: service 'media.player' died
08-26 04:10:11.202  2934  2934 I ServiceManager: service 'media.resource_manager' died
08-26 04:10:11.202  2934  2934 I ServiceManager: service 'media.camera' died
08-26 04:10:11.202  2934  2934 I ServiceManager: service 'media.audio_policy' died
08-26 04:10:15.238  6215  6215 I Netd    : Netd 1.0 starting
08-26 04:10:15.238  6215  6215 I QtiConnectivityAdapter: Failed to open libconnctrl, some features may not be present.
08-26 04:10:15.238  6215  6215 D TetherController: Setting IP forward enable = 0
08-26 04:10:15.239  3068  3068 W auditd  : type=1325 audit(0.0:2100): table=filter family=2 entries=38
08-26 04:10:15.239  3068  3068 W auditd  : type=1320 audit(0.0:2100): 
08-26 04:10:15.249  3068  3068 W auditd  : type=1325 audit(0.0:2101): table=filter family=10 entries=43
08-26 04:10:15.249  3068  3068 W auditd  : type=1320 audit(0.0:2101): 
08-26 04:10:15.259  3068  3068 W auditd  : type=1325 audit(0.0:2102): table=filter family=2 entries=37
08-26 04:10:15.259  3068  3068 W auditd  : type=1320 audit(0.0:2102): 
08-26 04:10:15.280  6217  6217 I SurfaceFlinger: SurfaceFlinger is starting
08-26 04:10:15.280  6217  6217 I SurfaceFlinger: SurfaceFlinger's main thread ready to run. Initializing graphics H/W...
08-26 04:10:15.269  3068  3068 W auditd  : type=1325 audit(0.0:2103): table=filter family=10 entries=42
08-26 04:10:15.269  3068  3068 W auditd  : type=1320 audit(0.0:2103): 
08-26 04:10:15.279  3068  3068 W auditd  : type=1325 audit(0.0:2104): table=filter family=2 entries=37
08-26 04:10:15.279  3068  3068 W auditd  : type=1320 audit(0.0:2104): 
08-26 04:10:15.297  6217  6217 D libEGL  : loaded /vendor/lib64/egl/libGLES_mali.so
08-26 04:10:15.299  3068  3068 W auditd  : type=1325 audit(0.0:2105): table=filter family=10 entries=42
08-26 04:10:15.299  3068  3068 W auditd  : type=1320 audit(0.0:2105): 
08-26 04:10:15.309  3068  3068 W auditd  : type=1325 audit(0.0:2106): table=filter family=2 entries=35
08-26 04:10:15.309  3068  3068 W auditd  : type=1320 audit(0.0:2106): 
08-26 04:10:15.316  6217  6217 I gralloc : using (id=)
08-26 04:10:15.316  6217  6217 I gralloc : xres         = 1440 px
08-26 04:10:15.316  6217  6217 I gralloc : yres         = 2560 px
08-26 04:10:15.316  6217  6217 I gralloc : width        = 68 mm (537.882324 dpi)
08-26 04:10:15.316  6217  6217 I gralloc : height       = 122 mm (532.983582 dpi)
08-26 04:10:15.316  6217  6217 I gralloc : refresh rate = 59.42 Hz
08-26 04:10:15.321  6217  6217 D hwcomposer: using
08-26 04:10:15.321  6217  6217 D hwcomposer: xres         = 1440 px
08-26 04:10:15.321  6217  6217 D hwcomposer: yres         = 2560 px
08-26 04:10:15.321  6217  6217 D hwcomposer: width        = 68 mm (537.882000 dpi)
08-26 04:10:15.321  6217  6217 D hwcomposer: height       = 122 mm (532.983000 dpi)
08-26 04:10:15.321  6217  6217 D hwcomposer: refresh rate = 59 Hz
08-26 04:10:15.321  6217  6217 I DisplayResourceManagerModule: internalMPP type(10), index(1)
08-26 04:10:15.319  3068  3068 W auditd  : type=1325 audit(0.0:2107): table=filter family=10 entries=40
08-26 04:10:15.319  3068  3068 W auditd  : type=1320 audit(0.0:2107): 
08-26 04:10:15.322  6217  6217 I DisplayResourceManagerModule: internalMPP type(10), index(2)
08-26 04:10:15.322  6217  6217 I DisplayResourceManagerModule: internalMPP type(10), index(3)
08-26 04:10:15.322  6217  6217 I DisplayResourceManagerModule: internalMPP type(0), index(0)
08-26 04:10:15.322  6217  6217 I DisplayResourceManagerModule: internalMPP type(0), index(1)
08-26 04:10:15.322  6217  6217 I DisplayResourceManagerModule: internalMPP type(2), index(0)
08-26 04:10:15.322  6217  6217 I DisplayResourceManagerModule: internalMPP type(2), index(1)
08-26 04:10:15.322  6217  6217 I DisplayResourceManagerModule: externalMPP type(4), index(0)
08-26 04:10:15.322  6217  6217 I hwcutils: Open /dev/s5p-smem
08-26 04:10:15.322  6217  6217 I DisplayResourceManagerModule: externalMPP type(4), index(0)
08-26 04:10:15.323  6217  6217 I hwcutils: Open /dev/s5p-smem
08-26 04:10:15.323  6217  6217 I DisplayResourceManagerModule: externalMPP type(4), index(0)
08-26 04:10:15.323  6217  6217 I hwcutils: Open /dev/s5p-smem
08-26 04:10:15.323  6217  6217 I DisplayResourceManagerModule: externalMPP type(4), index(0)
08-26 04:10:15.323  6217  6217 I hwcutils: Open /dev/s5p-smem
08-26 04:10:15.323  6217  6217 I DisplayResourceManagerModule: externalMPP type(4), index(0)
08-26 04:10:15.323  6217  6217 I hwcutils: Open /dev/s5p-smem
08-26 04:10:15.323  6217  6217 I hwcomposer: PSR info devname = /sys/devices/13960000.decon_f/psr_info
08-26 04:10:15.323  6217  6217 I hwcomposer: PSR mode   = 2 (0: video mode, 1: DP PSR mode, 2: MIPI-DSI command mode)
08-26 04:10:15.323  6217  6217 I hwcomposer: Panel type = 1 (0: Legacy, 1: DSC)
08-26 04:10:15.325  6217  6217 I SurfaceFlinger: Using composer version 1.5
08-26 04:10:15.325  6217  6217 E display : [PrimaryDisplay] unknown display attribute 6
08-26 04:10:15.325  6217  6217 I SurfaceFlinger: EGL information:
08-26 04:10:15.325  6217  6217 I SurfaceFlinger: vendor    : Android
08-26 04:10:15.325  6217  6217 I SurfaceFlinger: version   : 1.4 Android META-EGL
08-26 04:10:15.325  6217  6217 I SurfaceFlinger: extensions: EGL_KHR_get_all_proc_addresses EGL_ANDROID_presentation_time EGL_KHR_swap_buffers_with_damage EGL_KHR_image EGL_KHR_image_base EGL_KHR_gl_texture_2D_image EGL_KHR_gl_texture_cubemap_image EGL_KHR_gl_renderbuffer_image EGL_KHR_fence_sync EGL_KHR_create_context EGL_KHR_config_attribs EGL_KHR_surfaceless_context EGL_EXT_create_context_robustness EGL_ANDROID_image_native_buffer EGL_KHR_wait_sync EGL_ANDROID_recordable EGL_KHR_partial_update 
08-26 04:10:15.325  6217  6217 I SurfaceFlinger: Client API: OpenGL_ES
08-26 04:10:15.325  6217  6217 I SurfaceFlinger: EGLSurface: 8-8-8-8, config=0x7fb177b138
08-26 04:10:15.329  6217  6217 I SurfaceFlinger: OpenGL ES informations:
08-26 04:10:15.329  6217  6217 I SurfaceFlinger: vendor    : ARM
08-26 04:10:15.329  6217  6217 I SurfaceFlinger: renderer  : Mali-T880
08-26 04:10:15.329  6217  6217 I SurfaceFlinger: version   : OpenGL ES 3.2 v1.r12p1-00dev0.60546d7cd0bfd82d0ba92ca3bb825c75
08-26 04:10:15.329  6217  6217 I SurfaceFlinger: extensions: GL_EXT_debug_marker GL_ARM_rgba8 GL_ARM_mali_shader_binary GL_OES_depth24 GL_OES_depth_texture GL_OES_depth_texture_cube_map GL_OES_packed_depth_stencil GL_OES_rgb8_rgba8 GL_EXT_read_format_bgra GL_OES_compressed_paletted_texture GL_OES_compressed_ETC1_RGB8_texture GL_OES_standard_derivatives GL_OES_EGL_image GL_OES_EGL_image_external GL_OES_EGL_image_external_essl3 GL_OES_EGL_sync GL_OES_texture_npot GL_OES_vertex_half_float GL_OES_required_internalformat GL_OES_vertex_array_object GL_OES_mapbuffer GL_EXT_texture_format_BGRA8888 GL_EXT_texture_rg GL_EXT_texture_type_2_10_10_10_REV GL_OES_fbo_render_mipmap GL_OES_element_index_uint GL_EXT_shadow_samplers GL_OES_texture_compression_astc GL_KHR_texture_compression_astc_ldr GL_KHR_texture_compression_astc_hdr GL_KHR_texture_compression_astc_sliced_3d GL_KHR_debug GL_EXT_occlusion_query_boolean GL_EXT_disjoint_timer_query GL_EXT_blend_minmax GL_EXT_discard_framebuffer GL_OES_get_program_binary GL_OES_texture_3D GL_EXT_texture_storage GL_EXT_multisamp
08-26 04:10:15.329  6217  6217 I SurfaceFlinger: GL_MAX_TEXTURE_SIZE = 16384
08-26 04:10:15.329  6217  6217 I SurfaceFlinger: GL_MAX_VIEWPORT_DIMS = 16384
08-26 04:10:15.330  6217  6217 D mali_winsys: EGLint new_window_surface(egl_winsys_display*, void*, EGLSurface, EGLConfig, egl_winsys_surface**, egl_color_buffer_format*, EGLBoolean) returns 0x3000,  [1440x2560]-format:1
08-26 04:10:15.331  6217  6217 E ion     : ioctl c0084904 failed with code -1: Invalid argument
08-26 04:10:15.331  6217  6217 E gralloc : invalid yuv format 1
08-26 04:10:15.331  6217  6217 W GraphicBufferAllocator: alloc(1440, 2560, 1, 00001a00, ...) failed -22 (Invalid argument)
08-26 04:10:15.331  6217  6217 E         : GraphicBufferAlloc::createGraphicBuffer(w=1440, h=2560) failed (Invalid argument), handle=0x0
08-26 04:10:15.331  6217  6217 E BufferQueueProducer: [FramebufferSurface] allocateBuffers: failed to allocate buffer (0 x 0, format 1, usage 512)
08-26 04:10:15.332  6217  6217 D SurfaceFlinger: Set power mode=2, type=0 flinger=0x7fb1743c00
08-26 04:10:15.332  6217  6217 I hwcomposer: int exynos_setPowerMode(hwc_composer_device_1*, int, int):: disp(0), mode(2)
08-26 04:10:15.329  3068  3068 W auditd  : type=1325 audit(0.0:2108): table=filter family=2 entries=37
08-26 04:10:15.329  3068  3068 W auditd  : type=1320 audit(0.0:2108): 
08-26 04:10:15.339  3068  3068 W auditd  : type=1325 audit(0.0:2109): table=filter family=10 entries=42
08-26 04:10:15.339  3068  3068 W auditd  : type=1320 audit(0.0:2109): 
