12-04 09:16:57.436  3339  3339 I SystemServiceManager: Starting org.cyanogenmod.platform.internal.CMStatusBarManagerService
12-04 09:16:57.436  3339  3339 D CMStatusBarManagerService: registerCMStatusBar cmstatusbar: org.cyanogenmod.platform.internal.CMStatusBarManagerService@7bc3baf
12-04 09:16:57.437  3339  3339 I CMSystemServer: Attempting to start service org.cyanogenmod.platform.internal.ProfileManagerService
12-04 09:16:57.439  3339  3339 I CMSystemServer: Starting service org.cyanogenmod.platform.internal.ProfileManagerService
12-04 09:16:57.439  3339  3339 I SystemServiceManager: Starting org.cyanogenmod.platform.internal.ProfileManagerService
12-04 09:16:57.439  2931  2931 E ServiceManager: add_service('profile',61) uid=1000 - ALREADY REGISTERED, OVERRIDE
12-04 09:16:57.439  2931  2931 I ServiceManager: service 'profile' died
12-04 09:16:57.440  3339  3403 D WifiService: New client listening to asynchronous messages
12-04 09:16:57.441  3339  3339 V ProfileTriggerHelper: Enabling
12-04 09:16:57.443  3339  3339 D CMProfileService: Set active profile to: 0230226d-0d05-494a-a9bd-d222a1117655 - Default
12-04 09:16:57.443  3339  3339 D CMProfileService: Saving profile data...
12-04 09:16:57.444  3339  3339 D CMProfileService: Save completed.
12-04 09:16:57.444  3339  3339 I CMSystemServer: Attempting to start service org.cyanogenmod.platform.internal.PartnerInterfaceService
12-04 09:16:57.445  3339  3339 I CMSystemServer: Starting service org.cyanogenmod.platform.internal.PartnerInterfaceService
12-04 09:16:57.445  3339  3339 I SystemServiceManager: Starting org.cyanogenmod.platform.internal.PartnerInterfaceService
12-04 09:16:57.445  2931  2931 E ServiceManager: add_service('cmpartnerinterface',62) uid=1000 - ALREADY REGISTERED, OVERRIDE
12-04 09:16:57.445  2931  2931 I ServiceManager: service 'cmpartnerinterface' died
12-04 09:16:57.445  3339  3339 I CMSystemServer: Attempting to start service org.cyanogenmod.platform.internal.CMTelephonyManagerService
12-04 09:16:57.446  3339  3339 I CMSystemServer: Starting service org.cyanogenmod.platform.internal.CMTelephonyManagerService
12-04 09:16:57.446  3339  3339 I SystemServiceManager: Starting org.cyanogenmod.platform.internal.CMTelephonyManagerService
12-04 09:16:57.446  3339  3339 I CMSystemServer: Attempting to start service org.cyanogenmod.platform.internal.CMHardwareService
12-04 09:16:57.449  3339  3339 I CMSystemServer: Starting service org.cyanogenmod.platform.internal.CMHardwareService
12-04 09:16:57.449  3339  3339 I SystemServiceManager: Starting org.cyanogenmod.platform.internal.CMHardwareService
12-04 09:16:57.450  2931  2931 E ServiceManager: add_service('cmhardware',64) uid=1000 - ALREADY REGISTERED, OVERRIDE
12-04 09:16:57.450  2931  2931 I ServiceManager: service 'cmhardware' died
12-04 09:16:57.450  3339  3339 I CMSystemServer: Attempting to start service org.cyanogenmod.platform.internal.AppSuggestManagerService
12-04 09:16:57.451  3339  3339 I CMSystemServer: Starting service org.cyanogenmod.platform.internal.AppSuggestManagerService
12-04 09:16:57.451  3339  3339 I SystemServiceManager: Starting org.cyanogenmod.platform.internal.AppSuggestManagerService
12-04 09:16:57.451  3339  3339 W ServiceWatcher: com.cyanogen.app.suggest not found
12-04 09:16:57.451  3339  3339 E AppSgstMgrService: no app suggest provider found
12-04 09:16:57.451  3339  3339 I CMSystemServer: Attempting to start service org.cyanogenmod.platform.internal.PerformanceManagerService
12-04 09:16:57.460  3339  3442 I ServiceThread: Enabled StrictMode logging for PerformanceManager looper.
12-04 09:16:57.460  3339  3339 I CMSystemServer: Starting service org.cyanogenmod.platform.internal.PerformanceManagerService
12-04 09:16:57.460  3339  3339 I SystemServiceManager: Starting org.cyanogenmod.platform.internal.PerformanceManagerService
12-04 09:16:57.461  3339  3443 I ServiceThread: Enabled StrictMode logging for PerformanceManager looper.
12-04 09:16:57.461  3339  3339 I CMSystemServer: Attempting to start service org.cyanogenmod.platform.internal.ThemeManagerServiceBroker
12-04 09:16:57.462  3339  3339 E BrokerableCMSystemService: Setting brokered service connection org.cyanogenmod.platform.internal.ThemeManagerServiceBroker$2@dd3403e
12-04 09:16:57.463  3339  3339 I CMSystemServer: Starting service org.cyanogenmod.platform.internal.ThemeManagerServiceBroker
12-04 09:16:57.463  3339  3339 I SystemServiceManager: Starting org.cyanogenmod.platform.internal.ThemeManagerServiceBroker
12-04 09:16:57.463  3339  3339 E BrokerableCMSystemService: Setting brokered service connection org.cyanogenmod.platform.internal.ThemeManagerServiceBroker$2@e796e9f
12-04 09:16:57.463  3339  3339 I CMSystemServer: Attempting to start service org.cyanogenmod.platform.internal.IconCacheManagerServiceBroker
12-04 09:16:57.463  3339  3339 E BrokerableCMSystemService: Setting brokered service connection org.cyanogenmod.platform.internal.IconCacheManagerServiceBroker$2@762bbec
12-04 09:16:57.463  3339  3339 I CMSystemServer: Starting service org.cyanogenmod.platform.internal.IconCacheManagerServiceBroker
12-04 09:16:57.463  3339  3339 I SystemServiceManager: Starting org.cyanogenmod.platform.internal.IconCacheManagerServiceBroker
12-04 09:16:57.463  3339  3339 E BrokerableCMSystemService: Setting brokered service connection org.cyanogenmod.platform.internal.IconCacheManagerServiceBroker$2@ed41bb5
12-04 09:16:57.463  3339  3339 I CMSystemServer: Attempting to start service org.cyanogenmod.platform.internal.LiveLockScreenServiceBroker
12-04 09:16:57.464  3339  3339 E BrokerableCMSystemService: Setting brokered service connection org.cyanogenmod.platform.internal.LiveLockScreenServiceBroker$2@3bf224a
12-04 09:16:57.464  3339  3339 I CMSystemServer: Starting service org.cyanogenmod.platform.internal.LiveLockScreenServiceBroker
12-04 09:16:57.464  3339  3339 I SystemServiceManager: Starting org.cyanogenmod.platform.internal.LiveLockScreenServiceBroker
12-04 09:16:57.464  3339  3339 E BrokerableCMSystemService: Setting brokered service connection org.cyanogenmod.platform.internal.LiveLockScreenServiceBroker$2@41055bb
12-04 09:16:57.464  3339  3339 I CMSystemServer: Attempting to start service org.cyanogenmod.platform.internal.WeatherManagerServiceBroker
12-04 09:16:57.465  3339  3339 I CMSystemServer: Starting service org.cyanogenmod.platform.internal.WeatherManagerServiceBroker
12-04 09:16:57.465  3339  3339 I SystemServiceManager: Starting org.cyanogenmod.platform.internal.WeatherManagerServiceBroker
12-04 09:16:57.465  3339  3339 I CMSystemServer: Attempting to start service org.cyanogenmod.platform.internal.display.LiveDisplayService
12-04 09:16:57.468  3339  3444 I ServiceThread: Enabled StrictMode logging for LiveDisplay looper.
12-04 09:16:57.468  3339  3339 I CMSystemServer: Starting service org.cyanogenmod.platform.internal.display.LiveDisplayService
12-04 09:16:57.468  3339  3339 I SystemServiceManager: Starting org.cyanogenmod.platform.internal.display.LiveDisplayService
12-04 09:16:57.468  3339  3445 I ServiceThread: Enabled StrictMode logging for LiveDisplay looper.
12-04 09:16:57.468  3339  3339 I CMSystemServer: Attempting to start service org.cyanogenmod.platform.internal.CMAudioServiceBroker
12-04 09:16:57.469  3339  3339 I CMSystemServer: Starting service org.cyanogenmod.platform.internal.CMAudioServiceBroker
12-04 09:16:57.469  3339  3339 I SystemServiceManager: Starting org.cyanogenmod.platform.internal.CMAudioServiceBroker
12-04 09:16:57.639  3339  3339 E SQLiteLog: (1) no such table: locksettings
12-04 09:16:57.688  3339  3339 I LockSettingsService: Migrated lock settings to new location
12-04 09:16:57.714  3339  3339 I LockSettingsService: Migrated per-user lock settings to new location
12-04 09:16:57.761  3339  3339 I LockSettingsService: Migrated biometric weak to use the fallback instead
12-04 09:16:57.775  3339  3339 I LockSettingsService: Migrated lockscreen disabled flag
12-04 09:16:57.801  3339  3339 I LockSettingsService: Migrated primary user pattern size
12-04 09:16:57.802  3339  3339 E LockSettingsStorage: Cannot read file java.io.FileNotFoundException: /data/system/gatekeeper.password.key: open failed: ENOENT (No such file or directory)
12-04 09:16:57.802  3339  3339 E LockSettingsStorage: Cannot read file java.io.FileNotFoundException: /data/system/password.key: open failed: ENOENT (No such file or directory)
12-04 09:16:57.802  3339  3339 E LockSettingsStorage: Cannot read file java.io.FileNotFoundException: /data/system/gatekeeper.pattern.key: open failed: ENOENT (No such file or directory)
12-04 09:16:57.803  3339  3339 E LockSettingsStorage: Cannot read file java.io.FileNotFoundException: /data/system/gatekeeper.gesture.key: open failed: ENOENT (No such file or directory)
12-04 09:16:57.803  3339  3339 E LockSettingsStorage: Cannot read file java.io.FileNotFoundException: /data/system/gesture.key: open failed: ENOENT (No such file or directory)
12-04 09:16:57.803  3339  3339 E LockSettingsStorage: Cannot read file java.io.FileNotFoundException: /data/system/cm_gesture.key: open failed: ENOENT (No such file or directory)
12-04 09:16:57.803  3339  3339 I SystemServiceManager: Starting phase 480
12-04 09:16:57.804  3339  3339 I SystemServiceManager: Starting phase 500
12-04 09:16:57.805  3339  3339 D BluetoothService: onBootPhase: PHASE_SYSTEM_SERVICES_READY
12-04 09:16:57.805  3339  3339 D BluetoothManagerService: Bluetooth boot completed
12-04 09:16:57.805  3339  3339 D BluetoothManagerService: Retrieving Bluetooth Adapter name and address...
12-04 09:16:57.805  3339  3339 D BluetoothManagerService: getNameAndAddress(): mBluetooth = null mBinding = false
12-04 09:16:57.805  3339  3359 D BluetoothManagerService: Message: 200
12-04 09:16:57.805  3339  3359 D BluetoothManagerService: MESSAGE_GET_NAME_AND_ADDRESS
12-04 09:16:57.805  3339  3359 D BluetoothManagerService: Binding to service to get name and address
12-04 09:16:57.806  3339  3339 I WifiService: WifiService starting up with Wi-Fi disabled
12-04 09:16:57.810  3339  3339 I WifiScanningService: Registering wifiscanner
12-04 09:16:57.812  3339  3339 I RttService: Registering rttmanager
12-04 09:16:57.813  3339  3339 I EthernetServiceImpl: Starting Ethernet service
12-04 09:16:57.814  3339  3339 D Ethernet: Registering NetworkFactory
12-04 09:16:57.814  3339  3404 D ConnectivityService: Got NetworkFactory Messenger for Ethernet
12-04 09:16:57.814  3339  3449 D Ethernet: got request NetworkRequest [ id=1, legacyType=-1, [ Capabilities: INTERNET&NOT_RESTRICTED&TRUSTED&NOT_VPN] ] with score 0
12-04 09:16:57.817  3339  3339 V BackupManagerService: No ancestral data
12-04 09:16:57.881  3339  3339 V KeyValueBackupJob: Scheduling k/v pass in 241 minutes
12-04 09:16:58.113  3339  3339 V BackupManagerService: Starting with transport com.google.android.gms/.backup.BackupTransportService
12-04 09:16:58.113  3339  3339 V BackupManagerService: Found transports: 1
12-04 09:16:58.114  3339  3339 I BackupManagerService: Binding to transport host ComponentInfo{android/com.android.internal.backup.LocalTransportService}
12-04 09:16:58.115  3339  3339 W ThemeManagerServiceBroker: Cannot stat /data/system/theme/alarms
12-04 09:16:58.170  3339  3339 W PackageManager: Unable to get pkg for processing system
12-04 09:16:58.171  3339  3339 E PackageManager: Unable to find icon pack: system
12-04 09:16:58.171  3339  3339 I DefaultPermGrantPolicy: Granting permissions to platform components for user 0
12-04 09:16:58.171  3339  3339 D VoldConnector: SND -> {4 volume remount_uid 1001 none}
12-04 09:16:58.172  3339  3362 W KeyguardServiceDelegate: onScreenTurningOn(): no keyguard service!
12-04 09:16:58.172  2919  2958 D vold    : Remounting 1001 as mode none
12-04 09:16:58.174  3339  3395 D VoldConnector: RCV <- {200 4 Command succeeded}
12-04 09:16:58.175  3339  3339 D VoldConnector: SND -> {5 volume remount_uid 1001 none}
12-04 09:16:58.175  2919  2958 D vold    : Remounting 1001 as mode none
12-04 09:16:58.177  3339  3395 D VoldConnector: RCV <- {200 5 Command succeeded}
12-04 09:16:58.177  3339  3339 D VoldConnector: SND -> {6 volume remount_uid 1000 none}
12-04 09:16:58.177  2919  2958 D vold    : Remounting 1000 as mode none
12-04 09:16:58.179  2919  2958 D vold    : Found matching PID 2931
12-04 09:16:58.179  2919  2958 W vold    : Skipping due to root namespace
12-04 09:16:58.179  2919  2958 D vold    : Found matching PID 2932
12-04 09:16:58.179  2919  2958 W vold    : Skipping due to root namespace
12-04 09:16:58.179  2919  2958 D vold    : Found matching PID 2944
12-04 09:16:58.179  2919  2958 W vold    : Skipping due to root namespace
12-04 09:16:58.179  2919  2958 D vold    : Found matching PID 2947
12-04 09:16:58.179  2919  2958 W vold    : Skipping due to root namespace
12-04 09:16:58.180  2919  2958 D vold    : Found matching PID 3339
12-04 09:16:58.181  3339  3395 D VoldConnector: RCV <- {200 6 Command succeeded}
12-04 09:16:58.182  3339  3339 D VoldConnector: SND -> {7 volume remount_uid 1000 none}
12-04 09:16:58.182  2919  2958 D vold    : Remounting 1000 as mode none
12-04 09:16:58.184  2919  2958 D vold    : Found matching PID 2931
12-04 09:16:58.184  2919  2958 W vold    : Skipping due to root namespace
12-04 09:16:58.184  2919  2958 D vold    : Found matching PID 2932
12-04 09:16:58.184  2919  2958 W vold    : Skipping due to root namespace
12-04 09:16:58.184  2919  2958 D vold    : Found matching PID 2944
12-04 09:16:58.184  2919  2958 W vold    : Skipping due to root namespace
12-04 09:16:58.184  2919  2958 D vold    : Found matching PID 2947
12-04 09:16:58.184  2919  2958 W vold    : Skipping due to root namespace
12-04 09:16:58.184  2919  2958 D vold    : Found matching PID 3339
12-04 09:16:58.185  3339  3395 D VoldConnector: RCV <- {200 7 Command succeeded}
12-04 09:16:58.186  3339  3339 D VoldConnector: SND -> {8 volume remount_uid 2000 none}
12-04 09:16:58.186  2919  2958 D vold    : Remounting 2000 as mode none
12-04 09:16:58.188  3339  3395 D VoldConnector: RCV <- {200 8 Command succeeded}
12-04 09:16:58.188  3339  3339 D VoldConnector: SND -> {9 volume remount_uid 2000 none}
12-04 09:16:58.188  2919  2958 D vold    : Remounting 2000 as mode none
12-04 09:16:58.191  3339  3395 D VoldConnector: RCV <- {200 9 Command succeeded}
12-04 09:16:58.191  3339  3339 D VoldConnector: SND -> {10 volume remount_uid 10028 none}
12-04 09:16:58.191  2919  2958 D vold    : Remounting 10028 as mode none
12-04 09:16:58.193  3339  3395 D VoldConnector: RCV <- {200 10 Command succeeded}
12-04 09:16:58.193  3339  3339 D VoldConnector: SND -> {11 volume remount_uid 10028 none}
12-04 09:16:58.193  2919  2958 D vold    : Remounting 10028 as mode none
12-04 09:16:58.195  3339  3395 D VoldConnector: RCV <- {200 11 Command succeeded}
12-04 09:16:58.196  3339  3339 D VoldConnector: SND -> {12 volume remount_uid 1002 none}
12-04 09:16:58.196  2919  2958 D vold    : Remounting 1002 as mode none
12-04 09:16:58.198  3339  3395 D VoldConnector: RCV <- {200 12 Command succeeded}
12-04 09:16:58.198  3339  3339 D VoldConnector: SND -> {13 volume remount_uid 1002 none}
12-04 09:16:58.198  2919  2958 D vold    : Remounting 1002 as mode none
12-04 09:16:58.200  3339  3395 D VoldConnector: RCV <- {200 13 Command succeeded}
12-04 09:16:58.201  3339  3339 I DefaultPermGrantPolicy: Granting permissions to default platform handlers for user 0
12-04 09:16:58.201  3339  3339 W VoiceInteractionManagerService: no available voice interaction services found for user 0
12-04 09:16:58.201  3339  3339 W VoiceInteractionManagerService: no available voice recognition services found for user 0
12-04 09:16:58.201  3339  3339 D VoldConnector: SND -> {14 volume remount_uid 10017 none}
12-04 09:16:58.201  2919  2958 D vold    : Remounting 10017 as mode none
12-04 09:16:58.203  3339  3395 D VoldConnector: RCV <- {200 14 Command succeeded}
12-04 09:16:58.204  3339  3339 D VoldConnector: SND -> {15 volume remount_uid 10044 none}
12-04 09:16:58.204  2919  2958 D vold    : Remounting 10044 as mode none
12-04 09:16:58.206  3339  3395 D VoldConnector: RCV <- {200 15 Command succeeded}
12-04 09:16:58.207  3339  3339 D VoldConnector: SND -> {16 volume remount_uid 10044 none}
12-04 09:16:58.207  2919  2958 D vold    : Remounting 10044 as mode none
12-04 09:16:58.209  3339  3395 D VoldConnector: RCV <- {200 16 Command succeeded}
12-04 09:16:58.209  3339  3339 D VoldConnector: SND -> {17 volume remount_uid 10009 none}
12-04 09:16:58.209  2919  2958 D vold    : Remounting 10009 as mode none
12-04 09:16:58.211  3339  3395 D VoldConnector: RCV <- {200 17 Command succeeded}
12-04 09:16:58.211  3339  3339 D VoldConnector: SND -> {18 volume remount_uid 10009 none}
12-04 09:16:58.211  2919  2958 D vold    : Remounting 10009 as mode none
12-04 09:16:58.214  3339  3395 D VoldConnector: RCV <- {200 18 Command succeeded}
12-04 09:16:58.214  3339  3339 D VoldConnector: SND -> {19 volume remount_uid 10010 none}
12-04 09:16:58.214  2919  2958 D vold    : Remounting 10010 as mode none
12-04 09:16:58.216  3339  3395 D VoldConnector: RCV <- {200 19 Command succeeded}
12-04 09:16:58.216  3339  3339 D VoldConnector: SND -> {20 volume remount_uid 10010 none}
12-04 09:16:58.216  2919  2958 D vold    : Remounting 10010 as mode none
12-04 09:16:58.218  3339  3395 D VoldConnector: RCV <- {200 20 Command succeeded}
12-04 09:16:58.220  3339  3339 D VoldConnector: SND -> {21 volume remount_uid 10001 none}
12-04 09:16:58.220  2919  2958 D vold    : Remounting 10001 as mode none
12-04 09:16:58.222  3339  3395 D VoldConnector: RCV <- {200 21 Command succeeded}
12-04 09:16:58.222  3339  3339 D VoldConnector: SND -> {22 volume remount_uid 10001 none}
12-04 09:16:58.222  2919  2958 D vold    : Remounting 10001 as mode none
12-04 09:16:58.224  3339  3395 D VoldConnector: RCV <- {200 22 Command succeeded}
12-04 09:16:58.225  3339  3339 D VoldConnector: SND -> {23 volume remount_uid 10039 none}
12-04 09:16:58.226  2919  2958 D vold    : Remounting 10039 as mode none
12-04 09:16:58.228  3339  3395 D VoldConnector: RCV <- {200 23 Command succeeded}
12-04 09:16:58.228  3339  3339 D VoldConnector: SND -> {24 volume remount_uid 10039 none}
12-04 09:16:58.228  2919  2958 D vold    : Remounting 10039 as mode none
12-04 09:16:58.230  3339  3395 D VoldConnector: RCV <- {200 24 Command succeeded}
12-04 09:16:58.232  3339  3339 I ActivityManager: Pre-boot of {com.android.providers.calendar/com.android.providers.calendar.CalendarUpgradeReceiver} for user 0
12-04 09:16:58.232  3339  3339 I SystemServer: Enabled StrictMode for system server main thread.
12-04 09:16:58.243  3339  3353 I Zygote  : Process: zygote socket opened, supported ABIS: arm64-v8a,armeabi
12-04 09:16:58.243  2942  3343 I art     : Starting a blocking GC HeapTrim
12-04 09:16:58.253  3339  3353 I ActivityManager: Start proc 3467:com.android.providers.calendar/u0a1 for broadcast com.android.providers.calendar/.CalendarUpgradeReceiver
12-04 09:16:58.257  3339  3351 I ActivityManager: Launching preboot mode app: ProcessRecord{765a50f 3467:com.android.providers.calendar/u0a1}
12-04 09:16:58.257  3339  3351 W SchedPolicy: zygote64 add_tid_to_cpuset failed to write '3467' (Permission denied); fd=49
12-04 09:16:58.257  3339  3351 W ActivityManager: Failed setting process group of 3467 to 0
12-04 09:16:58.258  3339  3351 W System.err: java.lang.IllegalArgumentException
12-04 09:16:58.258  3339  3351 W System.err: 	at android.os.Process.setProcessGroup(Native Method)
12-04 09:16:58.258  3339  3351 W System.err: 	at com.android.server.am.ActivityManagerService.applyOomAdjLocked(ActivityManagerService.java:19193)
12-04 09:16:58.258  3339  3351 W System.err: 	at com.android.server.am.ActivityManagerService.updateOomAdjLocked(ActivityManagerService.java:19716)
12-04 09:16:58.258  3339  3351 W System.err: 	at com.android.server.am.BroadcastQueue.processCurBroadcastLocked(BroadcastQueue.java:267)
12-04 09:16:58.258  3339  3351 W System.err: 	at com.android.server.am.BroadcastQueue.sendPendingBroadcastsLocked(BroadcastQueue.java:307)
12-04 09:16:58.258  3339  3351 W System.err: 	at com.android.server.am.ActivityManagerService.sendPendingBroadcastsLocked(ActivityManagerService.java:16632)
12-04 09:16:58.258  3339  3351 W System.err: 	at com.android.server.am.ActivityManagerService.attachApplicationLocked(ActivityManagerService.java:6491)
12-04 09:16:58.258  3339  3351 W System.err: 	at com.android.server.am.ActivityManagerService.attachApplication(ActivityManagerService.java:6532)
12-04 09:16:58.258  3339  3351 W System.err: 	at android.app.ActivityManagerNative.onTransact(ActivityManagerNative.java:507)
12-04 09:16:58.258  3339  3351 W System.err: 	at com.android.server.am.ActivityManagerService.onTransact(ActivityManagerService.java:2680)
12-04 09:16:58.258  3339  3351 W System.err: 	at android.os.Binder.execTransact(Binder.java:453)
12-04 09:16:58.261  3339  3339 D RttService: SCAN_AVAILABLE : 1
12-04 09:16:58.262  3339  3448 D RttService: DefaultState got{ when=0 what=160513 target=com.android.internal.util.StateMachine$SmHandler }
12-04 09:16:58.269  3467  3467 W System  : ClassLoader referenced unknown path: /system/priv-app/CalendarProvider/lib/arm64
12-04 09:16:58.279  3339  3339 V BackupManagerService: Connected to transport ComponentInfo{android/com.android.internal.backup.LocalTransportService}
12-04 09:16:58.279  3339  3339 V BackupManagerService: Registering transport android/com.android.internal.backup.LocalTransportService::android/com.android.internal.backup.LocalTransport = android.app.backup.BackupTransport$TransportImpl@72c099c
12-04 09:16:58.319  3339  3351 I ActivityManager: Pre-boot of {org.cyanogenmod.cmsettings/org.cyanogenmod.cmsettings.PreBootReceiver} for user 0
12-04 09:16:58.400  3339  3339 W CMSettings: Setting dev_force_show_navbar has moved from CMSettings.Secure to CMSettings.Global, value is unchanged.
12-04 09:16:58.421  3339  3339 I ActivityManager: Pre-boot of {com.android.providers.contacts/com.android.providers.contacts.ContactsUpgradeReceiver} for user 0
12-04 09:16:58.431  3339  3339 I ActivityManager: Start proc 3508:android.process.acore/u0a4 for broadcast com.android.providers.contacts/.ContactsUpgradeReceiver
12-04 09:16:58.436  3339  3480 I ActivityManager: Launching preboot mode app: ProcessRecord{355cfa5 3508:android.process.acore/u0a4}
12-04 09:16:58.436  3339  3480 W SchedPolicy: zygote64 add_tid_to_cpuset failed to write '3508' (Permission denied); fd=49
12-04 09:16:58.436  3339  3480 W ActivityManager: Failed setting process group of 3508 to 0
12-04 09:16:58.436  3339  3480 W System.err: java.lang.IllegalArgumentException
12-04 09:16:58.436  3339  3480 W System.err: 	at android.os.Process.setProcessGroup(Native Method)
12-04 09:16:58.436  3339  3480 W System.err: 	at com.android.server.am.ActivityManagerService.applyOomAdjLocked(ActivityManagerService.java:19193)
12-04 09:16:58.436  3339  3480 W System.err: 	at com.android.server.am.ActivityManagerService.updateOomAdjLocked(ActivityManagerService.java:19716)
12-04 09:16:58.436  3339  3480 W System.err: 	at com.android.server.am.BroadcastQueue.processCurBroadcastLocked(BroadcastQueue.java:267)
12-04 09:16:58.436  3339  3480 W System.err: 	at com.android.server.am.BroadcastQueue.sendPendingBroadcastsLocked(BroadcastQueue.java:307)
12-04 09:16:58.437  3339  3480 W System.err: 	at com.android.server.am.ActivityManagerService.sendPendingBroadcastsLocked(ActivityManagerService.java:16632)
12-04 09:16:58.437  3339  3480 W System.err: 	at com.android.server.am.ActivityManagerService.attachApplicationLocked(ActivityManagerService.java:6491)
12-04 09:16:58.437  3339  3480 W System.err: 	at com.android.server.am.ActivityManagerService.attachApplication(ActivityManagerService.java:6532)
12-04 09:16:58.437  3339  3480 W System.err: 	at android.app.ActivityManagerNative.onTransact(ActivityManagerNative.java:507)
12-04 09:16:58.437  3339  3480 W System.err: 	at com.android.server.am.ActivityManagerService.onTransact(ActivityManagerService.java:2680)
12-04 09:16:58.437  3339  3480 W System.err: 	at android.os.Binder.execTransact(Binder.java:453)
12-04 09:16:58.448  3508  3508 W System  : ClassLoader referenced unknown path: /system/priv-app/ContactsProvider/lib/arm64
12-04 09:16:58.548  3508  3508 I ContactsUpgradeReceiver: Creating or opening contacts database
12-04 09:16:58.691  3508  3508 I ContactsDatabaseHelper: Bootstrapping database version: 1013
12-04 09:16:58.768  3508  3508 I ContactsProviderV1: Bootstrapping database legacy support
12-04 09:16:59.173  3339  3354 W WindowManager: Keyguard drawn timeout. Setting mKeyguardDrawComplete
12-04 09:16:59.177  3508  3508 I ContactsDatabaseHelper: Bootstrapping database version: 1013
12-04 09:16:59.220  3508  3508 I ContactsProviderV1: Bootstrapping database legacy support
12-04 09:16:59.554  3508  3508 I ContactsProvider: Locale has changed from null to en-US
12-04 09:16:59.554  3508  3508 I ContactsDatabaseHelper: Switching to locale en-US (ICU v55.1)
12-04 09:16:59.853  3508  3508 I ContactsDatabaseHelper: Locale change completed in 299ms
12-04 09:16:59.854  3508  3508 I ContactsDatabaseHelper: Switching to locale en-US (ICU v55.1)
12-04 09:16:59.991  3508  3508 I ContactsDatabaseHelper: Locale change completed in 137ms
12-04 09:17:00.175  3339  3351 I ActivityManager: Pre-boot of {com.android.providers.media/com.android.providers.media.MediaUpgradeReceiver} for user 0
12-04 09:17:00.209  3339  3351 I ActivityManager: Start proc 3550:android.process.media/u0a9 for broadcast com.android.providers.media/.MediaUpgradeReceiver
12-04 09:17:00.214  3339  3480 I ActivityManager: Launching preboot mode app: ProcessRecord{f6bdf7a 3550:android.process.media/u0a9}
12-04 09:17:00.214  3339  3480 W SchedPolicy: zygote64 add_tid_to_cpuset failed to write '3550' (Permission denied); fd=49
12-04 09:17:00.214  3339  3480 W ActivityManager: Failed setting process group of 3550 to 0
12-04 09:17:00.214  3339  3480 W System.err: java.lang.IllegalArgumentException
12-04 09:17:00.214  3339  3480 W System.err: 	at android.os.Process.setProcessGroup(Native Method)
12-04 09:17:00.214  3339  3480 W System.err: 	at com.android.server.am.ActivityManagerService.applyOomAdjLocked(ActivityManagerService.java:19193)
12-04 09:17:00.215  3339  3480 W System.err: 	at com.android.server.am.ActivityManagerService.updateOomAdjLocked(ActivityManagerService.java:19716)
12-04 09:17:00.215  3339  3480 W System.err: 	at com.android.server.am.BroadcastQueue.processCurBroadcastLocked(BroadcastQueue.java:267)
12-04 09:17:00.215  3339  3480 W System.err: 	at com.android.server.am.BroadcastQueue.sendPendingBroadcastsLocked(BroadcastQueue.java:307)
12-04 09:17:00.215  3339  3480 W System.err: 	at com.android.server.am.ActivityManagerService.sendPendingBroadcastsLocked(ActivityManagerService.java:16632)
12-04 09:17:00.215  3339  3480 W System.err: 	at com.android.server.am.ActivityManagerService.attachApplicationLocked(ActivityManagerService.java:6491)
12-04 09:17:00.215  3339  3480 W System.err: 	at com.android.server.am.ActivityManagerService.attachApplication(ActivityManagerService.java:6532)
12-04 09:17:00.215  3339  3480 W System.err: 	at android.app.ActivityManagerNative.onTransact(ActivityManagerNative.java:507)
12-04 09:17:00.215  3339  3480 W System.err: 	at com.android.server.am.ActivityManagerService.onTransact(ActivityManagerService.java:2680)
12-04 09:17:00.215  3339  3480 W System.err: 	at android.os.Binder.execTransact(Binder.java:453)
12-04 09:17:00.223  3550  3550 W System  : ClassLoader referenced unknown path: /system/priv-app/MediaProvider/lib/arm64
12-04 09:17:00.269  3339  3480 I ActivityManager: Pre-boot of {com.android.managedprovisioning/com.android.managedprovisioning.PreBootListener} for user 0
12-04 09:17:00.280  3339  3480 I ActivityManager: Start proc 3564:com.android.managedprovisioning/u0a12 for broadcast com.android.managedprovisioning/.PreBootListener
12-04 09:17:00.285  3339  3350 I ActivityManager: Launching preboot mode app: ProcessRecord{161832b 3564:com.android.managedprovisioning/u0a12}
12-04 09:17:00.286  3339  3350 W SchedPolicy: zygote64 add_tid_to_cpuset failed to write '3564' (Permission denied); fd=49
12-04 09:17:00.286  3339  3350 W ActivityManager: Failed setting process group of 3564 to 0
12-04 09:17:00.286  3339  3350 W System.err: java.lang.IllegalArgumentException
12-04 09:17:00.286  3339  3350 W System.err: 	at android.os.Process.setProcessGroup(Native Method)
12-04 09:17:00.286  3339  3350 W System.err: 	at com.android.server.am.ActivityManagerService.applyOomAdjLocked(ActivityManagerService.java:19193)
12-04 09:17:00.286  3339  3350 W System.err: 	at com.android.server.am.ActivityManagerService.updateOomAdjLocked(ActivityManagerService.java:19716)
12-04 09:17:00.286  3339  3350 W System.err: 	at com.android.server.am.BroadcastQueue.processCurBroadcastLocked(BroadcastQueue.java:267)
12-04 09:17:00.286  3339  3350 W System.err: 	at com.android.server.am.BroadcastQueue.sendPendingBroadcastsLocked(BroadcastQueue.java:307)
12-04 09:17:00.286  3339  3350 W System.err: 	at com.android.server.am.ActivityManagerService.sendPendingBroadcastsLocked(ActivityManagerService.java:16632)
12-04 09:17:00.286  3339  3350 W System.err: 	at com.android.server.am.ActivityManagerService.attachApplicationLocked(ActivityManagerService.java:6491)
12-04 09:17:00.286  3339  3350 W System.err: 	at com.android.server.am.ActivityManagerService.attachApplication(ActivityManagerService.java:6532)
12-04 09:17:00.286  3339  3350 W System.err: 	at android.app.ActivityManagerNative.onTransact(ActivityManagerNative.java:507)
12-04 09:17:00.286  3339  3350 W System.err: 	at com.android.server.am.ActivityManagerService.onTransact(ActivityManagerService.java:2680)
12-04 09:17:00.286  3339  3350 W System.err: 	at android.os.Binder.execTransact(Binder.java:453)
12-04 09:17:00.296  3564  3564 W System  : ClassLoader referenced unknown path: /system/priv-app/ManagedProvisioning/lib/arm64
12-04 09:17:00.301  3339  3480 I ActivityManager: Pre-boot of {com.android.dialer/com.android.dialer.SystemUpdateReceiver} for user 0
12-04 09:17:00.311  3339  3480 I ActivityManager: Start proc 3577:com.android.dialer/u0a21 for broadcast com.android.dialer/.SystemUpdateReceiver
12-04 09:17:00.316  3339  3351 I ActivityManager: Launching preboot mode app: ProcessRecord{abe2388 3577:com.android.dialer/u0a21}
12-04 09:17:00.316  3339  3351 W SchedPolicy: zygote64 add_tid_to_cpuset failed to write '3577' (Permission denied); fd=49
12-04 09:17:00.316  3339  3351 W ActivityManager: Failed setting process group of 3577 to 0
12-04 09:17:00.316  3339  3351 W System.err: java.lang.IllegalArgumentException
12-04 09:17:00.316  3339  3351 W System.err: 	at android.os.Process.setProcessGroup(Native Method)
12-04 09:17:00.317  3339  3351 W System.err: 	at com.android.server.am.ActivityManagerService.applyOomAdjLocked(ActivityManagerService.java:19193)
12-04 09:17:00.317  3339  3351 W System.err: 	at com.android.server.am.ActivityManagerService.updateOomAdjLocked(ActivityManagerService.java:19716)
12-04 09:17:00.317  3339  3351 W System.err: 	at com.android.server.am.BroadcastQueue.processCurBroadcastLocked(BroadcastQueue.java:267)
12-04 09:17:00.317  3339  3351 W System.err: 	at com.android.server.am.BroadcastQueue.sendPendingBroadcastsLocked(BroadcastQueue.java:307)
12-04 09:17:00.317  3339  3351 W System.err: 	at com.android.server.am.ActivityManagerService.sendPendingBroadcastsLocked(ActivityManagerService.java:16632)
12-04 09:17:00.317  3339  3351 W System.err: 	at com.android.server.am.ActivityManagerService.attachApplicationLocked(ActivityManagerService.java:6491)
12-04 09:17:00.317  3339  3351 W System.err: 	at com.android.server.am.ActivityManagerService.attachApplication(ActivityManagerService.java:6532)
12-04 09:17:00.317  3339  3351 W System.err: 	at android.app.ActivityManagerNative.onTransact(ActivityManagerNative.java:507)
12-04 09:17:00.317  3339  3351 W System.err: 	at com.android.server.am.ActivityManagerService.onTransact(ActivityManagerService.java:2680)
12-04 09:17:00.317  3339  3351 W System.err: 	at android.os.Binder.execTransact(Binder.java:453)
12-04 09:17:00.327  3577  3577 W System  : ClassLoader referenced unknown path: /system/priv-app/Dialer/lib/arm64
12-04 09:17:00.430  3577  3577 W MOD.CyanogenAmbientUtil: Cyanogen Ambient package is missing! Version 1050100 is required.
12-04 09:17:00.430  3339  3351 I ActivityManager: Pre-boot of {com.android.settings/com.android.settings.ManagedProfileSetup} for user 0
12-04 09:17:00.441  3339  3351 I ActivityManager: Start proc 3590:com.android.settings/1000 for broadcast com.android.settings/.ManagedProfileSetup
12-04 09:17:00.444  3339  3350 I ActivityManager: Launching preboot mode app: ProcessRecord{4f8c121 3590:com.android.settings/1000}
12-04 09:17:00.467  3590  3590 W System  : ClassLoader referenced unknown path: /system/priv-app/Settings/lib/arm64
12-04 09:17:00.616  3339  3353 I ActivityManager: Removing system update proc: ProcessRecord{765a50f 3467:com.android.providers.calendar/u0a1}
12-04 09:17:00.616  3339  3353 I ActivityManager: Killing 3467:com.android.providers.calendar/u0a1 (adj 13): system update done
12-04 09:17:00.627  3339  3353 D ActivityManager: cleanUpApplicationRecord -- 3467
12-04 09:17:00.627  3339  3353 I ActivityManager: Removing system update proc: ProcessRecord{355cfa5 3508:android.process.acore/u0a4}
12-04 09:17:00.627  3339  3353 I ActivityManager: Killing 3508:android.process.acore/u0a4 (adj 13): system update done
12-04 09:17:00.638  3339  3353 D ActivityManager: cleanUpApplicationRecord -- 3508
12-04 09:17:00.638  3339  3353 I ActivityManager: Removing system update proc: ProcessRecord{f6bdf7a 3550:android.process.media/u0a9}
12-04 09:17:00.638  3339  3353 I ActivityManager: Killing 3550:android.process.media/u0a9 (adj 11): system update done
12-04 09:17:00.648  3339  3353 D ActivityManager: cleanUpApplicationRecord -- 3550
12-04 09:17:00.649  3339  3353 I ActivityManager: Removing system update proc: ProcessRecord{161832b 3564:com.android.managedprovisioning/u0a12}
12-04 09:17:00.649  3339  3353 I ActivityManager: Killing 3564:com.android.managedprovisioning/u0a12 (adj 11): system update done
12-04 09:17:00.659  3339  3353 D ActivityManager: cleanUpApplicationRecord -- 3564
12-04 09:17:00.659  3339  3353 I ActivityManager: Removing system update proc: ProcessRecord{abe2388 3577:com.android.dialer/u0a21}
12-04 09:17:00.659  3339  3353 I ActivityManager: Killing 3577:com.android.dialer/u0a21 (adj 9): system update done
12-04 09:17:00.670  3339  3353 D ActivityManager: cleanUpApplicationRecord -- 3577
12-04 09:17:00.670  3339  3353 I ActivityManager: Removing system update proc: ProcessRecord{4f8c121 3590:com.android.settings/1000}
12-04 09:17:00.670  3339  3353 I ActivityManager: Killing 3590:com.android.settings/1000 (adj 9): system update done
12-04 09:17:00.680  3339  3353 D ActivityManager: cleanUpApplicationRecord -- 3590
12-04 09:17:00.680  3339  3353 I ActivityManager: System now ready
12-04 09:17:00.681  3339  3603 W ActivityManager: Spurious death for ProcessRecord{abe2388 0:com.android.dialer/u0a21}, curProc for 3577: null
12-04 09:17:00.681  3339  3480 W ActivityManager: Spurious death for ProcessRecord{f6bdf7a 0:android.process.media/u0a9}, curProc for 3550: null
12-04 09:17:00.681  3339  3351 W ActivityManager: Spurious death for ProcessRecord{4f8c121 0:com.android.settings/1000}, curProc for 3590: null
12-04 09:17:00.682  3339  3353 I SystemServer: Making services ready
12-04 09:17:00.682  3339  3353 I SystemServiceManager: Starting phase 550
12-04 09:17:00.683  3339  3394 D MountService: Thinking about reset, mSystemReady=true, mDaemonConnected=true
12-04 09:17:00.683  3339  3394 D VoldConnector: SND -> {25 volume reset}
12-04 09:17:00.684  3339  3395 D VoldConnector: RCV <- {651 emulated 7}
12-04 09:17:00.684  3339  3353 D UsbAlsaManager: Adding ALSA device AlsaDevice: [card: 0, device: 9, type: 1]
12-04 09:17:00.684  3339  3353 D UsbAlsaManager: Adding ALSA device AlsaDevice: [card: 0, device: 8, type: 1]
12-04 09:17:00.684  3339  3353 D UsbAlsaManager: Adding ALSA device AlsaDevice: [card: 0, device: 7, type: 1]
12-04 09:17:00.684  3339  3395 D VoldConnector: RCV <- {659 emulated}
12-04 09:17:00.684  3339  3353 D UsbAlsaManager: Adding ALSA device AlsaDevice: [card: 0, device: 6, type: 1]
12-04 09:17:00.684  3339  3353 D UsbAlsaManager: Adding ALSA device AlsaDevice: [card: 0, device: 3, type: 1]
12-04 09:17:00.684  3339  3353 D UsbAlsaManager: Adding ALSA device AlsaDevice: [card: 0, device: 2, type: 1]
12-04 09:17:00.684  3339  3353 D UsbAlsaManager: Adding ALSA device AlsaDevice: [card: 0, device: 1, type: 1]
12-04 09:17:00.684  3339  3395 D VoldConnector: RCV <- {650 emulated 2 "" ""}
12-04 09:17:00.684  3339  3353 D UsbAlsaManager: Adding ALSA device AlsaDevice: [card: 0, device: 2, type: 2]
12-04 09:17:00.684  3339  3353 D UsbAlsaManager: Adding ALSA device AlsaDevice: [card: 0, device: 0, type: 1]
12-04 09:17:00.684  3339  3395 D VoldConnector: RCV <- {654 emulated emulated}
12-04 09:17:00.684  3339  3395 D VoldConnector: RCV <- {651 emulated 0}
12-04 09:17:00.684  3339  3353 D UsbAlsaManager: Adding ALSA device AlsaDevice: [card: 0, device: 1, type: 2]
12-04 09:17:00.684  3339  3353 D UsbAlsaManager: Adding ALSA device AlsaDevice: [card: 0, device: 0, type: 2]
12-04 09:17:00.684  3339  3395 D VoldConnector: RCV <- {200 25 Command succeeded}
12-04 09:17:00.684  3339  3394 D VoldConnector: SND -> {26 volume user_added 0 0}
12-04 09:17:00.684  3339  3339 W System  : ClassLoader referenced unknown path: /system/priv-app/Telecom/lib/arm64
12-04 09:17:00.684  3339  3395 D VoldConnector: RCV <- {200 26 Command succeeded}
12-04 09:17:00.684  3339  3353 W MountService: No primary storage defined yet; hacking together a stub
12-04 09:17:00.685  3339  3355 V MountService: Found primary storage at VolumeInfo{emulated}:
12-04 09:17:00.685  3339  3355 V MountService:     type=EMULATED diskId=null partGuid=null mountFlags=0 mountUserId=-1 
12-04 09:17:00.685  3339  3355 V MountService:     state=UNMOUNTED 
12-04 09:17:00.685  3339  3355 V MountService:     fsType=null fsUuid=null fsLabel=null 
12-04 09:17:00.685  3339  3355 V MountService:     path=null internalPath=null 
12-04 09:17:00.685  3339  3394 D VoldConnector: SND -> {27 volume mount emulated 3 -1}
12-04 09:17:00.685  3339  3395 D VoldConnector: RCV <- {651 emulated 1}
12-04 09:17:00.686  3339  3395 D VoldConnector: RCV <- {656 emulated /data/media}
12-04 09:17:00.686  3339  3395 D VoldConnector: RCV <- {655 emulated /storage/emulated}
12-04 09:17:00.686  2919  2958 V vold    : Waiting for FUSE to spin up...
12-04 09:17:00.696  3339  3353 I ActivityManager: Start proc 3608:com.android.systemui/u0a28 for service com.android.systemui/.keyguard.KeyguardService
12-04 09:17:00.696  3339  3353 I BrokerableCMSystemService: Connecting to implementation
12-04 09:17:00.696  3339  3353 W ContextImpl: Calling a method in the system process without a qualified user: android.app.ContextImpl.bindService:1295 org.cyanogenmod.platform.internal.BrokerableCMSystemService.tryConnecting:199 org.cyanogenmod.platform.internal.ThemeManagerServiceBroker.onBootPhase:270 com.android.server.SystemServiceManager.startBootPhase:135 com.android.server.SystemServer$2.run:1180 
12-04 09:17:00.708  3339  3353 I ActivityManager: Start proc 3627:org.cyanogenmod.themeservice/u0a19 for service org.cyanogenmod.themeservice/.ThemeManagerService
12-04 09:17:00.708  3339  3353 I SystemServer: WebViewFactory preparation
12-04 09:17:00.721  3339  3353 I Zygote  : Process: zygote socket opened, supported ABIS: armeabi-v7a,armeabi
12-04 09:17:00.722  2943  2943 I art     : Starting a blocking GC Background
12-04 09:17:00.737  3339  3395 D VoldConnector: RCV <- {651 emulated 2}
12-04 09:17:00.737  3339  3395 D VoldConnector: RCV <- {200 27 Command succeeded}
12-04 09:17:00.750  3339  3353 I ActivityManager: Start proc 3641:WebViewLoader-armeabi-v7a/1037 [android.webkit.WebViewFactory$RelroFileCreator] for 
12-04 09:17:00.754  3641  3641 V WebViewFactory: RelroFileCreator (64bit = false),  32-bit lib: /system/app/webview/webview.apk!/lib/armeabi-v7a/libwebviewchromium.so, 64-bit lib: /system/app/webview/webview.apk!/lib/arm64-v8a/libwebviewchromium.so
12-04 09:17:00.760  3339  3353 I ActivityManager: Start proc 3654:WebViewLoader-arm64-v8a/1037 [android.webkit.WebViewFactory$RelroFileCreator] for 
12-04 09:17:00.761  3654  3654 V WebViewFactory: RelroFileCreator (64bit = true),  32-bit lib: /system/app/webview/webview.apk!/lib/armeabi-v7a/libwebviewchromium.so, 64-bit lib: /system/app/webview/webview.apk!/lib/arm64-v8a/libwebviewchromium.so
12-04 09:17:00.762  3339  3359 D BluetoothManagerService: Message: 20
12-04 09:17:00.762  3339  3359 D BluetoothManagerService: Added callback: android.bluetooth.BluetoothAdapter$1@33205e8:true
12-04 09:17:00.762  3339  3359 D BluetoothManagerService: Message: 30
12-04 09:17:00.765  3339  3353 D NetworkManagement: enabling bandwidth control
12-04 09:17:00.767  3339  3339 I Telecom : ViceNotificationImpl: ViceNotificationImpl
12-04 09:17:00.769  3046  3046 W auditd  : type=1325 audit(0.0:137): table=filter family=2 entries=52
12-04 09:17:00.769  3046  3046 W auditd  : type=1320 audit(0.0:137): 
12-04 09:17:00.772  3608  3608 W System  : ClassLoader referenced unknown path: /system/priv-app/SystemUI/lib/arm64
12-04 09:17:00.777  3627  3627 W System  : ClassLoader referenced unknown path: /system/priv-app/ThemeManagerService/lib/arm64
12-04 09:17:00.779  3046  3046 W auditd  : type=1325 audit(0.0:138): table=filter family=10 entries=55
12-04 09:17:00.779  3046  3046 W auditd  : type=1320 audit(0.0:138): 
12-04 09:17:00.780  3627  3627 I ThemeManagerService: Spawned worker thread
12-04 09:17:00.782  3339  3668 I ActivityManager: Start proc 3670:android.process.acore/u0a4 for content provider com.android.providers.contacts/.CallLogProvider
12-04 09:17:00.783  3339  3359 D BluetoothManagerService: Message: 30
12-04 09:17:00.786  3339  3339 I Telecom : Class: TelecomSystem.INSTANCE being set
12-04 09:17:00.786  3339  3339 W ContextImpl: Calling a method in the system process without a qualified user: android.app.ContextImpl.startService:1231 android.content.ContextWrapper.startService:587 com.android.server.telecom.components.TelecomService.initializeTelecomSystem:141 com.android.server.telecom.components.TelecomService.onBind:69 android.app.ActivityThread.handleBindService:2938 
12-04 09:17:00.789  3046  3046 W auditd  : type=1325 audit(0.0:139): table=filter family=2 entries=51
12-04 09:17:00.789  3046  3046 W auditd  : type=1320 audit(0.0:139): 
12-04 09:17:00.799  3046  3046 W auditd  : type=1325 audit(0.0:140): table=filter family=10 entries=54
12-04 09:17:00.799  3046  3046 W auditd  : type=1320 audit(0.0:140): 
12-04 09:17:00.799  3046  3046 W auditd  : type=1325 audit(0.0:141): table=filter family=2 entries=50
12-04 09:17:00.799  3046  3046 W auditd  : type=1320 audit(0.0:141): 
12-04 09:17:00.800  3627  3627 D ThemeManagerService: Previous api level not found. First time booting?
12-04 09:17:00.800  3627  3627 D ThemeManagerService: Prev api level was: -1, api is now: 23
12-04 09:17:00.800  3627  3627 D ThemeManagerService: The system has been upgraded to a theme new api, checking if currently set theme is compatible
12-04 09:17:00.805  3339  3359 D BluetoothManagerService: Message: 100
12-04 09:17:00.805  3339  3359 E BluetoothManagerService: MESSAGE_TIMEOUT_BIND
12-04 09:17:00.809  3046  3046 W auditd  : type=1325 audit(0.0:142): table=filter family=10 entries=53
12-04 09:17:00.809  3046  3046 W auditd  : type=1320 audit(0.0:142): 
12-04 09:17:00.809  3670  3670 W System  : ClassLoader referenced unknown path: /system/priv-app/ContactsProvider/lib/arm64
12-04 09:17:00.809  3339  3339 I PackageManager: Replacing preferred activity com.android.messaging/.ui.conversation.LaunchConversationActivity for user 0:
12-04 09:17:00.809  3339  3339 I PackageManager:   Action: "android.intent.action.SENDTO"
12-04 09:17:00.809  3339  3339 I PackageManager:   Category: "android.intent.category.DEFAULT"
12-04 09:17:00.809  3339  3339 I PackageManager:   Scheme: "sms"
12-04 09:17:00.809  3339  3339 I PackageManager:   AutoVerify=false
12-04 09:17:00.809  3339  3339 I PackageManager: Replacing preferred activity com.android.messaging/.ui.conversation.LaunchConversationActivity for user 0:
12-04 09:17:00.810  3339  3339 I PackageManager:   Action: "android.intent.action.SENDTO"
12-04 09:17:00.810  3339  3339 I PackageManager:   Category: "android.intent.category.DEFAULT"
12-04 09:17:00.810  3339  3339 I PackageManager:   Scheme: "smsto"
12-04 09:17:00.810  3339  3339 I PackageManager:   AutoVerify=false
12-04 09:17:00.810  3339  3339 I PackageManager: Replacing preferred activity com.android.messaging/.ui.conversation.LaunchConversationActivity for user 0:
12-04 09:17:00.810  3339  3339 I PackageManager:   Action: "android.intent.action.SENDTO"
12-04 09:17:00.810  3339  3339 I PackageManager:   Category: "android.intent.category.DEFAULT"
12-04 09:17:00.810  3339  3339 I PackageManager:   Scheme: "mms"
12-04 09:17:00.810  3339  3339 I PackageManager:   AutoVerify=false
12-04 09:17:00.810  3339  3339 I PackageManager: Replacing preferred activity com.android.messaging/.ui.conversation.LaunchConversationActivity for user 0:
12-04 09:17:00.810  3339  3339 I PackageManager:   Action: "android.intent.action.SENDTO"
12-04 09:17:00.810  3339  3339 I PackageManager:   Category: "android.intent.category.DEFAULT"
12-04 09:17:00.810  3339  3339 I PackageManager:   Scheme: "mmsto"
12-04 09:17:00.810  3339  3339 I PackageManager:   AutoVerify=false
12-04 09:17:00.811  3339  3339 I DefaultPermGrantPolicy: Granting permissions to default sms app for user:0
12-04 09:17:00.812  3339  3339 I DefaultPermGrantPolicy: Granting permissions to default dialer app for user:0
12-04 09:17:00.819  3046  3046 W auditd  : type=1325 audit(0.0:143): table=filter family=2 entries=50
12-04 09:17:00.819  3046  3046 W auditd  : type=1320 audit(0.0:143): 
12-04 09:17:00.822  3339  3604 I ActivityManager: Start proc 3695:org.cyanogenmod.themes.provider/u0a22 for content provider org.cyanogenmod.themes.provider/.ThemesProvider
12-04 09:17:00.824  3339  3339 I Telecom : PhoneAccountRegistrar: SimCallManager queried, returning: null
12-04 09:17:00.826  3339  3339 I DefaultPermGrantPolicy: Granting permissions to default sms app for user:0
12-04 09:17:00.829  3046  3046 W auditd  : type=1325 audit(0.0:144): table=filter family=10 entries=53
12-04 09:17:00.829  3046  3046 W auditd  : type=1320 audit(0.0:144): 
12-04 09:17:00.829  3046  3046 W auditd  : type=1325 audit(0.0:145): table=filter family=2 entries=50
12-04 09:17:00.829  3046  3046 W auditd  : type=1320 audit(0.0:145): 
12-04 09:17:00.835  3608  3608 V SystemUIService: Starting SystemUI services.
12-04 09:17:00.839  3046  3046 W auditd  : type=1325 audit(0.0:146): table=filter family=10 entries=53
12-04 09:17:00.839  3046  3046 W auditd  : type=1320 audit(0.0:146): 
12-04 09:17:00.839  3046  3046 W auditd  : type=1325 audit(0.0:147): table=filter family=2 entries=50
12-04 09:17:00.839  3046  3046 W auditd  : type=1320 audit(0.0:147): 
12-04 09:17:00.847  3641  3641 I art     : System.exit called, status: 0
12-04 09:17:00.847  3641  3641 I AndroidRuntime: VM exiting with result code 0, cleanup skipped.
12-04 09:17:00.847  3670  3670 W System  : ClassLoader referenced unknown path: /system/app/UserDictionaryProvider/lib/arm64
12-04 09:17:00.849  3046  3046 W auditd  : type=1325 audit(0.0:148): table=filter family=10 entries=53
12-04 09:17:00.849  3046  3046 W auditd  : type=1320 audit(0.0:148): 
12-04 09:17:00.856  3695  3695 W System  : ClassLoader referenced unknown path: /system/priv-app/ThemesProvider/lib/arm64
12-04 09:17:00.858  3339  3339 W SchedPolicy: zygote64 add_tid_to_cpuset failed to write '3670' (Permission denied); fd=49
12-04 09:17:00.858  3339  3339 W ActivityManager: Failed setting process group of 3670 to 0
12-04 09:17:00.858  3339  3339 W System.err: java.lang.IllegalArgumentException
12-04 09:17:00.858  3339  3339 W System.err: 	at android.os.Process.setProcessGroup(Native Method)
12-04 09:17:00.858  3339  3339 W System.err: 	at com.android.server.am.ActivityManagerService.applyOomAdjLocked(ActivityManagerService.java:19193)
12-04 09:17:00.858  3339  3339 W System.err: 	at com.android.server.am.ActivityManagerService.updateOomAdjLocked(ActivityManagerService.java:19716)
12-04 09:17:00.858  3339  3339 W System.err: 	at com.android.server.am.ActivityManagerService.removeContentProvider(ActivityManagerService.java:10207)
12-04 09:17:00.858  3339  3339 W System.err: 	at android.app.ActivityThread.completeRemoveProvider(ActivityThread.java:5061)
12-04 09:17:00.858  3339  3339 W System.err: 	at android.app.ActivityThread$H.handleMessage(ActivityThread.java:1514)
12-04 09:17:00.858  3339  3339 W System.err: 	at android.os.Handler.dispatchMessage(Handler.java:102)
12-04 09:17:00.858  3339  3339 W System.err: 	at android.os.Looper.loop(Looper.java:148)
12-04 09:17:00.858  3339  3339 W System.err: 	at com.android.server.SystemServer.run(SystemServer.java:304)
12-04 09:17:00.858  3339  3339 W System.err: 	at com.android.server.SystemServer.main(SystemServer.java:176)
12-04 09:17:00.858  3339  3339 W System.err: 	at java.lang.reflect.Method.invoke(Native Method)
12-04 09:17:00.858  3339  3339 W System.err: 	at com.android.internal.os.ZygoteInit$MethodAndArgsCaller.run(ZygoteInit.java:726)
12-04 09:17:00.858  3339  3339 W System.err: 	at com.android.internal.os.ZygoteInit.main(ZygoteInit.java:616)
12-04 09:17:00.878  3654  3654 I art     : System.exit called, status: 0
12-04 09:17:00.878  3654  3654 I AndroidRuntime: VM exiting with result code 0, cleanup skipped.
