11-28 23:25:25.154  3750  3868 I AudioFlinger: AudioFlinger's thread 0xf48c0000 ready to run
11-28 23:25:25.154  3750  3750 I r_submix: adev_open(name=audio_hw_if)
11-28 23:25:25.154  3750  3750 I r_submix: adev_init_check()
11-28 23:25:25.154  3750  3750 I AudioFlinger: loadHwModule() Loaded r_submix audio interface from Wifi Display audio HAL (audio) handle 4
11-28 23:25:25.154  3750  3750 D r_submix: adev_open_input_stream(addr=0)
11-28 23:25:25.154  3750  3750 D r_submix: submix_audio_device_create_pipe_l(addr=0, idx=9)
11-28 23:25:25.154  3750  3750 D r_submix:   now using address 0 for route 9
11-28 23:25:25.154  3750  3869 I AudioFlinger: AudioFlinger's thread 0xf48c0000 ready to run
11-28 23:25:25.154  3750  3750 D r_submix: adev_close_input_stream()
11-28 23:25:25.154  3750  3750 D r_submix: submix_audio_device_release_pipe_l(idx=9) addr=0
11-28 23:25:25.154  3750  3750 D r_submix: submix_audio_device_destroy_pipe_l(): pipe destroyed
11-28 23:25:25.155  2933  2933 E ServiceManager: add_service('media.audio_policy',a) uid=1013 - ALREADY REGISTERED, OVERRIDE
11-28 23:25:25.155  2933  2933 I ServiceManager: service 'media.audio_policy' died
11-28 23:25:25.155  3750  3750 E SoundTriggerHwService: couldn't load sound trigger module sound_trigger.primary (No such file or directory)
11-28 23:25:25.155  2933  2933 E ServiceManager: add_service('media.sound_trigger_hw',b) uid=1013 - ALREADY REGISTERED, OVERRIDE
11-28 23:25:25.155  2933  2933 I ServiceManager: service 'media.sound_trigger_hw' died
11-28 23:25:25.155  3750  3750 I RadioService: RadioService
11-28 23:25:25.155  3750  3750 I RadioService: onFirstRef
11-28 23:25:25.155  3750  3750 E RadioService: couldn't load radio module radio.primary (No such file or directory)
11-28 23:25:25.155  2933  2933 E ServiceManager: add_service('media.radio',c) uid=1013 - ALREADY REGISTERED, OVERRIDE
11-28 23:25:25.155  2933  2933 I ServiceManager: service 'media.radio' died
11-28 23:25:25.277  3749  3749 D AndroidRuntime: >>>>>> START com.android.internal.os.ZygoteInit uid 0 <<<<<<
11-28 23:25:25.282  3749  3749 D AndroidRuntime: CheckJNI is ON
11-28 23:25:25.283  3749  3749 I art     : option[0]=-Xzygote
11-28 23:25:25.283  3749  3749 I art     : option[1]=-Xcheck:jni
11-28 23:25:25.283  3749  3749 I art     : option[2]=-Xstacktracefile:/data/anr/traces.txt
11-28 23:25:25.283  3749  3749 I art     : option[3]=exit
11-28 23:25:25.283  3749  3749 I art     : option[4]=vfprintf
11-28 23:25:25.283  3749  3749 I art     : option[5]=sensitiveThread
11-28 23:25:25.283  3749  3749 I art     : option[6]=-verbose:gc
11-28 23:25:25.283  3749  3749 I art     : option[7]=-Xms8m
11-28 23:25:25.283  3749  3749 I art     : option[8]=-Xmx768m
11-28 23:25:25.283  3749  3749 I art     : option[9]=-XX:HeapGrowthLimit=288m
11-28 23:25:25.283  3749  3749 I art     : option[10]=-XX:HeapMinFree=2m
11-28 23:25:25.283  3749  3749 I art     : option[11]=-XX:HeapMaxFree=8m
11-28 23:25:25.283  3749  3749 I art     : option[12]=-XX:HeapTargetUtilization=0.75
11-28 23:25:25.283  3749  3749 I art     : option[13]=-Xusejit:true
11-28 23:25:25.283  3749  3749 I art     : option[14]=-agentlib:jdwp=transport=dt_android_adb,suspend=n,server=y
11-28 23:25:25.283  3749  3749 I art     : option[15]=-Xlockprofthreshold:500
11-28 23:25:25.283  3749  3749 I art     : option[16]=-Ximage-compiler-option
11-28 23:25:25.283  3749  3749 I art     : option[17]=--runtime-arg
11-28 23:25:25.283  3749  3749 I art     : option[18]=-Ximage-compiler-option
11-28 23:25:25.283  3749  3749 I art     : option[19]=-Xms64m
11-28 23:25:25.283  3749  3749 I art     : option[20]=-Ximage-compiler-option
11-28 23:25:25.283  3749  3749 I art     : option[21]=--runtime-arg
11-28 23:25:25.283  3749  3749 I art     : option[22]=-Ximage-compiler-option
11-28 23:25:25.283  3749  3749 I art     : option[23]=-Xmx64m
11-28 23:25:25.283  3749  3749 I art     : option[24]=-Ximage-compiler-option
11-28 23:25:25.283  3749  3749 I art     : option[25]=--compiler-filter=verify-at-runtime
11-28 23:25:25.283  3749  3749 I art     : option[26]=-Ximage-compiler-option
11-28 23:25:25.283  3749  3749 I art     : option[27]=--image-classes=/system/etc/preloaded-classes
11-28 23:25:25.283  3749  3749 I art     : option[28]=-Xcompiler-option
11-28 23:25:25.283  3749  3749 I art     : option[29]=--runtime-arg
11-28 23:25:25.283  3749  3749 I art     : option[30]=-Xcompiler-option
11-28 23:25:25.283  3749  3749 I art     : option[31]=-Xms64m
11-28 23:25:25.283  3749  3749 I art     : option[32]=-Xcompiler-option
11-28 23:25:25.283  3749  3749 I art     : option[33]=--runtime-arg
11-28 23:25:25.283  3749  3749 I art     : option[34]=-Xcompiler-option
11-28 23:25:25.283  3749  3749 I art     : option[35]=-Xmx512m
11-28 23:25:25.283  3749  3749 I art     : option[36]=-Xcompiler-option
11-28 23:25:25.283  3749  3749 I art     : option[37]=--compiler-filter=verify-at-runtime
11-28 23:25:25.283  3749  3749 I art     : option[38]=-Ximage-compiler-option
11-28 23:25:25.283  3749  3749 I art     : option[39]=--instruction-set-variant=generic
11-28 23:25:25.283  3749  3749 I art     : option[40]=-Xcompiler-option
11-28 23:25:25.283  3749  3749 I art     : option[41]=--instruction-set-variant=generic
11-28 23:25:25.283  3749  3749 I art     : option[42]=-Ximage-compiler-option
11-28 23:25:25.283  3749  3749 I art     : option[43]=--instruction-set-features=default
11-28 23:25:25.283  3749  3749 I art     : option[44]=-Xcompiler-option
11-28 23:25:25.283  3749  3749 I art     : option[45]=--instruction-set-features=default
11-28 23:25:25.283  3749  3749 I art     : option[46]=-Duser.locale=en-US
11-28 23:25:25.283  3749  3749 I art     : option[47]=--cpu-abilist=arm64-v8a,armeabi
11-28 23:25:25.283  3749  3749 I art     : option[48]=-Xfingerprint:samsung/cm_hero2ltexx/hero2ltexx:6.0.1/MOB31K/29082ffb9b:eng/test-keys
11-28 23:25:25.366  3749  3749 D ICU     : No timezone override file found: /data/misc/zoneinfo/current/icu/icu_tzdata.dat
11-28 23:25:25.437  3754  3754 V NatController: runCmd(/system/bin/iptables -w -F natctrl_FORWARD) res=0
11-28 23:25:25.442  3754  3754 V NatController: runCmd(/system/bin/iptables -w -A natctrl_FORWARD -j DROP) res=0
11-28 23:25:25.445  3754  3754 V NatController: runCmd(/system/bin/iptables -w -t nat -F natctrl_nat_POSTROUTING) res=0
11-28 23:25:25.448  3749  3749 I Radio-JNI: register_android_hardware_Radio DONE
11-28 23:25:25.449  3754  3754 V NatController: runCmd(/system/bin/iptables -w -F natctrl_tether_counters) res=0
11-28 23:25:25.453  3754  3754 V NatController: runCmd(/system/bin/iptables -w -X natctrl_tether_counters) res=0
11-28 23:25:25.453  3749  3749 I SamplingProfilerIntegration: Profiling disabled.
11-28 23:25:25.454  3749  3749 D Zygote  : begin preload
11-28 23:25:25.454  3749  3749 I Zygote  : Preloading classes...
11-28 23:25:25.457  3754  3754 V NatController: runCmd(/system/bin/iptables -w -N natctrl_tether_counters) res=0
11-28 23:25:25.461  3754  3754 V NatController: runCmd(/system/bin/iptables -w -t mangle -A natctrl_mangle_FORWARD -p tcp --tcp-flags SYN SYN -j TCPMSS --clamp-mss-to-pmtu) res=0
11-28 23:25:25.511  2932  2932 I lowmemorykiller: ActivityManager disconnected
11-28 23:25:25.511  2932  2932 I lowmemorykiller: Closing Activity Manager data connection
11-28 23:25:25.511  3010  3010 E installd: eof
11-28 23:25:25.512  3010  3010 E installd: failed to read size
11-28 23:25:25.512  3010  3010 I installd: closing connection
11-28 23:25:25.512  2933  2933 I ServiceManager: service 'sensorservice' died
11-28 23:25:25.512  2933  2933 I ServiceManager: service 'package' died
11-28 23:25:25.512  2933  2933 I ServiceManager: service 'user' died
11-28 23:25:25.512  2933  2933 I ServiceManager: service 'activity' died
11-28 23:25:25.512  2933  2933 I ServiceManager: service 'procstats' died
11-28 23:25:25.512  2933  2933 I ServiceManager: service 'meminfo' died
11-28 23:25:25.512  2933  2933 I ServiceManager: service 'gfxinfo' died
11-28 23:25:25.512  2933  2933 I ServiceManager: service 'dbinfo' died
11-28 23:25:25.512  2933  2933 I ServiceManager: service 'cpuinfo' died
11-28 23:25:25.512  2933  2933 I ServiceManager: service 'permission' died
11-28 23:25:25.512  2933  2933 I ServiceManager: service 'processinfo' died
11-28 23:25:25.512  2933  2933 I ServiceManager: service 'batterymanager' died
11-28 23:25:25.512  2933  2933 I ServiceManager: service 'usagestats' died
11-28 23:25:25.512  2933  2933 I ServiceManager: service 'webviewupdate' died
11-28 23:25:25.512  2933  2933 I ServiceManager: service 'scheduling_policy' died
11-28 23:25:25.512  2933  2933 I ServiceManager: service 'telephony.registry' died
11-28 23:25:25.512  2933  2933 I ServiceManager: service 'media.camera.proxy' died
11-28 23:25:25.512  2933  2933 I ServiceManager: service 'account' died
11-28 23:25:25.512  2933  2933 I ServiceManager: service 'content' died
11-28 23:25:25.512  2933  2933 I ServiceManager: service 'vibrator' died
11-28 23:25:25.512  2933  2933 I ServiceManager: service 'input_method' died
11-28 23:25:25.512  2933  2933 I ServiceManager: service 'accessibility' died
11-28 23:25:25.512  2933  2933 I ServiceManager: service 'mount' died
11-28 23:25:25.512  2933  2933 I ServiceManager: service 'uimode' died
11-28 23:25:25.512  2933  2933 I ServiceManager: service 'batterystats' died
11-28 23:25:25.512  2933  2933 I ServiceManager: service 'appops' died
11-28 23:25:25.512  2933  2933 I ServiceManager: service 'power' died
11-28 23:25:25.512  2933  2933 I ServiceManager: service 'display' died
11-28 23:25:25.567  3749  3749 E Minikin : addFont failed to create font /system/fonts/NanumGothic.ttf
11-28 23:25:25.568  3749  3749 E Minikin : addFont failed to create font /system/fonts/DroidSansFallback.ttf
11-28 23:25:25.568  3749  3749 E Minikin : addFont failed to create font /system/fonts/MTLmr3m.ttf
11-28 23:25:25.672  3749  3749 V DngCreator_JNI: DngCreator_nativeClassInit:
11-28 23:25:25.704  3754  3754 E Netd    : cannot find interface dummy0
11-28 23:25:25.704  3754  3754 D MDnsDS  : MDnsSdListener::Hander starting up
11-28 23:25:25.704  3754  4015 D MDnsDS  : MDnsSdListener starting to monitor
11-28 23:25:25.704  3754  4015 D MDnsDS  : Going to poll with pollCount 1
11-28 23:25:25.838  3749  3749 I art     : Thread[1,tid=3749,Native,Thread*=0x7f841bba00,peer=0x12c2d100,"main"] recursive attempt to load library "/system/lib64/libmedia_jni.so"
11-28 23:25:25.838  3749  3749 D MtpDeviceJNI: register_android_mtp_MtpDevice
11-28 23:25:25.838  3749  3749 I art     : Thread[1,tid=3749,Native,Thread*=0x7f841bba00,peer=0x12c2d100,"main"] recursive attempt to load library "/system/lib64/libmedia_jni.so"
11-28 23:25:25.839  3749  3749 I art     : Thread[1,tid=3749,Native,Thread*=0x7f841bba00,peer=0x12c2d100,"main"] recursive attempt to load library "/system/lib64/libmedia_jni.so"
11-28 23:25:26.006  3749  3749 W System  : ClassLoader referenced unknown path: /system/framework/tcmclient.jar
11-28 23:25:26.155  3749  3749 I System  : Loaded time zone names for "" in 46ms (45ms in ICU)
11-28 23:25:26.202  3749  3749 I System  : Loaded time zone names for "en_US" in 47ms (35ms in ICU)
11-28 23:25:26.215  3749  3749 I Zygote  : ...preloaded 3831 classes in 761ms.
11-28 23:25:26.215  3749  3749 I art     : VMRuntime.preloadDexCaches starting
11-28 23:25:26.358  3749  3749 I art     : VMRuntime.preloadDexCaches strings total=249480 before=44901 after=44901
11-28 23:25:26.358  3749  3749 I art     : VMRuntime.preloadDexCaches types total=20343 before=6892 after=6923
11-28 23:25:26.358  3749  3749 I art     : VMRuntime.preloadDexCaches fields total=100632 before=36118 after=36550
11-28 23:25:26.359  3749  3749 I art     : VMRuntime.preloadDexCaches methods total=172964 before=71279 after=71806
11-28 23:25:26.359  3749  3749 I art     : VMRuntime.preloadDexCaches finished
11-28 23:25:26.392  4019  4019 D idmap   : error: no read access to /vendor/overlay: No such file or directory
11-28 23:25:26.407  3749  3749 I Zygote  : Preloading resources...
11-28 23:25:27.463  3749  3749 I Zygote  : ...preloaded 342 resources in 1056ms.
11-28 23:25:27.484  3749  3749 I Zygote  : ...preloaded 41 resources in 22ms.
11-28 23:25:27.510  3749  3749 D libEGL  : loaded /vendor/lib64/egl/libGLES_mali.so
11-28 23:25:27.527  3749  3749 I Zygote  : Preloading shared libraries...
11-28 23:25:27.544  3749  3749 D Zygote  : end preload
11-28 23:25:27.544  3749  3749 I art     : Starting a blocking GC Explicit
11-28 23:25:27.576  3749  3749 I art     : Explicit concurrent mark sweep GC freed 11203(451KB) AllocSpace objects, 0(0B) LOS objects, 38% free, 25MB/41MB, paused 155us total 15.240ms
11-28 23:25:27.576  3749  3749 I art     : Starting a blocking GC Explicit
11-28 23:25:27.589  3749  3749 I art     : Explicit concurrent mark sweep GC freed 2368(112KB) AllocSpace objects, 0(0B) LOS objects, 38% free, 25MB/41MB, paused 142us total 12.452ms
11-28 23:25:27.590  3749  3932 I art     : Starting a blocking GC HeapTrim
11-28 23:25:27.598  3749  3749 I art     : Starting a blocking GC Background
11-28 23:25:27.676  3749  3749 I Zygote  : System server process 4024 has been created
11-28 23:25:27.677  3749  3749 I Zygote  : Accepting command socket connections
11-28 23:25:27.689  4024  4024 I Zygote  : Process: zygote socket opened, supported ABIS: armeabi-v7a,armeabi
11-28 23:25:27.690  4024  4024 I InstallerConnection: connecting...
11-28 23:25:27.690  3010  3010 I installd: new connection
11-28 23:25:27.693  4024  4024 I InstallerConnection: disconnecting...
11-28 23:25:27.693  3010  3010 E installd: eof
11-28 23:25:27.693  3010  3010 E installd: failed to read size
11-28 23:25:27.693  3010  3010 I installd: closing connection
11-28 23:25:27.714  4024  4024 I SystemServer: Entered the Android system server!
11-28 23:25:27.787  4024  4024 I SystemServiceManager: Starting com.android.server.pm.Installer
11-28 23:25:27.787  4024  4024 I Installer: Waiting for installd to be ready.
11-28 23:25:27.787  4024  4024 I InstallerConnection: connecting...
11-28 23:25:27.788  3010  3010 I installd: new connection
11-28 23:25:27.788  4024  4024 I SystemServiceManager: Starting com.android.server.am.ActivityManagerService$Lifecycle
11-28 23:25:27.798  4024  4024 I ActivityManager: choosing minFree values for 64 Bit
11-28 23:25:27.798  4024  4024 I ActivityManager: choosing minFree values for 64 Bit
11-28 23:25:27.798  4024  4024 I ActivityManager: choosing minFree values for 64 Bit
11-28 23:25:27.798  4024  4024 I ActivityManager: choosing minFree values for 64 Bit
11-28 23:25:27.798  4024  4024 I ActivityManager: choosing minFree values for 64 Bit
11-28 23:25:27.798  4024  4024 I ActivityManager: choosing minFree values for 64 Bit
11-28 23:25:27.812  4024  4024 I ActivityManager: Memory class: 288
11-28 23:25:27.814  4024  4038 I ServiceThread: Enabled StrictMode logging for ActivityManager looper.
11-28 23:25:27.817  4024  4039 I ServiceThread: Enabled StrictMode logging for android.ui looper.
11-28 23:25:27.829  4024  4024 D BatteryStatsImpl: Reading daily items from /data/system/batterystats-daily.xml
11-28 23:25:27.845  4024  4024 I AppOps  : No existing app ops /data/system/appops.xml; starting empty
11-28 23:25:27.927  4024  4024 I IntentFirewall: Read new rules (A:0 B:0 S:0)
11-28 23:25:27.943  4024  4043 I ServiceThread: Enabled StrictMode logging for android.display looper.
11-28 23:25:27.949  4024  4024 D AppOps  : AppOpsService published
11-28 23:25:27.949  4024  4024 I SystemServiceManager: Starting com.android.server.power.PowerManagerService
11-28 23:25:27.951  4024  4045 I ServiceThread: Enabled StrictMode logging for PowerManagerService looper.
11-28 23:25:27.953  4024  4024 W libsuspend: Error writing 'on' to /sys/power/state: Invalid argument
11-28 23:25:27.953  4024  4024 I libsuspend: Selected wakeup count
11-28 23:25:27.955  4024  4024 I SystemServiceManager: Starting com.android.server.lights.LightsService
11-28 23:25:27.957  4024  4024 I SystemServiceManager: Starting com.android.server.display.DisplayManagerService
11-28 23:25:27.962  2934  2997 E SurfaceFlinger: getDefaultDisplay: id=2 is not a valid default display id
11-28 23:25:27.965  4024  4043 I DisplayManagerService: Display device added: DisplayDeviceInfo{"Built-in Screen": uniqueId="local:0", 1440 x 2560, modeId 1, defaultModeId 1, supportedModes [{id=1, width=1440, height=2560, fps=59.0}], colorTransformId 1, defaultColorTransformId 1, supportedColorTransforms [{id=1, colorTransform=-22}], density 640, 537.882 x 532.983 dpi, appVsyncOff 0, presDeadline 17949152, touch INTERNAL, rotation 0, type BUILT_IN, state UNKNOWN, FLAG_DEFAULT_DISPLAY, FLAG_ROTATES_WITH_CONTENT, FLAG_SECURE, FLAG_SUPPORTS_PROTECTED_BUFFERS}
11-28 23:25:27.965  2934  2934 D SurfaceFlinger: Set power mode=2, type=0 flinger=0x7faf803c00
11-28 23:25:27.966  2934  2934 D SurfaceFlinger: Screen type=0 is already mode=2
11-28 23:25:27.966  4024  4024 I SystemServiceManager: Starting phase 100
11-28 23:25:27.979  4024  4024 I SystemServer: Package Manager
11-28 23:25:27.986  4024  4024 W SELinuxMMAC: Error opening /data/system/seapp_hash. Assuming first boot.
11-28 23:25:27.987  4024  4043 I DisplayManagerService: Display device changed state: "Built-in Screen", ON
11-28 23:25:28.078  4024  4024 D SELinuxMMAC: Using policy file /system/etc/security/mac_permissions.xml
11-28 23:25:28.274  4024  4024 E art     : DexFile_getDexOptNeeded file '/system/framework/org.apache.http.legacy.jar' does not exist
11-28 23:25:28.275  4024  4024 W PackageManager: Library not found: /system/framework/org.apache.http.legacy.jar
11-28 23:25:28.275  4024  4024 E art     : DexFile_getDexOptNeeded file '/system/framework/com.android.nfc_extras.jar' does not exist
11-28 23:25:28.275  4024  4024 W PackageManager: Library not found: /system/framework/com.android.nfc_extras.jar
11-28 23:25:28.278  4024  4024 E art     : DexFile_getDexOptNeeded file '/system/framework/org.apache.http.legacy.jar' does not exist
11-28 23:25:28.278  4024  4024 W PackageManager: Library not found: /system/framework/org.apache.http.legacy.jar
11-28 23:25:28.278  4024  4024 E art     : DexFile_getDexOptNeeded file '/system/framework/com.android.nfc_extras.jar' does not exist
11-28 23:25:28.278  4024  4024 W PackageManager: Library not found: /system/framework/com.android.nfc_extras.jar
11-28 23:25:28.326  4024  4024 D PackageManager: No files in app dir /vendor/overlay
11-28 23:25:28.327  4024  4024 D PackageManager: start scanDirLI:/system/framework
11-28 23:25:28.327  4024  4024 D PackageManager: max thread:6
11-28 23:25:28.332  4024  4051 W PackageManager: Failed to parse /system/framework/arm64: Missing base APK in /system/framework/arm64
11-28 23:25:28.345  4024  4053 W PackageManager: Failed to parse /system/framework/oat: Missing base APK in /system/framework/oat
11-28 23:25:28.348  4024  4050 W PackageManager: Failed to parse /system/framework/arm: Missing base APK in /system/framework/arm
11-28 23:25:28.391  4024  4054 I PackageManager: SELinux relabeling of cyanogenmod.platform issued.
11-28 23:25:28.431  4024  4054 W PackageManager: Permission cyanogenmod.permission.WRITE_ALARMS from package cyanogenmod.platform in an unknown group android.permission-group.SYSTEM_CLOCK
11-28 23:25:28.431  4024  4054 W PackageManager: Permission cyanogenmod.permission.MANAGE_ALARMS from package cyanogenmod.platform in an unknown group android.permission-group.SYSTEM_CLOCK
11-28 23:25:28.431  4024  4054 W PackageManager: Permission cyanogenmod.permission.READ_ALARMS from package cyanogenmod.platform in an unknown group android.permission-group.SYSTEM_CLOCK
11-28 23:25:28.769  4024  4052 W PackageManager: Permission android.permission.SET_KEYGUARD_WALLPAPER from package android in an unknown group android.permission-group.WALLPAPER
11-28 23:25:28.769  4024  4052 W PackageManager: Permission android.permission.MODIFY_PROTECTED_SMS_LIST from package android in an unknown group android.permission-group.MESSAGES
11-28 23:25:28.769  4024  4052 W PackageManager: Permission android.permission.RECEIVE_PROTECTED_SMS from package android in an unknown group android.permission-group.MESSAGES
11-28 23:25:28.769  4024  4052 W PackageManager: Permission android.permission.RESET_BATTERY_STATS from package android in an unknown group android.permission-group.SYSTEM_TOOLS
11-28 23:25:28.779  4024  4024 D PackageManager: end scanDirLI:/system/framework
11-28 23:25:28.780  4024  4024 D PackageManager: start scanDirLI:/system/priv-app
11-28 23:25:28.780  4024  4024 D PackageManager: max thread:6
11-28 23:25:28.790  4024  4051 I PackageManager: SELinux relabeling of com.android.backupconfirm issued.
11-28 23:25:28.834  4024  4050 I PackageManager: SELinux relabeling of org.cyanogenmod.cmsettings issued.
11-28 23:25:28.849  4024  4053 I PackageManager: SELinux relabeling of org.cyanogenmod.cmaudio.service issued.
11-28 23:25:28.926  4024  4052 I PackageManager: SELinux relabeling of com.android.providers.calendar issued.
11-28 23:25:28.952  4024  4051 I PackageManager: SELinux relabeling of com.android.calllogbackup issued.
11-28 23:25:28.979  4024  4054 I PackageManager: SELinux relabeling of com.cyanogenmod.updater issued.
11-28 23:25:29.056  4024  4055 I PackageManager: SELinux relabeling of org.cyanogenmod.audiofx issued.
11-28 23:25:29.058  4024  4053 I PackageManager: SELinux relabeling of com.android.cellbroadcastreceiver issued.
11-28 23:25:29.099  4024  4052 W PackageParser: No actions in intent filter at /system/priv-app/Contacts/Contacts.apk Binary XML file line #301
11-28 23:25:29.125  4024  4051 I PackageManager: SELinux relabeling of com.android.providers.contacts issued.
11-28 23:25:29.138  4024  4053 I PackageManager: SELinux relabeling of com.android.defcontainer issued.
11-28 23:25:29.199  4024  4055 I PackageManager: SELinux relabeling of org.cyanogenmod.providers.datausage issued.
11-28 23:25:29.292  4024  4050 I PackageManager: SELinux relabeling of com.android.carrierconfig issued.
11-28 23:25:29.298  4024  4051 W PackageParser: No actions in intent filter at /system/priv-app/Dialer/Dialer.apk Binary XML file line #152
11-28 23:25:29.325  4024  4053 I PackageManager: SELinux relabeling of com.android.externalstorage issued.
11-28 23:25:29.336  4024  4055 I PackageManager: SELinux relabeling of com.android.providers.downloads issued.
11-28 23:25:29.424  4024  4050 I PackageManager: SELinux relabeling of com.android.location.fused issued.
11-28 23:25:29.432  4024  4055 W PackageManager: Permission android.permission.DOWNLOAD_WITHOUT_NOTIFICATION from package com.android.providers.downloads in an unknown group android.permission-group.NETWORK
11-28 23:25:29.503  4024  4053 I PackageManager: SELinux relabeling of com.android.inputdevices issued.
11-28 23:25:29.520  4024  4055 I PackageManager: SELinux relabeling of org.cyanogenmod.livelockscreen.service issued.
11-28 23:25:29.616  4024  4034 I art     : Background sticky concurrent mark sweep GC freed 162757(11MB) AllocSpace objects, 120(5MB) LOS objects, 19% free, 33MB/41MB, paused 3.027ms total 500.704ms
11-28 23:25:29.624  4024  4050 I PackageManager: SELinux relabeling of com.android.managedprovisioning issued.
11-28 23:25:29.657  4024  4055 I PackageManager: SELinux relabeling of com.android.mms.service issued.
11-28 23:25:29.695  4024  4053 I PackageManager: SELinux relabeling of com.android.providers.media issued.
11-28 23:25:29.772  4024  4050 I PackageManager: SELinux relabeling of com.android.onetimeinitializer issued.
11-28 23:25:29.788  4024  4055 I PackageManager: SELinux relabeling of com.android.proxyhandler issued.
11-28 23:25:29.866  4024  4050 I PackageManager: SELinux relabeling of org.cyanogenmod.screencast issued.
11-28 23:25:29.998  4024  4050 I PackageManager: SELinux relabeling of com.android.providers.settings issued.
11-28 23:25:30.097  4024  4053 I PackageManager: SELinux relabeling of com.android.packageinstaller issued.
11-28 23:25:30.121  4024  4050 I PackageManager: SELinux relabeling of com.android.sharedstoragebackup issued.
11-28 23:25:30.231  4024  4053 I PackageManager: SELinux relabeling of com.android.shell issued.
11-28 23:25:30.233  4024  4050 I PackageManager: SELinux relabeling of com.android.statementservice issued.
11-28 23:25:30.238  4024  4054 I PackageManager: SELinux relabeling of com.cyanogenmod.setupwizard issued.
11-28 23:25:30.432  4024  4053 W PackageParser: Ignoring duplicate uses-permissions/uses-permissions-sdk-m: android.permission.ACCESS_WIFI_STATE in package: com.android.phone at: Binary XML file line #134
11-28 23:25:30.523  4024  4052 I PackageManager: SELinux relabeling of com.android.contacts issued.
11-28 23:25:30.541  4024  4054 I PackageManager: SELinux relabeling of com.android.server.telecom issued.
11-28 23:25:30.675  4024  4053 I PackageManager: SELinux relabeling of com.android.phone issued.
11-28 23:25:30.731  4024  4052 I PackageManager: SELinux relabeling of com.android.providers.telephony issued.
11-28 23:25:30.805  4024  4054 I PackageManager: SELinux relabeling of org.cyanogenmod.theme.chooser2 issued.
11-28 23:25:30.829  4024  4052 I PackageManager: SELinux relabeling of org.cyanogenmod.themes.provider issued.
11-28 23:25:30.865  4024  4053 I PackageManager: SELinux relabeling of org.cyanogenmod.themeservice issued.
11-28 23:25:30.935  4024  4051 I PackageManager: SELinux relabeling of com.android.dialer issued.
11-28 23:25:30.945  4024  4053 I PackageManager: SELinux relabeling of com.android.vpndialogs issued.
11-28 23:25:31.003  4024  4052 I PackageManager: SELinux relabeling of com.android.wallpapercropper issued.
11-28 23:25:31.007  4024  4034 I art     : Background partial concurrent mark sweep GC freed 146158(9MB) AllocSpace objects, 69(3MB) LOS objects, 29% free, 37MB/53MB, paused 7.499ms total 731.245ms
11-28 23:25:31.077  4024  4051 I PackageManager: SELinux relabeling of org.cyanogenmod.weatherservice issued.
11-28 23:25:31.101  4024  4050 I PackageManager: SELinux relabeling of com.android.systemui issued.
11-28 23:25:31.109  4024  4052 I PackageManager: SELinux relabeling of org.cyanogenmod.weather.provider issued.
11-28 23:25:31.125  4024  4054 I PackageManager: SELinux relabeling of com.cyanogenmod.trebuchet issued.
11-28 23:25:31.130  4024  4054 W PackageManager: Permission com.android.launcher.permission.INSTALL_SHORTCUT from package com.cyanogenmod.trebuchet in an unknown group android.permission-group.SYSTEM_TOOLS
11-28 23:25:31.130  4024  4054 W PackageManager: Permission com.android.launcher3.permission.READ_SETTINGS from package com.cyanogenmod.trebuchet in an unknown group android.permission-group.SYSTEM_TOOLS
11-28 23:25:31.130  4024  4054 W PackageManager: Permission com.android.launcher3.permission.WRITE_SETTINGS from package com.cyanogenmod.trebuchet in an unknown group android.permission-group.SYSTEM_TOOLS
11-28 23:25:31.341  4024  4055 I PackageManager: SELinux relabeling of com.android.settings issued.
11-28 23:25:31.365  4024  4024 D PackageManager: end scanDirLI:/system/priv-app
11-28 23:25:31.366  4024  4024 D PackageManager: start scanDirLI:/system/app
11-28 23:25:31.366  4024  4024 D PackageManager: max thread:6
11-28 23:25:31.380  4024  4051 W PackageParser: No actions in intent filter at /system/app/Bluetooth/Bluetooth.apk Binary XML file line #235
11-28 23:25:31.389  4024  4054 I PackageManager: SELinux relabeling of com.android.bluetoothmidiservice issued.
11-28 23:25:31.400  4024  4050 W PackageParser: No actions in intent filter at /system/app/CMFileManager/CMFileManager.apk Binary XML file line #164
11-28 23:25:31.450  4024  4055 I PackageManager: SELinux relabeling of com.cyanogenmod.wallpapers issued.
11-28 23:25:31.453  4024  4053 I PackageManager: SELinux relabeling of com.android.dreams.basic issued.
11-28 23:25:31.521  4024  4051 I PackageManager: SELinux relabeling of com.android.bluetooth issued.
11-28 23:25:31.580  4024  4051 I PackageManager: SELinux relabeling of com.android.captiveportallogin issued.
11-28 23:25:31.610  4024  4052 I PackageManager: SELinux relabeling of com.android.browser issued.
11-28 23:25:31.626  4024  4055 I PackageManager: SELinux relabeling of com.android.certinstaller issued.
11-28 23:25:31.653  4024  4050 I PackageManager: SELinux relabeling of com.cyanogenmod.filemanager issued.
11-28 23:25:31.720  4024  4050 I PackageManager: SELinux relabeling of com.android.providers.downloads.ui issued.
11-28 23:25:31.760  4024  4052 I PackageManager: SELinux relabeling of com.android.development issued.
11-28 23:25:31.785  4024  4054 I PackageManager: SELinux relabeling of com.android.calendar issued.
11-28 23:25:31.856  4024  4055 I PackageManager: SELinux relabeling of com.android.documentsui issued.
11-28 23:25:31.973  4024  4052 I PackageManager: SELinux relabeling of com.android.calculator2 issued.
11-28 23:25:31.979  4024  4055 I PackageManager: SELinux relabeling of com.android.exchange issued.
11-28 23:25:31.980  4024  4053 I PackageManager: SELinux relabeling of com.android.camera2 issued.
11-28 23:25:31.991  4024  4050 I PackageManager: SELinux relabeling of com.cyanogenmod.eleven issued.
11-28 23:25:32.023  4024  4051 I PackageManager: SELinux relabeling of com.android.deskclock issued.
11-28 23:25:32.048  4024  4053 W PackageParser: Unknown element under <application>: permission at /system/app/Gallery2/Gallery2.apk Binary XML file line #279
11-28 23:25:32.048  4024  4053 W PackageParser: Unknown element under <application>: permission at /system/app/Gallery2/Gallery2.apk Binary XML file line #282
11-28 23:25:32.105  4024  4052 I PackageManager: SELinux relabeling of com.android.galaxy4 issued.
11-28 23:25:32.116  4024  4050 I PackageManager: SELinux relabeling of com.android.htmlviewer issued.
11-28 23:25:32.215  4024  4052 I PackageManager: SELinux relabeling of com.android.wallpaper.holospiral issued.
11-28 23:25:32.256  4024  4050 I PackageManager: SELinux relabeling of com.android.keychain issued.
11-28 23:25:32.418  4024  4052 I PackageManager: SELinux relabeling of com.android.wallpaper issued.
11-28 23:25:32.428  4024  4050 I PackageManager: SELinux relabeling of com.android.wallpaper.livepicker issued.
11-28 23:25:32.530  4024  4054 I PackageManager: SELinux relabeling of com.android.email issued.
11-28 23:25:32.647  4024  4053 I PackageManager: SELinux relabeling of com.android.gallery3d issued.
11-28 23:25:32.659  4024  4050 I PackageManager: SELinux relabeling of com.android.noisefield issued.
11-28 23:25:32.859  4024  4055 I PackageManager: SELinux relabeling of org.cyanogenmod.hexolibre issued.
11-28 23:25:32.857  4024  4054 I PackageManager: SELinux relabeling of com.android.pacprocessor issued.
11-28 23:25:32.880  4024  4050 I PackageManager: SELinux relabeling of com.android.phasebeam issued.
11-28 23:25:32.893  4024  4052 I PackageManager: SELinux relabeling of com.cyanogenmod.lockclock issued.
11-28 23:25:33.030  4024  4053 I PackageManager: SELinux relabeling of org.cyanogenmod.wallpapers.photophase issued.
11-28 23:25:33.050  4024  4050 I PackageManager: SELinux relabeling of com.svox.pico issued.
11-28 23:25:33.119  4024  4054 I PackageManager: SELinux relabeling of com.android.dreams.phototable issued.
11-28 23:25:33.129  4024  4055 I PackageManager: SELinux relabeling of com.android.printspooler issued.
11-28 23:25:33.185  4024  4052 I PackageManager: SELinux relabeling of org.cyanogenmod.profiles issued.
11-28 23:25:33.224  4024  4053 I PackageManager: SELinux relabeling of com.android.provision issued.
11-28 23:25:33.262  4024  4054 I PackageManager: SELinux relabeling of com.gd.mobicore.pa issued.
11-28 23:25:33.290  4024  4055 I PackageManager: SELinux relabeling of com.android.soundrecorder issued.
11-28 23:25:33.345  4024  4034 I art     : Background sticky concurrent mark sweep GC freed 222194(15MB) AllocSpace objects, 128(4MB) LOS objects, 16% free, 44MB/53MB, paused 3.963ms total 1.018s
11-28 23:25:33.385  4024  4052 I PackageManager: SELinux relabeling of com.android.stk issued.
11-28 23:25:33.389  4024  4050 I PackageManager: SELinux relabeling of com.cyanogenmod.samsungservicemode issued.
11-28 23:25:33.392  4024  4053 I PackageManager: SELinux relabeling of com.android.terminal issued.
11-28 23:25:33.427  4024  4054 I PackageManager: SELinux relabeling of com.android.providers.userdictionary issued.
11-28 23:25:33.454  4024  4050 W PackageManager: Failed to parse /system/app/mcRegistry: Missing base APK in /system/app/mcRegistry
11-28 23:25:33.525  4024  4055 I PackageManager: SELinux relabeling of com.android.smspush issued.
11-28 23:25:33.569  4024  4052 I PackageManager: SELinux relabeling of org.cyanogenmod.wallpaperpicker issued.
11-28 23:25:33.587  4024  4053 I PackageManager: SELinux relabeling of com.android.frameworks.telresources issued.
11-28 23:25:33.730  4024  4054 I PackageManager: SELinux relabeling of com.android.webview issued.
11-28 23:25:33.731  4024  4051 I PackageManager: SELinux relabeling of com.android.inputmethod.latin issued.
11-28 23:25:34.029  4024  4050 I PackageManager: SELinux relabeling of com.android.messaging issued.
11-28 23:25:34.054  4024  4024 D PackageManager: end scanDirLI:/system/app
11-28 23:25:34.054  4024  4024 D PackageManager: No files in app dir /system/vendor/app
11-28 23:25:34.054  4024  4024 D PackageManager: No files in app dir /oem/app
11-28 23:25:34.054  4024  4024 D PackageManager: No files in app dir /vendor/bundled-app
11-28 23:25:34.056  4024  4024 D PackageManager: No files in app dir /data/app
11-28 23:25:34.056  4024  4024 D PackageManager: No files in app dir /data/app-private
11-28 23:25:34.056  4024  4024 W PackageManager: Package com.android.dialer desires unavailable shared library com.qualcomm.qti.smartsearch; ignoring!
11-28 23:25:34.056  4024  4024 W PackageManager: Package com.android.gallery3d desires unavailable shared library com.google.android.media.effects; ignoring!
11-28 23:25:34.056  4024  4024 W PackageManager: Package com.android.gallery3d desires unavailable shared library com.google.android.media.effects; ignoring!
11-28 23:25:34.056  4024  4024 I PackageManager: Adjusting ABI for : com.android.providers.settings to arm64-v8a
11-28 23:25:34.057  4024  4024 I PackageManager: Adjusting ABI for : com.android.server.telecom to arm64-v8a
11-28 23:25:34.058  4024  4024 I PackageManager: Adjusting ABI for : com.android.settings to arm64-v8a
11-28 23:25:34.058  4024  4024 I PackageManager: Adjusting ABI for : com.android.keychain to arm64-v8a
11-28 23:25:34.058  4024  4024 I PackageManager: Adjusting ABI for : org.cyanogenmod.providers.datausage to arm64-v8a
11-28 23:25:34.059  4024  4024 I PackageManager: Adjusting ABI for : cyanogenmod.platform to arm64-v8a
11-28 23:25:34.059  3010  3010 E installd: invalid apk path '/system/framework/org.cyanogenmod.platform-res.apk' (bad prefix)
11-28 23:25:34.059  4024  4024 I PackageManager: Adjusting ABI for : org.cyanogenmod.cmsettings to arm64-v8a
11-28 23:25:34.059  4024  4024 I PackageManager: Adjusting ABI for : com.cyanogenmod.setupwizard to arm64-v8a
11-28 23:25:34.060  4024  4024 I PackageManager: Adjusting ABI for : com.android.location.fused to arm64-v8a
11-28 23:25:34.060  4024  4024 I PackageManager: Adjusting ABI for : com.android.inputdevices to arm64-v8a
11-28 23:25:34.060  4024  4024 I PackageManager: Adjusting ABI for : com.android.development to arm64-v8a
11-28 23:25:34.061  4024  4024 I PackageManager: Time to scan packages: 5.789 seconds
11-28 23:25:34.062  4024  4024 W PackageManager: Unknown permission com.google.android.googleapps.permission.GOOGLE_AUTH in package com.android.providers.calendar
11-28 23:25:34.062  4024  4024 W PackageManager: Unknown permission com.google.android.googleapps.permission.GOOGLE_AUTH.cl in package com.android.providers.calendar
11-28 23:25:34.063  4024  4024 W PackageManager: Not granting permission android.permission.REAL_GET_TASKS to package org.cyanogenmod.wallpapers.photophase (protectionLevel=18 flags=0x3818be45)
11-28 23:25:34.063  4024  4024 W PackageManager: Unknown permission android.permission.CANCEL_NOTIFICATIONS in package org.cyanogenmod.theme.chooser2
11-28 23:25:34.063  4024  4024 W PackageManager: Unknown permission com.cyanogen.ambient.permission.BIND_CALLER_INFO in package com.android.messaging
11-28 23:25:34.063  4024  4024 W PackageManager: Unknown permission com.cyanogen.ambient.permission.BIND_RIDEINPROGRESS_SERVICE in package com.android.messaging
11-28 23:25:34.063  4024  4024 W PackageManager: Unknown permission com.cyanogen.ambient.permission.BIND_RIDESHARING_SERVICE in package com.android.messaging
11-28 23:25:34.063  4024  4024 W PackageManager: Not granting permission android.permission.ACCESS_DOWNLOAD_MANAGER to package com.android.browser (protectionLevel=18 flags=0x3849be45)
11-28 23:25:34.063  4024  4024 W PackageManager: Not granting permission android.permission.SEND_DOWNLOAD_COMPLETED_INTENTS to package com.android.browser (protectionLevel=2 flags=0x3849be45)
11-28 23:25:34.063  4024  4024 W PackageManager: Unknown permission com.cyngn.stats.SEND_ANALYTICS in package com.cyanogenmod.setupwizard
11-28 23:25:34.063  4024  4024 W PackageManager: Unknown permission com.cyanogen.permission.REQUEST_KILL_SWITCH_OP in package com.cyanogenmod.setupwizard
11-28 23:25:34.064  4024  4024 W PackageManager: Unknown permission com.cyanogen.ambient.permission.BIND_INCALL_SERVICE in package com.android.contacts
11-28 23:25:34.064  4024  4024 W PackageManager: Unknown permission com.cyanogen.ambient.permission.PLUGIN_STATUS_CHANGED in package com.android.contacts
11-28 23:25:34.064  4024  4024 W PackageManager: Unknown permission com.cyanogen.ambient.permission.BIND_CALLER_INFO in package com.android.contacts
11-28 23:25:34.064  4024  4024 W PackageManager: Unknown permission com.google.android.googleapps.permission.GOOGLE_AUTH.mail in package com.android.calendar
11-28 23:25:34.064  4024  4024 W PackageManager: Unknown permission com.android.launcher.permission.READ_SETTINGS in package com.android.onetimeinitializer
11-28 23:25:34.064  4024  4024 W PackageManager: Unknown permission com.android.launcher.permission.WRITE_SETTINGS in package com.android.onetimeinitializer
11-28 23:25:34.065  4024  4024 W PackageManager: Unknown permission com.cyanogen.ambient.permission.BIND_INCALL_SERVICE in package com.android.dialer
11-28 23:25:34.065  4024  4024 W PackageManager: Unknown permission com.cyanogen.ambient.permission.PLUGIN_STATUS_CHANGED in package com.android.dialer
11-28 23:25:34.065  4024  4024 W PackageManager: Unknown permission com.cyanogen.ambient.permission.PUBLISH_DISCOVERY_NUDGE in package com.android.dialer
11-28 23:25:34.065  4024  4024 W PackageManager: Unknown permission com.cyanogen.ambient.permission.BIND_DEEPLINK_SERVICE in package com.android.dialer
11-28 23:25:34.065  4024  4024 W PackageManager: Unknown permission com.cyanogen.ambient.permission.READ_DEEPLINK_DATABASE in package com.android.dialer
11-28 23:25:34.066  4024  4024 W PackageManager: Unknown permission com.cyanogen.ambient.permission.BIND_CALLER_INFO in package com.android.dialer
11-28 23:25:34.066  4024  4024 W PackageManager: Unknown permission com.android.launcher.permission.READ_SETTINGS in package com.cyanogenmod.trebuchet
11-28 23:25:34.066  4024  4024 W PackageManager: Unknown permission com.android.launcher.permission.WRITE_SETTINGS in package com.cyanogenmod.trebuchet
11-28 23:25:34.066  4024  4024 W PackageManager: Unknown permission com.cyngn.stats.SEND_ANALYTICS in package com.cyanogenmod.trebuchet
11-28 23:25:34.066  4024  4024 W PackageManager: Unknown permission com.google.android.permission.INSTALL_WEARABLE_PACKAGES in package com.android.packageinstaller
11-28 23:25:34.066  4024  4024 W PackageManager: Not granting permission android.permission.DELETE_PACKAGES to package com.svox.pico (protectionLevel=18 flags=0x3808be45)
11-28 23:25:34.067  4024  4024 W PackageManager: Unknown permission android.permission.ACCESS_SUPERUSER in package com.cyanogenmod.filemanager
11-28 23:25:34.067  4024  4024 W PackageManager: Unknown permission com.cyanogenmod.filemanager.permissions.READ_THEME in package com.cyanogenmod.filemanager
11-28 23:25:34.067  4024  4024 W PackageManager: Unknown permission com.google.android.gallery3d.permission.PICASA_STORE in package com.android.dreams.phototable
11-28 23:25:34.067  4024  4024 W PackageManager: Unknown permission com.google.android.googleapps.permission.GOOGLE_AUTH in package com.android.settings
11-28 23:25:34.067  4024  4024 W PackageManager: Unknown permission com.android.launcher.permission.READ_SETTINGS in package com.android.settings
11-28 23:25:34.067  4024  4024 W PackageManager: Unknown permission com.android.launcher.permission.WRITE_SETTINGS in package com.android.settings
11-28 23:25:34.067  4024  4024 W PackageManager: Not granting permission android.permission.REAL_GET_TASKS to package com.cyanogenmod.eleven (protectionLevel=18 flags=0x3818be65)
11-28 23:25:34.069  4024  4024 W PackageManager: Unknown permission com.google.android.gallery3d.permission.GALLERY_PROVIDER in package com.android.bluetooth
11-28 23:25:34.069  4024  4024 W PackageManager: Unknown permission com.google.android.googleapps.permission.ACCESS_GOOGLE_PASSWORD in package com.android.development
11-28 23:25:34.069  4024  4024 W PackageManager: Unknown permission com.google.android.googleapps.permission.GOOGLE_AUTH in package com.android.development
11-28 23:25:34.069  4024  4024 W PackageManager: Unknown permission com.google.android.googleapps.permission.GOOGLE_AUTH.ALL_SERVICES in package com.android.development
11-28 23:25:34.069  4024  4024 W PackageManager: Unknown permission com.google.android.googleapps.permission.GOOGLE_AUTH.YouTubeUser in package com.android.development
11-28 23:25:34.070  4024  4024 V PackageManager: Disabling com.google.android.gsf/com.google.android.gsf.update.SystemUpdateActivity
11-28 23:25:34.070  4024  4024 W PackageManager: Unable to disable com.google.android.gsf/com.google.android.gsf.update.SystemUpdateActivity
11-28 23:25:34.070  4024  4024 V PackageManager: Disabling com.google.android.gsf/com.google.android.gsf.update.SystemUpdateService$Receiver
11-28 23:25:34.070  4024  4024 W PackageManager: Unable to disable com.google.android.gsf/com.google.android.gsf.update.SystemUpdateService$Receiver
11-28 23:25:34.070  4024  4024 V PackageManager: Disabling com.google.android.gsf/com.google.android.gsf.update.SystemUpdateService$SecretCodeReceiver
11-28 23:25:34.070  4024  4024 W PackageManager: Unable to disable com.google.android.gsf/com.google.android.gsf.update.SystemUpdateService$SecretCodeReceiver
11-28 23:25:34.070  4024  4024 V PackageManager: Disabling com.google.android.gms/com.google.android.gms.update.SystemUpdateActivity
11-28 23:25:34.070  4024  4024 W PackageManager: Unable to disable com.google.android.gms/com.google.android.gms.update.SystemUpdateActivity
11-28 23:25:34.070  4024  4024 V PackageManager: Disabling com.google.android.gms/com.google.android.gms.update.SystemUpdateService$Receiver
11-28 23:25:34.070  4024  4024 W PackageManager: Unable to disable com.google.android.gms/com.google.android.gms.update.SystemUpdateService$Receiver
11-28 23:25:34.070  4024  4024 V PackageManager: Disabling com.google.android.gms/com.google.android.gms.update.SystemUpdateService$ActiveReceiver
11-28 23:25:34.070  4024  4024 W PackageManager: Unable to disable com.google.android.gms/com.google.android.gms.update.SystemUpdateService$ActiveReceiver
11-28 23:25:34.070  4024  4024 V PackageManager: Disabling com.google.android.gms/com.google.android.gms.update.SystemUpdateService$SecretCodeReceiver
11-28 23:25:34.070  4024  4024 W PackageManager: Unable to disable com.google.android.gms/com.google.android.gms.update.SystemUpdateService$SecretCodeReceiver
11-28 23:25:34.070  4024  4024 V PackageManager: Enabling com.google.android.gsf/com.google.android.gsf.update.SystemUpdateService
11-28 23:25:34.070  4024  4024 W PackageManager: Unable to enable com.google.android.gsf/com.google.android.gsf.update.SystemUpdateService
11-28 23:25:34.070  4024  4024 V PackageManager: Enabling com.google.android.gms/com.google.android.gms.update.SystemUpdateService
11-28 23:25:34.070  4024  4024 W PackageManager: Unable to enable com.google.android.gms/com.google.android.gms.update.SystemUpdateService
11-28 23:25:34.244  4024  4024 I art     : Waiting for a blocking GC Explicit
11-28 23:25:34.277  4024  4034 I art     : Background partial concurrent mark sweep GC freed 335019(20MB) AllocSpace objects, 68(5MB) LOS objects, 33% free, 28MB/42MB, paused 732us total 167.639ms
11-28 23:25:34.277  4024  4024 I art     : WaitForGcToComplete blocked for 33.528ms for cause Explicit
11-28 23:25:34.277  4024  4024 I art     : Starting a blocking GC Explicit
11-28 23:25:34.336  4024  4024 I art     : Explicit concurrent mark sweep GC freed 7413(539KB) AllocSpace objects, 2(40KB) LOS objects, 33% free, 27MB/41MB, paused 688us total 58.281ms
11-28 23:25:34.337  4024  4024 I SystemServer: User Service
11-28 23:25:34.360  2932  2932 I lowmemorykiller: ActivityManager connected
11-28 23:25:34.364  4024  4024 I SystemServiceManager: Starting com.android.server.BatteryService
11-28 23:25:34.367  4024  4071 I         : System server: starting sensor init.
11-28 23:25:34.367  4024  4071 D SensorService: nuSensorService starting...
11-28 23:25:34.376  4024  4024 I SystemServiceManager: Starting com.android.server.usage.UsageStatsService
11-28 23:25:34.393  4024  4071 I Sensors : getName:gyro_sensor name = K6DS3TR.
11-28 23:25:34.394  4024  4071 I Sensors : Proximity old sensor_state 0, new sensor_state : 128 en : 1
11-28 23:25:34.426  4024  4071 I Sensors : Light old sensor_state 128, new sensor_state : 640 en : 1
11-28 23:25:34.432  4024  4071 I Sensors : Light_IR old sensor_state 640, new sensor_state : 16777856 en : 1
11-28 23:25:34.432  4024  4071 E Sensors : Light_IR_Sensor write failed. ret = -1, sensor_state = 16777856
11-28 23:25:34.433  4024  4071 I Sensors : SigMotionSensor old sensor_state 640, new sensor_state : 17024 en : 1
11-28 23:25:34.439  4024  4071 I Sensors : getName:gyro_sensor name = K6DS3TR.
11-28 23:25:34.440  4024  4071 I Sensors : StepCounterSensor old sensor_state 17024, new sensor_state : 279168 en : 1
11-28 23:25:34.440  4024  4071 E Sensors : StepCounterSensor write failed. ret = -1, sensor_state = 279168
11-28 23:25:34.440  4024  4071 I Sensors : Int.Gyro old sensor_state 17024, new sensor_state : 33571456 en : 1
11-28 23:25:34.440  4024  4071 E Sensors : Int.GyroSensor write failed. ret = -1, sensor_state = 33571456
11-28 23:25:34.440  4024  4071 I Sensors : getName:gyro_sensor name = K6DS3TR.
11-28 23:25:34.440  4024  4071 I Sensors : HrmSpO2Sensor:: part type = 12.
11-28 23:25:34.440  4024  4071 D Sensors : HrmSpO2Sensor::type:12, prox threshold:10000
11-28 23:25:34.440  4024  4071 D Sensors : HrmSpO2Sensor::handle:0 ,en:1
11-28 23:25:34.440  4024  4071 E Sensors : HrmSpO2Sensor::Error MAXIM Flicker Library...handle=0x0
11-28 23:25:34.440  4024  4071 D Sensors : HrmSpO2Sensor::HrmSpO2Sensor: Shared version Registered
11-28 23:25:34.441  4024  4071 D Sensors : HrmLedSensor enable: mEnabled 0, handle 20, en 1
11-28 23:25:34.441  4024  4071 D Sensors : HRMSensor led enabled:1, en:1
11-28 23:25:34.448  4024  4024 I UsageStatsService: User[0] Rollover scheduled @ 2016-11-29 00:00:00(1480377600000)
11-28 23:25:34.460  4024  4024 I SystemServiceManager: Starting com.android.server.webkit.WebViewUpdateService
11-28 23:25:34.462  4024  4024 I SystemServer: Reading configuration...
11-28 23:25:34.462  4024  4024 I SystemServer: Scheduling Policy
11-28 23:25:34.465  4024  4024 I SystemServiceManager: Starting com.android.server.telecom.TelecomLoaderService
11-28 23:25:34.465  4024  4024 I SystemServer: Telephony Registry
11-28 23:25:34.470  4024  4024 I SystemServer: Entropy Mixer
11-28 23:25:34.475  4024  4071 I Sensors : getVendor:hrm_sensor vendor = MAXIM.
11-28 23:25:34.475  4024  4071 I Sensors : HrmLedSensor: HrmLedSensor vendor = MAXIM.
11-28 23:25:34.476  4024  4071 D Sensors : HRMSensor_LED::libhr open start!! 
11-28 23:25:34.476  4024  4071 E Sensors : HRMSensor_LED::libhr open failed 
11-28 23:25:34.476  4024  4071 E Sensors : GripSensor: enable
11-28 23:25:34.502  4024  4071 I Sensors : Proximity old sensor_state 17024, new sensor_state : 16896 en : 0
11-28 23:25:34.503  4024  4071 I Sensors : Light old sensor_state 16896, new sensor_state : 16384 en : 0
11-28 23:25:34.503  4024  4071 I Sensors : SigMotionSensor old sensor_state 16384, new sensor_state : 0 en : 0
11-28 23:25:34.503  4024  4071 E Sensors : GripSensor: enable
11-28 23:25:34.503  4024  4071 D Sensors : HrmSpO2Sensor::handle:19 ,en:0
11-28 23:25:34.503  4024  4071 D Sensors : HrmSpO2Sensor::isEnabled:0 ,en:0, mEn:0
11-28 23:25:34.503  4024  4071 D Sensors : HrmSpO2Sensor::handle:28 ,en:0
11-28 23:25:34.503  4024  4071 D Sensors : HrmSpO2Sensor::isEnabled:0 ,en:0, mEn:0
11-28 23:25:34.503  4024  4071 D Sensors : HrmLedSensor enable: mEnabled 1, handle 20, en 0
11-28 23:25:34.503  4024  4071 D Sensors : HRMSensor_LED::enable 
11-28 23:25:34.503  4024  4071 D Sensors : HRMSensor led enabled:0, en:0
11-28 23:25:34.504  4024  4071 D Sensors : HrmLedSensor enable: mEnabled 0, handle 21, en 0
11-28 23:25:34.504  4024  4071 D Sensors : HrmLedSensor isEnabled:0 ,en:0
11-28 23:25:34.504  4024  4071 D Sensors : HrmSpO2Sensor::handle:18 ,en:0
11-28 23:25:34.504  4024  4071 D Sensors : HrmSpO2Sensor::isEnabled:0 ,en:0, mEn:0
11-28 23:25:34.505  4024  4071 I         : System server: sensor init done.
11-28 23:25:34.506  4024  4072 D SensorService: new thread SensorEventAckReceiver
11-28 23:25:34.507  4024  4073 D SensorService: nuSensorService thread starting...
11-28 23:25:34.515  4024  4024 I EntropyMixer: Added HW RNG output to entropy pool
