* daemon not running. starting it now on port 5037 *
* daemon started successfully *
--------- beginning of main
12-21 01:55:49.458  2941  2941 W auditd  : type=1325 audit(0.0:2): table=filter family=2 entries=0
12-21 01:55:49.458  2941  2941 W auditd  : type=1325 audit(0.0:3): table=mangle family=2 entries=0
12-21 01:55:49.458  2941  2941 W auditd  : type=1325 audit(0.0:4): table=nat family=2 entries=0
12-21 01:55:49.458  2941  2941 W auditd  : type=1325 audit(0.0:5): table=raw family=2 entries=0
12-21 01:55:49.458  2941  2941 W auditd  : type=1325 audit(0.0:6): table=security family=2 entries=0
12-21 01:55:49.458  2941  2941 W auditd  : type=1325 audit(0.0:7): table=filter family=3 entries=0
12-21 01:55:49.458  2941  2941 W auditd  : type=1325 audit(0.0:8): table=filter family=10 entries=0
12-21 01:55:49.458  2941  2941 W auditd  : type=1325 audit(0.0:9): table=mangle family=10 entries=0
12-21 01:55:49.458  2941  2941 W auditd  : type=1325 audit(0.0:10): table=raw family=10 entries=0
12-21 01:55:49.458  2941  2941 W auditd  : type=1325 audit(0.0:11): table=nat family=10 entries=0
12-21 01:55:49.649  2941  2941 I auditd  : type=1403 audit(0.0:12): policy loaded auid=4294967295 ses=4294967295
12-21 01:55:49.929  2910  2910 I init    : type=1400 audit(0.0:13): avc: denied { mounton } for path="/efs" dev="rootfs" ino=5106 scontext=u:r:init:s0 tcontext=u:object_r:efs_file:s0 tclass=dir permissive=1
12-21 01:55:49.929  2910  2910 W init    : type=1300 audit(0.0:13): arch=c00000b7 syscall=40 success=yes exit=0 a0=7f849cd7d0 a1=7f849e52c0 a2=7f849e52c8 a3=40a items=0 ppid=1 auid=4294967295 uid=0 gid=0 euid=0 suid=0 fsuid=0 egid=0 sgid=0 fsgid=0 tty=(none) ses=4294967295 exe="/init" subj=u:r:init:s0 key=(null)
12-21 01:55:49.929  2941  2941 W auditd  : type=1327 audit(0.0:13): proctitle=2F696E6974002D2D7365636F6E642D7374616765
12-21 01:55:49.929  2941  2941 W auditd  : type=1320 audit(0.0:13): 
12-21 01:55:49.949  2916  2916 I e2fsck  : type=1400 audit(0.0:14): avc: denied { read } for name="sda3" dev="tmpfs" ino=8878 scontext=u:r:fsck:s0 tcontext=u:object_r:block_device:s0 tclass=blk_file permissive=1
12-21 01:55:49.949  2916  2916 I e2fsck  : type=1400 audit(0.0:14): avc: denied { open } for path="/dev/block/sda3" dev="tmpfs" ino=8878 scontext=u:r:fsck:s0 tcontext=u:object_r:block_device:s0 tclass=blk_file permissive=1
12-21 01:55:49.949  2916  2916 W e2fsck  : type=1300 audit(0.0:14): arch=c00000b7 syscall=56 success=yes exit=4 a0=ffffff9c a1=7f9b68c030 a2=80 a3=0 items=0 ppid=2910 auid=4294967295 uid=0 gid=0 euid=0 suid=0 fsuid=0 egid=0 sgid=0 fsgid=0 tty=(none) ses=4294967295 exe="/system/bin/e2fsck" subj=u:r:fsck:s0 key=(null)
12-21 01:55:49.949  2941  2941 W auditd  : type=1327 audit(0.0:14): proctitle=2F73797374656D2F62696E2F65326673636B002D79002F6465762F626C6F636B2F706C6174666F726D2F31353561303030302E7566732F62792D6E616D652F454653
12-21 01:55:49.949  2941  2941 W auditd  : type=1320 audit(0.0:14): 
12-21 01:55:49.949  2916  2916 I e2fsck  : type=1400 audit(0.0:15): avc: denied { write } for name="sda3" dev="tmpfs" ino=8878 scontext=u:r:fsck:s0 tcontext=u:object_r:block_device:s0 tclass=blk_file permissive=1
12-21 01:55:49.949  2916  2916 W e2fsck  : type=1300 audit(0.0:15): arch=c00000b7 syscall=56 success=yes exit=4 a0=ffffff9c a1=7f9b68c090 a2=82 a3=0 items=0 ppid=2910 auid=4294967295 uid=0 gid=0 euid=0 suid=0 fsuid=0 egid=0 sgid=0 fsgid=0 tty=(none) ses=4294967295 exe="/system/bin/e2fsck" subj=u:r:fsck:s0 key=(null)
12-21 01:55:49.949  2941  2941 W auditd  : type=1327 audit(0.0:15): proctitle=2F73797374656D2F62696E2F65326673636B002D79002F6465762F626C6F636B2F706C6174666F726D2F31353561303030302E7566732F62792D6E616D652F454653
12-21 01:55:49.949  2941  2941 W auditd  : type=1320 audit(0.0:15): 
12-21 01:55:49.959  2916  2916 I e2fsck  : type=1400 audit(0.0:16): avc: denied { ioctl } for path="/dev/block/sda3" dev="tmpfs" ino=8878 ioctlcmd=127c scontext=u:r:fsck:s0 tcontext=u:object_r:block_device:s0 tclass=blk_file permissive=1
12-21 01:55:49.959  2916  2916 W e2fsck  : type=1300 audit(0.0:16): arch=c00000b7 syscall=29 success=yes exit=0 a0=4 a1=127c a2=7fe08ce2d0 a3=7fe08ce270 items=0 ppid=2910 auid=4294967295 uid=0 gid=0 euid=0 suid=0 fsuid=0 egid=0 sgid=0 fsgid=0 tty=(none) ses=4294967295 exe="/system/bin/e2fsck" subj=u:r:fsck:s0 key=(null)
12-21 01:55:49.959  2941  2941 W auditd  : type=1327 audit(0.0:16): proctitle=2F73797374656D2F62696E2F65326673636B002D79002F6465762F626C6F636B2F706C6174666F726D2F31353561303030302E7566732F62792D6E616D652F454653
12-21 01:55:49.959  2941  2941 W auditd  : type=1320 audit(0.0:16): 
12-21 01:55:49.959  2910  2910 I init    : type=1400 audit(0.0:17): avc: denied { mounton } for path="/cache" dev="rootfs" ino=5026 scontext=u:r:init:s0 tcontext=u:object_r:cache_file:s0 tclass=dir permissive=1
12-21 01:55:49.959  2910  2910 W init    : type=1300 audit(0.0:17): arch=c00000b7 syscall=40 success=yes exit=0 a0=7f849cd800 a1=7f849e52d0 a2=7f849e52d8 a3=40a items=0 ppid=1 auid=4294967295 uid=0 gid=0 euid=0 suid=0 fsuid=0 egid=0 sgid=0 fsgid=0 tty=(none) ses=4294967295 exe="/init" subj=u:r:init:s0 key=(null)
12-21 01:55:49.959  2941  2941 W auditd  : type=1327 audit(0.0:17): proctitle=2F696E6974002D2D7365636F6E642D7374616765
12-21 01:55:49.959  2941  2941 W auditd  : type=1320 audit(0.0:17): 
12-21 01:55:49.999     1     1 I init    : type=1400 audit(0.0:18): avc: denied { mounton } for path="/storage" dev="rootfs" ino=5037 scontext=u:r:init:s0 tcontext=u:object_r:storage_file:s0 tclass=dir permissive=1
12-21 01:55:50.009  2941  2941 W auditd  : type=1305 audit(0.0:19): audit_pid=2933 old=0 auid=4294967295 ses=4294967295 subj=u:r:logd:s0 res=1
12-21 01:55:50.009  2941  2941 W auditd  : type=1305 audit(0.0:20): audit_rate_limit=20 old=0 auid=4294967295 ses=4294967295 subj=u:r:logd:s0 res=1
--------- beginning of system
12-21 01:55:50.057  2934  2934 I vold    : Vold 3.0 (the awakening) firing up
12-21 01:55:50.057  2934  2934 V vold    : Detected support for: exfat ext4 ntfs vfat
12-21 01:55:50.316  2934  2943 V vold    : /system/bin/sgdisk
12-21 01:55:50.316  2934  2943 V vold    :     --android-dump
12-21 01:55:50.316  2934  2943 V vold    :     /dev/block/vold/disk:179_0
12-21 01:55:50.328  2934  2943 V vold    : DISK mbr
12-21 01:55:50.328  2934  2943 V vold    : PART 1 e
12-21 01:55:51.176  2999  2999 I /system/bin/tzdatacheck: tzdata file /data/misc/zoneinfo/current/tzdata does not exist. No action required.
12-21 01:55:51.206  3008  3008 I sysinit : Running /system/etc/init.d/00banner 
12-21 01:55:51.210  3004  3004 I lowmemorykiller: Using in-kernel low memory killer interface
12-21 01:55:51.215  3013  3013 I cm      : ____ _   _ ____ _  _ ____ ____ ____ _  _ _  _ ____ ___ 
12-21 01:55:51.220  3014  3014 I cm      : |     \_/  |__| |\ | |  | | __ |___ |\ | |\/| |  | |  \ 
12-21 01:55:51.225  3015  3015 I cm      : |___   |   |  | | \| |__| |__] |___ | \| |  | |__| |__/ 
12-21 01:55:51.227  3006  3006 I SurfaceFlinger: SurfaceFlinger is starting
12-21 01:55:51.227  3006  3006 E SchedPolicy: /system/bin/surfaceflinger add_tid_to_cgroup failed; fd=-1
12-21 01:55:51.227  3006  3006 I SurfaceFlinger: SurfaceFlinger's main thread ready to run. Initializing graphics H/W...
12-21 01:55:51.243  3021  3021 I cm      : Welcome to Android 6.0.1 / CyanogenMod-13.0-20161221-UNOFFICIAL-hero2ltexx 
12-21 01:55:51.248  3022  3022 I sysinit : Running /system/etc/init.d/90userinit 
12-21 01:55:51.263  3006  3006 D libEGL  : loaded /vendor/lib64/egl/libGLES_mali.so
12-21 01:55:51.278  3006  3006 I gralloc : using (id=)
12-21 01:55:51.278  3006  3006 I gralloc : xres         = 1440 px
12-21 01:55:51.278  3006  3006 I gralloc : yres         = 2560 px
12-21 01:55:51.278  3006  3006 I gralloc : width        = 68 mm (537.882324 dpi)
12-21 01:55:51.278  3006  3006 I gralloc : height       = 122 mm (532.983582 dpi)
12-21 01:55:51.278  3006  3006 I gralloc : refresh rate = 59.31 Hz
12-21 01:55:51.289  1120  1120 I kworker/0:1: type=1400 audit(0.0:21): avc: denied { read } for name="battery_data.dat" dev="sda3" ino=34 scontext=u:r:kernel:s0 tcontext=u:object_r:efs_file:s0 tclass=file permissive=1
12-21 01:55:51.289  1120  1120 I kworker/0:1: type=1400 audit(0.0:22): avc: denied { open } for path="/efs/Battery/battery_data.dat" dev="sda3" ino=34 scontext=u:r:kernel:s0 tcontext=u:object_r:efs_file:s0 tclass=file permissive=1
12-21 01:55:51.289  3006  3006 D hwcomposer: using
12-21 01:55:51.289  3006  3006 D hwcomposer: xres         = 1440 px
12-21 01:55:51.289  3006  3006 D hwcomposer: yres         = 2560 px
12-21 01:55:51.289  3006  3006 D hwcomposer: width        = 68 mm (537.882000 dpi)
12-21 01:55:51.289  3006  3006 D hwcomposer: height       = 122 mm (532.983000 dpi)
12-21 01:55:51.289  3006  3006 D hwcomposer: refresh rate = 59 Hz
12-21 01:55:51.289  3006  3006 I hwcomposer: PSR info devname = /sys/devices/13960000.decon_f/psr_info
12-21 01:55:51.289  3006  3006 I hwcomposer: PSR mode is 6(0: video mode, 1: DP PSR mode, 2: MIPI-DSI command mode)
12-21 01:55:51.289  3006  3006 I SurfaceFlinger: Using composer version 1.3
12-21 01:55:51.289  3006  3006 E display : unknown display attribute 6
12-21 01:55:51.289  3006  3006 I SurfaceFlinger: EGL information:
12-21 01:55:51.289  3006  3006 I SurfaceFlinger: vendor    : Android
12-21 01:55:51.289  3006  3006 I SurfaceFlinger: version   : 1.4 Android META-EGL
12-21 01:55:51.289  3006  3006 I SurfaceFlinger: extensions: EGL_KHR_get_all_proc_addresses EGL_ANDROID_presentation_time EGL_KHR_swap_buffers_with_damage EGL_KHR_image EGL_KHR_image_base EGL_KHR_gl_texture_2D_image EGL_KHR_gl_texture_cubemap_image EGL_KHR_gl_renderbuffer_image EGL_KHR_fence_sync EGL_KHR_create_context EGL_KHR_config_attribs EGL_KHR_surfaceless_context EGL_EXT_create_context_robustness EGL_ANDROID_image_native_buffer EGL_KHR_wait_sync EGL_ANDROID_recordable EGL_KHR_partial_update 
12-21 01:55:51.289  3006  3006 I SurfaceFlinger: Client API: OpenGL_ES
12-21 01:55:51.289  3006  3006 I SurfaceFlinger: EGLSurface: 8-8-8-8, config=0x7fac490138
12-21 01:55:51.297  3006  3006 I SurfaceFlinger: OpenGL ES informations:
12-21 01:55:51.297  3006  3006 I SurfaceFlinger: vendor    : ARM
12-21 01:55:51.297  3006  3006 I SurfaceFlinger: renderer  : Mali-T880
12-21 01:55:51.297  3006  3006 I SurfaceFlinger: version   : OpenGL ES 3.2 v1.r12p1-00dev0.60546d7cd0bfd82d0ba92ca3bb825c75
12-21 01:55:51.297  3006  3006 I SurfaceFlinger: extensions: GL_EXT_debug_marker GL_ARM_rgba8 GL_ARM_mali_shader_binary GL_OES_depth24 GL_OES_depth_texture GL_OES_depth_texture_cube_map GL_OES_packed_depth_stencil GL_OES_rgb8_rgba8 GL_EXT_read_format_bgra GL_OES_compressed_paletted_texture GL_OES_compressed_ETC1_RGB8_texture GL_OES_standard_derivatives GL_OES_EGL_image GL_OES_EGL_image_external GL_OES_EGL_image_external_essl3 GL_OES_EGL_sync GL_OES_texture_npot GL_OES_vertex_half_float GL_OES_required_internalformat GL_OES_vertex_array_object GL_OES_mapbuffer GL_EXT_texture_format_BGRA8888 GL_EXT_texture_rg GL_EXT_texture_type_2_10_10_10_REV GL_OES_fbo_render_mipmap GL_OES_element_index_uint GL_EXT_shadow_samplers GL_OES_texture_compression_astc GL_KHR_texture_compression_astc_ldr GL_KHR_texture_compression_astc_hdr GL_KHR_texture_compression_astc_sliced_3d GL_KHR_debug GL_EXT_occlusion_query_boolean GL_EXT_disjoint_timer_query GL_EXT_blend_minmax GL_EXT_discard_framebuffer GL_OES_get_program_binary GL_OES_texture_3D GL_EXT_texture_storage GL_EXT_multisamp
12-21 01:55:51.297  3006  3006 I SurfaceFlinger: GL_MAX_TEXTURE_SIZE = 16384
12-21 01:55:51.297  3006  3006 I SurfaceFlinger: GL_MAX_VIEWPORT_DIMS = 16384
12-21 01:55:51.297  3006  3006 D mali_winsys: EGLint new_window_surface(egl_winsys_display*, void*, EGLSurface, EGLConfig, egl_winsys_surface**, egl_color_buffer_format*, EGLBoolean) returns 0x3000,  [1440x2560]-format:1
12-21 01:55:51.329  3053  3053 I init    : type=1400 audit(0.0:23): avc: denied { execute_no_trans } for path="/system/bin/lhd" dev="sda14" ino=444 scontext=u:r:init:s0 tcontext=u:object_r:system_file:s0 tclass=file permissive=1
12-21 01:55:51.329  3055  3055 I init    : type=1400 audit(0.0:24): avc: denied { execute_no_trans } for path="/system/bin/sh" dev="sda14" ino=570 scontext=u:r:init:s0 tcontext=u:object_r:shell_exec:s0 tclass=file permissive=1
12-21 01:55:51.329  3055  3055 W sh      : type=1300 audit(0.0:24): arch=c00000b7 syscall=221 success=yes exit=0 a0=7f846d1d15 a1=7f847e1220 a2=5349a8 a3=0 items=0 ppid=1 auid=4294967295 uid=0 gid=0 euid=0 suid=0 fsuid=0 egid=0 sgid=0 fsgid=0 tty=(none) ses=4294967295 exe="/system/bin/sh" subj=u:r:init:s0 key=(null)
12-21 01:55:51.329  2941  2941 W auditd  : type=1327 audit(0.0:24): proctitle=2F73797374656D2F62696E2F7368002F73797374656D2F6574632F696E69742E7365632E626F6F742E7368
12-21 01:55:51.329  2941  2941 W auditd  : type=1320 audit(0.0:24): 
12-21 01:55:51.329  3053  3053 W lhd     : type=1300 audit(0.0:23): arch=c00000b7 syscall=221 success=yes exit=0 a0=7f8473855c a1=7f847e0fa0 a2=5349a8 a3=0 items=0 ppid=1 auid=4294967295 uid=1021 gid=1000 euid=1021 suid=1021 fsuid=1021 egid=1000 sgid=1000 fsgid=1000 tty=(none) ses=4294967295 exe="/system/bin/lhd" subj=u:r:init:s0 key=(null)
12-21 01:55:51.329  2941  2941 W auditd  : type=1327 audit(0.0:23): proctitle=2F73797374656D2F62696E2F6C6864002F73797374656D2F6574632F6C68642E636F6E66
12-21 01:55:51.329  2941  2941 W auditd  : type=1320 audit(0.0:23): 
12-21 01:55:51.340  3006  3006 D SurfaceFlinger: Set power mode=2, type=0 flinger=0x7fac9c3c00
12-21 01:55:51.353  3045  3045 I DEBUG   : debuggerd: starting
12-21 01:55:51.353  3049  3049 I installd: installd firing up
12-21 01:55:51.358  3052  3052 D wifiloader: Trigger initcall of deferred modules
12-21 01:55:51.360  3043  3043 I Netd    : Netd 1.0 starting
12-21 01:55:51.360  3043  3043 I QtiConnectivityAdapter: Failed to open libconnctrl, some features may not be present.
12-21 01:55:51.361  3043  3043 D TetherController: Setting IP forward enable = 0
12-21 01:55:51.372  3059  3059 I perfprofd: starting Android Wide Profiling daemon
12-21 01:55:51.372  3059  3059 E perfprofd: unable to open configuration file /data/data/com.google.android.gms/files/perfprofd.conf
12-21 01:55:51.372  3059  3059 I perfprofd: random seed set to 3131413631
12-21 01:55:51.375  3060  3060 I fingerprintd: Starting fingerprintd
12-21 01:55:51.378  3058  3058 I gatekeeperd: Starting gatekeeperd...
12-21 01:55:51.379  3053  3053 I lhd     : type=1400 audit(0.0:25): avc: denied { create } for scontext=u:r:init:s0 tcontext=u:r:init:s0 tclass=tcp_socket permissive=1
12-21 01:55:51.379  3053  3053 W lhd     : type=1300 audit(0.0:25): arch=c00000b7 syscall=198 success=yes exit=7 a0=2 a1=1 a2=0 a3=7f93886000 items=0 ppid=1 auid=4294967295 uid=1021 gid=1000 euid=1021 suid=1021 fsuid=1021 egid=1000 sgid=1000 fsgid=1000 tty=(none) ses=4294967295 exe="/system/bin/lhd" subj=u:r:init:s0 key=(null)
12-21 01:55:51.379  2941  2941 W auditd  : type=1327 audit(0.0:25): proctitle=2F73797374656D2F62696E2F6C6864002F73797374656D2F6574632F6C68642E636F6E66
12-21 01:55:51.379  2941  2941 W auditd  : type=1320 audit(0.0:25): 
12-21 01:55:51.379  3053  3053 I lhd     : type=1400 audit(0.0:26): avc: denied { bind } for scontext=u:r:init:s0 tcontext=u:r:init:s0 tclass=tcp_socket permissive=1
12-21 01:55:51.379  3053  3053 I lhd     : type=1400 audit(0.0:26): avc: denied { name_bind } for src=6477 scontext=u:r:init:s0 tcontext=u:object_r:port:s0 tclass=tcp_socket permissive=1
12-21 01:55:51.379  3053  3053 I lhd     : type=1400 audit(0.0:26): avc: denied { node_bind } for src=6477 scontext=u:r:init:s0 tcontext=u:object_r:node:s0 tclass=tcp_socket permissive=1
12-21 01:55:51.379  3053  3053 W lhd     : type=1300 audit(0.0:26): arch=c00000b7 syscall=200 success=yes exit=0 a0=7 a1=7ff2f03be8 a2=10 a3=7f93886000 items=0 ppid=1 auid=4294967295 uid=1021 gid=1000 euid=1021 suid=1021 fsuid=1021 egid=1000 sgid=1000 fsgid=1000 tty=(none) ses=4294967295 exe="/system/bin/lhd" subj=u:r:init:s0 key=(null)
12-21 01:55:51.379  2941  2941 W auditd  : type=1327 audit(0.0:26): proctitle=2F73797374656D2F62696E2F6C6864002F73797374656D2F6574632F6C68642E636F6E66
12-21 01:55:51.379  2941  2941 W auditd  : type=1320 audit(0.0:26): 
12-21 01:55:51.379  3053  3053 I lhd     : type=1400 audit(0.0:27): avc: denied { lock } for path="/data/system/gps/.lhd.lock" dev="sda18" ino=917509 scontext=u:r:init:s0 tcontext=u:object_r:system_data_file:s0 tclass=file permissive=1
12-21 01:55:51.379  3053  3053 W lhd     : type=1300 audit(0.0:27): arch=c00000b7 syscall=25 success=yes exit=0 a0=7 a1=6 a2=7ff2f03c30 a3=1 items=0 ppid=1 auid=4294967295 uid=1021 gid=1000 euid=1021 suid=1021 fsuid=1021 egid=1000 sgid=1000 fsgid=1000 tty=(none) ses=4294967295 exe="/system/bin/lhd" subj=u:r:init:s0 key=(null)
12-21 01:55:51.379  2941  2941 W auditd  : type=1327 audit(0.0:27): proctitle=2F73797374656D2F62696E2F6C6864002F73797374656D2F6574632F6C68642E636F6E66
12-21 01:55:51.379  2941  2941 W auditd  : type=1320 audit(0.0:27): 
12-21 01:55:51.379  3058  3058 W gatekeeperd: falling back to software GateKeeper
12-21 01:55:51.379  3058  3058 I gatekeeperd: cold boot: clearing state
12-21 01:55:51.386  3044  3044 I DEBUG   : debuggerd: starting
12-21 01:55:51.388  3050  3050 I keystore: Found keymaster0 module Keymaster OpenSSL HAL, version 2
12-21 01:55:51.388  3050  3050 I SoftKeymaster: system/keymaster/soft_keymaster_device.cpp, Line 122: Creating device
12-21 01:55:51.388  3050  3050 D SoftKeymaster: system/keymaster/soft_keymaster_device.cpp, Line 123: Device address: 0x7f975a3000
12-21 01:55:51.390  3050  3050 I keystore: Keymaster0 module is software-only.  Using SoftKeymasterDevice instead.
12-21 01:55:51.390  3050  3050 I SoftKeymaster: system/keymaster/soft_keymaster_device.cpp, Line 122: Creating device
12-21 01:55:51.390  3050  3050 D SoftKeymaster: system/keymaster/soft_keymaster_device.cpp, Line 123: Device address: 0x7f975a3300
12-21 01:55:51.392  3053  3053 V lhd     : GlLhdInterface::Init(/system/etc/lhd.conf)
12-21 01:55:51.396  3053  3053 E lhd     : SetCfgValue: Critical Error. Unknown configuration parameter "FlpName"="tcp"
12-21 01:55:51.396  3053  3053 V lhd     : SetCfgValue: LHD config "LheSerialControl"="BBD:Serial=TTY"
12-21 01:55:51.396  3053  3053 E lhd     : SetCfgValue: Critical Error. Unknown configuration parameter "LheClockMHz"="100"
12-21 01:55:51.396  3053  3053 V lhd     : SetCfgValue: LHD config "LhePatch"="/dev/bbd_patch"
12-21 01:55:51.396  3053  3053 V lhd     : SetCfgValue: LHD config "LheMaxMcuResetTries"="4"
12-21 01:55:51.396  3053  3053 V lhd     : SetCfgValue: LHD config "LheBbdPacket"="/dev/ttyBCM"
12-21 01:55:51.396  3053  3053 V lhd     : SetCfgValue: LHD config "LheBbdControl"="/dev/bbd_control"
12-21 01:55:51.396  3053  3053 V lhd     : SetCfgValue: LHD config "LheBbdSensor"="/dev/bbd_sensor"
12-21 01:55:51.396  3053  3053 V lhd     : SetCfgValue: LHD config "Lhe477xDebugFlags"="RPC:FACILITY=33:STDOUT_PUTS:STDOUT_LOG"
12-21 01:55:51.396  3053  3053 V lhd     : SetCfgValue: LHD config "LheConsole"="/data/system/gps/LheConsole"
12-21 01:55:51.396  3053  3053 E lhd     : SetCfgValue: Critical Error. Unknown configuration parameter "LheSensorIpc"="true"
12-21 01:55:51.396  3053  3053 E lhd     : SetCfgValue: Critical Error. Unknown configuration parameter "LhePinMux"="P17=M1"
12-21 01:55:51.396  3053  3053 V lhd     : SetCfgValue: LHD config "LheAutoBaudDelayMS"="10"
12-21 01:55:51.396  3053  3053 V lhd     : SetCfgValue: LHD config "LheMaxMcuResetTries"="3"
12-21 01:55:51.396  3053  3053 E lhd     : OpenFirmwareFile: Fail to open /efs/sec_efs/sensorhub_urgent_fw.patch, errno 2
12-21 01:55:51.396  3053  3053 E lhd     : getCustPatchVersion: Fail to parse patch /efs/sec_efs/sensorhub_urgent_fw.patch
12-21 01:55:51.396  3053  3053 E lhd     : getCustPatchVersion: <CustomerVersion> not found
12-21 01:55:51.429  3007  3007 I mcDriverDaemon: type=1400 audit(0.0:28): avc: denied { write } for name="property_service" dev="tmpfs" ino=3392 scontext=u:r:tee:s0 tcontext=u:object_r:property_socket:s0 tclass=sock_file permissive=1
12-21 01:55:51.429  3007  3007 I mcDriverDaemon: type=1400 audit(0.0:28): avc: denied { connectto } for path="/dev/socket/property_service" scontext=u:r:tee:s0 tcontext=u:r:init:s0 tclass=unix_stream_socket permissive=1
12-21 01:55:51.429  3007  3007 W mcDriverDaemon: type=1300 audit(0.0:28): arch=c00000b7 syscall=203 success=yes exit=0 a0=6 a1=7fc08f2408 a2=1f a3=7f7aa43000 items=0 ppid=1 auid=4294967295 uid=1000 gid=1000 euid=1000 suid=1000 fsuid=1000 egid=1000 sgid=1000 fsgid=1000 tty=(none) ses=4294967295 exe="/system/bin/mcDriverDaemon" subj=u:r:tee:s0 key=(null)
12-21 01:55:51.429  2941  2941 W auditd  : type=1327 audit(0.0:28): proctitle=2F73797374656D2F62696E2F6D634472697665724461656D6F6E002D72002F73797374656D2F6170702F46464646464646463030303030303030303030303030303030303030303030312E647262696E002D72002F73797374656D2F6170702F6D6352656769737472792F666666666666666664303030303030303030303030
12-21 01:55:51.429  2941  2941 W auditd  : type=1320 audit(0.0:28): 
12-21 01:55:51.429  3109  3109 I init    : type=1400 audit(0.0:29): avc: denied { execute_no_trans } for path="/system/bin/cs" dev="sda14" ino=352 scontext=u:r:init:s0 tcontext=u:object_r:system_file:s0 tclass=file permissive=1
12-21 01:55:51.429  3109  3109 W cs      : type=1300 audit(0.0:29): arch=c00000b7 syscall=221 success=yes exit=0 a0=7f84758c39 a1=7f847df920 a2=5349a8 a3=0 items=0 ppid=1 auid=4294967295 uid=1000 gid=1000 euid=1000 suid=1000 fsuid=1000 egid=1000 sgid=1000 fsgid=1000 tty=(none) ses=4294967295 exe="/system/bin/cs" subj=u:r:init:s0 key=(null)
12-21 01:55:51.429  2941  2941 W auditd  : type=1327 audit(0.0:29): proctitle="/system/bin/cs"
12-21 01:55:51.429  2941  2941 W auditd  : type=1320 audit(0.0:29): 
12-21 01:55:51.439  3053  3053 I lhd     : type=1400 audit(0.0:30): avc: denied { write } for name="LheConsole.fromAsic" dev="sda18" ino=917511 scontext=u:r:init:s0 tcontext=u:object_r:system_data_file:s0 tclass=fifo_file permissive=1
12-21 01:55:51.439  3053  3053 W lhd     : type=1300 audit(0.0:30): arch=c00000b7 syscall=56 success=no exit=-6 a0=ffffff9c a1=7ff2f03328 a2=801 a3=0 items=0 ppid=1 auid=4294967295 uid=1021 gid=1000 euid=1021 suid=1021 fsuid=1021 egid=1000 sgid=1000 fsgid=1000 tty=(none) ses=4294967295 exe="/system/bin/lhd" subj=u:r:init:s0 key=(null)
12-21 01:55:51.439  2941  2941 W auditd  : type=1327 audit(0.0:30): proctitle=2F73797374656D2F62696E2F6C6864002F73797374656D2F6574632F6C68642E636F6E66
12-21 01:55:51.439  2941  2941 W auditd  : type=1320 audit(0.0:30): 
12-21 01:55:51.446  3007  3007 W McDaemon: mcRegistry read So.Soc failed: 16 [hardware/samsung_slsi/exynos8890/mobicore/Daemon/src/PrivateRegistry.cpp:374]
12-21 01:55:51.446  3007  3007 W McDaemon: mcRegistry read So.Soc failed: 16 [hardware/samsung_slsi/exynos8890/mobicore/Daemon/src/PrivateRegistry.cpp:429]
12-21 01:55:51.446  3007  3007 W McDaemon: mcRegistry read So.Root failed: 16 [hardware/samsung_slsi/exynos8890/mobicore/Daemon/src/PrivateRegistry.cpp:533]
12-21 01:55:51.446  3007  3007 W McDaemon: Device endorsements not supported! [hardware/samsung_slsi/exynos8890/mobicore/Daemon/src/MobiCoreDriverDaemon.cpp:588]
12-21 01:55:51.446  3007  3007 I McDaemon: Daemon starting up... [hardware/samsung_slsi/exynos8890/mobicore/Daemon/src/MobiCoreDriverDaemon.cpp:548]
12-21 01:55:51.446  3007  3007 I McDaemon: Interface version is 0.4 [hardware/samsung_slsi/exynos8890/mobicore/Daemon/src/MobiCoreDriverDaemon.cpp:550]
12-21 01:55:51.446  3007  3007 I McDaemon: t-base-EXYNOS64-Android-310B-V007-20160505_211700_344 [hardware/samsung_slsi/exynos8890/mobicore/Daemon/src/MobiCoreDriverDaemon.cpp:552]
12-21 01:55:51.446  3007  3007 I McDaemon: Build timestamp is Aug  9 2016 18:54:04 [hardware/samsung_slsi/exynos8890/mobicore/Daemon/src/MobiCoreDriverDaemon.cpp:553]
12-21 01:55:51.447  3007  3107 I TeeDriverClient: driver client open [hardware/samsung_slsi/exynos8890/mobicore/ClientLib/src/driver_client.cpp:103]
12-21 01:55:51.447  3007  3007 W McDaemon: Cannot open trustlet /data/app/mcRegistry/07050501000000000000000000000020.tlbin (2) [hardware/samsung_slsi/exynos8890/mobicore/Daemon/src/SecureWorld.cpp:178]
12-21 01:55:51.448  3007  3107 I TeeFilesystem: void FileSystem::Impl::run(): Start listening for request from STH2 [hardware/samsung_slsi/exynos8890/mobicore/Daemon/src/FSD2.cpp:376]
12-21 01:55:51.449  3109  3109 I cs      : type=1400 audit(0.0:31): avc: denied { create } for name="cs_socket" scontext=u:r:init:s0 tcontext=u:object_r:socket_device:s0 tclass=sock_file permissive=1
12-21 01:55:51.449  3109  3109 W cs      : type=1300 audit(0.0:31): arch=c00000b7 syscall=200 success=yes exit=0 a0=4 a1=7fe86642f8 a2=6e a3=735f73632f74656b items=0 ppid=1 auid=4294967295 uid=1000 gid=1000 euid=1000 suid=1000 fsuid=1000 egid=1000 sgid=1000 fsgid=1000 tty=(none) ses=4294967295 exe="/system/bin/cs" subj=u:r:init:s0 key=(null)
12-21 01:55:51.462  3109  3109 I CSTORAGE: ============================================================
12-21 01:55:51.462  3109  3109 I CSTORAGE:  CSTORAGE, v1.1.14, OS = android, ChipId = ex8890
12-21 01:55:51.462  3109  3109 I CSTORAGE: ============================================================
12-21 01:55:51.462  3109  3109 I CSTORAGE: ============================================================
12-21 01:55:51.462  3109  3109 I CSTORAGE:  CSTORAGE_SKM_LIB, v1.1.14, OS = android, ChipId = ex8890
12-21 01:55:51.462  3109  3109 I CSTORAGE: ============================================================
12-21 01:55:51.625  3006  3006 D SurfaceFlinger: SF. shader cache generated - 26 shaders in 241.507065 ms
12-21 01:55:51.640  3042  3112 D libEGL  : loaded /vendor/lib64/egl/libGLES_mali.so
12-21 01:55:51.647  3048  3048 V MediaUtils: physMem: 3746938880
12-21 01:55:51.647  3048  3048 V MediaUtils: requested limit: 2435510220
12-21 01:55:51.647  3048  3048 V MediaUtils: actual limit: 2435510220
12-21 01:55:51.647  3048  3048 V MediaUtils: original limits: 4294967295/4294967295
12-21 01:55:51.647  3048  3048 V MediaUtils: new limits: 2435510220/4294967295
12-21 01:55:51.651  3048  3048 I mediaserver: ServiceManager: 0xf65ce120
12-21 01:55:51.651  3048  3048 I AudioFlinger: Using default 3000 mSec as standby time.
12-21 01:55:51.652  3048  3048 E BatteryNotifier: batterystats service unavailable!
12-21 01:55:51.652  3048  3048 E BatteryNotifier: batterystats service unavailable!
12-21 01:55:51.653  3042  3112 D mali_winsys: EGLint new_window_surface(egl_winsys_display*, void*, EGLSurface, EGLConfig, egl_winsys_surface**, egl_color_buffer_format*, EGLBoolean) returns 0x3000,  [1440x2560]-format:2
12-21 01:55:51.653  3048  3048 I CameraService: CameraService started (pid=3048)
12-21 01:55:51.653  3048  3048 I CameraService: CameraService process starting
12-21 01:55:51.653  3048  3048 E BatteryNotifier: batterystats service unavailable!
12-21 01:55:51.653  3048  3048 E BatteryNotifier: batterystats service unavailable!
12-21 01:55:51.658  3042  3112 E BootAnimation: couldn't find audio_conf.txt
12-21 01:55:51.754  3042  3112 D BootAnimation: Use save memory method, maybe small fps in actual.
12-21 01:55:51.761  3056  3056 D AndroidRuntime: >>>>>> START com.android.internal.os.ZygoteInit uid 0 <<<<<<
12-21 01:55:51.773  3054  3054 D gpsd    : WakeLock(Release,GPSD)
12-21 01:55:51.778  3054  3054 D gpsd    : WakeLock(Release,SUPL)
12-21 01:55:51.779  3054  3054 I gpsd_d  : GNSS: 263294
12-21 01:55:51.779  3054  3054 D wrapperGPS: wrapperOpenClient_RILD
12-21 01:55:51.779  3054  3054 E wrapperGPS: wrapperOpenClient_RILD: RegisterUnsolicitedHandler() UNSOL_GPS_NOTI (11009)
12-21 01:55:51.779  3054  3054 D wrapperGPS: wrapperRegisterRequestCompleteHandler
12-21 01:55:51.779  3054  3054 D wrapperGPS: wrapperRegisterUnsolicitedHandler id(12009), handler(0x7fa2600508)
12-21 01:55:51.779  3054  3054 D wrapperGPS: wrapperRegisterErrorCallback
12-21 01:55:51.779  3054  3054 D wrapperGPS: wrapperConnect_RILD
12-21 01:55:51.797  3056  3056 D AndroidRuntime: CheckJNI is OFF
12-21 01:55:51.802  3056  3056 I art     : option[0]=-Xzygote
12-21 01:55:51.802  3056  3056 I art     : option[1]=-Xstacktracefile:/data/anr/traces.txt
12-21 01:55:51.802  3056  3056 I art     : option[2]=exit
12-21 01:55:51.802  3056  3056 I art     : option[3]=vfprintf
12-21 01:55:51.802  3056  3056 I art     : option[4]=sensitiveThread
12-21 01:55:51.802  3056  3056 I art     : option[5]=-verbose:gc
12-21 01:55:51.802  3056  3056 I art     : option[6]=-Xms8m
12-21 01:55:51.802  3056  3056 I art     : option[7]=-Xmx512m
12-21 01:55:51.802  3056  3056 I art     : option[8]=-XX:HeapGrowthLimit=256m
12-21 01:55:51.802  3056  3056 I art     : option[9]=-XX:HeapMinFree=2m
12-21 01:55:51.802  3056  3056 I art     : option[10]=-XX:HeapMaxFree=8m
12-21 01:55:51.802  3056  3056 I art     : option[11]=-XX:HeapTargetUtilization=0.75
12-21 01:55:51.802  3056  3056 I art     : option[12]=-agentlib:jdwp=transport=dt_android_adb,suspend=n,server=y
12-21 01:55:51.802  3056  3056 I art     : option[13]=-Xlockprofthreshold:500
12-21 01:55:51.802  3056  3056 I art     : option[14]=-Ximage-compiler-option
12-21 01:55:51.802  3056  3056 I art     : option[15]=--runtime-arg
12-21 01:55:51.802  3056  3056 I art     : option[16]=-Ximage-compiler-option
12-21 01:55:51.802  3056  3056 I art     : option[17]=-Xms64m
12-21 01:55:51.802  3056  3056 I art     : option[18]=-Ximage-compiler-option
12-21 01:55:51.802  3056  3056 I art     : option[19]=--runtime-arg
12-21 01:55:51.802  3056  3056 I art     : option[20]=-Ximage-compiler-option
12-21 01:55:51.802  3056  3056 I art     : option[21]=-Xmx64m
12-21 01:55:51.802  3056  3056 I art     : option[22]=-Ximage-compiler-option
12-21 01:55:51.802  3056  3056 I art     : option[23]=--compiler-filter=speed
12-21 01:55:51.802  3056  3056 I art     : option[24]=-Ximage-compiler-option
12-21 01:55:51.802  3056  3056 I art     : option[25]=--image-classes=/system/etc/preloaded-classes
12-21 01:55:51.802  3056  3056 I art     : option[26]=-Xcompiler-option
12-21 01:55:51.802  3056  3056 I art     : option[27]=--runtime-arg
12-21 01:55:51.802  3056  3056 I art     : option[28]=-Xcompiler-option
12-21 01:55:51.802  3056  3056 I art     : option[29]=-Xms64m
12-21 01:55:51.802  3056  3056 I art     : option[30]=-Xcompiler-option
12-21 01:55:51.802  3056  3056 I art     : option[31]=--runtime-arg
12-21 01:55:51.802  3056  3056 I art     : option[32]=-Xcompiler-option
12-21 01:55:51.802  3056  3056 I art     : option[33]=-Xmx512m
12-21 01:55:51.802  3056  3056 I art     : option[34]=-Xcompiler-option
12-21 01:55:51.802  3056  3056 I art     : option[35]=--compiler-filter=speed
12-21 01:55:51.802  3056  3056 I art     : option[36]=-Ximage-compiler-option
12-21 01:55:51.802  3056  3056 I art     : option[37]=--instruction-set-variant=generic
12-21 01:55:51.802  3056  3056 I art     : option[38]=-Xcompiler-option
12-21 01:55:51.802  3056  3056 I art     : option[39]=--instruction-set-variant=generic
12-21 01:55:51.802  3056  3056 I art     : option[40]=-Ximage-compiler-option
12-21 01:55:51.802  3056  3056 I art     : option[41]=--instruction-set-features=default
12-21 01:55:51.802  3056  3056 I art     : option[42]=-Xcompiler-option
12-21 01:55:51.802  3056  3056 I art     : option[43]=--instruction-set-features=default
12-21 01:55:51.802  3056  3056 I art     : option[44]=-Duser.locale=en-US
12-21 01:55:51.802  3056  3056 I art     : option[45]=--cpu-abilist=arm64-v8a,armeabi
12-21 01:55:51.802  3056  3056 I art     : option[46]=-Xfingerprint:samsung/cm_hero2ltexx/hero2ltexx:6.0.1/MOB31K/566db7fd50:userdebug/test-keys
12-21 01:55:51.812  3052  3052 V wifiloader: /proc/deferred_initcalls=0
12-21 01:55:51.812  3052  3052 V wifiloader: 
12-21 01:55:51.814  3053  3053 D lhd     : OnIpcConnect
12-21 01:55:51.828  3056  3056 I art     : Pruning dalvik-cache since we are relocating an image and will need to recompile
12-21 01:55:51.829  3056  3056 I art     : RelocateImage: /system/bin/patchoat --input-image-location=/system/framework/boot.art --output-image-file=/data/dalvik-cache/arm64/system@framework@boot.art --input-oat-location=/system/framework/boot.oat --output-oat-file=/data/dalvik-cache/arm64/system@framework@boot.oat --instruction-set=arm64 --base-offset-delta=-9543680
12-21 01:55:51.918  3057  3057 D AndroidRuntime: >>>>>> START com.android.internal.os.ZygoteInit uid 0 <<<<<<
12-21 01:55:51.920  3048  3048 I UniHAL  : loaded HAL id=camera path=/system/lib/hw/camera.exynos5.so hmi=0x0 handle=0xf667e684
12-21 01:55:51.920  3048  3048 I UniHAL  : HAL module_api_version = 0x204
12-21 01:55:51.920  3048  3048 I ExynosCamera3Interface: INFO(HAL_init[580]):in =====
12-21 01:55:51.920  3048  3048 I ExynosCamera3Interface: INFO(HAL_init[587]):out =====
12-21 01:55:51.920  3048  3048 D ExynosCamera3Interface: DEBUG:duration time(    0 msec):(HAL_init)
12-21 01:55:51.920  3048  3048 I CameraService: Loaded "Samsung CameraHardware Module" camera module
12-21 01:55:51.920  3048  3209 I ExynosCamera3Interface: INFO(init_func[555]):in =====
12-21 01:55:51.922  3057  3057 D AndroidRuntime: CheckJNI is OFF
12-21 01:55:51.922  3057  3057 I art     : option[0]=-Xzygote
12-21 01:55:51.922  3057  3057 I art     : option[1]=-Xstacktracefile:/data/anr/traces.txt
12-21 01:55:51.922  3057  3057 I art     : option[2]=exit
12-21 01:55:51.922  3057  3057 I art     : option[3]=vfprintf
12-21 01:55:51.922  3057  3057 I art     : option[4]=sensitiveThread
12-21 01:55:51.922  3057  3057 I art     : option[5]=-verbose:gc
12-21 01:55:51.922  3057  3057 I art     : option[6]=-Xms8m
12-21 01:55:51.922  3057  3057 I art     : option[7]=-Xmx512m
12-21 01:55:51.922  3057  3057 I art     : option[8]=-XX:HeapGrowthLimit=256m
12-21 01:55:51.922  3057  3057 I art     : option[9]=-XX:HeapMinFree=2m
12-21 01:55:51.922  3057  3057 I art     : option[10]=-XX:HeapMaxFree=8m
12-21 01:55:51.922  3057  3057 I art     : option[11]=-XX:HeapTargetUtilization=0.75
12-21 01:55:51.922  3057  3057 I art     : option[12]=-agentlib:jdwp=transport=dt_android_adb,suspend=n,server=y
12-21 01:55:51.922  3057  3057 I art     : option[13]=-Xlockprofthreshold:500
12-21 01:55:51.922  3057  3057 I art     : option[14]=-Ximage-compiler-option
12-21 01:55:51.922  3057  3057 I art     : option[15]=--runtime-arg
12-21 01:55:51.922  3057  3057 I art     : option[16]=-Ximage-compiler-option
12-21 01:55:51.922  3057  3057 I art     : option[17]=-Xms64m
12-21 01:55:51.922  3057  3057 I art     : option[18]=-Ximage-compiler-option
12-21 01:55:51.922  3057  3057 I art     : option[19]=--runtime-arg
12-21 01:55:51.922  3057  3057 I art     : option[20]=-Ximage-compiler-option
12-21 01:55:51.922  3057  3057 I art     : option[21]=-Xmx64m
12-21 01:55:51.922  3057  3057 I art     : option[22]=-Ximage-compiler-option
12-21 01:55:51.922  3057  3057 I art     : option[23]=--compiler-filter=speed
12-21 01:55:51.922  3057  3057 I art     : option[24]=-Ximage-compiler-option
12-21 01:55:51.922  3057  3057 I art     : option[25]=--image-classes=/system/etc/preloaded-classes
12-21 01:55:51.922  3057  3057 I art     : option[26]=-Xcompiler-option
12-21 01:55:51.922  3057  3057 I art     : option[27]=--runtime-arg
12-21 01:55:51.922  3057  3057 I art     : option[28]=-Xcompiler-option
12-21 01:55:51.922  3057  3057 I art     : option[29]=-Xms64m
12-21 01:55:51.922  3057  3057 I art     : option[30]=-Xcompiler-option
12-21 01:55:51.922  3057  3057 I art     : option[31]=--runtime-arg
12-21 01:55:51.922  3057  3057 I art     : option[32]=-Xcompiler-option
12-21 01:55:51.922  3057  3057 I art     : option[33]=-Xmx512m
12-21 01:55:51.922  3057  3057 I art     : option[34]=-Xcompiler-option
12-21 01:55:51.922  3057  3057 I art     : option[35]=--compiler-filter=speed
12-21 01:55:51.922  3057  3057 I art     : option[36]=-Ximage-compiler-option
12-21 01:55:51.922  3057  3057 I art     : option[37]=--instruction-set-variant=cortex-a53
12-21 01:55:51.922  3057  3057 I art     : option[38]=-Xcompiler-option
12-21 01:55:51.923  3057  3057 I art     : option[39]=--instruction-set-variant=cortex-a53
12-21 01:55:51.923  3057  3057 I art     : option[40]=-Ximage-compiler-option
12-21 01:55:51.923  3057  3057 I art     : option[41]=--instruction-set-features=default
12-21 01:55:51.923  3057  3057 I art     : option[42]=-Xcompiler-option
12-21 01:55:51.923  3057  3057 I art     : option[43]=--instruction-set-features=default
12-21 01:55:51.923  3057  3057 I art     : option[44]=-Duser.locale=en-US
12-21 01:55:51.923  3057  3057 I art     : option[45]=--cpu-abilist=armeabi-v7a,armeabi
12-21 01:55:51.923  3057  3057 I art     : option[46]=-Xfingerprint:samsung/cm_hero2ltexx/hero2ltexx:6.0.1/MOB31K/566db7fd50:userdebug/test-keys
12-21 01:55:51.925  3048  3048 I ExynosCamera3Interface: INFO(HAL_getCameraInfo[381]):in =====
12-21 01:55:51.925  3048  3048 D ExynosCameraMetadataConverter: DEBUG(constructStaticInfo[384]):ID(0)
12-21 01:55:51.932  3057  3057 I art     : Pruning dalvik-cache since we are relocating an image and will need to recompile
12-21 01:55:51.932  3057  3057 I art     : RelocateImage: /system/bin/patchoat --input-image-location=/system/framework/boot.art --output-image-file=/data/dalvik-cache/arm/system@framework@boot.art --input-oat-location=/system/framework/boot.oat --output-oat-file=/data/dalvik-cache/arm/system@framework@boot.oat --instruction-set=arm --base-offset-delta=-2007040
12-21 01:55:52.389  2941  2941 W auditd  : type=1325 audit(0.0:79): table=raw family=10 entries=5
12-21 01:55:52.389  2941  2941 W auditd  : type=1320 audit(0.0:79): 
12-21 01:55:52.395  3048  3048 D ExynosCameraUtils: DEBUG(getSensorIdFromFile[1770]):Sensor name is 29
12-21 01:55:52.395  3048  3048 D ExynosCameraUtils: (3)
12-21 01:55:52.395  3048  3048 I ExynosCamera3SensorInfo: INFO(createExynosCamera3SensorInfo[52]):sensor ID 29
12-21 01:55:52.396  3048  3048 I UniHAL  : [Uni_GetCameraInfo][215] device_version(771)
12-21 01:55:52.396  3048  3048 I ExynosCamera3Interface: INFO(HAL_getCameraInfo[381]):in =====
12-21 01:55:52.396  3048  3048 D ExynosCameraMetadataConverter: DEBUG(constructStaticInfo[384]):ID(1)
12-21 01:55:52.396  3048  3048 D ExynosCameraUtils: DEBUG(getSensorIdFromFile[1770]):Sensor name is 21
12-21 01:55:52.396  3048  3048 D ExynosCameraUtils: (3)
12-21 01:55:52.396  3048  3048 I ExynosCamera3SensorInfo: INFO(createExynosCamera3SensorInfo[52]):sensor ID 21
12-21 01:55:52.396  3048  3048 D ExynosCameraMetadataConverter: DEBUG(m_createControlAvailableHighSpeedVideoConfigurations[3758]) Front camera does not support High Speed Video
12-21 01:55:52.396  3048  3048 D ExynosCameraMetadataConverter: DEBUG(constructStaticInfo[523]):ANDROID_CONTROL_AVAILABLE_HIGH_SPEED_VIDEO_CONFIGURATIONS is NULL
12-21 01:55:52.396  3048  3048 D ExynosCameraMetadataConverter: DEBUG(constructStaticInfo[1024]):vendorMeteringModes at sensorStaticInfo is NULL
12-21 01:55:52.396  3048  3048 D ExynosCameraMetadataConverter: DEBUG(constructStaticInfo[1038]):vendorOISModes at sensorStaticInfo is NULL
12-21 01:55:52.396  3048  3048 I UniHAL  : [Uni_GetCameraInfo][215] device_version(771)
12-21 01:55:52.396  3048  3048 D ExynosCamera3Interface: DEBUG:duration time(    0 msec):(HAL_set_callbacks)
12-21 01:55:52.396  3048  3048 I ServiceManager: Waiting for service media.camera.proxy...
12-21 01:55:52.429  2941  2941 W auditd  : type=1325 audit(0.0:80): table=raw family=2 entries=6
12-21 01:55:52.429  2941  2941 W auditd  : type=1320 audit(0.0:80): 
12-21 01:55:52.429  2941  2941 W auditd  : type=1325 audit(0.0:81): table=raw family=10 entries=6
12-21 01:55:52.429  2941  2941 W auditd  : type=1320 audit(0.0:81): 
12-21 01:55:52.439  2941  2941 W auditd  : type=1325 audit(0.0:82): table=raw family=2 entries=8
12-21 01:55:52.439  2941  2941 W auditd  : type=1320 audit(0.0:82): 
12-21 01:55:52.449  2941  2941 W auditd  : type=1325 audit(0.0:83): table=raw family=10 entries=8
12-21 01:55:52.449  2941  2941 W auditd  : type=1320 audit(0.0:83): 
12-21 01:55:52.499  2941  2941 W auditd  : type=1325 audit(0.0:84): table=mangle family=2 entries=6
12-21 01:55:52.499  2941  2941 W auditd  : type=1320 audit(0.0:84): 
12-21 01:55:52.509  2941  2941 W auditd  : type=1325 audit(0.0:85): table=mangle family=10 entries=6
12-21 01:55:52.509  2941  2941 W auditd  : type=1320 audit(0.0:85): 
12-21 01:55:52.519  2941  2941 W auditd  : type=1325 audit(0.0:86): table=mangle family=2 entries=8
12-21 01:55:52.519  2941  2941 W auditd  : type=1320 audit(0.0:86): 
12-21 01:55:52.519  2941  2941 W auditd  : type=1325 audit(0.0:87): table=mangle family=10 entries=8
12-21 01:55:52.519  2941  2941 W auditd  : type=1320 audit(0.0:87): 
12-21 01:55:52.559  2941  2941 W auditd  : type=1325 audit(0.0:88): table=mangle family=2 entries=9
12-21 01:55:52.559  2941  2941 W auditd  : type=1320 audit(0.0:88): 
12-21 01:55:52.779  3054  3054 D wrapperGPS: wrapperConnect_RILD
12-21 01:55:52.803  3043  3043 V NatController: runCmd(/system/bin/iptables -w -F natctrl_FORWARD) res=0
12-21 01:55:52.809  3043  3043 V NatController: runCmd(/system/bin/iptables -w -A natctrl_FORWARD -j DROP) res=0
12-21 01:55:52.814  3043  3043 V NatController: runCmd(/system/bin/iptables -w -t nat -F natctrl_nat_POSTROUTING) res=0
12-21 01:55:52.821  3043  3043 V NatController: runCmd(/system/bin/iptables -w -F natctrl_tether_counters) res=1
12-21 01:55:52.826  3043  3043 V NatController: runCmd(/system/bin/iptables -w -X natctrl_tether_counters) res=1
12-21 01:55:52.831  3043  3043 V NatController: runCmd(/system/bin/iptables -w -N natctrl_tether_counters) res=0
12-21 01:55:52.836  3043  3043 V NatController: runCmd(/system/bin/iptables -w -t mangle -A natctrl_mangle_FORWARD -p tcp --tcp-flags SYN SYN -j TCPMSS --clamp-mss-to-pmtu) res=0
12-21 01:55:52.846  3053  3053 I lhd     : Lhd::LHD Init took 1.450s
12-21 01:55:52.862  3048  3209 I ExynosCamera3Interface: INFO(init_func[569]):out =====
12-21 01:55:52.862  3048  3209 D ExynosCamera3Interface: DEBUG:duration time(  942 msec):(init_func)
12-21 01:55:53.369  3056  3056 D ICU     : No timezone override file found: /data/misc/zoneinfo/current/icu/icu_tzdata.dat
12-21 01:55:53.397  3048  3048 I ServiceManager: Waiting for service media.camera.proxy...
12-21 01:55:53.445  3043  3043 E Netd    : cannot find interface dummy0
12-21 01:55:53.446  3057  3057 D ICU     : No timezone override file found: /data/misc/zoneinfo/current/icu/icu_tzdata.dat
12-21 01:55:53.454  3043  3043 D MDnsDS  : MDnsSdListener::Hander starting up
12-21 01:55:53.458  3056  3056 I Radio-JNI: register_android_hardware_Radio DONE
12-21 01:55:53.459  3043  3424 D MDnsDS  : MDnsSdListener starting to monitor
12-21 01:55:53.459  3043  3424 D MDnsDS  : Going to poll with pollCount 1
12-21 01:55:53.462  3056  3056 I SamplingProfilerIntegration: Profiling disabled.
12-21 01:55:53.462  3056  3056 D Zygote  : begin preload
12-21 01:55:53.462  3056  3056 I Zygote  : Preloading classes...
12-21 01:55:53.480  3057  3057 I Radio-JNI: register_android_hardware_Radio DONE
12-21 01:55:53.483  3057  3057 I SamplingProfilerIntegration: Profiling disabled.
12-21 01:55:53.483  3057  3057 D Zygote  : begin preload
12-21 01:55:53.483  3057  3057 I Zygote  : Preloading classes...
12-21 01:55:53.575  3057  3057 E Minikin : addFont failed to create font /system/fonts/NanumGothic.ttf
12-21 01:55:53.575  3057  3057 E Minikin : addFont failed to create font /system/fonts/DroidSansFallback.ttf
12-21 01:55:53.576  3057  3057 E Minikin : addFont failed to create font /system/fonts/MTLmr3m.ttf
12-21 01:55:53.576  3056  3056 E Minikin : addFont failed to create font /system/fonts/NanumGothic.ttf
12-21 01:55:53.576  3056  3056 E Minikin : addFont failed to create font /system/fonts/DroidSansFallback.ttf
12-21 01:55:53.576  3056  3056 E Minikin : addFont failed to create font /system/fonts/MTLmr3m.ttf
12-21 01:55:53.617  3057  3057 V DngCreator_JNI: DngCreator_nativeClassInit:
12-21 01:55:53.623  3056  3056 V DngCreator_JNI: DngCreator_nativeClassInit:
12-21 01:55:53.675  3056  3056 I art     : Thread[1,tid=3056,Native,Thread*=0x7fb1a3ba00,peer=0x12c2d100,"main"] recursive attempt to load library "/system/lib64/libmedia_jni.so"
12-21 01:55:53.675  3056  3056 D MtpDeviceJNI: register_android_mtp_MtpDevice
12-21 01:55:53.675  3056  3056 I art     : Thread[1,tid=3056,Native,Thread*=0x7fb1a3ba00,peer=0x12c2d100,"main"] recursive attempt to load library "/system/lib64/libmedia_jni.so"
12-21 01:55:53.675  3056  3056 I art     : Thread[1,tid=3056,Native,Thread*=0x7fb1a3ba00,peer=0x12c2d100,"main"] recursive attempt to load library "/system/lib64/libmedia_jni.so"
12-21 01:55:53.676  3057  3057 I art     : Thread[1,tid=3057,Native,Thread*=0xf53b6500,peer=0x12c35100,"main"] recursive attempt to load library "/system/lib/libmedia_jni.so"
12-21 01:55:53.677  3057  3057 D MtpDeviceJNI: register_android_mtp_MtpDevice
12-21 01:55:53.677  3057  3057 I art     : Thread[1,tid=3057,Native,Thread*=0xf53b6500,peer=0x12c35100,"main"] recursive attempt to load library "/system/lib/libmedia_jni.so"
12-21 01:55:53.677  3057  3057 I art     : Thread[1,tid=3057,Native,Thread*=0xf53b6500,peer=0x12c35100,"main"] recursive attempt to load library "/system/lib/libmedia_jni.so"
12-21 01:55:53.730  3057  3057 W System  : ClassLoader referenced unknown path: /system/framework/tcmclient.jar
12-21 01:55:53.735  3056  3056 W System  : ClassLoader referenced unknown path: /system/framework/tcmclient.jar
12-21 01:55:53.779  3054  3054 D wrapperGPS: wrapperConnect_RILD
12-21 01:55:53.780  3054  3054 D gpsd    : WakeLock(Acquire,GPSD)
12-21 01:55:53.780  3054  3054 D gpsd    : WakeLock(Release,GPSD)
12-21 01:55:53.780  3054  3054 D gpsd    : WakeLock(Acquire,GPSD)
12-21 01:55:53.780  3054  3054 D gpsd    : WakeLock(Release,GPSD)
12-21 01:55:53.783  3057  3057 I System  : Loaded time zone names for "" in 20ms (20ms in ICU)
12-21 01:55:53.785  3056  3056 I System  : Loaded time zone names for "" in 21ms (20ms in ICU)
12-21 01:55:53.796  3056  3056 I System  : Loaded time zone names for "en_US" in 11ms (10ms in ICU)
12-21 01:55:53.796  3057  3057 I System  : Loaded time zone names for "en_US" in 13ms (11ms in ICU)
12-21 01:55:53.802  3056  3056 I Zygote  : ...preloaded 3831 classes in 339ms.
12-21 01:55:53.802  3056  3056 I art     : VMRuntime.preloadDexCaches starting
12-21 01:55:53.802  3057  3057 I Zygote  : ...preloaded 3831 classes in 319ms.
12-21 01:55:53.802  3057  3057 I art     : VMRuntime.preloadDexCaches starting
12-21 01:55:53.843  3056  3056 I art     : VMRuntime.preloadDexCaches strings total=249441 before=44889 after=44889
12-21 01:55:53.843  3056  3056 I art     : VMRuntime.preloadDexCaches types total=20342 before=6892 after=6923
12-21 01:55:53.843  3056  3056 I art     : VMRuntime.preloadDexCaches fields total=100620 before=36118 after=36550
12-21 01:55:53.843  3056  3056 I art     : VMRuntime.preloadDexCaches methods total=172931 before=71278 after=71805
12-21 01:55:53.843  3056  3056 I art     : VMRuntime.preloadDexCaches finished
12-21 01:55:53.847  3057  3057 I art     : VMRuntime.preloadDexCaches strings total=249441 before=44889 after=44889
12-21 01:55:53.847  3057  3057 I art     : VMRuntime.preloadDexCaches types total=20342 before=6892 after=6923
12-21 01:55:53.847  3057  3057 I art     : VMRuntime.preloadDexCaches fields total=100620 before=36118 after=36550
12-21 01:55:53.847  3057  3057 I art     : VMRuntime.preloadDexCaches methods total=172931 before=71278 after=71805
12-21 01:55:53.847  3057  3057 I art     : VMRuntime.preloadDexCaches finished
12-21 01:55:53.862  3435  3435 D idmap   : error: no read access to /vendor/overlay: No such file or directory
12-21 01:55:53.870  3436  3436 D idmap   : error: no read access to /vendor/overlay: No such file or directory
12-21 01:55:53.885  3057  3057 I Zygote  : Preloading resources...
12-21 01:55:53.886  3056  3056 I Zygote  : Preloading resources...
12-21 01:55:53.919    50    50 I kworker/u16:1: type=1400 audit(0.0:159): avc: denied { search } for name="FactoryApp" dev="sda3" ino=39 scontext=u:r:kernel:s0 tcontext=u:object_r:app_efs_file:s0 tclass=dir permissive=1
12-21 01:55:53.919    50    50 I kworker/u16:1: type=1400 audit(0.0:160): avc: denied { read } for name="gyro_cal_data" dev="sda3" ino=45 scontext=u:r:kernel:s0 tcontext=u:object_r:app_efs_file:s0 tclass=file permissive=1
12-21 01:55:53.919    50    50 I kworker/u16:1: type=1400 audit(0.0:161): avc: denied { open } for path="/efs/FactoryApp/gyro_cal_data" dev="sda3" ino=45 scontext=u:r:kernel:s0 tcontext=u:object_r:app_efs_file:s0 tclass=file permissive=1
12-21 01:55:53.976  3042  3112 D BootAnimation: Use save memory method, maybe small fps in actual.
12-21 01:55:54.176  3056  3056 I Zygote  : ...preloaded 342 resources in 291ms.
12-21 01:55:54.179  3056  3056 I Zygote  : ...preloaded 41 resources in 3ms.
12-21 01:55:54.184  3057  3057 I Zygote  : ...preloaded 342 resources in 299ms.
12-21 01:55:54.186  3056  3056 D libEGL  : loaded /vendor/lib64/egl/libGLES_mali.so
12-21 01:55:54.187  3057  3057 I Zygote  : ...preloaded 41 resources in 3ms.
12-21 01:55:54.193  3056  3056 I Zygote  : Preloading shared libraries...
12-21 01:55:54.199  3056  3056 D Zygote  : end preload
12-21 01:55:54.199  3056  3056 I art     : Starting a blocking GC Explicit
12-21 01:55:54.206  3056  3056 I art     : Explicit concurrent mark sweep GC freed 10949(437KB) AllocSpace objects, 0(0B) LOS objects, 38% free, 25MB/41MB, paused 67us total 7.291ms
12-21 01:55:54.215  3056  3056 I art     : Starting a blocking GC Explicit
12-21 01:55:54.221  3056  3056 I art     : Explicit concurrent mark sweep GC freed 2237(106KB) AllocSpace objects, 0(0B) LOS objects, 38% free, 25MB/41MB, paused 54us total 5.657ms
12-21 01:55:54.221  3056  3418 I art     : Starting a blocking GC HeapTrim
12-21 01:55:54.223  3056  3056 I art     : Starting a blocking GC Background
12-21 01:55:54.229  3057  3057 D libEGL  : loaded /vendor/lib/egl/libGLES_mali.so
