12-20 02:25:50.493  3062  3528 W OMXNodeInstance: [13:google.vp9.decoder] component does not support metadata mode; using fallback
12-20 02:25:50.499  3057  3473 I iptables: iptables terminated by exit(1)
12-20 02:25:50.499  3057  3473 E Netd    : exec() res=0, status=256 for /system/bin/iptables -w -X st_penalty_reject 
12-20 02:25:50.501  3062  3528 I SoftMPEG4Encoder: Construct SoftMPEG4Encoder
12-20 02:25:50.502  3062  3528 W ACodec  : do not know color format 0x7f000789 = 2130708361
12-20 02:25:50.505  3062  3528 W ACodec  : do not know color format 0x7f000789 = 2130708361
12-20 02:25:50.505  3057  3473 I ip6tables: ip6tables: No chain/target/match by that name.
12-20 02:25:50.506  3062  3528 I SoftMPEG4Encoder: Construct SoftMPEG4Encoder
12-20 02:25:50.506  3062  3528 W ACodec  : do not know color format 0x7f000789 = 2130708361
12-20 02:25:50.508  3057  3473 I ip6tables: ip6tables terminated by exit(1)
12-20 02:25:50.509  3057  3473 E Netd    : exec() res=0, status=256 for /system/bin/ip6tables -w -X st_penalty_reject 
12-20 02:25:50.514  3057  3473 I iptables: iptables: No chain/target/match by that name.
12-20 02:25:50.515  3057  3473 I iptables: iptables terminated by exit(1)
12-20 02:25:50.515  3057  3473 E Netd    : exec() res=0, status=256 for /system/bin/iptables -w -X st_clear_caught 
12-20 02:25:50.521  3062  3528 W ACodec  : do not know color format 0x7f000789 = 2130708361
12-20 02:25:50.524  3057  3473 I ip6tables: ip6tables: No chain/target/match by that name.
12-20 02:25:50.524  3057  3473 I ip6tables: ip6tables terminated by exit(1)
12-20 02:25:50.524  3057  3473 E Netd    : exec() res=0, status=256 for /system/bin/ip6tables -w -X st_clear_caught 
12-20 02:25:50.531  3057  3473 I iptables: iptables: No chain/target/match by that name.
12-20 02:25:50.531  3057  3473 I iptables: iptables terminated by exit(1)
12-20 02:25:50.531  3057  3473 E Netd    : exec() res=0, status=256 for /system/bin/iptables -w -X st_clear_detect 
12-20 02:25:50.541  3057  3473 I ip6tables: ip6tables: No chain/target/match by that name.
12-20 02:25:50.542  3057  3473 I ip6tables: ip6tables terminated by exit(1)
12-20 02:25:50.542  3057  3473 E Netd    : exec() res=0, status=256 for /system/bin/ip6tables -w -X st_clear_detect 
12-20 02:25:50.565  3583  3583 D skia    : --- SkImageDecoder::Factory returned null
12-20 02:25:50.581  3583  3583 I vol.Events: writeEvent collection_started
12-20 02:25:50.584  3062  3528 W MediaCodecList: Component OMX.Exynos.MP3.Decoder does not support any type of media?
12-20 02:25:50.584  3062  3528 W MediaCodecList: Component OMX.Exynos.VC1.Decoder does not support any type of media?
12-20 02:25:50.584  3062  3528 W MediaCodecList: unable to open media codecs configuration xml file: /etc/media_codecs_performance.xml
12-20 02:25:50.585  3062  3528 W MediaCodecList: unable to open media codecs configuration xml file: /data/misc/media/media_codecs_profiling_results.xml
12-20 02:25:50.585  3583  3706 I OMXClient: Using client-side OMX mux.
12-20 02:25:50.593  3583  3823 I vol.Events: writeEvent external_ringer_mode_changed normal
12-20 02:25:50.598  3583  3823 I vol.Events: writeEvent internal_ringer_mode_changed normal
12-20 02:25:50.634  3583  3823 I vol.Events: writeEvent level_changed STREAM_ALARM 6
12-20 02:25:50.635  3583  3823 I vol.Events: writeEvent level_changed STREAM_BLUETOOTH_SCO 7
12-20 02:25:50.638  3583  3823 I vol.Events: writeEvent level_changed STREAM_MUSIC 11
12-20 02:25:50.655  3583  3583 D StorageNotification: Notifying about private volume: VolumeInfo{private}:
12-20 02:25:50.655  3583  3583 D StorageNotification:     type=PRIVATE diskId=null partGuid=null mountFlags=0 mountUserId=-1 
12-20 02:25:50.655  3583  3583 D StorageNotification:     state=MOUNTED 
12-20 02:25:50.655  3583  3583 D StorageNotification:     fsType=null fsUuid=null fsLabel=null 
12-20 02:25:50.655  3583  3583 D StorageNotification:     path=/data internalPath=null 
12-20 02:25:50.657  3583  3583 D StorageNotification: Notifying about public volume: VolumeInfo{public:179_1}:
12-20 02:25:50.657  3583  3583 D StorageNotification:     type=PUBLIC diskId=disk:179_0 partGuid=null mountFlags=0 mountUserId=0 
12-20 02:25:50.657  3583  3583 D StorageNotification:     state=MOUNTED 
12-20 02:25:50.657  3583  3583 D StorageNotification:     fsType=vfat fsUuid=067B-1A2C fsLabel=HDDREG 
12-20 02:25:50.657  3583  3583 D StorageNotification:     path=/mnt/media_rw/067B-1A2C internalPath=/mnt/media_rw/067B-1A2C 
12-20 02:25:50.658  3583  3823 I vol.Events: writeEvent level_changed STREAM_RING 5
12-20 02:25:50.660  3583  3823 I vol.Events: writeEvent level_changed STREAM_SYSTEM 5
12-20 02:25:50.670  3583  3823 I vol.Events: writeEvent level_changed STREAM_VOICE_CALL 4
12-20 02:25:50.674  3583  3837 I OMXClient: Using client-side OMX mux.
12-20 02:25:50.686  3654  3654 D ExternalStorage: After updating volumes, found 2 active roots
12-20 02:25:50.734  3391  3623 I StatusBarManagerService: registerStatusBar bar=com.android.internal.statusbar.IStatusBar$Stub$Proxy@3a80e42
12-20 02:25:50.749  3698  3843 D ThemesProvider: Deleted 0
12-20 02:25:50.780  3583  3851 I OMXClient: Using client-side OMX mux.
12-20 02:25:50.875  3391  3510 D WifiService: New client listening to asynchronous messages
12-20 02:25:50.897  3057  3473 D SoftapController: Softap fwReload - Ok
12-20 02:25:50.897  3391  3391 E NetdConnector: NDC Command {3 strict enable} took too long (523ms)
12-20 02:25:50.900  3057  3473 D CommandListener: Setting iface cfg
12-20 02:25:50.900  3057  3473 D CommandListener: Trying to bring down wlan0
12-20 02:25:50.905  3057  3473 D CommandListener: Clearing all IP addresses on wlan0
12-20 02:25:50.914  3391  3391 W System  : ClassLoader referenced unknown path: /system/framework/ConnectivityExt.jar
12-20 02:25:50.914  3391  3391 W ConnectivityExtension: Connectivity extension is not available
12-20 02:25:50.981  3391  3426 W WindowManager: Keyguard drawn timeout. Setting mKeyguardDrawComplete
12-20 02:25:51.015  3391  3391 D PermissionMonitor: Monitoring
12-20 02:25:51.020  3391  3391 D PermissionMonitor: Users: 1, Apps: 74
12-20 02:25:51.023  3391  3391 I SystemServiceManager: Starting phase 600
12-20 02:25:51.023  3062  3529 E bt_a2dp_hw: adev_set_parameters: ERROR: set param called even when stream out is null
12-20 02:25:51.024  3391  3435 D BluetoothManagerService: Message: 20
12-20 02:25:51.024  3391  3435 D BluetoothManagerService: Added callback: android.bluetooth.BluetoothAdapter$1@b9b3414:true
12-20 02:25:51.025  3391  3435 D BluetoothManagerService: Message: 30
12-20 02:25:51.026  3391  3435 D BluetoothManagerService: Message: 30
12-20 02:25:51.027  3062  3528 I AudioFlinger: systemReady
12-20 02:25:51.028  3391  3391 I BackupManagerService: Backup enabled => false
12-20 02:25:51.032  3391  3391 D BrokerableCMSystemService: Third party apps ready
12-20 02:25:51.032  3391  3391 I BrokerableCMSystemService: Connecting to implementation
12-20 02:25:51.032  3391  3391 W ContextImpl: Calling a method in the system process without a qualified user: android.app.ContextImpl.bindService:1295 org.cyanogenmod.platform.internal.BrokerableCMSystemService.tryConnecting:199 org.cyanogenmod.platform.internal.BrokerableCMSystemService.onBootPhase:127 org.cyanogenmod.platform.internal.ThemeManagerServiceBroker.onBootPhase:272 com.android.server.SystemServiceManager.startBootPhase:135 
12-20 02:25:51.032  3391  3391 D BrokerableCMSystemService: Third party apps ready
12-20 02:25:51.032  3391  3391 I BrokerableCMSystemService: Connecting to implementation
12-20 02:25:51.032  3391  3391 W ContextImpl: Calling a method in the system process without a qualified user: android.app.ContextImpl.bindService:1295 org.cyanogenmod.platform.internal.BrokerableCMSystemService.tryConnecting:199 org.cyanogenmod.platform.internal.BrokerableCMSystemService.onBootPhase:127 com.android.server.SystemServiceManager.startBootPhase:135 com.android.server.SystemServer$2.run:1231 
12-20 02:25:51.033  3391  3391 D BrokerableCMSystemService: Third party apps ready
12-20 02:25:51.033  3391  3391 I BrokerableCMSystemService: Connecting to implementation
12-20 02:25:51.034  3391  3391 W ContextImpl: Calling a method in the system process without a qualified user: android.app.ContextImpl.bindService:1295 org.cyanogenmod.platform.internal.BrokerableCMSystemService.tryConnecting:199 org.cyanogenmod.platform.internal.BrokerableCMSystemService.onBootPhase:127 org.cyanogenmod.platform.internal.LiveLockScreenServiceBroker.onBootPhase:273 com.android.server.SystemServiceManager.startBootPhase:135 
12-20 02:25:51.041  3391  3882 E WVMExtractor: Failed to open libwvm.so: dlopen failed: library "libwvm.so" not found
12-20 02:25:51.051  3391  3886 I OMXClient: Using client-side OMX mux.
12-20 02:25:51.051  3391  3391 I ActivityManager: Start proc 3884:org.cyanogenmod.livelockscreen.service/u0a11 for service org.cyanogenmod.livelockscreen.service/.LiveLockScreenManagerService
12-20 02:25:51.052  3391  3391 D BrokerableCMSystemService: Third party apps ready
12-20 02:25:51.052  3391  3391 I BrokerableCMSystemService: Connecting to implementation
12-20 02:25:51.052  3391  3391 W ContextImpl: Calling a method in the system process without a qualified user: android.app.ContextImpl.bindService:1295 org.cyanogenmod.platform.internal.BrokerableCMSystemService.tryConnecting:199 org.cyanogenmod.platform.internal.BrokerableCMSystemService.onBootPhase:127 com.android.server.SystemServiceManager.startBootPhase:135 com.android.server.SystemServer$2.run:1231 
12-20 02:25:51.063  3391  3391 I ActivityManager: Start proc 3898:org.cyanogenmod.weatherservice/u0a27 for service org.cyanogenmod.weatherservice/.WeatherManagerService
12-20 02:25:51.063  3391  3391 D BrokerableCMSystemService: Third party apps ready
12-20 02:25:51.063  3391  3391 I BrokerableCMSystemService: Connecting to implementation
12-20 02:25:51.063  3391  3391 W ContextImpl: Calling a method in the system process without a qualified user: android.app.ContextImpl.bindService:1295 org.cyanogenmod.platform.internal.BrokerableCMSystemService.tryConnecting:199 org.cyanogenmod.platform.internal.BrokerableCMSystemService.onBootPhase:127 org.cyanogenmod.platform.internal.CMAudioServiceBroker.onBootPhase:58 com.android.server.SystemServiceManager.startBootPhase:135 
12-20 02:25:51.086  3391  3391 I ActivityManager: Start proc 3913:org.cyanogenmod.cmaudio.service/u0a1 for service org.cyanogenmod.cmaudio.service/.CMAudioService
12-20 02:25:51.099  3391  3391 E InputMethodManagerService: Ignoring updateSystemUiLocked due to an invalid token. uid:1000 token:null
12-20 02:25:51.125  3391  3928 I OMXClient: Using client-side OMX mux.
12-20 02:25:51.131  3391  3391 I ActivityManager: Start proc 3931:com.android.inputmethod.latin/u0a67 for service com.android.inputmethod.latin/.LatinIME
12-20 02:25:51.131  3391  3391 V InputMethodManagerService: Adding window token: android.os.Binder@5f7a4e6
12-20 02:25:51.133  3391  3391 W ServiceWatcher: com.google.android.gms not found
12-20 02:25:51.134  3391  3391 W ServiceWatcher: com.google.android.gms not found
12-20 02:25:51.134  3391  3391 W LocationManagerService: no network location provider found
12-20 02:25:51.134  3391  3391 W ServiceWatcher: com.google.android.gms not found
12-20 02:25:51.146  3391  3391 W ServiceWatcher: com.google.android.gms not found
12-20 02:25:51.146  3391  3391 E LocationManagerService: no geocoder provider found
12-20 02:25:51.147  3391  3391 E FlpHardwareProvider: Error hw_get_module 'flp': -2
12-20 02:25:51.147  3391  3391 E LocationManagerService: FLP HAL not supported
12-20 02:25:51.147  3391  3391 W ServiceWatcher: com.google.android.gms not found
12-20 02:25:51.148  3391  3391 E LocationManagerService: Unable to bind FLP Geofence proxy.
12-20 02:25:51.148  3391  3391 E ActivityRecognitionHardware: Error hw_get_module: -2
12-20 02:25:51.148  3391  3391 E LocationManagerService: Hardware Activity-Recognition not supported.
12-20 02:25:51.148  3391  3391 W ServiceWatcher: com.google.android.gms not found
12-20 02:25:51.149  3391  3391 E ActivityRecognitionProxy: ServiceWatcher could not start.
12-20 02:25:51.149  3391  3391 E LocationManagerService: Unable to bind ActivityRecognitionProxy.
12-20 02:25:51.156  3391  3391 I CommonTimeManagementService: No common time service detected on this platform.  Common time services will be unavailable.
12-20 02:25:51.159  3391  3501 I InputReader: Reconfiguring input devices.  changes=0x00000020
12-20 02:25:51.164  3391  3391 I MmsServiceBroker: Delay connecting to MmsService until an API is called
12-20 02:25:51.164  3391  3501 I InputReader: Reconfiguring input devices.  changes=0x00000010
12-20 02:25:51.175  3391  3391 D MountService: onStartUser 0
12-20 02:25:51.175  3391  3391 D VoldConnector: SND -> {7 volume user_started 0}
12-20 02:25:51.177  2947  2967 D vold    : Linking /storage/emulated/0 to /mnt/user/0/primary
12-20 02:25:51.182  3391  3503 D VoldConnector: RCV <- {200 7 Command succeeded}
12-20 02:25:51.185  3391  3391 W VoiceInteractionManagerService: no available voice interaction services found for user 0
12-20 02:25:51.185  3391  3391 W VoiceInteractionManagerService: no available voice recognition services found for user 0
12-20 02:25:51.185  3391  3502 D MountService: Volume emulated broadcasting mounted to UserHandle{0}
12-20 02:25:51.207  3391  3391 I ActivityManager: Start proc 3951:org.cyanogenmod.audiofx/u0a5 for added application org.cyanogenmod.audiofx
12-20 02:25:51.227  3391  3391 I ActivityManager: Start proc 3958:com.android.phone/1001 for added application com.android.phone
12-20 02:25:51.228  3391  3391 I ActivityManager: START u0 {act=android.intent.action.MAIN cat=[android.intent.category.HOME] flg=0x10000000 cmp=com.cyanogenmod.trebuchet/com.android.launcher3.Launcher} from uid 0 on display 0
12-20 02:25:51.262  3391  3391 I ActivityManager: Start proc 3978:com.cyanogenmod.trebuchet/u0a29 for activity com.cyanogenmod.trebuchet/com.android.launcher3.Launcher
12-20 02:25:51.335  3898  3898 W System  : ClassLoader referenced unknown path: /system/priv-app/WeatherManagerService/lib/arm64
12-20 02:25:51.349  3391  3502 W art     : Long monitor contention event with owner method=void com.android.server.am.ActivityManagerService.systemReady(java.lang.Runnable) from ActivityManagerService.java:12228 waiters=0 for 164ms
12-20 02:25:51.356  3884  3884 W System  : ClassLoader referenced unknown path: /system/priv-app/LiveLockScreenService/lib/arm64
12-20 02:25:51.362  3391  3391 I SystemServer: Enabled StrictMode for system server main thread.
12-20 02:25:51.381  3391  3423 I ActivityManager: Start proc 3996:com.android.printspooler/u0a56 for service com.android.printspooler/.model.PrintSpoolerService
12-20 02:25:51.383  3391  3425 W BroadcastQueue: Permission Denial: receiving Intent { act=android.intent.action.USER_SWITCHED flg=0x50000010 (has extras) } to ProcessRecord{6747b39 3596:org.cyanogenmod.themeservice/u0a20} (pid=3596, uid=10020) requires android.permission.MANAGE_USERS due to sender null (uid 1000)
12-20 02:25:51.400  3391  4001 I OMXClient: Using client-side OMX mux.
12-20 02:25:51.437  3391  3391 D RttService: SCAN_AVAILABLE : 1
12-20 02:25:51.438  3391  3556 D RttService: DefaultState got{ when=0 what=160513 target=com.android.internal.util.StateMachine$SmHandler }
12-20 02:25:51.454  3391  3391 I Choreographer: Skipped 89 frames!  The application may be doing too much work on its main thread.
12-20 02:25:51.492  3391  3391 W System  : ClassLoader referenced unknown path: /system/priv-app/Telecom/lib/arm64
12-20 02:25:51.544  3391  3435 D BluetoothManagerService: Message: 30
12-20 02:25:51.562  3951  3951 W System  : ClassLoader referenced unknown path: /system/priv-app/AudioFX/lib/arm64
12-20 02:25:51.570  3391  3391 I Telecom : ViceNotificationImpl: ViceNotificationImpl
12-20 02:25:51.576  3958  3958 W System  : ClassLoader referenced unknown path: /system/priv-app/TeleService/lib/arm64
12-20 02:25:51.582  3391  3509 D wifi    : set interface wlan0 flags (UP)
12-20 02:25:51.582  3391  3509 I WifiHAL : Initializing wifi
12-20 02:25:51.582  3391  3509 I WifiHAL : Creating socket
12-20 02:25:51.584  3391  3509 I WifiHAL : Initialized Wifi HAL Successfully; vendor cmd = 103
12-20 02:25:51.584  3391  3509 D wifi    : Did set static halHandle = 0x7f9f4048a0
12-20 02:25:51.584  3391  3509 D wifi    : halHandle = 0x7f9f4048a0, mVM = 0x7fab40d140, mCls = 0x100a1e
12-20 02:25:51.584  3391  3509 D wifi    : array field set
12-20 02:25:51.584  3391  3509 I WifiNative-HAL: interface[0] = wlan0
12-20 02:25:51.584  3391  3509 I WifiNative-HAL: interface[1] = p2p0
12-20 02:25:51.586  3391  3509 D WifiMonitor: startMonitoring(wlan0) with mConnected = false
12-20 02:25:51.586  3391  3509 E WifiHW  : Unable to open connection to supplicant on "@android:wpa_wlan0": No such file or directory
12-20 02:25:51.588  3391  4038 I WifiNative-HAL: Waiting for HAL events mWifiHalHandle=548132636832
12-20 02:25:51.588  3391  4038 D wifi    : waitForHalEvents called, vm = 0x7fab40d140, obj = 0x100a1e, env = 0x7f8fe52080
12-20 02:25:51.603  3391  4037 I ActivityManager: Start proc 4041:android.process.acore/u0a4 for content provider com.android.providers.contacts/.CallLogProvider
12-20 02:25:51.616  4039  4039 I wpa_supplicant: Successfully initialized wpa_supplicant
12-20 02:25:51.624  4039  4039 I wpa_supplicant: rfkill: Cannot open RFKILL control device
12-20 02:25:51.624  3391  3391 I Telecom : Class: TelecomSystem.INSTANCE being set
12-20 02:25:51.625  3391  3391 W ContextImpl: Calling a method in the system process without a qualified user: android.app.ContextImpl.startService:1231 android.content.ContextWrapper.startService:587 com.android.server.telecom.components.TelecomService.initializeTelecomSystem:141 com.android.server.telecom.components.TelecomService.onBind:69 android.app.ActivityThread.handleBindService:2938 
12-20 02:25:51.638  3391  4042 I OMXClient: Using client-side OMX mux.
12-20 02:25:51.650  3958  3958 W System  : ClassLoader referenced unknown path: /system/priv-app/TelephonyProvider/lib/arm64
12-20 02:25:51.666  3931  3931 I LatinIME: Hardware accelerated drawing: true
12-20 02:25:51.673  3978  3978 W System  : ClassLoader referenced unknown path: /system/priv-app/Trebuchet/lib/arm64
12-20 02:25:51.690  3996  3996 I PrintSpoolerService: No existing print spooler state.
12-20 02:25:51.724  4041  4041 W System  : ClassLoader referenced unknown path: /system/priv-app/ContactsProvider/lib/arm64
12-20 02:25:51.727  3958  3958 D TelephonyProvider: dbh.onOpen: ok, queried table=siminfo
12-20 02:25:51.727  3958  3958 D TelephonyProvider: dbh.onOpen: ok, queried table=carriers
12-20 02:25:51.738  3978  3978 W MOD.CyanogenAmbientUtil: Cyanogen Ambient package is missing! Version 1050100 is required.
12-20 02:25:51.738  3978  3978 E MOD.AmbientApiClientImp: This application will not run unless you install Ambient services
12-20 02:25:51.750  3958  3958 V ConfigResourceUtil: resourceName = telephony_plugin_jar_name resourceId = 2130903040resourceValue = 
12-20 02:25:51.750  3958  3958 V ConfigResourceUtil: resourceName = telephony_plugin_class_name resourceId = 2130903041resourceValue = 
12-20 02:25:51.751  4039  4039 I wpa_supplicant: rfkill: Cannot open RFKILL control device
12-20 02:25:51.751  4039  4039 E wpa_supplicant: Could not read interface p2p-dev-wlan0 flags: No such device
12-20 02:25:51.771  3391  3391 I BrokerableCMSystemService: Implementation service connected
12-20 02:25:51.771  3391  3391 I BrokerableCMSystemService: Notifying service connected
12-20 02:25:51.774  3391  3509 D WifiConfigStore: Loading config and enabling all networks 
12-20 02:25:51.782  3391  3391 I BrokerableCMSystemService: Connecting to implementation
12-20 02:25:51.782  3391  3391 W ContextImpl: Calling a method in the system process without a qualified user: android.app.ContextImpl.bindService:1295 org.cyanogenmod.platform.internal.BrokerableCMSystemService.tryConnecting:199 org.cyanogenmod.platform.internal.BrokerableCMSystemService$1.handleMessage:165 android.os.Handler.dispatchMessage:102 android.os.Looper.loop:148 
12-20 02:25:51.783  3391  3391 I BrokerableCMSystemService: Implementation service connected
12-20 02:25:51.784  3391  3391 I BrokerableCMSystemService: Notifying service connected
12-20 02:25:51.786  3978  3978 V Launcher: LauncherAppState inited
12-20 02:25:51.789  3931  3931 W InputAttributes: No editor info for this field. Bug?
12-20 02:25:51.790  3391  3509 D WifiConfigStore: loaded 0 passpoint configs
12-20 02:25:51.791  3391  4068 I OMXClient: Using client-side OMX mux.
12-20 02:25:51.791  3391  3509 E WifiConfigStore: Error parsing configuration: java.io.FileNotFoundException: /data/misc/wifi/ipconfig.txt: open failed: ENOENT (No such file or directory)
12-20 02:25:51.792  3391  3509 W WifiConfigStore: Upgrading network 0 to android.uid.system:1000
12-20 02:25:51.798  3391  3509 E WifiConfigStore: readAutoJoinStatus: Error parsing configurationjava.io.FileNotFoundException: /data/misc/wifi/autojoinconfig.txt: open failed: ENOENT (No such file or directory)
12-20 02:25:51.798  3391  3509 E WifiConfigStore: buildPnoList sortedWifiConfigurations size 1
12-20 02:25:51.798  3391  3509 E WifiConfigStore: found sortedWifiConfigurations : "RTK 11n AP"-WPA_PSK
12-20 02:25:51.800  3391  3391 I ActivityManager: Start proc 4076:com.android.settings/1000 for broadcast com.android.settings/.widget.SettingsAppWidgetProvider
12-20 02:25:51.800  3391  3435 D Tethering: sendTetherStateChangedBroadcast 1, 0, 0
12-20 02:25:51.800  3391  3435 D BluetoothManagerService: Message: 30
12-20 02:25:51.802  3391  3391 W System  : ClassLoader referenced unknown path: /system/priv-app/FusedLocation/lib/arm64
12-20 02:25:51.803  3391  3519 D NotificationSQLiteLog: Pruned event entries: 0
12-20 02:25:51.809  3391  3509 D WifiNative-HAL: Setting external_sim to 1
12-20 02:25:51.809  3391  3509 D wifi    : setting dfs flag to true, 0x7f8e05b920
12-20 02:25:51.809  3391  3509 D WifiStateMachine: Setting OUI to DA-A1-19
12-20 02:25:51.809  3391  3509 D wifi    : setting scan oui 0x7f8e05b920
12-20 02:25:51.809  3391  3509 D WifiHAL : Sending mac address OUI
12-20 02:25:51.819  3391  3509 D WifiConfigStore: Retrieve network priorities after PNO.
12-20 02:25:51.820  3391  3509 D wifi    : android_net_wifi_setLinkLayerStats: 1
12-20 02:25:51.821  3057  3473 D CommandListener: Setting iface cfg
12-20 02:25:51.821  3057  3473 D CommandListener: Trying to bring up p2p0
12-20 02:25:51.822  3391  3508 D WifiMonitor: startMonitoring(p2p0) with mConnected = true
12-20 02:25:51.823  3931  4091 I LatinIME:LogUtils: Dictionary info: dictionary = contacts.en_US ; version = 1482211551 ; date = ?
12-20 02:25:51.826  3391  3508 D WifiNative-HAL: p2pGetDeviceAddress
12-20 02:25:51.826  3391  3508 D WifiNative-HAL: p2pGetDeviceAddress returning 62:f1:89:8a:1f:e7
12-20 02:25:51.836  3391  3391 V WiredAccessoryManager: init()
12-20 02:25:51.843  4041  4041 W System  : ClassLoader referenced unknown path: /system/app/UserDictionaryProvider/lib/arm64
12-20 02:25:51.859  4041  4070 I ContactLocale: AddressBook Labels [en-US]: [, A, B, C, D, E, F, G, H, I, J, K, L, M, N, O, P, Q, R, S, T, U, V, W, X, Y, Z, , , , , , , , , , , , , , , , , , , , , , , , , , , , , , , , , , , , , , , , , , , , , , , , , , , , , , , , , , , , , , , , , , , , , , , , , , , , , , , , , , , , , , , , , , , , , , , , , , , , , , , , , , , , , , , , , , , , , , , , , , , , , , , , , , , , , , , , , , , , , , , , , , , , , , , , , , , , , , , , , , , , , , , , , , , , , , , , , , , , , , , , , , , #, ]
12-20 02:25:51.886  4039  4039 I wpa_supplicant: wlan0: CTRL-EVENT-REGDOM-CHANGE init=USER type=COUNTRY alpha2=AR
12-20 02:25:51.890  3391  3995 W Searchables: No global search activity found
12-20 02:25:51.939  4039  4039 I wpa_supplicant: wlan0: CTRL-EVENT-REGDOM-CHANGE init=USER type=COUNTRY alpha2=AR
12-20 02:25:51.942  3391  3509 E native  : do suspend false
12-20 02:25:51.953  3391  3509 D WifiConfigStore: No blacklist allowed without epno enabled
12-20 02:25:51.953  3391  3509 D WifiConfigStore: Retrieve network priorities after PNO.
12-20 02:25:51.974  3027  3033 D PermissionCache: checking android.permission.HARDWARE_TEST for uid=1000 => granted (2057 us)
12-20 02:25:51.982  3978  3978 D Launcher.Model: Old launcher provider: content://com.android.launcher2.settings/favorites?notify=true
12-20 02:25:51.982  3978  3978 D Launcher.Model: Old launcher provider does not exist.
12-20 02:25:52.008  3062  3062 V audio_hw_primary: adev_set_mic_mute: set mic mute: 0
12-20 02:25:52.016  3391  4120 I OMXClient: Using client-side OMX mux.
12-20 02:25:52.063  3391  3391 E CMHardwareService: Vibrator is not supported
12-20 02:25:52.064  3391  3391 E CMHardwareService: Vibrator is not supported
12-20 02:25:52.066  3391  3391 V BackupManagerService: Connected to transport ComponentInfo{android/com.android.internal.backup.LocalTransportService}
12-20 02:25:52.066  3391  3391 V BackupManagerService: Registering transport android/com.android.internal.backup.LocalTransportService::android/com.android.internal.backup.LocalTransport = android.app.backup.BackupTransport$TransportImpl@cf30e2d
12-20 02:25:52.068  3391  3391 I Choreographer: Skipped 34 frames!  The application may be doing too much work on its main thread.
12-20 02:25:52.076  3391  3391 I BrokerableCMSystemService: Implementation service connected
12-20 02:25:52.077  3391  3391 I BrokerableCMSystemService: Notifying service connected
12-20 02:25:52.077  3391  3391 I BrokerableCMSystemService: Implementation service connected
12-20 02:25:52.077  3391  3391 I BrokerableCMSystemService: Implementation service connected
12-20 02:25:52.078  4076  4076 W System  : ClassLoader referenced unknown path: /system/priv-app/Settings/lib/arm64
12-20 02:25:52.086  3391  3391 D RttService: SCAN_AVAILABLE : 3
12-20 02:25:52.087  3391  3556 D RttService: DefaultState got{ when=0 what=160512 target=com.android.internal.util.StateMachine$SmHandler }
12-20 02:25:52.105  3931  4091 I LatinIME:LogUtils: Dictionary info: dictionary = userunigram.en_US ; version = 1482211552 ; date = ?
12-20 02:25:52.151  3391  3410 I ActivityManager: Start proc 4150:com.cyanogenmod.eleven/u0a41 for broadcast com.cyanogenmod.eleven/.MediaButtonIntentReceiver
12-20 02:25:52.177  3931  4091 I LatinIME:LogUtils: Dictionary info: dictionary = UserHistoryDictionary.en_US ; version = 1482211552 ; date = ?
12-20 02:25:52.181  3583  4165 D OpenGLRenderer: Use EGL_SWAP_BEHAVIOR_PRESERVED: true
12-20 02:25:52.183  3951  4149 D AudioFx-AudioOutputChangeListener: onAudioOutputChanged id: 2 type: 2 name: SM-G935F address:  [android.media.AudioDeviceInfo@d9c51be]
12-20 02:25:52.204  3931  4091 I LatinIME:LogUtils: Dictionary info: dictionary = main:en ; version = 54 ; date = 1414726273
12-20 02:25:52.207  3391  3510 D WifiService: New client listening to asynchronous messages
12-20 02:25:52.220  3391  3435 D BluetoothManagerService: Message: 20
12-20 02:25:52.220  3391  3435 D BluetoothManagerService: Added callback: android.bluetooth.IBluetoothManagerCallback$Stub$Proxy@35c2709:true
12-20 02:25:52.221  3978  4112 W Launcher: setApplicationContext called twice! old=com.android.launcher3.LauncherApplication@565813b new=com.android.launcher3.LauncherApplication@565813b
12-20 02:25:52.234  3391  3435 D BluetoothManagerService: Message: 30
12-20 02:25:52.246  3391  3435 D BluetoothManagerService: Message: 30
12-20 02:25:52.255  4076  4076 D LocalBluetoothProfileManager: Adding local MAP profile
12-20 02:25:52.256  4076  4076 D BluetoothMap: Create BluetoothMap proxy object
12-20 02:25:52.257  3391  3435 D BluetoothManagerService: Message: 30
12-20 02:25:52.275  4150  4150 W System  : ClassLoader referenced unknown path: /system/app/Eleven/lib/arm64
12-20 02:25:52.275  3391  3623 I ActivityManager: Start proc 4175:com.android.smspush/u0a63 for service com.android.smspush/.WapPushManager
12-20 02:25:52.286  3391  3435 D BluetoothManagerService: Message: 30
12-20 02:25:52.290  4076  4076 D LocalBluetoothProfileManager: LocalBluetoothProfileManager construction complete
12-20 02:25:52.314  3391  3623 I ActivityManager: Start proc 4190:com.cyanogenmod.eleven:main/u0a41 for service com.cyanogenmod.eleven/.MusicPlaybackService
12-20 02:25:52.322  3978  4201 D OpenGLRenderer: Use EGL_SWAP_BEHAVIOR_PRESERVED: true
12-20 02:25:52.373  3958  4212 E DcSwitchStateMachine-0: DctController is not ready
12-20 02:25:52.381  3391  3511 E ConnectivityService: Failed to find Messenger in unregisterNetworkFactory
12-20 02:25:52.384  3391  3511 D ConnectivityService: Got NetworkFactory Messenger for Telephony
12-20 02:25:52.388  3608  3608 D MediaScannerReceiver: action: android.intent.action.MEDIA_MOUNTED path: /storage/emulated/0
12-20 02:25:52.407  3391  3623 I ActivityManager: Start proc 4215:com.cyanogenmod.lockclock/u0a57 for broadcast com.cyanogenmod.lockclock/.ClockWidgetProvider
12-20 02:25:52.416  4175  4175 W System  : ClassLoader referenced unknown path: /system/app/WAPPushManager/lib/arm64
12-20 02:25:52.449  4190  4190 W System  : ClassLoader referenced unknown path: /system/app/Eleven/lib/arm64
12-20 02:25:52.457  3978  4201 I OpenGLRenderer: Initialized EGL, version 1.4
12-20 02:25:52.481  3978  4201 D mali_winsys: EGLint new_window_surface(egl_winsys_display*, void*, EGLSurface, EGLConfig, egl_winsys_surface**, egl_color_buffer_format*, EGLBoolean) returns 0x3000,  [1440x2560]-format:1
12-20 02:25:52.482  4190  4190 V RenderScript_jni: RS native mode
12-20 02:25:52.483  4190  4190 V RenderScript_jni: Unable to load libRSSupportIO.so, USAGE_IO not supported
12-20 02:25:52.492  3391  3435 D BluetoothManagerService: Message: 20
12-20 02:25:52.492  3391  3435 D BluetoothManagerService: Added callback: android.bluetooth.IBluetoothManagerCallback$Stub$Proxy@f3e25e8:true
12-20 02:25:52.497  4190  4244 V RenderScript: 0x7fab423000 Launching thread(s), CPUs 8
12-20 02:25:52.501  3391  3435 D BluetoothManagerService: Message: 30
12-20 02:25:52.508  3391  3435 D BluetoothManagerService: Message: 30
12-20 02:25:52.529  3583  3583 D LocalBluetoothProfileManager: Adding local MAP profile
12-20 02:25:52.530  3583  3583 D BluetoothMap: Create BluetoothMap proxy object
12-20 02:25:52.536  3391  3435 D BluetoothManagerService: Message: 30
12-20 02:25:52.547  3391  3436 I ActivityManager: Displayed com.cyanogenmod.trebuchet/com.android.launcher3.Launcher: +1s305ms
12-20 02:25:52.551  3391  3435 D BluetoothManagerService: Message: 30
12-20 02:25:52.557  3583  3583 D LocalBluetoothProfileManager: LocalBluetoothProfileManager construction complete
12-20 02:25:52.574  3391  3410 D ConnectivityService: listenForNetwork for Listen from uid/pid:10025/3583 for NetworkRequest [ id=3, legacyType=-1, [] ]
12-20 02:25:52.579  4190  4190 E MediaPlayer-JNI: JNIMediaPlayerFactory: bIsQCMediaPlayerPresent 0
12-20 02:25:52.579  4041  4070 D ContactDirectoryManager: Found com.android.exchange.directory.provider
12-20 02:25:52.579  4190  4190 E MediaPlayer-JNI: JNIMediaPlayerFactory: bIsQCMediaPlayerPresent 0
12-20 02:25:52.599  3425  3425 I ActivityManager: type=1400 audit(0.0:229): avc: denied { read } for name="batch_io" dev="tmpfs" ino=13133 scontext=u:r:system_server:s0 tcontext=u:object_r:device:s0 tclass=chr_file permissive=1
12-20 02:25:52.599  3425  3425 I ActivityManager: type=1400 audit(0.0:229): avc: denied { open } for path="/dev/batch_io" dev="tmpfs" ino=13133 scontext=u:r:system_server:s0 tcontext=u:object_r:device:s0 tclass=chr_file permissive=1
12-20 02:25:52.599  3425  3425 W ActivityManager: type=1300 audit(0.0:229): arch=c00000b7 syscall=56 success=yes exit=198 a0=ffffff9c a1=7f93f9d528 a2=0 a3=0 items=0 ppid=3069 auid=4294967295 uid=1000 gid=1000 euid=1000 suid=1000 fsuid=1000 egid=1000 sgid=1000 fsgid=1000 tty=(none) ses=4294967295 exe="/system/bin/app_process64" subj=u:r:system_server:s0 key=(null)
12-20 02:25:52.599  2954  2954 W auditd  : type=1327 audit(0.0:229): proctitle="system_server"
12-20 02:25:52.599  2954  2954 W auditd  : type=1320 audit(0.0:229): 
12-20 02:25:52.599  3425  3425 I ActivityManager: type=1400 audit(0.0:230): avc: denied { ioctl } for path="/dev/batch_io" dev="tmpfs" ino=13133 ioctlcmd=fc00 scontext=u:r:system_server:s0 tcontext=u:object_r:device:s0 tclass=chr_file permissive=1
12-20 02:25:52.599  3425  3425 W ActivityManager: type=1300 audit(0.0:230): arch=c00000b7 syscall=29 success=yes exit=0 a0=c6 a1=8008fc00 a2=7f95163588 a3=7f95163550 items=0 ppid=3069 auid=4294967295 uid=1000 gid=1000 euid=1000 suid=1000 fsuid=1000 egid=1000 sgid=1000 fsgid=1000 tty=(none) ses=4294967295 exe="/system/bin/app_process64" subj=u:r:system_server:s0 key=(null)
12-20 02:25:52.599  2954  2954 W auditd  : type=1327 audit(0.0:230): proctitle="system_server"
12-20 02:25:52.599  2954  2954 W auditd  : type=1320 audit(0.0:230): 
12-20 02:25:52.600  4215  4215 W System  : ClassLoader referenced unknown path: /system/app/LockClock/lib/arm64
12-20 02:25:52.602  3583  3583 I CameraManagerGlobal: Connecting to camera service
12-20 02:25:52.606  3391  3950 I ActivityManager: Start proc 4260:com.android.exchange/u0a40 for content provider com.android.exchange/.provider.ExchangeDirectoryProvider
12-20 02:25:52.613  3978  3978 D Launcher: bindAppWidget: AppWidget(id=2)
12-20 02:25:52.613  3978  3978 D Launcher: bindAppWidget: id=2 belongs to component ComponentInfo{com.cyanogenmod.lockclock/com.cyanogenmod.lockclock.ClockWidgetProvider}
12-20 02:25:52.615  3391  3425 V KeyguardServiceDelegate: *** Keyguard started
12-20 02:25:52.615  3391  3391 V KeyguardServiceDelegate: *** Keyguard connected (yay!)
12-20 02:25:52.616  3391  3425 D SensorService: SensorEventConnection::SocketBufferSize, SystemSocketBufferSize - 102400, 2097152
12-20 02:25:52.618  3391  3425 I Sensors : Acc old sensor_state 0, new sensor_state : 1 en : 1
12-20 02:25:52.624  3391  3425 V KeyguardServiceDelegate: onStartedWakingUp()
12-20 02:25:52.624  3391  3425 V KeyguardServiceDelegate: onScreenTurnedOn(showListener = com.android.server.policy.PhoneWindowManager$2@87de45)
12-20 02:25:52.624  3391  3425 V KeyguardServiceDelegate: onScreenTurnedOn()
12-20 02:25:52.626  3698  3847 W MessageQueue: Handler (android.view.Choreographer$FrameHandler) {9149bd0} sending message to a Handler on a dead thread
12-20 02:25:52.626  3698  3847 W MessageQueue: java.lang.IllegalStateException: Handler (android.view.Choreographer$FrameHandler) {9149bd0} sending message to a Handler on a dead thread
12-20 02:25:52.626  3698  3847 W MessageQueue: 	at android.os.MessageQueue.enqueueMessage(MessageQueue.java:543)
12-20 02:25:52.626  3698  3847 W MessageQueue: 	at android.os.Handler.enqueueMessage(Handler.java:631)
12-20 02:25:52.626  3698  3847 W MessageQueue: 	at android.os.Handler.sendMessageAtTime(Handler.java:600)
12-20 02:25:52.626  3698  3847 W MessageQueue: 	at android.view.Choreographer$FrameDisplayEventReceiver.onVsync(Choreographer.java:838)
12-20 02:25:52.626  3698  3847 W MessageQueue: 	at android.view.DisplayEventReceiver.dispatchVsync(DisplayEventReceiver.java:141)
12-20 02:25:52.626  3698  3847 W MessageQueue: 	at android.os.MessageQueue.nativePollOnce(Native Method)
12-20 02:25:52.626  3698  3847 W MessageQueue: 	at android.os.MessageQueue.next(MessageQueue.java:323)
12-20 02:25:52.626  3698  3847 W MessageQueue: 	at android.os.Looper.loop(Looper.java:135)
12-20 02:25:52.626  3698  3847 W MessageQueue: 	at android.os.HandlerThread.run(HandlerThread.java:61)
12-20 02:25:52.691  3391  3409 D CryptdConnector: SND -> {2 cryptfs getpw}
12-20 02:25:52.691  2947  2968 D VoldCryptCmdListener: cryptfs getpw
12-20 02:25:52.691  2947  2968 I Ext4Crypt: ext4 crypto complete called on /data
12-20 02:25:52.691  2947  2968 I Ext4Crypt: No master key, so not ext4enc
12-20 02:25:52.691  2947  2968 I Ext4Crypt: ext4 crypto complete called on /data
12-20 02:25:52.691  2947  2968 I Ext4Crypt: No master key, so not ext4enc
12-20 02:25:52.691  3391  3504 D CryptdConnector: RCV <- {200 2 -1}
12-20 02:25:52.691  3391  3409 D CryptdConnector: SND -> {3 cryptfs clearpw}
12-20 02:25:52.692  2947  2968 D VoldCryptCmdListener: cryptfs clearpw
12-20 02:25:52.692  2947  2968 I Ext4Crypt: ext4 crypto complete called on /data
12-20 02:25:52.692  2947  2968 I Ext4Crypt: No master key, so not ext4enc
12-20 02:25:52.692  3391  3504 D CryptdConnector: RCV <- {200 3 0}
12-20 02:25:52.696  3958  3958 D CarrierConfigLoader: CarrierConfigLoader has started
12-20 02:25:52.701  3391  3648 I ActivityManager: Start proc 4278:org.cyanogenmod.weather.provider/u0a28 for content provider org.cyanogenmod.weather.provider/.WeatherContentProvider
12-20 02:25:52.710  3391  3435 D BluetoothManagerService: Message: 20
12-20 02:25:52.712  3391  3435 D BluetoothManagerService: Added callback: android.bluetooth.IBluetoothManagerCallback$Stub$Proxy@6a901f2:true
12-20 02:25:52.720  3391  3435 D BluetoothManagerService: Message: 30
12-20 02:25:52.821  4260  4260 W System  : ClassLoader referenced unknown path: /system/app/Exchange2/lib/arm64
12-20 02:25:52.821  3978  3978 D Launcher: bound widget id=2 in 209ms
12-20 02:25:52.829  3958  3958 I Telephony: TtyManager: updateUiTtyMode -1 -> 0
12-20 02:25:52.840  3978  4201 V RenderScript: 0x7f94d96000 Launching thread(s), CPUs 8
12-20 02:25:52.846  4278  4278 W System  : ClassLoader referenced unknown path: /system/priv-app/WeatherProvider/lib/arm64
12-20 02:25:52.855  3958  3958 V ConfigResourceUtil: resourceName = config_spn_display_control resourceId = 2130837514resourceValue = false
12-20 02:25:52.870  3391  3410 I ActivityManager: Start proc 4308:com.android.email/u0a46 for content provider com.android.email/.provider.EmailProvider
12-20 02:25:52.922  3583  3583 W QSTileHost: Error creating tile for spec: live_display
12-20 02:25:52.922  3583  3583 W QSTileHost: java.lang.IllegalArgumentException: Bad tile spec: live_display
12-20 02:25:52.922  3583  3583 W QSTileHost: 	at com.android.systemui.statusbar.phone.QSTileHost.createTile(QSTileHost.java:382)
12-20 02:25:52.922  3583  3583 W QSTileHost: 	at com.android.systemui.statusbar.phone.QSTileHost.onTuningChanged(QSTileHost.java:325)
12-20 02:25:52.922  3583  3583 W QSTileHost: 	at com.android.systemui.tuner.TunerService.addTunableByProvider(TunerService.java:114)
12-20 02:25:52.922  3583  3583 W QSTileHost: 	at com.android.systemui.statusbar.phone.QSTileHost.<init>(QSTileHost.java:153)
12-20 02:25:52.922  3583  3583 W QSTileHost: 	at com.android.systemui.statusbar.phone.PhoneStatusBar.makeStatusBarView(PhoneStatusBar.java:1189)
12-20 02:25:52.922  3583  3583 W QSTileHost: 	at com.android.systemui.statusbar.phone.PhoneStatusBar.addStatusBarWindow(PhoneStatusBar.java:3463)
12-20 02:25:52.922  3583  3583 W QSTileHost: 	at com.android.systemui.statusbar.phone.PhoneStatusBar.createAndAddWindows(PhoneStatusBar.java:3459)
12-20 02:25:52.922  3583  3583 W QSTileHost: 	at com.android.systemui.statusbar.BaseStatusBar.start(BaseStatusBar.java:631)
12-20 02:25:52.922  3583  3583 W QSTileHost: 	at com.android.systemui.statusbar.phone.PhoneStatusBar.start(PhoneStatusBar.java:818)
12-20 02:25:52.922  3583  3583 W QSTileHost: 	at com.android.systemui.statusbar.SystemBars.createStatusBarFromConfig(SystemBars.java:106)
12-20 02:25:52.922  3583  3583 W QSTileHost: 	at com.android.systemui.statusbar.SystemBars.onNoService(SystemBars.java:58)
12-20 02:25:52.922  3583  3583 W QSTileHost: 	at com.android.systemui.statusbar.ServiceMonitor.startService(ServiceMonitor.java:230)
12-20 02:25:52.922  3583  3583 W QSTileHost: 	at com.android.systemui.statusbar.ServiceMonitor.-wrap5(ServiceMonitor.java)
12-20 02:25:52.922  3583  3583 W QSTileHost: 	at com.android.systemui.statusbar.ServiceMonitor$1.handleMessage(ServiceMonitor.java:73)
12-20 02:25:52.922  3583  3583 W QSTileHost: 	at android.os.Handler.dispatchMessage(Handler.java:102)
12-20 02:25:52.922  3583  3583 W QSTileHost: 	at android.os.Looper.loop(Looper.java:148)
12-20 02:25:52.922  3583  3583 W QSTileHost: 	at android.app.ActivityThread.main(ActivityThread.java:5461)
12-20 02:25:52.922  3583  3583 W QSTileHost: 	at java.lang.reflect.Method.invoke(Native Method)
12-20 02:25:52.922  3583  3583 W QSTileHost: 	at com.android.internal.os.ZygoteInit$MethodAndArgsCaller.run(ZygoteInit.java:726)
12-20 02:25:52.922  3583  3583 W QSTileHost: 	at com.android.internal.os.ZygoteInit.main(ZygoteInit.java:616)
12-20 02:25:52.931  3583  3583 W CustomTileListenerService[]: CustomTile listener service not yet bound.
12-20 02:25:52.954  3583  3583 W Resources: Drawable com.android.systemui:drawable/ic_battery_circle has unresolved theme attributes! Consider using Resources.getDrawable(int, Theme) or Context.getDrawable(int).
12-20 02:25:52.954  3583  3583 W Resources: java.lang.RuntimeException
12-20 02:25:52.954  3583  3583 W Resources: 	at android.content.res.Resources.getDrawable(Resources.java:799)
12-20 02:25:52.954  3583  3583 W Resources: 	at com.android.systemui.BatteryMeterView$AllInOneBatteryMeterDrawable.loadBatteryDrawables(BatteryMeterView.java:637)
12-20 02:25:52.954  3583  3583 W Resources: 	at com.android.systemui.BatteryMeterView$AllInOneBatteryMeterDrawable.<init>(BatteryMeterView.java:492)
12-20 02:25:52.954  3583  3583 W Resources: 	at com.android.systemui.BatteryMeterView.createBatteryMeterDrawable(BatteryMeterView.java:264)
12-20 02:25:52.954  3583  3583 W Resources: 	at com.android.systemui.BatteryMeterView.setMode(BatteryMeterView.java:366)
12-20 02:25:52.954  3583  3583 W Resources: 	at com.android.systemui.BatteryMeterView.onBatteryStyleChanged(BatteryMeterView.java:336)
12-20 02:25:52.954  3583  3583 W Resources: 	at com.android.systemui.statusbar.policy.BatteryController.addStateChangedCallback(BatteryController.java:100)
12-20 02:25:52.954  3583  3583 W Resources: 	at com.android.systemui.BatteryMeterView.setBatteryStateRegistar(BatteryMeterView.java:283)
12-20 02:25:52.954  3583  3583 W Resources: 	at com.android.systemui.statusbar.phone.StatusBarHeaderView.setBatteryController(StatusBarHeaderView.java:350)
12-20 02:25:52.954  3583  3583 W Resources: 	at com.android.systemui.statusbar.phone.PhoneStatusBar.makeStatusBarView(PhoneStatusBar.java:1297)
12-20 02:25:52.954  3583  3583 W Resources: 	at com.android.systemui.statusbar.phone.PhoneStatusBar.addStatusBarWindow(PhoneStatusBar.java:3463)
12-20 02:25:52.954  3583  3583 W Resources: 	at com.android.systemui.statusbar.phone.PhoneStatusBar.createAndAddWindows(PhoneStatusBar.java:3459)
12-20 02:25:52.954  3583  3583 W Resources: 	at com.android.systemui.statusbar.BaseStatusBar.start(BaseStatusBar.java:631)
12-20 02:25:52.954  3583  3583 W Resources: 	at com.android.systemui.statusbar.phone.PhoneStatusBar.start(PhoneStatusBar.java:818)
12-20 02:25:52.954  3583  3583 W Resources: 	at com.android.systemui.statusbar.SystemBars.createStatusBarFromConfig(SystemBars.java:106)
12-20 02:25:52.954  3583  3583 W Resources: 	at com.android.systemui.statusbar.SystemBars.onNoService(SystemBars.java:58)
12-20 02:25:52.954  3583  3583 W Resources: 	at com.android.systemui.statusbar.ServiceMonitor.startService(ServiceMonitor.java:230)
12-20 02:25:52.954  3583  3583 W Resources: 	at com.android.systemui.statusbar.ServiceMonitor.-wrap5(ServiceMonitor.java)
12-20 02:25:52.954  3583  3583 W Resources: 	at com.android.systemui.statusbar.ServiceMonitor$1.handleMessage(ServiceMonitor.java:73)
12-20 02:25:52.954  3583  3583 W Resources: 	at android.os.Handler.dispatchMessage(Handler.java:102)
12-20 02:25:52.954  3583  3583 W Resources: 	at android.os.Looper.loop(Looper.java:148)
12-20 02:25:52.954  3583  3583 W Resources: 	at android.app.ActivityThread.main(ActivityThread.java:5461)
12-20 02:25:52.954  3583  3583 W Resources: 	at java.lang.reflect.Method.invoke(Native Method)
12-20 02:25:52.954  3583  3583 W Resources: 	at com.android.internal.os.ZygoteInit$MethodAndArgsCaller.run(ZygoteInit.java:726)
12-20 02:25:52.954  3583  3583 W Resources: 	at com.android.internal.os.ZygoteInit.main(ZygoteInit.java:616)
12-20 02:25:52.955  3583  3583 D BatteryMeterView: mTextGravity=17
12-20 02:25:52.955  3583  3583 D BatteryMeterView: mTextGravity=17
12-20 02:25:52.955  3583  3583 D BatteryMeterView: mTextGravity=17
12-20 02:25:52.980  3978  3978 D Launcher: bindAppWidget: AppWidget(id=3)
12-20 02:25:52.980  3978  3978 D Launcher: bindAppWidget: id=3 belongs to component ComponentInfo{com.cyanogenmod.eleven/com.cyanogenmod.eleven.appwidgets.AppWidgetLarge}
12-20 02:25:52.985  4308  4308 W System  : ClassLoader referenced unknown path: /system/app/Email/lib/arm64
12-20 02:25:52.988  3583  4165 D OpenGLRenderer: profile bars disabled
12-20 02:25:52.988  3583  4165 D OpenGLRenderer: ambientRatio = 1.50
12-20 02:25:53.013  3027  3035 D PermissionCache: checking android.permission.ACCESS_SURFACE_FLINGER for uid=10025 => granted (1321 us)
12-20 02:25:53.017  3978  3978 D Launcher: bound widget id=3 in 37ms
12-20 02:25:53.023  3978  3978 D android.widget.GridLayout: vertical constraints: y2-y0>=528, y2-y0<=512, y2-y1<=208 are inconsistent; permanently removing: y2-y0<=512. 
12-20 02:25:53.039  3958  3989 E PhoneInterfaceManager: [PhoneIntfMgr] getIccId: No UICC
12-20 02:25:53.052  3583  3583 D PhoneStatusBar: disable: < expand icons alerts system_info back home recent clock search quick_settings >
12-20 02:25:53.090  4308  4332 D ActivityThread: Loading provider com.android.email.provider;com.android.email.notifier: com.android.email.provider.EmailProvider
12-20 02:25:53.157  4041  4070 I ContactDirectoryManager: deleted 0 stale rows which don't have any relevant directory
12-20 02:25:53.164  4041  4070 I ContactDirectoryManager: Discovered 0 contact directories in 1218ms
12-20 02:25:53.180  3583  3583 D PhoneStatusBar: heads up is enabled
12-20 02:25:53.212  4260  4260 I Exchange: EasService.onCreate
12-20 02:25:53.231  4260  4351 I Exchange: RestartPingTask
12-20 02:25:53.263  3583  3583 D PhoneStatusBar: disable: < EXPAND* icons alerts system_info BACK* HOME* RECENT* clock SEARCH* quick_settings >
12-20 02:25:53.268  3391  3558 V KeyValueBackupJob: Scheduling k/v pass in 248 minutes
12-20 02:25:53.280  4215  4215 D WeatherUpdateService: onCreate
12-20 02:25:53.285  3583  3583 I Choreographer: Skipped 62 frames!  The application may be doing too much work on its main thread.
12-20 02:25:53.285  4215  4215 D WeatherUpdateService: Service started, but shouldn't update ... stopping
12-20 02:25:53.290  4215  4215 D WeatherUpdateService: onDestroy
12-20 02:25:53.291  3391  3400 W CursorWrapperInner: Cursor finalized without prior close()
12-20 02:25:53.300  3583  3583 D ViewRootImpl: changeCanvasOpacity: opaque=true
12-20 02:25:53.307  3391  3400 W CursorWrapperInner: Cursor finalized without prior close()
12-20 02:25:53.324  3391  4024 W ActivityManager: Unable to start service Intent { cmp=com.android.email/.service.AttachmentService } U=0: not found
12-20 02:25:53.326  3391  3409 W ActivityManager: Unable to start service Intent { cmp=com.android.email/.service.AttachmentService } U=0: not found
12-20 02:25:53.341  3391  3509 D WIFI    : Registering NetworkFactory
12-20 02:25:53.341  3391  3509 D WIFI_UT : Registering NetworkFactory
12-20 02:25:53.341  3391  3511 D ConnectivityService: Got NetworkFactory Messenger for WIFI
12-20 02:25:53.341  3391  3511 D ConnectivityService: Got NetworkFactory Messenger for WIFI_UT
12-20 02:25:53.349  3391  3509 D WIFI    : got request NetworkRequest [ id=1, legacyType=-1, [ Capabilities: INTERNET&NOT_RESTRICTED&TRUSTED&NOT_VPN] ] with score 0
12-20 02:25:53.349  3391  3509 D WIFI_UT : got request NetworkRequest [ id=1, legacyType=-1, [ Capabilities: INTERNET&NOT_RESTRICTED&TRUSTED&NOT_VPN] ] with score 0
12-20 02:25:53.359  3155  3155 I rild    : type=1400 audit(0.0:231): avc: denied { dac_read_search } for capability=2 scontext=u:r:rild:s0 tcontext=u:r:rild:s0 tclass=capability permissive=1
12-20 02:25:53.359  3155  3155 I rild    : type=1400 audit(0.0:231): avc: denied { read } for name="knox_kap" dev="tmpfs" ino=13055 scontext=u:r:rild:s0 tcontext=u:object_r:device:s0 tclass=chr_file permissive=1
12-20 02:25:53.359  3155  3155 I rild    : type=1400 audit(0.0:231): avc: denied { open } for path="/dev/knox_kap" dev="tmpfs" ino=13055 scontext=u:r:rild:s0 tcontext=u:object_r:device:s0 tclass=chr_file permissive=1
12-20 02:25:53.359  3155  3155 W rild    : type=1300 audit(0.0:231): arch=c00000b7 syscall=56 success=yes exit=29 a0=ffffff9c a1=7f7f19d688 a2=0 a3=0 items=0 ppid=1 auid=4294967295 uid=1001 gid=1001 euid=1001 suid=1001 fsuid=1001 egid=1001 sgid=1001 fsgid=1001 tty=(none) ses=4294967295 exe="/system/bin/rild" subj=u:r:rild:s0 key=(null)
12-20 02:25:53.359  2954  2954 W auditd  : type=1327 audit(0.0:231): proctitle="/system/bin/rild"
12-20 02:25:53.359  2954  2954 W auditd  : type=1320 audit(0.0:231): 
12-20 02:25:53.360  3958  3958 D TelephonyDebugService: TelephonyDebugService()
12-20 02:25:53.379  4308  4343 W art     : Long monitor contention event with owner method=boolean android.os.BinderProxy.transactNative(int, android.os.Parcel, android.os.Parcel, int) from Binder.java:4294967294 waiters=0 for 228ms
12-20 02:25:53.383  3391  3510 D WifiService: New client listening to asynchronous messages
12-20 02:25:53.386  3958  3958 D CarrierConfigLoader: mHandler: 12 phoneId: 0
12-20 02:25:53.387  4308  4371 I Email   : Observing account changes for notifications
12-20 02:25:53.427  3958  3958 E PhoneInterfaceManager: [PhoneIntfMgr] getIccId: No UICC
12-20 02:25:53.431  4260  4260 I Exchange: RestartPingsTask did not start any pings.
12-20 02:25:53.432  4260  4260 I Exchange: PSS stopIfIdle
12-20 02:25:53.432  4260  4260 I Exchange: PSS has no active accounts; stopping service.
12-20 02:25:53.434  4260  4260 I Exchange: onDestroy
12-20 02:25:53.436  3958  3958 W Telephony: TelecomAccountRegistry: Failed to get primary stack id
