12-20 05:47:32.027  3992  4299 D IccSmsInterfaceManager: [IccSmsInterfaceManager] enableGsmBroadcastRange
12-20 05:47:32.027  3992  4299 D IccSmsInterfaceManager: [IccSmsInterfaceManager] Added GSM cell broadcast subscription for MID range 4356 to 4356 from client com.android.cellbroadcastreceiver
12-20 05:47:32.027  3992  4299 D IccSmsInterfaceManager: [IccSmsInterfaceManager] Calling setCellBroadcastActivation(true)
12-20 05:47:32.030  3992  4424 D IccSmsInterfaceManager: [IccSmsInterfaceManager] enableGsmBroadcastRange
12-20 05:47:32.030  3992  4424 D IccSmsInterfaceManager: [IccSmsInterfaceManager] Added GSM cell broadcast subscription for MID range 4371 to 4372 from client com.android.cellbroadcastreceiver
12-20 05:47:32.030  3992  4424 D IccSmsInterfaceManager: [IccSmsInterfaceManager] Calling setCellBroadcastActivation(true)
12-20 05:47:32.033  3992  4006 D IccSmsInterfaceManager: [IccSmsInterfaceManager] enableCdmaBroadcastRange
12-20 05:47:32.034  3992  4006 D IccSmsInterfaceManager: [IccSmsInterfaceManager] Calling setCdmaBroadcastConfig with 1 configurations
12-20 05:47:32.035  3992  4006 D IccSmsInterfaceManager: [IccSmsInterfaceManager] Failed to add cdma broadcast subscription for MID range 4097 to 4097 from client com.android.cellbroadcastreceiver
12-20 05:47:32.037  3992  4423 D IccSmsInterfaceManager: [IccSmsInterfaceManager] enableGsmBroadcastRange
12-20 05:47:32.037  3992  4423 D IccSmsInterfaceManager: [IccSmsInterfaceManager] Added GSM cell broadcast subscription for MID range 4373 to 4378 from client com.android.cellbroadcastreceiver
12-20 05:47:32.037  3992  4423 D IccSmsInterfaceManager: [IccSmsInterfaceManager] Calling setCellBroadcastActivation(true)
12-20 05:47:32.040  3992  4422 D IccSmsInterfaceManager: [IccSmsInterfaceManager] enableCdmaBroadcastRange
12-20 05:47:32.040  3992  4422 D IccSmsInterfaceManager: [IccSmsInterfaceManager] Calling setCdmaBroadcastConfig with 1 configurations
12-20 05:47:32.042  3992  4422 D IccSmsInterfaceManager: [IccSmsInterfaceManager] Failed to add cdma broadcast subscription for MID range 4098 to 4098 from client com.android.cellbroadcastreceiver
12-20 05:47:32.044  3992  4419 D IccSmsInterfaceManager: [IccSmsInterfaceManager] enableGsmBroadcastRange
12-20 05:47:32.045  3992  4419 D IccSmsInterfaceManager: [IccSmsInterfaceManager] Added GSM cell broadcast subscription for MID range 4379 to 4379 from client com.android.cellbroadcastreceiver
12-20 05:47:32.045  3992  4419 D IccSmsInterfaceManager: [IccSmsInterfaceManager] Calling setCellBroadcastActivation(true)
12-20 05:47:32.047  3992  4007 D IccSmsInterfaceManager: [IccSmsInterfaceManager] enableCdmaBroadcastRange
12-20 05:47:32.048  3992  4007 D IccSmsInterfaceManager: [IccSmsInterfaceManager] Calling setCdmaBroadcastConfig with 1 configurations
12-20 05:47:32.049  3992  4007 D IccSmsInterfaceManager: [IccSmsInterfaceManager] Failed to add cdma broadcast subscription for MID range 4099 to 4099 from client com.android.cellbroadcastreceiver
12-20 05:47:32.051  3992  4370 D IccSmsInterfaceManager: [IccSmsInterfaceManager] enableGsmBroadcastRange
12-20 05:47:32.051  3992  4370 D IccSmsInterfaceManager: [IccSmsInterfaceManager] Added GSM cell broadcast subscription for MID range 4380 to 4382 from client com.android.cellbroadcastreceiver
12-20 05:47:32.051  3992  4370 D IccSmsInterfaceManager: [IccSmsInterfaceManager] Calling setCellBroadcastActivation(true)
12-20 05:47:32.054  3992  4258 D IccSmsInterfaceManager: [IccSmsInterfaceManager] enableCdmaBroadcastRange
12-20 05:47:32.055  3992  4258 D IccSmsInterfaceManager: [IccSmsInterfaceManager] Calling setCdmaBroadcastConfig with 1 configurations
12-20 05:47:32.056  3992  4258 D IccSmsInterfaceManager: [IccSmsInterfaceManager] Failed to add cdma broadcast subscription for MID range 4100 to 4100 from client com.android.cellbroadcastreceiver
12-20 05:47:32.058  3992  4299 D IccSmsInterfaceManager: [IccSmsInterfaceManager] enableGsmBroadcastRange
12-20 05:47:32.058  3992  4299 D IccSmsInterfaceManager: [IccSmsInterfaceManager] Added GSM cell broadcast subscription for MID range 4393 to 4395 from client com.android.cellbroadcastreceiver
12-20 05:47:32.058  3992  4299 D IccSmsInterfaceManager: [IccSmsInterfaceManager] Calling setCellBroadcastActivation(true)
12-20 05:47:32.060  4343  4741 D CellBroadcastConfigService: enabled emergency cell broadcast channels
12-20 05:47:32.062  3992  4424 D IccSmsInterfaceManager: [IccSmsInterfaceManager] enableGsmBroadcastRange
12-20 05:47:32.062  3992  4424 D IccSmsInterfaceManager: [IccSmsInterfaceManager] Added GSM cell broadcast subscription for MID range 4370 to 4370 from client com.android.cellbroadcastreceiver
12-20 05:47:32.062  3992  4424 D IccSmsInterfaceManager: [IccSmsInterfaceManager] Calling setCellBroadcastActivation(true)
12-20 05:47:32.065  3992  4006 D IccSmsInterfaceManager: [IccSmsInterfaceManager] enableCdmaBroadcastRange
12-20 05:47:32.065  3992  4006 D IccSmsInterfaceManager: [IccSmsInterfaceManager] Calling setCdmaBroadcastConfig with 1 configurations
12-20 05:47:32.067  3992  4006 D IccSmsInterfaceManager: [IccSmsInterfaceManager] Failed to add cdma broadcast subscription for MID range 4096 to 4096 from client com.android.cellbroadcastreceiver
12-20 05:47:32.069  3992  4423 D IccSmsInterfaceManager: [IccSmsInterfaceManager] enableGsmBroadcastRange
12-20 05:47:32.069  3992  4423 D IccSmsInterfaceManager: [IccSmsInterfaceManager] Added GSM cell broadcast subscription for MID range 4383 to 4383 from client com.android.cellbroadcastreceiver
12-20 05:47:32.069  3992  4423 D IccSmsInterfaceManager: [IccSmsInterfaceManager] Calling setCellBroadcastActivation(true)
12-20 05:47:32.070  4343  4741 D CellBroadcastConfigService: disabling cell broadcast channel 50
12-20 05:47:32.072  3992  4422 D IccSmsInterfaceManager: [IccSmsInterfaceManager] disableGsmBroadcastRange
12-20 05:47:32.072  3992  4422 D IccSmsInterfaceManager: [IccSmsInterfaceManager] Failed to remove GSM cell broadcast subscription for MID range 50 to 50 from client com.android.cellbroadcastreceiver
12-20 05:47:32.072  4343  4741 D CellBroadcastConfigService: disabling cell broadcast channel 60
12-20 05:47:32.075  3992  4419 D IccSmsInterfaceManager: [IccSmsInterfaceManager] disableGsmBroadcastRange
12-20 05:47:32.075  3992  4419 D IccSmsInterfaceManager: [IccSmsInterfaceManager] Failed to remove GSM cell broadcast subscription for MID range 60 to 60 from client com.android.cellbroadcastreceiver
12-20 05:47:32.075  4343  4741 D CellBroadcastConfigService: disabled cell broadcast channel 60
12-20 05:47:32.076  4343  4741 D CellBroadcastConfigService: disabling channels 919-928
12-20 05:47:32.078  3992  4258 D IccSmsInterfaceManager: [IccSmsInterfaceManager] disableGsmBroadcastRange
12-20 05:47:32.079  3992  4258 D IccSmsInterfaceManager: [IccSmsInterfaceManager] Failed to remove GSM cell broadcast subscription for MID range 919 to 928 from client com.android.cellbroadcastreceiver
12-20 05:47:32.080  4343  4741 D CellBroadcastConfigService: disabling cell broadcast ETWS test messages
12-20 05:47:32.082  3992  4006 D IccSmsInterfaceManager: [IccSmsInterfaceManager] disableGsmBroadcastRange
12-20 05:47:32.083  3992  4006 D IccSmsInterfaceManager: [IccSmsInterfaceManager] Failed to remove GSM cell broadcast subscription for MID range 4355 to 4355 from client com.android.cellbroadcastreceiver
12-20 05:47:32.188  3376  4722 D NetworkMonitor/NetworkAgentInfo [MOBILE (HSPA+) - 100]: Checking http://connectivitycheck.gstatic.com/generate_204 on gprs.personal.com, connectivitycheck.gstatic.com=181.15.168.20,2800:3f0:4002:800::200e
12-20 05:47:32.188  3376  4722 W System  : ClassLoader referenced unknown path: /system/framework/tcmclient.jar
12-20 05:47:32.194  3376  4735 D GpsLocationProvider: NTP server returned: 1482223652363 (Tue Dec 20 05:47:32 GMT-03:00 2016) reference: 23796 certainty: 45 system time offset: 170
12-20 05:47:32.194  3065  3065 D gpsd    : WakeLock(Acquire,GPSD)
12-20 05:47:32.194  3376  3959 D AlarmManagerService: Setting time of day to sec=1482223652
12-20 05:47:32.194  3065  3065 D gpsd    : WakeLock(Release,GPSD)
12-20 05:47:32.373  4590  4590 V AlarmClock: AlarmInitReceiver android.intent.action.TIME_SET
12-20 05:47:32.394  4590  4605 V AlarmClock: AlarmInitReceiver finished
12-20 05:47:32.392  2950  2950 W auditd  : type=1325 audit(0.0:246): table=filter family=2 entries=74
12-20 05:47:32.392  2950  2950 W auditd  : type=1320 audit(0.0:246): 
12-20 05:47:32.392  2950  2950 W auditd  : type=1325 audit(0.0:247): table=filter family=10 entries=77
12-20 05:47:32.392  2950  2950 W auditd  : type=1320 audit(0.0:247): 
12-20 05:47:32.402  2950  2950 W auditd  : type=1325 audit(0.0:248): table=filter family=2 entries=76
12-20 05:47:32.402  2950  2950 W auditd  : type=1320 audit(0.0:248): 
12-20 05:47:32.412  2950  2950 W auditd  : type=1325 audit(0.0:249): table=filter family=10 entries=79
12-20 05:47:32.412  2950  2950 W auditd  : type=1320 audit(0.0:249): 
12-20 05:47:32.422  2950  2950 W auditd  : type=1325 audit(0.0:250): table=filter family=2 entries=77
12-20 05:47:32.422  2950  2950 W auditd  : type=1320 audit(0.0:250): 
12-20 05:47:32.432  2950  2950 W auditd  : type=1325 audit(0.0:251): table=filter family=10 entries=80
12-20 05:47:32.432  2950  2950 W auditd  : type=1320 audit(0.0:251): 
12-20 05:47:32.452  2950  2950 W auditd  : type=1325 audit(0.0:252): table=filter family=2 entries=78
12-20 05:47:32.452  2950  2950 W auditd  : type=1320 audit(0.0:252): 
12-20 05:47:32.452  2950  2950 W auditd  : type=1325 audit(0.0:253): table=filter family=10 entries=81
12-20 05:47:32.452  2950  2950 W auditd  : type=1320 audit(0.0:253): 
12-20 05:47:32.481  3054  3477 I iptables: iptables: Index of insertion too big.
12-20 05:47:32.481  3054  3477 I iptables: iptables terminated by exit(1)
12-20 05:47:32.481  3054  3477 E BandwidthController: runIptablesCmd(): res=1 status=256 failed /system/bin/iptables -w -I bw_FORWARD 2 -i rmnet0 --jump bw_costly_rmnet0
12-20 05:47:32.487  3054  3477 I ip6tables: ip6tables: Index of insertion too big.
12-20 05:47:32.487  3054  3477 I ip6tables: ip6tables terminated by exit(1)
12-20 05:47:32.487  3054  3477 E BandwidthController: runIptablesCmd(): res=1 status=256 failed /system/bin/ip6tables -w -I bw_FORWARD 2 -i rmnet0 --jump bw_costly_rmnet0
12-20 05:47:32.482  2950  2950 W auditd  : type=1325 audit(0.0:254): table=filter family=2 entries=79
12-20 05:47:32.482  2950  2950 W auditd  : type=1320 audit(0.0:254): 
12-20 05:47:32.492  2950  2950 W auditd  : type=1325 audit(0.0:255): table=filter family=10 entries=82
12-20 05:47:32.492  2950  2950 W auditd  : type=1320 audit(0.0:255): 
12-20 05:47:32.499  3054  3477 E BandwidthController: Failed set quota rule
12-20 05:47:32.499  3054  3477 E BandwidthController: No such iface rmnet0 to delete
12-20 05:47:32.500  3376  3503 E NetworkPolicy: problem setting interface quota
12-20 05:47:32.500  3376  3503 E NetworkPolicy: java.lang.IllegalStateException: command '40 bandwidth setiquota rmnet0 9223372036854775807' failed with '400 40 Bandwidth command failed'
12-20 05:47:32.500  3376  3503 E NetworkPolicy: 	at com.android.server.NetworkManagementService.setInterfaceQuota(NetworkManagementService.java:1717)
12-20 05:47:32.500  3376  3503 E NetworkPolicy: 	at com.android.server.net.NetworkPolicyManagerService.setInterfaceQuota(NetworkPolicyManagerService.java:2567)
12-20 05:47:32.500  3376  3503 E NetworkPolicy: 	at com.android.server.net.NetworkPolicyManagerService.updateNetworkRulesLocked(NetworkPolicyManagerService.java:1314)
12-20 05:47:32.500  3376  3503 E NetworkPolicy: 	at com.android.server.net.NetworkPolicyManagerService$14.onReceive(NetworkPolicyManagerService.java:1138)
12-20 05:47:32.500  3376  3503 E NetworkPolicy: 	at android.app.LoadedApk$ReceiverDispatcher$Args.run(LoadedApk.java:882)
12-20 05:47:32.500  3376  3503 E NetworkPolicy: 	at android.os.Handler.handleCallback(Handler.java:739)
12-20 05:47:32.500  3376  3503 E NetworkPolicy: 	at android.os.Handler.dispatchMessage(Handler.java:95)
12-20 05:47:32.500  3376  3503 E NetworkPolicy: 	at android.os.Looper.loop(Looper.java:148)
12-20 05:47:32.500  3376  3503 E NetworkPolicy: 	at android.os.HandlerThread.run(HandlerThread.java:61)
12-20 05:47:32.500  3376  3503 E NetworkPolicy: Caused by: com.android.server.NativeDaemonConnector$NativeDaemonFailureException: command '40 bandwidth setiquota rmnet0 9223372036854775807' failed with '400 40 Bandwidth command failed'
12-20 05:47:32.500  3376  3503 E NetworkPolicy: 	at com.android.server.NativeDaemonConnector.executeForList(NativeDaemonConnector.java:444)
12-20 05:47:32.500  3376  3503 E NetworkPolicy: 	at com.android.server.NativeDaemonConnector.execute(NativeDaemonConnector.java:345)
12-20 05:47:32.500  3376  3503 E NetworkPolicy: 	at com.android.server.NativeDaemonConnector.execute(NativeDaemonConnector.java:340)
12-20 05:47:32.500  3376  3503 E NetworkPolicy: 	at com.android.server.NetworkManagementService.setInterfaceQuota(NetworkManagementService.java:1714)
12-20 05:47:32.500  3376  3503 E NetworkPolicy: 	... 8 more
12-20 05:47:32.513  3376  3407 W art     : Long monitor contention event with owner method=boolean android.os.BinderProxy.transactNative(int, android.os.Parcel, android.os.Parcel, int) from Binder.java:4294967294 waiters=0 for 139ms
12-20 05:47:32.524  3376  4722 D NetworkMonitor/NetworkAgentInfo [MOBILE (HSPA+) - 100]: isCaptivePortal: ret=204 headers={null=[HTTP/1.1 204 No Content], Content-Length=[0], Date=[Tue, 20 Dec 2016 08:47:32 GMT], X-Android-Received-Millis=[1482223652524], X-Android-Response-Source=[NETWORK 204], X-Android-Selected-Protocol=[http/1.1], X-Android-Sent-Millis=[1482223652444]}
12-20 05:47:32.525  3376  3507 D ConnectivityService: setProvNotificationVisibleIntent null visible=false networkType=MOBILE extraInfo=null highPriority=false
12-20 05:47:32.525  3376  3507 D ConnectivityService: NetworkAgentInfo [MOBILE (HSPA+) - 100] validation  passed
12-20 05:47:32.525  3376  3507 D ConnectivityService: notifyType CAP_CHANGED for NetworkAgentInfo [MOBILE (HSPA+) - 100]
12-20 05:47:32.525  3376  3507 D ConnectivityService: sendStickyBroadcast: action=android.net.conn.INET_CONDITION_ACTION
12-20 05:47:32.704  3059  3523 V audio_hw_primary: do_out_standby: output standby: 0
12-20 05:47:33.529  3065  3065 D gpsd    : WakeLock(Acquire,GPSD)
12-20 05:47:33.530  3065  3065 D gpsd    : WakeLock(Release,GPSD)
12-20 05:47:33.530  3065  3065 D gpsd    : WakeLock(Acquire,GPSD)
12-20 05:47:33.530  3065  3065 D gpsd    : WakeLock(Release,GPSD)
12-20 05:47:33.530  3065  3065 D gpsd    : WakeLock(Acquire,GPSD)
12-20 05:47:33.530  3065  3065 D gpsd    : WakeLock(Release,GPSD)
12-20 05:47:33.530  3065  3065 D gpsd    : WakeLock(Acquire,GPSD)
12-20 05:47:33.530  3065  3065 D gpsd    : WakeLock(Release,GPSD)
12-20 05:47:33.530  3065  3065 D gpsd    : WakeLock(Acquire,GPSD)
12-20 05:47:33.530  3065  3065 D gpsd    : WakeLock(Release,GPSD)
12-20 05:47:33.530  3065  3065 D gpsd    : WakeLock(Acquire,GPSD)
12-20 05:47:33.530  3065  3065 D gpsd    : WakeLock(Release,GPSD)
12-20 05:47:33.530  3065  3065 D gpsd    : WakeLock(Acquire,GPSD)
12-20 05:47:33.530  3065  3065 D gpsd    : WakeLock(Release,GPSD)
12-20 05:47:33.530  3065  3065 D gpsd    : WakeLock(Acquire,GPSD)
12-20 05:47:33.530  3065  3065 D gpsd    : WakeLock(Release,GPSD)
12-20 05:47:33.530  3065  3065 D gpsd    : WakeLock(Acquire,GPSD)
12-20 05:47:33.531  3065  3065 D gpsd    : WakeLock(Release,GPSD)
12-20 05:47:33.531  3065  3065 D gpsd    : WakeLock(Acquire,GPSD)
12-20 05:47:33.531  3065  3065 D gpsd    : WakeLock(Release,GPSD)
12-20 05:47:33.531  3065  3065 D gpsd    : WakeLock(Acquire,GPSD)
12-20 05:47:33.531  3065  3065 D gpsd    : WakeLock(Release,GPSD)
12-20 05:47:33.531  3065  3065 D gpsd    : WakeLock(Acquire,GPSD)
12-20 05:47:33.531  3065  3065 D gpsd    : WakeLock(Release,GPSD)
12-20 05:47:33.531  3065  3065 D gpsd    : WakeLock(Acquire,GPSD)
12-20 05:47:33.531  3065  3065 D gpsd    : WakeLock(Release,GPSD)
12-20 05:47:33.531  3065  3065 D gpsd    : WakeLock(Acquire,GPSD)
12-20 05:47:33.531  3065  3065 D gpsd    : WakeLock(Release,GPSD)
12-20 05:47:33.531  3065  3065 D gpsd    : WakeLock(Acquire,GPSD)
12-20 05:47:33.531  3065  3065 D gpsd    : WakeLock(Release,GPSD)
12-20 05:47:33.531  3065  3065 D gpsd    : WakeLock(Acquire,GPSD)
12-20 05:47:33.531  3065  3065 D gpsd    : WakeLock(Release,GPSD)
12-20 05:47:33.531  3065  3065 D gpsd    : WakeLock(Acquire,GPSD)
12-20 05:47:33.531  3065  3065 D gpsd    : WakeLock(Release,GPSD)
12-20 05:47:33.531  3065  3065 D gpsd    : WakeLock(Acquire,GPSD)
12-20 05:47:33.531  3065  3065 D gpsd    : WakeLock(Release,GPSD)
12-20 05:47:33.531  3065  3065 D gpsd    : WakeLock(Acquire,GPSD)
12-20 05:47:33.531  3065  3065 D gpsd    : WakeLock(Release,GPSD)
12-20 05:47:33.531  3065  3065 D gpsd    : WakeLock(Acquire,GPSD)
12-20 05:47:33.531  3065  3065 D gpsd    : WakeLock(Release,GPSD)
12-20 05:47:33.531  3065  3065 D gpsd    : WakeLock(Acquire,GPSD)
12-20 05:47:33.531  3065  3065 D gpsd    : WakeLock(Release,GPSD)
12-20 05:47:33.531  3065  3065 D gpsd    : WakeLock(Acquire,GPSD)
12-20 05:47:33.531  3065  3065 D gpsd    : WakeLock(Release,GPSD)
12-20 05:47:33.531  3065  3065 D gpsd    : WakeLock(Acquire,GPSD)
12-20 05:47:33.531  3065  3065 D gpsd    : WakeLock(Release,GPSD)
12-20 05:47:33.531  3065  3065 D gpsd    : WakeLock(Acquire,GPSD)
12-20 05:47:33.531  3065  3065 D gpsd    : WakeLock(Release,GPSD)
12-20 05:47:33.531  3065  3065 D gpsd    : WakeLock(Acquire,GPSD)
12-20 05:47:33.531  3065  3065 D gpsd    : WakeLock(Release,GPSD)
12-20 05:47:33.531  3065  3065 D gpsd    : WakeLock(Acquire,GPSD)
12-20 05:47:33.531  3065  3065 D gpsd    : WakeLock(Release,GPSD)
12-20 05:47:33.531  3065  3065 D gpsd    : WakeLock(Acquire,GPSD)
12-20 05:47:33.531  3065  3065 D gpsd    : WakeLock(Release,GPSD)
12-20 05:47:33.531  3065  3065 D gpsd    : WakeLock(Acquire,GPSD)
12-20 05:47:33.531  3065  3065 D gpsd    : WakeLock(Release,GPSD)
12-20 05:47:33.531  3065  3065 D gpsd    : WakeLock(Acquire,GPSD)
12-20 05:47:33.531  3065  3065 D gpsd    : WakeLock(Release,GPSD)
12-20 05:47:33.531  3065  3065 D gpsd    : WakeLock(Acquire,GPSD)
12-20 05:47:33.531  3065  3065 D gpsd    : WakeLock(Release,GPSD)
12-20 05:47:33.531  3065  3065 D gpsd    : WakeLock(Acquire,GPSD)
12-20 05:47:33.531  3065  3065 D gpsd    : WakeLock(Release,GPSD)
12-20 05:47:33.531  3065  3065 D gpsd    : WakeLock(Acquire,GPSD)
12-20 05:47:33.531  3065  3065 D gpsd    : WakeLock(Release,GPSD)
12-20 05:47:33.531  3065  3065 D gpsd    : WakeLock(Acquire,GPSD)
12-20 05:47:33.531  3065  3065 D gpsd    : WakeLock(Release,GPSD)
12-20 05:47:33.531  3065  3065 D gpsd    : WakeLock(Acquire,GPSD)
12-20 05:47:33.531  3065  3065 D gpsd    : WakeLock(Release,GPSD)
12-20 05:47:33.531  3065  3065 D gpsd    : WakeLock(Acquire,GPSD)
12-20 05:47:33.531  3065  3065 D gpsd    : WakeLock(Release,GPSD)
12-20 05:47:33.531  3065  3065 D gpsd    : WakeLock(Acquire,GPSD)
12-20 05:47:33.531  3065  3065 D gpsd    : WakeLock(Release,GPSD)
12-20 05:47:33.531  3065  3065 D gpsd    : WakeLock(Acquire,GPSD)
12-20 05:47:33.531  3065  3065 D gpsd    : WakeLock(Release,GPSD)
12-20 05:47:33.531  3065  3065 D gpsd    : WakeLock(Acquire,GPSD)
12-20 05:47:33.531  3065  3065 D gpsd    : WakeLock(Release,GPSD)
12-20 05:47:33.531  3065  3065 D gpsd    : WakeLock(Acquire,GPSD)
12-20 05:47:33.531  3065  3065 D gpsd    : WakeLock(Release,GPSD)
12-20 05:47:33.531  3065  3065 D gpsd    : WakeLock(Acquire,GPSD)
12-20 05:47:33.531  3065  3065 D gpsd    : WakeLock(Release,GPSD)
12-20 05:47:33.531  3065  3065 D gpsd    : WakeLock(Acquire,GPSD)
12-20 05:47:33.531  3065  3065 D gpsd    : WakeLock(Release,GPSD)
12-20 05:47:33.531  3065  3065 D gpsd    : WakeLock(Acquire,GPSD)
12-20 05:47:33.531  3065  3065 D gpsd    : WakeLock(Release,GPSD)
12-20 05:47:33.531  3065  3065 D gpsd    : WakeLock(Acquire,GPSD)
12-20 05:47:33.531  3065  3065 D gpsd    : WakeLock(Release,GPSD)
12-20 05:47:33.531  3065  3065 D gpsd    : WakeLock(Acquire,GPSD)
12-20 05:47:33.531  3065  3065 D gpsd    : WakeLock(Release,GPSD)
12-20 05:47:33.531  3065  3065 D gpsd    : WakeLock(Acquire,GPSD)
12-20 05:47:33.531  3065  3065 D gpsd    : WakeLock(Release,GPSD)
12-20 05:47:33.531  3065  3065 D gpsd    : WakeLock(Acquire,GPSD)
12-20 05:47:33.531  3065  3065 D gpsd    : WakeLock(Release,GPSD)
12-20 05:47:33.531  3065  3065 D gpsd    : WakeLock(Acquire,GPSD)
12-20 05:47:33.531  3065  3065 D gpsd    : WakeLock(Release,GPSD)
12-20 05:47:33.531  3065  3065 D gpsd    : WakeLock(Acquire,GPSD)
12-20 05:47:33.531  3065  3065 D gpsd    : WakeLock(Release,GPSD)
12-20 05:47:33.531  3065  3065 D gpsd    : WakeLock(Acquire,GPSD)
12-20 05:47:33.531  3065  3065 D gpsd    : WakeLock(Release,GPSD)
12-20 05:47:33.531  3065  3065 D gpsd    : WakeLock(Acquire,GPSD)
12-20 05:47:33.531  3065  3065 D gpsd    : WakeLock(Release,GPSD)
12-20 05:47:33.531  3065  3065 D gpsd    : WakeLock(Acquire,GPSD)
12-20 05:47:33.531  3065  3065 D gpsd    : WakeLock(Release,GPSD)
12-20 05:47:33.531  3065  3065 D gpsd    : WakeLock(Acquire,GPSD)
12-20 05:47:33.531  3065  3065 D gpsd    : WakeLock(Release,GPSD)
12-20 05:47:33.531  3065  3065 D gpsd    : WakeLock(Acquire,GPSD)
12-20 05:47:33.531  3065  3065 D gpsd    : WakeLock(Release,GPSD)
12-20 05:47:33.531  3065  3065 D gpsd    : WakeLock(Acquire,GPSD)
12-20 05:47:33.531  3065  3065 D gpsd    : WakeLock(Release,GPSD)
12-20 05:47:33.531  3065  3065 D gpsd    : WakeLock(Acquire,GPSD)
12-20 05:47:33.531  3065  3065 D gpsd    : WakeLock(Release,GPSD)
12-20 05:47:33.531  3065  3065 D gpsd    : WakeLock(Acquire,GPSD)
12-20 05:47:33.531  3065  3065 D gpsd    : WakeLock(Release,GPSD)
12-20 05:47:33.531  3065  3065 D gpsd    : WakeLock(Acquire,GPSD)
12-20 05:47:33.531  3065  3065 D gpsd    : WakeLock(Release,GPSD)
12-20 05:47:33.531  3065  3065 D gpsd    : WakeLock(Acquire,GPSD)
12-20 05:47:33.531  3065  3065 D gpsd    : WakeLock(Release,GPSD)
12-20 05:47:33.531  3065  3065 D gpsd    : WakeLock(Acquire,GPSD)
12-20 05:47:33.531  3065  3065 D gpsd    : WakeLock(Release,GPSD)
12-20 05:47:33.531  3065  3065 D gpsd    : WakeLock(Acquire,GPSD)
12-20 05:47:33.531  3065  3065 D gpsd    : WakeLock(Release,GPSD)
12-20 05:47:33.531  3065  3065 D gpsd    : WakeLock(Acquire,GPSD)
12-20 05:47:33.531  3065  3065 D gpsd    : WakeLock(Release,GPSD)
12-20 05:47:33.531  3065  3065 D gpsd    : WakeLock(Acquire,GPSD)
12-20 05:47:33.531  3065  3065 D gpsd    : WakeLock(Release,GPSD)
12-20 05:47:33.531  3065  3065 D gpsd    : WakeLock(Acquire,GPSD)
12-20 05:47:33.531  3065  3065 D gpsd    : WakeLock(Release,GPSD)
12-20 05:47:33.531  3065  3065 D gpsd    : WakeLock(Acquire,GPSD)
12-20 05:47:33.531  3065  3065 D gpsd    : WakeLock(Release,GPSD)
12-20 05:47:33.531  3065  3065 D gpsd    : WakeLock(Acquire,GPSD)
12-20 05:47:33.531  3065  3065 D gpsd    : WakeLock(Release,GPSD)
12-20 05:47:33.531  3065  3065 D gpsd    : WakeLock(Acquire,GPSD)
12-20 05:47:33.531  3065  3065 D gpsd    : WakeLock(Release,GPSD)
12-20 05:47:33.531  3065  3065 D gpsd    : WakeLock(Acquire,GPSD)
12-20 05:47:33.532  3065  3065 D gpsd    : WakeLock(Release,GPSD)
12-20 05:47:33.532  3065  3065 D gpsd    : WakeLock(Acquire,GPSD)
12-20 05:47:33.532  3065  3065 D gpsd    : WakeLock(Release,GPSD)
12-20 05:47:33.532  3065  3065 D gpsd    : WakeLock(Acquire,GPSD)
12-20 05:47:33.532  3065  3065 D gpsd    : WakeLock(Release,GPSD)
12-20 05:47:33.532  3065  3065 D gpsd    : WakeLock(Acquire,GPSD)
12-20 05:47:33.532  3065  3065 D gpsd    : WakeLock(Release,GPSD)
12-20 05:47:33.532  3065  3065 D gpsd    : WakeLock(Acquire,GPSD)
12-20 05:47:33.532  3065  3065 D gpsd    : WakeLock(Release,GPSD)
12-20 05:47:33.532  3065  3065 D gpsd    : WakeLock(Acquire,GPSD)
12-20 05:47:33.532  3065  3065 D gpsd    : WakeLock(Release,GPSD)
12-20 05:47:33.532  3065  3065 D gpsd    : WakeLock(Acquire,GPSD)
12-20 05:47:33.532  3065  3065 D gpsd    : WakeLock(Release,GPSD)
12-20 05:47:33.532  3065  3065 D gpsd    : WakeLock(Acquire,GPSD)
12-20 05:47:33.532  3065  3065 D gpsd    : WakeLock(Release,GPSD)
12-20 05:47:33.532  3065  3065 D gpsd    : WakeLock(Acquire,GPSD)
12-20 05:47:33.532  3065  3065 D gpsd    : WakeLock(Release,GPSD)
12-20 05:47:33.532  3065  3065 D gpsd    : WakeLock(Acquire,GPSD)
12-20 05:47:33.532  3065  3065 D gpsd    : WakeLock(Release,GPSD)
12-20 05:47:33.532  3065  3065 D gpsd    : WakeLock(Acquire,GPSD)
12-20 05:47:33.532  3065  3065 D gpsd    : WakeLock(Release,GPSD)
12-20 05:47:33.532  3065  3065 D gpsd    : WakeLock(Acquire,GPSD)
12-20 05:47:33.532  3065  3065 D gpsd    : WakeLock(Release,GPSD)
12-20 05:47:33.532  3065  3065 D gpsd    : WakeLock(Acquire,GPSD)
12-20 05:47:33.532  3065  3065 D gpsd    : WakeLock(Release,GPSD)
12-20 05:47:33.532  3065  3065 D gpsd    : WakeLock(Acquire,GPSD)
12-20 05:47:33.532  3065  3065 D gpsd    : WakeLock(Release,GPSD)
12-20 05:47:33.532  3065  3065 D gpsd    : WakeLock(Acquire,GPSD)
12-20 05:47:33.532  3065  3065 D gpsd    : WakeLock(Release,GPSD)
12-20 05:47:33.532  3065  3065 D gpsd    : WakeLock(Acquire,GPSD)
12-20 05:47:33.532  3065  3065 D gpsd    : WakeLock(Release,GPSD)
12-20 05:47:33.532  3065  3065 D gpsd    : WakeLock(Acquire,GPSD)
12-20 05:47:33.532  3065  3065 D gpsd    : WakeLock(Release,GPSD)
12-20 05:47:33.532  3065  3065 D gpsd    : WakeLock(Acquire,GPSD)
12-20 05:47:33.532  3065  3065 D gpsd    : WakeLock(Release,GPSD)
12-20 05:47:33.532  3065  3065 D gpsd    : WakeLock(Acquire,GPSD)
12-20 05:47:33.532  3065  3065 D gpsd    : WakeLock(Release,GPSD)
12-20 05:47:33.532  3065  3065 D gpsd    : WakeLock(Acquire,GPSD)
12-20 05:47:33.532  3065  3065 D gpsd    : WakeLock(Release,GPSD)
12-20 05:47:33.532  3065  3065 D gpsd    : WakeLock(Acquire,GPSD)
12-20 05:47:33.532  3065  3065 D gpsd    : WakeLock(Release,GPSD)
12-20 05:47:33.532  3065  3065 D gpsd    : WakeLock(Acquire,GPSD)
12-20 05:47:33.532  3065  3065 D gpsd    : WakeLock(Release,GPSD)
12-20 05:47:33.532  3065  3065 D gpsd    : WakeLock(Acquire,GPSD)
12-20 05:47:33.532  3065  3065 D gpsd    : WakeLock(Release,GPSD)
12-20 05:47:33.532  3065  3065 D gpsd    : WakeLock(Acquire,GPSD)
12-20 05:47:33.532  3065  3065 D gpsd    : WakeLock(Release,GPSD)
12-20 05:47:33.532  3065  3065 D gpsd    : WakeLock(Acquire,GPSD)
12-20 05:47:33.532  3065  3065 D gpsd    : WakeLock(Release,GPSD)
12-20 05:47:33.532  3065  3065 D gpsd    : WakeLock(Acquire,GPSD)
12-20 05:47:33.532  3065  3065 D gpsd    : WakeLock(Release,GPSD)
12-20 05:47:33.532  3065  3065 D gpsd    : WakeLock(Acquire,GPSD)
12-20 05:47:33.532  3065  3065 D gpsd    : WakeLock(Release,GPSD)
12-20 05:47:33.532  3065  3065 D gpsd    : WakeLock(Acquire,GPSD)
12-20 05:47:33.532  3065  3065 D gpsd    : WakeLock(Release,GPSD)
12-20 05:47:33.532  3065  3065 D gpsd    : WakeLock(Acquire,GPSD)
12-20 05:47:33.532  3065  3065 D gpsd    : WakeLock(Release,GPSD)
12-20 05:47:33.532  3065  3065 D gpsd    : WakeLock(Acquire,GPSD)
12-20 05:47:33.532  3065  3065 D gpsd    : WakeLock(Release,GPSD)
12-20 05:47:33.532  3065  3065 D gpsd    : WakeLock(Acquire,GPSD)
12-20 05:47:33.532  3065  3065 D gpsd    : WakeLock(Release,GPSD)
12-20 05:47:33.532  3065  3065 D gpsd    : WakeLock(Acquire,GPSD)
12-20 05:47:33.532  3065  3065 D gpsd    : WakeLock(Release,GPSD)
12-20 05:47:33.532  3065  3065 D gpsd    : WakeLock(Acquire,GPSD)
12-20 05:47:33.532  3065  3065 D gpsd    : WakeLock(Release,GPSD)
12-20 05:47:33.532  3065  3065 D gpsd    : WakeLock(Acquire,GPSD)
12-20 05:47:33.532  3065  3065 D gpsd    : WakeLock(Release,GPSD)
12-20 05:47:33.532  3065  3065 D gpsd    : WakeLock(Acquire,GPSD)
12-20 05:47:33.532  3065  3065 D gpsd    : WakeLock(Release,GPSD)
12-20 05:47:33.532  3065  3065 D gpsd    : WakeLock(Acquire,GPSD)
12-20 05:47:33.532  3065  3065 D gpsd    : WakeLock(Release,GPSD)
12-20 05:47:33.532  3065  3065 D gpsd    : WakeLock(Acquire,GPSD)
12-20 05:47:33.532  3065  3065 D gpsd    : WakeLock(Release,GPSD)
12-20 05:47:33.532  3065  3065 D gpsd    : WakeLock(Acquire,GPSD)
12-20 05:47:33.532  3065  3065 D gpsd    : WakeLock(Release,GPSD)
12-20 05:47:33.532  3065  3065 D gpsd    : WakeLock(Acquire,GPSD)
12-20 05:47:33.532  3065  3065 D gpsd    : WakeLock(Release,GPSD)
12-20 05:47:33.532  3065  3065 D gpsd    : WakeLock(Acquire,GPSD)
12-20 05:47:33.532  3065  3065 D gpsd    : WakeLock(Release,GPSD)
12-20 05:47:33.532  3065  3065 D gpsd    : WakeLock(Acquire,GPSD)
12-20 05:47:33.532  3065  3065 D gpsd    : WakeLock(Release,GPSD)
12-20 05:47:33.532  3065  3065 D gpsd    : WakeLock(Acquire,GPSD)
12-20 05:47:33.532  3065  3065 D gpsd    : WakeLock(Release,GPSD)
12-20 05:47:33.532  3065  3065 D gpsd    : WakeLock(Acquire,GPSD)
12-20 05:47:33.532  3065  3065 D gpsd    : WakeLock(Release,GPSD)
12-20 05:47:33.532  3065  3065 D gpsd    : WakeLock(Acquire,GPSD)
12-20 05:47:33.532  3065  3065 D gpsd    : WakeLock(Release,GPSD)
12-20 05:47:33.532  3065  3065 D gpsd    : WakeLock(Acquire,GPSD)
12-20 05:47:33.532  3065  3065 D gpsd    : WakeLock(Release,GPSD)
12-20 05:47:33.532  3065  3065 D gpsd    : WakeLock(Acquire,GPSD)
12-20 05:47:33.532  3065  3065 D gpsd    : WakeLock(Release,GPSD)
12-20 05:47:33.532  3065  3065 D gpsd    : WakeLock(Acquire,GPSD)
12-20 05:47:33.532  3065  3065 D gpsd    : WakeLock(Release,GPSD)
12-20 05:47:33.532  3065  3065 D gpsd    : WakeLock(Acquire,GPSD)
12-20 05:47:33.532  3065  3065 D gpsd    : WakeLock(Release,GPSD)
12-20 05:47:33.532  3065  3065 D gpsd    : WakeLock(Acquire,GPSD)
12-20 05:47:33.532  3065  3065 D gpsd    : WakeLock(Release,GPSD)
12-20 05:47:33.532  3065  3065 D gpsd    : WakeLock(Acquire,GPSD)
12-20 05:47:33.532  3065  3065 D gpsd    : WakeLock(Release,GPSD)
12-20 05:47:33.532  3065  3065 D gpsd    : WakeLock(Acquire,GPSD)
12-20 05:47:33.532  3065  3065 D gpsd    : WakeLock(Release,GPSD)
12-20 05:47:33.532  3065  3065 D gpsd    : WakeLock(Acquire,GPSD)
12-20 05:47:33.532  3065  3065 D gpsd    : WakeLock(Release,GPSD)
12-20 05:47:33.532  3065  3065 D gpsd    : WakeLock(Acquire,GPSD)
12-20 05:47:33.532  3065  3065 D gpsd    : WakeLock(Release,GPSD)
12-20 05:47:33.532  3065  3065 D gpsd    : WakeLock(Acquire,GPSD)
12-20 05:47:33.532  3065  3065 D gpsd    : WakeLock(Release,GPSD)
12-20 05:47:33.532  3065  3065 D gpsd    : WakeLock(Acquire,GPSD)
12-20 05:47:33.532  3065  3065 D gpsd    : WakeLock(Release,GPSD)
12-20 05:47:33.532  3065  3065 D gpsd    : WakeLock(Acquire,GPSD)
12-20 05:47:33.532  3065  3065 D gpsd    : WakeLock(Release,GPSD)
12-20 05:47:33.532  3065  3065 D gpsd    : WakeLock(Acquire,GPSD)
12-20 05:47:33.532  3065  3065 D gpsd    : WakeLock(Release,GPSD)
12-20 05:47:33.532  3065  3065 D gpsd    : WakeLock(Acquire,GPSD)
12-20 05:47:33.532  3065  3065 D gpsd    : WakeLock(Release,GPSD)
12-20 05:47:33.532  3065  3065 D gpsd    : WakeLock(Acquire,GPSD)
12-20 05:47:33.532  3065  3065 D gpsd    : WakeLock(Release,GPSD)
12-20 05:47:33.532  3065  3065 D gpsd    : WakeLock(Acquire,GPSD)
12-20 05:47:33.532  3065  3065 D gpsd    : WakeLock(Release,GPSD)
12-20 05:47:33.532  3065  3065 D gpsd    : WakeLock(Acquire,GPSD)
12-20 05:47:33.533  3065  3065 D gpsd    : WakeLock(Release,GPSD)
12-20 05:47:33.533  3065  3065 D gpsd    : WakeLock(Acquire,GPSD)
12-20 05:47:33.533  3065  3065 D gpsd    : WakeLock(Release,GPSD)
12-20 05:47:33.533  3065  3065 D gpsd    : WakeLock(Acquire,GPSD)
12-20 05:47:33.533  3065  3065 D gpsd    : WakeLock(Release,GPSD)
12-20 05:47:33.533  3065  3065 D gpsd    : WakeLock(Acquire,GPSD)
12-20 05:47:33.533  3065  3065 D gpsd    : WakeLock(Release,GPSD)
12-20 05:47:33.533  3065  3065 D gpsd    : WakeLock(Acquire,GPSD)
12-20 05:47:33.533  3065  3065 D gpsd    : WakeLock(Release,GPSD)
12-20 05:47:33.533  3065  3065 D gpsd    : WakeLock(Acquire,GPSD)
12-20 05:47:33.533  3065  3065 D gpsd    : WakeLock(Release,GPSD)
12-20 05:47:33.533  3065  3065 D gpsd    : WakeLock(Acquire,GPSD)
12-20 05:47:33.533  3065  3065 D gpsd    : WakeLock(Release,GPSD)
12-20 05:47:33.533  3065  3065 D gpsd    : WakeLock(Acquire,GPSD)
12-20 05:47:33.533  3065  3065 D gpsd    : WakeLock(Release,GPSD)
12-20 05:47:33.533  3065  3065 D gpsd    : WakeLock(Acquire,GPSD)
12-20 05:47:33.533  3065  3065 D gpsd    : WakeLock(Release,GPSD)
12-20 05:47:33.533  3065  3065 D gpsd    : WakeLock(Acquire,GPSD)
12-20 05:47:33.533  3065  3065 D gpsd    : WakeLock(Release,GPSD)
12-20 05:47:33.533  3065  3065 D gpsd    : WakeLock(Acquire,GPSD)
12-20 05:47:33.533  3065  3065 D gpsd    : WakeLock(Release,GPSD)
12-20 05:47:33.533  3065  3065 D gpsd    : WakeLock(Acquire,GPSD)
12-20 05:47:33.533  3065  3065 D gpsd    : WakeLock(Release,GPSD)
12-20 05:47:33.533  3065  3065 D gpsd    : WakeLock(Acquire,GPSD)
12-20 05:47:33.533  3065  3065 D gpsd    : WakeLock(Release,GPSD)
12-20 05:47:33.533  3065  3065 D gpsd    : WakeLock(Acquire,GPSD)
12-20 05:47:33.533  3065  3065 D gpsd    : WakeLock(Release,GPSD)
12-20 05:47:33.533  3065  3065 D gpsd    : WakeLock(Acquire,GPSD)
12-20 05:47:33.533  3065  3065 D gpsd    : WakeLock(Release,GPSD)
12-20 05:47:33.533  3065  3065 D gpsd    : WakeLock(Acquire,GPSD)
12-20 05:47:33.533  3065  3065 D gpsd    : WakeLock(Release,GPSD)
12-20 05:47:33.533  3065  3065 D gpsd    : WakeLock(Acquire,GPSD)
12-20 05:47:33.533  3065  3065 D gpsd    : WakeLock(Release,GPSD)
12-20 05:47:33.533  3065  3065 D gpsd    : WakeLock(Acquire,GPSD)
12-20 05:47:33.533  3065  3065 D gpsd    : WakeLock(Release,GPSD)
12-20 05:47:33.533  3065  3065 D gpsd    : WakeLock(Acquire,GPSD)
12-20 05:47:33.533  3065  3065 D gpsd    : WakeLock(Release,GPSD)
12-20 05:47:33.533  3065  3065 D gpsd    : WakeLock(Acquire,GPSD)
12-20 05:47:33.533  3065  3065 D gpsd    : WakeLock(Release,GPSD)
12-20 05:47:33.533  3065  3065 D gpsd    : WakeLock(Acquire,GPSD)
12-20 05:47:33.533  3065  3065 D gpsd    : WakeLock(Release,GPSD)
12-20 05:47:33.533  3065  3065 D gpsd    : WakeLock(Acquire,GPSD)
12-20 05:47:33.533  3065  3065 D gpsd    : WakeLock(Release,GPSD)
12-20 05:47:33.533  3065  3065 D gpsd    : WakeLock(Acquire,GPSD)
12-20 05:47:33.533  3065  3065 D gpsd    : WakeLock(Release,GPSD)
12-20 05:47:33.533  3065  3065 D gpsd    : WakeLock(Acquire,GPSD)
12-20 05:47:33.533  3065  3065 D gpsd    : WakeLock(Release,GPSD)
12-20 05:47:33.533  3065  3065 D gpsd    : WakeLock(Acquire,GPSD)
12-20 05:47:33.533  3065  3065 D gpsd    : WakeLock(Release,GPSD)
12-20 05:47:33.533  3065  3065 D gpsd    : WakeLock(Acquire,GPSD)
12-20 05:47:33.533  3065  3065 D gpsd    : WakeLock(Release,GPSD)
12-20 05:47:33.533  3065  3065 D gpsd    : WakeLock(Acquire,GPSD)
12-20 05:47:33.533  3065  3065 D gpsd    : WakeLock(Release,GPSD)
12-20 05:47:33.533  3065  3065 D gpsd    : WakeLock(Acquire,GPSD)
12-20 05:47:33.533  3065  3065 D gpsd    : WakeLock(Release,GPSD)
12-20 05:47:33.533  3065  3065 D gpsd    : WakeLock(Acquire,GPSD)
12-20 05:47:33.533  3065  3065 D gpsd    : WakeLock(Release,GPSD)
12-20 05:47:33.533  3065  3065 D gpsd    : WakeLock(Acquire,GPSD)
12-20 05:47:33.533  3065  3065 D gpsd    : WakeLock(Release,GPSD)
12-20 05:47:33.533  3065  3065 D gpsd    : WakeLock(Acquire,GPSD)
12-20 05:47:33.533  3065  3065 D gpsd    : WakeLock(Release,GPSD)
12-20 05:47:33.533  3065  3065 D gpsd    : WakeLock(Acquire,GPSD)
12-20 05:47:33.533  3065  3065 D gpsd    : WakeLock(Release,GPSD)
12-20 05:47:33.533  3065  3065 D gpsd    : WakeLock(Acquire,GPSD)
12-20 05:47:33.533  3065  3065 D gpsd    : WakeLock(Release,GPSD)
12-20 05:47:33.533  3065  3065 D gpsd    : WakeLock(Acquire,GPSD)
12-20 05:47:33.533  3065  3065 D gpsd    : WakeLock(Release,GPSD)
12-20 05:47:33.533  3065  3065 D gpsd    : WakeLock(Acquire,GPSD)
12-20 05:47:33.533  3065  3065 D gpsd    : WakeLock(Release,GPSD)
12-20 05:47:33.533  3065  3065 D gpsd    : WakeLock(Acquire,GPSD)
12-20 05:47:33.533  3065  3065 D gpsd    : WakeLock(Release,GPSD)
12-20 05:47:33.533  3065  3065 D gpsd    : WakeLock(Acquire,GPSD)
12-20 05:47:33.533  3065  3065 D gpsd    : WakeLock(Release,GPSD)
12-20 05:47:33.533  3065  3065 D gpsd    : WakeLock(Acquire,GPSD)
12-20 05:47:33.533  3065  3065 D gpsd    : WakeLock(Release,GPSD)
12-20 05:47:33.533  3065  3065 D gpsd    : WakeLock(Acquire,GPSD)
12-20 05:47:33.533  3065  3065 D gpsd    : WakeLock(Release,GPSD)
12-20 05:47:33.533  3065  3065 D gpsd    : WakeLock(Acquire,GPSD)
12-20 05:47:33.533  3065  3065 D gpsd    : WakeLock(Release,GPSD)
12-20 05:47:33.533  3065  3065 D gpsd    : WakeLock(Acquire,GPSD)
12-20 05:47:33.533  3065  3065 D gpsd    : WakeLock(Release,GPSD)
12-20 05:47:33.533  3065  3065 D gpsd    : WakeLock(Acquire,GPSD)
12-20 05:47:33.533  3065  3065 D gpsd    : WakeLock(Release,GPSD)
12-20 05:47:33.533  3065  3065 D gpsd    : WakeLock(Acquire,GPSD)
12-20 05:47:33.533  3065  3065 D gpsd    : WakeLock(Release,GPSD)
12-20 05:47:33.533  3065  3065 D gpsd    : WakeLock(Acquire,GPSD)
12-20 05:47:33.533  3065  3065 D gpsd    : WakeLock(Release,GPSD)
12-20 05:47:33.533  3065  3065 D gpsd    : WakeLock(Acquire,GPSD)
12-20 05:47:33.533  3065  3065 D gpsd    : WakeLock(Release,GPSD)
12-20 05:47:33.533  3065  3065 D gpsd    : WakeLock(Acquire,GPSD)
12-20 05:47:33.533  3065  3065 D gpsd    : WakeLock(Release,GPSD)
12-20 05:47:33.533  3065  3065 D gpsd    : WakeLock(Acquire,GPSD)
12-20 05:47:33.533  3065  3065 D gpsd    : WakeLock(Release,GPSD)
12-20 05:47:33.533  3065  3065 D gpsd    : WakeLock(Acquire,GPSD)
12-20 05:47:33.533  3065  3065 D gpsd    : WakeLock(Release,GPSD)
12-20 05:47:33.533  3065  3065 D gpsd    : WakeLock(Acquire,GPSD)
12-20 05:47:33.533  3065  3065 D gpsd    : WakeLock(Release,GPSD)
12-20 05:47:33.533  3065  3065 D gpsd    : WakeLock(Acquire,GPSD)
12-20 05:47:33.533  3065  3065 D gpsd    : WakeLock(Release,GPSD)
12-20 05:47:33.533  3065  3065 D gpsd    : WakeLock(Acquire,GPSD)
12-20 05:47:33.533  3065  3065 D gpsd    : WakeLock(Release,GPSD)
12-20 05:47:33.533  3065  3065 D gpsd    : WakeLock(Acquire,GPSD)
12-20 05:47:33.533  3065  3065 D gpsd    : WakeLock(Release,GPSD)
12-20 05:47:33.533  3065  3065 D gpsd    : WakeLock(Acquire,GPSD)
12-20 05:47:33.533  3065  3065 D gpsd    : WakeLock(Release,GPSD)
12-20 05:47:33.533  3065  3065 D gpsd    : WakeLock(Acquire,GPSD)
12-20 05:47:33.533  3065  3065 D gpsd    : WakeLock(Release,GPSD)
12-20 05:47:33.533  3065  3065 D gpsd    : WakeLock(Acquire,GPSD)
12-20 05:47:33.533  3065  3065 D gpsd    : WakeLock(Release,GPSD)
12-20 05:47:33.533  3065  3065 D gpsd    : WakeLock(Acquire,GPSD)
12-20 05:47:33.533  3065  3065 D gpsd    : WakeLock(Release,GPSD)
12-20 05:47:33.533  3065  3065 D gpsd    : WakeLock(Acquire,GPSD)
12-20 05:47:33.533  3065  3065 D gpsd    : WakeLock(Release,GPSD)
12-20 05:47:33.533  3065  3065 D gpsd    : WakeLock(Acquire,GPSD)
12-20 05:47:33.533  3065  3065 D gpsd    : WakeLock(Release,GPSD)
12-20 05:47:33.533  3065  3065 D gpsd    : WakeLock(Acquire,GPSD)
12-20 05:47:33.533  3065  3065 D gpsd    : WakeLock(Release,GPSD)
12-20 05:47:33.534  3065  3065 D gpsd    : WakeLock(Acquire,GPSD)
12-20 05:47:33.534  3065  3065 D gpsd    : WakeLock(Release,GPSD)
12-20 05:47:33.534  3065  3065 D gpsd    : WakeLock(Acquire,GPSD)
12-20 05:47:33.534  3065  3065 D gpsd    : WakeLock(Release,GPSD)
12-20 05:47:33.534  3065  3065 D gpsd    : WakeLock(Acquire,GPSD)
12-20 05:47:33.534  3065  3065 D gpsd    : WakeLock(Release,GPSD)
12-20 05:47:33.534  3065  3065 D gpsd    : WakeLock(Acquire,GPSD)
12-20 05:47:33.534  3065  3065 D gpsd    : WakeLock(Release,GPSD)
12-20 05:47:33.534  3065  3065 D gpsd    : WakeLock(Acquire,GPSD)
12-20 05:47:33.534  3065  3065 D gpsd    : WakeLock(Release,GPSD)
12-20 05:47:33.534  3065  3065 D gpsd    : WakeLock(Acquire,GPSD)
12-20 05:47:33.534  3065  3065 D gpsd    : WakeLock(Release,GPSD)
12-20 05:47:33.534  3065  3065 D gpsd    : WakeLock(Acquire,GPSD)
12-20 05:47:33.534  3065  3065 D gpsd    : WakeLock(Release,GPSD)
12-20 05:47:33.534  3065  3065 D gpsd    : WakeLock(Acquire,GPSD)
12-20 05:47:33.534  3065  3065 D gpsd    : WakeLock(Release,GPSD)
12-20 05:47:33.534  3065  3065 D gpsd    : WakeLock(Acquire,GPSD)
12-20 05:47:33.534  3065  3065 D gpsd    : WakeLock(Release,GPSD)
12-20 05:47:33.534  3065  3065 D gpsd    : WakeLock(Acquire,GPSD)
12-20 05:47:33.534  3065  3065 D gpsd    : WakeLock(Release,GPSD)
12-20 05:47:33.534  3065  3065 D gpsd    : WakeLock(Acquire,GPSD)
12-20 05:47:33.534  3065  3065 D gpsd    : WakeLock(Release,GPSD)
12-20 05:47:33.534  3065  3065 D gpsd    : WakeLock(Acquire,GPSD)
12-20 05:47:33.534  3065  3065 D gpsd    : WakeLock(Release,GPSD)
12-20 05:47:33.534  3065  3065 D gpsd    : WakeLock(Acquire,GPSD)
12-20 05:47:33.534  3065  3065 D gpsd    : WakeLock(Release,GPSD)
12-20 05:47:33.534  3065  3065 D gpsd    : WakeLock(Acquire,GPSD)
12-20 05:47:33.534  3065  3065 D gpsd    : WakeLock(Release,GPSD)
12-20 05:47:33.534  3065  3065 D gpsd    : WakeLock(Acquire,GPSD)
12-20 05:47:33.534  3065  3065 D gpsd    : WakeLock(Release,GPSD)
12-20 05:47:33.534  3065  3065 D gpsd    : WakeLock(Acquire,GPSD)
12-20 05:47:33.534  3065  3065 D gpsd    : WakeLock(Release,GPSD)
12-20 05:47:33.534  3065  3065 D gpsd    : WakeLock(Acquire,GPSD)
12-20 05:47:33.534  3065  3065 D gpsd    : WakeLock(Release,GPSD)
12-20 05:47:33.534  3065  3065 D gpsd    : WakeLock(Acquire,GPSD)
12-20 05:47:33.534  3065  3065 D gpsd    : WakeLock(Release,GPSD)
12-20 05:47:33.534  3065  3065 D gpsd    : WakeLock(Acquire,GPSD)
12-20 05:47:33.534  3065  3065 D gpsd    : WakeLock(Release,GPSD)
12-20 05:47:33.534  3065  3065 D gpsd    : WakeLock(Acquire,GPSD)
12-20 05:47:33.534  3065  3065 D gpsd    : WakeLock(Release,GPSD)
12-20 05:47:33.534  3065  3065 D gpsd    : WakeLock(Acquire,GPSD)
12-20 05:47:33.534  3065  3065 D gpsd    : WakeLock(Release,GPSD)
12-20 05:47:33.534  3065  3065 D gpsd    : WakeLock(Acquire,GPSD)
12-20 05:47:33.534  3065  3065 D gpsd    : WakeLock(Release,GPSD)
12-20 05:47:33.534  3065  3065 D gpsd    : WakeLock(Acquire,GPSD)
12-20 05:47:33.534  3065  3065 D gpsd    : WakeLock(Release,GPSD)
12-20 05:47:33.534  3065  3065 D gpsd    : WakeLock(Acquire,GPSD)
12-20 05:47:33.534  3065  3065 D gpsd    : WakeLock(Release,GPSD)
12-20 05:47:33.534  3065  3065 D gpsd    : WakeLock(Acquire,GPSD)
12-20 05:47:33.534  3065  3065 D gpsd    : WakeLock(Release,GPSD)
12-20 05:47:33.534  3065  3065 D gpsd    : WakeLock(Acquire,GPSD)
12-20 05:47:33.534  3065  3065 D gpsd    : WakeLock(Release,GPSD)
12-20 05:47:33.534  3065  3065 D gpsd    : WakeLock(Acquire,GPSD)
12-20 05:47:33.534  3065  3065 D gpsd    : WakeLock(Release,GPSD)
12-20 05:47:33.534  3065  3065 D gpsd    : WakeLock(Acquire,GPSD)
12-20 05:47:33.534  3065  3065 D gpsd    : WakeLock(Release,GPSD)
12-20 05:47:33.534  3065  3065 D gpsd    : WakeLock(Acquire,GPSD)
12-20 05:47:33.534  3065  3065 D gpsd    : WakeLock(Release,GPSD)
12-20 05:47:33.534  3065  3065 D gpsd    : WakeLock(Acquire,GPSD)
12-20 05:47:33.534  3065  3065 D gpsd    : WakeLock(Release,GPSD)
12-20 05:47:33.534  3065  3065 D gpsd    : WakeLock(Acquire,GPSD)
12-20 05:47:33.534  3065  3065 D gpsd    : WakeLock(Release,GPSD)
12-20 05:47:33.534  3065  3065 D gpsd    : WakeLock(Acquire,GPSD)
12-20 05:47:33.534  3065  3065 D gpsd    : WakeLock(Release,GPSD)
12-20 05:47:33.534  3065  3065 D gpsd    : WakeLock(Acquire,GPSD)
12-20 05:47:33.534  3065  3065 D gpsd    : WakeLock(Release,GPSD)
12-20 05:47:33.534  3065  3065 D gpsd    : WakeLock(Acquire,GPSD)
12-20 05:47:33.534  3065  3065 D gpsd    : WakeLock(Release,GPSD)
12-20 05:47:33.534  3065  3065 D gpsd    : WakeLock(Acquire,GPSD)
12-20 05:47:33.534  3065  3065 D gpsd    : WakeLock(Release,GPSD)
12-20 05:47:33.534  3065  3065 D gpsd    : WakeLock(Acquire,GPSD)
12-20 05:47:33.534  3065  3065 D gpsd    : WakeLock(Release,GPSD)
12-20 05:47:33.534  3065  3065 D gpsd    : WakeLock(Acquire,GPSD)
12-20 05:47:33.534  3065  3065 D gpsd    : WakeLock(Release,GPSD)
12-20 05:47:33.534  3065  3065 D gpsd    : WakeLock(Acquire,GPSD)
12-20 05:47:33.534  3065  3065 D gpsd    : WakeLock(Release,GPSD)
12-20 05:47:33.534  3065  3065 D gpsd    : WakeLock(Acquire,GPSD)
12-20 05:47:33.534  3065  3065 D gpsd    : WakeLock(Release,GPSD)
12-20 05:47:33.534  3065  3065 D gpsd    : WakeLock(Acquire,GPSD)
12-20 05:47:33.534  3065  3065 D gpsd    : WakeLock(Release,GPSD)
12-20 05:47:33.534  3065  3065 D gpsd    : WakeLock(Acquire,GPSD)
12-20 05:47:33.534  3065  3065 D gpsd    : WakeLock(Release,GPSD)
12-20 05:47:33.534  3065  3065 D gpsd    : WakeLock(Acquire,GPSD)
12-20 05:47:33.534  3065  3065 D gpsd    : WakeLock(Release,GPSD)
12-20 05:47:33.534  3065  3065 D gpsd    : WakeLock(Acquire,GPSD)
12-20 05:47:33.534  3065  3065 D gpsd    : WakeLock(Release,GPSD)
12-20 05:47:33.534  3065  3065 D gpsd    : WakeLock(Acquire,GPSD)
12-20 05:47:33.534  3065  3065 D gpsd    : WakeLock(Release,GPSD)
12-20 05:47:33.534  3065  3065 D gpsd    : WakeLock(Acquire,GPSD)
12-20 05:47:33.534  3065  3065 D gpsd    : WakeLock(Release,GPSD)
12-20 05:47:33.534  3065  3065 D gpsd    : WakeLock(Acquire,GPSD)
12-20 05:47:33.534  3065  3065 D gpsd    : WakeLock(Release,GPSD)
12-20 05:47:33.534  3065  3065 D gpsd    : WakeLock(Acquire,GPSD)
12-20 05:47:33.534  3065  3065 D gpsd    : WakeLock(Release,GPSD)
12-20 05:47:33.534  3065  3065 D gpsd    : WakeLock(Acquire,GPSD)
12-20 05:47:33.534  3065  3065 D gpsd    : WakeLock(Release,GPSD)
12-20 05:47:33.534  3065  3065 D gpsd    : WakeLock(Acquire,GPSD)
12-20 05:47:33.534  3065  3065 D gpsd    : WakeLock(Release,GPSD)
12-20 05:47:33.534  3065  3065 D gpsd    : WakeLock(Acquire,GPSD)
12-20 05:47:33.534  3065  3065 D gpsd    : WakeLock(Release,GPSD)
12-20 05:47:33.534  3065  3065 D gpsd    : WakeLock(Acquire,GPSD)
12-20 05:47:33.534  3065  3065 D gpsd    : WakeLock(Release,GPSD)
12-20 05:47:33.534  3065  3065 D gpsd    : WakeLock(Acquire,GPSD)
12-20 05:47:33.534  3065  3065 D gpsd    : WakeLock(Release,GPSD)
12-20 05:47:33.534  3065  3065 D gpsd    : WakeLock(Acquire,GPSD)
12-20 05:47:33.534  3065  3065 D gpsd    : WakeLock(Release,GPSD)
12-20 05:47:33.534  3065  3065 D gpsd    : WakeLock(Acquire,GPSD)
12-20 05:47:33.534  3065  3065 D gpsd    : WakeLock(Release,GPSD)
12-20 05:47:33.534  3065  3065 D gpsd    : WakeLock(Acquire,GPSD)
12-20 05:47:33.534  3065  3065 D gpsd    : WakeLock(Release,GPSD)
12-20 05:47:33.534  3065  3065 D gpsd    : WakeLock(Acquire,GPSD)
12-20 05:47:33.534  3065  3065 D gpsd    : WakeLock(Release,GPSD)
12-20 05:47:33.534  3065  3065 D gpsd    : WakeLock(Acquire,GPSD)
12-20 05:47:33.534  3065  3065 D gpsd    : WakeLock(Release,GPSD)
12-20 05:47:33.534  3065  3065 D gpsd    : WakeLock(Acquire,GPSD)
12-20 05:47:33.534  3065  3065 D gpsd    : WakeLock(Release,GPSD)
12-20 05:47:33.534  3065  3065 D gpsd    : WakeLock(Acquire,GPSD)
12-20 05:47:33.534  3065  3065 D gpsd    : WakeLock(Release,GPSD)
12-20 05:47:33.534  3065  3065 D gpsd    : WakeLock(Acquire,GPSD)
12-20 05:47:33.534  3065  3065 D gpsd    : WakeLock(Release,GPSD)
12-20 05:47:33.534  3065  3065 D gpsd    : WakeLock(Acquire,GPSD)
12-20 05:47:33.535  3065  3065 D gpsd    : WakeLock(Release,GPSD)
12-20 05:47:33.535  3065  3065 D gpsd    : WakeLock(Acquire,GPSD)
12-20 05:47:33.535  3065  3065 D gpsd    : WakeLock(Release,GPSD)
12-20 05:47:33.535  3065  3065 D gpsd    : WakeLock(Acquire,GPSD)
12-20 05:47:33.535  3065  3065 D gpsd    : WakeLock(Release,GPSD)
12-20 05:47:33.535  3065  3065 D gpsd    : WakeLock(Acquire,GPSD)
12-20 05:47:33.535  3065  3065 D gpsd    : WakeLock(Release,GPSD)
12-20 05:47:33.535  3065  3065 D gpsd    : WakeLock(Acquire,GPSD)
12-20 05:47:33.535  3065  3065 D gpsd    : WakeLock(Release,GPSD)
12-20 05:47:33.535  3065  3065 D gpsd    : WakeLock(Acquire,GPSD)
12-20 05:47:33.535  3065  3065 D gpsd    : WakeLock(Release,GPSD)
12-20 05:47:33.535  3065  3065 D gpsd    : WakeLock(Acquire,GPSD)
12-20 05:47:33.535  3065  3065 D gpsd    : WakeLock(Release,GPSD)
12-20 05:47:33.535  3065  3065 D gpsd    : WakeLock(Acquire,GPSD)
12-20 05:47:33.535  3065  3065 D gpsd    : WakeLock(Release,GPSD)
12-20 05:47:33.535  3065  3065 D gpsd    : WakeLock(Acquire,GPSD)
12-20 05:47:33.535  3065  3065 D gpsd    : WakeLock(Release,GPSD)
12-20 05:47:33.535  3065  3065 D gpsd    : WakeLock(Acquire,GPSD)
12-20 05:47:33.535  3065  3065 D gpsd    : WakeLock(Release,GPSD)
12-20 05:47:33.535  3065  3065 D gpsd    : WakeLock(Acquire,GPSD)
12-20 05:47:33.535  3065  3065 D gpsd    : WakeLock(Release,GPSD)
12-20 05:47:33.535  3065  3065 D gpsd    : WakeLock(Acquire,GPSD)
12-20 05:47:33.535  3065  3065 D gpsd    : WakeLock(Release,GPSD)
12-20 05:47:33.535  3065  3065 D gpsd    : WakeLock(Acquire,GPSD)
12-20 05:47:33.535  3065  3065 D gpsd    : WakeLock(Release,GPSD)
12-20 05:47:33.535  3065  3065 D gpsd    : WakeLock(Acquire,GPSD)
12-20 05:47:33.535  3065  3065 D gpsd    : WakeLock(Release,GPSD)
12-20 05:47:33.535  3065  3065 D gpsd    : WakeLock(Acquire,GPSD)
12-20 05:47:33.535  3065  3065 D gpsd    : WakeLock(Release,GPSD)
12-20 05:47:33.535  3065  3065 D gpsd    : WakeLock(Acquire,GPSD)
12-20 05:47:33.535  3065  3065 D gpsd    : WakeLock(Release,GPSD)
12-20 05:47:33.535  3065  3065 D gpsd    : WakeLock(Acquire,GPSD)
12-20 05:47:33.535  3065  3065 D gpsd    : WakeLock(Release,GPSD)
12-20 05:47:33.535  3065  3065 D gpsd    : WakeLock(Acquire,GPSD)
12-20 05:47:33.535  3065  3065 D gpsd    : WakeLock(Release,GPSD)
12-20 05:47:33.535  3065  3065 D gpsd    : WakeLock(Acquire,GPSD)
12-20 05:47:33.535  3065  3065 D gpsd    : WakeLock(Release,GPSD)
12-20 05:47:33.535  3065  3065 D gpsd    : WakeLock(Acquire,GPSD)
12-20 05:47:33.535  3065  3065 D gpsd    : WakeLock(Release,GPSD)
12-20 05:47:33.535  3065  3065 D gpsd    : WakeLock(Acquire,GPSD)
12-20 05:47:33.535  3065  3065 D gpsd    : WakeLock(Release,GPSD)
12-20 05:47:33.535  3065  3065 D gpsd    : WakeLock(Acquire,GPSD)
12-20 05:47:33.535  3065  3065 D gpsd    : WakeLock(Release,GPSD)
12-20 05:47:33.535  3065  3065 D gpsd    : WakeLock(Acquire,GPSD)
12-20 05:47:33.535  3065  3065 D gpsd    : WakeLock(Release,GPSD)
12-20 05:47:33.535  3065  3065 D gpsd    : WakeLock(Acquire,GPSD)
12-20 05:47:33.535  3065  3065 D gpsd    : WakeLock(Release,GPSD)
12-20 05:47:33.535  3065  3065 D gpsd    : WakeLock(Acquire,GPSD)
12-20 05:47:33.535  3065  3065 D gpsd    : WakeLock(Release,GPSD)
