12-20 02:30:55.596  3058  3473 I ip6tables: ip6tables: No chain/target/match by that name.
12-20 02:30:55.596  3058  3473 I ip6tables: ip6tables terminated by exit(1)
12-20 02:30:55.596  3058  3473 E Netd    : exec() res=0, status=256 for /system/bin/ip6tables -w -X st_penalty_reject 
12-20 02:30:55.596  3063  3532 W OMXNodeInstance: [11:google.hevc.decoder] component does not support metadata mode; using fallback
12-20 02:30:55.603  3063  3532 W OMXNodeInstance: [12:google.vp8.decoder] component does not support metadata mode; using fallback
12-20 02:30:55.607  3058  3473 I iptables: iptables: No chain/target/match by that name.
12-20 02:30:55.608  3058  3473 I iptables: iptables terminated by exit(1)
12-20 02:30:55.608  3058  3473 E Netd    : exec() res=0, status=256 for /system/bin/iptables -w -X st_clear_caught 
12-20 02:30:55.612  3063  3532 W OMXNodeInstance: [13:google.vp9.decoder] component does not support metadata mode; using fallback
12-20 02:30:55.617  3058  3473 I ip6tables: ip6tables: No chain/target/match by that name.
12-20 02:30:55.618  3058  3473 I ip6tables: ip6tables terminated by exit(1)
12-20 02:30:55.618  3058  3473 E Netd    : exec() res=0, status=256 for /system/bin/ip6tables -w -X st_clear_caught 
12-20 02:30:55.625  3058  3473 I iptables: iptables: No chain/target/match by that name.
12-20 02:30:55.625  3063  3532 I SoftMPEG4Encoder: Construct SoftMPEG4Encoder
12-20 02:30:55.626  3063  3532 W ACodec  : do not know color format 0x7f000789 = 2130708361
12-20 02:30:55.626  3058  3473 I iptables: iptables terminated by exit(1)
12-20 02:30:55.627  3058  3473 E Netd    : exec() res=0, status=256 for /system/bin/iptables -w -X st_clear_detect 
12-20 02:30:55.629  3063  3532 W ACodec  : do not know color format 0x7f000789 = 2130708361
12-20 02:30:55.633  3058  3473 I ip6tables: ip6tables: No chain/target/match by that name.
12-20 02:30:55.633  3058  3473 I ip6tables: ip6tables terminated by exit(1)
12-20 02:30:55.633  3063  3532 I SoftMPEG4Encoder: Construct SoftMPEG4Encoder
12-20 02:30:55.633  3058  3473 E Netd    : exec() res=0, status=256 for /system/bin/ip6tables -w -X st_clear_detect 
12-20 02:30:55.633  3063  3532 W ACodec  : do not know color format 0x7f000789 = 2130708361
12-20 02:30:55.659  3063  3532 W ACodec  : do not know color format 0x7f000789 = 2130708361
12-20 02:30:55.691  3583  3583 D skia    : --- SkImageDecoder::Factory returned null
12-20 02:30:55.711  3583  3583 I vol.Events: writeEvent collection_started
12-20 02:30:55.716  3583  3818 I vol.Events: writeEvent external_ringer_mode_changed normal
12-20 02:30:55.716  3583  3818 I vol.Events: writeEvent internal_ringer_mode_changed normal
12-20 02:30:55.735  3063  3532 W MediaCodecList: Component OMX.Exynos.MP3.Decoder does not support any type of media?
12-20 02:30:55.735  3063  3532 W MediaCodecList: Component OMX.Exynos.VC1.Decoder does not support any type of media?
12-20 02:30:55.735  3063  3532 W MediaCodecList: unable to open media codecs configuration xml file: /etc/media_codecs_performance.xml
12-20 02:30:55.735  3063  3532 W MediaCodecList: unable to open media codecs configuration xml file: /data/misc/media/media_codecs_profiling_results.xml
12-20 02:30:55.736  3583  3717 I OMXClient: Using client-side OMX mux.
12-20 02:30:55.764  3583  3818 I vol.Events: writeEvent level_changed STREAM_ALARM 6
12-20 02:30:55.771  3583  3818 I vol.Events: writeEvent level_changed STREAM_BLUETOOTH_SCO 7
12-20 02:30:55.780  3583  3818 I vol.Events: writeEvent level_changed STREAM_MUSIC 11
12-20 02:30:55.781  3583  3583 D StorageNotification: Notifying about private volume: VolumeInfo{private}:
12-20 02:30:55.781  3583  3583 D StorageNotification:     type=PRIVATE diskId=null partGuid=null mountFlags=0 mountUserId=-1 
12-20 02:30:55.781  3583  3583 D StorageNotification:     state=MOUNTED 
12-20 02:30:55.781  3583  3583 D StorageNotification:     fsType=null fsUuid=null fsLabel=null 
12-20 02:30:55.781  3583  3583 D StorageNotification:     path=/data internalPath=null 
12-20 02:30:55.782  3583  3583 D StorageNotification: Notifying about public volume: VolumeInfo{public:179_1}:
12-20 02:30:55.782  3583  3583 D StorageNotification:     type=PUBLIC diskId=disk:179_0 partGuid=null mountFlags=0 mountUserId=0 
12-20 02:30:55.782  3583  3583 D StorageNotification:     state=MOUNTED 
12-20 02:30:55.782  3583  3583 D StorageNotification:     fsType=vfat fsUuid=067B-1A2C fsLabel=HDDREG 
12-20 02:30:55.782  3583  3583 D StorageNotification:     path=/mnt/media_rw/067B-1A2C internalPath=/mnt/media_rw/067B-1A2C 
12-20 02:30:55.787  3583  3818 I vol.Events: writeEvent level_changed STREAM_RING 5
12-20 02:30:55.788  3583  3818 I vol.Events: writeEvent level_changed STREAM_SYSTEM 5
12-20 02:30:55.790  3695  3832 D ThemesProvider: Deleted 0
12-20 02:30:55.799  3583  3818 I vol.Events: writeEvent level_changed STREAM_VOICE_CALL 4
12-20 02:30:55.831  3583  3847 I OMXClient: Using client-side OMX mux.
12-20 02:30:55.889  3383  3403 I StatusBarManagerService: registerStatusBar bar=com.android.internal.statusbar.IStatusBar$Stub$Proxy@98642b0
12-20 02:30:55.917  3583  3860 I OMXClient: Using client-side OMX mux.
12-20 02:30:55.968  3058  3473 D CommandListener: Setting iface cfg
12-20 02:30:55.968  3058  3473 D CommandListener: Trying to bring down wlan0
12-20 02:30:55.968  3383  3383 E NetdConnector: NDC Command {5 strict enable} took too long (511ms)
12-20 02:30:55.968  3383  3512 E NetdConnector: NDC Command {6 interface setcfg wlan0 0.0.0.0 0 multicast broadcast down} took too long (511ms)
12-20 02:30:55.969  3058  3473 D CommandListener: Clearing all IP addresses on wlan0
12-20 02:30:55.985  3383  3383 W System  : ClassLoader referenced unknown path: /system/framework/ConnectivityExt.jar
12-20 02:30:55.985  3383  3383 W ConnectivityExtension: Connectivity extension is not available
12-20 02:30:55.996  3383  3513 D WifiService: New client listening to asynchronous messages
12-20 02:30:56.019  3383  3423 W WindowManager: Keyguard drawn timeout. Setting mKeyguardDrawComplete
12-20 02:30:56.090  3383  3383 D PermissionMonitor: Monitoring
12-20 02:30:56.094  3383  3383 D PermissionMonitor: Users: 1, Apps: 74
12-20 02:30:56.096  3383  3383 I SystemServiceManager: Starting phase 600
12-20 02:30:56.096  3063  3527 E bt_a2dp_hw: adev_set_parameters: ERROR: set param called even when stream out is null
12-20 02:30:56.097  3383  3436 D BluetoothManagerService: Message: 20
12-20 02:30:56.097  3383  3436 D BluetoothManagerService: Added callback: android.bluetooth.BluetoothAdapter$1@134b35d:true
12-20 02:30:56.101  3383  3436 D BluetoothManagerService: Message: 30
12-20 02:30:56.102  3383  3383 I BackupManagerService: Backup enabled => false
12-20 02:30:56.102  3383  3436 D BluetoothManagerService: Message: 30
12-20 02:30:56.103  3383  3383 D BrokerableCMSystemService: Third party apps ready
12-20 02:30:56.103  3383  3383 I BrokerableCMSystemService: Connecting to implementation
12-20 02:30:56.103  3383  3383 W ContextImpl: Calling a method in the system process without a qualified user: android.app.ContextImpl.bindService:1295 org.cyanogenmod.platform.internal.BrokerableCMSystemService.tryConnecting:199 org.cyanogenmod.platform.internal.BrokerableCMSystemService.onBootPhase:127 org.cyanogenmod.platform.internal.ThemeManagerServiceBroker.onBootPhase:272 com.android.server.SystemServiceManager.startBootPhase:135 
12-20 02:30:56.103  3383  3383 D BrokerableCMSystemService: Third party apps ready
12-20 02:30:56.103  3383  3383 I BrokerableCMSystemService: Connecting to implementation
12-20 02:30:56.103  3383  3383 W ContextImpl: Calling a method in the system process without a qualified user: android.app.ContextImpl.bindService:1295 org.cyanogenmod.platform.internal.BrokerableCMSystemService.tryConnecting:199 org.cyanogenmod.platform.internal.BrokerableCMSystemService.onBootPhase:127 com.android.server.SystemServiceManager.startBootPhase:135 com.android.server.SystemServer$2.run:1231 
12-20 02:30:56.104  3063  3532 I AudioFlinger: systemReady
12-20 02:30:56.104  3383  3383 D BrokerableCMSystemService: Third party apps ready
12-20 02:30:56.104  3383  3383 I BrokerableCMSystemService: Connecting to implementation
12-20 02:30:56.105  3383  3383 W ContextImpl: Calling a method in the system process without a qualified user: android.app.ContextImpl.bindService:1295 org.cyanogenmod.platform.internal.BrokerableCMSystemService.tryConnecting:199 org.cyanogenmod.platform.internal.BrokerableCMSystemService.onBootPhase:127 org.cyanogenmod.platform.internal.LiveLockScreenServiceBroker.onBootPhase:273 com.android.server.SystemServiceManager.startBootPhase:135 
12-20 02:30:56.115  3383  3880 E WVMExtractor: Failed to open libwvm.so: dlopen failed: library "libwvm.so" not found
12-20 02:30:56.127  3383  3883 I OMXClient: Using client-side OMX mux.
12-20 02:30:56.128  3383  3383 I ActivityManager: Start proc 3882:org.cyanogenmod.livelockscreen.service/u0a11 for service org.cyanogenmod.livelockscreen.service/.LiveLockScreenManagerService
12-20 02:30:56.128  3383  3383 D BrokerableCMSystemService: Third party apps ready
12-20 02:30:56.128  3383  3383 I BrokerableCMSystemService: Connecting to implementation
12-20 02:30:56.128  3383  3383 W ContextImpl: Calling a method in the system process without a qualified user: android.app.ContextImpl.bindService:1295 org.cyanogenmod.platform.internal.BrokerableCMSystemService.tryConnecting:199 org.cyanogenmod.platform.internal.BrokerableCMSystemService.onBootPhase:127 com.android.server.SystemServiceManager.startBootPhase:135 com.android.server.SystemServer$2.run:1231 
12-20 02:30:56.139  3383  3383 I ActivityManager: Start proc 3897:org.cyanogenmod.weatherservice/u0a27 for service org.cyanogenmod.weatherservice/.WeatherManagerService
12-20 02:30:56.139  3383  3383 D BrokerableCMSystemService: Third party apps ready
12-20 02:30:56.139  3383  3383 I BrokerableCMSystemService: Connecting to implementation
12-20 02:30:56.140  3383  3383 W ContextImpl: Calling a method in the system process without a qualified user: android.app.ContextImpl.bindService:1295 org.cyanogenmod.platform.internal.BrokerableCMSystemService.tryConnecting:199 org.cyanogenmod.platform.internal.BrokerableCMSystemService.onBootPhase:127 org.cyanogenmod.platform.internal.CMAudioServiceBroker.onBootPhase:58 com.android.server.SystemServiceManager.startBootPhase:135 
12-20 02:30:56.158  3383  3383 I ActivityManager: Start proc 3909:org.cyanogenmod.cmaudio.service/u0a1 for service org.cyanogenmod.cmaudio.service/.CMAudioService
12-20 02:30:56.170  3383  3383 E InputMethodManagerService: Ignoring updateSystemUiLocked due to an invalid token. uid:1000 token:null
12-20 02:30:56.185  3383  3383 I ActivityManager: Start proc 3923:com.android.inputmethod.latin/u0a67 for service com.android.inputmethod.latin/.LatinIME
12-20 02:30:56.185  3383  3383 V InputMethodManagerService: Adding window token: android.os.Binder@548cd06
12-20 02:30:56.188  3383  3383 W ServiceWatcher: com.google.android.gms not found
12-20 02:30:56.188  3383  3383 W ServiceWatcher: com.google.android.gms not found
12-20 02:30:56.189  3383  3383 W LocationManagerService: no network location provider found
12-20 02:30:56.189  3383  3383 W ServiceWatcher: com.google.android.gms not found
12-20 02:30:56.201  3383  3383 W ServiceWatcher: com.google.android.gms not found
12-20 02:30:56.201  3383  3383 E LocationManagerService: no geocoder provider found
12-20 02:30:56.202  3383  3383 E FlpHardwareProvider: Error hw_get_module 'flp': -2
12-20 02:30:56.202  3383  3383 E LocationManagerService: FLP HAL not supported
12-20 02:30:56.202  3383  3383 W ServiceWatcher: com.google.android.gms not found
12-20 02:30:56.206  3383  3383 E LocationManagerService: Unable to bind FLP Geofence proxy.
12-20 02:30:56.206  3383  3383 E ActivityRecognitionHardware: Error hw_get_module: -2
12-20 02:30:56.206  3383  3383 E LocationManagerService: Hardware Activity-Recognition not supported.
12-20 02:30:56.207  3383  3383 W ServiceWatcher: com.google.android.gms not found
12-20 02:30:56.207  3383  3383 E ActivityRecognitionProxy: ServiceWatcher could not start.
12-20 02:30:56.207  3383  3383 E LocationManagerService: Unable to bind ActivityRecognitionProxy.
12-20 02:30:56.240  3383  3422 I ActivityManager: Start proc 3938:com.android.settings/1000 for broadcast com.android.settings/.widget.SettingsAppWidgetProvider
12-20 02:30:56.259  3383  3383 I CommonTimeManagementService: No common time service detected on this platform.  Common time services will be unavailable.
12-20 02:30:56.260  3383  3383 I MmsServiceBroker: Delay connecting to MmsService until an API is called
12-20 02:30:56.262  3383  3501 I InputReader: Reconfiguring input devices.  changes=0x00000020
12-20 02:30:56.275  3383  3501 I InputReader: Reconfiguring input devices.  changes=0x00000010
12-20 02:30:56.287  3383  3383 D MountService: onStartUser 0
12-20 02:30:56.287  3383  3383 D VoldConnector: SND -> {7 volume user_started 0}
12-20 02:30:56.288  2942  2973 D vold    : Linking /storage/emulated/0 to /mnt/user/0/primary
12-20 02:30:56.288  3383  3503 D VoldConnector: RCV <- {200 7 Command succeeded}
12-20 02:30:56.291  3383  3383 W VoiceInteractionManagerService: no available voice interaction services found for user 0
12-20 02:30:56.291  3383  3383 W VoiceInteractionManagerService: no available voice recognition services found for user 0
12-20 02:30:56.292  3383  3502 D MountService: Volume emulated broadcasting mounted to UserHandle{0}
12-20 02:30:56.301  3383  3945 I OMXClient: Using client-side OMX mux.
12-20 02:30:56.303  3383  3383 I ActivityManager: Start proc 3953:org.cyanogenmod.audiofx/u0a5 for added application org.cyanogenmod.audiofx
12-20 02:30:56.315  3383  3383 I ActivityManager: Start proc 3960:com.android.phone/1001 for added application com.android.phone
12-20 02:30:56.316  3383  3383 I ActivityManager: START u0 {act=android.intent.action.MAIN cat=[android.intent.category.HOME] flg=0x10000000 cmp=com.cyanogenmod.trebuchet/com.android.launcher3.Launcher} from uid 0 on display 0
12-20 02:30:56.336  3383  3383 I ActivityManager: Start proc 3968:com.cyanogenmod.trebuchet/u0a29 for activity com.cyanogenmod.trebuchet/com.android.launcher3.Launcher
12-20 02:30:56.357  3383  3383 I SystemServer: Enabled StrictMode for system server main thread.
12-20 02:30:56.360  3882  3882 W System  : ClassLoader referenced unknown path: /system/priv-app/LiveLockScreenService/lib/arm64
12-20 02:30:56.362  3383  3420 I ActivityManager: Start proc 3977:com.android.printspooler/u0a56 for service com.android.printspooler/.model.PrintSpoolerService
12-20 02:30:56.372  3383  3422 W BroadcastQueue: Permission Denial: receiving Intent { act=android.intent.action.USER_SWITCHED flg=0x50000010 (has extras) } to ProcessRecord{6de4495 3596:org.cyanogenmod.themeservice/u0a20} (pid=3596, uid=10020) requires android.permission.MANAGE_USERS due to sender null (uid 1000)
12-20 02:30:56.399  3897  3897 W System  : ClassLoader referenced unknown path: /system/priv-app/WeatherManagerService/lib/arm64
12-20 02:30:56.405  3383  3383 D RttService: SCAN_AVAILABLE : 1
12-20 02:30:56.417  3383  3556 D RttService: DefaultState got{ when=-13ms what=160513 target=com.android.internal.util.StateMachine$SmHandler }
12-20 02:30:56.424  3383  3383 I Choreographer: Skipped 86 frames!  The application may be doing too much work on its main thread.
12-20 02:30:56.455  3383  3383 W System  : ClassLoader referenced unknown path: /system/priv-app/Telecom/lib/arm64
12-20 02:30:56.472  3383  3436 D BluetoothManagerService: Message: 30
12-20 02:30:56.487  3383  3383 I Telecom : ViceNotificationImpl: ViceNotificationImpl
12-20 02:30:56.493  3383  3993 I OMXClient: Using client-side OMX mux.
12-20 02:30:56.510  3923  3923 I LatinIME: Hardware accelerated drawing: true
12-20 02:30:56.513  3383  4002 I ActivityManager: Start proc 4006:android.process.acore/u0a4 for content provider com.android.providers.contacts/.CallLogProvider
12-20 02:30:56.514  3383  3436 D BluetoothManagerService: Message: 30
12-20 02:30:56.518  3383  3383 I Telecom : Class: TelecomSystem.INSTANCE being set
12-20 02:30:56.518  3383  3383 W ContextImpl: Calling a method in the system process without a qualified user: android.app.ContextImpl.startService:1231 android.content.ContextWrapper.startService:587 com.android.server.telecom.components.TelecomService.initializeTelecomSystem:141 com.android.server.telecom.components.TelecomService.onBind:69 android.app.ActivityThread.handleBindService:2938 
12-20 02:30:56.522  3383  3383 I BrokerableCMSystemService: Implementation service connected
12-20 02:30:56.522  3383  3383 I BrokerableCMSystemService: Notifying service connected
12-20 02:30:56.526  3383  3383 I BrokerableCMSystemService: Connecting to implementation
12-20 02:30:56.526  3383  3383 W ContextImpl: Calling a method in the system process without a qualified user: android.app.ContextImpl.bindService:1295 org.cyanogenmod.platform.internal.BrokerableCMSystemService.tryConnecting:199 org.cyanogenmod.platform.internal.BrokerableCMSystemService$1.handleMessage:165 android.os.Handler.dispatchMessage:102 android.os.Looper.loop:148 
12-20 02:30:56.527  3383  3383 I BrokerableCMSystemService: Implementation service connected
12-20 02:30:56.527  3383  3383 I BrokerableCMSystemService: Notifying service connected
12-20 02:30:56.530  3938  3938 W System  : ClassLoader referenced unknown path: /system/priv-app/Settings/lib/arm64
12-20 02:30:56.533  3383  3383 W System  : ClassLoader referenced unknown path: /system/priv-app/FusedLocation/lib/arm64
12-20 02:30:56.549  3383  3383 V WiredAccessoryManager: init()
12-20 02:30:56.555  3383  3519 D NotificationSQLiteLog: Pruned event entries: 0
12-20 02:30:56.604  3953  3953 W System  : ClassLoader referenced unknown path: /system/priv-app/AudioFX/lib/arm64
12-20 02:30:56.622  3025  3036 D PermissionCache: checking android.permission.HARDWARE_TEST for uid=1000 => granted (3266 us)
12-20 02:30:56.639  3063  3984 V audio_hw_primary: adev_set_mic_mute: set mic mute: 0
12-20 02:30:56.651  3383  3512 D wifi    : set interface wlan0 flags (UP)
12-20 02:30:56.651  3383  3512 I WifiHAL : Initializing wifi
12-20 02:30:56.651  3383  3512 I WifiHAL : Creating socket
12-20 02:30:56.652  3383  3512 I WifiHAL : Initialized Wifi HAL Successfully; vendor cmd = 103
12-20 02:30:56.652  3383  3512 D wifi    : Did set static halHandle = 0x7f96878020
12-20 02:30:56.652  3383  3512 D wifi    : halHandle = 0x7f96878020, mVM = 0x7fad6cd140, mCls = 0x200a56
12-20 02:30:56.652  3383  3512 D wifi    : array field set
12-20 02:30:56.652  3383  3512 I WifiNative-HAL: interface[0] = wlan0
12-20 02:30:56.652  3383  3512 I WifiNative-HAL: interface[1] = p2p0
12-20 02:30:56.657  3383  4075 I WifiNative-HAL: Waiting for HAL events mWifiHalHandle=547986309152
12-20 02:30:56.658  3383  4075 D wifi    : waitForHalEvents called, vm = 0x7fad6cd140, obj = 0x200a56, env = 0x7f95383bc0
12-20 02:30:56.671  3383  3513 D WifiService: New client listening to asynchronous messages
12-20 02:30:56.673  3383  3383 E CMHardwareService: Vibrator is not supported
12-20 02:30:56.674  3383  3383 E CMHardwareService: Vibrator is not supported
12-20 02:30:56.692  3923  3923 W InputAttributes: No editor info for this field. Bug?
12-20 02:30:56.700  3383  3383 V BackupManagerService: Connected to transport ComponentInfo{android/com.android.internal.backup.LocalTransportService}
12-20 02:30:56.700  3383  3383 V BackupManagerService: Registering transport android/com.android.internal.backup.LocalTransportService::android/com.android.internal.backup.LocalTransport = android.app.backup.BackupTransport$TransportImpl@8600072
12-20 02:30:56.701  4006  4006 W System  : ClassLoader referenced unknown path: /system/priv-app/ContactsProvider/lib/arm64
12-20 02:30:56.701  3383  3383 I BrokerableCMSystemService: Implementation service connected
12-20 02:30:56.701  3383  3383 I BrokerableCMSystemService: Notifying service connected
12-20 02:30:56.701  3383  3383 I BrokerableCMSystemService: Implementation service connected
12-20 02:30:56.701  3383  4084 I OMXClient: Using client-side OMX mux.
12-20 02:30:56.704  4076  4076 I wpa_supplicant: Successfully initialized wpa_supplicant
12-20 02:30:56.711  4076  4076 I wpa_supplicant: rfkill: Cannot open RFKILL control device
12-20 02:30:56.721  3383  3383 I BrokerableCMSystemService: Implementation service connected
12-20 02:30:56.743  3923  4090 I LatinIME:LogUtils: Dictionary info: dictionary = contacts.en_US ; version = 1482211856 ; date = ?
12-20 02:30:56.753  3383  3512 D WifiMonitor: startMonitoring(wlan0) with mConnected = false
12-20 02:30:56.789  3938  3938 D LocalBluetoothProfileManager: Adding local MAP profile
12-20 02:30:56.791  3938  3938 D BluetoothMap: Create BluetoothMap proxy object
12-20 02:30:56.797  3960  3960 W System  : ClassLoader referenced unknown path: /system/priv-app/TeleService/lib/arm64
12-20 02:30:56.819  4076  4076 I wpa_supplicant: rfkill: Cannot open RFKILL control device
12-20 02:30:56.819  4076  4076 E wpa_supplicant: Could not read interface p2p-dev-wlan0 flags: No such device
12-20 02:30:56.821  3938  3938 D LocalBluetoothProfileManager: LocalBluetoothProfileManager construction complete
12-20 02:30:56.834  3383  3512 D WifiConfigStore: Loading config and enabling all networks 
12-20 02:30:56.842  3383  3436 D Tethering: sendTetherStateChangedBroadcast 1, 0, 0
12-20 02:30:56.842  3383  3436 D BluetoothManagerService: Message: 20
12-20 02:30:56.843  3383  3436 D BluetoothManagerService: Added callback: android.bluetooth.IBluetoothManagerCallback$Stub$Proxy@b5f7a0:true
12-20 02:30:56.843  3383  3436 D BluetoothManagerService: Message: 30
12-20 02:30:56.843  3383  3436 D BluetoothManagerService: Message: 30
12-20 02:30:56.849  3383  3436 D BluetoothManagerService: Message: 30
12-20 02:30:56.849  3383  3436 D BluetoothManagerService: Message: 30
12-20 02:30:56.853  3383  3512 D WifiConfigStore: loaded 0 passpoint configs
12-20 02:30:56.853  3383  3512 E WifiConfigStore: Error parsing configuration: java.io.FileNotFoundException: /data/misc/wifi/ipconfig.txt: open failed: ENOENT (No such file or directory)
12-20 02:30:56.854  3383  3512 W WifiConfigStore: Upgrading network 0 to android.uid.system:1000
12-20 02:30:56.854  4006  4093 I ContactLocale: AddressBook Labels [en-US]: [, A, B, C, D, E, F, G, H, I, J, K, L, M, N, O, P, Q, R, S, T, U, V, W, X, Y, Z, , , , , , , , , , , , , , , , , , , , , , , , , , , , , , , , , , , , , , , , , , , , , , , , , , , , , , , , , , , , , , , , , , , , , , , , , , , , , , , , , , , , , , , , , , , , , , , , , , , , , , , , , , , , , , , , , , , , , , , , , , , , , , , , , , , , , , , , , , , , , , , , , , , , , , , , , , , , , , , , , , , , , , , , , , , , , , , , , , , , , , , , , , , #, ]
12-20 02:30:56.856  3383  3512 E WifiConfigStore: readAutoJoinStatus: Error parsing configurationjava.io.FileNotFoundException: /data/misc/wifi/autojoinconfig.txt: open failed: ENOENT (No such file or directory)
12-20 02:30:56.856  3383  3512 E WifiConfigStore: buildPnoList sortedWifiConfigurations size 1
12-20 02:30:56.856  3383  3512 E WifiConfigStore: found sortedWifiConfigurations : "RTK 11n AP"-WPA_PSK
12-20 02:30:56.857  3968  3968 W System  : ClassLoader referenced unknown path: /system/priv-app/Trebuchet/lib/arm64
12-20 02:30:56.859  3383  4097 I OMXClient: Using client-side OMX mux.
12-20 02:30:56.861  3383  3512 D WifiNative-HAL: Setting external_sim to 1
12-20 02:30:56.862  3383  3512 D wifi    : setting dfs flag to true, 0x7f9007fec0
12-20 02:30:56.862  3960  3960 W System  : ClassLoader referenced unknown path: /system/priv-app/TelephonyProvider/lib/arm64
12-20 02:30:56.862  3383  3512 D WifiStateMachine: Setting OUI to DA-A1-19
12-20 02:30:56.863  3383  3512 D wifi    : setting scan oui 0x7f9007fec0
12-20 02:30:56.863  3383  3512 D WifiHAL : Sending mac address OUI
12-20 02:30:56.870  3583  4098 D OpenGLRenderer: Use EGL_SWAP_BEHAVIOR_PRESERVED: true
12-20 02:30:56.872  3383  3512 D WifiConfigStore: Retrieve network priorities after PNO.
12-20 02:30:56.873  3383  3512 D wifi    : android_net_wifi_setLinkLayerStats: 1
12-20 02:30:56.874  3383  3383 D RttService: SCAN_AVAILABLE : 3
12-20 02:30:56.874  3383  3556 D RttService: DefaultState got{ when=0 what=160512 target=com.android.internal.util.StateMachine$SmHandler }
12-20 02:30:56.874  3058  3473 D CommandListener: Setting iface cfg
12-20 02:30:56.874  3058  3473 D CommandListener: Trying to bring up p2p0
12-20 02:30:56.875  3383  3508 D WifiMonitor: startMonitoring(p2p0) with mConnected = true
12-20 02:30:56.878  3383  3508 D WifiNative-HAL: p2pGetDeviceAddress
12-20 02:30:56.878  3383  3508 D WifiNative-HAL: p2pGetDeviceAddress returning 62:f1:89:8a:1f:e7
12-20 02:30:56.893  4006  4006 W System  : ClassLoader referenced unknown path: /system/app/UserDictionaryProvider/lib/arm64
12-20 02:30:56.903  3977  3977 I PrintSpoolerService: No existing print spooler state.
12-20 02:30:56.921  3968  3968 W MOD.CyanogenAmbientUtil: Cyanogen Ambient package is missing! Version 1050100 is required.
12-20 02:30:56.921  3968  3968 E MOD.AmbientApiClientImp: This application will not run unless you install Ambient services
12-20 02:30:56.942  3960  3960 D TelephonyProvider: dbh.onOpen: ok, queried table=siminfo
12-20 02:30:56.942  3960  3960 D TelephonyProvider: dbh.onOpen: ok, queried table=carriers
12-20 02:30:56.945  4076  4076 I wpa_supplicant: wlan0: CTRL-EVENT-REGDOM-CHANGE init=USER type=COUNTRY alpha2=AR
12-20 02:30:56.957  3968  3968 V Launcher: LauncherAppState inited
12-20 02:30:56.964  3610  3610 D MediaScannerReceiver: action: android.intent.action.MEDIA_MOUNTED path: /storage/emulated/0
12-20 02:30:56.985  4076  4076 I wpa_supplicant: wlan0: CTRL-EVENT-REGDOM-CHANGE init=USER type=COUNTRY alpha2=AR
12-20 02:30:56.988  3383  3512 E native  : do suspend false
12-20 02:30:57.000  3383  3512 D WifiConfigStore: No blacklist allowed without epno enabled
12-20 02:30:57.001  3383  3512 D WifiConfigStore: Retrieve network priorities after PNO.
12-20 02:30:57.008  3383  3661 I ActivityManager: Start proc 4115:com.cyanogenmod.lockclock/u0a57 for broadcast com.cyanogenmod.lockclock/.ClockWidgetProvider
12-20 02:30:57.011  3960  3960 V ConfigResourceUtil: resourceName = telephony_plugin_jar_name resourceId = 2130903040resourceValue = 
12-20 02:30:57.014  3960  3960 V ConfigResourceUtil: resourceName = telephony_plugin_class_name resourceId = 2130903041resourceValue = 
12-20 02:30:57.058  3383  4127 I OMXClient: Using client-side OMX mux.
12-20 02:30:57.070  3383  3614 W Searchables: No global search activity found
12-20 02:30:57.107  3923  4090 I LatinIME:LogUtils: Dictionary info: dictionary = userunigram.en_US ; version = 1482211857 ; date = ?
12-20 02:30:57.125  3968  3968 D Launcher.Model: Old launcher provider: content://com.android.launcher2.settings/favorites?notify=true
12-20 02:30:57.125  3968  3968 D Launcher.Model: Old launcher provider does not exist.
12-20 02:30:57.129  1265  1265 I kworker/u16:4: type=1400 audit(0.0:229): avc: denied { search } for name="FactoryApp" dev="sda3" ino=39 scontext=u:r:kernel:s0 tcontext=u:object_r:app_efs_file:s0 tclass=dir permissive=1
12-20 02:30:57.129  1265  1265 I kworker/u16:4: type=1400 audit(0.0:230): avc: denied { write } for name="gyro_cal_data" dev="sda3" ino=45 scontext=u:r:kernel:s0 tcontext=u:object_r:app_efs_file:s0 tclass=file permissive=1
12-20 02:30:57.129  1265  1265 I kworker/u16:4: type=1400 audit(0.0:231): avc: denied { open } for path="/efs/FactoryApp/gyro_cal_data" dev="sda3" ino=45 scontext=u:r:kernel:s0 tcontext=u:object_r:app_efs_file:s0 tclass=file permissive=1
12-20 02:30:57.160  3383  3436 D BluetoothManagerService: Message: 20
12-20 02:30:57.161  3923  4090 I LatinIME:LogUtils: Dictionary info: dictionary = UserHistoryDictionary.en_US ; version = 1482211857 ; date = ?
12-20 02:30:57.161  3383  3436 D BluetoothManagerService: Added callback: android.bluetooth.IBluetoothManagerCallback$Stub$Proxy@b7d565:true
12-20 02:30:57.168  3383  3436 D BluetoothManagerService: Message: 30
12-20 02:30:57.183  3923  4090 I LatinIME:LogUtils: Dictionary info: dictionary = main:en ; version = 54 ; date = 1414726273
12-20 02:30:57.190  3953  4146 D AudioFx-AudioOutputChangeListener: onAudioOutputChanged id: 2 type: 2 name: SM-G935F address:  [android.media.AudioDeviceInfo@727e4db]
12-20 02:30:57.193  3383  3403 I ActivityManager: Start proc 4149:com.cyanogenmod.eleven/u0a41 for broadcast com.cyanogenmod.eleven/.MediaButtonIntentReceiver
12-20 02:30:57.193  3383  3436 D BluetoothManagerService: Message: 30
12-20 02:30:57.200  3583  3583 D LocalBluetoothProfileManager: Adding local MAP profile
12-20 02:30:57.200  3583  3583 D BluetoothMap: Create BluetoothMap proxy object
12-20 02:30:57.201  3383  3436 D BluetoothManagerService: Message: 30
12-20 02:30:57.210  4115  4115 W System  : ClassLoader referenced unknown path: /system/app/LockClock/lib/arm64
12-20 02:30:57.236  3383  3436 D BluetoothManagerService: Message: 30
12-20 02:30:57.241  3583  3583 D LocalBluetoothProfileManager: LocalBluetoothProfileManager construction complete
12-20 02:30:57.260  3383  3403 D ConnectivityService: listenForNetwork for Listen from uid/pid:10025/3583 for NetworkRequest [ id=3, legacyType=-1, [] ]
12-20 02:30:57.303  3968  4143 W Launcher: setApplicationContext called twice! old=com.android.launcher3.LauncherApplication@144b724 new=com.android.launcher3.LauncherApplication@144b724
12-20 02:30:57.314  4149  4149 W System  : ClassLoader referenced unknown path: /system/app/Eleven/lib/arm64
12-20 02:30:57.320  3583  3583 I CameraManagerGlobal: Connecting to camera service
12-20 02:30:57.359  3383  3935 I ActivityManager: Start proc 4173:com.cyanogenmod.eleven:main/u0a41 for service com.cyanogenmod.eleven/.MusicPlaybackService
12-20 02:30:57.376  3383  3617 I ActivityManager: Start proc 4186:com.android.smspush/u0a63 for service com.android.smspush/.WapPushManager
12-20 02:30:57.378  3968  4190 D OpenGLRenderer: Use EGL_SWAP_BEHAVIOR_PRESERVED: true
12-20 02:30:57.405  3383  4095 I ActivityManager: Start proc 4200:org.cyanogenmod.weather.provider/u0a28 for content provider org.cyanogenmod.weather.provider/.WeatherContentProvider
12-20 02:30:57.468  3960  4219 E DcSwitchStateMachine-0: DctController is not ready
12-20 02:30:57.471  3383  3514 E ConnectivityService: Failed to find Messenger in unregisterNetworkFactory
12-20 02:30:57.475  3383  3514 D ConnectivityService: Got NetworkFactory Messenger for Telephony
12-20 02:30:57.495  4173  4173 W System  : ClassLoader referenced unknown path: /system/app/Eleven/lib/arm64
12-20 02:30:57.501  3968  4190 I OpenGLRenderer: Initialized EGL, version 1.4
12-20 02:30:57.519  3968  4190 D mali_winsys: EGLint new_window_surface(egl_winsys_display*, void*, EGLSurface, EGLConfig, egl_winsys_surface**, egl_color_buffer_format*, EGLBoolean) returns 0x3000,  [1440x2560]-format:1
12-20 02:30:57.536  4186  4186 W System  : ClassLoader referenced unknown path: /system/app/WAPPushManager/lib/arm64
12-20 02:30:57.536  4173  4173 V RenderScript_jni: RS native mode
12-20 02:30:57.538  4173  4173 V RenderScript_jni: Unable to load libRSSupportIO.so, USAGE_IO not supported
12-20 02:30:57.541  4200  4200 W System  : ClassLoader referenced unknown path: /system/priv-app/WeatherProvider/lib/arm64
12-20 02:30:57.553  4173  4234 V RenderScript: 0x7fad6e3000 Launching thread(s), CPUs 8
12-20 02:30:57.607  3383  3437 I ActivityManager: Displayed com.cyanogenmod.trebuchet/com.android.launcher3.Launcher: +1s279ms
12-20 02:30:57.669  3583  3583 W QSTileHost: Error creating tile for spec: live_display
12-20 02:30:57.669  3583  3583 W QSTileHost: java.lang.IllegalArgumentException: Bad tile spec: live_display
12-20 02:30:57.669  3583  3583 W QSTileHost: 	at com.android.systemui.statusbar.phone.QSTileHost.createTile(QSTileHost.java:382)
12-20 02:30:57.669  3583  3583 W QSTileHost: 	at com.android.systemui.statusbar.phone.QSTileHost.onTuningChanged(QSTileHost.java:325)
12-20 02:30:57.669  3583  3583 W QSTileHost: 	at com.android.systemui.tuner.TunerService.addTunableByProvider(TunerService.java:114)
12-20 02:30:57.669  3583  3583 W QSTileHost: 	at com.android.systemui.statusbar.phone.QSTileHost.<init>(QSTileHost.java:153)
12-20 02:30:57.669  3583  3583 W QSTileHost: 	at com.android.systemui.statusbar.phone.PhoneStatusBar.makeStatusBarView(PhoneStatusBar.java:1189)
12-20 02:30:57.669  3583  3583 W QSTileHost: 	at com.android.systemui.statusbar.phone.PhoneStatusBar.addStatusBarWindow(PhoneStatusBar.java:3463)
12-20 02:30:57.669  3583  3583 W QSTileHost: 	at com.android.systemui.statusbar.phone.PhoneStatusBar.createAndAddWindows(PhoneStatusBar.java:3459)
12-20 02:30:57.669  3583  3583 W QSTileHost: 	at com.android.systemui.statusbar.BaseStatusBar.start(BaseStatusBar.java:631)
12-20 02:30:57.669  3583  3583 W QSTileHost: 	at com.android.systemui.statusbar.phone.PhoneStatusBar.start(PhoneStatusBar.java:818)
12-20 02:30:57.669  3583  3583 W QSTileHost: 	at com.android.systemui.statusbar.SystemBars.createStatusBarFromConfig(SystemBars.java:106)
12-20 02:30:57.669  3583  3583 W QSTileHost: 	at com.android.systemui.statusbar.SystemBars.onNoService(SystemBars.java:58)
12-20 02:30:57.669  3583  3583 W QSTileHost: 	at com.android.systemui.statusbar.ServiceMonitor.startService(ServiceMonitor.java:230)
12-20 02:30:57.669  3583  3583 W QSTileHost: 	at com.android.systemui.statusbar.ServiceMonitor.-wrap5(ServiceMonitor.java)
12-20 02:30:57.669  3583  3583 W QSTileHost: 	at com.android.systemui.statusbar.ServiceMonitor$1.handleMessage(ServiceMonitor.java:73)
12-20 02:30:57.669  3583  3583 W QSTileHost: 	at android.os.Handler.dispatchMessage(Handler.java:102)
12-20 02:30:57.669  3583  3583 W QSTileHost: 	at android.os.Looper.loop(Looper.java:148)
12-20 02:30:57.669  3583  3583 W QSTileHost: 	at android.app.ActivityThread.main(ActivityThread.java:5461)
12-20 02:30:57.669  3583  3583 W QSTileHost: 	at java.lang.reflect.Method.invoke(Native Method)
12-20 02:30:57.669  3583  3583 W QSTileHost: 	at com.android.internal.os.ZygoteInit$MethodAndArgsCaller.run(ZygoteInit.java:726)
12-20 02:30:57.669  3583  3583 W QSTileHost: 	at com.android.internal.os.ZygoteInit.main(ZygoteInit.java:616)
12-20 02:30:57.679  4173  4173 E MediaPlayer-JNI: JNIMediaPlayerFactory: bIsQCMediaPlayerPresent 0
12-20 02:30:57.679  4173  4173 E MediaPlayer-JNI: JNIMediaPlayerFactory: bIsQCMediaPlayerPresent 0
12-20 02:30:57.699  3422  3422 I ActivityManager: type=1400 audit(0.0:232): avc: denied { read } for name="batch_io" dev="tmpfs" ino=9142 scontext=u:r:system_server:s0 tcontext=u:object_r:device:s0 tclass=chr_file permissive=1
12-20 02:30:57.699  3422  3422 I ActivityManager: type=1400 audit(0.0:232): avc: denied { open } for path="/dev/batch_io" dev="tmpfs" ino=9142 scontext=u:r:system_server:s0 tcontext=u:object_r:device:s0 tclass=chr_file permissive=1
12-20 02:30:57.699  3422  3422 W ActivityManager: type=1300 audit(0.0:232): arch=c00000b7 syscall=56 success=yes exit=178 a0=ffffff9c a1=7f95ae3528 a2=0 a3=0 items=0 ppid=3070 auid=4294967295 uid=1000 gid=1000 euid=1000 suid=1000 fsuid=1000 egid=1000 sgid=1000 fsgid=1000 tty=(none) ses=4294967295 exe="/system/bin/app_process64" subj=u:r:system_server:s0 key=(null)
12-20 02:30:57.699  2949  2949 W auditd  : type=1327 audit(0.0:232): proctitle="system_server"
12-20 02:30:57.699  2949  2949 W auditd  : type=1320 audit(0.0:232): 
12-20 02:30:57.699  3422  3422 I ActivityManager: type=1400 audit(0.0:233): avc: denied { ioctl } for path="/dev/batch_io" dev="tmpfs" ino=9142 ioctlcmd=fc00 scontext=u:r:system_server:s0 tcontext=u:object_r:device:s0 tclass=chr_file permissive=1
12-20 02:30:57.699  3422  3422 W ActivityManager: type=1300 audit(0.0:233): arch=c00000b7 syscall=29 success=yes exit=0 a0=b2 a1=8008fc00 a2=7f9741b588 a3=7f9741b550 items=0 ppid=3070 auid=4294967295 uid=1000 gid=1000 euid=1000 suid=1000 fsuid=1000 egid=1000 sgid=1000 fsgid=1000 tty=(none) ses=4294967295 exe="/system/bin/app_process64" subj=u:r:system_server:s0 key=(null)
12-20 02:30:57.699  2949  2949 W auditd  : type=1327 audit(0.0:233): proctitle="system_server"
12-20 02:30:57.699  2949  2949 W auditd  : type=1320 audit(0.0:233): 
12-20 02:30:57.701  3583  3583 W CustomTileListenerService[]: CustomTile listener service not yet bound.
12-20 02:30:57.707  3383  3422 V KeyguardServiceDelegate: *** Keyguard started
12-20 02:30:57.707  3383  3383 V KeyguardServiceDelegate: *** Keyguard connected (yay!)
12-20 02:30:57.708  3383  3422 D SensorService: SensorEventConnection::SocketBufferSize, SystemSocketBufferSize - 102400, 2097152
12-20 02:30:57.713  3383  3422 I Sensors : Acc old sensor_state 0, new sensor_state : 1 en : 1
12-20 02:30:57.719  3383  3422 V KeyguardServiceDelegate: onStartedWakingUp()
12-20 02:30:57.719  3383  3422 V KeyguardServiceDelegate: onScreenTurnedOn(showListener = com.android.server.policy.PhoneWindowManager$2@6f986f1)
12-20 02:30:57.719  3383  3422 V KeyguardServiceDelegate: onScreenTurnedOn()
12-20 02:30:57.728  3968  3968 D Launcher: bindAppWidget: AppWidget(id=2)
12-20 02:30:57.728  3968  3968 D Launcher: bindAppWidget: id=2 belongs to component ComponentInfo{com.cyanogenmod.lockclock/com.cyanogenmod.lockclock.ClockWidgetProvider}
12-20 02:30:57.736  3583  3583 W Resources: Drawable com.android.systemui:drawable/ic_battery_circle has unresolved theme attributes! Consider using Resources.getDrawable(int, Theme) or Context.getDrawable(int).
12-20 02:30:57.736  3583  3583 W Resources: java.lang.RuntimeException
12-20 02:30:57.736  3583  3583 W Resources: 	at android.content.res.Resources.getDrawable(Resources.java:799)
12-20 02:30:57.736  3583  3583 W Resources: 	at com.android.systemui.BatteryMeterView$AllInOneBatteryMeterDrawable.loadBatteryDrawables(BatteryMeterView.java:637)
12-20 02:30:57.736  3583  3583 W Resources: 	at com.android.systemui.BatteryMeterView$AllInOneBatteryMeterDrawable.<init>(BatteryMeterView.java:492)
12-20 02:30:57.736  3583  3583 W Resources: 	at com.android.systemui.BatteryMeterView.createBatteryMeterDrawable(BatteryMeterView.java:264)
12-20 02:30:57.736  3583  3583 W Resources: 	at com.android.systemui.BatteryMeterView.setMode(BatteryMeterView.java:366)
12-20 02:30:57.736  3583  3583 W Resources: 	at com.android.systemui.BatteryMeterView.onBatteryStyleChanged(BatteryMeterView.java:336)
12-20 02:30:57.736  3583  3583 W Resources: 	at com.android.systemui.statusbar.policy.BatteryController.addStateChangedCallback(BatteryController.java:100)
12-20 02:30:57.736  3583  3583 W Resources: 	at com.android.systemui.BatteryMeterView.setBatteryStateRegistar(BatteryMeterView.java:283)
12-20 02:30:57.736  3583  3583 W Resources: 	at com.android.systemui.statusbar.phone.StatusBarHeaderView.setBatteryController(StatusBarHeaderView.java:350)
12-20 02:30:57.736  3583  3583 W Resources: 	at com.android.systemui.statusbar.phone.PhoneStatusBar.makeStatusBarView(PhoneStatusBar.java:1297)
12-20 02:30:57.736  3583  3583 W Resources: 	at com.android.systemui.statusbar.phone.PhoneStatusBar.addStatusBarWindow(PhoneStatusBar.java:3463)
12-20 02:30:57.736  3583  3583 W Resources: 	at com.android.systemui.statusbar.phone.PhoneStatusBar.createAndAddWindows(PhoneStatusBar.java:3459)
12-20 02:30:57.736  3583  3583 W Resources: 	at com.android.systemui.statusbar.BaseStatusBar.start(BaseStatusBar.java:631)
12-20 02:30:57.736  3583  3583 W Resources: 	at com.android.systemui.statusbar.phone.PhoneStatusBar.start(PhoneStatusBar.java:818)
12-20 02:30:57.736  3583  3583 W Resources: 	at com.android.systemui.statusbar.SystemBars.createStatusBarFromConfig(SystemBars.java:106)
12-20 02:30:57.736  3583  3583 W Resources: 	at com.android.systemui.statusbar.SystemBars.onNoService(SystemBars.java:58)
12-20 02:30:57.736  3583  3583 W Resources: 	at com.android.systemui.statusbar.ServiceMonitor.startService(ServiceMonitor.java:230)
12-20 02:30:57.736  3583  3583 W Resources: 	at com.android.systemui.statusbar.ServiceMonitor.-wrap5(ServiceMonitor.java)
12-20 02:30:57.736  3583  3583 W Resources: 	at com.android.systemui.statusbar.ServiceMonitor$1.handleMessage(ServiceMonitor.java:73)
12-20 02:30:57.736  3583  3583 W Resources: 	at android.os.Handler.dispatchMessage(Handler.java:102)
12-20 02:30:57.736  3583  3583 W Resources: 	at android.os.Looper.loop(Looper.java:148)
12-20 02:30:57.736  3583  3583 W Resources: 	at android.app.ActivityThread.main(ActivityThread.java:5461)
12-20 02:30:57.736  3583  3583 W Resources: 	at java.lang.reflect.Method.invoke(Native Method)
12-20 02:30:57.736  3583  3583 W Resources: 	at com.android.internal.os.ZygoteInit$MethodAndArgsCaller.run(ZygoteInit.java:726)
12-20 02:30:57.736  3583  3583 W Resources: 	at com.android.internal.os.ZygoteInit.main(ZygoteInit.java:616)
12-20 02:30:57.736  3583  3583 D BatteryMeterView: mTextGravity=17
12-20 02:30:57.737  3583  3583 D BatteryMeterView: mTextGravity=17
12-20 02:30:57.737  3583  3583 D BatteryMeterView: mTextGravity=17
12-20 02:30:57.738  3695  3835 W MessageQueue: Handler (android.view.Choreographer$FrameHandler) {d6c761c} sending message to a Handler on a dead thread
12-20 02:30:57.738  3695  3835 W MessageQueue: java.lang.IllegalStateException: Handler (android.view.Choreographer$FrameHandler) {d6c761c} sending message to a Handler on a dead thread
12-20 02:30:57.738  3695  3835 W MessageQueue: 	at android.os.MessageQueue.enqueueMessage(MessageQueue.java:543)
12-20 02:30:57.738  3695  3835 W MessageQueue: 	at android.os.Handler.enqueueMessage(Handler.java:631)
12-20 02:30:57.738  3695  3835 W MessageQueue: 	at android.os.Handler.sendMessageAtTime(Handler.java:600)
12-20 02:30:57.738  3695  3835 W MessageQueue: 	at android.view.Choreographer$FrameDisplayEventReceiver.onVsync(Choreographer.java:838)
12-20 02:30:57.738  3695  3835 W MessageQueue: 	at android.view.DisplayEventReceiver.dispatchVsync(DisplayEventReceiver.java:141)
12-20 02:30:57.738  3695  3835 W MessageQueue: 	at android.os.MessageQueue.nativePollOnce(Native Method)
12-20 02:30:57.738  3695  3835 W MessageQueue: 	at android.os.MessageQueue.next(MessageQueue.java:323)
12-20 02:30:57.738  3695  3835 W MessageQueue: 	at android.os.Looper.loop(Looper.java:135)
12-20 02:30:57.738  3695  3835 W MessageQueue: 	at android.os.HandlerThread.run(HandlerThread.java:61)
12-20 02:30:57.760  3383  3402 D CryptdConnector: SND -> {2 cryptfs getpw}
12-20 02:30:57.760  2942  2974 D VoldCryptCmdListener: cryptfs getpw
12-20 02:30:57.760  2942  2974 I Ext4Crypt: ext4 crypto complete called on /data
12-20 02:30:57.760  2942  2974 I Ext4Crypt: No master key, so not ext4enc
12-20 02:30:57.760  2942  2974 I Ext4Crypt: ext4 crypto complete called on /data
12-20 02:30:57.760  2942  2974 I Ext4Crypt: No master key, so not ext4enc
12-20 02:30:57.760  3383  3504 D CryptdConnector: RCV <- {200 2 -1}
12-20 02:30:57.761  3383  3402 D CryptdConnector: SND -> {3 cryptfs clearpw}
12-20 02:30:57.761  2942  2974 D VoldCryptCmdListener: cryptfs clearpw
12-20 02:30:57.761  2942  2974 I Ext4Crypt: ext4 crypto complete called on /data
12-20 02:30:57.761  2942  2974 I Ext4Crypt: No master key, so not ext4enc
12-20 02:30:57.761  3383  3504 D CryptdConnector: RCV <- {200 3 0}
12-20 02:30:57.770  3583  4098 D OpenGLRenderer: profile bars disabled
12-20 02:30:57.770  3583  4098 D OpenGLRenderer: ambientRatio = 1.50
12-20 02:30:57.781  3025  3036 D PermissionCache: checking android.permission.ACCESS_SURFACE_FLINGER for uid=10025 => granted (197 us)
12-20 02:30:57.788  3583  3583 D PhoneStatusBar: disable: < expand icons alerts system_info back home recent clock search quick_settings >
12-20 02:30:57.790  4006  4093 D ContactDirectoryManager: Found com.android.exchange.directory.provider
12-20 02:30:57.818  3383  4218 I ActivityManager: Start proc 4253:com.android.exchange/u0a40 for content provider com.android.exchange/.provider.ExchangeDirectoryProvider
12-20 02:30:57.850  3960  3960 D CarrierConfigLoader: CarrierConfigLoader has started
12-20 02:30:57.855  3383  3436 D BluetoothManagerService: Message: 20
12-20 02:30:57.856  3383  3436 D BluetoothManagerService: Added callback: android.bluetooth.IBluetoothManagerCallback$Stub$Proxy@bdf9bb3:true
12-20 02:30:57.857  3383  3436 D BluetoothManagerService: Message: 30
12-20 02:30:57.870  3968  3968 D Launcher: bound widget id=2 in 142ms
12-20 02:30:57.877  3968  3968 D Launcher: bindAppWidget: AppWidget(id=3)
12-20 02:30:57.877  3968  3968 D Launcher: bindAppWidget: id=3 belongs to component ComponentInfo{com.cyanogenmod.eleven/com.cyanogenmod.eleven.appwidgets.AppWidgetLarge}
12-20 02:30:57.888  3583  3583 D PhoneStatusBar: heads up is enabled
12-20 02:30:57.893  3968  4190 V RenderScript: 0x7f95f44000 Launching thread(s), CPUs 8
12-20 02:30:57.916  3960  3960 I Telephony: TtyManager: updateUiTtyMode -1 -> 0
12-20 02:30:57.922  3968  3968 D Launcher: bound widget id=3 in 45ms
12-20 02:30:57.924  3968  3968 D android.widget.GridLayout: vertical constraints: y2-y0>=528, y2-y0<=512, y2-y1<=208 are inconsistent; permanently removing: y2-y0<=512. 
12-20 02:30:57.938  3960  3960 V ConfigResourceUtil: resourceName = config_spn_display_control resourceId = 2130837514resourceValue = false
12-20 02:30:57.961  4253  4253 W System  : ClassLoader referenced unknown path: /system/app/Exchange2/lib/arm64
12-20 02:30:57.988  3383  3558 V KeyValueBackupJob: Scheduling k/v pass in 246 minutes
12-20 02:30:58.016  4115  4115 D WeatherUpdateService: onCreate
12-20 02:30:58.027  3583  3583 D PhoneStatusBar: disable: < EXPAND* icons alerts system_info BACK* HOME* RECENT* clock SEARCH* quick_settings >
12-20 02:30:58.051  4115  4115 D WeatherUpdateService: Service started, but shouldn't update ... stopping
12-20 02:30:58.058  3383  3393 W CursorWrapperInner: Cursor finalized without prior close()
12-20 02:30:58.063  3383  3393 W CursorWrapperInner: Cursor finalized without prior close()
12-20 02:30:58.071  3383  3668 I ActivityManager: Start proc 4292:com.android.email/u0a46 for content provider com.android.email/.provider.EmailProvider
12-20 02:30:58.083  3583  3583 I Choreographer: Skipped 68 frames!  The application may be doing too much work on its main thread.
12-20 02:30:58.084  4115  4115 D WeatherUpdateService: onDestroy
12-20 02:30:58.126  3583  3583 D ViewRootImpl: changeCanvasOpacity: opaque=true
12-20 02:30:58.167  4292  4292 W System  : ClassLoader referenced unknown path: /system/app/Email/lib/arm64
12-20 02:30:58.212  4006  4093 I ContactDirectoryManager: deleted 0 stale rows which don't have any relevant directory
12-20 02:30:58.217  4006  4093 I ContactDirectoryManager: Discovered 0 contact directories in 1298ms
12-20 02:30:58.237  3960  4252 E PhoneInterfaceManager: [PhoneIntfMgr] getIccId: No UICC
12-20 02:30:58.275  4292  4315 D ActivityThread: Loading provider com.android.email.provider;com.android.email.notifier: com.android.email.provider.EmailProvider
12-20 02:30:58.326  4173  4173 W WakefulBroadcastReceiver: No active wake lock id #1
12-20 02:30:58.369  3163  3163 I rild    : type=1400 audit(0.0:234): avc: denied { dac_read_search } for capability=2 scontext=u:r:rild:s0 tcontext=u:r:rild:s0 tclass=capability permissive=1
12-20 02:30:58.369  3163  3163 I rild    : type=1400 audit(0.0:234): avc: denied { read } for name="knox_kap" dev="tmpfs" ino=9064 scontext=u:r:rild:s0 tcontext=u:object_r:device:s0 tclass=chr_file permissive=1
12-20 02:30:58.369  3163  3163 I rild    : type=1400 audit(0.0:234): avc: denied { open } for path="/dev/knox_kap" dev="tmpfs" ino=9064 scontext=u:r:rild:s0 tcontext=u:object_r:device:s0 tclass=chr_file permissive=1
12-20 02:30:58.369  3163  3163 W rild    : type=1300 audit(0.0:234): arch=c00000b7 syscall=56 success=yes exit=29 a0=ffffff9c a1=7f8ffdd688 a2=0 a3=0 items=0 ppid=1 auid=4294967295 uid=1001 gid=1001 euid=1001 suid=1001 fsuid=1001 egid=1001 sgid=1001 fsgid=1001 tty=(none) ses=4294967295 exe="/system/bin/rild" subj=u:r:rild:s0 key=(null)
12-20 02:30:58.369  2949  2949 W auditd  : type=1327 audit(0.0:234): proctitle="/system/bin/rild"
12-20 02:30:58.369  2949  2949 W auditd  : type=1320 audit(0.0:234): 
12-20 02:30:58.371  3960  3960 E PhoneInterfaceManager: [PhoneIntfMgr] getIccId: No UICC
12-20 02:30:58.372  3960  3960 D TelephonyDebugService: TelephonyDebugService()
12-20 02:30:58.374  3960  4035 E PhoneInterfaceManager: [PhoneIntfMgr] getIccId: No UICC
12-20 02:30:58.381  3383  3513 D WifiService: New client listening to asynchronous messages
12-20 02:30:58.383  4253  4253 I Exchange: EasService.onCreate
12-20 02:30:58.389  3383  3512 D WIFI    : Registering NetworkFactory
12-20 02:30:58.389  3383  3512 D WIFI_UT : Registering NetworkFactory
12-20 02:30:58.389  3383  3514 D ConnectivityService: Got NetworkFactory Messenger for WIFI
12-20 02:30:58.389  3383  3514 D ConnectivityService: Got NetworkFactory Messenger for WIFI_UT
12-20 02:30:58.390  3383  3935 W ActivityManager: Unable to start service Intent { cmp=com.android.email/.service.AttachmentService } U=0: not found
12-20 02:30:58.394  3583  4098 I OpenGLRenderer: Initialized EGL, version 1.4
12-20 02:30:58.396  3383  3512 D WIFI    : got request NetworkRequest [ id=1, legacyType=-1, [ Capabilities: INTERNET&NOT_RESTRICTED&TRUSTED&NOT_VPN] ] with score 0
12-20 02:30:58.396  3383  3512 D WIFI_UT : got request NetworkRequest [ id=1, legacyType=-1, [ Capabilities: INTERNET&NOT_RESTRICTED&TRUSTED&NOT_VPN] ] with score 0
12-20 02:30:58.396  3960  3960 D CarrierConfigLoader: mHandler: 12 phoneId: 0
12-20 02:30:58.399  3583  4098 D mali_winsys: EGLint new_window_surface(egl_winsys_display*, void*, EGLSurface, EGLConfig, egl_winsys_surface**, egl_color_buffer_format*, EGLBoolean) returns 0x3000,  [1440x96]-format:1
12-20 02:30:58.405  3383  4095 W ActivityManager: Unable to start service Intent { cmp=com.android.email/.service.AttachmentService } U=0: not found
12-20 02:30:58.411  4253  4341 I Exchange: RestartPingTask
