12-28 02:46:41.896  4156  4301 I BrcmNfcNfa: nfa_ee_total_lmrt_size size:10
12-28 02:46:41.896  4156  4301 I BrcmNfcNfa: ee_cfg_sts:0x01 lmrt_size:10
12-28 02:46:41.896  4156  4301 I BrcmNfcNfa: nfcee_id:0x1, last_active: 0x1
12-28 02:46:41.896  4156  4301 I BrcmNfcNfa: nfa_ee_route_add_one_ecb max_len:1070, max_tlv:253, cur_offset:15, more:0, num_tlv:3
12-28 02:46:41.896  4156  4301 I BrcmNfcNfa: nfa_ee_total_lmrt_size size:10
12-28 02:46:41.896  4156  4301 I BrcmNfcNfa: ee_cfg_sts:0x01 lmrt_size:10
12-28 02:46:41.896  4156  4301 I BrcmNfcNfa: nfa_ee_route_add_one_ecb: set routing num_tlv:3 tlv_size:10
12-28 02:46:41.896  4156  4301 D NfcAdaptation: NfcAdaptation::HalWrite
12-28 02:46:41.896  4156  4301 I SecHAL  : nfc_hal_write: enter;
12-28 02:46:41.896  4156  4301 I SecHAL  : nfc_hal_write: exit;
12-28 02:46:41.896  4156  4301 I BrcmNfcNfa: nfa_ee_update_rout ee_cfg_sts:0x10 ee_cfged:0x10
12-28 02:46:41.896  4156  4327 D SecHAL  : nfc_hal_task: Got a event: HAL_EVT_WRITE(3)
12-28 02:46:41.896  4156  4327 D SecHAL  : nfc_hal_task: current state: SERVICE
12-28 02:46:41.896  4156  4327 I SecHAL  : OSI_timer_start: enter,osi_lock
12-28 02:46:41.896  4156  4327 I SecHAL  : OSI_timer_start: before osi_unlock
12-28 02:46:41.896  4156  4327 I SecHAL  : OSI_timer_start: exit
12-28 02:46:41.896  4156  4327 I SecHAL  : device_write: enter
12-28 02:46:41.896  4156  4327 I SecHAL  : device_write: before system call
12-28 02:46:41.897  4156  4327 I SecHAL  : device_write: after system call
12-28 02:46:41.897  4156  4327 D SecHAL  : data_trace:  Send( 20) 21 01 11   00 03 00 03 00 01 02 01 03 00 01 03 01 03 00 01 05 
12-28 02:46:41.897  4156  4327 I SecHAL  : device_write: exit
12-28 02:46:41.899  3011  3626 I MediaPlayerService: MediaPlayerService::getOMX
12-28 02:46:41.900  4156  4711 I OMXClient: MuxOMX ctor
12-28 02:46:41.901  3007  3870 I OMXMaster: makeComponentInstance(OMX.google.vorbis.decoder) in mediacodec process
12-28 02:46:41.903  3333  3425 W SchedPolicy: add_tid_to_cgroup failed to write '4644' (Permission denied); fd=27
12-28 02:46:41.903  3333  3425 W ActivityManager: Failed setting process group of 4644 to 1
12-28 02:46:41.904  3333  3425 W System.err: java.lang.IllegalArgumentException: Invalid argument: 4644
12-28 02:46:41.904  3333  3425 W System.err: 	at android.os.Process.setProcessGroup(Native Method)
12-28 02:46:41.904  3333  3425 W System.err: 	at com.android.server.am.ActivityManagerService.applyOomAdjLocked(ActivityManagerService.java:20627)
12-28 02:46:41.904  3333  3425 W System.err: 	at com.android.server.am.ActivityManagerService.updateOomAdjLocked(ActivityManagerService.java:21227)
12-28 02:46:41.904  3333  3425 W System.err: 	at com.android.server.am.ActiveServices.realStartServiceLocked(ActiveServices.java:1860)
12-28 02:46:41.904  3333  3425 W System.err: 	at com.android.server.am.ActiveServices.bringUpServiceLocked(ActiveServices.java:1780)
12-28 02:46:41.904  3333  3425 W System.err: 	at com.android.server.am.ActiveServices.startServiceInnerLocked(ActiveServices.java:513)
12-28 02:46:41.904  3333  3425 W System.err: 	at com.android.server.am.ActiveServices.startServiceLocked(ActiveServices.java:456)
12-28 02:46:41.904  3333  3425 W System.err: 	at com.android.server.am.ActivityManagerService.startServiceInPackage(ActivityManagerService.java:17321)
12-28 02:46:41.904  3333  3425 W System.err: 	at com.android.server.am.PendingIntentRecord.sendInner(PendingIntentRecord.java:321)
12-28 02:46:41.904  3333  3425 W System.err: 	at com.android.server.am.PendingIntentRecord.sendWithResult(PendingIntentRecord.java:205)
12-28 02:46:41.904  3333  3425 W System.err: 	at com.android.server.am.ActivityManagerService.sendIntentSender(ActivityManagerService.java:7404)
12-28 02:46:41.904  3333  3425 W System.err: 	at android.app.PendingIntent.send(PendingIntent.java:836)
12-28 02:46:41.904  3333  3425 W System.err: 	at com.android.server.AlarmManagerService$DeliveryTracker.deliverLocked(AlarmManagerService.java:3113)
12-28 02:46:41.904  3333  3425 W System.err: 	at com.android.server.AlarmManagerService.deliverAlarmsLocked(AlarmManagerService.java:2546)
12-28 02:46:41.904  3333  3425 W System.err: 	at com.android.server.AlarmManagerService$AlarmThread.run(AlarmManagerService.java:2667)
12-28 02:46:41.907  3333  3564 W SchedPolicy: add_tid_to_cgroup failed to write '4644' (Permission denied); fd=28
12-28 02:46:41.907  3333  3564 W ActivityManager: Failed setting process group of 4644 to 0
12-28 02:46:41.907  3333  3564 W System.err: java.lang.IllegalArgumentException: Invalid argument: 4644
12-28 02:46:41.907  3333  3564 W System.err: 	at android.os.Process.setProcessGroup(Native Method)
12-28 02:46:41.907  3333  3564 W System.err: 	at com.android.server.am.ActivityManagerService.applyOomAdjLocked(ActivityManagerService.java:20627)
12-28 02:46:41.907  3333  3564 W System.err: 	at com.android.server.am.ActivityManagerService.updateOomAdjLocked(ActivityManagerService.java:20975)
12-28 02:46:41.907  3333  3564 W System.err: 	at com.android.server.am.ActivityManagerService.updateOomAdjLocked(ActivityManagerService.java:21053)
12-28 02:46:41.907  3333  3564 W System.err: 	at com.android.server.am.ActiveServices.serviceDoneExecutingLocked(ActiveServices.java:2388)
12-28 02:46:41.907  3333  3564 W System.err: 	at com.android.server.am.ActiveServices.serviceDoneExecutingLocked(ActiveServices.java:2336)
12-28 02:46:41.907  3333  3564 W System.err: 	at com.android.server.am.ActivityManagerService.serviceDoneExecuting(ActivityManagerService.java:17486)
12-28 02:46:41.907  3333  3564 W System.err: 	at android.app.ActivityManagerNative.onTransact(ActivityManagerNative.java:1177)
12-28 02:46:41.907  3333  3564 W System.err: 	at com.android.server.am.ActivityManagerService.onTransact(ActivityManagerService.java:2967)
12-28 02:46:41.907  3333  3564 W System.err: 	at android.os.Binder.execTransact(Binder.java:565)
12-28 02:46:41.908  4644  4714 I UpdateCheckService: Could not check for updates. Not connected to the network.
12-28 02:46:41.910  4156  4326 D SecHAL  : read_thread: Sent message to HAL message task, remind que: 2
12-28 02:46:41.910  4156  4327 D SecHAL  : nfc_hal_task: Got a event: HAL_EVT_READ(4)
12-28 02:46:41.910  4156  4327 D SecHAL  : nfc_hal_task: current state: SERVICE
12-28 02:46:41.910  4156  4327 D SecHAL  : data_trace:  Recv(  4) 41 01 01   00 
12-28 02:46:41.910  4156  4327 I SecHAL  : OSI_timer_start: enter,osi_lock
12-28 02:46:41.910  4156  4327 I SecHAL  : OSI_timer_start: before osi_unlock
12-28 02:46:41.910  4156  4327 I SecHAL  : OSI_timer_start: exit
12-28 02:46:41.910  4156  4327 I SecHAL  : nfc_data_callback: !
12-28 02:46:41.910  4156  4327 D NfcAdaptation: NfcAdaptation::HalDeviceContextDataCallback: len=4
12-28 02:46:41.910  4156  4301 I BrcmNfcNfa: NFC received rsp gid:1
12-28 02:46:41.910  4156  4301 I BrcmNfcNfa: nfa_dm_nfc_response_cback () NFC_SET_ROUTING_REVT(0x500a)
12-28 02:46:41.910  4156  4301 I BrcmNfcNfa: nfa_ee_proc_evt: event=0x500a int_event:0x214
12-28 02:46:41.910  4156  4301 I BrcmNfcNfa: nfa_ee_evt_hdlr (): Event NCI_WAIT_RSP(0x214), State: INIT_DONE(1)
12-28 02:46:41.910  4156  4301 I BrcmNfcNfa: nfa_ee_nci_wait_rsp() ee_wait_evt:0x30 wait_rsp:1
12-28 02:46:41.910  4156  4301 I BrcmNfcNfa: nfa_ee_report_update_evt ee_wait_evt:0x30 wait_rsp:0
12-28 02:46:41.910  4156  4301 D BrcmNfcJni: RoutingManager::nfaEeCallback: NFA_EE_UPDATED_EVT
12-28 02:46:41.910  4156  4297 D BrcmNfcJni: startRfDiscovery: is start=1
12-28 02:46:41.910  4156  4297 I BrcmNfcNfa: NFA_StartRfDiscovery ()
12-28 02:46:41.910  4156  4301 I BrcmNfcNfa: NFA got event 0x010E
12-28 02:46:41.910  4156  4301 I BrcmNfcNfa: nfa_dm_evt_hdlr event: NFA_DM_API_START_RF_DISCOVERY_EVT (0x0e)
12-28 02:46:41.910  4156  4301 I BrcmNfcNfa: nfa_dm_act_start_rf_discovery ()
12-28 02:46:41.910  4156  4301 I BrcmNfcNfa: nfa_dm_start_rf_discover ()
12-28 02:46:41.910  4156  4301 I BrcmNfcNfa: nfa_ee_get_tech_route(): 1
12-28 02:46:41.910  4156  4301 I BrcmNfcNfa: 0x0, 0x0, 0x0, 0x0
12-28 02:46:41.910  4156  4301 I BrcmNfcNfa: nfa_dm_cb.disc_cb.entry[0].selected_disc_mask = 0x40000
12-28 02:46:41.910  4156  4301 I BrcmNfcNfa: nfa_dm_cb.disc_cb.entry[1].selected_disc_mask = 0x3d7f
12-28 02:46:41.910  4156  4301 I BrcmNfcNfa: nfa_dm_cb.disc_cb.entry[2].selected_disc_mask = 0xc400000
12-28 02:46:41.910  4156  4301 I BrcmNfcNfa: nfa_p2p_set_config ()
12-28 02:46:41.910  4156  4301 I BrcmNfcNfa: LLCP_GetDiscoveryConfig ()
12-28 02:46:41.910  4156  4301 I BrcmNfcNfa: nfa_dm_check_set_config ()
12-28 02:46:41.910  4156  4301 D NfcAdaptation: NfcAdaptation::HalWrite
12-28 02:46:41.910  4156  4301 I SecHAL  : nfc_hal_write: enter;
12-28 02:46:41.910  4156  4301 I SecHAL  : nfc_hal_write: exit;
12-28 02:46:41.910  4156  4301 I BrcmNfcNfa: nfa_dm_check_set_config ()
12-28 02:46:41.910  4156  4301 I BrcmNfcNfa: nfa_dm_check_set_config ()
12-28 02:46:41.910  4156  4301 I BrcmNfcNfa: dm_disc_mask = 0xc443d7f
12-28 02:46:41.910  4156  4301 I BrcmNfcNfa: nfa_dm_set_rf_listen_mode_config () tech_proto_mask = 0x0C443D7F
12-28 02:46:41.910  4156  4301 I BrcmNfcNfa: nfa_dm_check_set_config ()
12-28 02:46:41.910  4156  4301 I BrcmNfcNfa: nfa_dm_set_total_duration ()
12-28 02:46:41.910  4156  4301 I BrcmNfcNfa: nfa_dm_check_set_config ()
12-28 02:46:41.910  4156  4301 I BrcmNfcNfa: NFC_DiscoveryStart
12-28 02:46:41.910  4156  4301 I BrcmNfcNfa: NFC_DiscoveryStart status: 0xe3
12-28 02:46:41.910  4156  4327 D SecHAL  : nfc_hal_task: Got a event: HAL_EVT_WRITE(3)
12-28 02:46:41.910  4156  4327 D SecHAL  : nfc_hal_task: current state: SERVICE
12-28 02:46:41.910  4156  4327 I SecHAL  : OSI_timer_start: enter,osi_lock
12-28 02:46:41.910  4156  4327 I SecHAL  : OSI_timer_start: before osi_unlock
12-28 02:46:41.910  4156  4327 I SecHAL  : OSI_timer_start: exit
12-28 02:46:41.910  4156  4327 I SecHAL  : device_write: enter
12-28 02:46:41.910  4156  4327 I SecHAL  : device_write: before system call
12-28 02:46:41.911  4156  4327 I SecHAL  : device_write: after system call
12-28 02:46:41.911  4156  4327 D SecHAL  : data_trace:  Send( 26) 20 02 17   01 29 14 46 66 6d 01 01 12 02 02 07 ff 03 02 00 13 04 01 64 07 01 03 
12-28 02:46:41.911  4156  4327 I SecHAL  : device_write: exit
12-28 02:46:41.912  4156  4326 D SecHAL  : read_thread: Sent message to HAL message task, remind que: 2
12-28 02:46:41.912  4156  4327 D SecHAL  : nfc_hal_task: Got a event: HAL_EVT_READ(4)
12-28 02:46:41.912  4156  4327 D SecHAL  : nfc_hal_task: current state: SERVICE
12-28 02:46:41.912  4156  4327 D SecHAL  : data_trace:  Recv(  5) 40 02 02   00 00 
12-28 02:46:41.912  4156  4327 I SecHAL  : OSI_timer_start: enter,osi_lock
12-28 02:46:41.912  4156  4327 I SecHAL  : OSI_timer_start: before osi_unlock
12-28 02:46:41.912  4156  4327 I SecHAL  : OSI_timer_start: exit
12-28 02:46:41.912  4156  4327 I SecHAL  : nfc_data_callback: !
12-28 02:46:41.912  4156  4327 D NfcAdaptation: NfcAdaptation::HalDeviceContextDataCallback: len=5
12-28 02:46:41.912  4156  4301 I BrcmNfcNfa: NFC received rsp gid:0
12-28 02:46:41.912  4156  4301 I BrcmNfcNfa: nci_proc_core_rsp opcode:0x2
12-28 02:46:41.912  4156  4301 I BrcmNfcNfa: nfa_dm_nfc_response_cback () NFC_SET_CONFIG_REVT(0x5002)
12-28 02:46:41.912  4156  4301 D NfcAdaptation: NfcAdaptation::HalWrite
12-28 02:46:41.912  4156  4301 I SecHAL  : nfc_hal_write: enter;
12-28 02:46:41.912  4156  4301 I SecHAL  : nfc_hal_write: exit;
12-28 02:46:41.912  4156  4327 D SecHAL  : nfc_hal_task: Got a event: HAL_EVT_WRITE(3)
12-28 02:46:41.912  4156  4327 D SecHAL  : nfc_hal_task: current state: SERVICE
12-28 02:46:41.912  4156  4327 I SecHAL  : OSI_timer_start: enter,osi_lock
12-28 02:46:41.912  4156  4327 I SecHAL  : OSI_timer_start: before osi_unlock
12-28 02:46:41.912  4156  4327 I SecHAL  : OSI_timer_start: exit
12-28 02:46:41.912  4156  4327 I SecHAL  : device_write: enter
12-28 02:46:41.912  4156  4327 I SecHAL  : device_write: before system call
12-28 02:46:41.913  4156  4327 I SecHAL  : device_write: after system call
12-28 02:46:41.913  4156  4327 D SecHAL  : data_trace:  Send( 29) 20 02 1a   02 61 14 46 66 6d 01 01 12 02 02 07 ff 03 02 00 13 04 01 64 07 01 03 60 01 07 
12-28 02:46:41.913  4156  4327 I SecHAL  : device_write: exit
12-28 02:46:41.913  4156  4326 D SecHAL  : read_thread: Sent message to HAL message task, remind que: 2
12-28 02:46:41.913  4156  4327 D SecHAL  : nfc_hal_task: Got a event: HAL_EVT_READ(4)
12-28 02:46:41.913  4156  4327 D SecHAL  : nfc_hal_task: current state: SERVICE
12-28 02:46:41.913  4156  4327 D SecHAL  : data_trace:  Recv(  5) 40 02 02   00 00 
12-28 02:46:41.913  4156  4327 I SecHAL  : OSI_timer_start: enter,osi_lock
12-28 02:46:41.913  4156  4327 I SecHAL  : OSI_timer_start: before osi_unlock
12-28 02:46:41.913  4156  4327 I SecHAL  : OSI_timer_start: exit
12-28 02:46:41.913  4156  4327 I SecHAL  : nfc_data_callback: !
12-28 02:46:41.913  4156  4327 D NfcAdaptation: NfcAdaptation::HalDeviceContextDataCallback: len=5
12-28 02:46:41.913  4156  4301 I BrcmNfcNfa: NFC received rsp gid:0
12-28 02:46:41.913  4156  4301 I BrcmNfcNfa: nci_proc_core_rsp opcode:0x2
12-28 02:46:41.913  4156  4301 I BrcmNfcNfa: nfa_dm_nfc_response_cback () NFC_SET_CONFIG_REVT(0x5002)
12-28 02:46:41.913  4156  4301 D NfcAdaptation: NfcAdaptation::HalWrite
12-28 02:46:41.913  4156  4301 I SecHAL  : nfc_hal_write: enter;
12-28 02:46:41.913  4156  4301 I SecHAL  : nfc_hal_write: exit;
12-28 02:46:41.913  4156  4327 D SecHAL  : nfc_hal_task: Got a event: HAL_EVT_WRITE(3)
12-28 02:46:41.913  4156  4327 D SecHAL  : nfc_hal_task: current state: SERVICE
12-28 02:46:41.913  4156  4327 I SecHAL  : OSI_timer_start: enter,osi_lock
12-28 02:46:41.913  4156  4327 I SecHAL  : OSI_timer_start: before osi_unlock
12-28 02:46:41.913  4156  4327 I SecHAL  : OSI_timer_start: exit
12-28 02:46:41.913  4156  4327 I SecHAL  : device_write: enter
12-28 02:46:41.913  4156  4327 I SecHAL  : device_write: before system call
12-28 02:46:41.914  4156  4327 I SecHAL  : device_write: after system call
12-28 02:46:41.914  4156  4327 D SecHAL  : data_trace:  Send( 19) 20 02 10   05 30 01 04 31 01 00 32 01 20 38 01 00 50 01 02 
12-28 02:46:41.914  4156  4327 I SecHAL  : device_write: exit
12-28 02:46:41.914  4156  4326 D SecHAL  : read_thread: Sent message to HAL message task, remind que: 2
12-28 02:46:41.914  4156  4327 D SecHAL  : nfc_hal_task: Got a event: HAL_EVT_READ(4)
12-28 02:46:41.914  4156  4327 D SecHAL  : nfc_hal_task: current state: SERVICE
12-28 02:46:41.915  4156  4327 D SecHAL  : data_trace:  Recv(  5) 40 02 02   00 00 
12-28 02:46:41.915  4156  4327 I SecHAL  : OSI_timer_start: enter,osi_lock
12-28 02:46:41.915  4156  4327 I SecHAL  : OSI_timer_start: before osi_unlock
12-28 02:46:41.915  4156  4327 I SecHAL  : OSI_timer_start: exit
12-28 02:46:41.915  4156  4327 I SecHAL  : nfc_data_callback: !
12-28 02:46:41.915  4156  4327 D NfcAdaptation: NfcAdaptation::HalDeviceContextDataCallback: len=5
12-28 02:46:41.915  4156  4301 I BrcmNfcNfa: NFC received rsp gid:0
12-28 02:46:41.915  4156  4301 I BrcmNfcNfa: nci_proc_core_rsp opcode:0x2
12-28 02:46:41.915  4156  4301 I BrcmNfcNfa: nfa_dm_nfc_response_cback () NFC_SET_CONFIG_REVT(0x5002)
12-28 02:46:41.915  4156  4301 D NfcAdaptation: NfcAdaptation::HalWrite
12-28 02:46:41.915  4156  4301 I SecHAL  : nfc_hal_write: enter;
12-28 02:46:41.915  4156  4301 I SecHAL  : nfc_hal_write: exit;
12-28 02:46:41.915  4156  4327 D SecHAL  : nfc_hal_task: Got a event: HAL_EVT_WRITE(3)
12-28 02:46:41.915  4156  4327 D SecHAL  : nfc_hal_task: current state: SERVICE
12-28 02:46:41.915  4156  4327 I SecHAL  : OSI_timer_start: enter,osi_lock
12-28 02:46:41.915  4156  4327 I SecHAL  : OSI_timer_start: before osi_unlock
12-28 02:46:41.915  4156  4327 I SecHAL  : OSI_timer_start: exit
12-28 02:46:41.915  4156  4327 I SecHAL  : device_write: enter
12-28 02:46:41.915  4156  4327 I SecHAL  : device_write: before system call
12-28 02:46:41.915  4156  4327 I SecHAL  : device_write: after system call
12-28 02:46:41.915  4156  4327 D SecHAL  : data_trace:  Send(  8) 20 02 05   01 00 02 f4 01 
12-28 02:46:41.915  4156  4327 I SecHAL  : device_write: exit
12-28 02:46:41.915  4156  4326 D SecHAL  : read_thread: Sent message to HAL message task, remind que: 2
12-28 02:46:41.915  4156  4327 D SecHAL  : nfc_hal_task: Got a event: HAL_EVT_READ(4)
12-28 02:46:41.915  4156  4327 D SecHAL  : nfc_hal_task: current state: SERVICE
12-28 02:46:41.915  4156  4327 D SecHAL  : data_trace:  Recv(  5) 40 02 02   00 00 
12-28 02:46:41.915  4156  4327 I SecHAL  : OSI_timer_start: enter,osi_lock
12-28 02:46:41.915  4156  4327 I SecHAL  : OSI_timer_start: before osi_unlock
12-28 02:46:41.915  4156  4327 I SecHAL  : OSI_timer_start: exit
12-28 02:46:41.915  4156  4327 I SecHAL  : nfc_data_callback: !
12-28 02:46:41.915  4156  4327 D NfcAdaptation: NfcAdaptation::HalDeviceContextDataCallback: len=5
12-28 02:46:41.915  4156  4301 I BrcmNfcNfa: NFC received rsp gid:0
12-28 02:46:41.915  4156  4301 I BrcmNfcNfa: nci_proc_core_rsp opcode:0x2
12-28 02:46:41.915  4156  4301 I BrcmNfcNfa: nfa_dm_nfc_response_cback () NFC_SET_CONFIG_REVT(0x5002)
12-28 02:46:41.915  4156  4301 D NfcAdaptation: NfcAdaptation::HalPrediscover
12-28 02:46:41.915  4156  4301 I SecHAL  : nfc_hal_pre_discover: enter;
12-28 02:46:41.915  4156  4301 I SecHAL  : nfc_hal_pre_discover: exit;
12-28 02:46:41.916  4156  4301 D NfcAdaptation: NfcAdaptation::HalWrite
12-28 02:46:41.916  4156  4327 D SecHAL  : nfc_hal_task: Got a event: Uknown event.(2)
12-28 02:46:41.916  4156  4301 I SecHAL  : nfc_hal_write: enter;
12-28 02:46:41.916  4156  4327 D SecHAL  : nfc_hal_task: current state: SERVICE
12-28 02:46:41.916  4156  4301 I SecHAL  : nfc_hal_write: exit;
12-28 02:46:41.916  4156  4327 D SecHAL  : nfc_hal_task: Got a event: HAL_EVT_WRITE(3)
12-28 02:46:41.916  4156  4327 D SecHAL  : nfc_hal_task: current state: SERVICE
12-28 02:46:41.916  4156  4327 I SecHAL  : OSI_timer_start: enter,osi_lock
12-28 02:46:41.916  4156  4327 I SecHAL  : OSI_timer_start: before osi_unlock
12-28 02:46:41.916  4156  4327 I SecHAL  : OSI_timer_start: exit
12-28 02:46:41.916  4156  4327 I SecHAL  : device_write: enter
12-28 02:46:41.916  4156  4327 I SecHAL  : device_write: before system call
12-28 02:46:41.916  4156  4327 I SecHAL  : device_write: after system call
12-28 02:46:41.916  4156  4327 D SecHAL  : data_trace:  Send( 26) 21 03 17   0b 00 01 01 01 02 01 03 01 05 01 80 01 82 01 83 01 85 01 06 01 77 01 
12-28 02:46:41.916  4156  4327 I SecHAL  : device_write: exit
12-28 02:46:41.926  4156  4326 D SecHAL  : read_thread: Sent message to HAL message task, remind que: 2
12-28 02:46:41.926  4156  4327 D SecHAL  : nfc_hal_task: Got a event: HAL_EVT_READ(4)
12-28 02:46:41.926  4156  4327 D SecHAL  : nfc_hal_task: current state: SERVICE
12-28 02:46:41.926  4156  4327 D SecHAL  : data_trace:  Recv(  4) 41 03 01   00 
12-28 02:46:41.926  4156  4327 I SecHAL  : OSI_timer_start: enter,osi_lock
12-28 02:46:41.926  4156  4327 I SecHAL  : OSI_timer_start: before osi_unlock
12-28 02:46:41.926  4156  4327 I SecHAL  : OSI_timer_start: exit
12-28 02:46:41.926  4156  4327 I SecHAL  : nfc_data_callback: !
12-28 02:46:41.926  4156  4327 D NfcAdaptation: NfcAdaptation::HalDeviceContextDataCallback: len=4
12-28 02:46:41.926  4156  4301 I BrcmNfcNfa: NFC received rsp gid:1
12-28 02:46:41.926  4156  4301 I BrcmNfcNfa: p2p priority is running under bail out mode ONLY.
12-28 02:46:41.926  4156  4301 I BrcmNfcNfa: nfa_dm_disc_discovery_cback (): event:0x4000
12-28 02:46:41.926  4156  4301 I BrcmNfcNfa: nfa_dm_disc_sm_execute (): state: IDLE (0), event: DISCOVER_RSP(1) disc_flags: 0x31
12-28 02:46:41.926  4156  4301 I BrcmNfcNfa: nfa_dm_disc_new_state (): old_state: IDLE (0), new_state: DISCOVERY (1) disc_flags: 0x11
12-28 02:46:41.926  4156  4301 I BrcmNfcNfa: nfa_ce_discovery_cback(): event:0x00
12-28 02:46:41.926  4156  4301 I BrcmNfcNfa: nfa_ce_handle_disc_start (status=0x0)
12-28 02:46:41.926  4156  4301 I BrcmNfcNfa: nfa_dm_poll_disc_cback (): event:0x00
12-28 02:46:41.926  4156  4301 I BrcmNfcNfa: nfa_p2p_discovery_cback (): event:0x00
12-28 02:46:41.926  4156  4301 D BrcmNfcJni: nfaConnectionCallback: event= 30
12-28 02:46:41.926  4156  4301 D BrcmNfcJni: nfaConnectionCallback: NFA_RF_DISCOVERY_STARTED_EVT: status = 0
12-28 02:46:41.926  4156  4301 I BrcmNfcNfa: nfa_dm_disc_sm_execute (): new state: DISCOVERY (1), disc_flags: 0x1
12-28 02:46:41.926  4156  4297 D BrcmNfcJni: PowerSwitch::setModeOn(activated=0x1) : mCurrActivity=0x1
12-28 02:46:41.926  4156  4297 D BrcmNfcJni: nfcManager_enableDiscovery: exit
12-28 02:46:41.926  4156  4297 I NfcService: First Boot
12-28 02:46:41.944  3011  3627 I MediaPlayerService: MediaPlayerService::getOMX
12-28 02:46:41.945  4156  4717 I OMXClient: MuxOMX ctor
12-28 02:46:41.945  3007  3007 I OMXMaster: makeComponentInstance(OMX.google.vorbis.decoder) in mediacodec process
12-28 02:46:41.972  3011  3011 I MediaPlayerService: MediaPlayerService::getOMX
12-28 02:46:41.972  4156  4720 I OMXClient: MuxOMX ctor
12-28 02:46:41.972  3007  3793 I OMXMaster: makeComponentInstance(OMX.google.vorbis.decoder) in mediacodec process
12-28 02:46:42.144  2999  2999 D wrapperGPS: wrapperConnect_RILD
12-28 02:46:42.274  4258  4604 I chatty  : uid=10010(com.android.providers.media) android.process.media expire 3 lines
12-28 02:46:42.296  4258  4604 I MediaScanner: forcing rescan of /system/media/audio/ringtones/Big_Easy.ogg since build fingerprint changed
12-28 02:46:42.305  4258  4604 I MediaScanner: forcing rescan of /system/media/audio/ringtones/BirdLoop.ogg since build fingerprint changed
12-28 02:46:42.313  4258  4604 I MediaScanner: forcing rescan of /system/media/audio/ringtones/Bollywood.ogg since build fingerprint changed
12-28 02:46:42.321  4258  4604 I MediaScanner: forcing rescan of /system/media/audio/ringtones/Boxbeat.ogg since build fingerprint changed
12-28 02:46:42.340  4258  4604 I MediaScanner: forcing rescan of /system/media/audio/ringtones/BussaMove.ogg since build fingerprint changed
12-28 02:46:42.348  4258  4604 I MediaScanner: forcing rescan of /system/media/audio/ringtones/CASSIOPEIA.ogg since build fingerprint changed
12-28 02:46:42.356  4258  4604 I MediaScanner: forcing rescan of /system/media/audio/ringtones/Cairo.ogg since build fingerprint changed
12-28 02:46:42.363  4258  4604 I MediaScanner: forcing rescan of /system/media/audio/ringtones/Callisto.ogg since build fingerprint changed
12-28 02:46:42.381  4258  4604 I MediaScanner: forcing rescan of /system/media/audio/ringtones/Calypso_Steel.ogg since build fingerprint changed
12-28 02:46:42.388  4258  4604 I MediaScanner: forcing rescan of /system/media/audio/ringtones/CanisMajor.ogg since build fingerprint changed
12-28 02:46:42.396  4258  4604 I MediaScanner: forcing rescan of /system/media/audio/ringtones/CaribbeanIce.ogg since build fingerprint changed
12-28 02:46:42.403  4258  4604 I MediaScanner: forcing rescan of /system/media/audio/ringtones/Carina.ogg since build fingerprint changed
12-28 02:46:42.409  4258  4604 I MediaScanner: forcing rescan of /system/media/audio/ringtones/Centaurus.ogg since build fingerprint changed
12-28 02:46:42.416  4258  4604 I MediaScanner: forcing rescan of /system/media/audio/ringtones/Champagne_Edition.ogg since build fingerprint changed
12-28 02:46:42.424  4258  4604 I MediaScanner: forcing rescan of /system/media/audio/ringtones/Club_Cubano.ogg since build fingerprint changed
12-28 02:46:42.432  4258  4604 I MediaScanner: forcing rescan of /system/media/audio/ringtones/CrayonRock.ogg since build fingerprint changed
12-28 02:46:42.439  4258  4604 I MediaScanner: forcing rescan of /system/media/audio/ringtones/CrazyDream.ogg since build fingerprint changed
12-28 02:46:42.453  4258  4604 I MediaScanner: forcing rescan of /system/media/audio/ringtones/CurveBall.ogg since build fingerprint changed
12-28 02:46:42.460  4258  4604 I MediaScanner: forcing rescan of /system/media/audio/ringtones/CyanTone.ogg since build fingerprint changed
12-28 02:46:42.485  4258  4604 I MediaScanner: forcing rescan of /system/media/audio/ringtones/Cygnus.ogg since build fingerprint changed
12-28 02:46:42.492  4258  4604 I MediaScanner: forcing rescan of /system/media/audio/ringtones/DancinFool.ogg since build fingerprint changed
12-28 02:46:42.501  4258  4604 I MediaScanner: forcing rescan of /system/media/audio/ringtones/Ding.ogg since build fingerprint changed
12-28 02:46:42.507  4258  4604 I MediaScanner: forcing rescan of /system/media/audio/ringtones/Dione.ogg since build fingerprint changed
12-28 02:46:42.523  4258  4604 I MediaScanner: forcing rescan of /system/media/audio/ringtones/DonMessWivIt.ogg since build fingerprint changed
12-28 02:46:42.531  4258  4604 I MediaScanner: forcing rescan of /system/media/audio/ringtones/Draco.ogg since build fingerprint changed
12-28 02:46:42.538  4258  4604 I MediaScanner: forcing rescan of /system/media/audio/ringtones/DreamTheme.ogg since build fingerprint changed
12-28 02:46:42.552  4258  4604 I MediaScanner: forcing rescan of /system/media/audio/ringtones/Eastern_Sky.ogg since build fingerprint changed
12-28 02:46:42.561  4258  4604 I MediaScanner: forcing rescan of /system/media/audio/ringtones/Enter_the_Nexus.ogg since build fingerprint changed
12-28 02:46:42.570  4258  4604 I MediaScanner: forcing rescan of /system/media/audio/ringtones/Eridani.ogg since build fingerprint changed
12-28 02:46:42.577  4258  4604 I MediaScanner: forcing rescan of /system/media/audio/ringtones/EtherShake.ogg since build fingerprint changed
12-28 02:46:42.584  4258  4604 I MediaScanner: forcing rescan of /system/media/audio/ringtones/FreeFlight.ogg since build fingerprint changed
12-28 02:46:42.596  4258  4604 I MediaScanner: forcing rescan of /system/media/audio/ringtones/FriendlyGhost.ogg since build fingerprint changed
12-28 02:46:42.605  4258  4604 I MediaScanner: forcing rescan of /system/media/audio/ringtones/Funk_Yall.ogg since build fingerprint changed
12-28 02:46:42.612  4258  4604 I MediaScanner: forcing rescan of /system/media/audio/ringtones/GameOverGuitar.ogg since build fingerprint changed
12-28 02:46:42.620  4258  4604 I MediaScanner: forcing rescan of /system/media/audio/ringtones/Ganymede.ogg since build fingerprint changed
12-28 02:46:42.634  4258  4604 I MediaScanner: forcing rescan of /system/media/audio/ringtones/Gimme_Mo_Town.ogg since build fingerprint changed
12-28 02:46:42.642  4258  4604 I MediaScanner: forcing rescan of /system/media/audio/ringtones/Girtab.ogg since build fingerprint changed
12-28 02:46:42.650  4258  4604 I MediaScanner: forcing rescan of /system/media/audio/ringtones/Glacial_Groove.ogg since build fingerprint changed
12-28 02:46:42.658  4258  4604 I MediaScanner: forcing rescan of /system/media/audio/ringtones/Growl.ogg since build fingerprint changed
12-28 02:46:42.666  4258  4604 I MediaScanner: forcing rescan of /system/media/audio/ringtones/HalfwayHome.ogg since build fingerprint changed
12-28 02:46:42.676  4258  4604 I MediaScanner: forcing rescan of /system/media/audio/ringtones/Highscore.ogg since build fingerprint changed
12-28 02:46:42.689  4258  4604 I MediaScanner: forcing rescan of /system/media/audio/ringtones/Hydra.ogg since build fingerprint changed
12-28 02:46:42.696  4258  4604 I MediaScanner: forcing rescan of /system/media/audio/ringtones/InsertCoin.ogg since build fingerprint changed
12-28 02:46:42.702  4258  4604 I MediaScanner: forcing rescan of /system/media/audio/ringtones/Kuma.ogg since build fingerprint changed
12-28 02:46:42.716  4258  4604 I MediaScanner: forcing rescan of /system/media/audio/ringtones/LoopyLounge.ogg since build fingerprint changed
12-28 02:46:42.724  4258  4604 I MediaScanner: forcing rescan of /system/media/audio/ringtones/LoveFlute.ogg since build fingerprint changed
12-28 02:46:42.732  4258  4604 I MediaScanner: forcing rescan of /system/media/audio/ringtones/Luna.ogg since build fingerprint changed
12-28 02:46:42.744  4258  4604 I MediaScanner: forcing rescan of /system/media/audio/ringtones/Lyon.ogg since build fingerprint changed
12-28 02:46:42.757  4258  4604 I MediaScanner: forcing rescan of /system/media/audio/ringtones/Lyra.ogg since build fingerprint changed
12-28 02:46:42.765  4258  4604 I MediaScanner: forcing rescan of /system/media/audio/ringtones/Machina.ogg since build fingerprint changed
12-28 02:46:42.772  4258  4604 I MediaScanner: forcing rescan of /system/media/audio/ringtones/MidEvilJaunt.ogg since build fingerprint changed
12-28 02:46:42.779  4258  4604 I MediaScanner: forcing rescan of /system/media/audio/ringtones/MildlyAlarming.ogg since build fingerprint changed
12-28 02:46:42.787  4258  4604 I MediaScanner: forcing rescan of /system/media/audio/ringtones/Nairobi.ogg since build fingerprint changed
12-28 02:46:42.794  4258  4604 I MediaScanner: forcing rescan of /system/media/audio/ringtones/Nassau.ogg since build fingerprint changed
12-28 02:46:42.802  4258  4604 I MediaScanner: forcing rescan of /system/media/audio/ringtones/NewPlayer.ogg since build fingerprint changed
12-28 02:46:42.808  4258  4604 I MediaScanner: forcing rescan of /system/media/audio/ringtones/No_Limits.ogg since build fingerprint changed
12-28 02:46:42.815  4258  4604 I MediaScanner: forcing rescan of /system/media/audio/ringtones/Noises1.ogg since build fingerprint changed
12-28 02:46:42.823  4258  4604 I MediaScanner: forcing rescan of /system/media/audio/ringtones/Noises2.ogg since build fingerprint changed
12-28 02:46:42.830  4258  4604 I MediaScanner: forcing rescan of /system/media/audio/ringtones/Noises3.ogg since build fingerprint changed
12-28 02:46:42.837  4258  4604 I MediaScanner: forcing rescan of /system/media/audio/ringtones/Oberon.ogg since build fingerprint changed
12-28 02:46:42.855  4258  4604 I MediaScanner: forcing rescan of /system/media/audio/ringtones/OrganDub.ogg since build fingerprint changed
12-28 02:46:42.862  4258  4604 W MediaScanner: forcing rescan of /system/media/audio/ringtones/Orion.oggsince ringtone setting didn't finish
12-28 02:46:42.871  4258  4604 W MediaProvider: Missing volume for /system/media/audio/ringtones; assuming invalid
12-28 02:46:42.879  4258  4604 W MediaProvider: Missing volume for /system/media/audio/notifications/Ariel.ogg; assuming invalid
12-28 02:46:42.880  4258  4604 W MediaProvider: Missing volume for /system/media/audio/notifications/Beat_Box_Android.ogg; assuming invalid
12-28 02:46:42.881  4258  4604 W MediaProvider: Missing volume for /system/media/audio/notifications/Bellatrix.ogg; assuming invalid
12-28 02:46:42.883  4258  4604 W MediaProvider: Missing volume for /system/media/audio/notifications/Beryllium.ogg; assuming invalid
12-28 02:46:42.884  4258  4604 W MediaProvider: Missing volume for /system/media/audio/notifications/Betelgeuse.ogg; assuming invalid
12-28 02:46:42.886  4258  4604 W MediaProvider: Missing volume for /system/media/audio/notifications/CaffeineSnake.ogg; assuming invalid
12-28 02:46:42.887  4258  4604 W MediaProvider: Missing volume for /system/media/audio/notifications/Canopus.ogg; assuming invalid
12-28 02:46:42.888  4258  4604 W MediaProvider: Missing volume for /system/media/audio/notifications/Capella.ogg; assuming invalid
12-28 02:46:42.890  4258  4604 W MediaProvider: Missing volume for /system/media/audio/notifications/Carme.ogg; assuming invalid
12-28 02:46:42.890  4258  4604 W MediaProvider: Missing volume for /system/media/audio/notifications/Castor.ogg; assuming invalid
12-28 02:46:42.892  4258  4604 W MediaProvider: Missing volume for /system/media/audio/notifications/Ceres.ogg; assuming invalid
12-28 02:46:42.893  4258  4604 W MediaProvider: Missing volume for /system/media/audio/notifications/CetiAlpha.ogg; assuming invalid
12-28 02:46:42.894  4258  4604 W MediaProvider: Missing volume for /system/media/audio/notifications/Cobalt.ogg; assuming invalid
12-28 02:46:42.896  4258  4604 W MediaProvider: Missing volume for /system/media/audio/notifications/Cricket.ogg; assuming invalid
12-28 02:46:42.898  4258  4604 W MediaProvider: Missing volume for /system/media/audio/notifications/CyanDoink.ogg; assuming invalid
12-28 02:46:42.899  4258  4604 W MediaProvider: Missing volume for /system/media/audio/notifications/CyanMail.ogg; assuming invalid
12-28 02:46:42.900  4258  4604 W MediaProvider: Missing volume for /system/media/audio/notifications/CyanMessage.ogg; assuming invalid
12-28 02:46:42.901  4258  4604 W MediaProvider: Missing volume for /system/media/audio/notifications/DearDeer.ogg; assuming invalid
12-28 02:46:42.902  4258  4604 W MediaProvider: Missing volume for /system/media/audio/notifications/Deneb.ogg; assuming invalid
12-28 02:46:42.904  4258  4604 W MediaProvider: Missing volume for /system/media/audio/notifications/Doink.ogg; assuming invalid
12-28 02:46:42.904  4258  4604 W MediaProvider: Missing volume for /system/media/audio/notifications/DontPanic.ogg; assuming invalid
12-28 02:46:42.905  4258  4604 W MediaProvider: Missing volume for /system/media/audio/notifications/Drip.ogg; assuming invalid
12-28 02:46:42.907  4258  4604 W MediaProvider: Missing volume for /system/media/audio/notifications/Elara.ogg; assuming invalid
12-28 02:46:42.908  4258  4604 W MediaProvider: Missing volume for /system/media/audio/notifications/Electra.ogg; assuming invalid
12-28 02:46:42.909  4258  4604 W MediaProvider: Missing volume for /system/media/audio/notifications/Europa.ogg; assuming invalid
12-28 02:46:42.910  4258  4604 W MediaProvider: Missing volume for /system/media/audio/notifications/F1_MissedCall.ogg; assuming invalid
12-28 02:46:42.911  4258  4604 W MediaProvider: Missing volume for /system/media/audio/notifications/F1_New_MMS.ogg; assuming invalid
12-28 02:46:42.913  4258  4604 W MediaProvider: Missing volume for /system/media/audio/notifications/F1_New_SMS.ogg; assuming invalid
12-28 02:46:42.914  4258  4604 W MediaProvider: Missing volume for /system/media/audio/notifications/Fluorine.ogg; assuming invalid
12-28 02:46:42.915  4258  4604 W MediaProvider: Missing volume for /system/media/audio/notifications/Fomalhaut.ogg; assuming invalid
12-28 02:46:42.916  4258  4604 W MediaProvider: Missing volume for /system/media/audio/notifications/Gallium.ogg; assuming invalid
12-28 02:46:42.917  4258  4604 W MediaProvider: Missing volume for /system/media/audio/notifications/Heaven.ogg; assuming invalid
12-28 02:46:42.919  4258  4604 W MediaProvider: Missing volume for /system/media/audio/notifications/Helium.ogg; assuming invalid
12-28 02:46:42.920  4258  4604 W MediaProvider: Missing volume for /system/media/audio/notifications/Highwire.ogg; assuming invalid
12-28 02:46:42.921  4258  4604 W MediaProvider: Missing volume for /system/media/audio/notifications/Hojus.ogg; assuming invalid
12-28 02:46:42.923  4258  4604 W MediaProvider: Missing volume for /system/media/audio/notifications/Iapetus.ogg; assuming invalid
12-28 02:46:42.924  4258  4604 W MediaProvider: Missing volume for /system/media/audio/notifications/Io.ogg; assuming invalid
12-28 02:46:42.926  4258  4604 W MediaProvider: Missing volume for /system/media/audio/notifications/Iridium.ogg; assuming invalid
12-28 02:46:42.928  4258  4604 W MediaProvider: Missing volume for /system/media/audio/notifications/Krypton.ogg; assuming invalid
12-28 02:46:42.929  4258  4604 W MediaProvider: Missing volume for /system/media/audio/notifications/KzurbSonar.ogg; assuming invalid
12-28 02:46:42.930  4258  4604 W MediaProvider: Missing volume for /system/media/audio/notifications/Lalande.ogg; assuming invalid
12-28 02:46:42.931  4258  4604 W MediaProvider: Missing volume for /system/media/audio/notifications/Laser.ogg; assuming invalid
12-28 02:46:42.933  4258  4604 W MediaProvider: Missing volume for /system/media/audio/notifications/Merope.ogg; assuming invalid
12-28 02:46:42.934  4258  4604 W MediaProvider: Missing volume for /system/media/audio/notifications/Mira.ogg; assuming invalid
12-28 02:46:42.935  4258  4604 W MediaProvider: Missing volume for /system/media/audio/notifications/Naughty.ogg; assuming invalid
12-28 02:46:42.936  4258  4604 W MediaProvider: Missing volume for /system/media/audio/notifications/OnTheHunt.ogg; assuming invalid
12-28 02:46:42.937  4258  4604 W MediaProvider: Missing volume for /system/media/audio/notifications/Palladium.ogg; assuming invalid
12-28 02:46:42.939  4258  4604 W MediaProvider: Missing volume for /system/media/audio/notifications/Plastic_Pipe.ogg; assuming invalid
12-28 02:46:42.940  4258  4604 W MediaProvider: Missing volume for /system/media/audio/notifications/Polaris.ogg; assuming invalid
12-28 02:46:42.942  4258  4604 W MediaProvider: Missing volume for /system/media/audio/notifications/Pollux.ogg; assuming invalid
12-28 02:46:42.944  4258  4604 W MediaProvider: Missing volume for /system/media/audio/notifications/Pong.ogg; assuming invalid
12-28 02:46:42.945  4258  4604 W MediaProvider: Missing volume for /system/media/audio/notifications/Procyon.ogg; assuming invalid
12-28 02:46:42.946  3011  3796 E MetadataRetrieverClient: failed to extract an album art
12-28 02:46:42.947  4258  4604 W MediaProvider: Missing volume for /system/media/audio/notifications/Proxima.ogg; assuming invalid
12-28 02:46:42.948  4258  4604 W MediaProvider: Missing volume for /system/media/audio/notifications/Radon.ogg; assuming invalid
12-28 02:46:42.949  4258  4604 W MediaProvider: Missing volume for /system/media/audio/notifications/Rang.ogg; assuming invalid
12-28 02:46:42.950  4258  4604 W MediaProvider: Missing volume for /system/media/audio/notifications/Rhea.ogg; assuming invalid
12-28 02:46:42.952  4258  4604 W MediaProvider: Missing volume for /system/media/audio/notifications/Rubidium.ogg; assuming invalid
12-28 02:46:42.953  4258  4604 W MediaProvider: Missing volume for /system/media/audio/notifications/Salacia.ogg; assuming invalid
12-28 02:46:42.955  4258  4604 W MediaProvider: Missing volume for /system/media/audio/notifications/Selenium.ogg; assuming invalid
12-28 02:46:42.956  4258  4604 W MediaProvider: Missing volume for /system/media/audio/notifications/Shaula.ogg; assuming invalid
12-28 02:46:42.958  4258  4604 W MediaProvider: Missing volume for /system/media/audio/notifications/Sirrah.ogg; assuming invalid
12-28 02:46:42.959  4258  4604 W MediaProvider: Missing volume for /system/media/audio/notifications/SpaceSeed.ogg; assuming invalid
12-28 02:46:42.960  4258  4604 W MediaProvider: Missing volume for /system/media/audio/notifications/Spica.ogg; assuming invalid
12-28 02:46:42.962  4258  4604 W MediaProvider: Missing volume for /system/media/audio/notifications/Stone.ogg; assuming invalid
12-28 02:46:42.964  4258  4604 W MediaProvider: Missing volume for /system/media/audio/notifications/Strontium.ogg; assuming invalid
12-28 02:46:42.964  4258  4264 I art     : Do partial code cache collection, code=39KB, data=57KB
12-28 02:46:42.965  4258  4264 I art     : After code cache collection, code=39KB, data=57KB
12-28 02:46:42.965  4258  4264 I art     : Increasing code cache capacity to 256KB
12-28 02:46:42.966  4258  4604 W MediaProvider: Missing volume for /system/media/audio/notifications/Syrma.ogg; assuming invalid
12-28 02:46:42.967  4258  4604 W MediaProvider: Missing volume for /system/media/audio/notifications/TaDa.ogg; assuming invalid
12-28 02:46:42.969  4258  4604 W MediaProvider: Missing volume for /system/media/audio/notifications/Talitha.ogg; assuming invalid
12-28 02:46:42.970  4258  4604 W MediaProvider: Missing volume for /system/media/audio/notifications/Tethys.ogg; assuming invalid
12-28 02:46:42.971  4258  4604 W MediaProvider: Missing volume for /system/media/audio/notifications/Thallium.ogg; assuming invalid
12-28 02:46:42.973  4258  4604 W MediaProvider: Missing volume for /system/media/audio/notifications/Tinkerbell.ogg; assuming invalid
12-28 02:46:42.974  4258  4604 W MediaProvider: Missing volume for /system/media/audio/notifications/Titan.ogg; assuming invalid
12-28 02:46:42.975  4258  4604 W MediaProvider: Missing volume for /system/media/audio/notifications/Upsilon.ogg; assuming invalid
12-28 02:46:42.976  4258  4604 W MediaProvider: Missing volume for /system/media/audio/notifications/Vega.ogg; assuming invalid
12-28 02:46:42.977  4258  4604 W MediaProvider: Missing volume for /system/media/audio/notifications/Voila.ogg; assuming invalid
12-28 02:46:42.979  4258  4604 W MediaProvider: Missing volume for /system/media/audio/notifications/Xenon.ogg; assuming invalid
12-28 02:46:42.980  4258  4604 W MediaProvider: Missing volume for /system/media/audio/notifications/Zirconium.ogg; assuming invalid
12-28 02:46:42.981  4258  4604 W MediaProvider: Missing volume for /system/media/audio/notifications/moonbeam.ogg; assuming invalid
12-28 02:46:42.983  4258  4604 W MediaProvider: Missing volume for /system/media/audio/notifications/pixiedust.ogg; assuming invalid
12-28 02:46:42.984  4258  4604 W MediaProvider: Missing volume for /system/media/audio/notifications/pizzicato.ogg; assuming invalid
12-28 02:46:42.985  4258  4604 W MediaProvider: Missing volume for /system/media/audio/notifications/regulus.ogg; assuming invalid
12-28 02:46:42.986  4258  4604 W MediaProvider: Missing volume for /system/media/audio/notifications/sirius.ogg; assuming invalid
12-28 02:46:42.987  4258  4604 W MediaProvider: Missing volume for /system/media/audio/notifications/tweeters.ogg; assuming invalid
12-28 02:46:42.989  4258  4604 W MediaProvider: Missing volume for /system/media/audio/ringtones/Andromeda.ogg; assuming invalid
12-28 02:46:42.990  4258  4604 W MediaProvider: Missing volume for /system/media/audio/ringtones/Aquila.ogg; assuming invalid
12-28 02:46:42.992  4258  4604 W MediaProvider: Missing volume for /system/media/audio/ringtones/ArgoNavis.ogg; assuming invalid
12-28 02:46:42.993  3011  3796 E MetadataRetrieverClient: failed to extract an album art
12-28 02:46:42.994  4258  4604 W MediaProvider: Missing volume for /system/media/audio/ringtones/AtriaMaterial.ogg; assuming invalid
12-28 02:46:42.995  4258  4604 W MediaProvider: Missing volume for /system/media/audio/ringtones/BOOTES.ogg; assuming invalid
12-28 02:46:42.996  4258  4604 W MediaProvider: Missing volume for /system/media/audio/ringtones/Backroad.ogg; assuming invalid
12-28 02:46:42.998  4258  4604 W MediaProvider: Missing volume for /system/media/audio/ringtones/BeatPlucker.ogg; assuming invalid
12-28 02:46:42.999  4258  4604 W MediaProvider: Missing volume for /system/media/audio/ringtones/BentleyDubs.ogg; assuming invalid
12-28 02:46:43.000  4258  4604 W MediaProvider: Missing volume for /system/media/audio/ringtones/Big_Easy.ogg; assuming invalid
12-28 02:46:43.001  4258  4604 W MediaProvider: Missing volume for /system/media/audio/ringtones/BirdLoop.ogg; assuming invalid
12-28 02:46:43.001  4156  4703 I SecHAL  : device_sleep: NFC can be going to sleep
12-28 02:46:43.002  4258  4604 W MediaProvider: Missing volume for /system/media/audio/ringtones/Bollywood.ogg; assuming invalid
12-28 02:46:43.004  4258  4604 W MediaProvider: Missing volume for /system/media/audio/ringtones/Boxbeat.ogg; assuming invalid
12-28 02:46:43.005  4258  4604 W MediaProvider: Missing volume for /system/media/audio/ringtones/BussaMove.ogg; assuming invalid
12-28 02:46:43.006  4258  4604 W MediaProvider: Missing volume for /system/media/audio/ringtones/CASSIOPEIA.ogg; assuming invalid
12-28 02:46:43.007  4258  4604 W MediaProvider: Missing volume for /system/media/audio/ringtones/Cairo.ogg; assuming invalid
12-28 02:46:43.008  4258  4604 W MediaProvider: Missing volume for /system/media/audio/ringtones/Callisto.ogg; assuming invalid
12-28 02:46:43.009  4258  4604 W MediaProvider: Missing volume for /system/media/audio/ringtones/Calypso_Steel.ogg; assuming invalid
12-28 02:46:43.011  4258  4604 W MediaProvider: Missing volume for /system/media/audio/ringtones/CanisMajor.ogg; assuming invalid
12-28 02:46:43.014  3333  3435 I InputReader: Reconfiguring input devices.  changes=0x00000010
12-28 02:46:43.014  4258  4604 W MediaProvider: Missing volume for /system/media/audio/ringtones/CaribbeanIce.ogg; assuming invalid
12-28 02:46:43.015  3333  3435 I InputReader: Reconfiguring input devices.  changes=0x00000010
12-28 02:46:43.016  3333  3435 I InputReader: Reconfiguring input devices.  changes=0x00000010
12-28 02:46:43.018  3333  3435 I InputReader: Reconfiguring input devices.  changes=0x00000010
12-28 02:46:43.022  3333  3435 I InputReader: Reconfiguring input devices.  changes=0x00000010
12-28 02:46:43.023  3333  3350 I PackageManager: Replacing preferred activity com.android.messaging/.ui.conversation.LaunchConversationActivity for user 0:
12-28 02:46:43.023  3333  3350 I PackageManager:   Action: "android.intent.action.SENDTO"
12-28 02:46:43.023  3333  3350 I PackageManager:   Category: "android.intent.category.DEFAULT"
12-28 02:46:43.023  3333  3350 I PackageManager:   Scheme: "sms"
12-28 02:46:43.023  3333  3350 I PackageManager:   AutoVerify=false
12-28 02:46:43.023  3333  3435 I InputReader: Reconfiguring input devices.  changes=0x00000010
12-28 02:46:43.023  4258  4604 W MediaProvider: Missing volume for /system/media/audio/ringtones/Carina.ogg; assuming invalid
12-28 02:46:43.024  4156  4156 D RegisteredNfcFServicesCache: Service unchanged, not updating
12-28 02:46:43.025  3333  4185 I PackageManager: Replacing preferred activity com.android.messaging/.ui.conversation.LaunchConversationActivity for user 0:
12-28 02:46:43.025  3333  4185 I PackageManager:   Action: "android.intent.action.SENDTO"
12-28 02:46:43.025  3333  4185 I PackageManager:   Category: "android.intent.category.DEFAULT"
12-28 02:46:43.025  3333  4185 I PackageManager:   Scheme: "smsto"
12-28 02:46:43.025  3333  4185 I PackageManager:   AutoVerify=false
12-28 02:46:43.025  3333  3435 I InputReader: Reconfiguring input devices.  changes=0x00000010
12-28 02:46:43.026  3333  3697 I PackageManager: Replacing preferred activity com.android.messaging/.ui.conversation.LaunchConversationActivity for user 0:
12-28 02:46:43.026  3333  3697 I PackageManager:   Action: "android.intent.action.SENDTO"
12-28 02:46:43.026  3333  3697 I PackageManager:   Category: "android.intent.category.DEFAULT"
12-28 02:46:43.026  3333  3697 I PackageManager:   Scheme: "mms"
12-28 02:46:43.026  3333  3697 I PackageManager:   AutoVerify=false
12-28 02:46:43.026  3333  3435 I InputReader: Reconfiguring input devices.  changes=0x00000010
12-28 02:46:43.027  3333  3435 I InputReader: Reconfiguring input devices.  changes=0x00000010
12-28 02:46:43.027  3333  3637 I PackageManager: Replacing preferred activity com.android.messaging/.ui.conversation.LaunchConversationActivity for user 0:
12-28 02:46:43.027  3333  3637 I PackageManager:   Action: "android.intent.action.SENDTO"
12-28 02:46:43.027  3333  3637 I PackageManager:   Category: "android.intent.category.DEFAULT"
12-28 02:46:43.027  3333  3637 I PackageManager:   Scheme: "mmsto"
12-28 02:46:43.027  3333  3637 I PackageManager:   AutoVerify=false
12-28 02:46:43.029  4258  4604 W MediaProvider: Missing volume for /system/media/audio/ringtones/Centaurus.ogg; assuming invalid
12-28 02:46:43.029  4156  4156 D RegisteredNfcFServicesCache: Service unchanged, not updating
12-28 02:46:43.031  4258  4604 W MediaProvider: Missing volume for /system/media/audio/ringtones/Champagne_Edition.ogg; assuming invalid
12-28 02:46:43.032  4258  4604 W MediaProvider: Missing volume for /system/media/audio/ringtones/Club_Cubano.ogg; assuming invalid
12-28 02:46:43.032  4156  4156 D RegisteredNfcFServicesCache: Service unchanged, not updating
12-28 02:46:43.034  4258  4604 W MediaProvider: Missing volume for /system/media/audio/ringtones/CrayonRock.ogg; assuming invalid
12-28 02:46:43.035  4156  4156 D RegisteredNfcFServicesCache: Service unchanged, not updating
12-28 02:46:43.036  3333  3351 W Searchables: No global search activity found
12-28 02:46:43.036  4258  4604 W MediaProvider: Missing volume for /system/media/audio/ringtones/CrazyDream.ogg; assuming invalid
12-28 02:46:43.038  3333  3351 W SchedPolicy: add_tid_to_cgroup failed to write '4222' (Permission denied); fd=28
12-28 02:46:43.038  3333  3351 W ActivityManager: Failed setting process group of 4222 to 0
12-28 02:46:43.038  3333  3351 W System.err: java.lang.IllegalArgumentException: Invalid argument: 4222
12-28 02:46:43.038  3333  3351 W System.err: 	at android.os.Process.setProcessGroup(Native Method)
12-28 02:46:43.038  3333  3351 W System.err: 	at com.android.server.am.ActivityManagerService.applyOomAdjLocked(ActivityManagerService.java:20627)
12-28 02:46:43.038  4258  4604 W MediaProvider: Missing volume for /system/media/audio/ringtones/CurveBall.ogg; assuming invalid
12-28 02:46:43.038  3333  3351 W System.err: 	at com.android.server.am.ActivityManagerService.updateOomAdjLocked(ActivityManagerService.java:20975)
12-28 02:46:43.039  3333  3351 W System.err: 	at com.android.server.am.ActivityManagerService.updateOomAdjLocked(ActivityManagerService.java:21053)
12-28 02:46:43.039  3333  3351 W System.err: 	at com.android.server.am.ActiveServices.removeConnectionLocked(ActiveServices.java:2235)
12-28 02:46:43.039  3333  3351 W System.err: 	at com.android.server.am.ActiveServices.unbindServiceLocked(ActiveServices.java:1167)
12-28 02:46:43.039  3333  3351 W System.err: 	at com.android.server.am.ActivityManagerService.unbindService(ActivityManagerService.java:17451)
12-28 02:46:43.039  3333  3351 W System.err: 	at android.app.ContextImpl.unbindService(ContextImpl.java:1486)
12-28 02:46:43.039  3333  3351 W System.err: 	at com.android.server.print.RemotePrintSpooler.unbindLocked(RemotePrintSpooler.java:657)
12-28 02:46:43.039  3333  3351 W System.err: 	at com.android.server.print.RemotePrintSpooler.increasePriority(RemotePrintSpooler.java:149)
12-28 02:46:43.039  3333  3351 W System.err: 	at com.android.server.print.UserState.increasePriority(UserState.java:166)
