12-20 02:30:58.416  3383  3513 D WifiService: New client listening to asynchronous messages
12-20 02:30:58.433  3960  3960 E PhoneInterfaceManager: [PhoneIntfMgr] getIccId: No UICC
12-20 02:30:58.439  3960  3960 W Telephony: TelecomAccountRegistry: Failed to get primary stack id
12-20 02:30:58.440  4292  4342 I Email   : Observing account changes for notifications
12-20 02:30:58.440  3960  3960 E PhoneInterfaceManager: [PhoneIntfMgr] getIccId: No UICC
12-20 02:30:58.448  3383  3614 I Telecom : PhoneAccountRegistrar: New phone account registered: [[ ] PhoneAccount: ComponentInfo{com.android.phone/com.android.services.telephony.TelephonyConnectionService}, [e0184adedf913b076626646d3f52c3b49c39ad6d], UserHandle{0} Capabilities: 54 Schemes: tel voicemail ]
12-20 02:30:58.467  4253  4253 I Exchange: RestartPingsTask did not start any pings.
12-20 02:30:58.468  3383  3614 I Telecom : : Sending phone-account registered intent as user
12-20 02:30:58.468  4253  4253 I Exchange: PSS stopIfIdle
12-20 02:30:58.468  4253  4253 I Exchange: PSS has no active accounts; stopping service.
12-20 02:30:58.470  4253  4253 I Exchange: onDestroy
12-20 02:30:58.471  3960  3960 I Telephony: AccountEntry: Registered phoneAccount: [[ ] PhoneAccount: ComponentInfo{com.android.phone/com.android.services.telephony.TelephonyConnectionService}, [e0184adedf913b076626646d3f52c3b49c39ad6d], UserHandle{0} Capabilities: 54 Schemes: tel voicemail ] with handle: ComponentInfo{com.android.phone/com.android.services.telephony.TelephonyConnectionService}, [e0184adedf913b076626646d3f52c3b49c39ad6d], UserHandle{0}
12-20 02:30:58.471  3960  3960 I Telephony: PstnIncomingCallNotifier: Registering: Handler (com.android.internal.telephony.gsm.GSMPhone) {1b32768}
12-20 02:30:58.473  4253  4253 I Exchange: EasService.onCreate
12-20 02:30:58.476  4253  4350 I Exchange: RestartPingTask
12-20 02:30:58.479  3583  3583 D PhoneStatusBar: disable: < EXPAND ICONS* alerts SYSTEM_INFO* BACK HOME RECENT clock SEARCH quick_settings >
12-20 02:30:58.480  3960  3960 I Telephony: TelecomAccountRegistry: Unregistering phone account ComponentInfo{com.android.phone/com.android.services.telephony.TelephonyConnectionService}, [356a192b7913b04c54574d18c28d46e6395428ab], UserHandle{0}.
12-20 02:30:58.491  4253  4253 I Exchange: RestartPingsTask did not start any pings.
12-20 02:30:58.491  4253  4253 I Exchange: PSS stopIfIdle
12-20 02:30:58.491  4253  4253 I Exchange: PSS has no active accounts; stopping service.
12-20 02:30:58.492  3383  4095 I Telecom : : Sending phone-account unregistered intent as user
12-20 02:30:58.493  4253  4253 I Exchange: onDestroy
12-20 02:30:58.495  3383  3661 W Telecom : : No account found for the calling user
12-20 02:30:58.523  3583  3583 D PhoneStatusBar: disable: < EXPAND ICONS alerts SYSTEM_INFO BACK HOME RECENT clock SEARCH quick_settings >
12-20 02:30:58.538  3383  3403 I ActivityManager: Start proc 4353:com.android.cellbroadcastreceiver/u0a6 for broadcast com.android.cellbroadcastreceiver/.CellBroadcastReceiver
12-20 02:30:58.561  3383  3558 W art     : Long monitor contention event with owner method=boolean android.os.BinderProxy.transactNative(int, android.os.Parcel, android.os.Parcel, int) from Binder.java:4294967294 waiters=0 for 570ms
12-20 02:30:58.561  3383  3383 I FusedLocation: engine started (com.android.location.fused)
12-20 02:30:58.575  3960  3960 V ConfigResourceUtil: resourceName = config_spn_display_control resourceId = 2130837514resourceValue = false
12-20 02:30:58.575  3383  3935 V KeyguardServiceDelegate: **** SHOWN CALLED ****
12-20 02:30:58.586  3383  3668 V KeyguardServiceDelegate: **** SHOWN CALLED ****
12-20 02:30:58.594  3960  4034 E PhoneInterfaceManager: [PhoneIntfMgr] getIccId: ICC ID is null or empty.
12-20 02:30:58.634  4353  4353 W System  : ClassLoader referenced unknown path: /system/priv-app/CellBroadcastReceiver/lib/arm64
12-20 02:30:58.649  3960  3960 E PhoneInterfaceManager: [PhoneIntfMgr] getIccId: ICC ID is null or empty.
12-20 02:30:58.651  4353  4353 D CellBroadcastReceiver: onReceive Intent { act=android.intent.action.SERVICE_STATE flg=0x10 cmp=com.android.cellbroadcastreceiver/.CellBroadcastReceiver (has extras) }
12-20 02:30:58.651  4353  4353 D CellBroadcastReceiver: Intent ACTION_SERVICE_STATE_CHANGED
12-20 02:30:58.651  4353  4353 D CellBroadcastReceiver: subscriptionId = -2
12-20 02:30:58.651  3960  3960 I Telephony: PstnIncomingCallNotifier: Unregistering: Handler (com.android.internal.telephony.gsm.GSMPhone) {1b32768}
12-20 02:30:58.652  3960  4252 E PhoneInterfaceManager: [PhoneIntfMgr] getIccId: ICC ID is null or empty.
12-20 02:30:58.656  3960  3960 W Telephony: TelecomAccountRegistry: Failed to get primary stack id
12-20 02:30:58.657  3960  3960 E PhoneInterfaceManager: [PhoneIntfMgr] getIccId: No UICC
12-20 02:30:58.664  3383  3614 I Telecom : PhoneAccountRegistrar: [ComponentInfo{com.android.phone/com.android.services.telephony.TelephonyConnectionService}, [e0184adedf913b076626646d3f52c3b49c39ad6d], UserHandle{0}(icon: Icon(typ=BITMAP size=76x96) -> Icon(typ=BITMAP size=76x96))]
12-20 02:30:58.686  3383  3614 I Telecom : : Sending phone-account registered intent as user
12-20 02:30:58.688  3960  3960 I Telephony: AccountEntry: Registered phoneAccount: [[ ] PhoneAccount: ComponentInfo{com.android.phone/com.android.services.telephony.TelephonyConnectionService}, [e0184adedf913b076626646d3f52c3b49c39ad6d], UserHandle{0} Capabilities: 54 Schemes: tel voicemail ] with handle: ComponentInfo{com.android.phone/com.android.services.telephony.TelephonyConnectionService}, [e0184adedf913b076626646d3f52c3b49c39ad6d], UserHandle{0}
12-20 02:30:58.688  3960  3960 I Telephony: PstnIncomingCallNotifier: Registering: Handler (com.android.internal.telephony.gsm.GSMPhone) {1b32768}
12-20 02:30:58.699  3383  3617 W Telecom : : No account found for the calling user
12-20 02:30:58.716  3960  4376 D SIP     : [SipSharedPreferences] isReceivingCallsEnabled, option not set; use default value, exception: android.provider.Settings$SettingNotFoundException: sip_receive_calls
12-20 02:30:58.726  4353  4353 D CellBroadcastReceiver: onReceive Intent { act=android.intent.action.SERVICE_STATE flg=0x10 cmp=com.android.cellbroadcastreceiver/.CellBroadcastReceiver (has extras) }
12-20 02:30:58.726  4353  4353 D CellBroadcastReceiver: Intent ACTION_SERVICE_STATE_CHANGED
12-20 02:30:58.726  4353  4353 D CellBroadcastReceiver: subscriptionId = -2
12-20 02:30:58.734  3960  3960 E PhoneInterfaceManager: [PhoneIntfMgr] getIccId: No UICC
12-20 02:30:58.737  3960  3960 W System  : ClassLoader referenced unknown path: /system/app/Stk/lib/arm64
12-20 02:30:58.738  3960  4269 E PhoneInterfaceManager: [PhoneIntfMgr] getIccId: ICC ID is null or empty.
12-20 02:30:58.849  3960  3960 E PhoneInterfaceManager: [PhoneIntfMgr] getIccId: No UICC
12-20 02:30:58.954  3960  3960 D MccTable: updateMccMncConfiguration mccmnc='72234' fromServiceState=false
12-20 02:30:58.955  3960  3960 D MccTable: updateMccMncConfiguration defaultMccMnc=
12-20 02:30:58.955  3960  3960 D MccTable: updateMccMncConfiguration: mcc=722, mnc=34
12-20 02:30:58.955  3960  3960 D MccTable: updateMccMncConfiguration updateConfig config={1.0 722mcc34mnc ?locale ?layoutDir ?swdp ?wdp ?hdp ?density ?lsize ?long ?orien ?uimode ?night ?touch ?keyb/?/? ?nav/? themeResource=null}
12-20 02:30:58.955  3383  3617 I ActivityManager: Config changes=3 {1.0 722mcc34mnc en_US ldltr sw360dp w360dp h616dp 640dpi nrml long port finger -keyb/v/h -nav/h s.7 themeResource=null}
12-20 02:30:58.985  4173  4244 E ELEVEN  : calling refresh!
12-20 02:30:59.009  3960  3960 V ConfigResourceUtil: resourceName = config_spn_display_control resourceId = 2130837514resourceValue = false
12-20 02:30:59.014  3960  3960 D MccTable: updateMccMncConfiguration mccmnc='72234' fromServiceState=true
12-20 02:30:59.014  3960  3960 D MccTable: updateMccMncConfiguration defaultMccMnc=
12-20 02:30:59.014  3960  3960 D MccTable: updateMccMncConfiguration: mcc=722, mnc=34
12-20 02:30:59.014  3960  3960 D MccTable: WIFI_COUNTRY_CODE set to ar
12-20 02:30:59.015  3383  3402 I WifiService: WifiService trying to set country code to ar with persist set to true
12-20 02:30:59.020  3383  3403 D AlarmManagerService: Kernel timezone updated to 180 minutes west of GMT
12-20 02:30:59.022  3383  3617 D AlarmManagerService: Kernel timezone updated to 180 minutes west of GMT
12-20 02:30:59.032  4353  4353 D CellBroadcastReceiver: onReceive Intent { act=android.intent.action.SERVICE_STATE flg=0x10 cmp=com.android.cellbroadcastreceiver/.CellBroadcastReceiver (has extras) }
12-20 02:30:59.032  4353  4353 D CellBroadcastReceiver: Intent ACTION_SERVICE_STATE_CHANGED
12-20 02:30:59.033  4353  4353 D CellBroadcastReceiver: subscriptionId = -2
12-20 02:30:59.041  3960  3960 I Telephony: PstnIncomingCallNotifier: Unregistering: Handler (com.android.internal.telephony.gsm.GSMPhone) {1b32768}
12-20 02:30:59.042  3960  3960 W Telephony: TelecomAccountRegistry: Failed to get primary stack id
12-20 02:30:59.043  3960  3960 E PhoneInterfaceManager: [PhoneIntfMgr] getIccId: No UICC
12-20 02:30:59.046  3383  3403 I Telecom : PhoneAccountRegistrar: [ComponentInfo{com.android.phone/com.android.services.telephony.TelephonyConnectionService}, [e0184adedf913b076626646d3f52c3b49c39ad6d], UserHandle{0}(icon: Icon(typ=BITMAP size=76x96) -> Icon(typ=BITMAP size=76x96))]
12-20 02:30:59.059  3383  3403 I Telecom : : Sending phone-account registered intent as user
12-20 02:30:59.068  3960  3960 I Telephony: AccountEntry: Registered phoneAccount: [[ ] PhoneAccount: ComponentInfo{com.android.phone/com.android.services.telephony.TelephonyConnectionService}, [e0184adedf913b076626646d3f52c3b49c39ad6d], UserHandle{0} Capabilities: 54 Schemes: tel voicemail ] with handle: ComponentInfo{com.android.phone/com.android.services.telephony.TelephonyConnectionService}, [e0184adedf913b076626646d3f52c3b49c39ad6d], UserHandle{0}
12-20 02:30:59.068  3960  3960 I Telephony: PstnIncomingCallNotifier: Registering: Handler (com.android.internal.telephony.gsm.GSMPhone) {1b32768}
12-20 02:30:59.094  3383  3668 W Telecom : : No account found for the calling user
12-20 02:30:59.102  3063  3527 E bt_a2dp_hw: adev_set_parameters: ERROR: set param called even when stream out is null
12-20 02:30:59.117  3583  3583 D mali_winsys: EGLint new_window_surface(egl_winsys_display*, void*, EGLSurface, EGLConfig, egl_winsys_surface**, egl_color_buffer_format*, EGLBoolean) returns 0x3000,  [2880x2560]-format:2
12-20 02:30:59.167  3960  3960 I Telephony: PstnIncomingCallNotifier: Unregistering: Handler (com.android.internal.telephony.gsm.GSMPhone) {1b32768}
12-20 02:30:59.168  3960  3960 W Telephony: TelecomAccountRegistry: Failed to get primary stack id
12-20 02:30:59.168  3960  3960 E PhoneInterfaceManager: [PhoneIntfMgr] getIccId: No UICC
12-20 02:30:59.171  3383  3402 I Telecom : PhoneAccountRegistrar: [ComponentInfo{com.android.phone/com.android.services.telephony.TelephonyConnectionService}, [e0184adedf913b076626646d3f52c3b49c39ad6d], UserHandle{0}(icon: Icon(typ=BITMAP size=76x96) -> Icon(typ=BITMAP size=76x96))]
12-20 02:30:59.182  3383  3402 I Telecom : : Sending phone-account registered intent as user
12-20 02:30:59.183  3960  3960 I Telephony: AccountEntry: Registered phoneAccount: [[ ] PhoneAccount: ComponentInfo{com.android.phone/com.android.services.telephony.TelephonyConnectionService}, [e0184adedf913b076626646d3f52c3b49c39ad6d], UserHandle{0} Capabilities: 54 Schemes: tel voicemail ] with handle: ComponentInfo{com.android.phone/com.android.services.telephony.TelephonyConnectionService}, [e0184adedf913b076626646d3f52c3b49c39ad6d], UserHandle{0}
12-20 02:30:59.184  3960  3960 I Telephony: PstnIncomingCallNotifier: Registering: Handler (com.android.internal.telephony.gsm.GSMPhone) {1b32768}
12-20 02:30:59.203  3383  3668 W Telecom : : No account found for the calling user
12-20 02:30:59.208  3960  3960 V ConfigResourceUtil: resourceName = config_spn_display_control resourceId = 2130837514resourceValue = false
12-20 02:30:59.215  4353  4353 D CellBroadcastReceiver: onReceive Intent { act=android.intent.action.internal_sim_state_changed flg=0x24000010 cmp=com.android.cellbroadcastreceiver/.CellBroadcastReceiver (has extras) }
12-20 02:30:59.227  3960  3960 I Telephony: PstnIncomingCallNotifier: Unregistering: Handler (com.android.internal.telephony.gsm.GSMPhone) {1b32768}
12-20 02:30:59.229  3960  3960 W Telephony: TelecomAccountRegistry: Failed to get primary stack id
12-20 02:30:59.230  3960  3960 E PhoneInterfaceManager: [PhoneIntfMgr] getIccId: No UICC
12-20 02:30:59.234  3383  4215 I Telecom : PhoneAccountRegistrar: [ComponentInfo{com.android.phone/com.android.services.telephony.TelephonyConnectionService}, [e0184adedf913b076626646d3f52c3b49c39ad6d], UserHandle{0}(icon: Icon(typ=BITMAP size=76x96) -> Icon(typ=BITMAP size=76x96))]
12-20 02:30:59.244  3583  3583 I Choreographer: Skipped 67 frames!  The application may be doing too much work on its main thread.
12-20 02:30:59.258  3383  4215 I Telecom : : Sending phone-account registered intent as user
12-20 02:30:59.260  3960  3960 I Telephony: AccountEntry: Registered phoneAccount: [[ ] PhoneAccount: ComponentInfo{com.android.phone/com.android.services.telephony.TelephonyConnectionService}, [e0184adedf913b076626646d3f52c3b49c39ad6d], UserHandle{0} Capabilities: 54 Schemes: tel voicemail ] with handle: ComponentInfo{com.android.phone/com.android.services.telephony.TelephonyConnectionService}, [e0184adedf913b076626646d3f52c3b49c39ad6d], UserHandle{0}
12-20 02:30:59.260  3960  3960 I Telephony: PstnIncomingCallNotifier: Registering: Handler (com.android.internal.telephony.gsm.GSMPhone) {1b32768}
12-20 02:30:59.267  3383  3614 W Telecom : : No account found for the calling user
12-20 02:30:59.267  4353  4391 D CellBroadcastConfigService: enabling emergency cell broadcast channels
12-20 02:30:59.278  3583  4098 D mali_winsys: EGLint new_window_surface(egl_winsys_display*, void*, EGLSurface, EGLConfig, egl_winsys_surface**, egl_color_buffer_format*, EGLBoolean) returns 0x3000,  [1440x2560]-format:1
12-20 02:30:59.285  3960  3960 D CarrierConfigLoader: update config for phoneId: 0 simState: LOADED
12-20 02:30:59.285  3960  3960 D CarrierServiceBindHelper: update binding for phoneId: 0 simState: LOADED
12-20 02:30:59.302  3960  3960 E PhoneInterfaceManager: [PhoneIntfMgr] getIccId: No UICC
12-20 02:30:59.303  3960  3960 D CarrierConfigLoader: mHandler: 7 phoneId: 0
12-20 02:30:59.309  3960  3960 D CarrierConfigLoader: Loaded config from XML. package=com.android.carrierconfig phoneId=0
12-20 02:30:59.315  3960  3960 D CarrierServiceBindHelper: mHandler: 0
12-20 02:30:59.315  3960  3960 D CarrierServiceBindHelper: Binding to phoneId: 0
12-20 02:30:59.324  3960  3960 D CarrierServiceBindHelper: No carrier app for: 0
12-20 02:30:59.325  3960  3960 D CarrierConfigLoader: mHandler: 5 phoneId: 0
12-20 02:30:59.333  3960  3960 W OmtpVvmCarrierConfigHelper: Invalid subscriptionId or subscriptionId not provided in intent.
12-20 02:30:59.340  3383  3383 I Telecom : PhoneAccountRegistrar: SimCallManager queried, returning: null
12-20 02:30:59.343  4353  4391 D CellBroadcastConfigService: enabled emergency cell broadcast channels
12-20 02:30:59.350  4353  4391 D CellBroadcastConfigService: disabling cell broadcast channel 50
12-20 02:30:59.353  4353  4391 D CellBroadcastConfigService: disabling cell broadcast channel 60
12-20 02:30:59.357  4353  4391 D CellBroadcastConfigService: disabled cell broadcast channel 60
12-20 02:30:59.358  3583  4098 D mali_winsys: EGLint new_window_surface(egl_winsys_display*, void*, EGLSurface, EGLConfig, egl_winsys_surface**, egl_color_buffer_format*, EGLBoolean) returns 0x3000,  [1520x416]-format:1
12-20 02:30:59.359  4353  4391 D CellBroadcastConfigService: disabling channels 919-928
12-20 02:30:59.366  4353  4391 D CellBroadcastConfigService: disabling cell broadcast ETWS test messages
12-20 02:30:59.385  3583  3583 W KeyguardUpdateMonitor: invalid subId in handleSimStateChange()
12-20 02:30:59.396  3583  3583 D PhoneStatusBar: disable: < expand* ICONS alerts SYSTEM_INFO back* HOME RECENT clock SEARCH quick_settings >
12-20 02:30:59.427  3583  3583 W KeyguardUpdateMonitor: invalid subId in handleServiceStateChange()
12-20 02:30:59.474  3025  3036 I SurfaceFlinger: Boot is finished (10079 ms)
12-20 02:30:59.500  3583  3583 W KeyguardUpdateMonitor: invalid subId in handleServiceStateChange()
12-20 02:30:59.500  3583  3583 W KeyguardUpdateMonitor: invalid subId in handleSimStateChange()
12-20 02:30:59.500  3583  3583 W KeyguardUpdateMonitor: invalid subId in handleSimStateChange()
12-20 02:30:59.504  3583  3583 W KeyguardUpdateMonitor: invalid subId in handleServiceStateChange()
12-20 02:30:59.525  3583  3583 W KeyguardUpdateMonitor: invalid subId in handleSimStateChange()
12-20 02:30:59.568  3583  3583 D skia    : --- SkImageDecoder::Factory returned null
12-20 02:30:59.803  3960  3960 D MccTable: updateMccMncConfiguration mccmnc='72234' fromServiceState=false
12-20 02:30:59.804  3960  3960 D MccTable: updateMccMncConfiguration defaultMccMnc=72234
12-20 02:30:59.804  3960  3960 D MccTable: updateMccMncConfiguration: mcc=722, mnc=34
12-20 02:30:59.804  3960  3960 D MccTable: updateMccMncConfiguration updateConfig config={1.0 722mcc34mnc ?locale ?layoutDir ?swdp ?wdp ?hdp ?density ?lsize ?long ?orien ?uimode ?night ?touch ?keyb/?/? ?nav/? themeResource=null}
12-20 02:30:59.845  3383  3422 I ActivityManager: Start proc 4416:com.android.messaging/u0a69 for broadcast com.android.messaging/.receiver.DefaultSmsSubscriptionChangeReceiver
12-20 02:30:59.888  4416  4416 W System  : ClassLoader referenced unknown path: /system/app/messaging/lib/arm64
12-20 02:30:59.906  3583  3583 D CarrierText: onSimStateChanged: Normal
12-20 02:30:59.910  3960  3960 I Telephony: PstnIncomingCallNotifier: Unregistering: Handler (com.android.internal.telephony.gsm.GSMPhone) {1b32768}
12-20 02:30:59.922  3583  3583 D PhoneStatusBar: disable: < expand ICONS alerts SYSTEM_INFO back HOME RECENT clock SEARCH quick_settings >
12-20 02:30:59.933  3383  3668 I Telecom : PhoneAccountRegistrar: New phone account registered: [[ ] PhoneAccount: ComponentInfo{com.android.phone/com.android.services.telephony.TelephonyConnectionService}, [356a192b7913b04c54574d18c28d46e6395428ab], UserHandle{0} Capabilities: 54 Schemes: tel voicemail ]
12-20 02:30:59.950  3383  3668 I Telecom : : Sending phone-account registered intent as user
12-20 02:30:59.952  3960  3960 I Telephony: AccountEntry: Registered phoneAccount: [[ ] PhoneAccount: ComponentInfo{com.android.phone/com.android.services.telephony.TelephonyConnectionService}, [356a192b7913b04c54574d18c28d46e6395428ab], UserHandle{0} Capabilities: 54 Schemes: tel voicemail ] with handle: ComponentInfo{com.android.phone/com.android.services.telephony.TelephonyConnectionService}, [356a192b7913b04c54574d18c28d46e6395428ab], UserHandle{0}
12-20 02:30:59.952  3960  3960 I Telephony: PstnIncomingCallNotifier: Registering: Handler (com.android.internal.telephony.gsm.GSMPhone) {1b32768}
12-20 02:30:59.970  3960  3960 W Telephony: TelecomAccountRegistry: Failed to get primary stack id
12-20 02:30:59.975  3960  3960 I Telephony: TelecomAccountRegistry: Unregistering phone account ComponentInfo{com.android.phone/com.android.services.telephony.TelephonyConnectionService}, [e0184adedf913b076626646d3f52c3b49c39ad6d], UserHandle{0}.
12-20 02:30:59.988  3383  3617 I Telecom : : Sending phone-account unregistered intent as user
12-20 02:30:59.990  3383  3975 W Telecom : : No account found for the calling user
12-20 02:31:00.035  4416  4438 I MessagingAppDataModel: Fixup: Send failed - 0 Download failed - 0
12-20 02:31:00.042  4416  4416 I MessagingApp: Carrier config changed. Reloading MMS config.
12-20 02:31:00.060  3960  4035 V BlacklistProvider: Query uri=content://blacklist, match=0
12-20 02:31:00.082  3960  3960 V ConfigResourceUtil: resourceName = config_spn_display_control resourceId = 2130837514resourceValue = false
12-20 02:31:00.108  4416  4433 W MessagingApp: canonicalizeMccMnc: invalid mccmnc:null ,null
12-20 02:31:00.121  3383  3402 D MmsServiceBroker: getCarrierConfigValues() by com.android.messaging
12-20 02:31:00.121  3383  3402 W MmsServiceBroker: MmsService not connected. Try connecting...
12-20 02:31:00.121  3383  3383 I MmsServiceBroker: Connecting to MmsService
12-20 02:31:00.121  3383  3383 W ContextImpl: Calling a method in the system process without a qualified user: android.app.ContextImpl.bindService:1295 com.android.server.MmsServiceBroker.tryConnecting:240 com.android.server.MmsServiceBroker.-wrap3:-1 com.android.server.MmsServiceBroker$1.handleMessage:82 android.os.Handler.dispatchMessage:102 
12-20 02:31:00.140  3960  3960 I Telephony: PstnIncomingCallNotifier: Unregistering: Handler (com.android.internal.telephony.gsm.GSMPhone) {1b32768}
12-20 02:31:00.154  3383  4215 I Telecom : PhoneAccountRegistrar: [ComponentInfo{com.android.phone/com.android.services.telephony.TelephonyConnectionService}, [356a192b7913b04c54574d18c28d46e6395428ab], UserHandle{0}(icon: Icon(typ=BITMAP size=76x96) -> Icon(typ=BITMAP size=76x96))]
12-20 02:31:00.164  3383  4215 I Telecom : : Sending phone-account registered intent as user
12-20 02:31:00.166  3960  3960 I Telephony: AccountEntry: Registered phoneAccount: [[ ] PhoneAccount: ComponentInfo{com.android.phone/com.android.services.telephony.TelephonyConnectionService}, [356a192b7913b04c54574d18c28d46e6395428ab], UserHandle{0} Capabilities: 54 Schemes: tel voicemail ] with handle: ComponentInfo{com.android.phone/com.android.services.telephony.TelephonyConnectionService}, [356a192b7913b04c54574d18c28d46e6395428ab], UserHandle{0}
12-20 02:31:00.166  3960  3960 I Telephony: PstnIncomingCallNotifier: Registering: Handler (com.android.internal.telephony.gsm.GSMPhone) {1b32768}
12-20 02:31:00.170  3960  3960 W Telephony: TelecomAccountRegistry: Failed to get primary stack id
12-20 02:31:00.203  3383  4215 W Telecom : : No account found for the calling user
12-20 02:31:00.232  3383  3668 I Telecom : PhoneAccountRegistrar: [ComponentInfo{com.android.phone/com.android.services.telephony.TelephonyConnectionService}, [356a192b7913b04c54574d18c28d46e6395428ab], UserHandle{0}(icon: Icon(typ=BITMAP size=76x96) -> Icon(typ=BITMAP size=76x96))]
12-20 02:31:00.244  3383  3668 I Telecom : : Sending phone-account registered intent as user
12-20 02:31:00.245  4416  4457 I MessagingAppDataModel: SyncMessagesAction: Starting batch for messages from 1482211666392 to 1482211859981 (message update limit = 80, message scan limit = 4000)
12-20 02:31:00.299  3960  3960 I Telephony: PstnIncomingCallNotifier: Unregistering: Handler (com.android.internal.telephony.gsm.GSMPhone) {1b32768}
12-20 02:31:00.388  3383  4095 I Telecom : PhoneAccountRegistrar: [ComponentInfo{com.android.phone/com.android.services.telephony.TelephonyConnectionService}, [356a192b7913b04c54574d18c28d46e6395428ab], UserHandle{0}(icon: Icon(typ=BITMAP size=76x96) -> Icon(typ=BITMAP size=76x96))]
12-20 02:31:00.401  3383  4095 I Telecom : : Sending phone-account registered intent as user
12-20 02:31:00.403  3960  3960 I Telephony: AccountEntry: Registered phoneAccount: [[ ] PhoneAccount: ComponentInfo{com.android.phone/com.android.services.telephony.TelephonyConnectionService}, [356a192b7913b04c54574d18c28d46e6395428ab], UserHandle{0} Capabilities: 54 Schemes: tel voicemail ] with handle: ComponentInfo{com.android.phone/com.android.services.telephony.TelephonyConnectionService}, [356a192b7913b04c54574d18c28d46e6395428ab], UserHandle{0}
12-20 02:31:00.404  3960  3960 I Telephony: PstnIncomingCallNotifier: Registering: Handler (com.android.internal.telephony.gsm.GSMPhone) {1b32768}
12-20 02:31:00.407  3960  3960 W Telephony: TelecomAccountRegistry: Failed to get primary stack id
12-20 02:31:00.412  3383  3975 W Telecom : : No account found for the calling user
12-20 02:31:00.423  3960  3960 I Telephony: PstnIncomingCallNotifier: Unregistering: Handler (com.android.internal.telephony.gsm.GSMPhone) {1b32768}
12-20 02:31:00.436  3383  3975 I Telecom : PhoneAccountRegistrar: [ComponentInfo{com.android.phone/com.android.services.telephony.TelephonyConnectionService}, [356a192b7913b04c54574d18c28d46e6395428ab], UserHandle{0}(icon: Icon(typ=BITMAP size=76x96) -> Icon(typ=BITMAP size=76x96))]
12-20 02:31:00.444  3383  3975 I Telecom : : Sending phone-account registered intent as user
12-20 02:31:00.445  3960  3960 I Telephony: AccountEntry: Registered phoneAccount: [[ ] PhoneAccount: ComponentInfo{com.android.phone/com.android.services.telephony.TelephonyConnectionService}, [356a192b7913b04c54574d18c28d46e6395428ab], UserHandle{0} Capabilities: 54 Schemes: tel voicemail ] with handle: ComponentInfo{com.android.phone/com.android.services.telephony.TelephonyConnectionService}, [356a192b7913b04c54574d18c28d46e6395428ab], UserHandle{0}
12-20 02:31:00.446  3960  3960 I Telephony: PstnIncomingCallNotifier: Registering: Handler (com.android.internal.telephony.gsm.GSMPhone) {1b32768}
12-20 02:31:00.447  3960  3960 W Telephony: TelecomAccountRegistry: Failed to get primary stack id
12-20 02:31:00.452  3383  3975 W Telecom : : No account found for the calling user
12-20 02:31:00.455  3960  3960 W System  : ClassLoader referenced unknown path: /system/priv-app/MmsService/lib/arm64
12-20 02:31:00.461  3960  3960 D MmsService: onCreate
12-20 02:31:00.464  3383  3383 I MmsServiceBroker: MmsService connected
12-20 02:31:00.465  3960  4444 D MmsService: getCarrierConfigValues
12-20 02:31:00.465  3960  4444 I MmsService: mms config for sub 1: null
12-20 02:31:00.466  4416  4433 I MessagingApp: Carrier configs loaded: Bundle[{smsToMmsTextThreshold=-1, maxMessageTextSize=-1, recipientLimit=-1, maxImageHeight=480, maxMessageSize=307200, maxImageWidth=640, enabledMMS=true, enableMultipartSMS=true}] from resources+system for subId=1
12-20 02:31:00.466  4416  4441 W art     : Long monitor contention event with owner method=boolean android.os.BinderProxy.transactNative(int, android.os.Parcel, android.os.Parcel, int) from Binder.java:4294967294 waiters=0 for 422ms
12-20 02:31:00.468  3383  3935 I Telecom : PhoneAccountRegistrar: [ComponentInfo{com.android.phone/com.android.services.telephony.TelephonyConnectionService}, [356a192b7913b04c54574d18c28d46e6395428ab], UserHandle{0}(icon: Icon(typ=BITMAP size=76x96) -> Icon(typ=BITMAP size=76x96))]
12-20 02:31:00.481  3383  3935 I Telecom : : Sending phone-account registered intent as user
12-20 02:31:00.481  4416  4464 I MessagingAppDataModel: SyncMessagesAction: All messages now in sync
12-20 02:31:00.487  3383  4215 I Telecom : PhoneAccountRegistrar: [ComponentInfo{com.android.phone/com.android.services.telephony.TelephonyConnectionService}, [356a192b7913b04c54574d18c28d46e6395428ab], UserHandle{0}(icon: Icon(typ=BITMAP size=76x96) -> Icon(typ=BITMAP size=76x96))]
12-20 02:31:00.496  3383  4215 I Telecom : : Sending phone-account registered intent as user
12-20 02:31:00.503  3383  3661 I Telecom : PhoneAccountRegistrar: [ComponentInfo{com.android.phone/com.android.services.telephony.TelephonyConnectionService}, [356a192b7913b04c54574d18c28d46e6395428ab], UserHandle{0}(icon: Icon(typ=BITMAP size=76x96) -> Icon(typ=BITMAP size=76x96))]
12-20 02:31:00.505  4416  4441 W MessagingApp: canonicalizeMccMnc: invalid mccmnc:null ,null
12-20 02:31:00.508  3383  4218 D MmsServiceBroker: getCarrierConfigValues() by com.android.messaging
12-20 02:31:00.508  3960  4034 D MmsService: getCarrierConfigValues
12-20 02:31:00.508  3960  4034 I MmsService: mms config for sub 1: null
12-20 02:31:00.508  4416  4441 I MessagingApp: Carrier configs loaded: Bundle[{smsToMmsTextThreshold=-1, maxMessageTextSize=-1, recipientLimit=-1, maxImageHeight=480, maxMessageSize=307200, maxImageWidth=640, enabledMMS=true, enableMultipartSMS=true}] from resources+system for subId=1
12-20 02:31:00.509  4416  4443 W art     : Long monitor contention event with owner method=boolean android.os.BinderProxy.transactNative(int, android.os.Parcel, android.os.Parcel, int) from Binder.java:4294967294 waiters=1 for 464ms
12-20 02:31:00.513  3383  3661 I Telecom : : Sending phone-account registered intent as user
12-20 02:31:00.517  3960  4471 I MmsService: MmsConfigManager loads in background mcc/mnc: 722/34
12-20 02:31:00.520  3960  4219 E DcSwitchStateMachine-0: EVENT_DATA_ALLOWED failed, com.android.internal.telephony.CommandException: GENERIC_FAILURE
12-20 02:31:00.532  4416  4443 W MessagingApp: canonicalizeMccMnc: invalid mccmnc:null ,null
12-20 02:31:00.534  3383  3402 D MmsServiceBroker: getCarrierConfigValues() by com.android.messaging
12-20 02:31:00.534  3960  4034 D MmsService: getCarrierConfigValues
12-20 02:31:00.535  3960  4034 I MmsService: mms config for sub 1: Bundle[{httpSocketTimeout=60000, aliasMinChars=2, smsToMmsTextThreshold=-1, enableSMSDeliveryReports=true, maxMessageTextSize=-1, supportMmsContentDisposition=true, enabledTransID=false, aliasEnabled=false, supportHttpCharsetHeader=false, allowAttachAudio=true, smsToMmsTextLengthThreshold=-1, recipientLimit=2147483647, uaProfTagName=x-wap-profile, aliasMaxChars=48, maxImageHeight=480, enableMMSDeliveryReports=false, userAgent=, config_cellBroadcastAppLinks=true, maxSubjectLength=40, httpParams=, enableGroupMms=true, emailGatewayNumber=, maxMessageSize=307200, naiSuffix=, enableMMSReadReports=false, maxImageWidth=640, uaProfUrl=, enabledMMS=true, enabledNotifyWapMMSC=false, sendMultipartSmsAsSeparateMessages=false, enableMultipartSMS=true}]
12-20 02:31:00.535  4416  4443 I MessagingApp: Carrier configs loaded: Bundle[{httpSocketTimeout=60000, aliasMinChars=2, smsToMmsTextThreshold=-1, enableSMSDeliveryReports=true, maxMessageTextSize=-1, supportMmsContentDisposition=true, enabledTransID=false, aliasEnabled=false, supportHttpCharsetHeader=false, allowAttachAudio=true, smsToMmsTextLengthThreshold=-1, recipientLimit=2147483647, uaProfTagName=x-wap-profile, aliasMaxChars=48, maxImageHeight=480, enableMMSDeliveryReports=false, userAgent=, config_cellBroadcastAppLinks=true, maxSubjectLength=40, httpParams=, enableGroupMms=true, emailGatewayNumber=, maxMessageSize=307200, naiSuffix=, enableMMSReadReports=false, maxImageWidth=640, uaProfUrl=, enabledMMS=true, enabledNotifyWapMMSC=false, sendMultipartSmsAsSeparateMessages=false, enableMultipartSMS=true}] from resources+system for subId=1
12-20 02:31:00.536  4416  4448 W art     : Long monitor contention event with owner method=boolean android.os.BinderProxy.transactNative(int, android.os.Parcel, android.os.Parcel, int) from Binder.java:4294967294 waiters=2 for 456ms
12-20 02:31:00.547  4416  4448 W MessagingApp: canonicalizeMccMnc: invalid mccmnc:null ,null
12-20 02:31:00.549  3383  3975 D MmsServiceBroker: getCarrierConfigValues() by com.android.messaging
12-20 02:31:00.549  3960  4034 D MmsService: getCarrierConfigValues
12-20 02:31:00.550  3960  4034 I MmsService: mms config for sub 1: Bundle[{httpSocketTimeout=60000, aliasMinChars=2, smsToMmsTextThreshold=-1, enableSMSDeliveryReports=true, maxMessageTextSize=-1, supportMmsContentDisposition=true, enabledTransID=false, aliasEnabled=false, supportHttpCharsetHeader=false, allowAttachAudio=true, smsToMmsTextLengthThreshold=-1, recipientLimit=2147483647, uaProfTagName=x-wap-profile, aliasMaxChars=48, maxImageHeight=480, enableMMSDeliveryReports=false, userAgent=, config_cellBroadcastAppLinks=true, maxSubjectLength=40, httpParams=, enableGroupMms=true, emailGatewayNumber=, maxMessageSize=307200, naiSuffix=, enableMMSReadReports=false, maxImageWidth=640, uaProfUrl=, enabledMMS=true, enabledNotifyWapMMSC=false, sendMultipartSmsAsSeparateMessages=false, enableMultipartSMS=true}]
12-20 02:31:00.550  4416  4448 I MessagingApp: Carrier configs loaded: Bundle[{httpSocketTimeout=60000, aliasMinChars=2, smsToMmsTextThreshold=-1, enableSMSDeliveryReports=true, maxMessageTextSize=-1, supportMmsContentDisposition=true, enabledTransID=false, aliasEnabled=false, supportHttpCharsetHeader=false, allowAttachAudio=true, smsToMmsTextLengthThreshold=-1, recipientLimit=2147483647, uaProfTagName=x-wap-profile, aliasMaxChars=48, maxImageHeight=480, enableMMSDeliveryReports=false, userAgent=, config_cellBroadcastAppLinks=true, maxSubjectLength=40, httpParams=, enableGroupMms=true, emailGatewayNumber=, maxMessageSize=307200, naiSuffix=, enableMMSReadReports=false, maxImageWidth=640, uaProfUrl=, enabledMMS=true, enabledNotifyWapMMSC=false, sendMultipartSmsAsSeparateMessages=false, enableMultipartSMS=true}] from resources+system for subId=1
12-20 02:31:00.550  4416  4450 W art     : Long monitor contention event with owner method=boolean android.os.BinderProxy.transactNative(int, android.os.Parcel, android.os.Parcel, int) from Binder.java:4294967294 waiters=3 for 438ms
12-20 02:31:00.563  4416  4450 W MessagingApp: canonicalizeMccMnc: invalid mccmnc:null ,null
12-20 02:31:00.566  3383  4215 D MmsServiceBroker: getCarrierConfigValues() by com.android.messaging
12-20 02:31:00.566  3960  4034 D MmsService: getCarrierConfigValues
12-20 02:31:00.566  3960  4034 I MmsService: mms config for sub 1: Bundle[{httpSocketTimeout=60000, aliasMinChars=2, smsToMmsTextThreshold=-1, enableSMSDeliveryReports=true, maxMessageTextSize=-1, supportMmsContentDisposition=true, enabledTransID=false, aliasEnabled=false, supportHttpCharsetHeader=false, allowAttachAudio=true, smsToMmsTextLengthThreshold=-1, recipientLimit=2147483647, uaProfTagName=x-wap-profile, aliasMaxChars=48, maxImageHeight=480, enableMMSDeliveryReports=false, userAgent=, config_cellBroadcastAppLinks=true, maxSubjectLength=40, httpParams=, enableGroupMms=true, emailGatewayNumber=, maxMessageSize=307200, naiSuffix=, enableMMSReadReports=false, maxImageWidth=640, uaProfUrl=, enabledMMS=true, enabledNotifyWapMMSC=false, sendMultipartSmsAsSeparateMessages=false, enableMultipartSMS=true}]
12-20 02:31:00.567  4416  4450 I MessagingApp: Carrier configs loaded: Bundle[{httpSocketTimeout=60000, aliasMinChars=2, smsToMmsTextThreshold=-1, enableSMSDeliveryReports=true, maxMessageTextSize=-1, supportMmsContentDisposition=true, enabledTransID=false, aliasEnabled=false, supportHttpCharsetHeader=false, allowAttachAudio=true, smsToMmsTextLengthThreshold=-1, recipientLimit=2147483647, uaProfTagName=x-wap-profile, aliasMaxChars=48, maxImageHeight=480, enableMMSDeliveryReports=false, userAgent=, config_cellBroadcastAppLinks=true, maxSubjectLength=40, httpParams=, enableGroupMms=true, emailGatewayNumber=, maxMessageSize=307200, naiSuffix=, enableMMSReadReports=false, maxImageWidth=640, uaProfUrl=, enabledMMS=true, enabledNotifyWapMMSC=false, sendMultipartSmsAsSeparateMessages=false, enableMultipartSMS=true}] from resources+system for subId=1
12-20 02:31:01.719  3057  3135 D BootAnimation: Use save memory method, maybe small fps in actual.
12-20 02:31:02.421  3057  3135 D BootAnimation: playing boot audio here
12-20 02:31:02.421  3057  3135 W BootAnimation: Audio service is not initiated.
12-20 02:31:02.494  3960  3960 V ConfigResourceUtil: resourceName = config_spn_display_control resourceId = 2130837514resourceValue = false
12-20 02:31:02.495  3383  3668 D AlarmManagerService: Kernel timezone updated to 180 minutes west of GMT
12-20 02:31:02.499  4353  4353 D CellBroadcastReceiver: onReceive Intent { act=android.intent.action.SERVICE_STATE flg=0x10 cmp=com.android.cellbroadcastreceiver/.CellBroadcastReceiver (has extras) }
12-20 02:31:02.499  4353  4353 D CellBroadcastReceiver: Intent ACTION_SERVICE_STATE_CHANGED
12-20 02:31:02.499  4353  4353 D CellBroadcastReceiver: subscriptionId = 1
12-20 02:31:02.519  4353  4353 D CellBroadcastReceiver: Service state changed! 0 Full: 0 0 voice home data home PERSONAL AR TP 72234 PERSONAL AR TP 72234  UMTS UMTS CSS not supported -1 -1 RoamInd=-1 DefRoamInd=-1 EmergOnly=false IsDataRoamingFromRegistration=false Current state=1
12-20 02:31:02.554  4353  4528 D CellBroadcastConfigService: enabling emergency cell broadcast channels
12-20 02:31:02.557  3960  4269 D IccSmsInterfaceManager: [IccSmsInterfaceManager] enableGsmBroadcastRange
12-20 02:31:02.558  3960  4269 D IccSmsInterfaceManager: [IccSmsInterfaceManager] Calling setGsmBroadcastConfig with 1 configurations
12-20 02:31:02.606  3960  4269 D IccSmsInterfaceManager: [IccSmsInterfaceManager] Added GSM cell broadcast subscription for MID range 4352 to 4354 from client com.android.cellbroadcastreceiver
12-20 02:31:02.606  3960  4269 D IccSmsInterfaceManager: [IccSmsInterfaceManager] Calling setCellBroadcastActivation(true)
12-20 02:31:02.612  3383  3437 I SystemServiceManager: Starting phase 1000
12-20 02:31:02.614  3960  4445 D IccSmsInterfaceManager: [IccSmsInterfaceManager] enableGsmBroadcastRange
12-20 02:31:02.615  3960  4445 D IccSmsInterfaceManager: [IccSmsInterfaceManager] Calling setGsmBroadcastConfig with 2 configurations
12-20 02:31:02.642  3960  4445 D IccSmsInterfaceManager: [IccSmsInterfaceManager] Added GSM cell broadcast subscription for MID range 4356 to 4356 from client com.android.cellbroadcastreceiver
12-20 02:31:02.642  3960  4445 D IccSmsInterfaceManager: [IccSmsInterfaceManager] Calling setCellBroadcastActivation(true)
12-20 02:31:02.646  3960  4252 D IccSmsInterfaceManager: [IccSmsInterfaceManager] enableGsmBroadcastRange
12-20 02:31:02.646  3960  4252 D IccSmsInterfaceManager: [IccSmsInterfaceManager] Calling setGsmBroadcastConfig with 3 configurations
12-20 02:31:02.649  3383  3437 W ContextImpl: Calling a method in the system process without a qualified user: android.app.ContextImpl.sendBroadcast:788 org.cyanogenmod.platform.internal.CMHardwareService.onBootPhase:429 com.android.server.SystemServiceManager.startBootPhase:135 com.android.server.am.ActivityManagerService.finishBooting:6688 com.android.server.am.ActivityManagerService.bootAnimationComplete:6755 
12-20 02:31:02.652  3960  4252 D IccSmsInterfaceManager: [IccSmsInterfaceManager] Added GSM cell broadcast subscription for MID range 4371 to 4372 from client com.android.cellbroadcastreceiver
12-20 02:31:02.652  3960  4252 D IccSmsInterfaceManager: [IccSmsInterfaceManager] Calling setCellBroadcastActivation(true)
12-20 02:31:02.639  2949  2949 W auditd  : type=1325 audit(0.0:235): table=filter family=2 entries=76
12-20 02:31:02.639  2949  2949 W auditd  : type=1320 audit(0.0:235): 
12-20 02:31:02.656  3960  4269 D IccSmsInterfaceManager: [IccSmsInterfaceManager] enableCdmaBroadcastRange
12-20 02:31:02.657  3960  4269 D IccSmsInterfaceManager: [IccSmsInterfaceManager] Calling setCdmaBroadcastConfig with 1 configurations
12-20 02:31:02.659  3960  4269 D IccSmsInterfaceManager: [IccSmsInterfaceManager] Failed to add cdma broadcast subscription for MID range 4097 to 4097 from client com.android.cellbroadcastreceiver
12-20 02:31:02.663  3960  4445 D IccSmsInterfaceManager: [IccSmsInterfaceManager] enableGsmBroadcastRange
12-20 02:31:02.664  3960  4445 D IccSmsInterfaceManager: [IccSmsInterfaceManager] Calling setGsmBroadcastConfig with 4 configurations
12-20 02:31:02.649  2949  2949 W auditd  : type=1325 audit(0.0:236): table=filter family=10 entries=79
12-20 02:31:02.649  2949  2949 W auditd  : type=1320 audit(0.0:236): 
12-20 02:31:02.671  3960  4445 D IccSmsInterfaceManager: [IccSmsInterfaceManager] Added GSM cell broadcast subscription for MID range 4373 to 4378 from client com.android.cellbroadcastreceiver
12-20 02:31:02.671  3960  4445 D IccSmsInterfaceManager: [IccSmsInterfaceManager] Calling setCellBroadcastActivation(true)
12-20 02:31:02.659  2949  2949 W auditd  : type=1325 audit(0.0:237): table=filter family=2 entries=75
12-20 02:31:02.659  2949  2949 W auditd  : type=1320 audit(0.0:237): 
12-20 02:31:02.669  2949  2949 W auditd  : type=1325 audit(0.0:238): table=filter family=10 entries=78
12-20 02:31:02.669  2949  2949 W auditd  : type=1320 audit(0.0:238): 
12-20 02:31:02.678  3960  4269 D IccSmsInterfaceManager: [IccSmsInterfaceManager] enableCdmaBroadcastRange
12-20 02:31:02.679  3960  4269 D IccSmsInterfaceManager: [IccSmsInterfaceManager] Calling setCdmaBroadcastConfig with 1 configurations
12-20 02:31:02.681  3960  4269 D IccSmsInterfaceManager: [IccSmsInterfaceManager] Failed to add cdma broadcast subscription for MID range 4098 to 4098 from client com.android.cellbroadcastreceiver
12-20 02:31:02.684  3960  4444 D IccSmsInterfaceManager: [IccSmsInterfaceManager] enableGsmBroadcastRange
12-20 02:31:02.685  3960  4444 D IccSmsInterfaceManager: [IccSmsInterfaceManager] Calling setGsmBroadcastConfig with 4 configurations
12-20 02:31:02.693  3960  4444 D IccSmsInterfaceManager: [IccSmsInterfaceManager] Added GSM cell broadcast subscription for MID range 4379 to 4379 from client com.android.cellbroadcastreceiver
12-20 02:31:02.693  3960  4444 D IccSmsInterfaceManager: [IccSmsInterfaceManager] Calling setCellBroadcastActivation(true)
12-20 02:31:02.696  3960  4445 D IccSmsInterfaceManager: [IccSmsInterfaceManager] enableCdmaBroadcastRange
12-20 02:31:02.697  3960  4445 D IccSmsInterfaceManager: [IccSmsInterfaceManager] Calling setCdmaBroadcastConfig with 1 configurations
12-20 02:31:02.699  3960  4445 D IccSmsInterfaceManager: [IccSmsInterfaceManager] Failed to add cdma broadcast subscription for MID range 4099 to 4099 from client com.android.cellbroadcastreceiver
12-20 02:31:02.701  3960  4269 D IccSmsInterfaceManager: [IccSmsInterfaceManager] enableGsmBroadcastRange
12-20 02:31:02.704  3960  4269 D IccSmsInterfaceManager: [IccSmsInterfaceManager] Calling setGsmBroadcastConfig with 4 configurations
12-20 02:31:02.710  3383  4547 I ActivityManager: Start proc 4549:com.android.keychain/1000 for service com.android.keychain/.KeyChainService
12-20 02:31:02.712  3960  4269 D IccSmsInterfaceManager: [IccSmsInterfaceManager] Added GSM cell broadcast subscription for MID range 4380 to 4382 from client com.android.cellbroadcastreceiver
12-20 02:31:02.712  3960  4269 D IccSmsInterfaceManager: [IccSmsInterfaceManager] Calling setCellBroadcastActivation(true)
12-20 02:31:02.714  3383  4558 I RecoverySystem: No recovery log file
12-20 02:31:02.717  3960  4444 D IccSmsInterfaceManager: [IccSmsInterfaceManager] enableCdmaBroadcastRange
12-20 02:31:02.718  3960  4444 D IccSmsInterfaceManager: [IccSmsInterfaceManager] Calling setCdmaBroadcastConfig with 1 configurations
12-20 02:31:02.723  3960  4444 D IccSmsInterfaceManager: [IccSmsInterfaceManager] Failed to add cdma broadcast subscription for MID range 4100 to 4100 from client com.android.cellbroadcastreceiver
12-20 02:31:02.725  3383  3935 I ActivityManager: Start proc 4565:com.android.dialer/u0a19 for broadcast com.android.dialer/.calllog.CallLogReceiver
12-20 02:31:02.727  3960  4445 D IccSmsInterfaceManager: [IccSmsInterfaceManager] enableGsmBroadcastRange
12-20 02:31:02.728  3960  4445 D IccSmsInterfaceManager: [IccSmsInterfaceManager] Calling setGsmBroadcastConfig with 4 configurations
12-20 02:31:02.735  3960  4445 D IccSmsInterfaceManager: [IccSmsInterfaceManager] Added GSM cell broadcast subscription for MID range 4393 to 4395 from client com.android.cellbroadcastreceiver
12-20 02:31:02.735  3960  4445 D IccSmsInterfaceManager: [IccSmsInterfaceManager] Calling setCellBroadcastActivation(true)
12-20 02:31:02.736  4353  4528 D CellBroadcastConfigService: enabled emergency cell broadcast channels
12-20 02:31:02.743  3960  4269 D IccSmsInterfaceManager: [IccSmsInterfaceManager] enableGsmBroadcastRange
12-20 02:31:02.744  3960  4269 D IccSmsInterfaceManager: [IccSmsInterfaceManager] Calling setGsmBroadcastConfig with 5 configurations
12-20 02:31:02.749  3960  4269 D IccSmsInterfaceManager: [IccSmsInterfaceManager] Added GSM cell broadcast subscription for MID range 4370 to 4370 from client com.android.cellbroadcastreceiver
12-20 02:31:02.749  3960  4269 D IccSmsInterfaceManager: [IccSmsInterfaceManager] Calling setCellBroadcastActivation(true)
12-20 02:31:02.756  3960  4444 D IccSmsInterfaceManager: [IccSmsInterfaceManager] enableCdmaBroadcastRange
12-20 02:31:02.756  3960  4444 D IccSmsInterfaceManager: [IccSmsInterfaceManager] Calling setCdmaBroadcastConfig with 1 configurations
12-20 02:31:02.757  3960  4444 D IccSmsInterfaceManager: [IccSmsInterfaceManager] Failed to add cdma broadcast subscription for MID range 4096 to 4096 from client com.android.cellbroadcastreceiver
12-20 02:31:02.762  3960  4445 D IccSmsInterfaceManager: [IccSmsInterfaceManager] enableGsmBroadcastRange
12-20 02:31:02.762  3383  4558 I BootReceiver: Copying /proc/last_kmsg to DropBox (SYSTEM_LAST_KMSG)
12-20 02:31:02.762  3960  4445 D IccSmsInterfaceManager: [IccSmsInterfaceManager] Calling setGsmBroadcastConfig with 5 configurations
12-20 02:31:02.763  4549  4549 W System  : ClassLoader referenced unknown path: /system/app/KeyChain/lib/arm64
12-20 02:31:02.764  4565  4565 W System  : ClassLoader referenced unknown path: /system/priv-app/Dialer/lib/arm64
12-20 02:31:02.770  3960  4445 D IccSmsInterfaceManager: [IccSmsInterfaceManager] Added GSM cell broadcast subscription for MID range 4383 to 4383 from client com.android.cellbroadcastreceiver
12-20 02:31:02.770  3960  4445 D IccSmsInterfaceManager: [IccSmsInterfaceManager] Calling setCellBroadcastActivation(true)
12-20 02:31:02.772  4353  4528 D CellBroadcastConfigService: disabling cell broadcast channel 50
12-20 02:31:02.775  3960  4269 D IccSmsInterfaceManager: [IccSmsInterfaceManager] disableGsmBroadcastRange
12-20 02:31:02.775  3960  4269 D IccSmsInterfaceManager: [IccSmsInterfaceManager] Failed to remove GSM cell broadcast subscription for MID range 50 to 50 from client com.android.cellbroadcastreceiver
12-20 02:31:02.776  4353  4528 D CellBroadcastConfigService: disabling cell broadcast channel 60
12-20 02:31:02.779  3960  4444 D IccSmsInterfaceManager: [IccSmsInterfaceManager] disableGsmBroadcastRange
12-20 02:31:02.779  3960  4444 D IccSmsInterfaceManager: [IccSmsInterfaceManager] Failed to remove GSM cell broadcast subscription for MID range 60 to 60 from client com.android.cellbroadcastreceiver
12-20 02:31:02.779  4353  4528 D CellBroadcastConfigService: disabled cell broadcast channel 60
12-20 02:31:02.780  4353  4528 D CellBroadcastConfigService: disabling channels 919-928
12-20 02:31:02.782  3960  4444 D IccSmsInterfaceManager: [IccSmsInterfaceManager] disableGsmBroadcastRange
12-20 02:31:02.783  3960  4444 D IccSmsInterfaceManager: [IccSmsInterfaceManager] Failed to remove GSM cell broadcast subscription for MID range 919 to 928 from client com.android.cellbroadcastreceiver
12-20 02:31:02.785  4353  4528 D CellBroadcastConfigService: disabling cell broadcast ETWS test messages
12-20 02:31:02.786  3960  4444 D IccSmsInterfaceManager: [IccSmsInterfaceManager] disableGsmBroadcastRange
12-20 02:31:02.787  3960  4444 D IccSmsInterfaceManager: [IccSmsInterfaceManager] Failed to remove GSM cell broadcast subscription for MID range 4355 to 4355 from client com.android.cellbroadcastreceiver
12-20 02:31:02.803  3383  4558 I BootReceiver: Copying audit failures to DropBox
12-20 02:31:02.805  4565  4565 W MOD.CyanogenAmbientUtil: Cyanogen Ambient package is missing! Version 1050100 is required.
12-20 02:31:02.806  4565  4565 E MOD.AmbientApiClientImp: This application will not run unless you install Ambient services
12-20 02:31:02.809  4565  4565 W PhoneCommon.AmbientSingletonHolder: Connection failed: com.cyanogen.ambient.common.ConnectionResult@bfedc42
12-20 02:31:02.810  3383  4558 I BootReceiver: Copied 0 worth of audits to DropBox
12-20 02:31:02.816  3383  4558 I BootReceiver: Checking for fsck errors
12-20 02:31:02.817  4565  4565 W Ambient : AmbientApiClient is not connected. Please ensure connection before calling any APIs.
12-20 02:31:02.817  4565  4565 W Ambient : java.lang.Exception
12-20 02:31:02.817  4565  4565 W Ambient : 	at com.cyanogen.ambient.common.api.internal.AbstractAsynchronousApi.execute(AbstractAsynchronousApi.java:18)
12-20 02:31:02.817  4565  4565 W Ambient : 	at com.cyanogen.ambient.incall.internal.InCallApiImpl.getInstalledPlugins(InCallApiImpl.java:88)
12-20 02:31:02.817  4565  4565 W Ambient : 	at com.android.phone.common.incall.api.InCallQueries.updateCallPlugins(InCallQueries.java:45)
12-20 02:31:02.817  4565  4565 W Ambient : 	at com.android.phone.common.incall.DialerDataSubscription.onRefreshRequested(DialerDataSubscription.java:91)
12-20 02:31:02.817  4565  4565 W Ambient : 	at com.android.phone.common.ambient.AmbientDataSubscription.refresh(AmbientDataSubscription.java:308)
12-20 02:31:02.817  4565  4565 W Ambient : 	at com.android.phone.common.incall.DialerDataSubscription.init(DialerDataSubscription.java:86)
12-20 02:31:02.817  4565  4565 W Ambient : 	at com.android.dialer.DialerApplication.onCreate(DialerApplication.java:57)
12-20 02:31:02.817  4565  4565 W Ambient : 	at android.app.Instrumentation.callApplicationOnCreate(Instrumentation.java:1014)
12-20 02:31:02.817  4565  4565 W Ambient : 	at android.app.ActivityThread.handleBindApplication(ActivityThread.java:4751)
12-20 02:31:02.817  4565  4565 W Ambient : 	at android.app.ActivityThread.-wrap1(ActivityThread.java)
12-20 02:31:02.817  4565  4565 W Ambient : 	at android.app.ActivityThread$H.handleMessage(ActivityThread.java:1424)
12-20 02:31:02.817  4565  4565 W Ambient : 	at android.os.Handler.dispatchMessage(Handler.java:102)
12-20 02:31:02.817  4565  4565 W Ambient : 	at android.os.Looper.loop(Looper.java:148)
12-20 02:31:02.817  4565  4565 W Ambient : 	at android.app.ActivityThread.main(ActivityThread.java:5461)
12-20 02:31:02.817  4565  4565 W Ambient : 	at java.lang.reflect.Method.invoke(Native Method)
12-20 02:31:02.817  4565  4565 W Ambient : 	at com.android.internal.os.ZygoteInit$MethodAndArgsCaller.run(ZygoteInit.java:726)
12-20 02:31:02.817  4565  4565 W Ambient : 	at com.android.internal.os.ZygoteInit.main(ZygoteInit.java:616)
12-20 02:31:02.825  4565  4565 W MOD.CyanogenAmbientUtil: Cyanogen Ambient package is missing! Version 1050100 is required.
