12-20 02:30:54.206  3063  3527 D PermissionCache: checking android.permission.MODIFY_AUDIO_SETTINGS for uid=1000 => granted (281 us)
12-20 02:30:54.207  3063  3063 V audio_hw_primary: adev_set_mic_mute: set mic mute: 0
12-20 02:30:54.277  3383  3501 D EventHub: No input device configuration file found for device 'hrmled_sensor'.
12-20 02:30:54.317  3383  3501 D EventHub: No input device configuration file found for device 'hrm_sensor'.
12-20 02:30:54.357  3383  3501 E EventHub: could not get driver version for /dev/input/mice, Not a typewriter
12-20 02:30:54.423  3383  3501 W EventHub: Unable to disable kernel key repeat for /dev/input/event1: Function not implemented
12-20 02:30:54.423  3383  3501 I EventHub: New device: id=16, fd=119, path='/dev/input/event1', name='sec_touchscreen', classes=0x15, configuration='/system/usr/idc/sec_touchscreen.idc', keyLayout='/system/usr/keylayout/Generic.kl', keyCharacterMap='/system/usr/keychars/Generic.kcm', builtinKeyboard=false, wakeMechanism=EPOLLWAKEUP, usingClockIoctl=true
12-20 02:30:54.423  3383  3501 D EventHub: No input device configuration file found for device 'gpio_keys'.
12-20 02:30:54.424  3383  3501 W EventHub: Unable to disable kernel key repeat for /dev/input/event17: Function not implemented
12-20 02:30:54.425  3383  3501 I EventHub: New device: id=17, fd=120, path='/dev/input/event17', name='gpio_keys', classes=0x1, configuration='', keyLayout='/system/usr/keylayout/Generic.kl', keyCharacterMap='/system/usr/keychars/Generic.kcm', builtinKeyboard=false, wakeMechanism=EPOLLWAKEUP, usingClockIoctl=true
12-20 02:30:54.425  3383  3501 D EventHub: No input device configuration file found for device 'Headset'.
12-20 02:30:54.426  3383  3501 W EventHub: Unable to disable kernel key repeat for /dev/input/event16: Function not implemented
12-20 02:30:54.426  3383  3501 I EventHub: New device: id=18, fd=121, path='/dev/input/event16', name='Headset', classes=0x1, configuration='', keyLayout='/system/usr/keylayout/Generic.kl', keyCharacterMap='/system/usr/keychars/Generic.kcm', builtinKeyboard=false, wakeMechanism=EPOLLWAKEUP, usingClockIoctl=true
12-20 02:30:54.426  3383  3501 D EventHub: No input device configuration file found for device 'sec_touchkey'.
12-20 02:30:54.427  3383  3501 W EventHub: Unable to disable kernel key repeat for /dev/input/event0: Function not implemented
12-20 02:30:54.427  3383  3501 I EventHub: New device: id=19, fd=122, path='/dev/input/event0', name='sec_touchkey', classes=0x1, configuration='', keyLayout='/system/usr/keylayout/sec_touchkey.kl', keyCharacterMap='/system/usr/keychars/Generic.kcm', builtinKeyboard=false, wakeMechanism=EPOLLWAKEUP, usingClockIoctl=true
12-20 02:30:54.428  3383  3501 D EventHub: No input device configuration file found for device 'hall'.
12-20 02:30:54.572  3383  3501 I InputReader: Device added: id=-1, name='Virtual', sources=0x00000301
12-20 02:30:54.572  3383  3501 I InputReader: Device added: id=19, name='sec_touchkey', sources=0x00000101
12-20 02:30:54.572  3383  3501 I InputReader: Device added: id=18, name='Headset', sources=0x00000101
12-20 02:30:54.572  3383  3501 I InputReader: Device added: id=17, name='gpio_keys', sources=0x00000101
12-20 02:30:54.572  3383  3501 W InputReader: Invalid value for touch.size.calibration: 'normalized'
12-20 02:30:54.572  3383  3501 I InputReader:   Touch device 'sec_touchscreen' could not query the properties of its associated display.  The device will be inoperable until the display size becomes available.
12-20 02:30:54.572  3383  3501 I InputReader: Device added: id=16, name='sec_touchscreen', sources=0x00001103
12-20 02:30:54.573  3383  3501 I InputReader: Reconfiguring input devices.  changes=0x00000004
12-20 02:30:54.573  3383  3501 I InputReader: Device reconfigured: id=16, name='sec_touchscreen', size 1440x2560, orientation 0, mode 1, display id 0
12-20 02:30:54.573  3383  3500 I ActivityManager: Config changes=8 {1.0 ?mcc?mnc en_US ldltr sw360dp w360dp h616dp 640dpi nrml long port finger -keyb/h/h -nav/h s.5 themeResource=null}
12-20 02:30:54.711  3383  3383 I SystemServiceManager: Starting com.android.server.DockObserver
12-20 02:30:54.712  3383  3383 I SystemServer: Wired Accessory Manager
12-20 02:30:54.713  3383  3383 W WiredAccessoryManager: This kernel does not have usb audio support
12-20 02:30:54.713  3383  3383 W WiredAccessoryManager: This kernel does not have HDMI audio support
12-20 02:30:54.713  3383  3383 I SystemServiceManager: Starting com.android.server.usb.UsbService$Lifecycle
12-20 02:30:54.729  3383  3383 I SystemServer: Serial Service
12-20 02:30:54.729  3383  3383 I SystemServiceManager: Starting com.android.server.twilight.TwilightService
12-20 02:30:54.730  3383  3383 I SystemServiceManager: Starting com.android.server.job.JobSchedulerService
12-20 02:30:54.733  3383  3383 D JobStore: job-info
12-20 02:30:54.735  3383  3383 I SystemServiceManager: Starting com.android.server.backup.BackupManagerService$Lifecycle
12-20 02:30:54.737  3383  3383 I SystemServiceManager: Starting com.android.server.appwidget.AppWidgetService
12-20 02:30:54.738  3383  3383 I SystemServiceManager: Starting com.android.server.voiceinteraction.VoiceInteractionManagerService
12-20 02:30:54.739  3063  3527 D PermissionCache: checking android.permission.CAPTURE_AUDIO_HOTWORD for uid=1000 => granted (101 us)
12-20 02:30:54.740  3383  3383 W SoundTriggerHelper: listModules status=0, # of modules=0
12-20 02:30:54.741  3383  3383 I SystemServer: Gesture Launcher Service
12-20 02:30:54.741  3383  3383 I SystemServiceManager: Starting com.android.server.GestureLauncherService
12-20 02:30:54.741  3383  3383 I SystemServer: DiskStats Service
12-20 02:30:54.741  3383  3383 I SystemServer: SamplingProfiler Service
12-20 02:30:54.751  3383  3383 I SystemServer: NetworkTimeUpdateService
12-20 02:30:54.752  3383  3383 I SystemServer: CommonTimeManagementService
12-20 02:30:54.752  3383  3383 I SystemServer: CertBlacklister
12-20 02:30:54.753  3383  3383 I SystemServiceManager: Starting com.android.server.dreams.DreamManagerService
12-20 02:30:54.753  3383  3383 I SystemServer: Assets Atlas Service
12-20 02:30:54.757  3383  3383 I SystemServiceManager: Starting com.android.server.print.PrintManagerService
12-20 02:30:54.757  3383  3534 D AssetAtlas: Loaded configuration: SliceMinArea (2048x2048) flags=0x2 count=267
12-20 02:30:54.758  3383  3383 I SystemServiceManager: Starting com.android.server.restrictions.RestrictionsManagerService
12-20 02:30:54.759  3383  3383 I SystemServiceManager: Starting com.android.server.media.MediaSessionService
12-20 02:30:54.761  3383  3383 I SystemServer: Media Router Service
12-20 02:30:54.762  3383  3383 I SystemServiceManager: Starting com.android.server.trust.TrustManagerService
12-20 02:30:54.763  3383  3383 I SystemServiceManager: Starting com.android.server.fingerprint.FingerprintService
12-20 02:30:54.766  3074  3074 D PermissionCache: checking android.permission.MANAGE_FINGERPRINT for uid=1000 => granted (603 us)
12-20 02:30:54.766  3074  3074 V fingerprintd: nativeOpenHal()
12-20 02:30:54.767  3074  3074 E fingerprintd: Can't open fingerprint HW Module, error: -2
12-20 02:30:54.777  3383  3383 W FingerprintService: Failed to open Fingerprint HAL!
12-20 02:30:54.777  3383  3383 V FingerprintService: Fingerprint HAL id: 0
12-20 02:30:54.777  3383  3383 I SystemServer: BackgroundDexOptService
12-20 02:30:54.779  3383  3383 I SystemServiceManager: Starting com.android.server.pm.LauncherAppsService
12-20 02:30:54.782  3383  3383 I SystemServiceManager: Starting com.android.server.media.projection.MediaProjectionManagerService
12-20 02:30:54.811  3383  3393 W JavaBinder: BinderProxy is being destroyed but the application did not call unlinkToDeath to unlink all of its death recipients beforehand.  Releasing leaked death recipient: com.android.server.fingerprint.FingerprintService
12-20 02:30:54.811  3383  3383 I WindowManager: SAFE MODE not enabled
12-20 02:30:54.813  3383  3383 I SystemServiceManager: Starting com.android.server.MmsServiceBroker
12-20 02:30:54.815  3383  3383 I CMSystemServer: Attempting to start service org.cyanogenmod.platform.internal.CMStatusBarManagerService
12-20 02:30:54.817  3383  3383 I CMSystemServer: Starting service org.cyanogenmod.platform.internal.CMStatusBarManagerService
12-20 02:30:54.817  3383  3383 I SystemServiceManager: Starting org.cyanogenmod.platform.internal.CMStatusBarManagerService
12-20 02:30:54.817  3383  3383 D CMStatusBarManagerService: registerCMStatusBar cmstatusbar: org.cyanogenmod.platform.internal.CMStatusBarManagerService@9cf6375
12-20 02:30:54.819  3383  3383 I CMSystemServer: Attempting to start service org.cyanogenmod.platform.internal.ProfileManagerService
12-20 02:30:54.821  3383  3383 I CMSystemServer: Starting service org.cyanogenmod.platform.internal.ProfileManagerService
12-20 02:30:54.821  3383  3383 I SystemServiceManager: Starting org.cyanogenmod.platform.internal.ProfileManagerService
12-20 02:30:54.822  3024  3024 E ServiceManager: add_service('profile',61) uid=1000 - ALREADY REGISTERED, OVERRIDE
12-20 02:30:54.822  3024  3024 I ServiceManager: service 'profile' died
12-20 02:30:54.823  3383  3513 D WifiService: New client listening to asynchronous messages
12-20 02:30:54.824  3383  3383 V ProfileTriggerHelper: Enabling
12-20 02:30:54.826  3383  3383 D CMProfileService: Found active: 0230226d-0d05-494a-a9bd-d222a1117655
12-20 02:30:54.828  3383  3383 D CMProfileService: Set active profile to: 0230226d-0d05-494a-a9bd-d222a1117655 - Default
12-20 02:30:54.828  3383  3383 D CMProfileService: Saving profile data...
12-20 02:30:54.829  3383  3383 D CMProfileService: Save completed.
12-20 02:30:54.829  3383  3383 I CMSystemServer: Attempting to start service org.cyanogenmod.platform.internal.PartnerInterfaceService
12-20 02:30:54.831  3383  3383 I CMSystemServer: Starting service org.cyanogenmod.platform.internal.PartnerInterfaceService
12-20 02:30:54.831  3383  3383 I SystemServiceManager: Starting org.cyanogenmod.platform.internal.PartnerInterfaceService
12-20 02:30:54.831  3024  3024 E ServiceManager: add_service('cmpartnerinterface',62) uid=1000 - ALREADY REGISTERED, OVERRIDE
12-20 02:30:54.831  3024  3024 I ServiceManager: service 'cmpartnerinterface' died
12-20 02:30:54.831  3383  3383 I CMSystemServer: Attempting to start service org.cyanogenmod.platform.internal.CMTelephonyManagerService
12-20 02:30:54.832  3383  3383 I CMSystemServer: Starting service org.cyanogenmod.platform.internal.CMTelephonyManagerService
12-20 02:30:54.832  3383  3383 I SystemServiceManager: Starting org.cyanogenmod.platform.internal.CMTelephonyManagerService
12-20 02:30:54.832  3383  3383 I CMSystemServer: Attempting to start service org.cyanogenmod.platform.internal.CMHardwareService
12-20 02:30:54.840  3383  3534 D AssetAtlas: Rendered atlas in 75.91ms (65.18+10.73ms)
12-20 02:30:54.845  3383  3383 I CMSystemServer: Starting service org.cyanogenmod.platform.internal.CMHardwareService
12-20 02:30:54.845  3383  3383 I SystemServiceManager: Starting org.cyanogenmod.platform.internal.CMHardwareService
12-20 02:30:54.846  3024  3024 E ServiceManager: add_service('cmhardware',64) uid=1000 - ALREADY REGISTERED, OVERRIDE
12-20 02:30:54.846  3024  3024 I ServiceManager: service 'cmhardware' died
12-20 02:30:54.846  3383  3383 I CMSystemServer: Attempting to start service org.cyanogenmod.platform.internal.AppSuggestManagerService
12-20 02:30:54.847  3383  3383 I CMSystemServer: Starting service org.cyanogenmod.platform.internal.AppSuggestManagerService
12-20 02:30:54.847  3383  3383 I SystemServiceManager: Starting org.cyanogenmod.platform.internal.AppSuggestManagerService
12-20 02:30:54.847  3383  3383 W ServiceWatcher: com.cyanogen.app.suggest not found
12-20 02:30:54.847  3383  3383 E AppSgstMgrService: no app suggest provider found
12-20 02:30:54.848  3383  3383 I CMSystemServer: Attempting to start service org.cyanogenmod.platform.internal.PerformanceManagerService
12-20 02:30:54.850  3383  3550 I ServiceThread: Enabled StrictMode logging for PerformanceManager looper.
12-20 02:30:54.850  3383  3383 I CMSystemServer: Starting service org.cyanogenmod.platform.internal.PerformanceManagerService
12-20 02:30:54.850  3383  3383 I SystemServiceManager: Starting org.cyanogenmod.platform.internal.PerformanceManagerService
12-20 02:30:54.851  3383  3551 I ServiceThread: Enabled StrictMode logging for PerformanceManager looper.
12-20 02:30:54.852  3383  3383 I CMSystemServer: Attempting to start service org.cyanogenmod.platform.internal.ThemeManagerServiceBroker
12-20 02:30:54.853  3383  3383 E BrokerableCMSystemService: Setting brokered service connection org.cyanogenmod.platform.internal.ThemeManagerServiceBroker$2@4e4b6dc
12-20 02:30:54.853  3383  3383 I CMSystemServer: Starting service org.cyanogenmod.platform.internal.ThemeManagerServiceBroker
12-20 02:30:54.853  3383  3383 I SystemServiceManager: Starting org.cyanogenmod.platform.internal.ThemeManagerServiceBroker
12-20 02:30:54.853  3383  3383 E BrokerableCMSystemService: Setting brokered service connection org.cyanogenmod.platform.internal.ThemeManagerServiceBroker$2@f4113e5
12-20 02:30:54.854  3383  3383 I CMSystemServer: Attempting to start service org.cyanogenmod.platform.internal.IconCacheManagerServiceBroker
12-20 02:30:54.854  3383  3383 E BrokerableCMSystemService: Setting brokered service connection org.cyanogenmod.platform.internal.IconCacheManagerServiceBroker$2@ae36eba
12-20 02:30:54.854  3383  3383 I CMSystemServer: Starting service org.cyanogenmod.platform.internal.IconCacheManagerServiceBroker
12-20 02:30:54.854  3383  3383 I SystemServiceManager: Starting org.cyanogenmod.platform.internal.IconCacheManagerServiceBroker
12-20 02:30:54.854  3383  3383 E BrokerableCMSystemService: Setting brokered service connection org.cyanogenmod.platform.internal.IconCacheManagerServiceBroker$2@c6f016b
12-20 02:30:54.855  3383  3383 I CMSystemServer: Attempting to start service org.cyanogenmod.platform.internal.LiveLockScreenServiceBroker
12-20 02:30:54.856  3383  3383 E BrokerableCMSystemService: Setting brokered service connection org.cyanogenmod.platform.internal.LiveLockScreenServiceBroker$2@17464c8
12-20 02:30:54.856  3383  3383 I CMSystemServer: Starting service org.cyanogenmod.platform.internal.LiveLockScreenServiceBroker
12-20 02:30:54.856  3383  3383 I SystemServiceManager: Starting org.cyanogenmod.platform.internal.LiveLockScreenServiceBroker
12-20 02:30:54.856  3383  3383 E BrokerableCMSystemService: Setting brokered service connection org.cyanogenmod.platform.internal.LiveLockScreenServiceBroker$2@ff40961
12-20 02:30:54.856  3383  3383 I CMSystemServer: Attempting to start service org.cyanogenmod.platform.internal.WeatherManagerServiceBroker
12-20 02:30:54.856  3383  3383 I CMSystemServer: Starting service org.cyanogenmod.platform.internal.WeatherManagerServiceBroker
12-20 02:30:54.856  3383  3383 I SystemServiceManager: Starting org.cyanogenmod.platform.internal.WeatherManagerServiceBroker
12-20 02:30:54.857  3383  3383 I CMSystemServer: Attempting to start service org.cyanogenmod.platform.internal.display.LiveDisplayService
12-20 02:30:54.860  3383  3552 I ServiceThread: Enabled StrictMode logging for LiveDisplay looper.
12-20 02:30:54.860  3383  3383 I CMSystemServer: Starting service org.cyanogenmod.platform.internal.display.LiveDisplayService
12-20 02:30:54.860  3383  3383 I SystemServiceManager: Starting org.cyanogenmod.platform.internal.display.LiveDisplayService
12-20 02:30:54.861  3383  3553 I ServiceThread: Enabled StrictMode logging for LiveDisplay looper.
12-20 02:30:54.861  3383  3383 I CMSystemServer: Attempting to start service org.cyanogenmod.platform.internal.CMAudioServiceBroker
12-20 02:30:54.862  3383  3383 I CMSystemServer: Starting service org.cyanogenmod.platform.internal.CMAudioServiceBroker
12-20 02:30:54.862  3383  3383 I SystemServiceManager: Starting org.cyanogenmod.platform.internal.CMAudioServiceBroker
12-20 02:30:54.872  3383  3383 E LockSettingsStorage: Cannot read file java.io.FileNotFoundException: /data/system/gatekeeper.password.key: open failed: ENOENT (No such file or directory)
12-20 02:30:54.872  3383  3383 E LockSettingsStorage: Cannot read file java.io.FileNotFoundException: /data/system/password.key: open failed: ENOENT (No such file or directory)
12-20 02:30:54.872  3383  3383 E LockSettingsStorage: Cannot read file java.io.FileNotFoundException: /data/system/gatekeeper.pattern.key: open failed: ENOENT (No such file or directory)
12-20 02:30:54.872  3383  3383 E LockSettingsStorage: Cannot read file java.io.FileNotFoundException: /data/system/gatekeeper.gesture.key: open failed: ENOENT (No such file or directory)
12-20 02:30:54.872  3383  3383 E LockSettingsStorage: Cannot read file java.io.FileNotFoundException: /data/system/gesture.key: open failed: ENOENT (No such file or directory)
12-20 02:30:54.872  3383  3383 E LockSettingsStorage: Cannot read file java.io.FileNotFoundException: /data/system/cm_gesture.key: open failed: ENOENT (No such file or directory)
12-20 02:30:54.872  3383  3383 I SystemServiceManager: Starting phase 480
12-20 02:30:54.875  3383  3383 I SystemServiceManager: Starting phase 500
12-20 02:30:54.875  3383  3383 D BluetoothService: onBootPhase: PHASE_SYSTEM_SERVICES_READY
12-20 02:30:54.875  3383  3383 D BluetoothManagerService: Bluetooth boot completed
12-20 02:30:54.876  3383  3383 I WifiService: WifiService starting up with Wi-Fi enabled
12-20 02:30:54.877  3383  3383 D WifiService: setWifiEnabled: true pid=3383, uid=1000
12-20 02:30:54.877  3383  3383 E WifiService: Invoking mWifiStateMachine.setWifiEnabled
12-20 02:30:54.877  3383  3513 D WifiController: WifiController msg { when=0 what=155656 target=com.android.internal.util.StateMachine$SmHandler } deferred for 499ms
12-20 02:30:54.880  3383  3383 I WifiScanningService: Registering wifiscanner
12-20 02:30:54.881  3383  3383 I RttService: Registering rttmanager
12-20 02:30:54.882  3383  3383 I EthernetServiceImpl: Starting Ethernet service
12-20 02:30:54.883  3383  3383 D Ethernet: Registering NetworkFactory
12-20 02:30:54.884  3383  3514 D ConnectivityService: Got NetworkFactory Messenger for Ethernet
12-20 02:30:54.884  3383  3557 D Ethernet: got request NetworkRequest [ id=1, legacyType=-1, [ Capabilities: INTERNET&NOT_RESTRICTED&TRUSTED&NOT_VPN] ] with score 0
12-20 02:30:54.889  3383  3383 I SELinux : SELinux: Loaded file_contexts contexts from /file_contexts.
12-20 02:30:54.890  3383  3383 V BackupManagerService: No ancestral data
12-20 02:30:54.914  3383  3383 V KeyValueBackupJob: Scheduling k/v pass in 240 minutes
12-20 02:30:54.946  3383  3383 V BackupManagerService: Starting with transport com.google.android.gms/.backup.BackupTransportService
12-20 02:30:54.946  3383  3383 V BackupManagerService: Found transports: 1
12-20 02:30:54.946  3383  3383 I BackupManagerService: Binding to transport host ComponentInfo{android/com.android.internal.backup.LocalTransportService}
12-20 02:30:54.948  3383  3383 I BackupManagerService: Found stale backup journal, scheduling
12-20 02:30:54.963  3383  3383 I ActivityManager: Config changes=20 {1.0 ?mcc?mnc en_US ldltr sw360dp w360dp h616dp 640dpi nrml long port finger -keyb/v/h -nav/h s.6 themeResource=null}
12-20 02:30:55.018  3383  3383 W PackageManager: Unable to get pkg for processing system
12-20 02:30:55.018  3383  3383 E PackageManager: Unable to find icon pack: system
12-20 02:30:55.019  3383  3439 W KeyguardServiceDelegate: onScreenTurningOn(): no keyguard service!
12-20 02:30:55.028  3383  3383 I ActivityManager: System now ready
12-20 02:30:55.030  3383  3383 I SystemServer: Making services ready
12-20 02:30:55.030  3383  3383 I SystemServiceManager: Starting phase 550
12-20 02:30:55.031  3383  3502 D MountService: Thinking about reset, mSystemReady=true, mDaemonConnected=true
12-20 02:30:55.031  3383  3502 D VoldConnector: SND -> {3 volume reset}
12-20 02:30:55.031  3383  3422 I ActivityManager: Force stopping com.android.providers.media appid=10010 user=-1: vold reset
12-20 02:30:55.031  3383  3503 D VoldConnector: RCV <- {651 emulated 7}
12-20 02:30:55.031  3383  3503 D VoldConnector: RCV <- {659 emulated}
12-20 02:30:55.031  3383  3503 D VoldConnector: RCV <- {650 emulated 2 "" ""}
12-20 02:30:55.031  3383  3383 D UsbAlsaManager: Adding ALSA device AlsaDevice: [card: 0, device: 9, type: 1]
12-20 02:30:55.031  3383  3503 D VoldConnector: RCV <- {654 emulated emulated}
12-20 02:30:55.031  3383  3383 D UsbAlsaManager: Adding ALSA device AlsaDevice: [card: 0, device: 8, type: 1]
12-20 02:30:55.031  3383  3503 D VoldConnector: RCV <- {651 emulated 0}
12-20 02:30:55.031  3383  3383 D UsbAlsaManager: Adding ALSA device AlsaDevice: [card: 0, device: 7, type: 1]
12-20 02:30:55.031  3383  3383 D UsbAlsaManager: Adding ALSA device AlsaDevice: [card: 0, device: 6, type: 1]
12-20 02:30:55.031  3383  3503 D VoldConnector: RCV <- {651 public:179_1 7}
12-20 02:30:55.031  3383  3383 D UsbAlsaManager: Adding ALSA device AlsaDevice: [card: 0, device: 3, type: 1]
12-20 02:30:55.031  2942  2973 V vold    : /system/bin/sgdisk
12-20 02:30:55.031  2942  2973 V vold    :     --android-dump
12-20 02:30:55.031  3383  3383 D UsbAlsaManager: Adding ALSA device AlsaDevice: [card: 0, device: 2, type: 1]
12-20 02:30:55.031  2942  2973 V vold    :     /dev/block/vold/disk:179_0
12-20 02:30:55.031  3383  3383 D UsbAlsaManager: Adding ALSA device AlsaDevice: [card: 0, device: 1, type: 1]
12-20 02:30:55.031  3383  3503 D VoldConnector: RCV <- {659 public:179_1}
12-20 02:30:55.031  3383  3383 D UsbAlsaManager: Adding ALSA device AlsaDevice: [card: 0, device: 2, type: 2]
12-20 02:30:55.031  3383  3383 D UsbAlsaManager: Adding ALSA device AlsaDevice: [card: 0, device: 0, type: 1]
12-20 02:30:55.031  3383  3503 D VoldConnector: RCV <- {649 disk:179_0}
12-20 02:30:55.031  3383  3383 D UsbAlsaManager: Adding ALSA device AlsaDevice: [card: 0, device: 1, type: 2]
12-20 02:30:55.031  3383  3383 D UsbAlsaManager: Adding ALSA device AlsaDevice: [card: 0, device: 0, type: 2]
12-20 02:30:55.031  3383  3503 D VoldConnector: RCV <- {640 disk:179_0 4}
12-20 02:30:55.031  3383  3503 D VoldConnector: RCV <- {641 disk:179_0 1967128576}
12-20 02:30:55.031  3383  3503 D VoldConnector: RCV <- {642 disk:179_0 Samsung}
12-20 02:30:55.032  3383  3503 D VoldConnector: RCV <- {644 disk:179_0 /sys//devices/15740000.dwmmc2/mmc_host/mmc0/mmc0:0002/block/mmcblk0}
12-20 02:30:55.043  2942  2973 V vold    : DISK mbr
12-20 02:30:55.043  2942  2973 V vold    : PART 1 e
12-20 02:30:55.043  3383  3503 D VoldConnector: RCV <- {650 public:179_1 0 "disk:179_0" ""}
12-20 02:30:55.043  3383  3503 D VoldConnector: RCV <- {654 public:179_1 sdcard}
12-20 02:30:55.043  3383  3503 D VoldConnector: RCV <- {651 public:179_1 0}
12-20 02:30:55.043  3383  3503 D VoldConnector: RCV <- {643 disk:179_0}
12-20 02:30:55.043  3383  3503 D VoldConnector: RCV <- {200 3 Command succeeded}
12-20 02:30:55.044  3383  3502 D VoldConnector: SND -> {4 volume user_added 0 0}
12-20 02:30:55.044  3383  3503 D VoldConnector: RCV <- {200 4 Command succeeded}
12-20 02:30:55.044  3383  3383 W MountService: No primary storage defined yet; hacking together a stub
12-20 02:30:55.046  3383  3425 V MountService: Found primary storage at VolumeInfo{emulated}:
12-20 02:30:55.046  3383  3425 V MountService:     type=EMULATED diskId=null partGuid=null mountFlags=0 mountUserId=-1 
12-20 02:30:55.046  3383  3425 V MountService:     state=UNMOUNTED 
12-20 02:30:55.046  3383  3425 V MountService:     fsType=null fsUuid=null fsLabel=null 
12-20 02:30:55.046  3383  3425 V MountService:     path=null internalPath=null 
12-20 02:30:55.046  3383  3502 D VoldConnector: SND -> {5 volume mount emulated 3 -1}
12-20 02:30:55.047  3383  3503 D VoldConnector: RCV <- {651 emulated 1}
12-20 02:30:55.047  3383  3503 D VoldConnector: RCV <- {656 emulated /data/media}
12-20 02:30:55.047  3383  3503 D VoldConnector: RCV <- {655 emulated /storage/emulated}
12-20 02:30:55.048  2942  2973 V vold    : Waiting for FUSE to spin up...
12-20 02:30:55.056  3383  3383 I Zygote  : Process: zygote socket opened, supported ABIS: arm64-v8a,armeabi
12-20 02:30:55.057  3070  3388 I art     : Starting a blocking GC HeapTrim
12-20 02:30:55.067  3383  3383 I ActivityManager: Start proc 3583:com.android.systemui/u0a25 for service com.android.systemui/.keyguard.KeyguardService
12-20 02:30:55.067  3383  3383 I BrokerableCMSystemService: Connecting to implementation
12-20 02:30:55.067  3383  3383 W ContextImpl: Calling a method in the system process without a qualified user: android.app.ContextImpl.bindService:1295 org.cyanogenmod.platform.internal.BrokerableCMSystemService.tryConnecting:199 org.cyanogenmod.platform.internal.ThemeManagerServiceBroker.onBootPhase:270 com.android.server.SystemServiceManager.startBootPhase:135 com.android.server.SystemServer$2.run:1180 
12-20 02:30:55.083  3383  3383 I ActivityManager: Start proc 3596:org.cyanogenmod.themeservice/u0a20 for service org.cyanogenmod.themeservice/.ThemeManagerService
12-20 02:30:55.084  3383  3383 I SystemServer: WebViewFactory preparation
12-20 02:30:55.095  3383  3422 I ActivityManager: Start proc 3610:android.process.media/u0a10 for broadcast com.android.providers.media/.MtpReceiver
12-20 02:30:55.098  3383  3503 D VoldConnector: RCV <- {651 emulated 2}
12-20 02:30:55.098  3383  3503 D VoldConnector: RCV <- {200 5 Command succeeded}
12-20 02:30:55.105  3383  3383 I Zygote  : Process: zygote socket opened, supported ABIS: armeabi-v7a,armeabi
12-20 02:30:55.106  3071  3260 I art     : Starting a blocking GC HeapTrim
12-20 02:30:55.108  3071  3071 I art     : Starting a blocking GC Background
12-20 02:30:55.137  3383  3383 I ActivityManager: Start proc 3625:WebViewLoader-armeabi-v7a/1037 [android.webkit.WebViewFactory$RelroFileCreator] for 
12-20 02:30:55.148  3383  3383 I ActivityManager: Start proc 3631:WebViewLoader-arm64-v8a/1037 [android.webkit.WebViewFactory$RelroFileCreator] for 
12-20 02:30:55.149  3383  3383 D NetworkManagement: enabling bandwidth control
12-20 02:30:55.149  3383  3502 D VoldConnector: SND -> {6 volume mount public:179_1 0 0}
12-20 02:30:55.150  3383  3503 D VoldConnector: RCV <- {651 public:179_1 1}
12-20 02:30:55.150  2942  2973 V vold    : /system/bin/blkid
12-20 02:30:55.150  2942  2973 V vold    :     -c
12-20 02:30:55.150  2942  2973 V vold    :     /dev/null
12-20 02:30:55.150  2942  2973 V vold    :     -s
12-20 02:30:55.150  2942  2973 V vold    :     TYPE
12-20 02:30:55.150  2942  2973 V vold    :     -s
12-20 02:30:55.150  2942  2973 V vold    :     UUID
12-20 02:30:55.150  2942  2973 V vold    :     -s
12-20 02:30:55.150  2942  2973 V vold    :     LABEL
12-20 02:30:55.150  2942  2973 V vold    :     /dev/block/vold/public:179_1
12-20 02:30:55.153  3631  3631 V WebViewFactory: RelroFileCreator (64bit = true),  32-bit lib: /system/app/webview/webview.apk!/lib/armeabi-v7a/libwebviewchromium.so, 64-bit lib: /system/app/webview/webview.apk!/lib/arm64-v8a/libwebviewchromium.so
12-20 02:30:55.155  3625  3625 V WebViewFactory: RelroFileCreator (64bit = false),  32-bit lib: /system/app/webview/webview.apk!/lib/armeabi-v7a/libwebviewchromium.so, 64-bit lib: /system/app/webview/webview.apk!/lib/arm64-v8a/libwebviewchromium.so
12-20 02:30:55.160  3383  3422 I ActivityManager: Start proc 3652:com.android.externalstorage/u0a9 for broadcast com.android.externalstorage/.MountReceiver
12-20 02:30:55.179  2949  2949 W auditd  : type=1325 audit(0.0:161): table=filter family=2 entries=52
12-20 02:30:55.179  2949  2949 W auditd  : type=1320 audit(0.0:161): 
12-20 02:30:55.179  2949  2949 W auditd  : type=1325 audit(0.0:162): table=filter family=10 entries=55
12-20 02:30:55.179  2949  2949 W auditd  : type=1320 audit(0.0:162): 
12-20 02:30:55.197  3625  3625 I art     : System.exit called, status: 0
12-20 02:30:55.197  3625  3625 I AndroidRuntime: VM exiting with result code 0, cleanup skipped.
12-20 02:30:55.199  2949  2949 W auditd  : type=1325 audit(0.0:163): table=filter family=2 entries=51
12-20 02:30:55.199  2949  2949 W auditd  : type=1320 audit(0.0:163): 
12-20 02:30:55.208  2942  2973 V vold    : /dev/block/vold/public:179_1: LABEL="HDDREG" UUID="067B-1A2C" TYPE="vfat" 
12-20 02:30:55.209  2949  2949 W auditd  : type=1325 audit(0.0:164): table=filter family=10 entries=54
12-20 02:30:55.209  2949  2949 W auditd  : type=1320 audit(0.0:164): 
12-20 02:30:55.209  3383  3503 D VoldConnector: RCV <- {652 public:179_1 vfat}
12-20 02:30:55.209  3383  3503 D VoldConnector: RCV <- {653 public:179_1 067B-1A2C}
12-20 02:30:55.209  3383  3503 D VoldConnector: RCV <- {654 public:179_1 HDDREG}
12-20 02:30:55.209  3383  3503 D VoldConnector: RCV <- {656 public:179_1 /mnt/media_rw/067B-1A2C}
12-20 02:30:55.209  3383  3503 D VoldConnector: RCV <- {655 public:179_1 /mnt/media_rw/067B-1A2C}
12-20 02:30:55.210  2942  2973 V vold    : /system/bin/fsck_msdos
12-20 02:30:55.210  2942  2973 V vold    :     -p
12-20 02:30:55.210  2942  2973 V vold    :     -f
12-20 02:30:55.210  2942  2973 V vold    :     /dev/block/vold/public:179_1
12-20 02:30:55.219  2949  2949 W auditd  : type=1325 audit(0.0:165): table=filter family=2 entries=50
12-20 02:30:55.219  2949  2949 W auditd  : type=1320 audit(0.0:165): 
12-20 02:30:55.221  2942  2973 I fsck_msdos: ** /dev/block/vold/public:179_1
12-20 02:30:55.223  3631  3631 I art     : System.exit called, status: 0
12-20 02:30:55.223  3672  3672 D fsck_msdos: sectors Per cluster :64 
12-20 02:30:55.223  3631  3631 I AndroidRuntime: VM exiting with result code 0, cleanup skipped.
12-20 02:30:55.223  3672  3672 D fsck_msdos: boot->ClusterOffset :397 
12-20 02:30:55.223  3672  3672 I fsck_msdos: FAT16 Fielsystem
12-20 02:30:55.223  3672  3672 D fsck_msdos: Using cluster_chain_descriptor
12-20 02:30:55.223  3672  3672 I fsck_msdos: Total clusters 59929 
12-20 02:30:55.223  2942  2973 I fsck_msdos: ** Phase 1 - Read and Compare FATs
12-20 02:30:55.223  2942  2973 I fsck_msdos: Attempting to allocate 123 KB for FAT
12-20 02:30:55.228  3583  3583 W System  : ClassLoader referenced unknown path: /system/priv-app/SystemUI/lib/arm64
12-20 02:30:55.229  2949  2949 W auditd  : type=1325 audit(0.0:166): table=filter family=10 entries=53
12-20 02:30:55.229  2949  2949 W auditd  : type=1320 audit(0.0:166): 
12-20 02:30:55.229  3024  3024 E SELinux : avc:  denied  { find } for service=network_management scontext=u:r:themeservice_app:s0 tcontext=u:object_r:network_management_service:s0 tclass=service_manager
12-20 02:30:55.233  3596  3596 W System  : ClassLoader referenced unknown path: /system/priv-app/ThemeManagerService/lib/arm64
12-20 02:30:55.233  3610  3610 W System  : ClassLoader referenced unknown path: /system/priv-app/MediaProvider/lib/arm64
12-20 02:30:55.234  2942  2973 I fsck_msdos: Attempting to allocate 123 KB for FAT
12-20 02:30:55.237  3596  3596 I ThemeManagerService: Spawned worker thread
12-20 02:30:55.239  2949  2949 W auditd  : type=1325 audit(0.0:167): table=filter family=2 entries=50
12-20 02:30:55.239  2949  2949 W auditd  : type=1320 audit(0.0:167): 
12-20 02:30:55.245  3672  3672 I fsck_msdos: Begin to compare FAT
12-20 02:30:55.245  3672  3672 I fsck_msdos: ** Phase 2 - Check Cluster Chains 
12-20 02:30:55.245  3672  3672 I fsck_msdos: Begin to handle the cluster chain
12-20 02:30:55.246  3672  3672 D fsck_msdos: rootDir->head :0
12-20 02:30:55.246  2942  2973 I fsck_msdos: ** Phase 3 - Checking Directories
12-20 02:30:55.249  2949  2949 W auditd  : type=1325 audit(0.0:168): table=filter family=10 entries=53
12-20 02:30:55.249  2949  2949 W auditd  : type=1320 audit(0.0:168): 
12-20 02:30:55.249  2949  2949 W auditd  : type=1325 audit(0.0:169): table=filter family=2 entries=50
12-20 02:30:55.249  2949  2949 W auditd  : type=1320 audit(0.0:169): 
12-20 02:30:55.256  3652  3652 W System  : ClassLoader referenced unknown path: /system/priv-app/ExternalStorageProvider/lib/arm64
12-20 02:30:55.260  3610  3610 W System  : ClassLoader referenced unknown path: /system/priv-app/DownloadProvider/lib/arm64
12-20 02:30:55.261  3583  3583 V SystemUIService: Starting SystemUI services.
12-20 02:30:55.261  3596  3596 D ThemeManagerService: Prev api level was: 23, api is now: 23
12-20 02:30:55.262  3652  3652 D ExternalStorage: After updating volumes, found 1 active roots
12-20 02:30:55.263  3672  3672 D fsck_msdos: Verify Filesystem information
12-20 02:30:55.263  3672  3672 W fsck_msdos: 26 files, 1915936 free (59873 clusters)
12-20 02:30:55.263  3672  3672 I fsck_msdos: free_rb_tree 
12-20 02:30:55.263  3672  3672 I fsck_msdos: free_fragment_tree
12-20 02:30:55.263  3672  3672 I fsck_msdos: free_fragment_tree
12-20 02:30:55.263  3672  3672 I fsck_msdos: free_fragment_tree: rb_tree is empty 
12-20 02:30:55.263  2942  2973 I fsck_msdos: ** Phase 4 - Checking for Lost Files
12-20 02:30:55.264  2942  2973 I Vold    : Filesystem check completed OK
12-20 02:30:55.265  3652  3652 D ExternalStorage: After updating volumes, found 1 active roots
12-20 02:30:55.269  2949  2949 W auditd  : type=1325 audit(0.0:170): table=filter family=10 entries=53
12-20 02:30:55.269  2949  2949 W auditd  : type=1320 audit(0.0:170): 
12-20 02:30:55.277  3383  3503 D VoldConnector: RCV <- {651 public:179_1 2}
12-20 02:30:55.277  3383  3503 D VoldConnector: RCV <- {200 6 Command succeeded}
12-20 02:30:55.279  2949  2949 W auditd  : type=1325 audit(0.0:171): table=filter family=2 entries=50
12-20 02:30:55.279  2949  2949 W auditd  : type=1320 audit(0.0:171): 
12-20 02:30:55.279  2949  2949 W auditd  : type=1325 audit(0.0:172): table=filter family=10 entries=53
12-20 02:30:55.279  2949  2949 W auditd  : type=1320 audit(0.0:172): 
12-20 02:30:55.289  2949  2949 W auditd  : type=1325 audit(0.0:173): table=raw family=2 entries=10
12-20 02:30:55.289  2949  2949 W auditd  : type=1320 audit(0.0:173): 
12-20 02:30:55.299  2949  2949 W auditd  : type=1325 audit(0.0:174): table=raw family=10 entries=10
12-20 02:30:55.299  2949  2949 W auditd  : type=1320 audit(0.0:174): 
12-20 02:30:55.308  3652  3652 D ExternalStorage: After updating volumes, found 2 active roots
12-20 02:30:55.309  2949  2949 W auditd  : type=1325 audit(0.0:175): table=mangle family=2 entries=17
12-20 02:30:55.309  2949  2949 W auditd  : type=1320 audit(0.0:175): 
12-20 02:30:55.309  2949  2949 W auditd  : type=1325 audit(0.0:176): table=mangle family=10 entries=13
12-20 02:30:55.309  2949  2949 W auditd  : type=1320 audit(0.0:176): 
12-20 02:30:55.319  2949  2949 W auditd  : type=1325 audit(0.0:177): table=filter family=2 entries=49
12-20 02:30:55.319  2949  2949 W auditd  : type=1320 audit(0.0:177): 
12-20 02:30:55.320  3652  3652 D ExternalStorage: After updating volumes, found 2 active roots
12-20 02:30:55.325  3652  3652 D ExternalStorage: After updating volumes, found 2 active roots
12-20 02:30:55.329  2949  2949 W auditd  : type=1325 audit(0.0:178): table=filter family=10 entries=52
12-20 02:30:55.336  3383  3403 I ActivityManager: Start proc 3695:org.cyanogenmod.themes.provider/u0a22 for broadcast org.cyanogenmod.themes.provider/.AppReceiver
12-20 02:30:55.380  3583  3713 E WVMExtractor: Failed to open libwvm.so: dlopen failed: library "libwvm.so" not found
12-20 02:30:55.382  3383  3513 D WifiController: DEFERRED_TOGGLE handled
12-20 02:30:55.383  3383  3512 E WifiMonitor: killSupplicant p2ptrue init.svc.wpa_supplicant=unknown init.svc.p2p_supplicant=unknown
12-20 02:30:55.406  3063  3532 I EXYNOS_COMP_REGS: Loading the library: libOMX.Exynos.AVC.Decoder.so
12-20 02:30:55.408  3695  3695 W System  : ClassLoader referenced unknown path: /system/priv-app/ThemesProvider/lib/arm64
12-20 02:30:55.409  3063  3532 I EXYNOS_COMP_REGS: Loading the library: libOMX.Exynos.AVC.Encoder.so
12-20 02:30:55.412  3063  3532 I EXYNOS_COMP_REGS: Loading the library: libOMX.Exynos.HEVC.Decoder.so
12-20 02:30:55.415  3063  3532 I EXYNOS_COMP_REGS: Loading the library: libOMX.Exynos.HEVC.Encoder.so
12-20 02:30:55.427  3063  3532 I EXYNOS_COMP_REGS: Loading the library: libOMX.Exynos.MPEG4.Decoder.so
12-20 02:30:55.429  3063  3532 I EXYNOS_COMP_REGS: Loading the library: libOMX.Exynos.MPEG4.Encoder.so
12-20 02:30:55.431  3063  3532 I EXYNOS_COMP_REGS: Loading the library: libOMX.Exynos.VP8.Decoder.so
12-20 02:30:55.433  3063  3532 I EXYNOS_COMP_REGS: Loading the library: libOMX.Exynos.VP8.Encoder.so
12-20 02:30:55.435  3063  3532 I EXYNOS_COMP_REGS: Loading the library: libOMX.Exynos.VP9.Decoder.so
12-20 02:30:55.439  3063  3532 I EXYNOS_COMP_REGS: Loading the library: libOMX.Exynos.VP9.Encoder.so
12-20 02:30:55.442  3063  3532 I EXYNOS_COMP_REGS: Loading the library: libOMX.Exynos.WMV.Decoder.so
12-20 02:30:55.456  3058  3473 D SoftapController: Softap fwReload - Ok
12-20 02:30:55.456  3063  3532 D libexynosv4l2: try node: /dev/video6
12-20 02:30:55.456  3063  3532 I libexynosv4l2: node found for device s5p-mfc-dec: /dev/video6
12-20 02:30:55.464  3063  3532 I libexynosv4l2: open video device /dev/video6
12-20 02:30:55.465  3063  3532 W ACodec  : do not know color format 0x7f000012 = 2130706450
12-20 02:30:55.465  3063  3532 W ACodec  : do not know color format 0x7f000011 = 2130706449
12-20 02:30:55.465  3063  3532 I Exynos_OSAL_Android: output buffer sharing mode is on (15)
12-20 02:30:55.466  3063  3532 D libexynosv4l2: try node: /dev/video6
12-20 02:30:55.466  3063  3532 I libexynosv4l2: node found for device s5p-mfc-dec: /dev/video6
12-20 02:30:55.476  3063  3532 I libexynosv4l2: open video device /dev/video6
12-20 02:30:55.477  3063  3532 W ACodec  : do not know color format 0x7f000012 = 2130706450
12-20 02:30:55.477  3063  3532 W ACodec  : do not know color format 0x7f000011 = 2130706449
12-20 02:30:55.477  3063  3532 I Exynos_OSAL_Android: output buffer sharing mode is on (15)
12-20 02:30:55.478  3063  3532 D libexynosv4l2: try node: /dev/video6
12-20 02:30:55.479  3063  3532 I libexynosv4l2: node found for device s5p-mfc-dec: /dev/video6
12-20 02:30:55.481  3058  3473 I iptables: iptables: No chain/target/match by that name.
12-20 02:30:55.481  3058  3473 I iptables: iptables terminated by exit(1)
12-20 02:30:55.481  3058  3473 E Netd    : exec() res=0, status=256 for /system/bin/iptables -w -F st_penalty_log 
12-20 02:30:55.482  3063  3532 I libexynosv4l2: open video device /dev/video6
12-20 02:30:55.483  3063  3532 W ACodec  : do not know color format 0x7f000012 = 2130706450
12-20 02:30:55.483  3063  3532 W ACodec  : do not know color format 0x7f000011 = 2130706449
12-20 02:30:55.483  3063  3532 I Exynos_OSAL_Android: output buffer sharing mode is on (15)
12-20 02:30:55.486  3063  3532 D libexynosv4l2: try node: /dev/video6
12-20 02:30:55.486  3063  3532 I libexynosv4l2: node found for device s5p-mfc-dec: /dev/video6
12-20 02:30:55.488  3058  3473 I ip6tables: ip6tables: No chain/target/match by that name.
12-20 02:30:55.489  3063  3532 I libexynosv4l2: open video device /dev/video6
12-20 02:30:55.490  3063  3532 I Exynos_OSAL_Android: output buffer sharing mode is on (15)
12-20 02:30:55.491  3063  3532 D libexynosv4l2: try node: /dev/video6
12-20 02:30:55.491  3063  3532 I libexynosv4l2: node found for device s5p-mfc-dec: /dev/video6
12-20 02:30:55.496  3063  3532 I libexynosv4l2: open video device /dev/video6
12-20 02:30:55.496  3063  3532 W ACodec  : do not know color format 0x7f000012 = 2130706450
12-20 02:30:55.496  3063  3532 W ACodec  : do not know color format 0x7f000011 = 2130706449
12-20 02:30:55.496  3063  3532 I Exynos_OSAL_Android: output buffer sharing mode is on (15)
12-20 02:30:55.497  3058  3473 I ip6tables: ip6tables terminated by exit(1)
12-20 02:30:55.497  3058  3473 E Netd    : exec() res=0, status=256 for /system/bin/ip6tables -w -F st_penalty_log 
12-20 02:30:55.498  3063  3532 D libexynosv4l2: try node: /dev/video6
12-20 02:30:55.498  3063  3532 I libexynosv4l2: node found for device s5p-mfc-dec: /dev/video6
12-20 02:30:55.501  3063  3532 I libexynosv4l2: open video device /dev/video6
12-20 02:30:55.501  3063  3532 W ACodec  : do not know color format 0x7f000012 = 2130706450
12-20 02:30:55.501  3063  3532 W ACodec  : do not know color format 0x7f000011 = 2130706449
12-20 02:30:55.501  3063  3532 I Exynos_OSAL_Android: output buffer sharing mode is on (15)
12-20 02:30:55.509  3063  3532 D libexynosv4l2: try node: /dev/video6
12-20 02:30:55.510  3063  3532 I libexynosv4l2: node found for device s5p-mfc-dec: /dev/video6
12-20 02:30:55.511  3058  3473 I iptables: iptables: No chain/target/match by that name.
12-20 02:30:55.514  3063  3532 I libexynosv4l2: open video device /dev/video6
12-20 02:30:55.514  3063  3532 E OMXNodeInstance: getParameter(7:Exynos.VP9.Decoder, ParamVideoProfileLevelQuerySupported(0x600000f)) ERROR: UnsupportedIndex(0x8000101a)
12-20 02:30:55.514  3063  3532 W ACodec  : do not know color format 0x7f000012 = 2130706450
12-20 02:30:55.514  3063  3532 W ACodec  : do not know color format 0x7f000011 = 2130706449
12-20 02:30:55.514  3063  3532 I Exynos_OSAL_Android: output buffer sharing mode is on (15)
12-20 02:30:55.517  3063  3532 E OMX     : FAILED to allocate omx component 'OMX.Exynos.VC1.Decoder' err=InvalidComponentName(0x80001002)
12-20 02:30:55.517  3063  3532 E OMX     : FAILED to allocate omx component 'OMX.Exynos.VC1.Decoder' err=InvalidComponentName(0x80001002)
12-20 02:30:55.517  3063  3532 W MediaCodecList: ignoring Limit specified outside of a Type
12-20 02:30:55.517  3063  3532 W MediaCodecList: ignoring Limit specified outside of a Type
12-20 02:30:55.517  3063  3532 W MediaCodecList: ignoring Limit specified outside of a Type
12-20 02:30:55.517  3063  3532 W MediaCodecList: ignoring Limit specified outside of a Type
12-20 02:30:55.517  3063  3532 W MediaCodecList: ignoring Limit specified outside of a Type
12-20 02:30:55.518  3063  3532 W MediaCodecList: ignoring Limit specified outside of a Type
12-20 02:30:55.518  3063  3532 W MediaCodecList: ignoring Feature specified outside of a Type
12-20 02:30:55.518  3063  3532 E OMX     : FAILED to allocate omx component 'OMX.Exynos.MP3.Decoder' err=InvalidComponentName(0x80001002)
12-20 02:30:55.518  3063  3532 E OMX     : FAILED to allocate omx component 'OMX.Exynos.MP3.Decoder' err=InvalidComponentName(0x80001002)
12-20 02:30:55.518  3063  3532 E OMX     : FAILED to allocate omx component 'OMX.Exynos.MP3.Decoder' err=InvalidComponentName(0x80001002)
12-20 02:30:55.518  3063  3532 E OMX     : FAILED to allocate omx component 'OMX.Exynos.AAC.Decoder' err=InvalidComponentName(0x80001002)
12-20 02:30:55.518  3058  3473 I iptables: iptables terminated by exit(1)
12-20 02:30:55.518  3058  3473 E Netd    : exec() res=0, status=256 for /system/bin/iptables -w -F st_penalty_reject 
12-20 02:30:55.519  3063  3532 D libexynosv4l2: try node: /dev/video6
12-20 02:30:55.519  3063  3532 D libexynosv4l2: try node: /dev/video7
12-20 02:30:55.519  3063  3532 I libexynosv4l2: node found for device s5p-mfc-enc: /dev/video7
12-20 02:30:55.522  3063  3532 I libexynosv4l2: open video device /dev/video7
12-20 02:30:55.523  3063  3532 W ACodec  : do not know color format 0x7f000011 = 2130706449
12-20 02:30:55.523  3063  3532 W ACodec  : do not know color format 0x10 = 16
12-20 02:30:55.523  3063  3532 W ACodec  : do not know color format 0x7f00a000 = 2130747392
12-20 02:30:55.523  3063  3532 W ACodec  : do not know color format 0x7f000789 = 2130708361
12-20 02:30:55.523  3063  3532 W ACodec  : do not know color format 0x7f000012 = 2130706450
12-20 02:30:55.523  3058  3473 I ip6tables: ip6tables: No chain/target/match by that name.
12-20 02:30:55.524  3058  3473 I ip6tables: ip6tables terminated by exit(1)
12-20 02:30:55.524  3058  3473 E Netd    : exec() res=0, status=256 for /system/bin/ip6tables -w -F st_penalty_reject 
12-20 02:30:55.528  3063  3532 D libexynosv4l2: try node: /dev/video6
12-20 02:30:55.528  3063  3532 D libexynosv4l2: try node: /dev/video7
12-20 02:30:55.528  3063  3532 I libexynosv4l2: node found for device s5p-mfc-enc: /dev/video7
12-20 02:30:55.529  3058  3473 I iptables: iptables: No chain/target/match by that name.
12-20 02:30:55.529  3058  3473 I iptables: iptables terminated by exit(1)
12-20 02:30:55.529  3058  3473 E Netd    : exec() res=0, status=256 for /system/bin/iptables -w -F st_clear_caught 
12-20 02:30:55.535  3058  3473 I ip6tables: ip6tables: No chain/target/match by that name.
12-20 02:30:55.535  3058  3473 I ip6tables: ip6tables terminated by exit(1)
12-20 02:30:55.535  3058  3473 E Netd    : exec() res=0, status=256 for /system/bin/ip6tables -w -F st_clear_caught 
12-20 02:30:55.535  3063  3532 I libexynosv4l2: open video device /dev/video7
12-20 02:30:55.535  3063  3532 W ACodec  : do not know color format 0x7f000011 = 2130706449
12-20 02:30:55.535  3063  3532 W ACodec  : do not know color format 0x10 = 16
12-20 02:30:55.535  3063  3532 W ACodec  : do not know color format 0x7f00a000 = 2130747392
12-20 02:30:55.535  3063  3532 W ACodec  : do not know color format 0x7f000789 = 2130708361
12-20 02:30:55.535  3063  3532 W ACodec  : do not know color format 0x7f000012 = 2130706450
12-20 02:30:55.539  3063  3532 D libexynosv4l2: try node: /dev/video6
12-20 02:30:55.539  3063  3532 D libexynosv4l2: try node: /dev/video7
12-20 02:30:55.539  3063  3532 I libexynosv4l2: node found for device s5p-mfc-enc: /dev/video7
12-20 02:30:55.543  3063  3532 I libexynosv4l2: open video device /dev/video7
12-20 02:30:55.543  3063  3532 W ACodec  : do not know color format 0x7f000011 = 2130706449
12-20 02:30:55.543  3063  3532 W ACodec  : do not know color format 0x10 = 16
12-20 02:30:55.543  3063  3532 W ACodec  : do not know color format 0x7f00a000 = 2130747392
12-20 02:30:55.543  3063  3532 W ACodec  : do not know color format 0x7f000789 = 2130708361
12-20 02:30:55.543  3063  3532 W ACodec  : do not know color format 0x7f000012 = 2130706450
12-20 02:30:55.545  3063  3532 D libexynosv4l2: try node: /dev/video6
12-20 02:30:55.545  3063  3532 D libexynosv4l2: try node: /dev/video7
12-20 02:30:55.545  3063  3532 I libexynosv4l2: node found for device s5p-mfc-enc: /dev/video7
12-20 02:30:55.551  3058  3473 I iptables: iptables: No chain/target/match by that name.
12-20 02:30:55.552  3058  3473 I iptables: iptables terminated by exit(1)
12-20 02:30:55.552  3058  3473 E Netd    : exec() res=0, status=256 for /system/bin/iptables -w -F st_clear_detect 
12-20 02:30:55.552  3063  3532 I libexynosv4l2: open video device /dev/video7
12-20 02:30:55.552  3063  3532 W ACodec  : do not know color format 0x7f000011 = 2130706449
12-20 02:30:55.553  3063  3532 W ACodec  : do not know color format 0x10 = 16
12-20 02:30:55.553  3063  3532 W ACodec  : do not know color format 0x7f00a000 = 2130747392
12-20 02:30:55.553  3063  3532 W ACodec  : do not know color format 0x7f000789 = 2130708361
12-20 02:30:55.553  3063  3532 W ACodec  : do not know color format 0x7f000012 = 2130706450
12-20 02:30:55.558  3063  3532 D libexynosv4l2: try node: /dev/video6
12-20 02:30:55.559  3063  3532 D libexynosv4l2: try node: /dev/video7
12-20 02:30:55.559  3063  3532 I libexynosv4l2: node found for device s5p-mfc-enc: /dev/video7
12-20 02:30:55.562  3063  3532 I libexynosv4l2: open video device /dev/video7
12-20 02:30:55.562  3063  3532 W ACodec  : do not know color format 0x7f000011 = 2130706449
12-20 02:30:55.562  3058  3473 I ip6tables: ip6tables: No chain/target/match by that name.
12-20 02:30:55.562  3063  3532 W ACodec  : do not know color format 0x10 = 16
12-20 02:30:55.562  3063  3532 W ACodec  : do not know color format 0x7f00a000 = 2130747392
12-20 02:30:55.562  3063  3532 W ACodec  : do not know color format 0x7f000789 = 2130708361
12-20 02:30:55.562  3063  3532 W ACodec  : do not know color format 0x7f000012 = 2130706450
12-20 02:30:55.563  3058  3473 I ip6tables: ip6tables terminated by exit(1)
12-20 02:30:55.563  3058  3473 E Netd    : exec() res=0, status=256 for /system/bin/ip6tables -w -F st_clear_detect 
12-20 02:30:55.563  3063  3532 E OMX     : FAILED to allocate omx component 'OMX.Exynos.VP9.Encoder' err=InvalidComponentName(0x80001002)
12-20 02:30:55.568  3058  3473 I iptables: iptables: No chain/target/match by that name.
12-20 02:30:55.569  3058  3473 I iptables: iptables terminated by exit(1)
12-20 02:30:55.569  3058  3473 E Netd    : exec() res=0, status=256 for /system/bin/iptables -w -X st_penalty_log 
12-20 02:30:55.569  3063  3532 W OMXNodeInstance: [d:google.mpeg4.decoder] component does not support metadata mode; using fallback
12-20 02:30:55.578  3063  3532 W OMXNodeInstance: [e:google.mpeg4.decoder] component does not support metadata mode; using fallback
12-20 02:30:55.584  3058  3473 I ip6tables: ip6tables: No chain/target/match by that name.
12-20 02:30:55.584  3058  3473 I ip6tables: ip6tables terminated by exit(1)
12-20 02:30:55.584  3058  3473 E Netd    : exec() res=0, status=256 for /system/bin/ip6tables -w -X st_penalty_log 
12-20 02:30:55.585  3063  3532 W MediaCodecList: ignoring Limit specified outside of a Type
12-20 02:30:55.585  3063  3532 W MediaCodecList: ignoring Limit specified outside of a Type
12-20 02:30:55.585  3063  3532 W MediaCodecList: ignoring Limit specified outside of a Type
12-20 02:30:55.585  3063  3532 W MediaCodecList: ignoring Limit specified outside of a Type
12-20 02:30:55.585  3063  3532 W MediaCodecList: ignoring Limit specified outside of a Type
12-20 02:30:55.585  3063  3532 W MediaCodecList: ignoring Feature specified outside of a Type
12-20 02:30:55.586  3063  3532 W OMXNodeInstance: [f:google.h263.decoder] component does not support metadata mode; using fallback
12-20 02:30:55.590  3058  3473 I iptables: iptables: No chain/target/match by that name.
12-20 02:30:55.590  3058  3473 I iptables: iptables terminated by exit(1)
12-20 02:30:55.590  3058  3473 E Netd    : exec() res=0, status=256 for /system/bin/iptables -w -X st_penalty_reject 
12-20 02:30:55.592  3063  3532 W OMXNodeInstance: [10:google.h264.decoder] component does not support metadata mode; using fallback
