12-20 05:41:07.086  3956  4004 D IccSmsInterfaceManager: [IccSmsInterfaceManager] Calling setCellBroadcastActivation(true)
12-20 05:41:07.088  3956  4489 D IccSmsInterfaceManager: [IccSmsInterfaceManager] enableCdmaBroadcastRange
12-20 05:41:07.089  3956  4489 D IccSmsInterfaceManager: [IccSmsInterfaceManager] Calling setCdmaBroadcastConfig with 1 configurations
12-20 05:41:07.089  3956  4489 D IccSmsInterfaceManager: [IccSmsInterfaceManager] Failed to add cdma broadcast subscription for MID range 4099 to 4099 from client com.android.cellbroadcastreceiver
12-20 05:41:07.091  3956  4490 D IccSmsInterfaceManager: [IccSmsInterfaceManager] enableGsmBroadcastRange
12-20 05:41:07.091  3956  4490 D IccSmsInterfaceManager: [IccSmsInterfaceManager] Added GSM cell broadcast subscription for MID range 4380 to 4382 from client com.android.cellbroadcastreceiver
12-20 05:41:07.091  3956  4490 D IccSmsInterfaceManager: [IccSmsInterfaceManager] Calling setCellBroadcastActivation(true)
12-20 05:41:07.094  3956  4293 D IccSmsInterfaceManager: [IccSmsInterfaceManager] enableCdmaBroadcastRange
12-20 05:41:07.095  3956  4293 D IccSmsInterfaceManager: [IccSmsInterfaceManager] Calling setCdmaBroadcastConfig with 1 configurations
12-20 05:41:07.096  3956  4293 D IccSmsInterfaceManager: [IccSmsInterfaceManager] Failed to add cdma broadcast subscription for MID range 4100 to 4100 from client com.android.cellbroadcastreceiver
12-20 05:41:07.098  3956  4268 D IccSmsInterfaceManager: [IccSmsInterfaceManager] enableGsmBroadcastRange
12-20 05:41:07.098  3956  4268 D IccSmsInterfaceManager: [IccSmsInterfaceManager] Added GSM cell broadcast subscription for MID range 4393 to 4395 from client com.android.cellbroadcastreceiver
12-20 05:41:07.098  3956  4268 D IccSmsInterfaceManager: [IccSmsInterfaceManager] Calling setCellBroadcastActivation(true)
12-20 05:41:07.100  4355  6126 D CellBroadcastConfigService: enabled emergency cell broadcast channels
12-20 05:41:07.102  3956  4493 D IccSmsInterfaceManager: [IccSmsInterfaceManager] enableGsmBroadcastRange
12-20 05:41:07.102  3956  4493 D IccSmsInterfaceManager: [IccSmsInterfaceManager] Added GSM cell broadcast subscription for MID range 4370 to 4370 from client com.android.cellbroadcastreceiver
12-20 05:41:07.102  3956  4493 D IccSmsInterfaceManager: [IccSmsInterfaceManager] Calling setCellBroadcastActivation(true)
12-20 05:41:07.107  3956  4021 D IccSmsInterfaceManager: [IccSmsInterfaceManager] enableCdmaBroadcastRange
12-20 05:41:07.108  3956  4021 D IccSmsInterfaceManager: [IccSmsInterfaceManager] Calling setCdmaBroadcastConfig with 1 configurations
12-20 05:41:07.109  3956  4021 D IccSmsInterfaceManager: [IccSmsInterfaceManager] Failed to add cdma broadcast subscription for MID range 4096 to 4096 from client com.android.cellbroadcastreceiver
12-20 05:41:07.111  3956  4004 D IccSmsInterfaceManager: [IccSmsInterfaceManager] enableGsmBroadcastRange
12-20 05:41:07.111  3956  4004 D IccSmsInterfaceManager: [IccSmsInterfaceManager] Added GSM cell broadcast subscription for MID range 4383 to 4383 from client com.android.cellbroadcastreceiver
12-20 05:41:07.111  3956  4004 D IccSmsInterfaceManager: [IccSmsInterfaceManager] Calling setCellBroadcastActivation(true)
12-20 05:41:07.113  4355  6126 D CellBroadcastConfigService: disabling cell broadcast channel 50
12-20 05:41:07.114  3956  4489 D IccSmsInterfaceManager: [IccSmsInterfaceManager] disableGsmBroadcastRange
12-20 05:41:07.115  3956  4489 D IccSmsInterfaceManager: [IccSmsInterfaceManager] Failed to remove GSM cell broadcast subscription for MID range 50 to 50 from client com.android.cellbroadcastreceiver
12-20 05:41:07.115  4355  6126 D CellBroadcastConfigService: disabling cell broadcast channel 60
12-20 05:41:07.117  3956  4490 D IccSmsInterfaceManager: [IccSmsInterfaceManager] disableGsmBroadcastRange
12-20 05:41:07.117  3956  4490 D IccSmsInterfaceManager: [IccSmsInterfaceManager] Failed to remove GSM cell broadcast subscription for MID range 60 to 60 from client com.android.cellbroadcastreceiver
12-20 05:41:07.117  4355  6126 D CellBroadcastConfigService: disabled cell broadcast channel 60
12-20 05:41:07.118  4355  6126 D CellBroadcastConfigService: disabling channels 919-928
12-20 05:41:07.120  3956  4493 D IccSmsInterfaceManager: [IccSmsInterfaceManager] disableGsmBroadcastRange
12-20 05:41:07.120  3956  4493 D IccSmsInterfaceManager: [IccSmsInterfaceManager] Failed to remove GSM cell broadcast subscription for MID range 919 to 928 from client com.android.cellbroadcastreceiver
12-20 05:41:07.122  4355  6126 D CellBroadcastConfigService: disabling cell broadcast ETWS test messages
12-20 05:41:07.125  3956  4490 D IccSmsInterfaceManager: [IccSmsInterfaceManager] disableGsmBroadcastRange
12-20 05:41:07.125  3956  4490 D IccSmsInterfaceManager: [IccSmsInterfaceManager] Failed to remove GSM cell broadcast subscription for MID range 4355 to 4355 from client com.android.cellbroadcastreceiver
12-20 05:41:07.127  3388  3628 I ActivityManager: Killing 3707:org.cyanogenmod.themes.provider/u0a21 (adj 15): empty #17
12-20 05:41:07.143  3388  3629 D ActivityManager: cleanUpApplicationRecord -- 3707
12-20 05:41:07.402  3062  3525 I FFmpegExtractor: android-source:0xf2560170
12-20 05:41:07.407  3062  3525 I FFMPEG  : [mp3 @ 0xf099de00] Skipping 0 bytes of junk at 35796.
12-20 05:41:07.407  3062  3525 D FFmpegExtractor: suppoted codec(mp3) by official Stagefright
12-20 05:41:07.407  3062  3525 D FFmpegExtractor: ffmpeg detected media content as 'audio/mpeg' with confidence 0.08
12-20 05:41:07.916  4169  4239 E ELEVEN  : calling refresh!
12-20 05:41:17.689  4408  4630 D InitAlarmsService: Clearing and rescheduling alarms.
12-20 05:41:17.718  3388  4249 I ActivityManager: Killing 4186:org.cyanogenmod.weather.provider/u0a28 (adj 15): empty #17
12-20 05:41:17.756  3388  4069 D ActivityManager: cleanUpApplicationRecord -- 4186
12-20 05:41:17.763  3388  4254 I ActivityManager: Killing 4131:com.cyanogenmod.eleven/u0a42 (adj 15): empty #17
12-20 05:41:17.787  3388  4250 D ActivityManager: cleanUpApplicationRecord -- 4131
12-20 05:41:20.051  2952  2952 W auditd  : type=1325 audit(0.0:259): table=filter family=2 entries=74
12-20 05:41:20.051  2952  2952 W auditd  : type=1320 audit(0.0:259): 
12-20 05:41:20.061  2952  2952 W auditd  : type=1325 audit(0.0:260): table=filter family=10 entries=77
12-20 05:41:20.061  2952  2952 W auditd  : type=1320 audit(0.0:260): 
12-20 05:41:20.071  2952  2952 W auditd  : type=1325 audit(0.0:261): table=filter family=2 entries=76
12-20 05:41:20.071  2952  2952 W auditd  : type=1320 audit(0.0:261): 
12-20 05:41:20.081  2952  2952 W auditd  : type=1325 audit(0.0:262): table=filter family=10 entries=79
12-20 05:41:20.081  2952  2952 W auditd  : type=1320 audit(0.0:262): 
12-20 05:41:20.101  2952  2952 W auditd  : type=1325 audit(0.0:263): table=filter family=2 entries=77
12-20 05:41:20.101  2952  2952 W auditd  : type=1320 audit(0.0:263): 
12-20 05:41:20.111  2952  2952 W auditd  : type=1325 audit(0.0:264): table=filter family=10 entries=80
12-20 05:41:20.111  2952  2952 W auditd  : type=1320 audit(0.0:264): 
12-20 05:41:20.131  2952  2952 W auditd  : type=1325 audit(0.0:265): table=filter family=2 entries=78
12-20 05:41:20.131  2952  2952 W auditd  : type=1320 audit(0.0:265): 
12-20 05:41:20.141  2952  2952 W auditd  : type=1325 audit(0.0:266): table=filter family=10 entries=81
12-20 05:41:20.141  2952  2952 W auditd  : type=1320 audit(0.0:266): 
12-20 05:41:20.196  3057  3477 I iptables: iptables: Index of insertion too big.
12-20 05:41:20.197  3057  3477 I iptables: iptables terminated by exit(1)
12-20 05:41:20.198  3057  3477 E BandwidthController: runIptablesCmd(): res=1 status=256 failed /system/bin/iptables -w -I bw_FORWARD 2 -i rmnet0 --jump bw_costly_rmnet0
12-20 05:41:20.213  3057  3477 I ip6tables: ip6tables: Index of insertion too big.
12-20 05:41:20.213  3057  3477 I ip6tables: ip6tables terminated by exit(1)
12-20 05:41:20.213  3057  3477 E BandwidthController: runIptablesCmd(): res=1 status=256 failed /system/bin/ip6tables -w -I bw_FORWARD 2 -i rmnet0 --jump bw_costly_rmnet0
12-20 05:41:20.221  2952  2952 W auditd  : type=1325 audit(0.0:267): table=filter family=2 entries=79
12-20 05:41:20.221  2952  2952 W auditd  : type=1320 audit(0.0:267): 
12-20 05:41:20.231  2952  2952 W auditd  : type=1325 audit(0.0:268): table=filter family=10 entries=82
12-20 05:41:20.231  2952  2952 W auditd  : type=1320 audit(0.0:268): 
12-20 05:41:20.248  3057  3477 E BandwidthController: Failed set quota rule
12-20 05:41:20.248  3057  3477 E BandwidthController: No such iface rmnet0 to delete
12-20 05:41:20.254  3388  3505 E NetworkPolicy: problem setting interface quota
12-20 05:41:20.254  3388  3505 E NetworkPolicy: java.lang.IllegalStateException: command '56 bandwidth setiquota rmnet0 9223372036854775807' failed with '400 56 Bandwidth command failed'
12-20 05:41:20.254  3388  3505 E NetworkPolicy: 	at com.android.server.NetworkManagementService.setInterfaceQuota(NetworkManagementService.java:1717)
12-20 05:41:20.254  3388  3505 E NetworkPolicy: 	at com.android.server.net.NetworkPolicyManagerService.setInterfaceQuota(NetworkPolicyManagerService.java:2567)
12-20 05:41:20.254  3388  3505 E NetworkPolicy: 	at com.android.server.net.NetworkPolicyManagerService.updateNetworkRulesLocked(NetworkPolicyManagerService.java:1314)
12-20 05:41:20.254  3388  3505 E NetworkPolicy: 	at com.android.server.net.NetworkPolicyManagerService$14.onReceive(NetworkPolicyManagerService.java:1138)
12-20 05:41:20.254  3388  3505 E NetworkPolicy: 	at android.app.LoadedApk$ReceiverDispatcher$Args.run(LoadedApk.java:882)
12-20 05:41:20.254  3388  3505 E NetworkPolicy: 	at android.os.Handler.handleCallback(Handler.java:739)
12-20 05:41:20.254  3388  3505 E NetworkPolicy: 	at android.os.Handler.dispatchMessage(Handler.java:95)
12-20 05:41:20.254  3388  3505 E NetworkPolicy: 	at android.os.Looper.loop(Looper.java:148)
12-20 05:41:20.254  3388  3505 E NetworkPolicy: 	at android.os.HandlerThread.run(HandlerThread.java:61)
12-20 05:41:20.254  3388  3505 E NetworkPolicy: Caused by: com.android.server.NativeDaemonConnector$NativeDaemonFailureException: command '56 bandwidth setiquota rmnet0 9223372036854775807' failed with '400 56 Bandwidth command failed'
12-20 05:41:20.254  3388  3505 E NetworkPolicy: 	at com.android.server.NativeDaemonConnector.executeForList(NativeDaemonConnector.java:444)
12-20 05:41:20.254  3388  3505 E NetworkPolicy: 	at com.android.server.NativeDaemonConnector.execute(NativeDaemonConnector.java:345)
12-20 05:41:20.254  3388  3505 E NetworkPolicy: 	at com.android.server.NativeDaemonConnector.execute(NativeDaemonConnector.java:340)
12-20 05:41:20.254  3388  3505 E NetworkPolicy: 	at com.android.server.NetworkManagementService.setInterfaceQuota(NetworkManagementService.java:1714)
12-20 05:41:20.254  3388  3505 E NetworkPolicy: 	... 8 more
12-20 05:41:45.955  3388  3423 I ActivityManager: Killing 4377:com.android.carrierconfig/u0a8 (adj 15): empty #17
12-20 05:41:45.992  3388  3628 D ActivityManager: cleanUpApplicationRecord -- 4377
12-20 05:41:46.077  3594  3594 D MtpService: starting MTP server in MTP mode
12-20 05:42:13.433  3594  4126 W MediaScanner: Error opening directory '/oem/media/', skipping: No such file or directory.
12-20 05:42:13.965  4169  4239 E ELEVEN  : calling refresh!
12-20 05:42:43.512  3388  3499 I PowerManagerService: Waking up from sleep (uid 1000)...
12-20 05:42:43.514  3388  3388 V KeyguardServiceDelegate: onStartedWakingUp()
12-20 05:42:43.515  3388  3440 I DisplayPowerController: Blocking screen on until initial contents have been drawn.
12-20 05:42:43.516  3388  3440 V KeyguardServiceDelegate: onScreenTurnedOn(showListener = com.android.server.policy.PhoneWindowManager$2@2e29d9c)
12-20 05:42:43.532  3388  4069 V KeyguardServiceDelegate: **** SHOWN CALLED ****
12-20 05:42:43.583  3388  3499 D PowerManagerService-JNI: Excessive delay in setInteractive(true) while turning screen on: 68ms
12-20 05:42:43.584  3021  3021 D SurfaceFlinger: Set power mode=2, type=0 flinger=0x7fa85c3c00
12-20 05:42:43.586  3062  3525 E bt_a2dp_hw: adev_set_parameters: ERROR: set param called even when stream out is null
12-20 05:42:43.586  3388  3437 I DisplayManagerService: Display device changed state: "Built-in Screen", ON
12-20 05:42:43.591  3425  3425 I android.ui: type=1400 audit(0.0:269): avc: denied { read } for name="batch_io" dev="tmpfs" ino=14417 scontext=u:r:system_server:s0 tcontext=u:object_r:device:s0 tclass=chr_file permissive=1
12-20 05:42:43.591  3425  3425 I android.ui: type=1400 audit(0.0:269): avc: denied { open } for path="/dev/batch_io" dev="tmpfs" ino=14417 scontext=u:r:system_server:s0 tcontext=u:object_r:device:s0 tclass=chr_file permissive=1
12-20 05:42:43.591  3425  3425 W android.ui: type=1300 audit(0.0:269): arch=c00000b7 syscall=56 success=yes exit=210 a0=ffffff9c a1=7f82ce2528 a2=0 a3=0 items=0 ppid=3070 auid=4294967295 uid=1000 gid=1000 euid=1000 suid=1000 fsuid=1000 egid=1000 sgid=1000 fsgid=1000 tty=(none) ses=4294967295 exe="/system/bin/app_process64" subj=u:r:system_server:s0 key=(null)
12-20 05:42:43.591  2952  2952 W auditd  : type=1327 audit(0.0:269): proctitle="system_server"
12-20 05:42:43.591  2952  2952 W auditd  : type=1320 audit(0.0:269): 
12-20 05:42:43.591  3425  3425 I android.ui: type=1400 audit(0.0:270): avc: denied { ioctl } for path="/dev/batch_io" dev="tmpfs" ino=14417 ioctlcmd=fc00 scontext=u:r:system_server:s0 tcontext=u:object_r:device:s0 tclass=chr_file permissive=1
12-20 05:42:43.591  3425  3425 W android.ui: type=1300 audit(0.0:270): arch=c00000b7 syscall=29 success=yes exit=0 a0=d2 a1=8008fc00 a2=7f83faa738 a3=7f83faa700 items=0 ppid=3070 auid=4294967295 uid=1000 gid=1000 euid=1000 suid=1000 fsuid=1000 egid=1000 sgid=1000 fsgid=1000 tty=(none) ses=4294967295 exe="/system/bin/app_process64" subj=u:r:system_server:s0 key=(null)
12-20 05:42:43.591  2952  2952 W auditd  : type=1327 audit(0.0:270): proctitle="system_server"
12-20 05:42:43.591  2952  2952 W auditd  : type=1320 audit(0.0:270): 
12-20 05:42:43.602  3388  3425 I Sensors : Acc old sensor_state 0, new sensor_state : 1 en : 1
12-20 05:42:43.610  3388  3440 I DisplayPowerController: Unblocked screen on after 96 ms
12-20 05:42:43.611  3388  3440 V KeyguardServiceDelegate: onScreenTurnedOn()
12-20 05:42:43.615  3388  3507 D WifiConfigStore: Retrieve network priorities after PNO.
12-20 05:42:43.615  3388  3507 E native  : do suspend false
12-20 05:42:43.625  3388  3507 D WifiConfigStore: No blacklist allowed without epno enabled
12-20 05:42:43.790  3388  3567 D SurfaceControl: Excessive delay in setPowerMode(): 206ms
12-20 05:42:44.116  3388  3507 D WifiConfigStore: Retrieve network priorities after PNO.
12-20 05:42:44.771  3581  3581 D PhoneStatusBar: disable: < expand ICONS alerts SYSTEM_INFO back HOME RECENT clock SEARCH quick_settings >
12-20 05:42:44.819  3581  3581 W AudioTrack: AUDIO_OUTPUT_FLAG_FAST denied by client; transfer 4, track 44100 Hz, output 48000 Hz
12-20 05:42:44.836  3062  3522 V audio_hw_primary: out_set_parameters: key value pairs: routing=2
12-20 05:42:44.838  3581  3581 D PhoneStatusBar: disable: < expand icons* alerts system_info* back HOME RECENT clock SEARCH quick_settings >
12-20 05:42:44.847  3062  3522 V audio_hw_primary: start_output_stream: starting stream
12-20 05:42:44.886  3581  3581 D PhoneStatusBar: disable: < expand icons alerts system_info back home* recent* clock search* quick_settings >
12-20 05:42:44.888  3062  3522 V audio_hw_primary: select_devices() devices 0x2 input src 0 output route media-speaker input route none
12-20 05:42:45.005  3062  3522 V audio_hw_primary: adev_set_call_audio_path: ril_set_call_audio_path(2)
12-20 05:42:45.006  3062  3522 V audio_hw_primary: start_output_stream: stream out device: 2, actual: 2
12-20 05:42:45.378  3581  4093 D mali_winsys: EGLint new_window_surface(egl_winsys_display*, void*, EGLSurface, EGLConfig, egl_winsys_surface**, egl_color_buffer_format*, EGLBoolean) returns 0x3000,  [1440x96]-format:1
12-20 05:42:45.720  3581  3581 D PhoneStatusBar: disable: < expand ICONS* alerts SYSTEM_INFO* back home recent clock search quick_settings >
12-20 05:42:45.748  3581  4093 D mali_winsys: EGLint new_window_surface(egl_winsys_display*, void*, EGLSurface, EGLConfig, egl_winsys_surface**, egl_color_buffer_format*, EGLBoolean) returns 0x3000,  [1440x2560]-format:1
12-20 05:42:46.013  3388  3507 D WifiStateMachine: shouldSwitchNetwork  txSuccessRate=0.00 rxSuccessRate=0.00 delta 1000 -> 1000
12-20 05:42:46.015  3388  3507 D WifiStateMachine: CMD_AUTO_CONNECT sup state ScanState my state DisconnectedState nid=0 roam=3
12-20 05:42:46.015  3388  3507 E WifiConfigStore: saveWifiConfigBSSID Setting BSSID for "RTK 11n AP"-WPA_PSK to any
12-20 05:42:46.030  3388  3507 D WifiStateMachine: CMD_AUTO_CONNECT will save config -> "RTK 11n AP" nid=0
12-20 05:42:46.073  3388  3507 D WifiStateMachine: CMD_AUTO_CONNECT did save config ->  nid=0
12-20 05:42:46.079  4067  4067 I wpa_supplicant: wlan0: Trying to associate with 00:e0:4c:a7:8f:26 (SSID='RTK 11n AP' freq=2462 MHz)
12-20 05:42:46.079  3388  3507 E WifiConfigStore:  rewrite network history for "RTK 11n AP"-WPA_PSK
12-20 05:42:46.238  4067  4067 I wpa_supplicant: wlan0: Associated with 00:e0:4c:a7:8f:26
12-20 05:42:46.240  4067  4067 I wpa_supplicant: wlan0: CTRL-EVENT-SUBNET-STATUS-UPDATE status=0
12-20 05:42:46.273  4067  4067 I wpa_supplicant: wlan0: WPA: Key negotiation completed with 00:e0:4c:a7:8f:26 [PTK=CCMP GTK=CCMP]
12-20 05:42:46.274  4067  4067 I wpa_supplicant: wlan0: CTRL-EVENT-CONNECTED - Connection to 00:e0:4c:a7:8f:26 completed [id=0 id_str=]
12-20 05:42:46.276  3388  3507 D WifiConfigStore: Retrieve network priorities after PNO.
12-20 05:42:46.281  3388  3507 D ConnectivityService: registerNetworkAgent NetworkAgentInfo{ ni{[type: WIFI[], state: CONNECTING/CONNECTING, reason: (unspecified), extra: "RTK 11n AP", roaming: false, failover: false, isAvailable: true]}  network{102}  lp{{LinkAddresses: []  Routes: [] DnsAddresses: [] Domains: null MTU: 0 TcpBufferSizes: 524288,1048576,2097152,262144,524288,1048576}}  nc{[ Transports: WIFI Capabilities: INTERNET&NOT_RESTRICTED&TRUSTED&NOT_VPN LinkUpBandwidth>=1048576Kbps LinkDnBandwidth>=1048576Kbps]}  Score{20}  everValidated{false}  lastValidated{false}  created{false} lingering{false} explicitlySelected{false} acceptUnvalidated{false} everCaptivePortalDetected{false} lastCaptivePortalDetected{false} }
12-20 05:42:46.281  3388  3507 E WifiConfigStore: saveWifiConfigBSSID Setting BSSID for "RTK 11n AP"-WPA_PSK to any
12-20 05:42:46.281  3388  3509 D ConnectivityService: NetworkAgentInfo [WIFI () - 102] EVENT_NETWORK_INFO_CHANGED, going from null to CONNECTING
12-20 05:42:46.301  3388  3507 E WifiConfigStore: saveWifiConfigBSSID Setting BSSID for "RTK 11n AP"-WPA_PSK to any
12-20 05:42:46.312  3057  3477 D CommandListener: Setting iface cfg
12-20 05:42:46.316  3057  3477 D CommandListener: Trying to bring up wlan0
12-20 05:42:46.331  3388  3509 D ConnectivityService: notifyType CAP_CHANGED for NetworkAgentInfo [WIFI () - 102]
12-20 05:42:46.331  3388  3507 D IpReachabilityMonitor: watch: iface{wlan0/14}, v{1}, ntable=[]
12-20 05:42:46.331  3388  3509 D ConnectivityService: updateNetworkScore for NetworkAgentInfo [WIFI () - 102] to 60
12-20 05:42:46.332  3388  3507 D IpReachabilityMonitor: watch: iface{wlan0/14}, v{2}, ntable=[192.168.1.1/NUD_NONE]
12-20 05:42:46.333  3388  3507 D WifiConfigStore: No blacklist allowed without epno enabled
12-20 05:42:46.334  3388  3509 D ConnectivityService: NetworkAgentInfo [WIFI () - 102] EVENT_NETWORK_INFO_CHANGED, going from CONNECTING to CONNECTED
12-20 05:42:46.335  3388  3509 D ConnectivityService: Adding iface wlan0 to network 102
12-20 05:42:46.341  2952  2952 W auditd  : type=1325 audit(0.0:271): table=mangle family=2 entries=19
12-20 05:42:46.341  2952  2952 W auditd  : type=1320 audit(0.0:271): 
12-20 05:42:46.351  2952  2952 W auditd  : type=1325 audit(0.0:272): table=mangle family=10 entries=15
12-20 05:42:46.351  2952  2952 W auditd  : type=1320 audit(0.0:272): 
12-20 05:42:46.352  3388  3507 E WifiStateMachine: Did not find remoteAddress {192.168.1.1} in /proc/net/arp
12-20 05:42:46.368  3388  3509 E ConnectivityService: Unexpected mtu value: 0, wlan0
12-20 05:42:46.368  3388  3509 D ConnectivityService: Adding Route [fe80::/64 -> :: wlan0] to network 102
12-20 05:42:46.370  3388  3509 D ConnectivityService: Adding Route [192.168.1.0/24 -> 0.0.0.0 wlan0] to network 102
12-20 05:42:46.372  3388  3509 D ConnectivityService: Adding Route [0.0.0.0/0 -> 192.168.1.1 wlan0] to network 102
12-20 05:42:46.374  3388  3509 D ConnectivityService: Setting Dns servers for network 102 to [/192.168.1.1]
12-20 05:42:46.383  3388  3509 D ConnectivityService: notifyType IP_CHANGED for NetworkAgentInfo [WIFI () - 102]
12-20 05:42:46.390  3388  3509 D ConnectivityService: scheduleUnvalidatedPrompt 102
12-20 05:42:46.390  3388  3509 D ConnectivityService: updateSignalStrengthThresholds: CONNECT, sending [] to NetworkAgentInfo [WIFI () - 102]
12-20 05:42:46.392  3388  3509 D ConnectivityService: notifyType PRECHECK for NetworkAgentInfo [WIFI () - 102]
12-20 05:42:47.356  3388  3507 D WifiConfigStore: No blacklist allowed without epno enabled
12-20 05:42:47.367  3388  3507 D WifiStateMachine: WifiStateMachine: Leaving Connected state
12-20 05:42:47.371  3388  3507 D WifiNetworkAgent: NetworkAgent: Received signal strength thresholds: []
12-20 05:42:47.373  3388  3507 D WifiNative-HAL: stopRssiMonitoring, cmdId 0
12-20 05:42:47.392  3388  6214 D NetlinkSocketObserver: NeighborEvent{elapsedMs=134974, 192.168.1.1, [5CDC96114482], RTM_NEWNEIGH, NUD_REACHABLE}
12-20 05:42:47.498  3388  6213 D NetworkMonitor/NetworkAgentInfo [WIFI () - 102]: Checking http://connectivitycheck.gstatic.com/generate_204 on "RTK 11n AP", connectivitycheck.gstatic.com=172.217.28.14,2800:3f0:4002:802::200e
12-20 05:42:47.499  3388  6213 W System  : ClassLoader referenced unknown path: /system/framework/tcmclient.jar
12-20 05:42:47.604  3388  6213 D NetworkMonitor/NetworkAgentInfo [WIFI () - 102]: isCaptivePortal: ret=204 headers={null=[HTTP/1.1 204 No Content], Content-Length=[0], Date=[Tue, 20 Dec 2016 08:42:47 GMT], X-Android-Received-Millis=[1482223367603], X-Android-Response-Source=[NETWORK 204], X-Android-Selected-Protocol=[http/1.1], X-Android-Sent-Millis=[1482223367551]}
12-20 05:42:47.604  3388  3509 D ConnectivityService: setProvNotificationVisibleIntent null visible=false networkType=MOBILE extraInfo=null highPriority=false
12-20 05:42:47.604  3388  3509 D ConnectivityService: NetworkAgentInfo [WIFI () - 102] validation  passed
12-20 05:42:47.604  3388  3509 D ConnectivityService: rematch for NetworkAgentInfo [WIFI () - 102]
12-20 05:42:47.604  3388  3509 D ConnectivityService:    accepting network in place of NetworkAgentInfo [MOBILE (HSUPA) - 101]
12-20 05:42:47.605  3388  3509 D ConnectivityService: notifyType LOSING for NetworkAgentInfo [MOBILE (HSUPA) - 101]
12-20 05:42:47.606  3388  3509 D ConnectivityService: Switching to new default network: NetworkAgentInfo{ ni{[type: WIFI[], state: CONNECTED/CONNECTED, reason: (unspecified), extra: "RTK 11n AP", roaming: false, failover: false, isAvailable: true]}  network{102}  lp{{InterfaceName: wlan0 LinkAddresses: [fe80::62f1:89ff:fe8a:1fe7/64,192.168.1.128/24,]  Routes: [fe80::/64 -> :: wlan0,192.168.1.0/24 -> 0.0.0.0 wlan0,0.0.0.0/0 -> 192.168.1.1 wlan0,] DnsAddresses: [192.168.1.1,] Domains: null MTU: 0 TcpBufferSizes: 524288,1048576,2097152,262144,524288,1048576}}  nc{[ Transports: WIFI Capabilities: INTERNET&NOT_RESTRICTED&TRUSTED&NOT_VPN&VALIDATED LinkUpBandwidth>=1048576Kbps LinkDnBandwidth>=1048576Kbps SignalStrength: -63]}  Score{60}  everValidated{true}  lastValidated{true}  created{true} lingering{false} explicitlySelected{false} acceptUnvalidated{false} everCaptivePortalDetected{false} lastCaptivePortalDetected{false} }
12-20 05:42:47.606  3388  4751 D NetworkMonitor/NetworkAgentInfo [MOBILE (HSUPA) - 101]: Lingering
12-20 05:42:47.610  3956  3956 V ConfigResourceUtil: resourceName = config_enable_mms_with_mobile_data_off resourceId = 2130837505resourceValue = false
12-20 05:42:47.611  2952  2952 W auditd  : type=1325 audit(0.0:273): table=raw family=2 entries=11
12-20 05:42:47.611  2952  2952 W auditd  : type=1320 audit(0.0:273): 
12-20 05:42:47.621  2952  2952 W auditd  : type=1325 audit(0.0:274): table=raw family=10 entries=11
12-20 05:42:47.621  2952  2952 W auditd  : type=1320 audit(0.0:274): 
12-20 05:42:47.636  3057  3477 V IdletimerController: runCmd(/system/bin/ip6tables -w -t raw -A idletimer_raw_PREROUTING -i wlan0 -j IDLETIMER --timeout 15 --label 1 --send_nl_msg 1) res_ipv4=0, res_ipv6=0
12-20 05:42:47.641  2952  2952 W auditd  : type=1325 audit(0.0:275): table=mangle family=2 entries=20
12-20 05:42:47.641  2952  2952 W auditd  : type=1320 audit(0.0:275): 
12-20 05:42:47.661  2952  2952 W auditd  : type=1325 audit(0.0:276): table=mangle family=10 entries=16
12-20 05:42:47.661  2952  2952 W auditd  : type=1320 audit(0.0:276): 
12-20 05:42:47.672  3057  3477 V IdletimerController: runCmd(/system/bin/ip6tables -w -t mangle -A idletimer_mangle_POSTROUTING -o wlan0 -j IDLETIMER --timeout 15 --label 1 --send_nl_msg 1) res_ipv4=0, res_ipv6=0
12-20 05:42:47.677  3388  3509 D ConnectivityService: Setting tx/rx TCP buffers to 524288,1048576,2097152,262144,524288,1048576
12-20 05:42:47.691  3388  3509 D CSLegacyTypeTracker: Sending DISCONNECTED broadcast for type 0 NetworkAgentInfo [MOBILE (HSUPA) - 101] isDefaultNetwork=true
12-20 05:42:47.692  3388  3509 D ConnectivityService: sendStickyBroadcast: action=android.net.conn.CONNECTIVITY_CHANGE
12-20 05:42:47.693  3388  3509 D CSLegacyTypeTracker: Sending CONNECTED broadcast for type 1 NetworkAgentInfo [WIFI () - 102] isDefaultNetwork=true
12-20 05:42:47.693  3388  3509 D ConnectivityService: sendStickyBroadcast: action=android.net.conn.CONNECTIVITY_CHANGE
12-20 05:42:47.696  3388  3436 D Tethering: MasterInitialState.processMessage what=3
12-20 05:42:47.700  4278  4278 I Email   : Unregister all idle mailboxes
12-20 05:42:47.706  3388  3509 D ConnectivityService: notifyType CAP_CHANGED for NetworkAgentInfo [WIFI () - 102]
12-20 05:42:47.708  3388  3436 D Tethering: MasterInitialState.processMessage what=3
12-20 05:42:47.709  4562  4562 I UpdateCheckReceiver: Got connectivity change, has connection: true
12-20 05:42:47.709  4562  4562 I UpdateCheckReceiver: Scheduling future, repeating update checks.
12-20 05:42:47.751  2952  2952 W auditd  : type=1325 audit(0.0:277): table=filter family=2 entries=80
12-20 05:42:47.751  2952  2952 W auditd  : type=1320 audit(0.0:277): 
12-20 05:42:47.753  3956  4493 D PhoneInterfaceManager: [PhoneIntfMgr] getDataEnabled: subId=1 phoneId=0
12-20 05:42:47.753  3956  4493 D PhoneInterfaceManager: [PhoneIntfMgr] getDataEnabled: subId=1 retVal=true
12-20 05:42:47.758  3388  3421 D TelephonyManager: getDataEnabled: retVal=true
12-20 05:42:47.765  3956  4490 D TelephonyProvider: getPreferredApnIdFromApn: for subId 1
12-20 05:42:47.766  3956  4490 D TelephonyProvider: Preferred APN: -1
12-20 05:42:47.771  2952  2952 W auditd  : type=1325 audit(0.0:278): table=filter family=10 entries=83
12-20 05:42:47.771  2952  2952 W auditd  : type=1320 audit(0.0:278): 
12-20 05:42:47.776  3388  3421 E GpsLocationProvider: No APN found to select.
12-20 05:42:47.781  4151  4151 D WeatherUpdateService: onCreate
12-20 05:42:47.789  4562  4562 I UpdateCheckReceiver: Got connectivity change, has connection: true
12-20 05:42:47.790  4562  4562 I UpdateCheckReceiver: Scheduling future, repeating update checks.
12-20 05:42:47.821  2952  2952 W auditd  : type=1325 audit(0.0:279): table=filter family=2 entries=78
12-20 05:42:47.821  2952  2952 W auditd  : type=1320 audit(0.0:279): 
12-20 05:42:47.824  4151  4151 D WeatherUpdateService: Service started, but shouldn't update ... stopping
12-20 05:42:47.841  2952  2952 W auditd  : type=1325 audit(0.0:280): table=filter family=10 entries=81
12-20 05:42:47.841  2952  2952 W auditd  : type=1320 audit(0.0:280): 
12-20 05:42:47.843  4151  4151 D WeatherUpdateService: onDestroy
12-20 05:42:47.851  2952  2952 W auditd  : type=1325 audit(0.0:281): table=filter family=2 entries=79
12-20 05:42:47.851  2952  2952 W auditd  : type=1320 audit(0.0:281): 
12-20 05:42:47.871  2952  2952 W auditd  : type=1325 audit(0.0:282): table=filter family=10 entries=82
12-20 05:42:47.871  2952  2952 W auditd  : type=1320 audit(0.0:282): 
12-20 05:42:47.880  4151  4151 D WeatherUpdateService: onCreate
12-20 05:42:47.889  4151  4151 D WeatherUpdateService: Service started, but shouldn't update ... stopping
12-20 05:42:47.891  2952  2952 W auditd  : type=1325 audit(0.0:283): table=filter family=2 entries=78
12-20 05:42:47.891  2952  2952 W auditd  : type=1320 audit(0.0:283): 
12-20 05:42:47.893  4151  4151 D WeatherUpdateService: onDestroy
12-20 05:42:47.899  3068  3068 D gpsd    : WakeLock(Acquire,GPSD)
12-20 05:42:47.900  3068  3068 D gpsd    : WakeLock(Release,GPSD)
12-20 05:42:47.900  3068  3068 D gpsd    : WakeLock(Acquire,GPSD)
12-20 05:42:47.900  3068  3068 D gpsd    : WakeLock(Release,GPSD)
12-20 05:42:47.901  2952  2952 W auditd  : type=1325 audit(0.0:284): table=filter family=10 entries=81
12-20 05:42:47.901  2952  2952 W auditd  : type=1320 audit(0.0:284): 
12-20 05:42:47.906  3068  3068 D gpsd    : WakeLock(Acquire,GPSD)
12-20 05:42:47.906  3068  3068 D gpsd    : WakeLock(Release,GPSD)
12-20 05:42:47.911  3956  4021 D PhoneInterfaceManager: [PhoneIntfMgr] getDataEnabled: subId=1 phoneId=0
12-20 05:42:47.911  3956  4021 D PhoneInterfaceManager: [PhoneIntfMgr] getDataEnabled: subId=1 retVal=true
12-20 05:42:47.911  3388  3421 D TelephonyManager: getDataEnabled: retVal=true
12-20 05:42:47.913  3956  4493 D TelephonyProvider: getPreferredApnIdFromApn: for subId 1
12-20 05:42:47.914  3956  4493 D TelephonyProvider: Preferred APN: -1
12-20 05:42:47.921  2952  2952 W auditd  : type=1325 audit(0.0:285): table=filter family=2 entries=79
12-20 05:42:47.921  2952  2952 W auditd  : type=1320 audit(0.0:285): 
12-20 05:42:47.923  3388  3421 E GpsLocationProvider: No APN found to select.
12-20 05:42:47.925  3068  3068 D gpsd    : WakeLock(Acquire,GPSD)
12-20 05:42:47.941  2952  2952 W auditd  : type=1325 audit(0.0:286): table=filter family=10 entries=82
12-20 05:42:47.941  2952  2952 W auditd  : type=1320 audit(0.0:286): 
12-20 05:42:48.016  3057  3477 I iptables: iptables: Index of insertion too big.
12-20 05:42:48.017  3057  3477 I iptables: iptables terminated by exit(1)
12-20 05:42:48.017  3057  3477 E BandwidthController: runIptablesCmd(): res=1 status=256 failed /system/bin/iptables -w -I bw_FORWARD 2 -i rmnet0 --jump bw_costly_rmnet0
12-20 05:42:48.030  3057  3477 I ip6tables: ip6tables: Index of insertion too big.
12-20 05:42:48.031  3057  3477 I ip6tables: ip6tables terminated by exit(1)
12-20 05:42:48.031  3057  3477 E BandwidthController: runIptablesCmd(): res=1 status=256 failed /system/bin/ip6tables -w -I bw_FORWARD 2 -i rmnet0 --jump bw_costly_rmnet0
12-20 05:42:48.059  3057  3477 E BandwidthController: Failed set quota rule
12-20 05:42:48.059  3057  3477 E BandwidthController: No such iface rmnet0 to delete
12-20 05:42:48.060  3388  3505 E NetworkPolicy: problem setting interface quota
12-20 05:42:48.060  3388  3505 E NetworkPolicy: java.lang.IllegalStateException: command '70 bandwidth setiquota rmnet0 9223372036854775807' failed with '400 70 Bandwidth command failed'
12-20 05:42:48.060  3388  3505 E NetworkPolicy: 	at com.android.server.NetworkManagementService.setInterfaceQuota(NetworkManagementService.java:1717)
12-20 05:42:48.060  3388  3505 E NetworkPolicy: 	at com.android.server.net.NetworkPolicyManagerService.setInterfaceQuota(NetworkPolicyManagerService.java:2567)
12-20 05:42:48.060  3388  3505 E NetworkPolicy: 	at com.android.server.net.NetworkPolicyManagerService.updateNetworkRulesLocked(NetworkPolicyManagerService.java:1314)
12-20 05:42:48.060  3388  3505 E NetworkPolicy: 	at com.android.server.net.NetworkPolicyManagerService$14.onReceive(NetworkPolicyManagerService.java:1138)
12-20 05:42:48.060  3388  3505 E NetworkPolicy: 	at android.app.LoadedApk$ReceiverDispatcher$Args.run(LoadedApk.java:882)
12-20 05:42:48.060  3388  3505 E NetworkPolicy: 	at android.os.Handler.handleCallback(Handler.java:739)
12-20 05:42:48.060  3388  3505 E NetworkPolicy: 	at android.os.Handler.dispatchMessage(Handler.java:95)
12-20 05:42:48.060  3388  3505 E NetworkPolicy: 	at android.os.Looper.loop(Looper.java:148)
12-20 05:42:48.060  3388  3505 E NetworkPolicy: 	at android.os.HandlerThread.run(HandlerThread.java:61)
12-20 05:42:48.060  3388  3505 E NetworkPolicy: Caused by: com.android.server.NativeDaemonConnector$NativeDaemonFailureException: command '70 bandwidth setiquota rmnet0 9223372036854775807' failed with '400 70 Bandwidth command failed'
12-20 05:42:48.060  3388  3505 E NetworkPolicy: 	at com.android.server.NativeDaemonConnector.executeForList(NativeDaemonConnector.java:444)
12-20 05:42:48.060  3388  3505 E NetworkPolicy: 	at com.android.server.NativeDaemonConnector.execute(NativeDaemonConnector.java:345)
12-20 05:42:48.060  3388  3505 E NetworkPolicy: 	at com.android.server.NativeDaemonConnector.execute(NativeDaemonConnector.java:340)
12-20 05:42:48.060  3388  3505 E NetworkPolicy: 	at com.android.server.NetworkManagementService.setInterfaceQuota(NetworkManagementService.java:1714)
12-20 05:42:48.060  3388  3505 E NetworkPolicy: 	... 8 more
12-20 05:42:48.192  3062  3522 V audio_hw_primary: do_out_standby: output standby: 0
12-20 05:42:48.282  3388  4375 I libgps  : OnGpsExtensionMessage: MSG_REQUEST_LOCATION_ID CELL_ID
12-20 05:42:48.284  3068  3068 D gpsd    : WakeLock(Release,GPSD)
12-20 05:42:48.284  3068  3068 D gpsd    : WakeLock(Acquire,GPSD)
12-20 05:42:48.284  3068  3068 D gpsd    : WakeLock(Release,GPSD)
12-20 05:42:48.377  3057  3477 I iptables: iptables: Index of insertion too big.
12-20 05:42:48.378  3057  3477 I iptables: iptables terminated by exit(1)
12-20 05:42:48.378  3057  3477 E BandwidthController: runIptablesCmd(): res=1 status=256 failed /system/bin/iptables -w -I bw_FORWARD 2 -i rmnet0 --jump bw_costly_rmnet0
12-20 05:42:48.393  3057  3477 I ip6tables: ip6tables: Index of insertion too big.
12-20 05:42:48.394  3057  3477 I ip6tables: ip6tables terminated by exit(1)
12-20 05:42:48.394  3057  3477 E BandwidthController: runIptablesCmd(): res=1 status=256 failed /system/bin/ip6tables -w -I bw_FORWARD 2 -i rmnet0 --jump bw_costly_rmnet0
12-20 05:42:48.427  3057  3477 E BandwidthController: Failed set quota rule
12-20 05:42:48.427  3057  3477 E BandwidthController: No such iface rmnet0 to delete
12-20 05:42:48.429  3388  3505 E NetworkPolicy: problem setting interface quota
12-20 05:42:48.429  3388  3505 E NetworkPolicy: java.lang.IllegalStateException: command '71 bandwidth setiquota rmnet0 9223372036854775807' failed with '400 71 Bandwidth command failed'
12-20 05:42:48.429  3388  3505 E NetworkPolicy: 	at com.android.server.NetworkManagementService.setInterfaceQuota(NetworkManagementService.java:1717)
12-20 05:42:48.429  3388  3505 E NetworkPolicy: 	at com.android.server.net.NetworkPolicyManagerService.setInterfaceQuota(NetworkPolicyManagerService.java:2567)
12-20 05:42:48.429  3388  3505 E NetworkPolicy: 	at com.android.server.net.NetworkPolicyManagerService.updateNetworkRulesLocked(NetworkPolicyManagerService.java:1314)
12-20 05:42:48.429  3388  3505 E NetworkPolicy: 	at com.android.server.net.NetworkPolicyManagerService$14.onReceive(NetworkPolicyManagerService.java:1138)
12-20 05:42:48.429  3388  3505 E NetworkPolicy: 	at android.app.LoadedApk$ReceiverDispatcher$Args.run(LoadedApk.java:882)
12-20 05:42:48.429  3388  3505 E NetworkPolicy: 	at android.os.Handler.handleCallback(Handler.java:739)
12-20 05:42:48.429  3388  3505 E NetworkPolicy: 	at android.os.Handler.dispatchMessage(Handler.java:95)
12-20 05:42:48.429  3388  3505 E NetworkPolicy: 	at android.os.Looper.loop(Looper.java:148)
12-20 05:42:48.429  3388  3505 E NetworkPolicy: 	at android.os.HandlerThread.run(HandlerThread.java:61)
12-20 05:42:48.429  3388  3505 E NetworkPolicy: Caused by: com.android.server.NativeDaemonConnector$NativeDaemonFailureException: command '71 bandwidth setiquota rmnet0 9223372036854775807' failed with '400 71 Bandwidth command failed'
12-20 05:42:48.429  3388  3505 E NetworkPolicy: 	at com.android.server.NativeDaemonConnector.executeForList(NativeDaemonConnector.java:444)
12-20 05:42:48.429  3388  3505 E NetworkPolicy: 	at com.android.server.NativeDaemonConnector.execute(NativeDaemonConnector.java:345)
12-20 05:42:48.429  3388  3505 E NetworkPolicy: 	at com.android.server.NativeDaemonConnector.execute(NativeDaemonConnector.java:340)
12-20 05:42:48.429  3388  3505 E NetworkPolicy: 	at com.android.server.NetworkManagementService.setInterfaceQuota(NetworkManagementService.java:1714)
12-20 05:42:48.429  3388  3505 E NetworkPolicy: 	... 8 more
12-20 05:42:48.454  3388  3425 W art     : Long monitor contention event with owner method=void com.android.server.net.NetworkPolicyManagerService$14.onReceive(android.content.Context, android.content.Intent) from NetworkPolicyManagerService.java:1134 waiters=0 for 365ms
12-20 05:42:50.413  3388  4068 D BluetoothManagerService: checkIfCallerIsForegroundUser: valid=true callingUser=0 parentUser=-10000 foregroundUser=0
12-20 05:42:50.413  3388  4068 D BluetoothManagerService: enable():  mBluetooth =null mBinding = false
12-20 05:42:50.413  3388  4068 D BluetoothManagerService: enable returning
12-20 05:42:50.413  3388  3436 D BluetoothManagerService: Message: 1
12-20 05:42:50.414  3388  3436 D BluetoothManagerService: MESSAGE_ENABLE: mBluetooth = null
12-20 05:42:50.426  3062  3522 V audio_hw_primary: out_set_parameters: key value pairs: routing=2
12-20 05:42:50.436  3388  3436 I ActivityManager: Start proc 6270:com.android.bluetooth/1002 for service com.android.bluetooth/.btservice.AdapterService
12-20 05:42:50.436  3062  3522 V audio_hw_primary: start_output_stream: starting stream
12-20 05:42:50.477  3062  3522 V audio_hw_primary: start_output_stream: stream out device: 2, actual: 2
12-20 05:42:50.481  3581  4335 W         : g2d stretchFimgApi_v5 function does not exist
12-20 05:42:50.526  6270  6270 D AdapterServiceConfig: addA2dpProfile: isA2dpSinkEnabled = falseisHfpClientEnabled false serviceName HeadsetService
12-20 05:42:50.526  6270  6270 D AdapterServiceConfig: Adding HeadsetService
12-20 05:42:50.526  6270  6270 D AdapterServiceConfig: addA2dpProfile: isA2dpSinkEnabled = falseisHfpClientEnabled false serviceName A2dpService
12-20 05:42:50.526  6270  6270 D AdapterServiceConfig: Adding A2dpService
12-20 05:42:50.526  6270  6270 D AdapterServiceConfig: addA2dpProfile: isA2dpSinkEnabled = falseisHfpClientEnabled false serviceName HidService
12-20 05:42:50.526  6270  6270 D AdapterServiceConfig: Adding HidService
12-20 05:42:50.526  6270  6270 D AdapterServiceConfig: addA2dpProfile: isA2dpSinkEnabled = falseisHfpClientEnabled false serviceName HealthService
12-20 05:42:50.526  6270  6270 D AdapterServiceConfig: Adding HealthService
12-20 05:42:50.526  6270  6270 D AdapterServiceConfig: addA2dpProfile: isA2dpSinkEnabled = falseisHfpClientEnabled false serviceName PanService
12-20 05:42:50.526  6270  6270 D AdapterServiceConfig: Adding PanService
12-20 05:42:50.526  6270  6270 D AdapterServiceConfig: addA2dpProfile: isA2dpSinkEnabled = falseisHfpClientEnabled false serviceName GattService
12-20 05:42:50.526  6270  6270 D AdapterServiceConfig: Adding GattService
12-20 05:42:50.526  6270  6270 D AdapterServiceConfig: addA2dpProfile: isA2dpSinkEnabled = falseisHfpClientEnabled false serviceName BluetoothMapService
12-20 05:42:50.527  6270  6270 D AdapterServiceConfig: Adding BluetoothMapService
12-20 05:42:50.527  6270  6270 D AdapterServiceConfig: Could not find profile bit mask
12-20 05:42:50.527  6270  6270 D AdapterServiceConfig: addA2dpProfile: isA2dpSinkEnabled = falseisHfpClientEnabled false serviceName HidDevService
12-20 05:42:50.527  6270  6270 D AdapterServiceConfig: Adding HidDevService
12-20 05:42:50.539  3388  3436 D BluetoothManagerService: Message: 20
12-20 05:42:50.539  6270  6270 D BluetoothAdapterState: make() - Creating AdapterState
12-20 05:42:50.540  3388  3436 D BluetoothManagerService: Added callback: android.bluetooth.IBluetoothManagerCallback$Stub$Proxy@74b6a10:true
12-20 05:42:50.541  6270  6270 I bt_bluedroid: init
12-20 05:42:50.541  6270  6283 I BluetoothAdapterState: Entering OffState
12-20 05:42:50.544  6270  6284 I bt_bte_conf: bte_load_ble_conf attempt to load ble stack conf from /etc/bluetooth/ble_stack.conf
12-20 05:42:50.544  6270  6284 E bt_osi_config: config_new unable to open file '/etc/bluetooth/ble_stack.conf': No such file or directory
12-20 05:42:50.544  6270  6284 I bt_bte_conf: bte_load_ble_conf file >/etc/bluetooth/ble_stack.conf< not found
12-20 05:42:50.544  6270  6284 I bt_stack_config: init attempt to load stack conf from /etc/bluetooth/bt_stack.conf
12-20 05:42:50.545  6270  6270 I bt_bluedroid: get_profile_interface socket
12-20 05:42:50.547  6270  6287 D BluetoothAdapterProperties: Address is:D8:C4:E9:A9:2E:B5
12-20 05:42:50.548  6270  6270 I bt_bluedroid: get_profile_interface sdp
12-20 05:42:50.548  3388  3388 D BluetoothManagerService: Bluetooth Adapter name changed to Samsung Galaxy S7 Edge
12-20 05:42:50.548  6270  6287 D BluetoothAdapterProperties: Name is: Samsung Galaxy S7 Edge
12-20 05:42:50.548  3388  3388 D BluetoothManagerService: Stored Bluetooth name: Samsung Galaxy S7 Edge
12-20 05:42:50.552  3388  3388 D BluetoothManagerService: BluetoothServiceConnection: com.android.bluetooth.btservice.AdapterService
12-20 05:42:50.552  3388  3436 D BluetoothManagerService: Message: 40
12-20 05:42:50.552  3388  3436 D BluetoothManagerService: MESSAGE_BLUETOOTH_SERVICE_CONNECTED: 1
12-20 05:42:50.553  6270  6282 I bt_bluedroid: config_hci_snoop_log
12-20 05:42:50.555  3388  3436 D BluetoothManagerService: Calling onBluetoothServiceUp callbacks
12-20 05:42:50.555  3388  3436 D BluetoothManagerService: Broadcasting onBluetoothServiceUp() to 5 receivers.
12-20 05:42:50.555  3388  3436 D BluetoothManagerService: Broadcasted onBluetoothServiceUp() to android.bluetooth.BluetoothAdapter$1@1455178
12-20 05:42:50.556  3388  3436 D BluetoothManagerService: Broadcasted onBluetoothServiceUp() to android.bluetooth.IBluetoothManagerCallback$Stub$Proxy@b4c299e
12-20 05:42:50.559  3388  3436 D BluetoothManagerService: Broadcasted onBluetoothServiceUp() to android.bluetooth.IBluetoothManagerCallback$Stub$Proxy@cfa71db
12-20 05:42:50.561  3388  3436 D BluetoothManagerService: Broadcasted onBluetoothServiceUp() to android.bluetooth.IBluetoothManagerCallback$Stub$Proxy@74b6a10
12-20 05:42:50.564  3388  3436 D BluetoothManagerService: Broadcasted onBluetoothServiceUp() to android.bluetooth.IBluetoothManagerCallback$Stub$Proxy@6e69e51
12-20 05:42:50.566  6270  6283 D BluetoothAdapterState: Current state: OFF, message: 0
12-20 05:42:50.566  6270  6283 D BluetoothAdapterProperties: Setting state to 14
12-20 05:42:50.566  6270  6283 I BluetoothAdapterState: Bluetooth adapter state changed: 10-> 14
12-20 05:42:50.566  3388  3436 D BluetoothManagerService: Message: 60
12-20 05:42:50.566  3388  3436 D BluetoothManagerService: MESSAGE_BLUETOOTH_STATE_CHANGE: prevState = 10, newState=14
12-20 05:42:50.566  3388  3436 D BluetoothManagerService: BLE State Change Intent: 10 -> 14
12-20 05:42:50.568  6270  6283 D BluetoothBondStateMachine: make
12-20 05:42:50.570  6270  6288 I BluetoothBondStateMachine: StableState(): Entering Off State
12-20 05:42:50.573  6270  6283 I BluetoothAdapterState: Entering PendingCommandState
12-20 05:42:50.573  6270  6270 D BtGatt.GattService: classInitNative called
12-20 05:42:50.574  6270  6270 I BtGatt.JNI: classInitNative(L912): classInitNative: Success!
12-20 05:42:50.575  6270  6270 D BtGatt.DebugUtils: handleDebugAction() action=null
12-20 05:42:50.575  6270  6270 D BluetoothAdapterService: getAdapterService() - returning com.android.bluetooth.btservice.AdapterService@5b22223
12-20 05:42:50.576  6270  6270 D BtGatt.GattService: Received start request. Starting profile...
12-20 05:42:50.576  6270  6270 D BluetoothAdapterService: getAdapterService() - returning com.android.bluetooth.btservice.AdapterService@5b22223
12-20 05:42:50.576  6270  6270 D BtGatt.GattService: start()
12-20 05:42:50.576  6270  6270 I bt_bluedroid: get_profile_interface gatt
12-20 05:42:50.577  6270  6270 D BluetoothAdapterService: getAdapterService() - returning com.android.bluetooth.btservice.AdapterService@5b22223
12-20 05:42:50.577  6270  6270 D BtGatt.AdvertiseManager: advertise manager created
12-20 05:42:50.580  6270  6270 D BtGatt.GattService:  profile started successfully
12-20 05:42:50.580  6270  6270 W BluetoothAdapterService: onProfileServiceStateChange() serviceName=com.android.bluetooth.gatt.GattService, state=12, doUpdate=true
12-20 05:42:50.580  6270  6270 V BluetoothAdapterState: isTurningOff()=false
12-20 05:42:50.580  6270  6270 V BluetoothAdapterState: isTurningOn()=false
12-20 05:42:50.580  6270  6270 V BluetoothAdapterState: isBleTurningOn()=true
12-20 05:42:50.581  6284  6284 I com.android.bluetooth: type=1400 audit(0.0:305): avc: denied { write } for comm=626C756564726F69642077616B652F name="state" dev="sysfs" ino=23903 scontext=u:r:bluetooth:s0 tcontext=u:object_r:sysfs:s0 tclass=file permissive=1
12-20 05:42:50.581  6284  6284 W com.android.bluetooth: type=1300 audit(0.0:305): arch=40000028 syscall=322 per=8 success=yes exit=52 a0=ffffff9c a1=f54ffe40 a2=20001 a3=0 items=0 ppid=3071 auid=4294967295 uid=1002 gid=1002 euid=1002 suid=1002 fsuid=1002 egid=1002 sgid=1002 fsgid=1002 tty=(none) ses=4294967295 comm=626C756564726F69642077616B652F exe="/system/bin/app_process32" subj=u:r:bluetooth:s0 key=(null)
12-20 05:42:50.581  2952  2952 W auditd  : type=1327 audit(0.0:305): proctitle="com.android.bluetooth"
12-20 05:42:50.581  2952  2952 W auditd  : type=1320 audit(0.0:305): 
12-20 05:42:50.581  6270  6270 V BluetoothAdapterState: isBleTurningOff()=false
12-20 05:42:50.582  6270  6283 D BluetoothAdapterState: Current state: PENDING_COMMAND, message: 4
12-20 05:42:50.584  6270  6283 I bt_bluedroid: bt_bluedroid
12-20 05:42:50.584  6270  6284 D bt_stack_manager: event_start_up_stack is bringing up the stack.
12-20 05:42:50.584  6270  6284 I bt_snoop: Time GMT offset -10800
12-20 05:42:50.584  6270  6284 I bt_hci  : start_up
12-20 05:42:50.592  6270  6284 I bt_vendor: alloc value 0xf40b320d
12-20 05:42:50.592  6270  6284 I bt_vendor: init
12-20 05:42:50.592  6270  6284 I bt_vnd_conf: Attempt to load conf from /etc/bluetooth/bt_vendor.conf
12-20 05:42:50.592  6270  6284 I bt_vnd_conf: vnd_load_conf file >/etc/bluetooth/bt_vendor.conf< not found
12-20 05:42:50.698  6270  6284 D bt_hci  : start_up starting async portion
12-20 05:42:50.698  6270  6291 I bt_hci  : event_finish_startup
12-20 05:42:50.698  6270  6291 I bt_hci_h4: hal_open
12-20 05:42:50.698  6270  6291 I bt_userial_vendor: userial vendor open: opening /dev/ttySAC4
12-20 05:42:50.698  6270  6291 E bt_userial_vendor: userial vendor open: unable to open /dev/ttySAC4
12-20 05:42:50.698  6270  6291 E bt_hci_h4: hal_open opened the wrong number of ports: got 0, expected 1.
12-20 05:42:50.698  6270  6291 E bt_hci_h4: In transmit_data, error writing to the uart serial port: Bad file descriptor
12-20 05:42:53.576  3388  3947 I ActivityManager: START u0 {act=android.settings.BLUETOOTH_SETTINGS flg=0x14000000 cmp=com.android.settings/.Settings$BluetoothSettingsActivity} from uid 10026 on display 0
12-20 05:42:53.586  3062  3522 V audio_hw_primary: out_set_parameters: key value pairs: routing=2
12-20 05:42:53.605  3388  5659 W InputMethodManagerService: Window already focused, ignoring focus gain of: com.android.internal.view.IInputMethodClient$Stub$Proxy@2e819e6 attribute=null, token = android.os.BinderProxy@7950bd4
12-20 05:42:53.637  3062  3522 D AudioFlinger: mixer(0xf2c00000) throttle end: throttle time(11)
12-20 05:42:53.761  4015  4015 D LocalBluetoothManager: setting foreground activity to non-null context
12-20 05:42:53.779  4015  6296 D OpenGLRenderer: Use EGL_SWAP_BEHAVIOR_PRESERVED: true
12-20 05:42:53.814  4015  6297 I IndexDatabaseHelper: Using schema version: 121
12-20 05:42:53.815  4015  6297 I IndexDatabaseHelper: Index is fine
12-20 05:42:53.816  4015  6297 D Index   : Deleting data for locale 'en_US' took 1 millis
12-20 05:42:53.822  4015  6297 D Index   : Indexing locale 'en_US' took 6 millis
12-20 05:42:53.842  4015  6296 I OpenGLRenderer: Initialized EGL, version 1.4
12-20 05:42:53.855  4015  6296 D mali_winsys: EGLint new_window_surface(egl_winsys_display*, void*, EGLSurface, EGLConfig, egl_winsys_surface**, egl_color_buffer_format*, EGLBoolean) returns 0x3000,  [1440x2560]-format:1
12-20 05:42:53.993  3388  3437 I ActivityManager: Displayed com.android.settings/.Settings$BluetoothSettingsActivity: +377ms
12-20 05:42:54.138  3581  4093 W OpenGLRenderer: Incorrectly called buildLayer on View: FrameLayout, destroying layer...
12-20 05:42:54.138  3581  4093 W OpenGLRenderer: Incorrectly called buildLayer on View: FrameLayout, destroying layer...
12-20 05:42:54.138  3581  4093 W OpenGLRenderer: Incorrectly called buildLayer on View: LinearLayout, destroying layer...
12-20 05:42:54.165  3581  3581 D PhoneStatusBar: disable: < expand icons* alerts system_info* back home recent clock search quick_settings >
12-20 05:42:54.212  3581  4093 D mali_winsys: EGLint new_window_surface(egl_winsys_display*, void*, EGLSurface, EGLConfig, egl_winsys_surface**, egl_color_buffer_format*, EGLBoolean) returns 0x3000,  [1440x96]-format:1
12-20 05:42:54.397  3388  3509 D ConnectivityService: handlePromptUnvalidated 102
