12-20 05:47:33.535  3065  3065 D gpsd    : WakeLock(Acquire,GPSD)
12-20 05:47:33.535  3065  3065 D gpsd    : WakeLock(Release,GPSD)
12-20 05:47:33.535  3065  3065 D gpsd    : WakeLock(Acquire,GPSD)
12-20 05:47:33.535  3065  3065 D gpsd    : WakeLock(Release,GPSD)
12-20 05:47:33.535  3065  3065 D gpsd    : WakeLock(Acquire,GPSD)
12-20 05:47:33.535  3065  3065 D gpsd    : WakeLock(Release,GPSD)
12-20 05:47:33.535  3065  3065 D gpsd    : WakeLock(Acquire,GPSD)
12-20 05:47:33.535  3065  3065 D gpsd    : WakeLock(Release,GPSD)
12-20 05:47:33.535  3065  3065 D gpsd    : WakeLock(Acquire,GPSD)
12-20 05:47:33.535  3065  3065 D gpsd    : WakeLock(Release,GPSD)
12-20 05:47:33.535  3065  3065 D gpsd    : WakeLock(Acquire,GPSD)
12-20 05:47:33.535  3065  3065 D gpsd    : WakeLock(Release,GPSD)
12-20 05:47:33.535  3065  3065 D gpsd    : WakeLock(Acquire,GPSD)
12-20 05:47:33.535  3065  3065 D gpsd    : WakeLock(Release,GPSD)
12-20 05:47:33.535  3065  3065 D gpsd    : WakeLock(Acquire,GPSD)
12-20 05:47:33.535  3065  3065 D gpsd    : WakeLock(Release,GPSD)
12-20 05:47:33.535  3065  3065 D gpsd    : WakeLock(Acquire,GPSD)
12-20 05:47:33.535  3065  3065 D gpsd    : WakeLock(Release,GPSD)
12-20 05:47:33.535  3065  3065 D gpsd    : WakeLock(Acquire,GPSD)
12-20 05:47:33.535  3065  3065 D gpsd    : WakeLock(Release,GPSD)
12-20 05:47:33.535  3065  3065 D gpsd    : WakeLock(Acquire,GPSD)
12-20 05:47:33.535  3065  3065 D gpsd    : WakeLock(Release,GPSD)
12-20 05:47:33.535  3065  3065 D gpsd    : WakeLock(Acquire,GPSD)
12-20 05:47:33.535  3065  3065 D gpsd    : WakeLock(Release,GPSD)
12-20 05:47:33.535  3065  3065 D gpsd    : WakeLock(Acquire,GPSD)
12-20 05:47:33.535  3065  3065 D gpsd    : WakeLock(Release,GPSD)
12-20 05:47:33.535  3065  3065 D gpsd    : WakeLock(Acquire,GPSD)
12-20 05:47:33.535  3065  3065 D gpsd    : WakeLock(Release,GPSD)
12-20 05:47:33.535  3065  3065 D gpsd    : WakeLock(Acquire,GPSD)
12-20 05:47:33.535  3065  3065 D gpsd    : WakeLock(Release,GPSD)
12-20 05:47:33.535  3065  3065 D gpsd    : WakeLock(Acquire,GPSD)
12-20 05:47:33.535  3065  3065 D gpsd    : WakeLock(Release,GPSD)
12-20 05:47:33.535  3065  3065 D gpsd    : WakeLock(Acquire,GPSD)
12-20 05:47:33.535  3065  3065 D gpsd    : WakeLock(Release,GPSD)
12-20 05:47:33.535  3065  3065 D gpsd    : WakeLock(Acquire,GPSD)
12-20 05:47:33.535  3065  3065 D gpsd    : WakeLock(Release,GPSD)
12-20 05:47:33.535  3065  3065 D gpsd    : WakeLock(Acquire,GPSD)
12-20 05:47:33.535  3065  3065 D gpsd    : WakeLock(Release,GPSD)
12-20 05:47:33.535  3065  3065 D gpsd    : WakeLock(Acquire,GPSD)
12-20 05:47:33.535  3065  3065 D gpsd    : WakeLock(Release,GPSD)
12-20 05:47:33.535  3065  3065 D gpsd    : WakeLock(Acquire,GPSD)
12-20 05:47:33.535  3065  3065 D gpsd    : WakeLock(Release,GPSD)
12-20 05:47:33.535  3065  3065 D gpsd    : WakeLock(Acquire,GPSD)
12-20 05:47:33.535  3065  3065 D gpsd    : WakeLock(Release,GPSD)
12-20 05:47:33.535  3065  3065 D gpsd    : WakeLock(Acquire,GPSD)
12-20 05:47:33.535  3065  3065 D gpsd    : WakeLock(Release,GPSD)
12-20 05:47:33.535  3065  3065 D gpsd    : WakeLock(Acquire,GPSD)
12-20 05:47:33.535  3065  3065 D gpsd    : WakeLock(Release,GPSD)
12-20 05:47:33.535  3065  3065 D gpsd    : WakeLock(Acquire,GPSD)
12-20 05:47:33.536  3065  3065 D gpsd    : WakeLock(Release,GPSD)
12-20 05:47:33.536  3065  3065 D gpsd    : WakeLock(Acquire,GPSD)
12-20 05:47:33.536  3065  3065 D gpsd    : WakeLock(Release,GPSD)
12-20 05:47:33.536  3065  3065 D gpsd    : WakeLock(Acquire,GPSD)
12-20 05:47:33.536  3065  3065 D gpsd    : WakeLock(Release,GPSD)
12-20 05:47:33.536  3065  3065 D gpsd    : WakeLock(Acquire,GPSD)
12-20 05:47:33.536  3065  3065 D gpsd    : WakeLock(Release,GPSD)
12-20 05:47:33.536  3065  3065 D gpsd    : WakeLock(Acquire,GPSD)
12-20 05:47:33.536  3065  3065 D gpsd    : WakeLock(Release,GPSD)
12-20 05:47:33.536  3065  3065 D gpsd    : WakeLock(Acquire,GPSD)
12-20 05:47:33.536  3065  3065 D gpsd    : WakeLock(Release,GPSD)
12-20 05:47:33.536  3065  3065 D gpsd    : WakeLock(Acquire,GPSD)
12-20 05:47:33.536  3065  3065 D gpsd    : WakeLock(Release,GPSD)
12-20 05:47:33.536  3065  3065 D gpsd    : WakeLock(Acquire,GPSD)
12-20 05:47:33.536  3065  3065 D gpsd    : WakeLock(Release,GPSD)
12-20 05:47:33.536  3065  3065 D gpsd    : WakeLock(Acquire,GPSD)
12-20 05:47:33.536  3065  3065 D gpsd    : WakeLock(Release,GPSD)
12-20 05:47:33.536  3065  3065 D gpsd    : WakeLock(Acquire,GPSD)
12-20 05:47:33.536  3065  3065 D gpsd    : WakeLock(Release,GPSD)
12-20 05:47:33.536  3065  3065 D gpsd    : WakeLock(Acquire,GPSD)
12-20 05:47:33.536  3065  3065 D gpsd    : WakeLock(Release,GPSD)
12-20 05:47:33.536  3065  3065 D gpsd    : WakeLock(Acquire,GPSD)
12-20 05:47:33.536  3065  3065 D gpsd    : WakeLock(Release,GPSD)
12-20 05:47:33.536  3065  3065 D gpsd    : WakeLock(Acquire,GPSD)
12-20 05:47:33.536  3065  3065 D gpsd    : WakeLock(Release,GPSD)
12-20 05:47:33.536  3065  3065 D gpsd    : WakeLock(Acquire,GPSD)
12-20 05:47:33.536  3065  3065 D gpsd    : WakeLock(Release,GPSD)
12-20 05:47:33.536  3065  3065 D gpsd    : WakeLock(Acquire,GPSD)
12-20 05:47:33.536  3065  3065 D gpsd    : WakeLock(Release,GPSD)
12-20 05:47:33.536  3065  3065 D gpsd    : WakeLock(Acquire,GPSD)
12-20 05:47:33.536  3065  3065 D gpsd    : WakeLock(Release,GPSD)
12-20 05:47:33.536  3065  3065 D gpsd    : WakeLock(Acquire,GPSD)
12-20 05:47:33.536  3065  3065 D gpsd    : WakeLock(Release,GPSD)
12-20 05:47:33.536  3065  3065 D gpsd    : WakeLock(Acquire,GPSD)
12-20 05:47:33.536  3065  3065 D gpsd    : WakeLock(Release,GPSD)
12-20 05:47:33.536  3065  3065 D gpsd    : WakeLock(Acquire,GPSD)
12-20 05:47:33.536  3065  3065 D gpsd    : WakeLock(Release,GPSD)
12-20 05:47:33.536  3065  3065 D gpsd    : WakeLock(Acquire,GPSD)
12-20 05:47:33.536  3065  3065 D gpsd    : WakeLock(Release,GPSD)
12-20 05:47:33.536  3065  3065 D gpsd    : WakeLock(Acquire,GPSD)
12-20 05:47:33.536  3065  3065 D gpsd    : WakeLock(Release,GPSD)
12-20 05:47:33.536  3065  3065 D gpsd    : WakeLock(Acquire,GPSD)
12-20 05:47:33.536  3065  3065 D gpsd    : WakeLock(Release,GPSD)
12-20 05:47:33.536  3065  3065 D gpsd    : WakeLock(Acquire,GPSD)
12-20 05:47:33.536  3065  3065 D gpsd    : WakeLock(Release,GPSD)
12-20 05:47:33.536  3065  3065 D gpsd    : WakeLock(Acquire,GPSD)
12-20 05:47:33.536  3065  3065 D gpsd    : WakeLock(Release,GPSD)
12-20 05:47:33.536  3065  3065 D gpsd    : WakeLock(Acquire,GPSD)
12-20 05:47:33.536  3065  3065 D gpsd    : WakeLock(Release,GPSD)
12-20 05:47:33.536  3065  3065 D gpsd    : WakeLock(Acquire,GPSD)
12-20 05:47:33.536  3065  3065 D gpsd    : WakeLock(Release,GPSD)
12-20 05:47:33.536  3065  3065 D gpsd    : WakeLock(Acquire,GPSD)
12-20 05:47:33.536  3065  3065 D gpsd    : WakeLock(Release,GPSD)
12-20 05:47:33.536  3065  3065 D gpsd    : WakeLock(Acquire,GPSD)
12-20 05:47:33.536  3065  3065 D gpsd    : WakeLock(Release,GPSD)
12-20 05:47:33.536  3065  3065 D gpsd    : WakeLock(Acquire,GPSD)
12-20 05:47:33.536  3065  3065 D gpsd    : WakeLock(Release,GPSD)
12-20 05:47:33.536  3065  3065 D gpsd    : WakeLock(Acquire,GPSD)
12-20 05:47:33.536  3065  3065 D gpsd    : WakeLock(Release,GPSD)
12-20 05:47:33.536  3065  3065 D gpsd    : WakeLock(Acquire,GPSD)
12-20 05:47:33.536  3065  3065 D gpsd    : WakeLock(Release,GPSD)
12-20 05:47:33.536  3065  3065 D gpsd    : WakeLock(Acquire,GPSD)
12-20 05:47:33.536  3065  3065 D gpsd    : WakeLock(Release,GPSD)
12-20 05:47:33.536  3065  3065 D gpsd    : WakeLock(Acquire,GPSD)
12-20 05:47:33.536  3065  3065 D gpsd    : WakeLock(Release,GPSD)
12-20 05:47:33.536  3065  3065 D gpsd    : WakeLock(Acquire,GPSD)
12-20 05:47:33.536  3065  3065 D gpsd    : WakeLock(Release,GPSD)
12-20 05:47:33.536  3065  3065 D gpsd    : WakeLock(Acquire,GPSD)
12-20 05:47:33.536  3065  3065 D gpsd    : WakeLock(Release,GPSD)
12-20 05:47:33.536  3065  3065 D gpsd    : WakeLock(Acquire,GPSD)
12-20 05:47:33.536  3065  3065 D gpsd    : WakeLock(Release,GPSD)
12-20 05:47:33.536  3065  3065 D gpsd    : WakeLock(Acquire,GPSD)
12-20 05:47:33.536  3065  3065 D gpsd    : WakeLock(Release,GPSD)
12-20 05:47:33.536  3065  3065 D gpsd    : WakeLock(Acquire,GPSD)
12-20 05:47:33.536  3065  3065 D gpsd    : WakeLock(Release,GPSD)
12-20 05:47:33.536  3065  3065 D gpsd    : WakeLock(Acquire,GPSD)
12-20 05:47:33.536  3065  3065 D gpsd    : WakeLock(Release,GPSD)
12-20 05:47:33.536  3065  3065 D gpsd    : WakeLock(Acquire,GPSD)
12-20 05:47:33.536  3065  3065 D gpsd    : WakeLock(Release,GPSD)
12-20 05:47:33.536  3065  3065 D gpsd    : WakeLock(Acquire,GPSD)
12-20 05:47:33.536  3065  3065 D gpsd    : WakeLock(Release,GPSD)
12-20 05:47:33.536  3065  3065 D gpsd    : WakeLock(Acquire,GPSD)
12-20 05:47:33.537  3065  3065 D gpsd    : WakeLock(Release,GPSD)
12-20 05:47:35.721  3376  3406 I ActivityManager: Waited long enough for: ServiceRecord{ef2ce54 u0 com.android.providers.media/.MediaScannerService}
12-20 05:47:35.998  3376  3505 D WifiConfigStore: Retrieve network priorities after PNO.
12-20 05:47:36.428  3581  3581 D PhoneStatusBar: disable: < expand ICONS* alerts SYSTEM_INFO* back home recent clock search quick_settings >
12-20 05:47:36.449  3581  4114 D mali_winsys: EGLint new_window_surface(egl_winsys_display*, void*, EGLSurface, EGLConfig, egl_winsys_surface**, egl_color_buffer_format*, EGLBoolean) returns 0x3000,  [1440x2560]-format:1
12-20 05:47:36.646  3376  3406 I ActivityManager: Waited long enough for: ServiceRecord{4c5833 u0 com.cyanogenmod.lockclock/.weather.WeatherSourceListenerService}
12-20 05:47:36.662  4170  4225 E ELEVEN  : calling refresh!
12-20 05:47:37.891  3376  3505 D WifiStateMachine: shouldSwitchNetwork  txSuccessRate=0.00 rxSuccessRate=0.00 delta 1000 -> 1000
12-20 05:47:37.892  3376  3505 D WifiStateMachine: CMD_AUTO_CONNECT sup state ScanState my state DisconnectedState nid=0 roam=3
12-20 05:47:37.892  3376  3505 E WifiConfigStore: saveWifiConfigBSSID Setting BSSID for "RTK 11n AP"-WPA_PSK to any
12-20 05:47:37.901  3376  3505 D WifiStateMachine: CMD_AUTO_CONNECT will save config -> "RTK 11n AP" nid=0
12-20 05:47:37.917  3376  3505 D WifiStateMachine: CMD_AUTO_CONNECT did save config ->  nid=0
12-20 05:47:37.919  4048  4048 I wpa_supplicant: wlan0: Trying to associate with 00:e0:4c:a7:8f:26 (SSID='RTK 11n AP' freq=2462 MHz)
12-20 05:47:38.081  4048  4048 I wpa_supplicant: wlan0: Associated with 00:e0:4c:a7:8f:26
12-20 05:47:38.082  4048  4048 I wpa_supplicant: wlan0: CTRL-EVENT-SUBNET-STATUS-UPDATE status=0
12-20 05:47:38.100  4048  4048 I wpa_supplicant: wlan0: WPA: Key negotiation completed with 00:e0:4c:a7:8f:26 [PTK=CCMP GTK=CCMP]
12-20 05:47:38.100  4048  4048 I wpa_supplicant: wlan0: CTRL-EVENT-CONNECTED - Connection to 00:e0:4c:a7:8f:26 completed [id=0 id_str=]
12-20 05:47:38.101  3376  3505 D WifiConfigStore: Retrieve network priorities after PNO.
12-20 05:47:38.102  3376  3505 D ConnectivityService: registerNetworkAgent NetworkAgentInfo{ ni{[type: WIFI[], state: CONNECTING/CONNECTING, reason: (unspecified), extra: "RTK 11n AP", roaming: false, failover: false, isAvailable: true]}  network{101}  lp{{LinkAddresses: []  Routes: [] DnsAddresses: [] Domains: null MTU: 0 TcpBufferSizes: 524288,1048576,2097152,262144,524288,1048576}}  nc{[ Transports: WIFI Capabilities: INTERNET&NOT_RESTRICTED&TRUSTED&NOT_VPN LinkUpBandwidth>=1048576Kbps LinkDnBandwidth>=1048576Kbps]}  Score{20}  everValidated{false}  lastValidated{false}  created{false} lingering{false} explicitlySelected{false} acceptUnvalidated{false} everCaptivePortalDetected{false} lastCaptivePortalDetected{false} }
12-20 05:47:38.102  3376  3505 E WifiConfigStore: saveWifiConfigBSSID Setting BSSID for "RTK 11n AP"-WPA_PSK to any
12-20 05:47:38.102  3376  3507 D ConnectivityService: NetworkAgentInfo [WIFI () - 101] EVENT_NETWORK_INFO_CHANGED, going from null to CONNECTING
12-20 05:47:38.115  3376  3505 E WifiConfigStore: saveWifiConfigBSSID Setting BSSID for "RTK 11n AP"-WPA_PSK to any
12-20 05:47:38.123  3054  3477 D CommandListener: Setting iface cfg
12-20 05:47:38.126  3054  3477 D CommandListener: Trying to bring up wlan0
12-20 05:47:38.135  3376  3507 D ConnectivityService: notifyType CAP_CHANGED for NetworkAgentInfo [WIFI () - 101]
12-20 05:47:38.135  3376  3505 D IpReachabilityMonitor: watch: iface{wlan0/14}, v{1}, ntable=[]
12-20 05:47:38.135  3376  3507 D ConnectivityService: updateNetworkScore for NetworkAgentInfo [WIFI () - 101] to 60
12-20 05:47:38.135  3376  3505 D IpReachabilityMonitor: watch: iface{wlan0/14}, v{2}, ntable=[192.168.1.1/NUD_NONE]
12-20 05:47:38.136  3376  3505 D WifiConfigStore: No blacklist allowed without epno enabled
12-20 05:47:38.136  3376  3507 D ConnectivityService: NetworkAgentInfo [WIFI () - 101] EVENT_NETWORK_INFO_CHANGED, going from CONNECTING to CONNECTED
12-20 05:47:38.136  3376  3507 D ConnectivityService: Adding iface wlan0 to network 101
12-20 05:47:38.142  3376  3505 E WifiStateMachine: Did not find remoteAddress {192.168.1.1} in /proc/net/arp
12-20 05:47:38.132  2950  2950 W auditd  : type=1325 audit(0.0:256): table=mangle family=2 entries=19
12-20 05:47:38.132  2950  2950 W auditd  : type=1320 audit(0.0:256): 
12-20 05:47:38.142  2950  2950 W auditd  : type=1325 audit(0.0:257): table=mangle family=10 entries=15
12-20 05:47:38.142  2950  2950 W auditd  : type=1320 audit(0.0:257): 
12-20 05:47:38.149  3376  3507 E ConnectivityService: Unexpected mtu value: 0, wlan0
12-20 05:47:38.149  3376  3507 D ConnectivityService: Adding Route [fe80::/64 -> :: wlan0] to network 101
12-20 05:47:38.150  3376  3507 D ConnectivityService: Adding Route [192.168.1.0/24 -> 0.0.0.0 wlan0] to network 101
12-20 05:47:38.151  3376  3507 D ConnectivityService: Adding Route [0.0.0.0/0 -> 192.168.1.1 wlan0] to network 101
12-20 05:47:38.151  3376  3507 D ConnectivityService: Setting Dns servers for network 101 to [/192.168.1.1]
12-20 05:47:38.155  3376  3507 D ConnectivityService: notifyType IP_CHANGED for NetworkAgentInfo [WIFI () - 101]
12-20 05:47:38.157  3376  3507 D ConnectivityService: scheduleUnvalidatedPrompt 101
12-20 05:47:38.158  3376  3507 D ConnectivityService: updateSignalStrengthThresholds: CONNECT, sending [] to NetworkAgentInfo [WIFI () - 101]
12-20 05:47:38.159  3376  3507 D ConnectivityService: notifyType PRECHECK for NetworkAgentInfo [WIFI () - 101]
12-20 05:47:38.166  3376  4775 D NetlinkSocketObserver: NeighborEvent{elapsedMs=29599, 192.168.1.1, [5CDC96114482], RTM_NEWNEIGH, NUD_REACHABLE}
12-20 05:47:38.267  3376  4774 D NetworkMonitor/NetworkAgentInfo [WIFI () - 101]: Checking http://connectivitycheck.gstatic.com/generate_204 on "RTK 11n AP", connectivitycheck.gstatic.com=172.217.28.14,2800:3f0:4002:802::200e
12-20 05:47:38.268  3376  4774 W System  : ClassLoader referenced unknown path: /system/framework/tcmclient.jar
12-20 05:47:38.370  3376  4774 D NetworkMonitor/NetworkAgentInfo [WIFI () - 101]: isCaptivePortal: ret=204 headers={null=[HTTP/1.1 204 No Content], Content-Length=[0], Date=[Tue, 20 Dec 2016 08:47:38 GMT], X-Android-Received-Millis=[1482223658370], X-Android-Response-Source=[NETWORK 204], X-Android-Selected-Protocol=[http/1.1], X-Android-Sent-Millis=[1482223658315]}
12-20 05:47:38.371  3376  3507 D ConnectivityService: setProvNotificationVisibleIntent null visible=false networkType=MOBILE extraInfo=null highPriority=false
12-20 05:47:38.371  3376  3507 D ConnectivityService: NetworkAgentInfo [WIFI () - 101] validation  passed
12-20 05:47:38.371  3376  3507 D ConnectivityService: rematch for NetworkAgentInfo [WIFI () - 101]
12-20 05:47:38.371  3376  3507 D ConnectivityService:    accepting network in place of NetworkAgentInfo [MOBILE (HSPA+) - 100]
12-20 05:47:38.371  3376  3507 D ConnectivityService: notifyType LOSING for NetworkAgentInfo [MOBILE (HSPA+) - 100]
12-20 05:47:38.371  3376  4722 D NetworkMonitor/NetworkAgentInfo [MOBILE (HSPA+) - 100]: Lingering
12-20 05:47:38.371  3376  3507 D ConnectivityService: Switching to new default network: NetworkAgentInfo{ ni{[type: WIFI[], state: CONNECTED/CONNECTED, reason: (unspecified), extra: "RTK 11n AP", roaming: false, failover: false, isAvailable: true]}  network{101}  lp{{InterfaceName: wlan0 LinkAddresses: [fe80::62f1:89ff:fe8a:1fe7/64,192.168.1.128/24,]  Routes: [fe80::/64 -> :: wlan0,192.168.1.0/24 -> 0.0.0.0 wlan0,0.0.0.0/0 -> 192.168.1.1 wlan0,] DnsAddresses: [192.168.1.1,] Domains: null MTU: 0 TcpBufferSizes: 524288,1048576,2097152,262144,524288,1048576}}  nc{[ Transports: WIFI Capabilities: INTERNET&NOT_RESTRICTED&TRUSTED&NOT_VPN&VALIDATED LinkUpBandwidth>=1048576Kbps LinkDnBandwidth>=1048576Kbps SignalStrength: -59]}  Score{60}  everValidated{true}  lastValidated{true}  created{true} lingering{false} explicitlySelected{false} acceptUnvalidated{false} everCaptivePortalDetected{false} lastCaptivePortalDetected{false} }
12-20 05:47:38.373  3992  3992 V ConfigResourceUtil: resourceName = config_enable_mms_with_mobile_data_off resourceId = 2130837505resourceValue = false
12-20 05:47:38.372  2950  2950 W auditd  : type=1325 audit(0.0:258): table=raw family=2 entries=11
12-20 05:47:38.372  2950  2950 W auditd  : type=1320 audit(0.0:258): 
12-20 05:47:38.372  2950  2950 W auditd  : type=1325 audit(0.0:259): table=raw family=10 entries=11
12-20 05:47:38.372  2950  2950 W auditd  : type=1320 audit(0.0:259): 
12-20 05:47:38.383  3054  3477 V IdletimerController: runCmd(/system/bin/ip6tables -w -t raw -A idletimer_raw_PREROUTING -i wlan0 -j IDLETIMER --timeout 15 --label 1 --send_nl_msg 1) res_ipv4=0, res_ipv6=0
12-20 05:47:38.382  2950  2950 W auditd  : type=1325 audit(0.0:260): table=mangle family=2 entries=20
12-20 05:47:38.382  2950  2950 W auditd  : type=1320 audit(0.0:260): 
12-20 05:47:38.382  2950  2950 W auditd  : type=1325 audit(0.0:261): table=mangle family=10 entries=16
12-20 05:47:38.382  2950  2950 W auditd  : type=1320 audit(0.0:261): 
12-20 05:47:38.393  3054  3477 V IdletimerController: runCmd(/system/bin/ip6tables -w -t mangle -A idletimer_mangle_POSTROUTING -o wlan0 -j IDLETIMER --timeout 15 --label 1 --send_nl_msg 1) res_ipv4=0, res_ipv6=0
12-20 05:47:38.394  3376  3507 D ConnectivityService: Setting tx/rx TCP buffers to 524288,1048576,2097152,262144,524288,1048576
12-20 05:47:38.395  3376  3507 D CSLegacyTypeTracker: Sending DISCONNECTED broadcast for type 0 NetworkAgentInfo [MOBILE (HSPA+) - 100] isDefaultNetwork=true
12-20 05:47:38.395  3376  3507 D ConnectivityService: sendStickyBroadcast: action=android.net.conn.CONNECTIVITY_CHANGE
12-20 05:47:38.396  3376  3507 D CSLegacyTypeTracker: Sending CONNECTED broadcast for type 1 NetworkAgentInfo [WIFI () - 101] isDefaultNetwork=true
12-20 05:47:38.396  3376  3507 D ConnectivityService: sendStickyBroadcast: action=android.net.conn.CONNECTIVITY_CHANGE
12-20 05:47:38.396  3376  3420 D Tethering: MasterInitialState.processMessage what=3
12-20 05:47:38.397  3376  3507 D ConnectivityService: notifyType CAP_CHANGED for NetworkAgentInfo [WIFI () - 101]
12-20 05:47:38.397  3376  3420 D Tethering: MasterInitialState.processMessage what=3
12-20 05:47:38.398  4273  4273 I Email   : Unregister all idle mailboxes
12-20 05:47:38.398  4506  4506 I UpdateCheckReceiver: Got connectivity change, has connection: true
12-20 05:47:38.398  4506  4506 I UpdateCheckReceiver: Scheduling future, repeating update checks.
12-20 05:47:38.400  4656  4656 D NetworkChangeNotifierAutoDetect: Network connectivity changed, type is: 2
12-20 05:47:38.410  4181  4181 D WeatherUpdateService: onCreate
12-20 05:47:38.411  4506  4506 I UpdateCheckReceiver: Got connectivity change, has connection: true
12-20 05:47:38.411  4506  4506 I UpdateCheckReceiver: Scheduling future, repeating update checks.
12-20 05:47:38.413  4181  4181 D WeatherUpdateService: Service started, but shouldn't update ... stopping
12-20 05:47:38.414  3992  4424 D PhoneInterfaceManager: [PhoneIntfMgr] getDataEnabled: subId=1 phoneId=0
12-20 05:47:38.414  3992  4424 D PhoneInterfaceManager: [PhoneIntfMgr] getDataEnabled: subId=1 retVal=true
12-20 05:47:38.415  3376  3405 D TelephonyManager: getDataEnabled: retVal=true
12-20 05:47:38.412  2950  2950 W auditd  : type=1325 audit(0.0:262): table=filter family=2 entries=80
12-20 05:47:38.416  4181  4181 D WeatherUpdateService: onDestroy
12-20 05:47:38.412  2950  2950 W auditd  : type=1320 audit(0.0:262): 
12-20 05:47:38.419  3992  4007 D TelephonyProvider: getPreferredApnIdFromApn: for subId 1
12-20 05:47:38.419  3992  4007 D TelephonyProvider: Preferred APN: -1
12-20 05:47:38.420  4181  4181 D WeatherUpdateService: onCreate
12-20 05:47:38.422  4181  4181 D WeatherUpdateService: Service started, but shouldn't update ... stopping
12-20 05:47:38.412  2950  2950 W auditd  : type=1325 audit(0.0:263): table=filter family=10 entries=83
12-20 05:47:38.412  2950  2950 W auditd  : type=1320 audit(0.0:263): 
12-20 05:47:38.424  4181  4181 D WeatherUpdateService: onDestroy
12-20 05:47:38.424  3376  3405 E GpsLocationProvider: No APN found to select.
12-20 05:47:38.426  3065  3065 D gpsd    : WakeLock(Acquire,GPSD)
12-20 05:47:38.426  3065  3065 D gpsd    : WakeLock(Release,GPSD)
12-20 05:47:38.426  3065  3065 D gpsd    : WakeLock(Acquire,GPSD)
12-20 05:47:38.426  3065  3065 D gpsd    : WakeLock(Release,GPSD)
12-20 05:47:38.428  3992  4258 D PhoneInterfaceManager: [PhoneIntfMgr] getDataEnabled: subId=1 phoneId=0
12-20 05:47:38.428  3992  4258 D PhoneInterfaceManager: [PhoneIntfMgr] getDataEnabled: subId=1 retVal=true
12-20 05:47:38.428  3376  3405 D TelephonyManager: getDataEnabled: retVal=true
12-20 05:47:38.428  3065  3065 D gpsd    : WakeLock(Acquire,GPSD)
12-20 05:47:38.428  3065  3065 D gpsd    : WakeLock(Release,GPSD)
12-20 05:47:38.428  3992  4299 D TelephonyProvider: getPreferredApnIdFromApn: for subId 1
12-20 05:47:38.428  3992  4299 D TelephonyProvider: Preferred APN: -1
12-20 05:47:38.430  3376  3405 E GpsLocationProvider: No APN found to select.
12-20 05:47:38.431  3065  3065 D gpsd    : WakeLock(Acquire,GPSD)
12-20 05:47:38.432  2950  2950 W auditd  : type=1325 audit(0.0:264): table=filter family=2 entries=78
12-20 05:47:38.432  2950  2950 W auditd  : type=1320 audit(0.0:264): 
12-20 05:47:38.442  2950  2950 W auditd  : type=1325 audit(0.0:265): table=filter family=10 entries=81
12-20 05:47:38.442  2950  2950 W auditd  : type=1320 audit(0.0:265): 
12-20 05:47:38.442  2950  2950 W auditd  : type=1325 audit(0.0:266): table=filter family=2 entries=79
12-20 05:47:38.442  2950  2950 W auditd  : type=1320 audit(0.0:266): 
12-20 05:47:38.452  2950  2950 W auditd  : type=1325 audit(0.0:267): table=filter family=10 entries=82
12-20 05:47:38.452  2950  2950 W auditd  : type=1320 audit(0.0:267): 
12-20 05:47:38.462  2950  2950 W auditd  : type=1325 audit(0.0:268): table=filter family=2 entries=78
12-20 05:47:38.513  3054  3477 I iptables: iptables: Index of insertion too big.
12-20 05:47:38.513  3054  3477 I iptables: iptables terminated by exit(1)
12-20 05:47:38.513  3054  3477 E BandwidthController: runIptablesCmd(): res=1 status=256 failed /system/bin/iptables -w -I bw_FORWARD 2 -i rmnet0 --jump bw_costly_rmnet0
12-20 05:47:38.518  3054  3477 I ip6tables: ip6tables: Index of insertion too big.
12-20 05:47:38.518  3054  3477 I ip6tables: ip6tables terminated by exit(1)
12-20 05:47:38.518  3054  3477 E BandwidthController: runIptablesCmd(): res=1 status=256 failed /system/bin/ip6tables -w -I bw_FORWARD 2 -i rmnet0 --jump bw_costly_rmnet0
12-20 05:47:38.529  3054  3477 E BandwidthController: Failed set quota rule
12-20 05:47:38.529  3054  3477 E BandwidthController: No such iface rmnet0 to delete
12-20 05:47:38.530  3376  3503 E NetworkPolicy: problem setting interface quota
12-20 05:47:38.530  3376  3503 E NetworkPolicy: java.lang.IllegalStateException: command '54 bandwidth setiquota rmnet0 9223372036854775807' failed with '400 54 Bandwidth command failed'
12-20 05:47:38.530  3376  3503 E NetworkPolicy: 	at com.android.server.NetworkManagementService.setInterfaceQuota(NetworkManagementService.java:1717)
12-20 05:47:38.530  3376  3503 E NetworkPolicy: 	at com.android.server.net.NetworkPolicyManagerService.setInterfaceQuota(NetworkPolicyManagerService.java:2567)
12-20 05:47:38.530  3376  3503 E NetworkPolicy: 	at com.android.server.net.NetworkPolicyManagerService.updateNetworkRulesLocked(NetworkPolicyManagerService.java:1314)
12-20 05:47:38.530  3376  3503 E NetworkPolicy: 	at com.android.server.net.NetworkPolicyManagerService$14.onReceive(NetworkPolicyManagerService.java:1138)
12-20 05:47:38.530  3376  3503 E NetworkPolicy: 	at android.app.LoadedApk$ReceiverDispatcher$Args.run(LoadedApk.java:882)
12-20 05:47:38.530  3376  3503 E NetworkPolicy: 	at android.os.Handler.handleCallback(Handler.java:739)
12-20 05:47:38.530  3376  3503 E NetworkPolicy: 	at android.os.Handler.dispatchMessage(Handler.java:95)
12-20 05:47:38.530  3376  3503 E NetworkPolicy: 	at android.os.Looper.loop(Looper.java:148)
12-20 05:47:38.530  3376  3503 E NetworkPolicy: 	at android.os.HandlerThread.run(HandlerThread.java:61)
12-20 05:47:38.530  3376  3503 E NetworkPolicy: Caused by: com.android.server.NativeDaemonConnector$NativeDaemonFailureException: command '54 bandwidth setiquota rmnet0 9223372036854775807' failed with '400 54 Bandwidth command failed'
12-20 05:47:38.530  3376  3503 E NetworkPolicy: 	at com.android.server.NativeDaemonConnector.executeForList(NativeDaemonConnector.java:444)
12-20 05:47:38.530  3376  3503 E NetworkPolicy: 	at com.android.server.NativeDaemonConnector.execute(NativeDaemonConnector.java:345)
12-20 05:47:38.530  3376  3503 E NetworkPolicy: 	at com.android.server.NativeDaemonConnector.execute(NativeDaemonConnector.java:340)
12-20 05:47:38.530  3376  3503 E NetworkPolicy: 	at com.android.server.NetworkManagementService.setInterfaceQuota(NetworkManagementService.java:1714)
12-20 05:47:38.530  3376  3503 E NetworkPolicy: 	... 8 more
12-20 05:47:38.640  3054  3477 I iptables: iptables: Index of insertion too big.
12-20 05:47:38.640  3054  3477 I iptables: iptables terminated by exit(1)
12-20 05:47:38.640  3054  3477 E BandwidthController: runIptablesCmd(): res=1 status=256 failed /system/bin/iptables -w -I bw_FORWARD 2 -i rmnet0 --jump bw_costly_rmnet0
12-20 05:47:38.645  3054  3477 I ip6tables: ip6tables: Index of insertion too big.
12-20 05:47:38.645  3054  3477 I ip6tables: ip6tables terminated by exit(1)
12-20 05:47:38.646  3054  3477 E BandwidthController: runIptablesCmd(): res=1 status=256 failed /system/bin/ip6tables -w -I bw_FORWARD 2 -i rmnet0 --jump bw_costly_rmnet0
12-20 05:47:38.656  3054  3477 E BandwidthController: Failed set quota rule
12-20 05:47:38.657  3054  3477 E BandwidthController: No such iface rmnet0 to delete
12-20 05:47:38.657  3376  3503 E NetworkPolicy: problem setting interface quota
12-20 05:47:38.657  3376  3503 E NetworkPolicy: java.lang.IllegalStateException: command '55 bandwidth setiquota rmnet0 9223372036854775807' failed with '400 55 Bandwidth command failed'
12-20 05:47:38.657  3376  3503 E NetworkPolicy: 	at com.android.server.NetworkManagementService.setInterfaceQuota(NetworkManagementService.java:1717)
12-20 05:47:38.657  3376  3503 E NetworkPolicy: 	at com.android.server.net.NetworkPolicyManagerService.setInterfaceQuota(NetworkPolicyManagerService.java:2567)
12-20 05:47:38.657  3376  3503 E NetworkPolicy: 	at com.android.server.net.NetworkPolicyManagerService.updateNetworkRulesLocked(NetworkPolicyManagerService.java:1314)
12-20 05:47:38.657  3376  3503 E NetworkPolicy: 	at com.android.server.net.NetworkPolicyManagerService$14.onReceive(NetworkPolicyManagerService.java:1138)
12-20 05:47:38.657  3376  3503 E NetworkPolicy: 	at android.app.LoadedApk$ReceiverDispatcher$Args.run(LoadedApk.java:882)
12-20 05:47:38.657  3376  3503 E NetworkPolicy: 	at android.os.Handler.handleCallback(Handler.java:739)
12-20 05:47:38.657  3376  3503 E NetworkPolicy: 	at android.os.Handler.dispatchMessage(Handler.java:95)
12-20 05:47:38.657  3376  3503 E NetworkPolicy: 	at android.os.Looper.loop(Looper.java:148)
12-20 05:47:38.657  3376  3503 E NetworkPolicy: 	at android.os.HandlerThread.run(HandlerThread.java:61)
12-20 05:47:38.657  3376  3503 E NetworkPolicy: Caused by: com.android.server.NativeDaemonConnector$NativeDaemonFailureException: command '55 bandwidth setiquota rmnet0 9223372036854775807' failed with '400 55 Bandwidth command failed'
12-20 05:47:38.657  3376  3503 E NetworkPolicy: 	at com.android.server.NativeDaemonConnector.executeForList(NativeDaemonConnector.java:444)
12-20 05:47:38.657  3376  3503 E NetworkPolicy: 	at com.android.server.NativeDaemonConnector.execute(NativeDaemonConnector.java:345)
12-20 05:47:38.657  3376  3503 E NetworkPolicy: 	at com.android.server.NativeDaemonConnector.execute(NativeDaemonConnector.java:340)
12-20 05:47:38.657  3376  3503 E NetworkPolicy: 	at com.android.server.NetworkManagementService.setInterfaceQuota(NetworkManagementService.java:1714)
12-20 05:47:38.657  3376  3503 E NetworkPolicy: 	... 8 more
12-20 05:47:38.721  3376  3507 D ConnectivityService: handlePromptUnvalidated 100
12-20 05:47:38.748  3376  4375 I libgps  : OnGpsExtensionMessage: MSG_REQUEST_LOCATION_ID CELL_ID
12-20 05:47:38.748  3065  3065 D gpsd    : WakeLock(Release,GPSD)
12-20 05:47:38.748  3065  3065 D gpsd    : WakeLock(Acquire,GPSD)
12-20 05:47:38.748  3065  3065 D gpsd    : WakeLock(Release,GPSD)
12-20 05:47:39.144  3376  3505 D WifiConfigStore: No blacklist allowed without epno enabled
12-20 05:47:39.146  3376  3507 D ConnectivityService: notifyType CAP_CHANGED for NetworkAgentInfo [WIFI () - 101]
12-20 05:47:39.146  3376  3505 D WifiStateMachine: WifiStateMachine: Leaving Connected state
12-20 05:47:39.147  3376  3505 D WifiNetworkAgent: NetworkAgent: Received signal strength thresholds: []
12-20 05:47:39.148  3376  3505 D WifiNative-HAL: stopRssiMonitoring, cmdId 0
12-20 05:47:39.153  3992  3992 V ConfigResourceUtil: resourceName = config_spn_display_control resourceId = 2130837514resourceValue = false
12-20 05:47:39.155  3376  4052 D AlarmManagerService: Kernel timezone updated to 180 minutes west of GMT
12-20 05:47:39.159  3376  3507 D ConnectivityService: notifyType CAP_CHANGED for NetworkAgentInfo [MOBILE (HSPA+) - 100]
12-20 05:47:39.160  4343  4343 D CellBroadcastReceiver: onReceive Intent { act=android.intent.action.SERVICE_STATE flg=0x10 cmp=com.android.cellbroadcastreceiver/.CellBroadcastReceiver (has extras) }
12-20 05:47:39.160  4343  4343 D CellBroadcastReceiver: Intent ACTION_SERVICE_STATE_CHANGED
12-20 05:47:39.160  4343  4343 D CellBroadcastReceiver: subscriptionId = 1
12-20 05:47:39.162  3376  3507 D ConnectivityService: notifyType IP_CHANGED for NetworkAgentInfo [MOBILE (HSUPA) - 100]
12-20 05:47:39.166  4343  4343 D CellBroadcastReceiver: Service state changed! 0 Full: 0 0 voice home data home PERSONAL AR TP 72234 PERSONAL AR TP 72234  UMTS HSUPA CSS not supported -1 -1 RoamInd=-1 DefRoamInd=-1 EmergOnly=false IsDataRoamingFromRegistration=false Current state=1
12-20 05:47:39.184  4343  4830 D CellBroadcastConfigService: enabling emergency cell broadcast channels
12-20 05:47:39.187  3992  4006 D IccSmsInterfaceManager: [IccSmsInterfaceManager] enableGsmBroadcastRange
12-20 05:47:39.188  3992  4006 D IccSmsInterfaceManager: [IccSmsInterfaceManager] Added GSM cell broadcast subscription for MID range 4352 to 4354 from client com.android.cellbroadcastreceiver
12-20 05:47:39.188  3992  4006 D IccSmsInterfaceManager: [IccSmsInterfaceManager] Calling setCellBroadcastActivation(true)
12-20 05:47:39.192  3992  4370 D IccSmsInterfaceManager: [IccSmsInterfaceManager] enableGsmBroadcastRange
12-20 05:47:39.192  3992  4370 D IccSmsInterfaceManager: [IccSmsInterfaceManager] Added GSM cell broadcast subscription for MID range 4356 to 4356 from client com.android.cellbroadcastreceiver
12-20 05:47:39.192  3992  4370 D IccSmsInterfaceManager: [IccSmsInterfaceManager] Calling setCellBroadcastActivation(true)
12-20 05:47:39.195  3992  4258 D IccSmsInterfaceManager: [IccSmsInterfaceManager] enableGsmBroadcastRange
12-20 05:47:39.195  3992  4258 D IccSmsInterfaceManager: [IccSmsInterfaceManager] Added GSM cell broadcast subscription for MID range 4371 to 4372 from client com.android.cellbroadcastreceiver
12-20 05:47:39.195  3992  4258 D IccSmsInterfaceManager: [IccSmsInterfaceManager] Calling setCellBroadcastActivation(true)
12-20 05:47:39.198  3992  4299 D IccSmsInterfaceManager: [IccSmsInterfaceManager] enableCdmaBroadcastRange
12-20 05:47:39.198  3992  4299 D IccSmsInterfaceManager: [IccSmsInterfaceManager] Calling setCdmaBroadcastConfig with 1 configurations
12-20 05:47:39.199  3992  4299 D IccSmsInterfaceManager: [IccSmsInterfaceManager] Failed to add cdma broadcast subscription for MID range 4097 to 4097 from client com.android.cellbroadcastreceiver
12-20 05:47:39.200  3992  4007 D IccSmsInterfaceManager: [IccSmsInterfaceManager] enableGsmBroadcastRange
12-20 05:47:39.201  3992  4007 D IccSmsInterfaceManager: [IccSmsInterfaceManager] Added GSM cell broadcast subscription for MID range 4373 to 4378 from client com.android.cellbroadcastreceiver
12-20 05:47:39.201  3992  4007 D IccSmsInterfaceManager: [IccSmsInterfaceManager] Calling setCellBroadcastActivation(true)
12-20 05:47:39.205  3992  4423 D IccSmsInterfaceManager: [IccSmsInterfaceManager] enableCdmaBroadcastRange
12-20 05:47:39.206  3992  4423 D IccSmsInterfaceManager: [IccSmsInterfaceManager] Calling setCdmaBroadcastConfig with 1 configurations
12-20 05:47:39.207  3992  4423 D IccSmsInterfaceManager: [IccSmsInterfaceManager] Failed to add cdma broadcast subscription for MID range 4098 to 4098 from client com.android.cellbroadcastreceiver
12-20 05:47:39.208  3992  4422 D IccSmsInterfaceManager: [IccSmsInterfaceManager] enableGsmBroadcastRange
12-20 05:47:39.209  3992  4422 D IccSmsInterfaceManager: [IccSmsInterfaceManager] Added GSM cell broadcast subscription for MID range 4379 to 4379 from client com.android.cellbroadcastreceiver
12-20 05:47:39.209  3992  4422 D IccSmsInterfaceManager: [IccSmsInterfaceManager] Calling setCellBroadcastActivation(true)
12-20 05:47:39.211  3992  4419 D IccSmsInterfaceManager: [IccSmsInterfaceManager] enableCdmaBroadcastRange
12-20 05:47:39.212  3992  4419 D IccSmsInterfaceManager: [IccSmsInterfaceManager] Calling setCdmaBroadcastConfig with 1 configurations
12-20 05:47:39.213  3992  4419 D IccSmsInterfaceManager: [IccSmsInterfaceManager] Failed to add cdma broadcast subscription for MID range 4099 to 4099 from client com.android.cellbroadcastreceiver
12-20 05:47:39.215  3992  4424 D IccSmsInterfaceManager: [IccSmsInterfaceManager] enableGsmBroadcastRange
12-20 05:47:39.215  3992  4424 D IccSmsInterfaceManager: [IccSmsInterfaceManager] Added GSM cell broadcast subscription for MID range 4380 to 4382 from client com.android.cellbroadcastreceiver
12-20 05:47:39.215  3992  4424 D IccSmsInterfaceManager: [IccSmsInterfaceManager] Calling setCellBroadcastActivation(true)
12-20 05:47:39.218  3992  4006 D IccSmsInterfaceManager: [IccSmsInterfaceManager] enableCdmaBroadcastRange
12-20 05:47:39.219  3992  4006 D IccSmsInterfaceManager: [IccSmsInterfaceManager] Calling setCdmaBroadcastConfig with 1 configurations
12-20 05:47:39.221  3992  4006 D IccSmsInterfaceManager: [IccSmsInterfaceManager] Failed to add cdma broadcast subscription for MID range 4100 to 4100 from client com.android.cellbroadcastreceiver
12-20 05:47:39.223  3992  4370 D IccSmsInterfaceManager: [IccSmsInterfaceManager] enableGsmBroadcastRange
12-20 05:47:39.223  3992  4370 D IccSmsInterfaceManager: [IccSmsInterfaceManager] Added GSM cell broadcast subscription for MID range 4393 to 4395 from client com.android.cellbroadcastreceiver
12-20 05:47:39.223  3992  4370 D IccSmsInterfaceManager: [IccSmsInterfaceManager] Calling setCellBroadcastActivation(true)
12-20 05:47:39.224  4343  4830 D CellBroadcastConfigService: enabled emergency cell broadcast channels
12-20 05:47:39.226  3992  4258 D IccSmsInterfaceManager: [IccSmsInterfaceManager] enableGsmBroadcastRange
12-20 05:47:39.227  3992  4258 D IccSmsInterfaceManager: [IccSmsInterfaceManager] Added GSM cell broadcast subscription for MID range 4370 to 4370 from client com.android.cellbroadcastreceiver
12-20 05:47:39.227  3992  4258 D IccSmsInterfaceManager: [IccSmsInterfaceManager] Calling setCellBroadcastActivation(true)
12-20 05:47:39.230  3992  4299 D IccSmsInterfaceManager: [IccSmsInterfaceManager] enableCdmaBroadcastRange
12-20 05:47:39.230  3992  4299 D IccSmsInterfaceManager: [IccSmsInterfaceManager] Calling setCdmaBroadcastConfig with 1 configurations
12-20 05:47:39.231  3992  4299 D IccSmsInterfaceManager: [IccSmsInterfaceManager] Failed to add cdma broadcast subscription for MID range 4096 to 4096 from client com.android.cellbroadcastreceiver
12-20 05:47:39.233  3992  4007 D IccSmsInterfaceManager: [IccSmsInterfaceManager] enableGsmBroadcastRange
12-20 05:47:39.234  3992  4007 D IccSmsInterfaceManager: [IccSmsInterfaceManager] Added GSM cell broadcast subscription for MID range 4383 to 4383 from client com.android.cellbroadcastreceiver
12-20 05:47:39.234  3992  4007 D IccSmsInterfaceManager: [IccSmsInterfaceManager] Calling setCellBroadcastActivation(true)
12-20 05:47:39.235  4343  4830 D CellBroadcastConfigService: disabling cell broadcast channel 50
12-20 05:47:39.238  3992  4423 D IccSmsInterfaceManager: [IccSmsInterfaceManager] disableGsmBroadcastRange
12-20 05:47:39.239  3992  4423 D IccSmsInterfaceManager: [IccSmsInterfaceManager] Failed to remove GSM cell broadcast subscription for MID range 50 to 50 from client com.android.cellbroadcastreceiver
12-20 05:47:39.239  4343  4830 D CellBroadcastConfigService: disabling cell broadcast channel 60
12-20 05:47:39.240  3992  4422 D IccSmsInterfaceManager: [IccSmsInterfaceManager] disableGsmBroadcastRange
12-20 05:47:39.240  3992  4422 D IccSmsInterfaceManager: [IccSmsInterfaceManager] Failed to remove GSM cell broadcast subscription for MID range 60 to 60 from client com.android.cellbroadcastreceiver
12-20 05:47:39.241  4343  4830 D CellBroadcastConfigService: disabled cell broadcast channel 60
12-20 05:47:39.242  4343  4830 D CellBroadcastConfigService: disabling channels 919-928
12-20 05:47:39.243  3992  4006 D IccSmsInterfaceManager: [IccSmsInterfaceManager] disableGsmBroadcastRange
12-20 05:47:39.244  3992  4006 D IccSmsInterfaceManager: [IccSmsInterfaceManager] Failed to remove GSM cell broadcast subscription for MID range 919 to 928 from client com.android.cellbroadcastreceiver
12-20 05:47:39.245  4343  4830 D CellBroadcastConfigService: disabling cell broadcast ETWS test messages
12-20 05:47:39.247  3992  4299 D IccSmsInterfaceManager: [IccSmsInterfaceManager] disableGsmBroadcastRange
12-20 05:47:39.247  3992  4299 D IccSmsInterfaceManager: [IccSmsInterfaceManager] Failed to remove GSM cell broadcast subscription for MID range 4355 to 4355 from client com.android.cellbroadcastreceiver
12-20 05:47:40.900  3376  3395 W InputMethodManagerService: Window already focused, ignoring focus gain of: com.android.internal.view.IInputMethodClient$Stub$Proxy@96fd05c attribute=null, token = android.os.BinderProxy@3a995a5
12-20 05:47:40.921  3581  3581 D PhoneStatusBar: disable: < expand icons* alerts system_info* back home recent clock search quick_settings >
12-20 05:47:40.959  3581  4114 D mali_winsys: EGLint new_window_surface(egl_winsys_display*, void*, EGLSurface, EGLConfig, egl_winsys_surface**, egl_color_buffer_format*, EGLBoolean) returns 0x3000,  [1440x96]-format:1
12-20 05:47:41.415  3376  3406 I ActivityManager: Waited long enough for: ServiceRecord{141edae u0 com.android.calendar/.alerts.InitAlarmsService}
12-20 05:47:41.488  3376  3406 I ActivityManager: Waited long enough for: ServiceRecord{9a7296b u0 com.android.email/.service.LegacyImapSyncAdapterService}
12-20 05:47:44.383  4656  4656 D cr_Ime  : [InputMethodManagerWrapper.java:59] isActive: true
12-20 05:47:44.383  4656  4656 D cr_Ime  : [InputMethodManagerWrapper.java:68] hideSoftInputFromWindow
12-20 05:47:44.415  3932  3932 W SubtypeLocaleUtils: KeyboardLayoutSet not found, use QWERTY: locale=en_AU extraValue=TrySuppressingImeSwitcher,AsciiCapable,SupportTouchPositionCorrection,EmojiCapable
12-20 05:47:44.415  3932  3932 W RichInputMethodSubtype: Can't find emoji subtype
12-20 05:47:44.415  3932  3932 W RichInputMethodSubtype: No input method subtype found; returning dummy subtype: Multi-lingual subtype: android.view.inputmethod.InputMethodSubtype@d78b2ed0, zz
12-20 05:47:44.475  3932  3932 W ViewPager: Requested offscreen page limit 0 too small; defaulting to 1
12-20 05:47:44.478  3932  3932 I LatinIME: Starting input. Cursor position = 0,55
12-20 05:47:44.506  3932  4837 D OpenGLRenderer: Use EGL_SWAP_BEHAVIOR_PRESERVED: true
12-20 05:47:44.542  3932  4837 I OpenGLRenderer: Initialized EGL, version 1.4
12-20 05:47:44.547  3932  4837 D mali_winsys: EGLint new_window_surface(egl_winsys_display*, void*, EGLSurface, EGLConfig, egl_winsys_surface**, egl_color_buffer_format*, EGLBoolean) returns 0x3000,  [1440x2464]-format:1
12-20 05:47:44.582  3932  4849 W         : g2d stretchFimgApi_v5 function does not exist
12-20 05:47:44.586  3932  4849 W         : fimg library or stretchFimgApi_v5 symbol can not be loaded
12-20 05:47:44.590  3932  4849 W         : fimg library or stretchFimgApi_v5 symbol can not be loaded
12-20 05:47:45.323  3932  4849 W         : fimg library or stretchFimgApi_v5 symbol can not be loaded
12-20 05:47:45.354  4656  4656 W IInputConnectionWrapper: endBatchEdit on inactive InputConnection
12-20 05:47:46.165  3376  3507 D ConnectivityService: handlePromptUnvalidated 101
12-20 05:47:46.243  4656  4656 W cr_BindingManager: Cannot call determinedVisibility() - never saw a connection for the pid: 4656
12-20 05:47:46.243  4656  4656 D cr_Ime  : [InputMethodManagerWrapper.java:59] isActive: true
12-20 05:47:46.244  4656  4656 D cr_Ime  : [InputMethodManagerWrapper.java:68] hideSoftInputFromWindow
12-20 05:47:48.795  3593  4059 W MediaScanner: Error opening directory '/oem/media/', skipping: No such file or directory.
12-20 05:47:48.947  4656  4656 W cr_BindingManager: Cannot call determinedVisibility() - never saw a connection for the pid: 4656
12-20 05:47:49.104  4656  4867 W System  : ClassLoader referenced unknown path: /system/framework/tcmclient.jar
12-20 05:47:49.334  4170  4225 E ELEVEN  : calling refresh!
12-20 05:47:50.999  3376  3505 D WifiStateMachine: L2Connected CMD_START_SCAN source -2 3, 5 -> obsolete
12-20 05:47:52.202  4656  4656 W browser : Console: Deferred long-running timer task(s) to improve scrolling smoothness. See crbug.com/574343. https://www.google.com.ar/maps/@-38.341656,-63.28125,3z:0
12-20 05:47:52.242  4656  4656 D cr_Ime  : [InputMethodManagerWrapper.java:59] isActive: true
12-20 05:47:52.242  4656  4656 D cr_Ime  : [InputMethodManagerWrapper.java:68] hideSoftInputFromWindow
12-20 05:47:52.250  3065  3065 D gpsd    : WakeLock(Acquire,GPSD)
12-20 05:47:52.250  3065  3065 D gpsd    : WakeLock(Release,GPSD)
12-20 05:47:52.251  3065  3065 D gpsd    : WakeLock(Acquire,GPSD)
12-20 05:47:52.251  3065  3065 D gpsd    : WakeLock(Release,GPSD)
12-20 05:47:52.251  3065  3065 D gpsd    : WakeLock(Acquire,GPSD)
12-20 05:47:52.252  3376  4375 I BRCM    : Changing the system log level (6 => 2)
12-20 05:47:52.252  3376  4375 D libgps  : OnGpsExtensionMessage: message_id(6), data(0x0), size(0)
12-20 05:47:52.252  3065  3065 D gpsd    : WakeLock(Acquire,SUPL)
12-20 05:47:52.253  3376  4375 D libgps  : OnGpsExtensionMessage: message_id(4), data(0x0), size(0)
12-20 05:47:52.253  3376  4375 D libgps  : proxy__agps_ril_request_refloc_cb: refLocationSaved(0), time1(43687), time2(30182)
12-20 05:47:52.271  3376  4375 D libgps  : proxy__agps_ril_set_ref_location: agps_reflocation->type(2), refLocationInfo.refLocationSaved(0)
12-20 05:47:52.271  3376  4375 D libgps  : proxy__agps_ril_set_ref_location: type(2), mcc(722), mnc(34), cid(2486066824), psc(25014), lac(1896) 
12-20 05:47:52.271  3376  4375 I libgps  : OnGpsExtensionMessage: MSG_REQUEST_LOCATION_ID CELL_ID
12-20 05:47:52.556  3065  3065 D gpsd    : CALL_SENTRY(main()): GlEngine::OnStart took 301 ms (from 43689 to 43990) (logOverhead=0,0,0,0,0,0,0), start: 05:47:52.255
12-20 05:47:52.568  3065  3065 D gpsd    : CALL_SENTRY(main()): marshal_gps_start took 317 ms (from 43686 to 44003) (logOverhead=0,0,0,0,0,0,0), start: 05:47:52.251
12-20 05:47:52.568  3065  3065 D gpsd    : CALL_SENTRY(main()): ProcessEvent took 317 ms (from 43686 to 44003) (logOverhead=0,0,0,0,0,0,0), start: 05:47:52.251
12-20 05:47:52.572  3376  4375 D libgps  : OnGpsExtensionMessage: message_id(11), data(0x7f79fb0dc4), size(4)
12-20 05:47:52.572  3376  4375 D libgps  : [OnGpsExtensionMessage] Received: MSG_SET_LOG_LEVEL(2)
12-20 05:47:52.572  3376  4375 D libgps  : OnGpsExtensionMessage: message_id(6), data(0x0), size(0)
12-20 05:47:52.768  3065  3065 D gpsd    : WakeLock(Release,SUPL)
12-20 05:47:52.827  3376  4375 D libgps  : OnGpsExtensionMessage: message_id(4), data(0x0), size(0)
12-20 05:47:52.827  3376  4375 D libgps  : proxy__agps_ril_request_refloc_cb: refLocationSaved(1), time1(44262), time2(43706)
12-20 05:47:52.827  3376  4375 D libgps  : proxy__agps_ril_set_ref_location: agps_reflocation->type(2), refLocationInfo.refLocationSaved(1)
12-20 05:47:52.827  3376  4375 D libgps  : proxy__agps_ril_set_ref_location: type(2), mcc(722), mnc(34), cid(2486066824), psc(25014), lac(1896) 
12-20 05:47:52.828  3376  4375 I libgps  : OnGpsExtensionMessage: MSG_REQUEST_LOCATION_ID CELL_ID
12-20 05:47:53.260  3065  3065 D wrapperGPS: wrapperisConnected_RILD
12-20 05:47:53.260  3065  3065 D wrapperGPS: wrapperInvokeOemRequestHookRaw
12-20 05:47:53.260  3065  3065 D wrapperGPS: SendOemRequestGpsFreqAiding, len(5), enable(1)
12-20 05:47:53.260  3065  3065 D wrapperGPS: wrapperSendInvokeOemRequestHookRaw, totalLen 13, ipcLen 8
12-20 05:47:53.261  3065  3466 D wrapperGPS: onRawReqComplete, 
12-20 05:47:53.264  3065  3466 D wrapperGPS: onUnsol: sub_id(01)
12-20 05:47:53.264  3065  3466 D wrapperGPS: onUnsol: Undefined IPC sub id: 01
12-20 05:47:53.268  3065  3065 D gpsd    : $PGLOR,0,RID,47531,60,19,20,263294*35
12-20 05:47:53.269  3376  4375 D libgps  : OnGpsExtensionMessage: message_id(1), data(0x7f7ab22044), size(2728)
12-20 05:47:53.269  3376  4375 D libgps  : GpsiHook: API: gpsSvStatusCb(GpsiHookStateGps: e,c,g)
12-20 05:47:53.269  3376  4375 D libgps  : proxy__gps_sv_status_cb : called
12-20 05:47:53.272  4053  4053 I Binder_B: type=1400 audit(0.0:290): avc: denied { read } for name="batch_io" dev="tmpfs" ino=3633 scontext=u:r:system_server:s0 tcontext=u:object_r:device:s0 tclass=chr_file permissive=1
12-20 05:47:53.272  4053  4053 I Binder_B: type=1400 audit(0.0:290): avc: denied { open } for path="/dev/batch_io" dev="tmpfs" ino=3633 scontext=u:r:system_server:s0 tcontext=u:object_r:device:s0 tclass=chr_file permissive=1
12-20 05:47:53.272  4053  4053 W Binder_B: type=1300 audit(0.0:290): arch=c00000b7 syscall=56 success=yes exit=223 a0=ffffff9c a1=7f82ea7528 a2=0 a3=0 items=0 ppid=3067 auid=4294967295 uid=1000 gid=1000 euid=1000 suid=1000 fsuid=1000 egid=1000 sgid=1000 fsgid=1000 tty=(none) ses=4294967295 exe="/system/bin/app_process64" subj=u:r:system_server:s0 key=(null)
12-20 05:47:53.272  2950  2950 W auditd  : type=1327 audit(0.0:290): proctitle="system_server"
12-20 05:47:53.272  2950  2950 W auditd  : type=1320 audit(0.0:290): 
12-20 05:47:53.272  4053  4053 I Binder_B: type=1400 audit(0.0:291): avc: denied { ioctl } for path="/dev/batch_io" dev="tmpfs" ino=3633 ioctlcmd=fc00 scontext=u:r:system_server:s0 tcontext=u:object_r:device:s0 tclass=chr_file permissive=1
12-20 05:47:53.272  4053  4053 W Binder_B: type=1300 audit(0.0:291): arch=c00000b7 syscall=29 success=yes exit=0 a0=df a1=8008fc00 a2=7f78effd68 a3=7f78effd30 items=0 ppid=3067 auid=4294967295 uid=1000 gid=1000 euid=1000 suid=1000 fsuid=1000 egid=1000 sgid=1000 fsgid=1000 tty=(none) ses=4294967295 exe="/system/bin/app_process64" subj=u:r:system_server:s0 key=(null)
12-20 05:47:53.272  2950  2950 W auditd  : type=1327 audit(0.0:291): proctitle="system_server"
12-20 05:47:53.272  2950  2950 W auditd  : type=1320 audit(0.0:291): 
12-20 05:47:53.293  3065  3466 D wrapperGPS: onUnsol: sub_id(28)
12-20 05:47:53.293  3065  3466 D wrapperGPS: oem_unsol_gps_frequency_aiding, lock_status = 1
12-20 05:47:53.293  3065  3466 D wrapperGPS: GPS_onUnsolicitedResponse, sub_id(37)
12-20 05:47:53.302  3376  3968 I Sensors : Mag old sensor_state 1, new sensor_state : 17 en : 1
12-20 05:47:53.309  3376  4016 I Sensors : UncalGyro old sensor_state 17, new sensor_state : 32785 en : 1
12-20 05:47:53.319  3376  3671 E Sensors : Pressure old sensor_state 32785, new sensor_state : 32817 en : 1
12-20 05:47:53.312  3671  3671 I Binder_6: type=1400 audit(0.0:292): avc: denied { read } for name="baro_delta" dev="sda3" ino=54 scontext=u:r:system_server:s0 tcontext=u:object_r:app_efs_file:s0 tclass=file permissive=1
12-20 05:47:53.312  3671  3671 I Binder_6: type=1400 audit(0.0:292): avc: denied { open } for path="/efs/FactoryApp/baro_delta" dev="sda3" ino=54 scontext=u:r:system_server:s0 tcontext=u:object_r:app_efs_file:s0 tclass=file permissive=1
12-20 05:47:53.326  3376  3486 E Sensors : Sensor : Meta event
12-20 05:47:53.312  3671  3671 W Binder_6: type=1300 audit(0.0:292): arch=c00000b7 syscall=64 success=yes exit=6 a0=df a1=7f7eafdda8 a2=6 a3=7155482c items=0 ppid=3067 auid=4294967295 uid=1000 gid=1000 euid=1000 suid=1000 fsuid=1000 egid=1000 sgid=1000 fsgid=1000 tty=(none) ses=4294967295 exe="/system/bin/app_process64" subj=u:r:system_server:s0 key=(null)
12-20 05:47:53.312  2950  2950 W auditd  : type=1327 audit(0.0:292): proctitle="system_server"
12-20 05:47:53.312  2950  2950 W auditd  : type=1320 audit(0.0:292): 
12-20 05:47:54.224  3376  4375 D libgps  : OnGpsExtensionMessage: message_id(1), data(0x7f7ab22044), size(2728)
12-20 05:47:54.224  3376  4375 D libgps  : GpsiHook: API: gpsSvStatusCb(GpsiHookStateGps: e,c,g)
12-20 05:47:54.224  3376  4375 D libgps  : proxy__gps_sv_status_cb : called
12-20 05:47:54.419  3065  3065 D wrapperGPS: wrapperisConnected_RILD
