12-27 00:41:04.080  3351  3351 I SystemServer: StartBackgroundDexOptService
12-27 00:41:04.080  3351  3479 D AssetAtlas: Loaded configuration: SliceMinArea (1856x1152) flags=0x2 count=98
12-27 00:41:04.081  3351  3351 I SystemServiceManager: Starting com.android.server.pm.ShortcutService$Lifecycle
12-27 00:41:04.092  3351  3452 D EventHub: No input device configuration file found for device 'light_sensor'.
12-27 00:41:04.102  3351  3351 I SystemServiceManager: Starting com.android.server.pm.LauncherAppsService
12-27 00:41:04.104  3351  3351 I SystemServiceManager: Starting com.android.server.media.projection.MediaProjectionManagerService
12-27 00:41:04.113  3351  3351 V MediaRouter: Adding route: RouteInfo{ name=Phone, description=null, status=null, category=RouteCategory{ name=null types=ROUTE_TYPE_LIVE_AUDIO ROUTE_TYPE_LIVE_VIDEO  groupable=false }, supportedTypes=ROUTE_TYPE_LIVE_AUDIO ROUTE_TYPE_LIVE_VIDEO , presentationDisplay=null }
12-27 00:41:04.115  3351  3351 V MediaRouter: Updating audio routes: AudioRoutesInfo{ type=SPEAKER }
12-27 00:41:04.116  3351  3351 V MediaRouter: Selecting route: RouteInfo{ name=Phone, description=null, status=null, category=RouteCategory{ name=null types=ROUTE_TYPE_LIVE_AUDIO ROUTE_TYPE_LIVE_VIDEO  groupable=false }, supportedTypes=ROUTE_TYPE_LIVE_AUDIO ROUTE_TYPE_LIVE_VIDEO , presentationDisplay=null }
12-27 00:41:04.122  3351  3479 D AssetAtlas: Rendered atlas in 39.10ms (31.61+7.49ms)
12-27 00:41:04.156  3351  3351 I SyncManager: No initial accounts
12-27 00:41:04.156  3351  3351 I SyncManager: No initial status
12-27 00:41:04.156  3351  3351 I SyncManager: No initial statistics
12-27 00:41:04.162  3351  3452 D EventHub: No input device configuration file found for device 'grip_sensor'.
12-27 00:41:04.212  3351  3452 D EventHub: No input device configuration file found for device 'uv_sensor'.
12-27 00:41:04.332  3351  3452 D EventHub: No input device configuration file found for device 'hrmled_sensor'.
12-27 00:41:04.372  3351  3452 D EventHub: No input device configuration file found for device 'hrm_sensor'.
12-27 00:41:04.411  3351  3452 E EventHub: could not get driver version for /dev/input/mice, Not a typewriter
12-27 00:41:04.492  3351  3452 W EventHub: Unable to disable kernel key repeat for /dev/input/event1: Function not implemented
12-27 00:41:04.492  3351  3452 I EventHub: New device: id=16, fd=161, path='/dev/input/event1', name='sec_touchscreen', classes=0x15, configuration='/system/usr/idc/sec_touchscreen.idc', keyLayout='/system/usr/keylayout/Generic.kl', keyCharacterMap='/system/usr/keychars/Generic.kcm', builtinKeyboard=false, wakeMechanism=EPOLLWAKEUP, usingClockIoctl=true
12-27 00:41:04.492  3351  3452 D EventHub: No input device configuration file found for device 'gpio_keys'.
12-27 00:41:04.493  3351  3452 W EventHub: Unable to disable kernel key repeat for /dev/input/event17: Function not implemented
12-27 00:41:04.493  3351  3452 I EventHub: New device: id=17, fd=162, path='/dev/input/event17', name='gpio_keys', classes=0x1, configuration='', keyLayout='/system/usr/keylayout/Generic.kl', keyCharacterMap='/system/usr/keychars/Generic.kcm', builtinKeyboard=false, wakeMechanism=EPOLLWAKEUP, usingClockIoctl=true
12-27 00:41:04.493  3351  3452 D EventHub: No input device configuration file found for device 'Headset'.
12-27 00:41:04.495  3351  3452 W EventHub: Unable to disable kernel key repeat for /dev/input/event16: Function not implemented
12-27 00:41:04.495  3351  3452 I EventHub: New device: id=18, fd=163, path='/dev/input/event16', name='Headset', classes=0x1, configuration='', keyLayout='/system/usr/keylayout/Generic.kl', keyCharacterMap='/system/usr/keychars/Generic.kcm', builtinKeyboard=false, wakeMechanism=EPOLLWAKEUP, usingClockIoctl=true
12-27 00:41:04.495  3351  3452 D EventHub: No input device configuration file found for device 'sec_touchkey'.
12-27 00:41:04.505  3351  3452 W EventHub: Unable to disable kernel key repeat for /dev/input/event0: Function not implemented
12-27 00:41:04.505  3351  3452 I EventHub: New device: id=19, fd=164, path='/dev/input/event0', name='sec_touchkey', classes=0x1, configuration='', keyLayout='/system/usr/keylayout/sec_touchkey.kl', keyCharacterMap='/system/usr/keychars/Generic.kcm', builtinKeyboard=false, wakeMechanism=EPOLLWAKEUP, usingClockIoctl=true
12-27 00:41:04.505  3351  3452 D EventHub: No input device configuration file found for device 'hall'.
12-27 00:41:04.562  3041  3041 D wrapperGPS: wrapperConnect_RILD
12-27 00:41:04.599  3351  3452 I InputReader: Device added: id=-1, name='Virtual', sources=0x00000301
12-27 00:41:04.599  3351  3452 I InputReader: Device added: id=19, name='sec_touchkey', sources=0x00000101
12-27 00:41:04.599  3351  3452 I InputReader: Device added: id=18, name='Headset', sources=0x00000101
12-27 00:41:04.599  3351  3452 I InputReader: Device added: id=17, name='gpio_keys', sources=0x00000101
12-27 00:41:04.599  3351  3452 W InputReader: Invalid value for touch.size.calibration: 'normalized'
12-27 00:41:04.600  3351  3452 I InputReader:   Touch device 'sec_touchscreen' could not query the properties of its associated display.  The device will be inoperable until the display size becomes available.
12-27 00:41:04.600  3351  3452 I InputReader: Device added: id=16, name='sec_touchscreen', sources=0x00001103
12-27 00:41:04.600  3351  3452 I InputReader: Reconfiguring input devices.  changes=0x00000004
12-27 00:41:04.600  3351  3452 I InputReader: Device reconfigured: id=16, name='sec_touchscreen', size 1440x2560, orientation 0, mode 1, display id 0
12-27 00:41:04.600  3351  3451 I ActivityManager: Config changes=8 {1.0 ?mcc?mnc [en_US] ldltr sw360dp w360dp h616dp 640dpi nrml long port finger -keyb/h/h -nav/h s.5}
12-27 00:41:04.604  3351  3351 I WindowManager: SAFE MODE not enabled
12-27 00:41:04.605  3351  3351 I SystemServiceManager: Starting com.android.server.MmsServiceBroker
12-27 00:41:04.607  3351  3351 I CMSystemServer: Attempting to start service org.cyanogenmod.platform.internal.CMStatusBarManagerService
12-27 00:41:04.609  3351  3351 I CMSystemServer: Starting service org.cyanogenmod.platform.internal.CMStatusBarManagerService
12-27 00:41:04.609  3351  3351 I SystemServiceManager: Starting org.cyanogenmod.platform.internal.CMStatusBarManagerService
12-27 00:41:04.609  3351  3351 D CMStatusBarManagerService: registerCMStatusBar cmstatusbar: org.cyanogenmod.platform.internal.CMStatusBarManagerService@2c5ecd1
12-27 00:41:04.610  3351  3351 I CMSystemServer: Attempting to start service org.cyanogenmod.platform.internal.ProfileManagerService
12-27 00:41:04.613  3351  3351 I CMSystemServer: Starting service org.cyanogenmod.platform.internal.ProfileManagerService
12-27 00:41:04.613  3351  3351 I SystemServiceManager: Starting org.cyanogenmod.platform.internal.ProfileManagerService
12-27 00:41:04.614  3004  3004 E ServiceManager: add_service('profile',6c) uid=1000 - ALREADY REGISTERED, OVERRIDE
12-27 00:41:04.614  3004  3004 I ServiceManager: service 'profile' died
12-27 00:41:04.616  3351  3351 V ProfileTriggerHelper: Enabling
12-27 00:41:04.618  3351  3351 D CMProfileService: Set active profile to: 0230226d-0d05-494a-a9bd-d222a1117655 - Default
12-27 00:41:04.618  3351  3351 D CMProfileService: Saving profile data...
12-27 00:41:04.619  3351  3351 D CMProfileService: Save completed.
12-27 00:41:04.620  3351  3351 I CMSystemServer: Attempting to start service org.cyanogenmod.platform.internal.PartnerInterfaceService
12-27 00:41:04.621  3351  3351 I CMSystemServer: Starting service org.cyanogenmod.platform.internal.PartnerInterfaceService
12-27 00:41:04.621  3351  3351 I SystemServiceManager: Starting org.cyanogenmod.platform.internal.PartnerInterfaceService
12-27 00:41:04.621  3004  3004 E ServiceManager: add_service('cmpartnerinterface',6d) uid=1000 - ALREADY REGISTERED, OVERRIDE
12-27 00:41:04.622  3004  3004 I ServiceManager: service 'cmpartnerinterface' died
12-27 00:41:04.622  3351  3351 I CMSystemServer: Attempting to start service org.cyanogenmod.platform.internal.CMTelephonyManagerService
12-27 00:41:04.623  3351  3351 I CMSystemServer: Starting service org.cyanogenmod.platform.internal.CMTelephonyManagerService
12-27 00:41:04.623  3351  3351 I SystemServiceManager: Starting org.cyanogenmod.platform.internal.CMTelephonyManagerService
12-27 00:41:04.623  3351  3351 I CMSystemServer: Attempting to start service org.cyanogenmod.platform.internal.CMHardwareService
12-27 00:41:04.628  3351  3351 I CMSystemServer: Starting service org.cyanogenmod.platform.internal.CMHardwareService
12-27 00:41:04.628  3351  3351 I SystemServiceManager: Starting org.cyanogenmod.platform.internal.CMHardwareService
12-27 00:41:04.629  3004  3004 E ServiceManager: add_service('cmhardware',6f) uid=1000 - ALREADY REGISTERED, OVERRIDE
12-27 00:41:04.629  3004  3004 I ServiceManager: service 'cmhardware' died
12-27 00:41:04.629  3351  3351 I CMSystemServer: Attempting to start service org.cyanogenmod.platform.internal.AppSuggestManagerService
12-27 00:41:04.630  3351  3351 I CMSystemServer: Starting service org.cyanogenmod.platform.internal.AppSuggestManagerService
12-27 00:41:04.630  3351  3351 I SystemServiceManager: Starting org.cyanogenmod.platform.internal.AppSuggestManagerService
12-27 00:41:04.630  3351  3351 W ServiceWatcher: com.cyanogen.app.suggest not found
12-27 00:41:04.630  3351  3351 E AppSgstMgrService: no app suggest provider found
12-27 00:41:04.631  3351  3351 I CMSystemServer: Attempting to start service org.cyanogenmod.platform.internal.PerformanceManagerService
12-27 00:41:04.636  3351  3504 I ServiceThread: Enabled StrictMode logging for PerformanceManager looper.
12-27 00:41:04.636  3351  3351 I CMSystemServer: Starting service org.cyanogenmod.platform.internal.PerformanceManagerService
12-27 00:41:04.636  3351  3351 I SystemServiceManager: Starting org.cyanogenmod.platform.internal.PerformanceManagerService
12-27 00:41:04.637  3351  3505 I ServiceThread: Enabled StrictMode logging for PerformanceManager looper.
12-27 00:41:04.637  3351  3351 I CMSystemServer: Attempting to start service org.cyanogenmod.platform.internal.ThemeManagerServiceBroker
12-27 00:41:04.639  3351  3351 E BrokerableCMSystemService: Setting brokered service connection org.cyanogenmod.platform.internal.ThemeManagerServiceBroker$2@726bec3
12-27 00:41:04.639  3351  3351 I CMSystemServer: Starting service org.cyanogenmod.platform.internal.ThemeManagerServiceBroker
12-27 00:41:04.639  3351  3351 I SystemServiceManager: Starting org.cyanogenmod.platform.internal.ThemeManagerServiceBroker
12-27 00:41:04.639  3351  3351 E BrokerableCMSystemService: Setting brokered service connection org.cyanogenmod.platform.internal.ThemeManagerServiceBroker$2@770d340
12-27 00:41:04.639  3351  3351 I CMSystemServer: Attempting to start service org.cyanogenmod.platform.internal.IconCacheManagerServiceBroker
12-27 00:41:04.640  3351  3351 E BrokerableCMSystemService: Setting brokered service connection org.cyanogenmod.platform.internal.IconCacheManagerServiceBroker$2@ee7a279
12-27 00:41:04.640  3351  3351 I CMSystemServer: Starting service org.cyanogenmod.platform.internal.IconCacheManagerServiceBroker
12-27 00:41:04.640  3351  3351 I SystemServiceManager: Starting org.cyanogenmod.platform.internal.IconCacheManagerServiceBroker
12-27 00:41:04.640  3351  3351 E BrokerableCMSystemService: Setting brokered service connection org.cyanogenmod.platform.internal.IconCacheManagerServiceBroker$2@eb73bbe
12-27 00:41:04.640  3351  3351 I CMSystemServer: Attempting to start service org.cyanogenmod.platform.internal.LiveLockScreenServiceBroker
12-27 00:41:04.641  3351  3351 E BrokerableCMSystemService: Setting brokered service connection org.cyanogenmod.platform.internal.LiveLockScreenServiceBroker$2@b2c841f
12-27 00:41:04.641  3351  3351 I CMSystemServer: Starting service org.cyanogenmod.platform.internal.LiveLockScreenServiceBroker
12-27 00:41:04.641  3351  3351 I SystemServiceManager: Starting org.cyanogenmod.platform.internal.LiveLockScreenServiceBroker
12-27 00:41:04.641  3351  3351 E BrokerableCMSystemService: Setting brokered service connection org.cyanogenmod.platform.internal.LiveLockScreenServiceBroker$2@12fe36c
12-27 00:41:04.642  3351  3351 I CMSystemServer: Attempting to start service org.cyanogenmod.platform.internal.WeatherManagerServiceBroker
12-27 00:41:04.642  3351  3351 I CMSystemServer: Starting service org.cyanogenmod.platform.internal.WeatherManagerServiceBroker
12-27 00:41:04.642  3351  3351 I SystemServiceManager: Starting org.cyanogenmod.platform.internal.WeatherManagerServiceBroker
12-27 00:41:04.643  3351  3351 I CMSystemServer: Attempting to start service org.cyanogenmod.platform.internal.display.LiveDisplayService
12-27 00:41:04.645  3351  3506 I ServiceThread: Enabled StrictMode logging for LiveDisplay looper.
12-27 00:41:04.646  3351  3351 I CMSystemServer: Starting service org.cyanogenmod.platform.internal.display.LiveDisplayService
12-27 00:41:04.646  3351  3351 I SystemServiceManager: Starting org.cyanogenmod.platform.internal.display.LiveDisplayService
12-27 00:41:04.647  3351  3507 I ServiceThread: Enabled StrictMode logging for LiveDisplay looper.
12-27 00:41:04.648  3351  3351 I CMSystemServer: Attempting to start service org.cyanogenmod.platform.internal.CMAudioServiceBroker
12-27 00:41:04.648  3351  3351 I CMSystemServer: Starting service org.cyanogenmod.platform.internal.CMAudioServiceBroker
12-27 00:41:04.648  3351  3351 I SystemServiceManager: Starting org.cyanogenmod.platform.internal.CMAudioServiceBroker
12-27 00:41:04.648  3351  3351 I SystemServiceManager: Starting com.android.server.retaildemo.RetailDemoModeService
12-27 00:41:04.649  3351  3508 I ServiceThread: Enabled StrictMode logging for RetailDemoModeService looper.
12-27 00:41:04.800  3351  3351 E SQLiteLog: (1) no such table: locksettings
12-27 00:41:04.854  3351  3351 I LockSettingsService: Migrated lock settings to new location
12-27 00:41:04.863  3351  3351 I LockSettingsService: Migrated per-user lock settings to new location
12-27 00:41:04.879  3351  3351 I LockSettingsService: Migrated biometric weak to use the fallback instead
12-27 00:41:04.886  3351  3351 I LockSettingsService: Migrated lockscreen disabled flag
12-27 00:41:04.890  3351  3351 E LockSettingsStorage: Cannot read file java.io.FileNotFoundException: /data/system/gatekeeper.password.key: open failed: ENOENT (No such file or directory)
12-27 00:41:04.890  3351  3351 E LockSettingsStorage: Cannot read file java.io.FileNotFoundException: /data/system/password.key: open failed: ENOENT (No such file or directory)
12-27 00:41:04.890  3351  3351 E LockSettingsStorage: Cannot read file java.io.FileNotFoundException: /data/system/gatekeeper.pattern.key: open failed: ENOENT (No such file or directory)
12-27 00:41:04.890  3351  3351 E LockSettingsStorage: Cannot read file java.io.FileNotFoundException: /data/system/gatekeeper.gesture.key: open failed: ENOENT (No such file or directory)
12-27 00:41:04.891  3351  3351 E LockSettingsStorage: Cannot read file java.io.FileNotFoundException: /data/system/gesture.key: open failed: ENOENT (No such file or directory)
12-27 00:41:04.891  3351  3351 I SystemServiceManager: Starting phase 480
12-27 00:41:04.893  3351  3351 I SystemServiceManager: Starting phase 500
12-27 00:41:04.895  3351  3351 D ConnectivityMetricsLoggerService: onBootPhase: PHASE_SYSTEM_SERVICES_READY
12-27 00:41:04.899  3351  3351 I WifiService: WifiService starting up with Wi-Fi disabled
12-27 00:41:04.900  3351  3351 I WifiScanningService: Starting wifiscanner
12-27 00:41:04.901  3351  3351 I RttService: Registering rttmanager
12-27 00:41:04.902  3351  3351 I EthernetServiceImpl: Starting Ethernet service
12-27 00:41:04.903  3351  3351 D Ethernet: Registering NetworkFactory
12-27 00:41:04.904  3351  3467 D ConnectivityService: Got NetworkFactory Messenger for Ethernet
12-27 00:41:04.904  3351  3510 D Ethernet: got request NetworkRequest [ REQUEST id=1, [ Capabilities: INTERNET&NOT_RESTRICTED&TRUSTED&NOT_VPN] ] with score 0
12-27 00:41:04.907  3351  3351 D ZenLog  : config: cleanUpZenRules,ZenModeConfig[user=0,allowCalls=true,allowRepeatCallers=false,allowMessages=false,allowCallsFrom=contacts,allowMessagesFrom=contacts,allowReminders=true,allowEvents=true,allowWhenScreenOff=true,allowWhenScreenOn=true,automaticRules={852a2fe2ef4c4053a473f50a943bfc2b=ZenRule[enabled=false,snoozing=false,name=Event,zenMode=ZEN_MODE_ALARMS,conditionId=condition://android/event?userId=-10000&calendar=&reply=1,condition=null,component=ComponentInfo{android/com.android.server.notification.EventConditionProvider},id=852a2fe2ef4c4053a473f50a943bfc2b,creationTime=1482799263951,enabler=null], e01ab1190c7446ceb8454f9adb194aaa=ZenRule[enabled=false,snoozing=false,name=Weeknight,zenMode=ZEN_MODE_ALARMS,conditionId=condition://android/schedule?days=1.2.3.4.5&start=22.0&end=7.0&exitAtAlarm=false,condition=null,component=ComponentInfo{android/com.android.server.notification.ScheduleConditionProvider},id=e01ab1190c7446ceb8454f9adb194aaa,creationTime=1482799263950,enabler=null], 343f007be2894dcdad3a962fe5d3ac75=ZenRule[enabled=false,snoozing=false,name=Weekend,zenMode=ZEN_MODE_ALARMS,conditionId=condition://android/schedule?days=6.7&start=23.30&end=10.0&exitAtAlarm=false,condition=null,component=ComponentInfo{android/com.android.server.notification.ScheduleConditionProvider},id=343f007be2894dcdad3a962fe5d3ac75,creationTime=1482799263950,enabler=null]},manualRule=null],Diff[]
12-27 00:41:04.907  3351  3351 D ZenLog  : set_zen_mode: off,onSystemReady
12-27 00:41:04.908  3047  3195 D PermissionCache: checking android.permission.CAPTURE_AUDIO_HOTWORD for uid=1000 => granted (105 us)
12-27 00:41:04.908  3351  3351 W SoundTriggerHelper: listModules status=0, # of modules=0
12-27 00:41:04.908  3351  3351 D ContextHubSystemService: onBootPhase: PHASE_SYSTEM_SERVICES_READY
12-27 00:41:04.952  3351  3351 E SELinux : selinux_android_file_context_handle: Error getting file context handle (No such file or directory)
12-27 00:41:04.953  3351  3351 W ThemeManagerServiceBroker: Cannot stat /data/system/theme/alarms
12-27 00:41:05.013  3351  3351 I DefaultPermGrantPolicy: Granting permissions to platform components for user 0
12-27 00:41:05.013  3351  3351 D VoldConnector: SND -> {4 volume remount_uid 1001 none}
12-27 00:41:05.013  2938  2990 D vold    : Remounting 1001 as mode none
12-27 00:41:05.017  2938  2990 D vold    : Found matching PID 3057
12-27 00:41:05.017  2938  2990 W vold    : Skipping due to root namespace
12-27 00:41:05.017  3351  3454 D VoldConnector: RCV <- {200 4 Command succeeded}
12-27 00:41:05.018  3351  3351 D VoldConnector: SND -> {5 volume remount_uid 1001 none}
12-27 00:41:05.018  2938  2990 D vold    : Remounting 1001 as mode none
12-27 00:41:05.021  2938  2990 D vold    : Found matching PID 3057
12-27 00:41:05.021  2938  2990 W vold    : Skipping due to root namespace
12-27 00:41:05.022  3351  3454 D VoldConnector: RCV <- {200 5 Command succeeded}
12-27 00:41:05.022  3351  3351 D VoldConnector: SND -> {6 volume remount_uid 1027 none}
12-27 00:41:05.022  2938  2990 D vold    : Remounting 1027 as mode none
12-27 00:41:05.026  3351  3454 D VoldConnector: RCV <- {200 6 Command succeeded}
12-27 00:41:05.026  3351  3351 D VoldConnector: SND -> {7 volume remount_uid 1027 none}
12-27 00:41:05.026  2938  2990 D vold    : Remounting 1027 as mode none
12-27 00:41:05.029  3351  3454 D VoldConnector: RCV <- {200 7 Command succeeded}
12-27 00:41:05.030  3351  3351 D VoldConnector: SND -> {8 volume remount_uid 1000 none}
12-27 00:41:05.030  2938  2990 D vold    : Remounting 1000 as mode none
12-27 00:41:05.033  2938  2990 D vold    : Found matching PID 3002
12-27 00:41:05.033  2938  2990 W vold    : Skipping due to root namespace
12-27 00:41:05.033  2938  2990 D vold    : Found matching PID 3004
12-27 00:41:05.033  2938  2990 W vold    : Skipping due to root namespace
12-27 00:41:05.033  2938  2990 D vold    : Found matching PID 3005
12-27 00:41:05.033  2938  2990 W vold    : Skipping due to root namespace
12-27 00:41:05.034  2938  2990 D vold    : Found matching PID 3060
12-27 00:41:05.034  2938  2990 W vold    : Skipping due to root namespace
12-27 00:41:05.034  2938  2990 D vold    : Found matching PID 3351
12-27 00:41:05.182  3351  3454 D VoldConnector: RCV <- {200 8 Command succeeded}
12-27 00:41:05.183  3351  3351 D VoldConnector: SND -> {9 volume remount_uid 1000 none}
12-27 00:41:05.183  2938  2990 D vold    : Remounting 1000 as mode none
12-27 00:41:05.186  2938  2990 D vold    : Found matching PID 3002
12-27 00:41:05.186  2938  2990 W vold    : Skipping due to root namespace
12-27 00:41:05.186  2938  2990 D vold    : Found matching PID 3004
12-27 00:41:05.186  2938  2990 W vold    : Skipping due to root namespace
12-27 00:41:05.186  2938  2990 D vold    : Found matching PID 3005
12-27 00:41:05.186  2938  2990 W vold    : Skipping due to root namespace
12-27 00:41:05.186  2938  2990 D vold    : Found matching PID 3060
12-27 00:41:05.186  2938  2990 W vold    : Skipping due to root namespace
12-27 00:41:05.187  2938  2990 D vold    : Found matching PID 3351
12-27 00:41:05.188  3351  3454 D VoldConnector: RCV <- {200 9 Command succeeded}
12-27 00:41:05.190  3351  3351 D VoldConnector: SND -> {10 volume remount_uid 2000 none}
12-27 00:41:05.190  2938  2990 D vold    : Remounting 2000 as mode none
12-27 00:41:05.193  3351  3454 D VoldConnector: RCV <- {200 10 Command succeeded}
12-27 00:41:05.193  3351  3351 D VoldConnector: SND -> {11 volume remount_uid 2000 none}
12-27 00:41:05.194  2938  2990 D vold    : Remounting 2000 as mode none
12-27 00:41:05.196  3351  3454 D VoldConnector: RCV <- {200 11 Command succeeded}
12-27 00:41:05.197  3351  3351 D VoldConnector: SND -> {12 volume remount_uid 10035 none}
12-27 00:41:05.197  2938  2990 D vold    : Remounting 10035 as mode none
12-27 00:41:05.201  3351  3454 D VoldConnector: RCV <- {200 12 Command succeeded}
12-27 00:41:05.202  3351  3351 D VoldConnector: SND -> {13 volume remount_uid 10035 none}
12-27 00:41:05.202  2938  2990 D vold    : Remounting 10035 as mode none
12-27 00:41:05.205  3351  3454 D VoldConnector: RCV <- {200 13 Command succeeded}
12-27 00:41:05.206  3351  3351 D VoldConnector: SND -> {14 volume remount_uid 1002 none}
12-27 00:41:05.206  2938  2990 D vold    : Remounting 1002 as mode none
12-27 00:41:05.209  3351  3454 D VoldConnector: RCV <- {200 14 Command succeeded}
12-27 00:41:05.210  3351  3351 D VoldConnector: SND -> {15 volume remount_uid 1002 none}
12-27 00:41:05.210  2938  2990 D vold    : Remounting 1002 as mode none
12-27 00:41:05.213  3351  3454 D VoldConnector: RCV <- {200 15 Command succeeded}
12-27 00:41:05.213  3351  3351 I DefaultPermGrantPolicy: Granting permissions to default platform handlers for user 0
12-27 00:41:05.214  3351  3351 W VoiceInteractionManagerService: no available voice interaction services found for user 0
12-27 00:41:05.214  3351  3351 W VoiceInteractionManagerService: no available voice recognition services found for user 0
12-27 00:41:05.225  3351  3379 W KeyguardServiceDelegate: onScreenTurningOn(): no keyguard service!
12-27 00:41:05.233  3351  3377 W LocalDisplayAdapter: Unable to find color mode 0, ignoring request.
12-27 00:41:05.249  3351  3351 D VoldConnector: SND -> {16 volume remount_uid 10025 none}
12-27 00:41:05.249  2938  2990 D vold    : Remounting 10025 as mode none
12-27 00:41:05.253  3351  3454 D VoldConnector: RCV <- {200 16 Command succeeded}
12-27 00:41:05.253  3351  3351 D VoldConnector: SND -> {17 volume remount_uid 10028 none}
12-27 00:41:05.254  2938  2990 D vold    : Remounting 10028 as mode none
12-27 00:41:05.257  3351  3454 D VoldConnector: RCV <- {200 17 Command succeeded}
12-27 00:41:05.257  3351  3351 D VoldConnector: SND -> {18 volume remount_uid 10028 none}
12-27 00:41:05.257  2938  2990 D vold    : Remounting 10028 as mode none
12-27 00:41:05.260  3351  3454 D VoldConnector: RCV <- {200 18 Command succeeded}
12-27 00:41:05.261  3351  3351 D VoldConnector: SND -> {19 volume remount_uid 10010 none}
12-27 00:41:05.261  2938  2990 D vold    : Remounting 10010 as mode none
12-27 00:41:05.264  3351  3454 D VoldConnector: RCV <- {200 19 Command succeeded}
12-27 00:41:05.264  3351  3351 D VoldConnector: SND -> {20 volume remount_uid 10010 none}
12-27 00:41:05.264  2938  2990 D vold    : Remounting 10010 as mode none
12-27 00:41:05.269  3351  3454 D VoldConnector: RCV <- {200 20 Command succeeded}
12-27 00:41:05.269  3351  3351 D VoldConnector: SND -> {21 volume remount_uid 10013 none}
12-27 00:41:05.270  2938  2990 D vold    : Remounting 10013 as mode none
12-27 00:41:05.274  3351  3454 D VoldConnector: RCV <- {200 21 Command succeeded}
12-27 00:41:05.274  3351  3351 D VoldConnector: SND -> {22 volume remount_uid 10013 none}
12-27 00:41:05.274  2938  2990 D vold    : Remounting 10013 as mode none
12-27 00:41:05.277  3351  3454 D VoldConnector: RCV <- {200 22 Command succeeded}
12-27 00:41:05.279  3351  3351 D VoldConnector: SND -> {23 volume remount_uid 10004 none}
12-27 00:41:05.279  2938  2990 D vold    : Remounting 10004 as mode none
12-27 00:41:05.283  3351  3454 D VoldConnector: RCV <- {200 23 Command succeeded}
12-27 00:41:05.283  3351  3351 D VoldConnector: SND -> {24 volume remount_uid 10004 none}
12-27 00:41:05.283  2938  2990 D vold    : Remounting 10004 as mode none
12-27 00:41:05.286  3351  3454 D VoldConnector: RCV <- {200 24 Command succeeded}
12-27 00:41:05.288  3351  3351 D VoldConnector: SND -> {25 volume remount_uid 10023 none}
12-27 00:41:05.288  2938  2990 D vold    : Remounting 10023 as mode none
12-27 00:41:05.291  3351  3454 D VoldConnector: RCV <- {200 25 Command succeeded}
12-27 00:41:05.291  3351  3351 D VoldConnector: SND -> {26 volume remount_uid 10023 none}
12-27 00:41:05.291  2938  2990 D vold    : Remounting 10023 as mode none
12-27 00:41:05.294  3351  3454 D VoldConnector: RCV <- {200 26 Command succeeded}
12-27 00:41:05.295  3351  3351 D VoldConnector: SND -> {27 volume remount_uid 10047 none}
12-27 00:41:05.295  2938  2990 D vold    : Remounting 10047 as mode none
12-27 00:41:05.298  3351  3454 D VoldConnector: RCV <- {200 27 Command succeeded}
12-27 00:41:05.298  3351  3351 D VoldConnector: SND -> {28 volume remount_uid 10047 none}
12-27 00:41:05.299  2938  2990 D vold    : Remounting 10047 as mode none
12-27 00:41:05.303  3351  3454 D VoldConnector: RCV <- {200 28 Command succeeded}
12-27 00:41:05.304  3351  3351 D VoldConnector: SND -> {29 volume remount_uid 10029 none}
12-27 00:41:05.304  2938  2990 D vold    : Remounting 10029 as mode none
12-27 00:41:05.307  3351  3454 D VoldConnector: RCV <- {200 29 Command succeeded}
12-27 00:41:05.308  3351  3351 D VoldConnector: SND -> {30 volume remount_uid 10029 none}
12-27 00:41:05.308  2938  2990 D vold    : Remounting 10029 as mode none
12-27 00:41:05.311  3351  3454 D VoldConnector: RCV <- {200 30 Command succeeded}
12-27 00:41:05.312  3351  3351 V UserManagerService: Found /data/user_de/0 with serial number -1
12-27 00:41:05.312  3351  3351 D UserManagerService: Serial number missing on /data/user_de/0; assuming current is valid
12-27 00:41:05.312  3351  3351 V UserManagerService: Found /data/user/0 with serial number 0
12-27 00:41:05.312  3351  3351 V UserManagerService: Found /data/system_de/0 with serial number -1
12-27 00:41:05.312  3351  3351 D UserManagerService: Serial number missing on /data/system_de/0; assuming current is valid
12-27 00:41:05.312  3351  3351 W PackageManager: Destroying /data/app/mcRegistry due to: android.content.pm.PackageParser$PackageParserException: Missing base APK in /data/app/mcRegistry
12-27 00:41:05.314  3351  3351 I ActivityManager: System now ready
12-27 00:41:05.316  3351  3351 I SystemServer: Making services ready
12-27 00:41:05.316  3351  3351 I SystemServiceManager: Starting phase 550
12-27 00:41:05.317  3351  3351 D BluetoothManagerService: Bluetooth boot completed
12-27 00:41:05.317  3351  3351 D BluetoothManagerService: Auto-enabling Bluetooth.
12-27 00:41:05.317  3351  3376 D BluetoothManagerService: Message: 1
12-27 00:41:05.317  3351  3376 D BluetoothManagerService: MESSAGE_ENABLE: mBluetooth = null
12-27 00:41:05.329  3351  3376 I Zygote  : Process: zygote socket opened, supported ABIS: arm64-v8a
12-27 00:41:05.339  3351  3376 I Zygote  : Process: zygote socket opened, supported ABIS: armeabi-v7a,armeabi
12-27 00:41:05.340  3044  3044 I art     : Starting a blocking GC Background
12-27 00:41:05.369  3351  3376 W ActivityManager: Slow operation: 51ms so far, now at startProcess: returned from zygote!
12-27 00:41:05.369  3351  3376 W ActivityManager: Slow operation: 51ms so far, now at startProcess: done updating battery stats
12-27 00:41:05.369  3351  3376 W ActivityManager: Slow operation: 51ms so far, now at startProcess: building log message
12-27 00:41:05.369  3351  3376 I ActivityManager: Start proc 3532:com.android.bluetooth/1002 for service com.android.bluetooth/.btservice.AdapterService
12-27 00:41:05.369  3351  3376 W ActivityManager: Slow operation: 52ms so far, now at startProcess: starting to update pids map
12-27 00:41:05.370  3351  3376 W ActivityManager: Slow operation: 52ms so far, now at startProcess: done updating pids map
12-27 00:41:05.370  3351  3376 W ActivityManager: Slow operation: 52ms so far, now at startProcess: done starting proc!
12-27 00:41:05.376  3351  3351 E InputMethodManagerService: Ignoring updateSystemUiLocked due to an invalid token. uid:1000 token:null
12-27 00:41:05.388  3351  3351 W InputMethodManagerService: Reset the default IME as "Resource" is ready here.
12-27 00:41:05.398  3351  3351 I InputMethodManagerService: Default found, using com.android.inputmethod.latin/.LatinIME
12-27 00:41:05.398  3351  3351 W InputMethodManagerService: Illegal subtype state: old subtype = null, new subtype = android.view.inputmethod.InputMethodSubtype@c9194f98
12-27 00:41:05.413  3351  3351 I ActivityManager: Start proc 3547:com.android.inputmethod.latin/u0a69 for service com.android.inputmethod.latin/.LatinIME
12-27 00:41:05.413  3351  3351 V InputMethodManagerService: Adding window token: android.os.Binder@9ea76b2
12-27 00:41:05.413  3351  3453 D MountService: Thinking about init, mSystemReady=true, mDaemonConnected=true
12-27 00:41:05.414  3351  3453 D MountService: Setting up emulation state, initlocked=false
12-27 00:41:05.414  3351  3453 D CryptdConnector: SND -> {2 cryptfs unlock_user_key 0 0 ! !}
12-27 00:41:05.414  2938  2991 D vold    : e4crypt_unlock_user_key 0 serial=0 token_present=0
12-27 00:41:05.414  2938  2991 E vold    : Failed to chmod /data/system_ce/0: No such file or directory
12-27 00:41:05.414  2938  2991 E vold    : Failed to chmod /data/misc_ce/0: No such file or directory
12-27 00:41:05.415  3351  3455 D CryptdConnector: RCV <- {200 2 Command succeeded}
12-27 00:41:05.415  3351  3453 D MountService: Thinking about reset, mSystemReady=true, mDaemonConnected=true
12-27 00:41:05.415  3351  3453 D VoldConnector: SND -> {31 volume reset}
12-27 00:41:05.415  3351  3370 I ActivityManager: Force stopping com.android.providers.media appid=10010 user=-1: vold reset
12-27 00:41:05.415  3351  3351 D UsbAlsaManager: Adding ALSA device AlsaDevice: [card: 0, device: 9, type: 1]
12-27 00:41:05.415  3351  3351 D UsbAlsaManager: Adding ALSA device AlsaDevice: [card: 0, device: 8, type: 1]
12-27 00:41:05.415  3351  3351 D UsbAlsaManager: Adding ALSA device AlsaDevice: [card: 0, device: 7, type: 1]
12-27 00:41:05.415  3351  3351 D UsbAlsaManager: Adding ALSA device AlsaDevice: [card: 0, device: 6, type: 1]
12-27 00:41:05.415  3351  3351 D UsbAlsaManager: Adding ALSA device AlsaDevice: [card: 0, device: 3, type: 1]
12-27 00:41:05.416  3351  3351 D UsbAlsaManager: Adding ALSA device AlsaDevice: [card: 0, device: 2, type: 1]
12-27 00:41:05.416  3351  3351 D UsbAlsaManager: Adding ALSA device AlsaDevice: [card: 0, device: 1, type: 1]
12-27 00:41:05.416  3351  3351 D UsbAlsaManager: Adding ALSA device AlsaDevice: [card: 0, device: 2, type: 2]
12-27 00:41:05.416  3351  3351 D UsbAlsaManager: Adding ALSA device AlsaDevice: [card: 0, device: 0, type: 1]
12-27 00:41:05.416  3351  3351 D UsbAlsaManager: Adding ALSA device AlsaDevice: [card: 0, device: 1, type: 2]
12-27 00:41:05.416  3351  3351 D UsbAlsaManager: Adding ALSA device AlsaDevice: [card: 0, device: 0, type: 2]
12-27 00:41:05.416  3351  3351 W MountService: No primary storage defined yet; hacking together a stub
12-27 00:41:05.416  2938  2990 V vold    : /system/bin/sgdisk
12-27 00:41:05.416  2938  2990 V vold    :     --android-dump
12-27 00:41:05.416  2938  2990 V vold    :     /dev/block/vold/disk:179_0
12-27 00:41:05.416  3351  3376 D BluetoothManagerService: Message: 20
12-27 00:41:05.416  3351  3376 D BluetoothManagerService: Added callback: android.bluetooth.BluetoothAdapter$1@138f1:true
12-27 00:41:05.416  3351  3454 D VoldConnector: RCV <- {651 emulated 7}
12-27 00:41:05.417  3351  3454 D VoldConnector: RCV <- {659 emulated}
12-27 00:41:05.417  3351  3454 D VoldConnector: RCV <- {650 emulated 2 "" ""}
12-27 00:41:05.417  3351  3454 D VoldConnector: RCV <- {654 emulated emulated}
12-27 00:41:05.417  3351  3454 D VoldConnector: RCV <- {651 emulated 0}
12-27 00:41:05.417  3351  3454 D VoldConnector: RCV <- {651 public:179_1 7}
12-27 00:41:05.417  3351  3454 D VoldConnector: RCV <- {659 public:179_1}
12-27 00:41:05.417  3351  3454 D VoldConnector: RCV <- {649 disk:179_0}
12-27 00:41:05.417  3351  3454 D VoldConnector: RCV <- {640 disk:179_0 5}
12-27 00:41:05.417  3351  3454 D VoldConnector: RCV <- {641 disk:179_0 1967128576}
12-27 00:41:05.418  3351  3454 D VoldConnector: RCV <- {642 disk:179_0 Samsung}
12-27 00:41:05.418  3351  3454 D VoldConnector: RCV <- {644 disk:179_0 /sys//devices/15740000.dwmmc2/mmc_host/mmc0/mmc0:0002/block/mmcblk0}
12-27 00:41:05.419  3351  3376 D BluetoothManagerService: Message: 30
12-27 00:41:05.419  3351  3474 D BluetoothManagerService: Creating new ProfileServiceConnections object for profile: 1
12-27 00:41:05.428  3351  3351 I ActivityManager: Start proc 3554:com.android.systemui/u0a35 for service com.android.systemui/.keyguard.KeyguardService
12-27 00:41:05.428  3351  3351 I BrokerableCMSystemService: Connecting to implementation
12-27 00:41:05.428  3351  3351 E BrokerableCMSystemService: Target component lacks cyanogenmod.permission.ACCESS_THEME_MANAGER service permission, failing ComponentInfo{org.cyanogenmod.themeservice/org.cyanogenmod.themeservice.ThemeManagerService}
12-27 00:41:05.428  3351  3351 I SystemServer: WebViewFactory preparation
12-27 00:41:05.429  2990  2990 I vold    : type=1400 audit(0.0:146): avc: denied { create } for name="public:179_1" scontext=u:r:vold:s0 tcontext=u:object_r:block_device:s0 tclass=blk_file permissive=1
12-27 00:41:05.429  2990  2990 W vold    : type=1300 audit(0.0:146): arch=c00000b7 syscall=33 success=yes exit=0 a0=ffffff9c a1=7fb3e28ce0 a2=61b0 a3=b301 items=0 ppid=1 auid=4294967295 uid=0 gid=0 euid=0 suid=0 fsuid=0 egid=0 sgid=0 fsgid=0 tty=(none) ses=4294967295 exe="/system/bin/vold" subj=u:r:vold:s0 key=(null)
12-27 00:41:05.429  2933  2933 W auditd  : type=1327 audit(0.0:146): proctitle=2F73797374656D2F62696E2F766F6C64002D2D626C6B69645F636F6E746578743D753A723A626C6B69643A7330002D2D626C6B69645F756E747275737465645F636F6E746578743D753A723A626C6B69645F756E747275737465643A7330002D2D6673636B5F636F6E746578743D753A723A6673636B3A7330002D2D6673636B
12-27 00:41:05.429  2933  2933 W auditd  : type=1320 audit(0.0:146): 
12-27 00:41:05.430  3351  3376 D BluetoothManagerService: Message: 30
12-27 00:41:05.430  3351  3351 D WebViewFactory: Setting new address space to 118564800
12-27 00:41:05.431  3351  3375 V MountService: Found primary storage at VolumeInfo{emulated}:
12-27 00:41:05.431  3351  3375 V MountService:     type=EMULATED diskId=null partGuid=null mountFlags=0 mountUserId=-1 
12-27 00:41:05.431  3351  3375 V MountService:     state=UNMOUNTED 
12-27 00:41:05.431  3351  3375 V MountService:     fsType=null fsUuid=null fsLabel=null 
12-27 00:41:05.431  3351  3375 V MountService:     path=null internalPath=null 
12-27 00:41:05.431  2938  2990 V vold    : DISK mbr
12-27 00:41:05.431  2938  2990 V vold    : 
12-27 00:41:05.431  2938  2990 V vold    : PART 1 c
12-27 00:41:05.431  2938  2990 V vold    : 
12-27 00:41:05.431  3546  3546 E patchoat: Failed to open output oat file /data/dalvik-cache/arm/system@app@Bluetooth@Bluetooth.apk@classes.dex: Permission denied(13)
12-27 00:41:05.432  3351  3454 D VoldConnector: RCV <- {650 public:179_1 0 "disk:179_0" ""}
12-27 00:41:05.432  3351  3454 D VoldConnector: RCV <- {654 public:179_1 sdcard1}
12-27 00:41:05.433  3351  3454 D VoldConnector: RCV <- {651 public:179_1 0}
12-27 00:41:05.433  3351  3454 D VoldConnector: RCV <- {643 disk:179_0}
12-27 00:41:05.433  3532  3532 W art     : Failed execv(/system/bin/patchoat --instruction-set=arm --input-oat-file=/system/app/Bluetooth/oat/arm/Bluetooth.odex --output-oat-file=/data/dalvik-cache/arm/system@app@Bluetooth@Bluetooth.apk@classes.dex --patched-image-location=/system/framework/boot.art) because non-0 exit status
12-27 00:41:05.433  3351  3454 D VoldConnector: RCV <- {200 31 Command succeeded}
12-27 00:41:05.434  3047  3195 I AudioFlinger: systemReady
12-27 00:41:05.434  3351  3453 D VoldConnector: SND -> {32 volume user_added 0 0}
12-27 00:41:05.435  3351  3454 D VoldConnector: RCV <- {200 32 Command succeeded}
12-27 00:41:05.436  3351  3453 D VoldConnector: SND -> {33 volume mount emulated 3 -1}
12-27 00:41:05.437  3351  3454 D VoldConnector: RCV <- {651 emulated 1}
12-27 00:41:05.437  3351  3454 D VoldConnector: RCV <- {656 emulated /data/media}
12-27 00:41:05.438  3351  3454 D VoldConnector: RCV <- {655 emulated /storage/emulated}
12-27 00:41:05.438  2938  2990 V vold    : Waiting for FUSE to spin up...
12-27 00:41:05.446  3044  3536 I art     : Starting a blocking GC HeapTrim
12-27 00:41:05.452  3574  3574 W sdcard  : Device explicitly disabled sdcardfs
12-27 00:41:05.455  3351  3351 I ActivityManager: Start proc 3582:WebViewLoader-armeabi-v7a/1037 [android.webkit.WebViewFactory$RelroFileCreator] for 
12-27 00:41:05.458  3582  3582 V WebViewFactory: RelroFileCreator (64bit = false),  32-bit lib: /system/app/webview/webview.apk!/lib/armeabi-v7a/libwebviewchromium.so, 64-bit lib: /system/app/webview/webview.apk!/lib/arm64-v8a/libwebviewchromium.so
12-27 00:41:05.465  3351  3579 E WVMExtractor: Failed to open libwvm.so: dlopen failed: library "libwvm.so" not found
12-27 00:41:05.476  3554  3554 W System  : ClassLoader referenced unknown path: /system/priv-app/SystemUI/lib/arm64
12-27 00:41:05.479  3351  3351 I ActivityManager: Start proc 3603:WebViewLoader-arm64-v8a/1037 [android.webkit.WebViewFactory$RelroFileCreator] for 
12-27 00:41:05.481  3351  3351 D NetworkManagement: enabling bandwidth control
12-27 00:41:05.483  3582  3582 I art     : System.exit called, status: 0
12-27 00:41:05.483  3582  3582 I AndroidRuntime: VM exiting with result code 0, cleanup skipped.
12-27 00:41:05.489  3351  3454 D VoldConnector: RCV <- {651 emulated 2}
12-27 00:41:05.489  3351  3454 D VoldConnector: RCV <- {200 33 Command succeeded}
12-27 00:41:05.489  3351  3453 D VoldConnector: SND -> {34 volume mount public:179_1 2 0}
12-27 00:41:05.490  2938  2990 V vold    : /system/bin/blkid
12-27 00:41:05.490  2938  2990 V vold    :     -c
12-27 00:41:05.490  2938  2990 V vold    :     /dev/null
12-27 00:41:05.490  2938  2990 V vold    :     -s
12-27 00:41:05.490  2938  2990 V vold    :     TYPE
12-27 00:41:05.490  2938  2990 V vold    :     -s
12-27 00:41:05.490  2938  2990 V vold    :     UUID
12-27 00:41:05.490  3351  3454 D VoldConnector: RCV <- {651 public:179_1 1}
12-27 00:41:05.490  2938  2990 V vold    :     -s
12-27 00:41:05.490  2938  2990 V vold    :     LABEL
12-27 00:41:05.490  2938  2990 V vold    :     /dev/block/vold/public:179_1
12-27 00:41:05.493  3554  3554 V SystemUIService: Starting SystemUI services for user 0.
12-27 00:41:05.494  3603  3603 V WebViewFactory: RelroFileCreator (64bit = true),  32-bit lib: /system/app/webview/webview.apk!/lib/armeabi-v7a/libwebviewchromium.so, 64-bit lib: /system/app/webview/webview.apk!/lib/arm64-v8a/libwebviewchromium.so
12-27 00:41:05.509  3614  3614 I blkid   : type=1400 audit(0.0:147): avc: denied { read } for name="public:179_1" dev="tmpfs" ino=9514 scontext=u:r:blkid_untrusted:s0 tcontext=u:object_r:block_device:s0 tclass=blk_file permissive=1
12-27 00:41:05.509  3614  3614 I blkid   : type=1400 audit(0.0:147): avc: denied { open } for path="/dev/block/vold/public:179_1" dev="tmpfs" ino=9514 scontext=u:r:blkid_untrusted:s0 tcontext=u:object_r:block_device:s0 tclass=blk_file permissive=1
12-27 00:41:05.509  3614  3614 W blkid   : type=1300 audit(0.0:147): arch=c00000b7 syscall=56 success=yes exit=3 a0=ffffff9c a1=7faec2be80 a2=0 a3=0 items=0 ppid=2938 auid=4294967295 uid=0 gid=0 euid=0 suid=0 fsuid=0 egid=0 sgid=0 fsgid=0 tty=(none) ses=4294967295 exe="/system/bin/blkid" subj=u:r:blkid_untrusted:s0 key=(null)
12-27 00:41:05.509  2933  2933 W auditd  : type=1327 audit(0.0:147): proctitle=2F73797374656D2F62696E2F626C6B6964002D63002F6465762F6E756C6C002D730054595045002D730055554944002D73004C4142454C002F6465762F626C6F636B2F766F6C642F7075626C69633A3137395F31
12-27 00:41:05.509  2933  2933 W auditd  : type=1320 audit(0.0:147): 
12-27 00:41:05.509  3614  3614 I blkid   : type=1400 audit(0.0:148): avc: denied { ioctl } for path="/dev/block/vold/public:179_1" dev="tmpfs" ino=9514 ioctlcmd=1272 scontext=u:r:blkid_untrusted:s0 tcontext=u:object_r:block_device:s0 tclass=blk_file permissive=1
12-27 00:41:05.509  3614  3614 W blkid   : type=1300 audit(0.0:148): arch=c00000b7 syscall=29 success=yes exit=0 a0=3 a1=80081272 a2=7fdd2ee228 a3=0 items=0 ppid=2938 auid=4294967295 uid=0 gid=0 euid=0 suid=0 fsuid=0 egid=0 sgid=0 fsgid=0 tty=(none) ses=4294967295 exe="/system/bin/blkid" subj=u:r:blkid_untrusted:s0 key=(null)
12-27 00:41:05.509  2933  2933 W auditd  : type=1327 audit(0.0:148): proctitle=2F73797374656D2F62696E2F626C6B6964002D63002F6465762F6E756C6C002D730054595045002D730055554944002D73004C4142454C002F6465762F626C6F636B2F766F6C642F7075626C69633A3137395F31
12-27 00:41:05.509  2933  2933 W auditd  : type=1320 audit(0.0:148): 
12-27 00:41:05.509  2933  2933 W auditd  : type=1325 audit(0.0:149): table=filter family=2 entries=68
12-27 00:41:05.509  2933  2933 W auditd  : type=1320 audit(0.0:149): 
12-27 00:41:05.509  2933  2933 W auditd  : type=1325 audit(0.0:150): table=raw family=2 entries=13
12-27 00:41:05.509  2933  2933 W auditd  : type=1320 audit(0.0:150): 
12-27 00:41:05.509  2933  2933 W auditd  : type=1325 audit(0.0:151): table=mangle family=2 entries=17
12-27 00:41:05.509  2933  2933 W auditd  : type=1320 audit(0.0:151): 
12-27 00:41:05.519  2933  2933 W auditd  : type=1325 audit(0.0:152): table=filter family=10 entries=79
12-27 00:41:05.519  2933  2933 W auditd  : type=1320 audit(0.0:152): 
12-27 00:41:05.519  2933  2933 W auditd  : type=1325 audit(0.0:153): table=raw family=10 entries=13
12-27 00:41:05.519  2933  2933 W auditd  : type=1320 audit(0.0:153): 
12-27 00:41:05.519  2933  2933 W auditd  : type=1325 audit(0.0:154): table=mangle family=10 entries=16
12-27 00:41:05.519  2933  2933 W auditd  : type=1320 audit(0.0:154): 
12-27 00:41:05.519  2933  2933 W auditd  : type=1325 audit(0.0:155): table=filter family=2 entries=61
12-27 00:41:05.519  2933  2933 W auditd  : type=1320 audit(0.0:155): 
12-27 00:41:05.519  2933  2933 W auditd  : type=1325 audit(0.0:156): table=raw family=2 entries=12
12-27 00:41:05.519  3554  3554 V MediaRouter: Adding route: RouteInfo{ name=Phone, description=null, status=null, category=RouteCategory{ name=null types=ROUTE_TYPE_LIVE_AUDIO ROUTE_TYPE_LIVE_VIDEO  groupable=false }, supportedTypes=ROUTE_TYPE_LIVE_AUDIO ROUTE_TYPE_LIVE_VIDEO , presentationDisplay=null }
12-27 00:41:05.519  3055  3055 I MediaPlayerService: MediaPlayerService::getOMX
12-27 00:41:05.522  3554  3554 V MediaRouter: Updating audio routes: AudioRoutesInfo{ type=SPEAKER }
12-27 00:41:05.524  3554  3554 V MediaRouter: Selecting route: RouteInfo{ name=Phone, description=null, status=null, category=RouteCategory{ name=null types=ROUTE_TYPE_LIVE_AUDIO ROUTE_TYPE_LIVE_VIDEO  groupable=false }, supportedTypes=ROUTE_TYPE_LIVE_AUDIO ROUTE_TYPE_LIVE_VIDEO , presentationDisplay=null }
12-27 00:41:05.528  3351  3376 D BluetoothManagerService: Message: 400
12-27 00:41:05.544  3603  3603 I art     : System.exit called, status: 0
12-27 00:41:05.544  3603  3603 I AndroidRuntime: VM exiting with result code 0, cleanup skipped.
12-27 00:41:05.545  2938  2990 V vold    : /dev/block/vold/public:179_1: UUID="0BCA-1009" TYPE="vfat" 
12-27 00:41:05.545  2938  2990 V vold    : 
12-27 00:41:05.546  3351  3454 D VoldConnector: RCV <- {652 public:179_1 vfat}
12-27 00:41:05.546  2938  2990 V vold    : /system/bin/fsck_msdos
12-27 00:41:05.546  2938  2990 V vold    :     -p
12-27 00:41:05.546  2938  2990 V vold    :     -f
12-27 00:41:05.546  2938  2990 V vold    :     /dev/block/vold/public:179_1
12-27 00:41:05.547  3351  3454 D VoldConnector: RCV <- {653 public:179_1 0BCA-1009}
12-27 00:41:05.547  3351  3454 D VoldConnector: RCV <- {654 public:179_1 sdcard1}
12-27 00:41:05.547  3351  3454 D VoldConnector: RCV <- {656 public:179_1 /mnt/media_rw/0BCA-1009}
12-27 00:41:05.548  3351  3454 D VoldConnector: RCV <- {655 public:179_1 /storage/0BCA-1009}
12-27 00:41:05.552  3554  3631 E WVMExtractor: Failed to open libwvm.so: dlopen failed: library "libwvm.so" not found
12-27 00:41:05.563  3041  3041 D wrapperGPS: wrapperConnect_RILD
12-27 00:41:05.567  3547  3547 I LatinIME: Hardware accelerated drawing: true
12-27 00:41:05.568  2938  2990 I fsck_msdos: ** /dev/block/vold/public:179_1
12-27 00:41:05.569  3632  3632 D fsck_msdos: sectors Per cluster :64 
12-27 00:41:05.569  3632  3632 D fsck_msdos: boot->ClusterOffset :896 
12-27 00:41:05.569  3632  3632 I fsck_msdos: FAT32 Filesystem
12-27 00:41:05.569  3632  3632 D fsck_msdos: Using cluster_chain_descriptor
12-27 00:41:05.570  3632  3632 I fsck_msdos: Total clusters 59986 
12-27 00:41:05.570  2938  2990 I fsck_msdos: ** Phase 1 - Read and Compare FATs
12-27 00:41:05.570  2938  2990 I fsck_msdos: Attempting to allocate 234 KB for FAT
12-27 00:41:05.575  3055  3055 I EXYNOS_COMP_REGS: Loading the library: libOMX.Exynos.AVC.Decoder.so
12-27 00:41:05.578  3532  3532 E BluetoothVendorJni: register_com_android_bluetooth_btservice_vendor:
12-27 00:41:05.581  2938  2990 I fsck_msdos: Attempting to allocate 234 KB for FAT
12-27 00:41:05.582  3351  3351 W NetworkManagement: setDataSaverMode(): already false
12-27 00:41:05.589  3351  3351 W ConnectivityExtension: ConnectivityExt jar file not present
12-27 00:41:05.593  3055  3055 I EXYNOS_COMP_REGS: Loading the library: libOMX.Exynos.AVC.Encoder.so
12-27 00:41:05.593  3632  3632 I fsck_msdos: Begin to compare FAT
12-27 00:41:05.594  3632  3632 I fsck_msdos: ** Phase 2 - Check Cluster Chains 
12-27 00:41:05.594  3632  3632 I fsck_msdos: Begin to handle the cluster chain
12-27 00:41:05.597  2938  2990 I fsck_msdos: ** Phase 3 - Checking Directories
12-27 00:41:05.597  3632  3632 D fsck_msdos: rootDir->head :2
12-27 00:41:05.600  3554  3554 I vol.Events: writeEvent collection_started
12-27 00:41:05.607  3554  3647 I vol.Events: writeEvent external_ringer_mode_changed normal
12-27 00:41:05.607  3554  3647 I vol.Events: writeEvent internal_ringer_mode_changed normal
12-27 00:41:05.609  3632  3632 D fsck_msdos: Verify Filesystem information
12-27 00:41:05.609  3632  3632 W fsck_msdos: 8 files, 1919136 free (59973 clusters)
12-27 00:41:05.609  3632  3632 I fsck_msdos: free_rb_tree 
12-27 00:41:05.609  3632  3632 I fsck_msdos: free_fragment_tree
12-27 00:41:05.609  3632  3632 I fsck_msdos: free_fragment_tree
12-27 00:41:05.609  3632  3632 I fsck_msdos: free_fragment_tree: rb_tree is empty 
12-27 00:41:05.609  2938  2990 I fsck_msdos: ** Phase 4 - Checking for Lost Files
12-27 00:41:05.613  3532  3532 D AdapterServiceConfig: addA2dpProfile: isA2dpSinkEnabled = falseisHfpClientEnabled false serviceName HeadsetService
12-27 00:41:05.613  3532  3532 D AdapterServiceConfig: Adding HeadsetService
12-27 00:41:05.613  3532  3532 D AdapterServiceConfig: addA2dpProfile: isA2dpSinkEnabled = falseisHfpClientEnabled false serviceName A2dpService
12-27 00:41:05.613  3532  3532 D AdapterServiceConfig: Adding A2dpService
12-27 00:41:05.613  3532  3532 D AdapterServiceConfig: addA2dpProfile: isA2dpSinkEnabled = falseisHfpClientEnabled false serviceName HidService
12-27 00:41:05.613  3532  3532 D AdapterServiceConfig: Adding HidService
12-27 00:41:05.613  3532  3532 D AdapterServiceConfig: addA2dpProfile: isA2dpSinkEnabled = falseisHfpClientEnabled false serviceName HealthService
12-27 00:41:05.613  3532  3532 D AdapterServiceConfig: Adding HealthService
12-27 00:41:05.621  2938  2990 I Vold    : Filesystem check completed OK
12-27 00:41:05.625  3532  3532 D AdapterServiceConfig: addA2dpProfile: isA2dpSinkEnabled = falseisHfpClientEnabled false serviceName PanService
12-27 00:41:05.625  3532  3532 D AdapterServiceConfig: Adding PanService
12-27 00:41:05.625  3532  3532 D AdapterServiceConfig: addA2dpProfile: isA2dpSinkEnabled = falseisHfpClientEnabled false serviceName GattService
12-27 00:41:05.625  3532  3532 D AdapterServiceConfig: Adding GattService
12-27 00:41:05.625  3532  3532 D AdapterServiceConfig: addA2dpProfile: isA2dpSinkEnabled = falseisHfpClientEnabled false serviceName BluetoothMapService
12-27 00:41:05.625  3532  3532 D AdapterServiceConfig: Adding BluetoothMapService
12-27 00:41:05.628  3055  3055 I EXYNOS_COMP_REGS: Loading the library: libOMX.Exynos.HEVC.Decoder.so
12-27 00:41:05.629  2938  2990 V vold    : Waiting for FUSE to spin up...
12-27 00:41:05.631  3532  3532 E BluetoothVendorJni: register_com_android_bluetooth_btservice_vendor:
12-27 00:41:05.650  3547  3547 W InputAttributes: No editor info for this field. Bug?
