12-20 01:25:13.106  4596  4596 D Launcher: bound widget id=3 in 58ms
12-20 01:25:13.109  4596  4596 D android.widget.GridLayout: vertical constraints: y2-y0>=528, y2-y0<=512, y2-y1<=208 are inconsistent; permanently removing: y2-y0<=512. 
12-20 01:25:13.142  3966  3966 D MccTable: updateMccMncConfiguration mccmnc='null' fromServiceState=true
12-20 01:25:13.142  3966  3966 D MccTable: WIFI_COUNTRY_CODE set to 
12-20 01:25:13.144  3390  3408 I WifiService: WifiService trying to set country code to  with persist set to true
12-20 01:25:13.174  4311  4311 D CellBroadcastReceiver: onReceive Intent { act=android.intent.action.SERVICE_STATE flg=0x10 cmp=com.android.cellbroadcastreceiver/.CellBroadcastReceiver (has extras) }
12-20 01:25:13.174  4311  4311 D CellBroadcastReceiver: Intent ACTION_SERVICE_STATE_CHANGED
12-20 01:25:13.174  4311  4311 D CellBroadcastReceiver: subscriptionId = 1
12-20 01:25:13.205  4311  4311 D CellBroadcastReceiver: Service state changed! 0 Full: 0 1 voice home data home null null null null null null  LTE Unknown CSS not supported -1 -1 RoamInd=-1 DefRoamInd=-1 EmergOnly=false IsDataRoamingFromRegistration=false Current state=1
12-20 01:25:13.222  3966  3966 I Telephony: PstnIncomingCallNotifier: Unregistering: Handler (com.android.internal.telephony.gsm.GSMPhone) {a80c26b}
12-20 01:25:13.252  4430  5314 W MessagingApp: canonicalizeMccMnc: invalid mccmnc:null ,null
12-20 01:25:13.273  3390  4353 D MmsServiceBroker: getCarrierConfigValues() by com.android.messaging
12-20 01:25:13.274  3966  5305 D MmsService: getCarrierConfigValues
12-20 01:25:13.274  3966  5305 I MmsService: mms config for sub 1: Bundle[{httpSocketTimeout=60000, aliasMinChars=2, smsToMmsTextThreshold=-1, enableSMSDeliveryReports=true, maxMessageTextSize=-1, supportMmsContentDisposition=true, enabledTransID=false, aliasEnabled=false, supportHttpCharsetHeader=false, allowAttachAudio=true, smsToMmsTextLengthThreshold=-1, recipientLimit=2147483647, uaProfTagName=x-wap-profile, aliasMaxChars=48, maxImageHeight=480, enableMMSDeliveryReports=false, userAgent=, config_cellBroadcastAppLinks=true, maxSubjectLength=40, httpParams=, enableGroupMms=true, emailGatewayNumber=, maxMessageSize=307200, naiSuffix=, enableMMSReadReports=false, maxImageWidth=640, uaProfUrl=, enabledMMS=true, enabledNotifyWapMMSC=false, sendMultipartSmsAsSeparateMessages=false, enableMultipartSMS=true}]
12-20 01:25:13.275  4430  5314 I MessagingApp: Carrier configs loaded: Bundle[{httpSocketTimeout=60000, aliasMinChars=2, smsToMmsTextThreshold=-1, enableSMSDeliveryReports=true, maxMessageTextSize=-1, supportMmsContentDisposition=true, enabledTransID=false, aliasEnabled=false, supportHttpCharsetHeader=false, allowAttachAudio=true, smsToMmsTextLengthThreshold=-1, recipientLimit=2147483647, uaProfTagName=x-wap-profile, aliasMaxChars=48, maxImageHeight=480, enableMMSDeliveryReports=false, userAgent=, config_cellBroadcastAppLinks=true, maxSubjectLength=40, httpParams=, enableGroupMms=true, emailGatewayNumber=, maxMessageSize=307200, naiSuffix=, enableMMSReadReports=false, maxImageWidth=640, uaProfUrl=, enabledMMS=true, enabledNotifyWapMMSC=false, sendMultipartSmsAsSeparateMessages=false, enableMultipartSMS=true}] from resources+system for subId=1
12-20 01:25:13.282  3390  3952 I Telecom : PhoneAccountRegistrar: [ComponentInfo{com.android.phone/com.android.services.telephony.TelephonyConnectionService}, [356a192b7913b04c54574d18c28d46e6395428ab], UserHandle{0}(icon: Icon(typ=BITMAP size=76x96) -> Icon(typ=BITMAP size=76x96))(lbl:  -> PERSONAL)(desc:  -> PERSONAL)]
12-20 01:25:13.298  3390  3952 I Telecom : : Sending phone-account registered intent as user
12-20 01:25:13.301  3966  3966 I Telephony: AccountEntry: Registered phoneAccount: [[ ] PhoneAccount: ComponentInfo{com.android.phone/com.android.services.telephony.TelephonyConnectionService}, [356a192b7913b04c54574d18c28d46e6395428ab], UserHandle{0} Capabilities: 54 Schemes: tel voicemail ] with handle: ComponentInfo{com.android.phone/com.android.services.telephony.TelephonyConnectionService}, [356a192b7913b04c54574d18c28d46e6395428ab], UserHandle{0}
12-20 01:25:13.302  3966  3966 I Telephony: PstnIncomingCallNotifier: Registering: Handler (com.android.internal.telephony.gsm.GSMPhone) {a80c26b}
12-20 01:25:13.303  5303  5303 D AndroidRuntime: >>>>>> START com.android.internal.os.RuntimeInit uid 1001 <<<<<<
12-20 01:25:13.304  5304  5304 D AndroidRuntime: >>>>>> START com.android.internal.os.RuntimeInit uid 1001 <<<<<<
12-20 01:25:13.305  5303  5303 D AndroidRuntime: CheckJNI is OFF
12-20 01:25:13.306  5304  5304 D AndroidRuntime: CheckJNI is OFF
12-20 01:25:13.314  4311  5316 D CellBroadcastConfigService: enabling emergency cell broadcast channels
12-20 01:25:13.314  3966  3966 W Telephony: TelecomAccountRegistry: Failed to get primary stack id
12-20 01:25:13.325  5304  5304 D ICU     : No timezone override file found: /data/misc/zoneinfo/current/icu/icu_tzdata.dat
12-20 01:25:13.325  5303  5303 D ICU     : No timezone override file found: /data/misc/zoneinfo/current/icu/icu_tzdata.dat
12-20 01:25:13.325  3966  4443 D IccSmsInterfaceManager: [IccSmsInterfaceManager] enableGsmBroadcastRange
12-20 01:25:13.327  3966  4443 D IccSmsInterfaceManager: [IccSmsInterfaceManager] Added GSM cell broadcast subscription for MID range 4352 to 4354 from client com.android.cellbroadcastreceiver
12-20 01:25:13.327  3966  4443 D IccSmsInterfaceManager: [IccSmsInterfaceManager] Calling setCellBroadcastActivation(true)
12-20 01:25:13.331  3390  3631 W Telecom : : No account found for the calling user
12-20 01:25:13.333  3966  5326 I MmsService: MmsConfigManager loads in background mcc/mnc: 722/34
12-20 01:25:13.351  5303  5303 I Radio-JNI: register_android_hardware_Radio DONE
12-20 01:25:13.351  5304  5304 I Radio-JNI: register_android_hardware_Radio DONE
12-20 01:25:13.356  5304  5304 D AndroidRuntime: Calling main entry com.android.commands.am.Am
12-20 01:25:13.357  5303  5303 D AndroidRuntime: Calling main entry com.android.commands.am.Am
12-20 01:25:13.361  5304  5304 D AndroidRuntime: Shutting down VM
12-20 01:25:13.364  5303  5303 D AndroidRuntime: Shutting down VM
12-20 01:25:13.405  3390  3600 I Telecom : PhoneAccountRegistrar: [ComponentInfo{com.android.phone/com.android.services.telephony.TelephonyConnectionService}, [356a192b7913b04c54574d18c28d46e6395428ab], UserHandle{0}(icon: Icon(typ=BITMAP size=76x96) -> Icon(typ=BITMAP size=76x96))]
12-20 01:25:13.415  3390  3600 I Telecom : : Sending phone-account registered intent as user
12-20 01:25:13.435  3966  5305 D IccSmsInterfaceManager: [IccSmsInterfaceManager] enableGsmBroadcastRange
12-20 01:25:13.436  3966  5305 D IccSmsInterfaceManager: [IccSmsInterfaceManager] Added GSM cell broadcast subscription for MID range 4356 to 4356 from client com.android.cellbroadcastreceiver
12-20 01:25:13.436  3966  5305 D IccSmsInterfaceManager: [IccSmsInterfaceManager] Calling setCellBroadcastActivation(true)
12-20 01:25:13.448  3966  4215 D IccSmsInterfaceManager: [IccSmsInterfaceManager] enableGsmBroadcastRange
12-20 01:25:13.450  3966  4215 D IccSmsInterfaceManager: [IccSmsInterfaceManager] Added GSM cell broadcast subscription for MID range 4371 to 4372 from client com.android.cellbroadcastreceiver
12-20 01:25:13.450  3966  4215 D IccSmsInterfaceManager: [IccSmsInterfaceManager] Calling setCellBroadcastActivation(true)
12-20 01:25:13.457  3966  4443 D IccSmsInterfaceManager: [IccSmsInterfaceManager] enableCdmaBroadcastRange
12-20 01:25:13.458  3966  4443 D IccSmsInterfaceManager: [IccSmsInterfaceManager] Calling setCdmaBroadcastConfig with 1 configurations
12-20 01:25:13.460  3966  4443 D IccSmsInterfaceManager: [IccSmsInterfaceManager] Failed to add cdma broadcast subscription for MID range 4097 to 4097 from client com.android.cellbroadcastreceiver
12-20 01:25:13.465  3966  4180 D IccSmsInterfaceManager: [IccSmsInterfaceManager] enableGsmBroadcastRange
12-20 01:25:13.465  3966  4180 D IccSmsInterfaceManager: [IccSmsInterfaceManager] Added GSM cell broadcast subscription for MID range 4373 to 4378 from client com.android.cellbroadcastreceiver
12-20 01:25:13.465  3966  4180 D IccSmsInterfaceManager: [IccSmsInterfaceManager] Calling setCellBroadcastActivation(true)
12-20 01:25:13.472  3966  3989 D IccSmsInterfaceManager: [IccSmsInterfaceManager] enableCdmaBroadcastRange
12-20 01:25:13.473  3966  3989 D IccSmsInterfaceManager: [IccSmsInterfaceManager] Calling setCdmaBroadcastConfig with 1 configurations
12-20 01:25:13.474  3966  3989 D IccSmsInterfaceManager: [IccSmsInterfaceManager] Failed to add cdma broadcast subscription for MID range 4098 to 4098 from client com.android.cellbroadcastreceiver
12-20 01:25:13.480  3966  4216 D IccSmsInterfaceManager: [IccSmsInterfaceManager] enableGsmBroadcastRange
12-20 01:25:13.481  3966  4216 D IccSmsInterfaceManager: [IccSmsInterfaceManager] Added GSM cell broadcast subscription for MID range 4379 to 4379 from client com.android.cellbroadcastreceiver
12-20 01:25:13.481  3966  4216 D IccSmsInterfaceManager: [IccSmsInterfaceManager] Calling setCellBroadcastActivation(true)
12-20 01:25:13.489  3966  3993 D IccSmsInterfaceManager: [IccSmsInterfaceManager] enableCdmaBroadcastRange
12-20 01:25:13.490  3966  3993 D IccSmsInterfaceManager: [IccSmsInterfaceManager] Calling setCdmaBroadcastConfig with 1 configurations
12-20 01:25:13.494  3966  3993 D IccSmsInterfaceManager: [IccSmsInterfaceManager] Failed to add cdma broadcast subscription for MID range 4099 to 4099 from client com.android.cellbroadcastreceiver
12-20 01:25:13.499  3966  5305 D IccSmsInterfaceManager: [IccSmsInterfaceManager] enableGsmBroadcastRange
12-20 01:25:13.500  3966  5305 D IccSmsInterfaceManager: [IccSmsInterfaceManager] Added GSM cell broadcast subscription for MID range 4380 to 4382 from client com.android.cellbroadcastreceiver
12-20 01:25:13.500  3966  5305 D IccSmsInterfaceManager: [IccSmsInterfaceManager] Calling setCellBroadcastActivation(true)
12-20 01:25:13.507  3966  4215 D IccSmsInterfaceManager: [IccSmsInterfaceManager] enableCdmaBroadcastRange
12-20 01:25:13.509  3966  4215 D IccSmsInterfaceManager: [IccSmsInterfaceManager] Calling setCdmaBroadcastConfig with 1 configurations
12-20 01:25:13.511  3966  4215 D IccSmsInterfaceManager: [IccSmsInterfaceManager] Failed to add cdma broadcast subscription for MID range 4100 to 4100 from client com.android.cellbroadcastreceiver
12-20 01:25:13.512  3061  3518 V audio_hw_primary: do_out_standby: output standby: 0
12-20 01:25:13.516  3966  4443 D IccSmsInterfaceManager: [IccSmsInterfaceManager] enableGsmBroadcastRange
12-20 01:25:13.518  3966  4443 D IccSmsInterfaceManager: [IccSmsInterfaceManager] Added GSM cell broadcast subscription for MID range 4393 to 4395 from client com.android.cellbroadcastreceiver
12-20 01:25:13.518  3966  4443 D IccSmsInterfaceManager: [IccSmsInterfaceManager] Calling setCellBroadcastActivation(true)
12-20 01:25:13.520  4311  5316 D CellBroadcastConfigService: enabled emergency cell broadcast channels
12-20 01:25:13.524  3966  4180 D IccSmsInterfaceManager: [IccSmsInterfaceManager] enableGsmBroadcastRange
12-20 01:25:13.526  3966  4180 D IccSmsInterfaceManager: [IccSmsInterfaceManager] Added GSM cell broadcast subscription for MID range 4370 to 4370 from client com.android.cellbroadcastreceiver
12-20 01:25:13.526  3966  4180 D IccSmsInterfaceManager: [IccSmsInterfaceManager] Calling setCellBroadcastActivation(true)
12-20 01:25:13.535  3966  3989 D IccSmsInterfaceManager: [IccSmsInterfaceManager] enableCdmaBroadcastRange
12-20 01:25:13.536  3966  3989 D IccSmsInterfaceManager: [IccSmsInterfaceManager] Calling setCdmaBroadcastConfig with 1 configurations
12-20 01:25:13.539  3966  3989 D IccSmsInterfaceManager: [IccSmsInterfaceManager] Failed to add cdma broadcast subscription for MID range 4096 to 4096 from client com.android.cellbroadcastreceiver
12-20 01:25:13.545  3966  4216 D IccSmsInterfaceManager: [IccSmsInterfaceManager] enableGsmBroadcastRange
12-20 01:25:13.546  3966  4216 D IccSmsInterfaceManager: [IccSmsInterfaceManager] Added GSM cell broadcast subscription for MID range 4383 to 4383 from client com.android.cellbroadcastreceiver
12-20 01:25:13.546  3966  4216 D IccSmsInterfaceManager: [IccSmsInterfaceManager] Calling setCellBroadcastActivation(true)
12-20 01:25:13.548  3966  3966 V ConfigResourceUtil: resourceName = config_spn_display_control resourceId = 2130837514resourceValue = false
12-20 01:25:13.574  3966  3966 D MccTable: updateMccMncConfiguration mccmnc='72234' fromServiceState=true
12-20 01:25:13.575  3966  3966 D MccTable: updateMccMncConfiguration defaultMccMnc=72234
12-20 01:25:13.576  3966  3966 D MccTable: updateMccMncConfiguration: mcc=722, mnc=34
12-20 01:25:13.576  3966  3966 D MccTable: WIFI_COUNTRY_CODE set to ar
12-20 01:25:13.577  3390  3995 I WifiService: WifiService trying to set country code to ar with persist set to true
12-20 01:25:13.580  3390  4353 D AlarmManagerService: Kernel timezone updated to 180 minutes west of GMT
12-20 01:25:13.583  3390  3957 D AlarmManagerService: Kernel timezone updated to 180 minutes west of GMT
12-20 01:25:13.605  4311  4311 D CellBroadcastReceiver: onReceive Intent { act=android.intent.action.SERVICE_STATE flg=0x10 cmp=com.android.cellbroadcastreceiver/.CellBroadcastReceiver (has extras) }
12-20 01:25:13.605  4311  4311 D CellBroadcastReceiver: Intent ACTION_SERVICE_STATE_CHANGED
12-20 01:25:13.605  4311  4311 D CellBroadcastReceiver: subscriptionId = 1
12-20 01:25:13.609  4311  5316 D CellBroadcastConfigService: disabling cell broadcast channel 50
12-20 01:25:13.622  3966  3993 D IccSmsInterfaceManager: [IccSmsInterfaceManager] disableGsmBroadcastRange
12-20 01:25:13.625  3966  3993 D IccSmsInterfaceManager: [IccSmsInterfaceManager] Failed to remove GSM cell broadcast subscription for MID range 50 to 50 from client com.android.cellbroadcastreceiver
12-20 01:25:13.625  4311  5316 D CellBroadcastConfigService: disabling cell broadcast channel 60
12-20 01:25:13.632  3966  3966 I Telephony: PstnIncomingCallNotifier: Unregistering: Handler (com.android.internal.telephony.gsm.GSMPhone) {a80c26b}
12-20 01:25:13.636  3966  3993 D IccSmsInterfaceManager: [IccSmsInterfaceManager] disableGsmBroadcastRange
12-20 01:25:13.638  3966  3993 D IccSmsInterfaceManager: [IccSmsInterfaceManager] Failed to remove GSM cell broadcast subscription for MID range 60 to 60 from client com.android.cellbroadcastreceiver
12-20 01:25:13.639  4311  5316 D CellBroadcastConfigService: disabled cell broadcast channel 60
12-20 01:25:13.646  4311  5316 D CellBroadcastConfigService: disabling channels 919-928
12-20 01:25:13.654  3966  4180 D IccSmsInterfaceManager: [IccSmsInterfaceManager] disableGsmBroadcastRange
12-20 01:25:13.657  3966  4180 D IccSmsInterfaceManager: [IccSmsInterfaceManager] Failed to remove GSM cell broadcast subscription for MID range 919 to 928 from client com.android.cellbroadcastreceiver
12-20 01:25:13.670  4311  5316 D CellBroadcastConfigService: disabling cell broadcast ETWS test messages
12-20 01:25:13.670  3390  3957 I Telecom : PhoneAccountRegistrar: [ComponentInfo{com.android.phone/com.android.services.telephony.TelephonyConnectionService}, [356a192b7913b04c54574d18c28d46e6395428ab], UserHandle{0}(icon: Icon(typ=BITMAP size=76x96) -> Icon(typ=BITMAP size=76x96))]
12-20 01:25:13.680  3966  5305 D IccSmsInterfaceManager: [IccSmsInterfaceManager] disableGsmBroadcastRange
12-20 01:25:13.682  3966  5305 D IccSmsInterfaceManager: [IccSmsInterfaceManager] Failed to remove GSM cell broadcast subscription for MID range 4355 to 4355 from client com.android.cellbroadcastreceiver
12-20 01:25:13.687  3390  3957 I Telecom : : Sending phone-account registered intent as user
12-20 01:25:13.691  3966  3966 I Telephony: AccountEntry: Registered phoneAccount: [[ ] PhoneAccount: ComponentInfo{com.android.phone/com.android.services.telephony.TelephonyConnectionService}, [356a192b7913b04c54574d18c28d46e6395428ab], UserHandle{0} Capabilities: 54 Schemes: tel voicemail ] with handle: ComponentInfo{com.android.phone/com.android.services.telephony.TelephonyConnectionService}, [356a192b7913b04c54574d18c28d46e6395428ab], UserHandle{0}
12-20 01:25:13.692  3966  3966 I Telephony: PstnIncomingCallNotifier: Registering: Handler (com.android.internal.telephony.gsm.GSMPhone) {a80c26b}
12-20 01:25:13.697  3966  3966 W Telephony: TelecomAccountRegistry: Failed to get primary stack id
12-20 01:25:13.704  3390  3409 W Telecom : : No account found for the calling user
12-20 01:25:13.706  3966  5333 I MmsService: MmsConfigManager loads in background mcc/mnc: 722/34
12-20 01:25:13.711  4430  4447 W MessagingApp: canonicalizeMccMnc: invalid mccmnc:null ,null
12-20 01:25:13.714  3390  5230 I Telecom : PhoneAccountRegistrar: [ComponentInfo{com.android.phone/com.android.services.telephony.TelephonyConnectionService}, [356a192b7913b04c54574d18c28d46e6395428ab], UserHandle{0}(icon: Icon(typ=BITMAP size=76x96) -> Icon(typ=BITMAP size=76x96))]
12-20 01:25:13.720  3390  3632 D MmsServiceBroker: getCarrierConfigValues() by com.android.messaging
12-20 01:25:13.721  3966  3993 D MmsService: getCarrierConfigValues
12-20 01:25:13.721  3966  3993 I MmsService: mms config for sub 1: Bundle[{httpSocketTimeout=60000, aliasMinChars=2, smsToMmsTextThreshold=-1, enableSMSDeliveryReports=true, maxMessageTextSize=-1, supportMmsContentDisposition=true, enabledTransID=false, aliasEnabled=false, supportHttpCharsetHeader=false, allowAttachAudio=true, smsToMmsTextLengthThreshold=-1, recipientLimit=2147483647, uaProfTagName=x-wap-profile, aliasMaxChars=48, maxImageHeight=480, enableMMSDeliveryReports=false, userAgent=, config_cellBroadcastAppLinks=true, maxSubjectLength=40, httpParams=, enableGroupMms=true, emailGatewayNumber=, maxMessageSize=307200, naiSuffix=, enableMMSReadReports=false, maxImageWidth=640, uaProfUrl=, enabledMMS=true, enabledNotifyWapMMSC=false, sendMultipartSmsAsSeparateMessages=false, enableMultipartSMS=true}]
12-20 01:25:13.722  4430  4447 I MessagingApp: Carrier configs loaded: Bundle[{httpSocketTimeout=60000, aliasMinChars=2, smsToMmsTextThreshold=-1, enableSMSDeliveryReports=true, maxMessageTextSize=-1, supportMmsContentDisposition=true, enabledTransID=false, aliasEnabled=false, supportHttpCharsetHeader=false, allowAttachAudio=true, smsToMmsTextLengthThreshold=-1, recipientLimit=2147483647, uaProfTagName=x-wap-profile, aliasMaxChars=48, maxImageHeight=480, enableMMSDeliveryReports=false, userAgent=, config_cellBroadcastAppLinks=true, maxSubjectLength=40, httpParams=, enableGroupMms=true, emailGatewayNumber=, maxMessageSize=307200, naiSuffix=, enableMMSReadReports=false, maxImageWidth=640, uaProfUrl=, enabledMMS=true, enabledNotifyWapMMSC=false, sendMultipartSmsAsSeparateMessages=false, enableMultipartSMS=true}] from resources+system for subId=1
12-20 01:25:13.730  3390  5230 I Telecom : : Sending phone-account registered intent as user
12-20 01:25:13.888  3966  3966 V ConfigResourceUtil: resourceName = config_spn_display_control resourceId = 2130837514resourceValue = false
12-20 01:25:13.916  3390  3621 D AlarmManagerService: Kernel timezone updated to 180 minutes west of GMT
12-20 01:25:13.932  4311  4311 D CellBroadcastReceiver: onReceive Intent { act=android.intent.action.SERVICE_STATE flg=0x10 cmp=com.android.cellbroadcastreceiver/.CellBroadcastReceiver (has extras) }
12-20 01:25:13.932  4311  4311 D CellBroadcastReceiver: Intent ACTION_SERVICE_STATE_CHANGED
12-20 01:25:13.932  4311  4311 D CellBroadcastReceiver: subscriptionId = 1
12-20 01:25:13.958  3966  3966 I Telephony: PstnIncomingCallNotifier: Unregistering: Handler (com.android.internal.telephony.gsm.GSMPhone) {a80c26b}
12-20 01:25:13.964  4430  4462 W MessagingApp: canonicalizeMccMnc: invalid mccmnc:null ,null
12-20 01:25:13.974  3390  3995 D MmsServiceBroker: getCarrierConfigValues() by com.android.messaging
12-20 01:25:13.974  3966  5305 D MmsService: getCarrierConfigValues
12-20 01:25:13.974  3966  5305 I MmsService: mms config for sub 1: Bundle[{httpSocketTimeout=60000, aliasMinChars=2, smsToMmsTextThreshold=-1, enableSMSDeliveryReports=true, maxMessageTextSize=-1, supportMmsContentDisposition=true, enabledTransID=false, aliasEnabled=false, supportHttpCharsetHeader=false, allowAttachAudio=true, smsToMmsTextLengthThreshold=-1, recipientLimit=2147483647, uaProfTagName=x-wap-profile, aliasMaxChars=48, maxImageHeight=480, enableMMSDeliveryReports=false, userAgent=, config_cellBroadcastAppLinks=true, maxSubjectLength=40, httpParams=, enableGroupMms=true, emailGatewayNumber=, maxMessageSize=307200, naiSuffix=, enableMMSReadReports=false, maxImageWidth=640, uaProfUrl=, enabledMMS=true, enabledNotifyWapMMSC=false, sendMultipartSmsAsSeparateMessages=false, enableMultipartSMS=true}]
12-20 01:25:13.975  4430  4462 I MessagingApp: Carrier configs loaded: Bundle[{httpSocketTimeout=60000, aliasMinChars=2, smsToMmsTextThreshold=-1, enableSMSDeliveryReports=true, maxMessageTextSize=-1, supportMmsContentDisposition=true, enabledTransID=false, aliasEnabled=false, supportHttpCharsetHeader=false, allowAttachAudio=true, smsToMmsTextLengthThreshold=-1, recipientLimit=2147483647, uaProfTagName=x-wap-profile, aliasMaxChars=48, maxImageHeight=480, enableMMSDeliveryReports=false, userAgent=, config_cellBroadcastAppLinks=true, maxSubjectLength=40, httpParams=, enableGroupMms=true, emailGatewayNumber=, maxMessageSize=307200, naiSuffix=, enableMMSReadReports=false, maxImageWidth=640, uaProfUrl=, enabledMMS=true, enabledNotifyWapMMSC=false, sendMultipartSmsAsSeparateMessages=false, enableMultipartSMS=true}] from resources+system for subId=1
12-20 01:25:13.989  3390  5240 I Telecom : PhoneAccountRegistrar: [ComponentInfo{com.android.phone/com.android.services.telephony.TelephonyConnectionService}, [356a192b7913b04c54574d18c28d46e6395428ab], UserHandle{0}(icon: Icon(typ=BITMAP size=76x96) -> Icon(typ=BITMAP size=76x96))]
12-20 01:25:14.000  3390  5240 I Telecom : : Sending phone-account registered intent as user
12-20 01:25:14.002  3966  3966 I Telephony: AccountEntry: Registered phoneAccount: [[ ] PhoneAccount: ComponentInfo{com.android.phone/com.android.services.telephony.TelephonyConnectionService}, [356a192b7913b04c54574d18c28d46e6395428ab], UserHandle{0} Capabilities: 54 Schemes: tel voicemail ] with handle: ComponentInfo{com.android.phone/com.android.services.telephony.TelephonyConnectionService}, [356a192b7913b04c54574d18c28d46e6395428ab], UserHandle{0}
12-20 01:25:14.003  3966  3966 I Telephony: PstnIncomingCallNotifier: Registering: Handler (com.android.internal.telephony.gsm.GSMPhone) {a80c26b}
12-20 01:25:14.008  3966  3966 W Telephony: TelecomAccountRegistry: Failed to get primary stack id
12-20 01:25:14.015  3390  3995 W Telecom : : No account found for the calling user
12-20 01:25:14.016  3966  5334 I MmsService: MmsConfigManager loads in background mcc/mnc: 722/34
12-20 01:25:14.021  3390  3409 I Telecom : PhoneAccountRegistrar: [ComponentInfo{com.android.phone/com.android.services.telephony.TelephonyConnectionService}, [356a192b7913b04c54574d18c28d46e6395428ab], UserHandle{0}(icon: Icon(typ=BITMAP size=76x96) -> Icon(typ=BITMAP size=76x96))]
12-20 01:25:14.038  3390  3409 I Telecom : : Sending phone-account registered intent as user
12-20 01:25:14.129  3390  3502 D ConnectivityService: notifyType CAP_CHANGED for NetworkAgentInfo [WIFI () - 102]
12-20 01:25:14.737  3061  3518 V audio_hw_primary: out_set_parameters: key value pairs: routing=2
12-20 01:25:14.747  3061  3518 V audio_hw_primary: start_output_stream: starting stream
12-20 01:25:14.787  3061  3518 V audio_hw_primary: start_output_stream: stream out device: 2, actual: 2
12-20 01:25:14.819  3588  4111 W ExifInterface: Skip the tag entry since tag number is not defined: 2
12-20 01:25:14.823  3588  4111 W ExifInterface: Skip the tag entry since tag number is not defined: 2
12-20 01:25:14.826  3588  4111 W ExifInterface: Skip the tag entry since tag number is not defined: 2
12-20 01:25:14.830  3588  4111 W ExifInterface: Skip the tag entry since tag number is not defined: 2
12-20 01:25:14.833  3588  4111 W ExifInterface: Skip the tag entry since tag number is not defined: 2
12-20 01:25:14.840  3588  4111 W ExifInterface: Skip the tag entry since tag number is not defined: 2
12-20 01:25:14.843  3588  4111 W ExifInterface: Skip the tag entry since tag number is not defined: 2
12-20 01:25:14.846  3390  4787 D NetlinkSocketObserver: NeighborEvent{elapsedMs=55180, 192.168.1.1, [5CDC96114482], RTM_NEWNEIGH, NUD_STALE}
12-20 01:25:14.847  3588  4111 W ExifInterface: Skip the tag entry since tag number is not defined: 2
12-20 01:25:14.851  3588  4111 W ExifInterface: Skip the tag entry since tag number is not defined: 2
12-20 01:25:14.855  3588  4111 W ExifInterface: Skip the tag entry since tag number is not defined: 2
12-20 01:25:14.859  3588  4111 W ExifInterface: Skip the tag entry since tag number is not defined: 2
12-20 01:25:14.862  3588  4111 W ExifInterface: Skip the tag entry since tag number is not defined: 2
12-20 01:25:14.865  3588  4111 W ExifInterface: Skip the tag entry since tag number is not defined: 2
12-20 01:25:14.870  3588  4111 W ExifInterface: Skip the tag entry since tag number is not defined: 2
12-20 01:25:14.894  3061  3522 I FFmpegExtractor: android-source:0xf66623e0
12-20 01:25:14.908  3061  3522 D FFmpegExtractor: suppoted codec(h264) by official Stagefright
12-20 01:25:14.908  3061  3522 D FFmpegExtractor: suppoted codec(aac) by official Stagefright
12-20 01:25:14.908  3061  3522 D FFmpegExtractor: ffmpeg detected media content as 'video/mp4' with confidence 0.08
12-20 01:25:14.930  3588  4111 W ExifInterface: Skip the tag entry since tag number is not defined: 2
12-20 01:25:14.938  3588  4111 W ExifInterface: Skip the tag entry since tag number is not defined: 2
12-20 01:25:14.943  3588  4111 W ExifInterface: Skip the tag entry since tag number is not defined: 2
12-20 01:25:14.957  3588  4111 W ExifInterface: Skip the tag entry since tag number is not defined: 2
12-20 01:25:14.964  3588  4111 W ExifInterface: Skip the tag entry since tag number is not defined: 2
12-20 01:25:14.971  3588  4111 W ExifInterface: Skip the tag entry since tag number is not defined: 2
12-20 01:25:14.976  3588  4111 W ExifInterface: Skip the tag entry since tag number is not defined: 2
12-20 01:25:14.979  3588  4111 W ExifInterface: Skip the tag entry since tag number is not defined: 2
12-20 01:25:14.983  3588  4111 W ExifInterface: Skip the tag entry since tag number is not defined: 2
12-20 01:25:14.989  3588  4111 W ExifInterface: Skip the tag entry since tag number is not defined: 2
12-20 01:25:15.007  3588  4111 W ExifInterface: Skip the tag entry since tag number is not defined: 2
12-20 01:25:15.017  3588  4111 W ExifInterface: Skip the tag entry since tag number is not defined: 2
12-20 01:25:15.023  3588  4111 W ExifInterface: Skip the tag entry since tag number is not defined: 2
12-20 01:25:15.029  3588  4111 W ExifInterface: Skip the tag entry since tag number is not defined: 2
12-20 01:25:15.035  3588  4111 W ExifInterface: Skip the tag entry since tag number is not defined: 2
12-20 01:25:15.041  3588  4111 W ExifInterface: Skip the tag entry since tag number is not defined: 2
12-20 01:25:15.047  3588  4111 W ExifInterface: Skip the tag entry since tag number is not defined: 2
12-20 01:25:15.052  3588  4111 W ExifInterface: Skip the tag entry since tag number is not defined: 2
12-20 01:25:15.057  3588  4111 W ExifInterface: Skip the tag entry since tag number is not defined: 2
12-20 01:25:15.063  3588  4111 W ExifInterface: Skip the tag entry since tag number is not defined: 2
12-20 01:25:15.071  3588  4111 W ExifInterface: Skip the tag entry since tag number is not defined: 2
12-20 01:25:15.079  3588  4111 W ExifInterface: Skip the tag entry since tag number is not defined: 2
12-20 01:25:15.087  3588  4111 W ExifInterface: Skip the tag entry since tag number is not defined: 2
12-20 01:25:15.096  3588  4111 W ExifInterface: Skip the tag entry since tag number is not defined: 2
12-20 01:25:15.104  3588  4111 W ExifInterface: Skip the tag entry since tag number is not defined: 2
12-20 01:25:15.113  3588  4111 W ExifInterface: Skip the tag entry since tag number is not defined: 2
12-20 01:25:15.120  3588  4111 W ExifInterface: Skip the tag entry since tag number is not defined: 2
12-20 01:25:15.125  3588  4111 W ExifInterface: Skip the tag entry since tag number is not defined: 2
12-20 01:25:15.129  3588  4111 W ExifInterface: Skip the tag entry since tag number is not defined: 2
12-20 01:25:15.132  3588  4111 W ExifInterface: Skip the tag entry since tag number is not defined: 2
12-20 01:25:15.135  3588  4111 W ExifInterface: Skip the tag entry since tag number is not defined: 2
12-20 01:25:15.157  3061  4002 I FFmpegExtractor: android-source:0xf66626b0
12-20 01:25:15.166  3061  4002 D FFmpegExtractor: suppoted codec(h264) by official Stagefright
12-20 01:25:15.166  3061  4002 D FFmpegExtractor: suppoted codec(aac) by official Stagefright
12-20 01:25:15.167  3061  4002 D FFmpegExtractor: ffmpeg detected media content as 'video/mp4' with confidence 0.08
12-20 01:25:15.175  3588  4111 W ExifInterface: Skip the tag entry since tag number is not defined: 2
12-20 01:25:15.194  3061  3864 I FFmpegExtractor: android-source:0xf66623e0
12-20 01:25:15.204  3061  3864 D FFmpegExtractor: suppoted codec(h264) by official Stagefright
12-20 01:25:15.204  3061  3864 D FFmpegExtractor: suppoted codec(aac) by official Stagefright
12-20 01:25:15.204  3061  3864 D FFmpegExtractor: ffmpeg detected media content as 'video/mp4' with confidence 0.08
12-20 01:25:15.220  3588  4111 W ExifInterface: Skip the tag entry since tag number is not defined: 2
12-20 01:25:15.225  3588  4111 W ExifInterface: Skip the tag entry since tag number is not defined: 2
12-20 01:25:15.231  3588  4111 W ExifInterface: Skip the tag entry since tag number is not defined: 2
12-20 01:25:15.237  3588  4111 W ExifInterface: Skip the tag entry since tag number is not defined: 2
12-20 01:25:15.243  3588  4111 W ExifInterface: Skip the tag entry since tag number is not defined: 2
12-20 01:25:15.248  3588  4111 W ExifInterface: Skip the tag entry since tag number is not defined: 2
12-20 01:25:15.253  3588  4111 W ExifInterface: Skip the tag entry since tag number is not defined: 2
12-20 01:25:15.259  3588  4111 W ExifInterface: Skip the tag entry since tag number is not defined: 2
12-20 01:25:15.264  3588  4111 W ExifInterface: Skip the tag entry since tag number is not defined: 2
12-20 01:25:15.268  3588  4111 W ExifInterface: Skip the tag entry since tag number is not defined: 2
12-20 01:25:15.272  3588  4111 W ExifInterface: Skip the tag entry since tag number is not defined: 2
12-20 01:25:15.276  3588  4111 W ExifInterface: Skip the tag entry since tag number is not defined: 2
12-20 01:25:15.281  3588  4111 W ExifInterface: Skip the tag entry since tag number is not defined: 2
12-20 01:25:15.284  3588  4111 W ExifInterface: Skip the tag entry since tag number is not defined: 2
12-20 01:25:15.288  3588  4111 W ExifInterface: Skip the tag entry since tag number is not defined: 2
12-20 01:25:15.292  3588  4111 W ExifInterface: Skip the tag entry since tag number is not defined: 2
12-20 01:25:15.295  3588  4111 W ExifInterface: Skip the tag entry since tag number is not defined: 2
12-20 01:25:15.297  3588  4111 W ExifInterface: Skip the tag entry since tag number is not defined: 2
12-20 01:25:15.300  3588  4111 W ExifInterface: Skip the tag entry since tag number is not defined: 2
12-20 01:25:15.303  3588  4111 W ExifInterface: Skip the tag entry since tag number is not defined: 2
12-20 01:25:15.305  3588  4111 W ExifInterface: Skip the tag entry since tag number is not defined: 2
12-20 01:25:15.308  3588  4111 W ExifInterface: Skip the tag entry since tag number is not defined: 2
12-20 01:25:15.310  3588  4111 W ExifInterface: Skip the tag entry since tag number is not defined: 2
12-20 01:25:15.313  3588  4111 W ExifInterface: Skip the tag entry since tag number is not defined: 2
12-20 01:25:15.316  3588  4111 W ExifInterface: Skip the tag entry since tag number is not defined: 2
12-20 01:25:15.318  3588  4111 W ExifInterface: Skip the tag entry since tag number is not defined: 2
12-20 01:25:15.321  3588  4111 W ExifInterface: Skip the tag entry since tag number is not defined: 2
12-20 01:25:15.323  3588  4111 W ExifInterface: Skip the tag entry since tag number is not defined: 2
12-20 01:25:15.326  3588  4111 W ExifInterface: Skip the tag entry since tag number is not defined: 2
12-20 01:25:15.329  3588  4111 W ExifInterface: Skip the tag entry since tag number is not defined: 2
12-20 01:25:15.331  3588  4111 W ExifInterface: Skip the tag entry since tag number is not defined: 2
12-20 01:25:15.334  3588  4111 W ExifInterface: Skip the tag entry since tag number is not defined: 2
12-20 01:25:15.337  3588  4111 W ExifInterface: Skip the tag entry since tag number is not defined: 2
12-20 01:25:15.340  3588  4111 W ExifInterface: Skip the tag entry since tag number is not defined: 2
12-20 01:25:15.343  3588  4111 W ExifInterface: Skip the tag entry since tag number is not defined: 2
12-20 01:25:15.345  3588  4111 W ExifInterface: Skip the tag entry since tag number is not defined: 2
12-20 01:25:15.348  3588  4111 W ExifInterface: Skip the tag entry since tag number is not defined: 2
12-20 01:25:15.351  3588  4111 W ExifInterface: Skip the tag entry since tag number is not defined: 2
12-20 01:25:15.354  3588  4111 W ExifInterface: Skip the tag entry since tag number is not defined: 2
12-20 01:25:15.357  3588  4111 W ExifInterface: Skip the tag entry since tag number is not defined: 2
12-20 01:25:15.361  3588  4111 W ExifInterface: Skip the tag entry since tag number is not defined: 2
12-20 01:25:15.365  3588  4111 W ExifInterface: Skip the tag entry since tag number is not defined: 2
12-20 01:25:15.370  3588  4111 W ExifInterface: Skip the tag entry since tag number is not defined: 2
12-20 01:25:15.374  3588  4111 W ExifInterface: Skip the tag entry since tag number is not defined: 2
12-20 01:25:15.378  3588  4111 W ExifInterface: Skip the tag entry since tag number is not defined: 2
12-20 01:25:15.382  3588  4111 W ExifInterface: Skip the tag entry since tag number is not defined: 2
12-20 01:25:15.388  3588  4111 W ExifInterface: Skip the tag entry since tag number is not defined: 2
12-20 01:25:15.392  3588  4111 W ExifInterface: Skip the tag entry since tag number is not defined: 2
12-20 01:25:15.396  3588  4111 W ExifInterface: Skip the tag entry since tag number is not defined: 2
12-20 01:25:15.400  3588  4111 W ExifInterface: Skip the tag entry since tag number is not defined: 2
12-20 01:25:15.404  3588  4111 W ExifInterface: Skip the tag entry since tag number is not defined: 2
12-20 01:25:15.408  3588  4111 W ExifInterface: Skip the tag entry since tag number is not defined: 2
12-20 01:25:15.414  3588  4111 W ExifInterface: Skip the tag entry since tag number is not defined: 2
12-20 01:25:15.420  3588  4111 W ExifInterface: Skip the tag entry since tag number is not defined: 2
12-20 01:25:15.425  3588  4111 W ExifInterface: Skip the tag entry since tag number is not defined: 2
12-20 01:25:15.430  3588  4111 W ExifInterface: Skip the tag entry since tag number is not defined: 2
12-20 01:25:15.435  3588  4111 W ExifInterface: Skip the tag entry since tag number is not defined: 2
12-20 01:25:15.439  3588  4111 W ExifInterface: Skip the tag entry since tag number is not defined: 2
12-20 01:25:15.444  3588  4111 W ExifInterface: Skip the tag entry since tag number is not defined: 2
12-20 01:25:15.449  3588  4111 W ExifInterface: Skip the tag entry since tag number is not defined: 2
12-20 01:25:15.698  3575  3575 D PhoneStatusBar: disable: < expand ICONS* alerts SYSTEM_INFO* back home recent clock search quick_settings >
12-20 01:25:15.724  3575  4089 D mali_winsys: EGLint new_window_surface(egl_winsys_display*, void*, EGLSurface, EGLConfig, egl_winsys_surface**, egl_color_buffer_format*, EGLBoolean) returns 0x3000,  [1440x2560]-format:1
12-20 01:25:16.470  4181  4241 E ELEVEN  : calling refresh!
12-20 01:25:17.333  3966  3966 V ConfigResourceUtil: resourceName = config_spn_display_control resourceId = 2130837514resourceValue = false
12-20 01:25:17.362  3390  3952 D AlarmManagerService: Kernel timezone updated to 180 minutes west of GMT
12-20 01:25:17.386  4311  4311 D CellBroadcastReceiver: onReceive Intent { act=android.intent.action.SERVICE_STATE flg=0x10 cmp=com.android.cellbroadcastreceiver/.CellBroadcastReceiver (has extras) }
12-20 01:25:17.386  4311  4311 D CellBroadcastReceiver: Intent ACTION_SERVICE_STATE_CHANGED
12-20 01:25:17.386  4311  4311 D CellBroadcastReceiver: subscriptionId = 1
12-20 01:25:17.423  3966  3966 I Telephony: PstnIncomingCallNotifier: Unregistering: Handler (com.android.internal.telephony.gsm.GSMPhone) {a80c26b}
12-20 01:25:17.429  4430  4466 W MessagingApp: canonicalizeMccMnc: invalid mccmnc:null ,null
12-20 01:25:17.432  3390  3957 D MmsServiceBroker: getCarrierConfigValues() by com.android.messaging
12-20 01:25:17.432  3966  3989 D MmsService: getCarrierConfigValues
12-20 01:25:17.433  3966  3989 I MmsService: mms config for sub 1: Bundle[{httpSocketTimeout=60000, aliasMinChars=2, smsToMmsTextThreshold=-1, enableSMSDeliveryReports=true, maxMessageTextSize=-1, supportMmsContentDisposition=true, enabledTransID=false, aliasEnabled=false, supportHttpCharsetHeader=false, allowAttachAudio=true, smsToMmsTextLengthThreshold=-1, recipientLimit=2147483647, uaProfTagName=x-wap-profile, aliasMaxChars=48, maxImageHeight=480, enableMMSDeliveryReports=false, userAgent=, config_cellBroadcastAppLinks=true, maxSubjectLength=40, httpParams=, enableGroupMms=true, emailGatewayNumber=, maxMessageSize=307200, naiSuffix=, enableMMSReadReports=false, maxImageWidth=640, uaProfUrl=, enabledMMS=true, enabledNotifyWapMMSC=false, sendMultipartSmsAsSeparateMessages=false, enableMultipartSMS=true}]
12-20 01:25:17.433  4430  4466 I MessagingApp: Carrier configs loaded: Bundle[{httpSocketTimeout=60000, aliasMinChars=2, smsToMmsTextThreshold=-1, enableSMSDeliveryReports=true, maxMessageTextSize=-1, supportMmsContentDisposition=true, enabledTransID=false, aliasEnabled=false, supportHttpCharsetHeader=false, allowAttachAudio=true, smsToMmsTextLengthThreshold=-1, recipientLimit=2147483647, uaProfTagName=x-wap-profile, aliasMaxChars=48, maxImageHeight=480, enableMMSDeliveryReports=false, userAgent=, config_cellBroadcastAppLinks=true, maxSubjectLength=40, httpParams=, enableGroupMms=true, emailGatewayNumber=, maxMessageSize=307200, naiSuffix=, enableMMSReadReports=false, maxImageWidth=640, uaProfUrl=, enabledMMS=true, enabledNotifyWapMMSC=false, sendMultipartSmsAsSeparateMessages=false, enableMultipartSMS=true}] from resources+system for subId=1
12-20 01:25:17.439  3390  3408 I Telecom : PhoneAccountRegistrar: [ComponentInfo{com.android.phone/com.android.services.telephony.TelephonyConnectionService}, [356a192b7913b04c54574d18c28d46e6395428ab], UserHandle{0}(icon: Icon(typ=BITMAP size=76x96) -> Icon(typ=BITMAP size=76x96))]
12-20 01:25:17.447  3390  3408 I Telecom : : Sending phone-account registered intent as user
12-20 01:25:17.449  3966  3966 I Telephony: AccountEntry: Registered phoneAccount: [[ ] PhoneAccount: ComponentInfo{com.android.phone/com.android.services.telephony.TelephonyConnectionService}, [356a192b7913b04c54574d18c28d46e6395428ab], UserHandle{0} Capabilities: 54 Schemes: tel voicemail ] with handle: ComponentInfo{com.android.phone/com.android.services.telephony.TelephonyConnectionService}, [356a192b7913b04c54574d18c28d46e6395428ab], UserHandle{0}
12-20 01:25:17.449  3966  3966 I Telephony: PstnIncomingCallNotifier: Registering: Handler (com.android.internal.telephony.gsm.GSMPhone) {a80c26b}
12-20 01:25:17.451  3966  3966 W Telephony: TelecomAccountRegistry: Failed to get primary stack id
12-20 01:25:17.454  3390  3632 W Telecom : : No account found for the calling user
12-20 01:25:17.455  3966  5476 I MmsService: MmsConfigManager loads in background mcc/mnc: 722/34
12-20 01:25:17.480  3390  4353 I Telecom : PhoneAccountRegistrar: [ComponentInfo{com.android.phone/com.android.services.telephony.TelephonyConnectionService}, [356a192b7913b04c54574d18c28d46e6395428ab], UserHandle{0}(icon: Icon(typ=BITMAP size=76x96) -> Icon(typ=BITMAP size=76x96))]
12-20 01:25:17.493  3575  3575 D StatusBar: Clicked on content of -1|com.android.systemui|1397773634|public:179_1|10025
12-20 01:25:17.494  3390  4353 I Telecom : : Sending phone-account registered intent as user
12-20 01:25:17.506  3390  5239 I ActivityManager: Start proc 5477:com.android.externalstorage/u0a9 for content provider com.android.externalstorage/.ExternalStorageProvider
12-20 01:25:17.510  3061  3518 V audio_hw_primary: out_set_parameters: key value pairs: routing=2
12-20 01:25:17.529  5477  5477 W System  : ClassLoader referenced unknown path: /system/priv-app/ExternalStorageProvider/lib/arm64
12-20 01:25:17.532  5477  5477 D ExternalStorage: After updating volumes, found 2 active roots
12-20 01:25:17.535  3390  5239 I ActivityManager: Killing 4581:com.android.onetimeinitializer/u0a13 (adj 15): empty #17
12-20 01:25:17.546  3390  3995 D ActivityManager: cleanUpApplicationRecord -- 4581
12-20 01:25:17.556  3390  3995 I ActivityManager: START u0 {act=android.provider.action.BROWSE_DOCUMENT_ROOT cat=[android.intent.category.DEFAULT] dat=content://com.android.externalstorage.documents/root/067B-1A2C cmp=com.android.documentsui/.DocumentsActivity} from uid 10025 on display 0
12-20 01:25:17.562  3390  3995 W ActivityManager: startActivity called from non-Activity context; forcing Intent.FLAG_ACTIVITY_NEW_TASK for: Intent { act=android.provider.action.BROWSE_DOCUMENT_ROOT cat=[android.intent.category.DEFAULT] dat=content://com.android.externalstorage.documents/root/067B-1A2C cmp=com.android.documentsui/.DocumentsActivity }
12-20 01:25:17.586  3390  3621 W InputMethodManagerService: Window already focused, ignoring focus gain of: com.android.internal.view.IInputMethodClient$Stub$Proxy@123f9d0 attribute=null, token = android.os.BinderProxy@86f1a12
12-20 01:25:17.598  3966  3966 V ConfigResourceUtil: resourceName = config_spn_display_control resourceId = 2130837514resourceValue = false
12-20 01:25:17.619  3390  4353 I ActivityManager: Start proc 5491:com.android.documentsui/u0a39 for activity com.android.documentsui/.DocumentsActivity
12-20 01:25:17.653  3390  3632 D AlarmManagerService: Kernel timezone updated to 180 minutes west of GMT
12-20 01:25:17.689  4311  4311 D CellBroadcastReceiver: onReceive Intent { act=android.intent.action.SERVICE_STATE flg=0x10 cmp=com.android.cellbroadcastreceiver/.CellBroadcastReceiver (has extras) }
12-20 01:25:17.689  4311  4311 D CellBroadcastReceiver: Intent ACTION_SERVICE_STATE_CHANGED
12-20 01:25:17.689  4311  4311 D CellBroadcastReceiver: subscriptionId = 1
12-20 01:25:17.702  5491  5491 W System  : ClassLoader referenced unknown path: /system/app/DocumentsUI/lib/arm64
12-20 01:25:17.725  4311  4311 D CellBroadcastReceiver: Service state changed! 0 Full: 0 0 voice home data home PERSONAL AR TP 72234 PERSONAL AR TP 72234  UMTS HSUPA CSS not supported -1 -1 RoamInd=-1 DefRoamInd=-1 EmergOnly=false IsDataRoamingFromRegistration=false Current state=1
12-20 01:25:17.732  3966  3966 I Telephony: PstnIncomingCallNotifier: Unregistering: Handler (com.android.internal.telephony.gsm.GSMPhone) {a80c26b}
12-20 01:25:17.747  4430  4467 W MessagingApp: canonicalizeMccMnc: invalid mccmnc:null ,null
12-20 01:25:17.774  3390  5230 D MmsServiceBroker: getCarrierConfigValues() by com.android.messaging
12-20 01:25:17.777  3966  4443 D MmsService: getCarrierConfigValues
12-20 01:25:17.777  3966  4443 I MmsService: mms config for sub 1: Bundle[{httpSocketTimeout=60000, aliasMinChars=2, smsToMmsTextThreshold=-1, enableSMSDeliveryReports=true, maxMessageTextSize=-1, supportMmsContentDisposition=true, enabledTransID=false, aliasEnabled=false, supportHttpCharsetHeader=false, allowAttachAudio=true, smsToMmsTextLengthThreshold=-1, recipientLimit=2147483647, uaProfTagName=x-wap-profile, aliasMaxChars=48, maxImageHeight=480, enableMMSDeliveryReports=false, userAgent=, config_cellBroadcastAppLinks=true, maxSubjectLength=40, httpParams=, enableGroupMms=true, emailGatewayNumber=, maxMessageSize=307200, naiSuffix=, enableMMSReadReports=false, maxImageWidth=640, uaProfUrl=, enabledMMS=true, enabledNotifyWapMMSC=false, sendMultipartSmsAsSeparateMessages=false, enableMultipartSMS=true}]
12-20 01:25:17.795  4430  4467 I MessagingApp: Carrier configs loaded: Bundle[{httpSocketTimeout=60000, aliasMinChars=2, smsToMmsTextThreshold=-1, enableSMSDeliveryReports=true, maxMessageTextSize=-1, supportMmsContentDisposition=true, enabledTransID=false, aliasEnabled=false, supportHttpCharsetHeader=false, allowAttachAudio=true, smsToMmsTextLengthThreshold=-1, recipientLimit=2147483647, uaProfTagName=x-wap-profile, aliasMaxChars=48, maxImageHeight=480, enableMMSDeliveryReports=false, userAgent=, config_cellBroadcastAppLinks=true, maxSubjectLength=40, httpParams=, enableGroupMms=true, emailGatewayNumber=, maxMessageSize=307200, naiSuffix=, enableMMSReadReports=false, maxImageWidth=640, uaProfUrl=, enabledMMS=true, enabledNotifyWapMMSC=false, sendMultipartSmsAsSeparateMessages=false, enableMultipartSMS=true}] from resources+system for subId=1
12-20 01:25:17.853  3390  5230 I Telecom : PhoneAccountRegistrar: [ComponentInfo{com.android.phone/com.android.services.telephony.TelephonyConnectionService}, [356a192b7913b04c54574d18c28d46e6395428ab], UserHandle{0}(icon: Icon(typ=BITMAP size=76x96) -> Icon(typ=BITMAP size=76x96))(lbl: PERSONAL -> )(desc: PERSONAL -> )]
12-20 01:25:17.874  3390  5230 I Telecom : : Sending phone-account registered intent as user
12-20 01:25:17.883  3966  3966 I Telephony: AccountEntry: Registered phoneAccount: [[ ] PhoneAccount: ComponentInfo{com.android.phone/com.android.services.telephony.TelephonyConnectionService}, [356a192b7913b04c54574d18c28d46e6395428ab], UserHandle{0} Capabilities: 54 Schemes: tel voicemail ] with handle: ComponentInfo{com.android.phone/com.android.services.telephony.TelephonyConnectionService}, [356a192