12-19 17:22:31.908  4216  4870 W MediaProvider: Missing volume for /system/media/audio/ui/KeypressDelete.ogg; assuming invalid
12-19 17:22:31.910  4216  4870 W MediaProvider: Missing volume for /system/media/audio/ui/KeypressInvalid.ogg; assuming invalid
12-19 17:22:31.911  4216  4870 W MediaProvider: Missing volume for /system/media/audio/ui/KeypressReturn.ogg; assuming invalid
12-19 17:22:31.913  4216  4870 W MediaProvider: Missing volume for /system/media/audio/ui/KeypressSpacebar.ogg; assuming invalid
12-19 17:22:31.914  4216  4870 W MediaProvider: Missing volume for /system/media/audio/ui/KeypressStandard.ogg; assuming invalid
12-19 17:22:31.916  4216  4870 W MediaProvider: Missing volume for /system/media/audio/ui/Lock.ogg; assuming invalid
12-19 17:22:31.916  3016  4235 E MetadataRetrieverClient: failed to extract an album art
12-19 17:22:31.917  4216  4870 W MediaProvider: Missing volume for /system/media/audio/ui/LowBattery.ogg; assuming invalid
12-19 17:22:31.918  4216  4870 W MediaProvider: Missing volume for /system/media/audio/ui/Trusted.ogg; assuming invalid
12-19 17:22:31.920  4216  4870 W MediaProvider: Missing volume for /system/media/audio/ui/Undock.ogg; assuming invalid
12-19 17:22:31.921  4216  4870 W MediaProvider: Missing volume for /system/media/audio/ui/Unlock.ogg; assuming invalid
12-19 17:22:31.922  4216  4870 W MediaProvider: Missing volume for /system/media/audio/ui/VideoRecord.ogg; assuming invalid
12-19 17:22:31.923  4216  4870 W MediaProvider: Missing volume for /system/media/audio/ui/VideoStop.ogg; assuming invalid
12-19 17:22:31.924  4216  4870 W MediaProvider: Missing volume for /system/media/audio/ui/WirelessChargingStarted.ogg; assuming invalid
12-19 17:22:31.925  4216  4870 W MediaProvider: Missing volume for /system/media/audio/ui/camera_click.ogg; assuming invalid
12-19 17:22:31.927  4216  4870 W MediaProvider: Missing volume for /system/media/audio/ui/camera_focus.ogg; assuming invalid
12-19 17:22:32.796  4378  4413 E ELEVEN  : calling refresh!
12-19 17:22:33.943  4786  5001 I GlobalDismissManager: no sender configured
12-19 17:22:33.943  4786  5001 D AlertService: Beginning updateAlertNotification
12-19 17:22:33.947  4786  5001 D AlertService: No fired or scheduled alerts
12-19 17:22:33.950  4786  5001 D AlertService: Scheduling next alarm with AlarmScheduler. sEventReminderReceived: null
12-19 17:22:33.952  4786  5001 D AlarmScheduler: No events found starting within 1 week.
12-19 17:22:37.724  3408  3468 I InputReader: Reconfiguring input devices.  changes=0x00000010
12-19 17:22:37.725  3408  3468 I InputReader: Reconfiguring input devices.  changes=0x00000010
12-19 17:22:37.726  3408  3468 I InputReader: Reconfiguring input devices.  changes=0x00000010
12-19 17:22:37.726  3408  3421 W Searchables: No global search activity found
12-19 17:22:37.727  3408  3468 I InputReader: Reconfiguring input devices.  changes=0x00000010
12-19 17:22:37.728  3408  3468 I InputReader: Reconfiguring input devices.  changes=0x00000010
12-19 17:22:37.729  3408  3468 I InputReader: Reconfiguring input devices.  changes=0x00000010
12-19 17:22:37.731  3408  3421 W Searchables: No global search activity found
12-19 17:22:37.731  4840  4840 W ContextImpl: Calling a method in the system process without a qualified user: android.app.ContextImpl.startService:1231 android.content.ContextWrapper.startService:587 android.content.ContextWrapper.startService:587 org.cyanogenmod.providers.datausage.DataUsageAppInstallReceiver.onReceive:47 android.app.ActivityThread.handleReceiver:2759 
12-19 17:22:37.733  3408  3421 W Searchables: No global search activity found
12-19 17:22:37.737  3408  3421 W Searchables: No global search activity found
12-19 17:22:37.742  4840  4840 W ContextImpl: Calling a method in the system process without a qualified user: android.app.ContextImpl.startService:1231 android.content.ContextWrapper.startService:587 android.content.ContextWrapper.startService:587 org.cyanogenmod.providers.datausage.DataUsageAppInstallReceiver.onReceive:47 android.app.ActivityThread.handleReceiver:2759 
12-19 17:22:37.743  3408  3421 W Searchables: No global search activity found
12-19 17:22:37.745  3408  3421 W Searchables: No global search activity found
12-19 17:22:37.748  4840  4840 W ContextImpl: Calling a method in the system process without a qualified user: android.app.ContextImpl.startService:1231 android.content.ContextWrapper.startService:587 android.content.ContextWrapper.startService:587 org.cyanogenmod.providers.datausage.DataUsageAppInstallReceiver.onReceive:47 android.app.ActivityThread.handleReceiver:2759 
12-19 17:22:37.752  4840  4840 W ContextImpl: Calling a method in the system process without a qualified user: android.app.ContextImpl.startService:1231 android.content.ContextWrapper.startService:587 android.content.ContextWrapper.startService:587 org.cyanogenmod.providers.datausage.DataUsageAppInstallReceiver.onReceive:47 android.app.ActivityThread.handleReceiver:2759 
12-19 17:22:37.763  4840  4840 W ContextImpl: Calling a method in the system process without a qualified user: android.app.ContextImpl.startService:1231 android.content.ContextWrapper.startService:587 android.content.ContextWrapper.startService:587 org.cyanogenmod.providers.datausage.DataUsageAppInstallReceiver.onReceive:47 android.app.ActivityThread.handleReceiver:2759 
12-19 17:22:37.769  4840  4840 W ContextImpl: Calling a method in the system process without a qualified user: android.app.ContextImpl.startService:1231 android.content.ContextWrapper.startService:587 android.content.ContextWrapper.startService:587 org.cyanogenmod.providers.datausage.DataUsageAppInstallReceiver.onReceive:47 android.app.ActivityThread.handleReceiver:2759 
12-19 17:22:41.596  3408  3422 I ActivityManager: Waited long enough for: ServiceRecord{f9ba442 u0 com.android.providers.media/.MediaScannerService}
12-19 17:22:42.179  3408  3422 I ActivityManager: Waited long enough for: ServiceRecord{23071b4 u0 com.android.calendar/.alerts.InitAlarmsService}
12-19 17:22:42.721  3408  3422 I ActivityManager: Waited long enough for: ServiceRecord{4c0f77f u0 com.android.email/.service.LegacyImapSyncAdapterService}
12-19 17:22:45.210  2922  3473 I vold    : Trimmed 8840122368 bytes on /data in 32449ms
12-19 17:22:45.210  3408  3470 D VoldConnector: RCV <- {662 /data 8840122368 32449155170}
12-19 17:22:50.068  3706  3882 I vol.Events: writeEvent level_changed STREAM_MUSIC 10
12-19 17:22:57.244  4786  4926 D InitAlarmsService: Clearing and rescheduling alarms.
12-19 17:22:57.276  3408  4083 I ActivityManager: Killing 4067:com.android.printspooler/u0a56 (adj 15): empty #17
12-19 17:22:57.301  3408  4083 I ActivityManager: Killing 4644:com.android.cellbroadcastreceiver/u0a6 (adj 15): empty #18
12-19 17:22:57.330  3408  4083 I ActivityManager: Killing 4028:com.android.settings:CryptKeeper/1000 (adj 15): empty #19
12-19 17:22:57.353  3408  4083 I ActivityManager: Killing 4247:org.cyanogenmod.weather.provider/u0a29 (adj 15): empty #20
12-19 17:22:57.364  3408  3602 W art     : Long monitor contention event with owner method=void com.android.server.am.ActivityManagerService.removeContentProvider(android.os.IBinder, boolean) from ActivityManagerService.java:10193 waiters=0 for 101ms
12-19 17:22:57.366  3408  4082 D ActivityManager: cleanUpApplicationRecord -- 4067
12-19 17:22:57.367  3408  4054 D ActivityManager: cleanUpApplicationRecord -- 4644
12-19 17:22:57.368  3408  3703 D ActivityManager: cleanUpApplicationRecord -- 4028
12-19 17:22:57.369  3408  3701 D ActivityManager: cleanUpApplicationRecord -- 4247
12-19 17:22:57.375  3408  3700 I ActivityManager: Killing 4746:com.android.keychain/1000 (adj 15): empty #17
12-19 17:22:57.391  3408  4034 D ActivityManager: cleanUpApplicationRecord -- 4746
12-19 17:23:20.151  3408  3408 I ActivityManager: Killing 4761:com.android.dialer/u0a21 (adj 15): empty #17
12-19 17:23:20.188  3408  4105 D ActivityManager: cleanUpApplicationRecord -- 4761
12-19 17:23:25.310  3408  3429 I PowerManagerService: Going to sleep due to screen timeout (uid 1000)...
12-19 17:23:25.313  3408  3429 I PowerManagerService: Sleeping (uid 1000)...
12-19 17:23:25.350  3408  3429 D mali_winsys: EGLint new_window_surface(egl_winsys_display*, void*, EGLSurface, EGLConfig, egl_winsys_surface**, egl_color_buffer_format*, EGLBoolean) returns 0x3000,  [1440x2560]-format:1
12-19 17:23:25.355  2992  3560 D PermissionCache: checking android.permission.READ_FRAME_BUFFER for uid=1000 => granted (572 us)
12-19 17:23:25.908  3408  3429 I Sensors : Acc old sensor_state 1, new sensor_state : 0 en : 0
12-19 17:23:25.909  3408  3429 V KeyguardServiceDelegate: onScreenTurnedOff()
12-19 17:23:25.921  3408  3429 E libEGL  : call to OpenGL ES API with no current context (logged once per thread)
12-19 17:23:25.931  3408  3427 I DisplayManagerService: Display device changed state: "Built-in Screen", OFF
12-19 17:23:25.931  2992  2992 D SurfaceFlinger: Set power mode=0, type=0 flinger=0x7f93ac3c00
12-19 17:23:26.105  3408  3553 D SurfaceControl: Excessive delay in setPowerMode(): 175ms
12-19 17:23:26.110  3408  3477 D WifiConfigStore: Retrieve network priorities after PNO.
12-19 17:23:26.111  3408  3477 E WifiStateMachine:  Fail to set up pno, want false now false
12-19 17:23:26.112  3016  4261 E bt_a2dp_hw: adev_set_parameters: ERROR: set param called even when stream out is null
12-19 17:23:26.132  3408  3477 D WifiConfigStore: Retrieve network priorities after PNO.
12-19 17:23:26.133  3408  3477 E WifiStateMachine:  Fail to set up pno, want false now false
12-19 17:23:26.133  3016  4147 E bt_a2dp_hw: adev_set_parameters: ERROR: set param called even when stream out is null
12-19 17:23:27.313  3408  3429 W PowerManagerService: Sandman unresponsive, releasing suspend blocker
12-19 17:24:11.238  3408  3468 I PowerManagerService: Waking up from sleep (uid 1000)...
12-19 17:24:11.240  3408  3408 V KeyguardServiceDelegate: onStartedWakingUp()
12-19 17:24:11.242  3408  3429 I DisplayPowerController: Blocking screen on until initial contents have been drawn.
12-19 17:24:11.310  3408  3468 D PowerManagerService-JNI: Excessive delay in setInteractive(true) while turning screen on: 69ms
12-19 17:24:11.318  3408  3429 V KeyguardServiceDelegate: onScreenTurnedOn(showListener = com.android.server.policy.PhoneWindowManager$2@92f0b61)
12-19 17:24:11.321  3408  3477 D WifiConfigStore: Retrieve network priorities after PNO.
12-19 17:24:11.321  3408  3477 E WifiStateMachine:  Fail to set up pno, want false now false
12-19 17:24:11.322  3016  4098 E bt_a2dp_hw: adev_set_parameters: ERROR: set param called even when stream out is null
12-19 17:24:11.324  3408  3427 I DisplayManagerService: Display device changed state: "Built-in Screen", ON
12-19 17:24:11.328  2992  2992 D SurfaceFlinger: Set power mode=2, type=0 flinger=0x7f93ac3c00
12-19 17:24:11.337  3408  4082 V KeyguardServiceDelegate: **** SHOWN CALLED ****
12-19 17:24:11.391  3408  3423 I Sensors : Acc old sensor_state 0, new sensor_state : 1 en : 1
12-19 17:24:11.397  3408  3429 I DisplayPowerController: Unblocked screen on after 154 ms
12-19 17:24:11.379  3423  3423 I android.ui: type=1400 audit(0.0:226): avc: denied { read } for name="batch_io" dev="tmpfs" ino=13517 scontext=u:r:system_server:s0 tcontext=u:object_r:device:s0 tclass=chr_file permissive=1
12-19 17:24:11.379  3423  3423 I android.ui: type=1400 audit(0.0:226): avc: denied { open } for path="/dev/batch_io" dev="tmpfs" ino=13517 scontext=u:r:system_server:s0 tcontext=u:object_r:device:s0 tclass=chr_file permissive=1
12-19 17:24:11.379  3423  3423 W android.ui: type=1300 audit(0.0:226): arch=c00000b7 syscall=56 success=yes exit=182 a0=ffffff9c a1=7f97762528 a2=0 a3=0 items=0 ppid=3023 auid=4294967295 uid=1000 gid=1000 euid=1000 suid=1000 fsuid=1000 egid=1000 sgid=1000 fsgid=1000 tty=(none) ses=4294967295 exe="/system/bin/app_process64" subj=u:r:system_server:s0 key=(null)
12-19 17:24:11.379  2929  2929 W auditd  : type=1327 audit(0.0:226): proctitle="system_server"
12-19 17:24:11.397  3408  3429 V KeyguardServiceDelegate: onScreenTurnedOn()
12-19 17:24:11.379  2929  2929 W auditd  : type=1320 audit(0.0:226): 
12-19 17:24:11.379  3423  3423 I android.ui: type=1400 audit(0.0:227): avc: denied { ioctl } for path="/dev/batch_io" dev="tmpfs" ino=13517 ioctlcmd=fc00 scontext=u:r:system_server:s0 tcontext=u:object_r:device:s0 tclass=chr_file permissive=1
12-19 17:24:11.379  3423  3423 W android.ui: type=1300 audit(0.0:227): arch=c00000b7 syscall=29 success=yes exit=0 a0=b6 a1=8008fc00 a2=7f989b1738 a3=7f989b1700 items=0 ppid=3023 auid=4294967295 uid=1000 gid=1000 euid=1000 suid=1000 fsuid=1000 egid=1000 sgid=1000 fsgid=1000 tty=(none) ses=4294967295 exe="/system/bin/app_process64" subj=u:r:system_server:s0 key=(null)
12-19 17:24:11.379  2929  2929 W auditd  : type=1327 audit(0.0:227): proctitle="system_server"
12-19 17:24:11.379  2929  2929 W auditd  : type=1320 audit(0.0:227): 
12-19 17:24:11.547  3408  3553 D SurfaceControl: Excessive delay in setPowerMode(): 224ms
12-19 17:24:11.653  3408  3423 I WindowManager: Not starting activity because user setup is in progress: Intent { act=android.intent.action.MAIN cat=[android.intent.category.HOME] flg=0x10200000 (has extras) }
12-19 17:24:13.092  3408  3478 D WifiService: New client listening to asynchronous messages
12-19 17:24:13.096  3408  4082 D WifiService: setWifiEnabled: true pid=4150, uid=1000
12-19 17:24:13.096  3408  4082 E WifiService: Invoking mWifiStateMachine.setWifiEnabled
12-19 17:24:13.098  3408  3477 E WifiMonitor: killSupplicant p2ptrue init.svc.wpa_supplicant=unknown init.svc.p2p_supplicant=unknown
12-19 17:24:13.101  3016  3493 V audio_hw_primary: out_set_parameters: key value pairs: routing=2
12-19 17:24:13.111  3016  3493 V audio_hw_primary: start_output_stream: starting stream
12-19 17:24:13.116  3408  4082 I ActivityManager: START u0 {act=com.android.net.wifi.SETUP_WIFI_NETWORK cmp=com.android.settings/.wifi.WifiSetupActivity (has extras)} from uid 1000 on display 0
12-19 17:24:13.155  3016  3493 V audio_hw_primary: select_devices() devices 0x2 input src 0 output route media-speaker input route none
12-19 17:24:13.201  3011  3400 D SoftapController: Softap fwReload - Ok
12-19 17:24:13.205  3011  3400 D CommandListener: Setting iface cfg
12-19 17:24:13.205  3011  3400 D CommandListener: Trying to bring down wlan0
12-19 17:24:13.206  3011  3400 D CommandListener: Clearing all IP addresses on wlan0
12-19 17:24:13.271  3016  3493 V audio_hw_primary: adev_set_call_audio_path: ril_set_call_audio_path(2)
12-19 17:24:13.271  3016  3493 E audio_hw_primary: Connect_RILD() failed
12-19 17:24:13.271  3016  3493 V audio_hw_primary: start_output_stream: stream out device: 2, actual: 2
12-19 17:24:13.293  4130  5149 D OpenGLRenderer: Use EGL_SWAP_BEHAVIOR_PRESERVED: true
12-19 17:24:13.321  4130  5149 I OpenGLRenderer: Initialized EGL, version 1.4
12-19 17:24:13.331  4130  5149 D mali_winsys: EGLint new_window_surface(egl_winsys_display*, void*, EGLSurface, EGLConfig, egl_winsys_surface**, egl_color_buffer_format*, EGLBoolean) returns 0x3000,  [1440x2560]-format:1
12-19 17:24:13.418  3408  3427 I ActivityManager: Displayed com.android.settings/.wifi.WifiSetupActivity: +283ms
12-19 17:24:13.447  4150  4471 D OpenGLRenderer: endAllStagingAnimators on 0x7f98f29800 (RippleDrawable) with handle 0x7fad77f0e0
12-19 17:24:13.841  3408  3477 D wifi    : set interface wlan0 flags (UP)
12-19 17:24:13.841  3408  3477 I WifiHAL : Initializing wifi
12-19 17:24:13.841  3408  3477 I WifiHAL : Creating socket
12-19 17:24:13.844  3408  3477 I WifiHAL : Initialized Wifi HAL Successfully; vendor cmd = 103
12-19 17:24:13.844  3408  3477 D wifi    : Did set static halHandle = 0x7f8daacb40
12-19 17:24:13.844  3408  3477 D wifi    : halHandle = 0x7f8daacb40, mVM = 0x7faed8d140, mCls = 0x2012ba
12-19 17:24:13.844  3408  3477 D wifi    : array field set
12-19 17:24:13.844  3408  3477 I WifiNative-HAL: interface[0] = wlan0
12-19 17:24:13.844  3408  3477 I WifiNative-HAL: interface[1] = p2p0
12-19 17:24:13.847  3408  5168 I WifiNative-HAL: Waiting for HAL events mWifiHalHandle=547837627200
12-19 17:24:13.847  3408  5168 D wifi    : waitForHalEvents called, vm = 0x7faed8d140, obj = 0x2012ba, env = 0x7f97036580
12-19 17:24:13.871  5169  5169 I wpa_supplicant: Successfully initialized wpa_supplicant
12-19 17:24:13.872  5169  5169 I wpa_supplicant: rfkill: Cannot open RFKILL control device
12-19 17:24:13.952  3408  3477 D WifiMonitor: startMonitoring(wlan0) with mConnected = false
12-19 17:24:13.977  5169  5169 I wpa_supplicant: rfkill: Cannot open RFKILL control device
12-19 17:24:13.977  5169  5169 E wpa_supplicant: Could not read interface p2p-dev-wlan0 flags: No such device
12-19 17:24:13.998  3408  3477 D WifiConfigStore: Loading config and enabling all networks 
12-19 17:24:13.999  3408  3477 D WifiConfigStore: loaded 0 passpoint configs
12-19 17:24:13.999  3408  3477 E WifiConfigStore: Error parsing configuration: java.io.FileNotFoundException: /data/misc/wifi/ipconfig.txt: open failed: ENOENT (No such file or directory)
12-19 17:24:14.000  3408  3477 E WifiConfigStore: readNetworkHistory: No config file, revert to default, java.io.FileNotFoundException: /data/misc/wifi/networkHistory.txt: open failed: ENOENT (No such file or directory)
12-19 17:24:14.000  3408  3477 E WifiConfigStore: java.io.FileNotFoundException: /data/misc/wifi/networkHistory.txt: open failed: ENOENT (No such file or directory)
12-19 17:24:14.000  3408  3477 E WifiConfigStore: 	at libcore.io.IoBridge.open(IoBridge.java:452)
12-19 17:24:14.000  3408  3477 E WifiConfigStore: 	at java.io.FileInputStream.<init>(FileInputStream.java:76)
12-19 17:24:14.000  3408  3477 E WifiConfigStore: 	at java.io.FileInputStream.<init>(FileInputStream.java:103)
12-19 17:24:14.000  3408  3477 E WifiConfigStore: 	at com.android.server.wifi.WifiConfigStore.readNetworkHistory(WifiConfigStore.java:2457)
12-19 17:24:14.000  3408  3477 E WifiConfigStore: 	at com.android.server.wifi.WifiConfigStore.loadConfiguredNetworks(WifiConfigStore.java:2022)
12-19 17:24:14.000  3408  3477 E WifiConfigStore: 	at com.android.server.wifi.WifiConfigStore.loadAndEnableAllNetworks(WifiConfigStore.java:729)
12-19 17:24:14.000  3408  3477 E WifiConfigStore: 	at com.android.server.wifi.WifiStateMachine$SupplicantStartingState.processMessage(WifiStateMachine.java:6178)
12-19 17:24:14.000  3408  3477 E WifiConfigStore: 	at com.android.internal.util.StateMachine$SmHandler.processMsg(StateMachine.java:968)
12-19 17:24:14.000  3408  3477 E WifiConfigStore: 	at com.android.internal.util.StateMachine$SmHandler.handleMessage(StateMachine.java:791)
12-19 17:24:14.000  3408  3477 E WifiConfigStore: 	at android.os.Handler.dispatchMessage(Handler.java:102)
12-19 17:24:14.000  3408  3477 E WifiConfigStore: 	at android.os.Looper.loop(Looper.java:148)
12-19 17:24:14.000  3408  3477 E WifiConfigStore: 	at android.os.HandlerThread.run(HandlerThread.java:61)
12-19 17:24:14.000  3408  3477 E WifiConfigStore: Caused by: android.system.ErrnoException: open failed: ENOENT (No such file or directory)
12-19 17:24:14.000  3408  3477 E WifiConfigStore: 	at libcore.io.Posix.open(Native Method)
12-19 17:24:14.000  3408  3477 E WifiConfigStore: 	at libcore.io.BlockGuardOs.open(BlockGuardOs.java:186)
12-19 17:24:14.000  3408  3477 E WifiConfigStore: 	at libcore.io.IoBridge.open(IoBridge.java:438)
12-19 17:24:14.000  3408  3477 E WifiConfigStore: 	... 11 more
12-19 17:24:14.002  3408  3477 E WifiConfigStore: readAutoJoinStatus: Error parsing configurationjava.io.FileNotFoundException: /data/misc/wifi/autojoinconfig.txt: open failed: ENOENT (No such file or directory)
12-19 17:24:14.002  3408  3477 E WifiConfigStore: buildPnoList sortedWifiConfigurations size 0
12-19 17:24:14.003  3408  3426 D Tethering: sendTetherStateChangedBroadcast 1, 0, 0
12-19 17:24:14.004  3408  3477 E WifiConfigStore: --- Begin /data/misc/wifi/wpa_supplicant.conf ---
12-19 17:24:14.005  3408  3477 E WifiConfigStore: update_config=1
12-19 17:24:14.005  3408  3477 E WifiConfigStore: eapol_version=1
12-19 17:24:14.005  3408  3477 E WifiConfigStore: ap_scan=1
12-19 17:24:14.005  3408  3477 E WifiConfigStore: fast_reauth=1
12-19 17:24:14.005  3408  3477 E WifiConfigStore: pmf=1
12-19 17:24:14.006  3408  3477 E WifiConfigStore: --- End /data/misc/wifi/wpa_supplicant.conf Contents ---
12-19 17:24:14.006  3408  3477 E WifiConfigStore: --- Begin /data/misc/wifi/wpa_supplicant.conf.tmp ---
12-19 17:24:14.006  3408  3477 E WifiConfigStore: Could not open /data/misc/wifi/wpa_supplicant.conf.tmp, java.io.FileNotFoundException: /data/misc/wifi/wpa_supplicant.conf.tmp: open failed: ENOENT (No such file or directory)
12-19 17:24:14.007  3408  3477 E WifiConfigStore: --- End /data/misc/wifi/wpa_supplicant.conf.tmp Contents ---
12-19 17:24:14.007  3408  3477 E WifiConfigStore: --- Begin /data/misc/wifi/networkHistory.txt ---
12-19 17:24:14.007  3408  3477 E WifiConfigStore: Could not open /data/misc/wifi/networkHistory.txt, java.io.FileNotFoundException: /data/misc/wifi/networkHistory.txt: open failed: ENOENT (No such file or directory)
12-19 17:24:14.008  3408  3477 E WifiConfigStore: --- End /data/misc/wifi/networkHistory.txt Contents ---
12-19 17:24:14.013  3408  3477 D WifiNative-HAL: Setting external_sim to 1
12-19 17:24:14.014  3408  3477 D wifi    : setting dfs flag to true, 0x7f924fcba0
12-19 17:24:14.015  3408  3477 D WifiStateMachine: Setting OUI to DA-A1-19
12-19 17:24:14.015  3408  3477 D wifi    : setting scan oui 0x7f924fcba0
12-19 17:24:14.015  3408  3477 D WifiHAL : Sending mac address OUI
12-19 17:24:14.023  3408  3477 E native  : do suspend false
12-19 17:24:14.035  3408  3408 D RttService: SCAN_AVAILABLE : 3
12-19 17:24:14.035  3408  3535 D RttService: DefaultState got{ when=0 what=160512 target=com.android.internal.util.StateMachine$SmHandler }
12-19 17:24:14.036  3408  3477 D wifi    : android_net_wifi_setLinkLayerStats: 1
12-19 17:24:14.037  3011  3400 D CommandListener: Setting iface cfg
12-19 17:24:14.037  3011  3400 D CommandListener: Trying to bring up p2p0
12-19 17:24:14.042  3408  3476 D WifiMonitor: startMonitoring(p2p0) with mConnected = true
12-19 17:24:14.048  3408  3477 D WifiConfigStore: Retrieve network priorities after PNO.
12-19 17:24:14.070  3408  3476 D WifiNative-HAL: p2pGetDeviceAddress
12-19 17:24:14.071  3408  3476 D WifiNative-HAL: p2pGetDeviceAddress returning 62:f1:89:8a:1f:e7
12-19 17:24:14.071  3408  3477 D WifiConfigStore: Retrieve network priorities after PNO.
12-19 17:24:16.412  3016  3493 V audio_hw_primary: do_out_standby: output standby: 0
12-19 17:24:24.075  3408  3477 D WifiConfigStore: Retrieve network priorities after PNO.
12-19 17:24:34.084  3408  3477 D WifiConfigStore: Retrieve network priorities after PNO.
12-19 17:24:36.443  4378  4413 E ELEVEN  : calling refresh!
12-19 17:24:44.094  3408  3477 D WifiConfigStore: Retrieve network priorities after PNO.
12-19 17:24:54.105  3408  3477 D WifiConfigStore: Retrieve network priorities after PNO.
12-19 17:25:04.114  3408  3477 D WifiConfigStore: Retrieve network priorities after PNO.
12-19 17:25:13.011  3408  3429 I PowerManagerService: Going to sleep due to screen timeout (uid 1000)...
12-19 17:25:13.012  3408  3429 I PowerManagerService: Sleeping (uid 1000)...
12-19 17:25:13.035  3408  3429 D mali_winsys: EGLint new_window_surface(egl_winsys_display*, void*, EGLSurface, EGLConfig, egl_winsys_surface**, egl_color_buffer_format*, EGLBoolean) returns 0x3000,  [1440x2560]-format:1
12-19 17:25:13.518  3408  3429 I Sensors : Acc old sensor_state 1, new sensor_state : 0 en : 0
12-19 17:25:13.520  3408  3429 V KeyguardServiceDelegate: onScreenTurnedOff()
12-19 17:25:13.542  3408  3427 I DisplayManagerService: Display device changed state: "Built-in Screen", OFF
12-19 17:25:13.542  2992  2992 D SurfaceFlinger: Set power mode=0, type=0 flinger=0x7f93ac3c00
12-19 17:25:13.724  3408  3553 D SurfaceControl: Excessive delay in setPowerMode(): 182ms
12-19 17:25:13.727  3016  4259 E bt_a2dp_hw: adev_set_parameters: ERROR: set param called even when stream out is null
12-19 17:25:13.763  3408  3477 E native  : do suspend true
12-19 17:25:15.013  3408  3429 W PowerManagerService: Sandman unresponsive, releasing suspend blocker
