12-26 01:23:28.285  4205  4205 I Zygote  : ...preloaded 41 resources in 4ms.
12-26 01:23:28.294  4205  4205 D libEGL  : loaded /vendor/lib64/egl/libGLES_mali.so
12-26 01:23:28.313  4205  4205 I Zygote  : Preloading shared libraries...
12-26 01:23:28.320  4205  4205 I Zygote  : Uninstalled ICU cache reference pinning...
12-26 01:23:28.321  4205  4205 I Zygote  : Installed AndroidKeyStoreProvider in 1ms.
12-26 01:23:28.333  4205  4205 I Zygote  : Warmed up JCA providers in 12ms.
12-26 01:23:28.333  4205  4205 D Zygote  : end preload
12-26 01:23:28.333  4205  4205 I art     : Waiting for a blocking GC Explicit
12-26 01:23:28.341  4205  4205 I art     : WaitForGcToComplete blocked for 7.843ms for cause Explicit
12-26 01:23:28.341  4205  4205 I art     : Starting a blocking GC Explicit
12-26 01:23:28.358  4205  4205 I art     : Explicit concurrent mark sweep GC freed 76(5KB) AllocSpace objects, 0(0B) LOS objects, 40% free, 9MB/16MB, paused 81us total 16.929ms
12-26 01:23:28.358  4205  4205 I art     : Starting a blocking GC Explicit
12-26 01:23:28.365  4205  4205 I art     : Explicit concurrent mark sweep GC freed 5(128B) AllocSpace objects, 0(0B) LOS objects, 40% free, 9MB/16MB, paused 87us total 6.998ms
12-26 01:23:28.399  4206  4206 V audio_hw_primary: adev_open: Forcing voice config: wide
12-26 01:23:28.399  4206  4206 I AudioFlinger: loadHwModule() Loaded primary audio interface from Samsung audio HW HAL (audio) handle 10
12-26 01:23:28.399  4206  4206 I AudioFlinger: openOutput(), module 10 Device 2, SamplingRate 48000, Format 0x000001, Channels 3, flags a
12-26 01:23:28.399  4206  4206 I AudioFlinger: HAL output buffer size 1024 frames, normal sink buffer size 1024 frames
12-26 01:23:28.401  4206  4206 I BufferProvider: found effect "Multichannel Downmix To Stereo" from The Android Open Source Project
12-26 01:23:28.401  4206  4206 I AudioFlinger: Using module 10 has the primary audio interface
12-26 01:23:28.401  4206  4327 I AudioFlinger: AudioFlinger's thread 0xf5d83c80 ready to run
12-26 01:23:28.402  4206  4327 W BatteryNotifier: batterystats service unavailable!
12-26 01:23:28.402  4206  4327 V audio_hw_primary: do_out_standby: output standby: 1
12-26 01:23:28.402  4206  4327 W BatteryNotifier: batterystats service unavailable!
12-26 01:23:28.402  4206  4327 W BatteryNotifier: batterystats service unavailable!
12-26 01:23:28.403  4206  4327 V audio_hw_primary: out_set_parameters: key value pairs: routing=2
12-26 01:23:28.403  4206  4327 W AudioFlinger: no wake lock to update, system not ready yet
12-26 01:23:28.403  4206  4206 I AudioFlinger: openOutput(), module 10 Device 2, SamplingRate 48000, Format 0x000001, Channels 3, flags 4
12-26 01:23:28.403  4206  4206 I AudioFlinger: HAL output buffer size 256 frames, normal sink buffer size 768 frames
12-26 01:23:28.404  4206  4330 I AudioFlinger: AudioFlinger's thread 0xf5b83d80 ready to run
12-26 01:23:28.404  4206  4330 W BatteryNotifier: batterystats service unavailable!
12-26 01:23:28.404  4206  4330 V audio_hw_primary: out_set_parameters: key value pairs: routing=2
12-26 01:23:28.404  4206  4330 V audio_hw_primary: do_out_standby: output standby: 1
12-26 01:23:28.404  4206  4330 W BatteryNotifier: batterystats service unavailable!
12-26 01:23:28.404  4206  4330 W BatteryNotifier: batterystats service unavailable!
12-26 01:23:28.404  4206  4330 W AudioFlinger: no wake lock to update, system not ready yet
12-26 01:23:28.405  4206  4206 V audio_hw_primary: adev_open_input_stream: Requesting input stream with rate: 48000, channels: 0xc
12-26 01:23:28.405  4206  4331 I AudioFlinger: AudioFlinger's thread 0xf5883bc0 ready to run
12-26 01:23:28.406  4206  4206 I bt_a2dp_hw: adev_open:  adev_open in A2dp_hw module
12-26 01:23:28.406  4206  4206 I AudioFlinger: loadHwModule() Loaded a2dp audio interface from A2DP Audio HW HAL (audio) handle 18
12-26 01:23:28.406  4206  4206 I AudioFlinger: loadHwModule() Loaded usb audio interface from USB audio HW HAL (audio) handle 26
12-26 01:23:28.407  4206  4206 I r_submix: adev_open(name=audio_hw_if)
12-26 01:23:28.407  4206  4206 I r_submix: adev_init_check()
12-26 01:23:28.407  4206  4206 I AudioFlinger: loadHwModule() Loaded r_submix audio interface from Wifi Display audio HAL (audio) handle 34
12-26 01:23:28.407  4206  4206 D r_submix: adev_open_input_stream(addr=0)
12-26 01:23:28.407  4206  4206 D r_submix: submix_audio_device_create_pipe_l(addr=0, idx=9)
12-26 01:23:28.407  4206  4206 D r_submix:   now using address 0 for route 9
12-26 01:23:28.407  4206  4332 I AudioFlinger: AudioFlinger's thread 0xf5803300 ready to run
12-26 01:23:28.407  4206  4206 D r_submix: adev_close_input_stream()
12-26 01:23:28.407  4206  4206 D r_submix: submix_audio_device_release_pipe_l(idx=9) addr=0
12-26 01:23:28.407  4206  4206 D r_submix: submix_audio_device_destroy_pipe_l(): pipe destroyed
12-26 01:23:28.408  4206  4206 I RadioService: RadioService
12-26 01:23:28.408  4206  4206 I RadioService: onFirstRef
12-26 01:23:28.408  4206  4206 E RadioService: couldn't load radio module radio.primary (No such file or directory)
12-26 01:23:28.409  4206  4206 E SoundTriggerHwService: couldn't load sound trigger module sound_trigger.primary (No such file or directory)
12-26 01:23:28.412  4205  4257 I art     : Starting a blocking GC HeapTrim
12-26 01:23:28.414  4205  4205 I art     : Starting a blocking GC Background
12-26 01:23:28.419  2928  2928 W auditd  : type=1325 audit(0.0:820): table=filter family=10 entries=74
12-26 01:23:28.419  2928  2928 W auditd  : type=1320 audit(0.0:820): 
12-26 01:23:28.429  2928  2928 W auditd  : type=1325 audit(0.0:821): table=filter family=2 entries=64
12-26 01:23:28.429  2928  2928 W auditd  : type=1320 audit(0.0:821): 
12-26 01:23:28.443  4205  4205 I Zygote  : System server process 4337 has been created
12-26 01:23:28.443  4205  4205 I Zygote  : Accepting command socket connections
12-26 01:23:28.449  2928  2928 W auditd  : type=1325 audit(0.0:822): table=filter family=10 entries=76
12-26 01:23:28.449  2928  2928 W auditd  : type=1320 audit(0.0:822): 
12-26 01:23:28.449  2928  2928 W auditd  : type=1325 audit(0.0:823): table=filter family=2 entries=65
12-26 01:23:28.449  2928  2928 W auditd  : type=1320 audit(0.0:823): 
12-26 01:23:28.465  4337  4337 I Zygote  : Process: zygote socket opened, supported ABIS: armeabi-v7a,armeabi
12-26 01:23:28.466  4337  4337 I InstallerConnection: connecting...
12-26 01:23:28.466  3049  3049 I         : new connection
12-26 01:23:28.470  4337  4337 I InstallerConnection: disconnecting...
12-26 01:23:28.470  3049  3049 E         : eof
12-26 01:23:28.470  3049  3049 E         : failed to read size
12-26 01:23:28.470  3049  3049 I         : closing connection
12-26 01:23:28.482  4337  4337 I SystemServer: Entered the Android system server!
12-26 01:23:28.479  2928  2928 W auditd  : type=1325 audit(0.0:824): table=filter family=10 entries=77
12-26 01:23:28.479  2928  2928 W auditd  : type=1320 audit(0.0:824): 
12-26 01:23:28.489  2928  2928 W auditd  : type=1325 audit(0.0:825): table=filter family=2 entries=64
12-26 01:23:28.489  2928  2928 W auditd  : type=1320 audit(0.0:825): 
12-26 01:23:28.496  4337  4337 D AndroidRuntime: Shutting down VM
12-26 01:23:28.497  4337  4337 E AndroidRuntime: *** FATAL EXCEPTION IN SYSTEM PROCESS: main
12-26 01:23:28.497  4337  4337 E AndroidRuntime: java.lang.UnsatisfiedLinkError: dlopen failed: cannot locate symbol "_ZN7android6SensorC1Ev" referenced by "/system/lib64/libsensorservice.so"...
12-26 01:23:28.497  4337  4337 E AndroidRuntime: 	at java.lang.Runtime.loadLibrary0(Runtime.java:989)
12-26 01:23:28.497  4337  4337 E AndroidRuntime: 	at java.lang.System.loadLibrary(System.java:1530)
12-26 01:23:28.497  4337  4337 E AndroidRuntime: 	at com.android.server.SystemServer.run(SystemServer.java:340)
12-26 01:23:28.497  4337  4337 E AndroidRuntime: 	at com.android.server.SystemServer.main(SystemServer.java:233)
12-26 01:23:28.497  4337  4337 E AndroidRuntime: 	at java.lang.reflect.Method.invoke(Native Method)
12-26 01:23:28.497  4337  4337 E AndroidRuntime: 	at com.android.internal.os.ZygoteInit$MethodAndArgsCaller.run(ZygoteInit.java:886)
12-26 01:23:28.497  4337  4337 E AndroidRuntime: 	at com.android.internal.os.ZygoteInit.main(ZygoteInit.java:776)
12-26 01:23:28.498  4337  4337 E AndroidRuntime: Error reporting crash
12-26 01:23:28.498  4337  4337 E AndroidRuntime: java.lang.NullPointerException: Attempt to invoke interface method 'void android.app.IActivityManager.handleApplicationCrash(android.os.IBinder, android.app.ApplicationErrorReport$CrashInfo)' on a null object reference
12-26 01:23:28.498  4337  4337 E AndroidRuntime: 	at com.android.internal.os.RuntimeInit$UncaughtHandler.uncaughtException(RuntimeInit.java:97)
12-26 01:23:28.498  4337  4337 E AndroidRuntime: 	at java.lang.ThreadGroup.uncaughtException(ThreadGroup.java:1068)
12-26 01:23:28.498  4337  4337 E AndroidRuntime: 	at java.lang.ThreadGroup.uncaughtException(ThreadGroup.java:1063)
12-26 01:23:28.498  4337  4337 I Process : Sending signal. PID: 4337 SIG: 9
12-26 01:23:28.489  2928  2928 W auditd  : type=1325 audit(0.0:826): table=filter family=10 entries=76
12-26 01:23:28.489  2928  2928 W auditd  : type=1320 audit(0.0:826): 
12-26 01:23:28.499  2928  2928 W auditd  : type=1325 audit(0.0:827): table=filter family=2 entries=64
12-26 01:23:28.499  2928  2928 W auditd  : type=1320 audit(0.0:827): 
12-26 01:23:28.509  2928  2928 W auditd  : type=1325 audit(0.0:828): table=filter family=10 entries=76
12-26 01:23:28.509  2928  2928 W auditd  : type=1320 audit(0.0:828): 
12-26 01:23:28.509  2928  2928 W auditd  : type=1325 audit(0.0:829): table=filter family=2 entries=62
12-26 01:23:28.509  2928  2928 W auditd  : type=1320 audit(0.0:829): 
12-26 01:23:28.592  4205  4205 E Zygote  : Exit zygote because system server (4337) has terminated
12-26 01:23:28.665  3000  3000 I ServiceManager: service 'media.player' died
12-26 01:23:28.665  3000  3000 I ServiceManager: service 'media.resource_manager' died
12-26 01:23:28.667  3000  3000 I ServiceManager: service 'media.sound_trigger_hw' died
12-26 01:23:28.667  3000  3000 I ServiceManager: service 'media.radio' died
12-26 01:23:28.667  3000  3000 I ServiceManager: service 'media.audio_flinger' died
12-26 01:23:28.667  3000  3000 I ServiceManager: service 'media.audio_policy' died
12-26 01:23:32.669  4399  4399 I gpsd    : type=1400 audit(0.0:851): avc: denied { getattr } for path="/vendor" dev="rootfs" ino=3130 scontext=u:r:gpsd:s0 tcontext=u:object_r:rootfs:s0 tclass=lnk_file permissive=1
12-26 01:23:32.669  4399  4399 W gpsd    : type=1300 audit(0.0:851): arch=c00000b7 syscall=79 success=yes exit=0 a0=ffffff9c a1=7fe4718b00 a2=7fe4715948 a3=100 items=0 ppid=1 auid=4294967295 uid=1021 gid=1000 euid=1021 suid=1021 fsuid=1021 egid=1000 sgid=1000 fsgid=1000 tty=(none) ses=4294967295 exe="/system/bin/gpsd" subj=u:r:gpsd:s0 key=(null)
12-26 01:23:32.669  2928  2928 W auditd  : type=1327 audit(0.0:851): proctitle=2F73797374656D2F62696E2F67707364002D63002F73797374656D2F6574632F6770732E786D6C
12-26 01:23:32.669  2928  2928 W auditd  : type=1320 audit(0.0:851): 
12-26 01:23:32.669  4402  4402 I cameraserver: type=1400 audit(0.0:852): avc: denied { getattr } for path="/vendor" dev="rootfs" ino=3130 scontext=u:r:cameraserver:s0 tcontext=u:object_r:rootfs:s0 tclass=lnk_file permissive=1
12-26 01:23:32.669  4402  4402 W cameraserver: type=1300 audit(0.0:852): arch=40000028 syscall=327 per=8 success=yes exit=0 a0=ffffff9c a1=ffb03b18 a2=ffb009f8 a3=100 items=0 ppid=1 auid=4294967295 uid=1047 gid=1005 euid=1047 suid=1047 fsuid=1047 egid=1005 sgid=1005 fsgid=1005 tty=(none) ses=4294967295 exe="/system/bin/cameraserver" subj=u:r:cameraserver:s0 key=(null)
12-26 01:23:32.669  2928  2928 W auditd  : type=1327 audit(0.0:852): proctitle="/system/bin/cameraserver"
12-26 01:23:32.669  2928  2928 W auditd  : type=1320 audit(0.0:852): 
12-26 01:23:32.669  4405  4405 I init    : type=1400 audit(0.0:853): avc: denied { create } for name="sap_uim_socket1" scontext=u:r:init:s0 tcontext=u:object_r:socket_device:s0 tclass=sock_file permissive=1
12-26 01:23:32.669  4405  4405 W init    : type=1300 audit(0.0:853): arch=c00000b7 syscall=200 success=yes exit=0 a0=c a1=7fe1329e18 a2=6e a3=17 items=0 ppid=1 auid=4294967295 uid=0 gid=0 euid=0 suid=0 fsuid=0 egid=0 sgid=0 fsgid=0 tty=(none) ses=4294967295 exe="/init" subj=u:r:init:s0 key=(null)
12-26 01:23:32.669  2928  2928 W auditd  : type=1327 audit(0.0:853): proctitle=2F696E6974002D2D7365636F6E642D7374616765
12-26 01:23:32.669  2928  2928 W auditd  : type=1320 audit(0.0:853): 
12-26 01:23:32.669  4405  4405 I init    : type=1400 audit(0.0:854): avc: denied { setattr } for name="sap_uim_socket1" dev="tmpfs" ino=26677 scontext=u:r:init:s0 tcontext=u:object_r:socket_device:s0 tclass=sock_file permissive=1
12-26 01:23:32.669  4405  4405 W init    : type=1300 audit(0.0:854): arch=c00000b7 syscall=54 success=yes exit=0 a0=ffffff9c a1=7fe1329e1a a2=3ea a3=3ea items=0 ppid=1 auid=4294967295 uid=0 gid=0 euid=0 suid=0 fsuid=0 egid=0 sgid=0 fsgid=0 tty=(none) ses=4294967295 exe="/init" subj=u:r:init:s0 key=(null)
12-26 01:23:32.669  2928  2928 W auditd  : type=1327 audit(0.0:854): proctitle=2F696E6974002D2D7365636F6E642D7374616765
12-26 01:23:32.669  2928  2928 W auditd  : type=1320 audit(0.0:854): 
12-26 01:23:32.679  4401  4401 I audioserver: type=1400 audit(0.0:855): avc: denied { getattr } for path="/vendor" dev="rootfs" ino=3130 scontext=u:r:audioserver:s0 tcontext=u:object_r:rootfs:s0 tclass=lnk_file permissive=1
12-26 01:23:32.679  4401  4401 W audioserver: type=1300 audit(0.0:855): arch=40000028 syscall=327 per=8 success=yes exit=0 a0=ffffff9c a1=ffa8df98 a2=ffa8ae78 a3=100 items=0 ppid=1 auid=4294967295 uid=1041 gid=1005 euid=1041 suid=1041 fsuid=1041 egid=1005 sgid=1005 fsgid=1005 tty=(none) ses=4294967295 exe="/system/bin/audioserver" subj=u:r:audioserver:s0 key=(null)
12-26 01:23:32.679  2928  2928 W auditd  : type=1327 audit(0.0:855): proctitle="/system/bin/audioserver"
12-26 01:23:32.679  2928  2928 W auditd  : type=1320 audit(0.0:855): 
12-26 01:23:32.692  4399  4399 F libc    : CANNOT LINK EXECUTABLE "/system/bin/gpsd": cannot locate symbol "_ZNK7android13SensorManager13getSensorListEPPKPKNS_6SensorE" referenced by "/system/bin/gpsd"...
12-26 01:23:32.692  4399  4399 F libc    : Fatal signal 6 (SIGABRT), code -6 in tid 4399 (gpsd)
12-26 01:23:32.693  2931  2931 W         : debuggerd: handling request: pid=4399 uid=1021 gid=1000 tid=4399
12-26 01:23:32.700  4406  4406 E         : debuggerd: Unable to connect to activity manager (connect failed: No such file or directory)
12-26 01:23:32.701  4406  4406 F DEBUG   : *** *** *** *** *** *** *** *** *** *** *** *** *** *** *** ***
12-26 01:23:32.701  4406  4406 F DEBUG   : CM Version: '14.1-20161225-UNOFFICIAL-hero2lte'
12-26 01:23:32.701  4406  4406 F DEBUG   : Build fingerprint: 'samsung/hero2ltexx/hero2lte:7.0/NRD90M/G935FXXU1ZPLH:user/release-keys'
12-26 01:23:32.701  4406  4406 F DEBUG   : Revision: '0'
12-26 01:23:32.701  4406  4406 F DEBUG   : ABI: 'arm64'
12-26 01:23:32.701  4406  4406 F DEBUG   : pid: 4399, tid: 4399, name: gpsd  >>> /system/bin/gpsd <<<
12-26 01:23:32.701  4406  4406 F DEBUG   : signal 6 (SIGABRT), code -6 (SI_TKILL), fault addr --------
12-26 01:23:32.701  4406  4406 F DEBUG   :     x0   0000000000000000  x1   000000000000112f  x2   0000000000000006  x3   0000000000000008
12-26 01:23:32.701  4406  4406 F DEBUG   :     x4   0000000000000008  x5   00000000000000a0  x6   fefefefefefeff2d  x7   7f7f7f7f7f7f7f7f
12-26 01:23:32.701  4406  4406 F DEBUG   :     x8   0000000000000083  x9   ffffffffffffffdf  x10  0000000000000000  x11  0000000000000001
12-26 01:23:32.701  4406  4406 F DEBUG   :     x12  ffffffffffffffff  x13  0000000000000000  x14  0000000000000000  x15  00294897409104b6
12-26 01:23:32.701  4406  4406 F DEBUG   :     x16  0000007fe4717d50  x17  0000007fe4717c1f  x18  00000000ffffffff  x19  0000007f9d5d5b40
12-26 01:23:32.701  4406  4406 F DEBUG   :     x20  0000000000000006  x21  0000007f9d5d5a98  x22  0000000000000000  x23  0000007f9d51c010
12-26 01:23:32.701  4406  4406 F DEBUG   :     x24  0000000000000010  x25  0000007fe47189b0  x26  0000007fe4718a30  x27  0000007f9d51d1b8
12-26 01:23:32.701  4406  4406 F DEBUG   :     x28  0000007f9d51d010  x29  0000007fe4718820  x30  0000007f9d5952b4
12-26 01:23:32.701  4406  4406 F DEBUG   :     sp   0000007fe4718800  pc   0000007f9d595de4  pstate 0000000060000000
12-26 01:23:32.707  4406  4406 F DEBUG   : 
12-26 01:23:32.707  4406  4406 F DEBUG   : backtrace:
12-26 01:23:32.707  4406  4406 F DEBUG   :     #00 pc 0000000000075de4  /system/bin/linker64 (__dl_tgkill+8)
12-26 01:23:32.707  4406  4406 F DEBUG   :     #01 pc 00000000000752b0  /system/bin/linker64 (__dl_pthread_kill+64)
12-26 01:23:32.707  4406  4406 F DEBUG   :     #02 pc 0000000000068da4  /system/bin/linker64 (__dl_raise+24)
12-26 01:23:32.707  4406  4406 F DEBUG   :     #03 pc 0000000000066778  /system/bin/linker64 (__dl_abort+52)
12-26 01:23:32.707  4406  4406 F DEBUG   :     #04 pc 000000000006892c  /system/bin/linker64 (__dl___libc_fatal+104)
12-26 01:23:32.707  4406  4406 F DEBUG   :     #05 pc 0000000000010e54  /system/bin/linker64 (__dl__ZL29__linker_init_post_relocationR19KernelArgumentBlocky+6216)
12-26 01:23:32.708  4406  4406 F DEBUG   :     #06 pc 000000000000f56c  /system/bin/linker64 (__dl___linker_init+528)
12-26 01:23:32.708  4406  4406 F DEBUG   :     #07 pc 0000000000006cd0  /system/bin/linker64 (_start+4)
12-26 01:23:32.712  4404  4404 I Netd    : Netd 1.0 starting
12-26 01:23:32.712  4404  4404 D TetherController: Setting IP forward enable = 0
12-26 01:23:32.715  4404  4404 E         : Failed to open libdatactrl, some features may not be present.
12-26 01:23:32.715  4404  4404 E         : Failed to open libcsm_data, some features may not be present.
12-26 01:23:32.746  2931  2931 W         : debuggerd: resuming target 4399
12-26 01:23:32.784  4401  4401 I         : sMaxFastTracks = 8
12-26 01:23:32.787  4401  4401 I audioserver: ServiceManager: 0xf6619400
12-26 01:23:32.802  4401  4401 W BatteryNotifier: batterystats service unavailable!
12-26 01:23:32.802  4401  4401 I AudioFlinger: Using default 3000 mSec as standby time.
12-26 01:23:32.802  4401  4401 I AudioPolicyService: AudioPolicyService CSTOR in new mode
12-26 01:23:32.803  4401  4401 W APM::ConfigParsingUtils: loadOutput() invalid supported devices
12-26 01:23:32.803  4401  4401 W APM::ConfigParsingUtils: loadOutput() invalid supported devices
12-26 01:23:32.803  4401  4401 W APM::ConfigParsingUtils: loadInput() invalid supported devices
12-26 01:23:32.803  4401  4401 W APM::ConfigParsingUtils: loadInput() invalid supported devices
12-26 01:23:32.803  4401  4401 I APM::ConfigParsingUtils: loadAudioPolicyConfig() loaded /system/etc/audio_policy.conf
12-26 01:23:32.822  4402  4402 I cameraserver: ServiceManager: 0xf6a19400
12-26 01:23:32.822  4402  4402 I CameraService: CameraService started (pid=4402)
12-26 01:23:32.822  4402  4402 I CameraService: CameraService process starting
12-26 01:23:32.822  4402  4402 W BatteryNotifier: batterystats service unavailable!
12-26 01:23:32.823  4402  4402 W BatteryNotifier: batterystats service unavailable!
12-26 01:23:32.835  4403  4403 I mediaserver: ServiceManager: 0xf6019460
12-26 01:23:32.836  4403  4403 W BatteryNotifier: batterystats service unavailable!
12-26 01:23:32.949  4400  4400 D AndroidRuntime: >>>>>> START com.android.internal.os.ZygoteInit uid 0 <<<<<<
12-26 01:23:32.953  4400  4400 D AndroidRuntime: CheckJNI is OFF
12-26 01:23:32.953  4400  4400 I art     : option[0]=-Xzygote
12-26 01:23:32.954  4400  4400 I art     : option[1]=-Xstacktracefile:/data/anr/traces.txt
12-26 01:23:32.954  4400  4400 I art     : option[2]=exit
12-26 01:23:32.954  4400  4400 I art     : option[3]=vfprintf
12-26 01:23:32.954  4400  4400 I art     : option[4]=sensitiveThread
12-26 01:23:32.954  4400  4400 I art     : option[5]=-verbose:gc
12-26 01:23:32.954  4400  4400 I art     : option[6]=-Xms8m
12-26 01:23:32.954  4400  4400 I art     : option[7]=-Xmx512m
12-26 01:23:32.954  4400  4400 I art     : option[8]=-XX:HeapGrowthLimit=256m
12-26 01:23:32.954  4400  4400 I art     : option[9]=-XX:HeapMinFree=2m
12-26 01:23:32.954  4400  4400 I art     : option[10]=-XX:HeapMaxFree=8m
12-26 01:23:32.954  4400  4400 I art     : option[11]=-XX:HeapTargetUtilization=0.75
12-26 01:23:32.954  4400  4400 I art     : option[12]=-Xusejit:true
12-26 01:23:32.954  4400  4400 I art     : option[13]=-Xjitsaveprofilinginfo
12-26 01:23:32.954  4400  4400 I art     : option[14]=-agentlib:jdwp=transport=dt_android_adb,suspend=n,server=y
12-26 01:23:32.954  4400  4400 I art     : option[15]=-Xlockprofthreshold:500
12-26 01:23:32.954  4400  4400 I art     : option[16]=-Ximage-compiler-option
12-26 01:23:32.954  4400  4400 I art     : option[17]=--runtime-arg
12-26 01:23:32.954  4400  4400 I art     : option[18]=-Ximage-compiler-option
12-26 01:23:32.954  4400  4400 I art     : option[19]=-Xms64m
12-26 01:23:32.954  4400  4400 I art     : option[20]=-Ximage-compiler-option
12-26 01:23:32.954  4400  4400 I art     : option[21]=--runtime-arg
12-26 01:23:32.954  4400  4400 I art     : option[22]=-Ximage-compiler-option
12-26 01:23:32.954  4400  4400 I art     : option[23]=-Xmx64m
12-26 01:23:32.954  4400  4400 I art     : option[24]=-Ximage-compiler-option
12-26 01:23:32.954  4400  4400 I art     : option[25]=--compiler-filter=speed
12-26 01:23:32.954  4400  4400 I art     : option[26]=-Ximage-compiler-option
12-26 01:23:32.954  4400  4400 I art     : option[27]=--image-classes=/system/etc/preloaded-classes
12-26 01:23:32.954  4400  4400 I art     : option[28]=-Ximage-compiler-option
12-26 01:23:32.954  4400  4400 I art     : option[29]=--compiled-classes=/system/etc/compiled-classes
12-26 01:23:32.954  4400  4400 I art     : option[30]=-Xcompiler-option
12-26 01:23:32.954  4400  4400 I art     : option[31]=--runtime-arg
12-26 01:23:32.954  4400  4400 I art     : option[32]=-Xcompiler-option
12-26 01:23:32.954  4400  4400 I art     : option[33]=-Xms64m
12-26 01:23:32.954  4400  4400 I art     : option[34]=-Xcompiler-option
12-26 01:23:32.954  4400  4400 I art     : option[35]=--runtime-arg
12-26 01:23:32.954  4400  4400 I art     : option[36]=-Xcompiler-option
12-26 01:23:32.954  4400  4400 I art     : option[37]=-Xmx512m
12-26 01:23:32.954  4400  4400 I art     : option[38]=-Xcompiler-option
12-26 01:23:32.954  4400  4400 I art     : option[39]=--compiler-filter=speed
12-26 01:23:32.954  4400  4400 I art     : option[40]=-Ximage-compiler-option
12-26 01:23:32.954  4400  4400 I art     : option[41]=--instruction-set-variant=generic
12-26 01:23:32.954  4400  4400 I art     : option[42]=-Xcompiler-option
12-26 01:23:32.954  4400  4400 I art     : option[43]=--instruction-set-variant=generic
12-26 01:23:32.954  4400  4400 I art     : option[44]=-Ximage-compiler-option
12-26 01:23:32.954  4400  4400 I art     : option[45]=--instruction-set-features=default
12-26 01:23:32.954  4400  4400 I art     : option[46]=-Xcompiler-option
12-26 01:23:32.954  4400  4400 I art     : option[47]=--instruction-set-features=default
12-26 01:23:32.954  4400  4400 I art     : option[48]=-Duser.locale=en-US
12-26 01:23:32.954  4400  4400 I art     : option[49]=--cpu-abilist=arm64-v8a
12-26 01:23:32.954  4400  4400 I art     : option[50]=-Xfingerprint:samsung/hero2ltexx/hero2lte:7.0/NRD90M/G935FXXU1ZPLH:user/release-keys
12-26 01:23:33.014  4400  4400 D ICU     : No timezone override file found: /data/misc/zoneinfo/current/icu/icu_tzdata.dat
12-26 01:23:33.035  4400  4400 I Radio-JNI: register_android_hardware_Radio DONE
12-26 01:23:33.038  4400  4400 I SamplingProfilerIntegration: Profiling disabled.
12-26 01:23:33.038  4400  4400 D Zygote  : begin preload
12-26 01:23:33.038  4400  4400 I Zygote  : Installing ICU cache reference pinning...
12-26 01:23:33.038  4400  4400 I Zygote  : Preloading ICU data...
12-26 01:23:33.048  4400  4400 I Zygote  : Preloading classes...
12-26 01:23:33.049  4400  4400 W Zygote  : Class not found for preloading: [Landroid.view.Display$ColorTransform;
12-26 01:23:33.101  4400  4400 E Typeface: Error mapping font file /system/fonts/DroidSansFallback.ttf
12-26 01:23:33.176  4400  4400 I art     : Thread[1,tid=4400,Native,Thread*=0x7f96695a00,peer=0x12c060d0,"main"] recursive attempt to load library "/system/lib64/libmedia_jni.so"
12-26 01:23:33.177  4400  4400 D MtpDeviceJNI: register_android_mtp_MtpDevice
12-26 01:23:33.177  4400  4400 I art     : Thread[1,tid=4400,Native,Thread*=0x7f96695a00,peer=0x12c060d0,"main"] recursive attempt to load library "/system/lib64/libmedia_jni.so"
12-26 01:23:33.177  4400  4400 I art     : Thread[1,tid=4400,Native,Thread*=0x7f96695a00,peer=0x12c060d0,"main"] recursive attempt to load library "/system/lib64/libmedia_jni.so"
12-26 01:23:33.205  4402  4402 I UniHAL  : loaded HAL id=camera path=/system/lib/hw/camera.exynos5.so hmi=0x0 handle=0xa7a1b691
12-26 01:23:33.205  4402  4402 I UniHAL  : HAL module_api_version = 0x204
12-26 01:23:33.205  4402  4402 I ExynosCamera3Interface: INFO(HAL_init[580]):in =====
12-26 01:23:33.205  4402  4402 I ExynosCamera3Interface: INFO(HAL_init[587]):out =====
12-26 01:23:33.205  4402  4402 D ExynosCamera3Interface: DEBUG:duration time(    0 msec):(HAL_init)
12-26 01:23:33.205  4402  4402 I CameraService: Loaded "Samsung CameraHardware Module" camera module
12-26 01:23:33.205  4402  4402 I ExynosCamera3Interface: INFO(HAL_getCameraInfo[381]):in =====
12-26 01:23:33.205  4402  4402 D ExynosCameraMetadataConverter: DEBUG(constructStaticInfo[384]):ID(0)
12-26 01:23:33.205  4402  4402 D ExynosCameraUtils: DEBUG(getSensorIdFromFile[1770]):Sensor name is 29
12-26 01:23:33.205  4402  4402 D ExynosCameraUtils: (3)
12-26 01:23:33.205  4402  4402 I ExynosCamera3SensorInfo: INFO(createExynosCamera3SensorInfo[52]):sensor ID 29
12-26 01:23:33.206  4402  4402 I UniHAL  : [Uni_GetCameraInfo][215] device_version(771)
12-26 01:23:33.206  4402  4402 I ExynosCamera3Interface: INFO(HAL_getCameraInfo[381]):in =====
12-26 01:23:33.206  4402  4402 D ExynosCameraMetadataConverter: DEBUG(constructStaticInfo[384]):ID(1)
12-26 01:23:33.206  4402  4402 D ExynosCameraUtils: DEBUG(getSensorIdFromFile[1770]):Sensor name is 21
12-26 01:23:33.206  4402  4402 D ExynosCameraUtils: (3)
12-26 01:23:33.206  4402  4402 I ExynosCamera3SensorInfo: INFO(createExynosCamera3SensorInfo[52]):sensor ID 21
12-26 01:23:33.206  4402  4402 D ExynosCameraMetadataConverter: DEBUG(m_createControlAvailableHighSpeedVideoConfigurations[3758]) Front camera does not support High Speed Video
12-26 01:23:33.206  4402  4402 D ExynosCameraMetadataConverter: DEBUG(constructStaticInfo[523]):ANDROID_CONTROL_AVAILABLE_HIGH_SPEED_VIDEO_CONFIGURATIONS is NULL
12-26 01:23:33.206  4402  4402 D ExynosCameraMetadataConverter: DEBUG(constructStaticInfo[1024]):vendorMeteringModes at sensorStaticInfo is NULL
12-26 01:23:33.206  4402  4402 D ExynosCameraMetadataConverter: DEBUG(constructStaticInfo[1038]):vendorOISModes at sensorStaticInfo is NULL
12-26 01:23:33.206  4402  4402 I UniHAL  : [Uni_GetCameraInfo][215] device_version(771)
12-26 01:23:33.206  4402  4402 D ExynosCamera3Interface: DEBUG:duration time(    0 msec):(HAL_set_callbacks)
12-26 01:23:33.206  4402  4478 I ExynosCamera3Interface: INFO(init_func[555]):in =====
12-26 01:23:33.206  4402  4402 I ServiceManager: Waiting for service media.camera.proxy...
12-26 01:23:33.206  4402  4478 I ExynosCamera3Interface: INFO(init_func[569]):out =====
12-26 01:23:33.206  4402  4478 D ExynosCamera3Interface: DEBUG:duration time(    0 msec):(init_func)
12-26 01:23:33.208  4400  4400 E FFMPEGSoftCodec: Failed to load FFMPEG plugin: (null)
12-26 01:23:33.246  4400  4400 W Zygote  : Class not found for preloading: android.view.Display$ColorTransform
12-26 01:23:33.246  4400  4400 W Zygote  : Class not found for preloading: android.view.Display$ColorTransform$1
12-26 01:23:33.259  4400  4400 W System  : ClassLoader referenced unknown path: /system/framework/tcmclient.jar
12-26 01:23:33.301  4400  4400 I System  : Loaded time zone names for "" in 23ms (22ms in ICU)
12-26 01:23:33.313  4400  4400 I System  : Loaded time zone names for "en_US" in 12ms (10ms in ICU)
12-26 01:23:33.329  4400  4400 I Zygote  : ...preloaded 4158 classes in 281ms.
12-26 01:23:33.329  4400  4400 I art     : VMRuntime.preloadDexCaches starting
12-26 01:23:33.398  4400  4400 I art     : VMRuntime.preloadDexCaches strings total=287196 before=40190 after=40190
12-26 01:23:33.398  4400  4400 I art     : VMRuntime.preloadDexCaches types total=23727 before=7906 after=7936
12-26 01:23:33.398  4400  4400 I art     : VMRuntime.preloadDexCaches fields total=113354 before=41313 after=41541
12-26 01:23:33.398  4400  4400 I art     : VMRuntime.preloadDexCaches methods total=199145 before=82744 after=83333
12-26 01:23:33.398  4400  4400 I art     : VMRuntime.preloadDexCaches finished
12-26 01:23:33.398  4400  4400 I Zygote  : Preloading resources...
12-26 01:23:33.415  4400  4400 W Resources: Preloaded drawable resource #0x108025c (android:drawable/dialog_background_material) that varies with configuration!!
12-26 01:23:33.419  4400  4400 W Resources: Preloaded color resource #0x10600e2 (android:color/material_grey_800) that varies with configuration!!
12-26 01:23:33.419  4400  4400 W Resources: Preloaded drawable resource #0x10802c9 (android:drawable/floating_popup_background_dark) that varies with configuration!!
12-26 01:23:33.543  4400  4400 I Zygote  : ...preloaded 114 resources in 144ms.
12-26 01:23:33.546  4400  4400 W Resources: Preloaded color resource #0x106010b (android:color/background_cache_hint_selector_material_dark) that varies with configuration!!
12-26 01:23:33.546  4400  4400 W Resources: Preloaded color resource #0x1060110 (android:color/btn_default_material_dark) that varies with configuration!!
12-26 01:23:33.546  4400  4400 I Zygote  : ...preloaded 41 resources in 4ms.
12-26 01:23:33.559  4400  4400 D libEGL  : loaded /vendor/lib64/egl/libGLES_mali.so
12-26 01:23:33.571  4400  4400 I Zygote  : Preloading shared libraries...
12-26 01:23:33.578  4400  4400 I Zygote  : Uninstalled ICU cache reference pinning...
12-26 01:23:33.579  4400  4400 I Zygote  : Installed AndroidKeyStoreProvider in 1ms.
12-26 01:23:33.602  4400  4400 I Zygote  : Warmed up JCA providers in 24ms.
12-26 01:23:33.603  4400  4400 D Zygote  : end preload
12-26 01:23:33.603  4400  4400 I art     : Waiting for a blocking GC Explicit
12-26 01:23:33.614  4400  4400 I art     : WaitForGcToComplete blocked for 11.504ms for cause Explicit
12-26 01:23:33.614  4400  4400 I art     : Starting a blocking GC Explicit
12-26 01:23:33.617  4401  4401 V audio_hw_primary: adev_open: Forcing voice config: wide
12-26 01:23:33.617  4401  4401 I AudioFlinger: loadHwModule() Loaded primary audio interface from Samsung audio HW HAL (audio) handle 10
12-26 01:23:33.617  4401  4401 I AudioFlinger: openOutput(), module 10 Device 2, SamplingRate 48000, Format 0x000001, Channels 3, flags a
12-26 01:23:33.617  4401  4401 I AudioFlinger: HAL output buffer size 1024 frames, normal sink buffer size 1024 frames
12-26 01:23:33.619  4401  4401 I BufferProvider: found effect "Multichannel Downmix To Stereo" from The Android Open Source Project
12-26 01:23:33.619  4401  4401 I AudioFlinger: Using module 10 has the primary audio interface
12-26 01:23:33.619  4401  4518 I AudioFlinger: AudioFlinger's thread 0xf6003fc0 ready to run
12-26 01:23:33.620  4401  4518 W BatteryNotifier: batterystats service unavailable!
12-26 01:23:33.620  4401  4518 V audio_hw_primary: do_out_standby: output standby: 1
12-26 01:23:33.620  4401  4518 W BatteryNotifier: batterystats service unavailable!
12-26 01:23:33.621  4401  4518 W BatteryNotifier: batterystats service unavailable!
12-26 01:23:33.621  4401  4518 V audio_hw_primary: out_set_parameters: key value pairs: routing=2
12-26 01:23:33.621  4401  4518 W AudioFlinger: no wake lock to update, system not ready yet
12-26 01:23:33.622  4400  4400 I art     : Explicit concurrent mark sweep GC freed 52(7KB) AllocSpace objects, 0(0B) LOS objects, 40% free, 9MB/16MB, paused 97us total 7.924ms
12-26 01:23:33.622  4400  4400 I art     : Starting a blocking GC Explicit
12-26 01:23:33.623  4401  4401 I AudioFlinger: openOutput(), module 10 Device 2, SamplingRate 48000, Format 0x000001, Channels 3, flags 4
12-26 01:23:33.623  4401  4401 I AudioFlinger: HAL output buffer size 256 frames, normal sink buffer size 768 frames
12-26 01:23:33.623  4401  4523 I AudioFlinger: AudioFlinger's thread 0xf5e03640 ready to run
12-26 01:23:33.624  4401  4523 W BatteryNotifier: batterystats service unavailable!
12-26 01:23:33.624  4401  4523 V audio_hw_primary: do_out_standby: output standby: 1
12-26 01:23:33.624  4401  4523 W BatteryNotifier: batterystats service unavailable!
12-26 01:23:33.624  4401  4523 W BatteryNotifier: batterystats service unavailable!
12-26 01:23:33.624  4401  4523 V audio_hw_primary: out_set_parameters: key value pairs: routing=2
12-26 01:23:33.625  4401  4523 W AudioFlinger: no wake lock to update, system not ready yet
12-26 01:23:33.626  4401  4401 V audio_hw_primary: adev_open_input_stream: Requesting input stream with rate: 48000, channels: 0xc
12-26 01:23:33.629  4401  4524 I AudioFlinger: AudioFlinger's thread 0xf5b03dc0 ready to run
12-26 01:23:33.630  4400  4400 I art     : Explicit concurrent mark sweep GC freed 5(128B) AllocSpace objects, 0(0B) LOS objects, 40% free, 9MB/16MB, paused 77us total 7.157ms
12-26 01:23:33.630  4401  4401 I bt_a2dp_hw: adev_open:  adev_open in A2dp_hw module
12-26 01:23:33.630  4401  4401 I AudioFlinger: loadHwModule() Loaded a2dp audio interface from A2DP Audio HW HAL (audio) handle 18
12-26 01:23:33.631  4401  4401 I AudioFlinger: loadHwModule() Loaded usb audio interface from USB audio HW HAL (audio) handle 26
12-26 01:23:33.631  4401  4401 I r_submix: adev_open(name=audio_hw_if)
12-26 01:23:33.631  4401  4401 I r_submix: adev_init_check()
12-26 01:23:33.632  4401  4401 I AudioFlinger: loadHwModule() Loaded r_submix audio interface from Wifi Display audio HAL (audio) handle 34
12-26 01:23:33.632  4401  4401 D r_submix: adev_open_input_stream(addr=0)
12-26 01:23:33.632  4401  4401 D r_submix: submix_audio_device_create_pipe_l(addr=0, idx=9)
12-26 01:23:33.632  4401  4401 D r_submix:   now using address 0 for route 9
12-26 01:23:33.632  4401  4526 I AudioFlinger: AudioFlinger's thread 0xf5a83980 ready to run
12-26 01:23:33.632  4401  4401 D r_submix: adev_close_input_stream()
12-26 01:23:33.632  4401  4401 D r_submix: submix_audio_device_release_pipe_l(idx=9) addr=0
12-26 01:23:33.632  4401  4401 D r_submix: submix_audio_device_destroy_pipe_l(): pipe destroyed
12-26 01:23:33.633  4401  4401 I RadioService: RadioService
12-26 01:23:33.633  4401  4401 I RadioService: onFirstRef
12-26 01:23:33.633  4401  4401 E RadioService: couldn't load radio module radio.primary (No such file or directory)
12-26 01:23:33.633  4401  4401 E SoundTriggerHwService: couldn't load sound trigger module sound_trigger.primary (No such file or directory)
12-26 01:23:33.682  4400  4454 I art     : Starting a blocking GC HeapTrim
12-26 01:23:33.683  4400  4400 I art     : Starting a blocking GC Background
12-26 01:23:33.679  2928  2928 W auditd  : type=1325 audit(0.0:951): table=filter family=10 entries=77
12-26 01:23:33.679  2928  2928 W auditd  : type=1320 audit(0.0:951): 
12-26 01:23:33.689  2928  2928 W auditd  : type=1325 audit(0.0:952): table=filter family=2 entries=64
12-26 01:23:33.689  2928  2928 W auditd  : type=1320 audit(0.0:952): 
12-26 01:23:33.689  2928  2928 W auditd  : type=1325 audit(0.0:953): table=filter family=10 entries=76
12-26 01:23:33.689  2928  2928 W auditd  : type=1320 audit(0.0:953): 
12-26 01:23:33.699  2928  2928 W auditd  : type=1325 audit(0.0:954): table=filter family=2 entries=64
12-26 01:23:33.699  2928  2928 W auditd  : type=1320 audit(0.0:954): 
12-26 01:23:33.715  4400  4400 I Zygote  : System server process 4539 has been created
12-26 01:23:33.716  4400  4400 I Zygote  : Accepting command socket connections
12-26 01:23:33.709  2928  2928 W auditd  : type=1325 audit(0.0:955): table=filter family=10 entries=76
12-26 01:23:33.709  2928  2928 W auditd  : type=1320 audit(0.0:955): 
12-26 01:23:33.719  2928  2928 W auditd  : type=1325 audit(0.0:956): table=filter family=2 entries=62
12-26 01:23:33.719  2928  2928 W auditd  : type=1320 audit(0.0:956): 
12-26 01:23:33.719  2928  2928 W auditd  : type=1325 audit(0.0:957): table=filter family=10 entries=74
12-26 01:23:33.719  2928  2928 W auditd  : type=1320 audit(0.0:957): 
12-26 01:23:33.731  4539  4539 I Zygote  : Process: zygote socket opened, supported ABIS: armeabi-v7a,armeabi
12-26 01:23:33.732  4539  4539 I InstallerConnection: connecting...
12-26 01:23:33.732  3049  3049 I         : new connection
12-26 01:23:33.729  2928  2928 W auditd  : type=1325 audit(0.0:958): table=filter family=2 entries=64
12-26 01:23:33.729  2928  2928 W auditd  : type=1320 audit(0.0:958): 
12-26 01:23:33.735  4539  4539 I InstallerConnection: disconnecting...
12-26 01:23:33.741  3049  3049 E         : eof
12-26 01:23:33.741  3049  3049 E         : failed to read size
12-26 01:23:33.741  3049  3049 I         : closing connection
12-26 01:23:33.739  2928  2928 W auditd  : type=1325 audit(0.0:959): table=filter family=10 entries=76
12-26 01:23:33.739  2928  2928 W auditd  : type=1320 audit(0.0:959): 
12-26 01:23:33.748  4539  4539 I SystemServer: Entered the Android system server!
12-26 01:23:33.739  2928  2928 W auditd  : type=1325 audit(0.0:960): table=raw family=2 entries=11
12-26 01:23:33.739  2928  2928 W auditd  : type=1320 audit(0.0:960): 
12-26 01:23:33.763  4539  4539 D AndroidRuntime: Shutting down VM
12-26 01:23:33.764  4539  4539 E AndroidRuntime: *** FATAL EXCEPTION IN SYSTEM PROCESS: main
12-26 01:23:33.764  4539  4539 E AndroidRuntime: java.lang.UnsatisfiedLinkError: dlopen failed: cannot locate symbol "_ZN7android6SensorC1Ev" referenced by "/system/lib64/libsensorservice.so"...
12-26 01:23:33.764  4539  4539 E AndroidRuntime: 	at java.lang.Runtime.loadLibrary0(Runtime.java:989)
12-26 01:23:33.764  4539  4539 E AndroidRuntime: 	at java.lang.System.loadLibrary(System.java:1530)
12-26 01:23:33.764  4539  4539 E AndroidRuntime: 	at com.android.server.SystemServer.run(SystemServer.java:340)
12-26 01:23:33.764  4539  4539 E AndroidRuntime: 	at com.android.server.SystemServer.main(SystemServer.java:233)
12-26 01:23:33.764  4539  4539 E AndroidRuntime: 	at java.lang.reflect.Method.invoke(Native Method)
12-26 01:23:33.764  4539  4539 E AndroidRuntime: 	at com.android.internal.os.ZygoteInit$MethodAndArgsCaller.run(ZygoteInit.java:886)
12-26 01:23:33.764  4539  4539 E AndroidRuntime: 	at com.android.internal.os.ZygoteInit.main(ZygoteInit.java:776)
12-26 01:23:33.764  4539  4539 E AndroidRuntime: Error reporting crash
12-26 01:23:33.764  4539  4539 E AndroidRuntime: java.lang.NullPointerException: Attempt to invoke interface method 'void android.app.IActivityManager.handleApplicationCrash(android.os.IBinder, android.app.ApplicationErrorReport$CrashInfo)' on a null object reference
12-26 01:23:33.764  4539  4539 E AndroidRuntime: 	at com.android.internal.os.RuntimeInit$UncaughtHandler.uncaughtException(RuntimeInit.java:97)
12-26 01:23:33.764  4539  4539 E AndroidRuntime: 	at java.lang.ThreadGroup.uncaughtException(ThreadGroup.java:1068)
12-26 01:23:33.764  4539  4539 E AndroidRuntime: 	at java.lang.ThreadGroup.uncaughtException(ThreadGroup.java:1063)
12-26 01:23:33.764  4539  4539 I Process : Sending signal. PID: 4539 SIG: 9
12-26 01:23:33.832  4400  4400 E Zygote  : Exit zygote because system server (4539) has terminated
12-26 01:23:33.897  3000  3000 I ServiceManager: service 'media.sound_trigger_hw' died
12-26 01:23:33.897  3000  3000 I ServiceManager: service 'media.radio' died
12-26 01:23:33.897  3000  3000 I ServiceManager: service 'media.audio_flinger' died
12-26 01:23:33.897  3000  3000 I ServiceManager: service 'media.audio_policy' died
12-26 01:23:33.911  3000  3000 I ServiceManager: service 'media.player' died
12-26 01:23:33.911  3000  3000 I ServiceManager: service 'media.resource_manager' died
12-26 01:23:37.917  4593  4593 F libc    : CANNOT LINK EXECUTABLE "/system/bin/gpsd": cannot locate symbol "_ZNK7android13SensorManager13getSensorListEPPKPKNS_6SensorE" referenced by "/system/bin/gpsd"...
12-26 01:23:37.917  4593  4593 F libc    : Fatal signal 6 (SIGABRT), code -6 in tid 4593 (gpsd)
12-26 01:23:37.917  2931  2931 W         : debuggerd: handling request: pid=4593 uid=1021 gid=1000 tid=4593
12-26 01:23:37.922  4600  4600 E         : debuggerd: Unable to connect to activity manager (connect failed: No such file or directory)
12-26 01:23:37.949  4598  4598 I Netd    : Netd 1.0 starting
12-26 01:23:37.949  4598  4598 D TetherController: Setting IP forward enable = 0
12-26 01:23:37.953  4598  4598 E         : Failed to open libdatactrl, some features may not be present.
12-26 01:23:37.953  4598  4598 E         : Failed to open libcsm_data, some features may not be present.
12-26 01:23:37.959  2928  2928 W auditd  : type=1325 audit(0.0:983): table=filter family=2 entries=65
12-26 01:23:37.959  2928  2928 W auditd  : type=1320 audit(0.0:983): 
12-26 01:23:37.959  2928  2928 W auditd  : type=1325 audit(0.0:984): table=filter family=10 entries=77
12-26 01:23:37.959  2928  2928 W auditd  : type=1320 audit(0.0:984): 
12-26 01:23:37.972  4600  4600 F DEBUG   : *** *** *** *** *** *** *** *** *** *** *** *** *** *** *** ***
12-26 01:23:37.972  4600  4600 F DEBUG   : CM Version: '14.1-20161225-UNOFFICIAL-hero2lte'
12-26 01:23:37.973  4600  4600 F DEBUG   : Build fingerprint: 'samsung/hero2ltexx/hero2lte:7.0/NRD90M/G935FXXU1ZPLH:user/release-keys'
12-26 01:23:37.973  4600  4600 F DEBUG   : Revision: '0'
12-26 01:23:37.973  4600  4600 F DEBUG   : ABI: 'arm64'
12-26 01:23:37.973  4600  4600 F DEBUG   : pid: 4593, tid: 4593, name: gpsd  >>> /system/bin/gpsd <<<
12-26 01:23:37.973  4600  4600 F DEBUG   : signal 6 (SIGABRT), code -6 (SI_TKILL), fault addr --------
12-26 01:23:37.973  4600  4600 F DEBUG   :     x0   0000000000000000  x1   00000000000011f1  x2   0000000000000006  x3   0000000000000008
12-26 01:23:37.973  4600  4600 F DEBUG   :     x4   0000000000000008  x5   00000000000000a0  x6   fefefefefefeff2d  x7   7f7f7f7f7f7f7f7f
12-26 01:23:37.973  4600  4600 F DEBUG   :     x8   0000000000000083  x9   ffffffffffffffdf  x10  0000000000000000  x11  0000000000000001
12-26 01:23:37.973  4600  4600 F DEBUG   :     x12  ffffffffffffffff  x13  0000000000000000  x14  0000000000000000  x15  0036aefe3afbb5fa
12-26 01:23:37.973  4600  4600 F DEBUG   :     x16  0000007ffd34e2c0  x17  0000007ffd34e18f  x18  00000000ffffffff  x19  0000007f9c641b40
12-26 01:23:37.973  4600  4600 F DEBUG   :     x20  0000000000000006  x21  0000007f9c641a98  x22  0000000000000000  x23  0000007f9c588010
12-26 01:23:37.973  4600  4600 F DEBUG   :     x24  0000000000000010  x25  0000007ffd34ef20  x26  0000007ffd34efa0  x27  0000007f9c5891b8
12-26 01:23:37.973  4600  4600 F DEBUG   :     x28  0000007f9c589010  x29  0000007ffd34ed90  x30  0000007f9c6012b4
12-26 01:23:37.973  4600  4600 F DEBUG   :     sp   0000007ffd34ed70  pc   0000007f9c601de4  pstate 0000000060000000
12-26 01:23:37.974  4600  4600 F DEBUG   : 
12-26 01:23:37.974  4600  4600 F DEBUG   : backtrace:
12-26 01:23:37.975  4600  4600 F DEBUG   :     #00 pc 0000000000075de4  /system/bin/linker64 (__dl_tgkill+8)
12-26 01:23:37.975  4600  4600 F DEBUG   :     #01 pc 00000000000752b0  /system/bin/linker64 (__dl_pthread_kill+64)
12-26 01:23:37.975  4600  4600 F DEBUG   :     #02 pc 0000000000068da4  /system/bin/linker64 (__dl_raise+24)
12-26 01:23:37.975  4600  4600 F DEBUG   :     #03 pc 0000000000066778  /system/bin/linker64 (__dl_abort+52)
12-26 01:23:37.975  4600  4600 F DEBUG   :     #04 pc 000000000006892c  /system/bin/linker64 (__dl___libc_fatal+104)
12-26 01:23:37.975  4600  4600 F DEBUG   :     #05 pc 0000000000010e54  /system/bin/linker64 (__dl__ZL29__linker_init_post_relocationR19KernelArgumentBlocky+6216)
12-26 01:23:37.975  4600  4600 F DEBUG   :     #06 pc 000000000000f56c  /system/bin/linker64 (__dl___linker_init+528)
12-26 01:23:37.975  4600  4600 F DEBUG   :     #07 pc 0000000000006cd0  /system/bin/linker64 (_start+4)
12-26 01:23:37.969  2928  2928 W auditd  : type=1325 audit(0.0:985): table=filter family=2 entries=64
12-26 01:23:37.969  2928  2928 W auditd  : type=1320 audit(0.0:985): 
12-26 01:23:37.988  4596  4596 I cameraserver: ServiceManager: 0xf6999400
12-26 01:23:37.988  4596  4596 I CameraService: CameraService started (pid=4596)
12-26 01:23:37.988  4596  4596 I CameraService: CameraService process starting
12-26 01:23:37.991  4596  4596 W BatteryNotifier: batterystats service unavailable!
12-26 01:23:37.989  2928  2928 W auditd  : type=1325 audit(0.0:986): table=filter family=10 entries=76
12-26 01:23:37.989  2928  2928 W auditd  : type=1320 audit(0.0:986): 
12-26 01:23:38.001  4596  4596 W BatteryNotifier: batterystats service unavailable!
12-26 01:23:37.999  2928  2928 W auditd  : type=1325 audit(0.0:987): table=filter family=2 entries=64
12-26 01:23:37.999  2928  2928 W auditd  : type=1320 audit(0.0:987): 
12-26 01:23:38.009  4593  4593 W gpsd    : type=1701 audit(0.0:988): auid=4294967295 uid=1021 gid=1000 ses=4294967295 subj=u:r:gpsd:s0 exe="/system/bin/gpsd" sig=6
12-26 01:23:38.017  2931  2931 W         : debuggerd: resuming target 4593
12-26 01:23:38.019  2928  2928 W auditd  : type=1325 audit(0.0:989): table=filter family=10 entries=76
12-26 01:23:38.019  2928  2928 W auditd  : type=1320 audit(0.0:989): 
12-26 01:23:38.041  4595  4595 I         : sMaxFastTracks = 8
12-26 01:23:38.042  4597  4597 I mediaserver: ServiceManager: 0xf6099460
12-26 01:23:38.042  4595  4595 I audioserver: ServiceManager: 0xf6719400
12-26 01:23:38.039  2928  2928 W auditd  : type=1325 audit(0.0:990): table=filter family=2 entries=62
12-26 01:23:38.039  2928  2928 W auditd  : type=1320 audit(0.0:990): 
12-26 01:23:38.051  4595  4595 W BatteryNotifier: batterystats service unavailable!
12-26 01:23:38.051  4595  4595 I AudioFlinger: Using default 3000 mSec as standby time.
12-26 01:23:38.051  4597  4597 W BatteryNotifier: batterystats service unavailable!
12-26 01:23:38.052  4595  4595 I AudioPolicyService: AudioPolicyService CSTOR in new mode
12-26 01:23:38.052  4595  4595 W APM::ConfigParsingUtils: loadOutput() invalid supported devices
12-26 01:23:38.052  4595  4595 W APM::ConfigParsingUtils: loadOutput() invalid supported devices
12-26 01:23:38.052  4595  4595 W APM::ConfigParsingUtils: loadInput() invalid supported devices
12-26 01:23:38.053  4595  4595 W APM::ConfigParsingUtils: loadInput() invalid supported devices
12-26 01:23:38.053  4595  4595 I APM::ConfigParsingUtils: loadAudioPolicyConfig() loaded /system/etc/audio_policy.conf
12-26 01:23:38.049  2928  2928 W auditd  : type=1325 audit(0.0:991): table=filter family=10 entries=74
12-26 01:23:38.049  2928  2928 W auditd  : type=1320 audit(0.0:991): 
12-26 01:23:38.059  2928  2928 W auditd  : type=1325 audit(0.0:992): table=filter family=2 entries=64
12-26 01:23:38.059  2928  2928 W auditd  : type=1320 audit(0.0:992): 
12-26 01:23:38.079  2928  2928 W auditd  : type=1325 audit(0.0:993): table=filter family=10 entries=76
12-26 01:23:38.217  4594  4594 D AndroidRuntime: >>>>>> START com.android.internal.os.ZygoteInit uid 0 <<<<<<
12-26 01:23:38.224  4594  4594 D AndroidRuntime: CheckJNI is OFF
12-26 01:23:38.224  4594  4594 I art     : option[0]=-Xzygote
12-26 01:23:38.224  4594  4594 I art     : option[1]=-Xstacktracefile:/data/anr/traces.txt
12-26 01:23:38.224  4594  4594 I art     : option[2]=exit
12-26 01:23:38.224  4594  4594 I art     : option[3]=vfprintf
12-26 01:23:38.224  4594  4594 I art     : option[4]=sensitiveThread
12-26 01:23:38.224  4594  4594 I art     : option[5]=-verbose:gc
12-26 01:23:38.224  4594  4594 I art     : option[6]=-Xms8m
12-26 01:23:38.224  4594  4594 I art     : option[7]=-Xmx512m
12-26 01:23:38.224  4594  4594 I art     : option[8]=-XX:HeapGrowthLimit=256m
12-26 01:23:38.224  4594  4594 I art     : option[9]=-XX:HeapMinFree=2m
12-26 01:23:38.224  4594  4594 I art     : option[10]=-XX:HeapMaxFree=8m
12-26 01:23:38.224  4594  4594 I art     : option[11]=-XX:HeapTargetUtilization=0.75
12-26 01:23:38.224  4594  4594 I art     : option[12]=-Xusejit:true
12-26 01:23:38.224  4594  4594 I art     : option[13]=-Xjitsaveprofilinginfo
12-26 01:23:38.224  4594  4594 I art     : option[14]=-agentlib:jdwp=transport=dt_android_adb,suspend=n,server=y
12-26 01:23:38.224  4594  4594 I art     : option[15]=-Xlockprofthreshold:500
12-26 01:23:38.224  4594  4594 I art     : option[16]=-Ximage-compiler-option
12-26 01:23:38.224  4594  4594 I art     : option[17]=--runtime-arg
12-26 01:23:38.224  4594  4594 I art     : option[18]=-Ximage-compiler-option
12-26 01:23:38.224  4594  4594 I art     : option[19]=-Xms64m
12-26 01:23:38.224  4594  4594 I art     : option[20]=-Ximage-compiler-option
12-26 01:23:38.224  4594  4594 I art     : option[21]=--runtime-arg
12-26 01:23:38.224  4594  4594 I art     : option[22]=-Ximage-compiler-option
12-26 01:23:38.224  4594  4594 I art     : option[23]=-Xmx64m
12-26 01:23:38.224  4594  4594 I art     : option[24]=-Ximage-compiler-option
12-26 01:23:38.224  4594  4594 I art     : option[25]=--compiler-filter=speed
12-26 01:23:38.224  4594  4594 I art     : option[26]=-Ximage-compiler-option
12-26 01:23:38.224  4594  4594 I art     : option[27]=--image-classes=/system/etc/preloaded-classes
12-26 01:23:38.224  4594  4594 I art     : option[28]=-Ximage-compiler-option
12-26 01:23:38.224  4594  4594 I art     : option[29]=--compiled-classes=/system/etc/compiled-classes
12-26 01:23:38.224  4594  4594 I art     : option[30]=-Xcompiler-option
