12-20 08:34:03.739  3642  3642 I ContactsDatabaseHelper: Switching to locale en-US (ICU v55.1)
12-20 08:34:03.859  3642  3642 I ContactsDatabaseHelper: Locale change completed in 119ms
12-20 08:34:03.859  3642  3642 I ContactsDatabaseHelper: Switching to locale en-US (ICU v55.1)
12-20 08:34:03.940  3642  3642 I ContactsDatabaseHelper: Locale change completed in 81ms
12-20 08:34:04.084  3454  3624 I ActivityManager: Pre-boot of {com.android.managedprovisioning/com.android.managedprovisioning.PreBootListener} for user 0
12-20 08:34:04.109  3454  3624 I ActivityManager: Start proc 3683:com.android.managedprovisioning/u0a12 for broadcast com.android.managedprovisioning/.PreBootListener
12-20 08:34:04.121  3454  3623 I ActivityManager: Launching preboot mode app: ProcessRecord{2ba2d05 3683:com.android.managedprovisioning/u0a12}
12-20 08:34:04.134  3683  3683 W System  : ClassLoader referenced unknown path: /system/priv-app/ManagedProvisioning/lib/arm64
12-20 08:34:04.145  3454  3465 I ActivityManager: Pre-boot of {com.android.providers.media/com.android.providers.media.MediaUpgradeReceiver} for user 0
12-20 08:34:04.155  3454  3465 I ActivityManager: Start proc 3700:android.process.media/u0a9 for broadcast com.android.providers.media/.MediaUpgradeReceiver
12-20 08:34:04.164  3454  3466 I ActivityManager: Launching preboot mode app: ProcessRecord{9dae15a 3700:android.process.media/u0a9}
12-20 08:34:04.175  3700  3700 W System  : ClassLoader referenced unknown path: /system/priv-app/MediaProvider/lib/arm64
12-20 08:34:04.209  3454  3623 I ActivityManager: Pre-boot of {com.android.dialer/com.android.dialer.SystemUpdateReceiver} for user 0
12-20 08:34:04.219  3454  3623 I ActivityManager: Start proc 3716:com.android.dialer/u0a23 for broadcast com.android.dialer/.SystemUpdateReceiver
12-20 08:34:04.227  3454  3623 I ActivityManager: Launching preboot mode app: ProcessRecord{8778f8b 3716:com.android.dialer/u0a23}
12-20 08:34:04.257  3716  3716 W System  : ClassLoader referenced unknown path: /system/priv-app/Dialer/lib/arm64
12-20 08:34:04.349  3716  3716 W MOD.CyanogenAmbientUtil: Cyanogen Ambient package is missing! Version 1050100 is required.
12-20 08:34:04.350  3454  3624 I ActivityManager: Pre-boot of {com.android.settings/com.android.settings.ManagedProfileSetup} for user 0
12-20 08:34:04.362  3454  3624 I ActivityManager: Start proc 3732:com.android.settings/1000 for broadcast com.android.settings/.ManagedProfileSetup
12-20 08:34:04.374  3454  3465 I ActivityManager: Launching preboot mode app: ProcessRecord{926a868 3732:com.android.settings/1000}
12-20 08:34:04.392  3732  3732 W System  : ClassLoader referenced unknown path: /system/priv-app/Settings/lib/arm64
12-20 08:34:04.485  3454  3468 I ActivityManager: Removing system update proc: ProcessRecord{4462e4e 3600:com.android.providers.calendar/u0a1}
12-20 08:34:04.485  3454  3468 I ActivityManager: Killing 3600:com.android.providers.calendar/u0a1 (adj 13): system update done
12-20 08:34:04.496  3454  3468 D ActivityManager: cleanUpApplicationRecord -- 3600
12-20 08:34:04.496  3454  3468 I ActivityManager: Removing system update proc: ProcessRecord{5dc007c 3642:android.process.acore/u0a5}
12-20 08:34:04.496  3454  3468 I ActivityManager: Killing 3642:android.process.acore/u0a5 (adj 13): system update done
12-20 08:34:04.506  3454  3468 D ActivityManager: cleanUpApplicationRecord -- 3642
12-20 08:34:04.507  3454  3468 I ActivityManager: Removing system update proc: ProcessRecord{2ba2d05 3683:com.android.managedprovisioning/u0a12}
12-20 08:34:04.507  3454  3468 I ActivityManager: Killing 3683:com.android.managedprovisioning/u0a12 (adj 11): system update done
12-20 08:34:04.517  3454  3468 D ActivityManager: cleanUpApplicationRecord -- 3683
12-20 08:34:04.517  3454  3468 I ActivityManager: Removing system update proc: ProcessRecord{9dae15a 3700:android.process.media/u0a9}
12-20 08:34:04.517  3454  3468 I ActivityManager: Killing 3700:android.process.media/u0a9 (adj 11): system update done
12-20 08:34:04.538  3454  3468 D ActivityManager: cleanUpApplicationRecord -- 3700
12-20 08:34:04.539  3454  3468 I ActivityManager: Removing system update proc: ProcessRecord{8778f8b 3716:com.android.dialer/u0a23}
12-20 08:34:04.539  3454  3468 I ActivityManager: Killing 3716:com.android.dialer/u0a23 (adj 9): system update done
12-20 08:34:04.549  3454  3468 D ActivityManager: cleanUpApplicationRecord -- 3716
12-20 08:34:04.549  3454  3468 I ActivityManager: Removing system update proc: ProcessRecord{926a868 3732:com.android.settings/1000}
12-20 08:34:04.549  3454  3468 I ActivityManager: Killing 3732:com.android.settings/1000 (adj 9): system update done
12-20 08:34:04.560  3454  3468 D ActivityManager: cleanUpApplicationRecord -- 3732
12-20 08:34:04.560  3454  3468 I ActivityManager: System now ready
12-20 08:34:04.560  3454  3465 W ActivityManager: Spurious death for ProcessRecord{4462e4e 0:com.android.providers.calendar/u0a1}, curProc for 3600: null
12-20 08:34:04.561  3454  3466 W ActivityManager: Spurious death for ProcessRecord{5dc007c 0:android.process.acore/u0a5}, curProc for 3642: null
12-20 08:34:04.561  3454  3624 W ActivityManager: Spurious death for ProcessRecord{2ba2d05 0:com.android.managedprovisioning/u0a12}, curProc for 3683: null
12-20 08:34:04.561  3454  3745 W ActivityManager: Spurious death for ProcessRecord{9dae15a 0:android.process.media/u0a9}, curProc for 3700: null
12-20 08:34:04.561  3454  3746 W ActivityManager: Spurious death for ProcessRecord{8778f8b 0:com.android.dialer/u0a23}, curProc for 3716: null
12-20 08:34:04.561  3454  3747 W ActivityManager: Spurious death for ProcessRecord{926a868 0:com.android.settings/1000}, curProc for 3732: null
12-20 08:34:04.563  3454  3468 I SystemServer: Making services ready
12-20 08:34:04.563  3454  3468 I SystemServiceManager: Starting phase 550
12-20 08:34:04.565  3454  3454 W System  : ClassLoader referenced unknown path: /system/priv-app/Telecom/lib/arm64
12-20 08:34:04.565  3454  3510 D MountService: Thinking about reset, mSystemReady=true, mDaemonConnected=true
12-20 08:34:04.565  3454  3510 D VoldConnector: SND -> {25 volume reset}
12-20 08:34:04.566  3454  3511 D VoldConnector: RCV <- {651 emulated 7}
12-20 08:34:04.566  2943  2987 V vold    : /system/bin/sgdisk
12-20 08:34:04.566  2943  2987 V vold    :     --android-dump
12-20 08:34:04.566  2943  2987 V vold    :     /dev/block/vold/disk:179_0
12-20 08:34:04.566  3454  3511 D VoldConnector: RCV <- {659 emulated}
12-20 08:34:04.566  3454  3511 D VoldConnector: RCV <- {650 emulated 2 "" ""}
12-20 08:34:04.566  3454  3511 D VoldConnector: RCV <- {654 emulated emulated}
12-20 08:34:04.566  3454  3511 D VoldConnector: RCV <- {651 emulated 0}
12-20 08:34:04.567  3454  3511 D VoldConnector: RCV <- {651 public:179_1 7}
12-20 08:34:04.567  3454  3511 D VoldConnector: RCV <- {659 public:179_1}
12-20 08:34:04.567  3454  3511 D VoldConnector: RCV <- {649 disk:179_0}
12-20 08:34:04.567  3454  3468 D UsbAlsaManager: Adding ALSA device AlsaDevice: [card: 0, device: 9, type: 1]
12-20 08:34:04.567  3454  3511 D VoldConnector: RCV <- {640 disk:179_0 5}
12-20 08:34:04.567  3454  3468 D UsbAlsaManager: Adding ALSA device AlsaDevice: [card: 0, device: 8, type: 1]
12-20 08:34:04.567  3454  3511 D VoldConnector: RCV <- {641 disk:179_0 1967128576}
12-20 08:34:04.567  3454  3468 D UsbAlsaManager: Adding ALSA device AlsaDevice: [card: 0, device: 7, type: 1]
12-20 08:34:04.567  3454  3468 D UsbAlsaManager: Adding ALSA device AlsaDevice: [card: 0, device: 6, type: 1]
12-20 08:34:04.567  3454  3511 D VoldConnector: RCV <- {642 disk:179_0 Samsung}
12-20 08:34:04.567  3454  3468 D UsbAlsaManager: Adding ALSA device AlsaDevice: [card: 0, device: 3, type: 1]
12-20 08:34:04.567  3454  3468 D UsbAlsaManager: Adding ALSA device AlsaDevice: [card: 0, device: 2, type: 1]
12-20 08:34:04.567  3454  3468 D UsbAlsaManager: Adding ALSA device AlsaDevice: [card: 0, device: 1, type: 1]
12-20 08:34:04.567  3454  3511 D VoldConnector: RCV <- {644 disk:179_0 /sys//devices/15740000.dwmmc2/mmc_host/mmc0/mmc0:0002/block/mmcblk0}
12-20 08:34:04.567  3454  3468 D UsbAlsaManager: Adding ALSA device AlsaDevice: [card: 0, device: 2, type: 2]
12-20 08:34:04.567  3454  3468 D UsbAlsaManager: Adding ALSA device AlsaDevice: [card: 0, device: 0, type: 1]
12-20 08:34:04.567  3454  3468 D UsbAlsaManager: Adding ALSA device AlsaDevice: [card: 0, device: 1, type: 2]
12-20 08:34:04.567  3454  3468 D UsbAlsaManager: Adding ALSA device AlsaDevice: [card: 0, device: 0, type: 2]
12-20 08:34:04.576  2943  2987 V vold    : DISK mbr
12-20 08:34:04.576  2943  2987 V vold    : PART 1 e
12-20 08:34:04.577  3454  3511 D VoldConnector: RCV <- {650 public:179_1 0 "disk:179_0" ""}
12-20 08:34:04.577  3454  3511 D VoldConnector: RCV <- {654 public:179_1 sdcard1}
12-20 08:34:04.578  3454  3511 D VoldConnector: RCV <- {651 public:179_1 0}
12-20 08:34:04.578  3454  3511 D VoldConnector: RCV <- {643 disk:179_0}
12-20 08:34:04.578  3454  3511 D VoldConnector: RCV <- {200 25 Command succeeded}
12-20 08:34:04.578  3454  3510 D VoldConnector: SND -> {26 volume user_added 0 0}
12-20 08:34:04.578  3454  3511 D VoldConnector: RCV <- {200 26 Command succeeded}
12-20 08:34:04.578  3454  3468 W MountService: No primary storage defined yet; hacking together a stub
12-20 08:34:04.579  3454  3470 V MountService: Found primary storage at VolumeInfo{emulated}:
12-20 08:34:04.579  3454  3470 V MountService:     type=EMULATED diskId=null partGuid=null mountFlags=0 mountUserId=-1 
12-20 08:34:04.579  3454  3470 V MountService:     state=UNMOUNTED 
12-20 08:34:04.579  3454  3470 V MountService:     fsType=null fsUuid=null fsLabel=null 
12-20 08:34:04.579  3454  3470 V MountService:     path=null internalPath=null 
12-20 08:34:04.579  3454  3510 D VoldConnector: SND -> {27 volume mount emulated 3 -1}
12-20 08:34:04.580  3454  3511 D VoldConnector: RCV <- {651 emulated 1}
12-20 08:34:04.580  3454  3511 D VoldConnector: RCV <- {656 emulated /data/media}
12-20 08:34:04.580  3454  3511 D VoldConnector: RCV <- {655 emulated /storage/emulated}
12-20 08:34:04.581  2943  2987 V vold    : Waiting for FUSE to spin up...
12-20 08:34:04.591  3454  3468 I ActivityManager: Start proc 3753:com.android.systemui/u0a26 for service com.android.systemui/.keyguard.KeyguardService
12-20 08:34:04.591  3454  3468 I BrokerableCMSystemService: Connecting to implementation
12-20 08:34:04.592  3454  3468 W ContextImpl: Calling a method in the system process without a qualified user: android.app.ContextImpl.bindService:1295 org.cyanogenmod.platform.internal.BrokerableCMSystemService.tryConnecting:199 org.cyanogenmod.platform.internal.ThemeManagerServiceBroker.onBootPhase:270 com.android.server.SystemServiceManager.startBootPhase:135 com.android.server.SystemServer$2.run:1180 
12-20 08:34:04.603  3454  3468 I ActivityManager: Start proc 3763:org.cyanogenmod.themeservice/u0a20 for service org.cyanogenmod.themeservice/.ThemeManagerService
12-20 08:34:04.604  3454  3468 I SystemServer: WebViewFactory preparation
12-20 08:34:04.622  3454  3468 I Zygote  : Process: zygote socket opened, supported ABIS: armeabi-v7a,armeabi
12-20 08:34:04.624  3069  3069 I art     : Starting a blocking GC Background
12-20 08:34:04.632  3454  3511 D VoldConnector: RCV <- {651 emulated 2}
12-20 08:34:04.632  3454  3511 D VoldConnector: RCV <- {200 27 Command succeeded}
12-20 08:34:04.655  3454  3468 I ActivityManager: Start proc 3788:WebViewLoader-armeabi-v7a/1037 [android.webkit.WebViewFactory$RelroFileCreator] for 
12-20 08:34:04.663  3788  3788 V WebViewFactory: RelroFileCreator (64bit = false),  32-bit lib: /system/app/webview/webview.apk!/lib/armeabi-v7a/libwebviewchromium.so, 64-bit lib: /system/app/webview/webview.apk!/lib/arm64-v8a/libwebviewchromium.so
12-20 08:34:04.669  3454  3468 I ActivityManager: Start proc 3800:WebViewLoader-arm64-v8a/1037 [android.webkit.WebViewFactory$RelroFileCreator] for 
12-20 08:34:04.675  3454  3510 D VoldConnector: SND -> {28 volume mount public:179_1 2 0}
12-20 08:34:04.676  3454  3511 D VoldConnector: RCV <- {651 public:179_1 1}
12-20 08:34:04.676  2943  2987 V vold    : /system/bin/blkid
12-20 08:34:04.676  2943  2987 V vold    :     -c
12-20 08:34:04.676  3454  3468 D NetworkManagement: enabling bandwidth control
12-20 08:34:04.676  2943  2987 V vold    :     /dev/null
12-20 08:34:04.676  2943  2987 V vold    :     -s
12-20 08:34:04.676  2943  2987 V vold    :     TYPE
12-20 08:34:04.676  2943  2987 V vold    :     -s
12-20 08:34:04.676  2943  2987 V vold    :     UUID
12-20 08:34:04.676  2943  2987 V vold    :     -s
12-20 08:34:04.676  2943  2987 V vold    :     LABEL
12-20 08:34:04.676  2943  2987 V vold    :     /dev/block/vold/public:179_1
12-20 08:34:04.678  3454  3472 D BluetoothManagerService: Message: 20
12-20 08:34:04.678  3454  3472 D BluetoothManagerService: Added callback: android.bluetooth.BluetoothAdapter$1@643d747:true
12-20 08:34:04.679  3800  3800 V WebViewFactory: RelroFileCreator (64bit = true),  32-bit lib: /system/app/webview/webview.apk!/lib/armeabi-v7a/libwebviewchromium.so, 64-bit lib: /system/app/webview/webview.apk!/lib/arm64-v8a/libwebviewchromium.so
12-20 08:34:04.679  3454  3472 D BluetoothManagerService: Message: 30
12-20 08:34:04.684  3454  3472 D BluetoothManagerService: Message: 100
12-20 08:34:04.685  3454  3472 E BluetoothManagerService: MESSAGE_TIMEOUT_BIND
12-20 08:34:04.688  3454  3454 I Telecom : ViceNotificationImpl: ViceNotificationImpl
12-20 08:34:04.679  2950  2950 W auditd  : type=1325 audit(0.0:171): table=filter family=2 entries=52
12-20 08:34:04.679  2950  2950 W auditd  : type=1320 audit(0.0:171): 
12-20 08:34:04.703  3753  3753 W System  : ClassLoader referenced unknown path: /system/priv-app/SystemUI/lib/arm64
12-20 08:34:04.689  2950  2950 W auditd  : type=1325 audit(0.0:172): table=filter family=10 entries=55
12-20 08:34:04.689  2950  2950 W auditd  : type=1320 audit(0.0:172): 
12-20 08:34:04.712  3016  3016 E SELinux : avc:  denied  { find } for service=network_management scontext=u:r:themeservice_app:s0 tcontext=u:object_r:network_management_service:s0 tclass=service_manager
12-20 08:34:04.699  2950  2950 W auditd  : type=1325 audit(0.0:173): table=filter family=2 entries=51
12-20 08:34:04.699  2950  2950 W auditd  : type=1320 audit(0.0:173): 
12-20 08:34:04.717  3763  3763 W System  : ClassLoader referenced unknown path: /system/priv-app/ThemeManagerService/lib/arm64
12-20 08:34:04.719  3454  3818 I ActivityManager: Start proc 3821:android.process.acore/u0a5 for content provider com.android.providers.contacts/.CallLogProvider
12-20 08:34:04.721  3454  3472 D BluetoothManagerService: Message: 30
12-20 08:34:04.724  3454  3454 I Telecom : Class: TelecomSystem.INSTANCE being set
12-20 08:34:04.725  3454  3454 W ContextImpl: Calling a method in the system process without a qualified user: android.app.ContextImpl.startService:1231 android.content.ContextWrapper.startService:587 com.android.server.telecom.components.TelecomService.initializeTelecomSystem:141 com.android.server.telecom.components.TelecomService.onBind:69 android.app.ActivityThread.handleBindService:2938 
12-20 08:34:04.709  2950  2950 W auditd  : type=1325 audit(0.0:174): table=filter family=10 entries=54
12-20 08:34:04.709  2950  2950 W auditd  : type=1320 audit(0.0:174): 
12-20 08:34:04.727  2943  2987 V vold    : /dev/block/vold/public:179_1: LABEL="HDDREG" UUID="067B-1A2C" TYPE="vfat" 
12-20 08:34:04.728  3763  3763 I ThemeManagerService: Spawned worker thread
12-20 08:34:04.729  2943  2987 V vold    : /system/bin/fsck_msdos
12-20 08:34:04.729  2943  2987 V vold    :     -p
12-20 08:34:04.729  2943  2987 V vold    :     -f
12-20 08:34:04.729  2943  2987 V vold    :     /dev/block/vold/public:179_1
12-20 08:34:04.730  3454  3511 D VoldConnector: RCV <- {652 public:179_1 vfat}
12-20 08:34:04.730  3454  3511 D VoldConnector: RCV <- {653 public:179_1 067B-1A2C}
12-20 08:34:04.731  3454  3511 D VoldConnector: RCV <- {654 public:179_1 HDDREG}
12-20 08:34:04.731  3454  3511 D VoldConnector: RCV <- {656 public:179_1 /mnt/media_rw/067B-1A2C}
12-20 08:34:04.731  3454  3511 D VoldConnector: RCV <- {655 public:179_1 /storage/067B-1A2C}
12-20 08:34:04.719  2950  2950 W auditd  : type=1325 audit(0.0:175): table=filter family=2 entries=50
12-20 08:34:04.719  2950  2950 W auditd  : type=1320 audit(0.0:175): 
12-20 08:34:04.750  3454  3454 I PackageManager: Replacing preferred activity com.android.messaging/.ui.conversation.LaunchConversationActivity for user 0:
12-20 08:34:04.750  3454  3454 I PackageManager:   Action: "android.intent.action.SENDTO"
12-20 08:34:04.750  3454  3454 I PackageManager:   Category: "android.intent.category.DEFAULT"
12-20 08:34:04.750  3454  3454 I PackageManager:   Scheme: "sms"
12-20 08:34:04.750  3454  3454 I PackageManager:   AutoVerify=false
12-20 08:34:04.751  3454  3454 I PackageManager: Replacing preferred activity com.android.messaging/.ui.conversation.LaunchConversationActivity for user 0:
12-20 08:34:04.751  3454  3454 I PackageManager:   Action: "android.intent.action.SENDTO"
12-20 08:34:04.751  3454  3454 I PackageManager:   Category: "android.intent.category.DEFAULT"
12-20 08:34:04.751  3454  3454 I PackageManager:   Scheme: "smsto"
12-20 08:34:04.751  3454  3454 I PackageManager:   AutoVerify=false
12-20 08:34:04.751  3454  3454 I PackageManager: Replacing preferred activity com.android.messaging/.ui.conversation.LaunchConversationActivity for user 0:
12-20 08:34:04.751  3454  3454 I PackageManager:   Action: "android.intent.action.SENDTO"
12-20 08:34:04.751  3454  3454 I PackageManager:   Category: "android.intent.category.DEFAULT"
12-20 08:34:04.751  3454  3454 I PackageManager:   Scheme: "mms"
12-20 08:34:04.751  3454  3454 I PackageManager:   AutoVerify=false
12-20 08:34:04.729  2950  2950 W auditd  : type=1325 audit(0.0:176): table=filter family=10 entries=53
12-20 08:34:04.751  3454  3454 I PackageManager: Replacing preferred activity com.android.messaging/.ui.conversation.LaunchConversationActivity for user 0:
12-20 08:34:04.751  3454  3454 I PackageManager:   Action: "android.intent.action.SENDTO"
12-20 08:34:04.751  3454  3454 I PackageManager:   Category: "android.intent.category.DEFAULT"
12-20 08:34:04.751  3454  3454 I PackageManager:   Scheme: "mmsto"
12-20 08:34:04.751  3454  3454 I PackageManager:   AutoVerify=false
12-20 08:34:04.751  2943  2987 I fsck_msdos: ** /dev/block/vold/public:179_1
12-20 08:34:04.729  2950  2950 W auditd  : type=1320 audit(0.0:176): 
12-20 08:34:04.753  3836  3836 D fsck_msdos: sectors Per cluster :64 
12-20 08:34:04.753  3836  3836 D fsck_msdos: boot->ClusterOffset :397 
12-20 08:34:04.753  3836  3836 I fsck_msdos: FAT16 Fielsystem
12-20 08:34:04.753  3836  3836 D fsck_msdos: Using cluster_chain_descriptor
12-20 08:34:04.753  3836  3836 I fsck_msdos: Total clusters 59929 
12-20 08:34:04.753  3454  3454 I DefaultPermGrantPolicy: Granting permissions to default sms app for user:0
12-20 08:34:04.753  2943  2987 I fsck_msdos: ** Phase 1 - Read and Compare FATs
12-20 08:34:04.753  2943  2987 I fsck_msdos: Attempting to allocate 123 KB for FAT
12-20 08:34:04.749  2950  2950 W auditd  : type=1325 audit(0.0:177): table=filter family=2 entries=50
12-20 08:34:04.749  2950  2950 W auditd  : type=1320 audit(0.0:177): 
12-20 08:34:04.764  3454  3454 I DefaultPermGrantPolicy: Granting permissions to default dialer app for user:0
12-20 08:34:04.765  2943  2987 I fsck_msdos: Attempting to allocate 123 KB for FAT
12-20 08:34:04.759  2950  2950 W auditd  : type=1325 audit(0.0:178): table=filter family=10 entries=53
12-20 08:34:04.759  2950  2950 W auditd  : type=1320 audit(0.0:178): 
12-20 08:34:04.770  3763  3763 D ThemeManagerService: Previous api level not found. First time booting?
12-20 08:34:04.770  3763  3763 D ThemeManagerService: Prev api level was: -1, api is now: 23
12-20 08:34:04.770  3763  3763 D ThemeManagerService: The system has been upgraded to a theme new api, checking if currently set theme is compatible
12-20 08:34:04.772  3454  3454 I Telecom : PhoneAccountRegistrar: SimCallManager queried, returning: null
12-20 08:34:04.759  2950  2950 W auditd  : type=1325 audit(0.0:179): table=filter family=2 entries=50
12-20 08:34:04.775  3454  3454 I DefaultPermGrantPolicy: Granting permissions to default sms app for user:0
12-20 08:34:04.759  2950  2950 W auditd  : type=1320 audit(0.0:179): 
12-20 08:34:04.775  3836  3836 I fsck_msdos: Begin to compare FAT
12-20 08:34:04.775  3836  3836 I fsck_msdos: ** Phase 2 - Check Cluster Chains 
12-20 08:34:04.775  3836  3836 I fsck_msdos: Begin to handle the cluster chain
12-20 08:34:04.776  3836  3836 D fsck_msdos: rootDir->head :0
12-20 08:34:04.777  2943  2987 I fsck_msdos: ** Phase 3 - Checking Directories
12-20 08:34:04.769  2950  2950 W auditd  : type=1325 audit(0.0:180): table=filter family=10 entries=53
12-20 08:34:04.769  2950  2950 W auditd  : type=1320 audit(0.0:180): 
12-20 08:34:04.783  3821  3821 W System  : ClassLoader referenced unknown path: /system/priv-app/ContactsProvider/lib/arm64
12-20 08:34:04.788  3454  3746 I ActivityManager: Start proc 3851:org.cyanogenmod.themes.provider/u0a21 for content provider org.cyanogenmod.themes.provider/.ThemesProvider
12-20 08:34:04.779  2950  2950 W auditd  : type=1325 audit(0.0:181): table=filter family=2 entries=50
12-20 08:34:04.779  2950  2950 W auditd  : type=1320 audit(0.0:181): 
12-20 08:34:04.789  2950  2950 W auditd  : type=1325 audit(0.0:182): table=filter family=10 entries=53
12-20 08:34:04.789  2950  2950 W auditd  : type=1320 audit(0.0:182): 
12-20 08:34:04.806  3753  3753 V SystemUIService: Starting SystemUI services.
12-20 08:34:04.809  3788  3788 I art     : System.exit called, status: 0
12-20 08:34:04.809  3788  3788 I AndroidRuntime: VM exiting with result code 0, cleanup skipped.
12-20 08:34:04.814  3836  3836 D fsck_msdos: Verify Filesystem information
12-20 08:34:04.814  3836  3836 W fsck_msdos: 34 files, 1915712 free (59866 clusters)
12-20 08:34:04.814  3836  3836 I fsck_msdos: free_rb_tree 
12-20 08:34:04.814  3836  3836 I fsck_msdos: free_fragment_tree
12-20 08:34:04.814  3836  3836 I fsck_msdos: free_fragment_tree
12-20 08:34:04.814  3836  3836 I fsck_msdos: free_fragment_tree: rb_tree is empty 
12-20 08:34:04.815  2943  2987 I fsck_msdos: ** Phase 4 - Checking for Lost Files
12-20 08:34:04.809  2950  2950 W auditd  : type=1325 audit(0.0:183): table=raw family=2 entries=10
12-20 08:34:04.809  2950  2950 W auditd  : type=1320 audit(0.0:183): 
12-20 08:34:04.826  2943  2987 I Vold    : Filesystem check completed OK
12-20 08:34:04.819  2950  2950 W auditd  : type=1325 audit(0.0:184): table=raw family=10 entries=10
12-20 08:34:04.819  2950  2950 W auditd  : type=1320 audit(0.0:184): 
12-20 08:34:04.835  3851  3851 W System  : ClassLoader referenced unknown path: /system/priv-app/ThemesProvider/lib/arm64
12-20 08:34:04.819  2950  2950 W auditd  : type=1325 audit(0.0:185): table=mangle family=2 entries=17
12-20 08:34:04.819  2950  2950 W auditd  : type=1320 audit(0.0:185): 
12-20 08:34:04.829  2950  2950 W auditd  : type=1325 audit(0.0:186): table=mangle family=10 entries=13
12-20 08:34:04.829  2950  2950 W auditd  : type=1320 audit(0.0:186): 
12-20 08:34:04.849  3821  3821 W System  : ClassLoader referenced unknown path: /system/app/UserDictionaryProvider/lib/arm64
12-20 08:34:04.850  2943  2987 V vold    : Waiting for FUSE to spin up...
12-20 08:34:04.839  2950  2950 W auditd  : type=1325 audit(0.0:187): table=filter family=2 entries=49
12-20 08:34:04.839  2950  2950 W auditd  : type=1320 audit(0.0:187): 
12-20 08:34:04.849  2950  2950 W auditd  : type=1325 audit(0.0:188): table=filter family=10 entries=52
12-20 08:34:04.849  2950  2950 W auditd  : type=1320 audit(0.0:188): 
12-20 08:34:04.859  2950  2950 W auditd  : type=1325 audit(0.0:189): table=filter family=2 entries=50
12-20 08:34:04.859  2950  2950 W auditd  : type=1320 audit(0.0:189): 
12-20 08:34:04.894  3800  3800 I art     : System.exit called, status: 0
12-20 08:34:04.894  3800  3800 I AndroidRuntime: VM exiting with result code 0, cleanup skipped.
12-20 08:34:04.900  3454  3511 D VoldConnector: RCV <- {651 public:179_1 2}
12-20 08:34:04.900  3454  3511 D VoldConnector: RCV <- {200 28 Command succeeded}
12-20 08:34:04.942  3055  3444 I iptables: iptables: No chain/target/match by that name.
12-20 08:34:04.942  3055  3444 I iptables: iptables terminated by exit(1)
12-20 08:34:04.942  3055  3444 E Netd    : exec() res=0, status=256 for /system/bin/iptables -w -F st_penalty_log 
12-20 08:34:04.947  3055  3444 I ip6tables: ip6tables: No chain/target/match by that name.
12-20 08:34:04.947  3055  3444 I ip6tables: ip6tables terminated by exit(1)
12-20 08:34:04.947  3055  3444 E Netd    : exec() res=0, status=256 for /system/bin/ip6tables -w -F st_penalty_log 
12-20 08:34:04.952  3055  3444 I iptables: iptables: No chain/target/match by that name.
12-20 08:34:04.952  3055  3444 I iptables: iptables terminated by exit(1)
12-20 08:34:04.952  3055  3444 E Netd    : exec() res=0, status=256 for /system/bin/iptables -w -F st_penalty_reject 
12-20 08:34:04.958  3055  3444 I ip6tables: ip6tables: No chain/target/match by that name.
12-20 08:34:04.958  3055  3444 I ip6tables: ip6tables terminated by exit(1)
12-20 08:34:04.958  3055  3444 E Netd    : exec() res=0, status=256 for /system/bin/ip6tables -w -F st_penalty_reject 
12-20 08:34:04.964  3055  3444 I iptables: iptables: No chain/target/match by that name.
12-20 08:34:04.964  3055  3444 I iptables: iptables terminated by exit(1)
12-20 08:34:04.964  3055  3444 E Netd    : exec() res=0, status=256 for /system/bin/iptables -w -F st_clear_caught 
12-20 08:34:04.969  3055  3444 I ip6tables: ip6tables: No chain/target/match by that name.
12-20 08:34:04.969  3055  3444 I ip6tables: ip6tables terminated by exit(1)
12-20 08:34:04.969  3055  3444 E Netd    : exec() res=0, status=256 for /system/bin/ip6tables -w -F st_clear_caught 
12-20 08:34:04.974  3055  3444 I iptables: iptables: No chain/target/match by that name.
12-20 08:34:04.974  3055  3444 I iptables: iptables terminated by exit(1)
12-20 08:34:04.974  3055  3444 E Netd    : exec() res=0, status=256 for /system/bin/iptables -w -F st_clear_detect 
12-20 08:34:04.980  3055  3444 I ip6tables: ip6tables: No chain/target/match by that name.
12-20 08:34:04.980  3055  3444 I ip6tables: ip6tables terminated by exit(1)
12-20 08:34:04.980  3055  3444 E Netd    : exec() res=0, status=256 for /system/bin/ip6tables -w -F st_clear_detect 
12-20 08:34:04.985  3055  3444 I iptables: iptables: No chain/target/match by that name.
12-20 08:34:04.985  3055  3444 I iptables: iptables terminated by exit(1)
12-20 08:34:04.985  3055  3444 E Netd    : exec() res=0, status=256 for /system/bin/iptables -w -X st_penalty_log 
12-20 08:34:04.991  3055  3444 I ip6tables: ip6tables: No chain/target/match by that name.
12-20 08:34:04.991  3055  3444 I ip6tables: ip6tables terminated by exit(1)
12-20 08:34:04.992  3055  3444 E Netd    : exec() res=0, status=256 for /system/bin/ip6tables -w -X st_penalty_log 
12-20 08:34:04.997  3055  3444 I iptables: iptables: No chain/target/match by that name.
12-20 08:34:04.998  3055  3444 I iptables: iptables terminated by exit(1)
12-20 08:34:04.998  3055  3444 E Netd    : exec() res=0, status=256 for /system/bin/iptables -w -X st_penalty_reject 
12-20 08:34:05.003  3055  3444 I ip6tables: ip6tables: No chain/target/match by that name.
12-20 08:34:05.003  3055  3444 I ip6tables: ip6tables terminated by exit(1)
12-20 08:34:05.003  3055  3444 E Netd    : exec() res=0, status=256 for /system/bin/ip6tables -w -X st_penalty_reject 
12-20 08:34:05.009  3055  3444 I iptables: iptables: No chain/target/match by that name.
12-20 08:34:05.009  3055  3444 I iptables: iptables terminated by exit(1)
12-20 08:34:05.009  3055  3444 E Netd    : exec() res=0, status=256 for /system/bin/iptables -w -X st_clear_caught 
12-20 08:34:05.012  3753  3904 E WVMExtractor: Failed to open libwvm.so: dlopen failed: library "libwvm.so" not found
12-20 08:34:05.015  3055  3444 I ip6tables: ip6tables: No chain/target/match by that name.
12-20 08:34:05.015  3055  3444 I ip6tables: ip6tables terminated by exit(1)
12-20 08:34:05.015  3055  3444 E Netd    : exec() res=0, status=256 for /system/bin/ip6tables -w -X st_clear_caught 
12-20 08:34:05.021  3055  3444 I iptables: iptables: No chain/target/match by that name.
12-20 08:34:05.021  3055  3444 I iptables: iptables terminated by exit(1)
12-20 08:34:05.021  3055  3444 E Netd    : exec() res=0, status=256 for /system/bin/iptables -w -X st_clear_detect 
12-20 08:34:05.031  3055  3444 I ip6tables: ip6tables: No chain/target/match by that name.
12-20 08:34:05.032  3055  3444 I ip6tables: ip6tables terminated by exit(1)
12-20 08:34:05.032  3055  3444 E Netd    : exec() res=0, status=256 for /system/bin/ip6tables -w -X st_clear_detect 
12-20 08:34:05.047  3454  3528 D NotificationSQLiteLog: Pruned event entries: 0
12-20 08:34:05.048  3454  3749 W AppWidgetServiceImpl: Failed to read state: java.io.FileNotFoundException: /data/system/users/0/appwidgets.xml: open failed: ENOENT (No such file or directory)
12-20 08:34:05.048  3454  3749 V AppWidgetServiceImpl: Upgrading widget database from 0 to 1
12-20 08:34:05.049  3060  3545 I EXYNOS_COMP_REGS: Loading the library: libOMX.Exynos.AVC.Decoder.so
12-20 08:34:05.085  3060  3545 I EXYNOS_COMP_REGS: Loading the library: libOMX.Exynos.AVC.Encoder.so
12-20 08:34:05.098  3060  3545 I EXYNOS_COMP_REGS: Loading the library: libOMX.Exynos.HEVC.Decoder.so
12-20 08:34:05.103  3753  3753 I vol.Events: writeEvent collection_started
12-20 08:34:05.125  3060  3545 I EXYNOS_COMP_REGS: Loading the library: libOMX.Exynos.HEVC.Encoder.so
12-20 08:34:05.141  3060  3545 I EXYNOS_COMP_REGS: Loading the library: libOMX.Exynos.MPEG4.Decoder.so
12-20 08:34:05.151  3753  3925 I vol.Events: writeEvent level_changed STREAM_ALARM 6
12-20 08:34:05.153  3753  3925 I vol.Events: writeEvent level_changed STREAM_BLUETOOTH_SCO 7
12-20 08:34:05.156  3753  3925 I vol.Events: writeEvent level_changed STREAM_MUSIC 11
12-20 08:34:05.159  3851  3930 D ThemesProvider: Deleted 0
12-20 08:34:05.159  3753  3925 I vol.Events: writeEvent level_changed STREAM_RING 5
12-20 08:34:05.162  3753  3753 D StorageNotification: Notifying about private volume: VolumeInfo{private}:
12-20 08:34:05.162  3753  3753 D StorageNotification:     type=PRIVATE diskId=null partGuid=null mountFlags=0 mountUserId=-1 
12-20 08:34:05.162  3753  3753 D StorageNotification:     state=MOUNTED 
12-20 08:34:05.162  3753  3753 D StorageNotification:     fsType=null fsUuid=null fsLabel=null 
12-20 08:34:05.162  3753  3753 D StorageNotification:     path=/data internalPath=null 
12-20 08:34:05.162  3753  3925 I vol.Events: writeEvent level_changed STREAM_SYSTEM 5
12-20 08:34:05.163  3753  3753 D StorageNotification: Notifying about public volume: VolumeInfo{public:179_1}:
12-20 08:34:05.163  3753  3753 D StorageNotification:     type=PUBLIC diskId=disk:179_0 partGuid=null mountFlags=VISIBLE 
12-20 08:34:05.163  3753  3753 D StorageNotification:     mountUserId=0 state=MOUNTED 
12-20 08:34:05.163  3753  3753 D StorageNotification:     fsType=vfat fsUuid=067B-1A2C fsLabel=HDDREG 
12-20 08:34:05.163  3753  3753 D StorageNotification:     path=/storage/067B-1A2C internalPath=/mnt/media_rw/067B-1A2C 
12-20 08:34:05.163  3454  3454 I BrokerableCMSystemService: Connecting to implementation
12-20 08:34:05.163  3454  3454 W ContextImpl: Calling a method in the system process without a qualified user: android.app.ContextImpl.bindService:1295 org.cyanogenmod.platform.internal.BrokerableCMSystemService.tryConnecting:199 org.cyanogenmod.platform.internal.BrokerableCMSystemService$1.handleMessage:165 android.os.Handler.dispatchMessage:102 android.os.Looper.loop:148 
12-20 08:34:05.167  3753  3925 I vol.Events: writeEvent level_changed STREAM_VOICE_CALL 4
12-20 08:34:05.167  3060  3545 I EXYNOS_COMP_REGS: Loading the library: libOMX.Exynos.MPEG4.Encoder.so
12-20 08:34:05.168  3753  3925 I vol.Events: writeEvent external_ringer_mode_changed normal
12-20 08:34:05.174  3454  3746 I ActivityManager: Start proc 3934:com.android.externalstorage/u0a10 for content provider com.android.externalstorage/.ExternalStorageProvider
12-20 08:34:05.191  3060  3545 I EXYNOS_COMP_REGS: Loading the library: libOMX.Exynos.VP8.Decoder.so
12-20 08:34:05.209  3060  3545 I EXYNOS_COMP_REGS: Loading the library: libOMX.Exynos.VP8.Encoder.so
12-20 08:34:05.215  3821  3866 I ContactLocale: AddressBook Labels [en-US]: [, A, B, C, D, E, F, G, H, I, J, K, L, M, N, O, P, Q, R, S, T, U, V, W, X, Y, Z, , , , , , , , , , , , , , , , , , , , , , , , , , , , , , , , , , , , , , , , , , , , , , , , , , , , , , , , , , , , , , , , , , , , , , , , , , , , , , , , , , , , , , , , , , , , , , , , , , , , , , , , , , , , , , , , , , , , , , , , , , , , , , , , , , , , , , , , , , , , , , , , , , , , , , , , , , , , , , , , , , , , , , , , , , , , , , , , , , , , , , , , , , , #, ]
12-20 08:34:05.216  3934  3934 W System  : ClassLoader referenced unknown path: /system/priv-app/ExternalStorageProvider/lib/arm64
12-20 08:34:05.220  3060  3545 I EXYNOS_COMP_REGS: Loading the library: libOMX.Exynos.VP9.Decoder.so
12-20 08:34:05.221  3934  3934 D ExternalStorage: After updating volumes, found 2 active roots
12-20 08:34:05.242  3060  3545 I EXYNOS_COMP_REGS: Loading the library: libOMX.Exynos.VP9.Encoder.so
12-20 08:34:05.253  3060  3545 I EXYNOS_COMP_REGS: Loading the library: libOMX.Exynos.WMV.Decoder.so
12-20 08:34:05.308  3454  3466 I StatusBarManagerService: registerStatusBar bar=com.android.internal.statusbar.IStatusBar$Stub$Proxy@d1a7651
12-20 08:34:05.335  3454  3468 W System  : ClassLoader referenced unknown path: /system/framework/ConnectivityExt.jar
12-20 08:34:05.335  3454  3468 W ConnectivityExtension: Connectivity extension is not available
12-20 08:34:05.366  3060  3545 D libexynosv4l2: try node: /dev/video6
12-20 08:34:05.366  3060  3545 I libexynosv4l2: node found for device s5p-mfc-dec: /dev/video6
12-20 08:34:05.391  3454  3519 D WifiService: New client listening to asynchronous messages
12-20 08:34:05.400  3060  3545 I libexynosv4l2: open video device /dev/video6
12-20 08:34:05.400  3060  3545 W ACodec  : do not know color format 0x7f000012 = 2130706450
12-20 08:34:05.401  3060  3545 W ACodec  : do not know color format 0x7f000011 = 2130706449
12-20 08:34:05.401  3060  3545 I Exynos_OSAL_Android: output buffer sharing mode is on (15)
12-20 08:34:05.403  3060  3545 D libexynosv4l2: try node: /dev/video6
12-20 08:34:05.403  3060  3545 I libexynosv4l2: node found for device s5p-mfc-dec: /dev/video6
12-20 08:34:05.406  3060  3545 I libexynosv4l2: open video device /dev/video6
12-20 08:34:05.407  3060  3545 W ACodec  : do not know color format 0x7f000012 = 2130706450
12-20 08:34:05.407  3060  3545 W ACodec  : do not know color format 0x7f000011 = 2130706449
12-20 08:34:05.407  3060  3545 I Exynos_OSAL_Android: output buffer sharing mode is on (15)
12-20 08:34:05.409  3060  3545 D libexynosv4l2: try node: /dev/video6
12-20 08:34:05.409  3060  3545 I libexynosv4l2: node found for device s5p-mfc-dec: /dev/video6
12-20 08:34:05.413  3060  3545 I libexynosv4l2: open video device /dev/video6
12-20 08:34:05.413  3060  3545 W ACodec  : do not know color format 0x7f000012 = 2130706450
12-20 08:34:05.413  3060  3545 W ACodec  : do not know color format 0x7f000011 = 2130706449
12-20 08:34:05.413  3060  3545 I Exynos_OSAL_Android: output buffer sharing mode is on (15)
12-20 08:34:05.415  3060  3545 D libexynosv4l2: try node: /dev/video6
12-20 08:34:05.415  3060  3545 I libexynosv4l2: node found for device s5p-mfc-dec: /dev/video6
12-20 08:34:05.419  3060  3545 I libexynosv4l2: open video device /dev/video6
12-20 08:34:05.420  3060  3545 I Exynos_OSAL_Android: output buffer sharing mode is on (15)
12-20 08:34:05.426  3060  3545 D libexynosv4l2: try node: /dev/video6
12-20 08:34:05.426  3060  3545 I libexynosv4l2: node found for device s5p-mfc-dec: /dev/video6
12-20 08:34:05.435  3060  3545 I libexynosv4l2: open video device /dev/video6
12-20 08:34:05.435  3060  3545 W ACodec  : do not know color format 0x7f000012 = 2130706450
12-20 08:34:05.435  3060  3545 W ACodec  : do not know color format 0x7f000011 = 2130706449
12-20 08:34:05.435  3060  3545 I Exynos_OSAL_Android: output buffer sharing mode is on (15)
12-20 08:34:05.436  3454  3468 D PermissionMonitor: Monitoring
12-20 08:34:05.437  3060  3545 D libexynosv4l2: try node: /dev/video6
12-20 08:34:05.437  3060  3545 I libexynosv4l2: node found for device s5p-mfc-dec: /dev/video6
12-20 08:34:05.440  3060  3545 I libexynosv4l2: open video device /dev/video6
12-20 08:34:05.441  3060  3545 W ACodec  : do not know color format 0x7f000012 = 2130706450
12-20 08:34:05.441  3060  3545 W ACodec  : do not know color format 0x7f000011 = 2130706449
12-20 08:34:05.441  3060  3545 I Exynos_OSAL_Android: output buffer sharing mode is on (15)
12-20 08:34:05.442  3060  3545 D libexynosv4l2: try node: /dev/video6
12-20 08:34:05.442  3060  3545 I libexynosv4l2: node found for device s5p-mfc-dec: /dev/video6
12-20 08:34:05.446  3060  3545 I libexynosv4l2: open video device /dev/video6
12-20 08:34:05.446  3060  3545 E OMXNodeInstance: getParameter(7:Exynos.VP9.Decoder, ParamVideoProfileLevelQuerySupported(0x600000f)) ERROR: UnsupportedIndex(0x8000101a)
12-20 08:34:05.446  3060  3545 W ACodec  : do not know color format 0x7f000012 = 2130706450
12-20 08:34:05.446  3060  3545 W ACodec  : do not know color format 0x7f000011 = 2130706449
12-20 08:34:05.446  3060  3545 I Exynos_OSAL_Android: output buffer sharing mode is on (15)
12-20 08:34:05.447  3060  3545 E OMX     : FAILED to allocate omx component 'OMX.Exynos.VC1.Decoder' err=InvalidComponentName(0x80001002)
12-20 08:34:05.447  3060  3545 E OMX     : FAILED to allocate omx component 'OMX.Exynos.VC1.Decoder' err=InvalidComponentName(0x80001002)
12-20 08:34:05.447  3060  3545 W MediaCodecList: ignoring Limit specified outside of a Type
12-20 08:34:05.447  3060  3545 W MediaCodecList: ignoring Limit specified outside of a Type
12-20 08:34:05.447  3060  3545 W MediaCodecList: ignoring Limit specified outside of a Type
12-20 08:34:05.447  3060  3545 W MediaCodecList: ignoring Limit specified outside of a Type
12-20 08:34:05.447  3060  3545 W MediaCodecList: ignoring Limit specified outside of a Type
12-20 08:34:05.447  3060  3545 W MediaCodecList: ignoring Limit specified outside of a Type
12-20 08:34:05.447  3060  3545 W MediaCodecList: ignoring Feature specified outside of a Type
12-20 08:34:05.447  3060  3545 E OMX     : FAILED to allocate omx component 'OMX.Exynos.MP3.Decoder' err=InvalidComponentName(0x80001002)
12-20 08:34:05.447  3060  3545 E OMX     : FAILED to allocate omx component 'OMX.Exynos.MP3.Decoder' err=InvalidComponentName(0x80001002)
12-20 08:34:05.447  3060  3545 E OMX     : FAILED to allocate omx component 'OMX.Exynos.MP3.Decoder' err=InvalidComponentName(0x80001002)
12-20 08:34:05.447  3060  3545 E OMX     : FAILED to allocate omx component 'OMX.Exynos.AAC.Decoder' err=InvalidComponentName(0x80001002)
12-20 08:34:05.447  3454  3468 D PermissionMonitor: Users: 1, Apps: 74
12-20 08:34:05.448  3060  3545 D libexynosv4l2: try node: /dev/video6
12-20 08:34:05.448  3060  3545 D libexynosv4l2: try node: /dev/video7
12-20 08:34:05.448  3060  3545 I libexynosv4l2: node found for device s5p-mfc-enc: /dev/video7
12-20 08:34:05.452  3060  3545 I libexynosv4l2: open video device /dev/video7
12-20 08:34:05.452  3060  3545 W ACodec  : do not know color format 0x7f000011 = 2130706449
12-20 08:34:05.452  3060  3545 W ACodec  : do not know color format 0x10 = 16
12-20 08:34:05.452  3060  3545 W ACodec  : do not know color format 0x7f00a000 = 2130747392
12-20 08:34:05.452  3060  3545 W ACodec  : do not know color format 0x7f000789 = 2130708361
12-20 08:34:05.452  3060  3545 W ACodec  : do not know color format 0x7f000012 = 2130706450
12-20 08:34:05.454  3060  3545 D libexynosv4l2: try node: /dev/video6
12-20 08:34:05.454  3454  3468 I SystemServiceManager: Starting phase 600
12-20 08:34:05.454  3060  3545 D libexynosv4l2: try node: /dev/video7
12-20 08:34:05.454  3060  3545 I libexynosv4l2: node found for device s5p-mfc-enc: /dev/video7
12-20 08:34:05.454  3060  3060 E bt_a2dp_hw: adev_set_parameters: ERROR: set param called even when stream out is null
12-20 08:34:05.454  3454  3472 D BluetoothManagerService: Message: 30
12-20 08:34:05.455  3454  3472 D BluetoothManagerService: Message: 30
12-20 08:34:05.457  3060  3546 I AudioFlinger: systemReady
12-20 08:34:05.457  3060  3545 I libexynosv4l2: open video device /dev/video7
12-20 08:34:05.457  3060  3545 W ACodec  : do not know color format 0x7f000011 = 2130706449
12-20 08:34:05.457  3060  3545 W ACodec  : do not know color format 0x10 = 16
12-20 08:34:05.458  3060  3545 W ACodec  : do not know color format 0x7f00a000 = 2130747392
12-20 08:34:05.458  3060  3545 W ACodec  : do not know color format 0x7f000789 = 2130708361
12-20 08:34:05.458  3060  3545 W ACodec  : do not know color format 0x7f000012 = 2130706450
12-20 08:34:05.460  3060  3545 D libexynosv4l2: try node: /dev/video6
12-20 08:34:05.460  3060  3545 D libexynosv4l2: try node: /dev/video7
12-20 08:34:05.460  3060  3545 I libexynosv4l2: node found for device s5p-mfc-enc: /dev/video7
12-20 08:34:05.464  3060  3545 I libexynosv4l2: open video device /dev/video7
12-20 08:34:05.464  3060  3545 W ACodec  : do not know color format 0x7f000011 = 2130706449
12-20 08:34:05.464  3060  3545 W ACodec  : do not know color format 0x10 = 16
12-20 08:34:05.464  3060  3545 W ACodec  : do not know color format 0x7f00a000 = 2130747392
12-20 08:34:05.464  3060  3545 W ACodec  : do not know color format 0x7f000789 = 2130708361
12-20 08:34:05.464  3060  3545 W ACodec  : do not know color format 0x7f000012 = 2130706450
12-20 08:34:05.471  3060  3545 D libexynosv4l2: try node: /dev/video6
12-20 08:34:05.471  3060  3545 D libexynosv4l2: try node: /dev/video7
12-20 08:34:05.471  3060  3545 I libexynosv4l2: node found for device s5p-mfc-enc: /dev/video7
12-20 08:34:05.474  3060  3545 I libexynosv4l2: open video device /dev/video7
12-20 08:34:05.475  3060  3545 W ACodec  : do not know color format 0x7f000011 = 2130706449
12-20 08:34:05.475  3060  3545 W ACodec  : do not know color format 0x10 = 16
12-20 08:34:05.475  3060  3545 W ACodec  : do not know color format 0x7f00a000 = 2130747392
12-20 08:34:05.475  3060  3545 W ACodec  : do not know color format 0x7f000789 = 2130708361
12-20 08:34:05.475  3060  3545 W ACodec  : do not know color format 0x7f000012 = 2130706450
12-20 08:34:05.475  3454  3454 I BrokerableCMSystemService: Connecting to implementation
12-20 08:34:05.475  3454  3454 W ContextImpl: Calling a method in the system process without a qualified user: android.app.ContextImpl.bindService:1295 org.cyanogenmod.platform.internal.BrokerableCMSystemService.tryConnecting:199 org.cyanogenmod.platform.internal.BrokerableCMSystemService$1.handleMessage:165 android.os.Handler.dispatchMessage:102 android.os.Looper.loop:148 
12-20 08:34:05.476  3060  3545 D libexynosv4l2: try node: /dev/video6
12-20 08:34:05.476  3060  3545 D libexynosv4l2: try node: /dev/video7
12-20 08:34:05.476  3060  3545 I libexynosv4l2: node found for device s5p-mfc-enc: /dev/video7
12-20 08:34:05.480  3060  3545 I libexynosv4l2: open video device /dev/video7
12-20 08:34:05.480  3060  3545 W ACodec  : do not know color format 0x7f000011 = 2130706449
12-20 08:34:05.480  3060  3545 W ACodec  : do not know color format 0x10 = 16
12-20 08:34:05.480  3060  3545 W ACodec  : do not know color format 0x7f00a000 = 2130747392
12-20 08:34:05.480  3060  3545 W ACodec  : do not know color format 0x7f000789 = 2130708361
12-20 08:34:05.480  3060  3545 W ACodec  : do not know color format 0x7f000012 = 2130706450
12-20 08:34:05.483  3454  4000 E WVMExtractor: Failed to open libwvm.so: dlopen failed: library "libwvm.so" not found
12-20 08:34:05.485  3060  3545 D libexynosv4l2: try node: /dev/video6
12-20 08:34:05.485  3060  3545 D libexynosv4l2: try node: /dev/video7
12-20 08:34:05.485  3060  3545 I libexynosv4l2: node found for device s5p-mfc-enc: /dev/video7
12-20 08:34:05.486  3454  3454 I ActivityManager: Start proc 4007:org.cyanogenmod.livelockscreen.service/u0a11 for service org.cyanogenmod.livelockscreen.service/.LiveLockScreenManagerService
12-20 08:34:05.487  3454  3468 I BackupManagerService: Backup enabled => false
12-20 08:34:05.489  3454  3468 D BrokerableCMSystemService: Third party apps ready
12-20 08:34:05.489  3454  3468 I BrokerableCMSystemService: Connecting to implementation
12-20 08:34:05.489  3454  3468 W ContextImpl: Calling a method in the system process without a qualified user: android.app.ContextImpl.bindService:1295 org.cyanogenmod.platform.internal.BrokerableCMSystemService.tryConnecting:199 org.cyanogenmod.platform.internal.BrokerableCMSystemService.onBootPhase:127 org.cyanogenmod.platform.internal.ThemeManagerServiceBroker.onBootPhase:272 com.android.server.SystemServiceManager.startBootPhase:135 
12-20 08:34:05.489  3454  3468 D BrokerableCMSystemService: Third party apps ready
12-20 08:34:05.489  3454  3468 I BrokerableCMSystemService: Connecting to implementation
12-20 08:34:05.489  3454  3468 W ContextImpl: Calling a method in the system process without a qualified user: android.app.ContextImpl.bindService:1295 org.cyanogenmod.platform.internal.BrokerableCMSystemService.tryConnecting:199 org.cyanogenmod.platform.internal.BrokerableCMSystemService.onBootPhase:127 com.android.server.SystemServiceManager.startBootPhase:135 com.android.server.SystemServer$2.run:1231 
12-20 08:34:05.490  3454  3468 D BrokerableCMSystemService: Third party apps ready
12-20 08:34:05.490  3454  3468 I BrokerableCMSystemService: Connecting to implementation
12-20 08:34:05.491  3454  3468 W ContextImpl: Calling a method in the system process without a qualified user: android.app.ContextImpl.bindService:1295 org.cyanogenmod.platform.internal.BrokerableCMSystemService.tryConnecting:199 org.cyanogenmod.platform.internal.BrokerableCMSystemService.onBootPhase:127 org.cyanogenmod.platform.internal.LiveLockScreenServiceBroker.onBootPhase:273 com.android.server.SystemServiceManager.startBootPhase:135 
12-20 08:34:05.491  3454  3468 D BrokerableCMSystemService: Third party apps ready
12-20 08:34:05.491  3454  3468 I BrokerableCMSystemService: Connecting to implementation
12-20 08:34:05.491  3454  3468 W ContextImpl: Calling a method in the system process without a qualified user: android.app.ContextImpl.bindService:1295 org.cyanogenmod.platform.internal.BrokerableCMSystemService.tryConnecting:199 org.cyanogenmod.platform.internal.BrokerableCMSystemService.onBootPhase:127 com.android.server.SystemServiceManager.startBootPhase:135 com.android.server.SystemServer$2.run:1231 
12-20 08:34:05.491  3060  3545 I libexynosv4l2: open video device /dev/video7
12-20 08:34:05.492  3060  3545 W ACodec  : do not know color format 0x7f000011 = 2130706449
12-20 08:34:05.492  3060  3545 W ACodec  : do not know color format 0x10 = 16
12-20 08:34:05.508  3454  3468 I ActivityManager: Start proc 4021:org.cyanogenmod.weatherservice/u0a27 for service org.cyanogenmod.weatherservice/.WeatherManagerService
12-20 08:34:05.508  3454  3468 D BrokerableCMSystemService: Third party apps ready
12-20 08:34:05.508  3454  3468 I BrokerableCMSystemService: Connecting to implementation
12-20 08:34:05.511  3454  3468 W ContextImpl: Calling a method in the system process without a qualified user: android.app.ContextImpl.bindService:1295 org.cyanogenmod.platform.internal.BrokerableCMSystemService.tryConnecting:199 org.cyanogenmod.platform.internal.BrokerableCMSystemService.onBootPhase:127 org.cyanogenmod.platform.internal.CMAudioServiceBroker.onBootPhase:58 com.android.server.SystemServiceManager.startBootPhase:135 
12-20 08:34:05.518  3060  3545 W ACodec  : do not know color format 0x7f00a000 = 2130747392
12-20 08:34:05.518  3060  3545 W ACodec  : do not know color format 0x7f000789 = 2130708361
12-20 08:34:05.518  3060  3545 W ACodec  : do not know color format 0x7f000012 = 2130706450
12-20 08:34:05.523  3454  3468 I ActivityManager: Start proc 4035:org.cyanogenmod.cmaudio.service/u0a0 for service org.cyanogenmod.cmaudio.service/.CMAudioService
12-20 08:34:05.529  3454  3580 V KeyValueBackupJob: Scheduling k/v pass in 240 minutes
12-20 08:34:05.538  3454  3468 E InputMethodManagerService: Ignoring updateSystemUiLocked due to an invalid token. uid:1000 token:null
12-20 08:34:05.540  3454  3468 W InputMethodManagerService: Reset the default IME as "Resource" is ready here.
12-20 08:34:05.541  3454  3468 I InputMethodManagerService: Selected default: com.android.inputmethod.latin/.LatinIME
12-20 08:34:05.542  3454  3468 W InputMethodManagerService: Illegal subtype state: old subtype = null, new subtype = android.view.inputmethod.InputMethodSubtype@c9194f98
12-20 08:34:05.549  3060  3545 W OMXNodeInstance: [e:google.mpeg4.decoder] component does not support metadata mode; using fallback
12-20 08:34:05.556  4007  4007 W System  : ClassLoader referenced unknown path: /system/priv-app/LiveLockScreenService/lib/arm64
12-20 08:34:05.557  3060  3545 W OMXNodeInstance: [f:google.mpeg4.decoder] component does not support metadata mode; using fallback
12-20 08:34:05.557  3060  3545 W MediaCodecList: ignoring Limit specified outside of a Type
12-20 08:34:05.557  3060  3545 W MediaCodecList: ignoring Limit specified outside of a Type
12-20 08:34:05.557  3060  3545 W MediaCodecList: ignoring Limit specified outside of a Type
12-20 08:34:05.557  3060  3545 W MediaCodecList: ignoring Limit specified outside of a Type
12-20 08:34:05.557  3060  3545 W MediaCodecList: ignoring Limit specified outside of a Type
12-20 08:34:05.557  3060  3545 W MediaCodecList: ignoring Feature specified outside of a Type
