12-20 01:33:56.724  3052  3473 E BandwidthController: runIptablesCmd(): res=1 status=256 failed /system/bin/iptables -w -I bw_FORWARD 2 -i rmnet0 --jump bw_costly_rmnet0
12-20 01:33:56.728  3052  3473 I ip6tables: ip6tables: Index of insertion too big.
12-20 01:33:56.729  3052  3473 I ip6tables: ip6tables terminated by exit(1)
12-20 01:33:56.729  3052  3473 E BandwidthController: runIptablesCmd(): res=1 status=256 failed /system/bin/ip6tables -w -I bw_FORWARD 2 -i rmnet0 --jump bw_costly_rmnet0
12-20 01:33:56.739  3052  3473 E BandwidthController: Failed set quota rule
12-20 01:33:56.739  3052  3473 E BandwidthController: No such iface rmnet0 to delete
12-20 01:33:56.740  3392  3500 E NetworkPolicy: problem setting interface quota
12-20 01:33:56.740  3392  3500 E NetworkPolicy: java.lang.IllegalStateException: command '55 bandwidth setiquota rmnet0 9223372036854775807' failed with '400 55 Bandwidth command failed'
12-20 01:33:56.740  3392  3500 E NetworkPolicy: 	at com.android.server.NetworkManagementService.setInterfaceQuota(NetworkManagementService.java:1717)
12-20 01:33:56.740  3392  3500 E NetworkPolicy: 	at com.android.server.net.NetworkPolicyManagerService.setInterfaceQuota(NetworkPolicyManagerService.java:2567)
12-20 01:33:56.740  3392  3500 E NetworkPolicy: 	at com.android.server.net.NetworkPolicyManagerService.updateNetworkRulesLocked(NetworkPolicyManagerService.java:1314)
12-20 01:33:56.740  3392  3500 E NetworkPolicy: 	at com.android.server.net.NetworkPolicyManagerService$14.onReceive(NetworkPolicyManagerService.java:1138)
12-20 01:33:56.740  3392  3500 E NetworkPolicy: 	at android.app.LoadedApk$ReceiverDispatcher$Args.run(LoadedApk.java:882)
12-20 01:33:56.740  3392  3500 E NetworkPolicy: 	at android.os.Handler.handleCallback(Handler.java:739)
12-20 01:33:56.740  3392  3500 E NetworkPolicy: 	at android.os.Handler.dispatchMessage(Handler.java:95)
12-20 01:33:56.740  3392  3500 E NetworkPolicy: 	at android.os.Looper.loop(Looper.java:148)
12-20 01:33:56.740  3392  3500 E NetworkPolicy: 	at android.os.HandlerThread.run(HandlerThread.java:61)
12-20 01:33:56.740  3392  3500 E NetworkPolicy: Caused by: com.android.server.NativeDaemonConnector$NativeDaemonFailureException: command '55 bandwidth setiquota rmnet0 9223372036854775807' failed with '400 55 Bandwidth command failed'
12-20 01:33:56.740  3392  3500 E NetworkPolicy: 	at com.android.server.NativeDaemonConnector.executeForList(NativeDaemonConnector.java:444)
12-20 01:33:56.740  3392  3500 E NetworkPolicy: 	at com.android.server.NativeDaemonConnector.execute(NativeDaemonConnector.java:345)
12-20 01:33:56.740  3392  3500 E NetworkPolicy: 	at com.android.server.NativeDaemonConnector.execute(NativeDaemonConnector.java:340)
12-20 01:33:56.740  3392  3500 E NetworkPolicy: 	at com.android.server.NetworkManagementService.setInterfaceQuota(NetworkManagementService.java:1714)
12-20 01:33:56.740  3392  3500 E NetworkPolicy: 	... 8 more
12-20 01:33:56.755  3392  3423 W art     : Long monitor contention event with owner method=void com.android.server.net.NetworkPolicyManagerService$14.onReceive(android.content.Context, android.content.Intent) from NetworkPolicyManagerService.java:1134 waiters=1 for 131ms
12-20 01:33:56.845  3052  3473 I iptables: iptables: Index of insertion too big.
12-20 01:33:56.846  3052  3473 I iptables: iptables terminated by exit(1)
12-20 01:33:56.846  3052  3473 E BandwidthController: runIptablesCmd(): res=1 status=256 failed /system/bin/iptables -w -I bw_FORWARD 2 -i rmnet0 --jump bw_costly_rmnet0
12-20 01:33:56.850  3052  3473 I ip6tables: ip6tables: Index of insertion too big.
12-20 01:33:56.851  3052  3473 I ip6tables: ip6tables terminated by exit(1)
12-20 01:33:56.851  3052  3473 E BandwidthController: runIptablesCmd(): res=1 status=256 failed /system/bin/ip6tables -w -I bw_FORWARD 2 -i rmnet0 --jump bw_costly_rmnet0
12-20 01:33:56.861  3052  3473 E BandwidthController: Failed set quota rule
12-20 01:33:56.861  3052  3473 E BandwidthController: No such iface rmnet0 to delete
12-20 01:33:56.862  3392  3500 E NetworkPolicy: problem setting interface quota
12-20 01:33:56.862  3392  3500 E NetworkPolicy: java.lang.IllegalStateException: command '56 bandwidth setiquota rmnet0 9223372036854775807' failed with '400 56 Bandwidth command failed'
12-20 01:33:56.862  3392  3500 E NetworkPolicy: 	at com.android.server.NetworkManagementService.setInterfaceQuota(NetworkManagementService.java:1717)
12-20 01:33:56.862  3392  3500 E NetworkPolicy: 	at com.android.server.net.NetworkPolicyManagerService.setInterfaceQuota(NetworkPolicyManagerService.java:2567)
12-20 01:33:56.862  3392  3500 E NetworkPolicy: 	at com.android.server.net.NetworkPolicyManagerService.updateNetworkRulesLocked(NetworkPolicyManagerService.java:1314)
12-20 01:33:56.862  3392  3500 E NetworkPolicy: 	at com.android.server.net.NetworkPolicyManagerService$14.onReceive(NetworkPolicyManagerService.java:1138)
12-20 01:33:56.862  3392  3500 E NetworkPolicy: 	at android.app.LoadedApk$ReceiverDispatcher$Args.run(LoadedApk.java:882)
12-20 01:33:56.862  3392  3500 E NetworkPolicy: 	at android.os.Handler.handleCallback(Handler.java:739)
12-20 01:33:56.862  3392  3500 E NetworkPolicy: 	at android.os.Handler.dispatchMessage(Handler.java:95)
12-20 01:33:56.862  3392  3500 E NetworkPolicy: 	at android.os.Looper.loop(Looper.java:148)
12-20 01:33:56.862  3392  3500 E NetworkPolicy: 	at android.os.HandlerThread.run(HandlerThread.java:61)
12-20 01:33:56.862  3392  3500 E NetworkPolicy: Caused by: com.android.server.NativeDaemonConnector$NativeDaemonFailureException: command '56 bandwidth setiquota rmnet0 9223372036854775807' failed with '400 56 Bandwidth command failed'
12-20 01:33:56.862  3392  3500 E NetworkPolicy: 	at com.android.server.NativeDaemonConnector.executeForList(NativeDaemonConnector.java:444)
12-20 01:33:56.862  3392  3500 E NetworkPolicy: 	at com.android.server.NativeDaemonConnector.execute(NativeDaemonConnector.java:345)
12-20 01:33:56.862  3392  3500 E NetworkPolicy: 	at com.android.server.NativeDaemonConnector.execute(NativeDaemonConnector.java:340)
12-20 01:33:56.862  3392  3500 E NetworkPolicy: 	at com.android.server.NetworkManagementService.setInterfaceQuota(NetworkManagementService.java:1714)
12-20 01:33:56.862  3392  3500 E NetworkPolicy: 	... 8 more
12-20 01:33:56.869  3392  3423 W art     : Long monitor contention event with owner method=void com.android.server.net.NetworkPolicyManagerService$14.onReceive(android.content.Context, android.content.Intent) from NetworkPolicyManagerService.java:1134 waiters=0 for 114ms
12-20 01:33:56.899  3960  3960 V ConfigResourceUtil: resourceName = config_spn_display_control resourceId = 2130837514resourceValue = false
12-20 01:33:56.900  3392  3933 D AlarmManagerService: Kernel timezone updated to 180 minutes west of GMT
12-20 01:33:56.904  3392  3504 D ConnectivityService: notifyType CAP_CHANGED for NetworkAgentInfo [MOBILE (HSPA+) - 100]
12-20 01:33:56.904  4346  4346 D CellBroadcastReceiver: onReceive Intent { act=android.intent.action.SERVICE_STATE flg=0x10 cmp=com.android.cellbroadcastreceiver/.CellBroadcastReceiver (has extras) }
12-20 01:33:56.904  4346  4346 D CellBroadcastReceiver: Intent ACTION_SERVICE_STATE_CHANGED
12-20 01:33:56.904  4346  4346 D CellBroadcastReceiver: subscriptionId = 1
12-20 01:33:56.906  3392  3504 D ConnectivityService: notifyType IP_CHANGED for NetworkAgentInfo [MOBILE (HSUPA) - 100]
12-20 01:33:56.909  4346  4346 D CellBroadcastReceiver: Service state changed! 0 Full: 0 0 voice home data home PERSONAL AR TP 72234 PERSONAL AR TP 72234  UMTS HSUPA CSS not supported -1 -1 RoamInd=-1 DefRoamInd=-1 EmergOnly=false IsDataRoamingFromRegistration=false Current state=1
12-20 01:33:56.923  4346  4768 D CellBroadcastConfigService: enabling emergency cell broadcast channels
12-20 01:33:56.924  3960  4212 D IccSmsInterfaceManager: [IccSmsInterfaceManager] enableGsmBroadcastRange
12-20 01:33:56.925  3960  4212 D IccSmsInterfaceManager: [IccSmsInterfaceManager] Added GSM cell broadcast subscription for MID range 4352 to 4354 from client com.android.cellbroadcastreceiver
12-20 01:33:56.925  3960  4212 D IccSmsInterfaceManager: [IccSmsInterfaceManager] Calling setCellBroadcastActivation(true)
12-20 01:33:56.928  3960  4407 D IccSmsInterfaceManager: [IccSmsInterfaceManager] enableGsmBroadcastRange
12-20 01:33:56.928  3960  4407 D IccSmsInterfaceManager: [IccSmsInterfaceManager] Added GSM cell broadcast subscription for MID range 4356 to 4356 from client com.android.cellbroadcastreceiver
12-20 01:33:56.928  3960  4407 D IccSmsInterfaceManager: [IccSmsInterfaceManager] Calling setCellBroadcastActivation(true)
12-20 01:33:56.931  3960  3979 D IccSmsInterfaceManager: [IccSmsInterfaceManager] enableGsmBroadcastRange
12-20 01:33:56.931  3960  3979 D IccSmsInterfaceManager: [IccSmsInterfaceManager] Added GSM cell broadcast subscription for MID range 4371 to 4372 from client com.android.cellbroadcastreceiver
12-20 01:33:56.931  3960  3979 D IccSmsInterfaceManager: [IccSmsInterfaceManager] Calling setCellBroadcastActivation(true)
12-20 01:33:56.934  3960  3982 D IccSmsInterfaceManager: [IccSmsInterfaceManager] enableCdmaBroadcastRange
12-20 01:33:56.934  3960  3982 D IccSmsInterfaceManager: [IccSmsInterfaceManager] Calling setCdmaBroadcastConfig with 1 configurations
12-20 01:33:56.936  3960  3982 D IccSmsInterfaceManager: [IccSmsInterfaceManager] Failed to add cdma broadcast subscription for MID range 4097 to 4097 from client com.android.cellbroadcastreceiver
12-20 01:33:56.937  3960  4409 D IccSmsInterfaceManager: [IccSmsInterfaceManager] enableGsmBroadcastRange
12-20 01:33:56.938  3960  4409 D IccSmsInterfaceManager: [IccSmsInterfaceManager] Added GSM cell broadcast subscription for MID range 4373 to 4378 from client com.android.cellbroadcastreceiver
12-20 01:33:56.938  3960  4409 D IccSmsInterfaceManager: [IccSmsInterfaceManager] Calling setCellBroadcastActivation(true)
12-20 01:33:56.941  3960  4216 D IccSmsInterfaceManager: [IccSmsInterfaceManager] enableCdmaBroadcastRange
12-20 01:33:56.941  3960  4216 D IccSmsInterfaceManager: [IccSmsInterfaceManager] Calling setCdmaBroadcastConfig with 1 configurations
12-20 01:33:56.942  3960  4216 D IccSmsInterfaceManager: [IccSmsInterfaceManager] Failed to add cdma broadcast subscription for MID range 4098 to 4098 from client com.android.cellbroadcastreceiver
12-20 01:33:56.944  3960  4362 D IccSmsInterfaceManager: [IccSmsInterfaceManager] enableGsmBroadcastRange
12-20 01:33:56.944  3960  4362 D IccSmsInterfaceManager: [IccSmsInterfaceManager] Added GSM cell broadcast subscription for MID range 4379 to 4379 from client com.android.cellbroadcastreceiver
12-20 01:33:56.944  3960  4362 D IccSmsInterfaceManager: [IccSmsInterfaceManager] Calling setCellBroadcastActivation(true)
12-20 01:33:56.947  3960  4404 D IccSmsInterfaceManager: [IccSmsInterfaceManager] enableCdmaBroadcastRange
12-20 01:33:56.947  3960  4404 D IccSmsInterfaceManager: [IccSmsInterfaceManager] Calling setCdmaBroadcastConfig with 1 configurations
12-20 01:33:56.948  3960  4404 D IccSmsInterfaceManager: [IccSmsInterfaceManager] Failed to add cdma broadcast subscription for MID range 4099 to 4099 from client com.android.cellbroadcastreceiver
12-20 01:33:56.950  3960  4410 D IccSmsInterfaceManager: [IccSmsInterfaceManager] enableGsmBroadcastRange
12-20 01:33:56.950  3960  4410 D IccSmsInterfaceManager: [IccSmsInterfaceManager] Added GSM cell broadcast subscription for MID range 4380 to 4382 from client com.android.cellbroadcastreceiver
12-20 01:33:56.950  3960  4410 D IccSmsInterfaceManager: [IccSmsInterfaceManager] Calling setCellBroadcastActivation(true)
12-20 01:33:56.953  3960  4212 D IccSmsInterfaceManager: [IccSmsInterfaceManager] enableCdmaBroadcastRange
12-20 01:33:56.953  3960  4212 D IccSmsInterfaceManager: [IccSmsInterfaceManager] Calling setCdmaBroadcastConfig with 1 configurations
12-20 01:33:56.954  3960  4212 D IccSmsInterfaceManager: [IccSmsInterfaceManager] Failed to add cdma broadcast subscription for MID range 4100 to 4100 from client com.android.cellbroadcastreceiver
12-20 01:33:56.956  3960  4407 D IccSmsInterfaceManager: [IccSmsInterfaceManager] enableGsmBroadcastRange
12-20 01:33:56.957  3960  4407 D IccSmsInterfaceManager: [IccSmsInterfaceManager] Added GSM cell broadcast subscription for MID range 4393 to 4395 from client com.android.cellbroadcastreceiver
12-20 01:33:56.957  3960  4407 D IccSmsInterfaceManager: [IccSmsInterfaceManager] Calling setCellBroadcastActivation(true)
12-20 01:33:56.958  4346  4768 D CellBroadcastConfigService: enabled emergency cell broadcast channels
12-20 01:33:56.959  3960  3979 D IccSmsInterfaceManager: [IccSmsInterfaceManager] enableGsmBroadcastRange
12-20 01:33:56.960  3960  3979 D IccSmsInterfaceManager: [IccSmsInterfaceManager] Added GSM cell broadcast subscription for MID range 4370 to 4370 from client com.android.cellbroadcastreceiver
12-20 01:33:56.960  3960  3979 D IccSmsInterfaceManager: [IccSmsInterfaceManager] Calling setCellBroadcastActivation(true)
12-20 01:33:56.962  3960  3982 D IccSmsInterfaceManager: [IccSmsInterfaceManager] enableCdmaBroadcastRange
12-20 01:33:56.963  3960  3982 D IccSmsInterfaceManager: [IccSmsInterfaceManager] Calling setCdmaBroadcastConfig with 1 configurations
12-20 01:33:56.964  3960  3982 D IccSmsInterfaceManager: [IccSmsInterfaceManager] Failed to add cdma broadcast subscription for MID range 4096 to 4096 from client com.android.cellbroadcastreceiver
12-20 01:33:56.965  3960  4409 D IccSmsInterfaceManager: [IccSmsInterfaceManager] enableGsmBroadcastRange
12-20 01:33:56.966  3960  4409 D IccSmsInterfaceManager: [IccSmsInterfaceManager] Added GSM cell broadcast subscription for MID range 4383 to 4383 from client com.android.cellbroadcastreceiver
12-20 01:33:56.966  3960  4409 D IccSmsInterfaceManager: [IccSmsInterfaceManager] Calling setCellBroadcastActivation(true)
12-20 01:33:56.967  4346  4768 D CellBroadcastConfigService: disabling cell broadcast channel 50
12-20 01:33:56.969  3960  4216 D IccSmsInterfaceManager: [IccSmsInterfaceManager] disableGsmBroadcastRange
12-20 01:33:56.970  3960  4216 D IccSmsInterfaceManager: [IccSmsInterfaceManager] Failed to remove GSM cell broadcast subscription for MID range 50 to 50 from client com.android.cellbroadcastreceiver
12-20 01:33:56.970  4346  4768 D CellBroadcastConfigService: disabling cell broadcast channel 60
12-20 01:33:56.971  3960  4362 D IccSmsInterfaceManager: [IccSmsInterfaceManager] disableGsmBroadcastRange
12-20 01:33:56.972  3960  4362 D IccSmsInterfaceManager: [IccSmsInterfaceManager] Failed to remove GSM cell broadcast subscription for MID range 60 to 60 from client com.android.cellbroadcastreceiver
12-20 01:33:56.972  4346  4768 D CellBroadcastConfigService: disabled cell broadcast channel 60
12-20 01:33:56.973  4346  4768 D CellBroadcastConfigService: disabling channels 919-928
12-20 01:33:56.974  3960  4212 D IccSmsInterfaceManager: [IccSmsInterfaceManager] disableGsmBroadcastRange
12-20 01:33:56.975  3960  4212 D IccSmsInterfaceManager: [IccSmsInterfaceManager] Failed to remove GSM cell broadcast subscription for MID range 919 to 928 from client com.android.cellbroadcastreceiver
12-20 01:33:56.976  4346  4768 D CellBroadcastConfigService: disabling cell broadcast ETWS test messages
12-20 01:33:56.978  3960  3982 D IccSmsInterfaceManager: [IccSmsInterfaceManager] disableGsmBroadcastRange
12-20 01:33:56.978  3960  3982 D IccSmsInterfaceManager: [IccSmsInterfaceManager] Failed to remove GSM cell broadcast subscription for MID range 4355 to 4355 from client com.android.cellbroadcastreceiver
12-20 01:33:57.248  3392  3504 D ConnectivityService: handlePromptUnvalidated 100
12-20 01:33:57.356  3392  3502 D WifiNetworkAgent: NetworkAgent: Received signal strength thresholds: []
12-20 01:33:57.356  3392  3502 D WifiNative-HAL: stopRssiMonitoring, cmdId 0
12-20 01:34:00.283  3392  3421 I ActivityManager: Waited long enough for: ServiceRecord{209849d u0 com.android.calendar/.alerts.InitAlarmsService}
12-20 01:34:00.353  3392  3421 I ActivityManager: Waited long enough for: ServiceRecord{cf8585e u0 com.android.email/.service.LegacyImapSyncAdapterService}
12-20 01:34:04.375  3392  3504 D ConnectivityService: handlePromptUnvalidated 101
12-20 01:34:05.944  3392  3665 I ActivityManager: Killing 4213:org.cyanogenmod.weather.provider/u0a28 (adj 15): empty #17
12-20 01:34:05.955  3392  3665 I ActivityManager: Killing 3686:org.cyanogenmod.themes.provider/u0a22 (adj 15): empty #18
12-20 01:34:05.971  3392  3665 I ActivityManager: Killing 3631:com.android.externalstorage/u0a9 (adj 15): empty #19
12-20 01:34:05.981  3392  3617 D ActivityManager: cleanUpApplicationRecord -- 4213
12-20 01:34:05.982  3392  3618 D ActivityManager: cleanUpApplicationRecord -- 3686
12-20 01:34:05.982  3392  3610 D ActivityManager: cleanUpApplicationRecord -- 3631
12-20 01:34:06.931  3392  3502 D WifiStateMachine: L2Connected CMD_START_SCAN source -2 5, 6 -> obsolete
12-20 01:34:08.917  3392  3502 D WifiStateMachine: L2Connected CMD_START_SCAN source -2 3, 6 -> obsolete
12-20 01:34:13.606  3392  4713 D NetlinkSocketObserver: NeighborEvent{elapsedMs=46220, 192.168.1.1, [5CDC96114482], RTM_NEWNEIGH, NUD_STALE}
12-20 01:34:15.284  4559  4590 D InitAlarmsService: Clearing and rescheduling alarms.
12-20 01:34:15.319  3392  3665 I ActivityManager: Killing 4162:com.cyanogenmod.eleven/u0a41 (adj 15): empty #17
12-20 01:34:15.354  3392  3610 D ActivityManager: cleanUpApplicationRecord -- 4162
12-20 01:34:26.630  3392  3504 D ConnectivityService: handleLingerComplete for NetworkAgentInfo [MOBILE (HSUPA) - 100]
12-20 01:34:26.631  3392  3504 D ConnectivityService: NetworkAgentInfo [MOBILE (HSUPA) - 100] got DISCONNECTED, was satisfying 1
12-20 01:34:26.631  3960  4135 D DcNetworkAgent: NetworkAgent: NetworkAgent channel lost
12-20 01:34:26.632  3960  4135 D DcNetworkAgent: NetworkAgent: DcNetworkAgent: [unwanted]: disconnect apnContext={mApnType=default mState=CONNECTED mWaitingApns={[[ApnSettingV3] Personal, 3291, 72234, gprs.personal.com, , , , , , 0, default | supl, IP, IP, true, 0, 0, 0, false, 0, 0, 0, 0, , ]} mWaitingApnsPermanentFailureCountDown=1 mApnSetting={[ApnSettingV3] Personal, 3291, 72234, gprs.personal.com, , , , , , 0, default | supl, IP, IP, true, 0, 0, 0, false, 0, 0, 0, 0, , } mReason=dataDisabled mDataEnabled=false mDependencyMet=true}
12-20 01:34:26.650  3392  3504 D ConnectivityService: notifyType LOST for NetworkAgentInfo [MOBILE (HSUPA) - 100]
12-20 01:34:26.661  2953  2953 W auditd  : type=1325 audit(0.0:289): table=mangle family=2 entries=21
12-20 01:34:26.661  2953  2953 W auditd  : type=1320 audit(0.0:289): 
12-20 01:34:26.681  2953  2953 W auditd  : type=1325 audit(0.0:290): table=mangle family=10 entries=17
12-20 01:34:26.681  2953  2953 W auditd  : type=1320 audit(0.0:290): 
12-20 01:34:26.737  3052  3473 E Netd    : netlink response contains error (No such file or directory)
