12-20 02:20:09.777  3061  4996 D exynos-libhwjpeg: CHWJpegV4L2Compressor Created: 0xf0cf2004, FD 32
12-20 02:20:09.777  3061  4996 D exynos-libhwjpeg: CHWJpegV4L2Compressor Created: 0xef534700, FD 37
12-20 02:20:09.777  3061  4996 D exynos-libhwjpeg: ExynosJpegEncoderForCamera Created: 0xf0cf2000, ION 38
12-20 02:20:09.777  3061  4996 D ExynosCameraNodeJpegHAL: [CAM_ID(1)][HWFC_JPEG_DST]-DEBUG(open[175]):Node(200)(/dev/video200) opened.
12-20 02:20:09.777  3061  4996 D ExynosCameraNodeJpegHAL: [CAM_ID(1)][HWFC_JPEG_SRC]-DEBUG(open[135]):open
12-20 02:20:09.777  3061  4996 D ExynosCameraMCPipe: [CAM_ID(1)][PIPE_3AA_REPROCESSING]-DEBUG(m_preCreate[1346]):JpegHAL Node(200) opened
12-20 02:20:09.777  3061  4996 D ExynosCameraNodeJpegHAL: [CAM_ID(1)][HWFC_THUMBNAIL_SRC]-DEBUG(open[135]):open
12-20 02:20:09.777  3061  4996 D ExynosCameraMCPipe: [CAM_ID(1)][PIPE_3AA_REPROCESSING]-DEBUG(m_preCreate[1346]):JpegHAL Node(201) opened
12-20 02:20:09.777  3061  4146 I ExynosCameraNode: [CAM_ID(1)][3AA_OUTPUT]-INFO(prepareBuffer[920]):prepareBuffers(2)
12-20 02:20:09.777  3061  4996 D ExynosCameraNodeJpegHAL: [CAM_ID(1)][HWFC_THUMBNAIL_DST]-DEBUG(open[135]):open
12-20 02:20:09.777  3061  4996 D ExynosCameraMCPipe: [CAM_ID(1)][PIPE_3AA_REPROCESSING]-DEBUG(m_preCreate[1346]):JpegHAL Node(201) opened
12-20 02:20:09.777  3061  4996 D ExynosCameraNode: [CAM_ID(1)][REPROCESSING_3AA_CAPTURE_MAIN]-DEBUG(open[262]): Node(122)(/dev/video122) opened. m_fd(39)
12-20 02:20:09.778  3061  4146 I ExynosCameraNode: [CAM_ID(1)][3AA_OUTPUT]-INFO(prepareBuffer[920]):prepareBuffers(3)
12-20 02:20:09.778  3061  4996 D ExynosCameraNode: [CAM_ID(1)][REPROCESSING_ISP_OUTPUT]-DEBUG(open[262]): Node(140)(/dev/video140) opened. m_fd(40)
12-20 02:20:09.778  3061  4146 I ExynosCameraNode: [CAM_ID(1)][3AA_OUTPUT]-INFO(prepareBuffer[920]):prepareBuffers(4)
12-20 02:20:09.778  3061  4996 D ExynosCameraNode: [CAM_ID(1)][REPROCESSING_ISP_CAPTURE_OTF]-DEBUG(open[262]): Node(142)(/dev/video142) opened. m_fd(24)
12-20 02:20:09.778  3061  4996 D ExynosCameraNode: [CAM_ID(1)][MCSC_OUTPUT]-DEBUG(open[262]): Node(161)(/dev/video161) opened. m_fd(41)
12-20 02:20:09.778  3061  4996 I ExynosCameraMCPipe: [CAM_ID(1)][PIPE_3AA_REPROCESSING]-INFO(m_preCreate[1442]):m_preCreate() is succeed, Pipe(201), prepare(0)
12-20 02:20:09.778  3061  4996 D ExynosCameraMCPipe: [CAM_ID(1)][PIPE_3AA_REPROCESSING]-DEBUG(m_postCreate[1449])
12-20 02:20:09.778  3061  4996 I ExynosCameraMCPipe: [CAM_ID(1)][PIPE_3AA_REPROCESSING]-INFO(m_postCreate[1473]):m_postCreate() is succeed, Pipe(201)
12-20 02:20:09.778  3061  4996 D ExynosCameraFrameReprocessingFactory: [CAM_ID(1)][ReprocessingFactory]-DEBUG(create[54]):PIPE_3AA_REPROCESSING(201) created
12-20 02:20:09.778  3061  4996 D ExynosCameraMCPipe: [CAM_ID(1)][PIPE_ISP_REPROCESSING]-DEBUG(create[37])
12-20 02:20:09.778  3061  4996 D ExynosCameraMCPipe: [CAM_ID(1)][PIPE_ISP_REPROCESSING]-DEBUG(m_preCreate[1304])
12-20 02:20:09.778  3061  4996 I ExynosCameraMCPipe: [CAM_ID(1)][PIPE_ISP_REPROCESSING]-INFO(m_preCreate[1442]):m_preCreate() is succeed, Pipe(204), prepare(0)
12-20 02:20:09.778  3061  4996 D ExynosCameraMCPipe: [CAM_ID(1)][PIPE_ISP_REPROCESSING]-DEBUG(m_postCreate[1449])
12-20 02:20:09.778  3061  4996 I ExynosCameraMCPipe: [CAM_ID(1)][PIPE_ISP_REPROCESSING]-INFO(m_postCreate[1473]):m_postCreate() is succeed, Pipe(204)
12-20 02:20:09.778  3061  4996 D ExynosCameraFrameReprocessingFactory: [CAM_ID(1)][ReprocessingFactory]-DEBUG(create[64]):PIPE_ISP_REPROCESSING(204) created
12-20 02:20:09.778  3061  4996 D ExynosCameraMCPipe: [CAM_ID(1)][PIPE_MCSC_REPROCESSING]-DEBUG(create[37])
12-20 02:20:09.778  3061  4996 D ExynosCameraMCPipe: [CAM_ID(1)][PIPE_MCSC_REPROCESSING]-DEBUG(m_preCreate[1304])
12-20 02:20:09.778  3061  4996 I ExynosCameraMCPipe: [CAM_ID(1)][PIPE_MCSC_REPROCESSING]-INFO(m_preCreate[1442]):m_preCreate() is succeed, Pipe(209), prepare(0)
12-20 02:20:09.778  3061  4996 D ExynosCameraMCPipe: [CAM_ID(1)][PIPE_MCSC_REPROCESSING]-DEBUG(m_postCreate[1449])
12-20 02:20:09.778  3061  4996 I ExynosCameraMCPipe: [CAM_ID(1)][PIPE_MCSC_REPROCESSING]-INFO(m_postCreate[1473]):m_postCreate() is succeed, Pipe(209)
12-20 02:20:09.778  3061  4996 D ExynosCameraFrameReprocessingFactory: [CAM_ID(1)][ReprocessingFactory]-DEBUG(create[74]):PIPE_MCSC_REPROCESSING(209) created
12-20 02:20:09.778  3061  4996 I ExynosCameraPipeGSC: [CAM_ID(1)][PIPE_GSC_REPROCESSING3]-INFO(create[47]):create() is succeed (219)
12-20 02:20:09.778  3061  4996 D ExynosCameraFrameReprocessingFactory: [CAM_ID(1)][ReprocessingFactory]-DEBUG(create[96]):PIPE_GSC_REPROCESSING3(219) created
12-20 02:20:09.778  3061  4146 I ExynosCameraNode: [CAM_ID(1)][ISP_OUTPUT]-INFO(prepareBuffer[920]):prepareBuffers(0)
12-20 02:20:09.778  3061  4996 I ExynosCameraPipeJpeg: [CAM_ID(1)][PIPE_JPEG_REPROCESSING]-INFO(create[40]):create() is succeed (220)
12-20 02:20:09.778  3061  4996 D ExynosCameraFrameReprocessingFactory: [CAM_ID(1)][ReprocessingFactory]-DEBUG(create[107]):PIPE_JPEG_REPROCESSING(220) created
12-20 02:20:09.778  3061  4996 D ExynosCameraMCPipe: [CAM_ID(1)][PIPE_3AA_REPROCESSING]-DEBUG(setControl[449])
12-20 02:20:09.779  3061  4996 I ExynosCameraMCPipe: [CAM_ID(1)][PIPE_3AA_REPROCESSING]-INFO(setControl[460]):setControl() is succeed, Pipe(201)
12-20 02:20:09.779  3061  4996 D ExynosCameraFrameFactory: [CAM_ID(1)][ReprocessingFactory]-DEBUG(m_setCreate[714]) setCreate old(false) new(true)
12-20 02:20:09.779  3061  4996 D ExynosCameraSec: [CAM_ID(1)][]-DEBUG(m_preStartPictureInternalThreadFunc[9141]):FrameFactory(pictureFrameFactory) created
12-20 02:20:09.779  3061  4996 D ExynosCameraSec: [CAM_ID(1)][]-DEBUG(m_preStartPictureInternalThreadFunc[9149]): duration time(    4 msec)
12-20 02:20:09.779  3061  4146 I ExynosCameraNode: [CAM_ID(1)][ISP_OUTPUT]-INFO(prepareBuffer[920]):prepareBuffers(1)
12-20 02:20:09.779  3061  4146 I ExynosCameraNode: [CAM_ID(1)][ISP_OUTPUT]-INFO(prepareBuffer[920]):prepareBuffers(2)
12-20 02:20:09.780  3061  4146 I ExynosCameraNode: [CAM_ID(1)][ISP_OUTPUT]-INFO(prepareBuffer[920]):prepareBuffers(3)
12-20 02:20:09.780  3061  4146 I ExynosCameraNode: [CAM_ID(1)][ISP_OUTPUT]-INFO(prepareBuffer[920]):prepareBuffers(4)
12-20 02:20:09.780  3061  4146 I ExynosCameraFrameFactoryPreview: [CAM_ID(1)][FactoryFront]-INFO(mapBuffers[719]):Map buffer Success!
12-20 02:20:09.780  3061  4146 D ExynosCamera: [CAM_ID(1)][]-DEBUG(m_printExynosCameraInfo[4643]):===================================================
12-20 02:20:09.780  3061  4146 D ExynosCamera: [CAM_ID(1)][]-DEBUG(m_printExynosCameraInfo[4644]):============= ExynosCameraInfo call by m_startPreviewInternal
12-20 02:20:09.780  3061  4146 D ExynosCamera: [CAM_ID(1)][]-DEBUG(m_printExynosCameraInfo[4645]):===================================================
12-20 02:20:09.780  3061  4146 D ExynosCamera: [CAM_ID(1)][]-DEBUG(m_printExynosCameraInfo[4647]):============= Scenario ============================
12-20 02:20:09.780  3061  4146 D ExynosCamera: [CAM_ID(1)][]-DEBUG(m_printExynosCameraInfo[4648]):= getCameraId                 : 1
12-20 02:20:09.780  3061  4146 D ExynosCamera: [CAM_ID(1)][]-DEBUG(m_printExynosCameraInfo[4649]):= getDualMode                 : 0
12-20 02:20:09.780  3061  4146 D ExynosCamera: [CAM_ID(1)][]-DEBUG(m_printExynosCameraInfo[4650]):= getScalableSensorMode       : 0
12-20 02:20:09.780  3061  4146 D ExynosCamera: [CAM_ID(1)][]-DEBUG(m_printExynosCameraInfo[4651]):= getRecordingHint            : 0
12-20 02:20:09.780  3061  4146 D ExynosCamera: [CAM_ID(1)][]-DEBUG(m_printExynosCameraInfo[4652]):= getEffectRecordingHint      : 0
12-20 02:20:09.780  3061  4146 D ExynosCamera: [CAM_ID(1)][]-DEBUG(m_printExynosCameraInfo[4653]):= getDualRecordingHint        : 0
12-20 02:20:09.780  3061  4146 D ExynosCamera: [CAM_ID(1)][]-DEBUG(m_printExynosCameraInfo[4654]):= getAdaptiveCSCRecording     : 1
12-20 02:20:09.780  3061  4146 D ExynosCamera: [CAM_ID(1)][]-DEBUG(m_printExynosCameraInfo[4655]):= doCscRecording              : 1
12-20 02:20:09.780  3061  4146 D ExynosCamera: [CAM_ID(1)][]-DEBUG(m_printExynosCameraInfo[4656]):= needGSCForCapture           : 0
12-20 02:20:09.780  3061  4146 D ExynosCamera: [CAM_ID(1)][]-DEBUG(m_printExynosCameraInfo[4657]):= getShotMode                 : 0
12-20 02:20:09.780  3061  4146 D ExynosCamera: [CAM_ID(1)][]-DEBUG(m_printExynosCameraInfo[4658]):= getTpuEnabledMode           : 1
12-20 02:20:09.780  3061  4146 D ExynosCamera: [CAM_ID(1)][]-DEBUG(m_printExynosCameraInfo[4659]):= getHWVdisMode               : 0
12-20 02:20:09.780  3061  4146 D ExynosCamera: [CAM_ID(1)][]-DEBUG(m_printExynosCameraInfo[4660]):= get3dnrMode                 : 1
12-20 02:20:09.780  3061  4146 D ExynosCamera: [CAM_ID(1)][]-DEBUG(m_printExynosCameraInfo[4662]):============= Internal setting ====================
12-20 02:20:09.780  3061  4146 D ExynosCamera: [CAM_ID(1)][]-DEBUG(m_printExynosCameraInfo[4663]):= isFlite3aaOtf               : 1
12-20 02:20:09.780  3061  4146 D ExynosCamera: [CAM_ID(1)][]-DEBUG(m_printExynosCameraInfo[4664]):= is3aaIspOtf                 : 0
12-20 02:20:09.780  3061  4146 D ExynosCamera: [CAM_ID(1)][]-DEBUG(m_printExynosCameraInfo[4665]):= isReprocessing              : 1
12-20 02:20:09.780  3061  4146 D ExynosCamera: [CAM_ID(1)][]-DEBUG(m_printExynosCameraInfo[4666]):= isReprocessing3aaIspOTF     : 1
12-20 02:20:09.780  3061  4146 D ExynosCamera: [CAM_ID(1)][]-DEBUG(m_printExynosCameraInfo[4667]):= getUsePureBayerReprocessing : 1
12-20 02:20:09.780  3061  4146 D ExynosCamera: [CAM_ID(1)][]-DEBUG(m_printExynosCameraInfo[4675]):= getReprocessingBayerMode    : REPROCESSING_BAYER_MODE_PURE_ALWAYS_ON
12-20 02:20:09.780  3061  4146 D ExynosCamera: [CAM_ID(1)][]-DEBUG(m_printExynosCameraInfo[4691]):= isSccCapture                : 0
12-20 02:20:09.780  3061  4146 D ExynosCamera: [CAM_ID(1)][]-DEBUG(m_printExynosCameraInfo[4693]):============= size setting =======================
12-20 02:20:09.781  3061  4146 D ExynosCamera: [CAM_ID(1)][]-DEBUG(m_printExynosCameraInfo[4695]):= getMaxSensorSize            : 2608 x 1960
12-20 02:20:09.781  3061  4146 D ExynosCamera: [CAM_ID(1)][]-DEBUG(m_printExynosCameraInfo[4698]):= getHwSensorSize             : 2608 x 1960
12-20 02:20:09.781  3061  4146 D ExynosCamera: [CAM_ID(1)][]-DEBUG(m_printExynosCameraInfo[4701]):= getBnsSize                  : 2608 x 1960
12-20 02:20:09.781  3061  4146 D ExynosCamera: [CAM_ID(1)][]-DEBUG(m_printExynosCameraInfo[4706]):= getPreviewBayerCropSize     : (0, 0, 2592, 1950) -> (0, 4, 2592, 1944)
12-20 02:20:09.781  3061  4146 D ExynosCamera: [CAM_ID(1)][]-DEBUG(m_printExynosCameraInfo[4710]):= getPreviewBdsSize           : (0, 0, 1440, 1080)
12-20 02:20:09.781  3061  4146 D ExynosCamera: [CAM_ID(1)][]-DEBUG(m_printExynosCameraInfo[4713]):= getHwPreviewSize            : 1440 x 1080
12-20 02:20:09.781  3061  4146 D ExynosCamera: [CAM_ID(1)][]-DEBUG(m_printExynosCameraInfo[4716]):= getPreviewSize              : 1440 x 1080
12-20 02:20:09.781  3061  4146 D ExynosCamera: [CAM_ID(1)][]-DEBUG(m_printExynosCameraInfo[4721]):= getPictureBayerCropSize     : (0, 0, 2592, 1950) -> (0, 4, 2592, 1944)
12-20 02:20:09.781  3061  4146 D ExynosCamera: [CAM_ID(1)][]-DEBUG(m_printExynosCameraInfo[4725]):= getPictureBdsSize           : (0, 0, 2592, 1944)
12-20 02:20:09.781  3061  4146 D ExynosCamera: [CAM_ID(1)][]-DEBUG(m_printExynosCameraInfo[4728]):= getHwPictureSize            : 2592 x 1950
12-20 02:20:09.781  3061  4146 D ExynosCamera: [CAM_ID(1)][]-DEBUG(m_printExynosCameraInfo[4731]):= getPictureSize              : 2592 x 1944
12-20 02:20:09.781  3061  4146 D ExynosCamera: [CAM_ID(1)][]-DEBUG(m_printExynosCameraInfo[4733]):===================================================
12-20 02:20:09.781  3061  4146 D ExynosCamera: [CAM_ID(1)][]-DEBUG(m_searchFrameFromList[3923]):list is empty
12-20 02:20:09.781  3061  4146 D ExynosCameraPipe: [CAM_ID(1)][PIPE_FLITE]-DEBUG(prepare[237])
12-20 02:20:09.781  3061  4146 D ExynosCameraMCPipe: [CAM_ID(1)][PIPE_ISP]-DEBUG(start[258])
12-20 02:20:09.781  3061  4146 D ExynosCameraMCPipe: [CAM_ID(1)][PIPE_ISP]-DEBUG(m_startNode[3317])
12-20 02:20:09.781  3061  4146 I ExynosCameraMCPipe: [CAM_ID(1)][PIPE_ISP]-INFO(start[274]):start() is succeed, Pipe(7)
12-20 02:20:09.781  3061  4146 D ExynosCameraMCPipe: [CAM_ID(1)][PIPE_3AA]-DEBUG(start[258])
12-20 02:20:09.781  3061  4146 D ExynosCameraMCPipe: [CAM_ID(1)][PIPE_3AA]-DEBUG(m_startNode[3317])
12-20 02:20:09.789  3061  4145 I FFmpegExtractor: android-source:0xf3479190
12-20 02:20:09.804  3061  4145 D FFmpegExtractor: suppoted codec(h264) by official Stagefright
12-20 02:20:09.804  3061  4145 D FFmpegExtractor: suppoted codec(aac) by official Stagefright
12-20 02:20:09.804  3061  4145 D FFmpegExtractor: ffmpeg detected media content as 'video/mp4' with confidence 0.08
12-20 02:20:09.811  3061  4146 I ExynosCameraMCPipe: [CAM_ID(1)][PIPE_3AA]-INFO(start[274]):start() is succeed, Pipe(4)
12-20 02:20:09.811  3061  4146 D ExynosCameraPipe: [CAM_ID(1)][PIPE_FLITE]-DEBUG(start[291])
12-20 02:20:09.812  3061  4146 D ExynosCameraMCPipe: [CAM_ID(1)][PIPE_3AA]-DEBUG(prepare[234])
12-20 02:20:09.812  3061  4146 D ExynosCameraMCPipe: [CAM_ID(1)][PIPE_3AA]-DEBUG(m_checkNodeGroupInfo[3404]):(3AA_OUTPUT):oldCropSize(0, 0, 0, 0 / 0, 0, 0, 0) -> newCropSize(0, 4, 2592, 1944 / 0, 0, 2592, 1944)
12-20 02:20:09.812  3061  4146 D ExynosCameraMCPipe: [CAM_ID(1)][PIPE_3AA]-DEBUG(m_checkNodeGroupInfo[3404]):(3AA_CAPTURE):oldCropSize(0, 0, 0, 0 / 0, 0, 0, 0) -> newCropSize(0, 0, 2592, 1944 / 0, 0, 2592, 1944)
12-20 02:20:09.812  3061  4146 D ExynosCameraMCPipe: [CAM_ID(1)][PIPE_3AA]-DEBUG(m_checkNodeGroupInfo[3404]):(3AA_PREVIEW):oldCropSize(0, 0, 0, 0 / 0, 0, 0, 0) -> newCropSize(0, 0, 2592, 1944 / 0, 0, 1440, 1080)
12-20 02:20:09.812  3061  4146 I ExynosCameraMCPipe: [CAM_ID(1)][PIPE_3AA]-INFO(prepare[251]):prepare() is succeed, Pipe(4), prepare(3)
12-20 02:20:09.812  3061  4146 D ExynosCameraPipeFlite: [CAM_ID(1)][PIPE_FLITE]-DEBUG(sensorStream[383])
12-20 02:20:09.818  3061  3535 I FFmpegExtractor: android-source:0xf0cd9140
12-20 02:20:09.824  3061  3535 D FFmpegExtractor: suppoted codec(h264) by official Stagefright
12-20 02:20:09.824  3061  3535 D FFmpegExtractor: suppoted codec(aac) by official Stagefright
12-20 02:20:09.824  3061  3535 D FFmpegExtractor: ffmpeg detected media content as 'video/mp4' with confidence 0.08
12-20 02:20:09.835  3061  4145 I FFmpegExtractor: android-source:0xf3479fa0
12-20 02:20:09.841  3061  4145 D FFmpegExtractor: suppoted codec(h264) by official Stagefright
12-20 02:20:09.841  3061  4145 D FFmpegExtractor: suppoted codec(aac) by official Stagefright
12-20 02:20:09.841  3061  4145 D FFmpegExtractor: ffmpeg detected media content as 'video/mp4' with confidence 0.08
12-20 02:20:09.852  3061  3535 I FFmpegExtractor: android-source:0xf0cd98c0
12-20 02:20:09.869  3061  3535 D FFmpegExtractor: suppoted codec(h264) by official Stagefright
12-20 02:20:09.869  3061  3535 D FFmpegExtractor: suppoted codec(aac) by official Stagefright
12-20 02:20:09.869  3061  3535 D FFmpegExtractor: ffmpeg detected media content as 'video/mp4' with confidence 0.08
12-20 02:20:09.880  3061  4145 I FFmpegExtractor: android-source:0xf34799b0
12-20 02:20:09.886  3061  4145 D FFmpegExtractor: suppoted codec(h264) by official Stagefright
12-20 02:20:09.887  3061  4145 D FFmpegExtractor: suppoted codec(aac) by official Stagefright
12-20 02:20:09.887  3061  4145 D FFmpegExtractor: ffmpeg detected media content as 'video/mp4' with confidence 0.08
12-20 02:20:09.892  3061  4146 I ExynosCameraFrameFactoryPreview: [CAM_ID(1)][FactoryFront]-INFO(startPipes[804]):Starting Success!
12-20 02:20:09.892  3061  4146 I ExynosCameraFrameFactoryPreview: [CAM_ID(1)][FactoryFront]-INFO(startInitialThreads[967]):start pre-ordered initial pipe thread
12-20 02:20:09.892  3061  4146 I ExynosCameraFrameFactory: [CAM_ID(1)][FactoryFront]-INFO(startThread[131]):pipeId=0
12-20 02:20:09.892  3061  4146 I ExynosCameraPipe: [CAM_ID(1)][PIPE_FLITE]-INFO(startThread[384]):startThread is succeed (0)
12-20 02:20:09.892  3061  4146 I ExynosCameraFrameFactory: [CAM_ID(1)][FactoryFront]-INFO(startThread[131]):pipeId=4
12-20 02:20:09.892  3061  4146 D ExynosCameraMCPipe: [CAM_ID(1)][PIPE_3AA]-DEBUG(startThread[334])
12-20 02:20:09.893  3061  4146 I ExynosCameraMCPipe: [CAM_ID(1)][PIPE_3AA]-INFO(startThread[345]):startThread is succeed, Pipe(4)
12-20 02:20:09.893  3061  4146 I ExynosCameraFrameFactory: [CAM_ID(1)][FactoryFront]-INFO(startThread[131]):pipeId=7
12-20 02:20:09.893  3061  4146 D ExynosCameraMCPipe: [CAM_ID(1)][PIPE_ISP]-DEBUG(startThread[334])
12-20 02:20:09.893  3061  4146 I ExynosCameraMCPipe: [CAM_ID(1)][PIPE_ISP]-INFO(startThread[345]):startThread is succeed, Pipe(7)
12-20 02:20:09.893  3061  4146 D ExynosCameraSec: [CAM_ID(1)][]-set Focus Mode(m_startPreviewInternal[10033])
12-20 02:20:09.893  3061  4146 D ExynosCameraActivityControl: DEBUG(setAutoFocusMode[322]):m_focusMode=8
12-20 02:20:09.893  3061  4146 D ExynosCameraActivityControl: DEBUG(setAutoFocusMode[364]):newMgrAutofocusMode=8, oldMgrAutofocusMode=2
12-20 02:20:09.893  3061  4146 I ExynosCameraActivityAutofocusSec: INFO(setAutofocusMode[297]):autoFocusMode(8)
12-20 02:20:09.893  3061  4146 I ExynosCameraActivityAutofocus: INFO(startAutofocus[173]):m_autoFocusMode(8)
12-20 02:20:09.893  3061  4146 D ExynosCameraActivityFlashSec: DEBUG(setFlashStep[778]):flashStepVal=0
12-20 02:20:09.893  3061  4146 D ExynosCameraActivityFlash: DEBUG(setFlashTrigerPath[881]):flashTriggerVal=0
12-20 02:20:09.893  3061  4146 I ExynosCameraSec: [CAM_ID(1)][]-DEBUG(m_startPreviewInternal[10047]):OUT
12-20 02:20:09.893  3061  4146 D ExynosCameraPipeJpeg: DEBUG:duration time(  119 msec):(m_startPreviewInternal)
12-20 02:20:09.893  3061  5005 I ExynosCameraSec: [CAM_ID(1)][]-(m_setReprocessingBuffer):HW Picture width x height = 2592x1950
12-20 02:20:09.893  3061  5005 I ExynosCamera: [CAM_ID(1)][]-INFO(m_allocBuffers[3297]):setInfo(planeCount=2, minBufCount=1, maxBufCount=4, type=4, allocMode=0)
12-20 02:20:09.893  3061  4146 D ExynosCameraSec: [CAM_ID(1)][]-DEBUG(startPreview[729]):setupThread Thread start pipeId(4)
12-20 02:20:09.893  3061  5006 D ExynosCamera: [CAM_ID(1)][]-DEBUG(m_setPictureBuffer[2928]): jpegBuffer picture(2592x1950) size(10108800)
12-20 02:20:09.893  3061  5006 I ExynosCamera: [CAM_ID(1)][]-INFO(m_allocBuffers[3297]):setInfo(planeCount=1, minBufCount=1, maxBufCount=4, type=4, allocMode=1)
12-20 02:20:09.893  3061  5005 D ExynosCameraBufferManager: [CAM_ID(1)][MCSC_RE_BUF]-DEBUG(m_defaultAlloc[1040]):Duration time of buffer allocation(    0 msec)
12-20 02:20:09.893  3061  5006 D ExynosCameraBufferManager: DEBUG(m_defaultAlloc[932]):SYNC_FORCE_CACHED
12-20 02:20:09.893  3061  5005 D ExynosCameraBufferManager: DEBUG(m_defaultAlloc[932]):SYNC_FORCE_CACHED
12-20 02:20:09.894  3061  5005 D ExynosCameraBufferManager: [CAM_ID(1)][MCSC_RE_BUF]-DEBUG(m_defaultAlloc[1020]):duration time(    1 msec):(type=4, bufIndex=0, size=10108800)
12-20 02:20:09.894  3061  5005 D ExynosCameraBufferManager: [CAM_ID(1)][MCSC_RE_BUF]-DEBUG(m_defaultAlloc[1040]):Duration time of buffer allocation(    1 msec)
12-20 02:20:09.894  3061  5005 D ExynosCameraBufferManager: [CAM_ID(1)][MCSC_RE_BUF]-DEBUG(alloc[233]):Allocate the buffer succeeded (m_allocatedBufCount=1, m_reqBufCount=1, m_allowedMaxBufCount=4) --- dumpBufferInfo ---
12-20 02:20:09.894  3061  5005 I ExynosCameraBufferManager: [CAM_ID(1)][MCSC_RE_BUF]-INFO(dumpBufferInfo[1307]):[m_buffer[0].fd[0]=88] .addr=0x0 .size=10108800 .position=0 .permission=1]
12-20 02:20:09.894  3061  5005 I ExynosCameraBufferManager: [CAM_ID(1)][MCSC_RE_BUF]-INFO(dumpBufferInfo[1307]):[m_buffer[0].fd[1]=82] .addr=0xf3563000 .size=32768 .position=0 .permission=1]
12-20 02:20:09.894  3061  5005 D ExynosCameraBufferManager: [CAM_ID(1)][MCSC_RE_BUF]-DEBUG(alloc[236]):------------------------------------------------------------------
12-20 02:20:09.894  3061  5005 D ExynosCameraPipeJpeg: DEBUG:duration time(    1 msec):(alloc)
12-20 02:20:09.894  3061  5005 I ExynosCameraSec: [CAM_ID(1)][]-INFO(m_setReprocessingBuffer[6673]):m_allocBuffers(YUV Re Buffer) 2592 x 1950, planeCount(2), maxBufferCount(4)
12-20 02:20:09.894  3061  5005 I ExynosCamera: [CAM_ID(1)][]-INFO(m_allocBuffers[3297]):setInfo(planeCount=2, minBufCount=1, maxBufCount=4, type=1, allocMode=0)
12-20 02:20:09.894  3061  5006 D ExynosCameraBufferManager: [CAM_ID(1)][JPEG_BUF]-DEBUG(m_defaultAlloc[1020]):duration time(    1 msec):(type=4, bufIndex=0, size=10108800)
12-20 02:20:09.894  3061  5005 D ExynosCameraBufferManager: [CAM_ID(1)][THUMBNAIL_BUF]-DEBUG(m_defaultAlloc[1040]):Duration time of buffer allocation(    0 msec)
12-20 02:20:09.894  3061  5006 D ExynosCameraBufferManager: [CAM_ID(1)][JPEG_BUF]-DEBUG(m_defaultAlloc[1040]):Duration time of buffer allocation(    1 msec)
12-20 02:20:09.894  3061  5005 D ExynosCameraBufferManager: [CAM_ID(1)][THUMBNAIL_BUF]-DEBUG(m_defaultAlloc[1020]):duration time(    0 msec):(type=1, bufIndex=0, size=393216)
12-20 02:20:09.894  3061  5005 D ExynosCameraBufferManager: [CAM_ID(1)][THUMBNAIL_BUF]-DEBUG(m_defaultAlloc[1040]):Duration time of buffer allocation(    0 msec)
12-20 02:20:09.894  3061  5005 D ExynosCameraBufferManager: [CAM_ID(1)][THUMBNAIL_BUF]-DEBUG(alloc[233]):Allocate the buffer succeeded (m_allocatedBufCount=1, m_reqBufCount=1, m_allowedMaxBufCount=4) --- dumpBufferInfo ---
12-20 02:20:09.894  3061  5005 I ExynosCameraBufferManager: [CAM_ID(1)][THUMBNAIL_BUF]-INFO(dumpBufferInfo[1307]):[m_buffer[0].fd[0]=123] .addr=0x0 .size=393216 .position=0 .permission=1]
12-20 02:20:09.894  3061  5005 I ExynosCameraBufferManager: [CAM_ID(1)][THUMBNAIL_BUF]-INFO(dumpBufferInfo[1307]):[m_buffer[0].fd[1]=122] .addr=0xf3552000 .size=32768 .position=0 .permission=1]
12-20 02:20:09.894  3061  5005 D ExynosCameraBufferManager: [CAM_ID(1)][THUMBNAIL_BUF]-DEBUG(alloc[236]):------------------------------------------------------------------
12-20 02:20:09.894  3061  5005 D ExynosCameraPipeJpeg: DEBUG:duration time(    0 msec):(alloc)
12-20 02:20:09.894  3061  5005 I ExynosCameraSec: [CAM_ID(1)][]-INFO(m_setReprocessingBuffer[6705]):m_allocBuffers(Thumb Re Buffer) 512 x 384, planeCount(2), maxBufferCount(4) needMmap(0)
12-20 02:20:09.894  3061  5005 D ExynosCameraSec: [CAM_ID(1)][]-DEBUG(m_startPictureInternal[10530]):FrameFactory(pictureFrameFactory) created
12-20 02:20:09.894  3061  5005 D ExynosCameraSec: [CAM_ID(1)][]-DEBUG(m_startPictureInternal [10535]):set FlipHorizontal on capture, FlipHorizontal(0)
12-20 02:20:09.894  3061  5005 D ExynosCameraMCPipe: [CAM_ID(1)][PIPE_3AA_REPROCESSING]-DEBUG(setControl[472])
12-20 02:20:09.894  3061  5005 I ExynosCameraMCPipe: [CAM_ID(1)][PIPE_3AA_REPROCESSING]-INFO(setControl[486]):setControl() is succeed, Pipe(201)
12-20 02:20:09.894  3061  5005 D ExynosCameraMCPipe: [CAM_ID(1)][PIPE_3AA_REPROCESSING]-DEBUG(setControl[472])
12-20 02:20:09.894  3061  5005 I ExynosCameraMCPipe: [CAM_ID(1)][PIPE_3AA_REPROCESSING]-INFO(setControl[486]):setControl() is succeed, Pipe(201)
12-20 02:20:09.894  3061  5005 D ExynosCameraMCPipe: [CAM_ID(1)][PIPE_3AA_REPROCESSING]-DEBUG(setControl[472])
12-20 02:20:09.894  3061  5005 I ExynosCameraMCPipe: [CAM_ID(1)][PIPE_3AA_REPROCESSING]-INFO(setControl[486]):setControl() is succeed, Pipe(201)
12-20 02:20:09.894  3061  5005 D ExynosCameraMCPipe: [CAM_ID(1)][PIPE_3AA_REPROCESSING]-DEBUG(setBufferManager[1059])
12-20 02:20:09.895  3061  5006 D ExynosCameraBufferManager: [CAM_ID(1)][JPEG_BUF]-DEBUG(alloc[233]):Allocate the buffer succeeded (m_allocatedBufCount=1, m_reqBufCount=1, m_allowedMaxBufCount=4) --- dumpBufferInfo ---
12-20 02:20:09.895  3061  5006 I ExynosCameraBufferManager: [CAM_ID(1)][JPEG_BUF]-INFO(dumpBufferInfo[1307]):[m_buffer[0].fd[0]=99] .addr=0xe8fa4000 .size=10108800 .position=0 .permission=1]
12-20 02:20:09.895  3061  5006 D ExynosCameraBufferManager: [CAM_ID(1)][JPEG_BUF]-DEBUG(alloc[236]):------------------------------------------------------------------
12-20 02:20:09.895  3061  5005 I ExynosCameraFrameReprocessingFactory: [CAM_ID(1)][ReprocessingFactory]-INFO(initPipes[126])
12-20 02:20:09.895  3061  5006 D ExynosCameraPipeJpeg: DEBUG:duration time(    2 msec):(alloc)
12-20 02:20:09.895  3061  5006 I ExynosCamera: [CAM_ID(1)][]-INFO(m_setPictureBuffer[2956]):m_allocBuffers(JPEG Buffer) 2592 x 1950, planeCount(1), maxBufferCount(4)
12-20 02:20:09.895  3061  5005 I ExynosCameraFrameReprocessingFactory: [CAM_ID(1)][ReprocessingFactory]-INFO(initPipes[175]): MaxPreviewSize(2560x1440), HwPreviewSize(1440x1080)
12-20 02:20:09.895  3061  5006 I ExynosCameraSec: [CAM_ID(1)][]-(m_setVendorPictureBuffer):Sensor MAX width x height = 2608x1960
12-20 02:20:09.895  3061  5005 I ExynosCameraFrameReprocessingFactory: [CAM_ID(1)][ReprocessingFactory]-INFO(initPipes[176]): MaxPixtureSize(2592x1950), HwPixtureSize(2592x1950)
12-20 02:20:09.895  3061  5006 I ExynosCameraSec: [CAM_ID(1)][]-(m_setVendorPictureBuffer):Sensor MAX Thumbnail width x height = 512x384
12-20 02:20:09.895  3061  5005 I ExynosCameraFrameReprocessingFactory: [CAM_ID(1)][ReprocessingFactory]-INFO(initPipes[177]): PreviewSize(1440x1080), PictureSize(2592x1944)
12-20 02:20:09.895  3061  5006 I ExynosCameraBufferManager: INFO(setContigBufCount[312]):reservedMemoryCount(4)
12-20 02:20:09.895  3061  5005 I ExynosCameraFrameReprocessingFactory: [CAM_ID(1)][ReprocessingFactory]-INFO(initPipes[178]): MaxThumbnailSize(512x384)
12-20 02:20:09.895  3061  5006 I ExynosCamera: [CAM_ID(1)][]-INFO(m_allocBuffers[3297]):setInfo(planeCount=2, minBufCount=4, maxBufCount=4, type=3, allocMode=1)
12-20 02:20:09.895  3061  5005 I ExynosCameraMCPipe: [CAM_ID(1)][PIPE_3AA_REPROCESSING]-INFO(needSerialization[1255]):PIPE_3AA_REPROCESSING serialized operation enabled
12-20 02:20:09.895  3061  5005 D ExynosCameraMCPipe: [CAM_ID(1)][PIPE_3AA_REPROCESSING]-DEBUG(setupPipe[155])
12-20 02:20:09.895  3061  5005 D ExynosCameraMCPipe: [CAM_ID(1)][PIPE_3AA_REPROCESSING]-DEBUG(setupPipe[165]):set new sensorIds
12-20 02:20:09.895  3061  5005 D ExynosCameraMCPipe: [CAM_ID(1)][PIPE_3AA_REPROCESSING]-DEBUG(m_setInput[2756]): setInput(sensorIds : 18153729) [src nodeNum : 101][nodeNums : 120][otf : 0][leader : 1][reprocessing : 1][unique sensorId : 21]
12-20 02:20:09.895  3061  5005 D ExynosCameraMCPipe: [CAM_ID(1)][PIPE_3AA_REPROCESSING]-DEBUG(m_setInput[2756]): setInput(sensorIds : 18163728) [src nodeNum : 140][nodeNums : 141][otf : 1][leader : 0][reprocessing : 1][unique sensorId : 21]
12-20 02:20:09.895  3061  5005 D ExynosCameraMCPipe: [CAM_ID(1)][PIPE_3AA_REPROCESSING]-DEBUG(m_setInput[2756]): setInput(sensorIds : 18169104) [src nodeNum : 161][nodeNums : 173][otf : 1][leader : 0][reprocessing : 1][unique sensorId : 21]
12-20 02:20:09.895  3061  5005 D ExynosCameraMCPipe: [CAM_ID(1)][PIPE_3AA_REPROCESSING]-DEBUG(m_setInput[2756]): setInput(sensorIds : 18169104) [src nodeNum : 161][nodeNums : 174][otf : 1][leader : 0][reprocessing : 1][unique sensorId : 21]
12-20 02:20:09.895  3061  5006 D ExynosCameraBufferManager: [CAM_ID(1)][POSTPICTURE_GSC_BUF]-DEBUG(m_defaultAlloc[1040]):Duration time of buffer allocation(    0 msec)
12-20 02:20:09.895  3061  5006 I ExynosCameraBufferManager: [CAM_ID(1)][POSTPICTURE_GSC_BUF]-INFO(m_defaultAlloc[917]):bufIndex(0) < reservedMaxCount(4) , m_reservedMemoryCount(4), cached
12-20 02:20:09.895  3061  5005 D ExynosCameraMCPipe: [CAM_ID(1)][PIPE_3AA_REPROCESSING]-DEBUG(m_setInput[2756]): setInput(sensorIds : 18169104) [src nodeNum : 161][nodeNums : 172][otf : 1][leader : 0][reprocessing : 1][unique sensorId : 21]
12-20 02:20:09.895  3061  5005 D ExynosCameraMCPipe: [CAM_ID(1)][PIPE_3AA_REPROCESSING]-DEBUG(m_setInput[2756]): setInput(sensorIds : 18179088) [src nodeNum : 200][nodeNums : 200][otf : 1][leader : 0][reprocessing : 1][unique sensorId : 21]
12-20 02:20:09.895  3061  5005 D ExynosCameraMCPipe: [CAM_ID(1)][PIPE_3AA_REPROCESSING]-DEBUG(m_setInput[2756]): setInput(sensorIds : 18179088) [src nodeNum : 200][nodeNums : 200][otf : 1][leader : 0][reprocessing : 1][unique sensorId : 21]
12-20 02:20:09.895  3061  5005 D ExynosCameraMCPipe: [CAM_ID(1)][PIPE_3AA_REPROCESSING]-DEBUG(m_setInput[2756]): setInput(sensorIds : 18179344) [src nodeNum : 201][nodeNums : 201][otf : 1][leader : 0][reprocessing : 1][unique sensorId : 21]
12-20 02:20:09.895  3061  5005 D ExynosCameraMCPipe: [CAM_ID(1)][PIPE_3AA_REPROCESSING]-DEBUG(m_setInput[2756]): setInput(sensorIds : 18179344) [src nodeNum : 201][nodeNums : 201][otf : 1][leader : 0][reprocessing : 1][unique sensorId : 21]
12-20 02:20:09.895  3061  5005 D ExynosCameraMCPipe: [CAM_ID(1)][PIPE_3AA_REPROCESSING]-DEBUG(m_setInput[2756]): setInput(sensorIds : 18158608) [src nodeNum : 120][nodeNums : 122][otf : 1][leader : 0][reprocessing : 1][unique sensorId : 21]
12-20 02:20:09.895  3061  5006 D ExynosCameraBufferManager: [CAM_ID(1)][POSTPICTURE_GSC_BUF]-DEBUG(m_defaultAlloc[1020]):duration time(    0 msec):(type=3, bufIndex=0, size=7581600)
12-20 02:20:09.895  3061  5005 D ExynosCameraMCPipe: [CAM_ID(1)][PIPE_3AA_REPROCESSING]-DEBUG(m_setInput[2756]): setInput(sensorIds : 18159120) [src nodeNum : 122][nodeNums : 140][otf : 1][leader : 0][reprocessing : 1][unique sensorId : 21]
12-20 02:20:09.895  3061  5006 I ExynosCameraBufferManager: [CAM_ID(1)][POSTPICTURE_GSC_BUF]-INFO(m_defaultAlloc[917]):bufIndex(1) < reservedMaxCount(4) , m_reservedMemoryCount(4), cached
12-20 02:20:09.895  3061  4146 D ExynosCameraPipeJpeg: DEBUG:duration time(  570 msec):(startPreview)
12-20 02:20:09.895  3061  5005 D ExynosCameraMCPipe: [CAM_ID(1)][PIPE_3AA_REPROCESSING]-DEBUG(m_setInput[2756]): setInput(sensorIds : 18163728) [src nodeNum : 140][nodeNums : 142][otf : 1][leader : 0][reprocessing : 1][unique sensorId : 21]
12-20 02:20:09.895  3061  4146 I ExynosCamera3Interface: INFO(HAL_camera_device_start_preview[868]):camera(1) out (startPreview succeeded)
12-20 02:20:09.895  3061  5005 D ExynosCameraMCPipe: [CAM_ID(1)][PIPE_3AA_REPROCESSING]-DEBUG(m_setInput[2756]): setInput(sensorIds : 18164240) [src nodeNum : 142][nodeNums : 161][otf : 1][leader : 0][reprocessing : 1][unique sensorId : 21]
12-20 02:20:09.895  3061  4146 D ExynosCamera3Interface: DEBUG:duration time(  570 msec):(HAL_camera_device_start_preview)
12-20 02:20:09.895  3061  5006 D ExynosCameraBufferManager: [CAM_ID(1)][POSTPICTURE_GSC_BUF]-DEBUG(m_defaultAlloc[1020]):duration time(    0 msec):(type=3, bufIndex=1, size=7581600)
12-20 02:20:09.895  3061  5006 I ExynosCameraBufferManager: [CAM_ID(1)][POSTPICTURE_GSC_BUF]-INFO(m_defaultAlloc[917]):bufIndex(2) < reservedMaxCount(4) , m_reservedMemoryCount(4), cached
12-20 02:20:09.895  3061  5006 D ExynosCameraBufferManager: [CAM_ID(1)][POSTPICTURE_GSC_BUF]-DEBUG(m_defaultAlloc[1020]):duration time(    0 msec):(type=3, bufIndex=2, size=7581600)
12-20 02:20:09.895  3061  5006 I ExynosCameraBufferManager: [CAM_ID(1)][POSTPICTURE_GSC_BUF]-INFO(m_defaultAlloc[917]):bufIndex(3) < reservedMaxCount(4) , m_reservedMemoryCount(4), cached
12-20 02:20:09.895  3061  5006 D ExynosCameraBufferManager: [CAM_ID(1)][POSTPICTURE_GSC_BUF]-DEBUG(m_defaultAlloc[1020]):duration time(    0 msec):(type=3, bufIndex=3, size=7581600)
12-20 02:20:09.895  3061  5006 D ExynosCameraBufferManager: [CAM_ID(1)][POSTPICTURE_GSC_BUF]-DEBUG(m_defaultAlloc[1040]):Duration time of buffer allocation(    0 msec)
12-20 02:20:09.896  3061  5006 D ExynosCameraBufferManager: [CAM_ID(1)][POSTPICTURE_GSC_BUF]-DEBUG(alloc[233]):Allocate the buffer succeeded (m_allocatedBufCount=4, m_reqBufCount=4, m_allowedMaxBufCount=4) --- dumpBufferInfo ---
12-20 02:20:09.896  3061  5006 I ExynosCameraBufferManager: [CAM_ID(1)][POSTPICTURE_GSC_BUF]-INFO(dumpBufferInfo[1307]):[m_buffer[0].fd[0]=128] .addr=0xe876a000 .size=7581600 .position=0 .permission=1]
12-20 02:20:09.896  3061  5006 I ExynosCameraBufferManager: [CAM_ID(1)][POSTPICTURE_GSC_BUF]-INFO(dumpBufferInfo[1307]):[m_buffer[0].fd[1]=124] .addr=0xf3547000 .size=32768 .position=0 .permission=1]
12-20 02:20:09.896  3061  5006 I ExynosCameraBufferManager: [CAM_ID(1)][POSTPICTURE_GSC_BUF]-INFO(dumpBufferInfo[1307]):[m_buffer[1].fd[0]=129] .addr=0xe802f000 .size=7581600 .position=0 .permission=1]
12-20 02:20:09.896  3061  5006 I ExynosCameraBufferManager: [CAM_ID(1)][POSTPICTURE_GSC_BUF]-INFO(dumpBufferInfo[1307]):[m_buffer[1].fd[1]=125] .addr=0xf34b8000 .size=32768 .position=0 .permission=1]
12-20 02:20:09.896  3061  5006 I ExynosCameraBufferManager: [CAM_ID(1)][POSTPICTURE_GSC_BUF]-INFO(dumpBufferInfo[1307]):[m_buffer[2].fd[0]=130] .addr=0xe78f4000 .size=7581600 .position=0 .permission=1]
12-20 02:20:09.896  3061  5006 I ExynosCameraBufferManager: [CAM_ID(1)][POSTPICTURE_GSC_BUF]-INFO(dumpBufferInfo[1307]):[m_buffer[2].fd[1]=126] .addr=0xf34b0000 .size=32768 .position=0 .permission=1]
12-20 02:20:09.896  3061  5006 I ExynosCameraBufferManager: [CAM_ID(1)][POSTPICTURE_GSC_BUF]-INFO(dumpBufferInfo[1307]):[m_buffer[3].fd[0]=131] .addr=0xe71b9000 .size=7581600 .position=0 .permission=1]
12-20 02:20:09.896  3061  5006 I ExynosCameraBufferManager: [CAM_ID(1)][POSTPICTURE_GSC_BUF]-INFO(dumpBufferInfo[1307]):[m_buffer[3].fd[1]=127] .addr=0xf34a8000 .size=32768 .position=0 .permission=1]
12-20 02:20:09.896  3061  5006 D ExynosCameraBufferManager: [CAM_ID(1)][POSTPICTURE_GSC_BUF]-DEBUG(alloc[236]):------------------------------------------------------------------
12-20 02:20:09.896  3061  5006 D ExynosCameraPipeJpeg: DEBUG:duration time(    1 msec):(alloc)
12-20 02:20:09.896  3061  5006 I ExynosCameraSec: [CAM_ID(1)][]-INFO(m_setVendorPictureBuffer[7102]):m_allocBuffers(m_postPictureBuffer) 2592 x 1950, planeCount(2), planeSize(7581600)
12-20 02:20:09.896  3061  5006 I ExynosCamera: [CAM_ID(1)][]-INFO(m_allocBuffers[3297]):setInfo(planeCount=2, minBufCount=1, maxBufCount=1, type=1, allocMode=1)
12-20 02:20:09.896  3061  5006 D ExynosCameraBufferManager: [CAM_ID(1)][LENSDC_BUF]-DEBUG(m_defaultAlloc[1020]):duration time(    0 msec):(type=1, bufIndex=0, size=7614368)
12-20 02:20:09.896  3061  5006 D ExynosCameraBufferManager: [CAM_ID(1)][LENSDC_BUF]-DEBUG(m_defaultAlloc[1040]):Duration time of buffer allocation(    0 msec)
12-20 02:20:09.896  3061  5006 D ExynosCameraBufferManager: [CAM_ID(1)][LENSDC_BUF]-DEBUG(alloc[233]):Allocate the buffer succeeded (m_allocatedBufCount=1, m_reqBufCount=1, m_allowedMaxBufCount=1) --- dumpBufferInfo ---
12-20 02:20:09.896  3061  5006 I ExynosCameraBufferManager: [CAM_ID(1)][LENSDC_BUF]-INFO(dumpBufferInfo[1307]):[m_buffer[0].fd[0]=132] .addr=0xe6a7e000 .size=7581600 .position=0 .permission=1]
12-20 02:20:09.896  3061  5006 I ExynosCameraBufferManager: [CAM_ID(1)][LENSDC_BUF]-INFO(dumpBufferInfo[1307]):[m_buffer[0].fd[1]=133] .addr=0xf34a0000 .size=32768 .position=0 .permission=1]
12-20 02:20:09.896  3061  5006 D ExynosCameraBufferManager: [CAM_ID(1)][LENSDC_BUF]-DEBUG(alloc[236]):------------------------------------------------------------------
12-20 02:20:09.896  3061  5006 D ExynosCameraPipeJpeg: DEBUG:duration time(    0 msec):(alloc)
12-20 02:20:09.896  3061  5006 I ExynosCameraSec: [CAM_ID(1)][]-INFO(m_setVendorPictureBuffer[7114]):m_allocBuffers(m_lensDCBufferMgr) 2592 x 1950, planeCount(2), planeSize(7581600)
12-20 02:20:09.896  3061  5006 D ExynosCameraPipeJpeg: DEBUG:duration time(    1 msec):(m_setVendorPictureBuffer)
12-20 02:20:09.897  3061  4980 I ExynosCameraSec: [CAM_ID(1)][]-INFO(setParameters[2755])
12-20 02:20:09.898  3061  4980 D ExynosCamera1Parameters: [CAM_ID(1)][ParametersFrontDummy]-DEBUG(setParameters):intelligent_mode : -1
12-20 02:20:09.898  3061  4980 D ExynosCamera1Parameters: [CAM_ID(1)][ParametersFrontDummy]-DEBUG(setParameters):intelligent_mode(-1) getVisionMode(0)
12-20 02:20:09.898  3061  4980 D ExynosCamera1Parameters: [CAM_ID(1)][ParametersFrontDummy]-DEBUG(setParameters):newRecordingHint : false
12-20 02:20:09.898  3061  4980 I ExynosCamera1Parameters: [CAM_ID(1)][ParametersFrontDummy]-INFO(checkPreviewFpsRange):Original FpsRange[Min=15000, Max=30000]
12-20 02:20:09.898  3061  4980 I ExynosCamera1Parameters: [CAM_ID(1)][ParametersFrontDummy]-INFO(checkPreviewFpsRange):curFpsRange[Min=15, Max=30], newFpsRange[Min=15, Max=30], [curFrameRate=30]
12-20 02:20:09.898  3061  4980 I ExynosCamera1Parameters: [CAM_ID(1)][ParametersFrontDummy]-INFO(setParameters):newVideo Size (1920x1080), ratioId(0)
12-20 02:20:09.898  3061  4980 D ExynosCamera1Parameters: [CAM_ID(1)][ParametersFrontDummy]-DEBUG(setParameters):highResolutionMode:off
12-20 02:20:09.898  3061  4980 D ExynosCamera1Parameters: [CAM_ID(1)][ParametersFrontDummy]-DEBUG(setParameters):hyperMotionMode:off
12-20 02:20:09.898  3061  4980 I ExynosCamera1Parameters: [CAM_ID(1)][ParametersFrontDummy]-INFO(setParameters):Cur Preview size(1440x1080)
12-20 02:20:09.898  3061  4980 I ExynosCamera1Parameters: [CAM_ID(1)][ParametersFrontDummy]-INFO(setParameters):Cur HwPreview size(1440x1080)
12-20 02:20:09.898  3061  4980 I ExynosCamera1Parameters: [CAM_ID(1)][ParametersFrontDummy]-INFO(setParameters):param.preview size(1440x1080)
12-20 02:20:09.898  3061  4980 I ExynosCamera1Parameters: [CAM_ID(1)][ParametersFrontDummy]-INFO(setParameters):Adjust Preview size(1440x1080), ratioId(1)
12-20 02:20:09.898  3061  4980 I ExynosCamera1Parameters: [CAM_ID(1)][ParametersFrontDummy]-INFO(setParameters):Calibrated HwPreview size(1440x1080)
12-20 02:20:09.898  3061  4980 D ExynosCamera1Parameters: [CAM_ID(1)][ParametersFrontDummy]-DEBUG(setParameters):newPreviewFormat: yuv420sp
12-20 02:20:09.898  3061  4980 D ExynosCamera1Parameters: [CAM_ID(1)][ParametersFrontDummy]-DEBUG(setParameters):strNewSceneMode auto
12-20 02:20:09.898  3061  4980 D ExynosCamera1Parameters: [CAM_ID(1)][ParametersFrontDummy]-DEBUG(setParameters):strNewRTWdr off
12-20 02:20:09.898  3061  4980 D ExynosCamera1Parameters: [CAM_ID(1)][ParametersFront]-DEBUG(setParameters):intelligent_mode : -1
12-20 02:20:09.898  3061  4980 D ExynosCamera1Parameters: [CAM_ID(1)][ParametersFront]-DEBUG(setParameters):intelligent_mode(-1) getVisionMode(0)
12-20 02:20:09.898  3061  4980 D ExynosCamera1Parameters: [CAM_ID(1)][ParametersFront]-DEBUG(setParameters):newRecordingHint : false
12-20 02:20:09.898  3061  4980 I ExynosCameraActivityAutofocus: INFO(setRecordingHint[325]):hint(0)
12-20 02:20:09.898  3061  4980 I ExynosCamera1Parameters: [CAM_ID(1)][ParametersFront]-INFO(checkPreviewFpsRange):Original FpsRange[Min=15000, Max=30000]
12-20 02:20:09.898  3061  4980 I ExynosCamera1Parameters: [CAM_ID(1)][ParametersFront]-INFO(checkPreviewFpsRange):curFpsRange[Min=15, Max=30], newFpsRange[Min=15, Max=30], [curFrameRate=30]
12-20 02:20:09.898  3061  4980 I ExynosCameraActivityControl: INFO(setFpsValue[900]): m_fpsValue(15)
12-20 02:20:09.898  3061  4980 I ExynosCamera1Parameters: [CAM_ID(1)][ParametersFront]-INFO(setParameters):newVideo Size (1920x1080), ratioId(0)
12-20 02:20:09.898  3061  4980 D ExynosCamera1Parameters: [CAM_ID(1)][ParametersFront]-DEBUG(setParameters):highResolutionMode:off
12-20 02:20:09.898  3061  4980 D ExynosCamera1Parameters: [CAM_ID(1)][ParametersFront]-DEBUG(setParameters):hyperMotionMode:off
12-20 02:20:09.898  3061  4980 I ExynosCamera1Parameters: [CAM_ID(1)][ParametersFront]-INFO(setParameters):Cur Preview size(1440x1080)
12-20 02:20:09.898  3061  4980 I ExynosCamera1Parameters: [CAM_ID(1)][ParametersFront]-INFO(setParameters):Cur HwPreview size(1440x1080)
12-20 02:20:09.898  3061  4980 I ExynosCamera1Parameters: [CAM_ID(1)][ParametersFront]-INFO(setParameters):param.preview size(1440x1080)
12-20 02:20:09.898  3061  4980 I ExynosCamera1Parameters: [CAM_ID(1)][ParametersFront]-INFO(setParameters):Adjust Preview size(1440x1080), ratioId(1)
12-20 02:20:09.898  3061  4980 I ExynosCamera1Parameters: [CAM_ID(1)][ParametersFront]-INFO(setParameters):Calibrated HwPreview size(1440x1080)
12-20 02:20:09.898  3061  4980 D ExynosCamera1Parameters: [CAM_ID(1)][ParametersFront]-DEBUG(setParameters):newVTMode -1
12-20 02:20:09.898  3061  4980 D ExynosCamera1Parameters: [CAM_ID(1)][ParametersFront]-DEBUG(setParameters):newHwVdis 0
12-20 02:20:09.898  3061  4980 D ExynosCamera1Parameters: [CAM_ID(1)][ParametersFront]-DEBUG(setParameters):new3dnrMode false
12-20 02:20:09.898  3061  4980 D ExynosCamera1Parameters: [CAM_ID(1)][ParametersFront]-DEBUG(setParameters):newDrcMode false
12-20 02:20:09.898  3061  4980 D ExynosCamera1Parameters: [CAM_ID(1)][ParametersFront]-DEBUG(setParameters):newOdcMode false
12-20 02:20:09.898  3061  4980 D ExynosCamera1Parameters: [CAM_ID(1)][ParametersFront]-DEBUG(setParameters):newPreviewFormat: yuv420sp
12-20 02:20:09.898  3061  4980 I ExynosCamera1Parameters: [CAM_ID(1)][ParametersFront]-INFO(setParameters):newPicture Size (2592x1944), ratioId(1)
12-20 02:20:09.898  3061  4980 D ExynosCamera1Parameters: [CAM_ID(1)][ParametersFront]-DEBUG(setParameters):newPictureFormat jpeg
12-20 02:20:09.898  3061  4980 D ExynosCamera1Parameters: [CAM_ID(1)][ParametersFront]-DEBUG(setParameters):newJpegQuality 85
12-20 02:20:09.898  3061  4980 D ExynosCamera1Parameters: [CAM_ID(1)][ParametersFront]-DEBUG(setParameters):newJpegThumbnailW X newJpegThumbnailH: 512 X 384
12-20 02:20:09.898  3061  4980 D ExynosCamera1Parameters: [CAM_ID(1)][ParametersFront]-DEBUG(setParameters):newJpegThumbnailQuality 100
12-20 02:20:09.898  3061  4980 D ExynosCamera1Parameters: [CAM_ID(1)][ParametersFront]-DEBUG(setParameters):newZoom 0
12-20 02:20:09.898  3061  4980 D ExynosCamera1Parameters: [CAM_ID(1)][ParametersFront]-DEBUG(setParameters):set orientation:270
12-20 02:20:09.898  3061  4980 D ExynosCamera1Parameters: [CAM_ID(1)][ParametersFront]-DEBUG(setParameters):newExposureCompensation 0
12-20 02:20:09.898  3061  4980 D ExynosCamera1Parameters: [CAM_ID(1)][ParametersFront]-DEBUG(setParameters):newExposureTime : 0
12-20 02:20:09.898  3061  4980 D ExynosCamera1Parameters: [CAM_ID(1)][ParametersFront]-DEBUG(setParameters):strNewMeteringMode center
12-20 02:20:09.898  3061  4980 D ExynosCamera1Parameters: [CAM_ID(1)][ParametersFront]-DEBUG(setParameters):m_antiBanding 50hz
12-20 02:20:09.898  3061  4980 D ExynosCamera1Parameters: [CAM_ID(1)][ParametersFront]-DEBUG(setParameters):strNewAntibanding 50hz
12-20 02:20:09.899  3061  4980 D ExynosCamera1Parameters: [CAM_ID(1)][ParametersFront]-DEBUG(setParameters):strNewSceneMode auto
12-20 02:20:09.899  3061  4980 D ExynosCamera1Parameters: [CAM_ID(1)][ParametersFront]-DEBUG(setParameters):strNewFocusMode fixed
12-20 02:20:09.899  3061  4980 D ExynosCamera1Parameters: [CAM_ID(1)][ParametersFront]-set Focus Mode(m_setFocusMode[2800]) !!!!
12-20 02:20:09.899  3061  4980 D ExynosCameraActivityControl: DEBUG(setAutoFocusMode[322]):m_focusMode=8
12-20 02:20:09.899  3061  4980 D ExynosCameraActivityControl: DEBUG(setAutoFocusMode[364]):newMgrAutofocusMode=8, oldMgrAutofocusMode=8
12-20 02:20:09.899  3061  4980 D ExynosCameraActivityFlashSec: DEBUG(setFlashStep[778]):flashStepVal=0
12-20 02:20:09.899  3061  4980 D ExynosCameraActivityFlash: DEBUG(setFlashTrigerPath[881]):flashTriggerVal=0
12-20 02:20:09.899  3061  4980 D ExynosCamera1Parameters: [CAM_ID(1)][ParametersFront]-DEBUG(setParameters):strNewFlashMode off
12-20 02:20:09.899  3061  4980 D ExynosCamera1Parameters: [CAM_ID(1)][ParametersFront]-DEBUG(setParameters):newWhiteBalance auto
12-20 02:20:09.899  3061  4980 D ExynosCamera1Parameters: [CAM_ID(1)][ParametersFront]-DEBUG(setParameters):strNewEffectMode none
12-20 02:20:09.899  3061  4980 D ExynosCamera1Parameters: [CAM_ID(1)][ParametersFront]-DEBUG(setParameters):newBrightness 0
12-20 02:20:09.899  3061  4980 D ExynosCamera1Parameters: [CAM_ID(1)][ParametersFront]-DEBUG(setParameters):newSaturation 0
12-20 02:20:09.899  3061  4980 D ExynosCamera1Parameters: [CAM_ID(1)][ParametersFront]-DEBUG(setParameters):newSharpness 0
12-20 02:20:09.899  3061  4980 D ExynosCamera1Parameters: [CAM_ID(1)][ParametersFront]-DEBUG(setParameters):newHue 0
12-20 02:20:09.899  3061  4980 D ExynosCamera1Parameters: [CAM_ID(1)][ParametersFront]-DEBUG(setParameters):strNewRTDrc off
12-20 02:20:09.899  3061  4980 D ExynosCamera1Parameters: [CAM_ID(1)][ParametersFront]-DEBUG(setParameters):strNewPaf off
12-20 02:20:09.899  3061  4980 D ExynosCamera1Parameters: [CAM_ID(1)][ParametersFront]-DEBUG(setParameters):strNewRTWdr off
12-20 02:20:09.899  3061  4980 D ExynosCamera1Parameters: [CAM_ID(1)][ParametersFront]-DEBUG(setParameters):strNewISO auto
12-20 02:20:09.899  3061  4980 D ExynosCamera1Parameters: [CAM_ID(1)][ParametersFront]-DEBUG(setParameters):strNewContrast auto
12-20 02:20:09.899  3061  4980 D ExynosCamera1Parameters: [CAM_ID(1)][ParametersFront]-DEBUG(setParameters):newHDR 0
12-20 02:20:09.899  3061  4980 D ExynosCamera1Parameters: [CAM_ID(1)][ParametersFront]-DEBUG(setParameters):newWDR 0
12-20 02:20:09.899  3061  4980 D ExynosCamera1Parameters: [CAM_ID(1)][ParametersFront]-DEBUG(setParameters):newShotMode 0
12-20 02:20:09.899  3061  4980 D ExynosCamera1Parameters: [CAM_ID(1)][ParametersFront]-DEBUG(setParameters):newVRMode -1
12-20 02:20:09.899  3061  4980 D ExynosCamera1Parameters: [CAM_ID(1)][ParametersFront]-DEBUG(setParameters): checkImageUniqueId : romReadThreadDone(0)
12-20 02:20:09.899  3061  4980 D ExynosCamera1Parameters: [CAM_ID(1)][ParametersFront]-DEBUG(setParameters): seriesShotFilePath NULL
12-20 02:20:09.899  3061  4980 D ExynosCamera1Parameters: [CAM_ID(1)][ParametersFront]-DEBUG(setParameters): dngFilePath NULL
12-20 02:20:09.899  3061  4980 D ExynosCamera1Parameters: [CAM_ID(1)][ParametersFront]-DEBUG(setParameters):strNewOIS still
12-20 02:20:09.899  3061  4980 D ExynosCamera1Parameters: [CAM_ID(1)][ParametersFront]-(m_getSetfileYuvRange)[6368] : CurrentState (0x   0), currentSetfile(0)
12-20 02:20:09.899  3061  4980 D ExynosCamera1Parameters: [CAM_ID(1)][ParametersFront]-(m_getSetfileYuvRange)[6368] : CurrentState (0x   1), currentSetfile(5)
12-20 02:20:09.899  3061  4980 D ExynosCamera1Parameters: [CAM_ID(1)][ParametersFront]-DEBUG(checkSetfileYuvRange[5458]):m_cameraId(1) : general[setfile(0) YUV range(0)] : reprocesing[setfile(5) YUV range(0)]
12-20 02:20:09.899  3061  4980 D ExynosCamera1Parameters: [CAM_ID(1)][ParametersFront]-DEBUG(setParameters):newQshot 0
12-20 02:20:09.899  3061  3535 I FFmpegExtractor: android-source:0xf0cd9be0
12-20 02:20:09.899  3061  4980 D ExynosCamera1Parameters: [CAM_ID(1)][ParametersFront]-DEBUG(setParameters):newMotionSpeed -1
12-20 02:20:09.899  3061  4980 D ExynosCamera1Parameters: [CAM_ID(1)][ParametersFront]-checkHyperMotionSpeed: No value change in HyperMotion Speed : -1
12-20 02:20:09.899  3061  4980 D ExynosCamera1Parameters: [CAM_ID(1)][ParametersFront]-DEBUG(setParameters):newLensDCMode on
12-20 02:20:09.899  3061  4980 D ExynosCamera1Parameters: [CAM_ID(1)][ParametersFront]-DEBUG(checkUseDepthMap[6147]): depthMapW(0), depthMapH (0) getUseDepthMap(0)
12-20 02:20:09.899  3061  4980 D ExynosCamera3Interface: DEBUG:duration time(    2 msec):(HAL_camera_device_set_parameters)
12-20 02:20:09.904  3061  5005 D ExynosCameraMCPipe: [CAM_ID(1)][PIPE_3AA_REPROCESSING]-DEBUG(m_setPipeInfo[2777])
12-20 02:20:09.904  3061  5005 D ExynosCameraMCPipe: [CAM_ID(1)][PIPE_3AA_REPROCESSING]-DEBUG(m_setNodeInfo[2866])
12-20 02:20:09.904  3061  5005 D 