12-20 15:03:52.173  3375  3375 D UsbAlsaManager: Adding ALSA device AlsaDevice: [card: 0, device: 1, type: 1]
12-20 15:03:52.173  3375  3375 D UsbAlsaManager: Adding ALSA device AlsaDevice: [card: 0, device: 2, type: 2]
12-20 15:03:52.173  3375  3375 D UsbAlsaManager: Adding ALSA device AlsaDevice: [card: 0, device: 0, type: 1]
12-20 15:03:52.173  3375  3522 D VoldConnector: RCV <- {659 emulated}
12-20 15:03:52.173  3375  3375 D UsbAlsaManager: Adding ALSA device AlsaDevice: [card: 0, device: 1, type: 2]
12-20 15:03:52.173  3375  3375 D UsbAlsaManager: Adding ALSA device AlsaDevice: [card: 0, device: 0, type: 2]
12-20 15:03:52.173  3375  3522 D VoldConnector: RCV <- {650 emulated 2 "" ""}
12-20 15:03:52.173  3375  3522 D VoldConnector: RCV <- {654 emulated emulated}
12-20 15:03:52.173  3375  3522 D VoldConnector: RCV <- {651 emulated 0}
12-20 15:03:52.173  3375  3522 D VoldConnector: RCV <- {651 public:179_1 7}
12-20 15:03:52.173  2935  2978 V vold    : /system/bin/sgdisk
12-20 15:03:52.173  3375  3522 D VoldConnector: RCV <- {659 public:179_1}
12-20 15:03:52.173  2935  2978 V vold    :     --android-dump
12-20 15:03:52.173  2935  2978 V vold    :     /dev/block/vold/disk:179_0
12-20 15:03:52.173  3375  3522 D VoldConnector: RCV <- {649 disk:179_0}
12-20 15:03:52.173  3375  3522 D VoldConnector: RCV <- {640 disk:179_0 5}
12-20 15:03:52.173  3375  3522 D VoldConnector: RCV <- {641 disk:179_0 1967128576}
12-20 15:03:52.173  3375  3522 D VoldConnector: RCV <- {642 disk:179_0 Samsung}
12-20 15:03:52.173  3375  3522 D VoldConnector: RCV <- {644 disk:179_0 /sys//devices/15740000.dwmmc2/mmc_host/mmc0/mmc0:0002/block/mmcblk0}
12-20 15:03:52.182  2935  2978 V vold    : DISK mbr
12-20 15:03:52.182  2935  2978 V vold    : PART 1 e
12-20 15:03:52.183  3375  3522 D VoldConnector: RCV <- {650 public:179_1 0 "disk:179_0" ""}
12-20 15:03:52.183  3375  3522 D VoldConnector: RCV <- {654 public:179_1 sdcard1}
12-20 15:03:52.183  3375  3522 D VoldConnector: RCV <- {651 public:179_1 0}
12-20 15:03:52.183  3375  3522 D VoldConnector: RCV <- {643 disk:179_0}
12-20 15:03:52.183  3375  3522 D VoldConnector: RCV <- {200 3 Command succeeded}
12-20 15:03:52.183  3375  3521 D VoldConnector: SND -> {4 volume user_added 0 0}
12-20 15:03:52.183  3375  3522 D VoldConnector: RCV <- {200 4 Command succeeded}
12-20 15:03:52.184  3375  3375 W MountService: No primary storage defined yet; hacking together a stub
12-20 15:03:52.184  3375  3409 V MountService: Found primary storage at VolumeInfo{emulated}:
12-20 15:03:52.184  3375  3409 V MountService:     type=EMULATED diskId=null partGuid=null mountFlags=0 mountUserId=-1 
12-20 15:03:52.184  3375  3409 V MountService:     state=UNMOUNTED 
12-20 15:03:52.184  3375  3409 V MountService:     fsType=null fsUuid=null fsLabel=null 
12-20 15:03:52.184  3375  3409 V MountService:     path=null internalPath=null 
12-20 15:03:52.184  3375  3521 D VoldConnector: SND -> {5 volume mount emulated 3 -1}
12-20 15:03:52.185  3375  3522 D VoldConnector: RCV <- {651 emulated 1}
12-20 15:03:52.185  3375  3522 D VoldConnector: RCV <- {656 emulated /data/media}
12-20 15:03:52.185  3375  3522 D VoldConnector: RCV <- {655 emulated /storage/emulated}
12-20 15:03:52.186  2935  2978 V vold    : Waiting for FUSE to spin up...
12-20 15:03:52.195  3375  3375 I Zygote  : Process: zygote socket opened, supported ABIS: arm64-v8a,armeabi
12-20 15:03:52.196  3059  3379 I art     : Starting a blocking GC HeapTrim
12-20 15:03:52.207  3375  3375 I ActivityManager: Start proc 3632:com.android.systemui/u0a24 for service com.android.systemui/.keyguard.KeyguardService
12-20 15:03:52.207  3375  3375 I BrokerableCMSystemService: Connecting to implementation
12-20 15:03:52.207  3375  3375 W ContextImpl: Calling a method in the system process without a qualified user: android.app.ContextImpl.bindService:1295 org.cyanogenmod.platform.internal.BrokerableCMSystemService.tryConnecting:199 org.cyanogenmod.platform.internal.ThemeManagerServiceBroker.onBootPhase:270 com.android.server.SystemServiceManager.startBootPhase:135 com.android.server.SystemServer$2.run:1180 
12-20 15:03:52.218  3375  3375 I ActivityManager: Start proc 3645:org.cyanogenmod.themeservice/u0a20 for service org.cyanogenmod.themeservice/.ThemeManagerService
12-20 15:03:52.218  3375  3375 I SystemServer: WebViewFactory preparation
12-20 15:03:52.232  3375  3405 I ActivityManager: Start proc 3661:android.process.media/u0a10 for broadcast com.android.providers.media/.MtpReceiver
12-20 15:03:52.237  3375  3522 D VoldConnector: RCV <- {651 emulated 2}
12-20 15:03:52.237  3375  3522 D VoldConnector: RCV <- {200 5 Command succeeded}
12-20 15:03:52.246  3375  3375 I Zygote  : Process: zygote socket opened, supported ABIS: armeabi-v7a,armeabi
12-20 15:03:52.247  3060  3060 I art     : Starting a blocking GC Background
12-20 15:03:52.278  3375  3375 I ActivityManager: Start proc 3676:WebViewLoader-armeabi-v7a/1037 [android.webkit.WebViewFactory$RelroFileCreator] for 
12-20 15:03:52.286  3676  3676 V WebViewFactory: RelroFileCreator (64bit = false),  32-bit lib: /system/app/webview/webview.apk!/lib/armeabi-v7a/libwebviewchromium.so, 64-bit lib: /system/app/webview/webview.apk!/lib/arm64-v8a/libwebviewchromium.so
12-20 15:03:52.288  3375  3375 I ActivityManager: Start proc 3687:WebViewLoader-arm64-v8a/1037 [android.webkit.WebViewFactory$RelroFileCreator] for 
12-20 15:03:52.289  3375  3521 D VoldConnector: SND -> {6 volume mount public:179_1 2 0}
12-20 15:03:52.289  2935  2978 V vold    : /system/bin/blkid
12-20 15:03:52.289  3375  3522 D VoldConnector: RCV <- {651 public:179_1 1}
12-20 15:03:52.289  2935  2978 V vold    :     -c
12-20 15:03:52.289  2935  2978 V vold    :     /dev/null
12-20 15:03:52.289  2935  2978 V vold    :     -s
12-20 15:03:52.289  2935  2978 V vold    :     TYPE
12-20 15:03:52.289  2935  2978 V vold    :     -s
12-20 15:03:52.289  2935  2978 V vold    :     UUID
12-20 15:03:52.289  2935  2978 V vold    :     -s
12-20 15:03:52.289  2935  2978 V vold    :     LABEL
12-20 15:03:52.289  2935  2978 V vold    :     /dev/block/vold/public:179_1
12-20 15:03:52.308  3687  3687 V WebViewFactory: RelroFileCreator (64bit = true),  32-bit lib: /system/app/webview/webview.apk!/lib/armeabi-v7a/libwebviewchromium.so, 64-bit lib: /system/app/webview/webview.apk!/lib/arm64-v8a/libwebviewchromium.so
12-20 15:03:52.310  3375  3405 I ActivityManager: Start proc 3699:com.android.externalstorage/u0a9 for broadcast com.android.externalstorage/.MountReceiver
12-20 15:03:52.313  3375  3375 D NetworkManagement: enabling bandwidth control
12-20 15:03:52.329  2942  2942 W auditd  : type=1325 audit(0.0:164): table=filter family=2 entries=52
12-20 15:03:52.329  2942  2942 W auditd  : type=1320 audit(0.0:164): 
12-20 15:03:52.334  3676  3676 I art     : System.exit called, status: 0
12-20 15:03:52.334  3676  3676 I AndroidRuntime: VM exiting with result code 0, cleanup skipped.
12-20 15:03:52.339  2942  2942 W auditd  : type=1325 audit(0.0:165): table=filter family=10 entries=55
12-20 15:03:52.339  2942  2942 W auditd  : type=1320 audit(0.0:165): 
12-20 15:03:52.340  2935  2978 V vold    : /dev/block/vold/public:179_1: LABEL="HDDREG" UUID="067B-1A2C" TYPE="vfat" 
12-20 15:03:52.341  3375  3522 D VoldConnector: RCV <- {652 public:179_1 vfat}
12-20 15:03:52.341  3375  3522 D VoldConnector: RCV <- {653 public:179_1 067B-1A2C}
12-20 15:03:52.341  3375  3522 D VoldConnector: RCV <- {654 public:179_1 HDDREG}
12-20 15:03:52.341  3375  3522 D VoldConnector: RCV <- {656 public:179_1 /mnt/media_rw/067B-1A2C}
12-20 15:03:52.341  3375  3522 D VoldConnector: RCV <- {655 public:179_1 /storage/067B-1A2C}
12-20 15:03:52.342  2935  2978 V vold    : /system/bin/fsck_msdos
12-20 15:03:52.342  2935  2978 V vold    :     -p
12-20 15:03:52.342  2935  2978 V vold    :     -f
12-20 15:03:52.342  2935  2978 V vold    :     /dev/block/vold/public:179_1
12-20 15:03:52.349  2942  2942 W auditd  : type=1325 audit(0.0:166): table=filter family=2 entries=51
12-20 15:03:52.349  2942  2942 W auditd  : type=1320 audit(0.0:166): 
12-20 15:03:52.349  2942  2942 W auditd  : type=1325 audit(0.0:167): table=filter family=10 entries=54
12-20 15:03:52.349  2942  2942 W auditd  : type=1320 audit(0.0:167): 
12-20 15:03:52.349  2935  2978 I fsck_msdos: ** /dev/block/vold/public:179_1
12-20 15:03:52.350  3723  3723 D fsck_msdos: sectors Per cluster :64 
12-20 15:03:52.350  3723  3723 D fsck_msdos: boot->ClusterOffset :397 
12-20 15:03:52.350  3723  3723 I fsck_msdos: FAT16 Fielsystem
12-20 15:03:52.350  3723  3723 D fsck_msdos: Using cluster_chain_descriptor
12-20 15:03:52.350  3723  3723 I fsck_msdos: Total clusters 59929 
12-20 15:03:52.350  2935  2978 I fsck_msdos: ** Phase 1 - Read and Compare FATs
12-20 15:03:52.350  2935  2978 I fsck_msdos: Attempting to allocate 123 KB for FAT
12-20 15:03:52.359  2942  2942 W auditd  : type=1325 audit(0.0:168): table=filter family=2 entries=50
12-20 15:03:52.359  2942  2942 W auditd  : type=1320 audit(0.0:168): 
12-20 15:03:52.362  2935  2978 I fsck_msdos: Attempting to allocate 123 KB for FAT
12-20 15:03:52.362  3632  3632 W System  : ClassLoader referenced unknown path: /system/priv-app/SystemUI/lib/arm64
12-20 15:03:52.367  3687  3687 I art     : System.exit called, status: 0
12-20 15:03:52.367  3687  3687 I AndroidRuntime: VM exiting with result code 0, cleanup skipped.
12-20 15:03:52.367  3375  3509 I Sensors : #>LightSensor r=52 g=51 b=58 c=161 atime=245 again=64 lux=108
12-20 15:03:52.369  2942  2942 W auditd  : type=1325 audit(0.0:169): table=filter family=10 entries=53
12-20 15:03:52.369  2942  2942 W auditd  : type=1320 audit(0.0:169): 
12-20 15:03:52.372  3012  3012 E SELinux : avc:  denied  { find } for service=network_management scontext=u:r:themeservice_app:s0 tcontext=u:object_r:network_management_service:s0 tclass=service_manager
12-20 15:03:52.374  3661  3661 W System  : ClassLoader referenced unknown path: /system/priv-app/MediaProvider/lib/arm64
12-20 15:03:52.374  3723  3723 I fsck_msdos: Begin to compare FAT
12-20 15:03:52.374  3723  3723 I fsck_msdos: ** Phase 2 - Check Cluster Chains 
12-20 15:03:52.374  3723  3723 I fsck_msdos: Begin to handle the cluster chain
12-20 15:03:52.375  3723  3723 D fsck_msdos: rootDir->head :0
12-20 15:03:52.376  2935  2978 I fsck_msdos: ** Phase 3 - Checking Directories
12-20 15:03:52.379  2942  2942 W auditd  : type=1325 audit(0.0:170): table=filter family=2 entries=50
12-20 15:03:52.379  2942  2942 W auditd  : type=1320 audit(0.0:170): 
12-20 15:03:52.379  2942  2942 W auditd  : type=1325 audit(0.0:171): table=filter family=10 entries=53
12-20 15:03:52.379  2942  2942 W auditd  : type=1320 audit(0.0:171): 
12-20 15:03:52.379  3645  3645 W System  : ClassLoader referenced unknown path: /system/priv-app/ThemeManagerService/lib/arm64
12-20 15:03:52.383  3645  3645 I ThemeManagerService: Spawned worker thread
12-20 15:03:52.389  2942  2942 W auditd  : type=1325 audit(0.0:172): table=filter family=2 entries=50
12-20 15:03:52.389  2942  2942 W auditd  : type=1320 audit(0.0:172): 
12-20 15:03:52.389  3632  3632 V SystemUIService: Starting SystemUI services.
12-20 15:03:52.396  3661  3661 W System  : ClassLoader referenced unknown path: /system/priv-app/DownloadProvider/lib/arm64
12-20 15:03:52.399  2942  2942 W auditd  : type=1325 audit(0.0:173): table=filter family=10 entries=53
12-20 15:03:52.399  2942  2942 W auditd  : type=1320 audit(0.0:173): 
12-20 15:03:52.399  3699  3699 W System  : ClassLoader referenced unknown path: /system/priv-app/ExternalStorageProvider/lib/arm64
12-20 15:03:52.409  3699  3699 D ExternalStorage: After updating volumes, found 1 active roots
12-20 15:03:52.416  3699  3699 D ExternalStorage: After updating volumes, found 1 active roots
12-20 15:03:52.419  3645  3645 D ThemeManagerService: Prev api level was: 23, api is now: 23
12-20 15:03:52.429  2942  2942 W auditd  : type=1325 audit(0.0:174): table=filter family=2 entries=50
12-20 15:03:52.429  2942  2942 W auditd  : type=1320 audit(0.0:174): 
12-20 15:03:52.429  2942  2942 W auditd  : type=1325 audit(0.0:175): table=filter family=10 entries=53
12-20 15:03:52.429  2942  2942 W auditd  : type=1320 audit(0.0:175): 
12-20 15:03:52.439  2942  2942 W auditd  : type=1325 audit(0.0:176): table=raw family=2 entries=10
12-20 15:03:52.439  2942  2942 W auditd  : type=1320 audit(0.0:176): 
12-20 15:03:52.449  2942  2942 W auditd  : type=1325 audit(0.0:177): table=raw family=10 entries=10
12-20 15:03:52.449  2942  2942 W auditd  : type=1320 audit(0.0:177): 
12-20 15:03:52.459  2942  2942 W auditd  : type=1325 audit(0.0:178): table=mangle family=2 entries=17
12-20 15:03:52.459  2942  2942 W auditd  : type=1320 audit(0.0:178): 
12-20 15:03:52.469  2942  2942 W auditd  : type=1325 audit(0.0:179): table=mangle family=10 entries=13
12-20 15:03:52.469  2942  2942 W auditd  : type=1320 audit(0.0:179): 
12-20 15:03:52.469  3375  3405 I ActivityManager: Start proc 3749:org.cyanogenmod.themes.provider/u0a21 for broadcast org.cyanogenmod.themes.provider/.AppReceiver
12-20 15:03:52.469  3723  3723 D fsck_msdos: Verify Filesystem information
12-20 15:03:52.469  2935  2978 I fsck_msdos: ** Phase 4 - Checking for Lost Files
12-20 15:03:52.469  3723  3723 W fsck_msdos: 71 files, 1914560 free (59830 clusters)
12-20 15:03:52.469  3723  3723 I fsck_msdos: free_rb_tree 
12-20 15:03:52.469  3723  3723 I fsck_msdos: free_fragment_tree
12-20 15:03:52.469  3723  3723 I fsck_msdos: free_fragment_tree
12-20 15:03:52.469  3723  3723 I fsck_msdos: free_fragment_tree: rb_tree is empty 
12-20 15:03:52.479  2942  2942 W auditd  : type=1325 audit(0.0:180): table=filter family=2 entries=49
12-20 15:03:52.479  2942  2942 W auditd  : type=1320 audit(0.0:180): 
12-20 15:03:52.480  2935  2978 I Vold    : Filesystem check completed OK
12-20 15:03:52.495  3632  3767 E WVMExtractor: Failed to open libwvm.so: dlopen failed: library "libwvm.so" not found
12-20 15:03:52.503  2935  2978 V vold    : Waiting for FUSE to spin up...
12-20 15:03:52.508  3051  3595 I EXYNOS_COMP_REGS: Loading the library: libOMX.Exynos.AVC.Decoder.so
12-20 15:03:52.511  3051  3595 I EXYNOS_COMP_REGS: Loading the library: libOMX.Exynos.AVC.Encoder.so
12-20 15:03:52.512  3749  3749 W System  : ClassLoader referenced unknown path: /system/priv-app/ThemesProvider/lib/arm64
12-20 15:03:52.513  3051  3595 I EXYNOS_COMP_REGS: Loading the library: libOMX.Exynos.HEVC.Decoder.so
12-20 15:03:52.516  3051  3595 I EXYNOS_COMP_REGS: Loading the library: libOMX.Exynos.HEVC.Encoder.so
12-20 15:03:52.518  3051  3595 I EXYNOS_COMP_REGS: Loading the library: libOMX.Exynos.MPEG4.Decoder.so
12-20 15:03:52.520  3051  3595 I EXYNOS_COMP_REGS: Loading the library: libOMX.Exynos.MPEG4.Encoder.so
12-20 15:03:52.528  3051  3595 I EXYNOS_COMP_REGS: Loading the library: libOMX.Exynos.VP8.Decoder.so
12-20 15:03:52.531  3051  3595 I EXYNOS_COMP_REGS: Loading the library: libOMX.Exynos.VP8.Encoder.so
12-20 15:03:52.539  3375  3570 D WifiController: DEFERRED_TOGGLE handled
12-20 15:03:52.539  3375  3567 E WifiMonitor: killSupplicant p2ptrue init.svc.wpa_supplicant=unknown init.svc.p2p_supplicant=unknown
12-20 15:03:52.545  3375  3509 I Sensors : #>LightSensor r=53 g=51 b=58 c=161 atime=245 again=64 lux=109
12-20 15:03:52.553  3375  3522 D VoldConnector: RCV <- {651 public:179_1 2}
12-20 15:03:52.553  3375  3522 D VoldConnector: RCV <- {200 6 Command succeeded}
12-20 15:03:52.560  3051  3595 I EXYNOS_COMP_REGS: Loading the library: libOMX.Exynos.VP9.Decoder.so
12-20 15:03:52.566  3051  3595 I EXYNOS_COMP_REGS: Loading the library: libOMX.Exynos.VP9.Encoder.so
12-20 15:03:52.572  3051  3595 I EXYNOS_COMP_REGS: Loading the library: libOMX.Exynos.WMV.Decoder.so
12-20 15:03:52.587  3046  3470 I iptables: iptables: No chain/target/match by that name.
12-20 15:03:52.587  3046  3470 I iptables: iptables terminated by exit(1)
12-20 15:03:52.587  3046  3470 E Netd    : exec() res=0, status=256 for /system/bin/iptables -w -F st_penalty_log 
12-20 15:03:52.589  3051  3595 D libexynosv4l2: try node: /dev/video6
12-20 15:03:52.589  3051  3595 I libexynosv4l2: node found for device s5p-mfc-dec: /dev/video6
12-20 15:03:52.599  3632  3632 I vol.Events: writeEvent collection_started
12-20 15:03:52.607  3051  3595 I libexynosv4l2: open video device /dev/video6
12-20 15:03:52.607  3051  3595 W ACodec  : do not know color format 0x7f000012 = 2130706450
12-20 15:03:52.607  3051  3595 W ACodec  : do not know color format 0x7f000011 = 2130706449
12-20 15:03:52.607  3051  3595 I Exynos_OSAL_Android: output buffer sharing mode is on (15)
12-20 15:03:52.609  3046  3470 I ip6tables: ip6tables: No chain/target/match by that name.
12-20 15:03:52.609  3632  3798 I vol.Events: writeEvent external_ringer_mode_changed normal
12-20 15:03:52.609  3046  3470 I ip6tables: ip6tables terminated by exit(1)
12-20 15:03:52.609  3632  3798 I vol.Events: writeEvent internal_ringer_mode_changed normal
12-20 15:03:52.609  3046  3470 E Netd    : exec() res=0, status=256 for /system/bin/ip6tables -w -F st_penalty_log 
12-20 15:03:52.609  3051  3595 D libexynosv4l2: try node: /dev/video6
12-20 15:03:52.610  3051  3595 I libexynosv4l2: node found for device s5p-mfc-dec: /dev/video6
12-20 15:03:52.614  3051  3595 I libexynosv4l2: open video device /dev/video6
12-20 15:03:52.614  3051  3595 W ACodec  : do not know color format 0x7f000012 = 2130706450
12-20 15:03:52.614  3051  3595 W ACodec  : do not know color format 0x7f000011 = 2130706449
12-20 15:03:52.614  3051  3595 I Exynos_OSAL_Android: output buffer sharing mode is on (15)
12-20 15:03:52.616  3046  3470 I iptables: iptables: No chain/target/match by that name.
12-20 15:03:52.616  3051  3595 D libexynosv4l2: try node: /dev/video6
12-20 15:03:52.616  3051  3595 I libexynosv4l2: node found for device s5p-mfc-dec: /dev/video6
12-20 15:03:52.620  3051  3595 I libexynosv4l2: open video device /dev/video6
12-20 15:03:52.620  3046  3470 I iptables: iptables terminated by exit(1)
12-20 15:03:52.621  3046  3470 E Netd    : exec() res=0, status=256 for /system/bin/iptables -w -F st_penalty_reject 
12-20 15:03:52.621  3051  3595 W ACodec  : do not know color format 0x7f000012 = 2130706450
12-20 15:03:52.621  3051  3595 W ACodec  : do not know color format 0x7f000011 = 2130706449
12-20 15:03:52.621  3051  3595 I Exynos_OSAL_Android: output buffer sharing mode is on (15)
12-20 15:03:52.623  3051  3595 D libexynosv4l2: try node: /dev/video6
12-20 15:03:52.623  3051  3595 I libexynosv4l2: node found for device s5p-mfc-dec: /dev/video6
12-20 15:03:52.626  3051  3595 I libexynosv4l2: open video device /dev/video6
12-20 15:03:52.626  3051  3595 I Exynos_OSAL_Android: output buffer sharing mode is on (15)
12-20 15:03:52.627  3046  3470 I ip6tables: ip6tables: No chain/target/match by that name.
12-20 15:03:52.627  3046  3470 I ip6tables: ip6tables terminated by exit(1)
12-20 15:03:52.627  3046  3470 E Netd    : exec() res=0, status=256 for /system/bin/ip6tables -w -F st_penalty_reject 
12-20 15:03:52.628  3051  3595 D libexynosv4l2: try node: /dev/video6
12-20 15:03:52.629  3051  3595 I libexynosv4l2: node found for device s5p-mfc-dec: /dev/video6
12-20 15:03:52.633  3051  3595 I libexynosv4l2: open video device /dev/video6
12-20 15:03:52.633  3051  3595 W ACodec  : do not know color format 0x7f000012 = 2130706450
12-20 15:03:52.633  3051  3595 W ACodec  : do not know color format 0x7f000011 = 2130706449
12-20 15:03:52.633  3051  3595 I Exynos_OSAL_Android: output buffer sharing mode is on (15)
12-20 15:03:52.636  3051  3595 D libexynosv4l2: try node: /dev/video6
12-20 15:03:52.636  3046  3470 I iptables: iptables: No chain/target/match by that name.
12-20 15:03:52.636  3051  3595 I libexynosv4l2: node found for device s5p-mfc-dec: /dev/video6
12-20 15:03:52.636  3046  3470 I iptables: iptables terminated by exit(1)
12-20 15:03:52.637  3046  3470 E Netd    : exec() res=0, status=256 for /system/bin/iptables -w -F st_clear_caught 
12-20 15:03:52.640  3051  3595 I libexynosv4l2: open video device /dev/video6
12-20 15:03:52.640  3051  3595 W ACodec  : do not know color format 0x7f000012 = 2130706450
12-20 15:03:52.640  3051  3595 W ACodec  : do not know color format 0x7f000011 = 2130706449
12-20 15:03:52.640  3051  3595 I Exynos_OSAL_Android: output buffer sharing mode is on (15)
12-20 15:03:52.642  3051  3595 D libexynosv4l2: try node: /dev/video6
12-20 15:03:52.642  3051  3595 I libexynosv4l2: node found for device s5p-mfc-dec: /dev/video6
12-20 15:03:52.645  3046  3470 I ip6tables: ip6tables: No chain/target/match by that name.
12-20 15:03:52.646  3046  3470 I ip6tables: ip6tables terminated by exit(1)
12-20 15:03:52.646  3051  3595 I libexynosv4l2: open video device /dev/video6
12-20 15:03:52.646  3046  3470 E Netd    : exec() res=0, status=256 for /system/bin/ip6tables -w -F st_clear_caught 
12-20 15:03:52.646  3051  3595 E OMXNodeInstance: getParameter(7:Exynos.VP9.Decoder, ParamVideoProfileLevelQuerySupported(0x600000f)) ERROR: UnsupportedIndex(0x8000101a)
12-20 15:03:52.646  3051  3595 W ACodec  : do not know color format 0x7f000012 = 2130706450
12-20 15:03:52.646  3051  3595 W ACodec  : do not know color format 0x7f000011 = 2130706449
12-20 15:03:52.646  3051  3595 I Exynos_OSAL_Android: output buffer sharing mode is on (15)
12-20 15:03:52.647  3051  3595 E OMX     : FAILED to allocate omx component 'OMX.Exynos.VC1.Decoder' err=InvalidComponentName(0x80001002)
12-20 15:03:52.647  3051  3595 E OMX     : FAILED to allocate omx component 'OMX.Exynos.VC1.Decoder' err=InvalidComponentName(0x80001002)
12-20 15:03:52.647  3051  3595 W MediaCodecList: ignoring Limit specified outside of a Type
12-20 15:03:52.647  3051  3595 W MediaCodecList: ignoring Limit specified outside of a Type
12-20 15:03:52.647  3051  3595 W MediaCodecList: ignoring Limit specified outside of a Type
12-20 15:03:52.647  3051  3595 W MediaCodecList: ignoring Limit specified outside of a Type
12-20 15:03:52.647  3051  3595 W MediaCodecList: ignoring Limit specified outside of a Type
12-20 15:03:52.647  3051  3595 W MediaCodecList: ignoring Limit specified outside of a Type
12-20 15:03:52.647  3051  3595 W MediaCodecList: ignoring Feature specified outside of a Type
12-20 15:03:52.647  3051  3595 E OMX     : FAILED to allocate omx component 'OMX.Exynos.MP3.Decoder' err=InvalidComponentName(0x80001002)
12-20 15:03:52.647  3051  3595 E OMX     : FAILED to allocate omx component 'OMX.Exynos.MP3.Decoder' err=InvalidComponentName(0x80001002)
12-20 15:03:52.647  3051  3595 E OMX     : FAILED to allocate omx component 'OMX.Exynos.MP3.Decoder' err=InvalidComponentName(0x80001002)
12-20 15:03:52.647  3051  3595 E OMX     : FAILED to allocate omx component 'OMX.Exynos.AAC.Decoder' err=InvalidComponentName(0x80001002)
12-20 15:03:52.648  3051  3595 D libexynosv4l2: try node: /dev/video6
12-20 15:03:52.648  3051  3595 D libexynosv4l2: try node: /dev/video7
12-20 15:03:52.648  3051  3595 I libexynosv4l2: node found for device s5p-mfc-enc: /dev/video7
12-20 15:03:52.652  3051  3595 I libexynosv4l2: open video device /dev/video7
12-20 15:03:52.652  3051  3595 W ACodec  : do not know color format 0x7f000011 = 2130706449
12-20 15:03:52.652  3051  3595 W ACodec  : do not know color format 0x10 = 16
12-20 15:03:52.653  3051  3595 W ACodec  : do not know color format 0x7f00a000 = 2130747392
12-20 15:03:52.653  3051  3595 W ACodec  : do not know color format 0x7f000789 = 2130708361
12-20 15:03:52.653  3051  3595 W ACodec  : do not know color format 0x7f000012 = 2130706450
12-20 15:03:52.655  3046  3470 I iptables: iptables: No chain/target/match by that name.
12-20 15:03:52.655  3046  3470 I iptables: iptables terminated by exit(1)
12-20 15:03:52.655  3046  3470 E Netd    : exec() res=0, status=256 for /system/bin/iptables -w -F st_clear_detect 
12-20 15:03:52.657  3051  3595 D libexynosv4l2: try node: /dev/video6
12-20 15:03:52.657  3051  3595 D libexynosv4l2: try node: /dev/video7
12-20 15:03:52.657  3051  3595 I libexynosv4l2: node found for device s5p-mfc-enc: /dev/video7
12-20 15:03:52.661  3051  3595 I libexynosv4l2: open video device /dev/video7
12-20 15:03:52.661  3051  3595 W ACodec  : do not know color format 0x7f000011 = 2130706449
12-20 15:03:52.661  3051  3595 W ACodec  : do not know color format 0x10 = 16
12-20 15:03:52.661  3051  3595 W ACodec  : do not know color format 0x7f00a000 = 2130747392
12-20 15:03:52.661  3051  3595 W ACodec  : do not know color format 0x7f000789 = 2130708361
12-20 15:03:52.661  3051  3595 W ACodec  : do not know color format 0x7f000012 = 2130706450
12-20 15:03:52.663  3051  3595 D libexynosv4l2: try node: /dev/video6
12-20 15:03:52.663  3051  3595 D libexynosv4l2: try node: /dev/video7
12-20 15:03:52.663  3051  3595 I libexynosv4l2: node found for device s5p-mfc-enc: /dev/video7
12-20 15:03:52.667  3046  3470 I ip6tables: ip6tables: No chain/target/match by that name.
12-20 15:03:52.667  3046  3470 I ip6tables: ip6tables terminated by exit(1)
12-20 15:03:52.667  3046  3470 E Netd    : exec() res=0, status=256 for /system/bin/ip6tables -w -F st_clear_detect 
12-20 15:03:52.667  3051  3595 I libexynosv4l2: open video device /dev/video7
12-20 15:03:52.667  3051  3595 W ACodec  : do not know color format 0x7f000011 = 2130706449
12-20 15:03:52.668  3051  3595 W ACodec  : do not know color format 0x10 = 16
12-20 15:03:52.668  3051  3595 W ACodec  : do not know color format 0x7f00a000 = 2130747392
12-20 15:03:52.668  3051  3595 W ACodec  : do not know color format 0x7f000789 = 2130708361
12-20 15:03:52.668  3051  3595 W ACodec  : do not know color format 0x7f000012 = 2130706450
12-20 15:03:52.669  3051  3595 D libexynosv4l2: try node: /dev/video6
12-20 15:03:52.669  3051  3595 D libexynosv4l2: try node: /dev/video7
12-20 15:03:52.669  3051  3595 I libexynosv4l2: node found for device s5p-mfc-enc: /dev/video7
12-20 15:03:52.673  3051  3595 I libexynosv4l2: open video device /dev/video7
12-20 15:03:52.673  3051  3595 W ACodec  : do not know color format 0x7f000011 = 2130706449
12-20 15:03:52.673  3051  3595 W ACodec  : do not know color format 0x10 = 16
12-20 15:03:52.674  3051  3595 W ACodec  : do not know color format 0x7f00a000 = 2130747392
12-20 15:03:52.674  3051  3595 W ACodec  : do not know color format 0x7f000789 = 2130708361
12-20 15:03:52.674  3051  3595 W ACodec  : do not know color format 0x7f000012 = 2130706450
12-20 15:03:52.675  3051  3595 D libexynosv4l2: try node: /dev/video6
12-20 15:03:52.675  3051  3595 D libexynosv4l2: try node: /dev/video7
12-20 15:03:52.675  3051  3595 I libexynosv4l2: node found for device s5p-mfc-enc: /dev/video7
12-20 15:03:52.678  3046  3470 I iptables: iptables: No chain/target/match by that name.
12-20 15:03:52.678  3046  3470 I iptables: iptables terminated by exit(1)
12-20 15:03:52.679  3046  3470 E Netd    : exec() res=0, status=256 for /system/bin/iptables -w -X st_penalty_log 
12-20 15:03:52.679  3051  3595 I libexynosv4l2: open video device /dev/video7
12-20 15:03:52.679  3051  3595 W ACodec  : do not know color format 0x7f000011 = 2130706449
12-20 15:03:52.679  3051  3595 W ACodec  : do not know color format 0x10 = 16
12-20 15:03:52.679  3051  3595 W ACodec  : do not know color format 0x7f00a000 = 2130747392
12-20 15:03:52.679  3051  3595 W ACodec  : do not know color format 0x7f000789 = 2130708361
12-20 15:03:52.679  3051  3595 W ACodec  : do not know color format 0x7f000012 = 2130706450
12-20 15:03:52.681  3051  3595 D libexynosv4l2: try node: /dev/video6
12-20 15:03:52.681  3051  3595 D libexynosv4l2: try node: /dev/video7
12-20 15:03:52.681  3051  3595 I libexynosv4l2: node found for device s5p-mfc-enc: /dev/video7
12-20 15:03:52.685  3051  3595 I libexynosv4l2: open video device /dev/video7
12-20 15:03:52.685  3051  3595 W ACodec  : do not know color format 0x7f000011 = 2130706449
12-20 15:03:52.685  3051  3595 W ACodec  : do not know color format 0x10 = 16
12-20 15:03:52.685  3051  3595 W ACodec  : do not know color format 0x7f00a000 = 2130747392
12-20 15:03:52.685  3051  3595 W ACodec  : do not know color format 0x7f000789 = 2130708361
12-20 15:03:52.685  3051  3595 W ACodec  : do not know color format 0x7f000012 = 2130706450
12-20 15:03:52.688  3051  3595 W OMXNodeInstance: [e:google.mpeg4.decoder] component does not support metadata mode; using fallback
12-20 15:03:52.689  3046  3470 I ip6tables: ip6tables: No chain/target/match by that name.
12-20 15:03:52.690  3046  3470 I ip6tables: ip6tables terminated by exit(1)
12-20 15:03:52.690  3046  3470 E Netd    : exec() res=0, status=256 for /system/bin/ip6tables -w -X st_penalty_log 
12-20 15:03:52.697  3051  3595 W OMXNodeInstance: [f:google.mpeg4.decoder] component does not support metadata mode; using fallback
12-20 15:03:52.700  3046  3470 I iptables: iptables: No chain/target/match by that name.
12-20 15:03:52.700  3051  3595 W MediaCodecList: ignoring Limit specified outside of a Type
12-20 15:03:52.700  3051  3595 W MediaCodecList: ignoring Limit specified outside of a Type
12-20 15:03:52.700  3051  3595 W MediaCodecList: ignoring Limit specified outside of a Type
12-20 15:03:52.700  3051  3595 W MediaCodecList: ignoring Limit specified outside of a Type
12-20 15:03:52.700  3051  3595 W MediaCodecList: ignoring Limit specified outside of a Type
12-20 15:03:52.700  3051  3595 W MediaCodecList: ignoring Feature specified outside of a Type
12-20 15:03:52.701  3046  3470 I iptables: iptables terminated by exit(1)
12-20 15:03:52.701  3046  3470 E Netd    : exec() res=0, status=256 for /system/bin/iptables -w -X st_penalty_reject 
12-20 15:03:52.701  3051  3595 W OMXNodeInstance: [10:google.h263.decoder] component does not support metadata mode; using fallback
12-20 15:03:52.707  3051  3595 W OMXNodeInstance: [11:google.h264.decoder] component does not support metadata mode; using fallback
12-20 15:03:52.711  3051  3595 W OMXNodeInstance: [12:google.hevc.decoder] component does not support metadata mode; using fallback
12-20 15:03:52.711  3046  3470 I ip6tables: ip6tables: No chain/target/match by that name.
12-20 15:03:52.712  3046  3470 I ip6tables: ip6tables terminated by exit(1)
12-20 15:03:52.712  3046  3470 E Netd    : exec() res=0, status=256 for /system/bin/ip6tables -w -X st_penalty_reject 
12-20 15:03:52.715  3051  3595 W OMXNodeInstance: [13:google.vp8.decoder] component does not support metadata mode; using fallback
12-20 15:03:52.716  3051  3595 W OMXNodeInstance: [14:google.vp9.decoder] component does not support metadata mode; using fallback
12-20 15:03:52.718  3632  3798 I vol.Events: writeEvent level_changed STREAM_ALARM 6
12-20 15:03:52.719  3051  3595 I SoftMPEG4Encoder: Construct SoftMPEG4Encoder
12-20 15:03:52.719  3051  3595 W ACodec  : do not know color format 0x7f000789 = 2130708361
12-20 15:03:52.720  3632  3798 I vol.Events: writeEvent level_changed STREAM_BLUETOOTH_SCO 7
12-20 15:03:52.722  3046  3470 I iptables: iptables: No chain/target/match by that name.
12-20 15:03:52.722  3046  3470 I iptables: iptables terminated by exit(1)
12-20 15:03:52.722  3046  3470 E Netd    : exec() res=0, status=256 for /system/bin/iptables -w -X st_clear_caught 
12-20 15:03:52.724  3632  3798 I vol.Events: writeEvent level_changed STREAM_MUSIC 11
12-20 15:03:52.725  3375  3509 I Sensors : #>LightSensor r=53 g=51 b=59 c=162 atime=245 again=64 lux=108
12-20 15:03:52.728  3632  3798 I vol.Events: writeEvent level_changed STREAM_RING 5
12-20 15:03:52.729  3632  3798 I vol.Events: writeEvent level_changed STREAM_SYSTEM 5
12-20 15:03:52.732  3632  3798 I vol.Events: writeEvent level_changed STREAM_VOICE_CALL 4
12-20 15:03:52.732  3051  3595 W ACodec  : do not know color format 0x7f000789 = 2130708361
12-20 15:03:52.733  3046  3470 I ip6tables: ip6tables: No chain/target/match by that name.
12-20 15:03:52.733  3046  3470 I ip6tables: ip6tables terminated by exit(1)
12-20 15:03:52.733  3046  3470 E Netd    : exec() res=0, status=256 for /system/bin/ip6tables -w -X st_clear_caught 
12-20 15:03:52.734  3051  3595 I SoftMPEG4Encoder: Construct SoftMPEG4Encoder
12-20 15:03:52.734  3051  3595 W ACodec  : do not know color format 0x7f000789 = 2130708361
12-20 15:03:52.737  3051  3595 W ACodec  : do not know color format 0x7f000789 = 2130708361
12-20 15:03:52.742  3046  3470 I iptables: iptables: No chain/target/match by that name.
12-20 15:03:52.743  3046  3470 I iptables: iptables terminated by exit(1)
12-20 15:03:52.743  3046  3470 E Netd    : exec() res=0, status=256 for /system/bin/iptables -w -X st_clear_detect 
12-20 15:03:52.746  3632  3632 D StorageNotification: Notifying about private volume: VolumeInfo{private}:
12-20 15:03:52.746  3632  3632 D StorageNotification:     type=PRIVATE diskId=null partGuid=null mountFlags=0 mountUserId=-1 
12-20 15:03:52.746  3632  3632 D StorageNotification:     state=MOUNTED 
12-20 15:03:52.746  3632  3632 D StorageNotification:     fsType=null fsUuid=null fsLabel=null 
12-20 15:03:52.746  3632  3632 D StorageNotification:     path=/data internalPath=null 
12-20 15:03:52.747  3632  3632 D StorageNotification: Notifying about public volume: VolumeInfo{public:179_1}:
12-20 15:03:52.747  3632  3632 D StorageNotification:     type=PUBLIC diskId=disk:179_0 partGuid=null mountFlags=VISIBLE 
12-20 15:03:52.747  3632  3632 D StorageNotification:     mountUserId=0 state=MOUNTED 
12-20 15:03:52.747  3632  3632 D StorageNotification:     fsType=vfat fsUuid=067B-1A2C fsLabel=HDDREG 
12-20 15:03:52.747  3632  3632 D StorageNotification:     path=/storage/067B-1A2C internalPath=/mnt/media_rw/067B-1A2C 
12-20 15:03:52.748  3046  3470 I ip6tables: ip6tables: No chain/target/match by that name.
12-20 15:03:52.748  3046  3470 I ip6tables: ip6tables terminated by exit(1)
12-20 15:03:52.749  3046  3470 E Netd    : exec() res=0, status=256 for /system/bin/ip6tables -w -X st_clear_detect 
12-20 15:03:52.755  3699  3699 D ExternalStorage: After updating volumes, found 2 active roots
12-20 15:03:52.761  3699  3699 D ExternalStorage: After updating volumes, found 2 active roots
12-20 15:03:52.764  3699  3699 D ExternalStorage: After updating volumes, found 2 active roots
12-20 15:03:52.792  3749  3879 D ThemesProvider: Deleted 0
12-20 15:03:52.804  3375  3391 I StatusBarManagerService: registerStatusBar bar=com.android.internal.statusbar.IStatusBar$Stub$Proxy@3756f54
12-20 15:03:52.812  3045  3122 D BootAnimation: Use save memory method, maybe small fps in actual.
12-20 15:03:52.814  3051  3595 W MediaCodecList: Component OMX.Exynos.MP3.Decoder does not support any type of media?
12-20 15:03:52.814  3051  3595 W MediaCodecList: Component OMX.Exynos.VC1.Decoder does not support any type of media?
12-20 15:03:52.814  3051  3595 W MediaCodecList: unable to open media codecs configuration xml file: /etc/media_codecs_performance.xml
12-20 15:03:52.814  3051  3595 W MediaCodecList: unable to open media codecs configuration xml file: /data/misc/media/media_codecs_profiling_results.xml
12-20 15:03:52.815  3632  3772 I OMXClient: Using client-side OMX mux.
12-20 15:03:52.880  3632  3924 I OMXClient: Using client-side OMX mux.
12-20 15:03:52.934  3375  3570 D WifiService: New client listening to asynchronous messages
12-20 15:03:52.947  3632  3938 I OMXClient: Using client-side OMX mux.
12-20 15:03:53.032  3046  3470 D SoftapController: Softap fwReload - Ok
12-20 15:03:53.035  3046  3470 D CommandListener: Setting iface cfg
12-20 15:03:53.035  3046  3470 D CommandListener: Trying to bring down wlan0
12-20 15:03:53.036  3046  3470 D CommandListener: Clearing all IP addresses on wlan0
12-20 15:03:53.046  3375  3375 W System  : ClassLoader referenced unknown path: /system/framework/ConnectivityExt.jar
12-20 15:03:53.046  3375  3375 W ConnectivityExtension: Connectivity extension is not available
12-20 15:03:53.121  3375  3375 D PermissionMonitor: Monitoring
12-20 15:03:53.127  3375  3375 D PermissionMonitor: Users: 1, Apps: 84
12-20 15:03:53.130  3375  3375 I SystemServiceManager: Starting phase 600
12-20 15:03:53.131  3051  3594 E bt_a2dp_hw: adev_set_parameters: ERROR: set param called even when stream out is null
12-20 15:03:53.131  3375  3423 D BluetoothManagerService: Message: 20
12-20 15:03:53.131  3375  3423 D BluetoothManagerService: Added callback: android.bluetooth.BluetoothAdapter$1@5c4f8f1:true
12-20 15:03:53.134  3375  3375 V NotificationListeners: enabling notification listener for user 0: ComponentInfo{org.cyanogenmod.theme.chooser/org.cyanogenmod.theme.chooser.NotificationHijackingService}
12-20 15:03:53.135  3375  3375 W ActivityManager: Unable to start service Intent { act=android.service.notification.NotificationListenerService cmp=org.cyanogenmod.theme.chooser/.NotificationHijackingService } U=0: not found
12-20 15:03:53.135  3375  3375 W NotificationListeners: Unable to bind notification listener service: Intent { act=android.service.notification.NotificationListenerService cmp=org.cyanogenmod.theme.chooser/.NotificationHijackingService (has extras) }
12-20 15:03:53.136  3375  3423 D BluetoothManagerService: Message: 30
12-20 15:03:53.137  3375  3375 I BackupManagerService: Backup enabled => true
12-20 15:03:53.139  3375  3423 D BluetoothManagerService: Message: 30
12-20 15:03:53.141  3051  3051 I AudioFlinger: systemReady
12-20 15:03:53.150  3375  3375 I ActivityManager: Start proc 3968:com.google.android.googlequicksearchbox:interactor/u0a36 for service com.google.android.googlequicksearchbox/com.google.android.voiceinteraction.GsaVoiceInteractionService
12-20 15:03:53.151  3375  3375 D BrokerableCMSystemService: Third party apps ready
12-20 15:03:53.151  3375  3375 I BrokerableCMSystemService: Connecting to implementation
12-20 15:03:53.151  3375  3966 E WVMExtractor: Failed to open libwvm.so: dlopen failed: library "libwvm.so" not found
12-20 15:03:53.151  3375  3375 W ContextImpl: Calling a method in the system process without a qualified user: android.app.ContextImpl.bindService:1295 org.cyanogenmod.platform.internal.BrokerableCMSystemService.tryConnecting:199 org.cyanogenmod.platform.internal.BrokerableCMSystemService.onBootPhase:127 org.cyanogenmod.platform.internal.ThemeManagerServiceBroker.onBootPhase:272 com.android.server.SystemServiceManager.startBootPhase:135 
12-20 15:03:53.152  3375  3375 D BrokerableCMSystemService: Third party apps ready
12-20 15:03:53.152  3375  3375 I BrokerableCMSystemService: Connecting to implementation
12-20 15:03:53.152  3375  3375 W ContextImpl: Calling a method in the system process without a qualified user: android.app.ContextImpl.bindService:1295 org.cyanogenmod.platform.internal.BrokerableCMSystemService.tryConnecting:199 org.cyanogenmod.platform.internal.BrokerableCMSystemService.onBootPhase:127 com.android.server.SystemServiceManager.startBootPhase:135 com.android.server.SystemServer$2.run:1231 
12-20 15:03:53.153  3375  3406 W WindowManager: Keyguard drawn timeout. Setting mKeyguardDrawComplete
12-20 15:03:53.153  3375  3375 D BrokerableCMSystemService: Third party apps ready
12-20 15:03:53.153  3375  3375 I BrokerableCMSystemService: Connecting to implementation
12-20 15:03:53.153  3375  3375 W ContextImpl: Calling a method in the system process without a qualified user: android.app.ContextImpl.bindService:1295 org.cyanogenmod.platform.internal.BrokerableCMSystemService.tryConnecting:199 org.cyanogenmod.platform.internal.BrokerableCMSystemService.onBootPhase:127 org.cyanogenmod.platform.internal.LiveLockScreenServiceBroker.onBootPhase:273 com.android.server.SystemServiceManager.startBootPhase:135 
12-20 15:03:53.164  3375  3980 I OMXClient: Using client-side OMX mux.
12-20 15:03:53.164  3375  3375 I ActivityManager: Start proc 3982:org.cyanogenmod.livelockscreen.service/u0a11 for service org.cyanogenmod.livelockscreen.service/.LiveLockScreenManagerService
12-20 15:03:53.164  3375  3375 D BrokerableCMSystemService: Third party apps ready
12-20 15:03:53.164  3375  3375 I BrokerableCMSystemService: Connecting to implementation
12-20 15:03:53.164  3375  3375 W ContextImpl: Calling a method in the system process without a qualified user: android.app.ContextImpl.bindService:1295 org.cyanogenmod.platform.internal.BrokerableCMSystemService.tryConnecting:199 org.cyanogenmod.platform.internal.BrokerableCMSystemService.onBootPhase:127 com.android.server.SystemServiceManager.startBootPhase:135 com.android.server.SystemServer$2.run:1231 
12-20 15:03:53.184  3375  3375 I ActivityManager: Start proc 3995:org.cyanogenmod.weatherservice/u0a27 for service org.cyanogenmod.weatherservice/.WeatherManagerService
12-20 15:03:53.184  3375  3375 D BrokerableCMSystemService: Third party apps ready
12-20 15:03:53.184  3375  3375 I BrokerableCMSystemService: Connecting to implementation
12-20 15:03:53.184  3375  3375 W ContextImpl: Calling a method in the system process without a qualified user: android.app.ContextImpl.bindService:1295 org.cyanogenmod.platform.internal.BrokerableCMSystemService.tryConnecting:199 org.cyanogenmod.platform.internal.BrokerableCMSystemService.onBootPhase:127 org.cyanogenmod.platform.internal.CMAudioServiceBroker.onBootPhase:58 com.android.server.SystemServiceManager.startBootPhase:135 
12-20 15:03:53.207  3375  3375 I ActivityManager: Start proc 4008:org.cyanogenmod.cmaudio.service/u0a0 for service org.cyanogenmod.cmaudio.service/.CMAudioService
12-20 15:03:53.213  3968  3968 W System  : ClassLoader referenced unknown path: /system/priv-app/Velvet/lib/arm64
12-20 15:03:53.217  3375  4017 I OMXClient: Using client-side OMX mux.
12-20 15:03:53.226  3375  3375 E InputMethodManagerService: Ignoring updateSystemUiLocked due to an invalid token. uid:1000 token:null
12-20 15:03:53.241  3375  3375 I ActivityManager: Start proc 4026:com.android.inputmethod.latin/u0a76 for service com.android.inputmethod.latin/.LatinIME
12-20 15:03:53.241  3375  3375 V InputMethodManagerService: Adding window token: android.os.Binder@7d13f70
12-20 15:03:53.249  3375  3375 E libgps  : proxy__gps_get_extension: Unsupported GpsInterface extension: "gps_measurement"
12-20 15:03:53.249  3375  3375 E libgps  : proxy__gps_get_extension: Unsupported GpsInterface extension: "gps_navigation_message"
12-20 15:03:53.258  3375  3403 D GpsLocationProvider: Reset GPS properties, previous size = 0
12-20 15:03:53.258  3375  3403 D GpsLocationProvider: GpsParamsResource: SUPL_HOST=supl.google.com
12-20 15:03:53.258  3375  3403 D GpsLocationProvider: GpsParamsResource: SUPL_PORT=7275
12-20 15:03:53.258  3375  3403 D GpsLocationProvider: GpsParamsResource: NTP_SERVER=north-america.pool.ntp.org
12-20 15:03:53.258  3375  3403 D GpsLocationProvider: GpsParamsResource: SUPL_VER=0x20000
12-20 15:03:53.258  3375  3403 D GpsLocationProvider: GpsParamsResource: SUPL_MODE=1
12-20 15:03:53.260  3375  3403 D GpsLocationProvider: GPS properties reloaded, size = 7
12-20 15:03:53.260  3375  3403 D libgps  : SendGpsExtensionMessage: Waiting for IPC connection...
12-20 15:03:53.265  3982  3982 W System  : ClassLoader referenced unknown path: /system/priv-app/LiveLockScreenService/lib/arm64
12-20 15:03:53.275  3995  3995 W System  : ClassLoader referenced unknown path: /system/priv-app/WeatherManagerService/lib/arm64
12-20 15:03:53.318  3375  3375 E FlpHardwareProvider: Error hw_get_module 'flp': -2
12-20 15:03:53.318  3375  3375 E LocationManagerService: FLP HAL not supported
12-20 15:03:53.325  3375  3375 E ActivityRecognitionHardware: Error hw_get_module: -2
12-20 15:03:53.325  3375  3375 E LocationManagerService: Hardware Activity-Recognition not supported.
12-20 15:03:53.330  3968  3968 I InteractorInitializer: Initialized process com.google.android.googlequicksearchbox:interactor
12-20 15:03:53.349  3375  3405 I ActivityManager: Start proc 4046:com.google.android.gms.persistent/u0a29 for broadcast com.google.android.gms/.chimera.GmsIntentOperationService$PersistentTrustedReceiver
12-20 15:03:53.356  3375  3375 I CommonTimeManagementService: No common time service detected on this platform.  Common time services will be unavailable.
12-20 15:03:53.358  3375  3520 I InputReader: Reconfiguring input devices.  changes=0x00000020
12-20 15:03:53.358  3375  3375 I MmsServiceBroker: Delay connecting to MmsService until an API is called
12-20 15:03:53.363  3375  3520 I InputReader: Reconfiguring input devices.  changes=0x00000010
12-20 15:03:53.365  3375  3375 D MountService: onStartUser 0
12-20 15:03:53.365  3375  3375 D VoldConnector: SND -> {7 volume user_started 0}
12-20 15:03:53.366  2935  2978 D vold    : Linking /storage/emulated/0 to /mnt/user/0/primary
12-20 15:03:53.366  3375  3522 D VoldConnector: RCV <- {200 7 Command succeeded}
12-20 15:03:53.367  3375  3521 D MountService: Volume public:179_1 broadcasting mounted to UserHandle{0}
12-20 15:03:53.368  3375  3521 D MountService: Volume emulated broadcasting mounted to UserHandle{0}
12-20 15:03:53.392  3375  3375 I ActivityManager: Start proc 4058:org.cyanogenmod.audiofx/u0a1 for added application org.cyanogenmod.audiofx
12-20 15:03:53.402  3375  4062 I OMXClient: Using client-side OMX mux.
12-20 15:03:53.407  3375  3375 I ActivityManager: Start proc 4072:com.android.phone/1001 for added application com.android.phone
12-20 15:03:53.408  3375  3375 I ActivityManager: START u0 {act=android.intent.action.MAIN cat=[android.intent.category.HOME] flg=0x10000000 cmp=com.cyanogenmod.trebuchet/com.android.launcher3.Launcher} from uid 0 on display 0
12-20 15:03:53.432  3375  3375 I ActivityManager: Start proc 4084:com.cyanogenmod.trebuchet/u0a30 for activity com.cyanogenmod.trebuchet/com.android.launcher3.Launcher
12-20 15:03:53.443  3375  3375 I SystemServer: Enabled StrictMode for system server main thread.
12-20 15:03:53.455  3375  3405 W BroadcastQueue: Permission Denial: receiving Intent { act=android.intent.action.USER_SWITCHED flg=0x50000010 (has extras) } to ProcessRecord{8ce8e69 3645:org.cyanogenmod.themeservice/u0a20} (pid=3645, uid=10020) requires android.permission.MANAGE_USERS due to sender null (uid 1000)
12-20 15:03:53.512  3375  3375 D RttService: SCAN_AVAILABLE : 1
12-20 15:03:53.512  3375  3606 D RttService: DefaultState got{ when=0 what=160513 target=com.android.internal.util.StateMachine$SmHandler }
12-20 15:03:53.520  3375  3375 I Choreographer: Skipped 83 frames!  The application may be doing too much work on its main thread.
12-20 15:03:53.536  3375  3375 W System  : ClassLoader referenced unknown path: /system/priv-app/Telecom/lib/arm64
12-20 15:03:53.537  3375  4109 I OMXClient: Using client-side OMX mux.
12-20 15:03:53.539  4058  4058 W System  : ClassLoader referenced unknown path: /system/priv-app/AudioFX/lib/arm64
12-20 15:03:53.561  3375  3423 D BluetoothManagerService: Message: 30
12-20 15:03:53.563  3045  3122 D BootAnimation: playing boot audio here
12-20 15:03:53.563  3045  3122 W BootAnimation: Audio service is not initiated.
12-20 15:03:53.569  3375  3375 I Telecom : ViceNotificationImpl: ViceNotificationImpl
12-20 15:03:53.577  4046  4046 W System  : ClassLoader referenced unknown path: /system/priv-app/PrebuiltGmsCore/lib/arm64
12-20 15:03:53.580  4026  4026 I LatinIME: Hardware accelerated drawing: true
12-20 15:03:53.589  3375  4114 I ActivityManager: Start proc 4116:android.process.acore/u0a4 for content provider com.android.providers.contacts/.CallLogProvider
12-20 15:03:53.590  3375  3423 D BluetoothManagerService: Message: 30
12-20 15:03:53.592  3375  3375 I Telecom : Class: TelecomSystem.INSTANCE being set
12-20 15:03:53.593  3375  3375 W ContextImpl: Calling a method in the system process without a qualified user: android.app.ContextImpl.startService:1231 android.content.ContextWrapper.startService:587 com.android.server.telecom.components.TelecomService.initializeTelecomSystem:141 com.android.server.telecom.components.TelecomService.onBind:69 android.app.ActivityThread.handleBindService:2938 
12-20 15:03:53.597  3375  3375 I BrokerableCMSystemService: Implementation service connected
12-20 15:03:53.597  3375  4126 I OMXClient: Using client-side OMX mux.
12-20 15:03:53.597  3375  3375 I BrokerableCMSystemService: Notifying service connected
12-20 15:03:53.602  3375  3375 I BrokerableCMSystemService: Connecting to implementation
12-20 15:03:53.603  3375  3375 W ContextImpl: Calling a method in the system process without a qualified user: android.app.ContextImpl.bindService:1295 org.cyanogenmod.platform.internal.BrokerableCMSystemService.tryConnecting:199 org.cyanogenmod.platform.internal.BrokerableCMSystemService$1.handleMessage:165 android.os.Handler.dispatchMessage:102 android.os.Looper.loop:148 
12-20 15:03:53.615  3375  3375 I ActivityManager: Start proc 4137:com.android.providers.calendar/u0a6 for content provider com.android.providers.calendar/.CalendarProvider2
12-20 15:03:53.638  3375  3576 D NotificationSQLiteLog: Pruned event entries: 0
12-20 15:03:53.676  4026  4026 W InputAttributes: No editor info for this field. Bug?
12-20 15:03:53.701  4072  4072 W System  : ClassLoader referenced unknown path: /system/priv-app/TeleService/lib/arm64
12-20 15:03:53.701  3375  3567 D wifi    : set interface wlan0 flags (UP)
12-20 15:03:53.701  3375  3567 I WifiHAL : Initializing wifi
12-20 15:03:53.701  3375  3567 I WifiHAL : Creating socket
12-20 15:03:53.702  3375  3567 I WifiHAL : Initialized Wifi HAL Successfully; vendor cmd = 103
12-20 15:03:53.702  3375  3567 D wifi    : Did set static halHandle = 0x7f95507000
12-20 15:03:53.702  3375  3567 D wifi    : halHandle = 0x7f95507000, mVM = 0x7fac40d140, mCls = 0x100ae2
12-20 15:03:53.702  3375  3567 D wifi    : array field set
12-20 15:03:53.702  3375  3567 I WifiNative-HAL: interface[0] = wlan0
12-20 15:03:53.702  3375  3567 I WifiNative-HAL: interface[1] = p2p0
12-20 15:03:53.704  3375  4171 I OMXClient: Using client-side OMX mux.
12-20 15:03:53.705  4026  4174 I LatinIME:LogUtils: Dictionary info: dictionary = contacts.es ; version = 1482285833 ; date = ?
12-20 15:03:53.711  3375  4173 I WifiNative-HAL: Waiting for HAL events mWifiHalHandle=547965923328
12-20 15:03:53.711  3375  4173 D wifi    : waitForHalEvents called, vm = 0x7fac40d140, obj = 0x100ae2, env = 0x7f8f77b680
