12-20 04:59:52.531  3058  3527 D libexynosv4l2: try node: /dev/video7
12-20 04:59:52.531  3058  3527 I libexynosv4l2: node found for device s5p-mfc-enc: /dev/video7
12-20 04:59:52.534  3058  3527 I libexynosv4l2: open video device /dev/video7
12-20 04:59:52.535  3058  3527 W ACodec  : do not know color format 0x7f000011 = 2130706449
12-20 04:59:52.535  3058  3527 W ACodec  : do not know color format 0x10 = 16
12-20 04:59:52.535  3058  3527 W ACodec  : do not know color format 0x7f00a000 = 2130747392
12-20 04:59:52.535  3058  3527 W ACodec  : do not know color format 0x7f000789 = 2130708361
12-20 04:59:52.535  3058  3527 W ACodec  : do not know color format 0x7f000012 = 2130706450
12-20 04:59:52.536  3058  3527 E OMX     : FAILED to allocate omx component 'OMX.Exynos.VP9.Encoder' err=InvalidComponentName(0x80001002)
12-20 04:59:52.537  3583  3583 I vol.Events: writeEvent collection_started
12-20 04:59:52.539  3058  3527 W OMXNodeInstance: [d:google.mpeg4.decoder] component does not support metadata mode; using fallback
12-20 04:59:52.542  3058  3527 W OMXNodeInstance: [e:google.mpeg4.decoder] component does not support metadata mode; using fallback
12-20 04:59:52.544  3583  3780 I vol.Events: writeEvent external_ringer_mode_changed normal
12-20 04:59:52.544  3058  3527 W MediaCodecList: ignoring Limit specified outside of a Type
12-20 04:59:52.544  3058  3527 W MediaCodecList: ignoring Limit specified outside of a Type
12-20 04:59:52.544  3058  3527 W MediaCodecList: ignoring Limit specified outside of a Type
12-20 04:59:52.544  3058  3527 W MediaCodecList: ignoring Limit specified outside of a Type
12-20 04:59:52.544  3058  3527 W MediaCodecList: ignoring Limit specified outside of a Type
12-20 04:59:52.544  3058  3527 W MediaCodecList: ignoring Feature specified outside of a Type
12-20 04:59:52.544  3583  3780 I vol.Events: writeEvent internal_ringer_mode_changed normal
12-20 04:59:52.546  3058  3527 W OMXNodeInstance: [f:google.h263.decoder] component does not support metadata mode; using fallback
12-20 04:59:52.554  3529  3529 E lhd     : Error in SelectManager::AddSelectHandler: the handler is already registered
12-20 04:59:52.557  3058  3527 W OMXNodeInstance: [10:google.h264.decoder] component does not support metadata mode; using fallback
12-20 04:59:52.568  3648  3648 D ExternalStorage: After updating volumes, found 2 active roots
12-20 04:59:52.571  3648  3648 D ExternalStorage: After updating volumes, found 2 active roots
12-20 04:59:52.573  3648  3648 D ExternalStorage: After updating volumes, found 2 active roots
12-20 04:59:52.579  3058  3527 W OMXNodeInstance: [11:google.hevc.decoder] component does not support metadata mode; using fallback
12-20 04:59:52.584  3058  3527 W OMXNodeInstance: [12:google.vp8.decoder] component does not support metadata mode; using fallback
12-20 04:59:52.588  3058  3527 W OMXNodeInstance: [13:google.vp9.decoder] component does not support metadata mode; using fallback
12-20 04:59:52.592  3058  3527 I SoftMPEG4Encoder: Construct SoftMPEG4Encoder
12-20 04:59:52.592  3058  3527 W ACodec  : do not know color format 0x7f000789 = 2130708361
12-20 04:59:52.596  3583  3780 I vol.Events: writeEvent level_changed STREAM_ALARM 6
12-20 04:59:52.598  3058  3527 W ACodec  : do not know color format 0x7f000789 = 2130708361
12-20 04:59:52.600  3058  3527 I SoftMPEG4Encoder: Construct SoftMPEG4Encoder
12-20 04:59:52.600  3058  3527 W ACodec  : do not know color format 0x7f000789 = 2130708361
12-20 04:59:52.600  3583  3780 I vol.Events: writeEvent level_changed STREAM_BLUETOOTH_SCO 7
12-20 04:59:52.605  3583  3780 I vol.Events: writeEvent level_changed STREAM_MUSIC 11
12-20 04:59:52.606  3058  3527 W ACodec  : do not know color format 0x7f000789 = 2130708361
12-20 04:59:52.610  3583  3780 I vol.Events: writeEvent level_changed STREAM_RING 5
12-20 04:59:52.610  3583  3583 D StorageNotification: Notifying about private volume: VolumeInfo{private}:
12-20 04:59:52.610  3583  3583 D StorageNotification:     type=PRIVATE diskId=null partGuid=null mountFlags=0 mountUserId=-1 
12-20 04:59:52.610  3583  3583 D StorageNotification:     state=MOUNTED 
12-20 04:59:52.610  3583  3583 D StorageNotification:     fsType=null fsUuid=null fsLabel=null 
12-20 04:59:52.610  3583  3583 D StorageNotification:     path=/data internalPath=null 
12-20 04:59:52.611  3702  3796 D ThemesProvider: Deleted 0
12-20 04:59:52.611  3583  3583 D StorageNotification: Notifying about public volume: VolumeInfo{public:179_1}:
12-20 04:59:52.611  3583  3583 D StorageNotification:     type=PUBLIC diskId=disk:179_0 partGuid=null mountFlags=VISIBLE 
12-20 04:59:52.611  3583  3583 D StorageNotification:     mountUserId=0 state=MOUNTED 
12-20 04:59:52.611  3583  3583 D StorageNotification:     fsType=vfat fsUuid=067B-1A2C fsLabel=HDDREG 
12-20 04:59:52.611  3583  3583 D StorageNotification:     path=/storage/067B-1A2C internalPath=/mnt/media_rw/067B-1A2C 
12-20 04:59:52.611  3583  3780 I vol.Events: writeEvent level_changed STREAM_SYSTEM 5
12-20 04:59:52.615  3583  3780 I vol.Events: writeEvent level_changed STREAM_VOICE_CALL 4
12-20 04:59:52.672  3058  3527 W MediaCodecList: Component OMX.Exynos.MP3.Decoder does not support any type of media?
12-20 04:59:52.672  3058  3527 W MediaCodecList: Component OMX.Exynos.VC1.Decoder does not support any type of media?
12-20 04:59:52.672  3058  3527 W MediaCodecList: unable to open media codecs configuration xml file: /etc/media_codecs_performance.xml
12-20 04:59:52.672  3058  3527 W MediaCodecList: unable to open media codecs configuration xml file: /data/misc/media/media_codecs_profiling_results.xml
12-20 04:59:52.674  3583  3730 I OMXClient: Using client-side OMX mux.
12-20 04:59:52.679  3394  3620 I StatusBarManagerService: registerStatusBar bar=com.android.internal.statusbar.IStatusBar$Stub$Proxy@c28305b
12-20 04:59:52.740  3583  3864 I OMXClient: Using client-side OMX mux.
12-20 04:59:52.775  3053  3469 D SoftapController: Softap fwReload - Ok
12-20 04:59:52.777  3053  3469 D CommandListener: Setting iface cfg
12-20 04:59:52.777  3053  3469 D CommandListener: Trying to bring down wlan0
12-20 04:59:52.777  3053  3469 D CommandListener: Clearing all IP addresses on wlan0
12-20 04:59:52.783  3394  3394 W System  : ClassLoader referenced unknown path: /system/framework/ConnectivityExt.jar
12-20 04:59:52.783  3394  3394 W ConnectivityExtension: Connectivity extension is not available
12-20 04:59:52.813  3394  3508 D WifiService: New client listening to asynchronous messages
12-20 04:59:52.833  3583  3876 I OMXClient: Using client-side OMX mux.
12-20 04:59:52.908  3394  3394 D PermissionMonitor: Monitoring
12-20 04:59:52.912  3394  3394 D PermissionMonitor: Users: 1, Apps: 74
12-20 04:59:52.914  3394  3394 I SystemServiceManager: Starting phase 600
12-20 04:59:52.914  3058  3522 E bt_a2dp_hw: adev_set_parameters: ERROR: set param called even when stream out is null
12-20 04:59:52.915  3394  3439 D BluetoothManagerService: Message: 20
12-20 04:59:52.915  3394  3439 D BluetoothManagerService: Added callback: android.bluetooth.BluetoothAdapter$1@5b4b1da:true
12-20 04:59:52.917  3394  3439 D BluetoothManagerService: Message: 30
12-20 04:59:52.918  3394  3439 D BluetoothManagerService: Message: 30
12-20 04:59:52.919  3058  3527 I AudioFlinger: systemReady
12-20 04:59:52.933  3394  3885 E WVMExtractor: Failed to open libwvm.so: dlopen failed: library "libwvm.so" not found
12-20 04:59:52.938  3394  3394 I BackupManagerService: Backup enabled => false
12-20 04:59:52.940  3394  3428 W WindowManager: Keyguard drawn timeout. Setting mKeyguardDrawComplete
12-20 04:59:52.940  3394  3394 D BrokerableCMSystemService: Third party apps ready
12-20 04:59:52.940  3394  3394 I BrokerableCMSystemService: Connecting to implementation
12-20 04:59:52.940  3394  3394 W ContextImpl: Calling a method in the system process without a qualified user: android.app.ContextImpl.bindService:1295 org.cyanogenmod.platform.internal.BrokerableCMSystemService.tryConnecting:199 org.cyanogenmod.platform.internal.BrokerableCMSystemService.onBootPhase:127 org.cyanogenmod.platform.internal.ThemeManagerServiceBroker.onBootPhase:272 com.android.server.SystemServiceManager.startBootPhase:135 
12-20 04:59:52.940  3394  3394 D BrokerableCMSystemService: Third party apps ready
12-20 04:59:52.940  3394  3394 I BrokerableCMSystemService: Connecting to implementation
12-20 04:59:52.940  3394  3394 W ContextImpl: Calling a method in the system process without a qualified user: android.app.ContextImpl.bindService:1295 org.cyanogenmod.platform.internal.BrokerableCMSystemService.tryConnecting:199 org.cyanogenmod.platform.internal.BrokerableCMSystemService.onBootPhase:127 com.android.server.SystemServiceManager.startBootPhase:135 com.android.server.SystemServer$2.run:1231 
12-20 04:59:52.942  3394  3394 D BrokerableCMSystemService: Third party apps ready
12-20 04:59:52.942  3394  3394 I BrokerableCMSystemService: Connecting to implementation
12-20 04:59:52.942  3394  3394 W ContextImpl: Calling a method in the system process without a qualified user: android.app.ContextImpl.bindService:1295 org.cyanogenmod.platform.internal.BrokerableCMSystemService.tryConnecting:199 org.cyanogenmod.platform.internal.BrokerableCMSystemService.onBootPhase:127 org.cyanogenmod.platform.internal.LiveLockScreenServiceBroker.onBootPhase:273 com.android.server.SystemServiceManager.startBootPhase:135 
12-20 04:59:52.945  3394  3887 I OMXClient: Using client-side OMX mux.
12-20 04:59:52.953  3394  3394 I ActivityManager: Start proc 3890:org.cyanogenmod.livelockscreen.service/u0a11 for service org.cyanogenmod.livelockscreen.service/.LiveLockScreenManagerService
12-20 04:59:52.953  3394  3394 D BrokerableCMSystemService: Third party apps ready
12-20 04:59:52.953  3394  3394 I BrokerableCMSystemService: Connecting to implementation
12-20 04:59:52.953  3394  3394 W ContextImpl: Calling a method in the system process without a qualified user: android.app.ContextImpl.bindService:1295 org.cyanogenmod.platform.internal.BrokerableCMSystemService.tryConnecting:199 org.cyanogenmod.platform.internal.BrokerableCMSystemService.onBootPhase:127 com.android.server.SystemServiceManager.startBootPhase:135 com.android.server.SystemServer$2.run:1231 
12-20 04:59:52.972  3394  3394 I ActivityManager: Start proc 3897:org.cyanogenmod.weatherservice/u0a26 for service org.cyanogenmod.weatherservice/.WeatherManagerService
12-20 04:59:52.972  3394  3394 D BrokerableCMSystemService: Third party apps ready
12-20 04:59:52.972  3394  3394 I BrokerableCMSystemService: Connecting to implementation
12-20 04:59:52.972  3394  3394 W ContextImpl: Calling a method in the system process without a qualified user: android.app.ContextImpl.bindService:1295 org.cyanogenmod.platform.internal.BrokerableCMSystemService.tryConnecting:199 org.cyanogenmod.platform.internal.BrokerableCMSystemService.onBootPhase:127 org.cyanogenmod.platform.internal.CMAudioServiceBroker.onBootPhase:58 com.android.server.SystemServiceManager.startBootPhase:135 
12-20 04:59:52.984  3394  3394 I ActivityManager: Start proc 3916:org.cyanogenmod.cmaudio.service/u0a2 for service org.cyanogenmod.cmaudio.service/.CMAudioService
12-20 04:59:53.010  3394  3925 I OMXClient: Using client-side OMX mux.
12-20 04:59:53.012  3394  3394 E InputMethodManagerService: Ignoring updateSystemUiLocked due to an invalid token. uid:1000 token:null
12-20 04:59:53.070  3394  3394 I ActivityManager: Start proc 3935:com.android.inputmethod.latin/u0a67 for service com.android.inputmethod.latin/.LatinIME
12-20 04:59:53.070  3394  3394 V InputMethodManagerService: Adding window token: android.os.Binder@6022945
12-20 04:59:53.072  3394  3394 W ServiceWatcher: com.google.android.gms not found
12-20 04:59:53.073  3394  3394 W ServiceWatcher: com.google.android.gms not found
12-20 04:59:53.073  3394  3394 W LocationManagerService: no network location provider found
12-20 04:59:53.073  3394  3394 W ServiceWatcher: com.google.android.gms not found
12-20 04:59:53.075  3394  3394 W ServiceWatcher: com.google.android.gms not found
12-20 04:59:53.075  3394  3394 E LocationManagerService: no geocoder provider found
12-20 04:59:53.076  3394  3394 E FlpHardwareProvider: Error hw_get_module 'flp': -2
12-20 04:59:53.076  3394  3394 E LocationManagerService: FLP HAL not supported
12-20 04:59:53.077  3394  3394 W ServiceWatcher: com.google.android.gms not found
12-20 04:59:53.077  3394  3394 E LocationManagerService: Unable to bind FLP Geofence proxy.
12-20 04:59:53.078  3394  3394 E ActivityRecognitionHardware: Error hw_get_module: -2
12-20 04:59:53.078  3394  3394 E LocationManagerService: Hardware Activity-Recognition not supported.
12-20 04:59:53.078  3394  3394 W ServiceWatcher: com.google.android.gms not found
12-20 04:59:53.078  3394  3394 E ActivityRecognitionProxy: ServiceWatcher could not start.
12-20 04:59:53.078  3394  3394 E LocationManagerService: Unable to bind ActivityRecognitionProxy.
12-20 04:59:53.093  3394  3394 I CommonTimeManagementService: No common time service detected on this platform.  Common time services will be unavailable.
12-20 04:59:53.094  3394  3394 I MmsServiceBroker: Delay connecting to MmsService until an API is called
12-20 04:59:53.095  3394  3496 I InputReader: Reconfiguring input devices.  changes=0x00000020
12-20 04:59:53.100  3394  3496 I InputReader: Reconfiguring input devices.  changes=0x00000010
12-20 04:59:53.103  3394  3394 D MountService: onStartUser 0
12-20 04:59:53.103  3394  3394 D VoldConnector: SND -> {7 volume user_started 0}
12-20 04:59:53.103  2945  2958 D vold    : Linking /storage/emulated/0 to /mnt/user/0/primary
12-20 04:59:53.104  3394  3498 D VoldConnector: RCV <- {200 7 Command succeeded}
12-20 04:59:53.104  3394  3497 D MountService: Volume public:179_1 broadcasting mounted to UserHandle{0}
12-20 04:59:53.105  3394  3497 D MountService: Volume emulated broadcasting mounted to UserHandle{0}
12-20 04:59:53.105  3394  3394 W VoiceInteractionManagerService: no available voice interaction services found for user 0
12-20 04:59:53.105  3394  3394 W VoiceInteractionManagerService: no available voice recognition services found for user 0
12-20 04:59:53.118  3394  3394 I ActivityManager: Start proc 3949:org.cyanogenmod.audiofx/u0a3 for added application org.cyanogenmod.audiofx
12-20 04:59:53.129  3394  3394 I ActivityManager: Start proc 3955:com.android.phone/1001 for added application com.android.phone
12-20 04:59:53.129  3394  3394 I ActivityManager: START u0 {act=android.intent.action.MAIN cat=[android.intent.category.HOME] flg=0x10000000 cmp=com.cyanogenmod.trebuchet/com.android.launcher3.Launcher} from uid 0 on display 0
12-20 04:59:53.146  3394  3394 I ActivityManager: Start proc 3963:com.cyanogenmod.trebuchet/u0a29 for activity com.cyanogenmod.trebuchet/com.android.launcher3.Launcher
12-20 04:59:53.159  3897  3897 W System  : ClassLoader referenced unknown path: /system/priv-app/WeatherManagerService/lib/arm64
12-20 04:59:53.162  3394  3394 I SystemServer: Enabled StrictMode for system server main thread.
12-20 04:59:53.163  3394  3425 I ActivityManager: Start proc 3968:com.android.printspooler/u0a56 for service com.android.printspooler/.model.PrintSpoolerService
12-20 04:59:53.165  3890  3890 W System  : ClassLoader referenced unknown path: /system/priv-app/LiveLockScreenService/lib/arm64
12-20 04:59:53.176  3394  3427 W BroadcastQueue: Permission Denial: receiving Intent { act=android.intent.action.USER_SWITCHED flg=0x50000010 (has extras) } to ProcessRecord{cab114 3594:org.cyanogenmod.themeservice/u0a20} (pid=3594, uid=10020) requires android.permission.MANAGE_USERS due to sender null (uid 1000)
12-20 04:59:53.189  3394  3394 D RttService: SCAN_AVAILABLE : 1
12-20 04:59:53.192  3394  3555 D RttService: DefaultState got{ when=-3ms what=160513 target=com.android.internal.util.StateMachine$SmHandler }
12-20 04:59:53.194  3394  3394 I Choreographer: Skipped 77 frames!  The application may be doing too much work on its main thread.
12-20 04:59:53.217  3394  3394 W System  : ClassLoader referenced unknown path: /system/priv-app/Telecom/lib/arm64
12-20 04:59:53.241  3394  3986 I OMXClient: Using client-side OMX mux.
12-20 04:59:53.250  3394  3439 D BluetoothManagerService: Message: 30
12-20 04:59:53.273  3394  3394 I Telecom : ViceNotificationImpl: ViceNotificationImpl
12-20 04:59:53.279  3394  3439 D BluetoothManagerService: Message: 30
12-20 04:59:53.293  3394  3989 I ActivityManager: Start proc 3991:android.process.acore/u0a4 for content provider com.android.providers.contacts/.CallLogProvider
12-20 04:59:53.298  3394  3394 I Telecom : Class: TelecomSystem.INSTANCE being set
12-20 04:59:53.298  3394  3394 W ContextImpl: Calling a method in the system process without a qualified user: android.app.ContextImpl.startService:1231 android.content.ContextWrapper.startService:587 com.android.server.telecom.components.TelecomService.initializeTelecomSystem:141 com.android.server.telecom.components.TelecomService.onBind:69 android.app.ActivityThread.handleBindService:2938 
12-20 04:59:53.301  3394  3394 I BrokerableCMSystemService: Implementation service connected
12-20 04:59:53.301  3394  3394 I BrokerableCMSystemService: Notifying service connected
12-20 04:59:53.308  3394  3394 I BrokerableCMSystemService: Connecting to implementation
12-20 04:59:53.308  3394  3394 W ContextImpl: Calling a method in the system process without a qualified user: android.app.ContextImpl.bindService:1295 org.cyanogenmod.platform.internal.BrokerableCMSystemService.tryConnecting:199 org.cyanogenmod.platform.internal.BrokerableCMSystemService$1.handleMessage:165 android.os.Handler.dispatchMessage:102 android.os.Looper.loop:148 
12-20 04:59:53.309  3394  3394 I BrokerableCMSystemService: Implementation service connected
12-20 04:59:53.309  3394  3394 I BrokerableCMSystemService: Notifying service connected
12-20 04:59:53.328  3935  3935 I LatinIME: Hardware accelerated drawing: true
12-20 04:59:53.336  3394  3514 D NotificationSQLiteLog: Pruned event entries: 0
12-20 04:59:53.341  3394  4025 I OMXClient: Using client-side OMX mux.
12-20 04:59:53.349  3394  3394 I ActivityManager: Start proc 4016:com.android.settings/1000 for broadcast com.android.settings/.widget.SettingsAppWidgetProvider
12-20 04:59:53.351  3394  3394 W System  : ClassLoader referenced unknown path: /system/priv-app/FusedLocation/lib/arm64
12-20 04:59:53.388  3394  3394 V WiredAccessoryManager: init()
12-20 04:59:53.443  3394  3507 D wifi    : set interface wlan0 flags (UP)
12-20 04:59:53.443  3394  3507 I WifiHAL : Initializing wifi
12-20 04:59:53.443  3394  3507 I WifiHAL : Creating socket
12-20 04:59:53.444  3394  3507 I WifiHAL : Initialized Wifi HAL Successfully; vendor cmd = 103
12-20 04:59:53.444  3394  3507 D wifi    : Did set static halHandle = 0x7f6bbaa0a0
12-20 04:59:53.444  3394  3507 D wifi    : halHandle = 0x7f6bbaa0a0, mVM = 0x7f8cecd140, mCls = 0xa2e
12-20 04:59:53.444  3394  3507 D wifi    : array field set
12-20 04:59:53.444  3394  3507 I WifiNative-HAL: interface[0] = wlan0
12-20 04:59:53.444  3394  3507 I WifiNative-HAL: interface[1] = p2p0
12-20 04:59:53.446  3394  4078 I WifiNative-HAL: Waiting for HAL events mWifiHalHandle=547268239520
12-20 04:59:53.446  3394  4078 D wifi    : waitForHalEvents called, vm = 0x7f8cecd140, obj = 0xa2e, env = 0x7f71a241c0
12-20 04:59:53.465  3025  3033 D PermissionCache: checking android.permission.HARDWARE_TEST for uid=1000 => granted (14746 us)
12-20 04:59:53.476  3394  4082 I OMXClient: Using client-side OMX mux.
12-20 04:59:53.486  3991  3991 W System  : ClassLoader referenced unknown path: /system/priv-app/ContactsProvider/lib/arm64
12-20 04:59:53.489  4079  4079 I wpa_supplicant: Successfully initialized wpa_supplicant
12-20 04:59:53.491  4079  4079 I wpa_supplicant: rfkill: Cannot open RFKILL control device
12-20 04:59:53.507  3058  3527 V audio_hw_primary: adev_set_mic_mute: set mic mute: 0
12-20 04:59:53.514  3949  3949 W System  : ClassLoader referenced unknown path: /system/priv-app/AudioFX/lib/arm64
12-20 04:59:53.537  3935  3935 W InputAttributes: No editor info for this field. Bug?
12-20 04:59:53.546  3394  3507 D WifiMonitor: startMonitoring(wlan0) with mConnected = false
12-20 04:59:53.552  3394  3394 E CMHardwareService: Vibrator is not supported
12-20 04:59:53.553  3394  3394 E CMHardwareService: Vibrator is not supported
12-20 04:59:53.555  3394  3394 V BackupManagerService: Connected to transport ComponentInfo{android/com.android.internal.backup.LocalTransportService}
12-20 04:59:53.555  3394  3394 V BackupManagerService: Registering transport android/com.android.internal.backup.LocalTransportService::android/com.android.internal.backup.LocalTransport = android.app.backup.BackupTransport$TransportImpl@397c97a
12-20 04:59:53.588  3394  3394 I BrokerableCMSystemService: Implementation service connected
12-20 04:59:53.589  3394  3394 I BrokerableCMSystemService: Implementation service connected
12-20 04:59:53.589  3394  3394 I BrokerableCMSystemService: Notifying service connected
12-20 04:59:53.597  3394  3394 I BrokerableCMSystemService: Implementation service connected
12-20 04:59:53.600  4079  4079 I wpa_supplicant: rfkill: Cannot open RFKILL control device
12-20 04:59:53.600  4079  4079 E wpa_supplicant: Could not read interface p2p-dev-wlan0 flags: No such device
12-20 04:59:53.610  3991  4096 I ContactLocale: AddressBook Labels [en-US]: [, A, B, C, D, E, F, G, H, I, J, K, L, M, N, O, P, Q, R, S, T, U, V, W, X, Y, Z, , , , , , , , , , , , , , , , , , , , , , , , , , , , , , , , , , , , , , , , , , , , , , , , , , , , , , , , , , , , , , , , , , , , , , , , , , , , , , , , , , , , , , , , , , , , , , , , , , , , , , , , , , , , , , , , , , , , , , , , , , , , , , , , , , , , , , , , , , , , , , , , , , , , , , , , , , , , , , , , , , , , , , , , , , , , , , , , , , , , , , , , , , , #, ]
12-20 04:59:53.615  3394  3507 D WifiConfigStore: Loading config and enabling all networks 
12-20 04:59:53.616  3394  3507 D WifiConfigStore: loaded 0 passpoint configs
12-20 04:59:53.616  3394  3507 E WifiConfigStore: Error parsing configuration: java.io.FileNotFoundException: /data/misc/wifi/ipconfig.txt: open failed: ENOENT (No such file or directory)
12-20 04:59:53.617  3394  3507 E WifiConfigStore: readNetworkHistory: No config file, revert to default, java.io.FileNotFoundException: /data/misc/wifi/networkHistory.txt: open failed: ENOENT (No such file or directory)
12-20 04:59:53.617  3394  3507 E WifiConfigStore: java.io.FileNotFoundException: /data/misc/wifi/networkHistory.txt: open failed: ENOENT (No such file or directory)
12-20 04:59:53.617  3394  3507 E WifiConfigStore: 	at libcore.io.IoBridge.open(IoBridge.java:452)
12-20 04:59:53.617  3394  3507 E WifiConfigStore: 	at java.io.FileInputStream.<init>(FileInputStream.java:76)
12-20 04:59:53.617  3394  3507 E WifiConfigStore: 	at java.io.FileInputStream.<init>(FileInputStream.java:103)
12-20 04:59:53.617  3394  3507 E WifiConfigStore: 	at com.android.server.wifi.WifiConfigStore.readNetworkHistory(WifiConfigStore.java:2457)
12-20 04:59:53.617  3394  3507 E WifiConfigStore: 	at com.android.server.wifi.WifiConfigStore.loadConfiguredNetworks(WifiConfigStore.java:2022)
12-20 04:59:53.617  3394  3507 E WifiConfigStore: 	at com.android.server.wifi.WifiConfigStore.loadAndEnableAllNetworks(WifiConfigStore.java:729)
12-20 04:59:53.617  3394  3507 E WifiConfigStore: 	at com.android.server.wifi.WifiStateMachine$SupplicantStartingState.processMessage(WifiStateMachine.java:6178)
12-20 04:59:53.617  3394  3507 E WifiConfigStore: 	at com.android.internal.util.StateMachine$SmHandler.processMsg(StateMachine.java:968)
12-20 04:59:53.617  3394  3507 E WifiConfigStore: 	at com.android.internal.util.StateMachine$SmHandler.handleMessage(StateMachine.java:791)
12-20 04:59:53.617  3394  3507 E WifiConfigStore: 	at android.os.Handler.dispatchMessage(Handler.java:102)
12-20 04:59:53.617  3394  3507 E WifiConfigStore: 	at android.os.Looper.loop(Looper.java:148)
12-20 04:59:53.617  3394  3507 E WifiConfigStore: 	at android.os.HandlerThread.run(HandlerThread.java:61)
12-20 04:59:53.617  3394  3507 E WifiConfigStore: Caused by: android.system.ErrnoException: open failed: ENOENT (No such file or directory)
12-20 04:59:53.617  3394  3507 E WifiConfigStore: 	at libcore.io.Posix.open(Native Method)
12-20 04:59:53.617  3394  3507 E WifiConfigStore: 	at libcore.io.BlockGuardOs.open(BlockGuardOs.java:186)
12-20 04:59:53.617  3394  3507 E WifiConfigStore: 	at libcore.io.IoBridge.open(IoBridge.java:438)
12-20 04:59:53.617  3394  3507 E WifiConfigStore: 	... 11 more
12-20 04:59:53.618  3394  3507 E WifiConfigStore: readAutoJoinStatus: Error parsing configurationjava.io.FileNotFoundException: /data/misc/wifi/autojoinconfig.txt: open failed: ENOENT (No such file or directory)
12-20 04:59:53.618  3394  3507 E WifiConfigStore: buildPnoList sortedWifiConfigurations size 0
12-20 04:59:53.618  3394  3507 E WifiConfigStore: --- Begin /data/misc/wifi/wpa_supplicant.conf ---
12-20 04:59:53.619  3394  3507 E WifiConfigStore: disable_scan_offload=1
12-20 04:59:53.619  3394  3507 E WifiConfigStore: driver_param=use_p2p_group_interface=1p2p_device=1
12-20 04:59:53.619  3394  3507 E WifiConfigStore: update_config=1
12-20 04:59:53.619  3394  3507 E WifiConfigStore: device_name=cm_hero2ltexx
12-20 04:59:53.619  3394  3507 E WifiConfigStore: manufacturer=samsung
12-20 04:59:53.619  3394  3507 E WifiConfigStore: model_name=SM-G935F
12-20 04:59:53.619  3394  3507 E WifiConfigStore: model_number=SM-G935F
12-20 04:59:53.619  3394  3507 E WifiConfigStore: serial_number=9886733536574f4947
12-20 04:59:53.620  3394  3507 E WifiConfigStore: device_type=10-0050F204-5
12-20 04:59:53.620  3394  3507 E WifiConfigStore: config_methods=physical_display virtual_push_button
12-20 04:59:53.620  3394  3507 E WifiConfigStore: p2p_listen_reg_class=81
12-20 04:59:53.620  3394  3507 E WifiConfigStore: p2p_listen_channel=1
12-20 04:59:53.620  3394  3507 E WifiConfigStore: p2p_oper_reg_class=124
12-20 04:59:53.620  3394  3507 E WifiConfigStore: p2p_oper_channel=149
12-20 04:59:53.620  3394  3507 E WifiConfigStore: p2p_add_cli_chan=1
12-20 04:59:53.620  3394  3507 E WifiConfigStore: pmf=1
12-20 04:59:53.620  3394  3507 E WifiConfigStore: external_sim=1
12-20 04:59:53.621  3394  3507 E WifiConfigStore: --- End /data/misc/wifi/wpa_supplicant.conf Contents ---
12-20 04:59:53.621  3394  3507 E WifiConfigStore: --- Begin /data/misc/wifi/wpa_supplicant.conf.tmp ---
12-20 04:59:53.621  3394  3507 E WifiConfigStore: Could not open /data/misc/wifi/wpa_supplicant.conf.tmp, java.io.FileNotFoundException: /data/misc/wifi/wpa_supplicant.conf.tmp: open failed: ENOENT (No such file or directory)
12-20 04:59:53.621  3394  3507 E WifiConfigStore: --- End /data/misc/wifi/wpa_supplicant.conf.tmp Contents ---
12-20 04:59:53.621  3394  3507 E WifiConfigStore: --- Begin /data/misc/wifi/networkHistory.txt ---
12-20 04:59:53.621  3935  4104 I LatinIME:LogUtils: Dictionary info: dictionary = contacts.en_US ; version = 1482220793 ; date = ?
12-20 04:59:53.622  3394  3507 E WifiConfigStore: Could not open /data/misc/wifi/networkHistory.txt, java.io.FileNotFoundException: /data/misc/wifi/networkHistory.txt: open failed: ENOENT (No such file or directory)
12-20 04:59:53.622  3394  3507 E WifiConfigStore: --- End /data/misc/wifi/networkHistory.txt Contents ---
12-20 04:59:53.625  3394  3507 D WifiNative-HAL: Setting external_sim to 1
12-20 04:59:53.625  3394  3507 D wifi    : setting dfs flag to true, 0x7f6b707e20
12-20 04:59:53.625  4016  4016 W System  : ClassLoader referenced unknown path: /system/priv-app/Settings/lib/arm64
12-20 04:59:53.625  3394  3507 D WifiStateMachine: Setting OUI to DA-A1-19
12-20 04:59:53.625  3394  3507 D wifi    : setting scan oui 0x7f6b707e20
12-20 04:59:53.625  3394  3507 D WifiHAL : Sending mac address OUI
12-20 04:59:53.627  3394  3439 D Tethering: sendTetherStateChangedBroadcast 1, 0, 0
12-20 04:59:53.633  3394  3507 D WifiConfigStore: Retrieve network priorities after PNO.
12-20 04:59:53.634  3394  3507 D wifi    : android_net_wifi_setLinkLayerStats: 1
12-20 04:59:53.634  3394  3394 D RttService: SCAN_AVAILABLE : 3
12-20 04:59:53.634  3394  3555 D RttService: DefaultState got{ when=0 what=160512 target=com.android.internal.util.StateMachine$SmHandler }
12-20 04:59:53.635  3053  3469 D CommandListener: Setting iface cfg
12-20 04:59:53.635  3053  3469 D CommandListener: Trying to bring up p2p0
12-20 04:59:53.636  3394  3503 D WifiMonitor: startMonitoring(p2p0) with mConnected = true
12-20 04:59:53.641  3394  3503 D WifiNative-HAL: p2pGetDeviceAddress
12-20 04:59:53.642  3394  3503 D WifiNative-HAL: p2pGetDeviceAddress returning 62:f1:89:8a:1f:e7
12-20 04:59:53.656  3955  3955 W System  : ClassLoader referenced unknown path: /system/priv-app/TeleService/lib/arm64
12-20 04:59:53.664  3968  3968 I PrintSpoolerService: No existing print spooler state.
12-20 04:59:53.674  3394  4106 I OMXClient: Using client-side OMX mux.
12-20 04:59:53.677  3963  3963 W System  : ClassLoader referenced unknown path: /system/priv-app/Trebuchet/lib/arm64
12-20 04:59:53.696  3583  4109 D OpenGLRenderer: Use EGL_SWAP_BEHAVIOR_PRESERVED: true
12-20 04:59:53.713  3955  3955 W System  : ClassLoader referenced unknown path: /system/priv-app/TelephonyProvider/lib/arm64
12-20 04:59:53.718  4079  4079 I wpa_supplicant: wlan0: CTRL-EVENT-REGDOM-CHANGE init=USER type=COUNTRY alpha2=AR
12-20 04:59:53.720  3394  3507 E native  : do suspend false
12-20 04:59:53.737  3963  3963 W MOD.CyanogenAmbientUtil: Cyanogen Ambient package is missing! Version 1050100 is required.
12-20 04:59:53.738  3963  3963 E MOD.AmbientApiClientImp: This application will not run unless you install Ambient services
12-20 04:59:53.756  3955  3955 D TelephonyProvider: dbh.onOpen: ok, queried table=siminfo
12-20 04:59:53.756  3955  3955 D TelephonyProvider: dbh.onOpen: ok, queried table=carriers
12-20 04:59:53.759  3394  3508 D WifiService: New client listening to asynchronous messages
12-20 04:59:53.759  3991  3991 W System  : ClassLoader referenced unknown path: /system/app/UserDictionaryProvider/lib/arm64
12-20 04:59:53.777  3963  3963 V Launcher: LauncherAppState inited
12-20 04:59:53.780  3394  3439 D BluetoothManagerService: Message: 20
12-20 04:59:53.782  3394  3439 D BluetoothManagerService: Added callback: android.bluetooth.IBluetoothManagerCallback$Stub$Proxy@a1016c9:true
12-20 04:59:53.790  4079  4079 I wpa_supplicant: wlan0: CTRL-EVENT-REGDOM-CHANGE init=USER type=COUNTRY alpha2=AR
12-20 04:59:53.799  3394  3507 D WifiConfigStore: No blacklist allowed without epno enabled
12-20 04:59:53.803  3394  3507 D WifiConfigStore: Retrieve network priorities after PNO.
12-20 04:59:53.809  3394  3439 D BluetoothManagerService: Message: 30
12-20 04:59:53.822  3955  3955 V ConfigResourceUtil: resourceName = telephony_plugin_jar_name resourceId = 2130903040resourceValue = 
12-20 04:59:53.823  3955  3955 V ConfigResourceUtil: resourceName = telephony_plugin_class_name resourceId = 2130903041resourceValue = 
12-20 04:59:53.828  3394  3960 I ActivityManager: Start proc 4119:com.cyanogenmod.eleven/u0a40 for broadcast com.cyanogenmod.eleven/.MediaButtonIntentReceiver
12-20 04:59:53.838  3394  3439 D BluetoothManagerService: Message: 30
12-20 04:59:53.838  3949  4118 D AudioFx-AudioOutputChangeListener: onAudioOutputChanged id: 2 type: 2 name: SM-G935F address:  [android.media.AudioDeviceInfo@acb8e43]
12-20 04:59:53.865  4016  4016 D LocalBluetoothProfileManager: Adding local MAP profile
12-20 04:59:53.866  4016  4016 D BluetoothMap: Create BluetoothMap proxy object
12-20 04:59:53.869  3394  3960 W Searchables: No global search activity found
12-20 04:59:53.869  3394  3439 D BluetoothManagerService: Message: 30
12-20 04:59:53.879  3394  3439 D BluetoothManagerService: Message: 30
12-20 04:59:53.884  4016  4016 D LocalBluetoothProfileManager: LocalBluetoothProfileManager construction complete
12-20 04:59:53.926  3963  3963 D Launcher.Model: Old launcher provider: content://com.android.launcher2.settings/favorites?notify=true
12-20 04:59:53.926  3963  3963 D Launcher.Model: Old launcher provider does not exist.
12-20 04:59:53.936  4119  4119 W System  : ClassLoader referenced unknown path: /system/app/Eleven/lib/arm64
12-20 04:59:53.942  3935  4104 I LatinIME:LogUtils: Dictionary info: dictionary = userunigram.en_US ; version = 1482220793 ; date = ?
12-20 04:59:53.961  3394  3439 D BluetoothManagerService: Message: 20
12-20 04:59:53.961  3394  3439 D BluetoothManagerService: Added callback: android.bluetooth.IBluetoothManagerCallback$Stub$Proxy@82c9045:true
12-20 04:59:53.967  3394  3439 D BluetoothManagerService: Message: 30
12-20 04:59:53.978  3394  3976 I ActivityManager: Start proc 4155:com.cyanogenmod.eleven:main/u0a40 for service com.cyanogenmod.eleven/.MusicPlaybackService
12-20 04:59:53.980  3610  3610 D MediaScannerReceiver: action: android.intent.action.MEDIA_MOUNTED path: /storage/067B-1A2C
12-20 04:59:53.984  3394  3439 D BluetoothManagerService: Message: 30
12-20 04:59:53.992  3583  3583 D LocalBluetoothProfileManager: Adding local MAP profile
12-20 04:59:53.993  3583  3583 D BluetoothMap: Create BluetoothMap proxy object
12-20 04:59:53.998  3394  3439 D BluetoothManagerService: Message: 30
12-20 04:59:54.003  3394  3439 D BluetoothManagerService: Message: 30
12-20 04:59:54.005  3935  4104 I LatinIME:LogUtils: Dictionary info: dictionary = UserHistoryDictionary.en_US ; version = 1482220794 ; date = ?
12-20 04:59:54.008  3583  3583 D LocalBluetoothProfileManager: LocalBluetoothProfileManager construction complete
12-20 04:59:54.027  3394  4135 D ConnectivityService: listenForNetwork for Listen from uid/pid:10027/3583 for NetworkRequest [ id=3, legacyType=-1, [] ]
12-20 04:59:54.033  3935  4104 I LatinIME:LogUtils: Dictionary info: dictionary = main:en ; version = 54 ; date = 1414726273
12-20 04:59:54.044  3610  3610 D MediaScannerReceiver: action: android.intent.action.MEDIA_MOUNTED path: /storage/emulated/0
12-20 04:59:54.066  4155  4155 W System  : ClassLoader referenced unknown path: /system/app/Eleven/lib/arm64
12-20 04:59:54.071  3394  3394 I ActivityManager: Start proc 4175:com.cyanogenmod.lockclock/u0a61 for broadcast com.cyanogenmod.lockclock/.ClockWidgetProvider
12-20 04:59:54.073  3991  4096 D ContactDirectoryManager: Found com.android.exchange.directory.provider
12-20 04:59:54.081  3583  3583 I CameraManagerGlobal: Connecting to camera service
12-20 04:59:54.099  3394  3973 I ActivityManager: Start proc 4189:com.android.exchange/u0a44 for content provider com.android.exchange/.provider.ExchangeDirectoryProvider
12-20 04:59:54.103  4155  4155 V RenderScript_jni: RS native mode
12-20 04:59:54.104  4155  4155 V RenderScript_jni: Unable to load libRSSupportIO.so, USAGE_IO not supported
12-20 04:59:54.114  4155  4200 V RenderScript: 0x7f8cee3000 Launching thread(s), CPUs 8
12-20 04:59:54.152  3963  4141 W Launcher: setApplicationContext called twice! old=com.android.launcher3.LauncherApplication@95154ec new=com.android.launcher3.LauncherApplication@95154ec
12-20 04:59:54.162  3394  3672 I ActivityManager: Start proc 4217:com.android.smspush/u0a64 for service com.android.smspush/.WapPushManager
12-20 04:59:54.175  3394  3647 I ActivityManager: Start proc 4228:org.cyanogenmod.weather.provider/u0a28 for content provider org.cyanogenmod.weather.provider/.WeatherContentProvider
12-20 04:59:54.205  4155  4155 E MediaPlayer-JNI: JNIMediaPlayerFactory: bIsQCMediaPlayerPresent 0
12-20 04:59:54.205  4155  4155 E MediaPlayer-JNI: JNIMediaPlayerFactory: bIsQCMediaPlayerPresent 0
12-20 04:59:54.230  4175  4175 W System  : ClassLoader referenced unknown path: /system/app/LockClock/lib/arm64
12-20 04:59:54.238  4189  4189 W System  : ClassLoader referenced unknown path: /system/app/Exchange2/lib/arm64
12-20 04:59:54.251  3963  4248 D OpenGLRenderer: Use EGL_SWAP_BEHAVIOR_PRESERVED: true
12-20 04:59:54.254  3955  4249 E DcSwitchStateMachine-0: DctController is not ready
12-20 04:59:54.256  3394  3509 E ConnectivityService: Failed to find Messenger in unregisterNetworkFactory
12-20 04:59:54.259  3394  3509 D ConnectivityService: Got NetworkFactory Messenger for Telephony
12-20 04:59:54.285  3394  4134 I ActivityManager: Start proc 4253:com.android.email/u0a47 for content provider com.android.email/.provider.EmailProvider
12-20 04:59:54.293  4217  4217 W System  : ClassLoader referenced unknown path: /system/app/WAPPushManager/lib/arm64
12-20 04:59:54.322  4228  4228 W System  : ClassLoader referenced unknown path: /system/priv-app/WeatherProvider/lib/arm64
12-20 04:59:54.360  3583  3583 W QSTileHost: Error creating tile for spec: live_display
12-20 04:59:54.360  3583  3583 W QSTileHost: java.lang.IllegalArgumentException: Bad tile spec: live_display
12-20 04:59:54.360  3583  3583 W QSTileHost: 	at com.android.systemui.statusbar.phone.QSTileHost.createTile(QSTileHost.java:382)
12-20 04:59:54.360  3583  3583 W QSTileHost: 	at com.android.systemui.statusbar.phone.QSTileHost.onTuningChanged(QSTileHost.java:325)
12-20 04:59:54.360  3583  3583 W QSTileHost: 	at com.android.systemui.tuner.TunerService.addTunableByProvider(TunerService.java:114)
12-20 04:59:54.360  3583  3583 W QSTileHost: 	at com.android.systemui.statusbar.phone.QSTileHost.<init>(QSTileHost.java:153)
12-20 04:59:54.360  3583  3583 W QSTileHost: 	at com.android.systemui.statusbar.phone.PhoneStatusBar.makeStatusBarView(PhoneStatusBar.java:1189)
12-20 04:59:54.360  3583  3583 W QSTileHost: 	at com.android.systemui.statusbar.phone.PhoneStatusBar.addStatusBarWindow(PhoneStatusBar.java:3463)
12-20 04:59:54.360  3583  3583 W QSTileHost: 	at com.android.systemui.statusbar.phone.PhoneStatusBar.createAndAddWindows(PhoneStatusBar.java:3459)
12-20 04:59:54.360  3583  3583 W QSTileHost: 	at com.android.systemui.statusbar.BaseStatusBar.start(BaseStatusBar.java:631)
12-20 04:59:54.360  3583  3583 W QSTileHost: 	at com.android.systemui.statusbar.phone.PhoneStatusBar.start(PhoneStatusBar.java:818)
12-20 04:59:54.360  3583  3583 W QSTileHost: 	at com.android.systemui.statusbar.SystemBars.createStatusBarFromConfig(SystemBars.java:106)
12-20 04:59:54.360  3583  3583 W QSTileHost: 	at com.android.systemui.statusbar.SystemBars.onNoService(SystemBars.java:58)
12-20 04:59:54.360  3583  3583 W QSTileHost: 	at com.android.systemui.statusbar.ServiceMonitor.startService(ServiceMonitor.java:230)
12-20 04:59:54.360  3583  3583 W QSTileHost: 	at com.android.systemui.statusbar.ServiceMonitor.-wrap5(ServiceMonitor.java)
12-20 04:59:54.360  3583  3583 W QSTileHost: 	at com.android.systemui.statusbar.ServiceMonitor$1.handleMessage(ServiceMonitor.java:73)
12-20 04:59:54.360  3583  3583 W QSTileHost: 	at android.os.Handler.dispatchMessage(Handler.java:102)
12-20 04:59:54.360  3583  3583 W QSTileHost: 	at android.os.Looper.loop(Looper.java:148)
12-20 04:59:54.360  3583  3583 W QSTileHost: 	at android.app.ActivityThread.main(ActivityThread.java:5461)
12-20 04:59:54.360  3583  3583 W QSTileHost: 	at java.lang.reflect.Method.invoke(Native Method)
12-20 04:59:54.360  3583  3583 W QSTileHost: 	at com.android.internal.os.ZygoteInit$MethodAndArgsCaller.run(ZygoteInit.java:726)
12-20 04:59:54.360  3583  3583 W QSTileHost: 	at com.android.internal.os.ZygoteInit.main(ZygoteInit.java:616)
12-20 04:59:54.364  3963  4248 I OpenGLRenderer: Initialized EGL, version 1.4
12-20 04:59:54.373  3583  3583 W CustomTileListenerService[]: CustomTile listener service not yet bound.
12-20 04:59:54.374  3963  4248 D mali_winsys: EGLint new_window_surface(egl_winsys_display*, void*, EGLSurface, EGLConfig, egl_winsys_surface**, egl_color_buffer_format*, EGLBoolean) returns 0x3000,  [1440x2560]-format:1
12-20 04:59:54.377  3702  3805 W MessageQueue: Handler (android.view.Choreographer$FrameHandler) {180114d} sending message to a Handler on a dead thread
12-20 04:59:54.377  3702  3805 W MessageQueue: java.lang.IllegalStateException: Handler (android.view.Choreographer$FrameHandler) {180114d} sending message to a Handler on a dead thread
12-20 04:59:54.377  3702  3805 W MessageQueue: 	at android.os.MessageQueue.enqueueMessage(MessageQueue.java:543)
12-20 04:59:54.377  3702  3805 W MessageQueue: 	at android.os.Handler.enqueueMessage(Handler.java:631)
12-20 04:59:54.377  3702  3805 W MessageQueue: 	at android.os.Handler.sendMessageAtTime(Handler.java:600)
12-20 04:59:54.377  3702  3805 W MessageQueue: 	at android.view.Choreographer$FrameDisplayEventReceiver.onVsync(Choreographer.java:838)
12-20 04:59:54.377  3702  3805 W MessageQueue: 	at android.view.DisplayEventReceiver.dispatchVsync(DisplayEventReceiver.java:141)
12-20 04:59:54.377  3702  3805 W MessageQueue: 	at android.os.MessageQueue.nativePollOnce(Native Method)
12-20 04:59:54.377  3702  3805 W MessageQueue: 	at android.os.MessageQueue.next(MessageQueue.java:323)
12-20 04:59:54.377  3702  3805 W MessageQueue: 	at android.os.Looper.loop(Looper.java:135)
12-20 04:59:54.377  3702  3805 W MessageQueue: 	at android.os.HandlerThread.run(HandlerThread.java:61)
12-20 04:59:54.389  3583  3583 W Resources: Drawable com.android.systemui:drawable/ic_battery_circle has unresolved theme attributes! Consider using Resources.getDrawable(int, Theme) or Context.getDrawable(int).
12-20 04:59:54.389  3583  3583 W Resources: java.lang.RuntimeException
12-20 04:59:54.389  3583  3583 W Resources: 	at android.content.res.Resources.getDrawable(Resources.java:799)
12-20 04:59:54.389  3583  3583 W Resources: 	at com.android.systemui.BatteryMeterView$AllInOneBatteryMeterDrawable.loadBatteryDrawables(BatteryMeterView.java:637)
12-20 04:59:54.389  3583  3583 W Resources: 	at com.android.systemui.BatteryMeterView$AllInOneBatteryMeterDrawable.<init>(BatteryMeterView.java:492)
12-20 04:59:54.389  3583  3583 W Resources: 	at com.android.systemui.BatteryMeterView.createBatteryMeterDrawable(BatteryMeterView.java:264)
12-20 04:59:54.389  3583  3583 W Resources: 	at com.android.systemui.BatteryMeterView.setMode(BatteryMeterView.java:366)
12-20 04:59:54.389  3583  3583 W Resources: 	at com.android.systemui.BatteryMeterView.onBatteryStyleChanged(BatteryMeterView.java:336)
12-20 04:59:54.389  3583  3583 W Resources: 	at com.android.systemui.statusbar.policy.BatteryController.addStateChangedCallback(BatteryController.java:100)
12-20 04:59:54.389  3583  3583 W Resources: 	at com.android.systemui.BatteryMeterView.setBatteryStateRegistar(BatteryMeterView.java:283)
12-20 04:59:54.389  3583  3583 W Resources: 	at com.android.systemui.statusbar.phone.StatusBarHeaderView.setBatteryController(StatusBarHeaderView.java:350)
12-20 04:59:54.389  3583  3583 W Resources: 	at com.android.systemui.statusbar.phone.PhoneStatusBar.makeStatusBarView(PhoneStatusBar.java:1297)
12-20 04:59:54.389  3583  3583 W Resources: 	at com.android.systemui.statusbar.phone.PhoneStatusBar.addStatusBarWindow(PhoneStatusBar.java:3463)
12-20 04:59:54.389  3583  3583 W Resources: 	at com.android.systemui.statusbar.phone.PhoneStatusBar.createAndAddWindows(PhoneStatusBar.java:3459)
12-20 04:59:54.389  3583  3583 W Resources: 	at com.android.systemui.statusbar.BaseStatusBar.start(BaseStatusBar.java:631)
12-20 04:59:54.389  3583  3583 W Resources: 	at com.android.systemui.statusbar.phone.PhoneStatusBar.start(PhoneStatusBar.java:818)
12-20 04:59:54.389  3583  3583 W Resources: 	at com.android.systemui.statusbar.SystemBars.createStatusBarFromConfig(SystemBars.java:106)
12-20 04:59:54.389  3583  3583 W Resources: 	at com.android.systemui.statusbar.SystemBars.onNoService(SystemBars.java:58)
12-20 04:59:54.389  3583  3583 W Resources: 	at com.android.systemui.statusbar.ServiceMonitor.startService(ServiceMonitor.java:230)
12-20 04:59:54.389  3583  3583 W Resources: 	at com.android.systemui.statusbar.ServiceMonitor.-wrap5(ServiceMonitor.java)
12-20 04:59:54.389  3583  3583 W Resources: 	at com.android.systemui.statusbar.ServiceMonitor$1.handleMessage(ServiceMonitor.java:73)
12-20 04:59:54.389  3583  3583 W Resources: 	at android.os.Handler.dispatchMessage(Handler.java:102)
12-20 04:59:54.389  3583  3583 W Resources: 	at android.os.Looper.loop(Looper.java:148)
12-20 04:59:54.389  3583  3583 W Resources: 	at android.app.ActivityThread.main(ActivityThread.java:5461)
12-20 04:59:54.389  3583  3583 W Resources: 	at java.lang.reflect.Method.invoke(Native Method)
12-20 04:59:54.389  3583  3583 W Resources: 	at com.android.internal.os.ZygoteInit$MethodAndArgsCaller.run(ZygoteInit.java:726)
12-20 04:59:54.389  3583  3583 W Resources: 	at com.android.internal.os.ZygoteInit.main(ZygoteInit.java:616)
12-20 04:59:54.389  3583  3583 D BatteryMeterView: mTextGravity=17
12-20 04:59:54.390  3583  3583 D BatteryMeterView: mTextGravity=17
12-20 04:59:54.390  3583  3583 D BatteryMeterView: mTextGravity=17
12-20 04:59:54.392  4253  4253 W System  : ClassLoader referenced unknown path: /system/app/Email/lib/arm64
12-20 04:59:54.426  3583  4109 D OpenGLRenderer: profile bars disabled
12-20 04:59:54.426  3583  4109 D OpenGLRenderer: ambientRatio = 1.50
12-20 04:59:54.446  3394  3440 I ActivityManager: Displayed com.cyanogenmod.trebuchet/com.android.launcher3.Launcher: +1s311ms
12-20 04:59:54.451  3025  3985 D PermissionCache: checking android.permission.ACCESS_SURFACE_FLINGER for uid=10027 => granted (653 us)
12-20 04:59:54.477  3583  3583 D PhoneStatusBar: disable: < expand icons alerts system_info back home recent clock search quick_settings >
12-20 04:59:54.479  3427  3427 I ActivityManager: type=1400 audit(0.0:229): avc: denied { read } for name="batch_io" dev="tmpfs" ino=14466 scontext=u:r:system_server:s0 tcontext=u:object_r:device:s0 tclass=chr_file permissive=1
12-20 04:59:54.479  3427  3427 I ActivityManager: type=1400 audit(0.0:229): avc: denied { open } for path="/dev/batch_io" dev="tmpfs" ino=14466 scontext=u:r:system_server:s0 tcontext=u:object_r:device:s0 tclass=chr_file permissive=1
12-20 04:59:54.479  3427  3427 W ActivityManager: type=1300 audit(0.0:229): arch=c00000b7 syscall=56 success=yes exit=208 a0=ffffff9c a1=7f758e2528 a2=0 a3=0 items=0 ppid=3065 auid=4294967295 uid=1000 gid=1000 euid=1000 suid=1000 fsuid=1000 egid=1000 sgid=1000 fsgid=1000 tty=(none) ses=4294967295 exe="/system/bin/app_process64" subj=u:r:system_server:s0 key=(null)
12-20 04:59:54.479  2952  2952 W auditd  : type=1327 audit(0.0:229): proctitle="system_server"
12-20 04:59:54.479  2952  2952 W auditd  : type=1320 audit(0.0:229): 
12-20 04:59:54.479  3427  3427 I ActivityManager: type=1400 audit(0.0:230): avc: denied { ioctl } for path="/dev/batch_io" dev="tmpfs" ino=14466 ioctlcmd=fc00 scontext=u:r:system_server:s0 tcontext=u:object_r:device:s0 tclass=chr_file permissive=1
12-20 04:59:54.479  3427  3427 W ActivityManager: type=1300 audit(0.0:230): arch=c00000b7 syscall=29 success=yes exit=0 a0=d0 a1=8008fc00 a2=7f76be3588 a3=7f76be3550 items=0 ppid=3065 auid=4294967295 uid=1000 gid=1000 euid=1000 suid=1000 fsuid=1000 egid=1000 sgid=1000 fsgid=1000 tty=(none) ses=4294967295 exe="/system/bin/app_process64" subj=u:r:system_server:s0 key=(null)
12-20 04:59:54.479  2952  2952 W auditd  : type=1327 audit(0.0:230): proctitle="system_server"
12-20 04:59:54.479  2952  2952 W auditd  : type=1320 audit(0.0:230): 
12-20 04:59:54.490  3394  3427 V KeyguardServiceDelegate: *** Keyguard started
12-20 04:59:54.490  3394  3394 V KeyguardServiceDelegate: *** Keyguard connected (yay!)
12-20 04:59:54.495  3394  3427 I Sensors : Acc old sensor_state 0, new sensor_state : 1 en : 1
12-20 04:59:54.505  3394  3427 V KeyguardServiceDelegate: onStartedWakingUp()
12-20 04:59:54.505  3394  3427 V KeyguardServiceDelegate: onScreenTurnedOn(showListener = com.android.server.policy.PhoneWindowManager$2@e1ea370)
12-20 04:59:54.505  3394  3427 V KeyguardServiceDelegate: onScreenTurnedOn()
12-20 04:59:54.508  3963  3963 D Launcher: bindAppWidget: AppWidget(id=2)
12-20 04:59:54.508  3963  3963 D Launcher: bindAppWidget: id=2 belongs to component ComponentInfo{com.cyanogenmod.lockclock/com.cyanogenmod.lockclock.ClockWidgetProvider}
12-20 04:59:54.524  3955  3955 D CarrierConfigLoader: CarrierConfigLoader has started
12-20 04:59:54.539  3394  3439 D BluetoothManagerService: Message: 20
12-20 04:59:54.540  3394  3439 D BluetoothManagerService: Added callback: android.bluetooth.IBluetoothManagerCallback$Stub$Proxy@f830e46:true
12-20 04:59:54.541  3394  4044 D CryptdConnector: SND -> {2 cryptfs getpw}
12-20 04:59:54.541  2945  2959 D VoldCryptCmdListener: cryptfs getpw
12-20 04:59:54.541  2945  2959 I Ext4Crypt: ext4 crypto complete called on /data
12-20 04:59:54.541  2945  2959 I Ext4Crypt: No master key, so not ext4enc
12-20 04:59:54.541  2945  2959 I Ext4Crypt: ext4 crypto complete called on /data
12-20 04:59:54.541  2945  2959 I Ext4Crypt: No master key, so not ext4enc
12-20 04:59:54.541  3394  3499 D CryptdConnector: RCV <- {200 2 -1}
12-20 04:59:54.542  3394  4044 D CryptdConnector: SND -> {3 cryptfs clearpw}
12-20 04:59:54.542  2945  2959 D VoldCryptCmdListener: cryptfs clearpw
12-20 04:59:54.542  2945  2959 I Ext4Crypt: ext4 crypto complete called on /data
12-20 04:59:54.542  2945  2959 I Ext4Crypt: No master key, so not ext4enc
12-20 04:59:54.542  3394  3499 D CryptdConnector: RCV <- {200 3 0}
12-20 04:59:54.542  3394  3439 D BluetoothManagerService: Message: 30
12-20 04:59:54.586  4253  4289 D ActivityThread: Loading provider com.android.email.provider;com.android.email.notifier: com.android.email.provider.EmailProvider
12-20 04:59:54.589  3955  3955 I Telephony: TtyManager: updateUiTtyMode -1 -> 0
12-20 04:59:54.604  3955  3955 V ConfigResourceUtil: resourceName = config_spn_display_control resourceId = 2130837514resourceValue = false
12-20 04:59:54.641  4189  4189 I Exchange: EasService.onCreate
12-20 04:59:54.642  3583  3583 D PhoneStatusBar: heads up is enabled
12-20 04:59:54.653  4189  4301 I Exchange: RestartPingTask
12-20 04:59:54.655  3963  3963 D Launcher: bound widget id=2 in 147ms
