12-20 17:59:21.237  3047  3047 D installd: aapt source_apk=/system/app/HexoLibre/HexoLibre.apk internal_path=assets/overlays/com.google.android.tts/ out_restable=/data/resource-cache/org.cyanogenmod.hexolibre/com.google.android.tts uid=50063, pkgId=97,min_sdk_version=23,            app_res_path=/system/app/GoogleTTS/GoogleTTS.apk, common_res_path=/data/resource-cache/org.cyanogenmod.hexolibre/common/resources.apk
12-20 17:59:21.282  3047  3047 D installd: idmap target_apk=/system/app/GoogleTTS/GoogleTTS.apk overlay_apk=/system/app/HexoLibre/HexoLibre.apk cache_path=/data/resource-cache/org.cyanogenmod.hexolibre/com.google.android.tts uid=50078
12-20 17:59:21.311  3047  3047 D installd: aapt source_apk=/system/app/HexoLibre/HexoLibre.apk internal_path=assets/overlays/com.android.systemui/ out_restable=/data/resource-cache/org.cyanogenmod.hexolibre/com.android.systemui uid=50063, pkgId=97,min_sdk_version=23,            app_res_path=/system/priv-app/SystemUI/SystemUI.apk, common_res_path=/data/resource-cache/org.cyanogenmod.hexolibre/common/resources.apk
12-20 17:59:21.315  5030  5222 I chatty  : uid=10027(com.google.android.gms) expire 2 lines
12-20 17:59:21.373  3047  3047 D installd: idmap target_apk=/system/priv-app/SystemUI/SystemUI.apk overlay_apk=/system/app/HexoLibre/HexoLibre.apk cache_path=/data/resource-cache/org.cyanogenmod.hexolibre/com.android.systemui uid=50031
12-20 17:59:21.450  3047  3047 D installd: aapt source_apk=/system/app/HexoLibre/HexoLibre.apk internal_path=assets/overlays/com.android.phone/ out_restable=/data/resource-cache/org.cyanogenmod.hexolibre/com.android.phone uid=50063, pkgId=97,min_sdk_version=23,            app_res_path=/system/priv-app/TeleService/TeleService.apk, common_res_path=/data/resource-cache/org.cyanogenmod.hexolibre/common/resources.apk
12-20 17:59:21.451  3441  3926 D WifiService: New client listening to asynchronous messages
12-20 17:59:21.458  3441  4131 D WifiService: setWifiEnabled: true pid=4722, uid=1000
12-20 17:59:21.458  3441  4131 E WifiService: Invoking mWifiStateMachine.setWifiEnabled
12-20 17:59:21.459  3441  3925 E WifiMonitor: killSupplicant p2ptrue init.svc.wpa_supplicant=unknown init.svc.p2p_supplicant=unknown
12-20 17:59:21.485  3046  3578 V audio_hw_primary: out_set_parameters: key value pairs: routing=2
12-20 17:59:21.486  3441  4647 I ActivityManager: START u0 {act=com.android.net.wifi.SETUP_WIFI_NETWORK cmp=com.android.settings/.wifi.WifiSetupActivity (has extras)} from uid 1000 on display 0
12-20 17:59:21.488  3047  3047 D installd: idmap target_apk=/system/priv-app/TeleService/TeleService.apk overlay_apk=/system/app/HexoLibre/HexoLibre.apk cache_path=/data/resource-cache/org.cyanogenmod.hexolibre/com.android.phone uid=41001
12-20 17:59:21.495  3046  3578 V audio_hw_primary: start_output_stream: starting stream
12-20 17:59:21.535  3046  3578 V audio_hw_primary: select_devices() devices 0x2 input src 0 output route media-speaker input route none
12-20 17:59:21.561  3041  3434 D SoftapController: Softap fwReload - Ok
12-20 17:59:21.564  3041  3434 D CommandListener: Setting iface cfg
12-20 17:59:21.566  3041  3434 D CommandListener: Trying to bring down wlan0
12-20 17:59:21.567  3041  3434 D CommandListener: Clearing all IP addresses on wlan0
12-20 17:59:21.582  3047  3047 D installd: aapt source_apk=/system/app/HexoLibre/HexoLibre.apk internal_path=assets/overlays/com.android.facelock/ out_restable=/data/resource-cache/org.cyanogenmod.hexolibre/com.android.facelock uid=50063, pkgId=97,min_sdk_version=23,            app_res_path=/system/app/FaceLock/FaceLock.apk, common_res_path=/data/resource-cache/org.cyanogenmod.hexolibre/common/resources.apk
12-20 17:59:21.622  3047  3047 D installd: idmap target_apk=/system/app/FaceLock/FaceLock.apk overlay_apk=/system/app/HexoLibre/HexoLibre.apk cache_path=/data/resource-cache/org.cyanogenmod.hexolibre/com.android.facelock uid=50068
12-20 17:59:21.680  3047  3047 D installd: aapt source_apk=/system/app/HexoLibre/HexoLibre.apk internal_path=assets/overlays/android/ out_restable=/data/resource-cache/org.cyanogenmod.hexolibre/android uid=50063, pkgId=96,min_sdk_version=23,            app_res_path=/system/framework/framework-res.apk, common_res_path=/data/resource-cache/org.cyanogenmod.hexolibre/common/resources.apk
12-20 17:59:21.706  3046  3578 V audio_hw_primary: adev_set_call_audio_path: ril_set_call_audio_path(2)
12-20 17:59:21.706  3046  3578 E audio_hw_primary: Connect_RILD() failed
12-20 17:59:21.707  3046  3578 V audio_hw_primary: start_output_stream: stream out device: 2, actual: 2
12-20 17:59:22.011  4254  4322 W asset   : failed to open idmap file /data/resource-cache/org.cyanogenmod.hexolibre/android/idmap
12-20 17:59:22.069  3047  3047 D installd: idmap target_apk=/system/framework/framework-res.apk overlay_apk=/system/app/HexoLibre/HexoLibre.apk cache_path=/data/resource-cache/org.cyanogenmod.hexolibre/android uid=41000
12-20 17:59:22.135  5269  5277 I chatty  : uid=10027(com.google.android.gms) /system/bin/dex2oat expire 1 line
12-20 17:59:22.136  5082  5333 D OpenGLRenderer: Use EGL_SWAP_BEHAVIOR_PRESERVED: true
12-20 17:59:22.187  3047  3047 D installd: aapt source_apk=/system/app/HexoLibre/HexoLibre.apk internal_path=assets/overlays/com.cyanogenmod.trebuchet/ out_restable=/data/resource-cache/org.cyanogenmod.hexolibre/com.cyanogenmod.trebuchet uid=50063, pkgId=97,min_sdk_version=23,            app_res_path=/system/priv-app/Trebuchet/Trebuchet.apk, common_res_path=/data/resource-cache/org.cyanogenmod.hexolibre/common/resources.apk
12-20 17:59:22.259  3441  3925 D wifi    : set interface wlan0 flags (UP)
12-20 17:59:22.259  3441  3925 I WifiHAL : Initializing wifi
12-20 17:59:22.259  3441  3925 I WifiHAL : Creating socket
12-20 17:59:22.260  3441  3925 I WifiHAL : Initialized Wifi HAL Successfully; vendor cmd = 103
12-20 17:59:22.260  3441  3925 D wifi    : Did set static halHandle = 0x7f64ac39a0
12-20 17:59:22.260  3441  3925 D wifi    : halHandle = 0x7f64ac39a0, mVM = 0x7f8194d140, mCls = 0xa36
12-20 17:59:22.260  3441  3925 D wifi    : array field set
12-20 17:59:22.260  3441  3925 I WifiNative-HAL: interface[0] = wlan0
12-20 17:59:22.260  3441  3925 I WifiNative-HAL: interface[1] = p2p0
12-20 17:59:22.261  3441  5341 I WifiNative-HAL: Waiting for HAL events mWifiHalHandle=547149855136
12-20 17:59:22.261  3441  5341 D wifi    : waitForHalEvents called, vm = 0x7f8194d140, obj = 0xa36, env = 0x7f62e2ac00
12-20 17:59:22.289  3047  3047 D installd: idmap target_apk=/system/priv-app/Trebuchet/Trebuchet.apk overlay_apk=/system/app/HexoLibre/HexoLibre.apk cache_path=/data/resource-cache/org.cyanogenmod.hexolibre/com.cyanogenmod.trebuchet uid=50028
12-20 17:59:22.302  5082  5333 I OpenGLRenderer: Initialized EGL, version 1.4
12-20 17:59:22.317  5082  5333 D mali_winsys: EGLint new_window_surface(egl_winsys_display*, void*, EGLSurface, EGLConfig, egl_winsys_surface**, egl_color_buffer_format*, EGLBoolean) returns 0x3000,  [1440x2560]-format:1
12-20 17:59:22.340  5343  5343 I wpa_supplicant: Successfully initialized wpa_supplicant
12-20 17:59:22.343  5343  5343 I wpa_supplicant: rfkill: Cannot open RFKILL control device
12-20 17:59:22.363  3441  3925 D WifiMonitor: startMonitoring(wlan0) with mConnected = false
12-20 17:59:22.465  5343  5343 I wpa_supplicant: rfkill: Cannot open RFKILL control device
12-20 17:59:22.465  5343  5343 E wpa_supplicant: Could not read interface p2p-dev-wlan0 flags: No such device
12-20 17:59:22.491  3441  3925 D WifiConfigStore: Loading config and enabling all networks 
12-20 17:59:22.492  3441  3925 D WifiConfigStore: loaded 0 passpoint configs
12-20 17:59:22.493  3441  3925 E WifiConfigStore: Error parsing configuration: java.io.FileNotFoundException: /data/misc/wifi/ipconfig.txt: open failed: ENOENT (No such file or directory)
12-20 17:59:22.494  3441  3925 E WifiConfigStore: readNetworkHistory: No config file, revert to default, java.io.FileNotFoundException: /data/misc/wifi/networkHistory.txt: open failed: ENOENT (No such file or directory)
12-20 17:59:22.494  3441  3925 E WifiConfigStore: java.io.FileNotFoundException: /data/misc/wifi/networkHistory.txt: open failed: ENOENT (No such file or directory)
12-20 17:59:22.494  3441  3925 E WifiConfigStore: 	at libcore.io.IoBridge.open(IoBridge.java:452)
12-20 17:59:22.494  3441  3925 E WifiConfigStore: 	at java.io.FileInputStream.<init>(FileInputStream.java:76)
12-20 17:59:22.494  3441  3925 E WifiConfigStore: 	at java.io.FileInputStream.<init>(FileInputStream.java:103)
12-20 17:59:22.494  3441  3925 E WifiConfigStore: 	at com.android.server.wifi.WifiConfigStore.readNetworkHistory(WifiConfigStore.java:2457)
12-20 17:59:22.494  3441  3925 E WifiConfigStore: 	at com.android.server.wifi.WifiConfigStore.loadConfiguredNetworks(WifiConfigStore.java:2022)
12-20 17:59:22.494  3441  3925 E WifiConfigStore: 	at com.android.server.wifi.WifiConfigStore.loadAndEnableAllNetworks(WifiConfigStore.java:729)
12-20 17:59:22.494  3441  3925 E WifiConfigStore: 	at com.android.server.wifi.WifiStateMachine$SupplicantStartingState.processMessage(WifiStateMachine.java:6178)
12-20 17:59:22.494  3441  3925 E WifiConfigStore: 	at com.android.internal.util.StateMachine$SmHandler.processMsg(StateMachine.java:968)
12-20 17:59:22.494  3441  3925 E WifiConfigStore: 	at com.android.internal.util.StateMachine$SmHandler.handleMessage(StateMachine.java:791)
12-20 17:59:22.494  3441  3925 E WifiConfigStore: 	at android.os.Handler.dispatchMessage(Handler.java:102)
12-20 17:59:22.494  3441  3925 E WifiConfigStore: 	at android.os.Looper.loop(Looper.java:148)
12-20 17:59:22.494  3441  3925 E WifiConfigStore: 	at android.os.HandlerThread.run(HandlerThread.java:61)
12-20 17:59:22.494  3441  3925 E WifiConfigStore: Caused by: android.system.ErrnoException: open failed: ENOENT (No such file or directory)
12-20 17:59:22.494  3441  3925 E WifiConfigStore: 	at libcore.io.Posix.open(Native Method)
12-20 17:59:22.494  3441  3925 E WifiConfigStore: 	at libcore.io.BlockGuardOs.open(BlockGuardOs.java:186)
12-20 17:59:22.494  3441  3925 E WifiConfigStore: 	at libcore.io.IoBridge.open(IoBridge.java:438)
12-20 17:59:22.494  3441  3925 E WifiConfigStore: 	... 11 more
12-20 17:59:22.495  3441  3925 E WifiConfigStore: readAutoJoinStatus: Error parsing configurationjava.io.FileNotFoundException: /data/misc/wifi/autojoinconfig.txt: open failed: ENOENT (No such file or directory)
12-20 17:59:22.495  3441  3925 E WifiConfigStore: buildPnoList sortedWifiConfigurations size 0
12-20 17:59:22.501  3441  3925 E WifiConfigStore: --- Begin /data/misc/wifi/wpa_supplicant.conf ---
12-20 17:59:22.501  3441  3925 E WifiConfigStore: update_config=1
12-20 17:59:22.502  3441  3925 E WifiConfigStore: eapol_version=1
12-20 17:59:22.502  3441  3925 E WifiConfigStore: ap_scan=1
12-20 17:59:22.502  3441  3925 E WifiConfigStore: fast_reauth=1
12-20 17:59:22.502  3441  3925 E WifiConfigStore: pmf=1
12-20 17:59:22.503  3441  3925 E WifiConfigStore: --- End /data/misc/wifi/wpa_supplicant.conf Contents ---
12-20 17:59:22.503  3441  3925 E WifiConfigStore: --- Begin /data/misc/wifi/wpa_supplicant.conf.tmp ---
12-20 17:59:22.503  3441  3925 E WifiConfigStore: Could not open /data/misc/wifi/wpa_supplicant.conf.tmp, java.io.FileNotFoundException: /data/misc/wifi/wpa_supplicant.conf.tmp: open failed: ENOENT (No such file or directory)
12-20 17:59:22.504  3441  3925 E WifiConfigStore: --- End /data/misc/wifi/wpa_supplicant.conf.tmp Contents ---
12-20 17:59:22.504  3441  3925 E WifiConfigStore: --- Begin /data/misc/wifi/networkHistory.txt ---
12-20 17:59:22.504  3441  3925 E WifiConfigStore: Could not open /data/misc/wifi/networkHistory.txt, java.io.FileNotFoundException: /data/misc/wifi/networkHistory.txt: open failed: ENOENT (No such file or directory)
12-20 17:59:22.504  3441  3925 E WifiConfigStore: --- End /data/misc/wifi/networkHistory.txt Contents ---
12-20 17:59:22.506  3441  3459 D Tethering: sendTetherStateChangedBroadcast 1, 0, 0
12-20 17:59:22.517  3441  3925 D WifiNative-HAL: Setting external_sim to 1
12-20 17:59:22.518  3441  3925 D wifi    : setting dfs flag to true, 0x7f646535e0
12-20 17:59:22.519  3441  3925 D WifiStateMachine: Setting OUI to DA-A1-19
12-20 17:59:22.519  3441  3925 D wifi    : setting scan oui 0x7f646535e0
12-20 17:59:22.519  3441  3925 D WifiHAL : Sending mac address OUI
12-20 17:59:22.539  3441  3925 D WifiConfigStore: Retrieve network priorities after PNO.
12-20 17:59:22.541  3441  3441 D RttService: SCAN_AVAILABLE : 3
12-20 17:59:22.542  3441  3956 D RttService: DefaultState got{ when=0 what=160512 target=com.android.internal.util.StateMachine$SmHandler }
12-20 17:59:22.542  3441  3925 D wifi    : android_net_wifi_setLinkLayerStats: 1
12-20 17:59:22.543  3041  3434 D CommandListener: Setting iface cfg
12-20 17:59:22.543  3041  3434 D CommandListener: Trying to bring up p2p0
12-20 17:59:22.544  3441  3924 D WifiMonitor: startMonitoring(p2p0) with mConnected = true
12-20 17:59:22.556  3441  3924 D WifiNative-HAL: p2pGetDeviceAddress
12-20 17:59:22.556  3441  3924 D WifiNative-HAL: p2pGetDeviceAddress returning 62:f1:89:8a:1f:e7
12-20 17:59:22.559  3441  3460 I ActivityManager: Displayed com.android.settings/.wifi.WifiSetupActivity: +1s34ms
12-20 17:59:22.625  3441  3925 E native  : do suspend false
12-20 17:59:22.633  3441  3925 D WifiConfigStore: No blacklist allowed without epno enabled
12-20 17:59:22.634  3441  3925 D WifiConfigStore: Retrieve network priorities after PNO.
12-20 17:59:22.640  3441  3925 D WifiConfigStore: Retrieve network priorities after PNO.
12-20 17:59:22.722  5375  5375 I chatty  : uid=10027(com.google.android.gms) /system/bin/dex2oat expire 3 lines
12-20 17:59:22.774  4956  5146 I chatty  : uid=10027(com.google.android.gms) GeofencerStateM expire 1 line
12-20 17:59:22.975  4631  4631 D TelephonyProvider: Regional apns file not found
12-20 17:59:22.980  4631  4631 D TelephonyProvider: dbh.onCreate:- db=SQLiteDatabase: /data/user/0/com.android.providers.telephony/databases/telephony.db
12-20 17:59:23.007  4631  4631 D TelephonyProvider: dbh.onOpen: ok, queried table=siminfo
12-20 17:59:23.007  4631  4631 D TelephonyProvider: dbh.onOpen: ok, queried table=carriers
12-20 17:59:23.008  4631  4631 D TelephonyProvider: onCreate: build id changed from  to MOB31K
12-20 17:59:23.050  4631  4631 D TelephonyProvider: No APNs in OEM image = /oem/telephony/apns-conf.xml Load APNs from system image
12-20 17:59:23.050  4631  4631 D TelephonyProvider: No APNs in OEM image = /data/misc/apns-conf.xml Load APNs from system image
12-20 17:59:23.050  4631  4631 D TelephonyProvider: confFile = /system/etc/apns-conf.xml
12-20 17:59:23.696  4254  4322 I Choreographer: Skipped 179 frames!  The application may be doing too much work on its main thread.
12-20 17:59:23.743  3441  3652 I InputReader: Reconfiguring input devices.  changes=0x00000010
12-20 17:59:23.759  3441  3652 I InputReader: Reconfiguring input devices.  changes=0x00000010
12-20 17:59:23.761  3441  3652 I InputReader: Reconfiguring input devices.  changes=0x00000010
12-20 17:59:23.767  3441  3652 I InputReader: Reconfiguring input devices.  changes=0x00000010
12-20 17:59:23.769  3441  3652 I InputReader: Reconfiguring input devices.  changes=0x00000010
12-20 17:59:23.772  3441  3652 I InputReader: Reconfiguring input devices.  changes=0x00000010
12-20 17:59:23.773  3441  3652 I InputReader: Reconfiguring input devices.  changes=0x00000010
12-20 17:59:23.784  3441  3441 I BackupManagerService: Binding to transport host ComponentInfo{com.google.android.gms/com.google.android.gms.backup.BackupTransportService}
12-20 17:59:23.803  4956  4956 I chatty  : uid=10027 com.google.android.gms.persistent expire 2 lines
12-20 17:59:23.808  3441  4131 V BackupManagerService: selectBackupTransport() set com.google.android.gms/.backup.BackupTransportService returning com.google.android.gms/.backup.BackupTransportService
12-20 17:59:23.827  3441  3441 V BackupManagerService: Connected to transport ComponentInfo{com.google.android.gms/com.google.android.gms.backup.BackupTransportService}
12-20 17:59:23.829  3441  3441 V BackupManagerService: Registering transport com.google.android.gms/.backup.BackupTransportService::com.google.android.gms/.backup.BackupTransportService = com.android.internal.backup.IBackupTransport$Stub$Proxy@c56311
12-20 17:59:24.033  3441  3925 D WIFI    : Registering NetworkFactory
12-20 17:59:24.033  3441  3925 D WIFI_UT : Registering NetworkFactory
12-20 17:59:24.033  3441  3927 D ConnectivityService: Got NetworkFactory Messenger for WIFI
12-20 17:59:24.033  3441  3927 D ConnectivityService: Got NetworkFactory Messenger for WIFI_UT
12-20 17:59:24.041  3441  3925 D WIFI    : got request NetworkRequest [ id=1, legacyType=-1, [ Capabilities: INTERNET&NOT_RESTRICTED&TRUSTED&NOT_VPN] ] with score 0
12-20 17:59:24.041  3441  3925 D WIFI_UT : got request NetworkRequest [ id=1, legacyType=-1, [ Capabilities: INTERNET&NOT_RESTRICTED&TRUSTED&NOT_VPN] ] with score 0
12-20 17:59:24.225  5030  5229 I chatty  : uid=10027(com.google.android.gms) expire 1 line
12-20 17:59:24.272  5030  5411 I chatty  : uid=10027(com.google.android.gms) expire 1 line
12-20 17:59:24.305  5030  5412 I chatty  : uid=10027(com.google.android.gms) expire 2 lines
12-20 17:59:24.394  5419  5419 I chatty  : uid=10027(com.google.android.gms) /system/bin/dex2oat expire 2 lines
12-20 17:59:24.423  5030  5414 I chatty  : uid=10027(com.google.android.gms) expire 1 line
12-20 17:59:24.498  5030  5078 I chatty  : uid=10027(com.google.android.gms) expire 6 lines
12-20 17:59:24.846  3046  3578 V audio_hw_primary: do_out_standby: output standby: 0
12-20 17:59:25.121  4631  4631 D TelephonyProvider: Regional apns file not found
12-20 17:59:25.143  4631  4631 V ConfigResourceUtil: resourceName = telephony_plugin_jar_name resourceId = 2130903040resourceValue = 
12-20 17:59:25.144  4631  4631 V ConfigResourceUtil: resourceName = telephony_plugin_class_name resourceId = 2130903041resourceValue = 
12-20 17:59:25.260  3441  4135 I ActivityManager: Start proc 5441:com.android.smspush/u0a71 for service com.android.smspush/.WapPushManager
12-20 17:59:25.277  3441  3454 D GpsLocationProvider: received SIM change, new known MCC/MNC: []
12-20 17:59:25.278  4147  4147 W KeyguardUpdateMonitor: invalid subId in handleSimStateChange()
12-20 17:59:25.284  4631  5460 E DcSwitchStateMachine-0: DctController is not ready
12-20 17:59:25.285  3441  3927 E ConnectivityService: Failed to find Messenger in unregisterNetworkFactory
12-20 17:59:25.286  3441  3927 D ConnectivityService: Got NetworkFactory Messenger for Telephony
12-20 17:59:25.316  5441  5441 W System  : ClassLoader referenced unknown path: /system/app/WAPPushManager/lib/arm64
12-20 17:59:25.342  4631  4631 D CarrierConfigLoader: CarrierConfigLoader has started
12-20 17:59:25.344  3441  3459 D BluetoothManagerService: Message: 20
12-20 17:59:25.344  3441  3459 D BluetoothManagerService: Added callback: android.bluetooth.IBluetoothManagerCallback$Stub$Proxy@d9e0004:true
12-20 17:59:25.345  3441  3459 D BluetoothManagerService: Message: 30
12-20 17:59:25.376  4631  4631 I Telephony: TtyManager: updateUiTtyMode -1 -> 0
12-20 17:59:25.386  4631  4631 V ConfigResourceUtil: resourceName = config_spn_display_control resourceId = 2130837514resourceValue = false
12-20 17:59:25.391  3441  4135 I ActivityManager: Start proc 5467:com.android.dialer/u0a30 for broadcast com.android.dialer/.calllog.CallLogReceiver
12-20 17:59:25.394  3441  3454 D GpsLocationProvider: received SIM change, new known MCC/MNC: []
12-20 17:59:25.424  4147  4147 W KeyguardUpdateMonitor: invalid subId in handleServiceStateChange()
12-20 17:59:25.427  5467  5467 W System  : ClassLoader referenced unknown path: /system/priv-app/Dialer/lib/arm64
12-20 17:59:25.467  5467  5467 W MOD.CyanogenAmbientUtil: Cyanogen Ambient package is missing! Version 1050100 is required.
12-20 17:59:25.467  5467  5467 E MOD.AmbientApiClientImp: This application will not run unless you install Ambient services
12-20 17:59:25.467  5467  5467 W PhoneCommon.AmbientSingletonHolder: Connection failed: com.cyanogen.ambient.common.ConnectionResult@31a1bb9
12-20 17:59:25.476  5467  5467 W Ambient : AmbientApiClient is not connected. Please ensure connection before calling any APIs.
12-20 17:59:25.476  5467  5467 W Ambient : java.lang.Exception
12-20 17:59:25.476  5467  5467 W Ambient : 	at com.cyanogen.ambient.common.api.internal.AbstractAsynchronousApi.execute(AbstractAsynchronousApi.java:18)
12-20 17:59:25.476  5467  5467 W Ambient : 	at com.cyanogen.ambient.incall.internal.InCallApiImpl.getInstalledPlugins(InCallApiImpl.java:88)
12-20 17:59:25.476  5467  5467 W Ambient : 	at com.android.phone.common.incall.api.InCallQueries.updateCallPlugins(InCallQueries.java:45)
12-20 17:59:25.476  5467  5467 W Ambient : 	at com.android.phone.common.incall.DialerDataSubscription.onRefreshRequested(DialerDataSubscription.java:91)
12-20 17:59:25.476  5467  5467 W Ambient : 	at com.android.phone.common.ambient.AmbientDataSubscription.refresh(AmbientDataSubscription.java:308)
12-20 17:59:25.476  5467  5467 W Ambient : 	at com.android.phone.common.incall.DialerDataSubscription.init(DialerDataSubscription.java:86)
12-20 17:59:25.476  5467  5467 W Ambient : 	at com.android.dialer.DialerApplication.onCreate(DialerApplication.java:57)
12-20 17:59:25.476  5467  5467 W Ambient : 	at android.app.Instrumentation.callApplicationOnCreate(Instrumentation.java:1014)
12-20 17:59:25.476  5467  5467 W Ambient : 	at android.app.ActivityThread.handleBindApplication(ActivityThread.java:4751)
12-20 17:59:25.476  5467  5467 W Ambient : 	at android.app.ActivityThread.-wrap1(ActivityThread.java)
12-20 17:59:25.476  5467  5467 W Ambient : 	at android.app.ActivityThread$H.handleMessage(ActivityThread.java:1424)
12-20 17:59:25.476  5467  5467 W Ambient : 	at android.os.Handler.dispatchMessage(Handler.java:102)
12-20 17:59:25.476  5467  5467 W Ambient : 	at android.os.Looper.loop(Looper.java:148)
12-20 17:59:25.476  5467  5467 W Ambient : 	at android.app.ActivityThread.main(ActivityThread.java:5461)
12-20 17:59:25.476  5467  5467 W Ambient : 	at java.lang.reflect.Method.invoke(Native Method)
12-20 17:59:25.476  5467  5467 W Ambient : 	at com.android.internal.os.ZygoteInit$MethodAndArgsCaller.run(ZygoteInit.java:726)
12-20 17:59:25.476  5467  5467 W Ambient : 	at com.android.internal.os.ZygoteInit.main(ZygoteInit.java:616)
12-20 17:59:25.490  5419  5419 I chatty  : uid=10027(com.google.android.gms) /system/bin/dex2oat expire 1 line
12-20 17:59:25.491  5467  5467 W MOD.CyanogenAmbientUtil: Cyanogen Ambient package is missing! Version 1050100 is required.
12-20 17:59:25.521  3441  3441 I ActivityManager: Start proc 5486:com.android.calendar/u0a48 for broadcast com.android.calendar/.UpgradeReceiver
12-20 17:59:25.567  5486  5486 W System  : ClassLoader referenced unknown path: /system/app/Calendar/lib/arm64
12-20 17:59:25.568  4631  4631 D TelephonyDebugService: TelephonyDebugService()
12-20 17:59:25.573  3441  3926 D WifiService: New client listening to asynchronous messages
12-20 17:59:25.575  4631  4631 D CarrierConfigLoader: mHandler: 12 phoneId: 0
12-20 17:59:25.576  4631  4631 D CarrierConfigLoader: Build fingerprint changed. old: null new: cm_hero2ltexx-userdebug 6.0.1 MOB31K f6ff7bade9 test-keys
12-20 17:59:25.588  5486  5486 D ExtensionsFactory: No custom extensions.
12-20 17:59:25.596  4631  4631 W Telephony: TelecomAccountRegistry: Failed to get primary stack id
12-20 17:59:25.600  4631  4631 E PhoneInterfaceManager: [PhoneIntfMgr] getIccId: No UICC
12-20 17:59:25.612  3441  4645 I Telecom : PhoneAccountRegistrar: New phone account registered: [[ ] PhoneAccount: ComponentInfo{com.android.phone/com.android.services.telephony.TelephonyConnectionService}, [e0184adedf913b076626646d3f52c3b49c39ad6d], UserHandle{0} Capabilities: 54 Schemes: tel voicemail ]
12-20 17:59:25.620  5030  5078 I chatty  : uid=10027(com.google.android.gms) expire 2 lines
12-20 17:59:25.620  3441  4647 I ActivityManager: Start proc 5505:com.android.providers.calendar/u0a2 for broadcast com.android.providers.calendar/.CalendarReceiver
12-20 17:59:25.628  3441  4645 I Telecom : : Sending phone-account registered intent as user
12-20 17:59:25.630  4631  4631 I Telephony: AccountEntry: Registered phoneAccount: [[ ] PhoneAccount: ComponentInfo{com.android.phone/com.android.services.telephony.TelephonyConnectionService}, [e0184adedf913b076626646d3f52c3b49c39ad6d], UserHandle{0} Capabilities: 54 Schemes: tel voicemail ] with handle: ComponentInfo{com.android.phone/com.android.services.telephony.TelephonyConnectionService}, [e0184adedf913b076626646d3f52c3b49c39ad6d], UserHandle{0}
12-20 17:59:25.631  4631  4631 I Telephony: PstnIncomingCallNotifier: Registering: Handler (com.android.internal.telephony.gsm.GSMPhone) {4b70eb1}
12-20 17:59:25.645  3441  4133 W Telecom : : No account found for the calling user
12-20 17:59:25.655  5505  5505 W System  : ClassLoader referenced unknown path: /system/priv-app/CalendarProvider/lib/arm64
12-20 17:59:25.681  5505  5505 I CalendarDatabaseHelper: Bootstrapping database
12-20 17:59:25.717  5505  5505 I CalendarProvider2: Created com.android.providers.calendar.CalendarAlarmManager@4b630bd(com.android.providers.calendar.CalendarProvider2@39a86b2)
12-20 17:59:25.736  3441  4642 I ActivityManager: Start proc 5521:com.cyanogenmod.updater/u0a5 for broadcast com.cyanogenmod.updater/.receiver.UpdateCheckReceiver
12-20 17:59:25.764  5521  5521 W System  : ClassLoader referenced unknown path: /system/priv-app/CMUpdater/lib/arm64
12-20 17:59:25.779  5521  5521 I UpdateCheckReceiver: Scheduling future, repeating update checks.
12-20 17:59:25.794  3441  4130 I ActivityManager: Start proc 5546:org.cyanogenmod.providers.datausage/1000 for broadcast org.cyanogenmod.providers.datausage/.BootReceiver
12-20 17:59:25.805  4956  4956 I chatty  : uid=10027 com.google.android.gms.persistent expire 1 line
12-20 17:59:25.817  5546  5546 W System  : ClassLoader referenced unknown path: /system/priv-app/DataUsageProvider/lib/arm64
12-20 17:59:25.836  3441  4642 I ActivityManager: Start proc 5561:com.android.managedprovisioning/u0a12 for broadcast com.android.managedprovisioning/.BootReminder
12-20 17:59:25.884  5561  5561 W System  : ClassLoader referenced unknown path: /system/priv-app/ManagedProvisioning/lib/arm64
12-20 17:59:25.941  3441  4134 W BroadcastQueue: Permission Denial: receiving Intent { act=android.intent.action.BOOT_COMPLETED flg=0x8000010 (has extras) } to org.cyanogenmod.snap/com.android.camera.DisableCameraReceiver requires android.permission.RECEIVE_BOOT_COMPLETED due to sender null (uid 1000)
12-20 17:59:25.962  3441  3455 I ActivityManager: Start proc 5578:com.cyanogenmod.trebuchet/u0a28 for broadcast com.cyanogenmod.trebuchet/com.android.launcher3.StartupReceiver
12-20 17:59:26.029  4871  4871 D MtpService: starting MTP server in MTP mode
12-20 17:59:26.071  5578  5578 W System  : ClassLoader referenced unknown path: /system/priv-app/Trebuchet/lib/arm64
12-20 17:59:26.085  4871  5577 I MediaProvider: Upgrading media database from version 0 to 800, which will destroy all old data
12-20 17:59:26.186  5578  5578 W MOD.CyanogenAmbientUtil: Cyanogen Ambient package is missing! Version 1050100 is required.
12-20 17:59:26.186  5578  5578 E MOD.AmbientApiClientImp: This application will not run unless you install Ambient services
12-20 17:59:26.207  4871  5577 D MediaProvider: Adjusting external storage paths to: /storage/emulated/0
12-20 17:59:26.211  3441  4129 I ActivityManager: Start proc 5609:com.google.android.onetimeinitializer/u0a29 for broadcast com.google.android.onetimeinitializer/.OneTimeInitializerReceiver
12-20 17:59:26.224  4871  5577 E SQLiteLog: (1) no such table: files
12-20 17:59:26.234  5030  5602 I chatty  : uid=10027(com.google.android.gms) expire 1 line
12-20 17:59:26.252  5030  5597 I chatty  : uid=10027(com.google.android.gms) expire 2 lines
12-20 17:59:26.255  5609  5609 W System  : ClassLoader referenced unknown path: /system/priv-app/GoogleOneTimeInitializer/lib/arm64
12-20 17:59:26.256  5609  5609 V OneTimeInitializerReceiver: OneTimeInitializerReceiver.onReceive
12-20 17:59:26.259  5609  5622 V OneTimeService: OneTimeService.onHandleIntent
12-20 17:59:26.267  5609  5622 V OneTimeService: Device Policy is not installed, doing nothing.
12-20 17:59:26.287  3441  3452 I BroadcastQueue: Delay finish: com.google.android.partnersetup/.GooglePartnerSetup
12-20 17:59:26.330  3441  4129 I BroadcastQueue: Resuming delayed broadcast
12-20 17:59:26.346  3441  3452 I BroadcastQueue: Delay finish: com.google.android.partnersetup/.RlzPingBroadcastReceiver
12-20 17:59:26.358  5030  5600 I chatty  : uid=10027(com.google.android.gms) lowpool[0] expire 1 line
12-20 17:59:26.378  3441  4130 I BroadcastQueue: Resuming delayed broadcast
12-20 17:59:26.398  3441  4130 I ActivityManager: Start proc 5631:com.google.android.configupdater/u0a33 for broadcast com.google.android.configupdater/.CertPin.CertPinUpdateRequestReceiver
12-20 17:59:26.471  4839  5630 I RlzPingService: Setting next ping for 1482901166411
12-20 17:59:26.508  3046  4593 E WVMExtractor: Failed to open libwvm.so: dlopen failed: library "libwvm.so" not found
12-20 17:59:26.514  5631  5631 W System  : ClassLoader referenced unknown path: /system/priv-app/ConfigUpdater/lib/arm64
12-20 17:59:26.534  5631  5631 E ConfigUpdater: ignoring update request
12-20 17:59:26.541  5631  5631 E ConfigUpdater: ignoring update request
12-20 17:59:26.545  5631  5631 E ConfigUpdater: ignoring update request
12-20 17:59:26.549  5631  5631 E ConfigUpdater: ignoring update request
12-20 17:59:26.554  5631  5631 E ConfigUpdater: ignoring update request
12-20 17:59:26.559  5631  5631 E ConfigUpdater: ignoring update request
12-20 17:59:26.564  5631  5631 E ConfigUpdater: ignoring update request
12-20 17:59:26.600  3441  4642 I ActivityManager: Start proc 5667:com.android.hotwordenrollment/u0a34 for broadcast com.android.hotwordenrollment/.StartupReceiver
12-20 17:59:26.668  5082  5677 D ReportingServiceManager: Next sync attempt in : 23 hours
12-20 17:59:26.669  5030  5232 I chatty  : uid=10027(com.google.android.gms) expire 2 lines
12-20 17:59:26.702  5030  5685 I chatty  : uid=10027(com.google.android.gms) expire 1 line
12-20 17:59:26.717  5667  5667 W System  : ClassLoader referenced unknown path: /system/priv-app/HotwordEnrollment/lib/arm64
12-20 17:59:26.722  5667  5667 I StartupReceiver: KeyphraseSoundModel is out of date: current=0, new=5
12-20 17:59:26.725  5505  5505 I CalendarProvider2: Sending notification intent: Intent { act=android.intent.action.PROVIDER_CHANGED dat=content://com.android.calendar flg=0x20000000 }
12-20 17:59:26.725  5505  5505 W ContentResolver: Failed to get type for: content://com.android.calendar (Unknown URL content://com.android.calendar)
12-20 17:59:26.742  3441  4577 I ActivityManager: Killing 4449:com.google.process.gapps/u0a74 (adj 15): empty #17
12-20 17:59:26.760  3441  4608 D ActivityManager: cleanUpApplicationRecord -- 4449
12-20 17:59:26.768  5030  5681 I chatty  : uid=10027(com.google.android.gms) expire 1 line
12-20 17:59:26.783  3441  3453 W SoundModelDBHelper: No SoundModel available for the given keyphrase
12-20 17:59:26.784  5667  5687 W EnrollmentUtil: No models present for the gien keyphrase ID
12-20 17:59:26.789  5030  5078 I chatty  : uid=10027(com.google.android.gms) expire 1 line
12-20 17:59:26.790  3441  4037 W SoundModelDBHelper: No SoundModel available for the given keyphrase
12-20 17:59:26.791  5667  5687 W EnrollmentUtil: No models present for the gien keyphrase ID
12-20 17:59:26.798  3441  4133 W SoundModelDBHelper: No SoundModel available for the given keyphrase
12-20 17:59:26.799  5667  5687 W EnrollmentUtil: No models present for the gien keyphrase ID
12-20 17:59:26.806  3441  4131 W SoundModelDBHelper: No SoundModel available for the given keyphrase
12-20 17:59:26.808  5667  5687 W EnrollmentUtil: No models present for the gien keyphrase ID
12-20 17:59:26.815  3441  4037 W SoundModelDBHelper: No SoundModel available for the given keyphrase
12-20 17:59:26.816  5667  5687 W EnrollmentUtil: No models present for the gien keyphrase ID
12-20 17:59:26.823  3441  4577 W SoundModelDBHelper: No SoundModel available for the given keyphrase
12-20 17:59:26.824  5667  5687 W EnrollmentUtil: No models present for the gien keyphrase ID
12-20 17:59:26.831  3441  4642 W SoundModelDBHelper: No SoundModel available for the given keyphrase
12-20 17:59:26.832  5667  5687 W EnrollmentUtil: No models present for the gien keyphrase ID
12-20 17:59:26.839  3441  4642 W SoundModelDBHelper: No SoundModel available for the given keyphrase
12-20 17:59:26.841  5667  5687 W EnrollmentUtil: No models present for the gien keyphrase ID
12-20 17:59:26.847  3441  4131 W SoundModelDBHelper: No SoundModel available for the given keyphrase
12-20 17:59:26.848  5667  5687 W EnrollmentUtil: No models present for the gien keyphrase ID
12-20 17:59:26.851  5030  5600 I chatty  : uid=10027(com.google.android.gms) lowpool[0] expire 2 lines
12-20 17:59:26.856  3441  3452 W SoundModelDBHelper: No SoundModel available for the given keyphrase
12-20 17:59:26.857  5667  5687 W EnrollmentUtil: No models present for the gien keyphrase ID
12-20 17:59:26.863  3441  4135 W SoundModelDBHelper: No SoundModel available for the given keyphrase
12-20 17:59:26.864  5030  5229 I chatty  : uid=10027(com.google.android.gms) expire 1 line
12-20 17:59:26.865  5667  5687 W EnrollmentUtil: No models present for the gien keyphrase ID
12-20 17:59:26.871  3441  4037 W SoundModelDBHelper: No SoundModel available for the given keyphrase
12-20 17:59:26.871  5030  5232 I chatty  : uid=10027(com.google.android.gms) expire 2 lines
12-20 17:59:26.872  5667  5687 W EnrollmentUtil: No models present for the gien keyphrase ID
12-20 17:59:26.878  3441  4577 W SoundModelDBHelper: No SoundModel available for the given keyphrase
12-20 17:59:26.879  5667  5687 W EnrollmentUtil: No models present for the gien keyphrase ID
12-20 17:59:26.887  3441  4135 W SoundModelDBHelper: No SoundModel available for the given keyphrase
12-20 17:59:26.889  5667  5687 W EnrollmentUtil: No models present for the gien keyphrase ID
12-20 17:59:26.896  3441  4129 W SoundModelDBHelper: No SoundModel available for the given keyphrase
12-20 17:59:26.897  5667  5687 W EnrollmentUtil: No models present for the gien keyphrase ID
12-20 17:59:26.906  3441  4130 W SoundModelDBHelper: No SoundModel available for the given keyphrase
12-20 17:59:26.906  5667  5687 W EnrollmentUtil: No models present for the gien keyphrase ID
12-20 17:59:26.913  3441  4037 W SoundModelDBHelper: No SoundModel available for the given keyphrase
12-20 17:59:26.914  5667  5687 W EnrollmentUtil: No models present for the gien keyphrase ID
12-20 17:59:26.921  3441  3452 W SoundModelDBHelper: No SoundModel available for the given keyphrase
12-20 17:59:26.923  5667  5687 W EnrollmentUtil: No models present for the gien keyphrase ID
12-20 17:59:26.930  3441  4037 W SoundModelDBHelper: No SoundModel available for the given keyphrase
12-20 17:59:26.931  5667  5687 W EnrollmentUtil: No models present for the gien keyphrase ID
12-20 17:59:26.937  3441  4134 W SoundModelDBHelper: No SoundModel available for the given keyphrase
12-20 17:59:26.939  5667  5687 W EnrollmentUtil: No models present for the gien keyphrase ID
12-20 17:59:26.945  3441  4130 W SoundModelDBHelper: No SoundModel available for the given keyphrase
12-20 17:59:26.947  5667  5687 W EnrollmentUtil: No models present for the gien keyphrase ID
12-20 17:59:26.953  3441  4130 W SoundModelDBHelper: No SoundModel available for the given keyphrase
12-20 17:59:26.955  5667  5687 W EnrollmentUtil: No models present for the gien keyphrase ID
12-20 17:59:26.963  3441  4647 W SoundModelDBHelper: No SoundModel available for the given keyphrase
12-20 17:59:26.964  5667  5687 W EnrollmentUtil: No models present for the gien keyphrase ID
12-20 17:59:26.972  3441  4577 W SoundModelDBHelper: No SoundModel available for the given keyphrase
12-20 17:59:26.973  5667  5687 W EnrollmentUtil: No models present for the gien keyphrase ID
12-20 17:59:26.979  3441  4642 W SoundModelDBHelper: No SoundModel available for the given keyphrase
12-20 17:59:26.981  5667  5687 W EnrollmentUtil: No models present for the gien keyphrase ID
12-20 17:59:26.981  5030  5078 I chatty  : uid=10027(com.google.android.gms) expire 4 lines
12-20 17:59:26.988  3441  4129 W SoundModelDBHelper: No SoundModel available for the given keyphrase
12-20 17:59:26.989  5667  5687 W EnrollmentUtil: No models present for the gien keyphrase ID
12-20 17:59:26.996  3441  3452 W SoundModelDBHelper: No SoundModel available for the given keyphrase
12-20 17:59:26.998  5667  5687 W EnrollmentUtil: No models present for the gien keyphrase ID
12-20 17:59:27.007  3441  4134 W SoundModelDBHelper: No SoundModel available for the given keyphrase
12-20 17:59:27.008  5667  5687 W EnrollmentUtil: No models present for the gien keyphrase ID
12-20 17:59:27.016  3441  4037 W SoundModelDBHelper: No SoundModel available for the given keyphrase
12-20 17:59:27.017  5667  5687 W EnrollmentUtil: No models present for the gien keyphrase ID
12-20 17:59:27.026  3441  4129 W SoundModelDBHelper: No SoundModel available for the given keyphrase
12-20 17:59:27.027  5667  5687 W EnrollmentUtil: No models present for the gien keyphrase ID
12-20 17:59:27.032  3441  4134 W SoundModelDBHelper: No SoundModel available for the given keyphrase
12-20 17:59:27.034  5667  5687 W EnrollmentUtil: No models present for the gien keyphrase ID
12-20 17:59:27.040  3441  4134 W SoundModelDBHelper: No SoundModel available for the given keyphrase
12-20 17:59:27.043  5667  5687 W EnrollmentUtil: No models present for the gien keyphrase ID
12-20 17:59:27.048  3441  4130 W SoundModelDBHelper: No SoundModel available for the given keyphrase
12-20 17:59:27.049  5667  5687 W EnrollmentUtil: No models present for the gien keyphrase ID
12-20 17:59:27.056  3441  4131 W SoundModelDBHelper: No SoundModel available for the given keyphrase
12-20 17:59:27.058  5667  5687 W EnrollmentUtil: No models present for the gien keyphrase ID
12-20 17:59:27.064  3441  4133 W SoundModelDBHelper: No SoundModel available for the given keyphrase
12-20 17:59:27.065  5667  5687 W EnrollmentUtil: No models present for the gien keyphrase ID
12-20 17:59:27.079  3441  4647 I ActivityManager: Killing 4754:com.cyanogenmod.eleven/u0a47 (adj 15): empty #17
12-20 17:59:27.104  3441  4577 D ActivityManager: cleanUpApplicationRecord -- 4754
12-20 17:59:27.130  4871  5577 W MediaScanner: forcing rescan of /system/media/audio/alarms/Argon.oggsince ringtone setting didn't finish
12-20 17:59:27.220  4956  5697 I chatty  : uid=10027 com.google.android.gms.persistent expire 1 line
12-20 17:59:27.280  4956  5698 I chatty  : uid=10027 com.google.android.gms.persistent expire 1 line
12-20 17:59:27.308  5030  5222 I chatty  : uid=10027(com.google.android.gms) expire 1 line
12-20 17:59:27.313  5521  5714 I UpdateCheckService: Could not check for updates. Not connected to the network.
12-20 17:59:27.335  5030  5229 I chatty  : uid=10027(com.google.android.gms) expire 2 lines
12-20 17:59:27.336  5030  5223 I chatty  : uid=10027(com.google.android.gms) expire 1 line
12-20 17:59:27.340  5030  5229 I chatty  : uid=10027(com.google.android.gms) expire 2 lines
12-20 17:59:27.343  4956  5117 I chatty  : uid=10027(com.google.android.gms) lowpool[7] expire 1 line
12-20 17:59:27.344  5030  5223 I chatty  : uid=10027(com.google.android.gms) expire 2 lines
12-20 17:59:27.345  5030  5229 I chatty  : uid=10027(com.google.android.gms) expire 1 line
12-20 17:59:27.346  5030  5223 I chatty  : uid=10027(com.google.android.gms) expire 3 lines
12-20 17:59:27.349  5030  5229 I chatty  : uid=10027(com.google.android.gms) expire 2 lines
12-20 17:59:27.351  5030  5223 I chatty  : uid=10027(com.google.android.gms) expire 8 lines
12-20 17:59:27.351  5030  5229 I chatty  : uid=10027(com.google.android.gms) expire 1 line
12-20 17:59:27.351  5030  5223 I chatty  : uid=10027(com.google.android.gms) expire 92 lines
12-20 17:59:27.354  5030  5229 I chatty  : uid=10027(com.google.android.gms) expire 1 line
12-20 17:59:27.357  5030  5600 I chatty  : uid=10027(com.google.android.gms) lowpool[0] expire 2 lines
12-20 17:59:27.361  5030  5223 I chatty  : uid=10027(com.google.android.gms) expire 2 lines
12-20 17:59:27.370  5030  5232 I chatty  : uid=10027(com.google.android.gms) expire 1 line
12-20 17:59:27.396  5030  5223 I chatty  : uid=10027(com.google.android.gms) expire 2 lines
12-20 17:59:27.399  4956  5718 I chatty  : uid=10027 com.google.android.gms.persistent expire 1 line
12-20 17:59:27.413  5030  5223 I chatty  : uid=10027(com.google.android.gms) expire 2 lines
12-20 17:59:27.426  3046  3578 V audio_hw_primary: out_set_parameters: key value pairs: routing=2
12-20 17:59:27.436  3046  3578 V audio_hw_primary: start_output_stream: starting stream
12-20 17:59:27.444  5030  5030 I chatty  : uid=10027(com.google.android.gms) expire 2 lines
12-20 17:59:27.454  5030  5223 I chatty  : uid=10027(com.google.android.gms) expire 9 lines
12-20 17:59:27.476  3046  3578 V audio_hw_primary: start_output_stream: stream out device: 2, actual: 2
12-20 17:59:27.517  5082  5333 D mali_winsys: EGLint new_window_surface(egl_winsys_display*, void*, EGLSurface, EGLConfig, egl_winsys_surface**, egl_color_buffer_format*, EGLBoolean) returns 0x3000,  [1624x1441]-format:1
12-20 17:59:27.533  4956  5697 I chatty  : uid=10027 com.google.android.gms.persistent expire 1 line
12-20 17:59:27.558  4680  4680 I SpeakerIdMUpgradeTask: App version upgraded to 300725283: running speaker ID model upgrade tasks.
12-20 17:59:27.560  5030  5223 I chatty  : uid=10027(com.google.android.gms) expire 8 lines
12-20 17:59:27.567  4680  5026 W GooglePlayServicesUtil: Google Play Store is missing.
12-20 17:59:27.613  5030  5078 I chatty  : uid=10027(com.google.android.gms) expire 1 line
12-20 17:59:27.613  5030  5223 I chatty  : uid=10027(com.google.android.gms) expire 7 lines
12-20 17:59:27.647  5030  5077 I chatty  : uid=10027(com.google.android.gms) expire 1 line
12-20 17:59:27.656  5030  5223 I chatty  : uid=10027(com.google.android.gms) expire 18 lines
12-20 17:59:27.661  5486  5486 D AlertReceiver: onReceive: a=android.intent.action.BOOT_COMPLETED Intent { act=android.intent.action.BOOT_COMPLETED flg=0x8000010 cmp=com.android.calendar/.alerts.AlertReceiver (has extras) }
12-20 17:59:27.688  5486  5486 D AlertUtils: Flushing old alerts from shared prefs table
12-20 17:59:27.691  3441  3452 I ActivityManager: Start proc 5730:com.android.deskclock/u0a49 for broadcast com.android.deskclock/.AlarmInitReceiver
12-20 17:59:27.701  5486  5728 D AlertService: 0 Action = android.intent.action.BOOT_COMPLETED
12-20 17:59:27.729  5486  5728 D AlertService: Scheduling next alarm with AlarmScheduler. sEventReminderReceived: null
12-20 17:59:27.811  4956  4956 I chatty  : uid=10027 com.google.android.gms.persistent expire 1 line
12-20 17:59:27.814  5030  5223 V Backup  : [ModuleEnabler] Starting module: com.google.android.gms.gcm
12-20 17:59:27.819  5030  5223 V Backup  : [ModuleEnabler] Starting module: com.google.android.gms.googlecertificates
12-20 17:59:27.825  5730  5730 W System  : ClassLoader referenced unknown path: /system/app/DeskClock/lib/arm64
12-20 17:59:27.827  5030  5223 V Backup  : [ModuleEnabler] Starting module: com.google.android.gms.googlehelp
12-20 17:59:27.832  5030  5223 V Backup  : [ModuleEnabler] Starting module: com.google.android.gms.herrevad
12-20 17:59:27.842  5030  5223 V Backup  : [ModuleEnabler] Starting module: com.google.android.gms.icing
12-20 17:59:27.846  4871  5577 W MediaScanner: forcing rescan of /system/media/audio/alarms/Helium.oggsince ringtone setting didn't finish
12-20 17:59:27.847  5030  5223 V Backup  : [ModuleEnabler] Starting module: com.google.android.gms.instantapps
12-20 17:59:27.850  5730  5730 V AlarmClock: AlarmInitReceiver android.intent.action.BOOT_COMPLETED
12-20 17:59:27.850  5030  5223 V Backup  : [ModuleEnabler] Starting module: com.google.android.gms.location
12-20 17:59:27.857  5030  5223 V Backup  : [ModuleEnabler] Starting module: com.google.android.gms.location.nonwearable
12-20 17:59:27.861  5030  5223 V Backup  : [ModuleEnabler] Starting module: com.google.android.gms.locationsharing
12-20 17:59:27.864  5030  5223 V Backup  : [ModuleEnabler] Starting module: com.google.android.gms.lockbox
12-20 17:59:27.870  5730  5745 V AlarmClock: AlarmInitReceiver - Reset timers and clear stopwatch data
12-20 17:59:27.870  5030  5223 V Backup  : [ModuleEnabler] Starting module: com.google.android.gms.maps
12-20 17:59:27.873  5730  5745 V AlarmClock: AlarmInitReceiver - resetting volume button default
12-20 17:59:27.881  5030  5223 V Backup  : [ModuleEnabler] Starting module: com.google.android.gms.maps_dynamite
12-20 17:59:27.883  5486  5728 D AlarmScheduler: No events found starting within 1 week.
12-20 17:59:27.893  5030  5223 V Backup  : [ModuleEnabler] Starting module: com.google.android.gms.matchstick
12-20 17:59:27.899  5030  5223 V Backup  : [ModuleEnabler] Starting module: com.google.android.gms.measurement
12-20 17:59:27.903  5730  5745 I AlarmClock: Alarms Table created
12-20 17:59:27.904  5730  5745 I AlarmClock: Instance table created
12-20 17:59:27.905  5730  5745 I AlarmClock: Cities table created
12-20 17:59:27.905  5730  5745 I AlarmClock: Inserting default alarms
12-20 17:59:27.908  5030  5223 V Backup  : [ModuleEnabler] Starting module: com.google.android.gms.mobileid
12-20 17:59:27.915  5030  5223 V Backup  : [ModuleEnabler] Starting module: com.google.android.gms.nearby
12-20 17:59:27.920  5030  5223 V Backup  : [ModuleEnabler] Starting module: com.google.android.gms.notifications
12-20 17:59:27.928  5030  5223 V Backup  : [ModuleEnabler] Starting module: com.google.android.gms.ocr
12-20 17:59:27.932  5030  5223 V Backup  : [ModuleEnabler] Starting module: com.google.android.gms.package_common
12-20 17:59:27.938  5030  5223 V Backup  : [ModuleEnabler] Starting module: com.google.android.gms.panorama
12-20 17:59:27.940  5730  5745 V AlarmClock: AlarmInitReceiver finished
12-20 17:59:27.947  5030  5223 V Backup  : [ModuleEnabler] Starting module: com.google.android.gms.people
12-20 17:59:27.947  5030  5232 V SmartDevice: [service,SmartDeviceIntentHandlers] OnUpgradeOrBootOperation got intent: Intent { act=com.google.android.chimera.IntentOperation.NEW_MODULE (has extras) } with flag 12
12-20 17:59:27.963  5030  5223 V Backup  : [ModuleEnabler] Starting module: com.google.android.gms.phenotype
12-20 17:59:27.967  4365  4365 D EmailBroadcastReceiver: Received android.intent.action.BOOT_COMPLETED
12-20 17:59:27.970  5030  5223 V Backup  : [ModuleEnabler] Starting module: com.google.android.gms.phone
12-20 17:59:27.981  5030  5223 V Backup  : [ModuleEnabler] Starting module: com.google.android.gms.photos
12-20 17:59:27.994  5030  5223 V Backup  : [ModuleEnabler] Starting module: com.google.android.gms.piccard.dynamite
12-20 17:59:28.006  5030  5223 V Backup  : [ModuleEnabler] Starting module: com.google.android.gms.places
12-20 17:59:28.021  3441  4037 I ActivityManager: Start proc 5751:com.android.gallery3d/u0a57 for broadcast com.android.gallery3d/com.android.camera.DisableCameraReceiver
12-20 17:59:28.032  5030  5223 V Backup  : [ModuleEnabler] Starting module: com.google.android.gms.plus
12-20 17:59:28.035  5030  5222 I GCM-GMS : Scheduling task to register GMS
12-20 17:59:28.048  5030  5223 V Backup  : [ModuleEnabler] Starting module: com.google.android.gms.pseudonymous
12-20 17:59:28.049  4365  5750 I Email   : Onetime initialization: 1
12-20 17:59:28.057  5030  5223 V Backup  : [ModuleEnabler] Starting module: com.google.android.gms.reminders
12-20 17:59:28.060  4365  5750 I Email   : Onetime initialization: 2
12-20 17:59:28.068  4365  5750 I Email   : Onetime initialization: completed.
12-20 17:59:28.072  5030  5223 V Backup  : [ModuleEnabler] Starting module: com.google.android.gms.security
12-20 17:59:28.076  5030  5223 V Backup  : [ModuleEnabler] Starting module: com.google.android.gms.signin
12-20 17:59:28.080  5030  5223 V Backup  : [ModuleEnabler] Starting module: com.google.android.gms.signinbutton_dynamite
12-20 17:59:28.083  5030  5223 V Backup  : [ModuleEnabler] Starting module: com.google.android.gms.smart_profile
12-20 17:59:28.086  5030  5232 I PeopleDatabaseHelper: cleanUpNonGplusAccounts done.
12-20 17:59:28.089  5030  5232 I PeopleSearchIndexManage: ICU version changed from unknown to 55.1
12-20 17:59:28.092  5030  5232 I PeopleSearchIndexManage: Rebuilding index...
12-20 17:59:28.094  5030  5223 V Backup  : [ModuleEnabler] Starting module: com.google.android.gms.smartdevice
12-20 17:59:28.098  5030  5223 V Backup  : [ModuleEnabler] Starting module: com.google.android.gms.statementservice
12-20 17:59:28.102  5030  5223 V Backup  : [ModuleEnabler] Starting module: com.google.android.gms.stats
12-20 17:59:28.105  4308  4308 I Exchange: EasService.onCreate
12-20 17:59:28.110  5030  5223 V Backup  : [ModuleEnabler] Starting module: com.google.android.gms.subscribedfeeds
12-20 17:59:28.115  4308  5767 I Exchange: RestartPingTask
12-20 17:59:28.116  5030  5223 V Backup  : [ModuleEnabler] Starting module: com.google.android.gms.tagmanager
12-20 17:59:28.122  5030  5232 I PeopleASM: Rebuilding autocomplete index...
12-20 17:59:28.123  5030  5223 V Backup  : [ModuleEnabler] Starting module: com.google.android.gms.tapandpay
12-20 17:59:28.130  5030  5232 I PeopleSearchIndexManage: Rebuilding index done.
12-20 17:59:28.131  5030  5223 V Backup  : [ModuleEnabler] Starting module: com.google.android.gms.thunderbird
12-20 17:59:28.138  5030  5223 V Backup  : [ModuleEnabler] Starting module: com.google.android.gms.tron
