12-26 14:04:24.694  3051  3051 W OMXNodeInstance: [beb0004:google.hevc.decoder] component does not support metadata mode; using fallback
12-26 14:04:24.695  3056  3056 I MediaPlayerService: MediaPlayerService::getOMX
12-26 14:04:24.695  3056  3056 I OMXClient: MuxOMX ctor
12-26 14:04:24.696  3051  3621 I OMXMaster: makeComponentInstance(OMX.google.vp8.decoder) in mediacodec process
12-26 14:04:24.699  3051  3079 E OMXNodeInstance: getExtensionIndex(beb0005:google.vp8.decoder, OMX.google.android.index.configureVideoTunnelMode) ERROR: UnsupportedIndex(0x8000101a)
12-26 14:04:24.699  3051  3051 W OMXNodeInstance: [beb0005:google.vp8.decoder] component does not support metadata mode; using fallback
12-26 14:04:24.700  3056  3056 I MediaPlayerService: MediaPlayerService::getOMX
12-26 14:04:24.700  3056  3056 I OMXClient: MuxOMX ctor
12-26 14:04:24.700  3051  3621 I OMXMaster: makeComponentInstance(OMX.google.vp9.decoder) in mediacodec process
12-26 14:04:24.701  3051  3051 E OMXNodeInstance: getExtensionIndex(beb0006:google.vp9.decoder, OMX.google.android.index.configureVideoTunnelMode) ERROR: UnsupportedIndex(0x8000101a)
12-26 14:04:24.701  3051  3621 W OMXNodeInstance: [beb0006:google.vp9.decoder] component does not support metadata mode; using fallback
12-26 14:04:24.702  3056  3056 I MediaPlayerService: MediaPlayerService::getOMX
12-26 14:04:24.702  3056  3056 I OMXClient: MuxOMX ctor
12-26 14:04:24.703  3051  3079 I OMXMaster: makeComponentInstance(OMX.google.h263.encoder) in mediacodec process
12-26 14:04:24.704  3051  3079 I SoftMPEG4Encoder: Construct SoftMPEG4Encoder
12-26 14:04:24.705  3056  3056 W ACodec  : do not know color format 0x7f000789 = 2130708361
12-26 14:04:24.705  3051  3621 E OMXNodeInstance: getConfig(beb0007:google.h263.encoder, ConfigAndroidIntraRefresh(0x6f60000a)) ERROR: Undefined(0x80001001)
12-26 14:04:24.706  3056  3056 I MediaPlayerService: MediaPlayerService::getOMX
12-26 14:04:24.706  3056  3056 I OMXClient: MuxOMX ctor
12-26 14:04:24.706  3051  3621 I OMXMaster: makeComponentInstance(OMX.google.h264.encoder) in mediacodec process
12-26 14:04:24.711  3056  3056 W ACodec  : do not know color format 0x7f000789 = 2130708361
12-26 14:04:24.712  3056  3056 I MediaPlayerService: MediaPlayerService::getOMX
12-26 14:04:24.712  3056  3056 I OMXClient: MuxOMX ctor
12-26 14:04:24.712  3051  3079 I OMXMaster: makeComponentInstance(OMX.google.mpeg4.encoder) in mediacodec process
12-26 14:04:24.713  3051  3079 I SoftMPEG4Encoder: Construct SoftMPEG4Encoder
12-26 14:04:24.714  3056  3056 W ACodec  : do not know color format 0x7f000789 = 2130708361
12-26 14:04:24.714  3051  3621 E OMXNodeInstance: getConfig(beb0009:google.mpeg4.encoder, ConfigAndroidIntraRefresh(0x6f60000a)) ERROR: Undefined(0x80001001)
12-26 14:04:24.714  3056  3056 I MediaPlayerService: MediaPlayerService::getOMX
12-26 14:04:24.715  3056  3056 I OMXClient: MuxOMX ctor
12-26 14:04:24.715  3051  3621 I OMXMaster: makeComponentInstance(OMX.google.vp8.encoder) in mediacodec process
12-26 14:04:24.718  3056  3056 W ACodec  : do not know color format 0x7f000789 = 2130708361
12-26 14:04:24.718  3051  3079 E OMXNodeInstance: getConfig(beb000a:google.vp8.encoder, ConfigAndroidIntraRefresh(0x6f60000a)) ERROR: Undefined(0x80001001)
12-26 14:04:24.720  3056  3056 I MediaPlayerService: MediaPlayerService::getOMX
12-26 14:04:24.720  3056  3056 I OMXClient: MuxOMX ctor
12-26 14:04:24.720  3051  3621 I OMXMaster: makeComponentInstance(OMX.google.mp3.decoder) in mediacodec process
12-26 14:04:24.729  3056  3056 I MediaPlayerService: MediaPlayerService::getOMX
12-26 14:04:24.729  3056  3056 I OMXClient: MuxOMX ctor
12-26 14:04:24.729  3051  3051 I OMXMaster: makeComponentInstance(OMX.google.amrnb.decoder) in mediacodec process
12-26 14:04:24.731  3494  3622 I vol.Events: writeEvent level_changed STREAM_ALARM 6
12-26 14:04:24.733  3056  3056 I MediaPlayerService: MediaPlayerService::getOMX
12-26 14:04:24.733  3494  3622 I vol.Events: writeEvent level_changed STREAM_BLUETOOTH_SCO 7
12-26 14:04:24.733  3056  3056 I OMXClient: MuxOMX ctor
12-26 14:04:24.733  3051  3079 I OMXMaster: makeComponentInstance(OMX.google.amrwb.decoder) in mediacodec process
12-26 14:04:24.735  3494  3622 I vol.Events: writeEvent level_changed STREAM_MUSIC 11
12-26 14:04:24.735  3056  3056 I MediaPlayerService: MediaPlayerService::getOMX
12-26 14:04:24.736  3056  3056 I OMXClient: MuxOMX ctor
12-26 14:04:24.736  3051  3621 I OMXMaster: makeComponentInstance(OMX.google.aac.decoder) in mediacodec process
12-26 14:04:24.737  3494  3622 I vol.Events: writeEvent level_changed STREAM_RING 5
12-26 14:04:24.738  3494  3622 I vol.Events: writeEvent level_changed STREAM_SYSTEM 5
12-26 14:04:24.741  3494  3622 I vol.Events: writeEvent level_changed STREAM_VOICE_CALL 4
12-26 14:04:24.741  3056  3056 I MediaPlayerService: MediaPlayerService::getOMX
12-26 14:04:24.741  3056  3056 I OMXClient: MuxOMX ctor
12-26 14:04:24.741  3051  3051 I OMXMaster: makeComponentInstance(OMX.google.g711.alaw.decoder) in mediacodec process
12-26 14:04:24.744  3056  3056 I MediaPlayerService: MediaPlayerService::getOMX
12-26 14:04:24.744  3056  3056 I OMXClient: MuxOMX ctor
12-26 14:04:24.744  3051  3079 I OMXMaster: makeComponentInstance(OMX.google.g711.mlaw.decoder) in mediacodec process
12-26 14:04:24.746  3056  3056 I MediaPlayerService: MediaPlayerService::getOMX
12-26 14:04:24.747  3056  3056 I OMXClient: MuxOMX ctor
12-26 14:04:24.747  3051  3621 I OMXMaster: makeComponentInstance(OMX.google.vorbis.decoder) in mediacodec process
12-26 14:04:24.749  3056  3056 I MediaPlayerService: MediaPlayerService::getOMX
12-26 14:04:24.749  3056  3056 I OMXClient: MuxOMX ctor
12-26 14:04:24.750  3051  3051 I OMXMaster: makeComponentInstance(OMX.google.opus.decoder) in mediacodec process
12-26 14:04:24.753  3056  3056 I MediaPlayerService: MediaPlayerService::getOMX
12-26 14:04:24.753  3056  3056 I OMXClient: MuxOMX ctor
12-26 14:04:24.753  3051  3079 I OMXMaster: makeComponentInstance(OMX.google.raw.decoder) in mediacodec process
12-26 14:04:24.757  3056  3056 I MediaPlayerService: MediaPlayerService::getOMX
12-26 14:04:24.757  3056  3056 I OMXClient: MuxOMX ctor
12-26 14:04:24.757  3051  3621 I OMXMaster: makeComponentInstance(OMX.google.aac.encoder) in mediacodec process
12-26 14:04:24.763  3494  3494 D StorageNotification: Notifying about private volume: VolumeInfo{private}:
12-26 14:04:24.763  3494  3494 D StorageNotification:     type=PRIVATE diskId=null partGuid=null mountFlags=0 mountUserId=-1 
12-26 14:04:24.763  3494  3494 D StorageNotification:     state=MOUNTED 
12-26 14:04:24.763  3494  3494 D StorageNotification:     fsType=null fsUuid=null fsLabel=null 
12-26 14:04:24.763  3494  3494 D StorageNotification:     path=/data internalPath=null 
12-26 14:04:24.763  3494  3494 D StorageNotification: Notifying about public volume: VolumeInfo{public:179_1}:
12-26 14:04:24.763  3494  3494 D StorageNotification:     type=PUBLIC diskId=disk:179_0 partGuid=null mountFlags=VISIBLE 
12-26 14:04:24.763  3494  3494 D StorageNotification:     mountUserId=0 state=MOUNTED 
12-26 14:04:24.763  3494  3494 D StorageNotification:     fsType=vfat fsUuid=0BCA-1009 fsLabel=sdcard1 
12-26 14:04:24.763  3494  3494 D StorageNotification:     path=/storage/0BCA-1009 internalPath=/mnt/media_rw/0BCA-1009 
12-26 14:04:24.765  3056  3056 I MediaPlayerService: MediaPlayerService::getOMX
12-26 14:04:24.766  3056  3056 I OMXClient: MuxOMX ctor
12-26 14:04:24.766  3051  3051 I OMXMaster: makeComponentInstance(OMX.google.amrnb.encoder) in mediacodec process
12-26 14:04:24.769  3056  3056 I MediaPlayerService: MediaPlayerService::getOMX
12-26 14:04:24.769  3056  3056 I OMXClient: MuxOMX ctor
12-26 14:04:24.770  3051  3079 I OMXMaster: makeComponentInstance(OMX.google.amrwb.encoder) in mediacodec process
12-26 14:04:24.774  3056  3056 I MediaPlayerService: MediaPlayerService::getOMX
12-26 14:04:24.774  3056  3056 I OMXClient: MuxOMX ctor
12-26 14:04:24.774  3051  3621 I OMXMaster: makeComponentInstance(OMX.google.flac.encoder) in mediacodec process
12-26 14:04:24.777  3056  3056 I MediaPlayerService: MediaPlayerService::getOMX
12-26 14:04:24.778  3056  3056 I OMXClient: MuxOMX ctor
12-26 14:04:24.778  3051  3051 I OMXMaster: makeComponentInstance(OMX.google.gsm.decoder) in mediacodec process
12-26 14:04:24.780  3056  3056 W MediaCodecList: Component OMX.Exynos.MP3.Decoder does not support any type of media?
12-26 14:04:24.780  3056  3056 W MediaCodecList: Component OMX.Exynos.VC1.Decoder does not support any type of media?
12-26 14:04:24.780  3056  3056 I MediaPlayerService: MediaPlayerService::getOMX
12-26 14:04:24.781  3056  3056 I OMXClient: MuxOMX ctor
12-26 14:04:24.781  3056  3056 W MediaCodecList: unable to open media codecs configuration xml file: /etc/media_codecs_performance.xml
12-26 14:04:24.781  3056  3056 I MediaPlayerService: MediaPlayerService::getOMX
12-26 14:04:24.781  3056  3056 I OMXClient: MuxOMX ctor
12-26 14:04:24.782  3056  3056 W MediaCodecList: unable to open media codecs configuration xml file: /data/misc/media/media_codecs_profiling_results.xml
12-26 14:04:24.783  3056  3585 I MediaPlayerService: MediaPlayerService::getOMX
12-26 14:04:24.783  3056  3056 I MediaPlayerService: MediaPlayerService::getOMX
12-26 14:04:24.783  3332  3526 I chatty  : uid=1000 system_server expire 1 line
12-26 14:04:24.784  3057  3352 D SoftapController: Softap fwReload - Ok
12-26 14:04:24.785  3494  3583 I OMXClient: MuxOMX ctor
12-26 14:04:24.786  3051  3079 I OMXMaster: makeComponentInstance(OMX.google.vorbis.decoder) in mediacodec process
12-26 14:04:24.786  3057  3352 D CommandListener: Setting iface cfg
12-26 14:04:24.787  3057  3352 D CommandListener: Trying to bring down wlan0
12-26 14:04:24.787  3057  3352 D CommandListener: Clearing all IP addresses on wlan0
12-26 14:04:24.787  3051  3621 I OMXMaster: makeComponentInstance(OMX.google.vorbis.decoder) in mediacodec process
12-26 14:04:24.792  3332  3408 I chatty  : uid=1000(system) NetworkPolicy expire 1 line
12-26 14:04:24.843  3056  3585 I MediaPlayerService: MediaPlayerService::getOMX
12-26 14:04:24.844  3332  3686 I chatty  : uid=1000 system_server expire 1 line
12-26 14:04:24.846  3494  3494 W Resources: Drawable com.android.systemui:drawable/ic_battery_portrait has unresolved theme attributes! Consider using Resources.getDrawable(int, Theme) or Context.getDrawable(int).
12-26 14:04:24.846  3494  3494 W Resources: java.lang.RuntimeException
12-26 14:04:24.846  3494  3494 W Resources: 	at android.content.res.Resources.getDrawable(Resources.java:746)
12-26 14:04:24.846  3494  3494 W Resources: 	at com.android.systemui.BatteryMeterDrawable.loadBatteryDrawables(BatteryMeterDrawable.java:427)
12-26 14:04:24.846  3494  3494 W Resources: 	at com.android.systemui.BatteryMeterDrawable.<init>(BatteryMeterDrawable.java:174)
12-26 14:04:24.846  3494  3494 W Resources: 	at com.android.systemui.BatteryMeterDrawable.<init>(BatteryMeterDrawable.java:145)
12-26 14:04:24.846  3494  3494 W Resources: 	at com.android.systemui.BatteryMeterView.<init>(BatteryMeterView.java:62)
12-26 14:04:24.846  3494  3494 W Resources: 	at com.android.systemui.BatteryMeterView.<init>(BatteryMeterView.java:52)
12-26 14:04:24.846  3494  3494 W Resources: 	at java.lang.reflect.Constructor.newInstance0(Native Method)
12-26 14:04:24.846  3494  3494 W Resources: 	at java.lang.reflect.Constructor.newInstance(Constructor.java:430)
12-26 14:04:24.846  3494  3494 W Resources: 	at android.view.LayoutInflater.createView(LayoutInflater.java:645)
12-26 14:04:24.846  3494  3494 W Resources: 	at android.view.LayoutInflater.createViewFromTag(LayoutInflater.java:787)
12-26 14:04:24.846  3494  3494 W Resources: 	at android.view.LayoutInflater.createViewFromTag(LayoutInflater.java:727)
12-26 14:04:24.846  3494  3494 W Resources: 	at android.view.LayoutInflater.rInflate(LayoutInflater.java:858)
12-26 14:04:24.846  3494  3494 W Resources: 	at android.view.LayoutInflater.rInflateChildren(LayoutInflater.java:821)
12-26 14:04:24.846  3494  3494 W Resources: 	at android.view.LayoutInflater.parseInclude(LayoutInflater.java:994)
12-26 14:04:24.846  3494  3494 W Resources: 	at android.view.LayoutInflater.rInflate(LayoutInflater.java:854)
12-26 14:04:24.846  3494  3494 W Resources: 	at android.view.LayoutInflater.rInflateChildren(LayoutInflater.java:821)
12-26 14:04:24.846  3494  3494 W Resources: 	at android.view.LayoutInflater.rInflate(LayoutInflater.java:861)
12-26 14:04:24.846  3494  3494 W Resources: 	at android.view.LayoutInflater.rInflateChildren(LayoutInflater.java:821)
12-26 14:04:24.846  3494  3494 W Resources: 	at android.view.LayoutInflater.rInflate(LayoutInflater.java:861)
12-26 14:04:24.846  3494  3494 W Resources: 	at android.view.LayoutInflater.rInflateChildren(LayoutInflater.java:821)
12-26 14:04:24.846  3494  3494 W Resources: 	at android.view.LayoutInflater.parseInclude(LayoutInflater.java:994)
12-26 14:04:24.846  3494  3494 W Resources: 	at android.view.LayoutInflater.rInflate(LayoutInflater.java:854)
12-26 14:04:24.846  3494  3494 W Resources: 	at android.view.LayoutInflater.rInflateChildren(LayoutInflater.java:821)
12-26 14:04:24.846  3494  3494 W Resources: 	at android.view.LayoutInflater.inflate(LayoutInflater.java:518)
12-26 14:04:24.846  3494  3494 W Resources: 	at android.view.LayoutInflater.inflate(LayoutInflater.java:426)
12-26 14:04:24.846  3494  3494 W Resources: 	at android.view.LayoutInflater.inflate(LayoutInflater.java:377)
12-26 14:04:24.846  3494  3494 W Resources: 	at android.view.View.inflate(View.java:21014)
12-26 14:04:24.846  3494  3494 W Resources: 	at com.android.systemui.statusbar.phone.PhoneStatusBar.inflateStatusBarWindow(PhoneStatusBar.java:1273)
12-26 14:04:24.846  3494  3494 W Resources: 	at com.android.systemui.statusbar.phone.PhoneStatusBar.makeStatusBarView(PhoneStatusBar.java:870)
12-26 14:04:24.846  3494  3494 W Resources: 	at com.android.systemui.statusbar.phone.PhoneStatusBar.addStatusBarWindow(PhoneStatusBar.java:3712)
12-26 14:04:24.846  3494  3494 W Resources: 	at com.android.systemui.statusbar.phone.PhoneStatusBar.createAndAddWindows(PhoneStatusBar.java:3708)
12-26 14:04:24.846  3494  3494 W Resources: 	at com.android.systemui.statusbar.BaseStatusBar.start(BaseStatusBar.java:769)
12-26 14:04:24.846  3494  3494 W Resources: 	at com.android.systemui.statusbar.phone.PhoneStatusBar.start(PhoneStatusBar.java:793)
12-26 14:04:24.846  3494  3494 W Resources: 	at com.android.systemui.statusbar.SystemBars.createStatusBarFromConfig(SystemBars.java:106)
12-26 14:04:24.846  3494  3494 W Resources: 	at com.android.systemui.statusbar.SystemBars.onNoService(SystemBars.java:58)
12-26 14:04:24.846  3494  3494 W Resources: 	at com.android.systemui.statusbar.ServiceMonitor.startService(ServiceMonitor.java:230)
12-26 14:04:24.846  3494  3494 W Resources: 	at com.android.systemui.statusbar.ServiceMonitor.-wrap5(ServiceMonitor.java)
12-26 14:04:24.846  3494  3494 W Resources: 	at com.android.systemui.statusbar.ServiceMonitor$1.handleMessage(ServiceMonitor.java:73)
12-26 14:04:24.846  3494  3494 W Resources: 	at android.os.Handler.dispatchMessage(Handler.java:102)
12-26 14:04:24.846  3494  3494 W Resources: 	at android.os.Looper.loop(Looper.java:154)
12-26 14:04:24.846  3494  3494 W Resources: 	at android.app.ActivityThread.main(ActivityThread.java:6126)
12-26 14:04:24.846  3494  3494 W Resources: 	at java.lang.reflect.Method.invoke(Native Method)
12-26 14:04:24.846  3494  3494 W Resources: 	at com.android.internal.os.ZygoteInit$MethodAndArgsCaller.run(ZygoteInit.java:886)
12-26 14:04:24.846  3494  3494 W Resources: 	at com.android.internal.os.ZygoteInit.main(ZygoteInit.java:776)
12-26 14:04:24.851  3051  3079 I OMXMaster: makeComponentInstance(OMX.google.vorbis.decoder) in mediacodec process
12-26 14:04:24.853  3056  3087 I MediaPlayerService: MediaPlayerService::getOMX
12-26 14:04:24.854  3494  3688 I OMXClient: MuxOMX ctor
12-26 14:04:24.855  3051  3678 I OMXMaster: makeComponentInstance(OMX.google.vorbis.decoder) in mediacodec process
12-26 14:04:24.903  3056  3632 I MediaPlayerService: MediaPlayerService::getOMX
12-26 14:04:24.904  3332  3722 I chatty  : uid=1000 system_server expire 1 line
12-26 14:04:24.906  3051  3079 I OMXMaster: makeComponentInstance(OMX.google.vorbis.decoder) in mediacodec process
12-26 14:04:24.922  3056  3632 I MediaPlayerService: MediaPlayerService::getOMX
12-26 14:04:24.923  3494  3730 I OMXClient: MuxOMX ctor
12-26 14:04:24.932  3051  3079 I OMXMaster: makeComponentInstance(OMX.google.vorbis.decoder) in mediacodec process
12-26 14:04:24.964  3708  3708 W System  : ClassLoader referenced unknown path: /system/priv-app/TeleService/lib/arm64
12-26 14:04:24.991  3056  3632 I MediaPlayerService: MediaPlayerService::getOMX
12-26 14:04:24.993  3332  3756 I chatty  : uid=1000 system_server expire 1 line
12-26 14:04:24.994  3748  3748 E patchoat: Failed to open output oat file /data/dalvik-cache/arm64/system@priv-app@CMAudioService@CMAudioService.apk@classes.dex: Permission denied(13)
12-26 14:04:24.994  3332  3413 I chatty  : uid=1000(system) WifiScanningSer expire 8 lines
12-26 14:04:24.994  3332  3414 I chatty  : uid=1000(system) WifiRttService expire 2 lines
12-26 14:04:24.995  3051  3621 I OMXMaster: makeComponentInstance(OMX.google.vorbis.decoder) in mediacodec process
12-26 14:04:24.996  3691  3691 W art     : Failed execv(/system/bin/patchoat --instruction-set=arm64 --input-oat-file=/system/priv-app/CMAudioService/oat/arm64/CMAudioService.odex --output-oat-file=/data/dalvik-cache/arm64/system@priv-app@CMAudioService@CMAudioService.apk@classes.dex --patched-image-location=/system/framework/boot.art) because non-0 exit status
12-26 14:04:25.012  3708  3708 W System  : ClassLoader referenced unknown path: /system/priv-app/TelephonyProvider/lib/arm64
12-26 14:04:25.013  3708  3708 D ApplicationLoaders: ignored Vulkan layer search path /system/priv-app/TelephonyProvider/lib/arm64:/system/lib64:/vendor/lib64 for namespace 0x7f7d2e90f0
12-26 14:04:25.013  3725  3725 W System  : ClassLoader referenced unknown path: /system/priv-app/Settings/lib/arm64
12-26 14:04:25.050  3708  3708 D TelephonyProvider: dbh.onOpen: ok, queried table=siminfo
12-26 14:04:25.051  3708  3708 D TelephonyProvider: dbh.onOpen: ok, queried table=carriers
12-26 14:04:25.052  3332  3762 I chatty  : uid=1000(system) CallAudioModeSt expire 1 line
12-26 14:04:25.052  3332  3761 I chatty  : uid=1000(system) uteStateMachine expire 1 line
12-26 14:04:25.059  3332  3332 I chatty  : uid=1000 system_server expire 19 lines
12-26 14:04:25.062  3056  3632 I MediaPlayerService: MediaPlayerService::getOMX
12-26 14:04:25.063  3332  3764 I chatty  : uid=1000 system_server expire 1 line
12-26 14:04:25.065  3332  3767 I chatty  : uid=1000(system) AsyncQueryWorke expire 1 line
12-26 14:04:25.066  3051  3678 I OMXMaster: makeComponentInstance(OMX.google.vorbis.decoder) in mediacodec process
12-26 14:04:25.078  3332  3362 I chatty  : uid=1000(system) android.io expire 22 lines
12-26 14:04:25.101  3463  3485 I chatty  : uid=1002(bluetooth) com.android.bluetooth expire 2 lines
12-26 14:04:25.112  3463  3776 I chatty  : uid=1002(bluetooth) com.android.bluetooth expire 1 line
12-26 14:04:25.114  3708  3708 W System  : ClassLoader referenced unknown path: /system/framework/qti-telephony-common.jar
12-26 14:04:25.115  3708  3708 W System.err: java.lang.ClassNotFoundException: com.qualcomm.qti.internal.telephony.QtiTelephonyComponentFactory
12-26 14:04:25.116  3708  3708 W System.err: 	at java.lang.Class.classForName(Native Method)
12-26 14:04:25.116  3708  3708 W System.err: 	at java.lang.Class.forName(Class.java:400)
12-26 14:04:25.116  3708  3708 W System.err: 	at com.android.internal.telephony.TelephonyComponentFactory.getInstance(TelephonyComponentFactory.java:71)
12-26 14:04:25.116  3708  3708 W System.err: 	at com.android.internal.telephony.PhoneFactory.makeDefaultPhone(PhoneFactory.java:133)
12-26 14:04:25.116  3708  3708 W System.err: 	at com.android.internal.telephony.PhoneFactory.makeDefaultPhones(PhoneFactory.java:91)
12-26 14:04:25.116  3708  3708 W System.err: 	at com.android.phone.PhoneGlobals.onCreate(PhoneGlobals.java:282)
12-26 14:04:25.116  3708  3708 W System.err: 	at com.android.phone.PhoneApp.onCreate(PhoneApp.java:41)
12-26 14:04:25.116  3708  3708 W System.err: 	at android.app.Instrumentation.callApplicationOnCreate(Instrumentation.java:1025)
12-26 14:04:25.116  3708  3708 W System.err: 	at android.app.ActivityThread.handleBindApplication(ActivityThread.java:5410)
12-26 14:04:25.116  3708  3708 W System.err: 	at android.app.ActivityThread.-wrap2(ActivityThread.java)
12-26 14:04:25.116  3708  3708 W System.err: 	at android.app.ActivityThread$H.handleMessage(ActivityThread.java:1545)
12-26 14:04:25.116  3708  3708 W System.err: 	at android.os.Handler.dispatchMessage(Handler.java:102)
12-26 14:04:25.116  3708  3708 W System.err: 	at android.os.Looper.loop(Looper.java:154)
12-26 14:04:25.117  3708  3708 W System.err: 	at android.app.ActivityThread.main(ActivityThread.java:6126)
12-26 14:04:25.117  3708  3708 W System.err: 	at java.lang.reflect.Method.invoke(Native Method)
12-26 14:04:25.117  3708  3708 W System.err: 	at com.android.internal.os.ZygoteInit$MethodAndArgsCaller.run(ZygoteInit.java:886)
12-26 14:04:25.117  3708  3708 W System.err: 	at com.android.internal.os.ZygoteInit.main(ZygoteInit.java:776)
12-26 14:04:25.117  3708  3708 W System.err: Caused by: java.lang.ClassNotFoundException: Didn't find class "com.qualcomm.qti.internal.telephony.QtiTelephonyComponentFactory" on path: DexPathList[[],nativeLibraryDirectories=[/system/lib64, /vendor/lib64]]
12-26 14:04:25.117  3708  3708 W System.err: 	at dalvik.system.BaseDexClassLoader.findClass(BaseDexClassLoader.java:56)
12-26 14:04:25.117  3708  3708 W System.err: 	at java.lang.ClassLoader.loadClass(ClassLoader.java:380)
12-26 14:04:25.117  3708  3708 W System.err: 	at java.lang.ClassLoader.loadClass(ClassLoader.java:312)
12-26 14:04:25.117  3708  3708 W System.err: 	... 17 more
12-26 14:04:25.142  3463  3790 I chatty  : uid=1002(bluetooth) com.android.bluetooth expire 8 lines
12-26 14:04:25.162  3725  3783 I OpenGLRenderer: Initialized EGL, version 1.4
12-26 14:04:25.162  3725  3783 D OpenGLRenderer: Swap behavior 1
12-26 14:04:25.175  3725  3783 D mali_winsys: EGLint new_window_surface(egl_winsys_display*, void*, EGLSurface, EGLConfig, egl_winsys_surface**, egl_color_buffer_format*, EGLBoolean) returns 0x3000,  [1440x2560]-format:1
12-26 14:04:25.184  3494  3494 W System  : ClassLoader referenced unknown path: 
12-26 14:04:25.184  3494  3494 W System  : ClassLoader referenced unknown path: /system/priv-app/Dialer/lib/arm64
12-26 14:04:25.185  3494  3494 D ApplicationLoaders: ignored Vulkan layer search path /system/priv-app/Dialer/lib/arm64:/system/lib64:/vendor/lib64 for namespace 0x7f7d2e90f0
12-26 14:04:25.191  3056  3585 I MediaPlayerService: MediaPlayerService::getOMX
12-26 14:04:25.192  3332  3814 I chatty  : uid=1000 system_server expire 1 line
12-26 14:04:25.195  3051  3621 I OMXMaster: makeComponentInstance(OMX.google.vorbis.decoder) in mediacodec process
12-26 14:04:25.218  3494  3494 D ClockController: onTuningChanged key=cmsystem:status_bar_clock value=null
12-26 14:04:25.222  3494  3494 D ClockController: onTuningChanged key=cmsystem:status_bar_am_pm value=null
12-26 14:04:25.223  3332  3363 I chatty  : uid=1000(system) android.display expire 2 lines
12-26 14:04:25.223  3046  3046 V audio_hw_primary: adev_set_mic_mute: set mic mute: 0
12-26 14:04:25.223  3494  3494 D ClockController: onTuningChanged key=clock_seconds value=null
12-26 14:04:25.225  3332  3356 I chatty  : uid=1000(system) ActivityManager expire 3 lines
12-26 14:04:25.225  3332  3357 I chatty  : uid=1000(system) android.ui expire 2 lines
12-26 14:04:25.225  3332  3356 I chatty  : uid=1000(system) ActivityManager expire 1 line
12-26 14:04:25.247  3332  3493 I chatty  : uid=1000(system) Binder:3332_4 expire 7 lines
12-26 14:04:25.248  2938  2952 D VoldCryptCmdListener: cryptfs getpw
12-26 14:04:25.248  3332  3403 I chatty  : uid=1000(system) CryptdConnector expire 3 lines
12-26 14:04:25.249  2938  2952 D VoldCryptCmdListener: cryptfs clearpw
12-26 14:04:25.265  3494  3494 D LocalBluetoothProfileManager: Adding local MAP profile
12-26 14:04:25.266  3494  3494 D BluetoothMap: Create BluetoothMap proxy object
12-26 14:04:25.293  3494  3494 D LocalBluetoothProfileManager: LocalBluetoothProfileManager construction complete
12-26 14:04:25.306  3332  3355 I chatty  : uid=1000(system) android.bg expire 1 line
12-26 14:04:25.308  3332  3421 I chatty  : uid=1000(system) onProviders.ECP expire 2 lines
12-26 14:04:25.316  3332  3353 I chatty  : uid=1000(system) Binder:3332_1 expire 5 lines
12-26 14:04:25.316  3332  3353 I chatty  : uid=1000(system) Binder:3332_1 expire 21 lines
12-26 14:04:25.341  3708  3708 D PhoneSwitcherNetworkRequstListener: Registering NetworkFactory
12-26 14:04:25.341  3332  3415 I chatty  : uid=1000(system) ConnectivitySer expire 2 lines
12-26 14:04:25.344  3494  3494 I CameraManagerGlobal: Connecting to camera service
12-26 14:04:25.350  3859  3859 E patchoat: Failed to open output oat file /data/dalvik-cache/arm64/system@priv-app@CellBroadcastReceiver@CellBroadcastReceiver.apk@classes.dex: Permission denied(13)
12-26 14:04:25.352  3842  3842 W art     : Failed execv(/system/bin/patchoat --instruction-set=arm64 --input-oat-file=/system/priv-app/CellBroadcastReceiver/oat/arm64/CellBroadcastReceiver.odex --output-oat-file=/data/dalvik-cache/arm64/system@priv-app@CellBroadcastReceiver@CellBroadcastReceiver.apk@classes.dex --patched-image-location=/system/framework/boot.art) because non-0 exit status
12-26 14:04:25.353  3842  3842 W System  : ClassLoader referenced unknown path: /system/priv-app/CellBroadcastReceiver/lib/arm64
12-26 14:04:25.355  3708  3862 E ActivityThread: Failed to find provider info for com.android.contacts
12-26 14:04:25.355  3708  3862 W CallerInfoCache: cursor is null
12-26 14:04:25.357  3708  3708 D CarrierConfigLoader: CarrierConfigLoader has started
12-26 14:04:25.383  3708  3708 I Telephony: TtyManager: updateUiTtyMode -1 -> 0
12-26 14:04:25.419  3883  3883 E patchoat: Failed to open output oat file /data/dalvik-cache/arm64/system@priv-app@WeatherProvider@WeatherProvider.apk@classes.dex: Permission denied(13)
12-26 14:04:25.421  3866  3866 W art     : Failed execv(/system/bin/patchoat --instruction-set=arm64 --input-oat-file=/system/priv-app/WeatherProvider/oat/arm64/WeatherProvider.odex --output-oat-file=/data/dalvik-cache/arm64/system@priv-app@WeatherProvider@WeatherProvider.apk@classes.dex --patched-image-location=/system/framework/boot.art) because non-0 exit status
12-26 14:04:25.422  3866  3866 W System  : ClassLoader referenced unknown path: /system/priv-app/WeatherProvider/lib/arm64
12-26 14:04:25.424  3332  3885 I chatty  : uid=1000(system) Thread-6 expire 2 lines
12-26 14:04:25.430  3332  3406 I chatty  : uid=1000(system) NetworkStats expire 2 lines
12-26 14:04:25.456  3886  3886 I wpa_supplicant: Successfully initialized wpa_supplicant
12-26 14:04:25.464  3886  3886 I wpa_supplicant: rfkill: Cannot open RFKILL control device
12-26 14:04:25.480  3494  3888 E ActivityThread: Failed to find provider info for com.android.contacts
12-26 14:04:25.481  3494  3654 D OpenGLRenderer: profile bars disabled
12-26 14:04:25.481  3494  3654 D OpenGLRenderer: ambientRatio = 1.50
12-26 14:04:25.488  3494  3494 D PhoneStatusBar: disable: < EXPAND* icons alerts system_info BACK* HOME* RECENT* clock SEARCH* quick_settings >
12-26 14:04:25.492  3708  3708 D PhoneSwitcherNetworkRequstListener: got request NetworkRequest [ REQUEST id=1, [ Capabilities: INTERNET&NOT_RESTRICTED&TRUSTED&NOT_VPN] ] with score 0
12-26 14:04:25.493  3708  3708 D TelephonyDebugService: TelephonyDebugService()
12-26 14:04:25.494  3708  3708 D CarrierConfigLoader: mHandler: 12 phoneId: 0
12-26 14:04:25.501  3708  3708 E PhoneInterfaceManager: [PhoneIntfMgr] getIccId: No UICC
12-26 14:04:25.502  3725  3725 D SimSelectNotification:  no of slots 1 provision = true
12-26 14:04:25.510  3842  3842 D CellBroadcastReceiver: Service state changed! 1 Full: 1 1 voice home data home null null null null null null  Unknown Unknown CSS not supported -1 -1 RoamInd=-1 DefRoamInd=-1 EmergOnly=false IsDataRoamingFromRegistration=false IsUsingCarrierAggregation=false Current state=-1
12-26 14:04:25.519  3411  3411 I WifiStateMachin: type=1400 audit(0.0:191): avc: denied { write } for name="wpa_wlan0" dev="tmpfs" ino=20927 scontext=u:r:system_server:s0 tcontext=u:object_r:socket_device:s0 tclass=sock_file permissive=1
12-26 14:04:25.519  3411  3411 W WifiStateMachin: type=1300 audit(0.0:191): arch=c00000b7 syscall=203 success=yes exit=0 a0=d5 a1=7f5e2017b8 a2=18 a3=7f7b7ae01c items=0 ppid=3041 auid=4294967295 uid=1000 gid=1000 euid=1000 suid=1000 fsuid=1000 egid=1000 sgid=1000 fsgid=1000 tty=(none) ses=4294967295 exe="/system/bin/app_process64" subj=u:r:system_server:s0 key=(null)
12-26 14:04:25.519  2932  2932 W auditd  : type=1327 audit(0.0:191): proctitle="system_server"
12-26 14:04:25.519  2932  2932 W auditd  : type=1320 audit(0.0:191): 
12-26 14:04:25.520  3708  3708 I Telephony: AccountEntry: Registered phoneAccount: [[ ] PhoneAccount: ComponentInfo{com.android.phone/com.android.services.telephony.TelephonyConnectionService}, [e0184adedf913b076626646d3f52c3b49c39ad6d], UserHandle{0} Capabilities: CallProvider MultiUser PlaceEmerg SimSub  Schemes: tel voicemail  Extras: null GroupId: [da39a3ee5e6b4b0d3255bfef95601890afd80709]] with handle: ComponentInfo{com.android.phone/com.android.services.telephony.TelephonyConnectionService}, [e0184adedf913b076626646d3f52c3b49c39ad6d], UserHandle{0}
12-26 14:04:25.521  3708  3708 I Telephony: PstnIncomingCallNotifier: Registering: Handler (com.android.internal.telephony.GsmCdmaPhone) {519e93d}
12-26 14:04:25.533  3708  3708 E PhoneInterfaceManager: [PhoneIntfMgr] getIccId: No UICC
12-26 14:04:25.536  3332  3354 I chatty  : uid=1000(system) Binder:3332_2 expire 2 lines
12-26 14:04:25.552  3494  3494 D PhoneStatusBar: heads up is enabled
12-26 14:04:25.557  3494  3494 I Choreographer: Skipped 41 frames!  The application may be doing too much work on its main thread.
12-26 14:04:25.564  3494  3494 D ViewRootImpl[StatusBar]: changeCanvasOpacity: opaque=true
12-26 14:04:25.571  3494  3494 W Resources: Drawable com.android.systemui:drawable/ic_battery_circle has unresolved theme attributes! Consider using Resources.getDrawable(int, Theme) or Context.getDrawable(int).
12-26 14:04:25.571  3494  3494 W Resources: java.lang.RuntimeException
12-26 14:04:25.571  3494  3494 W Resources: 	at android.content.res.Resources.getDrawable(Resources.java:746)
12-26 14:04:25.571  3494  3494 W Resources: 	at com.android.systemui.BatteryMeterDrawable.loadBatteryDrawables(BatteryMeterDrawable.java:427)
12-26 14:04:25.571  3494  3494 W Resources: 	at com.android.systemui.BatteryMeterDrawable.<init>(BatteryMeterDrawable.java:174)
12-26 14:04:25.571  3494  3494 W Resources: 	at com.android.systemui.BatteryMeterView.updateBatteryStyle(BatteryMeterView.java:141)
12-26 14:04:25.571  3494  3494 W Resources: 	at com.android.systemui.BatteryMeterView.onTuningChanged(BatteryMeterView.java:88)
12-26 14:04:25.571  3494  3494 W Resources: 	at com.android.systemui.tuner.TunerService.addTunable(TunerService.java:217)
12-26 14:04:25.571  3494  3494 W Resources: 	at com.android.systemui.tuner.TunerService.addTunable(TunerService.java:193)
12-26 14:04:25.571  3494  3494 W Resources: 	at com.android.systemui.BatteryMeterView.onAttachedToWindow(BatteryMeterView.java:97)
12-26 14:04:25.571  3494  3494 W Resources: 	at android.view.View.dispatchAttachedToWindow(View.java:15513)
12-26 14:04:25.571  3494  3494 W Resources: 	at android.view.ViewGroup.dispatchAttachedToWindow(ViewGroup.java:2923)
12-26 14:04:25.571  3494  3494 W Resources: 	at android.view.ViewGroup.dispatchAttachedToWindow(ViewGroup.java:2923)
12-26 14:04:25.571  3494  3494 W Resources: 	at android.view.ViewGroup.dispatchAttachedToWindow(ViewGroup.java:2923)
12-26 14:04:25.571  3494  3494 W Resources: 	at android.view.ViewGroup.dispatchAttachedToWindow(ViewGroup.java:2923)
12-26 14:04:25.571  3494  3494 W Resources: 	at android.view.ViewGroup.dispatchAttachedToWindow(ViewGroup.java:2923)
12-26 14:04:25.571  3494  3494 W Resources: 	at android.view.ViewRootImpl.performTraversals(ViewRootImpl.java:1526)
12-26 14:04:25.571  3494  3494 W Resources: 	at android.view.ViewRootImpl.doTraversal(ViewRootImpl.java:1254)
12-26 14:04:25.571  3494  3494 W Resources: 	at android.view.ViewRootImpl$TraversalRunnable.run(ViewRootImpl.java:6343)
12-26 14:04:25.571  3494  3494 W Resources: 	at android.view.Choreographer$CallbackRecord.run(Choreographer.java:874)
12-26 14:04:25.571  3494  3494 W Resources: 	at android.view.Choreographer.doCallbacks(Choreographer.java:686)
12-26 14:04:25.571  3494  3494 W Resources: 	at android.view.Choreographer.doFrame(Choreographer.java:621)
12-26 14:04:25.571  3494  3494 W Resources: 	at android.view.Choreographer$FrameDisplayEventReceiver.run(Choreographer.java:860)
12-26 14:04:25.571  3494  3494 W Resources: 	at android.os.Handler.handleCallback(Handler.java:751)
12-26 14:04:25.571  3494  3494 W Resources: 	at android.os.Handler.dispatchMessage(Handler.java:95)
12-26 14:04:25.571  3494  3494 W Resources: 	at android.os.Looper.loop(Looper.java:154)
12-26 14:04:25.571  3494  3494 W Resources: 	at android.app.ActivityThread.main(ActivityThread.java:6126)
12-26 14:04:25.571  3494  3494 W Resources: 	at java.lang.reflect.Method.invoke(Native Method)
12-26 14:04:25.571  3494  3494 W Resources: 	at com.android.internal.os.ZygoteInit$MethodAndArgsCaller.run(ZygoteInit.java:886)
12-26 14:04:25.571  3494  3494 W Resources: 	at com.android.internal.os.ZygoteInit.main(ZygoteInit.java:776)
12-26 14:04:25.582  3040  3040 D wrapperGPS: wrapperConnect_RILD
12-26 14:04:25.595  3057  3352 D CommandListener: Setting iface cfg
12-26 14:04:25.595  3057  3352 D CommandListener: Trying to bring up p2p0
12-26 14:04:25.596  3332  3409 I chatty  : uid=1000(system) WifiP2pService expire 6 lines
12-26 14:04:25.638  3332  3713 I chatty  : uid=1000(system) Binder:3332_5 expire 2 lines
12-26 14:04:25.642  3494  3654 I OpenGLRenderer: Initialized EGL, version 1.4
12-26 14:04:25.642  3494  3654 D OpenGLRenderer: Swap behavior 1
12-26 14:04:25.647  3494  3654 D mali_winsys: EGLint new_window_surface(egl_winsys_display*, void*, EGLSurface, EGLConfig, egl_winsys_surface**, egl_color_buffer_format*, EGLBoolean) returns 0x3000,  [1440x96]-format:1
12-26 14:04:25.684  3332  3410 I chatty  : uid=1000(system) WifiService expire 1 line
12-26 14:04:25.689  3713  3713 I Binder:3332_5: type=1400 audit(0.0:192): avc: denied { open } for path="/efs/FactoryApp/prox_cal" dev="sda3" ino=57 scontext=u:r:system_server:s0 tcontext=u:object_r:app_efs_file:s0 tclass=file permissive=1
12-26 14:04:25.689  3713  3713 W Binder:3332_5: type=1300 audit(0.0:192): arch=c00000b7 syscall=64 success=yes exit=4 a0=e6 a1=7f581f0d70 a2=4 a3=b items=0 ppid=3041 auid=4294967295 uid=1000 gid=1000 euid=1000 suid=1000 fsuid=1000 egid=1000 sgid=1000 fsgid=1000 tty=(none) ses=4294967295 exe="/system/bin/app_process64" subj=u:r:system_server:s0 key=(null)
12-26 14:04:25.689  2932  2932 W auditd  : type=1327 audit(0.0:192): proctitle="system_server"
12-26 14:04:25.689  2932  2932 W auditd  : type=1320 audit(0.0:192): 
12-26 14:04:25.692  3332  3713 I chatty  : uid=1000(system) Binder:3332_5 expire 23 lines
12-26 14:04:25.709  3494  3494 D PhoneStatusBar: disable: < EXPAND ICONS* alerts SYSTEM_INFO* BACK HOME RECENT clock SEARCH quick_settings >
12-26 14:04:25.713  3494  3494 D PhoneStatusBar: disable: < EXPAND ICONS alerts SYSTEM_INFO BACK HOME RECENT clock SEARCH quick_settings >
12-26 14:04:25.728  3332  3493 I chatty  : uid=1000(system) Binder:3332_4 expire 23 lines
12-26 14:04:25.757  3494  3654 D mali_winsys: EGLint new_window_surface(egl_winsys_display*, void*, EGLSurface, EGLConfig, egl_winsys_surface**, egl_color_buffer_format*, EGLBoolean) returns 0x3000,  [1440x2560]-format:1
12-26 14:04:25.758  3332  3363 I chatty  : uid=1000(system) android.display expire 182 lines
12-26 14:04:25.794  3494  3494 W KeyguardUpdateMonitor: invalid subId in handleSimStateChange()
12-26 14:04:25.795  3008  3404 I SurfaceFlinger: Boot is finished (6469 ms)
12-26 14:04:25.797  3494  3494 W KeyguardUpdateMonitor: invalid subId in handleServiceStateChange()
12-26 14:04:25.799  3494  3494 D PhoneStatusBar: disable: < expand* ICONS alerts SYSTEM_INFO back* HOME RECENT clock SEARCH quick_settings >
12-26 14:04:25.822  3494  3494 D mali_winsys: EGLint new_window_surface(egl_winsys_display*, void*, EGLSurface, EGLConfig, egl_winsys_surface**, egl_color_buffer_format*, EGLBoolean) returns 0x3000,  [1440x2560]-format:2
12-26 14:04:25.894  3494  3494 D mali_winsys: EGLint new_window_surface(egl_winsys_display*, void*, EGLSurface, EGLConfig, egl_winsys_surface**, egl_color_buffer_format*, EGLBoolean) returns 0x3000,  [2880x2560]-format:2
12-26 14:04:26.179    50    50 I kworker/u16:1: type=1400 audit(0.0:193): avc: denied { open } for path="/efs/FactoryApp/gyro_cal_data" dev="sda3" ino=45 scontext=u:r:kernel:s0 tcontext=u:object_r:app_efs_file:s0 tclass=file permissive=1
12-26 14:04:26.582  3040  3040 D wrapperGPS: wrapperConnect_RILD
12-26 14:04:27.081  3114  3146 D BootAnimation: Free memory: 2805476, max texture size: 16384
12-26 14:04:27.081  3114  3146 D BootAnimation: Disabled bootanimation texture cache, FPS drops might occur.
12-26 14:04:27.582  3040  3040 D wrapperGPS: wrapperConnect_RILD
12-26 14:04:27.966  3332  3420 I chatty  : uid=1000(system) notification-sq expire 1 line
12-26 14:04:28.009  2932  2932 W auditd  : type=1325 audit(0.0:194): table=filter family=2 entries=92
12-26 14:04:28.009  2932  2932 W auditd  : type=1320 audit(0.0:194): 
12-26 14:04:28.021  3332  3444 I chatty  : uid=1000(system) LiveDisplay expire 1 line
12-26 14:04:28.029  2932  2932 W auditd  : type=1325 audit(0.0:195): table=filter family=10 entries=103
12-26 14:04:28.029  2932  2932 W auditd  : type=1320 audit(0.0:195): 
12-26 14:04:28.038  2938  2952 D vold    : e4crypt_prepare_user_storage for volume null, user 0, serial 0, flags 2
12-26 14:04:28.038  2938  2952 D vold    : Preparing: /data/system_ce/0
12-26 14:04:28.038  2938  2952 D vold    : Preparing: /data/misc_ce/0
12-26 14:04:28.038  2938  2952 D vold    : Preparing: /data/media/0
12-26 14:04:28.038  2938  2952 D vold    : Preparing: /data/data
12-26 14:04:28.039  2932  2932 W auditd  : type=1325 audit(0.0:196): table=filter family=2 entries=91
12-26 14:04:28.039  2932  2932 W auditd  : type=1320 audit(0.0:196): 
12-26 14:04:28.039  2932  2932 W auditd  : type=1325 audit(0.0:197): table=filter family=10 entries=102
12-26 14:04:28.039  2932  2932 W auditd  : type=1320 audit(0.0:197): 
12-26 14:04:28.040  3448  3448 E         : invalid package name '.drm'
12-26 14:04:28.040  3448  3448 F installd: utils.cpp:67] Check failed: is_valid_package_name(package_name) == 0 
12-26 14:04:28.040  3448  3448 F libc    : Fatal signal 6 (SIGABRT), code -6 in tid 3448 (installd)
12-26 14:04:28.041  2937  2937 W         : debuggerd: handling request: pid=3448 uid=0 gid=0 tid=3448
12-26 14:04:28.095  3942  3942 F DEBUG   : *** *** *** *** *** *** *** *** *** *** *** *** *** *** *** ***
12-26 14:04:28.095  3942  3942 F DEBUG   : CM Version: '14.1-20161226-UNOFFICIAL-hero2lte'
12-26 14:04:28.095  3942  3942 F DEBUG   : Build fingerprint: 'samsung/hero2ltexx/hero2lte:7.0/NRD90M/G935FXXU1ZPLH:user/release-keys'
12-26 14:04:28.095  3942  3942 F DEBUG   : Revision: '0'
12-26 14:04:28.095  3942  3942 F DEBUG   : ABI: 'arm64'
12-26 14:04:28.095  3942  3942 F DEBUG   : pid: 3448, tid: 3448, name: installd  >>> /system/bin/installd <<<
12-26 14:04:28.095  3942  3942 F DEBUG   : signal 6 (SIGABRT), code -6 (SI_TKILL), fault addr --------
12-26 14:04:28.096  3942  3942 F DEBUG   : Abort message: 'utils.cpp:67] Check failed: is_valid_package_name(package_name) == 0 '
12-26 14:04:28.097  3942  3942 F DEBUG   :     x0   0000000000000000  x1   0000000000000d78  x2   0000000000000006  x3   0000000000000008
12-26 14:04:28.097  3942  3942 F DEBUG   :     x4   0000000000000000  x5   0000000000000000  x6   0000007f96862000  x7   0000000000000000
12-26 14:04:28.097  3942  3942 F DEBUG   :     x8   0000000000000083  x9   ffffffffffffffdf  x10  0000000000000000  x11  0000000000000001
12-26 14:04:28.097  3942  3942 F DEBUG   :     x12  ffffffffffffffff  x13  0000000000000000  x14  0000000000000000  x15  00026d72ddb1031a
12-26 14:04:28.097  3942  3942 F DEBUG   :     x16  0000007f96646ec8  x17  0000007f965f0794  x18  00000000ffffffff  x19  0000007f96919b40
12-26 14:04:28.097  3942  3942 F DEBUG   :     x20  0000000000000006  x21  0000007f96919a98  x22  0000000000000000  x23  0000000000000005
12-26 14:04:28.097  3942  3942 F DEBUG   :     x24  0000000000000000  x25  75cc55a1cfb2dc65  x26  0000007fe1009429  x27  0000007f96032040
12-26 14:04:28.097  3942  3942 F DEBUG   :     x28  0000000000000005  x29  0000007fe10093a0  x30  0000007f965edc3c
12-26 14:04:28.097  3942  3942 F DEBUG   :     sp   0000007fe1009380  pc   0000007f965f079c  pstate 0000000060000000
12-26 14:04:28.100  3942  3942 F DEBUG   : 
12-26 14:04:28.100  3942  3942 F DEBUG   : backtrace:
12-26 14:04:28.101  3942  3942 F DEBUG   :     #00 pc 000000000006c79c  /system/lib64/libc.so (tgkill+8)
12-26 14:04:28.101  3942  3942 F DEBUG   :     #01 pc 0000000000069c38  /system/lib64/libc.so (pthread_kill+64)
12-26 14:04:28.101  3942  3942 F DEBUG   :     #02 pc 0000000000023ea0  /system/lib64/libc.so (raise+24)
12-26 14:04:28.101  3942  3942 F DEBUG   :     #03 pc 000000000001c924  /system/lib64/libc.so (abort+52)
12-26 14:04:28.101  3942  3942 F DEBUG   :     #04 pc 0000000000006038  /system/lib64/libbase.so (_ZN7android4base10LogMessageD1Ev+1084)
12-26 14:04:28.101  3942  3942 F DEBUG   :     #05 pc 000000000001b928  /system/bin/installd
12-26 14:04:28.101  3942  3942 F DEBUG   :     #06 pc 000000000001bb8c  /system/bin/installd
12-26 14:04:28.101  3942  3942 F DEBUG   :     #07 pc 0000000000007ea4  /system/bin/installd
12-26 14:04:28.101  3942  3942 F DEBUG   :     #08 pc 0000000000005bd0  /system/bin/installd
12-26 14:04:28.101  3942  3942 F DEBUG   :     #09 pc 000000000001a654  /system/lib64/libc.so (__libc_init+88)
12-26 14:04:28.101  3942  3942 F DEBUG   :     #10 pc 0000000000004818  /system/bin/installd
12-26 14:04:28.109  3448  3448 W installd: type=1701 audit(0.0:198): auid=4294967295 uid=0 gid=0 ses=4294967295 subj=u:r:installd:s0 exe="/system/bin/installd" sig=6
12-26 14:04:28.121  3332  3508 I chatty  : uid=1000(system) Thread-4 expire 1 line
12-26 14:04:28.122  2937  2937 W         : debuggerd: resuming target 3448
12-26 14:04:28.122  2937  2937 E         : debuggerd: failed to send signal 18 to target: No such process
12-26 14:04:28.144  3332  3363 I chatty  : uid=1000(system) android.display expire 510 lines
12-26 14:04:28.213  3332  3363 I InstallerConnection: disconnecting...
12-26 14:04:28.213  3332  3363 E InstallerConnection: connection failed
12-26 14:04:28.213  3332  3363 W PackageManager: com.android.internal.os.InstallerConnection$InstallerException: Failed to execute destroy_app_data [null, com.android.defcontainer, 0, 2, 1425469]: -1
12-26 14:04:28.213  3332  3363 I InstallerConnection: connecting...
12-26 14:04:28.213  3332  3363 I InstallerConnection: disconnecting...
12-26 14:04:28.213  3332  3363 E InstallerConnection: connection failed
12-26 14:04:28.213  3332  3363 D PackageManager: Recovery failed!
12-26 14:04:28.214  3332  3363 I InstallerConnection: connecting...
12-26 14:04:28.214  3332  3363 I InstallerConnection: disconnecting...
12-26 14:04:28.214  3332  3363 E InstallerConnection: connection failed
12-26 14:04:28.214  3332  3363 E PackageManager: Failed to find inode for com.android.defcontainer: com.android.internal.os.InstallerConnection$InstallerException: Failed to execute get_app_data_inode [null, com.android.defcontainer, 0, 2]: -1
12-26 14:04:28.214  3332  3363 I InstallerConnection: connecting...
12-26 14:04:28.214  3332  3363 I InstallerConnection: disconnecting...
12-26 14:04:28.214  3332  3363 E InstallerConnection: connection failed
12-26 14:04:28.214  3332  3363 E PackageManager: Failed to create app data for com.cyanogenmod.setupwizard, but trying to recover: com.android.internal.os.InstallerConnection$InstallerException: Failed to execute create_app_data [null, com.cyanogenmod.setupwizard, 0, 2, 1000, platform:privapp, 23]: -1
12-26 14:04:28.215  3332  3363 I InstallerConnection: connecting...
12-26 14:04:28.215  3332  3363 I InstallerConnection: disconnecting...
12-26 14:04:28.215  3332  3363 E InstallerConnection: connection failed
12-26 14:04:28.215  3332  3363 W PackageManager: com.android.internal.os.InstallerConnection$InstallerException: Failed to execute destroy_app_data [null, com.cyanogenmod.setupwizard, 0, 2, 1425472]: -1
12-26 14:04:28.215  3332  3363 I InstallerConnection: connecting...
12-26 14:04:28.215  3332  3363 I InstallerConnection: disconnecting...
12-26 14:04:28.215  3332  3363 E InstallerConnection: connection failed
12-26 14:04:28.216  3332  3363 D PackageManager: Recovery failed!
12-26 14:04:28.216  3332  3363 I InstallerConnection: connecting...
12-26 14:04:28.216  3332  3363 I InstallerConnection: disconnecting...
12-26 14:04:28.216  3332  3363 E InstallerConnection: connection failed
12-26 14:04:28.216  3332  3363 E PackageManager: Failed to find inode for com.cyanogenmod.setupwizard: com.android.internal.os.InstallerConnection$InstallerException: Failed to execute get_app_data_inode [null, com.cyanogenmod.setupwizard, 0, 2]: -1
12-26 14:04:28.216  3332  3363 I InstallerConnection: connecting...
12-26 14:04:28.216  3332  3363 I InstallerConnection: disconnecting...
12-26 14:04:28.216  3332  3363 E InstallerConnection: connection failed
12-26 14:04:28.217  3332  3363 W PackageManager: Failed to migrate com.cyanogenmod.setupwizard: Failed to execute migrate_app_data [null, com.cyanogenmod.setupwizard, 0, 2]: -1
12-26 14:04:28.217  3332  3363 I InstallerConnection: connecting...
12-26 14:04:28.217  3332  3363 I InstallerConnection: disconnecting...
12-26 14:04:28.217  3332  3363 E InstallerConnection: connection failed
12-26 14:04:28.217  3332  3363 E PackageManager: Failed to create app data for com.cyanogenmod.setupwizard, but trying to recover: com.android.internal.os.InstallerConnection$InstallerException: Failed to execute create_app_data [null, com.cyanogenmod.setupwizard, 0, 2, 1000, platform:privapp, 23]: -1
12-26 14:04:28.218  3332  3363 I InstallerConnection: connecting...
12-26 14:04:28.218  3332  3363 I InstallerConnection: disconnecting...
12-26 14:04:28.218  3332  3363 E InstallerConnection: connection failed
12-26 14:04:28.218  3332  3363 W PackageManager: com.android.internal.os.InstallerConnection$InstallerException: Failed to execute destroy_app_data [null, com.cyanogenmod.setupwizard, 0, 2, 1425472]: -1
12-26 14:04:28.218  3332  3363 I InstallerConnection: connecting...
12-26 14:04:28.218  3332  3363 I InstallerConnection: disconnecting...
12-26 14:04:28.218  3332  3363 E InstallerConnection: connection failed
12-26 14:04:28.218  3332  3363 D PackageManager: Recovery failed!
12-26 14:04:28.219  3332  3363 I InstallerConnection: connecting...
12-26 14:04:28.219  3332  3363 I InstallerConnection: disconnecting...
12-26 14:04:28.219  3332  3363 E InstallerConnection: connection failed
12-26 14:04:28.219  3332  3363 E PackageManager: Failed to find inode for com.cyanogenmod.setupwizard: com.android.internal.os.InstallerConnection$InstallerException: Failed to execute get_app_data_inode [null, com.cyanogenmod.setupwizard, 0, 2]: -1
12-26 14:04:28.219  3332  3363 I InstallerConnection: connecting...
12-26 14:04:28.219  3332  3363 I InstallerConnection: disconnecting...
12-26 14:04:28.219  3332  3363 E InstallerConnection: connection failed
12-26 14:04:28.219  3332  3363 E PackageManager: Failed to create app data for com.android.providers.downloads.ui, but trying to recover: com.android.internal.os.InstallerConnection$InstallerException: Failed to execute create_app_data [null, com.android.providers.downloads.ui, 0, 2, 10010, default, 25]: -1
12-26 14:04:28.220  3332  3363 I InstallerConnection: connecting...
12-26 14:04:28.220  3332  3363 I InstallerConnection: disconnecting...
12-26 14:04:28.220  3332  3363 E InstallerConnection: connection failed
12-26 14:04:28.220  3332  3363 W PackageManager: com.android.internal.os.InstallerConnection$InstallerException: Failed to execute destroy_app_data [null, com.android.providers.downloads.ui, 0, 2, 1425475]: -1
12-26 14:04:28.220  3332  3363 I InstallerConnection: connecting...
12-26 14:04:28.220  3332  3363 I InstallerConnection: disconnecting...
12-26 14:04:28.220  3332  3363 E InstallerConnection: connection failed
12-26 14:04:28.220  3332  3363 D PackageManager: Recovery failed!
12-26 14:04:28.221  3332  3363 I InstallerConnection: connecting...
12-26 14:04:28.221  3332  3363 I InstallerConnection: disconnecting...
12-26 14:04:28.221  3332  3363 E InstallerConnection: connection failed
12-26 14:04:28.221  3332  3363 E PackageManager: Failed to find inode for com.android.providers.downloads.ui: com.android.internal.os.InstallerConnection$InstallerException: Failed to execute get_app_data_inode [null, com.android.providers.downloads.ui, 0, 2]: -1
12-26 14:04:28.221  3332  3363 I InstallerConnection: connecting...
12-26 14:04:28.221  3332  3363 I InstallerConnection: disconnecting...
12-26 14:04:28.221  3332  3363 E InstallerConnection: connection failed
12-26 14:04:28.221  3332  3363 W PackageManager: Failed to migrate com.android.providers.downloads.ui: Failed to execute migrate_app_data [null, com.android.providers.downloads.ui, 0, 2]: -1
