12-27 17:39:06.408  3334  3532 I ActivityManager: Start proc 3859:com.android.settings/1000 for broadcast com.android.settings/.sim.SimSelectNotification
12-27 17:39:06.427  3492  3492 W KeyguardUpdateMonitor: invalid subId in handleServiceStateChange()
12-27 17:39:06.434  3859  3859 W System  : ClassLoader referenced unknown path: /system/priv-app/Settings/lib/arm64
12-27 17:39:06.465  3020  3020 D wrapperGPS: wrapperConnect_RILD
12-27 17:39:06.477  3603  3603 D PhoneSwitcherNetworkRequstListener: got request NetworkRequest [ REQUEST id=1, [ Capabilities: INTERNET&NOT_RESTRICTED&TRUSTED&NOT_VPN] ] with score 0
12-27 17:39:06.477  3603  3603 D TelephonyDebugService: TelephonyDebugService()
12-27 17:39:06.477  3603  3603 D CarrierConfigLoader: mHandler: 12 phoneId: 0
12-27 17:39:06.477  3603  3603 D CarrierConfigLoader: Build fingerprint changed. old: null new: cm_hero2lte-userdebug 7.1.1 NMF26Q ed21d5ec7c test-keys
12-27 17:39:06.487  3603  3603 E PhoneInterfaceManager: [PhoneIntfMgr] getIccId: No UICC
12-27 17:39:06.490  3859  3859 D SimSelectNotification:  no of slots 1 provision = false
12-27 17:39:06.494  3334  3346 I Telecom : PhoneAccountRegistrar: New phone account registered: [[ ] PhoneAccount: ComponentInfo{com.android.phone/com.android.services.telephony.TelephonyConnectionService}, [e0184adedf913b076626646d3f52c3b49c39ad6d], UserHandle{0} Capabilities: CallProvider MultiUser PlaceEmerg SimSub  Schemes: tel voicemail  Extras: null GroupId: [da39a3ee5e6b4b0d3255bfef95601890afd80709]]: TSI.rPA@AAc
12-27 17:39:06.496  3334  3346 I Telecom : : Sending phone-account registered intent as user: TSI.rPA@AAc
12-27 17:39:06.497  3603  3603 I Telephony: AccountEntry: Registered phoneAccount: [[ ] PhoneAccount: ComponentInfo{com.android.phone/com.android.services.telephony.TelephonyConnectionService}, [e0184adedf913b076626646d3f52c3b49c39ad6d], UserHandle{0} Capabilities: CallProvider MultiUser PlaceEmerg SimSub  Schemes: tel voicemail  Extras: null GroupId: [da39a3ee5e6b4b0d3255bfef95601890afd80709]] with handle: ComponentInfo{com.android.phone/com.android.services.telephony.TelephonyConnectionService}, [e0184adedf913b076626646d3f52c3b49c39ad6d], UserHandle{0}
12-27 17:39:06.498  3603  3603 I Telephony: PstnIncomingCallNotifier: Registering: Handler (com.android.internal.telephony.GsmCdmaPhone) {7ff3341}
12-27 17:39:06.507  3603  3603 E PhoneInterfaceManager: [PhoneIntfMgr] getIccId: No UICC
12-27 17:39:06.509  3334  3346 I Telecom : PhoneAccountRegistrar: [ComponentInfo{com.android.phone/com.android.services.telephony.TelephonyConnectionService}, [e0184adedf913b076626646d3f52c3b49c39ad6d], UserHandle{0}(icon: Icon(typ=BITMAP size=76x96) -> Icon(typ=BITMAP size=76x96))]: TSI.rPA@AAo
12-27 17:39:06.511  3334  3346 I Telecom : : Sending phone-account registered intent as user: TSI.rPA@AAo
12-27 17:39:06.606  3334  3365 W WindowManager: App freeze timeout expired.
12-27 17:39:07.031  3129  3159 D BootAnimation: Free memory: 2860272, max texture size: 16384
12-27 17:39:07.031  3129  3159 D BootAnimation: Disabled bootanimation texture cache, FPS drops might occur.
12-27 17:39:07.465  3020  3020 D wrapperGPS: wrapperConnect_RILD
12-27 17:39:07.892  3334  3365 I Zygote  : Process: zygote socket opened, supported ABIS: armeabi-v7a,armeabi
12-27 17:39:07.892  3334  3365 I SystemServiceManager: Starting phase 1000
12-27 17:39:07.929  2930  2930 W auditd  : type=1325 audit(0.0:217): table=filter family=2 entries=92
12-27 17:39:07.929  2930  2930 W auditd  : type=1320 audit(0.0:217): 
12-27 17:39:07.937  3334  3365 D ActivityManager: Finishing user boot 0
12-27 17:39:07.938  3334  3365 D CryptdConnector: SND -> {4 cryptfs prepare_user_storage ! 0 0 2}
12-27 17:39:07.938  2934  2952 D vold    : e4crypt_prepare_user_storage for volume null, user 0, serial 0, flags 2
12-27 17:39:07.938  2934  2952 D vold    : Preparing: /data/system_ce/0
12-27 17:39:07.938  2934  2952 D vold    : Preparing: /data/misc_ce/0
12-27 17:39:07.938  2934  2952 D vold    : Preparing: /data/media/0
12-27 17:39:07.938  2934  2952 D vold    : Preparing: /data/data
12-27 17:39:07.938  3334  3405 D CryptdConnector: RCV <- {200 4 Command succeeded}
12-27 17:39:07.939  2930  2930 W auditd  : type=1325 audit(0.0:218): table=filter family=10 entries=103
12-27 17:39:07.939  2930  2930 W auditd  : type=1320 audit(0.0:218): 
12-27 17:39:07.939  3334  3365 V PackageManager: reconcileAppsData for null u0 0x2
12-27 17:39:07.939  3027  3027 E installd: Failed to mark default storage /data/data/com.android.providers.telephony: Operation not supported on transport endpoint
12-27 17:39:07.939  3334  3365 W PackageManager: Failed to migrate com.android.providers.telephony: Failed to execute migrate_app_data [null, com.android.providers.telephony, 0, 1]: -1
12-27 17:39:07.941  3027  3027 E installd: Failed to mark default storage /data/data/com.android.mms.service: Operation not supported on transport endpoint
12-27 17:39:07.941  3334  3365 W PackageManager: Failed to migrate com.android.mms.service: Failed to execute migrate_app_data [null, com.android.mms.service, 0, 2]: -1
12-27 17:39:07.942  3027  3027 E installd: Failed to mark default storage /data/data/com.android.defcontainer: Operation not supported on transport endpoint
12-27 17:39:07.942  3334  3365 W PackageManager: Failed to migrate com.android.defcontainer: Failed to execute migrate_app_data [null, com.android.defcontainer, 0, 1]: -1
12-27 17:39:07.943  3027  3027 E installd: Failed to mark default storage /data/data/android: Operation not supported on transport endpoint
12-27 17:39:07.944  3334  3365 W PackageManager: Failed to migrate android: Failed to execute migrate_app_data [null, android, 0, 1]: -1
12-27 17:39:07.945  3027  3027 E installd: Failed to mark default storage /data/data/cyanogenmod.platform: Operation not supported on transport endpoint
12-27 17:39:07.945  3334  3365 W PackageManager: Failed to migrate cyanogenmod.platform: Failed to execute migrate_app_data [null, cyanogenmod.platform, 0, 2]: -1
12-27 17:39:07.946  3027  3027 E installd: Failed to mark default storage /data/data/com.android.providers.settings: Operation not supported on transport endpoint
12-27 17:39:07.946  3334  3365 W PackageManager: Failed to migrate com.android.providers.settings: Failed to execute migrate_app_data [null, com.android.providers.settings, 0, 1]: -1
12-27 17:39:07.947  3027  3027 E installd: Failed to mark default storage /data/data/org.cyanogenmod.livelockscreen.service: Operation not supported on transport endpoint
12-27 17:39:07.947  3334  3365 W PackageManager: Failed to migrate org.cyanogenmod.livelockscreen.service: Failed to execute migrate_app_data [null, org.cyanogenmod.livelockscreen.service, 0, 2]: -1
12-27 17:39:07.948  3027  3027 E installd: Failed to mark default storage /data/data/com.android.inputdevices: Operation not supported on transport endpoint
12-27 17:39:07.948  3334  3365 W PackageManager: Failed to migrate com.android.inputdevices: Failed to execute migrate_app_data [null, com.android.inputdevices, 0, 1]: -1
12-27 17:39:07.949  2930  2930 W auditd  : type=1325 audit(0.0:219): table=filter family=2 entries=91
12-27 17:39:07.949  2930  2930 W auditd  : type=1320 audit(0.0:219): 
12-27 17:39:07.949  2930  2930 W auditd  : type=1325 audit(0.0:220): table=filter family=10 entries=102
12-27 17:39:07.949  2930  2930 W auditd  : type=1320 audit(0.0:220): 
12-27 17:39:07.949  3027  3027 E installd: Failed to mark default storage /data/data/android.ext.shared: Operation not supported on transport endpoint
12-27 17:39:07.949  3334  3365 W PackageManager: Failed to migrate android.ext.shared: Failed to execute migrate_app_data [null, android.ext.shared, 0, 1]: -1
12-27 17:39:07.950  3027  3027 E installd: Failed to mark default storage /data/data/com.android.server.telecom: Operation not supported on transport endpoint
12-27 17:39:07.950  3334  3365 W PackageManager: Failed to migrate com.android.server.telecom: Failed to execute migrate_app_data [null, com.android.server.telecom, 0, 1]: -1
12-27 17:39:07.951  3027  3027 E installd: Failed to mark default storage /data/data/com.android.dialer: Operation not supported on transport endpoint
12-27 17:39:07.951  3334  3365 W PackageManager: Failed to migrate com.android.dialer: Failed to execute migrate_app_data [null, com.android.dialer, 0, 2]: -1
12-27 17:39:07.952  3027  3027 E installd: Failed to mark default storage /data/data/android.ext.services: Operation not supported on transport endpoint
12-27 17:39:07.952  3334  3365 W PackageManager: Failed to migrate android.ext.services: Failed to execute migrate_app_data [null, android.ext.services, 0, 1]: -1
12-27 17:39:07.953  3027  3027 E installd: Failed to mark default storage /data/data/org.cyanogenmod.cmsettings: Operation not supported on transport endpoint
12-27 17:39:07.953  3334  3365 W PackageManager: Failed to migrate org.cyanogenmod.cmsettings: Failed to execute migrate_app_data [null, org.cyanogenmod.cmsettings, 0, 1]: -1
12-27 17:39:07.954  3027  3027 E installd: Failed to mark default storage /data/data/com.android.packageinstaller: Operation not supported on transport endpoint
12-27 17:39:07.954  3334  3365 W PackageManager: Failed to migrate com.android.packageinstaller: Failed to execute migrate_app_data [null, com.android.packageinstaller, 0, 1]: -1
12-27 17:39:07.955  3027  3027 E installd: Failed to mark default storage /data/data/com.android.proxyhandler: Operation not supported on transport endpoint
12-27 17:39:07.955  3334  3365 W PackageManager: Failed to migrate com.android.proxyhandler: Failed to execute migrate_app_data [null, com.android.proxyhandler, 0, 1]: -1
12-27 17:39:07.956  3027  3027 E installd: Failed to mark default storage /data/data/com.android.inputmethod.latin: Operation not supported on transport endpoint
12-27 17:39:07.956  3334  3365 W PackageManager: Failed to migrate com.android.inputmethod.latin: Failed to execute migrate_app_data [null, com.android.inputmethod.latin, 0, 1]: -1
12-27 17:39:07.957  3027  3027 E installd: Failed to mark default storage /data/data/com.android.settings: Operation not supported on transport endpoint
12-27 17:39:07.957  3334  3365 W PackageManager: Failed to migrate com.android.settings: Failed to execute migrate_app_data [null, com.android.settings, 0, 1]: -1
12-27 17:39:07.958  3027  3027 E installd: Failed to mark default storage /data/data/com.android.phone: Operation not supported on transport endpoint
12-27 17:39:07.958  3334  3365 W PackageManager: Failed to migrate com.android.phone: Failed to execute migrate_app_data [null, com.android.phone, 0, 1]: -1
12-27 17:39:07.959  3027  3027 E installd: Failed to mark default storage /data/data/com.android.shell: Operation not supported on transport endpoint
12-27 17:39:07.959  3334  3365 W PackageManager: Failed to migrate com.android.shell: Failed to execute migrate_app_data [null, com.android.shell, 0, 1]: -1
12-27 17:39:07.960  3027  3027 E installd: Failed to mark default storage /data/data/com.android.location.fused: Operation not supported on transport endpoint
12-27 17:39:07.960  3334  3365 W PackageManager: Failed to migrate com.android.location.fused: Failed to execute migrate_app_data [null, com.android.location.fused, 0, 1]: -1
12-27 17:39:07.961  3027  3027 E installd: Failed to mark default storage /data/data/com.android.systemui: Operation not supported on transport endpoint
12-27 17:39:07.961  3334  3365 W PackageManager: Failed to migrate com.android.systemui: Failed to execute migrate_app_data [null, com.android.systemui, 0, 1]: -1
12-27 17:39:07.962  3027  3027 E installd: Failed to mark default storage /data/data/org.cyanogenmod.weatherservice: Operation not supported on transport endpoint
12-27 17:39:07.962  3334  3365 W PackageManager: Failed to migrate org.cyanogenmod.weatherservice: Failed to execute migrate_app_data [null, org.cyanogenmod.weatherservice, 0, 2]: -1
12-27 17:39:07.963  3334  3365 V PackageManager: reconcileAppsData finished 22 packages
12-27 17:39:07.963  3334  3358 D BluetoothManagerService: User 0 unlocked
12-27 17:39:07.963  3334  3358 D MountService: onUnlockUser 0
12-27 17:39:07.963  3334  3358 D VoldConnector: SND -> {14 volume user_started 0}
12-27 17:39:07.963  3334  3404 D VoldConnector: RCV <- {200 14 Command succeeded}
12-27 17:39:07.965  3334  3412 D WIFI    : Registering NetworkFactory
12-27 17:39:07.965  3334  3412 D WIFI_UT : Registering NetworkFactory
12-27 17:39:07.965  3334  3417 D ConnectivityService: Got NetworkFactory Messenger for WIFI
12-27 17:39:07.965  3334  3417 D ConnectivityService: Got NetworkFactory Messenger for WIFI_UT
12-27 17:39:07.965  3334  3364 D BluetoothManagerService: Message: 301
12-27 17:39:07.965  3334  3364 D BluetoothManagerService: MESSAGE_USER_UNLOCKED
12-27 17:39:07.965  3334  3364 D BluetoothManagerService: Enabled but not bound; retrying after unlock
12-27 17:39:07.965  3334  3364 E BluetoothManagerService: Fail to bind to: Intent { act=android.bluetooth.IBluetooth }
12-27 17:39:07.965  3334  3412 D WIFI    : got request NetworkRequest [ REQUEST id=1, [ Capabilities: INTERNET&NOT_RESTRICTED&TRUSTED&NOT_VPN] ] with score 0
12-27 17:39:07.965  3334  3412 D WIFI_UT : got request NetworkRequest [ REQUEST id=1, [ Capabilities: INTERNET&NOT_RESTRICTED&TRUSTED&NOT_VPN] ] with score 0
12-27 17:39:07.966  3334  3334 I InputMethodManagerService: All the enabled IMEs are gone. Reset default enabled IMEs.
12-27 17:39:07.969  3357  3357 I android.bg: type=1400 audit(0.0:221): avc: denied { read } for name="mem" dev="debugfs" ino=3119 scontext=u:r:system_server:s0 tcontext=u:object_r:debugfs:s0 tclass=dir permissive=1
12-27 17:39:07.969  3357  3357 I android.bg: type=1400 audit(0.0:221): avc: denied { open } for path="/sys/kernel/debug/mali/mem" dev="debugfs" ino=3119 scontext=u:r:system_server:s0 tcontext=u:object_r:debugfs:s0 tclass=dir permissive=1
12-27 17:39:07.969  3357  3357 W android.bg: type=1300 audit(0.0:221): arch=c00000b7 syscall=56 success=yes exit=229 a0=ffffff9c a1=7f9f980161 a2=84000 a3=0 items=0 ppid=3022 auid=4294967295 uid=1000 gid=1000 euid=1000 suid=1000 fsuid=1000 egid=1000 sgid=1000 fsgid=1000 tty=(none) ses=4294967295 exe="/system/bin/app_process64" subj=u:r:system_server:s0 key=(null)
12-27 17:39:07.969  2930  2930 W auditd  : type=1327 audit(0.0:221): proctitle="system_server"
12-27 17:39:07.969  2930  2930 W auditd  : type=1320 audit(0.0:221): 
12-27 17:39:07.981  3334  3358 V BackupManagerService: No ancestral data
12-27 17:39:07.985  3334  3358 V BackupManagerService: Starting with transport com.google.android.gms/.backup.BackupTransportService
12-27 17:39:07.985  3334  3358 V BackupManagerService: Found transports: 1
12-27 17:39:07.986  3334  3358 I BackupManagerService: Backup enable apparently not migrated
12-27 17:39:07.986  3334  3358 I BackupManagerService: Migrating enable state false
12-27 17:39:07.986  3334  3358 I BackupManagerService: Backup enabled => false
12-27 17:39:07.987  3334  3358 W AppWidgetServiceImpl: Failed to read state: java.io.FileNotFoundException: /data/system/users/0/appwidgets.xml (No such file or directory)
12-27 17:39:07.987  3334  3358 V AppWidgetServiceImpl: Upgrading widget database from 0 to 1
12-27 17:39:07.987  3334  3358 W VoiceInteractionManagerService: no available voice interaction services found for user 0
12-27 17:39:07.987  3334  3358 W VoiceInteractionManagerService: no available voice recognition services found for user 0
12-27 17:39:07.988  3334  3358 I BrokerableCMSystemService: Connecting to implementation
12-27 17:39:07.988  3334  3890 V KeyValueBackupJob: Scheduling k/v pass in 244 minutes
12-27 17:39:07.988  3334  3358 W ContextImpl: Calling a method in the system process without a qualified user: android.app.ContextImpl.bindService:1421 org.cyanogenmod.platform.internal.BrokerableCMSystemService.tryConnecting:199 org.cyanogenmod.platform.internal.WeatherManagerServiceBroker.onUnlockUser:97 com.android.server.SystemServiceManager.unlockUser:178 com.android.server.am.ActivityManagerService$MainHandler.handleMessage:2054 
12-27 17:39:08.001  3334  3902 W ResourceType: No known package when getting value for resource number 0x7f020116
12-27 17:39:08.001  3334  3902 W ResourceType: No known package when getting value for resource number 0x7f0c04c8
12-27 17:39:08.002  3334  3902 W ResourceType: No known package when getting value for resource number 0x7f020115
12-27 17:39:08.002  3334  3902 W ResourceType: No known package when getting value for resource number 0x7f0c0a57
12-27 17:39:08.002  3334  3902 W ResourceType: No known package when getting value for resource number 0x7f020114
12-27 17:39:08.002  3334  3902 W ResourceType: No known package when getting value for resource number 0x7f0c0911
12-27 17:39:08.006  3334  3358 I ActivityManager: Start proc 3903:org.cyanogenmod.weatherservice/u0a6 for service org.cyanogenmod.weatherservice/.WeatherManagerService
12-27 17:39:08.007  3334  3359 I ActivityManager: Config changes=20 {1.0 ?mcc?mnc [en_US] ldltr sw360dp w360dp h616dp 640dpi nrml long port finger -keyb/v/h -nav/h s.6}
12-27 17:39:08.013  3334  3358 I ActivityManager: Loading recents for user 0 into memory.
12-27 17:39:08.016  3334  3358 I PreBootBroadcaster: Pre-boot of {com.android.settings/com.android.settings.SettingsInitialize} for user 0
12-27 17:39:08.016  3334  3334 V BackupManagerService: Connected to transport ComponentInfo{android/com.android.internal.backup.LocalTransportService}
12-27 17:39:08.016  3334  3334 V BackupManagerService: Registering transport android/com.android.internal.backup.LocalTransportService::android/com.android.internal.backup.LocalTransport = android.app.backup.BackupTransport$TransportImpl@4a1309d
12-27 17:39:08.042  3903  3903 W System  : ClassLoader referenced unknown path: /system/priv-app/WeatherManagerService/lib/arm64
12-27 17:39:08.045  3603  3603 D CarrierSvcBindHelper: Received android.intent.action.USER_UNLOCKED
12-27 17:39:08.046  3603  3603 E PhoneInterfaceManager: [PhoneIntfMgr] getCarrierPackageNamesForIntent: No UICC
12-27 17:39:08.046  3603  3603 D CarrierSvcBindHelper: No carrier app for: 0
12-27 17:39:08.048  3334  3666 E DevicePolicyManagerService: Could not retrieve certificates from KeyChain service
12-27 17:39:08.048  3334  3666 E DevicePolicyManagerService: java.lang.RuntimeException: java.lang.AssertionError: could not bind to KeyChainService
12-27 17:39:08.048  3334  3666 E DevicePolicyManagerService: 	at com.android.server.devicepolicy.DevicePolicyManagerService$MonitoringCertNotificationTask.getInstalledCaCertificates(DevicePolicyManagerService.java:2824)
12-27 17:39:08.048  3334  3666 E DevicePolicyManagerService: 	at com.android.server.devicepolicy.DevicePolicyManagerService$MonitoringCertNotificationTask.manageNotification(DevicePolicyManagerService.java:2734)
12-27 17:39:08.048  3334  3666 E DevicePolicyManagerService: 	at com.android.server.devicepolicy.DevicePolicyManagerService$MonitoringCertNotificationTask.doInBackground(DevicePolicyManagerService.java:2721)
12-27 17:39:08.048  3334  3666 E DevicePolicyManagerService: 	at com.android.server.devicepolicy.DevicePolicyManagerService$MonitoringCertNotificationTask.doInBackground(DevicePolicyManagerService.java:2713)
12-27 17:39:08.048  3334  3666 E DevicePolicyManagerService: 	at android.os.AsyncTask$2.call(AsyncTask.java:305)
12-27 17:39:08.048  3334  3666 E DevicePolicyManagerService: 	at java.util.concurrent.FutureTask.run(FutureTask.java:237)
12-27 17:39:08.048  3334  3666 E DevicePolicyManagerService: 	at android.os.AsyncTask$SerialExecutor$1.run(AsyncTask.java:243)
12-27 17:39:08.048  3334  3666 E DevicePolicyManagerService: 	at java.util.concurrent.ThreadPoolExecutor.runWorker(ThreadPoolExecutor.java:1133)
12-27 17:39:08.048  3334  3666 E DevicePolicyManagerService: 	at java.util.concurrent.ThreadPoolExecutor$Worker.run(ThreadPoolExecutor.java:607)
12-27 17:39:08.048  3334  3666 E DevicePolicyManagerService: 	at java.lang.Thread.run(Thread.java:761)
12-27 17:39:08.048  3334  3666 E DevicePolicyManagerService: Caused by: java.lang.AssertionError: could not bind to KeyChainService
12-27 17:39:08.048  3334  3666 E DevicePolicyManagerService: 	at android.security.KeyChain.bindAsUser(KeyChain.java:601)
12-27 17:39:08.048  3334  3666 E DevicePolicyManagerService: 	at com.android.server.devicepolicy.DevicePolicyManagerService$MonitoringCertNotificationTask.getInstalledCaCertificates(DevicePolicyManagerService.java:2813)
12-27 17:39:08.048  3334  3666 E DevicePolicyManagerService: 	... 9 more
12-27 17:39:08.049  3903  3903 I .weatherservice: type=1400 audit(0.0:222): avc: denied { write } for name="org.cyanogenmod.weatherservice" dev="tmpfs" ino=17238 scontext=u:r:priv_app:s0:c512,c768 tcontext=u:object_r:system_data_file:s0 tclass=dir permissive=1
12-27 17:39:08.049  3903  3903 I .weatherservice: type=1400 audit(0.0:222): avc: denied { add_name } for name="code_cache" scontext=u:r:priv_app:s0:c512,c768 tcontext=u:object_r:system_data_file:s0 tclass=dir permissive=1
12-27 17:39:08.049  3903  3903 I .weatherservice: type=1400 audit(0.0:222): avc: denied { create } for name="code_cache" scontext=u:r:priv_app:s0:c512,c768 tcontext=u:object_r:system_data_file:s0:c512,c768 tclass=dir permissive=1
12-27 17:39:08.049  3903  3903 W .weatherservice: type=1300 audit(0.0:222): arch=c00000b7 syscall=34 success=yes exit=0 a0=ffffff9c a1=7f9bf1f340 a2=1f9 a3=39 items=0 ppid=3022 auid=4294967295 uid=10006 gid=10006 euid=10006 suid=10006 fsuid=10006 egid=10006 sgid=10006 fsgid=10006 tty=(none) ses=4294967295 exe="/system/bin/app_process64" subj=u:r:priv_app:s0:c512,c768 key=(null)
12-27 17:39:08.049  2930  2930 W auditd  : type=1327 audit(0.0:222): proctitle="org.cyanogenmod.weatherservice"
12-27 17:39:08.049  2930  2930 W auditd  : type=1320 audit(0.0:222): 
12-27 17:39:08.049  3903  3903 I .weatherservice: type=1400 audit(0.0:223): avc: denied { setattr } for name="code_cache" dev="tmpfs" ino=18256 scontext=u:r:priv_app:s0:c512,c768 tcontext=u:object_r:system_data_file:s0:c512,c768 tclass=dir permissive=1
12-27 17:39:08.055  3334  3345 I PreBootBroadcaster: Pre-boot of {org.cyanogenmod.cmsettings/org.cyanogenmod.cmsettings.PreBootReceiver} for user 0
12-27 17:39:08.057  3334  3334 I AccountManagerService: Creating DE database for user 0
12-27 17:39:08.062  3334  3334 I AccountManagerService: User 0 is unlocked - opening CE database
12-27 17:39:08.062  3859  3859 D SimSelectNotification:  no of slots 1 provision = false
12-27 17:39:08.064  3334  3334 I AccountManagerService: Creating CE database /data/system_ce/0/accounts_ce.db
12-27 17:39:08.077  3492  3492 W KeyguardUpdateMonitor: invalid subId in handleSimStateChange()
12-27 17:39:08.082  3334  3334 D ActivityManager: Sending BOOT_COMPLETE user #0
12-27 17:39:08.085  3334  3334 D ZenLog  : disable_effects: 0|android|0|PreBootBroadcaster|1000,booleanState
12-27 17:39:08.085  3334  3334 D ZenLog  : disable_effects: 0|android|0|PreBootBroadcaster|1000,booleanState
12-27 17:39:08.085  3334  3334 I BrokerableCMSystemService: Implementation service connected
12-27 17:39:08.088  3334  3422 D NotificationSQLiteLog: Pruned event entries: 0
12-27 17:39:08.093  3334  3334 D ZenLog  : disable_effects: -1|android|17040516|null|1000,booleanState
12-27 17:39:08.093  3334  3334 D ZenLog  : disable_effects: -1|android|17040523|null|1000,booleanState
12-27 17:39:08.116  3334  3357 W Searchables: No global search activity found
12-27 17:39:08.118  3334  3357 W ActivityManager: Unable to start service Intent { cmp=com.android.printspooler/.model.PrintSpoolerService } U=0: not found
12-27 17:39:08.128  3334  3976 E BootReceiver: Error reading /data/system/last-header.txt
12-27 17:39:08.128  3334  3976 E BootReceiver: java.io.FileNotFoundException: /data/system/last-header.txt (No such file or directory)
12-27 17:39:08.128  3334  3976 E BootReceiver: 	at java.io.FileInputStream.open(Native Method)
12-27 17:39:08.128  3334  3976 E BootReceiver: 	at java.io.FileInputStream.<init>(FileInputStream.java:146)
12-27 17:39:08.128  3334  3976 E BootReceiver: 	at android.os.FileUtils.readTextFile(FileUtils.java:263)
12-27 17:39:08.128  3334  3976 E BootReceiver: 	at com.android.server.BootReceiver.getPreviousBootHeaders(BootReceiver.java:121)
12-27 17:39:08.128  3334  3976 E BootReceiver: 	at com.android.server.BootReceiver.getBootHeadersToLogAndUpdate(BootReceiver.java:143)
12-27 17:39:08.128  3334  3976 E BootReceiver: 	at com.android.server.BootReceiver.logBootEvents(BootReceiver.java:163)
12-27 17:39:08.128  3334  3976 E BootReceiver: 	at com.android.server.BootReceiver.-wrap2(BootReceiver.java)
12-27 17:39:08.128  3334  3976 E BootReceiver: 	at com.android.server.BootReceiver$1.run(BootReceiver.java:93)
12-27 17:39:08.138  3334  3334 I ActivityManager: Start proc 3977:com.android.dialer/u0a4 for broadcast com.android.dialer/.calllog.CallLogReceiver
12-27 17:39:08.142  3334  3976 E RecoverySystem: Failed to read lines in last_install
12-27 17:39:08.142  3334  3976 E RecoverySystem: java.io.FileNotFoundException: /cache/recovery/last_install (No such file or directory)
12-27 17:39:08.142  3334  3976 E RecoverySystem: 	at java.io.FileInputStream.open(Native Method)
12-27 17:39:08.142  3334  3976 E RecoverySystem: 	at java.io.FileInputStream.<init>(FileInputStream.java:146)
12-27 17:39:08.142  3334  3976 E RecoverySystem: 	at java.io.FileReader.<init>(FileReader.java:72)
12-27 17:39:08.142  3334  3976 E RecoverySystem: 	at android.os.RecoverySystem.parseLastInstallLog(RecoverySystem.java:725)
12-27 17:39:08.142  3334  3976 E RecoverySystem: 	at android.os.RecoverySystem.handleAftermath(RecoverySystem.java:818)
12-27 17:39:08.142  3334  3976 E RecoverySystem: 	at com.android.server.BootReceiver.logBootEvents(BootReceiver.java:166)
12-27 17:39:08.142  3334  3976 E RecoverySystem: 	at com.android.server.BootReceiver.-wrap2(BootReceiver.java)
12-27 17:39:08.142  3334  3976 E RecoverySystem: 	at com.android.server.BootReceiver$1.run(BootReceiver.java:93)
12-27 17:39:08.142  3334  3976 I RecoverySystem: Deleted: /cache/recovery/.version
12-27 17:39:08.142  3334  3976 I RecoverySystem: Deleted: /cache/recovery/recovery.fstab
12-27 17:39:08.142  3334  3976 I RecoverySystem: Deleted: /cache/recovery/storage.fstab
12-27 17:39:08.143  3334  3976 I RecoverySystem: Deleted: /cache/recovery/log
12-27 17:39:08.143  3334  3976 I RecoverySystem: Deleted: /cache/recovery/intent
12-27 17:39:08.147  3334  3976 I BootReceiver: No existing last log timestamp file /data/system/log-files.xml; starting empty
12-27 17:39:08.148  3334  3976 I BootReceiver: Copying /proc/last_kmsg to DropBox (SYSTEM_LAST_KMSG)
12-27 17:39:08.158  3334  3346 W SchedPolicy: add_tid_to_cgroup failed to write '3977' (Permission denied); fd=28
12-27 17:39:08.158  3334  3346 W ActivityManager: Failed setting process group of 3977 to 0
12-27 17:39:08.158  3334  3346 W System.err: java.lang.IllegalArgumentException: Invalid argument: 3977
12-27 17:39:08.158  3334  3346 W System.err: 	at android.os.Process.setProcessGroup(Native Method)
12-27 17:39:08.158  3334  3346 W System.err: 	at com.android.server.am.ActivityManagerService.applyOomAdjLocked(ActivityManagerService.java:20627)
12-27 17:39:08.158  3334  3346 W System.err: 	at com.android.server.am.ActivityManagerService.updateOomAdjLocked(ActivityManagerService.java:21227)
12-27 17:39:08.158  3334  3346 W System.err: 	at com.android.server.am.BroadcastQueue.processCurBroadcastLocked(BroadcastQueue.java:272)
12-27 17:39:08.158  3334  3346 W System.err: 	at com.android.server.am.BroadcastQueue.sendPendingBroadcastsLocked(BroadcastQueue.java:313)
12-27 17:39:08.158  3334  3346 W System.err: 	at com.android.server.am.ActivityManagerService.sendPendingBroadcastsLocked(ActivityManagerService.java:17677)
12-27 17:39:08.158  3334  3346 W System.err: 	at com.android.server.am.ActivityManagerService.attachApplicationLocked(ActivityManagerService.java:6816)
12-27 17:39:08.158  3334  3346 W System.err: 	at com.android.server.am.ActivityManagerService.attachApplication(ActivityManagerService.java:6858)
12-27 17:39:08.158  3334  3346 W System.err: 	at android.app.ActivityManagerNative.onTransact(ActivityManagerNative.java:539)
12-27 17:39:08.158  3334  3346 W System.err: 	at com.android.server.am.ActivityManagerService.onTransact(ActivityManagerService.java:2967)
12-27 17:39:08.158  3334  3346 W System.err: 	at android.os.Binder.execTransact(Binder.java:565)
12-27 17:39:08.169  3334  3976 I BootReceiver: Copying audit failures to DropBox
12-27 17:39:08.173  3977  3977 W System  : ClassLoader referenced unknown path: /system/priv-app/Dialer/lib/arm64
12-27 17:39:08.173  3334  3976 I BootReceiver: Copied 0 worth of audits to DropBox
12-27 17:39:08.174  3334  3976 I BootReceiver: Checking for fsck errors
12-27 17:39:08.211  3977  3977 I BlockedNumbersAuto: Updating state as already checked for auto-migrate.
12-27 17:39:08.212  3977  3977 I BlockedNumbersAuto: Attempting to auto-migrate.
12-27 17:39:08.221  3977  3977 I BlockedNumbersAuto: Auto-migrating: no blocked numbers.
12-27 17:39:08.221  3603  3603 D CarrierConfigLoader: mHandler: 13 phoneId: 0
12-27 17:39:08.221  3603  3603 D CarrierConfigLoader: mHandler: 7 phoneId: 0
12-27 17:39:08.222  3603  3603 E CarrierConfigLoader: Failed to get package version for: com.android.carrierconfig
12-27 17:39:08.222  3603  3603 D CarrierConfigLoader: Binding to com.android.carrierconfig for phone 0
12-27 17:39:08.222  3475  3475 I SystemBroadcastReceiver: Boot has been completed
12-27 17:39:08.222  3475  3475 I SystemBroadcastReceiver: toggleAppIcon() : FLAG_SYSTEM = true
12-27 17:39:08.222  3334  3532 W ActivityManager: Unable to start service Intent { act=android.service.carrier.CarrierService pkg=com.android.carrierconfig } U=0: not found
12-27 17:39:08.225  3977  3999 W CountryDetector: No location permissions, not registering for location updates.
12-27 17:39:08.226  3334  3334 I Telecom : PhoneAccountRegistrar: SimCallManager queried, returning: null: TSI.gSCMFU@AA4
12-27 17:39:08.229  3977  3999 E ActivityThread: Failed to find provider info for call_log
12-27 17:39:08.244  3603  3603 V VvmBootCompletedRcvr: processing subId list
12-27 17:39:08.246  3603  3603 E VvmBootCompletedRcvr: phone account ComponentInfo{com.android.phone/com.android.services.telephony.TelephonyConnectionService}, [e0184adedf913b076626646d3f52c3b49c39ad6d], UserHandle{0} has invalid subId -1
12-27 17:39:08.247  3603  3603 I VvmSimChangeReceiver: Received SIM change for invalid subscription id.
12-27 17:39:08.251  3603  4004 D SIP     : [SipPreferences] isReceivingCallsEnabled, option not set; use default value, exception: android.provider.Settings$SettingNotFoundException: sip_receive_calls
12-27 17:39:08.465  3020  3020 D wrapperGPS: wrapperConnect_RILD
12-27 17:39:09.466  3020  3020 D wrapperGPS: wrapperConnect_RILD
12-27 17:39:09.469  3837  3837 I DeferredSaveThr: type=1400 audit(0.0:231): avc: denied { create } for name="com.android.opengl.shaders_cache" scontext=u:r:platform_app:s0:c512,c768 tcontext=u:object_r:system_data_file:s0:c512,c768 tclass=file permissive=1
12-27 17:39:09.469  3837  3837 I DeferredSaveThr: type=1400 audit(0.0:231): avc: denied { write } for path="/data/user_de/0/com.android.systemui/code_cache/com.android.opengl.shaders_cache" dev="tmpfs" ino=18310 scontext=u:r:platform_app:s0:c512,c768 tcontext=u:object_r:system_data_file:s0:c512,c768 tclass=file permissive=1
12-27 17:39:09.469  3837  3837 W DeferredSaveThr: type=1300 audit(0.0:231): arch=c00000b7 syscall=56 success=yes exit=55 a0=ffffff9c a1=7f9be33ff8 a2=c2 a3=0 items=0 ppid=3022 auid=4294967295 uid=10007 gid=10007 euid=10007 suid=10007 fsuid=10007 egid=10007 sgid=10007 fsgid=10007 tty=(none) ses=4294967295 exe="/system/bin/app_process64" subj=u:r:platform_app:s0:c512,c768 key=(null)
12-27 17:39:09.469  2930  2930 W auditd  : type=1327 audit(0.0:231): proctitle="com.android.systemui"
12-27 17:39:09.469  2930  2930 W auditd  : type=1320 audit(0.0:231): 
12-27 17:39:09.469  3837  3837 I DeferredSaveThr: type=1400 audit(0.0:232): avc: denied { setattr } for name="com.android.opengl.shaders_cache" dev="tmpfs" ino=18310 scontext=u:r:platform_app:s0:c512,c768 tcontext=u:object_r:system_data_file:s0:c512,c768 tclass=file permissive=1
12-27 17:39:09.469  3837  3837 W DeferredSaveThr: type=1300 audit(0.0:232): arch=c00000b7 syscall=52 success=yes exit=0 a0=37 a1=100 a2=7f94400000 a3=20 items=0 ppid=3022 auid=4294967295 uid=10007 gid=10007 euid=10007 suid=10007 fsuid=10007 egid=10007 sgid=10007 fsgid=10007 tty=(none) ses=4294967295 exe="/system/bin/app_process64" subj=u:r:platform_app:s0:c512,c768 key=(null)
12-27 17:39:09.469  2930  2930 W auditd  : type=1327 audit(0.0:232): proctitle="com.android.systemui"
12-27 17:39:09.469  2930  2930 W auditd  : type=1320 audit(0.0:232): 
12-27 17:39:10.466  3020  3020 D wrapperGPS: wrapperConnect_RILD
12-27 17:39:11.466  3020  3020 D wrapperGPS: wrapperConnect_RILD
12-27 17:39:12.466  3020  3020 D wrapperGPS: wrapperConnect_RILD
12-27 17:39:13.467  3020  3020 D wrapperGPS: wrapperConnect_RILD
12-27 17:39:14.467  3020  3020 D wrapperGPS: wrapperConnect_RILD
12-27 17:39:15.467  3020  3020 D wrapperGPS: wrapperConnect_RILD
12-27 17:39:16.468  3020  3020 D wrapperGPS: wrapperConnect_RILD
12-27 17:39:17.468  3020  3020 D wrapperGPS: wrapperConnect_RILD
12-27 17:39:18.065  3334  3402 I InputReader: Reconfiguring input devices.  changes=0x00000010
12-27 17:39:18.066  3334  3402 I InputReader: Reconfiguring input devices.  changes=0x00000010
12-27 17:39:18.066  3334  3402 I InputReader: Reconfiguring input devices.  changes=0x00000010
12-27 17:39:18.067  3603  3603 E PhoneInterfaceManager: [PhoneIntfMgr] getCarrierPackageNamesForIntent: No UICC
12-27 17:39:18.067  3603  3603 D CarrierSvcBindHelper: No carrier app for: 0
12-27 17:39:18.068  3603  3603 E PhoneInterfaceManager: [PhoneIntfMgr] getCarrierPackageNamesForIntent: No UICC
12-27 17:39:18.068  3603  3603 D CarrierSvcBindHelper: No carrier app for: 0
12-27 17:39:18.069  3603  3603 E PhoneInterfaceManager: [PhoneIntfMgr] getCarrierPackageNamesForIntent: No UICC
12-27 17:39:18.069  3603  3603 D CarrierSvcBindHelper: No carrier app for: 0
12-27 17:39:18.119  3334  3357 E RemotePrintSpooler: Error pruning approved print services.
12-27 17:39:18.119  3334  3357 E RemotePrintSpooler: java.util.concurrent.TimeoutException: Cannot get spooler!
12-27 17:39:18.119  3334  3357 E RemotePrintSpooler: 	at com.android.server.print.RemotePrintSpooler.bindLocked(RemotePrintSpooler.java:633)
12-27 17:39:18.119  3334  3357 E RemotePrintSpooler: 	at com.android.server.print.RemotePrintSpooler.getRemoteInstanceLazy(RemotePrintSpooler.java:602)
12-27 17:39:18.119  3334  3357 E RemotePrintSpooler: 	at com.android.server.print.RemotePrintSpooler.pruneApprovedPrintServices(RemotePrintSpooler.java:515)
12-27 17:39:18.119  3334  3357 E RemotePrintSpooler: 	at com.android.server.print.UserState.prunePrintServices(UserState.java:996)
12-27 17:39:18.119  3334  3357 E RemotePrintSpooler: 	at com.android.server.print.UserState.<init>(UserState.java:159)
12-27 17:39:18.119  3334  3357 E RemotePrintSpooler: 	at com.android.server.print.PrintManagerService$PrintManagerImpl.getOrCreateUserStateLocked(PrintManagerService.java:822)
12-27 17:39:18.119  3334  3357 E RemotePrintSpooler: 	at com.android.server.print.PrintManagerService$PrintManagerImpl.-wrap0(PrintManagerService.java)
12-27 17:39:18.119  3334  3357 E RemotePrintSpooler: 	at com.android.server.print.PrintManagerService$PrintManagerImpl$3.run(PrintManagerService.java:843)
12-27 17:39:18.119  3334  3357 E RemotePrintSpooler: 	at android.os.Handler.handleCallback(Handler.java:751)
12-27 17:39:18.119  3334  3357 E RemotePrintSpooler: 	at android.os.Handler.dispatchMessage(Handler.java:95)
12-27 17:39:18.119  3334  3357 E RemotePrintSpooler: 	at android.os.Looper.loop(Looper.java:154)
12-27 17:39:18.119  3334  3357 E RemotePrintSpooler: 	at android.os.HandlerThread.run(HandlerThread.java:61)
12-27 17:39:18.119  3334  3357 W ActivityManager: Unable to start service Intent { cmp=com.android.printspooler/.model.PrintSpoolerService } U=0: not found
12-27 17:39:18.468  3020  3020 D wrapperGPS: wrapperConnect_RILD
12-27 17:39:19.468  3020  3020 D wrapperGPS: wrapperConnect_RILD
12-27 17:39:20.469  3020  3020 D wrapperGPS: wrapperConnect_RILD
12-27 17:39:21.469  3020  3020 D wrapperGPS: wrapperConnect_RILD
12-27 17:39:22.469  3020  3020 D wrapperGPS: wrapperConnect_RILD
12-27 17:39:23.470  3020  3020 D wrapperGPS: wrapperConnect_RILD
12-27 17:39:24.470  3020  3020 D wrapperGPS: wrapperCloseClient_RILD
12-27 17:39:24.470  3020  3020 D gpsd    : WakeLock(Acquire,GPSD)
12-27 17:39:24.470  3020  3020 D gpsd    : WakeLock(Release,GPSD)
12-27 17:39:24.470  3020  3020 D gpsd    : WakeLock(Acquire,GPSD)
12-27 17:39:24.470  3020  3020 D gpsd    : WakeLock(Release,GPSD)
12-27 17:39:28.120  3334  3357 E RemotePrintSpooler: Error removing obsolete print jobs .
12-27 17:39:28.120  3334  3357 E RemotePrintSpooler: java.util.concurrent.TimeoutException: Cannot get spooler!
12-27 17:39:28.120  3334  3357 E RemotePrintSpooler: 	at com.android.server.print.RemotePrintSpooler.bindLocked(RemotePrintSpooler.java:633)
12-27 17:39:28.120  3334  3357 E RemotePrintSpooler: 	at com.android.server.print.RemotePrintSpooler.getRemoteInstanceLazy(RemotePrintSpooler.java:602)
12-27 17:39:28.120  3334  3357 E RemotePrintSpooler: 	at com.android.server.print.RemotePrintSpooler.removeObsoletePrintJobs(RemotePrintSpooler.java:537)
12-27 17:39:28.120  3334  3357 E RemotePrintSpooler: 	at com.android.server.print.UserState.removeObsoletePrintJobs(UserState.java:200)
12-27 17:39:28.120  3334  3357 E RemotePrintSpooler: 	at com.android.server.print.PrintManagerService$PrintManagerImpl$3.run(PrintManagerService.java:849)
12-27 17:39:28.120  3334  3357 E RemotePrintSpooler: 	at android.os.Handler.handleCallback(Handler.java:751)
12-27 17:39:28.120  3334  3357 E RemotePrintSpooler: 	at android.os.Handler.dispatchMessage(Handler.java:95)
12-27 17:39:28.120  3334  3357 E RemotePrintSpooler: 	at android.os.Looper.loop(Looper.java:154)
12-27 17:39:28.120  3334  3357 E RemotePrintSpooler: 	at android.os.HandlerThread.run(HandlerThread.java:61)
12-27 17:39:28.121  3334  3357 W Searchables: No global search activity found
12-27 17:39:28.122  3334  3357 W ActivityManager: Unable to start service Intent { cmp=com.android.printspooler/.model.PrintSpoolerService } U=0: not found
12-27 17:39:34.159  3492  3563 I vol.Events: writeEvent level_changed STREAM_MUSIC 10
12-27 17:39:37.509  1235  1235 I kworker/u16:6: type=1400 audit(0.0:233): avc: denied { open } for path="/efs/FactoryApp/gyro_cal_data" dev="sda3" ino=45 scontext=u:r:kernel:s0 tcontext=u:object_r:app_efs_file:s0 tclass=file permissive=1
12-27 17:39:38.124  3334  3357 E RemotePrintSpooler: Error pruning approved print services.
12-27 17:39:38.124  3334  3357 E RemotePrintSpooler: java.util.concurrent.TimeoutException: Cannot get spooler!
12-27 17:39:38.124  3334  3357 E RemotePrintSpooler: 	at com.android.server.print.RemotePrintSpooler.bindLocked(RemotePrintSpooler.java:633)
12-27 17:39:38.124  3334  3357 E RemotePrintSpooler: 	at com.android.server.print.RemotePrintSpooler.getRemoteInstanceLazy(RemotePrintSpooler.java:602)
12-27 17:39:38.124  3334  3357 E RemotePrintSpooler: 	at com.android.server.print.RemotePrintSpooler.pruneApprovedPrintServices(RemotePrintSpooler.java:515)
12-27 17:39:38.124  3334  3357 E RemotePrintSpooler: 	at com.android.server.print.UserState.prunePrintServices(UserState.java:996)
12-27 17:39:38.124  3334  3357 E RemotePrintSpooler: 	at com.android.server.print.PrintManagerService$PrintManagerImpl$2.onPackageModified(PrintManagerService.java:740)
12-27 17:39:38.124  3334  3357 E RemotePrintSpooler: 	at com.android.internal.content.PackageMonitor.onReceive(PackageMonitor.java:370)
12-27 17:39:38.124  3334  3357 E RemotePrintSpooler: 	at android.app.LoadedApk$ReceiverDispatcher$Args.run(LoadedApk.java:1122)
12-27 17:39:38.124  3334  3357 E RemotePrintSpooler: 	at android.os.Handler.handleCallback(Handler.java:751)
12-27 17:39:38.124  3334  3357 E RemotePrintSpooler: 	at android.os.Handler.dispatchMessage(Handler.java:95)
12-27 17:39:38.124  3334  3357 E RemotePrintSpooler: 	at android.os.Looper.loop(Looper.java:154)
12-27 17:39:38.124  3334  3357 E RemotePrintSpooler: 	at android.os.HandlerThread.run(HandlerThread.java:61)
12-27 17:39:38.128  3334  3357 W Searchables: No global search activity found
12-27 17:39:38.131  3334  3357 W ActivityManager: Unable to start service Intent { cmp=com.android.printspooler/.model.PrintSpoolerService } U=0: not found
12-27 17:39:47.805  3334  3412 D WifiNative-HAL: Failing getSupportedFeatureset because HAL isn't started
12-27 17:39:47.810  3334  3361 E BatteryStatsService: no controller energy info supplied
12-27 17:39:47.810  3334  3361 E BatteryStatsService: no controller energy info supplied
12-27 17:39:48.134  3334  3357 E RemotePrintSpooler: Error pruning approved print services.
12-27 17:39:48.134  3334  3357 E RemotePrintSpooler: java.util.concurrent.TimeoutException: Cannot get spooler!
12-27 17:39:48.134  3334  3357 E RemotePrintSpooler: 	at com.android.server.print.RemotePrintSpooler.bindLocked(RemotePrintSpooler.java:633)
12-27 17:39:48.134  3334  3357 E RemotePrintSpooler: 	at com.android.server.print.RemotePrintSpooler.getRemoteInstanceLazy(RemotePrintSpooler.java:602)
12-27 17:39:48.134  3334  3357 E RemotePrintSpooler: 	at com.android.server.print.RemotePrintSpooler.pruneApprovedPrintServices(RemotePrintSpooler.java:515)
12-27 17:39:48.134  3334  3357 E RemotePrintSpooler: 	at com.android.server.print.UserState.prunePrintServices(UserState.java:996)
12-27 17:39:48.134  3334  3357 E RemotePrintSpooler: 	at com.android.server.print.PrintManagerService$PrintManagerImpl$2.onPackageModified(PrintManagerService.java:740)
12-27 17:39:48.134  3334  3357 E RemotePrintSpooler: 	at com.android.internal.content.PackageMonitor.onReceive(PackageMonitor.java:370)
12-27 17:39:48.134  3334  3357 E RemotePrintSpooler: 	at android.app.LoadedApk$ReceiverDispatcher$Args.run(LoadedApk.java:1122)
12-27 17:39:48.134  3334  3357 E RemotePrintSpooler: 	at android.os.Handler.handleCallback(Handler.java:751)
12-27 17:39:48.134  3334  3357 E RemotePrintSpooler: 	at android.os.Handler.dispatchMessage(Handler.java:95)
12-27 17:39:48.134  3334  3357 E RemotePrintSpooler: 	at android.os.Looper.loop(Looper.java:154)
12-27 17:39:48.134  3334  3357 E RemotePrintSpooler: 	at android.os.HandlerThread.run(HandlerThread.java:61)
12-27 17:39:48.140  3334  3357 W ResourceType: No known package when getting value for resource number 0x7f020116
12-27 17:39:48.140  3334  3357 W ResourceType: No known package when getting value for resource number 0x7f0c04c8
12-27 17:39:48.141  3334  3357 W ResourceType: No known package when getting value for resource number 0x7f020115
12-27 17:39:48.141  3334  3357 W ResourceType: No known package when getting value for resource number 0x7f0c0a57
12-27 17:39:48.142  3334  3357 W ResourceType: No known package when getting value for resource number 0x7f020114
12-27 17:39:48.142  3334  3357 W ResourceType: No known package when getting value for resource number 0x7f0c0911
12-27 17:39:48.147  3334  3357 W Searchables: No global search activity found
12-27 17:39:48.152  3334  3357 W ActivityManager: Unable to start service Intent { cmp=com.android.printspooler/.model.PrintSpoolerService } U=0: not found
12-27 17:39:49.811  3334  3361 W BatteryStatsService: Timeout reading modem stats
12-27 17:39:49.812  3334  3361 E BatteryStatsService: power: Missing API
12-27 17:39:58.155  3334  3357 E RemotePrintSpooler: Error pruning approved print services.
12-27 17:39:58.155  3334  3357 E RemotePrintSpooler: java.util.concurrent.TimeoutException: Cannot get spooler!
12-27 17:39:58.155  3334  3357 E RemotePrintSpooler: 	at com.android.server.print.RemotePrintSpooler.bindLocked(RemotePrintSpooler.java:633)
12-27 17:39:58.155  3334  3357 E RemotePrintSpooler: 	at com.android.server.print.RemotePrintSpooler.getRemoteInstanceLazy(RemotePrintSpooler.java:602)
12-27 17:39:58.155  3334  3357 E RemotePrintSpooler: 	at com.android.server.print.RemotePrintSpooler.pruneApprovedPrintServices(RemotePrintSpooler.java:515)
12-27 17:39:58.155  3334  3357 E RemotePrintSpooler: 	at com.android.server.print.UserState.prunePrintServices(UserState.java:996)
12-27 17:39:58.155  3334  3357 E RemotePrintSpooler: 	at com.android.server.print.PrintManagerService$PrintManagerImpl$2.onPackageModified(PrintManagerService.java:740)
12-27 17:39:58.155  3334  3357 E RemotePrintSpooler: 	at com.android.internal.content.PackageMonitor.onReceive(PackageMonitor.java:370)
12-27 17:39:58.155  3334  3357 E RemotePrintSpooler: 	at android.app.LoadedApk$ReceiverDispatcher$Args.run(LoadedApk.java:1122)
12-27 17:39:58.155  3334  3357 E RemotePrintSpooler: 	at android.os.Handler.handleCallback(Handler.java:751)
12-27 17:39:58.155  3334  3357 E RemotePrintSpooler: 	at android.os.Handler.dispatchMessage(Handler.java:95)
12-27 17:39:58.155  3334  3357 E RemotePrintSpooler: 	at android.os.Looper.loop(Looper.java:154)
12-27 17:39:58.155  3334  3357 E RemotePrintSpooler: 	at android.os.HandlerThread.run(HandlerThread.java:61)
12-27 17:39:59.999  3357  3357 I android.bg: type=1400 audit(0.0:234): avc: denied { read } for name="mem" dev="debugfs" ino=3119 scontext=u:r:system_server:s0 tcontext=u:object_r:debugfs:s0 tclass=dir permissive=1
12-27 17:39:59.999  3357  3357 I android.bg: type=1400 audit(0.0:234): avc: denied { open } for path="/sys/kernel/debug/mali/mem" dev="debugfs" ino=3119 scontext=u:r:system_server:s0 tcontext=u:object_r:debugfs:s0 tclass=dir permissive=1
12-27 17:39:59.999  3357  3357 W android.bg: type=1300 audit(0.0:234): arch=c00000b7 syscall=56 success=yes exit=234 a0=ffffff9c a1=7f9f980161 a2=84000 a3=0 items=0 ppid=3022 auid=4294967295 uid=1000 gid=1000 euid=1000 suid=1000 fsuid=1000 egid=1000 sgid=1000 fsgid=1000 tty=(none) ses=4294967295 exe="/system/bin/app_process64" subj=u:r:system_server:s0 key=(null)
12-27 17:39:59.999  2930  2930 W auditd  : type=1327 audit(0.0:234): proctitle="system_server"
12-27 17:39:59.999  2930  2930 W auditd  : type=1320 audit(0.0:234): 
12-27 17:40:07.895  3334  3367 I PowerManagerService: Going to sleep due to screen timeout (uid 1000)...
12-27 17:40:07.898  3334  3367 I DreamManagerService: Entering dreamland.
12-27 17:40:07.901  3334  3367 I PowerManagerService: Dozing...
12-27 17:40:07.904  3334  3363 I DreamController: Starting dream: name=ComponentInfo{com.android.systemui/com.android.systemui.doze.DozeService}, isTest=false, canDoze=true, userId=0
12-27 17:40:08.010  3334  3367 I Sensors : Acc old sensor_state 1, new sensor_state : 0 en : 0
12-27 17:40:08.014  3334  3367 V KeyguardServiceDelegate: onScreenTurnedOff()
12-27 17:40:08.016  3334  3365 I DisplayManagerService: Display device changed state: "Built-in Screen", OFF
12-27 17:40:08.016  3003  3003 D SurfaceFlinger: Set power mode=0, type=0 flinger=0x7f7f647000
12-27 17:40:08.017  3334  3365 W LocalDisplayAdapter: Unable to find color mode 0, ignoring request.
12-27 17:40:08.173  3334  3471 D SurfaceControl: Excessive delay in setPowerMode(): 157ms
12-27 17:40:15.234  3334  3402 I PowerManagerService: Waking up from dozing (uid 1000)...
12-27 17:40:15.235  3334  3334 V KeyguardServiceDelegate: onStartedWakingUp()
12-27 17:40:15.237  3334  3367 I DisplayPowerController: Blocking screen on until initial contents have been drawn.
12-27 17:40:15.241  3334  3367 W LocalDisplayAdapter: Unable to find color mode 0, ignoring request.
12-27 17:40:15.305  3334  3402 D PowerManagerService-JNI: Excessive delay in setInteractive(true) while turning screen on: 69ms
12-27 17:40:15.312  3334  3367 V KeyguardServiceDelegate: onScreenTurnedOn(showListener = com.android.server.policy.PhoneWindowManager$2@15ef2a1)
12-27 17:40:15.314  3334  3365 I DisplayManagerService: Display device changed state: "Built-in Screen", ON
12-27 17:40:15.315  3334  3365 W LocalDisplayAdapter: Unable to find color mode 0, ignoring request.
12-27 17:40:15.316  3003  3003 D SurfaceFlinger: Set power mode=2, type=0 flinger=0x7f7f647000
12-27 17:40:15.322  3334  3345 V KeyguardServiceDelegate: **** SHOWN CALLED ****
12-27 17:40:15.533  3334  3471 D SurfaceControl: Excessive delay in setPowerMode(): 219ms
12-27 17:40:15.543  3334  3359 I Sensors : Acc old sensor_state 0, new sensor_state : 1 en : 1
12-27 17:40:15.551  3334  3367 I DisplayPowerController: Unblocked screen on after 315 ms
12-27 17:40:15.552  3334  3367 V KeyguardServiceDelegate: onScreenTurnedOn()
12-27 17:40:15.552  3334  3367 I DreamManagerService: Gently waking up from dream.
12-27 17:40:15.554  3334  3346 I DreamManagerService: Leaving dreamland.
12-27 17:40:15.554  3334  3363 I DreamController: Stopping dream: name=ComponentInfo{com.android.systemui/com.android.systemui.doze.DozeService}, isTest=false, canDoze=true, userId=0
12-27 17:40:15.655  3334  3359 I WindowManager: Not starting activity because user setup is in progress: Intent { act=android.intent.action.MAIN cat=[android.intent.category.HOME] flg=0x10200000 (has extras) }
12-27 17:42:02.039  4145  4145 I init    : type=1400 audit(0.0:235): avc: denied { create } for name="sap_uim_socket1" scontext=u:r:init:s0 tcontext=u:object_r:socket_device:s0 tclass=sock_file permissive=1
12-27 17:42:02.039  4145  4145 W init    : type=1300 audit(0.0:235): arch=c00000b7 syscall=200 success=yes exit=0 a0=c a1=7fe02fced8 a2=6e a3=1b items=0 ppid=1 auid=4294967295 uid=0 gid=0 euid=0 suid=0 fsuid=0 egid=0 sgid=0 fsgid=0 tty=(none) ses=4294967295 exe="/init" subj=u:r:init:s0 key=(null)
12-27 17:42:02.039  2930  2930 W auditd  : type=1327 audit(0.0:235): proctitle=2F696E6974002D2D7365636F6E642D7374616765
