12-20 07:55:53.512  3060  3060 E installd: failed to read size
12-20 07:55:53.512  3060  3060 I installd: closing connection
12-20 07:55:53.531  3441  3441 I SystemServer: Entered the Android system server!
12-20 07:55:53.553  3059  3059 I ServiceManager: Waiting for service media.camera.proxy...
12-20 07:55:53.566  3441  3441 I SystemServiceManager: Starting com.android.server.pm.Installer
12-20 07:55:53.569  3441  3441 I Installer: Waiting for installd to be ready.
12-20 07:55:53.569  3441  3441 I InstallerConnection: connecting...
12-20 07:55:53.569  3060  3060 I installd: new connection
12-20 07:55:53.570  3441  3441 I SystemServiceManager: Starting com.android.server.am.ActivityManagerService$Lifecycle
12-20 07:55:53.580  3441  3441 I ActivityManager: choosing minFree values for 64 Bit
12-20 07:55:53.580  3441  3441 I ActivityManager: choosing minFree values for 64 Bit
12-20 07:55:53.580  3441  3441 I ActivityManager: choosing minFree values for 64 Bit
12-20 07:55:53.580  3441  3441 I ActivityManager: choosing minFree values for 64 Bit
12-20 07:55:53.580  3441  3441 I ActivityManager: choosing minFree values for 64 Bit
12-20 07:55:53.580  3441  3441 I ActivityManager: choosing minFree values for 64 Bit
12-20 07:55:53.586  3441  3441 I ActivityManager: Memory class: 256
12-20 07:55:53.587  3441  3455 I ServiceThread: Enabled StrictMode logging for ActivityManager looper.
12-20 07:55:53.589  3441  3456 I ServiceThread: Enabled StrictMode logging for android.ui looper.
12-20 07:55:53.595  3441  3441 D BatteryStatsImpl: Reading daily items from /data/system/batterystats-daily.xml
12-20 07:55:53.599  3441  3441 I AppOps  : No existing app ops /data/system/appops.xml; starting empty
12-20 07:55:53.632  3441  3441 I IntentFirewall: Read new rules (A:0 B:0 S:0)
12-20 07:55:53.637  3441  3460 I ServiceThread: Enabled StrictMode logging for android.display looper.
12-20 07:55:53.639  3441  3441 D AppOps  : AppOpsService published
12-20 07:55:53.639  3441  3441 I SystemServiceManager: Starting com.android.server.power.PowerManagerService
12-20 07:55:53.642  3441  3462 I ServiceThread: Enabled StrictMode logging for PowerManagerService looper.
12-20 07:55:53.647  3441  3441 W libsuspend: Error writing 'on' to /sys/power/state: Invalid argument
12-20 07:55:53.647  3441  3441 I libsuspend: Selected wakeup count
12-20 07:55:53.650  3441  3441 I SystemServiceManager: Starting com.android.server.lights.LightsService
12-20 07:55:53.651  3441  3441 I SystemServiceManager: Starting com.android.server.display.DisplayManagerService
12-20 07:55:53.654  3441  3441 I SystemServiceManager: Starting phase 100
12-20 07:55:53.656  3016  3030 E SurfaceFlinger: getDefaultDisplay: id=2 is not a valid default display id
12-20 07:55:53.657  3441  3460 I DisplayManagerService: Display device added: DisplayDeviceInfo{"Built-in Screen": uniqueId="local:0", 1440 x 2560, modeId 1, defaultModeId 1, supportedModes [{id=1, width=1440, height=2560, fps=59.0}], colorTransformId 1, defaultColorTransformId 1, supportedColorTransforms [{id=1, colorTransform=-22}], density 640, 537.882 x 532.983 dpi, appVsyncOff 0, presDeadline 17949152, touch INTERNAL, rotation 0, type BUILT_IN, state UNKNOWN, FLAG_DEFAULT_DISPLAY, FLAG_ROTATES_WITH_CONTENT, FLAG_SECURE, FLAG_SUPPORTS_PROTECTED_BUFFERS}
12-20 07:55:53.657  3016  3016 D SurfaceFlinger: Set power mode=2, type=0 flinger=0x7fa0d43c00
12-20 07:55:53.657  3016  3016 D SurfaceFlinger: Screen type=0 is already mode=2
12-20 07:55:53.673  3441  3460 I DisplayManagerService: Display device changed state: "Built-in Screen", ON
12-20 07:55:53.673  3441  3441 I SystemServer: Package Manager
12-20 07:55:53.682  3441  3441 W SELinuxMMAC: Error opening /data/system/seapp_hash. Assuming first boot.
12-20 07:55:53.684  3441  3441 W FileUtils: Failed to chmod(/data/system/packages.list): android.system.ErrnoException: chmod failed: ENOENT (No such file or directory)
12-20 07:55:53.723  3441  3441 D SELinuxMMAC: Using policy file /system/etc/security/mac_permissions.xml
12-20 07:55:53.726  3441  3441 I PackageManager: No settings file; creating initial state
12-20 07:55:53.729  3162  3162 I rild    : type=1400 audit(0.0:160): avc: denied { write } for name="mps_code.dat" dev="sda3" ino=59 scontext=u:r:rild:s0 tcontext=u:object_r:imei_efs_file:s0 tclass=file permissive=1
12-20 07:55:53.729  3162  3162 W rild    : type=1300 audit(0.0:160): arch=c00000b7 syscall=56 success=yes exit=27 a0=ffffff9c a1=7fa749a0b0 a2=42 a3=1fd items=0 ppid=1 auid=4294967295 uid=1001 gid=1001 euid=1001 suid=1001 fsuid=1001 egid=1001 sgid=1001 fsgid=1001 tty=(none) ses=4294967295 exe="/system/bin/rild" subj=u:r:rild:s0 key=(null)
12-20 07:55:53.729  2950  2950 W auditd  : type=1327 audit(0.0:160): proctitle="/system/bin/rild"
12-20 07:55:53.729  2950  2950 W auditd  : type=1320 audit(0.0:160): 
12-20 07:55:53.734  3441  3441 E art     : DexFile_getDexOptNeeded file '/system/framework/org.apache.http.legacy.jar' does not exist
12-20 07:55:53.734  3441  3441 W PackageManager: Library not found: /system/framework/org.apache.http.legacy.jar
12-20 07:55:53.734  3441  3441 E art     : DexFile_getDexOptNeeded file '/system/framework/com.android.nfc_extras.jar' does not exist
12-20 07:55:53.734  3441  3441 W PackageManager: Library not found: /system/framework/com.android.nfc_extras.jar
12-20 07:55:53.740  3441  3441 E art     : DexFile_getDexOptNeeded file '/system/framework/org.apache.http.legacy.jar' does not exist
12-20 07:55:53.740  3441  3441 W PackageManager: Library not found: /system/framework/org.apache.http.legacy.jar
12-20 07:55:53.740  3441  3441 E art     : DexFile_getDexOptNeeded file '/system/framework/com.android.nfc_extras.jar' does not exist
12-20 07:55:53.740  3441  3441 W PackageManager: Library not found: /system/framework/com.android.nfc_extras.jar
12-20 07:55:53.784  3441  3441 D PackageManager: No files in app dir /vendor/overlay
12-20 07:55:53.784  3441  3441 D PackageManager: start scanDirLI:/system/framework
12-20 07:55:53.785  3441  3441 D PackageManager: max thread:6
12-20 07:55:53.787  3441  3467 W PackageManager: Failed to parse /system/framework/arm: Missing base APK in /system/framework/arm
12-20 07:55:53.787  3441  3468 W PackageManager: Failed to parse /system/framework/arm64: Missing base APK in /system/framework/arm64
12-20 07:55:53.788  3441  3470 W PackageManager: Failed to parse /system/framework/oat: Missing base APK in /system/framework/oat
12-20 07:55:53.791  3441  3471 I PackageManager: /system/framework/org.cyanogenmod.platform-res.apk changed; collecting certs
12-20 07:55:53.800  3441  3469 I PackageManager: /system/framework/framework-res.apk changed; collecting certs
12-20 07:55:53.813  3441  3471 W PackageManager: Permission cyanogenmod.permission.WRITE_ALARMS from package cyanogenmod.platform in an unknown group android.permission-group.SYSTEM_CLOCK
12-20 07:55:53.813  3441  3471 W PackageManager: Permission cyanogenmod.permission.MANAGE_ALARMS from package cyanogenmod.platform in an unknown group android.permission-group.SYSTEM_CLOCK
12-20 07:55:53.813  3441  3471 W PackageManager: Permission cyanogenmod.permission.READ_ALARMS from package cyanogenmod.platform in an unknown group android.permission-group.SYSTEM_CLOCK
12-20 07:55:54.004  3441  3469 W PackageManager: Permission android.permission.SET_KEYGUARD_WALLPAPER from package android in an unknown group android.permission-group.WALLPAPER
12-20 07:55:54.005  3441  3469 W PackageManager: Permission android.permission.MODIFY_PROTECTED_SMS_LIST from package android in an unknown group android.permission-group.MESSAGES
12-20 07:55:54.005  3441  3469 W PackageManager: Permission android.permission.RECEIVE_PROTECTED_SMS from package android in an unknown group android.permission-group.MESSAGES
12-20 07:55:54.005  3441  3469 W PackageManager: Permission android.permission.RESET_BATTERY_STATS from package android in an unknown group android.permission-group.SYSTEM_TOOLS
12-20 07:55:54.005  3441  3441 D PackageManager: end scanDirLI:/system/framework
12-20 07:55:54.008  3441  3441 D PackageManager: start scanDirLI:/system/priv-app
12-20 07:55:54.008  3441  3441 D PackageManager: max thread:6
12-20 07:55:54.016  3441  3467 I PackageManager: /system/priv-app/BackupRestoreConfirmation changed; collecting certs
12-20 07:55:54.016  3441  3472 I PackageManager: /system/priv-app/AudioFX changed; collecting certs
12-20 07:55:54.018  3441  3469 I PackageManager: /system/priv-app/CalendarProvider changed; collecting certs
12-20 07:55:54.019  3441  3468 I PackageManager: /system/priv-app/CMAudioService changed; collecting certs
12-20 07:55:54.019  3441  3470 I PackageManager: /system/priv-app/CMSettingsProvider changed; collecting certs
12-20 07:55:54.022  3441  3471 I PackageManager: /system/priv-app/CMUpdater changed; collecting certs
12-20 07:55:54.024  3441  3469 I PackageManager: New shared user android.uid.calendar: id=10000
12-20 07:55:54.036  3441  3469 I PackageManager: /system/priv-app/CallLogBackup changed; collecting certs
12-20 07:55:54.053  3441  3469 I PackageManager: New shared user android.uid.shared: id=10004
12-20 07:55:54.056  3441  3467 I PackageManager: /system/priv-app/CarrierConfig changed; collecting certs
12-20 07:55:54.061  3441  3468 I PackageManager: /system/priv-app/CellBroadcastReceiver changed; collecting certs
12-20 07:55:54.069  3441  3470 I PackageManager: /system/priv-app/ContactsProvider changed; collecting certs
12-20 07:55:54.072  3441  3472 W PackageParser: No actions in intent filter at /system/priv-app/Contacts/Contacts.apk Binary XML file line #301
12-20 07:55:54.074  3441  3472 I PackageManager: /system/priv-app/Contacts changed; collecting certs
12-20 07:55:54.085  3441  3469 I PackageManager: /system/priv-app/CyanogenSetupWizard changed; collecting certs
12-20 07:55:54.100  3441  3471 I PackageManager: /system/priv-app/DataUsageProvider changed; collecting certs
12-20 07:55:54.110  3441  3468 I PackageManager: /system/priv-app/DefaultContainerService changed; collecting certs
12-20 07:55:54.127  3441  3468 I PackageManager: /system/priv-app/ExternalStorageProvider changed; collecting certs
12-20 07:55:54.136  3441  3471 I PackageManager: /system/priv-app/DownloadProvider changed; collecting certs
12-20 07:55:54.139  3441  3470 W PackageParser: No actions in intent filter at /system/priv-app/Dialer/Dialer.apk Binary XML file line #152
12-20 07:55:54.145  3441  3470 I PackageManager: /system/priv-app/Dialer changed; collecting certs
12-20 07:55:54.145  3441  3467 I PackageManager: /system/priv-app/FusedLocation changed; collecting certs
12-20 07:55:54.147  3441  3471 I PackageManager: New shared user android.media: id=10010
12-20 07:55:54.176  3441  3471 W PackageManager: Permission android.permission.DOWNLOAD_WITHOUT_NOTIFICATION from package com.android.providers.downloads in an unknown group android.permission-group.NETWORK
12-20 07:55:54.177  3441  3468 I PackageManager: /system/priv-app/InputDevices changed; collecting certs
12-20 07:55:54.178  3441  3467 I PackageManager: /system/priv-app/LiveLockScreenService changed; collecting certs
12-20 07:55:54.181  3441  3471 I PackageManager: /system/priv-app/ManagedProvisioning changed; collecting certs
12-20 07:55:54.218  3441  3467 I PackageManager: /system/priv-app/MediaProvider changed; collecting certs
12-20 07:55:54.250  3441  3468 I PackageManager: /system/priv-app/MmsService changed; collecting certs
12-20 07:55:54.257  3441  3471 I PackageManager: /system/priv-app/OneTimeInitializer changed; collecting certs
12-20 07:55:54.275  3441  3471 I PackageManager: /system/priv-app/ProxyHandler changed; collecting certs
12-20 07:55:54.277  3441  3467 I PackageManager: /system/priv-app/PackageInstaller changed; collecting certs
12-20 07:55:54.279  3441  3468 I PackageManager: /system/priv-app/Screencast changed; collecting certs
12-20 07:55:54.317  3441  3468 I PackageManager: /system/priv-app/SettingsProvider changed; collecting certs
12-20 07:55:54.347  3441  3468 I PackageManager: /system/priv-app/SharedStorageBackup changed; collecting certs
12-20 07:55:54.362  3441  3471 I PackageManager: /system/priv-app/Settings changed; collecting certs
12-20 07:55:54.388  3441  3468 I PackageManager: /system/priv-app/Shell changed; collecting certs
12-20 07:55:54.431  3441  3467 I PackageManager: /system/priv-app/StatementService changed; collecting certs
12-20 07:55:54.439  3441  3468 I PackageManager: /system/priv-app/Snap changed; collecting certs
12-20 07:55:54.485  3441  3467 I PackageManager: /system/priv-app/SystemUI changed; collecting certs
12-20 07:55:54.499  3441  3469 W PackageParser: Ignoring duplicate uses-permissions/uses-permissions-sdk-m: android.permission.ACCESS_WIFI_STATE in package: com.android.phone at: Binary XML file line #134
12-20 07:55:54.509  3441  3469 I PackageManager: /system/priv-app/TeleService changed; collecting certs
12-20 07:55:54.553  3059  3059 I ServiceManager: Waiting for service media.camera.proxy...
12-20 07:55:54.593  3441  3472 I PackageManager: /system/priv-app/Telecom changed; collecting certs
12-20 07:55:54.613  3441  3469 I PackageManager: /system/priv-app/TelephonyProvider changed; collecting certs
12-20 07:55:54.638  3441  3468 I PackageManager: /system/priv-app/ThemeManagerService changed; collecting certs
12-20 07:55:54.644  3441  3472 I PackageManager: /system/priv-app/ThemeChooser changed; collecting certs
12-20 07:55:54.646  3441  3469 I PackageManager: /system/priv-app/ThemesProvider changed; collecting certs
12-20 07:55:54.656  3441  3469 I PackageManager: New shared user org.cyanogenmod.themes: id=10021
12-20 07:55:54.689  3441  3469 I PackageManager: /system/priv-app/VpnDialogs changed; collecting certs
12-20 07:55:54.689  3441  3468 I PackageManager: /system/priv-app/Trebuchet changed; collecting certs
12-20 07:55:54.696  3441  3470 I PackageManager: /system/priv-app/WallpaperCropper changed; collecting certs
12-20 07:55:54.702  3441  3472 I PackageManager: /system/priv-app/WeatherManagerService changed; collecting certs
12-20 07:55:54.718  3441  3469 I PackageManager: /system/priv-app/WeatherProvider changed; collecting certs
12-20 07:55:54.719  3441  3467 I PackageManager: New shared user android.uid.systemui: id=10027
12-20 07:55:54.757  3441  3468 W PackageManager: Permission com.android.launcher.permission.INSTALL_SHORTCUT from package com.cyanogenmod.trebuchet in an unknown group android.permission-group.SYSTEM_TOOLS
12-20 07:55:54.758  3441  3468 W PackageManager: Permission com.android.launcher3.permission.READ_SETTINGS from package com.cyanogenmod.trebuchet in an unknown group android.permission-group.SYSTEM_TOOLS
12-20 07:55:54.758  3441  3468 W PackageManager: Permission com.android.launcher3.permission.WRITE_SETTINGS from package com.cyanogenmod.trebuchet in an unknown group android.permission-group.SYSTEM_TOOLS
12-20 07:55:54.840  3441  3441 D PackageManager: end scanDirLI:/system/priv-app
12-20 07:55:54.840  3441  3441 D PackageManager: start scanDirLI:/system/app
12-20 07:55:54.841  3441  3441 D PackageManager: max thread:6
12-20 07:55:54.845  3441  3470 I PackageManager: /system/app/BasicDreams changed; collecting certs
12-20 07:55:54.848  3441  3467 I PackageManager: /system/app/BluetoothMidiService changed; collecting certs
12-20 07:55:54.849  3441  3471 I PackageManager: /system/app/CMWallpapers changed; collecting certs
12-20 07:55:54.855  3441  3468 W PackageParser: No actions in intent filter at /system/app/CMFileManager/CMFileManager.apk Binary XML file line #164
12-20 07:55:54.855  3441  3468 I PackageManager: /system/app/CMFileManager changed; collecting certs
12-20 07:55:54.857  3441  3472 W PackageParser: No actions in intent filter at /system/app/Bluetooth/Bluetooth.apk Binary XML file line #235
12-20 07:55:54.857  3441  3472 I PackageManager: /system/app/Bluetooth changed; collecting certs
12-20 07:55:54.860  3441  3469 I PackageManager: /system/app/Browser changed; collecting certs
12-20 07:55:54.888  3441  3470 I PackageManager: /system/app/CaptivePortalLogin changed; collecting certs
12-20 07:55:54.911  3441  3467 I PackageManager: /system/app/Calendar changed; collecting certs
12-20 07:55:54.921  3441  3472 I PackageManager: /system/app/CertInstaller changed; collecting certs
12-20 07:55:54.922  3441  3470 I PackageManager: /system/app/Development changed; collecting certs
12-20 07:55:54.932  3441  3471 I PackageManager: /system/app/DeskClock changed; collecting certs
12-20 07:55:54.999  3441  3468 I PackageManager: /system/app/DocumentsUI changed; collecting certs
12-20 07:55:55.005  3441  3472 I PackageManager: /system/app/Eleven changed; collecting certs
12-20 07:55:55.006  3441  3470 I PackageManager: /system/app/DownloadProviderUi changed; collecting certs
12-20 07:55:55.053  3441  3470 I PackageManager: /system/app/ExactCalculator changed; collecting certs
12-20 07:55:55.070  3441  3469 I PackageManager: /system/app/Email changed; collecting certs
12-20 07:55:55.089  3441  3467 I PackageManager: /system/app/Galaxy4 changed; collecting certs
12-20 07:55:55.092  3441  3472 I PackageManager: /system/app/HTMLViewer changed; collecting certs
12-20 07:55:55.093  3441  3468 I PackageManager: /system/app/Exchange2 changed; collecting certs
12-20 07:55:55.114  3441  3471 W PackageParser: Unknown element under <application>: permission at /system/app/Gallery2/Gallery2.apk Binary XML file line #279
12-20 07:55:55.114  3441  3471 W PackageParser: Unknown element under <application>: permission at /system/app/Gallery2/Gallery2.apk Binary XML file line #282
12-20 07:55:55.115  3441  3471 I PackageManager: /system/app/Gallery2 changed; collecting certs
12-20 07:55:55.120  3441  3467 I PackageManager: /system/app/HoloSpiralWallpaper changed; collecting certs
12-20 07:55:55.143  3441  3472 I PackageManager: /system/app/KeyChain changed; collecting certs
12-20 07:55:55.148  3441  3470 I PackageManager: /system/app/HexoLibre changed; collecting certs
12-20 07:55:55.158  3441  3467 I PackageManager: /system/app/LiveWallpapers changed; collecting certs
12-20 07:55:55.167  3441  3468 I PackageManager: /system/app/LatinIME changed; collecting certs
12-20 07:55:55.179  1261  1261 I kworker/u16:3: type=1400 audit(0.0:161): avc: denied { write } for name="gyro_cal_data" dev="sda3" ino=45 scontext=u:r:kernel:s0 tcontext=u:object_r:app_efs_file:s0 tclass=file permissive=1
12-20 07:55:55.209  3441  3472 I PackageManager: /system/app/LiveWallpapersPicker changed; collecting certs
12-20 07:55:55.220  3441  3467 I PackageManager: /system/app/NoiseField changed; collecting certs
12-20 07:55:55.220  3441  3469 I PackageManager: /system/app/LockClock changed; collecting certs
12-20 07:55:55.245  3441  3467 I PackageManager: /system/app/PhaseBeam changed; collecting certs
12-20 07:55:55.249  3162  3162 I rild    : type=1400 audit(0.0:162): avc: denied { read write } for name=".nv_core.bak" dev="sda3" ino=89 scontext=u:r:rild:s0 tcontext=u:object_r:unlabeled:s0 tclass=file permissive=1
12-20 07:55:55.249  3162  3162 I rild    : type=1400 audit(0.0:162): avc: denied { open } for path="/efs/.nv_core.bak" dev="sda3" ino=89 scontext=u:r:rild:s0 tcontext=u:object_r:unlabeled:s0 tclass=file permissive=1
12-20 07:55:55.249  3162  3162 W rild    : type=1300 audit(0.0:162): arch=c00000b7 syscall=56 success=yes exit=27 a0=ffffff9c a1=7fa6742114 a2=242 a3=1c0 items=0 ppid=1 auid=4294967295 uid=1001 gid=1001 euid=1001 suid=1001 fsuid=1001 egid=1001 sgid=1001 fsgid=1001 tty=(none) ses=4294967295 exe="/system/bin/rild" subj=u:r:rild:s0 key=(null)
12-20 07:55:55.249  2950  2950 W auditd  : type=1327 audit(0.0:162): proctitle="/system/bin/rild"
12-20 07:55:55.249  2950  2950 W auditd  : type=1320 audit(0.0:162): 
12-20 07:55:55.249  3162  3162 I rild    : type=1400 audit(0.0:163): avc: denied { getattr } for path="/efs/.nv_core.bak" dev="sda3" ino=89 scontext=u:r:rild:s0 tcontext=u:object_r:unlabeled:s0 tclass=file permissive=1
12-20 07:55:55.249  3162  3162 W rild    : type=1300 audit(0.0:163): arch=c00000b7 syscall=29 success=yes exit=0 a0=1b a1=80086601 a2=7fa627dff4 a3=7fa627dfc0 items=0 ppid=1 auid=4294967295 uid=1001 gid=1001 euid=1001 suid=1001 fsuid=1001 egid=1001 sgid=1001 fsgid=1001 tty=(none) ses=4294967295 exe="/system/bin/rild" subj=u:r:rild:s0 key=(null)
12-20 07:55:55.249  2950  2950 W auditd  : type=1327 audit(0.0:163): proctitle="/system/bin/rild"
12-20 07:55:55.249  2950  2950 W auditd  : type=1320 audit(0.0:163): 
12-20 07:55:55.249  3162  3162 I rild    : type=1400 audit(0.0:164): avc: denied { setattr } for path="/efs/.nv_core.bak" dev="sda3" ino=89 scontext=u:r:rild:s0 tcontext=u:object_r:unlabeled:s0 tclass=file permissive=1
12-20 07:55:55.249  3162  3162 W rild    : type=1300 audit(0.0:164): arch=c00000b7 syscall=29 success=yes exit=0 a0=1b a1=40086602 a2=7fa627dff4 a3=7fa627dfc0 items=0 ppid=1 auid=4294967295 uid=1001 gid=1001 euid=1001 suid=1001 fsuid=1001 egid=1001 sgid=1001 fsgid=1001 tty=(none) ses=4294967295 exe="/system/bin/rild" subj=u:r:rild:s0 key=(null)
12-20 07:55:55.249  2950  2950 W auditd  : type=1327 audit(0.0:164): proctitle="/system/bin/rild"
12-20 07:55:55.249  2950  2950 W auditd  : type=1320 audit(0.0:164): 
12-20 07:55:55.249  3162  3162 I rild    : type=1400 audit(0.0:165): avc: denied { append } for name="nv.log" dev="sda3" ino=61 scontext=u:r:rild:s0 tcontext=u:object_r:unlabeled:s0 tclass=file permissive=1
12-20 07:55:55.249  3162  3162 I rild    : type=1400 audit(0.0:165): avc: denied { open } for path="/efs/nv.log" dev="sda3" ino=61 scontext=u:r:rild:s0 tcontext=u:object_r:unlabeled:s0 tclass=file permissive=1
12-20 07:55:55.249  3162  3162 W rild    : type=1300 audit(0.0:165): arch=c00000b7 syscall=56 success=yes exit=29 a0=ffffff9c a1=7fa6742154 a2=441 a3=1b6 items=0 ppid=1 auid=4294967295 uid=1001 gid=1001 euid=1001 suid=1001 fsuid=1001 egid=1001 sgid=1001 fsgid=1001 tty=(none) ses=4294967295 exe="/system/bin/rild" subj=u:r:rild:s0 key=(null)
12-20 07:55:55.249  2950  2950 W auditd  : type=1327 audit(0.0:165): proctitle="/system/bin/rild"
12-20 07:55:55.249  2950  2950 W auditd  : type=1320 audit(0.0:165): 
12-20 07:55:55.249  3162  3162 I rild    : type=1400 audit(0.0:166): avc: denied { getattr } for path="/efs/nv.log" dev="sda3" ino=61 scontext=u:r:rild:s0 tcontext=u:object_r:unlabeled:s0 tclass=file permissive=1
12-20 07:55:55.249  3162  3162 W rild    : type=1300 audit(0.0:166): arch=c00000b7 syscall=80 success=yes exit=0 a0=1d a1=7fa627d590 a2=7fa627d644 a3=7fa627def0 items=0 ppid=1 auid=4294967295 uid=1001 gid=1001 euid=1001 suid=1001 fsuid=1001 egid=1001 sgid=1001 fsgid=1001 tty=(none) ses=4294967295 exe="/system/bin/rild" subj=u:r:rild:s0 key=(null)
12-20 07:55:55.249  2950  2950 W auditd  : type=1327 audit(0.0:166): proctitle="/system/bin/rild"
12-20 07:55:55.249  2950  2950 W auditd  : type=1320 audit(0.0:166): 
12-20 07:55:55.250  3441  3472 I PackageManager: /system/app/PacProcessor changed; collecting certs
12-20 07:55:55.253  3441  3471 I PackageManager: /system/app/PhotoPhase changed; collecting certs
12-20 07:55:55.277  3441  3472 I PackageManager: /system/app/PicoTts changed; collecting certs
12-20 07:55:55.277  3441  3467 I PackageManager: /system/app/PhotoTable changed; collecting certs
12-20 07:55:55.291  3441  3472 I PackageManager: /system/app/PrintSpooler changed; collecting certs
12-20 07:55:55.297  3441  3471 I PackageManager: /system/app/Profiles changed; collecting certs
12-20 07:55:55.331  3441  3467 I PackageManager: /system/app/Provision changed; collecting certs
12-20 07:55:55.334  3441  3471 I PackageManager: /system/app/RootPA changed; collecting certs
12-20 07:55:55.350  3441  3472 I PackageManager: /system/app/SamsungServiceMode changed; collecting certs
12-20 07:55:55.394  3441  3467 I PackageManager: /system/app/SoundRecorder changed; collecting certs
12-20 07:55:55.396  3441  3472 I PackageManager: /system/app/Terminal changed; collecting certs
12-20 07:55:55.404  3441  3471 I PackageManager: /system/app/Stk changed; collecting certs
12-20 07:55:55.410  3441  3470 I PackageManager: /system/app/UserDictionaryProvider changed; collecting certs
12-20 07:55:55.452  3441  3469 I PackageManager: /system/app/WAPPushManager changed; collecting certs
12-20 07:55:55.461  3441  3467 W PackageManager: Failed to parse /system/app/mcRegistry: Missing base APK in /system/app/mcRegistry
12-20 07:55:55.473  3441  3470 I PackageManager: /system/app/telresources changed; collecting certs
12-20 07:55:55.479  3441  3472 I PackageManager: /system/app/WallpaperPicker changed; collecting certs
12-20 07:55:55.488  3441  3471 I PackageManager: /system/app/webview changed; collecting certs
12-20 07:55:55.496  3441  3467 I PackageManager: /system/app/messaging changed; collecting certs
12-20 07:55:55.554  3059  3059 I ServiceManager: Waiting for service media.camera.proxy...
12-20 07:55:55.671  3441  3441 D PackageManager: end scanDirLI:/system/app
12-20 07:55:55.672  3441  3441 D PackageManager: No files in app dir /system/vendor/app
12-20 07:55:55.672  3441  3441 D PackageManager: No files in app dir /oem/app
12-20 07:55:55.672  3441  3441 D PackageManager: No files in app dir /vendor/bundled-app
12-20 07:55:55.674  3441  3441 D PackageManager: start scanDirLI:/data/app
12-20 07:55:55.674  3441  3441 D PackageManager: max thread:6
12-20 07:55:55.674  3441  3469 W PackageManager: Failed to parse /data/app/mcRegistry: Missing base APK in /data/app/mcRegistry
12-20 07:55:55.674  3441  3441 D PackageManager: end scanDirLI:/data/app
12-20 07:55:55.674  3441  3441 D PackageManager: No files in app dir /data/app-private
12-20 07:55:55.675  3441  3441 W PackageManager: Package com.android.dialer desires unavailable shared library com.qualcomm.qti.smartsearch; ignoring!
12-20 07:55:55.675  3441  3441 W PackageManager: Package com.android.gallery3d desires unavailable shared library com.google.android.media.effects; ignoring!
12-20 07:55:55.675  3441  3441 W PackageManager: Package com.android.gallery3d desires unavailable shared library com.google.android.media.effects; ignoring!
12-20 07:55:55.675  3441  3441 I PackageManager: Adjusting ABI for : com.android.location.fused to arm64-v8a
12-20 07:55:55.676  3441  3441 I PackageManager: Adjusting ABI for : com.android.development to arm64-v8a
12-20 07:55:55.676  3441  3441 I PackageManager: Adjusting ABI for : com.cyanogenmod.setupwizard to arm64-v8a
12-20 07:55:55.676  3441  3441 I PackageManager: Adjusting ABI for : org.cyanogenmod.cmsettings to arm64-v8a
12-20 07:55:55.676  3441  3441 I PackageManager: Adjusting ABI for : com.android.providers.settings to arm64-v8a
12-20 07:55:55.676  3441  3441 I PackageManager: Adjusting ABI for : com.android.keychain to arm64-v8a
12-20 07:55:55.676  3441  3441 I PackageManager: Adjusting ABI for : com.android.settings to arm64-v8a
12-20 07:55:55.677  3441  3441 I PackageManager: Adjusting ABI for : com.android.inputdevices to arm64-v8a
12-20 07:55:55.677  3441  3441 I PackageManager: Adjusting ABI for : cyanogenmod.platform to arm64-v8a
12-20 07:55:55.677  3060  3060 E installd: invalid apk path '/system/framework/org.cyanogenmod.platform-res.apk' (bad prefix)
12-20 07:55:55.677  3441  3441 I PackageManager: Adjusting ABI for : com.android.server.telecom to arm64-v8a
12-20 07:55:55.677  3441  3441 I PackageManager: Adjusting ABI for : org.cyanogenmod.providers.datausage to arm64-v8a
12-20 07:55:55.678  3441  3441 I PackageManager: Time to scan packages: 1.951 seconds
12-20 07:55:55.680  3441  3441 W PackageManager: Not granting permission android.permission.INTERACT_ACROSS_USERS_FULL to package org.cyanogenmod.snap (protectionLevel=258 flags=0x3858bc45)
12-20 07:55:55.680  3441  3441 W PackageManager: Not granting permission android.permission.SET_ORIENTATION to package org.cyanogenmod.snap (protectionLevel=2 flags=0x3858bc45)
12-20 07:55:55.680  3441  3441 W PackageManager: Unknown permission com.google.android.googleapps.permission.GOOGLE_AUTH in package com.android.providers.calendar
12-20 07:55:55.680  3441  3441 W PackageManager: Unknown permission com.google.android.googleapps.permission.GOOGLE_AUTH.cl in package com.android.providers.calendar
12-20 07:55:55.680  3441  3441 W PackageManager: Not granting permission android.permission.REAL_GET_TASKS to package org.cyanogenmod.wallpapers.photophase (protectionLevel=18 flags=0x3818be45)
12-20 07:55:55.680  3441  3441 W PackageManager: Unknown permission android.permission.CANCEL_NOTIFICATIONS in package org.cyanogenmod.theme.chooser2
12-20 07:55:55.680  3441  3441 W PackageManager: Unknown permission com.cyanogen.ambient.permission.BIND_CALLER_INFO in package com.android.messaging
12-20 07:55:55.680  3441  3441 W PackageManager: Unknown permission com.cyanogen.ambient.permission.BIND_RIDEINPROGRESS_SERVICE in package com.android.messaging
12-20 07:55:55.680  3441  3441 W PackageManager: Unknown permission com.cyanogen.ambient.permission.BIND_RIDESHARING_SERVICE in package com.android.messaging
12-20 07:55:55.680  3441  3441 W PackageManager: Not granting permission android.permission.ACCESS_DOWNLOAD_MANAGER to package com.android.browser (protectionLevel=18 flags=0x3849be45)
12-20 07:55:55.681  3441  3441 W PackageManager: Not granting permission android.permission.SEND_DOWNLOAD_COMPLETED_INTENTS to package com.android.browser (protectionLevel=2 flags=0x3849be45)
12-20 07:55:55.681  3441  3441 W PackageManager: Unknown permission com.cyngn.stats.SEND_ANALYTICS in package com.cyanogenmod.setupwizard
12-20 07:55:55.681  3441  3441 W PackageManager: Unknown permission com.cyanogen.permission.REQUEST_KILL_SWITCH_OP in package com.cyanogenmod.setupwizard
12-20 07:55:55.681  3441  3441 W PackageManager: Unknown permission com.cyanogen.ambient.permission.BIND_INCALL_SERVICE in package com.android.contacts
12-20 07:55:55.681  3441  3441 W PackageManager: Unknown permission com.cyanogen.ambient.permission.PLUGIN_STATUS_CHANGED in package com.android.contacts
12-20 07:55:55.681  3441  3441 W PackageManager: Unknown permission com.cyanogen.ambient.permission.BIND_CALLER_INFO in package com.android.contacts
12-20 07:55:55.681  3441  3441 W PackageManager: Unknown permission com.google.android.googleapps.permission.GOOGLE_AUTH.mail in package com.android.calendar
12-20 07:55:55.682  3441  3441 W PackageManager: Unknown permission com.android.launcher.permission.READ_SETTINGS in package com.android.onetimeinitializer
12-20 07:55:55.682  3441  3441 W PackageManager: Unknown permission com.android.launcher.permission.WRITE_SETTINGS in package com.android.onetimeinitializer
12-20 07:55:55.682  3441  3441 W PackageManager: Unknown permission com.cyanogen.ambient.permission.BIND_INCALL_SERVICE in package com.android.dialer
12-20 07:55:55.682  3441  3441 W PackageManager: Unknown permission com.cyanogen.ambient.permission.PLUGIN_STATUS_CHANGED in package com.android.dialer
12-20 07:55:55.682  3441  3441 W PackageManager: Unknown permission com.cyanogen.ambient.permission.PUBLISH_DISCOVERY_NUDGE in package com.android.dialer
12-20 07:55:55.682  3441  3441 W PackageManager: Unknown permission com.cyanogen.ambient.permission.BIND_DEEPLINK_SERVICE in package com.android.dialer
12-20 07:55:55.682  3441  3441 W PackageManager: Unknown permission com.cyanogen.ambient.permission.READ_DEEPLINK_DATABASE in package com.android.dialer
12-20 07:55:55.682  3441  3441 W PackageManager: Unknown permission com.cyanogen.ambient.permission.BIND_CALLER_INFO in package com.android.dialer
12-20 07:55:55.682  3441  3441 W PackageManager: Unknown permission com.android.launcher.permission.READ_SETTINGS in package com.cyanogenmod.trebuchet
12-20 07:55:55.683  3441  3441 W PackageManager: Unknown permission com.android.launcher.permission.WRITE_SETTINGS in package com.cyanogenmod.trebuchet
12-20 07:55:55.683  3441  3441 W PackageManager: Unknown permission com.cyngn.stats.SEND_ANALYTICS in package com.cyanogenmod.trebuchet
12-20 07:55:55.683  3441  3441 W PackageManager: Unknown permission com.google.android.permission.INSTALL_WEARABLE_PACKAGES in package com.android.packageinstaller
12-20 07:55:55.683  3441  3441 W PackageManager: Not granting permission android.permission.DELETE_PACKAGES to package com.svox.pico (protectionLevel=18 flags=0x3808be45)
12-20 07:55:55.683  3441  3441 W PackageManager: Unknown permission android.permission.ACCESS_SUPERUSER in package com.cyanogenmod.filemanager
12-20 07:55:55.683  3441  3441 W PackageManager: Unknown permission com.cyanogenmod.filemanager.permissions.READ_THEME in package com.cyanogenmod.filemanager
12-20 07:55:55.683  3441  3441 W PackageManager: Unknown permission com.google.android.gallery3d.permission.PICASA_STORE in package com.android.dreams.phototable
12-20 07:55:55.683  3441  3441 W PackageManager: Unknown permission com.google.android.googleapps.permission.GOOGLE_AUTH in package com.android.settings
12-20 07:55:55.684  3441  3441 W PackageManager: Unknown permission com.android.launcher.permission.READ_SETTINGS in package com.android.settings
12-20 07:55:55.684  3441  3441 W PackageManager: Unknown permission com.android.launcher.permission.WRITE_SETTINGS in package com.android.settings
12-20 07:55:55.684  3441  3441 W PackageManager: Not granting permission android.permission.REAL_GET_TASKS to package com.cyanogenmod.eleven (protectionLevel=18 flags=0x3818be65)
12-20 07:55:55.686  3441  3441 W PackageManager: Unknown permission com.google.android.gallery3d.permission.GALLERY_PROVIDER in package com.android.bluetooth
12-20 07:55:55.687  3441  3441 W PackageManager: Unknown permission com.google.android.googleapps.permission.ACCESS_GOOGLE_PASSWORD in package com.android.development
12-20 07:55:55.687  3441  3441 W PackageManager: Unknown permission com.google.android.googleapps.permission.GOOGLE_AUTH in package com.android.development
12-20 07:55:55.687  3441  3441 W PackageManager: Unknown permission com.google.android.googleapps.permission.GOOGLE_AUTH.ALL_SERVICES in package com.android.development
12-20 07:55:55.687  3441  3441 W PackageManager: Unknown permission com.google.android.googleapps.permission.GOOGLE_AUTH.YouTubeUser in package com.android.development
12-20 07:55:55.688  3441  3441 V PackageManager: Disabling com.google.android.gsf/com.google.android.gsf.update.SystemUpdateActivity
12-20 07:55:55.688  3441  3441 W PackageManager: Unable to disable com.google.android.gsf/com.google.android.gsf.update.SystemUpdateActivity
12-20 07:55:55.688  3441  3441 V PackageManager: Disabling com.google.android.gsf/com.google.android.gsf.update.SystemUpdateService$Receiver
12-20 07:55:55.688  3441  3441 W PackageManager: Unable to disable com.google.android.gsf/com.google.android.gsf.update.SystemUpdateService$Receiver
12-20 07:55:55.688  3441  3441 V PackageManager: Disabling com.google.android.gsf/com.google.android.gsf.update.SystemUpdateService$SecretCodeReceiver
12-20 07:55:55.688  3441  3441 W PackageManager: Unable to disable com.google.android.gsf/com.google.android.gsf.update.SystemUpdateService$SecretCodeReceiver
12-20 07:55:55.688  3441  3441 V PackageManager: Disabling com.google.android.gms/com.google.android.gms.update.SystemUpdateActivity
12-20 07:55:55.688  3441  3441 W PackageManager: Unable to disable com.google.android.gms/com.google.android.gms.update.SystemUpdateActivity
12-20 07:55:55.688  3441  3441 V PackageManager: Disabling com.google.android.gms/com.google.android.gms.update.SystemUpdateService$Receiver
12-20 07:55:55.688  3441  3441 W PackageManager: Unable to disable com.google.android.gms/com.google.android.gms.update.SystemUpdateService$Receiver
12-20 07:55:55.688  3441  3441 V PackageManager: Disabling com.google.android.gms/com.google.android.gms.update.SystemUpdateService$ActiveReceiver
12-20 07:55:55.688  3441  3441 W PackageManager: Unable to disable com.google.android.gms/com.google.android.gms.update.SystemUpdateService$ActiveReceiver
12-20 07:55:55.688  3441  3441 V PackageManager: Disabling com.google.android.gms/com.google.android.gms.update.SystemUpdateService$SecretCodeReceiver
12-20 07:55:55.688  3441  3441 W PackageManager: Unable to disable com.google.android.gms/com.google.android.gms.update.SystemUpdateService$SecretCodeReceiver
12-20 07:55:55.688  3441  3441 V PackageManager: Enabling com.google.android.gsf/com.google.android.gsf.update.SystemUpdateService
12-20 07:55:55.688  3441  3441 W PackageManager: Unable to enable com.google.android.gsf/com.google.android.gsf.update.SystemUpdateService
12-20 07:55:55.688  3441  3441 V PackageManager: Enabling com.google.android.gms/com.google.android.gms.update.SystemUpdateService
12-20 07:55:55.688  3441  3441 W PackageManager: Unable to enable com.google.android.gms/com.google.android.gms.update.SystemUpdateService
12-20 07:55:55.731  3441  3441 I art     : Starting a blocking GC Explicit
12-20 07:55:55.749  3482  3482 I system_server: type=1400 audit(0.0:167): avc: denied { read } for name="prox_cal" dev="sda3" ino=57 scontext=u:r:system_server:s0 tcontext=u:object_r:app_efs_file:s0 tclass=file permissive=1
12-20 07:55:55.749  3482  3482 I system_server: type=1400 audit(0.0:167): avc: denied { open } for path="/efs/FactoryApp/prox_cal" dev="sda3" ino=57 scontext=u:r:system_server:s0 tcontext=u:object_r:app_efs_file:s0 tclass=file permissive=1
12-20 07:55:55.749  3482  3482 W system_server: type=1300 audit(0.0:167): arch=c00000b7 syscall=64 success=yes exit=4 a0=33 a1=7f90b79008 a2=4 a3=0 items=0 ppid=3066 auid=4294967295 uid=1000 gid=1000 euid=1000 suid=1000 fsuid=1000 egid=1000 sgid=1000 fsgid=1000 tty=(none) ses=4294967295 exe="/system/bin/app_process64" subj=u:r:system_server:s0 key=(null)
12-20 07:55:55.749  2950  2950 W auditd  : type=1327 audit(0.0:167): proctitle="system_server"
12-20 07:55:55.749  2950  2950 W auditd  : type=1320 audit(0.0:167): 
12-20 07:55:55.750  3441  3441 I art     : Explicit concurrent mark sweep GC freed 74479(4MB) AllocSpace objects, 11(964KB) LOS objects, 33% free, 27MB/41MB, paused 191us total 18.852ms
12-20 07:55:55.751  3441  3441 I SystemServer: User Service
12-20 07:55:55.760  3014  3014 I lowmemorykiller: ActivityManager connected
12-20 07:55:55.761  3441  3482 I         : System server: starting sensor init.
12-20 07:55:55.762  3441  3482 D SensorService: nuSensorService starting...
12-20 07:55:55.762  3441  3441 I SystemServiceManager: Starting com.android.server.BatteryService
12-20 07:55:55.764  3441  3482 I Sensors : getName:gyro_sensor name = K6DS3TR.
12-20 07:55:55.765  3441  3482 I Sensors : Proximity old sensor_state 0, new sensor_state : 128 en : 1
12-20 07:55:55.767  3441  3441 I SystemServiceManager: Starting com.android.server.usage.UsageStatsService
12-20 07:55:55.779  3441  3441 I UsageStatsDatabase: Upgrading from version 0 to 3
12-20 07:55:55.780  3441  3441 I UsageStatsDatabase: Deleting all usage stats files
12-20 07:55:55.780  3441  3441 I UsageStatsService: User[0] Rollover scheduled @ 2016-12-21 00:00:00(1482278400000)
12-20 07:55:55.781  3441  3482 I Sensors : Light old sensor_state 128, new sensor_state : 640 en : 1
12-20 07:55:55.783  3441  3482 I Sensors : Light_IR old sensor_state 640, new sensor_state : 16777856 en : 1
12-20 07:55:55.784  3441  3441 I UsageStatsService: User[0] Flushing usage stats to disk
12-20 07:55:55.788  3441  3482 I Sensors : SigMotionSensor old sensor_state 16777856, new sensor_state : 16794240 en : 1
12-20 07:55:55.792  3441  3482 I Sensors : getName:gyro_sensor name = K6DS3TR.
12-20 07:55:55.793  3441  3482 I Sensors : StepCounterSensor old sensor_state 16794240, new sensor_state : 17056384 en : 1
12-20 07:55:55.797  3441  3482 I Sensors : Int.Gyro old sensor_state 17056384, new sensor_state : 50610816 en : 1
12-20 07:55:55.800  3441  3441 I SystemServiceManager: Starting com.android.server.webkit.WebViewUpdateService
12-20 07:55:55.801  3441  3482 I Sensors : getName:gyro_sensor name = K6DS3TR.
12-20 07:55:55.801  3441  3482 I Sensors : HrmSpO2Sensor:: part type = 12.
12-20 07:55:55.801  3441  3482 D Sensors : HrmSpO2Sensor::type:12, prox threshold:10000
12-20 07:55:55.801  3441  3482 D Sensors : HrmSpO2Sensor::handle:0 ,en:1
12-20 07:55:55.802  3441  3441 I SystemServer: Reading configuration...
12-20 07:55:55.802  3441  3441 I SystemServer: Scheduling Policy
12-20 07:55:55.802  3441  3482 D Sensors : HrmSpO2Sensor::Version : Release 2.05
12-20 07:55:55.802  3441  3482 D Sensors : HrmSpO2Sensor::HrmSpO2Sensor: Shared version Registered
12-20 07:55:55.802  3441  3482 D Sensors : HrmLedSensor enable: mEnabled 0, handle 20, en 1
12-20 07:55:55.803  3441  3482 D Sensors : HRMSensor led enabled:1, en:1
12-20 07:55:55.803  3441  3441 I SystemServiceManager: Starting com.android.server.telecom.TelecomLoaderService
12-20 07:55:55.804  3441  3441 I SystemServer: Telephony Registry
12-20 07:55:55.807  3441  3441 I SystemServer: Entropy Mixer
12-20 07:55:55.807  3441  3482 I Sensors : getVendor:hrm_sensor vendor = MAXIM.
12-20 07:55:55.807  3441  3482 I Sensors : HrmLedSensor: HrmLedSensor vendor = MAXIM.
12-20 07:55:55.807  3441  3441 W EntropyMixer: No existing entropy file -- first boot?
12-20 07:55:55.807  3441  3482 D Sensors : HRMSensor_LED::libhr open start!! 
12-20 07:55:55.807  3441  3482 E Sensors : HRMSensor_LED::libhr open failed 
12-20 07:55:55.807  3441  3482 E Sensors : GripSensor: enable
12-20 07:55:55.825  3441  3441 I EntropyMixer: Added HW RNG output to entropy pool
12-20 07:55:55.825  3441  3441 I EntropyMixer: Writing entropy...
12-20 07:55:55.830  3441  3482 I Sensors : Int.Gyro old sensor_state 50610816, new sensor_state : 17056384 en : 0
12-20 07:55:55.833  3441  3482 I Sensors : Proximity old sensor_state 17056384, new sensor_state : 17056256 en : 0
12-20 07:55:55.834  3441  3441 I SystemServer: Camera Service
12-20 07:55:55.835  3441  3441 I SystemServiceManager: Starting com.android.server.camera.CameraService
12-20 07:55:55.836  3441  3482 I Sensors : Light old sensor_state 17056256, new sensor_state : 17055744 en : 0
12-20 07:55:55.837  3441  3489 I ServiceThread: Enabled StrictMode logging for CameraService_proxy looper.
12-20 07:55:55.838  3441  3441 I SystemServer: Account Manager
12-20 07:55:55.840  3441  3482 I Sensors : Light_IR old sensor_state 17055744, new sensor_state : 278528 en : 0
12-20 07:55:55.840  3441  3441 I SystemServer: Content Manager
12-20 07:55:55.841  3441  3441 I SystemServer: System Content Providers
12-20 07:55:55.843  3441  3482 I Sensors : StepCounterSensor old sensor_state 278528, new sensor_state : 16384 en : 0
12-20 07:55:55.843  3441  3441 W System  : ClassLoader referenced unknown path: /system/priv-app/CMSettingsProvider/lib/arm64
12-20 07:55:55.847  3441  3482 I Sensors : SigMotionSensor old sensor_state 16384, new sensor_state : 0 en : 0
12-20 07:55:55.849  3441  3482 E Sensors : GripSensor: enable
12-20 07:55:55.849  3441  3482 D Sensors : HrmSpO2Sensor::handle:19 ,en:0
12-20 07:55:55.849  3441  3482 D Sensors : HrmSpO2Sensor::isEnabled:0 ,en:0, mEn:0
12-20 07:55:55.849  3441  3482 D Sensors : HrmSpO2Sensor::handle:28 ,en:0
12-20 07:55:55.849  3441  3482 D Sensors : HrmSpO2Sensor::isEnabled:0 ,en:0, mEn:0
12-20 07:55:55.849  3441  3482 D Sensors : HrmLedSensor enable: mEnabled 1, handle 20, en 0
12-20 07:55:55.849  3441  3482 D Sensors : HRMSensor_LED::enable 
12-20 07:55:55.849  3441  3482 D Sensors : HRMSensor led enabled:0, en:0
12-20 07:55:55.850  3441  3482 D Sensors : HrmLedSensor enable: mEnabled 0, handle 21, en 0
12-20 07:55:55.850  3441  3482 D Sensors : HrmLedSensor isEnabled:0 ,en:0
12-20 07:55:55.850  3441  3482 D Sensors : HrmSpO2Sensor::handle:18 ,en:0
12-20 07:55:55.850  3441  3482 D Sensors : HrmSpO2Sensor::isEnabled:0 ,en:0, mEn:0
12-20 07:55:55.851  3441  3490 D SensorService: new thread SensorEventAckReceiver
12-20 07:55:55.851  3441  3482 I         : System server: sensor init done.
12-20 07:55:55.852  3441  3491 D SensorService: nuSensorService thread starting...
12-20 07:55:55.852  3441  3491 I Sensors : ProximitySensor - 8(cm)
12-20 07:55:55.852  3441  3491 I Sensors : ProximitySensor TS_H - 2, RES - 8589934592
12-20 07:55:55.852  3441  3491 I Sensors : StepCounterSensor - 0
12-20 07:55:55.852  3441  3491 I Sensors : ProximitySensor TS_L - 860906170, RES - 9450840762
12-20 07:55:55.852  3441  3491 I Sensors : ProximitySensor Sync
12-20 07:55:55.863  3441  3441 D ActivityThread: Loading provider settings: com.android.providers.settings.SettingsProvider
12-20 07:55:55.865  3441  3441 W System  : ClassLoader referenced unknown path: /system/priv-app/SettingsProvider/lib/arm64
12-20 07:55:55.901  3441  3441 D SettingsProvider: Generated and saved new ANDROID_ID [ee685bcdcbc2de95] for user 0
12-20 07:55:55.923  3441  3441 I SystemServer: Vibrator Service
12-20 07:55:55.926  3441  3441 I SystemServer: Consumer IR Service
12-20 07:55:55.926  3441  3441 E ConsumerIrService: Can't open consumer IR HW Module, error: -2
12-20 07:55:55.927  3441  3441 I SystemServiceManager: Starting com.android.server.AlarmManagerService
12-20 07:55:55.927  3441  3454 I SyncManager: No initial accounts
12-20 07:55:55.927  3441  3454 I SyncManager: No initial status
12-20 07:55:55.928  3441  3454 I SyncManager: No initial statistics
12-20 07:55:55.941  3441  3441 I SystemServer: Init Watchdog
12-20 07:55:55.941  3441  3441 I SystemServer: Input Manager
12-20 07:55:55.942  3441  3441 I InputManager: Initializing input manager, mUseDevInputEventForAudioJack=false
12-20 07:55:55.942  3441  3441 I SystemServer: Window Manager
12-20 07:55:55.953  3441  3460 I WindowManager: No existing display settings /data/system/display_settings.xml; starting empty
12-20 07:55:55.979  3441  3441 I InputManager: Starting input manager
12-20 07:55:55.980  3441  3441 I SystemServer: Bluetooth Service
12-20 07:55:55.980  3441  3441 I SystemServiceManager: Starting com.android.server.BluetoothService
12-20 07:55:55.981  3441  3505 D EventHub: No input device configuration file found for device 'certify_hall'.
12-20 07:55:55.982  3441  3441 D BluetoothManagerService: Loading stored name and address
12-20 07:55:55.982  3441  3441 D BluetoothManagerService: Stored bluetooth Name=null,Address=null
12-20 07:55:55.982  3441  3441 D BluetoothService: onStart: publishing BluetoothManagerService
12-20 07:55:55.982  3441  3441 I SystemServer: Input Method Service
12-20 07:55:56.009  3441  3441 W InputMethodManagerService: No IME selected. Choose the most applicable IME.
12-20 07:55:56.009  3441  3441 I InputMethodManagerService: Default found, using com.android.inputmethod.latin/.LatinIME
12-20 07:55:56.010  3441  3441 I SystemServer: Accessibility Manager
12-20 07:55:56.011  3441  3441 I ActivityManager: choosing minFree values for 64 Bit
12-20 07:55:56.011  3441  3441 I ActivityManager: choosing minFree values for 64 Bit
12-20 07:55:56.011  3441  3441 I ActivityManager: choosing minFree values for 64 Bit
12-20 07:55:56.011  3441  3441 I ActivityManager: choosing minFree values for 64 Bit
12-20 07:55:56.011  3441  3441 I ActivityManager: choosing minFree values for 64 Bit
12-20 07:55:56.011  3441  3441 I ActivityManager: choosing minFree values for 64 Bit
12-20 07:55:56.012  3441  3441 I ActivityManager: Config changes=1df8 {1.0 ?mcc?mnc en_US ldltr sw360dp w360dp h640dp 640dpi nrml long port ?uimode ?night -touch -keyb/h/h -nav/h s.2 themeResource=null}
12-20 07:55:56.014  3441  3441 I ActivityManager: Config changes=400 {1.0 ?mcc?mnc en_US ldltr sw360dp w360dp h616dp 640dpi nrml long port ?uimode ?night -touch -keyb/h/h -nav/h s.3 themeResource=null}
12-20 07:55:56.015  3441  3441 I SystemServiceManager: Starting com.android.server.MountService$Lifecycle
12-20 07:55:56.019  3441  3506 D MountService: Thinking about reset, mSystemReady=false, mDaemonConnected=true
12-20 07:55:56.019  3441  3506 D MountService: Thinking about reset, mSystemReady=false, mDaemonConnected=true
12-20 07:55:56.020  3441  3506 D CryptdConnector: SND -> {1 cryptfs getfield SystemLocale}
12-20 07:55:56.020  2943  2983 I Ext4Crypt: ext4 crypto complete called on /data
12-20 07:55:56.020  2943  2983 I Ext4Crypt: No master key, so not ext4enc
12-20 07:55:56.020  3441  3441 I SystemServiceManager: Starting com.android.server.UiModeManagerService
12-20 07:55:56.021  3441  3441 I ActivityManager: Config changes=200 {1.0 ?mcc?mnc en_US ldltr sw360dp w360dp h616dp 640dpi nrml long port -touch -keyb/h/h -nav/h s.4 themeResource=null}
12-20 07:55:56.023  3441  3441 W PackageManager: No disk maintenance in 1482220556023; running immediately
12-20 07:55:56.023  3441  3441 I SystemServer: LockSettingsService
12-20 07:55:56.025  3441  3508 D CryptdConnector: RCV <- {200 1 -1}
12-20 07:55:56.026  3441  3506 W MountService: No primary storage mounted!
12-20 07:55:56.026  3441  3506 D VoldConnector: SND -> {1 asec list}
12-20 07:55:56.026  3441  3441 I SystemServiceManager: Starting com.android.server.DeviceIdleController
12-20 07:55:56.026  3441  3507 D VoldConnector: RCV <- {200 1 asec operation succeeded}
12-20 07:55:56.026  3441  3506 I PackageManager: No secure containers found
12-20 07:55:56.026  3441  3506 W PackageManager: Not granting permission android.permission.INTERACT_ACROSS_USERS_FULL to package org.cyanogenmod.snap (protectionLevel=258 flags=0x38d8bc45)
12-20 07:55:56.026  3441  3506 W PackageManager: Not granting permission android.permission.SET_ORIENTATION to package org.cyanogenmod.snap (protectionLevel=2 flags=0x38d8bc45)
12-20 07:55:56.027  3441  3506 W PackageManager: Unknown permission com.google.android.googleapps.permission.GOOGLE_AUTH in package com.android.providers.calendar
12-20 07:55:56.027  3441  3506 W PackageManager: Unknown permission com.google.android.googleapps.permission.GOOGLE_AUTH.cl in package com.android.providers.calendar
12-20 07:55:56.027  3441  3506 W PackageManager: Not granting permission android.permission.REAL_GET_TASKS to package org.cyanogenmod.wallpapers.photophase (protectionLevel=18 flags=0x3898be45)
