12-19 17:22:10.527  3408  3408 D PackageManager: start scanDirLI:/system/framework
12-19 17:22:10.527  3408  3408 D PackageManager: max thread:6
12-19 17:22:10.530  3408  3434 W PackageManager: Failed to parse /system/framework/arm: Missing base APK in /system/framework/arm
12-19 17:22:10.530  3408  3435 W PackageManager: Failed to parse /system/framework/arm64: Missing base APK in /system/framework/arm64
12-19 17:22:10.531  3408  3437 W PackageManager: Failed to parse /system/framework/oat: Missing base APK in /system/framework/oat
12-19 17:22:10.534  3408  3438 I PackageManager: /system/framework/org.cyanogenmod.platform-res.apk changed; collecting certs
12-19 17:22:10.543  3408  3436 I PackageManager: /system/framework/framework-res.apk changed; collecting certs
12-19 17:22:10.551  3408  3438 W PackageManager: Permission cyanogenmod.permission.WRITE_ALARMS from package cyanogenmod.platform in an unknown group android.permission-group.SYSTEM_CLOCK
12-19 17:22:10.551  3408  3438 W PackageManager: Permission cyanogenmod.permission.MANAGE_ALARMS from package cyanogenmod.platform in an unknown group android.permission-group.SYSTEM_CLOCK
12-19 17:22:10.551  3408  3438 W PackageManager: Permission cyanogenmod.permission.READ_ALARMS from package cyanogenmod.platform in an unknown group android.permission-group.SYSTEM_CLOCK
12-19 17:22:10.741  3408  3436 W PackageManager: Permission android.permission.SET_KEYGUARD_WALLPAPER from package android in an unknown group android.permission-group.WALLPAPER
12-19 17:22:10.741  3408  3436 W PackageManager: Permission android.permission.MODIFY_PROTECTED_SMS_LIST from package android in an unknown group android.permission-group.MESSAGES
12-19 17:22:10.741  3408  3436 W PackageManager: Permission android.permission.RECEIVE_PROTECTED_SMS from package android in an unknown group android.permission-group.MESSAGES
12-19 17:22:10.741  3408  3436 W PackageManager: Permission android.permission.RESET_BATTERY_STATS from package android in an unknown group android.permission-group.SYSTEM_TOOLS
12-19 17:22:10.742  3408  3408 D PackageManager: end scanDirLI:/system/framework
12-19 17:22:10.745  3408  3408 D PackageManager: start scanDirLI:/system/priv-app
12-19 17:22:10.745  3408  3408 D PackageManager: max thread:6
12-19 17:22:10.752  3408  3439 I PackageManager: /system/priv-app/AudioFX changed; collecting certs
12-19 17:22:10.754  3408  3437 I PackageManager: /system/priv-app/CMSettingsProvider changed; collecting certs
12-19 17:22:10.754  3408  3435 I PackageManager: /system/priv-app/CMAudioService changed; collecting certs
12-19 17:22:10.756  3408  3438 I PackageManager: /system/priv-app/CMUpdater changed; collecting certs
12-19 17:22:10.756  3408  3434 I PackageManager: /system/priv-app/BackupRestoreConfirmation changed; collecting certs
12-19 17:22:10.757  3408  3436 I PackageManager: /system/priv-app/CalendarProvider changed; collecting certs
12-19 17:22:10.765  3408  3436 I PackageManager: New shared user android.uid.calendar: id=10001
12-19 17:22:10.770  3408  3437 I PackageManager: /system/priv-app/CallLogBackup changed; collecting certs
12-19 17:22:10.775  3408  3437 I PackageManager: New shared user android.uid.shared: id=10004
12-19 17:22:10.786  3408  3436 I PackageManager: /system/priv-app/CellBroadcastReceiver changed; collecting certs
12-19 17:22:10.788  3408  3437 I PackageManager: /system/priv-app/ContactsProvider changed; collecting certs
12-19 17:22:10.797  3408  3435 I PackageManager: /system/priv-app/CarrierConfig changed; collecting certs
12-19 17:22:10.813  3408  3438 I PackageManager: /system/priv-app/DataUsageProvider changed; collecting certs
12-19 17:22:10.814  3408  3439 I PackageManager: /system/priv-app/CyanogenSetupWizard changed; collecting certs
12-19 17:22:10.816  3408  3434 W PackageParser: No actions in intent filter at /system/priv-app/Contacts/Contacts.apk Binary XML file line #301
12-19 17:22:10.821  3408  3434 I PackageManager: /system/priv-app/Contacts changed; collecting certs
12-19 17:22:10.850  3408  3437 I PackageManager: /system/priv-app/DefaultContainerService changed; collecting certs
12-19 17:22:10.853  3408  3438 I PackageManager: /system/priv-app/DownloadProvider changed; collecting certs
12-19 17:22:10.860  3408  3438 I PackageManager: New shared user android.media: id=10009
12-19 17:22:10.861  3408  3436 W PackageParser: No actions in intent filter at /system/priv-app/Dialer/Dialer.apk Binary XML file line #152
12-19 17:22:10.863  3408  3436 I PackageManager: /system/priv-app/Dialer changed; collecting certs
12-19 17:22:10.876  3408  3435 I PackageManager: /system/priv-app/ExternalStorageProvider changed; collecting certs
12-19 17:22:10.894  3408  3438 W PackageManager: Permission android.permission.DOWNLOAD_WITHOUT_NOTIFICATION from package com.android.providers.downloads in an unknown group android.permission-group.NETWORK
12-19 17:22:10.894  3408  3437 I PackageManager: /system/priv-app/FusedLocation changed; collecting certs
12-19 17:22:10.919  3408  3438 I PackageManager: /system/priv-app/InputDevices changed; collecting certs
12-19 17:22:10.921  3408  3435 I PackageManager: /system/priv-app/LiveLockScreenService changed; collecting certs
12-19 17:22:10.938  3408  3437 I PackageManager: /system/priv-app/ManagedProvisioning changed; collecting certs
12-19 17:22:10.980  3408  3435 I PackageManager: /system/priv-app/MediaProvider changed; collecting certs
12-19 17:22:10.987  3408  3437 I PackageManager: /system/priv-app/MmsService changed; collecting certs
12-19 17:22:10.989  3408  3438 I PackageManager: /system/priv-app/OneTimeInitializer changed; collecting certs
12-19 17:22:11.009  3408  3435 I PackageManager: /system/priv-app/PackageInstaller changed; collecting certs
12-19 17:22:11.012  3408  3437 I PackageManager: /system/priv-app/ProxyHandler changed; collecting certs
12-19 17:22:11.020  3408  3438 I PackageManager: /system/priv-app/Screencast changed; collecting certs
12-19 17:22:11.054  3408  3437 I PackageManager: /system/priv-app/SettingsProvider changed; collecting certs
12-19 17:22:11.057  3408  3438 I PackageManager: /system/priv-app/SharedStorageBackup changed; collecting certs
12-19 17:22:11.077  3408  3438 I PackageManager: /system/priv-app/Shell changed; collecting certs
12-19 17:22:11.094  3408  3437 I PackageManager: /system/priv-app/Snap changed; collecting certs
12-19 17:22:11.112  3408  3434 I PackageManager: /system/priv-app/StatementService changed; collecting certs
12-19 17:22:11.156  3408  3438 I PackageManager: /system/priv-app/SystemUI changed; collecting certs
12-19 17:22:11.159  3408  3434 I PackageManager: /system/priv-app/Telecom changed; collecting certs
12-19 17:22:11.164  3408  3435 W PackageParser: Ignoring duplicate uses-permissions/uses-permissions-sdk-m: android.permission.ACCESS_WIFI_STATE in package: com.android.phone at: Binary XML file line #134
12-19 17:22:11.165  3408  3418 I art     : Background sticky concurrent mark sweep GC freed 178612(11MB) AllocSpace objects, 78(4MB) LOS objects, 19% free, 39MB/48MB, paused 625us total 107.040ms
12-19 17:22:11.185  3408  3435 I PackageManager: /system/priv-app/TeleService changed; collecting certs
12-19 17:22:11.191  3408  3439 I PackageManager: /system/priv-app/Settings changed; collecting certs
12-19 17:22:11.192  3408  3434 I PackageManager: /system/priv-app/TelephonyProvider changed; collecting certs
12-19 17:22:11.228  3408  3434 I PackageManager: /system/priv-app/ThemeChooser changed; collecting certs
12-19 17:22:11.246  3408  3435 I PackageManager: /system/priv-app/ThemeManagerService changed; collecting certs
12-19 17:22:11.289  3408  3435 I PackageManager: /system/priv-app/ThemesProvider changed; collecting certs
12-19 17:22:11.304  3408  3437 I PackageManager: /system/priv-app/Trebuchet changed; collecting certs
12-19 17:22:11.304  3408  3435 I PackageManager: New shared user org.cyanogenmod.themes: id=10023
12-19 17:22:11.319  3408  3436 I PackageManager: /system/priv-app/VpnDialogs changed; collecting certs
12-19 17:22:11.330  3408  3438 I PackageManager: New shared user android.uid.systemui: id=10024
12-19 17:22:11.336  3408  3434 I PackageManager: /system/priv-app/WallpaperCropper changed; collecting certs
12-19 17:22:11.337  3408  3435 I PackageManager: /system/priv-app/WeatherManagerService changed; collecting certs
12-19 17:22:11.353  3408  3438 I PackageManager: /system/priv-app/WeatherProvider changed; collecting certs
12-19 17:22:11.356  3016  3016 I ServiceManager: Waiting for service media.camera.proxy...
12-19 17:22:11.358  3408  3437 W PackageManager: Permission com.android.launcher.permission.INSTALL_SHORTCUT from package com.cyanogenmod.trebuchet in an unknown group android.permission-group.SYSTEM_TOOLS
12-19 17:22:11.358  3408  3437 W PackageManager: Permission com.android.launcher3.permission.READ_SETTINGS from package com.cyanogenmod.trebuchet in an unknown group android.permission-group.SYSTEM_TOOLS
12-19 17:22:11.358  3408  3437 W PackageManager: Permission com.android.launcher3.permission.WRITE_SETTINGS from package com.cyanogenmod.trebuchet in an unknown group android.permission-group.SYSTEM_TOOLS
12-19 17:22:11.505  3408  3408 D PackageManager: end scanDirLI:/system/priv-app
12-19 17:22:11.505  3408  3408 D PackageManager: start scanDirLI:/system/app
12-19 17:22:11.505  3408  3408 D PackageManager: max thread:6
12-19 17:22:11.516  3408  3435 I PackageManager: /system/app/BluetoothMidiService changed; collecting certs
12-19 17:22:11.518  3408  3438 W PackageParser: No actions in intent filter at /system/app/CMFileManager/CMFileManager.apk Binary XML file line #164
12-19 17:22:11.519  3408  3438 I PackageManager: /system/app/CMFileManager changed; collecting certs
12-19 17:22:11.520  3408  3439 I PackageManager: /system/app/CMWallpapers changed; collecting certs
12-19 17:22:11.522  3408  3436 I PackageManager: /system/app/BasicDreams changed; collecting certs
12-19 17:22:11.524  3408  3434 W PackageParser: No actions in intent filter at /system/app/Bluetooth/Bluetooth.apk Binary XML file line #235
12-19 17:22:11.525  3408  3434 I PackageManager: /system/app/Bluetooth changed; collecting certs
12-19 17:22:11.529  3408  3437 I PackageManager: /system/app/Browser changed; collecting certs
12-19 17:22:11.537  3408  3436 I PackageManager: /system/app/CaptivePortalLogin changed; collecting certs
12-19 17:22:11.545  3408  3435 I PackageManager: /system/app/Calendar changed; collecting certs
12-19 17:22:11.556  3408  3434 I PackageManager: /system/app/CertInstaller changed; collecting certs
12-19 17:22:11.590  3408  3439 I PackageManager: /system/app/Development changed; collecting certs
12-19 17:22:11.599  3408  3434 I PackageManager: /system/app/DocumentsUI changed; collecting certs
12-19 17:22:11.607  3408  3436 I PackageManager: /system/app/DeskClock changed; collecting certs
12-19 17:22:11.630  3408  3438 I PackageManager: /system/app/DownloadProviderUi changed; collecting certs
12-19 17:22:11.655  3408  3437 I PackageManager: /system/app/Eleven changed; collecting certs
12-19 17:22:11.669  3408  3435 I PackageManager: /system/app/ExactCalculator changed; collecting certs
12-19 17:22:11.678  3408  3438 I PackageManager: /system/app/Galaxy4 changed; collecting certs
12-19 17:22:11.682  3408  3434 I PackageManager: /system/app/Exchange2 changed; collecting certs
12-19 17:22:11.685  3408  3439 I PackageManager: /system/app/Email changed; collecting certs
12-19 17:22:11.706  3408  3437 I PackageManager: /system/app/HTMLViewer changed; collecting certs
12-19 17:22:11.707  3408  3435 W PackageParser: Unknown element under <application>: permission at /system/app/Gallery2/Gallery2.apk Binary XML file line #279
12-19 17:22:11.707  3408  3435 W PackageParser: Unknown element under <application>: permission at /system/app/Gallery2/Gallery2.apk Binary XML file line #282
12-19 17:22:11.714  3408  3435 I PackageManager: /system/app/Gallery2 changed; collecting certs
12-19 17:22:11.730  3408  3434 I PackageManager: /system/app/HoloSpiralWallpaper changed; collecting certs
12-19 17:22:11.736  3408  3437 I PackageManager: /system/app/KeyChain changed; collecting certs
12-19 17:22:11.744  3408  3438 I PackageManager: /system/app/HexoLibre changed; collecting certs
12-19 17:22:11.763  3408  3436 I PackageManager: /system/app/LatinIME changed; collecting certs
12-19 17:22:11.766  3408  3437 I PackageManager: /system/app/LiveWallpapersPicker changed; collecting certs
12-19 17:22:11.770  3408  3434 I PackageManager: /system/app/LiveWallpapers changed; collecting certs
12-19 17:22:11.807  3408  3437 I PackageManager: /system/app/LockClock changed; collecting certs
12-19 17:22:11.825  3408  3434 I PackageManager: /system/app/NoiseField changed; collecting certs
12-19 17:22:11.832  3408  3439 I PackageManager: /system/app/PacProcessor changed; collecting certs
12-19 17:22:11.841  3408  3434 I PackageManager: /system/app/PhaseBeam changed; collecting certs
12-19 17:22:11.851  3408  3439 I PackageManager: /system/app/PhotoPhase changed; collecting certs
12-19 17:22:11.858  3408  3435 I PackageManager: /system/app/PhotoTable changed; collecting certs
12-19 17:22:11.860  3408  3434 I PackageManager: /system/app/PicoTts changed; collecting certs
12-19 17:22:11.885  3408  3434 I PackageManager: /system/app/PrintSpooler changed; collecting certs
12-19 17:22:11.908  3408  3439 I PackageManager: /system/app/Provision changed; collecting certs
12-19 17:22:11.909  3408  3435 I PackageManager: /system/app/Profiles changed; collecting certs
12-19 17:22:11.935  3408  3434 I PackageManager: /system/app/RootPA changed; collecting certs
12-19 17:22:11.939  3408  3439 I PackageManager: /system/app/SamsungServiceMode changed; collecting certs
12-19 17:22:11.957  3408  3437 I PackageManager: /system/app/Stk changed; collecting certs
12-19 17:22:11.959  3408  3435 I PackageManager: /system/app/SoundRecorder changed; collecting certs
12-19 17:22:11.970  3408  3438 I PackageManager: /system/app/UserDictionaryProvider changed; collecting certs
12-19 17:22:11.971  3408  3434 I PackageManager: /system/app/Terminal changed; collecting certs
12-19 17:22:11.984  3408  3439 I PackageManager: /system/app/WAPPushManager changed; collecting certs
12-19 17:22:12.008  3408  3438 W PackageManager: Failed to parse /system/app/mcRegistry: Missing base APK in /system/app/mcRegistry
12-19 17:22:12.016  3408  3437 I PackageManager: /system/app/WallpaperPicker changed; collecting certs
12-19 17:22:12.018  3408  3435 I PackageManager: /system/app/telresources changed; collecting certs
12-19 17:22:12.028  3408  3438 I PackageManager: /system/app/messaging changed; collecting certs
12-19 17:22:12.033  3408  3434 I PackageManager: /system/app/webview changed; collecting certs
12-19 17:22:12.216  3408  3408 D PackageManager: end scanDirLI:/system/app
12-19 17:22:12.217  3408  3408 D PackageManager: No files in app dir /system/vendor/app
12-19 17:22:12.217  3408  3408 D PackageManager: No files in app dir /oem/app
12-19 17:22:12.217  3408  3408 D PackageManager: No files in app dir /vendor/bundled-app
12-19 17:22:12.217  3408  3408 D PackageManager: start scanDirLI:/data/app
12-19 17:22:12.217  3408  3408 D PackageManager: max thread:6
12-19 17:22:12.217  3408  3439 W PackageManager: Failed to parse /data/app/mcRegistry: Missing base APK in /data/app/mcRegistry
12-19 17:22:12.217  3408  3408 D PackageManager: end scanDirLI:/data/app
12-19 17:22:12.217  3408  3408 D PackageManager: No files in app dir /data/app-private
12-19 17:22:12.218  3408  3408 W PackageManager: Package com.android.dialer desires unavailable shared library com.qualcomm.qti.smartsearch; ignoring!
12-19 17:22:12.218  3408  3408 W PackageManager: Package com.android.gallery3d desires unavailable shared library com.google.android.media.effects; ignoring!
12-19 17:22:12.218  3408  3408 W PackageManager: Package com.android.gallery3d desires unavailable shared library com.google.android.media.effects; ignoring!
12-19 17:22:12.218  3408  3408 I PackageManager: Adjusting ABI for : com.android.settings to arm64-v8a
12-19 17:22:12.218  3408  3408 I PackageManager: Adjusting ABI for : com.android.server.telecom to arm64-v8a
12-19 17:22:12.218  3408  3408 I PackageManager: Adjusting ABI for : com.android.providers.settings to arm64-v8a
12-19 17:22:12.218  3408  3408 I PackageManager: Adjusting ABI for : org.cyanogenmod.providers.datausage to arm64-v8a
12-19 17:22:12.218  3408  3408 I PackageManager: Adjusting ABI for : com.android.development to arm64-v8a
12-19 17:22:12.218  3408  3408 I PackageManager: Adjusting ABI for : com.android.location.fused to arm64-v8a
12-19 17:22:12.218  3408  3408 I PackageManager: Adjusting ABI for : cyanogenmod.platform to arm64-v8a
12-19 17:22:12.219  3017  3017 E installd: invalid apk path '/system/framework/org.cyanogenmod.platform-res.apk' (bad prefix)
12-19 17:22:12.219  3408  3408 I PackageManager: Adjusting ABI for : com.android.inputdevices to arm64-v8a
12-19 17:22:12.219  3408  3408 I PackageManager: Adjusting ABI for : com.android.keychain to arm64-v8a
12-19 17:22:12.219  3408  3408 I PackageManager: Adjusting ABI for : org.cyanogenmod.cmsettings to arm64-v8a
12-19 17:22:12.219  3408  3408 I PackageManager: Adjusting ABI for : com.cyanogenmod.setupwizard to arm64-v8a
12-19 17:22:12.219  3408  3408 I PackageManager: Time to scan packages: 1.744 seconds
12-19 17:22:12.220  3408  3408 W PackageManager: Not granting permission android.permission.INTERACT_ACROSS_USERS_FULL to package org.cyanogenmod.snap (protectionLevel=258 flags=0x3858bc45)
12-19 17:22:12.220  3408  3408 W PackageManager: Not granting permission android.permission.SET_ORIENTATION to package org.cyanogenmod.snap (protectionLevel=2 flags=0x3858bc45)
12-19 17:22:12.220  3408  3408 W PackageManager: Unknown permission com.google.android.googleapps.permission.GOOGLE_AUTH in package com.android.providers.calendar
12-19 17:22:12.220  3408  3408 W PackageManager: Unknown permission com.google.android.googleapps.permission.GOOGLE_AUTH.cl in package com.android.providers.calendar
12-19 17:22:12.220  3408  3408 W PackageManager: Not granting permission android.permission.REAL_GET_TASKS to package org.cyanogenmod.wallpapers.photophase (protectionLevel=18 flags=0x3818be45)
12-19 17:22:12.220  3408  3408 W PackageManager: Unknown permission android.permission.CANCEL_NOTIFICATIONS in package org.cyanogenmod.theme.chooser2
12-19 17:22:12.220  3408  3408 W PackageManager: Unknown permission com.cyanogen.ambient.permission.BIND_CALLER_INFO in package com.android.messaging
12-19 17:22:12.220  3408  3408 W PackageManager: Unknown permission com.cyanogen.ambient.permission.BIND_RIDEINPROGRESS_SERVICE in package com.android.messaging
12-19 17:22:12.220  3408  3408 W PackageManager: Unknown permission com.cyanogen.ambient.permission.BIND_RIDESHARING_SERVICE in package com.android.messaging
12-19 17:22:12.221  3408  3408 W PackageManager: Not granting permission android.permission.ACCESS_DOWNLOAD_MANAGER to package com.android.browser (protectionLevel=18 flags=0x3849be45)
12-19 17:22:12.221  3408  3408 W PackageManager: Not granting permission android.permission.SEND_DOWNLOAD_COMPLETED_INTENTS to package com.android.browser (protectionLevel=2 flags=0x3849be45)
12-19 17:22:12.221  3408  3408 W PackageManager: Unknown permission com.cyngn.stats.SEND_ANALYTICS in package com.cyanogenmod.setupwizard
12-19 17:22:12.221  3408  3408 W PackageManager: Unknown permission com.cyanogen.permission.REQUEST_KILL_SWITCH_OP in package com.cyanogenmod.setupwizard
12-19 17:22:12.221  3408  3408 W PackageManager: Unknown permission com.cyanogen.ambient.permission.BIND_INCALL_SERVICE in package com.android.contacts
12-19 17:22:12.221  3408  3408 W PackageManager: Unknown permission com.cyanogen.ambient.permission.PLUGIN_STATUS_CHANGED in package com.android.contacts
12-19 17:22:12.221  3408  3408 W PackageManager: Unknown permission com.cyanogen.ambient.permission.BIND_CALLER_INFO in package com.android.contacts
12-19 17:22:12.221  3408  3408 W PackageManager: Unknown permission com.google.android.googleapps.permission.GOOGLE_AUTH.mail in package com.android.calendar
12-19 17:22:12.222  3408  3408 W PackageManager: Unknown permission com.android.launcher.permission.READ_SETTINGS in package com.android.onetimeinitializer
12-19 17:22:12.222  3408  3408 W PackageManager: Unknown permission com.android.launcher.permission.WRITE_SETTINGS in package com.android.onetimeinitializer
12-19 17:22:12.222  3408  3408 W PackageManager: Unknown permission com.cyanogen.ambient.permission.BIND_INCALL_SERVICE in package com.android.dialer
12-19 17:22:12.222  3408  3408 W PackageManager: Unknown permission com.cyanogen.ambient.permission.PLUGIN_STATUS_CHANGED in package com.android.dialer
12-19 17:22:12.222  3408  3408 W PackageManager: Unknown permission com.cyanogen.ambient.permission.PUBLISH_DISCOVERY_NUDGE in package com.android.dialer
12-19 17:22:12.222  3408  3408 W PackageManager: Unknown permission com.cyanogen.ambient.permission.BIND_DEEPLINK_SERVICE in package com.android.dialer
12-19 17:22:12.222  3408  3408 W PackageManager: Unknown permission com.cyanogen.ambient.permission.READ_DEEPLINK_DATABASE in package com.android.dialer
12-19 17:22:12.222  3408  3408 W PackageManager: Unknown permission com.cyanogen.ambient.permission.BIND_CALLER_INFO in package com.android.dialer
12-19 17:22:12.222  3408  3408 W PackageManager: Unknown permission com.android.launcher.permission.READ_SETTINGS in package com.cyanogenmod.trebuchet
12-19 17:22:12.222  3408  3408 W PackageManager: Unknown permission com.android.launcher.permission.WRITE_SETTINGS in package com.cyanogenmod.trebuchet
12-19 17:22:12.222  3408  3408 W PackageManager: Unknown permission com.cyngn.stats.SEND_ANALYTICS in package com.cyanogenmod.trebuchet
12-19 17:22:12.222  3408  3408 W PackageManager: Unknown permission com.google.android.permission.INSTALL_WEARABLE_PACKAGES in package com.android.packageinstaller
12-19 17:22:12.222  3408  3408 W PackageManager: Not granting permission android.permission.DELETE_PACKAGES to package com.svox.pico (protectionLevel=18 flags=0x3808be45)
12-19 17:22:12.222  3408  3408 W PackageManager: Unknown permission android.permission.ACCESS_SUPERUSER in package com.cyanogenmod.filemanager
12-19 17:22:12.222  3408  3408 W PackageManager: Unknown permission com.cyanogenmod.filemanager.permissions.READ_THEME in package com.cyanogenmod.filemanager
12-19 17:22:12.223  3408  3408 W PackageManager: Unknown permission com.google.android.gallery3d.permission.PICASA_STORE in package com.android.dreams.phototable
12-19 17:22:12.223  3408  3408 W PackageManager: Unknown permission com.google.android.googleapps.permission.GOOGLE_AUTH in package com.android.settings
12-19 17:22:12.223  3408  3408 W PackageManager: Unknown permission com.android.launcher.permission.READ_SETTINGS in package com.android.settings
12-19 17:22:12.223  3408  3408 W PackageManager: Unknown permission com.android.launcher.permission.WRITE_SETTINGS in package com.android.settings
12-19 17:22:12.223  3408  3408 W PackageManager: Not granting permission android.permission.REAL_GET_TASKS to package com.cyanogenmod.eleven (protectionLevel=18 flags=0x3818be65)
12-19 17:22:12.226  3408  3408 W PackageManager: Unknown permission com.google.android.gallery3d.permission.GALLERY_PROVIDER in package com.android.bluetooth
12-19 17:22:12.226  3408  3408 W PackageManager: Unknown permission com.google.android.googleapps.permission.ACCESS_GOOGLE_PASSWORD in package com.android.development
12-19 17:22:12.226  3408  3408 W PackageManager: Unknown permission com.google.android.googleapps.permission.GOOGLE_AUTH in package com.android.development
12-19 17:22:12.226  3408  3408 W PackageManager: Unknown permission com.google.android.googleapps.permission.GOOGLE_AUTH.ALL_SERVICES in package com.android.development
12-19 17:22:12.226  3408  3408 W PackageManager: Unknown permission com.google.android.googleapps.permission.GOOGLE_AUTH.YouTubeUser in package com.android.development
12-19 17:22:12.227  3408  3408 V PackageManager: Disabling com.google.android.gsf/com.google.android.gsf.update.SystemUpdateActivity
12-19 17:22:12.227  3408  3408 W PackageManager: Unable to disable com.google.android.gsf/com.google.android.gsf.update.SystemUpdateActivity
12-19 17:22:12.227  3408  3408 V PackageManager: Disabling com.google.android.gsf/com.google.android.gsf.update.SystemUpdateService$Receiver
12-19 17:22:12.227  3408  3408 W PackageManager: Unable to disable com.google.android.gsf/com.google.android.gsf.update.SystemUpdateService$Receiver
12-19 17:22:12.227  3408  3408 V PackageManager: Disabling com.google.android.gsf/com.google.android.gsf.update.SystemUpdateService$SecretCodeReceiver
12-19 17:22:12.227  3408  3408 W PackageManager: Unable to disable com.google.android.gsf/com.google.android.gsf.update.SystemUpdateService$SecretCodeReceiver
12-19 17:22:12.227  3408  3408 V PackageManager: Disabling com.google.android.gms/com.google.android.gms.update.SystemUpdateActivity
12-19 17:22:12.227  3408  3408 W PackageManager: Unable to disable com.google.android.gms/com.google.android.gms.update.SystemUpdateActivity
12-19 17:22:12.227  3408  3408 V PackageManager: Disabling com.google.android.gms/com.google.android.gms.update.SystemUpdateService$Receiver
12-19 17:22:12.227  3408  3408 W PackageManager: Unable to disable com.google.android.gms/com.google.android.gms.update.SystemUpdateService$Receiver
12-19 17:22:12.227  3408  3408 V PackageManager: Disabling com.google.android.gms/com.google.android.gms.update.SystemUpdateService$ActiveReceiver
12-19 17:22:12.227  3408  3408 W PackageManager: Unable to disable com.google.android.gms/com.google.android.gms.update.SystemUpdateService$ActiveReceiver
12-19 17:22:12.227  3408  3408 V PackageManager: Disabling com.google.android.gms/com.google.android.gms.update.SystemUpdateService$SecretCodeReceiver
12-19 17:22:12.227  3408  3408 W PackageManager: Unable to disable com.google.android.gms/com.google.android.gms.update.SystemUpdateService$SecretCodeReceiver
12-19 17:22:12.227  3408  3408 V PackageManager: Enabling com.google.android.gsf/com.google.android.gsf.update.SystemUpdateService
12-19 17:22:12.227  3408  3408 W PackageManager: Unable to enable com.google.android.gsf/com.google.android.gsf.update.SystemUpdateService
12-19 17:22:12.227  3408  3408 V PackageManager: Enabling com.google.android.gms/com.google.android.gms.update.SystemUpdateService
12-19 17:22:12.227  3408  3408 W PackageManager: Unable to enable com.google.android.gms/com.google.android.gms.update.SystemUpdateService
12-19 17:22:12.267  3408  3408 I art     : Starting a blocking GC Explicit
12-19 17:22:12.293  3408  3408 I art     : Explicit concurrent mark sweep GC freed 224584(12MB) AllocSpace objects, 38(3MB) LOS objects, 33% free, 27MB/41MB, paused 190us total 26.343ms
12-19 17:22:12.295  3408  3408 I SystemServer: User Service
12-19 17:22:12.299  3443  3443 I system_server: type=1400 audit(0.0:150): avc: denied { read } for name="prox_cal" dev="sda3" ino=57 scontext=u:r:system_server:s0 tcontext=u:object_r:app_efs_file:s0 tclass=file permissive=1
12-19 17:22:12.299  3443  3443 I system_server: type=1400 audit(0.0:150): avc: denied { open } for path="/efs/FactoryApp/prox_cal" dev="sda3" ino=57 scontext=u:r:system_server:s0 tcontext=u:object_r:app_efs_file:s0 tclass=file permissive=1
12-19 17:22:12.299  3443  3443 W system_server: type=1300 audit(0.0:150): arch=c00000b7 syscall=64 success=yes exit=4 a0=33 a1=7f972f9008 a2=4 a3=0 items=0 ppid=3023 auid=4294967295 uid=1000 gid=1000 euid=1000 suid=1000 fsuid=1000 egid=1000 sgid=1000 fsgid=1000 tty=(none) ses=4294967295 exe="/system/bin/app_process64" subj=u:r:system_server:s0 key=(null)
12-19 17:22:12.299  2929  2929 W auditd  : type=1327 audit(0.0:150): proctitle="system_server"
12-19 17:22:12.299  2929  2929 W auditd  : type=1320 audit(0.0:150): 
12-19 17:22:12.303  2990  2990 I lowmemorykiller: ActivityManager connected
12-19 17:22:12.304  3408  3443 I         : System server: starting sensor init.
12-19 17:22:12.304  3408  3443 D SensorService: nuSensorService starting...
12-19 17:22:12.304  3408  3408 I SystemServiceManager: Starting com.android.server.BatteryService
12-19 17:22:12.308  3408  3443 I Sensors : getName:gyro_sensor name = K6DS3TR.
12-19 17:22:12.308  3408  3443 I Sensors : Proximity old sensor_state 0, new sensor_state : 128 en : 1
12-19 17:22:12.319  3019  3019 I cbd     : type=1400 audit(0.0:151): avc: denied { read } for name="sda8" dev="tmpfs" ino=13318 scontext=u:r:cpboot-daemon:s0 tcontext=u:object_r:block_device:s0 tclass=blk_file permissive=1
12-19 17:22:12.319  3019  3019 I cbd     : type=1400 audit(0.0:151): avc: denied { open } for path="/dev/block/sda8" dev="tmpfs" ino=13318 scontext=u:r:cpboot-daemon:s0 tcontext=u:object_r:block_device:s0 tclass=blk_file permissive=1
12-19 17:22:12.319  3019  3019 W cbd     : type=1300 audit(0.0:151): arch=c00000b7 syscall=56 success=yes exit=9 a0=ffffff9c a1=7fc5043be8 a2=0 a3=0 items=0 ppid=1 auid=4294967295 uid=1001 gid=1001 euid=1001 suid=1001 fsuid=1001 egid=1001 sgid=1001 fsgid=1001 tty=(none) ses=4294967295 exe="/system/bin/cbd" subj=u:r:cpboot-daemon:s0 key=(null)
12-19 17:22:12.319  2929  2929 W auditd  : type=1327 audit(0.0:151): proctitle=2F73797374656D2F62696E2F636264002D64002D747373333130002D626D002D6D6D002D5000706C6174666F726D2F31353561303030302E7566732F62792D6E616D652F524144494F002D6300706C6174666F726D2F31353561303030302E7566732F62792D6E616D652F43505F4445425547
12-19 17:22:12.319  2929  2929 W auditd  : type=1320 audit(0.0:151): 
12-19 17:22:12.319  3408  3408 I SystemServiceManager: Starting com.android.server.usage.UsageStatsService
12-19 17:22:12.324  3408  3443 I Sensors : Light old sensor_state 128, new sensor_state : 640 en : 1
12-19 17:22:12.329  3408  3443 I Sensors : Light_IR old sensor_state 640, new sensor_state : 16777856 en : 1
12-19 17:22:12.329  3408  3443 E Sensors : Light_IR_Sensor write failed. ret = -1, sensor_state = 16777856
12-19 17:22:12.330  3408  3408 I UsageStatsDatabase: Upgrading from version 0 to 3
12-19 17:22:12.330  3408  3408 I UsageStatsDatabase: Deleting all usage stats files
12-19 17:22:12.330  3408  3443 I Sensors : SigMotionSensor old sensor_state 640, new sensor_state : 17024 en : 1
12-19 17:22:12.331  3408  3408 I UsageStatsService: User[0] Rollover scheduled @ 2016-12-20 00:00:00(1482192000000)
12-19 17:22:12.334  3408  3408 I UsageStatsService: User[0] Flushing usage stats to disk
12-19 17:22:12.336  3408  3443 I Sensors : getName:gyro_sensor name = K6DS3TR.
12-19 17:22:12.336  3408  3443 I Sensors : StepCounterSensor old sensor_state 17024, new sensor_state : 279168 en : 1
12-19 17:22:12.336  3408  3443 E Sensors : StepCounterSensor write failed. ret = -1, sensor_state = 279168
12-19 17:22:12.336  3408  3443 I Sensors : Int.Gyro old sensor_state 17024, new sensor_state : 33571456 en : 1
12-19 17:22:12.336  3408  3443 E Sensors : Int.GyroSensor write failed. ret = -1, sensor_state = 33571456
12-19 17:22:12.337  3408  3443 I Sensors : getName:gyro_sensor name = K6DS3TR.
12-19 17:22:12.337  3408  3443 I Sensors : HrmSpO2Sensor:: part type = 12.
12-19 17:22:12.337  3408  3443 D Sensors : HrmSpO2Sensor::type:12, prox threshold:10000
12-19 17:22:12.337  3408  3443 D Sensors : HrmSpO2Sensor::handle:0 ,en:1
12-19 17:22:12.337  3408  3443 E Sensors : HrmSpO2Sensor::Error MAXIM Flicker Library...handle=0x0
12-19 17:22:12.337  3408  3443 D Sensors : HrmSpO2Sensor::HrmSpO2Sensor: Shared version Registered
12-19 17:22:12.337  3408  3443 D Sensors : HrmLedSensor enable: mEnabled 0, handle 20, en 1
12-19 17:22:12.337  3408  3443 D Sensors : HRMSensor led enabled:1, en:1
12-19 17:22:12.342  3408  3443 I Sensors : getVendor:hrm_sensor vendor = MAXIM.
12-19 17:22:12.342  3408  3443 I Sensors : HrmLedSensor: HrmLedSensor vendor = MAXIM.
12-19 17:22:12.342  3408  3443 D Sensors : HRMSensor_LED::libhr open start!! 
12-19 17:22:12.342  3408  3443 E Sensors : HRMSensor_LED::libhr open failed 
12-19 17:22:12.342  3408  3443 E Sensors : GripSensor: enable
12-19 17:22:12.354  3408  3408 I SystemServiceManager: Starting com.android.server.webkit.WebViewUpdateService
12-19 17:22:12.356  3016  3016 I ServiceManager: Waiting for service media.camera.proxy...
12-19 17:22:12.357  3408  3408 I SystemServer: Reading configuration...
12-19 17:22:12.357  3408  3408 I SystemServer: Scheduling Policy
12-19 17:22:12.357  3408  3408 I SystemServiceManager: Starting com.android.server.telecom.TelecomLoaderService
12-19 17:22:12.359  3408  3408 I SystemServer: Telephony Registry
12-19 17:22:12.361  3408  3408 I SystemServer: Entropy Mixer
12-19 17:22:12.361  3408  3408 W EntropyMixer: No existing entropy file -- first boot?
12-19 17:22:12.374  3408  3443 I Sensors : Proximity old sensor_state 17024, new sensor_state : 16896 en : 0
12-19 17:22:12.374  3408  3443 I Sensors : Light old sensor_state 16896, new sensor_state : 16384 en : 0
12-19 17:22:12.374  3408  3443 I Sensors : SigMotionSensor old sensor_state 16384, new sensor_state : 0 en : 0
12-19 17:22:12.374  3408  3443 E Sensors : GripSensor: enable
12-19 17:22:12.374  3408  3443 D Sensors : HrmSpO2Sensor::handle:19 ,en:0
12-19 17:22:12.374  3408  3443 D Sensors : HrmSpO2Sensor::isEnabled:0 ,en:0, mEn:0
12-19 17:22:12.374  3408  3443 D Sensors : HrmSpO2Sensor::handle:28 ,en:0
12-19 17:22:12.374  3408  3443 D Sensors : HrmSpO2Sensor::isEnabled:0 ,en:0, mEn:0
12-19 17:22:12.374  3408  3443 D Sensors : HrmLedSensor enable: mEnabled 1, handle 20, en 0
12-19 17:22:12.374  3408  3443 D Sensors : HRMSensor_LED::enable 
12-19 17:22:12.374  3408  3443 D Sensors : HRMSensor led enabled:0, en:0
12-19 17:22:12.375  3408  3443 D Sensors : HrmLedSensor enable: mEnabled 0, handle 21, en 0
12-19 17:22:12.375  3408  3443 D Sensors : HrmLedSensor isEnabled:0 ,en:0
12-19 17:22:12.375  3408  3443 D Sensors : HrmSpO2Sensor::handle:18 ,en:0
12-19 17:22:12.375  3408  3443 D Sensors : HrmSpO2Sensor::isEnabled:0 ,en:0, mEn:0
12-19 17:22:12.376  3408  3443 I         : System server: sensor init done.
12-19 17:22:12.377  3408  3452 D SensorService: nuSensorService thread starting...
12-19 17:22:12.377  3408  3451 D SensorService: new thread SensorEventAckReceiver
12-19 17:22:12.380  3408  3408 I EntropyMixer: Added HW RNG output to entropy pool
12-19 17:22:12.380  3408  3408 I EntropyMixer: Writing entropy...
12-19 17:22:12.386  3408  3408 I SystemServer: Camera Service
12-19 17:22:12.386  3408  3408 I SystemServiceManager: Starting com.android.server.camera.CameraService
12-19 17:22:12.389  3408  3453 I ServiceThread: Enabled StrictMode logging for CameraService_proxy looper.
12-19 17:22:12.390  3408  3408 I SystemServer: Account Manager
12-19 17:22:12.391  3408  3408 I SystemServer: Content Manager
12-19 17:22:12.393  3408  3408 I SystemServer: System Content Providers
12-19 17:22:12.395  3408  3408 W System  : ClassLoader referenced unknown path: /system/priv-app/CMSettingsProvider/lib/arm64
12-19 17:22:12.428  3408  3408 D ActivityThread: Loading provider settings: com.android.providers.settings.SettingsProvider
12-19 17:22:12.430  3408  3408 W System  : ClassLoader referenced unknown path: /system/priv-app/SettingsProvider/lib/arm64
12-19 17:22:12.506  3408  3408 D SettingsProvider: Generated and saved new ANDROID_ID [7945e0505924c652] for user 0
12-19 17:22:12.530  3408  3408 I SystemServer: Vibrator Service
12-19 17:22:12.532  3408  3408 I SystemServer: Consumer IR Service
12-19 17:22:12.532  3408  3408 E ConsumerIrService: Can't open consumer IR HW Module, error: -2
12-19 17:22:12.532  3408  3421 I SyncManager: No initial accounts
12-19 17:22:12.533  3408  3408 I SystemServiceManager: Starting com.android.server.AlarmManagerService
12-19 17:22:12.542  3408  3421 I SyncManager: No initial status
12-19 17:22:12.542  3408  3421 I SyncManager: No initial statistics
12-19 17:22:12.549  3408  3408 I SystemServer: Init Watchdog
12-19 17:22:12.550  3408  3408 I SystemServer: Input Manager
12-19 17:22:12.550  3408  3408 I InputManager: Initializing input manager, mUseDevInputEventForAudioJack=false
12-19 17:22:12.550  3408  3408 I SystemServer: Window Manager
12-19 17:22:12.558  3408  3427 I WindowManager: No existing display settings /data/system/display_settings.xml; starting empty
12-19 17:22:12.582  3408  3408 I InputManager: Starting input manager
12-19 17:22:12.584  3408  3408 I SystemServer: Bluetooth Service
12-19 17:22:12.584  3408  3408 I SystemServiceManager: Starting com.android.server.BluetoothService
12-19 17:22:12.584  3408  3468 D EventHub: No input device configuration file found for device 'certify_hall'.
12-19 17:22:12.586  3408  3408 D BluetoothManagerService: Loading stored name and address
12-19 17:22:12.586  3408  3408 D BluetoothManagerService: Stored bluetooth Name=null,Address=null
12-19 17:22:12.586  3408  3408 D BluetoothService: onStart: publishing BluetoothManagerService
12-19 17:22:12.586  3408  3408 I SystemServer: Input Method Service
12-19 17:22:12.612  3408  3408 W InputMethodManagerService: No IME selected. Choose the most applicable IME.
12-19 17:22:12.612  3408  3408 I InputMethodManagerService: Default found, using com.android.inputmethod.latin/.LatinIME
12-19 17:22:12.613  3408  3408 I SystemServer: Accessibility Manager
12-19 17:22:12.614  3408  3408 I ActivityManager: choosing minFree values for 64 Bit
12-19 17:22:12.614  3408  3408 I ActivityManager: choosing minFree values for 64 Bit
12-19 17:22:12.614  3408  3408 I ActivityManager: choosing minFree values for 64 Bit
12-19 17:22:12.614  3408  3408 I ActivityManager: choosing minFree values for 64 Bit
12-19 17:22:12.614  3408  3408 I ActivityManager: choosing minFree values for 64 Bit
12-19 17:22:12.614  3408  3408 I ActivityManager: choosing minFree values for 64 Bit
12-19 17:22:12.615  3408  3408 I ActivityManager: Config changes=1df8 {1.0 ?mcc?mnc en_US ldltr sw360dp w360dp h640dp 640dpi nrml long port ?uimode ?night -touch -keyb/h/h -nav/h s.2 themeResource=null}
12-19 17:22:12.617  3408  3408 I ActivityManager: Config changes=400 {1.0 ?mcc?mnc en_US ldltr sw360dp w360dp h616dp 640dpi nrml long port ?uimode ?night -touch -keyb/h/h -nav/h s.3 themeResource=null}
12-19 17:22:12.617  3408  3408 I SystemServiceManager: Starting com.android.server.MountService$Lifecycle
12-19 17:22:12.621  3408  3469 D MountService: Thinking about reset, mSystemReady=false, mDaemonConnected=true
12-19 17:22:12.622  3408  3469 D MountService: Thinking about reset, mSystemReady=false, mDaemonConnected=true
12-19 17:22:12.622  3408  3408 I SystemServiceManager: Starting com.android.server.UiModeManagerService
12-19 17:22:12.622  3408  3469 D CryptdConnector: SND -> {1 cryptfs getfield SystemLocale}
12-19 17:22:12.622  2922  2936 I Ext4Crypt: ext4 crypto complete called on /data
12-19 17:22:12.622  2922  2936 I Ext4Crypt: No master key, so not ext4enc
12-19 17:22:12.623  3408  3471 D CryptdConnector: RCV <- {200 1 -1}
12-19 17:22:12.623  3408  3408 I ActivityManager: Config changes=200 {1.0 ?mcc?mnc en_US ldltr sw360dp w360dp h616dp 640dpi nrml long port -touch -keyb/h/h -nav/h s.4 themeResource=null}
12-19 17:22:12.623  3408  3469 W MountService: No primary storage mounted!
12-19 17:22:12.623  3408  3469 D VoldConnector: SND -> {1 asec list}
12-19 17:22:12.623  3408  3470 D VoldConnector: RCV <- {200 1 asec operation succeeded}
12-19 17:22:12.624  3408  3469 I PackageManager: No secure containers found
12-19 17:22:12.624  3408  3469 W PackageManager: Not granting permission android.permission.INTERACT_ACROSS_USERS_FULL to package org.cyanogenmod.snap (protectionLevel=258 flags=0x38d8bc45)
12-19 17:22:12.624  3408  3469 W PackageManager: Not granting permission android.permission.SET_ORIENTATION to package org.cyanogenmod.snap (protectionLevel=2 flags=0x38d8bc45)
12-19 17:22:12.624  3408  3469 W PackageManager: Unknown permission com.google.android.googleapps.permission.GOOGLE_AUTH in package com.android.providers.calendar
12-19 17:22:12.624  3408  3469 W PackageManager: Unknown permission com.google.android.googleapps.permission.GOOGLE_AUTH.cl in package com.android.providers.calendar
12-19 17:22:12.624  3408  3408 W PackageManager: No disk maintenance in 1482168132624; running immediately
12-19 17:22:12.624  3408  3469 W PackageManager: Not granting permission android.permission.REAL_GET_TASKS to package org.cyanogenmod.wallpapers.photophase (protectionLevel=18 flags=0x3898be45)
12-19 17:22:12.624  3408  3469 W PackageManager: Unknown permission android.permission.CANCEL_NOTIFICATIONS in package org.cyanogenmod.theme.chooser2
12-19 17:22:12.624  3408  3469 W PackageManager: Unknown permission com.cyanogen.ambient.permission.BIND_CALLER_INFO in package com.android.messaging
12-19 17:22:12.624  3408  3469 W PackageManager: Unknown permission com.cyanogen.ambient.permission.BIND_RIDEINPROGRESS_SERVICE in package com.android.messaging
12-19 17:22:12.624  3408  3469 W PackageManager: Unknown permission com.cyanogen.ambient.permission.BIND_RIDESHARING_SERVICE in package com.android.messaging
12-19 17:22:12.624  3408  3469 W PackageManager: Not granting permission android.permission.ACCESS_DOWNLOAD_MANAGER to package com.android.browser (protectionLevel=18 flags=0x38c9be45)
12-19 17:22:12.624  3408  3469 W PackageManager: Not granting permission android.permission.SEND_DOWNLOAD_COMPLETED_INTENTS to package com.android.browser (protectionLevel=2 flags=0x38c9be45)
12-19 17:22:12.625  3408  3469 W PackageManager: Unknown permission com.cyngn.stats.SEND_ANALYTICS in package com.cyanogenmod.setupwizard
12-19 17:22:12.625  3408  3469 W PackageManager: Unknown permission com.cyanogen.permission.REQUEST_KILL_SWITCH_OP in package com.cyanogenmod.setupwizard
12-19 17:22:12.625  3408  3469 W PackageManager: Unknown permission com.cyanogen.ambient.permission.BIND_INCALL_SERVICE in package com.android.contacts
12-19 17:22:12.625  3408  3469 W PackageManager: Unknown permission com.cyanogen.ambient.permission.PLUGIN_STATUS_CHANGED in package com.android.contacts
12-19 17:22:12.625  3408  3469 W PackageManager: Unknown permission com.cyanogen.ambient.permission.BIND_CALLER_INFO in package com.android.contacts
12-19 17:22:12.625  3408  3469 W PackageManager: Unknown permission com.google.android.googleapps.permission.GOOGLE_AUTH.mail in package com.android.calendar
12-19 17:22:12.626  3408  3469 W PackageManager: Unknown permission com.android.launcher.permission.READ_SETTINGS in package com.android.onetimeinitializer
12-19 17:22:12.626  3408  3469 W PackageManager: Unknown permission com.android.launcher.permission.WRITE_SETTINGS in package com.android.onetimeinitializer
12-19 17:22:12.626  3408  3469 W PackageManager: Unknown permission com.cyanogen.ambient.permission.BIND_INCALL_SERVICE in package com.android.dialer
12-19 17:22:12.626  3408  3469 W PackageManager: Unknown permission com.cyanogen.ambient.permission.PLUGIN_STATUS_CHANGED in package com.android.dialer
12-19 17:22:12.626  3408  3469 W PackageManager: Unknown permission com.cyanogen.ambient.permission.PUBLISH_DISCOVERY_NUDGE in package com.android.dialer
12-19 17:22:12.626  3408  3469 W PackageManager: Unknown permission com.cyanogen.ambient.permission.BIND_DEEPLINK_SERVICE in package com.android.dialer
12-19 17:22:12.626  3408  3469 W PackageManager: Unknown permission com.cyanogen.ambient.permission.READ_DEEPLINK_DATABASE in package com.android.dialer
12-19 17:22:12.626  3408  3469 W PackageManager: Unknown permission com.cyanogen.ambient.permission.BIND_CALLER_INFO in package com.android.dialer
12-19 17:22:12.626  3408  3469 W PackageManager: Unknown permission com.android.launcher.permission.READ_SETTINGS in package com.cyanogenmod.trebuchet
12-19 17:22:12.626  3408  3469 W PackageManager: Unknown permission com.android.launcher.permission.WRITE_SETTINGS in package com.cyanogenmod.trebuchet
12-19 17:22:12.626  3408  3469 W PackageManager: Unknown permission com.cyngn.stats.SEND_ANALYTICS in package com.cyanogenmod.trebuchet
12-19 17:22:12.627  3408  3469 W PackageManager: Unknown permission com.google.android.permission.INSTALL_WEARABLE_PACKAGES in package com.android.packageinstaller
12-19 17:22:12.627  3408  3469 W PackageManager: Not granting permission android.permission.DELETE_PACKAGES to package com.svox.pico (protectionLevel=18 flags=0x3888be45)
12-19 17:22:12.627  3408  3469 W PackageManager: Unknown permission android.permission.ACCESS_SUPERUSER in package com.cyanogenmod.filemanager
12-19 17:22:12.627  3408  3469 W PackageManager: Unknown permission com.cyanogenmod.filemanager.permissions.READ_THEME in package com.cyanogenmod.filemanager
12-19 17:22:12.627  3408  3469 W PackageManager: Unknown permission com.google.android.gallery3d.permission.PICASA_STORE in package com.android.dreams.phototable
12-19 17:22:12.627  3408  3469 W PackageManager: Unknown permission com.google.android.googleapps.permission.GOOGLE_AUTH in package com.android.settings
12-19 17:22:12.627  3408  3469 W PackageManager: Unknown permission com.android.launcher.permission.READ_SETTINGS in package com.android.settings
12-19 17:22:12.627  3408  3469 W PackageManager: Unknown permission com.android.launcher.permission.WRITE_SETTINGS in package com.android.settings
12-19 17:22:12.628  3408  3469 W PackageManager: Not granting permission android.permission.REAL_GET_TASKS to package com.cyanogenmod.eleven (protectionLevel=18 flags=0x3898be65)
12-19 17:22:12.630  3408  3469 W PackageManager: Unknown permission com.google.android.gallery3d.permission.GALLERY_PROVIDER in package com.android.bluetooth
12-19 17:22:12.630  3408  3469 W PackageManager: Unknown permission com.google.android.googleapps.permission.ACCESS_GOOGLE_PASSWORD in package com.android.development
12-19 17:22:12.630  3408  3469 W PackageManager: Unknown permission com.google.android.googleapps.permission.GOOGLE_AUTH in package com.android.development
12-19 17:22:12.630  3408  3469 W PackageManager: Unknown permission com.google.android.googleapps.permission.GOOGLE_AUTH.ALL_SERVICES in package com.android.development
12-19 17:22:12.630  3408  3469 W PackageManager: Unknown permission com.google.android.googleapps.permission.GOOGLE_AUTH.YouTubeUser in package com.android.development
12-19 17:22:12.672  3408  3408 I SystemServer: LockSettingsService
12-19 17:22:12.672  3408  3469 W MountService: No primary storage defined yet; hacking together a stub
12-19 17:22:12.673  3408  3469 W MountService: No primary storage defined yet; hacking together a stub
12-19 17:22:12.673  3408  3468 D EventHub: No input device configuration file found for device 'ssp_context'.
12-19 17:22:12.674  3408  3469 W MountService: No primary storage mounted!
12-19 17:22:12.674  3408  3469 D VoldConnector: SND -> {2 asec list}
12-19 17:22:12.674  3408  3470 D VoldConnector: RCV <- {200 2 asec operation succeeded}
12-19 17:22:12.674  3408  3408 I SystemServiceManager: Starting com.android.server.DeviceIdleController
12-19 17:22:12.676  3408  3408 I SystemServiceManager: Starting com.android.server.devicepolicy.DevicePolicyManagerService$Lifecycle
12-19 17:22:12.678  3408  3408 I SystemServer: Status Bar
12-19 17:22:12.679  3408  3408 I SystemServer: Clipboard Service
12-19 17:22:12.679  3408  3408 I SystemServer: NetworkManagement Service
12-19 17:22:12.681  3408  3469 I MountService: Running fstrim idle maintenance
12-19 17:22:12.682  3408  3469 D VoldConnector: SND -> {3 fstrim dotrim}
12-19 17:22:12.682  3408  3470 D VoldConnector: RCV <- {200 3 Command succeeded}
12-19 17:22:12.682  2922  3473 D vold    : Starting trim of /efs
12-19 17:22:12.682  3408  3408 I SystemServer: Text Service Manager Service
12-19 17:22:12.685  3408  3408 I SystemServer: Network Score Service
12-19 17:22:12.685  3408  3408 I SystemServer: NetworkStats Service
12-19 17:22:12.690  3408  3408 I SystemServer: NetworkPolicy Service
12-19 17:22:12.705  2922  3473 I vold    : Trimmed 13369344 bytes on /efs in 23ms
12-19 17:22:12.705  2922  3473 D vold    : Starting trim of /cache
12-19 17:22:12.706  3408  3470 D VoldConnector: RCV <- {662 /efs 13369344 23282115}
12-19 17:22:12.760  2922  3473 I vold    : Trimmed 177950720 bytes on /cache in 54ms
12-19 17:22:12.760  2922  3473 D vold    : Starting trim of /data
12-19 17:22:12.761  3408  3470 D VoldConnector: RCV <- {662 /cache 177950720 54744731}
12-19 17:22:12.763  3408  3468 D EventHub: No input device configuration file found for device 'meta_event'.
12-19 17:22:12.767  3408  3408 I SystemServiceManager: Starting com.android.server.wifi.p2p.WifiP2pService
12-19 17:22:12.813  3408  3468 D EventHub: No input device configuration file found for device 'interrupt_gyro_sensor'.
12-19 17:22:12.818  3408  3408 I WifiP2pService: Registering wifip2p
12-19 17:22:12.819  3408  3408 I SystemServiceManager: Starting com.android.server.wifi.WifiService
12-19 17:22:12.883  3408  3468 D EventHub: No input device configuration file found for device 'step_cnt_sensor'.
12-19 17:22:12.930  3408  3408 D HS20    : Passpoint is disabled
12-19 17:22:12.934  3408  3468 D EventHub: No input device configuration file found for device 'sig_motion_sensor'.
12-19 17:22:12.938  3408  3408 D WifiController: isAirplaneModeOn = false, isWifiEnabled = false, isScanningAvailable = false
12-19 17:22:12.939  3408  3408 I WifiService: Registering wifi
12-19 17:22:12.939  3408  3408 I SystemServiceManager: Starting com.android.server.wifi.WifiScanningService
12-19 17:22:12.939  3408  3408 I WifiScanningService: Creating wifiscanner
12-19 17:22:12.940  3408  3408 I WifiScanningService: Starting wifiscanner
12-19 17:22:12.940  3408  3408 I SystemServiceManager: Starting com.android.server.wifi.RttService
12-19 17:22:12.940  3408  3408 I RttService: Creating rttmanager
12-19 17:22:12.940  3408  3408 I RttService: Starting rttmanager
