12-20 17:59:35.892  5578  6054 E AutoInstalls: 	at android.os.Looper.loop(Looper.java:148)
12-20 17:59:35.892  5578  6054 E AutoInstalls: 	at android.os.HandlerThread.run(HandlerThread.java:61)
12-20 17:59:35.896  3441  3460 I ActivityManager: Displayed com.cyanogenmod.trebuchet/com.android.launcher3.Launcher: +742ms
12-20 17:59:35.906  5578  6054 E AutoInstalls: Unable to add favorite: com.android.vending/com.android.vending.AssetBrowserActivity
12-20 17:59:35.906  5578  6054 E AutoInstalls: android.content.pm.PackageManager$NameNotFoundException: ComponentInfo{com.android.vending/com.android.vending.AssetBrowserActivity}
12-20 17:59:35.906  5578  6054 E AutoInstalls: 	at android.app.ApplicationPackageManager.getActivityInfo(ApplicationPackageManager.java:343)
12-20 17:59:35.906  5578  6054 E AutoInstalls: 	at com.android.launcher3.AutoInstallsLayout$AppShortcutParser.parseAndAdd(AutoInstallsLayout.java:347)
12-20 17:59:35.906  5578  6054 E AutoInstalls: 	at com.android.launcher3.DefaultLayoutParser$ResolveParser.parseAndAdd(DefaultLayoutParser.java:222)
12-20 17:59:35.906  5578  6054 E AutoInstalls: 	at com.android.launcher3.AutoInstallsLayout.parseAndAddNode(AutoInstallsLayout.java:272)
12-20 17:59:35.906  5578  6054 E AutoInstalls: 	at com.android.launcher3.AutoInstallsLayout.parseLayout(AutoInstallsLayout.java:217)
12-20 17:59:35.906  5578  6054 E AutoInstalls: 	at com.android.launcher3.AutoInstallsLayout.loadLayout(AutoInstallsLayout.java:193)
12-20 17:59:35.906  5578  6054 E AutoInstalls: 	at com.android.launcher3.LauncherProvider$DatabaseHelper.loadFavorites(LauncherProvider.java:1292)
12-20 17:59:35.906  5578  6054 E AutoInstalls: 	at com.android.launcher3.LauncherProvider.loadDefaultFavoritesIfNecessary(LauncherProvider.java:406)
12-20 17:59:35.906  5578  6054 E AutoInstalls: 	at com.android.launcher3.LauncherModel$LoaderTask.loadWorkspace(LauncherModel.java:1967)
12-20 17:59:35.906  5578  6054 E AutoInstalls: 	at com.android.launcher3.LauncherModel$LoaderTask.loadAndBindWorkspace(LauncherModel.java:1558)
12-20 17:59:35.906  5578  6054 E AutoInstalls: 	at com.android.launcher3.LauncherModel$LoaderTask.run(LauncherModel.java:1655)
12-20 17:59:35.906  5578  6054 E AutoInstalls: 	at android.os.Handler.handleCallback(Handler.java:739)
12-20 17:59:35.906  5578  6054 E AutoInstalls: 	at android.os.Handler.dispatchMessage(Handler.java:95)
12-20 17:59:35.906  5578  6054 E AutoInstalls: 	at android.os.Looper.loop(Looper.java:148)
12-20 17:59:35.906  5578  6054 E AutoInstalls: 	at android.os.HandlerThread.run(HandlerThread.java:61)
12-20 17:59:35.924  5578  6054 E AutoInstalls: Unable to add favorite: org.cyanogenmod.theme.chooser/org.cyanogenmod.theme.chooser.ChooserActivity
12-20 17:59:35.924  5578  6054 E AutoInstalls: android.content.pm.PackageManager$NameNotFoundException: ComponentInfo{org.cyanogenmod.theme.chooser/org.cyanogenmod.theme.chooser.ChooserActivity}
12-20 17:59:35.924  5578  6054 E AutoInstalls: 	at android.app.ApplicationPackageManager.getActivityInfo(ApplicationPackageManager.java:343)
12-20 17:59:35.924  5578  6054 E AutoInstalls: 	at com.android.launcher3.AutoInstallsLayout$AppShortcutParser.parseAndAdd(AutoInstallsLayout.java:347)
12-20 17:59:35.924  5578  6054 E AutoInstalls: 	at com.android.launcher3.DefaultLayoutParser$ResolveParser.parseAndAdd(DefaultLayoutParser.java:222)
12-20 17:59:35.924  5578  6054 E AutoInstalls: 	at com.android.launcher3.AutoInstallsLayout.parseAndAddNode(AutoInstallsLayout.java:272)
12-20 17:59:35.924  5578  6054 E AutoInstalls: 	at com.android.launcher3.AutoInstallsLayout.parseLayout(AutoInstallsLayout.java:217)
12-20 17:59:35.924  5578  6054 E AutoInstalls: 	at com.android.launcher3.AutoInstallsLayout.loadLayout(AutoInstallsLayout.java:193)
12-20 17:59:35.924  5578  6054 E AutoInstalls: 	at com.android.launcher3.LauncherProvider$DatabaseHelper.loadFavorites(LauncherProvider.java:1292)
12-20 17:59:35.924  5578  6054 E AutoInstalls: 	at com.android.launcher3.LauncherProvider.loadDefaultFavoritesIfNecessary(LauncherProvider.java:406)
12-20 17:59:35.924  5578  6054 E AutoInstalls: 	at com.android.launcher3.LauncherModel$LoaderTask.loadWorkspace(LauncherModel.java:1967)
12-20 17:59:35.924  5578  6054 E AutoInstalls: 	at com.android.launcher3.LauncherModel$LoaderTask.loadAndBindWorkspace(LauncherModel.java:1558)
12-20 17:59:35.924  5578  6054 E AutoInstalls: 	at com.android.launcher3.LauncherModel$LoaderTask.run(LauncherModel.java:1655)
12-20 17:59:35.924  5578  6054 E AutoInstalls: 	at android.os.Handler.handleCallback(Handler.java:739)
12-20 17:59:35.924  5578  6054 E AutoInstalls: 	at android.os.Handler.dispatchMessage(Handler.java:95)
12-20 17:59:35.924  5578  6054 E AutoInstalls: 	at android.os.Looper.loop(Looper.java:148)
12-20 17:59:35.924  5578  6054 E AutoInstalls: 	at android.os.HandlerThread.run(HandlerThread.java:61)
12-20 17:59:35.949  4680  6098 I UpdateIcingCorporaServi: Updating corpora: APPS=com.android.calendar, CONTACTS=MAYBE
12-20 17:59:35.990  4956  5107 W ContentTaskController: Invalid newTask was provided to startTracking.
12-20 17:59:35.990  3441  4135 I BroadcastQueue: Delay finish: com.android.gallery3d/.app.PackagesMonitor
12-20 17:59:36.003  3441  4130 I BroadcastQueue: Resuming delayed broadcast
12-20 17:59:36.015  5578  6054 E AutoInstalls: Unable to add favorite: com.cyngn.gallerynext/com.cyngn.gallerynext.app.GalleryActivity
12-20 17:59:36.015  5578  6054 E AutoInstalls: android.content.pm.PackageManager$NameNotFoundException: ComponentInfo{com.cyngn.gallerynext/com.cyngn.gallerynext.app.GalleryActivity}
12-20 17:59:36.015  5578  6054 E AutoInstalls: 	at android.app.ApplicationPackageManager.getActivityInfo(ApplicationPackageManager.java:343)
12-20 17:59:36.015  5578  6054 E AutoInstalls: 	at com.android.launcher3.AutoInstallsLayout$AppShortcutParser.parseAndAdd(AutoInstallsLayout.java:347)
12-20 17:59:36.015  5578  6054 E AutoInstalls: 	at com.android.launcher3.DefaultLayoutParser$ResolveParser.parseAndAdd(DefaultLayoutParser.java:222)
12-20 17:59:36.015  5578  6054 E AutoInstalls: 	at com.android.launcher3.AutoInstallsLayout.parseAndAddNode(AutoInstallsLayout.java:272)
12-20 17:59:36.015  5578  6054 E AutoInstalls: 	at com.android.launcher3.AutoInstallsLayout.parseLayout(AutoInstallsLayout.java:217)
12-20 17:59:36.015  5578  6054 E AutoInstalls: 	at com.android.launcher3.AutoInstallsLayout.loadLayout(AutoInstallsLayout.java:193)
12-20 17:59:36.015  5578  6054 E AutoInstalls: 	at com.android.launcher3.LauncherProvider$DatabaseHelper.loadFavorites(LauncherProvider.java:1292)
12-20 17:59:36.015  5578  6054 E AutoInstalls: 	at com.android.launcher3.LauncherProvider.loadDefaultFavoritesIfNecessary(LauncherProvider.java:406)
12-20 17:59:36.015  5578  6054 E AutoInstalls: 	at com.android.launcher3.LauncherModel$LoaderTask.loadWorkspace(LauncherModel.java:1967)
12-20 17:59:36.015  5578  6054 E AutoInstalls: 	at com.android.launcher3.LauncherModel$LoaderTask.loadAndBindWorkspace(LauncherModel.java:1558)
12-20 17:59:36.015  5578  6054 E AutoInstalls: 	at com.android.launcher3.LauncherModel$LoaderTask.run(LauncherModel.java:1655)
12-20 17:59:36.015  5578  6054 E AutoInstalls: 	at android.os.Handler.handleCallback(Handler.java:739)
12-20 17:59:36.015  5578  6054 E AutoInstalls: 	at android.os.Handler.dispatchMessage(Handler.java:95)
12-20 17:59:36.015  5578  6054 E AutoInstalls: 	at android.os.Looper.loop(Looper.java:148)
12-20 17:59:36.015  5578  6054 E AutoInstalls: 	at android.os.HandlerThread.run(HandlerThread.java:61)
12-20 17:59:36.016  5546  5546 W ContextImpl: Calling a method in the system process without a qualified user: android.app.ContextImpl.startService:1231 android.content.ContextWrapper.startService:587 android.content.ContextWrapper.startService:587 org.cyanogenmod.providers.datausage.DataUsageAppInstallReceiver.onReceive:47 android.app.ActivityThread.handleReceiver:2759 
12-20 17:59:36.019  4680  6098 I UpdateIcingCorporaServi: UpdateCorporaTask done [took 69 ms] updated apps [took 69 ms] 
12-20 17:59:36.102  5030  5600 I Icing   : Usage reports 0 indexed 0 rejected 0 imm upload false
12-20 17:59:36.113  4680  6103 I UpdateIcingCorporaServi: Updating corpora: APPS=com.android.gallery3d, CONTACTS=MAYBE
12-20 17:59:36.149  3441  4647 I BroadcastQueue: Delay finish: com.android.gallery3d/.app.PackagesMonitor
12-20 17:59:36.151  5030  5600 I Icing   : Usage reports 0 indexed 0 rejected 0 imm upload false
12-20 17:59:36.159  3441  4020 I BroadcastQueue: Resuming delayed broadcast
12-20 17:59:36.176  5546  5546 W ContextImpl: Calling a method in the system process without a qualified user: android.app.ContextImpl.startService:1231 android.content.ContextWrapper.startService:587 android.content.ContextWrapper.startService:587 org.cyanogenmod.providers.datausage.DataUsageAppInstallReceiver.onReceive:47 android.app.ActivityThread.handleReceiver:2759 
12-20 17:59:36.177  4680  6103 I UpdateIcingCorporaServi: UpdateCorporaTask done [took 64 ms] updated apps [took 64 ms] 
12-20 17:59:36.191  4956  5107 W ContentTaskController: Invalid newTask was provided to startTracking.
12-20 17:59:36.241  3441  4645 I BroadcastQueue: Delay finish: com.google.android.googlequicksearchbox/com.google.android.apps.gsa.googlequicksearchbox.GelStubAppWatcher
12-20 17:59:36.253  5578  6054 E AutoInstalls: Unable to add favorite: org.cyanogenmod.gello.browser/com.android.browser.BrowserActivity
12-20 17:59:36.253  5578  6054 E AutoInstalls: android.content.pm.PackageManager$NameNotFoundException: ComponentInfo{org.cyanogenmod.gello.browser/com.android.browser.BrowserActivity}
12-20 17:59:36.253  5578  6054 E AutoInstalls: 	at android.app.ApplicationPackageManager.getActivityInfo(ApplicationPackageManager.java:343)
12-20 17:59:36.253  5578  6054 E AutoInstalls: 	at com.android.launcher3.AutoInstallsLayout$AppShortcutParser.parseAndAdd(AutoInstallsLayout.java:347)
12-20 17:59:36.253  5578  6054 E AutoInstalls: 	at com.android.launcher3.DefaultLayoutParser$ResolveParser.parseAndAdd(DefaultLayoutParser.java:222)
12-20 17:59:36.253  5578  6054 E AutoInstalls: 	at com.android.launcher3.AutoInstallsLayout.parseAndAddNode(AutoInstallsLayout.java:272)
12-20 17:59:36.253  5578  6054 E AutoInstalls: 	at com.android.launcher3.AutoInstallsLayout.parseLayout(AutoInstallsLayout.java:217)
12-20 17:59:36.253  5578  6054 E AutoInstalls: 	at com.android.launcher3.AutoInstallsLayout.loadLayout(AutoInstallsLayout.java:193)
12-20 17:59:36.253  5578  6054 E AutoInstalls: 	at com.android.launcher3.LauncherProvider$DatabaseHelper.loadFavorites(LauncherProvider.java:1292)
12-20 17:59:36.253  5578  6054 E AutoInstalls: 	at com.android.launcher3.LauncherProvider.loadDefaultFavoritesIfNecessary(LauncherProvider.java:406)
12-20 17:59:36.253  5578  6054 E AutoInstalls: 	at com.android.launcher3.LauncherModel$LoaderTask.loadWorkspace(LauncherModel.java:1967)
12-20 17:59:36.253  5578  6054 E AutoInstalls: 	at com.android.launcher3.LauncherModel$LoaderTask.loadAndBindWorkspace(LauncherModel.java:1558)
12-20 17:59:36.253  5578  6054 E AutoInstalls: 	at com.android.launcher3.LauncherModel$LoaderTask.run(LauncherModel.java:1655)
12-20 17:59:36.253  5578  6054 E AutoInstalls: 	at android.os.Handler.handleCallback(Handler.java:739)
12-20 17:59:36.253  5578  6054 E AutoInstalls: 	at android.os.Handler.dispatchMessage(Handler.java:95)
12-20 17:59:36.253  5578  6054 E AutoInstalls: 	at android.os.Looper.loop(Looper.java:148)
12-20 17:59:36.253  5578  6054 E AutoInstalls: 	at android.os.HandlerThread.run(HandlerThread.java:61)
12-20 17:59:36.280  3441  3453 I BroadcastQueue: Resuming delayed broadcast
12-20 17:59:36.289  5578  6054 E AutoInstalls: Unable to add favorite: com.cyngn.cameranext/com.android.camera.CameraLauncher
12-20 17:59:36.289  5578  6054 E AutoInstalls: android.content.pm.PackageManager$NameNotFoundException: ComponentInfo{com.cyngn.cameranext/com.android.camera.CameraLauncher}
12-20 17:59:36.289  5578  6054 E AutoInstalls: 	at android.app.ApplicationPackageManager.getActivityInfo(ApplicationPackageManager.java:343)
12-20 17:59:36.289  5578  6054 E AutoInstalls: 	at com.android.launcher3.AutoInstallsLayout$AppShortcutParser.parseAndAdd(AutoInstallsLayout.java:347)
12-20 17:59:36.289  5578  6054 E AutoInstalls: 	at com.android.launcher3.DefaultLayoutParser$ResolveParser.parseAndAdd(DefaultLayoutParser.java:222)
12-20 17:59:36.289  5578  6054 E AutoInstalls: 	at com.android.launcher3.AutoInstallsLayout.parseAndAddNode(AutoInstallsLayout.java:272)
12-20 17:59:36.289  5578  6054 E AutoInstalls: 	at com.android.launcher3.AutoInstallsLayout.parseLayout(AutoInstallsLayout.java:217)
12-20 17:59:36.289  5578  6054 E AutoInstalls: 	at com.android.launcher3.AutoInstallsLayout.loadLayout(AutoInstallsLayout.java:193)
12-20 17:59:36.289  5578  6054 E AutoInstalls: 	at com.android.launcher3.LauncherProvider$DatabaseHelper.loadFavorites(LauncherProvider.java:1292)
12-20 17:59:36.289  5578  6054 E AutoInstalls: 	at com.android.launcher3.LauncherProvider.loadDefaultFavoritesIfNecessary(LauncherProvider.java:406)
12-20 17:59:36.289  5578  6054 E AutoInstalls: 	at com.android.launcher3.LauncherModel$LoaderTask.loadWorkspace(LauncherModel.java:1967)
12-20 17:59:36.289  5578  6054 E AutoInstalls: 	at com.android.launcher3.LauncherModel$LoaderTask.loadAndBindWorkspace(LauncherModel.java:1558)
12-20 17:59:36.289  5578  6054 E AutoInstalls: 	at com.android.launcher3.LauncherModel$LoaderTask.run(LauncherModel.java:1655)
12-20 17:59:36.289  5578  6054 E AutoInstalls: 	at android.os.Handler.handleCallback(Handler.java:739)
12-20 17:59:36.289  5578  6054 E AutoInstalls: 	at android.os.Handler.dispatchMessage(Handler.java:95)
12-20 17:59:36.289  5578  6054 E AutoInstalls: 	at android.os.Looper.loop(Looper.java:148)
12-20 17:59:36.289  5578  6054 E AutoInstalls: 	at android.os.HandlerThread.run(HandlerThread.java:61)
12-20 17:59:36.298  3441  4131 I BroadcastQueue: Delay finish: com.google.android.googlequicksearchbox/com.google.android.apps.gsa.search.core.icingsync.IcingCorporaChangedReceiver
12-20 17:59:36.299  4680  6108 I UpdateIcingCorporaServi: Updating corpora: APPS=com.google.android.gms, CONTACTS=MAYBE
12-20 17:59:36.300  4956  5107 W ContentTaskController: Invalid newTask was provided to startTracking.
12-20 17:59:36.327  3441  4577 I BroadcastQueue: Resuming delayed broadcast
12-20 17:59:36.338  3441  4642 I BroadcastQueue: Delay finish: com.android.gallery3d/.app.PackagesMonitor
12-20 17:59:36.341  4680  6108 I UpdateIcingCorporaServi: UpdateCorporaTask done [took 41 ms] updated apps [took 41 ms] 
12-20 17:59:36.344  3441  4645 I BroadcastQueue: Resuming delayed broadcast
12-20 17:59:36.345  5030  5600 I Icing   : Usage reports 0 indexed 0 rejected 0 imm upload false
12-20 17:59:36.355  5546  5546 W ContextImpl: Calling a method in the system process without a qualified user: android.app.ContextImpl.startService:1231 android.content.ContextWrapper.startService:587 android.content.ContextWrapper.startService:587 org.cyanogenmod.providers.datausage.DataUsageAppInstallReceiver.onReceive:47 android.app.ActivityThread.handleReceiver:2759 
12-20 17:59:36.356  5030  5600 I Icing   : Usage reports 0 indexed 0 rejected 0 imm upload false
12-20 17:59:36.363  5578  6054 W Launcher: setApplicationContext called twice! old=com.android.launcher3.LauncherApplication@e2a9dac new=com.android.launcher3.LauncherApplication@e2a9dac
12-20 17:59:36.380  4956  5107 W ContentTaskController: Invalid newTask was provided to startTracking.
12-20 17:59:36.405  3441  4642 I BroadcastQueue: Delay finish: com.google.android.gms/.chimera.GmsIntentOperationService$PersistentTrustedReceiver
12-20 17:59:36.407  3441  4130 I BroadcastQueue: Resuming delayed broadcast
12-20 17:59:36.426  5030  5600 I Icing   : updateResources: need to parse rtx{com.google.android.gms}
12-20 17:59:36.430  4680  6113 I UpdateIcingCorporaServi: Updating corpora: APPS=com.google.android.gsf, CONTACTS=MAYBE
12-20 17:59:36.453  3441  4642 I BroadcastQueue: Delay finish: com.android.gallery3d/.app.PackagesMonitor
12-20 17:59:36.458  4680  6113 I UpdateIcingCorporaServi: UpdateCorporaTask done [took 28 ms] updated apps [took 28 ms] 
12-20 17:59:36.459  3441  4647 I BroadcastQueue: Resuming delayed broadcast
12-20 17:59:36.465  5546  5546 W ContextImpl: Calling a method in the system process without a qualified user: android.app.ContextImpl.startService:1231 android.content.ContextWrapper.startService:587 android.content.ContextWrapper.startService:587 org.cyanogenmod.providers.datausage.DataUsageAppInstallReceiver.onReceive:47 android.app.ActivityThread.handleReceiver:2759 
12-20 17:59:36.466  3441  4642 I BroadcastQueue: Delay finish: org.cyanogenmod.providers.datausage/.DataUsageAppInstallReceiver
12-20 17:59:36.473  3441  4133 I BroadcastQueue: Resuming delayed broadcast
12-20 17:59:36.477  3046  3578 V audio_hw_primary: do_out_standby: output standby: 0
12-20 17:59:36.481  4956  5107 W ContentTaskController: Invalid task was provided to stopTracking.
12-20 17:59:36.513  3441  4577 I BroadcastQueue: Delay finish: com.google.android.googlequicksearchbox/com.google.android.apps.gsa.search.core.icingsync.IcingCorporaChangedReceiver
12-20 17:59:36.519  4680  6117 I UpdateIcingCorporaServi: Updating corpora: APPS=com.google.android.partnersetup, CONTACTS=MAYBE
12-20 17:59:36.522  4956  5107 W ContentTaskController: Invalid newTask was provided to startTracking.
12-20 17:59:36.541  3441  4135 I BroadcastQueue: Resuming delayed broadcast
12-20 17:59:36.552  4956  5107 W ContentTaskController: Invalid newTask was provided to startTracking.
12-20 17:59:36.557  3441  4129 I BroadcastQueue: Delay finish: com.android.gallery3d/.app.PackagesMonitor
12-20 17:59:36.561  4680  6117 I UpdateIcingCorporaServi: UpdateCorporaTask done [took 42 ms] updated apps [took 42 ms] 
12-20 17:59:36.562  3441  4647 I BroadcastQueue: Resuming delayed broadcast
12-20 17:59:36.575  5546  5546 W ContextImpl: Calling a method in the system process without a qualified user: android.app.ContextImpl.startService:1231 android.content.ContextWrapper.startService:587 android.content.ContextWrapper.startService:587 org.cyanogenmod.providers.datausage.DataUsageAppInstallReceiver.onReceive:47 android.app.ActivityThread.handleReceiver:2759 
12-20 17:59:36.619  3441  4135 I BroadcastQueue: Delay finish: com.google.android.gms/.chimera.GmsIntentOperationService$PersistentTrustedReceiver
12-20 17:59:36.631  3441  4577 I BroadcastQueue: Resuming delayed broadcast
12-20 17:59:36.650  4680  6123 I UpdateIcingCorporaServi: Updating corpora: APPS=com.android.inputmethod.latin, CONTACTS=MAYBE
12-20 17:59:36.655  3441  4645 I BroadcastQueue: Delay finish: com.android.gallery3d/.app.PackagesMonitor
12-20 17:59:36.668  3441  4037 I BroadcastQueue: Resuming delayed broadcast
12-20 17:59:36.678  5546  5546 W ContextImpl: Calling a method in the system process without a qualified user: android.app.ContextImpl.startService:1231 android.content.ContextWrapper.startService:587 android.content.ContextWrapper.startService:587 org.cyanogenmod.providers.datausage.DataUsageAppInstallReceiver.onReceive:47 android.app.ActivityThread.handleReceiver:2759 
12-20 17:59:36.680  3441  4645 I BroadcastQueue: Delay finish: org.cyanogenmod.providers.datausage/.DataUsageAppInstallReceiver
12-20 17:59:36.696  3441  4134 I BroadcastQueue: Resuming delayed broadcast
12-20 17:59:36.714  4680  4838 W GooglePlayServicesUtil: Google Play Store is missing.
12-20 17:59:36.715  4680  6123 E AppDataSearchHelper: Could not connect to AppDataSearch for onTableChanged, error 9
12-20 17:59:36.715  4680  6123 W AppDataSearchHelper: Table change notification failed for com.google.android.gms.appdatasearch.a.h@be7fd6a1
12-20 17:59:36.715  4680  6123 I UpdateIcingCorporaServi: UpdateCorporaTask done [took 65 ms] updated apps [took 65 ms] 
12-20 17:59:36.716  4956  5107 W ContentTaskController: Invalid newTask was provided to startTracking.
12-20 17:59:36.745  3441  3452 I BroadcastQueue: Delay finish: com.google.android.googlequicksearchbox/com.google.android.apps.gsa.search.core.icingsync.IcingCorporaChangedReceiver
12-20 17:59:36.748  3441  4135 I BroadcastQueue: Resuming delayed broadcast
12-20 17:59:36.749  4680  6127 I UpdateIcingCorporaServi: Updating corpora: APPS=com.android.email, CONTACTS=MAYBE
12-20 17:59:36.785  3441  4642 I BroadcastQueue: Delay finish: com.android.gallery3d/.app.PackagesMonitor
12-20 17:59:36.788  4680  6127 I UpdateIcingCorporaServi: UpdateCorporaTask done [took 39 ms] updated apps [took 39 ms] 
12-20 17:59:36.790  3441  4645 I BroadcastQueue: Resuming delayed broadcast
12-20 17:59:36.805  4956  5107 W ContentTaskController: Invalid newTask was provided to startTracking.
12-20 17:59:36.862  5030  5600 I Icing   : Usage reports 0 indexed 0 rejected 0 imm upload false
12-20 17:59:36.873  4956  5107 W ContentTaskController: Invalid newTask was provided to startTracking.
12-20 17:59:36.909  5578  5578 D Launcher: bindAppWidget: AppWidget(id=4)
12-20 17:59:36.909  5578  5578 D Launcher: bindAppWidget: id=4 belongs to component ComponentInfo{com.cyanogenmod.lockclock/com.cyanogenmod.lockclock.ClockWidgetProvider}
12-20 17:59:36.927  5578  6069 V RenderScript: 0x7f68ad6000 Launching thread(s), CPUs 8
12-20 17:59:36.993  4956  5107 W ContentTaskController: Invalid newTask was provided to startTracking.
12-20 17:59:37.040  4956  5107 W ContentTaskController: Invalid newTask was provided to startTracking.
12-20 17:59:37.077  5578  5578 D Launcher: bound widget id=4 in 169ms
12-20 17:59:37.080  4956  5107 W ContentTaskController: Invalid newTask was provided to startTracking.
12-20 17:59:37.084  5578  5578 D Launcher: bindAppWidget: AppWidget(id=5)
12-20 17:59:37.084  5578  5578 D Launcher: bindAppWidget: id=5 belongs to component ComponentInfo{com.cyanogenmod.eleven/com.cyanogenmod.eleven.appwidgets.AppWidgetLarge}
12-20 17:59:37.113  5578  5578 D Launcher: bound widget id=5 in 30ms
12-20 17:59:37.116  5578  5578 D android.widget.GridLayout: vertical constraints: y2-y0>=528, y2-y0<=512, y2-y1<=208 are inconsistent; permanently removing: y2-y0<=512. 
12-20 17:59:37.145  4956  5107 W ContentTaskController: Invalid newTask was provided to startTracking.
12-20 17:59:37.159  5486  5978 I GlobalDismissManager: no sender configured
12-20 17:59:37.159  5486  5978 D AlertService: Beginning updateAlertNotification
12-20 17:59:37.219  5486  5978 D AlertService: No fired or scheduled alerts
12-20 17:59:37.225  4956  5107 W ContentTaskController: Invalid newTask was provided to startTracking.
12-20 17:59:37.243  5486  5978 D AlertService: Scheduling next alarm with AlarmScheduler. sEventReminderReceived: null
12-20 17:59:37.260  5486  5978 D AlarmScheduler: No events found starting within 1 week.
12-20 17:59:37.261  4956  5107 W ContentTaskController: Invalid newTask was provided to startTracking.
12-20 17:59:37.297  4956  5107 W ContentTaskController: Invalid newTask was provided to startTracking.
12-20 17:59:37.339  4956  5107 W ContentTaskController: Invalid newTask was provided to startTracking.
12-20 17:59:37.378  4956  5107 W ContentTaskController: Invalid newTask was provided to startTracking.
12-20 17:59:37.430  4956  5107 W ContentTaskController: Invalid newTask was provided to startTracking.
12-20 17:59:37.497  3441  3926 D WifiService: New client listening to asynchronous messages
12-20 17:59:37.501  5030  5030 I CastSocket: 23 >= 18. Adding new CastClientAuthKeyManager.
12-20 17:59:37.502  4956  5107 W ContentTaskController: Invalid newTask was provided to startTracking.
12-20 17:59:37.524  5030  5030 I DeviceCache: Unable to convert the the network interface's MAC Address to string. MAC address cannot be null.
12-20 17:59:37.524  5030  5030 I DeviceCache: Unable to convert the the network interface's MAC Address to string. MAC address cannot be null.
12-20 17:59:37.524  5030  5030 I DeviceCache: Unable to convert the the network interface's MAC Address to string. MAC address cannot be null.
12-20 17:59:37.524  5030  5030 I DeviceCache: Unable to convert the the network interface's MAC Address to string. MAC address cannot be null.
12-20 17:59:37.524  5030  5030 I DeviceCache: Unable to convert the the network interface's MAC Address to string. MAC address cannot be null.
12-20 17:59:37.524  5030  5030 I DeviceCache: Unable to convert the the network interface's MAC Address to string. MAC address cannot be null.
12-20 17:59:37.524  5030  5030 I DeviceCache: Unable to convert the the network interface's MAC Address to string. MAC address cannot be null.
12-20 17:59:37.524  5030  5030 I DeviceCache: Unable to convert the the network interface's MAC Address to string. MAC address cannot be null.
12-20 17:59:37.524  5030  5030 I DeviceCache: Unable to convert the the network interface's MAC Address to string. MAC address cannot be null.
12-20 17:59:37.525  5030  5030 I DeviceCache: Unable to convert the the network interface's MAC Address to string. MAC address cannot be null.
12-20 17:59:37.525  5030  5030 I DeviceCache: Unable to convert the the network interface's MAC Address to string. MAC address cannot be null.
12-20 17:59:37.525  5030  5030 I DeviceCache: Unable to convert the the network interface's MAC Address to string. MAC address cannot be null.
12-20 17:59:37.532  4956  5107 W ContentTaskController: Invalid newTask was provided to startTracking.
12-20 17:59:37.539  5030  5600 I Icing   : Usage reports 0 indexed 0 rejected 0 imm upload false
12-20 17:59:37.541  5030  5600 I Icing   : Indexing 2970FF6446565CA3E641E69DC24ECA4A6F23C767 from com.google.android.gms
12-20 17:59:37.542  5030  5600 I Icing   : Indexing done 2970FF6446565CA3E641E69DC24ECA4A6F23C767
12-20 17:59:37.545  5578  5578 W Launcher: setApplicationContext called twice! old=com.android.launcher3.LauncherApplication@e2a9dac new=com.android.launcher3.LauncherApplication@e2a9dac
12-20 17:59:37.547  5030  5600 I Icing   : Indexing 2970FF6446565CA3E641E69DC24ECA4A6F23C767 from com.google.android.gms
12-20 17:59:37.575  4956  5107 W ContentTaskController: Invalid newTask was provided to startTracking.
12-20 17:59:37.601  5030  5600 I Icing   : Usage reports 0 indexed 0 rejected 0 imm upload false
12-20 17:59:37.602  4956  5107 W ContentTaskController: Invalid newTask was provided to startTracking.
12-20 17:59:37.605  5030  5600 I Icing   : Usage reports 0 indexed 0 rejected 0 imm upload false
12-20 17:59:37.606  5030  5600 I Icing   : Indexing done 2970FF6446565CA3E641E69DC24ECA4A6F23C767
12-20 17:59:37.610  4680  5026 W GooglePlayServicesUtil: Google Play Store is missing.
12-20 17:59:37.627  5030  5600 I Icing   : Usage reports 0 indexed 0 rejected 0 imm upload false
12-20 17:59:37.630  5030  5600 I Icing   : Usage reports 0 indexed 0 rejected 0 imm upload false
12-20 17:59:37.634  4956  5107 W ContentTaskController: Invalid newTask was provided to startTracking.
12-20 17:59:37.657  3441  4134 I ActivityManager: Start proc 6148:com.cyanogenmod.eleven/u0a47 for broadcast com.cyanogenmod.eleven/.appwidgets.AppWidgetLarge
12-20 17:59:37.660  5030  5600 I Icing   : Usage reports 0 indexed 0 rejected 0 imm upload false
12-20 17:59:37.662  5778  5778 D WeatherUpdateService: onCreate
12-20 17:59:37.670  5778  5778 D WeatherUpdateService: Service started, but shouldn't update ... stopping
12-20 17:59:37.678  5778  5778 D WeatherUpdateService: onDestroy
12-20 17:59:37.681  5030  5600 I Icing   : Usage reports 0 indexed 0 rejected 0 imm upload false
12-20 17:59:37.708  6148  6148 W System  : ClassLoader referenced unknown path: /system/app/Eleven/lib/arm64
12-20 17:59:37.717  5030  5695 I Icing   : Indexing 2970FF6446565CA3E641E69DC24ECA4A6F23C767 from com.google.android.gms
12-20 17:59:37.736  5578  5578 D android.widget.GridLayout: vertical constraints: y2-y0>=528, y2-y0<=512, y2-y1<=208 are inconsistent; permanently removing: y2-y0<=512. 
12-20 17:59:37.767  3441  4130 I BroadcastQueue: Delay finish: com.cyanogenmod.lockclock/.ClockWidgetProvider
12-20 17:59:37.787  3441  4130 I BroadcastQueue: Resuming delayed broadcast
12-20 17:59:37.857  3046  3578 V audio_hw_primary: out_set_parameters: key value pairs: routing=2
12-20 17:59:37.868  3046  3578 V audio_hw_primary: start_output_stream: starting stream
12-20 17:59:37.903  3046  3578 V audio_hw_primary: start_output_stream: stream out device: 2, actual: 2
12-20 17:59:37.955  5030  5695 I Icing   : Usage reports 0 indexed 0 rejected 0 imm upload false
12-20 17:59:37.975  5030  5695 I Icing   : Usage reports 0 indexed 0 rejected 0 imm upload false
12-20 17:59:37.979  5030  5695 I Icing   : Indexing done 2970FF6446565CA3E641E69DC24ECA4A6F23C767
12-20 17:59:38.001  5030  5695 I Icing   : Usage reports 0 indexed 0 rejected 0 imm upload false
12-20 17:59:38.008  5030  5695 I Icing   : Usage reports 0 indexed 0 rejected 0 imm upload false
12-20 17:59:38.027  5030  5600 I Icing   : Usage reports 0 indexed 0 rejected 0 imm upload false
12-20 17:59:38.037  5030  5600 I Icing   : Usage reports 0 indexed 0 rejected 0 imm upload false
12-20 17:59:38.062  5030  5600 I Icing   : Usage reports 0 indexed 0 rejected 0 imm upload false
12-20 17:59:38.074  5030  5600 I Icing   : Usage reports 0 indexed 0 rejected 0 imm upload false
12-20 17:59:38.095  5030  5683 I Icing   : Usage reports 0 indexed 0 rejected 0 imm upload false
12-20 17:59:38.105  5030  5683 I Icing   : Usage reports 0 indexed 0 rejected 0 imm upload false
12-20 17:59:38.128  5030  5683 I Icing   : Usage reports 0 indexed 0 rejected 0 imm upload false
12-20 17:59:38.136  5030  5683 I Icing   : Usage reports 0 indexed 0 rejected 0 imm upload false
12-20 17:59:38.154  5030  5600 I Icing   : Usage reports 0 indexed 0 rejected 0 imm upload false
12-20 17:59:38.160  5030  5600 I Icing   : Usage reports 0 indexed 0 rejected 0 imm upload false
12-20 17:59:38.178  5030  5600 I Icing   : Usage reports 0 indexed 0 rejected 0 imm upload false
12-20 17:59:38.184  5030  5600 I Icing   : Usage reports 0 indexed 0 rejected 0 imm upload false
12-20 17:59:38.201  5030  5600 I Icing   : Usage reports 0 indexed 0 rejected 0 imm upload false
12-20 17:59:38.208  5030  5600 I Icing   : Usage reports 0 indexed 0 rejected 0 imm upload false
12-20 17:59:38.231  5030  5600 I Icing   : Usage reports 0 indexed 0 rejected 0 imm upload false
12-20 17:59:38.238  5030  5600 I Icing   : Usage reports 0 indexed 0 rejected 0 imm upload false
12-20 17:59:38.542  5030  5600 I Icing   : Indexing 2970FF6446565CA3E641E69DC24ECA4A6F23C767 from com.google.android.gms
12-20 17:59:38.660  5030  5600 I Icing   : Indexing done 2970FF6446565CA3E641E69DC24ECA4A6F23C767
12-20 17:59:38.684  5030  5600 I Icing   : Indexing 2970FF6446565CA3E641E69DC24ECA4A6F23C767 from com.google.android.gms
12-20 17:59:38.686  5030  5600 I Icing   : Indexing done 2970FF6446565CA3E641E69DC24ECA4A6F23C767
12-20 17:59:38.979  5030  5600 I Icing   : Indexing 2970FF6446565CA3E641E69DC24ECA4A6F23C767 from com.google.android.gms
12-20 17:59:38.981  5030  5600 I Icing   : Indexing done 2970FF6446565CA3E641E69DC24ECA4A6F23C767
12-20 17:59:39.011  5030  5600 I Icing   : Indexing 2970FF6446565CA3E641E69DC24ECA4A6F23C767 from com.google.android.gms
12-20 17:59:39.013  5030  5600 I Icing   : Indexing done 2970FF6446565CA3E641E69DC24ECA4A6F23C767
12-20 17:59:39.040  5030  5600 I Icing   : Indexing 2970FF6446565CA3E641E69DC24ECA4A6F23C767 from com.google.android.gms
12-20 17:59:39.042  5030  5600 I Icing   : Indexing done 2970FF6446565CA3E641E69DC24ECA4A6F23C767
12-20 17:59:39.078  5030  5600 I Icing   : Indexing 2970FF6446565CA3E641E69DC24ECA4A6F23C767 from com.google.android.gms
12-20 17:59:39.080  5030  5600 I Icing   : Indexing done 2970FF6446565CA3E641E69DC24ECA4A6F23C767
12-20 17:59:39.109  5030  5683 I Icing   : Indexing 2970FF6446565CA3E641E69DC24ECA4A6F23C767 from com.google.android.gms
12-20 17:59:39.111  5030  5683 I Icing   : Indexing done 2970FF6446565CA3E641E69DC24ECA4A6F23C767
12-20 17:59:39.140  5030  5683 I Icing   : Indexing 2970FF6446565CA3E641E69DC24ECA4A6F23C767 from com.google.android.gms
12-20 17:59:39.142  5030  5683 I Icing   : Indexing done 2970FF6446565CA3E641E69DC24ECA4A6F23C767
12-20 17:59:39.165  5030  5683 I Icing   : Indexing 2970FF6446565CA3E641E69DC24ECA4A6F23C767 from com.google.android.gms
12-20 17:59:39.167  5030  5683 I Icing   : Indexing done 2970FF6446565CA3E641E69DC24ECA4A6F23C767
12-20 17:59:39.172  3441  3453 I ActivityManager: Killing 4771:org.cyanogenmod.weather.provider/u0a26 (adj 15): empty #17
12-20 17:59:39.188  5030  5683 I Icing   : Indexing 2970FF6446565CA3E641E69DC24ECA4A6F23C767 from com.google.android.gms
12-20 17:59:39.189  3441  4020 D ActivityManager: cleanUpApplicationRecord -- 4771
12-20 17:59:39.191  5030  5683 I Icing   : Indexing done 2970FF6446565CA3E641E69DC24ECA4A6F23C767
12-20 17:59:39.211  5030  5683 I Icing   : Indexing 2970FF6446565CA3E641E69DC24ECA4A6F23C767 from com.google.android.gms
12-20 17:59:39.214  5030  5683 I Icing   : Indexing done 2970FF6446565CA3E641E69DC24ECA4A6F23C767
12-20 17:59:39.242  5030  5683 I Icing   : Indexing 2970FF6446565CA3E641E69DC24ECA4A6F23C767 from com.google.android.gms
12-20 17:59:39.244  5030  5683 I Icing   : Indexing done 2970FF6446565CA3E641E69DC24ECA4A6F23C767
12-20 17:59:39.909  4871  5577 W MediaScanner: forcing rescan of /system/media/audio/ringtones/Orion.oggsince ringtone setting didn't finish
12-20 17:59:39.932  4871  5577 W MediaProvider: Missing volume for /system/media/audio/ringtones; assuming invalid
12-20 17:59:39.945  4871  5577 W MediaProvider: Missing volume for /system/media/audio/notifications/Ariel.ogg; assuming invalid
12-20 17:59:39.950  4871  5577 W MediaProvider: Missing volume for /system/media/audio/notifications/Beat_Box_Android.ogg; assuming invalid
12-20 17:59:39.955  4871  5577 W MediaProvider: Missing volume for /system/media/audio/notifications/Bellatrix.ogg; assuming invalid
12-20 17:59:39.959  4871  5577 W MediaProvider: Missing volume for /system/media/audio/notifications/Beryllium.ogg; assuming invalid
12-20 17:59:39.963  4871  5577 W MediaProvider: Missing volume for /system/media/audio/notifications/Betelgeuse.ogg; assuming invalid
12-20 17:59:39.973  4871  5577 W MediaProvider: Missing volume for /system/media/audio/notifications/CaffeineSnake.ogg; assuming invalid
12-20 17:59:39.980  4871  5577 W MediaProvider: Missing volume for /system/media/audio/notifications/Canopus.ogg; assuming invalid
12-20 17:59:39.988  4871  5577 W MediaProvider: Missing volume for /system/media/audio/notifications/Capella.ogg; assuming invalid
12-20 17:59:39.995  4871  5577 W MediaProvider: Missing volume for /system/media/audio/notifications/Carme.ogg; assuming invalid
12-20 17:59:40.001  4871  5577 W MediaProvider: Missing volume for /system/media/audio/notifications/Castor.ogg; assuming invalid
12-20 17:59:40.009  4871  5577 W MediaProvider: Missing volume for /system/media/audio/notifications/Ceres.ogg; assuming invalid
12-20 17:59:40.016  4871  5577 W MediaProvider: Missing volume for /system/media/audio/notifications/CetiAlpha.ogg; assuming invalid
12-20 17:59:40.024  4871  5577 W MediaProvider: Missing volume for /system/media/audio/notifications/Cobalt.ogg; assuming invalid
12-20 17:59:40.033  4871  5577 W MediaProvider: Missing volume for /system/media/audio/notifications/Cricket.ogg; assuming invalid
12-20 17:59:40.040  4871  5577 W MediaProvider: Missing volume for /system/media/audio/notifications/CyanDoink.ogg; assuming invalid
12-20 17:59:40.048  4871  5577 W MediaProvider: Missing volume for /system/media/audio/notifications/CyanMail.ogg; assuming invalid
12-20 17:59:40.056  4871  5577 W MediaProvider: Missing volume for /system/media/audio/notifications/CyanMessage.ogg; assuming invalid
12-20 17:59:40.063  4871  5577 W MediaProvider: Missing volume for /system/media/audio/notifications/DearDeer.ogg; assuming invalid
12-20 17:59:40.070  4871  5577 W MediaProvider: Missing volume for /system/media/audio/notifications/Deneb.ogg; assuming invalid
12-20 17:59:40.077  4871  5577 W MediaProvider: Missing volume for /system/media/audio/notifications/Doink.ogg; assuming invalid
12-20 17:59:40.084  4871  5577 W MediaProvider: Missing volume for /system/media/audio/notifications/DontPanic.ogg; assuming invalid
12-20 17:59:40.091  4871  5577 W MediaProvider: Missing volume for /system/media/audio/notifications/Drip.ogg; assuming invalid
12-20 17:59:40.100  4871  5577 W MediaProvider: Missing volume for /system/media/audio/notifications/Elara.ogg; assuming invalid
12-20 17:59:40.108  4871  5577 W MediaProvider: Missing volume for /system/media/audio/notifications/Electra.ogg; assuming invalid
12-20 17:59:40.117  4871  5577 W MediaProvider: Missing volume for /system/media/audio/notifications/Europa.ogg; assuming invalid
12-20 17:59:40.126  4871  5577 W MediaProvider: Missing volume for /system/media/audio/notifications/F1_New_SMS.ogg; assuming invalid
12-20 17:59:40.135  4871  5577 W MediaProvider: Missing volume for /system/media/audio/notifications/Fluorine.ogg; assuming invalid
12-20 17:59:40.142  4871  5577 W MediaProvider: Missing volume for /system/media/audio/notifications/Fomalhaut.ogg; assuming invalid
12-20 17:59:40.154  4871  5577 W MediaProvider: Missing volume for /system/media/audio/notifications/Gallium.ogg; assuming invalid
12-20 17:59:40.165  4871  5577 W MediaProvider: Missing volume for /system/media/audio/notifications/Heaven.ogg; assuming invalid
12-20 17:59:40.176  4871  5577 W MediaProvider: Missing volume for /system/media/audio/notifications/Helium.ogg; assuming invalid
12-20 17:59:40.185  4871  5577 W MediaProvider: Missing volume for /system/media/audio/notifications/Highwire.ogg; assuming invalid
12-20 17:59:40.198  4871  5577 W MediaProvider: Missing volume for /system/media/audio/notifications/Hojus.ogg; assuming invalid
12-20 17:59:40.204  4871  5577 W MediaProvider: Missing volume for /system/media/audio/notifications/Iapetus.ogg; assuming invalid
12-20 17:59:40.208  4871  5577 W MediaProvider: Missing volume for /system/media/audio/notifications/Io.ogg; assuming invalid
12-20 17:59:40.212  4871  5577 W MediaProvider: Missing volume for /system/media/audio/notifications/Iridium.ogg; assuming invalid
12-20 17:59:40.216  4871  5577 W MediaProvider: Missing volume for /system/media/audio/notifications/Krypton.ogg; assuming invalid
12-20 17:59:40.218  4871  5577 W MediaProvider: Missing volume for /system/media/audio/notifications/KzurbSonar.ogg; assuming invalid
12-20 17:59:40.222  4871  5577 W MediaProvider: Missing volume for /system/media/audio/notifications/Laser.ogg; assuming invalid
12-20 17:59:40.225  4871  5577 W MediaProvider: Missing volume for /system/media/audio/notifications/Merope.ogg; assuming invalid
12-20 17:59:40.229  4871  5577 W MediaProvider: Missing volume for /system/media/audio/notifications/Mira.ogg; assuming invalid
12-20 17:59:40.232  4871  5577 W MediaProvider: Missing volume for /system/media/audio/notifications/Naughty.ogg; assuming invalid
12-20 17:59:40.235  4871  5577 W MediaProvider: Missing volume for /system/media/audio/notifications/OnTheHunt.ogg; assuming invalid
12-20 17:59:40.238  4871  5577 W MediaProvider: Missing volume for /system/media/audio/notifications/Palladium.ogg; assuming invalid
12-20 17:59:40.242  4871  5577 W MediaProvider: Missing volume for /system/media/audio/notifications/Plastic_Pipe.ogg; assuming invalid
12-20 17:59:40.245  4871  5577 W MediaProvider: Missing volume for /system/media/audio/notifications/Polaris.ogg; assuming invalid
12-20 17:59:40.250  4871  5577 W MediaProvider: Missing volume for /system/media/audio/notifications/Pollux.ogg; assuming invalid
12-20 17:59:40.254  4871  5577 W MediaProvider: Missing volume for /system/media/audio/notifications/Pong.ogg; assuming invalid
12-20 17:59:40.258  4871  5577 W MediaProvider: Missing volume for /system/media/audio/notifications/Procyon.ogg; assuming invalid
12-20 17:59:40.261  4871  5577 W MediaProvider: Missing volume for /system/media/audio/notifications/Proxima.ogg; assuming invalid
12-20 17:59:40.262  3046  4715 E MetadataRetrieverClient: failed to extract an album art
12-20 17:59:40.264  4871  5577 W MediaProvider: Missing volume for /system/media/audio/notifications/Radon.ogg; assuming invalid
12-20 17:59:40.267  4871  5577 W MediaProvider: Missing volume for /system/media/audio/notifications/Rang.ogg; assuming invalid
12-20 17:59:40.269  4871  5577 W MediaProvider: Missing volume for /system/media/audio/notifications/Rhea.ogg; assuming invalid
12-20 17:59:40.271  4871  5577 W MediaProvider: Missing volume for /system/media/audio/notifications/Rubidium.ogg; assuming invalid
12-20 17:59:40.273  4871  5577 W MediaProvider: Missing volume for /system/media/audio/notifications/Salacia.ogg; assuming invalid
12-20 17:59:40.276  4871  5577 W MediaProvider: Missing volume for /system/media/audio/notifications/Selenium.ogg; assuming invalid
12-20 17:59:40.278  4871  5577 W MediaProvider: Missing volume for /system/media/audio/notifications/Shaula.ogg; assuming invalid
12-20 17:59:40.279  4871  5577 W MediaProvider: Missing volume for /system/media/audio/notifications/Sirrah.ogg; assuming invalid
12-20 17:59:40.281  4871  5577 W MediaProvider: Missing volume for /system/media/audio/notifications/Spica.ogg; assuming invalid
12-20 17:59:40.283  4871  5577 W MediaProvider: Missing volume for /system/media/audio/notifications/Stone.ogg; assuming invalid
12-20 17:59:40.285  4871  5577 W MediaProvider: Missing volume for /system/media/audio/notifications/Strontium.ogg; assuming invalid
12-20 17:59:40.287  4871  5577 W MediaProvider: Missing volume for /system/media/audio/notifications/Syrma.ogg; assuming invalid
12-20 17:59:40.289  4871  5577 W MediaProvider: Missing volume for /system/media/audio/notifications/TaDa.ogg; assuming invalid
12-20 17:59:40.291  4871  5577 W MediaProvider: Missing volume for /system/media/audio/notifications/Talitha.ogg; assuming invalid
12-20 17:59:40.293  4871  5577 W MediaProvider: Missing volume for /system/media/audio/notifications/Tethys.ogg; assuming invalid
12-20 17:59:40.295  4871  5577 W MediaProvider: Missing volume for /system/media/audio/notifications/Thallium.ogg; assuming invalid
12-20 17:59:40.296  4871  5577 W MediaProvider: Missing volume for /system/media/audio/notifications/Titan.ogg; assuming invalid
12-20 17:59:40.298  4871  5577 W MediaProvider: Missing volume for /system/media/audio/notifications/Upsilon.ogg; assuming invalid
12-20 17:59:40.300  4871  5577 W MediaProvider: Missing volume for /system/media/audio/notifications/Vega.ogg; assuming invalid
12-20 17:59:40.302  4871  5577 W MediaProvider: Missing volume for /system/media/audio/notifications/Voila.ogg; assuming invalid
12-20 17:59:40.304  4871  5577 W MediaProvider: Missing volume for /system/media/audio/notifications/Xenon.ogg; assuming invalid
12-20 17:59:40.306  4871  5577 W MediaProvider: Missing volume for /system/media/audio/notifications/Zirconium.ogg; assuming invalid
12-20 17:59:40.309  4871  5577 W MediaProvider: Missing volume for /system/media/audio/notifications/moonbeam.ogg; assuming invalid
12-20 17:59:40.311  4871  5577 W MediaProvider: Missing volume for /system/media/audio/notifications/pixiedust.ogg; assuming invalid
12-20 17:59:40.313  4871  5577 W MediaProvider: Missing volume for /system/media/audio/notifications/pizzicato.ogg; assuming invalid
12-20 17:59:40.315  4871  5577 W MediaProvider: Missing volume for /system/media/audio/notifications/regulus.ogg; assuming invalid
12-20 17:59:40.317  4871  5577 W MediaProvider: Missing volume for /system/media/audio/notifications/sirius.ogg; assuming invalid
12-20 17:59:40.320  4871  5577 W MediaProvider: Missing volume for /system/media/audio/notifications/tweeters.ogg; assuming invalid
12-20 17:59:40.323  4871  5577 W MediaProvider: Missing volume for /system/media/audio/ringtones/Andromeda.ogg; assuming invalid
12-20 17:59:40.328  4871  5577 W MediaProvider: Missing volume for /system/media/audio/ringtones/Aquila.ogg; assuming invalid
12-20 17:59:40.332  4871  5577 W MediaProvider: Missing volume for /system/media/audio/ringtones/ArgoNavis.ogg; assuming invalid
12-20 17:59:40.336  4871  5577 W MediaProvider: Missing volume for /system/media/audio/ringtones/Atria.ogg; assuming invalid
12-20 17:59:40.340  4871  5577 W MediaProvider: Missing volume for /system/media/audio/ringtones/BOOTES.ogg; assuming invalid
12-20 17:59:40.344  4871  5577 W MediaProvider: Missing volume for /system/media/audio/ringtones/Backroad.ogg; assuming invalid
12-20 17:59:40.348  4871  5577 W MediaProvider: Missing volume for /system/media/audio/ringtones/BeatPlucker.ogg; assuming invalid
12-20 17:59:40.349  3046  3583 E MetadataRetrieverClient: failed to extract an album art
12-20 17:59:40.351  4871  5577 W MediaProvider: Missing volume for /system/media/audio/ringtones/BentleyDubs.ogg; assuming invalid
12-20 17:59:40.355  4871  5577 W MediaProvider: Missing volume for /system/media/audio/ringtones/Big_Easy.ogg; assuming invalid
12-20 17:59:40.358  4871  5577 W MediaProvider: Missing volume for /system/media/audio/ringtones/BirdLoop.ogg; assuming invalid
12-20 17:59:40.362  4871  5577 W MediaProvider: Missing volume for /system/media/audio/ringtones/Bollywood.ogg; assuming invalid
12-20 17:59:40.366  4871  5577 W MediaProvider: Missing volume for /system/media/audio/ringtones/Boxbeat.ogg; assuming invalid
12-20 17:59:40.370  4871  5577 W MediaProvider: Missing volume for /system/media/audio/ringtones/BussaMove.ogg; assuming invalid
12-20 17:59:40.374  4871  5577 W MediaProvider: Missing volume for /system/media/audio/ringtones/CASSIOPEIA.ogg; assuming invalid
12-20 17:59:40.379  4871  5577 W MediaProvider: Missing volume for /system/media/audio/ringtones/Cairo.ogg; assuming invalid
12-20 17:59:40.387  4871  5577 W MediaProvider: Missing volume for /system/media/audio/ringtones/Callisto.ogg; assuming invalid
12-20 17:59:40.392  4871  5577 W MediaProvider: Missing volume for /system/media/audio/ringtones/Calypso_Steel.ogg; assuming invalid
12-20 17:59:40.399  4871  5577 W MediaProvider: Missing volume for /system/media/audio/ringtones/CanisMajor.ogg; assuming invalid
12-20 17:59:40.405  4871  5577 W MediaProvider: Missing volume for /system/media/audio/ringtones/CaribbeanIce.ogg; assuming invalid
12-20 17:59:40.412  4871  5577 W MediaProvider: Missing volume for /system/media/audio/ringtones/Carina.ogg; assuming invalid
12-20 17:59:40.419  4871  5577 W MediaProvider: Missing volume for /system/media/audio/ringtones/Centaurus.ogg; assuming invalid
12-20 17:59:40.425  4871  5577 W MediaProvider: Missing volume for /system/media/audio/