12-20 03:30:23.482  4796  4796 I DeviceCache: Unable to convert the the network interface's MAC Address to string. MAC address cannot be null.
12-20 03:30:23.482  4796  4796 I DeviceCache: Unable to convert the the network interface's MAC Address to string. MAC address cannot be null.
12-20 03:30:23.482  4796  4796 I DeviceCache: Unable to convert the the network interface's MAC Address to string. MAC address cannot be null.
12-20 03:30:23.482  4796  4796 I DeviceCache: Unable to convert the the network interface's MAC Address to string. MAC address cannot be null.
12-20 03:30:23.482  4796  4796 I DeviceCache: Unable to convert the the network interface's MAC Address to string. MAC address cannot be null.
12-20 03:30:23.482  4796  4796 I DeviceCache: Unable to convert the the network interface's MAC Address to string. MAC address cannot be null.
12-20 03:30:23.509  4666  4666 I WearableService: Wear is not allowed to run on this device. Not starting Wear service.
12-20 03:30:23.514  4796  5538 W IcingInternalCorpora: getNumBytesRead when not calculated.
12-20 03:30:23.584  4796  5146 D ModuleInitIntentOp: Phenotype registration for com.google.android.gms succeeds.
12-20 03:30:23.598  4796  5146 I Fitness : Module updated. Enabling [com.google.android.gms.fitness.service.wearable.WearableSyncMessageService, com.google.android.gms.fitness.service.wearable.WearableSyncAccountService, com.google.android.gms.fitness.service.wearable.WearableSyncConnectionService, com.google.android.gms.fitness.service.wearable.WearableSyncConfigService, com.google.android.gms.fitness.service.goals.FitGoalsBroker]
12-20 03:30:23.630  4796  5146 W DynamiteLoaderImpl: Failed to load module version: module com.google.android.gms.flags not found
12-20 03:30:23.647  3361  3847 I BroadcastQueue: Delay finish: com.android.providers.calendar/.CalendarProviderBroadcastReceiver
12-20 03:30:23.656  4796  5146 W DynamiteLoaderImpl: Failed to load module version after staging: module com.google.android.gms.flags not found
12-20 03:30:23.656  4796  5146 I DynamiteModule: Considering local module com.google.android.gms.flags:2 and remote module com.google.android.gms.flags:0
12-20 03:30:23.656  4796  5146 I DynamiteModule: Selected local version of com.google.android.gms.flags
12-20 03:30:23.674  3361  3847 I BroadcastQueue: Resuming delayed broadcast
12-20 03:30:23.691  4666  4848 W ContentTaskController: Invalid newTask was provided to startTracking.
12-20 03:30:23.709  5022  5022 I UpdateCheckReceiver: Got connectivity change, has connection: true
12-20 03:30:23.709  5022  5022 I UpdateCheckReceiver: Scheduling future, repeating update checks.
12-20 03:30:23.756  4796  5582 W IcingInternalCorpora: getNumBytesRead when not calculated.
12-20 03:30:23.759  4666  5571 I PhenotypeFlagCommitter: Experiment Configs successfully retrieved for com.google.android.location
12-20 03:30:23.768  4666  5571 I GCoreUlr: Starting service, intent=Intent { act=com.google.android.location.reporting.ACTION_UPDATE_WORLD cmp=com.google.android.gms/com.google.android.location.reporting.service.DispatchingService (has extras) }, extras=Bundle[{receiverAction=android.intent.action.BOOT_COMPLETED}]
12-20 03:30:23.772  4666  5561 I PhenotypeFlagCommitter: Experiment Configs successfully retrieved for com.google.android.gms.lockbox
12-20 03:30:23.826  4343  4343 V ConfigResourceUtil: resourceName = config_spn_display_control resourceId = 2130837514resourceValue = false
12-20 03:30:23.829  3361  3381 D AlarmManagerService: Kernel timezone updated to 180 minutes west of GMT
12-20 03:30:23.845  3361  3772 D ConnectivityService: notifyType CAP_CHANGED for NetworkAgentInfo [MOBILE (HSUPA) - 100]
12-20 03:30:23.848  3361  3772 D ConnectivityService: Setting tx/rx TCP buffers to 122334,734003,2202010,32040,192239,576717
12-20 03:30:23.852  3361  3772 D ConnectivityService: notifyType IP_CHANGED for NetworkAgentInfo [MOBILE (HSPA+) - 100]
12-20 03:30:23.873  4796  5128 I Wear_Controller: Wear is not allowed to run on this device. Not starting control service.
12-20 03:30:23.878  4796  5146 I GCM-GMS : Scheduling task to register GMS
12-20 03:30:23.900  4666  4848 I GCoreUlr: WorldUpdater received intent Intent { act=com.google.android.location.reporting.ACTION_UPDATE_WORLD cmp=com.google.android.gms/com.google.android.location.reporting.service.DispatchingService (has extras) } with receiverAction android.intent.action.BOOT_COMPLETED
12-20 03:30:23.902  4666  4847 W ContentTaskController: Invalid newTask was provided to startTracking.
12-20 03:30:23.918  4796  5540 E MDM     : [228] ucj.a: Couldn't connect to Google API client: jhx{statusCode=API_UNAVAILABLE, resolution=null, message=null}
12-20 03:30:23.924  4796  5526 E Icing   : dlopen failed: library "/data/data/com.google.android.gms/files/libAppDataSearchExt_arm64_v8a.so" not found
12-20 03:30:23.924  4796  5526 E Icing   : Loading extension /data/data/com.google.android.gms/files/libAppDataSearchExt_arm64_v8a.so failed
12-20 03:30:23.950  4796  5506 W CheckinTask: Fail to connect to GoogleApiClient error : jhx{statusCode=TIMEOUT, resolution=null, message=null}
12-20 03:30:23.950  4796  5598 I iu.SyncManager: SYNC; picasa accounts
12-20 03:30:23.958  4666  4848 I GCoreUlr: WorldUpdater:android.intent.action.BOOT_COMPLETED: Ensuring that reporting is stopped because of reasons: (no Google accounts)
12-20 03:30:23.966  4666  4848 I GCoreUlr: Unbound from all location providers
12-20 03:30:23.966  4666  4848 I GCoreUlr: Place inference reporting - stop
12-20 03:30:23.970  4796  5506 I CheckinRequestBuilder: Checkin reason type: 5 attempt count: 1
12-20 03:30:23.983  4796  5506 E ActivityThread: Failed to find provider info for com.google.android.wearable.settings
12-20 03:30:23.983  4666  4848 I GCoreUlr: DispatchingService ignoring Intent { act=android.net.wifi.WIFI_STATE_CHANGED flg=0x4000010 (has extras) } because ULR inactive
12-20 03:30:23.996  4796  5128 I PeopleSync: First sync
12-20 03:30:24.005  3361  5478 D NetworkMonitor/NetworkAgentInfo [MOBILE (HSPA+) - 100]: Checking http://connectivitycheck.gstatic.com/generate_204 on gprs.personal.com, connectivitycheck.gstatic.com=172.217.29.14,2800:3f0:4002:801::200e
12-20 03:30:24.007  3361  5478 W System  : ClassLoader referenced unknown path: /system/framework/tcmclient.jar
12-20 03:30:24.009  4796  5526 W Icing   : Registering libAppDataSearchExt_arm64_v8a.so failed: The download is pending.
12-20 03:30:24.013  4796  5526 I Icing   : MaintenanceDriver: Registering all GCM Tasks.
12-20 03:30:24.014  3060  3572 V audio_hw_primary: do_out_standby: output standby: 0
12-20 03:30:24.016  4796  4796 I iu.Environment: update connectivity state; isNetworkMetered? true*, isRoaming? false, isBackgroundDataAllowed? true*
12-20 03:30:24.024  4899  4899 D WeatherUpdateService: onCreate
12-20 03:30:24.024  4666  4666 I GCoreUlr: DispatchingService.onDestroy()
12-20 03:30:24.028  4899  4899 D WeatherUpdateService: Service started, but shouldn't update ... stopping
12-20 03:30:24.031  4899  4899 D WeatherUpdateService: onDestroy
12-20 03:30:24.032  4666  4666 I GCoreUlr: Stopping handler for UlrDispSvcFast
12-20 03:30:24.033  4796  5526 E Icing   : dlopen failed: library "/data/data/com.google.android.gms/files/libAppDataSearchExt_arm64_v8a.so" not found
12-20 03:30:24.033  4796  5526 E Icing   : Loading extension /data/data/com.google.android.gms/files/libAppDataSearchExt_arm64_v8a.so failed
12-20 03:30:24.041  4666  4666 I GCoreUlr: Unbound from all location providers
12-20 03:30:24.041  4666  4666 I GCoreUlr: Place inference reporting - stop
12-20 03:30:24.053  4796  5598 I UploadsDatabaseHelper: Creating database tables at version 33
12-20 03:30:24.063  4796  5526 I Icing   : updateResources: need to parse rtx{com.google.android.gms}
12-20 03:30:24.079  4666  4847 W ContentTaskController: Invalid newTask was provided to startTracking.
12-20 03:30:24.082  4796  5598 I iu.UploadsManager: num queued entries: 0
12-20 03:30:24.082  4796  5128 I PeopleSync: requestAllFullSyncForDbUpgrade
12-20 03:30:24.082  4796  5598 I iu.UploadsManager: num updated entries: 0
12-20 03:30:24.083  4796  5598 I iu.SyncManager: NEXT; no task
12-20 03:30:24.126  4666  5571 I PhenotypeFlagCommitter: Experiment Configs successfully retrieved for com.google.android.location
12-20 03:30:24.136  4796  5604 W IcingInternalCorpora: getNumBytesRead when not calculated.
12-20 03:30:24.167  4796  5134 I MS_RegisterService: RegisterService intent:Intent { act=com.google.android.gms.matchstick.register_intent_action cat=[targeted_intent_op_prefix:com.google.android.libraries.matchstick.net.SilentRegisterIntentOperation] cmp=com.google.android.gms/.chimera.GmsIntentOperationService } isPeriodic:false
12-20 03:30:24.173  4796  5604 W IcingInternalCorpora: getNumBytesRead when not calculated.
12-20 03:30:24.199  3361  5478 D NetworkMonitor/NetworkAgentInfo [MOBILE (HSPA+) - 100]: isCaptivePortal: ret=204 headers={null=[HTTP/1.1 204 No Content], Content-Length=[0], Date=[Tue, 20 Dec 2016 06:30:24 GMT], X-Android-Received-Millis=[1482215424199], X-Android-Response-Source=[NETWORK 204], X-Android-Selected-Protocol=[http/1.1], X-Android-Sent-Millis=[1482215424113]}
12-20 03:30:24.200  3361  3772 D ConnectivityService: setProvNotificationVisibleIntent null visible=false networkType=MOBILE extraInfo=null highPriority=false
12-20 03:30:24.200  3361  3772 D ConnectivityService: NetworkAgentInfo [MOBILE (HSPA+) - 100] validation  passed
12-20 03:30:24.200  3361  3772 D ConnectivityService: notifyType CAP_CHANGED for NetworkAgentInfo [MOBILE (HSPA+) - 100]
12-20 03:30:24.211  3361  3772 D ConnectivityService: sendStickyBroadcast: action=android.net.conn.INET_CONDITION_ACTION
12-20 03:30:24.224  4796  5128 I PhenotypeSyncScheduler: Clear all shared preferences
12-20 03:30:24.224  4796  5146 I PhenotypeFlagCommitter: Experiment Configs successfully retrieved for com.google.android.gms.people
12-20 03:30:24.225  4796  5128 I PhenotypeSyncScheduler: Cancel all previously scheduled polling
12-20 03:30:24.229  4666  4847 W ContentTaskController: Invalid newTask was provided to startTracking.
12-20 03:30:24.233  4796  5128 I PhenotypeSyncScheduler: Scheduling Phenotype for first execution 6499 seconds from now (1482215424233)
12-20 03:30:24.256  4666  4847 W ContentTaskController: Invalid newTask was provided to startTracking.
12-20 03:30:24.266  4666  4847 W ContentTaskController: Invalid newTask was provided to startTracking.
12-20 03:30:24.299  4796  5134 I MS_PhoneUtils: Phone type: 1
12-20 03:30:24.328  5389  5609 I PhenotypeFlagCommitter: Experiment Configs successfully retrieved for com.google.android.gms.people.ui
12-20 03:30:24.340  4666  4848 W ContentTaskController: Invalid newTask was provided to startTracking.
12-20 03:30:24.353  4666  4848 W ContentTaskController: Invalid newTask was provided to startTracking.
12-20 03:30:24.357  4796  5128 E MDM     : [149] SitrepChimeraService.a: No Google accounts; deferring server state update.
12-20 03:30:24.368  4666  5557 E GCM     : Missing checkin config file
12-20 03:30:24.383  3361  3380 I ActivityManager: Start proc 5638:com.google.android.gms.unstable/u0a71 for service com.google.android.gms/.droidguard.DroidGuardService
12-20 03:30:24.387  4796  5145 V SmartDevice: [service,SmartDeviceIntentHandlers] OnUpgradeOrBootOperation got intent: Intent { act=com.google.android.chimera.IntentOperation.NEW_MODULE (has extras) } with flag 12
12-20 03:30:24.389  4666  5557 W GCM     : GCM FAILED TO INITIALIZE - missing checkin
12-20 03:30:24.391  4666  5557 E GCM     : Missing checkin config file
12-20 03:30:24.391  4666  5557 W GCM     : GCM FAILED TO INITIALIZE - missing checkin
12-20 03:30:24.455  4796  5636 E MDM     : [265] ucj.a: Couldn't connect to Google API client: jhx{statusCode=API_UNAVAILABLE, resolution=null, message=null}
12-20 03:30:24.461  4796  5134 I MS_RegisterService: Doing full registration.
12-20 03:30:24.462  4796  5128 I PlatformStatsCollectorService: Start Procstats in 73661 seconds.
12-20 03:30:24.479  4796  5128 I PlatformStatsCollectorService: Start Batterystats in 73661 seconds.
12-20 03:30:24.483  4666  4848 W ContentTaskController: Invalid newTask was provided to startTracking.
12-20 03:30:24.489  4796  5128 I PlatformStatsCollectorService: Start Settingsstats in 73661 seconds.
12-20 03:30:24.493  4666  4848 W ContentTaskController: Invalid newTask was provided to startTracking.
12-20 03:30:24.499  5659  5659 I dex2oat : Adjusted thread count (for runtime dex2oat): 4, 4
12-20 03:30:24.499  5659  5659 E dex2oat : Failed to create oat file: /data/dalvik-cache/arm64/system@priv-app@PrebuiltGmsCore@PrebuiltGmsCore.apk@classes.dex: Permission denied
12-20 03:30:24.499  5659  5659 I dex2oat : dex2oat took 486.577us (threads: 4) 
12-20 03:30:24.501  5638  5638 W art     : Failed execv(/system/bin/dex2oat --runtime-arg -classpath --runtime-arg  --instruction-set=arm64 --instruction-set-features=smp,a53 --runtime-arg -Xrelocate --boot-image=/system/framework/boot.art --runtime-arg -Xms64m --runtime-arg -Xmx512m --compiler-filter=speed --instruction-set-variant=generic --instruction-set-features=default --dex-file=/system/priv-app/PrebuiltGmsCore/PrebuiltGmsCore.apk --oat-file=/data/dalvik-cache/arm64/system@priv-app@PrebuiltGmsCore@PrebuiltGmsCore.apk@classes.dex) because non-0 exit status
12-20 03:30:24.505  4796  5128 I PlatformStatsCollectorService: Start Notificationstats in 73661 seconds.
12-20 03:30:24.513  4666  4848 W ContentTaskController: Invalid newTask was provided to startTracking.
12-20 03:30:24.518  4796  5128 I PlatformStatsCollectorService: Start Fingerprintstats in 73661 seconds.
12-20 03:30:24.523  4796  4796 I CmaSystemUpdateService: receiver: Intent { act=com.google.android.gms.update.BOOT_START_SERVICE flg=0x10 pkg=com.google.android.gms cmp=com.google.android.gms/.update.SystemUpdateServiceReceiver }
12-20 03:30:24.528  4796  5128 I PlatformStatsCollectorService: Start DropboxRealtime in 73661 seconds.
12-20 03:30:24.529  4796  4796 I CmaSystemUpdateService: receiver: Intent { act=com.google.android.gms.update.BOOT_START_SERVICE flg=0x10 pkg=com.google.android.gms cmp=com.google.android.gms/.update.SystemUpdateServiceReceiver }
12-20 03:30:24.537  4941  4941 D CellBroadcastReceiver: onReceive Intent { act=android.intent.action.SERVICE_STATE flg=0x10 cmp=com.android.cellbroadcastreceiver/.CellBroadcastReceiver (has extras) }
12-20 03:30:24.537  4941  4941 D CellBroadcastReceiver: Intent ACTION_SERVICE_STATE_CHANGED
12-20 03:30:24.538  4941  4941 D CellBroadcastReceiver: subscriptionId = 1
12-20 03:30:24.543  4796  5128 I PlatformStatsCollectorService: Start Graphicsstats in 73661 seconds.
12-20 03:30:24.555  4796  5128 I PlatformStatsCollectorService: Start Dropbox in 73661 seconds.
12-20 03:30:24.556  4941  4941 D CellBroadcastReceiver: Service state changed! 0 Full: 0 0 voice home data home PERSONAL AR TP 72234 PERSONAL AR TP 72234  UMTS HSPAP CSS not supported -1 -1 RoamInd=-1 DefRoamInd=-1 EmergOnly=false IsDataRoamingFromRegistration=false Current state=1
12-20 03:30:24.556  4666  4848 W ContentTaskController: Invalid newTask was provided to startTracking.
12-20 03:30:24.571  4796  5128 I PlatformStatsCollectorService: Start Diskstats in 73661 seconds.
12-20 03:30:24.582  4796  5128 I PlatformStatsCollectorService: Start Netstats in 73661 seconds.
12-20 03:30:24.607  4941  5670 D CellBroadcastConfigService: enabling emergency cell broadcast channels
12-20 03:30:24.613  4343  4372 D IccSmsInterfaceManager: [IccSmsInterfaceManager] enableGsmBroadcastRange
12-20 03:30:24.616  4343  4372 D IccSmsInterfaceManager: [IccSmsInterfaceManager] Added GSM cell broadcast subscription for MID range 4352 to 4354 from client com.android.cellbroadcastreceiver
12-20 03:30:24.616  4343  4372 D IccSmsInterfaceManager: [IccSmsInterfaceManager] Calling setCellBroadcastActivation(true)
12-20 03:30:24.621  3361  3380 I BroadcastQueue: Delay finish: com.google.android.gms/.security.snet.SnetReceiver
12-20 03:30:24.627  4343  4358 D IccSmsInterfaceManager: [IccSmsInterfaceManager] enableGsmBroadcastRange
12-20 03:30:24.628  4343  4358 D IccSmsInterfaceManager: [IccSmsInterfaceManager] Added GSM cell broadcast subscription for MID range 4356 to 4356 from client com.android.cellbroadcastreceiver
12-20 03:30:24.628  4343  4358 D IccSmsInterfaceManager: [IccSmsInterfaceManager] Calling setCellBroadcastActivation(true)
12-20 03:30:24.628  4796  4796 I CmaSystemUpdateService: connectivity change: Intent { act=android.net.conn.CONNECTIVITY_CHANGE flg=0x4000010 (has extras) }
12-20 03:30:24.628  4796  4796 I CmaSystemUpdateService: receiver: Intent { act=android.net.conn.CONNECTIVITY_CHANGE flg=0x4000010 (has extras) }
12-20 03:30:24.641  4343  4648 D IccSmsInterfaceManager: [IccSmsInterfaceManager] enableGsmBroadcastRange
12-20 03:30:24.643  4343  4648 D IccSmsInterfaceManager: [IccSmsInterfaceManager] Added GSM cell broadcast subscription for MID range 4371 to 4372 from client com.android.cellbroadcastreceiver
12-20 03:30:24.643  4343  4648 D IccSmsInterfaceManager: [IccSmsInterfaceManager] Calling setCellBroadcastActivation(true)
12-20 03:30:24.652  4796  5673 I SystemUpdateTask: cancelUpdate (empty URL)
12-20 03:30:24.653  4796  5673 I CmaSystemUpdateService: active receiver: disabled
12-20 03:30:24.656  4343  4372 D IccSmsInterfaceManager: [IccSmsInterfaceManager] enableCdmaBroadcastRange
12-20 03:30:24.659  4343  4372 D IccSmsInterfaceManager: [IccSmsInterfaceManager] Calling setCdmaBroadcastConfig with 1 configurations
12-20 03:30:24.663  4343  4372 D IccSmsInterfaceManager: [IccSmsInterfaceManager] Failed to add cdma broadcast subscription for MID range 4097 to 4097 from client com.android.cellbroadcastreceiver
12-20 03:30:24.675  4343  4358 D IccSmsInterfaceManager: [IccSmsInterfaceManager] enableGsmBroadcastRange
12-20 03:30:24.677  4343  4358 D IccSmsInterfaceManager: [IccSmsInterfaceManager] Added GSM cell broadcast subscription for MID range 4373 to 4378 from client com.android.cellbroadcastreceiver
12-20 03:30:24.677  4343  4358 D IccSmsInterfaceManager: [IccSmsInterfaceManager] Calling setCellBroadcastActivation(true)
12-20 03:30:24.690  3361  3380 I BroadcastQueue: Resuming delayed broadcast
12-20 03:30:24.691  4343  4648 D IccSmsInterfaceManager: [IccSmsInterfaceManager] enableCdmaBroadcastRange
12-20 03:30:24.693  4343  4648 D IccSmsInterfaceManager: [IccSmsInterfaceManager] Calling setCdmaBroadcastConfig with 1 configurations
12-20 03:30:24.698  4343  4648 D IccSmsInterfaceManager: [IccSmsInterfaceManager] Failed to add cdma broadcast subscription for MID range 4098 to 4098 from client com.android.cellbroadcastreceiver
12-20 03:30:24.724  4343  4372 D IccSmsInterfaceManager: [IccSmsInterfaceManager] enableGsmBroadcastRange
12-20 03:30:24.728  4343  4372 D IccSmsInterfaceManager: [IccSmsInterfaceManager] Added GSM cell broadcast subscription for MID range 4379 to 4379 from client com.android.cellbroadcastreceiver
12-20 03:30:24.728  4343  4372 D IccSmsInterfaceManager: [IccSmsInterfaceManager] Calling setCellBroadcastActivation(true)
12-20 03:30:24.747  4343  4358 D IccSmsInterfaceManager: [IccSmsInterfaceManager] enableCdmaBroadcastRange
12-20 03:30:24.754  4343  4358 D IccSmsInterfaceManager: [IccSmsInterfaceManager] Calling setCdmaBroadcastConfig with 1 configurations
12-20 03:30:24.758  4343  4358 D IccSmsInterfaceManager: [IccSmsInterfaceManager] Failed to add cdma broadcast subscription for MID range 4099 to 4099 from client com.android.cellbroadcastreceiver
12-20 03:30:24.763  4666  4847 W ContentTaskController: Invalid newTask was provided to startTracking.
12-20 03:30:24.770  4343  4648 D IccSmsInterfaceManager: [IccSmsInterfaceManager] enableGsmBroadcastRange
12-20 03:30:24.774  4343  4648 D IccSmsInterfaceManager: [IccSmsInterfaceManager] Added GSM cell broadcast subscription for MID range 4380 to 4382 from client com.android.cellbroadcastreceiver
12-20 03:30:24.774  4343  4648 D IccSmsInterfaceManager: [IccSmsInterfaceManager] Calling setCellBroadcastActivation(true)
12-20 03:30:24.793  4343  4372 D IccSmsInterfaceManager: [IccSmsInterfaceManager] enableCdmaBroadcastRange
12-20 03:30:24.796  4343  4372 D IccSmsInterfaceManager: [IccSmsInterfaceManager] Calling setCdmaBroadcastConfig with 1 configurations
12-20 03:30:24.798  4343  4372 D IccSmsInterfaceManager: [IccSmsInterfaceManager] Failed to add cdma broadcast subscription for MID range 4100 to 4100 from client com.android.cellbroadcastreceiver
12-20 03:30:24.806  4343  4358 D IccSmsInterfaceManager: [IccSmsInterfaceManager] enableGsmBroadcastRange
12-20 03:30:24.807  4343  4358 D IccSmsInterfaceManager: [IccSmsInterfaceManager] Added GSM cell broadcast subscription for MID range 4393 to 4395 from client com.android.cellbroadcastreceiver
12-20 03:30:24.807  4343  4358 D IccSmsInterfaceManager: [IccSmsInterfaceManager] Calling setCellBroadcastActivation(true)
12-20 03:30:24.810  4941  5670 D CellBroadcastConfigService: enabled emergency cell broadcast channels
12-20 03:30:24.812  4343  4648 D IccSmsInterfaceManager: [IccSmsInterfaceManager] enableGsmBroadcastRange
12-20 03:30:24.813  4343  4648 D IccSmsInterfaceManager: [IccSmsInterfaceManager] Added GSM cell broadcast subscription for MID range 4370 to 4370 from client com.android.cellbroadcastreceiver
12-20 03:30:24.813  4343  4648 D IccSmsInterfaceManager: [IccSmsInterfaceManager] Calling setCellBroadcastActivation(true)
12-20 03:30:24.822  4343  4372 D IccSmsInterfaceManager: [IccSmsInterfaceManager] enableCdmaBroadcastRange
12-20 03:30:24.823  4666  4847 W ContentTaskController: Invalid task was provided to stopTracking.
12-20 03:30:24.823  4666  4847 W ContentTaskController: Invalid newTask was provided to startTracking.
12-20 03:30:24.824  4343  4372 D IccSmsInterfaceManager: [IccSmsInterfaceManager] Calling setCdmaBroadcastConfig with 1 configurations
12-20 03:30:24.827  4343  4372 D IccSmsInterfaceManager: [IccSmsInterfaceManager] Failed to add cdma broadcast subscription for MID range 4096 to 4096 from client com.android.cellbroadcastreceiver
12-20 03:30:24.832  4343  4358 D IccSmsInterfaceManager: [IccSmsInterfaceManager] enableGsmBroadcastRange
12-20 03:30:24.833  4343  4358 D IccSmsInterfaceManager: [IccSmsInterfaceManager] Added GSM cell broadcast subscription for MID range 4383 to 4383 from client com.android.cellbroadcastreceiver
12-20 03:30:24.833  4343  4358 D IccSmsInterfaceManager: [IccSmsInterfaceManager] Calling setCellBroadcastActivation(true)
12-20 03:30:24.836  4941  5670 D CellBroadcastConfigService: disabling cell broadcast channel 50
12-20 03:30:24.842  4343  4648 D IccSmsInterfaceManager: [IccSmsInterfaceManager] disableGsmBroadcastRange
12-20 03:30:24.843  4343  4648 D IccSmsInterfaceManager: [IccSmsInterfaceManager] Failed to remove GSM cell broadcast subscription for MID range 50 to 50 from client com.android.cellbroadcastreceiver
12-20 03:30:24.843  4941  5670 D CellBroadcastConfigService: disabling cell broadcast channel 60
12-20 03:30:24.846  4796  5526 I Icing   : Internal init done: storage state 0
12-20 03:30:24.847  4343  4372 D IccSmsInterfaceManager: [IccSmsInterfaceManager] disableGsmBroadcastRange
12-20 03:30:24.848  4343  4372 D IccSmsInterfaceManager: [IccSmsInterfaceManager] Failed to remove GSM cell broadcast subscription for MID range 60 to 60 from client com.android.cellbroadcastreceiver
12-20 03:30:24.848  4941  5670 D CellBroadcastConfigService: disabled cell broadcast channel 60
12-20 03:30:24.856  4941  5670 D CellBroadcastConfigService: disabling channels 919-928
12-20 03:30:24.861  4343  4372 D IccSmsInterfaceManager: [IccSmsInterfaceManager] disableGsmBroadcastRange
12-20 03:30:24.861  4343  4372 D IccSmsInterfaceManager: [IccSmsInterfaceManager] Failed to remove GSM cell broadcast subscription for MID range 919 to 928 from client com.android.cellbroadcastreceiver
12-20 03:30:24.866  4941  5670 D CellBroadcastConfigService: disabling cell broadcast ETWS test messages
12-20 03:30:24.874  4343  4617 D IccSmsInterfaceManager: [IccSmsInterfaceManager] disableGsmBroadcastRange
12-20 03:30:24.875  4343  4617 D IccSmsInterfaceManager: [IccSmsInterfaceManager] Failed to remove GSM cell broadcast subscription for MID range 4355 to 4355 from client com.android.cellbroadcastreceiver
12-20 03:30:24.909  4796  5578 I Icing   : MaintenanceDriver: Registering all GCM Tasks.
12-20 03:30:25.039  4796  5679 I SystemUpdateTask: cancelUpdate (empty URL)
12-20 03:30:25.039  4796  5679 I CmaSystemUpdateService: active receiver: disabled
12-20 03:30:25.080  4666  4848 W ContentTaskController: Invalid newTask was provided to startTracking.
12-20 03:30:25.106  4666  4848 W ContentTaskController: Invalid newTask was provided to startTracking.
12-20 03:30:25.124  4796  5526 I Icing   : Post-init done
12-20 03:30:25.128  4796  5526 I Icing   : Indexing 642B4F249792F7A9EADB0086801C26BB78B9D47D from com.google.android.gms
12-20 03:30:25.137  4666  4848 W ContentTaskController: Invalid newTask was provided to startTracking.
12-20 03:30:25.163  4666  4848 W ContentTaskController: Invalid newTask was provided to startTracking.
12-20 03:30:25.167  4796  5526 I Icing   : Indexing done 642B4F249792F7A9EADB0086801C26BB78B9D47D
12-20 03:30:25.170  4796  5526 I Icing   : Indexing CD6A017503B34B6E33A96DB4D039E3E4AC84410E from com.google.android.gms
12-20 03:30:25.175  4666  4848 W ContentTaskController: Invalid newTask was provided to startTracking.
12-20 03:30:25.183  4666  4848 W ContentTaskController: Invalid newTask was provided to startTracking.
12-20 03:30:25.223  4666  4848 W ContentTaskController: Invalid newTask was provided to startTracking.
12-20 03:30:25.225  4796  5578 I Icing   : Query from com.google.android.gms package restrict com.google.android.gms start 0 num 100
12-20 03:30:25.241  4796  5578 E Icing   : No scoring data for corpus [1]
12-20 03:30:25.256  4666  4848 W ContentTaskController: Invalid newTask was provided to startTracking.
12-20 03:30:25.259  4796  5578 E Icing   : dlopen failed: library "/data/data/com.google.android.gms/files/libAppDataSearchExt_arm64_v8a.so" not found
12-20 03:30:25.259  4796  5578 E Icing   : Loading extension /data/data/com.google.android.gms/files/libAppDataSearchExt_arm64_v8a.so failed
12-20 03:30:25.298  4666  4848 W ContentTaskController: Invalid newTask was provided to startTracking.
12-20 03:30:25.328  4666  4848 W ContentTaskController: Invalid newTask was provided to startTracking.
12-20 03:30:25.357  4666  4840 W GCM     : Mismatched messenger
12-20 03:30:25.360  4666  4840 E GCM     : Missing checkin config file
12-20 03:30:25.361  4666  4840 W GCM     : GCM FAILED TO INITIALIZE - missing checkin
12-20 03:30:25.362  4796  5134 E MS_RegisterService: Exception getting GCM token
12-20 03:30:25.362  4796  5134 E MS_RegisterService: java.io.IOException: AUTHENTICATION_FAILED
12-20 03:30:25.362  4796  5134 E MS_RegisterService: 	at smh.b(:com.google.android.gms:816)
12-20 03:30:25.362  4796  5134 E MS_RegisterService: 	at smh.a(:com.google.android.gms:787)
12-20 03:30:25.362  4796  5134 E MS_RegisterService: 	at sme.c(:com.google.android.gms:524)
12-20 03:30:25.362  4796  5134 E MS_RegisterService: 	at sme.b(:com.google.android.gms:487)
12-20 03:30:25.362  4796  5134 E MS_RegisterService: 	at ahpw.a(:com.google.android.gms:1439)
12-20 03:30:25.362  4796  5134 E MS_RegisterService: 	at com.google.android.libraries.matchstick.net.SilentRegisterIntentOperation.a(:com.google.android.gms:1011)
12-20 03:30:25.362  4796  5134 E MS_RegisterService: 	at com.google.android.libraries.matchstick.net.SilentRegisterIntentOperation.onHandleIntent(:com.google.android.gms:472)
12-20 03:30:25.362  4796  5134 E MS_RegisterService: 	at com.google.android.chimera.IntentOperation.onHandleIntent(:com.google.android.gms:118)
12-20 03:30:25.362  4796  5134 E MS_RegisterService: 	at com.google.android.chimera.container.IntentOperationService$HandleActionTask$IntentHandler$IntentOperationRunner.run(:com.google.android.gms:1353)
12-20 03:30:25.362  4796  5134 E MS_RegisterService: 	at btv.run(:com.google.android.gms:1090)
12-20 03:30:25.362  4796  5134 E MS_RegisterService: 	at java.util.concurrent.ThreadPoolExecutor.runWorker(ThreadPoolExecutor.java:1113)
12-20 03:30:25.362  4796  5134 E MS_RegisterService: 	at java.util.concurrent.ThreadPoolExecutor$Worker.run(ThreadPoolExecutor.java:588)
12-20 03:30:25.362  4796  5134 E MS_RegisterService: 	at java.lang.Thread.run(Thread.java:818)
12-20 03:30:25.362  4796  5134 W MS_RegisterService: Failed to get GCM token
12-20 03:30:25.365  4666  4848 W ContentTaskController: Invalid newTask was provided to startTracking.
12-20 03:30:25.408  4666  4848 W ContentTaskController: Invalid newTask was provided to startTracking.
12-20 03:30:25.412  4796  4939 W art     : Long monitor contention event with owner method=void java.lang.Object.wait!(long, int) from Object.java:4294967294 waiters=0 for 1.306s
12-20 03:30:25.449  4796  5134 I MS_RegisterService: RegisterService intent:Intent { act=com.google.android.gms.matchstick.register_intent_action cat=[targeted_intent_op_prefix:com.google.android.libraries.matchstick.net.SilentRegisterIntentOperation] cmp=com.google.android.gms/.chimera.GmsIntentOperationService } isPeriodic:false
12-20 03:30:25.469  4796  5129 I OcrModelUpStIntentOp: Updating ocr activity enabled=false (gservicesFlag=false, lowRamDevice=false, prereqCheck=true)
12-20 03:30:25.475  4796  5128 I PeopleDatabaseHelper: cleanUpNonGplusAccounts done.
12-20 03:30:25.480  4796  5128 I PeopleSearchIndexManage: ICU version changed from unknown to 55.1
12-20 03:30:25.481  4796  5134 I MS_PhoneUtils: Phone type: 1
12-20 03:30:25.483  4796  5128 I PeopleSearchIndexManage: Rebuilding index...
12-20 03:30:25.497  4796  5128 I PeopleASM: Rebuilding autocomplete index...
12-20 03:30:25.501  4796  5128 I PeopleSearchIndexManage: Rebuilding index done.
12-20 03:30:25.520  4666  4848 W ContentTaskController: Invalid newTask was provided to startTracking.
12-20 03:30:25.570  4796  5134 I MS_RegisterService: Doing full registration.
12-20 03:30:25.604  5389  5609 I PhenotypeFlagCommitter: Experiment Configs successfully retrieved for com.google.android.gms.people.ui
12-20 03:30:25.608  4600  5685 D DownloadManager: [1] Starting
12-20 03:30:25.623  4796  5146 I PhenotypeFlagCommitter: Experiment Configs successfully retrieved for com.google.android.gms.people
12-20 03:30:25.628  4600  5685 W ActivityThread: ClassLoader.loadClass: The class loader returned by Thread.getContextClassLoader() may fail for processes that host multiple applications. You should explicitly specify a context class loader. For example: Thread.setContextClassLoader(getClass().getClassLoader());
12-20 03:30:25.629  4600  5685 W System  : ClassLoader referenced unknown path: /system/framework/tcmclient.jar
12-20 03:30:25.647  5638  5638 W System  : ClassLoader referenced unknown path: /system/priv-app/PrebuiltGmsCore/lib/arm64
12-20 03:30:25.655  4666  5655 E GCM     : Missing checkin config file
12-20 03:30:25.656  4666  5655 W GCM     : GCM FAILED TO INITIALIZE - missing checkin
12-20 03:30:25.658  4666  5655 E GCM     : Missing checkin config file
12-20 03:30:25.659  4666  5655 W GCM     : GCM FAILED TO INITIALIZE - missing checkin
12-20 03:30:25.691  3361  4397 D ConnectivityService: reportNetworkConnectivity(100, false) by 10071
12-20 03:30:25.691  3361  5478 D NetworkMonitor/NetworkAgentInfo [MOBILE (HSPA+) - 100]: Forcing reevaluation for UID 10071
12-20 03:30:25.691  3361  5478 D NetworkMonitor/NetworkAgentInfo [MOBILE (HSPA+) - 100]: Checking http://connectivitycheck.gstatic.com/generate_204 on gprs.personal.com, connectivitycheck.gstatic.com=172.217.29.14,2800:3f0:4002:801::200e
12-20 03:30:25.779  3361  5478 D NetworkMonitor/NetworkAgentInfo [MOBILE (HSPA+) - 100]: isCaptivePortal: ret=204 headers={null=[HTTP/1.1 204 No Content], Content-Length=[0], Date=[Tue, 20 Dec 2016 06:30:25 GMT], X-Android-Received-Millis=[1482215425779], X-Android-Response-Source=[NETWORK 204], X-Android-Selected-Protocol=[http/1.1], X-Android-Sent-Millis=[1482215425693]}
12-20 03:30:25.780  3361  3772 D ConnectivityService: setProvNotificationVisibleIntent null visible=false networkType=MOBILE extraInfo=null highPriority=false
12-20 03:30:25.780  3361  3772 D ConnectivityService: NetworkAgentInfo [MOBILE (HSPA+) - 100] validation  passed
12-20 03:30:25.781  5638  5638 W linker  : /system/priv-app/PrebuiltGmsCore/PrebuiltGmsCore.apk: unused DT entry: type 0x7ffffffd arg 0x885
12-20 03:30:25.797  5638  5638 W linker  : /system/priv-app/PrebuiltGmsCore/PrebuiltGmsCore.apk: unused DT entry: type 0x1d arg 0x80
12-20 03:30:25.797  5638  5638 W linker  : /system/priv-app/PrebuiltGmsCore/PrebuiltGmsCore.apk: unused DT entry: type 0x7ffffffd arg 0x169
12-20 03:30:25.804  5638  5638 V JNIHelp : Registering com/google/android/gms/org/conscrypt/NativeCrypto's 235 native methods...
12-20 03:30:25.814  5638  5638 I art     : Rejecting re-init on previously-failed class java.lang.Class<com.google.android.gms.org.conscrypt.OpenSSLExtendedSessionImpl>
12-20 03:30:25.814  5638  5638 I art     : Rejecting re-init on previously-failed class java.lang.Class<com.google.android.gms.org.conscrypt.OpenSSLExtendedSessionImpl>
12-20 03:30:25.827  5638  5638 I art     : Rejecting re-init on previously-failed class java.lang.Class<com.google.android.gms.org.conscrypt.OpenSSLExtendedSessionImpl>
12-20 03:30:25.832  5638  5638 I ProviderInstaller: Installed default security provider GmsCore_OpenSSL
12-20 03:30:25.976  4666  4840 E GCM     : Missing checkin config file
12-20 03:30:25.978  4666  4840 W GCM     : GCM FAILED TO INITIALIZE - missing checkin
12-20 03:30:25.980  4796  5134 E MS_RegisterService: Exception getting GCM token
12-20 03:30:25.980  4796  5134 E MS_RegisterService: java.io.IOException: AUTHENTICATION_FAILED
12-20 03:30:25.980  4796  5134 E MS_RegisterService: 	at smh.b(:com.google.android.gms:816)
12-20 03:30:25.980  4796  5134 E MS_RegisterService: 	at smh.a(:com.google.android.gms:784)
12-20 03:30:25.980  4796  5134 E MS_RegisterService: 	at sme.c(:com.google.android.gms:524)
12-20 03:30:25.980  4796  5134 E MS_RegisterService: 	at sme.b(:com.google.android.gms:487)
12-20 03:30:25.980  4796  5134 E MS_RegisterService: 	at ahpw.a(:com.google.android.gms:1439)
12-20 03:30:25.980  4796  5134 E MS_RegisterService: 	at com.google.android.libraries.matchstick.net.SilentRegisterIntentOperation.a(:com.google.android.gms:1011)
12-20 03:30:25.980  4796  5134 E MS_RegisterService: 	at com.google.android.libraries.matchstick.net.SilentRegisterIntentOperation.onHandleIntent(:com.google.android.gms:472)
12-20 03:30:25.980  4796  5134 E MS_RegisterService: 	at com.google.android.chimera.IntentOperation.onHandleIntent(:com.google.android.gms:118)
12-20 03:30:25.980  4796  5134 E MS_RegisterService: 	at com.google.android.chimera.container.IntentOperationService$HandleActionTask$IntentHandler$IntentOperationRunner.run(:com.google.android.gms:1353)
12-20 03:30:25.980  4796  5134 E MS_RegisterService: 	at btv.run(:com.google.android.gms:1090)
12-20 03:30:25.980  4796  5134 E MS_RegisterService: 	at java.util.concurrent.ThreadPoolExecutor.runWorker(ThreadPoolExecutor.java:1113)
12-20 03:30:25.980  4796  5134 E MS_RegisterService: 	at java.util.concurrent.ThreadPoolExecutor$Worker.run(ThreadPoolExecutor.java:588)
12-20 03:30:25.980  4796  5134 E MS_RegisterService: 	at java.lang.Thread.run(Thread.java:818)
12-20 03:30:25.980  4796  5134 W MS_RegisterService: Failed to get GCM token
12-20 03:30:26.147  5638  5652 W System  : ClassLoader referenced unknown path: /system/framework/tcmclient.jar
12-20 03:30:26.181  5217  5434 I GlobalDismissManager: no sender configured
12-20 03:30:26.181  5217  5434 D AlertService: Beginning updateAlertNotification
12-20 03:30:26.196  5217  5434 D AlertService: No fired or scheduled alerts
12-20 03:30:26.224  5217  5434 D AlertService: Scheduling next alarm with AlarmScheduler. sEventReminderReceived: null
12-20 03:30:26.232  5217  5434 D AlarmScheduler: No events found starting within 1 week.
12-20 03:30:26.293  4796  4804 W SQLiteConnectionPool: A SQLiteConnection object for database '/data/user/0/com.google.android.gms/databases/networkstatistics.sqlite' was leaked!  Please fix your application to end transactions in progress properly and to close the database when it is no longer needed.
12-20 03:30:26.548  3361  4203 I ActivityManager: START u0 {act=android.intent.action.MAIN cat=[android.intent.category.LAUNCHER] flg=0x10200000 cmp=com.google.android.googlequicksearchbox/.SearchActivity (has extras)} from uid 10029 on display 0
12-20 03:30:26.549  3060  3572 V audio_hw_primary: out_set_parameters: key value pairs: routing=2
12-20 03:30:26.559  3060  3572 V audio_hw_primary: start_output_stream: starting stream
12-20 03:30:26.564  3361  3394 W BroadcastQueue: Permission Denial: broadcasting Intent { act=com.android.launcher3.action.LAUNCH flg=0x10 (has extras) } from com.cyanogenmod.trebuchet (pid=4851, uid=10029) requires com.google.android.launcher.permission.RECEIVE_LAUNCH_BROADCASTS due to receiver com.google.android.googlequicksearchbox/com.google.android.apps.gsa.search.core.icingsync.ApplicationLaunchReceiver
12-20 03:30:26.564  3361  3394 W BroadcastQueue: Permission Denial: receiving Intent { act=com.android.launcher3.action.LAUNCH flg=0x10 (has extras) } to com.google.android.gms/.chimera.GmsIntentOperationService$GmsExternalReceiver requires com.android.launcher3.permission.RECEIVE_LAUNCH_BROADCASTS due to sender com.cyanogenmod.trebuchet (uid 10029)
12-20 03:30:26.564  3361  3394 W BroadcastQueue: Permission Denial: broadcasting Intent { act=com.android.launcher3.action.LAUNCH flg=0x10 (has extras) } from com.cyanogenmod.trebuchet (pid=4851, uid=10029) requires com.google.android.launcher.permission.RECEIVE_LAUNCH_BROADCASTS due to receiver com.google.android.gms/.icing.proxy.ApplicationLauncherReceiver
12-20 03:30:26.578  3361  5491 I ActivityManager: START u0 {act=android.intent.action.MAIN cat=[android.intent.category.LAUNCHER] flg=0x10200000 cmp=com.google.android.googlequicksearchbox/com.google.android.apps.gsa.searchnow.SearchNowActivity bnds=[534,822][742,1030] (has extras)} from uid 10077 on display 0
12-20 03:30:26.598  3060  3572 V audio_hw_primary: start_output_stream: stream out device: 2, actual: 2
12-20 03:30:26.724  4426  4639 W GooglePlayServicesUtil: Google Play Store is missing.
12-20 03:30:26.736  4426  5712 D OpenGLRenderer: Use EGL_SWAP_BEHAVIOR_PRESERVED: true
12-20 03:30:26.813  4426  5712 I OpenGLRenderer: Initialized EGL, version 1.4
12-20 03:30:26.826  4426  5712 D mali_winsys: EGLint new_window_surface(egl_winsys_display*, void*, EGLSurface, EGLConfig, egl_winsys_surface**, egl_color_buffer_format*, EGLBoolean) returns 0x3000,  [1440x2560]-format:1
12-20 03:30:26.930  4426  5725 W         : g2d stretchFimgApi_v5 function does not exist
12-20 03:30:26.944  3361  3411 I ActivityManager: Displayed com.google.android.googlequicksearchbox/com.google.android.apps.gsa.searchnow.SearchNowActivity: +354ms (total +377ms)
12-20 03:30:26.961  4796  5526 I Icing   : Indexing B1805F81AAEE4E1698A55668B4C15656474E6FD3 from com.google.android.gms
12-20 03:30:26.964  4796  5526 I Icing   : Indexing done B1805F81AAEE4E1698A55668B4C15656474E6FD3
12-20 03:30:26.965  4796  5526 I Icing   : Indexing 425FA356BFBD7D6C4B600A9355A9BB3ADAE7287D from com.google.android.gms
12-20 03:30:26.967  4796  5526 I Icing   : Indexing done 425FA356BFBD7D6C4B600A9355A9BB3ADAE7287D
12-20 03:30:26.968  4796  5526 I Icing   : Indexing 86257AB602B65DE164EAD92176B46417D3CA5AF4 from com.google.android.gms
12-20 03:30:26.971  4796  5526 I Icing   : Indexing done 86257AB602B65DE164EAD92176B46417D3CA5AF4
12-20 03:30:26.972  4796  5526 I Icing   : Indexing 948628E25964FB0C945397A0C587ADB944685712 from com.google.android.gms
12-20 03:30:26.974  4796  5526 I Icing   : Indexing done 948628E25964FB0C945397A0C587ADB944685712
12-20 03:30:26.975  4796  5526 I Icing   : Indexing 6ADDFACA7651DF0045BB10BED6314F97959AA5B3 from com.google.android.gms
12-20 03:30:26.989  4796  5526 E IcingInternalCorpora: Error from reading chunks in suggest model zip file java.io.FileNotFoundException: : open failed: ENOENT (No such file or directory)
12-20 03:30:26.989  4796  5526 I Icing   : Indexing done 6ADDFACA7651DF0045BB10BED6314F97959AA5B3
12-20 03:30:26.994  4796  5526 I Icing   : updateResources: need to parse rtx{com.google.android.gms}
12-20 03:30:27.019  4426  4712 W GooglePlayServicesUtil: Google Play Store is missing.
12-20 03:30:27.024  4426  4426 I AttachedClient: Adding client event 100 to pending list.
12-20 03:30:27.025  4426  4426 I AttachedClient: Adding client event 114 to pending list.
12-20 03:30:27.025  4426  4426 I AttachedClient: Adding client event 54 to pending list.
12-20 03:30:27.025  4426  4426 I AttachedClient: Adding client event 100 to pending list.
12-20 03:30:27.025  4426  4426 I AttachedClient: Adding client event 114 to pending list.
12-20 03:30:27.025  4426  4426 I AttachedClient: Adding client event 2 to pending list.
12-20 03:30:27.041  4426  4426 I MicroDetectionWorker: Micro detection mode: [mDetectionMode: [1]].
12-20 03:30:27.070  4426  5735 I GsaNativeCrashHandler: Loaded shared library: nativecrashreporter
12-20 03:30:27.091  4426  5735 I MicroDataManager: Created a new hotword model for:
12-20 03:30:27.091  4426  5735 I MicroDataManager: # com.google.android.apps.gsa.speech.microdetection.g@36410d17
12-20 03:30:27.103  4426  4557 I MicroRecognitionRunner: Starting detection.
12-20 03:30:27.105  4426  4636 I MicrophoneInputStream: mic_starting com.google.android.apps.gsa.speech.audio.af@5d30cfb
12-20 03:30:27.107  3060  3060 D PermissionCache: checking android.permission.CAPTURE_AUDIO_HOTWORD for uid=10077 => granted (405 us)
12-20 03:30:27.107  3060  3060 V audio_hw_primary: adev_open_input_stream: Created resampler converting 48000 -> 16000
12-20 03:30:27.107  3060  3060 V audio_hw_primary: adev_open_input_stream: Requesting input stream with rate: 16000, channels: 0xc
12-20 03:30:27.108  3060  5740 I AudioFlinger: AudioFlinger's thread 0xf0a00000 ready to run
12-20 03:30:27.133  3361  3380 I ActivityManager: START u0 {cmp=com.google.android.googlequicksearchbox/com.google.android.apps.gsa.sidekick.main.optin.animation.NewOptInActivityWithAnimation (has extras)} from uid 10077 on display 0
12-20 03:30:27.142  3060  5740 V audio_hw_primary: select_devices() devices 0x2 input src 6 output route media-speaker input route recording-mic
12-20 03:30:27.144  3060  5740 V audio_hw_primary: adev_set_call_audio_path: ril_set_call_audio_path(2)
12-20 03:30:27.216  4796  5526 I Icing   : updateResources: need to parse rtx{com.google.android.googlequicksearchbox}
12-20 03:30:27.233  4426  4636 I MicrophoneInputStream: mic_started com.google.android.apps.gsa.speech.audio.af@5d30cfb
12-20 03:30:27.312  4426  4426 I MicroDetectionWorker: onReady
12-20 03:30:27.318  4426  4426 I MicroDetector: Keeping mic open: false
12-20 03:30:27.318  4426  4630 I DeviceStateChecker: DeviceStateChecker cancelled
12-20 03:30:27.319  4426  4635 I AudioController: internalShutdown
12-20 03:30:27.319  4426  5735 I MicroRecognitionRunner: Stopping hotword detection.
12-20 03:30:27.319  4426  4635 I MicrophoneInputStream: mic_close com.google.android.apps.gsa.speech.audio.af@5d30cfb
12-20 03:30:27.342  4426  4557 I MicroRecognitionRunner: Detection finished
12-20 03:30:27.348  3060  5740 V audio_hw_primary: select_devices() devices 0x2 input src 0 output route media-speaker input route none
12-20 03:30:27.352  3060  5740 V audio_hw_primary: adev_set_call_audio_path: ril_set_call_audio_path(2)
12-20 03:30:27.406  4426  4426 W GooglePlayServicesUtil: Google Play Store is missing.
12-20 03:30:27.433  4426  5712 D mali_winsys: EGLint new_window_surface(egl_winsys_display*, void*, EGLSurface, EGLConfig, egl_winsys_surface**, egl_color_buffer_format*, EGLBoolean) returns 0x3000,  [1440x2560]-format:1
12-20 03:30:27.504  3361  3411 I ActivityManager: Displayed com.google.android.googlequicksearchbox/com.google.android.apps.gsa.sidekick.main.optin.animation.NewOptInActivityWithAnimation: +243ms
12-20 03:30:27.553  4426  4635 W Search.SearchUrlHelper: Auth token not ready, no auth header set.
12-20 03:30:27.573  4426  4635 W Search.SearchUrlHelper: Auth token not ready, no auth header set.
12-20 03:30:27.813  4796  5526 I Icing   : Usage reports 0 indexed 0 rejected 0 imm upload false
12-20 03:30:27.822  4796  5526 I Icing   : Usage reports 0 indexed 0 rejected 0 imm upload false
12-20 03:30:27.833  4796  5526 I Icing   : Usage reports 0 indexed 0 rejected 0 imm upload false
12-20 03:30:27.853  4796  5526 I Icing   : Usage reports 0 indexed 0 rejected 0 imm upload false
12-20 03:30:27.865  4796  5526 I Icing   : Usage reports 0 indexed 0 rejected 0 imm upload false
12-20 03:30:27.946  4426  4426 W SearchService: Abort, client detached.
12-20 03:30:27.951  4426  4426 E NowDoodleController: Failed to receive DoodleData
12-20 03:30:27.951  4426  4426 E NowDoodleController: java.util.concurrent.CancellationException: Task was cancelled.
12-20 03:30:27.951  4426  4426 E NowDoodleController: 	at com.google.common.util.concurrent.d.cE(SourceFile:2112)
12-20 03:30:27.951  4426  4426 E NowDoodleController: 	at com.google.common.util.concurrent.d.get(SourceFile:459)
12-20 03:30:27.951  4426  4426 E NowDoodleController: 	at com.google.common.util.concurrent.l.get(SourceFile:76)
12-20 03:30:27.951  4426  4426 E NowDoodleController: 	at com.google.common.util.concurrent.bv.o(SourceFile:142)
12-20 03:30:27.951  4426  4426 E NowDoodleController: 	at com.google.common.util.concurrent.ar.m(SourceFile:1174)
12-20 03:30:27.951  4426  4426 E NowDoodleController: 	at com.google.common.util.concurrent.ar$2.run(SourceFile:1124)
12-20 03:30:27.951  4426  4426 E NowDoodleController: 	at com.google.android.apps.gsa.shared.util.concurrent.a.an$1.run(SourceFile:276)
12-20 03:30:27.951  4426  4426 E NowDoodleController: 	at android.os.Handler.handleCallback(Handler.java:739)
12-20 03:30:27.951  4426  4426 E NowDoodleController: 	at android.os.Handler.dispatchMessage(Handler.java:95)
12-20 03:30:27.951  4426  4426 E NowDoodleController: 	at android.os.Looper.loop(Looper.java:148)
12-20 03:30:27.951  4426  4426 E NowDoodleController: 	at android.app.ActivityThread.main(ActivityThread.java:5461)
12-20 03:30:27.951  4426  4426 E NowDoodleController: 	at java.lang.reflect.Method.invoke(Native Method)
12-20 03:30:27.951  4426  4426 E NowDoodleController: 	at com.android.internal.os.ZygoteInit$MethodAndArgsCaller.run(ZygoteInit.java:726)
12-20 03:30:27.951  4426  4426 E NowDoodleController: 	at com.android.internal.os.ZygoteInit.main(ZygoteInit.java:616)
12-20 03:30:27.965  4796  5526 I Icing   : Not indexing corpus from package com.google.android.googlequicksearchbox as it has never connected
12-20 03:30:27.966  4796  5526 E Icing   : Aborting indexing of corpus suggest_query
12-20 03:30:27.972  4796  5526 I Icing   : Not indexing corpus from package com.google.android.googlequicksearchbox as it has never connected
12-20 03:30:27.972  4796  5526 E Icing   : Aborting indexing of corpus applications_uri
12-20 03:30:27.981  4796  5526 I Icing   : Not indexing corpus from package com.google.android.googlequicksearchbox as it has never connected
12-20 03:30:27.981  4796  5526 E Icing   : Aborting indexing of corpus contacts_contact_id
12-20 03:30:27.984  4796  5526 I Icing   : Not indexing corpus from package com.google.android.googlequicksearchbox as it has never connected
12-20 03:30:27.984  4796  5526 E Icing   : Aborting indexing of corpus emails_data_id
12-20 03:30:27.987  4796  5526 I Icing   : Not indexing corpus from package com.google.android.googlequicksearchbox as it has never connected
12-20 03:30:27.987  4796  5526 E Icing   : Aborting indexing of corpus phones_data_id
12-20 03:30:27.990  4796  5526 I Icing   : Not indexing corpus from package com.google.android.googlequicksearchbox as it has never connected
12-20 03:30:27.990  4796  5526 E Icing   : Aborting indexing of corpus postals_data_id
12-20 03:30:28.001  4796  5526 I Icing   : Usage reports 0 indexed 0 rejected 0 imm upload false
12-20 03:30:28.011  4796  5526 I Icing   : Usage reports 0 indexed 0 rejected 0 imm upload false
12-20 03:30:28.024  4796  5526 I Icing   : Indexing done CD6A017503B34B6E33A96DB4D039E3E4AC84410E
12-20 03:30:28.048  4796  5590 I Icing   : Usage reports 0 indexed 0 rejected 0 imm upload false
12-20 03:30:28.054  4426  4556 E SQLiteLog: (1) no such table: blob_table
12-20 03:30:28.057  4796  5590 I Icing   : Usage reports 0 indexed 0 rejected 0 imm upload false
12-20 03:30:28.082  4796  5591 I Icing   : Usage reports 0 indexed 0 rejected 0 imm upload false
12-20 03:30:28.090  4796  5591 I Icing   : Usage reports 0 indexed 0 rejected 0 imm upload false
12-20 03:30:28.115  4796  5591 I Icing   : Usage reports 0 indexed 0 rejected 0 imm upload false
12-20 03:30:28.124  4796  5591 I Icing   : Usage reports 0 indexed 0 rejected 0 imm upload false
12-20 03:30:28.147  4796  5591 I Icing   : Usage reports 0 indexed 0 rejected 0 imm upload false
12-20 03:30:28.155  4796  5591 I Icing   : Usage reports 0 indexed 0 rejected 0 imm upload false
12-20 03:30:28.390  5638  5652 I DynamiteModule: Considering local module com.google.android.gms.googlecertificates:2 and remote module com.google.android.gms.googlecertificates:2
12-20 03:30:28.390  5638  5652 I DynamiteModule: Selected remote version of com.google.android.gms.googlecertificates, version >= 2
12-20 03:30:28.404  5638  5652 W System  : ClassLoader referenced unknown path: /data/user/0/com.google.android.gms/app_chimera/m/00000001/n/armeabi
12-20 03:30:28.519  5748  5748 I dex2oat : Adjusted thread count (for runtime dex2oat): 4, 4
