12-19 05:47:31.130  3415  3415 I SystemServiceManager: Starting com.android.server.wifi.RttService
12-19 05:47:31.130  3415  3415 I RttService: Creating rttmanager
12-19 05:47:31.130  3415  3415 I RttService: Starting rttmanager
12-19 05:47:31.131  3415  3415 I SystemServiceManager: Starting com.android.server.ethernet.EthernetService
12-19 05:47:31.131  3415  3415 I EthernetServiceImpl: Creating EthernetConfigStore
12-19 05:47:31.132  3415  3415 E IpConfigStore: Error parsing configuration: java.io.FileNotFoundException: /data/misc/ethernet/ipconfig.txt: open failed: ENOENT (No such file or directory)
12-19 05:47:31.132  3415  3415 W EthernetConfigStore: No Ethernet configuration found. Using default.
12-19 05:47:31.132  3415  3415 I EthernetServiceImpl: Read stored IP configuration: IP assignment: DHCP
12-19 05:47:31.132  3415  3415 I EthernetServiceImpl: Proxy settings: NONE
12-19 05:47:31.132  3415  3415 I EthernetService: Registering service ethernet
12-19 05:47:31.133  3415  3415 I SystemServer: Connectivity Service
12-19 05:47:31.134  3415  3415 D ConnectivityService: ConnectivityService starting up
12-19 05:47:31.137  3415  3415 D ConnectivityService: wifiOnly=false
12-19 05:47:31.140  3415  3415 I SystemServer: Network Service Discovery Service
12-19 05:47:31.141  3415  3415 D NsdService: Network service discovery enabled true
12-19 05:47:31.143  3415  3415 I SystemServer: UpdateLock Service
12-19 05:47:31.144  3415  3415 I SystemServiceManager: Starting com.android.server.notification.NotificationManagerService
12-19 05:47:31.149  3123  3123 I rild    : type=1400 audit(0.0:154): avc: denied { read write } for name=".nv_core.bak" dev="sda3" ino=89 scontext=u:r:rild:s0 tcontext=u:object_r:unlabeled:s0 tclass=file permissive=1
12-19 05:47:31.149  3123  3123 I rild    : type=1400 audit(0.0:154): avc: denied { open } for path="/efs/.nv_core.bak" dev="sda3" ino=89 scontext=u:r:rild:s0 tcontext=u:object_r:unlabeled:s0 tclass=file permissive=1
12-19 05:47:31.149  3123  3123 W rild    : type=1300 audit(0.0:154): arch=c00000b7 syscall=56 success=yes exit=28 a0=ffffff9c a1=7f88e82114 a2=242 a3=1c0 items=0 ppid=1 auid=4294967295 uid=1001 gid=1001 euid=1001 suid=1001 fsuid=1001 egid=1001 sgid=1001 fsgid=1001 tty=(none) ses=4294967295 exe="/system/bin/rild" subj=u:r:rild:s0 key=(null)
12-19 05:47:31.149  2932  2932 W auditd  : type=1327 audit(0.0:154): proctitle="/system/bin/rild"
12-19 05:47:31.149  2932  2932 W auditd  : type=1320 audit(0.0:154): 
12-19 05:47:31.149  3123  3123 I rild    : type=1400 audit(0.0:155): avc: denied { getattr } for path="/efs/.nv_core.bak" dev="sda3" ino=89 scontext=u:r:rild:s0 tcontext=u:object_r:unlabeled:s0 tclass=file permissive=1
12-19 05:47:31.149  3123  3123 W rild    : type=1300 audit(0.0:155): arch=c00000b7 syscall=29 success=yes exit=0 a0=1c a1=80086601 a2=7f889bdff4 a3=7f889bdfc0 items=0 ppid=1 auid=4294967295 uid=1001 gid=1001 euid=1001 suid=1001 fsuid=1001 egid=1001 sgid=1001 fsgid=1001 tty=(none) ses=4294967295 exe="/system/bin/rild" subj=u:r:rild:s0 key=(null)
12-19 05:47:31.149  2932  2932 W auditd  : type=1327 audit(0.0:155): proctitle="/system/bin/rild"
12-19 05:47:31.149  2932  2932 W auditd  : type=1320 audit(0.0:155): 
12-19 05:47:31.149  3123  3123 I rild    : type=1400 audit(0.0:156): avc: denied { setattr } for path="/efs/.nv_core.bak" dev="sda3" ino=89 scontext=u:r:rild:s0 tcontext=u:object_r:unlabeled:s0 tclass=file permissive=1
12-19 05:47:31.149  3123  3123 W rild    : type=1300 audit(0.0:156): arch=c00000b7 syscall=29 success=yes exit=0 a0=1c a1=40086602 a2=7f889bdff4 a3=7f889bdfc0 items=0 ppid=1 auid=4294967295 uid=1001 gid=1001 euid=1001 suid=1001 fsuid=1001 egid=1001 sgid=1001 fsgid=1001 tty=(none) ses=4294967295 exe="/system/bin/rild" subj=u:r:rild:s0 key=(null)
12-19 05:47:31.149  2932  2932 W auditd  : type=1327 audit(0.0:156): proctitle="/system/bin/rild"
12-19 05:47:31.149  2932  2932 W auditd  : type=1320 audit(0.0:156): 
12-19 05:47:31.149  3123  3123 I rild    : type=1400 audit(0.0:157): avc: denied { append } for name="nv.log" dev="sda3" ino=61 scontext=u:r:rild:s0 tcontext=u:object_r:unlabeled:s0 tclass=file permissive=1
12-19 05:47:31.149  3123  3123 I rild    : type=1400 audit(0.0:157): avc: denied { open } for path="/efs/nv.log" dev="sda3" ino=61 scontext=u:r:rild:s0 tcontext=u:object_r:unlabeled:s0 tclass=file permissive=1
12-19 05:47:31.149  3123  3123 W rild    : type=1300 audit(0.0:157): arch=c00000b7 syscall=56 success=yes exit=29 a0=ffffff9c a1=7f88e82154 a2=441 a3=1b6 items=0 ppid=1 auid=4294967295 uid=1001 gid=1001 euid=1001 suid=1001 fsuid=1001 egid=1001 sgid=1001 fsgid=1001 tty=(none) ses=4294967295 exe="/system/bin/rild" subj=u:r:rild:s0 key=(null)
12-19 05:47:31.149  2932  2932 W auditd  : type=1327 audit(0.0:157): proctitle="/system/bin/rild"
12-19 05:47:31.149  2932  2932 W auditd  : type=1320 audit(0.0:157): 
12-19 05:47:31.149  3123  3123 I rild    : type=1400 audit(0.0:158): avc: denied { getattr } for path="/efs/nv.log" dev="sda3" ino=61 scontext=u:r:rild:s0 tcontext=u:object_r:unlabeled:s0 tclass=file permissive=1
12-19 05:47:31.149  3123  3123 W rild    : type=1300 audit(0.0:158): arch=c00000b7 syscall=80 success=yes exit=0 a0=1d a1=7f889bd590 a2=7f889bd644 a3=7f889bdef0 items=0 ppid=1 auid=4294967295 uid=1001 gid=1001 euid=1001 suid=1001 fsuid=1001 egid=1001 sgid=1001 fsgid=1001 tty=(none) ses=4294967295 exe="/system/bin/rild" subj=u:r:rild:s0 key=(null)
12-19 05:47:31.149  2932  2932 W auditd  : type=1327 audit(0.0:158): proctitle="/system/bin/rild"
12-19 05:47:31.149  2932  2932 W auditd  : type=1320 audit(0.0:158): 
12-19 05:47:31.158  3415  3415 I ZenModeConfig: Migrating existing shared 'from': stars
12-19 05:47:31.162  3415  3465 D EventHub: No input device configuration file found for device 'sig_motion_sensor'.
12-19 05:47:31.166  3415  3415 I SystemServiceManager: Starting com.android.server.storage.DeviceStorageMonitorService
12-19 05:47:31.167  3415  3415 I SystemServer: Location Manager
12-19 05:47:31.169  3415  3415 I SystemServer: Country Detector
12-19 05:47:31.169  3415  3415 I SystemServer: Search Service
12-19 05:47:31.170  3415  3415 I SystemServer: DropBox Service
12-19 05:47:31.171  3415  3415 I SystemServer: Wallpaper Service
12-19 05:47:31.172  3415  3415 W WallpaperManagerService: no current wallpaper -- first boot?
12-19 05:47:31.173  3415  3415 W WallpaperManagerService: no current wallpaper -- first boot?
12-19 05:47:31.173  3415  3415 I SystemServer: Audio Service
12-19 05:47:31.180  3415  3486 I ServiceManager: Waiting for service media.audio_policy...
12-19 05:47:31.180  3415  3415 W TelecomManager: Telecom Service not found.
12-19 05:47:31.212  3415  3465 D EventHub: No input device configuration file found for device 'gesture_sensor'.
12-19 05:47:31.326  3415  3477 D WifiApConfigStore: 2G band allowed channels are:1,6,11
12-19 05:47:31.332  3415  3465 D EventHub: No input device configuration file found for device 'temp_humidity_sensor'.
12-19 05:47:31.432  3415  3465 D EventHub: No input device configuration file found for device 'proximity_sensor'.
12-19 05:47:31.458  3018  3018 V audio_hw_primary: adev_open: Forcing voice config: wide
12-19 05:47:31.458  3018  3018 I AudioFlinger: loadHwModule() Loaded primary audio interface from Samsung audio HW HAL (audio) handle 1
12-19 05:47:31.458  3018  3018 I AudioFlinger: openOutput(), module 1 Device 2, SamplingRate 48000, Format 0x000001, Channels 3, flags a
12-19 05:47:31.458  3018  3018 I AudioFlinger: AudioStreamOut::open(), mHalFormatIsLinearPcm = 1
12-19 05:47:31.458  3018  3018 I AudioFlinger: HAL output buffer size 1024 frames, normal sink buffer size 1024 frames
12-19 05:47:31.492  3415  3465 D EventHub: No input device configuration file found for device 'light_ir_sensor'.
12-19 05:47:31.522  3415  3465 D EventHub: No input device configuration file found for device 'light_sensor'.
12-19 05:47:31.526  3018  3018 I BufferProvider: found effect "Multichannel Downmix To Stereo" from The Android Open Source Project
12-19 05:47:31.526  3018  3018 I AudioFlinger: Using module 1 has the primary audio interface
12-19 05:47:31.526  3018  3490 I AudioFlinger: AudioFlinger's thread 0xf2f40000 ready to run
12-19 05:47:31.526  3018  3490 V audio_hw_primary: out_set_parameters: key value pairs: routing=2
12-19 05:47:31.526  3018  3490 V audio_hw_primary: do_out_standby: output standby: 1
12-19 05:47:31.526  3018  3490 E AudioFlinger: no wake lock to update!
12-19 05:47:31.527  3018  3018 I AudioFlinger: openOutput(), module 1 Device 2, SamplingRate 48000, Format 0x000001, Channels 3, flags 4
12-19 05:47:31.527  3018  3018 I AudioFlinger: AudioStreamOut::open(), mHalFormatIsLinearPcm = 1
12-19 05:47:31.527  3018  3018 I AudioFlinger: HAL output buffer size 256 frames, normal sink buffer size 960 frames
12-19 05:47:31.527  3018  3018 E MonoPipe: Failed to fetch local time frequency when constructing a MonoPipe (res = -32).  getNextWriteTimestamp calls will be non-functional
12-19 05:47:31.527  3018  3492 I AudioFlinger: AudioFlinger's thread 0xf2dc0000 ready to run
12-19 05:47:31.527  3018  3492 V audio_hw_primary: do_out_standby: output standby: 1
12-19 05:47:31.527  3018  3492 V audio_hw_primary: out_set_parameters: key value pairs: routing=2
12-19 05:47:31.528  3018  3492 E AudioFlinger: no wake lock to update!
12-19 05:47:31.528  3018  3018 V audio_hw_primary: adev_open_input_stream: Requesting input stream with rate: 48000, channels: 0xc
12-19 05:47:31.528  3018  3493 I AudioFlinger: AudioFlinger's thread 0xf2ac0000 ready to run
12-19 05:47:31.544  3018  3018 I bt_a2dp_hw: adev_open:  adev_open in A2dp_hw module
12-19 05:47:31.544  3018  3018 I AudioFlinger: loadHwModule() Loaded a2dp audio interface from A2DP Audio HW HAL (audio) handle 5
12-19 05:47:31.562  3415  3465 D EventHub: No input device configuration file found for device 'grip_sensor'.
12-19 05:47:31.565  3018  3018 I AudioFlinger: loadHwModule() Loaded usb audio interface from USB audio HW HAL (audio) handle 6
12-19 05:47:31.581  3018  3018 I r_submix: adev_open(name=audio_hw_if)
12-19 05:47:31.581  3018  3018 I r_submix: adev_init_check()
12-19 05:47:31.581  3018  3018 I AudioFlinger: loadHwModule() Loaded r_submix audio interface from Wifi Display audio HAL (audio) handle 7
12-19 05:47:31.581  3018  3018 D r_submix: adev_open_input_stream(addr=0)
12-19 05:47:31.581  3018  3018 D r_submix: submix_audio_device_create_pipe_l(addr=0, idx=9)
12-19 05:47:31.581  3018  3018 D r_submix:   now using address 0 for route 9
12-19 05:47:31.581  3018  3495 I AudioFlinger: AudioFlinger's thread 0xf2ac0000 ready to run
12-19 05:47:31.581  3018  3018 D r_submix: adev_close_input_stream()
12-19 05:47:31.581  3018  3018 D r_submix: submix_audio_device_release_pipe_l(idx=9) addr=0
12-19 05:47:31.581  3018  3018 D r_submix: submix_audio_device_destroy_pipe_l(): pipe destroyed
12-19 05:47:31.582  3018  3018 E SoundTriggerHwService: couldn't load sound trigger module sound_trigger.primary (No such file or directory)
12-19 05:47:31.582  3018  3018 I RadioService: RadioService
12-19 05:47:31.582  3018  3018 I RadioService: onFirstRef
12-19 05:47:31.582  3018  3018 E RadioService: couldn't load radio module radio.primary (No such file or directory)
12-19 05:47:31.583  3018  3496 D PermissionCache: checking android.permission.MODIFY_AUDIO_SETTINGS for uid=1000 => granted (320 us)
12-19 05:47:31.583  3018  3018 V audio_hw_primary: adev_set_mic_mute: set mic mute: 0
12-19 05:47:31.602  3415  3465 D EventHub: No input device configuration file found for device 'uv_sensor'.
12-19 05:47:31.682  3415  3465 D EventHub: No input device configuration file found for device 'hrmled_sensor'.
12-19 05:47:31.712  3415  3465 D EventHub: No input device configuration file found for device 'hrm_sensor'.
12-19 05:47:31.752  3415  3465 E EventHub: could not get driver version for /dev/input/mice, Not a typewriter
12-19 05:47:31.838  3415  3465 W EventHub: Unable to disable kernel key repeat for /dev/input/event1: Function not implemented
12-19 05:47:31.838  3415  3465 I EventHub: New device: id=16, fd=119, path='/dev/input/event1', name='sec_touchscreen', classes=0x15, configuration='/system/usr/idc/sec_touchscreen.idc', keyLayout='/system/usr/keylayout/Generic.kl', keyCharacterMap='/system/usr/keychars/Generic.kcm', builtinKeyboard=false, wakeMechanism=EPOLLWAKEUP, usingClockIoctl=true
12-19 05:47:31.838  3415  3465 D EventHub: No input device configuration file found for device 'gpio_keys'.
12-19 05:47:31.840  3415  3465 W EventHub: Unable to disable kernel key repeat for /dev/input/event17: Function not implemented
12-19 05:47:31.840  3415  3465 I EventHub: New device: id=17, fd=120, path='/dev/input/event17', name='gpio_keys', classes=0x1, configuration='', keyLayout='/system/usr/keylayout/Generic.kl', keyCharacterMap='/system/usr/keychars/Generic.kcm', builtinKeyboard=false, wakeMechanism=EPOLLWAKEUP, usingClockIoctl=true
12-19 05:47:31.840  3415  3465 D EventHub: No input device configuration file found for device 'Headset'.
12-19 05:47:31.841  3415  3465 W EventHub: Unable to disable kernel key repeat for /dev/input/event16: Function not implemented
12-19 05:47:31.841  3415  3465 I EventHub: New device: id=18, fd=121, path='/dev/input/event16', name='Headset', classes=0x1, configuration='', keyLayout='/system/usr/keylayout/Generic.kl', keyCharacterMap='/system/usr/keychars/Generic.kcm', builtinKeyboard=false, wakeMechanism=EPOLLWAKEUP, usingClockIoctl=true
12-19 05:47:31.841  3415  3465 D EventHub: No input device configuration file found for device 'sec_touchkey'.
12-19 05:47:31.858  3415  3465 W EventHub: Unable to disable kernel key repeat for /dev/input/event0: Function not implemented
12-19 05:47:31.858  3415  3465 I EventHub: New device: id=19, fd=122, path='/dev/input/event0', name='sec_touchkey', classes=0x1, configuration='', keyLayout='/system/usr/keylayout/sec_touchkey.kl', keyCharacterMap='/system/usr/keychars/Generic.kcm', builtinKeyboard=false, wakeMechanism=EPOLLWAKEUP, usingClockIoctl=true
12-19 05:47:31.858  3415  3465 D EventHub: No input device configuration file found for device 'hall'.
12-19 05:47:31.964  3415  3465 I InputReader: Device added: id=-1, name='Virtual', sources=0x00000301
12-19 05:47:31.964  3415  3465 I InputReader: Device added: id=19, name='sec_touchkey', sources=0x00000101
12-19 05:47:31.964  3415  3465 I InputReader: Device added: id=18, name='Headset', sources=0x00000101
12-19 05:47:31.964  3415  3465 I InputReader: Device added: id=17, name='gpio_keys', sources=0x00000101
12-19 05:47:31.964  3415  3465 W InputReader: Invalid value for touch.size.calibration: 'normalized'
12-19 05:47:31.965  3415  3465 I InputReader:   Touch device 'sec_touchscreen' could not query the properties of its associated display.  The device will be inoperable until the display size becomes available.
12-19 05:47:31.965  3415  3465 I InputReader: Device added: id=16, name='sec_touchscreen', sources=0x00001103
12-19 05:47:31.965  3415  3465 I InputReader: Reconfiguring input devices.  changes=0x00000004
12-19 05:47:31.965  3415  3465 I InputReader: Device reconfigured: id=16, name='sec_touchscreen', size 1440x2560, orientation 0, mode 1, display id 0
12-19 05:47:31.965  3415  3464 I ActivityManager: Config changes=8 {1.0 ?mcc?mnc en_US ldltr sw360dp w360dp h616dp 640dpi nrml long port finger -keyb/h/h -nav/h s.5 themeResource=null}
12-19 05:47:32.193  3415  3415 I SystemServiceManager: Starting com.android.server.DockObserver
12-19 05:47:32.194  3415  3415 I SystemServer: Wired Accessory Manager
12-19 05:47:32.194  3415  3415 W WiredAccessoryManager: This kernel does not have usb audio support
12-19 05:47:32.195  3415  3415 W WiredAccessoryManager: This kernel does not have HDMI audio support
12-19 05:47:32.195  3415  3415 I SystemServiceManager: Starting com.android.server.usb.UsbService$Lifecycle
12-19 05:47:32.202  3415  3415 I SystemServer: Serial Service
12-19 05:47:32.202  3415  3415 I SystemServiceManager: Starting com.android.server.twilight.TwilightService
12-19 05:47:32.203  3415  3415 I SystemServiceManager: Starting com.android.server.job.JobSchedulerService
12-19 05:47:32.208  3415  3415 I SystemServiceManager: Starting com.android.server.backup.BackupManagerService$Lifecycle
12-19 05:47:32.209  3415  3415 I SystemServiceManager: Starting com.android.server.appwidget.AppWidgetService
12-19 05:47:32.210  3415  3415 I SystemServiceManager: Starting com.android.server.voiceinteraction.VoiceInteractionManagerService
12-19 05:47:32.210  3018  3497 D PermissionCache: checking android.permission.CAPTURE_AUDIO_HOTWORD for uid=1000 => granted (87 us)
12-19 05:47:32.211  3415  3415 W SoundTriggerHelper: listModules status=0, # of modules=0
12-19 05:47:32.211  3415  3415 I SystemServer: Gesture Launcher Service
12-19 05:47:32.211  3415  3415 I SystemServiceManager: Starting com.android.server.GestureLauncherService
12-19 05:47:32.212  3415  3415 I SystemServer: DiskStats Service
12-19 05:47:32.212  3415  3415 I SystemServer: SamplingProfiler Service
12-19 05:47:32.240  3415  3415 I SystemServer: NetworkTimeUpdateService
12-19 05:47:32.241  3415  3415 I SystemServer: CommonTimeManagementService
12-19 05:47:32.241  3415  3415 I SystemServer: CertBlacklister
12-19 05:47:32.242  3415  3415 I SystemServiceManager: Starting com.android.server.dreams.DreamManagerService
12-19 05:47:32.242  3415  3415 I SystemServer: Assets Atlas Service
12-19 05:47:32.245  3415  3501 D AssetAtlas: Computing best atlas configuration...
12-19 05:47:32.245  3415  3415 I SystemServiceManager: Starting com.android.server.print.PrintManagerService
12-19 05:47:32.245  3415  3502 D AssetAtlas: Running Atlas Worker #1
12-19 05:47:32.246  3415  3503 D AssetAtlas: Running Atlas Worker #2
12-19 05:47:32.246  3415  3504 D AssetAtlas: Running Atlas Worker #3
12-19 05:47:32.247  3415  3505 D AssetAtlas: Running Atlas Worker #4
12-19 05:47:32.248  3415  3507 D AssetAtlas: Running Atlas Worker #6
12-19 05:47:32.249  3415  3506 D AssetAtlas: Running Atlas Worker #5
12-19 05:47:32.251  3415  3415 I SystemServiceManager: Starting com.android.server.restrictions.RestrictionsManagerService
12-19 05:47:32.251  3415  3509 D AssetAtlas: Running Atlas Worker #8
12-19 05:47:32.252  3415  3415 I SystemServiceManager: Starting com.android.server.media.MediaSessionService
12-19 05:47:32.252  3415  3508 D AssetAtlas: Running Atlas Worker #7
12-19 05:47:32.257  3415  3415 I SystemServer: Media Router Service
12-19 05:47:32.258  3415  3415 I SystemServiceManager: Starting com.android.server.trust.TrustManagerService
12-19 05:47:32.259  3415  3415 I SystemServiceManager: Starting com.android.server.fingerprint.FingerprintService
12-19 05:47:32.262  3040  3040 D PermissionCache: checking android.permission.MANAGE_FINGERPRINT for uid=1000 => granted (653 us)
12-19 05:47:32.262  3040  3040 V fingerprintd: nativeOpenHal()
12-19 05:47:32.262  3040  3040 E fingerprintd: Can't open fingerprint HW Module, error: -2
12-19 05:47:32.263  3415  3415 W FingerprintService: Failed to open Fingerprint HAL!
12-19 05:47:32.263  3415  3415 V FingerprintService: Fingerprint HAL id: 0
12-19 05:47:32.263  3415  3415 I SystemServer: BackgroundDexOptService
12-19 05:47:32.264  3415  3415 I SystemServiceManager: Starting com.android.server.pm.LauncherAppsService
12-19 05:47:32.265  3415  3415 I SystemServiceManager: Starting com.android.server.media.projection.MediaProjectionManagerService
12-19 05:47:32.275  3415  3501 D AssetAtlas: Found best atlas configuration (out of 496) in 0.03s
12-19 05:47:32.279  3499  3499 I rild    : type=1400 audit(0.0:159): avc: denied { read } for name="sda8" dev="tmpfs" ino=2537 scontext=u:r:rild:s0 tcontext=u:object_r:block_device:s0 tclass=blk_file permissive=1
12-19 05:47:32.279  3499  3499 I rild    : type=1400 audit(0.0:159): avc: denied { open } for path="/dev/block/sda8" dev="tmpfs" ino=2537 scontext=u:r:rild:s0 tcontext=u:object_r:block_device:s0 tclass=blk_file permissive=1
12-19 05:47:32.279  3499  3499 W rild    : type=1300 audit(0.0:159): arch=c00000b7 syscall=56 success=yes exit=11 a0=ffffff9c a1=7f86182174 a2=0 a3=0 items=0 ppid=1 auid=4294967295 uid=1001 gid=1001 euid=1001 suid=1001 fsuid=1001 egid=1001 sgid=1001 fsgid=1001 tty=(none) ses=4294967295 exe="/system/bin/rild" subj=u:r:rild:s0 key=(null)
12-19 05:47:32.279  2932  2932 W auditd  : type=1327 audit(0.0:159): proctitle="/system/bin/rild"
12-19 05:47:32.279  2932  2932 W auditd  : type=1320 audit(0.0:159): 
12-19 05:47:32.284  3415  3501 D AssetAtlas: Loaded configuration: SliceMinArea (2048x2048) flags=0x2 count=267
12-19 05:47:32.317  3415  3423 W JavaBinder: BinderProxy is being destroyed but the application did not call unlinkToDeath to unlink all of its death recipients beforehand.  Releasing leaked death recipient: com.android.server.fingerprint.FingerprintService
12-19 05:47:32.351  3415  3501 D AssetAtlas: Rendered atlas in 61.37ms (53.29+8.08ms)
12-19 05:47:32.354  3415  3415 I WindowManager: SAFE MODE not enabled
12-19 05:47:32.355  3415  3415 I SystemServiceManager: Starting com.android.server.MmsServiceBroker
12-19 05:47:32.357  3415  3415 I CMSystemServer: Attempting to start service org.cyanogenmod.platform.internal.CMStatusBarManagerService
12-19 05:47:32.360  3415  3415 I CMSystemServer: Starting service org.cyanogenmod.platform.internal.CMStatusBarManagerService
12-19 05:47:32.360  3415  3415 I SystemServiceManager: Starting org.cyanogenmod.platform.internal.CMStatusBarManagerService
12-19 05:47:32.360  3415  3415 D CMStatusBarManagerService: registerCMStatusBar cmstatusbar: org.cyanogenmod.platform.internal.CMStatusBarManagerService@f400e4b
12-19 05:47:32.361  3415  3415 I CMSystemServer: Attempting to start service org.cyanogenmod.platform.internal.ProfileManagerService
12-19 05:47:32.363  3415  3415 I CMSystemServer: Starting service org.cyanogenmod.platform.internal.ProfileManagerService
12-19 05:47:32.363  3415  3415 I SystemServiceManager: Starting org.cyanogenmod.platform.internal.ProfileManagerService
12-19 05:47:32.363  2992  2992 E ServiceManager: add_service('profile',61) uid=1000 - ALREADY REGISTERED, OVERRIDE
12-19 05:47:32.363  2992  2992 I ServiceManager: service 'profile' died
12-19 05:47:32.365  3415  3478 D WifiService: New client listening to asynchronous messages
12-19 05:47:32.365  3415  3415 V ProfileTriggerHelper: Enabling
12-19 05:47:32.368  3415  3415 D CMProfileService: Set active profile to: 0230226d-0d05-494a-a9bd-d222a1117655 - Default
12-19 05:47:32.368  3415  3415 D CMProfileService: Saving profile data...
12-19 05:47:32.369  3415  3415 D CMProfileService: Save completed.
12-19 05:47:32.369  3415  3415 I CMSystemServer: Attempting to start service org.cyanogenmod.platform.internal.PartnerInterfaceService
12-19 05:47:32.370  3415  3415 I CMSystemServer: Starting service org.cyanogenmod.platform.internal.PartnerInterfaceService
12-19 05:47:32.370  3415  3415 I SystemServiceManager: Starting org.cyanogenmod.platform.internal.PartnerInterfaceService
12-19 05:47:32.370  2992  2992 E ServiceManager: add_service('cmpartnerinterface',62) uid=1000 - ALREADY REGISTERED, OVERRIDE
12-19 05:47:32.370  2992  2992 I ServiceManager: service 'cmpartnerinterface' died
12-19 05:47:32.370  3415  3415 I CMSystemServer: Attempting to start service org.cyanogenmod.platform.internal.CMTelephonyManagerService
12-19 05:47:32.371  3415  3415 I CMSystemServer: Starting service org.cyanogenmod.platform.internal.CMTelephonyManagerService
12-19 05:47:32.371  3415  3415 I SystemServiceManager: Starting org.cyanogenmod.platform.internal.CMTelephonyManagerService
12-19 05:47:32.372  3415  3415 I CMSystemServer: Attempting to start service org.cyanogenmod.platform.internal.CMHardwareService
12-19 05:47:32.376  3415  3415 I CMSystemServer: Starting service org.cyanogenmod.platform.internal.CMHardwareService
12-19 05:47:32.376  3415  3415 I SystemServiceManager: Starting org.cyanogenmod.platform.internal.CMHardwareService
12-19 05:47:32.377  2992  2992 E ServiceManager: add_service('cmhardware',64) uid=1000 - ALREADY REGISTERED, OVERRIDE
12-19 05:47:32.377  2992  2992 I ServiceManager: service 'cmhardware' died
12-19 05:47:32.377  3415  3415 I CMSystemServer: Attempting to start service org.cyanogenmod.platform.internal.AppSuggestManagerService
12-19 05:47:32.377  3415  3415 I CMSystemServer: Starting service org.cyanogenmod.platform.internal.AppSuggestManagerService
12-19 05:47:32.377  3415  3415 I SystemServiceManager: Starting org.cyanogenmod.platform.internal.AppSuggestManagerService
12-19 05:47:32.378  3415  3415 W ServiceWatcher: com.cyanogen.app.suggest not found
12-19 05:47:32.378  3415  3415 E AppSgstMgrService: no app suggest provider found
12-19 05:47:32.378  3415  3415 I CMSystemServer: Attempting to start service org.cyanogenmod.platform.internal.PerformanceManagerService
12-19 05:47:32.384  3415  3530 I ServiceThread: Enabled StrictMode logging for PerformanceManager looper.
12-19 05:47:32.384  3415  3415 I CMSystemServer: Starting service org.cyanogenmod.platform.internal.PerformanceManagerService
12-19 05:47:32.384  3415  3415 I SystemServiceManager: Starting org.cyanogenmod.platform.internal.PerformanceManagerService
12-19 05:47:32.384  3415  3531 I ServiceThread: Enabled StrictMode logging for PerformanceManager looper.
12-19 05:47:32.385  3415  3415 I CMSystemServer: Attempting to start service org.cyanogenmod.platform.internal.ThemeManagerServiceBroker
12-19 05:47:32.386  3415  3415 E BrokerableCMSystemService: Setting brokered service connection org.cyanogenmod.platform.internal.ThemeManagerServiceBroker$2@28686ca
12-19 05:47:32.386  3415  3415 I CMSystemServer: Starting service org.cyanogenmod.platform.internal.ThemeManagerServiceBroker
12-19 05:47:32.386  3415  3415 I SystemServiceManager: Starting org.cyanogenmod.platform.internal.ThemeManagerServiceBroker
12-19 05:47:32.386  3415  3415 E BrokerableCMSystemService: Setting brokered service connection org.cyanogenmod.platform.internal.ThemeManagerServiceBroker$2@a95203b
12-19 05:47:32.387  3415  3415 I CMSystemServer: Attempting to start service org.cyanogenmod.platform.internal.IconCacheManagerServiceBroker
12-19 05:47:32.387  3415  3415 E BrokerableCMSystemService: Setting brokered service connection org.cyanogenmod.platform.internal.IconCacheManagerServiceBroker$2@9f2e358
12-19 05:47:32.387  3415  3415 I CMSystemServer: Starting service org.cyanogenmod.platform.internal.IconCacheManagerServiceBroker
12-19 05:47:32.387  3415  3415 I SystemServiceManager: Starting org.cyanogenmod.platform.internal.IconCacheManagerServiceBroker
12-19 05:47:32.387  3415  3415 E BrokerableCMSystemService: Setting brokered service connection org.cyanogenmod.platform.internal.IconCacheManagerServiceBroker$2@bbfccb1
12-19 05:47:32.387  3415  3415 I CMSystemServer: Attempting to start service org.cyanogenmod.platform.internal.LiveLockScreenServiceBroker
12-19 05:47:32.388  3415  3415 E BrokerableCMSystemService: Setting brokered service connection org.cyanogenmod.platform.internal.LiveLockScreenServiceBroker$2@2ee4596
12-19 05:47:32.388  3415  3415 I CMSystemServer: Starting service org.cyanogenmod.platform.internal.LiveLockScreenServiceBroker
12-19 05:47:32.388  3415  3415 I SystemServiceManager: Starting org.cyanogenmod.platform.internal.LiveLockScreenServiceBroker
12-19 05:47:32.388  3415  3415 E BrokerableCMSystemService: Setting brokered service connection org.cyanogenmod.platform.internal.LiveLockScreenServiceBroker$2@ab8517
12-19 05:47:32.389  3415  3415 I CMSystemServer: Attempting to start service org.cyanogenmod.platform.internal.WeatherManagerServiceBroker
12-19 05:47:32.389  3415  3415 I CMSystemServer: Starting service org.cyanogenmod.platform.internal.WeatherManagerServiceBroker
12-19 05:47:32.389  3415  3415 I SystemServiceManager: Starting org.cyanogenmod.platform.internal.WeatherManagerServiceBroker
12-19 05:47:32.389  3415  3415 I CMSystemServer: Attempting to start service org.cyanogenmod.platform.internal.display.LiveDisplayService
12-19 05:47:32.392  3415  3532 I ServiceThread: Enabled StrictMode logging for LiveDisplay looper.
12-19 05:47:32.392  3415  3415 I CMSystemServer: Starting service org.cyanogenmod.platform.internal.display.LiveDisplayService
12-19 05:47:32.392  3415  3415 I SystemServiceManager: Starting org.cyanogenmod.platform.internal.display.LiveDisplayService
12-19 05:47:32.393  3415  3533 I ServiceThread: Enabled StrictMode logging for LiveDisplay looper.
12-19 05:47:32.393  3415  3415 I CMSystemServer: Attempting to start service org.cyanogenmod.platform.internal.CMAudioServiceBroker
12-19 05:47:32.393  3415  3415 I CMSystemServer: Starting service org.cyanogenmod.platform.internal.CMAudioServiceBroker
12-19 05:47:32.393  3415  3415 I SystemServiceManager: Starting org.cyanogenmod.platform.internal.CMAudioServiceBroker
12-19 05:47:32.530  3415  3415 E SQLiteLog: (1) no such table: locksettings
12-19 05:47:32.570  3415  3415 I LockSettingsService: Migrated lock settings to new location
12-19 05:47:32.594  3415  3415 I LockSettingsService: Migrated per-user lock settings to new location
12-19 05:47:32.645  3415  3415 I LockSettingsService: Migrated biometric weak to use the fallback instead
12-19 05:47:32.668  3415  3415 I LockSettingsService: Migrated lockscreen disabled flag
12-19 05:47:32.690  3415  3415 I LockSettingsService: Migrated primary user pattern size
12-19 05:47:32.691  3415  3415 E LockSettingsStorage: Cannot read file java.io.FileNotFoundException: /data/system/gatekeeper.password.key: open failed: ENOENT (No such file or directory)
12-19 05:47:32.691  3415  3415 E LockSettingsStorage: Cannot read file java.io.FileNotFoundException: /data/system/password.key: open failed: ENOENT (No such file or directory)
12-19 05:47:32.691  3415  3415 E LockSettingsStorage: Cannot read file java.io.FileNotFoundException: /data/system/gatekeeper.pattern.key: open failed: ENOENT (No such file or directory)
12-19 05:47:32.691  3415  3415 E LockSettingsStorage: Cannot read file java.io.FileNotFoundException: /data/system/gatekeeper.gesture.key: open failed: ENOENT (No such file or directory)
12-19 05:47:32.691  3415  3415 E LockSettingsStorage: Cannot read file java.io.FileNotFoundException: /data/system/gesture.key: open failed: ENOENT (No such file or directory)
12-19 05:47:32.691  3415  3415 E LockSettingsStorage: Cannot read file java.io.FileNotFoundException: /data/system/cm_gesture.key: open failed: ENOENT (No such file or directory)
12-19 05:47:32.691  3415  3415 I SystemServiceManager: Starting phase 480
12-19 05:47:32.693  3415  3415 I SystemServiceManager: Starting phase 500
12-19 05:47:32.694  3415  3415 D BluetoothService: onBootPhase: PHASE_SYSTEM_SERVICES_READY
12-19 05:47:32.694  3415  3415 D BluetoothManagerService: Bluetooth boot completed
12-19 05:47:32.694  3415  3415 D BluetoothManagerService: Retrieving Bluetooth Adapter name and address...
12-19 05:47:32.694  3415  3415 D BluetoothManagerService: getNameAndAddress(): mBluetooth = null mBinding = false
12-19 05:47:32.694  3415  3433 D BluetoothManagerService: Message: 200
12-19 05:47:32.694  3415  3433 D BluetoothManagerService: MESSAGE_GET_NAME_AND_ADDRESS
12-19 05:47:32.694  3415  3433 D BluetoothManagerService: Binding to service to get name and address
12-19 05:47:32.695  3415  3415 I WifiService: WifiService starting up with Wi-Fi disabled
12-19 05:47:32.698  3415  3415 I WifiScanningService: Registering wifiscanner
12-19 05:47:32.699  3415  3415 I RttService: Registering rttmanager
12-19 05:47:32.701  3415  3415 I EthernetServiceImpl: Starting Ethernet service
12-19 05:47:32.702  3415  3415 D Ethernet: Registering NetworkFactory
12-19 05:47:32.704  3415  3479 D ConnectivityService: Got NetworkFactory Messenger for Ethernet
12-19 05:47:32.704  3415  3537 D Ethernet: got request NetworkRequest [ id=1, legacyType=-1, [ Capabilities: INTERNET&NOT_RESTRICTED&TRUSTED&NOT_VPN] ] with score 0
12-19 05:47:32.708  3415  3415 I SELinux : SELinux: Loaded file_contexts contexts from /file_contexts.
12-19 05:47:32.709  3415  3415 V BackupManagerService: No ancestral data
12-19 05:47:32.799  3415  3415 V KeyValueBackupJob: Scheduling k/v pass in 244 minutes
12-19 05:47:33.075  3415  3415 V BackupManagerService: Starting with transport com.google.android.gms/.backup.BackupTransportService
12-19 05:47:33.075  3415  3415 V BackupManagerService: Found transports: 1
12-19 05:47:33.075  3415  3415 I BackupManagerService: Binding to transport host ComponentInfo{android/com.android.internal.backup.LocalTransportService}
12-19 05:47:33.077  3415  3415 W ThemeManagerServiceBroker: Cannot stat /data/system/theme/alarms
12-19 05:47:33.122  3415  3415 W PackageManager: Unable to get pkg for processing system
12-19 05:47:33.123  3415  3415 E PackageManager: Unable to find icon pack: system
12-19 05:47:33.123  3415  3415 I DefaultPermGrantPolicy: Granting permissions to platform components for user 0
12-19 05:47:33.124  3415  3415 D VoldConnector: SND -> {4 volume remount_uid 1001 none}
12-19 05:47:33.124  2925  2982 D vold    : Remounting 1001 as mode none
12-19 05:47:33.124  3415  3436 W KeyguardServiceDelegate: onScreenTurningOn(): no keyguard service!
12-19 05:47:33.127  2925  2982 D vold    : Found matching PID 3032
12-19 05:47:33.127  2925  2982 W vold    : Skipping due to root namespace
12-19 05:47:33.127  2925  2982 D vold    : Found matching PID 3498
12-19 05:47:33.127  2925  2982 W vold    : Skipping due to root namespace
12-19 05:47:33.127  3415  3470 D VoldConnector: RCV <- {200 4 Command succeeded}
12-19 05:47:33.127  3415  3415 D VoldConnector: SND -> {5 volume remount_uid 1001 none}
12-19 05:47:33.127  2925  2982 D vold    : Remounting 1001 as mode none
12-19 05:47:33.130  2925  2982 D vold    : Found matching PID 3032
12-19 05:47:33.130  2925  2982 W vold    : Skipping due to root namespace
12-19 05:47:33.130  2925  2982 D vold    : Found matching PID 3498
12-19 05:47:33.130  2925  2982 W vold    : Skipping due to root namespace
12-19 05:47:33.130  3415  3470 D VoldConnector: RCV <- {200 5 Command succeeded}
12-19 05:47:33.130  3415  3415 D VoldConnector: SND -> {6 volume remount_uid 1000 none}
12-19 05:47:33.130  2925  2982 D vold    : Remounting 1000 as mode none
12-19 05:47:33.133  2925  2982 D vold    : Found matching PID 2992
12-19 05:47:33.133  2925  2982 W vold    : Skipping due to root namespace
12-19 05:47:33.133  2925  2982 D vold    : Found matching PID 2993
12-19 05:47:33.133  2925  2982 W vold    : Skipping due to root namespace
12-19 05:47:33.133  2925  2982 D vold    : Found matching PID 2995
12-19 05:47:33.133  2925  2982 W vold    : Skipping due to root namespace
12-19 05:47:33.133  2925  2982 D vold    : Found matching PID 3037
12-19 05:47:33.133  2925  2982 W vold    : Skipping due to root namespace
12-19 05:47:33.133  2925  2982 D vold    : Found matching PID 3040
12-19 05:47:33.133  2925  2982 W vold    : Skipping due to root namespace
12-19 05:47:33.133  2925  2982 D vold    : Found matching PID 3111
12-19 05:47:33.133  2925  2982 W vold    : Skipping due to root namespace
12-19 05:47:33.133  2925  2982 D vold    : Found matching PID 3415
12-19 05:47:33.135  3415  3470 D VoldConnector: RCV <- {200 6 Command succeeded}
12-19 05:47:33.135  3415  3415 D VoldConnector: SND -> {7 volume remount_uid 1000 none}
12-19 05:47:33.135  2925  2982 D vold    : Remounting 1000 as mode none
12-19 05:47:33.138  2925  2982 D vold    : Found matching PID 2992
12-19 05:47:33.138  2925  2982 W vold    : Skipping due to root namespace
12-19 05:47:33.138  2925  2982 D vold    : Found matching PID 2993
12-19 05:47:33.138  2925  2982 W vold    : Skipping due to root namespace
12-19 05:47:33.138  2925  2982 D vold    : Found matching PID 2995
12-19 05:47:33.138  2925  2982 W vold    : Skipping due to root namespace
12-19 05:47:33.138  2925  2982 D vold    : Found matching PID 3037
12-19 05:47:33.138  2925  2982 W vold    : Skipping due to root namespace
12-19 05:47:33.138  2925  2982 D vold    : Found matching PID 3040
12-19 05:47:33.138  2925  2982 W vold    : Skipping due to root namespace
12-19 05:47:33.139  2925  2982 D vold    : Found matching PID 3111
12-19 05:47:33.139  2925  2982 W vold    : Skipping due to root namespace
12-19 05:47:33.139  2925  2982 D vold    : Found matching PID 3415
12-19 05:47:33.140  3415  3470 D VoldConnector: RCV <- {200 7 Command succeeded}
12-19 05:47:33.141  3415  3415 D VoldConnector: SND -> {8 volume remount_uid 2000 none}
12-19 05:47:33.141  2925  2982 D vold    : Remounting 2000 as mode none
12-19 05:47:33.144  3415  3470 D VoldConnector: RCV <- {200 8 Command succeeded}
12-19 05:47:33.144  3415  3415 D VoldConnector: SND -> {9 volume remount_uid 2000 none}
12-19 05:47:33.144  2925  2982 D vold    : Remounting 2000 as mode none
12-19 05:47:33.147  3415  3470 D VoldConnector: RCV <- {200 9 Command succeeded}
12-19 05:47:33.147  3415  3415 D VoldConnector: SND -> {10 volume remount_uid 10025 none}
12-19 05:47:33.147  2925  2982 D vold    : Remounting 10025 as mode none
12-19 05:47:33.150  3415  3470 D VoldConnector: RCV <- {200 10 Command succeeded}
12-19 05:47:33.150  3415  3415 D VoldConnector: SND -> {11 volume remount_uid 10025 none}
12-19 05:47:33.150  2925  2982 D vold    : Remounting 10025 as mode none
12-19 05:47:33.152  3415  3470 D VoldConnector: RCV <- {200 11 Command succeeded}
12-19 05:47:33.153  3415  3415 D VoldConnector: SND -> {12 volume remount_uid 1002 none}
12-19 05:47:33.153  2925  2982 D vold    : Remounting 1002 as mode none
12-19 05:47:33.156  3415  3470 D VoldConnector: RCV <- {200 12 Command succeeded}
12-19 05:47:33.156  3415  3415 D VoldConnector: SND -> {13 volume remount_uid 1002 none}
12-19 05:47:33.156  2925  2982 D vold    : Remounting 1002 as mode none
12-19 05:47:33.158  3415  3470 D VoldConnector: RCV <- {200 13 Command succeeded}
12-19 05:47:33.159  3415  3415 I DefaultPermGrantPolicy: Granting permissions to default platform handlers for user 0
12-19 05:47:33.159  3415  3415 W VoiceInteractionManagerService: no available voice interaction services found for user 0
12-19 05:47:33.159  3415  3415 W VoiceInteractionManagerService: no available voice recognition services found for user 0
12-19 05:47:33.159  3415  3415 D VoldConnector: SND -> {14 volume remount_uid 10017 none}
12-19 05:47:33.159  2925  2982 D vold    : Remounting 10017 as mode none
12-19 05:47:33.162  3415  3470 D VoldConnector: RCV <- {200 14 Command succeeded}
12-19 05:47:33.163  3415  3415 D VoldConnector: SND -> {15 volume remount_uid 10021 none}
12-19 05:47:33.163  2925  2982 D vold    : Remounting 10021 as mode none
12-19 05:47:33.166  3415  3470 D VoldConnector: RCV <- {200 15 Command succeeded}
12-19 05:47:33.166  3415  3415 D VoldConnector: SND -> {16 volume remount_uid 10021 none}
12-19 05:47:33.166  2925  2982 D vold    : Remounting 10021 as mode none
12-19 05:47:33.169  3415  3470 D VoldConnector: RCV <- {200 16 Command succeeded}
12-19 05:47:33.169  3415  3415 D VoldConnector: SND -> {17 volume remount_uid 10010 none}
12-19 05:47:33.169  2925  2982 D vold    : Remounting 10010 as mode none
12-19 05:47:33.172  3415  3470 D VoldConnector: RCV <- {200 17 Command succeeded}
12-19 05:47:33.173  3415  3415 D VoldConnector: SND -> {18 volume remount_uid 10010 none}
12-19 05:47:33.173  2925  2982 D vold    : Remounting 10010 as mode none
12-19 05:47:33.175  3415  3470 D VoldConnector: RCV <- {200 18 Command succeeded}
12-19 05:47:33.176  3415  3415 D VoldConnector: SND -> {19 volume remount_uid 10009 none}
12-19 05:47:33.176  2925  2982 D vold    : Remounting 10009 as mode none
12-19 05:47:33.178  3415  3470 D VoldConnector: RCV <- {200 19 Command succeeded}
12-19 05:47:33.178  3415  3415 D VoldConnector: SND -> {20 volume remount_uid 10009 none}
12-19 05:47:33.178  2925  2982 D vold    : Remounting 10009 as mode none
12-19 05:47:33.180  3415  3470 D VoldConnector: RCV <- {200 20 Command succeeded}
12-19 05:47:33.182  3415  3415 D VoldConnector: SND -> {21 volume remount_uid 10001 none}
12-19 05:47:33.182  2925  2982 D vold    : Remounting 10001 as mode none
12-19 05:47:33.185  3415  3470 D VoldConnector: RCV <- {200 21 Command succeeded}
12-19 05:47:33.185  3415  3415 D VoldConnector: SND -> {22 volume remount_uid 10001 none}
12-19 05:47:33.185  2925  2982 D vold    : Remounting 10001 as mode none
12-19 05:47:33.188  3415  3470 D VoldConnector: RCV <- {200 22 Command succeeded}
12-19 05:47:33.189  3415  3415 D VoldConnector: SND -> {23 volume remount_uid 10041 none}
12-19 05:47:33.189  2925  2982 D vold    : Remounting 10041 as mode none
12-19 05:47:33.192  3415  3470 D VoldConnector: RCV <- {200 23 Command succeeded}
12-19 05:47:33.192  3415  3415 D VoldConnector: SND -> {24 volume remount_uid 10041 none}
12-19 05:47:33.192  2925  2982 D vold    : Remounting 10041 as mode none
12-19 05:47:33.194  3415  3470 D VoldConnector: RCV <- {200 24 Command succeeded}
12-19 05:47:33.196  3415  3415 I ActivityManager: Pre-boot of {com.android.providers.calendar/com.android.providers.calendar.CalendarUpgradeReceiver} for user 0
12-19 05:47:33.196  3415  3415 I SystemServer: Enabled StrictMode for system server main thread.
12-19 05:47:33.207  3415  3429 I Zygote  : Process: zygote socket opened, supported ABIS: arm64-v8a,armeabi
12-19 05:47:33.207  3035  3419 I art     : Starting a blocking GC HeapTrim
12-19 05:47:33.217  3415  3429 I ActivityManager: Start proc 3556:com.android.providers.calendar/u0a1 for broadcast com.android.providers.calendar/.CalendarUpgradeReceiver
12-19 05:47:33.221  3415  3415 D RttService: SCAN_AVAILABLE : 1
12-19 05:47:33.222  3415  3536 D RttService: DefaultState got{ when=0 what=160513 target=com.android.internal.util.StateMachine$SmHandler }
12-19 05:47:33.223  3415  3426 I ActivityManager: Launching preboot mode app: ProcessRecord{bcaedab 3556:com.android.providers.calendar/u0a1}
12-19 05:47:33.235  3556  3556 W System  : ClassLoader referenced unknown path: /system/priv-app/CalendarProvider/lib/arm64
12-19 05:47:33.245  3415  3415 V BackupManagerService: Connected to transport ComponentInfo{android/com.android.internal.backup.LocalTransportService}
12-19 05:47:33.246  3415  3415 V BackupManagerService: Registering transport android/com.android.internal.backup.LocalTransportService::android/com.android.internal.backup.LocalTransport = android.app.backup.BackupTransport$TransportImpl@7137c08
12-19 05:47:33.284  3415  3427 I ActivityManager: Pre-boot of {org.cyanogenmod.cmsettings/org.cyanogenmod.cmsettings.PreBootReceiver} for user 0
12-19 05:47:33.354  3415  3415 W CMSettings: Setting dev_force_show_navbar has moved from CMSettings.Secure to CMSettings.Global, value is unchanged.
12-19 05:47:33.377  3415  3415 I ActivityManager: Pre-boot of {com.android.providers.contacts/com.android.providers.contacts.ContactsUpgradeReceiver} for user 0
12-19 05:47:33.388  3415  3415 I ActivityManager: Start proc 3598:android.process.acore/u0a5 for broadcast com.android.providers.contacts/.ContactsUpgradeReceiver
12-19 05:47:33.395  3415  3426 I ActivityManager: Launching preboot mode app: ProcessRecord{9466fa1 3598:android.process.acore/u0a5}
12-19 05:47:33.411  3598  3598 W System  : ClassLoader referenced unknown path: /system/priv-app/ContactsProvider/lib/arm64
12-19 05:47:33.488  3598  3598 I ContactsUpgradeReceiver: Creating or opening contacts database
12-19 05:47:33.622  3598  3598 I ContactsDatabaseHelper: Bootstrapping database version: 1013
12-19 05:47:33.690  3598  3598 I ContactsProviderV1: Bootstrapping database legacy support
12-19 05:47:34.125  3415  3430 W WindowManager: Keyguard drawn timeout. Setting mKeyguardDrawComplete
12-19 05:47:34.554  3598  3598 I ContactsDatabaseHelper: Bootstrapping database version: 1013
12-19 05:47:34.599  3598  3598 I ContactsProviderV1: Bootstrapping database legacy support
12-19 05:47:34.659  3415  3433 D BluetoothManagerService: Message: 20
12-19 05:47:34.659  3415  3433 D BluetoothManagerService: Added callback: android.bluetooth.BluetoothAdapter$1@86c5c6:true
12-19 05:47:34.928  3598  3598 I ContactsProvider: Locale has changed from null to en-US
12-19 05:47:34.929  3598  3598 I ContactsDatabaseHelper: Switching to locale en-US (ICU v55.1)
12-19 05:47:35.014  3598  3598 I ContactsDatabaseHelper: Locale change completed in 86ms
12-19 05:47:35.015  3598  3598 I ContactsDatabaseHelper: Switching to locale en-US (ICU v55.1)
12-19 05:47:35.116  3598  3598 I ContactsDatabaseHelper: Locale change completed in 101ms
12-19 05:47:35.221  3415  3426 I ActivityManager: Pre-boot of {com.android.managedprovisioning/com.android.managedprovisioning.PreBootListener} for user 0
12-19 05:47:35.232  3415  3426 I ActivityManager: Start proc 3645:com.android.managedprovisioning/u0a12 for broadcast com.android.managedprovisioning/.PreBootListener
12-19 05:47:35.237  3415  3569 I ActivityManager: Launching preboot mode app: ProcessRecord{6c8b987 3645:com.android.managedprovisioning/u0a12}
12-19 05:47:35.249  3645  3645 W System  : ClassLoader referenced unknown path: /system/priv-app/ManagedProvisioning/lib/arm64
12-19 05:47:35.253  3415  3426 I ActivityManager: Pre-boot of {com.android.providers.media/com.android.providers.media.MediaUpgradeReceiver} for user 0
12-19 05:47:35.264  3415  3426 I ActivityManager: Start proc 3658:android.process.media/u0a10 for broadcast com.android.providers.media/.MediaUpgradeReceiver
12-19 05:47:35.270  3415  3427 I ActivityManager: Launching preboot mode app: ProcessRecord{16850b4 3658:android.process.media/u0a10}
12-19 05:47:35.283  3658  3658 W System  : ClassLoader referenced unknown path: /system/priv-app/MediaProvider/lib/arm64
12-19 05:47:35.320  3415  3427 I ActivityManager: Pre-boot of {com.android.dialer/com.android.dialer.SystemUpdateReceiver} for user 0
12-19 05:47:35.331  3415  3427 I ActivityManager: Start proc 3672:com.android.dialer/u0a27 for broadcast com.android.dialer/.SystemUpdateReceiver
12-19 05:47:35.335  3415  3426 I ActivityManager: Launching preboot mode app: ProcessRecord{13964dd 3672:com.android.dialer/u0a27}
12-19 05:47:35.346  3672  3672 W System  : ClassLoader referenced unknown path: /system/priv-app/Dialer/lib/arm64
12-19 05:47:35.440  3672  3672 W MOD.CyanogenAmbientUtil: Cyanogen Ambient package is missing! Version 1050100 is required.
12-19 05:47:35.440  3415  3426 I ActivityManager: Pre-boot of {com.android.settings/com.android.settings.ManagedProfileSetup} for user 0
12-19 05:47:35.451  3415  3426 I ActivityManager: Start proc 3685:com.android.settings/1000 for broadcast com.android.settings/.ManagedProfileSetup
12-19 05:47:35.456  3415  3427 I ActivityManager: Launching preboot mode app: ProcessRecord{2197852 3685:com.android.settings/1000}
12-19 05:47:35.468  3685  3685 W System  : ClassLoader referenced unknown path: /system/priv-app/Settings/lib/arm64
12-19 05:47:35.539  3415  3429 I ActivityManager: Removing system update proc: ProcessRecord{bcaedab 3556:com.android.providers.calendar/u0a1}
12-19 05:47:35.539  3415  3429 I ActivityManager: Killing 3556:com.android.providers.calendar/u0a1 (adj 13): system update done
12-19 05:47:35.549  3415  3429 D ActivityManager: cleanUpApplicationRecord -- 3556
12-19 05:47:35.550  3415  3429 I ActivityManager: Removing system update proc: ProcessRecord{9466fa1 3598:android.process.acore/u0a5}
12-19 05:47:35.550  3415  3429 I ActivityManager: Killing 3598:android.process.acore/u0a5 (adj 13): system update done
12-19 05:47:35.560  3415  3429 D ActivityManager: cleanUpApplicationRecord -- 3598
12-19 05:47:35.561  3415  3429 I ActivityManager: Removing system update proc: ProcessRecord{6c8b987 3645:com.android.managedprovisioning/u0a12}
12-19 05:47:35.561  3415  3429 I ActivityManager: Killing 3645:com.android.managedprovisioning/u0a12 (adj 11): system update done
12-19 05:47:35.571  3415  3429 D ActivityManager: cleanUpApplicationRecord -- 3645
12-19 05:47:35.571  3415  3429 I ActivityManager: Removing system update proc: ProcessRecord{16850b4 3658:android.process.media/u0a10}
12-19 05:47:35.571  3415  3429 I ActivityManager: Killing 3658:android.process.media/u0a10 (adj 11): system update done
12-19 05:47:35.582  3415  3429 D ActivityManager: cleanUpApplicationRecord -- 3658
12-19 05:47:35.582  3415  3429 I ActivityManager: Removing system update proc: ProcessRecord{13964dd 3672:com.android.dialer/u0a27}
12-19 05:47:35.582  3415  3429 I ActivityManager: Killing 3672:com.android.dialer/u0a27 (adj 9): system update done
12-19 05:47:35.593  3415  3429 D ActivityManager: cleanUpApplicationRecord -- 3672
12-19 05:47:35.593  3415  3429 I ActivityManager: Removing system update proc: ProcessRecord{2197852 3685:com.android.settings/1000}
12-19 05:47:35.593  3415  3429 I ActivityManager: Killing 3685:com.android.settings/1000 (adj 9): system update done
12-19 05:47:35.603  3415  3429 D ActivityManager: cleanUpApplicationRecord -- 3685
12-19 05:47:35.604  3415  3429 I ActivityManager: System now ready
12-19 05:47:35.604  3415  3426 W ActivityManager: Spurious death for ProcessRecord{bcaedab 0:com.android.providers.calendar/u0a1}, curProc for 3556: null
12-19 05:47:35.604  3415  3427 W ActivityManager: Spurious death for ProcessRecord{6c8b987 0:com.android.managedprovisioning/u0a12}, curProc for 3645: null
12-19 05:47:35.604  3415  3698 W ActivityManager: Spurious death for ProcessRecord{16850b4 0:android.process.media/u0a10}, curProc for 3658: null
12-19 05:47:35.604  3415  3569 W ActivityManager: Spurious death for ProcessRecord{13964dd 0:com.android.dialer/u0a27}, curProc for 3672: null
12-19 05:47:35.604  3415  3699 W ActivityManager: Spurious death for ProcessRecord{2197852 0:com.android.settings/1000}, curProc for 3685: null
12-19 05:47:35.605  3415  3429 I SystemServer: Making services ready
12-19 05:47:35.605  3415  3429 I SystemServiceManager: Starting phase 550
