12-21 01:55:54.240  3057  3057 I Zygote  : Preloading shared libraries...
12-21 01:55:54.245  3057  3057 D Zygote  : end preload
12-21 01:55:54.245  3057  3057 I art     : Starting a blocking GC Explicit
12-21 01:55:54.251  3057  3057 I art     : Explicit concurrent mark sweep GC freed 11024(440KB) AllocSpace objects, 0(0B) LOS objects, 38% free, 25MB/41MB, paused 109us total 6.182ms
12-21 01:55:54.255  3056  3056 I Zygote  : System server process 3440 has been created
12-21 01:55:54.256  3056  3056 I Zygote  : Accepting command socket connections
12-21 01:55:54.265  3057  3057 I art     : Starting a blocking GC Explicit
12-21 01:55:54.270  3057  3057 I art     : Explicit concurrent mark sweep GC freed 2265(107KB) AllocSpace objects, 0(0B) LOS objects, 38% free, 25MB/41MB, paused 129us total 5.204ms
12-21 01:55:54.270  3057  3057 I Zygote  : Accepting command socket connections
12-21 01:55:54.272  3440  3440 I Zygote  : Process: zygote socket opened, supported ABIS: armeabi-v7a,armeabi
12-21 01:55:54.273  3440  3440 I InstallerConnection: connecting...
12-21 01:55:54.274  3049  3049 I installd: new connection
12-21 01:55:54.284  3440  3440 I InstallerConnection: disconnecting...
12-21 01:55:54.285  3049  3049 E installd: eof
12-21 01:55:54.285  3049  3049 E installd: failed to read size
12-21 01:55:54.285  3049  3049 I installd: closing connection
12-21 01:55:54.302  3440  3440 I SystemServer: Entered the Android system server!
12-21 01:55:54.334  3440  3440 I SystemServiceManager: Starting com.android.server.pm.Installer
12-21 01:55:54.337  3440  3440 I Installer: Waiting for installd to be ready.
12-21 01:55:54.337  3440  3440 I InstallerConnection: connecting...
12-21 01:55:54.337  3049  3049 I installd: new connection
12-21 01:55:54.337  3440  3440 I SystemServiceManager: Starting com.android.server.am.ActivityManagerService$Lifecycle
12-21 01:55:54.347  3440  3440 I ActivityManager: choosing minFree values for 64 Bit
12-21 01:55:54.347  3440  3440 I ActivityManager: choosing minFree values for 64 Bit
12-21 01:55:54.347  3440  3440 I ActivityManager: choosing minFree values for 64 Bit
12-21 01:55:54.347  3440  3440 I ActivityManager: choosing minFree values for 64 Bit
12-21 01:55:54.347  3440  3440 I ActivityManager: choosing minFree values for 64 Bit
12-21 01:55:54.347  3440  3440 I ActivityManager: choosing minFree values for 64 Bit
12-21 01:55:54.353  3440  3440 I ActivityManager: Memory class: 256
12-21 01:55:54.354  3440  3454 I ServiceThread: Enabled StrictMode logging for ActivityManager looper.
12-21 01:55:54.356  3440  3455 I ServiceThread: Enabled StrictMode logging for android.ui looper.
12-21 01:55:54.362  3440  3440 D BatteryStatsImpl: Reading daily items from /data/system/batterystats-daily.xml
12-21 01:55:54.365  3440  3440 I AppOps  : No existing app ops /data/system/appops.xml; starting empty
12-21 01:55:54.397  3048  3048 I ServiceManager: Waiting for service media.camera.proxy...
12-21 01:55:54.401  3440  3440 I IntentFirewall: Read new rules (A:0 B:0 S:0)
12-21 01:55:54.406  3440  3459 I ServiceThread: Enabled StrictMode logging for android.display looper.
12-21 01:55:54.410  3440  3440 D AppOps  : AppOpsService published
12-21 01:55:54.410  3440  3440 I SystemServiceManager: Starting com.android.server.power.PowerManagerService
12-21 01:55:54.412  3440  3461 I ServiceThread: Enabled StrictMode logging for PowerManagerService looper.
12-21 01:55:54.417  3440  3440 W libsuspend: Error writing 'on' to /sys/power/state: Invalid argument
12-21 01:55:54.417  3440  3440 I libsuspend: Selected wakeup count
12-21 01:55:54.419  3440  3440 I SystemServiceManager: Starting com.android.server.lights.LightsService
12-21 01:55:54.421  3440  3440 I SystemServiceManager: Starting com.android.server.display.DisplayManagerService
12-21 01:55:54.424  3440  3440 I SystemServiceManager: Starting phase 100
12-21 01:55:54.426  3006  3017 E SurfaceFlinger: getDefaultDisplay: id=2 is not a valid default display id
12-21 01:55:54.427  3440  3459 I DisplayManagerService: Display device added: DisplayDeviceInfo{"Built-in Screen": uniqueId="local:0", 1440 x 2560, modeId 1, defaultModeId 1, supportedModes [{id=1, width=1440, height=2560, fps=59.0}], colorTransformId 1, defaultColorTransformId 1, supportedColorTransforms [{id=1, colorTransform=-22}], density 640, 537.882 x 532.983 dpi, appVsyncOff 0, presDeadline 17949152, touch INTERNAL, rotation 0, type BUILT_IN, state UNKNOWN, FLAG_DEFAULT_DISPLAY, FLAG_ROTATES_WITH_CONTENT, FLAG_SECURE, FLAG_SUPPORTS_PROTECTED_BUFFERS}
12-21 01:55:54.427  3006  3006 D SurfaceFlinger: Set power mode=2, type=0 flinger=0x7fac9c3c00
12-21 01:55:54.427  3006  3006 D SurfaceFlinger: Screen type=0 is already mode=2
12-21 01:55:54.428  3440  3440 I SystemServer: Package Manager
12-21 01:55:54.428  3440  3459 I DisplayManagerService: Display device changed state: "Built-in Screen", ON
12-21 01:55:54.434  3440  3440 W SELinuxMMAC: Error opening /data/system/seapp_hash. Assuming first boot.
12-21 01:55:54.436  3440  3440 W FileUtils: Failed to chmod(/data/system/packages.list): android.system.ErrnoException: chmod failed: ENOENT (No such file or directory)
12-21 01:55:54.477  3440  3440 D SELinuxMMAC: Using policy file /system/etc/security/mac_permissions.xml
12-21 01:55:54.479  3440  3440 I PackageManager: No settings file; creating initial state
12-21 01:55:54.510  3466  3466 I dex2oat : Adjusted thread count (for runtime dex2oat): 4, 4
12-21 01:55:54.510  3466  3466 I dex2oat : /system/bin/dex2oat --compiler-filter=speed
12-21 01:55:54.527  3466  3466 I dex2oat : dex2oat took 17.741ms (threads: 4) arena alloc=6KB java alloc=20KB native alloc=729KB free=806KB
12-21 01:55:54.547  3471  3471 I dex2oat : Adjusted thread count (for runtime dex2oat): 4, 4
12-21 01:55:54.548  3471  3471 I dex2oat : /system/bin/dex2oat --compiler-filter=speed
12-21 01:55:54.601  3471  3471 I dex2oat : dex2oat took 53.976ms (threads: 4) arena alloc=2MB java alloc=152KB native alloc=3MB free=4MB
12-21 01:55:54.628  3476  3476 I dex2oat : Adjusted thread count (for runtime dex2oat): 4, 4
12-21 01:55:54.628  3476  3476 I dex2oat : /system/bin/dex2oat --compiler-filter=speed
12-21 01:55:54.629  3133  3133 I rild    : type=1400 audit(0.0:162): avc: denied { write } for name="mps_code.dat" dev="sda3" ino=59 scontext=u:r:rild:s0 tcontext=u:object_r:imei_efs_file:s0 tclass=file permissive=1
12-21 01:55:54.629  3133  3133 W rild    : type=1300 audit(0.0:162): arch=c00000b7 syscall=56 success=yes exit=29 a0=ffffff9c a1=7f92dda0b0 a2=42 a3=1fd items=0 ppid=1 auid=4294967295 uid=1001 gid=1001 euid=1001 suid=1001 fsuid=1001 egid=1001 sgid=1001 fsgid=1001 tty=(none) ses=4294967295 exe="/system/bin/rild" subj=u:r:rild:s0 key=(null)
12-21 01:55:54.629  2941  2941 W auditd  : type=1327 audit(0.0:162): proctitle="/system/bin/rild"
12-21 01:55:54.629  2941  2941 W auditd  : type=1320 audit(0.0:162): 
12-21 01:55:54.645  3476  3476 I dex2oat : dex2oat took 17.566ms (threads: 4) arena alloc=6KB java alloc=20KB native alloc=729KB free=806KB
12-21 01:55:54.665  3481  3481 I dex2oat : Adjusted thread count (for runtime dex2oat): 4, 4
12-21 01:55:54.666  3481  3481 I dex2oat : /system/bin/dex2oat --compiler-filter=speed
12-21 01:55:54.737  3481  3485 W dex2oat : No verified method for method calling String.<init>: java.lang.String java.io.ByteArrayOutputStream.toString()
12-21 01:55:54.892  3481  3481 I dex2oat : dex2oat took 226.211ms (threads: 4) arena alloc=6MB java alloc=384KB native alloc=8MB free=7MB
12-21 01:55:54.896  3440  3440 E art     : DexFile_getDexOptNeeded file '/system/framework/org.apache.http.legacy.jar' does not exist
12-21 01:55:54.896  3440  3440 W PackageManager: Library not found: /system/framework/org.apache.http.legacy.jar
12-21 01:55:54.896  3440  3440 E art     : DexFile_getDexOptNeeded file '/system/framework/com.android.nfc_extras.jar' does not exist
12-21 01:55:54.896  3440  3440 W PackageManager: Library not found: /system/framework/com.android.nfc_extras.jar
12-21 01:55:54.915  3486  3486 I dex2oat : Adjusted thread count (for runtime dex2oat): 4, 4
12-21 01:55:54.915  3486  3486 I dex2oat : /system/bin/dex2oat --compiler-filter=speed
12-21 01:55:54.929  3486  3486 I dex2oat : dex2oat took 14.134ms (threads: 4) arena alloc=7KB java alloc=20KB native alloc=728KB free=807KB
12-21 01:55:54.948  3491  3491 I dex2oat : Adjusted thread count (for runtime dex2oat): 4, 4
12-21 01:55:54.948  3491  3491 I dex2oat : /system/bin/dex2oat --compiler-filter=speed
12-21 01:55:55.007  3491  3491 I dex2oat : dex2oat took 58.757ms (threads: 4) arena alloc=2MB java alloc=195KB native alloc=3MB free=4MB
12-21 01:55:55.032  3496  3496 I dex2oat : Adjusted thread count (for runtime dex2oat): 4, 4
12-21 01:55:55.032  3496  3496 I dex2oat : /system/bin/dex2oat --compiler-filter=speed
12-21 01:55:55.047  3496  3496 I dex2oat : dex2oat took 15.375ms (threads: 4) arena alloc=7KB java alloc=20KB native alloc=728KB free=807KB
12-21 01:55:55.066  3501  3501 I dex2oat : Adjusted thread count (for runtime dex2oat): 4, 4
12-21 01:55:55.066  3501  3501 I dex2oat : /system/bin/dex2oat --compiler-filter=speed
12-21 01:55:55.139  3501  3504 W dex2oat : No verified method for method calling String.<init>: java.lang.String java.io.ByteArrayOutputStream.toString()
12-21 01:55:55.299  3501  3501 I dex2oat : dex2oat took 232.700ms (threads: 4) arena alloc=6MB java alloc=554KB native alloc=8MB free=8MB
12-21 01:55:55.304  3440  3440 E art     : DexFile_getDexOptNeeded file '/system/framework/org.apache.http.legacy.jar' does not exist
12-21 01:55:55.304  3440  3440 W PackageManager: Library not found: /system/framework/org.apache.http.legacy.jar
12-21 01:55:55.304  3440  3440 E art     : DexFile_getDexOptNeeded file '/system/framework/com.android.nfc_extras.jar' does not exist
12-21 01:55:55.304  3440  3440 W PackageManager: Library not found: /system/framework/com.android.nfc_extras.jar
12-21 01:55:55.348  3440  3440 D PackageManager: No files in app dir /vendor/overlay
12-21 01:55:55.348  3440  3440 D PackageManager: start scanDirLI:/system/framework
12-21 01:55:55.348  3440  3440 D PackageManager: max thread:6
12-21 01:55:55.351  3440  3507 W PackageManager: Failed to parse /system/framework/arm64: Missing base APK in /system/framework/arm64
12-21 01:55:55.351  3440  3506 W PackageManager: Failed to parse /system/framework/arm: Missing base APK in /system/framework/arm
12-21 01:55:55.353  3440  3509 W PackageManager: Failed to parse /system/framework/oat: Missing base APK in /system/framework/oat
12-21 01:55:55.361  3440  3510 I PackageManager: /system/framework/org.cyanogenmod.platform-res.apk changed; collecting certs
12-21 01:55:55.363  3440  3508 I PackageManager: /system/framework/framework-res.apk changed; collecting certs
12-21 01:55:55.382  3440  3510 W PackageManager: Permission cyanogenmod.permission.WRITE_ALARMS from package cyanogenmod.platform in an unknown group android.permission-group.SYSTEM_CLOCK
12-21 01:55:55.382  3440  3510 W PackageManager: Permission cyanogenmod.permission.MANAGE_ALARMS from package cyanogenmod.platform in an unknown group android.permission-group.SYSTEM_CLOCK
12-21 01:55:55.382  3440  3510 W PackageManager: Permission cyanogenmod.permission.READ_ALARMS from package cyanogenmod.platform in an unknown group android.permission-group.SYSTEM_CLOCK
12-21 01:55:55.397  3048  3048 I ServiceManager: Waiting for service media.camera.proxy...
12-21 01:55:55.559  3440  3508 W PackageManager: Permission android.permission.SET_KEYGUARD_WALLPAPER from package android in an unknown group android.permission-group.WALLPAPER
12-21 01:55:55.559  3440  3508 W PackageManager: Permission android.permission.MODIFY_PROTECTED_SMS_LIST from package android in an unknown group android.permission-group.MESSAGES
12-21 01:55:55.559  3440  3508 W PackageManager: Permission android.permission.RECEIVE_PROTECTED_SMS from package android in an unknown group android.permission-group.MESSAGES
12-21 01:55:55.560  3440  3508 W PackageManager: Permission android.permission.RESET_BATTERY_STATS from package android in an unknown group android.permission-group.SYSTEM_TOOLS
12-21 01:55:55.560  3440  3440 D PackageManager: end scanDirLI:/system/framework
12-21 01:55:55.563  3440  3440 D PackageManager: start scanDirLI:/system/priv-app
12-21 01:55:55.563  3440  3440 D PackageManager: max thread:6
12-21 01:55:55.571  3440  3509 I PackageManager: /system/priv-app/CMSettingsProvider changed; collecting certs
12-21 01:55:55.572  3440  3507 I PackageManager: /system/priv-app/CMAudioService changed; collecting certs
12-21 01:55:55.573  3440  3510 I PackageManager: /system/priv-app/CMUpdater changed; collecting certs
12-21 01:55:55.574  3440  3511 I PackageManager: /system/priv-app/AudioFX changed; collecting certs
12-21 01:55:55.574  3440  3506 I PackageManager: /system/priv-app/BackupRestoreConfirmation changed; collecting certs
12-21 01:55:55.592  3440  3507 I PackageManager: /system/priv-app/CallLogBackup changed; collecting certs
12-21 01:55:55.596  3440  3507 I PackageManager: New shared user android.uid.shared: id=10004
12-21 01:55:55.597  3440  3509 I PackageManager: /system/priv-app/CarrierConfig changed; collecting certs
12-21 01:55:55.603  3440  3511 I PackageManager: /system/priv-app/CellBroadcastReceiver changed; collecting certs
12-21 01:55:55.610  3440  3508 I PackageManager: /system/priv-app/CalendarProvider changed; collecting certs
12-21 01:55:55.615  3440  3508 I PackageManager: New shared user android.uid.calendar: id=10006
12-21 01:55:55.624  3440  3510 I PackageManager: /system/priv-app/ContactsProvider changed; collecting certs
12-21 01:55:55.630  3440  3506 W PackageParser: No actions in intent filter at /system/priv-app/Contacts/Contacts.apk Binary XML file line #301
12-21 01:55:55.631  3440  3506 I PackageManager: /system/priv-app/Contacts changed; collecting certs
12-21 01:55:55.636  3440  3507 I PackageManager: /system/priv-app/CyanogenSetupWizard changed; collecting certs
12-21 01:55:55.640  3440  3509 I PackageManager: /system/priv-app/DataUsageProvider changed; collecting certs
12-21 01:55:55.642  3440  3511 I PackageManager: /system/priv-app/DefaultContainerService changed; collecting certs
12-21 01:55:55.668  3440  3511 I PackageManager: /system/priv-app/ExternalStorageProvider changed; collecting certs
12-21 01:55:55.677  3440  3508 W PackageParser: No actions in intent filter at /system/priv-app/Dialer/Dialer.apk Binary XML file line #152
12-21 01:55:55.679  3440  3508 I PackageManager: /system/priv-app/Dialer changed; collecting certs
12-21 01:55:55.686  3440  3510 I PackageManager: /system/priv-app/DownloadProvider changed; collecting certs
12-21 01:55:55.687  3440  3509 I PackageManager: /system/priv-app/FusedLocation changed; collecting certs
12-21 01:55:55.693  3440  3510 I PackageManager: New shared user android.media: id=10010
12-21 01:55:55.701  3440  3511 I PackageManager: /system/priv-app/InputDevices changed; collecting certs
12-21 01:55:55.702  3440  3510 W PackageManager: Permission android.permission.DOWNLOAD_WITHOUT_NOTIFICATION from package com.android.providers.downloads in an unknown group android.permission-group.NETWORK
12-21 01:55:55.715  3440  3510 I PackageManager: /system/priv-app/LiveLockScreenService changed; collecting certs
12-21 01:55:55.728  3440  3509 I PackageManager: /system/priv-app/ManagedProvisioning changed; collecting certs
12-21 01:55:55.764  3440  3511 I PackageManager: /system/priv-app/MediaProvider changed; collecting certs
12-21 01:55:55.768  3440  3510 I PackageManager: /system/priv-app/MmsService changed; collecting certs
12-21 01:55:55.793  3440  3509 W PackageParser: Unknown element under <manifest>: uses-library at /system/priv-app/GoogleFeedback/GoogleFeedback.apk Binary XML file line #30
12-21 01:55:55.794  3440  3509 I PackageManager: /system/priv-app/GoogleFeedback changed; collecting certs
12-21 01:55:55.799  3440  3510 I PackageManager: /system/priv-app/ProxyHandler changed; collecting certs
12-21 01:55:55.802  3440  3511 I PackageManager: /system/priv-app/PackageInstaller changed; collecting certs
12-21 01:55:55.809  3440  3510 I PackageManager: /system/priv-app/Screencast changed; collecting certs
12-21 01:55:55.837  3440  3510 I PackageManager: /system/priv-app/SettingsProvider changed; collecting certs
12-21 01:55:55.867  3440  3507 I PackageManager: /system/priv-app/SharedStorageBackup changed; collecting certs
12-21 01:55:55.898  3440  3510 I PackageManager: /system/priv-app/Shell changed; collecting certs
12-21 01:55:55.912  3440  3507 I PackageManager: /system/priv-app/StatementService changed; collecting certs
12-21 01:55:55.933  3440  3509 I PackageManager: /system/priv-app/Settings changed; collecting certs
12-21 01:55:55.934  3440  3511 I PackageManager: /system/priv-app/Snap changed; collecting certs
12-21 01:55:55.950  3440  3510 I PackageManager: /system/priv-app/SystemUI changed; collecting certs
12-21 01:55:55.964  3440  3507 I PackageManager: /system/priv-app/Telecom changed; collecting certs
12-21 01:55:55.976  3440  3506 W PackageParser: Ignoring duplicate uses-permissions/uses-permissions-sdk-m: android.permission.ACCESS_WIFI_STATE in package: com.android.phone at: Binary XML file line #134
12-21 01:55:55.981  3440  3506 I PackageManager: /system/priv-app/TeleService changed; collecting certs
12-21 01:55:55.994  3440  3507 I PackageManager: /system/priv-app/TelephonyProvider changed; collecting certs
12-21 01:55:55.998  3440  3508 I PackageManager: /system/priv-app/ThemeChooser changed; collecting certs
12-21 01:55:56.012  3440  3506 I PackageManager: /system/priv-app/ThemeManagerService changed; collecting certs
12-21 01:55:56.040  3440  3507 I PackageManager: /system/priv-app/ThemesProvider changed; collecting certs
12-21 01:55:56.045  3440  3507 I PackageManager: New shared user org.cyanogenmod.themes: id=10021
12-21 01:55:56.053  3440  3506 I PackageManager: /system/priv-app/Trebuchet changed; collecting certs
12-21 01:55:56.065  3440  3507 I PackageManager: /system/priv-app/VpnDialogs changed; collecting certs
12-21 01:55:56.066  3440  3510 I PackageManager: New shared user android.uid.systemui: id=10024
12-21 01:55:56.080  3440  3511 I PackageManager: /system/priv-app/WallpaperCropper changed; collecting certs
12-21 01:55:56.086  3440  3508 I PackageManager: /system/priv-app/WeatherManagerService changed; collecting certs
12-21 01:55:56.090  3440  3510 I PackageManager: /system/priv-app/WeatherProvider changed; collecting certs
12-21 01:55:56.095  3440  3507 I PackageManager: /system/priv-app/GoogleBackupTransport changed; collecting certs
12-21 01:55:56.102  3440  3507 I PackageManager: New shared user com.google.uid.shared: id=10029
12-21 01:55:56.107  3440  3511 I PackageManager: /system/priv-app/GoogleOneTimeInitializer changed; collecting certs
12-21 01:55:56.121  3440  3510 W PackageParser: Ignoring duplicate uses-permissions/uses-permissions-sdk-m: com.google.android.providers.gsf.permission.READ_GSERVICES in package: com.google.android.partnersetup at: Binary XML file line #31
12-21 01:55:56.123  3440  3510 I PackageManager: /system/priv-app/GooglePartnerSetup changed; collecting certs
12-21 01:55:56.130  3440  3506 W PackageManager: Permission com.android.launcher.permission.INSTALL_SHORTCUT from package com.cyanogenmod.trebuchet in an unknown group android.permission-group.SYSTEM_TOOLS
12-21 01:55:56.130  3440  3506 W PackageManager: Permission com.android.launcher3.permission.READ_SETTINGS from package com.cyanogenmod.trebuchet in an unknown group android.permission-group.SYSTEM_TOOLS
12-21 01:55:56.130  3440  3506 W PackageManager: Permission com.android.launcher3.permission.WRITE_SETTINGS from package com.cyanogenmod.trebuchet in an unknown group android.permission-group.SYSTEM_TOOLS
12-21 01:55:56.135  3440  3507 I PackageManager: /system/priv-app/GoogleServicesFramework changed; collecting certs
12-21 01:55:56.146  3440  3511 W PackageParser: No actions in intent filter at /system/priv-app/SetupWizard/SetupWizard.apk Binary XML file line #184
12-21 01:55:56.148  3440  3511 I PackageManager: /system/priv-app/SetupWizard changed; collecting certs
12-21 01:55:56.149  3133  3133 I rild    : type=1400 audit(0.0:163): avc: denied { read write } for name=".nv_core.bak" dev="sda3" ino=89 scontext=u:r:rild:s0 tcontext=u:object_r:unlabeled:s0 tclass=file permissive=1
12-21 01:55:56.149  3133  3133 I rild    : type=1400 audit(0.0:163): avc: denied { open } for path="/efs/.nv_core.bak" dev="sda3" ino=89 scontext=u:r:rild:s0 tcontext=u:object_r:unlabeled:s0 tclass=file permissive=1
12-21 01:55:56.149  3133  3133 W rild    : type=1300 audit(0.0:163): arch=c00000b7 syscall=56 success=yes exit=29 a0=ffffff9c a1=7f92082114 a2=242 a3=1c0 items=0 ppid=1 auid=4294967295 uid=1001 gid=1001 euid=1001 suid=1001 fsuid=1001 egid=1001 sgid=1001 fsgid=1001 tty=(none) ses=4294967295 exe="/system/bin/rild" subj=u:r:rild:s0 key=(null)
12-21 01:55:56.149  2941  2941 W auditd  : type=1327 audit(0.0:163): proctitle="/system/bin/rild"
12-21 01:55:56.149  2941  2941 W auditd  : type=1320 audit(0.0:163): 
12-21 01:55:56.149  3133  3133 I rild    : type=1400 audit(0.0:164): avc: denied { getattr } for path="/efs/.nv_core.bak" dev="sda3" ino=89 scontext=u:r:rild:s0 tcontext=u:object_r:unlabeled:s0 tclass=file permissive=1
12-21 01:55:56.149  3133  3133 W rild    : type=1300 audit(0.0:164): arch=c00000b7 syscall=29 success=yes exit=0 a0=1d a1=80086601 a2=7f91bbdff4 a3=7f91bbdfc0 items=0 ppid=1 auid=4294967295 uid=1001 gid=1001 euid=1001 suid=1001 fsuid=1001 egid=1001 sgid=1001 fsgid=1001 tty=(none) ses=4294967295 exe="/system/bin/rild" subj=u:r:rild:s0 key=(null)
12-21 01:55:56.149  2941  2941 W auditd  : type=1327 audit(0.0:164): proctitle="/system/bin/rild"
12-21 01:55:56.149  2941  2941 W auditd  : type=1320 audit(0.0:164): 
12-21 01:55:56.149  3133  3133 I rild    : type=1400 audit(0.0:165): avc: denied { setattr } for path="/efs/.nv_core.bak" dev="sda3" ino=89 scontext=u:r:rild:s0 tcontext=u:object_r:unlabeled:s0 tclass=file permissive=1
12-21 01:55:56.149  3133  3133 W rild    : type=1300 audit(0.0:165): arch=c00000b7 syscall=29 success=yes exit=0 a0=1d a1=40086602 a2=7f91bbdff4 a3=7f91bbdfc0 items=0 ppid=1 auid=4294967295 uid=1001 gid=1001 euid=1001 suid=1001 fsuid=1001 egid=1001 sgid=1001 fsgid=1001 tty=(none) ses=4294967295 exe="/system/bin/rild" subj=u:r:rild:s0 key=(null)
12-21 01:55:56.149  2941  2941 W auditd  : type=1327 audit(0.0:165): proctitle="/system/bin/rild"
12-21 01:55:56.149  2941  2941 W auditd  : type=1320 audit(0.0:165): 
12-21 01:55:56.149  3133  3133 I rild    : type=1400 audit(0.0:166): avc: denied { append } for name="nv.log" dev="sda3" ino=61 scontext=u:r:rild:s0 tcontext=u:object_r:unlabeled:s0 tclass=file permissive=1
12-21 01:55:56.149  3133  3133 I rild    : type=1400 audit(0.0:166): avc: denied { open } for path="/efs/nv.log" dev="sda3" ino=61 scontext=u:r:rild:s0 tcontext=u:object_r:unlabeled:s0 tclass=file permissive=1
12-21 01:55:56.149  3133  3133 W rild    : type=1300 audit(0.0:166): arch=c00000b7 syscall=56 success=yes exit=30 a0=ffffff9c a1=7f92082154 a2=441 a3=1b6 items=0 ppid=1 auid=4294967295 uid=1001 gid=1001 euid=1001 suid=1001 fsuid=1001 egid=1001 sgid=1001 fsgid=1001 tty=(none) ses=4294967295 exe="/system/bin/rild" subj=u:r:rild:s0 key=(null)
12-21 01:55:56.149  2941  2941 W auditd  : type=1327 audit(0.0:166): proctitle="/system/bin/rild"
12-21 01:55:56.149  2941  2941 W auditd  : type=1320 audit(0.0:166): 
12-21 01:55:56.149  3133  3133 I rild    : type=1400 audit(0.0:167): avc: denied { getattr } for path="/efs/nv.log" dev="sda3" ino=61 scontext=u:r:rild:s0 tcontext=u:object_r:unlabeled:s0 tclass=file permissive=1
12-21 01:55:56.149  3133  3133 W rild    : type=1300 audit(0.0:167): arch=c00000b7 syscall=80 success=yes exit=0 a0=1e a1=7f91bbd590 a2=7f91bbd644 a3=7f91bbdef0 items=0 ppid=1 auid=4294967295 uid=1001 gid=1001 euid=1001 suid=1001 fsuid=1001 egid=1001 sgid=1001 fsgid=1001 tty=(none) ses=4294967295 exe="/system/bin/rild" subj=u:r:rild:s0 key=(null)
12-21 01:55:56.149  2941  2941 W auditd  : type=1327 audit(0.0:167): proctitle="/system/bin/rild"
12-21 01:55:56.149  2941  2941 W auditd  : type=1320 audit(0.0:167): 
12-21 01:55:56.150  3440  3506 I PackageManager: /system/priv-app/GoogleLoginService changed; collecting certs
12-21 01:55:56.189  3440  3507 W PackageManager: Permission com.google.android.googleapps.permission.GOOGLE_AUTH from package com.google.android.gsf in an unknown group android.permission-group.ACCOUNTS
12-21 01:55:56.190  3440  3507 W PackageManager: Permission com.google.android.googleapps.permission.GOOGLE_AUTH.ALL_SERVICES from package com.google.android.gsf in an unknown group android.permission-group.ACCOUNTS
12-21 01:55:56.190  3440  3507 W PackageManager: Permission com.google.android.googleapps.permission.GOOGLE_AUTH.OTHER_SERVICES from package com.google.android.gsf in an unknown group android.permission-group.ACCOUNTS
12-21 01:55:56.190  3440  3507 W PackageManager: Permission com.google.android.googleapps.permission.GOOGLE_AUTH.mail from package com.google.android.gsf in an unknown group android.permission-group.ACCOUNTS
12-21 01:55:56.190  3440  3507 W PackageManager: Permission com.google.android.googleapps.permission.GOOGLE_AUTH.cl from package com.google.android.gsf in an unknown group android.permission-group.ACCOUNTS
12-21 01:55:56.190  3440  3507 W PackageManager: Permission com.google.android.googleapps.permission.GOOGLE_AUTH.android from package com.google.android.gsf in an unknown group android.permission-group.ACCOUNTS
12-21 01:55:56.190  3440  3507 W PackageManager: Permission com.google.android.googleapps.permission.GOOGLE_AUTH.androidsecure from package com.google.android.gsf in an unknown group android.permission-group.ACCOUNTS
12-21 01:55:56.190  3440  3507 W PackageManager: Permission com.google.android.googleapps.permission.GOOGLE_AUTH.sierra from package com.google.android.gsf in an unknown group android.permission-group.ACCOUNTS
12-21 01:55:56.190  3440  3507 W PackageManager: Permission com.google.android.googleapps.permission.GOOGLE_AUTH.sierraqa from package com.google.android.gsf in an unknown group android.permission-group.ACCOUNTS
12-21 01:55:56.190  3440  3507 W PackageManager: Permission com.google.android.googleapps.permission.GOOGLE_AUTH.sierrasandbox from package com.google.android.gsf in an unknown group android.permission-group.ACCOUNTS
12-21 01:55:56.190  3440  3507 W PackageManager: Permission com.google.android.googleapps.permission.GOOGLE_AUTH.youtube from package com.google.android.gsf in an unknown group android.permission-group.ACCOUNTS
12-21 01:55:56.190  3440  3507 W PackageManager: Permission com.google.android.googleapps.permission.GOOGLE_AUTH.YouTubeUser from package com.google.android.gsf in an unknown group android.permission-group.ACCOUNTS
12-21 01:55:56.190  3440  3507 W PackageManager: Permission com.google.android.googleapps.permission.GOOGLE_AUTH.talk from package com.google.android.gsf in an unknown group android.permission-group.ACCOUNTS
12-21 01:55:56.190  3440  3507 W PackageManager: Permission com.google.android.googleapps.permission.GOOGLE_AUTH.ig from package com.google.android.gsf in an unknown group android.permission-group.ACCOUNTS
12-21 01:55:56.190  3440  3507 W PackageManager: Permission com.google.android.googleapps.permission.GOOGLE_AUTH.lh2 from package com.google.android.gsf in an unknown group android.permission-group.ACCOUNTS
12-21 01:55:56.190  3440  3507 W PackageManager: Permission com.google.android.googleapps.permission.GOOGLE_AUTH.mobile from package com.google.android.gsf in an unknown group android.permission-group.ACCOUNTS
12-21 01:55:56.190  3440  3507 W PackageManager: Permission com.google.android.googleapps.permission.GOOGLE_AUTH.cp from package com.google.android.gsf in an unknown group android.permission-group.ACCOUNTS
12-21 01:55:56.190  3440  3507 W PackageManager: Permission com.google.android.googleapps.permission.GOOGLE_AUTH.adsense from package com.google.android.gsf in an unknown group android.permission-group.ACCOUNTS
12-21 01:55:56.190  3440  3507 W PackageManager: Permission com.google.android.googleapps.permission.GOOGLE_AUTH.adwords from package com.google.android.gsf in an unknown group android.permission-group.ACCOUNTS
12-21 01:55:56.190  3440  3507 W PackageManager: Permission com.google.android.googleapps.permission.GOOGLE_AUTH.blogger from package com.google.android.gsf in an unknown group android.permission-group.ACCOUNTS
12-21 01:55:56.190  3440  3507 W PackageManager: Permission com.google.android.googleapps.permission.GOOGLE_AUTH.dodgeball from package com.google.android.gsf in an unknown group android.permission-group.ACCOUNTS
12-21 01:55:56.190  3440  3507 W PackageManager: Permission com.google.android.googleapps.permission.GOOGLE_AUTH.gbase from package com.google.android.gsf in an unknown group android.permission-group.ACCOUNTS
12-21 01:55:56.190  3440  3507 W PackageManager: Permission com.google.android.googleapps.permission.GOOGLE_AUTH.groups2 from package com.google.android.gsf in an unknown group android.permission-group.ACCOUNTS
12-21 01:55:56.190  3440  3507 W PackageManager: Permission com.google.android.googleapps.permission.GOOGLE_AUTH.health from package com.google.android.gsf in an unknown group android.permission-group.ACCOUNTS
12-21 01:55:56.190  3440  3507 W PackageManager: Permission com.google.android.googleapps.permission.GOOGLE_AUTH.jotspot from package com.google.android.gsf in an unknown group android.permission-group.ACCOUNTS
12-21 01:55:56.190  3440  3507 W PackageManager: Permission com.google.android.googleapps.permission.GOOGLE_AUTH.knol from package com.google.android.gsf in an unknown group android.permission-group.ACCOUNTS
12-21 01:55:56.190  3440  3507 W PackageManager: Permission com.google.android.googleapps.permission.GOOGLE_AUTH.news from package com.google.android.gsf in an unknown group android.permission-group.ACCOUNTS
12-21 01:55:56.190  3440  3507 W PackageManager: Permission com.google.android.googleapps.permission.GOOGLE_AUTH.orkut from package com.google.android.gsf in an unknown group android.permission-group.ACCOUNTS
12-21 01:55:56.190  3440  3507 W PackageManager: Permission com.google.android.googleapps.permission.GOOGLE_AUTH.print from package com.google.android.gsf in an unknown group android.permission-group.ACCOUNTS
12-21 01:55:56.190  3440  3507 W PackageManager: Permission com.google.android.googleapps.permission.GOOGLE_AUTH.sitemaps from package com.google.android.gsf in an unknown group android.permission-group.ACCOUNTS
12-21 01:55:56.190  3440  3507 W PackageManager: Permission com.google.android.googleapps.permission.GOOGLE_AUTH.wifi from package com.google.android.gsf in an unknown group android.permission-group.ACCOUNTS
12-21 01:55:56.190  3440  3507 W PackageManager: Permission com.google.android.googleapps.permission.GOOGLE_AUTH.finance from package com.google.android.gsf in an unknown group android.permission-group.ACCOUNTS
12-21 01:55:56.190  3440  3507 W PackageManager: Permission com.google.android.googleapps.permission.GOOGLE_AUTH.local from package com.google.android.gsf in an unknown group android.permission-group.ACCOUNTS
12-21 01:55:56.190  3440  3507 W PackageManager: Permission com.google.android.googleapps.permission.GOOGLE_AUTH.ah from package com.google.android.gsf in an unknown group android.permission-group.ACCOUNTS
12-21 01:55:56.190  3440  3507 W PackageManager: Permission com.google.android.googleapps.permission.GOOGLE_AUTH.notebook from package com.google.android.gsf in an unknown group android.permission-group.ACCOUNTS
12-21 01:55:56.190  3440  3507 W PackageManager: Permission com.google.android.googleapps.permission.GOOGLE_AUTH.writely from package com.google.android.gsf in an unknown group android.permission-group.ACCOUNTS
12-21 01:55:56.190  3440  3507 W PackageManager: Permission com.google.android.googleapps.permission.GOOGLE_AUTH.wise from package com.google.android.gsf in an unknown group android.permission-group.ACCOUNTS
12-21 01:55:56.190  3440  3507 W PackageManager: Permission com.google.android.googleapps.permission.GOOGLE_AUTH.grandcentral from package com.google.android.gsf in an unknown group android.permission-group.ACCOUNTS
12-21 01:55:56.190  3440  3507 W PackageManager: Permission com.google.android.googleapps.permission.GOOGLE_AUTH.speechpersonalization from package com.google.android.gsf in an unknown group android.permission-group.ACCOUNTS
12-21 01:55:56.190  3440  3507 W PackageManager: Permission com.google.android.googleapps.permission.GOOGLE_AUTH.speech from package com.google.android.gsf in an unknown group android.permission-group.ACCOUNTS
12-21 01:55:56.190  3440  3507 W PackageManager: Permission com.google.android.providers.talk.permission.READ_ONLY from package com.google.android.gsf in an unknown group android.permission-group.MESSAGES
12-21 01:55:56.190  3440  3507 W PackageManager: Permission com.google.android.providers.talk.permission.WRITE_ONLY from package com.google.android.gsf in an unknown group android.permission-group.MESSAGES
12-21 01:55:56.190  3440  3507 W PackageManager: Permission com.google.android.gtalkservice.permission.GTALK_SERVICE from package com.google.android.gsf in an unknown group android.permission-group.MESSAGES
12-21 01:55:56.190  3440  3507 W PackageManager: Permission com.google.android.gtalkservice.permission.SEND_HEARTBEAT from package com.google.android.gsf in an unknown group android.permission-group.NETWORK
12-21 01:55:56.190  3440  3507 W PackageManager: Permission com.google.android.permission.BROADCAST_DATA_MESSAGE from package com.google.android.gsf in an unknown group android.permission-group.NETWORK
12-21 01:55:56.190  3440  3507 W PackageManager: Permission com.google.android.c2dm.permission.SEND from package com.google.android.gsf in an unknown group android.permission-group.NETWORK
12-21 01:55:56.190  3440  3507 W PackageManager: Permission com.google.android.c2dm.permission.RECEIVE from package com.google.android.gsf in an unknown group android.permission-group.NETWORK
12-21 01:55:56.190  3440  3507 W PackageManager: Permission com.google.android.xmpp.permission.BROADCAST from package com.google.android.gsf in an unknown group android.permission-group.NETWORK
12-21 01:55:56.190  3440  3507 W PackageManager: Permission com.google.android.xmpp.permission.SEND_RECEIVE from package com.google.android.gsf in an unknown group android.permission-group.NETWORK
12-21 01:55:56.190  3440  3507 W PackageManager: Permission com.google.android.xmpp.permission.XMPP_ENDPOINT_BROADCAST from package com.google.android.gsf in an unknown group android.permission-group.NETWORK
12-21 01:55:56.190  3440  3507 W PackageManager: Permission com.google.android.xmpp.permission.USE_XMPP_ENDPOINT from package com.google.android.gsf in an unknown group android.permission-group.NETWORK
12-21 01:55:56.190  3440  3507 W PackageManager: Permission com.google.android.providers.gsf.permission.READ_GSERVICES from package com.google.android.gsf in an unknown group android.permission-group.ACCOUNTS
12-21 01:55:56.199  3440  3510 I PackageManager: /system/priv-app/ConfigUpdater changed; collecting certs
12-21 01:55:56.201  3440  3507 I PackageManager: /system/priv-app/HotwordEnrollment changed; collecting certs
12-21 01:55:56.232  3440  3508 I PackageManager: /system/priv-app/PrebuiltGmsCore changed; collecting certs
12-21 01:55:56.281  3440  3509 W PackageParser: Ignoring duplicate uses-permissions/uses-permissions-sdk-m: android.permission.READ_PHONE_STATE in package: com.google.android.googlequicksearchbox at: Binary XML file line #475
12-21 01:55:56.281  3440  3509 W PackageParser: Ignoring duplicate uses-permissions/uses-permissions-sdk-m: android.permission.CAMERA in package: com.google.android.googlequicksearchbox at: Binary XML file line #476
12-21 01:55:56.300  3440  3509 I PackageManager: /system/priv-app/Velvet changed; collecting certs
12-21 01:55:56.397  3048  3048 I ServiceManager: Waiting for service media.camera.proxy...
12-21 01:55:56.766  3440  3450 I art     : Background partial concurrent mark sweep GC freed 269878(16MB) AllocSpace objects, 38(7MB) LOS objects, 22% free, 53MB/69MB, paused 5.070ms total 156.813ms
12-21 01:55:56.941  3440  3508 W PackageManager: Permission com.google.android.gms.permission.ACTIVITY_RECOGNITION from package com.google.android.gms in an unknown group android.permission-group.PERSONAL_INFO
12-21 01:55:56.955  3440  3509 W PackageManager: Permission com.google.android.launcher.permission.READ_SETTINGS from package com.google.android.googlequicksearchbox in an unknown group android.permission-group.SYSTEM_TOOLS
12-21 01:55:56.955  3440  3509 W PackageManager: Permission com.google.android.launcher.permission.WRITE_SETTINGS from package com.google.android.googlequicksearchbox in an unknown group android.permission-group.SYSTEM_TOOLS
12-21 01:55:56.955  3440  3509 W PackageManager: Permission com.android.launcher.permission.INSTALL_SHORTCUT from package com.google.android.googlequicksearchbox in an unknown group android.permission-group.SYSTEM_TOOLS
12-21 01:55:56.955  3440  3440 D PackageManager: end scanDirLI:/system/priv-app
12-21 01:55:56.955  3440  3440 D PackageManager: start scanDirLI:/system/app
12-21 01:55:56.955  3440  3440 D PackageManager: max thread:6
12-21 01:55:56.963  3440  3510 I PackageManager: /system/app/BasicDreams changed; collecting certs
12-21 01:55:56.971  3440  3506 I PackageManager: /system/app/BluetoothMidiService changed; collecting certs
12-21 01:55:56.976  3440  3509 I PackageManager: /system/app/CMWallpapers changed; collecting certs
12-21 01:55:56.982  3440  3507 W PackageParser: No actions in intent filter at /system/app/Bluetooth/Bluetooth.apk Binary XML file line #235
12-21 01:55:56.983  3440  3507 I PackageManager: /system/app/Bluetooth changed; collecting certs
12-21 01:55:56.992  3440  3511 I PackageManager: /system/app/Browser changed; collecting certs
12-21 01:55:56.995  3440  3508 W PackageParser: No actions in intent filter at /system/app/CMFileManager/CMFileManager.apk Binary XML file line #164
12-21 01:55:56.995  3440  3508 I PackageManager: /system/app/CMFileManager changed; collecting certs
12-21 01:55:57.014  3440  3510 I PackageManager: /system/app/Calendar changed; collecting certs
12-21 01:55:57.015  3440  3506 I PackageManager: /system/app/CaptivePortalLogin changed; collecting certs
12-21 01:55:57.049  3440  3507 I PackageManager: /system/app/CertInstaller changed; collecting certs
12-21 01:55:57.053  3440  3506 I PackageManager: /system/app/Development changed; collecting certs
12-21 01:55:57.056  3440  3509 I PackageManager: /system/app/DeskClock changed; collecting certs
12-21 01:55:57.061  3440  3450 I art     : Background sticky concurrent mark sweep GC freed 197232(12MB) AllocSpace objects, 18(4MB) LOS objects, 6% free, 65MB/69MB, paused 1.267ms total 174.960ms
12-21 01:55:57.075  3440  3508 I PackageManager: /system/app/DocumentsUI changed; collecting certs
12-21 01:55:57.082  3440  3507 I PackageManager: /system/app/DownloadProviderUi changed; collecting certs
12-21 01:55:57.103  3440  3506 I PackageManager: /system/app/Eleven changed; collecting certs
12-21 01:55:57.110  3440  3510 I PackageManager: /system/app/Email changed; collecting certs
12-21 01:55:57.127  3440  3511 I PackageManager: /system/app/ExactCalculator changed; collecting certs
12-21 01:55:57.136  3440  3507 I PackageManager: /system/app/Exchange2 changed; collecting certs
12-21 01:55:57.142  3440  3508 I PackageManager: /system/app/Galaxy4 changed; collecting certs
12-21 01:55:57.161  3054  3434 D wrapperGPS: onError: error 4
12-21 01:55:57.161  3054  3054 D gpsd    : WakeLock(Acquire,GPSD)
12-21 01:55:57.208  3440  3506 I PackageManager: /system/app/HTMLViewer changed; collecting certs
12-21 01:55:57.218  3440  3508 I PackageManager: /system/app/HoloSpiralWallpaper changed; collecting certs
12-21 01:55:57.227  3440  3511 I PackageManager: /system/app/KeyChain changed; collecting certs
12-21 01:55:57.230  3440  3509 W PackageParser: Unknown element under <application>: permission at /system/app/Gallery2/Gallery2.apk Binary XML file line #279
12-21 01:55:57.230  3440  3509 W PackageParser: Unknown element under <application>: permission at /system/app/Gallery2/Gallery2.apk Binary XML file line #282
12-21 01:55:57.231  3440  3509 I PackageManager: /system/app/Gallery2 changed; collecting certs
12-21 01:55:57.238  3440  3507 I PackageManager: /system/app/HexoLibre changed; collecting certs
12-21 01:55:57.242  3440  3450 I art     : Background partial concurrent mark sweep GC freed 537985(32MB) AllocSpace objects, 115(10MB) LOS objects, 31% free, 34MB/50MB, paused 3.084ms total 129.566ms
12-21 01:55:57.266  3440  3511 I PackageManager: /system/app/LiveWallpapers changed; collecting certs
12-21 01:55:57.267  3440  3506 I PackageManager: /system/app/LatinIME changed; collecting certs
12-21 01:55:57.272  3440  3508 I PackageManager: /system/app/LiveWallpapersPicker changed; collecting certs
12-21 01:55:57.286  3440  3510 I PackageManager: /system/app/LockClock changed; collecting certs
12-21 01:55:57.289  3524  3524 I rild    : type=1400 audit(0.0:168): avc: denied { read } for name="sda8" dev="tmpfs" ino=8898 scontext=u:r:rild:s0 tcontext=u:object_r:block_device:s0 tclass=blk_file permissive=1
12-21 01:55:57.289  3524  3524 I rild    : type=1400 audit(0.0:168): avc: denied { open } for path="/dev/block/sda8" dev="tmpfs" ino=8898 scontext=u:r:rild:s0 tcontext=u:object_r:block_device:s0 tclass=blk_file permissive=1
12-21 01:55:57.289  3524  3524 W rild    : type=1300 audit(0.0:168): arch=c00000b7 syscall=56 success=yes exit=11 a0=ffffff9c a1=7f97b02174 a2=0 a3=0 items=0 ppid=1 auid=4294967295 uid=1001 gid=1001 euid=1001 suid=1001 fsuid=1001 egid=1001 sgid=1001 fsgid=1001 tty=(none) ses=4294967295 exe="/system/bin/rild" subj=u:r:rild:s0 key=(null)
12-21 01:55:57.289  2941  2941 W auditd  : type=1327 audit(0.0:168): proctitle="/system/bin/rild"
12-21 01:55:57.289  2941  2941 W auditd  : type=1320 audit(0.0:168): 
12-21 01:55:57.303  3440  3511 I PackageManager: /system/app/NoiseField changed; collecting certs
12-21 01:55:57.304  3440  3508 I PackageManager: /system/app/PacProcessor changed; collecting certs
12-21 01:55:57.315  3440  3508 I PackageManager: /system/app/PhaseBeam changed; collecting certs
12-21 01:55:57.324  3440  3511 I PackageManager: /system/app/PhotoPhase changed; collecting certs
12-21 01:55:57.337  3440  3508 I PackageManager: /system/app/PhotoTable changed; collecting certs
12-21 01:55:57.352  3440  3508 I PackageManager: /system/app/PicoTts changed; collecting certs
12-21 01:55:57.365  3440  3511 I PackageManager: /system/app/Profiles changed; collecting certs
12-21 01:55:57.369  3440  3509 I PackageManager: /system/app/PrintSpooler changed; collecting certs
12-21 01:55:57.374  3440  3510 I PackageManager: /system/app/RootPA changed; collecting certs
12-21 01:55:57.381  3440  3508 I PackageManager: /system/app/FaceLock changed; collecting certs
12-21 01:55:57.384  3440  3511 I PackageManager: /system/app/SamsungServiceMode changed; collecting certs
12-21 01:55:57.396  3440  3510 I PackageManager: /system/app/SoundRecorder changed; collecting certs
12-21 01:55:57.398  3048  3048 I AudioPolicyService: AudioPolicyService CSTOR in new mode
12-21 01:55:57.400  3048  3048 W APM::HwModule: loadOutput() invalid supported devices
12-21 01:55:57.400  3048  3048 W APM::HwModule: loadOutput() invalid supported devices
12-21 01:55:57.400  3048  3048 W APM::HwModule: loadInput() invalid supported devices
12-21 01:55:57.400  3048  3048 W APM::HwModule: loadInput() invalid supported devices
12-21 01:55:57.400  3048  3048 I APM::ConfigParsingUtils: loadAudioPolicyConfig() loaded /system/etc/audio_policy.conf
12-21 01:55:57.413  3440  3509 I PackageManager: /system/app/Stk changed; collecting certs
12-21 01:55:57.437  3440  3508 I PackageManager: /system/app/UserDictionaryProvider changed; collecting certs
12-21 01:55:57.442  3440  3511 I PackageManager: /system/app/Terminal changed; collecting certs
12-21 01:55:57.469    50    50 I kworker/u16:1: type=1400 audit(0.0:169): avc: denied { write } for name="gyro_cal_data" dev="sda3" ino=45 scontext=u:r:kernel:s0 tcontext=u:object_r:app_efs_file:s0 tclass=file permissive=1
12-21 01:55:57.470  3440  3509 I PackageManager: /system/app/WAPPushManager changed; collecting certs
12-21 01:55:57.485  3440  3510 W PackageManager: Failed to parse /system/app/mcRegistry: Missing base APK in /system/app/mcRegistry
12-21 01:55:57.486  3440  3508 I PackageManager: /system/app/WallpaperPicker changed; collecting certs
12-21 01:55:57.500  3440  3450 I art     : Background sticky concurrent mark sweep GC freed 221669(14MB) AllocSpace objects, 128(5MB) LOS objects, 27% free, 36MB/50MB, paused 1.354ms total 100.292ms
12-21 01:55:57.502  3440  3507 I PackageManager: /system/app/telresources changed; collecting certs
12-21 01:55:57.517  3440  3511 I PackageManager: /system/app/webview changed; collecting certs
12-21 01:55:57.529  3440  3509 I PackageManager: /system/app/GoogleContactsSyncAdapter changed; collecting certs
12-21 01:55:57.544  3440  3508 I PackageManager: /system/app/GoogleCalendarSyncAdapter changed; collecting certs
12-21 01:55:57.548  3440  3507 I PackageManager: /system/app/GoogleTTS changed; collecting certs
12-21 01:55:57.574  3440  3510 I PackageManager: /system/app/messaging changed; collecting certs
12-21 01:55:57.596  3440  3508 I PackageManager: New shared user com.google.android.calendar.uid.shared: id=10077
12-21 01:55:57.798  3440  3440 D PackageManager: end scanDirLI:/system/app
12-21 01:55:57.798  3440  3440 D PackageManager: No files in app dir /system/vendor/app
12-21 01:55:57.798  3440  3440 D PackageManager: No files in app dir /oem/app
12-21 01:55:57.799  3440  3440 D PackageManager: No files in app dir /vendor/bundled-app
12-21 01:55:57.800  3440  3440 D PackageManager: start scanDirLI:/data/app
12-21 01:55:57.800  3440  3440 D PackageManager: max thread:6
12-21 01:55:57.800  3440  3509 W PackageManager: Failed to parse /data/app/mcRegistry: Missing base APK in /data/app/mcRegistry
12-21 01:55:57.800  3440  3440 D PackageManager: end scanDirLI:/data/app
12-21 01:55:57.800  3440  3440 D PackageManager: No files in app dir /data/app-private
12-21 01:55:57.801  3440  3440 W PackageManager: Package com.android.dialer desires unavailable shared library com.qualcomm.qti.smartsearch; ignoring!
12-21 01:55:57.801  3440  3440 W PackageManager: Package com.google.android.gms desires unavailable shared library com.google.android.ble; ignoring!
12-21 01:55:57.801  3440  3440 I PackageManager: Adjusting ABI for : com.google.android.gsf.login to arm64-v8a
12-21 01:55:57.802  3440  3440 I PackageManager.DexOptimizer: Running dexopt (dex2oat) on: /system/priv-app/GoogleLoginService/GoogleLoginService.apk pkg=com.google.android.gsf.login isa=arm64 vmSafeMode=false debuggable=false oatDir = null bootComplete=false
12-21 01:55:57.828  3552  3552 I dex2oat : Adjusted thread count (for runtime dex2oat): 4, 4
12-21 01:55:57.828  3552  3552 I dex2oat : /system/bin/dex2oat --compiler-filter=speed
12-21 01:55:58.085  3048  3048 V audio_hw_primary: adev_open: Forcing voice config: wide
12-21 01:55:58.085  3048  3048 I AudioFlinger: loadHwModule() Loaded primary audio interface from Samsung audio HW HAL (audio) handle 1
12-21 01:55:58.085  3048  3048 I AudioFlinger: openOutput(), module 1 Device 2, SamplingRate 48000, Format 0x000001, Channels 3, flags a
12-21 01:55:58.085  3048  3048 I AudioFlinger: AudioStreamOut::open(), mHalFormatIsLinearPcm = 1
12-21 01:55:58.085  3048  3048 I AudioFlinger: HAL output buffer size 1024 frames, normal sink buffer size 1024 frames
12-21 01:55:58.101  3048  3048 I BufferProvider: found effect "Multichannel Downmix To Stereo" from The Android Open Source Project
12-21 01:55:58.102  3048  3048 I AudioFlinger: Using module 1 has the primary audio interface
12-21 01:55:58.102  3048  3567 I AudioFlinger: AudioFlinger's thread 0xf3000000 ready to run
12-21 01:55:58.102  3048  3567 V audio_hw_primary: out_set_parameters: key value pairs: routing=2
12-21 01:55:58.103  3048  3567 V audio_hw_primary: do_out_standby: output standby: 1
12-21 01:55:58.104  3048  3567 E AudioFlinger: no wake lock to update!
12-21 01:55:58.105  3048  3048 I AudioFlinger: openOutput(), module 1 Device 2, SamplingRate 48000, Format 0x000001, Channels 3, flags 4
12-21 01:55:58.105  3048  3048 I AudioFlinger: AudioStreamOut::open(), mHalFormatIsLinearPcm = 1
12-21 01:55:58.105  3048  3048 I AudioFlinger: HAL output buffer size 256 frames, normal sink buffer size 960 frames
12-21 01:55:58.105  3048  3048 E MonoPipe: Failed to fetch local time frequency when constructing a MonoPipe (res = -32).  getNextWriteTimestamp calls will be non-functional
12-21 01:55:58.107  3048  3569 I AudioFlinger: AudioFlinger's thread 0xf2e40000 ready to run
12-21 01:55:58.107  3048  3569 V audio_hw_primary: out_set_parameters: key value pairs: routing=2
12-21 01:55:58.107  3048  3569 V audio_hw_primary: do_out_standby: output standby: 1
12-21 01:55:58.107  3048  3569 E AudioFlinger: no wake lock to update!
12-21 01:55:58.108  3048  3048 V audio_hw_primary: adev_open_input_stream: Requesting input stream with rate: 48000, channels: 0xc
12-21 01:55:58.109  3048  3570 I AudioFlinger: AudioFlinger's thread 0xf2b40000 ready to run
12-21 01:55:58.111  3048  3048 I bt_a2dp_hw: adev_open:  adev_open in A2dp_hw module
12-21 01:55:58.111  3048  3048 I AudioFlinger: loadHwModule() Loaded a2dp audio interface from A2DP Audio HW HAL (audio) handle 5
12-21 01:55:58.113  3048  3048 I AudioFlinger: loadHwModule() Loaded usb audio interface from USB audio HW HAL (audio) handle 6
