12-19 17:22:19.274  3408  3426 D BluetoothManagerService: Added callback: android.bluetooth.BluetoothAdapter$1@1a37a30:true
12-19 17:22:19.275  3750  3750 V WebViewFactory: RelroFileCreator (64bit = true),  32-bit lib: /system/app/webview/webview.apk!/lib/armeabi-v7a/libwebviewchromium.so, 64-bit lib: /system/app/webview/webview.apk!/lib/arm64-v8a/libwebviewchromium.so
12-19 17:22:19.276  3408  3426 D BluetoothManagerService: Message: 30
12-19 17:22:19.281  3408  3408 I Telecom : ViceNotificationImpl: ViceNotificationImpl
12-19 17:22:19.285  3706  3706 W System  : ClassLoader referenced unknown path: /system/priv-app/SystemUI/lib/arm64
12-19 17:22:19.287  2991  2991 E SELinux : avc:  denied  { find } for service=network_management scontext=u:r:themeservice_app:s0 tcontext=u:object_r:network_management_service:s0 tclass=service_manager
12-19 17:22:19.279  2929  2929 W auditd  : type=1325 audit(0.0:152): table=filter family=2 entries=52
12-19 17:22:19.279  2929  2929 W auditd  : type=1320 audit(0.0:152): 
12-19 17:22:19.291  3408  3426 D BluetoothManagerService: Message: 30
12-19 17:22:19.294  3408  3408 I Telecom : Class: TelecomSystem.INSTANCE being set
12-19 17:22:19.294  3725  3725 W System  : ClassLoader referenced unknown path: /system/priv-app/ThemeManagerService/lib/arm64
12-19 17:22:19.294  3408  3408 W ContextImpl: Calling a method in the system process without a qualified user: android.app.ContextImpl.startService:1231 android.content.ContextWrapper.startService:587 com.android.server.telecom.components.TelecomService.initializeTelecomSystem:141 com.android.server.telecom.components.TelecomService.onBind:69 android.app.ActivityThread.handleBindService:2938 
12-19 17:22:19.298  3725  3725 I ThemeManagerService: Spawned worker thread
12-19 17:22:19.289  2929  2929 W auditd  : type=1325 audit(0.0:153): table=filter family=10 entries=55
12-19 17:22:19.289  2929  2929 W auditd  : type=1320 audit(0.0:153): 
12-19 17:22:19.301  3408  3768 I ActivityManager: Start proc 3772:android.process.acore/u0a4 for content provider com.android.providers.contacts/.CallLogProvider
12-19 17:22:19.299  2929  2929 W auditd  : type=1325 audit(0.0:154): table=filter family=2 entries=51
12-19 17:22:19.299  2929  2929 W auditd  : type=1320 audit(0.0:154): 
12-19 17:22:19.319  3725  3725 D ThemeManagerService: Previous api level not found. First time booting?
12-19 17:22:19.319  3725  3725 D ThemeManagerService: Prev api level was: -1, api is now: 23
12-19 17:22:19.319  3725  3725 D ThemeManagerService: The system has been upgraded to a theme new api, checking if currently set theme is compatible
12-19 17:22:19.309  2929  2929 W auditd  : type=1325 audit(0.0:155): table=filter family=10 entries=54
12-19 17:22:19.309  2929  2929 W auditd  : type=1320 audit(0.0:155): 
12-19 17:22:19.333  3408  3699 I ActivityManager: Start proc 3793:org.cyanogenmod.themes.provider/u0a23 for content provider org.cyanogenmod.themes.provider/.ThemesProvider
12-19 17:22:19.329  2929  2929 W auditd  : type=1325 audit(0.0:156): table=filter family=2 entries=50
12-19 17:22:19.329  2929  2929 W auditd  : type=1320 audit(0.0:156): 
12-19 17:22:19.338  3408  3408 I PackageManager: Replacing preferred activity com.android.messaging/.ui.conversation.LaunchConversationActivity for user 0:
12-19 17:22:19.338  3408  3408 I PackageManager:   Action: "android.intent.action.SENDTO"
12-19 17:22:19.338  3408  3408 I PackageManager:   Category: "android.intent.category.DEFAULT"
12-19 17:22:19.338  3408  3408 I PackageManager:   Scheme: "sms"
12-19 17:22:19.338  3408  3408 I PackageManager:   AutoVerify=false
12-19 17:22:19.338  3408  3408 I PackageManager: Replacing preferred activity com.android.messaging/.ui.conversation.LaunchConversationActivity for user 0:
12-19 17:22:19.338  3408  3408 I PackageManager:   Action: "android.intent.action.SENDTO"
12-19 17:22:19.338  3408  3408 I PackageManager:   Category: "android.intent.category.DEFAULT"
12-19 17:22:19.338  3408  3408 I PackageManager:   Scheme: "smsto"
12-19 17:22:19.338  3408  3408 I PackageManager:   AutoVerify=false
12-19 17:22:19.338  3408  3408 I PackageManager: Replacing preferred activity com.android.messaging/.ui.conversation.LaunchConversationActivity for user 0:
12-19 17:22:19.338  3408  3408 I PackageManager:   Action: "android.intent.action.SENDTO"
12-19 17:22:19.338  3408  3408 I PackageManager:   Category: "android.intent.category.DEFAULT"
12-19 17:22:19.338  3408  3408 I PackageManager:   Scheme: "mms"
12-19 17:22:19.338  3408  3408 I PackageManager:   AutoVerify=false
12-19 17:22:19.338  3408  3408 I PackageManager: Replacing preferred activity com.android.messaging/.ui.conversation.LaunchConversationActivity for user 0:
12-19 17:22:19.338  3408  3408 I PackageManager:   Action: "android.intent.action.SENDTO"
12-19 17:22:19.338  3408  3408 I PackageManager:   Category: "android.intent.category.DEFAULT"
12-19 17:22:19.338  3408  3408 I PackageManager:   Scheme: "mmsto"
12-19 17:22:19.338  3408  3408 I PackageManager:   AutoVerify=false
12-19 17:22:19.340  3408  3408 I DefaultPermGrantPolicy: Granting permissions to default sms app for user:0
12-19 17:22:19.341  3408  3408 I DefaultPermGrantPolicy: Granting permissions to default dialer app for user:0
12-19 17:22:19.339  2929  2929 W auditd  : type=1325 audit(0.0:157): table=filter family=10 entries=53
12-19 17:22:19.339  2929  2929 W auditd  : type=1320 audit(0.0:157): 
12-19 17:22:19.346  3408  3408 I Telecom : PhoneAccountRegistrar: SimCallManager queried, returning: null
12-19 17:22:19.347  3408  3408 I DefaultPermGrantPolicy: Granting permissions to default sms app for user:0
12-19 17:22:19.352  3772  3772 W System  : ClassLoader referenced unknown path: /system/priv-app/ContactsProvider/lib/arm64
12-19 17:22:19.349  2929  2929 W auditd  : type=1325 audit(0.0:158): table=filter family=2 entries=50
12-19 17:22:19.349  2929  2929 W auditd  : type=1320 audit(0.0:158): 
12-19 17:22:19.349  2929  2929 W auditd  : type=1325 audit(0.0:159): table=filter family=10 entries=53
12-19 17:22:19.349  2929  2929 W auditd  : type=1320 audit(0.0:159): 
12-19 17:22:19.367  3793  3793 W System  : ClassLoader referenced unknown path: /system/priv-app/ThemesProvider/lib/arm64
12-19 17:22:19.359  2929  2929 W auditd  : type=1325 audit(0.0:160): table=filter family=2 entries=50
12-19 17:22:19.359  2929  2929 W auditd  : type=1320 audit(0.0:160): 
12-19 17:22:19.379  2929  2929 W auditd  : type=1325 audit(0.0:161): table=filter family=10 entries=53
12-19 17:22:19.379  2929  2929 W auditd  : type=1320 audit(0.0:161): 
12-19 17:22:19.399  2929  2929 W auditd  : type=1325 audit(0.0:162): table=filter family=2 entries=50
12-19 17:22:19.399  2929  2929 W auditd  : type=1320 audit(0.0:162): 
12-19 17:22:19.399  2929  2929 W auditd  : type=1325 audit(0.0:163): table=filter family=10 entries=53
12-19 17:22:19.399  2929  2929 W auditd  : type=1320 audit(0.0:163): 
12-19 17:22:19.409  2929  2929 W auditd  : type=1325 audit(0.0:164): table=raw family=2 entries=10
12-19 17:22:19.409  2929  2929 W auditd  : type=1320 audit(0.0:164): 
12-19 17:22:19.409  2929  2929 W auditd  : type=1325 audit(0.0:165): table=raw family=10 entries=10
12-19 17:22:19.409  2929  2929 W auditd  : type=1320 audit(0.0:165): 
12-19 17:22:19.419  2929  2929 W auditd  : type=1325 audit(0.0:166): table=mangle family=2 entries=17
12-19 17:22:19.419  2929  2929 W auditd  : type=1320 audit(0.0:166): 
12-19 17:22:19.438  3772  3772 W System  : ClassLoader referenced unknown path: /system/app/UserDictionaryProvider/lib/arm64
12-19 17:22:19.446  3706  3706 V SystemUIService: Starting SystemUI services.
12-19 17:22:19.450  3739  3739 I art     : System.exit called, status: 0
12-19 17:22:19.450  3739  3739 I AndroidRuntime: VM exiting with result code 0, cleanup skipped.
12-19 17:22:19.511  3011  3400 I iptables: iptables: No chain/target/match by that name.
12-19 17:22:19.511  3011  3400 I iptables: iptables terminated by exit(1)
12-19 17:22:19.511  3011  3400 E Netd    : exec() res=0, status=256 for /system/bin/iptables -w -F st_penalty_log 
12-19 17:22:19.516  3011  3400 I ip6tables: ip6tables: No chain/target/match by that name.
12-19 17:22:19.516  3011  3400 I ip6tables: ip6tables terminated by exit(1)
12-19 17:22:19.516  3011  3400 E Netd    : exec() res=0, status=256 for /system/bin/ip6tables -w -F st_penalty_log 
12-19 17:22:19.520  3011  3400 I iptables: iptables: No chain/target/match by that name.
12-19 17:22:19.521  3011  3400 I iptables: iptables terminated by exit(1)
12-19 17:22:19.521  3011  3400 E Netd    : exec() res=0, status=256 for /system/bin/iptables -w -F st_penalty_reject 
12-19 17:22:19.526  3011  3400 I ip6tables: ip6tables: No chain/target/match by that name.
12-19 17:22:19.534  3011  3400 I ip6tables: ip6tables terminated by exit(1)
12-19 17:22:19.534  3011  3400 E Netd    : exec() res=0, status=256 for /system/bin/ip6tables -w -F st_penalty_reject 
12-19 17:22:19.540  3011  3400 I iptables: iptables: No chain/target/match by that name.
12-19 17:22:19.544  3011  3400 I iptables: iptables terminated by exit(1)
12-19 17:22:19.544  3011  3400 E Netd    : exec() res=0, status=256 for /system/bin/iptables -w -F st_clear_caught 
12-19 17:22:19.549  3011  3400 I ip6tables: ip6tables: No chain/target/match by that name.
12-19 17:22:19.554  3011  3400 I ip6tables: ip6tables terminated by exit(1)
12-19 17:22:19.554  3011  3400 E Netd    : exec() res=0, status=256 for /system/bin/ip6tables -w -F st_clear_caught 
12-19 17:22:19.560  3011  3400 I iptables: iptables: No chain/target/match by that name.
12-19 17:22:19.564  3011  3400 I iptables: iptables terminated by exit(1)
12-19 17:22:19.564  3011  3400 E Netd    : exec() res=0, status=256 for /system/bin/iptables -w -F st_clear_detect 
12-19 17:22:19.568  3011  3400 I ip6tables: ip6tables: No chain/target/match by that name.
12-19 17:22:19.572  3750  3750 I art     : System.exit called, status: 0
12-19 17:22:19.572  3750  3750 I AndroidRuntime: VM exiting with result code 0, cleanup skipped.
12-19 17:22:19.574  3011  3400 I ip6tables: ip6tables terminated by exit(1)
12-19 17:22:19.574  3011  3400 E Netd    : exec() res=0, status=256 for /system/bin/ip6tables -w -F st_clear_detect 
12-19 17:22:19.579  3011  3400 I iptables: iptables: No chain/target/match by that name.
12-19 17:22:19.583  3011  3400 I iptables: iptables terminated by exit(1)
12-19 17:22:19.583  3011  3400 E Netd    : exec() res=0, status=256 for /system/bin/iptables -w -X st_penalty_log 
12-19 17:22:19.588  3011  3400 I ip6tables: ip6tables: No chain/target/match by that name.
12-19 17:22:19.594  3011  3400 I ip6tables: ip6tables terminated by exit(1)
12-19 17:22:19.594  3011  3400 E Netd    : exec() res=0, status=256 for /system/bin/ip6tables -w -X st_penalty_log 
12-19 17:22:19.598  3011  3400 I iptables: iptables: No chain/target/match by that name.
12-19 17:22:19.598  3011  3400 I iptables: iptables terminated by exit(1)
12-19 17:22:19.598  3011  3400 E Netd    : exec() res=0, status=256 for /system/bin/iptables -w -X st_penalty_reject 
12-19 17:22:19.603  3011  3400 I ip6tables: ip6tables: No chain/target/match by that name.
12-19 17:22:19.603  3011  3400 I ip6tables: ip6tables terminated by exit(1)
12-19 17:22:19.603  3011  3400 E Netd    : exec() res=0, status=256 for /system/bin/ip6tables -w -X st_penalty_reject 
12-19 17:22:19.609  3011  3400 I iptables: iptables: No chain/target/match by that name.
12-19 17:22:19.614  3011  3400 I iptables: iptables terminated by exit(1)
12-19 17:22:19.614  3011  3400 E Netd    : exec() res=0, status=256 for /system/bin/iptables -w -X st_clear_caught 
12-19 17:22:19.618  3011  3400 I ip6tables: ip6tables: No chain/target/match by that name.
12-19 17:22:19.618  3011  3400 I ip6tables: ip6tables terminated by exit(1)
12-19 17:22:19.619  3011  3400 E Netd    : exec() res=0, status=256 for /system/bin/ip6tables -w -X st_clear_caught 
12-19 17:22:19.623  3011  3400 I iptables: iptables: No chain/target/match by that name.
12-19 17:22:19.623  3011  3400 I iptables: iptables terminated by exit(1)
12-19 17:22:19.624  3011  3400 E Netd    : exec() res=0, status=256 for /system/bin/iptables -w -X st_clear_detect 
12-19 17:22:19.628  3011  3400 I ip6tables: ip6tables: No chain/target/match by that name.
12-19 17:22:19.628  3011  3400 I ip6tables: ip6tables terminated by exit(1)
12-19 17:22:19.628  3011  3400 E Netd    : exec() res=0, status=256 for /system/bin/ip6tables -w -X st_clear_detect 
12-19 17:22:19.708  3706  3860 E WVMExtractor: Failed to open libwvm.so: dlopen failed: library "libwvm.so" not found
12-19 17:22:19.727  3408  3484 D NotificationSQLiteLog: Pruned event entries: 0
12-19 17:22:19.749  3408  3700 W AppWidgetServiceImpl: Failed to read state: java.io.FileNotFoundException: /data/system/users/0/appwidgets.xml: open failed: ENOENT (No such file or directory)
12-19 17:22:19.749  3408  3700 V AppWidgetServiceImpl: Upgrading widget database from 0 to 1
12-19 17:22:19.778  3016  3496 I EXYNOS_COMP_REGS: Loading the library: libOMX.Exynos.AVC.Decoder.so
12-19 17:22:19.789  3016  3496 I EXYNOS_COMP_REGS: Loading the library: libOMX.Exynos.AVC.Encoder.so
12-19 17:22:19.796  3706  3706 I vol.Events: writeEvent collection_started
12-19 17:22:19.809  3016  3496 I EXYNOS_COMP_REGS: Loading the library: libOMX.Exynos.HEVC.Decoder.so
12-19 17:22:19.817  3016  3496 I EXYNOS_COMP_REGS: Loading the library: libOMX.Exynos.HEVC.Encoder.so
12-19 17:22:19.835  3706  3882 I vol.Events: writeEvent level_changed STREAM_ALARM 6
12-19 17:22:19.836  3793  3884 D ThemesProvider: Deleted 0
12-19 17:22:19.836  3706  3882 I vol.Events: writeEvent level_changed STREAM_BLUETOOTH_SCO 7
12-19 17:22:19.839  3016  3496 I EXYNOS_COMP_REGS: Loading the library: libOMX.Exynos.MPEG4.Decoder.so
12-19 17:22:19.841  3706  3882 I vol.Events: writeEvent level_changed STREAM_MUSIC 11
12-19 17:22:19.841  3706  3706 D StorageNotification: Notifying about private volume: VolumeInfo{private}:
12-19 17:22:19.841  3706  3706 D StorageNotification:     type=PRIVATE diskId=null partGuid=null mountFlags=0 mountUserId=-1 
12-19 17:22:19.841  3706  3706 D StorageNotification:     state=MOUNTED 
12-19 17:22:19.841  3706  3706 D StorageNotification:     fsType=null fsUuid=null fsLabel=null 
12-19 17:22:19.841  3706  3706 D StorageNotification:     path=/data internalPath=null 
12-19 17:22:19.846  3706  3882 I vol.Events: writeEvent level_changed STREAM_RING 5
12-19 17:22:19.847  3408  3408 I BrokerableCMSystemService: Connecting to implementation
12-19 17:22:19.847  3408  3408 W ContextImpl: Calling a method in the system process without a qualified user: android.app.ContextImpl.bindService:1295 org.cyanogenmod.platform.internal.BrokerableCMSystemService.tryConnecting:199 org.cyanogenmod.platform.internal.BrokerableCMSystemService$1.handleMessage:165 android.os.Handler.dispatchMessage:102 android.os.Looper.loop:148 
12-19 17:22:19.848  3706  3882 I vol.Events: writeEvent level_changed STREAM_SYSTEM 5
12-19 17:22:19.852  3706  3882 I vol.Events: writeEvent level_changed STREAM_VOICE_CALL 4
12-19 17:22:19.855  3706  3882 I vol.Events: writeEvent external_ringer_mode_changed normal
12-19 17:22:19.865  3016  3496 I EXYNOS_COMP_REGS: Loading the library: libOMX.Exynos.MPEG4.Encoder.so
12-19 17:22:19.903  3016  3496 I EXYNOS_COMP_REGS: Loading the library: libOMX.Exynos.VP8.Decoder.so
12-19 17:22:19.918  3016  3496 I EXYNOS_COMP_REGS: Loading the library: libOMX.Exynos.VP8.Encoder.so
12-19 17:22:19.918  3408  3699 I StatusBarManagerService: registerStatusBar bar=com.android.internal.statusbar.IStatusBar$Stub$Proxy@10f1f12
12-19 17:22:19.918  3772  3814 I ContactLocale: AddressBook Labels [en-US]: [, A, B, C, D, E, F, G, H, I, J, K, L, M, N, O, P, Q, R, S, T, U, V, W, X, Y, Z, , , , , , , , , , , , , , , , , , , , , , , , , , , , , , , , , , , , , , , , , , , , , , , , , , , , , , , , , , , , , , , , , , , , , , , , , , , , , , , , , , , , , , , , , , , , , , , , , , , , , , , , , , , , , , , , , , , , , , , , , , , , , , , , , , , , , , , , , , , , , , , , , , , , , , , , , , , , , , , , , , , , , , , , , , , , , , , , , , , , , , , , , , , #, ]
12-19 17:22:19.936  3408  3422 W System  : ClassLoader referenced unknown path: /system/framework/ConnectivityExt.jar
12-19 17:22:19.936  3408  3422 W ConnectivityExtension: Connectivity extension is not available
12-19 17:22:19.946  3016  3496 I EXYNOS_COMP_REGS: Loading the library: libOMX.Exynos.VP9.Decoder.so
12-19 17:22:19.964  3016  3496 I EXYNOS_COMP_REGS: Loading the library: libOMX.Exynos.VP9.Encoder.so
12-19 17:22:19.972  3016  3496 I EXYNOS_COMP_REGS: Loading the library: libOMX.Exynos.WMV.Decoder.so
12-19 17:22:19.994  3408  3478 D WifiService: New client listening to asynchronous messages
12-19 17:22:20.021  3408  3422 D PermissionMonitor: Monitoring
12-19 17:22:20.026  3408  3422 D PermissionMonitor: Users: 1, Apps: 74
12-19 17:22:20.028  3408  3422 I SystemServiceManager: Starting phase 600
12-19 17:22:20.028  3016  3497 E bt_a2dp_hw: adev_set_parameters: ERROR: set param called even when stream out is null
12-19 17:22:20.029  3408  3426 D BluetoothManagerService: Message: 30
12-19 17:22:20.029  3408  3426 D BluetoothManagerService: Message: 30
12-19 17:22:20.031  3016  3500 I AudioFlinger: systemReady
12-19 17:22:20.034  3408  3422 I BackupManagerService: Backup enabled => false
12-19 17:22:20.036  3408  3422 D BrokerableCMSystemService: Third party apps ready
12-19 17:22:20.036  3408  3422 I BrokerableCMSystemService: Connecting to implementation
12-19 17:22:20.036  3408  3422 W ContextImpl: Calling a method in the system process without a qualified user: android.app.ContextImpl.bindService:1295 org.cyanogenmod.platform.internal.BrokerableCMSystemService.tryConnecting:199 org.cyanogenmod.platform.internal.BrokerableCMSystemService.onBootPhase:127 org.cyanogenmod.platform.internal.ThemeManagerServiceBroker.onBootPhase:272 com.android.server.SystemServiceManager.startBootPhase:135 
12-19 17:22:20.036  3408  3422 D BrokerableCMSystemService: Third party apps ready
12-19 17:22:20.036  3408  3422 I BrokerableCMSystemService: Connecting to implementation
12-19 17:22:20.036  3408  3422 W ContextImpl: Calling a method in the system process without a qualified user: android.app.ContextImpl.bindService:1295 org.cyanogenmod.platform.internal.BrokerableCMSystemService.tryConnecting:199 org.cyanogenmod.platform.internal.BrokerableCMSystemService.onBootPhase:127 com.android.server.SystemServiceManager.startBootPhase:135 com.android.server.SystemServer$2.run:1231 
12-19 17:22:20.037  3408  3422 D BrokerableCMSystemService: Third party apps ready
12-19 17:22:20.037  3408  3422 I BrokerableCMSystemService: Connecting to implementation
12-19 17:22:20.043  3408  3422 W ContextImpl: Calling a method in the system process without a qualified user: android.app.ContextImpl.bindService:1295 org.cyanogenmod.platform.internal.BrokerableCMSystemService.tryConnecting:199 org.cyanogenmod.platform.internal.BrokerableCMSystemService.onBootPhase:127 org.cyanogenmod.platform.internal.LiveLockScreenServiceBroker.onBootPhase:273 com.android.server.SystemServiceManager.startBootPhase:135 
12-19 17:22:20.054  3408  3918 E WVMExtractor: Failed to open libwvm.so: dlopen failed: library "libwvm.so" not found
12-19 17:22:20.055  3408  3422 I ActivityManager: Start proc 3921:org.cyanogenmod.livelockscreen.service/u0a11 for service org.cyanogenmod.livelockscreen.service/.LiveLockScreenManagerService
12-19 17:22:20.055  3408  3422 D BrokerableCMSystemService: Third party apps ready
12-19 17:22:20.055  3408  3422 I BrokerableCMSystemService: Connecting to implementation
12-19 17:22:20.055  3408  3408 I BrokerableCMSystemService: Connecting to implementation
12-19 17:22:20.055  3408  3422 W ContextImpl: Calling a method in the system process without a qualified user: android.app.ContextImpl.bindService:1295 org.cyanogenmod.platform.internal.BrokerableCMSystemService.tryConnecting:199 org.cyanogenmod.platform.internal.BrokerableCMSystemService.onBootPhase:127 com.android.server.SystemServiceManager.startBootPhase:135 com.android.server.SystemServer$2.run:1231 
12-19 17:22:20.055  3408  3408 W ContextImpl: Calling a method in the system process without a qualified user: android.app.ContextImpl.bindService:1295 org.cyanogenmod.platform.internal.BrokerableCMSystemService.tryConnecting:199 org.cyanogenmod.platform.internal.BrokerableCMSystemService$1.handleMessage:165 android.os.Handler.dispatchMessage:102 android.os.Looper.loop:148 
12-19 17:22:20.064  3016  3496 D libexynosv4l2: try node: /dev/video6
12-19 17:22:20.064  3016  3496 I libexynosv4l2: node found for device s5p-mfc-dec: /dev/video6
12-19 17:22:20.070  3408  3422 I ActivityManager: Start proc 3936:org.cyanogenmod.weatherservice/u0a28 for service org.cyanogenmod.weatherservice/.WeatherManagerService
12-19 17:22:20.070  3408  3422 D BrokerableCMSystemService: Third party apps ready
12-19 17:22:20.070  3408  3422 I BrokerableCMSystemService: Connecting to implementation
12-19 17:22:20.070  3408  3422 W ContextImpl: Calling a method in the system process without a qualified user: android.app.ContextImpl.bindService:1295 org.cyanogenmod.platform.internal.BrokerableCMSystemService.tryConnecting:199 org.cyanogenmod.platform.internal.BrokerableCMSystemService.onBootPhase:127 org.cyanogenmod.platform.internal.CMAudioServiceBroker.onBootPhase:58 com.android.server.SystemServiceManager.startBootPhase:135 
12-19 17:22:20.082  3408  3422 I ActivityManager: Start proc 3943:org.cyanogenmod.cmaudio.service/u0a0 for service org.cyanogenmod.cmaudio.service/.CMAudioService
12-19 17:22:20.087  3408  3537 V KeyValueBackupJob: Scheduling k/v pass in 245 minutes
12-19 17:22:20.094  3016  3496 I libexynosv4l2: open video device /dev/video6
12-19 17:22:20.094  3408  3422 E InputMethodManagerService: Ignoring updateSystemUiLocked due to an invalid token. uid:1000 token:null
12-19 17:22:20.097  3408  3422 W InputMethodManagerService: Reset the default IME as "Resource" is ready here.
12-19 17:22:20.097  3016  3496 W ACodec  : do not know color format 0x7f000012 = 2130706450
12-19 17:22:20.097  3016  3496 W ACodec  : do not know color format 0x7f000011 = 2130706449
12-19 17:22:20.098  3016  3496 I Exynos_OSAL_Android: output buffer sharing mode is on (15)
12-19 17:22:20.098  3408  3422 I InputMethodManagerService: Selected default: com.android.inputmethod.latin/.LatinIME
12-19 17:22:20.100  3408  3422 W InputMethodManagerService: Illegal subtype state: old subtype = null, new subtype = android.view.inputmethod.InputMethodSubtype@c9194f98
12-19 17:22:20.100  3016  3496 D libexynosv4l2: try node: /dev/video6
12-19 17:22:20.101  3016  3496 I libexynosv4l2: node found for device s5p-mfc-dec: /dev/video6
12-19 17:22:20.104  3016  3496 I libexynosv4l2: open video device /dev/video6
12-19 17:22:20.105  3016  3496 W ACodec  : do not know color format 0x7f000012 = 2130706450
12-19 17:22:20.105  3016  3496 W ACodec  : do not know color format 0x7f000011 = 2130706449
12-19 17:22:20.105  3016  3496 I Exynos_OSAL_Android: output buffer sharing mode is on (15)
12-19 17:22:20.107  3016  3496 D libexynosv4l2: try node: /dev/video6
12-19 17:22:20.107  3016  3496 I libexynosv4l2: node found for device s5p-mfc-dec: /dev/video6
12-19 17:22:20.111  3016  3496 I libexynosv4l2: open video device /dev/video6
12-19 17:22:20.111  3016  3496 W ACodec  : do not know color format 0x7f000012 = 2130706450
12-19 17:22:20.111  3016  3496 W ACodec  : do not know color format 0x7f000011 = 2130706449
12-19 17:22:20.111  3016  3496 I Exynos_OSAL_Android: output buffer sharing mode is on (15)
12-19 17:22:20.113  3016  3496 D libexynosv4l2: try node: /dev/video6
12-19 17:22:20.113  3016  3496 I libexynosv4l2: node found for device s5p-mfc-dec: /dev/video6
12-19 17:22:20.116  3016  3496 I libexynosv4l2: open video device /dev/video6
12-19 17:22:20.117  3016  3496 I Exynos_OSAL_Android: output buffer sharing mode is on (15)
12-19 17:22:20.119  3016  3496 D libexynosv4l2: try node: /dev/video6
12-19 17:22:20.119  3016  3496 I libexynosv4l2: node found for device s5p-mfc-dec: /dev/video6
12-19 17:22:20.123  3016  3496 I libexynosv4l2: open video device /dev/video6
12-19 17:22:20.124  3016  3496 W ACodec  : do not know color format 0x7f000012 = 2130706450
12-19 17:22:20.124  3016  3496 W ACodec  : do not know color format 0x7f000011 = 2130706449
12-19 17:22:20.124  3016  3496 I Exynos_OSAL_Android: output buffer sharing mode is on (15)
12-19 17:22:20.125  3016  3496 D libexynosv4l2: try node: /dev/video6
12-19 17:22:20.125  3016  3496 I libexynosv4l2: node found for device s5p-mfc-dec: /dev/video6
12-19 17:22:20.129  3921  3921 W System  : ClassLoader referenced unknown path: /system/priv-app/LiveLockScreenService/lib/arm64
12-19 17:22:20.130  3016  3496 I libexynosv4l2: open video device /dev/video6
12-19 17:22:20.132  3016  3496 W ACodec  : do not know color format 0x7f000012 = 2130706450
12-19 17:22:20.132  3016  3496 W ACodec  : do not know color format 0x7f000011 = 2130706449
12-19 17:22:20.132  3016  3496 I Exynos_OSAL_Android: output buffer sharing mode is on (15)
12-19 17:22:20.132  3408  3422 I ActivityManager: Start proc 3973:com.android.inputmethod.latin/u0a67 for service com.android.inputmethod.latin/.LatinIME
12-19 17:22:20.132  3408  3422 V InputMethodManagerService: Adding window token: android.os.Binder@96eec51
12-19 17:22:20.133  3408  3423 I ActivityManager: Config changes=20 {1.0 ?mcc?mnc en_US ldltr sw360dp w360dp h616dp 640dpi nrml long port finger -keyb/v/h -nav/h s.6 themeResource=null}
12-19 17:22:20.135  3016  3496 D libexynosv4l2: try node: /dev/video6
12-19 17:22:20.135  3016  3496 I libexynosv4l2: node found for device s5p-mfc-dec: /dev/video6
12-19 17:22:20.135  3408  3422 W ServiceWatcher: com.google.android.gms not found
12-19 17:22:20.136  3408  3422 W ServiceWatcher: com.google.android.gms not found
12-19 17:22:20.136  3408  3422 W LocationManagerService: no network location provider found
12-19 17:22:20.136  3408  3422 W ServiceWatcher: com.google.android.gms not found
12-19 17:22:20.138  3408  3422 W ServiceWatcher: com.google.android.gms not found
12-19 17:22:20.138  3408  3422 E LocationManagerService: no geocoder provider found
12-19 17:22:20.138  3408  3422 E FlpHardwareProvider: Error hw_get_module 'flp': -2
12-19 17:22:20.138  3408  3422 E LocationManagerService: FLP HAL not supported
12-19 17:22:20.138  3016  3496 I libexynosv4l2: open video device /dev/video6
12-19 17:22:20.139  3408  3422 W ServiceWatcher: com.google.android.gms not found
12-19 17:22:20.139  3016  3496 E OMXNodeInstance: getParameter(7:Exynos.VP9.Decoder, ParamVideoProfileLevelQuerySupported(0x600000f)) ERROR: UnsupportedIndex(0x8000101a)
12-19 17:22:20.139  3016  3496 W ACodec  : do not know color format 0x7f000012 = 2130706450
12-19 17:22:20.139  3016  3496 W ACodec  : do not know color format 0x7f000011 = 2130706449
12-19 17:22:20.139  3016  3496 I Exynos_OSAL_Android: output buffer sharing mode is on (15)
12-19 17:22:20.140  3408  3422 E LocationManagerService: Unable to bind FLP Geofence proxy.
12-19 17:22:20.140  3016  3496 E OMX     : FAILED to allocate omx component 'OMX.Exynos.VC1.Decoder' err=InvalidComponentName(0x80001002)
12-19 17:22:20.140  3016  3496 E OMX     : FAILED to allocate omx component 'OMX.Exynos.VC1.Decoder' err=InvalidComponentName(0x80001002)
12-19 17:22:20.140  3408  3422 E ActivityRecognitionHardware: Error hw_get_module: -2
12-19 17:22:20.140  3408  3422 E LocationManagerService: Hardware Activity-Recognition not supported.
12-19 17:22:20.140  3016  3496 W MediaCodecList: ignoring Limit specified outside of a Type
12-19 17:22:20.140  3016  3496 W MediaCodecList: ignoring Limit specified outside of a Type
12-19 17:22:20.140  3016  3496 W MediaCodecList: ignoring Limit specified outside of a Type
12-19 17:22:20.140  3016  3496 W MediaCodecList: ignoring Limit specified outside of a Type
12-19 17:22:20.140  3016  3496 W MediaCodecList: ignoring Limit specified outside of a Type
12-19 17:22:20.140  3016  3496 W MediaCodecList: ignoring Limit specified outside of a Type
12-19 17:22:20.140  3016  3496 W MediaCodecList: ignoring Feature specified outside of a Type
12-19 17:22:20.140  3016  3496 E OMX     : FAILED to allocate omx component 'OMX.Exynos.MP3.Decoder' err=InvalidComponentName(0x80001002)
12-19 17:22:20.140  3016  3496 E OMX     : FAILED to allocate omx component 'OMX.Exynos.MP3.Decoder' err=InvalidComponentName(0x80001002)
12-19 17:22:20.140  3016  3496 E OMX     : FAILED to allocate omx component 'OMX.Exynos.MP3.Decoder' err=InvalidComponentName(0x80001002)
12-19 17:22:20.140  3016  3496 E OMX     : FAILED to allocate omx component 'OMX.Exynos.AAC.Decoder' err=InvalidComponentName(0x80001002)
12-19 17:22:20.140  3408  3422 W ServiceWatcher: com.google.android.gms not found
12-19 17:22:20.141  3408  3422 E ActivityRecognitionProxy: ServiceWatcher could not start.
12-19 17:22:20.141  3408  3422 E LocationManagerService: Unable to bind ActivityRecognitionProxy.
12-19 17:22:20.142  3016  3496 D libexynosv4l2: try node: /dev/video6
12-19 17:22:20.142  3016  3496 D libexynosv4l2: try node: /dev/video7
12-19 17:22:20.142  3016  3496 I libexynosv4l2: node found for device s5p-mfc-enc: /dev/video7
12-19 17:22:20.145  3016  3496 I libexynosv4l2: open video device /dev/video7
12-19 17:22:20.146  3016  3496 W ACodec  : do not know color format 0x7f000011 = 2130706449
12-19 17:22:20.146  3016  3496 W ACodec  : do not know color format 0x10 = 16
12-19 17:22:20.146  3016  3496 W ACodec  : do not know color format 0x7f00a000 = 2130747392
12-19 17:22:20.146  3016  3496 W ACodec  : do not know color format 0x7f000789 = 2130708361
12-19 17:22:20.146  3016  3496 W ACodec  : do not know color format 0x7f000012 = 2130706450
12-19 17:22:20.154  3016  3496 D libexynosv4l2: try node: /dev/video6
12-19 17:22:20.154  3016  3496 D libexynosv4l2: try node: /dev/video7
12-19 17:22:20.154  3016  3496 I libexynosv4l2: node found for device s5p-mfc-enc: /dev/video7
12-19 17:22:20.154  3408  3408 W System  : ClassLoader referenced unknown path: /system/priv-app/FusedLocation/lib/arm64
12-19 17:22:20.157  3408  3422 I CommonTimeManagementService: No common time service detected on this platform.  Common time services will be unavailable.
12-19 17:22:20.157  3408  3422 I MmsServiceBroker: Delay connecting to MmsService until an API is called
12-19 17:22:20.158  3016  3496 I libexynosv4l2: open video device /dev/video7
12-19 17:22:20.158  3016  3496 W ACodec  : do not know color format 0x7f000011 = 2130706449
12-19 17:22:20.158  3016  3496 W ACodec  : do not know color format 0x10 = 16
12-19 17:22:20.158  3016  3496 W ACodec  : do not know color format 0x7f00a000 = 2130747392
12-19 17:22:20.158  3016  3496 W ACodec  : do not know color format 0x7f000789 = 2130708361
12-19 17:22:20.158  3016  3496 W ACodec  : do not know color format 0x7f000012 = 2130706450
12-19 17:22:20.160  3408  3422 D MountService: onStartUser 0
12-19 17:22:20.160  3408  3422 D VoldConnector: SND -> {28 volume user_started 0}
12-19 17:22:20.161  2922  2935 D vold    : Linking /storage/emulated/0 to /mnt/user/0/primary
12-19 17:22:20.161  3408  3468 I InputReader: Reconfiguring input devices.  changes=0x00000020
12-19 17:22:20.161  3408  3470 D VoldConnector: RCV <- {200 28 Command succeeded}
12-19 17:22:20.163  3408  3468 I InputReader: Reconfiguring input devices.  changes=0x00000010
12-19 17:22:20.163  3408  3469 D MountService: Volume emulated broadcasting mounted to UserHandle{0}
12-19 17:22:20.163  3408  3422 W VoiceInteractionManagerService: no available voice interaction services found for user 0
12-19 17:22:20.163  3408  3422 W VoiceInteractionManagerService: no available voice recognition services found for user 0
12-19 17:22:20.165  3016  3496 D libexynosv4l2: try node: /dev/video6
12-19 17:22:20.165  3016  3496 D libexynosv4l2: try node: /dev/video7
12-19 17:22:20.165  3016  3496 I libexynosv4l2: node found for device s5p-mfc-enc: /dev/video7
12-19 17:22:20.169  3016  3496 I libexynosv4l2: open video device /dev/video7
12-19 17:22:20.169  3016  3496 W ACodec  : do not know color format 0x7f000011 = 2130706449
12-19 17:22:20.169  3016  3496 W ACodec  : do not know color format 0x10 = 16
12-19 17:22:20.169  3016  3496 W ACodec  : do not know color format 0x7f00a000 = 2130747392
12-19 17:22:20.169  3016  3496 W ACodec  : do not know color format 0x7f000789 = 2130708361
12-19 17:22:20.169  3016  3496 W ACodec  : do not know color format 0x7f000012 = 2130706450
12-19 17:22:20.172  3016  3496 D libexynosv4l2: try node: /dev/video6
12-19 17:22:20.172  3016  3496 D libexynosv4l2: try node: /dev/video7
12-19 17:22:20.172  3016  3496 I libexynosv4l2: node found for device s5p-mfc-enc: /dev/video7
12-19 17:22:20.177  3936  3936 W System  : ClassLoader referenced unknown path: /system/priv-app/WeatherManagerService/lib/arm64
12-19 17:22:20.182  3016  3496 I libexynosv4l2: open video device /dev/video7
12-19 17:22:20.182  3016  3496 W ACodec  : do not know color format 0x7f000011 = 2130706449
12-19 17:22:20.182  3016  3496 W ACodec  : do not know color format 0x10 = 16
12-19 17:22:20.182  3016  3496 W ACodec  : do not know color format 0x7f00a000 = 2130747392
12-19 17:22:20.182  3016  3496 W ACodec  : do not know color format 0x7f000789 = 2130708361
12-19 17:22:20.182  3016  3496 W ACodec  : do not know color format 0x7f000012 = 2130706450
12-19 17:22:20.183  3408  3422 I ActivityManager: Start proc 3998:org.cyanogenmod.audiofx/u0a3 for added application org.cyanogenmod.audiofx
12-19 17:22:20.185  3016  3496 D libexynosv4l2: try node: /dev/video6
12-19 17:22:20.185  3016  3496 D libexynosv4l2: try node: /dev/video7
12-19 17:22:20.185  3016  3496 I libexynosv4l2: node found for device s5p-mfc-enc: /dev/video7
12-19 17:22:20.193  3016  3496 I libexynosv4l2: open video device /dev/video7
12-19 17:22:20.194  3016  3496 W ACodec  : do not know color format 0x7f000011 = 2130706449
12-19 17:22:20.194  3016  3496 W ACodec  : do not know color format 0x10 = 16
12-19 17:22:20.194  3016  3496 W ACodec  : do not know color format 0x7f00a000 = 2130747392
12-19 17:22:20.194  3016  3496 W ACodec  : do not know color format 0x7f000789 = 2130708361
12-19 17:22:20.194  3016  3496 W ACodec  : do not know color format 0x7f000012 = 2130706450
12-19 17:22:20.195  3016  3496 E OMX     : FAILED to allocate omx component 'OMX.Exynos.VP9.Encoder' err=InvalidComponentName(0x80001002)
12-19 17:22:20.196  3408  3422 I ActivityManager: Start proc 4014:com.android.phone/1001 for added application com.android.phone
12-19 17:22:20.197  3408  3422 I ActivityManager: START u0 {act=android.intent.action.MAIN cat=[android.intent.category.HOME] flg=0x10000000 cmp=com.android.settings/.CryptKeeper} from uid 0 on display 0
12-19 17:22:20.212  3408  3422 I ActivityManager: Start proc 4028:com.android.settings:CryptKeeper/1000 for activity com.android.settings/.CryptKeeper
12-19 17:22:20.227  3408  3422 I ActivityManager: Start proc 4055:com.android.externalstorage/u0a10 for broadcast com.android.externalstorage/.MountReceiver
12-19 17:22:20.244  3408  3421 I ActivityManager: Start proc 4067:com.android.printspooler/u0a56 for service com.android.printspooler/.model.PrintSpoolerService
12-19 17:22:20.253  3408  3422 I ActivityManager: Force stopping com.android.providers.media appid=10009 user=-1: vold reset
12-19 17:22:20.258  3408  3408 V WiredAccessoryManager: init()
12-19 17:22:20.266  3408  3422 W BroadcastQueue: Permission Denial: receiving Intent { act=android.intent.action.USER_SWITCHED flg=0x50000010 (has extras) } to ProcessRecord{4970226 3725:org.cyanogenmod.themeservice/u0a19} (pid=3725, uid=10019) requires android.permission.MANAGE_USERS due to sender null (uid 1000)
12-19 17:22:20.272  3706  3882 I vol.Events: writeEvent internal_ringer_mode_changed normal
12-19 17:22:20.277  3016  3496 W OMXNodeInstance: [d:google.mpeg4.decoder] component does not support metadata mode; using fallback
12-19 17:22:20.278  3016  3496 W OMXNodeInstance: [e:google.mpeg4.decoder] component does not support metadata mode; using fallback
12-19 17:22:20.278  3016  3496 W MediaCodecList: ignoring Limit specified outside of a Type
12-19 17:22:20.279  3016  3496 W MediaCodecList: ignoring Limit specified outside of a Type
12-19 17:22:20.279  3016  3496 W MediaCodecList: ignoring Limit specified outside of a Type
12-19 17:22:20.279  3016  3496 W MediaCodecList: ignoring Limit specified outside of a Type
12-19 17:22:20.279  3016  3496 W MediaCodecList: ignoring Limit specified outside of a Type
12-19 17:22:20.279  3016  3496 W MediaCodecList: ignoring Feature specified outside of a Type
12-19 17:22:20.280  3016  3496 W OMXNodeInstance: [f:google.h263.decoder] component does not support metadata mode; using fallback
12-19 17:22:20.298  3016  3496 W OMXNodeInstance: [10:google.h264.decoder] component does not support metadata mode; using fallback
12-19 17:22:20.329  3016  3496 W OMXNodeInstance: [11:google.hevc.decoder] component does not support metadata mode; using fallback
12-19 17:22:20.334  3998  3998 W System  : ClassLoader referenced unknown path: /system/priv-app/AudioFX/lib/arm64
12-19 17:22:20.337  4055  4055 W System  : ClassLoader referenced unknown path: /system/priv-app/ExternalStorageProvider/lib/arm64
12-19 17:22:20.341  4028  4028 W System  : ClassLoader referenced unknown path: /system/priv-app/Settings/lib/arm64
12-19 17:22:20.347  4014  4014 W System  : ClassLoader referenced unknown path: /system/priv-app/TeleService/lib/arm64
12-19 17:22:20.353  3016  3496 W OMXNodeInstance: [12:google.vp8.decoder] component does not support metadata mode; using fallback
12-19 17:22:20.355  2992  3610 D PermissionCache: checking android.permission.HARDWARE_TEST for uid=1000 => granted (1130 us)
12-19 17:22:20.358  3016  3496 W OMXNodeInstance: [13:google.vp9.decoder] component does not support metadata mode; using fallback
12-19 17:22:20.367  4055  4055 D ExternalStorage: After updating volumes, found 1 active roots
12-19 17:22:20.369  4055  4055 D ExternalStorage: After updating volumes, found 1 active roots
12-19 17:22:20.369  3016  4098 V audio_hw_primary: adev_set_mic_mute: set mic mute: 0
12-19 17:22:20.371  4055  4055 D ExternalStorage: After updating volumes, found 1 active roots
12-19 17:22:20.375  3016  3496 I SoftMPEG4Encoder: Construct SoftMPEG4Encoder
12-19 17:22:20.375  3016  3496 W ACodec  : do not know color format 0x7f000789 = 2130708361
12-19 17:22:20.382  4028  4028 D CryptKeeper: Disabling component ComponentInfo{com.android.settings/com.android.settings.CryptKeeper}
12-19 17:22:20.384  3408  3474 I ActivityManager: Start proc 4130:com.android.settings/1000 for broadcast com.android.settings/.widget.SettingsAppWidgetProvider
12-19 17:22:20.388  3408  4083 I ActivityManager: START u0 {act=android.intent.action.MAIN cat=[android.intent.category.HOME] flg=0x10000000 cmp=com.cyanogenmod.setupwizard/.ui.SetupWizardActivity} from uid 0 on display 0
12-19 17:22:20.392  4067  4067 I PrintSpoolerService: No existing print spooler state.
12-19 17:22:20.392  3016  3496 W ACodec  : do not know color format 0x7f000789 = 2130708361
12-19 17:22:20.396  3016  3496 I SoftMPEG4Encoder: Construct SoftMPEG4Encoder
12-19 17:22:20.396  3016  3496 W ACodec  : do not know color format 0x7f000789 = 2130708361
12-19 17:22:20.399  3408  3408 E CMHardwareService: Vibrator is not supported
12-19 17:22:20.400  3408  3408 E CMHardwareService: Vibrator is not supported
12-19 17:22:20.409  3016  3496 W ACodec  : do not know color format 0x7f000789 = 2130708361
12-19 17:22:20.413  3408  4083 I ActivityManager: Start proc 4150:com.cyanogenmod.setupwizard/1000 for activity com.cyanogenmod.setupwizard/.ui.SetupWizardActivity
12-19 17:22:20.417  3408  3408 I BrokerableCMSystemService: Implementation service connected
12-19 17:22:20.417  3408  3408 I BrokerableCMSystemService: Notifying service connected
12-19 17:22:20.417  3408  3408 I BrokerableCMSystemService: Implementation service connected
12-19 17:22:20.417  3408  3408 I BrokerableCMSystemService: Implementation service connected
12-19 17:22:20.425  4014  4014 W System  : ClassLoader referenced unknown path: /system/priv-app/TelephonyProvider/lib/arm64
12-19 17:22:20.451  4150  4150 W System  : ClassLoader referenced unknown path: /system/priv-app/CyanogenSetupWizard/lib/arm64
12-19 17:22:20.454  3408  3408 I FusedLocation: engine started (com.android.location.fused)
12-19 17:22:20.463  4130  4130 W System  : ClassLoader referenced unknown path: /system/priv-app/Settings/lib/arm64
12-19 17:22:20.464  3706  4177 D OpenGLRenderer: Use EGL_SWAP_BEHAVIOR_PRESERVED: true
12-19 17:22:20.510  3408  3478 D WifiService: New client listening to asynchronous messages
12-19 17:22:20.512  3772  3814 D ContactDirectoryManager: Found com.android.exchange.directory.provider
12-19 17:22:20.525  3408  4082 I ActivityManager: Start proc 4188:com.android.exchange/u0a42 for content provider com.android.exchange/.provider.ExchangeDirectoryProvider
12-19 17:22:20.535  3973  3973 I LatinIME: Hardware accelerated drawing: true
12-19 17:22:20.540  3408  3426 D BluetoothManagerService: Message: 20
12-19 17:22:20.540  3408  3426 D BluetoothManagerService: Added callback: android.bluetooth.IBluetoothManagerCallback$Stub$Proxy@4c49d3f:true
12-19 17:22:20.546  3408  3426 D BluetoothManagerService: Message: 30
12-19 17:22:20.551  3408  3426 D BluetoothManagerService: Message: 30
12-19 17:22:20.559  4130  4130 D LocalBluetoothProfileManager: Adding local MAP profile
12-19 17:22:20.560  4130  4130 D BluetoothMap: Create BluetoothMap proxy object
12-19 17:22:20.561  3408  3426 D BluetoothManagerService: Message: 30
12-19 17:22:20.565  3408  3426 D BluetoothManagerService: Message: 20
12-19 17:22:20.565  3408  3426 D BluetoothManagerService: Added callback: android.bluetooth.IBluetoothManagerCallback$Stub$Proxy@465542f:true
12-19 17:22:20.568  3408  3426 D BluetoothManagerService: Message: 30
12-19 17:22:20.569  3408  3426 D BluetoothManagerService: Message: 30
12-19 17:22:20.571  4130  4130 D LocalBluetoothProfileManager: LocalBluetoothProfileManager construction complete
12-19 17:22:20.571  3408  3426 D BluetoothManagerService: Message: 30
12-19 17:22:20.573  3706  3706 D LocalBluetoothProfileManager: Adding local MAP profile
12-19 17:22:20.574  3706  3706 D BluetoothMap: Create BluetoothMap proxy object
12-19 17:22:20.574  3408  3426 D BluetoothManagerService: Message: 30
12-19 17:22:20.575  4188  4188 W System  : ClassLoader referenced unknown path: /system/app/Exchange2/lib/arm64
12-19 17:22:20.577  3408  3426 D BluetoothManagerService: Message: 30
12-19 17:22:20.577  3706  3706 D LocalBluetoothProfileManager: LocalBluetoothProfileManager construction complete
12-19 17:22:20.581  4150  4150 W GooglePlayServicesUtil: Google Play services is missing.
12-19 17:22:20.582  3408  3419 D ConnectivityService: listenForNetwork for Listen from uid/pid:10024/3706 for NetworkRequest [ id=3, legacyType=-1, [] ]
12-19 17:22:20.585  4150  4150 D TelephonyManager: getDataEnabled: retVal=false
12-19 17:22:20.591  3706  3706 I CameraManagerGlobal: Connecting to camera service
12-19 17:22:20.600  4150  4150 W ContextImpl: Calling a method in the system process without a qualified user: android.app.ContextImpl.bindService:1295 android.content.ContextWrapper.bindService:610 android.speech.tts.TextToSpeech.connectToEngine:800 android.speech.tts.TextToSpeech.initTts:770 android.speech.tts.TextToSpeech.<init>:723 
12-19 17:22:20.605  3408  3700 I ActivityManager: Start proc 4216:android.process.media/u0a9 for broadcast com.android.providers.downloads/.DownloadReceiver
12-19 17:22:20.611  3016  3496 W MediaCodecList: Component OMX.Exynos.MP3.Decoder does not support any type of media?
12-19 17:22:20.611  3016  3496 W MediaCodecList: Component OMX.Exynos.VC1.Decoder does not support any type of media?
12-19 17:22:20.611  3016  3496 W MediaCodecList: unable to open media codecs configuration xml file: /etc/media_codecs_performance.xml
12-19 17:22:20.612  3016  3496 W MediaCodecList: unable to open media codecs configuration xml file: /data/misc/media/media_codecs_profiling_results.xml
12-19 17:22:20.615  3408  3934 I OMXClient: Using client-side OMX mux.
12-19 17:22:20.615  3706  3874 I OMXClient: Using client-side OMX mux.
12-19 17:22:20.631  3408  3702 I ActivityManager: Start proc 4236:com.svox.pico/u0a53 for service com.svox.pico/.PicoService
12-19 17:22:20.633  4150  4150 I TextToSpeech: Sucessfully bound to com.svox.pico
12-19 17:22:20.644  3408  3700 I ActivityManager: Start proc 4247:org.cyanogenmod.weather.provider/u0a29 for content provider org.cyanogenmod.weather.provider/.WeatherContentProvider
12-19 17:22:20.671  4150  4150 E MediaPlayer-JNI: JNIMediaPlayerFactory: bIsQCMediaPlayerPresent 0
12-19 17:22:20.671  4150  4150 E MediaPlayer-JNI: JNIMediaPlayerFactory: bIsQCMediaPlayerPresent 0
12-19 17:22:20.699  3973  3973 W InputAttributes: No editor info for this field. Bug?
12-19 17:22:20.704  4150  4150 D Ringtone: Problem opening; delegating to remote player
12-19 17:22:20.711  4150  4150 E MediaPlayer-JNI: JNIMediaPlayerFactory: bIsQCMediaPlayerPresent 0
12-19 17:22:20.711  4150  4150 E MediaPlayer-JNI: JNIMediaPlayerFactory: bIsQCMediaPlayerPresent 0
12-19 17:22:20.729  4150  4150 D Ringtone: Problem opening; delegating to remote player
12-19 17:22:20.730  3408  4265 I OMXClient: Using client-side OMX mux.
12-19 17:22:20.732  3408  4082 I ActivityManager: Start proc 4267:com.android.email/u0a48 for content provider com.android.email/.provider.EmailProvider
12-19 17:22:20.732  3973  4273 I LatinIME:LogUtils: Dictionary info: dictionary = contacts.en_US ; version = 1482168140 ; date = ?
12-19 17:22:20.755  3706  4278 I OMXClient: Using client-side OMX mux.
12-19 17:22:20.801  4216  4216 W System  : ClassLoader referenced unknown path: /system/priv-app/DownloadProvider/lib/arm64
12-19 17:22:20.852  4247  4247 W System  : ClassLoader referenced unknown path: /system/priv-app/WeatherProvider/lib/arm64
12-19 17:22:20.859  4216  4216 W System  : ClassLoader referenced unknown path: /system/priv-app/MediaProvider/lib/arm64
12-19 17:22:20.868  3408  4287 I OMXClient: Using client-side OMX mux.
12-19 17:22:20.880  4267  4267 W System  : ClassLoader referenced unknown path: /system/app/Email/lib/arm64
12-19 17:22:20.885  4236  4236 V SynthProxy: About to load libttspico.so, applyFilter=true
12-19 17:22:20.886  3706  3706 W QSTileHost: Error creating tile for spec: live_display
12-19 17:22:20.886  3706  3706 W QSTileHost: java.lang.IllegalArgumentException: Bad tile spec: live_display
12-19 17:22:20.886  3706  3706 W QSTileHost: 	at com.android.systemui.statusbar.phone.QSTileHost.createTile(QSTileHost.java:382)
12-19 17:22:20.886  3706  3706 W QSTileHost: 	at com.android.systemui.statusbar.phone.QSTileHost.onTuningChanged(QSTileHost.java:325)
12-19 17:22:20.886  3706  3706 W QSTileHost: 	at com.android.systemui.tuner.TunerService.addTunableByProvider(TunerService.java:114)
12-19 17:22:20.886  3706  3706 W QSTileHost: 	at com.android.systemui.statusbar.phone.QSTileHost.<init>(QSTileHost.java:153)
12-19 17:22:20.886  3706  3706 W QSTileHost: 	at com.android.systemui.statusbar.phone.PhoneStatusBar.makeStatusBarView(PhoneStatusBar.java:1189)
12-19 17:22:20.886  3706  3706 W QSTileHost: 	at com.android.systemui.statusbar.phone.PhoneStatusBar.addStatusBarWindow(PhoneStatusBar.java:3463)
12-19 17:22:20.886  3706  3706 W QSTileHost: 	at com.android.systemui.statusbar.phone.PhoneStatusBar.createAndAddWindows(PhoneStatusBar.java:3459)
12-19 17:22:20.886  3706  3706 W QSTileHost: 	at com.android.systemui.statusbar.BaseStatusBar.start(BaseStatusBar.java:631)
12-19 17:22:20.886  3706  3706 W QSTileHost: 	at com.android.systemui.statusbar.phone.PhoneStatusBar.start(PhoneStatusBar.java:818)
12-19 17:22:20.886  3706  3706 W QSTileHost: 	at com.android.systemui.statusbar.SystemBars.createStatusBarFromConfig(SystemBars.java:106)
12-19 17:22:20.886  3706  3706 W QSTileHost: 	at com.android.systemui.statusbar.SystemBars.onNoService(SystemBars.java:58)
12-19 17:22:20.886  3706  3706 W QSTileHost: 	at com.android.systemui.statusbar.ServiceMonitor.startService(ServiceMonitor.java:230)
12-19 17:22:20.886  3706  3706 W QSTileHost: 	at com.android.systemui.statusbar.ServiceMonitor.-wrap5(ServiceMonitor.java)
12-19 17:22:20.886  3706  3706 W QSTileHost: 	at com.android.systemui.statusbar.ServiceMonitor$1.handleMessage(ServiceMonitor.java:73)
12-19 17:22:20.886  3706  3706 W QSTileHost: 	at android.os.Handler.dispatchMessage(Handler.java:102)
12-19 17:22:20.886  3706  3706 W QSTileHost: 	at android.os.Looper.loop(Looper.java:148)
12-19 17:22:20.886  3706  3706 W QSTileHost: 	at android.app.ActivityThread.main(ActivityThread.java:5461)
12-19 17:22:20.886  3706  3706 W QSTileHost: 	at java.lang.reflect.Method.invoke(Native Method)
12-19 17:22:20.886  3706  3706 W QSTileHost: 	at com.android.internal.os.ZygoteInit$MethodAndArgsCaller.run(ZygoteInit.java:726)
12-19 17:22:20.886  3706  3706 W QSTileHost: 	at com.android.internal.os.ZygoteInit.main(ZygoteInit.java:616)
12-19 17:22:20.894  3706  3706 W CustomTileListenerService[]: CustomTile listener service not yet bound.
12-19 17:22:20.898  3706  4294 I OMXClient: Using client-side OMX mux.
12-19 17:22:20.904  3706  3706 W Resources: Drawable com.android.systemui:drawable/ic_battery_circle has unresolved theme attributes! Consider using Resources.getDrawable(int, Theme) or Context.getDrawable(int).
12-19 17:22:20.904  3706  3706 W Resources: java.lang.RuntimeException
12-19 17:22:20.904  3706  3706 W Resources: 	at android.content.res.Resources.getDrawable(Resources.java:799)
12-19 17:22:20.904  3706  3706 W Resources: 	at com.android.systemui.BatteryMeterView$AllInOneBatteryMeterDrawable.loadBatteryDrawables(BatteryMeterView.java:637)
