12-20 01:57:35.180  3948  3964 D IccSmsInterfaceManager: [IccSmsInterfaceManager] disableGsmBroadcastRange
12-20 01:57:35.180  3948  3964 D IccSmsInterfaceManager: [IccSmsInterfaceManager] Failed to remove GSM cell broadcast subscription for MID range 919 to 928 from client com.android.cellbroadcastreceiver
12-20 01:57:35.182  4347  4620 D CellBroadcastConfigService: disabling cell broadcast ETWS test messages
12-20 01:57:35.183  3948  4407 D IccSmsInterfaceManager: [IccSmsInterfaceManager] disableGsmBroadcastRange
12-20 01:57:35.183  3948  4407 D IccSmsInterfaceManager: [IccSmsInterfaceManager] Failed to remove GSM cell broadcast subscription for MID range 4355 to 4355 from client com.android.cellbroadcastreceiver
12-20 01:57:36.456  3948  3948 V ConfigResourceUtil: resourceName = config_spn_display_control resourceId = 2130837514resourceValue = false
12-20 01:57:36.457  3372  3972 D AlarmManagerService: Kernel timezone updated to 180 minutes west of GMT
12-20 01:57:36.461  4347  4347 D CellBroadcastReceiver: onReceive Intent { act=android.intent.action.SERVICE_STATE flg=0x10 cmp=com.android.cellbroadcastreceiver/.CellBroadcastReceiver (has extras) }
12-20 01:57:36.461  4347  4347 D CellBroadcastReceiver: Intent ACTION_SERVICE_STATE_CHANGED
12-20 01:57:36.461  4347  4347 D CellBroadcastReceiver: subscriptionId = 1
12-20 01:57:36.465  4347  4347 D CellBroadcastReceiver: Service state changed! 0 Full: 0 0 voice home data home PERSONAL AR TP 72234 PERSONAL AR TP 72234  UMTS HSUPA CSS not supported -1 -1 RoamInd=-1 DefRoamInd=-1 EmergOnly=false IsDataRoamingFromRegistration=false Current state=1
12-20 01:57:36.482  4347  4623 D CellBroadcastConfigService: enabling emergency cell broadcast channels
12-20 01:57:36.484  3948  4407 D IccSmsInterfaceManager: [IccSmsInterfaceManager] enableGsmBroadcastRange
12-20 01:57:36.484  3948  4407 D IccSmsInterfaceManager: [IccSmsInterfaceManager] Added GSM cell broadcast subscription for MID range 4352 to 4354 from client com.android.cellbroadcastreceiver
12-20 01:57:36.484  3948  4407 D IccSmsInterfaceManager: [IccSmsInterfaceManager] Calling setCellBroadcastActivation(true)
12-20 01:57:36.486  3948  4279 D IccSmsInterfaceManager: [IccSmsInterfaceManager] enableGsmBroadcastRange
12-20 01:57:36.487  3948  4279 D IccSmsInterfaceManager: [IccSmsInterfaceManager] Added GSM cell broadcast subscription for MID range 4356 to 4356 from client com.android.cellbroadcastreceiver
12-20 01:57:36.487  3948  4279 D IccSmsInterfaceManager: [IccSmsInterfaceManager] Calling setCellBroadcastActivation(true)
12-20 01:57:36.490  3948  3965 D IccSmsInterfaceManager: [IccSmsInterfaceManager] enableGsmBroadcastRange
12-20 01:57:36.490  3948  3965 D IccSmsInterfaceManager: [IccSmsInterfaceManager] Added GSM cell broadcast subscription for MID range 4371 to 4372 from client com.android.cellbroadcastreceiver
12-20 01:57:36.490  3948  3965 D IccSmsInterfaceManager: [IccSmsInterfaceManager] Calling setCellBroadcastActivation(true)
12-20 01:57:36.494  3948  4406 D IccSmsInterfaceManager: [IccSmsInterfaceManager] enableCdmaBroadcastRange
12-20 01:57:36.495  3948  4406 D IccSmsInterfaceManager: [IccSmsInterfaceManager] Calling setCdmaBroadcastConfig with 1 configurations
12-20 01:57:36.497  3948  4406 D IccSmsInterfaceManager: [IccSmsInterfaceManager] Failed to add cdma broadcast subscription for MID range 4097 to 4097 from client com.android.cellbroadcastreceiver
12-20 01:57:36.499  3948  4308 D IccSmsInterfaceManager: [IccSmsInterfaceManager] enableGsmBroadcastRange
12-20 01:57:36.499  3948  4308 D IccSmsInterfaceManager: [IccSmsInterfaceManager] Added GSM cell broadcast subscription for MID range 4373 to 4378 from client com.android.cellbroadcastreceiver
12-20 01:57:36.499  3948  4308 D IccSmsInterfaceManager: [IccSmsInterfaceManager] Calling setCellBroadcastActivation(true)
12-20 01:57:36.502  3948  4409 D IccSmsInterfaceManager: [IccSmsInterfaceManager] enableCdmaBroadcastRange
12-20 01:57:36.502  3948  4409 D IccSmsInterfaceManager: [IccSmsInterfaceManager] Calling setCdmaBroadcastConfig with 1 configurations
12-20 01:57:36.503  3948  4409 D IccSmsInterfaceManager: [IccSmsInterfaceManager] Failed to add cdma broadcast subscription for MID range 4098 to 4098 from client com.android.cellbroadcastreceiver
12-20 01:57:36.504  3948  3964 D IccSmsInterfaceManager: [IccSmsInterfaceManager] enableGsmBroadcastRange
12-20 01:57:36.505  3948  3964 D IccSmsInterfaceManager: [IccSmsInterfaceManager] Added GSM cell broadcast subscription for MID range 4379 to 4379 from client com.android.cellbroadcastreceiver
12-20 01:57:36.505  3948  3964 D IccSmsInterfaceManager: [IccSmsInterfaceManager] Calling setCellBroadcastActivation(true)
12-20 01:57:36.507  3948  4408 D IccSmsInterfaceManager: [IccSmsInterfaceManager] enableCdmaBroadcastRange
12-20 01:57:36.508  3948  4408 D IccSmsInterfaceManager: [IccSmsInterfaceManager] Calling setCdmaBroadcastConfig with 1 configurations
12-20 01:57:36.509  3948  4408 D IccSmsInterfaceManager: [IccSmsInterfaceManager] Failed to add cdma broadcast subscription for MID range 4099 to 4099 from client com.android.cellbroadcastreceiver
12-20 01:57:36.511  3948  4403 D IccSmsInterfaceManager: [IccSmsInterfaceManager] enableGsmBroadcastRange
12-20 01:57:36.511  3948  4403 D IccSmsInterfaceManager: [IccSmsInterfaceManager] Added GSM cell broadcast subscription for MID range 4380 to 4382 from client com.android.cellbroadcastreceiver
12-20 01:57:36.511  3948  4403 D IccSmsInterfaceManager: [IccSmsInterfaceManager] Calling setCellBroadcastActivation(true)
12-20 01:57:36.514  3948  4407 D IccSmsInterfaceManager: [IccSmsInterfaceManager] enableCdmaBroadcastRange
12-20 01:57:36.514  3948  4407 D IccSmsInterfaceManager: [IccSmsInterfaceManager] Calling setCdmaBroadcastConfig with 1 configurations
12-20 01:57:36.515  3948  4407 D IccSmsInterfaceManager: [IccSmsInterfaceManager] Failed to add cdma broadcast subscription for MID range 4100 to 4100 from client com.android.cellbroadcastreceiver
12-20 01:57:36.517  3948  4279 D IccSmsInterfaceManager: [IccSmsInterfaceManager] enableGsmBroadcastRange
12-20 01:57:36.518  3948  4279 D IccSmsInterfaceManager: [IccSmsInterfaceManager] Added GSM cell broadcast subscription for MID range 4393 to 4395 from client com.android.cellbroadcastreceiver
12-20 01:57:36.518  3948  4279 D IccSmsInterfaceManager: [IccSmsInterfaceManager] Calling setCellBroadcastActivation(true)
12-20 01:57:36.519  4347  4623 D CellBroadcastConfigService: enabled emergency cell broadcast channels
12-20 01:57:36.521  3948  3965 D IccSmsInterfaceManager: [IccSmsInterfaceManager] enableGsmBroadcastRange
12-20 01:57:36.521  3948  3965 D IccSmsInterfaceManager: [IccSmsInterfaceManager] Added GSM cell broadcast subscription for MID range 4370 to 4370 from client com.android.cellbroadcastreceiver
12-20 01:57:36.521  3948  3965 D IccSmsInterfaceManager: [IccSmsInterfaceManager] Calling setCellBroadcastActivation(true)
12-20 01:57:36.524  3948  4406 D IccSmsInterfaceManager: [IccSmsInterfaceManager] enableCdmaBroadcastRange
12-20 01:57:36.525  3948  4406 D IccSmsInterfaceManager: [IccSmsInterfaceManager] Calling setCdmaBroadcastConfig with 1 configurations
12-20 01:57:36.526  3948  4406 D IccSmsInterfaceManager: [IccSmsInterfaceManager] Failed to add cdma broadcast subscription for MID range 4096 to 4096 from client com.android.cellbroadcastreceiver
12-20 01:57:36.527  3948  4308 D IccSmsInterfaceManager: [IccSmsInterfaceManager] enableGsmBroadcastRange
12-20 01:57:36.527  3948  4308 D IccSmsInterfaceManager: [IccSmsInterfaceManager] Added GSM cell broadcast subscription for MID range 4383 to 4383 from client com.android.cellbroadcastreceiver
12-20 01:57:36.527  3948  4308 D IccSmsInterfaceManager: [IccSmsInterfaceManager] Calling setCellBroadcastActivation(true)
12-20 01:57:36.529  4347  4623 D CellBroadcastConfigService: disabling cell broadcast channel 50
12-20 01:57:36.530  3948  4409 D IccSmsInterfaceManager: [IccSmsInterfaceManager] disableGsmBroadcastRange
12-20 01:57:36.531  3948  4409 D IccSmsInterfaceManager: [IccSmsInterfaceManager] Failed to remove GSM cell broadcast subscription for MID range 50 to 50 from client com.android.cellbroadcastreceiver
12-20 01:57:36.531  4347  4623 D CellBroadcastConfigService: disabling cell broadcast channel 60
12-20 01:57:36.533  3948  3964 D IccSmsInterfaceManager: [IccSmsInterfaceManager] disableGsmBroadcastRange
12-20 01:57:36.533  3948  3964 D IccSmsInterfaceManager: [IccSmsInterfaceManager] Failed to remove GSM cell broadcast subscription for MID range 60 to 60 from client com.android.cellbroadcastreceiver
12-20 01:57:36.533  4347  4623 D CellBroadcastConfigService: disabled cell broadcast channel 60
12-20 01:57:36.534  4347  4623 D CellBroadcastConfigService: disabling channels 919-928
12-20 01:57:36.536  3948  4407 D IccSmsInterfaceManager: [IccSmsInterfaceManager] disableGsmBroadcastRange
12-20 01:57:36.536  3948  4407 D IccSmsInterfaceManager: [IccSmsInterfaceManager] Failed to remove GSM cell broadcast subscription for MID range 919 to 928 from client com.android.cellbroadcastreceiver
12-20 01:57:36.537  4347  4623 D CellBroadcastConfigService: disabling cell broadcast ETWS test messages
12-20 01:57:36.539  3948  4406 D IccSmsInterfaceManager: [IccSmsInterfaceManager] disableGsmBroadcastRange
12-20 01:57:36.539  3948  4406 D IccSmsInterfaceManager: [IccSmsInterfaceManager] Failed to remove GSM cell broadcast subscription for MID range 4355 to 4355 from client com.android.cellbroadcastreceiver
12-20 01:57:38.447  4554  4609 I GlobalDismissManager: no sender configured
12-20 01:57:38.447  4554  4609 D AlertService: Beginning updateAlertNotification
12-20 01:57:38.452  4554  4609 D AlertService: No fired or scheduled alerts
12-20 01:57:38.455  4554  4609 D AlertService: Scheduling next alarm with AlarmScheduler. sEventReminderReceived: null
12-20 01:57:38.458  4554  4609 D AlarmScheduler: No events found starting within 1 week.
12-20 01:57:38.567  3372  4170 D ConnectivityService: setProvNotificationVisible: E visible=false networkType=0 action=com.android.internal.telephony.PROVISION0
12-20 01:57:38.568  3372  4170 D ConnectivityService: setProvNotificationVisibleIntent SIGN_IN visible=false networkType=MOBILE extraInfo=null highPriority=false
12-20 01:57:38.570  3372  3963 D ConnectivityService: registerNetworkAgent NetworkAgentInfo{ ni{[type: MOBILE[UMTS], state: CONNECTED/CONNECTED, reason: connected, extra: gprs.personal.com, roaming: false, failover: false, isAvailable: true]}  network{100}  lp{{InterfaceName: rmnet0 LinkAddresses: [186.126.123.115/32,]  Routes: [0.0.0.0/0 -> 186.126.123.1 rmnet0,] DnsAddresses: [172.21.7.7,172.25.7.6,] Domains: null MTU: 1500 TcpBufferSizes: 58254,349525,1048576,58254,349525,1048576}}  nc{[ Transports: CELLULAR Capabilities: SUPL&INTERNET&NOT_RESTRICTED&TRUSTED&NOT_VPN LinkUpBandwidth>=384Kbps LinkDnBandwidth>=384Kbps Specifier: <1>]}  Score{10}  everValidated{false}  lastValidated{false}  created{false} lingering{false} explicitlySelected{false} acceptUnvalidated{false} everCaptivePortalDetected{false} lastCaptivePortalDetected{false} }
12-20 01:57:38.570  3372  3505 D ConnectivityService: NetworkAgentInfo [MOBILE (UMTS) - 100] EVENT_NETWORK_INFO_CHANGED, going from null to CONNECTED
12-20 01:57:38.571  3372  3505 D ConnectivityService: Adding iface rmnet0 to network 100
12-20 01:57:38.569  2953  2953 W auditd  : type=1325 audit(0.0:238): table=mangle family=2 entries=17
12-20 01:57:38.569  2953  2953 W auditd  : type=1320 audit(0.0:238): 
12-20 01:57:38.569  2953  2953 W auditd  : type=1325 audit(0.0:239): table=mangle family=10 entries=13
12-20 01:57:38.569  2953  2953 W auditd  : type=1320 audit(0.0:239): 
12-20 01:57:38.589  3372  3505 D ConnectivityService: Setting MTU size: rmnet0, 1500
12-20 01:57:38.590  3372  3505 D ConnectivityService: Adding Route [0.0.0.0/0 -> 186.126.123.1 rmnet0] to network 100
12-20 01:57:38.592  3372  3505 D ConnectivityService: Setting Dns servers for network 100 to [/172.21.7.7, /172.25.7.6]
12-20 01:57:38.597  3372  3505 D ConnectivityService: notifyType IP_CHANGED for NetworkAgentInfo [MOBILE (UMTS) - 100]
12-20 01:57:38.599  3372  3505 D ConnectivityService: scheduleUnvalidatedPrompt 100
12-20 01:57:38.599  3372  3505 D ConnectivityService: updateSignalStrengthThresholds: CONNECT, sending [] to NetworkAgentInfo [MOBILE (UMTS) - 100]
12-20 01:57:38.601  3372  3505 D ConnectivityService: rematch for NetworkAgentInfo [MOBILE (UMTS) - 100]
12-20 01:57:38.601  3372  3505 D ConnectivityService:    accepting network in place of null
12-20 01:57:38.601  3372  3505 D ConnectivityService: Switching to new default network: NetworkAgentInfo{ ni{[type: MOBILE[UMTS], state: CONNECTED/CONNECTED, reason: connected, extra: gprs.personal.com, roaming: false, failover: false, isAvailable: true]}  network{100}  lp{{InterfaceName: rmnet0 LinkAddresses: [186.126.123.115/32,]  Routes: [0.0.0.0/0 -> 186.126.123.1 rmnet0,] DnsAddresses: [172.21.7.7,172.25.7.6,] Domains: null MTU: 1500 TcpBufferSizes: 58254,349525,1048576,58254,349525,1048576}}  nc{[ Transports: CELLULAR Capabilities: SUPL&INTERNET&NOT_RESTRICTED&TRUSTED&NOT_VPN LinkUpBandwidth>=384Kbps LinkDnBandwidth>=384Kbps Specifier: <1>]}  Score{10}  everValidated{false}  lastValidated{false}  created{true} lingering{false} explicitlySelected{false} acceptUnvalidated{false} everCaptivePortalDetected{false} lastCaptivePortalDetected{false} }
12-20 01:57:38.589  2953  2953 W auditd  : type=1325 audit(0.0:240): table=raw family=2 entries=10
12-20 01:57:38.589  2953  2953 W auditd  : type=1320 audit(0.0:240): 
12-20 01:57:38.599  2953  2953 W auditd  : type=1325 audit(0.0:241): table=raw family=10 entries=10
12-20 01:57:38.599  2953  2953 W auditd  : type=1320 audit(0.0:241): 
12-20 01:57:38.617  3053  3474 V IdletimerController: runCmd(/system/bin/ip6tables -w -t raw -A idletimer_raw_PREROUTING -i rmnet0 -j IDLETIMER --timeout 10 --label 0 --send_nl_msg 1) res_ipv4=0, res_ipv6=0
12-20 01:57:38.609  2953  2953 W auditd  : type=1325 audit(0.0:242): table=mangle family=2 entries=18
12-20 01:57:38.609  2953  2953 W auditd  : type=1320 audit(0.0:242): 
12-20 01:57:38.609  2953  2953 W auditd  : type=1325 audit(0.0:243): table=mangle family=10 entries=14
12-20 01:57:38.609  2953  2953 W auditd  : type=1320 audit(0.0:243): 
12-20 01:57:38.628  3053  3474 V IdletimerController: runCmd(/system/bin/ip6tables -w -t mangle -A idletimer_mangle_POSTROUTING -o rmnet0 -j IDLETIMER --timeout 10 --label 0 --send_nl_msg 1) res_ipv4=0, res_ipv6=0
12-20 01:57:38.629  3372  3505 D ConnectivityService: Setting tx/rx TCP buffers to 58254,349525,1048576,58254,349525,1048576
12-20 01:57:38.631  3372  3505 D CSLegacyTypeTracker: Sending CONNECTED broadcast for type 0 NetworkAgentInfo [MOBILE (UMTS) - 100] isDefaultNetwork=true
12-20 01:57:38.631  3372  3505 D ConnectivityService: sendStickyBroadcast: action=android.net.conn.CONNECTIVITY_CHANGE
12-20 01:57:38.632  3372  3505 D ConnectivityService: notifyType PRECHECK for NetworkAgentInfo [MOBILE (UMTS) - 100]
12-20 01:57:38.632  3372  3421 D Tethering: MasterInitialState.processMessage what=3
12-20 01:57:38.634  3372  3505 D ConnectivityService: notifyType CAP_CHANGED for NetworkAgentInfo [MOBILE (UMTS) - 100]
12-20 01:57:38.635  4488  4488 I UpdateCheckReceiver: Got connectivity change, has connection: true
12-20 01:57:38.635  4488  4488 I UpdateCheckReceiver: Scheduling future, repeating update checks.
12-20 01:57:38.637  3372  3505 D ConnectivityService: Setting tx/rx TCP buffers to 40778,244668,734003,16777,100663,301990
12-20 01:57:38.642  3372  3505 D ConnectivityService: notifyType IP_CHANGED for NetworkAgentInfo [MOBILE (HSUPA) - 100]
12-20 01:57:38.645  4214  4214 D WeatherUpdateService: onCreate
12-20 01:57:38.646  4214  4214 D WeatherUpdateService: Service started, but shouldn't update ... stopping
12-20 01:57:38.647  4214  4214 D WeatherUpdateService: onDestroy
12-20 01:57:38.649  2953  2953 W auditd  : type=1325 audit(0.0:244): table=filter family=2 entries=74
12-20 01:57:38.649  2953  2953 W auditd  : type=1320 audit(0.0:244): 
12-20 01:57:38.649  2953  2953 W auditd  : type=1325 audit(0.0:245): table=filter family=10 entries=77
12-20 01:57:38.649  2953  2953 W auditd  : type=1320 audit(0.0:245): 
12-20 01:57:38.659  2953  2953 W auditd  : type=1325 audit(0.0:246): table=filter family=2 entries=76
12-20 01:57:38.659  2953  2953 W auditd  : type=1320 audit(0.0:246): 
12-20 01:57:38.669  2953  2953 W auditd  : type=1325 audit(0.0:247): table=filter family=10 entries=79
12-20 01:57:38.669  2953  2953 W auditd  : type=1320 audit(0.0:247): 
12-20 01:57:38.679  2953  2953 W auditd  : type=1325 audit(0.0:248): table=filter family=2 entries=77
12-20 01:57:38.679  2953  2953 W auditd  : type=1320 audit(0.0:248): 
12-20 01:57:38.689  2953  2953 W auditd  : type=1325 audit(0.0:249): table=filter family=10 entries=80
12-20 01:57:38.689  2953  2953 W auditd  : type=1320 audit(0.0:249): 
12-20 01:57:38.709  2953  2953 W auditd  : type=1325 audit(0.0:250): table=filter family=2 entries=78
12-20 01:57:38.709  2953  2953 W auditd  : type=1320 audit(0.0:250): 
12-20 01:57:38.709  2953  2953 W auditd  : type=1325 audit(0.0:251): table=filter family=10 entries=81
12-20 01:57:38.709  2953  2953 W auditd  : type=1320 audit(0.0:251): 
12-20 01:57:38.744  3053  3474 I iptables: iptables: Index of insertion too big.
12-20 01:57:38.745  3053  3474 I iptables: iptables terminated by exit(1)
12-20 01:57:38.745  3053  3474 E BandwidthController: runIptablesCmd(): res=1 status=256 failed /system/bin/iptables -w -I bw_FORWARD 2 -i rmnet0 --jump bw_costly_rmnet0
12-20 01:57:38.750  3053  3474 I ip6tables: ip6tables: Index of insertion too big.
12-20 01:57:38.750  3053  3474 I ip6tables: ip6tables terminated by exit(1)
12-20 01:57:38.750  3053  3474 E BandwidthController: runIptablesCmd(): res=1 status=256 failed /system/bin/ip6tables -w -I bw_FORWARD 2 -i rmnet0 --jump bw_costly_rmnet0
12-20 01:57:38.739  2953  2953 W auditd  : type=1325 audit(0.0:252): table=filter family=2 entries=79
12-20 01:57:38.739  2953  2953 W auditd  : type=1320 audit(0.0:252): 
12-20 01:57:38.749  2953  2953 W auditd  : type=1325 audit(0.0:253): table=filter family=10 entries=82
12-20 01:57:38.749  2953  2953 W auditd  : type=1320 audit(0.0:253): 
12-20 01:57:38.762  3053  3474 E BandwidthController: Failed set quota rule
12-20 01:57:38.762  3053  3474 E BandwidthController: No such iface rmnet0 to delete
12-20 01:57:38.763  3372  3501 E NetworkPolicy: problem setting interface quota
12-20 01:57:38.763  3372  3501 E NetworkPolicy: java.lang.IllegalStateException: command '39 bandwidth setiquota rmnet0 9223372036854775807' failed with '400 39 Bandwidth command failed'
12-20 01:57:38.763  3372  3501 E NetworkPolicy: 	at com.android.server.NetworkManagementService.setInterfaceQuota(NetworkManagementService.java:1717)
12-20 01:57:38.763  3372  3501 E NetworkPolicy: 	at com.android.server.net.NetworkPolicyManagerService.setInterfaceQuota(NetworkPolicyManagerService.java:2567)
12-20 01:57:38.763  3372  3501 E NetworkPolicy: 	at com.android.server.net.NetworkPolicyManagerService.updateNetworkRulesLocked(NetworkPolicyManagerService.java:1314)
12-20 01:57:38.763  3372  3501 E NetworkPolicy: 	at com.android.server.net.NetworkPolicyManagerService$14.onReceive(NetworkPolicyManagerService.java:1138)
12-20 01:57:38.763  3372  3501 E NetworkPolicy: 	at android.app.LoadedApk$ReceiverDispatcher$Args.run(LoadedApk.java:882)
12-20 01:57:38.763  3372  3501 E NetworkPolicy: 	at android.os.Handler.handleCallback(Handler.java:739)
12-20 01:57:38.763  3372  3501 E NetworkPolicy: 	at android.os.Handler.dispatchMessage(Handler.java:95)
12-20 01:57:38.763  3372  3501 E NetworkPolicy: 	at android.os.Looper.loop(Looper.java:148)
12-20 01:57:38.763  3372  3501 E NetworkPolicy: 	at android.os.HandlerThread.run(HandlerThread.java:61)
12-20 01:57:38.763  3372  3501 E NetworkPolicy: Caused by: com.android.server.NativeDaemonConnector$NativeDaemonFailureException: command '39 bandwidth setiquota rmnet0 9223372036854775807' failed with '400 39 Bandwidth command failed'
12-20 01:57:38.763  3372  3501 E NetworkPolicy: 	at com.android.server.NativeDaemonConnector.executeForList(NativeDaemonConnector.java:444)
12-20 01:57:38.763  3372  3501 E NetworkPolicy: 	at com.android.server.NativeDaemonConnector.execute(NativeDaemonConnector.java:345)
12-20 01:57:38.763  3372  3501 E NetworkPolicy: 	at com.android.server.NativeDaemonConnector.execute(NativeDaemonConnector.java:340)
12-20 01:57:38.763  3372  3501 E NetworkPolicy: 	at com.android.server.NetworkManagementService.setInterfaceQuota(NetworkManagementService.java:1714)
12-20 01:57:38.763  3372  3501 E NetworkPolicy: 	... 8 more
12-20 01:57:39.966  3948  3948 V ConfigResourceUtil: resourceName = config_spn_display_control resourceId = 2130837514resourceValue = false
12-20 01:57:39.966  3372  3392 D AlarmManagerService: Kernel timezone updated to 180 minutes west of GMT
12-20 01:57:39.970  3372  3505 D ConnectivityService: notifyType CAP_CHANGED for NetworkAgentInfo [MOBILE (HSUPA) - 100]
12-20 01:57:39.971  4347  4347 D CellBroadcastReceiver: onReceive Intent { act=android.intent.action.SERVICE_STATE flg=0x10 cmp=com.android.cellbroadcastreceiver/.CellBroadcastReceiver (has extras) }
12-20 01:57:39.971  4347  4347 D CellBroadcastReceiver: Intent ACTION_SERVICE_STATE_CHANGED
12-20 01:57:39.971  4347  4347 D CellBroadcastReceiver: subscriptionId = 1
12-20 01:57:39.972  3372  3505 D ConnectivityService: Setting tx/rx TCP buffers to 122334,734003,2202010,32040,192239,576717
12-20 01:57:39.975  3372  3505 D ConnectivityService: notifyType IP_CHANGED for NetworkAgentInfo [MOBILE (HSPA+) - 100]
12-20 01:57:39.979  4347  4347 D CellBroadcastReceiver: Service state changed! 0 Full: 0 0 voice home data home PERSONAL AR TP 72234 PERSONAL AR TP 72234  UMTS HSPAP CSS not supported -1 -1 RoamInd=-1 DefRoamInd=-1 EmergOnly=false IsDataRoamingFromRegistration=false Current state=1
12-20 01:57:39.997  4347  4659 D CellBroadcastConfigService: enabling emergency cell broadcast channels
12-20 01:57:40.006  3948  4407 D IccSmsInterfaceManager: [IccSmsInterfaceManager] enableGsmBroadcastRange
12-20 01:57:40.006  3948  4407 D IccSmsInterfaceManager: [IccSmsInterfaceManager] Added GSM cell broadcast subscription for MID range 4352 to 4354 from client com.android.cellbroadcastreceiver
12-20 01:57:40.006  3948  4407 D IccSmsInterfaceManager: [IccSmsInterfaceManager] Calling setCellBroadcastActivation(true)
12-20 01:57:40.011  3948  4409 D IccSmsInterfaceManager: [IccSmsInterfaceManager] enableGsmBroadcastRange
12-20 01:57:40.012  3948  4409 D IccSmsInterfaceManager: [IccSmsInterfaceManager] Added GSM cell broadcast subscription for MID range 4356 to 4356 from client com.android.cellbroadcastreceiver
12-20 01:57:40.012  3948  4409 D IccSmsInterfaceManager: [IccSmsInterfaceManager] Calling setCellBroadcastActivation(true)
12-20 01:57:40.016  3948  3965 D IccSmsInterfaceManager: [IccSmsInterfaceManager] enableGsmBroadcastRange
12-20 01:57:40.016  3948  3965 D IccSmsInterfaceManager: [IccSmsInterfaceManager] Added GSM cell broadcast subscription for MID range 4371 to 4372 from client com.android.cellbroadcastreceiver
12-20 01:57:40.016  3948  3965 D IccSmsInterfaceManager: [IccSmsInterfaceManager] Calling setCellBroadcastActivation(true)
12-20 01:57:40.020  3948  4408 D IccSmsInterfaceManager: [IccSmsInterfaceManager] enableCdmaBroadcastRange
12-20 01:57:40.021  3948  4408 D IccSmsInterfaceManager: [IccSmsInterfaceManager] Calling setCdmaBroadcastConfig with 1 configurations
12-20 01:57:40.022  3948  4408 D IccSmsInterfaceManager: [IccSmsInterfaceManager] Failed to add cdma broadcast subscription for MID range 4097 to 4097 from client com.android.cellbroadcastreceiver
12-20 01:57:40.025  3948  4403 D IccSmsInterfaceManager: [IccSmsInterfaceManager] enableGsmBroadcastRange
12-20 01:57:40.026  3948  4403 D IccSmsInterfaceManager: [IccSmsInterfaceManager] Added GSM cell broadcast subscription for MID range 4373 to 4378 from client com.android.cellbroadcastreceiver
12-20 01:57:40.026  3948  4403 D IccSmsInterfaceManager: [IccSmsInterfaceManager] Calling setCellBroadcastActivation(true)
12-20 01:57:40.030  3948  4308 D IccSmsInterfaceManager: [IccSmsInterfaceManager] enableCdmaBroadcastRange
12-20 01:57:40.030  3948  4308 D IccSmsInterfaceManager: [IccSmsInterfaceManager] Calling setCdmaBroadcastConfig with 1 configurations
12-20 01:57:40.032  3948  4308 D IccSmsInterfaceManager: [IccSmsInterfaceManager] Failed to add cdma broadcast subscription for MID range 4098 to 4098 from client com.android.cellbroadcastreceiver
12-20 01:57:40.034  3948  3964 D IccSmsInterfaceManager: [IccSmsInterfaceManager] enableGsmBroadcastRange
12-20 01:57:40.034  3948  3964 D IccSmsInterfaceManager: [IccSmsInterfaceManager] Added GSM cell broadcast subscription for MID range 4379 to 4379 from client com.android.cellbroadcastreceiver
12-20 01:57:40.034  3948  3964 D IccSmsInterfaceManager: [IccSmsInterfaceManager] Calling setCellBroadcastActivation(true)
12-20 01:57:40.037  3948  4279 D IccSmsInterfaceManager: [IccSmsInterfaceManager] enableCdmaBroadcastRange
12-20 01:57:40.037  3948  4279 D IccSmsInterfaceManager: [IccSmsInterfaceManager] Calling setCdmaBroadcastConfig with 1 configurations
12-20 01:57:40.038  3948  4279 D IccSmsInterfaceManager: [IccSmsInterfaceManager] Failed to add cdma broadcast subscription for MID range 4099 to 4099 from client com.android.cellbroadcastreceiver
12-20 01:57:40.041  3948  4406 D IccSmsInterfaceManager: [IccSmsInterfaceManager] enableGsmBroadcastRange
12-20 01:57:40.041  3948  4406 D IccSmsInterfaceManager: [IccSmsInterfaceManager] Added GSM cell broadcast subscription for MID range 4380 to 4382 from client com.android.cellbroadcastreceiver
12-20 01:57:40.041  3948  4406 D IccSmsInterfaceManager: [IccSmsInterfaceManager] Calling setCellBroadcastActivation(true)
12-20 01:57:40.044  3948  4407 D IccSmsInterfaceManager: [IccSmsInterfaceManager] enableCdmaBroadcastRange
12-20 01:57:40.045  3948  4407 D IccSmsInterfaceManager: [IccSmsInterfaceManager] Calling setCdmaBroadcastConfig with 1 configurations
12-20 01:57:40.046  3948  4407 D IccSmsInterfaceManager: [IccSmsInterfaceManager] Failed to add cdma broadcast subscription for MID range 4100 to 4100 from client com.android.cellbroadcastreceiver
12-20 01:57:40.048  3948  4409 D IccSmsInterfaceManager: [IccSmsInterfaceManager] enableGsmBroadcastRange
12-20 01:57:40.048  3948  4409 D IccSmsInterfaceManager: [IccSmsInterfaceManager] Added GSM cell broadcast subscription for MID range 4393 to 4395 from client com.android.cellbroadcastreceiver
12-20 01:57:40.048  3948  4409 D IccSmsInterfaceManager: [IccSmsInterfaceManager] Calling setCellBroadcastActivation(true)
12-20 01:57:40.049  4347  4659 D CellBroadcastConfigService: enabled emergency cell broadcast channels
12-20 01:57:40.051  3948  3965 D IccSmsInterfaceManager: [IccSmsInterfaceManager] enableGsmBroadcastRange
12-20 01:57:40.051  3948  3965 D IccSmsInterfaceManager: [IccSmsInterfaceManager] Added GSM cell broadcast subscription for MID range 4370 to 4370 from client com.android.cellbroadcastreceiver
12-20 01:57:40.051  3948  3965 D IccSmsInterfaceManager: [IccSmsInterfaceManager] Calling setCellBroadcastActivation(true)
12-20 01:57:40.054  3948  4408 D IccSmsInterfaceManager: [IccSmsInterfaceManager] enableCdmaBroadcastRange
12-20 01:57:40.055  3948  4408 D IccSmsInterfaceManager: [IccSmsInterfaceManager] Calling setCdmaBroadcastConfig with 1 configurations
12-20 01:57:40.056  3948  4408 D IccSmsInterfaceManager: [IccSmsInterfaceManager] Failed to add cdma broadcast subscription for MID range 4096 to 4096 from client com.android.cellbroadcastreceiver
12-20 01:57:40.057  3948  4403 D IccSmsInterfaceManager: [IccSmsInterfaceManager] enableGsmBroadcastRange
12-20 01:57:40.058  3948  4403 D IccSmsInterfaceManager: [IccSmsInterfaceManager] Added GSM cell broadcast subscription for MID range 4383 to 4383 from client com.android.cellbroadcastreceiver
12-20 01:57:40.058  3948  4403 D IccSmsInterfaceManager: [IccSmsInterfaceManager] Calling setCellBroadcastActivation(true)
12-20 01:57:40.059  4347  4659 D CellBroadcastConfigService: disabling cell broadcast channel 50
12-20 01:57:40.061  3948  4308 D IccSmsInterfaceManager: [IccSmsInterfaceManager] disableGsmBroadcastRange
12-20 01:57:40.061  3948  4308 D IccSmsInterfaceManager: [IccSmsInterfaceManager] Failed to remove GSM cell broadcast subscription for MID range 50 to 50 from client com.android.cellbroadcastreceiver
12-20 01:57:40.061  4347  4659 D CellBroadcastConfigService: disabling cell broadcast channel 60
12-20 01:57:40.062  3948  3964 D IccSmsInterfaceManager: [IccSmsInterfaceManager] disableGsmBroadcastRange
12-20 01:57:40.063  3948  3964 D IccSmsInterfaceManager: [IccSmsInterfaceManager] Failed to remove GSM cell broadcast subscription for MID range 60 to 60 from client com.android.cellbroadcastreceiver
12-20 01:57:40.063  4347  4659 D CellBroadcastConfigService: disabled cell broadcast channel 60
12-20 01:57:40.064  4347  4659 D CellBroadcastConfigService: disabling channels 919-928
12-20 01:57:40.066  3948  4407 D IccSmsInterfaceManager: [IccSmsInterfaceManager] disableGsmBroadcastRange
12-20 01:57:40.066  3948  4407 D IccSmsInterfaceManager: [IccSmsInterfaceManager] Failed to remove GSM cell broadcast subscription for MID range 919 to 928 from client com.android.cellbroadcastreceiver
12-20 01:57:40.067  4347  4659 D CellBroadcastConfigService: disabling cell broadcast ETWS test messages
12-20 01:57:40.069  3948  4408 D IccSmsInterfaceManager: [IccSmsInterfaceManager] disableGsmBroadcastRange
12-20 01:57:40.069  3948  4408 D IccSmsInterfaceManager: [IccSmsInterfaceManager] Failed to remove GSM cell broadcast subscription for MID range 4355 to 4355 from client com.android.cellbroadcastreceiver
12-20 01:57:40.165  3372  4627 D NetworkMonitor/NetworkAgentInfo [MOBILE (HSPA+) - 100]: Checking http://connectivitycheck.gstatic.com/generate_204 on gprs.personal.com, connectivitycheck.gstatic.com=172.217.28.238,2800:3f0:4002:800::200e
12-20 01:57:40.165  3372  4627 W System  : ClassLoader referenced unknown path: /system/framework/tcmclient.jar
12-20 01:57:40.355  3372  4627 D NetworkMonitor/NetworkAgentInfo [MOBILE (HSPA+) - 100]: isCaptivePortal: ret=204 headers={null=[HTTP/1.1 204 No Content], Content-Length=[0], Date=[Tue, 20 Dec 2016 04:57:41 GMT], X-Android-Received-Millis=[1482209860354], X-Android-Response-Source=[NETWORK 204], X-Android-Selected-Protocol=[http/1.1], X-Android-Sent-Millis=[1482209860264]}
12-20 01:57:40.355  3372  3505 D ConnectivityService: setProvNotificationVisibleIntent null visible=false networkType=MOBILE extraInfo=null highPriority=false
12-20 01:57:40.355  3372  3505 D ConnectivityService: NetworkAgentInfo [MOBILE (HSPA+) - 100] validation  passed
12-20 01:57:40.355  3372  3505 D ConnectivityService: notifyType CAP_CHANGED for NetworkAgentInfo [MOBILE (HSPA+) - 100]
12-20 01:57:40.356  3372  3505 D ConnectivityService: sendStickyBroadcast: action=android.net.conn.INET_CONDITION_ACTION
12-20 01:57:42.178  3372  3424 I PowerManagerService: Going to sleep due to screen timeout (uid 1000)...
12-20 01:57:42.179  3372  3424 I PowerManagerService: Sleeping (uid 1000)...
12-20 01:57:42.196  3372  3424 D mali_winsys: EGLint new_window_surface(egl_winsys_display*, void*, EGLSurface, EGLConfig, egl_winsys_surface**, egl_color_buffer_format*, EGLBoolean) returns 0x3000,  [1440x2560]-format:1
12-20 01:57:42.199  3027  3485 D PermissionCache: checking android.permission.READ_FRAME_BUFFER for uid=1000 => granted (96 us)
12-20 01:57:42.694  3372  3424 I Sensors : Acc old sensor_state 1, new sensor_state : 0 en : 0
12-20 01:57:42.697  3372  3424 V KeyguardServiceDelegate: onScreenTurnedOff()
12-20 01:57:42.702  3372  3424 E libEGL  : call to OpenGL ES API with no current context (logged once per thread)
12-20 01:57:42.707  3372  3422 I DisplayManagerService: Display device changed state: "Built-in Screen", OFF
12-20 01:57:42.707  3027  3027 D SurfaceFlinger: Set power mode=0, type=0 flinger=0x7f8ee43c00
12-20 01:57:42.869  3372  3564 D SurfaceControl: Excessive delay in setPowerMode(): 161ms
12-20 01:57:42.871  3058  3990 E bt_a2dp_hw: adev_set_parameters: ERROR: set param called even when stream out is null
12-20 01:57:42.874  3578  3578 D PhoneStatusBar: disable: < expand ICONS alerts SYSTEM_INFO back HOME RECENT clock SEARCH quick_settings >
12-20 01:57:42.890  3058  3522 E bt_a2dp_hw: adev_set_parameters: ERROR: set param called even when stream out is null
12-20 01:57:42.899  3372  3503 D WifiConfigStore: Retrieve network priorities after PNO.
12-20 01:57:42.900  3372  3503 E native  : do suspend false
12-20 01:57:42.912  3372  3503 D WifiConfigStore: No blacklist allowed without epno enabled
12-20 01:57:42.912  3372  3503 E native  : do suspend true
12-20 01:57:43.401  3372  3503 D WifiStateMachine: Disconnected CMD_START_SCAN source -2 4, 5 -> obsolete
12-20 01:57:43.871  3372  3503 D WifiStateMachine: Disconnected CMD_START_SCAN source -2 2, 5 -> obsolete
12-20 01:57:43.961  3591  4213 W MediaScanner: Error opening directory '/oem/media/', skipping: No such file or directory.
12-20 01:57:44.179  3372  3424 W PowerManagerService: Sandman unresponsive, releasing suspend blocker
12-20 01:57:44.477  4139  4186 E ELEVEN  : calling refresh!
12-20 01:57:44.896  3372  3410 I ActivityManager: Waited long enough for: ServiceRecord{9f144b4 u0 com.cyanogenmod.lockclock/.weather.WeatherSourceListenerService}
12-20 01:57:46.267  3948  3948 V ConfigResourceUtil: resourceName = config_spn_display_control resourceId = 2130837514resourceValue = false
12-20 01:57:46.268  3372  4302 D AlarmManagerService: Kernel timezone updated to 180 minutes west of GMT
12-20 01:57:46.271  3372  3505 D ConnectivityService: notifyType CAP_CHANGED for NetworkAgentInfo [MOBILE (HSPA+) - 100]
12-20 01:57:46.271  4347  4347 D CellBroadcastReceiver: onReceive Intent { act=android.intent.action.SERVICE_STATE flg=0x10 cmp=com.android.cellbroadcastreceiver/.CellBroadcastReceiver (has extras) }
12-20 01:57:46.271  4347  4347 D CellBroadcastReceiver: Intent ACTION_SERVICE_STATE_CHANGED
12-20 01:57:46.272  4347  4347 D CellBroadcastReceiver: subscriptionId = 1
12-20 01:57:46.272  3372  3505 D ConnectivityService: Setting tx/rx TCP buffers to 40778,244668,734003,16777,100663,301990
12-20 01:57:46.275  3372  3505 D ConnectivityService: notifyType IP_CHANGED for NetworkAgentInfo [MOBILE (HSUPA) - 100]
12-20 01:57:46.278  4347  4347 D CellBroadcastReceiver: Service state changed! 0 Full: 0 0 voice home data home PERSONAL AR TP 72234 PERSONAL AR TP 72234  UMTS HSUPA CSS not supported -1 -1 RoamInd=-1 DefRoamInd=-1 EmergOnly=false IsDataRoamingFromRegistration=false Current state=1
12-20 01:57:46.292  4347  4720 D CellBroadcastConfigService: enabling emergency cell broadcast channels
12-20 01:57:46.294  3948  4409 D IccSmsInterfaceManager: [IccSmsInterfaceManager] enableGsmBroadcastRange
12-20 01:57:46.294  3948  4409 D IccSmsInterfaceManager: [IccSmsInterfaceManager] Added GSM cell broadcast subscription for MID range 4352 to 4354 from client com.android.cellbroadcastreceiver
12-20 01:57:46.294  3948  4409 D IccSmsInterfaceManager: [IccSmsInterfaceManager] Calling setCellBroadcastActivation(true)
12-20 01:57:46.297  3948  3965 D IccSmsInterfaceManager: [IccSmsInterfaceManager] enableGsmBroadcastRange
12-20 01:57:46.297  3948  3965 D IccSmsInterfaceManager: [IccSmsInterfaceManager] Added GSM cell broadcast subscription for MID range 4356 to 4356 from client com.android.cellbroadcastreceiver
12-20 01:57:46.297  3948  3965 D IccSmsInterfaceManager: [IccSmsInterfaceManager] Calling setCellBroadcastActivation(true)
12-20 01:57:46.300  3948  4408 D IccSmsInterfaceManager: [IccSmsInterfaceManager] enableGsmBroadcastRange
12-20 01:57:46.300  3948  4408 D IccSmsInterfaceManager: [IccSmsInterfaceManager] Added GSM cell broadcast subscription for MID range 4371 to 4372 from client com.android.cellbroadcastreceiver
12-20 01:57:46.300  3948  4408 D IccSmsInterfaceManager: [IccSmsInterfaceManager] Calling setCellBroadcastActivation(true)
12-20 01:57:46.304  3948  4403 D IccSmsInterfaceManager: [IccSmsInterfaceManager] enableCdmaBroadcastRange
12-20 01:57:46.304  3948  4403 D IccSmsInterfaceManager: [IccSmsInterfaceManager] Calling setCdmaBroadcastConfig with 1 configurations
12-20 01:57:46.306  3948  4403 D IccSmsInterfaceManager: [IccSmsInterfaceManager] Failed to add cdma broadcast subscription for MID range 4097 to 4097 from client com.android.cellbroadcastreceiver
12-20 01:57:46.308  3948  4308 D IccSmsInterfaceManager: [IccSmsInterfaceManager] enableGsmBroadcastRange
12-20 01:57:46.309  3948  4308 D IccSmsInterfaceManager: [IccSmsInterfaceManager] Added GSM cell broadcast subscription for MID range 4373 to 4378 from client com.android.cellbroadcastreceiver
12-20 01:57:46.309  3948  4308 D IccSmsInterfaceManager: [IccSmsInterfaceManager] Calling setCellBroadcastActivation(true)
12-20 01:57:46.312  3948  3964 D IccSmsInterfaceManager: [IccSmsInterfaceManager] enableCdmaBroadcastRange
12-20 01:57:46.313  3948  3964 D IccSmsInterfaceManager: [IccSmsInterfaceManager] Calling setCdmaBroadcastConfig with 1 configurations
12-20 01:57:46.314  3948  3964 D IccSmsInterfaceManager: [IccSmsInterfaceManager] Failed to add cdma broadcast subscription for MID range 4098 to 4098 from client com.android.cellbroadcastreceiver
12-20 01:57:46.316  3948  4406 D IccSmsInterfaceManager: [IccSmsInterfaceManager] enableGsmBroadcastRange
12-20 01:57:46.317  3948  4406 D IccSmsInterfaceManager: [IccSmsInterfaceManager] Added GSM cell broadcast subscription for MID range 4379 to 4379 from client com.android.cellbroadcastreceiver
12-20 01:57:46.317  3948  4406 D IccSmsInterfaceManager: [IccSmsInterfaceManager] Calling setCellBroadcastActivation(true)
12-20 01:57:46.320  3948  4279 D IccSmsInterfaceManager: [IccSmsInterfaceManager] enableCdmaBroadcastRange
12-20 01:57:46.321  3948  4279 D IccSmsInterfaceManager: [IccSmsInterfaceManager] Calling setCdmaBroadcastConfig with 1 configurations
12-20 01:57:46.323  3948  4279 D IccSmsInterfaceManager: [IccSmsInterfaceManager] Failed to add cdma broadcast subscription for MID range 4099 to 4099 from client com.android.cellbroadcastreceiver
12-20 01:57:46.326  3948  4407 D IccSmsInterfaceManager: [IccSmsInterfaceManager] enableGsmBroadcastRange
12-20 01:57:46.327  3948  4407 D IccSmsInterfaceManager: [IccSmsInterfaceManager] Added GSM cell broadcast subscription for MID range 4380 to 4382 from client com.android.cellbroadcastreceiver
12-20 01:57:46.327  3948  4407 D IccSmsInterfaceManager: [IccSmsInterfaceManager] Calling setCellBroadcastActivation(true)
12-20 01:57:46.330  3948  4409 D IccSmsInterfaceManager: [IccSmsInterfaceManager] enableCdmaBroadcastRange
12-20 01:57:46.331  3948  4409 D IccSmsInterfaceManager: [IccSmsInterfaceManager] Calling setCdmaBroadcastConfig with 1 configurations
12-20 01:57:46.332  3948  4409 D IccSmsInterfaceManager: [IccSmsInterfaceManager] Failed to add cdma broadcast subscription for MID range 4100 to 4100 from client com.android.cellbroadcastreceiver
12-20 01:57:46.335  3948  3965 D IccSmsInterfaceManager: [IccSmsInterfaceManager] enableGsmBroadcastRange
12-20 01:57:46.336  3948  3965 D IccSmsInterfaceManager: [IccSmsInterfaceManager] Added GSM cell broadcast subscription for MID range 4393 to 4395 from client com.android.cellbroadcastreceiver
12-20 01:57:46.336  3948  3965 D IccSmsInterfaceManager: [IccSmsInterfaceManager] Calling setCellBroadcastActivation(true)
12-20 01:57:46.337  4347  4720 D CellBroadcastConfigService: enabled emergency cell broadcast channels
12-20 01:57:46.339  3948  4408 D IccSmsInterfaceManager: [IccSmsInterfaceManager] enableGsmBroadcastRange
12-20 01:57:46.339  3948  4408 D IccSmsInterfaceManager: [IccSmsInterfaceManager] Added GSM cell broadcast subscription for MID range 4370 to 4370 from client com.android.cellbroadcastreceiver
12-20 01:57:46.339  3948  4408 D IccSmsInterfaceManager: [IccSmsInterfaceManager] Calling setCellBroadcastActivation(true)
12-20 01:57:46.342  3948  4403 D IccSmsInterfaceManager: [IccSmsInterfaceManager] enableCdmaBroadcastRange
12-20 01:57:46.342  3948  4403 D IccSmsInterfaceManager: [IccSmsInterfaceManager] Calling setCdmaBroadcastConfig with 1 configurations
12-20 01:57:46.343  3948  4403 D IccSmsInterfaceManager: [IccSmsInterfaceManager] Failed to add cdma broadcast subscription for MID range 4096 to 4096 from client com.android.cellbroadcastreceiver
12-20 01:57:46.345  3948  4308 D IccSmsInterfaceManager: [IccSmsInterfaceManager] enableGsmBroadcastRange
12-20 01:57:46.345  3948  4308 D IccSmsInterfaceManager: [IccSmsInterfaceManager] Added GSM cell broadcast subscription for MID range 4383 to 4383 from client com.android.cellbroadcastreceiver
12-20 01:57:46.345  3948  4308 D IccSmsInterfaceManager: [IccSmsInterfaceManager] Calling setCellBroadcastActivation(true)
12-20 01:57:46.346  4347  4720 D CellBroadcastConfigService: disabling cell broadcast channel 50
12-20 01:57:46.348  3948  3964 D IccSmsInterfaceManager: [IccSmsInterfaceManager] disableGsmBroadcastRange
12-20 01:57:46.349  3948  3964 D IccSmsInterfaceManager: [IccSmsInterfaceManager] Failed to remove GSM cell broadcast subscription for MID range 50 to 50 from client com.android.cellbroadcastreceiver
12-20 01:57:46.349  4347  4720 D CellBroadcastConfigService: disabling cell broadcast channel 60
12-20 01:57:46.351  3948  4406 D IccSmsInterfaceManager: [IccSmsInterfaceManager] disableGsmBroadcastRange
12-20 01:57:46.351  3948  4406 D IccSmsInterfaceManager: [IccSmsInterfaceManager] Failed to remove GSM cell broadcast subscription for MID range 60 to 60 from client com.android.cellbroadcastreceiver
12-20 01:57:46.351  4347  4720 D CellBroadcastConfigService: disabled cell broadcast channel 60
12-20 01:57:46.352  4347  4720 D CellBroadcastConfigService: disabling channels 919-928
12-20 01:57:46.354  3948  4409 D IccSmsInterfaceManager: [IccSmsInterfaceManager] disableGsmBroadcastRange
12-20 01:57:46.354  3948  4409 D IccSmsInterfaceManager: [IccSmsInterfaceManager] Failed to remove GSM cell broadcast subscription for MID range 919 to 928 from client com.android.cellbroadcastreceiver
12-20 01:57:46.355  4347  4720 D CellBroadcastConfigService: disabling cell broadcast ETWS test messages
12-20 01:57:46.356  3948  4403 D IccSmsInterfaceManager: [IccSmsInterfaceManager] disableGsmBroadcastRange
12-20 01:57:46.357  3948  4403 D IccSmsInterfaceManager: [IccSmsInterfaceManager] Failed to remove GSM cell broadcast subscription for MID range 4355 to 4355 from client com.android.cellbroadcastreceiver
12-20 01:57:46.600  3372  3505 D ConnectivityService: handlePromptUnvalidated 100
12-20 01:57:47.697  3372  3410 I ActivityManager: Waited long enough for: ServiceRecord{20552fa u0 com.android.calendar/.alerts.InitAlarmsService}
12-20 01:57:47.777  3372  3410 I ActivityManager: Waited long enough for: ServiceRecord{57fac87 u0 com.android.email/.service.LegacyImapSyncAdapterService}
12-20 01:57:55.749  3372  3953 I ActivityManager: Killing 4227:org.cyanogenmod.weather.provider/u0a28 (adj 15): empty #17
12-20 01:57:55.759  3372  3953 I ActivityManager: Killing 3688:org.cyanogenmod.themes.provider/u0a22 (adj 15): empty #18
12-20 01:57:55.775  3372  3953 I ActivityManager: Killing 3621:com.android.externalstorage/u0a9 (adj 15): empty #19
12-20 01:57:55.786  3372  3655 D ActivityManager: cleanUpApplicationRecord -- 4227
12-20 01:57:55.786  3372  3606 D ActivityManager: cleanUpApplicationRecord -- 3688
12-20 01:57:55.786  3372  3607 D ActivityManager: cleanUpApplicationRecord -- 3621
12-20 01:58:02.700  4554  4585 D InitAlarmsService: Clearing and rescheduling alarms.
12-20 01:58:02.737  3372  4209 I ActivityManager: Killing 4106:com.cyanogenmod.eleven/u0a41 (adj 15): empty #17
12-20 01:58:02.772  3372  3963 D ActivityManager: cleanUpApplicationRecord -- 4106
12-20 01:58:12.302  3948  3948 V ConfigResourceUtil: resourceName = config_spn_display_control resourceId = 2130837514resourceValue = false
12-20 01:58:12.307  3372  3606 D AlarmManagerService: Kernel timezone updated to 180 minutes west of GMT
12-20 01:58:12.325  3372  3505 D ConnectivityService: notifyType CAP_CHANGED for NetworkAgentInfo [MOBILE (HSUPA) - 100]
12-20 01:58:12.326  3372  3505 D ConnectivityService: Setting tx/rx TCP buffers to 122334,734003,2202010,32040,192239,576717
12-20 01:58:12.329  4347  4347 D CellBroadcastReceiver: onReceive Intent { act=android.intent.action.SERVICE_STATE flg=0x10 cmp=com.android.cellbroadcastreceiver/.CellBroadcastReceiver (has extras) }
12-20 01:58:12.330  4347  4347 D CellBroadcastReceiver: Intent ACTION_SERVICE_STATE_CHANGED
12-20 01:58:12.330  4347  4347 D CellBroadcastReceiver: subscriptionId = 1
12-20 01:58:12.344  3372  3505 D ConnectivityService: notifyType IP_CHANGED for NetworkAgentInfo [MOBILE (HSPA+) - 100]
12-20 01:58:12.356  4347  4347 D CellBroadcastReceiver: Service state changed! 0 Full: 0 0 voice home data home PERSONAL AR TP 72234 PERSONAL AR TP 72234  UMTS HSPAP CSS not supported -1 -1 RoamInd=-1 DefRoamInd=-1 EmergOnly=false IsDataRoamingFromRegistration=false Current state=1
12-20 01:58:12.431  4347  4729 D CellBroadcastConfigService: enabling emergency cell broadcast channels
12-20 01:58:12.440  3948  4406 D IccSmsInterfaceManager: [IccSmsInterfaceManager] enableGsmBroadcastRange
12-20 01:58:12.442  3948  4406 D IccSmsInterfaceManager: [IccSmsInterfaceManager] Added GSM cell broadcast subscription for MID range 4352 to 4354 from client com.android.cellbroadcastreceiver
12-20 01:58:12.442  3948  4406 D IccSmsInterfaceManager: [IccSmsInterfaceManager] Calling setCellBroadcastActivation(true)
12-20 01:58:12.455  3948  4403 D IccSmsInterfaceManager: [IccSmsInterfaceManager] enableGsmBroadcastRange
12-20 01:58:12.456  3948  4403 D IccSmsInterfaceManager: [IccSmsInterfaceManager] Added GSM cell broadcast subscription for MID range 4356 to 4356 from client com.android.cellbroadcastreceiver
12-20 01:58:12.456  3948  4403 D IccSmsInterfaceManager: [IccSmsInterfaceManager] Calling setCellBroadcastActivation(true)
12-20 01:58:12.468  3948  4308 D IccSmsInterfaceManager: [IccSmsInterfaceManager] enableGsmBroadcastRange
12-20 01:58:12.470  3948  4308 D IccSmsInterfaceManager: [IccSmsInterfaceManager] Added GSM cell broadcast subscription for MID range 4371 to 4372 from client com.android.cellbroadcastreceiver
12-20 01:58:12.470  3948  4308 D IccSmsInterfaceManager: [IccSmsInterfaceManager] Calling setCellBroadcastActivation(true)
12-20 01:58:12.483  3948  4409 D IccSmsInterfaceManager: [IccSmsInterfaceManager] enableCdmaBroadcastRange
12-20 01:58:12.485  3948  4409 D IccSmsInterfaceManager: [IccSmsInterfaceManager] Calling setCdmaBroadcastConfig with 1 configurations
12-20 01:58:12.489  3948  4409 D IccSmsInterfaceManager: [IccSmsInterfaceManager] Failed to add cdma broadcast subscription for MID range 4097 to 4097 from client com.android.cellbroadcastreceiver
12-20 01:58:12.498  3948  3965 D IccSmsInterfaceManager: [IccSmsInterfaceManager] enableGsmBroadcastRange
12-20 01:58:12.499  3948  3965 D IccSmsInterfaceManager: [IccSmsInterfaceManager] Added GSM cell broadcast subscription for MID range 4373 to 4378 from client com.android.cellbroadcastreceiver
12-20 01:58:12.499  3948  3965 D IccSmsInterfaceManager: [IccSmsInterfaceManager] Calling setCellBroadcastActivation(true)
12-20 01:58:12.511  3948  4408 D IccSmsInterfaceManager: [IccSmsInterfaceManager] enableCdmaBroadcastRange
12-20 01:58:12.513  3948  4408 D IccSmsInterfaceManager: [IccSmsInterfaceManager] Calling setCdmaBroadcastConfig with 1 configurations
12-20 01:58:12.517  3948  4408 D IccSmsInterfaceManager: [IccSmsInterfaceManager] Failed to add cdma broadcast subscription for MID range 4098 to 4098 from client com.android.cellbroadcastreceiver
12-20 01:58:12.525  3948  4407 D IccSmsInterfaceManager: [IccSmsInterfaceManager] enableGsmBroadcastRange
12-20 01:58:12.526  3948  4407 D IccSmsInterfaceManager: [IccSmsInterfaceManager] Added GSM cell broadcast subscription for MID range 4379 to 4379 from client com.android.cellbroadcastreceiver
12-20 01:58:12.526  3948  4407 D IccSmsInterfaceManager: [IccSmsInterfaceManager] Calling setCellBroadcastActivation(true)
12-20 01:58:12.540  3948  4279 D IccSmsInterfaceManager: [IccSmsInterfaceManager] enableCdmaBroadcastRange
12-20 01:58:12.542  3948  4279 D IccSmsInterfaceManager: [IccSmsInterfaceManager] Calling setCdmaBroadcastConfig with 1 configurations
12-20 01:58:12.546  3948  4279 D IccSmsInterfaceManager: [IccSmsInterfaceManager] Failed to add cdma broadcast subscription for MID range 4099 to 4099 from client com.android.cellbroadcastreceiver
12-20 01:58:12.556  3948  3964 D IccSmsInterfaceManager: [IccSmsInterfaceManager] enableGsmBroadcastRange
12-20 01:58:12.557  3948  3964 D IccSmsInterfaceManager: [IccSmsInterfaceManager] Added GSM cell broadcast subscription for MID range 4380 to 4382 from client com.android.cellbroadcastreceiver
12-20 01:58:12.558  3948  3964 D IccSmsInterfaceManager: [IccSmsInterfaceManager] Calling setCellBroadcastActivation(true)
12-20 01:58:12.570  3948  4406 D IccSmsInterfaceManager: [IccSmsInterfaceManager] enableCdmaBroadcastRange
12-20 01:58:12.572  3948  4406 D IccSmsInterfaceManager: [IccSmsInterfaceManager] Calling setCdmaBroadcastConfig with 1 configurations
12-20 01:58:12.575  3948  4406 D IccSmsInterfaceManager: [IccSmsInterfaceManager] Failed to add cdma broadcast subscription for MID range 4100 to 4100 from client com.android.cellbroadcastreceiver
12-20 01:58:12.585  3948  4403 D IccSmsInterfaceManager: [IccSmsInterfaceManager] enableGsmBroadcastRange
