12-20 01:33:45.545  3960  3979 D IccSmsInterfaceManager: [IccSmsInterfaceManager] Calling setGsmBroadcastConfig with 5 configurations
12-20 01:33:45.552  3960  3979 D IccSmsInterfaceManager: [IccSmsInterfaceManager] Added GSM cell broadcast subscription for MID range 4370 to 4370 from client com.android.cellbroadcastreceiver
12-20 01:33:45.552  3960  3979 D IccSmsInterfaceManager: [IccSmsInterfaceManager] Calling setCellBroadcastActivation(true)
12-20 01:33:45.555  3960  4404 D IccSmsInterfaceManager: [IccSmsInterfaceManager] enableCdmaBroadcastRange
12-20 01:33:45.555  3960  4404 D IccSmsInterfaceManager: [IccSmsInterfaceManager] Calling setCdmaBroadcastConfig with 1 configurations
12-20 01:33:45.556  3960  4404 D IccSmsInterfaceManager: [IccSmsInterfaceManager] Failed to add cdma broadcast subscription for MID range 4096 to 4096 from client com.android.cellbroadcastreceiver
12-20 01:33:45.558  3960  4410 D IccSmsInterfaceManager: [IccSmsInterfaceManager] enableGsmBroadcastRange
12-20 01:33:45.559  3960  4410 D IccSmsInterfaceManager: [IccSmsInterfaceManager] Calling setGsmBroadcastConfig with 5 configurations
12-20 01:33:45.564  3960  4410 D IccSmsInterfaceManager: [IccSmsInterfaceManager] Added GSM cell broadcast subscription for MID range 4383 to 4383 from client com.android.cellbroadcastreceiver
12-20 01:33:45.564  3960  4410 D IccSmsInterfaceManager: [IccSmsInterfaceManager] Calling setCellBroadcastActivation(true)
12-20 01:33:45.565  4346  4614 D CellBroadcastConfigService: disabling cell broadcast channel 50
12-20 01:33:45.567  3960  4212 D IccSmsInterfaceManager: [IccSmsInterfaceManager] disableGsmBroadcastRange
12-20 01:33:45.567  3960  4212 D IccSmsInterfaceManager: [IccSmsInterfaceManager] Failed to remove GSM cell broadcast subscription for MID range 50 to 50 from client com.android.cellbroadcastreceiver
12-20 01:33:45.567  4346  4614 D CellBroadcastConfigService: disabling cell broadcast channel 60
12-20 01:33:45.569  3960  4409 D IccSmsInterfaceManager: [IccSmsInterfaceManager] disableGsmBroadcastRange
12-20 01:33:45.569  3960  4409 D IccSmsInterfaceManager: [IccSmsInterfaceManager] Failed to remove GSM cell broadcast subscription for MID range 60 to 60 from client com.android.cellbroadcastreceiver
12-20 01:33:45.569  4346  4614 D CellBroadcastConfigService: disabled cell broadcast channel 60
12-20 01:33:45.571  4346  4614 D CellBroadcastConfigService: disabling channels 919-928
12-20 01:33:45.572  3960  4216 D IccSmsInterfaceManager: [IccSmsInterfaceManager] disableGsmBroadcastRange
12-20 01:33:45.573  3960  4216 D IccSmsInterfaceManager: [IccSmsInterfaceManager] Failed to remove GSM cell broadcast subscription for MID range 919 to 928 from client com.android.cellbroadcastreceiver
12-20 01:33:45.574  4346  4614 D CellBroadcastConfigService: disabling cell broadcast ETWS test messages
12-20 01:33:45.575  3960  4404 D IccSmsInterfaceManager: [IccSmsInterfaceManager] disableGsmBroadcastRange
12-20 01:33:45.576  3960  4404 D IccSmsInterfaceManager: [IccSmsInterfaceManager] Failed to remove GSM cell broadcast subscription for MID range 4355 to 4355 from client com.android.cellbroadcastreceiver
12-20 01:33:46.008  4477  4477 I CalendarProvider2: Sending notification intent: Intent { act=android.intent.action.PROVIDER_CHANGED dat=content://com.android.calendar flg=0x20000000 }
12-20 01:33:46.008  4477  4477 W ContentResolver: Failed to get type for: content://com.android.calendar (Unknown URL content://com.android.calendar)
12-20 01:33:46.010  4559  4559 D AlertReceiver: onReceive: a=android.intent.action.PROVIDER_CHANGED Intent { act=android.intent.action.PROVIDER_CHANGED dat=content://com.android.calendar flg=0x20000010 cmp=com.android.calendar/.alerts.AlertReceiver }
12-20 01:33:46.012  4559  4615 D AlertService: 0 Action = android.intent.action.PROVIDER_CHANGED
12-20 01:33:46.923  3960  3960 V ConfigResourceUtil: resourceName = config_spn_display_control resourceId = 2130837514resourceValue = false
12-20 01:33:46.924  3392  3610 D AlarmManagerService: Kernel timezone updated to 180 minutes west of GMT
12-20 01:33:46.928  4346  4346 D CellBroadcastReceiver: onReceive Intent { act=android.intent.action.SERVICE_STATE flg=0x10 cmp=com.android.cellbroadcastreceiver/.CellBroadcastReceiver (has extras) }
12-20 01:33:46.928  4346  4346 D CellBroadcastReceiver: Intent ACTION_SERVICE_STATE_CHANGED
12-20 01:33:46.928  4346  4346 D CellBroadcastReceiver: subscriptionId = 1
12-20 01:33:46.934  4346  4346 D CellBroadcastReceiver: Service state changed! 0 Full: 0 0 voice home data home PERSONAL AR TP 72234 PERSONAL AR TP 72234  UMTS HSUPA CSS not supported -1 -1 RoamInd=-1 DefRoamInd=-1 EmergOnly=false IsDataRoamingFromRegistration=false Current state=1
12-20 01:33:46.949  4346  4623 D CellBroadcastConfigService: enabling emergency cell broadcast channels
12-20 01:33:46.952  3960  4362 D IccSmsInterfaceManager: [IccSmsInterfaceManager] enableGsmBroadcastRange
12-20 01:33:46.952  3960  4362 D IccSmsInterfaceManager: [IccSmsInterfaceManager] Added GSM cell broadcast subscription for MID range 4352 to 4354 from client com.android.cellbroadcastreceiver
12-20 01:33:46.952  3960  4362 D IccSmsInterfaceManager: [IccSmsInterfaceManager] Calling setCellBroadcastActivation(true)
12-20 01:33:46.957  3960  4216 D IccSmsInterfaceManager: [IccSmsInterfaceManager] enableGsmBroadcastRange
12-20 01:33:46.957  3960  4216 D IccSmsInterfaceManager: [IccSmsInterfaceManager] Added GSM cell broadcast subscription for MID range 4356 to 4356 from client com.android.cellbroadcastreceiver
12-20 01:33:46.958  3960  4216 D IccSmsInterfaceManager: [IccSmsInterfaceManager] Calling setCellBroadcastActivation(true)
12-20 01:33:46.960  3960  4409 D IccSmsInterfaceManager: [IccSmsInterfaceManager] enableGsmBroadcastRange
12-20 01:33:46.961  3960  4409 D IccSmsInterfaceManager: [IccSmsInterfaceManager] Added GSM cell broadcast subscription for MID range 4371 to 4372 from client com.android.cellbroadcastreceiver
12-20 01:33:46.961  3960  4409 D IccSmsInterfaceManager: [IccSmsInterfaceManager] Calling setCellBroadcastActivation(true)
12-20 01:33:46.963  3960  3979 D IccSmsInterfaceManager: [IccSmsInterfaceManager] enableCdmaBroadcastRange
12-20 01:33:46.964  3960  3979 D IccSmsInterfaceManager: [IccSmsInterfaceManager] Calling setCdmaBroadcastConfig with 1 configurations
12-20 01:33:46.965  3960  3979 D IccSmsInterfaceManager: [IccSmsInterfaceManager] Failed to add cdma broadcast subscription for MID range 4097 to 4097 from client com.android.cellbroadcastreceiver
12-20 01:33:46.967  3960  4404 D IccSmsInterfaceManager: [IccSmsInterfaceManager] enableGsmBroadcastRange
12-20 01:33:46.967  3960  4404 D IccSmsInterfaceManager: [IccSmsInterfaceManager] Added GSM cell broadcast subscription for MID range 4373 to 4378 from client com.android.cellbroadcastreceiver
12-20 01:33:46.967  3960  4404 D IccSmsInterfaceManager: [IccSmsInterfaceManager] Calling setCellBroadcastActivation(true)
12-20 01:33:46.970  3960  4410 D IccSmsInterfaceManager: [IccSmsInterfaceManager] enableCdmaBroadcastRange
12-20 01:33:46.970  3960  4410 D IccSmsInterfaceManager: [IccSmsInterfaceManager] Calling setCdmaBroadcastConfig with 1 configurations
12-20 01:33:46.971  3960  4410 D IccSmsInterfaceManager: [IccSmsInterfaceManager] Failed to add cdma broadcast subscription for MID range 4098 to 4098 from client com.android.cellbroadcastreceiver
12-20 01:33:46.973  3960  4212 D IccSmsInterfaceManager: [IccSmsInterfaceManager] enableGsmBroadcastRange
12-20 01:33:46.974  3960  4212 D IccSmsInterfaceManager: [IccSmsInterfaceManager] Added GSM cell broadcast subscription for MID range 4379 to 4379 from client com.android.cellbroadcastreceiver
12-20 01:33:46.974  3960  4212 D IccSmsInterfaceManager: [IccSmsInterfaceManager] Calling setCellBroadcastActivation(true)
12-20 01:33:46.976  3960  4407 D IccSmsInterfaceManager: [IccSmsInterfaceManager] enableCdmaBroadcastRange
12-20 01:33:46.977  3960  4407 D IccSmsInterfaceManager: [IccSmsInterfaceManager] Calling setCdmaBroadcastConfig with 1 configurations
12-20 01:33:46.978  3960  4407 D IccSmsInterfaceManager: [IccSmsInterfaceManager] Failed to add cdma broadcast subscription for MID range 4099 to 4099 from client com.android.cellbroadcastreceiver
12-20 01:33:46.980  3960  3982 D IccSmsInterfaceManager: [IccSmsInterfaceManager] enableGsmBroadcastRange
12-20 01:33:46.980  3960  3982 D IccSmsInterfaceManager: [IccSmsInterfaceManager] Added GSM cell broadcast subscription for MID range 4380 to 4382 from client com.android.cellbroadcastreceiver
12-20 01:33:46.980  3960  3982 D IccSmsInterfaceManager: [IccSmsInterfaceManager] Calling setCellBroadcastActivation(true)
12-20 01:33:46.982  3960  4362 D IccSmsInterfaceManager: [IccSmsInterfaceManager] enableCdmaBroadcastRange
12-20 01:33:46.983  3960  4362 D IccSmsInterfaceManager: [IccSmsInterfaceManager] Calling setCdmaBroadcastConfig with 1 configurations
12-20 01:33:46.984  3960  4362 D IccSmsInterfaceManager: [IccSmsInterfaceManager] Failed to add cdma broadcast subscription for MID range 4100 to 4100 from client com.android.cellbroadcastreceiver
12-20 01:33:46.986  3960  4216 D IccSmsInterfaceManager: [IccSmsInterfaceManager] enableGsmBroadcastRange
12-20 01:33:46.986  3960  4216 D IccSmsInterfaceManager: [IccSmsInterfaceManager] Added GSM cell broadcast subscription for MID range 4393 to 4395 from client com.android.cellbroadcastreceiver
12-20 01:33:46.986  3960  4216 D IccSmsInterfaceManager: [IccSmsInterfaceManager] Calling setCellBroadcastActivation(true)
12-20 01:33:46.987  4346  4623 D CellBroadcastConfigService: enabled emergency cell broadcast channels
12-20 01:33:46.988  3960  4409 D IccSmsInterfaceManager: [IccSmsInterfaceManager] enableGsmBroadcastRange
12-20 01:33:46.989  3960  4409 D IccSmsInterfaceManager: [IccSmsInterfaceManager] Added GSM cell broadcast subscription for MID range 4370 to 4370 from client com.android.cellbroadcastreceiver
12-20 01:33:46.989  3960  4409 D IccSmsInterfaceManager: [IccSmsInterfaceManager] Calling setCellBroadcastActivation(true)
12-20 01:33:46.991  3960  3979 D IccSmsInterfaceManager: [IccSmsInterfaceManager] enableCdmaBroadcastRange
12-20 01:33:46.991  3960  3979 D IccSmsInterfaceManager: [IccSmsInterfaceManager] Calling setCdmaBroadcastConfig with 1 configurations
12-20 01:33:46.993  3960  3979 D IccSmsInterfaceManager: [IccSmsInterfaceManager] Failed to add cdma broadcast subscription for MID range 4096 to 4096 from client com.android.cellbroadcastreceiver
12-20 01:33:46.995  3960  4404 D IccSmsInterfaceManager: [IccSmsInterfaceManager] enableGsmBroadcastRange
12-20 01:33:46.995  3960  4404 D IccSmsInterfaceManager: [IccSmsInterfaceManager] Added GSM cell broadcast subscription for MID range 4383 to 4383 from client com.android.cellbroadcastreceiver
12-20 01:33:46.995  3960  4404 D IccSmsInterfaceManager: [IccSmsInterfaceManager] Calling setCellBroadcastActivation(true)
12-20 01:33:46.996  4346  4623 D CellBroadcastConfigService: disabling cell broadcast channel 50
12-20 01:33:46.998  3960  4410 D IccSmsInterfaceManager: [IccSmsInterfaceManager] disableGsmBroadcastRange
12-20 01:33:46.998  3960  4410 D IccSmsInterfaceManager: [IccSmsInterfaceManager] Failed to remove GSM cell broadcast subscription for MID range 50 to 50 from client com.android.cellbroadcastreceiver
12-20 01:33:46.998  4346  4623 D CellBroadcastConfigService: disabling cell broadcast channel 60
12-20 01:33:47.000  3960  4212 D IccSmsInterfaceManager: [IccSmsInterfaceManager] disableGsmBroadcastRange
12-20 01:33:47.001  3960  4212 D IccSmsInterfaceManager: [IccSmsInterfaceManager] Failed to remove GSM cell broadcast subscription for MID range 60 to 60 from client com.android.cellbroadcastreceiver
12-20 01:33:47.001  4346  4623 D CellBroadcastConfigService: disabled cell broadcast channel 60
12-20 01:33:47.002  4346  4623 D CellBroadcastConfigService: disabling channels 919-928
12-20 01:33:47.004  3960  4362 D IccSmsInterfaceManager: [IccSmsInterfaceManager] disableGsmBroadcastRange
12-20 01:33:47.004  3960  4362 D IccSmsInterfaceManager: [IccSmsInterfaceManager] Failed to remove GSM cell broadcast subscription for MID range 919 to 928 from client com.android.cellbroadcastreceiver
12-20 01:33:47.005  4346  4623 D CellBroadcastConfigService: disabling cell broadcast ETWS test messages
12-20 01:33:47.007  3960  3979 D IccSmsInterfaceManager: [IccSmsInterfaceManager] disableGsmBroadcastRange
12-20 01:33:47.007  3960  3979 D IccSmsInterfaceManager: [IccSmsInterfaceManager] Failed to remove GSM cell broadcast subscription for MID range 4355 to 4355 from client com.android.cellbroadcastreceiver
12-20 01:33:49.210  3392  3610 D ConnectivityService: setProvNotificationVisible: E visible=false networkType=0 action=com.android.internal.telephony.PROVISION0
12-20 01:33:49.211  3392  3610 D ConnectivityService: setProvNotificationVisibleIntent SIGN_IN visible=false networkType=MOBILE extraInfo=null highPriority=false
12-20 01:33:49.213  3392  3617 D ConnectivityService: registerNetworkAgent NetworkAgentInfo{ ni{[type: MOBILE[UMTS], state: CONNECTED/CONNECTED, reason: connected, extra: gprs.personal.com, roaming: false, failover: false, isAvailable: true]}  network{100}  lp{{InterfaceName: rmnet0 LinkAddresses: [186.126.202.83/32,]  Routes: [0.0.0.0/0 -> 186.126.202.1 rmnet0,] DnsAddresses: [172.21.7.7,172.25.7.6,] Domains: null MTU: 1500 TcpBufferSizes: 58254,349525,1048576,58254,349525,1048576}}  nc{[ Transports: CELLULAR Capabilities: SUPL&INTERNET&NOT_RESTRICTED&TRUSTED&NOT_VPN LinkUpBandwidth>=384Kbps LinkDnBandwidth>=384Kbps Specifier: <1>]}  Score{10}  everValidated{false}  lastValidated{false}  created{false} lingering{false} explicitlySelected{false} acceptUnvalidated{false} everCaptivePortalDetected{false} lastCaptivePortalDetected{false} }
12-20 01:33:49.214  3392  3504 D ConnectivityService: NetworkAgentInfo [MOBILE (UMTS) - 100] EVENT_NETWORK_INFO_CHANGED, going from null to CONNECTED
12-20 01:33:49.215  3392  3504 D ConnectivityService: Adding iface rmnet0 to network 100
12-20 01:33:49.209  2953  2953 W auditd  : type=1325 audit(0.0:239): table=mangle family=2 entries=17
12-20 01:33:49.209  2953  2953 W auditd  : type=1320 audit(0.0:239): 
12-20 01:33:49.219  2953  2953 W auditd  : type=1325 audit(0.0:240): table=mangle family=10 entries=13
12-20 01:33:49.219  2953  2953 W auditd  : type=1320 audit(0.0:240): 
12-20 01:33:49.234  3392  3504 D ConnectivityService: Setting MTU size: rmnet0, 1500
12-20 01:33:49.234  3392  3504 D ConnectivityService: Adding Route [0.0.0.0/0 -> 186.126.202.1 rmnet0] to network 100
12-20 01:33:49.235  3392  3504 D ConnectivityService: Setting Dns servers for network 100 to [/172.21.7.7, /172.25.7.6]
12-20 01:33:49.239  3392  3504 D ConnectivityService: notifyType IP_CHANGED for NetworkAgentInfo [MOBILE (UMTS) - 100]
12-20 01:33:49.241  3392  3504 D ConnectivityService: scheduleUnvalidatedPrompt 100
12-20 01:33:49.241  3392  3504 D ConnectivityService: updateSignalStrengthThresholds: CONNECT, sending [] to NetworkAgentInfo [MOBILE (UMTS) - 100]
12-20 01:33:49.242  3392  3504 D ConnectivityService: rematch for NetworkAgentInfo [MOBILE (UMTS) - 100]
12-20 01:33:49.242  3392  3504 D ConnectivityService:    accepting network in place of null
12-20 01:33:49.243  3392  3504 D ConnectivityService: Switching to new default network: NetworkAgentInfo{ ni{[type: MOBILE[UMTS], state: CONNECTED/CONNECTED, reason: connected, extra: gprs.personal.com, roaming: false, failover: false, isAvailable: true]}  network{100}  lp{{InterfaceName: rmnet0 LinkAddresses: [186.126.202.83/32,]  Routes: [0.0.0.0/0 -> 186.126.202.1 rmnet0,] DnsAddresses: [172.21.7.7,172.25.7.6,] Domains: null MTU: 1500 TcpBufferSizes: 58254,349525,1048576,58254,349525,1048576}}  nc{[ Transports: CELLULAR Capabilities: SUPL&INTERNET&NOT_RESTRICTED&TRUSTED&NOT_VPN LinkUpBandwidth>=384Kbps LinkDnBandwidth>=384Kbps Specifier: <1>]}  Score{10}  everValidated{false}  lastValidated{false}  created{true} lingering{false} explicitlySelected{false} acceptUnvalidated{false} everCaptivePortalDetected{false} lastCaptivePortalDetected{false} }
12-20 01:33:49.239  2953  2953 W auditd  : type=1325 audit(0.0:241): table=raw family=2 entries=10
12-20 01:33:49.239  2953  2953 W auditd  : type=1320 audit(0.0:241): 
12-20 01:33:49.239  2953  2953 W auditd  : type=1325 audit(0.0:242): table=raw family=10 entries=10
12-20 01:33:49.239  2953  2953 W auditd  : type=1320 audit(0.0:242): 
12-20 01:33:49.255  3052  3473 V IdletimerController: runCmd(/system/bin/ip6tables -w -t raw -A idletimer_raw_PREROUTING -i rmnet0 -j IDLETIMER --timeout 10 --label 0 --send_nl_msg 1) res_ipv4=0, res_ipv6=0
12-20 01:33:49.249  2953  2953 W auditd  : type=1325 audit(0.0:243): table=mangle family=2 entries=18
12-20 01:33:49.249  2953  2953 W auditd  : type=1320 audit(0.0:243): 
12-20 01:33:49.249  2953  2953 W auditd  : type=1325 audit(0.0:244): table=mangle family=10 entries=14
12-20 01:33:49.249  2953  2953 W auditd  : type=1320 audit(0.0:244): 
12-20 01:33:49.266  3052  3473 V IdletimerController: runCmd(/system/bin/ip6tables -w -t mangle -A idletimer_mangle_POSTROUTING -o rmnet0 -j IDLETIMER --timeout 10 --label 0 --send_nl_msg 1) res_ipv4=0, res_ipv6=0
12-20 01:33:49.267  3392  3504 D ConnectivityService: Setting tx/rx TCP buffers to 58254,349525,1048576,58254,349525,1048576
12-20 01:33:49.269  3392  3504 D CSLegacyTypeTracker: Sending CONNECTED broadcast for type 0 NetworkAgentInfo [MOBILE (UMTS) - 100] isDefaultNetwork=true
12-20 01:33:49.269  3392  3504 D ConnectivityService: sendStickyBroadcast: action=android.net.conn.CONNECTIVITY_CHANGE
12-20 01:33:49.269  3392  3504 D ConnectivityService: notifyType PRECHECK for NetworkAgentInfo [MOBILE (UMTS) - 100]
12-20 01:33:49.270  3392  3436 D Tethering: MasterInitialState.processMessage what=3
12-20 01:33:49.273  3392  3504 D ConnectivityService: notifyType CAP_CHANGED for NetworkAgentInfo [MOBILE (UMTS) - 100]
12-20 01:33:49.274  4492  4492 I UpdateCheckReceiver: Got connectivity change, has connection: true
12-20 01:33:49.274  4492  4492 I UpdateCheckReceiver: Scheduling future, repeating update checks.
12-20 01:33:49.275  3392  3504 D ConnectivityService: Setting tx/rx TCP buffers to 40778,244668,734003,16777,100663,301990
12-20 01:33:49.281  3392  3504 D ConnectivityService: notifyType IP_CHANGED for NetworkAgentInfo [MOBILE (HSUPA) - 100]
12-20 01:33:49.285  4112  4112 D WeatherUpdateService: onCreate
12-20 01:33:49.286  4112  4112 D WeatherUpdateService: Service started, but shouldn't update ... stopping
12-20 01:33:49.287  4112  4112 D WeatherUpdateService: onDestroy
12-20 01:33:50.584  3960  3960 V ConfigResourceUtil: resourceName = config_spn_display_control resourceId = 2130837514resourceValue = false
12-20 01:33:50.585  3392  3618 D AlarmManagerService: Kernel timezone updated to 180 minutes west of GMT
12-20 01:33:50.588  3392  3504 D ConnectivityService: notifyType CAP_CHANGED for NetworkAgentInfo [MOBILE (HSUPA) - 100]
12-20 01:33:50.589  3392  3504 D ConnectivityService: Setting tx/rx TCP buffers to 122334,734003,2202010,32040,192239,576717
12-20 01:33:50.589  4346  4346 D CellBroadcastReceiver: onReceive Intent { act=android.intent.action.SERVICE_STATE flg=0x10 cmp=com.android.cellbroadcastreceiver/.CellBroadcastReceiver (has extras) }
12-20 01:33:50.589  4346  4346 D CellBroadcastReceiver: Intent ACTION_SERVICE_STATE_CHANGED
12-20 01:33:50.589  4346  4346 D CellBroadcastReceiver: subscriptionId = 1
12-20 01:33:50.593  3392  3504 D ConnectivityService: notifyType IP_CHANGED for NetworkAgentInfo [MOBILE (HSPA+) - 100]
12-20 01:33:50.597  4346  4346 D CellBroadcastReceiver: Service state changed! 0 Full: 0 0 voice home data home PERSONAL AR TP 72234 PERSONAL AR TP 72234  UMTS HSPAP CSS not supported -1 -1 RoamInd=-1 DefRoamInd=-1 EmergOnly=false IsDataRoamingFromRegistration=false Current state=1
12-20 01:33:50.614  4346  4640 D CellBroadcastConfigService: enabling emergency cell broadcast channels
12-20 01:33:50.619  3960  3979 D IccSmsInterfaceManager: [IccSmsInterfaceManager] enableGsmBroadcastRange
12-20 01:33:50.619  3960  3979 D IccSmsInterfaceManager: [IccSmsInterfaceManager] Added GSM cell broadcast subscription for MID range 4352 to 4354 from client com.android.cellbroadcastreceiver
12-20 01:33:50.619  3960  3979 D IccSmsInterfaceManager: [IccSmsInterfaceManager] Calling setCellBroadcastActivation(true)
12-20 01:33:50.622  3960  4404 D IccSmsInterfaceManager: [IccSmsInterfaceManager] enableGsmBroadcastRange
12-20 01:33:50.622  3960  4404 D IccSmsInterfaceManager: [IccSmsInterfaceManager] Added GSM cell broadcast subscription for MID range 4356 to 4356 from client com.android.cellbroadcastreceiver
12-20 01:33:50.622  3960  4404 D IccSmsInterfaceManager: [IccSmsInterfaceManager] Calling setCellBroadcastActivation(true)
12-20 01:33:50.626  3960  4216 D IccSmsInterfaceManager: [IccSmsInterfaceManager] enableGsmBroadcastRange
12-20 01:33:50.626  3960  4216 D IccSmsInterfaceManager: [IccSmsInterfaceManager] Added GSM cell broadcast subscription for MID range 4371 to 4372 from client com.android.cellbroadcastreceiver
12-20 01:33:50.626  3960  4216 D IccSmsInterfaceManager: [IccSmsInterfaceManager] Calling setCellBroadcastActivation(true)
12-20 01:33:50.629  3960  4212 D IccSmsInterfaceManager: [IccSmsInterfaceManager] enableCdmaBroadcastRange
12-20 01:33:50.630  3960  4212 D IccSmsInterfaceManager: [IccSmsInterfaceManager] Calling setCdmaBroadcastConfig with 1 configurations
12-20 01:33:50.631  3960  4212 D IccSmsInterfaceManager: [IccSmsInterfaceManager] Failed to add cdma broadcast subscription for MID range 4097 to 4097 from client com.android.cellbroadcastreceiver
12-20 01:33:50.633  3960  4407 D IccSmsInterfaceManager: [IccSmsInterfaceManager] enableGsmBroadcastRange
12-20 01:33:50.634  3960  4407 D IccSmsInterfaceManager: [IccSmsInterfaceManager] Added GSM cell broadcast subscription for MID range 4373 to 4378 from client com.android.cellbroadcastreceiver
12-20 01:33:50.634  3960  4407 D IccSmsInterfaceManager: [IccSmsInterfaceManager] Calling setCellBroadcastActivation(true)
12-20 01:33:50.637  3960  3982 D IccSmsInterfaceManager: [IccSmsInterfaceManager] enableCdmaBroadcastRange
12-20 01:33:50.637  3960  3982 D IccSmsInterfaceManager: [IccSmsInterfaceManager] Calling setCdmaBroadcastConfig with 1 configurations
12-20 01:33:50.638  3960  3982 D IccSmsInterfaceManager: [IccSmsInterfaceManager] Failed to add cdma broadcast subscription for MID range 4098 to 4098 from client com.android.cellbroadcastreceiver
12-20 01:33:50.640  3960  4362 D IccSmsInterfaceManager: [IccSmsInterfaceManager] enableGsmBroadcastRange
12-20 01:33:50.640  3960  4362 D IccSmsInterfaceManager: [IccSmsInterfaceManager] Added GSM cell broadcast subscription for MID range 4379 to 4379 from client com.android.cellbroadcastreceiver
12-20 01:33:50.640  3960  4362 D IccSmsInterfaceManager: [IccSmsInterfaceManager] Calling setCellBroadcastActivation(true)
12-20 01:33:50.643  3960  4410 D IccSmsInterfaceManager: [IccSmsInterfaceManager] enableCdmaBroadcastRange
12-20 01:33:50.643  3960  4410 D IccSmsInterfaceManager: [IccSmsInterfaceManager] Calling setCdmaBroadcastConfig with 1 configurations
12-20 01:33:50.644  3960  4410 D IccSmsInterfaceManager: [IccSmsInterfaceManager] Failed to add cdma broadcast subscription for MID range 4099 to 4099 from client com.android.cellbroadcastreceiver
12-20 01:33:50.646  3960  4409 D IccSmsInterfaceManager: [IccSmsInterfaceManager] enableGsmBroadcastRange
12-20 01:33:50.646  3960  4409 D IccSmsInterfaceManager: [IccSmsInterfaceManager] Added GSM cell broadcast subscription for MID range 4380 to 4382 from client com.android.cellbroadcastreceiver
12-20 01:33:50.646  3960  4409 D IccSmsInterfaceManager: [IccSmsInterfaceManager] Calling setCellBroadcastActivation(true)
12-20 01:33:50.649  3960  3979 D IccSmsInterfaceManager: [IccSmsInterfaceManager] enableCdmaBroadcastRange
12-20 01:33:50.649  3960  3979 D IccSmsInterfaceManager: [IccSmsInterfaceManager] Calling setCdmaBroadcastConfig with 1 configurations
12-20 01:33:50.650  3960  3979 D IccSmsInterfaceManager: [IccSmsInterfaceManager] Failed to add cdma broadcast subscription for MID range 4100 to 4100 from client com.android.cellbroadcastreceiver
12-20 01:33:50.652  3960  4404 D IccSmsInterfaceManager: [IccSmsInterfaceManager] enableGsmBroadcastRange
12-20 01:33:50.652  3960  4404 D IccSmsInterfaceManager: [IccSmsInterfaceManager] Added GSM cell broadcast subscription for MID range 4393 to 4395 from client com.android.cellbroadcastreceiver
12-20 01:33:50.652  3960  4404 D IccSmsInterfaceManager: [IccSmsInterfaceManager] Calling setCellBroadcastActivation(true)
12-20 01:33:50.653  4346  4640 D CellBroadcastConfigService: enabled emergency cell broadcast channels
12-20 01:33:50.655  3960  4216 D IccSmsInterfaceManager: [IccSmsInterfaceManager] enableGsmBroadcastRange
12-20 01:33:50.656  3960  4216 D IccSmsInterfaceManager: [IccSmsInterfaceManager] Added GSM cell broadcast subscription for MID range 4370 to 4370 from client com.android.cellbroadcastreceiver
12-20 01:33:50.656  3960  4216 D IccSmsInterfaceManager: [IccSmsInterfaceManager] Calling setCellBroadcastActivation(true)
12-20 01:33:50.658  3960  4212 D IccSmsInterfaceManager: [IccSmsInterfaceManager] enableCdmaBroadcastRange
12-20 01:33:50.659  3960  4212 D IccSmsInterfaceManager: [IccSmsInterfaceManager] Calling setCdmaBroadcastConfig with 1 configurations
12-20 01:33:50.660  3960  4212 D IccSmsInterfaceManager: [IccSmsInterfaceManager] Failed to add cdma broadcast subscription for MID range 4096 to 4096 from client com.android.cellbroadcastreceiver
12-20 01:33:50.662  3960  3979 D IccSmsInterfaceManager: [IccSmsInterfaceManager] enableGsmBroadcastRange
12-20 01:33:50.662  3960  3979 D IccSmsInterfaceManager: [IccSmsInterfaceManager] Added GSM cell broadcast subscription for MID range 4383 to 4383 from client com.android.cellbroadcastreceiver
12-20 01:33:50.662  3960  3979 D IccSmsInterfaceManager: [IccSmsInterfaceManager] Calling setCellBroadcastActivation(true)
12-20 01:33:50.663  4346  4640 D CellBroadcastConfigService: disabling cell broadcast channel 50
12-20 01:33:50.665  3960  4404 D IccSmsInterfaceManager: [IccSmsInterfaceManager] disableGsmBroadcastRange
12-20 01:33:50.666  3960  4404 D IccSmsInterfaceManager: [IccSmsInterfaceManager] Failed to remove GSM cell broadcast subscription for MID range 50 to 50 from client com.android.cellbroadcastreceiver
12-20 01:33:50.666  4346  4640 D CellBroadcastConfigService: disabling cell broadcast channel 60
12-20 01:33:50.668  3960  4216 D IccSmsInterfaceManager: [IccSmsInterfaceManager] disableGsmBroadcastRange
12-20 01:33:50.668  3960  4216 D IccSmsInterfaceManager: [IccSmsInterfaceManager] Failed to remove GSM cell broadcast subscription for MID range 60 to 60 from client com.android.cellbroadcastreceiver
12-20 01:33:50.668  4346  4640 D CellBroadcastConfigService: disabled cell broadcast channel 60
12-20 01:33:50.670  4346  4640 D CellBroadcastConfigService: disabling channels 919-928
12-20 01:33:50.671  3960  3982 D IccSmsInterfaceManager: [IccSmsInterfaceManager] disableGsmBroadcastRange
12-20 01:33:50.671  3960  3982 D IccSmsInterfaceManager: [IccSmsInterfaceManager] Failed to remove GSM cell broadcast subscription for MID range 919 to 928 from client com.android.cellbroadcastreceiver
12-20 01:33:50.673  4346  4640 D CellBroadcastConfigService: disabling cell broadcast ETWS test messages
12-20 01:33:50.674  3960  4407 D IccSmsInterfaceManager: [IccSmsInterfaceManager] disableGsmBroadcastRange
12-20 01:33:50.675  3960  4407 D IccSmsInterfaceManager: [IccSmsInterfaceManager] Failed to remove GSM cell broadcast subscription for MID range 4355 to 4355 from client com.android.cellbroadcastreceiver
12-20 01:33:50.861  3392  4625 D NetworkMonitor/NetworkAgentInfo [MOBILE (HSPA+) - 100]: Checking http://connectivitycheck.gstatic.com/generate_204 on gprs.personal.com, connectivitycheck.gstatic.com=64.233.186.102,2800:3f0:4003:c00::8a
12-20 01:33:50.862  3392  4625 W System  : ClassLoader referenced unknown path: /system/framework/tcmclient.jar
12-20 01:33:50.875  3392  3940 D AlarmManagerService: Setting time of day to sec=1482208430
12-20 01:33:50.901  4578  4578 V AlarmClock: AlarmInitReceiver android.intent.action.TIME_SET
12-20 01:33:50.911  2953  2953 W auditd  : type=1325 audit(0.0:245): table=filter family=2 entries=74
12-20 01:33:50.911  2953  2953 W auditd  : type=1320 audit(0.0:245): 
12-20 01:33:50.921  2953  2953 W auditd  : type=1325 audit(0.0:246): table=filter family=10 entries=77
12-20 01:33:50.921  2953  2953 W auditd  : type=1320 audit(0.0:246): 
12-20 01:33:50.930  4578  4593 V AlarmClock: AlarmInitReceiver finished
12-20 01:33:50.921  2953  2953 W auditd  : type=1325 audit(0.0:247): table=filter family=2 entries=76
12-20 01:33:50.921  2953  2953 W auditd  : type=1320 audit(0.0:247): 
12-20 01:33:50.931  2953  2953 W auditd  : type=1325 audit(0.0:248): table=filter family=10 entries=79
12-20 01:33:50.931  2953  2953 W auditd  : type=1320 audit(0.0:248): 
12-20 01:33:50.951  2953  2953 W auditd  : type=1325 audit(0.0:249): table=filter family=2 entries=77
12-20 01:33:50.951  2953  2953 W auditd  : type=1320 audit(0.0:249): 
12-20 01:33:50.961  2953  2953 W auditd  : type=1325 audit(0.0:250): table=filter family=10 entries=80
12-20 01:33:50.961  2953  2953 W auditd  : type=1320 audit(0.0:250): 
12-20 01:33:50.981  2953  2953 W auditd  : type=1325 audit(0.0:251): table=filter family=2 entries=78
12-20 01:33:50.981  2953  2953 W auditd  : type=1320 audit(0.0:251): 
12-20 01:33:50.981  2953  2953 W auditd  : type=1325 audit(0.0:252): table=filter family=10 entries=81
12-20 01:33:50.981  2953  2953 W auditd  : type=1320 audit(0.0:252): 
12-20 01:33:51.008  3052  3473 I iptables: iptables: Index of insertion too big.
12-20 01:33:51.009  3052  3473 I iptables: iptables terminated by exit(1)
12-20 01:33:51.009  3052  3473 E BandwidthController: runIptablesCmd(): res=1 status=256 failed /system/bin/iptables -w -I bw_FORWARD 2 -i rmnet0 --jump bw_costly_rmnet0
12-20 01:33:51.014  3052  3473 I ip6tables: ip6tables: Index of insertion too big.
12-20 01:33:51.014  3052  3473 I ip6tables: ip6tables terminated by exit(1)
12-20 01:33:51.014  3052  3473 E BandwidthController: runIptablesCmd(): res=1 status=256 failed /system/bin/ip6tables -w -I bw_FORWARD 2 -i rmnet0 --jump bw_costly_rmnet0
12-20 01:33:51.019  4559  4615 I GlobalDismissManager: no sender configured
12-20 01:33:51.019  4559  4615 D AlertService: Beginning updateAlertNotification
12-20 01:33:51.011  2953  2953 W auditd  : type=1325 audit(0.0:253): table=filter family=2 entries=79
12-20 01:33:51.011  2953  2953 W auditd  : type=1320 audit(0.0:253): 
12-20 01:33:51.024  4559  4615 D AlertService: No fired or scheduled alerts
12-20 01:33:51.021  2953  2953 W auditd  : type=1325 audit(0.0:254): table=filter family=10 entries=82
12-20 01:33:51.021  2953  2953 W auditd  : type=1320 audit(0.0:254): 
12-20 01:33:51.027  3052  3473 E BandwidthController: Failed set quota rule
12-20 01:33:51.027  3052  3473 E BandwidthController: No such iface rmnet0 to delete
12-20 01:33:51.028  3392  3500 E NetworkPolicy: problem setting interface quota
12-20 01:33:51.028  3392  3500 E NetworkPolicy: java.lang.IllegalStateException: command '40 bandwidth setiquota rmnet0 9223372036854775807' failed with '400 40 Bandwidth command failed'
12-20 01:33:51.028  3392  3500 E NetworkPolicy: 	at com.android.server.NetworkManagementService.setInterfaceQuota(NetworkManagementService.java:1717)
12-20 01:33:51.028  3392  3500 E NetworkPolicy: 	at com.android.server.net.NetworkPolicyManagerService.setInterfaceQuota(NetworkPolicyManagerService.java:2567)
12-20 01:33:51.028  3392  3500 E NetworkPolicy: 	at com.android.server.net.NetworkPolicyManagerService.updateNetworkRulesLocked(NetworkPolicyManagerService.java:1314)
12-20 01:33:51.028  3392  3500 E NetworkPolicy: 	at com.android.server.net.NetworkPolicyManagerService$14.onReceive(NetworkPolicyManagerService.java:1138)
12-20 01:33:51.028  3392  3500 E NetworkPolicy: 	at android.app.LoadedApk$ReceiverDispatcher$Args.run(LoadedApk.java:882)
12-20 01:33:51.028  3392  3500 E NetworkPolicy: 	at android.os.Handler.handleCallback(Handler.java:739)
12-20 01:33:51.028  3392  3500 E NetworkPolicy: 	at android.os.Handler.dispatchMessage(Handler.java:95)
12-20 01:33:51.028  3392  3500 E NetworkPolicy: 	at android.os.Looper.loop(Looper.java:148)
12-20 01:33:51.028  3392  3500 E NetworkPolicy: 	at android.os.HandlerThread.run(HandlerThread.java:61)
12-20 01:33:51.028  3392  3500 E NetworkPolicy: Caused by: com.android.server.NativeDaemonConnector$NativeDaemonFailureException: command '40 bandwidth setiquota rmnet0 9223372036854775807' failed with '400 40 Bandwidth command failed'
12-20 01:33:51.028  3392  3500 E NetworkPolicy: 	at com.android.server.NativeDaemonConnector.executeForList(NativeDaemonConnector.java:444)
12-20 01:33:51.028  3392  3500 E NetworkPolicy: 	at com.android.server.NativeDaemonConnector.execute(NativeDaemonConnector.java:345)
12-20 01:33:51.028  3392  3500 E NetworkPolicy: 	at com.android.server.NativeDaemonConnector.execute(NativeDaemonConnector.java:340)
12-20 01:33:51.028  3392  3500 E NetworkPolicy: 	at com.android.server.NetworkManagementService.setInterfaceQuota(NetworkManagementService.java:1714)
12-20 01:33:51.028  3392  3500 E NetworkPolicy: 	... 8 more
12-20 01:33:51.029  4559  4615 D AlertService: Scheduling next alarm with AlarmScheduler. sEventReminderReceived: null
12-20 01:33:51.033  4559  4615 D AlarmScheduler: No events found starting within 1 week.
12-20 01:33:51.140  3392  4625 D NetworkMonitor/NetworkAgentInfo [MOBILE (HSPA+) - 100]: isCaptivePortal: ret=204 headers={null=[HTTP/1.1 204 No Content], Content-Length=[0], Date=[Tue, 20 Dec 2016 04:33:51 GMT], X-Android-Received-Millis=[1482208431139], X-Android-Response-Source=[NETWORK 204], X-Android-Selected-Protocol=[http/1.1], X-Android-Sent-Millis=[1482208430989]}
12-20 01:33:51.140  3392  3504 D ConnectivityService: setProvNotificationVisibleIntent null visible=false networkType=MOBILE extraInfo=null highPriority=false
12-20 01:33:51.140  3392  3504 D ConnectivityService: NetworkAgentInfo [MOBILE (HSPA+) - 100] validation  passed
12-20 01:33:51.140  3392  3504 D ConnectivityService: notifyType CAP_CHANGED for NetworkAgentInfo [MOBILE (HSPA+) - 100]
12-20 01:33:51.141  3392  3504 D ConnectivityService: sendStickyBroadcast: action=android.net.conn.INET_CONDITION_ACTION
12-20 01:33:53.914  3392  3502 D WifiConfigStore: Retrieve network priorities after PNO.
12-20 01:33:54.100  3392  3421 I ActivityManager: Waited long enough for: ServiceRecord{35417e9 u0 com.android.providers.media/.MediaScannerService}
12-20 01:33:54.314  3589  4124 W MediaScanner: Error opening directory '/oem/media/', skipping: No such file or directory.
12-20 01:33:54.518  3392  3421 I ActivityManager: Waited long enough for: ServiceRecord{fb84623 u0 com.cyanogenmod.eleven/.MusicPlaybackService}
12-20 01:33:54.716  3392  3440 I PowerManagerService: Going to sleep due to screen timeout (uid 1000)...
12-20 01:33:54.717  3392  3440 I PowerManagerService: Sleeping (uid 1000)...
12-20 01:33:54.723  3392  3440 D mali_winsys: EGLint new_window_surface(egl_winsys_display*, void*, EGLSurface, EGLConfig, egl_winsys_surface**, egl_color_buffer_format*, EGLBoolean) returns 0x3000,  [1440x2560]-format:1
12-20 01:33:54.725  3023  3230 D PermissionCache: checking android.permission.READ_FRAME_BUFFER for uid=1000 => granted (151 us)
12-20 01:33:54.755  3392  3421 I ActivityManager: Waited long enough for: ServiceRecord{e7c4580 u0 com.cyanogenmod.lockclock/.weather.WeatherSourceListenerService}
12-20 01:33:54.831  4184  4252 E ELEVEN  : calling refresh!
12-20 01:33:55.221  3392  3440 I Sensors : Acc old sensor_state 1, new sensor_state : 0 en : 0
12-20 01:33:55.224  3392  3440 V KeyguardServiceDelegate: onScreenTurnedOff()
12-20 01:33:55.226  3392  3440 E libEGL  : call to OpenGL ES API with no current context (logged once per thread)
12-20 01:33:55.234  3392  3437 I DisplayManagerService: Display device changed state: "Built-in Screen", OFF
12-20 01:33:55.234  3023  3023 D SurfaceFlinger: Set power mode=0, type=0 flinger=0x7f95ec3c00
12-20 01:33:55.395  3392  3562 D SurfaceControl: Excessive delay in setPowerMode(): 160ms
12-20 01:33:55.399  3057  3523 E bt_a2dp_hw: adev_set_parameters: ERROR: set param called even when stream out is null
12-20 01:33:55.402  3392  3502 D WifiConfigStore: Retrieve network priorities after PNO.
12-20 01:33:55.402  3392  3502 E native  : do suspend false
12-20 01:33:55.404  3576  3576 D PhoneStatusBar: disable: < expand ICONS alerts SYSTEM_INFO back HOME RECENT clock SEARCH quick_settings >
12-20 01:33:55.410  3392  3502 D WifiConfigStore: No blacklist allowed without epno enabled
12-20 01:33:55.419  3057  3057 E bt_a2dp_hw: adev_set_parameters: ERROR: set param called even when stream out is null
12-20 01:33:55.423  3392  3502 E native  : do suspend true
12-20 01:33:55.812  3392  3502 D WifiStateMachine: shouldSwitchNetwork  txSuccessRate=0.00 rxSuccessRate=0.00 delta 1000 -> 1000
12-20 01:33:55.812  3392  3502 D WifiStateMachine: CMD_AUTO_CONNECT sup state ScanState my state DisconnectedState nid=0 roam=3
12-20 01:33:55.812  3392  3502 E WifiConfigStore: saveWifiConfigBSSID Setting BSSID for "RTK 11n AP"-WPA_PSK to any
12-20 01:33:55.824  3392  3502 D WifiStateMachine: CMD_AUTO_CONNECT will save config -> "RTK 11n AP" nid=0
12-20 01:33:55.835  3392  3502 D WifiStateMachine: CMD_AUTO_CONNECT did save config ->  nid=0
12-20 01:33:55.837  4032  4032 I wpa_supplicant: wlan0: Trying to associate with 00:e0:4c:a7:8f:26 (SSID='RTK 11n AP' freq=2462 MHz)
12-20 01:33:55.837  3392  3502 E WifiConfigStore:  rewrite network history for "RTK 11n AP"-WPA_PSK
12-20 01:33:55.991  4032  4032 I wpa_supplicant: wlan0: Associated with 00:e0:4c:a7:8f:26
12-20 01:33:55.992  4032  4032 I wpa_supplicant: wlan0: CTRL-EVENT-SUBNET-STATUS-UPDATE status=0
12-20 01:33:56.020  4032  4032 I wpa_supplicant: wlan0: WPA: Key negotiation completed with 00:e0:4c:a7:8f:26 [PTK=CCMP GTK=CCMP]
12-20 01:33:56.020  4032  4032 I wpa_supplicant: wlan0: CTRL-EVENT-CONNECTED - Connection to 00:e0:4c:a7:8f:26 completed [id=0 id_str=]
12-20 01:33:56.021  3392  3502 D WifiConfigStore: Retrieve network priorities after PNO.
12-20 01:33:56.023  3392  3502 D ConnectivityService: registerNetworkAgent NetworkAgentInfo{ ni{[type: WIFI[], state: CONNECTING/CONNECTING, reason: (unspecified), extra: "RTK 11n AP", roaming: false, failover: false, isAvailable: true]}  network{101}  lp{{LinkAddresses: []  Routes: [] DnsAddresses: [] Domains: null MTU: 0 TcpBufferSizes: 524288,1048576,2097152,262144,524288,1048576}}  nc{[ Transports: WIFI Capabilities: INTERNET&NOT_RESTRICTED&TRUSTED&NOT_VPN LinkUpBandwidth>=1048576Kbps LinkDnBandwidth>=1048576Kbps]}  Score{20}  everValidated{false}  lastValidated{false}  created{false} lingering{false} explicitlySelected{false} acceptUnvalidated{false} everCaptivePortalDetected{false} lastCaptivePortalDetected{false} }
12-20 01:33:56.024  3392  3502 E WifiConfigStore: saveWifiConfigBSSID Setting BSSID for "RTK 11n AP"-WPA_PSK to any
12-20 01:33:56.024  3392  3504 D ConnectivityService: NetworkAgentInfo [WIFI () - 101] EVENT_NETWORK_INFO_CHANGED, going from null to CONNECTING
12-20 01:33:56.034  3392  3502 E WifiConfigStore: saveWifiConfigBSSID Setting BSSID for "RTK 11n AP"-WPA_PSK to any
12-20 01:33:56.043  3052  3473 D CommandListener: Setting iface cfg
12-20 01:33:56.046  3392  3502 D WifiStateMachine: Start Dhcp Watchdog 1
12-20 01:33:56.051  3392  3502 D IpReachabilityMonitor: watch: iface{wlan0/14}, v{1}, ntable=[]
12-20 01:33:56.086  3392  4715 D DhcpClient: Receive thread started
12-20 01:33:56.172  3392  3502 E native  : do suspend false
12-20 01:33:56.183  3392  4714 D DhcpClient: Broadcasting DHCPDISCOVER
12-20 01:33:56.233  3392  4715 D DhcpClient: Received packet: 60:f1:89:8a:1f:e7 OFFER, ip /192.168.1.8, mask /255.255.255.0, DNS servers: /192.168.1.1 , gateways [/192.168.1.1] lease time 85866, domain null
12-20 01:33:56.233  3392  4714 D DhcpClient: Got pending lease: IP address 192.168.1.8/24 Gateway 192.168.1.1  DNS servers: [ 192.168.1.1 ] Domains DHCP server /192.168.1.1 Vendor info null lease 85866 seconds
12-20 01:33:56.233  3392  4714 D DhcpClient: Broadcasting DHCPREQUEST ciaddr=0.0.0.0 request=192.168.1.8 serverid=192.168.1.1
12-20 01:33:56.334  3392  4715 D DhcpClient: Received packet: 60:f1:89:8a:1f:e7 ACK: your new IP /192.168.1.8, netmask /255.255.255.0, gateways [/192.168.1.1] DNS servers: /192.168.1.1 , lease time 86400
12-20 01:33:56.334  3392  4714 D DhcpClient: Confirmed lease: IP address 192.168.1.8/24 Gateway 192.168.1.1  DNS servers: [ 192.168.1.1 ] Domains DHCP server /192.168.1.1 Vendor info null lease 86400 seconds
12-20 01:33:56.335  3052  3473 D CommandListener: Setting iface cfg
12-20 01:33:56.335  3392  3502 D IpReachabilityMonitor: watch: iface{wlan0/14}, v{2}, ntable=[]
12-20 01:33:56.338  3392  3502 E native  : do suspend true
12-20 01:33:56.338  3392  4714 D DhcpClient: Scheduling renewal in 43199s
12-20 01:33:56.347  3392  3502 D IpReachabilityMonitor: watch: iface{wlan0/14}, v{3}, ntable=[192.168.1.1/NUD_NONE]
12-20 01:33:56.347  3392  3502 D WifiConfigStore: No blacklist allowed without epno enabled
12-20 01:33:56.348  3392  3504 D ConnectivityService: NetworkAgentInfo [WIFI () - 101] EVENT_NETWORK_INFO_CHANGED, going from CONNECTING to CONNECTED
12-20 01:33:56.348  3392  3504 D ConnectivityService: Adding iface wlan0 to network 101
12-20 01:33:56.354  3392  3502 E WifiStateMachine: Did not find remoteAddress {192.168.1.1} in /proc/net/arp
12-20 01:33:56.351  2953  2953 W auditd  : type=1325 audit(0.0:255): table=mangle family=2 entries=19
12-20 01:33:56.351  2953  2953 W auditd  : type=1320 audit(0.0:255): 
12-20 01:33:56.351  2953  2953 W auditd  : type=1325 audit(0.0:256): table=mangle family=10 entries=15
12-20 01:33:56.351  2953  2953 W auditd  : type=1320 audit(0.0:256): 
12-20 01:33:56.362  3392  3504 E ConnectivityService: Unexpected mtu value: 0, wlan0
12-20 01:33:56.362  3392  3504 D ConnectivityService: Adding Route [fe80::/64 -> :: wlan0] to network 101
12-20 01:33:56.362  3392  3504 D ConnectivityService: Adding Route [192.168.1.0/24 -> 0.0.0.0 wlan0] to network 101
12-20 01:33:56.363  3392  3504 D ConnectivityService: Adding Route [0.0.0.0/0 -> 192.168.1.1 wlan0] to network 101
12-20 01:33:56.363  3392  3504 D ConnectivityService: Setting Dns servers for network 101 to [/192.168.1.1]
12-20 01:33:56.367  3392  3504 D ConnectivityService: notifyType IP_CHANGED for NetworkAgentInfo [WIFI () - 101]
12-20 01:33:56.369  3392  3504 D ConnectivityService: scheduleUnvalidatedPrompt 101
12-20 01:33:56.369  3392  3504 D ConnectivityService: updateSignalStrengthThresholds: CONNECT, sending [] to NetworkAgentInfo [WIFI () - 101]
12-20 01:33:56.370  3392  3504 D ConnectivityService: notifyType PRECHECK for NetworkAgentInfo [WIFI () - 101]
12-20 01:33:56.370  3392  3504 D ConnectivityService: notifyType CAP_CHANGED for NetworkAgentInfo [WIFI () - 101]
12-20 01:33:56.378  3392  4713 D NetlinkSocketObserver: NeighborEvent{elapsedMs=28993, 192.168.1.1, [5CDC96114482], RTM_NEWNEIGH, NUD_REACHABLE}
12-20 01:33:56.471  3392  4712 D NetworkMonitor/NetworkAgentInfo [WIFI () - 101]: Checking http://connectivitycheck.gstatic.com/generate_204 on "RTK 11n AP", connectivitycheck.gstatic.com=64.233.190.100,2800:3f0:4003:c01::65
12-20 01:33:56.471  3392  4712 W System  : ClassLoader referenced unknown path: /system/framework/tcmclient.jar
12-20 01:33:56.597  3392  4712 D NetworkMonitor/NetworkAgentInfo [WIFI () - 101]: isCaptivePortal: ret=204 headers={null=[HTTP/1.1 204 No Content], Content-Length=[0], Date=[Tue, 20 Dec 2016 04:33:56 GMT], X-Android-Received-Millis=[1482208436596], X-Android-Response-Source=[NETWORK 204], X-Android-Selected-Protocol=[http/1.1], X-Android-Sent-Millis=[1482208436533]}
12-20 01:33:56.597  3392  3504 D ConnectivityService: setProvNotificationVisibleIntent null visible=false networkType=MOBILE extraInfo=null highPriority=false
12-20 01:33:56.597  3392  3504 D ConnectivityService: NetworkAgentInfo [WIFI () - 101] validation  passed
12-20 01:33:56.597  3392  3504 D ConnectivityService: rematch for NetworkAgentInfo [WIFI () - 101]
12-20 01:33:56.597  3392  3504 D ConnectivityService:    accepting network in place of NetworkAgentInfo [MOBILE (HSPA+) - 100]
12-20 01:33:56.597  3392  3504 D ConnectivityService: notifyType LOSING for NetworkAgentInfo [MOBILE (HSPA+) - 100]
12-20 01:33:56.598  3392  3504 D ConnectivityService: Switching to new default network: NetworkAgentInfo{ ni{[type: WIFI[], state: CONNECTED/CONNECTED, reason: (unspecified), extra: "RTK 11n AP", roaming: false, failover: false, isAvailable: true]}  network{101}  lp{{InterfaceName: wlan0 LinkAddresses: [fe80::62f1:89ff:fe8a:1fe7/64,192.168.1.8/24,]  Routes: [fe80::/64 -> :: wlan0,192.168.1.0/24 -> 0.0.0.0 wlan0,0.0.0.0/0 -> 192.168.1.1 wlan0,] DnsAddresses: [192.168.1.1,] Domains: null MTU: 0 TcpBufferSizes: 524288,1048576,2097152,262144,524288,1048576}}  nc{[ Transports: WIFI Capabilities: INTERNET&NOT_RESTRICTED&TRUSTED&NOT_VPN&VALIDATED LinkUpBandwidth>=1048576Kbps LinkDnBandwidth>=1048576Kbps SignalStrength: -63]}  Score{60}  everValidated{true}  lastValidated{true}  created{true} lingering{false} explicitlySelected{false} acceptUnvalidated{false} everCaptivePortalDetected{false} lastCaptivePortalDetected{false} }
12-20 01:33:56.598  3392  4625 D NetworkMonitor/NetworkAgentInfo [MOBILE (HSPA+) - 100]: Lingering
12-20 01:33:56.599  3960  3960 V ConfigResourceUtil: resourceName = config_enable_mms_with_mobile_data_off resourceId = 2130837505resourceValue = false
12-20 01:33:56.591  2953  2953 W auditd  : type=1325 audit(0.0:257): table=raw family=2 entries=11
12-20 01:33:56.591  2953  2953 W auditd  : type=1320 audit(0.0:257): 
12-20 01:33:56.601  2953  2953 W auditd  : type=1325 audit(0.0:258): table=raw family=10 entries=11
12-20 01:33:56.601  2953  2953 W auditd  : type=1320 audit(0.0:258): 
12-20 01:33:56.609  3052  3473 V IdletimerController: runCmd(/system/bin/ip6tables -w -t raw -A idletimer_raw_PREROUTING -i wlan0 -j IDLETIMER --timeout 15 --label 1 --send_nl_msg 1) res_ipv4=0, res_ipv6=0
12-20 01:33:56.601  2953  2953 W auditd  : type=1325 audit(0.0:259): table=mangle family=2 entries=20
12-20 01:33:56.601  2953  2953 W auditd  : type=1320 audit(0.0:259): 
12-20 01:33:56.611  2953  2953 W auditd  : type=1325 audit(0.0:260): table=mangle family=10 entries=16
12-20 01:33:56.611  2953  2953 W auditd  : type=1320 audit(0.0:260): 
12-20 01:33:56.620  3052  3473 V IdletimerController: runCmd(/system/bin/ip6tables -w -t mangle -A idletimer_mangle_POSTROUTING -o wlan0 -j IDLETIMER --timeout 15 --label 1 --send_nl_msg 1) res_ipv4=0, res_ipv6=0
12-20 01:33:56.620  3392  3504 D ConnectivityService: Setting tx/rx TCP buffers to 524288,1048576,2097152,262144,524288,1048576
12-20 01:33:56.622  3392  3504 D CSLegacyTypeTracker: Sending DISCONNECTED broadcast for type 0 NetworkAgentInfo [MOBILE (HSPA+) - 100] isDefaultNetwork=true
12-20 01:33:56.622  3392  3504 D ConnectivityService: sendStickyBroadcast: action=android.net.conn.CONNECTIVITY_CHANGE
12-20 01:33:56.622  3392  3504 D CSLegacyTypeTracker: Sending CONNECTED broadcast for type 1 NetworkAgentInfo [WIFI () - 101] isDefaultNetwork=true
12-20 01:33:56.622  3392  3504 D ConnectivityService: sendStickyBroadcast: action=android.net.conn.CONNECTIVITY_CHANGE
12-20 01:33:56.622  3392  3436 D Tethering: MasterInitialState.processMessage what=3
12-20 01:33:56.623  4260  4260 I Email   : Unregister all idle mailboxes
12-20 01:33:56.623  3392  3504 D ConnectivityService: notifyType CAP_CHANGED for NetworkAgentInfo [WIFI () - 101]
12-20 01:33:56.624  3392  3436 D Tethering: MasterInitialState.processMessage what=3
12-20 01:33:56.624  4492  4492 I UpdateCheckReceiver: Got connectivity change, has connection: true
12-20 01:33:56.624  4492  4492 I UpdateCheckReceiver: Scheduling future, repeating update checks.
12-20 01:33:56.636  4112  4112 D WeatherUpdateService: onCreate
12-20 01:33:56.637  4492  4492 I UpdateCheckReceiver: Got connectivity change, has connection: true
12-20 01:33:56.637  4492  4492 I UpdateCheckReceiver: Scheduling future, repeating update checks.
12-20 01:33:56.631  2953  2953 W auditd  : type=1325 audit(0.0:261): table=filter family=2 entries=80
12-20 01:33:56.631  2953  2953 W auditd  : type=1320 audit(0.0:261): 
12-20 01:33:56.638  4112  4112 D WeatherUpdateService: Service started, but shouldn't update ... stopping
12-20 01:33:56.640  4112  4112 D WeatherUpdateService: onDestroy
12-20 01:33:56.642  4112  4112 D WeatherUpdateService: onCreate
12-20 01:33:56.631  2953  2953 W auditd  : type=1325 audit(0.0:262): table=filter family=10 entries=83
12-20 01:33:56.631  2953  2953 W auditd  : type=1320 audit(0.0:262): 
12-20 01:33:56.644  4112  4112 D WeatherUpdateService: Service started, but shouldn't update ... stopping
12-20 01:33:56.645  4112  4112 D WeatherUpdateService: onDestroy
12-20 01:33:56.651  2953  2953 W auditd  : type=1325 audit(0.0:263): table=filter family=2 entries=78
12-20 01:33:56.651  2953  2953 W auditd  : type=1320 audit(0.0:263): 
12-20 01:33:56.661  2953  2953 W auditd  : type=1325 audit(0.0:264): table=filter family=10 entries=81
12-20 01:33:56.661  2953  2953 W auditd  : type=1320 audit(0.0:264): 
12-20 01:33:56.661  2953  2953 W auditd  : type=1325 audit(0.0:265): table=filter family=2 entries=79
12-20 01:33:56.661  2953  2953 W auditd  : type=1320 audit(0.0:265): 
12-20 01:33:56.717  3392  3440 W PowerManagerService: Sandman unresponsive, releasing suspend blocker
12-20 01:33:56.723  3052  3473 I iptables: iptables: Index of insertion too big.
12-20 01:33:56.723  3052  3473 I iptables: iptables terminated by exit(1)
