12-23 22:47:19.897  4230  4871 W MediaProvider: Missing volume for /system/media/audio/notifications/Doink.ogg; assuming invalid
12-23 22:47:19.898  4230  4871 W MediaProvider: Missing volume for /system/media/audio/notifications/DontPanic.ogg; assuming invalid
12-23 22:47:19.900  4230  4871 W MediaProvider: Missing volume for /system/media/audio/notifications/Drip.ogg; assuming invalid
12-23 22:47:19.901  4230  4871 W MediaProvider: Missing volume for /system/media/audio/notifications/Elara.ogg; assuming invalid
12-23 22:47:19.902  4230  4871 W MediaProvider: Missing volume for /system/media/audio/notifications/Electra.ogg; assuming invalid
12-23 22:47:19.903  4230  4871 W MediaProvider: Missing volume for /system/media/audio/notifications/Europa.ogg; assuming invalid
12-23 22:47:19.905  4230  4871 W MediaProvider: Missing volume for /system/media/audio/notifications/F1_New_SMS.ogg; assuming invalid
12-23 22:47:19.906  4230  4871 W MediaProvider: Missing volume for /system/media/audio/notifications/Fluorine.ogg; assuming invalid
12-23 22:47:19.908  4230  4871 W MediaProvider: Missing volume for /system/media/audio/notifications/Fomalhaut.ogg; assuming invalid
12-23 22:47:19.910  4230  4871 W MediaProvider: Missing volume for /system/media/audio/notifications/Gallium.ogg; assuming invalid
12-23 22:47:19.912  4230  4871 W MediaProvider: Missing volume for /system/media/audio/notifications/Heaven.ogg; assuming invalid
12-23 22:47:19.914  4230  4871 W MediaProvider: Missing volume for /system/media/audio/notifications/Helium.ogg; assuming invalid
12-23 22:47:19.915  4230  4871 W MediaProvider: Missing volume for /system/media/audio/notifications/Highwire.ogg; assuming invalid
12-23 22:47:19.916  4230  4871 W MediaProvider: Missing volume for /system/media/audio/notifications/Hojus.ogg; assuming invalid
12-23 22:47:19.918  4230  4871 W MediaProvider: Missing volume for /system/media/audio/notifications/Iapetus.ogg; assuming invalid
12-23 22:47:19.919  4230  4871 W MediaProvider: Missing volume for /system/media/audio/notifications/Io.ogg; assuming invalid
12-23 22:47:19.920  4230  4871 W MediaProvider: Missing volume for /system/media/audio/notifications/Iridium.ogg; assuming invalid
12-23 22:47:19.921  4230  4871 W MediaProvider: Missing volume for /system/media/audio/notifications/Krypton.ogg; assuming invalid
12-23 22:47:19.922  4230  4871 W MediaProvider: Missing volume for /system/media/audio/notifications/KzurbSonar.ogg; assuming invalid
12-23 22:47:19.924  4230  4871 W MediaProvider: Missing volume for /system/media/audio/notifications/Laser.ogg; assuming invalid
12-23 22:47:19.926  4230  4871 W MediaProvider: Missing volume for /system/media/audio/notifications/Merope.ogg; assuming invalid
12-23 22:47:19.928  4230  4871 W MediaProvider: Missing volume for /system/media/audio/notifications/Mira.ogg; assuming invalid
12-23 22:47:19.929  4230  4871 W MediaProvider: Missing volume for /system/media/audio/notifications/Naughty.ogg; assuming invalid
12-23 22:47:19.930  4230  4871 W MediaProvider: Missing volume for /system/media/audio/notifications/OnTheHunt.ogg; assuming invalid
12-23 22:47:19.932  4230  4871 W MediaProvider: Missing volume for /system/media/audio/notifications/Palladium.ogg; assuming invalid
12-23 22:47:19.933  4230  4871 W MediaProvider: Missing volume for /system/media/audio/notifications/Plastic_Pipe.ogg; assuming invalid
12-23 22:47:19.935  4230  4871 W MediaProvider: Missing volume for /system/media/audio/notifications/Polaris.ogg; assuming invalid
12-23 22:47:19.936  4230  4871 W MediaProvider: Missing volume for /system/media/audio/notifications/Pollux.ogg; assuming invalid
12-23 22:47:19.938  4230  4871 W MediaProvider: Missing volume for /system/media/audio/notifications/Pong.ogg; assuming invalid
12-23 22:47:19.939  4230  4871 W MediaProvider: Missing volume for /system/media/audio/notifications/Procyon.ogg; assuming invalid
12-23 22:47:19.942  4230  4871 W MediaProvider: Missing volume for /system/media/audio/notifications/Proxima.ogg; assuming invalid
12-23 22:47:19.945  3046  4304 E MetadataRetrieverClient: failed to extract an album art
12-23 22:47:19.945  4230  4871 W MediaProvider: Missing volume for /system/media/audio/notifications/Radon.ogg; assuming invalid
12-23 22:47:19.947  4230  4871 W MediaProvider: Missing volume for /system/media/audio/notifications/Rang.ogg; assuming invalid
12-23 22:47:19.948  4230  4871 W MediaProvider: Missing volume for /system/media/audio/notifications/Rhea.ogg; assuming invalid
12-23 22:47:19.949  4230  4871 W MediaProvider: Missing volume for /system/media/audio/notifications/Rubidium.ogg; assuming invalid
12-23 22:47:19.950  4230  4871 W MediaProvider: Missing volume for /system/media/audio/notifications/Salacia.ogg; assuming invalid
12-23 22:47:19.952  4230  4871 W MediaProvider: Missing volume for /system/media/audio/notifications/Selenium.ogg; assuming invalid
12-23 22:47:19.953  4230  4871 W MediaProvider: Missing volume for /system/media/audio/notifications/Shaula.ogg; assuming invalid
12-23 22:47:19.954  4230  4871 W MediaProvider: Missing volume for /system/media/audio/notifications/Sirrah.ogg; assuming invalid
12-23 22:47:19.956  4230  4871 W MediaProvider: Missing volume for /system/media/audio/notifications/Spica.ogg; assuming invalid
12-23 22:47:19.957  4230  4871 W MediaProvider: Missing volume for /system/media/audio/notifications/Stone.ogg; assuming invalid
12-23 22:47:19.959  4230  4871 W MediaProvider: Missing volume for /system/media/audio/notifications/Strontium.ogg; assuming invalid
12-23 22:47:19.961  4230  4871 W MediaProvider: Missing volume for /system/media/audio/notifications/Syrma.ogg; assuming invalid
12-23 22:47:19.962  4230  4871 W MediaProvider: Missing volume for /system/media/audio/notifications/TaDa.ogg; assuming invalid
12-23 22:47:19.964  4230  4871 W MediaProvider: Missing volume for /system/media/audio/notifications/Talitha.ogg; assuming invalid
12-23 22:47:19.965  4230  4871 W MediaProvider: Missing volume for /system/media/audio/notifications/Tethys.ogg; assuming invalid
12-23 22:47:19.966  4230  4871 W MediaProvider: Missing volume for /system/media/audio/notifications/Thallium.ogg; assuming invalid
12-23 22:47:19.968  4230  4871 W MediaProvider: Missing volume for /system/media/audio/notifications/Titan.ogg; assuming invalid
12-23 22:47:19.969  4230  4871 W MediaProvider: Missing volume for /system/media/audio/notifications/Upsilon.ogg; assuming invalid
12-23 22:47:19.970  4230  4871 W MediaProvider: Missing volume for /system/media/audio/notifications/Vega.ogg; assuming invalid
12-23 22:47:19.971  4230  4871 W MediaProvider: Missing volume for /system/media/audio/notifications/Voila.ogg; assuming invalid
12-23 22:47:19.972  4230  4871 W MediaProvider: Missing volume for /system/media/audio/notifications/Xenon.ogg; assuming invalid
12-23 22:47:19.974  4230  4871 W MediaProvider: Missing volume for /system/media/audio/notifications/Zirconium.ogg; assuming invalid
12-23 22:47:19.975  4230  4871 W MediaProvider: Missing volume for /system/media/audio/notifications/moonbeam.ogg; assuming invalid
12-23 22:47:19.977  4230  4871 W MediaProvider: Missing volume for /system/media/audio/notifications/pixiedust.ogg; assuming invalid
12-23 22:47:19.979  4230  4871 W MediaProvider: Missing volume for /system/media/audio/notifications/pizzicato.ogg; assuming invalid
12-23 22:47:19.980  4230  4871 W MediaProvider: Missing volume for /system/media/audio/notifications/regulus.ogg; assuming invalid
12-23 22:47:19.981  4230  4871 W MediaProvider: Missing volume for /system/media/audio/notifications/sirius.ogg; assuming invalid
12-23 22:47:19.982  4230  4871 W MediaProvider: Missing volume for /system/media/audio/notifications/tweeters.ogg; assuming invalid
12-23 22:47:19.984  4230  4871 W MediaProvider: Missing volume for /system/media/audio/ringtones/Andromeda.ogg; assuming invalid
12-23 22:47:19.985  4230  4871 W MediaProvider: Missing volume for /system/media/audio/ringtones/Aquila.ogg; assuming invalid
12-23 22:47:19.987  4230  4871 W MediaProvider: Missing volume for /system/media/audio/ringtones/ArgoNavis.ogg; assuming invalid
12-23 22:47:19.988  4230  4871 W MediaProvider: Missing volume for /system/media/audio/ringtones/Atria.ogg; assuming invalid
12-23 22:47:19.989  4230  4871 W MediaProvider: Missing volume for /system/media/audio/ringtones/BOOTES.ogg; assuming invalid
12-23 22:47:19.990  3046  3518 E MetadataRetrieverClient: failed to extract an album art
12-23 22:47:19.992  4230  4871 W MediaProvider: Missing volume for /system/media/audio/ringtones/Backroad.ogg; assuming invalid
12-23 22:47:19.993  4230  4871 W MediaProvider: Missing volume for /system/media/audio/ringtones/BeatPlucker.ogg; assuming invalid
12-23 22:47:19.994  4230  4871 W MediaProvider: Missing volume for /system/media/audio/ringtones/BentleyDubs.ogg; assuming invalid
12-23 22:47:19.996  4230  4871 W MediaProvider: Missing volume for /system/media/audio/ringtones/Big_Easy.ogg; assuming invalid
12-23 22:47:19.997  4230  4871 W MediaProvider: Missing volume for /system/media/audio/ringtones/BirdLoop.ogg; assuming invalid
12-23 22:47:19.998  4230  4871 W MediaProvider: Missing volume for /system/media/audio/ringtones/Bollywood.ogg; assuming invalid
12-23 22:47:19.999  4230  4871 W MediaProvider: Missing volume for /system/media/audio/ringtones/Boxbeat.ogg; assuming invalid
12-23 22:47:20.000  4230  4871 W MediaProvider: Missing volume for /system/media/audio/ringtones/BussaMove.ogg; assuming invalid
12-23 22:47:20.001  4230  4871 W MediaProvider: Missing volume for /system/media/audio/ringtones/CASSIOPEIA.ogg; assuming invalid
12-23 22:47:20.002  4230  4871 W MediaProvider: Missing volume for /system/media/audio/ringtones/Cairo.ogg; assuming invalid
12-23 22:47:20.003  4230  4871 W MediaProvider: Missing volume for /system/media/audio/ringtones/Callisto.ogg; assuming invalid
12-23 22:47:20.004  4230  4871 W MediaProvider: Missing volume for /system/media/audio/ringtones/Calypso_Steel.ogg; assuming invalid
12-23 22:47:20.006  4230  4871 W MediaProvider: Missing volume for /system/media/audio/ringtones/CanisMajor.ogg; assuming invalid
12-23 22:47:20.008  4230  4871 W MediaProvider: Missing volume for /system/media/audio/ringtones/CaribbeanIce.ogg; assuming invalid
12-23 22:47:20.009  4230  4871 W MediaProvider: Missing volume for /system/media/audio/ringtones/Carina.ogg; assuming invalid
12-23 22:47:20.011  4230  4871 W MediaProvider: Missing volume for /system/media/audio/ringtones/Centaurus.ogg; assuming invalid
12-23 22:47:20.012  4230  4871 W MediaProvider: Missing volume for /system/media/audio/ringtones/Champagne_Edition.ogg; assuming invalid
12-23 22:47:20.014  4230  4871 W MediaProvider: Missing volume for /system/media/audio/ringtones/Club_Cubano.ogg; assuming invalid
12-23 22:47:20.015  4230  4871 W MediaProvider: Missing volume for /system/media/audio/ringtones/CrayonRock.ogg; assuming invalid
12-23 22:47:20.016  4230  4871 W MediaProvider: Missing volume for /system/media/audio/ringtones/CrazyDream.ogg; assuming invalid
12-23 22:47:20.016  4230  4871 W MediaProvider: Missing volume for /system/media/audio/ringtones/CurveBall.ogg; assuming invalid
12-23 22:47:20.018  4230  4871 W MediaProvider: Missing volume for /system/media/audio/ringtones/CyanTone.ogg; assuming invalid
12-23 22:47:20.019  4230  4871 W MediaProvider: Missing volume for /system/media/audio/ringtones/Cygnus.ogg; assuming invalid
12-23 22:47:20.020  4230  4871 W MediaProvider: Missing volume for /system/media/audio/ringtones/DancinFool.ogg; assuming invalid
12-23 22:47:20.021  4230  4871 W MediaProvider: Missing volume for /system/media/audio/ringtones/Dione.ogg; assuming invalid
12-23 22:47:20.022  4230  4871 W MediaProvider: Missing volume for /system/media/audio/ringtones/DonMessWivIt.ogg; assuming invalid
12-23 22:47:20.024  4230  4871 W MediaProvider: Missing volume for /system/media/audio/ringtones/Draco.ogg; assuming invalid
12-23 22:47:20.026  4230  4871 W MediaProvider: Missing volume for /system/media/audio/ringtones/DreamTheme.ogg; assuming invalid
12-23 22:47:20.027  4230  4871 W MediaProvider: Missing volume for /system/media/audio/ringtones/Eastern_Sky.ogg; assuming invalid
12-23 22:47:20.028  4230  4871 W MediaProvider: Missing volume for /system/media/audio/ringtones/Enter_the_Nexus.ogg; assuming invalid
12-23 22:47:20.029  4230  4871 W MediaProvider: Missing volume for /system/media/audio/ringtones/Eridani.ogg; assuming invalid
12-23 22:47:20.030  4230  4871 W MediaProvider: Missing volume for /system/media/audio/ringtones/EtherShake.ogg; assuming invalid
12-23 22:47:20.031  4230  4871 W MediaProvider: Missing volume for /system/media/audio/ringtones/FreeFlight.ogg; assuming invalid
12-23 22:47:20.032  4230  4871 W MediaProvider: Missing volume for /system/media/audio/ringtones/FriendlyGhost.ogg; assuming invalid
12-23 22:47:20.033  4230  4871 W MediaProvider: Missing volume for /system/media/audio/ringtones/Funk_Yall.ogg; assuming invalid
12-23 22:47:20.034  4230  4871 W MediaProvider: Missing volume for /system/media/audio/ringtones/GameOverGuitar.ogg; assuming invalid
12-23 22:47:20.035  4230  4871 W MediaProvider: Missing volume for /system/media/audio/ringtones/Ganymede.ogg; assuming invalid
12-23 22:47:20.036  4230  4871 W MediaProvider: Missing volume for /system/media/audio/ringtones/Gimme_Mo_Town.ogg; assuming invalid
12-23 22:47:20.038  4230  4871 W MediaProvider: Missing volume for /system/media/audio/ringtones/Girtab.ogg; assuming invalid
12-23 22:47:20.039  4230  4871 W MediaProvider: Missing volume for /system/media/audio/ringtones/Glacial_Groove.ogg; assuming invalid
12-23 22:47:20.040  4230  4871 W MediaProvider: Missing volume for /system/media/audio/ringtones/Growl.ogg; assuming invalid
12-23 22:47:20.042  4230  4871 W MediaProvider: Missing volume for /system/media/audio/ringtones/HalfwayHome.ogg; assuming invalid
12-23 22:47:20.044  4230  4871 W MediaProvider: Missing volume for /system/media/audio/ringtones/Highscore.ogg; assuming invalid
12-23 22:47:20.045  4230  4871 W MediaProvider: Missing volume for /system/media/audio/ringtones/Hydra.ogg; assuming invalid
12-23 22:47:20.046  4230  4871 W MediaProvider: Missing volume for /system/media/audio/ringtones/InsertCoin.ogg; assuming invalid
12-23 22:47:20.048  4230  4871 W MediaProvider: Missing volume for /system/media/audio/ringtones/Kuma.ogg; assuming invalid
12-23 22:47:20.049  4230  4871 W MediaProvider: Missing volume for /system/media/audio/ringtones/LoopyLounge.ogg; assuming invalid
12-23 22:47:20.050  4230  4871 W MediaProvider: Missing volume for /system/media/audio/ringtones/LoveFlute.ogg; assuming invalid
12-23 22:47:20.051  4230  4871 W MediaProvider: Missing volume for /system/media/audio/ringtones/Luna.ogg; assuming invalid
12-23 22:47:20.052  4230  4871 W MediaProvider: Missing volume for /system/media/audio/ringtones/Lyon.ogg; assuming invalid
12-23 22:47:20.053  4230  4871 W MediaProvider: Missing volume for /system/media/audio/ringtones/Lyra.ogg; assuming invalid
12-23 22:47:20.054  4230  4871 W MediaProvider: Missing volume for /system/media/audio/ringtones/Machina.ogg; assuming invalid
12-23 22:47:20.055  4230  4871 W MediaProvider: Missing volume for /system/media/audio/ringtones/MidEvilJaunt.ogg; assuming invalid
12-23 22:47:20.057  4230  4871 W MediaProvider: Missing volume for /system/media/audio/ringtones/Nairobi.ogg; assuming invalid
12-23 22:47:20.059  4230  4871 W MediaProvider: Missing volume for /system/media/audio/ringtones/Nassau.ogg; assuming invalid
12-23 22:47:20.060  4230  4871 W MediaProvider: Missing volume for /system/media/audio/ringtones/NewPlayer.ogg; assuming invalid
12-23 22:47:20.061  4230  4871 W MediaProvider: Missing volume for /system/media/audio/ringtones/No_Limits.ogg; assuming invalid
12-23 22:47:20.062  4230  4871 W MediaProvider: Missing volume for /system/media/audio/ringtones/Noises2.ogg; assuming invalid
12-23 22:47:20.063  4230  4871 W MediaProvider: Missing volume for /system/media/audio/ringtones/Noises3.ogg; assuming invalid
12-23 22:47:20.065  4230  4871 W MediaProvider: Missing volume for /system/media/audio/ringtones/Oberon.ogg; assuming invalid
12-23 22:47:20.066  4230  4871 W MediaProvider: Missing volume for /system/media/audio/ringtones/OrganDub.ogg; assuming invalid
12-23 22:47:20.112  4230  4871 W MediaProvider: Missing volume for /system/media/audio/ringtones/Orion.ogg; assuming invalid
12-23 22:47:20.671  4415  4439 E ELEVEN  : calling refresh!
12-23 22:47:20.799  3046  4158 I FFmpegExtractor: android-source:0xf255e730
12-23 22:47:20.891  3046  4158 I FFMPEG  : [mp3 @ 0xf0be1e00] Skipping 0 bytes of junk at 431.
12-23 22:47:20.900  3046  4158 D FFmpegExtractor: suppoted codec(mp3) by official Stagefright
12-23 22:47:20.900  3046  4158 D FFmpegExtractor: ffmpeg detected media content as 'audio/mpeg' with confidence 0.08
12-23 22:47:21.607  4230  4871 W MediaScanner: Error opening directory '/oem/media/', skipping: No such file or directory.
12-23 22:47:21.608  4230  4871 W MediaProvider: Missing volume for /system/media/audio/ui; assuming invalid
12-23 22:47:21.646  4230  4871 W MediaProvider: Missing volume for /system/media/bootanimation.zip; assuming invalid
12-23 22:47:21.663  4230  4871 W MediaProvider: Missing volume for /system/media/audio/ringtones/Paradise_Island.ogg; assuming invalid
12-23 22:47:21.665  4230  4871 W MediaProvider: Missing volume for /system/media/audio/ringtones/Pegasus.ogg; assuming invalid
12-23 22:47:21.666  4230  4871 W MediaProvider: Missing volume for /system/media/audio/ringtones/Perseus.ogg; assuming invalid
12-23 22:47:21.667  4230  4871 W MediaProvider: Missing volume for /system/media/audio/ringtones/Phobos.ogg; assuming invalid
12-23 22:47:21.668  4230  4871 W MediaProvider: Missing volume for /system/media/audio/ringtones/Playa.ogg; assuming invalid
12-23 22:47:21.670  4230  4871 W MediaProvider: Missing volume for /system/media/audio/ringtones/Pyxis.ogg; assuming invalid
12-23 22:47:21.671  4230  4871 W MediaProvider: Missing volume for /system/media/audio/ringtones/Rasalas.ogg; assuming invalid
12-23 22:47:21.672  4230  4871 W MediaProvider: Missing volume for /system/media/audio/ringtones/Revelation.ogg; assuming invalid
12-23 22:47:21.673  4230  4871 W MediaProvider: Missing volume for /system/media/audio/ringtones/Rigel.ogg; assuming invalid
12-23 22:47:21.674  4230  4871 W MediaProvider: Missing volume for /system/media/audio/ringtones/Ring_Classic_02.ogg; assuming invalid
12-23 22:47:21.676  4230  4871 W MediaProvider: Missing volume for /system/media/audio/ringtones/Ring_Digital_02.ogg; assuming invalid
12-23 22:47:21.677  4230  4871 W MediaProvider: Missing volume for /system/media/audio/ringtones/Ring_Synth_02.ogg; assuming invalid
12-23 22:47:21.678  4230  4871 W MediaProvider: Missing volume for /system/media/audio/ringtones/Ring_Synth_04.ogg; assuming invalid
12-23 22:47:21.679  4230  4871 W MediaProvider: Missing volume for /system/media/audio/ringtones/Road_Trip.ogg; assuming invalid
12-23 22:47:21.680  4230  4871 W MediaProvider: Missing volume for /system/media/audio/ringtones/Rockin.ogg; assuming invalid
12-23 22:47:21.681  4230  4871 W MediaProvider: Missing volume for /system/media/audio/ringtones/RomancingTheTone.ogg; assuming invalid
12-23 22:47:21.682  4230  4871 W MediaProvider: Missing volume for /system/media/audio/ringtones/Safari.ogg; assuming invalid
12-23 22:47:21.683  4230  4871 W MediaProvider: Missing volume for /system/media/audio/ringtones/Savannah.ogg; assuming invalid
12-23 22:47:21.685  4230  4871 W MediaProvider: Missing volume for /system/media/audio/ringtones/Scarabaeus.ogg; assuming invalid
12-23 22:47:21.686  4230  4871 W MediaProvider: Missing volume for /system/media/audio/ringtones/Sceptrum.ogg; assuming invalid
12-23 22:47:21.687  4230  4871 W MediaProvider: Missing volume for /system/media/audio/ringtones/Sedna.ogg; assuming invalid
12-23 22:47:21.688  4230  4871 W MediaProvider: Missing volume for /system/media/audio/ringtones/Seville.ogg; assuming invalid
12-23 22:47:21.689  4230  4871 W MediaProvider: Missing volume for /system/media/audio/ringtones/Sheep.mp3; assuming invalid
12-23 22:47:21.690  4230  4871 W MediaProvider: Missing volume for /system/media/audio/ringtones/Shes_All_That.ogg; assuming invalid
12-23 22:47:21.691  4230  4871 W MediaProvider: Missing volume for /system/media/audio/ringtones/SilkyWay.ogg; assuming invalid
12-23 22:47:21.692  4230  4871 W MediaProvider: Missing volume for /system/media/audio/ringtones/SitarVsSitar.ogg; assuming invalid
12-23 22:47:21.693  4230  4871 W MediaProvider: Missing volume for /system/media/audio/ringtones/Solarium.ogg; assuming invalid
12-23 22:47:21.694  4230  4871 W MediaProvider: Missing volume for /system/media/audio/ringtones/SpringyJalopy.ogg; assuming invalid
12-23 22:47:21.695  4230  4871 W MediaProvider: Missing volume for /system/media/audio/ringtones/Steppin_Out.ogg; assuming invalid
12-23 22:47:21.696  4230  4871 W MediaProvider: Missing volume for /system/media/audio/ringtones/Terminated.ogg; assuming invalid
12-23 22:47:21.698  4230  4871 W MediaProvider: Missing volume for /system/media/audio/ringtones/Testudo.ogg; assuming invalid
12-23 22:47:21.699  4230  4871 W MediaProvider: Missing volume for /system/media/audio/ringtones/Themos.ogg; assuming invalid
12-23 22:47:21.700  4230  4871 W MediaProvider: Missing volume for /system/media/audio/ringtones/Third_Eye.ogg; assuming invalid
12-23 22:47:21.701  4230  4871 W MediaProvider: Missing volume for /system/media/audio/ringtones/Thunderfoot.ogg; assuming invalid
12-23 22:47:21.702  4230  4871 W MediaProvider: Missing volume for /system/media/audio/ringtones/Titania.ogg; assuming invalid
12-23 22:47:21.704  4230  4871 W MediaProvider: Missing volume for /system/media/audio/ringtones/Triton.ogg; assuming invalid
12-23 22:47:21.705  4230  4871 W MediaProvider: Missing volume for /system/media/audio/ringtones/TwirlAway.ogg; assuming invalid
12-23 22:47:21.706  4230  4871 W MediaProvider: Missing volume for /system/media/audio/ringtones/Umbriel.ogg; assuming invalid
12-23 22:47:21.707  4230  4871 W MediaProvider: Missing volume for /system/media/audio/ringtones/UrsaMinor.ogg; assuming invalid
12-23 22:47:21.708  4230  4871 W MediaProvider: Missing volume for /system/media/audio/ringtones/VeryAlarmed.ogg; assuming invalid
12-23 22:47:21.709  4230  4871 W MediaProvider: Missing volume for /system/media/audio/ringtones/Vespa.ogg; assuming invalid
12-23 22:47:21.710  4230  4871 W MediaProvider: Missing volume for /system/media/audio/ringtones/World.ogg; assuming invalid
12-23 22:47:21.711  4230  4871 W MediaProvider: Missing volume for /system/media/audio/ringtones/Yukaay.ogg; assuming invalid
12-23 22:47:21.712  4230  4871 W MediaProvider: Missing volume for /system/media/audio/ringtones/Zeta.ogg; assuming invalid
12-23 22:47:21.714  4230  4871 W MediaProvider: Missing volume for /system/media/audio/ui/Dock.ogg; assuming invalid
12-23 22:47:21.715  4230  4871 W MediaProvider: Missing volume for /system/media/audio/ui/Effect_Tick.ogg; assuming invalid
12-23 22:47:21.717  4230  4871 W MediaProvider: Missing volume for /system/media/audio/ui/KeypressDelete.ogg; assuming invalid
12-23 22:47:21.719  4230  4871 W MediaProvider: Missing volume for /system/media/audio/ui/KeypressInvalid.ogg; assuming invalid
12-23 22:47:21.721  4230  4871 W MediaProvider: Missing volume for /system/media/audio/ui/KeypressReturn.ogg; assuming invalid
12-23 22:47:21.722  4230  4871 W MediaProvider: Missing volume for /system/media/audio/ui/KeypressSpacebar.ogg; assuming invalid
12-23 22:47:21.724  4230  4871 W MediaProvider: Missing volume for /system/media/audio/ui/KeypressStandard.ogg; assuming invalid
12-23 22:47:21.724  3046  3519 E MetadataRetrieverClient: failed to extract an album art
12-23 22:47:21.725  4230  4871 W MediaProvider: Missing volume for /system/media/audio/ui/Lock.ogg; assuming invalid
12-23 22:47:21.726  4230  4871 W MediaProvider: Missing volume for /system/media/audio/ui/LowBattery.ogg; assuming invalid
12-23 22:47:21.728  4230  4871 W MediaProvider: Missing volume for /system/media/audio/ui/Trusted.ogg; assuming invalid
12-23 22:47:21.729  4230  4871 W MediaProvider: Missing volume for /system/media/audio/ui/Undock.ogg; assuming invalid
12-23 22:47:21.730  4230  4871 W MediaProvider: Missing volume for /system/media/audio/ui/Unlock.ogg; assuming invalid
12-23 22:47:21.732  4230  4871 W MediaProvider: Missing volume for /system/media/audio/ui/VideoRecord.ogg; assuming invalid
12-23 22:47:21.733  4230  4871 W MediaProvider: Missing volume for /system/media/audio/ui/VideoStop.ogg; assuming invalid
12-23 22:47:21.734  4230  4871 W MediaProvider: Missing volume for /system/media/audio/ui/WirelessChargingStarted.ogg; assuming invalid
12-23 22:47:21.735  4230  4871 W MediaProvider: Missing volume for /system/media/audio/ui/camera_click.ogg; assuming invalid
12-23 22:47:21.736  4230  4871 W MediaProvider: Missing volume for /system/media/audio/ui/camera_focus.ogg; assuming invalid
12-23 22:47:22.236  3046  3514 V audio_hw_primary: do_out_standby: output standby: 0
12-23 22:47:22.298  4753  5008 I GlobalDismissManager: no sender configured
12-23 22:47:22.298  4753  5008 D AlertService: Beginning updateAlertNotification
12-23 22:47:22.310  4753  5008 D AlertService: No fired or scheduled alerts
12-23 22:47:22.314  4753  5008 D AlertService: Scheduling next alarm with AlarmScheduler. sEventReminderReceived: null
12-23 22:47:22.317  4753  5008 D AlarmScheduler: No events found starting within 1 week.
12-23 22:47:22.348  3046  3514 V audio_hw_primary: out_set_parameters: key value pairs: routing=2
12-23 22:47:22.358  3046  3514 V audio_hw_primary: start_output_stream: starting stream
12-23 22:47:22.363  4415  4439 E ELEVEN  : calling refresh!
12-23 22:47:22.393  3046  3514 V audio_hw_primary: start_output_stream: stream out device: 2, actual: 2
12-23 22:47:22.412  4144  5055 D mali_winsys: EGLint new_window_surface(egl_winsys_display*, void*, EGLSurface, EGLConfig, egl_winsys_surface**, egl_color_buffer_format*, EGLBoolean) returns 0x3000,  [1624x1441]-format:1
12-23 22:47:22.422  3046  3514 D AudioFlinger: mixer(0xf2bc0000) throttle end: throttle time(10)
12-23 22:47:23.437  4144  4144 D WifiSetupActivity: finishing, resultCode=1
12-23 22:47:23.447  3046  3514 V audio_hw_primary: out_set_parameters: key value pairs: routing=2
12-23 22:47:23.475  4183  4472 D mali_winsys: EGLint new_window_surface(egl_winsys_display*, void*, EGLSurface, EGLConfig, egl_winsys_surface**, egl_color_buffer_format*, EGLBoolean) returns 0x3000,  [1440x2560]-format:1
12-23 22:47:23.821  3434  3448 I ActivityManager: Killing 4377:com.cyanogenmod.eleven/u0a39 (adj 15): empty #17
12-23 22:47:23.832  3434  3446 D ActivityManager: cleanUpApplicationRecord -- 4377
12-23 22:47:24.333  3046  3514 V audio_hw_primary: out_set_parameters: key value pairs: routing=2
12-23 22:47:25.063  3046  3514 V audio_hw_primary: out_set_parameters: key value pairs: routing=2
12-23 11:47:25.114  3046  3514 D AudioFlinger: mixer(0xf2bc0000) throttle end: throttle time(11)
12-23 11:47:25.128  3434  3723 D AlarmManagerService: Kernel timezone updated to 660 minutes west of GMT
12-23 11:47:25.138  4916  4916 V AlarmClock: AlarmInitReceiver android.intent.action.TIMEZONE_CHANGED
12-23 11:47:25.182  4916  4934 V AlarmClock: AlarmInitReceiver finished
12-23 11:47:25.640  3434  3486 I InputReader: Reconfiguring input devices.  changes=0x00000010
12-23 11:47:25.640  3434  3486 I InputReader: Reconfiguring input devices.  changes=0x00000010
12-23 11:47:25.642  4838  4838 W ContextImpl: Calling a method in the system process without a qualified user: android.app.ContextImpl.startService:1231 android.content.ContextWrapper.startService:587 android.content.ContextWrapper.startService:587 org.cyanogenmod.providers.datausage.DataUsageAppInstallReceiver.onReceive:47 android.app.ActivityThread.handleReceiver:2759 
12-23 11:47:25.644  3434  3486 I InputReader: Reconfiguring input devices.  changes=0x00000010
12-23 11:47:25.647  3434  3486 I InputReader: Reconfiguring input devices.  changes=0x00000010
12-23 11:47:25.649  3434  3447 W Searchables: No global search activity found
12-23 11:47:25.649  3434  3486 I InputReader: Reconfiguring input devices.  changes=0x00000010
12-23 11:47:25.654  3434  3447 W Searchables: No global search activity found
12-23 11:47:25.655  3434  3486 I InputReader: Reconfiguring input devices.  changes=0x00000010
12-23 11:47:25.656  3434  3486 I InputReader: Reconfiguring input devices.  changes=0x00000010
12-23 11:47:25.658  3434  3447 W Searchables: No global search activity found
12-23 11:47:25.661  3434  3447 W Searchables: No global search activity found
12-23 11:47:25.664  4838  4838 W ContextImpl: Calling a method in the system process without a qualified user: android.app.ContextImpl.startService:1231 android.content.ContextWrapper.startService:587 android.content.ContextWrapper.startService:587 org.cyanogenmod.providers.datausage.DataUsageAppInstallReceiver.onReceive:47 android.app.ActivityThread.handleReceiver:2759 
12-23 11:47:25.672  4838  4838 W ContextImpl: Calling a method in the system process without a qualified user: android.app.ContextImpl.startService:1231 android.content.ContextWrapper.startService:587 android.content.ContextWrapper.startService:587 org.cyanogenmod.providers.datausage.DataUsageAppInstallReceiver.onReceive:47 android.app.ActivityThread.handleReceiver:2759 
12-23 11:47:25.674  3434  3447 W Searchables: No global search activity found
12-23 11:47:25.678  3434  3447 W Searchables: No global search activity found
12-23 11:47:25.681  3434  3447 W Searchables: No global search activity found
12-23 11:47:25.683  4838  4838 W ContextImpl: Calling a method in the system process without a qualified user: android.app.ContextImpl.startService:1231 android.content.ContextWrapper.startService:587 android.content.ContextWrapper.startService:587 org.cyanogenmod.providers.datausage.DataUsageAppInstallReceiver.onReceive:47 android.app.ActivityThread.handleReceiver:2759 
12-23 11:47:25.690  4838  4838 W ContextImpl: Calling a method in the system process without a qualified user: android.app.ContextImpl.startService:1231 android.content.ContextWrapper.startService:587 android.content.ContextWrapper.startService:587 org.cyanogenmod.providers.datausage.DataUsageAppInstallReceiver.onReceive:47 android.app.ActivityThread.handleReceiver:2759 
12-23 11:47:25.697  4838  4838 W ContextImpl: Calling a method in the system process without a qualified user: android.app.ContextImpl.startService:1231 android.content.ContextWrapper.startService:587 android.content.ContextWrapper.startService:587 org.cyanogenmod.providers.datausage.DataUsageAppInstallReceiver.onReceive:47 android.app.ActivityThread.handleReceiver:2759 
12-23 11:47:25.702  4838  4838 W ContextImpl: Calling a method in the system process without a qualified user: android.app.ContextImpl.startService:1231 android.content.ContextWrapper.startService:587 android.content.ContextWrapper.startService:587 org.cyanogenmod.providers.datausage.DataUsageAppInstallReceiver.onReceive:47 android.app.ActivityThread.handleReceiver:2759 
12-23 11:47:25.787  3046  3514 V audio_hw_primary: out_set_parameters: key value pairs: routing=2
12-23 11:47:26.083  4415  4439 E ELEVEN  : calling refresh!
12-23 11:47:26.553  3730  3730 D PhoneStatusBar: disable: < expand* icons* alerts* system_info back home* recent* clock search* quick_settings >
12-23 11:47:26.554  3730  3730 D PhoneStatusBar: heads up is enabled
12-23 11:47:26.556  3046  3514 V audio_hw_primary: out_set_parameters: key value pairs: routing=2
12-23 11:47:26.593  3046  3514 D AudioFlinger: mixer(0xf2bc0000) throttle end: throttle time(4)
12-23 11:47:26.657  4144  4144 D ConnectivityManager: getMobileDataEnabled()+ subId=-1
12-23 11:47:26.658  4069  4610 D PhoneInterfaceManager: [PhoneIntfMgr] getDataEnabled: subId=-1 phoneId=-1
12-23 11:47:26.658  4069  4610 E PhoneInterfaceManager: [PhoneIntfMgr] getDataEnabled: no phone subId=-1 retVal=false
12-23 11:47:26.658  4144  4144 D ConnectivityManager: getMobileDataEnabled()- subId=-1 retVal=false
12-23 11:47:26.659  4144  4144 E NFC     : could not retrieve NFC service
12-23 11:47:26.661  3434  4121 D CMProfileService: Saving profile data...
12-23 11:47:26.662  4415  4439 E ELEVEN  : calling refresh!
12-23 11:47:26.663  3434  4121 D CMProfileService: Save completed.
12-23 11:47:26.663  3434  4121 D CMProfileService: Set active profile to: 0230226d-0d05-494a-a9bd-d222a1117655 - Default
12-23 11:47:26.665  3434  4121 E NFC     : could not retrieve NFC service
12-23 11:47:26.666  3434  4121 E NFC     : could not retrieve NFC service
12-23 11:47:26.666  3434  4121 E NFC     : could not retrieve NFC service
12-23 11:47:26.668  4069  4084 D PhoneInterfaceManager: [PhoneIntfMgr] getDataEnabled: subId=-1 phoneId=-1
12-23 11:47:26.668  4069  4084 E PhoneInterfaceManager: [PhoneIntfMgr] getDataEnabled: no phone subId=-1 retVal=false
12-23 11:47:26.668  3434  4121 D TelephonyManager: getDataEnabled: retVal=false
12-23 11:47:26.669  3434  4121 E NFC     : could not retrieve NFC service
12-23 11:47:26.669  3434  4121 E NFC     : could not retrieve NFC service
12-23 11:47:26.669  3434  4121 E NFC     : could not retrieve NFC service
12-23 11:47:26.670  3434  4121 D CMProfileService: Saving profile data...
12-23 11:47:26.671  3434  4121 D CMProfileService: Save completed.
12-23 11:47:27.255  2932  3493 I vold    : Trimmed 10856607744 bytes on /data in 25249ms
12-23 11:47:27.255  3434  3490 D VoldConnector: RCV <- {662 /data 10856607744 25249961559}
12-23 11:47:27.752  4183  5120 E SetupWizardUtils: Unable to disable GMS
12-23 11:47:27.755  3434  3445 I ActivityManager: START u0 {act=android.intent.action.MAIN cat=[android.intent.category.HOME] cmp=com.android.provision/.DefaultActivity} from uid 1000 on display 0
12-23 11:47:27.780  3434  3629 I ActivityManager: Start proc 5131:com.android.provision/u0a58 for activity com.android.provision/.DefaultActivity
12-23 11:47:27.800  5131  5131 W System  : ClassLoader referenced unknown path: /system/app/Provision/lib/arm64
12-23 11:47:27.805  3004  3016 D PermissionCache: checking android.permission.READ_FRAME_BUFFER for uid=1000 => granted (71 us)
12-23 11:47:27.838  3434  4116 I ActivityManager: START u0 {act=android.intent.action.MAIN cat=[android.intent.category.HOME] flg=0x10000000 cmp=com.cyanogenmod.trebuchet/com.android.launcher3.Launcher} from uid 0 on display 0
12-23 11:47:27.851  4889  4889 V Launcher: LauncherAppState inited
12-23 11:47:27.877  4889  4889 D Launcher.Model: Old launcher provider: content://com.android.launcher2.settings/favorites?notify=true
12-23 11:47:27.877  4889  4889 D Launcher.Model: Old launcher provider does not exist.
12-23 11:47:27.954  4889  5145 D LauncherProvider: loading default workspace
12-23 11:47:27.964  4889  5149 D OpenGLRenderer: Use EGL_SWAP_BEHAVIOR_PRESERVED: true
12-23 11:47:27.970  4889  4889 W Launcher: setApplicationContext called twice! old=com.android.launcher3.LauncherApplication@92c65a8 new=com.android.launcher3.LauncherApplication@92c65a8
12-23 11:47:27.987  4889  5149 I OpenGLRenderer: Initialized EGL, version 1.4
12-23 11:47:27.991  4889  5149 D mali_winsys: EGLint new_window_surface(egl_winsys_display*, void*, EGLSurface, EGLConfig, egl_winsys_surface**, egl_color_buffer_format*, EGLBoolean) returns 0x3000,  [1440x2560]-format:1
12-23 11:47:28.019  4889  5145 E AutoInstalls: Unable to add favorite: com.google.android.googlequicksearchbox/com.google.android.googlequicksearchbox.SearchActivity
12-23 11:47:28.019  4889  5145 E AutoInstalls: android.content.pm.PackageManager$NameNotFoundException: ComponentInfo{com.google.android.googlequicksearchbox/com.google.android.googlequicksearchbox.SearchActivity}
12-23 11:47:28.019  4889  5145 E AutoInstalls: 	at android.app.ApplicationPackageManager.getActivityInfo(ApplicationPackageManager.java:343)
12-23 11:47:28.019  4889  5145 E AutoInstalls: 	at com.android.launcher3.AutoInstallsLayout$AppShortcutParser.parseAndAdd(AutoInstallsLayout.java:347)
12-23 11:47:28.019  4889  5145 E AutoInstalls: 	at com.android.launcher3.AutoInstallsLayout$FolderParser.parseAndAdd(AutoInstallsLayout.java:595)
12-23 11:47:28.019  4889  5145 E AutoInstalls: 	at com.android.launcher3.DefaultLayoutParser$MyFolderParser.parseAndAdd(DefaultLayoutParser.java:271)
12-23 11:47:28.019  4889  5145 E AutoInstalls: 	at com.android.launcher3.AutoInstallsLayout.parseAndAddNode(AutoInstallsLayout.java:272)
12-23 11:47:28.019  4889  5145 E AutoInstalls: 	at com.android.launcher3.AutoInstallsLayout.parseLayout(AutoInstallsLayout.java:217)
12-23 11:47:28.019  4889  5145 E AutoInstalls: 	at com.android.launcher3.AutoInstallsLayout.loadLayout(AutoInstallsLayout.java:193)
12-23 11:47:28.019  4889  5145 E AutoInstalls: 	at com.android.launcher3.LauncherProvider$DatabaseHelper.loadFavorites(LauncherProvider.java:1292)
12-23 11:47:28.019  4889  5145 E AutoInstalls: 	at com.android.launcher3.LauncherProvider.loadDefaultFavoritesIfNecessary(LauncherProvider.java:406)
12-23 11:47:28.019  4889  5145 E AutoInstalls: 	at com.android.launcher3.LauncherModel$LoaderTask.loadWorkspace(LauncherModel.java:1967)
12-23 11:47:28.019  4889  5145 E AutoInstalls: 	at com.android.launcher3.LauncherModel$LoaderTask.loadAndBindWorkspace(LauncherModel.java:1558)
12-23 11:47:28.019  4889  5145 E AutoInstalls: 	at com.android.launcher3.LauncherModel$LoaderTask.run(LauncherModel.java:1655)
12-23 11:47:28.019  4889  5145 E AutoInstalls: 	at android.os.Handler.handleCallback(Handler.java:739)
12-23 11:47:28.019  4889  5145 E AutoInstalls: 	at android.os.Handler.dispatchMessage(Handler.java:95)
12-23 11:47:28.019  4889  5145 E AutoInstalls: 	at android.os.Looper.loop(Looper.java:148)
12-23 11:47:28.019  4889  5145 E AutoInstalls: 	at android.os.HandlerThread.run(HandlerThread.java:61)
12-23 11:47:28.020  4889  5145 E AutoInstalls: Unable to add favorite: com.android.chrome/com.google.android.apps.chrome.Main
12-23 11:47:28.020  4889  5145 E AutoInstalls: android.content.pm.PackageManager$NameNotFoundException: ComponentInfo{com.android.chrome/com.google.android.apps.chrome.Main}
12-23 11:47:28.020  4889  5145 E AutoInstalls: 	at android.app.ApplicationPackageManager.getActivityInfo(ApplicationPackageManager.java:343)
12-23 11:47:28.020  4889  5145 E AutoInstalls: 	at com.android.launcher3.AutoInstallsLayout$AppShortcutParser.parseAndAdd(AutoInstallsLayout.java:347)
12-23 11:47:28.020  4889  5145 E AutoInstalls: 	at com.android.launcher3.AutoInstallsLayout$FolderParser.parseAndAdd(AutoInstallsLayout.java:595)
12-23 11:47:28.020  4889  5145 E AutoInstalls: 	at com.android.launcher3.DefaultLayoutParser$MyFolderParser.parseAndAdd(DefaultLayoutParser.java:271)
12-23 11:47:28.020  4889  5145 E AutoInstalls: 	at com.android.launcher3.AutoInstallsLayout.parseAndAddNode(AutoInstallsLayout.java:272)
12-23 11:47:28.020  4889  5145 E AutoInstalls: 	at com.android.launcher3.AutoInstallsLayout.parseLayout(AutoInstallsLayout.java:217)
12-23 11:47:28.020  4889  5145 E AutoInstalls: 	at com.android.launcher3.AutoInstallsLayout.loadLayout(AutoInstallsLayout.java:193)
12-23 11:47:28.020  4889  5145 E AutoInstalls: 	at com.android.launcher3.LauncherProvider$DatabaseHelper.loadFavorites(LauncherProvider.java:1292)
12-23 11:47:28.020  4889  5145 E AutoInstalls: 	at com.android.launcher3.LauncherProvider.loadDefaultFavoritesIfNecessary(LauncherProvider.java:406)
12-23 11:47:28.020  4889  5145 E AutoInstalls: 	at com.android.launcher3.LauncherModel$LoaderTask.loadWorkspace(LauncherModel.java:1967)
12-23 11:47:28.020  4889  5145 E AutoInstalls: 	at com.android.launcher3.LauncherModel$LoaderTask.loadAndBindWorkspace(LauncherModel.java:1558)
12-23 11:47:28.020  4889  5145 E AutoInstalls: 	at com.android.launcher3.LauncherModel$LoaderTask.run(LauncherModel.java:1655)
12-23 11:47:28.020  4889  5145 E AutoInstalls: 	at android.os.Handler.handleCallback(Handler.java:739)
12-23 11:47:28.020  4889  5145 E AutoInstalls: 	at android.os.Handler.dispatchMessage(Handler.java:95)
12-23 11:47:28.020  4889  5145 E AutoInstalls: 	at android.os.Looper.loop(Looper.java:148)
12-23 11:47:28.020  4889  5145 E AutoInstalls: 	at android.os.HandlerThread.run(HandlerThread.java:61)
12-23 11:47:28.022  4889  5145 E AutoInstalls: Unable to add favorite: com.google.android.gm/com.google.android.gm.ConversationListActivityGmail
12-23 11:47:28.022  4889  5145 E AutoInstalls: android.content.pm.PackageManager$NameNotFoundException: ComponentInfo{com.google.android.gm/com.google.android.gm.ConversationListActivityGmail}
12-23 11:47:28.022  4889  5145 E AutoInstalls: 	at android.app.ApplicationPackageManager.getActivityInfo(ApplicationPackageManager.java:343)
12-23 11:47:28.022  4889  5145 E AutoInstalls: 	at com.android.launcher3.AutoInstallsLayout$AppShortcutParser.parseAndAdd(AutoInstallsLayout.java:347)
12-23 11:47:28.022  4889  5145 E AutoInstalls: 	at com.android.launcher3.AutoInstallsLayout$FolderParser.parseAndAdd(AutoInstallsLayout.java:595)
12-23 11:47:28.022  4889  5145 E AutoInstalls: 	at com.android.launcher3.DefaultLayoutParser$MyFolderParser.parseAndAdd(DefaultLayoutParser.java:271)
12-23 11:47:28.022  4889  5145 E AutoInstalls: 	at com.android.launcher3.AutoInstallsLayout.parseAndAddNode(AutoInstallsLayout.java:272)
12-23 11:47:28.022  4889  5145 E AutoInstalls: 	at com.android.launcher3.AutoInstallsLayout.parseLayout(AutoInstallsLayout.java:217)
12-23 11:47:28.022  4889  5145 E AutoInstalls: 	at com.android.launcher3.AutoInstallsLayout.loadLayout(AutoInstallsLayout.java:193)
12-23 11:47:28.022  4889  5145 E AutoInstalls: 	at com.android.launcher3.LauncherProvider$DatabaseHelper.loadFavorites(LauncherProvider.java:1292)
12-23 11:47:28.022  4889  5145 E AutoInstalls: 	at com.android.launcher3.LauncherProvider.loadDefaultFavoritesIfNecessary(LauncherProvider.java:406)
12-23 11:47:28.022  4889  5145 E AutoInstalls: 	at com.android.launcher3.LauncherModel$LoaderTask.loadWorkspace(LauncherModel.java:1967)
12-23 11:47:28.022  4889  5145 E AutoInstalls: 	at com.android.launcher3.LauncherModel$LoaderTask.loadAndBindWorkspace(LauncherModel.java:1558)
12-23 11:47:28.022  4889  5145 E AutoInstalls: 	at com.android.launcher3.LauncherModel$LoaderTask.run(LauncherModel.java:1655)
12-23 11:47:28.022  4889  5145 E AutoInstalls: 	at android.os.Handler.handleCallback(Handler.java:739)
12-23 11:47:28.022  4889  5145 E AutoInstalls: 	at android.os.Handler.dispatchMessage(Handler.java:95)
12-23 11:47:28.022  4889  5145 E AutoInstalls: 	at android.os.Looper.loop(Looper.java:148)
12-23 11:47:28.022  4889  5145 E AutoInstalls: 	at android.os.HandlerThread.run(HandlerThread.java:61)
12-23 11:47:28.022  4889  5145 E AutoInstalls: Unable to add favorite: com.google.android.apps.maps/com.google.android.maps.MapsActivity
12-23 11:47:28.022  4889  5145 E AutoInstalls: android.content.pm.PackageManager$NameNotFoundException: ComponentInfo{com.google.android.apps.maps/com.google.android.maps.MapsActivity}
12-23 11:47:28.022  4889  5145 E AutoInstalls: 	at android.app.ApplicationPackageManager.getActivityInfo(ApplicationPackageManager.java:343)
12-23 11:47:28.022  4889  5145 E AutoInstalls: 	at com.android.launcher3.AutoInstallsLayout$AppShortcutParser.parseAndAdd(AutoInstallsLayout.java:347)
12-23 11:47:28.022  4889  5145 E AutoInstalls: 	at com.android.launcher3.AutoInstallsLayout$FolderParser.parseAndAdd(AutoInstallsLayout.java:595)
12-23 11:47:28.022  4889  5145 E AutoInstalls: 	at com.android.launcher3.DefaultLayoutParser$MyFolderParser.parseAndAdd(DefaultLayoutParser.java:271)
12-23 11:47:28.022  4889  5145 E AutoInstalls: 	at com.android.launcher3.AutoInstallsLayout.parseAndAddNode(AutoInstallsLayout.java:272)
12-23 11:47:28.022  4889  5145 E AutoInstalls: 	at com.android.launcher3.AutoInstallsLayout.parseLayout(AutoInstallsLayout.java:217)
12-23 11:47:28.022  4889  5145 E AutoInstalls: 	at com.android.launcher3.AutoInstallsLayout.loadLayout(AutoInstallsLayout.java:193)
12-23 11:47:28.022  4889  5145 E AutoInstalls: 	at com.android.launcher3.LauncherProvider$DatabaseHelper.loadFavorites(LauncherProvider.java:1292)
12-23 11:47:28.022  4889  5145 E AutoInstalls: 	at com.android.launcher3.LauncherProvider.loadDefaultFavoritesIfNecessary(LauncherProvider.java:406)
12-23 11:47:28.022  4889  5145 E AutoInstalls: 	at com.android.launcher3.LauncherModel$LoaderTask.loadWorkspace(LauncherModel.java:1967)
12-23 11:47:28.022  4889  5145 E AutoInstalls: 	at com.android.launcher3.LauncherModel$LoaderTask.loadAndBindWorkspace(LauncherModel.java:1558)
12-23 11:47:28.022  4889  5145 E AutoInstalls: 	at com.android.launcher3.LauncherModel$LoaderTask.run(LauncherModel.java:1655)
12-23 11:47:28.022  4889  5145 E AutoInstalls: 	at android.os.Handler.handleCallback(Handler.java:739)
12-23 11:47:28.022  4889  5145 E AutoInstalls: 	at android.os.Handler.dispatchMessage(Handler.java:95)
12-23 11:47:28.022  4889  5145 E AutoInstalls: 	at android.os.Looper.loop(Looper.java:148)
12-23 11:47:28.022  4889  5145 E AutoInstalls: 	at android.os.HandlerThread.run(HandlerThread.java:61)
12-23 11:47:28.023  4889  5145 E AutoInstalls: Unable to add favorite: com.google.android.youtube/com.google.android.youtube.app.honeycomb.Shell$HomeActivity
12-23 11:47:28.023  4889  5145 E AutoInstalls: android.content.pm.PackageManager$NameNotFoundException: ComponentInfo{com.google.android.youtube/com.google.android.youtube.app.honeycomb.Shell$HomeActivity}
12-23 11:47:28.023  4889  5145 E AutoInstalls: 	at android.app.ApplicationPackageManager.getActivityInfo(ApplicationPackageManager.java:343)
12-23 11:47:28.023  4889  5145 E AutoInstalls: 	at com.android.launcher3.AutoInstallsLayout$AppShortcutParser.parseAndAdd(AutoInstallsLayout.java:347)
12-23 11:47:28.023  4889  5145 E AutoInstalls: 	at com.android.launcher3.AutoInstallsLayout$FolderParser.parseAndAdd(AutoInstallsLayout.java:595)
12-23 11:47:28.023  4889  5145 E AutoInstalls: 	at com.android.launcher3.DefaultLayoutParser$MyFolderParser.parseAndAdd(DefaultLayoutParser.java:271)
12-23 11:47:28.023  4889  5145 E AutoInstalls: 	at com.android.launcher3.AutoInstallsLayout.parseAndAddNode(AutoInstallsLayout.java:272)
12-23 11:47:28.023  4889  5145 E AutoInstalls: 	at com.android.launcher3.AutoInstallsLayout.parseLayout(AutoInstallsLayout.java:217)
12-23 11:47:28.023  4889  5145 E AutoInstalls: 	at com.android.launcher3.AutoInstallsLayout.loadLayout(AutoInstallsLayout.java:193)
12-23 11:47:28.023  4889  5145 E AutoInstalls: 	at com.android.launcher3.LauncherProvider$DatabaseHelper.loadFavorites(LauncherProvider.java:1292)
12-23 11:47:28.023  4889  5145 E AutoInstalls: 	at com.android.launcher3.LauncherProvider.loadDefaultFavoritesIfNecessary(LauncherProvider.java:406)
12-23 11:47:28.023  4889  5145 E AutoInstalls: 	at com.android.launcher3.LauncherModel$LoaderTask.loadWorkspace(LauncherModel.java:1967)
12-23 11:47:28.023  4889  5145 E AutoInstalls: 	at com.android.launcher3.LauncherModel$LoaderTask.loadAndBindWorkspace(LauncherModel.java:1558)
12-23 11:47:28.023  4889  5145 E AutoInstalls: 	at com.android.launcher3.LauncherModel$LoaderTask.run(LauncherModel.java:1655)
12-23 11:47:28.023  4889  5145 E AutoInstalls: 	at android.os.Handler.handleCallback(Handler.java:739)
12-23 11:47:28.023  4889  5145 E AutoInstalls: 	at android.os.Handler.dispatchMessage(Handler.java:95)
12-23 11:47:28.023  4889  5145 E AutoInstalls: 	at android.os.Looper.loop(Looper.java:148)
12-23 11:47:28.023  4889  5145 E AutoInstalls: 	at android.os.HandlerThread.run(HandlerThread.java:61)
12-23 11:47:28.024  4889  5145 E AutoInstalls: Unable to add favorite: com.google.android.apps.docs/com.google.android.apps.docs.app.NewMainProxyActivity
12-23 11:47:28.024  4889  5145 E AutoInstalls: android.content.pm.PackageManager$NameNotFoundException: ComponentInfo{com.google.android.apps.docs/com.google.android.apps.docs.app.NewMainProxyActivity}
12-23 11:47:28.024  4889  5145 E AutoInstalls: 	at android.app.ApplicationPackageManager.getActivityInfo(ApplicationPackageManager.java:343)
12-23 11:47:28.024  4889  5145 E AutoInstalls: 	at com.android.launcher3.AutoInstallsLayout$AppShortcutParser.parseAndAdd(AutoInstallsLayout.java:347)
12-23 11:47:28.024  4889  5145 E AutoInstalls: 	at com.android.launcher3.AutoInstallsLayout$FolderParser.parseAndAdd(AutoInstallsLayout.java:595)
12-23 11:47:28.024  4889  5145 E AutoInstalls: 	at com.android.launcher3.DefaultLayoutParser$MyFolderParser.parseAndAdd(DefaultLayoutParser.java:271)
12-23 11:47:28.024  4889  5145 E AutoInstalls: 	at com.android.launcher3.AutoInstallsLayout.parseAndAddNode(AutoInstallsLayout.java:272)
12-23 11:47:28.024  4889  5145 E AutoInstalls: 	at com.android.launcher3.AutoInstallsLayout.parseLayout(AutoInstallsLayout.java:217)
12-23 11:47:28.024  4889  5145 E AutoInstalls: 	at com.android.launcher3.AutoInstallsLayout.loadLayout(AutoInstallsLayout.java:193)
12-23 11:47:28.024  4889  5145 E AutoInstalls: 	at com.android.launcher3.LauncherProvider$DatabaseHelper.loadFavorites(LauncherProvider.java:1292)
12-23 11:47:28.024  4889  5145 E AutoInstalls: 	at com.android.launcher3.LauncherProvider.loadDefaultFavoritesIfNecessary(LauncherProvider.java:406)
12-23 11:47:28.024  4889  5145 E AutoInstalls: 	at com.android.launcher3.LauncherModel$LoaderTask.loadWorkspace(LauncherModel.java:1967)
12-23 11:47:28.024  4889  5145 E AutoInstalls: 	at com.android.launcher3.LauncherModel$LoaderTask.loadAndBindWorkspace(LauncherModel.java:1558)
12-23 11:47:28.024  4889  5145 E AutoInstalls: 	at com.android.launcher3.LauncherModel$LoaderTask.run(LauncherModel.java:1655)
12-23 11:47:28.024  4889  5145 E AutoInstalls: 	at android.os.Handler.handleCallback(Handler.java:739)
