12-20 03:30:11.420  2946  3003 D vold    : Remounting 1001 as mode none
12-20 03:30:11.423  2946  3003 D vold    : Found matching PID 3058
12-20 03:30:11.423  2946  3003 W vold    : Skipping due to root namespace
12-20 03:30:11.423  2946  3003 D vold    : Found matching PID 3063
12-20 03:30:11.423  2946  3003 W vold    : Skipping due to root namespace
12-20 03:30:11.423  3361  3624 D VoldConnector: RCV <- {200 3 Command succeeded}
12-20 03:30:11.424  3361  3361 D VoldConnector: SND -> {4 volume remount_uid 1001 none}
12-20 03:30:11.424  2946  3003 D vold    : Remounting 1001 as mode none
12-20 03:30:11.426  2946  3003 D vold    : Found matching PID 3058
12-20 03:30:11.426  2946  3003 W vold    : Skipping due to root namespace
12-20 03:30:11.426  2946  3003 D vold    : Found matching PID 3063
12-20 03:30:11.427  2946  3003 W vold    : Skipping due to root namespace
12-20 03:30:11.427  3361  3624 D VoldConnector: RCV <- {200 4 Command succeeded}
12-20 03:30:11.427  3361  3361 D VoldConnector: SND -> {5 volume remount_uid 1000 none}
12-20 03:30:11.427  2946  3003 D vold    : Remounting 1000 as mode none
12-20 03:30:11.430  2946  3003 D vold    : Found matching PID 3026
12-20 03:30:11.430  2946  3003 W vold    : Skipping due to root namespace
12-20 03:30:11.430  2946  3003 D vold    : Found matching PID 3027
12-20 03:30:11.430  2946  3003 W vold    : Skipping due to root namespace
12-20 03:30:11.430  2946  3003 D vold    : Found matching PID 3029
12-20 03:30:11.430  2946  3003 W vold    : Skipping due to root namespace
12-20 03:30:11.430  2946  3003 D vold    : Found matching PID 3069
12-20 03:30:11.430  2946  3003 W vold    : Skipping due to root namespace
12-20 03:30:11.430  2946  3003 D vold    : Found matching PID 3071
12-20 03:30:11.430  2946  3003 W vold    : Skipping due to root namespace
12-20 03:30:11.430  2946  3003 D vold    : Found matching PID 3084
12-20 03:30:11.430  2946  3003 W vold    : Skipping due to root namespace
12-20 03:30:11.430  2946  3003 D vold    : Found matching PID 3361
12-20 03:30:11.432  3361  3624 D VoldConnector: RCV <- {200 5 Command succeeded}
12-20 03:30:11.432  3361  3361 D VoldConnector: SND -> {6 volume remount_uid 1000 none}
12-20 03:30:11.433  2946  3003 D vold    : Remounting 1000 as mode none
12-20 03:30:11.435  2946  3003 D vold    : Found matching PID 3026
12-20 03:30:11.435  2946  3003 W vold    : Skipping due to root namespace
12-20 03:30:11.435  2946  3003 D vold    : Found matching PID 3027
12-20 03:30:11.435  2946  3003 W vold    : Skipping due to root namespace
12-20 03:30:11.435  2946  3003 D vold    : Found matching PID 3029
12-20 03:30:11.435  2946  3003 W vold    : Skipping due to root namespace
12-20 03:30:11.435  2946  3003 D vold    : Found matching PID 3069
12-20 03:30:11.435  2946  3003 W vold    : Skipping due to root namespace
12-20 03:30:11.435  2946  3003 D vold    : Found matching PID 3071
12-20 03:30:11.436  2946  3003 W vold    : Skipping due to root namespace
12-20 03:30:11.436  2946  3003 D vold    : Found matching PID 3084
12-20 03:30:11.436  2946  3003 W vold    : Skipping due to root namespace
12-20 03:30:11.436  2946  3003 D vold    : Found matching PID 3361
12-20 03:30:11.437  3361  3624 D VoldConnector: RCV <- {200 6 Command succeeded}
12-20 03:30:11.438  3361  3361 D VoldConnector: SND -> {7 volume remount_uid 2000 none}
12-20 03:30:11.438  2946  3003 D vold    : Remounting 2000 as mode none
12-20 03:30:11.441  3361  3624 D VoldConnector: RCV <- {200 7 Command succeeded}
12-20 03:30:11.441  3361  3361 D VoldConnector: SND -> {8 volume remount_uid 2000 none}
12-20 03:30:11.441  2946  3003 D vold    : Remounting 2000 as mode none
12-20 03:30:11.444  3361  3624 D VoldConnector: RCV <- {200 8 Command succeeded}
12-20 03:30:11.444  3361  3361 D VoldConnector: SND -> {9 volume remount_uid 10024 none}
12-20 03:30:11.444  2946  3003 D vold    : Remounting 10024 as mode none
12-20 03:30:11.447  3361  3624 D VoldConnector: RCV <- {200 9 Command succeeded}
12-20 03:30:11.447  3361  3361 D VoldConnector: SND -> {10 volume remount_uid 10024 none}
12-20 03:30:11.447  2946  3003 D vold    : Remounting 10024 as mode none
12-20 03:30:11.450  3361  3624 D VoldConnector: RCV <- {200 10 Command succeeded}
12-20 03:30:11.450  3361  3361 D VoldConnector: SND -> {11 volume remount_uid 1002 none}
12-20 03:30:11.451  2946  3003 D vold    : Remounting 1002 as mode none
12-20 03:30:11.453  3361  3624 D VoldConnector: RCV <- {200 11 Command succeeded}
12-20 03:30:11.453  3361  3361 D VoldConnector: SND -> {12 volume remount_uid 1002 none}
12-20 03:30:11.454  2946  3003 D vold    : Remounting 1002 as mode none
12-20 03:30:11.456  3361  3624 D VoldConnector: RCV <- {200 12 Command succeeded}
12-20 03:30:11.457  3361  3361 I DefaultPermGrantPolicy: Granting permissions to default platform handlers for user 0
12-20 03:30:11.463  3361  3361 D VoldConnector: SND -> {13 volume remount_uid 10017 none}
12-20 03:30:11.463  2946  3003 D vold    : Remounting 10017 as mode none
12-20 03:30:11.466  3361  3624 D VoldConnector: RCV <- {200 13 Command succeeded}
12-20 03:30:11.467  3361  3361 D VoldConnector: SND -> {14 volume remount_uid 10021 none}
12-20 03:30:11.468  2946  3003 D vold    : Remounting 10021 as mode none
12-20 03:30:11.471  3361  3624 D VoldConnector: RCV <- {200 14 Command succeeded}
12-20 03:30:11.471  3361  3361 D VoldConnector: SND -> {15 volume remount_uid 10021 none}
12-20 03:30:11.471  2946  3003 D vold    : Remounting 10021 as mode none
12-20 03:30:11.474  3361  3624 D VoldConnector: RCV <- {200 15 Command succeeded}
12-20 03:30:11.474  3361  3361 D VoldConnector: SND -> {16 volume remount_uid 10010 none}
12-20 03:30:11.474  2946  3003 D vold    : Remounting 10010 as mode none
12-20 03:30:11.477  3361  3624 D VoldConnector: RCV <- {200 16 Command succeeded}
12-20 03:30:11.477  3361  3361 D VoldConnector: SND -> {17 volume remount_uid 10010 none}
12-20 03:30:11.477  2946  3003 D vold    : Remounting 10010 as mode none
12-20 03:30:11.480  3361  3624 D VoldConnector: RCV <- {200 17 Command succeeded}
12-20 03:30:11.480  3361  3361 D VoldConnector: SND -> {18 volume remount_uid 10008 none}
12-20 03:30:11.480  2946  3003 D vold    : Remounting 10008 as mode none
12-20 03:30:11.484  3361  3624 D VoldConnector: RCV <- {200 18 Command succeeded}
12-20 03:30:11.484  3361  3361 D VoldConnector: SND -> {19 volume remount_uid 10008 none}
12-20 03:30:11.484  2946  3003 D vold    : Remounting 10008 as mode none
12-20 03:30:11.487  3361  3624 D VoldConnector: RCV <- {200 19 Command succeeded}
12-20 03:30:11.488  3361  3361 D VoldConnector: SND -> {20 volume remount_uid 10001 none}
12-20 03:30:11.488  2946  3003 D vold    : Remounting 10001 as mode none
12-20 03:30:11.491  3361  3624 D VoldConnector: RCV <- {200 20 Command succeeded}
12-20 03:30:11.491  3361  3361 D VoldConnector: SND -> {21 volume remount_uid 10001 none}
12-20 03:30:11.491  2946  3003 D vold    : Remounting 10001 as mode none
12-20 03:30:11.494  3361  3624 D VoldConnector: RCV <- {200 21 Command succeeded}
12-20 03:30:11.496  3361  3361 D VoldConnector: SND -> {22 volume remount_uid 10071 none}
12-20 03:30:11.496  2946  3003 D vold    : Remounting 10071 as mode none
12-20 03:30:11.499  3361  3624 D VoldConnector: RCV <- {200 22 Command succeeded}
12-20 03:30:11.499  3361  3361 D VoldConnector: SND -> {23 volume remount_uid 10071 none}
12-20 03:30:11.500  2946  3003 D vold    : Remounting 10071 as mode none
12-20 03:30:11.502  3361  3624 D VoldConnector: RCV <- {200 23 Command succeeded}
12-20 03:30:11.503  3361  3361 D VoldConnector: SND -> {24 volume remount_uid 10043 none}
12-20 03:30:11.503  2946  3003 D vold    : Remounting 10043 as mode none
12-20 03:30:11.506  3361  3624 D VoldConnector: RCV <- {200 24 Command succeeded}
12-20 03:30:11.506  3361  3361 D VoldConnector: SND -> {25 volume remount_uid 10043 none}
12-20 03:30:11.506  2946  3003 D vold    : Remounting 10043 as mode none
12-20 03:30:11.509  3361  3624 D VoldConnector: RCV <- {200 25 Command succeeded}
12-20 03:30:11.516  3361  3361 I ActivityManager: Pre-boot of {com.google.android.gsf/com.google.android.gsf.loginservice.MigrateToAccountManagerBroadcastReceiver} for user 0
12-20 03:30:11.517  3361  3361 I SystemServer: Enabled StrictMode for system server main thread.
12-20 03:30:11.528  3361  3394 I Zygote  : Process: zygote socket opened, supported ABIS: arm64-v8a,armeabi
12-20 03:30:11.539  3361  3394 I ActivityManager: Start proc 3812:com.google.process.gapps/u0a71 for broadcast com.google.android.gsf/.loginservice.MigrateToAccountManagerBroadcastReceiver
12-20 03:30:11.544  3361  3361 D RttService: SCAN_AVAILABLE : 1
12-20 03:30:11.544  3361  3792 D RttService: DefaultState got{ when=0 what=160513 target=com.android.internal.util.StateMachine$SmHandler }
12-20 03:30:11.547  3361  3380 I ActivityManager: Launching preboot mode app: ProcessRecord{c9c99dc 3812:com.google.process.gapps/u0a71}
12-20 03:30:11.553  3361  3361 V BackupManagerService: Connected to transport ComponentInfo{android/com.android.internal.backup.LocalTransportService}
12-20 03:30:11.554  3361  3361 V BackupManagerService: Registering transport android/com.android.internal.backup.LocalTransportService::android/com.android.internal.backup.LocalTransport = android.app.backup.BackupTransport$TransportImpl@1b6bae5
12-20 03:30:11.561  3812  3812 W System  : ClassLoader referenced unknown path: /system/priv-app/GoogleServicesFramework/lib/arm64
12-20 03:30:11.564  3812  3812 D GoogleLoginService: no legacy android id exists to migrate
12-20 03:30:11.564  3812  3812 D GoogleLoginService: skipping migration because /data/user/0/com.google.android.gsf/databases/accounts.db doesn't exist
12-20 03:30:11.564  3812  3812 D GoogleLoginService: disabling the migration script since the migration is complete
12-20 03:30:11.566  3361  3381 I ActivityManager: Pre-boot of {com.google.android.googlequicksearchbox/com.google.android.apps.gsa.googlequicksearchbox.GelStubAppWatcher} for user 0
12-20 03:30:11.578  3361  3381 I ActivityManager: Start proc 3833:com.google.android.googlequicksearchbox:search/u0a77 for broadcast com.google.android.googlequicksearchbox/com.google.android.apps.gsa.googlequicksearchbox.GelStubAppWatcher
12-20 03:30:11.585  3361  3381 I ActivityManager: Launching preboot mode app: ProcessRecord{326806b 3833:com.google.android.googlequicksearchbox:search/u0a77}
12-20 03:30:11.604  3833  3833 W System  : ClassLoader referenced unknown path: /system/priv-app/Velvet/lib/arm64
12-20 03:30:11.628  3361  3394 I AppOps  : Pruning old package com.android.onetimeinitializer/com.android.server.AppOpsService$UidState@4777c8: new uid=-1
12-20 03:30:11.628  3361  3394 I ActivityManager: Removing system update proc: ProcessRecord{c9c99dc 3812:com.google.process.gapps/u0a71}
12-20 03:30:11.628  3361  3394 I ActivityManager: Killing 3812:com.google.process.gapps/u0a71 (adj 11): system update done
12-20 03:30:11.639  3361  3394 D ActivityManager: cleanUpApplicationRecord -- 3812
12-20 03:30:11.639  3361  3394 I ActivityManager: Removing system update proc: ProcessRecord{326806b 3833:com.google.android.googlequicksearchbox:search/u0a77}
12-20 03:30:11.639  3361  3394 I ActivityManager: Killing 3833:com.google.android.googlequicksearchbox:search/u0a77 (adj 9): system update done
12-20 03:30:11.650  3361  3394 D ActivityManager: cleanUpApplicationRecord -- 3833
12-20 03:30:11.650  3361  3394 I ActivityManager: System now ready
12-20 03:30:11.650  3361  3381 W ActivityManager: Spurious death for ProcessRecord{c9c99dc 0:com.google.process.gapps/u0a71}, curProc for 3812: null
12-20 03:30:11.650  3361  3831 W ActivityManager: Spurious death for ProcessRecord{326806b 0:com.google.android.googlequicksearchbox:search/u0a77}, curProc for 3833: null
12-20 03:30:11.652  3361  3394 I SystemServer: Making services ready
12-20 03:30:11.652  3361  3394 I SystemServiceManager: Starting phase 550
12-20 03:30:11.653  3361  3623 D MountService: Thinking about reset, mSystemReady=true, mDaemonConnected=true
12-20 03:30:11.653  3361  3623 D VoldConnector: SND -> {26 volume reset}
12-20 03:30:11.653  3361  3394 D UsbAlsaManager: Adding ALSA device AlsaDevice: [card: 0, device: 9, type: 1]
12-20 03:30:11.653  3361  3394 D UsbAlsaManager: Adding ALSA device AlsaDevice: [card: 0, device: 8, type: 1]
12-20 03:30:11.653  3361  3394 D UsbAlsaManager: Adding ALSA device AlsaDevice: [card: 0, device: 7, type: 1]
12-20 03:30:11.653  3361  3394 D UsbAlsaManager: Adding ALSA device AlsaDevice: [card: 0, device: 6, type: 1]
12-20 03:30:11.653  3361  3624 D VoldConnector: RCV <- {651 emulated 7}
12-20 03:30:11.653  3361  3394 D UsbAlsaManager: Adding ALSA device AlsaDevice: [card: 0, device: 3, type: 1]
12-20 03:30:11.653  3361  3394 D UsbAlsaManager: Adding ALSA device AlsaDevice: [card: 0, device: 2, type: 1]
12-20 03:30:11.653  3361  3394 D UsbAlsaManager: Adding ALSA device AlsaDevice: [card: 0, device: 1, type: 1]
12-20 03:30:11.653  3361  3394 D UsbAlsaManager: Adding ALSA device AlsaDevice: [card: 0, device: 2, type: 2]
12-20 03:30:11.653  3361  3394 D UsbAlsaManager: Adding ALSA device AlsaDevice: [card: 0, device: 0, type: 1]
12-20 03:30:11.653  3361  3394 D UsbAlsaManager: Adding ALSA device AlsaDevice: [card: 0, device: 1, type: 2]
12-20 03:30:11.653  3361  3394 D UsbAlsaManager: Adding ALSA device AlsaDevice: [card: 0, device: 0, type: 2]
12-20 03:30:11.653  2946  3003 V vold    : /system/bin/sgdisk
12-20 03:30:11.653  2946  3003 V vold    :     --android-dump
12-20 03:30:11.653  2946  3003 V vold    :     /dev/block/vold/disk:179_0
12-20 03:30:11.653  3361  3624 D VoldConnector: RCV <- {659 emulated}
12-20 03:30:11.654  3361  3624 D VoldConnector: RCV <- {650 emulated 2 "" ""}
12-20 03:30:11.654  3361  3361 W System  : ClassLoader referenced unknown path: /system/priv-app/Telecom/lib/arm64
12-20 03:30:11.654  3361  3624 D VoldConnector: RCV <- {654 emulated emulated}
12-20 03:30:11.654  3361  3624 D VoldConnector: RCV <- {651 emulated 0}
12-20 03:30:11.654  3361  3624 D VoldConnector: RCV <- {651 public:179_1 7}
12-20 03:30:11.654  3361  3624 D VoldConnector: RCV <- {659 public:179_1}
12-20 03:30:11.654  3361  3624 D VoldConnector: RCV <- {649 disk:179_0}
12-20 03:30:11.654  3361  3624 D VoldConnector: RCV <- {640 disk:179_0 4}
12-20 03:30:11.654  3361  3624 D VoldConnector: RCV <- {641 disk:179_0 1967128576}
12-20 03:30:11.654  3361  3624 D VoldConnector: RCV <- {642 disk:179_0 Samsung}
12-20 03:30:11.655  3361  3624 D VoldConnector: RCV <- {644 disk:179_0 /sys//devices/15740000.dwmmc2/mmc_host/mmc0/mmc0:0002/block/mmcblk0}
12-20 03:30:11.663  2946  3003 V vold    : DISK mbr
12-20 03:30:11.663  2946  3003 V vold    : PART 1 e
12-20 03:30:11.664  3361  3624 D VoldConnector: RCV <- {650 public:179_1 0 "disk:179_0" ""}
12-20 03:30:11.664  3361  3624 D VoldConnector: RCV <- {654 public:179_1 sdcard}
12-20 03:30:11.664  3361  3624 D VoldConnector: RCV <- {651 public:179_1 0}
12-20 03:30:11.664  3361  3624 D VoldConnector: RCV <- {643 disk:179_0}
12-20 03:30:11.664  3361  3624 D VoldConnector: RCV <- {200 26 Command succeeded}
12-20 03:30:11.664  3361  3623 D VoldConnector: SND -> {27 volume user_added 0 0}
12-20 03:30:11.665  3361  3624 D VoldConnector: RCV <- {200 27 Command succeeded}
12-20 03:30:11.665  3361  3394 W MountService: No primary storage defined yet; hacking together a stub
12-20 03:30:11.665  3361  3396 V MountService: Found primary storage at VolumeInfo{emulated}:
12-20 03:30:11.665  3361  3396 V MountService:     type=EMULATED diskId=null partGuid=null mountFlags=0 mountUserId=-1 
12-20 03:30:11.665  3361  3396 V MountService:     state=UNMOUNTED 
12-20 03:30:11.665  3361  3396 V MountService:     fsType=null fsUuid=null fsLabel=null 
12-20 03:30:11.665  3361  3396 V MountService:     path=null internalPath=null 
12-20 03:30:11.666  3361  3623 D VoldConnector: SND -> {28 volume mount emulated 3 -1}
12-20 03:30:11.666  3361  3624 D VoldConnector: RCV <- {651 emulated 1}
12-20 03:30:11.666  3361  3624 D VoldConnector: RCV <- {656 emulated /data/media}
12-20 03:30:11.667  3361  3624 D VoldConnector: RCV <- {655 emulated /storage/emulated}
12-20 03:30:11.667  2946  3003 V vold    : Waiting for FUSE to spin up...
12-20 03:30:11.676  3361  3394 I ActivityManager: Start proc 3851:com.android.systemui/u0a24 for service com.android.systemui/.keyguard.KeyguardService
12-20 03:30:11.676  3361  3394 I BrokerableCMSystemService: Connecting to implementation
12-20 03:30:11.677  3361  3394 W ContextImpl: Calling a method in the system process without a qualified user: android.app.ContextImpl.bindService:1295 org.cyanogenmod.platform.internal.BrokerableCMSystemService.tryConnecting:199 org.cyanogenmod.platform.internal.ThemeManagerServiceBroker.onBootPhase:270 com.android.server.SystemServiceManager.startBootPhase:135 com.android.server.SystemServer$2.run:1180 
12-20 03:30:11.687  3361  3394 I ActivityManager: Start proc 3870:org.cyanogenmod.themeservice/u0a20 for service org.cyanogenmod.themeservice/.ThemeManagerService
12-20 03:30:11.688  3361  3394 I SystemServer: WebViewFactory preparation
12-20 03:30:11.692  3361  3410 D BluetoothManagerService: Message: 20
12-20 03:30:11.692  3361  3410 D BluetoothManagerService: Added callback: android.bluetooth.BluetoothAdapter$1@74e6341:true
12-20 03:30:11.693  3361  3410 D BluetoothManagerService: Message: 30
12-20 03:30:11.701  3361  3394 I Zygote  : Process: zygote socket opened, supported ABIS: armeabi-v7a,armeabi
12-20 03:30:11.702  3068  3068 I art     : Starting a blocking GC Background
12-20 03:30:11.718  3361  3624 D VoldConnector: RCV <- {651 emulated 2}
12-20 03:30:11.718  3361  3624 D VoldConnector: RCV <- {200 28 Command succeeded}
12-20 03:30:11.731  3361  3394 I ActivityManager: Start proc 3884:WebViewLoader-armeabi-v7a/1037 [android.webkit.WebViewFactory$RelroFileCreator] for 
12-20 03:30:11.738  3884  3884 V WebViewFactory: RelroFileCreator (64bit = false),  32-bit lib: /system/app/webview/webview.apk!/lib/armeabi-v7a/libwebviewchromium.so, 64-bit lib: /system/app/webview/webview.apk!/lib/arm64-v8a/libwebviewchromium.so
12-20 03:30:11.742  3361  3394 I ActivityManager: Start proc 3896:WebViewLoader-arm64-v8a/1037 [android.webkit.WebViewFactory$RelroFileCreator] for 
12-20 03:30:11.745  3361  3623 D VoldConnector: SND -> {29 volume mount public:179_1 0 0}
12-20 03:30:11.745  3896  3896 V WebViewFactory: RelroFileCreator (64bit = true),  32-bit lib: /system/app/webview/webview.apk!/lib/armeabi-v7a/libwebviewchromium.so, 64-bit lib: /system/app/webview/webview.apk!/lib/arm64-v8a/libwebviewchromium.so
12-20 03:30:11.745  2946  3003 V vold    : /system/bin/blkid
12-20 03:30:11.745  2946  3003 V vold    :     -c
12-20 03:30:11.745  2946  3003 V vold    :     /dev/null
12-20 03:30:11.745  2946  3003 V vold    :     -s
12-20 03:30:11.745  2946  3003 V vold    :     TYPE
12-20 03:30:11.745  2946  3003 V vold    :     -s
12-20 03:30:11.745  2946  3003 V vold    :     UUID
12-20 03:30:11.745  2946  3003 V vold    :     -s
12-20 03:30:11.745  2946  3003 V vold    :     LABEL
12-20 03:30:11.745  2946  3003 V vold    :     /dev/block/vold/public:179_1
12-20 03:30:11.748  3361  3394 D NetworkManagement: enabling bandwidth control
12-20 03:30:11.750  3361  3624 D VoldConnector: RCV <- {651 public:179_1 1}
12-20 03:30:11.758  3361  3361 I Telecom : ViceNotificationImpl: ViceNotificationImpl
12-20 03:30:11.763  3851  3851 W System  : ClassLoader referenced unknown path: /system/priv-app/SystemUI/lib/arm64
12-20 03:30:11.768  3026  3026 E SELinux : avc:  denied  { find } for service=network_management scontext=u:r:themeservice_app:s0 tcontext=u:object_r:network_management_service:s0 tclass=service_manager
12-20 03:30:11.759  2953  2953 W auditd  : type=1325 audit(0.0:162): table=filter family=2 entries=52
12-20 03:30:11.759  2953  2953 W auditd  : type=1320 audit(0.0:162): 
12-20 03:30:11.772  3870  3870 W System  : ClassLoader referenced unknown path: /system/priv-app/ThemeManagerService/lib/arm64
12-20 03:30:11.772  3884  3884 I art     : System.exit called, status: 0
12-20 03:30:11.772  3884  3884 I AndroidRuntime: VM exiting with result code 0, cleanup skipped.
12-20 03:30:11.775  3870  3870 I ThemeManagerService: Spawned worker thread
12-20 03:30:11.776  3361  3913 I ActivityManager: Start proc 3915:android.process.acore/u0a5 for content provider com.android.providers.contacts/.CallLogProvider
12-20 03:30:11.778  3361  3410 D BluetoothManagerService: Message: 30
12-20 03:30:11.780  3361  3361 I Telecom : Class: TelecomSystem.INSTANCE being set
12-20 03:30:11.780  3361  3361 W ContextImpl: Calling a method in the system process without a qualified user: android.app.ContextImpl.startService:1231 android.content.ContextWrapper.startService:587 com.android.server.telecom.components.TelecomService.initializeTelecomSystem:141 com.android.server.telecom.components.TelecomService.onBind:69 android.app.ActivityThread.handleBindService:2938 
12-20 03:30:11.784  3851  3851 V SystemUIService: Starting SystemUI services.
12-20 03:30:11.769  2953  2953 W auditd  : type=1325 audit(0.0:163): table=filter family=10 entries=55
12-20 03:30:11.769  2953  2953 W auditd  : type=1320 audit(0.0:163): 
12-20 03:30:11.793  2946  3003 V vold    : /dev/block/vold/public:179_1: LABEL="HDDREG" UUID="067B-1A2C" TYPE="vfat" 
12-20 03:30:11.794  3361  3624 D VoldConnector: RCV <- {652 public:179_1 vfat}
12-20 03:30:11.794  3361  3624 D VoldConnector: RCV <- {653 public:179_1 067B-1A2C}
12-20 03:30:11.794  2946  3003 V vold    : /system/bin/fsck_msdos
12-20 03:30:11.794  2946  3003 V vold    :     -p
12-20 03:30:11.794  2946  3003 V vold    :     -f
12-20 03:30:11.794  2946  3003 V vold    :     /dev/block/vold/public:179_1
12-20 03:30:11.794  3361  3624 D VoldConnector: RCV <- {654 public:179_1 HDDREG}
12-20 03:30:11.794  3361  3624 D VoldConnector: RCV <- {656 public:179_1 /mnt/media_rw/067B-1A2C}
12-20 03:30:11.795  3361  3624 D VoldConnector: RCV <- {655 public:179_1 /mnt/media_rw/067B-1A2C}
12-20 03:30:11.779  2953  2953 W auditd  : type=1325 audit(0.0:164): table=filter family=2 entries=51
12-20 03:30:11.779  2953  2953 W auditd  : type=1320 audit(0.0:164): 
12-20 03:30:11.801  3361  3361 I DefaultPermGrantPolicy: Granting permissions to default sms app for user:0
12-20 03:30:11.802  3361  3361 I DefaultPermGrantPolicy: Granting permissions to default dialer app for user:0
12-20 03:30:11.789  2953  2953 W auditd  : type=1325 audit(0.0:165): table=filter family=10 entries=54
12-20 03:30:11.789  2953  2953 W auditd  : type=1320 audit(0.0:165): 
12-20 03:30:11.805  3361  3361 I Telecom : PhoneAccountRegistrar: SimCallManager queried, returning: null
12-20 03:30:11.805  3870  3870 D ThemeManagerService: Prev api level was: 23, api is now: 23
12-20 03:30:11.810  2946  3003 I fsck_msdos: ** /dev/block/vold/public:179_1
12-20 03:30:11.799  2953  2953 W auditd  : type=1325 audit(0.0:166): table=filter family=2 entries=50
12-20 03:30:11.799  2953  2953 W auditd  : type=1320 audit(0.0:166): 
12-20 03:30:11.811  3937  3937 D fsck_msdos: sectors Per cluster :64 
12-20 03:30:11.811  3937  3937 D fsck_msdos: boot->ClusterOffset :397 
12-20 03:30:11.811  3937  3937 I fsck_msdos: FAT16 Fielsystem
12-20 03:30:11.811  3937  3937 D fsck_msdos: Using cluster_chain_descriptor
12-20 03:30:11.811  3937  3937 I fsck_msdos: Total clusters 59929 
12-20 03:30:11.811  2946  3003 I fsck_msdos: ** Phase 1 - Read and Compare FATs
12-20 03:30:11.811  2946  3003 I fsck_msdos: Attempting to allocate 123 KB for FAT
12-20 03:30:11.799  2953  2953 W auditd  : type=1325 audit(0.0:167): table=filter family=10 entries=53
12-20 03:30:11.799  2953  2953 W auditd  : type=1320 audit(0.0:167): 
12-20 03:30:11.818  3361  3771 D WifiController: DEFERRED_TOGGLE handled
12-20 03:30:11.819  3361  3770 E WifiMonitor: killSupplicant p2ptrue init.svc.wpa_supplicant=unknown init.svc.p2p_supplicant=unknown
12-20 03:30:11.809  2953  2953 W auditd  : type=1325 audit(0.0:168): table=filter family=2 entries=50
12-20 03:30:11.809  2953  2953 W auditd  : type=1320 audit(0.0:168): 
12-20 03:30:11.822  2946  3003 I fsck_msdos: Attempting to allocate 123 KB for FAT
12-20 03:30:11.819  2953  2953 W auditd  : type=1325 audit(0.0:169): table=filter family=10 entries=53
12-20 03:30:11.819  2953  2953 W auditd  : type=1320 audit(0.0:169): 
12-20 03:30:11.830  3896  3896 I art     : System.exit called, status: 0
12-20 03:30:11.830  3896  3896 I AndroidRuntime: VM exiting with result code 0, cleanup skipped.
12-20 03:30:11.833  3915  3915 W System  : ClassLoader referenced unknown path: /system/priv-app/ContactsProvider/lib/arm64
12-20 03:30:11.833  3361  3777 D NotificationSQLiteLog: Pruned event entries: 0
12-20 03:30:11.833  3937  3937 I fsck_msdos: Begin to compare FAT
12-20 03:30:11.834  3937  3937 I fsck_msdos: ** Phase 2 - Check Cluster Chains 
12-20 03:30:11.834  3937  3937 I fsck_msdos: Begin to handle the cluster chain
12-20 03:30:11.819  2953  2953 W auditd  : type=1325 audit(0.0:170): table=filter family=2 entries=50
12-20 03:30:11.835  3937  3937 D fsck_msdos: rootDir->head :0
12-20 03:30:11.835  2946  3003 I fsck_msdos: ** Phase 3 - Checking Directories
12-20 03:30:11.819  2953  2953 W auditd  : type=1320 audit(0.0:170): 
12-20 03:30:11.837  3361  3361 I BrokerableCMSystemService: Implementation service connected
12-20 03:30:11.837  3361  3361 I BrokerableCMSystemService: Notifying service connected
12-20 03:30:11.829  2953  2953 W auditd  : type=1325 audit(0.0:171): table=filter family=10 entries=53
12-20 03:30:11.829  2953  2953 W auditd  : type=1320 audit(0.0:171): 
12-20 03:30:11.851  3937  3937 D fsck_msdos: Verify Filesystem information
12-20 03:30:11.851  3937  3937 W fsck_msdos: 26 files, 1915936 free (59873 clusters)
12-20 03:30:11.851  3937  3937 I fsck_msdos: free_rb_tree 
12-20 03:30:11.851  3937  3937 I fsck_msdos: free_fragment_tree
12-20 03:30:11.851  3937  3937 I fsck_msdos: free_fragment_tree
12-20 03:30:11.851  3937  3937 I fsck_msdos: free_fragment_tree: rb_tree is empty 
12-20 03:30:11.839  2953  2953 W auditd  : type=1325 audit(0.0:172): table=filter family=2 entries=50
12-20 03:30:11.839  2953  2953 W auditd  : type=1320 audit(0.0:172): 
12-20 03:30:11.851  2946  3003 I fsck_msdos: ** Phase 4 - Checking for Lost Files
12-20 03:30:11.852  2946  3003 I Vold    : Filesystem check completed OK
12-20 03:30:11.849  2953  2953 W auditd  : type=1325 audit(0.0:173): table=filter family=10 entries=53
12-20 03:30:11.849  2953  2953 W auditd  : type=1320 audit(0.0:173): 
12-20 03:30:11.862  3061  3061 D installd: aapt source_apk=/system/app/HexoLibre/HexoLibre.apk internal_path=assets/overlays/common/ out_restable=/data/resource-cache/org.cyanogenmod.hexolibre/common uid=50062, pkgId=95,min_sdk_version=23,            app_res_path=/system/framework/framework-res.apk, common_res_path=
12-20 03:30:11.865  3851  3949 E WVMExtractor: Failed to open libwvm.so: dlopen failed: library "libwvm.so" not found
12-20 03:30:11.849  2953  2953 W auditd  : type=1325 audit(0.0:174): table=raw family=2 entries=10
12-20 03:30:11.849  2953  2953 W auditd  : type=1320 audit(0.0:174): 
12-20 03:30:11.866  3361  3624 D VoldConnector: RCV <- {651 public:179_1 2}
12-20 03:30:11.866  3361  3624 D VoldConnector: RCV <- {200 29 Command succeeded}
12-20 03:30:11.873  3915  3915 W System  : ClassLoader referenced unknown path: /system/app/UserDictionaryProvider/lib/arm64
12-20 03:30:11.880  3060  3060 I EXYNOS_COMP_REGS: Loading the library: libOMX.Exynos.AVC.Decoder.so
12-20 03:30:11.869  2953  2953 W auditd  : type=1325 audit(0.0:175): table=raw family=10 entries=10
12-20 03:30:11.869  2953  2953 W auditd  : type=1320 audit(0.0:175): 
12-20 03:30:11.882  3060  3060 I EXYNOS_COMP_REGS: Loading the library: libOMX.Exynos.AVC.Encoder.so
12-20 03:30:11.884  3060  3060 I EXYNOS_COMP_REGS: Loading the library: libOMX.Exynos.HEVC.Decoder.so
12-20 03:30:11.887  3060  3060 I EXYNOS_COMP_REGS: Loading the library: libOMX.Exynos.HEVC.Encoder.so
12-20 03:30:11.879  2953  2953 W auditd  : type=1325 audit(0.0:176): table=mangle family=2 entries=17
12-20 03:30:11.879  2953  2953 W auditd  : type=1320 audit(0.0:176): 
12-20 03:30:11.889  3060  3060 I EXYNOS_COMP_REGS: Loading the library: libOMX.Exynos.MPEG4.Decoder.so
12-20 03:30:11.891  3060  3060 I EXYNOS_COMP_REGS: Loading the library: libOMX.Exynos.MPEG4.Encoder.so
12-20 03:30:11.879  2953  2953 W auditd  : type=1325 audit(0.0:177): table=mangle family=10 entries=13
12-20 03:30:11.879  2953  2953 W auditd  : type=1320 audit(0.0:177): 
12-20 03:30:11.894  3060  3060 I EXYNOS_COMP_REGS: Loading the library: libOMX.Exynos.VP8.Decoder.so
12-20 03:30:11.896  3060  3060 I EXYNOS_COMP_REGS: Loading the library: libOMX.Exynos.VP8.Encoder.so
12-20 03:30:11.899  3060  3060 I EXYNOS_COMP_REGS: Loading the library: libOMX.Exynos.VP9.Decoder.so
12-20 03:30:11.900  3060  3060 I EXYNOS_COMP_REGS: Loading the library: libOMX.Exynos.VP9.Encoder.so
12-20 03:30:11.889  2953  2953 W auditd  : type=1325 audit(0.0:178): table=filter family=2 entries=49
12-20 03:30:11.889  2953  2953 W auditd  : type=1320 audit(0.0:178): 
12-20 03:30:11.902  3060  3060 I EXYNOS_COMP_REGS: Loading the library: libOMX.Exynos.WMV.Decoder.so
12-20 03:30:11.907  3061  3061 D installd: aapt source_apk=/system/app/HexoLibre/HexoLibre.apk internal_path=assets/overlays/com.google.android.tts/ out_restable=/data/resource-cache/org.cyanogenmod.hexolibre/com.google.android.tts uid=50062, pkgId=97,min_sdk_version=23,            app_res_path=/system/app/GoogleTTS/GoogleTTS.apk, common_res_path=/data/resource-cache/org.cyanogenmod.hexolibre/common/resources.apk
12-20 03:30:11.922  3060  3060 D libexynosv4l2: try node: /dev/video6
12-20 03:30:11.922  3060  3060 I libexynosv4l2: node found for device s5p-mfc-dec: /dev/video6
12-20 03:30:11.931  3061  3061 D installd: idmap target_apk=/system/app/GoogleTTS/GoogleTTS.apk overlay_apk=/system/app/HexoLibre/HexoLibre.apk cache_path=/data/resource-cache/org.cyanogenmod.hexolibre/com.google.android.tts uid=50081
12-20 03:30:11.937  3060  3060 I libexynosv4l2: open video device /dev/video6
12-20 03:30:11.937  3060  3060 W ACodec  : do not know color format 0x7f000012 = 2130706450
12-20 03:30:11.937  3060  3060 W ACodec  : do not know color format 0x7f000011 = 2130706449
12-20 03:30:11.937  3060  3060 I Exynos_OSAL_Android: output buffer sharing mode is on (15)
12-20 03:30:11.939  3060  3060 D libexynosv4l2: try node: /dev/video6
12-20 03:30:11.939  3060  3060 I libexynosv4l2: node found for device s5p-mfc-dec: /dev/video6
12-20 03:30:11.944  3060  3060 I libexynosv4l2: open video device /dev/video6
12-20 03:30:11.945  3060  3060 W ACodec  : do not know color format 0x7f000012 = 2130706450
12-20 03:30:11.945  3060  3060 W ACodec  : do not know color format 0x7f000011 = 2130706449
12-20 03:30:11.945  3060  3060 I Exynos_OSAL_Android: output buffer sharing mode is on (15)
12-20 03:30:11.946  3060  3060 D libexynosv4l2: try node: /dev/video6
12-20 03:30:11.946  3060  3060 I libexynosv4l2: node found for device s5p-mfc-dec: /dev/video6
12-20 03:30:11.950  3060  3060 I libexynosv4l2: open video device /dev/video6
12-20 03:30:11.951  3060  3060 W ACodec  : do not know color format 0x7f000012 = 2130706450
12-20 03:30:11.951  3060  3060 W ACodec  : do not know color format 0x7f000011 = 2130706449
12-20 03:30:11.951  3060  3060 I Exynos_OSAL_Android: output buffer sharing mode is on (15)
12-20 03:30:11.953  3060  3060 D libexynosv4l2: try node: /dev/video6
12-20 03:30:11.953  3060  3060 I libexynosv4l2: node found for device s5p-mfc-dec: /dev/video6
12-20 03:30:11.955  3915  3952 I ContactLocale: AddressBook Labels [en-US]: [, A, B, C, D, E, F, G, H, I, J, K, L, M, N, O, P, Q, R, S, T, U, V, W, X, Y, Z, , , , , , , , , , , , , , , , , , , , , , , , , , , , , , , , , , , , , , , , , , , , , , , , , , , , , , , , , , , , , , , , , , , , , , , , , , , , , , , , , , , , , , , , , , , , , , , , , , , , , , , , , , , , , , , , , , , , , , , , , , , , , , , , , , , , , , , , , , , , , , , , , , , , , , , , , , , , , , , , , , , , , , , , , , , , , , , , , , , , , , , , , , , #, ]
12-20 03:30:11.957  3060  3060 I libexynosv4l2: open video device /dev/video6
12-20 03:30:11.958  3060  3060 I Exynos_OSAL_Android: output buffer sharing mode is on (15)
12-20 03:30:11.960  3060  3060 D libexynosv4l2: try node: /dev/video6
12-20 03:30:11.960  3060  3060 I libexynosv4l2: node found for device s5p-mfc-dec: /dev/video6
12-20 03:30:11.966  3060  3060 I libexynosv4l2: open video device /dev/video6
12-20 03:30:11.966  3060  3060 W ACodec  : do not know color format 0x7f000012 = 2130706450
12-20 03:30:11.966  3060  3060 W ACodec  : do not know color format 0x7f000011 = 2130706449
12-20 03:30:11.966  3060  3060 I Exynos_OSAL_Android: output buffer sharing mode is on (15)
12-20 03:30:11.966  3851  3851 D skia    : --- SkImageDecoder::Factory returned null
12-20 03:30:11.969  3060  3060 D libexynosv4l2: try node: /dev/video6
12-20 03:30:11.969  3060  3060 I libexynosv4l2: node found for device s5p-mfc-dec: /dev/video6
12-20 03:30:11.972  3061  3061 D installd: aapt source_apk=/system/app/HexoLibre/HexoLibre.apk internal_path=assets/overlays/com.android.facelock/ out_restable=/data/resource-cache/org.cyanogenmod.hexolibre/com.android.facelock uid=50062, pkgId=97,min_sdk_version=23,            app_res_path=/system/app/FaceLock/FaceLock.apk, common_res_path=/data/resource-cache/org.cyanogenmod.hexolibre/common/resources.apk
12-20 03:30:11.973  3060  3060 I libexynosv4l2: open video device /dev/video6
12-20 03:30:11.973  3060  3060 W ACodec  : do not know color format 0x7f000012 = 2130706450
12-20 03:30:11.973  3060  3060 W ACodec  : do not know color format 0x7f000011 = 2130706449
12-20 03:30:11.973  3060  3060 I Exynos_OSAL_Android: output buffer sharing mode is on (15)
12-20 03:30:11.974  3055  3487 D SoftapController: Softap fwReload - Ok
12-20 03:30:11.976  3060  3060 D libexynosv4l2: try node: /dev/video6
12-20 03:30:11.976  3060  3060 I libexynosv4l2: node found for device s5p-mfc-dec: /dev/video6
12-20 03:30:11.980  3060  3060 I libexynosv4l2: open video device /dev/video6
12-20 03:30:11.980  3060  3060 E OMXNodeInstance: getParameter(7:Exynos.VP9.Decoder, ParamVideoProfileLevelQuerySupported(0x600000f)) ERROR: UnsupportedIndex(0x8000101a)
12-20 03:30:11.980  3060  3060 W ACodec  : do not know color format 0x7f000012 = 2130706450
12-20 03:30:11.980  3060  3060 W ACodec  : do not know color format 0x7f000011 = 2130706449
12-20 03:30:11.980  3060  3060 I Exynos_OSAL_Android: output buffer sharing mode is on (15)
12-20 03:30:11.981  3060  3060 E OMX     : FAILED to allocate omx component 'OMX.Exynos.VC1.Decoder' err=InvalidComponentName(0x80001002)
12-20 03:30:11.981  3060  3060 E OMX     : FAILED to allocate omx component 'OMX.Exynos.VC1.Decoder' err=InvalidComponentName(0x80001002)
12-20 03:30:11.981  3060  3060 W MediaCodecList: ignoring Limit specified outside of a Type
12-20 03:30:11.981  3060  3060 W MediaCodecList: ignoring Limit specified outside of a Type
12-20 03:30:11.981  3060  3060 W MediaCodecList: ignoring Limit specified outside of a Type
12-20 03:30:11.981  3060  3060 W MediaCodecList: ignoring Limit specified outside of a Type
12-20 03:30:11.981  3060  3060 W MediaCodecList: ignoring Limit specified outside of a Type
12-20 03:30:11.981  3060  3060 W MediaCodecList: ignoring Limit specified outside of a Type
12-20 03:30:11.981  3060  3060 W MediaCodecList: ignoring Feature specified outside of a Type
12-20 03:30:11.981  3060  3060 E OMX     : FAILED to allocate omx component 'OMX.Exynos.MP3.Decoder' err=InvalidComponentName(0x80001002)
12-20 03:30:11.981  3060  3060 E OMX     : FAILED to allocate omx component 'OMX.Exynos.MP3.Decoder' err=InvalidComponentName(0x80001002)
12-20 03:30:11.981  3060  3060 E OMX     : FAILED to allocate omx component 'OMX.Exynos.MP3.Decoder' err=InvalidComponentName(0x80001002)
12-20 03:30:11.981  3060  3060 E OMX     : FAILED to allocate omx component 'OMX.Exynos.AAC.Decoder' err=InvalidComponentName(0x80001002)
12-20 03:30:11.982  3851  3851 I vol.Events: writeEvent collection_started
12-20 03:30:11.982  3060  3060 D libexynosv4l2: try node: /dev/video6
12-20 03:30:11.982  3060  3060 D libexynosv4l2: try node: /dev/video7
12-20 03:30:11.982  3060  3060 I libexynosv4l2: node found for device s5p-mfc-enc: /dev/video7
12-20 03:30:11.986  3060  3060 I libexynosv4l2: open video device /dev/video7
12-20 03:30:11.986  3060  3060 W ACodec  : do not know color format 0x7f000011 = 2130706449
12-20 03:30:11.986  3060  3060 W ACodec  : do not know color format 0x10 = 16
12-20 03:30:11.986  3060  3060 W ACodec  : do not know color format 0x7f00a000 = 2130747392
12-20 03:30:11.986  3060  3060 W ACodec  : do not know color format 0x7f000789 = 2130708361
12-20 03:30:11.986  3060  3060 W ACodec  : do not know color format 0x7f000012 = 2130706450
12-20 03:30:11.988  3060  3060 D libexynosv4l2: try node: /dev/video6
12-20 03:30:11.988  3060  3060 D libexynosv4l2: try node: /dev/video7
12-20 03:30:11.988  3060  3060 I libexynosv4l2: node found for device s5p-mfc-enc: /dev/video7
12-20 03:30:11.992  3060  3060 I libexynosv4l2: open video device /dev/video7
12-20 03:30:11.992  3060  3060 W ACodec  : do not know color format 0x7f000011 = 2130706449
12-20 03:30:11.992  3060  3060 W ACodec  : do not know color format 0x10 = 16
12-20 03:30:11.992  3060  3060 W ACodec  : do not know color format 0x7f00a000 = 2130747392
12-20 03:30:11.992  3060  3060 W ACodec  : do not know color format 0x7f000789 = 2130708361
12-20 03:30:11.992  3060  3060 W ACodec  : do not know color format 0x7f000012 = 2130706450
12-20 03:30:11.994  3060  3060 D libexynosv4l2: try node: /dev/video6
12-20 03:30:11.994  3060  3060 D libexynosv4l2: try node: /dev/video7
12-20 03:30:11.994  3060  3060 I libexynosv4l2: node found for device s5p-mfc-enc: /dev/video7
12-20 03:30:11.997  3060  3060 I libexynosv4l2: open video device /dev/video7
12-20 03:30:11.998  3060  3060 W ACodec  : do not know color format 0x7f000011 = 2130706449
12-20 03:30:11.998  3060  3060 W ACodec  : do not know color format 0x10 = 16
12-20 03:30:11.998  3060  3060 W ACodec  : do not know color format 0x7f00a000 = 2130747392
12-20 03:30:11.998  3060  3060 W ACodec  : do not know color format 0x7f000789 = 2130708361
12-20 03:30:11.998  3060  3060 W ACodec  : do not know color format 0x7f000012 = 2130706450
12-20 03:30:12.003  3061  3061 D installd: idmap target_apk=/system/app/FaceLock/FaceLock.apk overlay_apk=/system/app/HexoLibre/HexoLibre.apk cache_path=/data/resource-cache/org.cyanogenmod.hexolibre/com.android.facelock uid=50078
12-20 03:30:12.004  3055  3487 I iptables: iptables: No chain/target/match by that name.
12-20 03:30:12.004  3055  3487 I iptables: iptables terminated by exit(1)
12-20 03:30:12.004  3055  3487 E Netd    : exec() res=0, status=256 for /system/bin/iptables -w -F st_penalty_log 
12-20 03:30:12.005  3060  3060 D libexynosv4l2: try node: /dev/video6
12-20 03:30:12.005  3060  3060 D libexynosv4l2: try node: /dev/video7
12-20 03:30:12.005  3060  3060 I libexynosv4l2: node found for device s5p-mfc-enc: /dev/video7
12-20 03:30:12.008  3060  3060 I libexynosv4l2: open video device /dev/video7
12-20 03:30:12.009  3060  3060 W ACodec  : do not know color format 0x7f000011 = 2130706449
12-20 03:30:12.009  3060  3060 W ACodec  : do not know color format 0x10 = 16
12-20 03:30:12.009  3060  3060 W ACodec  : do not know color format 0x7f00a000 = 2130747392
12-20 03:30:12.009  3060  3060 W ACodec  : do not know color format 0x7f000789 = 2130708361
12-20 03:30:12.009  3060  3060 W ACodec  : do not know color format 0x7f000012 = 2130706450
12-20 03:30:12.012  3055  3487 I ip6tables: ip6tables: No chain/target/match by that name.
12-20 03:30:12.015  3060  3060 D libexynosv4l2: try node: /dev/video6
12-20 03:30:12.015  3060  3060 D libexynosv4l2: try node: /dev/video7
12-20 03:30:12.015  3060  3060 I libexynosv4l2: node found for device s5p-mfc-enc: /dev/video7
12-20 03:30:12.018  3055  3487 I ip6tables: ip6tables terminated by exit(1)
12-20 03:30:12.018  3055  3487 E Netd    : exec() res=0, status=256 for /system/bin/ip6tables -w -F st_penalty_log 
12-20 03:30:12.019  3060  3060 I libexynosv4l2: open video device /dev/video7
12-20 03:30:12.020  3060  3060 W ACodec  : do not know color format 0x7f000011 = 2130706449
12-20 03:30:12.020  3060  3060 W ACodec  : do not know color format 0x10 = 16
12-20 03:30:12.020  3060  3060 W ACodec  : do not know color format 0x7f00a000 = 2130747392
12-20 03:30:12.020  3060  3060 W ACodec  : do not know color format 0x7f000789 = 2130708361
12-20 03:30:12.020  3060  3060 W ACodec  : do not know color format 0x7f000012 = 2130706450
12-20 03:30:12.021  3060  3060 D libexynosv4l2: try node: /dev/video6
12-20 03:30:12.021  3060  3060 D libexynosv4l2: try node: /dev/video7
12-20 03:30:12.021  3060  3060 I libexynosv4l2: node found for device s5p-mfc-enc: /dev/video7
12-20 03:30:12.024  3055  3487 I iptables: iptables: No chain/target/match by that name.
12-20 03:30:12.025  3060  3060 I libexynosv4l2: open video device /dev/video7
12-20 03:30:12.025  3055  3487 I iptables: iptables terminated by exit(1)
12-20 03:30:12.025  3055  3487 E Netd    : exec() res=0, status=256 for /system/bin/iptables -w -F st_penalty_reject 
12-20 03:30:12.025  3060  3060 W ACodec  : do not know color format 0x7f000011 = 2130706449
12-20 03:30:12.025  3060  3060 W ACodec  : do not know color format 0x10 = 16
12-20 03:30:12.025  3060  3060 W ACodec  : do not know color format 0x7f00a000 = 2130747392
12-20 03:30:12.025  3060  3060 W ACodec  : do not know color format 0x7f000789 = 2130708361
12-20 03:30:12.025  3060  3060 W ACodec  : do not know color format 0x7f000012 = 2130706450
12-20 03:30:12.028  3060  3060 W OMXNodeInstance: [e:google.mpeg4.decoder] component does not support metadata mode; using fallback
12-20 03:30:12.029  3851  3999 I vol.Events: writeEvent level_changed STREAM_ALARM 6
12-20 03:30:12.030  3060  3060 W OMXNodeInstance: [f:google.mpeg4.decoder] component does not support metadata mode; using fallback
12-20 03:30:12.030  3060  3060 W MediaCodecList: ignoring Limit specified outside of a Type
12-20 03:30:12.030  3060  3060 W MediaCodecList: ignoring Limit specified outside of a Type
12-20 03:30:12.030  3060  3060 W MediaCodecList: ignoring Limit specified outside of a Type
12-20 03:30:12.030  3060  3060 W MediaCodecList: ignoring Limit specified outside of a Type
12-20 03:30:12.030  3060  3060 W MediaCodecList: ignoring Limit specified outside of a Type
12-20 03:30:12.030  3060  3060 W MediaCodecList: ignoring Feature specified outside of a Type
12-20 03:30:12.031  3055  3487 I ip6tables: ip6tables: No chain/target/match by that name.
12-20 03:30:12.031  3055  3487 I ip6tables: ip6tables terminated by exit(1)
12-20 03:30:12.031  3055  3487 E Netd    : exec() res=0, status=256 for /system/bin/ip6tables -w -F st_penalty_reject 
12-20 03:30:12.031  3060  3060 W OMXNodeInstance: [10:google.h263.decoder] component does not support metadata mode; using fallback
12-20 03:30:12.032  3851  3999 I vol.Events: writeEvent level_changed STREAM_BLUETOOTH_SCO 7
12-20 03:30:12.034  3851  3999 I vol.Events: writeEvent level_changed STREAM_MUSIC 11
12-20 03:30:12.035  3060  3060 W OMXNodeInstance: [11:google.h264.decoder] component does not support metadata mode; using fallback
12-20 03:30:12.037  3851  3999 I vol.Events: writeEvent level_changed STREAM_RING 5
12-20 03:30:12.037  3055  3487 I iptables: iptables: No chain/target/match by that name.
12-20 03:30:12.037  3055  3487 I iptables: iptables terminated by exit(1)
12-20 03:30:12.037  3055  3487 E Netd    : exec() res=0, status=256 for /system/bin/iptables -w -F st_clear_caught 
12-20 03:30:12.038  3851  3999 I vol.Events: writeEvent level_changed STREAM_SYSTEM 5
12-20 03:30:12.040  3851  3999 I vol.Events: writeEvent level_changed STREAM_VOICE_CALL 4
12-20 03:30:12.040  3060  3060 W OMXNodeInstance: [12:google.hevc.decoder] component does not support metadata mode; using fallback
12-20 03:30:12.041  3851  3999 I vol.Events: writeEvent external_ringer_mode_changed normal
12-20 03:30:12.042  3055  3487 I ip6tables: ip6tables: No chain/target/match by that name.
12-20 03:30:12.043  3055  3487 I ip6tables: ip6tables terminated by exit(1)
12-20 03:30:12.043  3055  3487 E Netd    : exec() res=0, status=256 for /system/bin/ip6tables -w -F st_clear_caught 
12-20 03:30:12.044  3851  3851 D StorageNotification: Notifying about private volume: VolumeInfo{private}:
12-20 03:30:12.044  3851  3851 D StorageNotification:     type=PRIVATE diskId=null partGuid=null mountFlags=0 mountUserId=-1 
12-20 03:30:12.044  3851  3851 D StorageNotification:     state=MOUNTED 
12-20 03:30:12.044  3851  3851 D StorageNotification:     fsType=null fsUuid=null fsLabel=null 
12-20 03:30:12.044  3851  3851 D StorageNotification:     path=/data internalPath=null 
12-20 03:30:12.044  3851  3851 D StorageNotification: Notifying about public volume: VolumeInfo{public:179_1}:
12-20 03:30:12.044  3851  3851 D StorageNotification:     type=PUBLIC diskId=disk:179_0 partGuid=null mountFlags=0 mountUserId=0 
12-20 03:30:12.044  3851  3851 D StorageNotification:     state=MOUNTED 
12-20 03:30:12.044  3851  3851 D StorageNotification:     fsType=vfat fsUuid=067B-1A2C fsLabel=HDDREG 
12-20 03:30:12.044  3851  3851 D StorageNotification:     path=/mnt/media_rw/067B-1A2C internalPath=/mnt/media_rw/067B-1A2C 
12-20 03:30:12.044  3060  3060 W OMXNodeInstance: [13:google.vp8.decoder] component does not support metadata mode; using fallback
12-20 03:30:12.049  3055  3487 I iptables: iptables: No chain/target/match by that name.
12-20 03:30:12.049  3055  3487 I iptables: iptables terminated by exit(1)
12-20 03:30:12.049  3055  3487 E Netd    : exec() res=0, status=256 for /system/bin/iptables -w -F st_clear_detect 
12-20 03:30:12.051  3060  3060 W OMXNodeInstance: [14:google.vp9.decoder] component does not support metadata mode; using fallback
12-20 03:30:12.053  3060  3060 I SoftMPEG4Encoder: Construct SoftMPEG4Encoder
12-20 03:30:12.054  3060  3060 W ACodec  : do not know color format 0x7f000789 = 2130708361
12-20 03:30:12.056  3361  3846 I ActivityManager: Start proc 4039:com.android.externalstorage/u0a8 for content provider com.android.externalstorage/.ExternalStorageProvider
12-20 03:30:12.057  3060  3060 W ACodec  : do not know color format 0x7f000789 = 2130708361
12-20 03:30:12.057  3055  3487 I ip6tables: ip6tables: No chain/target/match by that name.
12-20 03:30:12.058  3055  3487 I ip6tables: ip6tables terminated by exit(1)
12-20 03:30:12.058  3055  3487 E Netd    : exec() res=0, status=256 for /system/bin/ip6tables -w -F st_clear_detect 
12-20 03:30:12.058  3060  3060 I SoftMPEG4Encoder: Construct SoftMPEG4Encoder
12-20 03:30:12.058  3060  3060 W ACodec  : do not know color format 0x7f000789 = 2130708361
12-20 03:30:12.061  3060  3060 W ACodec  : do not know color format 0x7f000789 = 2130708361
12-20 03:30:12.062  3915  3952 D ContactDirectoryManager: Found com.google.contacts.gal.provider
12-20 03:30:12.062  3915  3952 D ContactDirectoryManager: Found com.android.exchange.directory.provider
12-20 03:30:12.064  3055  3487 I iptables: iptables: No chain/target/match by that name.
12-20 03:30:12.064  3055  3487 I iptables: iptables terminated by exit(1)
12-20 03:30:12.064  3055  3487 E Netd    : exec() res=0, status=256 for /system/bin/iptables -w -X st_penalty_log 
12-20 03:30:12.069  3055  3487 I ip6tables: ip6tables: No chain/target/match by that name.
12-20 03:30:12.070  3055  3487 I ip6tables: ip6tables terminated by exit(1)
12-20 03:30:12.070  3055  3487 E Netd    : exec() res=0, status=256 for /system/bin/ip6tables -w -X st_penalty_log 
12-20 03:30:12.074  3361  3847 I ActivityManager: Start proc 4068:com.android.exchange/u0a44 for content provider com.android.exchange/.provider.ExchangeDirectoryProvider
12-20 03:30:12.076  3055  3487 I iptables: iptables: No chain/target/match by that name.
12-20 03:30:12.077  3055  3487 I iptables: iptables terminated by exit(1)
12-20 03:30:12.077  3055  3487 E Netd    : exec() res=0, status=256 for /system/bin/iptables -w -X st_penalty_reject 
12-20 03:30:12.083  3055  3487 I ip6tables: ip6tables: No chain/target/match by that name.
12-20 03:30:12.083  3055  3487 I ip6tables: ip6tables terminated by exit(1)
12-20 03:30:12.083  3055  3487 E Netd    : exec() res=0, status=256 for /system/bin/ip6tables -w -X st_penalty_reject 
12-20 03:30:12.089  3055  3487 I iptables: iptables: No chain/target/match by that name.
12-20 03:30:12.089  3055  3487 I iptables: iptables terminated by exit(1)
12-20 03:30:12.089  3055  3487 E Netd    : exec() res=0, status=256 for /system/bin/iptables -w -X st_clear_caught 
12-20 03:30:12.091  4039  4039 W System  : ClassLoader referenced unknown path: /system/priv-app/ExternalStorageProvider/lib/arm64
12-20 03:30:12.095  4039  4039 D ExternalStorage: After updating volumes, found 2 active roots
12-20 03:30:12.096  3055  3487 I ip6tables: ip6tables: No chain/target/match by that name.
12-20 03:30:12.096  3055  3487 I ip6tables: ip6tables terminated by exit(1)
12-20 03:30:12.096  3055  3487 E Netd    : exec() res=0, status=256 for /system/bin/ip6tables -w -X st_clear_caught 
12-20 03:30:12.102  3055  3487 I iptables: iptables: No chain/target/match by that name.
12-20 03:30:12.102  3055  3487 I iptables: iptables terminated by exit(1)
12-20 03:30:12.102  3055  3487 E Netd    : exec() res=0, status=256 for /system/bin/iptables -w -X st_clear_detect 
12-20 03:30:12.108  3055  3487 I ip6tables: ip6tables: No chain/target/match by that name.
12-20 03:30:12.108  3055  3487 I ip6tables: ip6tables terminated by exit(1)
12-20 03:30:12.109  3055  3487 E Netd    : exec() res=0, status=256 for /system/bin/ip6tables -w -X st_clear_detect 
