12-21 06:26:26.342  5026  5026 D AdapterServiceConfig: addA2dpProfile: isA2dpSinkEnabled = falseisHfpClientEnabled false serviceName PanService
12-21 06:26:26.342  5026  5026 D AdapterServiceConfig: Adding PanService
12-21 06:26:26.342  5026  5026 D AdapterServiceConfig: addA2dpProfile: isA2dpSinkEnabled = falseisHfpClientEnabled false serviceName GattService
12-21 06:26:26.342  5026  5026 D AdapterServiceConfig: Adding GattService
12-21 06:26:26.343  5026  5026 D AdapterServiceConfig: addA2dpProfile: isA2dpSinkEnabled = falseisHfpClientEnabled false serviceName BluetoothMapService
12-21 06:26:26.343  5026  5026 D AdapterServiceConfig: Adding BluetoothMapService
12-21 06:26:26.343  5026  5026 D AdapterServiceConfig: Could not find profile bit mask
12-21 06:26:26.343  5026  5026 D AdapterServiceConfig: addA2dpProfile: isA2dpSinkEnabled = falseisHfpClientEnabled false serviceName HidDevService
12-21 06:26:26.343  5026  5026 D AdapterServiceConfig: Adding HidDevService
12-21 06:26:26.362  3435  3448 D libgps  : agps_set_server: Waiting for IPC connection - timeout
12-21 06:26:26.362  3435  3448 E libgps  : LIBGPS: Cannot communicate (write) with a GPSD
12-21 06:26:26.362  3435  3448 E libgps  : IPC Communication Error, ../../../../tmp/14804949_263294/allPartners/os/android/gps_interface/gpsi_client/GpsiClient.cpp:1586 agps_set_server
12-21 06:26:26.363  3435  3448 D GpsLocationProvider: GPS configuration:
12-21 06:26:26.363  3435  3448 D GpsLocationProvider:  #Wed Dec 21 06:26:26 GMT+00:00 2016
12-21 06:26:26.363  3435  3448 D GpsLocationProvider: XTRA_SERVER_2=http\://gllto2.glpals.com/4day/v4/latest/lto2.dat
12-21 06:26:26.363  3435  3448 D GpsLocationProvider: SUPL_VER=0x20000
12-21 06:26:26.363  3435  3448 D GpsLocationProvider: SUPL_HOST=supl.google.com
12-21 06:26:26.363  3435  3448 D GpsLocationProvider: NTP_SERVER=north-america.pool.ntp.org
12-21 06:26:26.363  3435  3448 D GpsLocationProvider: XTRA_SERVER_1=http\://gllto1.glpals.com/4day/v4/latest/lto2.dat
12-21 06:26:26.363  3435  3448 D GpsLocationProvider: SUPL_PORT=7275
12-21 06:26:26.363  3435  3448 D GpsLocationProvider: SUPL_MODE=1
12-21 06:26:26.363  3435  3448 D libgps  : SendGpsExtensionMessage: Waiting for IPC connection...
12-21 06:26:26.367  3435  3453 D BluetoothManagerService: Message: 20
12-21 06:26:26.368  3435  3453 D BluetoothManagerService: Added callback: android.bluetooth.IBluetoothManagerCallback$Stub$Proxy@c58ebcf:true
12-21 06:26:26.368  5026  5026 D BluetoothAdapterState: make() - Creating AdapterState
12-21 06:26:26.369  5026  5026 I bt_bluedroid: init
12-21 06:26:26.369  5026  5078 I BluetoothAdapterState: Entering OffState
12-21 06:26:26.376  5026  5079 E bt_osi_config: config_new unable to open file '/data/misc/bluedroid/bt_config.conf': No such file or directory
12-21 06:26:26.376  5026  5079 W bt_btif_config: init unable to load config file; attempting to transcode legacy file.
12-21 06:26:26.376  5026  5079 E bt_btif_config_transcode: config_t* btif_config_transcode(const char*) unable to load XML file '/data/misc/bluedroid/bt_config.xml': 3
12-21 06:26:26.376  5026  5079 W bt_btif_config: init unable to transcode legacy file, starting unconfigured.
12-21 06:26:26.384  5026  5079 I bt_bte_conf: bte_load_ble_conf attempt to load ble stack conf from /etc/bluetooth/ble_stack.conf
12-21 06:26:26.386  5026  5079 E bt_osi_config: config_new unable to open file '/etc/bluetooth/ble_stack.conf': No such file or directory
12-21 06:26:26.386  5026  5079 I bt_bte_conf: bte_load_ble_conf file >/etc/bluetooth/ble_stack.conf< not found
12-21 06:26:26.386  5026  5079 I bt_stack_config: init attempt to load stack conf from /etc/bluetooth/bt_stack.conf
12-21 06:26:26.387  5026  5026 I bt_bluedroid: get_profile_interface socket
12-21 06:26:26.388  5026  5084 D BluetoothAdapterProperties: Address is:D8:C4:E9:A9:2E:B5
12-21 06:26:26.392  5026  5084 D BluetoothAdapterProperties: Name is: Samsung Galaxy S7 Edge
12-21 06:26:26.392  3435  3435 D BluetoothManagerService: Bluetooth Adapter name changed to Samsung Galaxy S7 Edge
12-21 06:26:26.393  5026  5026 I bt_bluedroid: get_profile_interface sdp
12-21 06:26:26.393  3435  3435 D BluetoothManagerService: Stored Bluetooth name: Samsung Galaxy S7 Edge
12-21 06:26:26.400  3435  3435 D BluetoothManagerService: BluetoothServiceConnection: com.android.bluetooth.btservice.AdapterService
12-21 06:26:26.400  3435  3453 D BluetoothManagerService: Message: 40
12-21 06:26:26.401  3435  3453 D BluetoothManagerService: MESSAGE_BLUETOOTH_SERVICE_CONNECTED: 1
12-21 06:26:26.405  5026  5050 I bt_bluedroid: config_hci_snoop_log
12-21 06:26:26.406  3435  3453 D BluetoothManagerService: Message: 200
12-21 06:26:26.406  3435  3453 D BluetoothManagerService: MESSAGE_GET_NAME_AND_ADDRESS
12-21 06:26:26.406  3435  3453 D BluetoothManagerService: Message: 201
12-21 06:26:26.406  3435  3453 D BluetoothManagerService: MESSAGE_SAVE_NAME_AND_ADDRESS
12-21 06:26:26.410  3435  3453 D BluetoothManagerService: Stored Bluetooth name: Samsung Galaxy S7 Edge
12-21 06:26:26.411  3435  3453 D BluetoothManagerService: Stored Bluetoothaddress: D8:C4:E9:A9:2E:B5
12-21 06:26:26.412  3435  3453 D BluetoothManagerService: unbindAndFinish(): android.bluetooth.IBluetooth$Stub$Proxy@7b91b06 mBinding = false
12-21 06:26:26.412  3435  3453 D BluetoothManagerService: Sending unbind request.
12-21 06:26:26.422  4877  5085 D LocaleSetManager: Locale Changed from: null to null
12-21 06:26:26.425  4877  5085 I MusicLocale: AddressBook Labels [en-US]: [, A, B, C, D, E, F, G, H, I, J, K, L, M, N, O, P, Q, R, S, T, U, V, W, X, Y, Z, , , , , , , , , , , , , , , , , , , , , , , , , , , , , , , , , , , , , , , , , , , , , , , , , , , , , , , , , , , , , , , , , , , , , , , , , , , , , , , , , , , , , , , , , , , , , , , , , , , , , , , , , , , , , , , , , , , , , , , , , , , , , , , , , , , , , , , , , , , , , , , , , , , , , , , , , , , , , , , , , , , , , , , , , , , , , , , , , , , , , , , , , , , #, ]
12-21 06:26:26.427  4877  5085 I MusicLocale: AddressBook Labels [en-US]: [, A, B, C, D, E, F, G, H, I, J, K, L, M, N, O, P, Q, R, S, T, U, V, W, X, Y, Z, , , , , , , , , , , , , , , , , , , , , , , , , , , , , , , , , , , , , , , , , , , , , , , , , , , , , , , , , , , , , , , , , , , , , , , , , , , , , , , , , , , , , , , , , , , , , , , , , , , , , , , , , , , , , , , , , , , , , , , , , , , , , , , , , , , , , , , , , , , , , , , , , , , , , , , , , , , , , , , , , , , , , , , , , , , , , , , , , , , , , , , , , , , #, ]
12-21 06:26:26.428  4877  5085 D LocaleSetManager: Locale Changed from: null to en-US
12-21 06:26:26.434  5026  5026 W BluetoothAdapterService: onUnbind, calling cleanup
12-21 06:26:26.436  5026  5026 W BluetoothSdpJni: Cleaning up Bluetooth SDP Interface...
12-21 06:26:26.436  5026  5026 W BluetoothSdpJni: Cleaning up Bluetooth Health object
12-21 06:26:26.436  5026  5026 I BluetoothServiceJni: cleanupNative: return from cleanup
12-21 06:26:26.437  5026  5079 D bt_stack_manager: event_clean_up_stack is cleaning up the stack.
12-21 06:26:26.443  5026  5026 I art     : System.exit called, status: 0
12-21 06:26:26.443  5026  5026 I AndroidRuntime: VM exiting with result code 0, cleanup skipped.
12-21 06:26:26.453  5037  5037 W linker  : /system/priv-app/PrebuiltGmsCore/PrebuiltGmsCore.apk: unused DT entry: type 0x7ffffffd arg 0x885
12-21 06:26:26.477  4772  5010 I GrammarCompilationSvcCt: Grammar compilation alarm set for interval 604800000
12-21 06:26:26.477  5037  5037 W linker  : /system/priv-app/PrebuiltGmsCore/PrebuiltGmsCore.apk: unused DT entry: type 0x1d arg 0x80
12-21 06:26:26.477  5037  5037 W linker  : /system/priv-app/PrebuiltGmsCore/PrebuiltGmsCore.apk: unused DT entry: type 0x7ffffffd arg 0x169
12-21 06:26:26.484  3435  4217 I ActivityManager: Process com.android.bluetooth (pid 5026) has died
12-21 06:26:26.484  3435  4217 D ActivityManager: cleanUpApplicationRecord -- 5026
12-21 06:26:26.485  5037  5037 V JNIHelp : Registering com/google/android/gms/org/conscrypt/NativeCrypto's 235 native methods...
12-21 06:26:26.493  5037  5037 I art     : Rejecting re-init on previously-failed class java.lang.Class<com.google.android.gms.org.conscrypt.OpenSSLExtendedSessionImpl>
12-21 06:26:26.493  5037  5037 I art     : Rejecting re-init on previously-failed class java.lang.Class<com.google.android.gms.org.conscrypt.OpenSSLExtendedSessionImpl>
12-21 06:26:26.505  5037  5037 I ProviderInstaller: Installed default security provider GmsCore_OpenSSL
12-21 06:26:26.567  5037  5037 E ChimeraCfgMgr: Failed to read module config: /data/user/0/com.google.android.gms/app_chimera/current_config.pb: open failed: ENOENT (No such file or directory)
12-21 06:26:26.576  5037  5037 E ChimeraCfgMgr: Failed to read module config: /data/user/0/com.google.android.gms/app_chimera/current_config.pb: open failed: ENOENT (No such file or directory)
12-21 06:26:26.584  5037  5037 E ConfigFileUtils: Failed to read config file: /data/user/0/com.google.android.gms/app_chimera/current_fileapks.pb: open failed: ENOENT (No such file or directory)
12-21 06:26:26.588  5037  5092 I NativeLibraryUtils: Extraction to /data/user/0/com.google.android.gms/app_extracted_libs/arm64-v8a/libjgcastservice.so true
12-21 06:26:26.588  5037  5037 E ChimeraCfgMgr: Failed to read module config: /data/user/0/com.google.android.gms/app_chimera/current_config.pb: open failed: ENOENT (No such file or directory)
12-21 06:26:26.592  4772  4845 W art     : Long monitor contention event with owner method=java.lang.Object com.google.android.apps.gsa.shared.util.j.get() from SourceFile:8 waiters=1 for 1.097s
12-21 06:26:26.603  4772  4895 W art     : Long monitor contention event with owner method=java.lang.Object com.google.android.apps.gsa.shared.util.j.get() from SourceFile:8 waiters=2 for 1.110s
12-21 06:26:26.607  5037  5092 I NativeLibraryUtils: Extraction to /data/user/0/com.google.android.gms/app_extracted_libs/arm64-v8a/libgoogle-ocrclient-v3.so true
12-21 06:26:26.610  4772  4894 W art     : Long monitor contention event with owner method=java.lang.Object com.google.android.apps.gsa.shared.util.j.get() from SourceFile:8 waiters=3 for 1.117s
