12-20 23:03:58.063  4412  4721 V SmartDevice: [service,SmartDeviceIntentHandlers] OnUpgradeOrBootOperation got intent: Intent { act=android.intent.action.BOOT_COMPLETED flg=0x8000010 cmp=com.google.android.gms/.chimera.GmsIntentOperationService (has extras) } with flag 2
12-20 23:03:58.086  5102  5102 W System  : ClassLoader referenced unknown path: /system/app/Calendar/lib/arm64
12-20 23:03:58.098  4412  5120 E MDM     : [225] ucj.a: Couldn't connect to Google API client: jhx{statusCode=API_UNAVAILABLE, resolution=null, message=null}
12-20 23:03:58.105  4412  5091 I CheckinChimeraService: Checking schedule, now: 1482285838105 next: 1482285530730
12-20 23:03:58.105  4412  5091 I CheckinChimeraService: active receiver: enabled
12-20 23:03:58.126  4412  4611 I Auth    : [FRP,FrpUpdateIntentOperation] Frp is not supported for this device / user
12-20 23:03:58.135  5102  5102 D ExtensionsFactory: No custom extensions.
12-20 23:03:58.136  5102  5102 D AlertReceiver: onReceive: a=android.intent.action.BOOT_COMPLETED Intent { act=android.intent.action.BOOT_COMPLETED flg=0x8000010 cmp=com.android.calendar/.alerts.AlertReceiver (has extras) }
12-20 23:03:58.145  4412  4719 I art     : Note: end time exceeds epoch: 
12-20 23:03:58.149  5056  5119 I PhenotypeFlagCommitter: Experiment Configs successfully retrieved for com.google.android.gms.people.ui
12-20 23:03:58.156  3375  3403 D libgps  : SendGpsExtensionMessage: Waiting for IPC connection - timeout
12-20 23:03:58.156  3375  3403 E libgps  : LIBGPS: Cannot communicate (write) with a GPSD
12-20 23:03:58.156  3375  3403 E libgps  : IPC Communication Error, ../../../../tmp/14804949_263294/allPartners/os/android/gps_interface/gpsi_client/GpsiClient.cpp:625 SendGpsExtensionMessage
12-20 23:03:58.156  3375  3403 D libgps  : agps_set_server: Waiting for IPC connection...
12-20 23:03:58.158  3375  3659 I ActivityManager: Start proc 5140:com.android.deskclock/u0a47 for broadcast com.android.deskclock/.AlarmInitReceiver
12-20 23:03:58.165  5102  5138 D AlertService: 0 Action = android.intent.action.BOOT_COMPLETED
12-20 23:03:58.184  5102  5138 D AlertService: Scheduling next alarm with AlarmScheduler. sEventReminderReceived: null
12-20 23:03:58.185  4046  5086 I PhenotypeFlagCommitter: Experiment Configs successfully retrieved for com.google.android.location
12-20 23:03:58.189  4046  5086 I GCoreUlr: Starting service, intent=Intent { act=com.google.android.location.reporting.ACTION_UPDATE_WORLD cmp=com.google.android.gms/com.google.android.location.reporting.service.DispatchingService (has extras) }, extras=Bundle[{receiverAction=android.intent.action.BOOT_COMPLETED}]
12-20 23:03:58.208  5140  5140 W System  : ClassLoader referenced unknown path: /system/app/DeskClock/lib/arm64
12-20 23:03:58.216  4412  4732 I Wear_Controller: Wear is not allowed to run on this device. Not starting control service.
12-20 23:03:58.217  4412  4887 I Icing   : updateResources: need to parse rtx{com.google.android.gms}
12-20 23:03:58.224  5140  5140 V AlarmClock: AlarmInitReceiver android.intent.action.BOOT_COMPLETED
12-20 23:03:58.248  5140  5159 V AlarmClock: AlarmInitReceiver - Reset timers and clear stopwatch data
12-20 23:03:58.249  5102  5138 D AlarmScheduler: No events found starting within 1 week.
12-20 23:03:58.283  5140  5159 V AlarmClock: AlarmInitReceiver finished
12-20 23:03:58.285  4426  4426 D EmailBroadcastReceiver: Received android.intent.action.BOOT_COMPLETED
12-20 23:03:58.310  3375  4390 I ActivityManager: Start proc 5169:com.android.gallery3d/u0a59 for broadcast com.android.gallery3d/org.codeaurora.gallery3d.video.DmReceiver
12-20 23:03:58.316  4355  4355 I Exchange: EasService.onCreate
12-20 23:03:58.323  4355  5181 I Exchange: RestartPingTask
12-20 23:03:58.337  4046  4644 I GCoreUlr: WorldUpdater received intent Intent { act=com.google.android.location.reporting.ACTION_UPDATE_WORLD cmp=com.google.android.gms/com.google.android.location.reporting.service.DispatchingService (has extras) } with receiverAction android.intent.action.BOOT_COMPLETED
12-20 23:03:58.340  4046  4527 W GCoreFlp: No location to return for getLastLocation()
12-20 23:03:58.347  4412  4732 I MS_RegisterService: RegisterService intent:Intent { act=com.google.android.gms.matchstick.register_intent_action cat=[targeted_intent_op_prefix:com.google.android.libraries.matchstick.net.SilentRegisterIntentOperation] cmp=com.google.android.gms/.chimera.GmsIntentOperationService } isPeriodic:false
12-20 23:03:58.376  4412  4732 I MS_PhoneUtils: Phone type: 1
12-20 23:03:58.380  3632  3632 D PhoneStatusBar: disable: < expand ICONS alerts SYSTEM_INFO back HOME RECENT clock SEARCH quick_settings >
12-20 23:03:58.405  3632  3632 W AudioTrack: AUDIO_OUTPUT_FLAG_FAST denied by client; transfer 4, track 44100 Hz, output 48000 Hz
12-20 23:03:58.413  3051  3591 V audio_hw_primary: out_set_parameters: key value pairs: routing=2
12-20 23:03:58.414  4412  4732 I MS_ScheduledTaskService: Scheduling task with tag:gms:matchstick:register
12-20 23:03:58.415  3632  3632 D PhoneStatusBar: disable: < expand icons* alerts system_info* back HOME RECENT clock SEARCH quick_settings >
12-20 23:03:58.424  3051  3591 V audio_hw_primary: start_output_stream: starting stream
12-20 23:03:58.436  5056  5119 I PhenotypeFlagCommitter: Experiment Configs successfully retrieved for com.google.android.gms.people.ui
12-20 23:03:58.439  4355  4355 I Exchange: RestartPingsTask did not start any pings.
12-20 23:03:58.439  4355  4355 I Exchange: PSS stopIfIdle
12-20 23:03:58.439  4355  4355 I Exchange: PSS has no active accounts; stopping service.
12-20 23:03:58.442  4355  4355 I Exchange: onDestroy
12-20 23:03:58.443  3632  3632 D PhoneStatusBar: disable: < expand icons alerts system_info back home* recent* clock search* quick_settings >
12-20 23:03:58.449  4412  5157 I CheckinChimeraService: Checking schedule, now: 1482285838449 next: 1482285530730
12-20 23:03:58.449  4412  5157 I CheckinChimeraService: active receiver: enabled
12-20 23:03:58.454  4412  4612 I PhenotypeFlagCommitter: Experiment Configs successfully retrieved for com.google.android.gms.people
12-20 23:03:58.461  3051  3591 V audio_hw_primary: select_devices() devices 0x2 input src 0 output route media-speaker input route none
12-20 23:03:58.484  3375  3659 W SettingsProvider: You shouldn't keep your settings in the secure settings. This will soon become an error.
12-20 23:03:58.484  3375  3392 W SettingsProvider: You shouldn't keep your settings in the secure settings. This will soon become an error.
12-20 23:03:58.485  3375  4534 W SettingsProvider: You shouldn't keep your settings in the secure settings. This will soon become an error.
12-20 23:03:58.511  4026  4026 I SystemBroadcastReceiver: Boot has been completed
12-20 23:03:58.512  4026  4026 I SystemBroadcastReceiver: toggleAppIcon() : FLAG_SYSTEM = true
12-20 23:03:58.513  4046  4644 I GCoreUlr: WorldUpdater:android.intent.action.BOOT_COMPLETED: Ensuring that reporting is stopped because of reasons: {account#-19#=[InactiveReason{mVersionCode=0, mIdentifier=6, mName='ReportingNotEnabled'}]}
12-20 23:03:58.520  4046  4644 I GCoreUlr: Unbound from all location providers
12-20 23:03:58.521  4046  4644 I GCoreUlr: Place inference reporting - stop
12-20 23:03:58.534  3375  4041 I ActivityManager: Start proc 5199:com.android.messaging/u0a79 for broadcast com.android.messaging/.receiver.BootAndPackageReplacedReceiver
12-20 23:03:58.547  4046  4644 I GCoreUlr: DispatchingService ignoring Intent { act=android.net.wifi.WIFI_STATE_CHANGED flg=0x4000010 (has extras) } because ULR inactive
12-20 23:03:58.559  4588  5198 I GoogleHttpClient: GMS http client unavailable, use old client
12-20 23:03:58.560  4588  5198 W System  : ClassLoader referenced unknown path: /system/framework/tcmclient.jar
12-20 23:03:58.572  3051  3591 V audio_hw_primary: adev_set_call_audio_path: ril_set_call_audio_path(2)
12-20 23:03:58.573  3051  3591 V audio_hw_primary: start_output_stream: stream out device: 2, actual: 2
12-20 23:03:58.583  5199  5199 W System  : ClassLoader referenced unknown path: /system/app/messaging/lib/arm64
12-20 23:03:58.593  4412  4887 I Icing   : updateResources: need to parse rtx{com.google.android.googlequicksearchbox}
12-20 23:03:58.780  3375  3660 I ActivityManager: Start proc 5230:com.android.cellbroadcastreceiver/u0a5 for broadcast com.android.cellbroadcastreceiver/.CellBroadcastReceiver
12-20 23:03:58.801  5199  5229 I MessagingAppDataModel: Fixup: Send failed - 0 Download failed - 0
12-20 23:03:58.811  4072  4136 V BlacklistProvider: Query uri=content://blacklist, match=0
12-20 23:03:58.811  5199  5227 W MessagingApp: canonicalizeMccMnc: invalid mccmnc:null ,null
12-20 23:03:58.817  5230  5230 W System  : ClassLoader referenced unknown path: /system/priv-app/CellBroadcastReceiver/lib/arm64
12-20 23:03:58.821  3375  4534 D MmsServiceBroker: getCarrierConfigValues() by com.android.messaging
12-20 23:03:58.821  3375  4534 W MmsServiceBroker: MmsService not connected. Try connecting...
12-20 23:03:58.821  3375  3375 I MmsServiceBroker: Connecting to MmsService
12-20 23:03:58.821  3375  3375 W ContextImpl: Calling a method in the system process without a qualified user: android.app.ContextImpl.bindService:1295 com.android.server.MmsServiceBroker.tryConnecting:240 com.android.server.MmsServiceBroker.-wrap3:-1 com.android.server.MmsServiceBroker$1.handleMessage:82 android.os.Handler.dispatchMessage:102 
12-20 23:03:58.825  4072  4072 W System  : ClassLoader referenced unknown path: /system/priv-app/MmsService/lib/arm64
12-20 23:03:58.830  4072  4072 D MmsService: onCreate
12-20 23:03:58.831  5230  5230 D CellBroadcastReceiver: onReceive Intent { act=android.intent.action.SERVICE_STATE flg=0x10 cmp=com.android.cellbroadcastreceiver/.CellBroadcastReceiver (has extras) }
12-20 23:03:58.832  5230  5230 D CellBroadcastReceiver: Intent ACTION_SERVICE_STATE_CHANGED
12-20 23:03:58.832  5230  5230 D CellBroadcastReceiver: subscriptionId = -2
12-20 23:03:58.836  3375  3375 I MmsServiceBroker: MmsService connected
12-20 23:03:58.837  4072  4135 D MmsService: getCarrierConfigValues
12-20 23:03:58.837  4072  4135 I MmsService: mms config for sub 1: null
12-20 23:03:58.842  4072  5244 I MmsService: MmsConfigManager loads in background mcc/mnc: 722/34
12-20 23:03:58.845  5199  5227 I MessagingApp: Carrier configs loaded: Bundle[{smsToMmsTextThreshold=-1, maxMessageTextSize=-1, recipientLimit=-1, maxImageHeight=480, maxMessageSize=307200, maxImageWidth=640, enabledMMS=true, enableMultipartSMS=true}] from resources+system for subId=1
12-20 23:03:58.846  5199  5199 I MessagingApp: Carrier config changed. Reloading MMS config.
12-20 23:03:58.879  5199  5245 W MessagingApp: canonicalizeMccMnc: invalid mccmnc:null ,null
12-20 23:03:58.883  3375  3391 I ActivityManager: Killing 3749:org.cyanogenmod.themes.provider/u0a21 (adj 15): empty #17
12-20 23:03:58.883  3375  4687 D MmsServiceBroker: getCarrierConfigValues() by com.android.messaging
12-20 23:03:58.884  4072  4793 D MmsService: getCarrierConfigValues
12-20 23:03:58.884  5199  5249 I MessagingAppDataModel: SyncMessagesAction: Starting batch for messages from 1482285431478 to 1482285838748 (message update limit = 80, message scan limit = 4000)
12-20 23:03:58.884  4072  4793 I MmsService: mms config for sub 1: Bundle[{httpSocketTimeout=60000, aliasMinChars=2, smsToMmsTextThreshold=-1, enableSMSDeliveryReports=true, maxMessageTextSize=-1, supportMmsContentDisposition=true, enabledTransID=false, aliasEnabled=false, supportHttpCharsetHeader=false, allowAttachAudio=true, smsToMmsTextLengthThreshold=-1, recipientLimit=2147483647, uaProfTagName=x-wap-profile, aliasMaxChars=48, maxImageHeight=480, enableMMSDeliveryReports=false, userAgent=, config_cellBroadcastAppLinks=true, maxSubjectLength=40, httpParams=, enableGroupMms=true, emailGatewayNumber=, maxMessageSize=307200, naiSuffix=, enableMMSReadReports=false, maxImageWidth=640, uaProfUrl=, enabledMMS=true, enabledNotifyWapMMSC=false, sendMultipartSmsAsSeparateMessages=false, enableMultipartSMS=true}]
12-20 23:03:58.885  5199  5245 I MessagingApp: Carrier configs loaded: Bundle[{httpSocketTimeout=60000, aliasMinChars=2, smsToMmsTextThreshold=-1, enableSMSDeliveryReports=true, maxMessageTextSize=-1, supportMmsContentDisposition=true, enabledTransID=false, aliasEnabled=false, supportHttpCharsetHeader=false, allowAttachAudio=true, smsToMmsTextLengthThreshold=-1, recipientLimit=2147483647, uaProfTagName=x-wap-profile, aliasMaxChars=48, maxImageHeight=480, enableMMSDeliveryReports=false, userAgent=, config_cellBroadcastAppLinks=true, maxSubjectLength=40, httpParams=, enableGroupMms=true, emailGatewayNumber=, maxMessageSize=307200, naiSuffix=, enableMMSReadReports=false, maxImageWidth=640, uaProfUrl=, enabledMMS=true, enabledNotifyWapMMSC=false, sendMultipartSmsAsSeparateMessages=false, enableMultipartSMS=true}] from resources+system for subId=1
12-20 23:03:58.887  3632  4218 D mali_winsys: EGLint new_window_surface(egl_winsys_display*, void*, EGLSurface, EGLConfig, egl_winsys_surface**, egl_color_buffer_format*, EGLBoolean) returns 0x3000,  [1440x96]-format:1
12-20 23:03:58.903  5199  5247 W MessagingApp: canonicalizeMccMnc: invalid mccmnc:null ,null
12-20 23:03:58.905  5102  5102 D AlertReceiver: onReceive: a=android.intent.action.PROVIDER_CHANGED Intent { act=android.intent.action.PROVIDER_CHANGED dat=content://com.android.calendar flg=0x20000010 cmp=com.android.calendar/.alerts.AlertReceiver }
12-20 23:03:58.907  3375  3722 D MmsServiceBroker: getCarrierConfigValues() by com.android.messaging
12-20 23:03:58.907  4072  4506 D MmsService: getCarrierConfigValues
12-20 23:03:58.907  4072  4506 I MmsService: mms config for sub 1: Bundle[{httpSocketTimeout=60000, aliasMinChars=2, smsToMmsTextThreshold=-1, enableSMSDeliveryReports=true, maxMessageTextSize=-1, supportMmsContentDisposition=true, enabledTransID=false, aliasEnabled=false, supportHttpCharsetHeader=false, allowAttachAudio=true, smsToMmsTextLengthThreshold=-1, recipientLimit=2147483647, uaProfTagName=x-wap-profile, aliasMaxChars=48, maxImageHeight=480, enableMMSDeliveryReports=false, userAgent=, config_cellBroadcastAppLinks=true, maxSubjectLength=40, httpParams=, enableGroupMms=true, emailGatewayNumber=, maxMessageSize=307200, naiSuffix=, enableMMSReadReports=false, maxImageWidth=640, uaProfUrl=, enabledMMS=true, enabledNotifyWapMMSC=false, sendMultipartSmsAsSeparateMessages=false, enableMultipartSMS=true}]
12-20 23:03:58.908  3375  4390 D ActivityManager: cleanUpApplicationRecord -- 3749
12-20 23:03:58.909  5199  5247 I MessagingApp: Carrier configs loaded: Bundle[{httpSocketTimeout=60000, aliasMinChars=2, smsToMmsTextThreshold=-1, enableSMSDeliveryReports=true, maxMessageTextSize=-1, supportMmsContentDisposition=true, enabledTransID=false, aliasEnabled=false, supportHttpCharsetHeader=false, allowAttachAudio=true, smsToMmsTextLengthThreshold=-1, recipientLimit=2147483647, uaProfTagName=x-wap-profile, aliasMaxChars=48, maxImageHeight=480, enableMMSDeliveryReports=false, userAgent=, config_cellBroadcastAppLinks=true, maxSubjectLength=40, httpParams=, enableGroupMms=true, emailGatewayNumber=, maxMessageSize=307200, naiSuffix=, enableMMSReadReports=false, maxImageWidth=640, uaProfUrl=, enabledMMS=true, enabledNotifyWapMMSC=false, sendMultipartSmsAsSeparateMessages=false, enableMultipartSMS=true}] from resources+system for subId=1
12-20 23:03:58.915  5102  5251 D AlertService: 0 Action = android.intent.action.PROVIDER_CHANGED
12-20 23:03:58.957  4412  4887 I Icing   : Internal init done: storage state 0
12-20 23:03:58.965  4046  4644 E ctxmgr  : [BaseServerTask]Failed network request due to no network connectivity.
12-20 23:03:58.966  4046  4644 E ctxmgr  : [SyncServerInterestRecordsOperation]Failure response from WriteInterestRecord. StatusCode = 1
12-20 23:03:59.024  4412  5257 I Icing   : Query from com.google.android.gms package restrict com.google.android.gms start 0 num 100
12-20 23:03:59.030  5199  5256 I MessagingAppDataModel: SyncMessagesAction: All messages now in sync
12-20 23:03:59.034  3375  3392 I ActivityManager: Killing 3699:com.android.externalstorage/u0a9 (adj 15): empty #17
12-20 23:03:59.043  3375  3660 D ActivityManager: cleanUpApplicationRecord -- 3699
12-20 23:03:59.047  4412  5257 E Icing   : dlopen failed: library "/data/data/com.google.android.gms/files/libAppDataSearchExt_arm64_v8a.so" not found
12-20 23:03:59.047  4412  5257 E Icing   : Loading extension /data/data/com.google.android.gms/files/libAppDataSearchExt_arm64_v8a.so failed
12-20 23:03:59.160  3375  3403 D libgps  : agps_set_server: Waiting for IPC connection - timeout
12-20 23:03:59.160  3375  3403 E libgps  : LIBGPS: Cannot communicate (write) with a GPSD
12-20 23:03:59.160  3375  3403 E libgps  : IPC Communication Error, ../../../../tmp/14804949_263294/allPartners/os/android/gps_interface/gpsi_client/GpsiClient.cpp:1586 agps_set_server
12-20 23:03:59.160  3375  3403 D GpsLocationProvider: GPS configuration:
12-20 23:03:59.160  3375  3403 D GpsLocationProvider:  #Tue Dec 20 23:03:59 GMT-03:00 2016
12-20 23:03:59.160  3375  3403 D GpsLocationProvider: XTRA_SERVER_2=http\://gllto2.glpals.com/4day/v4/latest/lto2.dat
12-20 23:03:59.160  3375  3403 D GpsLocationProvider: SUPL_VER=0x20000
12-20 23:03:59.160  3375  3403 D GpsLocationProvider: SUPL_HOST=supl.google.com
12-20 23:03:59.160  3375  3403 D GpsLocationProvider: NTP_SERVER=north-america.pool.ntp.org
12-20 23:03:59.160  3375  3403 D GpsLocationProvider: XTRA_SERVER_1=http\://gllto1.glpals.com/4day/v4/latest/lto2.dat
12-20 23:03:59.160  3375  3403 D GpsLocationProvider: SUPL_PORT=7275
12-20 23:03:59.160  3375  3403 D GpsLocationProvider: SUPL_MODE=1
12-20 23:03:59.161  3375  3403 D libgps  : SendGpsExtensionMessage: Waiting for IPC connection...
12-20 23:03:59.339  4046  4046 I GCoreUlr: DispatchingService.onDestroy()
12-20 23:03:59.341  4046  4046 I GCoreUlr: Stopping handler for UlrDispSvcFast
12-20 23:03:59.343  4046  4046 I GCoreUlr: Unbound from all location providers
12-20 23:03:59.343  4046  4046 I GCoreUlr: Place inference reporting - stop
12-20 23:03:59.344  4412  4887 I Icing   : Post-init done
12-20 23:03:59.351  4412  4612 I PhenotypeFlagCommitter: Experiment Configs successfully retrieved for com.google.android.gms.walletp2p
12-20 23:03:59.355  4072  5263 D SIP     : [SipSharedPreferences] isReceivingCallsEnabled, option not set; use default value, exception: android.provider.Settings$SettingNotFoundException: sip_receive_calls
12-20 23:03:59.365  5230  5230 D CellBroadcastReceiver: onReceive Intent { act=android.intent.action.SERVICE_STATE flg=0x10 cmp=com.android.cellbroadcastreceiver/.CellBroadcastReceiver (has extras) }
12-20 23:03:59.365  5230  5230 D CellBroadcastReceiver: Intent ACTION_SERVICE_STATE_CHANGED
12-20 23:03:59.365  5230  5230 D CellBroadcastReceiver: subscriptionId = -2
12-20 23:03:59.371  4412  4887 I Icing   : Usage reports 0 indexed 0 rejected 0 imm upload false
12-20 23:03:59.379  4412  4887 I Icing   : Usage reports 0 indexed 0 rejected 0 imm upload false
12-20 23:03:59.385  4412  4887 I Icing   : Usage reports 0 indexed 0 rejected 0 imm upload false
12-20 23:03:59.391  4412  4887 I Icing   : Usage reports 0 indexed 0 rejected 0 imm upload false
12-20 23:03:59.392  5230  5230 D CellBroadcastReceiver: onReceive Intent { act=android.intent.action.internal_sim_state_changed flg=0x24000010 cmp=com.android.cellbroadcastreceiver/.CellBroadcastReceiver (has extras) }
12-20 23:03:59.396  4046  4563 W ContentTaskController: Invalid newTask was provided to startTracking.
12-20 23:03:59.396  4412  4887 I Icing   : Usage reports 0 indexed 0 rejected 0 imm upload false
12-20 23:03:59.399  4412  4887 I Icing   : Usage reports 0 indexed 0 rejected 0 imm upload false
12-20 23:03:59.402  4412  4612 I PhenotypeFlagCommitter: Experiment Configs successfully retrieved for com.google.android.gms.walletp2p
12-20 23:03:59.403  4412  4887 I Icing   : Usage reports 0 indexed 0 rejected 0 imm upload false
12-20 23:03:59.409  4412  4825 I Icing   : Usage reports 0 indexed 0 rejected 0 imm upload false
12-20 23:03:59.421  4412  4825 I Icing   : Usage reports 0 indexed 0 rejected 0 imm upload false
12-20 23:03:59.432  4072  4072 W OmtpVvmCarrierConfigHelper: Invalid subscriptionId or subscriptionId not provided in intent.
12-20 23:03:59.449  5140  5140 V AlarmClock: AlarmInitReceiver android.intent.action.TIMEZONE_CHANGED
12-20 23:03:59.451  5230  5265 D CellBroadcastConfigService: enabling emergency cell broadcast channels
12-20 23:03:59.457  4412  4879 W IcingInternalCorpora: getNumBytesRead when not calculated.
12-20 23:03:59.459  4072  4135 D IccSmsInterfaceManager: [IccSmsInterfaceManager] enableGsmBroadcastRange
12-20 23:03:59.460  4072  4135 D IccSmsInterfaceManager: [IccSmsInterfaceManager] Calling setGsmBroadcastConfig with 1 configurations
12-20 23:03:59.466  4072  4135 D IccSmsInterfaceManager: [IccSmsInterfaceManager] Added GSM cell broadcast subscription for MID range 4352 to 4354 from client com.android.cellbroadcastreceiver
12-20 23:03:59.466  4072  4135 D IccSmsInterfaceManager: [IccSmsInterfaceManager] Calling setCellBroadcastActivation(true)
12-20 23:03:59.468  5140  5159 V AlarmClock: AlarmInitReceiver finished
12-20 23:03:59.472  4072  4506 D IccSmsInterfaceManager: [IccSmsInterfaceManager] enableGsmBroadcastRange
12-20 23:03:59.473  4072  4506 D IccSmsInterfaceManager: [IccSmsInterfaceManager] Calling setGsmBroadcastConfig with 2 configurations
12-20 23:03:59.476  4046  4644 W ContentTaskController: Invalid newTask was provided to startTracking.
12-20 23:03:59.478  4072  4506 D IccSmsInterfaceManager: [IccSmsInterfaceManager] Added GSM cell broadcast subscription for MID range 4356 to 4356 from client com.android.cellbroadcastreceiver
12-20 23:03:59.478  4072  4506 D IccSmsInterfaceManager: [IccSmsInterfaceManager] Calling setCellBroadcastActivation(true)
12-20 23:03:59.488  4072  4793 D IccSmsInterfaceManager: [IccSmsInterfaceManager] enableGsmBroadcastRange
12-20 23:03:59.490  4072  4793 D IccSmsInterfaceManager: [IccSmsInterfaceManager] Calling setGsmBroadcastConfig with 3 configurations
12-20 23:03:59.494  5230  5230 D CellBroadcastReceiver: onReceive Intent { act=android.intent.action.SERVICE_STATE flg=0x10 cmp=com.android.cellbroadcastreceiver/.CellBroadcastReceiver (has extras) }
12-20 23:03:59.494  5230  5230 D CellBroadcastReceiver: Intent ACTION_SERVICE_STATE_CHANGED
12-20 23:03:59.494  5230  5230 D CellBroadcastReceiver: subscriptionId = -2
12-20 23:03:59.497  4072  4793 D IccSmsInterfaceManager: [IccSmsInterfaceManager] Added GSM cell broadcast subscription for MID range 4371 to 4372 from client com.android.cellbroadcastreceiver
12-20 23:03:59.497  4072  4793 D IccSmsInterfaceManager: [IccSmsInterfaceManager] Calling setCellBroadcastActivation(true)
12-20 23:03:59.501  4046  4644 W ContentTaskController: Invalid newTask was provided to startTracking.
12-20 23:03:59.511  4072  4135 D IccSmsInterfaceManager: [IccSmsInterfaceManager] enableCdmaBroadcastRange
12-20 23:03:59.515  4072  4135 D IccSmsInterfaceManager: [IccSmsInterfaceManager] Calling setCdmaBroadcastConfig with 1 configurations
12-20 23:03:59.517  4072  4135 D IccSmsInterfaceManager: [IccSmsInterfaceManager] Failed to add cdma broadcast subscription for MID range 4097 to 4097 from client com.android.cellbroadcastreceiver
12-20 23:03:59.531  4072  4136 D IccSmsInterfaceManager: [IccSmsInterfaceManager] enableGsmBroadcastRange
12-20 23:03:59.531  4412  4879 W IcingInternalCorpora: getNumBytesRead when not calculated.
12-20 23:03:59.533  4072  4136 D IccSmsInterfaceManager: [IccSmsInterfaceManager] Calling setGsmBroadcastConfig with 4 configurations
12-20 23:03:59.540  4072  4136 D IccSmsInterfaceManager: [IccSmsInterfaceManager] Added GSM cell broadcast subscription for MID range 4373 to 4378 from client com.android.cellbroadcastreceiver
12-20 23:03:59.540  4072  4136 D IccSmsInterfaceManager: [IccSmsInterfaceManager] Calling setCellBroadcastActivation(true)
12-20 23:03:59.553  4072  4506 D IccSmsInterfaceManager: [IccSmsInterfaceManager] enableCdmaBroadcastRange
12-20 23:03:59.554  4072  4506 D IccSmsInterfaceManager: [IccSmsInterfaceManager] Calling setCdmaBroadcastConfig with 1 configurations
12-20 23:03:59.556  4072  4506 D IccSmsInterfaceManager: [IccSmsInterfaceManager] Failed to add cdma broadcast subscription for MID range 4098 to 4098 from client com.android.cellbroadcastreceiver
12-20 23:03:59.561  4072  4792 D IccSmsInterfaceManager: [IccSmsInterfaceManager] enableGsmBroadcastRange
12-20 23:03:59.563  4072  4792 D IccSmsInterfaceManager: [IccSmsInterfaceManager] Calling setGsmBroadcastConfig with 4 configurations
12-20 23:03:59.569  4072  4792 D IccSmsInterfaceManager: [IccSmsInterfaceManager] Added GSM cell broadcast subscription for MID range 4379 to 4379 from client com.android.cellbroadcastreceiver
12-20 23:03:59.569  4072  4792 D IccSmsInterfaceManager: [IccSmsInterfaceManager] Calling setCellBroadcastActivation(true)
12-20 23:03:59.575  4412  4879 W IcingInternalCorpora: getNumBytesRead when not calculated.
12-20 23:03:59.578  4072  4506 D IccSmsInterfaceManager: [IccSmsInterfaceManager] enableCdmaBroadcastRange
12-20 23:03:59.578  4072  4506 D IccSmsInterfaceManager: [IccSmsInterfaceManager] Calling setCdmaBroadcastConfig with 1 configurations
12-20 23:03:59.580  4072  4506 D IccSmsInterfaceManager: [IccSmsInterfaceManager] Failed to add cdma broadcast subscription for MID range 4099 to 4099 from client com.android.cellbroadcastreceiver
12-20 23:03:59.583  4046  4644 W ContentTaskController: Invalid newTask was provided to startTracking.
12-20 23:03:59.586  4072  4135 D IccSmsInterfaceManager: [IccSmsInterfaceManager] enableGsmBroadcastRange
12-20 23:03:59.587  4072  4135 D IccSmsInterfaceManager: [IccSmsInterfaceManager] Calling setGsmBroadcastConfig with 4 configurations
12-20 23:03:59.595  4072  4135 D IccSmsInterfaceManager: [IccSmsInterfaceManager] Added GSM cell broadcast subscription for MID range 4380 to 4382 from client com.android.cellbroadcastreceiver
12-20 23:03:59.595  4072  4135 D IccSmsInterfaceManager: [IccSmsInterfaceManager] Calling setCellBroadcastActivation(true)
12-20 23:03:59.604  4072  4793 D IccSmsInterfaceManager: [IccSmsInterfaceManager] enableCdmaBroadcastRange
12-20 23:03:59.604  4046  4644 W ContentTaskController: Invalid task was provided to stopTracking.
12-20 23:03:59.606  4072  4793 D IccSmsInterfaceManager: [IccSmsInterfaceManager] Calling setCdmaBroadcastConfig with 1 configurations
12-20 23:03:59.611  4046  4644 W ContentTaskController: Invalid newTask was provided to startTracking.
12-20 23:03:59.622  4072  4793 D IccSmsInterfaceManager: [IccSmsInterfaceManager] Failed to add cdma broadcast subscription for MID range 4100 to 4100 from client com.android.cellbroadcastreceiver
12-20 23:03:59.633  4072  4506 D IccSmsInterfaceManager: [IccSmsInterfaceManager] enableGsmBroadcastRange
12-20 23:03:59.635  4072  4506 D IccSmsInterfaceManager: [IccSmsInterfaceManager] Calling setGsmBroadcastConfig with 4 configurations
12-20 23:03:59.641  4072  4506 D IccSmsInterfaceManager: [IccSmsInterfaceManager] Added GSM cell broadcast subscription for MID range 4393 to 4395 from client com.android.cellbroadcastreceiver
12-20 23:03:59.641  4072  4506 D IccSmsInterfaceManager: [IccSmsInterfaceManager] Calling setCellBroadcastActivation(true)
12-20 23:03:59.645  5230  5265 D CellBroadcastConfigService: enabled emergency cell broadcast channels
12-20 23:03:59.650  4072  4136 D IccSmsInterfaceManager: [IccSmsInterfaceManager] enableGsmBroadcastRange
12-20 23:03:59.651  4072  4136 D IccSmsInterfaceManager: [IccSmsInterfaceManager] Calling setGsmBroadcastConfig with 5 configurations
12-20 23:03:59.660  4072  4136 D IccSmsInterfaceManager: [IccSmsInterfaceManager] Added GSM cell broadcast subscription for MID range 4370 to 4370 from client com.android.cellbroadcastreceiver
12-20 23:03:59.660  4072  4136 D IccSmsInterfaceManager: [IccSmsInterfaceManager] Calling setCellBroadcastActivation(true)
12-20 23:03:59.670  4072  4815 D IccSmsInterfaceManager: [IccSmsInterfaceManager] enableCdmaBroadcastRange
12-20 23:03:59.672  4072  4815 D IccSmsInterfaceManager: [IccSmsInterfaceManager] Calling setCdmaBroadcastConfig with 1 configurations
12-20 23:03:59.675  4072  4815 D IccSmsInterfaceManager: [IccSmsInterfaceManager] Failed to add cdma broadcast subscription for MID range 4096 to 4096 from client com.android.cellbroadcastreceiver
12-20 23:03:59.682  4072  4443 D IccSmsInterfaceManager: [IccSmsInterfaceManager] enableGsmBroadcastRange
12-20 23:03:59.684  4072  4443 D IccSmsInterfaceManager: [IccSmsInterfaceManager] Calling setGsmBroadcastConfig with 5 configurations
12-20 23:03:59.689  4072  4443 D IccSmsInterfaceManager: [IccSmsInterfaceManager] Added GSM cell broadcast subscription for MID range 4383 to 4383 from client com.android.cellbroadcastreceiver
12-20 23:03:59.690  4072  4443 D IccSmsInterfaceManager: [IccSmsInterfaceManager] Calling setCellBroadcastActivation(true)
12-20 23:03:59.693  5230  5265 D CellBroadcastConfigService: disabling cell broadcast channel 50
12-20 23:03:59.697  4072  4792 D IccSmsInterfaceManager: [IccSmsInterfaceManager] disableGsmBroadcastRange
12-20 23:03:59.698  4072  4792 D IccSmsInterfaceManager: [IccSmsInterfaceManager] Failed to remove GSM cell broadcast subscription for MID range 50 to 50 from client com.android.cellbroadcastreceiver
12-20 23:03:59.698  4046  4644 W ContentTaskController: Invalid newTask was provided to startTracking.
12-20 23:03:59.698  5230  5265 D CellBroadcastConfigService: disabling cell broadcast channel 60
12-20 23:03:59.702  4072  4793 D IccSmsInterfaceManager: [IccSmsInterfaceManager] disableGsmBroadcastRange
12-20 23:03:59.703  4072  4793 D IccSmsInterfaceManager: [IccSmsInterfaceManager] Failed to remove GSM cell broadcast subscription for MID range 60 to 60 from client com.android.cellbroadcastreceiver
12-20 23:03:59.703  5230  5265 D CellBroadcastConfigService: disabled cell broadcast channel 60
12-20 23:03:59.706  5230  5265 D CellBroadcastConfigService: disabling channels 919-928
12-20 23:03:59.707  4412  4412 I CmaSystemUpdateService: receiver: Intent { act=com.google.android.gms.update.BOOT_START_SERVICE flg=0x10 pkg=com.google.android.gms cmp=com.google.android.gms/.update.SystemUpdateServiceReceiver }
12-20 23:03:59.709  4412  4412 I CmaSystemUpdateService: receiver: Intent { act=com.google.android.gms.update.BOOT_START_SERVICE flg=0x10 pkg=com.google.android.gms cmp=com.google.android.gms/.update.SystemUpdateServiceReceiver }
12-20 23:03:59.709  4072  4136 D IccSmsInterfaceManager: [IccSmsInterfaceManager] disableGsmBroadcastRange
12-20 23:03:59.709  4072  4136 D IccSmsInterfaceManager: [IccSmsInterfaceManager] Failed to remove GSM cell broadcast subscription for MID range 919 to 928 from client com.android.cellbroadcastreceiver
12-20 23:03:59.712  5230  5265 D CellBroadcastConfigService: disabling cell broadcast ETWS test messages
12-20 23:03:59.715  4072  4792 D IccSmsInterfaceManager: [IccSmsInterfaceManager] disableGsmBroadcastRange
12-20 23:03:59.717  4072  4792 D IccSmsInterfaceManager: [IccSmsInterfaceManager] Failed to remove GSM cell broadcast subscription for MID range 4355 to 4355 from client com.android.cellbroadcastreceiver
12-20 23:03:59.729  4046  4644 W ContentTaskController: Invalid newTask was provided to startTracking.
12-20 23:03:59.751  4412  5286 I SystemUpdateTask: cancelUpdate (empty URL)
12-20 23:03:59.751  4412  5286 I CmaSystemUpdateService: active receiver: disabled
12-20 23:03:59.774  4046  4644 W ContentTaskController: Invalid newTask was provided to startTracking.
12-20 23:03:59.793  4046  4644 W ContentTaskController: Invalid task was provided to stopTracking.
12-20 23:03:59.805  3051  3591 V audio_hw_primary: out_set_parameters: key value pairs: routing=2
12-20 23:03:59.814  4046  4644 W ContentTaskController: Invalid task was provided to stopTracking.
12-20 23:03:59.820  4046  4644 W ContentTaskController: Invalid newTask was provided to startTracking.
12-20 23:03:59.837  3051  3591 D AudioFlinger: mixer(0xf2ac0000) throttle end: throttle time(9)
12-20 23:03:59.840  4046  4644 W ContentTaskController: Invalid newTask was provided to startTracking.
12-20 23:03:59.844  4046  4644 W ContentTaskController: Invalid newTask was provided to startTracking.
12-20 23:03:59.867  4046  4644 W ContentTaskController: Invalid newTask was provided to startTracking.
12-20 23:03:59.889  4046  4644 W ContentTaskController: Invalid newTask was provided to startTracking.
12-20 23:03:59.915  4046  4644 W ContentTaskController: Invalid newTask was provided to startTracking.
12-20 23:03:59.936  4046  4644 W ContentTaskController: Invalid newTask was provided to startTracking.
12-20 23:03:59.958  4046  4644 W ContentTaskController: Invalid newTask was provided to startTracking.
12-20 23:03:59.987  4046  4644 W ContentTaskController: Invalid newTask was provided to startTracking.
12-20 23:04:00.008  4046  4644 W ContentTaskController: Invalid newTask was provided to startTracking.
12-20 23:04:00.040  4046  4644 W ContentTaskController: Invalid newTask was provided to startTracking.
12-20 23:04:00.043  3375  3570 D WifiService: New client listening to asynchronous messages
12-20 23:04:00.047  4412  4412 I CastSocket: 23 >= 18. Adding new CastClientAuthKeyManager.
12-20 23:04:00.063  4412  4412 I DeviceCache: Unable to convert the the network interface's MAC Address to string. MAC address cannot be null.
12-20 23:04:00.064  4412  4412 I DeviceCache: Unable to convert the the network interface's MAC Address to string. MAC address cannot be null.
12-20 23:04:00.064  4412  4412 I DeviceCache: Unable to convert the the network interface's MAC Address to string. MAC address cannot be null.
12-20 23:04:00.064  4412  4412 I DeviceCache: Unable to convert the the network interface's MAC Address to string. MAC address cannot be null.
12-20 23:04:00.064  4412  4412 I DeviceCache: Unable to convert the the network interface's MAC Address to string. MAC address cannot be null.
12-20 23:04:00.064  4412  4412 I DeviceCache: Unable to convert the the network interface's MAC Address to string. MAC address cannot be null.
12-20 23:04:00.064  4412  4412 I DeviceCache: Unable to convert the the network interface's MAC Address to string. MAC address cannot be null.
12-20 23:04:00.064  4412  4412 I DeviceCache: Unable to convert the the network interface's MAC Address to string. MAC address cannot be null.
12-20 23:04:00.065  4412  4412 I DeviceCache: Unable to convert the the network interface's MAC Address to string. MAC address cannot be null.
12-20 23:04:00.065  4412  4412 I DeviceCache: Unable to convert the the network interface's MAC Address to string. MAC address cannot be null.
12-20 23:04:00.065  4412  4412 I DeviceCache: Unable to convert the the network interface's MAC Address to string. MAC address cannot be null.
12-20 23:04:00.065  4412  4412 I DeviceCache: Unable to convert the the network interface's MAC Address to string. MAC address cannot be null.
12-20 23:04:00.066  4046  4644 W ContentTaskController: Invalid newTask was provided to startTracking.
12-20 23:04:00.089  4046  4644 W ContentTaskController: Invalid newTask was provided to startTracking.
12-20 23:04:00.127  4046  4644 W ContentTaskController: Invalid newTask was provided to startTracking.
12-20 23:04:00.150  4046  4644 W ContentTaskController: Invalid newTask was provided to startTracking.
12-20 23:04:00.163  3375  3403 D libgps  : SendGpsExtensionMessage: Waiting for IPC connection - timeout
12-20 23:04:00.163  3375  3403 E libgps  : LIBGPS: Cannot communicate (write) with a GPSD
12-20 23:04:00.163  3375  3403 E libgps  : IPC Communication Error, ../../../../tmp/14804949_263294/allPartners/os/android/gps_interface/gpsi_client/GpsiClient.cpp:625 SendGpsExtensionMessage
12-20 23:04:00.163  3375  3403 D GpsLocationProvider: final config = #Tue Dec 20 23:03:59 GMT-03:00 2016
12-20 23:04:00.163  3375  3403 D GpsLocationProvider: XTRA_SERVER_2=http\://gllto2.glpals.com/4day/v4/latest/lto2.dat
12-20 23:04:00.163  3375  3403 D GpsLocationProvider: SUPL_VER=0x20000
12-20 23:04:00.163  3375  3403 D GpsLocationProvider: SUPL_HOST=supl.google.com
12-20 23:04:00.163  3375  3403 D GpsLocationProvider: NTP_SERVER=north-america.pool.ntp.org
12-20 23:04:00.163  3375  3403 D GpsLocationProvider: XTRA_SERVER_1=http\://gllto1.glpals.com/4day/v4/latest/lto2.dat
12-20 23:04:00.163  3375  3403 D GpsLocationProvider: SUPL_PORT=7275
12-20 23:04:00.163  3375  3403 D GpsLocationProvider: SUPL_MODE=1
12-20 23:04:00.163  3375  3403 D GpsLocationProvider: received SIM change, new known MCC/MNC: [72234]
12-20 23:04:00.174  4046  4644 W ContentTaskController: Invalid newTask was provided to startTracking.
12-20 23:04:00.191  3375  3403 D GpsLocationProvider: received SIM change, new known MCC/MNC: [72234]
12-20 23:04:00.192  4046  4644 W ContentTaskController: Invalid newTask was provided to startTracking.
12-20 23:04:00.209  4046  4644 W ContentTaskController: Invalid newTask was provided to startTracking.
12-20 23:04:00.210  3375  3403 D GpsLocationProvider: received SIM change, new known MCC/MNC: [72234]
12-20 23:04:00.211  3375  3403 D GpsLocationProvider: received SIM change, new known MCC/MNC: [72234]
12-20 23:04:00.225  4046  4644 W ContentTaskController: Invalid newTask was provided to startTracking.
12-20 23:04:00.227  4072  4072 V ConfigResourceUtil: resourceName = config_spn_display_control resourceId = 2130837514resourceValue = false
12-20 23:04:00.229  3375  4045 D AlarmManagerService: Kernel timezone updated to 180 minutes west of GMT
12-20 23:04:00.235  5230  5230 D CellBroadcastReceiver: onReceive Intent { act=android.intent.action.SERVICE_STATE flg=0x10 cmp=com.android.cellbroadcastreceiver/.CellBroadcastReceiver (has extras) }
12-20 23:04:00.235  5230  5230 D CellBroadcastReceiver: Intent ACTION_SERVICE_STATE_CHANGED
12-20 23:04:00.235  5230  5230 D CellBroadcastReceiver: subscriptionId = 1
12-20 23:04:00.249  4046  4644 W ContentTaskController: Invalid newTask was provided to startTracking.
12-20 23:04:00.252  5230  5230 D CellBroadcastReceiver: Service state changed! 0 Full: 0 0 voice home data home PERSONAL AR TP 72234 PERSONAL AR TP 72234  UMTS UMTS CSS not supported -1 -1 RoamInd=-1 DefRoamInd=-1 EmergOnly=false IsDataRoamingFromRegistration=false Current state=1
12-20 23:04:00.254  4072  4072 D TelephonyProvider: getPreferredApnIdFromApn: for subId 1
12-20 23:04:00.255  4072  4072 D TelephonyProvider: Preferred APN: -1
12-20 23:04:00.276  4046  4644 W ContentTaskController: Invalid newTask was provided to startTracking.
12-20 23:04:00.295  5230  5312 D CellBroadcastConfigService: enabling emergency cell broadcast channels
12-20 23:04:00.299  4072  4792 D IccSmsInterfaceManager: [IccSmsInterfaceManager] enableGsmBroadcastRange
12-20 23:04:00.300  4072  4792 D IccSmsInterfaceManager: [IccSmsInterfaceManager] Added GSM cell broadcast subscription for MID range 4352 to 4354 from client com.android.cellbroadcastreceiver
12-20 23:04:00.300  4072  4792 D IccSmsInterfaceManager: [IccSmsInterfaceManager] Calling setCellBroadcastActivation(true)
12-20 23:04:00.309  4046  4644 W ContentTaskController: Invalid newTask was provided to startTracking.
12-20 23:04:00.328  4046  4644 W ContentTaskController: Invalid newTask was provided to startTracking.
12-20 23:04:00.336  4072  4072 D TelephonyProvider: getPreferredApnIdFromApn: for subId 1
12-20 23:04:00.336  4072  4072 D TelephonyProvider: Preferred APN: -1
12-20 23:04:00.346  4046  4644 W ContentTaskController: Invalid newTask was provided to startTracking.
12-20 23:04:00.367  4072  4793 D IccSmsInterfaceManager: [IccSmsInterfaceManager] enableGsmBroadcastRange
12-20 23:04:00.368  4072  4793 D IccSmsInterfaceManager: [IccSmsInterfaceManager] Added GSM cell broadcast subscription for MID range 4356 to 4356 from client com.android.cellbroadcastreceiver
12-20 23:04:00.368  4072  4793 D IccSmsInterfaceManager: [IccSmsInterfaceManager] Calling setCellBroadcastActivation(true)
12-20 23:04:00.373  4072  4072 D TelephonyProvider: getPreferredApnIdFromApn: for subId 1
12-20 23:04:00.374  4072  4072 D TelephonyProvider: Preferred APN: -1
12-20 23:04:00.384  4412  4825 I Icing   : Indexing 34318C7C51A3DCE9D7D912BB52221006CE50693C from com.google.android.gms
12-20 23:04:00.403  4072  4815 D IccSmsInterfaceManager: [IccSmsInterfaceManager] enableGsmBroadcastRange
12-20 23:04:00.406  4072  4815 D IccSmsInterfaceManager: [IccSmsInterfaceManager] Added GSM cell broadcast subscription for MID range 4371 to 4372 from client com.android.cellbroadcastreceiver
12-20 23:04:00.406  4072  4815 D IccSmsInterfaceManager: [IccSmsInterfaceManager] Calling setCellBroadcastActivation(true)
12-20 23:04:00.406  4412  4825 W Icing   : Content incarnation mismatch: Expected [a577cac3ba9328ca] found [57a905786b8b7e3b]
12-20 23:04:00.406  4412  4825 I Icing   : Indexing done 34318C7C51A3DCE9D7D912BB52221006CE50693C
12-20 23:04:00.406  4412  4825 E Icing   : Aborting indexing of corpus contacts_contact_id
12-20 23:04:00.407  4412  4825 I Icing   : Removing corpus key 34318C7C51A3DCE9D7D912BB52221006CE50693C for package com.google.android.gms
12-20 23:04:00.411  4072  4443 D IccSmsInterfaceManager: [IccSmsInterfaceManager] enableCdmaBroadcastRange
12-20 23:04:00.411  4072  4443 D IccSmsInterfaceManager: [IccSmsInterfaceManager] Calling setCdmaBroadcastConfig with 1 configurations
12-20 23:04:00.413  4072  4443 D IccSmsInterfaceManager: [IccSmsInterfaceManager] Failed to add cdma broadcast subscription for MID range 4097 to 4097 from client com.android.cellbroadcastreceiver
12-20 23:04:00.415  4072  4506 D IccSmsInterfaceManager: [IccSmsInterfaceManager] enableGsmBroadcastRange
12-20 23:04:00.415  4072  4506 D IccSmsInterfaceManager: [IccSmsInterfaceManager] Added GSM cell broadcast subscription for MID range 4373 to 4378 from client com.android.cellbroadcastreceiver
12-20 23:04:00.415  4072  4506 D IccSmsInterfaceManager: [IccSmsInterfaceManager] Calling setCellBroadcastActivation(true)
12-20 23:04:00.418  4072  4793 D IccSmsInterfaceManager: [IccSmsInterfaceManager] enableCdmaBroadcastRange
12-20 23:04:00.419  4072  4793 D IccSmsInterfaceManager: [IccSmsInterfaceManager] Calling setCdmaBroadcastConfig with 1 configurations
12-20 23:04:00.421  4072  4793 D IccSmsInterfaceManager: [IccSmsInterfaceManager] Failed to add cdma broadcast subscription for MID range 4098 to 4098 from client com.android.cellbroadcastreceiver
12-20 23:04:00.423  4072  4136 D IccSmsInterfaceManager: [IccSmsInterfaceManager] enableGsmBroadcastRange
12-20 23:04:00.424  4072  4136 D IccSmsInterfaceManager: [IccSmsInterfaceManager] Added GSM cell broadcast subscription for MID range 4379 to 4379 from client com.android.cellbroadcastreceiver
12-20 23:04:00.424  4072  4136 D IccSmsInterfaceManager: [IccSmsInterfaceManager] Calling setCellBroadcastActivation(true)
12-20 23:04:00.428  4072  4815 D IccSmsInterfaceManager: [IccSmsInterfaceManager] enableCdmaBroadcastRange
12-20 23:04:00.428  4072  4815 D IccSmsInterfaceManager: [IccSmsInterfaceManager] Calling setCdmaBroadcastConfig with 1 configurations
12-20 23:04:00.429  4072  4815 D IccSmsInterfaceManager: [IccSmsInterfaceManager] Failed to add cdma broadcast subscription for MID range 4099 to 4099 from client com.android.cellbroadcastreceiver
12-20 23:04:00.432  4072  4135 D IccSmsInterfaceManager: [IccSmsInterfaceManager] enableGsmBroadcastRange
12-20 23:04:00.432  4072  4135 D IccSmsInterfaceManager: [IccSmsInterfaceManager] Added GSM cell broadcast subscription for MID range 4380 to 4382 from client com.android.cellbroadcastreceiver
12-20 23:04:00.432  4072  4135 D IccSmsInterfaceManager: [IccSmsInterfaceManager] Calling setCellBroadcastActivation(true)
12-20 23:04:00.435  4072  4792 D IccSmsInterfaceManager: [IccSmsInterfaceManager] enableCdmaBroadcastRange
12-20 23:04:00.436  4072  4792 D IccSmsInterfaceManager: [IccSmsInterfaceManager] Calling setCdmaBroadcastConfig with 1 configurations
12-20 23:04:00.437  4072  4792 D IccSmsInterfaceManager: [IccSmsInterfaceManager] Failed to add cdma broadcast subscription for MID range 4100 to 4100 from client com.android.cellbroadcastreceiver
12-20 23:04:00.439  4072  4443 D IccSmsInterfaceManager: [IccSmsInterfaceManager] enableGsmBroadcastRange
12-20 23:04:00.440  4412  4825 I Icing   : Flash index sort hb 90 prefix-hits 218 -> 217 at 26.954ms
12-20 23:04:00.440  4072  4443 D IccSmsInterfaceManager: [IccSmsInterfaceManager] Added GSM cell broadcast subscription for MID range 4393 to 4395 from client com.android.cellbroadcastreceiver
12-20 23:04:00.440  4072  4443 D IccSmsInterfaceManager: [IccSmsInterfaceManager] Calling setCellBroadcastActivation(true)
12-20 23:04:00.441  5230  5312 D CellBroadcastConfigService: enabled emergency cell broadcast channels
12-20 23:04:00.444  4072  4506 D IccSmsInterfaceManager: [IccSmsInterfaceManager] enableGsmBroadcastRange
12-20 23:04:00.444  4072  4506 D IccSmsInterfaceManager: [IccSmsInterfaceManager] Added GSM cell broadcast subscription for MID range 4370 to 4370 from client com.android.cellbroadcastreceiver
12-20 23:04:00.444  4072  4506 D IccSmsInterfaceManager: [IccSmsInterfaceManager] Calling setCellBroadcastActivation(true)
12-20 23:04:00.447  4072  4793 D IccSmsInterfaceManager: [IccSmsInterfaceManager] enableCdmaBroadcastRange
12-20 23:04:00.447  4072  4793 D IccSmsInterfaceManager: [IccSmsInterfaceManager] Calling setCdmaBroadcastConfig with 1 configurations
12-20 23:04:00.448  4072  4793 D IccSmsInterfaceManager: [IccSmsInterfaceManager] Failed to add cdma broadcast subscription for MID range 4096 to 4096 from client com.android.cellbroadcastreceiver
12-20 23:04:00.450  4072  4136 D IccSmsInterfaceManager: [IccSmsInterfaceManager] enableGsmBroadcastRange
12-20 23:04:00.451  4072  4136 D IccSmsInterfaceManager: [IccSmsInterfaceManager] Added GSM cell broadcast subscription for MID range 4383 to 4383 from client com.android.cellbroadcastreceiver
12-20 23:04:00.451  4072  4136 D IccSmsInterfaceManager: [IccSmsInterfaceManager] Calling setCellBroadcastActivation(true)
12-20 23:04:00.452  5230  5312 D CellBroadcastConfigService: disabling cell broadcast channel 50
12-20 23:04:00.454  4072  4815 D IccSmsInterfaceManager: [IccSmsInterfaceManager] disableGsmBroadcastRange
12-20 23:04:00.455  4072  4815 D IccSmsInterfaceManager: [IccSmsInterfaceManager] Failed to remove GSM cell broadcast subscription for MID range 50 to 50 from client com.android.cellbroadcastreceiver
12-20 23:04:00.455  5230  5312 D CellBroadcastConfigService: disabling cell broadcast channel 60
12-20 23:04:00.457  4072  4135 D IccSmsInterfaceManager: [IccSmsInterfaceManager] disableGsmBroadcastRange
12-20 23:04:00.458  4072  4135 D IccSmsInterfaceManager: [IccSmsInterfaceManager] Failed to remove GSM cell broadcast subscription for MID range 60 to 60 from client com.android.cellbroadcastreceiver
12-20 23:04:00.458  5230  5312 D CellBroadcastConfigService: disabled cell broadcast channel 60
12-20 23:04:00.459  5230  5312 D CellBroadcastConfigService: disabling channels 919-928
12-20 23:04:00.461  4072  4506 D IccSmsInterfaceManager: [IccSmsInterfaceManager] disableGsmBroadcastRange
12-20 23:04:00.462  4072  4506 D IccSmsInterfaceManager: [IccSmsInterfaceManager] Failed to remove GSM cell broadcast subscription for MID range 919 to 928 from client com.android.cellbroadcastreceiver
12-20 23:04:00.463  5230  5312 D CellBroadcastConfigService: disabling cell broadcast ETWS test messages
12-20 23:04:00.465  4072  4815 D IccSmsInterfaceManager: [IccSmsInterfaceManager] disableGsmBroadcastRange
12-20 23:04:00.466  4072  4815 D IccSmsInterfaceManager: [IccSmsInterfaceManager] Failed to remove GSM cell broadcast subscription for MID range 4355 to 4355 from client com.android.cellbroadcastreceiver
12-20 23:04:00.563  4412  4825 I Icing   : Indexing 3309213985361E89BE2CF3CD7FA5CE603B9D2F8D from com.google.android.gms
12-20 23:04:00.596  4412  4825 I Icing   : Indexing 34318C7C51A3DCE9D7D912BB52221006CE50693C from com.google.android.gms
12-20 23:04:00.616  4412  4825 I Icing   : Indexing done 3309213985361E89BE2CF3CD7FA5CE603B9D2F8D
12-20 23:04:00.616  4412  4825 I Icing   : Indexing 9E3D1AC178C506BAD8CB6A419002043B299F28AE from com.google.android.gms
12-20 23:04:00.625  4412  4825 W Icing   : Content incarnation mismatch: Expected [1952589bbc3caf85] found [96d9f81465113564]
12-20 23:04:00.625  4412  4825 I Icing   : Indexing done 9E3D1AC178C506BAD8CB6A419002043B299F28AE
12-20 23:04:00.625  4412  4825 E Icing   : Aborting indexing of corpus phones_data_id
12-20 23:04:00.628  4412  4825 I Icing   : Indexing done 34318C7C51A3DCE9D7D912BB52221006CE50693C
12-20 23:04:00.628  4412  4825 I Icing   : Removing corpus key 9E3D1AC178C506BAD8CB6A419002043B299F28AE for package com.google.android.gms
12-20 23:04:00.641  4412  4825 I Icing   : Flash index sort hb 40 prefix-hits 62 -> 61 at 7.357ms
12-20 23:04:00.771  4412  4825 I Icing   : Indexing 9E3D1AC178C506BAD8CB6A419002043B299F28AE from com.google.android.gms
12-20 23:04:00.792  4412  4825 I Icing   : Indexing done 9E3D1AC178C506BAD8CB6A419002043B299F28AE
12-20 23:04:01.432  3375  3660 I ActivityManager: Killing 4698:com.android.carrierconfig/u0a7 (adj 15): empty #17
12-20 23:04:01.443  3375  4103 D ActivityManager: cleanUpApplicationRecord -- 4698
12-20 23:04:02.330  4072  4072 V ConfigResourceUtil: resourceName = config_spn_display_control resourceId = 2130837514resourceValue = false
12-20 23:04:02.331  3375  3718 D AlarmManagerService: Kernel timezone updated to 180 minutes west of GMT
12-20 23:04:02.336  5230  5230 D CellBroadcastReceiver: onReceive Intent { act=android.intent.action.SERVICE_STATE flg=0x10 cmp=com.android.cellbroadcastreceiver/.CellBroadcastReceiver (has extras) }
