12-20 04:59:48.621  3394  3394 W ProcessCpuTracker: Skipping unknown process pid 3431
12-20 04:59:48.628  3394  3394 I IntentFirewall: Read new rules (A:0 B:0 S:0)
12-20 04:59:48.632  3394  3440 I ServiceThread: Enabled StrictMode logging for android.display looper.
12-20 04:59:48.635  3394  3394 D AppOps  : AppOpsService published
12-20 04:59:48.635  3394  3394 I SystemServiceManager: Starting com.android.server.power.PowerManagerService
12-20 04:59:48.637  3394  3442 I ServiceThread: Enabled StrictMode logging for PowerManagerService looper.
12-20 04:59:48.648  3394  3394 W libsuspend: Error writing 'on' to /sys/power/state: Invalid argument
12-20 04:59:48.648  3394  3394 I libsuspend: Selected wakeup count
12-20 04:59:48.651  3394  3394 I SystemServiceManager: Starting com.android.server.lights.LightsService
12-20 04:59:48.653  3394  3394 I SystemServiceManager: Starting com.android.server.display.DisplayManagerService
12-20 04:59:48.657  3394  3394 I SystemServiceManager: Starting phase 100
12-20 04:59:48.660  3025  3033 E SurfaceFlinger: getDefaultDisplay: id=2 is not a valid default display id
12-20 04:59:48.661  3394  3440 I DisplayManagerService: Display device added: DisplayDeviceInfo{"Built-in Screen": uniqueId="local:0", 1440 x 2560, modeId 1, defaultModeId 1, supportedModes [{id=1, width=1440, height=2560, fps=59.0}], colorTransformId 1, defaultColorTransformId 1, supportedColorTransforms [{id=1, colorTransform=-22}], density 640, 537.882 x 532.983 dpi, appVsyncOff 0, presDeadline 17949152, touch INTERNAL, rotation 0, type BUILT_IN, state UNKNOWN, FLAG_DEFAULT_DISPLAY, FLAG_ROTATES_WITH_CONTENT, FLAG_SECURE, FLAG_SUPPORTS_PROTECTED_BUFFERS}
12-20 04:59:48.662  3025  3025 D SurfaceFlinger: Set power mode=2, type=0 flinger=0x7f7b7c3c00
12-20 04:59:48.662  3025  3025 D SurfaceFlinger: Screen type=0 is already mode=2
12-20 04:59:48.663  3394  3440 I DisplayManagerService: Display device changed state: "Built-in Screen", ON
12-20 04:59:48.663  3394  3394 I SystemServer: Package Manager
12-20 04:59:48.719  3394  3394 D SELinuxMMAC: Using policy file /system/etc/security/mac_permissions.xml
12-20 04:59:48.787  3394  3394 E art     : DexFile_getDexOptNeeded file '/system/framework/org.apache.http.legacy.jar' does not exist
12-20 04:59:48.787  3394  3394 W PackageManager: Library not found: /system/framework/org.apache.http.legacy.jar
12-20 04:59:48.787  3394  3394 E art     : DexFile_getDexOptNeeded file '/system/framework/com.android.nfc_extras.jar' does not exist
12-20 04:59:48.787  3394  3394 W PackageManager: Library not found: /system/framework/com.android.nfc_extras.jar
12-20 04:59:48.793  3394  3394 E art     : DexFile_getDexOptNeeded file '/system/framework/org.apache.http.legacy.jar' does not exist
12-20 04:59:48.793  3394  3394 W PackageManager: Library not found: /system/framework/org.apache.http.legacy.jar
12-20 04:59:48.793  3394  3394 E art     : DexFile_getDexOptNeeded file '/system/framework/com.android.nfc_extras.jar' does not exist
12-20 04:59:48.793  3394  3394 W PackageManager: Library not found: /system/framework/com.android.nfc_extras.jar
12-20 04:59:48.837  3394  3394 D PackageManager: No files in app dir /vendor/overlay
12-20 04:59:48.838  3394  3394 D PackageManager: start scanDirLI:/system/framework
12-20 04:59:48.838  3394  3394 D PackageManager: max thread:6
12-20 04:59:48.840  3394  3455 W PackageManager: Failed to parse /system/framework/arm: Missing base APK in /system/framework/arm
12-20 04:59:48.840  3394  3456 W PackageManager: Failed to parse /system/framework/arm64: Missing base APK in /system/framework/arm64
12-20 04:59:48.850  3394  3458 W PackageManager: Failed to parse /system/framework/oat: Missing base APK in /system/framework/oat
12-20 04:59:48.868  3053  3053 E Netd    : cannot find interface dummy0
12-20 04:59:48.868  3394  3459 W PackageManager: Permission cyanogenmod.permission.WRITE_ALARMS from package cyanogenmod.platform in an unknown group android.permission-group.SYSTEM_CLOCK
12-20 04:59:48.868  3394  3459 W PackageManager: Permission cyanogenmod.permission.MANAGE_ALARMS from package cyanogenmod.platform in an unknown group android.permission-group.SYSTEM_CLOCK
12-20 04:59:48.868  3394  3459 W PackageManager: Permission cyanogenmod.permission.READ_ALARMS from package cyanogenmod.platform in an unknown group android.permission-group.SYSTEM_CLOCK
12-20 04:59:48.869  3053  3053 D MDnsDS  : MDnsSdListener::Hander starting up
12-20 04:59:48.869  3053  3466 D MDnsDS  : MDnsSdListener starting to monitor
12-20 04:59:48.869  3053  3466 D MDnsDS  : Going to poll with pollCount 1
12-20 04:59:48.987  3394  3457 W PackageManager: Permission android.permission.SET_KEYGUARD_WALLPAPER from package android in an unknown group android.permission-group.WALLPAPER
12-20 04:59:48.987  3394  3457 W PackageManager: Permission android.permission.MODIFY_PROTECTED_SMS_LIST from package android in an unknown group android.permission-group.MESSAGES
12-20 04:59:48.987  3394  3457 W PackageManager: Permission android.permission.RECEIVE_PROTECTED_SMS from package android in an unknown group android.permission-group.MESSAGES
12-20 04:59:48.987  3394  3457 W PackageManager: Permission android.permission.RESET_BATTERY_STATS from package android in an unknown group android.permission-group.SYSTEM_TOOLS
12-20 04:59:48.987  3394  3394 D PackageManager: end scanDirLI:/system/framework
12-20 04:59:48.987  3394  3394 D PackageManager: start scanDirLI:/system/priv-app
12-20 04:59:48.987  3394  3394 D PackageManager: max thread:6
12-20 04:59:49.053  3394  3456 W PackageParser: No actions in intent filter at /system/priv-app/Contacts/Contacts.apk Binary XML file line #301
12-20 04:59:49.062  3071  3128 D BootAnimation: Use save memory method, maybe small fps in actual.
12-20 04:59:49.148  3394  3455 W PackageParser: No actions in intent filter at /system/priv-app/Dialer/Dialer.apk Binary XML file line #152
12-20 04:59:49.175  3394  3458 W PackageManager: Permission android.permission.DOWNLOAD_WITHOUT_NOTIFICATION from package com.android.providers.downloads in an unknown group android.permission-group.NETWORK
12-20 04:59:49.393  3394  3456 W PackageParser: Ignoring duplicate uses-permissions/uses-permissions-sdk-m: android.permission.ACCESS_WIFI_STATE in package: com.android.phone at: Binary XML file line #134
12-20 04:59:49.480  3058  3058 I ServiceManager: Waiting for service media.camera.proxy...
12-20 04:59:49.514  3394  3455 W PackageManager: Permission com.android.launcher.permission.INSTALL_SHORTCUT from package com.cyanogenmod.trebuchet in an unknown group android.permission-group.SYSTEM_TOOLS
12-20 04:59:49.514  3394  3455 W PackageManager: Permission com.android.launcher3.permission.READ_SETTINGS from package com.cyanogenmod.trebuchet in an unknown group android.permission-group.SYSTEM_TOOLS
12-20 04:59:49.514  3394  3455 W PackageManager: Permission com.android.launcher3.permission.WRITE_SETTINGS from package com.cyanogenmod.trebuchet in an unknown group android.permission-group.SYSTEM_TOOLS
12-20 04:59:49.582  3394  3394 D PackageManager: end scanDirLI:/system/priv-app
12-20 04:59:49.582  3394  3394 D PackageManager: start scanDirLI:/system/app
12-20 04:59:49.582  3394  3394 D PackageManager: max thread:6
12-20 04:59:49.596  3394  3455 W PackageParser: No actions in intent filter at /system/app/Bluetooth/Bluetooth.apk Binary XML file line #235
12-20 04:59:49.607  3394  3457 W PackageParser: No actions in intent filter at /system/app/CMFileManager/CMFileManager.apk Binary XML file line #164
12-20 04:59:49.750  3394  3457 W PackageParser: Unknown element under <application>: permission at /system/app/Gallery2/Gallery2.apk Binary XML file line #279
12-20 04:59:49.750  3394  3457 W PackageParser: Unknown element under <application>: permission at /system/app/Gallery2/Gallery2.apk Binary XML file line #282
12-20 04:59:49.952  3394  3458 W PackageManager: Failed to parse /system/app/mcRegistry: Missing base APK in /system/app/mcRegistry
12-20 04:59:50.082  3394  3394 D PackageManager: end scanDirLI:/system/app
12-20 04:59:50.082  3394  3394 D PackageManager: No files in app dir /system/vendor/app
12-20 04:59:50.082  3394  3394 D PackageManager: No files in app dir /oem/app
12-20 04:59:50.082  3394  3394 D PackageManager: No files in app dir /vendor/bundled-app
12-20 04:59:50.083  3394  3394 D PackageManager: start scanDirLI:/data/app
12-20 04:59:50.083  3394  3394 D PackageManager: max thread:6
12-20 04:59:50.083  3394  3470 W PackageManager: Failed to parse /data/app/mcRegistry: Missing base APK in /data/app/mcRegistry
12-20 04:59:50.083  3394  3394 D PackageManager: end scanDirLI:/data/app
12-20 04:59:50.083  3394  3394 D PackageManager: No files in app dir /data/app-private
12-20 04:59:50.083  3394  3394 W PackageManager: Package com.android.dialer desires unavailable shared library com.qualcomm.qti.smartsearch; ignoring!
12-20 04:59:50.083  3394  3394 W PackageManager: Package com.android.gallery3d desires unavailable shared library com.google.android.media.effects; ignoring!
12-20 04:59:50.083  3394  3394 W PackageManager: Package com.android.gallery3d desires unavailable shared library com.google.android.media.effects; ignoring!
12-20 04:59:50.083  3394  3394 I PackageManager: Adjusting ABI for : com.android.providers.settings to arm64-v8a
12-20 04:59:50.084  3394  3394 I PackageManager: Adjusting ABI for : org.cyanogenmod.providers.datausage to arm64-v8a
12-20 04:59:50.085  3394  3394 I PackageManager: Adjusting ABI for : com.android.keychain to arm64-v8a
12-20 04:59:50.085  3394  3394 I PackageManager: Adjusting ABI for : com.android.inputdevices to arm64-v8a
12-20 04:59:50.085  3394  3394 I PackageManager: Adjusting ABI for : org.cyanogenmod.cmsettings to arm64-v8a
12-20 04:59:50.085  3394  3394 I PackageManager: Adjusting ABI for : com.android.location.fused to arm64-v8a
12-20 04:59:50.085  3394  3394 I PackageManager: Adjusting ABI for : com.android.settings to arm64-v8a
12-20 04:59:50.085  3394  3394 I PackageManager: Adjusting ABI for : cyanogenmod.platform to arm64-v8a
12-20 04:59:50.085  3059  3059 E installd: invalid apk path '/system/framework/org.cyanogenmod.platform-res.apk' (bad prefix)
12-20 04:59:50.085  3394  3394 I PackageManager: Adjusting ABI for : com.cyanogenmod.setupwizard to arm64-v8a
12-20 04:59:50.085  3394  3394 I PackageManager: Adjusting ABI for : com.android.development to arm64-v8a
12-20 04:59:50.085  3394  3394 I PackageManager: Adjusting ABI for : com.android.server.telecom to arm64-v8a
12-20 04:59:50.086  3394  3394 I PackageManager: Time to scan packages: 1.304 seconds
12-20 04:59:50.086  3394  3394 W PackageManager: Not granting permission android.permission.INTERACT_ACROSS_USERS_FULL to package org.cyanogenmod.snap (protectionLevel=258 flags=0x3858bc45)
12-20 04:59:50.086  3394  3394 W PackageManager: Not granting permission android.permission.SET_ORIENTATION to package org.cyanogenmod.snap (protectionLevel=2 flags=0x3858bc45)
12-20 04:59:50.086  3394  3394 W PackageManager: Unknown permission com.google.android.googleapps.permission.GOOGLE_AUTH in package com.android.providers.calendar
12-20 04:59:50.086  3394  3394 W PackageManager: Unknown permission com.google.android.googleapps.permission.GOOGLE_AUTH.cl in package com.android.providers.calendar
12-20 04:59:50.086  3394  3394 W PackageManager: Not granting permission android.permission.REAL_GET_TASKS to package org.cyanogenmod.wallpapers.photophase (protectionLevel=18 flags=0x3818be45)
12-20 04:59:50.087  3394  3394 W PackageManager: Unknown permission android.permission.CANCEL_NOTIFICATIONS in package org.cyanogenmod.theme.chooser2
12-20 04:59:50.087  3394  3394 W PackageManager: Unknown permission com.cyanogen.ambient.permission.BIND_CALLER_INFO in package com.android.messaging
12-20 04:59:50.087  3394  3394 W PackageManager: Unknown permission com.cyanogen.ambient.permission.BIND_RIDEINPROGRESS_SERVICE in package com.android.messaging
12-20 04:59:50.087  3394  3394 W PackageManager: Unknown permission com.cyanogen.ambient.permission.BIND_RIDESHARING_SERVICE in package com.android.messaging
12-20 04:59:50.087  3394  3394 W PackageManager: Not granting permission android.permission.ACCESS_DOWNLOAD_MANAGER to package com.android.browser (protectionLevel=18 flags=0x3849be45)
12-20 04:59:50.087  3394  3394 W PackageManager: Not granting permission android.permission.SEND_DOWNLOAD_COMPLETED_INTENTS to package com.android.browser (protectionLevel=2 flags=0x3849be45)
12-20 04:59:50.087  3394  3394 W PackageManager: Unknown permission com.cyngn.stats.SEND_ANALYTICS in package com.cyanogenmod.setupwizard
12-20 04:59:50.087  3394  3394 W PackageManager: Unknown permission com.cyanogen.permission.REQUEST_KILL_SWITCH_OP in package com.cyanogenmod.setupwizard
12-20 04:59:50.087  3394  3394 W PackageManager: Unknown permission com.cyanogen.ambient.permission.BIND_INCALL_SERVICE in package com.android.contacts
12-20 04:59:50.087  3394  3394 W PackageManager: Unknown permission com.cyanogen.ambient.permission.PLUGIN_STATUS_CHANGED in package com.android.contacts
12-20 04:59:50.087  3394  3394 W PackageManager: Unknown permission com.cyanogen.ambient.permission.BIND_CALLER_INFO in package com.android.contacts
12-20 04:59:50.087  3394  3394 W PackageManager: Unknown permission com.google.android.googleapps.permission.GOOGLE_AUTH.mail in package com.android.calendar
12-20 04:59:50.087  3394  3394 W PackageManager: Unknown permission com.android.launcher.permission.READ_SETTINGS in package com.android.onetimeinitializer
12-20 04:59:50.087  3394  3394 W PackageManager: Unknown permission com.android.launcher.permission.WRITE_SETTINGS in package com.android.onetimeinitializer
12-20 04:59:50.088  3394  3394 W PackageManager: Unknown permission com.cyanogen.ambient.permission.BIND_INCALL_SERVICE in package com.android.dialer
12-20 04:59:50.088  3394  3394 W PackageManager: Unknown permission com.cyanogen.ambient.permission.PLUGIN_STATUS_CHANGED in package com.android.dialer
12-20 04:59:50.088  3394  3394 W PackageManager: Unknown permission com.cyanogen.ambient.permission.PUBLISH_DISCOVERY_NUDGE in package com.android.dialer
12-20 04:59:50.088  3394  3394 W PackageManager: Unknown permission com.cyanogen.ambient.permission.BIND_DEEPLINK_SERVICE in package com.android.dialer
12-20 04:59:50.088  3394  3394 W PackageManager: Unknown permission com.cyanogen.ambient.permission.READ_DEEPLINK_DATABASE in package com.android.dialer
12-20 04:59:50.088  3394  3394 W PackageManager: Unknown permission com.cyanogen.ambient.permission.BIND_CALLER_INFO in package com.android.dialer
12-20 04:59:50.088  3394  3394 W PackageManager: Unknown permission com.android.launcher.permission.READ_SETTINGS in package com.cyanogenmod.trebuchet
12-20 04:59:50.088  3394  3394 W PackageManager: Unknown permission com.android.launcher.permission.WRITE_SETTINGS in package com.cyanogenmod.trebuchet
12-20 04:59:50.088  3394  3394 W PackageManager: Unknown permission com.cyngn.stats.SEND_ANALYTICS in package com.cyanogenmod.trebuchet
12-20 04:59:50.088  3394  3394 W PackageManager: Unknown permission com.google.android.permission.INSTALL_WEARABLE_PACKAGES in package com.android.packageinstaller
12-20 04:59:50.088  3394  3394 W PackageManager: Not granting permission android.permission.DELETE_PACKAGES to package com.svox.pico (protectionLevel=18 flags=0x3808be45)
12-20 04:59:50.088  3394  3394 W PackageManager: Unknown permission android.permission.ACCESS_SUPERUSER in package com.cyanogenmod.filemanager
12-20 04:59:50.088  3394  3394 W PackageManager: Unknown permission com.cyanogenmod.filemanager.permissions.READ_THEME in package com.cyanogenmod.filemanager
12-20 04:59:50.088  3394  3394 W PackageManager: Unknown permission com.google.android.gallery3d.permission.PICASA_STORE in package com.android.dreams.phototable
12-20 04:59:50.088  3394  3394 W PackageManager: Unknown permission com.google.android.googleapps.permission.GOOGLE_AUTH in package com.android.settings
12-20 04:59:50.088  3394  3394 W PackageManager: Unknown permission com.android.launcher.permission.READ_SETTINGS in package com.android.settings
12-20 04:59:50.088  3394  3394 W PackageManager: Unknown permission com.android.launcher.permission.WRITE_SETTINGS in package com.android.settings
12-20 04:59:50.088  3394  3394 W PackageManager: Not granting permission android.permission.REAL_GET_TASKS to package com.cyanogenmod.eleven (protectionLevel=18 flags=0x3818be65)
12-20 04:59:50.089  3394  3394 W PackageManager: Unknown permission com.google.android.gallery3d.permission.GALLERY_PROVIDER in package com.android.bluetooth
12-20 04:59:50.089  3394  3394 W PackageManager: Unknown permission com.google.android.googleapps.permission.ACCESS_GOOGLE_PASSWORD in package com.android.development
12-20 04:59:50.089  3394  3394 W PackageManager: Unknown permission com.google.android.googleapps.permission.GOOGLE_AUTH in package com.android.development
12-20 04:59:50.089  3394  3394 W PackageManager: Unknown permission com.google.android.googleapps.permission.GOOGLE_AUTH.ALL_SERVICES in package com.android.development
12-20 04:59:50.089  3394  3394 W PackageManager: Unknown permission com.google.android.googleapps.permission.GOOGLE_AUTH.YouTubeUser in package com.android.development
12-20 04:59:50.089  3394  3394 V PackageManager: Disabling com.google.android.gsf/com.google.android.gsf.update.SystemUpdateActivity
12-20 04:59:50.090  3394  3394 W PackageManager: Unable to disable com.google.android.gsf/com.google.android.gsf.update.SystemUpdateActivity
12-20 04:59:50.090  3394  3394 V PackageManager: Disabling com.google.android.gsf/com.google.android.gsf.update.SystemUpdateService$Receiver
12-20 04:59:50.090  3394  3394 W PackageManager: Unable to disable com.google.android.gsf/com.google.android.gsf.update.SystemUpdateService$Receiver
12-20 04:59:50.090  3394  3394 V PackageManager: Disabling com.google.android.gsf/com.google.android.gsf.update.SystemUpdateService$SecretCodeReceiver
12-20 04:59:50.090  3394  3394 W PackageManager: Unable to disable com.google.android.gsf/com.google.android.gsf.update.SystemUpdateService$SecretCodeReceiver
12-20 04:59:50.090  3394  3394 V PackageManager: Disabling com.google.android.gms/com.google.android.gms.update.SystemUpdateActivity
12-20 04:59:50.090  3394  3394 W PackageManager: Unable to disable com.google.android.gms/com.google.android.gms.update.SystemUpdateActivity
12-20 04:59:50.090  3394  3394 V PackageManager: Disabling com.google.android.gms/com.google.android.gms.update.SystemUpdateService$Receiver
12-20 04:59:50.090  3394  3394 W PackageManager: Unable to disable com.google.android.gms/com.google.android.gms.update.SystemUpdateService$Receiver
12-20 04:59:50.090  3394  3394 V PackageManager: Disabling com.google.android.gms/com.google.android.gms.update.SystemUpdateService$ActiveReceiver
12-20 04:59:50.090  3394  3394 W PackageManager: Unable to disable com.google.android.gms/com.google.android.gms.update.SystemUpdateService$ActiveReceiver
12-20 04:59:50.090  3394  3394 V PackageManager: Disabling com.google.android.gms/com.google.android.gms.update.SystemUpdateService$SecretCodeReceiver
12-20 04:59:50.090  3394  3394 W PackageManager: Unable to disable com.google.android.gms/com.google.android.gms.update.SystemUpdateService$SecretCodeReceiver
12-20 04:59:50.090  3394  3394 V PackageManager: Enabling com.google.android.gsf/com.google.android.gsf.update.SystemUpdateService
12-20 04:59:50.090  3394  3394 W PackageManager: Unable to enable com.google.android.gsf/com.google.android.gsf.update.SystemUpdateService
12-20 04:59:50.090  3394  3394 V PackageManager: Enabling com.google.android.gms/com.google.android.gms.update.SystemUpdateService
12-20 04:59:50.090  3394  3394 W PackageManager: Unable to enable com.google.android.gms/com.google.android.gms.update.SystemUpdateService
12-20 04:59:50.138  3394  3394 I art     : Starting a blocking GC Explicit
12-20 04:59:50.165  3394  3394 I art     : Explicit concurrent mark sweep GC freed 251579(15MB) AllocSpace objects, 55(3MB) LOS objects, 33% free, 27MB/41MB, paused 188us total 27.042ms
12-20 04:59:50.166  3394  3394 I SystemServer: User Service
12-20 04:59:50.169  3474  3474 I system_server: type=1400 audit(0.0:157): avc: denied { read } for name="prox_cal" dev="sda3" ino=57 scontext=u:r:system_server:s0 tcontext=u:object_r:app_efs_file:s0 tclass=file permissive=1
12-20 04:59:50.169  3474  3474 I system_server: type=1400 audit(0.0:157): avc: denied { open } for path="/efs/FactoryApp/prox_cal" dev="sda3" ino=57 scontext=u:r:system_server:s0 tcontext=u:object_r:app_efs_file:s0 tclass=file permissive=1
12-20 04:59:50.169  3474  3474 W system_server: type=1300 audit(0.0:157): arch=c00000b7 syscall=64 success=yes exit=4 a0=33 a1=7f75439008 a2=4 a3=0 items=0 ppid=3065 auid=4294967295 uid=1000 gid=1000 euid=1000 suid=1000 fsuid=1000 egid=1000 sgid=1000 fsgid=1000 tty=(none) ses=4294967295 exe="/system/bin/app_process64" subj=u:r:system_server:s0 key=(null)
12-20 04:59:50.169  2952  2952 W auditd  : type=1327 audit(0.0:157): proctitle="system_server"
12-20 04:59:50.169  2952  2952 W auditd  : type=1320 audit(0.0:157): 
12-20 04:59:50.177  3023  3023 I lowmemorykiller: ActivityManager connected
12-20 04:59:50.179  3394  3394 I SystemServiceManager: Starting com.android.server.BatteryService
12-20 04:59:50.179  3394  3474 I         : System server: starting sensor init.
12-20 04:59:50.179  3394  3474 D SensorService: nuSensorService starting...
12-20 04:59:50.182  3394  3474 I Sensors : getName:gyro_sensor name = K6DS3TR.
12-20 04:59:50.182  3394  3474 I Sensors : Proximity old sensor_state 0, new sensor_state : 128 en : 1
12-20 04:59:50.184  3394  3394 I SystemServiceManager: Starting com.android.server.usage.UsageStatsService
12-20 04:59:50.197  3394  3394 I UsageStatsService: User[0] Rollover scheduled @ 2016-12-20 21:00:00(1482278400000)
12-20 04:59:50.197  3394  3394 I SystemServiceManager: Starting com.android.server.webkit.WebViewUpdateService
12-20 04:59:50.198  3394  3474 I Sensors : Light old sensor_state 128, new sensor_state : 640 en : 1
12-20 04:59:50.200  3394  3394 I SystemServer: Reading configuration...
12-20 04:59:50.200  3394  3394 I SystemServer: Scheduling Policy
12-20 04:59:50.201  3394  3394 I SystemServiceManager: Starting com.android.server.telecom.TelecomLoaderService
12-20 04:59:50.202  3394  3394 I SystemServer: Telephony Registry
12-20 04:59:50.204  3394  3474 I Sensors : Light_IR old sensor_state 640, new sensor_state : 16777856 en : 1
12-20 04:59:50.204  3394  3474 E Sensors : Light_IR_Sensor write failed. ret = -1, sensor_state = 16777856
12-20 04:59:50.205  3394  3474 I Sensors : SigMotionSensor old sensor_state 640, new sensor_state : 17024 en : 1
12-20 04:59:50.205  3394  3394 I SystemServer: Entropy Mixer
12-20 04:59:50.210  3394  3474 I Sensors : getName:gyro_sensor name = K6DS3TR.
12-20 04:59:50.211  3394  3474 I Sensors : StepCounterSensor old sensor_state 17024, new sensor_state : 279168 en : 1
12-20 04:59:50.211  3394  3474 E Sensors : StepCounterSensor write failed. ret = -1, sensor_state = 279168
12-20 04:59:50.211  3394  3474 I Sensors : Int.Gyro old sensor_state 17024, new sensor_state : 33571456 en : 1
12-20 04:59:50.211  3394  3474 E Sensors : Int.GyroSensor write failed. ret = -1, sensor_state = 33571456
12-20 04:59:50.211  3394  3474 I Sensors : getName:gyro_sensor name = K6DS3TR.
12-20 04:59:50.211  3394  3474 I Sensors : HrmSpO2Sensor:: part type = 12.
12-20 04:59:50.211  3394  3474 D Sensors : HrmSpO2Sensor::type:12, prox threshold:10000
12-20 04:59:50.211  3394  3474 D Sensors : HrmSpO2Sensor::handle:0 ,en:1
12-20 04:59:50.212  3394  3474 D Sensors : HrmSpO2Sensor::Version : Release 2.05
12-20 04:59:50.212  3394  3474 D Sensors : HrmSpO2Sensor::HrmSpO2Sensor: Shared version Registered
12-20 04:59:50.212  3394  3474 D Sensors : HrmLedSensor enable: mEnabled 0, handle 20, en 1
12-20 04:59:50.212  3394  3474 D Sensors : HRMSensor led enabled:1, en:1
12-20 04:59:50.216  3394  3474 I Sensors : getVendor:hrm_sensor vendor = MAXIM.
12-20 04:59:50.216  3394  3474 I Sensors : HrmLedSensor: HrmLedSensor vendor = MAXIM.
12-20 04:59:50.216  3394  3474 D Sensors : HRMSensor_LED::libhr open start!! 
12-20 04:59:50.216  3394  3474 E Sensors : HRMSensor_LED::libhr open failed 
12-20 04:59:50.216  3394  3474 E Sensors : GripSensor: enable
12-20 04:59:50.224  3394  3394 I EntropyMixer: Added HW RNG output to entropy pool
12-20 04:59:50.224  3394  3394 I EntropyMixer: Writing entropy...
12-20 04:59:50.232  3394  3394 I SystemServer: Camera Service
12-20 04:59:50.232  3394  3394 I SystemServiceManager: Starting com.android.server.camera.CameraService
12-20 04:59:50.235  3394  3481 I ServiceThread: Enabled StrictMode logging for CameraService_proxy looper.
12-20 04:59:50.236  3394  3394 I SystemServer: Account Manager
12-20 04:59:50.239  3394  3394 I SystemServer: Content Manager
12-20 04:59:50.241  3394  3394 I SystemServer: System Content Providers
12-20 04:59:50.243  3394  3394 W System  : ClassLoader referenced unknown path: /system/priv-app/CMSettingsProvider/lib/arm64
12-20 04:59:50.248  3394  3474 I Sensors : Proximity old sensor_state 17024, new sensor_state : 16896 en : 0
12-20 04:59:50.248  3394  3474 I Sensors : Light old sensor_state 16896, new sensor_state : 16384 en : 0
12-20 04:59:50.248  3394  3474 I Sensors : SigMotionSensor old sensor_state 16384, new sensor_state : 0 en : 0
12-20 04:59:50.248  3394  3474 E Sensors : GripSensor: enable
12-20 04:59:50.248  3394  3474 D Sensors : HrmSpO2Sensor::handle:19 ,en:0
12-20 04:59:50.248  3394  3474 D Sensors : HrmSpO2Sensor::isEnabled:0 ,en:0, mEn:0
12-20 04:59:50.248  3394  3474 D Sensors : HrmSpO2Sensor::handle:28 ,en:0
12-20 04:59:50.248  3394  3474 D Sensors : HrmSpO2Sensor::isEnabled:0 ,en:0, mEn:0
12-20 04:59:50.248  3394  3474 D Sensors : HrmLedSensor enable: mEnabled 1, handle 20, en 0
12-20 04:59:50.248  3394  3474 D Sensors : HRMSensor_LED::enable 
12-20 04:59:50.248  3394  3474 D Sensors : HRMSensor led enabled:0, en:0
12-20 04:59:50.249  3394  3474 D Sensors : HrmLedSensor enable: mEnabled 0, handle 21, en 0
12-20 04:59:50.249  3394  3474 D Sensors : HrmLedSensor isEnabled:0 ,en:0
12-20 04:59:50.249  3394  3474 D Sensors : HrmSpO2Sensor::handle:18 ,en:0
12-20 04:59:50.249  3394  3474 D Sensors : HrmSpO2Sensor::isEnabled:0 ,en:0, mEn:0
12-20 04:59:50.250  3394  3474 I         : System server: sensor init done.
12-20 04:59:50.250  3394  3482 D SensorService: new thread SensorEventAckReceiver
12-20 04:59:50.251  3394  3483 D SensorService: nuSensorService thread starting...
12-20 04:59:50.252  3394  3394 W System  : ClassLoader referenced unknown path: /system/priv-app/SettingsProvider/lib/arm64
12-20 04:59:50.269  3394  3394 I SystemServer: Vibrator Service
12-20 04:59:50.271  3394  3394 I SystemServer: Consumer IR Service
12-20 04:59:50.272  3394  3394 E ConsumerIrService: Can't open consumer IR HW Module, error: -2
12-20 04:59:50.272  3394  3394 I SystemServiceManager: Starting com.android.server.AlarmManagerService
12-20 04:59:50.281  3394  3394 D AlarmManagerService: Kernel timezone updated to 180 minutes west of GMT
12-20 04:59:50.286  3394  3394 I SystemServer: Init Watchdog
12-20 04:59:50.287  3394  3394 I SystemServer: Input Manager
12-20 04:59:50.287  3394  3394 I InputManager: Initializing input manager, mUseDevInputEventForAudioJack=false
12-20 04:59:50.287  3394  3394 I SystemServer: Window Manager
12-20 04:59:50.295  3394  3440 I WindowManager: No existing display settings /data/system/display_settings.xml; starting empty
12-20 04:59:50.323  3394  3394 I InputManager: Starting input manager
12-20 04:59:50.324  3394  3394 I SystemServer: Bluetooth Service
12-20 04:59:50.325  3394  3394 I SystemServiceManager: Starting com.android.server.BluetoothService
12-20 04:59:50.325  3394  3496 D EventHub: No input device configuration file found for device 'certify_hall'.
12-20 04:59:50.326  3394  3394 D BluetoothManagerService: Loading stored name and address
12-20 04:59:50.326  3394  3394 D BluetoothManagerService: Stored bluetooth Name=Samsung Galaxy S7 Edge,Address=D8:C4:E9:A9:2E:B5
12-20 04:59:50.327  3394  3394 D BluetoothService: onStart: publishing BluetoothManagerService
12-20 04:59:50.327  3394  3394 I SystemServer: Input Method Service
12-20 04:59:50.353  3394  3394 I SystemServer: Accessibility Manager
12-20 04:59:50.355  3394  3394 I ActivityManager: choosing minFree values for 64 Bit
12-20 04:59:50.355  3394  3394 I ActivityManager: choosing minFree values for 64 Bit
12-20 04:59:50.355  3394  3394 I ActivityManager: choosing minFree values for 64 Bit
12-20 04:59:50.355  3394  3394 I ActivityManager: choosing minFree values for 64 Bit
12-20 04:59:50.355  3394  3394 I ActivityManager: choosing minFree values for 64 Bit
12-20 04:59:50.355  3394  3394 I ActivityManager: choosing minFree values for 64 Bit
12-20 04:59:50.356  3394  3394 I ActivityManager: Config changes=1df8 {1.0 ?mcc?mnc en_US ldltr sw360dp w360dp h640dp 640dpi nrml long port ?uimode ?night -touch -keyb/h/h -nav/h s.2 themeResource=null}
12-20 04:59:50.358  3394  3394 I ActivityManager: Config changes=400 {1.0 ?mcc?mnc en_US ldltr sw360dp w360dp h616dp 640dpi nrml long port ?uimode ?night -touch -keyb/h/h -nav/h s.3 themeResource=null}
12-20 04:59:50.359  3394  3394 I SystemServiceManager: Starting com.android.server.MountService$Lifecycle
12-20 04:59:50.363  3394  3497 D MountService: Thinking about reset, mSystemReady=false, mDaemonConnected=true
12-20 04:59:50.363  3394  3497 D MountService: Thinking about reset, mSystemReady=false, mDaemonConnected=true
12-20 04:59:50.363  3394  3394 I SystemServiceManager: Starting com.android.server.UiModeManagerService
12-20 04:59:50.363  3394  3497 D CryptdConnector: SND -> {1 cryptfs getfield SystemLocale}
12-20 04:59:50.364  2945  2959 I Ext4Crypt: ext4 crypto complete called on /data
12-20 04:59:50.364  2945  2959 I Ext4Crypt: No master key, so not ext4enc
12-20 04:59:50.364  3394  3499 D CryptdConnector: RCV <- {200 1 -1}
12-20 04:59:50.364  3394  3394 I ActivityManager: Config changes=200 {1.0 ?mcc?mnc en_US ldltr sw360dp w360dp h616dp 640dpi nrml long port -touch -keyb/h/h -nav/h s.4 themeResource=null}
12-20 04:59:50.364  3394  3497 W MountService: No primary storage mounted!
12-20 04:59:50.364  3394  3497 D VoldConnector: SND -> {1 asec list}
12-20 04:59:50.365  3394  3498 D VoldConnector: RCV <- {200 1 asec operation succeeded}
12-20 04:59:50.365  3394  3497 I PackageManager: No secure containers found
12-20 04:59:50.365  3394  3497 W PackageManager: Not granting permission android.permission.INTERACT_ACROSS_USERS_FULL to package org.cyanogenmod.snap (protectionLevel=258 flags=0x3858bc45)
12-20 04:59:50.365  3394  3497 W PackageManager: Not granting permission android.permission.SET_ORIENTATION to package org.cyanogenmod.snap (protectionLevel=2 flags=0x3858bc45)
12-20 04:59:50.365  3394  3497 W PackageManager: Unknown permission com.google.android.googleapps.permission.GOOGLE_AUTH in package com.android.providers.calendar
12-20 04:59:50.365  3394  3497 W PackageManager: Unknown permission com.google.android.googleapps.permission.GOOGLE_AUTH.cl in package com.android.providers.calendar
12-20 04:59:50.365  3394  3497 W PackageManager: Not granting permission android.permission.REAL_GET_TASKS to package org.cyanogenmod.wallpapers.photophase (protectionLevel=18 flags=0x3818be45)
12-20 04:59:50.365  3394  3497 W PackageManager: Unknown permission android.permission.CANCEL_NOTIFICATIONS in package org.cyanogenmod.theme.chooser2
12-20 04:59:50.365  3394  3497 W PackageManager: Unknown permission com.cyanogen.ambient.permission.BIND_CALLER_INFO in package com.android.messaging
12-20 04:59:50.365  3394  3497 W PackageManager: Unknown permission com.cyanogen.ambient.permission.BIND_RIDEINPROGRESS_SERVICE in package com.android.messaging
12-20 04:59:50.365  3394  3497 W PackageManager: Unknown permission com.cyanogen.ambient.permission.BIND_RIDESHARING_SERVICE in package com.android.messaging
12-20 04:59:50.365  3394  3497 W PackageManager: Not granting permission android.permission.ACCESS_DOWNLOAD_MANAGER to package com.android.browser (protectionLevel=18 flags=0x3849be45)
12-20 04:59:50.365  3394  3497 W PackageManager: Not granting permission android.permission.SEND_DOWNLOAD_COMPLETED_INTENTS to package com.android.browser (protectionLevel=2 flags=0x3849be45)
12-20 04:59:50.366  3394  3497 W PackageManager: Unknown permission com.cyngn.stats.SEND_ANALYTICS in package com.cyanogenmod.setupwizard
12-20 04:59:50.366  3394  3497 W PackageManager: Unknown permission com.cyanogen.permission.REQUEST_KILL_SWITCH_OP in package com.cyanogenmod.setupwizard
12-20 04:59:50.366  3394  3497 W PackageManager: Unknown permission com.cyanogen.ambient.permission.BIND_INCALL_SERVICE in package com.android.contacts
12-20 04:59:50.366  3394  3497 W PackageManager: Unknown permission com.cyanogen.ambient.permission.PLUGIN_STATUS_CHANGED in package com.android.contacts
12-20 04:59:50.366  3394  3497 W PackageManager: Unknown permission com.cyanogen.ambient.permission.BIND_CALLER_INFO in package com.android.contacts
12-20 04:59:50.366  3394  3497 W PackageManager: Unknown permission com.google.android.googleapps.permission.GOOGLE_AUTH.mail in package com.android.calendar
12-20 04:59:50.366  3394  3497 W PackageManager: Unknown permission com.android.launcher.permission.READ_SETTINGS in package com.android.onetimeinitializer
12-20 04:59:50.366  3394  3497 W PackageManager: Unknown permission com.android.launcher.permission.WRITE_SETTINGS in package com.android.onetimeinitializer
12-20 04:59:50.366  3394  3497 W PackageManager: Unknown permission com.cyanogen.ambient.permission.BIND_INCALL_SERVICE in package com.android.dialer
12-20 04:59:50.366  3394  3497 W PackageManager: Unknown permission com.cyanogen.ambient.permission.PLUGIN_STATUS_CHANGED in package com.android.dialer
12-20 04:59:50.366  3394  3497 W PackageManager: Unknown permission com.cyanogen.ambient.permission.PUBLISH_DISCOVERY_NUDGE in package com.android.dialer
12-20 04:59:50.366  3394  3497 W PackageManager: Unknown permission com.cyanogen.ambient.permission.BIND_DEEPLINK_SERVICE in package com.android.dialer
12-20 04:59:50.366  3394  3497 W PackageManager: Unknown permission com.cyanogen.ambient.permission.READ_DEEPLINK_DATABASE in package com.android.dialer
12-20 04:59:50.366  3394  3497 W PackageManager: Unknown permission com.cyanogen.ambient.permission.BIND_CALLER_INFO in package com.android.dialer
12-20 04:59:50.367  3394  3497 W PackageManager: Unknown permission com.android.launcher.permission.READ_SETTINGS in package com.cyanogenmod.trebuchet
12-20 04:59:50.367  3394  3497 W PackageManager: Unknown permission com.android.launcher.permission.WRITE_SETTINGS in package com.cyanogenmod.trebuchet
12-20 04:59:50.367  3394  3497 W PackageManager: Unknown permission com.cyngn.stats.SEND_ANALYTICS in package com.cyanogenmod.trebuchet
12-20 04:59:50.367  3394  3497 W PackageManager: Unknown permission com.google.android.permission.INSTALL_WEARABLE_PACKAGES in package com.android.packageinstaller
12-20 04:59:50.367  3394  3497 W PackageManager: Not granting permission android.permission.DELETE_PACKAGES to package com.svox.pico (protectionLevel=18 flags=0x3808be45)
12-20 04:59:50.367  3394  3497 W PackageManager: Unknown permission android.permission.ACCESS_SUPERUSER in package com.cyanogenmod.filemanager
12-20 04:59:50.367  3394  3497 W PackageManager: Unknown permission com.cyanogenmod.filemanager.permissions.READ_THEME in package com.cyanogenmod.filemanager
12-20 04:59:50.367  3394  3497 W PackageManager: Unknown permission com.google.android.gallery3d.permission.PICASA_STORE in package com.android.dreams.phototable
12-20 04:59:50.367  3394  3497 W PackageManager: Unknown permission com.google.android.googleapps.permission.GOOGLE_AUTH in package com.android.settings
12-20 04:59:50.367  3394  3497 W PackageManager: Unknown permission com.android.launcher.permission.READ_SETTINGS in package com.android.settings
12-20 04:59:50.367  3394  3497 W PackageManager: Unknown permission com.android.launcher.permission.WRITE_SETTINGS in package com.android.settings
12-20 04:59:50.368  3394  3497 W PackageManager: Not granting permission android.permission.REAL_GET_TASKS to package com.cyanogenmod.eleven (protectionLevel=18 flags=0x3818be65)
12-20 04:59:50.370  3394  3497 W PackageManager: Unknown permission com.google.android.gallery3d.permission.GALLERY_PROVIDER in package com.android.bluetooth
12-20 04:59:50.370  3394  3497 W PackageManager: Unknown permission com.google.android.googleapps.permission.ACCESS_GOOGLE_PASSWORD in package com.android.development
12-20 04:59:50.370  3394  3497 W PackageManager: Unknown permission com.google.android.googleapps.permission.GOOGLE_AUTH in package com.android.development
12-20 04:59:50.370  3394  3497 W PackageManager: Unknown permission com.google.android.googleapps.permission.GOOGLE_AUTH.ALL_SERVICES in package com.android.development
12-20 04:59:50.370  3394  3497 W PackageManager: Unknown permission com.google.android.googleapps.permission.GOOGLE_AUTH.YouTubeUser in package com.android.development
12-20 04:59:50.413  3394  3394 I SystemServer: LockSettingsService
12-20 04:59:50.413  3394  3497 W MountService: No primary storage defined yet; hacking together a stub
12-20 04:59:50.413  3394  3497 W MountService: No primary storage defined yet; hacking together a stub
12-20 04:59:50.414  3394  3497 W MountService: No primary storage mounted!
12-20 04:59:50.414  3394  3497 D VoldConnector: SND -> {2 asec list}
12-20 04:59:50.414  3394  3498 D VoldConnector: RCV <- {200 2 asec operation succeeded}
12-20 04:59:50.415  3394  3394 I SystemServiceManager: Starting com.android.server.DeviceIdleController
12-20 04:59:50.417  3394  3394 I SystemServiceManager: Starting com.android.server.devicepolicy.DevicePolicyManagerService$Lifecycle
12-20 04:59:50.417  3394  3496 D EventHub: No input device configuration file found for device 'ssp_context'.
12-20 04:59:50.418  3394  3394 I SystemServer: Status Bar
12-20 04:59:50.420  3394  3394 I SystemServer: Clipboard Service
12-20 04:59:50.421  3394  3394 I SystemServer: NetworkManagement Service
12-20 04:59:50.423  3394  3394 I SystemServer: Text Service Manager Service
12-20 04:59:50.425  3394  3394 I SystemServer: Network Score Service
12-20 04:59:50.426  3394  3394 I SystemServer: NetworkStats Service
12-20 04:59:50.429  3394  3394 I SystemServer: NetworkPolicy Service
12-20 04:59:50.438  3394  3394 I SystemServiceManager: Starting com.android.server.wifi.p2p.WifiP2pService
12-20 04:59:50.454  3394  3394 I WifiP2pService: Registering wifip2p
12-20 04:59:50.455  3394  3394 I SystemServiceManager: Starting com.android.server.wifi.WifiService
12-20 04:59:50.481  3058  3058 I AudioPolicyService: AudioPolicyService CSTOR in new mode
12-20 04:59:50.486  3058  3058 W APM::HwModule: loadOutput() invalid supported devices
12-20 04:59:50.486  3058  3058 W APM::HwModule: loadOutput() invalid supported devices
12-20 04:59:50.486  3058  3058 W APM::HwModule: loadInput() invalid supported devices
12-20 04:59:50.486  3058  3058 W APM::HwModule: loadInput() invalid supported devices
12-20 04:59:50.486  3058  3058 I APM::ConfigParsingUtils: loadAudioPolicyConfig() loaded /system/etc/audio_policy.conf
12-20 04:59:50.507  3394  3496 D EventHub: No input device configuration file found for device 'meta_event'.
12-20 04:59:50.514  3394  3394 D HS20    : Passpoint is disabled
12-20 04:59:50.527  3394  3394 D WifiController: isAirplaneModeOn = false, isWifiEnabled = true, isScanningAvailable = false
12-20 04:59:50.528  3394  3394 I WifiService: Registering wifi
12-20 04:59:50.529  3394  3394 I SystemServiceManager: Starting com.android.server.wifi.WifiScanningService
12-20 04:59:50.529  3394  3394 I WifiScanningService: Creating wifiscanner
12-20 04:59:50.529  3394  3394 I WifiScanningService: Starting wifiscanner
12-20 04:59:50.529  3394  3394 I SystemServiceManager: Starting com.android.server.wifi.RttService
12-20 04:59:50.529  3394  3394 I RttService: Creating rttmanager
12-20 04:59:50.529  3394  3394 I RttService: Starting rttmanager
12-20 04:59:50.530  3394  3394 I SystemServiceManager: Starting com.android.server.ethernet.EthernetService
12-20 04:59:50.531  3394  3394 I EthernetServiceImpl: Creating EthernetConfigStore
12-20 04:59:50.531  3394  3394 E IpConfigStore: Error parsing configuration: java.io.FileNotFoundException: /data/misc/ethernet/ipconfig.txt: open failed: ENOENT (No such file or directory)
12-20 04:59:50.531  3394  3394 W EthernetConfigStore: No Ethernet configuration found. Using default.
12-20 04:59:50.532  3394  3394 I EthernetServiceImpl: Read stored IP configuration: IP assignment: DHCP
12-20 04:59:50.532  3394  3394 I EthernetServiceImpl: Proxy settings: NONE
12-20 04:59:50.532  3394  3394 I EthernetService: Registering service ethernet
12-20 04:59:50.532  3394  3394 I SystemServer: Connectivity Service
12-20 04:59:50.533  3394  3394 D ConnectivityService: ConnectivityService starting up
12-20 04:59:50.549  3394  3394 D ConnectivityService: wifiOnly=false
12-20 04:59:50.554  3394  3394 I SystemServer: Network Service Discovery Service
12-20 04:59:50.558  3394  3394 D NsdService: Network service discovery enabled true
12-20 04:59:50.565  3394  3394 I SystemServer: UpdateLock Service
12-20 04:59:50.566  3394  3394 I SystemServiceManager: Starting com.android.server.notification.NotificationManagerService
12-20 04:59:50.577  3394  3496 D EventHub: No input device configuration file found for device 'interrupt_gyro_sensor'.
12-20 04:59:50.583  3394  3394 I ZenModeConfig: Migrating existing shared 'from': stars
12-20 04:59:50.593  3394  3394 I SystemServiceManager: Starting com.android.server.storage.DeviceStorageMonitorService
12-20 04:59:50.594  3394  3394 I SystemServer: Location Manager
12-20 04:59:50.596  3394  3394 I SystemServer: Country Detector
12-20 04:59:50.597  3394  3394 I SystemServer: Search Service
12-20 04:59:50.598  3394  3394 I SystemServer: DropBox Service
12-20 04:59:50.600  3394  3394 I SystemServer: Wallpaper Service
12-20 04:59:50.602  3394  3394 W WallpaperManagerService: no current wallpaper -- first boot?
12-20 04:59:50.603  3394  3394 I SystemServer: Audio Service
12-20 04:59:50.617  3394  3496 D EventHub: No input device configuration file found for device 'step_cnt_sensor'.
12-20 04:59:50.619  3394  3394 W TelecomManager: Telecom Service not found.
12-20 04:59:50.621  3394  3516 I ServiceManager: Waiting for service media.audio_policy...
12-20 04:59:50.677  3394  3496 D EventHub: No input device configuration file found for device 'sig_motion_sensor'.
12-20 04:59:50.717  3394  3496 D EventHub: No input device configuration file found for device 'gesture_sensor'.
12-20 04:59:50.719  3394  3507 D WifiApConfigStore: 2G band allowed channels are:1,6,11
12-20 04:59:50.847  3394  3496 D EventHub: No input device configuration file found for device 'temp_humidity_sensor'.
12-20 04:59:50.947  3394  3496 D EventHub: No input device configuration file found for device 'proximity_sensor'.
12-20 04:59:50.987  3394  3496 D EventHub: No input device configuration file found for device 'light_ir_sensor'.
12-20 04:59:51.047  3394  3496 D EventHub: No input device configuration file found for device 'light_sensor'.
12-20 04:59:51.087  3394  3496 D EventHub: No input device configuration file found for device 'grip_sensor'.
12-20 04:59:51.110  3058  3058 V audio_hw_primary: adev_open: Forcing voice config: wide
12-20 04:59:51.110  3058  3058 I AudioFlinger: loadHwModule() Loaded primary audio interface from Samsung audio HW HAL (audio) handle 1
12-20 04:59:51.110  3058  3058 I AudioFlinger: openOutput(), module 1 Device 2, SamplingRate 48000, Format 0x000001, Channels 3, flags a
12-20 04:59:51.110  3058  3058 I AudioFlinger: AudioStreamOut::open(), mHalFormatIsLinearPcm = 1
12-20 04:59:51.110  3058  3058 I AudioFlinger: HAL output buffer size 1024 frames, normal sink buffer size 1024 frames
12-20 04:59:51.119  3058  3058 I BufferProvider: found effect "Multichannel Downmix To Stereo" from The Android Open Source Project
12-20 04:59:51.119  3058  3058 I AudioFlinger: Using module 1 has the primary audio interface
12-20 04:59:51.119  3058  3517 I AudioFlinger: AudioFlinger's thread 0xf2f80000 ready to run
12-20 04:59:51.119  3058  3517 V audio_hw_primary: do_out_standby: output standby: 1
12-20 04:59:51.119  3058  3517 V audio_hw_primary: out_set_parameters: key value pairs: routing=2
12-20 04:59:51.119  3058  3517 E AudioFlinger: no wake lock to update!
12-20 04:59:51.121  3058  3058 I AudioFlinger: openOutput(), module 1 Device 2, SamplingRate 48000, Format 0x000001, Channels 3, flags 4
12-20 04:59:51.121  3058  3058 I AudioFlinger: AudioStreamOut::open(), mHalFormatIsLinearPcm = 1
12-20 04:59:51.121  3058  3058 I AudioFlinger: HAL output buffer size 256 frames, normal sink buffer size 960 frames
12-20 04:59:51.121  3058  3058 E MonoPipe: Failed to fetch local time frequency when constructing a MonoPipe (res = -32).  getNextWriteTimestamp calls will be non-functional
12-20 04:59:51.121  3058  3519 I AudioFlinger: AudioFlinger's thread 0xf2dc0000 ready to run
12-20 04:59:51.121  3058  3519 V audio_hw_primary: out_set_parameters: key value pairs: routing=2
12-20 04:59:51.121  3058  3519 V audio_hw_primary: do_out_standby: output standby: 1
12-20 04:59:51.121  3058  3519 E AudioFlinger: no wake lock to update!
12-20 04:59:51.122  3058  3058 V audio_hw_primary: adev_open_input_stream: Requesting input stream with rate: 48000, channels: 0xc
12-20 04:59:51.122  3058  3520 I AudioFlinger: AudioFlinger's thread 0xf2ac0000 ready to run
12-20 04:59:51.123  3058  3058 I bt_a2dp_hw: adev_open:  adev_open in A2dp_hw module
12-20 04:59:51.123  3058  3058 I AudioFlinger: loadHwModule() Loaded a2dp audio interface from A2DP Audio HW HAL (audio) handle 5
12-20 04:59:51.125  3058  3058 I AudioFlinger: loadHwModule() Loaded usb audio interface from USB audio HW HAL (audio) handle 6
12-20 04:59:51.126  3058  3058 I r_submix: adev_open(name=audio_hw_if)
12-20 04:59:51.126  3058  3058 I r_submix: adev_init_check()
12-20 04:59:51.126  3058  3058 I AudioFlinger: loadHwModule() Loaded r_submix audio interface from Wifi Display audio HAL (audio) handle 7
12-20 04:59:51.126  3058  3058 D r_submix: adev_open_input_stream(addr=0)
12-20 04:59:51.126  3058  3058 D r_submix: submix_audio_device_create_pipe_l(addr=0, idx=9)
12-20 04:59:51.126  3058  3058 D r_submix:   now using address 0 for route 9
12-20 04:59:51.126  3058  3521 I AudioFlinger: AudioFlinger's thread 0xf2ac0000 ready to run
12-20 04:59:51.126  3058  3058 D r_submix: adev_close_input_stream()
12-20 04:59:51.126  3058  3058 D r_submix: submix_audio_device_release_pipe_l(idx=9) addr=0
12-20 04:59:51.126  3058  3058 D r_submix: submix_audio_device_destroy_pipe_l(): pipe destroyed
12-20 04:59:51.127  3058  3058 E SoundTriggerHwService: couldn't load sound trigger module sound_trigger.primary (No such file or directory)
12-20 04:59:51.127  3394  3496 D EventHub: No input device configuration file found for device 'uv_sensor'.
12-20 04:59:51.127  3058  3058 I RadioService: RadioService
12-20 04:59:51.127  3058  3058 I RadioService: onFirstRef
12-20 04:59:51.127  3058  3058 E RadioService: couldn't load radio module radio.primary (No such file or directory)
12-20 04:59:51.128  3058  3522 D PermissionCache: checking android.permission.MODIFY_AUDIO_SETTINGS for uid=1000 => granted (282 us)
12-20 04:59:51.129  3058  3058 V audio_hw_primary: adev_set_mic_mute: set mic mute: 0
12-20 04:59:51.207  3394  3496 D EventHub: No input device configuration file found for device 'hrmled_sensor'.
12-20 04:59:51.257  3394  3496 D EventHub: No input device configuration file found for device 'hrm_sensor'.
12-20 04:59:51.307  3394  3496 E EventHub: could not get driver version for /dev/input/mice, Not a typewriter
12-20 04:59:51.363  3394  3496 W EventHub: Unable to disable kernel key repeat for /dev/input/event1: Function not implemented
12-20 04:59:51.363  3394  3496 I EventHub: New device: id=16, fd=117, path='/dev/input/event1', name='sec_touchscreen', classes=0x15, configuration='/system/usr/idc/sec_touchscreen.idc', keyLayout='/system/usr/keylayout/Generic.kl', keyCharacterMap='/system/usr/keychars/Generic.kcm', builtinKeyboard=false, wakeMechanism=EPOLLWAKEUP, usingClockIoctl=true
12-20 04:59:51.363  3394  3496 D EventHub: No input device configuration file found for device 'gpio_keys'.
12-20 04:59:51.364  3394  3496 W EventHub: Unable to disable kernel key repeat for /dev/input/event17: Function not implemented
12-20 04:59:51.364  3394  3496 I EventHub: New device: id=17, fd=120, path='/dev/input/event17', name='gpio_keys', classes=0x1, configuration='', keyLayout='/system/usr/keylayout/Generic.kl', keyCharacterMap='/system/usr/keychars/Generic.kcm', builtinKeyboard=false, wakeMechanism=EPOLLWAKEUP, usingClockIoctl=true
12-20 04:59:51.364  3394  3496 D EventHub: No input device configuration file found for device 'Headset'.
12-20 04:59:51.365  3394  3496 W EventHub: Unable to disable kernel key repeat for /dev/input/event16: Function not implemented
12-20 04:59:51.365  3394  3496 I EventHub: New device: id=18, fd=121, path='/dev/input/event16', name='Headset', classes=0x1, configuration='', keyLayout='/system/usr/keylayout/Generic.kl', keyCharacterMap='/system/usr/keychars/Generic.kcm', builtinKeyboard=false, wakeMechanism=EPOLLWAKEUP, usingClockIoctl=true
12-20 04:59:51.365  3394  3496 D EventHub: No input device configuration file found for device 'sec_touchkey'.
12-20 04:59:51.366  3394  3496 W EventHub: Unable to disable kernel key repeat for /dev/input/event0: Function not implemented
