12-28 02:46:33.907  3007  3007 W OMXNodeInstance: [bbf0010:google.hevc.decoder] component does not support metadata mode; using fallback
12-28 02:46:33.908  3011  3011 I MediaPlayerService: MediaPlayerService::getOMX
12-28 02:46:33.908  3011  3011 I OMXClient: MuxOMX ctor
12-28 02:46:33.908  3007  3793 I OMXMaster: makeComponentInstance(OMX.google.vp8.decoder) in mediacodec process
12-28 02:46:33.965  3007  3007 E OMXNodeInstance: getExtensionIndex(bbf0011:google.vp8.decoder, OMX.google.android.index.configureVideoTunnelMode) ERROR: UnsupportedIndex(0x8000101a)
12-28 02:46:33.965  3007  3793 W OMXNodeInstance: [bbf0011:google.vp8.decoder] component does not support metadata mode; using fallback
12-28 02:46:33.966  3011  3011 I MediaPlayerService: MediaPlayerService::getOMX
12-28 02:46:33.966  3011  3011 I OMXClient: MuxOMX ctor
12-28 02:46:33.966  3007  3007 I OMXMaster: makeComponentInstance(OMX.google.vp9.decoder) in mediacodec process
12-28 02:46:33.968  3007  3007 E OMXNodeInstance: getExtensionIndex(bbf0012:google.vp9.decoder, OMX.google.android.index.configureVideoTunnelMode) ERROR: UnsupportedIndex(0x8000101a)
12-28 02:46:33.968  3007  3007 W OMXNodeInstance: [bbf0012:google.vp9.decoder] component does not support metadata mode; using fallback
12-28 02:46:33.968  3011  3011 I MediaPlayerService: MediaPlayerService::getOMX
12-28 02:46:33.968  3011  3011 I OMXClient: MuxOMX ctor
12-28 02:46:33.969  3007  3793 I OMXMaster: makeComponentInstance(OMX.google.h263.encoder) in mediacodec process
12-28 02:46:34.056  3007  3793 I SoftMPEG4Encoder: Construct SoftMPEG4Encoder
12-28 02:46:34.057  3011  3011 W ACodec  : do not know color format 0x7f000789 = 2130708361
12-28 02:46:34.057  3007  3007 E OMXNodeInstance: getConfig(bbf0013:google.h263.encoder, ConfigAndroidIntraRefresh(0x6f60000a)) ERROR: Undefined(0x80001001)
12-28 02:46:34.058  3011  3011 I MediaPlayerService: MediaPlayerService::getOMX
12-28 02:46:34.058  3011  3011 I OMXClient: MuxOMX ctor
12-28 02:46:34.058  3007  3793 I OMXMaster: makeComponentInstance(OMX.google.h264.encoder) in mediacodec process
12-28 02:46:34.142  2999  2999 D wrapperGPS: wrapperConnect_RILD
12-28 02:46:34.166  3011  3011 W ACodec  : do not know color format 0x7f000789 = 2130708361
12-28 02:46:34.167  3011  3011 I MediaPlayerService: MediaPlayerService::getOMX
12-28 02:46:34.167  3011  3011 I OMXClient: MuxOMX ctor
12-28 02:46:34.167  3007  3007 I OMXMaster: makeComponentInstance(OMX.google.mpeg4.encoder) in mediacodec process
12-28 02:46:34.168  3007  3007 I SoftMPEG4Encoder: Construct SoftMPEG4Encoder
12-28 02:46:34.169  3011  3011 W ACodec  : do not know color format 0x7f000789 = 2130708361
12-28 02:46:34.169  3007  3050 E OMXNodeInstance: getConfig(bbf0015:google.mpeg4.encoder, ConfigAndroidIntraRefresh(0x6f60000a)) ERROR: Undefined(0x80001001)
12-28 02:46:34.170  3011  3011 I MediaPlayerService: MediaPlayerService::getOMX
12-28 02:46:34.170  3011  3011 I OMXClient: MuxOMX ctor
12-28 02:46:34.170  3007  3050 I OMXMaster: makeComponentInstance(OMX.google.vp8.encoder) in mediacodec process
12-28 02:46:34.226  3011  3011 W ACodec  : do not know color format 0x7f000789 = 2130708361
12-28 02:46:34.227  3007  3793 E OMXNodeInstance: getConfig(bbf0016:google.vp8.encoder, ConfigAndroidIntraRefresh(0x6f60000a)) ERROR: Undefined(0x80001001)
12-28 02:46:34.256  3011  3011 I MediaPlayerService: MediaPlayerService::getOMX
12-28 02:46:34.257  3011  3011 I OMXClient: MuxOMX ctor
12-28 02:46:34.257  3007  3793 I OMXMaster: makeComponentInstance(OMX.google.mp3.decoder) in mediacodec process
12-28 02:46:34.319  3011  3011 I MediaPlayerService: MediaPlayerService::getOMX
12-28 02:46:34.319  3011  3011 I OMXClient: MuxOMX ctor
12-28 02:46:34.319  3007  3050 I OMXMaster: makeComponentInstance(OMX.google.amrnb.decoder) in mediacodec process
12-28 02:46:34.347  3011  3011 I MediaPlayerService: MediaPlayerService::getOMX
12-28 02:46:34.348  3011  3011 I OMXClient: MuxOMX ctor
12-28 02:46:34.348  3007  3007 I OMXMaster: makeComponentInstance(OMX.google.amrwb.decoder) in mediacodec process
12-28 02:46:34.352  3011  3011 I MediaPlayerService: MediaPlayerService::getOMX
12-28 02:46:34.352  3011  3011 I OMXClient: MuxOMX ctor
12-28 02:46:34.352  3007  3793 I OMXMaster: makeComponentInstance(OMX.google.aac.decoder) in mediacodec process
12-28 02:46:34.437  3011  3011 I MediaPlayerService: MediaPlayerService::getOMX
12-28 02:46:34.438  3011  3011 I OMXClient: MuxOMX ctor
12-28 02:46:34.438  3007  3050 I OMXMaster: makeComponentInstance(OMX.google.g711.alaw.decoder) in mediacodec process
12-28 02:46:34.495  3011  3011 I MediaPlayerService: MediaPlayerService::getOMX
12-28 02:46:34.495  3011  3011 I OMXClient: MuxOMX ctor
12-28 02:46:34.496  3007  3007 I OMXMaster: makeComponentInstance(OMX.google.g711.mlaw.decoder) in mediacodec process
12-28 02:46:34.498  3011  3011 I MediaPlayerService: MediaPlayerService::getOMX
12-28 02:46:34.498  3011  3011 I OMXClient: MuxOMX ctor
12-28 02:46:34.498  3007  3793 I OMXMaster: makeComponentInstance(OMX.google.vorbis.decoder) in mediacodec process
12-28 02:46:34.523  3011  3011 I MediaPlayerService: MediaPlayerService::getOMX
12-28 02:46:34.523  3011  3011 I OMXClient: MuxOMX ctor
12-28 02:46:34.523  3007  3050 I OMXMaster: makeComponentInstance(OMX.google.opus.decoder) in mediacodec process
12-28 02:46:34.554  3011  3011 I MediaPlayerService: MediaPlayerService::getOMX
12-28 02:46:34.554  3011  3011 I OMXClient: MuxOMX ctor
12-28 02:46:34.554  3007  3007 I OMXMaster: makeComponentInstance(OMX.google.raw.decoder) in mediacodec process
12-28 02:46:34.581  3011  3011 I MediaPlayerService: MediaPlayerService::getOMX
12-28 02:46:34.581  3011  3011 I OMXClient: MuxOMX ctor
12-28 02:46:34.581  3007  3793 I OMXMaster: makeComponentInstance(OMX.google.aac.encoder) in mediacodec process
12-28 02:46:34.608  3522  3648 I LatinIME:LogUtils: Dictionary info: dictionary = main:bg ; version = 1 ; date = 1457766000
12-28 02:46:34.666  3011  3011 I MediaPlayerService: MediaPlayerService::getOMX
12-28 02:46:34.666  3011  3011 I OMXClient: MuxOMX ctor
12-28 02:46:34.666  3007  3050 I OMXMaster: makeComponentInstance(OMX.google.amrnb.encoder) in mediacodec process
12-28 02:46:34.694  3522  3648 I LatinIME:LogUtils: Dictionary info: dictionary = main:cs ; version = 44 ; date = 1393228134
12-28 02:46:34.694  3522  3648 I LatinIME:LogUtils: Dictionary info: dictionary = main:da ; version = 44 ; date = 1393228134
12-28 02:46:34.695  3522  3648 I LatinIME:LogUtils: Dictionary info: dictionary = main:de ; version = 54 ; date = 1414726263
12-28 02:46:34.696  3522  3648 I LatinIME:LogUtils: Dictionary info: dictionary = main:el ; version = 44 ; date = 1393228134
12-28 02:46:34.697  3522  3648 I LatinIME:LogUtils: Dictionary info: dictionary = main:en ; version = 54 ; date = 1414726273
12-28 02:46:34.698  3522  3648 I LatinIME:LogUtils: Dictionary info: dictionary = main:es ; version = 54 ; date = 1414726268
12-28 02:46:34.699  3522  3648 I LatinIME:LogUtils: Dictionary info: dictionary = main:fi ; version = 44 ; date = 1393228135
12-28 02:46:34.700  3522  3648 I LatinIME:LogUtils: Dictionary info: dictionary = main:fr ; version = 54 ; date = 1414726264
12-28 02:46:34.706  3011  3011 I MediaPlayerService: MediaPlayerService::getOMX
12-28 02:46:34.706  3011  3011 I OMXClient: MuxOMX ctor
12-28 02:46:34.706  3007  3007 I OMXMaster: makeComponentInstance(OMX.google.amrwb.encoder) in mediacodec process
12-28 02:46:34.758  3522  3648 I LatinIME:LogUtils: Dictionary info: dictionary = main:hr ; version = 44 ; date = 1393228135
12-28 02:46:34.758  3011  3011 I MediaPlayerService: MediaPlayerService::getOMX
12-28 02:46:34.758  3011  3011 I OMXClient: MuxOMX ctor
12-28 02:46:34.758  3007  3793 I OMXMaster: makeComponentInstance(OMX.google.flac.encoder) in mediacodec process
12-28 02:46:34.818  3011  3011 I MediaPlayerService: MediaPlayerService::getOMX
12-28 02:46:34.819  3011  3011 I OMXClient: MuxOMX ctor
12-28 02:46:34.819  3007  3050 I OMXMaster: makeComponentInstance(OMX.google.gsm.decoder) in mediacodec process
12-28 02:46:34.821  3522  3648 I LatinIME:LogUtils: Dictionary info: dictionary = main:it ; version = 54 ; date = 1414726258
12-28 02:46:34.874  3011  3011 W MediaCodecList: Component OMX.Exynos.MP3.Decoder does not support any type of media?
12-28 02:46:34.874  3011  3011 W MediaCodecList: Component OMX.Exynos.VC1.Decoder does not support any type of media?
12-28 02:46:34.874  3011  3011 I MediaPlayerService: MediaPlayerService::getOMX
12-28 02:46:34.875  3011  3011 I OMXClient: MuxOMX ctor
12-28 02:46:34.875  3011  3011 W MediaCodecList: unable to open media codecs configuration xml file: /etc/media_codecs_performance.xml
12-28 02:46:34.875  3011  3011 I MediaPlayerService: MediaPlayerService::getOMX
12-28 02:46:34.875  3011  3011 I OMXClient: MuxOMX ctor
12-28 02:46:34.875  3011  3011 W MediaCodecList: unable to open media codecs configuration xml file: /data/misc/media/media_codecs_profiling_results.xml
12-28 02:46:34.876  3011  3093 I MediaPlayerService: MediaPlayerService::getOMX
12-28 02:46:34.876  3011  3627 I MediaPlayerService: MediaPlayerService::getOMX
12-28 02:46:34.877  3537  3624 I OMXClient: MuxOMX ctor
12-28 02:46:34.877  3333  3614 I chatty  : uid=1000 system_server expire 1 line
12-28 02:46:34.877  3007  3007 I OMXMaster: makeComponentInstance(OMX.google.vorbis.decoder) in mediacodec process
12-28 02:46:34.879  3007  3793 I OMXMaster: makeComponentInstance(OMX.google.vorbis.decoder) in mediacodec process
12-28 02:46:34.891  3669  3669 E TelephonyProvider: dbh.selectConflictingRow: Expected 1 but found 0 matching rows found for cv password=bmobile mnc=10 sub_id=-1 bearer_bitmask=0 numeric=44010 name=b-mobile zsim mcc=440 authtype=3 apn=bmobile.ne.jp type=default,supl user=bmobile@zsim
12-28 02:46:34.892  3669  3669 E TelephonyProvider: dbh.selectConflictingRow: Expected 1 but found 0 matching rows found for cv password=hi-ho mnc=10 sub_id=-1 bearer_bitmask=0 numeric=44010 name=hi-ho mcc=440 authtype=3 apn=vmobile.jp type=default,supl user=lte@hi-ho
12-28 02:46:34.894  3669  3669 E TelephonyProvider: dbh.selectConflictingRow: Expected 1 but found 0 matching rows found for cv password=vrkt mnc=10 sub_id=-1 bearer_bitmask=0 numeric=44010 name= mcc=440 authtype=3 apn=vdm.jp type=default,supl user=rakuten@vdm
12-28 02:46:34.900  3522  3648 I LatinIME:LogUtils: Dictionary info: dictionary = main:iw ; version = 44 ; date = 1393228136
12-28 02:46:34.913  3669  3669 E TelephonyProvider: dbh.selectConflictingRow: Expected 1 but found 0 matching rows found for cv mnc=00 mmsport=8080 sub_id=-1 bearer_bitmask=0 mmsc=http://192.168.58.171:8002 numeric=45400 mmsproxy=192.168.59.51 name=1O1O mcc=454 authtype=3 apn=mobile type=default,mms,hipri
12-28 02:46:34.925  3669  3669 E TelephonyProvider: dbh.selectConflictingRow: Expected 1 but found 0 matching rows found for cv mnc=00 mmsport=8080 sub_id=-1 bearer_bitmask=0 mmsc=http://192.168.58.171:8002 numeric=45400 mmsproxy=192.168.59.51 name=1O1O mcc=454 authtype=3 apn=mobile type=default,mms,hipri
12-28 02:46:34.926  3669  3669 E TelephonyProvider: dbh.selectConflictingRow: Expected 1 but found 0 matching rows found for cv mnc=00 sub_id=-1 bearer_bitmask=0 numeric=45400 name=1O1O Tethering mcc=454 apn=lte.internet type=dun
12-28 02:46:34.927  3669  3669 E TelephonyProvider: dbh.selectConflictingRow: Expected 1 but found 0 matching rows found for cv mvno_match_data=01010000 sub_id=-1 mvno_type=gid numeric=45400 mmsc=http://192.168.58.171:8002 bearer_bitmask=0 authtype=3 mnc=00 mmsport=8080 mmsproxy=192.168.59.51 name=1O1O mcc=454 apn=mobile type=default,mms,hipri
12-28 02:46:34.929  3669  3669 E TelephonyProvider: dbh.selectConflictingRow: Expected 1 but found 0 matching rows found for cv mvno_match_data=01010000 mnc=00 sub_id=-1 mvno_type=gid bearer_bitmask=0 numeric=45400 name=1O1O Tethering mcc=454 apn=lte.internet type=dun
12-28 02:46:34.930  3669  3669 E TelephonyProvider: dbh.selectConflictingRow: Expected 1 but found 0 matching rows found for cv mnc=00 mmsport=8080 sub_id=-1 bearer_bitmask=0 mmsc=http://192.168.58.171:8002 numeric=45400 mmsproxy=192.168.59.61 name=SUN Mobile mcc=454 authtype=3 apn=SUNMobile type=default,mms
12-28 02:46:34.932  3669  3669 E TelephonyProvider: dbh.selectConflictingRow: Expected 1 but found 0 matching rows found for cv mvno_match_data=01030000 sub_id=-1 mvno_type=gid numeric=45400 mmsc=http://192.168.58.171:8002 bearer_bitmask=0 authtype=3 mnc=00 mmsport=8080 mmsproxy=192.168.59.61 name=SUN Mobile mcc=454 apn=SUNMobile type=default,mms
12-28 02:46:34.933  3522  3648 I LatinIME:LogUtils: Dictionary info: dictionary = main:lb ; version = 1 ; date = 1380519383
12-28 02:46:34.935  3669  3669 E TelephonyProvider: dbh.selectConflictingRow: Expected 1 but found 0 matching rows found for cv mnc=02 mmsport=8080 sub_id=-1 bearer_bitmask=0 mmsc=http://192.168.58.171:8002 numeric=45402 mmsproxy=192.168.59.51 name=1O1O mcc=454 authtype=3 apn=mobile type=default,mms,hipri
12-28 02:46:34.935  3011  3093 I MediaPlayerService: MediaPlayerService::getOMX
12-28 02:46:34.937  3669  3669 E TelephonyProvider: dbh.selectConflictingRow: Expected 1 but found 0 matching rows found for cv mnc=02 sub_id=-1 bearer_bitmask=0 numeric=45402 name=1O1O Tethering mcc=454 apn=lte.internet type=dun
12-28 02:46:34.937  3333  3874 I chatty  : uid=1000 system_server expire 1 line
12-28 02:46:34.938  3007  3050 I OMXMaster: makeComponentInstance(OMX.google.vorbis.decoder) in mediacodec process
12-28 02:46:34.947  3669  3669 E TelephonyProvider: dbh.selectConflictingRow: Expected 1 but found 0 matching rows found for cv mnc=18 mmsport=8080 sub_id=-1 bearer_bitmask=0 mmsc=http://192.168.58.171:8002 numeric=45418 mmsproxy=192.168.59.51 name=1O1O mcc=454 authtype=3 apn=mobile type=default,mms,hipri
12-28 02:46:34.948  3669  3669 E TelephonyProvider: dbh.selectConflictingRow: Expected 1 but found 0 matching rows found for cv mnc=18 sub_id=-1 bearer_bitmask=0 numeric=45418 name=1O1O Tethering mcc=454 apn=lte.internet type=dun
12-28 02:46:34.952  3669  3669 E TelephonyProvider: dbh.selectConflictingRow: Expected 1 but found 0 matching rows found for cv mnc=01 mmsport=8080 sub_id=-1 bearer_bitmask=0 mmsc=http://mms.wap.ctm.net:8002 numeric=45501 mmsproxy=192.168.99.3 name=CTM MMS mcc=455 apn=ctmmms type=mms
12-28 02:46:34.958  3669  3669 E TelephonyProvider: dbh.selectConflictingRow: Expected 1 but found 0 matching rows found for cv mnc=08 sub_id=-1 bearer_bitmask=0 numeric=45608 name=Metfone mcc=456 apn=Metfone type=default,supl
12-28 02:46:34.960  3669  3669 E TelephonyProvider: dbh.selectConflictingRow: Expected 1 but found 0 matching rows found for cv mnc=00 sub_id=-1 bearer_bitmask=0 numeric=46000 name= GPRS (China Mobile) mcc=460 apn=cmnet type=default,supl
12-28 02:46:34.962  3669  3669 E TelephonyProvider: dbh.selectConflictingRow: Expected 1 but found 0 matching rows found for cv mnc=00 sub_id=-1 bearer_bitmask=0 numeric=46000 name=China Mobile mcc=460 apn=cmnet type=default,supl
12-28 02:46:34.963  3669  3669 E TelephonyProvider: dbh.selectConflictingRow: Expected 1 but found 0 matching rows found for cv mnc=00 mmsport=80 sub_id=-1 bearer_bitmask=0 mmsc=http://mmsc.monternet.com mmsproxy=10.0.0.172 numeric=46000 proxy=10.0.0.172 name=China Mobile MMS port=80 mcc=460 apn=cmwap type=mms
12-28 02:46:34.964  3669  3669 E TelephonyProvider: dbh.selectConflictingRow: Expected 1 but found 0 matching rows found for cv password= sub_id=-1 bearer_bitmask=0 numeric=46001 mmsc= authtype=3 user= mnc=01 proxy= name=3g port= mcc=460 apn=3gnet type=default,supl
12-28 02:46:34.966  3669  3669 E TelephonyProvider: dbh.selectConflictingRow: Expected 1 but found 0 matching rows found for cv password= sub_id=-1 bearer_bitmask=0 numeric=46001 mmsc=http://mmsc.myuni.com.cn authtype=3 user= mnc=01 mmsport=80 proxy= mmsproxy=10.0.0.172 name=3g port= mcc=460 apn=3gwap type=mms
12-28 02:46:34.966  3011  3626 I MediaPlayerService: MediaPlayerService::getOMX
12-28 02:46:34.967  3537  3877 I OMXClient: MuxOMX ctor
12-28 02:46:34.967  3669  3669 E TelephonyProvider: dbh.selectConflictingRow: Expected 1 but found 0 matching rows found for cv mnc=01 mmsport=80 sub_id=-1 bearer_bitmask=0 mmsc=http://mmsc.myuni.com.cn numeric=46001 mmsproxy=10.0.0.172 name=China Unicom MMS mcc=460 apn=uniwap type=mms
12-28 02:46:34.967  3007  3793 I OMXMaster: makeComponentInstance(OMX.google.vorbis.decoder) in mediacodec process
12-28 02:46:34.970  3669  3669 E TelephonyProvider: dbh.selectConflictingRow: Expected 1 but found 0 matching rows found for cv mnc=02 sub_id=-1 bearer_bitmask=0 numeric=46002 name= GPRS (China Mobile) mcc=460 apn=cmnet type=default,supl
12-28 02:46:34.972  3669  3669 E TelephonyProvider: dbh.selectConflictingRow: Expected 1 but found 0 matching rows found for cv mnc=02 sub_id=-1 bearer_bitmask=0 numeric=46002 name=China Mobile mcc=460 apn=cmnet type=default,supl
12-28 02:46:34.973  3669  3669 E TelephonyProvider: dbh.selectConflictingRow: Expected 1 but found 0 matching rows found for cv mnc=02 mmsport=80 sub_id=-1 bearer_bitmask=0 mmsc=http://mmsc.monternet.com mmsproxy=10.0.0.172 numeric=46002 proxy=10.0.0.172 name=China Mobile MMS port=80 mcc=460 apn=cmwap type=mms
12-28 02:46:34.975  3669  3669 E TelephonyProvider: dbh.selectConflictingRow: Expected 1 but found 0 matching rows found for cv password= mnc=02 sub_id=-1 bearer_bitmask=0 mmsc= proxy= numeric=46002 name=China Mobile port= mcc=460 apn=cmnet type=default,supl user=
12-28 02:46:34.977  3669  3669 E TelephonyProvider: dbh.selectConflictingRow: Expected 1 but found 0 matching rows found for cv password= sub_id=-1 bearer_bitmask=0 numeric=46002 mmsc=http://mmsc.monternet.com user= mnc=02 mmsport=80 proxy=10.0.0.172 mmsproxy=10.0.0.172 name=China Mobile MMS port=80 mcc=460 apn=cmwap type=mms
12-28 02:46:34.992  3669  3669 E TelephonyProvider: dbh.selectConflictingRow: Expected 1 but found 0 matching rows found for cv password= mnc=07 sub_id=-1 bearer_bitmask=0 numeric=46007 name=China-Mobile mcc=460 authtype=3 apn=cmnet type=default,supl user=
12-28 02:46:34.995  3669  3669 E TelephonyProvider: dbh.selectConflictingRow: Expected 1 but found 0 matching rows found for cv mnc=07 sub_id=-1 bearer_bitmask=0 numeric=46007 name= (China Mobile) GPRS mcc=460 apn=cmnet type=default,supl
12-28 02:46:35.002  3011  3796 I MediaPlayerService: MediaPlayerService::getOMX
12-28 02:46:35.003  3333  3880 I chatty  : uid=1000 system_server expire 1 line
12-28 02:46:35.004  3007  3871 I OMXMaster: makeComponentInstance(OMX.google.vorbis.decoder) in mediacodec process
12-28 02:46:35.006  3669  3669 E TelephonyProvider: dbh.selectConflictingRow: Expected 1 but found 0 matching rows found for cv mnc=01 sub_id=-1 bearer_bitmask=0 numeric=46601 name=FarEasTone mcc=466 apn=internet type=default,supl
12-28 02:46:35.007  3669  3669 E TelephonyProvider: dbh.selectConflictingRow: Expected 1 but found 0 matching rows found for cv mnc=01 mmsport=9201 sub_id=-1 bearer_bitmask=0 mmsc=http://mms numeric=46601 mmsproxy=210.241.199.199 name=FarEasTone MMS mcc=466 apn=fetnet01 type=mms
12-28 02:46:35.011  3669  3669 E TelephonyProvider: dbh.selectConflictingRow: Expected 1 but found 0 matching rows found for cv mnc=89 sub_id=-1 bearer_bitmask=0 numeric=46689 name=Vibo mcc=466 apn=internet type=default,supl
12-28 02:46:35.012  3669  3669 E TelephonyProvider: dbh.selectConflictingRow: Expected 1 but found 0 matching rows found for cv mnc=89 mmsport=8080 sub_id=-1 bearer_bitmask=0 mmsc=http://mms numeric=46689 mmsproxy=172.24.128.36 name=Vibo mcc=466 apn=vibo type=mms
12-28 02:46:35.017  3669  3669 E TelephonyProvider: dbh.selectConflictingRow: Expected 1 but found 0 matching rows found for cv mnc=92 mmsport=8080 sub_id=-1 bearer_bitmask=0 mmsc=http://mms.emome.net:8002 numeric=46692 mmsproxy=10.1.1.1 name=CHT MMS mcc=466 apn=emome type=mms
12-28 02:46:35.019  3669  3669 E TelephonyProvider: dbh.selectConflictingRow: Expected 1 but found 0 matching rows found for cv mnc=92 sub_id=-1 bearer_bitmask=0 numeric=46692 name=CHT mcc=466 apn=internet type=default,supl
12-28 02:46:35.021  3669  3669 E TelephonyProvider: dbh.selectConflictingRow: Expected 1 but found 0 matching rows found for cv mnc=97 sub_id=-1 bearer_bitmask=0 numeric=46697 name=Taiwan Mobile Internet mcc=466 apn=internet type=default,supl
12-28 02:46:35.023  3669  3669 E TelephonyProvider: dbh.selectConflictingRow: Expected 1 but found 0 matching rows found for cv mnc=97 sub_id=-1 bearer_bitmask=0 numeric=46697 name=Taiwan Mobile mcc=466 apn=twm type=default,supl
12-28 02:46:35.026  3669  3669 E TelephonyProvider: dbh.selectConflictingRow: Expected 1 but found 0 matching rows found for cv mnc=01 sub_id=-1 bearer_bitmask=0 numeric=47001 name=Grameenphone mcc=470 apn=gpinternet type=default,supl
12-28 02:46:35.026  3669  3669 E TelephonyProvider: dbh.selectConflictingRow: Expected 1 but found 0 matching rows found for cv mnc=01 mmsport=8080 sub_id=-1 bearer_bitmask=0 mmsc=http://mms.gpsurf.net/servlets/mms numeric=47001 mmsproxy=10.128.1.2 name=Grameenphone MMS mcc=470 apn=gpmms type=mms
12-28 02:46:35.029  3669  3669 E TelephonyProvider: dbh.selectConflictingRow: Expected 1 but found 0 matching rows found for cv mnc=07 sub_id=-1 bearer_bitmask=0 numeric=47007 name=Warid BD mcc=470 apn=internet type=default,supl
12-28 02:46:35.033  3669  3669 E TelephonyProvider: dbh.selectConflictingRow: Expected 1 but found 0 matching rows found for cv password=wap mnc=12 sub_id=-1 bearer_bitmask=0 numeric=50212 name=Maxis 3G Internet mcc=502 apn=unet type=default,supl user=maxis
12-28 02:46:35.036  3669  3669 E TelephonyProvider: dbh.selectConflictingRow: Expected 1 but found 0 matching rows found for cv password=wap sub_id=-1 bearer_bitmask=0 numeric=50212 mmsc=http://172.16.74.100:10021/mmsc user=maxis mnc=12 mmsport=80 mmsproxy=202.75.133.49 name=Maxis 3G MMS server=202.75.133.49 mcc=502 apn=unet type=mms
12-28 02:46:35.037  3522  3648 I LatinIME:LogUtils: Dictionary info: dictionary = main:nb ; version = 44 ; date = 1393228136
12-28 02:46:35.038  3011  3796 I MediaPlayerService: MediaPlayerService::getOMX
12-28 02:46:35.038  3537  3883 I OMXClient: MuxOMX ctor
12-28 02:46:35.039  3007  3007 I OMXMaster: makeComponentInstance(OMX.google.vorbis.decoder) in mediacodec process
12-28 02:46:35.040  3522  3648 I LatinIME:LogUtils: Dictionary info: dictionary = main:nl ; version = 44 ; date = 1393228136
12-28 02:46:35.040  3669  3669 E TelephonyProvider: dbh.selectConflictingRow: Expected 1 but found 0 matching rows found for cv password=mms mnc=16 mmsport=80 sub_id=-1 bearer_bitmask=0 mmsc=http://mms.digi.com.my/servlets/mms mmsproxy=203.92.128.160 numeric=50216 name=Digi MMS mcc=502 apn=digimms type=mms user=mms
12-28 02:46:35.042  3669  3669 E TelephonyProvider: dbh.selectConflictingRow: Expected 1 but found 0 matching rows found for cv mnc=18 sub_id=-1 bearer_bitmask=0 numeric=50218 name=U Mobile Internet mcc=502 apn=my3g type=default,supl
12-28 02:46:35.044  3669  3669 E TelephonyProvider: dbh.selectConflictingRow: Expected 1 but found 0 matching rows found for cv mnc=18 mmsport=8080 sub_id=-1 bearer_bitmask=0 mmsc=http://10.30.3.11/servlets/mms numeric=50218 mmsproxy=10.30.5.11 name=U Mobile MMS mcc=502 apn=my3g type=mms
12-28 02:46:35.046  3522  3648 I LatinIME:LogUtils: Dictionary info: dictionary = main:ru ; version = 54 ; date = 1414726277
12-28 02:46:35.046  3669  3669 E TelephonyProvider: dbh.selectConflictingRow: Expected 1 but found 0 matching rows found for cv mnc=19 sub_id=-1 bearer_bitmask=0 numeric=50219 name=Celcom 3G Internet mcc=502 apn=celcom3g type=default,supl
12-28 02:46:35.051  3522  3648 I LatinIME:LogUtils: Dictionary info: dictionary = main:sv ; version = 44 ; date = 1393228154
12-28 02:46:35.053  3669  3669 E TelephonyProvider: dbh.selectConflictingRow: Expected 1 but found 0 matching rows found for cv password=* mnc=02 sub_id=-1 bearer_bitmask=0 numeric=50502 server=* name=Optus Internet mcc=505 apn=yesinternet type=default,supl user=*
12-28 02:46:35.054  3669  3669 E TelephonyProvider: dbh.selectConflictingRow: Expected 1 but found 0 matching rows found for cv password= sub_id=-1 bearer_bitmask=0 numeric=50502 mmsc= authtype=3 user= mnc=02 proxy= name=Boost Mobile port= mcc=505 apn=yesinternet type=default,supl
12-28 02:46:35.058  3669  3669 E TelephonyProvider: dbh.selectConflictingRow: Expected 1 but found 0 matching rows found for cv password= mnc=72 sub_id=-1 bearer_bitmask=0 mmsc= proxy= numeric=50572 name=Telstra Internet port= mcc=505 apn=Telstra.wap type=default,supl user=
12-28 02:46:35.060  3669  3669 E TelephonyProvider: dbh.selectConflictingRow: Expected 1 but found 0 matching rows found for cv password=indosat mnc=01 sub_id=-1 bearer_bitmask=0 numeric=51001 name=Indosat GPRS mcc=510 apn=indosatgprs type=default,supl user=indosat
12-28 02:46:35.061  3669  3669 E TelephonyProvider: dbh.selectConflictingRow: Expected 1 but found 0 matching rows found for cv password=indosat mnc=01 mmsport=8080 sub_id=-1 bearer_bitmask=0 mmsc=http://mmsc.indosat.com mmsproxy=10.19.19.19 numeric=51001 name=Indosat MMS mcc=510 apn=indosatmms type=mms user=indosat
12-28 02:46:35.064  3669  3669 E TelephonyProvider: dbh.selectConflictingRow: Expected 1 but found 0 matching rows found for cv password=123456 mnc=08 sub_id=-1 bearer_bitmask=0 mmsc= proxy= numeric=51008 name=AXIS port= mcc=510 apn=AXIS type=default,supl user=axis
12-28 02:46:35.066  3669  3669 E TelephonyProvider: dbh.selectConflictingRow: Expected 1 but found 0 matching rows found for cv password=123456 sub_id=-1 bearer_bitmask=0 numeric=51008 mmsc=http://mmsc.AXIS user=axis mnc=08 mmsport=8080 proxy= mmsproxy=10.8.3.8 name=AXIS MMS port= mcc=510 apn=AXISmms type=mms
12-28 02:46:35.068  3669  3669 E TelephonyProvider: dbh.selectConflictingRow: Expected 1 but found 0 matching rows found for cv mnc=10 sub_id=-1 bearer_bitmask=0 numeric=51010 name=Telkomsel mcc=510 apn=internet type=default,supl
12-28 02:46:35.071  3669  3669 E TelephonyProvider: dbh.selectConflictingRow: Expected 1 but found 0 matching rows found for cv password=proxl mnc=11 mmsport=8080 sub_id=-1 bearer_bitmask=0 mmsc=http://mmc.xl.net.id/servlets/mms mmsproxy=202.152.240.50 numeric=51011 name=XL-MMS mcc=510 apn=www.xlmms.net type=mms user=xlgprs
12-28 02:46:35.072  3011  3627 I MediaPlayerService: MediaPlayerService::getOMX
12-28 02:46:35.073  3333  3886 I chatty  : uid=1000 system_server expire 1 line
12-28 02:46:35.074  3007  3007 I OMXMaster: makeComponentInstance(OMX.google.vorbis.decoder) in mediacodec process
12-28 02:46:35.074  3669  3669 E TelephonyProvider: dbh.selectConflictingRow: Expected 1 but found 0 matching rows found for cv password=3gprs mnc=89 sub_id=-1 bearer_bitmask=0 numeric=51089 name=3 ID mcc=510 apn=3gprs type=default,supl user=3gprs
12-28 02:46:35.076  3669  3669 E TelephonyProvider: dbh.selectConflictingRow: Expected 1 but found 0 matching rows found for cv password=3data mnc=89 sub_id=-1 bearer_bitmask=0 numeric=51089 name=3 ID INTERNET mcc=510 apn=3data type=default,supl user=3data
12-28 02:46:35.078  3669  3669 E TelephonyProvider: dbh.selectConflictingRow: Expected 1 but found 0 matching rows found for cv mnc=03 sub_id=-1 bearer_bitmask=0 numeric=51503 name=SMART(3G) Internet prepaid mcc=515 apn=internet type=default,supl
12-28 02:46:35.079  3669  3669 E TelephonyProvider: dbh.selectConflictingRow: Expected 1 but found 0 matching rows found for cv password=smartwap sub_id=-1 bearer_bitmask=0 numeric=51503 mmsc=http://10.102.61.238:8002 authtype=1 user=smartwap mnc=03 mmsport=8080 mmsproxy=10.102.61.46 name=SMART(3G) MMS prepaid mcc=515 apn=mms type=mms
12-28 02:46:35.092  3669  3669 E TelephonyProvider: dbh.selectConflictingRow: Expected 1 but found 0 matching rows found for cv mnc=03 sub_id=-1 bearer_bitmask=0 numeric=51503 proxy=10.102.61.46 name=SMART(3G) HTTP postpaid port=9201 mcc=515 authtype=1 apn=smart1 type=default
12-28 02:46:35.094  3669  3669 E TelephonyProvider: dbh.selectConflictingRow: Expected 1 but found 0 matching rows found for cv mnc=05 sub_id=-1 bearer_bitmask=0 numeric=51505 name=Sun Streaming mcc=515 apn=minternet type=default,supl
12-28 02:46:35.094  3522  3648 I LatinIME:LogUtils: Dictionary info: dictionary = main:uk ; version = 1 ; date = 1376495808
12-28 02:46:35.100  3669  3669 E TelephonyProvider: dbh.selectConflictingRow: Expected 1 but found 0 matching rows found for cv password=user123 sub_id=-1 bearer_bitmask=0 numeric=52503 mmsc=http://mmsgw:8002 authtype=1 user=65 mnc=03 mmsport=8080 mmsproxy=172.16.14.10 name=M1 MMS mcc=525 apn=miworld type=mms
12-28 02:46:35.101  3669  3669 E TelephonyProvider: dbh.selectConflictingRow: Expected 1 but found 0 matching rows found for cv mnc=03 sub_id=-1 bearer_bitmask=0 numeric=52503 name=M1 mcc=525 apn=sunsurf type=default,supl
12-28 02:46:35.102  3669  3669 E TelephonyProvider: dbh.selectConflictingRow: Expected 1 but found 0 matching rows found for cv mnc=03 sub_id=-1 bearer_bitmask=0 numeric=52503 name=Sunsurf Internet mcc=525 apn=sunsurf type=default,supl
12-28 02:46:35.105  3669  3669 E TelephonyProvider: dbh.selectConflictingRow: Expected 1 but found 0 matching rows found for cv mnc=01 sub_id=-1 bearer_bitmask=0 numeric=53001 name=Vodafone NZ mcc=530 apn=www.vodafone.net.nz type=default,supl
12-28 02:46:35.107  3669  3669 E TelephonyProvider: dbh.selectConflictingRow: Expected 1 but found 0 matching rows found for cv mnc=05 mmsport=8080 sub_id=-1 bearer_bitmask=0 mmsc=http://lsmmsc.xtra.co.nz numeric=53005 mmsproxy=210.55.11.73 name=XT Mobile MMS mcc=530 apn=wap.telecom.co.nz type=mms
12-28 02:46:35.110  3669  3669 E TelephonyProvider: dbh.selectConflictingRow: Expected 1 but found 0 matching rows found for cv mnc=02 mmsport=8080 sub_id=-1 bearer_bitmask=0 mmsc=http://mms.digicelpacific.com:8990 numeric=54202 mmsproxy=10.150.122.12 name=Digicel FJ MMS mcc=542 apn=wap.digicelpacific.com type=mms
12-28 02:46:35.110  3669  3669 E TelephonyProvider: dbh.selectConflictingRow: Expected 1 but found 0 matching rows found for cv mnc=02 sub_id=-1 bearer_bitmask=0 numeric=54202 name=Digicel FJ mcc=542 apn=web.digicelpacific.com type=default,supl
12-28 02:46:35.113  3669  3669 E TelephonyProvider: dbh.selectConflictingRow: Expected 1 but found 0 matching rows found for cv password=internet mnc=02 sub_id=-1 bearer_bitmask=0 numeric=60202 name=Vodafone EG mcc=602 apn=internet.vodafone.net type=default,supl user=internet
12-28 02:46:35.118  3669  3669 E TelephonyProvider: dbh.selectConflictingRow: Expected 1 but found 0 matching rows found for cv mnc=01 sub_id=-1 bearer_bitmask=0 numeric=60401 name=IAM mcc=604 apn=www.iamgprs1.ma type=default,supl
12-28 02:46:35.123  3669  3669 E TelephonyProvider: dbh.selectConflictingRow: Expected 1 but found 0 matching rows found for cv password=mms mnc=01 mmsport=8080 sub_id=-1 bearer_bitmask=0 mmsc=http://mmsalize/servlets/mms mmsproxy=172.16.30.9 numeric=60801 name=Orange MMS SN mcc=608 apn=mms type=mms user=mms
12-28 02:46:35.123  3669  3669 E TelephonyProvider: dbh.selectConflictingRow: Expected 1 but found 0 matching rows found for cv password=wap mnc=01 sub_id=-1 bearer_bitmask=0 proxy=172.16.30.9 numeric=60801 name=Orange Wap SN port=8080 mcc=608 apn=wap type=default,supl user=wap
12-28 02:46:35.124  3669  3669 E TelephonyProvider: dbh.selectConflictingRow: Expected 1 but found 0 matching rows found for cv password=internet mnc=01 sub_id=-1 bearer_bitmask=0 numeric=60801 name=Orange Web SN mcc=608 apn=internet type=default,supl user=internet
12-28 02:46:35.126  3011  3627 I MediaPlayerService: MediaPlayerService::getOMX
12-28 02:46:35.126  3333  3889 I chatty  : uid=1000 system_server expire 1 line
12-28 02:46:35.126  3669  3669 E TelephonyProvider: dbh.selectConflictingRow: Expected 1 but found 0 matching rows found for cv password=mms mnc=02 mmsport=8080 sub_id=-1 bearer_bitmask=0 mmsc=http://10.109.6.2/servlets/mms mmsproxy=10.109.4.35 numeric=61002 name=Orange ML MMS mcc=610 apn=mms type=mms user=mms
12-28 02:46:35.127  3007  3050 I OMXMaster: makeComponentInstance(OMX.google.vorbis.decoder) in mediacodec process
12-28 02:46:35.127  3669  3669 E TelephonyProvider: dbh.selectConflictingRow: Expected 1 but found 0 matching rows found for cv password=wap mnc=02 sub_id=-1 bearer_bitmask=0 proxy=10.109.4.35 numeric=61002 name=Orange Wap ML port=8080 mcc=610 apn=wap type=default,supl user=wap
12-28 02:46:35.129  3669  3669 E TelephonyProvider: dbh.selectConflictingRow: Expected 1 but found 0 matching rows found for cv password=mms mnc=03 mmsport=8080 sub_id=-1 bearer_bitmask=0 mmsc=http://172.20.6.1/servlets/mms mmsproxy=172.20.4.33 numeric=61203 name=Omms CI mcc=612 apn=orangecimms type=mms user=mms
12-28 02:46:35.130  3669  3669 E TelephonyProvider: dbh.selectConflictingRow: Expected 1 but found 0 matching rows found for cv password=wap mnc=03 sub_id=-1 bearer_bitmask=0 proxy=172.20.4.33 numeric=61203 name=OWORLD CI port=8080 mcc=612 apn=orangeciwap type=default,supl user=wap
12-28 02:46:35.142  2999  2999 D wrapperGPS: wrapperConnect_RILD
12-28 02:46:35.142  3669  3669 E TelephonyProvider: dbh.selectConflictingRow: Expected 1 but found 0 matching rows found for cv password= mnc=01 sub_id=-1 bearer_bitmask=0 mmsc= proxy= numeric=63001 name=Vodacom CD port= mcc=630 apn=vodanet type=default,supl user=vodalive
12-28 02:46:35.148  3669  3669 E TelephonyProvider: dbh.selectConflictingRow: Expected 1 but found 0 matching rows found for cv password=orange mnc=07 sub_id=-1 bearer_bitmask=0 numeric=63907 name=Orange KE mcc=639 apn=bew.orange.co.ke type=default,supl user=orange
12-28 02:46:35.152  3669  3669 E TelephonyProvider: dbh.selectConflictingRow: Expected 1 but found 0 matching rows found for cv password= mnc=14 sub_id=-1 bearer_bitmask=0 mmsc= proxy= numeric=64114 name=Orange UG port= mcc=641 apn=orange.ug type=default,supl user=
12-28 02:46:35.155  3522  3648 I BinaryDictionaryFileDumper: reinitializeClientRecordInDictionaryContentProvider() : Insert DictionaryInfo : Id = 'main:bg' : Locale=bg : Version=1
12-28 02:46:35.156  3669  3669 E TelephonyProvider: dbh.selectConflictingRow: Expected 1 but found 0 matching rows found for cv password=orange mnc=02 sub_id=-1 bearer_bitmask=0 proxy=10.150.0.115 numeric=64602 name=Orange World MG port=8080 mcc=646 apn=orangeworld type=default,supl user=world
12-28 02:46:35.156  3669  3669 E TelephonyProvider: dbh.selectConflictingRow: Expected 1 but found 0 matching rows found for cv mnc=02 sub_id=-1 bearer_bitmask=0 numeric=64602 name=Orange MG mcc=646 apn=orangenet type=default,supl
12-28 02:46:35.159  3669  3669 E TelephonyProvider: dbh.selectConflictingRow: Expected 1 but found 0 matching rows found for cv password=orange mnc=00 mmsport=8080 sub_id=-1 bearer_bitmask=0 mmsc=http://mms.orange.re/ mmsproxy=192.168.010.200 numeric=64700 name=Orange RE MMS mcc=647 apn=orangerun.acte type=mms user=orange
12-28 02:46:35.160  3669  3669 E TelephonyProvider: dbh.selectConflictingRow: Expected 1 but found 0 matching rows found for cv password=orange mnc=00 sub_id=-1 bearer_bitmask=0 numeric=64700 name=Orange RE mcc=647 apn=orangerun type=default,supl user=orange
12-28 02:46:35.161  3669  3669 E TelephonyProvider: dbh.selectConflictingRow: Expected 1 but found 0 matching rows found for cv password=orange mnc=00 mmsport=8080 sub_id=-1 bearer_bitmask=0 mmsc=http://mms.orange.re mmsproxy=192.168.10.200 numeric=64700 name=Orange MMS Runion mcc=647 apn=orangerun.acte type=mms user=orange
12-28 02:46:35.163  3669  3669 E TelephonyProvider: dbh.selectConflictingRow: Expected 1 but found 0 matching rows found for cv mnc=10 mmsport=8080 sub_id=-1 bearer_bitmask=0 mmsc=http://mms numeric=64710 mmsproxy=10.0.224.145 name=SFR MMS mcc=647 apn=mmssfr type=mms
12-28 02:46:35.171  3669  3669 E TelephonyProvider: dbh.selectConflictingRow: Expected 1 but found 0 matching rows found for cv password=movistarsv sub_id=-1 bearer_bitmask=0 numeric=70604 mmsc=http://mms.movistar.sv user=movistarsv mnc=04 mmsport=80 proxy= mmsproxy=10.12.20.1 name=Movistar SV MMS port= mcc=706 apn=mms.movistar.sv type=mms
12-28 02:46:35.178  3669  3669 E TelephonyProvider: dbh.selectConflictingRow: Expected 1 but found 0 matching rows found for cv password=movistarpa mnc=02 sub_id=-1 bearer_bitmask=0 numeric=71402 name=Movistar PA mcc=714 apn=internet.movistar.pa type=default,supl user=movistarpa
12-28 02:46:35.188  3669  3669 E TelephonyProvider: dbh.selectConflictingRow: Expected 1 but found 0 matching rows found for cv password= mnc=34 sub_id=-1 bearer_bitmask=0 mmsc= proxy= numeric=72234 name=Personal port= mcc=722 apn=gprs.personal.com type=default,supl user=gprs
12-28 02:46:35.189  3669  3669 E TelephonyProvider: dbh.selectConflictingRow: Expected 1 but found 0 matching rows found for cv password=guest mnc=310 sub_id=-1 bearer_bitmask=0 mmsc= proxy= numeric=722310 name=CTI port= mcc=722 apn=internet.ctimovil.com.ar type=default,supl user=guest
12-28 02:46:35.190  3669  3669 E TelephonyProvider: dbh.selectConflictingRow: Expected 1 but found 0 matching rows found for cv password=ctigpr999 sub_id=-1 bearer_bitmask=0 numeric=722310 mmsc= authtype=1 user=ctigprs mnc=310 proxy= name=Claro AR port= mcc=722 apn=igprs.claro.com.ar type=default,supl
12-28 02:46:35.195  3011  3011 I MediaPlayerService: MediaPlayerService::getOMX
12-28 02:46:35.196  3333  3892 I chatty  : uid=1000 system_server expire 1 line
12-28 02:46:35.196  3007  3007 I OMXMaster: makeComponentInstance(OMX.google.vorbis.decoder) in mediacodec process
12-28 02:46:35.208  3669  3669 E TelephonyProvider: dbh.selectConflictingRow: Expected 1 but found 0 matching rows found for cv password=celular mnc=23 sub_id=-1 bearer_bitmask=0 mmsc=null proxy= numeric=72423 name=Telemig GPRS port= mcc=724 apn=gprs.telemigcelular.com.br type=default,supl user=celular
12-28 02:46:35.209  3669  3669 E TelephonyProvider: dbh.selectConflictingRow: Expected 1 but found 0 matching rows found for cv password=celular sub_id=-1 bearer_bitmask=0 numeric=72423 mmsc=http://mms.telemigcelular.com.br user=celular mnc=23 mmsport=8080 proxy= mmsproxy=200.192.230.142 name=Telemig MMS port= mcc=724 apn=mmsgprs.telemigcelular.com.br type=mms
12-28 02:46:35.215  3669  3669 E TelephonyProvider: dbh.selectConflictingRow: Expected 1 but found 0 matching rows found for cv password=clarochile mnc=03 mmsport=8080 sub_id=-1 bearer_bitmask=0 mmsc=http://mms.clarochile.cl mmsproxy=172.23.200.200 numeric=73003 name=MMS CLARO mcc=730 apn=mms.clarochile.cl type=mms user=clarochile
12-28 02:46:35.217  3669  3669 E TelephonyProvider: dbh.selectConflictingRow: Expected 1 but found 0 matching rows found for cv password=entelpcs mnc=10 sub_id=-1 bearer_bitmask=0 numeric=73010 name=WEB EPCS mcc=730 apn=imovil.entelpcs.cl type=default,supl user=entelpcs
12-28 02:46:35.218  3669  3669 E TelephonyProvider: dbh.selectConflictingRow: Expected 1 but found 0 matching rows found for cv password=entelpcs mnc=10 mmsport=8080 sub_id=-1 bearer_bitmask=0 mmsc=http://mmsc.entelpcs.cl mmsproxy=10.99.0.10 numeric=73010 name=MMS EPCS mcc=730 apn=mms.entelpcs.cl type=mms user=entelmms
12-28 02:46:35.220  3669  3669 E TelephonyProvider: dbh.selectConflictingRow: Expected 1 but found 0 matching rows found for cv password=movistar mnc=102 sub_id=-1 bearer_bitmask=0 mmsc= proxy= numeric=732102 name=Movistar CO port= mcc=732 apn=internet.movistar.com.co type=default,supl user=movistar
12-28 02:46:35.230  3669  3669 E TelephonyProvider: dbh.selectConflictingRow: Expected 1 but found 0 matching rows found for cv mnc=01 mmsport=3128 sub_id=-1 bearer_bitmask=0 mmsc=http://mmsc.mms.ancelutil.com.uy numeric=74801 mmsproxy=200.40.246.2 name=Ancel MMS mcc=748 apn=mms type=mms
12-28 02:46:35.231  3669  3669 E TelephonyProvider: dbh.selectConflictingRow: Expected 1 but found 0 matching rows found for cv password= mnc=01 sub_id=-1 bearer_bitmask=0 mmsc= proxy= numeric=74801 name=Ancel port= mcc=748 apn=ancel type=default,supl user=
12-28 02:46:35.232  3669  3669 E TelephonyProvider: dbh.selectConflictingRow: Expected 1 but found 0 matching rows found for cv password= sub_id=-1 bearer_bitmask=0 numeric=74801 mmsc=http://mmsc.mms.ancelutil.com.uy user= mnc=01 mmsport=3128 proxy= mmsproxy=200.40.246.2 name=Ancel MMS port= mcc=748 apn=mms type=mms
12-28 02:46:35.234  3669  3669 E TelephonyProvider: dbh.selectConflictingRow: Expected 1 but found 0 matching rows found for cv password=bam mnc=01 sub_id=-1 bearer_bitmask=0 mmsc= proxy= numeric=74801 name=BAM Pepaga Antel port= mcc=748 apn=prepago.ancel type=default,supl user=bam
12-28 02:46:35.257  3669  3669 D TelephonyProvider: Checksum for /system/etc/apns-conf.xml is 3671679066
12-28 02:46:35.258  3669  3669 D TelephonyProvider: dbh.onCreate:- db=SQLiteDatabase: /data/user_de/0/com.android.providers.telephony/databases/telephony.db
12-28 02:46:35.288  3522  3648 I BinaryDictionaryFileDumper: reinitializeClientRecordInDictionaryContentProvider() : Insert DictionaryInfo : Id = 'main:cs' : Locale=cs : Version=44
12-28 02:46:35.338  3333  3358 D BluetoothManagerService: Message: 100
12-28 02:46:35.338  3333  3358 E BluetoothManagerService: MESSAGE_TIMEOUT_BIND
12-28 02:46:35.407  3669  3669 D TelephonyProvider: dbh.onOpen: ok, queried table=siminfo
12-28 02:46:35.407  3669  3669 D TelephonyProvider: dbh.onOpen: ok, queried table=carriers
12-28 02:46:35.408  3669  3669 D TelephonyProvider: onCreate: build id changed from  to NMF26Q
12-28 02:46:35.408  3669  3669 D TelephonyProvider: No APNs in OEM image = /oem/telephony/apns-conf.xml Load APNs from system image
12-28 02:46:35.408  3669  3669 D TelephonyProvider: No APNs in OEM image = /data/misc/apns-conf.xml Load APNs from system image
12-28 02:46:35.426  3669  3669 D TelephonyProvider: Checksum for /system/etc/apns-conf.xml is 3671679066
12-28 02:46:35.426  3669  3669 D TelephonyProvider: newChecksum: 3671679066
12-28 02:46:35.426  3669  3669 D TelephonyProvider: oldChecksum: 3671679066
12-28 02:46:35.426  3669  3669 D TelephonyProvider: Skipping apn db update since apn-conf has not changed.
12-28 02:46:35.435  3669  3669 W System  : ClassLoader referenced unknown path: /system/framework/qti-telephony-common.jar
12-28 02:46:35.435  3669  3669 W System.err: java.lang.ClassNotFoundException: com.qualcomm.qti.internal.telephony.QtiTelephonyComponentFactory
12-28 02:46:35.435  3669  3669 W System.err: 	at java.lang.Class.classForName(Native Method)
12-28 02:46:35.435  3669  3669 W System.err: 	at java.lang.Class.forName(Class.java:400)
12-28 02:46:35.435  3669  3669 W System.err: 	at com.android.internal.telephony.TelephonyComponentFactory.getInstance(TelephonyComponentFactory.java:71)
12-28 02:46:35.435  3669  3669 W System.err: 	at com.android.internal.telephony.PhoneFactory.makeDefaultPhone(PhoneFactory.java:133)
12-28 02:46:35.435  3669  3669 W System.err: 	at com.android.internal.telephony.PhoneFactory.makeDefaultPhones(PhoneFactory.java:91)
12-28 02:46:35.435  3669  3669 W System.err: 	at com.android.phone.PhoneGlobals.onCreate(PhoneGlobals.java:282)
12-28 02:46:35.435  3669  3669 W System.err: 	at com.android.phone.PhoneApp.onCreate(PhoneApp.java:41)
12-28 02:46:35.435  3669  3669 W System.err: 	at android.app.Instrumentation.callApplicationOnCreate(Instrumentation.java:1025)
12-28 02:46:35.435  3669  3669 W System.err: 	at android.app.ActivityThread.handleBindApplication(ActivityThread.java:5410)
12-28 02:46:35.435  3669  3669 W System.err: 	at android.app.ActivityThread.-wrap2(ActivityThread.java)
12-28 02:46:35.435  3669  3669 W System.err: 	at android.app.ActivityThread$H.handleMessage(ActivityThread.java:1545)
12-28 02:46:35.435  3669  3669 W System.err: 	at android.os.Handler.dispatchMessage(Handler.java:102)
12-28 02:46:35.435  3669  3669 W System.err: 	at android.os.Looper.loop(Looper.java:154)
12-28 02:46:35.435  3669  3669 W System.err: 	at android.app.ActivityThread.main(ActivityThread.java:6126)
12-28 02:46:35.435  3669  3669 W System.err: 	at java.lang.reflect.Method.invoke(Native Method)
12-28 02:46:35.435  3669  3669 W System.err: 	at com.android.internal.os.ZygoteInit$MethodAndArgsCaller.run(ZygoteInit.java:886)
12-28 02:46:35.435  3669  3669 W System.err: 	at com.android.internal.os.ZygoteInit.main(ZygoteInit.java:776)
12-28 02:46:35.436  3669  3669 W System.err: Caused by: java.lang.ClassNotFoundException: Didn't find class "com.qualcomm.qti.internal.telephony.QtiTelephonyComponentFactory" on path: DexPathList[[],nativeLibraryDirectories=[/system/lib64, /vendor/lib64]]
12-28 02:46:35.436  3669  3669 W System.err: 	at dalvik.system.BaseDexClassLoader.findClass(BaseDexClassLoader.java:56)
12-28 02:46:35.436  3669  3669 W System.err: 	at java.lang.ClassLoader.loadClass(ClassLoader.java:380)
12-28 02:46:35.436  3669  3669 W System.err: 	at java.lang.ClassLoader.loadClass(ClassLoader.java:312)
12-28 02:46:35.436  3669  3669 W System.err: 	... 17 more
12-28 02:46:35.444  3333  3358 D BluetoothManagerService: Message: 401
12-28 02:46:35.477  3537  3537 W KeyguardUpdateMonitor: invalid subId in handleSimStateChange()
12-28 02:46:35.495  3522  3648 I BinaryDictionaryFileDumper: reinitializeClientRecordInDictionaryContentProvider() : Insert DictionaryInfo : Id = 'main:da' : Locale=da : Version=44
12-28 02:46:35.538  3669  3669 D PhoneSwitcherNetworkRequstListener: Registering NetworkFactory
12-28 02:46:35.538  3333  3451 D ConnectivityService: Got NetworkFactory Messenger for PhoneSwitcherNetworkRequstListener
12-28 02:46:35.541  3333  3451 D ConnectivityService: Got NetworkFactory Messenger for TelephonyNetworkFactory[0]
12-28 02:46:35.551  3669  3910 E ActivityThread: Failed to find provider info for com.android.contacts
12-28 02:46:35.551  3669  3910 W CallerInfoCache: cursor is null
12-28 02:46:35.552  3669  3669 D CarrierConfigLoader: CarrierConfigLoader has started
12-28 02:46:35.553  3333  3358 D BluetoothManagerService: Message: 20
12-28 02:46:35.553  3333  3358 D BluetoothManagerService: Added callback: android.bluetooth.IBluetoothManagerCallback$Stub$Proxy@c35b3b3:true
12-28 02:46:35.554  3333  3358 D BluetoothManagerService: Message: 30
12-28 02:46:35.560  3669  3669 W TelecomManager: Telecom Service not found.
12-28 02:46:35.561  3669  3669 I Telephony: TtyManager: updateUiTtyMode -1 -> 0
12-28 02:46:35.582  3537  3537 W KeyguardUpdateMonitor: invalid subId in handleServiceStateChange()
12-28 02:46:35.631  3669  3669 D PhoneSwitcherNetworkRequstListener: got request NetworkRequest [ REQUEST id=1, [ Capabilities: INTERNET&NOT_RESTRICTED&TRUSTED&NOT_VPN] ] with score 0
12-28 02:46:35.631  3669  3669 D TelephonyDebugService: TelephonyDebugService()
12-28 02:46:35.644  3669  3669 D CarrierConfigLoader: mHandler: 12 phoneId: 0
12-28 02:46:35.644  3669  3669 D CarrierConfigLoader: Build fingerprint changed. old: null new: cm_hero2lte-userdebug 7.1.1 NMF26Q 56b3a8be7d test-keys
12-28 02:46:35.654  3333  3358 D BluetoothManagerService: Message: 400
12-28 02:46:35.655  3669  3669 E PhoneInterfaceManager: [PhoneIntfMgr] getIccId: No UICC
12-28 02:46:35.660  3669  3669 W TelecomManager: Telecom Service not found.
12-28 02:46:35.661  3669  3669 I Telephony: AccountEntry: Registered phoneAccount: [[ ] PhoneAccount: ComponentInfo{com.android.phone/com.android.services.telephony.TelephonyConnectionService}, [e0184adedf913b076626646d3f52c3b49c39ad6d], UserHandle{0} Capabilities: CallProvider MultiUser PlaceEmerg SimSub  Schemes: tel voicemail  Extras: null GroupId: [da39a3ee5e6b4b0d3255bfef95601890afd80709]] with handle: ComponentInfo{com.android.phone/com.android.services.telephony.TelephonyConnectionService}, [e0184adedf913b076626646d3f52c3b49c39ad6d], UserHandle{0}
12-28 02:46:35.661  3669  3669 I Telephony: PstnIncomingCallNotifier: Registering: Handler (com.android.internal.telephony.GsmCdmaPhone) {8e973a1}
12-28 02:46:35.662  3669  3669 W TelecomManager: Telecom Service not found.
12-28 02:46:35.662  3669  3669 W TelecomManager: Telecom Service not found.
12-28 02:46:35.681  3669  3669 E PhoneInterfaceManager: [PhoneIntfMgr] getIccId: No UICC
12-28 02:46:35.683  3669  3669 W TelecomManager: Telecom Service not found.
12-28 02:46:35.706  3522  3648 I BinaryDictionaryFileDumper: reinitializeClientRecordInDictionaryContentProvider() : Insert DictionaryInfo : Id = 'main:de' : Locale=de : Version=54
12-28 02:46:35.875  3522  3648 I BinaryDictionaryFileDumper: reinitializeClientRecordInDictionaryContentProvider() : Insert DictionaryInfo : Id = 'main:el' : Locale=el : Version=44
12-28 02:46:36.018  3522  3648 I BinaryDictionaryFileDumper: reinitializeClientRecordInDictionaryContentProvider() : Insert DictionaryInfo : Id = 'main:en' : Locale=en : Version=54
12-28 02:46:36.142  2999  2999 D wrapperGPS: wrapperConnect_RILD
12-28 02:46:36.154  3522  3648 I BinaryDictionaryFileDumper: reinitializeClientRecordInDictionaryContentProvider() : Insert DictionaryInfo : Id = 'main:es' : Locale=es : Version=54
12-28 02:46:36.208  2925  3440 I vold    : Trimmed 25398706176 bytes on /data in 5946ms
12-28 02:46:36.208  3333  3438 D VoldConnector: RCV <- {662 /data 25398706176 5946289034}
12-28 02:46:36.220  3522  3648 I BinaryDictionaryFileDumper: reinitializeClientRecordInDictionaryContentProvider() : Insert DictionaryInfo : Id = 'main:fi' : Locale=fi : Version=44
12-28 02:46:36.232  3522  3648 I BinaryDictionaryFileDumper: reinitializeClientRecordInDictionaryContentProvider() : Insert DictionaryInfo : Id = 'main:fr' : Locale=fr : Version=54
12-28 02:46:36.244  3522  3648 I BinaryDictionaryFileDumper: reinitializeClientRecordInDictionaryContentProvider() : Insert DictionaryInfo : Id = 'main:hr' : Locale=hr : Version=44
12-28 02:46:36.254  3522  3648 I BinaryDictionaryFileDumper: reinitializeClientRecordInDictionaryContentProvider() : Insert DictionaryInfo : Id = 'main:it' : Locale=it : Version=54
12-28 02:46:36.265  3522  3648 I BinaryDictionaryFileDumper: reinitializeClientRecordInDictionaryContentProvider() : Insert DictionaryInfo : Id = 'main:iw' : Locale=iw : Version=44
