12-20 07:55:56.027  3441  3506 W PackageManager: Unknown permission android.permission.CANCEL_NOTIFICATIONS in package org.cyanogenmod.theme.chooser2
12-20 07:55:56.027  3441  3506 W PackageManager: Unknown permission com.cyanogen.ambient.permission.BIND_CALLER_INFO in package com.android.messaging
12-20 07:55:56.027  3441  3506 W PackageManager: Unknown permission com.cyanogen.ambient.permission.BIND_RIDEINPROGRESS_SERVICE in package com.android.messaging
12-20 07:55:56.027  3441  3506 W PackageManager: Unknown permission com.cyanogen.ambient.permission.BIND_RIDESHARING_SERVICE in package com.android.messaging
12-20 07:55:56.027  3441  3506 W PackageManager: Not granting permission android.permission.ACCESS_DOWNLOAD_MANAGER to package com.android.browser (protectionLevel=18 flags=0x38c9be45)
12-20 07:55:56.027  3441  3506 W PackageManager: Not granting permission android.permission.SEND_DOWNLOAD_COMPLETED_INTENTS to package com.android.browser (protectionLevel=2 flags=0x38c9be45)
12-20 07:55:56.027  3441  3506 W PackageManager: Unknown permission com.cyngn.stats.SEND_ANALYTICS in package com.cyanogenmod.setupwizard
12-20 07:55:56.027  3441  3506 W PackageManager: Unknown permission com.cyanogen.permission.REQUEST_KILL_SWITCH_OP in package com.cyanogenmod.setupwizard
12-20 07:55:56.027  3441  3506 W PackageManager: Unknown permission com.cyanogen.ambient.permission.BIND_INCALL_SERVICE in package com.android.contacts
12-20 07:55:56.027  3441  3506 W PackageManager: Unknown permission com.cyanogen.ambient.permission.PLUGIN_STATUS_CHANGED in package com.android.contacts
12-20 07:55:56.027  3441  3506 W PackageManager: Unknown permission com.cyanogen.ambient.permission.BIND_CALLER_INFO in package com.android.contacts
12-20 07:55:56.027  3441  3506 W PackageManager: Unknown permission com.google.android.googleapps.permission.GOOGLE_AUTH.mail in package com.android.calendar
12-20 07:55:56.028  3441  3506 W PackageManager: Unknown permission com.android.launcher.permission.READ_SETTINGS in package com.android.onetimeinitializer
12-20 07:55:56.028  3441  3506 W PackageManager: Unknown permission com.android.launcher.permission.WRITE_SETTINGS in package com.android.onetimeinitializer
12-20 07:55:56.028  3441  3506 W PackageManager: Unknown permission com.cyanogen.ambient.permission.BIND_INCALL_SERVICE in package com.android.dialer
12-20 07:55:56.028  3441  3506 W PackageManager: Unknown permission com.cyanogen.ambient.permission.PLUGIN_STATUS_CHANGED in package com.android.dialer
12-20 07:55:56.028  3441  3506 W PackageManager: Unknown permission com.cyanogen.ambient.permission.PUBLISH_DISCOVERY_NUDGE in package com.android.dialer
12-20 07:55:56.028  3441  3506 W PackageManager: Unknown permission com.cyanogen.ambient.permission.BIND_DEEPLINK_SERVICE in package com.android.dialer
12-20 07:55:56.028  3441  3506 W PackageManager: Unknown permission com.cyanogen.ambient.permission.READ_DEEPLINK_DATABASE in package com.android.dialer
12-20 07:55:56.028  3441  3506 W PackageManager: Unknown permission com.cyanogen.ambient.permission.BIND_CALLER_INFO in package com.android.dialer
12-20 07:55:56.028  3441  3506 W PackageManager: Unknown permission com.android.launcher.permission.READ_SETTINGS in package com.cyanogenmod.trebuchet
12-20 07:55:56.028  3441  3506 W PackageManager: Unknown permission com.android.launcher.permission.WRITE_SETTINGS in package com.cyanogenmod.trebuchet
12-20 07:55:56.028  3441  3506 W PackageManager: Unknown permission com.cyngn.stats.SEND_ANALYTICS in package com.cyanogenmod.trebuchet
12-20 07:55:56.028  3441  3506 W PackageManager: Unknown permission com.google.android.permission.INSTALL_WEARABLE_PACKAGES in package com.android.packageinstaller
12-20 07:55:56.028  3441  3506 W PackageManager: Not granting permission android.permission.DELETE_PACKAGES to package com.svox.pico (protectionLevel=18 flags=0x3888be45)
12-20 07:55:56.028  3441  3506 W PackageManager: Unknown permission android.permission.ACCESS_SUPERUSER in package com.cyanogenmod.filemanager
12-20 07:55:56.028  3441  3506 W PackageManager: Unknown permission com.cyanogenmod.filemanager.permissions.READ_THEME in package com.cyanogenmod.filemanager
12-20 07:55:56.028  3441  3506 W PackageManager: Unknown permission com.google.android.gallery3d.permission.PICASA_STORE in package com.android.dreams.phototable
12-20 07:55:56.028  3441  3506 W PackageManager: Unknown permission com.google.android.googleapps.permission.GOOGLE_AUTH in package com.android.settings
12-20 07:55:56.029  3441  3506 W PackageManager: Unknown permission com.android.launcher.permission.READ_SETTINGS in package com.android.settings
12-20 07:55:56.029  3441  3506 W PackageManager: Unknown permission com.android.launcher.permission.WRITE_SETTINGS in package com.android.settings
12-20 07:55:56.029  3441  3506 W PackageManager: Not granting permission android.permission.REAL_GET_TASKS to package com.cyanogenmod.eleven (protectionLevel=18 flags=0x3898be65)
12-20 07:55:56.030  3441  3506 W PackageManager: Unknown permission com.google.android.gallery3d.permission.GALLERY_PROVIDER in package com.android.bluetooth
12-20 07:55:56.030  3441  3506 W PackageManager: Unknown permission com.google.android.googleapps.permission.ACCESS_GOOGLE_PASSWORD in package com.android.development
12-20 07:55:56.030  3441  3506 W PackageManager: Unknown permission com.google.android.googleapps.permission.GOOGLE_AUTH in package com.android.development
12-20 07:55:56.030  3441  3506 W PackageManager: Unknown permission com.google.android.googleapps.permission.GOOGLE_AUTH.ALL_SERVICES in package com.android.development
12-20 07:55:56.030  3441  3506 W PackageManager: Unknown permission com.google.android.googleapps.permission.GOOGLE_AUTH.YouTubeUser in package com.android.development
12-20 07:55:56.070  3441  3505 D EventHub: No input device configuration file found for device 'ssp_context'.
12-20 07:55:56.071  3441  3506 W MountService: No primary storage defined yet; hacking together a stub
12-20 07:55:56.071  3441  3506 W MountService: No primary storage defined yet; hacking together a stub
12-20 07:55:56.072  3441  3506 W MountService: No primary storage mounted!
12-20 07:55:56.072  3441  3506 D VoldConnector: SND -> {2 asec list}
12-20 07:55:56.072  3441  3441 I SystemServiceManager: Starting com.android.server.devicepolicy.DevicePolicyManagerService$Lifecycle
12-20 07:55:56.072  3441  3507 D VoldConnector: RCV <- {200 2 asec operation succeeded}
12-20 07:55:56.074  3441  3441 I SystemServer: Status Bar
12-20 07:55:56.075  3441  3441 I SystemServer: Clipboard Service
12-20 07:55:56.075  3441  3441 I SystemServer: NetworkManagement Service
12-20 07:55:56.078  3441  3441 I SystemServer: Text Service Manager Service
12-20 07:55:56.078  3441  3506 I MountService: Running fstrim idle maintenance
12-20 07:55:56.078  3441  3506 D VoldConnector: SND -> {3 fstrim dotrim}
12-20 07:55:56.079  2943  3510 D vold    : Starting trim of /efs
12-20 07:55:56.079  3441  3507 D VoldConnector: RCV <- {200 3 Command succeeded}
12-20 07:55:56.080  3441  3441 I SystemServer: Network Score Service
12-20 07:55:56.081  3441  3441 I SystemServer: NetworkStats Service
12-20 07:55:56.088  3441  3441 I SystemServer: NetworkPolicy Service
12-20 07:55:56.110  2943  3510 I vold    : Trimmed 9191424 bytes on /efs in 30ms
12-20 07:55:56.110  2943  3510 D vold    : Starting trim of /cache
12-20 07:55:56.110  3441  3507 D VoldConnector: RCV <- {662 /efs 9191424 30736808}
12-20 07:55:56.150  3441  3505 D EventHub: No input device configuration file found for device 'meta_event'.
12-20 07:55:56.154  2943  3510 I vold    : Trimmed 201936896 bytes on /cache in 44ms
12-20 07:55:56.155  2943  3510 D vold    : Starting trim of /data
12-20 07:55:56.155  3441  3507 D VoldConnector: RCV <- {662 /cache 201936896 44642769}
12-20 07:55:56.159  3441  3441 I SystemServiceManager: Starting com.android.server.wifi.p2p.WifiP2pService
12-20 07:55:56.200  3441  3505 D EventHub: No input device configuration file found for device 'interrupt_gyro_sensor'.
12-20 07:55:56.228  3441  3441 I WifiP2pService: Registering wifip2p
12-20 07:55:56.230  3441  3441 I SystemServiceManager: Starting com.android.server.wifi.WifiService
12-20 07:55:56.239  3441  3505 D EventHub: No input device configuration file found for device 'step_cnt_sensor'.
12-20 07:55:56.280  3441  3505 D EventHub: No input device configuration file found for device 'sig_motion_sensor'.
12-20 07:55:56.330  3441  3505 D EventHub: No input device configuration file found for device 'gesture_sensor'.
12-20 07:55:56.330  3441  3441 D HS20    : Passpoint is disabled
12-20 07:55:56.339  3441  3441 D WifiController: isAirplaneModeOn = false, isWifiEnabled = false, isScanningAvailable = false
12-20 07:55:56.339  3441  3441 I WifiService: Registering wifi
12-20 07:55:56.340  3441  3441 I SystemServiceManager: Starting com.android.server.wifi.WifiScanningService
12-20 07:55:56.340  3441  3441 I WifiScanningService: Creating wifiscanner
12-20 07:55:56.340  3441  3441 I WifiScanningService: Starting wifiscanner
12-20 07:55:56.341  3441  3441 I SystemServiceManager: Starting com.android.server.wifi.RttService
12-20 07:55:56.341  3441  3441 I RttService: Creating rttmanager
12-20 07:55:56.341  3441  3441 I RttService: Starting rttmanager
12-20 07:55:56.342  3441  3441 I SystemServiceManager: Starting com.android.server.ethernet.EthernetService
12-20 07:55:56.342  3441  3441 I EthernetServiceImpl: Creating EthernetConfigStore
12-20 07:55:56.343  3441  3441 E IpConfigStore: Error parsing configuration: java.io.FileNotFoundException: /data/misc/ethernet/ipconfig.txt: open failed: ENOENT (No such file or directory)
12-20 07:55:56.343  3441  3441 W EthernetConfigStore: No Ethernet configuration found. Using default.
12-20 07:55:56.343  3441  3441 I EthernetServiceImpl: Read stored IP configuration: IP assignment: DHCP
12-20 07:55:56.343  3441  3441 I EthernetServiceImpl: Proxy settings: NONE
12-20 07:55:56.343  3441  3441 I EthernetService: Registering service ethernet
12-20 07:55:56.343  3441  3441 I SystemServer: Connectivity Service
12-20 07:55:56.345  3441  3441 D ConnectivityService: ConnectivityService starting up
12-20 07:55:56.348  3441  3441 D ConnectivityService: wifiOnly=false
12-20 07:55:56.352  3441  3441 I SystemServer: Network Service Discovery Service
12-20 07:55:56.353  3441  3441 D NsdService: Network service discovery enabled true
12-20 07:55:56.354  3441  3441 I SystemServer: UpdateLock Service
12-20 07:55:56.355  3441  3441 I SystemServiceManager: Starting com.android.server.notification.NotificationManagerService
12-20 07:55:56.366  3441  3441 I ZenModeConfig: Migrating existing shared 'from': stars
12-20 07:55:56.375  3441  3441 I SystemServiceManager: Starting com.android.server.storage.DeviceStorageMonitorService
12-20 07:55:56.376  3441  3441 I SystemServer: Location Manager
12-20 07:55:56.378  3441  3441 I SystemServer: Country Detector
12-20 07:55:56.378  3441  3441 I SystemServer: Search Service
12-20 07:55:56.379  3441  3441 I SystemServer: DropBox Service
12-20 07:55:56.380  3441  3441 I SystemServer: Wallpaper Service
12-20 07:55:56.381  3441  3441 W WallpaperManagerService: no current wallpaper -- first boot?
12-20 07:55:56.382  3441  3441 W WallpaperManagerService: no current wallpaper -- first boot?
12-20 07:55:56.382  3441  3441 I SystemServer: Audio Service
12-20 07:55:56.387  3441  3525 I ServiceManager: Waiting for service media.audio_policy...
12-20 07:55:56.388  3441  3441 W TelecomManager: Telecom Service not found.
12-20 07:55:56.389  3516  3516 I rild    : type=1400 audit(0.0:168): avc: denied { read } for name="sda8" dev="tmpfs" ino=10425 scontext=u:r:rild:s0 tcontext=u:object_r:block_device:s0 tclass=blk_file permissive=1
12-20 07:55:56.389  3516  3516 I rild    : type=1400 audit(0.0:168): avc: denied { open } for path="/dev/block/sda8" dev="tmpfs" ino=10425 scontext=u:r:rild:s0 tcontext=u:object_r:block_device:s0 tclass=blk_file permissive=1
12-20 07:55:56.389  3516  3516 W rild    : type=1300 audit(0.0:168): arch=c00000b7 syscall=56 success=yes exit=11 a0=ffffff9c a1=7f916c2174 a2=0 a3=0 items=0 ppid=1 auid=4294967295 uid=1001 gid=1001 euid=1001 suid=1001 fsuid=1001 egid=1001 sgid=1001 fsgid=1001 tty=(none) ses=4294967295 exe="/system/bin/rild" subj=u:r:rild:s0 key=(null)
12-20 07:55:56.389  2950  2950 W auditd  : type=1327 audit(0.0:168): proctitle="/system/bin/rild"
12-20 07:55:56.389  2950  2950 W auditd  : type=1320 audit(0.0:168): 
12-20 07:55:56.410  3441  3505 D EventHub: No input device configuration file found for device 'temp_humidity_sensor'.
12-20 07:55:56.490  3441  3505 D EventHub: No input device configuration file found for device 'proximity_sensor'.
12-20 07:55:56.537  3441  3515 D WifiApConfigStore: 2G band allowed channels are:1,6,11
12-20 07:55:56.550  3441  3505 D EventHub: No input device configuration file found for device 'light_ir_sensor'.
12-20 07:55:56.554  3059  3059 I AudioPolicyService: AudioPolicyService CSTOR in new mode
12-20 07:55:56.569  3059  3059 W APM::HwModule: loadOutput() invalid supported devices
12-20 07:55:56.569  3059  3059 W APM::HwModule: loadOutput() invalid supported devices
12-20 07:55:56.569  3059  3059 W APM::HwModule: loadInput() invalid supported devices
12-20 07:55:56.569  3059  3059 W APM::HwModule: loadInput() invalid supported devices
12-20 07:55:56.569  3059  3059 I APM::ConfigParsingUtils: loadAudioPolicyConfig() loaded /system/etc/audio_policy.conf
12-20 07:55:56.610  3441  3505 D EventHub: No input device configuration file found for device 'light_sensor'.
12-20 07:55:56.650  3441  3505 D EventHub: No input device configuration file found for device 'grip_sensor'.
12-20 07:55:56.720  3441  3505 D EventHub: No input device configuration file found for device 'uv_sensor'.
12-20 07:55:56.830  3441  3505 D EventHub: No input device configuration file found for device 'hrmled_sensor'.
12-20 07:55:56.880  3441  3505 D EventHub: No input device configuration file found for device 'hrm_sensor'.
12-20 07:55:56.930  3441  3505 E EventHub: could not get driver version for /dev/input/mice, Not a typewriter
12-20 07:55:57.021  3441  3505 W EventHub: Unable to disable kernel key repeat for /dev/input/event1: Function not implemented
12-20 07:55:57.021  3441  3505 I EventHub: New device: id=16, fd=119, path='/dev/input/event1', name='sec_touchscreen', classes=0x15, configuration='/system/usr/idc/sec_touchscreen.idc', keyLayout='/system/usr/keylayout/Generic.kl', keyCharacterMap='/system/usr/keychars/Generic.kcm', builtinKeyboard=false, wakeMechanism=EPOLLWAKEUP, usingClockIoctl=true
12-20 07:55:57.021  3441  3505 D EventHub: No input device configuration file found for device 'gpio_keys'.
12-20 07:55:57.022  3441  3505 W EventHub: Unable to disable kernel key repeat for /dev/input/event17: Function not implemented
12-20 07:55:57.022  3441  3505 I EventHub: New device: id=17, fd=120, path='/dev/input/event17', name='gpio_keys', classes=0x1, configuration='', keyLayout='/system/usr/keylayout/Generic.kl', keyCharacterMap='/system/usr/keychars/Generic.kcm', builtinKeyboard=false, wakeMechanism=EPOLLWAKEUP, usingClockIoctl=true
12-20 07:55:57.022  3441  3505 D EventHub: No input device configuration file found for device 'Headset'.
12-20 07:55:57.023  3441  3505 W EventHub: Unable to disable kernel key repeat for /dev/input/event16: Function not implemented
12-20 07:55:57.024  3441  3505 I EventHub: New device: id=18, fd=121, path='/dev/input/event16', name='Headset', classes=0x1, configuration='', keyLayout='/system/usr/keylayout/Generic.kl', keyCharacterMap='/system/usr/keychars/Generic.kcm', builtinKeyboard=false, wakeMechanism=EPOLLWAKEUP, usingClockIoctl=true
12-20 07:55:57.024  3441  3505 D EventHub: No input device configuration file found for device 'sec_touchkey'.
12-20 07:55:57.027  3441  3505 W EventHub: Unable to disable kernel key repeat for /dev/input/event0: Function not implemented
12-20 07:55:57.027  3441  3505 I EventHub: New device: id=19, fd=122, path='/dev/input/event0', name='sec_touchkey', classes=0x1, configuration='', keyLayout='/system/usr/keylayout/sec_touchkey.kl', keyCharacterMap='/system/usr/keychars/Generic.kcm', builtinKeyboard=false, wakeMechanism=EPOLLWAKEUP, usingClockIoctl=true
12-20 07:55:57.027  3441  3505 D EventHub: No input device configuration file found for device 'hall'.
12-20 07:55:57.135  3441  3505 I InputReader: Device added: id=-1, name='Virtual', sources=0x00000301
12-20 07:55:57.135  3441  3505 I InputReader: Device added: id=19, name='sec_touchkey', sources=0x00000101
12-20 07:55:57.135  3441  3505 I InputReader: Device added: id=18, name='Headset', sources=0x00000101
12-20 07:55:57.135  3441  3505 I InputReader: Device added: id=17, name='gpio_keys', sources=0x00000101
12-20 07:55:57.135  3441  3505 W InputReader: Invalid value for touch.size.calibration: 'normalized'
12-20 07:55:57.136  3441  3505 I InputReader:   Touch device 'sec_touchscreen' could not query the properties of its associated display.  The device will be inoperable until the display size becomes available.
12-20 07:55:57.136  3441  3505 I InputReader: Device added: id=16, name='sec_touchscreen', sources=0x00001103
12-20 07:55:57.136  3441  3505 I InputReader: Reconfiguring input devices.  changes=0x00000004
12-20 07:55:57.136  3441  3505 I InputReader: Device reconfigured: id=16, name='sec_touchscreen', size 1440x2560, orientation 0, mode 1, display id 0
12-20 07:55:57.137  3441  3504 I ActivityManager: Config changes=8 {1.0 ?mcc?mnc en_US ldltr sw360dp w360dp h616dp 640dpi nrml long port finger -keyb/h/h -nav/h s.5 themeResource=null}
12-20 07:55:57.244  3059  3059 V audio_hw_primary: adev_open: Forcing voice config: wide
12-20 07:55:57.244  3059  3059 I AudioFlinger: loadHwModule() Loaded primary audio interface from Samsung audio HW HAL (audio) handle 1
12-20 07:55:57.244  3059  3059 I AudioFlinger: openOutput(), module 1 Device 2, SamplingRate 48000, Format 0x000001, Channels 3, flags a
12-20 07:55:57.244  3059  3059 I AudioFlinger: AudioStreamOut::open(), mHalFormatIsLinearPcm = 1
12-20 07:55:57.244  3059  3059 I AudioFlinger: HAL output buffer size 1024 frames, normal sink buffer size 1024 frames
12-20 07:55:57.323  3059  3059 I BufferProvider: found effect "Multichannel Downmix To Stereo" from The Android Open Source Project
12-20 07:55:57.323  3059  3059 I AudioFlinger: Using module 1 has the primary audio interface
12-20 07:55:57.323  3059  3535 I AudioFlinger: AudioFlinger's thread 0xf3300000 ready to run
12-20 07:55:57.323  3059  3535 V audio_hw_primary: do_out_standby: output standby: 1
12-20 07:55:57.324  3059  3535 V audio_hw_primary: out_set_parameters: key value pairs: routing=2
12-20 07:55:57.324  3059  3535 E AudioFlinger: no wake lock to update!
12-20 07:55:57.330  3059  3059 I AudioFlinger: openOutput(), module 1 Device 2, SamplingRate 48000, Format 0x000001, Channels 3, flags 4
12-20 07:55:57.330  3059  3059 I AudioFlinger: AudioStreamOut::open(), mHalFormatIsLinearPcm = 1
12-20 07:55:57.330  3059  3059 I AudioFlinger: HAL output buffer size 256 frames, normal sink buffer size 960 frames
12-20 07:55:57.331  3059  3059 E MonoPipe: Failed to fetch local time frequency when constructing a MonoPipe (res = -32).  getNextWriteTimestamp calls will be non-functional
12-20 07:55:57.331  3059  3537 I AudioFlinger: AudioFlinger's thread 0xf3140000 ready to run
12-20 07:55:57.331  3059  3537 V audio_hw_primary: out_set_parameters: key value pairs: routing=2
12-20 07:55:57.331  3059  3537 V audio_hw_primary: do_out_standby: output standby: 1
12-20 07:55:57.331  3059  3537 E AudioFlinger: no wake lock to update!
12-20 07:55:57.333  3059  3059 V audio_hw_primary: adev_open_input_stream: Requesting input stream with rate: 48000, channels: 0xc
12-20 07:55:57.333  3059  3538 I AudioFlinger: AudioFlinger's thread 0xf2e40000 ready to run
12-20 07:55:57.341  3059  3059 I bt_a2dp_hw: adev_open:  adev_open in A2dp_hw module
12-20 07:55:57.341  3059  3059 I AudioFlinger: loadHwModule() Loaded a2dp audio interface from A2DP Audio HW HAL (audio) handle 5
12-20 07:55:57.360  3059  3059 I AudioFlinger: loadHwModule() Loaded usb audio interface from USB audio HW HAL (audio) handle 6
12-20 07:55:57.369  3059  3059 I r_submix: adev_open(name=audio_hw_if)
12-20 07:55:57.369  3059  3059 I r_submix: adev_init_check()
12-20 07:55:57.369  3059  3059 I AudioFlinger: loadHwModule() Loaded r_submix audio interface from Wifi Display audio HAL (audio) handle 7
12-20 07:55:57.369  3059  3059 D r_submix: adev_open_input_stream(addr=0)
12-20 07:55:57.369  3059  3059 D r_submix: submix_audio_device_create_pipe_l(addr=0, idx=9)
12-20 07:55:57.369  3059  3059 D r_submix:   now using address 0 for route 9
12-20 07:55:57.369  3059  3539 I AudioFlinger: AudioFlinger's thread 0xf2e40000 ready to run
12-20 07:55:57.369  3059  3059 D r_submix: adev_close_input_stream()
12-20 07:55:57.369  3059  3059 D r_submix: submix_audio_device_release_pipe_l(idx=9) addr=0
12-20 07:55:57.369  3059  3059 D r_submix: submix_audio_device_destroy_pipe_l(): pipe destroyed
12-20 07:55:57.370  3059  3059 E SoundTriggerHwService: couldn't load sound trigger module sound_trigger.primary (No such file or directory)
12-20 07:55:57.370  3059  3059 I RadioService: RadioService
12-20 07:55:57.370  3059  3059 I RadioService: onFirstRef
12-20 07:55:57.371  3059  3059 E RadioService: couldn't load radio module radio.primary (No such file or directory)
12-20 07:55:57.372  3059  3541 D PermissionCache: checking android.permission.MODIFY_AUDIO_SETTINGS for uid=1000 => granted (562 us)
12-20 07:55:57.372  3059  3059 V audio_hw_primary: adev_set_mic_mute: set mic mute: 0
12-20 07:55:57.406  3441  3441 I SystemServiceManager: Starting com.android.server.DockObserver
12-20 07:55:57.407  3441  3441 I SystemServer: Wired Accessory Manager
12-20 07:55:57.407  3441  3441 W WiredAccessoryManager: This kernel does not have usb audio support
12-20 07:55:57.408  3441  3441 W WiredAccessoryManager: This kernel does not have HDMI audio support
12-20 07:55:57.408  3441  3441 I SystemServiceManager: Starting com.android.server.usb.UsbService$Lifecycle
12-20 07:55:57.415  3441  3441 I SystemServer: Serial Service
12-20 07:55:57.415  3441  3441 I SystemServiceManager: Starting com.android.server.twilight.TwilightService
12-20 07:55:57.417  3441  3441 I SystemServiceManager: Starting com.android.server.job.JobSchedulerService
12-20 07:55:57.430  3441  3441 I SystemServiceManager: Starting com.android.server.backup.BackupManagerService$Lifecycle
12-20 07:55:57.431  3441  3441 I SystemServiceManager: Starting com.android.server.appwidget.AppWidgetService
12-20 07:55:57.433  3441  3441 I SystemServiceManager: Starting com.android.server.voiceinteraction.VoiceInteractionManagerService
12-20 07:55:57.433  3059  3542 D PermissionCache: checking android.permission.CAPTURE_AUDIO_HOTWORD for uid=1000 => granted (98 us)
12-20 07:55:57.434  3441  3441 W SoundTriggerHelper: listModules status=0, # of modules=0
12-20 07:55:57.435  3441  3441 I SystemServer: Gesture Launcher Service
12-20 07:55:57.435  3441  3441 I SystemServiceManager: Starting com.android.server.GestureLauncherService
12-20 07:55:57.435  3441  3441 I SystemServer: DiskStats Service
12-20 07:55:57.435  3441  3441 I SystemServer: SamplingProfiler Service
12-20 07:55:57.449  3441  3441 I SystemServer: NetworkTimeUpdateService
12-20 07:55:57.449  3441  3441 I SystemServer: CommonTimeManagementService
12-20 07:55:57.450  3441  3441 I SystemServer: CertBlacklister
12-20 07:55:57.451  3441  3441 I SystemServiceManager: Starting com.android.server.dreams.DreamManagerService
12-20 07:55:57.451  3441  3441 I SystemServer: Assets Atlas Service
12-20 07:55:57.454  3441  3544 D AssetAtlas: Computing best atlas configuration...
12-20 07:55:57.454  3441  3441 I SystemServiceManager: Starting com.android.server.print.PrintManagerService
12-20 07:55:57.455  3441  3545 D AssetAtlas: Running Atlas Worker #1
12-20 07:55:57.455  3441  3546 D AssetAtlas: Running Atlas Worker #2
12-20 07:55:57.456  3441  3547 D AssetAtlas: Running Atlas Worker #3
12-20 07:55:57.460  3441  3548 D AssetAtlas: Running Atlas Worker #4
12-20 07:55:57.461  3441  3550 D AssetAtlas: Running Atlas Worker #6
12-20 07:55:57.462  3441  3552 D AssetAtlas: Running Atlas Worker #8
12-20 07:55:57.464  3441  3551 D AssetAtlas: Running Atlas Worker #7
12-20 07:55:57.464  3441  3441 I SystemServiceManager: Starting com.android.server.restrictions.RestrictionsManagerService
12-20 07:55:57.466  3441  3441 I SystemServiceManager: Starting com.android.server.media.MediaSessionService
12-20 07:55:57.470  3441  3549 D AssetAtlas: Running Atlas Worker #5
12-20 07:55:57.476  3441  3441 I SystemServer: Media Router Service
12-20 07:55:57.477  3441  3441 I SystemServiceManager: Starting com.android.server.trust.TrustManagerService
12-20 07:55:57.479  3441  3441 I SystemServiceManager: Starting com.android.server.fingerprint.FingerprintService
12-20 07:55:57.484  3071  3071 D PermissionCache: checking android.permission.MANAGE_FINGERPRINT for uid=1000 => granted (1011 us)
12-20 07:55:57.484  3071  3071 V fingerprintd: nativeOpenHal()
12-20 07:55:57.484  3071  3071 E fingerprintd: Can't open fingerprint HW Module, error: -2
12-20 07:55:57.485  3441  3441 W FingerprintService: Failed to open Fingerprint HAL!
12-20 07:55:57.485  3441  3441 V FingerprintService: Fingerprint HAL id: 0
12-20 07:55:57.485  3441  3441 I SystemServer: BackgroundDexOptService
12-20 07:55:57.486  3441  3441 I SystemServiceManager: Starting com.android.server.pm.LauncherAppsService
12-20 07:55:57.487  3441  3441 I SystemServiceManager: Starting com.android.server.media.projection.MediaProjectionManagerService
12-20 07:55:57.493  3441  3544 D AssetAtlas: Found best atlas configuration (out of 496) in 0.04s
12-20 07:55:57.494  3441  3544 D AssetAtlas: Loaded configuration: SliceMinArea (2048x2048) flags=0x2 count=267
12-20 07:55:57.527  3441  3449 W JavaBinder: BinderProxy is being destroyed but the application did not call unlinkToDeath to unlink all of its death recipients beforehand.  Releasing leaked death recipient: com.android.server.fingerprint.FingerprintService
12-20 07:55:57.548  3441  3441 I WindowManager: SAFE MODE not enabled
12-20 07:55:57.550  3441  3441 I SystemServiceManager: Starting com.android.server.MmsServiceBroker
12-20 07:55:57.551  3441  3441 I CMSystemServer: Attempting to start service org.cyanogenmod.platform.internal.CMStatusBarManagerService
12-20 07:55:57.556  3441  3441 I CMSystemServer: Starting service org.cyanogenmod.platform.internal.CMStatusBarManagerService
12-20 07:55:57.556  3441  3441 I SystemServiceManager: Starting org.cyanogenmod.platform.internal.CMStatusBarManagerService
12-20 07:55:57.557  3441  3441 D CMStatusBarManagerService: registerCMStatusBar cmstatusbar: org.cyanogenmod.platform.internal.CMStatusBarManagerService@af626a3
12-20 07:55:57.557  3441  3441 I CMSystemServer: Attempting to start service org.cyanogenmod.platform.internal.ProfileManagerService
12-20 07:55:57.562  3441  3441 I CMSystemServer: Starting service org.cyanogenmod.platform.internal.ProfileManagerService
12-20 07:55:57.562  3441  3441 I SystemServiceManager: Starting org.cyanogenmod.platform.internal.ProfileManagerService
12-20 07:55:57.562  3015  3015 E ServiceManager: add_service('profile',61) uid=1000 - ALREADY REGISTERED, OVERRIDE
12-20 07:55:57.562  3015  3015 I ServiceManager: service 'profile' died
12-20 07:55:57.565  3441  3517 D WifiService: New client listening to asynchronous messages
12-20 07:55:57.566  3441  3441 V ProfileTriggerHelper: Enabling
12-20 07:55:57.566  3441  3544 D AssetAtlas: Rendered atlas in 66.33ms (55.37+10.96ms)
12-20 07:55:57.568  3441  3441 D CMProfileService: Set active profile to: 0230226d-0d05-494a-a9bd-d222a1117655 - Default
12-20 07:55:57.568  3441  3441 D CMProfileService: Saving profile data...
12-20 07:55:57.569  3441  3441 D CMProfileService: Save completed.
12-20 07:55:57.569  3441  3441 I CMSystemServer: Attempting to start service org.cyanogenmod.platform.internal.PartnerInterfaceService
12-20 07:55:57.571  3441  3441 I CMSystemServer: Starting service org.cyanogenmod.platform.internal.PartnerInterfaceService
12-20 07:55:57.571  3441  3441 I SystemServiceManager: Starting org.cyanogenmod.platform.internal.PartnerInterfaceService
12-20 07:55:57.571  3015  3015 E ServiceManager: add_service('cmpartnerinterface',62) uid=1000 - ALREADY REGISTERED, OVERRIDE
12-20 07:55:57.571  3015  3015 I ServiceManager: service 'cmpartnerinterface' died
12-20 07:55:57.571  3441  3441 I CMSystemServer: Attempting to start service org.cyanogenmod.platform.internal.CMTelephonyManagerService
12-20 07:55:57.572  3441  3441 I CMSystemServer: Starting service org.cyanogenmod.platform.internal.CMTelephonyManagerService
12-20 07:55:57.572  3441  3441 I SystemServiceManager: Starting org.cyanogenmod.platform.internal.CMTelephonyManagerService
12-20 07:55:57.572  3441  3441 I CMSystemServer: Attempting to start service org.cyanogenmod.platform.internal.CMHardwareService
12-20 07:55:57.578  3441  3441 I CMSystemServer: Starting service org.cyanogenmod.platform.internal.CMHardwareService
12-20 07:55:57.578  3441  3441 I SystemServiceManager: Starting org.cyanogenmod.platform.internal.CMHardwareService
12-20 07:55:57.579  3015  3015 E ServiceManager: add_service('cmhardware',64) uid=1000 - ALREADY REGISTERED, OVERRIDE
12-20 07:55:57.579  3015  3015 I ServiceManager: service 'cmhardware' died
12-20 07:55:57.579  3441  3441 I CMSystemServer: Attempting to start service org.cyanogenmod.platform.internal.AppSuggestManagerService
12-20 07:55:57.580  3441  3441 I CMSystemServer: Starting service org.cyanogenmod.platform.internal.AppSuggestManagerService
12-20 07:55:57.580  3441  3441 I SystemServiceManager: Starting org.cyanogenmod.platform.internal.AppSuggestManagerService
12-20 07:55:57.581  3441  3441 W ServiceWatcher: com.cyanogen.app.suggest not found
12-20 07:55:57.581  3441  3441 E AppSgstMgrService: no app suggest provider found
12-20 07:55:57.581  3441  3441 I CMSystemServer: Attempting to start service org.cyanogenmod.platform.internal.PerformanceManagerService
12-20 07:55:57.587  3441  3570 I ServiceThread: Enabled StrictMode logging for PerformanceManager looper.
12-20 07:55:57.587  3441  3441 I CMSystemServer: Starting service org.cyanogenmod.platform.internal.PerformanceManagerService
12-20 07:55:57.587  3441  3441 I SystemServiceManager: Starting org.cyanogenmod.platform.internal.PerformanceManagerService
12-20 07:55:57.588  3441  3571 I ServiceThread: Enabled StrictMode logging for PerformanceManager looper.
12-20 07:55:57.589  3441  3441 I CMSystemServer: Attempting to start service org.cyanogenmod.platform.internal.ThemeManagerServiceBroker
12-20 07:55:57.590  3441  3441 E BrokerableCMSystemService: Setting brokered service connection org.cyanogenmod.platform.internal.ThemeManagerServiceBroker$2@8e90782
12-20 07:55:57.590  3441  3441 I CMSystemServer: Starting service org.cyanogenmod.platform.internal.ThemeManagerServiceBroker
12-20 07:55:57.590  3441  3441 I SystemServiceManager: Starting org.cyanogenmod.platform.internal.ThemeManagerServiceBroker
12-20 07:55:57.590  3441  3441 E BrokerableCMSystemService: Setting brokered service connection org.cyanogenmod.platform.internal.ThemeManagerServiceBroker$2@c0dfe93
12-20 07:55:57.591  3441  3441 I CMSystemServer: Attempting to start service org.cyanogenmod.platform.internal.IconCacheManagerServiceBroker
12-20 07:55:57.591  3441  3441 E BrokerableCMSystemService: Setting brokered service connection org.cyanogenmod.platform.internal.IconCacheManagerServiceBroker$2@e385ed0
12-20 07:55:57.591  3441  3441 I CMSystemServer: Starting service org.cyanogenmod.platform.internal.IconCacheManagerServiceBroker
12-20 07:55:57.591  3441  3441 I SystemServiceManager: Starting org.cyanogenmod.platform.internal.IconCacheManagerServiceBroker
12-20 07:55:57.591  3441  3441 E BrokerableCMSystemService: Setting brokered service connection org.cyanogenmod.platform.internal.IconCacheManagerServiceBroker$2@fc3eec9
12-20 07:55:57.591  3441  3441 I CMSystemServer: Attempting to start service org.cyanogenmod.platform.internal.LiveLockScreenServiceBroker
12-20 07:55:57.593  3441  3441 E BrokerableCMSystemService: Setting brokered service connection org.cyanogenmod.platform.internal.LiveLockScreenServiceBroker$2@1a419ce
12-20 07:55:57.593  3441  3441 I CMSystemServer: Starting service org.cyanogenmod.platform.internal.LiveLockScreenServiceBroker
12-20 07:55:57.593  3441  3441 I SystemServiceManager: Starting org.cyanogenmod.platform.internal.LiveLockScreenServiceBroker
12-20 07:55:57.593  3441  3441 E BrokerableCMSystemService: Setting brokered service connection org.cyanogenmod.platform.internal.LiveLockScreenServiceBroker$2@60ff0ef
12-20 07:55:57.594  3441  3441 I CMSystemServer: Attempting to start service org.cyanogenmod.platform.internal.WeatherManagerServiceBroker
12-20 07:55:57.595  3441  3441 I CMSystemServer: Starting service org.cyanogenmod.platform.internal.WeatherManagerServiceBroker
12-20 07:55:57.595  3441  3441 I SystemServiceManager: Starting org.cyanogenmod.platform.internal.WeatherManagerServiceBroker
12-20 07:55:57.596  3441  3441 I CMSystemServer: Attempting to start service org.cyanogenmod.platform.internal.display.LiveDisplayService
12-20 07:55:57.599  3441  3572 I ServiceThread: Enabled StrictMode logging for LiveDisplay looper.
12-20 07:55:57.600  3441  3441 I CMSystemServer: Starting service org.cyanogenmod.platform.internal.display.LiveDisplayService
12-20 07:55:57.600  3441  3441 I SystemServiceManager: Starting org.cyanogenmod.platform.internal.display.LiveDisplayService
12-20 07:55:57.600  3441  3573 I ServiceThread: Enabled StrictMode logging for LiveDisplay looper.
12-20 07:55:57.601  3441  3441 I CMSystemServer: Attempting to start service org.cyanogenmod.platform.internal.CMAudioServiceBroker
12-20 07:55:57.601  3441  3441 I CMSystemServer: Starting service org.cyanogenmod.platform.internal.CMAudioServiceBroker
12-20 07:55:57.601  3441  3441 I SystemServiceManager: Starting org.cyanogenmod.platform.internal.CMAudioServiceBroker
12-20 07:55:57.760  3441  3441 E SQLiteLog: (1) no such table: locksettings
12-20 07:55:57.807  3441  3441 I LockSettingsService: Migrated lock settings to new location
12-20 07:55:57.836  3441  3441 I LockSettingsService: Migrated per-user lock settings to new location
12-20 07:55:57.873  3441  3441 I LockSettingsService: Migrated biometric weak to use the fallback instead
12-20 07:55:57.901  3441  3441 I LockSettingsService: Migrated lockscreen disabled flag
12-20 07:55:57.918  3441  3441 I LockSettingsService: Migrated primary user pattern size
12-20 07:55:57.920  3441  3441 E LockSettingsStorage: Cannot read file java.io.FileNotFoundException: /data/system/gatekeeper.password.key: open failed: ENOENT (No such file or directory)
12-20 07:55:57.920  3441  3441 E LockSettingsStorage: Cannot read file java.io.FileNotFoundException: /data/system/password.key: open failed: ENOENT (No such file or directory)
12-20 07:55:57.920  3441  3441 E LockSettingsStorage: Cannot read file java.io.FileNotFoundException: /data/system/gatekeeper.pattern.key: open failed: ENOENT (No such file or directory)
12-20 07:55:57.920  3441  3441 E LockSettingsStorage: Cannot read file java.io.FileNotFoundException: /data/system/gatekeeper.gesture.key: open failed: ENOENT (No such file or directory)
12-20 07:55:57.920  3441  3441 E LockSettingsStorage: Cannot read file java.io.FileNotFoundException: /data/system/gesture.key: open failed: ENOENT (No such file or directory)
12-20 07:55:57.920  3441  3441 E LockSettingsStorage: Cannot read file java.io.FileNotFoundException: /data/system/cm_gesture.key: open failed: ENOENT (No such file or directory)
12-20 07:55:57.920  3441  3441 I SystemServiceManager: Starting phase 480
12-20 07:55:57.922  3441  3441 I SystemServiceManager: Starting phase 500
12-20 07:55:57.922  3441  3441 D BluetoothService: onBootPhase: PHASE_SYSTEM_SERVICES_READY
12-20 07:55:57.922  3441  3441 D BluetoothManagerService: Bluetooth boot completed
12-20 07:55:57.922  3441  3441 D BluetoothManagerService: Retrieving Bluetooth Adapter name and address...
12-20 07:55:57.922  3441  3441 D BluetoothManagerService: getNameAndAddress(): mBluetooth = null mBinding = false
12-20 07:55:57.923  3441  3459 D BluetoothManagerService: Message: 200
12-20 07:55:57.923  3441  3459 D BluetoothManagerService: MESSAGE_GET_NAME_AND_ADDRESS
12-20 07:55:57.923  3441  3459 D BluetoothManagerService: Binding to service to get name and address
12-20 07:55:57.924  3441  3441 I WifiService: WifiService starting up with Wi-Fi disabled
12-20 07:55:57.930  3441  3441 I WifiScanningService: Registering wifiscanner
12-20 07:55:57.933  3441  3441 I RttService: Registering rttmanager
12-20 07:55:57.934  3441  3441 I EthernetServiceImpl: Starting Ethernet service
12-20 07:55:57.936  3441  3441 D Ethernet: Registering NetworkFactory
12-20 07:55:57.936  3441  3518 D ConnectivityService: Got NetworkFactory Messenger for Ethernet
12-20 07:55:57.936  3441  3579 D Ethernet: got request NetworkRequest [ id=1, legacyType=-1, [ Capabilities: INTERNET&NOT_RESTRICTED&TRUSTED&NOT_VPN] ] with score 0
12-20 07:55:57.942  3441  3441 I SELinux : SELinux: Loaded file_contexts contexts from /file_contexts.
12-20 07:55:57.943  3441  3441 V BackupManagerService: No ancestral data
12-20 07:55:57.998  3441  3441 V KeyValueBackupJob: Scheduling k/v pass in 247 minutes
12-20 07:55:58.246  3441  3441 V BackupManagerService: Starting with transport com.google.android.gms/.backup.BackupTransportService
12-20 07:55:58.246  3441  3441 V BackupManagerService: Found transports: 1
12-20 07:55:58.246  3441  3441 I BackupManagerService: Binding to transport host ComponentInfo{android/com.android.internal.backup.LocalTransportService}
12-20 07:55:58.249  3441  3441 W ThemeManagerServiceBroker: Cannot stat /data/system/theme/alarms
12-20 07:55:58.300  3441  3441 W PackageManager: Unable to get pkg for processing system
12-20 07:55:58.300  3441  3441 E PackageManager: Unable to find icon pack: system
12-20 07:55:58.302  3441  3441 I DefaultPermGrantPolicy: Granting permissions to platform components for user 0
12-20 07:55:58.302  3441  3441 D VoldConnector: SND -> {4 volume remount_uid 1001 none}
12-20 07:55:58.303  2943  2982 D vold    : Remounting 1001 as mode none
12-20 07:55:58.304  3441  3462 W KeyguardServiceDelegate: onScreenTurningOn(): no keyguard service!
12-20 07:55:58.308  2943  2982 D vold    : Found matching PID 3062
12-20 07:55:58.308  2943  2982 W vold    : Skipping due to root namespace
12-20 07:55:58.308  2943  2982 D vold    : Found matching PID 3514
12-20 07:55:58.308  2943  2982 W vold    : Skipping due to root namespace
12-20 07:55:58.309  3441  3507 D VoldConnector: RCV <- {200 4 Command succeeded}
12-20 07:55:58.309  3441  3441 D VoldConnector: SND -> {5 volume remount_uid 1001 none}
12-20 07:55:58.309  2943  2982 D vold    : Remounting 1001 as mode none
12-20 07:55:58.313  2943  2982 D vold    : Found matching PID 3062
12-20 07:55:58.313  2943  2982 W vold    : Skipping due to root namespace
12-20 07:55:58.313  2943  2982 D vold    : Found matching PID 3514
12-20 07:55:58.313  2943  2982 W vold    : Skipping due to root namespace
12-20 07:55:58.313  3441  3507 D VoldConnector: RCV <- {200 5 Command succeeded}
12-20 07:55:58.314  3441  3441 D VoldConnector: SND -> {6 volume remount_uid 1000 none}
12-20 07:55:58.314  2943  2982 D vold    : Remounting 1000 as mode none
12-20 07:55:58.316  2943  2982 D vold    : Found matching PID 3015
12-20 07:55:58.317  2943  2982 W vold    : Skipping due to root namespace
12-20 07:55:58.317  2943  2982 D vold    : Found matching PID 3016
12-20 07:55:58.317  2943  2982 W vold    : Skipping due to root namespace
12-20 07:55:58.317  2943  2982 D vold    : Found matching PID 3018
12-20 07:55:58.317  2943  2982 W vold    : Skipping due to root namespace
12-20 07:55:58.317  2943  2982 D vold    : Found matching PID 3068
12-20 07:55:58.317  2943  2982 W vold    : Skipping due to root namespace
12-20 07:55:58.317  2943  2982 D vold    : Found matching PID 3071
12-20 07:55:58.317  2943  2982 W vold    : Skipping due to root namespace
12-20 07:55:58.317  2943  2982 D vold    : Found matching PID 3124
12-20 07:55:58.317  2943  2982 W vold    : Skipping due to root namespace
12-20 07:55:58.317  2943  2982 D vold    : Found matching PID 3441
12-20 07:55:58.319  3441  3507 D VoldConnector: RCV <- {200 6 Command succeeded}
12-20 07:55:58.319  3441  3441 D VoldConnector: SND -> {7 volume remount_uid 1000 none}
12-20 07:55:58.319  2943  2982 D vold    : Remounting 1000 as mode none
12-20 07:55:58.322  2943  2982 D vold    : Found matching PID 3015
12-20 07:55:58.322  2943  2982 W vold    : Skipping due to root namespace
12-20 07:55:58.322  2943  2982 D vold    : Found matching PID 3016
12-20 07:55:58.322  2943  2982 W vold    : Skipping due to root namespace
12-20 07:55:58.322  2943  2982 D vold    : Found matching PID 3018
12-20 07:55:58.322  2943  2982 W vold    : Skipping due to root namespace
12-20 07:55:58.322  2943  2982 D vold    : Found matching PID 3068
12-20 07:55:58.322  2943  2982 W vold    : Skipping due to root namespace
12-20 07:55:58.322  2943  2982 D vold    : Found matching PID 3071
12-20 07:55:58.322  2943  2982 W vold    : Skipping due to root namespace
12-20 07:55:58.322  2943  2982 D vold    : Found matching PID 3124
12-20 07:55:58.322  2943  2982 W vold    : Skipping due to root namespace
12-20 07:55:58.322  2943  2982 D vold    : Found matching PID 3441
12-20 07:55:58.324  3441  3507 D VoldConnector: RCV <- {200 7 Command succeeded}
12-20 07:55:58.325  3441  3441 D VoldConnector: SND -> {8 volume remount_uid 2000 none}
12-20 07:55:58.325  2943  2982 D vold    : Remounting 2000 as mode none
12-20 07:55:58.328  3441  3507 D VoldConnector: RCV <- {200 8 Command succeeded}
12-20 07:55:58.328  3441  3441 D VoldConnector: SND -> {9 volume remount_uid 2000 none}
12-20 07:55:58.328  2943  2982 D vold    : Remounting 2000 as mode none
12-20 07:55:58.331  3441  3507 D VoldConnector: RCV <- {200 9 Command succeeded}
12-20 07:55:58.331  3441  3441 D VoldConnector: SND -> {10 volume remount_uid 10027 none}
12-20 07:55:58.331  2943  2982 D vold    : Remounting 10027 as mode none
12-20 07:55:58.335  3441  3507 D VoldConnector: RCV <- {200 10 Command succeeded}
12-20 07:55:58.336  3441  3441 D VoldConnector: SND -> {11 volume remount_uid 10027 none}
12-20 07:55:58.336  2943  2982 D vold    : Remounting 10027 as mode none
12-20 07:55:58.340  3441  3507 D VoldConnector: RCV <- {200 11 Command succeeded}
12-20 07:55:58.341  3441  3441 D VoldConnector: SND -> {12 volume remount_uid 1002 none}
12-20 07:55:58.341  2943  2982 D vold    : Remounting 1002 as mode none
12-20 07:55:58.344  3441  3507 D VoldConnector: RCV <- {200 12 Command succeeded}
12-20 07:55:58.345  3441  3441 D VoldConnector: SND -> {13 volume remount_uid 1002 none}
12-20 07:55:58.345  2943  2982 D vold    : Remounting 1002 as mode none
12-20 07:55:58.348  3441  3507 D VoldConnector: RCV <- {200 13 Command succeeded}
12-20 07:55:58.348  3441  3441 I DefaultPermGrantPolicy: Granting permissions to default platform handlers for user 0
12-20 07:55:58.349  3441  3441 W VoiceInteractionManagerService: no available voice interaction services found for user 0
12-20 07:55:58.349  3441  3441 W VoiceInteractionManagerService: no available voice recognition services found for user 0
12-20 07:55:58.349  3441  3441 D VoldConnector: SND -> {14 volume remount_uid 10017 none}
12-20 07:55:58.349  2943  2982 D vold    : Remounting 10017 as mode none
12-20 07:55:58.353  3441  3507 D VoldConnector: RCV <- {200 14 Command succeeded}
12-20 07:55:58.354  3441  3441 D VoldConnector: SND -> {15 volume remount_uid 10019 none}
12-20 07:55:58.354  2943  2982 D vold    : Remounting 10019 as mode none
12-20 07:55:58.357  3441  3507 D VoldConnector: RCV <- {200 15 Command succeeded}
12-20 07:55:58.357  3441  3441 D VoldConnector: SND -> {16 volume remount_uid 10019 none}
12-20 07:55:58.357  2943  2982 D vold    : Remounting 10019 as mode none
12-20 07:55:58.360  3441  3507 D VoldConnector: RCV <- {200 16 Command succeeded}
12-20 07:55:58.360  3441  3441 D VoldConnector: SND -> {17 volume remount_uid 10010 none}
12-20 07:55:58.360  2943  2982 D vold    : Remounting 10010 as mode none
12-20 07:55:58.363  3441  3507 D VoldConnector: RCV <- {200 17 Command succeeded}
12-20 07:55:58.363  3441  3441 D VoldConnector: SND -> {18 volume remount_uid 10010 none}
12-20 07:55:58.363  2943  2982 D vold    : Remounting 10010 as mode none
12-20 07:55:58.366  3441  3507 D VoldConnector: RCV <- {200 18 Command succeeded}
12-20 07:55:58.367  3441  3441 D VoldConnector: SND -> {19 volume remount_uid 10009 none}
12-20 07:55:58.367  2943  2982 D vold    : Remounting 10009 as mode none
12-20 07:55:58.372  3441  3507 D VoldConnector: RCV <- {200 19 Command succeeded}
12-20 07:55:58.372  3441  3441 D VoldConnector: SND -> {20 volume remount_uid 10009 none}
12-20 07:55:58.372  2943  2982 D vold    : Remounting 10009 as mode none
12-20 07:55:58.376  3441  3507 D VoldConnector: RCV <- {200 20 Command succeeded}
12-20 07:55:58.377  3441  3441 D VoldConnector: SND -> {21 volume remount_uid 10000 none}
12-20 07:55:58.377  2943  2982 D vold    : Remounting 10000 as mode none
12-20 07:55:58.381  3441  3507 D VoldConnector: RCV <- {200 21 Command succeeded}
12-20 07:55:58.381  3441  3441 D VoldConnector: SND -> {22 volume remount_uid 10000 none}
12-20 07:55:58.381  2943  2982 D vold    : Remounting 10000 as mode none
12-20 07:55:58.384  3441  3507 D VoldConnector: RCV <- {200 22 Command succeeded}
12-20 07:55:58.385  3441  3441 D VoldConnector: SND -> {23 volume remount_uid 10040 none}
12-20 07:55:58.386  2943  2982 D vold    : Remounting 10040 as mode none
12-20 07:55:58.389  3441  3507 D VoldConnector: RCV <- {200 23 Command succeeded}
12-20 07:55:58.389  3441  3441 D VoldConnector: SND -> {24 volume remount_uid 10040 none}
12-20 07:55:58.389  2943  2982 D vold    : Remounting 10040 as mode none
12-20 07:55:58.392  3441  3507 D VoldConnector: RCV <- {200 24 Command succeeded}
12-20 07:55:58.394  3441  3441 I ActivityManager: Pre-boot of {com.android.providers.calendar/com.android.providers.calendar.CalendarUpgradeReceiver} for user 0
12-20 07:55:58.394  3441  3441 I SystemServer: Enabled StrictMode for system server main thread.
12-20 07:55:58.405  3441  3455 I Zygote  : Process: zygote socket opened, supported ABIS: arm64-v8a,armeabi
12-20 07:55:58.406  3066  3445 I art     : Starting a blocking GC HeapTrim
12-20 07:55:58.415  3441  3455 I ActivityManager: Start proc 3598:com.android.providers.calendar/u0a0 for broadcast com.android.providers.calendar/.CalendarUpgradeReceiver
12-20 07:55:58.423  3441  3441 D RttService: SCAN_AVAILABLE : 1
12-20 07:55:58.424  3441  3578 D RttService: DefaultState got{ when=0 what=160513 target=com.android.internal.util.StateMachine$SmHandler }
12-20 07:55:58.426  3441  3452 I ActivityManager: Launching preboot mode app: ProcessRecord{5ec4203 3598:com.android.providers.calendar/u0a0}
12-20 07:55:58.450  3598  3598 W System  : ClassLoader referenced unknown path: /system/priv-app/CalendarProvider/lib/arm64
12-20 07:55:58.451  3441  3441 V BackupManagerService: Connected to transport ComponentInfo{android/com.android.internal.backup.LocalTransportService}
12-20 07:55:58.451  3441  3441 V BackupManagerService: Registering transport android/com.android.internal.backup.LocalTransportService::android/com.android.internal.backup.LocalTransport = android.app.backup.BackupTransport$TransportImpl@3073580
12-20 07:55:58.496  3441  3452 I ActivityManager: Pre-boot of {org.cyanogenmod.cmsettings/org.cyanogenmod.cmsettings.PreBootReceiver} for user 0
12-20 07:55:58.579  3441  3441 W CMSettings: Setting dev_force_show_navbar has moved from CMSettings.Secure to CMSettings.Global, value is unchanged.
12-20 07:55:58.612  3441  3441 I ActivityManager: Pre-boot of {com.android.providers.contacts/com.android.providers.contacts.ContactsUpgradeReceiver} for user 0
12-20 07:55:58.626  3441  3441 I ActivityManager: Start proc 3639:android.process.acore/u0a4 for broadcast com.android.providers.contacts/.ContactsUpgradeReceiver
12-20 07:55:58.654  3441  3453 I ActivityManager: Launching preboot mode app: ProcessRecord{d5ef7b9 3639:android.process.acore/u0a4}
12-20 07:55:58.721  3639  3639 W System  : ClassLoader referenced unknown path: /system/priv-app/ContactsProvider/lib/arm64
12-20 07:55:58.896  3639  3639 I ContactsUpgradeReceiver: Creating or opening contacts database
12-20 07:55:59.156  3639  3639 I ContactsDatabaseHelper: Bootstrapping database version: 1013
12-20 07:55:59.233  3639  3639 I ContactsProviderV1: Bootstrapping database legacy support
12-20 07:55:59.304  3441  3456 W WindowManager: Keyguard drawn timeout. Setting mKeyguardDrawComplete
12-20 07:55:59.839  3639  3639 I ContactsDatabaseHelper: Bootstrapping database version: 1013
12-20 07:55:59.885  3639  3639 I ContactsProviderV1: Bootstrapping database legacy support
12-20 07:56:00.205  3639  3639 I ContactsProvider: Locale has changed from null to en-US
12-20 07:56:00.206  3639  3639 I ContactsDatabaseHelper: Switching to locale en-US (ICU v55.1)
12-20 07:56:00.288  3639  3639 I ContactsDatabaseHelper: Locale change completed in 82ms
12-20 07:56:00.289  3639  3639 I ContactsDatabaseHelper: Switching to locale en-US (ICU v55.1)
12-20 07:56:00.462  3639  3639 I ContactsDatabaseHelper: Locale change completed in 173ms
12-20 07:56:00.652  3441  3611 I ActivityManager: Pre-boot of {com.android.managedprovisioning/com.android.managedprovisioning.PreBootListener} for user 0
