12-20 06:14:19.483  4283  4849 W MediaProvider: Missing volume for /system/media/audio/notifications/regulus.ogg; assuming invalid
12-20 06:14:19.484  4283  4849 W MediaProvider: Missing volume for /system/media/audio/notifications/sirius.ogg; assuming invalid
12-20 06:14:19.485  4283  4849 W MediaProvider: Missing volume for /system/media/audio/notifications/tweeters.ogg; assuming invalid
12-20 06:14:19.487  4283  4849 W MediaProvider: Missing volume for /system/media/audio/ringtones/Andromeda.ogg; assuming invalid
12-20 06:14:19.488  4283  4849 W MediaProvider: Missing volume for /system/media/audio/ringtones/Aquila.ogg; assuming invalid
12-20 06:14:19.490  4283  4849 W MediaProvider: Missing volume for /system/media/audio/ringtones/ArgoNavis.ogg; assuming invalid
12-20 06:14:19.491  4283  4849 W MediaProvider: Missing volume for /system/media/audio/ringtones/Atria.ogg; assuming invalid
12-20 06:14:19.492  4283  4849 W MediaProvider: Missing volume for /system/media/audio/ringtones/BOOTES.ogg; assuming invalid
12-20 06:14:19.493  3060  3060 E MetadataRetrieverClient: failed to extract an album art
12-20 06:14:19.494  4283  4849 W MediaProvider: Missing volume for /system/media/audio/ringtones/Backroad.ogg; assuming invalid
12-20 06:14:19.495  4283  4849 W MediaProvider: Missing volume for /system/media/audio/ringtones/BeatPlucker.ogg; assuming invalid
12-20 06:14:19.496  4283  4849 W MediaProvider: Missing volume for /system/media/audio/ringtones/BentleyDubs.ogg; assuming invalid
12-20 06:14:19.498  4283  4849 W MediaProvider: Missing volume for /system/media/audio/ringtones/Big_Easy.ogg; assuming invalid
12-20 06:14:19.499  4283  4849 W MediaProvider: Missing volume for /system/media/audio/ringtones/BirdLoop.ogg; assuming invalid
12-20 06:14:19.500  4283  4849 W MediaProvider: Missing volume for /system/media/audio/ringtones/Bollywood.ogg; assuming invalid
12-20 06:14:19.501  4283  4849 W MediaProvider: Missing volume for /system/media/audio/ringtones/Boxbeat.ogg; assuming invalid
12-20 06:14:19.502  4283  4849 W MediaProvider: Missing volume for /system/media/audio/ringtones/BussaMove.ogg; assuming invalid
12-20 06:14:19.503  4283  4849 W MediaProvider: Missing volume for /system/media/audio/ringtones/CASSIOPEIA.ogg; assuming invalid
12-20 06:14:19.504  4283  4849 W MediaProvider: Missing volume for /system/media/audio/ringtones/Cairo.ogg; assuming invalid
12-20 06:14:19.505  4283  4849 W MediaProvider: Missing volume for /system/media/audio/ringtones/Callisto.ogg; assuming invalid
12-20 06:14:19.506  4283  4849 W MediaProvider: Missing volume for /system/media/audio/ringtones/Calypso_Steel.ogg; assuming invalid
12-20 06:14:19.508  4283  4849 W MediaProvider: Missing volume for /system/media/audio/ringtones/CanisMajor.ogg; assuming invalid
12-20 06:14:19.509  4283  4849 W MediaProvider: Missing volume for /system/media/audio/ringtones/CaribbeanIce.ogg; assuming invalid
12-20 06:14:19.510  4283  4849 W MediaProvider: Missing volume for /system/media/audio/ringtones/Carina.ogg; assuming invalid
12-20 06:14:19.511  4283  4849 W MediaProvider: Missing volume for /system/media/audio/ringtones/Centaurus.ogg; assuming invalid
12-20 06:14:19.512  4283  4849 W MediaProvider: Missing volume for /system/media/audio/ringtones/Champagne_Edition.ogg; assuming invalid
12-20 06:14:19.513  4283  4849 W MediaProvider: Missing volume for /system/media/audio/ringtones/Club_Cubano.ogg; assuming invalid
12-20 06:14:19.514  4283  4849 W MediaProvider: Missing volume for /system/media/audio/ringtones/CrayonRock.ogg; assuming invalid
12-20 06:14:19.515  4283  4849 W MediaProvider: Missing volume for /system/media/audio/ringtones/CrazyDream.ogg; assuming invalid
12-20 06:14:19.516  4283  4849 W MediaProvider: Missing volume for /system/media/audio/ringtones/CurveBall.ogg; assuming invalid
12-20 06:14:19.518  4283  4849 W MediaProvider: Missing volume for /system/media/audio/ringtones/CyanTone.ogg; assuming invalid
12-20 06:14:19.519  4283  4849 W MediaProvider: Missing volume for /system/media/audio/ringtones/Cygnus.ogg; assuming invalid
12-20 06:14:19.520  4283  4849 W MediaProvider: Missing volume for /system/media/audio/ringtones/DancinFool.ogg; assuming invalid
12-20 06:14:19.521  4283  4849 W MediaProvider: Missing volume for /system/media/audio/ringtones/Dione.ogg; assuming invalid
12-20 06:14:19.522  4283  4849 W MediaProvider: Missing volume for /system/media/audio/ringtones/DonMessWivIt.ogg; assuming invalid
12-20 06:14:19.524  4283  4849 W MediaProvider: Missing volume for /system/media/audio/ringtones/Draco.ogg; assuming invalid
12-20 06:14:19.525  4283  4849 W MediaProvider: Missing volume for /system/media/audio/ringtones/DreamTheme.ogg; assuming invalid
12-20 06:14:19.526  4283  4849 W MediaProvider: Missing volume for /system/media/audio/ringtones/Eastern_Sky.ogg; assuming invalid
12-20 06:14:19.527  4283  4849 W MediaProvider: Missing volume for /system/media/audio/ringtones/Enter_the_Nexus.ogg; assuming invalid
12-20 06:14:19.528  4283  4849 W MediaProvider: Missing volume for /system/media/audio/ringtones/Eridani.ogg; assuming invalid
12-20 06:14:19.529  4283  4849 W MediaProvider: Missing volume for /system/media/audio/ringtones/EtherShake.ogg; assuming invalid
12-20 06:14:19.530  4283  4849 W MediaProvider: Missing volume for /system/media/audio/ringtones/FreeFlight.ogg; assuming invalid
12-20 06:14:19.531  4283  4849 W MediaProvider: Missing volume for /system/media/audio/ringtones/FriendlyGhost.ogg; assuming invalid
12-20 06:14:19.532  4283  4849 W MediaProvider: Missing volume for /system/media/audio/ringtones/Funk_Yall.ogg; assuming invalid
12-20 06:14:19.533  4283  4849 W MediaProvider: Missing volume for /system/media/audio/ringtones/GameOverGuitar.ogg; assuming invalid
12-20 06:14:19.534  4283  4849 W MediaProvider: Missing volume for /system/media/audio/ringtones/Ganymede.ogg; assuming invalid
12-20 06:14:19.535  4283  4849 W MediaProvider: Missing volume for /system/media/audio/ringtones/Gimme_Mo_Town.ogg; assuming invalid
12-20 06:14:19.537  4283  4849 W MediaProvider: Missing volume for /system/media/audio/ringtones/Girtab.ogg; assuming invalid
12-20 06:14:19.538  4283  4849 W MediaProvider: Missing volume for /system/media/audio/ringtones/Glacial_Groove.ogg; assuming invalid
12-20 06:14:19.539  4283  4849 W MediaProvider: Missing volume for /system/media/audio/ringtones/Growl.ogg; assuming invalid
12-20 06:14:19.540  4283  4849 W MediaProvider: Missing volume for /system/media/audio/ringtones/HalfwayHome.ogg; assuming invalid
12-20 06:14:19.541  4283  4849 W MediaProvider: Missing volume for /system/media/audio/ringtones/Highscore.ogg; assuming invalid
12-20 06:14:19.542  4283  4849 W MediaProvider: Missing volume for /system/media/audio/ringtones/Hydra.ogg; assuming invalid
12-20 06:14:19.543  4283  4849 W MediaProvider: Missing volume for /system/media/audio/ringtones/InsertCoin.ogg; assuming invalid
12-20 06:14:19.545  4283  4849 W MediaProvider: Missing volume for /system/media/audio/ringtones/Kuma.ogg; assuming invalid
12-20 06:14:19.546  4283  4849 W MediaProvider: Missing volume for /system/media/audio/ringtones/LoopyLounge.ogg; assuming invalid
12-20 06:14:19.547  4283  4849 W MediaProvider: Missing volume for /system/media/audio/ringtones/LoveFlute.ogg; assuming invalid
12-20 06:14:19.548  4283  4849 W MediaProvider: Missing volume for /system/media/audio/ringtones/Luna.ogg; assuming invalid
12-20 06:14:19.549  4283  4849 W MediaProvider: Missing volume for /system/media/audio/ringtones/Lyon.ogg; assuming invalid
12-20 06:14:19.550  4283  4849 W MediaProvider: Missing volume for /system/media/audio/ringtones/Lyra.ogg; assuming invalid
12-20 06:14:19.552  4283  4849 W MediaProvider: Missing volume for /system/media/audio/ringtones/Machina.ogg; assuming invalid
12-20 06:14:19.553  4283  4849 W MediaProvider: Missing volume for /system/media/audio/ringtones/MidEvilJaunt.ogg; assuming invalid
12-20 06:14:19.554  4283  4849 W MediaProvider: Missing volume for /system/media/audio/ringtones/Nairobi.ogg; assuming invalid
12-20 06:14:19.555  4283  4849 W MediaProvider: Missing volume for /system/media/audio/ringtones/Nassau.ogg; assuming invalid
12-20 06:14:19.556  4283  4849 W MediaProvider: Missing volume for /system/media/audio/ringtones/NewPlayer.ogg; assuming invalid
12-20 06:14:19.556  4283  4849 W MediaProvider: Missing volume for /system/media/audio/ringtones/No_Limits.ogg; assuming invalid
12-20 06:14:19.558  4283  4849 W MediaProvider: Missing volume for /system/media/audio/ringtones/Noises2.ogg; assuming invalid
12-20 06:14:19.559  4283  4849 W MediaProvider: Missing volume for /system/media/audio/ringtones/Noises3.ogg; assuming invalid
12-20 06:14:19.560  4283  4849 W MediaProvider: Missing volume for /system/media/audio/ringtones/Oberon.ogg; assuming invalid
12-20 06:14:19.561  4283  4849 W MediaProvider: Missing volume for /system/media/audio/ringtones/OrganDub.ogg; assuming invalid
12-20 06:14:19.572  4283  4849 W MediaProvider: Missing volume for /system/media/audio/ringtones/Orion.ogg; assuming invalid
12-20 06:14:20.026  3060  4232 I FFmpegExtractor: android-source:0xf65e2750
12-20 06:14:20.076  3060  4232 I FFMPEG  : [mp3 @ 0xf0f42000] Skipping 0 bytes of junk at 431.
12-20 06:14:20.081  3060  4232 D FFmpegExtractor: suppoted codec(mp3) by official Stagefright
12-20 06:14:20.081  3060  4232 D FFmpegExtractor: ffmpeg detected media content as 'audio/mpeg' with confidence 0.08
12-20 06:14:20.107  4387  4414 E ELEVEN  : calling refresh!
12-20 06:14:20.706  4283  4849 W MediaScanner: Error opening directory '/oem/media/', skipping: No such file or directory.
12-20 06:14:20.707  4283  4849 W MediaProvider: Missing volume for /system/media/audio/ui; assuming invalid
12-20 06:14:20.728  4283  4849 W MediaProvider: Missing volume for /system/media/bootanimation.zip; assuming invalid
12-20 06:14:20.746  4283  4849 W MediaProvider: Missing volume for /system/media/audio/ringtones/Paradise_Island.ogg; assuming invalid
12-20 06:14:20.747  4283  4849 W MediaProvider: Missing volume for /system/media/audio/ringtones/Pegasus.ogg; assuming invalid
12-20 06:14:20.749  4283  4849 W MediaProvider: Missing volume for /system/media/audio/ringtones/Perseus.ogg; assuming invalid
12-20 06:14:20.750  4283  4849 W MediaProvider: Missing volume for /system/media/audio/ringtones/Phobos.ogg; assuming invalid
12-20 06:14:20.751  4283  4849 W MediaProvider: Missing volume for /system/media/audio/ringtones/Playa.ogg; assuming invalid
12-20 06:14:20.752  4283  4849 W MediaProvider: Missing volume for /system/media/audio/ringtones/Pyxis.ogg; assuming invalid
12-20 06:14:20.754  4283  4849 W MediaProvider: Missing volume for /system/media/audio/ringtones/Rasalas.ogg; assuming invalid
12-20 06:14:20.755  4283  4849 W MediaProvider: Missing volume for /system/media/audio/ringtones/Revelation.ogg; assuming invalid
12-20 06:14:20.756  4283  4849 W MediaProvider: Missing volume for /system/media/audio/ringtones/Rigel.ogg; assuming invalid
12-20 06:14:20.757  4283  4849 W MediaProvider: Missing volume for /system/media/audio/ringtones/Ring_Classic_02.ogg; assuming invalid
12-20 06:14:20.759  4283  4849 W MediaProvider: Missing volume for /system/media/audio/ringtones/Ring_Digital_02.ogg; assuming invalid
12-20 06:14:20.760  4283  4849 W MediaProvider: Missing volume for /system/media/audio/ringtones/Ring_Synth_02.ogg; assuming invalid
12-20 06:14:20.761  4283  4849 W MediaProvider: Missing volume for /system/media/audio/ringtones/Ring_Synth_04.ogg; assuming invalid
12-20 06:14:20.762  4283  4849 W MediaProvider: Missing volume for /system/media/audio/ringtones/Road_Trip.ogg; assuming invalid
12-20 06:14:20.764  4283  4849 W MediaProvider: Missing volume for /system/media/audio/ringtones/Rockin.ogg; assuming invalid
12-20 06:14:20.765  4283  4849 W MediaProvider: Missing volume for /system/media/audio/ringtones/RomancingTheTone.ogg; assuming invalid
12-20 06:14:20.766  4283  4849 W MediaProvider: Missing volume for /system/media/audio/ringtones/Safari.ogg; assuming invalid
12-20 06:14:20.766  4283  4849 W MediaProvider: Missing volume for /system/media/audio/ringtones/Savannah.ogg; assuming invalid
12-20 06:14:20.768  4283  4849 W MediaProvider: Missing volume for /system/media/audio/ringtones/Scarabaeus.ogg; assuming invalid
12-20 06:14:20.769  4283  4849 W MediaProvider: Missing volume for /system/media/audio/ringtones/Sceptrum.ogg; assuming invalid
12-20 06:14:20.770  4283  4849 W MediaProvider: Missing volume for /system/media/audio/ringtones/Sedna.ogg; assuming invalid
12-20 06:14:20.771  4283  4849 W MediaProvider: Missing volume for /system/media/audio/ringtones/Seville.ogg; assuming invalid
12-20 06:14:20.773  4283  4849 W MediaProvider: Missing volume for /system/media/audio/ringtones/Sheep.mp3; assuming invalid
12-20 06:14:20.774  4283  4849 W MediaProvider: Missing volume for /system/media/audio/ringtones/Shes_All_That.ogg; assuming invalid
12-20 06:14:20.775  4283  4849 W MediaProvider: Missing volume for /system/media/audio/ringtones/SilkyWay.ogg; assuming invalid
12-20 06:14:20.776  4283  4849 W MediaProvider: Missing volume for /system/media/audio/ringtones/SitarVsSitar.ogg; assuming invalid
12-20 06:14:20.777  4283  4849 W MediaProvider: Missing volume for /system/media/audio/ringtones/Solarium.ogg; assuming invalid
12-20 06:14:20.778  4283  4849 W MediaProvider: Missing volume for /system/media/audio/ringtones/SpringyJalopy.ogg; assuming invalid
12-20 06:14:20.780  4283  4849 W MediaProvider: Missing volume for /system/media/audio/ringtones/Steppin_Out.ogg; assuming invalid
12-20 06:14:20.781  4283  4849 W MediaProvider: Missing volume for /system/media/audio/ringtones/Terminated.ogg; assuming invalid
12-20 06:14:20.782  4283  4849 W MediaProvider: Missing volume for /system/media/audio/ringtones/Testudo.ogg; assuming invalid
12-20 06:14:20.784  4283  4849 W MediaProvider: Missing volume for /system/media/audio/ringtones/Themos.ogg; assuming invalid
12-20 06:14:20.785  4283  4849 W MediaProvider: Missing volume for /system/media/audio/ringtones/Third_Eye.ogg; assuming invalid
12-20 06:14:20.786  4283  4849 W MediaProvider: Missing volume for /system/media/audio/ringtones/Thunderfoot.ogg; assuming invalid
12-20 06:14:20.787  4283  4849 W MediaProvider: Missing volume for /system/media/audio/ringtones/Titania.ogg; assuming invalid
12-20 06:14:20.789  4283  4849 W MediaProvider: Missing volume for /system/media/audio/ringtones/Triton.ogg; assuming invalid
12-20 06:14:20.790  4283  4849 W MediaProvider: Missing volume for /system/media/audio/ringtones/TwirlAway.ogg; assuming invalid
12-20 06:14:20.792  4283  4849 W MediaProvider: Missing volume for /system/media/audio/ringtones/Umbriel.ogg; assuming invalid
12-20 06:14:20.793  4283  4849 W MediaProvider: Missing volume for /system/media/audio/ringtones/UrsaMinor.ogg; assuming invalid
12-20 06:14:20.794  4283  4849 W MediaProvider: Missing volume for /system/media/audio/ringtones/VeryAlarmed.ogg; assuming invalid
12-20 06:14:20.795  4283  4849 W MediaProvider: Missing volume for /system/media/audio/ringtones/Vespa.ogg; assuming invalid
12-20 06:14:20.796  4283  4849 W MediaProvider: Missing volume for /system/media/audio/ringtones/World.ogg; assuming invalid
12-20 06:14:20.798  4283  4849 W MediaProvider: Missing volume for /system/media/audio/ringtones/Yukaay.ogg; assuming invalid
12-20 06:14:20.800  4283  4849 W MediaProvider: Missing volume for /system/media/audio/ringtones/Zeta.ogg; assuming invalid
12-20 06:14:20.803  4283  4849 W MediaProvider: Missing volume for /system/media/audio/ui/Dock.ogg; assuming invalid
12-20 06:14:20.807  4283  4849 W MediaProvider: Missing volume for /system/media/audio/ui/Effect_Tick.ogg; assuming invalid
12-20 06:14:20.810  4283  4849 W MediaProvider: Missing volume for /system/media/audio/ui/KeypressDelete.ogg; assuming invalid
12-20 06:14:20.813  4283  4849 W MediaProvider: Missing volume for /system/media/audio/ui/KeypressInvalid.ogg; assuming invalid
12-20 06:14:20.814  4283  4849 W MediaProvider: Missing volume for /system/media/audio/ui/KeypressReturn.ogg; assuming invalid
12-20 06:14:20.816  3060  4074 E MetadataRetrieverClient: failed to extract an album art
12-20 06:14:20.816  4283  4849 W MediaProvider: Missing volume for /system/media/audio/ui/KeypressSpacebar.ogg; assuming invalid
12-20 06:14:20.818  4283  4849 W MediaProvider: Missing volume for /system/media/audio/ui/KeypressStandard.ogg; assuming invalid
12-20 06:14:20.820  4283  4849 W MediaProvider: Missing volume for /system/media/audio/ui/Lock.ogg; assuming invalid
12-20 06:14:20.821  4283  4849 W MediaProvider: Missing volume for /system/media/audio/ui/LowBattery.ogg; assuming invalid
12-20 06:14:20.822  4283  4849 W MediaProvider: Missing volume for /system/media/audio/ui/Trusted.ogg; assuming invalid
12-20 06:14:20.824  4283  4849 W MediaProvider: Missing volume for /system/media/audio/ui/Undock.ogg; assuming invalid
12-20 06:14:20.825  4283  4849 W MediaProvider: Missing volume for /system/media/audio/ui/Unlock.ogg; assuming invalid
12-20 06:14:20.827  4283  4849 W MediaProvider: Missing volume for /system/media/audio/ui/VideoRecord.ogg; assuming invalid
12-20 06:14:20.828  4283  4849 W MediaProvider: Missing volume for /system/media/audio/ui/VideoStop.ogg; assuming invalid
12-20 06:14:20.829  4283  4849 W MediaProvider: Missing volume for /system/media/audio/ui/WirelessChargingStarted.ogg; assuming invalid
12-20 06:14:20.830  4283  4849 W MediaProvider: Missing volume for /system/media/audio/ui/camera_click.ogg; assuming invalid
12-20 06:14:20.831  4283  4849 W MediaProvider: Missing volume for /system/media/audio/ui/camera_focus.ogg; assuming invalid
12-20 06:14:21.781  4387  4414 E ELEVEN  : calling refresh!
12-20 06:14:22.241  4765  4978 I GlobalDismissManager: no sender configured
12-20 06:14:22.241  4765  4978 D AlertService: Beginning updateAlertNotification
12-20 06:14:22.245  4765  4978 D AlertService: No fired or scheduled alerts
12-20 06:14:22.248  4765  4978 D AlertService: Scheduling next alarm with AlarmScheduler. sEventReminderReceived: null
12-20 06:14:22.251  4765  4978 D AlarmScheduler: No events found starting within 1 week.
12-20 06:14:23.137  3444  3510 D WifiService: New client listening to asynchronous messages
12-20 06:14:23.138  3444  3665 D WifiService: setWifiEnabled: true pid=4236, uid=1000
12-20 06:14:23.138  3444  3665 E WifiService: Invoking mWifiStateMachine.setWifiEnabled
12-20 06:14:23.139  3444  3509 E WifiMonitor: killSupplicant p2ptrue init.svc.wpa_supplicant=unknown init.svc.p2p_supplicant=unknown
12-20 06:14:23.147  3060  3532 V audio_hw_primary: out_set_parameters: key value pairs: routing=2
12-20 06:14:23.150  3444  3638 I ActivityManager: START u0 {act=com.android.net.wifi.SETUP_WIFI_NETWORK cmp=com.android.settings/.wifi.WifiSetupActivity (has extras)} from uid 1000 on display 0
12-20 06:14:23.157  3060  3532 V audio_hw_primary: start_output_stream: starting stream
12-20 06:14:23.198  3060  3532 V audio_hw_primary: select_devices() devices 0x2 input src 0 output route media-speaker input route none
12-20 06:14:23.239  3055  3433 D SoftapController: Softap fwReload - Ok
12-20 06:14:23.241  3055  3433 D CommandListener: Setting iface cfg
12-20 06:14:23.241  3055  3433 D CommandListener: Trying to bring down wlan0
12-20 06:14:23.241  3055  3433 D CommandListener: Clearing all IP addresses on wlan0
12-20 06:14:23.261  4208  5009 D OpenGLRenderer: Use EGL_SWAP_BEHAVIOR_PRESERVED: true
12-20 06:14:23.288  4208  5009 I OpenGLRenderer: Initialized EGL, version 1.4
12-20 06:14:23.293  4208  5009 D mali_winsys: EGLint new_window_surface(egl_winsys_display*, void*, EGLSurface, EGLConfig, egl_winsys_surface**, egl_color_buffer_format*, EGLBoolean) returns 0x3000,  [1440x2560]-format:1
12-20 06:14:23.306  3060  3532 V audio_hw_primary: adev_set_call_audio_path: ril_set_call_audio_path(2)
12-20 06:14:23.306  3060  3532 E audio_hw_primary: Connect_RILD() failed
12-20 06:14:23.306  3060  3532 V audio_hw_primary: start_output_stream: stream out device: 2, actual: 2
12-20 06:14:23.383  3444  3463 I ActivityManager: Displayed com.android.settings/.wifi.WifiSetupActivity: +216ms
12-20 06:14:23.399  4236  4470 D OpenGLRenderer: endAllStagingAnimators on 0x7f9426f000 (RippleDrawable) with handle 0x7fa8ca2720
12-20 06:14:23.858  3444  3509 D wifi    : set interface wlan0 flags (UP)
12-20 06:14:23.858  3444  3509 I WifiHAL : Initializing wifi
12-20 06:14:23.858  3444  3509 I WifiHAL : Creating socket
12-20 06:14:23.860  3444  3509 I WifiHAL : Initialized Wifi HAL Successfully; vendor cmd = 103
12-20 06:14:23.860  3444  3509 D wifi    : Did set static halHandle = 0x7f8e010bc0
12-20 06:14:23.860  3444  3509 D wifi    : halHandle = 0x7f8e010bc0, mVM = 0x7faa2cd140, mCls = 0x201416
12-20 06:14:23.860  3444  3509 D wifi    : array field set
12-20 06:14:23.860  3444  3509 I WifiNative-HAL: interface[0] = wlan0
12-20 06:14:23.860  3444  3509 I WifiNative-HAL: interface[1] = p2p0
12-20 06:14:23.861  3444  5034 I WifiNative-HAL: Waiting for HAL events mWifiHalHandle=547843279808
12-20 06:14:23.861  3444  5034 D wifi    : waitForHalEvents called, vm = 0x7faa2cd140, obj = 0x201416, env = 0x7f92bb8580
12-20 06:14:23.967  5035  5035 I wpa_supplicant: Successfully initialized wpa_supplicant
12-20 06:14:23.972  3444  3509 D WifiMonitor: startMonitoring(wlan0) with mConnected = false
12-20 06:14:23.990  5035  5035 I wpa_supplicant: rfkill: Cannot open RFKILL control device
12-20 06:14:24.088  5035  5035 I wpa_supplicant: rfkill: Cannot open RFKILL control device
12-20 06:14:24.088  5035  5035 E wpa_supplicant: Could not read interface p2p-dev-wlan0 flags: No such device
12-20 06:14:24.096  3444  3462 W art     : Long monitor contention event with owner method=void java.lang.Object.wait!() from Object.java:4294967294 waiters=0 for 237ms
12-20 06:14:24.098  3444  3509 D WifiConfigStore: Loading config and enabling all networks 
12-20 06:14:24.099  3444  3509 D WifiConfigStore: loaded 0 passpoint configs
12-20 06:14:24.099  3444  3509 E WifiConfigStore: Error parsing configuration: java.io.FileNotFoundException: /data/misc/wifi/ipconfig.txt: open failed: ENOENT (No such file or directory)
12-20 06:14:24.099  3444  3509 E WifiConfigStore: readNetworkHistory: No config file, revert to default, java.io.FileNotFoundException: /data/misc/wifi/networkHistory.txt: open failed: ENOENT (No such file or directory)
12-20 06:14:24.099  3444  3509 E WifiConfigStore: java.io.FileNotFoundException: /data/misc/wifi/networkHistory.txt: open failed: ENOENT (No such file or directory)
12-20 06:14:24.099  3444  3509 E WifiConfigStore: 	at libcore.io.IoBridge.open(IoBridge.java:452)
12-20 06:14:24.099  3444  3509 E WifiConfigStore: 	at java.io.FileInputStream.<init>(FileInputStream.java:76)
12-20 06:14:24.099  3444  3509 E WifiConfigStore: 	at java.io.FileInputStream.<init>(FileInputStream.java:103)
12-20 06:14:24.099  3444  3509 E WifiConfigStore: 	at com.android.server.wifi.WifiConfigStore.readNetworkHistory(WifiConfigStore.java:2457)
12-20 06:14:24.099  3444  3509 E WifiConfigStore: 	at com.android.server.wifi.WifiConfigStore.loadConfiguredNetworks(WifiConfigStore.java:2022)
12-20 06:14:24.099  3444  3509 E WifiConfigStore: 	at com.android.server.wifi.WifiConfigStore.loadAndEnableAllNetworks(WifiConfigStore.java:729)
12-20 06:14:24.099  3444  3509 E WifiConfigStore: 	at com.android.server.wifi.WifiStateMachine$SupplicantStartingState.processMessage(WifiStateMachine.java:6178)
12-20 06:14:24.099  3444  3509 E WifiConfigStore: 	at com.android.internal.util.StateMachine$SmHandler.processMsg(StateMachine.java:968)
12-20 06:14:24.099  3444  3509 E WifiConfigStore: 	at com.android.internal.util.StateMachine$SmHandler.handleMessage(StateMachine.java:791)
12-20 06:14:24.099  3444  3509 E WifiConfigStore: 	at android.os.Handler.dispatchMessage(Handler.java:102)
12-20 06:14:24.099  3444  3509 E WifiConfigStore: 	at android.os.Looper.loop(Looper.java:148)
12-20 06:14:24.099  3444  3509 E WifiConfigStore: 	at android.os.HandlerThread.run(HandlerThread.java:61)
12-20 06:14:24.099  3444  3509 E WifiConfigStore: Caused by: android.system.ErrnoException: open failed: ENOENT (No such file or directory)
12-20 06:14:24.099  3444  3509 E WifiConfigStore: 	at libcore.io.Posix.open(Native Method)
12-20 06:14:24.099  3444  3509 E WifiConfigStore: 	at libcore.io.BlockGuardOs.open(BlockGuardOs.java:186)
12-20 06:14:24.099  3444  3509 E WifiConfigStore: 	at libcore.io.IoBridge.open(IoBridge.java:438)
12-20 06:14:24.099  3444  3509 E WifiConfigStore: 	... 11 more
12-20 06:14:24.099  3444  3509 E WifiConfigStore: readAutoJoinStatus: Error parsing configurationjava.io.FileNotFoundException: /data/misc/wifi/autojoinconfig.txt: open failed: ENOENT (No such file or directory)
12-20 06:14:24.099  3444  3509 E WifiConfigStore: buildPnoList sortedWifiConfigurations size 0
12-20 06:14:24.100  3444  3509 E WifiConfigStore: --- Begin /data/misc/wifi/wpa_supplicant.conf ---
12-20 06:14:24.100  3444  3509 E WifiConfigStore: update_config=1
12-20 06:14:24.100  3444  3509 E WifiConfigStore: eapol_version=1
12-20 06:14:24.100  3444  3509 E WifiConfigStore: ap_scan=1
12-20 06:14:24.100  3444  3509 E WifiConfigStore: fast_reauth=1
12-20 06:14:24.100  3444  3509 E WifiConfigStore: pmf=1
12-20 06:14:24.100  3444  3462 D Tethering: sendTetherStateChangedBroadcast 1, 0, 0
12-20 06:14:24.100  3444  3509 E WifiConfigStore: --- End /data/misc/wifi/wpa_supplicant.conf Contents ---
12-20 06:14:24.100  3444  3509 E WifiConfigStore: --- Begin /data/misc/wifi/wpa_supplicant.conf.tmp ---
12-20 06:14:24.100  3444  3509 E WifiConfigStore: Could not open /data/misc/wifi/wpa_supplicant.conf.tmp, java.io.FileNotFoundException: /data/misc/wifi/wpa_supplicant.conf.tmp: open failed: ENOENT (No such file or directory)
12-20 06:14:24.100  3444  3509 E WifiConfigStore: --- End /data/misc/wifi/wpa_supplicant.conf.tmp Contents ---
12-20 06:14:24.100  3444  3509 E WifiConfigStore: --- Begin /data/misc/wifi/networkHistory.txt ---
12-20 06:14:24.101  3444  3509 E WifiConfigStore: Could not open /data/misc/wifi/networkHistory.txt, java.io.FileNotFoundException: /data/misc/wifi/networkHistory.txt: open failed: ENOENT (No such file or directory)
12-20 06:14:24.101  3444  3509 E WifiConfigStore: --- End /data/misc/wifi/networkHistory.txt Contents ---
12-20 06:14:24.102  3444  3509 D WifiNative-HAL: Setting external_sim to 1
12-20 06:14:24.103  3444  3509 D wifi    : setting dfs flag to true, 0x7f8e514900
12-20 06:14:24.104  3444  3509 D WifiStateMachine: Setting OUI to DA-A1-19
12-20 06:14:24.104  3444  3509 D wifi    : setting scan oui 0x7f8e514900
12-20 06:14:24.104  3444  3509 D WifiHAL : Sending mac address OUI
12-20 06:14:24.111  3444  3509 D WifiConfigStore: Retrieve network priorities after PNO.
12-20 06:14:24.113  3444  3509 D wifi    : android_net_wifi_setLinkLayerStats: 1
12-20 06:14:24.113  3444  3444 D RttService: SCAN_AVAILABLE : 3
12-20 06:14:24.113  3444  3571 D RttService: DefaultState got{ when=0 what=160512 target=com.android.internal.util.StateMachine$SmHandler }
12-20 06:14:24.114  3055  3433 D CommandListener: Setting iface cfg
12-20 06:14:24.114  3055  3433 D CommandListener: Trying to bring up p2p0
12-20 06:14:24.115  3444  3508 D WifiMonitor: startMonitoring(p2p0) with mConnected = true
12-20 06:14:24.119  3444  3509 E native  : do suspend false
12-20 06:14:24.126  3444  3509 D WifiConfigStore: No blacklist allowed without epno enabled
12-20 06:14:24.126  3444  3509 D WifiConfigStore: Retrieve network priorities after PNO.
12-20 06:14:24.137  3444  3509 D WifiConfigStore: Retrieve network priorities after PNO.
12-20 06:14:24.139  3444  3508 D WifiNative-HAL: p2pGetDeviceAddress
12-20 06:14:24.139  3444  3508 D WifiNative-HAL: p2pGetDeviceAddress returning 62:f1:89:8a:1f:e7
12-20 06:14:25.402  3444  3500 I InputReader: Reconfiguring input devices.  changes=0x00000010
12-20 06:14:25.403  3444  3500 I InputReader: Reconfiguring input devices.  changes=0x00000010
12-20 06:14:25.404  3444  3500 I InputReader: Reconfiguring input devices.  changes=0x00000010
12-20 06:14:25.405  3444  3500 I InputReader: Reconfiguring input devices.  changes=0x00000010
12-20 06:14:25.409  3444  3500 I InputReader: Reconfiguring input devices.  changes=0x00000010
12-20 06:14:25.411  3444  3457 W Searchables: No global search activity found
12-20 06:14:25.413  4820  4820 W ContextImpl: Calling a method in the system process without a qualified user: android.app.ContextImpl.startService:1231 android.content.ContextWrapper.startService:587 android.content.ContextWrapper.startService:587 org.cyanogenmod.providers.datausage.DataUsageAppInstallReceiver.onReceive:47 android.app.ActivityThread.handleReceiver:2759 
12-20 06:14:25.414  3444  3500 I InputReader: Reconfiguring input devices.  changes=0x00000010
12-20 06:14:25.416  3444  3457 W Searchables: No global search activity found
12-20 06:14:25.419  3444  3500 I InputReader: Reconfiguring input devices.  changes=0x00000010
12-20 06:14:25.420  3444  3457 W Searchables: No global search activity found
12-20 06:14:25.423  3444  3457 W Searchables: No global search activity found
12-20 06:14:25.425  3444  3457 W Searchables: No global search activity found
12-20 06:14:25.431  4820  4820 W ContextImpl: Calling a method in the system process without a qualified user: android.app.ContextImpl.startService:1231 android.content.ContextWrapper.startService:587 android.content.ContextWrapper.startService:587 org.cyanogenmod.providers.datausage.DataUsageAppInstallReceiver.onReceive:47 android.app.ActivityThread.handleReceiver:2759 
12-20 06:14:25.436  4820  4820 W ContextImpl: Calling a method in the system process without a qualified user: android.app.ContextImpl.startService:1231 android.content.ContextWrapper.startService:587 android.content.ContextWrapper.startService:587 org.cyanogenmod.providers.datausage.DataUsageAppInstallReceiver.onReceive:47 android.app.ActivityThread.handleReceiver:2759 
12-20 06:14:25.444  4820  4820 W ContextImpl: Calling a method in the system process without a qualified user: android.app.ContextImpl.startService:1231 android.content.ContextWrapper.startService:587 android.content.ContextWrapper.startService:587 org.cyanogenmod.providers.datausage.DataUsageAppInstallReceiver.onReceive:47 android.app.ActivityThread.handleReceiver:2759 
12-20 06:14:25.450  4820  4820 W ContextImpl: Calling a method in the system process without a qualified user: android.app.ContextImpl.startService:1231 android.content.ContextWrapper.startService:587 android.content.ContextWrapper.startService:587 org.cyanogenmod.providers.datausage.DataUsageAppInstallReceiver.onReceive:47 android.app.ActivityThread.handleReceiver:2759 
12-20 06:14:25.455  4820  4820 W ContextImpl: Calling a method in the system process without a qualified user: android.app.ContextImpl.startService:1231 android.content.ContextWrapper.startService:587 android.content.ContextWrapper.startService:587 org.cyanogenmod.providers.datausage.DataUsageAppInstallReceiver.onReceive:47 android.app.ActivityThread.handleReceiver:2759 
12-20 06:14:25.462  4820  4820 W ContextImpl: Calling a method in the system process without a qualified user: android.app.ContextImpl.startService:1231 android.content.ContextWrapper.startService:587 android.content.ContextWrapper.startService:587 org.cyanogenmod.providers.datausage.DataUsageAppInstallReceiver.onReceive:47 android.app.ActivityThread.handleReceiver:2759 
12-20 06:14:25.464  3444  3457 W Searchables: No global search activity found
12-20 06:14:25.467  3444  3457 W Searchables: No global search activity found
12-20 06:14:26.450  3060  3532 V audio_hw_primary: do_out_standby: output standby: 0
12-20 06:14:27.038  3060  3532 V audio_hw_primary: out_set_parameters: key value pairs: routing=2
12-20 06:14:27.048  3060  3532 V audio_hw_primary: start_output_stream: starting stream
12-20 06:14:27.086  4208  5009 D mali_winsys: EGLint new_window_surface(egl_winsys_display*, void*, EGLSurface, EGLConfig, egl_winsys_surface**, egl_color_buffer_format*, EGLBoolean) returns 0x3000,  [1624x1441]-format:1
12-20 06:14:27.087  3060  3532 V audio_hw_primary: start_output_stream: stream out device: 2, actual: 2
12-20 06:14:27.117  3060  3532 D AudioFlinger: mixer(0xf2e80000) throttle end: throttle time(10)
12-20 06:14:28.022  4208  4208 D WifiSetupActivity: finishing, resultCode=1
12-20 06:14:28.035  3060  3532 V audio_hw_primary: out_set_parameters: key value pairs: routing=2
12-20 06:14:28.069  3060  3532 D AudioFlinger: mixer(0xf2e80000) throttle end: throttle time(7)
12-20 06:14:28.070  4236  4470 D mali_winsys: EGLint new_window_surface(egl_winsys_display*, void*, EGLSurface, EGLConfig, egl_winsys_surface**, egl_color_buffer_format*, EGLBoolean) returns 0x3000,  [1440x2560]-format:1
12-20 06:14:29.352  3060  3532 V audio_hw_primary: out_set_parameters: key value pairs: routing=2
12-20 06:14:29.389  3060  3532 D AudioFlinger: mixer(0xf2e80000) throttle end: throttle time(4)
12-20 06:14:30.472  3060  3532 V audio_hw_primary: out_set_parameters: key value pairs: routing=2
12-20 06:14:30.509  3060  3532 D AudioFlinger: mixer(0xf2e80000) throttle end: throttle time(4)
12-19 19:14:30.536  3444  4172 D AlarmManagerService: Kernel timezone updated to 660 minutes west of GMT
12-19 19:14:30.538  3444  3458 I ActivityManager: Killing 4308:org.cyanogenmod.weather.provider/u0a28 (adj 15): empty #17
12-19 19:14:30.555  3444  3665 D ActivityManager: cleanUpApplicationRecord -- 4308
12-19 19:14:30.558  4888  4888 V AlarmClock: AlarmInitReceiver android.intent.action.TIMEZONE_CHANGED
12-19 19:14:30.607  4888  4906 V AlarmClock: AlarmInitReceiver finished
12-19 19:14:30.932  3444  3458 I ActivityManager: Waited long enough for: ServiceRecord{981a4d5 u0 com.android.providers.media/.MediaScannerService}
12-19 19:14:31.456  3444  3458 I ActivityManager: Waited long enough for: ServiceRecord{51c19bc u0 com.android.calendar/.alerts.InitAlarmsService}
12-19 19:14:31.562  2946  3505 I vold    : Trimmed 8828870656 bytes on /data in 29654ms
12-19 19:14:31.563  3444  3502 D VoldConnector: RCV <- {662 /data 8828870656 29654695094}
12-19 19:14:31.724  3444  3458 I ActivityManager: Waited long enough for: ServiceRecord{c7dd7a7 u0 com.android.email/.service.LegacyImapSyncAdapterService}
12-19 19:14:32.332  3060  3532 V audio_hw_primary: out_set_parameters: key value pairs: routing=2
12-19 19:14:32.369  3060  3532 D AudioFlinger: mixer(0xf2e80000) throttle end: throttle time(4)
12-19 19:14:33.372  3742  3742 D PhoneStatusBar: disable: < expand* icons* alerts* system_info back home* recent* clock search* quick_settings >
12-19 19:14:33.374  3742  3742 D PhoneStatusBar: heads up is enabled
12-19 19:14:33.385  3060  3532 V audio_hw_primary: out_set_parameters: key value pairs: routing=2
12-19 19:14:33.401  4208  4208 D ConnectivityManager: getMobileDataEnabled()+ subId=-1
12-19 19:14:33.402  4090  4124 D PhoneInterfaceManager: [PhoneIntfMgr] getDataEnabled: subId=-1 phoneId=-1
12-19 19:14:33.402  4090  4124 E PhoneInterfaceManager: [PhoneIntfMgr] getDataEnabled: no phone subId=-1 retVal=false
12-19 19:14:33.402  4208  4208 D ConnectivityManager: getMobileDataEnabled()- subId=-1 retVal=false
12-19 19:14:33.403  4208  4208 E NFC     : could not retrieve NFC service
12-19 19:14:33.408  3444  3737 D CMProfileService: Saving profile data...
12-19 19:14:33.409  3444  3737 D CMProfileService: Save completed.
12-19 19:14:33.409  3444  3737 D CMProfileService: Set active profile to: 0230226d-0d05-494a-a9bd-d222a1117655 - Default
12-19 19:14:33.412  3444  3737 E NFC     : could not retrieve NFC service
12-19 19:14:33.413  3444  3737 E NFC     : could not retrieve NFC service
12-19 19:14:33.413  3444  3737 E NFC     : could not retrieve NFC service
12-19 19:14:33.415  4090  4107 D PhoneInterfaceManager: [PhoneIntfMgr] getDataEnabled: subId=-1 phoneId=-1
12-19 19:14:33.415  4090  4107 E PhoneInterfaceManager: [PhoneIntfMgr] getDataEnabled: no phone subId=-1 retVal=false
12-19 19:14:33.415  3444  3737 D TelephonyManager: getDataEnabled: retVal=false
12-19 19:14:33.415  3444  3737 E NFC     : could not retrieve NFC service
12-19 19:14:33.416  3444  3737 E NFC     : could not retrieve NFC service
12-19 19:14:33.416  3444  3737 E NFC     : could not retrieve NFC service
12-19 19:14:33.416  3444  3737 D CMProfileService: Saving profile data...
12-19 19:14:33.418  3444  3737 D CMProfileService: Save completed.
12-19 19:14:33.436  3444  3736 I ActivityManager: Killing 4643:com.android.cellbroadcastreceiver/u0a6 (adj 15): empty #17
12-19 19:14:33.448  3444  3665 D ActivityManager: cleanUpApplicationRecord -- 4643
12-19 19:14:34.536  4236  5064 E SetupWizardUtils: Unable to disable GMS
12-19 19:14:34.547  3444  4123 I ActivityManager: START u0 {act=android.intent.action.MAIN cat=[android.intent.category.HOME] cmp=com.android.provision/.DefaultActivity} from uid 1000 on display 0
12-19 19:14:34.644  3444  3638 I ActivityManager: Start proc 5077:com.android.provision/u0a58 for activity com.android.provision/.DefaultActivity
12-19 19:14:34.731  5077  5077 W System  : ClassLoader referenced unknown path: /system/app/Provision/lib/arm64
12-19 19:14:34.743  3017  3026 D PermissionCache: checking android.permission.READ_FRAME_BUFFER for uid=1000 => granted (569 us)
12-19 19:14:34.824  3444  4172 I ActivityManager: START u0 {act=android.intent.action.MAIN cat=[android.intent.category.HOME] flg=0x10000000 cmp=com.cyanogenmod.trebuchet/com.android.launcher3.Launcher} from uid 0 on display 0
12-19 19:14:34.864  4867  4867 V Launcher: LauncherAppState inited
12-19 19:14:34.929  4867  4867 D Launcher.Model: Old launcher provider: content://com.android.launcher2.settings/favorites?notify=true
12-19 19:14:34.929  4867  4867 D Launcher.Model: Old launcher provider does not exist.
12-19 19:14:35.019  4867  5093 D LauncherProvider: loading default workspace
12-19 19:14:35.032  4867  5096 D OpenGLRenderer: Use EGL_SWAP_BEHAVIOR_PRESERVED: true
12-19 19:14:35.049  4867  4867 W Launcher: setApplicationContext called twice! old=com.android.launcher3.LauncherApplication@200a4c3 new=com.android.launcher3.LauncherApplication@200a4c3
12-19 19:14:35.082  4867  5096 I OpenGLRenderer: Initialized EGL, version 1.4
12-19 19:14:35.094  4867  5096 D mali_winsys: EGLint new_window_surface(egl_winsys_display*, void*, EGLSurface, EGLConfig, egl_winsys_surface**, egl_color_buffer_format*, EGLBoolean) returns 0x3000,  [1440x2560]-format:1
12-19 19:14:35.137  4867  5093 E AutoInstalls: Unable to add favorite: com.google.android.googlequicksearchbox/com.google.android.googlequicksearchbox.SearchActivity
12-19 19:14:35.137  4867  5093 E AutoInstalls: android.content.pm.PackageManager$NameNotFoundException: ComponentInfo{com.google.android.googlequicksearchbox/com.google.android.googlequicksearchbox.SearchActivity}
12-19 19:14:35.137  4867  5093 E AutoInstalls: 	at android.app.ApplicationPackageManager.getActivityInfo(ApplicationPackageManager.java:343)
12-19 19:14:35.137  4867  5093 E AutoInstalls: 	at com.android.launcher3.AutoInstallsLayout$AppShortcutParser.parseAndAdd(AutoInstallsLayout.java:347)
12-19 19:14:35.137  4867  5093 E AutoInstalls: 	at com.android.launcher3.AutoInstallsLayout$FolderParser.parseAndAdd(AutoInstallsLayout.java:595)
12-19 19:14:35.137  4867  5093 E AutoInstalls: 	at com.android.launcher3.DefaultLayoutParser$MyFolderParser.parseAndAdd(DefaultLayoutParser.java:271)
12-19 19:14:35.137  4867  5093 E AutoInstalls: 	at com.android.launcher3.AutoInstallsLayout.parseAndAddNode(AutoInstallsLayout.java:272)
12-19 19:14:35.137  4867  5093 E AutoInstalls: 	at com.android.launcher3.AutoInstallsLayout.parseLayout(AutoInstallsLayout.java:217)
12-19 19:14:35.137  4867  5093 E AutoInstalls: 	at com.android.launcher3.AutoInstallsLayout.loadLayout(AutoInstallsLayout.java:193)
12-19 19:14:35.137  4867  5093 E AutoInstalls: 	at com.android.launcher3.LauncherProvider$DatabaseHelper.loadFavorites(LauncherProvider.java:1292)
12-19 19:14:35.137  4867  5093 E AutoInstalls: 	at com.android.launcher3.LauncherProvider.loadDefaultFavoritesIfNecessary(LauncherProvider.java:406)
12-19 19:14:35.137  4867  5093 E AutoInstalls: 	at com.android.launcher3.LauncherModel$LoaderTask.loadWorkspace(LauncherModel.java:1967)
12-19 19:14:35.137  4867  5093 E AutoInstalls: 	at com.android.launcher3.LauncherModel$LoaderTask.loadAndBindWorkspace(LauncherModel.java:1558)
12-19 19:14:35.137  4867  5093 E AutoInstalls: 	at com.android.launcher3.LauncherModel$LoaderTask.run(LauncherModel.java:1655)
12-19 19:14:35.137  4867  5093 E AutoInstalls: 	at android.os.Handler.handleCallback(Handler.java:739)
12-19 19:14:35.137  4867  5093 E AutoInstalls: 	at android.os.Handler.dispatchMessage(Handler.java:95)
12-19 19:14:35.137  4867  5093 E AutoInstalls: 	at android.os.Looper.loop(Looper.java:148)
12-19 19:14:35.137  4867  5093 E AutoInstalls: 	at android.os.HandlerThread.run(HandlerThread.java:61)
12-19 19:14:35.142  4867  5093 E AutoInstalls: Unable to add favorite: com.android.chrome/com.google.android.apps.chrome.Main
12-19 19:14:35.142  4867  5093 E AutoInstalls: android.content.pm.PackageManager$NameNotFoundException: ComponentInfo{com.android.chrome/com.google.android.apps.chrome.Main}
12-19 19:14:35.142  4867  5093 E AutoInstalls: 	at android.app.ApplicationPackageManager.getActivityInfo(ApplicationPackageManager.java:343)
12-19 19:14:35.142  4867  5093 E AutoInstalls: 	at com.android.launcher3.AutoInstallsLayout$AppShortcutParser.parseAndAdd(AutoInstallsLayout.java:347)
12-19 19:14:35.142  4867  5093 E AutoInstalls: 	at com.android.launcher3.AutoInstallsLayout$FolderParser.parseAndAdd(AutoInstallsLayout.java:595)
12-19 19:14:35.142  4867  5093 E AutoInstalls: 	at com.android.launcher3.DefaultLayoutParser$MyFolderParser.parseAndAdd(DefaultLayoutParser.java:271)
12-19 19:14:35.142  4867  5093 E AutoInstalls: 	at com.android.launcher3.AutoInstallsLayout.parseAndAddNode(AutoInstallsLayout.java:272)
12-19 19:14:35.142  4867  5093 E AutoInstalls: 	at com.android.launcher3.AutoInstallsLayout.parseLayout(AutoInstallsLayout.java:217)
12-19 19:14:35.142  4867  5093 E AutoInstalls: 	at com.android.launcher3.AutoInstallsLayout.loadLayout(AutoInstallsLayout.java:193)
12-19 19:14:35.142  4867  5093 E AutoInstalls: 	at com.android.launcher3.LauncherProvider$DatabaseHelper.loadFavorites(LauncherProvider.java:1292)
12-19 19:14:35.142  4867  5093 E AutoInstalls: 	at com.android.launcher3.LauncherProvider.loadDefaultFavoritesIfNecessary(LauncherProvider.java:406)
12-19 19:14:35.142  4867  5093 E AutoInstalls: 	at com.android.launcher3.LauncherModel$LoaderTask.loadWorkspace(LauncherModel.java:1967)
12-19 19:14:35.142  4867  5093 E AutoInstalls: 	at com.android.launcher3.LauncherModel$LoaderTask.loadAndBindWorkspace(LauncherModel.java:1558)
12-19 19:14:35.142  4867  5093 E AutoInstalls: 	at com.android.launcher3.LauncherModel$LoaderTask.run(LauncherModel.java:1655)
12-19 19:14:35.142  4867  5093 E AutoInstalls: 	at android.os.Handler.handleCallback(Handler.java:739)
12-19 19:14:35.142  4867  5093 E AutoInstalls: 	at android.os.Handler.dispatchMessage(Handler.java:95)
12-19 19:14:35.142  4867  5093 E AutoInstalls: 	at android.os.Looper.loop(Looper.java:148)
12-19 19:14:35.142  4867  5093 E AutoInstalls: 	at android.os.HandlerThread.run(HandlerThread.java:61)
12-19 19:14:35.148  4867  5093 E AutoInstalls: Unable to add favorite: com.google.android.gm/com.google.android.gm.ConversationListActivityGmail
12-19 19:14:35.148  4867  5093 E AutoInstalls: android.content.pm.PackageManager$NameNotFoundException: ComponentInfo{com.google.android.gm/com.google.android.gm.ConversationListActivityGmail}
12-19 19:14:35.148  4867  5093 E AutoInstalls: 	at android.app.ApplicationPackageManager.getActivityInfo(ApplicationPackageManager.java:343)
12-19 19:14:35.148  4867  5093 E AutoInstalls: 	at com.android.launcher3.AutoInstallsLayout$AppShortcutParser.parseAndAdd(AutoInstallsLayout.java:347)
12-19 19:14:35.148  4867  5093 E AutoInstalls: 	at com.android.launcher3.AutoInstallsLayout$FolderParser.parseAndAdd(AutoInstallsLayout.java:595)
12-19 19:14:35.148  4867  5093 E AutoInstalls: 	at com.android.launcher3.DefaultLayoutParser$MyFolderParser.parseAndAdd(DefaultLayoutParser.java:271)
12-19 19:14:35.148  4867  5093 E AutoInstalls: 	at com.android.launcher3.AutoInstallsLayout.parseAndAddNode(AutoInstallsLayout.java:272)
12-19 19:14:35.148  4867  5093 E AutoInstalls: 	at com.android.launcher3.AutoInstallsLayout.parseLayout(AutoInstallsLayout.java:217)
12-19 19:14:35.148  4867  5093 E AutoInstalls: 	at com.android.launcher3.AutoInstallsLayout.loadLayout(AutoInstallsLayout.java:193)
12-19 19:14:35.148  4867  5093 E AutoInstalls: 	at com.android.launcher3.LauncherProvider$DatabaseHelper.loadFavorites(LauncherProvider.java:1292)
12-19 19:14:35.148  4867  5093 E AutoInstalls: 	at com.android.launcher3.LauncherProvider.loadDefaultFavoritesIfNecessary(LauncherProvider.java:406)
12-19 19:14:35.148  4867  5093 E AutoInstalls: 	at com.android.launcher3.LauncherModel$LoaderTask.loadWorkspace(LauncherModel.java:1967)
12-19 19:14:35.148  4867  5093 E AutoInstalls: 	at com.android.launcher3.LauncherModel$LoaderTask.loadAndBindWorkspace(LauncherModel.java:1558)
12-19 19:14:35.148  4867  5093 E AutoInstalls: 	at com.android.launcher3.LauncherModel$LoaderTask.run(LauncherModel.java:1655)
12-19 19:14:35.148  4867  5093 E AutoInstalls: 	at android.os.Handler.handleCallback(Handler.java:739)
12-19 19:14:35.148  4867  5093 E AutoInstalls: 	at android.os.Handler.dispatchMessage(Handler.java:95)
12-19 19:14:35.148  4867  5093 E AutoInstalls: 	at android.os.Looper.loop(Looper.java:148)
12-19 19:14:35.148  4867  5093 E AutoInstalls: 	at android.os.HandlerThread.run(HandlerThread.java:61)
12-19 19:14:35.158  4867  5093 E AutoInstalls: Unable to add favorite: com.google.android.apps.maps/com.google.android.maps.MapsActivity
12-19 19:14:35.158  4867  5093 E AutoInstalls: android.content.pm.PackageManager$NameNotFoundException: ComponentInfo{com.google.android.apps.maps/com.google.android.maps.MapsActivity}
12-19 19:14:35.158  4867  5093 E AutoInstalls: 	at android.app.ApplicationPackageManager.getActivityInfo(ApplicationPackageManager.java:343)
12-19 19:14:35.158  4867  5093 E AutoInstalls: 	at com.android.launcher3.AutoInstallsLayout$AppShortcutParser.parseAndAdd(AutoInstallsLayout.java:347)
12-19 19:14:35.158  4867  5093 E AutoInstalls: 	at com.android.launcher3.AutoInstallsLayout$FolderParser.parseAndAdd(AutoInstallsLayout.java:595)
12-19 19:14:35.158  4867  5093 E AutoInstalls: 	at com.android.launcher3.DefaultLayoutParser$MyFolderParser.parseAndAdd(DefaultLayoutParser.java:271)
12-19 19:14:35.158  4867  5093 E AutoInstalls: 	at com.android.launcher3.AutoInstallsLayout.parseAndAddNode(AutoInstallsLayout.java:272)
12-19 19:14:35.158  4867  5093 E AutoInstalls: 	at com.android.launcher3.AutoInstallsLayout.parseLayout(AutoInstallsLayout.java:217)
12-19 19:14:35.158  4867  5093 E AutoInstalls: 	at com.android.launcher3.AutoInstallsLayout.loadLayout(AutoInstallsLayout.java:193)
12-19 19:14:35.158  4867  5093 E AutoInstalls: 	at com.android.launcher3.LauncherProvider$DatabaseHelper.loadFavorites(LauncherProvider.java:1292)
12-19 19:14:35.158  4867  5093 E AutoInstalls: 	at com.android.launcher3.LauncherProvider.loadDefaultFavoritesIfNecessary(LauncherProvider.java:406)
12-19 19:14:35.158  4867  5093 E AutoInstalls: 	at com.android.launcher3.LauncherModel$LoaderTask.loadWorkspace(LauncherModel.java:1967)
12-19 19:14:35.158  4867  5093 E AutoInstalls: 	at com.android.launcher3.LauncherModel$LoaderTask.loadAndBindWorkspace(LauncherModel.java:1558)
12-19 19:14:35.158  4867  5093 E AutoInstalls: 	at com.android.launcher3.LauncherModel$LoaderTask.run(LauncherModel.java:1655)
12-19 19:14:35.158  4867  5093 E AutoInstalls: 	at android.os.Handler.handleCallback(Handler.java:739)
12-19 19:14:35.158  4867  5093 E AutoInstalls: 	at android.os.Handler.dispatchMessage(Handler.java:95)
12-19 19:14:35.158  4867  5093 E AutoInstalls: 	at android.os.Looper.loop(Looper.java:148)
12-19 19:14:35.158  4867  5093 E AutoInstalls: 	at android.os.HandlerThread.run(HandlerThread.java:61)
12-19 19:14:35.162  4867  5093 E AutoInstalls: Unable to add favorite: com.google.android.youtube/com.google.android.youtube.app.honeycomb.Shell$HomeActivity
12-19 19:14:35.162  4867  5093 E AutoInstalls: android.content.pm.PackageManager$NameNotFoundException: ComponentInfo{com.google.android.youtube/com.google.android.youtube.app.honeycomb.Shell$HomeActivity}
12-19 19:14:35.162  4867  5093 E AutoInstalls: 	at android.app.ApplicationPackageManager.getActivityInfo(ApplicationPackageManager.java:343)
12-19 19:14:35.162  4867  5093 E AutoInstalls: 	at com.android.launcher3.AutoInstallsLayout$AppShortcutParser.parseAndAdd(AutoInstallsLayout.java:347)
12-19 19:14:35.162  4867  5093 E AutoInstalls: 	at com.android.launcher3.AutoInstallsLayout$FolderParser.parseAndAdd(AutoInstallsLayout.java:595)
12-19 19:14:35.162  4867  5093 E AutoInstalls: 	at com.android.launcher3.DefaultLayoutParser$MyFolderParser.parseAndAdd(DefaultLayoutParser.java:271)
12-19 19:14:35.162  4867  5093 E AutoInstalls: 	at com.android.launcher3.AutoInstallsLayout.parseAndAddNode(AutoInstallsLayout.java:272)
12-19 19:14:35.162  4867  5093 E AutoInstalls: 	at com.android.launcher3.AutoInstallsLayout.parseLayout(AutoInstallsLayout.java:217)
12-19 19:14:35.162  4867  5093 E AutoInstalls: 	at com.android.launcher3.AutoInstallsLayout.loadLayout(AutoInstallsLayout.java:193)
12-19 19:14:35.162  4867  5093 E AutoInstalls: 	at com.android.launcher3.LauncherProvider$DatabaseHelper.loadFavorites(LauncherProvider.java:1292)
12-19 19:14:35.162  4867  5093 E AutoInstalls: 	at com.android.launcher3.LauncherProvider.loadDefaultFavoritesIfNecessary(LauncherProvider.java:406)
