12-20 01:25:07.732  3061  3864 D FFmpegExtractor: suppoted codec(aac) by official Stagefright
12-20 01:25:07.732  3061  3864 D FFmpegExtractor: ffmpeg detected media content as 'video/mp4' with confidence 0.08
12-20 01:25:08.187  3588  4111 W ExifInterface: Skip the tag entry since tag number is not defined: 2
12-20 01:25:08.188  3061  3518 V audio_hw_primary: out_set_parameters: key value pairs: routing=2
12-20 01:25:08.191  3588  4111 W ExifInterface: Skip the tag entry since tag number is not defined: 2
12-20 01:25:08.193  3588  4111 W ExifInterface: Skip the tag entry since tag number is not defined: 2
12-20 01:25:08.196  3588  4111 W ExifInterface: Skip the tag entry since tag number is not defined: 2
12-20 01:25:08.198  3061  3518 V audio_hw_primary: start_output_stream: starting stream
12-20 01:25:08.199  3588  4111 W ExifInterface: Skip the tag entry since tag number is not defined: 2
12-20 01:25:08.203  3588  4111 W ExifInterface: Skip the tag entry since tag number is not defined: 2
12-20 01:25:08.207  3588  4111 W ExifInterface: Skip the tag entry since tag number is not defined: 2
12-20 01:25:08.210  3588  4111 W ExifInterface: Skip the tag entry since tag number is not defined: 2
12-20 01:25:08.213  3588  4111 W ExifInterface: Skip the tag entry since tag number is not defined: 2
12-20 01:25:08.217  3588  4111 W ExifInterface: Skip the tag entry since tag number is not defined: 2
12-20 01:25:08.236  3061  3518 V audio_hw_primary: start_output_stream: stream out device: 2, actual: 2
12-20 01:25:08.248  3588  4111 W ExifInterface: Skip the tag entry since tag number is not defined: 2
12-20 01:25:08.251  3588  4111 W ExifInterface: Skip the tag entry since tag number is not defined: 2
12-20 01:25:08.254  3588  4111 W ExifInterface: Skip the tag entry since tag number is not defined: 2
12-20 01:25:08.258  3588  4111 W ExifInterface: Skip the tag entry since tag number is not defined: 2
12-20 01:25:08.261  3588  4111 W ExifInterface: Skip the tag entry since tag number is not defined: 2
12-20 01:25:08.265  3588  4111 W ExifInterface: Skip the tag entry since tag number is not defined: 2
12-20 01:25:08.270  3588  4111 W ExifInterface: Skip the tag entry since tag number is not defined: 2
12-20 01:25:08.274  3588  4111 W ExifInterface: Skip the tag entry since tag number is not defined: 2
12-20 01:25:08.283  3588  4111 W ExifInterface: Skip the tag entry since tag number is not defined: 2
12-20 01:25:08.287  3588  4111 W ExifInterface: Skip the tag entry since tag number is not defined: 2
12-20 01:25:08.291  3588  4111 W ExifInterface: Skip the tag entry since tag number is not defined: 2
12-20 01:25:08.295  3588  4111 W ExifInterface: Skip the tag entry since tag number is not defined: 2
12-20 01:25:08.299  3588  4111 W ExifInterface: Skip the tag entry since tag number is not defined: 2
12-20 01:25:08.304  3588  4111 W ExifInterface: Skip the tag entry since tag number is not defined: 2
12-20 01:25:08.307  3588  4111 W ExifInterface: Skip the tag entry since tag number is not defined: 2
12-20 01:25:08.311  3588  4111 W ExifInterface: Skip the tag entry since tag number is not defined: 2
12-20 01:25:08.315  3588  4111 W ExifInterface: Skip the tag entry since tag number is not defined: 2
12-20 01:25:08.319  3588  4111 W ExifInterface: Skip the tag entry since tag number is not defined: 2
12-20 01:25:08.323  3588  4111 W ExifInterface: Skip the tag entry since tag number is not defined: 2
12-20 01:25:08.327  3588  4111 W ExifInterface: Skip the tag entry since tag number is not defined: 2
12-20 01:25:08.331  3588  4111 W ExifInterface: Skip the tag entry since tag number is not defined: 2
12-20 01:25:08.336  3588  4111 W ExifInterface: Skip the tag entry since tag number is not defined: 2
12-20 01:25:08.340  3588  4111 W ExifInterface: Skip the tag entry since tag number is not defined: 2
12-20 01:25:08.343  3588  4111 W ExifInterface: Skip the tag entry since tag number is not defined: 2
12-20 01:25:08.347  3588  4111 W ExifInterface: Skip the tag entry since tag number is not defined: 2
12-20 01:25:08.371  3061  3864 I FFmpegExtractor: android-source:0xf66620c0
12-20 01:25:08.391  3061  3864 D FFmpegExtractor: suppoted codec(h264) by official Stagefright
12-20 01:25:08.391  3061  3864 D FFmpegExtractor: suppoted codec(aac) by official Stagefright
12-20 01:25:08.391  3061  3864 D FFmpegExtractor: ffmpeg detected media content as 'video/mp4' with confidence 0.08
12-20 01:25:08.422  3061  3522 I FFmpegExtractor: android-source:0xf286a140
12-20 01:25:08.435  3061  3522 D FFmpegExtractor: suppoted codec(h264) by official Stagefright
12-20 01:25:08.435  3061  3522 D FFmpegExtractor: suppoted codec(aac) by official Stagefright
12-20 01:25:08.435  3061  3522 D FFmpegExtractor: ffmpeg detected media content as 'video/mp4' with confidence 0.08
12-20 01:25:08.449  3588  4111 W ExifInterface: Skip the tag entry since tag number is not defined: 2
12-20 01:25:08.482  3588  4111 W ExifInterface: Skip the tag entry since tag number is not defined: 2
12-20 01:25:08.491  3588  4111 W ExifInterface: Skip the tag entry since tag number is not defined: 2
12-20 01:25:08.495  3588  4111 W ExifInterface: Skip the tag entry since tag number is not defined: 2
12-20 01:25:08.508  3588  4111 W ExifInterface: Skip the tag entry since tag number is not defined: 2
12-20 01:25:08.515  3588  4111 W ExifInterface: Skip the tag entry since tag number is not defined: 2
12-20 01:25:08.522  3588  4111 W ExifInterface: Skip the tag entry since tag number is not defined: 2
12-20 01:25:08.528  3588  4111 W ExifInterface: Skip the tag entry since tag number is not defined: 2
12-20 01:25:08.536  3588  4111 W ExifInterface: Skip the tag entry since tag number is not defined: 2
12-20 01:25:08.543  3588  4111 W ExifInterface: Skip the tag entry since tag number is not defined: 2
12-20 01:25:08.550  3588  4111 W ExifInterface: Skip the tag entry since tag number is not defined: 2
12-20 01:25:08.556  3588  4111 W ExifInterface: Skip the tag entry since tag number is not defined: 2
12-20 01:25:08.562  3588  4111 W ExifInterface: Skip the tag entry since tag number is not defined: 2
12-20 01:25:08.570  3588  4111 W ExifInterface: Skip the tag entry since tag number is not defined: 2
12-20 01:25:08.576  3588  4111 W ExifInterface: Skip the tag entry since tag number is not defined: 2
12-20 01:25:08.601  3061  3864 I FFmpegExtractor: android-source:0xf66620c0
12-20 01:25:08.612  3061  3864 D FFmpegExtractor: suppoted codec(h264) by official Stagefright
12-20 01:25:08.612  3061  3864 D FFmpegExtractor: suppoted codec(aac) by official Stagefright
12-20 01:25:08.612  3061  3864 D FFmpegExtractor: ffmpeg detected media content as 'video/mp4' with confidence 0.08
12-20 01:25:08.635  3588  4111 W ExifInterface: Skip the tag entry since tag number is not defined: 2
12-20 01:25:08.644  3588  4111 W ExifInterface: Skip the tag entry since tag number is not defined: 2
12-20 01:25:08.653  3588  4111 W ExifInterface: Skip the tag entry since tag number is not defined: 2
12-20 01:25:08.661  3588  4111 W ExifInterface: Skip the tag entry since tag number is not defined: 2
12-20 01:25:08.669  3588  4111 W ExifInterface: Skip the tag entry since tag number is not defined: 2
12-20 01:25:08.681  3588  4111 W ExifInterface: Skip the tag entry since tag number is not defined: 2
12-20 01:25:08.689  3588  4111 W ExifInterface: Skip the tag entry since tag number is not defined: 2
12-20 01:25:08.696  3588  4111 W ExifInterface: Skip the tag entry since tag number is not defined: 2
12-20 01:25:08.705  3588  4111 W ExifInterface: Skip the tag entry since tag number is not defined: 2
12-20 01:25:08.713  3588  4111 W ExifInterface: Skip the tag entry since tag number is not defined: 2
12-20 01:25:08.721  3588  4111 W ExifInterface: Skip the tag entry since tag number is not defined: 2
12-20 01:25:08.728  3588  4111 W ExifInterface: Skip the tag entry since tag number is not defined: 2
12-20 01:25:08.754  3588  4111 W ExifInterface: Skip the tag entry since tag number is not defined: 2
12-20 01:25:08.780  3588  4111 W ExifInterface: Skip the tag entry since tag number is not defined: 2
12-20 01:25:08.795  3588  4111 W ExifInterface: Skip the tag entry since tag number is not defined: 2
12-20 01:25:08.813  3588  4111 W ExifInterface: Skip the tag entry since tag number is not defined: 2
12-20 01:25:08.827  3588  4111 W ExifInterface: Skip the tag entry since tag number is not defined: 2
12-20 01:25:08.841  3588  4111 W ExifInterface: Skip the tag entry since tag number is not defined: 2
12-20 01:25:08.850  3588  4111 W ExifInterface: Skip the tag entry since tag number is not defined: 2
12-20 01:25:08.860  3588  4111 W ExifInterface: Skip the tag entry since tag number is not defined: 2
12-20 01:25:08.875  3588  4111 W ExifInterface: Skip the tag entry since tag number is not defined: 2
12-20 01:25:08.888  3588  4111 W ExifInterface: Skip the tag entry since tag number is not defined: 2
12-20 01:25:08.901  3588  4111 W ExifInterface: Skip the tag entry since tag number is not defined: 2
12-20 01:25:08.910  3588  4111 W ExifInterface: Skip the tag entry since tag number is not defined: 2
12-20 01:25:08.922  3588  4111 W ExifInterface: Skip the tag entry since tag number is not defined: 2
12-20 01:25:08.932  3588  4111 W ExifInterface: Skip the tag entry since tag number is not defined: 2
12-20 01:25:08.947  3588  4111 W ExifInterface: Skip the tag entry since tag number is not defined: 2
12-20 01:25:08.957  3588  4111 W ExifInterface: Skip the tag entry since tag number is not defined: 2
12-20 01:25:08.963  3588  4111 W ExifInterface: Skip the tag entry since tag number is not defined: 2
12-20 01:25:08.970  3588  4111 W ExifInterface: Skip the tag entry since tag number is not defined: 2
12-20 01:25:08.976  3588  4111 W ExifInterface: Skip the tag entry since tag number is not defined: 2
12-20 01:25:08.984  3588  4111 W ExifInterface: Skip the tag entry since tag number is not defined: 2
12-20 01:25:08.994  3588  4111 W ExifInterface: Skip the tag entry since tag number is not defined: 2
12-20 01:25:09.005  3588  4111 W ExifInterface: Skip the tag entry since tag number is not defined: 2
12-20 01:25:09.016  3588  4111 W ExifInterface: Skip the tag entry since tag number is not defined: 2
12-20 01:25:09.035  3588  4111 W ExifInterface: Skip the tag entry since tag number is not defined: 2
12-20 01:25:09.054  3588  4111 W ExifInterface: Skip the tag entry since tag number is not defined: 2
12-20 01:25:09.071  3588  4111 W ExifInterface: Skip the tag entry since tag number is not defined: 2
12-20 01:25:09.091  3588  4111 W ExifInterface: Skip the tag entry since tag number is not defined: 2
12-20 01:25:09.114  3588  4111 W ExifInterface: Skip the tag entry since tag number is not defined: 2
12-20 01:25:09.133  3588  4111 W ExifInterface: Skip the tag entry since tag number is not defined: 2
12-20 01:25:09.195  3061  3522 I FFmpegExtractor: android-source:0xf286a140
12-20 01:25:09.218  3061  3522 D FFmpegExtractor: suppoted codec(h264) by official Stagefright
12-20 01:25:09.218  3061  3522 D FFmpegExtractor: suppoted codec(aac) by official Stagefright
12-20 01:25:09.219  3061  3522 D FFmpegExtractor: ffmpeg detected media content as 'video/mp4' with confidence 0.08
12-20 01:25:09.239  3588  4111 W ExifInterface: Skip the tag entry since tag number is not defined: 2
12-20 01:25:09.297  3588  4111 W ExifInterface: Skip the tag entry since tag number is not defined: 2
12-20 01:25:09.303  3588  4111 W ExifInterface: Skip the tag entry since tag number is not defined: 2
12-20 01:25:09.308  3588  4111 W ExifInterface: Skip the tag entry since tag number is not defined: 2
12-20 01:25:09.315  3588  4111 W ExifInterface: Skip the tag entry since tag number is not defined: 2
12-20 01:25:09.322  3588  4111 W ExifInterface: Skip the tag entry since tag number is not defined: 2
12-20 01:25:09.328  3588  4111 W ExifInterface: Skip the tag entry since tag number is not defined: 2
12-20 01:25:09.334  3588  4111 W ExifInterface: Skip the tag entry since tag number is not defined: 2
12-20 01:25:09.341  3588  4111 W ExifInterface: Skip the tag entry since tag number is not defined: 2
12-20 01:25:09.348  3588  4111 W ExifInterface: Skip the tag entry since tag number is not defined: 2
12-20 01:25:09.348  3061  3518 V audio_hw_primary: out_set_parameters: key value pairs: routing=2
12-20 01:25:09.355  3588  4111 W ExifInterface: Skip the tag entry since tag number is not defined: 2
12-20 01:25:09.360  3588  4111 W ExifInterface: Skip the tag entry since tag number is not defined: 2
12-20 01:25:09.369  3588  4111 W ExifInterface: Skip the tag entry since tag number is not defined: 2
12-20 01:25:09.377  3588  4111 W ExifInterface: Skip the tag entry since tag number is not defined: 2
12-20 01:25:09.384  3588  4111 W ExifInterface: Skip the tag entry since tag number is not defined: 2
12-20 01:25:09.399  3061  3518 D AudioFlinger: mixer(0xf2f00000) throttle end: throttle time(11)
12-20 01:25:09.405  3061  3522 I FFmpegExtractor: android-source:0xf286a140
12-20 01:25:09.416  3061  3522 D FFmpegExtractor: suppoted codec(h264) by official Stagefright
12-20 01:25:09.416  3061  3522 D FFmpegExtractor: suppoted codec(aac) by official Stagefright
12-20 01:25:09.416  3061  3522 D FFmpegExtractor: ffmpeg detected media content as 'video/mp4' with confidence 0.08
12-20 01:25:09.433  3588  4111 W ExifInterface: Skip the tag entry since tag number is not defined: 2
12-20 01:25:09.440  3588  4111 W ExifInterface: Skip the tag entry since tag number is not defined: 2
12-20 01:25:09.447  3588  4111 W ExifInterface: Skip the tag entry since tag number is not defined: 2
12-20 01:25:09.455  3588  4111 W ExifInterface: Skip the tag entry since tag number is not defined: 2
12-20 01:25:09.461  3588  4111 W ExifInterface: Skip the tag entry since tag number is not defined: 2
12-20 01:25:09.469  3588  4111 W ExifInterface: Skip the tag entry since tag number is not defined: 2
12-20 01:25:09.475  3588  4111 W ExifInterface: Skip the tag entry since tag number is not defined: 2
12-20 01:25:09.483  3588  4111 W ExifInterface: Skip the tag entry since tag number is not defined: 2
12-20 01:25:09.489  3588  4111 W ExifInterface: Skip the tag entry since tag number is not defined: 2
12-20 01:25:09.493  3588  4111 W ExifInterface: Skip the tag entry since tag number is not defined: 2
12-20 01:25:09.497  3588  4111 W ExifInterface: Skip the tag entry since tag number is not defined: 2
12-20 01:25:09.517  3061  3951 I FFmpegExtractor: android-source:0xf286a5f0
12-20 01:25:09.525  3061  3951 D FFmpegExtractor: suppoted codec(h264) by official Stagefright
12-20 01:25:09.525  3061  3951 D FFmpegExtractor: suppoted codec(aac) by official Stagefright
12-20 01:25:09.525  3061  3951 D FFmpegExtractor: ffmpeg detected media content as 'video/mp4' with confidence 0.08
12-20 01:25:09.536  3588  4111 W ExifInterface: Skip the tag entry since tag number is not defined: 2
12-20 01:25:09.540  3588  4111 W ExifInterface: Skip the tag entry since tag number is not defined: 2
12-20 01:25:09.542  3588  4111 W ExifInterface: Skip the tag entry since tag number is not defined: 2
12-20 01:25:09.562  3061  3522 I FFmpegExtractor: android-source:0xf286a140
12-20 01:25:09.585  3061  3522 D FFmpegExtractor: suppoted codec(h264) by official Stagefright
12-20 01:25:09.585  3061  3522 D FFmpegExtractor: suppoted codec(aac) by official Stagefright
12-20 01:25:09.585  3061  3522 D FFmpegExtractor: ffmpeg detected media content as 'video/mp4' with confidence 0.08
12-20 01:25:09.603  3588  4111 W ExifInterface: Skip the tag entry since tag number is not defined: 2
12-20 01:25:09.610  3588  4111 W ExifInterface: Skip the tag entry since tag number is not defined: 2
12-20 01:25:09.621  3588  4111 W ExifInterface: Skip the tag entry since tag number is not defined: 2
12-20 01:25:09.642  3061  3951 I FFmpegExtractor: android-source:0xf286a5f0
12-20 01:25:09.655  3061  3951 D FFmpegExtractor: suppoted codec(h264) by official Stagefright
12-20 01:25:09.655  3061  3951 D FFmpegExtractor: suppoted codec(aac) by official Stagefright
12-20 01:25:09.655  3061  3951 D FFmpegExtractor: ffmpeg detected media content as 'video/mp4' with confidence 0.08
12-20 01:25:09.679  3588  4111 W ExifInterface: Skip the tag entry since tag number is not defined: 2
12-20 01:25:09.707  3061  3522 I FFmpegExtractor: android-source:0xf286a140
12-20 01:25:09.722  3061  3522 D FFmpegExtractor: suppoted codec(h264) by official Stagefright
12-20 01:25:09.722  3061  3522 D FFmpegExtractor: suppoted codec(aac) by official Stagefright
12-20 01:25:09.722  3061  3522 D FFmpegExtractor: ffmpeg detected media content as 'video/mp4' with confidence 0.08
12-20 01:25:09.753  3061  3951 I FFmpegExtractor: android-source:0xf286a5f0
12-20 01:25:09.769  3061  3951 D FFmpegExtractor: suppoted codec(h264) by official Stagefright
12-20 01:25:09.769  3061  3951 D FFmpegExtractor: suppoted codec(aac) by official Stagefright
12-20 01:25:09.769  3061  3951 D FFmpegExtractor: ffmpeg detected media content as 'video/mp4' with confidence 0.08
12-20 01:25:09.792  4340  4685 D InitAlarmsService: Clearing and rescheduling alarms.
12-20 01:25:09.792  3588  4111 W ExifInterface: Skip the tag entry since tag number is not defined: 2
12-20 01:25:09.802  3588  4111 W ExifInterface: Skip the tag entry since tag number is not defined: 2
12-20 01:25:09.810  3390  4010 I ActivityManager: Killing 3997:com.android.printspooler/u0a56 (adj 15): empty #17
12-20 01:25:09.816  3588  4111 W ExifInterface: Skip the tag entry since tag number is not defined: 2
12-20 01:25:09.833  3390  3600 D ActivityManager: cleanUpApplicationRecord -- 3997
12-20 01:25:09.841  3061  3522 I FFmpegExtractor: android-source:0xf286a140
12-20 01:25:09.891  3061  3522 D FFmpegExtractor: suppoted codec(h264) by official Stagefright
12-20 01:25:09.891  3061  3522 D FFmpegExtractor: suppoted codec(aac) by official Stagefright
12-20 01:25:09.892  3061  3522 D FFmpegExtractor: ffmpeg detected media content as 'video/mp4' with confidence 0.08
12-20 01:25:09.923  3061  3951 I FFmpegExtractor: android-source:0xf286a5f0
12-20 01:25:09.932  3061  3951 D FFmpegExtractor: suppoted codec(h264) by official Stagefright
12-20 01:25:09.932  3061  3951 D FFmpegExtractor: suppoted codec(aac) by official Stagefright
12-20 01:25:09.932  3061  3951 D FFmpegExtractor: ffmpeg detected media content as 'video/mp4' with confidence 0.08
12-20 01:25:09.963  3588  4111 W ExifInterface: Skip the tag entry since tag number is not defined: 2
12-20 01:25:09.970  3588  4111 W ExifInterface: Skip the tag entry since tag number is not defined: 2
12-20 01:25:09.975  3588  4111 W ExifInterface: Skip the tag entry since tag number is not defined: 2
12-20 01:25:09.981  3588  4111 W ExifInterface: Skip the tag entry since tag number is not defined: 2
12-20 01:25:09.987  3588  4111 W ExifInterface: Skip the tag entry since tag number is not defined: 2
12-20 01:25:09.993  3588  4111 W ExifInterface: Skip the tag entry since tag number is not defined: 2
12-20 01:25:10.001  3588  4111 W ExifInterface: Skip the tag entry since tag number is not defined: 2
12-20 01:25:10.015  3588  4111 W ExifInterface: Skip the tag entry since tag number is not defined: 2
12-20 01:25:10.019  3588  4111 W ExifInterface: Skip the tag entry since tag number is not defined: 2
12-20 01:25:10.022  3588  4111 W ExifInterface: Skip the tag entry since tag number is not defined: 2
12-20 01:25:10.026  3588  4111 W ExifInterface: Skip the tag entry since tag number is not defined: 2
12-20 01:25:10.031  3588  4111 W ExifInterface: Skip the tag entry since tag number is not defined: 2
12-20 01:25:10.036  3588  4111 W ExifInterface: Skip the tag entry since tag number is not defined: 2
12-20 01:25:10.041  3588  4111 W ExifInterface: Skip the tag entry since tag number is not defined: 2
12-20 01:25:10.046  3588  4111 W ExifInterface: Skip the tag entry since tag number is not defined: 2
12-20 01:25:10.052  3588  4111 W ExifInterface: Skip the tag entry since tag number is not defined: 2
12-20 01:25:10.071  3588  4111 W ExifInterface: Skip the tag entry since tag number is not defined: 2
12-20 01:25:10.076  3588  4111 W ExifInterface: Skip the tag entry since tag number is not defined: 2
12-20 01:25:10.082  3588  4111 W ExifInterface: Skip the tag entry since tag number is not defined: 2
12-20 01:25:10.109  3061  3522 I FFmpegExtractor: android-source:0xf286a140
12-20 01:25:10.127  3061  3522 D FFmpegExtractor: suppoted codec(h264) by official Stagefright
12-20 01:25:10.127  3061  3522 D FFmpegExtractor: suppoted codec(aac) by official Stagefright
12-20 01:25:10.127  3061  3522 D FFmpegExtractor: ffmpeg detected media content as 'video/mp4' with confidence 0.08
12-20 01:25:10.144  3588  4111 W ExifInterface: Skip the tag entry since tag number is not defined: 2
12-20 01:25:10.154  3588  4111 W ExifInterface: Skip the tag entry since tag number is not defined: 2
12-20 01:25:10.184  3061  3951 I FFmpegExtractor: android-source:0xf286a5f0
12-20 01:25:10.196  3061  3951 D FFmpegExtractor: suppoted codec(h264) by official Stagefright
12-20 01:25:10.196  3061  3951 D FFmpegExtractor: suppoted codec(aac) by official Stagefright
12-20 01:25:10.196  3061  3951 D FFmpegExtractor: ffmpeg detected media content as 'video/mp4' with confidence 0.08
12-20 01:25:10.214  3588  4111 W ExifInterface: Skip the tag entry since tag number is not defined: 2
12-20 01:25:10.223  3588  4111 W ExifInterface: Skip the tag entry since tag number is not defined: 2
12-20 01:25:10.231  3588  4111 W ExifInterface: Skip the tag entry since tag number is not defined: 2
12-20 01:25:10.240  3588  4111 W ExifInterface: Skip the tag entry since tag number is not defined: 2
12-20 01:25:10.249  3588  4111 W ExifInterface: Skip the tag entry since tag number is not defined: 2
12-20 01:25:10.259  3588  4111 W ExifInterface: Skip the tag entry since tag number is not defined: 2
12-20 01:25:10.268  3588  4111 W ExifInterface: Skip the tag entry since tag number is not defined: 2
12-20 01:25:10.278  3588  4111 W ExifInterface: Skip the tag entry since tag number is not defined: 2
12-20 01:25:10.284  3588  4111 W ExifInterface: Skip the tag entry since tag number is not defined: 2
12-20 01:25:10.289  3588  4111 W ExifInterface: Skip the tag entry since tag number is not defined: 2
12-20 01:25:10.295  3588  4111 W ExifInterface: Skip the tag entry since tag number is not defined: 2
12-20 01:25:10.305  3588  4111 W ExifInterface: Skip the tag entry since tag number is not defined: 2
12-20 01:25:10.310  3588  4111 W ExifInterface: Skip the tag entry since tag number is not defined: 2
12-20 01:25:10.316  3588  4111 W ExifInterface: Skip the tag entry since tag number is not defined: 2
12-20 01:25:10.322  3588  4111 W ExifInterface: Skip the tag entry since tag number is not defined: 2
12-20 01:25:10.328  3588  4111 W ExifInterface: Skip the tag entry since tag number is not defined: 2
12-20 01:25:10.334  3588  4111 W ExifInterface: Skip the tag entry since tag number is not defined: 2
12-20 01:25:10.341  3588  4111 W ExifInterface: Skip the tag entry since tag number is not defined: 2
12-20 01:25:10.347  3588  4111 W ExifInterface: Skip the tag entry since tag number is not defined: 2
12-20 01:25:10.352  3575  3575 D PhoneStatusBar: disable: < expand* icons* alerts* system_info back home* recent* clock search* quick_settings >
12-20 01:25:10.354  3588  4111 W ExifInterface: Skip the tag entry since tag number is not defined: 2
12-20 01:25:10.354  3575  3575 D PhoneStatusBar: heads up is enabled
12-20 01:25:10.368  3061  3518 V audio_hw_primary: out_set_parameters: key value pairs: routing=2
12-20 01:25:10.378  3061  3951 I FFmpegExtractor: android-source:0xf286a5f0
12-20 01:25:10.388  3061  3951 D FFmpegExtractor: suppoted codec(h264) by official Stagefright
12-20 01:25:10.388  3061  3951 D FFmpegExtractor: suppoted codec(aac) by official Stagefright
12-20 01:25:10.388  3061  3951 D FFmpegExtractor: ffmpeg detected media content as 'video/mp4' with confidence 0.08
12-20 01:25:10.399  3061  3518 D AudioFlinger: mixer(0xf2f00000) throttle end: throttle time(10)
12-20 01:25:10.411  3588  4111 W ExifInterface: Skip the tag entry since tag number is not defined: 2
12-20 01:25:10.413  3933  3933 D ConnectivityManager: getMobileDataEnabled()+ subId=1
12-20 01:25:10.413  3966  4180 D PhoneInterfaceManager: [PhoneIntfMgr] getDataEnabled: subId=1 phoneId=0
12-20 01:25:10.414  3966  4180 D PhoneInterfaceManager: [PhoneIntfMgr] getDataEnabled: subId=1 retVal=true
12-20 01:25:10.415  3933  3933 D ConnectivityManager: getMobileDataEnabled()- subId=1 retVal=true
12-20 01:25:10.417  3933  3933 E NFC     : could not retrieve NFC service
12-20 01:25:10.421  3588  4111 W ExifInterface: Skip the tag entry since tag number is not defined: 2
12-20 01:25:10.425  3390  3600 D CMProfileService: Saving profile data...
12-20 01:25:10.427  3588  4111 W ExifInterface: Skip the tag entry since tag number is not defined: 2
12-20 01:25:10.428  3390  3600 D CMProfileService: Save completed.
12-20 01:25:10.428  3390  3600 D CMProfileService: Set active profile to: 0230226d-0d05-494a-a9bd-d222a1117655 - Default
12-20 01:25:10.433  3390  3600 E NFC     : could not retrieve NFC service
12-20 01:25:10.434  3390  3600 E NFC     : could not retrieve NFC service
12-20 01:25:10.435  3390  3600 E NFC     : could not retrieve NFC service
12-20 01:25:10.438  3966  4216 D PhoneInterfaceManager: [PhoneIntfMgr] getDataEnabled: subId=1 phoneId=0
12-20 01:25:10.438  3966  4216 D PhoneInterfaceManager: [PhoneIntfMgr] getDataEnabled: subId=1 retVal=true
12-20 01:25:10.438  3588  4111 W ExifInterface: Skip the tag entry since tag number is not defined: 2
12-20 01:25:10.439  3390  3600 D TelephonyManager: getDataEnabled: retVal=true
12-20 01:25:10.440  3390  3600 E NFC     : could not retrieve NFC service
12-20 01:25:10.441  3390  3600 E NFC     : could not retrieve NFC service
12-20 01:25:10.441  3390  3600 E NFC     : could not retrieve NFC service
12-20 01:25:10.442  3390  3600 D CMProfileService: Saving profile data...
12-20 01:25:10.445  3390  3600 D CMProfileService: Save completed.
12-20 01:25:10.446  3588  4111 W ExifInterface: Skip the tag entry since tag number is not defined: 2
12-20 01:25:10.451  3588  4111 W ExifInterface: Skip the tag entry since tag number is not defined: 2
12-20 01:25:10.455  3588  4111 W ExifInterface: Skip the tag entry since tag number is not defined: 2
12-20 01:25:10.458  3588  4111 W ExifInterface: Skip the tag entry since tag number is not defined: 2
12-20 01:25:10.464  3588  4111 W ExifInterface: Skip the tag entry since tag number is not defined: 2
12-20 01:25:10.468  3588  4111 W ExifInterface: Skip the tag entry since tag number is not defined: 2
12-20 01:25:10.472  3588  4111 W ExifInterface: Skip the tag entry since tag number is not defined: 2
12-20 01:25:10.476  3588  4111 W ExifInterface: Skip the tag entry since tag number is not defined: 2
12-20 01:25:10.482  3588  4111 W ExifInterface: Skip the tag entry since tag number is not defined: 2
12-20 01:25:10.485  3588  4111 W ExifInterface: Skip the tag entry since tag number is not defined: 2
12-20 01:25:10.489  3588  4111 W ExifInterface: Skip the tag entry since tag number is not defined: 2
12-20 01:25:10.495  3588  4111 W ExifInterface: Skip the tag entry since tag number is not defined: 2
12-20 01:25:10.499  3588  4111 W ExifInterface: Skip the tag entry since tag number is not defined: 2
12-20 01:25:10.502  3588  4111 W ExifInterface: Skip the tag entry since tag number is not defined: 2
12-20 01:25:10.506  3588  4111 W ExifInterface: Skip the tag entry since tag number is not defined: 2
12-20 01:25:10.511  3588  4111 W ExifInterface: Skip the tag entry since tag number is not defined: 2
12-20 01:25:10.515  3588  4111 W ExifInterface: Skip the tag entry since tag number is not defined: 2
12-20 01:25:10.519  3588  4111 W ExifInterface: Skip the tag entry since tag number is not defined: 2
12-20 01:25:10.523  3588  4111 W ExifInterface: Skip the tag entry since tag number is not defined: 2
12-20 01:25:10.526  3390  3502 D ConnectivityService: handlePromptUnvalidated 102
12-20 01:25:10.544  3061  3061 I FFmpegExtractor: android-source:0xf6662570
12-20 01:25:10.572  3061  3061 D FFmpegExtractor: suppoted codec(h264) by official Stagefright
12-20 01:25:10.572  3061  3061 D FFmpegExtractor: suppoted codec(aac) by official Stagefright
12-20 01:25:10.572  3061  3061 D FFmpegExtractor: ffmpeg detected media content as 'video/mp4' with confidence 0.08
12-20 01:25:10.591  3588  4111 W ExifInterface: Skip the tag entry since tag number is not defined: 2
12-20 01:25:10.601  3588  4111 W ExifInterface: Skip the tag entry since tag number is not defined: 2
12-20 01:25:10.608  3588  4111 W ExifInterface: Skip the tag entry since tag number is not defined: 2
12-20 01:25:10.624  3588  4111 W ExifInterface: Skip the tag entry since tag number is not defined: 2
12-20 01:25:10.630  3588  4111 W ExifInterface: Skip the tag entry since tag number is not defined: 2
12-20 01:25:10.634  3588  4111 W ExifInterface: Skip the tag entry since tag number is not defined: 2
12-20 01:25:10.637  3588  4111 W ExifInterface: Skip the tag entry since tag number is not defined: 2
12-20 01:25:10.641  3588  4111 W ExifInterface: Skip the tag entry since tag number is not defined: 2
12-20 01:25:10.645  3588  4111 W ExifInterface: Skip the tag entry since tag number is not defined: 2
12-20 01:25:10.652  3588  4111 W ExifInterface: Skip the tag entry since tag number is not defined: 2
12-20 01:25:10.655  3588  4111 W ExifInterface: Skip the tag entry since tag number is not defined: 2
12-20 01:25:10.660  3588  4111 W ExifInterface: Skip the tag entry since tag number is not defined: 2
12-20 01:25:10.665  3588  4111 W ExifInterface: Skip the tag entry since tag number is not defined: 2
12-20 01:25:10.668  3588  4111 W ExifInterface: Skip the tag entry since tag number is not defined: 2
12-20 01:25:10.671  3588  4111 W ExifInterface: Skip the tag entry since tag number is not defined: 2
12-20 01:25:10.674  3588  4111 W ExifInterface: Skip the tag entry since tag number is not defined: 2
12-20 01:25:10.677  3588  4111 W ExifInterface: Skip the tag entry since tag number is not defined: 2
12-20 01:25:10.680  3588  4111 W ExifInterface: Skip the tag entry since tag number is not defined: 2
12-20 01:25:10.683  3588  4111 W ExifInterface: Skip the tag entry since tag number is not defined: 2
12-20 01:25:10.686  3588  4111 W ExifInterface: Skip the tag entry since tag number is not defined: 2
12-20 01:25:10.689  3588  4111 W ExifInterface: Skip the tag entry since tag number is not defined: 2
12-20 01:25:10.692  3588  4111 W ExifInterface: Skip the tag entry since tag number is not defined: 2
12-20 01:25:10.697  3588  4111 W ExifInterface: Skip the tag entry since tag number is not defined: 2
12-20 01:25:10.701  3588  4111 W ExifInterface: Skip the tag entry since tag number is not defined: 2
12-20 01:25:10.704  3588  4111 W ExifInterface: Skip the tag entry since tag number is not defined: 2
12-20 01:25:10.711  3588  4111 W ExifInterface: Skip the tag entry since tag number is not defined: 2
12-20 01:25:10.715  3588  4111 W ExifInterface: Skip the tag entry since tag number is not defined: 2
12-20 01:25:10.719  3588  4111 W ExifInterface: Skip the tag entry since tag number is not defined: 2
12-20 01:25:10.730  3588  4111 W ExifInterface: Skip the tag entry since tag number is not defined: 2
12-20 01:25:10.733  3588  4111 W ExifInterface: Skip the tag entry since tag number is not defined: 2
12-20 01:25:10.737  3588  4111 W ExifInterface: Skip the tag entry since tag number is not defined: 2
12-20 01:25:10.740  3588  4111 W ExifInterface: Skip the tag entry since tag number is not defined: 2
12-20 01:25:10.744  3588  4111 W ExifInterface: Skip the tag entry since tag number is not defined: 2
12-20 01:25:10.749  3588  4111 W ExifInterface: Skip the tag entry since tag number is not defined: 2
12-20 01:25:10.752  3588  4111 W ExifInterface: Skip the tag entry since tag number is not defined: 2
12-20 01:25:10.755  3588  4111 W ExifInterface: Skip the tag entry since tag number is not defined: 2
12-20 01:25:10.761  3588  4111 W ExifInterface: Skip the tag entry since tag number is not defined: 2
12-20 01:25:10.767  3588  4111 W ExifInterface: Skip the tag entry since tag number is not defined: 2
12-20 01:25:10.773  3588  4111 W ExifInterface: Skip the tag entry since tag number is not defined: 2
12-20 01:25:10.778  3588  4111 W ExifInterface: Skip the tag entry since tag number is not defined: 2
12-20 01:25:10.785  3588  4111 W ExifInterface: Skip the tag entry since tag number is not defined: 2
12-20 01:25:10.790  3588  4111 W ExifInterface: Skip the tag entry since tag number is not defined: 2
12-20 01:25:10.801  3588  4111 W ExifInterface: Skip the tag entry since tag number is not defined: 2
12-20 01:25:10.814  3588  4111 W ExifInterface: Skip the tag entry since tag number is not defined: 2
12-20 01:25:10.832  3588  4111 W ExifInterface: Skip the tag entry since tag number is not defined: 2
12-20 01:25:10.860  3061  3521 I FFmpegExtractor: android-source:0xf6662200
12-20 01:25:10.879  3061  3521 D FFmpegExtractor: suppoted codec(h264) by official Stagefright
12-20 01:25:10.879  3061  3521 D FFmpegExtractor: suppoted codec(aac) by official Stagefright
12-20 01:25:10.880  3061  3521 D FFmpegExtractor: ffmpeg detected media content as 'video/mp4' with confidence 0.08
12-20 01:25:10.905  3588  4111 W ExifInterface: Skip the tag entry since tag number is not defined: 2
12-20 01:25:10.916  3588  4111 W ExifInterface: Skip the tag entry since tag number is not defined: 2
12-20 01:25:10.924  3588  4111 W ExifInterface: Skip the tag entry since tag number is not defined: 2
12-20 01:25:10.935  3588  4111 W ExifInterface: Skip the tag entry since tag number is not defined: 2
12-20 01:25:10.943  3588  4111 W ExifInterface: Skip the tag entry since tag number is not defined: 2
12-20 01:25:10.950  3588  4111 W ExifInterface: Skip the tag entry since tag number is not defined: 2
12-20 01:25:10.955  3588  4111 W ExifInterface: Skip the tag entry since tag number is not defined: 2
12-20 01:25:10.961  3588  4111 W ExifInterface: Skip the tag entry since tag number is not defined: 2
12-20 01:25:10.966  3588  4111 W ExifInterface: Skip the tag entry since tag number is not defined: 2
12-20 01:25:10.986  3588  4111 W ExifInterface: Skip the tag entry since tag number is not defined: 2
12-20 01:25:10.992  3588  4111 W ExifInterface: Skip the tag entry since tag number is not defined: 2
12-20 01:25:10.998  3588  4111 W ExifInterface: Skip the tag entry since tag number is not defined: 2
12-20 01:25:11.003  3588  4111 W ExifInterface: Skip the tag entry since tag number is not defined: 2
12-20 01:25:11.007  3588  4111 W ExifInterface: Skip the tag entry since tag number is not defined: 2
12-20 01:25:11.014  3588  4111 W ExifInterface: Skip the tag entry since tag number is not defined: 2
12-20 01:25:11.019  3588  4111 W ExifInterface: Skip the tag entry since tag number is not defined: 2
12-20 01:25:11.025  3588  4111 W ExifInterface: Skip the tag entry since tag number is not defined: 2
12-20 01:25:11.031  3588  4111 W ExifInterface: Skip the tag entry since tag number is not defined: 2
12-20 01:25:11.037  3588  4111 W ExifInterface: Skip the tag entry since tag number is not defined: 2
12-20 01:25:11.043  3588  4111 W ExifInterface: Skip the tag entry since tag number is not defined: 2
12-20 01:25:11.049  3588  4111 W ExifInterface: Skip the tag entry since tag number is not defined: 2
12-20 01:25:11.054  3588  4111 W ExifInterface: Skip the tag entry since tag number is not defined: 2
12-20 01:25:11.061  3588  4111 W ExifInterface: Skip the tag entry since tag number is not defined: 2
12-20 01:25:11.075  3588  4111 W ExifInterface: Skip the tag entry since tag number is not defined: 2
12-20 01:25:11.100  3588  4111 W ExifInterface: Skip the tag entry since tag number is not defined: 2
12-20 01:25:11.114  3390  3502 D ConnectivityService: notifyType CAP_CHANGED for NetworkAgentInfo [WIFI () - 102]
12-20 01:25:11.124  3588  4111 W ExifInterface: Skip the tag entry since tag number is not defined: 2
12-20 01:25:11.148  3588  4111 W ExifInterface: Skip the tag entry since tag number is not defined: 2
12-20 01:25:11.165  3588  4111 W ExifInterface: Skip the tag entry since tag number is not defined: 2
12-20 01:25:11.182  3588  4111 W ExifInterface: Skip the tag entry since tag number is not defined: 2
12-20 01:25:11.198  3588  4111 W ExifInterface: Skip the tag entry since tag number is not defined: 2
12-20 01:25:11.220  3588  4111 W ExifInterface: Skip the tag entry since tag number is not defined: 2
12-20 01:25:11.234  3588  4111 W ExifInterface: Skip the tag entry since tag number is not defined: 2
12-20 01:25:11.253  3588  4111 W ExifInterface: Skip the tag entry since tag number is not defined: 2
12-20 01:25:11.270  3588  4111 W ExifInterface: Skip the tag entry since tag number is not defined: 2
12-20 01:25:11.286  3588  4111 W ExifInterface: Skip the tag entry since tag number is not defined: 2
12-20 01:25:11.304  3588  4111 W ExifInterface: Skip the tag entry since tag number is not defined: 2
12-20 01:25:11.322  3588  4111 W ExifInterface: Skip the tag entry since tag number is not defined: 2
12-20 01:25:11.341  3588  4111 W ExifInterface: Skip the tag entry since tag number is not defined: 2
12-20 01:25:11.359  3588  4111 W ExifInterface: Skip the tag entry since tag number is not defined: 2
12-20 01:25:11.375  3588  4111 W ExifInterface: Skip the tag entry since tag number is not defined: 2
12-20 01:25:11.391  3588  4111 W ExifInterface: Skip the tag entry since tag number is not defined: 2
12-20 01:25:11.405  3588  4111 W ExifInterface: Skip the tag entry since tag number is not defined: 2
12-20 01:25:11.420  3588  4111 W ExifInterface: Skip the tag entry since tag number is not defined: 2
12-20 01:25:11.434  3588  4111 W ExifInterface: Skip the tag entry since tag number is not defined: 2
12-20 01:25:11.451  3588  4111 W ExifInterface: Skip the tag entry since tag number is not defined: 2
12-20 01:25:11.528  3588  4111 W ExifInterface: Skip the tag entry since tag number is not defined: 2
12-20 01:25:11.545  3588  4111 W ExifInterface: Skip the tag entry since tag number is not defined: 2
12-20 01:25:11.560  3588  4111 W ExifInterface: Skip the tag entry since tag number is not defined: 2
12-20 01:25:11.560  3975  5176 E SetupWizardUtils: Unable to disable GMS
12-20 01:25:11.572  3390  3957 I ActivityManager: START u0 {act=android.intent.action.MAIN cat=[android.intent.category.HOME] cmp=com.android.provision/.DefaultActivity} from uid 1000 on display 0
12-20 01:25:11.580  3588  4111 W ExifInterface: Skip the tag entry since tag number is not defined: 2
12-20 01:25:11.593  3588  4111 W ExifInterface: Skip the tag entry since tag number is not defined: 2
12-20 01:25:11.605  3588  4111 W ExifInterface: Skip the tag entry since tag number is not defined: 2
12-20 01:25:11.623  3588  4111 W ExifInterface: Skip the tag entry since tag number is not defined: 2
12-20 01:25:11.649  3588  4111 W ExifInterface: Skip the tag entry since tag number is not defined: 2
12-20 01:25:11.671  3588  4111 W ExifInterface: Skip the tag entry since tag number is not defined: 2
12-20 01:25:11.672  3390  3632 I ActivityManager: Start proc 5186:com.android.provision/u0a60 for activity com.android.provision/.DefaultActivity
12-20 01:25:11.686  3588  4111 W ExifInterface: Skip the tag entry since tag number is not defined: 2
12-20 01:25:11.700  3588  4111 W ExifInterface: Skip the tag entry since tag number is not defined: 2
12-20 01:25:11.720  3588  4111 W ExifInterface: Skip the tag entry since tag number is not defined: 2
12-20 01:25:11.730  3588  4111 W ExifInterface: Skip the tag entry since tag number is not defined: 2
12-20 01:25:11.744  3588  4111 W ExifInterface: Skip the tag entry since tag number is not defined: 2
12-20 01:25:11.753  3588  4111 W ExifInterface: Skip the tag entry since tag number is not defined: 2
12-20 01:25:11.762  3588  4111 W ExifInterface: Skip the tag entry since tag number is not defined: 2
12-20 01:25:11.781  5186  5186 W System  : ClassLoader referenced unknown path: /system/app/Provision/lib/arm64
12-20 01:25:11.782  3588  4111 W ExifInterface: Skip the tag entry since tag number is not defined: 2
12-20 01:25:11.791  3020  3031 D PermissionCache: checking android.permission.READ_FRAME_BUFFER for uid=1000 => granted (576 us)
12-20 01:25:11.793  3588  4111 W ExifInterface: Skip the tag entry since tag number is not defined: 2
12-20 01:25:11.812  3588  4111 W ExifInterface: Skip the tag entry since tag number is not defined: 2
12-20 01:25:11.858  3061  3061 I FFmpegExtractor: android-source:0xf6662570
12-20 01:25:11.885  3061  3061 D FFmpegExtractor: suppoted codec(h264) by official Stagefright
12-20 01:25:11.885  3390  3631 I ActivityManager: START u0 {act=android.intent.action.MAIN cat=[android.intent.category.HOME] flg=0x10000000 cmp=com.cyanogenmod.trebuchet/com.android.launcher3.Launcher} from uid 0 on display 0
12-20 01:25:11.885  3061  3061 D FFmpegExtractor: suppoted codec(aac) by official Stagefright
12-20 01:25:11.886  3061  3061 D FFmpegExtractor: ffmpeg detected media content as 'video/mp4' with confidence 0.08
12-20 01:25:11.920  3588  4111 W ExifInterface: Skip the tag entry since tag number is not defined: 2
12-20 01:25:11.924  4596  4596 V Launcher: LauncherAppState inited
12-20 01:25:11.944  3588  4111 W ExifInterface: Skip the tag entry since tag number is not defined: 2
12-20 01:25:11.950  3588  4111 W ExifInterface: Skip the tag entry since tag number is not defined: 2
12-20 01:25:11.953  3588  4111 W ExifInterface: Skip the tag entry since tag number is not defined: 2
12-20 01:25:11.956  3588  4111 W ExifInterface: Skip the tag entry since tag number is not defined: 2
12-20 01:25:11.960  3588  4111 W ExifInterface: Skip the tag entry since tag number is not defined: 2
12-20 01:25:11.969  3588  4111 W ExifInterface: Skip the tag entry since tag number is not defined: 2
12-20 01:25:11.972  3588  4111 W ExifInterface: Skip the tag entry since tag number is not defined: 2
12-20 01:25:11.977  3588  4111 W ExifInterface: Skip the tag entry since tag number is not defined: 2
12-20 01:25:11.980  3588  4111 W ExifInterface: Skip the tag entry since tag number is not defined: 2
12-20 01:25:11.983  3588  4111 W ExifInterface: Skip the tag entry since tag number is not defined: 2
12-20 01:25:11.986  3588  4111 W ExifInterface: Skip the tag entry since tag number is not defined: 2
12-20 01:25:11.988  4596  4596 D Launcher.Model: Old launcher provider: content://com.android.launcher2.settings/favorites?notify=true
12-20 01:25:11.988  4596  4596 D Launcher.Model: Old launcher provider does not exist.
12-20 01:25:11.990  3588  4111 W ExifInterface: Skip the tag entry since tag number is not defined: 2
12-20 01:25:12.032  3390  3632 I ActivityManager: Start proc 5246:org.cyanogenmod.themes.provider/u0a22 for content provider org.cyanogenmod.themes.provider/.ThemesProvider
12-20 01:25:12.062  5246  5246 W System  : ClassLoader referenced unknown path: /system/priv-app/ThemesProvider/lib/arm64
12-20 01:25:12.076  4596  5243 D LauncherProvider: loading default workspace
12-20 01:25:12.100  4596  5260 D OpenGLRenderer: Use EGL_SWAP_BEHAVIOR_PRESERVED: true
12-20 01:25:12.109  5246  5259 D ThemesProvider: Deleted 0
12-20 01:25:12.116  4596  4596 W Launcher: setApplicationContext called twice! old=com.android.launcher3.LauncherApplication@9b42fee new=com.android.launcher3.LauncherApplication@9b42fee
12-20 01:25:12.138  4596  5260 I OpenGLRenderer: Initialized EGL, version 1.4
12-20 01:25:12.149  4596  5260 D mali_winsys: EGLint new_window_surface(egl_winsys_display*, void*, EGLSurface, EGLConfig, egl_winsys_surface**, egl_color_buffer_format*, EGLBoolean) returns 0x3000,  [1440x2560]-format:1
12-20 01:25:12.199  4596  5273 W         : g2d stretchFimgApi_v5 function does not exist
12-20 01:25:12.209  4596  5243 E AutoInstalls: Unable to add favorite: com.google.android.googlequicksearchbox/com.google.android.googlequicksearchbox.SearchActivity
12-20 01:25:12.209  4596  5243 E AutoInstalls: android.content.pm.PackageManager$NameNotFoundException: ComponentInfo{com.google.android.googlequicksearchbox/com.google.android.googlequicksearchbox.SearchActivity}
12-20 01:25:12.209  4596  5243 E AutoInstalls: 	at android.app.ApplicationPackageManager.getActivityInfo(ApplicationPackageManager.java:343)
12-20 01:25:12.209  4596  5243 E AutoInstalls: 	at com.android.launcher3.AutoInstallsLayout$AppShortcutParser.parseAndAdd(AutoInstallsLayout.java:347)
12-20 01:25:12.209  4596  5243 E AutoInstalls: 	at com.android.launcher3.AutoInstallsLayout$FolderParser.parseAndAdd(AutoInstallsLayout.java:595)
12-20 01:25:12.209  4596  5243 E AutoInstalls: 	at com.android.launcher3.DefaultLayoutParser$MyFolderParser.parseAndAdd(DefaultLayoutParser.java:271)
12-20 01:25:12.209  4596  5243 E AutoInstalls: 	at com.android.launcher3.AutoInstallsLayout.parseAndAddNode(AutoInstallsLayout.java:272)
12-20 01:25:12.209  4596  5243 E AutoInstalls: 	at com.android.launcher3.AutoInstallsLayout.parseLayout(AutoInstallsLayout.java:217)
12-20 01:25:12.209  4596  5243 E AutoInstalls: 	at com.android.launcher3.AutoInstallsLayout.loadLayout(AutoInstallsLayout.java:193)
12-20 01:25:12.209  4596  5243 E AutoInstalls: 	at com.android.launcher3.LauncherProvider$DatabaseHelper.loadFavorites(LauncherProvider.java:1292)
12-20 01:25:12.209  4596  5243 E AutoInstalls: 	at com.android.launcher3.LauncherProvider.loadDefaultFavoritesIfNecessary(LauncherProvider.java:406)
12-20 01:25:12.209  4596  5243 E AutoInstalls: 	at com.android.launcher3.LauncherModel$LoaderTask.loadWorkspace(LauncherModel.java:1967)
12-20 01:25:12.209  4596  5243 E AutoInstalls: 	at com.android.launcher3.LauncherModel$LoaderTask.loadAndBindWorkspace(LauncherModel.java:1558)
12-20 01:25:12.209  4596  5243 E AutoInstalls: 	at com.android.launcher3.LauncherModel$LoaderTask.run(LauncherModel.java:1655)
12-20 01:25:12.209  4596  5243 E AutoInstalls: 	at android.os.Handler.handleCallback(Handler.java:739)
12-20 01:25:12.209  4596  5243 E AutoInstalls: 	at android.os.Handler.dispatchMessage(Handler.java:95)
12-20 01:25:12.209  4596  5243 E AutoInstalls: 	at android.os.Looper.loop(Looper.java:148)
12-20 01:25:12.209  4596  5243 E AutoInstalls: 	at android.os.HandlerThread.run(HandlerThread.java:61)
12-20 01:25:12.217  4596  5243 E AutoInstalls: Unable to add favorite: com.android.chrome/com.google.android.apps.chrome.Main
12-20 01:25:12.217  4596  5243 E AutoInstalls: android.content.pm.PackageManager$NameNotFoundException: ComponentInfo{com.android.chrome/com.google.android.apps.chrome.Main}
12-20 01:25:12.217  4596  5243 E AutoInstalls: 	at android.app.ApplicationPackageManager.getActivityInfo(ApplicationPackageManager.java:343)
12-20 01:25:12.217  4596  5243 E AutoInstalls: 	at com.android.launcher3.AutoInstallsLayout$AppShortcutParser.parseAndAdd(AutoInstallsLayout.java:347)
12-20 01:25:12.217  4596  5243 E AutoInstalls: 	at com.android.launcher3.AutoInstallsLayout$FolderParser.parseAndAdd(AutoInstallsLayout.java:595)
12-20 01:25:12.217  4596  5243 E AutoInstalls: 	at com.android.launcher3.DefaultLayoutParser$MyFolderParser.parseAndAdd(DefaultLayoutParser.java:271)
12-20 01:25:12.217  4596  5243 E AutoInstalls: 	at com.android.launcher3.AutoInstallsLayout.parseAndAddNode(AutoInstallsLayout.java:272)
12-20 01:25:12.217  4596  5243 E AutoInstalls: 	at com.android.launcher3.AutoInstallsLayout.parseLayout(AutoInstallsLayout.java:217)
12-20 01:25:12.217  4596  5243 E AutoInstalls: 	at com.android.launcher3.AutoInstallsLayout.loadLayout(AutoInstallsLayout.java:193)
12-20 01:25:12.217  4596  5243 E AutoInstalls: 	at com.android.launcher3.LauncherProvider$DatabaseHelper.loadFavorites(LauncherProvider.java:1292)
12-20 01:25:12.217  4596  5243 E AutoInstalls: 	at com.android.launcher3.LauncherProvider.loadDefaultFavoritesIfNecessary(LauncherProvider.java:406)
12-20 01:25:12.217  4596  5243 E AutoInstalls: 	at com.android.launcher3.LauncherModel$LoaderTask.loadWorkspace(LauncherModel.java:1967)
12-20 01:25:12.217  4596  5243 E AutoInstalls: 	at com.android.launcher3.LauncherModel$LoaderTask.loadAndBindWorkspace(LauncherModel.java:1558)
12-20 01:25:12.217  4596  5243 E AutoInstalls: 	at com.android.launcher3.LauncherModel$LoaderTask.run(LauncherModel.java:1655)
12-20 01:25:12.217  4596  5243 E AutoInstalls: 	at android.os.Handler.handleCallback(Handler.java:739)
12-20 01:25:12.217  4596  5243 E AutoInstalls: 	at android.os.Handler.dispatchMessage(Handler.java:95)
12-20 01:25:12.217  4596  5243 E AutoInstalls: 	at android.os.Looper.loop(Looper.java:148)
12-20 01:25:12.217  4596  5243 E AutoInstalls: 	at android.os.HandlerThread.run(HandlerThread.java:61)
12-20 01:25:12.221  4596  5243 E AutoInstalls: Unable to add favorite: com.google.android.gm/com.google.android.gm.ConversationListActivityGmail
12-20 01:25:12.221  4596  5243 E AutoInstalls: android.content.pm.PackageManager$NameNotFoundException: ComponentInfo{com.google.android.gm/com.google.android.gm.ConversationListActivityGmail}
12-20 01:25:12.221  4596  5243 E AutoInstalls: 	at android.app.ApplicationPackageManager.getActivityInfo(ApplicationPackageManager.java:343)
12-20 01:25:12.221  4596  5243 E AutoInstalls: 	at com.android.launcher3.AutoInstallsLayout$AppShortcutParser.parseAndAdd(AutoInstallsLayout.java:347)
12-20 01:25:12.221  4596  5243 E AutoInstalls: 	at com.android.launcher3.AutoInstallsLayout$FolderParser.parseAndAdd(AutoInstallsLayout.java:595)
