12-20 15:03:50.071  3375  3520 D EventHub: No input device configuration file found for device 'certify_hall'.
12-20 15:03:50.071  3375  3375 I SystemServer: Bluetooth Service
12-20 15:03:50.071  3375  3375 I SystemServiceManager: Starting com.android.server.BluetoothService
12-20 15:03:50.073  3375  3375 D BluetoothManagerService: Loading stored name and address
12-20 15:03:50.073  3375  3375 D BluetoothManagerService: Stored bluetooth Name=Samsung Galaxy S7 Edge,Address=D8:C4:E9:A9:2E:B5
12-20 15:03:50.073  3375  3375 D BluetoothService: onStart: publishing BluetoothManagerService
12-20 15:03:50.073  3375  3375 I SystemServer: Input Method Service
12-20 15:03:50.100  3375  3375 I SystemServer: Accessibility Manager
12-20 15:03:50.103  3375  3375 I ActivityManager: choosing minFree values for 64 Bit
12-20 15:03:50.103  3375  3375 I ActivityManager: choosing minFree values for 64 Bit
12-20 15:03:50.103  3375  3375 I ActivityManager: choosing minFree values for 64 Bit
12-20 15:03:50.103  3375  3375 I ActivityManager: choosing minFree values for 64 Bit
12-20 15:03:50.103  3375  3375 I ActivityManager: choosing minFree values for 64 Bit
12-20 15:03:50.103  3375  3375 I ActivityManager: choosing minFree values for 64 Bit
12-20 15:03:50.103  3375  3375 I ActivityManager: Config changes=1df8 {1.0 ?mcc?mnc es_ES ldltr sw360dp w360dp h640dp 640dpi nrml long port ?uimode ?night -touch -keyb/h/h -nav/h s.2 themeResource=null}
12-20 15:03:50.105  3375  3375 I ActivityManager: Config changes=400 {1.0 ?mcc?mnc es_ES ldltr sw360dp w360dp h616dp 640dpi nrml long port ?uimode ?night -touch -keyb/h/h -nav/h s.3 themeResource=null}
12-20 15:03:50.106  3375  3375 I SystemServiceManager: Starting com.android.server.MountService$Lifecycle
12-20 15:03:50.110  3375  3521 D MountService: Thinking about reset, mSystemReady=false, mDaemonConnected=true
12-20 15:03:50.110  3375  3375 I SystemServiceManager: Starting com.android.server.UiModeManagerService
12-20 15:03:50.111  3375  3521 D MountService: Thinking about reset, mSystemReady=false, mDaemonConnected=true
12-20 15:03:50.111  3375  3521 D CryptdConnector: SND -> {1 cryptfs getfield SystemLocale}
12-20 15:03:50.111  2935  2979 I Ext4Crypt: ext4 crypto complete called on /data
12-20 15:03:50.111  2935  2979 I Ext4Crypt: No master key, so not ext4enc
12-20 15:03:50.112  3375  3523 D CryptdConnector: RCV <- {200 1 -1}
12-20 15:03:50.112  3375  3375 I ActivityManager: Config changes=200 {1.0 ?mcc?mnc es_ES ldltr sw360dp w360dp h616dp 640dpi nrml long port -touch -keyb/h/h -nav/h s.4 themeResource=null}
12-20 15:03:50.112  3375  3521 W MountService: No primary storage mounted!
12-20 15:03:50.112  3375  3521 D VoldConnector: SND -> {1 asec list}
12-20 15:03:50.113  3375  3522 D VoldConnector: RCV <- {200 1 asec operation succeeded}
12-20 15:03:50.113  3375  3521 I PackageManager: No secure containers found
12-20 15:03:50.113  3375  3521 W PackageManager: Unknown permission com.google.android.launcher.permission.CONTENT_REDIRECT in package com.google.android.googlequicksearchbox
12-20 15:03:50.113  3375  3521 W PackageManager: Unknown permission com.google.android.voicesearch.SHORTCUTS_ACCESS in package com.google.android.googlequicksearchbox
12-20 15:03:50.113  3375  3521 W PackageManager: Unknown permission com.google.android.voicesearch.ACCESS_SETTINGS in package com.google.android.googlequicksearchbox
12-20 15:03:50.113  3375  3521 W PackageManager: Unknown permission com.google.android.ears.permission.WRITE in package com.google.android.googlequicksearchbox
12-20 15:03:50.113  3375  3521 W PackageManager: Unknown permission com.google.googlenav.friend.permission.OPT_IN in package com.google.android.googlequicksearchbox
12-20 15:03:50.113  3375  3521 W PackageManager: Unknown permission com.google.android.apps.maps.permission.PREFETCH in package com.google.android.googlequicksearchbox
12-20 15:03:50.113  3375  3521 W PackageManager: Unknown permission com.google.android.apps.googlevoice.permission.AUTO_SEND in package com.google.android.googlequicksearchbox
12-20 15:03:50.113  3375  3521 W PackageManager: Unknown permission com.google.android.gm.permission.AUTO_SEND in package com.google.android.googlequicksearchbox
12-20 15:03:50.113  3375  3521 W PackageManager: Unknown permission com.google.android.gm.permission.READ_GMAIL in package com.google.android.googlequicksearchbox
12-20 15:03:50.114  3375  3521 W PackageManager: Unknown permission com.google.android.hangouts.START_HANGOUT in package com.google.android.googlequicksearchbox
12-20 15:03:50.114  3375  3521 W PackageManager: Unknown permission com.android.chrome.PRERENDER_URL in package com.google.android.googlequicksearchbox
12-20 15:03:50.114  3375  3521 W PackageManager: Not granting permission android.permission.INTERACT_ACROSS_USERS_FULL to package org.cyanogenmod.snap (protectionLevel=258 flags=0x3858bc45)
12-20 15:03:50.114  3375  3521 W PackageManager: Not granting permission android.permission.SET_ORIENTATION to package org.cyanogenmod.snap (protectionLevel=2 flags=0x3858bc45)
12-20 15:03:50.114  3375  3521 W PackageManager: Not granting permission com.google.android.googleapps.permission.GOOGLE_AUTH to package com.android.providers.calendar (protectionLevel=2 flags=0x30083e45)
12-20 15:03:50.114  3375  3521 W PackageManager: Not granting permission com.google.android.googleapps.permission.GOOGLE_AUTH.cl to package com.android.providers.calendar (protectionLevel=2 flags=0x30083e45)
12-20 15:03:50.114  3375  3521 W PackageManager: Not granting permission android.permission.REAL_GET_TASKS to package org.cyanogenmod.wallpapers.photophase (protectionLevel=18 flags=0x3818be45)
12-20 15:03:50.114  3375  3521 W PackageManager: Unknown permission android.permission.CANCEL_NOTIFICATIONS in package org.cyanogenmod.theme.chooser2
12-20 15:03:50.114  3375  3521 W PackageManager: Unknown permission com.cyanogen.ambient.permission.BIND_CALLER_INFO in package com.android.messaging
12-20 15:03:50.114  3375  3521 W PackageManager: Unknown permission com.cyanogen.ambient.permission.BIND_RIDEINPROGRESS_SERVICE in package com.android.messaging
12-20 15:03:50.114  3375  3521 W PackageManager: Unknown permission com.cyanogen.ambient.permission.BIND_RIDESHARING_SERVICE in package com.android.messaging
12-20 15:03:50.114  3375  3521 W PackageManager: Not granting permission android.permission.ACCESS_DOWNLOAD_MANAGER to package com.android.browser (protectionLevel=18 flags=0x3849be45)
12-20 15:03:50.114  3375  3521 W PackageManager: Not granting permission android.permission.SEND_DOWNLOAD_COMPLETED_INTENTS to package com.android.browser (protectionLevel=2 flags=0x3849be45)
12-20 15:03:50.115  3375  3521 W PackageManager: Unknown permission com.cyngn.stats.SEND_ANALYTICS in package com.cyanogenmod.setupwizard
12-20 15:03:50.115  3375  3521 W PackageManager: Unknown permission com.cyanogen.permission.REQUEST_KILL_SWITCH_OP in package com.cyanogenmod.setupwizard
12-20 15:03:50.115  3375  3521 W PackageManager: Unknown permission com.cyanogen.ambient.permission.BIND_INCALL_SERVICE in package com.android.contacts
12-20 15:03:50.115  3375  3521 W PackageManager: Unknown permission com.cyanogen.ambient.permission.PLUGIN_STATUS_CHANGED in package com.android.contacts
12-20 15:03:50.115  3375  3521 W PackageManager: Unknown permission com.cyanogen.ambient.permission.BIND_CALLER_INFO in package com.android.contacts
12-20 15:03:50.115  3375  3521 W PackageManager: Not granting permission com.google.android.googleapps.permission.GOOGLE_AUTH.mail to package com.android.calendar (protectionLevel=2 flags=0x3049be45)
12-20 15:03:50.115  3375  3521 W PackageManager: Unknown permission android.permission.READ_OWNER_DATA in package com.google.android.setupwizard
12-20 15:03:50.115  3375  3521 W PackageManager: Unknown permission android.permission.WRITE_OWNER_DATA in package com.google.android.setupwizard
12-20 15:03:50.115  3375  3521 W PackageManager: Unknown permission com.android.vending.TOS_ACKED in package com.google.android.setupwizard
12-20 15:03:50.115  3375  3521 W PackageManager: Unknown permission com.android.vending.setup.PLAY_SETUP_SERVICE in package com.google.android.setupwizard
12-20 15:03:50.115  3375  3521 W PackageManager: Not granting permission android.permission.INTERACT_ACROSS_USERS to package com.google.android.syncadapters.contacts (protectionLevel=50 flags=0x38883e45)
12-20 15:03:50.116  3375  3521 W PackageManager: Unknown permission com.cyanogen.ambient.permission.BIND_INCALL_SERVICE in package com.android.dialer
12-20 15:03:50.116  3375  3521 W PackageManager: Unknown permission com.cyanogen.ambient.permission.PLUGIN_STATUS_CHANGED in package com.android.dialer
12-20 15:03:50.116  3375  3521 W PackageManager: Unknown permission com.cyanogen.ambient.permission.PUBLISH_DISCOVERY_NUDGE in package com.android.dialer
12-20 15:03:50.116  3375  3521 W PackageManager: Unknown permission com.cyanogen.ambient.permission.BIND_DEEPLINK_SERVICE in package com.android.dialer
12-20 15:03:50.116  3375  3521 W PackageManager: Unknown permission com.cyanogen.ambient.permission.READ_DEEPLINK_DATABASE in package com.android.dialer
12-20 15:03:50.116  3375  3521 W PackageManager: Unknown permission com.cyanogen.ambient.permission.BIND_CALLER_INFO in package com.android.dialer
12-20 15:03:50.116  3375  3521 W PackageManager: Unknown permission com.android.launcher.permission.READ_SETTINGS in package com.cyanogenmod.trebuchet
12-20 15:03:50.116  3375  3521 W PackageManager: Unknown permission com.android.launcher.permission.WRITE_SETTINGS in package com.cyanogenmod.trebuchet
12-20 15:03:50.116  3375  3521 W PackageManager: Unknown permission com.cyngn.stats.SEND_ANALYTICS in package com.cyanogenmod.trebuchet
12-20 15:03:50.116  3375  3521 W PackageManager: Unknown permission android.permission.MANAGE_SOUND_TRIGGER in package com.google.android.gms
12-20 15:03:50.116  3375  3521 W PackageManager: Unknown permission com.google.android.apps.enterprise.dmagent.permission.AutoSyncPermission in package com.google.android.gms
12-20 15:03:50.116  3375  3521 W PackageManager: Unknown permission android.permission.CONNECTIVITY_USE_RESTRICTED_NETWORKS in package com.google.android.gms
12-20 15:03:50.116  3375  3521 W PackageManager: Unknown permission android.permission.SEND_SMS_NO_CONFIRMATION in package com.google.android.gms
12-20 15:03:50.116  3375  3521 W PackageManager: Unknown permission android.permission.TETHER_PRIVILEGED in package com.google.android.gms
12-20 15:03:50.116  3375  3521 W PackageManager: Unknown permission com.google.android.hangouts.START_HANGOUT in package com.google.android.gms
12-20 15:03:50.116  3375  3521 W PackageManager: Unknown permission android.permission.READ_OEM_UNLOCK_STATE in package com.google.android.gms
12-20 15:03:50.116  3375  3521 W PackageManager: Unknown permission com.google.android.wearable.READ_SETTINGS in package com.google.android.gms
12-20 15:03:50.116  3375  3521 W PackageManager: Unknown permission android.permission.SUBSTITUTE_NOTIFICATION_APP_NAME in package com.google.android.gms
12-20 15:03:50.116  3375  3521 W PackageManager: Unknown permission com.android.vending.setup.PLAY_SETUP_SERVICE in package com.google.android.gms
12-20 15:03:50.117  3375  3521 W PackageManager: Unknown permission com.google.android.vending.verifier.ACCESS_VERIFIER in package com.google.android.gms
12-20 15:03:50.117  3375  3521 W PackageManager: Unknown permission com.google.android.gm.permission.READ_GMAIL in package com.google.android.gms
12-20 15:03:50.117  3375  3521 W PackageManager: Unknown permission com.android.launcher.permission.PRELOAD_WORKSPACE in package com.google.android.partnersetup
12-20 15:03:50.117  3375  3521 W PackageManager: Unknown permission com.google.android.permission.INSTALL_WEARABLE_PACKAGES in package com.android.packageinstaller
12-20 15:03:50.117  3375  3521 W PackageManager: Not granting permission android.permission.DELETE_PACKAGES to package com.svox.pico (protectionLevel=18 flags=0x3808be45)
12-20 15:03:50.117  3375  3521 W PackageManager: Unknown permission android.permission.ACCESS_SUPERUSER in package com.cyanogenmod.filemanager
12-20 15:03:50.117  3375  3521 W PackageManager: Unknown permission com.cyanogenmod.filemanager.permissions.READ_THEME in package com.cyanogenmod.filemanager
12-20 15:03:50.117  3375  3521 W PackageManager: Unknown permission com.google.android.gallery3d.permission.PICASA_STORE in package com.android.dreams.phototable
12-20 15:03:50.117  3375  3521 W PackageManager: Not granting permission android.permission.CONTROL_KEYGUARD to package com.google.android.gsf.login (protectionLevel=2 flags=0x3048be45)
12-20 15:03:50.118  3375  3521 W PackageManager: Unknown permission com.android.vending.billing.BILLING_ACCOUNT_SERVICE in package com.google.android.gsf.login
12-20 15:03:50.118  3375  3521 W PackageManager: Unknown permission com.android.vending.billing.ADD_CREDIT_CARD in package com.google.android.gsf.login
12-20 15:03:50.118  3375  3521 W PackageManager: Unknown permission com.android.vending.billing.IBillingAccountService.BIND2 in package com.google.android.gsf.login
12-20 15:03:50.118  3375  3521 W PackageManager: Unknown permission com.android.vending.TOS_ACKED in package com.google.android.gsf.login
12-20 15:03:50.118  3375  3521 W PackageManager: Unknown permission com.android.chrome.TOS_ACKED in package com.google.android.gsf.login
12-20 15:03:50.118  3375  3521 W PackageManager: Unknown permission com.android.launcher.permission.READ_SETTINGS in package com.android.settings
12-20 15:03:50.118  3375  3521 W PackageManager: Unknown permission com.android.launcher.permission.WRITE_SETTINGS in package com.android.settings
12-20 15:03:50.118  3375  3521 W PackageManager: Not granting permission android.permission.REAL_GET_TASKS to package com.cyanogenmod.eleven (protectionLevel=18 flags=0x3818be65)
12-20 15:03:50.119  3375  3521 W PackageManager: Unknown permission com.google.android.gallery3d.permission.GALLERY_PROVIDER in package com.android.bluetooth
12-20 15:03:50.120  3375  3403 I UsageStatsService: User[0] Rollover scheduled @ 2016-12-21 13:00:00(1482364800000)
12-20 15:03:50.160  3375  3520 D EventHub: No input device configuration file found for device 'ssp_context'.
12-20 15:03:50.180  3375  3521 W MountService: No primary storage defined yet; hacking together a stub
12-20 15:03:50.180  3375  3521 W MountService: No primary storage defined yet; hacking together a stub
12-20 15:03:50.181  3375  3521 W MountService: No primary storage mounted!
12-20 15:03:50.181  3375  3521 D VoldConnector: SND -> {2 asec list}
12-20 15:03:50.181  3375  3522 D VoldConnector: RCV <- {200 2 asec operation succeeded}
12-20 15:03:50.181  3375  3375 I PackageManager.DexOptimizer: Running dexopt (dex2oat) on: /system/app/GoogleContactsSyncAdapter/GoogleContactsSyncAdapter.apk pkg=com.google.android.syncadapters.contacts isa=arm64 vmSafeMode=false debuggable=false oatDir = null bootComplete=false
12-20 15:03:50.202  3375  3525 D OpenGLRenderer: Use EGL_SWAP_BEHAVIOR_PRESERVED: true
12-20 15:03:50.213  3524  3524 I dex2oat : Adjusted thread count (for runtime dex2oat): 4, 4
12-20 15:03:50.213  3524  3524 I dex2oat : /system/bin/dex2oat --compiler-filter=speed
12-20 15:03:50.223  3375  3525 I OpenGLRenderer: Initialized EGL, version 1.4
12-20 15:03:50.229  3375  3525 D mali_winsys: EGLint new_window_surface(egl_winsys_display*, void*, EGLSurface, EGLConfig, egl_winsys_surface**, egl_color_buffer_format*, EGLBoolean) returns 0x3000,  [1440x2560]-format:1
12-20 15:03:50.250  3375  3520 D EventHub: No input device configuration file found for device 'meta_event'.
12-20 15:03:50.291  3375  3520 D EventHub: No input device configuration file found for device 'interrupt_gyro_sensor'.
12-20 15:03:50.370  3375  3520 D EventHub: No input device configuration file found for device 'step_cnt_sensor'.
12-20 15:03:50.405  3013  3142 I SurfaceFlinger: Boot is finished (5104 ms)
12-20 15:03:50.420  3375  3520 D EventHub: No input device configuration file found for device 'sig_motion_sensor'.
12-20 15:03:50.460  3051  3051 I AudioPolicyService: AudioPolicyService CSTOR in new mode
12-20 15:03:50.464  3051  3051 W APM::HwModule: loadOutput() invalid supported devices
12-20 15:03:50.464  3051  3051 W APM::HwModule: loadOutput() invalid supported devices
12-20 15:03:50.464  3051  3051 W APM::HwModule: loadInput() invalid supported devices
12-20 15:03:50.464  3051  3051 W APM::HwModule: loadInput() invalid supported devices
12-20 15:03:50.464  3051  3051 I APM::ConfigParsingUtils: loadAudioPolicyConfig() loaded /system/etc/audio_policy.conf
12-20 15:03:50.500  3375  3520 D EventHub: No input device configuration file found for device 'gesture_sensor'.
12-20 15:03:50.597  3524  3524 I dex2oat : dex2oat took 384.342ms (threads: 4) arena alloc=2MB java alloc=938KB native alloc=5MB free=2MB
12-20 15:03:50.603  3375  3375 I SystemServer: LockSettingsService
12-20 15:03:50.606  3375  3375 I SystemServiceManager: Starting com.android.server.DeviceIdleController
12-20 15:03:50.609  3375  3375 I SystemServiceManager: Starting com.android.server.devicepolicy.DevicePolicyManagerService$Lifecycle
12-20 15:03:50.611  3375  3375 I SystemServer: Status Bar
12-20 15:03:50.613  3375  3375 I SystemServer: Clipboard Service
12-20 15:03:50.616  3375  3375 I SystemServer: NetworkManagement Service
12-20 15:03:50.623  3375  3375 I SystemServer: Text Service Manager Service
12-20 15:03:50.625  3375  3375 I SystemServer: Network Score Service
12-20 15:03:50.626  3375  3375 I SystemServer: NetworkStats Service
12-20 15:03:50.630  3375  3520 D EventHub: No input device configuration file found for device 'temp_humidity_sensor'.
12-20 15:03:50.633  3375  3375 I SystemServer: NetworkPolicy Service
12-20 15:03:50.641  3375  3375 I SystemServiceManager: Starting com.android.server.wifi.p2p.WifiP2pService
12-20 15:03:50.665  3375  3375 I WifiP2pService: Registering wifip2p
12-20 15:03:50.666  3375  3375 I SystemServiceManager: Starting com.android.server.wifi.WifiService
12-20 15:03:50.736  3375  3375 D HS20    : Passpoint is disabled
12-20 15:03:50.757  3375  3375 D WifiController: isAirplaneModeOn = false, isWifiEnabled = true, isScanningAvailable = false
12-20 15:03:50.757  3375  3375 I WifiService: Registering wifi
12-20 15:03:50.759  3375  3375 I SystemServiceManager: Starting com.android.server.wifi.WifiScanningService
12-20 15:03:50.759  3375  3375 I WifiScanningService: Creating wifiscanner
12-20 15:03:50.760  3375  3375 I WifiScanningService: Starting wifiscanner
12-20 15:03:50.761  3375  3375 I SystemServiceManager: Starting com.android.server.wifi.RttService
12-20 15:03:50.761  3375  3375 I RttService: Creating rttmanager
12-20 15:03:50.761  3375  3375 I RttService: Starting rttmanager
12-20 15:03:50.762  3375  3375 I SystemServiceManager: Starting com.android.server.ethernet.EthernetService
12-20 15:03:50.763  3375  3375 I EthernetServiceImpl: Creating EthernetConfigStore
12-20 15:03:50.763  3375  3375 E IpConfigStore: Error parsing configuration: java.io.FileNotFoundException: /data/misc/ethernet/ipconfig.txt: open failed: ENOENT (No such file or directory)
12-20 15:03:50.763  3375  3375 W EthernetConfigStore: No Ethernet configuration found. Using default.
12-20 15:03:50.763  3375  3375 I EthernetServiceImpl: Read stored IP configuration: IP assignment: DHCP
12-20 15:03:50.763  3375  3375 I EthernetServiceImpl: Proxy settings: NONE
12-20 15:03:50.764  3375  3375 I EthernetService: Registering service ethernet
12-20 15:03:50.764  3375  3375 I SystemServer: Connectivity Service
12-20 15:03:50.766  3375  3375 D ConnectivityService: ConnectivityService starting up
12-20 15:03:50.769  3375  3375 D ConnectivityService: wifiOnly=false
12-20 15:03:50.770  3375  3520 D EventHub: No input device configuration file found for device 'proximity_sensor'.
12-20 15:03:50.782  3375  3375 I SystemServer: Network Service Discovery Service
12-20 15:03:50.789  3375  3375 D NsdService: Network service discovery enabled true
12-20 15:03:50.790  3375  3375 I SystemServer: UpdateLock Service
12-20 15:03:50.792  3375  3375 I SystemServiceManager: Starting com.android.server.notification.NotificationManagerService
12-20 15:03:50.804  3375  3375 I ZenModeConfig: Migrating existing shared 'from': stars
12-20 15:03:50.810  3375  3375 D ZenLog  : config: readXml,ZenModeConfig[user=0,allowCalls=true,allowRepeatCallers=false,allowMessages=true,allowCallsFrom=stars,allowMessagesFrom=stars,allowReminders=true,allowEvents=true,automaticRules={8ae2bfc69f3d46a1a79ae7ba876252f1=ZenRule[enabled=false,snoozing=false,name=Fin de semana,zenMode=ZEN_MODE_ALARMS,conditionId=condition://android/schedule?days=6.7&start=23.30&end=10.0,condition=Condition[id=condition://android/schedule?days=6.7&start=23.30&end=10.0,summary=...,line1=...,line2=...,icon=0,state=STATE_FALSE,flags=2],component=ComponentInfo{android/com.android.server.notification.ScheduleConditionProvider}], aa3f0c4538b04e10ac19de66eb365fed=ZenRule[enabled=false,snoozing=false,name=Evento,zenMode=ZEN_MODE_ALARMS,conditionId=condition://android/event?userId=-10000&calendar=&reply=1,condition=Condition[id=condition://android/event?userId=-10000&calendar=&reply=1,summary=...,line1=...,line2=...,icon=0,state=STATE_FALSE,flags=2],component=ComponentInfo{android/com.android.server.notification.EventConditionProvider}], 1f64faf2a5924740bb7f704b1a3ebdb5=ZenRule[enabled=false,snoozing=false,name=Noche de entre semana,zenMode=ZEN_MODE_ALARMS,conditionId=condition://android/schedule?days=1.2.3.4.5&start=22.0&end=7.0,condition=Condition[id=condition://android/schedule?days=1.2.3.4.5&start=22.0&end=7.0,summary=...,line1=...,line2=...,icon=0,state=STATE_FALSE,flags=2],component=ComponentInfo{android/com.android.server.notification.ScheduleConditionProvider}]},manualRule=null],Diff[automaticRule[fa625341748f417d9407ced9bf1b827b]:delete,automaticRule[38dddee14ca94a14bffd44262faf4047]:delete,automaticRule[8ae2bfc69f3d46a1a79ae7ba876252f1]:insert,automaticRule[aa3f0c4538b04e10ac19de66eb365fed]:insert,automaticRule[1f64faf2a5924740bb7f704b1a3ebdb5]:insert,automaticRule[b6bc406e577a4bc8ab682bcf2e6fe2b6]:delete]
12-20 15:03:50.811  3375  3375 D ConditionProviders: Subscribing to condition://android/schedule?days=6.7&start=23.30&end=10.0 with ComponentInfo{android/com.android.server.notification.ScheduleConditionProvider}
12-20 15:03:50.811  3375  3375 D ZenLog  : subscribe: condition://android/schedule?days=6.7&start=23.30&end=10.0,ok
12-20 15:03:50.811  3375  3375 D ConditionProviders: Subscribing to condition://android/event?userId=-10000&calendar=&reply=1 with ComponentInfo{android/com.android.server.notification.EventConditionProvider}
12-20 15:03:50.811  3375  3375 D ZenLog  : subscribe: condition://android/event?userId=-10000&calendar=&reply=1,ok
12-20 15:03:50.811  3375  3375 D ConditionProviders: Subscribing to condition://android/schedule?days=1.2.3.4.5&start=22.0&end=7.0 with ComponentInfo{android/com.android.server.notification.ScheduleConditionProvider}
12-20 15:03:50.811  3375  3375 D ZenLog  : subscribe: condition://android/schedule?days=1.2.3.4.5&start=22.0&end=7.0,ok
12-20 15:03:50.824  3375  3375 I SystemServiceManager: Starting com.android.server.storage.DeviceStorageMonitorService
12-20 15:03:50.825  3375  3375 I SystemServer: Location Manager
12-20 15:03:50.830  3375  3375 I SystemServer: Country Detector
12-20 15:03:50.831  3375  3375 I SystemServer: Search Service
12-20 15:03:50.833  3375  3375 I SystemServer: DropBox Service
12-20 15:03:50.834  3375  3375 I SystemServer: Wallpaper Service
12-20 15:03:50.838  3375  3375 W WallpaperManagerService: no current wallpaper -- first boot?
12-20 15:03:50.838  3375  3375 I SystemServer: Audio Service
12-20 15:03:50.841  3375  3580 I ServiceManager: Waiting for service media.audio_policy...
12-20 15:03:50.842  3375  3375 W TelecomManager: Telecom Service not found.
12-20 15:03:50.850  3375  3520 D EventHub: No input device configuration file found for device 'light_ir_sensor'.
12-20 15:03:50.880  3375  3520 D EventHub: No input device configuration file found for device 'light_sensor'.
12-20 15:03:50.941  3375  3567 D WifiApConfigStore: 2G band allowed channels are:1,6,11
12-20 15:03:50.970  3375  3520 D EventHub: No input device configuration file found for device 'grip_sensor'.
12-20 15:03:51.010  3375  3520 D EventHub: No input device configuration file found for device 'uv_sensor'.
12-20 15:03:51.119  1229  1229 I kworker/u16:2: type=1400 audit(0.0:163): avc: denied { write } for name="gyro_cal_data" dev="sda3" ino=45 scontext=u:r:kernel:s0 tcontext=u:object_r:app_efs_file:s0 tclass=file permissive=1
12-20 15:03:51.130  3375  3520 D EventHub: No input device configuration file found for device 'hrmled_sensor'.
12-20 15:03:51.170  3375  3520 D EventHub: No input device configuration file found for device 'hrm_sensor'.
12-20 15:03:51.191  3051  3051 V audio_hw_primary: adev_open: Forcing voice config: wide
12-20 15:03:51.191  3051  3051 I AudioFlinger: loadHwModule() Loaded primary audio interface from Samsung audio HW HAL (audio) handle 1
12-20 15:03:51.191  3051  3051 I AudioFlinger: openOutput(), module 1 Device 2, SamplingRate 48000, Format 0x000001, Channels 3, flags a
12-20 15:03:51.191  3051  3051 I AudioFlinger: AudioStreamOut::open(), mHalFormatIsLinearPcm = 1
12-20 15:03:51.191  3051  3051 I AudioFlinger: HAL output buffer size 1024 frames, normal sink buffer size 1024 frames
12-20 15:03:51.199  3051  3051 I BufferProvider: found effect "Multichannel Downmix To Stereo" from The Android Open Source Project
12-20 15:03:51.199  3051  3051 I AudioFlinger: Using module 1 has the primary audio interface
12-20 15:03:51.199  3051  3589 I AudioFlinger: AudioFlinger's thread 0xf2c80000 ready to run
12-20 15:03:51.200  3051  3589 V audio_hw_primary: do_out_standby: output standby: 1
12-20 15:03:51.200  3051  3589 V audio_hw_primary: out_set_parameters: key value pairs: routing=2
12-20 15:03:51.200  3051  3589 E AudioFlinger: no wake lock to update!
12-20 15:03:51.200  3051  3051 I AudioFlinger: openOutput(), module 1 Device 2, SamplingRate 48000, Format 0x000001, Channels 3, flags 4
12-20 15:03:51.200  3051  3051 I AudioFlinger: AudioStreamOut::open(), mHalFormatIsLinearPcm = 1
12-20 15:03:51.200  3051  3051 I AudioFlinger: HAL output buffer size 256 frames, normal sink buffer size 960 frames
12-20 15:03:51.201  3051  3051 E MonoPipe: Failed to fetch local time frequency when constructing a MonoPipe (res = -32).  getNextWriteTimestamp calls will be non-functional
12-20 15:03:51.201  3051  3591 I AudioFlinger: AudioFlinger's thread 0xf2ac0000 ready to run
12-20 15:03:51.201  3051  3591 V audio_hw_primary: out_set_parameters: key value pairs: routing=2
12-20 15:03:51.201  3051  3591 V audio_hw_primary: do_out_standby: output standby: 1
12-20 15:03:51.201  3051  3591 E AudioFlinger: no wake lock to update!
12-20 15:03:51.201  3051  3051 V audio_hw_primary: adev_open_input_stream: Requesting input stream with rate: 48000, channels: 0xc
12-20 15:03:51.202  3051  3592 I AudioFlinger: AudioFlinger's thread 0xf27c0000 ready to run
12-20 15:03:51.203  3051  3051 I bt_a2dp_hw: adev_open:  adev_open in A2dp_hw module
12-20 15:03:51.203  3051  3051 I AudioFlinger: loadHwModule() Loaded a2dp audio interface from A2DP Audio HW HAL (audio) handle 5
12-20 15:03:51.204  3051  3051 I AudioFlinger: loadHwModule() Loaded usb audio interface from USB audio HW HAL (audio) handle 6
12-20 15:03:51.205  3051  3051 I r_submix: adev_open(name=audio_hw_if)
12-20 15:03:51.205  3051  3051 I r_submix: adev_init_check()
12-20 15:03:51.205  3051  3051 I AudioFlinger: loadHwModule() Loaded r_submix audio interface from Wifi Display audio HAL (audio) handle 7
12-20 15:03:51.205  3051  3051 D r_submix: adev_open_input_stream(addr=0)
12-20 15:03:51.205  3051  3051 D r_submix: submix_audio_device_create_pipe_l(addr=0, idx=9)
12-20 15:03:51.205  3051  3051 D r_submix:   now using address 0 for route 9
12-20 15:03:51.206  3051  3593 I AudioFlinger: AudioFlinger's thread 0xf27c0000 ready to run
12-20 15:03:51.206  3051  3051 D r_submix: adev_close_input_stream()
12-20 15:03:51.206  3051  3051 D r_submix: submix_audio_device_release_pipe_l(idx=9) addr=0
12-20 15:03:51.206  3051  3051 D r_submix: submix_audio_device_destroy_pipe_l(): pipe destroyed
12-20 15:03:51.206  3051  3051 E SoundTriggerHwService: couldn't load sound trigger module sound_trigger.primary (No such file or directory)
12-20 15:03:51.206  3051  3051 I RadioService: RadioService
12-20 15:03:51.207  3051  3051 I RadioService: onFirstRef
12-20 15:03:51.207  3051  3051 E RadioService: couldn't load radio module radio.primary (No such file or directory)
12-20 15:03:51.207  3051  3594 D PermissionCache: checking android.permission.MODIFY_AUDIO_SETTINGS for uid=1000 => granted (419 us)
12-20 15:03:51.208  3051  3595 V audio_hw_primary: adev_set_mic_mute: set mic mute: 0
12-20 15:03:51.210  3375  3520 E EventHub: could not get driver version for /dev/input/mice, Not a typewriter
12-20 15:03:51.266  3375  3520 W EventHub: Unable to disable kernel key repeat for /dev/input/event1: Function not implemented
12-20 15:03:51.266  3375  3520 I EventHub: New device: id=16, fd=138, path='/dev/input/event1', name='sec_touchscreen', classes=0x15, configuration='/system/usr/idc/sec_touchscreen.idc', keyLayout='/system/usr/keylayout/Generic.kl', keyCharacterMap='/system/usr/keychars/Generic.kcm', builtinKeyboard=false, wakeMechanism=EPOLLWAKEUP, usingClockIoctl=true
12-20 15:03:51.266  3375  3520 D EventHub: No input device configuration file found for device 'gpio_keys'.
12-20 15:03:51.267  3375  3520 W EventHub: Unable to disable kernel key repeat for /dev/input/event17: Function not implemented
12-20 15:03:51.267  3375  3520 I EventHub: New device: id=17, fd=139, path='/dev/input/event17', name='gpio_keys', classes=0x1, configuration='', keyLayout='/system/usr/keylayout/Generic.kl', keyCharacterMap='/system/usr/keychars/Generic.kcm', builtinKeyboard=false, wakeMechanism=EPOLLWAKEUP, usingClockIoctl=true
12-20 15:03:51.268  3375  3520 D EventHub: No input device configuration file found for device 'Headset'.
12-20 15:03:51.269  3375  3520 W EventHub: Unable to disable kernel key repeat for /dev/input/event16: Function not implemented
12-20 15:03:51.269  3375  3520 I EventHub: New device: id=18, fd=140, path='/dev/input/event16', name='Headset', classes=0x1, configuration='', keyLayout='/system/usr/keylayout/Generic.kl', keyCharacterMap='/system/usr/keychars/Generic.kcm', builtinKeyboard=false, wakeMechanism=EPOLLWAKEUP, usingClockIoctl=true
12-20 15:03:51.269  3375  3520 D EventHub: No input device configuration file found for device 'sec_touchkey'.
12-20 15:03:51.270  3375  3520 W EventHub: Unable to disable kernel key repeat for /dev/input/event0: Function not implemented
12-20 15:03:51.270  3375  3520 I EventHub: New device: id=19, fd=141, path='/dev/input/event0', name='sec_touchkey', classes=0x1, configuration='', keyLayout='/system/usr/keylayout/sec_touchkey.kl', keyCharacterMap='/system/usr/keychars/Generic.kcm', builtinKeyboard=false, wakeMechanism=EPOLLWAKEUP, usingClockIoctl=true
12-20 15:03:51.270  3375  3520 D EventHub: No input device configuration file found for device 'hall'.
12-20 15:03:51.365  3375  3520 I InputReader: Device added: id=-1, name='Virtual', sources=0x00000301
12-20 15:03:51.365  3375  3520 I InputReader: Device added: id=19, name='sec_touchkey', sources=0x00000101
12-20 15:03:51.365  3375  3520 I InputReader: Device added: id=18, name='Headset', sources=0x00000101
12-20 15:03:51.365  3375  3520 I InputReader: Device added: id=17, name='gpio_keys', sources=0x00000101
12-20 15:03:51.365  3375  3520 W InputReader: Invalid value for touch.size.calibration: 'normalized'
12-20 15:03:51.365  3375  3520 I InputReader:   Touch device 'sec_touchscreen' could not query the properties of its associated display.  The device will be inoperable until the display size becomes available.
12-20 15:03:51.365  3375  3520 I InputReader: Device added: id=16, name='sec_touchscreen', sources=0x00001103
12-20 15:03:51.366  3375  3520 I InputReader: Reconfiguring input devices.  changes=0x00000004
12-20 15:03:51.366  3375  3520 I InputReader: Device reconfigured: id=16, name='sec_touchscreen', size 1440x2560, orientation 0, mode 1, display id 0
12-20 15:03:51.366  3375  3519 I ActivityManager: Config changes=8 {1.0 ?mcc?mnc es_ES ldltr sw360dp w360dp h616dp 640dpi nrml long port finger -keyb/h/h -nav/h s.5 themeResource=null}
12-20 15:03:51.861  3375  3375 I SystemServiceManager: Starting com.android.server.DockObserver
12-20 15:03:51.862  3375  3375 I SystemServer: Wired Accessory Manager
12-20 15:03:51.863  3375  3375 W WiredAccessoryManager: This kernel does not have usb audio support
12-20 15:03:51.863  3375  3375 W WiredAccessoryManager: This kernel does not have HDMI audio support
12-20 15:03:51.863  3375  3375 I SystemServiceManager: Starting com.android.server.usb.UsbService$Lifecycle
12-20 15:03:51.872  3375  3375 I SystemServer: Serial Service
12-20 15:03:51.873  3375  3375 I SystemServiceManager: Starting com.android.server.twilight.TwilightService
12-20 15:03:51.874  3375  3375 I SystemServiceManager: Starting com.android.server.job.JobSchedulerService
12-20 15:03:51.876  3375  3375 D JobStore: job-info
12-20 15:03:51.877  3375  3375 I SystemServiceManager: Starting com.android.server.backup.BackupManagerService$Lifecycle
12-20 15:03:51.878  3375  3375 I SystemServiceManager: Starting com.android.server.appwidget.AppWidgetService
12-20 15:03:51.879  3375  3375 I SystemServiceManager: Starting com.android.server.voiceinteraction.VoiceInteractionManagerService
12-20 15:03:51.880  3051  3594 D PermissionCache: checking android.permission.CAPTURE_AUDIO_HOTWORD for uid=1000 => granted (85 us)
12-20 15:03:51.880  3375  3375 W SoundTriggerHelper: listModules status=0, # of modules=0
12-20 15:03:51.881  3375  3375 I SystemServer: Gesture Launcher Service
12-20 15:03:51.881  3375  3375 I SystemServiceManager: Starting com.android.server.GestureLauncherService
12-20 15:03:51.881  3375  3375 I SystemServer: DiskStats Service
12-20 15:03:51.881  3375  3375 I SystemServer: SamplingProfiler Service
12-20 15:03:51.889  3375  3375 I SystemServer: NetworkTimeUpdateService
12-20 15:03:51.890  3375  3375 I SystemServer: CommonTimeManagementService
12-20 15:03:51.891  3375  3375 I SystemServer: CertBlacklister
12-20 15:03:51.891  3375  3375 I SystemServiceManager: Starting com.android.server.dreams.DreamManagerService
12-20 15:03:51.892  3375  3375 I SystemServer: Assets Atlas Service
12-20 15:03:51.896  3375  3375 I SystemServiceManager: Starting com.android.server.print.PrintManagerService
12-20 15:03:51.896  3375  3597 D AssetAtlas: Loaded configuration: SliceMinArea (2048x2048) flags=0x2 count=267
12-20 15:03:51.897  3375  3375 I SystemServiceManager: Starting com.android.server.restrictions.RestrictionsManagerService
12-20 15:03:51.898  3375  3375 I SystemServiceManager: Starting com.android.server.media.MediaSessionService
12-20 15:03:51.911  3375  3375 I SystemServer: Media Router Service
12-20 15:03:51.912  3375  3375 I SystemServiceManager: Starting com.android.server.trust.TrustManagerService
12-20 15:03:51.913  3375  3375 I SystemServiceManager: Starting com.android.server.fingerprint.FingerprintService
12-20 15:03:51.916  3063  3063 D PermissionCache: checking android.permission.MANAGE_FINGERPRINT for uid=1000 => granted (832 us)
12-20 15:03:51.917  3063  3063 V fingerprintd: nativeOpenHal()
12-20 15:03:51.917  3063  3063 E fingerprintd: Can't open fingerprint HW Module, error: -2
12-20 15:03:51.918  3375  3375 W FingerprintService: Failed to open Fingerprint HAL!
12-20 15:03:51.918  3375  3375 V FingerprintService: Fingerprint HAL id: 0
12-20 15:03:51.919  3375  3375 I SystemServer: BackgroundDexOptService
12-20 15:03:51.922  3375  3375 I SystemServiceManager: Starting com.android.server.pm.LauncherAppsService
12-20 15:03:51.924  3375  3375 I SystemServiceManager: Starting com.android.server.media.projection.MediaProjectionManagerService
12-20 15:03:51.946  3375  3375 I WindowManager: SAFE MODE not enabled
12-20 15:03:51.949  3375  3375 I SystemServiceManager: Starting com.android.server.MmsServiceBroker
12-20 15:03:51.951  3375  3375 I CMSystemServer: Attempting to start service org.cyanogenmod.platform.internal.CMStatusBarManagerService
12-20 15:03:51.960  3375  3375 I CMSystemServer: Starting service org.cyanogenmod.platform.internal.CMStatusBarManagerService
12-20 15:03:51.960  3375  3375 I SystemServiceManager: Starting org.cyanogenmod.platform.internal.CMStatusBarManagerService
12-20 15:03:51.960  3375  3375 D CMStatusBarManagerService: registerCMStatusBar cmstatusbar: org.cyanogenmod.platform.internal.CMStatusBarManagerService@8e63224
12-20 15:03:51.962  3375  3375 I CMSystemServer: Attempting to start service org.cyanogenmod.platform.internal.ProfileManagerService
12-20 15:03:51.965  3375  3375 I CMSystemServer: Starting service org.cyanogenmod.platform.internal.ProfileManagerService
12-20 15:03:51.965  3375  3375 I SystemServiceManager: Starting org.cyanogenmod.platform.internal.ProfileManagerService
12-20 15:03:51.966  3012  3012 E ServiceManager: add_service('profile',61) uid=1000 - ALREADY REGISTERED, OVERRIDE
12-20 15:03:51.966  3012  3012 I ServiceManager: service 'profile' died
12-20 15:03:51.967  3375  3570 D WifiService: New client listening to asynchronous messages
12-20 15:03:51.968  3375  3375 V ProfileTriggerHelper: Enabling
12-20 15:03:51.969  3375  3375 D CMProfileService: Found active: 0230226d-0d05-494a-a9bd-d222a1117655
12-20 15:03:51.972  3375  3375 D CMProfileService: Set active profile to: 0230226d-0d05-494a-a9bd-d222a1117655 - Por defecto
12-20 15:03:51.972  3375  3375 D CMProfileService: Saving profile data...
12-20 15:03:51.973  3375  3375 D CMProfileService: Save completed.
12-20 15:03:51.974  3375  3375 I CMSystemServer: Attempting to start service org.cyanogenmod.platform.internal.PartnerInterfaceService
12-20 15:03:51.976  3375  3375 I CMSystemServer: Starting service org.cyanogenmod.platform.internal.PartnerInterfaceService
12-20 15:03:51.976  3375  3375 I SystemServiceManager: Starting org.cyanogenmod.platform.internal.PartnerInterfaceService
12-20 15:03:51.976  3375  3597 D AssetAtlas: Rendered atlas in 77,79ms (70,75+7,04ms)
12-20 15:03:51.976  3012  3012 E ServiceManager: add_service('cmpartnerinterface',62) uid=1000 - ALREADY REGISTERED, OVERRIDE
12-20 15:03:51.976  3012  3012 I ServiceManager: service 'cmpartnerinterface' died
12-20 15:03:51.976  3375  3375 I CMSystemServer: Attempting to start service org.cyanogenmod.platform.internal.CMTelephonyManagerService
12-20 15:03:51.977  3375  3375 I CMSystemServer: Starting service org.cyanogenmod.platform.internal.CMTelephonyManagerService
12-20 15:03:51.977  3375  3375 I SystemServiceManager: Starting org.cyanogenmod.platform.internal.CMTelephonyManagerService
12-20 15:03:51.977  3375  3375 I CMSystemServer: Attempting to start service org.cyanogenmod.platform.internal.CMHardwareService
12-20 15:03:51.982  3375  3375 I CMSystemServer: Starting service org.cyanogenmod.platform.internal.CMHardwareService
12-20 15:03:51.982  3375  3375 I SystemServiceManager: Starting org.cyanogenmod.platform.internal.CMHardwareService
12-20 15:03:51.983  3012  3012 E ServiceManager: add_service('cmhardware',64) uid=1000 - ALREADY REGISTERED, OVERRIDE
12-20 15:03:51.983  3012  3012 I ServiceManager: service 'cmhardware' died
12-20 15:03:51.983  3375  3375 I CMSystemServer: Attempting to start service org.cyanogenmod.platform.internal.AppSuggestManagerService
12-20 15:03:51.983  3375  3375 I CMSystemServer: Starting service org.cyanogenmod.platform.internal.AppSuggestManagerService
12-20 15:03:51.983  3375  3375 I SystemServiceManager: Starting org.cyanogenmod.platform.internal.AppSuggestManagerService
12-20 15:03:51.984  3375  3375 W ServiceWatcher: com.cyanogen.app.suggest not found
12-20 15:03:51.984  3375  3375 E AppSgstMgrService: no app suggest provider found
12-20 15:03:51.984  3375  3375 I CMSystemServer: Attempting to start service org.cyanogenmod.platform.internal.PerformanceManagerService
12-20 15:03:51.987  3375  3600 I ServiceThread: Enabled StrictMode logging for PerformanceManager looper.
12-20 15:03:51.987  3375  3375 I CMSystemServer: Starting service org.cyanogenmod.platform.internal.PerformanceManagerService
12-20 15:03:51.987  3375  3375 I SystemServiceManager: Starting org.cyanogenmod.platform.internal.PerformanceManagerService
12-20 15:03:51.990  3375  3601 I ServiceThread: Enabled StrictMode logging for PerformanceManager looper.
12-20 15:03:51.991  3375  3375 I CMSystemServer: Attempting to start service org.cyanogenmod.platform.internal.ThemeManagerServiceBroker
12-20 15:03:51.993  3375  3375 E BrokerableCMSystemService: Setting brokered service connection org.cyanogenmod.platform.internal.ThemeManagerServiceBroker$2@7c37fa7
12-20 15:03:51.993  3375  3375 I CMSystemServer: Starting service org.cyanogenmod.platform.internal.ThemeManagerServiceBroker
12-20 15:03:51.993  3375  3375 I SystemServiceManager: Starting org.cyanogenmod.platform.internal.ThemeManagerServiceBroker
12-20 15:03:51.993  3375  3375 E BrokerableCMSystemService: Setting brokered service connection org.cyanogenmod.platform.internal.ThemeManagerServiceBroker$2@14c6c54
12-20 15:03:51.993  3375  3375 I CMSystemServer: Attempting to start service org.cyanogenmod.platform.internal.IconCacheManagerServiceBroker
12-20 15:03:51.994  3375  3375 E BrokerableCMSystemService: Setting brokered service connection org.cyanogenmod.platform.internal.IconCacheManagerServiceBroker$2@383e7fd
12-20 15:03:51.994  3375  3375 I CMSystemServer: Starting service org.cyanogenmod.platform.internal.IconCacheManagerServiceBroker
12-20 15:03:51.994  3375  3375 I SystemServiceManager: Starting org.cyanogenmod.platform.internal.IconCacheManagerServiceBroker
12-20 15:03:51.994  3375  3375 E BrokerableCMSystemService: Setting brokered service connection org.cyanogenmod.platform.internal.IconCacheManagerServiceBroker$2@a870cf2
12-20 15:03:51.994  3375  3375 I CMSystemServer: Attempting to start service org.cyanogenmod.platform.internal.LiveLockScreenServiceBroker
12-20 15:03:51.995  3375  3375 E BrokerableCMSystemService: Setting brokered service connection org.cyanogenmod.platform.internal.LiveLockScreenServiceBroker$2@69e6f43
12-20 15:03:51.995  3375  3375 I CMSystemServer: Starting service org.cyanogenmod.platform.internal.LiveLockScreenServiceBroker
12-20 15:03:51.995  3375  3375 I SystemServiceManager: Starting org.cyanogenmod.platform.internal.LiveLockScreenServiceBroker
12-20 15:03:51.995  3375  3375 E BrokerableCMSystemService: Setting brokered service connection org.cyanogenmod.platform.internal.LiveLockScreenServiceBroker$2@82df9c0
12-20 15:03:51.996  3375  3375 I CMSystemServer: Attempting to start service org.cyanogenmod.platform.internal.WeatherManagerServiceBroker
12-20 15:03:51.996  3375  3375 I CMSystemServer: Starting service org.cyanogenmod.platform.internal.WeatherManagerServiceBroker
12-20 15:03:51.996  3375  3375 I SystemServiceManager: Starting org.cyanogenmod.platform.internal.WeatherManagerServiceBroker
12-20 15:03:51.996  3375  3375 I CMSystemServer: Attempting to start service org.cyanogenmod.platform.internal.display.LiveDisplayService
12-20 15:03:51.999  3375  3602 I ServiceThread: Enabled StrictMode logging for LiveDisplay looper.
12-20 15:03:52.000  3375  3375 I CMSystemServer: Starting service org.cyanogenmod.platform.internal.display.LiveDisplayService
12-20 15:03:52.000  3375  3375 I SystemServiceManager: Starting org.cyanogenmod.platform.internal.display.LiveDisplayService
12-20 15:03:52.000  3375  3603 I ServiceThread: Enabled StrictMode logging for LiveDisplay looper.
12-20 15:03:52.001  3375  3375 I CMSystemServer: Attempting to start service org.cyanogenmod.platform.internal.CMAudioServiceBroker
12-20 15:03:52.001  3375  3375 I CMSystemServer: Starting service org.cyanogenmod.platform.internal.CMAudioServiceBroker
12-20 15:03:52.001  3375  3375 I SystemServiceManager: Starting org.cyanogenmod.platform.internal.CMAudioServiceBroker
12-20 15:03:52.018  3375  3375 E LockSettingsStorage: Cannot read file java.io.FileNotFoundException: /data/system/gatekeeper.password.key: open failed: ENOENT (No such file or directory)
12-20 15:03:52.019  3375  3375 E LockSettingsStorage: Cannot read file java.io.FileNotFoundException: /data/system/password.key: open failed: ENOENT (No such file or directory)
12-20 15:03:52.019  3375  3375 E LockSettingsStorage: Cannot read file java.io.FileNotFoundException: /data/system/gatekeeper.pattern.key: open failed: ENOENT (No such file or directory)
12-20 15:03:52.019  3375  3375 E LockSettingsStorage: Cannot read file java.io.FileNotFoundException: /data/system/gatekeeper.gesture.key: open failed: ENOENT (No such file or directory)
12-20 15:03:52.019  3375  3375 E LockSettingsStorage: Cannot read file java.io.FileNotFoundException: /data/system/gesture.key: open failed: ENOENT (No such file or directory)
12-20 15:03:52.019  3375  3375 E LockSettingsStorage: Cannot read file java.io.FileNotFoundException: /data/system/cm_gesture.key: open failed: ENOENT (No such file or directory)
12-20 15:03:52.019  3375  3375 I SystemServiceManager: Starting phase 480
12-20 15:03:52.030  3375  3375 I SystemServiceManager: Starting phase 500
12-20 15:03:52.031  3375  3375 D BluetoothService: onBootPhase: PHASE_SYSTEM_SERVICES_READY
12-20 15:03:52.031  3375  3375 D BluetoothManagerService: Bluetooth boot completed
12-20 15:03:52.032  3375  3375 I WifiService: WifiService starting up with Wi-Fi enabled
12-20 15:03:52.032  3375  3375 D WifiService: setWifiEnabled: true pid=3375, uid=1000
12-20 15:03:52.033  3375  3375 E WifiService: Invoking mWifiStateMachine.setWifiEnabled
12-20 15:03:52.033  3375  3570 D WifiController: WifiController msg { when=0 what=155656 target=com.android.internal.util.StateMachine$SmHandler } deferred for 500ms
12-20 15:03:52.035  3375  3375 I WifiScanningService: Registering wifiscanner
12-20 15:03:52.036  3375  3375 I RttService: Registering rttmanager
12-20 15:03:52.037  3375  3375 I EthernetServiceImpl: Starting Ethernet service
12-20 15:03:52.038  3375  3375 D Ethernet: Registering NetworkFactory
12-20 15:03:52.038  3375  3571 D ConnectivityService: Got NetworkFactory Messenger for Ethernet
12-20 15:03:52.038  3375  3607 D Ethernet: got request NetworkRequest [ id=1, legacyType=-1, [ Capabilities: INTERNET&NOT_RESTRICTED&TRUSTED&NOT_VPN] ] with score 0
12-20 15:03:52.047  3375  3375 I SELinux : SELinux: Loaded file_contexts contexts from /file_contexts.
12-20 15:03:52.066  3375  3375 V KeyValueBackupJob: Scheduling k/v pass in 241 minutes
12-20 15:03:52.086  3375  3375 V BackupManagerService: Starting with transport com.google.android.gms/.backup.BackupTransportService
12-20 15:03:52.086  3375  3375 V BackupManagerService: Found transports: 2
12-20 15:03:52.087  3375  3375 I BackupManagerService: Binding to transport host ComponentInfo{android/com.android.internal.backup.LocalTransportService}
12-20 15:03:52.088  3375  3375 I BackupManagerService: Binding to transport host ComponentInfo{com.google.android.gms/com.google.android.gms.backup.BackupTransportService}
12-20 15:03:52.089  3375  3375 I BackupManagerService: Found stale backup journal, scheduling
12-20 15:03:52.101  3375  3375 I ActivityManager: Config changes=20 {1.0 ?mcc?mnc es_ES ldltr sw360dp w360dp h616dp 640dpi nrml long port finger -keyb/v/h -nav/h s.6 themeResource=null}
12-20 15:03:52.151  3375  3375 W PackageManager: Unable to get pkg for processing system
12-20 15:03:52.151  3375  3375 E PackageManager: Unable to find icon pack: system
12-20 15:03:52.151  3375  3375 W PackageManager: Removing dangling preferred activity: ComponentInfo{com.google.android.youtube/com.google.android.youtube.UrlActivity}
12-20 15:03:52.151  3375  3375 W PackageManager: Removing dangling preferred activity: ComponentInfo{com.google.android.youtube/com.google.android.youtube.UrlActivity}
12-20 15:03:52.153  3375  3427 W KeyguardServiceDelegate: onScreenTurningOn(): no keyguard service!
12-20 15:03:52.153  3375  3427 D SensorService: SensorEventConnection::SocketBufferSize, SystemSocketBufferSize - 102400, 2097152
12-20 15:03:52.159  3375  3427 D Sensors : requested delay = 250000000, modified delay = 200000000
12-20 15:03:52.159  3375  3427 I Sensors : Light old sensor_state 0, new sensor_state : 512 en : 1
12-20 15:03:52.169  3375  3375 I ActivityManager: System now ready
12-20 15:03:52.171  3375  3375 I SystemServer: Making services ready
12-20 15:03:52.171  3375  3375 I SystemServiceManager: Starting phase 550
12-20 15:03:52.172  3375  3521 D MountService: Thinking about reset, mSystemReady=true, mDaemonConnected=true
12-20 15:03:52.173  3375  3521 D VoldConnector: SND -> {3 volume reset}
12-20 15:03:52.173  3375  3405 I ActivityManager: Force stopping com.android.providers.media appid=10010 user=-1: vold reset
12-20 15:03:52.173  3375  3375 D UsbAlsaManager: Adding ALSA device AlsaDevice: [card: 0, device: 9, type: 1]
12-20 15:03:52.173  3375  3375 D UsbAlsaManager: Adding ALSA device AlsaDevice: [card: 0, device: 8, type: 1]
12-20 15:03:52.173  3375  3522 D VoldConnector: RCV <- {651 emulated 7}
12-20 15:03:52.173  3375  3375 D UsbAlsaManager: Adding ALSA device AlsaDevice: [card: 0, device: 7, type: 1]
12-20 15:03:52.173  3375  3375 D UsbAlsaManager: Adding ALSA device AlsaDevice: [card: 0, device: 6, type: 1]
12-20 15:03:52.173  3375  3375 D UsbAlsaManager: Adding ALSA device AlsaDevice: [card: 0, device: 3, type: 1]
12-20 15:03:52.173  3375  3375 D UsbAlsaManager: Adding ALSA device AlsaDevice: [card: 0, device: 2, type: 1]
