12-20 02:25:49.209  3062  3528 D PermissionCache: checking android.permission.MODIFY_AUDIO_SETTINGS for uid=1000 => granted (288 us)
12-20 02:25:49.210  3062  3062 V audio_hw_primary: adev_set_mic_mute: set mic mute: 0
12-20 02:25:49.228  3391  3501 D EventHub: No input device configuration file found for device 'hrmled_sensor'.
12-20 02:25:49.278  3391  3501 D EventHub: No input device configuration file found for device 'hrm_sensor'.
12-20 02:25:49.308  3391  3501 E EventHub: could not get driver version for /dev/input/mice, Not a typewriter
12-20 02:25:49.364  3391  3501 W EventHub: Unable to disable kernel key repeat for /dev/input/event1: Function not implemented
12-20 02:25:49.364  3391  3501 I EventHub: New device: id=16, fd=119, path='/dev/input/event1', name='sec_touchscreen', classes=0x15, configuration='/system/usr/idc/sec_touchscreen.idc', keyLayout='/system/usr/keylayout/Generic.kl', keyCharacterMap='/system/usr/keychars/Generic.kcm', builtinKeyboard=false, wakeMechanism=EPOLLWAKEUP, usingClockIoctl=true
12-20 02:25:49.364  3391  3501 D EventHub: No input device configuration file found for device 'gpio_keys'.
12-20 02:25:49.365  3391  3501 W EventHub: Unable to disable kernel key repeat for /dev/input/event17: Function not implemented
12-20 02:25:49.365  3391  3501 I EventHub: New device: id=17, fd=120, path='/dev/input/event17', name='gpio_keys', classes=0x1, configuration='', keyLayout='/system/usr/keylayout/Generic.kl', keyCharacterMap='/system/usr/keychars/Generic.kcm', builtinKeyboard=false, wakeMechanism=EPOLLWAKEUP, usingClockIoctl=true
12-20 02:25:49.365  3391  3501 D EventHub: No input device configuration file found for device 'Headset'.
12-20 02:25:49.366  3391  3501 W EventHub: Unable to disable kernel key repeat for /dev/input/event16: Function not implemented
12-20 02:25:49.366  3391  3501 I EventHub: New device: id=18, fd=121, path='/dev/input/event16', name='Headset', classes=0x1, configuration='', keyLayout='/system/usr/keylayout/Generic.kl', keyCharacterMap='/system/usr/keychars/Generic.kcm', builtinKeyboard=false, wakeMechanism=EPOLLWAKEUP, usingClockIoctl=true
12-20 02:25:49.366  3391  3501 D EventHub: No input device configuration file found for device 'sec_touchkey'.
12-20 02:25:49.367  3391  3501 W EventHub: Unable to disable kernel key repeat for /dev/input/event0: Function not implemented
12-20 02:25:49.367  3391  3501 I EventHub: New device: id=19, fd=122, path='/dev/input/event0', name='sec_touchkey', classes=0x1, configuration='', keyLayout='/system/usr/keylayout/sec_touchkey.kl', keyCharacterMap='/system/usr/keychars/Generic.kcm', builtinKeyboard=false, wakeMechanism=EPOLLWAKEUP, usingClockIoctl=true
12-20 02:25:49.368  3391  3501 D EventHub: No input device configuration file found for device 'hall'.
12-20 02:25:49.473  3391  3501 I InputReader: Device added: id=-1, name='Virtual', sources=0x00000301
12-20 02:25:49.473  3391  3501 I InputReader: Device added: id=19, name='sec_touchkey', sources=0x00000101
12-20 02:25:49.473  3391  3501 I InputReader: Device added: id=18, name='Headset', sources=0x00000101
12-20 02:25:49.473  3391  3501 I InputReader: Device added: id=17, name='gpio_keys', sources=0x00000101
12-20 02:25:49.473  3391  3501 W InputReader: Invalid value for touch.size.calibration: 'normalized'
12-20 02:25:49.473  3391  3501 I InputReader:   Touch device 'sec_touchscreen' could not query the properties of its associated display.  The device will be inoperable until the display size becomes available.
12-20 02:25:49.473  3391  3501 I InputReader: Device added: id=16, name='sec_touchscreen', sources=0x00001103
12-20 02:25:49.474  3391  3501 I InputReader: Reconfiguring input devices.  changes=0x00000004
12-20 02:25:49.474  3391  3501 I InputReader: Device reconfigured: id=16, name='sec_touchscreen', size 1440x2560, orientation 0, mode 1, display id 0
12-20 02:25:49.474  3391  3500 I ActivityManager: Config changes=8 {1.0 ?mcc?mnc en_US ldltr sw360dp w360dp h616dp 640dpi nrml long port finger -keyb/h/h -nav/h s.5 themeResource=null}
12-20 02:25:49.679  3391  3391 I SystemServiceManager: Starting com.android.server.DockObserver
12-20 02:25:49.680  3391  3391 I SystemServer: Wired Accessory Manager
12-20 02:25:49.681  3391  3391 W WiredAccessoryManager: This kernel does not have usb audio support
12-20 02:25:49.681  3391  3391 W WiredAccessoryManager: This kernel does not have HDMI audio support
12-20 02:25:49.681  3391  3391 I SystemServiceManager: Starting com.android.server.usb.UsbService$Lifecycle
12-20 02:25:49.694  3391  3391 I SystemServer: Serial Service
12-20 02:25:49.695  3391  3391 I SystemServiceManager: Starting com.android.server.twilight.TwilightService
12-20 02:25:49.696  3391  3391 I SystemServiceManager: Starting com.android.server.job.JobSchedulerService
12-20 02:25:49.699  3391  3391 D JobStore: job-info
12-20 02:25:49.700  3391  3391 I SystemServiceManager: Starting com.android.server.backup.BackupManagerService$Lifecycle
12-20 02:25:49.701  3391  3391 I SystemServiceManager: Starting com.android.server.appwidget.AppWidgetService
12-20 02:25:49.703  3391  3391 I SystemServiceManager: Starting com.android.server.voiceinteraction.VoiceInteractionManagerService
12-20 02:25:49.703  3062  3529 D PermissionCache: checking android.permission.CAPTURE_AUDIO_HOTWORD for uid=1000 => granted (229 us)
12-20 02:25:49.704  3391  3391 W SoundTriggerHelper: listModules status=0, # of modules=0
12-20 02:25:49.705  3391  3391 I SystemServer: Gesture Launcher Service
12-20 02:25:49.705  3391  3391 I SystemServiceManager: Starting com.android.server.GestureLauncherService
12-20 02:25:49.705  3391  3391 I SystemServer: DiskStats Service
12-20 02:25:49.705  3391  3391 I SystemServer: SamplingProfiler Service
12-20 02:25:49.714  3391  3391 I SystemServer: NetworkTimeUpdateService
12-20 02:25:49.714  3391  3391 I SystemServer: CommonTimeManagementService
12-20 02:25:49.715  3391  3391 I SystemServer: CertBlacklister
12-20 02:25:49.715  3391  3391 I SystemServiceManager: Starting com.android.server.dreams.DreamManagerService
12-20 02:25:49.716  3391  3391 I SystemServer: Assets Atlas Service
12-20 02:25:49.719  3391  3391 I SystemServiceManager: Starting com.android.server.print.PrintManagerService
12-20 02:25:49.719  3391  3534 D AssetAtlas: Loaded configuration: SliceMinArea (2048x2048) flags=0x2 count=267
12-20 02:25:49.721  3391  3391 I SystemServiceManager: Starting com.android.server.restrictions.RestrictionsManagerService
12-20 02:25:49.721  3391  3391 I SystemServiceManager: Starting com.android.server.media.MediaSessionService
12-20 02:25:49.732  3391  3391 I SystemServer: Media Router Service
12-20 02:25:49.734  3391  3391 I SystemServiceManager: Starting com.android.server.trust.TrustManagerService
12-20 02:25:49.735  3391  3391 I SystemServiceManager: Starting com.android.server.fingerprint.FingerprintService
12-20 02:25:49.738  3075  3075 D PermissionCache: checking android.permission.MANAGE_FINGERPRINT for uid=1000 => granted (519 us)
12-20 02:25:49.738  3075  3075 V fingerprintd: nativeOpenHal()
12-20 02:25:49.739  3075  3075 E fingerprintd: Can't open fingerprint HW Module, error: -2
12-20 02:25:49.739  3391  3391 W FingerprintService: Failed to open Fingerprint HAL!
12-20 02:25:49.739  3391  3391 V FingerprintService: Fingerprint HAL id: 0
12-20 02:25:49.740  3391  3391 I SystemServer: BackgroundDexOptService
12-20 02:25:49.749  3391  3391 I SystemServiceManager: Starting com.android.server.pm.LauncherAppsService
12-20 02:25:49.750  3391  3391 I SystemServiceManager: Starting com.android.server.media.projection.MediaProjectionManagerService
12-20 02:25:49.765  3391  3400 W JavaBinder: BinderProxy is being destroyed but the application did not call unlinkToDeath to unlink all of its death recipients beforehand.  Releasing leaked death recipient: com.android.server.fingerprint.FingerprintService
12-20 02:25:49.768  3391  3391 I WindowManager: SAFE MODE not enabled
12-20 02:25:49.771  3391  3391 I SystemServiceManager: Starting com.android.server.MmsServiceBroker
12-20 02:25:49.772  3391  3391 I CMSystemServer: Attempting to start service org.cyanogenmod.platform.internal.CMStatusBarManagerService
12-20 02:25:49.775  3391  3391 I CMSystemServer: Starting service org.cyanogenmod.platform.internal.CMStatusBarManagerService
12-20 02:25:49.775  3391  3391 I SystemServiceManager: Starting org.cyanogenmod.platform.internal.CMStatusBarManagerService
12-20 02:25:49.775  3391  3391 D CMStatusBarManagerService: registerCMStatusBar cmstatusbar: org.cyanogenmod.platform.internal.CMStatusBarManagerService@3739c19
12-20 02:25:49.776  3391  3391 I CMSystemServer: Attempting to start service org.cyanogenmod.platform.internal.ProfileManagerService
12-20 02:25:49.780  3391  3391 I CMSystemServer: Starting service org.cyanogenmod.platform.internal.ProfileManagerService
12-20 02:25:49.780  3391  3391 I SystemServiceManager: Starting org.cyanogenmod.platform.internal.ProfileManagerService
12-20 02:25:49.780  3026  3026 E ServiceManager: add_service('profile',61) uid=1000 - ALREADY REGISTERED, OVERRIDE
12-20 02:25:49.780  3026  3026 I ServiceManager: service 'profile' died
12-20 02:25:49.782  3391  3510 D WifiService: New client listening to asynchronous messages
12-20 02:25:49.783  3391  3391 V ProfileTriggerHelper: Enabling
12-20 02:25:49.784  3391  3391 D CMProfileService: Found active: 0230226d-0d05-494a-a9bd-d222a1117655
12-20 02:25:49.786  3391  3391 D CMProfileService: Set active profile to: 0230226d-0d05-494a-a9bd-d222a1117655 - Default
12-20 02:25:49.786  3391  3391 D CMProfileService: Saving profile data...
12-20 02:25:49.787  3391  3391 D CMProfileService: Save completed.
12-20 02:25:49.788  3391  3391 I CMSystemServer: Attempting to start service org.cyanogenmod.platform.internal.PartnerInterfaceService
12-20 02:25:49.789  3391  3391 I CMSystemServer: Starting service org.cyanogenmod.platform.internal.PartnerInterfaceService
12-20 02:25:49.789  3391  3391 I SystemServiceManager: Starting org.cyanogenmod.platform.internal.PartnerInterfaceService
12-20 02:25:49.790  3026  3026 E ServiceManager: add_service('cmpartnerinterface',62) uid=1000 - ALREADY REGISTERED, OVERRIDE
12-20 02:25:49.790  3026  3026 I ServiceManager: service 'cmpartnerinterface' died
12-20 02:25:49.790  3391  3391 I CMSystemServer: Attempting to start service org.cyanogenmod.platform.internal.CMTelephonyManagerService
12-20 02:25:49.791  3391  3391 I CMSystemServer: Starting service org.cyanogenmod.platform.internal.CMTelephonyManagerService
12-20 02:25:49.791  3391  3391 I SystemServiceManager: Starting org.cyanogenmod.platform.internal.CMTelephonyManagerService
12-20 02:25:49.792  3391  3391 I CMSystemServer: Attempting to start service org.cyanogenmod.platform.internal.CMHardwareService
12-20 02:25:49.800  3391  3391 I CMSystemServer: Starting service org.cyanogenmod.platform.internal.CMHardwareService
12-20 02:25:49.800  3391  3391 I SystemServiceManager: Starting org.cyanogenmod.platform.internal.CMHardwareService
12-20 02:25:49.802  3026  3026 E ServiceManager: add_service('cmhardware',64) uid=1000 - ALREADY REGISTERED, OVERRIDE
12-20 02:25:49.802  3026  3026 I ServiceManager: service 'cmhardware' died
12-20 02:25:49.802  3391  3391 I CMSystemServer: Attempting to start service org.cyanogenmod.platform.internal.AppSuggestManagerService
12-20 02:25:49.803  3391  3391 I CMSystemServer: Starting service org.cyanogenmod.platform.internal.AppSuggestManagerService
12-20 02:25:49.803  3391  3391 I SystemServiceManager: Starting org.cyanogenmod.platform.internal.AppSuggestManagerService
12-20 02:25:49.803  3391  3391 W ServiceWatcher: com.cyanogen.app.suggest not found
12-20 02:25:49.803  3391  3391 E AppSgstMgrService: no app suggest provider found
12-20 02:25:49.804  3391  3391 I CMSystemServer: Attempting to start service org.cyanogenmod.platform.internal.PerformanceManagerService
12-20 02:25:49.807  3391  3550 I ServiceThread: Enabled StrictMode logging for PerformanceManager looper.
12-20 02:25:49.807  3391  3391 I CMSystemServer: Starting service org.cyanogenmod.platform.internal.PerformanceManagerService
12-20 02:25:49.807  3391  3391 I SystemServiceManager: Starting org.cyanogenmod.platform.internal.PerformanceManagerService
12-20 02:25:49.810  3391  3551 I ServiceThread: Enabled StrictMode logging for PerformanceManager looper.
12-20 02:25:49.810  3391  3391 I CMSystemServer: Attempting to start service org.cyanogenmod.platform.internal.ThemeManagerServiceBroker
12-20 02:25:49.811  3391  3534 D AssetAtlas: Rendered atlas in 83.35ms (73.04+10.31ms)
12-20 02:25:49.812  3391  3391 E BrokerableCMSystemService: Setting brokered service connection org.cyanogenmod.platform.internal.ThemeManagerServiceBroker$2@61e3090
12-20 02:25:49.812  3391  3391 I CMSystemServer: Starting service org.cyanogenmod.platform.internal.ThemeManagerServiceBroker
12-20 02:25:49.812  3391  3391 I SystemServiceManager: Starting org.cyanogenmod.platform.internal.ThemeManagerServiceBroker
12-20 02:25:49.812  3391  3391 E BrokerableCMSystemService: Setting brokered service connection org.cyanogenmod.platform.internal.ThemeManagerServiceBroker$2@d06bd89
12-20 02:25:49.813  3391  3391 I CMSystemServer: Attempting to start service org.cyanogenmod.platform.internal.IconCacheManagerServiceBroker
12-20 02:25:49.813  3391  3391 E BrokerableCMSystemService: Setting brokered service connection org.cyanogenmod.platform.internal.IconCacheManagerServiceBroker$2@a94a18e
12-20 02:25:49.813  3391  3391 I CMSystemServer: Starting service org.cyanogenmod.platform.internal.IconCacheManagerServiceBroker
12-20 02:25:49.813  3391  3391 I SystemServiceManager: Starting org.cyanogenmod.platform.internal.IconCacheManagerServiceBroker
12-20 02:25:49.813  3391  3391 E BrokerableCMSystemService: Setting brokered service connection org.cyanogenmod.platform.internal.IconCacheManagerServiceBroker$2@c563daf
12-20 02:25:49.814  3391  3391 I CMSystemServer: Attempting to start service org.cyanogenmod.platform.internal.LiveLockScreenServiceBroker
12-20 02:25:49.815  3391  3391 E BrokerableCMSystemService: Setting brokered service connection org.cyanogenmod.platform.internal.LiveLockScreenServiceBroker$2@bddc5bc
12-20 02:25:49.815  3391  3391 I CMSystemServer: Starting service org.cyanogenmod.platform.internal.LiveLockScreenServiceBroker
12-20 02:25:49.815  3391  3391 I SystemServiceManager: Starting org.cyanogenmod.platform.internal.LiveLockScreenServiceBroker
12-20 02:25:49.815  3391  3391 E BrokerableCMSystemService: Setting brokered service connection org.cyanogenmod.platform.internal.LiveLockScreenServiceBroker$2@b14a945
12-20 02:25:49.815  3391  3391 I CMSystemServer: Attempting to start service org.cyanogenmod.platform.internal.WeatherManagerServiceBroker
12-20 02:25:49.816  3391  3391 I CMSystemServer: Starting service org.cyanogenmod.platform.internal.WeatherManagerServiceBroker
12-20 02:25:49.816  3391  3391 I SystemServiceManager: Starting org.cyanogenmod.platform.internal.WeatherManagerServiceBroker
12-20 02:25:49.816  3391  3391 I CMSystemServer: Attempting to start service org.cyanogenmod.platform.internal.display.LiveDisplayService
12-20 02:25:49.819  3391  3552 I ServiceThread: Enabled StrictMode logging for LiveDisplay looper.
12-20 02:25:49.820  3391  3391 I CMSystemServer: Starting service org.cyanogenmod.platform.internal.display.LiveDisplayService
12-20 02:25:49.820  3391  3391 I SystemServiceManager: Starting org.cyanogenmod.platform.internal.display.LiveDisplayService
12-20 02:25:49.820  3391  3553 I ServiceThread: Enabled StrictMode logging for LiveDisplay looper.
12-20 02:25:49.821  3391  3391 I CMSystemServer: Attempting to start service org.cyanogenmod.platform.internal.CMAudioServiceBroker
12-20 02:25:49.821  3391  3391 I CMSystemServer: Starting service org.cyanogenmod.platform.internal.CMAudioServiceBroker
12-20 02:25:49.821  3391  3391 I SystemServiceManager: Starting org.cyanogenmod.platform.internal.CMAudioServiceBroker
12-20 02:25:49.830  3391  3391 E LockSettingsStorage: Cannot read file java.io.FileNotFoundException: /data/system/gatekeeper.password.key: open failed: ENOENT (No such file or directory)
12-20 02:25:49.830  3391  3391 E LockSettingsStorage: Cannot read file java.io.FileNotFoundException: /data/system/password.key: open failed: ENOENT (No such file or directory)
12-20 02:25:49.830  3391  3391 E LockSettingsStorage: Cannot read file java.io.FileNotFoundException: /data/system/gatekeeper.pattern.key: open failed: ENOENT (No such file or directory)
12-20 02:25:49.830  3391  3391 E LockSettingsStorage: Cannot read file java.io.FileNotFoundException: /data/system/gatekeeper.gesture.key: open failed: ENOENT (No such file or directory)
12-20 02:25:49.830  3391  3391 E LockSettingsStorage: Cannot read file java.io.FileNotFoundException: /data/system/gesture.key: open failed: ENOENT (No such file or directory)
12-20 02:25:49.831  3391  3391 E LockSettingsStorage: Cannot read file java.io.FileNotFoundException: /data/system/cm_gesture.key: open failed: ENOENT (No such file or directory)
12-20 02:25:49.831  3391  3391 I SystemServiceManager: Starting phase 480
12-20 02:25:49.833  3391  3391 I SystemServiceManager: Starting phase 500
12-20 02:25:49.834  3391  3391 D BluetoothService: onBootPhase: PHASE_SYSTEM_SERVICES_READY
12-20 02:25:49.834  3391  3391 D BluetoothManagerService: Bluetooth boot completed
12-20 02:25:49.835  3391  3391 I WifiService: WifiService starting up with Wi-Fi enabled
12-20 02:25:49.836  3391  3391 D WifiService: setWifiEnabled: true pid=3391, uid=1000
12-20 02:25:49.836  3391  3391 E WifiService: Invoking mWifiStateMachine.setWifiEnabled
12-20 02:25:49.836  3391  3510 D WifiController: WifiController msg { when=0 what=155656 target=com.android.internal.util.StateMachine$SmHandler } deferred for 500ms
12-20 02:25:49.838  3391  3391 I WifiScanningService: Registering wifiscanner
12-20 02:25:49.840  3391  3391 I RttService: Registering rttmanager
12-20 02:25:49.841  3391  3391 I EthernetServiceImpl: Starting Ethernet service
12-20 02:25:49.842  3391  3391 D Ethernet: Registering NetworkFactory
12-20 02:25:49.842  3391  3511 D ConnectivityService: Got NetworkFactory Messenger for Ethernet
12-20 02:25:49.843  3391  3557 D Ethernet: got request NetworkRequest [ id=1, legacyType=-1, [ Capabilities: INTERNET&NOT_RESTRICTED&TRUSTED&NOT_VPN] ] with score 0
12-20 02:25:49.848  3391  3391 I SELinux : SELinux: Loaded file_contexts contexts from /file_contexts.
12-20 02:25:49.849  3391  3391 V BackupManagerService: No ancestral data
12-20 02:25:49.873  3391  3391 V KeyValueBackupJob: Scheduling k/v pass in 247 minutes
12-20 02:25:49.913  3391  3391 V BackupManagerService: Starting with transport com.google.android.gms/.backup.BackupTransportService
12-20 02:25:49.913  3391  3391 V BackupManagerService: Found transports: 1
12-20 02:25:49.913  3391  3391 I BackupManagerService: Binding to transport host ComponentInfo{android/com.android.internal.backup.LocalTransportService}
12-20 02:25:49.914  3391  3391 I BackupManagerService: Found stale backup journal, scheduling
12-20 02:25:49.932  3391  3391 I ActivityManager: Config changes=20 {1.0 ?mcc?mnc en_US ldltr sw360dp w360dp h616dp 640dpi nrml long port finger -keyb/v/h -nav/h s.6 themeResource=null}
12-20 02:25:49.969  3391  3391 W PackageManager: Unable to get pkg for processing system
12-20 02:25:49.969  3391  3391 E PackageManager: Unable to find icon pack: system
12-20 02:25:49.980  3391  3391 I ActivityManager: System now ready
12-20 02:25:49.981  3391  3439 W KeyguardServiceDelegate: onScreenTurningOn(): no keyguard service!
12-20 02:25:49.982  3391  3391 I SystemServer: Making services ready
12-20 02:25:49.982  3391  3391 I SystemServiceManager: Starting phase 550
12-20 02:25:49.983  3391  3502 D MountService: Thinking about reset, mSystemReady=true, mDaemonConnected=true
12-20 02:25:49.983  3391  3502 D VoldConnector: SND -> {3 volume reset}
12-20 02:25:49.983  3391  3425 I ActivityManager: Force stopping com.android.providers.media appid=10010 user=-1: vold reset
12-20 02:25:49.983  3391  3391 D UsbAlsaManager: Adding ALSA device AlsaDevice: [card: 0, device: 9, type: 1]
12-20 02:25:49.983  3391  3391 D UsbAlsaManager: Adding ALSA device AlsaDevice: [card: 0, device: 8, type: 1]
12-20 02:25:49.983  3391  3391 D UsbAlsaManager: Adding ALSA device AlsaDevice: [card: 0, device: 7, type: 1]
12-20 02:25:49.983  3391  3391 D UsbAlsaManager: Adding ALSA device AlsaDevice: [card: 0, device: 6, type: 1]
12-20 02:25:49.983  3391  3391 D UsbAlsaManager: Adding ALSA device AlsaDevice: [card: 0, device: 3, type: 1]
12-20 02:25:49.983  3391  3391 D UsbAlsaManager: Adding ALSA device AlsaDevice: [card: 0, device: 2, type: 1]
12-20 02:25:49.983  3391  3391 D UsbAlsaManager: Adding ALSA device AlsaDevice: [card: 0, device: 1, type: 1]
12-20 02:25:49.983  3391  3391 D UsbAlsaManager: Adding ALSA device AlsaDevice: [card: 0, device: 2, type: 2]
12-20 02:25:49.983  3391  3391 D UsbAlsaManager: Adding ALSA device AlsaDevice: [card: 0, device: 0, type: 1]
12-20 02:25:49.983  3391  3391 D UsbAlsaManager: Adding ALSA device AlsaDevice: [card: 0, device: 1, type: 2]
12-20 02:25:49.983  2947  2967 V vold    : /system/bin/sgdisk
12-20 02:25:49.983  3391  3391 D UsbAlsaManager: Adding ALSA device AlsaDevice: [card: 0, device: 0, type: 2]
12-20 02:25:49.983  3391  3503 D VoldConnector: RCV <- {651 emulated 7}
12-20 02:25:49.983  3391  3503 D VoldConnector: RCV <- {659 emulated}
12-20 02:25:49.983  3391  3503 D VoldConnector: RCV <- {650 emulated 2 "" ""}
12-20 02:25:49.984  3391  3503 D VoldConnector: RCV <- {654 emulated emulated}
12-20 02:25:49.984  3391  3503 D VoldConnector: RCV <- {651 emulated 0}
12-20 02:25:49.984  3391  3503 D VoldConnector: RCV <- {651 public:179_1 7}
12-20 02:25:49.984  3391  3503 D VoldConnector: RCV <- {659 public:179_1}
12-20 02:25:49.984  3391  3503 D VoldConnector: RCV <- {649 disk:179_0}
12-20 02:25:49.984  3391  3503 D VoldConnector: RCV <- {640 disk:179_0 4}
12-20 02:25:49.984  3391  3503 D VoldConnector: RCV <- {641 disk:179_0 1967128576}
12-20 02:25:49.984  3391  3503 D VoldConnector: RCV <- {642 disk:179_0 Samsung}
12-20 02:25:49.984  3391  3503 D VoldConnector: RCV <- {644 disk:179_0 /sys//devices/15740000.dwmmc2/mmc_host/mmc0/mmc0:0002/block/mmcblk0}
12-20 02:25:49.984  2947  2967 V vold    :     --android-dump
12-20 02:25:49.984  2947  2967 V vold    :     /dev/block/vold/disk:179_0
12-20 02:25:49.994  2947  2967 V vold    : DISK mbr
12-20 02:25:49.994  2947  2967 V vold    : PART 1 e
12-20 02:25:49.995  3391  3503 D VoldConnector: RCV <- {650 public:179_1 0 "disk:179_0" ""}
12-20 02:25:49.995  3391  3503 D VoldConnector: RCV <- {654 public:179_1 sdcard}
12-20 02:25:49.996  3391  3503 D VoldConnector: RCV <- {651 public:179_1 0}
12-20 02:25:49.996  3391  3503 D VoldConnector: RCV <- {643 disk:179_0}
12-20 02:25:49.996  3391  3503 D VoldConnector: RCV <- {200 3 Command succeeded}
12-20 02:25:49.996  3391  3502 D VoldConnector: SND -> {4 volume user_added 0 0}
12-20 02:25:49.997  3391  3503 D VoldConnector: RCV <- {200 4 Command succeeded}
12-20 02:25:49.997  3391  3391 W MountService: No primary storage defined yet; hacking together a stub
12-20 02:25:49.998  3391  3427 V MountService: Found primary storage at VolumeInfo{emulated}:
12-20 02:25:49.998  3391  3427 V MountService:     type=EMULATED diskId=null partGuid=null mountFlags=0 mountUserId=-1 
12-20 02:25:49.998  3391  3427 V MountService:     state=UNMOUNTED 
12-20 02:25:49.998  3391  3427 V MountService:     fsType=null fsUuid=null fsLabel=null 
12-20 02:25:49.998  3391  3427 V MountService:     path=null internalPath=null 
12-20 02:25:49.999  3391  3502 D VoldConnector: SND -> {5 volume mount emulated 3 -1}
12-20 02:25:49.999  3391  3503 D VoldConnector: RCV <- {651 emulated 1}
12-20 02:25:50.000  3391  3503 D VoldConnector: RCV <- {656 emulated /data/media}
12-20 02:25:50.000  3391  3503 D VoldConnector: RCV <- {655 emulated /storage/emulated}
12-20 02:25:50.000  2947  2967 V vold    : Waiting for FUSE to spin up...
12-20 02:25:50.011  3391  3391 I Zygote  : Process: zygote socket opened, supported ABIS: arm64-v8a,armeabi
12-20 02:25:50.012  3069  3395 I art     : Starting a blocking GC HeapTrim
12-20 02:25:50.022  3391  3391 I ActivityManager: Start proc 3583:com.android.systemui/u0a25 for service com.android.systemui/.keyguard.KeyguardService
12-20 02:25:50.022  3391  3391 I BrokerableCMSystemService: Connecting to implementation
12-20 02:25:50.022  3391  3391 W ContextImpl: Calling a method in the system process without a qualified user: android.app.ContextImpl.bindService:1295 org.cyanogenmod.platform.internal.BrokerableCMSystemService.tryConnecting:199 org.cyanogenmod.platform.internal.ThemeManagerServiceBroker.onBootPhase:270 com.android.server.SystemServiceManager.startBootPhase:135 com.android.server.SystemServer$2.run:1180 
12-20 02:25:50.033  3391  3391 I ActivityManager: Start proc 3596:org.cyanogenmod.themeservice/u0a20 for service org.cyanogenmod.themeservice/.ThemeManagerService
12-20 02:25:50.034  3391  3391 I SystemServer: WebViewFactory preparation
12-20 02:25:50.045  3391  3425 I ActivityManager: Start proc 3608:android.process.media/u0a10 for broadcast com.android.providers.media/.MtpReceiver
12-20 02:25:50.050  3391  3503 D VoldConnector: RCV <- {651 emulated 2}
12-20 02:25:50.050  3391  3503 D VoldConnector: RCV <- {200 5 Command succeeded}
12-20 02:25:50.056  3391  3391 I Zygote  : Process: zygote socket opened, supported ABIS: armeabi-v7a,armeabi
12-20 02:25:50.056  3070  3246 I art     : Starting a blocking GC HeapTrim
12-20 02:25:50.057  3070  3070 I art     : Starting a blocking GC Background
12-20 02:25:50.088  3391  3391 I ActivityManager: Start proc 3625:WebViewLoader-armeabi-v7a/1037 [android.webkit.WebViewFactory$RelroFileCreator] for 
12-20 02:25:50.098  3391  3391 I ActivityManager: Start proc 3636:WebViewLoader-arm64-v8a/1037 [android.webkit.WebViewFactory$RelroFileCreator] for 
12-20 02:25:50.100  3625  3625 V WebViewFactory: RelroFileCreator (64bit = false),  32-bit lib: /system/app/webview/webview.apk!/lib/armeabi-v7a/libwebviewchromium.so, 64-bit lib: /system/app/webview/webview.apk!/lib/arm64-v8a/libwebviewchromium.so
12-20 02:25:50.112  3636  3636 V WebViewFactory: RelroFileCreator (64bit = true),  32-bit lib: /system/app/webview/webview.apk!/lib/armeabi-v7a/libwebviewchromium.so, 64-bit lib: /system/app/webview/webview.apk!/lib/arm64-v8a/libwebviewchromium.so
12-20 02:25:50.113  3391  3502 D VoldConnector: SND -> {6 volume mount public:179_1 0 0}
12-20 02:25:50.113  2947  2967 V vold    : /system/bin/blkid
12-20 02:25:50.113  2947  2967 V vold    :     -c
12-20 02:25:50.113  3391  3503 D VoldConnector: RCV <- {651 public:179_1 1}
12-20 02:25:50.113  2947  2967 V vold    :     /dev/null
12-20 02:25:50.113  2947  2967 V vold    :     -s
12-20 02:25:50.113  2947  2967 V vold    :     TYPE
12-20 02:25:50.113  2947  2967 V vold    :     -s
12-20 02:25:50.113  2947  2967 V vold    :     UUID
12-20 02:25:50.113  2947  2967 V vold    :     -s
12-20 02:25:50.113  2947  2967 V vold    :     LABEL
12-20 02:25:50.113  2947  2967 V vold    :     /dev/block/vold/public:179_1
12-20 02:25:50.113  3391  3391 D NetworkManagement: enabling bandwidth control
12-20 02:25:50.124  3391  3425 I ActivityManager: Start proc 3654:com.android.externalstorage/u0a9 for broadcast com.android.externalstorage/.MountReceiver
12-20 02:25:50.139  2954  2954 W auditd  : type=1325 audit(0.0:161): table=filter family=2 entries=52
12-20 02:25:50.139  2954  2954 W auditd  : type=1320 audit(0.0:161): 
12-20 02:25:50.146  3625  3625 I art     : System.exit called, status: 0
12-20 02:25:50.146  3625  3625 I AndroidRuntime: VM exiting with result code 0, cleanup skipped.
12-20 02:25:50.149  2954  2954 W auditd  : type=1325 audit(0.0:162): table=filter family=10 entries=55
12-20 02:25:50.149  2954  2954 W auditd  : type=1320 audit(0.0:162): 
12-20 02:25:50.159  2954  2954 W auditd  : type=1325 audit(0.0:163): table=filter family=2 entries=51
12-20 02:25:50.159  2954  2954 W auditd  : type=1320 audit(0.0:163): 
12-20 02:25:50.164  3636  3636 I art     : System.exit called, status: 0
12-20 02:25:50.164  3636  3636 I AndroidRuntime: VM exiting with result code 0, cleanup skipped.
12-20 02:25:50.169  2954  2954 W auditd  : type=1325 audit(0.0:164): table=filter family=10 entries=54
12-20 02:25:50.169  2954  2954 W auditd  : type=1320 audit(0.0:164): 
12-20 02:25:50.169  2954  2954 W auditd  : type=1325 audit(0.0:165): table=filter family=2 entries=50
12-20 02:25:50.169  2954  2954 W auditd  : type=1320 audit(0.0:165): 
12-20 02:25:50.171  3583  3583 W System  : ClassLoader referenced unknown path: /system/priv-app/SystemUI/lib/arm64
12-20 02:25:50.171  3026  3026 E SELinux : avc:  denied  { find } for service=network_management scontext=u:r:themeservice_app:s0 tcontext=u:object_r:network_management_service:s0 tclass=service_manager
12-20 02:25:50.176  3608  3608 W System  : ClassLoader referenced unknown path: /system/priv-app/MediaProvider/lib/arm64
12-20 02:25:50.177  2947  2967 V vold    : /dev/block/vold/public:179_1: LABEL="HDDREG" UUID="067B-1A2C" TYPE="vfat" 
12-20 02:25:50.178  3391  3503 D VoldConnector: RCV <- {652 public:179_1 vfat}
12-20 02:25:50.178  3596  3596 W System  : ClassLoader referenced unknown path: /system/priv-app/ThemeManagerService/lib/arm64
12-20 02:25:50.178  3391  3503 D VoldConnector: RCV <- {653 public:179_1 067B-1A2C}
12-20 02:25:50.178  2947  2967 V vold    : /system/bin/fsck_msdos
12-20 02:25:50.178  2947  2967 V vold    :     -p
12-20 02:25:50.178  2947  2967 V vold    :     -f
12-20 02:25:50.178  2947  2967 V vold    :     /dev/block/vold/public:179_1
12-20 02:25:50.179  2954  2954 W auditd  : type=1325 audit(0.0:166): table=filter family=10 entries=53
12-20 02:25:50.179  2954  2954 W auditd  : type=1320 audit(0.0:166): 
12-20 02:25:50.179  3391  3503 D VoldConnector: RCV <- {654 public:179_1 HDDREG}
12-20 02:25:50.179  3391  3503 D VoldConnector: RCV <- {656 public:179_1 /mnt/media_rw/067B-1A2C}
12-20 02:25:50.180  3391  3503 D VoldConnector: RCV <- {655 public:179_1 /mnt/media_rw/067B-1A2C}
12-20 02:25:50.183  3596  3596 I ThemeManagerService: Spawned worker thread
12-20 02:25:50.185  2947  2967 I fsck_msdos: ** /dev/block/vold/public:179_1
12-20 02:25:50.186  3673  3673 D fsck_msdos: sectors Per cluster :64 
12-20 02:25:50.186  3673  3673 D fsck_msdos: boot->ClusterOffset :397 
12-20 02:25:50.186  3673  3673 I fsck_msdos: FAT16 Fielsystem
12-20 02:25:50.186  3673  3673 D fsck_msdos: Using cluster_chain_descriptor
12-20 02:25:50.186  3673  3673 I fsck_msdos: Total clusters 59929 
12-20 02:25:50.186  2947  2967 I fsck_msdos: ** Phase 1 - Read and Compare FATs
12-20 02:25:50.186  2947  2967 I fsck_msdos: Attempting to allocate 123 KB for FAT
12-20 02:25:50.189  2954  2954 W auditd  : type=1325 audit(0.0:167): table=filter family=2 entries=50
12-20 02:25:50.189  2954  2954 W auditd  : type=1320 audit(0.0:167): 
12-20 02:25:50.192  3583  3583 V SystemUIService: Starting SystemUI services.
12-20 02:25:50.198  2947  2967 I fsck_msdos: Attempting to allocate 123 KB for FAT
12-20 02:25:50.199  2954  2954 W auditd  : type=1325 audit(0.0:168): table=filter family=10 entries=53
12-20 02:25:50.199  2954  2954 W auditd  : type=1320 audit(0.0:168): 
12-20 02:25:50.199  2954  2954 W auditd  : type=1325 audit(0.0:169): table=filter family=2 entries=50
12-20 02:25:50.199  2954  2954 W auditd  : type=1320 audit(0.0:169): 
12-20 02:25:50.206  3608  3608 W System  : ClassLoader referenced unknown path: /system/priv-app/DownloadProvider/lib/arm64
12-20 02:25:50.209  2954  2954 W auditd  : type=1325 audit(0.0:170): table=filter family=10 entries=53
12-20 02:25:50.209  2954  2954 W auditd  : type=1320 audit(0.0:170): 
12-20 02:25:50.210  3673  3673 I fsck_msdos: Begin to compare FAT
12-20 02:25:50.210  3673  3673 I fsck_msdos: ** Phase 2 - Check Cluster Chains 
12-20 02:25:50.210  3673  3673 I fsck_msdos: Begin to handle the cluster chain
12-20 02:25:50.211  3673  3673 D fsck_msdos: rootDir->head :0
12-20 02:25:50.211  2947  2967 I fsck_msdos: ** Phase 3 - Checking Directories
12-20 02:25:50.218  3596  3596 D ThemeManagerService: Prev api level was: 23, api is now: 23
12-20 02:25:50.219  2954  2954 W auditd  : type=1325 audit(0.0:171): table=filter family=2 entries=50
12-20 02:25:50.219  2954  2954 W auditd  : type=1320 audit(0.0:171): 
12-20 02:25:50.225  3654  3654 W System  : ClassLoader referenced unknown path: /system/priv-app/ExternalStorageProvider/lib/arm64
12-20 02:25:50.228  3673  3673 D fsck_msdos: Verify Filesystem information
12-20 02:25:50.228  3673  3673 W fsck_msdos: 26 files, 1915936 free (59873 clusters)
12-20 02:25:50.228  3673  3673 I fsck_msdos: free_rb_tree 
12-20 02:25:50.228  3673  3673 I fsck_msdos: free_fragment_tree
12-20 02:25:50.228  3673  3673 I fsck_msdos: free_fragment_tree
12-20 02:25:50.228  3673  3673 I fsck_msdos: free_fragment_tree: rb_tree is empty 
12-20 02:25:50.229  2954  2954 W auditd  : type=1325 audit(0.0:172): table=filter family=10 entries=53
12-20 02:25:50.229  2954  2954 W auditd  : type=1320 audit(0.0:172): 
12-20 02:25:50.229  2947  2967 I fsck_msdos: ** Phase 4 - Checking for Lost Files
12-20 02:25:50.230  2947  2967 I Vold    : Filesystem check completed OK
12-20 02:25:50.239  2954  2954 W auditd  : type=1325 audit(0.0:173): table=raw family=2 entries=10
12-20 02:25:50.239  2954  2954 W auditd  : type=1320 audit(0.0:173): 
12-20 02:25:50.247  3391  3503 D VoldConnector: RCV <- {651 public:179_1 2}
12-20 02:25:50.248  3391  3503 D VoldConnector: RCV <- {200 6 Command succeeded}
12-20 02:25:50.249  2954  2954 W auditd  : type=1325 audit(0.0:174): table=raw family=10 entries=10
12-20 02:25:50.249  2954  2954 W auditd  : type=1320 audit(0.0:174): 
12-20 02:25:50.250  3654  3654 D ExternalStorage: After updating volumes, found 1 active roots
12-20 02:25:50.259  2954  2954 W auditd  : type=1325 audit(0.0:175): table=mangle family=2 entries=17
12-20 02:25:50.259  2954  2954 W auditd  : type=1320 audit(0.0:175): 
12-20 02:25:50.259  2954  2954 W auditd  : type=1325 audit(0.0:176): table=mangle family=10 entries=13
12-20 02:25:50.259  2954  2954 W auditd  : type=1320 audit(0.0:176): 
12-20 02:25:50.269  2954  2954 W auditd  : type=1325 audit(0.0:177): table=filter family=2 entries=49
12-20 02:25:50.269  2954  2954 W auditd  : type=1320 audit(0.0:177): 
12-20 02:25:50.269  2954  2954 W auditd  : type=1325 audit(0.0:178): table=filter family=10 entries=52
12-20 02:25:50.283  3654  3654 D ExternalStorage: After updating volumes, found 2 active roots
12-20 02:25:50.287  3654  3654 D ExternalStorage: After updating volumes, found 2 active roots
12-20 02:25:50.290  3654  3654 D ExternalStorage: After updating volumes, found 2 active roots
12-20 02:25:50.301  3391  3409 I ActivityManager: Start proc 3698:org.cyanogenmod.themes.provider/u0a22 for broadcast org.cyanogenmod.themes.provider/.AppReceiver
12-20 02:25:50.304  3583  3696 E WVMExtractor: Failed to open libwvm.so: dlopen failed: library "libwvm.so" not found
12-20 02:25:50.317  3062  3528 I EXYNOS_COMP_REGS: Loading the library: libOMX.Exynos.AVC.Decoder.so
12-20 02:25:50.320  3062  3528 I EXYNOS_COMP_REGS: Loading the library: libOMX.Exynos.AVC.Encoder.so
12-20 02:25:50.323  3062  3528 I EXYNOS_COMP_REGS: Loading the library: libOMX.Exynos.HEVC.Decoder.so
12-20 02:25:50.326  3062  3528 I EXYNOS_COMP_REGS: Loading the library: libOMX.Exynos.HEVC.Encoder.so
12-20 02:25:50.332  3062  3528 I EXYNOS_COMP_REGS: Loading the library: libOMX.Exynos.MPEG4.Decoder.so
12-20 02:25:50.335  3062  3528 I EXYNOS_COMP_REGS: Loading the library: libOMX.Exynos.MPEG4.Encoder.so
12-20 02:25:50.337  3062  3528 I EXYNOS_COMP_REGS: Loading the library: libOMX.Exynos.VP8.Decoder.so
12-20 02:25:50.339  3062  3528 I EXYNOS_COMP_REGS: Loading the library: libOMX.Exynos.VP8.Encoder.so
12-20 02:25:50.341  3062  3528 I EXYNOS_COMP_REGS: Loading the library: libOMX.Exynos.VP9.Decoder.so
12-20 02:25:50.342  3391  3510 D WifiController: DEFERRED_TOGGLE handled
12-20 02:25:50.343  3391  3509 E WifiMonitor: killSupplicant p2ptrue init.svc.wpa_supplicant=unknown init.svc.p2p_supplicant=unknown
12-20 02:25:50.343  3062  3528 I EXYNOS_COMP_REGS: Loading the library: libOMX.Exynos.VP9.Encoder.so
12-20 02:25:50.345  3062  3528 I EXYNOS_COMP_REGS: Loading the library: libOMX.Exynos.WMV.Decoder.so
12-20 02:25:50.357  3062  3528 D libexynosv4l2: try node: /dev/video6
12-20 02:25:50.357  3062  3528 I libexynosv4l2: node found for device s5p-mfc-dec: /dev/video6
12-20 02:25:50.369  3062  3528 I libexynosv4l2: open video device /dev/video6
12-20 02:25:50.369  3062  3528 W ACodec  : do not know color format 0x7f000012 = 2130706450
12-20 02:25:50.369  3062  3528 W ACodec  : do not know color format 0x7f000011 = 2130706449
12-20 02:25:50.369  3062  3528 I Exynos_OSAL_Android: output buffer sharing mode is on (15)
12-20 02:25:50.372  3062  3528 D libexynosv4l2: try node: /dev/video6
12-20 02:25:50.372  3062  3528 I libexynosv4l2: node found for device s5p-mfc-dec: /dev/video6
12-20 02:25:50.375  3062  3528 I libexynosv4l2: open video device /dev/video6
12-20 02:25:50.376  3062  3528 W ACodec  : do not know color format 0x7f000012 = 2130706450
12-20 02:25:50.376  3062  3528 W ACodec  : do not know color format 0x7f000011 = 2130706449
12-20 02:25:50.376  3062  3528 I Exynos_OSAL_Android: output buffer sharing mode is on (15)
12-20 02:25:50.377  3062  3528 D libexynosv4l2: try node: /dev/video6
12-20 02:25:50.378  3062  3528 I libexynosv4l2: node found for device s5p-mfc-dec: /dev/video6
12-20 02:25:50.381  3062  3528 I libexynosv4l2: open video device /dev/video6
12-20 02:25:50.382  3062  3528 W ACodec  : do not know color format 0x7f000012 = 2130706450
12-20 02:25:50.382  3062  3528 W ACodec  : do not know color format 0x7f000011 = 2130706449
12-20 02:25:50.382  3062  3528 I Exynos_OSAL_Android: output buffer sharing mode is on (15)
12-20 02:25:50.384  3062  3528 D libexynosv4l2: try node: /dev/video6
12-20 02:25:50.384  3062  3528 I libexynosv4l2: node found for device s5p-mfc-dec: /dev/video6
12-20 02:25:50.386  3698  3698 W System  : ClassLoader referenced unknown path: /system/priv-app/ThemesProvider/lib/arm64
12-20 02:25:50.388  3062  3528 I libexynosv4l2: open video device /dev/video6
12-20 02:25:50.388  3062  3528 I Exynos_OSAL_Android: output buffer sharing mode is on (15)
12-20 02:25:50.390  3062  3528 D libexynosv4l2: try node: /dev/video6
12-20 02:25:50.391  3062  3528 I libexynosv4l2: node found for device s5p-mfc-dec: /dev/video6
12-20 02:25:50.403  3057  3473 I iptables: iptables: No chain/target/match by that name.
12-20 02:25:50.403  3057  3473 I iptables: iptables terminated by exit(1)
12-20 02:25:50.403  3057  3473 E Netd    : exec() res=0, status=256 for /system/bin/iptables -w -F st_penalty_log 
12-20 02:25:50.404  3062  3528 I libexynosv4l2: open video device /dev/video6
12-20 02:25:50.404  3062  3528 W ACodec  : do not know color format 0x7f000012 = 2130706450
12-20 02:25:50.404  3062  3528 W ACodec  : do not know color format 0x7f000011 = 2130706449
12-20 02:25:50.404  3062  3528 I Exynos_OSAL_Android: output buffer sharing mode is on (15)
12-20 02:25:50.407  3062  3528 D libexynosv4l2: try node: /dev/video6
12-20 02:25:50.407  3062  3528 I libexynosv4l2: node found for device s5p-mfc-dec: /dev/video6
12-20 02:25:50.411  3062  3528 I libexynosv4l2: open video device /dev/video6
12-20 02:25:50.411  3062  3528 W ACodec  : do not know color format 0x7f000012 = 2130706450
12-20 02:25:50.411  3062  3528 W ACodec  : do not know color format 0x7f000011 = 2130706449
12-20 02:25:50.411  3062  3528 I Exynos_OSAL_Android: output buffer sharing mode is on (15)
12-20 02:25:50.412  3057  3473 I ip6tables: ip6tables: No chain/target/match by that name.
12-20 02:25:50.412  3057  3473 I ip6tables: ip6tables terminated by exit(1)
12-20 02:25:50.412  3057  3473 E Netd    : exec() res=0, status=256 for /system/bin/ip6tables -w -F st_penalty_log 
12-20 02:25:50.414  3062  3528 D libexynosv4l2: try node: /dev/video6
12-20 02:25:50.414  3062  3528 I libexynosv4l2: node found for device s5p-mfc-dec: /dev/video6
12-20 02:25:50.417  3062  3528 I libexynosv4l2: open video device /dev/video6
12-20 02:25:50.418  3062  3528 E OMXNodeInstance: getParameter(7:Exynos.VP9.Decoder, ParamVideoProfileLevelQuerySupported(0x600000f)) ERROR: UnsupportedIndex(0x8000101a)
12-20 02:25:50.418  3062  3528 W ACodec  : do not know color format 0x7f000012 = 2130706450
12-20 02:25:50.418  3062  3528 W ACodec  : do not know color format 0x7f000011 = 2130706449
12-20 02:25:50.418  3062  3528 I Exynos_OSAL_Android: output buffer sharing mode is on (15)
12-20 02:25:50.419  3062  3528 E OMX     : FAILED to allocate omx component 'OMX.Exynos.VC1.Decoder' err=InvalidComponentName(0x80001002)
12-20 02:25:50.419  3057  3473 I iptables: iptables: No chain/target/match by that name.
12-20 02:25:50.419  3062  3528 E OMX     : FAILED to allocate omx component 'OMX.Exynos.VC1.Decoder' err=InvalidComponentName(0x80001002)
12-20 02:25:50.419  3062  3528 W MediaCodecList: ignoring Limit specified outside of a Type
12-20 02:25:50.419  3057  3473 I iptables: iptables terminated by exit(1)
12-20 02:25:50.419  3062  3528 W MediaCodecList: ignoring Limit specified outside of a Type
12-20 02:25:50.419  3062  3528 W MediaCodecList: ignoring Limit specified outside of a Type
12-20 02:25:50.419  3062  3528 W MediaCodecList: ignoring Limit specified outside of a Type
12-20 02:25:50.419  3062  3528 W MediaCodecList: ignoring Limit specified outside of a Type
12-20 02:25:50.419  3062  3528 W MediaCodecList: ignoring Limit specified outside of a Type
12-20 02:25:50.419  3062  3528 W MediaCodecList: ignoring Feature specified outside of a Type
12-20 02:25:50.419  3057  3473 E Netd    : exec() res=0, status=256 for /system/bin/iptables -w -F st_penalty_reject 
12-20 02:25:50.419  3062  3528 E OMX     : FAILED to allocate omx component 'OMX.Exynos.MP3.Decoder' err=InvalidComponentName(0x80001002)
12-20 02:25:50.419  3062  3528 E OMX     : FAILED to allocate omx component 'OMX.Exynos.MP3.Decoder' err=InvalidComponentName(0x80001002)
12-20 02:25:50.419  3062  3528 E OMX     : FAILED to allocate omx component 'OMX.Exynos.MP3.Decoder' err=InvalidComponentName(0x80001002)
12-20 02:25:50.419  3062  3528 E OMX     : FAILED to allocate omx component 'OMX.Exynos.AAC.Decoder' err=InvalidComponentName(0x80001002)
12-20 02:25:50.420  3062  3528 D libexynosv4l2: try node: /dev/video6
12-20 02:25:50.420  3062  3528 D libexynosv4l2: try node: /dev/video7
12-20 02:25:50.420  3062  3528 I libexynosv4l2: node found for device s5p-mfc-enc: /dev/video7
12-20 02:25:50.424  3062  3528 I libexynosv4l2: open video device /dev/video7
12-20 02:25:50.425  3062  3528 W ACodec  : do not know color format 0x7f000011 = 2130706449
12-20 02:25:50.425  3062  3528 W ACodec  : do not know color format 0x10 = 16
12-20 02:25:50.425  3062  3528 W ACodec  : do not know color format 0x7f00a000 = 2130747392
12-20 02:25:50.425  3062  3528 W ACodec  : do not know color format 0x7f000789 = 2130708361
12-20 02:25:50.425  3062  3528 W ACodec  : do not know color format 0x7f000012 = 2130706450
12-20 02:25:50.426  3057  3473 I ip6tables: ip6tables: No chain/target/match by that name.
12-20 02:25:50.429  3057  3473 I ip6tables: ip6tables terminated by exit(1)
12-20 02:25:50.429  3057  3473 E Netd    : exec() res=0, status=256 for /system/bin/ip6tables -w -F st_penalty_reject 
12-20 02:25:50.430  3062  3528 D libexynosv4l2: try node: /dev/video6
12-20 02:25:50.430  3062  3528 D libexynosv4l2: try node: /dev/video7
12-20 02:25:50.430  3062  3528 I libexynosv4l2: node found for device s5p-mfc-enc: /dev/video7
12-20 02:25:50.436  3062  3528 I libexynosv4l2: open video device /dev/video7
12-20 02:25:50.436  3062  3528 W ACodec  : do not know color format 0x7f000011 = 2130706449
12-20 02:25:50.436  3062  3528 W ACodec  : do not know color format 0x10 = 16
12-20 02:25:50.436  3062  3528 W ACodec  : do not know color format 0x7f00a000 = 2130747392
12-20 02:25:50.436  3062  3528 W ACodec  : do not know color format 0x7f000789 = 2130708361
12-20 02:25:50.436  3062  3528 W ACodec  : do not know color format 0x7f000012 = 2130706450
12-20 02:25:50.438  3062  3528 D libexynosv4l2: try node: /dev/video6
12-20 02:25:50.438  3062  3528 D libexynosv4l2: try node: /dev/video7
12-20 02:25:50.438  3062  3528 I libexynosv4l2: node found for device s5p-mfc-enc: /dev/video7
12-20 02:25:50.440  3057  3473 I iptables: iptables: No chain/target/match by that name.
12-20 02:25:50.440  3057  3473 I iptables: iptables terminated by exit(1)
12-20 02:25:50.440  3057  3473 E Netd    : exec() res=0, status=256 for /system/bin/iptables -w -F st_clear_caught 
12-20 02:25:50.441  3062  3528 I libexynosv4l2: open video device /dev/video7
12-20 02:25:50.441  3062  3528 W ACodec  : do not know color format 0x7f000011 = 2130706449
12-20 02:25:50.441  3062  3528 W ACodec  : do not know color format 0x10 = 16
12-20 02:25:50.441  3062  3528 W ACodec  : do not know color format 0x7f00a000 = 2130747392
12-20 02:25:50.441  3062  3528 W ACodec  : do not know color format 0x7f000789 = 2130708361
12-20 02:25:50.441  3062  3528 W ACodec  : do not know color format 0x7f000012 = 2130706450
12-20 02:25:50.443  3062  3528 D libexynosv4l2: try node: /dev/video6
12-20 02:25:50.443  3062  3528 D libexynosv4l2: try node: /dev/video7
12-20 02:25:50.443  3062  3528 I libexynosv4l2: node found for device s5p-mfc-enc: /dev/video7
12-20 02:25:50.446  3062  3528 I libexynosv4l2: open video device /dev/video7
12-20 02:25:50.446  3062  3528 W ACodec  : do not know color format 0x7f000011 = 2130706449
12-20 02:25:50.446  3062  3528 W ACodec  : do not know color format 0x10 = 16
12-20 02:25:50.446  3062  3528 W ACodec  : do not know color format 0x7f00a000 = 2130747392
12-20 02:25:50.446  3062  3528 W ACodec  : do not know color format 0x7f000789 = 2130708361
12-20 02:25:50.446  3062  3528 W ACodec  : do not know color format 0x7f000012 = 2130706450
12-20 02:25:50.448  3062  3528 D libexynosv4l2: try node: /dev/video6
12-20 02:25:50.448  3062  3528 D libexynosv4l2: try node: /dev/video7
12-20 02:25:50.448  3062  3528 I libexynosv4l2: node found for device s5p-mfc-enc: /dev/video7
12-20 02:25:50.450  3057  3473 I ip6tables: ip6tables: No chain/target/match by that name.
12-20 02:25:50.451  3057  3473 I ip6tables: ip6tables terminated by exit(1)
12-20 02:25:50.451  3057  3473 E Netd    : exec() res=0, status=256 for /system/bin/ip6tables -w -F st_clear_caught 
12-20 02:25:50.451  3062  3528 I libexynosv4l2: open video device /dev/video7
12-20 02:25:50.452  3062  3528 W ACodec  : do not know color format 0x7f000011 = 2130706449
12-20 02:25:50.452  3062  3528 W ACodec  : do not know color format 0x10 = 16
12-20 02:25:50.452  3062  3528 W ACodec  : do not know color format 0x7f00a000 = 2130747392
12-20 02:25:50.452  3062  3528 W ACodec  : do not know color format 0x7f000789 = 2130708361
12-20 02:25:50.452  3062  3528 W ACodec  : do not know color format 0x7f000012 = 2130706450
12-20 02:25:50.457  3057  3473 I iptables: iptables: No chain/target/match by that name.
12-20 02:25:50.457  3062  3528 E OMX     : FAILED to allocate omx component 'OMX.Exynos.VP9.Encoder' err=InvalidComponentName(0x80001002)
12-20 02:25:50.458  3057  3473 I iptables: iptables terminated by exit(1)
12-20 02:25:50.458  3057  3473 E Netd    : exec() res=0, status=256 for /system/bin/iptables -w -F st_clear_detect 
12-20 02:25:50.460  3062  3528 W OMXNodeInstance: [d:google.mpeg4.decoder] component does not support metadata mode; using fallback
12-20 02:25:50.464  3057  3473 I ip6tables: ip6tables: No chain/target/match by that name.
12-20 02:25:50.464  3057  3473 I ip6tables: ip6tables terminated by exit(1)
12-20 02:25:50.465  3057  3473 E Netd    : exec() res=0, status=256 for /system/bin/ip6tables -w -F st_clear_detect 
12-20 02:25:50.469  3062  3528 W OMXNodeInstance: [e:google.mpeg4.decoder] component does not support metadata mode; using fallback
12-20 02:25:50.470  3062  3528 W MediaCodecList: ignoring Limit specified outside of a Type
12-20 02:25:50.470  3062  3528 W MediaCodecList: ignoring Limit specified outside of a Type
12-20 02:25:50.470  3062  3528 W MediaCodecList: ignoring Limit specified outside of a Type
12-20 02:25:50.470  3062  3528 W MediaCodecList: ignoring Limit specified outside of a Type
12-20 02:25:50.470  3062  3528 W MediaCodecList: ignoring Limit specified outside of a Type
12-20 02:25:50.470  3062  3528 W MediaCodecList: ignoring Feature specified outside of a Type
12-20 02:25:50.470  3062  3528 W OMXNodeInstance: [f:google.h263.decoder] component does not support metadata mode; using fallback
12-20 02:25:50.473  3062  3528 W OMXNodeInstance: [10:google.h264.decoder] component does not support metadata mode; using fallback
12-20 02:25:50.474  3057  3473 I iptables: iptables: No chain/target/match by that name.
12-20 02:25:50.474  3057  3473 I iptables: iptables terminated by exit(1)
12-20 02:25:50.474  3057  3473 E Netd    : exec() res=0, status=256 for /system/bin/iptables -w -X st_penalty_log 
12-20 02:25:50.482  3062  3528 W OMXNodeInstance: [11:google.hevc.decoder] component does not support metadata mode; using fallback
12-20 02:25:50.484  3057  3473 I ip6tables: ip6tables: No chain/target/match by that name.
12-20 02:25:50.485  3057  3473 I ip6tables: ip6tables terminated by exit(1)
12-20 02:25:50.485  3057  3473 E Netd    : exec() res=0, status=256 for /system/bin/ip6tables -w -X st_penalty_log 
12-20 02:25:50.486  3062  3528 W OMXNodeInstance: [12:google.vp8.decoder] component does not support metadata mode; using fallback
12-20 02:25:50.491  3057  3473 I iptables: iptables: No chain/target/match by that name.
