12-19 19:14:41.250  5151  5164 D BluetoothAdapterState: Current state: OFF, message: 0
12-19 19:14:41.250  5151  5164 D BluetoothAdapterProperties: Setting state to 14
12-19 19:14:41.251  5151  5164 I BluetoothAdapterState: Bluetooth adapter state changed: 10-> 14
12-19 19:14:41.251  3444  3462 D BluetoothManagerService: Message: 60
12-19 19:14:41.251  3444  3462 D BluetoothManagerService: MESSAGE_BLUETOOTH_STATE_CHANGE: prevState = 10, newState=14
12-19 19:14:41.251  3444  3462 D BluetoothManagerService: BLE State Change Intent: 10 -> 14
12-19 19:14:41.251  5151  5164 D BluetoothBondStateMachine: make
12-19 19:14:41.252  5151  5169 I BluetoothBondStateMachine: StableState(): Entering Off State
12-19 19:14:41.254  5151  5164 I BluetoothAdapterState: Entering PendingCommandState
12-19 19:14:41.255  5151  5151 D BtGatt.GattService: classInitNative called
12-19 19:14:41.255  5151  5151 I BtGatt.JNI: classInitNative(L912): classInitNative: Success!
12-19 19:14:41.256  5151  5151 D BtGatt.DebugUtils: handleDebugAction() action=null
12-19 19:14:41.256  5151  5151 D BluetoothAdapterService: getAdapterService() - returning com.android.bluetooth.btservice.AdapterService@e4bc140
12-19 19:14:41.256  5151  5151 D BtGatt.GattService: Received start request. Starting profile...
12-19 19:14:41.257  5151  5151 D BluetoothAdapterService: getAdapterService() - returning com.android.bluetooth.btservice.AdapterService@e4bc140
12-19 19:14:41.257  5151  5151 D BtGatt.GattService: start()
12-19 19:14:41.257  5151  5151 I bt_bluedroid: get_profile_interface gatt
12-19 19:14:41.257  5151  5151 D BluetoothAdapterService: getAdapterService() - returning com.android.bluetooth.btservice.AdapterService@e4bc140
12-19 19:14:41.258  5151  5151 D BtGatt.AdvertiseManager: advertise manager created
12-19 19:14:41.261  5151  5151 D BtGatt.GattService:  profile started successfully
12-19 19:14:41.261  5151  5151 W BluetoothAdapterService: onProfileServiceStateChange() serviceName=com.android.bluetooth.gatt.GattService, state=12, doUpdate=true
12-19 19:14:41.261  5151  5151 V BluetoothAdapterState: isTurningOff()=false
12-19 19:14:41.261  5151  5151 V BluetoothAdapterState: isTurningOn()=false
12-19 19:14:41.261  5151  5151 V BluetoothAdapterState: isBleTurningOn()=true
12-19 19:14:41.262  5151  5151 V BluetoothAdapterState: isBleTurningOff()=false
12-19 19:14:41.263  5151  5164 D BluetoothAdapterState: Current state: PENDING_COMMAND, message: 4
12-19 19:14:41.264  5151  5164 I bt_bluedroid: bt_bluedroid
12-19 19:14:41.264  5151  5165 D bt_stack_manager: event_start_up_stack is bringing up the stack.
12-19 19:14:41.265  5151  5165 I bt_snoop: Time GMT offset -39600
12-19 19:14:41.265  5151  5165 I bt_hci  : start_up
12-19 19:14:41.269  3742  4384 W         : g2d stretchFimgApi_v5 function does not exist
12-19 19:14:41.271  5151  5165 I bt_vendor: alloc value 0xf3ddd20d
12-19 19:14:41.271  5151  5165 I bt_vendor: init
12-19 19:14:41.271  5151  5165 I bt_vnd_conf: Attempt to load conf from /etc/bluetooth/bt_vendor.conf
12-19 19:14:41.271  5151  5165 I bt_vnd_conf: vnd_load_conf file >/etc/bluetooth/bt_vendor.conf< not found
12-19 19:14:41.259  5165  5165 I com.android.bluetooth: type=1400 audit(0.0:242): avc: denied { write } for comm=626C756564726F69642077616B652F name="state" dev="sysfs" ino=23903 scontext=u:r:bluetooth:s0 tcontext=u:object_r:sysfs:s0 tclass=file permissive=1
12-19 19:14:41.259  5165  5165 W com.android.bluetooth: type=1300 audit(0.0:242): arch=40000028 syscall=322 per=8 success=yes exit=52 a0=ffffff9c a1=ef10e9e0 a2=20001 a3=0 items=0 ppid=3068 auid=4294967295 uid=1002 gid=1002 euid=1002 suid=1002 fsuid=1002 egid=1002 sgid=1002 fsgid=1002 tty=(none) ses=4294967295 comm=626C756564726F69642077616B652F exe="/system/bin/app_process32" subj=u:r:bluetooth:s0 key=(null)
12-19 19:14:41.259  2953  2953 W auditd  : type=1327 audit(0.0:242): proctitle="com.android.bluetooth"
12-19 19:14:41.259  2953  2953 W auditd  : type=1320 audit(0.0:242): 
12-19 19:14:41.377  5151  5165 D bt_hci  : start_up starting async portion
12-19 19:14:41.378  5151  5172 I bt_hci  : event_finish_startup
12-19 19:14:41.378  5151  5172 I bt_hci_h4: hal_open
12-19 19:14:41.378  5151  5172 I bt_userial_vendor: userial vendor open: opening /dev/ttySAC4
12-19 19:14:41.378  5151  5172 E bt_userial_vendor: userial vendor open: unable to open /dev/ttySAC4
12-19 19:14:41.378  5151  5172 E bt_hci_h4: hal_open opened the wrong number of ports: got 0, expected 1.
12-19 19:14:41.378  5151  5172 E bt_hci_h4: In transmit_data, error writing to the uart serial port: Bad file descriptor
12-19 19:14:43.232  3444  3734 I ActivityManager: START u0 {act=android.settings.BLUETOOTH_SETTINGS flg=0x14000000 cmp=com.android.settings/.Settings$BluetoothSettingsActivity} from uid 10024 on display 0
12-19 19:14:43.233  3060  3532 V audio_hw_primary: out_set_parameters: key value pairs: routing=2
12-19 19:14:43.244  3444  3737 W InputMethodManagerService: Window already focused, ignoring focus gain of: com.android.internal.view.IInputMethodClient$Stub$Proxy@9f0d445 attribute=null, token = android.os.BinderProxy@c5dbad0
12-19 19:14:43.263  3060  3532 D AudioFlinger: mixer(0xf2e80000) throttle end: throttle time(10)
12-19 19:14:43.383  4208  4208 D LocalBluetoothManager: setting foreground activity to non-null context
12-19 19:14:43.423  4208  5009 D mali_winsys: EGLint new_window_surface(egl_winsys_display*, void*, EGLSurface, EGLConfig, egl_winsys_surface**, egl_color_buffer_format*, EGLBoolean) returns 0x3000,  [1440x2560]-format:1
12-19 19:14:43.438  4208  5175 I IndexDatabaseHelper: Bootstrapped database
12-19 19:14:43.444  4208  5175 I IndexDatabaseHelper: Using schema version: 121
12-19 19:14:43.445  4208  5175 I IndexDatabaseHelper: Index is fine
12-19 19:14:43.446  4208  5175 D Index   : Deleting data for locale 'en_US' took 1 millis
12-19 19:14:43.456  4208  5175 D Index   : Indexing locale 'en_US' took 10 millis
12-19 19:14:43.583  3444  3463 I ActivityManager: Displayed com.android.settings/.Settings$BluetoothSettingsActivity: +323ms
12-19 19:14:43.839  3742  4233 W OpenGLRenderer: Incorrectly called buildLayer on View: FrameLayout, destroying layer...
12-19 19:14:43.839  3742  4233 W OpenGLRenderer: Incorrectly called buildLayer on View: FrameLayout, destroying layer...
12-19 19:14:43.839  3742  4233 W OpenGLRenderer: Incorrectly called buildLayer on View: LinearLayout, destroying layer...
12-19 19:14:43.862  3742  3742 D PhoneStatusBar: disable: < expand icons* alerts system_info* back home recent clock search quick_settings >
12-19 19:14:43.891  3742  4233 D mali_winsys: EGLint new_window_surface(egl_winsys_display*, void*, EGLSurface, EGLConfig, egl_winsys_surface**, egl_color_buffer_format*, EGLBoolean) returns 0x3000,  [1440x96]-format:1
12-19 19:14:44.623  3444  3500 I InputReader: Reconfiguring input devices.  changes=0x00000010
12-19 19:14:44.624  3444  3500 I InputReader: Reconfiguring input devices.  changes=0x00000010
12-19 19:14:44.639  4820  4820 W ContextImpl: Calling a method in the system process without a qualified user: android.app.ContextImpl.startService:1231 android.content.ContextWrapper.startService:587 android.content.ContextWrapper.startService:587 org.cyanogenmod.providers.datausage.DataUsageAppInstallReceiver.onReceive:47 android.app.ActivityThread.handleReceiver:2759 
12-19 19:14:44.667  3444  3457 W Searchables: No global search activity found
12-19 19:14:44.669  4820  4820 W ContextImpl: Calling a method in the system process without a qualified user: android.app.ContextImpl.startService:1231 android.content.ContextWrapper.startService:587 android.content.ContextWrapper.startService:587 org.cyanogenmod.providers.datausage.DataUsageAppInstallReceiver.onReceive:47 android.app.ActivityThread.handleReceiver:2759 
12-19 19:14:44.673  3444  3457 W Searchables: No global search activity found
12-19 19:14:45.596  3444  3455 D BluetoothManagerService: enable():  mBluetooth =android.bluetooth.IBluetooth$Stub$Proxy@eab246f mBinding = false
12-19 19:14:45.596  3444  3455 D BluetoothManagerService: enable returning
12-19 19:14:45.596  3444  3462 D BluetoothManagerService: Message: 1
12-19 19:14:45.596  3444  3462 D BluetoothManagerService: MESSAGE_ENABLE: mBluetooth = android.bluetooth.IBluetooth$Stub$Proxy@eab246f
12-19 19:14:45.597  5151  5164 D BluetoothAdapterState: Current state: PENDING_COMMAND, message: 0
12-19 19:14:45.606  3060  3532 V audio_hw_primary: out_set_parameters: key value pairs: routing=2
12-19 19:14:45.609  4208  5021 W         : g2d stretchFimgApi_v5 function does not exist
12-19 19:14:45.643  3060  3532 D AudioFlinger: mixer(0xf2e80000) throttle end: throttle time(4)
12-19 19:14:46.483  4765  4903 D InitAlarmsService: Clearing and rescheduling alarms.
12-19 19:14:46.935  4053  4053 D EmojiAltPhysicalKeyDetector: onKeyUp() : KeyEvent { action=ACTION_UP, keyCode=KEYCODE_BACK, scanCode=158, metaState=0, flags=0x48, repeatCount=0, eventTime=54546, downTime=54469, deviceId=19, source=0x101 }
12-19 19:14:46.935  4053  4053 D EmojiAltPhysicalKeyDetector: onKeyUp() : Not Mapped: 4
12-19 19:14:46.986  4208  4208 D LocalBluetoothManager: setting foreground activity to null
12-19 19:14:47.002  3444  3458 I ActivityManager: Killing 4743:com.android.dialer/u0a19 (adj 15): empty #17
12-19 19:14:47.024  3444  4126 D ActivityManager: cleanUpApplicationRecord -- 4743
12-19 19:14:47.068  4867  5096 D mali_winsys: EGLint new_window_surface(egl_winsys_display*, void*, EGLSurface, EGLConfig, egl_winsys_surface**, egl_color_buffer_format*, EGLBoolean) returns 0x3000,  [1440x2560]-format:1
12-19 19:14:47.665  4867  5096 W OpenGLRenderer: Incorrectly called buildLayer on View: ShortcutAndWidgetContainer, destroying layer...
12-19 19:14:47.665  4867  5096 W OpenGLRenderer: Incorrectly called buildLayer on View: ShortcutAndWidgetContainer, destroying layer...
12-19 19:14:48.020  3444  3665 I ActivityManager: START u0 {act=android.intent.action.MAIN cat=[android.intent.category.LAUNCHER] flg=0x10200000 cmp=org.cyanogenmod.snap/com.android.camera.CameraLauncher bnds=[1132,2268][1400,2572] (has extras)} from uid 10029 on display 0
12-19 19:14:48.032  3060  3532 V audio_hw_primary: out_set_parameters: key value pairs: routing=2
12-19 19:14:48.044  3444  3456 I ActivityManager: Start proc 5188:org.cyanogenmod.snap/u0a21 for activity org.cyanogenmod.snap/com.android.camera.CameraLauncher
12-19 19:14:48.074  5188  5188 W System  : ClassLoader referenced unknown path: /system/priv-app/Snap/lib/arm64
12-19 19:14:48.083  3060  3532 D AudioFlinger: mixer(0xf2e80000) throttle end: throttle time(11)
12-19 19:14:48.095  5188  5188 V CAM_Activity: Request permission
12-19 19:14:48.097  3444  3456 I ActivityManager: START u0 {cmp=org.cyanogenmod.snap/com.android.camera.PermissionsActivity} from uid 10021 on display 0
12-19 19:14:48.106  5188  5188 V CAM_Activity: onCreate: Missing critical permissions.
12-19 19:14:48.120  3444  3737 I ActivityManager: START u0 {act=android.content.pm.action.REQUEST_PERMISSIONS pkg=com.android.packageinstaller cmp=com.android.packageinstaller/.permission.ui.GrantPermissionsActivity (has extras)} from uid 10021 on display 0
12-19 19:14:48.159  5188  5204 D OpenGLRenderer: Use EGL_SWAP_BEHAVIOR_PRESERVED: true
12-19 19:14:48.189  3444  3638 I ActivityManager: Start proc 5205:com.android.packageinstaller/u0a17 for activity com.android.packageinstaller/.permission.ui.GrantPermissionsActivity
12-19 19:14:48.212  5188  5204 I OpenGLRenderer: Initialized EGL, version 1.4
12-19 19:14:48.229  5188  5204 D mali_winsys: EGLint new_window_surface(egl_winsys_display*, void*, EGLSurface, EGLConfig, egl_winsys_surface**, egl_color_buffer_format*, EGLBoolean) returns 0x3000,  [1440x2560]-format:1
12-19 19:14:48.238  5205  5205 W System  : ClassLoader referenced unknown path: /system/priv-app/PackageInstaller/lib/arm64
12-19 19:14:48.330  5205  5232 D OpenGLRenderer: Use EGL_SWAP_BEHAVIOR_PRESERVED: true
12-19 19:14:48.395  5205  5232 I OpenGLRenderer: Initialized EGL, version 1.4
12-19 19:14:48.408  5205  5232 D mali_winsys: EGLint new_window_surface(egl_winsys_display*, void*, EGLSurface, EGLConfig, egl_winsys_surface**, egl_color_buffer_format*, EGLBoolean) returns 0x3000,  [1536x1047]-format:1
12-19 19:14:48.523  3444  3463 I ActivityManager: Displayed com.android.packageinstaller/.permission.ui.GrantPermissionsActivity: +348ms (total +489ms)
12-19 19:14:49.274  5151  5167 E bt_hci  : startup_timer_expired
12-19 19:14:49.275  5151  5165 E bt_core_module: module_start_up failed to start up "hci_module"
12-19 19:14:49.281  5151  5249 I bt_btu  : btu_task pending for preload complete event
12-19 19:14:49.281  5151  5249 I bt_btu_task: Bluetooth chip preload is complete
12-19 19:14:49.281  5151  5249 I bt_btu  : btu_task received preload complete event
12-19 19:14:49.282  5151  5249 W bt_l2cap: L2CAP - L2CA_Register() called for PSM: 0x0001
12-19 19:14:49.283  5151  5249 W bt_l2cap: L2CAP - L2CA_Register() called for PSM: 0x001f
12-19 19:14:49.283  5151  5249 W bt_l2cap: L2CAP - L2CA_Register() called for PSM: 0x0003
12-19 19:14:49.283  5151  5249 I         : BTE_InitTraceLevels -- TRC_HCI : Level 2
12-19 19:14:49.283  5151  5249 I         : BTE_InitTraceLevels -- TRC_L2CAP : Level 2
12-19 19:14:49.283  5151  5249 I         : BTE_InitTraceLevels -- TRC_RFCOMM : Level 2
12-19 19:14:49.283  5151  5249 I         : BTE_InitTraceLevels -- TRC_AVCT : Level 2
12-19 19:14:49.283  5151  5249 I         : BTE_InitTraceLevels -- TRC_AVDT : Level 2
12-19 19:14:49.283  5151  5249 I         : BTE_InitTraceLevels -- TRC_AVRC : Level 2
12-19 19:14:49.283  5151  5249 I         : BTE_InitTraceLevels -- TRC_A2D : Level 2
12-19 19:14:49.283  5151  5249 I         : BTE_InitTraceLevels -- TRC_BNEP : Level 2
12-19 19:14:49.283  5151  5249 I         : BTE_InitTraceLevels -- TRC_BTM : Level 2
12-19 19:14:49.283  5151  5249 I         : BTE_InitTraceLevels -- TRC_HID_HOST : Level 2
12-19 19:14:49.283  5151  5249 I         : BTE_InitTraceLevels -- TRC_GAP : Level 2
12-19 19:14:49.283  5151  5249 I         : BTE_InitTraceLevels -- TRC_PAN : Level 2
12-19 19:14:49.283  5151  5249 I         : BTE_InitTraceLevels -- TRC_SDP : Level 2
12-19 19:14:49.283  5151  5249 I         : BTE_InitTraceLevels -- TRC_GATT : Level 2
12-19 19:14:49.283  5151  5249 I         : BTE_InitTraceLevels -- TRC_SMP : Level 2
12-19 19:14:49.283  5151  5249 I         : BTE_InitTraceLevels -- TRC_HID_DEV : Level 2
12-19 19:14:49.283  5151  5249 I         : BTE_InitTraceLevels -- TRC_LATENCY_AUDIO : Level 2
12-19 19:14:49.283  5151  5249 I         : BTE_InitTraceLevels -- TRC_BTAPP : Level 2
12-19 19:14:49.283  5151  5249 I         : BTE_InitTraceLevels -- TRC_BTIF : Level 2
12-19 19:14:49.378  5151  5167 E bt_hci  : command_timed_out hci layer timeout waiting for response to a command. opcode: 0xc03
12-19 19:14:49.378  5151  5167 E bt_hci  : command_timed_out restarting the bluetooth process.
12-19 19:14:49.378  5151  5167 I bt_hci  : ssr_cleanup
12-19 19:14:49.399  5151  5167 E bt_hci  : hci_cmd_timeout: SOC Status is reset
12-19 19:14:49.399  5151  5167 E bt_hci  :  
12-19 19:14:49.429  3444  4179 I ActivityManager: Process com.android.bluetooth (pid 5151) has died
12-19 19:14:49.429  3444  4179 D ActivityManager: cleanUpApplicationRecord -- 5151
12-19 19:14:49.430  3444  3444 D BluetoothManagerService: BluetoothServiceConnection, disconnected: com.android.bluetooth.btservice.AdapterService
12-19 19:14:49.430  3444  3462 D BluetoothManagerService: Message: 41
12-19 19:14:49.430  3444  4179 W ActivityManager: Scheduling restart of crashed service com.android.bluetooth/.btservice.AdapterService in 1000ms
12-19 19:14:49.430  3444  3462 E BluetoothManagerService: MESSAGE_BLUETOOTH_SERVICE_DISCONNECTED: 1
12-19 19:14:49.430  3444  4179 W ActivityManager: Scheduling restart of crashed service com.android.bluetooth/.gatt.GattService in 10999ms
12-19 19:14:49.430  3444  3462 D BluetoothManagerService: Calling onBluetoothServiceDown callbacks
12-19 19:14:49.430  3444  3462 D BluetoothManagerService: Broadcasting onBluetoothServiceDown() to 4 receivers.
12-19 19:14:49.431  3742  3936 D BluetoothAdapter: onBluetoothServiceDown: android.bluetooth.IBluetooth$Stub$Proxy@b057949
12-19 19:14:49.431  3742  3936 D BluetoothAdapter: onBluetoothServiceDown: Sending callbacks to 0 clients
12-19 19:14:49.431  3742  3936 D BluetoothAdapter: onBluetoothServiceDown: Finished sending callbacks to registered clients
12-19 19:14:49.432  3444  3462 D BluetoothManagerService: Broadcasted onBluetoothServiceDown() to android.bluetooth.IBluetoothManagerCallback$Stub$Proxy@50dcbf1
12-19 19:14:49.432  4090  4606 D BluetoothAdapter: onBluetoothServiceDown: android.bluetooth.IBluetooth$Stub$Proxy@59368bb
12-19 19:14:49.432  4090  4606 D BluetoothAdapter: onBluetoothServiceDown: Sending callbacks to 0 clients
12-19 19:14:49.432  4090  4606 D BluetoothAdapter: onBluetoothServiceDown: Finished sending callbacks to registered clients
12-19 19:14:49.432  3444  3462 D BluetoothManagerService: Broadcasted onBluetoothServiceDown() to android.bluetooth.IBluetoothManagerCallback$Stub$Proxy@2139e35
12-19 19:14:49.432  4208  5024 D BluetoothAdapter: onBluetoothServiceDown: android.bluetooth.IBluetooth$Stub$Proxy@93b7f91
12-19 19:14:49.432  4208  5024 D BluetoothAdapter: onBluetoothServiceDown: Sending callbacks to 0 clients
12-19 19:14:49.433  4208  5024 D BluetoothAdapter: onBluetoothServiceDown: Finished sending callbacks to registered clients
12-19 19:14:49.433  3444  3462 D BluetoothManagerService: Broadcasted onBluetoothServiceDown() to android.bluetooth.IBluetoothManagerCallback$Stub$Proxy@e0f762
12-19 19:14:49.433  3444  3462 D BluetoothAdapter: onBluetoothServiceDown: android.bluetooth.IBluetooth$Stub$Proxy@eab246f
12-19 19:14:49.433  3444  3462 D BluetoothAdapter: onBluetoothServiceDown: Sending callbacks to 0 clients
12-19 19:14:49.433  3444  3462 D BluetoothAdapter: onBluetoothServiceDown: Finished sending callbacks to registered clients
12-19 19:14:49.433  3444  3462 D BluetoothManagerService: Broadcasted onBluetoothServiceDown() to android.bluetooth.BluetoothAdapter$1@e8d6615
12-19 19:14:49.631  3444  3462 D BluetoothManagerService: Message: 42
12-19 19:14:49.632  3444  3462 D BluetoothManagerService: MESSAGE_RESTART_BLUETOOTH_SERVICE: Restart IBluetooth service
12-19 19:14:49.675  3444  3462 I ActivityManager: Start proc 5251:com.android.bluetooth/1002 for service com.android.bluetooth/.btservice.AdapterService
12-19 19:14:49.750  5251  5251 D AdapterServiceConfig: addA2dpProfile: isA2dpSinkEnabled = falseisHfpClientEnabled false serviceName HeadsetService
12-19 19:14:49.750  5251  5251 D AdapterServiceConfig: Adding HeadsetService
12-19 19:14:49.750  5251  5251 D AdapterServiceConfig: addA2dpProfile: isA2dpSinkEnabled = falseisHfpClientEnabled false serviceName A2dpService
12-19 19:14:49.750  5251  5251 D AdapterServiceConfig: Adding A2dpService
12-19 19:14:49.750  5251  5251 D AdapterServiceConfig: addA2dpProfile: isA2dpSinkEnabled = falseisHfpClientEnabled false serviceName HidService
12-19 19:14:49.750  5251  5251 D AdapterServiceConfig: Adding HidService
12-19 19:14:49.750  5251  5251 D AdapterServiceConfig: addA2dpProfile: isA2dpSinkEnabled = falseisHfpClientEnabled false serviceName HealthService
12-19 19:14:49.750  5251  5251 D AdapterServiceConfig: Adding HealthService
12-19 19:14:49.750  5251  5251 D AdapterServiceConfig: addA2dpProfile: isA2dpSinkEnabled = falseisHfpClientEnabled false serviceName PanService
12-19 19:14:49.750  5251  5251 D AdapterServiceConfig: Adding PanService
12-19 19:14:49.750  5251  5251 D AdapterServiceConfig: addA2dpProfile: isA2dpSinkEnabled = falseisHfpClientEnabled false serviceName GattService
12-19 19:14:49.750  5251  5251 D AdapterServiceConfig: Adding GattService
12-19 19:14:49.750  5251  5251 D AdapterServiceConfig: addA2dpProfile: isA2dpSinkEnabled = falseisHfpClientEnabled false serviceName BluetoothMapService
12-19 19:14:49.750  5251  5251 D AdapterServiceConfig: Adding BluetoothMapService
12-19 19:14:49.750  5251  5251 D AdapterServiceConfig: Could not find profile bit mask
12-19 19:14:49.750  5251  5251 D AdapterServiceConfig: addA2dpProfile: isA2dpSinkEnabled = falseisHfpClientEnabled false serviceName HidDevService
12-19 19:14:49.750  5251  5251 D AdapterServiceConfig: Adding HidDevService
12-19 19:14:49.758  3444  3462 D BluetoothManagerService: Message: 20
12-19 19:14:49.758  3444  3462 D BluetoothManagerService: Added callback: android.bluetooth.IBluetoothManagerCallback$Stub$Proxy@e7549e3:true
12-19 19:14:49.758  5251  5251 D BluetoothAdapterState: make() - Creating AdapterState
12-19 19:14:49.760  5251  5251 I bt_bluedroid: init
12-19 19:14:49.760  5251  5264 I BluetoothAdapterState: Entering OffState
12-19 19:14:49.761  5251  5265 I bt_bte_conf: bte_load_ble_conf attempt to load ble stack conf from /etc/bluetooth/ble_stack.conf
12-19 19:14:49.761  5251  5265 E bt_osi_config: config_new unable to open file '/etc/bluetooth/ble_stack.conf': No such file or directory
12-19 19:14:49.761  5251  5265 I bt_bte_conf: bte_load_ble_conf file >/etc/bluetooth/ble_stack.conf< not found
12-19 19:14:49.761  5251  5265 I bt_stack_config: init attempt to load stack conf from /etc/bluetooth/bt_stack.conf
12-19 19:14:49.761  5251  5251 I bt_bluedroid: get_profile_interface socket
12-19 19:14:49.762  5251  5251 I bt_bluedroid: get_profile_interface sdp
12-19 19:14:49.763  5251  5268 D BluetoothAdapterProperties: Address is:D8:C4:E9:A9:2E:B5
12-19 19:14:49.764  3444  3444 D BluetoothManagerService: Bluetooth Adapter name changed to Samsung Galaxy S7 Edge
12-19 19:14:49.764  5251  5268 D BluetoothAdapterProperties: Name is: Samsung Galaxy S7 Edge
12-19 19:14:49.764  3444  3444 D BluetoothManagerService: Stored Bluetooth name: Samsung Galaxy S7 Edge
12-19 19:14:49.765  3444  3444 D BluetoothManagerService: BluetoothServiceConnection: com.android.bluetooth.btservice.AdapterService
12-19 19:14:49.765  3444  3462 D BluetoothManagerService: Message: 40
12-19 19:14:49.765  3444  3462 D BluetoothManagerService: MESSAGE_BLUETOOTH_SERVICE_CONNECTED: 1
12-19 19:14:49.766  5251  5262 I bt_bluedroid: config_hci_snoop_log
12-19 19:14:49.766  3444  3462 D BluetoothManagerService: Calling onBluetoothServiceUp callbacks
12-19 19:14:49.766  3444  3462 D BluetoothManagerService: Broadcasting onBluetoothServiceUp() to 5 receivers.
12-19 19:14:49.767  3444  3462 D BluetoothManagerService: Broadcasted onBluetoothServiceUp() to android.bluetooth.IBluetoothManagerCallback$Stub$Proxy@50dcbf1
12-19 19:14:49.767  3444  3462 D BluetoothManagerService: Broadcasted onBluetoothServiceUp() to android.bluetooth.IBluetoothManagerCallback$Stub$Proxy@2139e35
12-19 19:14:49.768  3444  3462 D BluetoothManagerService: Broadcasted onBluetoothServiceUp() to android.bluetooth.IBluetoothManagerCallback$Stub$Proxy@e0f762
12-19 19:14:49.768  3444  3462 D BluetoothManagerService: Broadcasted onBluetoothServiceUp() to android.bluetooth.IBluetoothManagerCallback$Stub$Proxy@e7549e3
12-19 19:14:49.768  3444  3462 D BluetoothManagerService: Broadcasted onBluetoothServiceUp() to android.bluetooth.BluetoothAdapter$1@e8d6615
12-19 19:14:49.768  5251  5264 D BluetoothAdapterState: Current state: OFF, message: 0
12-19 19:14:49.768  5251  5264 D BluetoothAdapterProperties: Setting state to 14
12-19 19:14:49.769  5251  5264 I BluetoothAdapterState: Bluetooth adapter state changed: 10-> 14
12-19 19:14:49.769  3444  3462 D BluetoothManagerService: Message: 60
12-19 19:14:49.769  3444  3462 D BluetoothManagerService: MESSAGE_BLUETOOTH_STATE_CHANGE: prevState = 10, newState=14
12-19 19:14:49.769  3444  3462 D BluetoothManagerService: BLE State Change Intent: 10 -> 14
12-19 19:14:49.769  5251  5264 D BluetoothBondStateMachine: make
12-19 19:14:49.770  5251  5269 I BluetoothBondStateMachine: StableState(): Entering Off State
12-19 19:14:49.771  5251  5264 I BluetoothAdapterState: Entering PendingCommandState
12-19 19:14:49.772  5251  5251 D BtGatt.GattService: classInitNative called
12-19 19:14:49.772  5251  5251 I BtGatt.JNI: classInitNative(L912): classInitNative: Success!
12-19 19:14:49.773  5251  5251 D BtGatt.DebugUtils: handleDebugAction() action=null
12-19 19:14:49.773  5251  5251 D BluetoothAdapterService: getAdapterService() - returning com.android.bluetooth.btservice.AdapterService@e4bc140
12-19 19:14:49.773  5251  5251 D BtGatt.GattService: Received start request. Starting profile...
12-19 19:14:49.773  5251  5251 D BluetoothAdapterService: getAdapterService() - returning com.android.bluetooth.btservice.AdapterService@e4bc140
12-19 19:14:49.773  5251  5251 D BtGatt.GattService: start()
12-19 19:14:49.773  5251  5251 I bt_bluedroid: get_profile_interface gatt
12-19 19:14:49.773  5251  5251 D BluetoothAdapterService: getAdapterService() - returning com.android.bluetooth.btservice.AdapterService@e4bc140
12-19 19:14:49.773  5251  5251 D BtGatt.AdvertiseManager: advertise manager created
12-19 19:14:49.776  5251  5251 D BtGatt.GattService:  profile started successfully
12-19 19:14:49.776  5251  5251 W BluetoothAdapterService: onProfileServiceStateChange() serviceName=com.android.bluetooth.gatt.GattService, state=12, doUpdate=true
12-19 19:14:49.776  5251  5251 V BluetoothAdapterState: isTurningOff()=false
12-19 19:14:49.776  5251  5251 V BluetoothAdapterState: isTurningOn()=false
12-19 19:14:49.776  5251  5251 V BluetoothAdapterState: isBleTurningOn()=true
12-19 19:14:49.776  5251  5251 V BluetoothAdapterState: isBleTurningOff()=false
12-19 19:14:49.776  5251  5264 D BluetoothAdapterState: Current state: PENDING_COMMAND, message: 4
12-19 19:14:49.777  5251  5264 I bt_bluedroid: bt_bluedroid
12-19 19:14:49.777  5251  5265 D bt_stack_manager: event_start_up_stack is bringing up the stack.
12-19 19:14:49.777  5251  5265 I bt_snoop: Time GMT offset -39600
12-19 19:14:49.777  5251  5265 I bt_hci  : start_up
12-19 19:14:49.781  5251  5265 I bt_vendor: alloc value 0xf3ddd20d
12-19 19:14:49.781  5251  5265 I bt_vendor: init
12-19 19:14:49.781  5251  5265 I bt_vnd_conf: Attempt to load conf from /etc/bluetooth/bt_vendor.conf
12-19 19:14:49.781  5251  5265 I bt_vnd_conf: vnd_load_conf file >/etc/bluetooth/bt_vendor.conf< not found
12-19 19:14:49.789  3060  3532 V audio_hw_primary: out_set_parameters: key value pairs: routing=2
12-19 19:14:49.798  3444  3638 I ActivityManager: START u0 {cmp=org.cyanogenmod.snap/com.android.camera.CameraActivity} from uid 10021 on display 0
12-19 19:14:49.815  5205  5232 D OpenGLRenderer: endAllStagingAnimators on 0x7f9e27c000 (RippleDrawable) with handle 0x7fa1e56980
12-19 19:14:49.822  3060  3532 D AudioFlinger: mixer(0xf2e80000) throttle end: throttle time(7)
12-19 19:14:49.860  3444  3455 W BackupManagerService: dataChanged but no participant pkg='org.cyanogenmod.snap' uid=10021
12-19 19:14:49.862  3444  3738 W BackupManagerService: dataChanged but no participant pkg='org.cyanogenmod.snap' uid=10021
12-19 19:14:49.862  3444  4179 W BackupManagerService: dataChanged but no participant pkg='org.cyanogenmod.snap' uid=10021
12-19 19:14:49.868  3444  3638 W BackupManagerService: dataChanged but no participant pkg='org.cyanogenmod.snap' uid=10021
12-19 19:14:49.869  5188  5279 V CAM_PhotoModule: Open camera device.
12-19 19:14:49.870  5188  5279 V CameraHolder: open camera 0
12-19 19:14:49.877  5188  5282 E WVMExtractor: Failed to open libwvm.so: dlopen failed: library "libwvm.so" not found
12-19 19:14:49.881  3060  4075 I CameraService: CameraService::connect call (PID 5188 "org.cyanogenmod.snap", camera ID 0) for HAL version 256 and Camera API version 1
12-19 19:14:49.882  3060  4075 W AudioFlinger: acquireAudioSessionId() unknown client 5188 for session 17
12-19 19:14:49.887  5251  5265 D bt_hci  : start_up starting async portion
12-19 19:14:49.887  5251  5272 I bt_hci  : event_finish_startup
12-19 19:14:49.887  5251  5272 I bt_hci_h4: hal_open
12-19 19:14:49.888  5251  5272 I bt_userial_vendor: userial vendor open: opening /dev/ttySAC4
12-19 19:14:49.888  5251  5272 E bt_userial_vendor: userial vendor open: unable to open /dev/ttySAC4
12-19 19:14:49.888  5251  5272 E bt_hci_h4: hal_open opened the wrong number of ports: got 0, expected 1.
12-19 19:14:49.888  5251  5272 E bt_hci_h4: In transmit_data, error writing to the uart serial port: Bad file descriptor
12-19 19:14:49.889  5188  5188 V CAM_UI  : Using mdp_preview_content (MDP path)
12-19 19:14:49.889  5188  5283 I OMXClient: Using client-side OMX mux.
12-19 19:14:49.892  3060  5284 D NuPlayerDriver: notifyListener_l(0xf349df80), (1, 0, 0)
12-19 19:14:49.893  3060  4075 W AudioFlinger: acquireAudioSessionId() unknown client 5188 for session 18
12-19 19:14:49.903  3060  5288 D NuPlayerDriver: notifyListener_l(0xf349e220), (1, 0, 0)
12-19 19:14:49.903  3060  4075 W AudioFlinger: acquireAudioSessionId() unknown client 5188 for session 19
12-19 19:14:49.905  5188  5188 E NFC     : could not retrieve NFC service
12-19 19:14:49.912  3060  5294 D NuPlayerDriver: notifyListener_l(0xf27f80c0), (1, 0, 0)
12-19 19:14:49.916  5188  5296 I OMXClient: Using client-side OMX mux.
12-19 19:14:49.924  3060  4075 I CameraService: onTorchStatusChangedLocked: Torch status changed for cameraId=0, newStatus=0
12-19 19:14:49.936  3060  4075 I CameraClient: Opening camera 0
12-19 19:14:49.936  3060  4075 I Samsung_HAL_V1: [OpenLagacy_v1][610] name(0) cameraId(0)  EnableLog_v1(0)
12-19 19:14:49.936  3060  4075 I ExynosCamera3Interface: INFO(HAL_open_legacy[443]):in =====
12-19 19:14:49.936  3060  4075 I ExynosCamera3Interface: INFO(HAL_open_legacy[463]):out =====
12-19 19:14:49.936  3060  4075 I ExynosCamera3Interface: INFO(HAL_camera_device_open[624]):camera(0) in
12-19 19:14:49.936  3060  4075 D ExynosCamera3Interface: DEBUG(check_camera_state):camera(0) state(1) checking...
12-19 19:14:49.936  3060  4075 D ExynosCamera3Interface: DEBUG(check_camera_state):camera(0) state(0:NONE->1:OPENED) is valid
12-19 19:14:49.936  3060  4075 D ExynosCamera3Interface: DEBUG(HAL_camera_device_open):open camera 0
12-19 19:14:49.936  3060  4075 E ExynosCamera: Build Date is (Aug  9 2016) (18:54:26) 
12-19 19:14:49.937  3060  4075 D ExynosCameraUtils: DEBUG(checkAndroidVersion[2299]): Tartget Android version (4.4), build version (6.0.1)
12-19 19:14:49.937  3060  4075 D ExynosCameraUtils: DEBUG(getSensorIdFromFile[1770]):Sensor name is 29
12-19 19:14:49.937  3060  4075 D ExynosCameraUtils: (3)
12-19 19:14:49.937  3060  4075 I ExynosCameraSec: [CAM_ID(0)][]-INFO(m_vendorSpecificPreConstructor[5122]): -IN-
12-19 19:14:49.937  3060  4075 I ExynosCameraSec: [CAM_ID(0)][]-INFO(m_vendorSpecificPreConstructor):cameraId(0), sensorId(29), use_companion(1)
12-19 19:14:49.937  3060  4075 D ExynosCameraSec: [CAM_ID(0)][]-DEBUG(m_vendorSpecificPreConstructor): companionThread starts
12-19 19:14:49.937  3060  4075 D ExynosCameraSec: [CAM_ID(0)][]-DEBUG(m_vendorSpecificPreConstructor): uniPluginThread starts
12-19 19:14:49.938  3060  4075 D ExynosCameraSec: [CAM_ID(0)][]-DEBUG(m_vendorSpecificPreConstructor): m_preStartPictureInternalThread created
12-19 19:14:49.938  3060  4075 I ExynosCameraSec: [CAM_ID(0)][]-INFO(m_vendorSpecificPreConstructor[5174]): -OUT-
12-19 19:14:49.938  3060  4075 I ExynosCamera1SensorInfo: INFO(createExynosCamera1SensorInfo[34]):sensor ID(29)
12-19 19:14:49.938  3060  4075 I ExynosCamera1SensorInfo: INFO(createExynosCamera1SensorInfo[34]):sensor ID(29)
12-19 19:14:49.938  3060  4075 I ExynosCamera1Parameters: [CAM_ID(0)][ParametersBackDummy]-DEBUG(m_setParamCropRegion):size0(4032, 3024, 3840, 2160)
12-19 19:14:49.938  3060  4075 I ExynosCamera1Parameters: [CAM_ID(0)][ParametersBackDummy]-DEBUG(m_setParamCropRegion):size(0, 378, 4032, 2268), level(0)
12-19 19:14:49.938  3060  4075 I ExynosCamera1Parameters: [CAM_ID(0)][ParametersBackDummy]-INFO(setDefaultCameraInfo[174])
12-19 19:14:49.938  3060  4075 D ExynosCamera1Parameters: [CAM_ID(0)][ParametersBackDummy]-DEBUG(m_setBnsScaleRatio[2193]): update BNS ratio(0 -> 1000)
12-19 19:14:49.938  3060  4075 I ExynosCamera1Parameters: [CAM_ID(0)][ParametersBack]-DEBUG(m_setParamCropRegion):size0(4032, 3024, 3840, 2160)
12-19 19:14:49.938  3060  4075 I ExynosCamera1Parameters: [CAM_ID(0)][ParametersBack]-DEBUG(m_setParamCropRegion):size(0, 378, 4032, 2268), level(0)
12-19 19:14:49.938  3060  4075 I ExynosCamera1Parameters: [CAM_ID(0)][ParametersBack]-INFO(setDefaultCameraInfo[174])
12-19 19:14:49.938  3060  4075 D ExynosCamera1Parameters: [CAM_ID(0)][ParametersBack]-DEBUG(m_setBnsScaleRatio[2193]): update BNS ratio(0 -> 1000)
12-19 19:14:49.938  3060  4075 I ExynosCamera1Parameters: [CAM_ID(0)][ParametersBack]-INFO(setDefaultParameter[807])
12-19 19:14:49.938  3060  4075 D ExynosCamera1Parameters: [CAM_ID(0)][ParametersBack]-DEBUG(setDefaultParameter): Default preview size is 1920x1080
12-19 19:14:49.939  3060  4075 D ExynosCamera1Parameters: [CAM_ID(0)][ParametersBack]-DEBUG(setDefaultParameter): KEY_SUPPORTED_VIDEO_SIZES 1920x1080,1440x1440,1440x1080,1088x1088,1280x720,960x720,800x450,720x480,640x480,480x320,352x288,320x240,256x144,176x144
12-19 19:14:49.939  3060  4075 D ExynosCamera1Parameters: [CAM_ID(0)][ParametersBack]-DEBUG(setDefaultParameter): Max video size is 1920x1080
12-19 19:14:49.939  3060  4075 D ExynosCamera1Parameters: [CAM_ID(0)][ParametersBack]-DEBUG(setDefaultParameter): Default video size is 1920x1080
12-19 19:14:49.939  3060  4075 I ExynosCamera1Parameters: [CAM_ID(0)][ParametersBack]-INFO(setDefaultParameter[876]):video_frame_foramt == YUV420SP_NV21
12-19 19:14:49.939  3060  4075 D ExynosCamera1Parameters: [CAM_ID(0)][ParametersBack]-DEBUG(setDefaultParameter): Default picture size is 4032x3024
12-19 19:14:49.939  3060  4075 D ExynosCamera1Parameters: [CAM_ID(0)][ParametersBack]-m_antiBanding = 50hz
12-19 19:14:49.939  3060  4075 I ExynosCamera1Parameters: [CAM_ID(0)][ParametersBack]-INFO(setDefaultParameter):getMaxZoomLevel(100)
12-19 19:14:49.940  3060  4075 I ExynosCamera1Parameters: [CAM_ID(0)][ParametersBack]-INFO(setDefaultParameter):maxZoom=100, max_zoom_ratio= 8000, zoomRatioList=100,102,104,106,108,111,113,115,118,120,123,125,128,131,134,137,139,142,145,149,152,155,158,162,165,169,172,176,180,183,187,191,195,200,204,208,213,217,222,226,231,236,241,246,251,257,262,268,274,279,285,291,298,304,310,317,324,331,338,345,352,360,367,375,383,391,400,408,417,426,435,444,453,463,473,483,493,503,514,525,536,548,559,571,583,596,608,621,634,648,662,676,690,705,720,735,751,767,783,800
12-19 19:14:49.940  3060  4075 I ExynosCamera1Parameters: [CAM_ID(0)][ParametersBack]-INFO(getPreviewFpsRange[1321]):minFpsRange=15, maxFpsRange=30
12-19 19:14:49.940  3060  4075 I ExynosCamera1Parameters: [CAM_ID(0)][ParametersBack]-INFO(setDefaultParameter):supportedFpsList=(15000,15000),(24000,24000),(15000,30000),(30000,30000)
12-19 19:14:49.940  3060  4075 D ExynosCamera1Parameters: [CAM_ID(0)][ParametersBack]-DEBUG(setParameters):intelligent_mode : -1
12-19 19:14:49.940  3060  4075 D ExynosCamera1Parameters: [CAM_ID(0)][ParametersBack]-DEBUG(setParameters):intelligent_mode(-1) getVisionMode(0)
12-19 19:14:49.940  3060  4075 I ExynosCameraActivityAutofocus: INFO(setRecordingHint[325]):hint(0)
12-19 19:14:49.940  3060  4075 I ExynosCamera1Parameters: [CAM_ID(0)][ParametersBack]-INFO(checkPreviewFpsRange):Original FpsRange[Min=15000, Max=30000]
12-19 19:14:49.940  3060  4075 I ExynosCamera1Parameters: [CAM_ID(0)][ParametersBack]-INFO(checkPreviewFpsRange):curFpsRange[Min=15, Max=30], newFpsRange[Min=15, Max=30], [curFrameRate=30]
12-19 19:14:49.940  3060  4075 I ExynosCameraActivityControl: INFO(setFpsValue[900]): m_fpsValue(15)
12-19 19:14:49.940  3060  4075 I ExynosCamera1Parameters: [CAM_ID(0)][ParametersBack]-INFO(setParameters):newVideo Size (1920x1080), ratioId(0)
12-19 19:14:49.940  3060  4075 D ExynosCamera1Parameters: [CAM_ID(0)][ParametersBack]-DEBUG(setParameters):fast-fps-mode : -1
12-19 19:14:49.940  3060  4075 I ExynosCamera1Parameters: [CAM_ID(0)][ParametersBack]-INFO(checkPreviewFpsRange):curFpsRange[Min=15, Max=30], [curFrameRate=30]
12-19 19:14:49.941  3060  4075 D ExynosCamera1Parameters: [CAM_ID(0)][ParametersBack]-DEBUG(m_setRestartPreviewChecked):setRestartPreviewChecked(during SetParameters) true
12-19 19:14:49.941  3060  4075 D ExynosCamera1Parameters: [CAM_ID(0)][ParametersBack]-DEBUG(setParameters):highResolutionMode:off
12-19 19:14:49.941  3060  4075 D ExynosCamera1Parameters: [CAM_ID(0)][ParametersBack]-DEBUG(setParameters):hyperMotionMode:off
12-19 19:14:49.941  3060  4075 I ExynosCamera1Parameters: [CAM_ID(0)][ParametersBack]-INFO(setParameters):Cur Preview size(1920x1080)
12-19 19:14:49.941  3060  4075 I ExynosCamera1Parameters: [CAM_ID(0)][ParametersBack]-INFO(setParameters):Cur HwPreview size(3840x2160)
12-19 19:14:49.941  3060  4075 I ExynosCamera1Parameters: [CAM_ID(0)][ParametersBack]-INFO(setParameters):param.preview size(1920x1080)
12-19 19:14:49.941  3060  4075 I ExynosCamera1Parameters: [CAM_ID(0)][ParametersBack]-INFO(setParameters):Adjust Preview size(1920x1080), ratioId(0)
12-19 19:14:49.941  3060  4075 I ExynosCamera1Parameters: [CAM_ID(0)][ParametersBack]-INFO(setParameters):Calibrated HwPreview size(1920x1080)
12-19 19:14:49.941  3060  4075 D ExynosCamera1Parameters: [CAM_ID(0)][ParametersBack]-DEBUG(checkPreviewSize):setRestartPreviewChecked true
12-19 19:14:49.941  3060  4075 D ExynosCamera1Parameters: [CAM_ID(0)][ParametersBack]-DEBUG(m_setRestartPreviewChecked):setRestartPreviewChecked(during SetParameters) true
12-19 19:14:49.941  3060  4075 D ExynosCamera1Parameters: [CAM_ID(0)][ParametersBack]-DEBUG(setParameters):newVTMode -1
12-19 19:14:49.941  3060  4075 D ExynosCamera1Parameters: [CAM_ID(0)][ParametersBack]-DEBUG(setParameters):newHwVdis 0
12-19 19:14:49.941  3060  4075 D ExynosCamera1Parameters: [CAM_ID(0)][ParametersBack]-DEBUG(setParameters):new3dnrMode false
12-19 19:14:49.941  3060  4075 D ExynosCamera1Parameters: [CAM_ID(0)][ParametersBack]-DEBUG(setParameters):newDrcMode false
12-19 19:14:49.941  3060  4075 D ExynosCamera1Parameters: [CAM_ID(0)][ParametersBack]-DEBUG(setParameters):newOdcMode false
12-19 19:14:49.941  3060  5301 I ExynosCameraSec: [CAM_ID(0)][]-INFO(m_companionThreadFunc[9062]):
12-19 19:14:49.941  3060  4075 D ExynosCamera1Parameters: [CAM_ID(0)][ParametersBack]-DEBUG(setParameters):newPreviewFormat: yuv420sp
12-19 19:14:49.941  3060  4075 I ExynosCamera1Parameters: [CAM_ID(0)][ParametersBack]-INFO(Parameters[1914]): preview format changed cur(yuv420sp) -> new(yuv420sp)
12-19 19:14:49.941  3060  4075 I ExynosCamera1Parameters: [CAM_ID(0)][ParametersBack]-INFO(setParameters):newPicture Size (4032x3024), ratioId(1)
12-19 19:14:49.941  3060  4075 D ExynosCamera1Parameters: [CAM_ID(0)][ParametersBack]-DEBUG(setParameters):newPictureFormat jpeg
12-19 19:14:49.941  3060  4075 I ExynosCamera1Parameters: [CAM_ID(0)][ParametersBack]-INFO(Parameters[2465]): Picture format changed, cur(jpeg) -> new(jpeg)
12-19 19:14:49.941  3060  4075 D ExynosCamera1Parameters: [CAM_ID(0)][ParametersBack]-DEBUG(setParameters):newJpegQuality 96
12-19 19:14:49.941  3060  4075 D ExynosCamera1Parameters: [CAM_ID(0)][ParametersBack]-DEBUG(setParameters):newJpegThumbnailW X newJpegThumbnailH: 512 X 384
12-19 19:14:49.941  3060  4075 D ExynosCamera1Parameters: [CAM_ID(0)][ParametersBack]-DEBUG(setParameters):newJpegThumbnailQuality 100
12-19 19:14:49.941  3060  4075 D ExynosCamera1Parameters: [CAM_ID(0)][ParametersBack]-DEBUG(setParameters):newZoom 0
12-19 19:14:49.941  3060  4075 W ExynosCamera1Parameters: [CAM_ID(0)][ParametersBack]-ERROR(getPreviewBayerCropSize[5744]): current BNS size(4032x3024) is NOT same with Hw BNS size(4032x2268)
12-19 19:14:49.941  3060  4075 D ExynosCamera1Parameters: [CAM_ID(0)][ParametersBack]-DEBUG(setParameters):set orientation:0
12-19 19:14:49.941  3060  4075 D ExynosCamera1Parameters: [CAM_ID(0)][ParametersBack]-DEBUG(setParameters):newExposureCompensation 0
12-19 19:14:49.941  3060  4075 D ExynosCamera1Parameters: [CAM_ID(0)][ParametersBack]-DEBUG(setParameters):newExposureTime : 0
12-19 19:14:49.941  3060  4075 D ExynosCamera1Parameters: [CAM_ID(0)][ParametersBack]-DEBUG(setParameters):strNewMeteringMode center
12-19 19:14:49.941  3060  4075 I ExynosCamera1Parameters: [CAM_ID(0)][ParametersBack]-INFO(checkMeteringMode): Metering Area is changed (0 -> 2)
12-19 19:14:49.941  3060  4075 D ExynosCamera1Parameters: [CAM_ID(0)][ParametersBack]-DEBUG(setParameters):m_antiBanding 50hz
12-19 19:14:49.941  3060  4075 D ExynosCamera1Parameters: [CAM_ID(0)][ParametersBack]-DEBUG(setParameters):strNewAntibanding 50hz
12-19 19:14:49.942  3060  4075 D ExynosCamera1Parameters: [CAM_ID(0)][ParametersBack]-DEBUG(setParameters):strNewSceneMode auto
12-19 19:14:49.942  3060  4075 D ExynosCamera1Parameters: [CAM_ID(0)][ParametersBack]-DEBUG(setParameters):strNewFocusMode auto
12-19 19:14:49.942  3060  4075 D ExynosCamera1Parameters: [CAM_ID(0)][ParametersBack]-DEBUG(setParameters):strNewFlashMode off
12-19 19:14:49.942  3060  5301 D ExynosCameraNode: [CAM_ID(0)][companion]-DEBUG(open[262]): Node(109)(/dev/video109) opened. m_fd(38)
12-19 19:14:49.942  3060  5301 D ExynosCameraSec: [CAM_ID(0)][]-DEBUG(m_companionThreadFunc):Companion Node(109) opened running)
12-19 19:14:49.942  3060  4075 D ExynosCamera1Parameters: [CAM_ID(0)][ParametersBack]-DEBUG(setParameters):newWhiteBalance auto
12-19 19:14:49.942  3060  4075 D ExynosCamera1Parameters: [CAM_ID(0)][ParametersBack]-DEBUG(setParameters):newFocusAreas (0,0,0,0,0), numFocusAreas(1)
12-19 19:14:49.942  3060  4075 D ExynosCameraUtils: DEBUG(bracketsStr2Ints[225]):(0,0,0,0,0) - validFocusedAreas(1)
12-19 19:14:49.942  3060  4075 D ExynosCamera1Parameters: [CAM_ID(0)][ParametersBack]-DEBUG(setParameters):strNewEffectMode none
12-19 19:14:49.942  3060  4075 D ExynosCamera1Parameters: [CAM_ID(0)][ParametersBack]-DEBUG(setParameters):newBrightness 0
12-19 19:14:49.942  3060  4075 D ExynosCamera1Parameters: [CAM_ID(0)][ParametersBack]-DEBUG(setParameters):newSaturation 0
12-19 19:14:49.942  3060  4075 D ExynosCamera1Parameters: [CAM_ID(0)][ParametersBack]-DEBUG(setParameters):newSharpness 0
12-19 19:14:49.942  3060  4075 D ExynosCamera1Parameters: [CAM_ID(0)][ParametersBack]-DEBUG(setParameters):newHue 0
12-19 19:14:49.942  3060  4075 D ExynosCamera1Parameters: [CAM_ID(0)][ParametersBack]-DEBUG(setParameters):strNewRTDrc off
12-19 19:14:49.942  3060  4075 D ExynosCamera1Parameters: [CAM_ID(0)][ParametersBack]-DEBUG(setParameters):strNewPaf off
12-19 19:14:49.942  3060  4075 D ExynosCamera1Parameters: [CAM_ID(0)][ParametersBack]-DEBUG(setParameters):strNewRTWdr off
12-19 19:14:49.942  3060  4075 D ExynosCamera1Parameters: [CAM_ID(0)][ParametersBack]-DEBUG(setParameters):strNewISO auto
12-19 19:14:49.942  3060  4075 D ExynosCamera1Parameters: [CAM_ID(0)][ParametersBack]-DEBUG(setParameters):strNewContrast auto
12-19 19:14:49.942  3060  4075 D ExynosCamera1Parameters: [CAM_ID(0)][ParametersBack]-DEBUG(setParameters):newHDR 0
12-19 19:14:49.942  3060  4075 D ExynosCamera1Parameters: [CAM_ID(0)][ParametersBack]-DEBUG(setParameters):newWDR 0
12-19 19:14:49.942  3060  4075 D ExynosCamera1Parameters: [CAM_ID(0)][ParametersBack]-DEBUG(setParameters):newShotMode 0
12-19 19:14:49.942  3060  4075 D ExynosCamera1Parameters: [CAM_ID(0)][ParametersBack]-DEBUG(setParameters):newVRMode -1
12-19 19:14:49.942  3060  4075 D ExynosCamera1Parameters: [CAM_ID(0)][ParametersBack]-DEBUG(setParameters): checkImageUniqueId : romReadThreadDone(0)
12-19 19:14:49.942  3060  4075 D ExynosCamera1Parameters: [CAM_ID(0)][ParametersBack]-DEBUG(setParameters): seriesShotFilePath NULL
12-19 19:14:49.942  3060  4075 D ExynosCamera1Parameters: [CAM_ID(0)][ParametersBack]-DEBUG(setParameters): dngFilePath NULL
12-19 19:14:49.942  3060  4075 D ExynosCamera1Parameters: [CAM_ID(0)][ParametersBack]-DEBUG(setParameters):strNewOIS still
12-19 19:14:49.942  3060  4075 D ExynosCamera1Parameters: [CAM_ID(0)][ParametersBack]-checkOIS set OIS, new OIS Mode = 100
12-19 19:14:49.942  3060  4075 D ExynosCamera1Parameters: [CAM_ID(0)][ParametersBack]-(setOISMode[3814])set OIS Mode = 100
12-19 19:14:49.942  3060  4075 D ExynosCamera1Parameters: [CAM_ID(0)][ParametersBack]-DEBUG(setParameters[769]):Need restart preview
12-19 19:14:49.942  3060  4075 D ExynosCamera1Parameters: [CAM_ID(0)][ParametersBack]-DEBUG(m_setRestartPreview):setRestartPreview true
12-19 19:14:49.942  3060  4075 D ExynosCamera1Parameters: [CAM_ID(0)][ParametersBack]-(m_getSetfileYuvRange)[6368] : CurrentState (0x   0), currentSetfile(0)
12-19 19:14:49.942  3060  4075 D ExynosCamera1Parameters: [CAM_ID(0)][ParametersBack]-(m_getSetfileYuvRange)[6368] : CurrentState (0x   1), currentSetfile(5)
12-19 19:14:49.942  3060  4075 D ExynosCamera1Parameters: [CAM_ID(0)][ParametersBack]-DEBUG(checkSetfileYuvRange[5458]):m_cameraId(0) : general[setfile(0) YUV range(0)] : reprocesing[setfile(5) YUV range(0)]
12-19 19:14:49.942  3060  4075 D ExynosCamera1Parameters: [CAM_ID(0)][ParametersBack]-DEBUG(setParameters):newQshot 0
12-19 19:14:49.942  3060  4075 D ExynosCamera1Parameters: [CAM_ID(0)][ParametersBack]-DEBUG(setParameters):newMotionSpeed -1
12-19 19:14:49.942  3060  4075 D ExynosCamera1Parameters: [CAM_ID(0)][ParametersBack]-DEBUG(setParameters):newLensDCMode on
12-19 19:14:49.943  3060  4075 D ExynosCamera1Parameters: [CAM_ID(0)][ParametersBack]-DEBUG(checkUseDepthMap[6147]): depthMapW(504), depthMapH (282) getUseDepthMap(1)
12-19 19:14:49.943  3060  4075 D ExynosCamera: [CAM_ID(0)][]-DEBUG(ExynosCamera):Parameters(Id=0) created
12-19 19:14:49.943  3060  4075 I ExynosCamera: [CAM_ID(0)][]-INFO(m_createIonAllocator[4154]):try(1) to create IonAllocator
12-19 19:14:49.943  3060  4075 D ExynosCamera: [CAM_ID(0)][]-DEBUG(m_createIonAllocator[4160]):m_createIonAllocator success (allocator=0xf350f8d0)
12-19 19:14:49.943  3060  4075 D ExynosCamera: [CAM_ID(0)][]-DEBUG(m_createBufferManager[4190]):m_createIonAllocator success
12-19 19:14:49.944  3060  4075 D ExynosCamera1Parameters: [CAM_ID(0)][ParametersBack]-DEBUG(setDeviceOrientation[5413]):orientation(0), hwRotation(90), fdOrientation(90)
12-19 19:14:49.944  3060  4075 D ExynosCameraFrameManager: DEBUG(ExynosCameraFrameManager): FrameManager CREATE(name(FRAME MANAGER) cameraid(0) mode(2)
12-19 19:14:49.944  3060  4075 D ExynosCameraFrameManager: [CAM_ID(0)][CREATE FRAME WORKER]-DEBUG(CreateWorker): Worker CREATE(name(CREATE FRAME WORKER) cameraid(0) mode(2) margin(200)  
12-19 19:14:49.944  3060  4075 D ExynosCameraFrameManager: [CAM_ID(0)][DELETE FRAME WORKER]-DEBUG(DeleteWorker): Worker CREATE(name(DELETE FRAME WORKER) cameraid(0) mode(2) 
12-19 19:14:49.944  3060  4075 I ExynosCamera: [CAM_ID(0)][]-INFO(m_initFrameFactory[2415]): -IN-
12-19 19:14:49.944  3060  4075 D ExynosCameraFrameFactory: [CAM_ID(0)][]-DEBUG(m_setCreate[714]) setCreate old(false) new(false)
12-19 19:14:49.945  3060  4075 D ExynosCameraFrameFactory: [CAM_ID(0)][]-DEBUG(m_setCreate[714]) setCreate old(false) new(false)
12-19 19:14:49.945  3060  4075 I ExynosCamera: [CAM_ID(0)][]-INFO(m_initFrameFactory[2436]): -OUT-
12-19 19:14:49.945  3060  4075 D ExynosCameraPipeJpeg: DEBUG:duration time(    1 msec):(m_initFrameFactory)
12-19 19:14:49.945  3060  4075 I ExynosCameraSec: [CAM_ID(0)][]-INFO(m_vendorSpecificConstructor[5181]): -IN-
12-19 19:14:49.945  3060  4075 D ExynosCameraSec: [CAM_ID(0)][]-DEBUG(m_vendorSpecificConstructor): postPictureCallbackThread created
12-19 19:14:49.945  3060  4075 D ExynosCameraSec: [CAM_ID(0)][]-DEBUG(m_vendorSpecificConstructor):m_ThumbnailCallbackThread created
12-19 19:14:49.945  3060  4075 D ExynosCameraSec: [CAM_ID(0)][]-DEBUG(m_vendorSpecificConstructor):m_DNGCaptureThread created
12-19 19:14:49.945  3060  4075 D ExynosCameraSec: [CAM_ID(0)][]-DEBUG(m_vendorSpecificConstructor):m_LDCaptureThread created
12-19 19:14:49.945  3060  4075 D ExynosCameraSec: [CAM_ID(0)][]-DEBUG(m_vendorSpecificConstructor):m_sensorListenerThread created
12-19 19:14:49.945  3060  4075 D ExynosCameraSec: [CAM_ID(0)][]-DEBUG(m_vendorSpecificConstructor):yuvCallbackThread created
12-19 19:14:49.945  3060  4075 D ExynosCameraActivitySpecialCapture: DEBUG(resetOISCaptureFcount[587]):
12-19 19:14:49.945  3060  4075 D SecCameraPreviewFrameScheduler: (SecCameraPreviewFrameScheduler[36])
12-19 19:14:49.945  3060  4075 D SecCameraPreviewFrameScheduler: (m_reset[52] targetFps=30.000000, m_videoSyncPeriod=33333333)
12-19 19:14:49.945  3060  4075 I ExynosCameraSec: [CAM_ID(0)][]-INFO(m_vendorSpecificConstructor[5373]): -OUT-
12-19 19:14:49.946  3060  4075 I ExynosCamera3Interface: INFO(HAL_camera_device_open[668]):camera(0) out from new g_cam_device[0]->priv()
12-19 19:14:49.946  3060  4075 I ExynosCamera3Interface: INFO(HAL_camera_device_open[671]):camera(0) unlocked..
12-19 19:14:49.946  3060  4075 I CameraService: onTorchStatusChangedLocked: Torch status changed for cameraId=0, newStatus=0
12-19 19:14:49.946  3060  4075 I ExynosCamera3Interface: INFO(HAL_camera_device_open[713]):camera(0) out
12-19 19:14:49.946  3060  4075 D ExynosCamera3Interface: DEBUG:duration time(   10 msec):(HAL_camera_device_open)
12-19 19:14:49.946  3060  4075 D ExynosCamera3Interface: DEBUG:duration time(   10 msec):(HAL_open_legacy)
12-19 19:14:49.946  3060  4075 I ExynosCamera: [CAM_ID(0)][]-INFO(setCallbacks[739]): -IN-
12-19 19:14:49.946  3060  4075 D ExynosCamera3Interface: DEBUG:duration time(    0 msec):(HAL_camera_device_set_callbacks)
12-19 19:14:49.946  3060  4075 I ExynosCamera: [CAM_ID(0)][]-INFO(getParameters[727])
12-19 19:14:49.946  3060  4075 I ExynosCamera1Parameters: [CAM_ID(0)][ParametersBack]-INFO(getParameters[167])
12-19 19:14:49.946  3060  4075 D ExynosCamera3Interface: DEBUG:duration time(    0 msec):(HAL_camera_device_get_parameters)
12-19 19:14:49.946  3060  4075 D ExynosCamera3Interface: DEBUG:duration time(    0 msec):(HAL_camera_device_put_parameters)
12-19 19:14:49.947  3060  5302 I ExynosCameraSec: [CAM_ID(0)][]-INFO(m_uniPluginThreadFunc[9158]):
