--------- beginning of main
12-27 00:40:54.230  2933  2933 W auditd  : type=1325 audit(0.0:2): table=filter family=2 entries=0
12-27 00:40:54.230  2933  2933 W auditd  : type=1325 audit(0.0:3): table=mangle family=2 entries=0
12-27 00:40:54.230  2933  2933 W auditd  : type=1325 audit(0.0:4): table=nat family=2 entries=0
12-27 00:40:54.230  2933  2933 W auditd  : type=1325 audit(0.0:5): table=raw family=2 entries=0
12-27 00:40:54.230  2933  2933 W auditd  : type=1325 audit(0.0:6): table=security family=2 entries=0
12-27 00:40:54.230  2933  2933 W auditd  : type=1325 audit(0.0:7): table=filter family=3 entries=0
12-27 00:40:54.230  2933  2933 W auditd  : type=1325 audit(0.0:8): table=filter family=10 entries=0
12-27 00:40:54.230  2933  2933 W auditd  : type=1325 audit(0.0:9): table=mangle family=10 entries=0
12-27 00:40:54.230  2933  2933 W auditd  : type=1325 audit(0.0:10): table=raw family=10 entries=0
12-27 00:40:54.230  2933  2933 W auditd  : type=1325 audit(0.0:11): table=nat family=10 entries=0
12-27 00:40:54.729  2933  2933 I auditd  : type=1403 audit(0.0:12): policy loaded auid=4294967295 ses=4294967295
12-27 00:40:55.029  2899  2899 I init    : type=1400 audit(0.0:13): avc: denied { mounton } for path="/efs" dev="rootfs" ino=14014 scontext=u:r:init:s0 tcontext=u:object_r:efs_file:s0 tclass=dir permissive=1
12-27 00:40:55.029  2899  2899 W init    : type=1300 audit(0.0:13): arch=c00000b7 syscall=40 success=yes exit=0 a0=7f8d821800 a1=7f8d82a1d8 a2=7f8d82a1e0 a3=40a items=0 ppid=1 auid=4294967295 uid=0 gid=0 euid=0 suid=0 fsuid=0 egid=0 sgid=0 fsgid=0 tty=(none) ses=4294967295 exe="/init" subj=u:r:init:s0 key=(null)
12-27 00:40:55.029  2933  2933 W auditd  : type=1327 audit(0.0:13): proctitle=2F696E6974002D2D7365636F6E642D7374616765
12-27 00:40:55.029  2933  2933 W auditd  : type=1320 audit(0.0:13): 
12-27 00:40:55.109  2912  2912 I e2fsck  : type=1400 audit(0.0:14): avc: denied { read } for name="sda3" dev="tmpfs" ino=8828 scontext=u:r:fsck:s0 tcontext=u:object_r:block_device:s0 tclass=blk_file permissive=1
12-27 00:40:55.109  2912  2912 I e2fsck  : type=1400 audit(0.0:14): avc: denied { open } for path="/dev/block/sda3" dev="tmpfs" ino=8828 scontext=u:r:fsck:s0 tcontext=u:object_r:block_device:s0 tclass=blk_file permissive=1
12-27 00:40:55.109  2912  2912 W e2fsck  : type=1300 audit(0.0:14): arch=c00000b7 syscall=56 success=yes exit=4 a0=ffffff9c a1=7fa5a277b0 a2=80 a3=0 items=0 ppid=2899 auid=4294967295 uid=0 gid=0 euid=0 suid=0 fsuid=0 egid=0 sgid=0 fsgid=0 tty=(none) ses=4294967295 exe="/system/bin/e2fsck" subj=u:r:fsck:s0 key=(null)
12-27 00:40:55.109  2933  2933 W auditd  : type=1327 audit(0.0:14): proctitle=2F73797374656D2F62696E2F65326673636B002D66002D79002F6465762F626C6F636B2F706C6174666F726D2F31353561303030302E7566732F62792D6E616D652F454653
12-27 00:40:55.109  2933  2933 W auditd  : type=1320 audit(0.0:14): 
12-27 00:40:55.109  2912  2912 I e2fsck  : type=1400 audit(0.0:15): avc: denied { write } for name="sda3" dev="tmpfs" ino=8828 scontext=u:r:fsck:s0 tcontext=u:object_r:block_device:s0 tclass=blk_file permissive=1
12-27 00:40:55.109  2912  2912 W e2fsck  : type=1300 audit(0.0:15): arch=c00000b7 syscall=56 success=yes exit=4 a0=ffffff9c a1=7fa5a27810 a2=82 a3=0 items=0 ppid=2899 auid=4294967295 uid=0 gid=0 euid=0 suid=0 fsuid=0 egid=0 sgid=0 fsgid=0 tty=(none) ses=4294967295 exe="/system/bin/e2fsck" subj=u:r:fsck:s0 key=(null)
12-27 00:40:55.109  2933  2933 W auditd  : type=1327 audit(0.0:15): proctitle=2F73797374656D2F62696E2F65326673636B002D66002D79002F6465762F626C6F636B2F706C6174666F726D2F31353561303030302E7566732F62792D6E616D652F454653
12-27 00:40:55.109  2933  2933 W auditd  : type=1320 audit(0.0:15): 
12-27 00:40:55.109  2912  2912 I e2fsck  : type=1400 audit(0.0:16): avc: denied { ioctl } for path="/dev/block/sda3" dev="tmpfs" ino=8828 ioctlcmd=127c scontext=u:r:fsck:s0 tcontext=u:object_r:block_device:s0 tclass=blk_file permissive=1
12-27 00:40:55.109  2912  2912 W e2fsck  : type=1300 audit(0.0:16): arch=c00000b7 syscall=29 success=yes exit=0 a0=4 a1=127c a2=7fe5733280 a3=0 items=0 ppid=2899 auid=4294967295 uid=0 gid=0 euid=0 suid=0 fsuid=0 egid=0 sgid=0 fsgid=0 tty=(none) ses=4294967295 exe="/system/bin/e2fsck" subj=u:r:fsck:s0 key=(null)
12-27 00:40:55.109  2933  2933 W auditd  : type=1327 audit(0.0:16): proctitle=2F73797374656D2F62696E2F65326673636B002D66002D79002F6465762F626C6F636B2F706C6174666F726D2F31353561303030302E7566732F62792D6E616D652F454653
12-27 00:40:55.109  2933  2933 W auditd  : type=1320 audit(0.0:16): 
12-27 00:40:55.739     1     1 I init    : type=1400 audit(0.0:17): avc: denied { write } for name="tracing_on" dev="debugfs" ino=4208 scontext=u:r:init:s0 tcontext=u:object_r:debugfs:s0 tclass=file permissive=1
12-27 00:40:55.759  2933  2933 W auditd  : type=1305 audit(0.0:18): audit_pid=2925 old=0 auid=4294967295 ses=4294967295 subj=u:r:logd:s0 res=1
12-27 00:40:55.759  2933  2933 W auditd  : type=1305 audit(0.0:19): audit_rate_limit=20 old=0 auid=4294967295 ses=4294967295 subj=u:r:logd:s0 res=1
12-27 00:40:55.924  2937  2937 I         : debuggerd: starting
--------- beginning of system
12-27 00:40:55.936  2938  2938 I vold    : Vold 3.0 (the awakening) firing up
12-27 00:40:55.936  2938  2938 V vold    : Detected support for: exfat ext4 ntfs vfat
12-27 00:40:55.942  2936  2936 I         : debuggerd: starting
12-27 00:40:56.195  2938  2943 V vold    : /system/bin/sgdisk
12-27 00:40:56.195  2938  2943 V vold    :     --android-dump
12-27 00:40:56.195  2938  2943 V vold    :     /dev/block/vold/disk:179_0
12-27 00:40:56.199  1903  1903 I ueventd : type=1400 audit(0.0:20): avc: denied { relabelfrom } for name="mmcblk0p1" dev="tmpfs" ino=8809 scontext=u:r:ueventd:s0 tcontext=u:object_r:emmcblk_device:s0 tclass=blk_file permissive=1
12-27 00:40:56.199  1903  1903 I ueventd : type=1400 audit(0.0:20): avc: denied { relabelto } for name="mmcblk0p1" dev="tmpfs" ino=8809 scontext=u:r:ueventd:s0 tcontext=u:object_r:emmcblk_device:s0 tclass=blk_file permissive=1
12-27 00:40:56.199  1903  1903 W ueventd : type=1300 audit(0.0:20): arch=c00000b7 syscall=6 success=yes exit=0 a0=7ff7d5e178 a1=509a0a a2=7fafe16020 a3=1d items=0 ppid=1 auid=4294967295 uid=0 gid=0 euid=0 suid=0 fsuid=0 egid=0 sgid=0 fsgid=0 tty=(none) ses=4294967295 exe="/init" subj=u:r:ueventd:s0 key=(null)
12-27 00:40:56.199  2933  2933 W auditd  : type=1327 audit(0.0:20): proctitle="/sbin/ueventd"
12-27 00:40:56.199  2933  2933 W auditd  : type=1320 audit(0.0:20): 
12-27 00:40:56.202  2938  2991 D vold    : e4crypt_init_user0
12-27 00:40:56.202  2938  2991 D vold    : e4crypt_prepare_user_storage for volume null, user 0, serial 0, flags 1
12-27 00:40:56.202  2938  2991 D vold    : Preparing: /data/system/users/0
12-27 00:40:56.202  2938  2991 D vold    : Preparing: /data/misc/profiles/cur/0
12-27 00:40:56.203  2938  2991 D vold    : Preparing: /data/misc/profiles/cur/0/foreign-dex
12-27 00:40:56.203  2938  2991 D vold    : Preparing: /data/system_de/0
12-27 00:40:56.203  2938  2991 D vold    : Preparing: /data/misc_de/0
12-27 00:40:56.203  2938  2991 D vold    : Preparing: /data/user_de/0
12-27 00:40:56.203  2938  2991 D vold    : e4crypt_unlock_user_key 0 serial=0 token_present=0
12-27 00:40:56.203  2938  2991 E vold    : Failed to chmod /data/system_ce/0: No such file or directory
12-27 00:40:56.203  2938  2991 E vold    : Failed to chmod /data/misc_ce/0: No such file or directory
12-27 00:40:56.205     1     1 I vdc     : 200 2939 Command succeeded
12-27 00:40:56.211  2938  2943 V vold    : DISK mbr
12-27 00:40:56.211  2938  2943 V vold    : 
12-27 00:40:56.211  2938  2943 V vold    : PART 1 c
12-27 00:40:56.211  2938  2943 V vold    : 
12-27 00:40:56.213  2998  2998 I /system/bin/tzdatacheck: tzdata file /data/misc/zoneinfo/current/tzdata does not exist. No action required.
12-27 00:40:56.219  2999  2999 I sysinit : type=1400 audit(0.0:21): avc: denied { getattr } for path="/vendor" dev="rootfs" ino=1112 scontext=u:r:sysinit:s0 tcontext=u:object_r:rootfs:s0 tclass=lnk_file permissive=1
12-27 00:40:56.219  2999  2999 W sysinit : type=1300 audit(0.0:21): arch=c00000b7 syscall=79 success=yes exit=0 a0=ffffff9c a1=7ff815f790 a2=7ff815c5d8 a3=100 items=0 ppid=1 auid=4294967295 uid=0 gid=0 euid=0 suid=0 fsuid=0 egid=0 sgid=0 fsgid=0 tty=(none) ses=4294967295 exe="/system/bin/sh" subj=u:r:sysinit:s0 key=(null)
12-27 00:40:56.219  2933  2933 W auditd  : type=1327 audit(0.0:21): proctitle=2F73797374656D2F62696E2F7368002F73797374656D2F62696E2F737973696E6974
12-27 00:40:56.219  2933  2933 W auditd  : type=1320 audit(0.0:21): 
12-27 00:40:56.240  3006  3006 I sysinit : Running /system/etc/init.d/00banner
12-27 00:40:56.247  3003  3003 I lowmemorykiller: Using in-kernel low memory killer interface
12-27 00:40:56.252  3011  3011 I cm      : ____ _   _ ____ _  _ ____ ____ ____ _  _ _  _ ____ ___
12-27 00:40:56.259  3012  3012 I cm      : |     \_/  |__| |\ | |  | | __ |___ |\ | |\/| |  | |  \
12-27 00:40:56.260  3005  3005 I SurfaceFlinger: SurfaceFlinger is starting
12-27 00:40:56.260  3005  3005 I SurfaceFlinger: SurfaceFlinger's main thread ready to run. Initializing graphics H/W...
12-27 00:40:56.266  3016  3016 I cm      : |___   |   |  | | \| |__| |__] |___ | \| |  | |__| |__/
12-27 00:40:56.285  3019  3019 I cm      : Welcome to Android 7.1.1 / CyanogenMod-14.1-20161226-UNOFFICIAL-hero2lte
12-27 00:40:56.292  3020  3020 I sysinit : Running /system/etc/init.d/90userinit
12-27 00:40:56.313  3005  3005 D libEGL  : loaded /vendor/lib64/egl/libGLES_mali.so
12-27 00:40:56.329  1119  1119 I kworker/0:1: type=1400 audit(0.0:22): avc: denied { read } for name="battery_data.dat" dev="sda3" ino=34 scontext=u:r:kernel:s0 tcontext=u:object_r:efs_file:s0 tclass=file permissive=1
12-27 00:40:56.329  1119  1119 I kworker/0:1: type=1400 audit(0.0:23): avc: denied { open } for path="/efs/Battery/battery_data.dat" dev="sda3" ino=34 scontext=u:r:kernel:s0 tcontext=u:object_r:efs_file:s0 tclass=file permissive=1
12-27 00:40:56.345  3005  3005 I gralloc : using (id=)
12-27 00:40:56.345  3005  3005 I gralloc : xres         = 1440 px
12-27 00:40:56.345  3005  3005 I gralloc : yres         = 2560 px
12-27 00:40:56.345  3005  3005 I gralloc : width        = 68 mm (537.882324 dpi)
12-27 00:40:56.345  3005  3005 I gralloc : height       = 122 mm (532.983582 dpi)
12-27 00:40:56.345  3005  3005 I gralloc : refresh rate = 59.31 Hz
12-27 00:40:56.349  3040  3040 I init    : type=1400 audit(0.0:24): avc: denied { execute_no_trans } for path="/system/bin/lhd" dev="sda14" ino=438 scontext=u:r:init:s0 tcontext=u:object_r:lhd_exec:s0 tclass=file permissive=1
12-27 00:40:56.349  3041  3041 I gpsd    : type=1400 audit(0.0:25): avc: denied { getattr } for path="/vendor" dev="rootfs" ino=1112 scontext=u:r:gpsd:s0 tcontext=u:object_r:rootfs:s0 tclass=lnk_file permissive=1
12-27 00:40:56.349  3041  3041 W gpsd    : type=1300 audit(0.0:25): arch=c00000b7 syscall=79 success=yes exit=0 a0=ffffff9c a1=7ff4e17f30 a2=7ff4e14d78 a3=100 items=0 ppid=1 auid=4294967295 uid=1021 gid=1000 euid=1021 suid=1021 fsuid=1021 egid=1000 sgid=1000 fsgid=1000 tty=(none) ses=4294967295 exe="/system/bin/gpsd" subj=u:r:gpsd:s0 key=(null)
12-27 00:40:56.349  2933  2933 W auditd  : type=1327 audit(0.0:25): proctitle=2F73797374656D2F62696E2F67707364002D63002F73797374656D2F6574632F6770732E786D6C
12-27 00:40:56.349  2933  2933 W auditd  : type=1320 audit(0.0:25): 
12-27 00:40:56.349  3040  3040 W lhd     : type=1300 audit(0.0:24): arch=c00000b7 syscall=221 success=yes exit=0 a0=7f8d841091 a1=7f8d824180 a2=543098 a3=1 items=0 ppid=1 auid=4294967295 uid=1021 gid=1000 euid=1021 suid=1021 fsuid=1021 egid=1000 sgid=1000 fsgid=1000 tty=(none) ses=4294967295 exe="/system/bin/lhd" subj=u:r:init:s0 key=(null)
12-27 00:40:56.349  2933  2933 W auditd  : type=1327 audit(0.0:24): proctitle=2F73797374656D2F62696E2F6C6864002F73797374656D2F6574632F6C68642E636F6E66
12-27 00:40:56.349  2933  2933 W auditd  : type=1320 audit(0.0:24): 
12-27 00:40:56.349  3047  3047 I audioserver: type=1400 audit(0.0:26): avc: denied { getattr } for path="/vendor" dev="rootfs" ino=1112 scontext=u:r:audioserver:s0 tcontext=u:object_r:rootfs:s0 tclass=lnk_file permissive=1
12-27 00:40:56.349  3047  3047 W audioserver: type=1300 audit(0.0:26): arch=40000028 syscall=327 per=8 success=yes exit=0 a0=ffffff9c a1=ffa612e8 a2=ffa5e1c8 a3=100 items=0 ppid=1 auid=4294967295 uid=1041 gid=1005 euid=1041 suid=1041 fsuid=1041 egid=1005 sgid=1005 fsgid=1005 tty=(none) ses=4294967295 exe="/system/bin/audioserver" subj=u:r:audioserver:s0 key=(null)
12-27 00:40:56.349  2933  2933 W auditd  : type=1327 audit(0.0:26): proctitle="/system/bin/audioserver"
12-27 00:40:56.349  2933  2933 W auditd  : type=1320 audit(0.0:26): 
12-27 00:40:56.359  3052  3052 I mediacodec: type=1400 audit(0.0:27): avc: denied { getattr } for path="/vendor" dev="rootfs" ino=1112 scontext=u:r:mediacodec:s0 tcontext=u:object_r:rootfs:s0 tclass=lnk_file permissive=1
12-27 00:40:56.359  3052  3052 W mediacodec: type=1300 audit(0.0:27): arch=40000028 syscall=327 per=8 success=yes exit=0 a0=ffffff9c a1=ffe03fc8 a2=ffe00ea8 a3=100 items=0 ppid=1 auid=4294967295 uid=1046 gid=1006 euid=1046 suid=1046 fsuid=1046 egid=1006 sgid=1006 fsgid=1006 tty=(none) ses=4294967295 exe="/system/bin/mediacodec" subj=u:r:mediacodec:s0 key=(null)
12-27 00:40:56.359  2933  2933 W auditd  : type=1327 audit(0.0:27): proctitle="/system/bin/mediacodec"
12-27 00:40:56.359  2933  2933 W auditd  : type=1320 audit(0.0:27): 
12-27 00:40:56.359  3039  3039 I wifiloader: type=1400 audit(0.0:28): avc: denied { getattr } for path="/vendor" dev="rootfs" ino=1112 scontext=u:r:wifiloader:s0 tcontext=u:object_r:rootfs:s0 tclass=lnk_file permissive=1
12-27 00:40:56.359  3039  3039 W wifiloader: type=1300 audit(0.0:28): arch=c00000b7 syscall=79 success=yes exit=0 a0=ffffff9c a1=7fee7a2a20 a2=7fee79f868 a3=100 items=0 ppid=1 auid=4294967295 uid=0 gid=0 euid=0 suid=0 fsuid=0 egid=0 sgid=0 fsgid=0 tty=(none) ses=4294967295 exe="/system/bin/wifiloader" subj=u:r:wifiloader:s0 key=(null)
12-27 00:40:56.359  2933  2933 W auditd  : type=1327 audit(0.0:28): proctitle="/system/bin/wifiloader"
12-27 00:40:56.359  2933  2933 W auditd  : type=1320 audit(0.0:28): 
12-27 00:40:56.359  3048  3048 I cameraserver: type=1400 audit(0.0:29): avc: denied { getattr } for path="/vendor" dev="rootfs" ino=1112 scontext=u:r:cameraserver:s0 tcontext=u:object_r:rootfs:s0 tclass=lnk_file permissive=1
12-27 00:40:56.359  3048  3048 W cameraserver: type=1300 audit(0.0:29): arch=40000028 syscall=327 per=8 success=yes exit=0 a0=ffffff9c a1=ffe44f98 a2=ffe41e78 a3=100 items=0 ppid=1 auid=4294967295 uid=1047 gid=1005 euid=1047 suid=1047 fsuid=1047 egid=1005 sgid=1005 fsgid=1005 tty=(none) ses=4294967295 exe="/system/bin/cameraserver" subj=u:r:cameraserver:s0 key=(null)
12-27 00:40:56.359  2933  2933 W auditd  : type=1327 audit(0.0:29): proctitle="/system/bin/cameraserver"
12-27 00:40:56.359  2933  2933 W auditd  : type=1320 audit(0.0:29): 
12-27 00:40:56.362  3005  3005 D hwcomposer: using
12-27 00:40:56.362  3005  3005 D hwcomposer: xres         = 1440 px
12-27 00:40:56.362  3005  3005 D hwcomposer: yres         = 2560 px
12-27 00:40:56.362  3005  3005 D hwcomposer: width        = 68 mm (537.882000 dpi)
12-27 00:40:56.362  3005  3005 D hwcomposer: height       = 122 mm (532.983000 dpi)
12-27 00:40:56.362  3005  3005 D hwcomposer: refresh rate = 59 Hz
12-27 00:40:56.363  3005  3005 I hwcomposer: PSR info devname = /sys/devices/13960000.decon_f/psr_info
12-27 00:40:56.363  3005  3005 I hwcomposer: PSR mode is 6(0: video mode, 1: DP PSR mode, 2: MIPI-DSI command mode)
12-27 00:40:56.363  3005  3005 I SurfaceFlinger: Using composer version 1.3
12-27 00:40:56.363  3005  3005 E display : unknown display attribute 6
12-27 00:40:56.363  3005  3005 I SurfaceFlinger: EGL information:
12-27 00:40:56.363  3005  3005 I SurfaceFlinger: vendor    : Android
12-27 00:40:56.363  3005  3005 I SurfaceFlinger: version   : 1.4 Android META-EGL
12-27 00:40:56.363  3005  3005 I SurfaceFlinger: extensions: EGL_KHR_get_all_proc_addresses EGL_ANDROID_presentation_time EGL_KHR_swap_buffers_with_damage EGL_ANDROID_create_native_client_buffer EGL_ANDROID_front_buffer_auto_refresh EGL_KHR_image EGL_KHR_image_base EGL_KHR_gl_texture_2D_image EGL_KHR_gl_texture_cubemap_image EGL_KHR_gl_renderbuffer_image EGL_KHR_fence_sync EGL_KHR_create_context EGL_KHR_config_attribs EGL_KHR_surfaceless_context EGL_EXT_create_context_robustness EGL_ANDROID_image_native_buffer EGL_KHR_wait_sync EGL_ANDROID_recordable EGL_KHR_partial_update 
12-27 00:40:56.364  3005  3005 I SurfaceFlinger: Client API: OpenGL_ES
12-27 00:40:56.364  3005  3005 I SurfaceFlinger: EGLSurface: 8-8-8-8, config=0x7f9d067138
12-27 00:40:56.368  3039  3039 D wifiloader: Trigger initcall of deferred modules
12-27 00:40:56.368  3039  3039 E wifiloader: Failed to open /proc/deferred_initcalls - error: No such file or directory
12-27 00:40:56.369  3053  3053 I mediadrmserver: type=1400 audit(0.0:30): avc: denied { getattr } for path="/vendor" dev="rootfs" ino=1112 scontext=u:r:mediadrmserver:s0 tcontext=u:object_r:rootfs:s0 tclass=lnk_file permissive=1
12-27 00:40:56.369  3053  3053 W mediadrmserver: type=1300 audit(0.0:30): arch=40000028 syscall=327 per=8 success=yes exit=0 a0=ffffff9c a1=ffe8f618 a2=ffe8c4f8 a3=100 items=0 ppid=1 auid=4294967295 uid=1013 gid=1031 euid=1013 suid=1013 fsuid=1013 egid=1031 sgid=1031 fsgid=1031 tty=(none) ses=4294967295 exe="/system/bin/mediadrmserver" subj=u:r:mediadrmserver:s0 key=(null)
12-27 00:40:56.369  2933  2933 W auditd  : type=1327 audit(0.0:30): proctitle="/system/bin/mediadrmserver"
12-27 00:40:56.369  2933  2933 W auditd  : type=1320 audit(0.0:30): 
12-27 00:40:56.377  3005  3005 I SurfaceFlinger: OpenGL ES informations:
12-27 00:40:56.377  3005  3005 I SurfaceFlinger: vendor    : ARM
12-27 00:40:56.377  3005  3005 I SurfaceFlinger: renderer  : Mali-T880
12-27 00:40:56.377  3005  3005 I SurfaceFlinger: version   : OpenGL ES 3.2 v1.r12p1-00dev0.60546d7cd0bfd82d0ba92ca3bb825c75
12-27 00:40:56.377  3005  3005 I SurfaceFlinger: extensions: GL_EXT_debug_marker GL_ARM_rgba8 GL_ARM_mali_shader_binary GL_OES_depth24 GL_OES_depth_texture GL_OES_depth_texture_cube_map GL_OES_packed_depth_stencil GL_OES_rgb8_rgba8 GL_EXT_read_format_bgra GL_OES_compressed_paletted_texture GL_OES_compressed_ETC1_RGB8_texture GL_OES_standard_derivatives GL_OES_EGL_image GL_OES_EGL_image_external GL_OES_EGL_image_external_essl3 GL_OES_EGL_sync GL_OES_texture_npot GL_OES_vertex_half_float GL_OES_required_internalformat GL_OES_vertex_array_object GL_OES_mapbuffer GL_EXT_texture_format_BGRA8888 GL_EXT_texture_rg GL_EXT_texture_type_2_10_10_10_REV GL_OES_fbo_render_mipmap GL_OES_element_index_uint GL_EXT_shadow_samplers GL_OES_texture_compression_astc GL_KHR_texture_compression_astc_ldr GL_KHR_texture_compression_astc_hdr GL_KHR_texture_compression_astc_sliced_3d GL_KHR_debug GL_EXT_occlusion_query_boolean GL_EXT_disjoint_timer_query GL_EXT_blend_minmax GL_EXT_discard_framebuffer GL_OES_get_program_binary GL_OES_texture_3D GL_EXT_texture_storage GL_EXT_multisamp
12-27 00:40:56.377  3005  3005 I SurfaceFlinger: GL_MAX_TEXTURE_SIZE = 16384
12-27 00:40:56.377  3005  3005 I SurfaceFlinger: GL_MAX_VIEWPORT_DIMS = 16384
12-27 00:40:56.379  3005  3005 D mali_winsys: EGLint new_window_surface(egl_winsys_display*, void*, EGLSurface, EGLConfig, egl_winsys_surface**, egl_color_buffer_format*, EGLBoolean) returns 0x3000,  [1440x2560]-format:1
12-27 00:40:56.382  3051  3051 I keystore: Found keymaster0 module Keymaster OpenSSL HAL, version 2
12-27 00:40:56.382  3051  3051 I SoftKeymaster: system/keymaster/soft_keymaster_device.cpp, Line 131: Creating device
12-27 00:40:56.382  3051  3051 D SoftKeymaster: system/keymaster/soft_keymaster_device.cpp, Line 132: Device address: 0x7f7b23e000
12-27 00:40:56.382  3051  3051 I keystore: Keymaster0 module is software-only.  Using SoftKeymasterDevice instead.
12-27 00:40:56.382  3051  3051 I SoftKeymaster: system/keymaster/soft_keymaster_device.cpp, Line 131: Creating device
12-27 00:40:56.382  3051  3051 D SoftKeymaster: system/keymaster/soft_keymaster_device.cpp, Line 132: Device address: 0x7f7b23e400
12-27 00:40:56.386  3050  3050 I         : installd firing up
12-27 00:40:56.386  3002  3002 W McDaemon: mcRegistry read So.Soc failed: 16 [hardware/samsung_slsi/exynos8890/mobicore/Daemon/src/PrivateRegistry.cpp:320]
12-27 00:40:56.386  3002  3002 W McDaemon: mcRegistry read So.Soc failed: 16 [hardware/samsung_slsi/exynos8890/mobicore/Daemon/src/PrivateRegistry.cpp:375]
12-27 00:40:56.386  3002  3002 W McDaemon: mcRegistry read So.Root failed: 16 [hardware/samsung_slsi/exynos8890/mobicore/Daemon/src/PrivateRegistry.cpp:479]
12-27 00:40:56.386  3002  3002 W McDaemon: Device endorsements not supported! [hardware/samsung_slsi/exynos8890/mobicore/Daemon/src/MobiCoreDriverDaemon.cpp:603]
12-27 00:40:56.386  3002  3002 I McDaemon: Daemon starting up... [hardware/samsung_slsi/exynos8890/mobicore/Daemon/src/MobiCoreDriverDaemon.cpp:564]
12-27 00:40:56.386  3002  3002 I McDaemon: Interface version is 0.4 [hardware/samsung_slsi/exynos8890/mobicore/Daemon/src/MobiCoreDriverDaemon.cpp:566]
12-27 00:40:56.386  3002  3002 I McDaemon: t-base-EXYNOS64-Android-310B-V007-20160505_211700_344 [hardware/samsung_slsi/exynos8890/mobicore/Daemon/src/MobiCoreDriverDaemon.cpp:568]
12-27 00:40:56.399  3061  3061 I perfprofd: starting Android Wide Profiling daemon
12-27 00:40:56.399  3061  3061 E perfprofd: unable to open configuration file /data/data/com.google.android.gms/files/perfprofd.conf
12-27 00:40:56.399  3040  3040 V lhd     : GlLhdInterface::Init(/system/etc/lhd.conf)
12-27 00:40:56.400  3061  3061 I perfprofd: random seed set to 2104768498
12-27 00:40:56.400  3040  3040 E lhd     : SetCfgValue: Critical Error. Unknown configuration parameter "FlpName"="tcp"
12-27 00:40:56.400  3040  3040 V lhd     : SetCfgValue: LHD config "LheSerialControl"="BBD:Serial=TTY"
12-27 00:40:56.400  3040  3040 E lhd     : SetCfgValue: Critical Error. Unknown configuration parameter "LheClockMHz"="100"
12-27 00:40:56.400  3040  3040 V lhd     : SetCfgValue: LHD config "LhePatch"="/dev/bbd_patch"
12-27 00:40:56.400  3040  3040 V lhd     : SetCfgValue: LHD config "LheMaxMcuResetTries"="4"
12-27 00:40:56.400  3040  3040 V lhd     : SetCfgValue: LHD config "LheBbdPacket"="/dev/ttyBCM"
12-27 00:40:56.400  3040  3040 V lhd     : SetCfgValue: LHD config "LheBbdControl"="/dev/bbd_control"
12-27 00:40:56.400  3040  3040 V lhd     : SetCfgValue: LHD config "LheBbdSensor"="/dev/bbd_sensor"
12-27 00:40:56.400  3040  3040 V lhd     : SetCfgValue: LHD config "Lhe477xDebugFlags"="RPC:FACILITY=33:STDOUT_PUTS:STDOUT_LOG"
12-27 00:40:56.400  3040  3040 E lhd     : SetCfgValue: Critical Error. Unknown configuration parameter "LheSensorIpc"="true"
12-27 00:40:56.400  3040  3040 E lhd     : SetCfgValue: Critical Error. Unknown configuration parameter "LhePinMux"="P17=M1"
12-27 00:40:56.400  3040  3040 V lhd     : SetCfgValue: LHD config "LheAutoBaudDelayMS"="10"
12-27 00:40:56.400  3040  3040 V lhd     : SetCfgValue: LHD config "LheMaxMcuResetTries"="3"
12-27 00:40:56.401  3040  3040 E lhd     : OpenFirmwareFile: Fail to open /efs/sec_efs/sensorhub_urgent_fw.patch, errno 2
12-27 00:40:56.401  3040  3040 E lhd     : getCustPatchVersion: Fail to parse patch /efs/sec_efs/sensorhub_urgent_fw.patch
12-27 00:40:56.401  3040  3040 E lhd     : getCustPatchVersion: <CustomerVersion> not found
12-27 00:40:56.414  3060  3060 I gatekeeperd: Starting gatekeeperd...
12-27 00:40:56.415  3060  3060 W gatekeeperd: falling back to software GateKeeper
12-27 00:40:56.415  3060  3060 I gatekeeperd: cold boot: clearing state
12-27 00:40:56.420  3056  3056 I Netd    : Netd 1.0 starting
12-27 00:40:56.420  3056  3056 D TetherController: Setting IP forward enable = 0
12-27 00:40:56.425  3056  3056 E         : Failed to open libdatactrl, some features may not be present.
12-27 00:40:56.425  3056  3056 E         : Failed to open libcsm_data, some features may not be present.
12-27 00:40:56.510  3052  3052 I mediacodec: @@@ mediacodecservice starting
12-27 00:40:56.510  3052  3052 W         : No seccomp filter defined for this architecture.
12-27 00:40:56.520  3048  3048 I cameraserver: ServiceManager: 0xf6b19400
12-27 00:40:56.520  3048  3048 I CameraService: CameraService started (pid=3048)
12-27 00:40:56.520  3048  3048 I CameraService: CameraService process starting
12-27 00:40:56.520  3048  3048 W BatteryNotifier: batterystats service unavailable!
12-27 00:40:56.520  3048  3048 W BatteryNotifier: batterystats service unavailable!
12-27 00:40:56.553  3047  3047 I         : sMaxFastTracks = 8
12-27 00:40:56.554  3047  3047 I audioserver: ServiceManager: 0xf6319400
12-27 00:40:56.554  3047  3047 W BatteryNotifier: batterystats service unavailable!
12-27 00:40:56.554  3047  3047 I AudioFlinger: Using default 3000 mSec as standby time.
12-27 00:40:56.555  3047  3047 I AudioPolicyService: AudioPolicyService CSTOR in new mode
12-27 00:40:56.556  3041  3041 D gpsd    : WakeLock(Release,GPSD)
12-27 00:40:56.557  3047  3047 W APM::ConfigParsingUtils: loadOutput() invalid supported devices
12-27 00:40:56.557  3047  3047 W APM::ConfigParsingUtils: loadOutput() invalid supported devices
12-27 00:40:56.557  3047  3047 W APM::ConfigParsingUtils: loadInput() invalid supported devices
12-27 00:40:56.557  3047  3047 W APM::ConfigParsingUtils: loadInput() invalid supported devices
12-27 00:40:56.557  3047  3047 I APM::ConfigParsingUtils: loadAudioPolicyConfig() loaded /system/etc/audio_policy.conf
12-27 00:40:56.560  3040  3040 D lhd     : OnIpcConnect
12-27 00:40:56.560  3041  3041 D gpsd    : WakeLock(Release,SUPL)
12-27 00:40:56.560  3041  3041 I gpsd_d  : GNSS: 279634
12-27 00:40:56.561  3041  3041 I gpsd_d  : CustomerModule::Create chip info "Broadcom,BCM4774" written into /data/system/gps//chip.info
12-27 00:40:56.561  3041  3041 D wrapperGPS: wrapperOpenClient_RILD
12-27 00:40:56.561  3041  3041 E wrapperGPS: wrapperOpenClient_RILD: RegisterUnsolicitedHandler() UNSOL_GPS_NOTI (11009)
12-27 00:40:56.561  3041  3041 D wrapperGPS: wrapperRegisterRequestCompleteHandler
12-27 00:40:56.561  3041  3041 D wrapperGPS: wrapperRegisterUnsolicitedHandler id(12009), handler(0x7fb7318b88)
12-27 00:40:56.561  3041  3041 D wrapperGPS: wrapperRegisterErrorCallback
12-27 00:40:56.561  3041  3041 D wrapperGPS: wrapperConnect_RILD
12-27 00:40:56.571  3055  3055 I mediaserver: ServiceManager: 0xf6599460
12-27 00:40:56.575  3055  3055 W BatteryNotifier: batterystats service unavailable!
12-27 00:40:56.585  3054  3054 V MediaUtils: physMem: 3760144384
12-27 00:40:56.585  3054  3054 V MediaUtils: requested limit: 752028860
12-27 00:40:56.585  3054  3054 V MediaUtils: actual limit: 752028860
12-27 00:40:56.585  3054  3054 V MediaUtils: original limits: 4294967295/4294967295
12-27 00:40:56.585  3054  3054 V MediaUtils: new limits: 752028860/4294967295
12-27 00:40:56.585  3054  3054 W         : No seccomp filter defined for this architecture.
12-27 00:40:56.612  3053  3053 I mediaserver: ServiceManager: 0xf6299460
12-27 00:40:56.789  3005  3005 D SurfaceFlinger: SF. shader cache generated - 26 shaders in 379.132812 ms
12-27 00:40:56.791  3005  3005 D SurfaceFlinger: Set power mode=2, type=0 flinger=0x7f9d047000
12-27 00:40:56.845  3042  3042 D AndroidRuntime: >>>>>> START com.android.internal.os.ZygoteInit uid 0 <<<<<<
12-27 00:40:56.858  3042  3042 D AndroidRuntime: CheckJNI is OFF
12-27 00:40:56.863  3042  3042 I art     : option[0]=-Xzygote
12-27 00:40:56.863  3042  3042 I art     : option[1]=-Xstacktracefile:/data/anr/traces.txt
12-27 00:40:56.863  3042  3042 I art     : option[2]=exit
12-27 00:40:56.863  3042  3042 I art     : option[3]=vfprintf
12-27 00:40:56.863  3042  3042 I art     : option[4]=sensitiveThread
12-27 00:40:56.863  3042  3042 I art     : option[5]=-verbose:gc
12-27 00:40:56.863  3042  3042 I art     : option[6]=-Xms8m
12-27 00:40:56.863  3042  3042 I art     : option[7]=-Xmx512m
12-27 00:40:56.863  3042  3042 I art     : option[8]=-XX:HeapGrowthLimit=256m
12-27 00:40:56.863  3042  3042 I art     : option[9]=-XX:HeapMinFree=2m
12-27 00:40:56.863  3042  3042 I art     : option[10]=-XX:HeapMaxFree=8m
12-27 00:40:56.863  3042  3042 I art     : option[11]=-XX:HeapTargetUtilization=0.75
12-27 00:40:56.863  3042  3042 I art     : option[12]=-Xusejit:true
12-27 00:40:56.863  3042  3042 I art     : option[13]=-Xjitsaveprofilinginfo
12-27 00:40:56.863  3042  3042 I art     : option[14]=-agentlib:jdwp=transport=dt_android_adb,suspend=n,server=y
12-27 00:40:56.863  3042  3042 I art     : option[15]=-Xlockprofthreshold:500
12-27 00:40:56.863  3042  3042 I art     : option[16]=-Ximage-compiler-option
12-27 00:40:56.863  3042  3042 I art     : option[17]=--runtime-arg
12-27 00:40:56.863  3042  3042 I art     : option[18]=-Ximage-compiler-option
12-27 00:40:56.863  3042  3042 I art     : option[19]=-Xms64m
12-27 00:40:56.863  3042  3042 I art     : option[20]=-Ximage-compiler-option
12-27 00:40:56.863  3042  3042 I art     : option[21]=--runtime-arg
12-27 00:40:56.863  3042  3042 I art     : option[22]=-Ximage-compiler-option
12-27 00:40:56.863  3042  3042 I art     : option[23]=-Xmx64m
12-27 00:40:56.863  3042  3042 I art     : option[24]=-Ximage-compiler-option
12-27 00:40:56.863  3042  3042 I art     : option[25]=--compiler-filter=speed
12-27 00:40:56.863  3042  3042 I art     : option[26]=-Ximage-compiler-option
12-27 00:40:56.863  3042  3042 I art     : option[27]=--image-classes=/system/etc/preloaded-classes
12-27 00:40:56.863  3042  3042 I art     : option[28]=-Ximage-compiler-option
12-27 00:40:56.863  3042  3042 I art     : option[29]=--compiled-classes=/system/etc/compiled-classes
12-27 00:40:56.863  3042  3042 I art     : option[30]=-Xcompiler-option
12-27 00:40:56.863  3042  3042 I art     : option[31]=--runtime-arg
12-27 00:40:56.863  3042  3042 I art     : option[32]=-Xcompiler-option
12-27 00:40:56.863  3042  3042 I art     : option[33]=-Xms64m
12-27 00:40:56.863  3042  3042 I art     : option[34]=-Xcompiler-option
12-27 00:40:56.863  3042  3042 I art     : option[35]=--runtime-arg
12-27 00:40:56.863  3042  3042 I art     : option[36]=-Xcompiler-option
12-27 00:40:56.863  3042  3042 I art     : option[37]=-Xmx512m
12-27 00:40:56.863  3042  3042 I art     : option[38]=-Xcompiler-option
12-27 00:40:56.863  3042  3042 I art     : option[39]=--compiler-filter=speed
12-27 00:40:56.863  3042  3042 I art     : option[40]=-Ximage-compiler-option
12-27 00:40:56.863  3042  3042 I art     : option[41]=--instruction-set-variant=generic
12-27 00:40:56.863  3042  3042 I art     : option[42]=-Xcompiler-option
12-27 00:40:56.863  3042  3042 I art     : option[43]=--instruction-set-variant=generic
12-27 00:40:56.863  3042  3042 I art     : option[44]=-Ximage-compiler-option
12-27 00:40:56.863  3042  3042 I art     : option[45]=--instruction-set-features=default
12-27 00:40:56.863  3042  3042 I art     : option[46]=-Xcompiler-option
12-27 00:40:56.863  3042  3042 I art     : option[47]=--instruction-set-features=default
12-27 00:40:56.863  3042  3042 I art     : option[48]=-Duser.locale=en-US
12-27 00:40:56.863  3042  3042 I art     : option[49]=--cpu-abilist=arm64-v8a
12-27 00:40:56.863  3042  3042 I art     : option[50]=-Xfingerprint:samsung/hero2ltexx/hero2lte:7.0/NRD90M/G935FXXU1ZPLH:user/release-keys
12-27 00:40:56.888  3042  3042 I art     : Pruning dalvik-cache since we are relocating an image and will need to recompile
12-27 00:40:56.889  3042  3042 I art     : RelocateImage: /system/bin/patchoat --input-image-location=/system/framework/boot.art --output-image-file=/data/dalvik-cache/arm64/system@framework@boot.art --instruction-set=arm64 --base-offset-delta=9187328
12-27 00:40:56.894  3044  3044 D AndroidRuntime: >>>>>> START com.android.internal.os.ZygoteInit uid 0 <<<<<<
12-27 00:40:56.894  3048  3048 I ExynosCamera3Interface: INFO(HAL_init[635]):in =====
12-27 00:40:56.894  3048  3048 I ExynosCamera3Interface: INFO(HAL_init[642]):out =====
12-27 00:40:56.894  3048  3048 D ExynosCamera3Interface: DEBUG:duration time(    0 msec):(HAL_init)
12-27 00:40:56.894  3048  3048 I CameraService: Loaded "Exynos Camera HAL3" camera module
12-27 00:40:56.894  3048  3048 I ExynosCamera3Interface: INFO(HAL_getCameraInfo[417]):in =====
12-27 00:40:56.895  3048  3048 D ExynosCameraMetadataConverter: DEBUG(constructStaticInfo[401]):ID(0)
12-27 00:40:56.901  3048  3138 I ExynosCamera3Interface: INFO(init_func[610]):in =====
12-27 00:40:56.909  3044  3044 D AndroidRuntime: CheckJNI is OFF
12-27 00:40:56.926  3044  3044 I art     : option[0]=-Xzygote
12-27 00:40:56.926  3044  3044 I art     : option[1]=-Xstacktracefile:/data/anr/traces.txt
12-27 00:40:56.926  3044  3044 I art     : option[2]=exit
12-27 00:40:56.926  3044  3044 I art     : option[3]=vfprintf
12-27 00:40:56.926  3044  3044 I art     : option[4]=sensitiveThread
12-27 00:40:56.926  3044  3044 I art     : option[5]=-verbose:gc
12-27 00:40:56.926  3044  3044 I art     : option[6]=-Xms8m
12-27 00:40:56.926  3044  3044 I art     : option[7]=-Xmx512m
12-27 00:40:56.926  3044  3044 I art     : option[8]=-XX:HeapGrowthLimit=256m
12-27 00:40:56.926  3044  3044 I art     : option[9]=-XX:HeapMinFree=2m
12-27 00:40:56.926  3044  3044 I art     : option[10]=-XX:HeapMaxFree=8m
12-27 00:40:56.926  3044  3044 I art     : option[11]=-XX:HeapTargetUtilization=0.75
12-27 00:40:56.926  3044  3044 I art     : option[12]=-Xusejit:true
12-27 00:40:56.926  3044  3044 I art     : option[13]=-Xjitsaveprofilinginfo
12-27 00:40:56.926  3044  3044 I art     : option[14]=-agentlib:jdwp=transport=dt_android_adb,suspend=n,server=y
12-27 00:40:56.926  3044  3044 I art     : option[15]=-Xlockprofthreshold:500
12-27 00:40:56.926  3044  3044 I art     : option[16]=-Ximage-compiler-option
12-27 00:40:56.926  3044  3044 I art     : option[17]=--runtime-arg
12-27 00:40:56.926  3044  3044 I art     : option[18]=-Ximage-compiler-option
12-27 00:40:56.926  3044  3044 I art     : option[19]=-Xms64m
12-27 00:40:56.926  3044  3044 I art     : option[20]=-Ximage-compiler-option
12-27 00:40:56.926  3044  3044 I art     : option[21]=--runtime-arg
12-27 00:40:56.926  3044  3044 I art     : option[22]=-Ximage-compiler-option
12-27 00:40:56.926  3044  3044 I art     : option[23]=-Xmx64m
12-27 00:40:56.926  3044  3044 I art     : option[24]=-Ximage-compiler-option
12-27 00:40:56.926  3044  3044 I art     : option[25]=--compiler-filter=speed
12-27 00:40:56.926  3044  3044 I art     : option[26]=-Ximage-compiler-option
12-27 00:40:56.927  3044  3044 I art     : option[27]=--image-classes=/system/etc/preloaded-classes
12-27 00:40:56.927  3044  3044 I art     : option[28]=-Ximage-compiler-option
12-27 00:40:56.927  3044  3044 I art     : option[29]=--compiled-classes=/system/etc/compiled-classes
12-27 00:40:56.927  3044  3044 I art     : option[30]=-Xcompiler-option
12-27 00:40:56.927  3044  3044 I art     : option[31]=--runtime-arg
12-27 00:40:56.927  3044  3044 I art     : option[32]=-Xcompiler-option
12-27 00:40:56.927  3044  3044 I art     : option[33]=-Xms64m
12-27 00:40:56.927  3044  3044 I art     : option[34]=-Xcompiler-option
12-27 00:40:56.927  3044  3044 I art     : option[35]=--runtime-arg
12-27 00:40:56.927  3044  3044 I art     : option[36]=-Xcompiler-option
12-27 00:40:56.927  3044  3044 I art     : option[37]=-Xmx512m
12-27 00:40:56.927  3044  3044 I art     : option[38]=-Xcompiler-option
12-27 00:40:56.927  3044  3044 I art     : option[39]=--compiler-filter=speed
12-27 00:40:56.927  3044  3044 I art     : option[40]=-Ximage-compiler-option
12-27 00:40:56.927  3044  3044 I art     : option[41]=--instruction-set-variant=cortex-a53
12-27 00:40:56.927  3044  3044 I art     : option[42]=-Xcompiler-option
12-27 00:40:56.927  3044  3044 I art     : option[43]=--instruction-set-variant=cortex-a53
12-27 00:40:56.927  3044  3044 I art     : option[44]=-Ximage-compiler-option
12-27 00:40:56.927  3044  3044 I art     : option[45]=--instruction-set-features=default
12-27 00:40:56.927  3044  3044 I art     : option[46]=-Xcompiler-option
12-27 00:40:56.927  3044  3044 I art     : option[47]=--instruction-set-features=default
12-27 00:40:56.927  3044  3044 I art     : option[48]=-Duser.locale=en-US
12-27 00:40:56.927  3044  3044 I art     : option[49]=--cpu-abilist=armeabi-v7a,armeabi
12-27 00:40:56.927  3044  3044 I art     : option[50]=-Xfingerprint:samsung/hero2ltexx/hero2lte:7.0/NRD90M/G935FXXU1ZPLH:user/release-keys
12-27 00:40:56.947  3048  3048 D ExynosCameraUtils: DEBUG(getSensorIdFromFile[1792]):Sensor name is 29
12-27 00:40:56.947  3048  3048 D ExynosCameraUtils: (3)
12-27 00:40:56.947  3048  3048 I ExynosCamera3SensorInfo: INFO(createExynosCamera3SensorInfo[52]):sensor ID 29
12-27 00:40:56.949  3048  3048 I ExynosCamera3Interface: INFO(HAL_getCameraInfo[417]):in =====
12-27 00:40:56.949  3048  3048 D ExynosCameraMetadataConverter: DEBUG(constructStaticInfo[401]):ID(1)
12-27 00:40:56.949  3048  3048 D ExynosCameraUtils: DEBUG(getSensorIdFromFile[1792]):Sensor name is 21
12-27 00:40:56.949  3048  3048 D ExynosCameraUtils: (3)
12-27 00:40:56.949  3048  3048 I ExynosCamera3SensorInfo: INFO(createExynosCamera3SensorInfo[52]):sensor ID 21
12-27 00:40:56.949  3048  3048 D ExynosCameraMetadataConverter: DEBUG(m_createControlAvailableHighSpeedVideoConfigurations[3857]) Front camera does not support High Speed Video
12-27 00:40:56.949  3048  3048 D ExynosCameraMetadataConverter: DEBUG(constructStaticInfo[540]):ANDROID_CONTROL_AVAILABLE_HIGH_SPEED_VIDEO_CONFIGURATIONS is NULL
12-27 00:40:56.949  3048  3048 D ExynosCameraMetadataConverter: DEBUG(constructStaticInfo[1070]):vendorMeteringModes at sensorStaticInfo is NULL
12-27 00:40:56.949  3048  3048 D ExynosCameraMetadataConverter: DEBUG(constructStaticInfo[1084]):vendorOISModes at sensorStaticInfo is NULL
12-27 00:40:56.949  3048  3048 D ExynosCamera3Interface: DEBUG:duration time(    0 msec):(HAL_set_callbacks)
12-27 00:40:56.949  3048  3048 I ServiceManager: Waiting for service media.camera.proxy...
12-27 00:40:56.950  3044  3044 I art     : Pruning dalvik-cache since we are relocating an image and will need to recompile
12-27 00:40:56.950  3044  3044 I art     : RelocateImage: /system/bin/patchoat --input-image-location=/system/framework/boot.art --output-image-file=/data/dalvik-cache/arm/system@framework@boot.art --instruction-set=arm --base-offset-delta=-12341248
12-27 00:40:57.090  3124  3159 D libEGL  : loaded /vendor/lib64/egl/libGLES_mali.so
12-27 00:40:57.101  3124  3159 D mali_winsys: EGLint new_window_surface(egl_winsys_display*, void*, EGLSurface, EGLConfig, egl_winsys_surface**, egl_color_buffer_format*, EGLBoolean) returns 0x3000,  [1440x2560]-format:2
12-27 00:40:57.106  3124  3159 E BootAnimation: Get Carrier Animation file,since it's not support carrier
12-27 00:40:57.106  3124  3159 E BootAnimation: Get Carrier Animation file,since it's not support carrier
12-27 00:40:57.106  3124  3159 E BootAnimation: Get Carrier Animation file,since it's not support carrier
12-27 00:40:57.171  3124  3159 D BootAnimation: Free memory: 3297928, max texture size: 16384
12-27 00:40:57.171  3124  3159 D BootAnimation: Disabled bootanimation texture cache, FPS drops might occur.
12-27 00:40:57.173  3047  3047 V audio_hw_primary: adev_open: Forcing voice config: wide
12-27 00:40:57.173  3047  3047 I AudioFlinger: loadHwModule() Loaded primary audio interface from Samsung audio HW HAL (audio) handle 10
12-27 00:40:57.173  3047  3047 I AudioFlinger: openOutput(), module 10 Device 2, SamplingRate 48000, Format 0x000001, Channels 3, flags a
12-27 00:40:57.173  3047  3047 I AudioFlinger: HAL output buffer size 1024 frames, normal sink buffer size 1024 frames
12-27 00:40:57.193  3047  3047 I BufferProvider: found effect "Multichannel Downmix To Stereo" from The Android Open Source Project
12-27 00:40:57.193  3047  3047 I AudioFlinger: Using module 10 has the primary audio interface
12-27 00:40:57.194  3047  3188 I AudioFlinger: AudioFlinger's thread 0xf5d03f00 ready to run
12-27 00:40:57.194  3047  3188 W BatteryNotifier: batterystats service unavailable!
12-27 00:40:57.194  3047  3188 V audio_hw_primary: out_set_parameters: key value pairs: routing=2
12-27 00:40:57.194  3047  3188 V audio_hw_primary: do_out_standby: output standby: 1
12-27 00:40:57.194  3047  3188 W BatteryNotifier: batterystats service unavailable!
12-27 00:40:57.195  3047  3188 W BatteryNotifier: batterystats service unavailable!
12-27 00:40:57.196  3047  3188 W AudioFlinger: no wake lock to update, system not ready yet
12-27 00:40:57.196  3047  3047 I AudioFlinger: openOutput(), module 10 Device 2, SamplingRate 48000, Format 0x000001, Channels 3, flags 4
12-27 00:40:57.196  3047  3047 I AudioFlinger: HAL output buffer size 256 frames, normal sink buffer size 768 frames
12-27 00:40:57.198  3047  3190 I AudioFlinger: AudioFlinger's thread 0xf5b038c0 ready to run
12-27 00:40:57.200  3047  3190 W BatteryNotifier: batterystats service unavailable!
12-27 00:40:57.200  3047  3190 V audio_hw_primary: out_set_parameters: key value pairs: routing=2
12-27 00:40:57.200  3047  3190 V audio_hw_primary: do_out_standby: output standby: 1
12-27 00:40:57.201  3047  3190 W BatteryNotifier: batterystats service unavailable!
12-27 00:40:57.202  3047  3190 W BatteryNotifier: batterystats service unavailable!
12-27 00:40:57.202  3047  3190 W AudioFlinger: no wake lock to update, system not ready yet
12-27 00:40:57.203  3047  3047 V audio_hw_primary: adev_open_input_stream: Requesting input stream with rate: 48000, channels: 0xc
12-27 00:40:57.204  3047  3192 I AudioFlinger: AudioFlinger's thread 0xf5803e80 ready to run
12-27 00:40:57.206  3047  3047 I bt_a2dp_hw: adev_open:  adev_open in A2dp_hw module
12-27 00:40:57.206  3047  3047 I AudioFlinger: loadHwModule() Loaded a2dp audio interface from A2DP Audio HW HAL (audio) handle 18
12-27 00:40:57.210  3047  3047 I AudioFlinger: loadHwModule() Loaded usb audio interface from USB audio HW HAL (audio) handle 26
12-27 00:40:57.212  3047  3047 I r_submix: adev_open(name=audio_hw_if)
12-27 00:40:57.212  3047  3047 I r_submix: adev_init_check()
12-27 00:40:57.212  3047  3047 I AudioFlinger: loadHwModule() Loaded r_submix audio interface from Wifi Display audio HAL (audio) handle 34
12-27 00:40:57.212  3047  3047 D r_submix: adev_open_input_stream(addr=0)
12-27 00:40:57.212  3047  3047 D r_submix: submix_audio_device_create_pipe_l(addr=0, idx=9)
12-27 00:40:57.212  3047  3047 D r_submix:   now using address 0 for route 9
12-27 00:40:57.212  3047  3194 I AudioFlinger: AudioFlinger's thread 0xf57834c0 ready to run
12-27 00:40:57.212  3047  3047 D r_submix: adev_close_input_stream()
12-27 00:40:57.212  3047  3047 D r_submix: submix_audio_device_release_pipe_l(idx=9) addr=0
12-27 00:40:57.212  3047  3047 D r_submix: submix_audio_device_destroy_pipe_l(): pipe destroyed
12-27 00:40:57.213  3047  3047 I RadioService: RadioService
12-27 00:40:57.213  3047  3047 I RadioService: onFirstRef
12-27 00:40:57.213  3047  3047 E RadioService: couldn't load radio module radio.primary (No such file or directory)
12-27 00:40:57.213  3047  3047 E SoundTriggerHwService: couldn't load sound trigger module sound_trigger.primary (No such file or directory)
12-27 00:40:57.399  2933  2933 W auditd  : type=1325 audit(0.0:77): table=filter family=2 entries=31
12-27 00:40:57.399  2933  2933 W auditd  : type=1320 audit(0.0:77): 
12-27 00:40:57.399  2933  2933 W auditd  : type=1325 audit(0.0:78): table=filter family=10 entries=31
12-27 00:40:57.399  2933  2933 W auditd  : type=1320 audit(0.0:78): 
12-27 00:40:57.409  2933  2933 W auditd  : type=1325 audit(0.0:79): table=filter family=2 entries=33
12-27 00:40:57.409  2933  2933 W auditd  : type=1320 audit(0.0:79): 
12-27 00:40:57.419  2933  2933 W auditd  : type=1325 audit(0.0:80): table=filter family=10 entries=33
12-27 00:40:57.419  2933  2933 W auditd  : type=1320 audit(0.0:80): 
12-27 00:40:57.449  2933  2933 W auditd  : type=1325 audit(0.0:81): table=raw family=2 entries=3
12-27 00:40:57.449  2933  2933 W auditd  : type=1320 audit(0.0:81): 
12-27 00:40:57.459  2933  2933 W auditd  : type=1325 audit(0.0:82): table=raw family=10 entries=3
12-27 00:40:57.459  2933  2933 W auditd  : type=1320 audit(0.0:82): 
12-27 00:40:57.459  2933  2933 W auditd  : type=1325 audit(0.0:83): table=raw family=2 entries=5
12-27 00:40:57.459  2933  2933 W auditd  : type=1320 audit(0.0:83): 
12-27 00:40:57.469  2933  2933 W auditd  : type=1325 audit(0.0:84): table=raw family=10 entries=5
12-27 00:40:57.469  2933  2933 W auditd  : type=1320 audit(0.0:84): 
12-27 00:40:57.509  2933  2933 W auditd  : type=1325 audit(0.0:85): table=raw family=2 entries=6
12-27 00:40:57.509  2933  2933 W auditd  : type=1320 audit(0.0:85): 
12-27 00:40:57.519  2933  2933 W auditd  : type=1325 audit(0.0:86): table=raw family=10 entries=6
12-27 00:40:57.519  2933  2933 W auditd  : type=1320 audit(0.0:86): 
12-27 00:40:57.561  3041  3041 D wrapperGPS: wrapperConnect_RILD
12-27 00:40:57.782  3048  3138 I ExynosCamera3Interface: INFO(init_func[624]):out =====
12-27 00:40:57.782  3048  3138 D ExynosCamera3Interface: DEBUG:duration time(  881 msec):(init_func)
12-27 00:40:57.786  3040  3040 I lhd     : Lhd::LHD Init took 1.386s
12-27 00:40:57.871  3056  3056 V NatController: runCmd(/system/bin/iptables -w -F natctrl_FORWARD) res=0
12-27 00:40:57.876  3056  3056 V NatController: runCmd(/system/bin/ip6tables -w -F natctrl_FORWARD) res=0
12-27 00:40:57.882  3056  3056 V NatController: runCmd(/system/bin/iptables -w -A natctrl_FORWARD -j DROP) res=0
12-27 00:40:57.887  3056  3056 V NatController: runCmd(/system/bin/iptables -w -t nat -F natctrl_nat_POSTROUTING) res=0
12-27 00:40:57.891  3056  3056 V NatController: runCmd(/system/bin/ip6tables -w -t raw -F natctrl_raw_PREROUTING) res=0
12-27 00:40:57.896  3056  3056 V NatController: runCmd(/system/bin/iptables -w -F natctrl_tether_counters) res=1
12-27 00:40:57.901  3056  3056 V NatController: runCmd(/system/bin/ip6tables -w -F natctrl_tether_counters) res=1
12-27 00:40:57.906  3056  3056 V NatController: runCmd(/system/bin/iptables -w -X natctrl_tether_counters) res=1
12-27 00:40:57.911  3056  3056 V NatController: runCmd(/system/bin/ip6tables -w -X natctrl_tether_counters) res=1
12-27 00:40:57.917  3056  3056 V NatController: runCmd(/system/bin/iptables -w -N natctrl_tether_counters) res=0
12-27 00:40:57.922  3056  3056 V NatController: runCmd(/system/bin/ip6tables -w -N natctrl_tether_counters) res=0
12-27 00:40:57.927  3056  3056 V NatController: runCmd(/system/bin/iptables -w -t mangle -A natctrl_mangle_FORWARD -p tcp --tcp-flags SYN SYN -j TCPMSS --clamp-mss-to-pmtu) res=0
12-27 00:40:57.949  3048  3048 I ServiceManager: Waiting for service media.camera.proxy...
12-27 00:40:58.149  3056  3056 E Netd    : cannot find interface dummy0
12-27 00:40:58.150  3056  3056 E Netd    : Unable to create netlink socket: Protocol not supported
12-27 00:40:58.150  3056  3056 W Netd    : Unable to open qlog quota socket, check if xt_quota2 can send via UeventHandler
12-27 00:40:58.150  3056  3056 D MDnsDS  : MDnsSdListener::Hander starting up
12-27 00:40:58.150  3056  3331 D MDnsDS  : MDnsSdListener starting to monitor
12-27 00:40:58.150  3056  3331 D MDnsDS  : Going to poll with pollCount 1
12-27 00:40:58.561  3041  3041 D wrapperGPS: wrapperConnect_RILD
12-27 00:40:58.859  1197  1197 I kworker/u16:2: type=1400 audit(0.0:141): avc: denied { read } for name="gyro_cal_data" dev="sda3" ino=45 scontext=u:r:kernel:s0 tcontext=u:object_r:app_efs_file:s0 tclass=file permissive=1
12-27 00:40:58.859  1197  1197 I kworker/u16:2: type=1400 audit(0.0:142): avc: denied { open } for path="/efs/FactoryApp/gyro_cal_data" dev="sda3" ino=45 scontext=u:r:kernel:s0 tcontext=u:object_r:app_efs_file:s0 tclass=file permissive=1
12-27 00:40:58.884  3042  3042 D ICU     : No timezone override file found: /data/misc/zoneinfo/current/icu/icu_tzdata.dat
12-27 00:40:58.887  3044  3044 D ICU     : No timezone override file found: /data/misc/zoneinfo/current/icu/icu_tzdata.dat
12-27 00:40:58.917  3044  3044 I Radio-JNI: register_android_hardware_Radio DONE
12-27 00:40:58.919  3044  3044 I SamplingProfilerIntegration: Profiling disabled.
12-27 00:40:58.919  3044  3044 D Zygote  : begin preload
12-27 00:40:58.919  3044  3044 I Zygote  : Installing ICU cache reference pinning...
12-27 00:40:58.919  3044  3044 I Zygote  : Preloading ICU data...
12-27 00:40:58.926  3042  3042 I Radio-JNI: register_android_hardware_Radio DONE
12-27 00:40:58.928  3042  3042 I SamplingProfilerIntegration: Profiling disabled.
12-27 00:40:58.929  3042  3042 D Zygote  : begin preload
12-27 00:40:58.929  3042  3042 I Zygote  : Installing ICU cache reference pinning...
12-27 00:40:58.929  3042  3042 I Zygote  : Preloading ICU data...
12-27 00:40:58.940  3042  3042 I Zygote  : Preloading classes...
12-27 00:40:58.940  3044  3044 I Zygote  : Preloading classes...
12-27 00:40:58.942  3042  3042 W Zygote  : Class not found for preloading: [Landroid.view.Display$ColorTransform;
12-27 00:40:58.943  3044  3044 W Zygote  : Class not found for preloading: [Landroid.view.Display$ColorTransform;
12-27 00:40:58.950  3048  3048 I ServiceManager: Waiting for service media.camera.proxy...
12-27 00:40:59.065  3042  3042 E Typeface: Error mapping font file /system/fonts/DroidSansFallback.ttf
12-27 00:40:59.071  3044  3044 E Typeface: Error mapping font file /system/fonts/DroidSansFallback.ttf
12-27 00:40:59.162  3042  3042 I art     : Thread[1,tid=3042,Native,Thread*=0x7f9dc95a00,peer=0x12c060d0,"main"] recursive attempt to load library "/system/lib64/libmedia_jni.so"
12-27 00:40:59.162  3042  3042 D MtpDeviceJNI: register_android_mtp_MtpDevice
12-27 00:40:59.162  3044  3044 I art     : Thread[1,tid=3044,Native,Thread*=0xf4985400,peer=0x12c060d0,"main"] recursive attempt to load library "/system/lib/libmedia_jni.so"
