* daemon not running. starting it now on port 5037 *
* daemon started successfully *
--------- beginning of main
12-26 19:35:56.230  2931  2931 W auditd  : type=1325 audit(0.0:2): table=filter family=2 entries=0
12-26 19:35:56.230  2931  2931 W auditd  : type=1325 audit(0.0:3): table=mangle family=2 entries=0
12-26 19:35:56.230  2931  2931 W auditd  : type=1325 audit(0.0:4): table=nat family=2 entries=0
12-26 19:35:56.230  2931  2931 W auditd  : type=1325 audit(0.0:5): table=raw family=2 entries=0
12-26 19:35:56.230  2931  2931 W auditd  : type=1325 audit(0.0:6): table=security family=2 entries=0
12-26 19:35:56.230  2931  2931 W auditd  : type=1325 audit(0.0:7): table=filter family=3 entries=0
12-26 19:35:56.230  2931  2931 W auditd  : type=1325 audit(0.0:8): table=filter family=10 entries=0
12-26 19:35:56.230  2931  2931 W auditd  : type=1325 audit(0.0:9): table=mangle family=10 entries=0
12-26 19:35:56.230  2931  2931 W auditd  : type=1325 audit(0.0:10): table=raw family=10 entries=0
12-26 19:35:56.230  2931  2931 W auditd  : type=1325 audit(0.0:11): table=nat family=10 entries=0
12-26 19:35:56.729  2931  2931 I auditd  : type=1403 audit(0.0:12): policy loaded auid=4294967295 ses=4294967295
12-26 19:35:57.029  2898  2898 I init    : type=1400 audit(0.0:13): avc: denied { mounton } for path="/efs" dev="rootfs" ino=12962 scontext=u:r:init:s0 tcontext=u:object_r:efs_file:s0 tclass=dir permissive=1
12-26 19:35:57.029  2898  2898 W init    : type=1300 audit(0.0:13): arch=c00000b7 syscall=40 success=yes exit=0 a0=7f9de21800 a1=7f9de2a1d8 a2=7f9de2a1e0 a3=40a items=0 ppid=1 auid=4294967295 uid=0 gid=0 euid=0 suid=0 fsuid=0 egid=0 sgid=0 fsgid=0 tty=(none) ses=4294967295 exe="/init" subj=u:r:init:s0 key=(null)
12-26 19:35:57.029  2931  2931 W auditd  : type=1327 audit(0.0:13): proctitle=2F696E6974002D2D7365636F6E642D7374616765
12-26 19:35:57.029  2931  2931 W auditd  : type=1320 audit(0.0:13): 
12-26 19:35:57.089  2910  2910 I e2fsck  : type=1400 audit(0.0:14): avc: denied { read } for name="sda3" dev="tmpfs" ino=13343 scontext=u:r:fsck:s0 tcontext=u:object_r:block_device:s0 tclass=blk_file permissive=1
12-26 19:35:57.089  2910  2910 I e2fsck  : type=1400 audit(0.0:14): avc: denied { open } for path="/dev/block/sda3" dev="tmpfs" ino=13343 scontext=u:r:fsck:s0 tcontext=u:object_r:block_device:s0 tclass=blk_file permissive=1
12-26 19:35:57.089  2910  2910 W e2fsck  : type=1300 audit(0.0:14): arch=c00000b7 syscall=56 success=yes exit=4 a0=ffffff9c a1=7faf6277b0 a2=80 a3=0 items=0 ppid=2898 auid=4294967295 uid=0 gid=0 euid=0 suid=0 fsuid=0 egid=0 sgid=0 fsgid=0 tty=(none) ses=4294967295 exe="/system/bin/e2fsck" subj=u:r:fsck:s0 key=(null)
12-26 19:35:57.089  2931  2931 W auditd  : type=1327 audit(0.0:14): proctitle=2F73797374656D2F62696E2F65326673636B002D66002D79002F6465762F626C6F636B2F706C6174666F726D2F31353561303030302E7566732F62792D6E616D652F454653
12-26 19:35:57.089  2931  2931 W auditd  : type=1320 audit(0.0:14): 
12-26 19:35:57.089  2910  2910 I e2fsck  : type=1400 audit(0.0:15): avc: denied { write } for name="sda3" dev="tmpfs" ino=13343 scontext=u:r:fsck:s0 tcontext=u:object_r:block_device:s0 tclass=blk_file permissive=1
12-26 19:35:57.089  2910  2910 W e2fsck  : type=1300 audit(0.0:15): arch=c00000b7 syscall=56 success=yes exit=4 a0=ffffff9c a1=7faf627810 a2=82 a3=0 items=0 ppid=2898 auid=4294967295 uid=0 gid=0 euid=0 suid=0 fsuid=0 egid=0 sgid=0 fsgid=0 tty=(none) ses=4294967295 exe="/system/bin/e2fsck" subj=u:r:fsck:s0 key=(null)
12-26 19:35:57.089  2931  2931 W auditd  : type=1327 audit(0.0:15): proctitle=2F73797374656D2F62696E2F65326673636B002D66002D79002F6465762F626C6F636B2F706C6174666F726D2F31353561303030302E7566732F62792D6E616D652F454653
12-26 19:35:57.089  2931  2931 W auditd  : type=1320 audit(0.0:15): 
12-26 19:35:57.089  2910  2910 I e2fsck  : type=1400 audit(0.0:16): avc: denied { ioctl } for path="/dev/block/sda3" dev="tmpfs" ino=13343 ioctlcmd=127c scontext=u:r:fsck:s0 tcontext=u:object_r:block_device:s0 tclass=blk_file permissive=1
12-26 19:35:57.089  2910  2910 W e2fsck  : type=1300 audit(0.0:16): arch=c00000b7 syscall=29 success=yes exit=0 a0=4 a1=127c a2=7fd8f11100 a3=0 items=0 ppid=2898 auid=4294967295 uid=0 gid=0 euid=0 suid=0 fsuid=0 egid=0 sgid=0 fsgid=0 tty=(none) ses=4294967295 exe="/system/bin/e2fsck" subj=u:r:fsck:s0 key=(null)
12-26 19:35:57.089  2931  2931 W auditd  : type=1327 audit(0.0:16): proctitle=2F73797374656D2F62696E2F65326673636B002D66002D79002F6465762F626C6F636B2F706C6174666F726D2F31353561303030302E7566732F62792D6E616D652F454653
12-26 19:35:57.089  2931  2931 W auditd  : type=1320 audit(0.0:16): 
12-26 19:35:57.709     1     1 I init    : type=1400 audit(0.0:17): avc: denied { write } for name="tracing_on" dev="debugfs" ino=1316 scontext=u:r:init:s0 tcontext=u:object_r:debugfs:s0 tclass=file permissive=1
12-26 19:35:57.719  2931  2931 W auditd  : type=1305 audit(0.0:18): audit_pid=2924 old=0 auid=4294967295 ses=4294967295 subj=u:r:logd:s0 res=1
12-26 19:35:57.719  2931  2931 W auditd  : type=1305 audit(0.0:19): audit_rate_limit=20 old=0 auid=4294967295 ses=4294967295 subj=u:r:logd:s0 res=1
12-26 19:35:57.883  2933  2933 I         : debuggerd: starting
12-26 19:35:57.898  2932  2932 I         : debuggerd: starting
--------- beginning of system
12-26 19:35:57.908  2934  2934 I vold    : Vold 3.0 (the awakening) firing up
12-26 19:35:57.908  2934  2934 V vold    : Detected support for: exfat ext4 ntfs vfat
12-26 19:35:58.167  2934  2938 V vold    : /system/bin/sgdisk
12-26 19:35:58.167  2934  2938 V vold    :     --android-dump
12-26 19:35:58.167  2934  2938 V vold    :     /dev/block/vold/disk:179_0
12-26 19:35:58.169  1902  1902 I ueventd : type=1400 audit(0.0:20): avc: denied { relabelfrom } for name="mmcblk0p1" dev="tmpfs" ino=13324 scontext=u:r:ueventd:s0 tcontext=u:object_r:emmcblk_device:s0 tclass=blk_file permissive=1
12-26 19:35:58.169  1902  1902 I ueventd : type=1400 audit(0.0:20): avc: denied { relabelto } for name="mmcblk0p1" dev="tmpfs" ino=13324 scontext=u:r:ueventd:s0 tcontext=u:object_r:emmcblk_device:s0 tclass=blk_file permissive=1
12-26 19:35:58.169  1902  1902 W ueventd : type=1300 audit(0.0:20): arch=c00000b7 syscall=6 success=yes exit=0 a0=7fdbb21e38 a1=509a0a a2=7fa4016020 a3=1d items=0 ppid=1 auid=4294967295 uid=0 gid=0 euid=0 suid=0 fsuid=0 egid=0 sgid=0 fsgid=0 tty=(none) ses=4294967295 exe="/init" subj=u:r:ueventd:s0 key=(null)
12-26 19:35:58.169  2931  2931 W auditd  : type=1327 audit(0.0:20): proctitle="/sbin/ueventd"
12-26 19:35:58.169  2931  2931 W auditd  : type=1320 audit(0.0:20): 
12-26 19:35:58.171  2934  2991 D vold    : e4crypt_init_user0
12-26 19:35:58.172  2934  2991 D vold    : e4crypt_prepare_user_storage for volume null, user 0, serial 0, flags 1
12-26 19:35:58.172  2934  2991 D vold    : Preparing: /data/system/users/0
12-26 19:35:58.172  2934  2991 D vold    : Preparing: /data/misc/profiles/cur/0
12-26 19:35:58.172  2934  2991 D vold    : Preparing: /data/misc/profiles/cur/0/foreign-dex
12-26 19:35:58.172  2934  2991 D vold    : Preparing: /data/system_de/0
12-26 19:35:58.172  2934  2991 D vold    : Preparing: /data/misc_de/0
12-26 19:35:58.172  2934  2991 D vold    : Preparing: /data/user_de/0
12-26 19:35:58.172  2934  2991 D vold    : e4crypt_unlock_user_key 0 serial=0 token_present=0
12-26 19:35:58.172  2934  2991 E vold    : Failed to chmod /data/system_ce/0: No such file or directory
12-26 19:35:58.172  2934  2991 E vold    : Failed to chmod /data/misc_ce/0: No such file or directory
12-26 19:35:58.174     1     1 I vdc     : 200 2936 Command succeeded
12-26 19:35:58.182  2934  2938 V vold    : DISK mbr
12-26 19:35:58.182  2934  2938 V vold    : 
12-26 19:35:58.182  2934  2938 V vold    : PART 1 e
12-26 19:35:58.182  2934  2938 V vold    : 
12-26 19:35:59.053  2994  2994 I /system/bin/tzdatacheck: tzdata file /data/misc/zoneinfo/current/tzdata does not exist. No action required.
12-26 19:35:59.059  2995  2995 I sysinit : type=1400 audit(0.0:21): avc: denied { getattr } for path="/vendor" dev="rootfs" ino=4189 scontext=u:r:sysinit:s0 tcontext=u:object_r:rootfs:s0 tclass=lnk_file permissive=1
12-26 19:35:59.059  2995  2995 W sysinit : type=1300 audit(0.0:21): arch=c00000b7 syscall=79 success=yes exit=0 a0=ffffff9c a1=7fcd5effd0 a2=7fcd5ece18 a3=100 items=0 ppid=1 auid=4294967295 uid=0 gid=0 euid=0 suid=0 fsuid=0 egid=0 sgid=0 fsgid=0 tty=(none) ses=4294967295 exe="/system/bin/sh" subj=u:r:sysinit:s0 key=(null)
12-26 19:35:59.059  2931  2931 W auditd  : type=1327 audit(0.0:21): proctitle=2F73797374656D2F62696E2F7368002F73797374656D2F62696E2F737973696E6974
12-26 19:35:59.059  2931  2931 W auditd  : type=1320 audit(0.0:21): 
12-26 19:35:59.080  3002  3002 I sysinit : Running /system/etc/init.d/00banner 
12-26 19:35:59.091  2999  2999 I lowmemorykiller: Using in-kernel low memory killer interface
12-26 19:35:59.093  3004  3004 I cm      : ____ _   _ ____ _  _ ____ ____ ____ _  _ _  _ ____ ___ 
12-26 19:35:59.100  3008  3008 I cm      : |     \_/  |__| |\ | |  | | __ |___ |\ | |\/| |  | |  \ 
12-26 19:35:59.103  3001  3001 I SurfaceFlinger: SurfaceFlinger is starting
12-26 19:35:59.103  3001  3001 E SchedPolicy: add_tid_to_cgroup failed; fd=-1
12-26 19:35:59.103  3001  3001 I SurfaceFlinger: SurfaceFlinger's main thread ready to run. Initializing graphics H/W...
12-26 19:35:59.107  3009  3009 I cm      : |___   |   |  | | \| |__| |__] |___ | \| |  | |__| |__/ 
12-26 19:35:59.130  3015  3015 I cm      : Welcome to Android 7.1.1 / CyanogenMod-14.1-20161226-UNOFFICIAL-hero2lte 
12-26 19:35:59.138  3016  3016 I sysinit : Running /system/etc/init.d/90userinit 
12-26 19:35:59.141  3001  3001 D libEGL  : loaded /vendor/lib64/egl/libGLES_mali.so
12-26 19:35:59.158  3001  3001 I gralloc : using (id=)
12-26 19:35:59.158  3001  3001 I gralloc : xres         = 1440 px
12-26 19:35:59.158  3001  3001 I gralloc : yres         = 2560 px
12-26 19:35:59.158  3001  3001 I gralloc : width        = 68 mm (537.882324 dpi)
12-26 19:35:59.158  3001  3001 I gralloc : height       = 122 mm (532.983582 dpi)
12-26 19:35:59.158  3001  3001 I gralloc : refresh rate = 59.31 Hz
12-26 19:35:59.167  3001  3001 D hwcomposer: using
12-26 19:35:59.167  3001  3001 D hwcomposer: xres         = 1440 px
12-26 19:35:59.167  3001  3001 D hwcomposer: yres         = 2560 px
12-26 19:35:59.167  3001  3001 D hwcomposer: width        = 68 mm (537.882000 dpi)
12-26 19:35:59.167  3001  3001 D hwcomposer: height       = 122 mm (532.983000 dpi)
12-26 19:35:59.167  3001  3001 D hwcomposer: refresh rate = 59 Hz
12-26 19:35:59.167  3001  3001 I hwcomposer: PSR info devname = /sys/devices/13960000.decon_f/psr_info
12-26 19:35:59.167  3001  3001 I hwcomposer: PSR mode is 6(0: video mode, 1: DP PSR mode, 2: MIPI-DSI command mode)
12-26 19:35:59.167  3001  3001 I SurfaceFlinger: Using composer version 1.3
12-26 19:35:59.167  3001  3001 E display : unknown display attribute 6
12-26 19:35:59.167  3001  3001 I SurfaceFlinger: EGL information:
12-26 19:35:59.167  3001  3001 I SurfaceFlinger: vendor    : Android
12-26 19:35:59.167  3001  3001 I SurfaceFlinger: version   : 1.4 Android META-EGL
12-26 19:35:59.167  3001  3001 I SurfaceFlinger: extensions: EGL_KHR_get_all_proc_addresses EGL_ANDROID_presentation_time EGL_KHR_swap_buffers_with_damage EGL_ANDROID_create_native_client_buffer EGL_ANDROID_front_buffer_auto_refresh EGL_KHR_image EGL_KHR_image_base EGL_KHR_gl_texture_2D_image EGL_KHR_gl_texture_cubemap_image EGL_KHR_gl_renderbuffer_image EGL_KHR_fence_sync EGL_KHR_create_context EGL_KHR_config_attribs EGL_KHR_surfaceless_context EGL_EXT_create_context_robustness EGL_ANDROID_image_native_buffer EGL_KHR_wait_sync EGL_ANDROID_recordable EGL_KHR_partial_update 
12-26 19:35:59.167  3001  3001 I SurfaceFlinger: Client API: OpenGL_ES
12-26 19:35:59.167  3001  3001 I SurfaceFlinger: EGLSurface: 8-8-8-8, config=0x7f8c267138
12-26 19:35:59.174  3001  3001 I SurfaceFlinger: OpenGL ES informations:
12-26 19:35:59.174  3001  3001 I SurfaceFlinger: vendor    : ARM
12-26 19:35:59.174  3001  3001 I SurfaceFlinger: renderer  : Mali-T880
12-26 19:35:59.174  3001  3001 I SurfaceFlinger: version   : OpenGL ES 3.2 v1.r12p1-00dev0.60546d7cd0bfd82d0ba92ca3bb825c75
12-26 19:35:59.174  3001  3001 I SurfaceFlinger: extensions: GL_EXT_debug_marker GL_ARM_rgba8 GL_ARM_mali_shader_binary GL_OES_depth24 GL_OES_depth_texture GL_OES_depth_texture_cube_map GL_OES_packed_depth_stencil GL_OES_rgb8_rgba8 GL_EXT_read_format_bgra GL_OES_compressed_paletted_texture GL_OES_compressed_ETC1_RGB8_texture GL_OES_standard_derivatives GL_OES_EGL_image GL_OES_EGL_image_external GL_OES_EGL_image_external_essl3 GL_OES_EGL_sync GL_OES_texture_npot GL_OES_vertex_half_float GL_OES_required_internalformat GL_OES_vertex_array_object GL_OES_mapbuffer GL_EXT_texture_format_BGRA8888 GL_EXT_texture_rg GL_EXT_texture_type_2_10_10_10_REV GL_OES_fbo_render_mipmap GL_OES_element_index_uint GL_EXT_shadow_samplers GL_OES_texture_compression_astc GL_KHR_texture_compression_astc_ldr GL_KHR_texture_compression_astc_hdr GL_KHR_texture_compression_astc_sliced_3d GL_KHR_debug GL_EXT_occlusion_query_boolean GL_EXT_disjoint_timer_query GL_EXT_blend_minmax GL_EXT_discard_framebuffer GL_OES_get_program_binary GL_OES_texture_3D GL_EXT_texture_storage GL_EXT_multisamp
12-26 19:35:59.174  3001  3001 I SurfaceFlinger: GL_MAX_TEXTURE_SIZE = 16384
12-26 19:35:59.174  3001  3001 I SurfaceFlinger: GL_MAX_VIEWPORT_DIMS = 16384
12-26 19:35:59.174  3001  3001 D mali_winsys: EGLint new_window_surface(egl_winsys_display*, void*, EGLSurface, EGLConfig, egl_winsys_surface**, egl_color_buffer_format*, EGLBoolean) returns 0x3000,  [1440x2560]-format:1
12-26 19:35:59.179  1116  1116 I kworker/0:1: type=1400 audit(0.0:22): avc: denied { read } for name="battery_data.dat" dev="sda3" ino=34 scontext=u:r:kernel:s0 tcontext=u:object_r:efs_file:s0 tclass=file permissive=1
12-26 19:35:59.179  1116  1116 I kworker/0:1: type=1400 audit(0.0:23): avc: denied { open } for path="/efs/Battery/battery_data.dat" dev="sda3" ino=34 scontext=u:r:kernel:s0 tcontext=u:object_r:efs_file:s0 tclass=file permissive=1
12-26 19:35:59.189  3038  3038 I init    : type=1400 audit(0.0:24): avc: denied { execute_no_trans } for path="/system/bin/lhd" dev="sda14" ino=437 scontext=u:r:init:s0 tcontext=u:object_r:lhd_exec:s0 tclass=file permissive=1
12-26 19:35:59.189  3037  3037 I wifiloader: type=1400 audit(0.0:25): avc: denied { getattr } for path="/vendor" dev="rootfs" ino=4189 scontext=u:r:wifiloader:s0 tcontext=u:object_r:rootfs:s0 tclass=lnk_file permissive=1
12-26 19:35:59.189  3037  3037 W wifiloader: type=1300 audit(0.0:25): arch=c00000b7 syscall=79 success=yes exit=0 a0=ffffff9c a1=7fd6065fa0 a2=7fd6062de8 a3=100 items=0 ppid=1 auid=4294967295 uid=0 gid=0 euid=0 suid=0 fsuid=0 egid=0 sgid=0 fsgid=0 tty=(none) ses=4294967295 exe="/system/bin/wifiloader" subj=u:r:wifiloader:s0 key=(null)
12-26 19:35:59.189  2931  2931 W auditd  : type=1327 audit(0.0:25): proctitle="/system/bin/wifiloader"
12-26 19:35:59.189  2931  2931 W auditd  : type=1320 audit(0.0:25): 
12-26 19:35:59.189  3038  3038 W lhd     : type=1300 audit(0.0:24): arch=c00000b7 syscall=221 success=yes exit=0 a0=7f9de41091 a1=7f9de24180 a2=543098 a3=1 items=0 ppid=1 auid=4294967295 uid=1021 gid=1000 euid=1021 suid=1021 fsuid=1021 egid=1000 sgid=1000 fsgid=1000 tty=(none) ses=4294967295 exe="/system/bin/lhd" subj=u:r:init:s0 key=(null)
12-26 19:35:59.189  2931  2931 W auditd  : type=1327 audit(0.0:24): proctitle=2F73797374656D2F62696E2F6C6864002F73797374656D2F6574632F6C68642E636F6E66
12-26 19:35:59.189  2931  2931 W auditd  : type=1320 audit(0.0:24): 
12-26 19:35:59.189  3040  3040 I gpsd    : type=1400 audit(0.0:26): avc: denied { getattr } for path="/vendor" dev="rootfs" ino=4189 scontext=u:r:gpsd:s0 tcontext=u:object_r:rootfs:s0 tclass=lnk_file permissive=1
12-26 19:35:59.189  3040  3040 W gpsd    : type=1300 audit(0.0:26): arch=c00000b7 syscall=79 success=yes exit=0 a0=ffffff9c a1=7fdd99b2e0 a2=7fdd998128 a3=100 items=0 ppid=1 auid=4294967295 uid=1021 gid=1000 euid=1021 suid=1021 fsuid=1021 egid=1000 sgid=1000 fsgid=1000 tty=(none) ses=4294967295 exe="/system/bin/gpsd" subj=u:r:gpsd:s0 key=(null)
12-26 19:35:59.189  2931  2931 W auditd  : type=1327 audit(0.0:26): proctitle=2F73797374656D2F62696E2F67707364002D63002F73797374656D2F6574632F6770732E786D6C
12-26 19:35:59.189  2931  2931 W auditd  : type=1320 audit(0.0:26): 
12-26 19:35:59.189  3043  3043 I audioserver: type=1400 audit(0.0:27): avc: denied { getattr } for path="/vendor" dev="rootfs" ino=4189 scontext=u:r:audioserver:s0 tcontext=u:object_r:rootfs:s0 tclass=lnk_file permissive=1
12-26 19:35:59.189  3043  3043 W audioserver: type=1300 audit(0.0:27): arch=40000028 syscall=327 per=8 success=yes exit=0 a0=ffffff9c a1=ffd7b868 a2=ffd78748 a3=100 items=0 ppid=1 auid=4294967295 uid=1041 gid=1005 euid=1041 suid=1041 fsuid=1041 egid=1005 sgid=1005 fsgid=1005 tty=(none) ses=4294967295 exe="/system/bin/audioserver" subj=u:r:audioserver:s0 key=(null)
12-26 19:35:59.189  2931  2931 W auditd  : type=1327 audit(0.0:27): proctitle="/system/bin/audioserver"
12-26 19:35:59.189  2931  2931 W auditd  : type=1320 audit(0.0:27): 
12-26 19:35:59.199  3044  3044 I cameraserver: type=1400 audit(0.0:28): avc: denied { getattr } for path="/vendor" dev="rootfs" ino=4189 scontext=u:r:cameraserver:s0 tcontext=u:object_r:rootfs:s0 tclass=lnk_file permissive=1
12-26 19:35:59.199  3044  3044 W cameraserver: type=1300 audit(0.0:28): arch=40000028 syscall=327 per=8 success=yes exit=0 a0=ffffff9c a1=ffa6b778 a2=ffa68658 a3=100 items=0 ppid=1 auid=4294967295 uid=1047 gid=1005 euid=1047 suid=1047 fsuid=1047 egid=1005 sgid=1005 fsgid=1005 tty=(none) ses=4294967295 exe="/system/bin/cameraserver" subj=u:r:cameraserver:s0 key=(null)
12-26 19:35:59.199  2931  2931 W auditd  : type=1327 audit(0.0:28): proctitle="/system/bin/cameraserver"
12-26 19:35:59.199  2931  2931 W auditd  : type=1320 audit(0.0:28): 
12-26 19:35:59.199  3048  3048 I mediacodec: type=1400 audit(0.0:29): avc: denied { getattr } for path="/vendor" dev="rootfs" ino=4189 scontext=u:r:mediacodec:s0 tcontext=u:object_r:rootfs:s0 tclass=lnk_file permissive=1
12-26 19:35:59.199  3048  3048 W mediacodec: type=1300 audit(0.0:29): arch=40000028 syscall=327 per=8 success=yes exit=0 a0=ffffff9c a1=fffea268 a2=fffe7148 a3=100 items=0 ppid=1 auid=4294967295 uid=1046 gid=1006 euid=1046 suid=1046 fsuid=1046 egid=1006 sgid=1006 fsgid=1006 tty=(none) ses=4294967295 exe="/system/bin/mediacodec" subj=u:r:mediacodec:s0 key=(null)
12-26 19:35:59.199  2931  2931 W auditd  : type=1327 audit(0.0:29): proctitle="/system/bin/mediacodec"
12-26 19:35:59.199  2931  2931 W auditd  : type=1320 audit(0.0:29): 
12-26 19:35:59.202  3037  3037 D wifiloader: Trigger initcall of deferred modules
12-26 19:35:59.202  3037  3037 E wifiloader: Failed to open /proc/deferred_initcalls - error: No such file or directory
12-26 19:35:59.209  3049  3049 I mediadrmserver: type=1400 audit(0.0:30): avc: denied { getattr } for path="/vendor" dev="rootfs" ino=4189 scontext=u:r:mediadrmserver:s0 tcontext=u:object_r:rootfs:s0 tclass=lnk_file permissive=1
12-26 19:35:59.209  3049  3049 W mediadrmserver: type=1300 audit(0.0:30): arch=40000028 syscall=327 per=8 success=yes exit=0 a0=ffffff9c a1=ffdf2fc8 a2=ffdefea8 a3=100 items=0 ppid=1 auid=4294967295 uid=1013 gid=1031 euid=1013 suid=1013 fsuid=1013 egid=1031 sgid=1031 fsgid=1031 tty=(none) ses=4294967295 exe="/system/bin/mediadrmserver" subj=u:r:mediadrmserver:s0 key=(null)
12-26 19:35:59.209  2931  2931 W auditd  : type=1327 audit(0.0:30): proctitle="/system/bin/mediadrmserver"
12-26 19:35:59.209  2931  2931 W auditd  : type=1320 audit(0.0:30): 
12-26 19:35:59.224  3038  3038 V lhd     : GlLhdInterface::Init(/system/etc/lhd.conf)
12-26 19:35:59.226  3038  3038 E lhd     : SetCfgValue: Critical Error. Unknown configuration parameter "FlpName"="tcp"
12-26 19:35:59.226  3038  3038 V lhd     : SetCfgValue: LHD config "LheSerialControl"="BBD:Serial=TTY"
12-26 19:35:59.226  3038  3038 E lhd     : SetCfgValue: Critical Error. Unknown configuration parameter "LheClockMHz"="100"
12-26 19:35:59.226  3038  3038 V lhd     : SetCfgValue: LHD config "LhePatch"="/dev/bbd_patch"
12-26 19:35:59.226  3038  3038 V lhd     : SetCfgValue: LHD config "LheMaxMcuResetTries"="4"
12-26 19:35:59.226  3038  3038 V lhd     : SetCfgValue: LHD config "LheBbdPacket"="/dev/ttyBCM"
12-26 19:35:59.226  3038  3038 V lhd     : SetCfgValue: LHD config "LheBbdControl"="/dev/bbd_control"
12-26 19:35:59.226  3038  3038 V lhd     : SetCfgValue: LHD config "LheBbdSensor"="/dev/bbd_sensor"
12-26 19:35:59.226  3038  3038 V lhd     : SetCfgValue: LHD config "Lhe477xDebugFlags"="RPC:FACILITY=33:STDOUT_PUTS:STDOUT_LOG"
12-26 19:35:59.226  3038  3038 E lhd     : SetCfgValue: Critical Error. Unknown configuration parameter "LheSensorIpc"="true"
12-26 19:35:59.226  3038  3038 E lhd     : SetCfgValue: Critical Error. Unknown configuration parameter "LhePinMux"="P17=M1"
12-26 19:35:59.226  3038  3038 V lhd     : SetCfgValue: LHD config "LheAutoBaudDelayMS"="10"
12-26 19:35:59.226  3038  3038 V lhd     : SetCfgValue: LHD config "LheMaxMcuResetTries"="3"
12-26 19:35:59.226  3038  3038 E lhd     : OpenFirmwareFile: Fail to open /efs/sec_efs/sensorhub_urgent_fw.patch, errno 2
12-26 19:35:59.226  3038  3038 E lhd     : getCustPatchVersion: Fail to parse patch /efs/sec_efs/sensorhub_urgent_fw.patch
12-26 19:35:59.226  3038  3038 E lhd     : getCustPatchVersion: <CustomerVersion> not found
12-26 19:35:59.242  3046  3046 I         : installd firing up
12-26 19:35:59.246  3056  3056 I perfprofd: starting Android Wide Profiling daemon
12-26 19:35:59.246  3056  3056 E perfprofd: unable to open configuration file /data/data/com.google.android.gms/files/perfprofd.conf
12-26 19:35:59.246  3056  3056 I perfprofd: random seed set to 3999177128
12-26 19:35:59.265  3053  3053 I Netd    : Netd 1.0 starting
12-26 19:35:59.266  3053  3053 D TetherController: Setting IP forward enable = 0
12-26 19:35:59.268  3055  3055 I gatekeeperd: Starting gatekeeperd...
12-26 19:35:59.268  3055  3055 W gatekeeperd: falling back to software GateKeeper
12-26 19:35:59.268  3055  3055 I gatekeeperd: cold boot: clearing state
12-26 19:35:59.269  3053  3053 E         : Failed to open libdatactrl, some features may not be present.
12-26 19:35:59.269  3053  3053 E         : Failed to open libcsm_data, some features may not be present.
12-26 19:35:59.282  3047  3047 I keystore: Found keymaster0 module Keymaster OpenSSL HAL, version 2
12-26 19:35:59.282  3047  3047 I SoftKeymaster: system/keymaster/soft_keymaster_device.cpp, Line 131: Creating device
12-26 19:35:59.282  3047  3047 D SoftKeymaster: system/keymaster/soft_keymaster_device.cpp, Line 132: Device address: 0x7f8043e000
12-26 19:35:59.282  3047  3047 I keystore: Keymaster0 module is software-only.  Using SoftKeymasterDevice instead.
12-26 19:35:59.282  3047  3047 I SoftKeymaster: system/keymaster/soft_keymaster_device.cpp, Line 131: Creating device
12-26 19:35:59.282  3047  3047 D SoftKeymaster: system/keymaster/soft_keymaster_device.cpp, Line 132: Device address: 0x7f8043e400
12-26 19:35:59.332  2998  2998 W McDaemon: mcRegistry read So.Soc failed: 16 [hardware/samsung_slsi/exynos8890/mobicore/Daemon/src/PrivateRegistry.cpp:320]
12-26 19:35:59.332  2998  2998 W McDaemon: mcRegistry read So.Soc failed: 16 [hardware/samsung_slsi/exynos8890/mobicore/Daemon/src/PrivateRegistry.cpp:375]
12-26 19:35:59.332  2998  2998 W McDaemon: mcRegistry read So.Root failed: 16 [hardware/samsung_slsi/exynos8890/mobicore/Daemon/src/PrivateRegistry.cpp:479]
12-26 19:35:59.332  2998  2998 W McDaemon: Device endorsements not supported! [hardware/samsung_slsi/exynos8890/mobicore/Daemon/src/MobiCoreDriverDaemon.cpp:603]
12-26 19:35:59.332  2998  2998 I McDaemon: Daemon starting up... [hardware/samsung_slsi/exynos8890/mobicore/Daemon/src/MobiCoreDriverDaemon.cpp:564]
12-26 19:35:59.332  2998  2998 I McDaemon: Interface version is 0.4 [hardware/samsung_slsi/exynos8890/mobicore/Daemon/src/MobiCoreDriverDaemon.cpp:566]
12-26 19:35:59.332  2998  2998 I McDaemon: t-base-EXYNOS64-Android-310B-V007-20160505_211700_344 [hardware/samsung_slsi/exynos8890/mobicore/Daemon/src/MobiCoreDriverDaemon.cpp:568]
12-26 19:35:59.389  3052  3052 I mediaserver: ServiceManager: 0xf5f19460
12-26 19:35:59.392  3052  3052 W BatteryNotifier: batterystats service unavailable!
12-26 19:35:59.402  3001  3001 D SurfaceFlinger: SF. shader cache generated - 26 shaders in 212.094955 ms
12-26 19:35:59.402  3048  3048 I mediacodec: @@@ mediacodecservice starting
12-26 19:35:59.402  3048  3048 W         : No seccomp filter defined for this architecture.
12-26 19:35:59.404  3051  3051 V MediaUtils: physMem: 3760144384
12-26 19:35:59.404  3051  3051 V MediaUtils: requested limit: 752028860
12-26 19:35:59.404  3051  3051 V MediaUtils: actual limit: 752028860
12-26 19:35:59.404  3051  3051 V MediaUtils: original limits: 4294967295/4294967295
12-26 19:35:59.404  3051  3051 V MediaUtils: new limits: 752028860/4294967295
12-26 19:35:59.404  3051  3051 W         : No seccomp filter defined for this architecture.
12-26 19:35:59.412  3001  3001 D SurfaceFlinger: Set power mode=2, type=0 flinger=0x7f8c247000
12-26 19:35:59.415  3044  3044 I cameraserver: ServiceManager: 0xf6419400
12-26 19:35:59.415  3044  3044 I CameraService: CameraService started (pid=3044)
12-26 19:35:59.415  3044  3044 I CameraService: CameraService process starting
12-26 19:35:59.415  3044  3044 W BatteryNotifier: batterystats service unavailable!
12-26 19:35:59.421  3044  3044 W BatteryNotifier: batterystats service unavailable!
12-26 19:35:59.439  3040  3040 D gpsd    : WakeLock(Release,GPSD)
12-26 19:35:59.443  3038  3038 D lhd     : OnIpcConnect
12-26 19:35:59.443  3040  3040 D gpsd    : WakeLock(Release,SUPL)
12-26 19:35:59.443  3040  3040 I gpsd_d  : GNSS: 279634
12-26 19:35:59.444  3040  3040 I gpsd_d  : CustomerModule::Create chip info "Broadcom,BCM4774" written into /data/system/gps//chip.info
12-26 19:35:59.444  3040  3040 D wrapperGPS: wrapperOpenClient_RILD
12-26 19:35:59.444  3040  3040 E wrapperGPS: wrapperOpenClient_RILD: RegisterUnsolicitedHandler() UNSOL_GPS_NOTI (11009)
12-26 19:35:59.444  3040  3040 D wrapperGPS: wrapperRegisterRequestCompleteHandler
12-26 19:35:59.444  3040  3040 D wrapperGPS: wrapperRegisterUnsolicitedHandler id(12009), handler(0x7f982e0b88)
12-26 19:35:59.444  3040  3040 D wrapperGPS: wrapperRegisterErrorCallback
12-26 19:35:59.444  3040  3040 D wrapperGPS: wrapperConnect_RILD
12-26 19:35:59.452  3049  3049 I mediaserver: ServiceManager: 0xf6419460
12-26 19:35:59.469  3043  3043 I         : sMaxFastTracks = 8
12-26 19:35:59.470  3043  3043 I audioserver: ServiceManager: 0xf6319400
12-26 19:35:59.470  3043  3043 W BatteryNotifier: batterystats service unavailable!
12-26 19:35:59.470  3043  3043 I AudioFlinger: Using default 3000 mSec as standby time.
12-26 19:35:59.471  3043  3043 I AudioPolicyService: AudioPolicyService CSTOR in new mode
12-26 19:35:59.472  3043  3043 W APM::ConfigParsingUtils: loadOutput() invalid supported devices
12-26 19:35:59.472  3043  3043 W APM::ConfigParsingUtils: loadOutput() invalid supported devices
12-26 19:35:59.472  3043  3043 W APM::ConfigParsingUtils: loadInput() invalid supported devices
12-26 19:35:59.473  3043  3043 W APM::ConfigParsingUtils: loadInput() invalid supported devices
12-26 19:35:59.473  3043  3043 I APM::ConfigParsingUtils: loadAudioPolicyConfig() loaded /system/etc/audio_policy.conf
12-26 19:35:59.772  3041  3041 D AndroidRuntime: >>>>>> START com.android.internal.os.ZygoteInit uid 0 <<<<<<
12-26 19:35:59.783  3041  3041 D AndroidRuntime: CheckJNI is OFF
12-26 19:35:59.788  3041  3041 I art     : option[0]=-Xzygote
12-26 19:35:59.788  3041  3041 I art     : option[1]=-Xstacktracefile:/data/anr/traces.txt
12-26 19:35:59.788  3041  3041 I art     : option[2]=exit
12-26 19:35:59.788  3041  3041 I art     : option[3]=vfprintf
12-26 19:35:59.788  3041  3041 I art     : option[4]=sensitiveThread
12-26 19:35:59.788  3041  3041 I art     : option[5]=-verbose:gc
12-26 19:35:59.788  3041  3041 I art     : option[6]=-Xms8m
12-26 19:35:59.788  3041  3041 I art     : option[7]=-Xmx512m
12-26 19:35:59.788  3041  3041 I art     : option[8]=-XX:HeapGrowthLimit=256m
12-26 19:35:59.788  3041  3041 I art     : option[9]=-XX:HeapMinFree=2m
12-26 19:35:59.788  3041  3041 I art     : option[10]=-XX:HeapMaxFree=8m
12-26 19:35:59.788  3041  3041 I art     : option[11]=-XX:HeapTargetUtilization=0.75
12-26 19:35:59.788  3041  3041 I art     : option[12]=-Xusejit:true
12-26 19:35:59.788  3041  3041 I art     : option[13]=-Xjitsaveprofilinginfo
12-26 19:35:59.788  3041  3041 I art     : option[14]=-agentlib:jdwp=transport=dt_android_adb,suspend=n,server=y
12-26 19:35:59.788  3041  3041 I art     : option[15]=-Xlockprofthreshold:500
12-26 19:35:59.788  3041  3041 I art     : option[16]=-Ximage-compiler-option
12-26 19:35:59.788  3041  3041 I art     : option[17]=--runtime-arg
12-26 19:35:59.788  3041  3041 I art     : option[18]=-Ximage-compiler-option
12-26 19:35:59.788  3041  3041 I art     : option[19]=-Xms64m
12-26 19:35:59.788  3041  3041 I art     : option[20]=-Ximage-compiler-option
12-26 19:35:59.788  3041  3041 I art     : option[21]=--runtime-arg
12-26 19:35:59.788  3041  3041 I art     : option[22]=-Ximage-compiler-option
12-26 19:35:59.788  3041  3041 I art     : option[23]=-Xmx64m
12-26 19:35:59.788  3041  3041 I art     : option[24]=-Ximage-compiler-option
12-26 19:35:59.788  3041  3041 I art     : option[25]=--compiler-filter=speed
12-26 19:35:59.788  3041  3041 I art     : option[26]=-Ximage-compiler-option
12-26 19:35:59.788  3041  3041 I art     : option[27]=--image-classes=/system/etc/preloaded-classes
12-26 19:35:59.788  3041  3041 I art     : option[28]=-Ximage-compiler-option
12-26 19:35:59.788  3041  3041 I art     : option[29]=--compiled-classes=/system/etc/compiled-classes
12-26 19:35:59.788  3041  3041 I art     : option[30]=-Xcompiler-option
12-26 19:35:59.788  3041  3041 I art     : option[31]=--runtime-arg
12-26 19:35:59.788  3041  3041 I art     : option[32]=-Xcompiler-option
12-26 19:35:59.788  3041  3041 I art     : option[33]=-Xms64m
12-26 19:35:59.788  3041  3041 I art     : option[34]=-Xcompiler-option
12-26 19:35:59.788  3041  3041 I art     : option[35]=--runtime-arg
12-26 19:35:59.788  3041  3041 I art     : option[36]=-Xcompiler-option
12-26 19:35:59.788  3041  3041 I art     : option[37]=-Xmx512m
12-26 19:35:59.788  3041  3041 I art     : option[38]=-Xcompiler-option
12-26 19:35:59.788  3041  3041 I art     : option[39]=--compiler-filter=speed
12-26 19:35:59.788  3041  3041 I art     : option[40]=-Ximage-compiler-option
12-26 19:35:59.788  3041  3041 I art     : option[41]=--instruction-set-variant=generic
12-26 19:35:59.788  3041  3041 I art     : option[42]=-Xcompiler-option
12-26 19:35:59.788  3041  3041 I art     : option[43]=--instruction-set-variant=generic
12-26 19:35:59.788  3041  3041 I art     : option[44]=-Ximage-compiler-option
12-26 19:35:59.788  3041  3041 I art     : option[45]=--instruction-set-features=default
12-26 19:35:59.788  3041  3041 I art     : option[46]=-Xcompiler-option
12-26 19:35:59.788  3041  3041 I art     : option[47]=--instruction-set-features=default
12-26 19:35:59.788  3041  3041 I art     : option[48]=-Duser.locale=en-US
12-26 19:35:59.788  3041  3041 I art     : option[49]=--cpu-abilist=arm64-v8a
12-26 19:35:59.788  3041  3041 I art     : option[50]=-Xfingerprint:samsung/hero2ltexx/hero2lte:7.0/NRD90M/G935FXXU1ZPLH:user/release-keys
12-26 19:35:59.809  3041  3041 I art     : Pruning dalvik-cache since we are relocating an image and will need to recompile
12-26 19:35:59.809  3041  3041 I art     : RelocateImage: /system/bin/patchoat --input-image-location=/system/framework/boot.art --output-image-file=/data/dalvik-cache/arm64/system@framework@boot.art --instruction-set=arm64 --base-offset-delta=540672
12-26 19:35:59.816  3042  3042 D AndroidRuntime: >>>>>> START com.android.internal.os.ZygoteInit uid 0 <<<<<<
12-26 19:35:59.817  3044  3044 I ExynosCamera3Interface: INFO(HAL_init[635]):in =====
12-26 19:35:59.817  3044  3044 I ExynosCamera3Interface: INFO(HAL_init[642]):out =====
12-26 19:35:59.817  3044  3044 D ExynosCamera3Interface: DEBUG:duration time(    0 msec):(HAL_init)
12-26 19:35:59.817  3044  3044 I CameraService: Loaded "Exynos Camera HAL3" camera module
12-26 19:35:59.817  3044  3044 I ExynosCamera3Interface: INFO(HAL_getCameraInfo[417]):in =====
12-26 19:35:59.817  3044  3044 D ExynosCameraMetadataConverter: DEBUG(constructStaticInfo[401]):ID(0)
12-26 19:35:59.822  3044  3129 I ExynosCamera3Interface: INFO(init_func[610]):in =====
12-26 19:35:59.824  3042  3042 D AndroidRuntime: CheckJNI is OFF
12-26 19:35:59.827  3042  3042 I art     : option[0]=-Xzygote
12-26 19:35:59.828  3042  3042 I art     : option[1]=-Xstacktracefile:/data/anr/traces.txt
12-26 19:35:59.828  3042  3042 I art     : option[2]=exit
12-26 19:35:59.828  3042  3042 I art     : option[3]=vfprintf
12-26 19:35:59.828  3042  3042 I art     : option[4]=sensitiveThread
12-26 19:35:59.828  3042  3042 I art     : option[5]=-verbose:gc
12-26 19:35:59.828  3042  3042 I art     : option[6]=-Xms8m
12-26 19:35:59.828  3042  3042 I art     : option[7]=-Xmx512m
12-26 19:35:59.828  3042  3042 I art     : option[8]=-XX:HeapGrowthLimit=256m
12-26 19:35:59.828  3042  3042 I art     : option[9]=-XX:HeapMinFree=2m
12-26 19:35:59.828  3042  3042 I art     : option[10]=-XX:HeapMaxFree=8m
12-26 19:35:59.828  3042  3042 I art     : option[11]=-XX:HeapTargetUtilization=0.75
12-26 19:35:59.828  3042  3042 I art     : option[12]=-Xusejit:true
12-26 19:35:59.828  3042  3042 I art     : option[13]=-Xjitsaveprofilinginfo
12-26 19:35:59.828  3042  3042 I art     : option[14]=-agentlib:jdwp=transport=dt_android_adb,suspend=n,server=y
12-26 19:35:59.828  3042  3042 I art     : option[15]=-Xlockprofthreshold:500
12-26 19:35:59.828  3042  3042 I art     : option[16]=-Ximage-compiler-option
12-26 19:35:59.828  3042  3042 I art     : option[17]=--runtime-arg
12-26 19:35:59.828  3042  3042 I art     : option[18]=-Ximage-compiler-option
12-26 19:35:59.828  3042  3042 I art     : option[19]=-Xms64m
12-26 19:35:59.828  3042  3042 I art     : option[20]=-Ximage-compiler-option
12-26 19:35:59.828  3042  3042 I art     : option[21]=--runtime-arg
12-26 19:35:59.828  3042  3042 I art     : option[22]=-Ximage-compiler-option
12-26 19:35:59.828  3042  3042 I art     : option[23]=-Xmx64m
12-26 19:35:59.828  3042  3042 I art     : option[24]=-Ximage-compiler-option
12-26 19:35:59.828  3042  3042 I art     : option[25]=--compiler-filter=speed
12-26 19:35:59.828  3042  3042 I art     : option[26]=-Ximage-compiler-option
12-26 19:35:59.828  3042  3042 I art     : option[27]=--image-classes=/system/etc/preloaded-classes
12-26 19:35:59.828  3042  3042 I art     : option[28]=-Ximage-compiler-option
12-26 19:35:59.828  3042  3042 I art     : option[29]=--compiled-classes=/system/etc/compiled-classes
12-26 19:35:59.828  3042  3042 I art     : option[30]=-Xcompiler-option
12-26 19:35:59.828  3042  3042 I art     : option[31]=--runtime-arg
12-26 19:35:59.828  3042  3042 I art     : option[32]=-Xcompiler-option
12-26 19:35:59.828  3042  3042 I art     : option[33]=-Xms64m
12-26 19:35:59.828  3042  3042 I art     : option[34]=-Xcompiler-option
12-26 19:35:59.828  3042  3042 I art     : option[35]=--runtime-arg
12-26 19:35:59.828  3042  3042 I art     : option[36]=-Xcompiler-option
12-26 19:35:59.828  3042  3042 I art     : option[37]=-Xmx512m
12-26 19:35:59.828  3042  3042 I art     : option[38]=-Xcompiler-option
12-26 19:35:59.828  3042  3042 I art     : option[39]=--compiler-filter=speed
12-26 19:35:59.828  3042  3042 I art     : option[40]=-Ximage-compiler-option
12-26 19:35:59.828  3042  3042 I art     : option[41]=--instruction-set-variant=cortex-a53
12-26 19:35:59.828  3042  3042 I art     : option[42]=-Xcompiler-option
12-26 19:35:59.828  3042  3042 I art     : option[43]=--instruction-set-variant=cortex-a53
12-26 19:35:59.828  3042  3042 I art     : option[44]=-Ximage-compiler-option
12-26 19:35:59.828  3042  3042 I art     : option[45]=--instruction-set-features=default
12-26 19:35:59.828  3042  3042 I art     : option[46]=-Xcompiler-option
12-26 19:35:59.828  3042  3042 I art     : option[47]=--instruction-set-features=default
12-26 19:35:59.828  3042  3042 I art     : option[48]=-Duser.locale=en-US
12-26 19:35:59.828  3042  3042 I art     : option[49]=--cpu-abilist=armeabi-v7a,armeabi
12-26 19:35:59.828  3042  3042 I art     : option[50]=-Xfingerprint:samsung/hero2ltexx/hero2lte:7.0/NRD90M/G935FXXU1ZPLH:user/release-keys
12-26 19:35:59.843  3042  3042 I art     : Pruning dalvik-cache since we are relocating an image and will need to recompile
12-26 19:35:59.843  3042  3042 I art     : RelocateImage: /system/bin/patchoat --input-image-location=/system/framework/boot.art --output-image-file=/data/dalvik-cache/arm/system@framework@boot.art --instruction-set=arm --base-offset-delta=-14405632
12-26 19:35:59.885  3075  3138 D libEGL  : loaded /vendor/lib64/egl/libGLES_mali.so
12-26 19:35:59.885  3044  3044 D ExynosCameraUtils: DEBUG(getSensorIdFromFile[1792]):Sensor name is 29
12-26 19:35:59.885  3044  3044 D ExynosCameraUtils: (3)
12-26 19:35:59.885  3044  3044 I ExynosCamera3SensorInfo: INFO(createExynosCamera3SensorInfo[52]):sensor ID 29
12-26 19:35:59.886  3044  3044 I ExynosCamera3Interface: INFO(HAL_getCameraInfo[417]):in =====
12-26 19:35:59.886  3044  3044 D ExynosCameraMetadataConverter: DEBUG(constructStaticInfo[401]):ID(1)
12-26 19:35:59.886  3044  3044 D ExynosCameraUtils: DEBUG(getSensorIdFromFile[1792]):Sensor name is 21
12-26 19:35:59.886  3044  3044 D ExynosCameraUtils: (3)
12-26 19:35:59.886  3044  3044 I ExynosCamera3SensorInfo: INFO(createExynosCamera3SensorInfo[52]):sensor ID 21
12-26 19:35:59.886  3044  3044 D ExynosCameraMetadataConverter: DEBUG(m_createControlAvailableHighSpeedVideoConfigurations[3857]) Front camera does not support High Speed Video
12-26 19:35:59.886  3044  3044 D ExynosCameraMetadataConverter: DEBUG(constructStaticInfo[540]):ANDROID_CONTROL_AVAILABLE_HIGH_SPEED_VIDEO_CONFIGURATIONS is NULL
12-26 19:35:59.886  3044  3044 D ExynosCameraMetadataConverter: DEBUG(constructStaticInfo[1070]):vendorMeteringModes at sensorStaticInfo is NULL
12-26 19:35:59.886  3044  3044 D ExynosCameraMetadataConverter: DEBUG(constructStaticInfo[1084]):vendorOISModes at sensorStaticInfo is NULL
12-26 19:35:59.886  3044  3044 D ExynosCamera3Interface: DEBUG:duration time(    0 msec):(HAL_set_callbacks)
12-26 19:35:59.887  3044  3044 I ServiceManager: Waiting for service media.camera.proxy...
12-26 19:35:59.896  3075  3138 D mali_winsys: EGLint new_window_surface(egl_winsys_display*, void*, EGLSurface, EGLConfig, egl_winsys_surface**, egl_color_buffer_format*, EGLBoolean) returns 0x3000,  [1440x2560]-format:2
12-26 19:35:59.898  3075  3138 E BootAnimation: Get Carrier Animation file,since it's not support carrier
12-26 19:35:59.898  3075  3138 E BootAnimation: Get Carrier Animation file,since it's not support carrier
12-26 19:35:59.899  3075  3138 E BootAnimation: Get Carrier Animation file,since it's not support carrier
12-26 19:35:59.948  3075  3138 D BootAnimation: Free memory: 3283616, max texture size: 16384
12-26 19:35:59.948  3075  3138 D BootAnimation: Disabled bootanimation texture cache, FPS drops might occur.
12-26 19:36:00.160  3043  3043 V audio_hw_primary: adev_open: Forcing voice config: wide
12-26 19:36:00.160  3043  3043 I AudioFlinger: loadHwModule() Loaded primary audio interface from Samsung audio HW HAL (audio) handle 10
12-26 19:36:00.160  3043  3043 I AudioFlinger: openOutput(), module 10 Device 2, SamplingRate 48000, Format 0x000001, Channels 3, flags a
12-26 19:36:00.160  3043  3043 I AudioFlinger: HAL output buffer size 1024 frames, normal sink buffer size 1024 frames
12-26 19:36:00.168  3043  3043 I BufferProvider: found effect "Multichannel Downmix To Stereo" from The Android Open Source Project
12-26 19:36:00.168  3043  3043 I AudioFlinger: Using module 10 has the primary audio interface
12-26 19:36:00.168  3043  3186 I AudioFlinger: AudioFlinger's thread 0xf5d03f00 ready to run
12-26 19:36:00.169  3043  3186 W BatteryNotifier: batterystats service unavailable!
12-26 19:36:00.169  3043  3186 V audio_hw_primary: do_out_standby: output standby: 1
12-26 19:36:00.169  3043  3186 W BatteryNotifier: batterystats service unavailable!
12-26 19:36:00.169  3043  3186 W BatteryNotifier: batterystats service unavailable!
12-26 19:36:00.169  3043  3186 V audio_hw_primary: out_set_parameters: key value pairs: routing=2
12-26 19:36:00.169  3043  3186 W AudioFlinger: no wake lock to update, system not ready yet
12-26 19:36:00.171  3043  3043 I AudioFlinger: openOutput(), module 10 Device 2, SamplingRate 48000, Format 0x000001, Channels 3, flags 4
12-26 19:36:00.171  3043  3043 I AudioFlinger: HAL output buffer size 256 frames, normal sink buffer size 768 frames
12-26 19:36:00.177  3043  3189 I AudioFlinger: AudioFlinger's thread 0xf5b038c0 ready to run
12-26 19:36:00.177  3043  3189 W BatteryNotifier: batterystats service unavailable!
12-26 19:36:00.177  3043  3189 V audio_hw_primary: out_set_parameters: key value pairs: routing=2
12-26 19:36:00.177  3043  3189 V audio_hw_primary: do_out_standby: output standby: 1
12-26 19:36:00.177  3043  3189 W BatteryNotifier: batterystats service unavailable!
12-26 19:36:00.178  3043  3189 W BatteryNotifier: batterystats service unavailable!
12-26 19:36:00.178  3043  3189 W AudioFlinger: no wake lock to update, system not ready yet
12-26 19:36:00.178  3043  3043 V audio_hw_primary: adev_open_input_stream: Requesting input stream with rate: 48000, channels: 0xc
12-26 19:36:00.180  3043  3190 I AudioFlinger: AudioFlinger's thread 0xf5803e80 ready to run
12-26 19:36:00.182  3043  3043 I bt_a2dp_hw: adev_open:  adev_open in A2dp_hw module
12-26 19:36:00.182  3043  3043 I AudioFlinger: loadHwModule() Loaded a2dp audio interface from A2DP Audio HW HAL (audio) handle 18
12-26 19:36:00.186  3043  3043 I AudioFlinger: loadHwModule() Loaded usb audio interface from USB audio HW HAL (audio) handle 26
12-26 19:36:00.187  3043  3043 I r_submix: adev_open(name=audio_hw_if)
12-26 19:36:00.188  3043  3043 I r_submix: adev_init_check()
12-26 19:36:00.188  3043  3043 I AudioFlinger: loadHwModule() Loaded r_submix audio interface from Wifi Display audio HAL (audio) handle 34
12-26 19:36:00.188  3043  3043 D r_submix: adev_open_input_stream(addr=0)
12-26 19:36:00.188  3043  3043 D r_submix: submix_audio_device_create_pipe_l(addr=0, idx=9)
12-26 19:36:00.188  3043  3043 D r_submix:   now using address 0 for route 9
12-26 19:36:00.189  3043  3192 I AudioFlinger: AudioFlinger's thread 0xf57834c0 ready to run
12-26 19:36:00.189  3043  3043 D r_submix: adev_close_input_stream()
12-26 19:36:00.189  3043  3043 D r_submix: submix_audio_device_release_pipe_l(idx=9) addr=0
12-26 19:36:00.189  3043  3043 D r_submix: submix_audio_device_destroy_pipe_l(): pipe destroyed
12-26 19:36:00.190  3043  3043 I RadioService: RadioService
12-26 19:36:00.190  3043  3043 I RadioService: onFirstRef
12-26 19:36:00.190  3043  3043 E RadioService: couldn't load radio module radio.primary (No such file or directory)
12-26 19:36:00.191  3043  3043 E SoundTriggerHwService: couldn't load sound trigger module sound_trigger.primary (No such file or directory)
12-26 19:36:00.229  2931  2931 W auditd  : type=1325 audit(0.0:74): table=filter family=2 entries=28
12-26 19:36:00.229  2931  2931 W auditd  : type=1320 audit(0.0:74): 
12-26 19:36:00.239  2931  2931 W auditd  : type=1325 audit(0.0:75): table=filter family=10 entries=28
12-26 19:36:00.239  2931  2931 W auditd  : type=1320 audit(0.0:75): 
12-26 19:36:00.249  2931  2931 W auditd  : type=1325 audit(0.0:76): table=filter family=2 entries=30
12-26 19:36:00.249  2931  2931 W auditd  : type=1320 audit(0.0:76): 
12-26 19:36:00.259  2931  2931 W auditd  : type=1325 audit(0.0:77): table=filter family=10 entries=30
12-26 19:36:00.259  2931  2931 W auditd  : type=1320 audit(0.0:77): 
12-26 19:36:00.299  2931  2931 W auditd  : type=1325 audit(0.0:78): table=filter family=2 entries=31
12-26 19:36:00.299  2931  2931 W auditd  : type=1320 audit(0.0:78): 
12-26 19:36:00.299  2931  2931 W auditd  : type=1325 audit(0.0:79): table=filter family=10 entries=31
12-26 19:36:00.299  2931  2931 W auditd  : type=1320 audit(0.0:79): 
12-26 19:36:00.309  2931  2931 W auditd  : type=1325 audit(0.0:80): table=filter family=2 entries=33
12-26 19:36:00.309  2931  2931 W auditd  : type=1320 audit(0.0:80): 
12-26 19:36:00.319  2931  2931 W auditd  : type=1325 audit(0.0:81): table=filter family=10 entries=33
12-26 19:36:00.319  2931  2931 W auditd  : type=1320 audit(0.0:81): 
12-26 19:36:00.359  2931  2931 W auditd  : type=1325 audit(0.0:82): table=raw family=2 entries=3
12-26 19:36:00.359  2931  2931 W auditd  : type=1320 audit(0.0:82): 
12-26 19:36:00.359  2931  2931 W auditd  : type=1325 audit(0.0:83): table=raw family=10 entries=3
12-26 19:36:00.359  2931  2931 W auditd  : type=1320 audit(0.0:83): 
12-26 19:36:00.444  3040  3040 D wrapperGPS: wrapperConnect_RILD
12-26 19:36:00.602  3038  3038 I lhd     : Lhd::LHD Init took 1.376s
12-26 19:36:00.723  3044  3129 I ExynosCamera3Interface: INFO(init_func[624]):out =====
12-26 19:36:00.723  3044  3129 D ExynosCamera3Interface: DEBUG:duration time(  901 msec):(init_func)
12-26 19:36:00.763  3053  3053 V NatController: runCmd(/system/bin/iptables -w -F natctrl_FORWARD) res=0
12-26 19:36:00.769  3053  3053 V NatController: runCmd(/system/bin/ip6tables -w -F natctrl_FORWARD) res=0
12-26 19:36:00.774  3053  3053 V NatController: runCmd(/system/bin/iptables -w -A natctrl_FORWARD -j DROP) res=0
12-26 19:36:00.779  3053  3053 V NatController: runCmd(/system/bin/iptables -w -t nat -F natctrl_nat_POSTROUTING) res=0
12-26 19:36:00.784  3053  3053 V NatController: runCmd(/system/bin/ip6tables -w -t raw -F natctrl_raw_PREROUTING) res=0
12-26 19:36:00.791  3053  3053 V NatController: runCmd(/system/bin/iptables -w -F natctrl_tether_counters) res=1
12-26 19:36:00.796  3053  3053 V NatController: runCmd(/system/bin/ip6tables -w -F natctrl_tether_counters) res=1
12-26 19:36:00.801  3053  3053 V NatController: runCmd(/system/bin/iptables -w -X natctrl_tether_counters) res=1
12-26 19:36:00.806  3053  3053 V NatController: runCmd(/system/bin/ip6tables -w -X natctrl_tether_counters) res=1
12-26 19:36:00.811  3053  3053 V NatController: runCmd(/system/bin/iptables -w -N natctrl_tether_counters) res=0
12-26 19:36:00.816  3053  3053 V NatController: runCmd(/system/bin/ip6tables -w -N natctrl_tether_counters) res=0
12-26 19:36:00.822  3053  3053 V NatController: runCmd(/system/bin/iptables -w -t mangle -A natctrl_mangle_FORWARD -p tcp --tcp-flags SYN SYN -j TCPMSS --clamp-mss-to-pmtu) res=0
12-26 19:36:00.887  3044  3044 I ServiceManager: Waiting for service media.camera.proxy...
12-26 19:36:01.048  3053  3053 E Netd    : cannot find interface dummy0
12-26 19:36:01.049  3053  3053 E Netd    : Unable to create netlink socket: Protocol not supported
12-26 19:36:01.049  3053  3053 W Netd    : Unable to open qlog quota socket, check if xt_quota2 can send via UeventHandler
12-26 19:36:01.049  3053  3053 D MDnsDS  : MDnsSdListener::Hander starting up
12-26 19:36:01.049  3053  3323 D MDnsDS  : MDnsSdListener starting to monitor
12-26 19:36:01.049  3053  3323 D MDnsDS  : Going to poll with pollCount 1
12-26 19:36:01.444  3040  3040 D wrapperGPS: wrapperConnect_RILD
12-26 19:36:01.679    50    50 I kworker/u16:1: type=1400 audit(0.0:142): avc: denied { read } for name="gyro_cal_data" dev="sda3" ino=45 scontext=u:r:kernel:s0 tcontext=u:object_r:app_efs_file:s0 tclass=file permissive=1
12-26 19:36:01.679    50    50 I kworker/u16:1: type=1400 audit(0.0:143): avc: denied { open } for path="/efs/FactoryApp/gyro_cal_data" dev="sda3" ino=45 scontext=u:r:kernel:s0 tcontext=u:object_r:app_efs_file:s0 tclass=file permissive=1
12-26 19:36:01.887  3044  3044 I ServiceManager: Waiting for service media.camera.proxy...
12-26 19:36:02.063  3075  3138 D BootAnimation: Free memory: 3186528, max texture size: 16384
12-26 19:36:02.063  3075  3138 D BootAnimation: Disabled bootanimation texture cache, FPS drops might occur.
12-26 19:36:02.065  3042  3042 D ICU     : No timezone override file found: /data/misc/zoneinfo/current/icu/icu_tzdata.dat
12-26 19:36:02.096  3042  3042 I Radio-JNI: register_android_hardware_Radio DONE
12-26 19:36:02.098  3042  3042 I SamplingProfilerIntegration: Profiling disabled.
12-26 19:36:02.098  3042  3042 D Zygote  : begin preload
12-26 19:36:02.098  3042  3042 I Zygote  : Installing ICU cache reference pinning...
12-26 19:36:02.098  3042  3042 I Zygote  : Preloading ICU data...
12-26 19:36:02.123  3042  3042 I Zygote  : Preloading classes...
12-26 19:36:02.126  3042  3042 W Zygote  : Class not found for preloading: [Landroid.view.Display$ColorTransform;
12-26 19:36:02.136  3041  3041 D ICU     : No timezone override file found: /data/misc/zoneinfo/current/icu/icu_tzdata.dat
12-26 19:36:02.167  3041  3041 I Radio-JNI: register_android_hardware_Radio DONE
12-26 19:36:02.169  3041  3041 I SamplingProfilerIntegration: Profiling disabled.
12-26 19:36:02.170  3041  3041 D Zygote  : begin preload
12-26 19:36:02.170  3041  3041 I Zygote  : Installing ICU cache reference pinning...
12-26 19:36:02.170  3041  3041 I Zygote  : Preloading ICU data...
12-26 19:36:02.178  3041  3041 I Zygote  : Preloading classes...
12-26 19:36:02.180  3041  3041 W Zygote  : Class not found for preloading: [Landroid.view.Display$ColorTransform;
12-26 19:36:02.276  3041  3041 E Typeface: Error mapping font file /system/fonts/DroidSansFallback.ttf
12-26 19:36:02.278  3042  3042 E Typeface: Error mapping font file /system/fonts/DroidSansFallback.ttf
