12-14 05:24:47.301 D/DCT     ( 4006): [0]setupDataOnConnectableApns: apnContext {mApnType=default mState=IDLE mWaitingApns={null} mWaitingApnsPermanentFailureCountDown=0 mApnSetting={null} mReason=radioTurnedOff mDataEnabled=false mDependencyMet=true}
12-14 05:24:47.301 D/DCT     ( 4006): [0]setupDataOnConnectableApns: apnContext {mApnType=emergency mState=IDLE mWaitingApns={null} mWaitingApnsPermanentFailureCountDown=0 mApnSetting={null} mReason=radioTurnedOff mDataEnabled=false mDependencyMet=true}
12-14 05:24:47.301 E/PhoneProxy( 4006): [PhoneProxy] Error! This handler was not registered for this message type. Message: 9
12-14 05:24:47.301 D/SubscriptionController( 4006): [getSubId]- sSlotIdxToSubId.size == 0, return DummySubIds slotIdx=0
12-14 05:24:47.301 D/GsmSMSDispatcher( 4006): GsmSMSDispatcher: subId = -2 slotId = 0
12-14 05:24:47.301 E/IccCardProxy( 4006): setExternalState: !override and newstate unchanged from NOT_READY
12-14 05:24:47.301 E/IccCardProxy( 4006): setExternalState: !override and newstate unchanged from NOT_READY
12-14 05:24:47.301 D/SubscriptionController( 4006): [getPhoneId]- invalid subId return=-1
12-14 05:24:47.302 D/SubscriptionController( 4006): [getSubId]- sSlotIdxToSubId.size == 0, return DummySubIds slotIdx=0
12-14 05:24:47.302 E/IccCardProxy( 4006): setExternalState: !override and newstate unchanged from NOT_READY
12-14 05:24:47.302 D/DctController( 4006): EVENT_PHONE1_DATA_DETACH.
12-14 05:24:47.302 D/DcSwitchSM( 4006): [DcSwitchStateMachine-0] DefaultState: shouldn't happen but ignore msg.what=0x44008
12-14 05:24:47.303 D/SubscriptionController( 4006): [getSubId]- sSlotIdxToSubId.size == 0, return DummySubIds slotIdx=0
12-14 05:24:47.303 D/DctController( 4006): [TNF -2]got request NetworkRequest [ id=1, legacyType=-1, [ Capabilities: INTERNET&NOT_RESTRICTED&TRUSTED&NOT_VPN] ] with score 0
12-14 05:24:47.303 D/SubscriptionController( 4006): [getSubId]- sSlotIdxToSubId.size == 0, return DummySubIds slotIdx=0
12-14 05:24:47.303 D/DctController( 4006): [TNF -2]Cellular needs Network for NetworkRequest [ id=1, legacyType=-1, [ Capabilities: INTERNET&NOT_RESTRICTED&TRUSTED&NOT_VPN] ]
12-14 05:24:47.303 D/SubscriptionController( 4006): [getSubId]- sSlotIdxToSubId.size == 0, return DummySubIds slotIdx=0
12-14 05:24:47.303 D/SubscriptionController( 4006): [getSubId]- sSlotIdxToSubId.size == 0, return DummySubIds slotIdx=0
12-14 05:24:47.303 D/DctController( 4006): [TNF -2]Request not useable, pending request.
12-14 05:24:47.303 D/SubscriptionInfoUpdater( 4006): [Receiver]+
12-14 05:24:47.303 D/SubscriptionInfoUpdater( 4006): Action: android.intent.action.SIM_STATE_CHANGED
12-14 05:24:47.303 D/SubscriptionInfoUpdater( 4006): slotId: 0
12-14 05:24:47.303 D/SubscriptionInfoUpdater( 4006): simStatus: NOT_READY
12-14 05:24:47.303 D/SubscriptionInfoUpdater( 4006): Ignoring simStatus: NOT_READY
12-14 05:24:47.303 D/SubscriptionInfoUpdater( 4006): Wait for SIM1 IccId
12-14 05:24:47.303 D/SubscriptionInfoUpdater( 4006): [Receiver]-
12-14 05:24:47.303 D/DebugService( 4006): DebugService DebugService:
12-14 05:24:47.311 D/SipService( 4006): SipService: started!
12-14 05:24:47.313 D/SipService( 4006): start:
12-14 05:24:47.316 D/DCT     ( 4006): [0]handleMessage msg={ when=-76ms what=270369 obj=android.os.AsyncResult@d1f9481 target=com.android.internal.telephony.dataconnection.DcTracker }
12-14 05:24:47.316 D/DCT     ( 4006): [0]onUpdateIcc: newIccRecords null
12-14 05:24:47.316 D/SubscriptionController( 4006): [getSubId]- sSlotIdxToSubId.size == 0, return DummySubIds slotIdx=0
12-14 05:24:47.316 D/GsmSMSDispatcher( 4006): GsmSMSDispatcher: subId = -2 slotId = 0
12-14 05:24:47.316 E/IccCardProxy( 4006): setExternalState: !override and newstate unchanged from NOT_READY
12-14 05:24:47.316 D/GsmSST  ( 4006): [GsmSST] SubscriptionListener.onSubscriptionInfoChanged
12-14 05:24:47.316 D/SubscriptionController( 4006): [getSubId]- sSlotIdxToSubId.size == 0, return DummySubIds slotIdx=0
12-14 05:24:47.316 D/DCT     ( 4006): [0]SubscriptionListener.onSubscriptionInfoChanged
12-14 05:24:47.316 D/SubscriptionController( 4006): [getSubId]- sSlotIdxToSubId.size == 0, return DummySubIds slotIdx=0
12-14 05:24:47.317 D/SubscriptionController( 4006): [getActiveSubInfoList]+
12-14 05:24:47.317 D/SubscriptionController( 4006): selection:sim_id>=0 null
12-14 05:24:47.318 D/SubscriptionController( 4006): [getActiveSubInfoList]- no info return
12-14 05:24:47.319 D/SubscriptionController( 4006): [getSubId]- sSlotIdxToSubId.size == 0, return DummySubIds slotIdx=0
12-14 05:24:47.320 D/SubscriptionController( 4006): [getSubId]- sSlotIdxToSubId.size == 0, return DummySubIds slotIdx=0
12-14 05:24:47.320 D/SubscriptionController( 4006): [getPhoneId]- invalid subId return=-1
12-14 05:24:47.321 D/SubscriptionController( 4006): [getSubId]- sSlotIdxToSubId.size == 0, return DummySubIds slotIdx=0
12-14 05:24:47.321 D/SubscriptionController( 4006): [getSubId]- sSlotIdxToSubId.size == 0, return DummySubIds slotIdx=0
12-14 05:24:47.322 D/SubscriptionController( 4006): [getSubId]- sSlotIdxToSubId.size == 0, return DummySubIds slotIdx=0
12-14 05:24:47.338 E/RILD    ( 3506): Modem status[waiting: 0x3, current: 0x4]
12-14 05:24:47.363 E/PhoneBase( 4006): Error! registerForCallWaiting() in PhoneBase should not be called, CDMAPhone inactive.
12-14 05:24:47.367 D/SubscriptionController( 4006): [getSubId]- sSlotIdxToSubId.size == 0, return DummySubIds slotIdx=0
12-14 05:24:47.368 D/SubscriptionController( 4006): [getSubId]- sSlotIdxToSubId.size == 0, return DummySubIds slotIdx=0
12-14 05:24:47.368 D/DCT     ( 4006): [0]getDataOnRoamingEnabled: phoneSubId=-2 isDataRoamingEnabled=false
12-14 05:24:47.368 D/SubscriptionController( 4006): [getSubId]- sSlotIdxToSubId.size == 0, return DummySubIds slotIdx=0
12-14 05:24:47.368 D/DCT     ( 4006): [0]getDataOnRoamingEnabled: phoneSubId=-2 isDataRoamingEnabled=false
12-14 05:24:47.368 D/SubscriptionController( 4006): [getSubId]- sSlotIdxToSubId.size == 0, return DummySubIds slotIdx=0
12-14 05:24:47.368 D/DCT     ( 4006): [0]getDataOnRoamingEnabled: phoneSubId=-2 isDataRoamingEnabled=false
12-14 05:24:47.368 D/SubscriptionController( 4006): [getSubId]- sSlotIdxToSubId.size == 0, return DummySubIds slotIdx=0
12-14 05:24:47.368 D/DCT     ( 4006): [0]getDataOnRoamingEnabled: phoneSubId=-2 isDataRoamingEnabled=false
12-14 05:24:47.368 D/SubscriptionController( 4006): [getSubId]- sSlotIdxToSubId.size == 0, return DummySubIds slotIdx=0
12-14 05:24:47.368 D/DCT     ( 4006): [0]getDataOnRoamingEnabled: phoneSubId=-2 isDataRoamingEnabled=false
12-14 05:24:47.368 D/SubscriptionController( 4006): [getSubId]- sSlotIdxToSubId.size == 0, return DummySubIds slotIdx=0
12-14 05:24:47.368 D/DCT     ( 4006): [0]getDataOnRoamingEnabled: phoneSubId=-2 isDataRoamingEnabled=false
12-14 05:24:47.368 D/SubscriptionController( 4006): [getSubId]- sSlotIdxToSubId.size == 0, return DummySubIds slotIdx=0
12-14 05:24:47.368 D/DCT     ( 4006): [0]getDataOnRoamingEnabled: phoneSubId=-2 isDataRoamingEnabled=false
12-14 05:24:47.368 D/SubscriptionController( 4006): [getSubId]- sSlotIdxToSubId.size == 0, return DummySubIds slotIdx=0
12-14 05:24:47.368 D/DCT     ( 4006): [0]getDataOnRoamingEnabled: phoneSubId=-2 isDataRoamingEnabled=false
12-14 05:24:47.368 D/SubscriptionController( 4006): [getSubId]- sSlotIdxToSubId.size == 0, return DummySubIds slotIdx=0
12-14 05:24:47.368 D/DCT     ( 4006): [0]getDataOnRoamingEnabled: phoneSubId=-2 isDataRoamingEnabled=false
12-14 05:24:47.368 D/SubscriptionController( 4006): [getSubId]- sSlotIdxToSubId.size == 0, return DummySubIds slotIdx=0
12-14 05:24:47.368 D/DCT     ( 4006): [0]getDataOnRoamingEnabled: phoneSubId=-2 isDataRoamingEnabled=false
12-14 05:24:47.368 D/SubscriptionController( 4006): [getSubId]- sSlotIdxToSubId.size == 0, return DummySubIds slotIdx=0
12-14 05:24:47.368 D/DCT     ( 4006): [0]getDataOnRoamingEnabled: phoneSubId=-2 isDataRoamingEnabled=false
12-14 05:24:47.368 D/SubscriptionController( 4006): [getSubId]- sSlotIdxToSubId.size == 0, return DummySubIds slotIdx=0
12-14 05:24:47.368 D/DCT     ( 4006): [0]getDataOnRoamingEnabled: phoneSubId=-2 isDataRoamingEnabled=false
12-14 05:24:47.368 D/SubscriptionController( 4006): [getSubId]- sSlotIdxToSubId.size == 0, return DummySubIds slotIdx=0
12-14 05:24:47.368 D/DCT     ( 4006): [0]getDataOnRoamingEnabled: phoneSubId=-2 isDataRoamingEnabled=false
12-14 05:24:47.368 D/SubscriptionController( 4006): [getSubId]- sSlotIdxToSubId.size == 0, return DummySubIds slotIdx=0
12-14 05:24:47.368 D/DCT     ( 4006): [0]getDataOnRoamingEnabled: phoneSubId=-2 isDataRoamingEnabled=false
12-14 05:24:47.368 D/SubscriptionController( 4006): [getSubId]- sSlotIdxToSubId.size == 0, return DummySubIds slotIdx=0
12-14 05:24:47.368 D/DCT     ( 4006): [0]getDataOnRoamingEnabled: phoneSubId=-2 isDataRoamingEnabled=false
12-14 05:24:47.368 D/SubscriptionController( 4006): [getSubId]- sSlotIdxToSubId.size == 0, return DummySubIds slotIdx=0
12-14 05:24:47.368 D/DCT     ( 4006): [0]getDataOnRoamingEnabled: phoneSubId=-2 isDataRoamingEnabled=false
12-14 05:24:47.368 D/SubscriptionController( 4006): [getSubId]- sSlotIdxToSubId.size == 0, return DummySubIds slotIdx=0
12-14 05:24:47.368 D/DCT     ( 4006): [0]getDataOnRoamingEnabled: phoneSubId=-2 isDataRoamingEnabled=false
12-14 05:24:47.368 D/SubscriptionController( 4006): [getSubId]- sSlotIdxToSubId.size == 0, return DummySubIds slotIdx=0
12-14 05:24:47.368 D/DCT     ( 4006): [0]getDataOnRoamingEnabled: phoneSubId=-2 isDataRoamingEnabled=false
12-14 05:24:47.369 D/SubscriptionController( 4006): [getSubId]- sSlotIdxToSubId.size == 0, return DummySubIds slotIdx=0
12-14 05:24:47.369 D/DCT     ( 4006): [0]getDataOnRoamingEnabled: phoneSubId=-2 isDataRoamingEnabled=false
12-14 05:24:47.369 D/SubscriptionController( 4006): [getSubId]- sSlotIdxToSubId.size == 0, return DummySubIds slotIdx=0
12-14 05:24:47.369 D/DCT     ( 4006): [0]getDataOnRoamingEnabled: phoneSubId=-2 isDataRoamingEnabled=false
12-14 05:24:47.369 D/SubscriptionController( 4006): [getSubId]- sSlotIdxToSubId.size == 0, return DummySubIds slotIdx=0
12-14 05:24:47.369 D/DCT     ( 4006): [0]getDataOnRoamingEnabled: phoneSubId=-2 isDataRoamingEnabled=false
12-14 05:24:47.369 D/SubscriptionController( 4006): [getSubId]- sSlotIdxToSubId.size == 0, return DummySubIds slotIdx=0
12-14 05:24:47.369 D/DCT     ( 4006): [0]getDataOnRoamingEnabled: phoneSubId=-2 isDataRoamingEnabled=false
12-14 05:24:47.369 D/SubscriptionController( 4006): [getSubId]- sSlotIdxToSubId.size == 0, return DummySubIds slotIdx=0
12-14 05:24:47.369 D/DCT     ( 4006): [0]getDataOnRoamingEnabled: phoneSubId=-2 isDataRoamingEnabled=false
12-14 05:24:47.369 D/SubscriptionController( 4006): [getSubId]- sSlotIdxToSubId.size == 0, return DummySubIds slotIdx=0
12-14 05:24:47.369 D/DCT     ( 4006): [0]getDataOnRoamingEnabled: phoneSubId=-2 isDataRoamingEnabled=false
12-14 05:24:47.369 D/SubscriptionController( 4006): [getSubId]- sSlotIdxToSubId.size == 0, return DummySubIds slotIdx=0
12-14 05:24:47.369 D/DCT     ( 4006): [0]getDataOnRoamingEnabled: phoneSubId=-2 isDataRoamingEnabled=false
12-14 05:24:47.369 D/SubscriptionController( 4006): [getSubId]- sSlotIdxToSubId.size == 0, return DummySubIds slotIdx=0
12-14 05:24:47.369 D/DCT     ( 4006): [0]getDataOnRoamingEnabled: phoneSubId=-2 isDataRoamingEnabled=false
12-14 05:24:47.369 D/SubscriptionController( 4006): [getSubId]- sSlotIdxToSubId.size == 0, return DummySubIds slotIdx=0
12-14 05:24:47.369 D/DCT     ( 4006): [0]getDataOnRoamingEnabled: phoneSubId=-2 isDataRoamingEnabled=false
12-14 05:24:47.369 D/SubscriptionController( 4006): [getSubId]- sSlotIdxToSubId.size == 0, return DummySubIds slotIdx=0
12-14 05:24:47.369 D/DCT     ( 4006): [0]getDataOnRoamingEnabled: phoneSubId=-2 isDataRoamingEnabled=false
12-14 05:24:47.369 D/SubscriptionController( 4006): [getSubId]- sSlotIdxToSubId.size == 0, return DummySubIds slotIdx=0
12-14 05:24:47.369 D/DCT     ( 4006): [0]getDataOnRoamingEnabled: phoneSubId=-2 isDataRoamingEnabled=false
12-14 05:24:47.369 D/SubscriptionController( 4006): [getSubId]- sSlotIdxToSubId.size == 0, return DummySubIds slotIdx=0
12-14 05:24:47.369 D/DCT     ( 4006): [0]getDataOnRoamingEnabled: phoneSubId=-2 isDataRoamingEnabled=false
12-14 05:24:47.369 D/SubscriptionController( 4006): [getSubId]- sSlotIdxToSubId.size == 0, return DummySubIds slotIdx=0
12-14 05:24:47.369 D/DCT     ( 4006): [0]getDataOnRoamingEnabled: phoneSubId=-2 isDataRoamingEnabled=false
12-14 05:24:47.369 D/SubscriptionController( 4006): [getSubId]- sSlotIdxToSubId.size == 0, return DummySubIds slotIdx=0
12-14 05:24:47.369 D/DCT     ( 4006): [0]getDataOnRoamingEnabled: phoneSubId=-2 isDataRoamingEnabled=false
12-14 05:24:47.369 D/SubscriptionController( 4006): [getSubId]- sSlotIdxToSubId.size == 0, return DummySubIds slotIdx=0
12-14 05:24:47.369 D/DCT     ( 4006): [0]getDataOnRoamingEnabled: phoneSubId=-2 isDataRoamingEnabled=false
12-14 05:24:47.369 D/SubscriptionController( 4006): [getSubId]- sSlotIdxToSubId.size == 0, return DummySubIds slotIdx=0
12-14 05:24:47.369 D/DCT     ( 4006): [0]getDataOnRoamingEnabled: phoneSubId=-2 isDataRoamingEnabled=false
12-14 05:24:47.369 D/SubscriptionController( 4006): [getSubId]- sSlotIdxToSubId.size == 0, return DummySubIds slotIdx=0
12-14 05:24:47.369 D/DCT     ( 4006): [0]getDataOnRoamingEnabled: phoneSubId=-2 isDataRoamingEnabled=false
12-14 05:24:47.369 D/SubscriptionController( 4006): [getSubId]- sSlotIdxToSubId.size == 0, return DummySubIds slotIdx=0
12-14 05:24:47.369 D/DCT     ( 4006): [0]getDataOnRoamingEnabled: phoneSubId=-2 isDataRoamingEnabled=false
12-14 05:24:47.372 D/DctController( 4006): handleMessage msg={ when=-56ms what=107 target=com.android.internal.telephony.dataconnection.DctController }
12-14 05:24:47.372 D/DctController( 4006): onSubInfoReady mPhoneNum=1
12-14 05:24:47.372 D/SubscriptionController( 4006): [getSubId]- sSlotIdxToSubId.size == 0, return DummySubIds slotIdx=0
12-14 05:24:47.372 D/DctController( 4006): onSubInfoReady handle pending requests subId=-2
12-14 05:24:47.372 D/DctController( 4006): onSubInfoReady: SIM card absent on phoneId = 0
12-14 05:24:47.373 D/SubscriptionController( 4006): [getSubId]- sSlotIdxToSubId.size == 0, return DummySubIds slotIdx=0
12-14 05:24:47.373 D/DctController( 4006): [TNF -2]evalPendingRequest, pending request size is 1
12-14 05:24:47.373 D/SubscriptionController( 4006): [getSubId]- sSlotIdxToSubId.size == 0, return DummySubIds slotIdx=0
12-14 05:24:47.373 D/DctController( 4006): [TNF -2]evalPendingRequest: request = NetworkRequest [ id=1, legacyType=-1, [ Capabilities: INTERNET&NOT_RESTRICTED&TRUSTED&NOT_VPN] ]
12-14 05:24:47.373 D/SubscriptionController( 4006): [getSubId]- sSlotIdxToSubId.size == 0, return DummySubIds slotIdx=0
12-14 05:24:47.373 D/DctController( 4006): [TNF -2]Cellular needs Network for NetworkRequest [ id=1, legacyType=-1, [ Capabilities: INTERNET&NOT_RESTRICTED&TRUSTED&NOT_VPN] ]
12-14 05:24:47.373 D/SubscriptionController( 4006): [getSubId]- sSlotIdxToSubId.size == 0, return DummySubIds slotIdx=0
12-14 05:24:47.373 D/SubscriptionController( 4006): [getSubId]- sSlotIdxToSubId.size == 0, return DummySubIds slotIdx=0
12-14 05:24:47.373 D/DctController( 4006): [TNF -2]Request not useable, pending request.
12-14 05:24:47.373 D/DctController( 4006): processRequests
12-14 05:24:47.373 D/SubscriptionController( 4006): [getSubId]- sSlotIdxToSubId.size == 0, return DummySubIds slotIdx=0
12-14 05:24:47.374 D/DctController( 4006): handleMessage msg={ when=-1ms what=100 target=com.android.internal.telephony.dataconnection.DctController }
12-14 05:24:47.374 D/DcSwitchAsyncChannel( 4006): [DcSwitchAsyncChannel-0]: rspIsIdle=true
12-14 05:24:47.374 D/SubscriptionController( 4006): [getPhoneId]- invalid subId return=-1
12-14 05:24:47.374 D/DcSwitchAsyncChannel( 4006): [DcSwitchAsyncChannel-0]: rspIsIdle=true
12-14 05:24:47.374 D/DctController( 4006): onProcessRequest requestedPhoneId=-1, activePhoneId=-1
12-14 05:24:47.402 D/SmsBroadcastUndelivered( 4006): finished scanning raw table in 249 ms
12-14 05:24:47.402 D/GsmInboundSmsHandler( 4006): StartupState.processMessage:6
12-14 05:24:47.402 D/CdmaInboundSmsHandler( 4006): StartupState.processMessage:6
12-14 05:24:47.402 D/CdmaInboundSmsHandler( 4006): entering Idle state
12-14 05:24:47.402 D/GsmInboundSmsHandler( 4006): entering Idle state
12-14 05:24:47.402 D/CdmaInboundSmsHandler( 4006): IdleState.processMessage:5
12-14 05:24:47.402 D/GsmInboundSmsHandler( 4006): IdleState.processMessage:5
12-14 05:24:47.402 D/CdmaInboundSmsHandler( 4006): Idle state processing message type 5
12-14 05:24:47.402 D/GsmInboundSmsHandler( 4006): Idle state processing message type 5
12-14 05:24:47.402 D/GsmInboundSmsHandler( 4006): mWakeLock released wakelockcount = 0
12-14 05:24:47.403 D/CdmaInboundSmsHandler( 4006): mWakeLock released wakelockcount = 0
12-14 05:24:47.538 E/RILD    ( 3506): Modem status[waiting: 0x3, current: 0x4]
12-14 05:24:47.738 E/RILD    ( 3506): Modem status[waiting: 0x3, current: 0x4]
12-14 05:24:47.939 E/RILD    ( 3506): Modem status[waiting: 0x3, current: 0x4]
12-14 05:24:48.139 E/RILD    ( 3506): Modem status[waiting: 0x3, current: 0x4]
12-14 05:24:48.339 E/RILD    ( 3506): Modem status[waiting: 0x3, current: 0x4]
12-14 05:24:48.539 E/RILD    ( 3506): Modem status[waiting: 0x3, current: 0x4]
12-14 05:24:48.739 E/RILD    ( 3506): Modem status[waiting: 0x3, current: 0x4]
12-14 05:24:48.939 E/RILD    ( 3506): Modem status[waiting: 0x3, current: 0x4]
12-14 05:24:49.139 E/RILD    ( 3506): Modem status[waiting: 0x3, current: 0x4]
12-14 05:24:49.339 E/RILD    ( 3506): Modem status[waiting: 0x3, current: 0x4]
12-14 05:24:49.409 D/SubscriptionController( 4006): [getSlotId]- subId invalid
12-14 05:24:49.410 D/SubscriptionController( 4006): getSimStateForSlotIdx:  simState=NOT_READY ordinal=6
12-14 05:24:49.410 D/SubscriptionManager( 3718): getSimStateForSubscriber: simState=6 slotIdx=0
12-14 05:24:49.410 D/TelephonyManager( 3718): getSimState: default sim:-1, sim state for slotIdx=0 is 6, return state as unknown
12-14 05:24:49.539 E/RILD    ( 3506): Modem status[waiting: 0x3, current: 0x4]
12-14 05:24:49.692 D/SubscriptionController( 4006): [getPhoneId] asked for default subId=-1
12-14 05:24:49.692 D/SubscriptionController( 4006): [getPhoneId]- invalid subId return=-1
12-14 05:24:49.740 E/RILD    ( 3506): Modem status[waiting: 0x3, current: 0x4]
12-14 05:24:49.940 E/RILD    ( 3506): Modem status[waiting: 0x3, current: 0x4]
12-14 05:24:49.947 D/SubscriptionController( 4006): [getPhoneId] asked for default subId=-1
12-14 05:24:49.947 D/SubscriptionController( 4006): [getPhoneId]- invalid subId return=-1
12-14 05:24:50.133 D/GsmCellBroadcastHandler( 4006): mWakeLock released
12-14 05:24:50.140 E/RILD    ( 3506): Modem status[waiting: 0x3, current: 0x4]
12-14 05:24:50.151 D/CellBroadcastHandler( 4006): mWakeLock released
12-14 05:24:50.152 D/CdmaServiceCategoryProgramHandler( 4006): mWakeLock released
12-14 05:24:50.340 E/RILD    ( 3506): Modem status[waiting: 0x3, current: 0x4]
12-14 05:24:50.540 E/RILD    ( 3506): Modem status[waiting: 0x3, current: 0x4]
12-14 05:24:50.740 E/RILD    ( 3506): Modem status[waiting: 0x3, current: 0x4]
12-14 05:24:50.940 E/RILD    ( 3506): Modem status[waiting: 0x3, current: 0x4]
12-14 05:24:51.082 D/SubscriptionController( 4006): [getSlotId]- subId invalid
12-14 05:24:51.082 D/SubscriptionController( 4006): getSimStateForSlotIdx:  simState=NOT_READY ordinal=6
12-14 05:24:51.082 D/SubscriptionManager( 3718): getSimStateForSubscriber: simState=6 slotIdx=0
12-14 05:24:51.082 D/TelephonyManager( 3718): getSimState: default sim:-1, sim state for slotIdx=0 is 6, return state as unknown
12-14 05:24:51.141 E/RILD    ( 3506): Modem status[waiting: 0x3, current: 0x4]
12-14 05:24:51.341 E/RILD    ( 3506): Modem status[waiting: 0x3, current: 0x4]
12-14 05:24:51.541 E/RILD    ( 3506): Modem status[waiting: 0x3, current: 0x4]
12-14 05:24:51.741 E/RILD    ( 3506): Modem status[waiting: 0x3, current: 0x4]
12-14 05:24:51.939 D/CAT     ( 4006): com.android.stk.BootCompletedReceiver: [ACTION_BOOT_COMPLETED]
12-14 05:24:51.940 D/CAT     ( 4006): com.android.stk.StkAppService: onCreate()+
12-14 05:24:51.940 D/CAT     ( 4006): com.android.stk.StkAppService: simCount: 1
12-14 05:24:51.941 D/CAT     ( 4006): com.android.stk.StkAppService: slotId: 0
12-14 05:24:51.941 E/RILD    ( 3506): Modem status[waiting: 0x3, current: 0x4]
12-14 05:24:51.941 D/CAT     ( 4006): com.android.stk.StkAppService: onStart sim id: 0, op: 5, *****
12-14 05:24:51.941 D/CAT     ( 4006): com.android.stk.StkAppService: mStkService is: -1
12-14 05:24:51.942 D/CAT     ( 4006): StkAppInstaller: [setAppState]+
12-14 05:24:51.943 D/CAT     ( 4006): StkAppInstaller: Change app state[false]
12-14 05:24:51.943 D/CAT     ( 4006): StkAppInstaller: [setAppState]-
12-14 05:24:51.943 D/CAT     ( 4006): com.android.stk.StkAppService: onDestroy()
12-14 05:24:52.134 D/SubscriptionController( 4006): [getActiveSubInfoList]+
12-14 05:24:52.135 D/SubscriptionController( 4006): selection:sim_id>=0 null
12-14 05:24:52.136 D/SubscriptionController( 4006): [getActiveSubInfoList]- no info return
12-14 05:24:52.141 E/RILD    ( 3506): Modem status[waiting: 0x3, current: 0x4]
12-14 05:24:52.155 D/SubscriptionController( 4006): [getPhoneId] asked for default subId=-1
12-14 05:24:52.155 D/SubscriptionController( 4006): [getPhoneId]- invalid subId return=-1
12-14 05:24:52.167 D/SubscriptionController( 4006): [getActiveSubInfoList]+
12-14 05:24:52.168 D/SubscriptionController( 4006): selection:sim_id>=0 null
12-14 05:24:52.169 D/SubscriptionController( 4006): [getActiveSubInfoList]- no info return
12-14 05:24:52.181 D/SubscriptionController( 4006): [getActiveSubInfoList]+
12-14 05:24:52.183 D/SubscriptionController( 4006): selection:sim_id>=0 null
12-14 05:24:52.186 D/SubscriptionController( 4006): [getActiveSubInfoList]- no info return
12-14 05:24:52.281 D/SubscriptionController( 4006): [getActiveSubInfoList]+
12-14 05:24:52.283 D/SubscriptionController( 4006): selection:sim_id>=0 null
12-14 05:24:52.285 D/SubscriptionController( 4006): [getActiveSubInfoList]- no info return
12-14 05:24:52.288 D/SubscriptionController( 4006): [getActiveSubInfoList]+
12-14 05:24:52.289 D/SubscriptionController( 4006): selection:sim_id>=0 null
12-14 05:24:52.291 D/SubscriptionController( 4006): [getActiveSubInfoList]- no info return
12-14 05:24:52.341 E/RILD    ( 3506): Modem status[waiting: 0x3, current: 0x4]
12-14 05:24:52.394 D/SubscriptionController( 4006): [getPhoneId] asked for default subId=-1
12-14 05:24:52.394 D/SubscriptionController( 4006): [getPhoneId]- invalid subId return=-1
12-14 05:24:52.541 E/RILD    ( 3506): Modem status[waiting: 0x3, current: 0x4]
12-14 05:24:52.742 E/RILD    ( 3506): Modem status[waiting: 0x3, current: 0x4]
12-14 05:24:52.942 E/RILD    ( 3506): Modem status[waiting: 0x3, current: 0x4]
12-14 05:24:53.142 E/RILD    ( 3506): Modem status[waiting: 0x3, current: 0x4]
12-14 05:24:53.342 E/RILD    ( 3506): Modem status[waiting: 0x3, current: 0x4]
12-14 05:24:53.542 E/RILD    ( 3506): Modem status[waiting: 0x3, current: 0x4]
12-14 05:24:53.742 E/RILD    ( 3506): Modem status[waiting: 0x3, current: 0x4]
12-14 05:24:53.942 E/RILD    ( 3506): Modem status[waiting: 0x3, current: 0x4]
12-14 05:24:54.142 E/RILD    ( 3506): Modem status[waiting: 0x3, current: 0x4]
12-14 05:24:54.343 E/RILD    ( 3506): Modem status[waiting: 0x3, current: 0x4]
12-14 05:24:54.543 E/RILD    ( 3506): Modem status[waiting: 0x3, current: 0x4]
12-14 05:24:54.743 E/RILD    ( 3506): Modem status[waiting: 0x3, current: 0x4]
12-14 05:24:54.943 E/RILD    ( 3506): Modem status[waiting: 0x3, current: 0x4]
12-14 05:24:55.143 E/RILD    ( 3506): Modem status[waiting: 0x3, current: 0x4]
12-14 05:24:55.343 E/RILD    ( 3506): Modem status[waiting: 0x3, current: 0x4]
12-14 05:24:55.543 E/RILD    ( 3506): Modem status[waiting: 0x3, current: 0x4]
12-14 05:24:55.743 E/RILD    ( 3506): Modem status[waiting: 0x3, current: 0x4]
12-14 05:24:55.944 E/RILD    ( 3506): Modem status[waiting: 0x3, current: 0x4]
12-14 05:24:56.144 E/RILD    ( 3506): Modem boot timeout
12-14 05:24:56.144 E/RILD    ( 3506): Wait boot ready
12-14 05:24:56.144 E/RILD    ( 3506): Modem status[waiting: 0x3, current: 0x4]
12-14 05:24:56.344 E/RILD    ( 3506): Modem status[waiting: 0x3, current: 0x4]
12-14 05:24:56.544 E/RILD    ( 3506): Modem status[waiting: 0x3, current: 0x4]
12-14 05:24:56.744 E/RILD    ( 3506): Modem status[waiting: 0x3, current: 0x4]
12-14 05:24:56.944 E/RILD    ( 3506): Modem status[waiting: 0x3, current: 0x4]
12-14 05:24:57.068 E/RILClient( 3031): Connect_RILD: Connecting failed. Connection refused(111)
12-14 05:24:57.144 E/RILD    ( 3506): Modem status[waiting: 0x3, current: 0x4]
12-14 05:24:57.344 E/RILD    ( 3506): Modem status[waiting: 0x3, current: 0x4]
12-14 05:24:57.544 E/RILD    ( 3506): Modem status[waiting: 0x3, current: 0x4]
12-14 05:24:57.745 E/RILD    ( 3506): Modem status[waiting: 0x3, current: 0x4]
12-14 05:24:57.945 E/RILD    ( 3506): Modem status[waiting: 0x3, current: 0x4]
12-14 05:24:58.145 E/RILD    ( 3506): Modem status[waiting: 0x3, current: 0x4]
12-14 05:24:58.345 E/RILD    ( 3506): Modem status[waiting: 0x3, current: 0x4]
12-14 05:24:58.545 E/RILD    ( 3506): Modem status[waiting: 0x3, current: 0x4]
12-14 05:24:58.745 D/DCT     ( 4006): [0]onReceive: action=android.net.wifi.WIFI_STATE_CHANGED
12-14 05:24:58.745 D/DCT     ( 4006): [0]WIFI_STATE_CHANGED_ACTION: enabled=false mIsWifiConnected=false
12-14 05:24:58.745 E/RILD    ( 3506): Modem status[waiting: 0x3, current: 0x4]
12-14 05:24:58.946 E/RILD    ( 3506): Modem status[waiting: 0x3, current: 0x4]
12-14 05:24:59.146 E/RILD    ( 3506): Modem status[waiting: 0x3, current: 0x4]
12-14 05:24:59.346 E/RILD    ( 3506): Modem status[waiting: 0x3, current: 0x4]
12-14 05:24:59.546 E/RILD    ( 3506): Modem status[waiting: 0x3, current: 0x4]
12-14 05:24:59.746 E/RILD    ( 3506): Modem status[waiting: 0x3, current: 0x4]
12-14 05:24:59.946 E/RILD    ( 3506): Modem status[waiting: 0x3, current: 0x4]
12-14 05:25:00.146 E/RILD    ( 3506): Modem status[waiting: 0x3, current: 0x4]
12-14 05:25:00.347 E/RILD    ( 3506): Modem status[waiting: 0x3, current: 0x4]
12-14 05:25:00.547 E/RILD    ( 3506): Modem status[waiting: 0x3, current: 0x4]
12-14 05:25:00.747 E/RILD    ( 3506): Modem status[waiting: 0x3, current: 0x4]
12-14 05:25:00.947 E/RILD    ( 3506): Modem status[waiting: 0x3, current: 0x4]
12-14 05:25:01.147 E/RILD    ( 3506): Modem status[waiting: 0x3, current: 0x4]
12-14 05:25:01.347 E/RILD    ( 3506): Modem status[waiting: 0x3, current: 0x4]
12-14 05:25:01.547 E/RILD    ( 3506): Modem status[waiting: 0x3, current: 0x4]
12-14 05:25:01.747 E/RILD    ( 3506): Modem status[waiting: 0x3, current: 0x4]
12-14 05:25:01.948 E/RILD    ( 3506): Modem status[waiting: 0x3, current: 0x4]
12-14 05:25:02.148 E/RILD    ( 3506): Modem status[waiting: 0x3, current: 0x4]
12-14 05:25:02.348 E/RILD    ( 3506): Modem status[waiting: 0x3, current: 0x4]
12-14 05:25:02.548 E/RILD    ( 3506): Modem status[waiting: 0x3, current: 0x4]
12-14 05:25:02.748 E/RILD    ( 3506): Modem status[waiting: 0x3, current: 0x4]
12-14 05:25:02.948 E/RILD    ( 3506): Modem status[waiting: 0x3, current: 0x4]
12-14 05:25:03.148 E/RILD    ( 3506): Modem status[waiting: 0x3, current: 0x4]
12-14 05:25:03.348 E/RILD    ( 3506): Modem status[waiting: 0x3, current: 0x4]
12-14 05:25:03.549 E/RILD    ( 3506): Modem status[waiting: 0x3, current: 0x4]
12-14 05:25:03.749 E/RILD    ( 3506): Modem status[waiting: 0x3, current: 0x4]
12-14 05:25:03.949 E/RILD    ( 3506): Modem status[waiting: 0x3, current: 0x4]
12-14 05:25:04.149 E/RILD    ( 3506): Modem status[waiting: 0x3, current: 0x4]
12-14 05:25:04.349 E/RILD    ( 3506): Modem status[waiting: 0x3, current: 0x4]
12-14 05:25:04.550 E/RILD    ( 3506): Modem status[waiting: 0x3, current: 0x4]
12-14 05:25:04.750 E/RILD    ( 3506): Modem status[waiting: 0x3, current: 0x4]
12-14 05:25:04.950 E/RILD    ( 3506): Modem status[waiting: 0x3, current: 0x4]
12-14 05:25:05.150 E/RILD    ( 3506): Modem status[waiting: 0x3, current: 0x4]
12-14 05:25:05.350 E/RILD    ( 3506): Modem status[waiting: 0x3, current: 0x4]
12-14 05:25:05.551 E/RILD    ( 3506): Modem status[waiting: 0x3, current: 0x4]
12-14 05:25:05.751 E/RILD    ( 3506): Modem status[waiting: 0x3, current: 0x4]
12-14 05:25:05.951 E/RILD    ( 3506): Modem status[waiting: 0x3, current: 0x4]
12-14 05:25:06.151 E/RILD    ( 3506): Modem status[waiting: 0x3, current: 0x4]
12-14 05:25:06.351 E/RILD    ( 3506): Modem status[waiting: 0x3, current: 0x4]
12-14 05:25:06.551 E/RILD    ( 3506): Modem status[waiting: 0x3, current: 0x4]
12-14 05:25:06.751 E/RILD    ( 3506): Modem status[waiting: 0x3, current: 0x4]
12-14 05:25:06.951 E/RILD    ( 3506): Modem status[waiting: 0x3, current: 0x4]
12-14 05:25:07.152 E/RILD    ( 3506): Modem status[waiting: 0x3, current: 0x4]
12-14 05:25:07.352 E/RILD    ( 3506): Modem status[waiting: 0x3, current: 0x4]
12-14 05:25:07.552 E/RILD    ( 3506): Modem status[waiting: 0x3, current: 0x4]
12-14 05:25:07.752 E/RILD    ( 3506): Modem status[waiting: 0x3, current: 0x4]
12-14 05:25:07.952 E/RILD    ( 3506): Modem status[waiting: 0x3, current: 0x4]
12-14 05:25:08.153 E/RILD    ( 3506): Modem status[waiting: 0x3, current: 0x4]
12-14 05:25:08.353 E/RILD    ( 3506): Modem status[waiting: 0x3, current: 0x4]
12-14 05:25:08.553 E/RILD    ( 3506): Modem status[waiting: 0x3, current: 0x4]
12-14 05:25:08.753 E/RILD    ( 3506): Modem status[waiting: 0x3, current: 0x4]
12-14 05:25:08.954 E/RILD    ( 3506): Modem status[waiting: 0x3, current: 0x4]
12-14 05:25:09.154 E/RILD    ( 3506): Modem status[waiting: 0x3, current: 0x4]
12-14 05:25:09.354 E/RILD    ( 3506): Modem status[waiting: 0x3, current: 0x4]
12-14 05:25:09.554 E/RILD    ( 3506): Modem status[waiting: 0x3, current: 0x4]
12-14 05:25:09.754 E/RILD    ( 3506): Modem status[waiting: 0x3, current: 0x4]
12-14 05:25:09.954 E/RILD    ( 3506): Modem status[waiting: 0x3, current: 0x4]
12-14 05:25:10.155 E/RILD    ( 3506): Modem status[waiting: 0x3, current: 0x4]
12-14 05:25:10.355 E/RILD    ( 3506): Modem status[waiting: 0x3, current: 0x4]
12-14 05:25:10.555 E/RILD    ( 3506): Modem status[waiting: 0x3, current: 0x4]
12-14 05:25:10.755 E/RILD    ( 3506): Modem status[waiting: 0x3, current: 0x4]
12-14 05:25:10.955 E/RILD    ( 3506): Modem status[waiting: 0x3, current: 0x4]
12-14 05:25:11.155 E/RILD    ( 3506): Modem status[waiting: 0x3, current: 0x4]
12-14 05:25:11.356 E/RILD    ( 3506): Modem status[waiting: 0x3, current: 0x4]
12-14 05:25:11.556 E/RILD    ( 3506): Modem status[waiting: 0x3, current: 0x4]
12-14 05:25:11.757 E/RILD    ( 3506): Modem status[waiting: 0x3, current: 0x4]
12-14 05:25:11.957 E/RILD    ( 3506): Modem status[waiting: 0x3, current: 0x4]
12-14 05:25:12.158 E/RILD    ( 3506): Modem status[waiting: 0x3, current: 0x4]
12-14 05:25:12.358 E/RILD    ( 3506): Modem status[waiting: 0x3, current: 0x4]
12-14 05:25:12.559 E/RILD    ( 3506): Modem status[waiting: 0x3, current: 0x4]
12-14 05:25:12.759 E/RILD    ( 3506): Modem status[waiting: 0x3, current: 0x4]
12-14 05:25:12.960 E/RILD    ( 3506): Modem status[waiting: 0x3, current: 0x4]
12-14 05:25:13.160 E/RILD    ( 3506): Modem status[waiting: 0x3, current: 0x4]
12-14 05:25:13.361 E/RILD    ( 3506): Modem status[waiting: 0x3, current: 0x4]
12-14 05:25:13.561 E/RILD    ( 3506): Modem status[waiting: 0x3, current: 0x4]
12-14 05:25:13.761 E/RILD    ( 3506): Modem status[waiting: 0x3, current: 0x4]
12-14 05:25:13.962 E/RILD    ( 3506): Modem status[waiting: 0x3, current: 0x4]
12-14 05:25:14.163 E/RILD    ( 3506): Modem status[waiting: 0x3, current: 0x4]
12-14 05:25:14.363 E/RILD    ( 3506): Modem boot timeout
12-14 05:25:14.363 E/RILD    ( 3506): Wait boot ready
12-14 05:25:14.363 E/RILD    ( 3506): Modem status[waiting: 0x3, current: 0x4]
12-14 05:25:14.564 E/RILD    ( 3506): Modem status[waiting: 0x3, current: 0x4]
12-14 05:25:14.764 E/RILD    ( 3506): Modem status[waiting: 0x3, current: 0x4]
12-14 05:25:14.964 E/RILD    ( 3506): Modem status[waiting: 0x3, current: 0x4]
12-14 05:25:15.165 E/RILD    ( 3506): Modem status[waiting: 0x3, current: 0x4]
12-14 05:25:15.365 E/RILD    ( 3506): Modem status[waiting: 0x3, current: 0x4]
12-14 05:25:15.566 E/RILD    ( 3506): Modem status[waiting: 0x3, current: 0x4]
12-14 05:25:15.766 E/RILD    ( 3506): Modem status[waiting: 0x3, current: 0x4]
12-14 05:25:15.967 E/RILD    ( 3506): Modem status[waiting: 0x3, current: 0x4]
12-14 05:25:16.167 E/RILD    ( 3506): Modem status[waiting: 0x3, current: 0x4]
12-14 05:25:16.367 E/RILD    ( 3506): Modem status[waiting: 0x3, current: 0x4]
12-14 05:25:16.567 E/RILD    ( 3506): Modem status[waiting: 0x3, current: 0x4]
12-14 05:25:16.768 E/RILD    ( 3506): Modem status[waiting: 0x3, current: 0x4]
12-14 05:25:16.968 E/RILD    ( 3506): Modem status[waiting: 0x3, current: 0x4]
12-14 05:25:17.168 E/RILD    ( 3506): Modem status[waiting: 0x3, current: 0x4]
12-14 05:25:17.368 E/RILD    ( 3506): Modem status[waiting: 0x3, current: 0x4]
12-14 05:25:17.568 E/RILD    ( 3506): Modem status[waiting: 0x3, current: 0x4]
12-14 05:25:17.769 E/RILD    ( 3506): Modem status[waiting: 0x3, current: 0x4]
12-14 05:25:17.969 E/RILD    ( 3506): Modem status[waiting: 0x3, current: 0x4]
12-14 05:25:18.169 E/RILD    ( 3506): Modem status[waiting: 0x3, current: 0x4]
12-14 05:25:18.370 E/RILD    ( 3506): Modem status[waiting: 0x3, current: 0x4]
12-14 05:25:18.570 E/RILD    ( 3506): Modem status[waiting: 0x3, current: 0x4]
12-14 05:25:18.770 E/RILD    ( 3506): Modem status[waiting: 0x3, current: 0x4]
12-14 05:25:18.971 E/RILD    ( 3506): Modem status[waiting: 0x3, current: 0x4]
12-14 05:25:19.171 E/RILD    ( 3506): Modem status[waiting: 0x3, current: 0x4]
12-14 05:25:19.371 E/RILD    ( 3506): Modem status[waiting: 0x3, current: 0x4]
12-14 05:25:19.572 E/RILD    ( 3506): Modem status[waiting: 0x3, current: 0x4]
12-14 05:25:19.772 E/RILD    ( 3506): Modem status[waiting: 0x3, current: 0x4]
12-14 05:25:19.972 E/RILD    ( 3506): Modem status[waiting: 0x3, current: 0x4]
12-14 05:25:20.173 E/RILD    ( 3506): Modem status[waiting: 0x3, current: 0x4]
12-14 05:25:20.373 E/RILD    ( 3506): Modem status[waiting: 0x3, current: 0x4]
12-14 05:25:20.573 E/RILD    ( 3506): Modem status[waiting: 0x3, current: 0x4]
12-14 05:25:20.774 E/RILD    ( 3506): Modem status[waiting: 0x3, current: 0x4]
12-14 05:25:20.974 E/RILD    ( 3506): Modem status[waiting: 0x3, current: 0x4]
12-14 05:25:21.174 E/RILD    ( 3506): Modem status[waiting: 0x3, current: 0x4]
12-14 05:25:21.374 E/RILD    ( 3506): Modem status[waiting: 0x3, current: 0x4]
12-14 05:25:21.575 E/RILD    ( 3506): Modem status[waiting: 0x3, current: 0x4]
12-14 05:25:21.775 E/RILD    ( 3506): Modem status[waiting: 0x3, current: 0x4]
12-14 05:25:21.975 E/RILD    ( 3506): Modem status[waiting: 0x3, current: 0x4]
12-14 05:25:22.175 E/RILD    ( 3506): Modem status[waiting: 0x3, current: 0x4]
12-14 05:25:22.376 E/RILD    ( 3506): Modem status[waiting: 0x3, current: 0x4]
12-14 05:25:22.576 E/RILD    ( 3506): Modem status[waiting: 0x3, current: 0x4]
12-14 05:25:22.776 E/RILD    ( 3506): Modem status[waiting: 0x3, current: 0x4]
12-14 05:25:22.976 E/RILD    ( 3506): Modem status[waiting: 0x3, current: 0x4]
12-14 05:25:23.177 E/RILD    ( 3506): Modem status[waiting: 0x3, current: 0x4]
12-14 05:25:23.377 E/RILD    ( 3506): Modem status[waiting: 0x3, current: 0x4]
12-14 05:25:23.577 E/RILD    ( 3506): Modem status[waiting: 0x3, current: 0x4]
12-14 05:25:23.777 E/RILD    ( 3506): Modem status[waiting: 0x3, current: 0x4]
12-14 05:25:23.978 E/RILD    ( 3506): Modem status[waiting: 0x3, current: 0x4]
12-14 05:25:24.178 E/RILD    ( 3506): Modem status[waiting: 0x3, current: 0x4]
12-14 05:25:24.379 E/RILD    ( 3506): Modem status[waiting: 0x3, current: 0x4]
12-14 05:25:24.579 E/RILD    ( 3506): Modem status[waiting: 0x3, current: 0x4]
12-14 05:25:24.779 E/RILD    ( 3506): Modem status[waiting: 0x3, current: 0x4]
12-14 05:25:24.980 E/RILD    ( 3506): Modem status[waiting: 0x3, current: 0x4]
12-14 05:25:25.180 E/RILD    ( 3506): Modem status[waiting: 0x3, current: 0x4]
12-14 05:25:25.381 E/RILD    ( 3506): Modem status[waiting: 0x3, current: 0x4]
12-14 05:25:25.581 E/RILD    ( 3506): Modem status[waiting: 0x3, current: 0x4]
12-14 05:25:25.782 E/RILD    ( 3506): Modem status[waiting: 0x3, current: 0x4]
12-14 05:25:25.982 E/RILD    ( 3506): Modem status[waiting: 0x3, current: 0x4]
12-14 05:25:26.183 E/RILD    ( 3506): Modem status[waiting: 0x3, current: 0x4]
12-14 05:25:26.383 E/RILD    ( 3506): Modem status[waiting: 0x3, current: 0x4]
12-14 05:25:26.583 E/RILD    ( 3506): Modem status[waiting: 0x3, current: 0x4]
12-14 05:25:26.784 E/RILD    ( 3506): Modem status[waiting: 0x3, current: 0x4]
12-14 05:25:26.984 E/RILD    ( 3506): Modem status[waiting: 0x3, current: 0x4]
12-14 05:25:27.184 E/RILD    ( 3506): Modem status[waiting: 0x3, current: 0x4]
12-14 05:25:27.385 E/RILD    ( 3506): Modem status[waiting: 0x3, current: 0x4]
12-14 05:25:27.585 E/RILD    ( 3506): Modem status[waiting: 0x3, current: 0x4]
12-14 05:25:27.786 E/RILD    ( 3506): Modem status[waiting: 0x3, current: 0x4]
12-14 05:25:27.987 E/RILD    ( 3506): Modem status[waiting: 0x3, current: 0x4]
12-14 05:25:28.187 E/RILD    ( 3506): Modem status[waiting: 0x3, current: 0x4]
12-14 05:25:28.388 E/RILD    ( 3506): Modem status[waiting: 0x3, current: 0x4]
12-14 05:25:28.588 E/RILD    ( 3506): Modem status[waiting: 0x3, current: 0x4]
12-14 05:25:28.789 E/RILD    ( 3506): Modem status[waiting: 0x3, current: 0x4]
12-14 05:25:28.989 E/RILD    ( 3506): Modem status[waiting: 0x3, current: 0x4]
12-14 05:25:29.190 E/RILD    ( 3506): Modem status[waiting: 0x3, current: 0x4]
12-14 05:25:29.390 E/RILD    ( 3506): Modem status[waiting: 0x3, current: 0x4]
12-14 05:25:29.591 E/RILD    ( 3506): Modem status[waiting: 0x3, current: 0x4]
12-14 05:25:29.791 E/RILD    ( 3506): Modem status[waiting: 0x3, current: 0x4]
12-14 05:25:29.992 E/RILD    ( 3506): Modem status[waiting: 0x3, current: 0x4]
12-14 05:25:30.192 E/RILD    ( 3506): Modem status[waiting: 0x3, current: 0x4]
12-14 05:25:30.393 E/RILD    ( 3506): Modem status[waiting: 0x3, current: 0x4]
12-14 05:25:30.593 E/RILD    ( 3506): Modem status[waiting: 0x3, current: 0x4]
12-14 05:25:30.794 E/RILD    ( 3506): Modem status[waiting: 0x3, current: 0x4]
12-14 05:25:30.994 E/RILD    ( 3506): Modem status[waiting: 0x3, current: 0x4]
12-14 05:25:31.194 E/RILD    ( 3506): Modem status[waiting: 0x3, current: 0x4]
12-14 05:25:31.395 E/RILD    ( 3506): Modem status[waiting: 0x3, current: 0x4]
12-14 05:25:31.595 E/RILD    ( 3506): Modem status[waiting: 0x3, current: 0x4]
12-14 05:25:31.796 E/RILD    ( 3506): Modem status[waiting: 0x3, current: 0x4]
12-14 05:25:31.996 E/RILD    ( 3506): Modem status[waiting: 0x3, current: 0x4]
12-14 05:25:32.197 E/RILD    ( 3506): Modem status[waiting: 0x3, current: 0x4]
12-14 05:25:32.397 E/RILD    ( 3506): Modem status[waiting: 0x3, current: 0x4]
12-14 05:25:32.598 E/RILD    ( 3506): Modem boot timeout
12-14 05:25:32.598 E/RILD    ( 3506): Wait boot ready
12-14 05:25:32.598 E/RILD    ( 3506): Modem status[waiting: 0x3, current: 0x4]
12-14 05:25:32.798 E/RILD    ( 3506): Modem status[waiting: 0x3, current: 0x4]
12-14 05:25:32.999 E/RILD    ( 3506): Modem status[waiting: 0x3, current: 0x4]
12-14 05:25:33.199 E/RILD    ( 3506): Modem status[waiting: 0x3, current: 0x4]
12-14 05:25:33.400 E/RILD    ( 3506): Modem status[waiting: 0x3, current: 0x4]
12-14 05:25:33.600 E/RILD    ( 3506): Modem status[waiting: 0x3, current: 0x4]
12-14 05:25:33.801 E/RILD    ( 3506): Modem status[waiting: 0x3, current: 0x4]
12-14 05:25:34.001 E/RILD    ( 3506): Modem status[waiting: 0x3, current: 0x4]
12-14 05:25:34.202 E/RILD    ( 3506): Modem status[waiting: 0x3, current: 0x4]
12-14 05:25:34.402 E/RILD    ( 3506): Modem status[waiting: 0x3, current: 0x4]
12-14 05:25:34.603 E/RILD    ( 3506): Modem status[waiting: 0x3, current: 0x4]
12-14 05:25:34.803 E/RILD    ( 3506): Modem status[waiting: 0x3, current: 0x4]
12-14 05:25:35.003 E/RILD    ( 3506): Modem status[waiting: 0x3, current: 0x4]
12-14 05:25:35.204 E/RILD    ( 3506): Modem status[waiting: 0x3, current: 0x4]
12-14 05:25:35.404 E/RILD    ( 3506): Modem status[waiting: 0x3, current: 0x4]
12-14 05:25:35.604 E/RILD    ( 3506): Modem status[waiting: 0x3, current: 0x4]
12-14 05:25:35.805 E/RILD    ( 3506): Modem status[waiting: 0x3, current: 0x4]
12-14 05:25:36.006 E/RILD    ( 3506): Modem status[waiting: 0x3, current: 0x4]
12-14 05:25:36.206 E/RILD    ( 3506): Modem status[waiting: 0x3, current: 0x4]
12-14 05:25:36.406 E/RILD    ( 3506): Modem status[waiting: 0x3, current: 0x4]
12-14 05:25:36.607 E/RILD    ( 3506): Modem status[waiting: 0x3, current: 0x4]
12-14 05:25:36.807 E/RILD    ( 3506): Modem status[waiting: 0x3, current: 0x4]
12-14 05:25:37.008 E/RILD    ( 3506): Modem status[waiting: 0x3, current: 0x4]
12-14 05:25:37.208 E/RILD    ( 3506): Modem status[waiting: 0x3, current: 0x4]
12-14 05:25:37.408 E/RILD    ( 3506): Modem status[waiting: 0x3, current: 0x4]
12-14 05:25:37.609 E/RILD    ( 3506): Modem status[waiting: 0x3, current: 0x4]
12-14 05:25:37.810 E/RILD    ( 3506): Modem status[waiting: 0x3, current: 0x4]
12-14 05:25:38.010 E/RILD    ( 3506): Modem status[waiting: 0x3, current: 0x4]
12-14 05:25:38.211 E/RILD    ( 3506): Modem status[waiting: 0x3, current: 0x4]
12-14 05:25:38.411 E/RILD    ( 3506): Modem status[waiting: 0x3, current: 0x4]
12-14 05:25:38.612 E/RILD    ( 3506): Modem status[waiting: 0x3, current: 0x4]
12-14 05:25:38.812 E/RILD    ( 3506): Modem status[waiting: 0x3, current: 0x4]
12-14 05:25:39.013 E/RILD    ( 3506): Modem status[waiting: 0x3, current: 0x4]
12-14 05:25:39.213 E/RILD    ( 3506): Modem status[waiting: 0x3, current: 0x4]
12-14 05:25:39.414 E/RILD    ( 3506): Modem status[waiting: 0x3, current: 0x4]
12-14 05:25:39.614 E/RILD    ( 3506): Modem status[waiting: 0x3, current: 0x4]
12-14 05:25:39.814 E/RILD    ( 3506): Modem status[waiting: 0x3, current: 0x4]
12-14 05:25:40.015 E/RILD    ( 3506): Modem status[waiting: 0x3, current: 0x4]
12-14 05:25:40.215 E/RILD    ( 3506): Modem status[waiting: 0x3, current: 0x4]
12-14 05:25:40.416 E/RILD    ( 3506): Modem status[waiting: 0x3, current: 0x4]
12-14 05:25:40.616 E/RILD    ( 3506): Modem status[waiting: 0x3, current: 0x4]
12-14 05:25:40.817 E/RILD    ( 3506): Modem status[waiting: 0x3, current: 0x4]
12-14 05:25:41.017 E/RILD    ( 3506): Modem status[waiting: 0x3, current: 0x4]
12-14 05:25:41.218 E/RILD    ( 3506): Modem status[waiting: 0x3, current: 0x4]
12-14 05:25:41.418 E/RILD    ( 3506): Modem status[waiting: 0x3, current: 0x4]
12-14 05:25:41.619 E/RILD    ( 3506): Modem status[waiting: 0x3, current: 0x4]
12-14 05:25:41.819 E/RILD    ( 3506): Modem status[waiting: 0x3, current: 0x4]
12-14 05:25:42.020 E/RILD    ( 3506): Modem status[waiting: 0x3, current: 0x4]
12-14 05:25:42.220 E/RILD    ( 3506): Modem status[waiting: 0x3, current: 0x4]
12-14 05:25:42.421 E/RILD    ( 3506): Modem status[waiting: 0x3, current: 0x4]
12-14 05:25:42.621 E/RILD    ( 3506): Modem status[waiting: 0x3, current: 0x4]
12-14 05:25:42.822 E/RILD    ( 3506): Modem status[waiting: 0x3, current: 0x4]
12-14 05:25:43.022 E/RILD    ( 3506): Modem status[waiting: 0x3, current: 0x4]
12-14 05:25:43.223 E/RILD    ( 3506): Modem status[waiting: 0x3, current: 0x4]
12-14 05:25:43.423 E/RILD    ( 3506): Modem status[waiting: 0x3, current: 0x4]
12-14 05:25:43.623 E/RILD    ( 3506): Modem status[waiting: 0x3, current: 0x4]
12-14 05:25:43.824 E/RILD    ( 3506): Modem status[waiting: 0x3, current: 0x4]
12-14 05:25:44.024 E/RILD    ( 3506): Modem status[waiting: 0x3, current: 0x4]
12-14 05:25:44.224 E/RILD    ( 3506): Modem status[waiting: 0x3, current: 0x4]
12-14 05:25:44.425 E/RILD    ( 3506): Modem status[waiting: 0x3, current: 0x4]
12-14 05:25:44.625 E/RILD    ( 3506): Modem status[waiting: 0x3, current: 0x4]
12-14 05:25:44.826 E/RILD    ( 3506): Modem status[waiting: 0x3, current: 0x4]
12-14 05:25:45.027 E/RILD    ( 3506): Modem status[waiting: 0x3, current: 0x4]
12-14 05:25:45.227 E/RILD    ( 3506): Modem status[waiting: 0x3, current: 0x4]
12-14 05:25:45.427 E/RILD    ( 3506): Modem status[waiting: 0x3, current: 0x4]
12-14 05:25:45.628 E/RILD    ( 3506): Modem status[waiting: 0x3, current: 0x4]
12-14 05:25:45.829 E/RILD    ( 3506): Modem status[waiting: 0x3, current: 0x4]
12-14 05:25:46.029 E/RILD    ( 3506): Modem status[waiting: 0x3, current: 0x4]
12-14 05:25:46.229 E/RILD    ( 3506): Modem status[waiting: 0x3, current: 0x4]
12-14 05:25:46.430 E/RILD    ( 3506): Modem status[waiting: 0x3, current: 0x4]
12-14 05:25:46.630 E/RILD    ( 3506): Modem status[waiting: 0x3, current: 0x4]
12-14 05:25:46.831 E/RILD    ( 3506): Modem status[waiting: 0x3, current: 0x4]
12-14 05:25:47.031 E/RILD    ( 3506): Modem status[waiting: 0x3, current: 0x4]
12-14 05:25:47.232 E/RILD    ( 3506): Modem status[waiting: 0x3, current: 0x4]
12-14 05:25:47.253 D/RILJ    ( 4006): NOTE: mWakeLockCount is 5at time of clearing
12-14 05:25:47.255 D/RILJ    ( 4006): WAKE_LOCK_TIMEOUT  mRequestList=5
12-14 05:25:47.256 D/RILJ    ( 4006): 0: [0] RIL_REQUEST_START_LCE
12-14 05:25:47.256 D/RILJ    ( 4006): 1: [1] SIGNAL_STRENGTH
12-14 05:25:47.256 D/RILJ    ( 4006): 2: [2] SET_SUPP_SVC_NOTIFICATION
12-14 05:25:47.256 D/RILJ    ( 4006): 3: [3] RIL_REQUEST_SET_TTY_MODE
12-14 05:25:47.256 D/RILJ    ( 4006): 4: [4] GET_CURRENT_CALLS
12-14 05:25:47.432 E/RILD    ( 3506): Modem status[waiting: 0x3, current: 0x4]
12-14 05:25:47.633 E/RILD    ( 3506): Modem status[waiting: 0x3, current: 0x4]
12-14 05:25:47.833 E/RILD    ( 3506): Modem status[waiting: 0x3, current: 0x4]
12-14 05:25:48.033 E/RILD    ( 3506): Modem status[waiting: 0x3, current: 0x4]
12-14 05:25:48.234 E/RILD    ( 3506): Modem status[waiting: 0x3, current: 0x4]
12-14 05:25:48.434 E/RILD    ( 3506): Modem status[waiting: 0x3, current: 0x4]
12-14 05:25:48.635 E/RILD    ( 3506): Modem status[waiting: 0x3, current: 0x4]
12-14 05:25:48.835 E/RILD    ( 3506): Modem status[waiting: 0x3, current: 0x4]
12-14 05:25:49.036 E/RILD    ( 3506): Modem status[waiting: 0x3, current: 0x4]
12-14 05:25:49.236 E/RILD    ( 3506): Modem status[waiting: 0x3, current: 0x4]
12-14 05:25:49.437 E/RILD    ( 3506): Modem status[waiting: 0x3, current: 0x4]
12-14 05:25:49.637 E/RILD    ( 3506): Modem status[waiting: 0x3, current: 0x4]
12-14 05:25:49.838 E/RILD    ( 3506): Modem status[waiting: 0x3, current: 0x4]
12-14 05:25:50.038 E/RILD    ( 3506): Modem status[waiting: 0x3, current: 0x4]
12-14 05:25:50.239 E/RILD    ( 3506): Modem status[waiting: 0x3, current: 0x4]
12-14 05:25:50.439 E/RILD    ( 3506): Modem status[waiting: 0x3, current: 0x4]
12-14 05:25:50.640 E/RILD    ( 3506): Modem status[waiting: 0x3, current: 0x4]
12-14 05:25:50.840 E/RILD    ( 3506): Modem boot timeout
12-14 05:25:50.840 E/RILD    ( 3506): Wait boot ready
12-14 05:25:50.840 E/RILD    ( 3506): Modem status[waiting: 0x3, current: 0x4]
12-14 05:25:51.041 E/RILD    ( 3506): Modem status[waiting: 0x3, current: 0x4]
12-14 05:25:51.241 E/RILD    ( 3506): Modem status[waiting: 0x3, current: 0x4]
12-14 05:25:51.442 E/RILD    ( 3506): Modem status[waiting: 0x3, current: 0x4]
12-14 05:25:51.642 E/RILD    ( 3506): Modem status[waiting: 0x3, current: 0x4]
12-14 05:25:51.843 E/RILD    ( 3506): Modem status[waiting: 0x3, current: 0x4]
12-14 05:25:52.043 E/RILD    ( 3506): Modem status[waiting: 0x3, current: 0x4]
12-14 05:25:52.244 E/RILD    ( 3506): Modem status[waiting: 0x3, current: 0x4]
12-14 05:25:52.444 E/RILD    ( 3506): Modem status[waiting: 0x3, current: 0x4]
12-14 05:25:52.645 E/RILD    ( 3506): Modem status[waiting: 0x3, current: 0x4]
12-14 05:25:52.845 E/RILD    ( 3506): Modem status[waiting: 0x3, current: 0x4]
12-14 05:25:53.046 E/RILD    ( 3506): Modem status[waiting: 0x3, current: 0x4]
12-14 05:25:53.246 E/RILD    ( 3506): Modem status[waiting: 0x3, current: 0x4]
12-14 05:25:53.447 E/RILD    ( 3506): Modem status[waiting: 0x3, current: 0x4]
12-14 05:25:53.647 E/RILD    ( 3506): Modem status[waiting: 0x3, current: 0x4]
12-14 05:25:53.848 E/RILD    ( 3506): Modem status[waiting: 0x3, current: 0x4]
12-14 05:25:54.048 E/RILD    ( 3506): Modem status[waiting: 0x3, current: 0x4]
12-14 05:25:54.248 E/RILD    ( 3506): Modem status[waiting: 0x3, current: 0x4]
12-14 05:25:54.449 E/RILD    ( 3506): Modem status[waiting: 0x3, current: 0x4]
12-14 05:25:54.649 E/RILD    ( 3506): Modem status[waiting: 0x3, current: 0x4]
12-14 05:25:54.850 E/RILD    ( 3506): Modem status[waiting: 0x3, current: 0x4]
12-14 05:25:55.050 E/RILD    ( 3506): Modem status[waiting: 0x3, current: 0x4]
12-14 05:25:55.250 E/RILD    ( 3506): Modem status[waiting: 0x3, current: 0x4]
12-14 05:25:55.450 E/RILD    ( 3506): Modem status[waiting: 0x3, current: 0x4]
12-14 05:25:55.651 E/RILD    ( 3506): Modem status[waiting: 0x3, current: 0x4]
12-14 05:25:55.851 E/RILD    ( 3506): Modem status[waiting: 0x3, current: 0x4]
12-14 05:25:56.051 E/RILD    ( 3506): Modem status[waiting: 0x3, current: 0x4]
12-14 05:25:56.252 E/RILD    ( 3506): Modem status[waiting: 0x3, current: 0x4]
12-14 05:25:56.452 E/RILD    ( 3506): Modem status[waiting: 0x3, current: 0x4]
12-14 05:25:56.652 E/RILD    ( 3506): Modem status[waiting: 0x3, current: 0x4]
12-14 05:25:56.853 E/RILD    ( 3506): Modem status[waiting: 0x3, current: 0x4]
12-14 05:25:57.053 E/RILD    ( 3506): Modem status[waiting: 0x3, current: 0x4]
12-14 05:25:57.254 E/RILD    ( 3506): Modem status[waiting: 0x3, current: 0x4]
12-14 05:25:57.454 E/RILD    ( 3506): Modem status[waiting: 0x3, current: 0x4]
12-14 05:25:57.655 E/RILD    ( 3506): Modem status[waiting: 0x3, current: 0x4]
12-14 05:25:57.855 E/RILD    ( 3506): Modem status[waiting: 0x3, current: 0x4]
12-14 05:25:58.056 E/RILD    ( 3506): Modem status[waiting: 0x3, current: 0x4]
12-14 05:25:58.256 E/RILD    ( 3506): Modem status[waiting: 0x3, current: 0x4]
12-14 05:25:58.457 E/RILD    ( 3506): Modem status[waiting: 0x3, current: 0x4]
