12-15 03:44:22.521 E/RILD    ( 4641): Onprocessing: request id(20), handleEvent(100)
12-15 03:44:22.522 D/RILJ    ( 3918): [2288]> GET_CURRENT_CALLS [SUB0]
12-15 03:44:22.522 D/RILJ    ( 3918): [UNSL]< UNSOL_RESPONSE_RADIO_STATE_CHANGED RADIO_ON [SUB0]
12-15 03:44:22.522 E/RILD    ( 4641): IsRegisteredNetworkType(): netType[1]  feature[00] state[0] 
12-15 03:44:22.523 E/RILD    ( 4641): DoRouteIn - FW reqId : 1
12-15 03:44:22.523 E/RILD    ( 4641): DoRouteOut - FW reqId : 1
12-15 03:44:22.523 E/RILD    ( 4641): Onprocessing: request id(1), handleEvent(100)
12-15 03:44:22.523 E/RILD    ( 4641): SIM-MGR(2): evt(100)
12-15 03:44:22.523 E/RILD    ( 4641): Onprocessing: request id(20), handleEvent(100)
12-15 03:44:22.523 E/RILD    ( 4641): [G] TX: (M)SEC_CMD (S)SEC_PIN_STATUS (T)GET l:7 m:88 a:00 [ ]
12-15 03:44:22.524 D/SubscriptionController( 3918): [getSubId]- sSlotIdxToSubId.size == 0, return DummySubIds slotIdx=0
12-15 03:44:22.524 D/RILJ    ( 3918): [2289]> RIL_REQUEST_VOICE_RADIO_TECH [SUB0]
12-15 03:44:22.525 E/RILD    ( 4641): IsRegisteredNetworkType(): netType[1]  feature[00] state[0] 
12-15 03:44:22.525 E/RILD    ( 4641): DoRouteIn - FW reqId : 9
12-15 03:44:22.525 E/RILD    ( 4641): Onprocessing: request id(1), handleEvent(100)
12-15 03:44:22.525 E/RILD    ( 4641): DoRouteOut - FW reqId : 9
12-15 03:44:22.525 E/RILD    ( 4641): Onprocessing: request id(9), handleEvent(100)
12-15 03:44:22.525 E/RILD    ( 4641): Onprocessing: request id(20), handleEvent(100)
12-15 03:44:22.525 E/RILD    ( 4641): GC-MGR(4): evt(100)
12-15 03:44:22.525 E/RILD    ( 4641): DoGetCurrentCalls():
12-15 03:44:22.525 E/RILD    ( 4641): IpcProtocol41::IpcTxCallGetCallList
12-15 03:44:22.525 E/RILD    ( 4641): [G] TX: (M)CALL_CMD (S)CALL_LIST (T)GET l:7 m:89 a:00 [ ]
12-15 03:44:22.526 D/RILJ    ( 3918): [2290]> RIL_REQUEST_IMS_REGISTRATION_STATE [SUB0]
12-15 03:44:22.526 E/RILD    ( 4641): IsRegisteredNetworkType(): netType[1]  feature[00] state[0] 
12-15 03:44:22.527 E/RILD    ( 4641): DoRouteIn - FW reqId : 108
12-15 03:44:22.527 E/RILD    ( 4641): Onprocessing: request id(1), handleEvent(100)
12-15 03:44:22.527 E/RILD    ( 4641): Onprocessing: request id(9), handleEvent(100)
12-15 03:44:22.527 E/RILD    ( 4641): Onprocessing: request id(20), handleEvent(100)
12-15 03:44:22.528 D/RILJ    ( 3918): [2291]> RIL_REQUEST_CDMA_GET_SUBSCRIPTION_SOURCE [SUB0]
12-15 03:44:22.528 E/RILD    ( 4641): IsRegisteredNetworkType(): netType[1]  feature[00] state[0] 
12-15 03:44:22.528 E/RILD    ( 4641): DoRouteIn - FW reqId : 112
12-15 03:44:22.528 E/RILD    ( 4641): Onprocessing: request id(1), handleEvent(100)
12-15 03:44:22.528 E/RILD    ( 4641): Onprocessing: request id(9), handleEvent(100)
12-15 03:44:22.528 E/RILD    ( 4641): Onprocessing: request id(20), handleEvent(100)
12-15 03:44:22.528 E/RILD    ( 4641): DoRouteOut - FW reqId : 112
12-15 03:44:22.528 E/RILD    ( 4641): Onprocessing: request id(112), handleEvent(8007)
12-15 03:44:22.528 E/RILD    ( 4641): SMS-MGR(8): evt(8007)
12-15 03:44:22.529 E/RILD    ( 4641): DoGetImsRegInfo: regState : 0 smsFormat : 1
12-15 03:44:22.529 E/RILD    ( 4641): Onprocessing: request id(1), handleEvent(100)
12-15 03:44:22.529 E/RILD    ( 4641): Onprocessing: request id(9), handleEvent(100)
12-15 03:44:22.529 E/RILD    ( 4641): Onprocessing: request id(20), handleEvent(100)
12-15 03:44:22.529 D/RILJ    ( 3918): [2290]< RIL_REQUEST_IMS_REGISTRATION_STATE {0, 1} [SUB0]
12-15 03:44:22.529 D/GSMPhone( 3918): [GSMPhone] New ISIM application found
12-15 03:44:22.529 E/RILD    ( 4641): IsRegisteredNetworkType(): netType[1]  feature[00] state[0] 
12-15 03:44:22.530 D/DCT     ( 3918): [0]handleMessage msg={ when=-1s899ms what=270369 obj=android.os.AsyncResult@228edaf target=com.android.internal.telephony.dataconnection.DcTracker }
12-15 03:44:22.530 E/RILD    ( 4641): DoRouteIn - FW reqId : 104
12-15 03:44:22.530 D/DCT     ( 3918): [0]onUpdateIcc: newIccRecords null
12-15 03:44:22.530 E/RILD    ( 4641): Onprocessing: request id(1), handleEvent(100)
12-15 03:44:22.530 E/RILD    ( 4641): Onprocessing: request id(9), handleEvent(100)
12-15 03:44:22.530 E/RILD    ( 4641): Onprocessing: request id(20), handleEvent(100)
12-15 03:44:22.530 E/RILD    ( 4641): DoRouteOut - FW reqId : 104
12-15 03:44:22.530 D/SubscriptionController( 3918): [getSubId]- sSlotIdxToSubId.size == 0, return DummySubIds slotIdx=0
12-15 03:44:22.530 E/RILD    ( 4641): Onprocessing: request id(104), handleEvent(119)
12-15 03:44:22.530 D/GsmSMSDispatcher( 3918): GsmSMSDispatcher: subId = -2 slotId = 0
12-15 03:44:22.530 E/RILD    ( 4641): GMISC-MGR(17): evt(119)
12-15 03:44:22.530 E/IccCardProxy( 3918): setExternalState: !override and newstate unchanged from READY
12-15 03:44:22.530 E/RILD    ( 4641): GMISC-MGR(17): evt(120)
12-15 03:44:22.530 E/RILD    ( 4641): MISC-MGR: EVENT_CDMA_GET_SUBSCRIPTION_DONE
12-15 03:44:22.530 E/RILD    ( 4641): Onprocessing: request id(1), handleEvent(100)
12-15 03:44:22.530 D/SubscriptionController( 3918): [getSubId]- sSlotIdxToSubId.size == 0, return DummySubIds slotIdx=0
12-15 03:44:22.530 E/RILD    ( 4641): Onprocessing: request id(9), handleEvent(100)
12-15 03:44:22.530 E/RILD    ( 4641): Onprocessing: request id(20), handleEvent(100)
12-15 03:44:22.531 D/RILJ    ( 3918): [2291]< RIL_REQUEST_CDMA_GET_SUBSCRIPTION_SOURCE {0} [SUB0]
12-15 03:44:22.531 D/DCT     ( 3918): [0]getDataOnRoamingEnabled: phoneSubId=-2 isDataRoamingEnabled=false
12-15 03:44:22.531 D/SubscriptionController( 3918): [getSubId]- sSlotIdxToSubId.size == 0, return DummySubIds slotIdx=0
12-15 03:44:22.531 D/DCT     ( 3918): [0]getDataOnRoamingEnabled: phoneSubId=-2 isDataRoamingEnabled=false
12-15 03:44:22.531 D/SubscriptionController( 3918): [getSubId]- sSlotIdxToSubId.size == 0, return DummySubIds slotIdx=0
12-15 03:44:22.532 D/DCT     ( 3918): [0]getDataOnRoamingEnabled: phoneSubId=-2 isDataRoamingEnabled=false
12-15 03:44:22.532 D/SubscriptionController( 3918): [getSubId]- sSlotIdxToSubId.size == 0, return DummySubIds slotIdx=0
12-15 03:44:22.532 D/DCT     ( 3918): [0]getDataOnRoamingEnabled: phoneSubId=-2 isDataRoamingEnabled=false
12-15 03:44:22.532 D/SubscriptionController( 3918): [getSubId]- sSlotIdxToSubId.size == 0, return DummySubIds slotIdx=0
12-15 03:44:22.532 D/DCT     ( 3918): [0]getDataOnRoamingEnabled: phoneSubId=-2 isDataRoamingEnabled=false
12-15 03:44:22.532 D/UiccController( 3918): Received EVENT_ICC_STATUS_CHANGED, calling getIccCardStatus
12-15 03:44:22.532 D/RILJ    ( 3918): [2292]> GET_SIM_STATUS [SUB0]
12-15 03:44:22.534 D/SubscriptionController( 3918): [getSubId]- sSlotIdxToSubId.size == 0, return DummySubIds slotIdx=0
12-15 03:44:22.534 D/DCT     ( 3918): [0]getDataOnRoamingEnabled: phoneSubId=-2 isDataRoamingEnabled=false
12-15 03:44:22.534 E/RILD    ( 4641): IsRegisteredNetworkType(): netType[1]  feature[00] state[0] 
12-15 03:44:22.535 E/RILD    ( 4641): DoRouteIn - FW reqId : 1
12-15 03:44:22.535 E/RILD    ( 4641): Onprocessing: request id(1), handleEvent(100)
12-15 03:44:22.535 D/SubscriptionController( 3918): [getSubId]- sSlotIdxToSubId.size == 0, return DummySubIds slotIdx=0
12-15 03:44:22.535 E/RILD    ( 4641): Onprocessing: request id(9), handleEvent(100)
12-15 03:44:22.535 E/RILD    ( 4641): Onprocessing: request id(20), handleEvent(100)
12-15 03:44:22.535 D/DCT     ( 3918): [0]getDataOnRoamingEnabled: phoneSubId=-2 isDataRoamingEnabled=false
12-15 03:44:22.535 D/SubscriptionController( 3918): [getSubId]- sSlotIdxToSubId.size == 0, return DummySubIds slotIdx=0
12-15 03:44:22.535 D/DCT     ( 3918): [0]getDataOnRoamingEnabled: phoneSubId=-2 isDataRoamingEnabled=false
12-15 03:44:22.535 D/SubscriptionController( 3918): [getSubId]- sSlotIdxToSubId.size == 0, return DummySubIds slotIdx=0
12-15 03:44:22.535 D/DCT     ( 3918): [0]getDataOnRoamingEnabled: phoneSubId=-2 isDataRoamingEnabled=false
12-15 03:44:22.536 D/SubscriptionController( 3918): [getSubId]- sSlotIdxToSubId.size == 0, return DummySubIds slotIdx=0
12-15 03:44:22.536 D/DCT     ( 3918): [0]getDataOnRoamingEnabled: phoneSubId=-2 isDataRoamingEnabled=false
12-15 03:44:22.536 D/SubscriptionController( 3918): [getSubId]- sSlotIdxToSubId.size == 0, return DummySubIds slotIdx=0
12-15 03:44:22.536 D/DCT     ( 3918): [0]getDataOnRoamingEnabled: phoneSubId=-2 isDataRoamingEnabled=false
12-15 03:44:22.536 D/SubscriptionController( 3918): [getSubId]- sSlotIdxToSubId.size == 0, return DummySubIds slotIdx=0
12-15 03:44:22.536 D/DCT     ( 3918): [0]getDataOnRoamingEnabled: phoneSubId=-2 isDataRoamingEnabled=false
12-15 03:44:22.536 D/SubscriptionController( 3918): [getSubId]- sSlotIdxToSubId.size == 0, return DummySubIds slotIdx=0
12-15 03:44:22.537 D/DCT     ( 3918): [0]getDataOnRoamingEnabled: phoneSubId=-2 isDataRoamingEnabled=false
12-15 03:44:22.537 D/SubscriptionController( 3918): [getSubId]- sSlotIdxToSubId.size == 0, return DummySubIds slotIdx=0
12-15 03:44:22.537 D/DCT     ( 3918): [0]getDataOnRoamingEnabled: phoneSubId=-2 isDataRoamingEnabled=false
12-15 03:44:22.537 D/SubscriptionController( 3918): [getSubId]- sSlotIdxToSubId.size == 0, return DummySubIds slotIdx=0
12-15 03:44:22.537 D/DCT     ( 3918): [0]getDataOnRoamingEnabled: phoneSubId=-2 isDataRoamingEnabled=false
12-15 03:44:22.537 D/SubscriptionController( 3918): [getSubId]- sSlotIdxToSubId.size == 0, return DummySubIds slotIdx=0
12-15 03:44:22.537 D/DCT     ( 3918): [0]getDataOnRoamingEnabled: phoneSubId=-2 isDataRoamingEnabled=false
12-15 03:44:22.538 D/SubscriptionController( 3918): [getSubId]- sSlotIdxToSubId.size == 0, return DummySubIds slotIdx=0
12-15 03:44:22.538 D/DCT     ( 3918): [0]getDataOnRoamingEnabled: phoneSubId=-2 isDataRoamingEnabled=false
12-15 03:44:22.538 D/SubscriptionController( 3918): [getSubId]- sSlotIdxToSubId.size == 0, return DummySubIds slotIdx=0
12-15 03:44:22.538 D/DCT     ( 3918): [0]getDataOnRoamingEnabled: phoneSubId=-2 isDataRoamingEnabled=false
12-15 03:44:22.538 D/SubscriptionController( 3918): [getSubId]- sSlotIdxToSubId.size == 0, return DummySubIds slotIdx=0
12-15 03:44:22.538 D/DCT     ( 3918): [0]getDataOnRoamingEnabled: phoneSubId=-2 isDataRoamingEnabled=false
12-15 03:44:22.538 D/SubscriptionController( 3918): [getSubId]- sSlotIdxToSubId.size == 0, return DummySubIds slotIdx=0
12-15 03:44:22.538 D/DCT     ( 3918): [0]getDataOnRoamingEnabled: phoneSubId=-2 isDataRoamingEnabled=false
12-15 03:44:22.539 D/SubscriptionController( 3918): [getSubId]- sSlotIdxToSubId.size == 0, return DummySubIds slotIdx=0
12-15 03:44:22.539 D/PhoneBase( 3918): EVENT_GET_RADIO_CAPABILITY :phone rc : {mPhoneId = 0 mVersion=1 mSession=0 mPhase=0 mRadioAccessFamily=118280 mLogicModemId= mStatus=1}
12-15 03:44:22.539 D/GsmSST  ( 3918): [GsmSST] mDeviceShuttingDown = false
12-15 03:44:22.539 D/GsmSST  ( 3918): [GsmSST] mDesiredPowerState = true
12-15 03:44:22.539 D/GsmSST  ( 3918): [GsmSST] getRadioState = RADIO_ON
12-15 03:44:22.539 D/GsmSST  ( 3918): [GsmSST] mPowerOffDelayNeed = true
12-15 03:44:22.539 D/GsmSST  ( 3918): [GsmSST] mAlarmSwitch = false
12-15 03:44:22.539 D/RILJ    ( 3918): [2293]> OPERATOR [SUB0]
12-15 03:44:22.541 D/RILJ    ( 3918): [2294]> DATA_REGISTRATION_STATE [SUB0]
12-15 03:44:22.541 E/RILD    ( 4641): IsRegisteredNetworkType(): netType[1]  feature[00] state[0] 
12-15 03:44:22.541 E/RILD    ( 4641): DoRouteIn - FW reqId : 22
12-15 03:44:22.541 E/RILD    ( 4641): Onprocessing: request id(1), handleEvent(100)
12-15 03:44:22.541 E/RILD    ( 4641): Onprocessing: request id(9), handleEvent(100)
12-15 03:44:22.542 E/RILD    ( 4641): Onprocessing: request id(20), handleEvent(100)
12-15 03:44:22.543 D/RILJ    ( 3918): [2295]> VOICE_REGISTRATION_STATE [SUB0]
12-15 03:44:22.543 E/RILD    ( 4641): IsRegisteredNetworkType(): netType[1]  feature[00] state[0] 
12-15 03:44:22.543 E/RILD    ( 4641): DoRouteIn - FW reqId : 21
12-15 03:44:22.543 E/RILD    ( 4641): Onprocessing: request id(1), handleEvent(100)
12-15 03:44:22.543 E/RILD    ( 4641): Onprocessing: request id(9), handleEvent(100)
12-15 03:44:22.543 E/RILD    ( 4641): Onprocessing: request id(20), handleEvent(100)
12-15 03:44:22.545 D/RILJ    ( 3918): [2296]> QUERY_NETWORK_SELECTION_MODE [SUB0]
12-15 03:44:22.545 E/RILD    ( 4641): IsRegisteredNetworkType(): netType[1]  feature[00] state[0] 
12-15 03:44:22.545 E/RILD    ( 4641): DoRouteIn - FW reqId : 20
12-15 03:44:22.545 E/RILD    ( 4641): Onprocessing: request id(1), handleEvent(100)
12-15 03:44:22.545 E/RILD    ( 4641): Onprocessing: request id(9), handleEvent(100)
12-15 03:44:22.545 E/RILD    ( 4641): Onprocessing: request id(20), handleEvent(100)
12-15 03:44:22.546 D/UiccController( 3918): EVENT_RADIO_UNAVAILABLE, dispose card
12-15 03:44:22.546 D/UiccCard( 3918): Disposing card
12-15 03:44:22.546 D/CAT     ( 3918): CatService: Disposing CatService object
12-15 03:44:22.547 D/CAT     ( 3918): CatService: Sending Card Status: CARDSTATE_ABSENT cardPresent: falseSLOT_ID: 0
12-15 03:44:22.547 E/RILD    ( 4641): IsRegisteredNetworkType(): netType[1]  feature[00] state[0] 
12-15 03:44:22.547 E/RILD    ( 4641): DoRouteIn - FW reqId : 45
12-15 03:44:22.547 E/RILD    ( 4641): Onprocessing: request id(1), handleEvent(100)
12-15 03:44:22.547 E/RILD    ( 4641): Onprocessing: request id(9), handleEvent(100)
12-15 03:44:22.547 E/RILD    ( 4641): Onprocessing: request id(20), handleEvent(100)
12-15 03:44:22.549 D/UiccCardApplication( 3918): APPTYPE_USIM being Disposed
12-15 03:44:22.549 D/SIMRecords( 3918): [SIMRecords] getOperatorNumeric: IMSI == null
12-15 03:44:22.550 D/SIMRecords( 3918): [SIMRecords] Disposing SIMRecords this=SimRecords: mDestroyed=false mContext=com.android.phone.PhoneGlobals@4d445f8 mCi=com.android.internal.telephony.hero2ltexxRIL@98ec0ee mFh=Handler (com.android.internal.telephony.uicc.UsimFileHandler) {6a028d7} mParentApp=com.android.internal.telephony.uicc.UiccCardApplication@bed15c4 mSpnOverride=mSpnOverride recordsLoadedRegistrants=android.os.RegistrantList@a2c2cad mImsiReadyRegistrants=android.os.RegistrantList@539ebe2 mRecordsEventsRegistrants=android.os.RegistrantList@2547b73 mNewSmsRegistrants=android.os.RegistrantList@987ca30 mNetworkSelectionModeAutomaticRegistrants=android.os.RegistrantList@f8be6a9 recordsToLoad=0 adnCache=Handler (com.android.internal.telephony.uicc.AdnRecordCache) {e8ee42e} recordsRequested=false iccid=null msisdnTag=null voiceMailNum=null voiceMailTag=null newVoiceMailNum=null newVoiceMailTag=null isVoiceMailFixed=false mncLength=-1 mailboxIndex=0 spn=null mVmConfigcom.android.internal.telephony.uicc.VoiceMailConstants@5f15bcf callForwardingEnabled=0 spnState=null mCphsInfo=null mCspPlmnEnabled=true efMWIS=null efCPHS_MWI=null mEfCff=null mEfCfis=null getOperatorNumeric=null
12-15 03:44:22.550 D/SIMRecords( 3918): [SIMRecords] setting0 mMncLength-1
12-15 03:44:22.550 D/SIMRecords( 3918): [SIMRecords] SIMRecords: onRadioOffOrNotAvailable set 'gsm.sim.operator.numeric' to operator=null
12-15 03:44:22.550 D/SIMRecords( 3918): [SIMRecords] update icc_operator_numeric=null
12-15 03:44:22.550 D/TelephonyManager( 3918): setTelephonyProperty: success phoneId=0 property=gsm.sim.operator.numeric value:  propVal=
12-15 03:44:22.551 D/TelephonyManager( 3918): setTelephonyProperty: success phoneId=0 property=gsm.sim.operator.alpha value:  propVal=
12-15 03:44:22.552 D/TelephonyManager( 3918): setTelephonyProperty: success phoneId=0 property=gsm.sim.operator.iso-country value:  propVal=
12-15 03:44:22.553 D/UiccCardApplication( 3918): APPTYPE_CSIM being Disposed
12-15 03:44:22.553 D/RuimRecords( 3918): [RuimRecords] Disposing RuimRecords RuimRecords: mDestroyed=false mContext=com.android.phone.PhoneGlobals@4d445f8 mCi=com.android.internal.telephony.hero2ltexxRIL@98ec0ee mFh=Handler (com.android.internal.telephony.uicc.CsimFileHandler) {2d7595c} mParentApp=com.android.internal.telephony.uicc.UiccCardApplication@c134465 mSpnOverride=mSpnOverride recordsLoadedRegistrants=android.os.RegistrantList@e29153a mImsiReadyRegistrants=android.os.RegistrantList@d1e5eb mRecordsEventsRegistrants=android.os.RegistrantList@c2eaf48 mNewSmsRegistrants=android.os.RegistrantList@2f8c1e1 mNetworkSelectionModeAutomaticRegistrants=android.os.RegistrantList@4034b06 recordsToLoad=0 adnCache=Handler (com.android.internal.telephony.uicc.AdnRecordCache) {2e6f5c7} recordsRequested=false iccid=null msisdnTag=null voiceMailNum=null voiceMailTag=null newVoiceMailNum=null newVoiceMailTag=null isVoiceMailFixed=false mncLength=-1 mailboxIndex=0 spn=null m_ota_commitedfalse mMyMobileNumber=xxxx mMin2Min1=null mPrlVersion=null mEFpl=null mEFli=null mCsimSpnDisplayCondition=false mMdn=null mMin=null mHomeSystemId=null mHomeNetworkId=null
12-15 03:44:22.553 D/RuimRecords( 3918): [RuimRecords] setting0 mMncLength-1
12-15 03:44:22.553 D/UiccCardApplication( 3918): APPTYPE_ISIM being Disposed
12-15 03:44:22.554 D/IsimUiccRecords( 3918): [ISIM] Disposing IsimUiccRecords: mDestroyed=false mContext=com.android.phone.PhoneGlobals@4d445f8 mCi=com.android.internal.telephony.hero2ltexxRIL@98ec0ee mFh=Handler (com.android.internal.telephony.uicc.IsimFileHandler) {a2377f4} mParentApp=com.android.internal.telephony.uicc.UiccCardApplication@a5e9b1d mSpnOverride=mSpnOverride recordsLoadedRegistrants=android.os.RegistrantList@2f91192 mImsiReadyRegistrants=android.os.RegistrantList@532763 mRecordsEventsRegistrants=android.os.RegistrantList@2fa1f60 mNewSmsRegistrants=android.os.RegistrantList@e4ecc19 mNetworkSelectionModeAutomaticRegistrants=android.os.RegistrantList@e12b4de recordsToLoad=0 adnCache=null recordsRequested=false iccid=null msisdnTag=null voiceMailNum=null voiceMailTag=null newVoiceMailNum=null newVoiceMailTag=null isVoiceMailFixed=false mncLength=-1 mailboxIndex=0 spn=null
12-15 03:44:22.555 D/RILJ    ( 3918): [2297]> GET_CURRENT_CALLS [SUB0]
12-15 03:44:22.556 E/PhoneProxy( 3918): [PhoneProxy] Error! This handler was not registered for this message type. Message: 9
12-15 03:44:22.556 D/DCT     ( 3918): [0]handleMessage msg={ when=-1s779ms what=270342 obj=android.os.AsyncResult@832b5bc target=com.android.internal.telephony.dataconnection.DcTracker }
12-15 03:44:22.557 D/DCT     ( 3918): [0]onRadioOffOrNotAvailable: is off and clean up all connections
12-15 03:44:22.557 D/DCT     ( 3918): [0]cleanUpAllConnections: tearDown=false reason=radioTurnedOff
12-15 03:44:22.557 E/RILD    ( 4641): IsRegisteredNetworkType(): netType[1]  feature[00] state[0] 
12-15 03:44:22.557 D/DCT     ( 3918): [0]cleanUpConnection: tearDown=false reason=radioTurnedOff apnContext={mApnType=default mState=IDLE mWaitingApns={null} mWaitingApnsPermanentFailureCountDown=0 mApnSetting={null} mReason=radioTurnedOff mDataEnabled=false mDependencyMet=true}
12-15 03:44:22.557 D/GSMPhone( 3918): getDataConnectionState: Data is Out of Service. ret = DISCONNECTED
12-15 03:44:22.557 D/SubscriptionController( 3918): [getSubId]- sSlotIdxToSubId.size == 0, return DummySubIds slotIdx=0
12-15 03:44:22.557 E/RILD    ( 4641): DoRouteIn - FW reqId : 9
12-15 03:44:22.557 E/RILD    ( 4641): Onprocessing: request id(1), handleEvent(100)
12-15 03:44:22.557 E/RILD    ( 4641): Onprocessing: request id(9), handleEvent(100)
12-15 03:44:22.557 E/RILD    ( 4641): Onprocessing: request id(20), handleEvent(100)
12-15 03:44:22.558 D/DCT     ( 3918): [0]isDataAllowed: not allowed due to - Attached= false - SIM not loaded - SIM not loaded and not NV subscription - defaultDataSelected= false
12-15 03:44:22.559 D/SubscriptionController( 3918): [getPhoneId]- invalid subId return=-1
12-15 03:44:22.561 D/DCT     ( 3918): [0]setupDataForSinglePdn: reason = radioTurnedOff isDisconnected = true
12-15 03:44:22.562 D/DCT     ( 3918): [0]isOnlySingleDcAllowed(0): false
12-15 03:44:22.562 D/DCT     ( 3918): [0]cleanUpConnection: X tearDown=false reason=radioTurnedOff apnContext={mApnType=default mState=IDLE mWaitingApns={null} mWaitingApnsPermanentFailureCountDown=0 mApnSetting={null} mReason=radioTurnedOff mDataEnabled=false mDependencyMet=true} dcac=null
12-15 03:44:22.562 D/DCT     ( 3918): [0]cleanUpConnection: tearDown=false reason=radioTurnedOff apnContext={mApnType=mms mState=IDLE mWaitingApns={null} mWaitingApnsPermanentFailureCountDown=0 mApnSetting={null} mReason=radioTurnedOff mDataEnabled=false mDependencyMet=true}
12-15 03:44:22.562 D/GSMPhone( 3918): getDataConnectionState: Data is Out of Service. ret = DISCONNECTED
12-15 03:44:22.562 D/SubscriptionController( 3918): [getSubId]- sSlotIdxToSubId.size == 0, return DummySubIds slotIdx=0
12-15 03:44:22.563 D/DCT     ( 3918): [0]isDataAllowed: not allowed due to - Attached= false - SIM not loaded - SIM not loaded and not NV subscription - defaultDataSelected= false
12-15 03:44:22.564 D/SubscriptionController( 3918): [getPhoneId]- invalid subId return=-1
12-15 03:44:22.566 D/DCT     ( 3918): [0]setupDataForSinglePdn: reason = radioTurnedOff isDisconnected = true
12-15 03:44:22.566 D/DCT     ( 3918): [0]isOnlySingleDcAllowed(0): false
12-15 03:44:22.567 D/DCT     ( 3918): [0]cleanUpConnection: X tearDown=false reason=radioTurnedOff apnContext={mApnType=mms mState=IDLE mWaitingApns={null} mWaitingApnsPermanentFailureCountDown=0 mApnSetting={null} mReason=radioTurnedOff mDataEnabled=false mDependencyMet=true} dcac=null
12-15 03:44:22.567 D/DCT     ( 3918): [0]cleanUpConnection: tearDown=false reason=radioTurnedOff apnContext={mApnType=cbs mState=IDLE mWaitingApns={null} mWaitingApnsPermanentFailureCountDown=0 mApnSetting={null} mReason=radioTurnedOff mDataEnabled=false mDependencyMet=true}
12-15 03:44:22.567 E/RILD    ( 4641): [G] RX: (M)SEC_CMD (S)SEC_SIM_ICC_TYPE (T)NOTI l:8 m:2d a:00 [ 02 ]
12-15 03:44:22.567 D/GSMPhone( 3918): getDataConnectionState: Data is Out of Service. ret = DISCONNECTED
12-15 03:44:22.567 D/SubscriptionController( 3918): [getSubId]- sSlotIdxToSubId.size == 0, return DummySubIds slotIdx=0
12-15 03:44:22.567 E/RILD    ( 4641): SIM-MGR(2): evt(301)
12-15 03:44:22.567 E/RILD    ( 4641): SIM-MGR: status->mSimType(2)
12-15 03:44:22.568 E/RILD    ( 4641): [G] RX: (M)SEC_CMD (S)SEC_PIN_STATUS (T)NOTI l:9 m:2e a:00 [ 00 00 ]
12-15 03:44:22.568 E/RILD    ( 4641): [G] RX: (M)SEC_CMD (S)SEC_PIN_STATUS (T)NOTI l:9 m:2f a:00 [ 82 00 ]
12-15 03:44:22.568 E/RILD    ( 4641): SIM-MGR(2): evt(300)
12-15 03:44:22.568 E/RILD    ( 4641): SIM-MGR(2): evt(300)
12-15 03:44:22.568 E/RILD    ( 4641): status->mSimType 2 
12-15 03:44:22.568 E/RILD    ( 4641): ConvertToSimState: state(2)
12-15 03:44:22.568 E/RILD    ( 4641): SIM-MGR: Notify SIM state changed(2, 2).
12-15 03:44:22.569 E/RILD    ( 4641): OnUnsolicitedResponse: unsolId: 1019
12-15 03:44:22.569 D/DCT     ( 3918): [0]isDataAllowed: not allowed due to - Attached= false - SIM not loaded - SIM not loaded and not NV subscription - defaultDataSelected= false
12-15 03:44:22.569 E/RILD    ( 4641): STK-MGR(7): evt(300)
12-15 03:44:22.569 E/RILD    ( 4641): SMS-MGR(8): evt(1013)
12-15 03:44:22.569 E/RILD    ( 4641): OnSimStateChanged: set Device Ready
12-15 03:44:22.569 E/RILD    ( 4641): [G] TX: (M)SMS_CMD (S)SMS_DEVICE_READY (T)SET l:7 m:8a a:00 [ ]
12-15 03:44:22.569 D/RILJ    ( 3918): [UNSL]< UNSOL_RESPONSE_SIM_STATUS_CHANGED [SUB0]
12-15 03:44:22.569 E/RILD    ( 4641): PB-MGR(13): evt(301)
12-15 03:44:22.569 E/RILD    ( 4641): PB-MGR: SimType (2)
12-15 03:44:22.569 E/RILD    ( 4641): GP-MGR(1): evt(105)
12-15 03:44:22.570 D/SubscriptionController( 3918): [getPhoneId]- invalid subId return=-1
12-15 03:44:22.572 D/DCT     ( 3918): [0]setupDataForSinglePdn: reason = radioTurnedOff isDisconnected = true
12-15 03:44:22.572 D/DCT     ( 3918): [0]isOnlySingleDcAllowed(0): false
12-15 03:44:22.572 D/DCT     ( 3918): [0]cleanUpConnection: X tearDown=false reason=radioTurnedOff apnContext={mApnType=cbs mState=IDLE mWaitingApns={null} mWaitingApnsPermanentFailureCountDown=0 mApnSetting={null} mReason=radioTurnedOff mDataEnabled=false mDependencyMet=true} dcac=null
12-15 03:44:22.572 D/DCT     ( 3918): [0]cleanUpConnection: tearDown=false reason=radioTurnedOff apnContext={mApnType=fota mState=IDLE mWaitingApns={null} mWaitingApnsPermanentFailureCountDown=0 mApnSetting={null} mReason=radioTurnedOff mDataEnabled=false mDependencyMet=true}
12-15 03:44:22.573 D/GSMPhone( 3918): getDataConnectionState: Data is Out of Service. ret = DISCONNECTED
12-15 03:44:22.573 D/SubscriptionController( 3918): [getSubId]- sSlotIdxToSubId.size == 0, return DummySubIds slotIdx=0
12-15 03:44:22.573 D/DCT     ( 3918): [0]isDataAllowed: not allowed due to - Attached= false - SIM not loaded - SIM not loaded and not NV subscription - defaultDataSelected= false
12-15 03:44:22.575 D/SubscriptionController( 3918): [getPhoneId]- invalid subId return=-1
12-15 03:44:22.576 E/RILD    ( 4641): [G] RX: (M)GEN_CMD (S)GEN_PHONE_RES (T)RESP l:c m:30 a:86 [ 04 07 03 00 80 ]
12-15 03:44:22.576 E/RILD    ( 4641): IpcProtocol41 GR: 0x8000
12-15 03:44:22.576 E/RILD    ( 4641): IpcProtocol GR: 0x8000
12-15 03:44:22.576 E/RILD    ( 4641): ProcessSingleIpcMessageReceived() - There is no IpcHistoryRecord
12-15 03:44:22.576 E/RILD    ( 4641): [G] RX: (M)SMS_CMD (S)SMS_DEVICE_READY (T)NOTI l:8 m:31 a:00 [ 02 ]
12-15 03:44:22.577 D/DCT     ( 3918): [0]setupDataForSinglePdn: reason = radioTurnedOff isDisconnected = true
12-15 03:44:22.577 E/RILD    ( 4641): [G] RX: (M)SMS_CMD (S)SMS_MEM_STATUS (T)NOTI l:9 m:32 a:00 [ 02 01 ]
12-15 03:44:22.577 D/DCT     ( 3918): [0]isOnlySingleDcAllowed(0): false
12-15 03:44:22.577 D/DCT     ( 3918): [0]cleanUpConnection: X tearDown=false reason=radioTurnedOff apnContext={mApnType=fota mState=IDLE mWaitingApns={null} mWaitingApnsPermanentFailureCountDown=0 mApnSetting={null} mReason=radioTurnedOff mDataEnabled=false mDependencyMet=true} dcac=null
12-15 03:44:22.577 E/RILD    ( 4641): [G] RX: (M)SEC_CMD (S)SEC_PIN_STATUS (T)RESP l:9 m:33 a:88 [ 00 00 ]
12-15 03:44:22.578 D/DCT     ( 3918): [0]cleanUpConnection: tearDown=false reason=radioTurnedOff apnContext={mApnType=supl mState=IDLE mWaitingApns={null} mWaitingApnsPermanentFailureCountDown=0 mApnSetting={null} mReason=radioTurnedOff mDataEnabled=false mDependencyMet=true}
12-15 03:44:22.578 D/GSMPhone( 3918): getDataConnectionState: Data is Out of Service. ret = DISCONNECTED
12-15 03:44:22.578 D/SubscriptionController( 3918): [getSubId]- sSlotIdxToSubId.size == 0, return DummySubIds slotIdx=0
12-15 03:44:22.578 E/RILD    ( 4641): [G] RX: (M)CALL_CMD (S)CALL_LIST (T)RESP l:8 m:34 a:89 [ 00 ]
12-15 03:44:22.578 E/RILD    ( 4641): [G] RX: (M)GEN_CMD (S)GEN_PHONE_RES (T)RESP l:c m:35 a:8a [ 04 07 03 00 80 ]
12-15 03:44:22.578 E/RILD    ( 4641): IpcProtocol41 GR: 0x8000
12-15 03:44:22.578 E/RILD    ( 4641): IpcProtocol GR: 0x8000
12-15 03:44:22.578 E/RILD    ( 4641): ProcessSingleIpcMessageReceived() - There is no IpcHistoryRecord
12-15 03:44:22.578 E/RILD    ( 4641): [G] RX: (M)SMS_CMD (S)SMS_DEVICE_READY (T)NOTI l:8 m:36 a:00 [ 02 ]
12-15 03:44:22.579 E/RILD    ( 4641): SIM-MGR(2): evt(200)
12-15 03:44:22.579 E/RILD    ( 4641): [G] RX: (M)SMS_CMD (S)SMS_MEM_STATUS (T)NOTI l:9 m:37 a:00 [ 02 01 ]
12-15 03:44:22.579 E/RILD    ( 4641): Not support read boot param (ro.carrierid.param.offset)
12-15 03:44:22.579 E/RILD    ( 4641): skip checking manufacture sales code
12-15 03:44:22.579 E/RILD    ( 4641): status->mSimType 2 
12-15 03:44:22.579 D/DCT     ( 3918): [0]isDataAllowed: not allowed due to - Attached= false - SIM not loaded - SIM not loaded and not NV subscription - defaultDataSelected= false
12-15 03:44:22.579 E/RILD    ( 4641): ConvertToSimState: state(2)
12-15 03:44:22.579 E/RILD    ( 4641): SIM-MGR: Notify SIM state changed(2, 2).
12-15 03:44:22.579 E/RILD    ( 4641): OnUnsolicitedResponse: unsolId: 1019
12-15 03:44:22.579 E/RILD    ( 4641): [G] TX: (M)SEC_CMD (S)IPC_SEC_SIMAPPS_INFO (T)GET l:7 m:8b a:00 [ ]
12-15 03:44:22.579 E/RILD    ( 4641): GC-MGR(4): evt(101)
12-15 03:44:22.579 E/RILD    ( 4641): OnGetCurrentCallsDone(): E911 progress: 2, isE911inCallList: 0, RAT: 0
12-15 03:44:22.579 E/RILD    ( 4641): OnGetCurrentCallsDone() - CallList is not changed (Count: 0)
12-15 03:44:22.580 E/RILD    ( 4641): GC-MGR::OnGetCurrentCallsDone(): prevVolteCallsCnt 0, mVoLteCallList->mCount 0
12-15 03:44:22.580 E/RILD    ( 4641): STK-MGR(7): evt(300)
12-15 03:44:22.580 E/RILD    ( 4641): Onprocessing: request id(1), handleEvent(100)
12-15 03:44:22.580 E/RILD    ( 4641): SMS-MGR(8): evt(1002)
12-15 03:44:22.580 E/RILD    ( 4641): DoRouteOut - FW reqId : 9
12-15 03:44:22.580 E/RILD    ( 4641): OnUnsolicitedResponse: unsolId: 11008
12-15 03:44:22.580 D/RILC    ( 4641): SAMSUNG: unsolResponse=11008, unsolResponseIndex=8
12-15 03:44:22.580 E/RILD    ( 4641): Onprocessing: request id(9), handleEvent(100)
12-15 03:44:22.580 E/RILD    ( 4641): Onprocessing: request id(20), handleEvent(100)
12-15 03:44:22.580 D/SubscriptionController( 3918): [getPhoneId]- invalid subId return=-1
12-15 03:44:22.580 E/RILD    ( 4641): PB-MGR(13): evt(301)
12-15 03:44:22.580 E/RILD    ( 4641): PB-MGR: SimType (2)
12-15 03:44:22.580 E/RILD    ( 4641): Onprocessing: request id(1), handleEvent(100)
12-15 03:44:22.580 E/RILD    ( 4641): Onprocessing: request id(9), handleEvent(100)
12-15 03:44:22.580 E/RILD    ( 4641): GP-MGR(1): evt(105)
12-15 03:44:22.580 E/RILD    ( 4641): Onprocessing: request id(20), handleEvent(100)
12-15 03:44:22.580 E/RILD    ( 4641): GC-MGR(4): evt(100)
12-15 03:44:22.580 E/RILD    ( 4641): DoGetCurrentCalls():
12-15 03:44:22.580 E/RILD    ( 4641): Onprocessing: request id(1010), handleEvent(110)
12-15 03:44:22.580 E/RILD    ( 4641): IpcProtocol41::IpcTxCallGetCallList
12-15 03:44:22.580 E/RILD    ( 4641): [G] TX: (M)CALL_CMD (S)CALL_LIST (T)GET l:7 m:8c a:00 [ ]
12-15 03:44:22.580 E/RILD    ( 4641): SMS-MGR(8): evt(1015)
12-15 03:44:22.580 E/RILD    ( 4641): SMS-MGR(8): evt(1002)
12-15 03:44:22.581 E/RILD    ( 4641): OnUnsolicitedResponse: unsolId: 11008
12-15 03:44:22.581 D/RILC    ( 4641): SAMSUNG: unsolResponse=11008, unsolResponseIndex=8
12-15 03:44:22.581 E/RILD    ( 4641): Onprocessing: request id(1), handleEvent(100)
12-15 03:44:22.581 E/RILD    ( 4641): Onprocessing: request id(9), handleEvent(100)
12-15 03:44:22.581 E/RILD    ( 4641): Onprocessing: request id(20), handleEvent(100)
12-15 03:44:22.581 E/RILD    ( 4641): Onprocessing: request id(1010), handleEvent(110)
12-15 03:44:22.581 E/RILD    ( 4641): SMS-MGR(8): evt(1015)
12-15 03:44:22.581 E/RILD    ( 4641): SMS-MGR(8): evt(1013)
12-15 03:44:22.581 E/RILD    ( 4641): OnSimStateChanged: set Device Ready
12-15 03:44:22.581 E/RILD    ( 4641): [G] TX: (M)SMS_CMD (S)SMS_DEVICE_READY (T)SET l:7 m:8d a:00 [ ]
12-15 03:44:22.581 E/RILD    ( 4641): SMS-MGR(8): evt(110)
12-15 03:44:22.581 E/RILD    ( 4641): DoGetSmscAddress():__
12-15 03:44:22.581 E/RILD    ( 4641): [G] TX: (M)SMS_CMD (S)SMS_SVC_CENTER_ADDR (T)GET l:7 m:8e a:00 [ ]
12-15 03:44:22.582 D/RILJ    ( 3918): [UNSL]< UNSOL_RESPONSE_SIM_STATUS_CHANGED [SUB0]
12-15 03:44:22.583 D/RILJ    ( 3918): [2288]< GET_CURRENT_CALLS {} [SUB0]
12-15 03:44:22.583 D/DCT     ( 3918): [0]setupDataForSinglePdn: reason = radioTurnedOff isDisconnected = true
12-15 03:44:22.583 D/DCT     ( 3918): [0]isOnlySingleDcAllowed(0): false
12-15 03:44:22.583 D/DCT     ( 3918): [0]cleanUpConnection: X tearDown=false reason=radioTurnedOff apnContext={mApnType=supl mState=IDLE mWaitingApns={null} mWaitingApnsPermanentFailureCountDown=0 mApnSetting={null} mReason=radioTurnedOff mDataEnabled=false mDependencyMet=true} dcac=null
12-15 03:44:22.583 D/DCT     ( 3918): [0]cleanUpConnection: tearDown=false reason=radioTurnedOff apnContext={mApnType=ia mState=IDLE mWaitingApns={null} mWaitingApnsPermanentFailureCountDown=0 mApnSetting={null} mReason=radioTurnedOff mDataEnabled=false mDependencyMet=true}
12-15 03:44:22.583 D/GSMPhone( 3918): getDataConnectionState: Data is Out of Service. ret = DISCONNECTED
12-15 03:44:22.583 D/SubscriptionController( 3918): [getSubId]- sSlotIdxToSubId.size == 0, return DummySubIds slotIdx=0
12-15 03:44:22.583 E/RILJ    ( 3918): Exception processing unsol response: 11008Exception:java.lang.RuntimeException: Unrecognized unsol response: 11008
12-15 03:44:22.583 E/RILJ    ( 3918): Exception processing unsol response: 11008Exception:java.lang.RuntimeException: Unrecognized unsol response: 11008
12-15 03:44:22.584 E/RILD    ( 4641): [G] RX: (M)CALL_CMD (S)CALL_LIST (T)RESP l:8 m:38 a:8c [ 00 ]
12-15 03:44:22.584 E/RILD    ( 4641): GC-MGR(4): evt(101)
12-15 03:44:22.585 E/RILD    ( 4641): [G] RX: (M)GEN_CMD (S)GEN_PHONE_RES (T)RESP l:c m:39 a:8d [ 04 07 03 00 80 ]
12-15 03:44:22.585 E/RILD    ( 4641): OnGetCurrentCallsDone(): E911 progress: 2, isE911inCallList: 0, RAT: 0
12-15 03:44:22.585 E/RILD    ( 4641): IpcProtocol41 GR: 0x8000
12-15 03:44:22.585 E/RILD    ( 4641): OnGetCurrentCallsDone() - CallList is not changed (Count: 0)
12-15 03:44:22.585 E/RILD    ( 4641): IpcProtocol GR: 0x8000
12-15 03:44:22.585 E/RILD    ( 4641): ProcessSingleIpcMessageReceived() - There is no IpcHistoryRecord
12-15 03:44:22.585 E/RILD    ( 4641): GC-MGR::OnGetCurrentCallsDone(): prevVolteCallsCnt 0, mVoLteCallList->mCount 0
12-15 03:44:22.585 E/RILD    ( 4641): Onprocessing: request id(1), handleEvent(100)
12-15 03:44:22.585 E/RILD    ( 4641): [G] RX: (M)SMS_CMD (S)SMS_DEVICE_READY (T)NOTI l:8 m:3a a:00 [ 02 ]
12-15 03:44:22.585 E/RILD    ( 4641): Onprocessing: request id(20), handleEvent(100)
12-15 03:44:22.585 E/RILD    ( 4641): Onprocessing: request id(1010), handleEvent(110)
12-15 03:44:22.585 E/RILD    ( 4641): SMS-MGR(8): evt(1002)
12-15 03:44:22.585 E/RILD    ( 4641): OnUnsolicitedResponse: unsolId: 11008
12-15 03:44:22.585 D/RILC    ( 4641): SAMSUNG: unsolResponse=11008, unsolResponseIndex=8
12-15 03:44:22.586 E/RILD    ( 4641): Onprocessing: request id(1), handleEvent(100)
12-15 03:44:22.586 D/RILJ    ( 3918): [2297]< GET_CURRENT_CALLS {} [SUB0]
12-15 03:44:22.586 E/RILD    ( 4641): Onprocessing: request id(20), handleEvent(100)
12-15 03:44:22.586 E/RILD    ( 4641): Onprocessing: request id(1010), handleEvent(110)
12-15 03:44:22.586 D/DCT     ( 3918): [0]isDataAllowed: not allowed due to - Attached= false - SIM not loaded - SIM not loaded and not NV subscription - defaultDataSelected= false
12-15 03:44:22.586 E/RILD    ( 4641): [G] RX: (M)SMS_CMD (S)SMS_MEM_STATUS (T)NOTI l:9 m:3b a:00 [ 02 01 ]
12-15 03:44:22.586 E/RILJ    ( 3918): Exception processing unsol response: 11008Exception:java.lang.RuntimeException: Unrecognized unsol response: 11008
12-15 03:44:22.586 E/RILD    ( 4641): SMS-MGR(8): evt(1015)
12-15 03:44:22.587 D/SubscriptionController( 3918): [getPhoneId]- invalid subId return=-1
12-15 03:44:22.589 D/DCT     ( 3918): [0]setupDataForSinglePdn: reason = radioTurnedOff isDisconnected = true
12-15 03:44:22.589 D/DCT     ( 3918): [0]isOnlySingleDcAllowed(0): false
12-15 03:44:22.589 D/DCT     ( 3918): [0]cleanUpConnection: X tearDown=false reason=radioTurnedOff apnContext={mApnType=ia mState=IDLE mWaitingApns={null} mWaitingApnsPermanentFailureCountDown=0 mApnSetting={null} mReason=radioTurnedOff mDataEnabled=false mDependencyMet=true} dcac=null
12-15 03:44:22.590 D/DCT     ( 3918): [0]cleanUpConnection: tearDown=false reason=radioTurnedOff apnContext={mApnType=emergency mState=IDLE mWaitingApns={null} mWaitingApnsPermanentFailureCountDown=0 mApnSetting={null} mReason=radioTurnedOff mDataEnabled=false mDependencyMet=true}
12-15 03:44:22.590 D/SubscriptionController( 3918): [getSubId]- sSlotIdxToSubId.size == 0, return DummySubIds slotIdx=0
12-15 03:44:22.591 D/SubscriptionController( 3918): [getPhoneId]- invalid subId return=-1
12-15 03:44:22.591 E/RILD    ( 4641): [G] RX: (M)NET_CMD (S)NET_REGIST (T)RESP l:1a m:3c a:87 [ 04 02 01 00 00 00 00 00 00 00 00 FE FF 02 02 00 FF FF 00 ]
12-15 03:44:22.591 E/RILD    ( 4641): IpcProtocol41::IpcRxNetRegState() lte no service feature turn off
12-15 03:44:22.591 E/RILD    ( 4641): GLNET-MGR(3): evt(101)
12-15 03:44:22.592 E/RILD    ( 4641): GNET-MGR: EVENT_VOICE_NET_REG_STATE_DONE
12-15 03:44:22.592 E/RILD    ( 4641): [G] RX: (M)SEC_CMD (S)IPC_SEC_SIMAPPS_INFO (T)RESP l:20 m:3d a:8b [ 01 00 10 A0 00 00 00 87 10 02 FF 47 F0 01 89 00 00 01 FF 00 03 03 03 0A 0A ]
12-15 03:44:22.593 E/RILD    ( 4641): Onprocessing: request id(1), handleEvent(100)
12-15 03:44:22.593 E/RILD    ( 4641): Can't open Hall IC Node. OnVoiceNetRegStateDone() Permission denied.
12-15 03:44:22.594 E/RILD    ( 4641): DoRouteOut - FW reqId : 45
12-15 03:44:22.594 E/RILD    ( 4641): SIM-MGR(2): evt(216)
12-15 03:44:22.594 E/RILD    ( 4641): Onprocessing: request id(45), handleEvent(118)
12-15 03:44:22.594 E/RILD    ( 4641): Onprocessing: request id(1010), handleEvent(110)
12-15 03:44:22.594 E/RILD    ( 4641): GLNET-MGR(3): evt(118)
12-15 03:44:22.594 E/RILD    ( 4641): DoGetNetSelectionMode():
12-15 03:44:22.594 D/DCT     ( 3918): [0]setupDataForSinglePdn: reason = radioTurnedOff isDisconnected = true
12-15 03:44:22.594 E/RILD    ( 4641): IpcProtocol41::IpcTxNetGetNetSelectionMode()
12-15 03:44:22.594 E/RILD    ( 4641): [G] TX: (M)NET_CMD (S)NET_PLMN_SEL (T)GET l:7 m:8f a:00 [ ]
12-15 03:44:22.594 D/DCT     ( 3918): [0]isOnlySingleDcAllowed(0): false
12-15 03:44:22.594 D/DCT     ( 3918): [0]cleanUpConnection: X tearDown=false reason=radioTurnedOff apnContext={mApnType=emergency mState=IDLE mWaitingApns={null} mWaitingApnsPermanentFailureCountDown=0 mApnSetting={null} mReason=radioTurnedOff mDataEnabled=false mDependencyMet=true} dcac=null
12-15 03:44:22.594 E/RILD    ( 4641): DoRouteOut - FW reqId : 1
12-15 03:44:22.594 D/DCT     ( 3918): [0]cleanUpConnection: tearDown=false reason=radioTurnedOff apnContext={mApnType=dun mState=IDLE mWaitingApns={null} mWaitingApnsPermanentFailureCountDown=0 mApnSetting={null} mReason=radioTurnedOff mDataEnabled=false mDependencyMet=true}
12-15 03:44:22.594 E/RILD    ( 4641): Onprocessing: request id(1), handleEvent(100)
12-15 03:44:22.595 D/GSMPhone( 3918): getDataConnectionState: Data is Out of Service. ret = DISCONNECTED
12-15 03:44:22.595 E/RILD    ( 4641): SIM-MGR(2): evt(100)
12-15 03:44:22.595 E/RILD    ( 4641): Onprocessing: request id(45), handleEvent(118)
12-15 03:44:22.595 E/RILD    ( 4641): Onprocessing: request id(1010), handleEvent(110)
12-15 03:44:22.595 D/SubscriptionController( 3918): [getSubId]- sSlotIdxToSubId.size == 0, return DummySubIds slotIdx=0
12-15 03:44:22.595 E/RILD    ( 4641): [G] TX: (M)SEC_CMD (S)SEC_PIN_STATUS (T)GET l:7 m:90 a:00 [ ]
12-15 03:44:22.595 D/RILJ    ( 3918): [2285]< VOICE_REGISTRATION_STATE {0, 0000, 00000000, 3, null, null, 2147483647, 2147483647, 2147483647, 2147483647, null, null, null, null, null, 2, 2, 0} [SUB0]
12-15 03:44:22.596 D/DCT     ( 3918): [0]isDataAllowed: not allowed due to - Attached= false - SIM not loaded - SIM not loaded and not NV subscription - defaultDataSelected= false
12-15 03:44:22.596 D/RILJ    ( 3918): [2287]< GET_SIM_STATUS IccCardState {CARDSTATE_PRESENT,PINSTATE_UNKNOWN,num_apps=3,gsm_id=0{APPTYPE_USIM,APPSTATE_READY,pin1=PINSTATE_ENABLED_VERIFIED,pin2=PINSTATE_UNKNOWN},cdma_id=1{APPTYPE_CSIM,APPSTATE_READY,pin1=PINSTATE_ENABLED_VERIFIED,pin2=PINSTATE_UNKNOWN},ims_id=2{APPTYPE_ISIM,APPSTATE_READY,pin1=PINSTATE_ENABLED_VERIFIED,pin2=PINSTATE_UNKNOWN}} [SUB0]
12-15 03:44:22.597 D/SubscriptionController( 3918): [getPhoneId]- invalid subId return=-1
12-15 03:44:22.598 E/RILD    ( 4641): [G] RX: (M)SEC_CMD (S)SEC_PIN_STATUS (T)RESP l:9 m:3e a:90 [ 00 00 ]
12-15 03:44:22.599 E/RILD    ( 4641): [G] RX: (M)NET_CMD (S)NET_PLMN_SEL (T)RESP l:8 m:3f a:8f [ 02 ]
12-15 03:44:22.599 E/RILD    ( 4641): SIM-MGR(2): evt(200)
12-15 03:44:22.599 E/RILD    ( 4641): Not support read boot param (ro.carrierid.param.offset)
12-15 03:44:22.599 E/RILD    ( 4641): skip checking manufacture sales code
12-15 03:44:22.599 E/RILD    ( 4641): [G] TX: (M)SEC_CMD (S)IPC_SEC_SIMAPPS_INFO (T)GET l:7 m:91 a:00 [ ]
12-15 03:44:22.599 E/RILD    ( 4641): GLNET-MGR(3): evt(119)
12-15 03:44:22.599 E/RILD    ( 4641): NET-MGR: EVENT_GET_NETWORK_SELECTION_MODE_DONE
12-15 03:44:22.600 E/RILD    ( 4641): Onprocessing: request id(1), handleEvent(100)
12-15 03:44:22.600 E/RILD    ( 4641): DoRouteOut - FW reqId : 108
12-15 03:44:22.600 D/RILJ    ( 3918): [2286]< QUERY_NETWORK_SELECTION_MODE {0} [SUB0]
12-15 03:44:22.600 E/RILD    ( 4641): Onprocessing: request id(108), handleEvent(141)
12-15 03:44:22.600 E/RILD    ( 4641): Onprocessing: request id(1010), handleEvent(110)
12-15 03:44:22.600 E/RILD    ( 4641): GLNET-MGR(3): evt(141)
12-15 03:44:22.600 E/RILD    ( 4641): NET-MGR: EVENT_VOICE_RADIO_TECH
12-15 03:44:22.600 E/RILD    ( 4641): BuildVoiceRadioTechResponse: tech(3)
12-15 03:44:22.600 E/RILD    ( 4641): Onprocessing: request id(1), handleEvent(100)
12-15 03:44:22.600 E/RILD    ( 4641): DoRouteOut - FW reqId : 22
12-15 03:44:22.600 D/RILJ    ( 3918): [2289]< RIL_REQUEST_VOICE_RADIO_TECH {3} [SUB0]
12-15 03:44:22.600 E/RILD    ( 4641): Onprocessing: request id(22), handleEvent(108)
12-15 03:44:22.600 E/RILD    ( 4641): Onprocessing: request id(1010), handleEvent(110)
12-15 03:44:22.601 E/RILD    ( 4641): GLNET-MGR(3): evt(108)
12-15 03:44:22.601 E/RILD    ( 4641): DoOperator():
12-15 03:44:22.601 E/RILD    ( 4641): IsRegisteredNetworkType(): netType[1]  feature[00] state[0] 
12-15 03:44:22.601 D/DCT     ( 3918): [0]setupDataForSinglePdn: reason = radioTurnedOff isDisconnected = true
12-15 03:44:22.601 E/RILD    ( 4641): IpcProtocol41::IpcTxNetGetOperator()
12-15 03:44:22.601 E/RILD    ( 4641): [G] TX: (M)NET_CMD (S)NET_SERVING_NETWORK (T)GET l:7 m:92 a:00 [ ]
12-15 03:44:22.601 D/DCT     ( 3918): [0]isOnlySingleDcAllowed(0): false
12-15 03:44:22.601 D/DCT     ( 3918): [0]cleanUpConnection: X tearDown=false reason=radioTurnedOff apnContext={mApnType=dun mState=IDLE mWaitingApns={null} mWaitingApnsPermanentFailureCountDown=0 mApnSetting={null} mReason=radioTurnedOff mDataEnabled=false mDependencyMet=true} dcac=null
12-15 03:44:22.601 D/DCT     ( 3918): [0]cleanUpConnection: tearDown=false reason=radioTurnedOff apnContext={mApnType=hipri mState=IDLE mWaitingApns={null} mWaitingApnsPermanentFailureCountDown=0 mApnSetting={null} mReason=radioTurnedOff mDataEnabled=false mDependencyMet=true}
12-15 03:44:22.601 D/GSMPhone( 3918): getDataConnectionState: Data is Out of Service. ret = DISCONNECTED
12-15 03:44:22.601 D/SubscriptionController( 3918): [getSubId]- sSlotIdxToSubId.size == 0, return DummySubIds slotIdx=0
12-15 03:44:22.602 D/DCT     ( 3918): [0]isDataAllowed: not allowed due to - Attached= false - SIM not loaded - SIM not loaded and not NV subscription - defaultDataSelected= false
12-15 03:44:22.603 D/SubscriptionController( 3918): [getPhoneId]- invalid subId return=-1
12-15 03:44:22.606 D/DCT     ( 3918): [0]setupDataForSinglePdn: reason = radioTurnedOff isDisconnected = true
12-15 03:44:22.606 D/DCT     ( 3918): [0]isOnlySingleDcAllowed(0): false
12-15 03:44:22.606 D/DCT     ( 3918): [0]cleanUpConnection: X tearDown=false reason=radioTurnedOff apnContext={mApnType=hipri mState=IDLE mWaitingApns={null} mWaitingApnsPermanentFailureCountDown=0 mApnSetting={null} mReason=radioTurnedOff mDataEnabled=false mDependencyMet=true} dcac=null
12-15 03:44:22.606 D/DCT     ( 3918): [0]cleanUpConnection: tearDown=false reason=radioTurnedOff apnContext={mApnType=ims mState=IDLE mWaitingApns={null} mWaitingApnsPermanentFailureCountDown=0 mApnSetting={null} mReason=radioTurnedOff mDataEnabled=false mDependencyMet=true}
12-15 03:44:22.606 D/GSMPhone( 3918): getDataConnectionState: Data is Out of Service. ret = DISCONNECTED
12-15 03:44:22.606 D/SubscriptionController( 3918): [getSubId]- sSlotIdxToSubId.size == 0, return DummySubIds slotIdx=0
12-15 03:44:22.607 D/DCT     ( 3918): [0]isDataAllowed: not allowed due to - Attached= false - SIM not loaded - SIM not loaded and not NV subscription - defaultDataSelected= false
12-15 03:44:22.608 D/SubscriptionController( 3918): [getPhoneId]- invalid subId return=-1
12-15 03:44:22.610 D/DCT     ( 3918): [0]setupDataForSinglePdn: reason = radioTurnedOff isDisconnected = true
12-15 03:44:22.610 D/DCT     ( 3918): [0]isOnlySingleDcAllowed(0): false
12-15 03:44:22.611 D/DCT     ( 3918): [0]cleanUpConnection: X tearDown=false reason=radioTurnedOff apnContext={mApnType=ims mState=IDLE mWaitingApns={null} mWaitingApnsPermanentFailureCountDown=0 mApnSetting={null} mReason=radioTurnedOff mDataEnabled=false mDependencyMet=true} dcac=null
12-15 03:44:22.611 D/DCT     ( 3918): [0]stopNetStatPoll
12-15 03:44:22.611 E/RILD    ( 4641): [G] RX: (M)SMS_CMD (S)SMS_SVC_CENTER_ADDR (T)RESP l:13 m:40 a:8e [ 07 91 45 11 15 47 00 55 00 00 00 00 ]
12-15 03:44:22.611 D/SubscriptionController( 3918): [getSubId]- sSlotIdxToSubId.size == 0, return DummySubIds slotIdx=0
12-15 03:44:22.611 E/RILD    ( 4641): SMS-MGR(8): evt(1009)
12-15 03:44:22.611 E/RILD    ( 4641): OnGetSmscAddressDone():__
12-15 03:44:22.612 E/RILD    ( 4641): SMSC: 541151740055
12-15 03:44:22.612 E/RILD    ( 4641): [G] RX: (M)NET_CMD (S)NET_SERVING_NETWORK (T)RESP l:21 m:41 a:92 [ 02 01 04 30 30 30 30 30 30 00 00 00 00 00 00 00 FE FF 00 00 00 00 00 00 FF FF ]
12-15 03:44:22.612 E/RILD    ( 4641): Onprocessing: request id(1), handleEvent(100)
12-15 03:44:22.612 E/RILD    ( 4641): Onprocessing: request id(22), handleEvent(108)
12-15 03:44:22.612 E/RILD    ( 4641): GLNET-MGR(3): evt(109)
12-15 03:44:22.612 E/RILD    ( 4641): Onprocessing: request id(1010), handleEvent(110)
12-15 03:44:22.612 E/RILD    ( 4641): GNET-MGR: EVENT_OPERATOR_DONE
12-15 03:44:22.612 E/RILD    ( 4641): SMS-MGR(8): evt(110)
12-15 03:44:22.612 E/RILD    ( 4641): Onprocessing: request id(1), handleEvent(100)
12-15 03:44:22.612 E/RILD    ( 4641): DoGetSmscAddress():__
12-15 03:44:22.612 E/RILD    ( 4641): DoRouteOut - FW reqId : 21
12-15 03:44:22.612 E/RILD    ( 4641): Onprocessing: request id(21), handleEvent(102)
12-15 03:44:22.612 E/RILD    ( 4641): [G] TX: (M)SMS_CMD (S)SMS_SVC_CENTER_ADDR (T)GET l:7 m:93 a:00 [ ]
12-15 03:44:22.612 E/RILD    ( 4641): Onprocessing: request id(1010), handleEvent(110)
12-15 03:44:22.612 E/RILD    ( 4641): GLNET-MGR(3): evt(102)
12-15 03:44:22.612 D/RILJ    ( 3918): [2293]< OPERATOR {null, null, null, null} [SUB0]
12-15 03:44:22.612 E/RILD    ( 4641): DoDataNetRegState():
12-15 03:44:22.612 E/RILD    ( 4641): IpcProtocol41::IpcTxNetGetDataRegState()
12-15 03:44:22.612 E/RILD    ( 4641): [G] TX: (M)NET_CMD (S)NET_REGIST (T)GET l:9 m:94 a:00 [ FF 03 ]
12-15 03:44:22.612 D/DCT     ( 3918): [0]cleanUpConnection: mDisconnectPendingCount = 0
12-15 03:44:22.613 D/SubscriptionController( 3918): [getSubId]- sSlotIdxToSubId.size == 0, return DummySubIds slotIdx=0
12-15 03:44:22.613 D/DCT     ( 3918): [0]isDataAllowed: not allowed due to - Attached= false - SIM not loaded - SIM not loaded and not NV subscription - defaultDataSelected= false
12-15 03:44:22.614 D/SubscriptionController( 3918): [getPhoneId]- invalid subId return=-1
12-15 03:44:22.617 D/SubscriptionController( 3918): [getSubId]- sSlotIdxToSubId.size == 0, return DummySubIds slotIdx=0
12-15 03:44:22.617 E/RILD    ( 4641): [G] RX: (M)NET_CMD (S)NET_REGIST (T)RESP l:1a m:42 a:94 [ 04 03 01 00 00 00 00 00 00 00 00 FE FF 02 02 00 FF FF 00 ]
12-15 03:44:22.617 E/RILD    ( 4641): IpcProtocol41::IpcRxNetRegState() lte no service feature turn off
12-15 03:44:22.618 E/RILD    ( 4641): GLNET-MGR(3): evt(103)
12-15 03:44:22.618 E/RILD    ( 4641): NET-MGR: EVENT_DATA_NET_REG_STATE_DONE
12-15 03:44:22.618 E/RILD    ( 4641): [G] RX: (M)SEC_CMD (S)IPC_SEC_SIMAPPS_INFO (T)RESP l:20 m:43 a:91 [ 01 00 10 A0 00 00 00 87 10 02 FF 47 F0 01 89 00 00 01 FF 00 03 03 03 0A 0A ]
12-15 03:44:22.619 D/DCT     ( 3918): [0]isDataAllowed: not allowed due to - Attached= false - SIM not loaded - SIM not loaded and not NV subscription - defaultDataSelected= false
12-15 03:44:22.619 E/RILD    ( 4641): UpdateLteVoiceSupportProperty(): ltevoicesupport_0 property set to 2 , ecsupport set to 2
12-15 03:44:22.619 E/RILD    ( 4641): it was rat 3 but it will be unknown owing to no service
12-15 03:44:22.620 E/RILD    ( 4641): Onprocessing: request id(1), handleEvent(100)
12-15 03:44:22.620 E/RILD    ( 4641): DoRouteOut - FW reqId : 20
12-15 03:44:22.620 E/RILD    ( 4641): Onprocessing: request id(20), handleEvent(100)
12-15 03:44:22.620 E/RILD    ( 4641): Onprocessing: request id(1010), handleEvent(110)
12-15 03:44:22.620 E/RILJ    ( 3918): Uncaught exception read length=152Exception:java.lang.NumberFormatException: Invalid int: "0xfffe"
12-15 03:44:22.620 I/RILJ    ( 3918): (0) Disconnected from 'rild' socket
12-15 03:44:22.621 D/SubscriptionController( 3918): [getPhoneId]- invalid subId return=-1
12-15 03:44:22.621 E/RILD    ( 4641): SIM-MGR(2): evt(216)
12-15 03:44:22.621 E/RILD    ( 4641): GLNET-MGR(3): evt(100)
12-15 03:44:22.621 E/RILD    ( 4641): DoVoiceNetRegState():
12-15 03:44:22.621 E/RILD    ( 4641): IsRegisteredNetworkType(): netType[1]  feature[00] state[0] 
12-15 03:44:22.621 E/RILD    ( 4641): IpcProtocol41::IpcTxNetGetVoiceRegState()
12-15 03:44:22.621 E/RILD    ( 4641): [G] TX: (M)NET_CMD (S)NET_REGIST (T)GET l:9 m:95 a:00 [ FF 02 ]
12-15 03:44:22.621 E/RILC    ( 4641): error on reading command socket errno:104
12-15 03:44:22.621 E/RILD    ( 4641): Onprocessing: request id(20), handleEvent(100)
12-15 03:44:22.621 D/RilRequest( 3918): [2292]< GET_SIM_STATUS error: com.android.internal.telephony.CommandException: RADIO_NOT_AVAILABLE ret=
12-15 03:44:22.622 E/RILD    ( 4641): Onprocessing: request id(1010), handleEvent(110)
12-15 03:44:22.622 D/RilRequest( 3918): [2295]< VOICE_REGISTRATION_STATE error: com.android.internal.telephony.CommandException: RADIO_NOT_AVAILABLE ret=
12-15 03:44:22.622 D/RilRequest( 3918): [2296]< QUERY_NETWORK_SELECTION_MODE error: com.android.internal.telephony.CommandException: RADIO_NOT_AVAILABLE ret=
12-15 03:44:22.623 I/RILJ    ( 3918): (0) Connected to 'rild' socket
12-15 03:44:22.623 I/RILC    ( 4641): libril: new connection to RIL_SOCKET_1
12-15 03:44:22.623 I/RILC    ( 4641): RIL Daemon version: Samsung RIL v3.0
12-15 03:44:22.623 D/RILJ    ( 3918): [7370]> RADIO_POWER off [SUB0]
12-15 03:44:22.624 D/SubscriptionController( 3918): [getSubId]- sSlotIdxToSubId.size == 0, return DummySubIds slotIdx=0
