12-15 02:27:48.477 D/DCT     ( 3994): [0]setupDataOnConnectableApns: apnContext {mApnType=fota mState=IDLE mWaitingApns={null} mWaitingApnsPermanentFailureCountDown=0 mApnSetting={null} mReason=radioTurnedOff mDataEnabled=false mDependencyMet=true}
12-15 02:27:48.477 D/DCT     ( 3994): [0]setupDataOnConnectableApns: apnContext {mApnType=ims mState=IDLE mWaitingApns={null} mWaitingApnsPermanentFailureCountDown=0 mApnSetting={null} mReason=radioTurnedOff mDataEnabled=false mDependencyMet=true}
12-15 02:27:48.477 D/DCT     ( 3994): [0]setupDataOnConnectableApns: apnContext {mApnType=default mState=IDLE mWaitingApns={null} mWaitingApnsPermanentFailureCountDown=0 mApnSetting={null} mReason=radioTurnedOff mDataEnabled=false mDependencyMet=true}
12-15 02:27:48.477 D/DCT     ( 3994): [0]setupDataOnConnectableApns: apnContext {mApnType=ia mState=IDLE mWaitingApns={null} mWaitingApnsPermanentFailureCountDown=0 mApnSetting={null} mReason=radioTurnedOff mDataEnabled=false mDependencyMet=true}
12-15 02:27:48.477 D/DCT     ( 3994): [0]setupDataOnConnectableApns: apnContext {mApnType=emergency mState=IDLE mWaitingApns={null} mWaitingApnsPermanentFailureCountDown=0 mApnSetting={null} mReason=radioTurnedOff mDataEnabled=false mDependencyMet=true}
12-15 02:27:48.477 D/DCT     ( 3994): [0]handleMessage msg={ when=-278ms what=270377 obj=android.os.AsyncResult@6330f7a target=com.android.internal.telephony.dataconnection.DcTracker }
12-15 02:27:48.477 D/SubscriptionController( 3994): getSimStateForSlotIdx:  simState=NOT_READY ordinal=6
12-15 02:27:48.477 D/DCT     ( 3994): [0]onUpdateIcc: newIccRecords null
12-15 02:27:48.477 D/DCT     ( 3994): [0]setupDataOnConnectableApns: nwTypeChanged
12-15 02:27:48.477 D/DCT     ( 3994): [0]setupDataOnConnectableApns: apnContext {mApnType=hipri mState=IDLE mWaitingApns={null} mWaitingApnsPermanentFailureCountDown=0 mApnSetting={null} mReason=radioTurnedOff mDataEnabled=false mDependencyMet=true}
12-15 02:27:48.477 D/DCT     ( 3994): [0]setupDataOnConnectableApns: apnContext {mApnType=mms mState=IDLE mWaitingApns={null} mWaitingApnsPermanentFailureCountDown=0 mApnSetting={null} mReason=radioTurnedOff mDataEnabled=false mDependencyMet=true}
12-15 02:27:48.477 D/SubscriptionManager( 4106): getSimStateForSubscriber: simState=6 slotIdx=0
12-15 02:27:48.477 D/DCT     ( 3994): [0]setupDataOnConnectableApns: apnContext {mApnType=supl mState=IDLE mWaitingApns={null} mWaitingApnsPermanentFailureCountDown=0 mApnSetting={null} mReason=radioTurnedOff mDataEnabled=false mDependencyMet=true}
12-15 02:27:48.477 D/DCT     ( 3994): [0]setupDataOnConnectableApns: apnContext {mApnType=cbs mState=IDLE mWaitingApns={null} mWaitingApnsPermanentFailureCountDown=0 mApnSetting={null} mReason=radioTurnedOff mDataEnabled=false mDependencyMet=true}
12-15 02:27:48.477 D/DCT     ( 3994): [0]setupDataOnConnectableApns: apnContext {mApnType=dun mState=IDLE mWaitingApns={null} mWaitingApnsPermanentFailureCountDown=0 mApnSetting={null} mReason=radioTurnedOff mDataEnabled=false mDependencyMet=true}
12-15 02:27:48.477 D/DCT     ( 3994): [0]setupDataOnConnectableApns: apnContext {mApnType=fota mState=IDLE mWaitingApns={null} mWaitingApnsPermanentFailureCountDown=0 mApnSetting={null} mReason=radioTurnedOff mDataEnabled=false mDependencyMet=true}
12-15 02:27:48.477 D/DCT     ( 3994): [0]setupDataOnConnectableApns: apnContext {mApnType=ims mState=IDLE mWaitingApns={null} mWaitingApnsPermanentFailureCountDown=0 mApnSetting={null} mReason=radioTurnedOff mDataEnabled=false mDependencyMet=true}
12-15 02:27:48.477 D/DCT     ( 3994): [0]setupDataOnConnectableApns: apnContext {mApnType=default mState=IDLE mWaitingApns={null} mWaitingApnsPermanentFailureCountDown=0 mApnSetting={null} mReason=radioTurnedOff mDataEnabled=false mDependencyMet=true}
12-15 02:27:48.477 D/DCT     ( 3994): [0]setupDataOnConnectableApns: apnContext {mApnType=ia mState=IDLE mWaitingApns={null} mWaitingApnsPermanentFailureCountDown=0 mApnSetting={null} mReason=radioTurnedOff mDataEnabled=false mDependencyMet=true}
12-15 02:27:48.477 D/DCT     ( 3994): [0]setupDataOnConnectableApns: apnContext {mApnType=emergency mState=IDLE mWaitingApns={null} mWaitingApnsPermanentFailureCountDown=0 mApnSetting={null} mReason=radioTurnedOff mDataEnabled=false mDependencyMet=true}
12-15 02:27:48.477 E/PhoneProxy( 3994): [PhoneProxy] Error! This handler was not registered for this message type. Message: 9
12-15 02:27:48.477 D/SubscriptionController( 3994): [getSubId]- sSlotIdxToSubId.size == 0, return DummySubIds slotIdx=0
12-15 02:27:48.477 D/GsmSMSDispatcher( 3994): GsmSMSDispatcher: subId = -2 slotId = 0
12-15 02:27:48.477 E/IccCardProxy( 3994): setExternalState: !override and newstate unchanged from NOT_READY
12-15 02:27:48.477 E/IccCardProxy( 3994): setExternalState: !override and newstate unchanged from NOT_READY
12-15 02:27:48.478 D/SubscriptionController( 3994): [getPhoneId]- invalid subId return=-1
12-15 02:27:48.478 D/SubscriptionController( 3994): [getSubId]- sSlotIdxToSubId.size == 0, return DummySubIds slotIdx=0
12-15 02:27:48.478 E/IccCardProxy( 3994): setExternalState: !override and newstate unchanged from NOT_READY
12-15 02:27:48.478 D/DctController( 3994): EVENT_PHONE1_DATA_DETACH.
12-15 02:27:48.478 D/DcSwitchSM( 3994): [DcSwitchStateMachine-0] DefaultState: shouldn't happen but ignore msg.what=0x44008
12-15 02:27:48.479 D/SubscriptionController( 3994): [getSubId]- sSlotIdxToSubId.size == 0, return DummySubIds slotIdx=0
12-15 02:27:48.479 D/DctController( 3994): [TNF -2]got request NetworkRequest [ id=1, legacyType=-1, [ Capabilities: INTERNET&NOT_RESTRICTED&TRUSTED&NOT_VPN] ] with score 0
12-15 02:27:48.479 D/SubscriptionController( 3994): [getSubId]- sSlotIdxToSubId.size == 0, return DummySubIds slotIdx=0
12-15 02:27:48.479 D/DctController( 3994): [TNF -2]Cellular needs Network for NetworkRequest [ id=1, legacyType=-1, [ Capabilities: INTERNET&NOT_RESTRICTED&TRUSTED&NOT_VPN] ]
12-15 02:27:48.479 D/SubscriptionController( 3994): [getSubId]- sSlotIdxToSubId.size == 0, return DummySubIds slotIdx=0
12-15 02:27:48.479 D/SubscriptionController( 3994): [getSubId]- sSlotIdxToSubId.size == 0, return DummySubIds slotIdx=0
12-15 02:27:48.479 D/DctController( 3994): [TNF -2]Request not useable, pending request.
12-15 02:27:48.479 D/SubscriptionInfoUpdater( 3994): [Receiver]+
12-15 02:27:48.479 D/SubscriptionInfoUpdater( 3994): Action: android.intent.action.SIM_STATE_CHANGED
12-15 02:27:48.479 D/SubscriptionInfoUpdater( 3994): slotId: 0
12-15 02:27:48.479 D/SubscriptionInfoUpdater( 3994): simStatus: NOT_READY
12-15 02:27:48.479 D/SubscriptionInfoUpdater( 3994): Ignoring simStatus: NOT_READY
12-15 02:27:48.479 D/SubscriptionInfoUpdater( 3994): Wait for SIM1 IccId
12-15 02:27:48.479 D/SubscriptionInfoUpdater( 3994): [Receiver]-
12-15 02:27:48.479 D/DebugService( 3994): DebugService DebugService:
12-15 02:27:48.480 D/SipService( 3994): SipService: started!
12-15 02:27:48.482 D/SipService( 3994): start:
12-15 02:27:48.485 D/DCT     ( 3994): [0]handleMessage msg={ when=-62ms what=270369 obj=android.os.AsyncResult@70db121 target=com.android.internal.telephony.dataconnection.DcTracker }
12-15 02:27:48.485 D/DCT     ( 3994): [0]onUpdateIcc: newIccRecords null
12-15 02:27:48.485 D/SubscriptionController( 3994): [getSubId]- sSlotIdxToSubId.size == 0, return DummySubIds slotIdx=0
12-15 02:27:48.486 D/GsmSMSDispatcher( 3994): GsmSMSDispatcher: subId = -2 slotId = 0
12-15 02:27:48.486 E/IccCardProxy( 3994): setExternalState: !override and newstate unchanged from NOT_READY
12-15 02:27:48.486 D/GsmSST  ( 3994): [GsmSST] SubscriptionListener.onSubscriptionInfoChanged
12-15 02:27:48.486 D/SubscriptionController( 3994): [getSubId]- sSlotIdxToSubId.size == 0, return DummySubIds slotIdx=0
12-15 02:27:48.486 D/DCT     ( 3994): [0]SubscriptionListener.onSubscriptionInfoChanged
12-15 02:27:48.486 D/SubscriptionController( 3994): [getSubId]- sSlotIdxToSubId.size == 0, return DummySubIds slotIdx=0
12-15 02:27:48.486 D/SubscriptionController( 3994): [getActiveSubInfoList]+
12-15 02:27:48.486 D/SubscriptionController( 3994): selection:sim_id>=0 null
12-15 02:27:48.487 D/SubscriptionController( 3994): [getActiveSubInfoList]- no info return
12-15 02:27:48.488 D/SubscriptionController( 3994): [getSubId]- sSlotIdxToSubId.size == 0, return DummySubIds slotIdx=0
12-15 02:27:48.489 D/SubscriptionController( 3994): [getSubId]- sSlotIdxToSubId.size == 0, return DummySubIds slotIdx=0
12-15 02:27:48.489 D/SubscriptionController( 3994): [getPhoneId]- invalid subId return=-1
12-15 02:27:48.490 D/SubscriptionController( 3994): [getSubId]- sSlotIdxToSubId.size == 0, return DummySubIds slotIdx=0
12-15 02:27:48.490 D/SubscriptionController( 3994): [getSubId]- sSlotIdxToSubId.size == 0, return DummySubIds slotIdx=0
12-15 02:27:48.490 D/SubscriptionController( 3994): [getSubId]- sSlotIdxToSubId.size == 0, return DummySubIds slotIdx=0
12-15 02:27:48.535 E/PhoneBase( 3994): Error! registerForCallWaiting() in PhoneBase should not be called, CDMAPhone inactive.
12-15 02:27:48.541 D/SubscriptionController( 3994): [getSubId]- sSlotIdxToSubId.size == 0, return DummySubIds slotIdx=0
12-15 02:27:48.541 D/SubscriptionController( 3994): [getSubId]- sSlotIdxToSubId.size == 0, return DummySubIds slotIdx=0
12-15 02:27:48.541 D/DCT     ( 3994): [0]getDataOnRoamingEnabled: phoneSubId=-2 isDataRoamingEnabled=false
12-15 02:27:48.541 D/SubscriptionController( 3994): [getSubId]- sSlotIdxToSubId.size == 0, return DummySubIds slotIdx=0
12-15 02:27:48.541 D/DCT     ( 3994): [0]getDataOnRoamingEnabled: phoneSubId=-2 isDataRoamingEnabled=false
12-15 02:27:48.541 D/SubscriptionController( 3994): [getSubId]- sSlotIdxToSubId.size == 0, return DummySubIds slotIdx=0
12-15 02:27:48.541 D/DCT     ( 3994): [0]getDataOnRoamingEnabled: phoneSubId=-2 isDataRoamingEnabled=false
12-15 02:27:48.541 D/SubscriptionController( 3994): [getSubId]- sSlotIdxToSubId.size == 0, return DummySubIds slotIdx=0
12-15 02:27:48.541 D/DCT     ( 3994): [0]getDataOnRoamingEnabled: phoneSubId=-2 isDataRoamingEnabled=false
12-15 02:27:48.541 D/SubscriptionController( 3994): [getSubId]- sSlotIdxToSubId.size == 0, return DummySubIds slotIdx=0
12-15 02:27:48.541 D/DCT     ( 3994): [0]getDataOnRoamingEnabled: phoneSubId=-2 isDataRoamingEnabled=false
12-15 02:27:48.541 D/SubscriptionController( 3994): [getSubId]- sSlotIdxToSubId.size == 0, return DummySubIds slotIdx=0
12-15 02:27:48.541 D/DCT     ( 3994): [0]getDataOnRoamingEnabled: phoneSubId=-2 isDataRoamingEnabled=false
12-15 02:27:48.541 D/SubscriptionController( 3994): [getSubId]- sSlotIdxToSubId.size == 0, return DummySubIds slotIdx=0
12-15 02:27:48.541 D/DCT     ( 3994): [0]getDataOnRoamingEnabled: phoneSubId=-2 isDataRoamingEnabled=false
12-15 02:27:48.541 D/SubscriptionController( 3994): [getSubId]- sSlotIdxToSubId.size == 0, return DummySubIds slotIdx=0
12-15 02:27:48.541 D/DCT     ( 3994): [0]getDataOnRoamingEnabled: phoneSubId=-2 isDataRoamingEnabled=false
12-15 02:27:48.541 D/SubscriptionController( 3994): [getSubId]- sSlotIdxToSubId.size == 0, return DummySubIds slotIdx=0
12-15 02:27:48.541 D/DCT     ( 3994): [0]getDataOnRoamingEnabled: phoneSubId=-2 isDataRoamingEnabled=false
12-15 02:27:48.541 D/SubscriptionController( 3994): [getSubId]- sSlotIdxToSubId.size == 0, return DummySubIds slotIdx=0
12-15 02:27:48.541 D/DCT     ( 3994): [0]getDataOnRoamingEnabled: phoneSubId=-2 isDataRoamingEnabled=false
12-15 02:27:48.541 D/SubscriptionController( 3994): [getSubId]- sSlotIdxToSubId.size == 0, return DummySubIds slotIdx=0
12-15 02:27:48.541 D/DCT     ( 3994): [0]getDataOnRoamingEnabled: phoneSubId=-2 isDataRoamingEnabled=false
12-15 02:27:48.542 D/SubscriptionController( 3994): [getSubId]- sSlotIdxToSubId.size == 0, return DummySubIds slotIdx=0
12-15 02:27:48.542 D/DCT     ( 3994): [0]getDataOnRoamingEnabled: phoneSubId=-2 isDataRoamingEnabled=false
12-15 02:27:48.542 D/SubscriptionController( 3994): [getSubId]- sSlotIdxToSubId.size == 0, return DummySubIds slotIdx=0
12-15 02:27:48.542 D/DCT     ( 3994): [0]getDataOnRoamingEnabled: phoneSubId=-2 isDataRoamingEnabled=false
12-15 02:27:48.542 D/SubscriptionController( 3994): [getSubId]- sSlotIdxToSubId.size == 0, return DummySubIds slotIdx=0
12-15 02:27:48.542 D/DCT     ( 3994): [0]getDataOnRoamingEnabled: phoneSubId=-2 isDataRoamingEnabled=false
12-15 02:27:48.542 D/SubscriptionController( 3994): [getSubId]- sSlotIdxToSubId.size == 0, return DummySubIds slotIdx=0
12-15 02:27:48.542 D/DCT     ( 3994): [0]getDataOnRoamingEnabled: phoneSubId=-2 isDataRoamingEnabled=false
12-15 02:27:48.542 D/SubscriptionController( 3994): [getSubId]- sSlotIdxToSubId.size == 0, return DummySubIds slotIdx=0
12-15 02:27:48.542 D/DCT     ( 3994): [0]getDataOnRoamingEnabled: phoneSubId=-2 isDataRoamingEnabled=false
12-15 02:27:48.542 D/SubscriptionController( 3994): [getSubId]- sSlotIdxToSubId.size == 0, return DummySubIds slotIdx=0
12-15 02:27:48.542 D/DCT     ( 3994): [0]getDataOnRoamingEnabled: phoneSubId=-2 isDataRoamingEnabled=false
12-15 02:27:48.542 D/SubscriptionController( 3994): [getSubId]- sSlotIdxToSubId.size == 0, return DummySubIds slotIdx=0
12-15 02:27:48.542 D/DCT     ( 3994): [0]getDataOnRoamingEnabled: phoneSubId=-2 isDataRoamingEnabled=false
12-15 02:27:48.542 D/SubscriptionController( 3994): [getSubId]- sSlotIdxToSubId.size == 0, return DummySubIds slotIdx=0
12-15 02:27:48.542 D/DCT     ( 3994): [0]getDataOnRoamingEnabled: phoneSubId=-2 isDataRoamingEnabled=false
12-15 02:27:48.542 D/SubscriptionController( 3994): [getSubId]- sSlotIdxToSubId.size == 0, return DummySubIds slotIdx=0
12-15 02:27:48.542 D/DCT     ( 3994): [0]getDataOnRoamingEnabled: phoneSubId=-2 isDataRoamingEnabled=false
12-15 02:27:48.542 D/SubscriptionController( 3994): [getSubId]- sSlotIdxToSubId.size == 0, return DummySubIds slotIdx=0
12-15 02:27:48.542 D/DCT     ( 3994): [0]getDataOnRoamingEnabled: phoneSubId=-2 isDataRoamingEnabled=false
12-15 02:27:48.542 D/SubscriptionController( 3994): [getSubId]- sSlotIdxToSubId.size == 0, return DummySubIds slotIdx=0
12-15 02:27:48.542 D/DCT     ( 3994): [0]getDataOnRoamingEnabled: phoneSubId=-2 isDataRoamingEnabled=false
12-15 02:27:48.542 D/SubscriptionController( 3994): [getSubId]- sSlotIdxToSubId.size == 0, return DummySubIds slotIdx=0
12-15 02:27:48.542 D/DCT     ( 3994): [0]getDataOnRoamingEnabled: phoneSubId=-2 isDataRoamingEnabled=false
12-15 02:27:48.542 D/SubscriptionController( 3994): [getSubId]- sSlotIdxToSubId.size == 0, return DummySubIds slotIdx=0
12-15 02:27:48.542 D/DCT     ( 3994): [0]getDataOnRoamingEnabled: phoneSubId=-2 isDataRoamingEnabled=false
12-15 02:27:48.542 D/SubscriptionController( 3994): [getSubId]- sSlotIdxToSubId.size == 0, return DummySubIds slotIdx=0
12-15 02:27:48.542 D/DCT     ( 3994): [0]getDataOnRoamingEnabled: phoneSubId=-2 isDataRoamingEnabled=false
12-15 02:27:48.542 D/SubscriptionController( 3994): [getSubId]- sSlotIdxToSubId.size == 0, return DummySubIds slotIdx=0
12-15 02:27:48.542 D/DCT     ( 3994): [0]getDataOnRoamingEnabled: phoneSubId=-2 isDataRoamingEnabled=false
12-15 02:27:48.542 D/SubscriptionController( 3994): [getSubId]- sSlotIdxToSubId.size == 0, return DummySubIds slotIdx=0
12-15 02:27:48.542 D/DCT     ( 3994): [0]getDataOnRoamingEnabled: phoneSubId=-2 isDataRoamingEnabled=false
12-15 02:27:48.542 D/SubscriptionController( 3994): [getSubId]- sSlotIdxToSubId.size == 0, return DummySubIds slotIdx=0
12-15 02:27:48.542 D/DCT     ( 3994): [0]getDataOnRoamingEnabled: phoneSubId=-2 isDataRoamingEnabled=false
12-15 02:27:48.542 D/SubscriptionController( 3994): [getSubId]- sSlotIdxToSubId.size == 0, return DummySubIds slotIdx=0
12-15 02:27:48.542 D/DCT     ( 3994): [0]getDataOnRoamingEnabled: phoneSubId=-2 isDataRoamingEnabled=false
12-15 02:27:48.542 D/SubscriptionController( 3994): [getSubId]- sSlotIdxToSubId.size == 0, return DummySubIds slotIdx=0
12-15 02:27:48.542 D/DCT     ( 3994): [0]getDataOnRoamingEnabled: phoneSubId=-2 isDataRoamingEnabled=false
12-15 02:27:48.543 D/SubscriptionController( 3994): [getSubId]- sSlotIdxToSubId.size == 0, return DummySubIds slotIdx=0
12-15 02:27:48.543 D/DCT     ( 3994): [0]getDataOnRoamingEnabled: phoneSubId=-2 isDataRoamingEnabled=false
12-15 02:27:48.543 D/SubscriptionController( 3994): [getSubId]- sSlotIdxToSubId.size == 0, return DummySubIds slotIdx=0
12-15 02:27:48.543 D/DCT     ( 3994): [0]getDataOnRoamingEnabled: phoneSubId=-2 isDataRoamingEnabled=false
12-15 02:27:48.543 D/SubscriptionController( 3994): [getSubId]- sSlotIdxToSubId.size == 0, return DummySubIds slotIdx=0
12-15 02:27:48.543 D/DCT     ( 3994): [0]getDataOnRoamingEnabled: phoneSubId=-2 isDataRoamingEnabled=false
12-15 02:27:48.543 D/SubscriptionController( 3994): [getSubId]- sSlotIdxToSubId.size == 0, return DummySubIds slotIdx=0
12-15 02:27:48.543 D/DCT     ( 3994): [0]getDataOnRoamingEnabled: phoneSubId=-2 isDataRoamingEnabled=false
12-15 02:27:48.543 D/SubscriptionController( 3994): [getSubId]- sSlotIdxToSubId.size == 0, return DummySubIds slotIdx=0
12-15 02:27:48.543 D/DCT     ( 3994): [0]getDataOnRoamingEnabled: phoneSubId=-2 isDataRoamingEnabled=false
12-15 02:27:48.543 D/SubscriptionController( 3994): [getSubId]- sSlotIdxToSubId.size == 0, return DummySubIds slotIdx=0
12-15 02:27:48.543 D/DCT     ( 3994): [0]getDataOnRoamingEnabled: phoneSubId=-2 isDataRoamingEnabled=false
12-15 02:27:48.543 D/SubscriptionController( 3994): [getSubId]- sSlotIdxToSubId.size == 0, return DummySubIds slotIdx=0
12-15 02:27:48.543 D/DCT     ( 3994): [0]getDataOnRoamingEnabled: phoneSubId=-2 isDataRoamingEnabled=false
12-15 02:27:48.543 D/SubscriptionController( 3994): [getSubId]- sSlotIdxToSubId.size == 0, return DummySubIds slotIdx=0
12-15 02:27:48.543 D/DCT     ( 3994): [0]getDataOnRoamingEnabled: phoneSubId=-2 isDataRoamingEnabled=false
12-15 02:27:48.543 D/SubscriptionController( 3994): [getSubId]- sSlotIdxToSubId.size == 0, return DummySubIds slotIdx=0
12-15 02:27:48.543 D/DCT     ( 3994): [0]getDataOnRoamingEnabled: phoneSubId=-2 isDataRoamingEnabled=false
12-15 02:27:48.543 D/SubscriptionController( 3994): [getSubId]- sSlotIdxToSubId.size == 0, return DummySubIds slotIdx=0
12-15 02:27:48.543 D/DCT     ( 3994): [0]getDataOnRoamingEnabled: phoneSubId=-2 isDataRoamingEnabled=false
12-15 02:27:48.548 D/DctController( 3994): handleMessage msg={ when=-62ms what=107 target=com.android.internal.telephony.dataconnection.DctController }
12-15 02:27:48.548 D/DctController( 3994): onSubInfoReady mPhoneNum=1
12-15 02:27:48.548 D/SubscriptionController( 3994): [getSubId]- sSlotIdxToSubId.size == 0, return DummySubIds slotIdx=0
12-15 02:27:48.548 D/DctController( 3994): onSubInfoReady handle pending requests subId=-2
12-15 02:27:48.548 D/DctController( 3994): onSubInfoReady: SIM card absent on phoneId = 0
12-15 02:27:48.548 D/SubscriptionController( 3994): [getSubId]- sSlotIdxToSubId.size == 0, return DummySubIds slotIdx=0
12-15 02:27:48.548 D/DctController( 3994): [TNF -2]evalPendingRequest, pending request size is 1
12-15 02:27:48.548 D/SubscriptionController( 3994): [getSubId]- sSlotIdxToSubId.size == 0, return DummySubIds slotIdx=0
12-15 02:27:48.548 D/DctController( 3994): [TNF -2]evalPendingRequest: request = NetworkRequest [ id=1, legacyType=-1, [ Capabilities: INTERNET&NOT_RESTRICTED&TRUSTED&NOT_VPN] ]
12-15 02:27:48.548 D/SubscriptionController( 3994): [getSubId]- sSlotIdxToSubId.size == 0, return DummySubIds slotIdx=0
12-15 02:27:48.548 D/DctController( 3994): [TNF -2]Cellular needs Network for NetworkRequest [ id=1, legacyType=-1, [ Capabilities: INTERNET&NOT_RESTRICTED&TRUSTED&NOT_VPN] ]
12-15 02:27:48.548 D/SubscriptionController( 3994): [getSubId]- sSlotIdxToSubId.size == 0, return DummySubIds slotIdx=0
12-15 02:27:48.548 D/SubscriptionController( 3994): [getSubId]- sSlotIdxToSubId.size == 0, return DummySubIds slotIdx=0
12-15 02:27:48.548 D/DctController( 3994): [TNF -2]Request not useable, pending request.
12-15 02:27:48.548 D/DctController( 3994): processRequests
12-15 02:27:48.548 D/SubscriptionController( 3994): [getSubId]- sSlotIdxToSubId.size == 0, return DummySubIds slotIdx=0
12-15 02:27:48.549 D/DctController( 3994): handleMessage msg={ when=-1ms what=100 target=com.android.internal.telephony.dataconnection.DctController }
12-15 02:27:48.549 D/DcSwitchAsyncChannel( 3994): [DcSwitchAsyncChannel-0]: rspIsIdle=true
12-15 02:27:48.549 D/SubscriptionController( 3994): [getPhoneId]- invalid subId return=-1
12-15 02:27:48.549 D/DcSwitchAsyncChannel( 3994): [DcSwitchAsyncChannel-0]: rspIsIdle=true
12-15 02:27:48.549 D/DctController( 3994): onProcessRequest requestedPhoneId=-1, activePhoneId=-1
12-15 02:27:48.566 E/RILD    ( 3504): Modem status[waiting: 0x3, current: 0x4]
12-15 02:27:48.622 D/SmsBroadcastUndelivered( 3994): finished scanning raw table in 276 ms
12-15 02:27:48.622 D/GsmInboundSmsHandler( 3994): StartupState.processMessage:6
12-15 02:27:48.622 D/CdmaInboundSmsHandler( 3994): StartupState.processMessage:6
12-15 02:27:48.622 D/CdmaInboundSmsHandler( 3994): entering Idle state
12-15 02:27:48.622 D/GsmInboundSmsHandler( 3994): entering Idle state
12-15 02:27:48.622 D/CdmaInboundSmsHandler( 3994): IdleState.processMessage:5
12-15 02:27:48.622 D/GsmInboundSmsHandler( 3994): IdleState.processMessage:5
12-15 02:27:48.622 D/CdmaInboundSmsHandler( 3994): Idle state processing message type 5
12-15 02:27:48.622 D/GsmInboundSmsHandler( 3994): Idle state processing message type 5
12-15 02:27:48.622 D/CdmaInboundSmsHandler( 3994): mWakeLock released wakelockcount = 0
12-15 02:27:48.622 D/GsmInboundSmsHandler( 3994): mWakeLock released wakelockcount = 0
12-15 02:27:48.766 E/RILD    ( 3504): Modem status[waiting: 0x3, current: 0x4]
12-15 02:27:48.966 E/RILD    ( 3504): Modem status[waiting: 0x3, current: 0x4]
12-15 02:27:49.166 E/RILD    ( 3504): Modem status[waiting: 0x3, current: 0x4]
12-15 02:27:49.227 D/SubscriptionController( 3994): [getSlotId]- subId invalid
12-15 02:27:49.229 D/SubscriptionController( 3994): getSimStateForSlotIdx:  simState=NOT_READY ordinal=6
12-15 02:27:49.229 D/SubscriptionManager( 3710): getSimStateForSubscriber: simState=6 slotIdx=0
12-15 02:27:49.229 D/TelephonyManager( 3710): getSimState: default sim:-1, sim state for slotIdx=0 is 6, return state as unknown
12-15 02:27:49.235 D/DCT     ( 3994): [0]hasMatchedTetherApnSetting: APN=null
12-15 02:27:49.366 E/RILD    ( 3504): Modem status[waiting: 0x3, current: 0x4]
12-15 02:27:49.470 D/SubscriptionController( 3994): [getPhoneId] asked for default subId=-1
12-15 02:27:49.470 D/SubscriptionController( 3994): [getPhoneId]- invalid subId return=-1
12-15 02:27:49.566 E/RILD    ( 3504): Modem status[waiting: 0x3, current: 0x4]
12-15 02:27:49.741 D/SubscriptionController( 3994): [getPhoneId] asked for default subId=-1
12-15 02:27:49.741 D/SubscriptionController( 3994): [getPhoneId]- invalid subId return=-1
12-15 02:27:49.766 E/RILD    ( 3504): Modem status[waiting: 0x3, current: 0x4]
12-15 02:27:49.967 E/RILD    ( 3504): Modem status[waiting: 0x3, current: 0x4]
12-15 02:27:50.167 E/RILD    ( 3504): Modem status[waiting: 0x3, current: 0x4]
12-15 02:27:50.367 E/RILD    ( 3504): Modem status[waiting: 0x3, current: 0x4]
12-15 02:27:50.567 E/RILD    ( 3504): Modem status[waiting: 0x3, current: 0x4]
12-15 02:27:50.767 E/RILD    ( 3504): Modem status[waiting: 0x3, current: 0x4]
12-15 02:27:50.967 E/RILD    ( 3504): Modem status[waiting: 0x3, current: 0x4]
12-15 02:27:51.167 E/RILD    ( 3504): Modem status[waiting: 0x3, current: 0x4]
12-15 02:27:51.216 D/GsmCellBroadcastHandler( 3994): mWakeLock released
12-15 02:27:51.344 D/CellBroadcastHandler( 3994): mWakeLock released
12-15 02:27:51.347 D/CdmaServiceCategoryProgramHandler( 3994): mWakeLock released
12-15 02:27:51.367 E/RILD    ( 3504): Modem status[waiting: 0x3, current: 0x4]
12-15 02:27:51.568 E/RILD    ( 3504): Modem status[waiting: 0x3, current: 0x4]
12-15 02:27:51.719 D/CAT     ( 3994): com.android.stk.BootCompletedReceiver: [ACTION_BOOT_COMPLETED]
12-15 02:27:51.719 D/CAT     ( 3994): com.android.stk.StkAppService: onCreate()+
12-15 02:27:51.719 D/CAT     ( 3994): com.android.stk.StkAppService: simCount: 1
12-15 02:27:51.720 D/CAT     ( 3994): com.android.stk.StkAppService: slotId: 0
12-15 02:27:51.720 D/CAT     ( 3994): com.android.stk.StkAppService: onStart sim id: 0, op: 5, *****
12-15 02:27:51.720 D/CAT     ( 3994): com.android.stk.StkAppService: mStkService is: -1
12-15 02:27:51.721 D/CAT     ( 3994): StkAppInstaller: [setAppState]+
12-15 02:27:51.721 D/CAT     ( 3994): StkAppInstaller: Change app state[false]
12-15 02:27:51.721 D/CAT     ( 3994): StkAppInstaller: [setAppState]-
12-15 02:27:51.721 D/CAT     ( 3994): com.android.stk.StkAppService: onDestroy()
12-15 02:27:51.768 E/RILD    ( 3504): Modem status[waiting: 0x3, current: 0x4]
12-15 02:27:51.968 E/RILD    ( 3504): Modem status[waiting: 0x3, current: 0x4]
12-15 02:27:52.024 D/SubscriptionController( 3994): [getActiveSubInfoList]+
12-15 02:27:52.025 D/SubscriptionController( 3994): selection:sim_id>=0 null
12-15 02:27:52.026 D/SubscriptionController( 3994): [getActiveSubInfoList]- no info return
12-15 02:27:52.062 D/SubscriptionController( 3994): [getPhoneId] asked for default subId=-1
12-15 02:27:52.062 D/SubscriptionController( 3994): [getPhoneId]- invalid subId return=-1
12-15 02:27:52.091 D/SubscriptionController( 3994): [getActiveSubInfoList]+
12-15 02:27:52.091 D/SubscriptionController( 3994): selection:sim_id>=0 null
12-15 02:27:52.093 D/SubscriptionController( 3994): [getActiveSubInfoList]- no info return
12-15 02:27:52.108 D/SubscriptionController( 3994): [getActiveSubInfoList]+
12-15 02:27:52.109 D/SubscriptionController( 3994): selection:sim_id>=0 null
12-15 02:27:52.111 D/SubscriptionController( 3994): [getActiveSubInfoList]- no info return
12-15 02:27:52.168 E/RILD    ( 3504): Modem status[waiting: 0x3, current: 0x4]
12-15 02:27:52.321 D/SubscriptionController( 3994): [getActiveSubInfoList]+
12-15 02:27:52.322 D/SubscriptionController( 3994): selection:sim_id>=0 null
12-15 02:27:52.324 D/SubscriptionController( 3994): [getActiveSubInfoList]+
12-15 02:27:52.324 D/SubscriptionController( 3994): [getActiveSubInfoList]- no info return
12-15 02:27:52.325 D/SubscriptionController( 3994): selection:sim_id>=0 null
12-15 02:27:52.326 D/SubscriptionController( 3994): [getActiveSubInfoList]- no info return
12-15 02:27:52.368 E/RILD    ( 3504): Modem status[waiting: 0x3, current: 0x4]
12-15 02:27:52.447 D/SubscriptionController( 3994): [getPhoneId] asked for default subId=-1
12-15 02:27:52.447 D/SubscriptionController( 3994): [getPhoneId]- invalid subId return=-1
12-15 02:27:52.568 E/RILD    ( 3504): Modem status[waiting: 0x3, current: 0x4]
12-15 02:27:52.769 E/RILD    ( 3504): Modem status[waiting: 0x3, current: 0x4]
12-15 02:27:52.969 E/RILD    ( 3504): Modem status[waiting: 0x3, current: 0x4]
12-15 02:27:53.169 E/RILD    ( 3504): Modem status[waiting: 0x3, current: 0x4]
12-15 02:27:53.369 E/RILD    ( 3504): Modem status[waiting: 0x3, current: 0x4]
12-15 02:27:53.569 E/RILD    ( 3504): Modem status[waiting: 0x3, current: 0x4]
12-15 02:27:53.769 E/RILD    ( 3504): Modem status[waiting: 0x3, current: 0x4]
12-15 02:27:53.969 E/RILD    ( 3504): Modem status[waiting: 0x3, current: 0x4]
12-15 02:27:54.169 E/RILD    ( 3504): Modem status[waiting: 0x3, current: 0x4]
12-15 02:27:54.369 E/RILD    ( 3504): Modem status[waiting: 0x3, current: 0x4]
12-15 02:27:54.570 E/RILD    ( 3504): Modem status[waiting: 0x3, current: 0x4]
12-15 02:27:54.770 E/RILD    ( 3504): Modem status[waiting: 0x3, current: 0x4]
12-15 02:27:54.970 E/RILD    ( 3504): Modem status[waiting: 0x3, current: 0x4]
12-15 02:27:55.170 E/RILD    ( 3504): Modem status[waiting: 0x3, current: 0x4]
12-15 02:27:55.370 E/RILD    ( 3504): Modem status[waiting: 0x3, current: 0x4]
12-15 02:27:55.570 E/RILD    ( 3504): Modem status[waiting: 0x3, current: 0x4]
12-15 02:27:55.770 E/RILD    ( 3504): Modem status[waiting: 0x3, current: 0x4]
12-15 02:27:55.970 E/RILD    ( 3504): Modem status[waiting: 0x3, current: 0x4]
12-15 02:27:56.171 E/RILD    ( 3504): Modem status[waiting: 0x3, current: 0x4]
12-15 02:27:56.371 E/RILD    ( 3504): Modem status[waiting: 0x3, current: 0x4]
12-15 02:27:56.571 E/RILD    ( 3504): Modem status[waiting: 0x3, current: 0x4]
12-15 02:27:56.771 E/RILD    ( 3504): Modem status[waiting: 0x3, current: 0x4]
12-15 02:27:56.971 E/RILD    ( 3504): Modem status[waiting: 0x3, current: 0x4]
12-15 02:27:57.171 E/RILD    ( 3504): Modem status[waiting: 0x3, current: 0x4]
12-15 02:27:57.371 E/RILD    ( 3504): Modem status[waiting: 0x3, current: 0x4]
12-15 02:27:57.571 E/RILD    ( 3504): Modem status[waiting: 0x3, current: 0x4]
12-15 02:27:57.772 E/RILD    ( 3504): Modem status[waiting: 0x3, current: 0x4]
12-15 02:27:57.972 E/RILD    ( 3504): Modem status[waiting: 0x3, current: 0x4]
12-15 02:27:58.172 E/RILD    ( 3504): Modem boot timeout
12-15 02:27:58.172 E/RILD    ( 3504): Wait boot ready
12-15 02:27:58.172 E/RILD    ( 3504): Modem status[waiting: 0x3, current: 0x4]
12-15 02:27:58.372 E/RILD    ( 3504): Modem status[waiting: 0x3, current: 0x4]
12-15 02:27:58.572 E/RILD    ( 3504): Modem status[waiting: 0x3, current: 0x4]
12-15 02:27:58.772 E/RILD    ( 3504): Modem status[waiting: 0x3, current: 0x4]
12-15 02:27:58.972 E/RILD    ( 3504): Modem status[waiting: 0x3, current: 0x4]
12-15 02:27:59.173 E/RILD    ( 3504): Modem status[waiting: 0x3, current: 0x4]
12-15 02:27:59.373 E/RILD    ( 3504): Modem status[waiting: 0x3, current: 0x4]
12-15 02:27:59.573 E/RILD    ( 3504): Modem status[waiting: 0x3, current: 0x4]
12-15 02:27:59.773 E/RILD    ( 3504): Modem status[waiting: 0x3, current: 0x4]
12-15 02:27:59.973 E/RILD    ( 3504): Modem status[waiting: 0x3, current: 0x4]
12-15 02:28:00.173 E/RILD    ( 3504): Modem status[waiting: 0x3, current: 0x4]
12-15 02:28:00.373 E/RILD    ( 3504): Modem status[waiting: 0x3, current: 0x4]
12-15 02:28:00.574 E/RILD    ( 3504): Modem status[waiting: 0x3, current: 0x4]
12-15 02:28:00.774 E/RILD    ( 3504): Modem status[waiting: 0x3, current: 0x4]
12-15 02:28:00.974 E/RILD    ( 3504): Modem status[waiting: 0x3, current: 0x4]
12-15 02:28:01.174 E/RILD    ( 3504): Modem status[waiting: 0x3, current: 0x4]
12-15 02:28:01.374 E/RILD    ( 3504): Modem status[waiting: 0x3, current: 0x4]
12-15 02:28:01.574 E/RILD    ( 3504): Modem status[waiting: 0x3, current: 0x4]
12-15 02:28:01.774 E/RILD    ( 3504): Modem status[waiting: 0x3, current: 0x4]
12-15 02:28:01.974 E/RILD    ( 3504): Modem status[waiting: 0x3, current: 0x4]
12-15 02:28:02.175 E/RILD    ( 3504): Modem status[waiting: 0x3, current: 0x4]
12-15 02:28:02.375 E/RILD    ( 3504): Modem status[waiting: 0x3, current: 0x4]
12-15 02:28:02.575 E/RILD    ( 3504): Modem status[waiting: 0x3, current: 0x4]
12-15 02:28:02.775 E/RILD    ( 3504): Modem status[waiting: 0x3, current: 0x4]
12-15 02:28:02.975 E/RILD    ( 3504): Modem status[waiting: 0x3, current: 0x4]
12-15 02:28:03.176 E/RILD    ( 3504): Modem status[waiting: 0x3, current: 0x4]
12-15 02:28:03.376 E/RILD    ( 3504): Modem status[waiting: 0x3, current: 0x4]
12-15 02:28:03.576 E/RILD    ( 3504): Modem status[waiting: 0x3, current: 0x4]
12-15 02:28:03.776 E/RILD    ( 3504): Modem status[waiting: 0x3, current: 0x4]
12-15 02:28:03.976 E/RILD    ( 3504): Modem status[waiting: 0x3, current: 0x4]
12-15 02:28:04.176 E/RILD    ( 3504): Modem status[waiting: 0x3, current: 0x4]
12-15 02:28:04.376 E/RILD    ( 3504): Modem status[waiting: 0x3, current: 0x4]
12-15 02:28:04.577 E/RILD    ( 3504): Modem status[waiting: 0x3, current: 0x4]
12-15 02:28:04.777 E/RILD    ( 3504): Modem status[waiting: 0x3, current: 0x4]
12-15 02:28:04.977 E/RILD    ( 3504): Modem status[waiting: 0x3, current: 0x4]
12-15 02:28:05.177 E/RILD    ( 3504): Modem status[waiting: 0x3, current: 0x4]
12-15 02:28:05.377 E/RILD    ( 3504): Modem status[waiting: 0x3, current: 0x4]
12-15 02:28:05.577 E/RILD    ( 3504): Modem status[waiting: 0x3, current: 0x4]
12-15 02:28:05.777 E/RILD    ( 3504): Modem status[waiting: 0x3, current: 0x4]
12-15 02:28:05.977 E/RILD    ( 3504): Modem status[waiting: 0x3, current: 0x4]
12-15 02:28:06.178 E/RILD    ( 3504): Modem status[waiting: 0x3, current: 0x4]
12-15 02:28:06.378 E/RILD    ( 3504): Modem status[waiting: 0x3, current: 0x4]
12-15 02:28:06.578 E/RILD    ( 3504): Modem status[waiting: 0x3, current: 0x4]
12-15 02:28:06.778 E/RILD    ( 3504): Modem status[waiting: 0x3, current: 0x4]
12-15 02:28:06.978 E/RILD    ( 3504): Modem status[waiting: 0x3, current: 0x4]
12-15 02:28:07.178 E/RILD    ( 3504): Modem status[waiting: 0x3, current: 0x4]
12-15 02:28:07.379 E/RILD    ( 3504): Modem status[waiting: 0x3, current: 0x4]
12-15 02:28:07.579 E/RILD    ( 3504): Modem status[waiting: 0x3, current: 0x4]
12-15 02:28:07.779 E/RILD    ( 3504): Modem status[waiting: 0x3, current: 0x4]
12-15 02:28:07.979 E/RILD    ( 3504): Modem status[waiting: 0x3, current: 0x4]
12-15 02:28:08.179 E/RILD    ( 3504): Modem status[waiting: 0x3, current: 0x4]
12-15 02:28:08.379 E/RILD    ( 3504): Modem status[waiting: 0x3, current: 0x4]
12-15 02:28:08.580 E/RILD    ( 3504): Modem status[waiting: 0x3, current: 0x4]
12-15 02:28:08.780 E/RILD    ( 3504): Modem status[waiting: 0x3, current: 0x4]
12-15 02:28:08.980 E/RILD    ( 3504): Modem status[waiting: 0x3, current: 0x4]
12-15 02:28:09.180 E/RILD    ( 3504): Modem status[waiting: 0x3, current: 0x4]
12-15 02:28:09.380 E/RILD    ( 3504): Modem status[waiting: 0x3, current: 0x4]
12-15 02:28:09.580 E/RILD    ( 3504): Modem status[waiting: 0x3, current: 0x4]
12-15 02:28:09.780 E/RILD    ( 3504): Modem status[waiting: 0x3, current: 0x4]
12-15 02:28:09.980 E/RILD    ( 3504): Modem status[waiting: 0x3, current: 0x4]
12-15 02:28:10.181 E/RILD    ( 3504): Modem status[waiting: 0x3, current: 0x4]
12-15 02:28:10.381 E/RILD    ( 3504): Modem status[waiting: 0x3, current: 0x4]
12-15 02:28:10.581 E/RILD    ( 3504): Modem status[waiting: 0x3, current: 0x4]
12-15 02:28:10.781 E/RILD    ( 3504): Modem status[waiting: 0x3, current: 0x4]
12-15 02:28:10.981 E/RILD    ( 3504): Modem status[waiting: 0x3, current: 0x4]
12-15 02:28:11.181 E/RILD    ( 3504): Modem status[waiting: 0x3, current: 0x4]
12-15 02:28:11.381 E/RILD    ( 3504): Modem status[waiting: 0x3, current: 0x4]
12-15 02:28:11.582 E/RILD    ( 3504): Modem status[waiting: 0x3, current: 0x4]
12-15 02:28:11.782 E/RILD    ( 3504): Modem status[waiting: 0x3, current: 0x4]
12-15 02:28:11.982 E/RILD    ( 3504): Modem status[waiting: 0x3, current: 0x4]
12-15 02:28:12.182 E/RILD    ( 3504): Modem status[waiting: 0x3, current: 0x4]
12-15 02:28:12.383 E/RILD    ( 3504): Modem status[waiting: 0x3, current: 0x4]
12-15 02:28:12.583 E/RILD    ( 3504): Modem status[waiting: 0x3, current: 0x4]
12-15 02:28:12.783 E/RILD    ( 3504): Modem status[waiting: 0x3, current: 0x4]
12-15 02:28:12.983 E/RILD    ( 3504): Modem status[waiting: 0x3, current: 0x4]
12-15 02:28:13.183 E/RILD    ( 3504): Modem status[waiting: 0x3, current: 0x4]
12-15 02:28:13.384 E/RILD    ( 3504): Modem status[waiting: 0x3, current: 0x4]
12-15 02:28:13.584 E/RILD    ( 3504): Modem status[waiting: 0x3, current: 0x4]
12-15 02:28:13.785 E/RILD    ( 3504): Modem status[waiting: 0x3, current: 0x4]
12-15 02:28:13.985 E/RILD    ( 3504): Modem status[waiting: 0x3, current: 0x4]
12-15 02:28:14.186 E/RILD    ( 3504): Modem status[waiting: 0x3, current: 0x4]
12-15 02:28:14.386 E/RILD    ( 3504): Modem status[waiting: 0x3, current: 0x4]
12-15 02:28:14.587 E/RILD    ( 3504): Modem status[waiting: 0x3, current: 0x4]
12-15 02:28:14.787 E/RILD    ( 3504): Modem status[waiting: 0x3, current: 0x4]
12-15 02:28:14.988 E/RILD    ( 3504): Modem status[waiting: 0x3, current: 0x4]
12-15 02:28:15.188 E/RILD    ( 3504): Modem status[waiting: 0x3, current: 0x4]
12-15 02:28:15.389 E/RILD    ( 3504): Modem status[waiting: 0x3, current: 0x4]
12-15 02:28:15.589 E/RILD    ( 3504): Modem status[waiting: 0x3, current: 0x4]
12-15 02:28:15.789 E/RILD    ( 3504): Modem status[waiting: 0x3, current: 0x4]
12-15 02:28:15.990 E/RILD    ( 3504): Modem status[waiting: 0x3, current: 0x4]
12-15 02:28:16.190 E/RILD    ( 3504): Modem status[waiting: 0x3, current: 0x4]
12-15 02:28:16.391 E/RILD    ( 3504): Modem boot timeout
12-15 02:28:16.391 E/RILD    ( 3504): Wait boot ready
12-15 02:28:16.391 E/RILD    ( 3504): Modem status[waiting: 0x3, current: 0x4]
12-15 02:28:16.592 E/RILD    ( 3504): Modem status[waiting: 0x3, current: 0x4]
12-15 02:28:16.792 E/RILD    ( 3504): Modem status[waiting: 0x3, current: 0x4]
12-15 02:28:16.993 E/RILD    ( 3504): Modem status[waiting: 0x3, current: 0x4]
12-15 02:28:17.193 E/RILD    ( 3504): Modem status[waiting: 0x3, current: 0x4]
12-15 02:28:17.394 E/RILD    ( 3504): Modem status[waiting: 0x3, current: 0x4]
12-15 02:28:17.594 E/RILD    ( 3504): Modem status[waiting: 0x3, current: 0x4]
12-15 02:28:17.795 E/RILD    ( 3504): Modem status[waiting: 0x3, current: 0x4]
12-15 02:28:17.995 E/RILD    ( 3504): Modem status[waiting: 0x3, current: 0x4]
12-15 02:28:18.196 E/RILD    ( 3504): Modem status[waiting: 0x3, current: 0x4]
12-15 02:28:18.396 E/RILD    ( 3504): Modem status[waiting: 0x3, current: 0x4]
12-15 02:28:18.596 E/RILD    ( 3504): Modem status[waiting: 0x3, current: 0x4]
12-15 02:28:18.797 E/RILD    ( 3504): Modem status[waiting: 0x3, current: 0x4]
12-15 02:28:18.862 E/use-Rlog/RLOG-RILClient( 3019): Connect_RILD: Connecting failed. Connection refused(111)
12-15 02:28:18.997 E/RILD    ( 3504): Modem status[waiting: 0x3, current: 0x4]
12-15 02:28:19.202 E/RILD    ( 3504): Modem status[waiting: 0x3, current: 0x4]
12-15 02:28:19.402 E/RILD    ( 3504): Modem status[waiting: 0x3, current: 0x4]
12-15 02:28:19.425 D/DCT     ( 3994): [0]onReceive: action=android.net.wifi.WIFI_STATE_CHANGED
12-15 02:28:19.425 D/DCT     ( 3994): [0]WIFI_STATE_CHANGED_ACTION: enabled=false mIsWifiConnected=false
12-15 02:28:19.441 D/DCT     ( 3994): [0]onReceive: action=android.net.wifi.WIFI_STATE_CHANGED
12-15 02:28:19.441 D/DCT     ( 3994): [0]WIFI_STATE_CHANGED_ACTION: enabled=true mIsWifiConnected=false
12-15 02:28:19.448 D/DCT     ( 3994): [0]hasMatchedTetherApnSetting: APN=null
12-15 02:28:19.468 D/DCT     ( 3994): [0]onReceive: action=android.net.wifi.STATE_CHANGE
12-15 02:28:19.468 D/DCT     ( 3994): [0]NETWORK_STATE_CHANGED_ACTION: mIsWifiConnected=false
12-15 02:28:19.566 D/DCT     ( 3994): [0]onReceive: action=android.net.wifi.STATE_CHANGE
12-15 02:28:19.567 D/DCT     ( 3994): [0]NETWORK_STATE_CHANGED_ACTION: mIsWifiConnected=false
12-15 02:28:19.567 D/DCT     ( 3994): [0]onReceive: action=android.net.wifi.STATE_CHANGE
12-15 02:28:19.568 D/DCT     ( 3994): [0]NETWORK_STATE_CHANGED_ACTION: mIsWifiConnected=false
12-15 02:28:19.602 E/RILD    ( 3504): Modem status[waiting: 0x3, current: 0x4]
12-15 02:28:19.802 E/RILD    ( 3504): Modem status[waiting: 0x3, current: 0x4]
12-15 02:28:20.002 E/RILD    ( 3504): Modem status[waiting: 0x3, current: 0x4]
12-15 02:28:20.203 E/RILD    ( 3504): Modem status[waiting: 0x3, current: 0x4]
12-15 02:28:20.403 E/RILD    ( 3504): Modem status[waiting: 0x3, current: 0x4]
12-15 02:28:20.603 E/RILD    ( 3504): Modem status[waiting: 0x3, current: 0x4]
12-15 02:28:20.803 E/RILD    ( 3504): Modem status[waiting: 0x3, current: 0x4]
12-15 02:28:21.004 E/RILD    ( 3504): Modem status[waiting: 0x3, current: 0x4]
12-15 02:28:21.204 E/RILD    ( 3504): Modem status[waiting: 0x3, current: 0x4]
12-15 02:28:21.404 E/RILD    ( 3504): Modem status[waiting: 0x3, current: 0x4]
12-15 02:28:21.605 E/RILD    ( 3504): Modem status[waiting: 0x3, current: 0x4]
12-15 02:28:21.805 E/RILD    ( 3504): Modem status[waiting: 0x3, current: 0x4]
12-15 02:28:22.006 E/RILD    ( 3504): Modem status[waiting: 0x3, current: 0x4]
12-15 02:28:22.206 E/RILD    ( 3504): Modem status[waiting: 0x3, current: 0x4]
12-15 02:28:22.406 E/RILD    ( 3504): Modem status[waiting: 0x3, current: 0x4]
12-15 02:28:22.607 E/RILD    ( 3504): Modem status[waiting: 0x3, current: 0x4]
12-15 02:28:22.808 E/RILD    ( 3504): Modem status[waiting: 0x3, current: 0x4]
12-15 02:28:23.008 E/RILD    ( 3504): Modem status[waiting: 0x3, current: 0x4]
12-15 02:28:23.209 E/RILD    ( 3504): Modem status[waiting: 0x3, current: 0x4]
12-15 02:28:23.409 E/RILD    ( 3504): Modem status[waiting: 0x3, current: 0x4]
12-15 02:28:23.609 E/RILD    ( 3504): Modem status[waiting: 0x3, current: 0x4]
12-15 02:28:23.810 E/RILD    ( 3504): Modem status[waiting: 0x3, current: 0x4]
12-15 02:28:24.010 E/RILD    ( 3504): Modem status[waiting: 0x3, current: 0x4]
12-15 02:28:24.211 E/RILD    ( 3504): Modem status[waiting: 0x3, current: 0x4]
12-15 02:28:24.411 E/RILD    ( 3504): Modem status[waiting: 0x3, current: 0x4]
12-15 02:28:24.611 E/RILD    ( 3504): Modem status[waiting: 0x3, current: 0x4]
12-15 02:28:24.812 E/RILD    ( 3504): Modem status[waiting: 0x3, current: 0x4]
12-15 02:28:25.012 E/RILD    ( 3504): Modem status[waiting: 0x3, current: 0x4]
12-15 02:28:25.212 E/RILD    ( 3504): Modem status[waiting: 0x3, current: 0x4]
12-15 02:28:25.412 E/RILD    ( 3504): Modem status[waiting: 0x3, current: 0x4]
12-15 02:28:25.613 E/RILD    ( 3504): Modem status[waiting: 0x3, current: 0x4]
12-15 02:28:25.813 E/RILD    ( 3504): Modem status[waiting: 0x3, current: 0x4]
12-15 02:28:26.013 E/RILD    ( 3504): Modem status[waiting: 0x3, current: 0x4]
12-15 02:28:26.214 E/RILD    ( 3504): Modem status[waiting: 0x3, current: 0x4]
12-15 02:28:26.414 E/RILD    ( 3504): Modem status[waiting: 0x3, current: 0x4]
12-15 02:28:26.614 E/RILD    ( 3504): Modem status[waiting: 0x3, current: 0x4]
12-15 02:28:26.815 E/RILD    ( 3504): Modem status[waiting: 0x3, current: 0x4]
12-15 02:28:27.015 E/RILD    ( 3504): Modem status[waiting: 0x3, current: 0x4]
12-15 02:28:27.216 E/RILD    ( 3504): Modem status[waiting: 0x3, current: 0x4]
12-15 02:28:27.416 E/RILD    ( 3504): Modem status[waiting: 0x3, current: 0x4]
12-15 02:28:27.616 E/RILD    ( 3504): Modem status[waiting: 0x3, current: 0x4]
12-15 02:28:27.817 E/RILD    ( 3504): Modem status[waiting: 0x3, current: 0x4]
12-15 02:28:28.017 E/RILD    ( 3504): Modem status[waiting: 0x3, current: 0x4]
12-15 02:28:28.218 E/RILD    ( 3504): Modem status[waiting: 0x3, current: 0x4]
12-15 02:28:28.418 E/RILD    ( 3504): Modem status[waiting: 0x3, current: 0x4]
12-15 02:28:28.619 E/RILD    ( 3504): Modem status[waiting: 0x3, current: 0x4]
12-15 02:28:28.819 E/RILD    ( 3504): Modem status[waiting: 0x3, current: 0x4]
12-15 02:28:29.019 E/RILD    ( 3504): Modem status[waiting: 0x3, current: 0x4]
12-15 02:28:29.220 E/RILD    ( 3504): Modem status[waiting: 0x3, current: 0x4]
12-15 02:28:29.420 E/RILD    ( 3504): Modem status[waiting: 0x3, current: 0x4]
12-15 02:28:29.621 E/RILD    ( 3504): Modem status[waiting: 0x3, current: 0x4]
12-15 02:28:29.821 E/RILD    ( 3504): Modem status[waiting: 0x3, current: 0x4]
12-15 02:28:30.021 E/RILD    ( 3504): Modem status[waiting: 0x3, current: 0x4]
12-15 02:28:30.221 E/RILD    ( 3504): Modem status[waiting: 0x3, current: 0x4]
12-15 02:28:30.421 E/RILD    ( 3504): Modem status[waiting: 0x3, current: 0x4]
12-15 02:28:30.622 E/RILD    ( 3504): Modem status[waiting: 0x3, current: 0x4]
12-15 02:28:30.822 E/RILD    ( 3504): Modem status[waiting: 0x3, current: 0x4]
12-15 02:28:31.022 E/RILD    ( 3504): Modem status[waiting: 0x3, current: 0x4]
12-15 02:28:31.222 E/RILD    ( 3504): Modem status[waiting: 0x3, current: 0x4]
12-15 02:28:31.423 E/RILD    ( 3504): Modem status[waiting: 0x3, current: 0x4]
12-15 02:28:31.623 E/RILD    ( 3504): Modem status[waiting: 0x3, current: 0x4]
12-15 02:28:31.823 E/RILD    ( 3504): Modem status[waiting: 0x3, current: 0x4]
12-15 02:28:32.023 E/RILD    ( 3504): Modem status[waiting: 0x3, current: 0x4]
12-15 02:28:32.224 E/RILD    ( 3504): Modem status[waiting: 0x3, current: 0x4]
12-15 02:28:32.424 E/RILD    ( 3504): Modem status[waiting: 0x3, current: 0x4]
12-15 02:28:32.624 E/RILD    ( 3504): Modem status[waiting: 0x3, current: 0x4]
12-15 02:28:32.825 E/RILD    ( 3504): Modem status[waiting: 0x3, current: 0x4]
12-15 02:28:33.025 E/RILD    ( 3504): Modem status[waiting: 0x3, current: 0x4]
12-15 02:28:33.225 E/RILD    ( 3504): Modem status[waiting: 0x3, current: 0x4]
12-15 02:28:33.426 E/RILD    ( 3504): Modem status[waiting: 0x3, current: 0x4]
12-15 02:28:33.626 E/RILD    ( 3504): Modem status[waiting: 0x3, current: 0x4]
12-15 02:28:33.828 E/RILD    ( 3504): Modem status[waiting: 0x3, current: 0x4]
12-15 02:28:34.028 E/RILD    ( 3504): Modem status[waiting: 0x3, current: 0x4]
12-15 02:28:34.228 E/RILD    ( 3504): Modem status[waiting: 0x3, current: 0x4]
12-15 02:28:34.429 E/RILD    ( 3504): Modem status[waiting: 0x3, current: 0x4]
12-15 02:28:34.629 E/RILD    ( 3504): Modem boot timeout
12-15 02:28:34.629 E/RILD    ( 3504): Wait boot ready
12-15 02:28:34.629 E/RILD    ( 3504): Modem status[waiting: 0x3, current: 0x4]
12-15 02:28:34.829 E/RILD    ( 3504): Modem status[waiting: 0x3, current: 0x4]
12-15 02:28:35.029 E/RILD    ( 3504): Modem status[waiting: 0x3, current: 0x4]
12-15 02:28:35.229 E/RILD    ( 3504): Modem status[waiting: 0x3, current: 0x4]
12-15 02:28:35.430 E/RILD    ( 3504): Modem status[waiting: 0x3, current: 0x4]
12-15 02:28:35.631 E/RILD    ( 3504): Modem status[waiting: 0x3, current: 0x4]
12-15 02:28:35.824 D/DCT     ( 3994): [0]onReceive: action=android.net.wifi.STATE_CHANGE
12-15 02:28:35.825 D/DCT     ( 3994): [0]NETWORK_STATE_CHANGED_ACTION: mIsWifiConnected=false
12-15 02:28:35.831 E/RILD    ( 3504): Modem status[waiting: 0x3, current: 0x4]
12-15 02:28:35.897 D/DCT     ( 3994): [0]onReceive: action=android.net.wifi.STATE_CHANGE
12-15 02:28:35.898 D/DCT     ( 3994): [0]NETWORK_STATE_CHANGED_ACTION: mIsWifiConnected=false
12-15 02:28:35.899 D/DCT     ( 3994): [0]onReceive: action=android.net.wifi.STATE_CHANGE
12-15 02:28:35.900 D/DCT     ( 3994): [0]NETWORK_STATE_CHANGED_ACTION: mIsWifiConnected=false
12-15 02:28:35.929 D/DCT     ( 3994): [0]onReceive: action=android.net.wifi.STATE_CHANGE
12-15 02:28:35.930 D/DCT     ( 3994): [0]NETWORK_STATE_CHANGED_ACTION: mIsWifiConnected=false
12-15 02:28:35.932 D/DCT     ( 3994): [0]onReceive: action=android.net.wifi.STATE_CHANGE
12-15 02:28:35.932 D/DCT     ( 3994): [0]NETWORK_STATE_CHANGED_ACTION: mIsWifiConnected=false
12-15 02:28:35.961 D/DCT     ( 3994): [0]onReceive: action=android.net.wifi.STATE_CHANGE
12-15 02:28:35.961 D/DCT     ( 3994): [0]NETWORK_STATE_CHANGED_ACTION: mIsWifiConnected=false
12-15 02:28:36.031 E/RILD    ( 3504): Modem status[waiting: 0x3, current: 0x4]
12-15 02:28:36.231 E/RILD    ( 3504): Modem status[waiting: 0x3, current: 0x4]
12-15 02:28:36.432 E/RILD    ( 3504): Modem status[waiting: 0x3, current: 0x4]
12-15 02:28:36.632 E/RILD    ( 3504): Modem status[waiting: 0x3, current: 0x4]
12-15 02:28:36.762 D/DCT     ( 3994): [0]onReceive: action=android.net.wifi.STATE_CHANGE
12-15 02:28:36.764 D/DCT     ( 3994): [0]NETWORK_STATE_CHANGED_ACTION: mIsWifiConnected=true
12-15 02:28:36.775 D/DCT     ( 3994): [0]onReceive: action=android.net.wifi.STATE_CHANGE
12-15 02:28:36.776 D/DCT     ( 3994): [0]NETWORK_STATE_CHANGED_ACTION: mIsWifiConnected=true
12-15 02:28:36.832 E/RILD    ( 3504): Modem status[waiting: 0x3, current: 0x4]
12-15 02:28:36.919 D/SubscriptionController( 3994): [getSubId]- sSlotIdxToSubId.size == 0, return DummySubIds slotIdx=0
12-15 02:28:36.919 D/DctController( 3994): [TNF -2]Cellular releasing Network for NetworkRequest [ id=1, legacyType=-1, [ Capabilities: INTERNET&NOT_RESTRICTED&TRUSTED&NOT_VPN] ]
12-15 02:28:36.919 D/SubscriptionController( 3994): [getSubId]- sSlotIdxToSubId.size == 0, return DummySubIds slotIdx=0
12-15 02:28:36.919 D/DctController( 3994): [TNF -2]Sub Info has not been ready, remove request.
12-15 02:28:36.927 D/SubscriptionController( 3994): getSimStateForSlotIdx:  simState=NOT_READY ordinal=6
12-15 02:28:36.930 D/SubscriptionManager( 4106): getSimStateForSubscriber: simState=6 slotIdx=0
12-15 02:28:37.033 E/RILD    ( 3504): Modem status[waiting: 0x3, current: 0x4]
12-15 02:28:37.137 E/RILD    ( 3504): Modem status[waiting: 0x3, current: 0x4]
12-15 02:28:37.337 E/RILD    ( 3504): Modem status[waiting: 0x3, current: 0x4]
12-15 02:28:37.538 E/RILD    ( 3504): Modem status[waiting: 0x3, current: 0x4]
12-15 02:28:37.738 E/RILD    ( 3504): Modem status[waiting: 0x3, current: 0x4]
12-15 02:28:37.938 E/RILD    ( 3504): Modem status[waiting: 0x3, current: 0x4]
12-15 02:28:38.139 E/RILD    ( 3504): Modem status[waiting: 0x3, current: 0x4]
12-15 02:28:38.339 E/RILD    ( 3504): Modem status[waiting: 0x3, current: 0x4]
12-15 02:28:38.540 E/RILD    ( 3504): Modem status[waiting: 0x3, current: 0x4]
12-15 02:28:38.740 E/RILD    ( 3504): Modem status[waiting: 0x3, current: 0x4]
12-15 02:28:38.941 E/RILD    ( 3504): Modem status[waiting: 0x3, current: 0x4]
12-15 02:28:39.141 E/RILD    ( 3504): Modem status[waiting: 0x3, current: 0x4]
12-15 02:28:39.341 E/RILD    ( 3504): Modem status[waiting: 0x3, current: 0x4]
12-15 02:28:39.542 E/RILD    ( 3504): Modem status[waiting: 0x3, current: 0x4]
12-15 02:28:39.742 E/RILD    ( 3504): Modem status[waiting: 0x3, current: 0x4]
12-15 02:28:39.943 E/RILD    ( 3504): Modem status[waiting: 0x3, current: 0x4]
12-15 02:28:40.143 E/RILD    ( 3504): Modem status[waiting: 0x3, current: 0x4]
12-15 02:28:40.343 E/RILD    ( 3504): Modem status[waiting: 0x3, current: 0x4]
12-15 02:28:40.543 E/RILD    ( 3504): Modem status[waiting: 0x3, current: 0x4]
12-15 02:28:40.744 E/RILD    ( 3504): Modem status[waiting: 0x3, current: 0x4]
12-15 02:28:40.944 E/RILD    ( 3504): Modem status[waiting: 0x3, current: 0x4]
12-15 02:28:41.144 E/RILD    ( 3504): Modem status[waiting: 0x3, current: 0x4]
12-15 02:28:41.344 E/RILD    ( 3504): Modem status[waiting: 0x3, current: 0x4]
12-15 02:28:41.545 E/RILD    ( 3504): Modem status[waiting: 0x3, current: 0x4]
12-15 02:28:41.745 E/RILD    ( 3504): Modem status[waiting: 0x3, current: 0x4]
12-15 02:28:41.946 E/RILD    ( 3504): Modem status[waiting: 0x3, current: 0x4]
12-15 02:28:42.146 E/RILD    ( 3504): Modem status[waiting: 0x3, current: 0x4]
12-15 02:28:42.346 E/RILD    ( 3504): Modem status[waiting: 0x3, current: 0x4]
