12-04 13:27:08.842 D/DCT     ( 3857): [0]isDataAllowed: not allowed due to - Attached= false - SIM not loaded - SIM not loaded and not NV subscription - defaultDataSelected= false
12-04 13:27:08.847 D/SubscriptionController( 3857): [getPhoneId]- invalid subId return=-1
12-04 13:27:08.849 D/SubscriptionController( 3857): [getSubId]- sSlotIdxToSubId.size == 0, return DummySubIds slotIdx=0
12-04 13:27:08.854 D/DCT     ( 3857): [0]isDataAllowed: not allowed due to - Attached= false - SIM not loaded - SIM not loaded and not NV subscription - defaultDataSelected= false
12-04 13:27:08.860 D/SubscriptionController( 3857): [getPhoneId]- invalid subId return=-1
12-04 13:27:08.862 D/SubscriptionController( 3857): [getSubId]- sSlotIdxToSubId.size == 0, return DummySubIds slotIdx=0
12-04 13:27:08.864 D/DCT     ( 3857): [0]isDataAllowed: not allowed due to - Attached= false - SIM not loaded - SIM not loaded and not NV subscription - defaultDataSelected= false
12-04 13:27:08.865 D/SubscriptionController( 3857): [getPhoneId]- invalid subId return=-1
12-04 13:27:08.867 D/SubscriptionController( 3857): [getSubId]- sSlotIdxToSubId.size == 0, return DummySubIds slotIdx=0
12-04 13:27:08.868 D/DCT     ( 3857): [0]isDataAllowed: not allowed due to - Attached= false - SIM not loaded - SIM not loaded and not NV subscription - defaultDataSelected= false
12-04 13:27:08.869 D/SubscriptionController( 3857): [getPhoneId]- invalid subId return=-1
12-04 13:27:08.869 D/SubscriptionController( 3857): [getSlotId]- subId invalid
12-04 13:27:08.875 D/SubscriptionController( 3857): [getSubId]- sSlotIdxToSubId.size == 0, return DummySubIds slotIdx=0
12-04 13:27:08.881 D/DCT     ( 3857): [0]isDataAllowed: not allowed due to - Attached= false - SIM not loaded - SIM not loaded and not NV subscription - defaultDataSelected= false
12-04 13:27:08.881 D/SubscriptionController( 3857): [getPhoneId]- invalid subId return=-1
12-04 13:27:08.882 D/SubscriptionController( 3857): [getSubId]- sSlotIdxToSubId.size == 0, return DummySubIds slotIdx=0
12-04 13:27:08.884 D/DCT     ( 3857): [0]isDataAllowed: not allowed due to - Attached= false - SIM not loaded - SIM not loaded and not NV subscription - defaultDataSelected= false
12-04 13:27:08.886 D/SubscriptionController( 3857): [getPhoneId]- invalid subId return=-1
12-04 13:27:08.892 D/SubscriptionController( 3857): [getSubId]- sSlotIdxToSubId.size == 0, return DummySubIds slotIdx=0
12-04 13:27:08.895 D/DCT     ( 3857): [0]isDataAllowed: not allowed due to - Attached= false - SIM not loaded - SIM not loaded and not NV subscription - defaultDataSelected= false
12-04 13:27:08.896 D/SubscriptionController( 3857): [getPhoneId]- invalid subId return=-1
12-04 13:27:08.897 D/SubscriptionController( 3857): [getSubId]- sSlotIdxToSubId.size == 0, return DummySubIds slotIdx=0
12-04 13:27:08.897 D/DCT     ( 3857): [0]isDataAllowed: not allowed due to - Attached= false - SIM not loaded - SIM not loaded and not NV subscription - defaultDataSelected= false
12-04 13:27:08.898 D/SubscriptionController( 3857): [getPhoneId]- invalid subId return=-1
12-04 13:27:08.898 D/DCT     ( 3857): [0]handleMessage msg={ when=-630ms what=270345 obj=android.os.AsyncResult@c913a9f target=com.android.internal.telephony.dataconnection.DcTracker }
12-04 13:27:08.898 D/DCT     ( 3857): [0]onDataConnectionDetached: stop polling and notify detached
12-04 13:27:08.898 D/DCT     ( 3857): [0]stopNetStatPoll
12-04 13:27:08.898 D/SubscriptionController( 3857): [getSubId]- sSlotIdxToSubId.size == 0, return DummySubIds slotIdx=0
12-04 13:27:08.899 D/DCT     ( 3857): [0]notifyDataConnection: reason=dataDetached
12-04 13:27:08.899 D/SubscriptionController( 3857): [getSubId]- sSlotIdxToSubId.size == 0, return DummySubIds slotIdx=0
12-04 13:27:08.899 D/DCT     ( 3857): [0]isDataAllowed: not allowed due to - Attached= false - SIM not loaded - SIM not loaded and not NV subscription - defaultDataSelected= false
12-04 13:27:08.900 D/SubscriptionController( 3857): [getPhoneId]- invalid subId return=-1
12-04 13:27:08.900 D/SubscriptionController( 3857): getSimStateForSlotIdx:  simState=NOT_READY ordinal=6
12-04 13:27:08.902 D/SubscriptionController( 3857): [getSubId]- sSlotIdxToSubId.size == 0, return DummySubIds slotIdx=0
12-04 13:27:08.903 D/DCT     ( 3857): [0]isDataAllowed: not allowed due to - Attached= false - SIM not loaded - SIM not loaded and not NV subscription - defaultDataSelected= false
12-04 13:27:08.903 D/SubscriptionController( 3857): [getPhoneId]- invalid subId return=-1
12-04 13:27:08.905 D/SubscriptionController( 3857): [getSubId]- sSlotIdxToSubId.size == 0, return DummySubIds slotIdx=0
12-04 13:27:08.905 D/DCT     ( 3857): [0]isDataAllowed: not allowed due to - Attached= false - SIM not loaded - SIM not loaded and not NV subscription - defaultDataSelected= false
12-04 13:27:08.908 D/SubscriptionController( 3857): [getPhoneId]- invalid subId return=-1
12-04 13:27:08.909 D/SubscriptionController( 3857): [getSubId]- sSlotIdxToSubId.size == 0, return DummySubIds slotIdx=0
12-04 13:27:08.910 D/DCT     ( 3857): [0]isDataAllowed: not allowed due to - Attached= false - SIM not loaded - SIM not loaded and not NV subscription - defaultDataSelected= false
12-04 13:27:08.911 D/SubscriptionManager( 3475): getSimStateForSubscriber: simState=6 slotIdx=0
12-04 13:27:08.911 D/SubscriptionController( 3857): [getPhoneId]- invalid subId return=-1
12-04 13:27:08.912 D/TelephonyManager( 3475): getSimState: default sim:-1, sim state for slotIdx=0 is 6, return state as unknown
12-04 13:27:08.913 D/SubscriptionController( 3857): [getSubId]- sSlotIdxToSubId.size == 0, return DummySubIds slotIdx=0
12-04 13:27:08.914 D/DCT     ( 3857): [0]isDataAllowed: not allowed due to - Attached= false - SIM not loaded - SIM not loaded and not NV subscription - defaultDataSelected= false
12-04 13:27:08.916 D/SubscriptionController( 3857): [getPhoneId]- invalid subId return=-1
12-04 13:27:08.916 D/SubscriptionController( 3857): [getSubId]- sSlotIdxToSubId.size == 0, return DummySubIds slotIdx=0
12-04 13:27:08.917 D/DCT     ( 3857): [0]isDataAllowed: not allowed due to - Attached= false - SIM not loaded - SIM not loaded and not NV subscription - defaultDataSelected= false
12-04 13:27:08.920 D/SubscriptionController( 3857): [getPhoneId]- invalid subId return=-1
12-04 13:27:08.923 D/SubscriptionController( 3857): [getSubId]- sSlotIdxToSubId.size == 0, return DummySubIds slotIdx=0
12-04 13:27:08.927 D/DCT     ( 3857): [0]isDataAllowed: not allowed due to - Attached= false - SIM not loaded - SIM not loaded and not NV subscription - defaultDataSelected= false
12-04 13:27:08.929 D/SubscriptionController( 3857): [getPhoneId]- invalid subId return=-1
12-04 13:27:08.930 D/SubscriptionController( 3857): [getSubId]- sSlotIdxToSubId.size == 0, return DummySubIds slotIdx=0
12-04 13:27:08.932 D/DCT     ( 3857): [0]isDataAllowed: not allowed due to - Attached= false - SIM not loaded - SIM not loaded and not NV subscription - defaultDataSelected= false
12-04 13:27:08.932 D/SubscriptionController( 3857): [getPhoneId]- invalid subId return=-1
12-04 13:27:08.934 D/SubscriptionController( 3857): [getSubId]- sSlotIdxToSubId.size == 0, return DummySubIds slotIdx=0
12-04 13:27:08.939 D/DCT     ( 3857): [0]isDataAllowed: not allowed due to - Attached= false - SIM not loaded - SIM not loaded and not NV subscription - defaultDataSelected= false
12-04 13:27:08.945 D/SubscriptionController( 3857): [getPhoneId]- invalid subId return=-1
12-04 13:27:08.947 D/DCT     ( 3857): [0]handleMessage msg={ when=-678ms what=270348 obj=android.os.AsyncResult@fac97ec target=com.android.internal.telephony.dataconnection.DcTracker }
12-04 13:27:08.947 D/DCT     ( 3857): [0]onRoamingOff
12-04 13:27:08.947 D/SubscriptionController( 3857): [getSubId]- sSlotIdxToSubId.size == 0, return DummySubIds slotIdx=0
12-04 13:27:08.947 D/DCT     ( 3857): [0]getDataOnRoamingEnabled: phoneSubId=-2 isDataRoamingEnabled=false
12-04 13:27:08.947 D/SubscriptionController( 3857): [getSubId]- sSlotIdxToSubId.size == 0, return DummySubIds slotIdx=0
12-04 13:27:08.947 D/DCT     ( 3857): [0]isDataAllowed: not allowed due to - Attached= false - SIM not loaded - SIM not loaded and not NV subscription - defaultDataSelected= false
12-04 13:27:08.948 D/SubscriptionController( 3857): [getPhoneId]- invalid subId return=-1
12-04 13:27:08.950 D/SubscriptionController( 3857): [getSubId]- sSlotIdxToSubId.size == 0, return DummySubIds slotIdx=0
12-04 13:27:08.958 D/DCT     ( 3857): [0]isDataAllowed: not allowed due to - Attached= false - SIM not loaded - SIM not loaded and not NV subscription - defaultDataSelected= false
12-04 13:27:08.959 D/SubscriptionController( 3857): [getPhoneId]- invalid subId return=-1
12-04 13:27:08.960 D/SubscriptionController( 3857): [getSubId]- sSlotIdxToSubId.size == 0, return DummySubIds slotIdx=0
12-04 13:27:08.961 D/DCT     ( 3857): [0]isDataAllowed: not allowed due to - Attached= false - SIM not loaded - SIM not loaded and not NV subscription - defaultDataSelected= false
12-04 13:27:08.961 D/SubscriptionController( 3857): [getPhoneId]- invalid subId return=-1
12-04 13:27:08.962 D/SubscriptionController( 3857): [getSubId]- sSlotIdxToSubId.size == 0, return DummySubIds slotIdx=0
12-04 13:27:08.963 D/DCT     ( 3857): [0]isDataAllowed: not allowed due to - Attached= false - SIM not loaded - SIM not loaded and not NV subscription - defaultDataSelected= false
12-04 13:27:08.963 D/SubscriptionController( 3857): [getPhoneId]- invalid subId return=-1
12-04 13:27:08.964 D/SubscriptionController( 3857): [getSubId]- sSlotIdxToSubId.size == 0, return DummySubIds slotIdx=0
12-04 13:27:08.964 D/DCT     ( 3857): [0]isDataAllowed: not allowed due to - Attached= false - SIM not loaded - SIM not loaded and not NV subscription - defaultDataSelected= false
12-04 13:27:08.965 D/SubscriptionController( 3857): [getPhoneId]- invalid subId return=-1
12-04 13:27:08.966 D/SubscriptionController( 3857): [getSubId]- sSlotIdxToSubId.size == 0, return DummySubIds slotIdx=0
12-04 13:27:08.966 E/RILD    ( 2981): Modem status[waiting: 0x3, current: 0x0]
12-04 13:27:08.966 D/DCT     ( 3857): [0]isDataAllowed: not allowed due to - Attached= false - SIM not loaded - SIM not loaded and not NV subscription - defaultDataSelected= false
12-04 13:27:08.967 D/SubscriptionController( 3857): [getPhoneId]- invalid subId return=-1
12-04 13:27:08.968 D/SubscriptionController( 3857): [getSubId]- sSlotIdxToSubId.size == 0, return DummySubIds slotIdx=0
12-04 13:27:08.969 D/DCT     ( 3857): [0]isDataAllowed: not allowed due to - Attached= false - SIM not loaded - SIM not loaded and not NV subscription - defaultDataSelected= false
12-04 13:27:08.969 D/SubscriptionController( 3857): [getPhoneId]- invalid subId return=-1
12-04 13:27:08.970 D/SubscriptionController( 3857): [getSubId]- sSlotIdxToSubId.size == 0, return DummySubIds slotIdx=0
12-04 13:27:08.970 D/DCT     ( 3857): [0]isDataAllowed: not allowed due to - Attached= false - SIM not loaded - SIM not loaded and not NV subscription - defaultDataSelected= false
12-04 13:27:08.973 D/SubscriptionController( 3857): [getPhoneId]- invalid subId return=-1
12-04 13:27:08.974 D/SubscriptionController( 3857): [getSubId]- sSlotIdxToSubId.size == 0, return DummySubIds slotIdx=0
12-04 13:27:08.976 D/DCT     ( 3857): [0]isDataAllowed: not allowed due to - Attached= false - SIM not loaded - SIM not loaded and not NV subscription - defaultDataSelected= false
12-04 13:27:08.976 D/SubscriptionController( 3857): [getPhoneId]- invalid subId return=-1
12-04 13:27:08.978 D/DCT     ( 3857): [0]setupDataOnConnectableApns: roamingOff
12-04 13:27:08.978 D/DCT     ( 3857): [0]setupDataOnConnectableApns: apnContext {mApnType=hipri mState=IDLE mWaitingApns={null} mWaitingApnsPermanentFailureCountDown=0 mApnSetting={null} mReason=radioTurnedOff mDataEnabled=false mDependencyMet=true}
12-04 13:27:08.978 D/DCT     ( 3857): [0]setupDataOnConnectableApns: apnContext {mApnType=mms mState=IDLE mWaitingApns={null} mWaitingApnsPermanentFailureCountDown=0 mApnSetting={null} mReason=radioTurnedOff mDataEnabled=false mDependencyMet=true}
12-04 13:27:08.978 D/DCT     ( 3857): [0]setupDataOnConnectableApns: apnContext {mApnType=supl mState=IDLE mWaitingApns={null} mWaitingApnsPermanentFailureCountDown=0 mApnSetting={null} mReason=radioTurnedOff mDataEnabled=false mDependencyMet=true}
12-04 13:27:08.978 D/DCT     ( 3857): [0]setupDataOnConnectableApns: apnContext {mApnType=cbs mState=IDLE mWaitingApns={null} mWaitingApnsPermanentFailureCountDown=0 mApnSetting={null} mReason=radioTurnedOff mDataEnabled=false mDependencyMet=true}
12-04 13:27:08.978 D/DCT     ( 3857): [0]setupDataOnConnectableApns: apnContext {mApnType=dun mState=IDLE mWaitingApns={null} mWaitingApnsPermanentFailureCountDown=0 mApnSetting={null} mReason=radioTurnedOff mDataEnabled=false mDependencyMet=true}
12-04 13:27:08.978 D/DCT     ( 3857): [0]setupDataOnConnectableApns: apnContext {mApnType=fota mState=IDLE mWaitingApns={null} mWaitingApnsPermanentFailureCountDown=0 mApnSetting={null} mReason=radioTurnedOff mDataEnabled=false mDependencyMet=true}
12-04 13:27:08.978 D/DCT     ( 3857): [0]setupDataOnConnectableApns: apnContext {mApnType=ims mState=IDLE mWaitingApns={null} mWaitingApnsPermanentFailureCountDown=0 mApnSetting={null} mReason=radioTurnedOff mDataEnabled=false mDependencyMet=true}
12-04 13:27:08.978 D/DCT     ( 3857): [0]setupDataOnConnectableApns: apnContext {mApnType=default mState=IDLE mWaitingApns={null} mWaitingApnsPermanentFailureCountDown=0 mApnSetting={null} mReason=radioTurnedOff mDataEnabled=false mDependencyMet=true}
12-04 13:27:08.978 D/DCT     ( 3857): [0]setupDataOnConnectableApns: apnContext {mApnType=ia mState=IDLE mWaitingApns={null} mWaitingApnsPermanentFailureCountDown=0 mApnSetting={null} mReason=radioTurnedOff mDataEnabled=false mDependencyMet=true}
12-04 13:27:08.978 D/DCT     ( 3857): [0]handleMessage msg={ when=-710ms what=270377 obj=android.os.AsyncResult@f4ec7b5 target=com.android.internal.telephony.dataconnection.DcTracker }
12-04 13:27:08.978 D/DCT     ( 3857): [0]onUpdateIcc: newIccRecords null
12-04 13:27:08.978 D/DCT     ( 3857): [0]setupDataOnConnectableApns: nwTypeChanged
12-04 13:27:08.978 D/DCT     ( 3857): [0]setupDataOnConnectableApns: apnContext {mApnType=hipri mState=IDLE mWaitingApns={null} mWaitingApnsPermanentFailureCountDown=0 mApnSetting={null} mReason=radioTurnedOff mDataEnabled=false mDependencyMet=true}
12-04 13:27:08.978 D/DCT     ( 3857): [0]setupDataOnConnectableApns: apnContext {mApnType=mms mState=IDLE mWaitingApns={null} mWaitingApnsPermanentFailureCountDown=0 mApnSetting={null} mReason=radioTurnedOff mDataEnabled=false mDependencyMet=true}
12-04 13:27:08.978 D/DCT     ( 3857): [0]setupDataOnConnectableApns: apnContext {mApnType=supl mState=IDLE mWaitingApns={null} mWaitingApnsPermanentFailureCountDown=0 mApnSetting={null} mReason=radioTurnedOff mDataEnabled=false mDependencyMet=true}
12-04 13:27:08.978 D/DCT     ( 3857): [0]setupDataOnConnectableApns: apnContext {mApnType=cbs mState=IDLE mWaitingApns={null} mWaitingApnsPermanentFailureCountDown=0 mApnSetting={null} mReason=radioTurnedOff mDataEnabled=false mDependencyMet=true}
12-04 13:27:08.978 D/DCT     ( 3857): [0]setupDataOnConnectableApns: apnContext {mApnType=dun mState=IDLE mWaitingApns={null} mWaitingApnsPermanentFailureCountDown=0 mApnSetting={null} mReason=radioTurnedOff mDataEnabled=false mDependencyMet=true}
12-04 13:27:08.978 D/DCT     ( 3857): [0]setupDataOnConnectableApns: apnContext {mApnType=fota mState=IDLE mWaitingApns={null} mWaitingApnsPermanentFailureCountDown=0 mApnSetting={null} mReason=radioTurnedOff mDataEnabled=false mDependencyMet=true}
12-04 13:27:08.978 D/DCT     ( 3857): [0]setupDataOnConnectableApns: apnContext {mApnType=ims mState=IDLE mWaitingApns={null} mWaitingApnsPermanentFailureCountDown=0 mApnSetting={null} mReason=radioTurnedOff mDataEnabled=false mDependencyMet=true}
12-04 13:27:08.978 D/DCT     ( 3857): [0]setupDataOnConnectableApns: apnContext {mApnType=default mState=IDLE mWaitingApns={null} mWaitingApnsPermanentFailureCountDown=0 mApnSetting={null} mReason=radioTurnedOff mDataEnabled=false mDependencyMet=true}
12-04 13:27:08.978 D/DCT     ( 3857): [0]setupDataOnConnectableApns: apnContext {mApnType=ia mState=IDLE mWaitingApns={null} mWaitingApnsPermanentFailureCountDown=0 mApnSetting={null} mReason=radioTurnedOff mDataEnabled=false mDependencyMet=true}
12-04 13:27:08.978 E/PhoneProxy( 3857): [PhoneProxy] Error! This handler was not registered for this message type. Message: 9
12-04 13:27:08.978 D/SubscriptionController( 3857): [getSubId]- sSlotIdxToSubId.size == 0, return DummySubIds slotIdx=0
12-04 13:27:08.978 D/GsmSMSDispatcher( 3857): GsmSMSDispatcher: subId = -2 slotId = 0
12-04 13:27:08.979 E/IccCardProxy( 3857): setExternalState: !override and newstate unchanged from NOT_READY
12-04 13:27:08.979 E/IccCardProxy( 3857): setExternalState: !override and newstate unchanged from NOT_READY
12-04 13:27:08.979 E/IccCardProxy( 3857): setExternalState: !override and newstate unchanged from NOT_READY
12-04 13:27:08.979 D/DctController( 3857): EVENT_PHONE1_DATA_DETACH.
12-04 13:27:08.979 D/DcSwitchSM( 3857): [DcSwitchStateMachine-0] DefaultState: shouldn't happen but ignore msg.what=0x44008
12-04 13:27:08.979 D/SubscriptionController( 3857): [getSubId]- sSlotIdxToSubId.size == 0, return DummySubIds slotIdx=0
12-04 13:27:08.979 D/DctController( 3857): [TNF -2]got request NetworkRequest [ id=1, legacyType=-1, [ Capabilities: INTERNET&NOT_RESTRICTED&TRUSTED&NOT_VPN] ] with score 0
12-04 13:27:08.979 D/SubscriptionController( 3857): [getSubId]- sSlotIdxToSubId.size == 0, return DummySubIds slotIdx=0
12-04 13:27:08.979 D/DctController( 3857): [TNF -2]Cellular needs Network for NetworkRequest [ id=1, legacyType=-1, [ Capabilities: INTERNET&NOT_RESTRICTED&TRUSTED&NOT_VPN] ]
12-04 13:27:08.979 D/SubscriptionController( 3857): [getSubId]- sSlotIdxToSubId.size == 0, return DummySubIds slotIdx=0
12-04 13:27:08.979 D/SubscriptionController( 3857): [getSubId]- sSlotIdxToSubId.size == 0, return DummySubIds slotIdx=0
12-04 13:27:08.979 D/DctController( 3857): [TNF -2]Request not useable, pending request.
12-04 13:27:08.979 D/SubscriptionInfoUpdater( 3857): [Receiver]+
12-04 13:27:08.979 D/SubscriptionInfoUpdater( 3857): Action: android.intent.action.SIM_STATE_CHANGED
12-04 13:27:08.979 D/SubscriptionInfoUpdater( 3857): slotId: 0
12-04 13:27:08.979 D/SubscriptionInfoUpdater( 3857): simStatus: NOT_READY
12-04 13:27:08.979 D/SubscriptionInfoUpdater( 3857): Ignoring simStatus: NOT_READY
12-04 13:27:08.979 D/SubscriptionInfoUpdater( 3857): Wait for SIM1 IccId
12-04 13:27:08.979 D/SubscriptionInfoUpdater( 3857): [Receiver]-
12-04 13:27:08.980 D/DebugService( 3857): DebugService DebugService:
12-04 13:27:08.982 D/SipService( 3857): SipService: started!
12-04 13:27:08.985 D/SipService( 3857): start:
12-04 13:27:08.986 D/SubscriptionController( 3857): [getPhoneId]- invalid subId return=-1
12-04 13:27:08.987 D/SubscriptionController( 3857): [getSubId]- sSlotIdxToSubId.size == 0, return DummySubIds slotIdx=0
12-04 13:27:08.989 D/DCT     ( 3857): [0]handleMessage msg={ when=-272ms what=270369 obj=android.os.AsyncResult@3f12a31 target=com.android.internal.telephony.dataconnection.DcTracker }
12-04 13:27:08.989 D/DCT     ( 3857): [0]onUpdateIcc: newIccRecords null
12-04 13:27:08.989 D/SubscriptionController( 3857): [getSubId]- sSlotIdxToSubId.size == 0, return DummySubIds slotIdx=0
12-04 13:27:08.989 D/GsmSMSDispatcher( 3857): GsmSMSDispatcher: subId = -2 slotId = 0
12-04 13:27:08.989 E/IccCardProxy( 3857): setExternalState: !override and newstate unchanged from NOT_READY
12-04 13:27:08.989 D/GsmSST  ( 3857): [GsmSST] SubscriptionListener.onSubscriptionInfoChanged
12-04 13:27:08.989 D/SubscriptionController( 3857): [getSubId]- sSlotIdxToSubId.size == 0, return DummySubIds slotIdx=0
12-04 13:27:08.989 D/DCT     ( 3857): [0]SubscriptionListener.onSubscriptionInfoChanged
12-04 13:27:08.989 D/SubscriptionController( 3857): [getSubId]- sSlotIdxToSubId.size == 0, return DummySubIds slotIdx=0
12-04 13:27:08.990 D/SubscriptionController( 3857): [getActiveSubInfoList]+
12-04 13:27:08.992 D/SubscriptionController( 3857): selection:sim_id>=0 null
12-04 13:27:08.997 D/SubscriptionController( 3857): [getActiveSubInfoList]- no info return
12-04 13:27:08.998 D/SubscriptionController( 3857): [getSubId]- sSlotIdxToSubId.size == 0, return DummySubIds slotIdx=0
12-04 13:27:09.001 D/SubscriptionController( 3857): [getSubId]- sSlotIdxToSubId.size == 0, return DummySubIds slotIdx=0
12-04 13:27:09.002 D/SubscriptionController( 3857): [getSubId]- sSlotIdxToSubId.size == 0, return DummySubIds slotIdx=0
12-04 13:27:09.003 D/SubscriptionController( 3857): [getPhoneId]- invalid subId return=-1
12-04 13:27:09.004 D/SubscriptionController( 3857): [getSubId]- sSlotIdxToSubId.size == 0, return DummySubIds slotIdx=0
12-04 13:27:09.004 D/SubscriptionController( 3857): [getSubId]- sSlotIdxToSubId.size == 0, return DummySubIds slotIdx=0
12-04 13:27:09.005 D/SubscriptionController( 3857): [getSubId]- sSlotIdxToSubId.size == 0, return DummySubIds slotIdx=0
12-04 13:27:09.007 D/DCT     ( 3857): [0]hasMatchedTetherApnSetting: APN=null
12-04 13:27:09.012 D/DCT     ( 3857): [0]hasMatchedTetherApnSetting: APN=null
12-04 13:27:09.024 E/PhoneBase( 3857): Error! registerForCallWaiting() in PhoneBase should not be called, CDMAPhone inactive.
12-04 13:27:09.034 D/SubscriptionController( 3857): [getSlotId]- subId invalid
12-04 13:27:09.035 D/SubscriptionController( 3857): getSimStateForSlotIdx:  simState=NOT_READY ordinal=6
12-04 13:27:09.035 D/SubscriptionManager( 3475): getSimStateForSubscriber: simState=6 slotIdx=0
12-04 13:27:09.035 D/TelephonyManager( 3475): getSimState: default sim:-1, sim state for slotIdx=0 is 6, return state as unknown
12-04 13:27:09.040 D/SubscriptionController( 3857): [getSubId]- sSlotIdxToSubId.size == 0, return DummySubIds slotIdx=0
12-04 13:27:09.040 D/SubscriptionController( 3857): [getSubId]- sSlotIdxToSubId.size == 0, return DummySubIds slotIdx=0
12-04 13:27:09.040 D/DCT     ( 3857): [0]getDataOnRoamingEnabled: phoneSubId=-2 isDataRoamingEnabled=false
12-04 13:27:09.040 D/SubscriptionController( 3857): [getSubId]- sSlotIdxToSubId.size == 0, return DummySubIds slotIdx=0
12-04 13:27:09.040 D/DCT     ( 3857): [0]getDataOnRoamingEnabled: phoneSubId=-2 isDataRoamingEnabled=false
12-04 13:27:09.040 D/SubscriptionController( 3857): [getSubId]- sSlotIdxToSubId.size == 0, return DummySubIds slotIdx=0
12-04 13:27:09.040 D/DCT     ( 3857): [0]getDataOnRoamingEnabled: phoneSubId=-2 isDataRoamingEnabled=false
12-04 13:27:09.040 D/SubscriptionController( 3857): [getSubId]- sSlotIdxToSubId.size == 0, return DummySubIds slotIdx=0
12-04 13:27:09.040 D/DCT     ( 3857): [0]getDataOnRoamingEnabled: phoneSubId=-2 isDataRoamingEnabled=false
12-04 13:27:09.040 D/SubscriptionController( 3857): [getSubId]- sSlotIdxToSubId.size == 0, return DummySubIds slotIdx=0
12-04 13:27:09.040 D/DCT     ( 3857): [0]getDataOnRoamingEnabled: phoneSubId=-2 isDataRoamingEnabled=false
12-04 13:27:09.040 D/SubscriptionController( 3857): [getSubId]- sSlotIdxToSubId.size == 0, return DummySubIds slotIdx=0
12-04 13:27:09.040 D/DCT     ( 3857): [0]getDataOnRoamingEnabled: phoneSubId=-2 isDataRoamingEnabled=false
12-04 13:27:09.040 D/SubscriptionController( 3857): [getSubId]- sSlotIdxToSubId.size == 0, return DummySubIds slotIdx=0
12-04 13:27:09.040 D/DCT     ( 3857): [0]getDataOnRoamingEnabled: phoneSubId=-2 isDataRoamingEnabled=false
12-04 13:27:09.040 D/SubscriptionController( 3857): [getSubId]- sSlotIdxToSubId.size == 0, return DummySubIds slotIdx=0
12-04 13:27:09.040 D/DCT     ( 3857): [0]getDataOnRoamingEnabled: phoneSubId=-2 isDataRoamingEnabled=false
12-04 13:27:09.040 D/SubscriptionController( 3857): [getSubId]- sSlotIdxToSubId.size == 0, return DummySubIds slotIdx=0
12-04 13:27:09.040 D/DCT     ( 3857): [0]getDataOnRoamingEnabled: phoneSubId=-2 isDataRoamingEnabled=false
12-04 13:27:09.040 D/SubscriptionController( 3857): [getSubId]- sSlotIdxToSubId.size == 0, return DummySubIds slotIdx=0
12-04 13:27:09.040 D/DCT     ( 3857): [0]getDataOnRoamingEnabled: phoneSubId=-2 isDataRoamingEnabled=false
12-04 13:27:09.040 D/SubscriptionController( 3857): [getSubId]- sSlotIdxToSubId.size == 0, return DummySubIds slotIdx=0
12-04 13:27:09.040 D/DCT     ( 3857): [0]getDataOnRoamingEnabled: phoneSubId=-2 isDataRoamingEnabled=false
12-04 13:27:09.040 D/SubscriptionController( 3857): [getSubId]- sSlotIdxToSubId.size == 0, return DummySubIds slotIdx=0
12-04 13:27:09.040 D/DCT     ( 3857): [0]getDataOnRoamingEnabled: phoneSubId=-2 isDataRoamingEnabled=false
12-04 13:27:09.040 D/SubscriptionController( 3857): [getSubId]- sSlotIdxToSubId.size == 0, return DummySubIds slotIdx=0
12-04 13:27:09.040 D/DCT     ( 3857): [0]getDataOnRoamingEnabled: phoneSubId=-2 isDataRoamingEnabled=false
12-04 13:27:09.041 D/SubscriptionController( 3857): [getSubId]- sSlotIdxToSubId.size == 0, return DummySubIds slotIdx=0
12-04 13:27:09.041 D/DCT     ( 3857): [0]getDataOnRoamingEnabled: phoneSubId=-2 isDataRoamingEnabled=false
12-04 13:27:09.044 D/SubscriptionController( 3857): [getSubId]- sSlotIdxToSubId.size == 0, return DummySubIds slotIdx=0
12-04 13:27:09.044 D/DCT     ( 3857): [0]getDataOnRoamingEnabled: phoneSubId=-2 isDataRoamingEnabled=false
12-04 13:27:09.044 D/SubscriptionController( 3857): [getSubId]- sSlotIdxToSubId.size == 0, return DummySubIds slotIdx=0
12-04 13:27:09.044 D/DCT     ( 3857): [0]getDataOnRoamingEnabled: phoneSubId=-2 isDataRoamingEnabled=false
12-04 13:27:09.045 D/SubscriptionController( 3857): [getSubId]- sSlotIdxToSubId.size == 0, return DummySubIds slotIdx=0
12-04 13:27:09.045 D/DCT     ( 3857): [0]getDataOnRoamingEnabled: phoneSubId=-2 isDataRoamingEnabled=false
12-04 13:27:09.045 D/SubscriptionController( 3857): [getSubId]- sSlotIdxToSubId.size == 0, return DummySubIds slotIdx=0
12-04 13:27:09.045 D/DCT     ( 3857): [0]getDataOnRoamingEnabled: phoneSubId=-2 isDataRoamingEnabled=false
12-04 13:27:09.045 D/SubscriptionController( 3857): [getSubId]- sSlotIdxToSubId.size == 0, return DummySubIds slotIdx=0
12-04 13:27:09.045 D/DCT     ( 3857): [0]getDataOnRoamingEnabled: phoneSubId=-2 isDataRoamingEnabled=false
12-04 13:27:09.045 D/SubscriptionController( 3857): [getSubId]- sSlotIdxToSubId.size == 0, return DummySubIds slotIdx=0
12-04 13:27:09.045 D/DCT     ( 3857): [0]getDataOnRoamingEnabled: phoneSubId=-2 isDataRoamingEnabled=false
12-04 13:27:09.045 D/SubscriptionController( 3857): [getSubId]- sSlotIdxToSubId.size == 0, return DummySubIds slotIdx=0
12-04 13:27:09.045 D/DCT     ( 3857): [0]getDataOnRoamingEnabled: phoneSubId=-2 isDataRoamingEnabled=false
12-04 13:27:09.045 D/SubscriptionController( 3857): [getSubId]- sSlotIdxToSubId.size == 0, return DummySubIds slotIdx=0
12-04 13:27:09.045 D/DCT     ( 3857): [0]getDataOnRoamingEnabled: phoneSubId=-2 isDataRoamingEnabled=false
12-04 13:27:09.045 D/SubscriptionController( 3857): [getSubId]- sSlotIdxToSubId.size == 0, return DummySubIds slotIdx=0
12-04 13:27:09.045 D/DCT     ( 3857): [0]getDataOnRoamingEnabled: phoneSubId=-2 isDataRoamingEnabled=false
12-04 13:27:09.045 D/SubscriptionController( 3857): [getSubId]- sSlotIdxToSubId.size == 0, return DummySubIds slotIdx=0
12-04 13:27:09.045 D/DCT     ( 3857): [0]getDataOnRoamingEnabled: phoneSubId=-2 isDataRoamingEnabled=false
12-04 13:27:09.045 D/SubscriptionController( 3857): [getSubId]- sSlotIdxToSubId.size == 0, return DummySubIds slotIdx=0
12-04 13:27:09.045 D/DCT     ( 3857): [0]getDataOnRoamingEnabled: phoneSubId=-2 isDataRoamingEnabled=false
12-04 13:27:09.045 D/SubscriptionController( 3857): [getSubId]- sSlotIdxToSubId.size == 0, return DummySubIds slotIdx=0
12-04 13:27:09.045 D/DCT     ( 3857): [0]getDataOnRoamingEnabled: phoneSubId=-2 isDataRoamingEnabled=false
12-04 13:27:09.045 D/SubscriptionController( 3857): [getSubId]- sSlotIdxToSubId.size == 0, return DummySubIds slotIdx=0
12-04 13:27:09.045 D/DCT     ( 3857): [0]getDataOnRoamingEnabled: phoneSubId=-2 isDataRoamingEnabled=false
12-04 13:27:09.045 D/SubscriptionController( 3857): [getSubId]- sSlotIdxToSubId.size == 0, return DummySubIds slotIdx=0
12-04 13:27:09.045 D/DCT     ( 3857): [0]getDataOnRoamingEnabled: phoneSubId=-2 isDataRoamingEnabled=false
12-04 13:27:09.045 D/SubscriptionController( 3857): [getSubId]- sSlotIdxToSubId.size == 0, return DummySubIds slotIdx=0
12-04 13:27:09.045 D/DCT     ( 3857): [0]getDataOnRoamingEnabled: phoneSubId=-2 isDataRoamingEnabled=false
12-04 13:27:09.045 D/SubscriptionController( 3857): [getSubId]- sSlotIdxToSubId.size == 0, return DummySubIds slotIdx=0
12-04 13:27:09.045 D/DCT     ( 3857): [0]getDataOnRoamingEnabled: phoneSubId=-2 isDataRoamingEnabled=false
12-04 13:27:09.045 D/SubscriptionController( 3857): [getSubId]- sSlotIdxToSubId.size == 0, return DummySubIds slotIdx=0
12-04 13:27:09.046 D/DCT     ( 3857): [0]getDataOnRoamingEnabled: phoneSubId=-2 isDataRoamingEnabled=false
12-04 13:27:09.046 D/SubscriptionController( 3857): [getSubId]- sSlotIdxToSubId.size == 0, return DummySubIds slotIdx=0
12-04 13:27:09.046 D/DCT     ( 3857): [0]getDataOnRoamingEnabled: phoneSubId=-2 isDataRoamingEnabled=false
12-04 13:27:09.046 D/SubscriptionController( 3857): [getSubId]- sSlotIdxToSubId.size == 0, return DummySubIds slotIdx=0
12-04 13:27:09.046 D/DCT     ( 3857): [0]getDataOnRoamingEnabled: phoneSubId=-2 isDataRoamingEnabled=false
12-04 13:27:09.046 D/SubscriptionController( 3857): [getSubId]- sSlotIdxToSubId.size == 0, return DummySubIds slotIdx=0
12-04 13:27:09.046 D/DCT     ( 3857): [0]getDataOnRoamingEnabled: phoneSubId=-2 isDataRoamingEnabled=false
12-04 13:27:09.046 D/SubscriptionController( 3857): [getSubId]- sSlotIdxToSubId.size == 0, return DummySubIds slotIdx=0
12-04 13:27:09.046 D/DCT     ( 3857): [0]getDataOnRoamingEnabled: phoneSubId=-2 isDataRoamingEnabled=false
12-04 13:27:09.046 D/SubscriptionController( 3857): [getSubId]- sSlotIdxToSubId.size == 0, return DummySubIds slotIdx=0
12-04 13:27:09.046 D/DCT     ( 3857): [0]getDataOnRoamingEnabled: phoneSubId=-2 isDataRoamingEnabled=false
12-04 13:27:09.046 D/DctController( 3857): handleMessage msg={ when=-57ms what=107 target=com.android.internal.telephony.dataconnection.DctController }
12-04 13:27:09.046 D/DctController( 3857): onSubInfoReady mPhoneNum=1
12-04 13:27:09.046 D/SubscriptionController( 3857): [getSubId]- sSlotIdxToSubId.size == 0, return DummySubIds slotIdx=0
12-04 13:27:09.046 D/DctController( 3857): onSubInfoReady handle pending requests subId=-2
12-04 13:27:09.046 D/DctController( 3857): onSubInfoReady: SIM card absent on phoneId = 0
12-04 13:27:09.046 D/SubscriptionController( 3857): [getSubId]- sSlotIdxToSubId.size == 0, return DummySubIds slotIdx=0
12-04 13:27:09.046 D/DctController( 3857): [TNF -2]evalPendingRequest, pending request size is 1
12-04 13:27:09.046 D/SubscriptionController( 3857): [getSubId]- sSlotIdxToSubId.size == 0, return DummySubIds slotIdx=0
12-04 13:27:09.046 D/DctController( 3857): [TNF -2]evalPendingRequest: request = NetworkRequest [ id=1, legacyType=-1, [ Capabilities: INTERNET&NOT_RESTRICTED&TRUSTED&NOT_VPN] ]
12-04 13:27:09.046 D/SubscriptionController( 3857): [getSubId]- sSlotIdxToSubId.size == 0, return DummySubIds slotIdx=0
12-04 13:27:09.046 D/DctController( 3857): [TNF -2]Cellular needs Network for NetworkRequest [ id=1, legacyType=-1, [ Capabilities: INTERNET&NOT_RESTRICTED&TRUSTED&NOT_VPN] ]
12-04 13:27:09.046 D/SubscriptionController( 3857): [getSubId]- sSlotIdxToSubId.size == 0, return DummySubIds slotIdx=0
12-04 13:27:09.046 D/SubscriptionController( 3857): [getSubId]- sSlotIdxToSubId.size == 0, return DummySubIds slotIdx=0
12-04 13:27:09.046 D/DctController( 3857): [TNF -2]Request not useable, pending request.
12-04 13:27:09.046 D/DctController( 3857): processRequests
12-04 13:27:09.048 D/DCT     ( 3857): [0]hasMatchedTetherApnSetting: APN=null
12-04 13:27:09.050 D/SubscriptionController( 3857): [getSubId]- sSlotIdxToSubId.size == 0, return DummySubIds slotIdx=0
12-04 13:27:09.059 D/DctController( 3857): handleMessage msg={ when=-13ms what=100 target=com.android.internal.telephony.dataconnection.DctController }
12-04 13:27:09.060 D/DcSwitchAsyncChannel( 3857): [DcSwitchAsyncChannel-0]: rspIsIdle=true
12-04 13:27:09.060 D/SubscriptionController( 3857): [getPhoneId]- invalid subId return=-1
12-04 13:27:09.060 D/DcSwitchAsyncChannel( 3857): [DcSwitchAsyncChannel-0]: rspIsIdle=true
12-04 13:27:09.060 D/DctController( 3857): onProcessRequest requestedPhoneId=-1, activePhoneId=-1
12-04 13:27:09.134 D/SubscriptionController( 3857): [getSlotId]- subId invalid
12-04 13:27:09.135 D/SubscriptionController( 3857): getSimStateForSlotIdx:  simState=NOT_READY ordinal=6
12-04 13:27:09.135 D/SubscriptionManager( 3475): getSimStateForSubscriber: simState=6 slotIdx=0
12-04 13:27:09.135 D/TelephonyManager( 3475): getSimState: default sim:-1, sim state for slotIdx=0 is 6, return state as unknown
12-04 13:27:09.137 D/DCT     ( 3857): [0]hasMatchedTetherApnSetting: APN=null
12-04 13:27:09.140 D/SubscriptionController( 3857): [getSlotId]- subId invalid
12-04 13:27:09.141 D/SubscriptionController( 3857): getSimStateForSlotIdx:  simState=NOT_READY ordinal=6
12-04 13:27:09.141 D/SubscriptionManager( 3475): getSimStateForSubscriber: simState=6 slotIdx=0
12-04 13:27:09.141 D/TelephonyManager( 3475): getSimState: default sim:-1, sim state for slotIdx=0 is 6, return state as unknown
12-04 13:27:09.144 D/DCT     ( 3857): [0]hasMatchedTetherApnSetting: APN=null
12-04 13:27:09.166 E/RILD    ( 2981): Modem status[waiting: 0x3, current: 0x0]
12-04 13:27:09.366 E/RILD    ( 2981): Modem status[waiting: 0x3, current: 0x0]
12-04 13:27:09.566 E/RILD    ( 2981): Modem status[waiting: 0x3, current: 0x0]
12-04 13:27:09.629 D/SubscriptionController( 3857): [getSlotId]- subId invalid
12-04 13:27:09.629 D/SubscriptionController( 3857): getSimStateForSlotIdx:  simState=NOT_READY ordinal=6
12-04 13:27:09.629 D/SubscriptionManager( 3475): getSimStateForSubscriber: simState=6 slotIdx=0
12-04 13:27:09.629 D/TelephonyManager( 3475): getSimState: default sim:-1, sim state for slotIdx=0 is 6, return state as unknown
12-04 13:27:09.633 D/SubscriptionController( 3857): [getActiveSubInfoList]+
12-04 13:27:09.634 D/SubscriptionController( 3857): selection:sim_id>=0 null
12-04 13:27:09.635 D/DCT     ( 3857): [0]hasMatchedTetherApnSetting: APN=null
12-04 13:27:09.636 D/SubscriptionController( 3857): [getActiveSubInfoList]- no info return
12-04 13:27:09.637 D/SubscriptionController( 3857): [getSubId]- sSlotIdxToSubId.size == 0, return DummySubIds slotIdx=0
12-04 13:27:09.639 D/DCT     ( 3857): [0]hasMatchedTetherApnSetting: APN=null
12-04 13:27:09.767 E/RILD    ( 2981): Modem status[waiting: 0x3, current: 0x0]
12-04 13:27:09.967 E/RILD    ( 2981): Modem status[waiting: 0x3, current: 0x0]
12-04 13:27:10.167 E/RILD    ( 2981): Modem status[waiting: 0x3, current: 0x0]
12-04 13:27:10.367 E/RILD    ( 2981): Modem status[waiting: 0x3, current: 0x0]
12-04 13:27:10.567 E/RILD    ( 2981): Modem status[waiting: 0x3, current: 0x0]
12-04 13:27:10.767 E/RILD    ( 2981): Modem status[waiting: 0x3, current: 0x0]
12-04 13:27:10.967 E/RILD    ( 2981): Modem status[waiting: 0x3, current: 0x0]
12-04 13:27:11.133 D/DCT     ( 3857): [0]hasMatchedTetherApnSetting: APN=null
12-04 13:27:11.167 E/RILD    ( 2981): Modem status[waiting: 0x3, current: 0x0]
12-04 13:27:11.268 D/SubscriptionController( 3857): [getPhoneId] asked for default subId=-1
12-04 13:27:11.268 D/SubscriptionController( 3857): [getPhoneId]- invalid subId return=-1
12-04 13:27:11.276 D/SubscriptionController( 3857): [getPhoneId] asked for default subId=-1
12-04 13:27:11.276 D/SubscriptionController( 3857): [getPhoneId]- invalid subId return=-1
12-04 13:27:11.352 D/GsmCellBroadcastHandler( 3857): mWakeLock released
12-04 13:27:11.368 E/RILD    ( 2981): Modem status[waiting: 0x3, current: 0x0]
12-04 13:27:11.380 D/CellBroadcastHandler( 3857): mWakeLock released
12-04 13:27:11.409 D/CdmaServiceCategoryProgramHandler( 3857): mWakeLock released
12-04 13:27:11.568 E/RILD    ( 2981): Modem status[waiting: 0x3, current: 0x0]
12-04 13:27:11.673 D/CAT     ( 3857): com.android.stk.BootCompletedReceiver: [ACTION_BOOT_COMPLETED]
12-04 13:27:11.673 D/CAT     ( 3857): com.android.stk.StkAppService: onCreate()+
12-04 13:27:11.673 D/CAT     ( 3857): com.android.stk.StkAppService: simCount: 1
12-04 13:27:11.674 D/CAT     ( 3857): com.android.stk.StkAppService: slotId: 0
12-04 13:27:11.674 D/CAT     ( 3857): com.android.stk.StkAppService: onStart sim id: 0, op: 5, *****
12-04 13:27:11.674 D/CAT     ( 3857): com.android.stk.StkAppService: mStkService is: -1
12-04 13:27:11.675 D/CAT     ( 3857): StkAppInstaller: [setAppState]+
12-04 13:27:11.675 D/CAT     ( 3857): StkAppInstaller: Need not change app state!!
12-04 13:27:11.675 D/CAT     ( 3857): StkAppInstaller: [setAppState]-
12-04 13:27:11.675 D/CAT     ( 3857): com.android.stk.StkAppService: onDestroy()
12-04 13:27:11.761 D/SubscriptionController( 3857): [getActiveSubInfoList]+
12-04 13:27:11.762 D/SubscriptionController( 3857): selection:sim_id>=0 null
12-04 13:27:11.762 D/SubscriptionController( 3857): [getPhoneId] asked for default subId=-1
12-04 13:27:11.763 D/SubscriptionController( 3857): [getPhoneId]- invalid subId return=-1
12-04 13:27:11.764 D/SubscriptionController( 3857): [getActiveSubInfoList]- no info return
12-04 13:27:11.766 D/SubscriptionController( 3857): [getActiveSubInfoList]+
12-04 13:27:11.767 D/SubscriptionController( 3857): selection:sim_id>=0 null
12-04 13:27:11.768 D/SubscriptionController( 3857): [getActiveSubInfoList]+
12-04 13:27:11.768 E/RILD    ( 2981): Modem status[waiting: 0x3, current: 0x0]
12-04 13:27:11.769 D/SubscriptionController( 3857): selection:sim_id>=0 null
12-04 13:27:11.770 D/SubscriptionController( 3857): [getActiveSubInfoList]- no info return
12-04 13:27:11.772 D/SubscriptionController( 3857): [getActiveSubInfoList]- no info return
12-04 13:27:11.773 D/SubscriptionController( 3857): [getActiveSubInfoList]+
12-04 13:27:11.773 D/SubscriptionController( 3857): selection:sim_id>=0 null
12-04 13:27:11.775 D/SubscriptionController( 3857): [getActiveSubInfoList]- no info return
12-04 13:27:11.805 D/SubscriptionController( 3857): [getPhoneId] asked for default subId=-1
12-04 13:27:11.805 D/SubscriptionController( 3857): [getPhoneId]- invalid subId return=-1
12-04 13:27:11.968 E/RILD    ( 2981): Modem status[waiting: 0x3, current: 0x0]
12-04 13:27:12.168 E/RILD    ( 2981): Modem status[waiting: 0x3, current: 0x0]
12-04 13:27:12.368 E/RILD    ( 2981): Modem status[waiting: 0x3, current: 0x0]
12-04 13:27:12.568 E/RILD    ( 2981): Modem status[waiting: 0x3, current: 0x0]
12-04 13:27:12.768 E/RILD    ( 2981): Modem status[waiting: 0x3, current: 0x0]
12-04 13:27:12.933 D/DCT     ( 3857): [0]hasMatchedTetherApnSetting: APN=null
12-04 13:27:12.969 E/RILD    ( 2981): Modem status[waiting: 0x3, current: 0x0]
12-04 13:27:13.169 E/RILD    ( 2981): Modem status[waiting: 0x3, current: 0x0]
12-04 13:27:13.369 E/RILD    ( 2981): Modem status[waiting: 0x3, current: 0x0]
12-04 13:27:13.569 E/RILD    ( 2981): Modem status[waiting: 0x3, current: 0x0]
12-04 13:27:13.769 E/RILD    ( 2981): Modem status[waiting: 0x3, current: 0x0]
12-04 13:27:13.969 E/RILD    ( 2981): Modem status[waiting: 0x3, current: 0x0]
12-04 13:27:14.169 E/RILD    ( 2981): Modem status[waiting: 0x3, current: 0x0]
12-04 13:27:14.369 E/RILD    ( 2981): Modem status[waiting: 0x3, current: 0x0]
12-04 13:27:14.570 E/RILD    ( 2981): Modem status[waiting: 0x3, current: 0x0]
