12-15 02:27:48.201 D/DCT     ( 3994): [0]initApnContexts: apnContext={mApnType=hipri mState=IDLE mWaitingApns={null} mWaitingApnsPermanentFailureCountDown=0 mApnSetting={null} mReason=dataEnabled mDataEnabled=false mDependencyMet=true}
12-15 02:27:48.201 D/DCT     ( 3994): [0]initApnContexts: apnContext={mApnType=fota mState=IDLE mWaitingApns={null} mWaitingApnsPermanentFailureCountDown=0 mApnSetting={null} mReason=dataEnabled mDataEnabled=false mDependencyMet=true}
12-15 02:27:48.201 D/DCT     ( 3994): [0]initApnContexts: apnContext={mApnType=ims mState=IDLE mWaitingApns={null} mWaitingApnsPermanentFailureCountDown=0 mApnSetting={null} mReason=dataEnabled mDataEnabled=false mDependencyMet=true}
12-15 02:27:48.201 D/DCT     ( 3994): [0]initApnContexts: apnContext={mApnType=cbs mState=IDLE mWaitingApns={null} mWaitingApnsPermanentFailureCountDown=0 mApnSetting={null} mReason=dataEnabled mDataEnabled=false mDependencyMet=true}
12-15 02:27:48.201 D/DCT     ( 3994): [0]initApnContexts: apnContext={mApnType=ia mState=IDLE mWaitingApns={null} mWaitingApnsPermanentFailureCountDown=0 mApnSetting={null} mReason=dataEnabled mDataEnabled=false mDependencyMet=true}
12-15 02:27:48.201 D/DCT     ( 3994): [0]initApnContexts: skipping unknown type=7
12-15 02:27:48.201 D/DCT     ( 3994): [0]initApnContexts: skipping unknown type=9
12-15 02:27:48.201 D/DCT     ( 3994): [0]initApnContexts: apnContext={mApnType=emergency mState=IDLE mWaitingApns={null} mWaitingApnsPermanentFailureCountDown=0 mApnSetting={null} mReason=dataEnabled mDataEnabled=false mDependencyMet=true}
12-15 02:27:48.201 D/DCT     ( 3994): [0]initApnContexts: X mApnContexts={default={mApnType=default mState=IDLE mWaitingApns={null} mWaitingApnsPermanentFailureCountDown=0 mApnSetting={null} mReason=dataEnabled mDataEnabled=false mDependencyMet=true}, mms={mApnType=mms mState=IDLE mWaitingApns={null} mWaitingApnsPermanentFailureCountDown=0 mApnSetting={null} mReason=dataEnabled mDataEnabled=false mDependencyMet=true}, cbs={mApnType=cbs mState=IDLE mWaitingApns={null} mWaitingApnsPermanentFailureCountDown=0 mApnSetting={null} mReason=dataEnabled mDataEnabled=false mDependencyMet=true}, fota={mApnType=fota mState=IDLE mWaitingApns={null} mWaitingApnsPermanentFailureCountDown=0 mApnSetting={null} mReason=dataEnabled mDataEnabled=false mDependencyMet=true}, supl={mApnType=supl mState=IDLE mWaitingApns={null} mWaitingApnsPermanentFailureCountDown=0 mApnSetting={null} mReason=dataEnabled mDataEnabled=false mDependencyMet=true}, ia={mApnType=ia mState=IDLE mWaitingApns={null} mWaitingApnsPermanentFailureCountDown=0 mApnSetting={null} mReason=dataEnabled mDataEnabled=false mDependencyMet=true}, emergency={mApnType=emergency mState=IDLE mWaitingApns={null} mWaitingApnsPermanentFailureCountDown=0 mApnSetting={null} mReason=dataEnabled mDataEnabled=false mDependencyMet=true}, dun={mApnType=dun mState=IDLE mWaitingApns={null} mWaitingApnsPermanentFailureCountDown=0 mApnSetting={null} mReason=dataEnabled mDataEnabled=false mDependencyMet=true}, hipri={mApnType=hipri mState=IDLE mWaitingApns={null} mWaitingApnsPermanentFailureCountDown=0 mApnSetting={null} mReason=dataEnabled mDataEnabled=false mDependencyMet=true}, ims={mApnType=ims mState=IDLE mWaitingApns={null} mWaitingApnsPermanentFailureCountDown=0 mApnSetting={null} mReason=dataEnabled mDataEnabled=false mDependencyMet=true}}
12-15 02:27:48.207 D/TelephonyManager( 3994): setTelephonyProperty: success phoneId=0 property=gsm.current.phone-type value: 1 propVal=1
12-15 02:27:48.207 D/GSMPhone( 3994): [GSMPhone] GSMPhone: constructor: sub = 0
12-15 02:27:48.207 D/TelephonyManager( 3994): setTelephonyProperty: success phoneId=0 property=gsm.current.phone-type value: 1 propVal=1
12-15 02:27:48.207 D/SubscriptionController( 3994): [getSubId]- sSlotIdxToSubId.size == 0, return DummySubIds slotIdx=0
12-15 02:27:48.208 I/PhoneFactory( 3994): Creating Phone with type = 1 sub = 0
12-15 02:27:48.210 E/RIL_ImsSms( 3994): getFormat should never be called from here!
12-15 02:27:48.210 D/SMSDispatcher( 3994): SMSDispatcher: ctor mSmsCapable=true format=unknown mSmsSendDisabled=false
12-15 02:27:48.210 D/RIL_ImsSms( 3994): ImsSMSDispatcher created
12-15 02:27:48.210 D/SMSDispatcher( 3994): SMSDispatcher: ctor mSmsCapable=true format=3gpp2 mSmsSendDisabled=false
12-15 02:27:48.210 D/CdmaSMSDispatcher( 3994): CdmaSMSDispatcher created
12-15 02:27:48.339 D/GsmInboundSmsHandler( 3994): created InboundSmsHandler
12-15 02:27:48.343 D/CdmaInboundSmsHandler( 3994): created InboundSmsHandler
12-15 02:27:48.345 D/SMSDispatcher( 3994): SMSDispatcher: ctor mSmsCapable=true format=3gpp mSmsSendDisabled=false
12-15 02:27:48.345 D/GsmSMSDispatcher( 3994): GsmSMSDispatcher created
12-15 02:27:48.345 D/SmsBroadcastUndelivered( 3994): scanning raw table for undelivered messages
12-15 02:27:48.345 D/IccCardProxy( 3994): ctor: ci=com.android.internal.telephony.hero2ltexxRIL@6157ac5 phoneId=0
12-15 02:27:48.345 D/CdmaSSM ( 3994): subscriptionSource from settings: 0
12-15 02:27:48.345 D/CdmaSSM ( 3994): cdmaSSM constructor: 0
12-15 02:27:48.346 D/IccCardProxy( 3994): update icc_operator_numeric=
12-15 02:27:48.346 D/TelephonyManager( 3994): setTelephonyProperty: success phoneId=0 property=gsm.sim.operator.numeric value:  propVal=
12-15 02:27:48.346 D/TelephonyManager( 3994): setTelephonyProperty: success phoneId=0 property=gsm.sim.operator.iso-country value:  propVal=
12-15 02:27:48.346 D/TelephonyManager( 3994): setTelephonyProperty: success phoneId=0 property=gsm.sim.operator.alpha value:  propVal=
12-15 02:27:48.346 E/IccCardProxy( 3994): setExternalState: set mPhoneId=0 mExternalState=NOT_READY
12-15 02:27:48.347 D/TelephonyManager( 3994): setTelephonyProperty: success phoneId=0 property=gsm.sim.state value: NOT_READY propVal=NOT_READY
12-15 02:27:48.347 D/SubscriptionController( 3994): [getSubId]- sSlotIdxToSubId.size == 0, return DummySubIds slotIdx=0
12-15 02:27:48.347 D/IccCardProxy( 3994): broadcastIccStateChangedIntent intent ACTION_SIM_STATE_CHANGED value=NOT_READY reason=null for mPhoneId=0
12-15 02:27:48.348 D/SubscriptionController( 3994): [getActiveSubInfoList]+
12-15 02:27:48.349 D/IccCardProxy( 3994): Setting radio tech UMTS
12-15 02:27:48.349 D/IccCardProxy( 3994): updateQuietMode: 3GPP subscription -> newQuietMode=false
12-15 02:27:48.349 D/IccCardProxy( 3994): updateQuietMode: no changes don't setExternalState
12-15 02:27:48.349 D/IccCardProxy( 3994): updateQuietMode: QuietMode is false (app_type=1 cdmaSource=-1)
12-15 02:27:48.349 D/SubscriptionController( 3994): [getActiveSubInfoList] Sub Controller not ready
12-15 02:27:48.349 D/ProxyController( 3994): Constructor - Enter
12-15 02:27:48.350 D/DctController( 3994): makeDctController: new DctController phones.length=1
12-15 02:27:48.350 D/DctController( 3994): DctController(): phones.length=1
12-15 02:27:48.351 D/DcSwitchSM( 3994): [DcSwitchStateMachine-0] DcSwitchState constructor E
12-15 02:27:48.351 D/DcSwitchSM( 3994): [DcSwitchStateMachine-0] DcSwitchState constructor X
12-15 02:27:48.351 D/DcSwitchSM( 3994): [DcSwitchStateMachine-0] IdleState: enter
12-15 02:27:48.352 D/DctController( 3994): DctController(phones): Connect success: 0
12-15 02:27:48.352 D/DctController( 3994): updatePhoneBaseForIndex for phone index=0
12-15 02:27:48.352 D/DctController( 3994): unregister TelephonyNetworkFactory for phone index=0
12-15 02:27:48.353 D/SubscriptionController( 3994): [getSubId]- sSlotIdxToSubId.size == 0, return DummySubIds slotIdx=0
12-15 02:27:48.353 D/DctController( 3994): [TNF -2]NetworkCapabilities: [ Transports: CELLULAR Capabilities: MMS&SUPL&DUN&FOTA&IMS&CBS&IA&RCS&XCAP&EIMS&INTERNET&NOT_RESTRICTED&TRUSTED&NOT_VPN]
12-15 02:27:48.358 D/TelephonyRegistry( 3414): listen oscl: hasNotifySubscriptionInfoChangedOccurred==false no callback
12-15 02:27:48.358 D/DctController( 3994): makeDctController: X sDctController=Handler (com.android.internal.telephony.dataconnection.DctController) {80d3479}
12-15 02:27:48.360 D/ProxyController( 3994): clearTransaction
12-15 02:27:48.360 D/ProxyController( 3994): clearTransaction: phoneId=0 status=IDLE
12-15 02:27:48.360 D/ProxyController( 3994): Constructor - Exit
12-15 02:27:48.365 E/RILD    ( 3504): Modem status[waiting: 0x3, current: 0x4]
12-15 02:27:48.370 I/PhoneFactory( 3994): defaultSmsApplication: com.android.messaging
12-15 02:27:48.371 I/PhoneFactory( 3994): Creating SubInfoRecordUpdater 
12-15 02:27:48.371 D/SubscriptionInfoUpdater( 3994): Constructor invoked
12-15 02:27:48.374 D/SubscriptionController( 3994): [getSubId]- sSlotIdxToSubId.size == 0, return DummySubIds slotIdx=0
12-15 02:27:48.374 D/SubscriptionController( 3994): [getActiveSubInfoList]+
12-15 02:27:48.374 D/SubscriptionController( 3994): selection:sim_id>=0 null
12-15 02:27:48.376 D/SubscriptionController( 3994): [getActiveSubInfoList]- no info return
12-15 02:27:48.376 D/SubscriptionController( 3994): [getActiveSubInfoForSubscriber]- subId=-2 subList=null subInfo=null
12-15 02:27:48.376 E/SubscriptionController( 3994): getUserNwMode: invalid subId = -2
12-15 02:27:48.377 D/SubscriptionController( 3994): getSimStateForSlotIdx:  simState=NOT_READY ordinal=6
12-15 02:27:48.377 D/SubscriptionManager( 4106): getSimStateForSubscriber: simState=6 slotIdx=0
12-15 02:27:48.377 D/SubscriptionController( 3994): getSimStateForSlotIdx:  simState=NOT_READY ordinal=6
12-15 02:27:48.377 D/SubscriptionManager( 4106): getSimStateForSubscriber: simState=6 slotIdx=0
12-15 02:27:48.377 D/CallManager( 3994): registerPhone(GSM Handler (com.android.internal.telephony.PhoneProxy) {6c8453b})
12-15 02:27:48.378 D/RILJ    ( 3994): [3650]> SET_SUPP_SVC_NOTIFICATION [SUB0]
12-15 02:27:48.379 D/SubscriptionController( 3994): [getSlotId]- subId invalid
12-15 02:27:48.379 D/SubscriptionController( 3994): getSimStateForSlotIdx:  simState=NOT_READY ordinal=6
12-15 02:27:48.379 D/SubscriptionManager( 4106): getSimStateForSubscriber: simState=6 slotIdx=0
12-15 02:27:48.379 D/TelephonyManager( 4106): getSimState: default sim:-1, sim state for slotIdx=0 is 6, return state as unknown
12-15 02:27:48.379 D/SubscriptionController( 3994): [getActiveSubInfoList]+
12-15 02:27:48.380 D/SubscriptionController( 3994): selection:sim_id>=0 null
12-15 02:27:48.381 D/SubscriptionController( 3994): [getActiveSubInfoList]- no info return
12-15 02:27:48.386 D/TelephonyRegistry( 3414): listen oscl: hasNotifySubscriptionInfoChangedOccurred==false no callback
12-15 02:27:48.422 D/RILJ    ( 3994): [3651]> RIL_REQUEST_SET_TTY_MODE : 0 [SUB0]
12-15 02:27:48.424 D/TelephonyRegistry( 3414): listen oscl: hasNotifySubscriptionInfoChangedOccurred==false no callback
12-15 02:27:48.424 D/SubscriptionController( 3994): [getPhoneId] asked for default subId=-1
12-15 02:27:48.424 D/SubscriptionController( 3994): [getPhoneId]- invalid subId return=-1
12-15 02:27:48.424 D/UiccController( 3994): EVENT_RADIO_UNAVAILABLE, dispose card
12-15 02:27:48.424 D/RILJ    ( 3994): [3652]> GET_CURRENT_CALLS [SUB0]
12-15 02:27:48.425 D/GsmSST  ( 3994): [GsmSST] mDeviceShuttingDown = false
12-15 02:27:48.425 D/GsmSST  ( 3994): [GsmSST] mDesiredPowerState = true
12-15 02:27:48.425 D/GsmSST  ( 3994): [GsmSST] getRadioState = RADIO_UNAVAILABLE
12-15 02:27:48.425 D/GsmSST  ( 3994): [GsmSST] mPowerOffDelayNeed = true
12-15 02:27:48.425 D/GsmSST  ( 3994): [GsmSST] mAlarmSwitch = false
12-15 02:27:48.425 D/PHONE   ( 3994): [ServiceState] setNullState=1
12-15 02:27:48.425 D/GsmSST  ( 3994): [GsmSST] Poll ServiceState done:  oldSS=[1 1 voice home data home null null null null null null  Unknown Unknown CSS not supported 0 0 RoamInd=0 DefRoamInd=0 EmergOnly=false IsDataRoamingFromRegistration=false] newSS=[1 1 voice home data home null null null null null null  Unknown Unknown CSS not supported -1 -1 RoamInd=-1 DefRoamInd=-1 EmergOnly=false IsDataRoamingFromRegistration=false] oldMaxDataCalls=1 mNewMaxDataCalls=1 oldReasonDataDenied=-1 mNewReasonDataDenied=-1
12-15 02:27:48.425 D/PHONE   ( 3994): [ServiceState] setNullState=1
12-15 02:27:48.425 D/GsmSST  ( 3994): [GsmSST] updateSpnDisplay: radio is on but out of service, set plmn='No service.'
12-15 02:27:48.425 D/SubscriptionController( 3994): [getSubId]- sSlotIdxToSubId.size == 0, return DummySubIds slotIdx=0
12-15 02:27:48.427 D/GsmSST  ( 3994): [GsmSST] updateSpnDisplay: changed sending intent rule=0 showPlmn='true' plmn='No service.' showSpn='false' spn='' dataSpn='' subId='-2'
12-15 02:27:48.427 D/SubscriptionController( 3994): [getSubId]- sSlotIdxToSubId.size == 0, return DummySubIds slotIdx=0
12-15 02:27:48.428 D/SubscriptionController( 3994): [getSubId]- sSlotIdxToSubId.size == 0, return DummySubIds slotIdx=0
12-15 02:27:48.428 D/SubscriptionController( 3994): [setPlmnSpn] No valid subscription to store info
12-15 02:27:48.428 D/SubscriptionController( 3994): notifySubscriptionInfoChanged:
12-15 02:27:48.428 D/TelephonyRegistry( 3414): notifySubscriptionInfoChanged: first invocation mRecords.size=13
12-15 02:27:48.429 D/SubscriptionController( 3994): [getActiveSubInfoList]+
12-15 02:27:48.429 D/SubscriptionController( 3994): selection:sim_id>=0 null
12-15 02:27:48.430 D/SubscriptionController( 3994): [getActiveSubInfoList]+
12-15 02:27:48.430 D/TelephonyManager( 3994): setTelephonyProperty: success phoneId=0 property=gsm.operator.alpha value:  propVal=
12-15 02:27:48.430 D/SubscriptionController( 3994): selection:sim_id>=0 null
12-15 02:27:48.431 D/TelephonyManager( 3994): setTelephonyProperty: success phoneId=0 property=gsm.operator.numeric value:  propVal=
12-15 02:27:48.431 D/GsmSST  ( 3994): [GsmSST] operatorNumeric is null
12-15 02:27:48.431 D/TelephonyManager( 3994): setTelephonyProperty: success phoneId=0 property=gsm.operator.iso-country value:  propVal=
12-15 02:27:48.431 D/SubscriptionController( 3994): [getActiveSubInfoList]- no info return
12-15 02:27:48.431 D/TelephonyManager( 3994): setTelephonyProperty: success phoneId=0 property=gsm.operator.isroaming value: false propVal=false
12-15 02:27:48.432 D/GsmSST  ( 3994): [GsmSST] Broadcasting ServiceState : 1 1 voice home data home null null null null null null  Unknown Unknown CSS not supported -1 -1 RoamInd=-1 DefRoamInd=-1 EmergOnly=false IsDataRoamingFromRegistration=false
12-15 02:27:48.432 D/SubscriptionController( 3994): [getSubId]- sSlotIdxToSubId.size == 0, return DummySubIds slotIdx=0
12-15 02:27:48.432 D/SubscriptionController( 3994): [getSubId]- sSlotIdxToSubId.size == 0, return DummySubIds slotIdx=0
12-15 02:27:48.432 D/DefaultPhoneNotifier( 3994): nofityServiceState: mRegistry=com.android.internal.telephony.ITelephonyRegistry$Stub$Proxy@2e72de9 ss=1 1 voice home data home null null null null null null  Unknown Unknown CSS not supported -1 -1 RoamInd=-1 DefRoamInd=-1 EmergOnly=false IsDataRoamingFromRegistration=false sender=Handler (com.android.internal.telephony.gsm.GSMPhone) {effa458} phondId=0 subId=-2
12-15 02:27:48.433 D/SubscriptionController( 3994): [getSlotId]- subId invalid
12-15 02:27:48.433 D/SubscriptionController( 3994): [getActiveSubInfoList]- no info return
12-15 02:27:48.433 D/SubscriptionController( 3994): getSimStateForSlotIdx:  simState=NOT_READY ordinal=6
12-15 02:27:48.434 D/SubscriptionManager( 3414): getSimStateForSubscriber: simState=6 slotIdx=0
12-15 02:27:48.434 D/TelephonyManager( 3414): getSimState: default sim:-1, sim state for slotIdx=0 is 6, return state as unknown
12-15 02:27:48.434 D/DCT     ( 3994): [0]handleMessage msg={ when=-241ms what=270369 obj=android.os.AsyncResult@7a1ba6e target=com.android.internal.telephony.dataconnection.DcTracker }
12-15 02:27:48.434 D/DCT     ( 3994): [0]onUpdateIcc: newIccRecords null
12-15 02:27:48.434 D/DCT     ( 3994): [0]handleMessage msg={ when=-237ms what=270342 obj=android.os.AsyncResult@5be150f target=com.android.internal.telephony.dataconnection.DcTracker }
12-15 02:27:48.434 D/DCT     ( 3994): [0]onRadioOffOrNotAvailable: is off and clean up all connections
12-15 02:27:48.434 D/DCT     ( 3994): [0]cleanUpAllConnections: tearDown=false reason=radioTurnedOff
12-15 02:27:48.434 D/DCT     ( 3994): [0]cleanUpConnection: tearDown=false reason=radioTurnedOff apnContext={mApnType=default mState=IDLE mWaitingApns={null} mWaitingApnsPermanentFailureCountDown=0 mApnSetting={null} mReason=radioTurnedOff mDataEnabled=false mDependencyMet=true}
12-15 02:27:48.435 D/GSMPhone( 3994): getDataConnectionState: Data is Out of Service. ret = DISCONNECTED
12-15 02:27:48.435 D/SubscriptionController( 3994): [getSubId]- sSlotIdxToSubId.size == 0, return DummySubIds slotIdx=0
12-15 02:27:48.435 D/DCT     ( 3994): [0]isDataAllowed: not allowed due to - Attached= false - SIM not loaded - SIM not loaded and not NV subscription - defaultDataSelected= false
12-15 02:27:48.435 D/SubscriptionController( 3994): [getPhoneId]- invalid subId return=-1
12-15 02:27:48.436 D/DCT     ( 3994): [0]setupDataForSinglePdn: reason = radioTurnedOff isDisconnected = true
12-15 02:27:48.436 D/SubscriptionController( 3994): getSimStateForSlotIdx:  simState=NOT_READY ordinal=6
12-15 02:27:48.436 D/DCT     ( 3994): [0]isOnlySingleDcAllowed(0): false
12-15 02:27:48.436 D/DCT     ( 3994): [0]cleanUpConnection: X tearDown=false reason=radioTurnedOff apnContext={mApnType=default mState=IDLE mWaitingApns={null} mWaitingApnsPermanentFailureCountDown=0 mApnSetting={null} mReason=radioTurnedOff mDataEnabled=false mDependencyMet=true} dcac=null
12-15 02:27:48.436 D/SubscriptionManager( 4106): getSimStateForSubscriber: simState=6 slotIdx=0
12-15 02:27:48.436 D/DCT     ( 3994): [0]cleanUpConnection: tearDown=false reason=radioTurnedOff apnContext={mApnType=mms mState=IDLE mWaitingApns={null} mWaitingApnsPermanentFailureCountDown=0 mApnSetting={null} mReason=radioTurnedOff mDataEnabled=false mDependencyMet=true}
12-15 02:27:48.436 D/GSMPhone( 3994): getDataConnectionState: Data is Out of Service. ret = DISCONNECTED
12-15 02:27:48.436 D/SubscriptionController( 3994): [getSubId]- sSlotIdxToSubId.size == 0, return DummySubIds slotIdx=0
12-15 02:27:48.436 D/DCT     ( 3994): [0]isDataAllowed: not allowed due to - Attached= false - SIM not loaded - SIM not loaded and not NV subscription - defaultDataSelected= false
12-15 02:27:48.437 D/SubscriptionController( 3994): [getPhoneId]- invalid subId return=-1
12-15 02:27:48.437 D/DCT     ( 3994): [0]setupDataForSinglePdn: reason = radioTurnedOff isDisconnected = true
12-15 02:27:48.437 D/DCT     ( 3994): [0]isOnlySingleDcAllowed(0): false
12-15 02:27:48.437 D/DCT     ( 3994): [0]cleanUpConnection: X tearDown=false reason=radioTurnedOff apnContext={mApnType=mms mState=IDLE mWaitingApns={null} mWaitingApnsPermanentFailureCountDown=0 mApnSetting={null} mReason=radioTurnedOff mDataEnabled=false mDependencyMet=true} dcac=null
12-15 02:27:48.437 D/DCT     ( 3994): [0]cleanUpConnection: tearDown=false reason=radioTurnedOff apnContext={mApnType=cbs mState=IDLE mWaitingApns={null} mWaitingApnsPermanentFailureCountDown=0 mApnSetting={null} mReason=radioTurnedOff mDataEnabled=false mDependencyMet=true}
12-15 02:27:48.437 D/GSMPhone( 3994): getDataConnectionState: Data is Out of Service. ret = DISCONNECTED
12-15 02:27:48.437 D/SubscriptionController( 3994): [getSubId]- sSlotIdxToSubId.size == 0, return DummySubIds slotIdx=0
12-15 02:27:48.437 D/DCT     ( 3994): [0]isDataAllowed: not allowed due to - Attached= false - SIM not loaded - SIM not loaded and not NV subscription - defaultDataSelected= false
12-15 02:27:48.437 D/SubscriptionController( 3994): getSimStateForSlotIdx:  simState=NOT_READY ordinal=6
12-15 02:27:48.437 D/SubscriptionManager( 4106): getSimStateForSubscriber: simState=6 slotIdx=0
12-15 02:27:48.437 D/SubscriptionController( 3994): [getPhoneId]- invalid subId return=-1
12-15 02:27:48.438 D/DCT     ( 3994): [0]setupDataForSinglePdn: reason = radioTurnedOff isDisconnected = true
12-15 02:27:48.438 D/DCT     ( 3994): [0]isOnlySingleDcAllowed(0): false
12-15 02:27:48.438 D/DCT     ( 3994): [0]cleanUpConnection: X tearDown=false reason=radioTurnedOff apnContext={mApnType=cbs mState=IDLE mWaitingApns={null} mWaitingApnsPermanentFailureCountDown=0 mApnSetting={null} mReason=radioTurnedOff mDataEnabled=false mDependencyMet=true} dcac=null
12-15 02:27:48.438 D/DCT     ( 3994): [0]cleanUpConnection: tearDown=false reason=radioTurnedOff apnContext={mApnType=fota mState=IDLE mWaitingApns={null} mWaitingApnsPermanentFailureCountDown=0 mApnSetting={null} mReason=radioTurnedOff mDataEnabled=false mDependencyMet=true}
12-15 02:27:48.438 D/GSMPhone( 3994): getDataConnectionState: Data is Out of Service. ret = DISCONNECTED
12-15 02:27:48.438 D/SubscriptionController( 3994): [getSubId]- sSlotIdxToSubId.size == 0, return DummySubIds slotIdx=0
12-15 02:27:48.438 D/SubscriptionController( 3994): getSimStateForSlotIdx:  simState=NOT_READY ordinal=6
12-15 02:27:48.438 D/SubscriptionManager( 4106): getSimStateForSubscriber: simState=6 slotIdx=0
12-15 02:27:48.438 D/DCT     ( 3994): [0]isDataAllowed: not allowed due to - Attached= false - SIM not loaded - SIM not loaded and not NV subscription - defaultDataSelected= false
12-15 02:27:48.439 D/SubscriptionController( 3994): [getPhoneId]- invalid subId return=-1
12-15 02:27:48.439 D/DCT     ( 3994): [0]setupDataForSinglePdn: reason = radioTurnedOff isDisconnected = true
12-15 02:27:48.439 D/DCT     ( 3994): [0]isOnlySingleDcAllowed(0): false
12-15 02:27:48.439 D/DCT     ( 3994): [0]cleanUpConnection: X tearDown=false reason=radioTurnedOff apnContext={mApnType=fota mState=IDLE mWaitingApns={null} mWaitingApnsPermanentFailureCountDown=0 mApnSetting={null} mReason=radioTurnedOff mDataEnabled=false mDependencyMet=true} dcac=null
12-15 02:27:48.439 D/DCT     ( 3994): [0]cleanUpConnection: tearDown=false reason=radioTurnedOff apnContext={mApnType=supl mState=IDLE mWaitingApns={null} mWaitingApnsPermanentFailureCountDown=0 mApnSetting={null} mReason=radioTurnedOff mDataEnabled=false mDependencyMet=true}
12-15 02:27:48.439 D/GSMPhone( 3994): getDataConnectionState: Data is Out of Service. ret = DISCONNECTED
12-15 02:27:48.439 D/SubscriptionController( 3994): [getSubId]- sSlotIdxToSubId.size == 0, return DummySubIds slotIdx=0
12-15 02:27:48.439 D/DCT     ( 3994): [0]isDataAllowed: not allowed due to - Attached= false - SIM not loaded - SIM not loaded and not NV subscription - defaultDataSelected= false
12-15 02:27:48.439 D/SubscriptionController( 3994): getSimStateForSlotIdx:  simState=NOT_READY ordinal=6
12-15 02:27:48.440 D/SubscriptionController( 3994): [getPhoneId]- invalid subId return=-1
12-15 02:27:48.440 D/SubscriptionManager( 4106): getSimStateForSubscriber: simState=6 slotIdx=0
12-15 02:27:48.440 D/DCT     ( 3994): [0]setupDataForSinglePdn: reason = radioTurnedOff isDisconnected = true
12-15 02:27:48.440 D/DCT     ( 3994): [0]isOnlySingleDcAllowed(0): false
12-15 02:27:48.440 D/DCT     ( 3994): [0]cleanUpConnection: X tearDown=false reason=radioTurnedOff apnContext={mApnType=supl mState=IDLE mWaitingApns={null} mWaitingApnsPermanentFailureCountDown=0 mApnSetting={null} mReason=radioTurnedOff mDataEnabled=false mDependencyMet=true} dcac=null
12-15 02:27:48.440 D/DCT     ( 3994): [0]cleanUpConnection: tearDown=false reason=radioTurnedOff apnContext={mApnType=ia mState=IDLE mWaitingApns={null} mWaitingApnsPermanentFailureCountDown=0 mApnSetting={null} mReason=radioTurnedOff mDataEnabled=false mDependencyMet=true}
12-15 02:27:48.440 D/GSMPhone( 3994): getDataConnectionState: Data is Out of Service. ret = DISCONNECTED
12-15 02:27:48.440 D/SubscriptionController( 3994): [getSubId]- sSlotIdxToSubId.size == 0, return DummySubIds slotIdx=0
12-15 02:27:48.441 D/SubscriptionController( 3994): getSimStateForSlotIdx:  simState=NOT_READY ordinal=6
12-15 02:27:48.441 D/DCT     ( 3994): [0]isDataAllowed: not allowed due to - Attached= false - SIM not loaded - SIM not loaded and not NV subscription - defaultDataSelected= false
12-15 02:27:48.441 D/SubscriptionManager( 4106): getSimStateForSubscriber: simState=6 slotIdx=0
12-15 02:27:48.442 D/SubscriptionController( 3994): [getPhoneId]- invalid subId return=-1
12-15 02:27:48.442 D/DCT     ( 3994): [0]setupDataForSinglePdn: reason = radioTurnedOff isDisconnected = true
12-15 02:27:48.442 D/DCT     ( 3994): [0]isOnlySingleDcAllowed(0): false
12-15 02:27:48.442 D/DCT     ( 3994): [0]cleanUpConnection: X tearDown=false reason=radioTurnedOff apnContext={mApnType=ia mState=IDLE mWaitingApns={null} mWaitingApnsPermanentFailureCountDown=0 mApnSetting={null} mReason=radioTurnedOff mDataEnabled=false mDependencyMet=true} dcac=null
12-15 02:27:48.442 D/DCT     ( 3994): [0]cleanUpConnection: tearDown=false reason=radioTurnedOff apnContext={mApnType=emergency mState=IDLE mWaitingApns={null} mWaitingApnsPermanentFailureCountDown=0 mApnSetting={null} mReason=radioTurnedOff mDataEnabled=false mDependencyMet=true}
12-15 02:27:48.443 D/SubscriptionController( 3994): [getSubId]- sSlotIdxToSubId.size == 0, return DummySubIds slotIdx=0
12-15 02:27:48.443 D/SubscriptionController( 3994): [getPhoneId]- invalid subId return=-1
12-15 02:27:48.443 D/SubscriptionController( 3994): getSimStateForSlotIdx:  simState=NOT_READY ordinal=6
12-15 02:27:48.443 D/SubscriptionManager( 4106): getSimStateForSubscriber: simState=6 slotIdx=0
12-15 02:27:48.443 D/DCT     ( 3994): [0]setupDataForSinglePdn: reason = radioTurnedOff isDisconnected = true
12-15 02:27:48.443 D/DCT     ( 3994): [0]isOnlySingleDcAllowed(0): false
12-15 02:27:48.443 D/DCT     ( 3994): [0]cleanUpConnection: X tearDown=false reason=radioTurnedOff apnContext={mApnType=emergency mState=IDLE mWaitingApns={null} mWaitingApnsPermanentFailureCountDown=0 mApnSetting={null} mReason=radioTurnedOff mDataEnabled=false mDependencyMet=true} dcac=null
12-15 02:27:48.443 D/DCT     ( 3994): [0]cleanUpConnection: tearDown=false reason=radioTurnedOff apnContext={mApnType=dun mState=IDLE mWaitingApns={null} mWaitingApnsPermanentFailureCountDown=0 mApnSetting={null} mReason=radioTurnedOff mDataEnabled=false mDependencyMet=true}
12-15 02:27:48.443 D/GSMPhone( 3994): getDataConnectionState: Data is Out of Service. ret = DISCONNECTED
12-15 02:27:48.443 D/SubscriptionController( 3994): [getSubId]- sSlotIdxToSubId.size == 0, return DummySubIds slotIdx=0
12-15 02:27:48.444 D/SubscriptionController( 3994): getSimStateForSlotIdx:  simState=NOT_READY ordinal=6
12-15 02:27:48.444 D/SubscriptionManager( 4106): getSimStateForSubscriber: simState=6 slotIdx=0
12-15 02:27:48.444 D/DCT     ( 3994): [0]isDataAllowed: not allowed due to - Attached= false - SIM not loaded - SIM not loaded and not NV subscription - defaultDataSelected= false
12-15 02:27:48.444 D/SubscriptionController( 3994): [getPhoneId]- invalid subId return=-1
12-15 02:27:48.444 D/DCT     ( 3994): [0]setupDataForSinglePdn: reason = radioTurnedOff isDisconnected = true
12-15 02:27:48.444 D/DCT     ( 3994): [0]isOnlySingleDcAllowed(0): false
12-15 02:27:48.444 D/DCT     ( 3994): [0]cleanUpConnection: X tearDown=false reason=radioTurnedOff apnContext={mApnType=dun mState=IDLE mWaitingApns={null} mWaitingApnsPermanentFailureCountDown=0 mApnSetting={null} mReason=radioTurnedOff mDataEnabled=false mDependencyMet=true} dcac=null
12-15 02:27:48.444 D/DCT     ( 3994): [0]cleanUpConnection: tearDown=false reason=radioTurnedOff apnContext={mApnType=hipri mState=IDLE mWaitingApns={null} mWaitingApnsPermanentFailureCountDown=0 mApnSetting={null} mReason=radioTurnedOff mDataEnabled=false mDependencyMet=true}
12-15 02:27:48.444 D/GSMPhone( 3994): getDataConnectionState: Data is Out of Service. ret = DISCONNECTED
12-15 02:27:48.444 D/SubscriptionController( 3994): [getSubId]- sSlotIdxToSubId.size == 0, return DummySubIds slotIdx=0
12-15 02:27:48.445 D/SubscriptionController( 3994): getSimStateForSlotIdx:  simState=NOT_READY ordinal=6
12-15 02:27:48.445 D/SubscriptionManager( 4106): getSimStateForSubscriber: simState=6 slotIdx=0
12-15 02:27:48.445 D/DCT     ( 3994): [0]isDataAllowed: not allowed due to - Attached= false - SIM not loaded - SIM not loaded and not NV subscription - defaultDataSelected= false
12-15 02:27:48.445 D/SubscriptionController( 3994): [getPhoneId]- invalid subId return=-1
12-15 02:27:48.446 D/DCT     ( 3994): [0]setupDataForSinglePdn: reason = radioTurnedOff isDisconnected = true
12-15 02:27:48.446 D/DCT     ( 3994): [0]isOnlySingleDcAllowed(0): false
12-15 02:27:48.446 D/DCT     ( 3994): [0]cleanUpConnection: X tearDown=false reason=radioTurnedOff apnContext={mApnType=hipri mState=IDLE mWaitingApns={null} mWaitingApnsPermanentFailureCountDown=0 mApnSetting={null} mReason=radioTurnedOff mDataEnabled=false mDependencyMet=true} dcac=null
12-15 02:27:48.446 D/DCT     ( 3994): [0]cleanUpConnection: tearDown=false reason=radioTurnedOff apnContext={mApnType=ims mState=IDLE mWaitingApns={null} mWaitingApnsPermanentFailureCountDown=0 mApnSetting={null} mReason=radioTurnedOff mDataEnabled=false mDependencyMet=true}
12-15 02:27:48.446 D/GSMPhone( 3994): getDataConnectionState: Data is Out of Service. ret = DISCONNECTED
12-15 02:27:48.446 D/SubscriptionController( 3994): [getSubId]- sSlotIdxToSubId.size == 0, return DummySubIds slotIdx=0
12-15 02:27:48.446 D/DCT     ( 3994): [0]isDataAllowed: not allowed due to - Attached= false - SIM not loaded - SIM not loaded and not NV subscription - defaultDataSelected= false
12-15 02:27:48.446 D/SubscriptionController( 3994): getSimStateForSlotIdx:  simState=NOT_READY ordinal=6
12-15 02:27:48.446 D/SubscriptionManager( 4106): getSimStateForSubscriber: simState=6 slotIdx=0
12-15 02:27:48.446 D/SubscriptionController( 3994): [getPhoneId]- invalid subId return=-1
12-15 02:27:48.446 D/DCT     ( 3994): [0]setupDataForSinglePdn: reason = radioTurnedOff isDisconnected = true
12-15 02:27:48.447 D/DCT     ( 3994): [0]isOnlySingleDcAllowed(0): false
12-15 02:27:48.447 D/DCT     ( 3994): [0]cleanUpConnection: X tearDown=false reason=radioTurnedOff apnContext={mApnType=ims mState=IDLE mWaitingApns={null} mWaitingApnsPermanentFailureCountDown=0 mApnSetting={null} mReason=radioTurnedOff mDataEnabled=false mDependencyMet=true} dcac=null
12-15 02:27:48.447 D/DCT     ( 3994): [0]stopNetStatPoll
12-15 02:27:48.447 D/SubscriptionController( 3994): [getSubId]- sSlotIdxToSubId.size == 0, return DummySubIds slotIdx=0
12-15 02:27:48.447 D/SubscriptionController( 3994): getSimStateForSlotIdx:  simState=NOT_READY ordinal=6
12-15 02:27:48.447 D/DCT     ( 3994): [0]cleanUpConnection: mDisconnectPendingCount = 0
12-15 02:27:48.447 D/SubscriptionManager( 4106): getSimStateForSubscriber: simState=6 slotIdx=0
12-15 02:27:48.447 D/SubscriptionController( 3994): [getSubId]- sSlotIdxToSubId.size == 0, return DummySubIds slotIdx=0
12-15 02:27:48.447 D/DCT     ( 3994): [0]isDataAllowed: not allowed due to - Attached= false - SIM not loaded - SIM not loaded and not NV subscription - defaultDataSelected= false
12-15 02:27:48.447 D/SubscriptionController( 3994): [getPhoneId]- invalid subId return=-1
12-15 02:27:48.448 D/SubscriptionController( 3994): [getSubId]- sSlotIdxToSubId.size == 0, return DummySubIds slotIdx=0
12-15 02:27:48.448 D/DCT     ( 3994): [0]isDataAllowed: not allowed due to - Attached= false - SIM not loaded - SIM not loaded and not NV subscription - defaultDataSelected= false
12-15 02:27:48.448 D/SubscriptionController( 3994): getSimStateForSlotIdx:  simState=NOT_READY ordinal=6
12-15 02:27:48.448 D/SubscriptionManager( 4106): getSimStateForSubscriber: simState=6 slotIdx=0
12-15 02:27:48.448 D/SubscriptionController( 3994): [getPhoneId]- invalid subId return=-1
12-15 02:27:48.449 D/SubscriptionController( 3994): [getSubId]- sSlotIdxToSubId.size == 0, return DummySubIds slotIdx=0
12-15 02:27:48.449 D/DCT     ( 3994): [0]isDataAllowed: not allowed due to - Attached= false - SIM not loaded - SIM not loaded and not NV subscription - defaultDataSelected= false
12-15 02:27:48.449 D/SubscriptionController( 3994): getSimStateForSlotIdx:  simState=NOT_READY ordinal=6
12-15 02:27:48.449 D/SubscriptionManager( 4106): getSimStateForSubscriber: simState=6 slotIdx=0
12-15 02:27:48.449 D/SubscriptionController( 3994): [getPhoneId]- invalid subId return=-1
12-15 02:27:48.450 D/SubscriptionController( 3994): [getSubId]- sSlotIdxToSubId.size == 0, return DummySubIds slotIdx=0
12-15 02:27:48.450 D/DCT     ( 3994): [0]isDataAllowed: not allowed due to - Attached= false - SIM not loaded - SIM not loaded and not NV subscription - defaultDataSelected= false
12-15 02:27:48.450 D/SubscriptionController( 3994): getSimStateForSlotIdx:  simState=NOT_READY ordinal=6
12-15 02:27:48.450 D/SubscriptionManager( 4106): getSimStateForSubscriber: simState=6 slotIdx=0
12-15 02:27:48.450 D/SubscriptionController( 3994): [getPhoneId]- invalid subId return=-1
12-15 02:27:48.451 D/SubscriptionController( 3994): [getSubId]- sSlotIdxToSubId.size == 0, return DummySubIds slotIdx=0
12-15 02:27:48.451 D/DCT     ( 3994): [0]isDataAllowed: not allowed due to - Attached= false - SIM not loaded - SIM not loaded and not NV subscription - defaultDataSelected= false
12-15 02:27:48.451 D/SubscriptionController( 3994): getSimStateForSlotIdx:  simState=NOT_READY ordinal=6
12-15 02:27:48.451 D/SubscriptionManager( 4106): getSimStateForSubscriber: simState=6 slotIdx=0
12-15 02:27:48.451 D/SubscriptionController( 3994): [getPhoneId]- invalid subId return=-1
12-15 02:27:48.452 D/SubscriptionController( 3994): [getSubId]- sSlotIdxToSubId.size == 0, return DummySubIds slotIdx=0
12-15 02:27:48.452 D/DCT     ( 3994): [0]isDataAllowed: not allowed due to - Attached= false - SIM not loaded - SIM not loaded and not NV subscription - defaultDataSelected= false
12-15 02:27:48.452 D/SubscriptionController( 3994): getSimStateForSlotIdx:  simState=NOT_READY ordinal=6
12-15 02:27:48.452 D/SubscriptionManager( 4106): getSimStateForSubscriber: simState=6 slotIdx=0
12-15 02:27:48.452 D/SubscriptionController( 3994): [getPhoneId]- invalid subId return=-1
12-15 02:27:48.453 D/SubscriptionController( 3994): [getSubId]- sSlotIdxToSubId.size == 0, return DummySubIds slotIdx=0
12-15 02:27:48.453 D/SubscriptionController( 3994): getSimStateForSlotIdx:  simState=NOT_READY ordinal=6
12-15 02:27:48.453 D/SubscriptionManager( 4106): getSimStateForSubscriber: simState=6 slotIdx=0
12-15 02:27:48.453 D/SubscriptionController( 3994): [getPhoneId]- invalid subId return=-1
12-15 02:27:48.454 D/SubscriptionController( 3994): getSimStateForSlotIdx:  simState=NOT_READY ordinal=6
12-15 02:27:48.454 D/SubscriptionManager( 4106): getSimStateForSubscriber: simState=6 slotIdx=0
12-15 02:27:48.454 D/SubscriptionController( 3994): [getSubId]- sSlotIdxToSubId.size == 0, return DummySubIds slotIdx=0
12-15 02:27:48.454 D/DCT     ( 3994): [0]isDataAllowed: not allowed due to - Attached= false - SIM not loaded - SIM not loaded and not NV subscription - defaultDataSelected= false
12-15 02:27:48.454 D/SubscriptionController( 3994): [getPhoneId]- invalid subId return=-1
12-15 02:27:48.454 D/SubscriptionController( 3994): [getSubId]- sSlotIdxToSubId.size == 0, return DummySubIds slotIdx=0
12-15 02:27:48.455 D/SubscriptionController( 3994): getSimStateForSlotIdx:  simState=NOT_READY ordinal=6
12-15 02:27:48.455 D/DCT     ( 3994): [0]isDataAllowed: not allowed due to - Attached= false - SIM not loaded - SIM not loaded and not NV subscription - defaultDataSelected= false
12-15 02:27:48.455 D/SubscriptionManager( 4106): getSimStateForSubscriber: simState=6 slotIdx=0
12-15 02:27:48.455 D/SubscriptionController( 3994): [getPhoneId]- invalid subId return=-1
12-15 02:27:48.455 D/SubscriptionController( 3994): [getSubId]- sSlotIdxToSubId.size == 0, return DummySubIds slotIdx=0
12-15 02:27:48.455 D/SubscriptionController( 3994): getSimStateForSlotIdx:  simState=NOT_READY ordinal=6
12-15 02:27:48.456 D/DCT     ( 3994): [0]isDataAllowed: not allowed due to - Attached= false - SIM not loaded - SIM not loaded and not NV subscription - defaultDataSelected= false
12-15 02:27:48.456 D/SubscriptionManager( 4106): getSimStateForSubscriber: simState=6 slotIdx=0
12-15 02:27:48.456 D/SubscriptionController( 3994): [getPhoneId]- invalid subId return=-1
12-15 02:27:48.456 D/DCT     ( 3994): [0]handleMessage msg={ when=-258ms what=270345 obj=android.os.AsyncResult@4f3b99c target=com.android.internal.telephony.dataconnection.DcTracker }
12-15 02:27:48.456 D/DCT     ( 3994): [0]onDataConnectionDetached: stop polling and notify detached
12-15 02:27:48.456 D/DCT     ( 3994): [0]stopNetStatPoll
12-15 02:27:48.456 D/SubscriptionController( 3994): [getSubId]- sSlotIdxToSubId.size == 0, return DummySubIds slotIdx=0
12-15 02:27:48.456 D/DCT     ( 3994): [0]notifyDataConnection: reason=dataDetached
12-15 02:27:48.456 D/SubscriptionController( 3994): [getSubId]- sSlotIdxToSubId.size == 0, return DummySubIds slotIdx=0
12-15 02:27:48.457 D/DCT     ( 3994): [0]isDataAllowed: not allowed due to - Attached= false - SIM not loaded - SIM not loaded and not NV subscription - defaultDataSelected= false
12-15 02:27:48.457 D/SubscriptionController( 3994): getSimStateForSlotIdx:  simState=NOT_READY ordinal=6
12-15 02:27:48.457 D/SubscriptionManager( 4106): getSimStateForSubscriber: simState=6 slotIdx=0
12-15 02:27:48.457 D/SubscriptionController( 3994): [getPhoneId]- invalid subId return=-1
12-15 02:27:48.457 D/SubscriptionController( 3994): [getSubId]- sSlotIdxToSubId.size == 0, return DummySubIds slotIdx=0
12-15 02:27:48.457 D/DCT     ( 3994): [0]isDataAllowed: not allowed due to - Attached= false - SIM not loaded - SIM not loaded and not NV subscription - defaultDataSelected= false
12-15 02:27:48.458 D/SubscriptionController( 3994): getSimStateForSlotIdx:  simState=NOT_READY ordinal=6
12-15 02:27:48.458 D/SubscriptionManager( 4106): getSimStateForSubscriber: simState=6 slotIdx=0
12-15 02:27:48.458 D/SubscriptionController( 3994): [getPhoneId]- invalid subId return=-1
12-15 02:27:48.458 D/SubscriptionController( 3994): [getSubId]- sSlotIdxToSubId.size == 0, return DummySubIds slotIdx=0
12-15 02:27:48.458 D/DCT     ( 3994): [0]isDataAllowed: not allowed due to - Attached= false - SIM not loaded - SIM not loaded and not NV subscription - defaultDataSelected= false
12-15 02:27:48.459 D/SubscriptionController( 3994): getSimStateForSlotIdx:  simState=NOT_READY ordinal=6
12-15 02:27:48.459 D/SubscriptionManager( 4106): getSimStateForSubscriber: simState=6 slotIdx=0
12-15 02:27:48.459 D/SubscriptionController( 3994): [getPhoneId]- invalid subId return=-1
12-15 02:27:48.459 D/SubscriptionController( 3994): [getSubId]- sSlotIdxToSubId.size == 0, return DummySubIds slotIdx=0
12-15 02:27:48.459 D/DCT     ( 3994): [0]isDataAllowed: not allowed due to - Attached= false - SIM not loaded - SIM not loaded and not NV subscription - defaultDataSelected= false
12-15 02:27:48.459 D/SubscriptionController( 3994): getSimStateForSlotIdx:  simState=NOT_READY ordinal=6
12-15 02:27:48.460 D/SubscriptionManager( 4106): getSimStateForSubscriber: simState=6 slotIdx=0
12-15 02:27:48.460 D/SubscriptionController( 3994): [getPhoneId]- invalid subId return=-1
12-15 02:27:48.461 D/SubscriptionController( 3994): [getSubId]- sSlotIdxToSubId.size == 0, return DummySubIds slotIdx=0
12-15 02:27:48.461 D/DCT     ( 3994): [0]isDataAllowed: not allowed due to - Attached= false - SIM not loaded - SIM not loaded and not NV subscription - defaultDataSelected= false
12-15 02:27:48.461 D/SubscriptionController( 3994): getSimStateForSlotIdx:  simState=NOT_READY ordinal=6
12-15 02:27:48.461 D/SubscriptionManager( 4106): getSimStateForSubscriber: simState=6 slotIdx=0
12-15 02:27:48.462 D/SubscriptionController( 3994): [getPhoneId]- invalid subId return=-1
12-15 02:27:48.462 D/SubscriptionController( 3994): [getSubId]- sSlotIdxToSubId.size == 0, return DummySubIds slotIdx=0
12-15 02:27:48.462 D/DCT     ( 3994): [0]isDataAllowed: not allowed due to - Attached= false - SIM not loaded - SIM not loaded and not NV subscription - defaultDataSelected= false
12-15 02:27:48.462 D/SubscriptionController( 3994): getSimStateForSlotIdx:  simState=NOT_READY ordinal=6
12-15 02:27:48.463 D/SubscriptionManager( 4106): getSimStateForSubscriber: simState=6 slotIdx=0
12-15 02:27:48.463 D/SubscriptionController( 3994): [getPhoneId]- invalid subId return=-1
12-15 02:27:48.463 D/SubscriptionController( 3994): [getSubId]- sSlotIdxToSubId.size == 0, return DummySubIds slotIdx=0
12-15 02:27:48.463 D/SubscriptionController( 3994): [getPhoneId]- invalid subId return=-1
12-15 02:27:48.464 D/SubscriptionController( 3994): getSimStateForSlotIdx:  simState=NOT_READY ordinal=6
12-15 02:27:48.464 D/SubscriptionManager( 4106): getSimStateForSubscriber: simState=6 slotIdx=0
12-15 02:27:48.464 D/SubscriptionController( 3994): [getSubId]- sSlotIdxToSubId.size == 0, return DummySubIds slotIdx=0
12-15 02:27:48.464 D/SubscriptionController( 3994): getSimStateForSlotIdx:  simState=NOT_READY ordinal=6
12-15 02:27:48.464 D/DCT     ( 3994): [0]isDataAllowed: not allowed due to - Attached= false - SIM not loaded - SIM not loaded and not NV subscription - defaultDataSelected= false
12-15 02:27:48.464 D/SubscriptionManager( 4106): getSimStateForSubscriber: simState=6 slotIdx=0
12-15 02:27:48.465 D/SubscriptionController( 3994): [getPhoneId]- invalid subId return=-1
12-15 02:27:48.465 D/SubscriptionController( 3994): [getSubId]- sSlotIdxToSubId.size == 0, return DummySubIds slotIdx=0
12-15 02:27:48.465 D/SubscriptionController( 3994): getSimStateForSlotIdx:  simState=NOT_READY ordinal=6
12-15 02:27:48.465 D/DCT     ( 3994): [0]isDataAllowed: not allowed due to - Attached= false - SIM not loaded - SIM not loaded and not NV subscription - defaultDataSelected= false
12-15 02:27:48.465 D/SubscriptionManager( 4106): getSimStateForSubscriber: simState=6 slotIdx=0
12-15 02:27:48.465 D/SubscriptionController( 3994): [getPhoneId]- invalid subId return=-1
12-15 02:27:48.466 D/SubscriptionController( 3994): [getSubId]- sSlotIdxToSubId.size == 0, return DummySubIds slotIdx=0
12-15 02:27:48.466 D/DCT     ( 3994): [0]isDataAllowed: not allowed due to - Attached= false - SIM not loaded - SIM not loaded and not NV subscription - defaultDataSelected= false
12-15 02:27:48.466 D/SubscriptionController( 3994): getSimStateForSlotIdx:  simState=NOT_READY ordinal=6
12-15 02:27:48.466 D/SubscriptionManager( 4106): getSimStateForSubscriber: simState=6 slotIdx=0
12-15 02:27:48.466 D/SubscriptionController( 3994): [getPhoneId]- invalid subId return=-1
12-15 02:27:48.467 D/DCT     ( 3994): [0]handleMessage msg={ when=-269ms what=270348 obj=android.os.AsyncResult@8fbbfa5 target=com.android.internal.telephony.dataconnection.DcTracker }
12-15 02:27:48.467 D/DCT     ( 3994): [0]onRoamingOff
12-15 02:27:48.467 D/SubscriptionController( 3994): [getSubId]- sSlotIdxToSubId.size == 0, return DummySubIds slotIdx=0
12-15 02:27:48.467 D/DCT     ( 3994): [0]getDataOnRoamingEnabled: phoneSubId=-2 isDataRoamingEnabled=false
12-15 02:27:48.467 D/SubscriptionController( 3994): [getSubId]- sSlotIdxToSubId.size == 0, return DummySubIds slotIdx=0
12-15 02:27:48.467 D/SubscriptionController( 3994): getSimStateForSlotIdx:  simState=NOT_READY ordinal=6
12-15 02:27:48.467 D/SubscriptionManager( 4106): getSimStateForSubscriber: simState=6 slotIdx=0
12-15 02:27:48.467 D/DCT     ( 3994): [0]isDataAllowed: not allowed due to - Attached= false - SIM not loaded - SIM not loaded and not NV subscription - defaultDataSelected= false
12-15 02:27:48.467 D/SubscriptionController( 3994): [getPhoneId]- invalid subId return=-1
12-15 02:27:48.468 D/SubscriptionController( 3994): [getSubId]- sSlotIdxToSubId.size == 0, return DummySubIds slotIdx=0
12-15 02:27:48.468 D/DCT     ( 3994): [0]isDataAllowed: not allowed due to - Attached= false - SIM not loaded - SIM not loaded and not NV subscription - defaultDataSelected= false
12-15 02:27:48.468 D/SubscriptionController( 3994): getSimStateForSlotIdx:  simState=NOT_READY ordinal=6
12-15 02:27:48.468 D/SubscriptionManager( 4106): getSimStateForSubscriber: simState=6 slotIdx=0
12-15 02:27:48.468 D/SubscriptionController( 3994): [getPhoneId]- invalid subId return=-1
12-15 02:27:48.469 D/SubscriptionController( 3994): [getSubId]- sSlotIdxToSubId.size == 0, return DummySubIds slotIdx=0
12-15 02:27:48.469 D/DCT     ( 3994): [0]isDataAllowed: not allowed due to - Attached= false - SIM not loaded - SIM not loaded and not NV subscription - defaultDataSelected= false
12-15 02:27:48.469 D/SubscriptionController( 3994): getSimStateForSlotIdx:  simState=NOT_READY ordinal=6
12-15 02:27:48.469 D/SubscriptionController( 3994): [getPhoneId]- invalid subId return=-1
12-15 02:27:48.469 D/SubscriptionManager( 4106): getSimStateForSubscriber: simState=6 slotIdx=0
12-15 02:27:48.470 D/SubscriptionController( 3994): [getSubId]- sSlotIdxToSubId.size == 0, return DummySubIds slotIdx=0
12-15 02:27:48.470 D/SubscriptionController( 3994): getSimStateForSlotIdx:  simState=NOT_READY ordinal=6
12-15 02:27:48.470 D/DCT     ( 3994): [0]isDataAllowed: not allowed due to - Attached= false - SIM not loaded - SIM not loaded and not NV subscription - defaultDataSelected= false
12-15 02:27:48.470 D/SubscriptionManager( 4106): getSimStateForSubscriber: simState=6 slotIdx=0
12-15 02:27:48.470 D/SubscriptionController( 3994): [getPhoneId]- invalid subId return=-1
12-15 02:27:48.471 D/SubscriptionController( 3994): [getSubId]- sSlotIdxToSubId.size == 0, return DummySubIds slotIdx=0
12-15 02:27:48.471 D/SubscriptionController( 3994): getSimStateForSlotIdx:  simState=NOT_READY ordinal=6
12-15 02:27:48.471 D/DCT     ( 3994): [0]isDataAllowed: not allowed due to - Attached= false - SIM not loaded - SIM not loaded and not NV subscription - defaultDataSelected= false
12-15 02:27:48.471 D/SubscriptionManager( 4106): getSimStateForSubscriber: simState=6 slotIdx=0
12-15 02:27:48.471 D/SubscriptionController( 3994): [getPhoneId]- invalid subId return=-1
12-15 02:27:48.472 D/SubscriptionController( 3994): [getSubId]- sSlotIdxToSubId.size == 0, return DummySubIds slotIdx=0
12-15 02:27:48.472 D/DCT     ( 3994): [0]isDataAllowed: not allowed due to - Attached= false - SIM not loaded - SIM not loaded and not NV subscription - defaultDataSelected= false
12-15 02:27:48.472 D/SubscriptionController( 3994): getSimStateForSlotIdx:  simState=NOT_READY ordinal=6
12-15 02:27:48.472 D/SubscriptionManager( 4106): getSimStateForSubscriber: simState=6 slotIdx=0
12-15 02:27:48.472 D/SubscriptionController( 3994): [getPhoneId]- invalid subId return=-1
12-15 02:27:48.472 D/SubscriptionController( 3994): [getSubId]- sSlotIdxToSubId.size == 0, return DummySubIds slotIdx=0
12-15 02:27:48.473 D/SubscriptionController( 3994): getSimStateForSlotIdx:  simState=NOT_READY ordinal=6
12-15 02:27:48.473 D/SubscriptionManager( 4106): getSimStateForSubscriber: simState=6 slotIdx=0
12-15 02:27:48.473 D/SubscriptionController( 3994): [getPhoneId]- invalid subId return=-1
12-15 02:27:48.474 D/SubscriptionController( 3994): [getSubId]- sSlotIdxToSubId.size == 0, return DummySubIds slotIdx=0
12-15 02:27:48.474 D/DCT     ( 3994): [0]isDataAllowed: not allowed due to - Attached= false - SIM not loaded - SIM not loaded and not NV subscription - defaultDataSelected= false
12-15 02:27:48.474 D/SubscriptionController( 3994): getSimStateForSlotIdx:  simState=NOT_READY ordinal=6
12-15 02:27:48.474 D/SubscriptionController( 3994): [getPhoneId]- invalid subId return=-1
12-15 02:27:48.474 D/SubscriptionManager( 4106): getSimStateForSubscriber: simState=6 slotIdx=0
12-15 02:27:48.475 D/SubscriptionController( 3994): [getSubId]- sSlotIdxToSubId.size == 0, return DummySubIds slotIdx=0
12-15 02:27:48.475 D/DCT     ( 3994): [0]isDataAllowed: not allowed due to - Attached= false - SIM not loaded - SIM not loaded and not NV subscription - defaultDataSelected= false
12-15 02:27:48.475 D/SubscriptionController( 3994): getSimStateForSlotIdx:  simState=NOT_READY ordinal=6
12-15 02:27:48.475 D/SubscriptionManager( 4106): getSimStateForSubscriber: simState=6 slotIdx=0
12-15 02:27:48.475 D/SubscriptionController( 3994): [getPhoneId]- invalid subId return=-1
12-15 02:27:48.476 D/SubscriptionController( 3994): [getSubId]- sSlotIdxToSubId.size == 0, return DummySubIds slotIdx=0
12-15 02:27:48.476 D/DCT     ( 3994): [0]isDataAllowed: not allowed due to - Attached= false - SIM not loaded - SIM not loaded and not NV subscription - defaultDataSelected= false
12-15 02:27:48.476 D/SubscriptionController( 3994): [getPhoneId]- invalid subId return=-1
12-15 02:27:48.476 D/SubscriptionController( 3994): getSimStateForSlotIdx:  simState=NOT_READY ordinal=6
12-15 02:27:48.476 D/SubscriptionManager( 4106): getSimStateForSubscriber: simState=6 slotIdx=0
12-15 02:27:48.477 D/DCT     ( 3994): [0]setupDataOnConnectableApns: roamingOff
12-15 02:27:48.477 D/DCT     ( 3994): [0]setupDataOnConnectableApns: apnContext {mApnType=hipri mState=IDLE mWaitingApns={null} mWaitingApnsPermanentFailureCountDown=0 mApnSetting={null} mReason=radioTurnedOff mDataEnabled=false mDependencyMet=true}
12-15 02:27:48.477 D/DCT     ( 3994): [0]setupDataOnConnectableApns: apnContext {mApnType=mms mState=IDLE mWaitingApns={null} mWaitingApnsPermanentFailureCountDown=0 mApnSetting={null} mReason=radioTurnedOff mDataEnabled=false mDependencyMet=true}
12-15 02:27:48.477 D/DCT     ( 3994): [0]setupDataOnConnectableApns: apnContext {mApnType=supl mState=IDLE mWaitingApns={null} mWaitingApnsPermanentFailureCountDown=0 mApnSetting={null} mReason=radioTurnedOff mDataEnabled=false mDependencyMet=true}
12-15 02:27:48.477 D/DCT     ( 3994): [0]setupDataOnConnectableApns: apnContext {mApnType=cbs mState=IDLE mWaitingApns={null} mWaitingApnsPermanentFailureCountDown=0 mApnSetting={null} mReason=radioTurnedOff mDataEnabled=false mDependencyMet=true}
12-15 02:27:48.477 D/DCT     ( 3994): [0]setupDataOnConnectableApns: apnContext {mApnType=dun mState=IDLE mWaitingApns={null} mWaitingApnsPermanentFailureCountDown=0 mApnSetting={null} mReason=radioTurnedOff mDataEnabled=false mDependencyMet=true}
